[2023-11-15T22:05:54.446+0000][7][gc] Using G1
[2023-11-15T22:05:54.599+0000][7][gc,init] Version: 17.0.1+12 (release)
[2023-11-15T22:05:54.600+0000][7][gc,init] CPUs: 8 total, 8 available
[2023-11-15T22:05:54.600+0000][7][gc,init] Memory: 7659M
[2023-11-15T22:05:54.600+0000][7][gc,init] Large Page Support: Disabled
[2023-11-15T22:05:54.600+0000][7][gc,init] NUMA Support: Disabled
[2023-11-15T22:05:54.600+0000][7][gc,init] Compressed Oops: Enabled (32-bit)
[2023-11-15T22:05:54.600+0000][7][gc,init] Heap Region Size: 4M
[2023-11-15T22:05:54.600+0000][7][gc,init] Heap Min Capacity: 512M
[2023-11-15T22:05:54.600+0000][7][gc,init] Heap Initial Capacity: 512M
[2023-11-15T22:05:54.600+0000][7][gc,init] Heap Max Capacity: 512M
[2023-11-15T22:05:54.600+0000][7][gc,init] Pre-touch: Enabled
[2023-11-15T22:05:54.600+0000][7][gc,init] Parallel Workers: 8
[2023-11-15T22:05:54.600+0000][7][gc,init] Concurrent Workers: 2
[2023-11-15T22:05:54.600+0000][7][gc,init] Concurrent Refinement Workers: 8
[2023-11-15T22:05:54.600+0000][7][gc,init] Periodic GC: Disabled
[2023-11-15T22:05:54.600+0000][7][gc,metaspace] CDS archive(s) mapped at: [0x0000000800000000-0x0000000800bd1000-0x0000000800bd1000), size 12390400, SharedBaseAddress: 0x0000000800000000, ArchiveRelocationMode: 0.
[2023-11-15T22:05:54.600+0000][7][gc,metaspace] Compressed class space mapped at: 0x0000000800c00000-0x0000000840c00000, reserved size: 1073741824
[2023-11-15T22:05:54.600+0000][7][gc,metaspace] Narrow klass base: 0x0000000800000000, Narrow klass shift: 0, Narrow klass range: 0x100000000
[2023-11-15T22:05:55.891+0000][7][safepoint   ] Safepoint "Cleanup", Time since last: 1237122140 ns, Reaching safepoint: 66778 ns, At safepoint: 3240 ns, Total: 70018 ns
[2023-11-15T22:05:57.003+0000][7][safepoint   ] Safepoint "Cleanup", Time since last: 1112548093 ns, Reaching safepoint: 137256 ns, At safepoint: 3340 ns, Total: 140596 ns
[2023-11-15T22:05:58.321+0000][7][safepoint   ] Safepoint "Cleanup", Time since last: 1317959867 ns, Reaching safepoint: 102913 ns, At safepoint: 5216 ns, Total: 108129 ns
[2023-11-15T22:05:58.462+0000][7][gc,start    ] GC(0) Pause Young (Normal) (G1 Evacuation Pause)
[2023-11-15T22:05:58.462+0000][7][gc,task     ] GC(0) Using 8 workers of 8 for evacuation
[2023-11-15T22:05:58.462+0000][7][gc,age      ] GC(0) Desired survivor size 2097152 bytes, new threshold 15 (max threshold 15)
[2023-11-15T22:05:58.466+0000][7][gc,age      ] GC(0) Age table with threshold 15 (max threshold 15)
[2023-11-15T22:05:58.466+0000][7][gc,age      ] GC(0) - age   1:    4072536 bytes,    4072536 total
[2023-11-15T22:05:58.466+0000][7][gc,phases   ] GC(0)   Pre Evacuate Collection Set: 0.1ms
[2023-11-15T22:05:58.466+0000][7][gc,phases   ] GC(0)   Merge Heap Roots: 0.0ms
[2023-11-15T22:05:58.466+0000][7][gc,phases   ] GC(0)   Evacuate Collection Set: 2.7ms
[2023-11-15T22:05:58.466+0000][7][gc,phases   ] GC(0)   Post Evacuate Collection Set: 0.6ms
[2023-11-15T22:05:58.466+0000][7][gc,phases   ] GC(0)   Other: 0.2ms
[2023-11-15T22:05:58.466+0000][7][gc,heap     ] GC(0) Eden regions: 6->0(6)
[2023-11-15T22:05:58.466+0000][7][gc,heap     ] GC(0) Survivor regions: 0->1(1)
[2023-11-15T22:05:58.466+0000][7][gc,heap     ] GC(0) Old regions: 0->1
[2023-11-15T22:05:58.466+0000][7][gc,heap     ] GC(0) Archive regions: 2->2
[2023-11-15T22:05:58.466+0000][7][gc,heap     ] GC(0) Humongous regions: 0->0
[2023-11-15T22:05:58.466+0000][7][gc,metaspace] GC(0) Metaspace: 7550K(7744K)->7550K(7744K) NonClass: 6680K(6784K)->6680K(6784K) Class: 870K(960K)->870K(960K)
[2023-11-15T22:05:58.466+0000][7][gc          ] GC(0) Pause Young (Normal) (G1 Evacuation Pause) 27M->7M(512M) 3.638ms
[2023-11-15T22:05:58.466+0000][7][gc,cpu      ] GC(0) User=0.01s Sys=0.01s Real=0.01s
[2023-11-15T22:05:58.466+0000][7][safepoint   ] Safepoint "G1CollectForAllocation", Time since last: 139139002 ns, Reaching safepoint: 51812 ns, At safepoint: 5267547 ns, Total: 5319359 ns
[2023-11-15T22:06:00.099+0000][7][safepoint   ] Safepoint "Cleanup", Time since last: 1632953519 ns, Reaching safepoint: 173568 ns, At safepoint: 9362 ns, Total: 182930 ns
[2023-11-15T22:06:01.170+0000][7][safepoint   ] Safepoint "Cleanup", Time since last: 1071181738 ns, Reaching safepoint: 158358 ns, At safepoint: 5212 ns, Total: 163570 ns
[2023-11-15T22:06:01.445+0000][7][gc,start    ] GC(1) Pause Young (Normal) (G1 Evacuation Pause)
[2023-11-15T22:06:01.445+0000][7][gc,task     ] GC(1) Using 8 workers of 8 for evacuation
[2023-11-15T22:06:01.445+0000][7][gc,age      ] GC(1) Desired survivor size 2097152 bytes, new threshold 1 (max threshold 15)
[2023-11-15T22:06:01.451+0000][7][gc,age      ] GC(1) Age table with threshold 1 (max threshold 15)
[2023-11-15T22:06:01.451+0000][7][gc,age      ] GC(1) - age   1:    2360864 bytes,    2360864 total
[2023-11-15T22:06:01.451+0000][7][gc,phases   ] GC(1)   Pre Evacuate Collection Set: 0.1ms
[2023-11-15T22:06:01.451+0000][7][gc,phases   ] GC(1)   Merge Heap Roots: 0.0ms
[2023-11-15T22:06:01.451+0000][7][gc,phases   ] GC(1)   Evacuate Collection Set: 5.3ms
[2023-11-15T22:06:01.451+0000][7][gc,phases   ] GC(1)   Post Evacuate Collection Set: 0.9ms
[2023-11-15T22:06:01.451+0000][7][gc,phases   ] GC(1)   Other: 0.2ms
[2023-11-15T22:06:01.451+0000][7][gc,heap     ] GC(1) Eden regions: 6->0(16)
[2023-11-15T22:06:01.451+0000][7][gc,heap     ] GC(1) Survivor regions: 1->1(1)
[2023-11-15T22:06:01.451+0000][7][gc,heap     ] GC(1) Old regions: 1->1
[2023-11-15T22:06:01.451+0000][7][gc,heap     ] GC(1) Archive regions: 2->2
[2023-11-15T22:06:01.451+0000][7][gc,heap     ] GC(1) Humongous regions: 0->0
[2023-11-15T22:06:01.451+0000][7][gc,metaspace] GC(1) Metaspace: 12394K(12608K)->12394K(12608K) NonClass: 10900K(11008K)->10900K(11008K) Class: 1493K(1600K)->1493K(1600K)
[2023-11-15T22:06:01.451+0000][7][gc          ] GC(1) Pause Young (Normal) (G1 Evacuation Pause) 31M->10M(512M) 6.602ms
[2023-11-15T22:06:01.451+0000][7][gc,cpu      ] GC(1) User=0.02s Sys=0.01s Real=0.01s
[2023-11-15T22:06:01.451+0000][7][safepoint   ] Safepoint "G1CollectForAllocation", Time since last: 274304383 ns, Reaching safepoint: 76514 ns, At safepoint: 6689433 ns, Total: 6765947 ns
[2023-11-15T22:06:02.988+0000][7][safepoint   ] Safepoint "Cleanup", Time since last: 1536269605 ns, Reaching safepoint: 223490 ns, At safepoint: 10600 ns, Total: 234090 ns
[2023-11-15T22:06:03.297+0000][7][gc,start    ] GC(2) Pause Young (Normal) (G1 Evacuation Pause)
[2023-11-15T22:06:03.297+0000][7][gc,task     ] GC(2) Using 8 workers of 8 for evacuation
[2023-11-15T22:06:03.297+0000][7][gc,age      ] GC(2) Desired survivor size 6291456 bytes, new threshold 15 (max threshold 15)
[2023-11-15T22:06:03.306+0000][7][gc,age      ] GC(2) Age table with threshold 15 (max threshold 15)
[2023-11-15T22:06:03.306+0000][7][gc,age      ] GC(2) - age   1:    2939864 bytes,    2939864 total
[2023-11-15T22:06:03.306+0000][7][gc,age      ] GC(2) - age   2:    2326480 bytes,    5266344 total
[2023-11-15T22:06:03.306+0000][7][gc,phases   ] GC(2)   Pre Evacuate Collection Set: 0.1ms
[2023-11-15T22:06:03.306+0000][7][gc,phases   ] GC(2)   Merge Heap Roots: 0.0ms
[2023-11-15T22:06:03.306+0000][7][gc,phases   ] GC(2)   Evacuate Collection Set: 7.7ms
[2023-11-15T22:06:03.306+0000][7][gc,phases   ] GC(2)   Post Evacuate Collection Set: 1.0ms
[2023-11-15T22:06:03.306+0000][7][gc,phases   ] GC(2)   Other: 0.2ms
[2023-11-15T22:06:03.306+0000][7][gc,heap     ] GC(2) Eden regions: 16->0(74)
[2023-11-15T22:06:03.306+0000][7][gc,heap     ] GC(2) Survivor regions: 1->2(3)
[2023-11-15T22:06:03.306+0000][7][gc,heap     ] GC(2) Old regions: 1->1
[2023-11-15T22:06:03.306+0000][7][gc,heap     ] GC(2) Archive regions: 2->2
[2023-11-15T22:06:03.306+0000][7][gc,heap     ] GC(2) Humongous regions: 0->0
[2023-11-15T22:06:03.306+0000][7][gc,metaspace] GC(2) Metaspace: 14451K(14720K)->14451K(14720K) NonClass: 12777K(12928K)->12777K(12928K) Class: 1673K(1792K)->1673K(1792K)
[2023-11-15T22:06:03.306+0000][7][gc          ] GC(2) Pause Young (Normal) (G1 Evacuation Pause) 74M->13M(512M) 9.125ms
[2023-11-15T22:06:03.306+0000][7][gc,cpu      ] GC(2) User=0.03s Sys=0.00s Real=0.01s
[2023-11-15T22:06:03.306+0000][7][safepoint   ] Safepoint "G1CollectForAllocation", Time since last: 309105688 ns, Reaching safepoint: 93679 ns, At safepoint: 9221856 ns, Total: 9315535 ns
[2023-11-15T22:06:04.264+0000][7][safepoint   ] Safepoint "ICBufferFull", Time since last: 957620993 ns, Reaching safepoint: 138512 ns, At safepoint: 5597 ns, Total: 144109 ns
[2023-11-15T22:06:04.266+0000][7][safepoint   ] Safepoint "ICBufferFull", Time since last: 1474862 ns, Reaching safepoint: 116462 ns, At safepoint: 5350 ns, Total: 121812 ns
[2023-11-15T22:06:04.275+0000][7][safepoint   ] Safepoint "ICBufferFull", Time since last: 9104385 ns, Reaching safepoint: 33772 ns, At safepoint: 3853 ns, Total: 37625 ns
[2023-11-15T22:06:04.278+0000][7][safepoint   ] Safepoint "ICBufferFull", Time since last: 3138550 ns, Reaching safepoint: 34780 ns, At safepoint: 3679 ns, Total: 38459 ns
[2023-11-15T22:06:04.279+0000][7][safepoint   ] Safepoint "ICBufferFull", Time since last: 1159498 ns, Reaching safepoint: 54137 ns, At safepoint: 4102 ns, Total: 58239 ns
[2023-11-15T22:06:04.672+0000][7][safepoint   ] Safepoint "ICBufferFull", Time since last: 392336468 ns, Reaching safepoint: 148729 ns, At safepoint: 5107 ns, Total: 153836 ns
[2023-11-15T22:06:05.556+0000][7][gc,start    ] GC(3) Pause Young (Normal) (G1 Evacuation Pause)
[2023-11-15T22:06:05.556+0000][7][gc,task     ] GC(3) Using 8 workers of 8 for evacuation
[2023-11-15T22:06:05.556+0000][7][gc,age      ] GC(3) Desired survivor size 20971520 bytes, new threshold 15 (max threshold 15)
[2023-11-15T22:06:05.572+0000][7][gc,age      ] GC(3) Age table with threshold 15 (max threshold 15)
[2023-11-15T22:06:05.572+0000][7][gc,age      ] GC(3) - age   1:    4934248 bytes,    4934248 total
[2023-11-15T22:06:05.572+0000][7][gc,age      ] GC(3) - age   2:    1167760 bytes,    6102008 total
[2023-11-15T22:06:05.572+0000][7][gc,age      ] GC(3) - age   3:    2315080 bytes,    8417088 total
[2023-11-15T22:06:05.572+0000][7][gc,phases   ] GC(3)   Pre Evacuate Collection Set: 0.1ms
[2023-11-15T22:06:05.572+0000][7][gc,phases   ] GC(3)   Merge Heap Roots: 0.1ms
[2023-11-15T22:06:05.572+0000][7][gc,phases   ] GC(3)   Evacuate Collection Set: 14.7ms
[2023-11-15T22:06:05.572+0000][7][gc,phases   ] GC(3)   Post Evacuate Collection Set: 1.2ms
[2023-11-15T22:06:05.572+0000][7][gc,phases   ] GC(3)   Other: 0.3ms
[2023-11-15T22:06:05.572+0000][7][gc,heap     ] GC(3) Eden regions: 74->0(73)
[2023-11-15T22:06:05.572+0000][7][gc,heap     ] GC(3) Survivor regions: 2->3(10)
[2023-11-15T22:06:05.572+0000][7][gc,heap     ] GC(3) Old regions: 1->1
[2023-11-15T22:06:05.572+0000][7][gc,heap     ] GC(3) Archive regions: 2->2
[2023-11-15T22:06:05.572+0000][7][gc,heap     ] GC(3) Humongous regions: 0->0
[2023-11-15T22:06:05.572+0000][7][gc,metaspace] GC(3) Metaspace: 17622K(17856K)->17622K(17856K) NonClass: 15489K(15616K)->15489K(15616K) Class: 2133K(2240K)->2133K(2240K)
[2023-11-15T22:06:05.572+0000][7][gc          ] GC(3) Pause Young (Normal) (G1 Evacuation Pause) 309M->16M(512M) 16.374ms
[2023-11-15T22:06:05.572+0000][7][gc,cpu      ] GC(3) User=0.05s Sys=0.00s Real=0.01s
[2023-11-15T22:06:05.572+0000][7][safepoint   ] Safepoint "G1CollectForAllocation", Time since last: 883947713 ns, Reaching safepoint: 92267 ns, At safepoint: 16451029 ns, Total: 16543296 ns
[2023-11-15T22:06:06.572+0000][7][safepoint   ] Safepoint "Cleanup", Time since last: 1000100613 ns, Reaching safepoint: 125074 ns, At safepoint: 7738 ns, Total: 132812 ns
[2023-11-15T22:06:07.213+0000][7][gc,start    ] GC(4) Pause Young (Normal) (G1 Evacuation Pause)
[2023-11-15T22:06:07.213+0000][7][gc,task     ] GC(4) Using 8 workers of 8 for evacuation
[2023-11-15T22:06:07.213+0000][7][gc,age      ] GC(4) Desired survivor size 20971520 bytes, new threshold 15 (max threshold 15)
[2023-11-15T22:06:07.231+0000][7][gc,age      ] GC(4) Age table with threshold 15 (max threshold 15)
[2023-11-15T22:06:07.231+0000][7][gc,age      ] GC(4) - age   1:    5456672 bytes,    5456672 total
[2023-11-15T22:06:07.231+0000][7][gc,age      ] GC(4) - age   2:    4236208 bytes,    9692880 total
[2023-11-15T22:06:07.231+0000][7][gc,age      ] GC(4) - age   3:    1167680 bytes,   10860560 total
[2023-11-15T22:06:07.231+0000][7][gc,age      ] GC(4) - age   4:    2315080 bytes,   13175640 total
[2023-11-15T22:06:07.231+0000][7][gc,phases   ] GC(4)   Pre Evacuate Collection Set: 0.1ms
[2023-11-15T22:06:07.231+0000][7][gc,phases   ] GC(4)   Merge Heap Roots: 0.1ms
[2023-11-15T22:06:07.231+0000][7][gc,phases   ] GC(4)   Evacuate Collection Set: 16.7ms
[2023-11-15T22:06:07.231+0000][7][gc,phases   ] GC(4)   Post Evacuate Collection Set: 0.9ms
[2023-11-15T22:06:07.231+0000][7][gc,phases   ] GC(4)   Other: 0.4ms
[2023-11-15T22:06:07.231+0000][7][gc,heap     ] GC(4) Eden regions: 73->0(72)
[2023-11-15T22:06:07.231+0000][7][gc,heap     ] GC(4) Survivor regions: 3->4(10)
[2023-11-15T22:06:07.232+0000][7][gc,heap     ] GC(4) Old regions: 1->1
[2023-11-15T22:06:07.232+0000][7][gc,heap     ] GC(4) Archive regions: 2->2
[2023-11-15T22:06:07.232+0000][7][gc,heap     ] GC(4) Humongous regions: 0->0
[2023-11-15T22:06:07.232+0000][7][gc,metaspace] GC(4) Metaspace: 18613K(19008K)->18613K(19008K) NonClass: 16370K(16576K)->16370K(16576K) Class: 2242K(2432K)->2242K(2432K)
[2023-11-15T22:06:07.232+0000][7][gc          ] GC(4) Pause Young (Normal) (G1 Evacuation Pause) 308M->20M(512M) 18.293ms
[2023-11-15T22:06:07.232+0000][7][gc,cpu      ] GC(4) User=0.04s Sys=0.00s Real=0.02s
[2023-11-15T22:06:07.232+0000][7][safepoint   ] Safepoint "G1CollectForAllocation", Time since last: 640551487 ns, Reaching safepoint: 232269 ns, At safepoint: 18456763 ns, Total: 18689032 ns
[2023-11-15T22:06:08.249+0000][7][gc,start    ] GC(5) Pause Young (Normal) (G1 Evacuation Pause)
[2023-11-15T22:06:08.249+0000][7][gc,task     ] GC(5) Using 8 workers of 8 for evacuation
[2023-11-15T22:06:08.249+0000][7][gc,age      ] GC(5) Desired survivor size 20971520 bytes, new threshold 15 (max threshold 15)
[2023-11-15T22:06:08.258+0000][7][gc,age      ] GC(5) Age table with threshold 15 (max threshold 15)
[2023-11-15T22:06:08.258+0000][7][gc,age      ] GC(5) - age   1:    1404528 bytes,    1404528 total
[2023-11-15T22:06:08.258+0000][7][gc,age      ] GC(5) - age   2:    3462416 bytes,    4866944 total
[2023-11-15T22:06:08.258+0000][7][gc,age      ] GC(5) - age   3:    4234848 bytes,    9101792 total
[2023-11-15T22:06:08.258+0000][7][gc,age      ] GC(5) - age   4:    1167552 bytes,   10269344 total
[2023-11-15T22:06:08.258+0000][7][gc,age      ] GC(5) - age   5:    2312472 bytes,   12581816 total
[2023-11-15T22:06:08.258+0000][7][gc,phases   ] GC(5)   Pre Evacuate Collection Set: 0.1ms
[2023-11-15T22:06:08.258+0000][7][gc,phases   ] GC(5)   Merge Heap Roots: 0.1ms
[2023-11-15T22:06:08.258+0000][7][gc,phases   ] GC(5)   Evacuate Collection Set: 7.8ms
[2023-11-15T22:06:08.258+0000][7][gc,phases   ] GC(5)   Post Evacuate Collection Set: 0.6ms
[2023-11-15T22:06:08.258+0000][7][gc,phases   ] GC(5)   Other: 0.2ms
[2023-11-15T22:06:08.258+0000][7][gc,heap     ] GC(5) Eden regions: 72->0(72)
[2023-11-15T22:06:08.258+0000][7][gc,heap     ] GC(5) Survivor regions: 4->4(10)
[2023-11-15T22:06:08.258+0000][7][gc,heap     ] GC(5) Old regions: 1->1
[2023-11-15T22:06:08.258+0000][7][gc,heap     ] GC(5) Archive regions: 2->2
[2023-11-15T22:06:08.258+0000][7][gc,heap     ] GC(5) Humongous regions: 0->0
[2023-11-15T22:06:08.258+0000][7][gc,metaspace] GC(5) Metaspace: 19091K(19584K)->19091K(19584K) NonClass: 16765K(17024K)->16765K(17024K) Class: 2326K(2560K)->2326K(2560K)
[2023-11-15T22:06:08.258+0000][7][gc          ] GC(5) Pause Young (Normal) (G1 Evacuation Pause) 308M->20M(512M) 8.788ms
[2023-11-15T22:06:08.258+0000][7][gc,cpu      ] GC(5) User=0.03s Sys=0.01s Real=0.01s
[2023-11-15T22:06:08.258+0000][7][safepoint   ] Safepoint "G1CollectForAllocation", Time since last: 1017623150 ns, Reaching safepoint: 135596 ns, At safepoint: 8880217 ns, Total: 9015813 ns
[2023-11-15T22:06:09.384+0000][7][gc,start    ] GC(6) Pause Young (Normal) (G1 Evacuation Pause)
[2023-11-15T22:06:09.384+0000][7][gc,task     ] GC(6) Using 8 workers of 8 for evacuation
[2023-11-15T22:06:09.384+0000][7][gc,age      ] GC(6) Desired survivor size 20971520 bytes, new threshold 15 (max threshold 15)
[2023-11-15T22:06:09.400+0000][7][gc,age      ] GC(6) Age table with threshold 15 (max threshold 15)
[2023-11-15T22:06:09.400+0000][7][gc,age      ] GC(6) - age   1:    2939848 bytes,    2939848 total
[2023-11-15T22:06:09.400+0000][7][gc,age      ] GC(6) - age   2:     414320 bytes,    3354168 total
[2023-11-15T22:06:09.400+0000][7][gc,age      ] GC(6) - age   3:    3461280 bytes,    6815448 total
[2023-11-15T22:06:09.400+0000][7][gc,age      ] GC(6) - age   4:    4229352 bytes,   11044800 total
[2023-11-15T22:06:09.400+0000][7][gc,age      ] GC(6) - age   5:    1166904 bytes,   12211704 total
[2023-11-15T22:06:09.400+0000][7][gc,age      ] GC(6) - age   6:    2311304 bytes,   14523008 total
[2023-11-15T22:06:09.400+0000][7][gc,phases   ] GC(6)   Pre Evacuate Collection Set: 0.1ms
[2023-11-15T22:06:09.400+0000][7][gc,phases   ] GC(6)   Merge Heap Roots: 0.1ms
[2023-11-15T22:06:09.400+0000][7][gc,phases   ] GC(6)   Evacuate Collection Set: 14.6ms
[2023-11-15T22:06:09.400+0000][7][gc,phases   ] GC(6)   Post Evacuate Collection Set: 0.9ms
[2023-11-15T22:06:09.400+0000][7][gc,phases   ] GC(6)   Other: 0.3ms
[2023-11-15T22:06:09.400+0000][7][gc,heap     ] GC(6) Eden regions: 72->0(72)
[2023-11-15T22:06:09.400+0000][7][gc,heap     ] GC(6) Survivor regions: 4->4(10)
[2023-11-15T22:06:09.400+0000][7][gc,heap     ] GC(6) Old regions: 1->1
[2023-11-15T22:06:09.400+0000][7][gc,heap     ] GC(6) Archive regions: 2->2
[2023-11-15T22:06:09.400+0000][7][gc,heap     ] GC(6) Humongous regions: 0->0
[2023-11-15T22:06:09.400+0000][7][gc,metaspace] GC(6) Metaspace: 20224K(20672K)->20224K(20672K) NonClass: 17747K(17984K)->17747K(17984K) Class: 2477K(2688K)->2477K(2688K)
[2023-11-15T22:06:09.400+0000][7][gc          ] GC(6) Pause Young (Normal) (G1 Evacuation Pause) 308M->22M(512M) 16.131ms
[2023-11-15T22:06:09.400+0000][7][gc,cpu      ] GC(6) User=0.04s Sys=0.00s Real=0.02s
[2023-11-15T22:06:09.400+0000][7][safepoint   ] Safepoint "G1CollectForAllocation", Time since last: 1125738703 ns, Reaching safepoint: 122393 ns, At safepoint: 16239056 ns, Total: 16361449 ns
[2023-11-15T22:06:09.910+0000][7][gc,start    ] GC(7) Pause Young (Normal) (G1 Evacuation Pause)
[2023-11-15T22:06:09.910+0000][7][gc,task     ] GC(7) Using 8 workers of 8 for evacuation
[2023-11-15T22:06:09.910+0000][7][gc,age      ] GC(7) Desired survivor size 20971520 bytes, new threshold 15 (max threshold 15)
[2023-11-15T22:06:09.921+0000][7][gc,age      ] GC(7) Age table with threshold 15 (max threshold 15)
[2023-11-15T22:06:09.922+0000][7][gc,age      ] GC(7) - age   1:    1479016 bytes,    1479016 total
[2023-11-15T22:06:09.922+0000][7][gc,age      ] GC(7) - age   2:    2177528 bytes,    3656544 total
[2023-11-15T22:06:09.922+0000][7][gc,age      ] GC(7) - age   3:     413832 bytes,    4070376 total
[2023-11-15T22:06:09.922+0000][7][gc,age      ] GC(7) - age   4:    3460768 bytes,    7531144 total
[2023-11-15T22:06:09.922+0000][7][gc,age      ] GC(7) - age   5:    4229352 bytes,   11760496 total
[2023-11-15T22:06:09.922+0000][7][gc,age      ] GC(7) - age   6:    1166904 bytes,   12927400 total
[2023-11-15T22:06:09.922+0000][7][gc,age      ] GC(7) - age   7:    2311304 bytes,   15238704 total
[2023-11-15T22:06:09.922+0000][7][gc,phases   ] GC(7)   Pre Evacuate Collection Set: 0.1ms
[2023-11-15T22:06:09.922+0000][7][gc,phases   ] GC(7)   Merge Heap Roots: 0.0ms
[2023-11-15T22:06:09.922+0000][7][gc,phases   ] GC(7)   Evacuate Collection Set: 10.1ms
[2023-11-15T22:06:09.922+0000][7][gc,phases   ] GC(7)   Post Evacuate Collection Set: 0.9ms
[2023-11-15T22:06:09.922+0000][7][gc,phases   ] GC(7)   Other: 0.2ms
[2023-11-15T22:06:09.922+0000][7][gc,heap     ] GC(7) Eden regions: 72->0(72)
[2023-11-15T22:06:09.922+0000][7][gc,heap     ] GC(7) Survivor regions: 4->4(10)
[2023-11-15T22:06:09.922+0000][7][gc,heap     ] GC(7) Old regions: 1->1
[2023-11-15T22:06:09.922+0000][7][gc,heap     ] GC(7) Archive regions: 2->2
[2023-11-15T22:06:09.922+0000][7][gc,heap     ] GC(7) Humongous regions: 0->0
[2023-11-15T22:06:09.922+0000][7][gc,metaspace] GC(7) Metaspace: 20338K(20928K)->20338K(20928K) NonClass: 17839K(18176K)->17839K(18176K) Class: 2499K(2752K)->2499K(2752K)
[2023-11-15T22:06:09.922+0000][7][gc          ] GC(7) Pause Young (Normal) (G1 Evacuation Pause) 310M->23M(512M) 11.315ms
[2023-11-15T22:06:09.922+0000][7][gc,cpu      ] GC(7) User=0.03s Sys=0.01s Real=0.01s
[2023-11-15T22:06:09.922+0000][7][safepoint   ] Safepoint "G1CollectForAllocation", Time since last: 509873046 ns, Reaching safepoint: 76591 ns, At safepoint: 11401262 ns, Total: 11477853 ns
[2023-11-15T22:06:10.262+0000][7][gc,start    ] GC(8) Pause Young (Concurrent Start) (Metadata GC Threshold)
[2023-11-15T22:06:10.262+0000][7][gc,task     ] GC(8) Using 8 workers of 8 for evacuation
[2023-11-15T22:06:10.262+0000][7][gc,age      ] GC(8) Desired survivor size 20971520 bytes, new threshold 15 (max threshold 15)
[2023-11-15T22:06:10.271+0000][7][gc,age      ] GC(8) Age table with threshold 15 (max threshold 15)
[2023-11-15T22:06:10.271+0000][7][gc,age      ] GC(8) - age   1:     397768 bytes,     397768 total
[2023-11-15T22:06:10.271+0000][7][gc,age      ] GC(8) - age   2:     668280 bytes,    1066048 total
[2023-11-15T22:06:10.271+0000][7][gc,age      ] GC(8) - age   3:    2165096 bytes,    3231144 total
[2023-11-15T22:06:10.271+0000][7][gc,age      ] GC(8) - age   4:     403248 bytes,    3634392 total
[2023-11-15T22:06:10.271+0000][7][gc,age      ] GC(8) - age   5:    3449576 bytes,    7083968 total
[2023-11-15T22:06:10.271+0000][7][gc,age      ] GC(8) - age   6:    4219024 bytes,   11302992 total
[2023-11-15T22:06:10.271+0000][7][gc,age      ] GC(8) - age   7:    1123184 bytes,   12426176 total
[2023-11-15T22:06:10.271+0000][7][gc,age      ] GC(8) - age   8:    2311128 bytes,   14737304 total
[2023-11-15T22:06:10.271+0000][7][gc,phases   ] GC(8)   Pre Evacuate Collection Set: 0.1ms
[2023-11-15T22:06:10.271+0000][7][gc,phases   ] GC(8)   Merge Heap Roots: 0.0ms
[2023-11-15T22:06:10.271+0000][7][gc,phases   ] GC(8)   Evacuate Collection Set: 8.2ms
[2023-11-15T22:06:10.271+0000][7][gc,phases   ] GC(8)   Post Evacuate Collection Set: 0.7ms
[2023-11-15T22:06:10.271+0000][7][gc,phases   ] GC(8)   Other: 0.3ms
[2023-11-15T22:06:10.271+0000][7][gc,heap     ] GC(8) Eden regions: 6->0(72)
[2023-11-15T22:06:10.271+0000][7][gc,heap     ] GC(8) Survivor regions: 4->4(10)
[2023-11-15T22:06:10.271+0000][7][gc,heap     ] GC(8) Old regions: 1->1
[2023-11-15T22:06:10.271+0000][7][gc,heap     ] GC(8) Archive regions: 2->2
[2023-11-15T22:06:10.271+0000][7][gc,heap     ] GC(8) Humongous regions: 0->0
[2023-11-15T22:06:10.271+0000][7][gc,metaspace] GC(8) Metaspace: 20997K(21504K)->20997K(21504K) NonClass: 18396K(18688K)->18396K(18688K) Class: 2601K(2816K)->2601K(2816K)
[2023-11-15T22:06:10.271+0000][7][gc          ] GC(8) Pause Young (Concurrent Start) (Metadata GC Threshold) 45M->23M(512M) 9.426ms
[2023-11-15T22:06:10.271+0000][7][gc,cpu      ] GC(8) User=0.04s Sys=0.00s Real=0.01s
[2023-11-15T22:06:10.271+0000][7][gc          ] GC(9) Concurrent Mark Cycle
[2023-11-15T22:06:10.271+0000][7][gc,marking  ] GC(9) Concurrent Clear Claimed Marks
[2023-11-15T22:06:10.272+0000][7][safepoint   ] Safepoint "CollectForMetadataAllocation", Time since last: 340076422 ns, Reaching safepoint: 151402 ns, At safepoint: 9571595 ns, Total: 9722997 ns
[2023-11-15T22:06:10.272+0000][7][gc,marking  ] GC(9) Concurrent Clear Claimed Marks 0.038ms
[2023-11-15T22:06:10.272+0000][7][gc,marking  ] GC(9) Concurrent Scan Root Regions
[2023-11-15T22:06:10.277+0000][7][gc,marking  ] GC(9) Concurrent Scan Root Regions 5.372ms
[2023-11-15T22:06:10.277+0000][7][gc,marking  ] GC(9) Concurrent Mark
[2023-11-15T22:06:10.277+0000][7][gc,marking  ] GC(9) Concurrent Mark From Roots
[2023-11-15T22:06:10.277+0000][7][gc,task     ] GC(9) Using 2 workers of 2 for marking
[2023-11-15T22:06:10.281+0000][7][gc,marking  ] GC(9) Concurrent Mark From Roots 4.245ms
[2023-11-15T22:06:10.281+0000][7][gc,marking  ] GC(9) Concurrent Preclean
[2023-11-15T22:06:10.281+0000][7][gc,marking  ] GC(9) Concurrent Preclean 0.084ms
[2023-11-15T22:06:10.281+0000][7][gc,start    ] GC(9) Pause Remark
[2023-11-15T22:06:10.289+0000][7][gc          ] GC(9) Pause Remark 25M->25M(512M) 7.672ms
[2023-11-15T22:06:10.289+0000][7][gc,cpu      ] GC(9) User=0.02s Sys=0.00s Real=0.01s
[2023-11-15T22:06:10.289+0000][7][safepoint   ] Safepoint "G1Concurrent", Time since last: 9868411 ns, Reaching safepoint: 29717 ns, At safepoint: 7788882 ns, Total: 7818599 ns
[2023-11-15T22:06:10.289+0000][7][gc,marking  ] GC(9) Concurrent Mark 12.265ms
[2023-11-15T22:06:10.289+0000][7][gc,marking  ] GC(9) Concurrent Rebuild Remembered Sets
[2023-11-15T22:06:10.289+0000][7][gc,marking  ] GC(9) Concurrent Rebuild Remembered Sets 0.008ms
[2023-11-15T22:06:10.289+0000][7][gc,start    ] GC(9) Pause Cleanup
[2023-11-15T22:06:10.289+0000][7][gc          ] GC(9) Pause Cleanup 25M->25M(512M) 0.020ms
[2023-11-15T22:06:10.289+0000][7][gc,cpu      ] GC(9) User=0.00s Sys=0.00s Real=0.00s
[2023-11-15T22:06:10.289+0000][7][safepoint   ] Safepoint "G1Concurrent", Time since last: 94616 ns, Reaching safepoint: 89149 ns, At safepoint: 50871 ns, Total: 140020 ns
[2023-11-15T22:06:10.289+0000][7][gc,marking  ] GC(9) Concurrent Cleanup for Next Mark
[2023-11-15T22:06:10.290+0000][7][gc,marking  ] GC(9) Concurrent Cleanup for Next Mark 0.729ms
[2023-11-15T22:06:10.290+0000][7][gc          ] GC(9) Concurrent Mark Cycle 18.801ms
[2023-11-15T22:06:11.290+0000][7][safepoint   ] Safepoint "Cleanup", Time since last: 1000085956 ns, Reaching safepoint: 100933 ns, At safepoint: 4379 ns, Total: 105312 ns
[2023-11-15T22:06:11.731+0000][7][safepoint   ] Safepoint "ICBufferFull", Time since last: 441675632 ns, Reaching safepoint: 59576 ns, At safepoint: 4012 ns, Total: 63588 ns
[2023-11-15T22:06:11.733+0000][7][safepoint   ] Safepoint "ICBufferFull", Time since last: 1205762 ns, Reaching safepoint: 46536 ns, At safepoint: 3849 ns, Total: 50385 ns
[2023-11-15T22:06:11.734+0000][7][safepoint   ] Safepoint "ICBufferFull", Time since last: 1041984 ns, Reaching safepoint: 22594 ns, At safepoint: 2392 ns, Total: 24986 ns
[2023-11-15T22:06:11.867+0000][7][safepoint   ] Safepoint "ICBufferFull", Time since last: 132940575 ns, Reaching safepoint: 140976 ns, At safepoint: 4097 ns, Total: 145073 ns
[2023-11-15T22:06:11.868+0000][7][safepoint   ] Safepoint "ICBufferFull", Time since last: 1174847 ns, Reaching safepoint: 28900 ns, At safepoint: 2204 ns, Total: 31104 ns
[2023-11-15T22:06:11.990+0000][7][safepoint   ] Safepoint "ICBufferFull", Time since last: 121982437 ns, Reaching safepoint: 45670 ns, At safepoint: 3707 ns, Total: 49377 ns
[2023-11-15T22:06:12.000+0000][7][safepoint   ] Safepoint "ICBufferFull", Time since last: 10289978 ns, Reaching safepoint: 30042 ns, At safepoint: 2751 ns, Total: 32793 ns
[2023-11-15T22:06:12.010+0000][7][safepoint   ] Safepoint "ICBufferFull", Time since last: 9646615 ns, Reaching safepoint: 26110 ns, At safepoint: 2746 ns, Total: 28856 ns
[2023-11-15T22:06:12.294+0000][7][safepoint   ] Safepoint "ICBufferFull", Time since last: 284094198 ns, Reaching safepoint: 138904 ns, At safepoint: 3844 ns, Total: 142748 ns
[2023-11-15T22:06:12.296+0000][7][safepoint   ] Safepoint "ICBufferFull", Time since last: 2165579 ns, Reaching safepoint: 28491 ns, At safepoint: 3502 ns, Total: 31993 ns
[2023-11-15T22:06:12.297+0000][7][safepoint   ] Safepoint "ICBufferFull", Time since last: 600338 ns, Reaching safepoint: 16143 ns, At safepoint: 2099 ns, Total: 18242 ns
[2023-11-15T22:06:12.337+0000][7][safepoint   ] Safepoint "ICBufferFull", Time since last: 39883655 ns, Reaching safepoint: 52396 ns, At safepoint: 3589 ns, Total: 55985 ns
[2023-11-15T22:06:12.338+0000][7][safepoint   ] Safepoint "ICBufferFull", Time since last: 930108 ns, Reaching safepoint: 41149 ns, At safepoint: 3653 ns, Total: 44802 ns
[2023-11-15T22:06:12.434+0000][7][safepoint   ] Safepoint "ICBufferFull", Time since last: 95608595 ns, Reaching safepoint: 45074 ns, At safepoint: 4083 ns, Total: 49157 ns
[2023-11-15T22:06:12.496+0000][7][safepoint   ] Safepoint "ICBufferFull", Time since last: 61878054 ns, Reaching safepoint: 66607 ns, At safepoint: 3658 ns, Total: 70265 ns
[2023-11-15T22:06:12.500+0000][7][safepoint   ] Safepoint "ICBufferFull", Time since last: 4119277 ns, Reaching safepoint: 69319 ns, At safepoint: 7240 ns, Total: 76559 ns
[2023-11-15T22:06:12.502+0000][7][safepoint   ] Safepoint "ICBufferFull", Time since last: 1815288 ns, Reaching safepoint: 27508 ns, At safepoint: 3266 ns, Total: 30774 ns
[2023-11-15T22:06:12.504+0000][7][safepoint   ] Safepoint "ICBufferFull", Time since last: 2014939 ns, Reaching safepoint: 27235 ns, At safepoint: 2572 ns, Total: 29807 ns
[2023-11-15T22:06:12.506+0000][7][safepoint   ] Safepoint "ICBufferFull", Time since last: 2152038 ns, Reaching safepoint: 38980 ns, At safepoint: 3412 ns, Total: 42392 ns
[2023-11-15T22:06:12.507+0000][7][safepoint   ] Safepoint "ICBufferFull", Time since last: 1349637 ns, Reaching safepoint: 25735 ns, At safepoint: 2793 ns, Total: 28528 ns
[2023-11-15T22:06:12.510+0000][7][safepoint   ] Safepoint "ICBufferFull", Time since last: 2785651 ns, Reaching safepoint: 38821 ns, At safepoint: 3087 ns, Total: 41908 ns
[2023-11-15T22:06:12.512+0000][7][safepoint   ] Safepoint "ICBufferFull", Time since last: 1812907 ns, Reaching safepoint: 33466 ns, At safepoint: 3089 ns, Total: 36555 ns
[2023-11-15T22:06:12.519+0000][7][safepoint   ] Safepoint "ICBufferFull", Time since last: 6995304 ns, Reaching safepoint: 29850 ns, At safepoint: 3572 ns, Total: 33422 ns
[2023-11-15T22:06:12.520+0000][7][safepoint   ] Safepoint "ICBufferFull", Time since last: 1452395 ns, Reaching safepoint: 57901 ns, At safepoint: 3766 ns, Total: 61667 ns
[2023-11-15T22:06:12.524+0000][7][safepoint   ] Safepoint "ICBufferFull", Time since last: 3115475 ns, Reaching safepoint: 72250 ns, At safepoint: 3173 ns, Total: 75423 ns
[2023-11-15T22:06:12.525+0000][7][safepoint   ] Safepoint "ICBufferFull", Time since last: 1604542 ns, Reaching safepoint: 22393 ns, At safepoint: 2522 ns, Total: 24915 ns
[2023-11-15T22:06:12.527+0000][7][safepoint   ] Safepoint "ICBufferFull", Time since last: 1428275 ns, Reaching safepoint: 30046 ns, At safepoint: 2872 ns, Total: 32918 ns
[2023-11-15T22:06:12.529+0000][7][safepoint   ] Safepoint "ICBufferFull", Time since last: 2056703 ns, Reaching safepoint: 45946 ns, At safepoint: 3520 ns, Total: 49466 ns
[2023-11-15T22:06:12.531+0000][7][safepoint   ] Safepoint "ICBufferFull", Time since last: 1973499 ns, Reaching safepoint: 32653 ns, At safepoint: 3415 ns, Total: 36068 ns
[2023-11-15T22:06:12.532+0000][7][safepoint   ] Safepoint "ICBufferFull", Time since last: 1207046 ns, Reaching safepoint: 32387 ns, At safepoint: 3500 ns, Total: 35887 ns
[2023-11-15T22:06:12.533+0000][7][safepoint   ] Safepoint "ICBufferFull", Time since last: 1186552 ns, Reaching safepoint: 32047 ns, At safepoint: 2831 ns, Total: 34878 ns
[2023-11-15T22:06:12.538+0000][7][safepoint   ] Safepoint "ICBufferFull", Time since last: 4384619 ns, Reaching safepoint: 28349 ns, At safepoint: 3149 ns, Total: 31498 ns
[2023-11-15T22:06:12.539+0000][7][safepoint   ] Safepoint "ICBufferFull", Time since last: 1021578 ns, Reaching safepoint: 16250 ns, At safepoint: 2292 ns, Total: 18542 ns
[2023-11-15T22:06:13.242+0000][7][safepoint   ] Safepoint "ICBufferFull", Time since last: 703419010 ns, Reaching safepoint: 102202 ns, At safepoint: 4865 ns, Total: 107067 ns
[2023-11-15T22:06:14.559+0000][7][safepoint   ] Safepoint "Cleanup", Time since last: 1316098891 ns, Reaching safepoint: 198978 ns, At safepoint: 7623 ns, Total: 206601 ns
[2023-11-15T22:06:15.559+0000][7][safepoint   ] Safepoint "Cleanup", Time since last: 1000127608 ns, Reaching safepoint: 270367 ns, At safepoint: 5961 ns, Total: 276328 ns
[2023-11-15T22:06:16.757+0000][7][gc,start    ] GC(10) Pause Young (Concurrent Start) (Metadata GC Threshold)
[2023-11-15T22:06:16.757+0000][7][gc,task     ] GC(10) Using 8 workers of 8 for evacuation
[2023-11-15T22:06:16.758+0000][7][gc,age      ] GC(10) Desired survivor size 20971520 bytes, new threshold 15 (max threshold 15)
[2023-11-15T22:06:16.812+0000][7][gc,age      ] GC(10) Age table with threshold 15 (max threshold 15)
[2023-11-15T22:06:16.812+0000][7][gc,age      ] GC(10) - age   1:   26997280 bytes,   26997280 total
[2023-11-15T22:06:16.812+0000][7][gc,age      ] GC(10) - age   2:     373008 bytes,   27370288 total
[2023-11-15T22:06:16.812+0000][7][gc,age      ] GC(10) - age   3:     666248 bytes,   28036536 total
[2023-11-15T22:06:16.812+0000][7][gc,age      ] GC(10) - age   4:    2137976 bytes,   30174512 total
[2023-11-15T22:06:16.812+0000][7][gc,age      ] GC(10) - age   5:     401288 bytes,   30575800 total
[2023-11-15T22:06:16.812+0000][7][gc,age      ] GC(10) - age   6:    3442800 bytes,   34018600 total
[2023-11-15T22:06:16.812+0000][7][gc,age      ] GC(10) - age   7:    4152760 bytes,   38171360 total
[2023-11-15T22:06:16.812+0000][7][gc,age      ] GC(10) - age   8:    1085696 bytes,   39257056 total
[2023-11-15T22:06:16.812+0000][7][gc,age      ] GC(10) - age   9:    2208800 bytes,   41465856 total
[2023-11-15T22:06:16.812+0000][7][gc,phases   ] GC(10)   Pre Evacuate Collection Set: 0.1ms
[2023-11-15T22:06:16.812+0000][7][gc,phases   ] GC(10)   Merge Heap Roots: 0.1ms
[2023-11-15T22:06:16.812+0000][7][gc,phases   ] GC(10)   Evacuate Collection Set: 52.8ms
[2023-11-15T22:06:16.812+0000][7][gc,phases   ] GC(10)   Post Evacuate Collection Set: 1.6ms
[2023-11-15T22:06:16.812+0000][7][gc,phases   ] GC(10)   Other: 0.4ms
[2023-11-15T22:06:16.812+0000][7][gc,heap     ] GC(10) Eden regions: 71->0(66)
[2023-11-15T22:06:16.812+0000][7][gc,heap     ] GC(10) Survivor regions: 4->10(10)
[2023-11-15T22:06:16.812+0000][7][gc,heap     ] GC(10) Old regions: 1->2
[2023-11-15T22:06:16.812+0000][7][gc,heap     ] GC(10) Archive regions: 2->2
[2023-11-15T22:06:16.812+0000][7][gc,heap     ] GC(10) Humongous regions: 0->0
[2023-11-15T22:06:16.812+0000][7][gc,metaspace] GC(10) Metaspace: 35106K(35968K)->35106K(35968K) NonClass: 30482K(30976K)->30482K(30976K) Class: 4623K(4992K)->4623K(4992K)
[2023-11-15T22:06:16.813+0000][7][gc          ] GC(10) Pause Young (Concurrent Start) (Metadata GC Threshold) 305M->48M(512M) 55.094ms
[2023-11-15T22:06:16.813+0000][7][gc,cpu      ] GC(10) User=0.19s Sys=0.00s Real=0.05s
[2023-11-15T22:06:16.813+0000][7][gc          ] GC(11) Concurrent Mark Cycle
[2023-11-15T22:06:16.813+0000][7][gc,marking  ] GC(11) Concurrent Clear Claimed Marks
[2023-11-15T22:06:16.813+0000][7][gc,marking  ] GC(11) Concurrent Clear Claimed Marks 0.062ms
[2023-11-15T22:06:16.813+0000][7][gc,marking  ] GC(11) Concurrent Scan Root Regions
[2023-11-15T22:06:16.813+0000][7][safepoint   ] Safepoint "CollectForMetadataAllocation", Time since last: 1198195027 ns, Reaching safepoint: 144503 ns, At safepoint: 55305347 ns, Total: 55449850 ns
[2023-11-15T22:06:16.843+0000][7][gc,marking  ] GC(11) Concurrent Scan Root Regions 30.080ms
[2023-11-15T22:06:16.843+0000][7][gc,marking  ] GC(11) Concurrent Mark
[2023-11-15T22:06:16.843+0000][7][gc,marking  ] GC(11) Concurrent Mark From Roots
[2023-11-15T22:06:16.843+0000][7][gc,task     ] GC(11) Using 2 workers of 2 for marking
[2023-11-15T22:06:16.850+0000][7][gc,marking  ] GC(11) Concurrent Mark From Roots 7.607ms
[2023-11-15T22:06:16.850+0000][7][gc,marking  ] GC(11) Concurrent Preclean
[2023-11-15T22:06:16.851+0000][7][gc,marking  ] GC(11) Concurrent Preclean 0.112ms
[2023-11-15T22:06:16.851+0000][7][gc,start    ] GC(11) Pause Remark
[2023-11-15T22:06:16.855+0000][7][gc          ] GC(11) Pause Remark 50M->50M(512M) 3.628ms
[2023-11-15T22:06:16.855+0000][7][gc,cpu      ] GC(11) User=0.01s Sys=0.00s Real=0.00s
[2023-11-15T22:06:16.855+0000][7][safepoint   ] Safepoint "G1Concurrent", Time since last: 37974797 ns, Reaching safepoint: 437267 ns, At safepoint: 3710432 ns, Total: 4147699 ns
[2023-11-15T22:06:16.855+0000][7][gc,marking  ] GC(11) Concurrent Mark 11.997ms
[2023-11-15T22:06:16.855+0000][7][gc,marking  ] GC(11) Concurrent Rebuild Remembered Sets
[2023-11-15T22:06:16.858+0000][7][gc,marking  ] GC(11) Concurrent Rebuild Remembered Sets 3.557ms
[2023-11-15T22:06:16.859+0000][7][gc,start    ] GC(11) Pause Cleanup
[2023-11-15T22:06:16.859+0000][7][gc          ] GC(11) Pause Cleanup 50M->50M(512M) 0.076ms
[2023-11-15T22:06:16.859+0000][7][gc,cpu      ] GC(11) User=0.00s Sys=0.00s Real=0.00s
[2023-11-15T22:06:16.859+0000][7][safepoint   ] Safepoint "G1Concurrent", Time since last: 3649113 ns, Reaching safepoint: 724692 ns, At safepoint: 170589 ns, Total: 895281 ns
[2023-11-15T22:06:16.859+0000][7][gc,marking  ] GC(11) Concurrent Cleanup for Next Mark
[2023-11-15T22:06:16.860+0000][7][gc,marking  ] GC(11) Concurrent Cleanup for Next Mark 0.967ms
[2023-11-15T22:06:16.860+0000][7][gc          ] GC(11) Concurrent Mark Cycle 47.885ms
[2023-11-15T22:06:17.860+0000][7][safepoint   ] Safepoint "Cleanup", Time since last: 1000098933 ns, Reaching safepoint: 208760 ns, At safepoint: 10703 ns, Total: 219463 ns
[2023-11-15T22:06:19.159+0000][7][safepoint   ] Safepoint "Cleanup", Time since last: 1298838806 ns, Reaching safepoint: 75894 ns, At safepoint: 4124 ns, Total: 80018 ns
[2023-11-15T22:06:20.837+0000][7][safepoint   ] Safepoint "Cleanup", Time since last: 1678119399 ns, Reaching safepoint: 264014 ns, At safepoint: 6248 ns, Total: 270262 ns
[2023-11-15T22:06:21.021+0000][7][gc,start    ] GC(12) Pause Young (Normal) (G1 Evacuation Pause)
[2023-11-15T22:06:21.021+0000][7][gc,task     ] GC(12) Using 8 workers of 8 for evacuation
[2023-11-15T22:06:21.021+0000][7][gc,age      ] GC(12) Desired survivor size 20971520 bytes, new threshold 1 (max threshold 15)
[2023-11-15T22:06:21.092+0000][7][gc,age      ] GC(12) Age table with threshold 1 (max threshold 15)
[2023-11-15T22:06:21.092+0000][7][gc,age      ] GC(12) - age   1:    5986392 bytes,    5986392 total
[2023-11-15T22:06:21.092+0000][7][gc,phases   ] GC(12)   Pre Evacuate Collection Set: 0.1ms
[2023-11-15T22:06:21.092+0000][7][gc,phases   ] GC(12)   Merge Heap Roots: 0.1ms
[2023-11-15T22:06:21.092+0000][7][gc,phases   ] GC(12)   Evacuate Collection Set: 68.2ms
[2023-11-15T22:06:21.092+0000][7][gc,phases   ] GC(12)   Post Evacuate Collection Set: 2.5ms
[2023-11-15T22:06:21.092+0000][7][gc,phases   ] GC(12)   Other: 0.2ms
[2023-11-15T22:06:21.092+0000][7][gc,heap     ] GC(12) Eden regions: 66->0(73)
[2023-11-15T22:06:21.092+0000][7][gc,heap     ] GC(12) Survivor regions: 10->3(10)
[2023-11-15T22:06:21.092+0000][7][gc,heap     ] GC(12) Old regions: 2->11
[2023-11-15T22:06:21.092+0000][7][gc,heap     ] GC(12) Archive regions: 2->2
[2023-11-15T22:06:21.092+0000][7][gc,heap     ] GC(12) Humongous regions: 0->0
[2023-11-15T22:06:21.092+0000][7][gc,metaspace] GC(12) Metaspace: 51520K(52736K)->51520K(52736K) NonClass: 44542K(45248K)->44542K(45248K) Class: 6977K(7488K)->6977K(7488K)
[2023-11-15T22:06:21.092+0000][7][gc          ] GC(12) Pause Young (Normal) (G1 Evacuation Pause) 312M->56M(512M) 71.112ms
[2023-11-15T22:06:21.092+0000][7][gc,cpu      ] GC(12) User=0.24s Sys=0.00s Real=0.07s
[2023-11-15T22:06:21.092+0000][7][safepoint   ] Safepoint "G1CollectForAllocation", Time since last: 183767331 ns, Reaching safepoint: 83127 ns, At safepoint: 71190686 ns, Total: 71273813 ns
[2023-11-15T22:06:22.092+0000][7][safepoint   ] Safepoint "Cleanup", Time since last: 1000094671 ns, Reaching safepoint: 145270 ns, At safepoint: 10224 ns, Total: 155494 ns
[2023-11-15T22:06:23.505+0000][7][safepoint   ] Safepoint "Cleanup", Time since last: 1412689736 ns, Reaching safepoint: 438609 ns, At safepoint: 12070 ns, Total: 450679 ns
[2023-11-15T22:06:24.506+0000][7][safepoint   ] Safepoint "Cleanup", Time since last: 1000135582 ns, Reaching safepoint: 272421 ns, At safepoint: 5768 ns, Total: 278189 ns
[2023-11-15T22:06:25.031+0000][7][gc,start    ] GC(13) Pause Young (Concurrent Start) (Metadata GC Threshold)
[2023-11-15T22:06:25.031+0000][7][gc,task     ] GC(13) Using 8 workers of 8 for evacuation
[2023-11-15T22:06:25.031+0000][7][gc,age      ] GC(13) Desired survivor size 20971520 bytes, new threshold 15 (max threshold 15)
[2023-11-15T22:06:25.073+0000][7][gc,age      ] GC(13) Age table with threshold 15 (max threshold 15)
[2023-11-15T22:06:25.073+0000][7][gc,age      ] GC(13) - age   1:    4901672 bytes,    4901672 total
[2023-11-15T22:06:25.073+0000][7][gc,age      ] GC(13) - age   2:    5823928 bytes,   10725600 total
[2023-11-15T22:06:25.073+0000][7][gc,phases   ] GC(13)   Pre Evacuate Collection Set: 0.1ms
[2023-11-15T22:06:25.073+0000][7][gc,phases   ] GC(13)   Merge Heap Roots: 0.1ms
[2023-11-15T22:06:25.073+0000][7][gc,phases   ] GC(13)   Evacuate Collection Set: 40.3ms
[2023-11-15T22:06:25.073+0000][7][gc,phases   ] GC(13)   Post Evacuate Collection Set: 1.6ms
[2023-11-15T22:06:25.073+0000][7][gc,phases   ] GC(13)   Other: 0.2ms
[2023-11-15T22:06:25.073+0000][7][gc,heap     ] GC(13) Eden regions: 50->0(73)
[2023-11-15T22:06:25.073+0000][7][gc,heap     ] GC(13) Survivor regions: 3->3(10)
[2023-11-15T22:06:25.073+0000][7][gc,heap     ] GC(13) Old regions: 11->11
[2023-11-15T22:06:25.073+0000][7][gc,heap     ] GC(13) Archive regions: 2->2
[2023-11-15T22:06:25.073+0000][7][gc,heap     ] GC(13) Humongous regions: 0->0
[2023-11-15T22:06:25.073+0000][7][gc,metaspace] GC(13) Metaspace: 59005K(60160K)->59005K(60160K) NonClass: 50990K(51712K)->50990K(51712K) Class: 8014K(8448K)->8014K(8448K)
[2023-11-15T22:06:25.073+0000][7][gc          ] GC(13) Pause Young (Concurrent Start) (Metadata GC Threshold) 254M->58M(512M) 42.503ms
[2023-11-15T22:06:25.073+0000][7][gc,cpu      ] GC(13) User=0.07s Sys=0.00s Real=0.04s
[2023-11-15T22:06:25.074+0000][7][safepoint   ] Safepoint "CollectForMetadataAllocation", Time since last: 525066753 ns, Reaching safepoint: 45785 ns, At safepoint: 42646980 ns, Total: 42692765 ns
[2023-11-15T22:06:25.074+0000][7][gc          ] GC(14) Concurrent Mark Cycle
[2023-11-15T22:06:25.074+0000][7][gc,marking  ] GC(14) Concurrent Clear Claimed Marks
[2023-11-15T22:06:25.074+0000][7][gc,marking  ] GC(14) Concurrent Clear Claimed Marks 0.058ms
[2023-11-15T22:06:25.074+0000][7][gc,marking  ] GC(14) Concurrent Scan Root Regions
[2023-11-15T22:06:25.086+0000][7][gc,marking  ] GC(14) Concurrent Scan Root Regions 12.348ms
[2023-11-15T22:06:25.086+0000][7][gc,marking  ] GC(14) Concurrent Mark
[2023-11-15T22:06:25.086+0000][7][gc,marking  ] GC(14) Concurrent Mark From Roots
[2023-11-15T22:06:25.086+0000][7][gc,task     ] GC(14) Using 2 workers of 2 for marking
[2023-11-15T22:06:25.154+0000][7][safepoint   ] Safepoint "CollectForMetadataAllocation", Time since last: 80676736 ns, Reaching safepoint: 109819 ns, At safepoint: 83111 ns, Total: 192930 ns
[2023-11-15T22:06:25.217+0000][7][gc,marking  ] GC(14) Concurrent Mark From Roots 131.251ms
[2023-11-15T22:06:25.217+0000][7][gc,marking  ] GC(14) Concurrent Preclean
[2023-11-15T22:06:25.218+0000][7][gc,marking  ] GC(14) Concurrent Preclean 0.407ms
[2023-11-15T22:06:25.223+0000][7][gc,start    ] GC(14) Pause Remark
[2023-11-15T22:06:25.248+0000][7][gc          ] GC(14) Pause Remark 64M->64M(512M) 25.678ms
[2023-11-15T22:06:25.248+0000][7][gc,cpu      ] GC(14) User=0.05s Sys=0.00s Real=0.03s
[2023-11-15T22:06:25.248+0000][7][safepoint   ] Safepoint "G1Concurrent", Time since last: 63385006 ns, Reaching safepoint: 4865010 ns, At safepoint: 25776729 ns, Total: 30641739 ns
[2023-11-15T22:06:25.252+0000][7][gc,marking  ] GC(14) Concurrent Mark 165.527ms
[2023-11-15T22:06:25.252+0000][7][gc,marking  ] GC(14) Concurrent Rebuild Remembered Sets
[2023-11-15T22:06:25.252+0000][7][gc,marking  ] GC(14) Concurrent Rebuild Remembered Sets 0.011ms
[2023-11-15T22:06:25.255+0000][7][gc,start    ] GC(14) Pause Cleanup
[2023-11-15T22:06:25.255+0000][7][gc          ] GC(14) Pause Cleanup 64M->64M(512M) 0.043ms
[2023-11-15T22:06:25.255+0000][7][gc,cpu      ] GC(14) User=0.00s Sys=0.00s Real=0.01s
[2023-11-15T22:06:25.255+0000][7][safepoint   ] Safepoint "G1Concurrent", Time since last: 3252030 ns, Reaching safepoint: 3131871 ns, At safepoint: 183696 ns, Total: 3315567 ns
[2023-11-15T22:06:25.255+0000][7][gc,marking  ] GC(14) Concurrent Cleanup for Next Mark
[2023-11-15T22:06:25.262+0000][7][gc,marking  ] GC(14) Concurrent Cleanup for Next Mark 6.548ms
[2023-11-15T22:06:25.262+0000][7][gc          ] GC(14) Concurrent Mark Cycle 188.060ms
[2023-11-15T22:06:26.535+0000][7][safepoint   ] Safepoint "Cleanup", Time since last: 1276572714 ns, Reaching safepoint: 3290550 ns, At safepoint: 34633 ns, Total: 3325183 ns
[2023-11-15T22:06:27.535+0000][7][safepoint   ] Safepoint "Cleanup", Time since last: 1000121587 ns, Reaching safepoint: 199787 ns, At safepoint: 7856 ns, Total: 207643 ns
[2023-11-15T22:06:28.536+0000][7][safepoint   ] Safepoint "Cleanup", Time since last: 1000137145 ns, Reaching safepoint: 579164 ns, At safepoint: 6935 ns, Total: 586099 ns
[2023-11-15T22:06:30.181+0000][7][safepoint   ] Safepoint "Cleanup", Time since last: 1644257254 ns, Reaching safepoint: 321829 ns, At safepoint: 2871 ns, Total: 324700 ns
[2023-11-15T22:06:31.185+0000][7][safepoint   ] Safepoint "Cleanup", Time since last: 1001042925 ns, Reaching safepoint: 3458224 ns, At safepoint: 13368 ns, Total: 3471592 ns
[2023-11-15T22:06:32.185+0000][7][safepoint   ] Safepoint "ICBufferFull", Time since last: 999884007 ns, Reaching safepoint: 247240 ns, At safepoint: 9727 ns, Total: 256967 ns
[2023-11-15T22:06:32.751+0000][7][safepoint   ] Safepoint "ICBufferFull", Time since last: 565205903 ns, Reaching safepoint: 244988 ns, At safepoint: 3834 ns, Total: 248822 ns
[2023-11-15T22:06:34.215+0000][7][safepoint   ] Safepoint "Cleanup", Time since last: 1464479698 ns, Reaching safepoint: 199934 ns, At safepoint: 7736 ns, Total: 207670 ns
[2023-11-15T22:06:34.804+0000][7][gc,start    ] GC(15) Pause Young (Concurrent Start) (G1 Evacuation Pause)
[2023-11-15T22:06:34.804+0000][7][gc,task     ] GC(15) Using 8 workers of 8 for evacuation
[2023-11-15T22:06:34.804+0000][7][gc,age      ] GC(15) Desired survivor size 20971520 bytes, new threshold 15 (max threshold 15)
[2023-11-15T22:06:34.859+0000][7][gc,age      ] GC(15) Age table with threshold 15 (max threshold 15)
[2023-11-15T22:06:34.859+0000][7][gc,age      ] GC(15) - age   1:   14387120 bytes,   14387120 total
[2023-11-15T22:06:34.859+0000][7][gc,age      ] GC(15) - age   2:    4768576 bytes,   19155696 total
[2023-11-15T22:06:34.859+0000][7][gc,age      ] GC(15) - age   3:    5670104 bytes,   24825800 total
[2023-11-15T22:06:34.859+0000][7][gc,phases   ] GC(15)   Pre Evacuate Collection Set: 0.2ms
[2023-11-15T22:06:34.859+0000][7][gc,phases   ] GC(15)   Merge Heap Roots: 0.3ms
[2023-11-15T22:06:34.859+0000][7][gc,phases   ] GC(15)   Evacuate Collection Set: 49.4ms
[2023-11-15T22:06:34.859+0000][7][gc,phases   ] GC(15)   Post Evacuate Collection Set: 4.5ms
[2023-11-15T22:06:34.859+0000][7][gc,phases   ] GC(15)   Other: 0.3ms
[2023-11-15T22:06:34.859+0000][7][gc,heap     ] GC(15) Eden regions: 73->0(69)
[2023-11-15T22:06:34.859+0000][7][gc,heap     ] GC(15) Survivor regions: 3->7(10)
[2023-11-15T22:06:34.859+0000][7][gc,heap     ] GC(15) Old regions: 11->11
[2023-11-15T22:06:34.859+0000][7][gc,heap     ] GC(15) Archive regions: 2->2
[2023-11-15T22:06:34.859+0000][7][gc,heap     ] GC(15) Humongous regions: 0->0
[2023-11-15T22:06:34.859+0000][7][gc,metaspace] GC(15) Metaspace: 94498K(95936K)->94498K(95936K) NonClass: 81218K(82112K)->81218K(82112K) Class: 13280K(13824K)->13280K(13824K)
[2023-11-15T22:06:34.859+0000][7][gc          ] GC(15) Pause Young (Concurrent Start) (G1 Evacuation Pause) 350M->72M(512M) 54.775ms
[2023-11-15T22:06:34.859+0000][7][gc,cpu      ] GC(15) User=0.12s Sys=0.00s Real=0.06s
[2023-11-15T22:06:34.859+0000][7][safepoint   ] Safepoint "G1CollectForAllocation", Time since last: 588795488 ns, Reaching safepoint: 199638 ns, At safepoint: 54902857 ns, Total: 55102495 ns
[2023-11-15T22:06:34.863+0000][7][gc          ] GC(16) Concurrent Mark Cycle
[2023-11-15T22:06:34.863+0000][7][gc,marking  ] GC(16) Concurrent Clear Claimed Marks
[2023-11-15T22:06:34.863+0000][7][gc,marking  ] GC(16) Concurrent Clear Claimed Marks 0.085ms
[2023-11-15T22:06:34.863+0000][7][gc,marking  ] GC(16) Concurrent Scan Root Regions
[2023-11-15T22:06:34.892+0000][7][gc,marking  ] GC(16) Concurrent Scan Root Regions 29.539ms
[2023-11-15T22:06:34.893+0000][7][gc,marking  ] GC(16) Concurrent Mark
[2023-11-15T22:06:34.893+0000][7][gc,marking  ] GC(16) Concurrent Mark From Roots
[2023-11-15T22:06:34.893+0000][7][gc,task     ] GC(16) Using 2 workers of 2 for marking
[2023-11-15T22:06:35.064+0000][7][gc,marking  ] GC(16) Concurrent Mark From Roots 171.005ms
[2023-11-15T22:06:35.064+0000][7][gc,marking  ] GC(16) Concurrent Preclean
[2023-11-15T22:06:35.064+0000][7][gc,marking  ] GC(16) Concurrent Preclean 0.260ms
[2023-11-15T22:06:35.086+0000][7][gc,start    ] GC(16) Pause Remark
[2023-11-15T22:06:35.105+0000][7][gc          ] GC(16) Pause Remark 86M->86M(512M) 18.700ms
[2023-11-15T22:06:35.105+0000][7][gc,cpu      ] GC(16) User=0.02s Sys=0.00s Real=0.02s
[2023-11-15T22:06:35.105+0000][7][safepoint   ] Safepoint "G1Concurrent", Time since last: 204627131 ns, Reaching safepoint: 22358209 ns, At safepoint: 18824113 ns, Total: 41182322 ns
[2023-11-15T22:06:35.105+0000][7][gc,marking  ] GC(16) Concurrent Mark 212.570ms
[2023-11-15T22:06:35.105+0000][7][gc,marking  ] GC(16) Concurrent Rebuild Remembered Sets
[2023-11-15T22:06:35.105+0000][7][gc,marking  ] GC(16) Concurrent Rebuild Remembered Sets 0.007ms
[2023-11-15T22:06:35.105+0000][7][gc,start    ] GC(16) Pause Cleanup
[2023-11-15T22:06:35.105+0000][7][gc          ] GC(16) Pause Cleanup 86M->86M(512M) 0.021ms
[2023-11-15T22:06:35.105+0000][7][gc,cpu      ] GC(16) User=0.00s Sys=0.00s Real=0.00s
[2023-11-15T22:06:35.105+0000][7][safepoint   ] Safepoint "G1Concurrent", Time since last: 74283 ns, Reaching safepoint: 109036 ns, At safepoint: 61678 ns, Total: 170714 ns
[2023-11-15T22:06:35.105+0000][7][gc,marking  ] GC(16) Concurrent Cleanup for Next Mark
[2023-11-15T22:06:35.109+0000][7][gc,marking  ] GC(16) Concurrent Cleanup for Next Mark 4.016ms
[2023-11-15T22:06:35.109+0000][7][gc          ] GC(16) Concurrent Mark Cycle 246.636ms
[2023-11-15T22:06:36.129+0000][7][safepoint   ] Safepoint "Cleanup", Time since last: 1020027412 ns, Reaching safepoint: 3165552 ns, At safepoint: 19220 ns, Total: 3184772 ns
[2023-11-15T22:06:37.079+0000][7][safepoint   ] Safepoint "ICBufferFull", Time since last: 933612879 ns, Reaching safepoint: 16349582 ns, At safepoint: 41128 ns, Total: 16390710 ns
[2023-11-15T22:06:38.189+0000][7][safepoint   ] Safepoint "ICBufferFull", Time since last: 1104228884 ns, Reaching safepoint: 5725311 ns, At safepoint: 31904 ns, Total: 5757215 ns
[2023-11-15T22:06:39.196+0000][7][safepoint   ] Safepoint "Cleanup", Time since last: 1003088867 ns, Reaching safepoint: 4297457 ns, At safepoint: 20303 ns, Total: 4317760 ns
[2023-11-15T22:06:39.342+0000][7][gc,start    ] GC(17) Pause Young (Normal) (G1 Evacuation Pause)
[2023-11-15T22:06:39.342+0000][7][gc,task     ] GC(17) Using 8 workers of 8 for evacuation
[2023-11-15T22:06:39.342+0000][7][gc,age      ] GC(17) Desired survivor size 20971520 bytes, new threshold 3 (max threshold 15)
[2023-11-15T22:06:39.403+0000][7][gc,age      ] GC(17) Age table with threshold 3 (max threshold 15)
[2023-11-15T22:06:39.403+0000][7][gc,age      ] GC(17) - age   1:   15538856 bytes,   15538856 total
[2023-11-15T22:06:39.403+0000][7][gc,age      ] GC(17) - age   2:   13642208 bytes,   29181064 total
[2023-11-15T22:06:39.403+0000][7][gc,age      ] GC(17) - age   3:    4762216 bytes,   33943280 total
[2023-11-15T22:06:39.403+0000][7][gc,phases   ] GC(17)   Pre Evacuate Collection Set: 0.1ms
[2023-11-15T22:06:39.403+0000][7][gc,phases   ] GC(17)   Merge Heap Roots: 0.1ms
[2023-11-15T22:06:39.403+0000][7][gc,phases   ] GC(17)   Evacuate Collection Set: 57.2ms
[2023-11-15T22:06:39.403+0000][7][gc,phases   ] GC(17)   Post Evacuate Collection Set: 3.1ms
[2023-11-15T22:06:39.403+0000][7][gc,phases   ] GC(17)   Other: 0.3ms
[2023-11-15T22:06:39.403+0000][7][gc,heap     ] GC(17) Eden regions: 69->0(67)
[2023-11-15T22:06:39.403+0000][7][gc,heap     ] GC(17) Survivor regions: 7->9(10)
[2023-11-15T22:06:39.403+0000][7][gc,heap     ] GC(17) Old regions: 11->13
[2023-11-15T22:06:39.403+0000][7][gc,heap     ] GC(17) Archive regions: 2->2
[2023-11-15T22:06:39.403+0000][7][gc,heap     ] GC(17) Humongous regions: 5->5
[2023-11-15T22:06:39.403+0000][7][gc,metaspace] GC(17) Metaspace: 103625K(105024K)->103625K(105024K) NonClass: 89090K(89984K)->89090K(89984K) Class: 14534K(15040K)->14534K(15040K)
[2023-11-15T22:06:39.403+0000][7][gc          ] GC(17) Pause Young (Normal) (G1 Evacuation Pause) 368M->107M(512M) 60.825ms
[2023-11-15T22:06:39.403+0000][7][gc,cpu      ] GC(17) User=0.13s Sys=0.01s Real=0.06s
[2023-11-15T22:06:39.403+0000][7][safepoint   ] Safepoint "G1CollectForAllocation", Time since last: 146116403 ns, Reaching safepoint: 116996 ns, At safepoint: 60936985 ns, Total: 61053981 ns
[2023-11-15T22:06:40.403+0000][7][safepoint   ] Safepoint "Cleanup", Time since last: 1000089729 ns, Reaching safepoint: 86658 ns, At safepoint: 6608 ns, Total: 93266 ns
[2023-11-15T22:06:41.362+0000][7][safepoint   ] Safepoint "ICBufferFull", Time since last: 958886494 ns, Reaching safepoint: 147365 ns, At safepoint: 6744 ns, Total: 154109 ns
[2023-11-15T22:06:41.504+0000][7][safepoint   ] Safepoint "ICBufferFull", Time since last: 141119468 ns, Reaching safepoint: 196244 ns, At safepoint: 11654 ns, Total: 207898 ns
[2023-11-15T22:06:41.720+0000][7][safepoint   ] Safepoint "ICBufferFull", Time since last: 216025201 ns, Reaching safepoint: 150005 ns, At safepoint: 7152 ns, Total: 157157 ns
[2023-11-15T22:06:42.720+0000][7][safepoint   ] Safepoint "Cleanup", Time since last: 1000174374 ns, Reaching safepoint: 246261 ns, At safepoint: 10172 ns, Total: 256433 ns
[2023-11-15T22:06:43.720+0000][7][safepoint   ] Safepoint "Cleanup", Time since last: 1000109259 ns, Reaching safepoint: 56705 ns, At safepoint: 10680 ns, Total: 67385 ns
[2023-11-15T22:06:44.721+0000][7][safepoint   ] Safepoint "Cleanup", Time since last: 1000116716 ns, Reaching safepoint: 131330 ns, At safepoint: 6206 ns, Total: 137536 ns
[2023-11-15T22:06:45.727+0000][7][safepoint   ] Safepoint "Cleanup", Time since last: 1005888482 ns, Reaching safepoint: 121295 ns, At safepoint: 23497 ns, Total: 144792 ns
[2023-11-15T22:06:46.688+0000][7][safepoint   ] Safepoint "ICBufferFull", Time since last: 961319503 ns, Reaching safepoint: 194880 ns, At safepoint: 29104 ns, Total: 223984 ns
[2023-11-15T22:06:46.783+0000][7][safepoint   ] Safepoint "ICBufferFull", Time since last: 94647698 ns, Reaching safepoint: 226603 ns, At safepoint: 10211 ns, Total: 236814 ns
[2023-11-15T22:06:47.699+0000][7][safepoint   ] Safepoint "ICBufferFull", Time since last: 915296300 ns, Reaching safepoint: 193258 ns, At safepoint: 5375 ns, Total: 198633 ns
[2023-11-15T22:06:48.699+0000][7][safepoint   ] Safepoint "Cleanup", Time since last: 1000116606 ns, Reaching safepoint: 87247 ns, At safepoint: 6136 ns, Total: 93383 ns
[2023-11-15T22:06:49.710+0000][7][safepoint   ] Safepoint "ICBufferFull", Time since last: 1010785808 ns, Reaching safepoint: 179522 ns, At safepoint: 6870 ns, Total: 186392 ns
[2023-11-15T22:06:50.710+0000][7][safepoint   ] Safepoint "Cleanup", Time since last: 1000110169 ns, Reaching safepoint: 136673 ns, At safepoint: 7182 ns, Total: 143855 ns
[2023-11-15T22:06:51.710+0000][7][safepoint   ] Safepoint "Cleanup", Time since last: 1000149035 ns, Reaching safepoint: 71657 ns, At safepoint: 12267 ns, Total: 83924 ns
[2023-11-15T22:06:52.711+0000][7][safepoint   ] Safepoint "Cleanup", Time since last: 1000153472 ns, Reaching safepoint: 93538 ns, At safepoint: 5240 ns, Total: 98778 ns
[2023-11-15T22:06:53.711+0000][7][safepoint   ] Safepoint "Cleanup", Time since last: 1000114012 ns, Reaching safepoint: 80056 ns, At safepoint: 5556 ns, Total: 85612 ns
[2023-11-15T22:06:54.711+0000][7][safepoint   ] Safepoint "Cleanup", Time since last: 1000185272 ns, Reaching safepoint: 89491 ns, At safepoint: 12116 ns, Total: 101607 ns
[2023-11-15T22:06:55.590+0000][7][safepoint   ] Safepoint "ICBufferFull", Time since last: 878754098 ns, Reaching safepoint: 172102 ns, At safepoint: 8800 ns, Total: 180902 ns
[2023-11-15T22:06:55.640+0000][7][gc,start    ] GC(18) Pause Young (Normal) (G1 Evacuation Pause)
[2023-11-15T22:06:55.640+0000][7][gc,task     ] GC(18) Using 8 workers of 8 for evacuation
[2023-11-15T22:06:55.640+0000][7][gc,age      ] GC(18) Desired survivor size 20971520 bytes, new threshold 2 (max threshold 15)
[2023-11-15T22:06:55.677+0000][7][gc,age      ] GC(18) Age table with threshold 2 (max threshold 15)
[2023-11-15T22:06:55.677+0000][7][gc,age      ] GC(18) - age   1:    8686272 bytes,    8686272 total
[2023-11-15T22:06:55.677+0000][7][gc,age      ] GC(18) - age   2:   11241600 bytes,   19927872 total
[2023-11-15T22:06:55.677+0000][7][gc,phases   ] GC(18)   Pre Evacuate Collection Set: 0.1ms
[2023-11-15T22:06:55.677+0000][7][gc,phases   ] GC(18)   Merge Heap Roots: 0.1ms
[2023-11-15T22:06:55.677+0000][7][gc,phases   ] GC(18)   Evacuate Collection Set: 35.0ms
[2023-11-15T22:06:55.677+0000][7][gc,phases   ] GC(18)   Post Evacuate Collection Set: 2.1ms
[2023-11-15T22:06:55.677+0000][7][gc,phases   ] GC(18)   Other: 0.3ms
[2023-11-15T22:06:55.677+0000][7][gc,heap     ] GC(18) Eden regions: 67->0(69)
[2023-11-15T22:06:55.677+0000][7][gc,heap     ] GC(18) Survivor regions: 9->6(10)
[2023-11-15T22:06:55.677+0000][7][gc,heap     ] GC(18) Old regions: 13->17
[2023-11-15T22:06:55.677+0000][7][gc,heap     ] GC(18) Archive regions: 2->2
[2023-11-15T22:06:55.677+0000][7][gc,heap     ] GC(18) Humongous regions: 5->5
[2023-11-15T22:06:55.677+0000][7][gc,metaspace] GC(18) Metaspace: 110048K(111680K)->110048K(111680K) NonClass: 94698K(95680K)->94698K(95680K) Class: 15349K(16000K)->15349K(16000K)
[2023-11-15T22:06:55.677+0000][7][gc          ] GC(18) Pause Young (Normal) (G1 Evacuation Pause) 375M->112M(512M) 37.652ms
[2023-11-15T22:06:55.678+0000][7][gc,cpu      ] GC(18) User=0.14s Sys=0.02s Real=0.04s
[2023-11-15T22:06:55.678+0000][7][safepoint   ] Safepoint "G1CollectForAllocation", Time since last: 49582881 ns, Reaching safepoint: 211576 ns, At safepoint: 37752192 ns, Total: 37963768 ns
[2023-11-15T22:06:56.762+0000][7][safepoint   ] Safepoint "Cleanup", Time since last: 1084688358 ns, Reaching safepoint: 251424 ns, At safepoint: 11818 ns, Total: 263242 ns
[2023-11-15T22:06:57.990+0000][7][safepoint   ] Safepoint "Cleanup", Time since last: 1227490852 ns, Reaching safepoint: 90191 ns, At safepoint: 9231 ns, Total: 99422 ns
[2023-11-15T22:06:58.990+0000][7][safepoint   ] Safepoint "Cleanup", Time since last: 1000128169 ns, Reaching safepoint: 71297 ns, At safepoint: 5146 ns, Total: 76443 ns
[2023-11-15T22:06:59.990+0000][7][safepoint   ] Safepoint "Cleanup", Time since last: 1000101612 ns, Reaching safepoint: 66179 ns, At safepoint: 9937 ns, Total: 76116 ns
[2023-11-15T22:07:01.991+0000][7][safepoint   ] Safepoint "Cleanup", Time since last: 2000248531 ns, Reaching safepoint: 124874 ns, At safepoint: 8198 ns, Total: 133072 ns
[2023-11-15T22:07:02.991+0000][7][safepoint   ] Safepoint "Cleanup", Time since last: 1000142417 ns, Reaching safepoint: 53264 ns, At safepoint: 4678 ns, Total: 57942 ns
[2023-11-15T22:07:03.991+0000][7][safepoint   ] Safepoint "Cleanup", Time since last: 1000099487 ns, Reaching safepoint: 165637 ns, At safepoint: 7892 ns, Total: 173529 ns
[2023-11-15T22:07:04.992+0000][7][safepoint   ] Safepoint "Cleanup", Time since last: 1000148253 ns, Reaching safepoint: 148622 ns, At safepoint: 8969 ns, Total: 157591 ns
[2023-11-15T22:07:05.992+0000][7][safepoint   ] Safepoint "Cleanup", Time since last: 1000101944 ns, Reaching safepoint: 55897 ns, At safepoint: 4320 ns, Total: 60217 ns
[2023-11-15T22:07:06.992+0000][7][safepoint   ] Safepoint "Cleanup", Time since last: 1000097522 ns, Reaching safepoint: 68937 ns, At safepoint: 6706 ns, Total: 75643 ns
[2023-11-15T22:07:07.992+0000][7][safepoint   ] Safepoint "Cleanup", Time since last: 1000124647 ns, Reaching safepoint: 153907 ns, At safepoint: 7669 ns, Total: 161576 ns
[2023-11-15T22:07:08.992+0000][7][safepoint   ] Safepoint "Cleanup", Time since last: 1000139594 ns, Reaching safepoint: 56668 ns, At safepoint: 7130 ns, Total: 63798 ns
[2023-11-15T22:07:09.993+0000][7][safepoint   ] Safepoint "Cleanup", Time since last: 1000163616 ns, Reaching safepoint: 58608 ns, At safepoint: 7211 ns, Total: 65819 ns
[2023-11-15T22:07:10.993+0000][7][safepoint   ] Safepoint "Cleanup", Time since last: 1000103170 ns, Reaching safepoint: 68822 ns, At safepoint: 3868 ns, Total: 72690 ns
[2023-11-15T22:07:11.993+0000][7][safepoint   ] Safepoint "Cleanup", Time since last: 1000146235 ns, Reaching safepoint: 90004 ns, At safepoint: 7135 ns, Total: 97139 ns
[2023-11-15T22:07:13.894+0000][7][safepoint   ] Safepoint "ICBufferFull", Time since last: 1900615055 ns, Reaching safepoint: 196895 ns, At safepoint: 10111 ns, Total: 207006 ns
[2023-11-15T22:07:14.309+0000][7][safepoint   ] Safepoint "ICBufferFull", Time since last: 414714699 ns, Reaching safepoint: 215437 ns, At safepoint: 8653 ns, Total: 224090 ns
[2023-11-15T22:07:15.155+0000][7][safepoint   ] Safepoint "ICBufferFull", Time since last: 845546899 ns, Reaching safepoint: 282951 ns, At safepoint: 13018 ns, Total: 295969 ns
[2023-11-15T22:07:16.155+0000][7][safepoint   ] Safepoint "Cleanup", Time since last: 1000117946 ns, Reaching safepoint: 174815 ns, At safepoint: 10597 ns, Total: 185412 ns
[2023-11-15T22:07:16.613+0000][7][safepoint   ] Safepoint "ICBufferFull", Time since last: 457691200 ns, Reaching safepoint: 197902 ns, At safepoint: 12739 ns, Total: 210641 ns
[2023-11-15T22:07:17.213+0000][7][safepoint   ] Safepoint "ICBufferFull", Time since last: 599730768 ns, Reaching safepoint: 224238 ns, At safepoint: 5969 ns, Total: 230207 ns
[2023-11-15T22:07:18.213+0000][7][safepoint   ] Safepoint "Cleanup", Time since last: 1000111446 ns, Reaching safepoint: 154261 ns, At safepoint: 4517 ns, Total: 158778 ns
[2023-11-15T22:07:19.039+0000][7][safepoint   ] Safepoint "ICBufferFull", Time since last: 825214632 ns, Reaching safepoint: 265976 ns, At safepoint: 15327 ns, Total: 281303 ns
[2023-11-15T22:07:19.693+0000][7][safepoint   ] Safepoint "ICBufferFull", Time since last: 653704442 ns, Reaching safepoint: 877869 ns, At safepoint: 20293 ns, Total: 898162 ns
[2023-11-15T22:07:20.694+0000][7][safepoint   ] Safepoint "Cleanup", Time since last: 1000116442 ns, Reaching safepoint: 214433 ns, At safepoint: 16574 ns, Total: 231007 ns
[2023-11-15T22:07:21.694+0000][7][safepoint   ] Safepoint "Cleanup", Time since last: 1000114135 ns, Reaching safepoint: 173910 ns, At safepoint: 6453 ns, Total: 180363 ns
[2023-11-15T22:07:22.694+0000][7][safepoint   ] Safepoint "Cleanup", Time since last: 1000113581 ns, Reaching safepoint: 121050 ns, At safepoint: 19525 ns, Total: 140575 ns
[2023-11-15T22:07:23.694+0000][7][safepoint   ] Safepoint "Cleanup", Time since last: 1000132706 ns, Reaching safepoint: 95378 ns, At safepoint: 4517 ns, Total: 99895 ns
[2023-11-15T22:07:24.695+0000][7][safepoint   ] Safepoint "Cleanup", Time since last: 1000097390 ns, Reaching safepoint: 79432 ns, At safepoint: 7430 ns, Total: 86862 ns
[2023-11-15T22:07:25.695+0000][7][safepoint   ] Safepoint "Cleanup", Time since last: 1000099999 ns, Reaching safepoint: 136287 ns, At safepoint: 6912 ns, Total: 143199 ns
[2023-11-15T22:07:25.996+0000][7][gc,start    ] GC(19) Pause Young (Normal) (G1 Evacuation Pause)
[2023-11-15T22:07:25.996+0000][7][gc,task     ] GC(19) Using 8 workers of 8 for evacuation
[2023-11-15T22:07:25.996+0000][7][gc,age      ] GC(19) Desired survivor size 20971520 bytes, new threshold 15 (max threshold 15)
[2023-11-15T22:07:26.012+0000][7][gc,age      ] GC(19) Age table with threshold 15 (max threshold 15)
[2023-11-15T22:07:26.012+0000][7][gc,age      ] GC(19) - age   1:    2198832 bytes,    2198832 total
[2023-11-15T22:07:26.012+0000][7][gc,age      ] GC(19) - age   2:    7381280 bytes,    9580112 total
[2023-11-15T22:07:26.012+0000][7][gc,age      ] GC(19) - age   3:   11185680 bytes,   20765792 total
[2023-11-15T22:07:26.012+0000][7][gc,phases   ] GC(19)   Pre Evacuate Collection Set: 0.1ms
[2023-11-15T22:07:26.012+0000][7][gc,phases   ] GC(19)   Merge Heap Roots: 0.1ms
[2023-11-15T22:07:26.012+0000][7][gc,phases   ] GC(19)   Evacuate Collection Set: 14.7ms
[2023-11-15T22:07:26.012+0000][7][gc,phases   ] GC(19)   Post Evacuate Collection Set: 1.0ms
[2023-11-15T22:07:26.012+0000][7][gc,phases   ] GC(19)   Other: 0.2ms
[2023-11-15T22:07:26.012+0000][7][gc,heap     ] GC(19) Eden regions: 69->0(70)
[2023-11-15T22:07:26.012+0000][7][gc,heap     ] GC(19) Survivor regions: 6->6(10)
[2023-11-15T22:07:26.012+0000][7][gc,heap     ] GC(19) Old regions: 17->17
[2023-11-15T22:07:26.012+0000][7][gc,heap     ] GC(19) Archive regions: 2->2
[2023-11-15T22:07:26.012+0000][7][gc,heap     ] GC(19) Humongous regions: 5->5
[2023-11-15T22:07:26.012+0000][7][gc,metaspace] GC(19) Metaspace: 112608K(114176K)->112608K(114176K) NonClass: 97223K(98176K)->97223K(98176K) Class: 15384K(16000K)->15384K(16000K)
[2023-11-15T22:07:26.012+0000][7][gc          ] GC(19) Pause Young (Normal) (G1 Evacuation Pause) 388M->113M(512M) 16.206ms
[2023-11-15T22:07:26.012+0000][7][gc,cpu      ] GC(19) User=0.08s Sys=0.00s Real=0.01s
[2023-11-15T22:07:26.012+0000][7][safepoint   ] Safepoint "G1CollectForAllocation", Time since last: 300987009 ns, Reaching safepoint: 263678 ns, At safepoint: 16295424 ns, Total: 16559102 ns
[2023-11-15T22:07:27.013+0000][7][safepoint   ] Safepoint "Cleanup", Time since last: 1000240751 ns, Reaching safepoint: 84742 ns, At safepoint: 9377 ns, Total: 94119 ns
[2023-11-15T22:07:28.013+0000][7][safepoint   ] Safepoint "Cleanup", Time since last: 1000117544 ns, Reaching safepoint: 109888 ns, At safepoint: 4126 ns, Total: 114014 ns
[2023-11-15T22:07:29.393+0000][7][safepoint   ] Safepoint "Cleanup", Time since last: 1379871487 ns, Reaching safepoint: 261721 ns, At safepoint: 7221 ns, Total: 268942 ns
[2023-11-15T22:07:30.393+0000][7][safepoint   ] Safepoint "Cleanup", Time since last: 1000121076 ns, Reaching safepoint: 64772 ns, At safepoint: 3570 ns, Total: 68342 ns
[2023-11-15T22:07:31.393+0000][7][safepoint   ] Safepoint "Cleanup", Time since last: 1000103451 ns, Reaching safepoint: 148123 ns, At safepoint: 3809 ns, Total: 151932 ns
[2023-11-15T22:07:32.394+0000][7][safepoint   ] Safepoint "Cleanup", Time since last: 1000128303 ns, Reaching safepoint: 145373 ns, At safepoint: 5393 ns, Total: 150766 ns
[2023-11-15T22:07:33.394+0000][7][safepoint   ] Safepoint "Cleanup", Time since last: 1000121324 ns, Reaching safepoint: 107461 ns, At safepoint: 4645 ns, Total: 112106 ns
[2023-11-15T22:07:34.394+0000][7][safepoint   ] Safepoint "Cleanup", Time since last: 1000118078 ns, Reaching safepoint: 71033 ns, At safepoint: 7469 ns, Total: 78502 ns
[2023-11-15T22:07:35.395+0000][7][safepoint   ] Safepoint "Cleanup", Time since last: 1000393661 ns, Reaching safepoint: 91902 ns, At safepoint: 9446 ns, Total: 101348 ns
[2023-11-15T22:07:36.395+0000][7][safepoint   ] Safepoint "Cleanup", Time since last: 1000122448 ns, Reaching safepoint: 65799 ns, At safepoint: 10436 ns, Total: 76235 ns
[2023-11-15T22:07:37.395+0000][7][safepoint   ] Safepoint "Cleanup", Time since last: 1000131542 ns, Reaching safepoint: 85080 ns, At safepoint: 7003 ns, Total: 92083 ns
[2023-11-15T22:07:38.395+0000][7][safepoint   ] Safepoint "Cleanup", Time since last: 1000126807 ns, Reaching safepoint: 184557 ns, At safepoint: 14687 ns, Total: 199244 ns
[2023-11-15T22:07:39.396+0000][7][safepoint   ] Safepoint "Cleanup", Time since last: 1000128208 ns, Reaching safepoint: 107141 ns, At safepoint: 11306 ns, Total: 118447 ns
[2023-11-15T22:07:40.396+0000][7][safepoint   ] Safepoint "Cleanup", Time since last: 1000145460 ns, Reaching safepoint: 139582 ns, At safepoint: 15155 ns, Total: 154737 ns
[2023-11-15T22:07:41.396+0000][7][safepoint   ] Safepoint "Cleanup", Time since last: 1000198851 ns, Reaching safepoint: 251106 ns, At safepoint: 9783 ns, Total: 260889 ns
[2023-11-15T22:07:42.398+0000][7][safepoint   ] Safepoint "Cleanup", Time since last: 1001295712 ns, Reaching safepoint: 144321 ns, At safepoint: 9695 ns, Total: 154016 ns
[2023-11-15T22:07:43.398+0000][7][safepoint   ] Safepoint "Cleanup", Time since last: 1000124704 ns, Reaching safepoint: 74439 ns, At safepoint: 4390 ns, Total: 78829 ns
[2023-11-15T22:07:44.399+0000][7][safepoint   ] Safepoint "Cleanup", Time since last: 1000113451 ns, Reaching safepoint: 366552 ns, At safepoint: 10112 ns, Total: 376664 ns
[2023-11-15T22:07:45.399+0000][7][safepoint   ] Safepoint "Cleanup", Time since last: 1000305325 ns, Reaching safepoint: 290024 ns, At safepoint: 14592 ns, Total: 304616 ns
[2023-11-15T22:07:46.585+0000][7][gc,start    ] GC(20) Pause Young (Normal) (G1 Evacuation Pause)
[2023-11-15T22:07:46.585+0000][7][gc,task     ] GC(20) Using 8 workers of 8 for evacuation
[2023-11-15T22:07:46.585+0000][7][gc,age      ] GC(20) Desired survivor size 20971520 bytes, new threshold 15 (max threshold 15)
[2023-11-15T22:07:46.617+0000][7][gc,age      ] GC(20) Age table with threshold 15 (max threshold 15)
[2023-11-15T22:07:46.617+0000][7][gc,age      ] GC(20) - age   1:    1661272 bytes,    1661272 total
[2023-11-15T22:07:46.617+0000][7][gc,age      ] GC(20) - age   2:    1970792 bytes,    3632064 total
[2023-11-15T22:07:46.617+0000][7][gc,age      ] GC(20) - age   3:    7326584 bytes,   10958648 total
[2023-11-15T22:07:46.617+0000][7][gc,age      ] GC(20) - age   4:   11185264 bytes,   22143912 total
[2023-11-15T22:07:46.617+0000][7][gc,phases   ] GC(20)   Pre Evacuate Collection Set: 0.1ms
[2023-11-15T22:07:46.617+0000][7][gc,phases   ] GC(20)   Merge Heap Roots: 0.1ms
[2023-11-15T22:07:46.617+0000][7][gc,phases   ] GC(20)   Evacuate Collection Set: 29.4ms
[2023-11-15T22:07:46.617+0000][7][gc,phases   ] GC(20)   Post Evacuate Collection Set: 2.3ms
[2023-11-15T22:07:46.617+0000][7][gc,phases   ] GC(20)   Other: 0.4ms
[2023-11-15T22:07:46.617+0000][7][gc,heap     ] GC(20) Eden regions: 70->0(70)
[2023-11-15T22:07:46.617+0000][7][gc,heap     ] GC(20) Survivor regions: 6->6(10)
[2023-11-15T22:07:46.617+0000][7][gc,heap     ] GC(20) Old regions: 17->17
[2023-11-15T22:07:46.617+0000][7][gc,heap     ] GC(20) Archive regions: 2->2
[2023-11-15T22:07:46.617+0000][7][gc,heap     ] GC(20) Humongous regions: 5->5
[2023-11-15T22:07:46.617+0000][7][gc,metaspace] GC(20) Metaspace: 112790K(114368K)->112790K(114368K) NonClass: 97404K(98368K)->97404K(98368K) Class: 15385K(16000K)->15385K(16000K)
[2023-11-15T22:07:46.617+0000][7][gc          ] GC(20) Pause Young (Normal) (G1 Evacuation Pause) 393M->114M(512M) 32.449ms
[2023-11-15T22:07:46.617+0000][7][gc,cpu      ] GC(20) User=0.08s Sys=0.00s Real=0.03s
[2023-11-15T22:07:46.617+0000][7][safepoint   ] Safepoint "G1CollectForAllocation", Time since last: 1185044891 ns, Reaching safepoint: 641433 ns, At safepoint: 32592372 ns, Total: 33233805 ns
[2023-11-15T22:07:47.618+0000][7][safepoint   ] Safepoint "Cleanup", Time since last: 1000107583 ns, Reaching safepoint: 259710 ns, At safepoint: 10102 ns, Total: 269812 ns
[2023-11-15T22:07:48.618+0000][7][safepoint   ] Safepoint "Cleanup", Time since last: 1000167671 ns, Reaching safepoint: 59015 ns, At safepoint: 7381 ns, Total: 66396 ns
[2023-11-15T22:07:49.618+0000][7][safepoint   ] Safepoint "Cleanup", Time since last: 1000093434 ns, Reaching safepoint: 160393 ns, At safepoint: 7190 ns, Total: 167583 ns
[2023-11-15T22:07:50.619+0000][7][safepoint   ] Safepoint "Cleanup", Time since last: 1000103267 ns, Reaching safepoint: 218537 ns, At safepoint: 6592 ns, Total: 225129 ns
[2023-11-15T22:07:51.619+0000][7][safepoint   ] Safepoint "Cleanup", Time since last: 1000115062 ns, Reaching safepoint: 88904 ns, At safepoint: 7020 ns, Total: 95924 ns
[2023-11-15T22:07:52.619+0000][7][safepoint   ] Safepoint "Cleanup", Time since last: 1000123740 ns, Reaching safepoint: 188715 ns, At safepoint: 9104 ns, Total: 197819 ns
[2023-11-15T22:07:53.619+0000][7][safepoint   ] Safepoint "Cleanup", Time since last: 1000129099 ns, Reaching safepoint: 97811 ns, At safepoint: 5705 ns, Total: 103516 ns
[2023-11-15T22:07:54.620+0000][7][safepoint   ] Safepoint "Cleanup", Time since last: 1000113911 ns, Reaching safepoint: 62722 ns, At safepoint: 10304 ns, Total: 73026 ns
[2023-11-15T22:07:55.622+0000][7][safepoint   ] Safepoint "Cleanup", Time since last: 1000120936 ns, Reaching safepoint: 2201563 ns, At safepoint: 26118 ns, Total: 2227681 ns
[2023-11-15T22:07:56.622+0000][7][safepoint   ] Safepoint "Cleanup", Time since last: 1000127504 ns, Reaching safepoint: 94454 ns, At safepoint: 10474 ns, Total: 104928 ns
[2023-11-15T22:07:57.623+0000][7][safepoint   ] Safepoint "Cleanup", Time since last: 1001064454 ns, Reaching safepoint: 59999 ns, At safepoint: 10167 ns, Total: 70166 ns
[2023-11-15T22:07:58.624+0000][7][safepoint   ] Safepoint "Cleanup", Time since last: 1000587764 ns, Reaching safepoint: 60204 ns, At safepoint: 4932 ns, Total: 65136 ns
[2023-11-15T22:07:59.624+0000][7][safepoint   ] Safepoint "Cleanup", Time since last: 1000121030 ns, Reaching safepoint: 66203 ns, At safepoint: 4356 ns, Total: 70559 ns
[2023-11-15T22:08:00.624+0000][7][safepoint   ] Safepoint "Cleanup", Time since last: 1000114122 ns, Reaching safepoint: 82414 ns, At safepoint: 5102 ns, Total: 87516 ns
[2023-11-15T22:08:01.625+0000][7][safepoint   ] Safepoint "Cleanup", Time since last: 1000106214 ns, Reaching safepoint: 231676 ns, At safepoint: 13921 ns, Total: 245597 ns
[2023-11-15T22:08:03.138+0000][7][safepoint   ] Safepoint "Cleanup", Time since last: 1512888862 ns, Reaching safepoint: 174610 ns, At safepoint: 12263 ns, Total: 186873 ns
[2023-11-15T22:08:04.191+0000][7][safepoint   ] Safepoint "Cleanup", Time since last: 1052697728 ns, Reaching safepoint: 255392 ns, At safepoint: 10770 ns, Total: 266162 ns
[2023-11-15T22:08:04.652+0000][7][gc,start    ] GC(21) Pause Young (Normal) (G1 Evacuation Pause)
[2023-11-15T22:08:04.652+0000][7][gc,task     ] GC(21) Using 8 workers of 8 for evacuation
[2023-11-15T22:08:04.652+0000][7][gc,age      ] GC(21) Desired survivor size 20971520 bytes, new threshold 4 (max threshold 15)
[2023-11-15T22:08:04.686+0000][7][gc,age      ] GC(21) Age table with threshold 4 (max threshold 15)
[2023-11-15T22:08:04.686+0000][7][gc,age      ] GC(21) - age   1:    1978872 bytes,    1978872 total
[2023-11-15T22:08:04.686+0000][7][gc,age      ] GC(21) - age   2:     494552 bytes,    2473424 total
[2023-11-15T22:08:04.686+0000][7][gc,age      ] GC(21) - age   3:    1638176 bytes,    4111600 total
[2023-11-15T22:08:04.686+0000][7][gc,age      ] GC(21) - age   4:    7325160 bytes,   11436760 total
[2023-11-15T22:08:04.686+0000][7][gc,phases   ] GC(21)   Pre Evacuate Collection Set: 0.1ms
[2023-11-15T22:08:04.686+0000][7][gc,phases   ] GC(21)   Merge Heap Roots: 0.1ms
[2023-11-15T22:08:04.686+0000][7][gc,phases   ] GC(21)   Evacuate Collection Set: 32.5ms
[2023-11-15T22:08:04.686+0000][7][gc,phases   ] GC(21)   Post Evacuate Collection Set: 1.2ms
[2023-11-15T22:08:04.686+0000][7][gc,phases   ] GC(21)   Other: 0.3ms
[2023-11-15T22:08:04.686+0000][7][gc,heap     ] GC(21) Eden regions: 70->0(71)
[2023-11-15T22:08:04.686+0000][7][gc,heap     ] GC(21) Survivor regions: 6->4(10)
[2023-11-15T22:08:04.686+0000][7][gc,heap     ] GC(21) Old regions: 17->20
[2023-11-15T22:08:04.686+0000][7][gc,heap     ] GC(21) Archive regions: 2->2
[2023-11-15T22:08:04.686+0000][7][gc,heap     ] GC(21) Humongous regions: 5->5
[2023-11-15T22:08:04.686+0000][7][gc,metaspace] GC(21) Metaspace: 113018K(114560K)->113018K(114560K) NonClass: 97630K(98560K)->97630K(98560K) Class: 15387K(16000K)->15387K(16000K)
[2023-11-15T22:08:04.686+0000][7][gc          ] GC(21) Pause Young (Normal) (G1 Evacuation Pause) 394M->114M(512M) 34.215ms
[2023-11-15T22:08:04.686+0000][7][gc,cpu      ] GC(21) User=0.07s Sys=0.02s Real=0.04s
[2023-11-15T22:08:04.686+0000][7][safepoint   ] Safepoint "G1CollectForAllocation", Time since last: 461285681 ns, Reaching safepoint: 104113 ns, At safepoint: 34314742 ns, Total: 34418855 ns
[2023-11-15T22:08:05.687+0000][7][safepoint   ] Safepoint "Cleanup", Time since last: 1000092814 ns, Reaching safepoint: 137952 ns, At safepoint: 5537 ns, Total: 143489 ns
[2023-11-15T22:08:06.687+0000][7][safepoint   ] Safepoint "Cleanup", Time since last: 1000114003 ns, Reaching safepoint: 70091 ns, At safepoint: 10233 ns, Total: 80324 ns
[2023-11-15T22:08:07.687+0000][7][safepoint   ] Safepoint "Cleanup", Time since last: 1000101091 ns, Reaching safepoint: 56432 ns, At safepoint: 5895 ns, Total: 62327 ns
[2023-11-15T22:08:08.688+0000][7][safepoint   ] Safepoint "Cleanup", Time since last: 1000108022 ns, Reaching safepoint: 613315 ns, At safepoint: 72001 ns, Total: 685316 ns
[2023-11-15T22:08:09.688+0000][7][safepoint   ] Safepoint "Cleanup", Time since last: 1000133720 ns, Reaching safepoint: 56022 ns, At safepoint: 4492 ns, Total: 60514 ns
[2023-11-15T22:08:10.688+0000][7][safepoint   ] Safepoint "Cleanup", Time since last: 1000090819 ns, Reaching safepoint: 89333 ns, At safepoint: 10410 ns, Total: 99743 ns
[2023-11-15T22:08:11.688+0000][7][safepoint   ] Safepoint "Cleanup", Time since last: 1000104613 ns, Reaching safepoint: 61746 ns, At safepoint: 11053 ns, Total: 72799 ns
[2023-11-15T22:08:12.689+0000][7][safepoint   ] Safepoint "Cleanup", Time since last: 1000110539 ns, Reaching safepoint: 49484 ns, At safepoint: 3544 ns, Total: 53028 ns
[2023-11-15T22:08:13.689+0000][7][safepoint   ] Safepoint "Cleanup", Time since last: 1000139346 ns, Reaching safepoint: 161081 ns, At safepoint: 9269 ns, Total: 170350 ns
[2023-11-15T22:08:14.689+0000][7][safepoint   ] Safepoint "Cleanup", Time since last: 1000130811 ns, Reaching safepoint: 32540 ns, At safepoint: 6104 ns, Total: 38644 ns
[2023-11-15T22:08:15.689+0000][7][safepoint   ] Safepoint "Cleanup", Time since last: 1000126337 ns, Reaching safepoint: 38420 ns, At safepoint: 6995 ns, Total: 45415 ns
[2023-11-15T22:08:16.690+0000][7][safepoint   ] Safepoint "Cleanup", Time since last: 1000131098 ns, Reaching safepoint: 152704 ns, At safepoint: 8068 ns, Total: 160772 ns
[2023-11-15T22:08:17.690+0000][7][safepoint   ] Safepoint "Cleanup", Time since last: 1000169241 ns, Reaching safepoint: 155147 ns, At safepoint: 8528 ns, Total: 163675 ns
[2023-11-15T22:08:18.690+0000][7][safepoint   ] Safepoint "Cleanup", Time since last: 1000093076 ns, Reaching safepoint: 51825 ns, At safepoint: 4992 ns, Total: 56817 ns
[2023-11-15T22:08:19.690+0000][7][safepoint   ] Safepoint "Cleanup", Time since last: 1000098278 ns, Reaching safepoint: 66729 ns, At safepoint: 9473 ns, Total: 76202 ns
[2023-11-15T22:08:20.690+0000][7][safepoint   ] Safepoint "Cleanup", Time since last: 1000107559 ns, Reaching safepoint: 79778 ns, At safepoint: 4040 ns, Total: 83818 ns
[2023-11-15T22:08:21.691+0000][7][safepoint   ] Safepoint "Cleanup", Time since last: 1000130130 ns, Reaching safepoint: 56538 ns, At safepoint: 11644 ns, Total: 68182 ns
[2023-11-15T22:08:22.138+0000][7][gc,start    ] GC(22) Pause Young (Normal) (G1 Evacuation Pause)
[2023-11-15T22:08:22.138+0000][7][gc,task     ] GC(22) Using 8 workers of 8 for evacuation
[2023-11-15T22:08:22.138+0000][7][gc,age      ] GC(22) Desired survivor size 20971520 bytes, new threshold 15 (max threshold 15)
[2023-11-15T22:08:22.149+0000][7][gc,age      ] GC(22) Age table with threshold 15 (max threshold 15)
[2023-11-15T22:08:22.149+0000][7][gc,age      ] GC(22) - age   1:    1820864 bytes,    1820864 total
[2023-11-15T22:08:22.149+0000][7][gc,age      ] GC(22) - age   2:     665968 bytes,    2486832 total
[2023-11-15T22:08:22.149+0000][7][gc,age      ] GC(22) - age   3:     453640 bytes,    2940472 total
[2023-11-15T22:08:22.149+0000][7][gc,age      ] GC(22) - age   4:    1496288 bytes,    4436760 total
[2023-11-15T22:08:22.149+0000][7][gc,age      ] GC(22) - age   5:    7324312 bytes,   11761072 total
[2023-11-15T22:08:22.149+0000][7][gc,phases   ] GC(22)   Pre Evacuate Collection Set: 0.1ms
[2023-11-15T22:08:22.149+0000][7][gc,phases   ] GC(22)   Merge Heap Roots: 0.1ms
[2023-11-15T22:08:22.149+0000][7][gc,phases   ] GC(22)   Evacuate Collection Set: 8.8ms
[2023-11-15T22:08:22.149+0000][7][gc,phases   ] GC(22)   Post Evacuate Collection Set: 1.3ms
[2023-11-15T22:08:22.149+0000][7][gc,phases   ] GC(22)   Other: 0.3ms
[2023-11-15T22:08:22.149+0000][7][gc,heap     ] GC(22) Eden regions: 71->0(72)
[2023-11-15T22:08:22.149+0000][7][gc,heap     ] GC(22) Survivor regions: 4->4(10)
[2023-11-15T22:08:22.149+0000][7][gc,heap     ] GC(22) Old regions: 20->20
[2023-11-15T22:08:22.149+0000][7][gc,heap     ] GC(22) Archive regions: 2->2
[2023-11-15T22:08:22.149+0000][7][gc,heap     ] GC(22) Humongous regions: 5->5
[2023-11-15T22:08:22.149+0000][7][gc,metaspace] GC(22) Metaspace: 113140K(114688K)->113140K(114688K) NonClass: 97752K(98688K)->97752K(98688K) Class: 15388K(16000K)->15388K(16000K)
[2023-11-15T22:08:22.149+0000][7][gc          ] GC(22) Pause Young (Normal) (G1 Evacuation Pause) 398M->114M(512M) 10.576ms
[2023-11-15T22:08:22.149+0000][7][gc,cpu      ] GC(22) User=0.03s Sys=0.00s Real=0.01s
[2023-11-15T22:08:22.149+0000][7][safepoint   ] Safepoint "G1CollectForAllocation", Time since last: 447615621 ns, Reaching safepoint: 56765 ns, At safepoint: 10659073 ns, Total: 10715838 ns
[2023-11-15T22:08:23.149+0000][7][safepoint   ] Safepoint "Cleanup", Time since last: 1000093628 ns, Reaching safepoint: 86233 ns, At safepoint: 7497 ns, Total: 93730 ns
[2023-11-15T22:08:24.149+0000][7][safepoint   ] Safepoint "Cleanup", Time since last: 1000098257 ns, Reaching safepoint: 152478 ns, At safepoint: 6886 ns, Total: 159364 ns
[2023-11-15T22:08:25.150+0000][7][safepoint   ] Safepoint "Cleanup", Time since last: 1000140372 ns, Reaching safepoint: 40725 ns, At safepoint: 3931 ns, Total: 44656 ns
[2023-11-15T22:08:26.150+0000][7][safepoint   ] Safepoint "Cleanup", Time since last: 1000111404 ns, Reaching safepoint: 199040 ns, At safepoint: 6914 ns, Total: 205954 ns
[2023-11-15T22:08:27.424+0000][7][safepoint   ] Safepoint "Cleanup", Time since last: 1274402504 ns, Reaching safepoint: 111023 ns, At safepoint: 6654 ns, Total: 117677 ns
[2023-11-15T22:08:28.425+0000][7][safepoint   ] Safepoint "Cleanup", Time since last: 1000116111 ns, Reaching safepoint: 40936 ns, At safepoint: 3528 ns, Total: 44464 ns
[2023-11-15T22:08:29.425+0000][7][safepoint   ] Safepoint "Cleanup", Time since last: 1000108777 ns, Reaching safepoint: 88260 ns, At safepoint: 8044 ns, Total: 96304 ns
[2023-11-15T22:08:30.425+0000][7][safepoint   ] Safepoint "Cleanup", Time since last: 1000104013 ns, Reaching safepoint: 67588 ns, At safepoint: 10054 ns, Total: 77642 ns
[2023-11-15T22:08:31.425+0000][7][safepoint   ] Safepoint "Cleanup", Time since last: 1000110717 ns, Reaching safepoint: 63839 ns, At safepoint: 10879 ns, Total: 74718 ns
[2023-11-15T22:08:32.431+0000][7][safepoint   ] Safepoint "Cleanup", Time since last: 1001744553 ns, Reaching safepoint: 4121066 ns, At safepoint: 25600 ns, Total: 4146666 ns
[2023-11-15T22:08:33.431+0000][7][safepoint   ] Safepoint "Cleanup", Time since last: 1000115547 ns, Reaching safepoint: 79012 ns, At safepoint: 10052 ns, Total: 89064 ns
[2023-11-15T22:08:34.431+0000][7][safepoint   ] Safepoint "Cleanup", Time since last: 1000103937 ns, Reaching safepoint: 80631 ns, At safepoint: 9530 ns, Total: 90161 ns
[2023-11-15T22:08:35.432+0000][7][safepoint   ] Safepoint "Cleanup", Time since last: 1000102164 ns, Reaching safepoint: 166911 ns, At safepoint: 13225 ns, Total: 180136 ns
[2023-11-15T22:08:36.432+0000][7][safepoint   ] Safepoint "Cleanup", Time since last: 1000162674 ns, Reaching safepoint: 108108 ns, At safepoint: 6187 ns, Total: 114295 ns
[2023-11-15T22:08:37.432+0000][7][safepoint   ] Safepoint "Cleanup", Time since last: 1000133018 ns, Reaching safepoint: 41611 ns, At safepoint: 3471 ns, Total: 45082 ns
[2023-11-15T22:08:38.344+0000][7][gc,start    ] GC(23) Pause Young (Normal) (G1 Evacuation Pause)
[2023-11-15T22:08:38.344+0000][7][gc,task     ] GC(23) Using 8 workers of 8 for evacuation
[2023-11-15T22:08:38.344+0000][7][gc,age      ] GC(23) Desired survivor size 20971520 bytes, new threshold 15 (max threshold 15)
[2023-11-15T22:08:38.356+0000][7][gc,age      ] GC(23) Age table with threshold 15 (max threshold 15)
[2023-11-15T22:08:38.356+0000][7][gc,age      ] GC(23) - age   1:    1825992 bytes,    1825992 total
[2023-11-15T22:08:38.356+0000][7][gc,age      ] GC(23) - age   2:     649296 bytes,    2475288 total
[2023-11-15T22:08:38.356+0000][7][gc,age      ] GC(23) - age   3:     516104 bytes,    2991392 total
[2023-11-15T22:08:38.356+0000][7][gc,age      ] GC(23) - age   4:     452832 bytes,    3444224 total
[2023-11-15T22:08:38.356+0000][7][gc,age      ] GC(23) - age   5:    1495720 bytes,    4939944 total
[2023-11-15T22:08:38.356+0000][7][gc,age      ] GC(23) - age   6:    7324032 bytes,   12263976 total
[2023-11-15T22:08:38.356+0000][7][gc,phases   ] GC(23)   Pre Evacuate Collection Set: 0.1ms
[2023-11-15T22:08:38.356+0000][7][gc,phases   ] GC(23)   Merge Heap Roots: 0.1ms
[2023-11-15T22:08:38.356+0000][7][gc,phases   ] GC(23)   Evacuate Collection Set: 10.1ms
[2023-11-15T22:08:38.356+0000][7][gc,phases   ] GC(23)   Post Evacuate Collection Set: 1.3ms
[2023-11-15T22:08:38.356+0000][7][gc,phases   ] GC(23)   Other: 0.2ms
[2023-11-15T22:08:38.356+0000][7][gc,heap     ] GC(23) Eden regions: 72->0(72)
[2023-11-15T22:08:38.356+0000][7][gc,heap     ] GC(23) Survivor regions: 4->4(10)
[2023-11-15T22:08:38.356+0000][7][gc,heap     ] GC(23) Old regions: 20->20
[2023-11-15T22:08:38.356+0000][7][gc,heap     ] GC(23) Archive regions: 2->2
[2023-11-15T22:08:38.356+0000][7][gc,heap     ] GC(23) Humongous regions: 5->5
[2023-11-15T22:08:38.356+0000][7][gc,metaspace] GC(23) Metaspace: 113280K(114880K)->113280K(114880K) NonClass: 97889K(98880K)->97889K(98880K) Class: 15390K(16000K)->15390K(16000K)
[2023-11-15T22:08:38.356+0000][7][gc          ] GC(23) Pause Young (Normal) (G1 Evacuation Pause) 402M->115M(512M) 11.949ms
[2023-11-15T22:08:38.356+0000][7][gc,cpu      ] GC(23) User=0.03s Sys=0.00s Real=0.02s
[2023-11-15T22:08:38.356+0000][7][safepoint   ] Safepoint "G1CollectForAllocation", Time since last: 911512877 ns, Reaching safepoint: 152280 ns, At safepoint: 12039717 ns, Total: 12191997 ns
[2023-11-15T22:08:39.356+0000][7][safepoint   ] Safepoint "Cleanup", Time since last: 1000089916 ns, Reaching safepoint: 73474 ns, At safepoint: 4575 ns, Total: 78049 ns
[2023-11-15T22:08:40.356+0000][7][safepoint   ] Safepoint "Cleanup", Time since last: 1000140493 ns, Reaching safepoint: 44351 ns, At safepoint: 4989 ns, Total: 49340 ns
[2023-11-15T22:08:41.356+0000][7][safepoint   ] Safepoint "Cleanup", Time since last: 1000119699 ns, Reaching safepoint: 68390 ns, At safepoint: 4886 ns, Total: 73276 ns
[2023-11-15T22:08:42.357+0000][7][safepoint   ] Safepoint "Cleanup", Time since last: 1000125437 ns, Reaching safepoint: 56283 ns, At safepoint: 5380 ns, Total: 61663 ns
[2023-11-15T22:08:43.357+0000][7][safepoint   ] Safepoint "Cleanup", Time since last: 1000100436 ns, Reaching safepoint: 46267 ns, At safepoint: 4617 ns, Total: 50884 ns
[2023-11-15T22:08:44.357+0000][7][safepoint   ] Safepoint "Cleanup", Time since last: 1000127093 ns, Reaching safepoint: 73616 ns, At safepoint: 10419 ns, Total: 84035 ns
[2023-11-15T22:08:45.357+0000][7][safepoint   ] Safepoint "Cleanup", Time since last: 1000121530 ns, Reaching safepoint: 103648 ns, At safepoint: 4468 ns, Total: 108116 ns
[2023-11-15T22:08:46.357+0000][7][safepoint   ] Safepoint "Cleanup", Time since last: 1000145027 ns, Reaching safepoint: 109621 ns, At safepoint: 8135 ns, Total: 117756 ns
[2023-11-15T22:08:47.358+0000][7][safepoint   ] Safepoint "Cleanup", Time since last: 1000123414 ns, Reaching safepoint: 120606 ns, At safepoint: 5570 ns, Total: 126176 ns
[2023-11-15T22:08:49.216+0000][7][safepoint   ] Safepoint "Cleanup", Time since last: 1858480588 ns, Reaching safepoint: 99518 ns, At safepoint: 6552 ns, Total: 106070 ns
[2023-11-15T22:08:50.217+0000][7][safepoint   ] Safepoint "Cleanup", Time since last: 1000151327 ns, Reaching safepoint: 65012 ns, At safepoint: 6825 ns, Total: 71837 ns
[2023-11-15T22:08:51.217+0000][7][safepoint   ] Safepoint "Cleanup", Time since last: 1000102594 ns, Reaching safepoint: 44612 ns, At safepoint: 4129 ns, Total: 48741 ns
[2023-11-15T22:08:52.217+0000][7][safepoint   ] Safepoint "Cleanup", Time since last: 1000190313 ns, Reaching safepoint: 57722 ns, At safepoint: 9361 ns, Total: 67083 ns
[2023-11-15T22:08:53.217+0000][7][safepoint   ] Safepoint "Cleanup", Time since last: 1000140282 ns, Reaching safepoint: 72363 ns, At safepoint: 11446 ns, Total: 83809 ns
[2023-11-15T22:08:54.217+0000][7][safepoint   ] Safepoint "Cleanup", Time since last: 1000153560 ns, Reaching safepoint: 126177 ns, At safepoint: 5741 ns, Total: 131918 ns
[2023-11-15T22:08:55.480+0000][7][gc,start    ] GC(24) Pause Young (Normal) (G1 Evacuation Pause)
[2023-11-15T22:08:55.480+0000][7][gc,task     ] GC(24) Using 8 workers of 8 for evacuation
[2023-11-15T22:08:55.480+0000][7][gc,age      ] GC(24) Desired survivor size 20971520 bytes, new threshold 15 (max threshold 15)
[2023-11-15T22:08:55.492+0000][7][gc,age      ] GC(24) Age table with threshold 15 (max threshold 15)
[2023-11-15T22:08:55.492+0000][7][gc,age      ] GC(24) - age   1:    2018136 bytes,    2018136 total
[2023-11-15T22:08:55.492+0000][7][gc,age      ] GC(24) - age   2:     468304 bytes,    2486440 total
[2023-11-15T22:08:55.492+0000][7][gc,age      ] GC(24) - age   3:     506632 bytes,    2993072 total
[2023-11-15T22:08:55.492+0000][7][gc,age      ] GC(24) - age   4:     417368 bytes,    3410440 total
[2023-11-15T22:08:55.492+0000][7][gc,age      ] GC(24) - age   5:     452832 bytes,    3863272 total
[2023-11-15T22:08:55.492+0000][7][gc,age      ] GC(24) - age   6:    1495720 bytes,    5358992 total
[2023-11-15T22:08:55.492+0000][7][gc,age      ] GC(24) - age   7:    7323840 bytes,   12682832 total
[2023-11-15T22:08:55.492+0000][7][gc,phases   ] GC(24)   Pre Evacuate Collection Set: 0.1ms
[2023-11-15T22:08:55.492+0000][7][gc,phases   ] GC(24)   Merge Heap Roots: 0.1ms
[2023-11-15T22:08:55.492+0000][7][gc,phases   ] GC(24)   Evacuate Collection Set: 11.5ms
[2023-11-15T22:08:55.492+0000][7][gc,phases   ] GC(24)   Post Evacuate Collection Set: 0.9ms
[2023-11-15T22:08:55.492+0000][7][gc,phases   ] GC(24)   Other: 0.3ms
[2023-11-15T22:08:55.492+0000][7][gc,heap     ] GC(24) Eden regions: 72->0(72)
[2023-11-15T22:08:55.492+0000][7][gc,heap     ] GC(24) Survivor regions: 4->4(10)
[2023-11-15T22:08:55.492+0000][7][gc,heap     ] GC(24) Old regions: 20->20
[2023-11-15T22:08:55.492+0000][7][gc,heap     ] GC(24) Archive regions: 2->2
[2023-11-15T22:08:55.492+0000][7][gc,heap     ] GC(24) Humongous regions: 5->5
[2023-11-15T22:08:55.492+0000][7][gc,metaspace] GC(24) Metaspace: 113380K(115008K)->113380K(115008K) NonClass: 97987K(99008K)->97987K(99008K) Class: 15393K(16000K)->15393K(16000K)
[2023-11-15T22:08:55.492+0000][7][gc          ] GC(24) Pause Young (Normal) (G1 Evacuation Pause) 403M->114M(512M) 12.876ms
[2023-11-15T22:08:55.493+0000][7][gc,cpu      ] GC(24) User=0.03s Sys=0.00s Real=0.01s
[2023-11-15T22:08:55.493+0000][7][safepoint   ] Safepoint "G1CollectForAllocation", Time since last: 1262022171 ns, Reaching safepoint: 108589 ns, At safepoint: 12972569 ns, Total: 13081158 ns
[2023-11-15T22:08:56.493+0000][7][safepoint   ] Safepoint "Cleanup", Time since last: 1000085567 ns, Reaching safepoint: 87374 ns, At safepoint: 11840 ns, Total: 99214 ns
[2023-11-15T22:08:57.493+0000][7][safepoint   ] Safepoint "Cleanup", Time since last: 1000108866 ns, Reaching safepoint: 85842 ns, At safepoint: 4075 ns, Total: 89917 ns
[2023-11-15T22:08:59.493+0000][7][safepoint   ] Safepoint "Cleanup", Time since last: 2000199961 ns, Reaching safepoint: 197239 ns, At safepoint: 9268 ns, Total: 206507 ns
[2023-11-15T22:09:01.494+0000][7][safepoint   ] Safepoint "Cleanup", Time since last: 2000207023 ns, Reaching safepoint: 66326 ns, At safepoint: 3449 ns, Total: 69775 ns
[2023-11-15T22:09:02.494+0000][7][safepoint   ] Safepoint "Cleanup", Time since last: 1000107757 ns, Reaching safepoint: 82221 ns, At safepoint: 7285 ns, Total: 89506 ns
[2023-11-15T22:09:04.494+0000][7][safepoint   ] Safepoint "Cleanup", Time since last: 2000207375 ns, Reaching safepoint: 64723 ns, At safepoint: 6973 ns, Total: 71696 ns
[2023-11-15T22:09:05.494+0000][7][safepoint   ] Safepoint "Cleanup", Time since last: 1000099902 ns, Reaching safepoint: 94094 ns, At safepoint: 8378 ns, Total: 102472 ns
[2023-11-15T22:09:07.495+0000][7][safepoint   ] Safepoint "Cleanup", Time since last: 2000169134 ns, Reaching safepoint: 101582 ns, At safepoint: 3845 ns, Total: 105427 ns
[2023-11-15T22:09:08.495+0000][7][safepoint   ] Safepoint "Cleanup", Time since last: 1000109628 ns, Reaching safepoint: 54613 ns, At safepoint: 4252 ns, Total: 58865 ns
[2023-11-15T22:09:09.495+0000][7][safepoint   ] Safepoint "Cleanup", Time since last: 1000120131 ns, Reaching safepoint: 144046 ns, At safepoint: 6348 ns, Total: 150394 ns
[2023-11-15T22:09:11.424+0000][7][gc,start    ] GC(25) Pause Young (Normal) (G1 Evacuation Pause)
[2023-11-15T22:09:11.424+0000][7][gc,task     ] GC(25) Using 8 workers of 8 for evacuation
[2023-11-15T22:09:11.424+0000][7][gc,age      ] GC(25) Desired survivor size 20971520 bytes, new threshold 15 (max threshold 15)
[2023-11-15T22:09:11.434+0000][7][gc,age      ] GC(25) Age table with threshold 15 (max threshold 15)
[2023-11-15T22:09:11.434+0000][7][gc,age      ] GC(25) - age   1:    1917176 bytes,    1917176 total
[2023-11-15T22:09:11.434+0000][7][gc,age      ] GC(25) - age   2:     693944 bytes,    2611120 total
[2023-11-15T22:09:11.434+0000][7][gc,age      ] GC(25) - age   3:     309936 bytes,    2921056 total
[2023-11-15T22:09:11.434+0000][7][gc,age      ] GC(25) - age   4:     504816 bytes,    3425872 total
[2023-11-15T22:09:11.434+0000][7][gc,age      ] GC(25) - age   5:     416920 bytes,    3842792 total
[2023-11-15T22:09:11.434+0000][7][gc,age      ] GC(25) - age   6:     452696 bytes,    4295488 total
[2023-11-15T22:09:11.434+0000][7][gc,age      ] GC(25) - age   7:    1495064 bytes,    5790552 total
[2023-11-15T22:09:11.434+0000][7][gc,age      ] GC(25) - age   8:    7323840 bytes,   13114392 total
[2023-11-15T22:09:11.434+0000][7][gc,phases   ] GC(25)   Pre Evacuate Collection Set: 0.1ms
[2023-11-15T22:09:11.434+0000][7][gc,phases   ] GC(25)   Merge Heap Roots: 0.1ms
[2023-11-15T22:09:11.434+0000][7][gc,phases   ] GC(25)   Evacuate Collection Set: 8.9ms
[2023-11-15T22:09:11.434+0000][7][gc,phases   ] GC(25)   Post Evacuate Collection Set: 0.7ms
[2023-11-15T22:09:11.434+0000][7][gc,phases   ] GC(25)   Other: 0.2ms
[2023-11-15T22:09:11.434+0000][7][gc,heap     ] GC(25) Eden regions: 72->0(72)
[2023-11-15T22:09:11.434+0000][7][gc,heap     ] GC(25) Survivor regions: 4->4(10)
[2023-11-15T22:09:11.434+0000][7][gc,heap     ] GC(25) Old regions: 20->20
[2023-11-15T22:09:11.434+0000][7][gc,heap     ] GC(25) Archive regions: 2->2
[2023-11-15T22:09:11.434+0000][7][gc,heap     ] GC(25) Humongous regions: 5->5
[2023-11-15T22:09:11.434+0000][7][gc,metaspace] GC(25) Metaspace: 113502K(115136K)->113502K(115136K) NonClass: 98108K(99072K)->98108K(99072K) Class: 15394K(16064K)->15394K(16064K)
[2023-11-15T22:09:11.434+0000][7][gc          ] GC(25) Pause Young (Normal) (G1 Evacuation Pause) 402M->115M(512M) 10.052ms
[2023-11-15T22:09:11.434+0000][7][gc,cpu      ] GC(25) User=0.03s Sys=0.00s Real=0.01s
[2023-11-15T22:09:11.434+0000][7][safepoint   ] Safepoint "G1CollectForAllocation", Time since last: 1928628647 ns, Reaching safepoint: 65151 ns, At safepoint: 10151220 ns, Total: 10216371 ns
[2023-11-15T22:09:12.434+0000][7][safepoint   ] Safepoint "Cleanup", Time since last: 1000079638 ns, Reaching safepoint: 38486 ns, At safepoint: 4062 ns, Total: 42548 ns
[2023-11-15T22:09:13.434+0000][7][safepoint   ] Safepoint "Cleanup", Time since last: 1000139662 ns, Reaching safepoint: 50063 ns, At safepoint: 4969 ns, Total: 55032 ns
[2023-11-15T22:09:14.434+0000][7][safepoint   ] Safepoint "Cleanup", Time since last: 1000095927 ns, Reaching safepoint: 67370 ns, At safepoint: 4709 ns, Total: 72079 ns
[2023-11-15T22:09:15.434+0000][7][safepoint   ] Safepoint "Cleanup", Time since last: 1000102752 ns, Reaching safepoint: 69600 ns, At safepoint: 6424 ns, Total: 76024 ns
[2023-11-15T22:09:16.435+0000][7][safepoint   ] Safepoint "Cleanup", Time since last: 1000114928 ns, Reaching safepoint: 79669 ns, At safepoint: 6050 ns, Total: 85719 ns
[2023-11-15T22:09:17.435+0000][7][safepoint   ] Safepoint "Cleanup", Time since last: 1000120225 ns, Reaching safepoint: 69747 ns, At safepoint: 14264 ns, Total: 84011 ns
[2023-11-15T22:09:18.435+0000][7][safepoint   ] Safepoint "Cleanup", Time since last: 1000098581 ns, Reaching safepoint: 55606 ns, At safepoint: 3408 ns, Total: 59014 ns
[2023-11-15T22:09:19.435+0000][7][safepoint   ] Safepoint "Cleanup", Time since last: 1000107361 ns, Reaching safepoint: 114973 ns, At safepoint: 5130 ns, Total: 120103 ns
[2023-11-15T22:09:20.435+0000][7][safepoint   ] Safepoint "Cleanup", Time since last: 1000108090 ns, Reaching safepoint: 62772 ns, At safepoint: 3635 ns, Total: 66407 ns
[2023-11-15T22:09:21.436+0000][7][safepoint   ] Safepoint "Cleanup", Time since last: 1000093183 ns, Reaching safepoint: 45960 ns, At safepoint: 3624 ns, Total: 49584 ns
[2023-11-15T22:09:22.436+0000][7][safepoint   ] Safepoint "Cleanup", Time since last: 1000093613 ns, Reaching safepoint: 78328 ns, At safepoint: 10722 ns, Total: 89050 ns
[2023-11-15T22:09:23.436+0000][7][safepoint   ] Safepoint "Cleanup", Time since last: 1000131632 ns, Reaching safepoint: 61655 ns, At safepoint: 11574 ns, Total: 73229 ns
[2023-11-15T22:09:24.436+0000][7][safepoint   ] Safepoint "Cleanup", Time since last: 1000120147 ns, Reaching safepoint: 33853 ns, At safepoint: 4060 ns, Total: 37913 ns
[2023-11-15T22:09:26.436+0000][7][safepoint   ] Safepoint "Cleanup", Time since last: 2000161416 ns, Reaching safepoint: 65103 ns, At safepoint: 8096 ns, Total: 73199 ns
[2023-11-15T22:09:27.437+0000][7][safepoint   ] Safepoint "Cleanup", Time since last: 1000098397 ns, Reaching safepoint: 65302 ns, At safepoint: 8033 ns, Total: 73335 ns
[2023-11-15T22:09:29.437+0000][7][safepoint   ] Safepoint "Cleanup", Time since last: 2000292674 ns, Reaching safepoint: 97076 ns, At safepoint: 11478 ns, Total: 108554 ns
[2023-11-15T22:09:29.519+0000][7][gc,start    ] GC(26) Pause Young (Normal) (G1 Evacuation Pause)
[2023-11-15T22:09:29.519+0000][7][gc,task     ] GC(26) Using 8 workers of 8 for evacuation
[2023-11-15T22:09:29.519+0000][7][gc,age      ] GC(26) Desired survivor size 20971520 bytes, new threshold 15 (max threshold 15)
[2023-11-15T22:09:29.531+0000][7][gc,age      ] GC(26) Age table with threshold 15 (max threshold 15)
[2023-11-15T22:09:29.531+0000][7][gc,age      ] GC(26) - age   1:    2516592 bytes,    2516592 total
[2023-11-15T22:09:29.531+0000][7][gc,age      ] GC(26) - age   2:     434056 bytes,    2950648 total
[2023-11-15T22:09:29.531+0000][7][gc,age      ] GC(26) - age   3:     567288 bytes,    3517936 total
[2023-11-15T22:09:29.531+0000][7][gc,age      ] GC(26) - age   4:     308952 bytes,    3826888 total
[2023-11-15T22:09:29.531+0000][7][gc,age      ] GC(26) - age   5:     439200 bytes,    4266088 total
[2023-11-15T22:09:29.531+0000][7][gc,age      ] GC(26) - age   6:     416920 bytes,    4683008 total
[2023-11-15T22:09:29.531+0000][7][gc,age      ] GC(26) - age   7:     452696 bytes,    5135704 total
[2023-11-15T22:09:29.531+0000][7][gc,age      ] GC(26) - age   8:    1494824 bytes,    6630528 total
[2023-11-15T22:09:29.531+0000][7][gc,age      ] GC(26) - age   9:    7323696 bytes,   13954224 total
[2023-11-15T22:09:29.531+0000][7][gc,phases   ] GC(26)   Pre Evacuate Collection Set: 0.1ms
[2023-11-15T22:09:29.531+0000][7][gc,phases   ] GC(26)   Merge Heap Roots: 0.1ms
[2023-11-15T22:09:29.531+0000][7][gc,phases   ] GC(26)   Evacuate Collection Set: 10.5ms
[2023-11-15T22:09:29.531+0000][7][gc,phases   ] GC(26)   Post Evacuate Collection Set: 1.2ms
[2023-11-15T22:09:29.531+0000][7][gc,phases   ] GC(26)   Other: 0.3ms
[2023-11-15T22:09:29.531+0000][7][gc,heap     ] GC(26) Eden regions: 72->0(72)
[2023-11-15T22:09:29.531+0000][7][gc,heap     ] GC(26) Survivor regions: 4->4(10)
[2023-11-15T22:09:29.531+0000][7][gc,heap     ] GC(26) Old regions: 20->20
[2023-11-15T22:09:29.531+0000][7][gc,heap     ] GC(26) Archive regions: 2->2
[2023-11-15T22:09:29.531+0000][7][gc,heap     ] GC(26) Humongous regions: 5->5
[2023-11-15T22:09:29.531+0000][7][gc,metaspace] GC(26) Metaspace: 113673K(115264K)->113673K(115264K) NonClass: 98279K(99200K)->98279K(99200K) Class: 15394K(16064K)->15394K(16064K)
[2023-11-15T22:09:29.531+0000][7][gc          ] GC(26) Pause Young (Normal) (G1 Evacuation Pause) 403M->116M(512M) 12.253ms
[2023-11-15T22:09:29.532+0000][7][gc,cpu      ] GC(26) User=0.07s Sys=0.00s Real=0.01s
[2023-11-15T22:09:29.532+0000][7][safepoint   ] Safepoint "G1CollectForAllocation", Time since last: 82142768 ns, Reaching safepoint: 69678 ns, At safepoint: 12380582 ns, Total: 12450260 ns
[2023-11-15T22:09:30.532+0000][7][safepoint   ] Safepoint "Cleanup", Time since last: 1000115037 ns, Reaching safepoint: 60637 ns, At safepoint: 6241 ns, Total: 66878 ns
[2023-11-15T22:09:31.532+0000][7][safepoint   ] Safepoint "Cleanup", Time since last: 1000136245 ns, Reaching safepoint: 76044 ns, At safepoint: 12343 ns, Total: 88387 ns
[2023-11-15T22:09:32.532+0000][7][safepoint   ] Safepoint "Cleanup", Time since last: 1000121143 ns, Reaching safepoint: 61893 ns, At safepoint: 10060 ns, Total: 71953 ns
[2023-11-15T22:09:34.532+0000][7][safepoint   ] Safepoint "Cleanup", Time since last: 2000209254 ns, Reaching safepoint: 104633 ns, At safepoint: 20049 ns, Total: 124682 ns
[2023-11-15T22:09:35.533+0000][7][safepoint   ] Safepoint "Cleanup", Time since last: 1000188535 ns, Reaching safepoint: 174370 ns, At safepoint: 7785 ns, Total: 182155 ns
[2023-11-15T22:09:36.533+0000][7][safepoint   ] Safepoint "Cleanup", Time since last: 1000186047 ns, Reaching safepoint: 194121 ns, At safepoint: 25631 ns, Total: 219752 ns
[2023-11-15T22:09:37.534+0000][7][safepoint   ] Safepoint "Cleanup", Time since last: 1000460876 ns, Reaching safepoint: 117613 ns, At safepoint: 19825 ns, Total: 137438 ns
[2023-11-15T22:09:38.534+0000][7][safepoint   ] Safepoint "Cleanup", Time since last: 1000170350 ns, Reaching safepoint: 188710 ns, At safepoint: 14057 ns, Total: 202767 ns
[2023-11-15T22:09:39.535+0000][7][safepoint   ] Safepoint "Cleanup", Time since last: 1000235809 ns, Reaching safepoint: 115057 ns, At safepoint: 13868 ns, Total: 128925 ns
[2023-11-15T22:09:40.535+0000][7][safepoint   ] Safepoint "Cleanup", Time since last: 1000130485 ns, Reaching safepoint: 83338 ns, At safepoint: 6787 ns, Total: 90125 ns
[2023-11-15T22:09:41.535+0000][7][safepoint   ] Safepoint "Cleanup", Time since last: 1000132971 ns, Reaching safepoint: 63595 ns, At safepoint: 4475 ns, Total: 68070 ns
[2023-11-15T22:09:42.535+0000][7][safepoint   ] Safepoint "Cleanup", Time since last: 1000142531 ns, Reaching safepoint: 88713 ns, At safepoint: 13610 ns, Total: 102323 ns
[2023-11-15T22:09:44.536+0000][7][safepoint   ] Safepoint "Cleanup", Time since last: 2000261273 ns, Reaching safepoint: 86138 ns, At safepoint: 10488 ns, Total: 96626 ns
[2023-11-15T22:09:46.536+0000][7][safepoint   ] Safepoint "Cleanup", Time since last: 2000313873 ns, Reaching safepoint: 62139 ns, At safepoint: 6850 ns, Total: 68989 ns
[2023-11-15T22:09:47.536+0000][7][safepoint   ] Safepoint "Cleanup", Time since last: 1000164535 ns, Reaching safepoint: 126864 ns, At safepoint: 36846 ns, Total: 163710 ns
[2023-11-15T22:09:47.604+0000][7][gc,start    ] GC(27) Pause Young (Normal) (G1 Evacuation Pause)
[2023-11-15T22:09:47.604+0000][7][gc,task     ] GC(27) Using 8 workers of 8 for evacuation
[2023-11-15T22:09:47.604+0000][7][gc,age      ] GC(27) Desired survivor size 20971520 bytes, new threshold 15 (max threshold 15)
[2023-11-15T22:09:47.615+0000][7][gc,age      ] GC(27) Age table with threshold 15 (max threshold 15)
[2023-11-15T22:09:47.615+0000][7][gc,age      ] GC(27) - age   1:    2061368 bytes,    2061368 total
[2023-11-15T22:09:47.615+0000][7][gc,age      ] GC(27) - age   2:     816264 bytes,    2877632 total
[2023-11-15T22:09:47.615+0000][7][gc,age      ] GC(27) - age   3:     284960 bytes,    3162592 total
[2023-11-15T22:09:47.615+0000][7][gc,age      ] GC(27) - age   4:     566688 bytes,    3729280 total
[2023-11-15T22:09:47.615+0000][7][gc,age      ] GC(27) - age   5:     307912 bytes,    4037192 total
[2023-11-15T22:09:47.615+0000][7][gc,age      ] GC(27) - age   6:     439200 bytes,    4476392 total
[2023-11-15T22:09:47.615+0000][7][gc,age      ] GC(27) - age   7:     416920 bytes,    4893312 total
[2023-11-15T22:09:47.615+0000][7][gc,age      ] GC(27) - age   8:     452696 bytes,    5346008 total
[2023-11-15T22:09:47.615+0000][7][gc,age      ] GC(27) - age   9:    1494496 bytes,    6840504 total
[2023-11-15T22:09:47.615+0000][7][gc,age      ] GC(27) - age  10:    7323696 bytes,   14164200 total
[2023-11-15T22:09:47.615+0000][7][gc,phases   ] GC(27)   Pre Evacuate Collection Set: 0.1ms
[2023-11-15T22:09:47.615+0000][7][gc,phases   ] GC(27)   Merge Heap Roots: 0.1ms
[2023-11-15T22:09:47.615+0000][7][gc,phases   ] GC(27)   Evacuate Collection Set: 10.0ms
[2023-11-15T22:09:47.615+0000][7][gc,phases   ] GC(27)   Post Evacuate Collection Set: 1.0ms
[2023-11-15T22:09:47.615+0000][7][gc,phases   ] GC(27)   Other: 0.4ms
[2023-11-15T22:09:47.615+0000][7][gc,heap     ] GC(27) Eden regions: 72->0(72)
[2023-11-15T22:09:47.615+0000][7][gc,heap     ] GC(27) Survivor regions: 4->4(10)
[2023-11-15T22:09:47.615+0000][7][gc,heap     ] GC(27) Old regions: 20->20
[2023-11-15T22:09:47.615+0000][7][gc,heap     ] GC(27) Archive regions: 2->2
[2023-11-15T22:09:47.615+0000][7][gc,heap     ] GC(27) Humongous regions: 5->5
[2023-11-15T22:09:47.615+0000][7][gc,metaspace] GC(27) Metaspace: 113738K(115328K)->113738K(115328K) NonClass: 98343K(99264K)->98343K(99264K) Class: 15395K(16064K)->15395K(16064K)
[2023-11-15T22:09:47.615+0000][7][gc          ] GC(27) Pause Young (Normal) (G1 Evacuation Pause) 404M->116M(512M) 11.754ms
[2023-11-15T22:09:47.615+0000][7][gc,cpu      ] GC(27) User=0.07s Sys=0.00s Real=0.02s
[2023-11-15T22:09:47.615+0000][7][safepoint   ] Safepoint "G1CollectForAllocation", Time since last: 67164245 ns, Reaching safepoint: 79552 ns, At safepoint: 11893172 ns, Total: 11972724 ns
[2023-11-15T22:09:48.616+0000][7][safepoint   ] Safepoint "Cleanup", Time since last: 1000144201 ns, Reaching safepoint: 73041 ns, At safepoint: 7932 ns, Total: 80973 ns
[2023-11-15T22:09:49.616+0000][7][safepoint   ] Safepoint "Cleanup", Time since last: 1000112412 ns, Reaching safepoint: 53353 ns, At safepoint: 7592 ns, Total: 60945 ns
[2023-11-15T22:09:50.616+0000][7][safepoint   ] Safepoint "Cleanup", Time since last: 1000176651 ns, Reaching safepoint: 148530 ns, At safepoint: 11991 ns, Total: 160521 ns
[2023-11-15T22:09:51.617+0000][7][safepoint   ] Safepoint "Cleanup", Time since last: 1000215409 ns, Reaching safepoint: 178994 ns, At safepoint: 19187 ns, Total: 198181 ns
[2023-11-15T22:09:52.617+0000][7][safepoint   ] Safepoint "Cleanup", Time since last: 1000191436 ns, Reaching safepoint: 63747 ns, At safepoint: 6570 ns, Total: 70317 ns
[2023-11-15T22:09:53.617+0000][7][safepoint   ] Safepoint "Cleanup", Time since last: 1000159162 ns, Reaching safepoint: 158676 ns, At safepoint: 16152 ns, Total: 174828 ns
[2023-11-15T22:09:54.618+0000][7][safepoint   ] Safepoint "Cleanup", Time since last: 1000275111 ns, Reaching safepoint: 219902 ns, At safepoint: 24627 ns, Total: 244529 ns
[2023-11-15T22:09:55.618+0000][7][safepoint   ] Safepoint "Cleanup", Time since last: 1000171330 ns, Reaching safepoint: 121179 ns, At safepoint: 10519 ns, Total: 131698 ns
[2023-11-15T22:09:57.618+0000][7][safepoint   ] Safepoint "Cleanup", Time since last: 2000317103 ns, Reaching safepoint: 109408 ns, At safepoint: 15501 ns, Total: 124909 ns
[2023-11-15T22:09:58.619+0000][7][safepoint   ] Safepoint "Cleanup", Time since last: 1000133142 ns, Reaching safepoint: 53089 ns, At safepoint: 3885 ns, Total: 56974 ns
[2023-11-15T22:09:59.619+0000][7][safepoint   ] Safepoint "Cleanup", Time since last: 1000176489 ns, Reaching safepoint: 139663 ns, At safepoint: 19213 ns, Total: 158876 ns
[2023-11-15T22:10:01.319+0000][7][safepoint   ] Safepoint "Cleanup", Time since last: 1699966096 ns, Reaching safepoint: 140624 ns, At safepoint: 25225 ns, Total: 165849 ns
[2023-11-15T22:10:02.319+0000][7][safepoint   ] Safepoint "Cleanup", Time since last: 1000162313 ns, Reaching safepoint: 90414 ns, At safepoint: 7207 ns, Total: 97621 ns
[2023-11-15T22:10:03.320+0000][7][safepoint   ] Safepoint "Cleanup", Time since last: 1000139767 ns, Reaching safepoint: 63469 ns, At safepoint: 11233 ns, Total: 74702 ns
[2023-11-15T22:10:04.320+0000][7][safepoint   ] Safepoint "Cleanup", Time since last: 1000125998 ns, Reaching safepoint: 86429 ns, At safepoint: 10478 ns, Total: 96907 ns
[2023-11-15T22:10:04.652+0000][7][gc,start    ] GC(28) Pause Young (Normal) (G1 Evacuation Pause)
[2023-11-15T22:10:04.652+0000][7][gc,task     ] GC(28) Using 8 workers of 8 for evacuation
[2023-11-15T22:10:04.652+0000][7][gc,age      ] GC(28) Desired survivor size 20971520 bytes, new threshold 15 (max threshold 15)
[2023-11-15T22:10:04.661+0000][7][gc,age      ] GC(28) Age table with threshold 15 (max threshold 15)
[2023-11-15T22:10:04.661+0000][7][gc,age      ] GC(28) - age   1:    2160712 bytes,    2160712 total
[2023-11-15T22:10:04.661+0000][7][gc,age      ] GC(28) - age   2:     547296 bytes,    2708008 total
[2023-11-15T22:10:04.661+0000][7][gc,age      ] GC(28) - age   3:     669792 bytes,    3377800 total
[2023-11-15T22:10:04.661+0000][7][gc,age      ] GC(28) - age   4:     284552 bytes,    3662352 total
[2023-11-15T22:10:04.661+0000][7][gc,age      ] GC(28) - age   5:     566464 bytes,    4228816 total
[2023-11-15T22:10:04.661+0000][7][gc,age      ] GC(28) - age   6:     307816 bytes,    4536632 total
[2023-11-15T22:10:04.661+0000][7][gc,age      ] GC(28) - age   7:     437480 bytes,    4974112 total
[2023-11-15T22:10:04.661+0000][7][gc,age      ] GC(28) - age   8:     416792 bytes,    5390904 total
[2023-11-15T22:10:04.661+0000][7][gc,age      ] GC(28) - age   9:     452696 bytes,    5843600 total
[2023-11-15T22:10:04.661+0000][7][gc,age      ] GC(28) - age  10:    1494368 bytes,    7337968 total
[2023-11-15T22:10:04.661+0000][7][gc,age      ] GC(28) - age  11:    7323520 bytes,   14661488 total
[2023-11-15T22:10:04.661+0000][7][gc,phases   ] GC(28)   Pre Evacuate Collection Set: 0.1ms
[2023-11-15T22:10:04.661+0000][7][gc,phases   ] GC(28)   Merge Heap Roots: 0.1ms
[2023-11-15T22:10:04.661+0000][7][gc,phases   ] GC(28)   Evacuate Collection Set: 7.7ms
[2023-11-15T22:10:04.661+0000][7][gc,phases   ] GC(28)   Post Evacuate Collection Set: 0.7ms
[2023-11-15T22:10:04.661+0000][7][gc,phases   ] GC(28)   Other: 0.3ms
[2023-11-15T22:10:04.661+0000][7][gc,heap     ] GC(28) Eden regions: 72->0(72)
[2023-11-15T22:10:04.661+0000][7][gc,heap     ] GC(28) Survivor regions: 4->4(10)
[2023-11-15T22:10:04.661+0000][7][gc,heap     ] GC(28) Old regions: 20->20
[2023-11-15T22:10:04.661+0000][7][gc,heap     ] GC(28) Archive regions: 2->2
[2023-11-15T22:10:04.661+0000][7][gc,heap     ] GC(28) Humongous regions: 5->5
[2023-11-15T22:10:04.661+0000][7][gc,metaspace] GC(28) Metaspace: 113856K(115456K)->113856K(115456K) NonClass: 98460K(99392K)->98460K(99392K) Class: 15396K(16064K)->15396K(16064K)
[2023-11-15T22:10:04.661+0000][7][gc          ] GC(28) Pause Young (Normal) (G1 Evacuation Pause) 404M->117M(512M) 8.952ms
[2023-11-15T22:10:04.661+0000][7][gc,cpu      ] GC(28) User=0.04s Sys=0.01s Real=0.01s
[2023-11-15T22:10:04.661+0000][7][safepoint   ] Safepoint "G1CollectForAllocation", Time since last: 332106602 ns, Reaching safepoint: 53237 ns, At safepoint: 9052830 ns, Total: 9106067 ns
[2023-11-15T22:10:05.661+0000][7][safepoint   ] Safepoint "Cleanup", Time since last: 1000089845 ns, Reaching safepoint: 90016 ns, At safepoint: 13743 ns, Total: 103759 ns
[2023-11-15T22:10:06.662+0000][7][safepoint   ] Safepoint "Cleanup", Time since last: 1000181351 ns, Reaching safepoint: 129519 ns, At safepoint: 42764 ns, Total: 172283 ns
[2023-11-15T22:10:07.662+0000][7][safepoint   ] Safepoint "Cleanup", Time since last: 1000158127 ns, Reaching safepoint: 130610 ns, At safepoint: 18647 ns, Total: 149257 ns
[2023-11-15T22:10:09.662+0000][7][safepoint   ] Safepoint "Cleanup", Time since last: 2000299785 ns, Reaching safepoint: 218761 ns, At safepoint: 37577 ns, Total: 256338 ns
[2023-11-15T22:10:10.663+0000][7][safepoint   ] Safepoint "Cleanup", Time since last: 1000228831 ns, Reaching safepoint: 65421 ns, At safepoint: 7926 ns, Total: 73347 ns
[2023-11-15T22:10:11.663+0000][7][safepoint   ] Safepoint "Cleanup", Time since last: 1000106933 ns, Reaching safepoint: 64922 ns, At safepoint: 4351 ns, Total: 69273 ns
[2023-11-15T22:10:13.666+0000][7][safepoint   ] Safepoint "Cleanup", Time since last: 2003306751 ns, Reaching safepoint: 69453 ns, At safepoint: 9446 ns, Total: 78899 ns
[2023-11-15T22:10:14.667+0000][7][safepoint   ] Safepoint "Cleanup", Time since last: 1000145423 ns, Reaching safepoint: 77932 ns, At safepoint: 4579 ns, Total: 82511 ns
[2023-11-15T22:10:16.667+0000][7][safepoint   ] Safepoint "Cleanup", Time since last: 2000265454 ns, Reaching safepoint: 43813 ns, At safepoint: 3798 ns, Total: 47611 ns
[2023-11-15T22:10:17.667+0000][7][safepoint   ] Safepoint "Cleanup", Time since last: 1000208964 ns, Reaching safepoint: 164308 ns, At safepoint: 13415 ns, Total: 177723 ns
[2023-11-15T22:10:19.668+0000][7][safepoint   ] Safepoint "Cleanup", Time since last: 2000231798 ns, Reaching safepoint: 54419 ns, At safepoint: 7945 ns, Total: 62364 ns
[2023-11-15T22:10:21.668+0000][7][safepoint   ] Safepoint "Cleanup", Time since last: 2000171081 ns, Reaching safepoint: 131943 ns, At safepoint: 9634 ns, Total: 141577 ns
[2023-11-15T22:10:22.668+0000][7][safepoint   ] Safepoint "Cleanup", Time since last: 1000173534 ns, Reaching safepoint: 75941 ns, At safepoint: 6618 ns, Total: 82559 ns
[2023-11-15T22:10:22.881+0000][7][gc,start    ] GC(29) Pause Young (Normal) (G1 Evacuation Pause)
[2023-11-15T22:10:22.881+0000][7][gc,task     ] GC(29) Using 8 workers of 8 for evacuation
[2023-11-15T22:10:22.881+0000][7][gc,age      ] GC(29) Desired survivor size 20971520 bytes, new threshold 15 (max threshold 15)
[2023-11-15T22:10:22.895+0000][7][gc,age      ] GC(29) Age table with threshold 15 (max threshold 15)
[2023-11-15T22:10:22.895+0000][7][gc,age      ] GC(29) - age   1:    2926864 bytes,    2926864 total
[2023-11-15T22:10:22.895+0000][7][gc,age      ] GC(29) - age   2:     393568 bytes,    3320432 total
[2023-11-15T22:10:22.895+0000][7][gc,age      ] GC(29) - age   3:     276968 bytes,    3597400 total
[2023-11-15T22:10:22.895+0000][7][gc,age      ] GC(29) - age   4:     486024 bytes,    4083424 total
[2023-11-15T22:10:22.895+0000][7][gc,age      ] GC(29) - age   5:     283984 bytes,    4367408 total
[2023-11-15T22:10:22.895+0000][7][gc,age      ] GC(29) - age   6:     566400 bytes,    4933808 total
[2023-11-15T22:10:22.895+0000][7][gc,age      ] GC(29) - age   7:     307752 bytes,    5241560 total
[2023-11-15T22:10:22.895+0000][7][gc,age      ] GC(29) - age   8:     437416 bytes,    5678976 total
[2023-11-15T22:10:22.895+0000][7][gc,age      ] GC(29) - age   9:     416792 bytes,    6095768 total
[2023-11-15T22:10:22.895+0000][7][gc,age      ] GC(29) - age  10:     452696 bytes,    6548464 total
[2023-11-15T22:10:22.895+0000][7][gc,age      ] GC(29) - age  11:    1493328 bytes,    8041792 total
[2023-11-15T22:10:22.895+0000][7][gc,age      ] GC(29) - age  12:    7323520 bytes,   15365312 total
[2023-11-15T22:10:22.895+0000][7][gc,phases   ] GC(29)   Pre Evacuate Collection Set: 0.1ms
[2023-11-15T22:10:22.895+0000][7][gc,phases   ] GC(29)   Merge Heap Roots: 0.1ms
[2023-11-15T22:10:22.895+0000][7][gc,phases   ] GC(29)   Evacuate Collection Set: 11.5ms
[2023-11-15T22:10:22.895+0000][7][gc,phases   ] GC(29)   Post Evacuate Collection Set: 1.8ms
[2023-11-15T22:10:22.895+0000][7][gc,phases   ] GC(29)   Other: 0.6ms
[2023-11-15T22:10:22.895+0000][7][gc,heap     ] GC(29) Eden regions: 72->0(71)
[2023-11-15T22:10:22.895+0000][7][gc,heap     ] GC(29) Survivor regions: 4->5(10)
[2023-11-15T22:10:22.895+0000][7][gc,heap     ] GC(29) Old regions: 20->20
[2023-11-15T22:10:22.895+0000][7][gc,heap     ] GC(29) Archive regions: 2->2
[2023-11-15T22:10:22.895+0000][7][gc,heap     ] GC(29) Humongous regions: 5->5
[2023-11-15T22:10:22.895+0000][7][gc,metaspace] GC(29) Metaspace: 113969K(115648K)->113969K(115648K) NonClass: 98572K(99584K)->98572K(99584K) Class: 15396K(16064K)->15396K(16064K)
[2023-11-15T22:10:22.895+0000][7][gc          ] GC(29) Pause Young (Normal) (G1 Evacuation Pause) 405M->118M(512M) 14.233ms
[2023-11-15T22:10:22.895+0000][7][gc,cpu      ] GC(29) User=0.05s Sys=0.00s Real=0.02s
[2023-11-15T22:10:22.895+0000][7][safepoint   ] Safepoint "G1CollectForAllocation", Time since last: 212784687 ns, Reaching safepoint: 86062 ns, At safepoint: 14432588 ns, Total: 14518650 ns
[2023-11-15T22:10:23.896+0000][7][safepoint   ] Safepoint "Cleanup", Time since last: 1000130824 ns, Reaching safepoint: 91218 ns, At safepoint: 8842 ns, Total: 100060 ns
[2023-11-15T22:10:24.896+0000][7][safepoint   ] Safepoint "Cleanup", Time since last: 1000196179 ns, Reaching safepoint: 95346 ns, At safepoint: 8844 ns, Total: 104190 ns
[2023-11-15T22:10:25.896+0000][7][safepoint   ] Safepoint "Cleanup", Time since last: 1000184233 ns, Reaching safepoint: 81461 ns, At safepoint: 10051 ns, Total: 91512 ns
[2023-11-15T22:10:26.896+0000][7][safepoint   ] Safepoint "Cleanup", Time since last: 1000125478 ns, Reaching safepoint: 88134 ns, At safepoint: 12117 ns, Total: 100251 ns
[2023-11-15T22:10:27.897+0000][7][safepoint   ] Safepoint "Cleanup", Time since last: 1000188392 ns, Reaching safepoint: 100437 ns, At safepoint: 17793 ns, Total: 118230 ns
[2023-11-15T22:10:28.897+0000][7][safepoint   ] Safepoint "Cleanup", Time since last: 1000265130 ns, Reaching safepoint: 151247 ns, At safepoint: 15012 ns, Total: 166259 ns
[2023-11-15T22:10:29.898+0000][7][safepoint   ] Safepoint "Cleanup", Time since last: 1000217801 ns, Reaching safepoint: 119021 ns, At safepoint: 11124 ns, Total: 130145 ns
[2023-11-15T22:10:31.898+0000][7][safepoint   ] Safepoint "Cleanup", Time since last: 2000236874 ns, Reaching safepoint: 117991 ns, At safepoint: 12084 ns, Total: 130075 ns
[2023-11-15T22:10:33.899+0000][7][safepoint   ] Safepoint "Cleanup", Time since last: 2000380015 ns, Reaching safepoint: 230218 ns, At safepoint: 25745 ns, Total: 255963 ns
[2023-11-15T22:10:34.899+0000][7][safepoint   ] Safepoint "Cleanup", Time since last: 1000174614 ns, Reaching safepoint: 221113 ns, At safepoint: 27785 ns, Total: 248898 ns
[2023-11-15T22:10:36.899+0000][7][safepoint   ] Safepoint "Cleanup", Time since last: 2000271794 ns, Reaching safepoint: 90658 ns, At safepoint: 18688 ns, Total: 109346 ns
[2023-11-15T22:10:37.900+0000][7][safepoint   ] Safepoint "Cleanup", Time since last: 1000160015 ns, Reaching safepoint: 110793 ns, At safepoint: 15019 ns, Total: 125812 ns
[2023-11-15T22:10:38.900+0000][7][safepoint   ] Safepoint "Cleanup", Time since last: 1000232878 ns, Reaching safepoint: 187141 ns, At safepoint: 19130 ns, Total: 206271 ns
[2023-11-15T22:10:39.900+0000][7][safepoint   ] Safepoint "Cleanup", Time since last: 1000239279 ns, Reaching safepoint: 107004 ns, At safepoint: 24897 ns, Total: 131901 ns
[2023-11-15T22:10:40.901+0000][7][safepoint   ] Safepoint "Cleanup", Time since last: 1000203094 ns, Reaching safepoint: 148126 ns, At safepoint: 17673 ns, Total: 165799 ns
[2023-11-15T22:10:41.901+0000][7][safepoint   ] Safepoint "Cleanup", Time since last: 1000195036 ns, Reaching safepoint: 108887 ns, At safepoint: 18199 ns, Total: 127086 ns
[2023-11-15T22:10:43.131+0000][7][gc,start    ] GC(30) Pause Young (Normal) (G1 Evacuation Pause)
[2023-11-15T22:10:43.131+0000][7][gc,task     ] GC(30) Using 8 workers of 8 for evacuation
[2023-11-15T22:10:43.131+0000][7][gc,age      ] GC(30) Desired survivor size 20971520 bytes, new threshold 15 (max threshold 15)
[2023-11-15T22:10:43.145+0000][7][gc,age      ] GC(30) Age table with threshold 15 (max threshold 15)
[2023-11-15T22:10:43.146+0000][7][gc,age      ] GC(30) - age   1:    1410080 bytes,    1410080 total
[2023-11-15T22:10:43.146+0000][7][gc,age      ] GC(30) - age   2:     786408 bytes,    2196488 total
[2023-11-15T22:10:43.146+0000][7][gc,age      ] GC(30) - age   3:     238408 bytes,    2434896 total
[2023-11-15T22:10:43.146+0000][7][gc,age      ] GC(30) - age   4:     275576 bytes,    2710472 total
[2023-11-15T22:10:43.146+0000][7][gc,age      ] GC(30) - age   5:     484912 bytes,    3195384 total
[2023-11-15T22:10:43.146+0000][7][gc,age      ] GC(30) - age   6:     283656 bytes,    3479040 total
[2023-11-15T22:10:43.146+0000][7][gc,age      ] GC(30) - age   7:     566336 bytes,    4045376 total
[2023-11-15T22:10:43.146+0000][7][gc,age      ] GC(30) - age   8:     307504 bytes,    4352880 total
[2023-11-15T22:10:43.146+0000][7][gc,age      ] GC(30) - age   9:     437416 bytes,    4790296 total
[2023-11-15T22:10:43.146+0000][7][gc,age      ] GC(30) - age  10:     416792 bytes,    5207088 total
[2023-11-15T22:10:43.146+0000][7][gc,age      ] GC(30) - age  11:     452696 bytes,    5659784 total
[2023-11-15T22:10:43.146+0000][7][gc,age      ] GC(30) - age  12:    1493328 bytes,    7153112 total
[2023-11-15T22:10:43.146+0000][7][gc,age      ] GC(30) - age  13:    7323520 bytes,   14476632 total
[2023-11-15T22:10:43.146+0000][7][gc,phases   ] GC(30)   Pre Evacuate Collection Set: 0.1ms
[2023-11-15T22:10:43.146+0000][7][gc,phases   ] GC(30)   Merge Heap Roots: 0.1ms
[2023-11-15T22:10:43.146+0000][7][gc,phases   ] GC(30)   Evacuate Collection Set: 12.5ms
[2023-11-15T22:10:43.146+0000][7][gc,phases   ] GC(30)   Post Evacuate Collection Set: 1.3ms
[2023-11-15T22:10:43.146+0000][7][gc,phases   ] GC(30)   Other: 0.4ms
[2023-11-15T22:10:43.146+0000][7][gc,heap     ] GC(30) Eden regions: 71->0(72)
[2023-11-15T22:10:43.146+0000][7][gc,heap     ] GC(30) Survivor regions: 5->4(10)
[2023-11-15T22:10:43.146+0000][7][gc,heap     ] GC(30) Old regions: 20->20
[2023-11-15T22:10:43.146+0000][7][gc,heap     ] GC(30) Archive regions: 2->2
[2023-11-15T22:10:43.146+0000][7][gc,heap     ] GC(30) Humongous regions: 5->5
[2023-11-15T22:10:43.146+0000][7][gc,metaspace] GC(30) Metaspace: 114071K(115712K)->114071K(115712K) NonClass: 98675K(99648K)->98675K(99648K) Class: 15396K(16064K)->15396K(16064K)
[2023-11-15T22:10:43.146+0000][7][gc          ] GC(30) Pause Young (Normal) (G1 Evacuation Pause) 402M->117M(512M) 14.559ms
[2023-11-15T22:10:43.146+0000][7][gc,cpu      ] GC(30) User=0.06s Sys=0.00s Real=0.02s
[2023-11-15T22:10:43.146+0000][7][safepoint   ] Safepoint "G1CollectForAllocation", Time since last: 1230062999 ns, Reaching safepoint: 45670 ns, At safepoint: 14712320 ns, Total: 14757990 ns
[2023-11-15T22:10:44.146+0000][7][safepoint   ] Safepoint "Cleanup", Time since last: 1000124008 ns, Reaching safepoint: 182434 ns, At safepoint: 16027 ns, Total: 198461 ns
[2023-11-15T22:10:47.147+0000][7][safepoint   ] Safepoint "Cleanup", Time since last: 3000339238 ns, Reaching safepoint: 85960 ns, At safepoint: 4487 ns, Total: 90447 ns
[2023-11-15T22:10:48.147+0000][7][safepoint   ] Safepoint "Cleanup", Time since last: 1000116814 ns, Reaching safepoint: 83021 ns, At safepoint: 20877 ns, Total: 103898 ns
[2023-11-15T22:10:49.147+0000][7][safepoint   ] Safepoint "Cleanup", Time since last: 1000126415 ns, Reaching safepoint: 68548 ns, At safepoint: 7187 ns, Total: 75735 ns
[2023-11-15T22:10:50.147+0000][7][safepoint   ] Safepoint "Cleanup", Time since last: 1000096305 ns, Reaching safepoint: 69970 ns, At safepoint: 4185 ns, Total: 74155 ns
[2023-11-15T22:10:52.148+0000][7][safepoint   ] Safepoint "Cleanup", Time since last: 2000278352 ns, Reaching safepoint: 56893 ns, At safepoint: 5702 ns, Total: 62595 ns
[2023-11-15T22:10:53.148+0000][7][safepoint   ] Safepoint "Cleanup", Time since last: 1000125507 ns, Reaching safepoint: 97879 ns, At safepoint: 6503 ns, Total: 104382 ns
[2023-11-15T22:10:54.148+0000][7][safepoint   ] Safepoint "Cleanup", Time since last: 1000149814 ns, Reaching safepoint: 62188 ns, At safepoint: 6514 ns, Total: 68702 ns
[2023-11-15T22:10:56.148+0000][7][safepoint   ] Safepoint "Cleanup", Time since last: 2000252916 ns, Reaching safepoint: 68800 ns, At safepoint: 4347 ns, Total: 73147 ns
[2023-11-15T22:10:57.149+0000][7][safepoint   ] Safepoint "Cleanup", Time since last: 1000144748 ns, Reaching safepoint: 105181 ns, At safepoint: 11507 ns, Total: 116688 ns
[2023-11-15T22:10:59.149+0000][7][safepoint   ] Safepoint "Cleanup", Time since last: 2000317183 ns, Reaching safepoint: 115766 ns, At safepoint: 11058 ns, Total: 126824 ns
[2023-11-15T22:11:00.149+0000][7][safepoint   ] Safepoint "Cleanup", Time since last: 1000193136 ns, Reaching safepoint: 102661 ns, At safepoint: 14770 ns, Total: 117431 ns
[2023-11-15T22:11:02.150+0000][7][safepoint   ] Safepoint "Cleanup", Time since last: 2000258725 ns, Reaching safepoint: 141467 ns, At safepoint: 8845 ns, Total: 150312 ns
[2023-11-15T22:11:02.167+0000][7][gc,start    ] GC(31) Pause Young (Normal) (G1 Evacuation Pause)
[2023-11-15T22:11:02.167+0000][7][gc,task     ] GC(31) Using 8 workers of 8 for evacuation
[2023-11-15T22:11:02.167+0000][7][gc,age      ] GC(31) Desired survivor size 20971520 bytes, new threshold 15 (max threshold 15)
[2023-11-15T22:11:02.179+0000][7][gc,age      ] GC(31) Age table with threshold 15 (max threshold 15)
[2023-11-15T22:11:02.179+0000][7][gc,age      ] GC(31) - age   1:    1479640 bytes,    1479640 total
[2023-11-15T22:11:02.179+0000][7][gc,age      ] GC(31) - age   2:    1054136 bytes,    2533776 total
[2023-11-15T22:11:02.179+0000][7][gc,age      ] GC(31) - age   3:     424072 bytes,    2957848 total
[2023-11-15T22:11:02.179+0000][7][gc,age      ] GC(31) - age   4:     237304 bytes,    3195152 total
[2023-11-15T22:11:02.179+0000][7][gc,age      ] GC(31) - age   5:     275168 bytes,    3470320 total
[2023-11-15T22:11:02.179+0000][7][gc,age      ] GC(31) - age   6:     484720 bytes,    3955040 total
[2023-11-15T22:11:02.179+0000][7][gc,age      ] GC(31) - age   7:     283656 bytes,    4238696 total
[2023-11-15T22:11:02.179+0000][7][gc,age      ] GC(31) - age   8:     435168 bytes,    4673864 total
[2023-11-15T22:11:02.179+0000][7][gc,age      ] GC(31) - age   9:     307408 bytes,    4981272 total
[2023-11-15T22:11:02.179+0000][7][gc,age      ] GC(31) - age  10:     437416 bytes,    5418688 total
[2023-11-15T22:11:02.179+0000][7][gc,age      ] GC(31) - age  11:     407056 bytes,    5825744 total
[2023-11-15T22:11:02.179+0000][7][gc,age      ] GC(31) - age  12:     452696 bytes,    6278440 total
[2023-11-15T22:11:02.179+0000][7][gc,age      ] GC(31) - age  13:    1493328 bytes,    7771768 total
[2023-11-15T22:11:02.179+0000][7][gc,age      ] GC(31) - age  14:    7323520 bytes,   15095288 total
[2023-11-15T22:11:02.179+0000][7][gc,phases   ] GC(31)   Pre Evacuate Collection Set: 0.1ms
[2023-11-15T22:11:02.179+0000][7][gc,phases   ] GC(31)   Merge Heap Roots: 0.1ms
[2023-11-15T22:11:02.179+0000][7][gc,phases   ] GC(31)   Evacuate Collection Set: 10.3ms
[2023-11-15T22:11:02.179+0000][7][gc,phases   ] GC(31)   Post Evacuate Collection Set: 1.0ms
[2023-11-15T22:11:02.179+0000][7][gc,phases   ] GC(31)   Other: 0.4ms
[2023-11-15T22:11:02.179+0000][7][gc,heap     ] GC(31) Eden regions: 72->0(72)
[2023-11-15T22:11:02.179+0000][7][gc,heap     ] GC(31) Survivor regions: 4->4(10)
[2023-11-15T22:11:02.179+0000][7][gc,heap     ] GC(31) Old regions: 20->20
[2023-11-15T22:11:02.179+0000][7][gc,heap     ] GC(31) Archive regions: 2->2
[2023-11-15T22:11:02.179+0000][7][gc,heap     ] GC(31) Humongous regions: 5->5
[2023-11-15T22:11:02.179+0000][7][gc,metaspace] GC(31) Metaspace: 114199K(115840K)->114199K(115840K) NonClass: 98802K(99776K)->98802K(99776K) Class: 15397K(16064K)->15397K(16064K)
[2023-11-15T22:11:02.179+0000][7][gc          ] GC(31) Pause Young (Normal) (G1 Evacuation Pause) 405M->117M(512M) 11.905ms
[2023-11-15T22:11:02.179+0000][7][gc,cpu      ] GC(31) User=0.05s Sys=0.00s Real=0.01s
[2023-11-15T22:11:02.179+0000][7][safepoint   ] Safepoint "G1CollectForAllocation", Time since last: 17466827 ns, Reaching safepoint: 48742 ns, At safepoint: 12014663 ns, Total: 12063405 ns
[2023-11-15T22:11:03.180+0000][7][safepoint   ] Safepoint "Cleanup", Time since last: 1000199323 ns, Reaching safepoint: 108837 ns, At safepoint: 17897 ns, Total: 126734 ns
[2023-11-15T22:11:04.180+0000][7][safepoint   ] Safepoint "Cleanup", Time since last: 1000254011 ns, Reaching safepoint: 79815 ns, At safepoint: 9804 ns, Total: 89619 ns
[2023-11-15T22:11:05.180+0000][7][safepoint   ] Safepoint "Cleanup", Time since last: 1000250688 ns, Reaching safepoint: 117782 ns, At safepoint: 18477 ns, Total: 136259 ns
[2023-11-15T22:11:07.181+0000][7][safepoint   ] Safepoint "Cleanup", Time since last: 2000226203 ns, Reaching safepoint: 103438 ns, At safepoint: 12980 ns, Total: 116418 ns
[2023-11-15T22:11:08.181+0000][7][safepoint   ] Safepoint "Cleanup", Time since last: 1000236354 ns, Reaching safepoint: 221476 ns, At safepoint: 23355 ns, Total: 244831 ns
[2023-11-15T22:11:09.182+0000][7][safepoint   ] Safepoint "Cleanup", Time since last: 1000171840 ns, Reaching safepoint: 119585 ns, At safepoint: 30702 ns, Total: 150287 ns
[2023-11-15T22:11:11.182+0000][7][safepoint   ] Safepoint "Cleanup", Time since last: 2000262156 ns, Reaching safepoint: 112684 ns, At safepoint: 10423 ns, Total: 123107 ns
[2023-11-15T22:11:12.182+0000][7][safepoint   ] Safepoint "Cleanup", Time since last: 1000249326 ns, Reaching safepoint: 101108 ns, At safepoint: 13858 ns, Total: 114966 ns
[2023-11-15T22:11:14.183+0000][7][safepoint   ] Safepoint "Cleanup", Time since last: 2000349692 ns, Reaching safepoint: 190619 ns, At safepoint: 33546 ns, Total: 224165 ns
[2023-11-15T22:11:17.183+0000][7][safepoint   ] Safepoint "Cleanup", Time since last: 3000458620 ns, Reaching safepoint: 99718 ns, At safepoint: 7915 ns, Total: 107633 ns
[2023-11-15T22:11:18.184+0000][7][safepoint   ] Safepoint "Cleanup", Time since last: 1000221979 ns, Reaching safepoint: 132115 ns, At safepoint: 13449 ns, Total: 145564 ns
[2023-11-15T22:11:19.184+0000][7][safepoint   ] Safepoint "Cleanup", Time since last: 1000167594 ns, Reaching safepoint: 116256 ns, At safepoint: 14347 ns, Total: 130603 ns
[2023-11-15T22:11:20.185+0000][7][safepoint   ] Safepoint "Cleanup", Time since last: 1000233895 ns, Reaching safepoint: 165217 ns, At safepoint: 15334 ns, Total: 180551 ns
[2023-11-15T22:11:22.185+0000][7][safepoint   ] Safepoint "Cleanup", Time since last: 2000387565 ns, Reaching safepoint: 169630 ns, At safepoint: 20519 ns, Total: 190149 ns
[2023-11-15T22:11:22.569+0000][7][gc,start    ] GC(32) Pause Young (Normal) (G1 Evacuation Pause)
[2023-11-15T22:11:22.570+0000][7][gc,task     ] GC(32) Using 8 workers of 8 for evacuation
[2023-11-15T22:11:22.570+0000][7][gc,age      ] GC(32) Desired survivor size 20971520 bytes, new threshold 15 (max threshold 15)
[2023-11-15T22:11:22.589+0000][7][gc,age      ] GC(32) Age table with threshold 15 (max threshold 15)
[2023-11-15T22:11:22.590+0000][7][gc,age      ] GC(32) - age   1:    1530264 bytes,    1530264 total
[2023-11-15T22:11:22.590+0000][7][gc,age      ] GC(32) - age   2:     722704 bytes,    2252968 total
[2023-11-15T22:11:22.590+0000][7][gc,age      ] GC(32) - age   3:     716064 bytes,    2969032 total
[2023-11-15T22:11:22.590+0000][7][gc,age      ] GC(32) - age   4:     423760 bytes,    3392792 total
[2023-11-15T22:11:22.590+0000][7][gc,age      ] GC(32) - age   5:     237152 bytes,    3629944 total
[2023-11-15T22:11:22.590+0000][7][gc,age      ] GC(32) - age   6:     275104 bytes,    3905048 total
[2023-11-15T22:11:22.590+0000][7][gc,age      ] GC(32) - age   7:     353632 bytes,    4258680 total
[2023-11-15T22:11:22.590+0000][7][gc,age      ] GC(32) - age   8:     283344 bytes,    4542024 total
[2023-11-15T22:11:22.590+0000][7][gc,age      ] GC(32) - age   9:     435168 bytes,    4977192 total
[2023-11-15T22:11:22.590+0000][7][gc,age      ] GC(32) - age  10:     307328 bytes,    5284520 total
[2023-11-15T22:11:22.590+0000][7][gc,age      ] GC(32) - age  11:     437416 bytes,    5721936 total
[2023-11-15T22:11:22.590+0000][7][gc,age      ] GC(32) - age  12:     407056 bytes,    6128992 total
[2023-11-15T22:11:22.590+0000][7][gc,age      ] GC(32) - age  13:     452696 bytes,    6581688 total
[2023-11-15T22:11:22.590+0000][7][gc,age      ] GC(32) - age  14:    1493032 bytes,    8074720 total
[2023-11-15T22:11:22.590+0000][7][gc,age      ] GC(32) - age  15:    7323520 bytes,   15398240 total
[2023-11-15T22:11:22.590+0000][7][gc,phases   ] GC(32)   Pre Evacuate Collection Set: 0.2ms
[2023-11-15T22:11:22.590+0000][7][gc,phases   ] GC(32)   Merge Heap Roots: 0.2ms
[2023-11-15T22:11:22.590+0000][7][gc,phases   ] GC(32)   Evacuate Collection Set: 17.9ms
[2023-11-15T22:11:22.590+0000][7][gc,phases   ] GC(32)   Post Evacuate Collection Set: 1.6ms
[2023-11-15T22:11:22.590+0000][7][gc,phases   ] GC(32)   Other: 0.6ms
[2023-11-15T22:11:22.590+0000][7][gc,heap     ] GC(32) Eden regions: 72->0(72)
[2023-11-15T22:11:22.590+0000][7][gc,heap     ] GC(32) Survivor regions: 4->4(10)
[2023-11-15T22:11:22.590+0000][7][gc,heap     ] GC(32) Old regions: 20->20
[2023-11-15T22:11:22.590+0000][7][gc,heap     ] GC(32) Archive regions: 2->2
[2023-11-15T22:11:22.590+0000][7][gc,heap     ] GC(32) Humongous regions: 5->5
[2023-11-15T22:11:22.590+0000][7][gc,metaspace] GC(32) Metaspace: 114328K(115968K)->114328K(115968K) NonClass: 98928K(99904K)->98928K(99904K) Class: 15399K(16064K)->15399K(16064K)
[2023-11-15T22:11:22.590+0000][7][gc          ] GC(32) Pause Young (Normal) (G1 Evacuation Pause) 405M->117M(512M) 20.586ms
[2023-11-15T22:11:22.590+0000][7][gc,cpu      ] GC(32) User=0.08s Sys=0.01s Real=0.02s
[2023-11-15T22:11:22.590+0000][7][safepoint   ] Safepoint "G1CollectForAllocation", Time since last: 384192494 ns, Reaching safepoint: 62839 ns, At safepoint: 20784164 ns, Total: 20847003 ns
[2023-11-15T22:11:23.591+0000][7][safepoint   ] Safepoint "Cleanup", Time since last: 1000155911 ns, Reaching safepoint: 342750 ns, At safepoint: 25713 ns, Total: 368463 ns
[2023-11-15T22:11:24.591+0000][7][safepoint   ] Safepoint "Cleanup", Time since last: 1000209832 ns, Reaching safepoint: 70466 ns, At safepoint: 9562 ns, Total: 80028 ns
[2023-11-15T22:11:25.591+0000][7][safepoint   ] Safepoint "Cleanup", Time since last: 1000213498 ns, Reaching safepoint: 66272 ns, At safepoint: 10011 ns, Total: 76283 ns
[2023-11-15T22:11:26.592+0000][7][safepoint   ] Safepoint "Cleanup", Time since last: 1000529098 ns, Reaching safepoint: 75532 ns, At safepoint: 8651 ns, Total: 84183 ns
[2023-11-15T22:11:27.592+0000][7][safepoint   ] Safepoint "Cleanup", Time since last: 1000158711 ns, Reaching safepoint: 78855 ns, At safepoint: 9292 ns, Total: 88147 ns
[2023-11-15T22:11:28.592+0000][7][safepoint   ] Safepoint "Cleanup", Time since last: 1000102719 ns, Reaching safepoint: 50497 ns, At safepoint: 4812 ns, Total: 55309 ns
[2023-11-15T22:11:29.593+0000][7][safepoint   ] Safepoint "Cleanup", Time since last: 1000125301 ns, Reaching safepoint: 211174 ns, At safepoint: 33352 ns, Total: 244526 ns
[2023-11-15T22:11:31.593+0000][7][safepoint   ] Safepoint "Cleanup", Time since last: 2000213109 ns, Reaching safepoint: 130089 ns, At safepoint: 10072 ns, Total: 140161 ns
[2023-11-15T22:11:32.593+0000][7][safepoint   ] Safepoint "Cleanup", Time since last: 1000109698 ns, Reaching safepoint: 38912 ns, At safepoint: 3512 ns, Total: 42424 ns
[2023-11-15T22:11:33.990+0000][7][safepoint   ] Safepoint "Cleanup", Time since last: 1396253593 ns, Reaching safepoint: 140943 ns, At safepoint: 5429 ns, Total: 146372 ns
[2023-11-15T22:11:34.891+0000][7][safepoint   ] Safepoint "ICBufferFull", Time since last: 900828911 ns, Reaching safepoint: 165424 ns, At safepoint: 5560 ns, Total: 170984 ns
[2023-11-15T22:11:35.891+0000][7][safepoint   ] Safepoint "Cleanup", Time since last: 1000114049 ns, Reaching safepoint: 188972 ns, At safepoint: 23931 ns, Total: 212903 ns
[2023-11-15T22:11:36.891+0000][7][safepoint   ] Safepoint "Cleanup", Time since last: 1000179113 ns, Reaching safepoint: 180744 ns, At safepoint: 32699 ns, Total: 213443 ns
[2023-11-15T22:11:37.892+0000][7][safepoint   ] Safepoint "Cleanup", Time since last: 1000214340 ns, Reaching safepoint: 175991 ns, At safepoint: 21275 ns, Total: 197266 ns
[2023-11-15T22:11:38.892+0000][7][safepoint   ] Safepoint "Cleanup", Time since last: 1000189868 ns, Reaching safepoint: 101715 ns, At safepoint: 12934 ns, Total: 114649 ns
[2023-11-15T22:11:39.892+0000][7][safepoint   ] Safepoint "Cleanup", Time since last: 1000162237 ns, Reaching safepoint: 75916 ns, At safepoint: 9189 ns, Total: 85105 ns
[2023-11-15T22:11:40.012+0000][7][gc,start    ] GC(33) Pause Young (Normal) (G1 Evacuation Pause)
[2023-11-15T22:11:40.012+0000][7][gc,task     ] GC(33) Using 8 workers of 8 for evacuation
[2023-11-15T22:11:40.012+0000][7][gc,age      ] GC(33) Desired survivor size 20971520 bytes, new threshold 15 (max threshold 15)
[2023-11-15T22:11:40.039+0000][7][gc,age      ] GC(33) Age table with threshold 15 (max threshold 15)
[2023-11-15T22:11:40.039+0000][7][gc,age      ] GC(33) - age   1:    1916536 bytes,    1916536 total
[2023-11-15T22:11:40.039+0000][7][gc,age      ] GC(33) - age   2:    1081832 bytes,    2998368 total
[2023-11-15T22:11:40.039+0000][7][gc,age      ] GC(33) - age   3:     579912 bytes,    3578280 total
[2023-11-15T22:11:40.039+0000][7][gc,age      ] GC(33) - age   4:     338032 bytes,    3916312 total
[2023-11-15T22:11:40.039+0000][7][gc,age      ] GC(33) - age   5:     423584 bytes,    4339896 total
[2023-11-15T22:11:40.039+0000][7][gc,age      ] GC(33) - age   6:     235000 bytes,    4574896 total
[2023-11-15T22:11:40.039+0000][7][gc,age      ] GC(33) - age   7:     272280 bytes,    4847176 total
[2023-11-15T22:11:40.039+0000][7][gc,age      ] GC(33) - age   8:     353632 bytes,    5200808 total
[2023-11-15T22:11:40.039+0000][7][gc,age      ] GC(33) - age   9:     271384 bytes,    5472192 total
[2023-11-15T22:11:40.039+0000][7][gc,age      ] GC(33) - age  10:     435064 bytes,    5907256 total
[2023-11-15T22:11:40.039+0000][7][gc,age      ] GC(33) - age  11:     307328 bytes,    6214584 total
[2023-11-15T22:11:40.039+0000][7][gc,age      ] GC(33) - age  12:     421568 bytes,    6636152 total
[2023-11-15T22:11:40.039+0000][7][gc,age      ] GC(33) - age  13:     381744 bytes,    7017896 total
[2023-11-15T22:11:40.039+0000][7][gc,age      ] GC(33) - age  14:     447384 bytes,    7465280 total
[2023-11-15T22:11:40.039+0000][7][gc,age      ] GC(33) - age  15:    1385696 bytes,    8850976 total
[2023-11-15T22:11:40.039+0000][7][gc,phases   ] GC(33)   Pre Evacuate Collection Set: 0.1ms
[2023-11-15T22:11:40.039+0000][7][gc,phases   ] GC(33)   Merge Heap Roots: 0.1ms
[2023-11-15T22:11:40.039+0000][7][gc,phases   ] GC(33)   Evacuate Collection Set: 26.4ms
[2023-11-15T22:11:40.039+0000][7][gc,phases   ] GC(33)   Post Evacuate Collection Set: 0.7ms
[2023-11-15T22:11:40.039+0000][7][gc,phases   ] GC(33)   Other: 0.3ms
[2023-11-15T22:11:40.039+0000][7][gc,heap     ] GC(33) Eden regions: 72->0(73)
[2023-11-15T22:11:40.039+0000][7][gc,heap     ] GC(33) Survivor regions: 4->3(10)
[2023-11-15T22:11:40.039+0000][7][gc,heap     ] GC(33) Old regions: 20->22
[2023-11-15T22:11:40.039+0000][7][gc,heap     ] GC(33) Archive regions: 2->2
[2023-11-15T22:11:40.039+0000][7][gc,heap     ] GC(33) Humongous regions: 5->5
[2023-11-15T22:11:40.039+0000][7][gc,metaspace] GC(33) Metaspace: 114422K(116032K)->114422K(116032K) NonClass: 99021K(99968K)->99021K(99968K) Class: 15400K(16064K)->15400K(16064K)
[2023-11-15T22:11:40.039+0000][7][gc          ] GC(33) Pause Young (Normal) (G1 Evacuation Pause) 405M->118M(512M) 27.557ms
[2023-11-15T22:11:40.039+0000][7][gc,cpu      ] GC(33) User=0.04s Sys=0.00s Real=0.03s
[2023-11-15T22:11:40.039+0000][7][safepoint   ] Safepoint "G1CollectForAllocation", Time since last: 119363294 ns, Reaching safepoint: 88749 ns, At safepoint: 27644401 ns, Total: 27733150 ns
[2023-11-15T22:11:41.040+0000][7][safepoint   ] Safepoint "Cleanup", Time since last: 1000199878 ns, Reaching safepoint: 114874 ns, At safepoint: 10939 ns, Total: 125813 ns
[2023-11-15T22:11:42.040+0000][7][safepoint   ] Safepoint "Cleanup", Time since last: 1000205194 ns, Reaching safepoint: 122632 ns, At safepoint: 13888 ns, Total: 136520 ns
[2023-11-15T22:11:43.040+0000][7][safepoint   ] Safepoint "Cleanup", Time since last: 1000167155 ns, Reaching safepoint: 104378 ns, At safepoint: 10453 ns, Total: 114831 ns
[2023-11-15T22:11:44.041+0000][7][safepoint   ] Safepoint "Cleanup", Time since last: 1000191825 ns, Reaching safepoint: 97058 ns, At safepoint: 20139 ns, Total: 117197 ns
[2023-11-15T22:11:45.041+0000][7][safepoint   ] Safepoint "Cleanup", Time since last: 1000203983 ns, Reaching safepoint: 82510 ns, At safepoint: 9659 ns, Total: 92169 ns
[2023-11-15T22:11:47.041+0000][7][safepoint   ] Safepoint "Cleanup", Time since last: 2000204238 ns, Reaching safepoint: 111584 ns, At safepoint: 17539 ns, Total: 129123 ns
[2023-11-15T22:11:48.042+0000][7][safepoint   ] Safepoint "Cleanup", Time since last: 1000162286 ns, Reaching safepoint: 106404 ns, At safepoint: 11692 ns, Total: 118096 ns
[2023-11-15T22:11:49.042+0000][7][safepoint   ] Safepoint "Cleanup", Time since last: 1000381803 ns, Reaching safepoint: 109978 ns, At safepoint: 14640 ns, Total: 124618 ns
[2023-11-15T22:11:50.042+0000][7][safepoint   ] Safepoint "Cleanup", Time since last: 1000230283 ns, Reaching safepoint: 138839 ns, At safepoint: 20086 ns, Total: 158925 ns
[2023-11-15T22:11:51.043+0000][7][safepoint   ] Safepoint "Cleanup", Time since last: 1000163629 ns, Reaching safepoint: 188208 ns, At safepoint: 11535 ns, Total: 199743 ns
[2023-11-15T22:11:52.043+0000][7][safepoint   ] Safepoint "Cleanup", Time since last: 1000279467 ns, Reaching safepoint: 113219 ns, At safepoint: 19703 ns, Total: 132922 ns
[2023-11-15T22:11:53.044+0000][7][safepoint   ] Safepoint "Cleanup", Time since last: 1000186432 ns, Reaching safepoint: 333875 ns, At safepoint: 25383 ns, Total: 359258 ns
[2023-11-15T22:11:54.044+0000][7][safepoint   ] Safepoint "Cleanup", Time since last: 1000211310 ns, Reaching safepoint: 117633 ns, At safepoint: 23750 ns, Total: 141383 ns
[2023-11-15T22:11:55.044+0000][7][safepoint   ] Safepoint "Cleanup", Time since last: 1000184262 ns, Reaching safepoint: 94151 ns, At safepoint: 11930 ns, Total: 106081 ns
[2023-11-15T22:11:56.045+0000][7][safepoint   ] Safepoint "Cleanup", Time since last: 1000169594 ns, Reaching safepoint: 112394 ns, At safepoint: 13022 ns, Total: 125416 ns
[2023-11-15T22:11:57.045+0000][7][safepoint   ] Safepoint "Cleanup", Time since last: 1000200048 ns, Reaching safepoint: 192158 ns, At safepoint: 45840 ns, Total: 237998 ns
[2023-11-15T22:11:59.045+0000][7][safepoint   ] Safepoint "Cleanup", Time since last: 2000226232 ns, Reaching safepoint: 143530 ns, At safepoint: 7504 ns, Total: 151034 ns
[2023-11-15T22:11:59.131+0000][7][gc,start    ] GC(34) Pause Young (Normal) (G1 Evacuation Pause)
[2023-11-15T22:11:59.131+0000][7][gc,task     ] GC(34) Using 8 workers of 8 for evacuation
[2023-11-15T22:11:59.131+0000][7][gc,age      ] GC(34) Desired survivor size 20971520 bytes, new threshold 15 (max threshold 15)
[2023-11-15T22:11:59.140+0000][7][gc,age      ] GC(34) Age table with threshold 15 (max threshold 15)
[2023-11-15T22:11:59.140+0000][7][gc,age      ] GC(34) - age   1:    1886944 bytes,    1886944 total
[2023-11-15T22:11:59.140+0000][7][gc,age      ] GC(34) - age   2:    1554248 bytes,    3441192 total
[2023-11-15T22:11:59.140+0000][7][gc,age      ] GC(34) - age   3:     555096 bytes,    3996288 total
[2023-11-15T22:11:59.140+0000][7][gc,age      ] GC(34) - age   4:     537176 bytes,    4533464 total
[2023-11-15T22:11:59.140+0000][7][gc,age      ] GC(34) - age   5:     338032 bytes,    4871496 total
[2023-11-15T22:11:59.140+0000][7][gc,age      ] GC(34) - age   6:     423360 bytes,    5294856 total
[2023-11-15T22:11:59.140+0000][7][gc,age      ] GC(34) - age   7:     234936 bytes,    5529792 total
[2023-11-15T22:11:59.140+0000][7][gc,age      ] GC(34) - age   8:     272280 bytes,    5802072 total
[2023-11-15T22:11:59.140+0000][7][gc,age      ] GC(34) - age   9:     353632 bytes,    6155704 total
[2023-11-15T22:11:59.140+0000][7][gc,age      ] GC(34) - age  10:     271384 bytes,    6427088 total
[2023-11-15T22:11:59.140+0000][7][gc,age      ] GC(34) - age  11:     435064 bytes,    6862152 total
[2023-11-15T22:11:59.140+0000][7][gc,age      ] GC(34) - age  12:     307328 bytes,    7169480 total
[2023-11-15T22:11:59.140+0000][7][gc,age      ] GC(34) - age  13:     421440 bytes,    7590920 total
[2023-11-15T22:11:59.140+0000][7][gc,age      ] GC(34) - age  14:     381480 bytes,    7972400 total
[2023-11-15T22:11:59.140+0000][7][gc,age      ] GC(34) - age  15:     447384 bytes,    8419784 total
[2023-11-15T22:11:59.140+0000][7][gc,phases   ] GC(34)   Pre Evacuate Collection Set: 0.1ms
[2023-11-15T22:11:59.140+0000][7][gc,phases   ] GC(34)   Merge Heap Roots: 0.1ms
[2023-11-15T22:11:59.140+0000][7][gc,phases   ] GC(34)   Evacuate Collection Set: 7.6ms
[2023-11-15T22:11:59.140+0000][7][gc,phases   ] GC(34)   Post Evacuate Collection Set: 0.9ms
[2023-11-15T22:11:59.140+0000][7][gc,phases   ] GC(34)   Other: 0.3ms
[2023-11-15T22:11:59.140+0000][7][gc,heap     ] GC(34) Eden regions: 73->0(73)
[2023-11-15T22:11:59.140+0000][7][gc,heap     ] GC(34) Survivor regions: 3->3(10)
[2023-11-15T22:11:59.140+0000][7][gc,heap     ] GC(34) Old regions: 22->22
[2023-11-15T22:11:59.140+0000][7][gc,heap     ] GC(34) Archive regions: 2->2
[2023-11-15T22:11:59.140+0000][7][gc,heap     ] GC(34) Humongous regions: 5->5
[2023-11-15T22:11:59.140+0000][7][gc,metaspace] GC(34) Metaspace: 114543K(116224K)->114543K(116224K) NonClass: 99141K(100160K)->99141K(100160K) Class: 15402K(16064K)->15402K(16064K)
[2023-11-15T22:11:59.140+0000][7][gc          ] GC(34) Pause Young (Normal) (G1 Evacuation Pause) 410M->119M(512M) 8.964ms
[2023-11-15T22:11:59.140+0000][7][gc,cpu      ] GC(34) User=0.03s Sys=0.00s Real=0.01s
[2023-11-15T22:11:59.140+0000][7][safepoint   ] Safepoint "G1CollectForAllocation", Time since last: 85182905 ns, Reaching safepoint: 85410 ns, At safepoint: 9061592 ns, Total: 9147002 ns
[2023-11-15T22:12:00.140+0000][7][safepoint   ] Safepoint "Cleanup", Time since last: 1000144098 ns, Reaching safepoint: 56141 ns, At safepoint: 4754 ns, Total: 60895 ns
[2023-11-15T22:12:02.140+0000][7][safepoint   ] Safepoint "Cleanup", Time since last: 2000160513 ns, Reaching safepoint: 59821 ns, At safepoint: 3799 ns, Total: 63620 ns
[2023-11-15T22:12:03.142+0000][7][safepoint   ] Safepoint "Cleanup", Time since last: 1001301190 ns, Reaching safepoint: 54449 ns, At safepoint: 3273 ns, Total: 57722 ns
[2023-11-15T22:12:04.142+0000][7][safepoint   ] Safepoint "Cleanup", Time since last: 1000098316 ns, Reaching safepoint: 44902 ns, At safepoint: 6659 ns, Total: 51561 ns
[2023-11-15T22:12:05.142+0000][7][safepoint   ] Safepoint "Cleanup", Time since last: 1000121281 ns, Reaching safepoint: 165168 ns, At safepoint: 17221 ns, Total: 182389 ns
[2023-11-15T22:12:06.142+0000][7][safepoint   ] Safepoint "Cleanup", Time since last: 1000137784 ns, Reaching safepoint: 129344 ns, At safepoint: 6813 ns, Total: 136157 ns
[2023-11-15T22:12:07.143+0000][7][safepoint   ] Safepoint "Cleanup", Time since last: 1000580475 ns, Reaching safepoint: 52398 ns, At safepoint: 8040 ns, Total: 60438 ns
[2023-11-15T22:12:08.143+0000][7][safepoint   ] Safepoint "Cleanup", Time since last: 1000113640 ns, Reaching safepoint: 89453 ns, At safepoint: 7142 ns, Total: 96595 ns
[2023-11-15T22:12:09.143+0000][7][safepoint   ] Safepoint "Cleanup", Time since last: 1000146017 ns, Reaching safepoint: 128942 ns, At safepoint: 13629 ns, Total: 142571 ns
[2023-11-15T22:12:10.144+0000][7][safepoint   ] Safepoint "Cleanup", Time since last: 1000168486 ns, Reaching safepoint: 79159 ns, At safepoint: 10542 ns, Total: 89701 ns
[2023-11-15T22:12:11.144+0000][7][safepoint   ] Safepoint "Cleanup", Time since last: 1000123012 ns, Reaching safepoint: 48163 ns, At safepoint: 6782 ns, Total: 54945 ns
[2023-11-15T22:12:12.144+0000][7][safepoint   ] Safepoint "Cleanup", Time since last: 1000118760 ns, Reaching safepoint: 113537 ns, At safepoint: 10392 ns, Total: 123929 ns
[2023-11-15T22:12:14.145+0000][7][safepoint   ] Safepoint "Cleanup", Time since last: 2000267508 ns, Reaching safepoint: 116505 ns, At safepoint: 19735 ns, Total: 136240 ns
[2023-11-15T22:12:15.145+0000][7][safepoint   ] Safepoint "Cleanup", Time since last: 1000195419 ns, Reaching safepoint: 74697 ns, At safepoint: 7075 ns, Total: 81772 ns
[2023-11-15T22:12:17.124+0000][7][gc,start    ] GC(35) Pause Young (Normal) (G1 Evacuation Pause)
[2023-11-15T22:12:17.124+0000][7][gc,task     ] GC(35) Using 8 workers of 8 for evacuation
[2023-11-15T22:12:17.124+0000][7][gc,age      ] GC(35) Desired survivor size 20971520 bytes, new threshold 15 (max threshold 15)
[2023-11-15T22:12:17.130+0000][7][gc,age      ] GC(35) Age table with threshold 15 (max threshold 15)
[2023-11-15T22:12:17.130+0000][7][gc,age      ] GC(35) - age   1:    1551472 bytes,    1551472 total
[2023-11-15T22:12:17.130+0000][7][gc,age      ] GC(35) - age   2:    1149896 bytes,    2701368 total
[2023-11-15T22:12:17.130+0000][7][gc,age      ] GC(35) - age   3:    1181008 bytes,    3882376 total
[2023-11-15T22:12:17.130+0000][7][gc,age      ] GC(35) - age   4:     515096 bytes,    4397472 total
[2023-11-15T22:12:17.130+0000][7][gc,age      ] GC(35) - age   5:     537176 bytes,    4934648 total
[2023-11-15T22:12:17.130+0000][7][gc,age      ] GC(35) - age   6:     337968 bytes,    5272616 total
[2023-11-15T22:12:17.130+0000][7][gc,age      ] GC(35) - age   7:     423288 bytes,    5695904 total
[2023-11-15T22:12:17.130+0000][7][gc,age      ] GC(35) - age   8:     234936 bytes,    5930840 total
[2023-11-15T22:12:17.130+0000][7][gc,age      ] GC(35) - age   9:     272280 bytes,    6203120 total
[2023-11-15T22:12:17.130+0000][7][gc,age      ] GC(35) - age  10:     353568 bytes,    6556688 total
[2023-11-15T22:12:17.130+0000][7][gc,age      ] GC(35) - age  11:     271320 bytes,    6828008 total
[2023-11-15T22:12:17.130+0000][7][gc,age      ] GC(35) - age  12:     435064 bytes,    7263072 total
[2023-11-15T22:12:17.130+0000][7][gc,age      ] GC(35) - age  13:     307328 bytes,    7570400 total
[2023-11-15T22:12:17.130+0000][7][gc,age      ] GC(35) - age  14:     421304 bytes,    7991704 total
[2023-11-15T22:12:17.130+0000][7][gc,age      ] GC(35) - age  15:     381448 bytes,    8373152 total
[2023-11-15T22:12:17.130+0000][7][gc,phases   ] GC(35)   Pre Evacuate Collection Set: 0.1ms
[2023-11-15T22:12:17.130+0000][7][gc,phases   ] GC(35)   Merge Heap Roots: 0.1ms
[2023-11-15T22:12:17.130+0000][7][gc,phases   ] GC(35)   Evacuate Collection Set: 4.8ms
[2023-11-15T22:12:17.130+0000][7][gc,phases   ] GC(35)   Post Evacuate Collection Set: 0.7ms
[2023-11-15T22:12:17.130+0000][7][gc,phases   ] GC(35)   Other: 0.4ms
[2023-11-15T22:12:17.130+0000][7][gc,heap     ] GC(35) Eden regions: 73->0(73)
[2023-11-15T22:12:17.130+0000][7][gc,heap     ] GC(35) Survivor regions: 3->3(10)
[2023-11-15T22:12:17.130+0000][7][gc,heap     ] GC(35) Old regions: 22->22
[2023-11-15T22:12:17.130+0000][7][gc,heap     ] GC(35) Archive regions: 2->2
[2023-11-15T22:12:17.130+0000][7][gc,heap     ] GC(35) Humongous regions: 5->5
[2023-11-15T22:12:17.130+0000][7][gc,metaspace] GC(35) Metaspace: 114624K(116288K)->114624K(116288K) NonClass: 99222K(100224K)->99222K(100224K) Class: 15402K(16064K)->15402K(16064K)
[2023-11-15T22:12:17.130+0000][7][gc          ] GC(35) Pause Young (Normal) (G1 Evacuation Pause) 411M->119M(512M) 6.085ms
[2023-11-15T22:12:17.130+0000][7][gc,cpu      ] GC(35) User=0.02s Sys=0.01s Real=0.01s
[2023-11-15T22:12:17.131+0000][7][safepoint   ] Safepoint "G1CollectForAllocation", Time since last: 1979381280 ns, Reaching safepoint: 92095 ns, At safepoint: 6228932 ns, Total: 6321027 ns
[2023-11-15T22:12:18.131+0000][7][safepoint   ] Safepoint "Cleanup", Time since last: 1000111215 ns, Reaching safepoint: 38337 ns, At safepoint: 4349 ns, Total: 42686 ns
[2023-11-15T22:12:20.131+0000][7][safepoint   ] Safepoint "Cleanup", Time since last: 2000259504 ns, Reaching safepoint: 94045 ns, At safepoint: 12525 ns, Total: 106570 ns
[2023-11-15T22:12:22.132+0000][7][safepoint   ] Safepoint "Cleanup", Time since last: 2000475761 ns, Reaching safepoint: 228777 ns, At safepoint: 20879 ns, Total: 249656 ns
[2023-11-15T22:12:23.132+0000][7][safepoint   ] Safepoint "Cleanup", Time since last: 1000253482 ns, Reaching safepoint: 93038 ns, At safepoint: 16173 ns, Total: 109211 ns
[2023-11-15T22:12:24.132+0000][7][safepoint   ] Safepoint "Cleanup", Time since last: 1000201056 ns, Reaching safepoint: 91597 ns, At safepoint: 10116 ns, Total: 101713 ns
[2023-11-15T22:12:25.133+0000][7][safepoint   ] Safepoint "Cleanup", Time since last: 1000150688 ns, Reaching safepoint: 176042 ns, At safepoint: 15019 ns, Total: 191061 ns
[2023-11-15T22:12:26.133+0000][7][safepoint   ] Safepoint "Cleanup", Time since last: 1000273974 ns, Reaching safepoint: 157848 ns, At safepoint: 29486 ns, Total: 187334 ns
[2023-11-15T22:12:27.134+0000][7][safepoint   ] Safepoint "Cleanup", Time since last: 1000201663 ns, Reaching safepoint: 124147 ns, At safepoint: 16042 ns, Total: 140189 ns
[2023-11-15T22:12:28.134+0000][7][safepoint   ] Safepoint "Cleanup", Time since last: 1000198036 ns, Reaching safepoint: 74797 ns, At safepoint: 11393 ns, Total: 86190 ns
[2023-11-15T22:12:29.134+0000][7][safepoint   ] Safepoint "Cleanup", Time since last: 1000221027 ns, Reaching safepoint: 65873 ns, At safepoint: 8799 ns, Total: 74672 ns
[2023-11-15T22:12:30.134+0000][7][safepoint   ] Safepoint "Cleanup", Time since last: 1000125166 ns, Reaching safepoint: 169942 ns, At safepoint: 20083 ns, Total: 190025 ns
[2023-11-15T22:12:32.135+0000][7][safepoint   ] Safepoint "Cleanup", Time since last: 2000879995 ns, Reaching safepoint: 45393 ns, At safepoint: 5695 ns, Total: 51088 ns
[2023-11-15T22:12:33.136+0000][7][safepoint   ] Safepoint "Cleanup", Time since last: 1000161362 ns, Reaching safepoint: 202050 ns, At safepoint: 31065 ns, Total: 233115 ns
[2023-11-15T22:12:34.136+0000][7][safepoint   ] Safepoint "Cleanup", Time since last: 1000206897 ns, Reaching safepoint: 126389 ns, At safepoint: 21309 ns, Total: 147698 ns
[2023-11-15T22:12:35.136+0000][7][safepoint   ] Safepoint "Cleanup", Time since last: 1000188111 ns, Reaching safepoint: 111197 ns, At safepoint: 12181 ns, Total: 123378 ns
[2023-11-15T22:12:35.331+0000][7][gc,start    ] GC(36) Pause Young (Normal) (G1 Evacuation Pause)
[2023-11-15T22:12:35.331+0000][7][gc,task     ] GC(36) Using 8 workers of 8 for evacuation
[2023-11-15T22:12:35.331+0000][7][gc,age      ] GC(36) Desired survivor size 20971520 bytes, new threshold 15 (max threshold 15)
[2023-11-15T22:12:35.339+0000][7][gc,age      ] GC(36) Age table with threshold 15 (max threshold 15)
[2023-11-15T22:12:35.339+0000][7][gc,age      ] GC(36) - age   1:    2346872 bytes,    2346872 total
[2023-11-15T22:12:35.339+0000][7][gc,age      ] GC(36) - age   2:     697048 bytes,    3043920 total
[2023-11-15T22:12:35.339+0000][7][gc,age      ] GC(36) - age   3:     588064 bytes,    3631984 total
[2023-11-15T22:12:35.339+0000][7][gc,age      ] GC(36) - age   4:     755576 bytes,    4387560 total
[2023-11-15T22:12:35.339+0000][7][gc,age      ] GC(36) - age   5:     514736 bytes,    4902296 total
[2023-11-15T22:12:35.339+0000][7][gc,age      ] GC(36) - age   6:     537112 bytes,    5439408 total
[2023-11-15T22:12:35.339+0000][7][gc,age      ] GC(36) - age   7:     337784 bytes,    5777192 total
[2023-11-15T22:12:35.339+0000][7][gc,age      ] GC(36) - age   8:     423288 bytes,    6200480 total
[2023-11-15T22:12:35.339+0000][7][gc,age      ] GC(36) - age   9:     234936 bytes,    6435416 total
[2023-11-15T22:12:35.339+0000][7][gc,age      ] GC(36) - age  10:     272280 bytes,    6707696 total
[2023-11-15T22:12:35.339+0000][7][gc,age      ] GC(36) - age  11:     353568 bytes,    7061264 total
[2023-11-15T22:12:35.339+0000][7][gc,age      ] GC(36) - age  12:     271320 bytes,    7332584 total
[2023-11-15T22:12:35.339+0000][7][gc,age      ] GC(36) - age  13:     435064 bytes,    7767648 total
[2023-11-15T22:12:35.339+0000][7][gc,age      ] GC(36) - age  14:     307328 bytes,    8074976 total
[2023-11-15T22:12:35.339+0000][7][gc,age      ] GC(36) - age  15:     421040 bytes,    8496016 total
[2023-11-15T22:12:35.339+0000][7][gc,phases   ] GC(36)   Pre Evacuate Collection Set: 0.2ms
[2023-11-15T22:12:35.339+0000][7][gc,phases   ] GC(36)   Merge Heap Roots: 0.2ms
[2023-11-15T22:12:35.339+0000][7][gc,phases   ] GC(36)   Evacuate Collection Set: 6.0ms
[2023-11-15T22:12:35.339+0000][7][gc,phases   ] GC(36)   Post Evacuate Collection Set: 1.2ms
[2023-11-15T22:12:35.339+0000][7][gc,phases   ] GC(36)   Other: 0.5ms
[2023-11-15T22:12:35.339+0000][7][gc,heap     ] GC(36) Eden regions: 73->0(73)
[2023-11-15T22:12:35.339+0000][7][gc,heap     ] GC(36) Survivor regions: 3->3(10)
[2023-11-15T22:12:35.339+0000][7][gc,heap     ] GC(36) Old regions: 22->22
[2023-11-15T22:12:35.339+0000][7][gc,heap     ] GC(36) Archive regions: 2->2
[2023-11-15T22:12:35.339+0000][7][gc,heap     ] GC(36) Humongous regions: 5->5
[2023-11-15T22:12:35.339+0000][7][gc,metaspace] GC(36) Metaspace: 114684K(116352K)->114684K(116352K) NonClass: 99282K(100288K)->99282K(100288K) Class: 15402K(16064K)->15402K(16064K)
[2023-11-15T22:12:35.339+0000][7][gc          ] GC(36) Pause Young (Normal) (G1 Evacuation Pause) 411M->120M(512M) 8.124ms
[2023-11-15T22:12:35.339+0000][7][gc,cpu      ] GC(36) User=0.04s Sys=0.00s Real=0.01s
[2023-11-15T22:12:35.339+0000][7][safepoint   ] Safepoint "G1CollectForAllocation", Time since last: 194562840 ns, Reaching safepoint: 66644 ns, At safepoint: 8302883 ns, Total: 8369527 ns
[2023-11-15T22:12:36.340+0000][7][safepoint   ] Safepoint "Cleanup", Time since last: 1000173607 ns, Reaching safepoint: 100244 ns, At safepoint: 11559 ns, Total: 111803 ns
[2023-11-15T22:12:37.340+0000][7][safepoint   ] Safepoint "Cleanup", Time since last: 1000259738 ns, Reaching safepoint: 118951 ns, At safepoint: 22062 ns, Total: 141013 ns
[2023-11-15T22:12:38.340+0000][7][safepoint   ] Safepoint "Cleanup", Time since last: 1000186041 ns, Reaching safepoint: 120024 ns, At safepoint: 17124 ns, Total: 137148 ns
[2023-11-15T22:12:39.341+0000][7][safepoint   ] Safepoint "Cleanup", Time since last: 1000146660 ns, Reaching safepoint: 86564 ns, At safepoint: 10012 ns, Total: 96576 ns
[2023-11-15T22:12:41.341+0000][7][safepoint   ] Safepoint "Cleanup", Time since last: 2000216676 ns, Reaching safepoint: 133690 ns, At safepoint: 16023 ns, Total: 149713 ns
[2023-11-15T22:12:42.341+0000][7][safepoint   ] Safepoint "Cleanup", Time since last: 1000150484 ns, Reaching safepoint: 157494 ns, At safepoint: 21249 ns, Total: 178743 ns
[2023-11-15T22:12:44.342+0000][7][safepoint   ] Safepoint "Cleanup", Time since last: 2000282407 ns, Reaching safepoint: 147580 ns, At safepoint: 30300 ns, Total: 177880 ns
[2023-11-15T22:12:45.794+0000][7][safepoint   ] Safepoint "Cleanup", Time since last: 1452327678 ns, Reaching safepoint: 126690 ns, At safepoint: 19381 ns, Total: 146071 ns
[2023-11-15T22:12:46.795+0000][7][safepoint   ] Safepoint "Cleanup", Time since last: 1000166696 ns, Reaching safepoint: 201967 ns, At safepoint: 20375 ns, Total: 222342 ns
[2023-11-15T22:12:48.795+0000][7][safepoint   ] Safepoint "Cleanup", Time since last: 2000261271 ns, Reaching safepoint: 80708 ns, At safepoint: 9657 ns, Total: 90365 ns
[2023-11-15T22:12:49.795+0000][7][safepoint   ] Safepoint "Cleanup", Time since last: 1000163062 ns, Reaching safepoint: 153688 ns, At safepoint: 31422 ns, Total: 185110 ns
[2023-11-15T22:12:50.796+0000][7][safepoint   ] Safepoint "Cleanup", Time since last: 1000196574 ns, Reaching safepoint: 117487 ns, At safepoint: 4087 ns, Total: 121574 ns
[2023-11-15T22:12:51.796+0000][7][safepoint   ] Safepoint "Cleanup", Time since last: 1000148669 ns, Reaching safepoint: 161288 ns, At safepoint: 11542 ns, Total: 172830 ns
[2023-11-15T22:12:52.666+0000][7][gc,start    ] GC(37) Pause Young (Normal) (G1 Evacuation Pause)
[2023-11-15T22:12:52.666+0000][7][gc,task     ] GC(37) Using 8 workers of 8 for evacuation
[2023-11-15T22:12:52.666+0000][7][gc,age      ] GC(37) Desired survivor size 20971520 bytes, new threshold 15 (max threshold 15)
[2023-11-15T22:12:52.676+0000][7][gc,age      ] GC(37) Age table with threshold 15 (max threshold 15)
[2023-11-15T22:12:52.676+0000][7][gc,age      ] GC(37) - age   1:    2036200 bytes,    2036200 total
[2023-11-15T22:12:52.676+0000][7][gc,age      ] GC(37) - age   2:    1441984 bytes,    3478184 total
[2023-11-15T22:12:52.676+0000][7][gc,age      ] GC(37) - age   3:     239600 bytes,    3717784 total
[2023-11-15T22:12:52.676+0000][7][gc,age      ] GC(37) - age   4:     517264 bytes,    4235048 total
[2023-11-15T22:12:52.676+0000][7][gc,age      ] GC(37) - age   5:     748456 bytes,    4983504 total
[2023-11-15T22:12:52.676+0000][7][gc,age      ] GC(37) - age   6:     514424 bytes,    5497928 total
[2023-11-15T22:12:52.676+0000][7][gc,age      ] GC(37) - age   7:     537048 bytes,    6034976 total
[2023-11-15T22:12:52.676+0000][7][gc,age      ] GC(37) - age   8:     337656 bytes,    6372632 total
[2023-11-15T22:12:52.676+0000][7][gc,age      ] GC(37) - age   9:     423288 bytes,    6795920 total
[2023-11-15T22:12:52.676+0000][7][gc,age      ] GC(37) - age  10:     234936 bytes,    7030856 total
[2023-11-15T22:12:52.676+0000][7][gc,age      ] GC(37) - age  11:     272280 bytes,    7303136 total
[2023-11-15T22:12:52.676+0000][7][gc,age      ] GC(37) - age  12:     353568 bytes,    7656704 total
[2023-11-15T22:12:52.676+0000][7][gc,age      ] GC(37) - age  13:     271320 bytes,    7928024 total
[2023-11-15T22:12:52.676+0000][7][gc,age      ] GC(37) - age  14:     369512 bytes,    8297536 total
[2023-11-15T22:12:52.676+0000][7][gc,age      ] GC(37) - age  15:     307328 bytes,    8604864 total
[2023-11-15T22:12:52.676+0000][7][gc,phases   ] GC(37)   Pre Evacuate Collection Set: 0.1ms
[2023-11-15T22:12:52.676+0000][7][gc,phases   ] GC(37)   Merge Heap Roots: 0.1ms
[2023-11-15T22:12:52.676+0000][7][gc,phases   ] GC(37)   Evacuate Collection Set: 9.2ms
[2023-11-15T22:12:52.676+0000][7][gc,phases   ] GC(37)   Post Evacuate Collection Set: 0.5ms
[2023-11-15T22:12:52.676+0000][7][gc,phases   ] GC(37)   Other: 0.2ms
[2023-11-15T22:12:52.676+0000][7][gc,heap     ] GC(37) Eden regions: 73->0(72)
[2023-11-15T22:12:52.676+0000][7][gc,heap     ] GC(37) Survivor regions: 3->3(10)
[2023-11-15T22:12:52.676+0000][7][gc,heap     ] GC(37) Old regions: 22->23
[2023-11-15T22:12:52.676+0000][7][gc,heap     ] GC(37) Archive regions: 2->2
[2023-11-15T22:12:52.676+0000][7][gc,heap     ] GC(37) Humongous regions: 5->5
[2023-11-15T22:12:52.676+0000][7][gc,metaspace] GC(37) Metaspace: 114779K(116416K)->114779K(116416K) NonClass: 99376K(100352K)->99376K(100352K) Class: 15402K(16064K)->15402K(16064K)
[2023-11-15T22:12:52.676+0000][7][gc          ] GC(37) Pause Young (Normal) (G1 Evacuation Pause) 412M->120M(512M) 10.088ms
[2023-11-15T22:12:52.676+0000][7][gc,cpu      ] GC(37) User=0.03s Sys=0.00s Real=0.01s
[2023-11-15T22:12:52.676+0000][7][safepoint   ] Safepoint "G1CollectForAllocation", Time since last: 869653288 ns, Reaching safepoint: 66916 ns, At safepoint: 10179999 ns, Total: 10246915 ns
[2023-11-15T22:12:53.676+0000][7][safepoint   ] Safepoint "Cleanup", Time since last: 1000187879 ns, Reaching safepoint: 102894 ns, At safepoint: 14459 ns, Total: 117353 ns
[2023-11-15T22:12:54.677+0000][7][safepoint   ] Safepoint "Cleanup", Time since last: 1000234919 ns, Reaching safepoint: 80388 ns, At safepoint: 10992 ns, Total: 91380 ns
[2023-11-15T22:12:55.677+0000][7][safepoint   ] Safepoint "Cleanup", Time since last: 1000183991 ns, Reaching safepoint: 113079 ns, At safepoint: 3975 ns, Total: 117054 ns
[2023-11-15T22:12:56.677+0000][7][safepoint   ] Safepoint "Cleanup", Time since last: 1000110127 ns, Reaching safepoint: 32868 ns, At safepoint: 3951 ns, Total: 36819 ns
[2023-11-15T22:12:58.677+0000][7][safepoint   ] Safepoint "Cleanup", Time since last: 2000219127 ns, Reaching safepoint: 50844 ns, At safepoint: 6008 ns, Total: 56852 ns
[2023-11-15T22:12:59.677+0000][7][safepoint   ] Safepoint "Cleanup", Time since last: 1000088704 ns, Reaching safepoint: 95002 ns, At safepoint: 13481 ns, Total: 108483 ns
[2023-11-15T22:13:01.678+0000][7][safepoint   ] Safepoint "Cleanup", Time since last: 2000307188 ns, Reaching safepoint: 86428 ns, At safepoint: 6552 ns, Total: 92980 ns
[2023-11-15T22:13:02.678+0000][7][safepoint   ] Safepoint "Cleanup", Time since last: 1000180308 ns, Reaching safepoint: 104843 ns, At safepoint: 18837 ns, Total: 123680 ns
[2023-11-15T22:13:04.679+0000][7][safepoint   ] Safepoint "Cleanup", Time since last: 2000230622 ns, Reaching safepoint: 125653 ns, At safepoint: 12219 ns, Total: 137872 ns
[2023-11-15T22:13:05.679+0000][7][safepoint   ] Safepoint "Cleanup", Time since last: 1000127510 ns, Reaching safepoint: 86838 ns, At safepoint: 11256 ns, Total: 98094 ns
[2023-11-15T22:13:06.679+0000][7][safepoint   ] Safepoint "Cleanup", Time since last: 1000153368 ns, Reaching safepoint: 78486 ns, At safepoint: 20370 ns, Total: 98856 ns
[2023-11-15T22:13:07.679+0000][7][safepoint   ] Safepoint "Cleanup", Time since last: 1000248235 ns, Reaching safepoint: 192852 ns, At safepoint: 26534 ns, Total: 219386 ns
[2023-11-15T22:13:08.680+0000][7][safepoint   ] Safepoint "Cleanup", Time since last: 1000146899 ns, Reaching safepoint: 44998 ns, At safepoint: 3944 ns, Total: 48942 ns
[2023-11-15T22:13:09.680+0000][7][safepoint   ] Safepoint "Cleanup", Time since last: 1000142027 ns, Reaching safepoint: 160716 ns, At safepoint: 39658 ns, Total: 200374 ns
[2023-11-15T22:13:10.588+0000][7][gc,start    ] GC(38) Pause Young (Normal) (G1 Evacuation Pause)
[2023-11-15T22:13:10.588+0000][7][gc,task     ] GC(38) Using 8 workers of 8 for evacuation
[2023-11-15T22:13:10.588+0000][7][gc,age      ] GC(38) Desired survivor size 20971520 bytes, new threshold 15 (max threshold 15)
[2023-11-15T22:13:10.603+0000][7][gc,age      ] GC(38) Age table with threshold 15 (max threshold 15)
[2023-11-15T22:13:10.603+0000][7][gc,age      ] GC(38) - age   1:    2449176 bytes,    2449176 total
[2023-11-15T22:13:10.603+0000][7][gc,age      ] GC(38) - age   2:    1033544 bytes,    3482720 total
[2023-11-15T22:13:10.603+0000][7][gc,age      ] GC(38) - age   3:     370512 bytes,    3853232 total
[2023-11-15T22:13:10.603+0000][7][gc,age      ] GC(38) - age   4:     238360 bytes,    4091592 total
[2023-11-15T22:13:10.603+0000][7][gc,age      ] GC(38) - age   5:     516640 bytes,    4608232 total
[2023-11-15T22:13:10.603+0000][7][gc,age      ] GC(38) - age   6:     748016 bytes,    5356248 total
[2023-11-15T22:13:10.603+0000][7][gc,age      ] GC(38) - age   7:     514296 bytes,    5870544 total
[2023-11-15T22:13:10.603+0000][7][gc,age      ] GC(38) - age   8:     536496 bytes,    6407040 total
[2023-11-15T22:13:10.603+0000][7][gc,age      ] GC(38) - age   9:     337344 bytes,    6744384 total
[2023-11-15T22:13:10.603+0000][7][gc,age      ] GC(38) - age  10:     423192 bytes,    7167576 total
[2023-11-15T22:13:10.603+0000][7][gc,age      ] GC(38) - age  11:     234936 bytes,    7402512 total
[2023-11-15T22:13:10.603+0000][7][gc,age      ] GC(38) - age  12:     272280 bytes,    7674792 total
[2023-11-15T22:13:10.603+0000][7][gc,age      ] GC(38) - age  13:     353568 bytes,    8028360 total
[2023-11-15T22:13:10.603+0000][7][gc,age      ] GC(38) - age  14:     271320 bytes,    8299680 total
[2023-11-15T22:13:10.603+0000][7][gc,age      ] GC(38) - age  15:     369512 bytes,    8669192 total
[2023-11-15T22:13:10.603+0000][7][gc,phases   ] GC(38)   Pre Evacuate Collection Set: 0.1ms
[2023-11-15T22:13:10.603+0000][7][gc,phases   ] GC(38)   Merge Heap Roots: 0.1ms
[2023-11-15T22:13:10.603+0000][7][gc,phases   ] GC(38)   Evacuate Collection Set: 13.7ms
[2023-11-15T22:13:10.603+0000][7][gc,phases   ] GC(38)   Post Evacuate Collection Set: 0.8ms
[2023-11-15T22:13:10.603+0000][7][gc,phases   ] GC(38)   Other: 0.4ms
[2023-11-15T22:13:10.603+0000][7][gc,heap     ] GC(38) Eden regions: 72->0(72)
[2023-11-15T22:13:10.603+0000][7][gc,heap     ] GC(38) Survivor regions: 3->3(10)
[2023-11-15T22:13:10.603+0000][7][gc,heap     ] GC(38) Old regions: 23->23
[2023-11-15T22:13:10.603+0000][7][gc,heap     ] GC(38) Archive regions: 2->2
[2023-11-15T22:13:10.603+0000][7][gc,heap     ] GC(38) Humongous regions: 5->5
[2023-11-15T22:13:10.603+0000][7][gc,metaspace] GC(38) Metaspace: 114860K(116480K)->114860K(116480K) NonClass: 99457K(100416K)->99457K(100416K) Class: 15402K(16064K)->15402K(16064K)
[2023-11-15T22:13:10.603+0000][7][gc          ] GC(38) Pause Young (Normal) (G1 Evacuation Pause) 408M->120M(512M) 15.150ms
[2023-11-15T22:13:10.603+0000][7][gc,cpu      ] GC(38) User=0.03s Sys=0.01s Real=0.01s
[2023-11-15T22:13:10.603+0000][7][safepoint   ] Safepoint "G1CollectForAllocation", Time since last: 907795475 ns, Reaching safepoint: 56793 ns, At safepoint: 15266777 ns, Total: 15323570 ns
[2023-11-15T22:13:12.603+0000][7][safepoint   ] Safepoint "Cleanup", Time since last: 2000188333 ns, Reaching safepoint: 66284 ns, At safepoint: 8692 ns, Total: 74976 ns
[2023-11-15T22:13:13.605+0000][7][safepoint   ] Safepoint "Cleanup", Time since last: 1001682590 ns, Reaching safepoint: 134214 ns, At safepoint: 10993 ns, Total: 145207 ns
[2023-11-15T22:13:14.606+0000][7][safepoint   ] Safepoint "Cleanup", Time since last: 1000261022 ns, Reaching safepoint: 137850 ns, At safepoint: 19802 ns, Total: 157652 ns
[2023-11-15T22:13:16.606+0000][7][safepoint   ] Safepoint "Cleanup", Time since last: 2000353439 ns, Reaching safepoint: 154824 ns, At safepoint: 19587 ns, Total: 174411 ns
[2023-11-15T22:13:17.607+0000][7][safepoint   ] Safepoint "Cleanup", Time since last: 1000233134 ns, Reaching safepoint: 84692 ns, At safepoint: 16161 ns, Total: 100853 ns
[2023-11-15T22:13:19.607+0000][7][safepoint   ] Safepoint "Cleanup", Time since last: 2000244897 ns, Reaching safepoint: 121369 ns, At safepoint: 16388 ns, Total: 137757 ns
[2023-11-15T22:13:22.608+0000][7][safepoint   ] Safepoint "Cleanup", Time since last: 3000403933 ns, Reaching safepoint: 151989 ns, At safepoint: 64500 ns, Total: 216489 ns
[2023-11-15T22:13:23.608+0000][7][safepoint   ] Safepoint "Cleanup", Time since last: 1000193143 ns, Reaching safepoint: 129533 ns, At safepoint: 19997 ns, Total: 149530 ns
[2023-11-15T22:13:24.608+0000][7][safepoint   ] Safepoint "Cleanup", Time since last: 1000183958 ns, Reaching safepoint: 36958 ns, At safepoint: 4682 ns, Total: 41640 ns
[2023-11-15T22:13:25.608+0000][7][safepoint   ] Safepoint "Cleanup", Time since last: 1000090717 ns, Reaching safepoint: 80849 ns, At safepoint: 5173 ns, Total: 86022 ns
[2023-11-15T22:13:26.609+0000][7][safepoint   ] Safepoint "Cleanup", Time since last: 1000128119 ns, Reaching safepoint: 114067 ns, At safepoint: 11530 ns, Total: 125597 ns
[2023-11-15T22:13:27.609+0000][7][safepoint   ] Safepoint "Cleanup", Time since last: 1000233115 ns, Reaching safepoint: 93966 ns, At safepoint: 12882 ns, Total: 106848 ns
[2023-11-15T22:13:27.764+0000][7][gc,start    ] GC(39) Pause Young (Normal) (G1 Evacuation Pause)
[2023-11-15T22:13:27.764+0000][7][gc,task     ] GC(39) Using 8 workers of 8 for evacuation
[2023-11-15T22:13:27.765+0000][7][gc,age      ] GC(39) Desired survivor size 20971520 bytes, new threshold 15 (max threshold 15)
[2023-11-15T22:13:27.776+0000][7][gc,age      ] GC(39) Age table with threshold 15 (max threshold 15)
[2023-11-15T22:13:27.776+0000][7][gc,age      ] GC(39) - age   1:    2592000 bytes,    2592000 total
[2023-11-15T22:13:27.776+0000][7][gc,age      ] GC(39) - age   2:     861368 bytes,    3453368 total
[2023-11-15T22:13:27.776+0000][7][gc,age      ] GC(39) - age   3:     615472 bytes,    4068840 total
[2023-11-15T22:13:27.776+0000][7][gc,age      ] GC(39) - age   4:     322416 bytes,    4391256 total
[2023-11-15T22:13:27.776+0000][7][gc,age      ] GC(39) - age   5:     237936 bytes,    4629192 total
[2023-11-15T22:13:27.776+0000][7][gc,age      ] GC(39) - age   6:     516640 bytes,    5145832 total
[2023-11-15T22:13:27.776+0000][7][gc,age      ] GC(39) - age   7:     747824 bytes,    5893656 total
[2023-11-15T22:13:27.776+0000][7][gc,age      ] GC(39) - age   8:     514296 bytes,    6407952 total
[2023-11-15T22:13:27.776+0000][7][gc,age      ] GC(39) - age   9:     536496 bytes,    6944448 total
[2023-11-15T22:13:27.776+0000][7][gc,age      ] GC(39) - age  10:     337344 bytes,    7281792 total
[2023-11-15T22:13:27.776+0000][7][gc,age      ] GC(39) - age  11:     423096 bytes,    7704888 total
[2023-11-15T22:13:27.776+0000][7][gc,age      ] GC(39) - age  12:     234936 bytes,    7939824 total
[2023-11-15T22:13:27.776+0000][7][gc,age      ] GC(39) - age  13:     272280 bytes,    8212104 total
[2023-11-15T22:13:27.776+0000][7][gc,age      ] GC(39) - age  14:     353568 bytes,    8565672 total
[2023-11-15T22:13:27.776+0000][7][gc,age      ] GC(39) - age  15:     271320 bytes,    8836992 total
[2023-11-15T22:13:27.776+0000][7][gc,phases   ] GC(39)   Pre Evacuate Collection Set: 0.2ms
[2023-11-15T22:13:27.776+0000][7][gc,phases   ] GC(39)   Merge Heap Roots: 0.1ms
[2023-11-15T22:13:27.776+0000][7][gc,phases   ] GC(39)   Evacuate Collection Set: 10.2ms
[2023-11-15T22:13:27.776+0000][7][gc,phases   ] GC(39)   Post Evacuate Collection Set: 1.1ms
[2023-11-15T22:13:27.777+0000][7][gc,phases   ] GC(39)   Other: 0.6ms
[2023-11-15T22:13:27.777+0000][7][gc,heap     ] GC(39) Eden regions: 72->0(72)
[2023-11-15T22:13:27.777+0000][7][gc,heap     ] GC(39) Survivor regions: 3->3(10)
[2023-11-15T22:13:27.777+0000][7][gc,heap     ] GC(39) Old regions: 23->23
[2023-11-15T22:13:27.777+0000][7][gc,heap     ] GC(39) Archive regions: 2->2
[2023-11-15T22:13:27.777+0000][7][gc,heap     ] GC(39) Humongous regions: 5->5
[2023-11-15T22:13:27.777+0000][7][gc,metaspace] GC(39) Metaspace: 114953K(116608K)->114953K(116608K) NonClass: 99550K(100544K)->99550K(100544K) Class: 15402K(16064K)->15402K(16064K)
[2023-11-15T22:13:27.777+0000][7][gc          ] GC(39) Pause Young (Normal) (G1 Evacuation Pause) 408M->121M(512M) 12.270ms
[2023-11-15T22:13:27.777+0000][7][gc,cpu      ] GC(39) User=0.05s Sys=0.00s Real=0.02s
[2023-11-15T22:13:27.777+0000][7][safepoint   ] Safepoint "G1CollectForAllocation", Time since last: 155347468 ns, Reaching safepoint: 71851 ns, At safepoint: 12478236 ns, Total: 12550087 ns
[2023-11-15T22:13:28.777+0000][7][safepoint   ] Safepoint "Cleanup", Time since last: 1000135896 ns, Reaching safepoint: 120213 ns, At safepoint: 22877 ns, Total: 143090 ns
[2023-11-15T22:13:29.777+0000][7][safepoint   ] Safepoint "Cleanup", Time since last: 1000154944 ns, Reaching safepoint: 218656 ns, At safepoint: 19308 ns, Total: 237964 ns
[2023-11-15T22:13:31.778+0000][7][safepoint   ] Safepoint "Cleanup", Time since last: 2000304164 ns, Reaching safepoint: 156576 ns, At safepoint: 11256 ns, Total: 167832 ns
[2023-11-15T22:13:33.778+0000][7][safepoint   ] Safepoint "Cleanup", Time since last: 2000258952 ns, Reaching safepoint: 149571 ns, At safepoint: 17144 ns, Total: 166715 ns
[2023-11-15T22:13:34.779+0000][7][safepoint   ] Safepoint "Cleanup", Time since last: 1000170161 ns, Reaching safepoint: 119877 ns, At safepoint: 14924 ns, Total: 134801 ns
[2023-11-15T22:13:36.779+0000][7][safepoint   ] Safepoint "Cleanup", Time since last: 2000381821 ns, Reaching safepoint: 112393 ns, At safepoint: 57611 ns, Total: 170004 ns
[2023-11-15T22:13:37.779+0000][7][safepoint   ] Safepoint "Cleanup", Time since last: 1000172449 ns, Reaching safepoint: 66069 ns, At safepoint: 7637 ns, Total: 73706 ns
[2023-11-15T22:13:39.780+0000][7][safepoint   ] Safepoint "Cleanup", Time since last: 2000326621 ns, Reaching safepoint: 88772 ns, At safepoint: 10627 ns, Total: 99399 ns
[2023-11-15T22:13:40.780+0000][7][safepoint   ] Safepoint "Cleanup", Time since last: 1000132051 ns, Reaching safepoint: 38528 ns, At safepoint: 4984 ns, Total: 43512 ns
[2023-11-15T22:13:41.780+0000][7][safepoint   ] Safepoint "Cleanup", Time since last: 1000139782 ns, Reaching safepoint: 136762 ns, At safepoint: 12335 ns, Total: 149097 ns
[2023-11-15T22:13:43.781+0000][7][safepoint   ] Safepoint "Cleanup", Time since last: 2000274932 ns, Reaching safepoint: 109291 ns, At safepoint: 12855 ns, Total: 122146 ns
[2023-11-15T22:13:44.781+0000][7][safepoint   ] Safepoint "Cleanup", Time since last: 1000212432 ns, Reaching safepoint: 91041 ns, At safepoint: 14476 ns, Total: 105517 ns
[2023-11-15T22:13:46.502+0000][7][gc,start    ] GC(40) Pause Young (Normal) (G1 Evacuation Pause)
[2023-11-15T22:13:46.502+0000][7][gc,task     ] GC(40) Using 8 workers of 8 for evacuation
[2023-11-15T22:13:46.502+0000][7][gc,age      ] GC(40) Desired survivor size 20971520 bytes, new threshold 15 (max threshold 15)
[2023-11-15T22:13:46.514+0000][7][gc,age      ] GC(40) Age table with threshold 15 (max threshold 15)
[2023-11-15T22:13:46.514+0000][7][gc,age      ] GC(40) - age   1:    1827696 bytes,    1827696 total
[2023-11-15T22:13:46.514+0000][7][gc,age      ] GC(40) - age   2:    1660728 bytes,    3488424 total
[2023-11-15T22:13:46.514+0000][7][gc,age      ] GC(40) - age   3:     310960 bytes,    3799384 total
[2023-11-15T22:13:46.514+0000][7][gc,age      ] GC(40) - age   4:     500296 bytes,    4299680 total
[2023-11-15T22:13:46.514+0000][7][gc,age      ] GC(40) - age   5:     321352 bytes,    4621032 total
[2023-11-15T22:13:46.514+0000][7][gc,age      ] GC(40) - age   6:     237680 bytes,    4858712 total
[2023-11-15T22:13:46.514+0000][7][gc,age      ] GC(40) - age   7:     516512 bytes,    5375224 total
[2023-11-15T22:13:46.514+0000][7][gc,age      ] GC(40) - age   8:     747824 bytes,    6123048 total
[2023-11-15T22:13:46.514+0000][7][gc,age      ] GC(40) - age   9:     514296 bytes,    6637344 total
[2023-11-15T22:13:46.514+0000][7][gc,age      ] GC(40) - age  10:     536496 bytes,    7173840 total
[2023-11-15T22:13:46.514+0000][7][gc,age      ] GC(40) - age  11:     337344 bytes,    7511184 total
[2023-11-15T22:13:46.514+0000][7][gc,age      ] GC(40) - age  12:     422784 bytes,    7933968 total
[2023-11-15T22:13:46.514+0000][7][gc,age      ] GC(40) - age  13:     234936 bytes,    8168904 total
[2023-11-15T22:13:46.514+0000][7][gc,age      ] GC(40) - age  14:     272280 bytes,    8441184 total
[2023-11-15T22:13:46.514+0000][7][gc,age      ] GC(40) - age  15:     353568 bytes,    8794752 total
[2023-11-15T22:13:46.515+0000][7][gc,phases   ] GC(40)   Pre Evacuate Collection Set: 0.2ms
[2023-11-15T22:13:46.515+0000][7][gc,phases   ] GC(40)   Merge Heap Roots: 0.2ms
[2023-11-15T22:13:46.515+0000][7][gc,phases   ] GC(40)   Evacuate Collection Set: 10.4ms
[2023-11-15T22:13:46.515+0000][7][gc,phases   ] GC(40)   Post Evacuate Collection Set: 1.4ms
[2023-11-15T22:13:46.515+0000][7][gc,phases   ] GC(40)   Other: 0.7ms
[2023-11-15T22:13:46.515+0000][7][gc,heap     ] GC(40) Eden regions: 72->0(72)
[2023-11-15T22:13:46.515+0000][7][gc,heap     ] GC(40) Survivor regions: 3->3(10)
[2023-11-15T22:13:46.515+0000][7][gc,heap     ] GC(40) Old regions: 23->23
[2023-11-15T22:13:46.515+0000][7][gc,heap     ] GC(40) Archive regions: 2->2
[2023-11-15T22:13:46.515+0000][7][gc,heap     ] GC(40) Humongous regions: 5->5
[2023-11-15T22:13:46.515+0000][7][gc,metaspace] GC(40) Metaspace: 114996K(116608K)->114996K(116608K) NonClass: 99594K(100544K)->99594K(100544K) Class: 15402K(16064K)->15402K(16064K)
[2023-11-15T22:13:46.515+0000][7][gc          ] GC(40) Pause Young (Normal) (G1 Evacuation Pause) 409M->121M(512M) 12.978ms
[2023-11-15T22:13:46.515+0000][7][gc,cpu      ] GC(40) User=0.05s Sys=0.00s Real=0.01s
[2023-11-15T22:13:46.515+0000][7][safepoint   ] Safepoint "G1CollectForAllocation", Time since last: 1720462678 ns, Reaching safepoint: 173867 ns, At safepoint: 13190859 ns, Total: 13364726 ns
[2023-11-15T22:13:47.515+0000][7][safepoint   ] Safepoint "Cleanup", Time since last: 1000143525 ns, Reaching safepoint: 81541 ns, At safepoint: 11495 ns, Total: 93036 ns
[2023-11-15T22:13:49.515+0000][7][safepoint   ] Safepoint "Cleanup", Time since last: 2000238823 ns, Reaching safepoint: 73786 ns, At safepoint: 9470 ns, Total: 83256 ns
[2023-11-15T22:13:50.517+0000][7][safepoint   ] Safepoint "Cleanup", Time since last: 1001430218 ns, Reaching safepoint: 101901 ns, At safepoint: 9094 ns, Total: 110995 ns
[2023-11-15T22:13:52.517+0000][7][safepoint   ] Safepoint "Cleanup", Time since last: 2000280344 ns, Reaching safepoint: 127292 ns, At safepoint: 12323 ns, Total: 139615 ns
[2023-11-15T22:13:53.518+0000][7][safepoint   ] Safepoint "Cleanup", Time since last: 1000188514 ns, Reaching safepoint: 116133 ns, At safepoint: 14740 ns, Total: 130873 ns
[2023-11-15T22:13:54.518+0000][7][safepoint   ] Safepoint "Cleanup", Time since last: 1000176552 ns, Reaching safepoint: 62517 ns, At safepoint: 10866 ns, Total: 73383 ns
[2023-11-15T22:13:56.518+0000][7][safepoint   ] Safepoint "Cleanup", Time since last: 2000227869 ns, Reaching safepoint: 140550 ns, At safepoint: 18219 ns, Total: 158769 ns
[2023-11-15T22:13:57.519+0000][7][safepoint   ] Safepoint "Cleanup", Time since last: 1000166781 ns, Reaching safepoint: 120846 ns, At safepoint: 12697 ns, Total: 133543 ns
[2023-11-15T22:13:59.519+0000][7][safepoint   ] Safepoint "Cleanup", Time since last: 2000321865 ns, Reaching safepoint: 125868 ns, At safepoint: 23537 ns, Total: 149405 ns
[2023-11-15T22:14:02.519+0000][7][safepoint   ] Safepoint "Cleanup", Time since last: 3000305310 ns, Reaching safepoint: 43480 ns, At safepoint: 6236 ns, Total: 49716 ns
[2023-11-15T22:14:03.390+0000][7][gc,start    ] GC(41) Pause Young (Normal) (G1 Evacuation Pause)
[2023-11-15T22:14:03.390+0000][7][gc,task     ] GC(41) Using 8 workers of 8 for evacuation
[2023-11-15T22:14:03.390+0000][7][gc,age      ] GC(41) Desired survivor size 20971520 bytes, new threshold 15 (max threshold 15)
[2023-11-15T22:14:03.404+0000][7][gc,age      ] GC(41) Age table with threshold 15 (max threshold 15)
[2023-11-15T22:14:03.404+0000][7][gc,age      ] GC(41) - age   1:    1564248 bytes,    1564248 total
[2023-11-15T22:14:03.404+0000][7][gc,age      ] GC(41) - age   2:     877000 bytes,    2441248 total
[2023-11-15T22:14:03.404+0000][7][gc,age      ] GC(41) - age   3:    1524848 bytes,    3966096 total
[2023-11-15T22:14:03.404+0000][7][gc,age      ] GC(41) - age   4:     304304 bytes,    4270400 total
[2023-11-15T22:14:03.404+0000][7][gc,age      ] GC(41) - age   5:     492032 bytes,    4762432 total
[2023-11-15T22:14:03.404+0000][7][gc,age      ] GC(41) - age   6:     321352 bytes,    5083784 total
[2023-11-15T22:14:03.404+0000][7][gc,age      ] GC(41) - age   7:     237648 bytes,    5321432 total
[2023-11-15T22:14:03.404+0000][7][gc,age      ] GC(41) - age   8:     515968 bytes,    5837400 total
[2023-11-15T22:14:03.404+0000][7][gc,age      ] GC(41) - age   9:     747824 bytes,    6585224 total
[2023-11-15T22:14:03.404+0000][7][gc,age      ] GC(41) - age  10:     514296 bytes,    7099520 total
[2023-11-15T22:14:03.404+0000][7][gc,age      ] GC(41) - age  11:     536352 bytes,    7635872 total
[2023-11-15T22:14:03.404+0000][7][gc,age      ] GC(41) - age  12:     337344 bytes,    7973216 total
[2023-11-15T22:14:03.404+0000][7][gc,age      ] GC(41) - age  13:     422784 bytes,    8396000 total
[2023-11-15T22:14:03.404+0000][7][gc,age      ] GC(41) - age  14:     234936 bytes,    8630936 total
[2023-11-15T22:14:03.404+0000][7][gc,age      ] GC(41) - age  15:     272280 bytes,    8903216 total
[2023-11-15T22:14:03.404+0000][7][gc,phases   ] GC(41)   Pre Evacuate Collection Set: 0.2ms
[2023-11-15T22:14:03.404+0000][7][gc,phases   ] GC(41)   Merge Heap Roots: 0.2ms
[2023-11-15T22:14:03.404+0000][7][gc,phases   ] GC(41)   Evacuate Collection Set: 12.2ms
[2023-11-15T22:14:03.404+0000][7][gc,phases   ] GC(41)   Post Evacuate Collection Set: 1.5ms
[2023-11-15T22:14:03.404+0000][7][gc,phases   ] GC(41)   Other: 0.6ms
[2023-11-15T22:14:03.404+0000][7][gc,heap     ] GC(41) Eden regions: 72->0(72)
[2023-11-15T22:14:03.404+0000][7][gc,heap     ] GC(41) Survivor regions: 3->3(10)
[2023-11-15T22:14:03.404+0000][7][gc,heap     ] GC(41) Old regions: 23->23
[2023-11-15T22:14:03.404+0000][7][gc,heap     ] GC(41) Archive regions: 2->2
[2023-11-15T22:14:03.404+0000][7][gc,heap     ] GC(41) Humongous regions: 5->5
[2023-11-15T22:14:03.405+0000][7][gc,metaspace] GC(41) Metaspace: 115111K(116736K)->115111K(116736K) NonClass: 99706K(100672K)->99706K(100672K) Class: 15404K(16064K)->15404K(16064K)
[2023-11-15T22:14:03.405+0000][7][gc          ] GC(41) Pause Young (Normal) (G1 Evacuation Pause) 409M->122M(512M) 14.972ms
[2023-11-15T22:14:03.405+0000][7][gc,cpu      ] GC(41) User=0.05s Sys=0.00s Real=0.01s
[2023-11-15T22:14:03.405+0000][7][safepoint   ] Safepoint "G1CollectForAllocation", Time since last: 869915715 ns, Reaching safepoint: 118658 ns, At safepoint: 15171463 ns, Total: 15290121 ns
[2023-11-15T22:14:04.405+0000][7][safepoint   ] Safepoint "Cleanup", Time since last: 1000124407 ns, Reaching safepoint: 105251 ns, At safepoint: 11940 ns, Total: 117191 ns
[2023-11-15T22:14:05.405+0000][7][safepoint   ] Safepoint "Cleanup", Time since last: 1000133374 ns, Reaching safepoint: 59099 ns, At safepoint: 12672 ns, Total: 71771 ns
[2023-11-15T22:14:07.405+0000][7][safepoint   ] Safepoint "Cleanup", Time since last: 2000237060 ns, Reaching safepoint: 117529 ns, At safepoint: 12068 ns, Total: 129597 ns
[2023-11-15T22:14:08.406+0000][7][safepoint   ] Safepoint "Cleanup", Time since last: 1000248319 ns, Reaching safepoint: 115341 ns, At safepoint: 21164 ns, Total: 136505 ns
[2023-11-15T22:14:09.406+0000][7][safepoint   ] Safepoint "Cleanup", Time since last: 1000181708 ns, Reaching safepoint: 102980 ns, At safepoint: 18129 ns, Total: 121109 ns
[2023-11-15T22:14:11.409+0000][7][safepoint   ] Safepoint "Cleanup", Time since last: 2000217497 ns, Reaching safepoint: 2208386 ns, At safepoint: 24750 ns, Total: 2233136 ns
[2023-11-15T22:14:12.409+0000][7][safepoint   ] Safepoint "Cleanup", Time since last: 1000150429 ns, Reaching safepoint: 69522 ns, At safepoint: 8508 ns, Total: 78030 ns
[2023-11-15T22:14:14.409+0000][7][safepoint   ] Safepoint "Cleanup", Time since last: 2000370649 ns, Reaching safepoint: 92576 ns, At safepoint: 16938 ns, Total: 109514 ns
[2023-11-15T22:14:15.410+0000][7][safepoint   ] Safepoint "Cleanup", Time since last: 1000157549 ns, Reaching safepoint: 73022 ns, At safepoint: 9727 ns, Total: 82749 ns
[2023-11-15T22:14:17.410+0000][7][safepoint   ] Safepoint "Cleanup", Time since last: 2000187158 ns, Reaching safepoint: 93298 ns, At safepoint: 8246 ns, Total: 101544 ns
[2023-11-15T22:14:18.410+0000][7][safepoint   ] Safepoint "Cleanup", Time since last: 1000186661 ns, Reaching safepoint: 178929 ns, At safepoint: 21111 ns, Total: 200040 ns
[2023-11-15T22:14:19.411+0000][7][safepoint   ] Safepoint "Cleanup", Time since last: 1000238220 ns, Reaching safepoint: 118196 ns, At safepoint: 18511 ns, Total: 136707 ns
[2023-11-15T22:14:20.411+0000][7][safepoint   ] Safepoint "Cleanup", Time since last: 1000469937 ns, Reaching safepoint: 98364 ns, At safepoint: 10764 ns, Total: 109128 ns
[2023-11-15T22:14:21.793+0000][7][gc,start    ] GC(42) Pause Young (Normal) (G1 Evacuation Pause)
[2023-11-15T22:14:21.793+0000][7][gc,task     ] GC(42) Using 8 workers of 8 for evacuation
[2023-11-15T22:14:21.793+0000][7][gc,age      ] GC(42) Desired survivor size 20971520 bytes, new threshold 15 (max threshold 15)
[2023-11-15T22:14:21.800+0000][7][gc,age      ] GC(42) Age table with threshold 15 (max threshold 15)
[2023-11-15T22:14:21.800+0000][7][gc,age      ] GC(42) - age   1:    2018224 bytes,    2018224 total
[2023-11-15T22:14:21.800+0000][7][gc,age      ] GC(42) - age   2:     478592 bytes,    2496816 total
[2023-11-15T22:14:21.800+0000][7][gc,age      ] GC(42) - age   3:     862800 bytes,    3359616 total
[2023-11-15T22:14:21.801+0000][7][gc,age      ] GC(42) - age   4:     886184 bytes,    4245800 total
[2023-11-15T22:14:21.801+0000][7][gc,age      ] GC(42) - age   5:     304176 bytes,    4549976 total
[2023-11-15T22:14:21.801+0000][7][gc,age      ] GC(42) - age   6:     491296 bytes,    5041272 total
[2023-11-15T22:14:21.801+0000][7][gc,age      ] GC(42) - age   7:     321256 bytes,    5362528 total
[2023-11-15T22:14:21.801+0000][7][gc,age      ] GC(42) - age   8:     237392 bytes,    5599920 total
[2023-11-15T22:14:21.801+0000][7][gc,age      ] GC(42) - age   9:     514184 bytes,    6114104 total
[2023-11-15T22:14:21.801+0000][7][gc,age      ] GC(42) - age  10:     747824 bytes,    6861928 total
[2023-11-15T22:14:21.801+0000][7][gc,age      ] GC(42) - age  11:     514296 bytes,    7376224 total
[2023-11-15T22:14:21.801+0000][7][gc,age      ] GC(42) - age  12:     536352 bytes,    7912576 total
[2023-11-15T22:14:21.801+0000][7][gc,age      ] GC(42) - age  13:     337344 bytes,    8249920 total
[2023-11-15T22:14:21.801+0000][7][gc,age      ] GC(42) - age  14:     422784 bytes,    8672704 total
[2023-11-15T22:14:21.801+0000][7][gc,age      ] GC(42) - age  15:     234936 bytes,    8907640 total
[2023-11-15T22:14:21.801+0000][7][gc,phases   ] GC(42)   Pre Evacuate Collection Set: 0.2ms
[2023-11-15T22:14:21.801+0000][7][gc,phases   ] GC(42)   Merge Heap Roots: 0.2ms
[2023-11-15T22:14:21.801+0000][7][gc,phases   ] GC(42)   Evacuate Collection Set: 5.9ms
[2023-11-15T22:14:21.801+0000][7][gc,phases   ] GC(42)   Post Evacuate Collection Set: 1.3ms
[2023-11-15T22:14:21.801+0000][7][gc,phases   ] GC(42)   Other: 0.7ms
[2023-11-15T22:14:21.801+0000][7][gc,heap     ] GC(42) Eden regions: 72->0(72)
[2023-11-15T22:14:21.801+0000][7][gc,heap     ] GC(42) Survivor regions: 3->3(10)
[2023-11-15T22:14:21.801+0000][7][gc,heap     ] GC(42) Old regions: 23->23
[2023-11-15T22:14:21.801+0000][7][gc,heap     ] GC(42) Archive regions: 2->2
[2023-11-15T22:14:21.801+0000][7][gc,heap     ] GC(42) Humongous regions: 5->5
[2023-11-15T22:14:21.801+0000][7][gc,metaspace] GC(42) Metaspace: 115148K(116736K)->115148K(116736K) NonClass: 99743K(100672K)->99743K(100672K) Class: 15404K(16064K)->15404K(16064K)
[2023-11-15T22:14:21.801+0000][7][gc          ] GC(42) Pause Young (Normal) (G1 Evacuation Pause) 410M->122M(512M) 8.381ms
[2023-11-15T22:14:21.801+0000][7][gc,cpu      ] GC(42) User=0.04s Sys=0.00s Real=0.01s
[2023-11-15T22:14:21.801+0000][7][safepoint   ] Safepoint "G1CollectForAllocation", Time since last: 1381099795 ns, Reaching safepoint: 128326 ns, At safepoint: 8569055 ns, Total: 8697381 ns
[2023-11-15T22:14:22.801+0000][7][safepoint   ] Safepoint "Cleanup", Time since last: 1000103265 ns, Reaching safepoint: 64097 ns, At safepoint: 3535 ns, Total: 67632 ns
[2023-11-15T22:14:23.802+0000][7][safepoint   ] Safepoint "Cleanup", Time since last: 1000137249 ns, Reaching safepoint: 303346 ns, At safepoint: 25419 ns, Total: 328765 ns
[2023-11-15T22:14:24.804+0000][7][safepoint   ] Safepoint "Cleanup", Time since last: 1002498728 ns, Reaching safepoint: 90848 ns, At safepoint: 18381 ns, Total: 109229 ns
[2023-11-15T22:14:25.804+0000][7][safepoint   ] Safepoint "Cleanup", Time since last: 1000132170 ns, Reaching safepoint: 66507 ns, At safepoint: 6135 ns, Total: 72642 ns
[2023-11-15T22:14:26.805+0000][7][safepoint   ] Safepoint "Cleanup", Time since last: 1000142235 ns, Reaching safepoint: 149596 ns, At safepoint: 10504 ns, Total: 160100 ns
[2023-11-15T22:14:28.805+0000][7][safepoint   ] Safepoint "Cleanup", Time since last: 2000245876 ns, Reaching safepoint: 92047 ns, At safepoint: 15648 ns, Total: 107695 ns
[2023-11-15T22:14:29.805+0000][7][safepoint   ] Safepoint "Cleanup", Time since last: 1000195451 ns, Reaching safepoint: 63117 ns, At safepoint: 10464 ns, Total: 73581 ns
[2023-11-15T22:14:31.806+0000][7][safepoint   ] Safepoint "Cleanup", Time since last: 2000233734 ns, Reaching safepoint: 66871 ns, At safepoint: 6093 ns, Total: 72964 ns
[2023-11-15T22:14:34.806+0000][7][safepoint   ] Safepoint "Cleanup", Time since last: 3000304292 ns, Reaching safepoint: 106702 ns, At safepoint: 13250 ns, Total: 119952 ns
[2023-11-15T22:14:35.806+0000][7][safepoint   ] Safepoint "Cleanup", Time since last: 1000152434 ns, Reaching safepoint: 36466 ns, At safepoint: 5483 ns, Total: 41949 ns
[2023-11-15T22:14:36.806+0000][7][safepoint   ] Safepoint "Cleanup", Time since last: 1000133712 ns, Reaching safepoint: 73275 ns, At safepoint: 9131 ns, Total: 82406 ns
[2023-11-15T22:14:37.807+0000][7][safepoint   ] Safepoint "Cleanup", Time since last: 1000216760 ns, Reaching safepoint: 60754 ns, At safepoint: 10773 ns, Total: 71527 ns
[2023-11-15T22:14:38.547+0000][7][gc,start    ] GC(43) Pause Young (Normal) (G1 Evacuation Pause)
[2023-11-15T22:14:38.547+0000][7][gc,task     ] GC(43) Using 8 workers of 8 for evacuation
[2023-11-15T22:14:38.547+0000][7][gc,age      ] GC(43) Desired survivor size 20971520 bytes, new threshold 15 (max threshold 15)
[2023-11-15T22:14:38.552+0000][7][gc,age      ] GC(43) Age table with threshold 15 (max threshold 15)
[2023-11-15T22:14:38.552+0000][7][gc,age      ] GC(43) - age   1:    2455328 bytes,    2455328 total
[2023-11-15T22:14:38.552+0000][7][gc,age      ] GC(43) - age   2:    1161872 bytes,    3617200 total
[2023-11-15T22:14:38.552+0000][7][gc,age      ] GC(43) - age   3:     472920 bytes,    4090120 total
[2023-11-15T22:14:38.552+0000][7][gc,age      ] GC(43) - age   4:     281144 bytes,    4371264 total
[2023-11-15T22:14:38.552+0000][7][gc,age      ] GC(43) - age   5:     380704 bytes,    4751968 total
[2023-11-15T22:14:38.552+0000][7][gc,age      ] GC(43) - age   6:     303832 bytes,    5055800 total
[2023-11-15T22:14:38.552+0000][7][gc,age      ] GC(43) - age   7:     490856 bytes,    5546656 total
[2023-11-15T22:14:38.552+0000][7][gc,age      ] GC(43) - age   8:     321072 bytes,    5867728 total
[2023-11-15T22:14:38.552+0000][7][gc,age      ] GC(43) - age   9:     237392 bytes,    6105120 total
[2023-11-15T22:14:38.552+0000][7][gc,age      ] GC(43) - age  10:     514184 bytes,    6619304 total
[2023-11-15T22:14:38.552+0000][7][gc,age      ] GC(43) - age  11:     747824 bytes,    7367128 total
[2023-11-15T22:14:38.552+0000][7][gc,age      ] GC(43) - age  12:     514296 bytes,    7881424 total
[2023-11-15T22:14:38.552+0000][7][gc,age      ] GC(43) - age  13:     536352 bytes,    8417776 total
[2023-11-15T22:14:38.552+0000][7][gc,age      ] GC(43) - age  14:     337344 bytes,    8755120 total
[2023-11-15T22:14:38.552+0000][7][gc,age      ] GC(43) - age  15:     422784 bytes,    9177904 total
[2023-11-15T22:14:38.552+0000][7][gc,phases   ] GC(43)   Pre Evacuate Collection Set: 0.1ms
[2023-11-15T22:14:38.552+0000][7][gc,phases   ] GC(43)   Merge Heap Roots: 0.0ms
[2023-11-15T22:14:38.552+0000][7][gc,phases   ] GC(43)   Evacuate Collection Set: 3.2ms
[2023-11-15T22:14:38.552+0000][7][gc,phases   ] GC(43)   Post Evacuate Collection Set: 1.0ms
[2023-11-15T22:14:38.552+0000][7][gc,phases   ] GC(43)   Other: 0.3ms
[2023-11-15T22:14:38.552+0000][7][gc,heap     ] GC(43) Eden regions: 72->0(72)
[2023-11-15T22:14:38.552+0000][7][gc,heap     ] GC(43) Survivor regions: 3->3(10)
[2023-11-15T22:14:38.552+0000][7][gc,heap     ] GC(43) Old regions: 23->23
[2023-11-15T22:14:38.552+0000][7][gc,heap     ] GC(43) Archive regions: 2->2
[2023-11-15T22:14:38.552+0000][7][gc,heap     ] GC(43) Humongous regions: 5->5
[2023-11-15T22:14:38.552+0000][7][gc,metaspace] GC(43) Metaspace: 115176K(116800K)->115176K(116800K) NonClass: 99771K(100736K)->99771K(100736K) Class: 15404K(16064K)->15404K(16064K)
[2023-11-15T22:14:38.552+0000][7][gc          ] GC(43) Pause Young (Normal) (G1 Evacuation Pause) 410M->122M(512M) 4.677ms
[2023-11-15T22:14:38.552+0000][7][gc,cpu      ] GC(43) User=0.03s Sys=0.00s Real=0.00s
[2023-11-15T22:14:38.552+0000][7][safepoint   ] Safepoint "G1CollectForAllocation", Time since last: 740402421 ns, Reaching safepoint: 33961 ns, At safepoint: 4782777 ns, Total: 4816738 ns
[2023-11-15T22:14:39.552+0000][7][safepoint   ] Safepoint "Cleanup", Time since last: 1000097025 ns, Reaching safepoint: 70725 ns, At safepoint: 8118 ns, Total: 78843 ns
[2023-11-15T22:14:41.553+0000][7][safepoint   ] Safepoint "Cleanup", Time since last: 2000316792 ns, Reaching safepoint: 189558 ns, At safepoint: 21208 ns, Total: 210766 ns
[2023-11-15T22:14:42.553+0000][7][safepoint   ] Safepoint "Cleanup", Time since last: 1000149822 ns, Reaching safepoint: 161410 ns, At safepoint: 19072 ns, Total: 180482 ns
[2023-11-15T22:14:44.554+0000][7][safepoint   ] Safepoint "Cleanup", Time since last: 2000235748 ns, Reaching safepoint: 383490 ns, At safepoint: 23753 ns, Total: 407243 ns
[2023-11-15T22:14:47.554+0000][7][safepoint   ] Safepoint "Cleanup", Time since last: 3000313934 ns, Reaching safepoint: 49678 ns, At safepoint: 7772 ns, Total: 57450 ns
[2023-11-15T22:14:48.554+0000][7][safepoint   ] Safepoint "Cleanup", Time since last: 1000223391 ns, Reaching safepoint: 124617 ns, At safepoint: 14078 ns, Total: 138695 ns
[2023-11-15T22:14:49.555+0000][7][safepoint   ] Safepoint "Cleanup", Time since last: 1000189267 ns, Reaching safepoint: 61937 ns, At safepoint: 10015 ns, Total: 71952 ns
[2023-11-15T22:14:50.555+0000][7][safepoint   ] Safepoint "Cleanup", Time since last: 1000167277 ns, Reaching safepoint: 67072 ns, At safepoint: 10360 ns, Total: 77432 ns
[2023-11-15T22:14:52.555+0000][7][safepoint   ] Safepoint "Cleanup", Time since last: 2000214752 ns, Reaching safepoint: 37735 ns, At safepoint: 4386 ns, Total: 42121 ns
[2023-11-15T22:14:53.556+0000][7][safepoint   ] Safepoint "Cleanup", Time since last: 1000236352 ns, Reaching safepoint: 97786 ns, At safepoint: 19160 ns, Total: 116946 ns
[2023-11-15T22:14:54.556+0000][7][safepoint   ] Safepoint "Cleanup", Time since last: 1000214068 ns, Reaching safepoint: 107763 ns, At safepoint: 133231 ns, Total: 240994 ns
[2023-11-15T22:14:56.556+0000][7][safepoint   ] Safepoint "Cleanup", Time since last: 2000289857 ns, Reaching safepoint: 88101 ns, At safepoint: 17817 ns, Total: 105918 ns
[2023-11-15T22:14:56.848+0000][7][gc,start    ] GC(44) Pause Young (Normal) (G1 Evacuation Pause)
[2023-11-15T22:14:56.848+0000][7][gc,task     ] GC(44) Using 8 workers of 8 for evacuation
[2023-11-15T22:14:56.848+0000][7][gc,age      ] GC(44) Desired survivor size 20971520 bytes, new threshold 15 (max threshold 15)
[2023-11-15T22:14:56.856+0000][7][gc,age      ] GC(44) Age table with threshold 15 (max threshold 15)
[2023-11-15T22:14:56.857+0000][7][gc,age      ] GC(44) - age   1:    1363752 bytes,    1363752 total
[2023-11-15T22:14:56.857+0000][7][gc,age      ] GC(44) - age   2:    1515552 bytes,    2879304 total
[2023-11-15T22:14:56.857+0000][7][gc,age      ] GC(44) - age   3:    1006864 bytes,    3886168 total
[2023-11-15T22:14:56.857+0000][7][gc,age      ] GC(44) - age   4:     381512 bytes,    4267680 total
[2023-11-15T22:14:56.857+0000][7][gc,age      ] GC(44) - age   5:     273000 bytes,    4540680 total
[2023-11-15T22:14:56.857+0000][7][gc,age      ] GC(44) - age   6:     380216 bytes,    4920896 total
[2023-11-15T22:14:56.857+0000][7][gc,age      ] GC(44) - age   7:     303768 bytes,    5224664 total
[2023-11-15T22:14:56.857+0000][7][gc,age      ] GC(44) - age   8:     490792 bytes,    5715456 total
[2023-11-15T22:14:56.857+0000][7][gc,age      ] GC(44) - age   9:     321072 bytes,    6036528 total
[2023-11-15T22:14:56.857+0000][7][gc,age      ] GC(44) - age  10:     237328 bytes,    6273856 total
[2023-11-15T22:14:56.857+0000][7][gc,age      ] GC(44) - age  11:     514184 bytes,    6788040 total
[2023-11-15T22:14:56.857+0000][7][gc,age      ] GC(44) - age  12:     747824 bytes,    7535864 total
[2023-11-15T22:14:56.857+0000][7][gc,age      ] GC(44) - age  13:     514296 bytes,    8050160 total
[2023-11-15T22:14:56.857+0000][7][gc,age      ] GC(44) - age  14:     536352 bytes,    8586512 total
[2023-11-15T22:14:56.857+0000][7][gc,age      ] GC(44) - age  15:     337344 bytes,    8923856 total
[2023-11-15T22:14:56.857+0000][7][gc,phases   ] GC(44)   Pre Evacuate Collection Set: 0.1ms
[2023-11-15T22:14:56.857+0000][7][gc,phases   ] GC(44)   Merge Heap Roots: 0.1ms
[2023-11-15T22:14:56.857+0000][7][gc,phases   ] GC(44)   Evacuate Collection Set: 7.6ms
[2023-11-15T22:14:56.857+0000][7][gc,phases   ] GC(44)   Post Evacuate Collection Set: 0.9ms
[2023-11-15T22:14:56.857+0000][7][gc,phases   ] GC(44)   Other: 0.5ms
[2023-11-15T22:14:56.857+0000][7][gc,heap     ] GC(44) Eden regions: 72->0(72)
[2023-11-15T22:14:56.857+0000][7][gc,heap     ] GC(44) Survivor regions: 3->3(10)
[2023-11-15T22:14:56.857+0000][7][gc,heap     ] GC(44) Old regions: 23->23
[2023-11-15T22:14:56.857+0000][7][gc,heap     ] GC(44) Archive regions: 2->2
[2023-11-15T22:14:56.857+0000][7][gc,heap     ] GC(44) Humongous regions: 5->5
[2023-11-15T22:14:56.857+0000][7][gc,metaspace] GC(44) Metaspace: 115263K(116864K)->115263K(116864K) NonClass: 99858K(100800K)->99858K(100800K) Class: 15404K(16064K)->15404K(16064K)
[2023-11-15T22:14:56.857+0000][7][gc          ] GC(44) Pause Young (Normal) (G1 Evacuation Pause) 410M->122M(512M) 9.380ms
[2023-11-15T22:14:56.857+0000][7][gc,cpu      ] GC(44) User=0.04s Sys=0.00s Real=0.01s
[2023-11-15T22:14:56.857+0000][7][safepoint   ] Safepoint "G1CollectForAllocation", Time since last: 290978984 ns, Reaching safepoint: 68037 ns, At safepoint: 9530030 ns, Total: 9598067 ns
[2023-11-15T22:14:58.857+0000][7][safepoint   ] Safepoint "Cleanup", Time since last: 2000210572 ns, Reaching safepoint: 126349 ns, At safepoint: 11771 ns, Total: 138120 ns
[2023-11-15T22:14:59.858+0000][7][safepoint   ] Safepoint "Cleanup", Time since last: 1000181959 ns, Reaching safepoint: 150228 ns, At safepoint: 28146 ns, Total: 178374 ns
[2023-11-15T22:15:00.858+0000][7][safepoint   ] Safepoint "Cleanup", Time since last: 1000186978 ns, Reaching safepoint: 144753 ns, At safepoint: 24924 ns, Total: 169677 ns
[2023-11-15T22:15:01.858+0000][7][safepoint   ] Safepoint "Cleanup", Time since last: 1000194549 ns, Reaching safepoint: 186752 ns, At safepoint: 24880 ns, Total: 211632 ns
[2023-11-15T22:15:02.859+0000][7][safepoint   ] Safepoint "Cleanup", Time since last: 1000241932 ns, Reaching safepoint: 165468 ns, At safepoint: 15118 ns, Total: 180586 ns
[2023-11-15T22:15:03.859+0000][7][safepoint   ] Safepoint "Cleanup", Time since last: 1000154899 ns, Reaching safepoint: 45786 ns, At safepoint: 4434 ns, Total: 50220 ns
[2023-11-15T22:15:04.859+0000][7][safepoint   ] Safepoint "Cleanup", Time since last: 1000140706 ns, Reaching safepoint: 120531 ns, At safepoint: 29174 ns, Total: 149705 ns
[2023-11-15T22:15:05.860+0000][7][safepoint   ] Safepoint "Cleanup", Time since last: 1000251808 ns, Reaching safepoint: 118722 ns, At safepoint: 21082 ns, Total: 139804 ns
[2023-11-15T22:15:06.860+0000][7][safepoint   ] Safepoint "Cleanup", Time since last: 1000164048 ns, Reaching safepoint: 94932 ns, At safepoint: 12326 ns, Total: 107258 ns
[2023-11-15T22:15:07.860+0000][7][safepoint   ] Safepoint "Cleanup", Time since last: 1000155437 ns, Reaching safepoint: 73760 ns, At safepoint: 12134 ns, Total: 85894 ns
[2023-11-15T22:15:09.861+0000][7][safepoint   ] Safepoint "Cleanup", Time since last: 2000316363 ns, Reaching safepoint: 125324 ns, At safepoint: 25752 ns, Total: 151076 ns
[2023-11-15T22:15:10.861+0000][7][safepoint   ] Safepoint "Cleanup", Time since last: 1000199425 ns, Reaching safepoint: 100492 ns, At safepoint: 15117 ns, Total: 115609 ns
[2023-11-15T22:15:11.861+0000][7][safepoint   ] Safepoint "Cleanup", Time since last: 1000197051 ns, Reaching safepoint: 93248 ns, At safepoint: 16736 ns, Total: 109984 ns
[2023-11-15T22:15:13.862+0000][7][safepoint   ] Safepoint "Cleanup", Time since last: 2000336730 ns, Reaching safepoint: 120867 ns, At safepoint: 13805 ns, Total: 134672 ns
[2023-11-15T22:15:14.350+0000][7][gc,start    ] GC(45) Pause Young (Normal) (G1 Evacuation Pause)
[2023-11-15T22:15:14.350+0000][7][gc,task     ] GC(45) Using 8 workers of 8 for evacuation
[2023-11-15T22:15:14.350+0000][7][gc,age      ] GC(45) Desired survivor size 20971520 bytes, new threshold 15 (max threshold 15)
[2023-11-15T22:15:14.360+0000][7][gc,age      ] GC(45) Age table with threshold 15 (max threshold 15)
[2023-11-15T22:15:14.360+0000][7][gc,age      ] GC(45) - age   1:    2113464 bytes,    2113464 total
[2023-11-15T22:15:14.360+0000][7][gc,age      ] GC(45) - age   2:     398376 bytes,    2511840 total
[2023-11-15T22:15:14.360+0000][7][gc,age      ] GC(45) - age   3:    1486864 bytes,    3998704 total
[2023-11-15T22:15:14.360+0000][7][gc,age      ] GC(45) - age   4:     627608 bytes,    4626312 total
[2023-11-15T22:15:14.360+0000][7][gc,age      ] GC(45) - age   5:     319424 bytes,    4945736 total
[2023-11-15T22:15:14.360+0000][7][gc,age      ] GC(45) - age   6:     271592 bytes,    5217328 total
[2023-11-15T22:15:14.360+0000][7][gc,age      ] GC(45) - age   7:     380056 bytes,    5597384 total
[2023-11-15T22:15:14.360+0000][7][gc,age      ] GC(45) - age   8:     303768 bytes,    5901152 total
[2023-11-15T22:15:14.360+0000][7][gc,age      ] GC(45) - age   9:     489008 bytes,    6390160 total
[2023-11-15T22:15:14.360+0000][7][gc,age      ] GC(45) - age  10:     321072 bytes,    6711232 total
[2023-11-15T22:15:14.360+0000][7][gc,age      ] GC(45) - age  11:     237264 bytes,    6948496 total
[2023-11-15T22:15:14.360+0000][7][gc,age      ] GC(45) - age  12:     514184 bytes,    7462680 total
[2023-11-15T22:15:14.360+0000][7][gc,age      ] GC(45) - age  13:     747824 bytes,    8210504 total
[2023-11-15T22:15:14.360+0000][7][gc,age      ] GC(45) - age  14:     514200 bytes,    8724704 total
[2023-11-15T22:15:14.360+0000][7][gc,age      ] GC(45) - age  15:     536352 bytes,    9261056 total
[2023-11-15T22:15:14.360+0000][7][gc,phases   ] GC(45)   Pre Evacuate Collection Set: 0.2ms
[2023-11-15T22:15:14.360+0000][7][gc,phases   ] GC(45)   Merge Heap Roots: 0.2ms
[2023-11-15T22:15:14.360+0000][7][gc,phases   ] GC(45)   Evacuate Collection Set: 8.2ms
[2023-11-15T22:15:14.360+0000][7][gc,phases   ] GC(45)   Post Evacuate Collection Set: 1.3ms
[2023-11-15T22:15:14.360+0000][7][gc,phases   ] GC(45)   Other: 0.5ms
[2023-11-15T22:15:14.360+0000][7][gc,heap     ] GC(45) Eden regions: 72->0(72)
[2023-11-15T22:15:14.360+0000][7][gc,heap     ] GC(45) Survivor regions: 3->3(10)
[2023-11-15T22:15:14.360+0000][7][gc,heap     ] GC(45) Old regions: 23->23
[2023-11-15T22:15:14.360+0000][7][gc,heap     ] GC(45) Archive regions: 2->2
[2023-11-15T22:15:14.360+0000][7][gc,heap     ] GC(45) Humongous regions: 5->5
[2023-11-15T22:15:14.360+0000][7][gc,metaspace] GC(45) Metaspace: 115292K(116928K)->115292K(116928K) NonClass: 99887K(100864K)->99887K(100864K) Class: 15405K(16064K)->15405K(16064K)
[2023-11-15T22:15:14.360+0000][7][gc          ] GC(45) Pause Young (Normal) (G1 Evacuation Pause) 410M->123M(512M) 10.505ms
[2023-11-15T22:15:14.360+0000][7][gc,cpu      ] GC(45) User=0.05s Sys=0.00s Real=0.01s
[2023-11-15T22:15:14.361+0000][7][safepoint   ] Safepoint "G1CollectForAllocation", Time since last: 487838935 ns, Reaching safepoint: 176774 ns, At safepoint: 10688250 ns, Total: 10865024 ns
[2023-11-15T22:15:15.361+0000][7][safepoint   ] Safepoint "Cleanup", Time since last: 1000182551 ns, Reaching safepoint: 93170 ns, At safepoint: 10770 ns, Total: 103940 ns
[2023-11-15T22:15:17.361+0000][7][safepoint   ] Safepoint "Cleanup", Time since last: 2000310058 ns, Reaching safepoint: 38478 ns, At safepoint: 4462 ns, Total: 42940 ns
[2023-11-15T22:15:18.361+0000][7][safepoint   ] Safepoint "Cleanup", Time since last: 1000181273 ns, Reaching safepoint: 125732 ns, At safepoint: 12106 ns, Total: 137838 ns
[2023-11-15T22:15:19.362+0000][7][safepoint   ] Safepoint "Cleanup", Time since last: 1000225941 ns, Reaching safepoint: 94164 ns, At safepoint: 20406 ns, Total: 114570 ns
[2023-11-15T22:15:20.362+0000][7][safepoint   ] Safepoint "Cleanup", Time since last: 1000163325 ns, Reaching safepoint: 163161 ns, At safepoint: 25323 ns, Total: 188484 ns
[2023-11-15T22:15:22.363+0000][7][safepoint   ] Safepoint "Cleanup", Time since last: 2000368437 ns, Reaching safepoint: 200027 ns, At safepoint: 19105 ns, Total: 219132 ns
[2023-11-15T22:15:23.363+0000][7][safepoint   ] Safepoint "Cleanup", Time since last: 1000240258 ns, Reaching safepoint: 103466 ns, At safepoint: 13507 ns, Total: 116973 ns
[2023-11-15T22:15:24.363+0000][7][safepoint   ] Safepoint "Cleanup", Time since last: 1000185146 ns, Reaching safepoint: 138311 ns, At safepoint: 12351 ns, Total: 150662 ns
[2023-11-15T22:15:26.364+0000][7][safepoint   ] Safepoint "Cleanup", Time since last: 2000286397 ns, Reaching safepoint: 123850 ns, At safepoint: 23820 ns, Total: 147670 ns
[2023-11-15T22:15:27.364+0000][7][safepoint   ] Safepoint "Cleanup", Time since last: 1000264589 ns, Reaching safepoint: 117671 ns, At safepoint: 27446 ns, Total: 145117 ns
[2023-11-15T22:15:29.365+0000][7][safepoint   ] Safepoint "Cleanup", Time since last: 2000330532 ns, Reaching safepoint: 108818 ns, At safepoint: 15715 ns, Total: 124533 ns
[2023-11-15T22:15:31.606+0000][7][gc,start    ] GC(46) Pause Young (Normal) (G1 Evacuation Pause)
[2023-11-15T22:15:31.606+0000][7][gc,task     ] GC(46) Using 8 workers of 8 for evacuation
[2023-11-15T22:15:31.606+0000][7][gc,age      ] GC(46) Desired survivor size 20971520 bytes, new threshold 15 (max threshold 15)
[2023-11-15T22:15:31.611+0000][7][gc,age      ] GC(46) Age table with threshold 15 (max threshold 15)
[2023-11-15T22:15:31.611+0000][7][gc,age      ] GC(46) - age   1:    2832824 bytes,    2832824 total
[2023-11-15T22:15:31.611+0000][7][gc,age      ] GC(46) - age   2:     913400 bytes,    3746224 total
[2023-11-15T22:15:31.611+0000][7][gc,age      ] GC(46) - age   3:     397080 bytes,    4143304 total
[2023-11-15T22:15:31.611+0000][7][gc,age      ] GC(46) - age   4:     627208 bytes,    4770512 total
[2023-11-15T22:15:31.611+0000][7][gc,age      ] GC(46) - age   5:     627240 bytes,    5397752 total
[2023-11-15T22:15:31.611+0000][7][gc,age      ] GC(46) - age   6:     319424 bytes,    5717176 total
[2023-11-15T22:15:31.611+0000][7][gc,age      ] GC(46) - age   7:     271592 bytes,    5988768 total
[2023-11-15T22:15:31.611+0000][7][gc,age      ] GC(46) - age   8:     379912 bytes,    6368680 total
[2023-11-15T22:15:31.611+0000][7][gc,age      ] GC(46) - age   9:     303768 bytes,    6672448 total
[2023-11-15T22:15:31.611+0000][7][gc,age      ] GC(46) - age  10:     488944 bytes,    7161392 total
[2023-11-15T22:15:31.611+0000][7][gc,age      ] GC(46) - age  11:     321072 bytes,    7482464 total
[2023-11-15T22:15:31.611+0000][7][gc,age      ] GC(46) - age  12:     237264 bytes,    7719728 total
[2023-11-15T22:15:31.611+0000][7][gc,age      ] GC(46) - age  13:     514184 bytes,    8233912 total
[2023-11-15T22:15:31.611+0000][7][gc,age      ] GC(46) - age  14:     747824 bytes,    8981736 total
[2023-11-15T22:15:31.611+0000][7][gc,age      ] GC(46) - age  15:     252040 bytes,    9233776 total
[2023-11-15T22:15:31.611+0000][7][gc,phases   ] GC(46)   Pre Evacuate Collection Set: 0.1ms
[2023-11-15T22:15:31.611+0000][7][gc,phases   ] GC(46)   Merge Heap Roots: 0.1ms
[2023-11-15T22:15:31.611+0000][7][gc,phases   ] GC(46)   Evacuate Collection Set: 4.2ms
[2023-11-15T22:15:31.611+0000][7][gc,phases   ] GC(46)   Post Evacuate Collection Set: 0.9ms
[2023-11-15T22:15:31.612+0000][7][gc,phases   ] GC(46)   Other: 0.4ms
[2023-11-15T22:15:31.612+0000][7][gc,heap     ] GC(46) Eden regions: 72->0(72)
[2023-11-15T22:15:31.612+0000][7][gc,heap     ] GC(46) Survivor regions: 3->3(10)
[2023-11-15T22:15:31.612+0000][7][gc,heap     ] GC(46) Old regions: 23->23
[2023-11-15T22:15:31.612+0000][7][gc,heap     ] GC(46) Archive regions: 2->2
[2023-11-15T22:15:31.612+0000][7][gc,heap     ] GC(46) Humongous regions: 5->5
[2023-11-15T22:15:31.612+0000][7][gc,metaspace] GC(46) Metaspace: 115336K(116928K)->115336K(116928K) NonClass: 99931K(100864K)->99931K(100864K) Class: 15405K(16064K)->15405K(16064K)
[2023-11-15T22:15:31.612+0000][7][gc          ] GC(46) Pause Young (Normal) (G1 Evacuation Pause) 411M->124M(512M) 5.827ms
[2023-11-15T22:15:31.612+0000][7][gc,cpu      ] GC(46) User=0.03s Sys=0.00s Real=0.00s
[2023-11-15T22:15:31.612+0000][7][safepoint   ] Safepoint "G1CollectForAllocation", Time since last: 2240970204 ns, Reaching safepoint: 44959 ns, At safepoint: 5954394 ns, Total: 5999353 ns
[2023-11-15T22:15:32.612+0000][7][safepoint   ] Safepoint "Cleanup", Time since last: 1000105448 ns, Reaching safepoint: 85083 ns, At safepoint: 11750 ns, Total: 96833 ns
[2023-11-15T22:15:34.612+0000][7][safepoint   ] Safepoint "Cleanup", Time since last: 2000251411 ns, Reaching safepoint: 141837 ns, At safepoint: 28760 ns, Total: 170597 ns
[2023-11-15T22:15:35.613+0000][7][safepoint   ] Safepoint "Cleanup", Time since last: 1000176900 ns, Reaching safepoint: 110134 ns, At safepoint: 22903 ns, Total: 133037 ns
[2023-11-15T22:15:36.613+0000][7][safepoint   ] Safepoint "Cleanup", Time since last: 1000227296 ns, Reaching safepoint: 89942 ns, At safepoint: 17697 ns, Total: 107639 ns
[2023-11-15T22:15:37.613+0000][7][safepoint   ] Safepoint "Cleanup", Time since last: 1000206883 ns, Reaching safepoint: 270278 ns, At safepoint: 26425 ns, Total: 296703 ns
[2023-11-15T22:15:38.614+0000][7][safepoint   ] Safepoint "Cleanup", Time since last: 1000274643 ns, Reaching safepoint: 119510 ns, At safepoint: 19591 ns, Total: 139101 ns
[2023-11-15T22:15:39.614+0000][7][safepoint   ] Safepoint "Cleanup", Time since last: 1000183832 ns, Reaching safepoint: 96401 ns, At safepoint: 17118 ns, Total: 113519 ns
[2023-11-15T22:15:40.615+0000][7][safepoint   ] Safepoint "Cleanup", Time since last: 1000178545 ns, Reaching safepoint: 190724 ns, At safepoint: 26609 ns, Total: 217333 ns
[2023-11-15T22:15:41.615+0000][7][safepoint   ] Safepoint "Cleanup", Time since last: 1000195545 ns, Reaching safepoint: 140042 ns, At safepoint: 22207 ns, Total: 162249 ns
[2023-11-15T22:15:42.615+0000][7][safepoint   ] Safepoint "Cleanup", Time since last: 1000166590 ns, Reaching safepoint: 143776 ns, At safepoint: 25637 ns, Total: 169413 ns
[2023-11-15T22:15:43.616+0000][7][safepoint   ] Safepoint "Cleanup", Time since last: 1000214590 ns, Reaching safepoint: 67826 ns, At safepoint: 9953 ns, Total: 77779 ns
[2023-11-15T22:15:44.616+0000][7][safepoint   ] Safepoint "Cleanup", Time since last: 1000221737 ns, Reaching safepoint: 68980 ns, At safepoint: 9991 ns, Total: 78971 ns
[2023-11-15T22:15:46.616+0000][7][safepoint   ] Safepoint "Cleanup", Time since last: 2000217224 ns, Reaching safepoint: 85432 ns, At safepoint: 6045 ns, Total: 91477 ns
[2023-11-15T22:15:47.616+0000][7][safepoint   ] Safepoint "Cleanup", Time since last: 1000163898 ns, Reaching safepoint: 118497 ns, At safepoint: 6971 ns, Total: 125468 ns
[2023-11-15T22:15:49.465+0000][7][gc,start    ] GC(47) Pause Young (Normal) (G1 Evacuation Pause)
[2023-11-15T22:15:49.465+0000][7][gc,task     ] GC(47) Using 8 workers of 8 for evacuation
[2023-11-15T22:15:49.465+0000][7][gc,age      ] GC(47) Desired survivor size 20971520 bytes, new threshold 15 (max threshold 15)
[2023-11-15T22:15:49.472+0000][7][gc,age      ] GC(47) Age table with threshold 15 (max threshold 15)
[2023-11-15T22:15:49.472+0000][7][gc,age      ] GC(47) - age   1:    2400640 bytes,    2400640 total
[2023-11-15T22:15:49.472+0000][7][gc,age      ] GC(47) - age   2:    1735328 bytes,    4135968 total
[2023-11-15T22:15:49.472+0000][7][gc,age      ] GC(47) - age   3:     740368 bytes,    4876336 total
[2023-11-15T22:15:49.472+0000][7][gc,age      ] GC(47) - age   4:     386912 bytes,    5263248 total
[2023-11-15T22:15:49.472+0000][7][gc,age      ] GC(47) - age   5:     625920 bytes,    5889168 total
[2023-11-15T22:15:49.472+0000][7][gc,age      ] GC(47) - age   6:     304816 bytes,    6193984 total
[2023-11-15T22:15:49.472+0000][7][gc,age      ] GC(47) - age   7:     319296 bytes,    6513280 total
[2023-11-15T22:15:49.472+0000][7][gc,age      ] GC(47) - age   8:     271592 bytes,    6784872 total
[2023-11-15T22:15:49.472+0000][7][gc,age      ] GC(47) - age   9:     379912 bytes,    7164784 total
[2023-11-15T22:15:49.472+0000][7][gc,age      ] GC(47) - age  10:     303768 bytes,    7468552 total
[2023-11-15T22:15:49.472+0000][7][gc,age      ] GC(47) - age  11:     488944 bytes,    7957496 total
[2023-11-15T22:15:49.472+0000][7][gc,age      ] GC(47) - age  12:     321072 bytes,    8278568 total
[2023-11-15T22:15:49.472+0000][7][gc,age      ] GC(47) - age  13:     237264 bytes,    8515832 total
[2023-11-15T22:15:49.472+0000][7][gc,age      ] GC(47) - age  14:     514184 bytes,    9030016 total
[2023-11-15T22:15:49.472+0000][7][gc,age      ] GC(47) - age  15:     747824 bytes,    9777840 total
[2023-11-15T22:15:49.472+0000][7][gc,phases   ] GC(47)   Pre Evacuate Collection Set: 0.2ms
[2023-11-15T22:15:49.472+0000][7][gc,phases   ] GC(47)   Merge Heap Roots: 0.1ms
[2023-11-15T22:15:49.472+0000][7][gc,phases   ] GC(47)   Evacuate Collection Set: 5.1ms
[2023-11-15T22:15:49.472+0000][7][gc,phases   ] GC(47)   Post Evacuate Collection Set: 1.2ms
[2023-11-15T22:15:49.472+0000][7][gc,phases   ] GC(47)   Other: 0.6ms
[2023-11-15T22:15:49.472+0000][7][gc,heap     ] GC(47) Eden regions: 72->0(72)
[2023-11-15T22:15:49.472+0000][7][gc,heap     ] GC(47) Survivor regions: 3->3(10)
[2023-11-15T22:15:49.472+0000][7][gc,heap     ] GC(47) Old regions: 23->23
[2023-11-15T22:15:49.472+0000][7][gc,heap     ] GC(47) Archive regions: 2->2
[2023-11-15T22:15:49.472+0000][7][gc,heap     ] GC(47) Humongous regions: 5->5
[2023-11-15T22:15:49.472+0000][7][gc,metaspace] GC(47) Metaspace: 115370K(116992K)->115370K(116992K) NonClass: 99964K(100928K)->99964K(100928K) Class: 15405K(16064K)->15405K(16064K)
[2023-11-15T22:15:49.473+0000][7][gc          ] GC(47) Pause Young (Normal) (G1 Evacuation Pause) 412M->124M(512M) 7.341ms
[2023-11-15T22:15:49.473+0000][7][gc,cpu      ] GC(47) User=0.04s Sys=0.00s Real=0.00s
[2023-11-15T22:15:49.473+0000][7][safepoint   ] Safepoint "G1CollectForAllocation", Time since last: 1848395924 ns, Reaching safepoint: 158637 ns, At safepoint: 7557614 ns, Total: 7716251 ns
[2023-11-15T22:15:50.473+0000][7][safepoint   ] Safepoint "Cleanup", Time since last: 1000137361 ns, Reaching safepoint: 201469 ns, At safepoint: 19049 ns, Total: 220518 ns
[2023-11-15T22:15:52.473+0000][7][safepoint   ] Safepoint "Cleanup", Time since last: 2000257158 ns, Reaching safepoint: 62998 ns, At safepoint: 11259 ns, Total: 74257 ns
[2023-11-15T22:15:53.474+0000][7][safepoint   ] Safepoint "Cleanup", Time since last: 1000243592 ns, Reaching safepoint: 107457 ns, At safepoint: 16088 ns, Total: 123545 ns
[2023-11-15T22:15:54.474+0000][7][safepoint   ] Safepoint "Cleanup", Time since last: 1000189179 ns, Reaching safepoint: 80104 ns, At safepoint: 14024 ns, Total: 94128 ns
[2023-11-15T22:15:56.474+0000][7][safepoint   ] Safepoint "Cleanup", Time since last: 2000229552 ns, Reaching safepoint: 92447 ns, At safepoint: 54772 ns, Total: 147219 ns
[2023-11-15T22:15:57.475+0000][7][safepoint   ] Safepoint "Cleanup", Time since last: 1000139663 ns, Reaching safepoint: 77507 ns, At safepoint: 17508 ns, Total: 95015 ns
[2023-11-15T22:15:59.475+0000][7][safepoint   ] Safepoint "Cleanup", Time since last: 2000343012 ns, Reaching safepoint: 100153 ns, At safepoint: 15908 ns, Total: 116061 ns
[2023-11-15T22:16:02.475+0000][7][safepoint   ] Safepoint "Cleanup", Time since last: 3000337414 ns, Reaching safepoint: 54566 ns, At safepoint: 6104 ns, Total: 60670 ns
[2023-11-15T22:16:04.476+0000][7][safepoint   ] Safepoint "Cleanup", Time since last: 2000186723 ns, Reaching safepoint: 57736 ns, At safepoint: 5224 ns, Total: 62960 ns
[2023-11-15T22:16:05.476+0000][7][safepoint   ] Safepoint "Cleanup", Time since last: 1000137329 ns, Reaching safepoint: 51820 ns, At safepoint: 6735 ns, Total: 58555 ns
[2023-11-15T22:16:06.728+0000][7][gc,start    ] GC(48) Pause Young (Normal) (G1 Evacuation Pause)
[2023-11-15T22:16:06.728+0000][7][gc,task     ] GC(48) Using 8 workers of 8 for evacuation
[2023-11-15T22:16:06.728+0000][7][gc,age      ] GC(48) Desired survivor size 20971520 bytes, new threshold 15 (max threshold 15)
[2023-11-15T22:16:06.740+0000][7][gc,age      ] GC(48) Age table with threshold 15 (max threshold 15)
[2023-11-15T22:16:06.740+0000][7][gc,age      ] GC(48) - age   1:    2075752 bytes,    2075752 total
[2023-11-15T22:16:06.740+0000][7][gc,age      ] GC(48) - age   2:    1316688 bytes,    3392440 total
[2023-11-15T22:16:06.740+0000][7][gc,age      ] GC(48) - age   3:    1734016 bytes,    5126456 total
[2023-11-15T22:16:06.740+0000][7][gc,age      ] GC(48) - age   4:     315040 bytes,    5441496 total
[2023-11-15T22:16:06.740+0000][7][gc,age      ] GC(48) - age   5:     284360 bytes,    5725856 total
[2023-11-15T22:16:06.740+0000][7][gc,age      ] GC(48) - age   6:     625920 bytes,    6351776 total
[2023-11-15T22:16:06.740+0000][7][gc,age      ] GC(48) - age   7:     304792 bytes,    6656568 total
[2023-11-15T22:16:06.740+0000][7][gc,age      ] GC(48) - age   8:     319296 bytes,    6975864 total
[2023-11-15T22:16:06.740+0000][7][gc,age      ] GC(48) - age   9:     271592 bytes,    7247456 total
[2023-11-15T22:16:06.740+0000][7][gc,age      ] GC(48) - age  10:     379752 bytes,    7627208 total
[2023-11-15T22:16:06.740+0000][7][gc,age      ] GC(48) - age  11:     303768 bytes,    7930976 total
[2023-11-15T22:16:06.740+0000][7][gc,age      ] GC(48) - age  12:     488944 bytes,    8419920 total
[2023-11-15T22:16:06.740+0000][7][gc,age      ] GC(48) - age  13:     321072 bytes,    8740992 total
[2023-11-15T22:16:06.740+0000][7][gc,age      ] GC(48) - age  14:     237264 bytes,    8978256 total
[2023-11-15T22:16:06.740+0000][7][gc,age      ] GC(48) - age  15:     514184 bytes,    9492440 total
[2023-11-15T22:16:06.740+0000][7][gc,phases   ] GC(48)   Pre Evacuate Collection Set: 0.1ms
[2023-11-15T22:16:06.740+0000][7][gc,phases   ] GC(48)   Merge Heap Roots: 0.1ms
[2023-11-15T22:16:06.740+0000][7][gc,phases   ] GC(48)   Evacuate Collection Set: 10.6ms
[2023-11-15T22:16:06.740+0000][7][gc,phases   ] GC(48)   Post Evacuate Collection Set: 1.0ms
[2023-11-15T22:16:06.740+0000][7][gc,phases   ] GC(48)   Other: 0.5ms
[2023-11-15T22:16:06.740+0000][7][gc,heap     ] GC(48) Eden regions: 72->0(71)
[2023-11-15T22:16:06.740+0000][7][gc,heap     ] GC(48) Survivor regions: 3->3(10)
[2023-11-15T22:16:06.740+0000][7][gc,heap     ] GC(48) Old regions: 23->24
[2023-11-15T22:16:06.740+0000][7][gc,heap     ] GC(48) Archive regions: 2->2
[2023-11-15T22:16:06.740+0000][7][gc,heap     ] GC(48) Humongous regions: 5->5
[2023-11-15T22:16:06.740+0000][7][gc,metaspace] GC(48) Metaspace: 115422K(117056K)->115422K(117056K) NonClass: 100017K(100992K)->100017K(100992K) Class: 15405K(16064K)->15405K(16064K)
[2023-11-15T22:16:06.740+0000][7][gc          ] GC(48) Pause Young (Normal) (G1 Evacuation Pause) 412M->125M(512M) 12.410ms
[2023-11-15T22:16:06.740+0000][7][gc,cpu      ] GC(48) User=0.03s Sys=0.01s Real=0.01s
[2023-11-15T22:16:06.740+0000][7][safepoint   ] Safepoint "G1CollectForAllocation", Time since last: 1251674119 ns, Reaching safepoint: 101037 ns, At safepoint: 12554296 ns, Total: 12655333 ns
[2023-11-15T22:16:07.740+0000][7][safepoint   ] Safepoint "Cleanup", Time since last: 1000103493 ns, Reaching safepoint: 76955 ns, At safepoint: 8026 ns, Total: 84981 ns
[2023-11-15T22:16:09.741+0000][7][safepoint   ] Safepoint "Cleanup", Time since last: 2000188302 ns, Reaching safepoint: 38225 ns, At safepoint: 3820 ns, Total: 42045 ns
[2023-11-15T22:16:10.741+0000][7][safepoint   ] Safepoint "Cleanup", Time since last: 1000089402 ns, Reaching safepoint: 77533 ns, At safepoint: 3844 ns, Total: 81377 ns
[2023-11-15T22:16:11.741+0000][7][safepoint   ] Safepoint "Cleanup", Time since last: 1000150865 ns, Reaching safepoint: 75983 ns, At safepoint: 17336 ns, Total: 93319 ns
[2023-11-15T22:16:13.741+0000][7][safepoint   ] Safepoint "Cleanup", Time since last: 2000191280 ns, Reaching safepoint: 94008 ns, At safepoint: 19894 ns, Total: 113902 ns
[2023-11-15T22:16:14.742+0000][7][safepoint   ] Safepoint "Cleanup", Time since last: 1000140479 ns, Reaching safepoint: 106911 ns, At safepoint: 19157 ns, Total: 126068 ns
[2023-11-15T22:16:16.742+0000][7][safepoint   ] Safepoint "Cleanup", Time since last: 2000241798 ns, Reaching safepoint: 92357 ns, At safepoint: 12285 ns, Total: 104642 ns
[2023-11-15T22:16:17.742+0000][7][safepoint   ] Safepoint "Cleanup", Time since last: 1000133374 ns, Reaching safepoint: 84215 ns, At safepoint: 8919 ns, Total: 93134 ns
[2023-11-15T22:16:19.743+0000][7][safepoint   ] Safepoint "Cleanup", Time since last: 2000270786 ns, Reaching safepoint: 120632 ns, At safepoint: 15399 ns, Total: 136031 ns
[2023-11-15T22:16:21.743+0000][7][safepoint   ] Safepoint "Cleanup", Time since last: 2000277741 ns, Reaching safepoint: 80944 ns, At safepoint: 10817 ns, Total: 91761 ns
[2023-11-15T22:16:22.743+0000][7][safepoint   ] Safepoint "Cleanup", Time since last: 1000149588 ns, Reaching safepoint: 117218 ns, At safepoint: 8141 ns, Total: 125359 ns
[2023-11-15T22:16:24.136+0000][7][gc,start    ] GC(49) Pause Young (Normal) (G1 Evacuation Pause)
[2023-11-15T22:16:24.136+0000][7][gc,task     ] GC(49) Using 8 workers of 8 for evacuation
[2023-11-15T22:16:24.136+0000][7][gc,age      ] GC(49) Desired survivor size 20971520 bytes, new threshold 15 (max threshold 15)
[2023-11-15T22:16:24.153+0000][7][gc,age      ] GC(49) Age table with threshold 15 (max threshold 15)
[2023-11-15T22:16:24.153+0000][7][gc,age      ] GC(49) - age   1:    2248680 bytes,    2248680 total
[2023-11-15T22:16:24.153+0000][7][gc,age      ] GC(49) - age   2:     841072 bytes,    3089752 total
[2023-11-15T22:16:24.153+0000][7][gc,age      ] GC(49) - age   3:    1312256 bytes,    4402008 total
[2023-11-15T22:16:24.153+0000][7][gc,age      ] GC(49) - age   4:     982368 bytes,    5384376 total
[2023-11-15T22:16:24.153+0000][7][gc,age      ] GC(49) - age   5:     313408 bytes,    5697784 total
[2023-11-15T22:16:24.153+0000][7][gc,age      ] GC(49) - age   6:     284104 bytes,    5981888 total
[2023-11-15T22:16:24.153+0000][7][gc,age      ] GC(49) - age   7:     625808 bytes,    6607696 total
[2023-11-15T22:16:24.153+0000][7][gc,age      ] GC(49) - age   8:     304792 bytes,    6912488 total
[2023-11-15T22:16:24.153+0000][7][gc,age      ] GC(49) - age   9:     317760 bytes,    7230248 total
[2023-11-15T22:16:24.153+0000][7][gc,age      ] GC(49) - age  10:     271592 bytes,    7501840 total
[2023-11-15T22:16:24.153+0000][7][gc,age      ] GC(49) - age  11:     379752 bytes,    7881592 total
[2023-11-15T22:16:24.153+0000][7][gc,age      ] GC(49) - age  12:     303768 bytes,    8185360 total
[2023-11-15T22:16:24.153+0000][7][gc,age      ] GC(49) - age  13:     488944 bytes,    8674304 total
[2023-11-15T22:16:24.153+0000][7][gc,age      ] GC(49) - age  14:     321072 bytes,    8995376 total
[2023-11-15T22:16:24.153+0000][7][gc,age      ] GC(49) - age  15:     237264 bytes,    9232640 total
[2023-11-15T22:16:24.153+0000][7][gc,phases   ] GC(49)   Pre Evacuate Collection Set: 0.2ms
[2023-11-15T22:16:24.153+0000][7][gc,phases   ] GC(49)   Merge Heap Roots: 0.2ms
[2023-11-15T22:16:24.153+0000][7][gc,phases   ] GC(49)   Evacuate Collection Set: 15.0ms
[2023-11-15T22:16:24.153+0000][7][gc,phases   ] GC(49)   Post Evacuate Collection Set: 1.0ms
[2023-11-15T22:16:24.153+0000][7][gc,phases   ] GC(49)   Other: 0.7ms
[2023-11-15T22:16:24.153+0000][7][gc,heap     ] GC(49) Eden regions: 71->0(71)
[2023-11-15T22:16:24.153+0000][7][gc,heap     ] GC(49) Survivor regions: 3->3(10)
[2023-11-15T22:16:24.153+0000][7][gc,heap     ] GC(49) Old regions: 24->24
[2023-11-15T22:16:24.153+0000][7][gc,heap     ] GC(49) Archive regions: 2->2
[2023-11-15T22:16:24.153+0000][7][gc,heap     ] GC(49) Humongous regions: 5->5
[2023-11-15T22:16:24.153+0000][7][gc,metaspace] GC(49) Metaspace: 115497K(117184K)->115497K(117184K) NonClass: 100091K(101120K)->100091K(101120K) Class: 15405K(16064K)->15405K(16064K)
[2023-11-15T22:16:24.153+0000][7][gc          ] GC(49) Pause Young (Normal) (G1 Evacuation Pause) 409M->125M(512M) 17.291ms
[2023-11-15T22:16:24.154+0000][7][gc,cpu      ] GC(49) User=0.05s Sys=0.00s Real=0.01s
[2023-11-15T22:16:24.154+0000][7][safepoint   ] Safepoint "G1CollectForAllocation", Time since last: 1392726959 ns, Reaching safepoint: 122303 ns, At safepoint: 17544784 ns, Total: 17667087 ns
[2023-11-15T22:16:25.154+0000][7][safepoint   ] Safepoint "Cleanup", Time since last: 1000180542 ns, Reaching safepoint: 101082 ns, At safepoint: 14415 ns, Total: 115497 ns
[2023-11-15T22:16:26.154+0000][7][safepoint   ] Safepoint "Cleanup", Time since last: 1000141917 ns, Reaching safepoint: 59594 ns, At safepoint: 12383 ns, Total: 71977 ns
[2023-11-15T22:16:27.154+0000][7][safepoint   ] Safepoint "Cleanup", Time since last: 1000147642 ns, Reaching safepoint: 138389 ns, At safepoint: 16743 ns, Total: 155132 ns
[2023-11-15T22:16:29.155+0000][7][safepoint   ] Safepoint "Cleanup", Time since last: 2000302446 ns, Reaching safepoint: 46267 ns, At safepoint: 4420 ns, Total: 50687 ns
[2023-11-15T22:16:30.155+0000][7][safepoint   ] Safepoint "Cleanup", Time since last: 1000154617 ns, Reaching safepoint: 230754 ns, At safepoint: 14588 ns, Total: 245342 ns
[2023-11-15T22:16:32.155+0000][7][safepoint   ] Safepoint "Cleanup", Time since last: 2000227763 ns, Reaching safepoint: 43504 ns, At safepoint: 6214 ns, Total: 49718 ns
[2023-11-15T22:16:34.156+0000][7][safepoint   ] Safepoint "Cleanup", Time since last: 2000254006 ns, Reaching safepoint: 90974 ns, At safepoint: 15589 ns, Total: 106563 ns
[2023-11-15T22:16:34.615+0000][7][safepoint   ] Safepoint "ICBufferFull", Time since last: 458952533 ns, Reaching safepoint: 303826 ns, At safepoint: 8052 ns, Total: 311878 ns
[2023-11-15T22:16:34.889+0000][7][safepoint   ] Safepoint "ICBufferFull", Time since last: 273726964 ns, Reaching safepoint: 179214 ns, At safepoint: 3832 ns, Total: 183046 ns
[2023-11-15T22:16:35.287+0000][7][safepoint   ] Safepoint "ICBufferFull", Time since last: 397200308 ns, Reaching safepoint: 307123 ns, At safepoint: 21039 ns, Total: 328162 ns
[2023-11-15T22:16:36.287+0000][7][safepoint   ] Safepoint "Cleanup", Time since last: 1000164810 ns, Reaching safepoint: 288382 ns, At safepoint: 21440 ns, Total: 309822 ns
[2023-11-15T22:16:37.078+0000][7][gc,start    ] GC(50) Pause Young (Normal) (G1 Evacuation Pause)
[2023-11-15T22:16:37.078+0000][7][gc,task     ] GC(50) Using 8 workers of 8 for evacuation
[2023-11-15T22:16:37.078+0000][7][gc,age      ] GC(50) Desired survivor size 20971520 bytes, new threshold 15 (max threshold 15)
[2023-11-15T22:16:37.086+0000][7][gc,age      ] GC(50) Age table with threshold 15 (max threshold 15)
[2023-11-15T22:16:37.086+0000][7][gc,age      ] GC(50) - age   1:    2108608 bytes,    2108608 total
[2023-11-15T22:16:37.086+0000][7][gc,age      ] GC(50) - age   2:    1164248 bytes,    3272856 total
[2023-11-15T22:16:37.086+0000][7][gc,age      ] GC(50) - age   3:     831824 bytes,    4104680 total
[2023-11-15T22:16:37.086+0000][7][gc,age      ] GC(50) - age   4:    1311448 bytes,    5416128 total
[2023-11-15T22:16:37.086+0000][7][gc,age      ] GC(50) - age   5:     976840 bytes,    6392968 total
[2023-11-15T22:16:37.086+0000][7][gc,age      ] GC(50) - age   6:     243408 bytes,    6636376 total
[2023-11-15T22:16:37.086+0000][7][gc,age      ] GC(50) - age   7:     284104 bytes,    6920480 total
[2023-11-15T22:16:37.086+0000][7][gc,age      ] GC(50) - age   8:     624984 bytes,    7545464 total
[2023-11-15T22:16:37.086+0000][7][gc,age      ] GC(50) - age   9:     304792 bytes,    7850256 total
[2023-11-15T22:16:37.086+0000][7][gc,age      ] GC(50) - age  10:     317760 bytes,    8168016 total
[2023-11-15T22:16:37.086+0000][7][gc,age      ] GC(50) - age  11:     271592 bytes,    8439608 total
[2023-11-15T22:16:37.086+0000][7][gc,age      ] GC(50) - age  12:     379752 bytes,    8819360 total
[2023-11-15T22:16:37.086+0000][7][gc,age      ] GC(50) - age  13:     303768 bytes,    9123128 total
[2023-11-15T22:16:37.086+0000][7][gc,age      ] GC(50) - age  14:     488944 bytes,    9612072 total
[2023-11-15T22:16:37.086+0000][7][gc,age      ] GC(50) - age  15:     321072 bytes,    9933144 total
[2023-11-15T22:16:37.086+0000][7][gc,phases   ] GC(50)   Pre Evacuate Collection Set: 0.1ms
[2023-11-15T22:16:37.086+0000][7][gc,phases   ] GC(50)   Merge Heap Roots: 0.0ms
[2023-11-15T22:16:37.086+0000][7][gc,phases   ] GC(50)   Evacuate Collection Set: 6.6ms
[2023-11-15T22:16:37.086+0000][7][gc,phases   ] GC(50)   Post Evacuate Collection Set: 0.5ms
[2023-11-15T22:16:37.086+0000][7][gc,phases   ] GC(50)   Other: 0.2ms
[2023-11-15T22:16:37.086+0000][7][gc,heap     ] GC(50) Eden regions: 71->0(71)
[2023-11-15T22:16:37.086+0000][7][gc,heap     ] GC(50) Survivor regions: 3->3(10)
[2023-11-15T22:16:37.086+0000][7][gc,heap     ] GC(50) Old regions: 24->24
[2023-11-15T22:16:37.086+0000][7][gc,heap     ] GC(50) Archive regions: 2->2
[2023-11-15T22:16:37.086+0000][7][gc,heap     ] GC(50) Humongous regions: 5->5
[2023-11-15T22:16:37.086+0000][7][gc,metaspace] GC(50) Metaspace: 116188K(117824K)->116188K(117824K) NonClass: 100674K(101696K)->100674K(101696K) Class: 15513K(16128K)->15513K(16128K)
[2023-11-15T22:16:37.086+0000][7][gc          ] GC(50) Pause Young (Normal) (G1 Evacuation Pause) 409M->126M(512M) 7.497ms
[2023-11-15T22:16:37.086+0000][7][gc,cpu      ] GC(50) User=0.03s Sys=0.00s Real=0.01s
[2023-11-15T22:16:37.086+0000][7][safepoint   ] Safepoint "G1CollectForAllocation", Time since last: 791096286 ns, Reaching safepoint: 130456 ns, At safepoint: 7562402 ns, Total: 7692858 ns
[2023-11-15T22:16:38.086+0000][7][safepoint   ] Safepoint "Cleanup", Time since last: 1000152095 ns, Reaching safepoint: 255372 ns, At safepoint: 22564 ns, Total: 277936 ns
[2023-11-15T22:16:39.087+0000][7][safepoint   ] Safepoint "Cleanup", Time since last: 1000205532 ns, Reaching safepoint: 83733 ns, At safepoint: 9653 ns, Total: 93386 ns
[2023-11-15T22:16:40.087+0000][7][safepoint   ] Safepoint "Cleanup", Time since last: 1000170068 ns, Reaching safepoint: 68028 ns, At safepoint: 8589 ns, Total: 76617 ns
[2023-11-15T22:16:41.087+0000][7][safepoint   ] Safepoint "Cleanup", Time since last: 1000229890 ns, Reaching safepoint: 110006 ns, At safepoint: 11912 ns, Total: 121918 ns
[2023-11-15T22:16:42.087+0000][7][safepoint   ] Safepoint "Cleanup", Time since last: 1000189780 ns, Reaching safepoint: 142929 ns, At safepoint: 5798 ns, Total: 148727 ns
[2023-11-15T22:16:43.088+0000][7][safepoint   ] Safepoint "Cleanup", Time since last: 1000122946 ns, Reaching safepoint: 205122 ns, At safepoint: 19755 ns, Total: 224877 ns
[2023-11-15T22:16:44.088+0000][7][safepoint   ] Safepoint "Cleanup", Time since last: 1000131086 ns, Reaching safepoint: 64858 ns, At safepoint: 9535 ns, Total: 74393 ns
[2023-11-15T22:16:45.088+0000][7][safepoint   ] Safepoint "Cleanup", Time since last: 1000107998 ns, Reaching safepoint: 73742 ns, At safepoint: 12327 ns, Total: 86069 ns
[2023-11-15T22:16:47.089+0000][7][safepoint   ] Safepoint "Cleanup", Time since last: 2000231805 ns, Reaching safepoint: 207358 ns, At safepoint: 8125 ns, Total: 215483 ns
[2023-11-15T22:16:48.089+0000][7][safepoint   ] Safepoint "Cleanup", Time since last: 1000162006 ns, Reaching safepoint: 105301 ns, At safepoint: 9813 ns, Total: 115114 ns
[2023-11-15T22:16:49.089+0000][7][safepoint   ] Safepoint "Cleanup", Time since last: 1000194943 ns, Reaching safepoint: 93448 ns, At safepoint: 11332 ns, Total: 104780 ns
[2023-11-15T22:16:50.089+0000][7][safepoint   ] Safepoint "Cleanup", Time since last: 1000148034 ns, Reaching safepoint: 111184 ns, At safepoint: 20892 ns, Total: 132076 ns
[2023-11-15T22:16:51.090+0000][7][safepoint   ] Safepoint "Cleanup", Time since last: 1000212249 ns, Reaching safepoint: 112235 ns, At safepoint: 16542 ns, Total: 128777 ns
[2023-11-15T22:16:52.090+0000][7][safepoint   ] Safepoint "Cleanup", Time since last: 1000154710 ns, Reaching safepoint: 90497 ns, At safepoint: 12123 ns, Total: 102620 ns
[2023-11-15T22:16:53.090+0000][7][safepoint   ] Safepoint "Cleanup", Time since last: 1000161239 ns, Reaching safepoint: 79408 ns, At safepoint: 17766 ns, Total: 97174 ns
[2023-11-15T22:16:54.804+0000][7][gc,start    ] GC(51) Pause Young (Normal) (G1 Evacuation Pause)
[2023-11-15T22:16:54.804+0000][7][gc,task     ] GC(51) Using 8 workers of 8 for evacuation
[2023-11-15T22:16:54.804+0000][7][gc,age      ] GC(51) Desired survivor size 20971520 bytes, new threshold 15 (max threshold 15)
[2023-11-15T22:16:54.816+0000][7][gc,age      ] GC(51) Age table with threshold 15 (max threshold 15)
[2023-11-15T22:16:54.816+0000][7][gc,age      ] GC(51) - age   1:    1241032 bytes,    1241032 total
[2023-11-15T22:16:54.816+0000][7][gc,age      ] GC(51) - age   2:    1271856 bytes,    2512888 total
[2023-11-15T22:16:54.816+0000][7][gc,age      ] GC(51) - age   3:    1116624 bytes,    3629512 total
[2023-11-15T22:16:54.816+0000][7][gc,age      ] GC(51) - age   4:     830992 bytes,    4460504 total
[2023-11-15T22:16:54.816+0000][7][gc,age      ] GC(51) - age   5:    1311096 bytes,    5771600 total
[2023-11-15T22:16:54.816+0000][7][gc,age      ] GC(51) - age   6:     834808 bytes,    6606408 total
[2023-11-15T22:16:54.816+0000][7][gc,age      ] GC(51) - age   7:     243408 bytes,    6849816 total
[2023-11-15T22:16:54.816+0000][7][gc,age      ] GC(51) - age   8:     284104 bytes,    7133920 total
[2023-11-15T22:16:54.816+0000][7][gc,age      ] GC(51) - age   9:     624984 bytes,    7758904 total
[2023-11-15T22:16:54.816+0000][7][gc,age      ] GC(51) - age  10:     304792 bytes,    8063696 total
[2023-11-15T22:16:54.816+0000][7][gc,age      ] GC(51) - age  11:     317760 bytes,    8381456 total
[2023-11-15T22:16:54.816+0000][7][gc,age      ] GC(51) - age  12:     271592 bytes,    8653048 total
[2023-11-15T22:16:54.816+0000][7][gc,age      ] GC(51) - age  13:     379752 bytes,    9032800 total
[2023-11-15T22:16:54.816+0000][7][gc,age      ] GC(51) - age  14:     303768 bytes,    9336568 total
[2023-11-15T22:16:54.816+0000][7][gc,age      ] GC(51) - age  15:     488784 bytes,    9825352 total
[2023-11-15T22:16:54.816+0000][7][gc,phases   ] GC(51)   Pre Evacuate Collection Set: 0.1ms
[2023-11-15T22:16:54.816+0000][7][gc,phases   ] GC(51)   Merge Heap Roots: 0.0ms
[2023-11-15T22:16:54.816+0000][7][gc,phases   ] GC(51)   Evacuate Collection Set: 11.1ms
[2023-11-15T22:16:54.816+0000][7][gc,phases   ] GC(51)   Post Evacuate Collection Set: 0.4ms
[2023-11-15T22:16:54.816+0000][7][gc,phases   ] GC(51)   Other: 0.2ms
[2023-11-15T22:16:54.816+0000][7][gc,heap     ] GC(51) Eden regions: 71->0(71)
[2023-11-15T22:16:54.816+0000][7][gc,heap     ] GC(51) Survivor regions: 3->3(10)
[2023-11-15T22:16:54.816+0000][7][gc,heap     ] GC(51) Old regions: 24->24
[2023-11-15T22:16:54.816+0000][7][gc,heap     ] GC(51) Archive regions: 2->2
[2023-11-15T22:16:54.816+0000][7][gc,heap     ] GC(51) Humongous regions: 5->5
[2023-11-15T22:16:54.816+0000][7][gc,metaspace] GC(51) Metaspace: 116227K(117824K)->116227K(117824K) NonClass: 100713K(101696K)->100713K(101696K) Class: 15513K(16128K)->15513K(16128K)
[2023-11-15T22:16:54.816+0000][7][gc          ] GC(51) Pause Young (Normal) (G1 Evacuation Pause) 410M->126M(512M) 11.861ms
[2023-11-15T22:16:54.816+0000][7][gc,cpu      ] GC(51) User=0.03s Sys=0.00s Real=0.02s
[2023-11-15T22:16:54.816+0000][7][safepoint   ] Safepoint "G1CollectForAllocation", Time since last: 1713820974 ns, Reaching safepoint: 37256 ns, At safepoint: 11924301 ns, Total: 11961557 ns
[2023-11-15T22:16:55.816+0000][7][safepoint   ] Safepoint "Cleanup", Time since last: 1000073658 ns, Reaching safepoint: 63666 ns, At safepoint: 3470 ns, Total: 67136 ns
[2023-11-15T22:16:56.817+0000][7][safepoint   ] Safepoint "Cleanup", Time since last: 1000144775 ns, Reaching safepoint: 97596 ns, At safepoint: 14584 ns, Total: 112180 ns
[2023-11-15T22:16:58.817+0000][7][safepoint   ] Safepoint "Cleanup", Time since last: 2000257246 ns, Reaching safepoint: 105143 ns, At safepoint: 18427 ns, Total: 123570 ns
[2023-11-15T22:16:59.817+0000][7][safepoint   ] Safepoint "Cleanup", Time since last: 1000131733 ns, Reaching safepoint: 69241 ns, At safepoint: 10178 ns, Total: 79419 ns
[2023-11-15T22:17:01.817+0000][7][safepoint   ] Safepoint "Cleanup", Time since last: 2000271990 ns, Reaching safepoint: 76300 ns, At safepoint: 3195 ns, Total: 79495 ns
[2023-11-15T22:17:04.818+0000][7][safepoint   ] Safepoint "Cleanup", Time since last: 3000314160 ns, Reaching safepoint: 127879 ns, At safepoint: 19236 ns, Total: 147115 ns
[2023-11-15T22:17:05.818+0000][7][safepoint   ] Safepoint "Cleanup", Time since last: 1000214578 ns, Reaching safepoint: 60163 ns, At safepoint: 4207 ns, Total: 64370 ns
[2023-11-15T22:17:06.819+0000][7][safepoint   ] Safepoint "Cleanup", Time since last: 1000116413 ns, Reaching safepoint: 248644 ns, At safepoint: 38905 ns, Total: 287549 ns
[2023-11-15T22:17:07.819+0000][7][safepoint   ] Safepoint "Cleanup", Time since last: 1000213101 ns, Reaching safepoint: 99403 ns, At safepoint: 12334 ns, Total: 111737 ns
[2023-11-15T22:17:09.819+0000][7][safepoint   ] Safepoint "Cleanup", Time since last: 2000293523 ns, Reaching safepoint: 140385 ns, At safepoint: 13383 ns, Total: 153768 ns
[2023-11-15T22:17:10.820+0000][7][safepoint   ] Safepoint "Cleanup", Time since last: 1000205198 ns, Reaching safepoint: 66878 ns, At safepoint: 9718 ns, Total: 76596 ns
[2023-11-15T22:17:11.820+0000][7][safepoint   ] Safepoint "Cleanup", Time since last: 1000132688 ns, Reaching safepoint: 112194 ns, At safepoint: 13881 ns, Total: 126075 ns
[2023-11-15T22:17:12.820+0000][7][safepoint   ] Safepoint "Cleanup", Time since last: 1000233434 ns, Reaching safepoint: 128114 ns, At safepoint: 15240 ns, Total: 143354 ns
[2023-11-15T22:17:13.523+0000][7][gc,start    ] GC(52) Pause Young (Normal) (G1 Evacuation Pause)
[2023-11-15T22:17:13.523+0000][7][gc,task     ] GC(52) Using 8 workers of 8 for evacuation
[2023-11-15T22:17:13.523+0000][7][gc,age      ] GC(52) Desired survivor size 20971520 bytes, new threshold 15 (max threshold 15)
[2023-11-15T22:17:13.540+0000][7][gc,age      ] GC(52) Age table with threshold 15 (max threshold 15)
[2023-11-15T22:17:13.540+0000][7][gc,age      ] GC(52) - age   1:    2059232 bytes,    2059232 total
[2023-11-15T22:17:13.540+0000][7][gc,age      ] GC(52) - age   2:     511240 bytes,    2570472 total
[2023-11-15T22:17:13.540+0000][7][gc,age      ] GC(52) - age   3:    1107808 bytes,    3678280 total
[2023-11-15T22:17:13.540+0000][7][gc,age      ] GC(52) - age   4:    1115760 bytes,    4794040 total
[2023-11-15T22:17:13.540+0000][7][gc,age      ] GC(52) - age   5:     238824 bytes,    5032864 total
[2023-11-15T22:17:13.540+0000][7][gc,age      ] GC(52) - age   6:    1309200 bytes,    6342064 total
[2023-11-15T22:17:13.540+0000][7][gc,age      ] GC(52) - age   7:     759992 bytes,    7102056 total
[2023-11-15T22:17:13.540+0000][7][gc,age      ] GC(52) - age   8:     243256 bytes,    7345312 total
[2023-11-15T22:17:13.540+0000][7][gc,age      ] GC(52) - age   9:     283984 bytes,    7629296 total
[2023-11-15T22:17:13.540+0000][7][gc,age      ] GC(52) - age  10:     624984 bytes,    8254280 total
[2023-11-15T22:17:13.540+0000][7][gc,age      ] GC(52) - age  11:     304792 bytes,    8559072 total
[2023-11-15T22:17:13.540+0000][7][gc,age      ] GC(52) - age  12:     317760 bytes,    8876832 total
[2023-11-15T22:17:13.540+0000][7][gc,age      ] GC(52) - age  13:     271592 bytes,    9148424 total
[2023-11-15T22:17:13.540+0000][7][gc,age      ] GC(52) - age  14:     379752 bytes,    9528176 total
[2023-11-15T22:17:13.540+0000][7][gc,age      ] GC(52) - age  15:     303456 bytes,    9831632 total
[2023-11-15T22:17:13.540+0000][7][gc,phases   ] GC(52)   Pre Evacuate Collection Set: 0.2ms
[2023-11-15T22:17:13.540+0000][7][gc,phases   ] GC(52)   Merge Heap Roots: 0.1ms
[2023-11-15T22:17:13.540+0000][7][gc,phases   ] GC(52)   Evacuate Collection Set: 15.0ms
[2023-11-15T22:17:13.540+0000][7][gc,phases   ] GC(52)   Post Evacuate Collection Set: 0.9ms
[2023-11-15T22:17:13.540+0000][7][gc,phases   ] GC(52)   Other: 0.4ms
[2023-11-15T22:17:13.540+0000][7][gc,heap     ] GC(52) Eden regions: 71->0(71)
[2023-11-15T22:17:13.540+0000][7][gc,heap     ] GC(52) Survivor regions: 3->3(10)
[2023-11-15T22:17:13.540+0000][7][gc,heap     ] GC(52) Old regions: 24->24
[2023-11-15T22:17:13.540+0000][7][gc,heap     ] GC(52) Archive regions: 2->2
[2023-11-15T22:17:13.540+0000][7][gc,heap     ] GC(52) Humongous regions: 5->5
[2023-11-15T22:17:13.540+0000][7][gc,metaspace] GC(52) Metaspace: 116243K(117824K)->116243K(117824K) NonClass: 100730K(101696K)->100730K(101696K) Class: 15513K(16128K)->15513K(16128K)
[2023-11-15T22:17:13.540+0000][7][gc          ] GC(52) Pause Young (Normal) (G1 Evacuation Pause) 410M->127M(512M) 16.848ms
[2023-11-15T22:17:13.540+0000][7][gc,cpu      ] GC(52) User=0.04s Sys=0.00s Real=0.02s
[2023-11-15T22:17:13.540+0000][7][safepoint   ] Safepoint "G1CollectForAllocation", Time since last: 702795032 ns, Reaching safepoint: 58944 ns, At safepoint: 16995783 ns, Total: 17054727 ns
[2023-11-15T22:17:14.540+0000][7][safepoint   ] Safepoint "Cleanup", Time since last: 1000098916 ns, Reaching safepoint: 90916 ns, At safepoint: 104209 ns, Total: 195125 ns
[2023-11-15T22:17:17.541+0000][7][safepoint   ] Safepoint "Cleanup", Time since last: 3000272376 ns, Reaching safepoint: 48159 ns, At safepoint: 18119 ns, Total: 66278 ns
[2023-11-15T22:17:18.541+0000][7][safepoint   ] Safepoint "Cleanup", Time since last: 1000147075 ns, Reaching safepoint: 40826 ns, At safepoint: 5115 ns, Total: 45941 ns
[2023-11-15T22:17:19.541+0000][7][safepoint   ] Safepoint "Cleanup", Time since last: 1000140238 ns, Reaching safepoint: 164690 ns, At safepoint: 10673 ns, Total: 175363 ns
[2023-11-15T22:17:20.541+0000][7][safepoint   ] Safepoint "Cleanup", Time since last: 1000137711 ns, Reaching safepoint: 41337 ns, At safepoint: 3149 ns, Total: 44486 ns
[2023-11-15T22:17:22.542+0000][7][safepoint   ] Safepoint "Cleanup", Time since last: 2000155711 ns, Reaching safepoint: 103551 ns, At safepoint: 20356 ns, Total: 123907 ns
[2023-11-15T22:17:23.542+0000][7][safepoint   ] Safepoint "Cleanup", Time since last: 1000135295 ns, Reaching safepoint: 71162 ns, At safepoint: 11260 ns, Total: 82422 ns
[2023-11-15T22:17:24.542+0000][7][safepoint   ] Safepoint "Cleanup", Time since last: 1000136148 ns, Reaching safepoint: 61453 ns, At safepoint: 9835 ns, Total: 71288 ns
[2023-11-15T22:17:26.543+0000][7][safepoint   ] Safepoint "Cleanup", Time since last: 2000259104 ns, Reaching safepoint: 216167 ns, At safepoint: 12189 ns, Total: 228356 ns
[2023-11-15T22:17:27.543+0000][7][safepoint   ] Safepoint "Cleanup", Time since last: 1000212399 ns, Reaching safepoint: 54758 ns, At safepoint: 6931 ns, Total: 61689 ns
[2023-11-15T22:17:29.445+0000][7][gc,start    ] GC(53) Pause Young (Normal) (G1 Evacuation Pause)
[2023-11-15T22:17:29.445+0000][7][gc,task     ] GC(53) Using 8 workers of 8 for evacuation
[2023-11-15T22:17:29.445+0000][7][gc,age      ] GC(53) Desired survivor size 20971520 bytes, new threshold 15 (max threshold 15)
[2023-11-15T22:17:29.449+0000][7][gc,age      ] GC(53) Age table with threshold 15 (max threshold 15)
[2023-11-15T22:17:29.449+0000][7][gc,age      ] GC(53) - age   1:    2268864 bytes,    2268864 total
[2023-11-15T22:17:29.449+0000][7][gc,age      ] GC(53) - age   2:    1238360 bytes,    3507224 total
[2023-11-15T22:17:29.449+0000][7][gc,age      ] GC(53) - age   3:     364752 bytes,    3871976 total
[2023-11-15T22:17:29.449+0000][7][gc,age      ] GC(53) - age   4:    1107128 bytes,    4979104 total
[2023-11-15T22:17:29.449+0000][7][gc,age      ] GC(53) - age   5:    1114320 bytes,    6093424 total
[2023-11-15T22:17:29.449+0000][7][gc,age      ] GC(53) - age   6:     238376 bytes,    6331800 total
[2023-11-15T22:17:29.449+0000][7][gc,age      ] GC(53) - age   7:     946664 bytes,    7278464 total
[2023-11-15T22:17:29.449+0000][7][gc,age      ] GC(53) - age   8:     759640 bytes,    8038104 total
[2023-11-15T22:17:29.449+0000][7][gc,age      ] GC(53) - age   9:     243192 bytes,    8281296 total
[2023-11-15T22:17:29.449+0000][7][gc,age      ] GC(53) - age  10:     283984 bytes,    8565280 total
[2023-11-15T22:17:29.449+0000][7][gc,age      ] GC(53) - age  11:     624984 bytes,    9190264 total
[2023-11-15T22:17:29.449+0000][7][gc,age      ] GC(53) - age  12:     304792 bytes,    9495056 total
[2023-11-15T22:17:29.449+0000][7][gc,age      ] GC(53) - age  13:     317760 bytes,    9812816 total
[2023-11-15T22:17:29.449+0000][7][gc,age      ] GC(53) - age  14:     271592 bytes,   10084408 total
[2023-11-15T22:17:29.450+0000][7][gc,age      ] GC(53) - age  15:     379752 bytes,   10464160 total
[2023-11-15T22:17:29.450+0000][7][gc,phases   ] GC(53)   Pre Evacuate Collection Set: 0.1ms
[2023-11-15T22:17:29.450+0000][7][gc,phases   ] GC(53)   Merge Heap Roots: 0.1ms
[2023-11-15T22:17:29.450+0000][7][gc,phases   ] GC(53)   Evacuate Collection Set: 3.8ms
[2023-11-15T22:17:29.450+0000][7][gc,phases   ] GC(53)   Post Evacuate Collection Set: 0.7ms
[2023-11-15T22:17:29.450+0000][7][gc,phases   ] GC(53)   Other: 1.0ms
[2023-11-15T22:17:29.450+0000][7][gc,heap     ] GC(53) Eden regions: 71->0(71)
[2023-11-15T22:17:29.450+0000][7][gc,heap     ] GC(53) Survivor regions: 3->3(10)
[2023-11-15T22:17:29.450+0000][7][gc,heap     ] GC(53) Old regions: 24->24
[2023-11-15T22:17:29.450+0000][7][gc,heap     ] GC(53) Archive regions: 2->2
[2023-11-15T22:17:29.450+0000][7][gc,heap     ] GC(53) Humongous regions: 5->5
[2023-11-15T22:17:29.450+0000][7][gc,metaspace] GC(53) Metaspace: 116284K(117888K)->116284K(117888K) NonClass: 100771K(101760K)->100771K(101760K) Class: 15513K(16128K)->15513K(16128K)
[2023-11-15T22:17:29.450+0000][7][gc          ] GC(53) Pause Young (Normal) (G1 Evacuation Pause) 411M->128M(512M) 5.696ms
[2023-11-15T22:17:29.450+0000][7][gc,cpu      ] GC(53) User=0.03s Sys=0.00s Real=0.01s
[2023-11-15T22:17:29.451+0000][7][safepoint   ] Safepoint "G1CollectForAllocation", Time since last: 1901537477 ns, Reaching safepoint: 63234 ns, At safepoint: 5869517 ns, Total: 5932751 ns
[2023-11-15T22:17:32.452+0000][7][safepoint   ] Safepoint "Cleanup", Time since last: 3001024304 ns, Reaching safepoint: 104399 ns, At safepoint: 4270 ns, Total: 108669 ns
[2023-11-15T22:17:34.452+0000][7][safepoint   ] Safepoint "Cleanup", Time since last: 2000165229 ns, Reaching safepoint: 58515 ns, At safepoint: 2760 ns, Total: 61275 ns
[2023-11-15T22:17:35.452+0000][7][safepoint   ] Safepoint "Cleanup", Time since last: 1000104253 ns, Reaching safepoint: 61811 ns, At safepoint: 13092 ns, Total: 74903 ns
[2023-11-15T22:17:36.452+0000][7][safepoint   ] Safepoint "Cleanup", Time since last: 1000206414 ns, Reaching safepoint: 174609 ns, At safepoint: 11056 ns, Total: 185665 ns
[2023-11-15T22:17:37.453+0000][7][safepoint   ] Safepoint "Cleanup", Time since last: 1000261593 ns, Reaching safepoint: 65789 ns, At safepoint: 7502 ns, Total: 73291 ns
[2023-11-15T22:17:38.453+0000][7][safepoint   ] Safepoint "Cleanup", Time since last: 1000122992 ns, Reaching safepoint: 90747 ns, At safepoint: 10011 ns, Total: 100758 ns
[2023-11-15T22:17:39.453+0000][7][safepoint   ] Safepoint "Cleanup", Time since last: 1000197341 ns, Reaching safepoint: 162953 ns, At safepoint: 32686 ns, Total: 195639 ns
[2023-11-15T22:17:41.454+0000][7][safepoint   ] Safepoint "Cleanup", Time since last: 2000360269 ns, Reaching safepoint: 80732 ns, At safepoint: 8836 ns, Total: 89568 ns
[2023-11-15T22:17:42.454+0000][7][safepoint   ] Safepoint "Cleanup", Time since last: 1000211623 ns, Reaching safepoint: 112438 ns, At safepoint: 11459 ns, Total: 123897 ns
[2023-11-15T22:17:44.454+0000][7][safepoint   ] Safepoint "Cleanup", Time since last: 2000219691 ns, Reaching safepoint: 74817 ns, At safepoint: 7141 ns, Total: 81958 ns
[2023-11-15T22:17:47.455+0000][7][safepoint   ] Safepoint "Cleanup", Time since last: 3000286995 ns, Reaching safepoint: 72194 ns, At safepoint: 3815 ns, Total: 76009 ns
[2023-11-15T22:17:47.993+0000][7][gc,start    ] GC(54) Pause Young (Normal) (G1 Evacuation Pause)
[2023-11-15T22:17:47.993+0000][7][gc,task     ] GC(54) Using 8 workers of 8 for evacuation
[2023-11-15T22:17:47.993+0000][7][gc,age      ] GC(54) Desired survivor size 20971520 bytes, new threshold 15 (max threshold 15)
[2023-11-15T22:17:48.001+0000][7][gc,age      ] GC(54) Age table with threshold 15 (max threshold 15)
[2023-11-15T22:17:48.001+0000][7][gc,age      ] GC(54) - age   1:    2815928 bytes,    2815928 total
[2023-11-15T22:17:48.001+0000][7][gc,age      ] GC(54) - age   2:     670440 bytes,    3486368 total
[2023-11-15T22:17:48.001+0000][7][gc,age      ] GC(54) - age   3:    1222976 bytes,    4709344 total
[2023-11-15T22:17:48.001+0000][7][gc,age      ] GC(54) - age   4:     363768 bytes,    5073112 total
[2023-11-15T22:17:48.001+0000][7][gc,age      ] GC(54) - age   5:    1101400 bytes,    6174512 total
[2023-11-15T22:17:48.001+0000][7][gc,age      ] GC(54) - age   6:     285992 bytes,    6460504 total
[2023-11-15T22:17:48.001+0000][7][gc,age      ] GC(54) - age   7:     238288 bytes,    6698792 total
[2023-11-15T22:17:48.001+0000][7][gc,age      ] GC(54) - age   8:     946664 bytes,    7645456 total
[2023-11-15T22:17:48.001+0000][7][gc,age      ] GC(54) - age   9:     759640 bytes,    8405096 total
[2023-11-15T22:17:48.001+0000][7][gc,age      ] GC(54) - age  10:     243128 bytes,    8648224 total
[2023-11-15T22:17:48.001+0000][7][gc,age      ] GC(54) - age  11:     283984 bytes,    8932208 total
[2023-11-15T22:17:48.001+0000][7][gc,age      ] GC(54) - age  12:     268664 bytes,    9200872 total
[2023-11-15T22:17:48.001+0000][7][gc,age      ] GC(54) - age  13:     304792 bytes,    9505664 total
[2023-11-15T22:17:48.001+0000][7][gc,age      ] GC(54) - age  14:     317760 bytes,    9823424 total
[2023-11-15T22:17:48.001+0000][7][gc,age      ] GC(54) - age  15:     271592 bytes,   10095016 total
[2023-11-15T22:17:48.001+0000][7][gc,phases   ] GC(54)   Pre Evacuate Collection Set: 0.2ms
[2023-11-15T22:17:48.001+0000][7][gc,phases   ] GC(54)   Merge Heap Roots: 0.1ms
[2023-11-15T22:17:48.002+0000][7][gc,phases   ] GC(54)   Evacuate Collection Set: 6.4ms
[2023-11-15T22:17:48.002+0000][7][gc,phases   ] GC(54)   Post Evacuate Collection Set: 1.4ms
[2023-11-15T22:17:48.002+0000][7][gc,phases   ] GC(54)   Other: 0.5ms
[2023-11-15T22:17:48.002+0000][7][gc,heap     ] GC(54) Eden regions: 71->0(71)
[2023-11-15T22:17:48.002+0000][7][gc,heap     ] GC(54) Survivor regions: 3->3(10)
[2023-11-15T22:17:48.002+0000][7][gc,heap     ] GC(54) Old regions: 24->24
[2023-11-15T22:17:48.002+0000][7][gc,heap     ] GC(54) Archive regions: 2->2
[2023-11-15T22:17:48.002+0000][7][gc,heap     ] GC(54) Humongous regions: 5->5
[2023-11-15T22:17:48.002+0000][7][gc,metaspace] GC(54) Metaspace: 116381K(117952K)->116381K(117952K) NonClass: 100867K(101824K)->100867K(101824K) Class: 15513K(16128K)->15513K(16128K)
[2023-11-15T22:17:48.002+0000][7][gc          ] GC(54) Pause Young (Normal) (G1 Evacuation Pause) 412M->128M(512M) 8.828ms
[2023-11-15T22:17:48.002+0000][7][gc,cpu      ] GC(54) User=0.05s Sys=0.00s Real=0.01s
[2023-11-15T22:17:48.002+0000][7][safepoint   ] Safepoint "G1CollectForAllocation", Time since last: 536873098 ns, Reaching safepoint: 107249 ns, At safepoint: 10036051 ns, Total: 10143300 ns
[2023-11-15T22:17:50.002+0000][7][safepoint   ] Safepoint "Cleanup", Time since last: 2000200476 ns, Reaching safepoint: 59547 ns, At safepoint: 8089 ns, Total: 67636 ns
[2023-11-15T22:17:52.002+0000][7][safepoint   ] Safepoint "Cleanup", Time since last: 2000231755 ns, Reaching safepoint: 107073 ns, At safepoint: 19062 ns, Total: 126135 ns
[2023-11-15T22:17:53.003+0000][7][safepoint   ] Safepoint "Cleanup", Time since last: 1000158669 ns, Reaching safepoint: 104838 ns, At safepoint: 6654 ns, Total: 111492 ns
[2023-11-15T22:17:55.003+0000][7][safepoint   ] Safepoint "Cleanup", Time since last: 2000178829 ns, Reaching safepoint: 63152 ns, At safepoint: 6075 ns, Total: 69227 ns
[2023-11-15T22:17:56.816+0000][7][safepoint   ] Safepoint "Cleanup", Time since last: 1812383443 ns, Reaching safepoint: 243125 ns, At safepoint: 18525 ns, Total: 261650 ns
[2023-11-15T22:17:58.816+0000][7][safepoint   ] Safepoint "Cleanup", Time since last: 2000247172 ns, Reaching safepoint: 87817 ns, At safepoint: 9814 ns, Total: 97631 ns
[2023-11-15T22:17:59.816+0000][7][safepoint   ] Safepoint "Cleanup", Time since last: 1000200133 ns, Reaching safepoint: 99515 ns, At safepoint: 21300 ns, Total: 120815 ns
[2023-11-15T22:18:01.817+0000][7][safepoint   ] Safepoint "Cleanup", Time since last: 2000309374 ns, Reaching safepoint: 90697 ns, At safepoint: 14599 ns, Total: 105296 ns
[2023-11-15T22:18:04.817+0000][7][safepoint   ] Safepoint "Cleanup", Time since last: 3000409249 ns, Reaching safepoint: 80684 ns, At safepoint: 9911 ns, Total: 90595 ns
[2023-11-15T22:18:04.884+0000][7][gc,start    ] GC(55) Pause Young (Normal) (G1 Evacuation Pause)
[2023-11-15T22:18:04.884+0000][7][gc,task     ] GC(55) Using 8 workers of 8 for evacuation
[2023-11-15T22:18:04.885+0000][7][gc,age      ] GC(55) Desired survivor size 20971520 bytes, new threshold 15 (max threshold 15)
[2023-11-15T22:18:04.893+0000][7][gc,age      ] GC(55) Age table with threshold 15 (max threshold 15)
[2023-11-15T22:18:04.893+0000][7][gc,age      ] GC(55) - age   1:    1874544 bytes,    1874544 total
[2023-11-15T22:18:04.894+0000][7][gc,age      ] GC(55) - age   2:    1587656 bytes,    3462200 total
[2023-11-15T22:18:04.894+0000][7][gc,age      ] GC(55) - age   3:     667672 bytes,    4129872 total
[2023-11-15T22:18:04.894+0000][7][gc,age      ] GC(55) - age   4:    1222784 bytes,    5352656 total
[2023-11-15T22:18:04.894+0000][7][gc,age      ] GC(55) - age   5:     363448 bytes,    5716104 total
[2023-11-15T22:18:04.894+0000][7][gc,age      ] GC(55) - age   6:    1101400 bytes,    6817504 total
[2023-11-15T22:18:04.894+0000][7][gc,age      ] GC(55) - age   7:     284264 bytes,    7101768 total
[2023-11-15T22:18:04.894+0000][7][gc,age      ] GC(55) - age   8:     238224 bytes,    7339992 total
[2023-11-15T22:18:04.894+0000][7][gc,age      ] GC(55) - age   9:     946664 bytes,    8286656 total
[2023-11-15T22:18:04.894+0000][7][gc,age      ] GC(55) - age  10:     759640 bytes,    9046296 total
[2023-11-15T22:18:04.894+0000][7][gc,age      ] GC(55) - age  11:     243128 bytes,    9289424 total
[2023-11-15T22:18:04.894+0000][7][gc,age      ] GC(55) - age  12:     283984 bytes,    9573408 total
[2023-11-15T22:18:04.894+0000][7][gc,age      ] GC(55) - age  13:     268664 bytes,    9842072 total
[2023-11-15T22:18:04.894+0000][7][gc,age      ] GC(55) - age  14:     304792 bytes,   10146864 total
[2023-11-15T22:18:04.894+0000][7][gc,age      ] GC(55) - age  15:     316704 bytes,   10463568 total
[2023-11-15T22:18:04.894+0000][7][gc,phases   ] GC(55)   Pre Evacuate Collection Set: 0.1ms
[2023-11-15T22:18:04.894+0000][7][gc,phases   ] GC(55)   Merge Heap Roots: 0.2ms
[2023-11-15T22:18:04.894+0000][7][gc,phases   ] GC(55)   Evacuate Collection Set: 7.2ms
[2023-11-15T22:18:04.894+0000][7][gc,phases   ] GC(55)   Post Evacuate Collection Set: 1.3ms
[2023-11-15T22:18:04.894+0000][7][gc,phases   ] GC(55)   Other: 0.7ms
[2023-11-15T22:18:04.894+0000][7][gc,heap     ] GC(55) Eden regions: 71->0(71)
[2023-11-15T22:18:04.894+0000][7][gc,heap     ] GC(55) Survivor regions: 3->3(10)
[2023-11-15T22:18:04.894+0000][7][gc,heap     ] GC(55) Old regions: 24->24
[2023-11-15T22:18:04.894+0000][7][gc,heap     ] GC(55) Archive regions: 2->2
[2023-11-15T22:18:04.894+0000][7][gc,heap     ] GC(55) Humongous regions: 5->5
[2023-11-15T22:18:04.894+0000][7][gc,metaspace] GC(55) Metaspace: 116402K(118016K)->116402K(118016K) NonClass: 100888K(101888K)->100888K(101888K) Class: 15513K(16128K)->15513K(16128K)
[2023-11-15T22:18:04.894+0000][7][gc          ] GC(55) Pause Young (Normal) (G1 Evacuation Pause) 412M->128M(512M) 9.734ms
[2023-11-15T22:18:04.894+0000][7][gc,cpu      ] GC(55) User=0.05s Sys=0.00s Real=0.01s
[2023-11-15T22:18:04.894+0000][7][safepoint   ] Safepoint "G1CollectForAllocation", Time since last: 67117008 ns, Reaching safepoint: 61201 ns, At safepoint: 9928228 ns, Total: 9989429 ns
[2023-11-15T22:18:05.894+0000][7][safepoint   ] Safepoint "Cleanup", Time since last: 1000130832 ns, Reaching safepoint: 70433 ns, At safepoint: 5660 ns, Total: 76093 ns
[2023-11-15T22:18:06.895+0000][7][safepoint   ] Safepoint "Cleanup", Time since last: 1000124703 ns, Reaching safepoint: 107566 ns, At safepoint: 25494 ns, Total: 133060 ns
[2023-11-15T22:18:07.895+0000][7][safepoint   ] Safepoint "Cleanup", Time since last: 1000229435 ns, Reaching safepoint: 216564 ns, At safepoint: 30002 ns, Total: 246566 ns
[2023-11-15T22:18:08.895+0000][7][safepoint   ] Safepoint "Cleanup", Time since last: 1000184653 ns, Reaching safepoint: 88864 ns, At safepoint: 12302 ns, Total: 101166 ns
[2023-11-15T22:18:09.896+0000][7][safepoint   ] Safepoint "Cleanup", Time since last: 1000208808 ns, Reaching safepoint: 51734 ns, At safepoint: 7891 ns, Total: 59625 ns
[2023-11-15T22:18:10.896+0000][7][safepoint   ] Safepoint "Cleanup", Time since last: 1000127142 ns, Reaching safepoint: 47973 ns, At safepoint: 8429 ns, Total: 56402 ns
[2023-11-15T22:18:11.896+0000][7][safepoint   ] Safepoint "Cleanup", Time since last: 1000093494 ns, Reaching safepoint: 40612 ns, At safepoint: 3075 ns, Total: 43687 ns
[2023-11-15T22:18:13.896+0000][7][safepoint   ] Safepoint "Cleanup", Time since last: 2000213613 ns, Reaching safepoint: 59615 ns, At safepoint: 6286 ns, Total: 65901 ns
[2023-11-15T22:18:14.897+0000][7][safepoint   ] Safepoint "Cleanup", Time since last: 1000158119 ns, Reaching safepoint: 123611 ns, At safepoint: 10527 ns, Total: 134138 ns
[2023-11-15T22:18:16.897+0000][7][safepoint   ] Safepoint "Cleanup", Time since last: 2000317410 ns, Reaching safepoint: 113295 ns, At safepoint: 6879 ns, Total: 120174 ns
[2023-11-15T22:18:17.897+0000][7][safepoint   ] Safepoint "Cleanup", Time since last: 1000143397 ns, Reaching safepoint: 71484 ns, At safepoint: 8578 ns, Total: 80062 ns
[2023-11-15T22:18:19.898+0000][7][safepoint   ] Safepoint "Cleanup", Time since last: 2000196476 ns, Reaching safepoint: 71438 ns, At safepoint: 9776 ns, Total: 81214 ns
[2023-11-15T22:18:21.898+0000][7][safepoint   ] Safepoint "Cleanup", Time since last: 2000199784 ns, Reaching safepoint: 87321 ns, At safepoint: 9116 ns, Total: 96437 ns
[2023-11-15T22:18:22.736+0000][7][gc,start    ] GC(56) Pause Young (Normal) (G1 Evacuation Pause)
[2023-11-15T22:18:22.736+0000][7][gc,task     ] GC(56) Using 8 workers of 8 for evacuation
[2023-11-15T22:18:22.736+0000][7][gc,age      ] GC(56) Desired survivor size 20971520 bytes, new threshold 15 (max threshold 15)
[2023-11-15T22:18:22.746+0000][7][gc,age      ] GC(56) Age table with threshold 15 (max threshold 15)
[2023-11-15T22:18:22.746+0000][7][gc,age      ] GC(56) - age   1:    2082408 bytes,    2082408 total
[2023-11-15T22:18:22.746+0000][7][gc,age      ] GC(56) - age   2:     282656 bytes,    2365064 total
[2023-11-15T22:18:22.746+0000][7][gc,age      ] GC(56) - age   3:    1578936 bytes,    3944000 total
[2023-11-15T22:18:22.746+0000][7][gc,age      ] GC(56) - age   4:     666808 bytes,    4610808 total
[2023-11-15T22:18:22.746+0000][7][gc,age      ] GC(56) - age   5:     556520 bytes,    5167328 total
[2023-11-15T22:18:22.746+0000][7][gc,age      ] GC(56) - age   6:     363448 bytes,    5530776 total
[2023-11-15T22:18:22.746+0000][7][gc,age      ] GC(56) - age   7:    1101368 bytes,    6632144 total
[2023-11-15T22:18:22.746+0000][7][gc,age      ] GC(56) - age   8:     284264 bytes,    6916408 total
[2023-11-15T22:18:22.746+0000][7][gc,age      ] GC(56) - age   9:     238224 bytes,    7154632 total
[2023-11-15T22:18:22.746+0000][7][gc,age      ] GC(56) - age  10:     946664 bytes,    8101296 total
[2023-11-15T22:18:22.746+0000][7][gc,age      ] GC(56) - age  11:     759640 bytes,    8860936 total
[2023-11-15T22:18:22.746+0000][7][gc,age      ] GC(56) - age  12:     243128 bytes,    9104064 total
[2023-11-15T22:18:22.746+0000][7][gc,age      ] GC(56) - age  13:     283984 bytes,    9388048 total
[2023-11-15T22:18:22.746+0000][7][gc,age      ] GC(56) - age  14:     268664 bytes,    9656712 total
[2023-11-15T22:18:22.746+0000][7][gc,age      ] GC(56) - age  15:     304792 bytes,    9961504 total
[2023-11-15T22:18:22.746+0000][7][gc,phases   ] GC(56)   Pre Evacuate Collection Set: 0.1ms
[2023-11-15T22:18:22.746+0000][7][gc,phases   ] GC(56)   Merge Heap Roots: 0.1ms
[2023-11-15T22:18:22.746+0000][7][gc,phases   ] GC(56)   Evacuate Collection Set: 9.2ms
[2023-11-15T22:18:22.746+0000][7][gc,phases   ] GC(56)   Post Evacuate Collection Set: 1.0ms
[2023-11-15T22:18:22.746+0000][7][gc,phases   ] GC(56)   Other: 0.5ms
[2023-11-15T22:18:22.746+0000][7][gc,heap     ] GC(56) Eden regions: 71->0(71)
[2023-11-15T22:18:22.746+0000][7][gc,heap     ] GC(56) Survivor regions: 3->3(10)
[2023-11-15T22:18:22.746+0000][7][gc,heap     ] GC(56) Old regions: 24->24
[2023-11-15T22:18:22.746+0000][7][gc,heap     ] GC(56) Archive regions: 2->2
[2023-11-15T22:18:22.746+0000][7][gc,heap     ] GC(56) Humongous regions: 5->5
[2023-11-15T22:18:22.746+0000][7][gc,metaspace] GC(56) Metaspace: 116404K(118016K)->116404K(118016K) NonClass: 100891K(101888K)->100891K(101888K) Class: 15513K(16128K)->15513K(16128K)
[2023-11-15T22:18:22.747+0000][7][gc          ] GC(56) Pause Young (Normal) (G1 Evacuation Pause) 412M->128M(512M) 10.854ms
[2023-11-15T22:18:22.747+0000][7][gc,cpu      ] GC(56) User=0.03s Sys=0.01s Real=0.01s
[2023-11-15T22:18:22.747+0000][7][safepoint   ] Safepoint "G1CollectForAllocation", Time since last: 837545057 ns, Reaching safepoint: 107827 ns, At safepoint: 11076759 ns, Total: 11184586 ns
[2023-11-15T22:18:24.747+0000][7][safepoint   ] Safepoint "Cleanup", Time since last: 2000212961 ns, Reaching safepoint: 64561 ns, At safepoint: 5749 ns, Total: 70310 ns
[2023-11-15T22:18:25.747+0000][7][safepoint   ] Safepoint "Cleanup", Time since last: 1000127834 ns, Reaching safepoint: 46974 ns, At safepoint: 5833 ns, Total: 52807 ns
[2023-11-15T22:18:26.747+0000][7][safepoint   ] Safepoint "Cleanup", Time since last: 1000112609 ns, Reaching safepoint: 115406 ns, At safepoint: 11148 ns, Total: 126554 ns
[2023-11-15T22:18:28.748+0000][7][safepoint   ] Safepoint "Cleanup", Time since last: 2000178701 ns, Reaching safepoint: 77857 ns, At safepoint: 8722 ns, Total: 86579 ns
[2023-11-15T22:18:29.748+0000][7][safepoint   ] Safepoint "Cleanup", Time since last: 1000133025 ns, Reaching safepoint: 44128 ns, At safepoint: 5511 ns, Total: 49639 ns
[2023-11-15T22:18:31.748+0000][7][safepoint   ] Safepoint "Cleanup", Time since last: 2000287589 ns, Reaching safepoint: 73556 ns, At safepoint: 20808 ns, Total: 94364 ns
[2023-11-15T22:18:34.748+0000][7][safepoint   ] Safepoint "Cleanup", Time since last: 3000282928 ns, Reaching safepoint: 31712 ns, At safepoint: 3065 ns, Total: 34777 ns
[2023-11-15T22:18:36.749+0000][7][safepoint   ] Safepoint "Cleanup", Time since last: 2000261498 ns, Reaching safepoint: 91179 ns, At safepoint: 18672 ns, Total: 109851 ns
[2023-11-15T22:18:37.749+0000][7][safepoint   ] Safepoint "Cleanup", Time since last: 1000164685 ns, Reaching safepoint: 117197 ns, At safepoint: 15820 ns, Total: 133017 ns
[2023-11-15T22:18:38.749+0000][7][safepoint   ] Safepoint "Cleanup", Time since last: 1000179307 ns, Reaching safepoint: 176400 ns, At safepoint: 15598 ns, Total: 191998 ns
[2023-11-15T22:18:39.105+0000][7][gc,start    ] GC(57) Pause Young (Normal) (G1 Evacuation Pause)
[2023-11-15T22:18:39.105+0000][7][gc,task     ] GC(57) Using 8 workers of 8 for evacuation
[2023-11-15T22:18:39.105+0000][7][gc,age      ] GC(57) Desired survivor size 20971520 bytes, new threshold 15 (max threshold 15)
[2023-11-15T22:18:39.116+0000][7][gc,age      ] GC(57) Age table with threshold 15 (max threshold 15)
[2023-11-15T22:18:39.116+0000][7][gc,age      ] GC(57) - age   1:    1603816 bytes,    1603816 total
[2023-11-15T22:18:39.116+0000][7][gc,age      ] GC(57) - age   2:    1168088 bytes,    2771904 total
[2023-11-15T22:18:39.116+0000][7][gc,age      ] GC(57) - age   3:     274672 bytes,    3046576 total
[2023-11-15T22:18:39.116+0000][7][gc,age      ] GC(57) - age   4:    1575992 bytes,    4622568 total
[2023-11-15T22:18:39.116+0000][7][gc,age      ] GC(57) - age   5:     626656 bytes,    5249224 total
[2023-11-15T22:18:39.116+0000][7][gc,age      ] GC(57) - age   6:     339440 bytes,    5588664 total
[2023-11-15T22:18:39.116+0000][7][gc,age      ] GC(57) - age   7:     363448 bytes,    5952112 total
[2023-11-15T22:18:39.116+0000][7][gc,age      ] GC(57) - age   8:    1100968 bytes,    7053080 total
[2023-11-15T22:18:39.116+0000][7][gc,age      ] GC(57) - age   9:     284080 bytes,    7337160 total
[2023-11-15T22:18:39.116+0000][7][gc,age      ] GC(57) - age  10:     238224 bytes,    7575384 total
[2023-11-15T22:18:39.116+0000][7][gc,age      ] GC(57) - age  11:     946664 bytes,    8522048 total
[2023-11-15T22:18:39.116+0000][7][gc,age      ] GC(57) - age  12:     759640 bytes,    9281688 total
[2023-11-15T22:18:39.116+0000][7][gc,age      ] GC(57) - age  13:     243128 bytes,    9524816 total
[2023-11-15T22:18:39.116+0000][7][gc,age      ] GC(57) - age  14:     283984 bytes,    9808800 total
[2023-11-15T22:18:39.116+0000][7][gc,age      ] GC(57) - age  15:     268664 bytes,   10077464 total
[2023-11-15T22:18:39.116+0000][7][gc,phases   ] GC(57)   Pre Evacuate Collection Set: 0.3ms
[2023-11-15T22:18:39.116+0000][7][gc,phases   ] GC(57)   Merge Heap Roots: 0.2ms
[2023-11-15T22:18:39.116+0000][7][gc,phases   ] GC(57)   Evacuate Collection Set: 9.3ms
[2023-11-15T22:18:39.116+0000][7][gc,phases   ] GC(57)   Post Evacuate Collection Set: 1.1ms
[2023-11-15T22:18:39.117+0000][7][gc,phases   ] GC(57)   Other: 0.5ms
[2023-11-15T22:18:39.117+0000][7][gc,heap     ] GC(57) Eden regions: 71->0(71)
[2023-11-15T22:18:39.117+0000][7][gc,heap     ] GC(57) Survivor regions: 3->3(10)
[2023-11-15T22:18:39.117+0000][7][gc,heap     ] GC(57) Old regions: 24->24
[2023-11-15T22:18:39.117+0000][7][gc,heap     ] GC(57) Archive regions: 2->2
[2023-11-15T22:18:39.117+0000][7][gc,heap     ] GC(57) Humongous regions: 5->5
[2023-11-15T22:18:39.117+0000][7][gc,metaspace] GC(57) Metaspace: 116408K(118016K)->116408K(118016K) NonClass: 100894K(101888K)->100894K(101888K) Class: 15513K(16128K)->15513K(16128K)
[2023-11-15T22:18:39.117+0000][7][gc          ] GC(57) Pause Young (Normal) (G1 Evacuation Pause) 412M->129M(512M) 11.435ms
[2023-11-15T22:18:39.117+0000][7][gc,cpu      ] GC(57) User=0.05s Sys=0.00s Real=0.01s
[2023-11-15T22:18:39.117+0000][7][safepoint   ] Safepoint "G1CollectForAllocation", Time since last: 355543503 ns, Reaching safepoint: 88793 ns, At safepoint: 11593562 ns, Total: 11682355 ns
[2023-11-15T22:18:40.117+0000][7][safepoint   ] Safepoint "Cleanup", Time since last: 1000125136 ns, Reaching safepoint: 104539 ns, At safepoint: 11204 ns, Total: 115743 ns
[2023-11-15T22:18:41.117+0000][7][safepoint   ] Safepoint "Cleanup", Time since last: 1000224689 ns, Reaching safepoint: 109402 ns, At safepoint: 15983 ns, Total: 125385 ns
[2023-11-15T22:18:42.118+0000][7][safepoint   ] Safepoint "Cleanup", Time since last: 1000150794 ns, Reaching safepoint: 83081 ns, At safepoint: 11034 ns, Total: 94115 ns
[2023-11-15T22:18:44.118+0000][7][safepoint   ] Safepoint "Cleanup", Time since last: 2000215281 ns, Reaching safepoint: 84918 ns, At safepoint: 16827 ns, Total: 101745 ns
[2023-11-15T22:18:45.118+0000][7][safepoint   ] Safepoint "Cleanup", Time since last: 1000211096 ns, Reaching safepoint: 87892 ns, At safepoint: 41522 ns, Total: 129414 ns
[2023-11-15T22:18:47.118+0000][7][safepoint   ] Safepoint "Cleanup", Time since last: 2000213298 ns, Reaching safepoint: 71239 ns, At safepoint: 3021 ns, Total: 74260 ns
[2023-11-15T22:18:50.119+0000][7][safepoint   ] Safepoint "Cleanup", Time since last: 3000367539 ns, Reaching safepoint: 115433 ns, At safepoint: 27506 ns, Total: 142939 ns
[2023-11-15T22:18:52.119+0000][7][safepoint   ] Safepoint "Cleanup", Time since last: 2000314210 ns, Reaching safepoint: 102842 ns, At safepoint: 15683 ns, Total: 118525 ns
[2023-11-15T22:18:53.120+0000][7][safepoint   ] Safepoint "Cleanup", Time since last: 1000176655 ns, Reaching safepoint: 168461 ns, At safepoint: 14941 ns, Total: 183402 ns
[2023-11-15T22:18:55.120+0000][7][safepoint   ] Safepoint "Cleanup", Time since last: 2000238122 ns, Reaching safepoint: 66910 ns, At safepoint: 9008 ns, Total: 75918 ns
[2023-11-15T22:18:56.120+0000][7][safepoint   ] Safepoint "Cleanup", Time since last: 1000247513 ns, Reaching safepoint: 77072 ns, At safepoint: 9608 ns, Total: 86680 ns
[2023-11-15T22:18:56.388+0000][7][gc,start    ] GC(58) Pause Young (Normal) (G1 Evacuation Pause)
[2023-11-15T22:18:56.388+0000][7][gc,task     ] GC(58) Using 8 workers of 8 for evacuation
[2023-11-15T22:18:56.388+0000][7][gc,age      ] GC(58) Desired survivor size 20971520 bytes, new threshold 15 (max threshold 15)
[2023-11-15T22:18:56.396+0000][7][gc,age      ] GC(58) Age table with threshold 15 (max threshold 15)
[2023-11-15T22:18:56.396+0000][7][gc,age      ] GC(58) - age   1:    2500584 bytes,    2500584 total
[2023-11-15T22:18:56.396+0000][7][gc,age      ] GC(58) - age   2:     579264 bytes,    3079848 total
[2023-11-15T22:18:56.396+0000][7][gc,age      ] GC(58) - age   3:     998240 bytes,    4078088 total
[2023-11-15T22:18:56.396+0000][7][gc,age      ] GC(58) - age   4:     274096 bytes,    4352184 total
[2023-11-15T22:18:56.396+0000][7][gc,age      ] GC(58) - age   5:     645784 bytes,    4997968 total
[2023-11-15T22:18:56.396+0000][7][gc,age      ] GC(58) - age   6:     626464 bytes,    5624432 total
[2023-11-15T22:18:56.396+0000][7][gc,age      ] GC(58) - age   7:     339056 bytes,    5963488 total
[2023-11-15T22:18:56.396+0000][7][gc,age      ] GC(58) - age   8:     363416 bytes,    6326904 total
[2023-11-15T22:18:56.396+0000][7][gc,age      ] GC(58) - age   9:    1100936 bytes,    7427840 total
[2023-11-15T22:18:56.396+0000][7][gc,age      ] GC(58) - age  10:     284080 bytes,    7711920 total
[2023-11-15T22:18:56.396+0000][7][gc,age      ] GC(58) - age  11:     238160 bytes,    7950080 total
[2023-11-15T22:18:56.396+0000][7][gc,age      ] GC(58) - age  12:     946664 bytes,    8896744 total
[2023-11-15T22:18:56.396+0000][7][gc,age      ] GC(58) - age  13:     759640 bytes,    9656384 total
[2023-11-15T22:18:56.396+0000][7][gc,age      ] GC(58) - age  14:     243128 bytes,    9899512 total
[2023-11-15T22:18:56.396+0000][7][gc,age      ] GC(58) - age  15:     283984 bytes,   10183496 total
[2023-11-15T22:18:56.396+0000][7][gc,phases   ] GC(58)   Pre Evacuate Collection Set: 0.1ms
[2023-11-15T22:18:56.396+0000][7][gc,phases   ] GC(58)   Merge Heap Roots: 0.0ms
[2023-11-15T22:18:56.396+0000][7][gc,phases   ] GC(58)   Evacuate Collection Set: 7.2ms
[2023-11-15T22:18:56.396+0000][7][gc,phases   ] GC(58)   Post Evacuate Collection Set: 0.6ms
[2023-11-15T22:18:56.396+0000][7][gc,phases   ] GC(58)   Other: 0.3ms
[2023-11-15T22:18:56.396+0000][7][gc,heap     ] GC(58) Eden regions: 71->0(71)
[2023-11-15T22:18:56.396+0000][7][gc,heap     ] GC(58) Survivor regions: 3->3(10)
[2023-11-15T22:18:56.396+0000][7][gc,heap     ] GC(58) Old regions: 24->24
[2023-11-15T22:18:56.396+0000][7][gc,heap     ] GC(58) Archive regions: 2->2
[2023-11-15T22:18:56.396+0000][7][gc,heap     ] GC(58) Humongous regions: 5->5
[2023-11-15T22:18:56.396+0000][7][gc,metaspace] GC(58) Metaspace: 116433K(118016K)->116433K(118016K) NonClass: 100919K(101888K)->100919K(101888K) Class: 15513K(16128K)->15513K(16128K)
[2023-11-15T22:18:56.396+0000][7][gc          ] GC(58) Pause Young (Normal) (G1 Evacuation Pause) 413M->129M(512M) 8.188ms
[2023-11-15T22:18:56.396+0000][7][gc,cpu      ] GC(58) User=0.03s Sys=0.00s Real=0.01s
[2023-11-15T22:18:56.396+0000][7][safepoint   ] Safepoint "G1CollectForAllocation", Time since last: 267145429 ns, Reaching safepoint: 26008 ns, At safepoint: 8304455 ns, Total: 8330463 ns
[2023-11-15T22:18:57.396+0000][7][safepoint   ] Safepoint "Cleanup", Time since last: 1000107845 ns, Reaching safepoint: 113098 ns, At safepoint: 15605 ns, Total: 128703 ns
[2023-11-15T22:18:58.728+0000][7][safepoint   ] Safepoint "Cleanup", Time since last: 1331323669 ns, Reaching safepoint: 35683 ns, At safepoint: 3825 ns, Total: 39508 ns
[2023-11-15T22:18:59.728+0000][7][safepoint   ] Safepoint "Cleanup", Time since last: 1000145488 ns, Reaching safepoint: 155056 ns, At safepoint: 25211 ns, Total: 180267 ns
[2023-11-15T22:19:01.728+0000][7][safepoint   ] Safepoint "Cleanup", Time since last: 2000275035 ns, Reaching safepoint: 154016 ns, At safepoint: 10737 ns, Total: 164753 ns
[2023-11-15T22:19:04.729+0000][7][safepoint   ] Safepoint "Cleanup", Time since last: 3000427228 ns, Reaching safepoint: 51131 ns, At safepoint: 8916 ns, Total: 60047 ns
[2023-11-15T22:19:06.729+0000][7][safepoint   ] Safepoint "Cleanup", Time since last: 2000246030 ns, Reaching safepoint: 39651 ns, At safepoint: 4798 ns, Total: 44449 ns
[2023-11-15T22:19:07.729+0000][7][safepoint   ] Safepoint "Cleanup", Time since last: 1000167991 ns, Reaching safepoint: 95306 ns, At safepoint: 10038 ns, Total: 105344 ns
[2023-11-15T22:19:09.730+0000][7][safepoint   ] Safepoint "Cleanup", Time since last: 2000288814 ns, Reaching safepoint: 59702 ns, At safepoint: 10927 ns, Total: 70629 ns
[2023-11-15T22:19:10.730+0000][7][safepoint   ] Safepoint "Cleanup", Time since last: 1000139229 ns, Reaching safepoint: 119151 ns, At safepoint: 17614 ns, Total: 136765 ns
[2023-11-15T22:19:11.730+0000][7][safepoint   ] Safepoint "Cleanup", Time since last: 1000200030 ns, Reaching safepoint: 111417 ns, At safepoint: 20234 ns, Total: 131651 ns
[2023-11-15T22:19:13.696+0000][7][gc,start    ] GC(59) Pause Young (Normal) (G1 Evacuation Pause)
[2023-11-15T22:19:13.696+0000][7][gc,task     ] GC(59) Using 8 workers of 8 for evacuation
[2023-11-15T22:19:13.696+0000][7][gc,age      ] GC(59) Desired survivor size 20971520 bytes, new threshold 15 (max threshold 15)
[2023-11-15T22:19:13.700+0000][7][gc,age      ] GC(59) Age table with threshold 15 (max threshold 15)
[2023-11-15T22:19:13.700+0000][7][gc,age      ] GC(59) - age   1:    1593832 bytes,    1593832 total
[2023-11-15T22:19:13.700+0000][7][gc,age      ] GC(59) - age   2:    1445384 bytes,    3039216 total
[2023-11-15T22:19:13.700+0000][7][gc,age      ] GC(59) - age   3:     419712 bytes,    3458928 total
[2023-11-15T22:19:13.700+0000][7][gc,age      ] GC(59) - age   4:     996904 bytes,    4455832 total
[2023-11-15T22:19:13.700+0000][7][gc,age      ] GC(59) - age   5:     273456 bytes,    4729288 total
[2023-11-15T22:19:13.700+0000][7][gc,age      ] GC(59) - age   6:     639240 bytes,    5368528 total
[2023-11-15T22:19:13.700+0000][7][gc,age      ] GC(59) - age   7:     626192 bytes,    5994720 total
[2023-11-15T22:19:13.700+0000][7][gc,age      ] GC(59) - age   8:     338992 bytes,    6333712 total
[2023-11-15T22:19:13.700+0000][7][gc,age      ] GC(59) - age   9:     363416 bytes,    6697128 total
[2023-11-15T22:19:13.700+0000][7][gc,age      ] GC(59) - age  10:    1022880 bytes,    7720008 total
[2023-11-15T22:19:13.700+0000][7][gc,age      ] GC(59) - age  11:     284080 bytes,    8004088 total
[2023-11-15T22:19:13.700+0000][7][gc,age      ] GC(59) - age  12:     238128 bytes,    8242216 total
[2023-11-15T22:19:13.700+0000][7][gc,age      ] GC(59) - age  13:     946664 bytes,    9188880 total
[2023-11-15T22:19:13.700+0000][7][gc,age      ] GC(59) - age  14:     759640 bytes,    9948520 total
[2023-11-15T22:19:13.700+0000][7][gc,age      ] GC(59) - age  15:     243128 bytes,   10191648 total
[2023-11-15T22:19:13.700+0000][7][gc,phases   ] GC(59)   Pre Evacuate Collection Set: 0.1ms
[2023-11-15T22:19:13.700+0000][7][gc,phases   ] GC(59)   Merge Heap Roots: 0.1ms
[2023-11-15T22:19:13.700+0000][7][gc,phases   ] GC(59)   Evacuate Collection Set: 3.7ms
[2023-11-15T22:19:13.700+0000][7][gc,phases   ] GC(59)   Post Evacuate Collection Set: 0.5ms
[2023-11-15T22:19:13.700+0000][7][gc,phases   ] GC(59)   Other: 0.2ms
[2023-11-15T22:19:13.700+0000][7][gc,heap     ] GC(59) Eden regions: 71->0(71)
[2023-11-15T22:19:13.700+0000][7][gc,heap     ] GC(59) Survivor regions: 3->3(10)
[2023-11-15T22:19:13.700+0000][7][gc,heap     ] GC(59) Old regions: 24->24
[2023-11-15T22:19:13.700+0000][7][gc,heap     ] GC(59) Archive regions: 2->2
[2023-11-15T22:19:13.700+0000][7][gc,heap     ] GC(59) Humongous regions: 5->5
[2023-11-15T22:19:13.700+0000][7][gc,metaspace] GC(59) Metaspace: 116441K(118016K)->116441K(118016K) NonClass: 100927K(101888K)->100927K(101888K) Class: 15513K(16128K)->15513K(16128K)
[2023-11-15T22:19:13.700+0000][7][gc          ] GC(59) Pause Young (Normal) (G1 Evacuation Pause) 413M->129M(512M) 4.636ms
[2023-11-15T22:19:13.700+0000][7][gc,cpu      ] GC(59) User=0.03s Sys=0.00s Real=0.00s
[2023-11-15T22:19:13.700+0000][7][safepoint   ] Safepoint "G1CollectForAllocation", Time since last: 1965296821 ns, Reaching safepoint: 42247 ns, At safepoint: 4713143 ns, Total: 4755390 ns
[2023-11-15T22:19:14.701+0000][7][safepoint   ] Safepoint "Cleanup", Time since last: 1000423118 ns, Reaching safepoint: 118414 ns, At safepoint: 12999 ns, Total: 131413 ns
[2023-11-15T22:19:16.701+0000][7][safepoint   ] Safepoint "Cleanup", Time since last: 2000205316 ns, Reaching safepoint: 116915 ns, At safepoint: 8024 ns, Total: 124939 ns
[2023-11-15T22:19:17.702+0000][7][safepoint   ] Safepoint "Cleanup", Time since last: 1000194830 ns, Reaching safepoint: 95414 ns, At safepoint: 14203 ns, Total: 109617 ns
[2023-11-15T22:19:19.702+0000][7][safepoint   ] Safepoint "Cleanup", Time since last: 2000243955 ns, Reaching safepoint: 229993 ns, At safepoint: 18396 ns, Total: 248389 ns
[2023-11-15T22:19:21.702+0000][7][safepoint   ] Safepoint "Cleanup", Time since last: 2000283532 ns, Reaching safepoint: 88788 ns, At safepoint: 11728 ns, Total: 100516 ns
[2023-11-15T22:19:22.703+0000][7][safepoint   ] Safepoint "Cleanup", Time since last: 1000130782 ns, Reaching safepoint: 32222 ns, At safepoint: 4272 ns, Total: 36494 ns
[2023-11-15T22:19:24.703+0000][7][safepoint   ] Safepoint "Cleanup", Time since last: 2000256461 ns, Reaching safepoint: 101249 ns, At safepoint: 15818 ns, Total: 117067 ns
[2023-11-15T22:19:25.703+0000][7][safepoint   ] Safepoint "Cleanup", Time since last: 1000182159 ns, Reaching safepoint: 114917 ns, At safepoint: 7195 ns, Total: 122112 ns
[2023-11-15T22:19:27.024+0000][7][safepoint   ] Safepoint "Cleanup", Time since last: 1320994312 ns, Reaching safepoint: 211882 ns, At safepoint: 22421 ns, Total: 234303 ns
[2023-11-15T22:19:29.025+0000][7][safepoint   ] Safepoint "Cleanup", Time since last: 2000264653 ns, Reaching safepoint: 150797 ns, At safepoint: 14292 ns, Total: 165089 ns
[2023-11-15T22:19:30.025+0000][7][safepoint   ] Safepoint "Cleanup", Time since last: 1000152777 ns, Reaching safepoint: 142847 ns, At safepoint: 26861 ns, Total: 169708 ns
[2023-11-15T22:19:31.620+0000][7][gc,start    ] GC(60) Pause Young (Normal) (G1 Evacuation Pause)
[2023-11-15T22:19:31.620+0000][7][gc,task     ] GC(60) Using 8 workers of 8 for evacuation
[2023-11-15T22:19:31.620+0000][7][gc,age      ] GC(60) Desired survivor size 20971520 bytes, new threshold 15 (max threshold 15)
[2023-11-15T22:19:31.630+0000][7][gc,age      ] GC(60) Age table with threshold 15 (max threshold 15)
[2023-11-15T22:19:31.630+0000][7][gc,age      ] GC(60) - age   1:    1486160 bytes,    1486160 total
[2023-11-15T22:19:31.630+0000][7][gc,age      ] GC(60) - age   2:     547080 bytes,    2033240 total
[2023-11-15T22:19:31.630+0000][7][gc,age      ] GC(60) - age   3:    1314664 bytes,    3347904 total
[2023-11-15T22:19:31.630+0000][7][gc,age      ] GC(60) - age   4:     416312 bytes,    3764216 total
[2023-11-15T22:19:31.630+0000][7][gc,age      ] GC(60) - age   5:     996592 bytes,    4760808 total
[2023-11-15T22:19:31.630+0000][7][gc,age      ] GC(60) - age   6:     273456 bytes,    5034264 total
[2023-11-15T22:19:31.630+0000][7][gc,age      ] GC(60) - age   7:     639176 bytes,    5673440 total
[2023-11-15T22:19:31.630+0000][7][gc,age      ] GC(60) - age   8:     626192 bytes,    6299632 total
[2023-11-15T22:19:31.630+0000][7][gc,age      ] GC(60) - age   9:     338992 bytes,    6638624 total
[2023-11-15T22:19:31.630+0000][7][gc,age      ] GC(60) - age  10:     363416 bytes,    7002040 total
[2023-11-15T22:19:31.630+0000][7][gc,age      ] GC(60) - age  11:    1022880 bytes,    8024920 total
[2023-11-15T22:19:31.630+0000][7][gc,age      ] GC(60) - age  12:     284080 bytes,    8309000 total
[2023-11-15T22:19:31.630+0000][7][gc,age      ] GC(60) - age  13:     238128 bytes,    8547128 total
[2023-11-15T22:19:31.630+0000][7][gc,age      ] GC(60) - age  14:     946664 bytes,    9493792 total
[2023-11-15T22:19:31.630+0000][7][gc,age      ] GC(60) - age  15:     759640 bytes,   10253432 total
[2023-11-15T22:19:31.630+0000][7][gc,phases   ] GC(60)   Pre Evacuate Collection Set: 0.1ms
[2023-11-15T22:19:31.630+0000][7][gc,phases   ] GC(60)   Merge Heap Roots: 0.1ms
[2023-11-15T22:19:31.630+0000][7][gc,phases   ] GC(60)   Evacuate Collection Set: 8.8ms
[2023-11-15T22:19:31.630+0000][7][gc,phases   ] GC(60)   Post Evacuate Collection Set: 1.0ms
[2023-11-15T22:19:31.631+0000][7][gc,phases   ] GC(60)   Other: 0.4ms
[2023-11-15T22:19:31.631+0000][7][gc,heap     ] GC(60) Eden regions: 71->0(71)
[2023-11-15T22:19:31.631+0000][7][gc,heap     ] GC(60) Survivor regions: 3->3(10)
[2023-11-15T22:19:31.631+0000][7][gc,heap     ] GC(60) Old regions: 24->24
[2023-11-15T22:19:31.631+0000][7][gc,heap     ] GC(60) Archive regions: 2->2
[2023-11-15T22:19:31.631+0000][7][gc,heap     ] GC(60) Humongous regions: 5->5
[2023-11-15T22:19:31.631+0000][7][gc,metaspace] GC(60) Metaspace: 116471K(118080K)->116471K(118080K) NonClass: 100957K(101952K)->100957K(101952K) Class: 15513K(16128K)->15513K(16128K)
[2023-11-15T22:19:31.631+0000][7][gc          ] GC(60) Pause Young (Normal) (G1 Evacuation Pause) 413M->129M(512M) 10.578ms
[2023-11-15T22:19:31.631+0000][7][gc,cpu      ] GC(60) User=0.05s Sys=0.00s Real=0.01s
[2023-11-15T22:19:31.631+0000][7][safepoint   ] Safepoint "G1CollectForAllocation", Time since last: 1594690378 ns, Reaching safepoint: 57577 ns, At safepoint: 10716830 ns, Total: 10774407 ns
[2023-11-15T22:19:32.631+0000][7][safepoint   ] Safepoint "Cleanup", Time since last: 1000111205 ns, Reaching safepoint: 90034 ns, At safepoint: 22826 ns, Total: 112860 ns
[2023-11-15T22:19:33.632+0000][7][safepoint   ] Safepoint "Cleanup", Time since last: 1000397125 ns, Reaching safepoint: 159526 ns, At safepoint: 52521 ns, Total: 212047 ns
[2023-11-15T22:19:34.632+0000][7][safepoint   ] Safepoint "Cleanup", Time since last: 1000179768 ns, Reaching safepoint: 81592 ns, At safepoint: 7139 ns, Total: 88731 ns
[2023-11-15T22:19:35.632+0000][7][safepoint   ] Safepoint "Cleanup", Time since last: 1000118128 ns, Reaching safepoint: 138237 ns, At safepoint: 9394 ns, Total: 147631 ns
[2023-11-15T22:19:37.632+0000][7][safepoint   ] Safepoint "Cleanup", Time since last: 2000268474 ns, Reaching safepoint: 121431 ns, At safepoint: 16978 ns, Total: 138409 ns
[2023-11-15T22:19:38.633+0000][7][safepoint   ] Safepoint "Cleanup", Time since last: 1000133728 ns, Reaching safepoint: 77849 ns, At safepoint: 14907 ns, Total: 92756 ns
[2023-11-15T22:19:39.633+0000][7][safepoint   ] Safepoint "Cleanup", Time since last: 1000172838 ns, Reaching safepoint: 156439 ns, At safepoint: 13015 ns, Total: 169454 ns
[2023-11-15T22:19:41.633+0000][7][safepoint   ] Safepoint "Cleanup", Time since last: 2000295114 ns, Reaching safepoint: 90716 ns, At safepoint: 12939 ns, Total: 103655 ns
[2023-11-15T22:19:42.634+0000][7][safepoint   ] Safepoint "Cleanup", Time since last: 1000198790 ns, Reaching safepoint: 82356 ns, At safepoint: 10964 ns, Total: 93320 ns
[2023-11-15T22:19:44.635+0000][7][safepoint   ] Safepoint "Cleanup", Time since last: 2000627540 ns, Reaching safepoint: 107156 ns, At safepoint: 20437 ns, Total: 127593 ns
[2023-11-15T22:19:46.635+0000][7][safepoint   ] Safepoint "Cleanup", Time since last: 2000313464 ns, Reaching safepoint: 92405 ns, At safepoint: 6745 ns, Total: 99150 ns
[2023-11-15T22:19:47.635+0000][7][safepoint   ] Safepoint "Cleanup", Time since last: 1000109910 ns, Reaching safepoint: 90188 ns, At safepoint: 11795 ns, Total: 101983 ns
[2023-11-15T22:19:48.976+0000][7][gc,start    ] GC(61) Pause Young (Normal) (G1 Evacuation Pause)
[2023-11-15T22:19:48.976+0000][7][gc,task     ] GC(61) Using 8 workers of 8 for evacuation
[2023-11-15T22:19:48.976+0000][7][gc,age      ] GC(61) Desired survivor size 20971520 bytes, new threshold 15 (max threshold 15)
[2023-11-15T22:19:48.985+0000][7][gc,age      ] GC(61) Age table with threshold 15 (max threshold 15)
[2023-11-15T22:19:48.985+0000][7][gc,age      ] GC(61) - age   1:    2243232 bytes,    2243232 total
[2023-11-15T22:19:48.985+0000][7][gc,age      ] GC(61) - age   2:     389016 bytes,    2632248 total
[2023-11-15T22:19:48.985+0000][7][gc,age      ] GC(61) - age   3:     411224 bytes,    3043472 total
[2023-11-15T22:19:48.985+0000][7][gc,age      ] GC(61) - age   4:    1314056 bytes,    4357528 total
[2023-11-15T22:19:48.985+0000][7][gc,age      ] GC(61) - age   5:     411880 bytes,    4769408 total
[2023-11-15T22:19:48.985+0000][7][gc,age      ] GC(61) - age   6:     249424 bytes,    5018832 total
[2023-11-15T22:19:48.985+0000][7][gc,age      ] GC(61) - age   7:     273424 bytes,    5292256 total
[2023-11-15T22:19:48.985+0000][7][gc,age      ] GC(61) - age   8:     639176 bytes,    5931432 total
[2023-11-15T22:19:48.985+0000][7][gc,age      ] GC(61) - age   9:     626192 bytes,    6557624 total
[2023-11-15T22:19:48.985+0000][7][gc,age      ] GC(61) - age  10:     338856 bytes,    6896480 total
[2023-11-15T22:19:48.985+0000][7][gc,age      ] GC(61) - age  11:     363416 bytes,    7259896 total
[2023-11-15T22:19:48.985+0000][7][gc,age      ] GC(61) - age  12:    1022880 bytes,    8282776 total
[2023-11-15T22:19:48.985+0000][7][gc,age      ] GC(61) - age  13:     284080 bytes,    8566856 total
[2023-11-15T22:19:48.985+0000][7][gc,age      ] GC(61) - age  14:     238128 bytes,    8804984 total
[2023-11-15T22:19:48.985+0000][7][gc,age      ] GC(61) - age  15:     946664 bytes,    9751648 total
[2023-11-15T22:19:48.985+0000][7][gc,phases   ] GC(61)   Pre Evacuate Collection Set: 0.1ms
[2023-11-15T22:19:48.985+0000][7][gc,phases   ] GC(61)   Merge Heap Roots: 0.1ms
[2023-11-15T22:19:48.985+0000][7][gc,phases   ] GC(61)   Evacuate Collection Set: 6.5ms
[2023-11-15T22:19:48.985+0000][7][gc,phases   ] GC(61)   Post Evacuate Collection Set: 1.2ms
[2023-11-15T22:19:48.985+0000][7][gc,phases   ] GC(61)   Other: 0.7ms
[2023-11-15T22:19:48.985+0000][7][gc,heap     ] GC(61) Eden regions: 71->0(70)
[2023-11-15T22:19:48.985+0000][7][gc,heap     ] GC(61) Survivor regions: 3->3(10)
[2023-11-15T22:19:48.985+0000][7][gc,heap     ] GC(61) Old regions: 24->25
[2023-11-15T22:19:48.985+0000][7][gc,heap     ] GC(61) Archive regions: 2->2
[2023-11-15T22:19:48.985+0000][7][gc,heap     ] GC(61) Humongous regions: 5->5
[2023-11-15T22:19:48.985+0000][7][gc,metaspace] GC(61) Metaspace: 116502K(118080K)->116502K(118080K) NonClass: 100988K(101952K)->100988K(101952K) Class: 15513K(16128K)->15513K(16128K)
[2023-11-15T22:19:48.985+0000][7][gc          ] GC(61) Pause Young (Normal) (G1 Evacuation Pause) 413M->130M(512M) 8.802ms
[2023-11-15T22:19:48.985+0000][7][gc,cpu      ] GC(61) User=0.05s Sys=0.00s Real=0.01s
[2023-11-15T22:19:48.985+0000][7][safepoint   ] Safepoint "G1CollectForAllocation", Time since last: 1340994841 ns, Reaching safepoint: 88941 ns, At safepoint: 9006360 ns, Total: 9095301 ns
[2023-11-15T22:19:49.986+0000][7][safepoint   ] Safepoint "Cleanup", Time since last: 1000170505 ns, Reaching safepoint: 163371 ns, At safepoint: 25145 ns, Total: 188516 ns
[2023-11-15T22:19:51.986+0000][7][safepoint   ] Safepoint "Cleanup", Time since last: 2000297908 ns, Reaching safepoint: 82147 ns, At safepoint: 7662 ns, Total: 89809 ns
[2023-11-15T22:19:52.986+0000][7][safepoint   ] Safepoint "Cleanup", Time since last: 1000176481 ns, Reaching safepoint: 209552 ns, At safepoint: 23287 ns, Total: 232839 ns
[2023-11-15T22:19:53.987+0000][7][safepoint   ] Safepoint "Cleanup", Time since last: 1000145825 ns, Reaching safepoint: 39744 ns, At safepoint: 3926 ns, Total: 43670 ns
[2023-11-15T22:19:54.987+0000][7][safepoint   ] Safepoint "Cleanup", Time since last: 1000368020 ns, Reaching safepoint: 166487 ns, At safepoint: 22324 ns, Total: 188811 ns
[2023-11-15T22:19:55.987+0000][7][safepoint   ] Safepoint "Cleanup", Time since last: 1000183200 ns, Reaching safepoint: 79714 ns, At safepoint: 11523 ns, Total: 91237 ns
[2023-11-15T22:19:56.988+0000][7][safepoint   ] Safepoint "Cleanup", Time since last: 1000293395 ns, Reaching safepoint: 131494 ns, At safepoint: 30043 ns, Total: 161537 ns
[2023-11-15T22:19:58.988+0000][7][safepoint   ] Safepoint "Cleanup", Time since last: 2000387551 ns, Reaching safepoint: 138212 ns, At safepoint: 14267 ns, Total: 152479 ns
[2023-11-15T22:19:59.989+0000][7][safepoint   ] Safepoint "Cleanup", Time since last: 1000275633 ns, Reaching safepoint: 193444 ns, At safepoint: 26650 ns, Total: 220094 ns
[2023-11-15T22:20:01.989+0000][7][safepoint   ] Safepoint "Cleanup", Time since last: 2000259472 ns, Reaching safepoint: 127477 ns, At safepoint: 11255 ns, Total: 138732 ns
[2023-11-15T22:20:02.990+0000][7][safepoint   ] Safepoint "Cleanup", Time since last: 1000129933 ns, Reaching safepoint: 80412 ns, At safepoint: 12820 ns, Total: 93232 ns
[2023-11-15T22:20:03.990+0000][7][safepoint   ] Safepoint "Cleanup", Time since last: 1000270593 ns, Reaching safepoint: 87692 ns, At safepoint: 12132 ns, Total: 99824 ns
[2023-11-15T22:20:04.990+0000][7][safepoint   ] Safepoint "Cleanup", Time since last: 1000328050 ns, Reaching safepoint: 137148 ns, At safepoint: 17011 ns, Total: 154159 ns
[2023-11-15T22:20:05.942+0000][7][gc,start    ] GC(62) Pause Young (Normal) (G1 Evacuation Pause)
[2023-11-15T22:20:05.942+0000][7][gc,task     ] GC(62) Using 8 workers of 8 for evacuation
[2023-11-15T22:20:05.943+0000][7][gc,age      ] GC(62) Desired survivor size 20971520 bytes, new threshold 15 (max threshold 15)
[2023-11-15T22:20:05.954+0000][7][gc,age      ] GC(62) Age table with threshold 15 (max threshold 15)
[2023-11-15T22:20:05.954+0000][7][gc,age      ] GC(62) - age   1:    2561144 bytes,    2561144 total
[2023-11-15T22:20:05.954+0000][7][gc,age      ] GC(62) - age   2:    1290824 bytes,    3851968 total
[2023-11-15T22:20:05.954+0000][7][gc,age      ] GC(62) - age   3:     243376 bytes,    4095344 total
[2023-11-15T22:20:05.954+0000][7][gc,age      ] GC(62) - age   4:     410136 bytes,    4505480 total
[2023-11-15T22:20:05.954+0000][7][gc,age      ] GC(62) - age   5:    1313736 bytes,    5819216 total
[2023-11-15T22:20:05.954+0000][7][gc,age      ] GC(62) - age   6:     307472 bytes,    6126688 total
[2023-11-15T22:20:05.954+0000][7][gc,age      ] GC(62) - age   7:     248200 bytes,    6374888 total
[2023-11-15T22:20:05.954+0000][7][gc,age      ] GC(62) - age   8:     273424 bytes,    6648312 total
[2023-11-15T22:20:05.954+0000][7][gc,age      ] GC(62) - age   9:     238280 bytes,    6886592 total
[2023-11-15T22:20:05.954+0000][7][gc,age      ] GC(62) - age  10:     218464 bytes,    7105056 total
[2023-11-15T22:20:05.954+0000][7][gc,age      ] GC(62) - age  11:     338856 bytes,    7443912 total
[2023-11-15T22:20:05.954+0000][7][gc,age      ] GC(62) - age  12:     363416 bytes,    7807328 total
[2023-11-15T22:20:05.954+0000][7][gc,age      ] GC(62) - age  13:    1022880 bytes,    8830208 total
[2023-11-15T22:20:05.954+0000][7][gc,age      ] GC(62) - age  14:     284080 bytes,    9114288 total
[2023-11-15T22:20:05.954+0000][7][gc,age      ] GC(62) - age  15:     238128 bytes,    9352416 total
[2023-11-15T22:20:05.954+0000][7][gc,phases   ] GC(62)   Pre Evacuate Collection Set: 0.2ms
[2023-11-15T22:20:05.954+0000][7][gc,phases   ] GC(62)   Merge Heap Roots: 0.2ms
[2023-11-15T22:20:05.954+0000][7][gc,phases   ] GC(62)   Evacuate Collection Set: 9.5ms
[2023-11-15T22:20:05.954+0000][7][gc,phases   ] GC(62)   Post Evacuate Collection Set: 1.3ms
[2023-11-15T22:20:05.954+0000][7][gc,phases   ] GC(62)   Other: 0.5ms
[2023-11-15T22:20:05.954+0000][7][gc,heap     ] GC(62) Eden regions: 70->0(70)
[2023-11-15T22:20:05.954+0000][7][gc,heap     ] GC(62) Survivor regions: 3->3(10)
[2023-11-15T22:20:05.954+0000][7][gc,heap     ] GC(62) Old regions: 25->25
[2023-11-15T22:20:05.954+0000][7][gc,heap     ] GC(62) Archive regions: 2->2
[2023-11-15T22:20:05.954+0000][7][gc,heap     ] GC(62) Humongous regions: 5->5
[2023-11-15T22:20:05.954+0000][7][gc,metaspace] GC(62) Metaspace: 116520K(118080K)->116520K(118080K) NonClass: 101007K(101952K)->101007K(101952K) Class: 15513K(16128K)->15513K(16128K)
[2023-11-15T22:20:05.954+0000][7][gc          ] GC(62) Pause Young (Normal) (G1 Evacuation Pause) 410M->131M(512M) 11.834ms
[2023-11-15T22:20:05.954+0000][7][gc,cpu      ] GC(62) User=0.04s Sys=0.01s Real=0.01s
[2023-11-15T22:20:05.954+0000][7][safepoint   ] Safepoint "G1CollectForAllocation", Time since last: 951778384 ns, Reaching safepoint: 116356 ns, At safepoint: 11998410 ns, Total: 12114766 ns
[2023-11-15T22:20:06.955+0000][7][safepoint   ] Safepoint "Cleanup", Time since last: 1000137009 ns, Reaching safepoint: 97564 ns, At safepoint: 12928 ns, Total: 110492 ns
[2023-11-15T22:20:07.955+0000][7][safepoint   ] Safepoint "Cleanup", Time since last: 1000230783 ns, Reaching safepoint: 80997 ns, At safepoint: 10630 ns, Total: 91627 ns
[2023-11-15T22:20:08.955+0000][7][safepoint   ] Safepoint "Cleanup", Time since last: 1000150870 ns, Reaching safepoint: 71385 ns, At safepoint: 12705 ns, Total: 84090 ns
[2023-11-15T22:20:09.955+0000][7][safepoint   ] Safepoint "Cleanup", Time since last: 1000161377 ns, Reaching safepoint: 98926 ns, At safepoint: 19075 ns, Total: 118001 ns
[2023-11-15T22:20:10.956+0000][7][safepoint   ] Safepoint "Cleanup", Time since last: 1000237909 ns, Reaching safepoint: 238760 ns, At safepoint: 29780 ns, Total: 268540 ns
[2023-11-15T22:20:11.956+0000][7][safepoint   ] Safepoint "Cleanup", Time since last: 1000223334 ns, Reaching safepoint: 68695 ns, At safepoint: 9973 ns, Total: 78668 ns
[2023-11-15T22:20:13.956+0000][7][safepoint   ] Safepoint "Cleanup", Time since last: 2000265062 ns, Reaching safepoint: 77137 ns, At safepoint: 7154 ns, Total: 84291 ns
[2023-11-15T22:20:14.957+0000][7][safepoint   ] Safepoint "Cleanup", Time since last: 1000227983 ns, Reaching safepoint: 118443 ns, At safepoint: 18215 ns, Total: 136658 ns
[2023-11-15T22:20:16.957+0000][7][safepoint   ] Safepoint "Cleanup", Time since last: 2000262547 ns, Reaching safepoint: 169602 ns, At safepoint: 17105 ns, Total: 186707 ns
[2023-11-15T22:20:17.958+0000][7][safepoint   ] Safepoint "Cleanup", Time since last: 1000249535 ns, Reaching safepoint: 182651 ns, At safepoint: 29979 ns, Total: 212630 ns
[2023-11-15T22:20:19.958+0000][7][safepoint   ] Safepoint "Cleanup", Time since last: 2000448240 ns, Reaching safepoint: 89372 ns, At safepoint: 12911 ns, Total: 102283 ns
[2023-11-15T22:20:21.959+0000][7][safepoint   ] Safepoint "Cleanup", Time since last: 2000396561 ns, Reaching safepoint: 101342 ns, At safepoint: 14028 ns, Total: 115370 ns
[2023-11-15T22:20:22.959+0000][7][safepoint   ] Safepoint "Cleanup", Time since last: 1000208163 ns, Reaching safepoint: 82874 ns, At safepoint: 15641 ns, Total: 98515 ns
[2023-11-15T22:20:23.608+0000][7][gc,start    ] GC(63) Pause Young (Normal) (G1 Evacuation Pause)
[2023-11-15T22:20:23.608+0000][7][gc,task     ] GC(63) Using 8 workers of 8 for evacuation
[2023-11-15T22:20:23.608+0000][7][gc,age      ] GC(63) Desired survivor size 20971520 bytes, new threshold 15 (max threshold 15)
[2023-11-15T22:20:23.624+0000][7][gc,age      ] GC(63) Age table with threshold 15 (max threshold 15)
[2023-11-15T22:20:23.624+0000][7][gc,age      ] GC(63) - age   1:    2555008 bytes,    2555008 total
[2023-11-15T22:20:23.624+0000][7][gc,age      ] GC(63) - age   2:    1514832 bytes,    4069840 total
[2023-11-15T22:20:23.624+0000][7][gc,age      ] GC(63) - age   3:    1145976 bytes,    5215816 total
[2023-11-15T22:20:23.624+0000][7][gc,age      ] GC(63) - age   4:     242456 bytes,    5458272 total
[2023-11-15T22:20:23.624+0000][7][gc,age      ] GC(63) - age   5:     409760 bytes,    5868032 total
[2023-11-15T22:20:23.624+0000][7][gc,age      ] GC(63) - age   6:     267544 bytes,    6135576 total
[2023-11-15T22:20:23.624+0000][7][gc,age      ] GC(63) - age   7:     307472 bytes,    6443048 total
[2023-11-15T22:20:23.624+0000][7][gc,age      ] GC(63) - age   8:     248200 bytes,    6691248 total
[2023-11-15T22:20:23.624+0000][7][gc,age      ] GC(63) - age   9:     273424 bytes,    6964672 total
[2023-11-15T22:20:23.624+0000][7][gc,age      ] GC(63) - age  10:     238280 bytes,    7202952 total
[2023-11-15T22:20:23.624+0000][7][gc,age      ] GC(63) - age  11:     218464 bytes,    7421416 total
[2023-11-15T22:20:23.624+0000][7][gc,age      ] GC(63) - age  12:     338560 bytes,    7759976 total
[2023-11-15T22:20:23.624+0000][7][gc,age      ] GC(63) - age  13:     363416 bytes,    8123392 total
[2023-11-15T22:20:23.624+0000][7][gc,age      ] GC(63) - age  14:    1022880 bytes,    9146272 total
[2023-11-15T22:20:23.624+0000][7][gc,age      ] GC(63) - age  15:     283888 bytes,    9430160 total
[2023-11-15T22:20:23.624+0000][7][gc,phases   ] GC(63)   Pre Evacuate Collection Set: 0.2ms
[2023-11-15T22:20:23.624+0000][7][gc,phases   ] GC(63)   Merge Heap Roots: 0.2ms
[2023-11-15T22:20:23.624+0000][7][gc,phases   ] GC(63)   Evacuate Collection Set: 13.8ms
[2023-11-15T22:20:23.624+0000][7][gc,phases   ] GC(63)   Post Evacuate Collection Set: 1.4ms
[2023-11-15T22:20:23.624+0000][7][gc,phases   ] GC(63)   Other: 0.6ms
[2023-11-15T22:20:23.624+0000][7][gc,heap     ] GC(63) Eden regions: 70->0(70)
[2023-11-15T22:20:23.624+0000][7][gc,heap     ] GC(63) Survivor regions: 3->3(10)
[2023-11-15T22:20:23.624+0000][7][gc,heap     ] GC(63) Old regions: 25->25
[2023-11-15T22:20:23.624+0000][7][gc,heap     ] GC(63) Archive regions: 2->2
[2023-11-15T22:20:23.624+0000][7][gc,heap     ] GC(63) Humongous regions: 5->5
[2023-11-15T22:20:23.624+0000][7][gc,metaspace] GC(63) Metaspace: 116532K(118080K)->116532K(118080K) NonClass: 101019K(101952K)->101019K(101952K) Class: 15513K(16128K)->15513K(16128K)
[2023-11-15T22:20:23.624+0000][7][gc          ] GC(63) Pause Young (Normal) (G1 Evacuation Pause) 410M->131M(512M) 16.221ms
[2023-11-15T22:20:23.624+0000][7][gc,cpu      ] GC(63) User=0.06s Sys=0.01s Real=0.01s
[2023-11-15T22:20:23.624+0000][7][safepoint   ] Safepoint "G1CollectForAllocation", Time since last: 648466509 ns, Reaching safepoint: 108299 ns, At safepoint: 16403651 ns, Total: 16511950 ns
[2023-11-15T22:20:24.624+0000][7][safepoint   ] Safepoint "Cleanup", Time since last: 1000101898 ns, Reaching safepoint: 78122 ns, At safepoint: 9344 ns, Total: 87466 ns
[2023-11-15T22:20:26.625+0000][7][safepoint   ] Safepoint "Cleanup", Time since last: 2000214442 ns, Reaching safepoint: 166646 ns, At safepoint: 19623 ns, Total: 186269 ns
[2023-11-15T22:20:27.625+0000][7][safepoint   ] Safepoint "Cleanup", Time since last: 1000214364 ns, Reaching safepoint: 93077 ns, At safepoint: 11964 ns, Total: 105041 ns
[2023-11-15T22:20:29.625+0000][7][safepoint   ] Safepoint "Cleanup", Time since last: 2000254149 ns, Reaching safepoint: 89034 ns, At safepoint: 12317 ns, Total: 101351 ns
[2023-11-15T22:20:32.626+0000][7][safepoint   ] Safepoint "Cleanup", Time since last: 3000348915 ns, Reaching safepoint: 95072 ns, At safepoint: 11761 ns, Total: 106833 ns
[2023-11-15T22:20:34.626+0000][7][safepoint   ] Safepoint "Cleanup", Time since last: 2000287499 ns, Reaching safepoint: 116785 ns, At safepoint: 11154 ns, Total: 127939 ns
[2023-11-15T22:20:35.627+0000][7][safepoint   ] Safepoint "Cleanup", Time since last: 1000232280 ns, Reaching safepoint: 126540 ns, At safepoint: 62792 ns, Total: 189332 ns
[2023-11-15T22:20:37.627+0000][7][safepoint   ] Safepoint "Cleanup", Time since last: 2000279027 ns, Reaching safepoint: 80431 ns, At safepoint: 17287 ns, Total: 97718 ns
[2023-11-15T22:20:38.627+0000][7][safepoint   ] Safepoint "Cleanup", Time since last: 1000172652 ns, Reaching safepoint: 154582 ns, At safepoint: 16698 ns, Total: 171280 ns
[2023-11-15T22:20:39.628+0000][7][safepoint   ] Safepoint "Cleanup", Time since last: 1000158725 ns, Reaching safepoint: 54085 ns, At safepoint: 5383 ns, Total: 59468 ns
[2023-11-15T22:20:40.740+0000][7][gc,start    ] GC(64) Pause Young (Normal) (G1 Evacuation Pause)
[2023-11-15T22:20:40.740+0000][7][gc,task     ] GC(64) Using 8 workers of 8 for evacuation
[2023-11-15T22:20:40.740+0000][7][gc,age      ] GC(64) Desired survivor size 20971520 bytes, new threshold 15 (max threshold 15)
[2023-11-15T22:20:40.745+0000][7][gc,age      ] GC(64) Age table with threshold 15 (max threshold 15)
[2023-11-15T22:20:40.745+0000][7][gc,age      ] GC(64) - age   1:    1731096 bytes,    1731096 total
[2023-11-15T22:20:40.745+0000][7][gc,age      ] GC(64) - age   2:    1608552 bytes,    3339648 total
[2023-11-15T22:20:40.745+0000][7][gc,age      ] GC(64) - age   3:    1346928 bytes,    4686576 total
[2023-11-15T22:20:40.745+0000][7][gc,age      ] GC(64) - age   4:    1144792 bytes,    5831368 total
[2023-11-15T22:20:40.745+0000][7][gc,age      ] GC(64) - age   5:     241272 bytes,    6072640 total
[2023-11-15T22:20:40.745+0000][7][gc,age      ] GC(64) - age   6:     402696 bytes,    6475336 total
[2023-11-15T22:20:40.745+0000][7][gc,age      ] GC(64) - age   7:     267544 bytes,    6742880 total
[2023-11-15T22:20:40.745+0000][7][gc,age      ] GC(64) - age   8:     307160 bytes,    7050040 total
[2023-11-15T22:20:40.745+0000][7][gc,age      ] GC(64) - age   9:     248136 bytes,    7298176 total
[2023-11-15T22:20:40.745+0000][7][gc,age      ] GC(64) - age  10:     271440 bytes,    7569616 total
[2023-11-15T22:20:40.745+0000][7][gc,age      ] GC(64) - age  11:     238280 bytes,    7807896 total
[2023-11-15T22:20:40.745+0000][7][gc,age      ] GC(64) - age  12:     218464 bytes,    8026360 total
[2023-11-15T22:20:40.745+0000][7][gc,age      ] GC(64) - age  13:     338512 bytes,    8364872 total
[2023-11-15T22:20:40.745+0000][7][gc,age      ] GC(64) - age  14:     363376 bytes,    8728248 total
[2023-11-15T22:20:40.745+0000][7][gc,age      ] GC(64) - age  15:    1022664 bytes,    9750912 total
[2023-11-15T22:20:40.745+0000][7][gc,phases   ] GC(64)   Pre Evacuate Collection Set: 0.1ms
[2023-11-15T22:20:40.745+0000][7][gc,phases   ] GC(64)   Merge Heap Roots: 0.1ms
[2023-11-15T22:20:40.745+0000][7][gc,phases   ] GC(64)   Evacuate Collection Set: 4.0ms
[2023-11-15T22:20:40.745+0000][7][gc,phases   ] GC(64)   Post Evacuate Collection Set: 0.7ms
[2023-11-15T22:20:40.745+0000][7][gc,phases   ] GC(64)   Other: 0.3ms
[2023-11-15T22:20:40.745+0000][7][gc,heap     ] GC(64) Eden regions: 70->0(70)
[2023-11-15T22:20:40.745+0000][7][gc,heap     ] GC(64) Survivor regions: 3->3(10)
[2023-11-15T22:20:40.745+0000][7][gc,heap     ] GC(64) Old regions: 25->25
[2023-11-15T22:20:40.745+0000][7][gc,heap     ] GC(64) Archive regions: 2->2
[2023-11-15T22:20:40.745+0000][7][gc,heap     ] GC(64) Humongous regions: 5->5
[2023-11-15T22:20:40.745+0000][7][gc,metaspace] GC(64) Metaspace: 116536K(118080K)->116536K(118080K) NonClass: 101022K(101952K)->101022K(101952K) Class: 15513K(16128K)->15513K(16128K)
[2023-11-15T22:20:40.746+0000][7][gc          ] GC(64) Pause Young (Normal) (G1 Evacuation Pause) 411M->131M(512M) 5.357ms
[2023-11-15T22:20:40.746+0000][7][gc,cpu      ] GC(64) User=0.03s Sys=0.00s Real=0.01s
[2023-11-15T22:20:40.746+0000][7][safepoint   ] Safepoint "G1CollectForAllocation", Time since last: 1112421376 ns, Reaching safepoint: 71619 ns, At safepoint: 5461114 ns, Total: 5532733 ns
[2023-11-15T22:20:41.746+0000][7][safepoint   ] Safepoint "Cleanup", Time since last: 1000082327 ns, Reaching safepoint: 73811 ns, At safepoint: 6252 ns, Total: 80063 ns
[2023-11-15T22:20:43.746+0000][7][safepoint   ] Safepoint "Cleanup", Time since last: 2000360325 ns, Reaching safepoint: 122543 ns, At safepoint: 27092 ns, Total: 149635 ns
[2023-11-15T22:20:44.747+0000][7][safepoint   ] Safepoint "Cleanup", Time since last: 1000153516 ns, Reaching safepoint: 113613 ns, At safepoint: 10796 ns, Total: 124409 ns
[2023-11-15T22:20:46.747+0000][7][safepoint   ] Safepoint "Cleanup", Time since last: 2000212380 ns, Reaching safepoint: 52273 ns, At safepoint: 7104 ns, Total: 59377 ns
[2023-11-15T22:20:49.747+0000][7][safepoint   ] Safepoint "Cleanup", Time since last: 3000325105 ns, Reaching safepoint: 68796 ns, At safepoint: 8122 ns, Total: 76918 ns
[2023-11-15T22:20:50.747+0000][7][safepoint   ] Safepoint "Cleanup", Time since last: 1000137459 ns, Reaching safepoint: 86932 ns, At safepoint: 19504 ns, Total: 106436 ns
[2023-11-15T22:20:51.748+0000][7][safepoint   ] Safepoint "Cleanup", Time since last: 1000141380 ns, Reaching safepoint: 38782 ns, At safepoint: 4436 ns, Total: 43218 ns
[2023-11-15T22:20:52.748+0000][7][safepoint   ] Safepoint "Cleanup", Time since last: 1000117964 ns, Reaching safepoint: 127922 ns, At safepoint: 17692 ns, Total: 145614 ns
[2023-11-15T22:20:54.748+0000][7][safepoint   ] Safepoint "Cleanup", Time since last: 2000170019 ns, Reaching safepoint: 57158 ns, At safepoint: 6107 ns, Total: 63265 ns
[2023-11-15T22:20:55.748+0000][7][safepoint   ] Safepoint "Cleanup", Time since last: 1000113657 ns, Reaching safepoint: 49115 ns, At safepoint: 5256 ns, Total: 54371 ns
[2023-11-15T22:20:56.749+0000][7][safepoint   ] Safepoint "Cleanup", Time since last: 1000122414 ns, Reaching safepoint: 196918 ns, At safepoint: 19583 ns, Total: 216501 ns
[2023-11-15T22:20:58.724+0000][7][gc,start    ] GC(65) Pause Young (Normal) (G1 Evacuation Pause)
[2023-11-15T22:20:58.724+0000][7][gc,task     ] GC(65) Using 8 workers of 8 for evacuation
[2023-11-15T22:20:58.724+0000][7][gc,age      ] GC(65) Desired survivor size 20971520 bytes, new threshold 15 (max threshold 15)
[2023-11-15T22:20:58.745+0000][7][gc,age      ] GC(65) Age table with threshold 15 (max threshold 15)
[2023-11-15T22:20:58.745+0000][7][gc,age      ] GC(65) - age   1:    1657552 bytes,    1657552 total
[2023-11-15T22:20:58.745+0000][7][gc,age      ] GC(65) - age   2:     546912 bytes,    2204464 total
[2023-11-15T22:20:58.745+0000][7][gc,age      ] GC(65) - age   3:    1482848 bytes,    3687312 total
[2023-11-15T22:20:58.745+0000][7][gc,age      ] GC(65) - age   4:    1345608 bytes,    5032920 total
[2023-11-15T22:20:58.745+0000][7][gc,age      ] GC(65) - age   5:    1144536 bytes,    6177456 total
[2023-11-15T22:20:58.745+0000][7][gc,age      ] GC(65) - age   6:     239232 bytes,    6416688 total
[2023-11-15T22:20:58.745+0000][7][gc,age      ] GC(65) - age   7:     314880 bytes,    6731568 total
[2023-11-15T22:20:58.745+0000][7][gc,age      ] GC(65) - age   8:     267544 bytes,    6999112 total
[2023-11-15T22:20:58.745+0000][7][gc,age      ] GC(65) - age   9:     307160 bytes,    7306272 total
[2023-11-15T22:20:58.745+0000][7][gc,age      ] GC(65) - age  10:     248136 bytes,    7554408 total
[2023-11-15T22:20:58.745+0000][7][gc,age      ] GC(65) - age  11:     271440 bytes,    7825848 total
[2023-11-15T22:20:58.745+0000][7][gc,age      ] GC(65) - age  12:     238280 bytes,    8064128 total
[2023-11-15T22:20:58.745+0000][7][gc,age      ] GC(65) - age  13:     218464 bytes,    8282592 total
[2023-11-15T22:20:58.745+0000][7][gc,age      ] GC(65) - age  14:     338512 bytes,    8621104 total
[2023-11-15T22:20:58.745+0000][7][gc,age      ] GC(65) - age  15:     363376 bytes,    8984480 total
[2023-11-15T22:20:58.745+0000][7][gc,phases   ] GC(65)   Pre Evacuate Collection Set: 0.1ms
[2023-11-15T22:20:58.745+0000][7][gc,phases   ] GC(65)   Merge Heap Roots: 0.0ms
[2023-11-15T22:20:58.745+0000][7][gc,phases   ] GC(65)   Evacuate Collection Set: 14.0ms
[2023-11-15T22:20:58.745+0000][7][gc,phases   ] GC(65)   Post Evacuate Collection Set: 6.9ms
[2023-11-15T22:20:58.745+0000][7][gc,phases   ] GC(65)   Other: 0.2ms
[2023-11-15T22:20:58.745+0000][7][gc,heap     ] GC(65) Eden regions: 70->0(70)
[2023-11-15T22:20:58.745+0000][7][gc,heap     ] GC(65) Survivor regions: 3->3(10)
[2023-11-15T22:20:58.745+0000][7][gc,heap     ] GC(65) Old regions: 25->25
[2023-11-15T22:20:58.745+0000][7][gc,heap     ] GC(65) Archive regions: 2->2
[2023-11-15T22:20:58.745+0000][7][gc,heap     ] GC(65) Humongous regions: 5->5
[2023-11-15T22:20:58.745+0000][7][gc,metaspace] GC(65) Metaspace: 116557K(118144K)->116557K(118144K) NonClass: 101044K(102016K)->101044K(102016K) Class: 15513K(16128K)->15513K(16128K)
[2023-11-15T22:20:58.745+0000][7][gc          ] GC(65) Pause Young (Normal) (G1 Evacuation Pause) 411M->132M(512M) 21.198ms
[2023-11-15T22:20:58.745+0000][7][gc,cpu      ] GC(65) User=0.03s Sys=0.00s Real=0.03s
[2023-11-15T22:20:58.745+0000][7][safepoint   ] Safepoint "G1CollectForAllocation", Time since last: 1975390224 ns, Reaching safepoint: 53601 ns, At safepoint: 21269297 ns, Total: 21322898 ns
[2023-11-15T22:20:59.746+0000][7][safepoint   ] Safepoint "Cleanup", Time since last: 1000168965 ns, Reaching safepoint: 141473 ns, At safepoint: 27502 ns, Total: 168975 ns
[2023-11-15T22:21:01.746+0000][7][safepoint   ] Safepoint "Cleanup", Time since last: 2000382579 ns, Reaching safepoint: 143834 ns, At safepoint: 31123 ns, Total: 174957 ns
[2023-11-15T22:21:02.747+0000][7][safepoint   ] Safepoint "Cleanup", Time since last: 1000292940 ns, Reaching safepoint: 120492 ns, At safepoint: 23493 ns, Total: 143985 ns
[2023-11-15T22:21:04.747+0000][7][safepoint   ] Safepoint "Cleanup", Time since last: 2000257176 ns, Reaching safepoint: 154208 ns, At safepoint: 19854 ns, Total: 174062 ns
[2023-11-15T22:21:06.748+0000][7][safepoint   ] Safepoint "Cleanup", Time since last: 2000239623 ns, Reaching safepoint: 130074 ns, At safepoint: 56058 ns, Total: 186132 ns
[2023-11-15T22:21:07.748+0000][7][safepoint   ] Safepoint "Cleanup", Time since last: 1000692682 ns, Reaching safepoint: 97678 ns, At safepoint: 10946 ns, Total: 108624 ns
[2023-11-15T22:21:09.750+0000][7][safepoint   ] Safepoint "Cleanup", Time since last: 2001845872 ns, Reaching safepoint: 158187 ns, At safepoint: 16361 ns, Total: 174548 ns
[2023-11-15T22:21:10.751+0000][7][safepoint   ] Safepoint "Cleanup", Time since last: 1000153418 ns, Reaching safepoint: 140753 ns, At safepoint: 8169 ns, Total: 148922 ns
[2023-11-15T22:21:11.751+0000][7][safepoint   ] Safepoint "Cleanup", Time since last: 1000159853 ns, Reaching safepoint: 51045 ns, At safepoint: 6192 ns, Total: 57237 ns
[2023-11-15T22:21:13.751+0000][7][safepoint   ] Safepoint "Cleanup", Time since last: 2000258613 ns, Reaching safepoint: 84243 ns, At safepoint: 17394 ns, Total: 101637 ns
[2023-11-15T22:21:14.752+0000][7][safepoint   ] Safepoint "Cleanup", Time since last: 1000196118 ns, Reaching safepoint: 133270 ns, At safepoint: 10748 ns, Total: 144018 ns
[2023-11-15T22:21:16.259+0000][7][gc,start    ] GC(66) Pause Young (Normal) (G1 Evacuation Pause)
[2023-11-15T22:21:16.259+0000][7][gc,task     ] GC(66) Using 8 workers of 8 for evacuation
[2023-11-15T22:21:16.259+0000][7][gc,age      ] GC(66) Desired survivor size 20971520 bytes, new threshold 15 (max threshold 15)
[2023-11-15T22:21:16.266+0000][7][gc,age      ] GC(66) Age table with threshold 15 (max threshold 15)
[2023-11-15T22:21:16.266+0000][7][gc,age      ] GC(66) - age   1:    2283240 bytes,    2283240 total
[2023-11-15T22:21:16.267+0000][7][gc,age      ] GC(66) - age   2:     450240 bytes,    2733480 total
[2023-11-15T22:21:16.267+0000][7][gc,age      ] GC(66) - age   3:     531336 bytes,    3264816 total
[2023-11-15T22:21:16.267+0000][7][gc,age      ] GC(66) - age   4:    1481968 bytes,    4746784 total
[2023-11-15T22:21:16.267+0000][7][gc,age      ] GC(66) - age   5:    1345320 bytes,    6092104 total
[2023-11-15T22:21:16.267+0000][7][gc,age      ] GC(66) - age   6:     304080 bytes,    6396184 total
[2023-11-15T22:21:16.267+0000][7][gc,age      ] GC(66) - age   7:     239232 bytes,    6635416 total
[2023-11-15T22:21:16.267+0000][7][gc,age      ] GC(66) - age   8:     314880 bytes,    6950296 total
[2023-11-15T22:21:16.267+0000][7][gc,age      ] GC(66) - age   9:     267480 bytes,    7217776 total
[2023-11-15T22:21:16.267+0000][7][gc,age      ] GC(66) - age  10:     307160 bytes,    7524936 total
[2023-11-15T22:21:16.267+0000][7][gc,age      ] GC(66) - age  11:     248136 bytes,    7773072 total
[2023-11-15T22:21:16.267+0000][7][gc,age      ] GC(66) - age  12:     271440 bytes,    8044512 total
[2023-11-15T22:21:16.267+0000][7][gc,age      ] GC(66) - age  13:     238280 bytes,    8282792 total
[2023-11-15T22:21:16.267+0000][7][gc,age      ] GC(66) - age  14:     218464 bytes,    8501256 total
[2023-11-15T22:21:16.267+0000][7][gc,age      ] GC(66) - age  15:     338448 bytes,    8839704 total
[2023-11-15T22:21:16.267+0000][7][gc,phases   ] GC(66)   Pre Evacuate Collection Set: 0.2ms
[2023-11-15T22:21:16.267+0000][7][gc,phases   ] GC(66)   Merge Heap Roots: 0.2ms
[2023-11-15T22:21:16.267+0000][7][gc,phases   ] GC(66)   Evacuate Collection Set: 4.9ms
[2023-11-15T22:21:16.267+0000][7][gc,phases   ] GC(66)   Post Evacuate Collection Set: 1.6ms
[2023-11-15T22:21:16.267+0000][7][gc,phases   ] GC(66)   Other: 0.8ms
[2023-11-15T22:21:16.267+0000][7][gc,heap     ] GC(66) Eden regions: 70->0(70)
[2023-11-15T22:21:16.267+0000][7][gc,heap     ] GC(66) Survivor regions: 3->3(10)
[2023-11-15T22:21:16.267+0000][7][gc,heap     ] GC(66) Old regions: 25->25
[2023-11-15T22:21:16.267+0000][7][gc,heap     ] GC(66) Archive regions: 2->2
[2023-11-15T22:21:16.267+0000][7][gc,heap     ] GC(66) Humongous regions: 5->5
[2023-11-15T22:21:16.267+0000][7][gc,metaspace] GC(66) Metaspace: 116567K(118144K)->116567K(118144K) NonClass: 101053K(102016K)->101053K(102016K) Class: 15513K(16128K)->15513K(16128K)
[2023-11-15T22:21:16.267+0000][7][gc          ] GC(66) Pause Young (Normal) (G1 Evacuation Pause) 412M->132M(512M) 7.783ms
[2023-11-15T22:21:16.267+0000][7][gc,cpu      ] GC(66) User=0.05s Sys=0.00s Real=0.01s
[2023-11-15T22:21:16.267+0000][7][safepoint   ] Safepoint "G1CollectForAllocation", Time since last: 1507568478 ns, Reaching safepoint: 81413 ns, At safepoint: 8004619 ns, Total: 8086032 ns
[2023-11-15T22:21:17.267+0000][7][safepoint   ] Safepoint "Cleanup", Time since last: 1000104382 ns, Reaching safepoint: 37853 ns, At safepoint: 4612 ns, Total: 42465 ns
[2023-11-15T22:21:19.268+0000][7][safepoint   ] Safepoint "Cleanup", Time since last: 2000204362 ns, Reaching safepoint: 70817 ns, At safepoint: 10285 ns, Total: 81102 ns
[2023-11-15T22:21:20.268+0000][7][safepoint   ] Safepoint "Cleanup", Time since last: 1000189155 ns, Reaching safepoint: 72981 ns, At safepoint: 9509 ns, Total: 82490 ns
[2023-11-15T22:21:22.268+0000][7][safepoint   ] Safepoint "Cleanup", Time since last: 2000300638 ns, Reaching safepoint: 111888 ns, At safepoint: 17493 ns, Total: 129381 ns
[2023-11-15T22:21:23.269+0000][7][safepoint   ] Safepoint "Cleanup", Time since last: 1000385073 ns, Reaching safepoint: 101518 ns, At safepoint: 20127 ns, Total: 121645 ns
[2023-11-15T22:21:24.269+0000][7][safepoint   ] Safepoint "Cleanup", Time since last: 1000234489 ns, Reaching safepoint: 103493 ns, At safepoint: 12775 ns, Total: 116268 ns
[2023-11-15T22:21:26.270+0000][7][safepoint   ] Safepoint "Cleanup", Time since last: 2000403989 ns, Reaching safepoint: 79314 ns, At safepoint: 10354 ns, Total: 89668 ns
[2023-11-15T22:21:27.270+0000][7][safepoint   ] Safepoint "Cleanup", Time since last: 1000141335 ns, Reaching safepoint: 60921 ns, At safepoint: 6048 ns, Total: 66969 ns
[2023-11-15T22:21:29.270+0000][7][safepoint   ] Safepoint "Cleanup", Time since last: 2000322971 ns, Reaching safepoint: 203373 ns, At safepoint: 15813 ns, Total: 219186 ns
[2023-11-15T22:21:30.271+0000][7][safepoint   ] Safepoint "Cleanup", Time since last: 1000298185 ns, Reaching safepoint: 117810 ns, At safepoint: 11187 ns, Total: 128997 ns
[2023-11-15T22:21:32.271+0000][7][safepoint   ] Safepoint "Cleanup", Time since last: 2000279948 ns, Reaching safepoint: 53774 ns, At safepoint: 3478 ns, Total: 57252 ns
[2023-11-15T22:21:32.723+0000][7][safepoint   ] Safepoint "G1CollectForAllocation", Time since last: 452104475 ns, Reaching safepoint: 77053 ns, At safepoint: 31632 ns, Total: 108685 ns
[2023-11-15T22:21:32.724+0000][7][gc,start    ] GC(67) Pause Young (Normal) (GCLocker Initiated GC)
[2023-11-15T22:21:32.724+0000][7][gc,task     ] GC(67) Using 8 workers of 8 for evacuation
[2023-11-15T22:21:32.724+0000][7][gc,age      ] GC(67) Desired survivor size 20971520 bytes, new threshold 15 (max threshold 15)
[2023-11-15T22:21:32.733+0000][7][gc,age      ] GC(67) Age table with threshold 15 (max threshold 15)
[2023-11-15T22:21:32.733+0000][7][gc,age      ] GC(67) - age   1:    2463544 bytes,    2463544 total
[2023-11-15T22:21:32.733+0000][7][gc,age      ] GC(67) - age   2:    1298888 bytes,    3762432 total
[2023-11-15T22:21:32.733+0000][7][gc,age      ] GC(67) - age   3:     448768 bytes,    4211200 total
[2023-11-15T22:21:32.733+0000][7][gc,age      ] GC(67) - age   4:     529968 bytes,    4741168 total
[2023-11-15T22:21:32.733+0000][7][gc,age      ] GC(67) - age   5:    1481752 bytes,    6222920 total
[2023-11-15T22:21:32.733+0000][7][gc,age      ] GC(67) - age   6:     435616 bytes,    6658536 total
[2023-11-15T22:21:32.733+0000][7][gc,age      ] GC(67) - age   7:     300512 bytes,    6959048 total
[2023-11-15T22:21:32.733+0000][7][gc,age      ] GC(67) - age   8:     239232 bytes,    7198280 total
[2023-11-15T22:21:32.733+0000][7][gc,age      ] GC(67) - age   9:     314880 bytes,    7513160 total
[2023-11-15T22:21:32.733+0000][7][gc,age      ] GC(67) - age  10:     267480 bytes,    7780640 total
[2023-11-15T22:21:32.733+0000][7][gc,age      ] GC(67) - age  11:     307096 bytes,    8087736 total
[2023-11-15T22:21:32.733+0000][7][gc,age      ] GC(67) - age  12:     248136 bytes,    8335872 total
[2023-11-15T22:21:32.733+0000][7][gc,age      ] GC(67) - age  13:     271440 bytes,    8607312 total
[2023-11-15T22:21:32.733+0000][7][gc,age      ] GC(67) - age  14:     238280 bytes,    8845592 total
[2023-11-15T22:21:32.733+0000][7][gc,age      ] GC(67) - age  15:     218464 bytes,    9064056 total
[2023-11-15T22:21:32.734+0000][7][gc,phases   ] GC(67)   Pre Evacuate Collection Set: 0.2ms
[2023-11-15T22:21:32.734+0000][7][gc,phases   ] GC(67)   Merge Heap Roots: 0.2ms
[2023-11-15T22:21:32.734+0000][7][gc,phases   ] GC(67)   Evacuate Collection Set: 6.8ms
[2023-11-15T22:21:32.734+0000][7][gc,phases   ] GC(67)   Post Evacuate Collection Set: 1.4ms
[2023-11-15T22:21:32.734+0000][7][gc,phases   ] GC(67)   Other: 0.8ms
[2023-11-15T22:21:32.734+0000][7][gc,heap     ] GC(67) Eden regions: 70->0(70)
[2023-11-15T22:21:32.734+0000][7][gc,heap     ] GC(67) Survivor regions: 3->3(10)
[2023-11-15T22:21:32.734+0000][7][gc,heap     ] GC(67) Old regions: 25->25
[2023-11-15T22:21:32.734+0000][7][gc,heap     ] GC(67) Archive regions: 2->2
[2023-11-15T22:21:32.734+0000][7][gc,heap     ] GC(67) Humongous regions: 5->5
[2023-11-15T22:21:32.734+0000][7][gc,metaspace] GC(67) Metaspace: 116579K(118208K)->116579K(118208K) NonClass: 101065K(102080K)->101065K(102080K) Class: 15513K(16128K)->15513K(16128K)
[2023-11-15T22:21:32.734+0000][7][gc          ] GC(67) Pause Young (Normal) (GCLocker Initiated GC) 412M->132M(512M) 9.564ms
[2023-11-15T22:21:32.734+0000][7][gc,cpu      ] GC(67) User=0.05s Sys=0.00s Real=0.01s
[2023-11-15T22:21:32.734+0000][7][safepoint   ] Safepoint "G1CollectForAllocation", Time since last: 541511 ns, Reaching safepoint: 129501 ns, At safepoint: 9772129 ns, Total: 9901630 ns
[2023-11-15T22:21:33.734+0000][7][safepoint   ] Safepoint "Cleanup", Time since last: 1000125741 ns, Reaching safepoint: 129889 ns, At safepoint: 22317 ns, Total: 152206 ns
[2023-11-15T22:21:34.734+0000][7][safepoint   ] Safepoint "Cleanup", Time since last: 1000280149 ns, Reaching safepoint: 43538 ns, At safepoint: 4796 ns, Total: 48334 ns
[2023-11-15T22:21:35.735+0000][7][safepoint   ] Safepoint "Cleanup", Time since last: 1000086962 ns, Reaching safepoint: 32965 ns, At safepoint: 6417 ns, Total: 39382 ns
[2023-11-15T22:21:36.735+0000][7][safepoint   ] Safepoint "Cleanup", Time since last: 1000159214 ns, Reaching safepoint: 206192 ns, At safepoint: 15054 ns, Total: 221246 ns
[2023-11-15T22:21:37.735+0000][7][safepoint   ] Safepoint "Cleanup", Time since last: 1000145858 ns, Reaching safepoint: 42933 ns, At safepoint: 3830 ns, Total: 46763 ns
[2023-11-15T22:21:39.736+0000][7][safepoint   ] Safepoint "Cleanup", Time since last: 2000259325 ns, Reaching safepoint: 101373 ns, At safepoint: 19315 ns, Total: 120688 ns
[2023-11-15T22:21:40.736+0000][7][safepoint   ] Safepoint "Cleanup", Time since last: 1000105844 ns, Reaching safepoint: 37142 ns, At safepoint: 5239 ns, Total: 42381 ns
[2023-11-15T22:21:41.736+0000][7][safepoint   ] Safepoint "Cleanup", Time since last: 1000149758 ns, Reaching safepoint: 74888 ns, At safepoint: 12065 ns, Total: 86953 ns
[2023-11-15T22:21:42.736+0000][7][safepoint   ] Safepoint "Cleanup", Time since last: 1000184548 ns, Reaching safepoint: 131285 ns, At safepoint: 20021 ns, Total: 151306 ns
[2023-11-15T22:21:43.737+0000][7][safepoint   ] Safepoint "Cleanup", Time since last: 1000230791 ns, Reaching safepoint: 111462 ns, At safepoint: 20412 ns, Total: 131874 ns
[2023-11-15T22:21:44.737+0000][7][safepoint   ] Safepoint "Cleanup", Time since last: 1000224073 ns, Reaching safepoint: 115380 ns, At safepoint: 12929 ns, Total: 128309 ns
[2023-11-15T22:21:46.737+0000][7][safepoint   ] Safepoint "Cleanup", Time since last: 2000280652 ns, Reaching safepoint: 84764 ns, At safepoint: 13512 ns, Total: 98276 ns
[2023-11-15T22:21:49.701+0000][7][gc,start    ] GC(68) Pause Young (Normal) (G1 Evacuation Pause)
[2023-11-15T22:21:49.701+0000][7][gc,task     ] GC(68) Using 8 workers of 8 for evacuation
[2023-11-15T22:21:49.701+0000][7][gc,age      ] GC(68) Desired survivor size 20971520 bytes, new threshold 15 (max threshold 15)
[2023-11-15T22:21:49.712+0000][7][gc,age      ] GC(68) Age table with threshold 15 (max threshold 15)
[2023-11-15T22:21:49.712+0000][7][gc,age      ] GC(68) - age   1:    3261112 bytes,    3261112 total
[2023-11-15T22:21:49.712+0000][7][gc,age      ] GC(68) - age   2:    1512688 bytes,    4773800 total
[2023-11-15T22:21:49.712+0000][7][gc,age      ] GC(68) - age   3:    1283064 bytes,    6056864 total
[2023-11-15T22:21:49.712+0000][7][gc,age      ] GC(68) - age   4:     448448 bytes,    6505312 total
[2023-11-15T22:21:49.712+0000][7][gc,age      ] GC(68) - age   5:     379184 bytes,    6884496 total
[2023-11-15T22:21:49.712+0000][7][gc,age      ] GC(68) - age   6:     304864 bytes,    7189360 total
[2023-11-15T22:21:49.712+0000][7][gc,age      ] GC(68) - age   7:     432336 bytes,    7621696 total
[2023-11-15T22:21:49.712+0000][7][gc,age      ] GC(68) - age   8:     300384 bytes,    7922080 total
[2023-11-15T22:21:49.712+0000][7][gc,age      ] GC(68) - age   9:     239232 bytes,    8161312 total
[2023-11-15T22:21:49.712+0000][7][gc,age      ] GC(68) - age  10:     314880 bytes,    8476192 total
[2023-11-15T22:21:49.712+0000][7][gc,age      ] GC(68) - age  11:     267480 bytes,    8743672 total
[2023-11-15T22:21:49.712+0000][7][gc,age      ] GC(68) - age  12:     307096 bytes,    9050768 total
[2023-11-15T22:21:49.712+0000][7][gc,age      ] GC(68) - age  13:     248136 bytes,    9298904 total
[2023-11-15T22:21:49.712+0000][7][gc,age      ] GC(68) - age  14:     271440 bytes,    9570344 total
[2023-11-15T22:21:49.712+0000][7][gc,age      ] GC(68) - age  15:     238280 bytes,    9808624 total
[2023-11-15T22:21:49.712+0000][7][gc,phases   ] GC(68)   Pre Evacuate Collection Set: 0.1ms
[2023-11-15T22:21:49.712+0000][7][gc,phases   ] GC(68)   Merge Heap Roots: 0.1ms
[2023-11-15T22:21:49.712+0000][7][gc,phases   ] GC(68)   Evacuate Collection Set: 10.7ms
[2023-11-15T22:21:49.712+0000][7][gc,phases   ] GC(68)   Post Evacuate Collection Set: 0.5ms
[2023-11-15T22:21:49.712+0000][7][gc,phases   ] GC(68)   Other: 0.3ms
[2023-11-15T22:21:49.712+0000][7][gc,heap     ] GC(68) Eden regions: 70->0(69)
[2023-11-15T22:21:49.712+0000][7][gc,heap     ] GC(68) Survivor regions: 3->3(10)
[2023-11-15T22:21:49.712+0000][7][gc,heap     ] GC(68) Old regions: 25->26
[2023-11-15T22:21:49.712+0000][7][gc,heap     ] GC(68) Archive regions: 2->2
[2023-11-15T22:21:49.712+0000][7][gc,heap     ] GC(68) Humongous regions: 5->5
[2023-11-15T22:21:49.712+0000][7][gc,metaspace] GC(68) Metaspace: 116622K(118272K)->116622K(118272K) NonClass: 101107K(102144K)->101107K(102144K) Class: 15515K(16128K)->15515K(16128K)
[2023-11-15T22:21:49.712+0000][7][gc          ] GC(68) Pause Young (Normal) (G1 Evacuation Pause) 412M->133M(512M) 11.697ms
[2023-11-15T22:21:49.712+0000][7][gc,cpu      ] GC(68) User=0.03s Sys=0.00s Real=0.01s
[2023-11-15T22:21:49.712+0000][7][safepoint   ] Safepoint "G1CollectForAllocation", Time since last: 2963185992 ns, Reaching safepoint: 57975 ns, At safepoint: 11785994 ns, Total: 11843969 ns
[2023-11-15T22:21:50.713+0000][7][safepoint   ] Safepoint "Cleanup", Time since last: 1000097832 ns, Reaching safepoint: 75791 ns, At safepoint: 10445 ns, Total: 86236 ns
[2023-11-15T22:21:51.713+0000][7][safepoint   ] Safepoint "Cleanup", Time since last: 1000214048 ns, Reaching safepoint: 176061 ns, At safepoint: 13705 ns, Total: 189766 ns
[2023-11-15T22:21:52.713+0000][7][safepoint   ] Safepoint "Cleanup", Time since last: 1000132043 ns, Reaching safepoint: 47468 ns, At safepoint: 4806 ns, Total: 52274 ns
[2023-11-15T22:21:53.714+0000][7][safepoint   ] Safepoint "Cleanup", Time since last: 1000356195 ns, Reaching safepoint: 136896 ns, At safepoint: 18535 ns, Total: 155431 ns
[2023-11-15T22:21:54.714+0000][7][safepoint   ] Safepoint "Cleanup", Time since last: 1000189741 ns, Reaching safepoint: 104640 ns, At safepoint: 16011 ns, Total: 120651 ns
[2023-11-15T22:21:55.714+0000][7][safepoint   ] Safepoint "Cleanup", Time since last: 1000174291 ns, Reaching safepoint: 92212 ns, At safepoint: 11558 ns, Total: 103770 ns
[2023-11-15T22:21:56.715+0000][7][safepoint   ] Safepoint "Cleanup", Time since last: 1000218766 ns, Reaching safepoint: 120243 ns, At safepoint: 14785 ns, Total: 135028 ns
[2023-11-15T22:21:58.715+0000][7][safepoint   ] Safepoint "Cleanup", Time since last: 2000260440 ns, Reaching safepoint: 36428 ns, At safepoint: 3593 ns, Total: 40021 ns
[2023-11-15T22:21:59.715+0000][7][safepoint   ] Safepoint "Cleanup", Time since last: 1000127532 ns, Reaching safepoint: 101432 ns, At safepoint: 20143 ns, Total: 121575 ns
[2023-11-15T22:22:00.716+0000][7][safepoint   ] Safepoint "Cleanup", Time since last: 1000223956 ns, Reaching safepoint: 129916 ns, At safepoint: 18603 ns, Total: 148519 ns
[2023-11-15T22:22:01.716+0000][7][safepoint   ] Safepoint "Cleanup", Time since last: 1000163332 ns, Reaching safepoint: 153606 ns, At safepoint: 17638 ns, Total: 171244 ns
[2023-11-15T22:22:04.716+0000][7][safepoint   ] Safepoint "Cleanup", Time since last: 3000527732 ns, Reaching safepoint: 38788 ns, At safepoint: 4229 ns, Total: 43017 ns
[2023-11-15T22:22:05.717+0000][7][safepoint   ] Safepoint "Cleanup", Time since last: 1000102840 ns, Reaching safepoint: 108050 ns, At safepoint: 8752 ns, Total: 116802 ns
[2023-11-15T22:22:06.254+0000][7][gc,start    ] GC(69) Pause Young (Normal) (G1 Evacuation Pause)
[2023-11-15T22:22:06.254+0000][7][gc,task     ] GC(69) Using 8 workers of 8 for evacuation
[2023-11-15T22:22:06.254+0000][7][gc,age      ] GC(69) Desired survivor size 18874368 bytes, new threshold 15 (max threshold 15)
[2023-11-15T22:22:06.260+0000][7][gc,age      ] GC(69) Age table with threshold 15 (max threshold 15)
[2023-11-15T22:22:06.260+0000][7][gc,age      ] GC(69) - age   1:     570136 bytes,     570136 total
[2023-11-15T22:22:06.260+0000][7][gc,age      ] GC(69) - age   2:    2155832 bytes,    2725968 total
[2023-11-15T22:22:06.260+0000][7][gc,age      ] GC(69) - age   3:    1363968 bytes,    4089936 total
[2023-11-15T22:22:06.260+0000][7][gc,age      ] GC(69) - age   4:    1282712 bytes,    5372648 total
[2023-11-15T22:22:06.260+0000][7][gc,age      ] GC(69) - age   5:     448384 bytes,    5821032 total
[2023-11-15T22:22:06.260+0000][7][gc,age      ] GC(69) - age   6:     378872 bytes,    6199904 total
[2023-11-15T22:22:06.260+0000][7][gc,age      ] GC(69) - age   7:     304816 bytes,    6504720 total
[2023-11-15T22:22:06.260+0000][7][gc,age      ] GC(69) - age   8:     316240 bytes,    6820960 total
[2023-11-15T22:22:06.260+0000][7][gc,age      ] GC(69) - age   9:     300384 bytes,    7121344 total
[2023-11-15T22:22:06.260+0000][7][gc,age      ] GC(69) - age  10:     239200 bytes,    7360544 total
[2023-11-15T22:22:06.260+0000][7][gc,age      ] GC(69) - age  11:     314880 bytes,    7675424 total
[2023-11-15T22:22:06.260+0000][7][gc,age      ] GC(69) - age  12:     267480 bytes,    7942904 total
[2023-11-15T22:22:06.260+0000][7][gc,age      ] GC(69) - age  13:     307096 bytes,    8250000 total
[2023-11-15T22:22:06.260+0000][7][gc,age      ] GC(69) - age  14:     248136 bytes,    8498136 total
[2023-11-15T22:22:06.260+0000][7][gc,age      ] GC(69) - age  15:     271440 bytes,    8769576 total
[2023-11-15T22:22:06.260+0000][7][gc,phases   ] GC(69)   Pre Evacuate Collection Set: 0.2ms
[2023-11-15T22:22:06.260+0000][7][gc,phases   ] GC(69)   Merge Heap Roots: 0.2ms
[2023-11-15T22:22:06.260+0000][7][gc,phases   ] GC(69)   Evacuate Collection Set: 3.9ms
[2023-11-15T22:22:06.260+0000][7][gc,phases   ] GC(69)   Post Evacuate Collection Set: 1.1ms
[2023-11-15T22:22:06.260+0000][7][gc,phases   ] GC(69)   Other: 0.5ms
[2023-11-15T22:22:06.260+0000][7][gc,heap     ] GC(69) Eden regions: 69->0(69)
[2023-11-15T22:22:06.260+0000][7][gc,heap     ] GC(69) Survivor regions: 3->3(9)
[2023-11-15T22:22:06.260+0000][7][gc,heap     ] GC(69) Old regions: 26->26
[2023-11-15T22:22:06.260+0000][7][gc,heap     ] GC(69) Archive regions: 2->2
[2023-11-15T22:22:06.260+0000][7][gc,heap     ] GC(69) Humongous regions: 5->5
[2023-11-15T22:22:06.260+0000][7][gc,metaspace] GC(69) Metaspace: 116627K(118272K)->116627K(118272K) NonClass: 101111K(102144K)->101111K(102144K) Class: 15515K(16128K)->15515K(16128K)
[2023-11-15T22:22:06.260+0000][7][gc          ] GC(69) Pause Young (Normal) (G1 Evacuation Pause) 409M->132M(512M) 6.011ms
[2023-11-15T22:22:06.260+0000][7][gc,cpu      ] GC(69) User=0.02s Sys=0.01s Real=0.01s
[2023-11-15T22:22:06.260+0000][7][safepoint   ] Safepoint "G1CollectForAllocation", Time since last: 537383564 ns, Reaching safepoint: 91942 ns, At safepoint: 6177018 ns, Total: 6268960 ns
[2023-11-15T22:22:07.261+0000][7][safepoint   ] Safepoint "Cleanup", Time since last: 1000190221 ns, Reaching safepoint: 126993 ns, At safepoint: 21395 ns, Total: 148388 ns
[2023-11-15T22:22:08.261+0000][7][safepoint   ] Safepoint "Cleanup", Time since last: 1000208276 ns, Reaching safepoint: 97482 ns, At safepoint: 57780 ns, Total: 155262 ns
[2023-11-15T22:22:09.261+0000][7][safepoint   ] Safepoint "Cleanup", Time since last: 1000209744 ns, Reaching safepoint: 105664 ns, At safepoint: 23632 ns, Total: 129296 ns
[2023-11-15T22:22:11.262+0000][7][safepoint   ] Safepoint "Cleanup", Time since last: 2000257037 ns, Reaching safepoint: 210746 ns, At safepoint: 30267 ns, Total: 241013 ns
[2023-11-15T22:22:12.262+0000][7][safepoint   ] Safepoint "Cleanup", Time since last: 1000176105 ns, Reaching safepoint: 93261 ns, At safepoint: 14648 ns, Total: 107909 ns
[2023-11-15T22:22:13.262+0000][7][safepoint   ] Safepoint "Cleanup", Time since last: 1000210344 ns, Reaching safepoint: 72280 ns, At safepoint: 11555 ns, Total: 83835 ns
[2023-11-15T22:22:14.263+0000][7][safepoint   ] Safepoint "Cleanup", Time since last: 1000187980 ns, Reaching safepoint: 46605 ns, At safepoint: 7140 ns, Total: 53745 ns
[2023-11-15T22:22:17.263+0000][7][safepoint   ] Safepoint "Cleanup", Time since last: 3000382317 ns, Reaching safepoint: 129741 ns, At safepoint: 9673 ns, Total: 139414 ns
[2023-11-15T22:22:19.264+0000][7][safepoint   ] Safepoint "Cleanup", Time since last: 2000282922 ns, Reaching safepoint: 144958 ns, At safepoint: 25311 ns, Total: 170269 ns
[2023-11-15T22:22:20.264+0000][7][safepoint   ] Safepoint "Cleanup", Time since last: 1000196023 ns, Reaching safepoint: 106786 ns, At safepoint: 15596 ns, Total: 122382 ns
[2023-11-15T22:22:22.264+0000][7][safepoint   ] Safepoint "Cleanup", Time since last: 2000315164 ns, Reaching safepoint: 98350 ns, At safepoint: 13489 ns, Total: 111839 ns
[2023-11-15T22:22:23.265+0000][7][safepoint   ] Safepoint "Cleanup", Time since last: 1000214279 ns, Reaching safepoint: 148526 ns, At safepoint: 18506 ns, Total: 167032 ns
[2023-11-15T22:22:24.265+0000][7][safepoint   ] Safepoint "Cleanup", Time since last: 1000314700 ns, Reaching safepoint: 180023 ns, At safepoint: 23443 ns, Total: 203466 ns
[2023-11-15T22:22:25.711+0000][7][gc,start    ] GC(70) Pause Young (Normal) (G1 Evacuation Pause)
[2023-11-15T22:22:25.711+0000][7][gc,task     ] GC(70) Using 8 workers of 8 for evacuation
[2023-11-15T22:22:25.711+0000][7][gc,age      ] GC(70) Desired survivor size 18874368 bytes, new threshold 15 (max threshold 15)
[2023-11-15T22:22:25.715+0000][7][gc,age      ] GC(70) Age table with threshold 15 (max threshold 15)
[2023-11-15T22:22:25.715+0000][7][gc,age      ] GC(70) - age   1:    1974928 bytes,    1974928 total
[2023-11-15T22:22:25.715+0000][7][gc,age      ] GC(70) - age   2:     517640 bytes,    2492568 total
[2023-11-15T22:22:25.715+0000][7][gc,age      ] GC(70) - age   3:    2149528 bytes,    4642096 total
[2023-11-15T22:22:25.715+0000][7][gc,age      ] GC(70) - age   4:    1363464 bytes,    6005560 total
[2023-11-15T22:22:25.715+0000][7][gc,age      ] GC(70) - age   5:    1282528 bytes,    7288088 total
[2023-11-15T22:22:25.715+0000][7][gc,age      ] GC(70) - age   6:     448320 bytes,    7736408 total
[2023-11-15T22:22:25.715+0000][7][gc,age      ] GC(70) - age   7:     370872 bytes,    8107280 total
[2023-11-15T22:22:25.715+0000][7][gc,age      ] GC(70) - age   8:     304816 bytes,    8412096 total
[2023-11-15T22:22:25.715+0000][7][gc,age      ] GC(70) - age   9:     316240 bytes,    8728336 total
[2023-11-15T22:22:25.715+0000][7][gc,age      ] GC(70) - age  10:     300384 bytes,    9028720 total
[2023-11-15T22:22:25.715+0000][7][gc,age      ] GC(70) - age  11:     239200 bytes,    9267920 total
[2023-11-15T22:22:25.715+0000][7][gc,age      ] GC(70) - age  12:     314880 bytes,    9582800 total
[2023-11-15T22:22:25.715+0000][7][gc,age      ] GC(70) - age  13:     267480 bytes,    9850280 total
[2023-11-15T22:22:25.715+0000][7][gc,age      ] GC(70) - age  14:     307096 bytes,   10157376 total
[2023-11-15T22:22:25.715+0000][7][gc,age      ] GC(70) - age  15:     248136 bytes,   10405512 total
[2023-11-15T22:22:25.715+0000][7][gc,phases   ] GC(70)   Pre Evacuate Collection Set: 0.1ms
[2023-11-15T22:22:25.715+0000][7][gc,phases   ] GC(70)   Merge Heap Roots: 0.1ms
[2023-11-15T22:22:25.715+0000][7][gc,phases   ] GC(70)   Evacuate Collection Set: 3.5ms
[2023-11-15T22:22:25.715+0000][7][gc,phases   ] GC(70)   Post Evacuate Collection Set: 0.6ms
[2023-11-15T22:22:25.715+0000][7][gc,phases   ] GC(70)   Other: 0.3ms
[2023-11-15T22:22:25.715+0000][7][gc,heap     ] GC(70) Eden regions: 69->0(69)
[2023-11-15T22:22:25.715+0000][7][gc,heap     ] GC(70) Survivor regions: 3->3(9)
[2023-11-15T22:22:25.715+0000][7][gc,heap     ] GC(70) Old regions: 26->26
[2023-11-15T22:22:25.715+0000][7][gc,heap     ] GC(70) Archive regions: 2->2
[2023-11-15T22:22:25.715+0000][7][gc,heap     ] GC(70) Humongous regions: 5->5
[2023-11-15T22:22:25.715+0000][7][gc,metaspace] GC(70) Metaspace: 116642K(118272K)->116642K(118272K) NonClass: 101127K(102144K)->101127K(102144K) Class: 15515K(16128K)->15515K(16128K)
[2023-11-15T22:22:25.715+0000][7][gc          ] GC(70) Pause Young (Normal) (G1 Evacuation Pause) 408M->134M(512M) 4.523ms
[2023-11-15T22:22:25.715+0000][7][gc,cpu      ] GC(70) User=0.02s Sys=0.00s Real=0.01s
[2023-11-15T22:22:25.715+0000][7][safepoint   ] Safepoint "G1CollectForAllocation", Time since last: 1445068723 ns, Reaching safepoint: 138946 ns, At safepoint: 4655726 ns, Total: 4794672 ns
[2023-11-15T22:22:26.715+0000][7][safepoint   ] Safepoint "Cleanup", Time since last: 1000111589 ns, Reaching safepoint: 125034 ns, At safepoint: 14624 ns, Total: 139658 ns
[2023-11-15T22:22:28.716+0000][7][safepoint   ] Safepoint "Cleanup", Time since last: 2000306169 ns, Reaching safepoint: 72032 ns, At safepoint: 3637 ns, Total: 75669 ns
[2023-11-15T22:22:29.716+0000][7][safepoint   ] Safepoint "Cleanup", Time since last: 1000123239 ns, Reaching safepoint: 123377 ns, At safepoint: 16871 ns, Total: 140248 ns
[2023-11-15T22:22:31.717+0000][7][safepoint   ] Safepoint "Cleanup", Time since last: 2000321788 ns, Reaching safepoint: 171598 ns, At safepoint: 39471 ns, Total: 211069 ns
[2023-11-15T22:22:34.717+0000][7][safepoint   ] Safepoint "Cleanup", Time since last: 3000319031 ns, Reaching safepoint: 41646 ns, At safepoint: 5035 ns, Total: 46681 ns
[2023-11-15T22:22:35.717+0000][7][safepoint   ] Safepoint "Cleanup", Time since last: 1000191617 ns, Reaching safepoint: 113874 ns, At safepoint: 14413 ns, Total: 128287 ns
[2023-11-15T22:22:36.718+0000][7][safepoint   ] Safepoint "Cleanup", Time since last: 1000203851 ns, Reaching safepoint: 198018 ns, At safepoint: 36319 ns, Total: 234337 ns
[2023-11-15T22:22:37.718+0000][7][safepoint   ] Safepoint "Cleanup", Time since last: 1000388216 ns, Reaching safepoint: 92206 ns, At safepoint: 10071 ns, Total: 102277 ns
[2023-11-15T22:22:39.719+0000][7][safepoint   ] Safepoint "Cleanup", Time since last: 2000279985 ns, Reaching safepoint: 89832 ns, At safepoint: 8560 ns, Total: 98392 ns
[2023-11-15T22:22:40.719+0000][7][safepoint   ] Safepoint "Cleanup", Time since last: 1000155322 ns, Reaching safepoint: 146346 ns, At safepoint: 12881 ns, Total: 159227 ns
[2023-11-15T22:22:42.148+0000][7][safepoint   ] Safepoint "Cleanup", Time since last: 1428980471 ns, Reaching safepoint: 135457 ns, At safepoint: 24778 ns, Total: 160235 ns
[2023-11-15T22:22:43.785+0000][7][gc,start    ] GC(71) Pause Young (Normal) (G1 Evacuation Pause)
[2023-11-15T22:22:43.786+0000][7][gc,task     ] GC(71) Using 8 workers of 8 for evacuation
[2023-11-15T22:22:43.786+0000][7][gc,age      ] GC(71) Desired survivor size 18874368 bytes, new threshold 15 (max threshold 15)
[2023-11-15T22:22:43.792+0000][7][gc,age      ] GC(71) Age table with threshold 15 (max threshold 15)
[2023-11-15T22:22:43.792+0000][7][gc,age      ] GC(71) - age   1:     638560 bytes,     638560 total
[2023-11-15T22:22:43.792+0000][7][gc,age      ] GC(71) - age   2:     358880 bytes,     997440 total
[2023-11-15T22:22:43.792+0000][7][gc,age      ] GC(71) - age   3:     507704 bytes,    1505144 total
[2023-11-15T22:22:43.792+0000][7][gc,age      ] GC(71) - age   4:    1981264 bytes,    3486408 total
[2023-11-15T22:22:43.792+0000][7][gc,age      ] GC(71) - age   5:    1362528 bytes,    4848936 total
[2023-11-15T22:22:43.792+0000][7][gc,age      ] GC(71) - age   6:    1282200 bytes,    6131136 total
[2023-11-15T22:22:43.792+0000][7][gc,age      ] GC(71) - age   7:     346848 bytes,    6477984 total
[2023-11-15T22:22:43.792+0000][7][gc,age      ] GC(71) - age   8:     370600 bytes,    6848584 total
[2023-11-15T22:22:43.792+0000][7][gc,age      ] GC(71) - age   9:     304816 bytes,    7153400 total
[2023-11-15T22:22:43.792+0000][7][gc,age      ] GC(71) - age  10:     316240 bytes,    7469640 total
[2023-11-15T22:22:43.792+0000][7][gc,age      ] GC(71) - age  11:     300072 bytes,    7769712 total
[2023-11-15T22:22:43.792+0000][7][gc,age      ] GC(71) - age  12:     239200 bytes,    8008912 total
[2023-11-15T22:22:43.792+0000][7][gc,age      ] GC(71) - age  13:     314880 bytes,    8323792 total
[2023-11-15T22:22:43.792+0000][7][gc,age      ] GC(71) - age  14:     267480 bytes,    8591272 total
[2023-11-15T22:22:43.792+0000][7][gc,age      ] GC(71) - age  15:     307096 bytes,    8898368 total
[2023-11-15T22:22:43.793+0000][7][gc,phases   ] GC(71)   Pre Evacuate Collection Set: 0.1ms
[2023-11-15T22:22:43.793+0000][7][gc,phases   ] GC(71)   Merge Heap Roots: 0.1ms
[2023-11-15T22:22:43.793+0000][7][gc,phases   ] GC(71)   Evacuate Collection Set: 5.8ms
[2023-11-15T22:22:43.793+0000][7][gc,phases   ] GC(71)   Post Evacuate Collection Set: 0.6ms
[2023-11-15T22:22:43.793+0000][7][gc,phases   ] GC(71)   Other: 1.5ms
[2023-11-15T22:22:43.793+0000][7][gc,heap     ] GC(71) Eden regions: 69->0(69)
[2023-11-15T22:22:43.793+0000][7][gc,heap     ] GC(71) Survivor regions: 3->3(9)
[2023-11-15T22:22:43.793+0000][7][gc,heap     ] GC(71) Old regions: 26->26
[2023-11-15T22:22:43.793+0000][7][gc,heap     ] GC(71) Archive regions: 2->2
[2023-11-15T22:22:43.793+0000][7][gc,heap     ] GC(71) Humongous regions: 5->5
[2023-11-15T22:22:43.793+0000][7][gc,metaspace] GC(71) Metaspace: 116667K(118272K)->116667K(118272K) NonClass: 101151K(102144K)->101151K(102144K) Class: 15515K(16128K)->15515K(16128K)
[2023-11-15T22:22:43.793+0000][7][gc          ] GC(71) Pause Young (Normal) (G1 Evacuation Pause) 410M->133M(512M) 8.084ms
[2023-11-15T22:22:43.793+0000][7][gc,cpu      ] GC(71) User=0.02s Sys=0.00s Real=0.01s
[2023-11-15T22:22:43.793+0000][7][safepoint   ] Safepoint "G1CollectForAllocation", Time since last: 1636382397 ns, Reaching safepoint: 48310 ns, At safepoint: 8178105 ns, Total: 8226415 ns
[2023-11-15T22:22:44.793+0000][7][safepoint   ] Safepoint "Cleanup", Time since last: 1000153651 ns, Reaching safepoint: 116602 ns, At safepoint: 28658 ns, Total: 145260 ns
[2023-11-15T22:22:46.793+0000][7][safepoint   ] Safepoint "Cleanup", Time since last: 2000291305 ns, Reaching safepoint: 154988 ns, At safepoint: 10982 ns, Total: 165970 ns
[2023-11-15T22:22:47.794+0000][7][safepoint   ] Safepoint "Cleanup", Time since last: 1000167256 ns, Reaching safepoint: 86832 ns, At safepoint: 10247 ns, Total: 97079 ns
[2023-11-15T22:22:49.794+0000][7][safepoint   ] Safepoint "Cleanup", Time since last: 2000386276 ns, Reaching safepoint: 127265 ns, At safepoint: 15779 ns, Total: 143044 ns
[2023-11-15T22:22:51.795+0000][7][safepoint   ] Safepoint "Cleanup", Time since last: 2000269225 ns, Reaching safepoint: 51672 ns, At safepoint: 5899 ns, Total: 57571 ns
[2023-11-15T22:22:52.795+0000][7][safepoint   ] Safepoint "Cleanup", Time since last: 1000160496 ns, Reaching safepoint: 124585 ns, At safepoint: 8500 ns, Total: 133085 ns
[2023-11-15T22:22:54.795+0000][7][safepoint   ] Safepoint "Cleanup", Time since last: 2000231824 ns, Reaching safepoint: 111833 ns, At safepoint: 11603 ns, Total: 123436 ns
[2023-11-15T22:22:55.795+0000][7][safepoint   ] Safepoint "Cleanup", Time since last: 1000207064 ns, Reaching safepoint: 57675 ns, At safepoint: 5183 ns, Total: 62858 ns
[2023-11-15T22:22:56.796+0000][7][safepoint   ] Safepoint "Cleanup", Time since last: 1000105890 ns, Reaching safepoint: 64655 ns, At safepoint: 6699 ns, Total: 71354 ns
[2023-11-15T22:22:58.796+0000][7][safepoint   ] Safepoint "Cleanup", Time since last: 2000289851 ns, Reaching safepoint: 74722 ns, At safepoint: 11034 ns, Total: 85756 ns
[2023-11-15T22:22:59.796+0000][7][safepoint   ] Safepoint "Cleanup", Time since last: 1000150653 ns, Reaching safepoint: 78106 ns, At safepoint: 10097 ns, Total: 88203 ns
[2023-11-15T22:23:01.797+0000][7][safepoint   ] Safepoint "Cleanup", Time since last: 2000318316 ns, Reaching safepoint: 95418 ns, At safepoint: 11042 ns, Total: 106460 ns
[2023-11-15T22:23:02.174+0000][7][gc,start    ] GC(72) Pause Young (Normal) (G1 Evacuation Pause)
[2023-11-15T22:23:02.174+0000][7][gc,task     ] GC(72) Using 8 workers of 8 for evacuation
[2023-11-15T22:23:02.174+0000][7][gc,age      ] GC(72) Desired survivor size 18874368 bytes, new threshold 15 (max threshold 15)
[2023-11-15T22:23:02.187+0000][7][gc,age      ] GC(72) Age table with threshold 15 (max threshold 15)
[2023-11-15T22:23:02.187+0000][7][gc,age      ] GC(72) - age   1:    1813088 bytes,    1813088 total
[2023-11-15T22:23:02.187+0000][7][gc,age      ] GC(72) - age   2:     572896 bytes,    2385984 total
[2023-11-15T22:23:02.187+0000][7][gc,age      ] GC(72) - age   3:     357408 bytes,    2743392 total
[2023-11-15T22:23:02.187+0000][7][gc,age      ] GC(72) - age   4:     507224 bytes,    3250616 total
[2023-11-15T22:23:02.187+0000][7][gc,age      ] GC(72) - age   5:    1980496 bytes,    5231112 total
[2023-11-15T22:23:02.187+0000][7][gc,age      ] GC(72) - age   6:    1362528 bytes,    6593640 total
[2023-11-15T22:23:02.187+0000][7][gc,age      ] GC(72) - age   7:    1280592 bytes,    7874232 total
[2023-11-15T22:23:02.187+0000][7][gc,age      ] GC(72) - age   8:     346784 bytes,    8221016 total
[2023-11-15T22:23:02.187+0000][7][gc,age      ] GC(72) - age   9:     370536 bytes,    8591552 total
[2023-11-15T22:23:02.187+0000][7][gc,age      ] GC(72) - age  10:     304816 bytes,    8896368 total
[2023-11-15T22:23:02.187+0000][7][gc,age      ] GC(72) - age  11:     316240 bytes,    9212608 total
[2023-11-15T22:23:02.187+0000][7][gc,age      ] GC(72) - age  12:     300072 bytes,    9512680 total
[2023-11-15T22:23:02.187+0000][7][gc,age      ] GC(72) - age  13:     239200 bytes,    9751880 total
[2023-11-15T22:23:02.187+0000][7][gc,age      ] GC(72) - age  14:     314880 bytes,   10066760 total
[2023-11-15T22:23:02.187+0000][7][gc,age      ] GC(72) - age  15:     267480 bytes,   10334240 total
[2023-11-15T22:23:02.187+0000][7][gc,phases   ] GC(72)   Pre Evacuate Collection Set: 0.1ms
[2023-11-15T22:23:02.187+0000][7][gc,phases   ] GC(72)   Merge Heap Roots: 0.0ms
[2023-11-15T22:23:02.187+0000][7][gc,phases   ] GC(72)   Evacuate Collection Set: 12.4ms
[2023-11-15T22:23:02.187+0000][7][gc,phases   ] GC(72)   Post Evacuate Collection Set: 0.7ms
[2023-11-15T22:23:02.187+0000][7][gc,phases   ] GC(72)   Other: 0.3ms
[2023-11-15T22:23:02.187+0000][7][gc,heap     ] GC(72) Eden regions: 69->0(69)
[2023-11-15T22:23:02.187+0000][7][gc,heap     ] GC(72) Survivor regions: 3->3(9)
[2023-11-15T22:23:02.187+0000][7][gc,heap     ] GC(72) Old regions: 26->26
[2023-11-15T22:23:02.187+0000][7][gc,heap     ] GC(72) Archive regions: 2->2
[2023-11-15T22:23:02.187+0000][7][gc,heap     ] GC(72) Humongous regions: 5->5
[2023-11-15T22:23:02.187+0000][7][gc,metaspace] GC(72) Metaspace: 116684K(118272K)->116684K(118272K) NonClass: 101168K(102144K)->101168K(102144K) Class: 15515K(16128K)->15515K(16128K)
[2023-11-15T22:23:02.187+0000][7][gc          ] GC(72) Pause Young (Normal) (G1 Evacuation Pause) 409M->135M(512M) 13.597ms
[2023-11-15T22:23:02.187+0000][7][gc,cpu      ] GC(72) User=0.03s Sys=0.00s Real=0.02s
[2023-11-15T22:23:02.187+0000][7][safepoint   ] Safepoint "G1CollectForAllocation", Time since last: 376772693 ns, Reaching safepoint: 55469 ns, At safepoint: 13680849 ns, Total: 13736318 ns
[2023-11-15T22:23:04.188+0000][7][safepoint   ] Safepoint "Cleanup", Time since last: 2000226118 ns, Reaching safepoint: 141807 ns, At safepoint: 15788 ns, Total: 157595 ns
[2023-11-15T22:23:05.188+0000][7][safepoint   ] Safepoint "Cleanup", Time since last: 1000224586 ns, Reaching safepoint: 165842 ns, At safepoint: 20296 ns, Total: 186138 ns
[2023-11-15T22:23:06.188+0000][7][safepoint   ] Safepoint "Cleanup", Time since last: 1000215141 ns, Reaching safepoint: 108442 ns, At safepoint: 11674 ns, Total: 120116 ns
[2023-11-15T22:23:07.189+0000][7][safepoint   ] Safepoint "Cleanup", Time since last: 1000146132 ns, Reaching safepoint: 62020 ns, At safepoint: 12554 ns, Total: 74574 ns
[2023-11-15T22:23:08.189+0000][7][safepoint   ] Safepoint "Cleanup", Time since last: 1000234173 ns, Reaching safepoint: 121143 ns, At safepoint: 13814 ns, Total: 134957 ns
[2023-11-15T22:23:10.189+0000][7][safepoint   ] Safepoint "Cleanup", Time since last: 2000307589 ns, Reaching safepoint: 197507 ns, At safepoint: 12630 ns, Total: 210137 ns
[2023-11-15T22:23:11.190+0000][7][safepoint   ] Safepoint "Cleanup", Time since last: 1000458042 ns, Reaching safepoint: 158646 ns, At safepoint: 29568 ns, Total: 188214 ns
[2023-11-15T22:23:12.190+0000][7][safepoint   ] Safepoint "Cleanup", Time since last: 1000287333 ns, Reaching safepoint: 119304 ns, At safepoint: 17192 ns, Total: 136496 ns
[2023-11-15T22:23:14.191+0000][7][safepoint   ] Safepoint "Cleanup", Time since last: 2000315925 ns, Reaching safepoint: 133072 ns, At safepoint: 16469 ns, Total: 149541 ns
[2023-11-15T22:23:15.191+0000][7][safepoint   ] Safepoint "Cleanup", Time since last: 1000252665 ns, Reaching safepoint: 96495 ns, At safepoint: 21045 ns, Total: 117540 ns
[2023-11-15T22:23:17.192+0000][7][safepoint   ] Safepoint "Cleanup", Time since last: 2000182937 ns, Reaching safepoint: 43690 ns, At safepoint: 4579 ns, Total: 48269 ns
[2023-11-15T22:23:18.192+0000][7][safepoint   ] Safepoint "Cleanup", Time since last: 1000113586 ns, Reaching safepoint: 81003 ns, At safepoint: 8814 ns, Total: 89817 ns
[2023-11-15T22:23:20.192+0000][7][safepoint   ] Safepoint "Cleanup", Time since last: 2000320598 ns, Reaching safepoint: 43165 ns, At safepoint: 6849 ns, Total: 50014 ns
[2023-11-15T22:23:20.728+0000][7][gc,start    ] GC(73) Pause Young (Normal) (G1 Evacuation Pause)
[2023-11-15T22:23:20.728+0000][7][gc,task     ] GC(73) Using 8 workers of 8 for evacuation
[2023-11-15T22:23:20.728+0000][7][gc,age      ] GC(73) Desired survivor size 18874368 bytes, new threshold 15 (max threshold 15)
[2023-11-15T22:23:20.743+0000][7][gc,age      ] GC(73) Age table with threshold 15 (max threshold 15)
[2023-11-15T22:23:20.743+0000][7][gc,age      ] GC(73) - age   1:    2840968 bytes,    2840968 total
[2023-11-15T22:23:20.743+0000][7][gc,age      ] GC(73) - age   2:     391480 bytes,    3232448 total
[2023-11-15T22:23:20.743+0000][7][gc,age      ] GC(73) - age   3:     452392 bytes,    3684840 total
[2023-11-15T22:23:20.743+0000][7][gc,age      ] GC(73) - age   4:     323616 bytes,    4008456 total
[2023-11-15T22:23:20.743+0000][7][gc,age      ] GC(73) - age   5:     403120 bytes,    4411576 total
[2023-11-15T22:23:20.743+0000][7][gc,age      ] GC(73) - age   6:    1980232 bytes,    6391808 total
[2023-11-15T22:23:20.743+0000][7][gc,age      ] GC(73) - age   7:     335056 bytes,    6726864 total
[2023-11-15T22:23:20.743+0000][7][gc,age      ] GC(73) - age   8:     336480 bytes,    7063344 total
[2023-11-15T22:23:20.743+0000][7][gc,age      ] GC(73) - age   9:     346656 bytes,    7410000 total
[2023-11-15T22:23:20.743+0000][7][gc,age      ] GC(73) - age  10:     370224 bytes,    7780224 total
[2023-11-15T22:23:20.743+0000][7][gc,age      ] GC(73) - age  11:     304816 bytes,    8085040 total
[2023-11-15T22:23:20.743+0000][7][gc,age      ] GC(73) - age  12:     316240 bytes,    8401280 total
[2023-11-15T22:23:20.743+0000][7][gc,age      ] GC(73) - age  13:     300072 bytes,    8701352 total
[2023-11-15T22:23:20.743+0000][7][gc,age      ] GC(73) - age  14:     239200 bytes,    8940552 total
[2023-11-15T22:23:20.743+0000][7][gc,age      ] GC(73) - age  15:     314712 bytes,    9255264 total
[2023-11-15T22:23:20.743+0000][7][gc,phases   ] GC(73)   Pre Evacuate Collection Set: 0.2ms
[2023-11-15T22:23:20.743+0000][7][gc,phases   ] GC(73)   Merge Heap Roots: 0.2ms
[2023-11-15T22:23:20.743+0000][7][gc,phases   ] GC(73)   Evacuate Collection Set: 12.8ms
[2023-11-15T22:23:20.743+0000][7][gc,phases   ] GC(73)   Post Evacuate Collection Set: 1.4ms
[2023-11-15T22:23:20.744+0000][7][gc,phases   ] GC(73)   Other: 0.7ms
[2023-11-15T22:23:20.744+0000][7][gc,heap     ] GC(73) Eden regions: 69->0(69)
[2023-11-15T22:23:20.744+0000][7][gc,heap     ] GC(73) Survivor regions: 3->3(9)
[2023-11-15T22:23:20.744+0000][7][gc,heap     ] GC(73) Old regions: 26->26
[2023-11-15T22:23:20.744+0000][7][gc,heap     ] GC(73) Archive regions: 2->2
[2023-11-15T22:23:20.744+0000][7][gc,heap     ] GC(73) Humongous regions: 5->5
[2023-11-15T22:23:20.744+0000][7][gc,metaspace] GC(73) Metaspace: 116691K(118272K)->116691K(118272K) NonClass: 101175K(102144K)->101175K(102144K) Class: 15515K(16128K)->15515K(16128K)
[2023-11-15T22:23:20.744+0000][7][gc          ] GC(73) Pause Young (Normal) (G1 Evacuation Pause) 411M->134M(512M) 15.381ms
[2023-11-15T22:23:20.744+0000][7][gc,cpu      ] GC(73) User=0.05s Sys=0.00s Real=0.01s
[2023-11-15T22:23:20.744+0000][7][safepoint   ] Safepoint "G1CollectForAllocation", Time since last: 535877012 ns, Reaching safepoint: 97257 ns, At safepoint: 15642485 ns, Total: 15739742 ns
[2023-11-15T22:23:21.744+0000][7][safepoint   ] Safepoint "Cleanup", Time since last: 1000236037 ns, Reaching safepoint: 122492 ns, At safepoint: 22766 ns, Total: 145258 ns
[2023-11-15T22:23:22.744+0000][7][safepoint   ] Safepoint "Cleanup", Time since last: 1000168865 ns, Reaching safepoint: 33224 ns, At safepoint: 3788 ns, Total: 37012 ns
[2023-11-15T22:23:23.745+0000][7][safepoint   ] Safepoint "Cleanup", Time since last: 1000236853 ns, Reaching safepoint: 120166 ns, At safepoint: 20913 ns, Total: 141079 ns
[2023-11-15T22:23:24.745+0000][7][safepoint   ] Safepoint "Cleanup", Time since last: 1000278750 ns, Reaching safepoint: 91431 ns, At safepoint: 14665 ns, Total: 106096 ns
[2023-11-15T22:23:25.745+0000][7][safepoint   ] Safepoint "Cleanup", Time since last: 1000196796 ns, Reaching safepoint: 41184 ns, At safepoint: 4370 ns, Total: 45554 ns
[2023-11-15T22:23:26.746+0000][7][safepoint   ] Safepoint "Cleanup", Time since last: 1000154513 ns, Reaching safepoint: 126818 ns, At safepoint: 13390 ns, Total: 140208 ns
[2023-11-15T22:23:28.746+0000][7][safepoint   ] Safepoint "Cleanup", Time since last: 2000375463 ns, Reaching safepoint: 75582 ns, At safepoint: 15846 ns, Total: 91428 ns
[2023-11-15T22:23:29.746+0000][7][safepoint   ] Safepoint "Cleanup", Time since last: 1000209170 ns, Reaching safepoint: 115477 ns, At safepoint: 21098 ns, Total: 136575 ns
[2023-11-15T22:23:31.747+0000][7][safepoint   ] Safepoint "Cleanup", Time since last: 2000316841 ns, Reaching safepoint: 124687 ns, At safepoint: 14929 ns, Total: 139616 ns
[2023-11-15T22:23:34.747+0000][7][safepoint   ] Safepoint "Cleanup", Time since last: 3000395988 ns, Reaching safepoint: 111008 ns, At safepoint: 8299 ns, Total: 119307 ns
[2023-11-15T22:23:36.748+0000][7][safepoint   ] Safepoint "Cleanup", Time since last: 2000240550 ns, Reaching safepoint: 104545 ns, At safepoint: 12840 ns, Total: 117385 ns
[2023-11-15T22:23:37.719+0000][7][gc,start    ] GC(74) Pause Young (Normal) (G1 Evacuation Pause)
[2023-11-15T22:23:37.720+0000][7][gc,task     ] GC(74) Using 8 workers of 8 for evacuation
[2023-11-15T22:23:37.720+0000][7][gc,age      ] GC(74) Desired survivor size 18874368 bytes, new threshold 15 (max threshold 15)
[2023-11-15T22:23:37.733+0000][7][gc,age      ] GC(74) Age table with threshold 15 (max threshold 15)
[2023-11-15T22:23:37.733+0000][7][gc,age      ] GC(74) - age   1:    3181208 bytes,    3181208 total
[2023-11-15T22:23:37.733+0000][7][gc,age      ] GC(74) - age   2:    2756000 bytes,    5937208 total
[2023-11-15T22:23:37.733+0000][7][gc,age      ] GC(74) - age   3:     389816 bytes,    6327024 total
[2023-11-15T22:23:37.733+0000][7][gc,age      ] GC(74) - age   4:     448128 bytes,    6775152 total
[2023-11-15T22:23:37.733+0000][7][gc,age      ] GC(74) - age   5:     323040 bytes,    7098192 total
[2023-11-15T22:23:37.733+0000][7][gc,age      ] GC(74) - age   6:     403056 bytes,    7501248 total
[2023-11-15T22:23:37.733+0000][7][gc,age      ] GC(74) - age   7:    1977864 bytes,    9479112 total
[2023-11-15T22:23:37.733+0000][7][gc,age      ] GC(74) - age   8:     335056 bytes,    9814168 total
[2023-11-15T22:23:37.733+0000][7][gc,age      ] GC(74) - age   9:     336480 bytes,   10150648 total
[2023-11-15T22:23:37.733+0000][7][gc,age      ] GC(74) - age  10:     346656 bytes,   10497304 total
[2023-11-15T22:23:37.733+0000][7][gc,age      ] GC(74) - age  11:     370224 bytes,   10867528 total
[2023-11-15T22:23:37.733+0000][7][gc,age      ] GC(74) - age  12:     304816 bytes,   11172344 total
[2023-11-15T22:23:37.733+0000][7][gc,age      ] GC(74) - age  13:     316240 bytes,   11488584 total
[2023-11-15T22:23:37.733+0000][7][gc,age      ] GC(74) - age  14:     300072 bytes,   11788656 total
[2023-11-15T22:23:37.733+0000][7][gc,age      ] GC(74) - age  15:     239200 bytes,   12027856 total
[2023-11-15T22:23:37.733+0000][7][gc,phases   ] GC(74)   Pre Evacuate Collection Set: 0.2ms
[2023-11-15T22:23:37.733+0000][7][gc,phases   ] GC(74)   Merge Heap Roots: 0.1ms
[2023-11-15T22:23:37.733+0000][7][gc,phases   ] GC(74)   Evacuate Collection Set: 12.4ms
[2023-11-15T22:23:37.733+0000][7][gc,phases   ] GC(74)   Post Evacuate Collection Set: 0.7ms
[2023-11-15T22:23:37.733+0000][7][gc,phases   ] GC(74)   Other: 0.5ms
[2023-11-15T22:23:37.733+0000][7][gc,heap     ] GC(74) Eden regions: 69->0(69)
[2023-11-15T22:23:37.733+0000][7][gc,heap     ] GC(74) Survivor regions: 3->3(9)
[2023-11-15T22:23:37.733+0000][7][gc,heap     ] GC(74) Old regions: 26->26
[2023-11-15T22:23:37.733+0000][7][gc,heap     ] GC(74) Archive regions: 2->2
[2023-11-15T22:23:37.733+0000][7][gc,heap     ] GC(74) Humongous regions: 5->5
[2023-11-15T22:23:37.733+0000][7][gc,metaspace] GC(74) Metaspace: 116728K(118336K)->116728K(118336K) NonClass: 101212K(102208K)->101212K(102208K) Class: 15515K(16128K)->15515K(16128K)
[2023-11-15T22:23:37.733+0000][7][gc          ] GC(74) Pause Young (Normal) (G1 Evacuation Pause) 410M->137M(512M) 13.812ms
[2023-11-15T22:23:37.733+0000][7][gc,cpu      ] GC(74) User=0.03s Sys=0.01s Real=0.01s
[2023-11-15T22:23:37.733+0000][7][safepoint   ] Safepoint "G1CollectForAllocation", Time since last: 971506046 ns, Reaching safepoint: 86054 ns, At safepoint: 13988825 ns, Total: 14074879 ns
[2023-11-15T22:23:38.734+0000][7][safepoint   ] Safepoint "Cleanup", Time since last: 1000169866 ns, Reaching safepoint: 140087 ns, At safepoint: 20414 ns, Total: 160501 ns
[2023-11-15T22:23:39.734+0000][7][safepoint   ] Safepoint "Cleanup", Time since last: 1000161244 ns, Reaching safepoint: 136301 ns, At safepoint: 69394 ns, Total: 205695 ns
[2023-11-15T22:23:40.734+0000][7][safepoint   ] Safepoint "Cleanup", Time since last: 1000135318 ns, Reaching safepoint: 65245 ns, At safepoint: 6030 ns, Total: 71275 ns
[2023-11-15T22:23:41.735+0000][7][safepoint   ] Safepoint "Cleanup", Time since last: 1000220538 ns, Reaching safepoint: 194389 ns, At safepoint: 18517 ns, Total: 212906 ns
[2023-11-15T22:23:43.735+0000][7][safepoint   ] Safepoint "Cleanup", Time since last: 2000207401 ns, Reaching safepoint: 75244 ns, At safepoint: 8772 ns, Total: 84016 ns
[2023-11-15T22:23:44.735+0000][7][safepoint   ] Safepoint "Cleanup", Time since last: 1000227719 ns, Reaching safepoint: 77638 ns, At safepoint: 10573 ns, Total: 88211 ns
[2023-11-15T22:23:46.736+0000][7][safepoint   ] Safepoint "Cleanup", Time since last: 2000302342 ns, Reaching safepoint: 135490 ns, At safepoint: 9456 ns, Total: 144946 ns
[2023-11-15T22:23:47.736+0000][7][safepoint   ] Safepoint "Cleanup", Time since last: 1000133494 ns, Reaching safepoint: 126814 ns, At safepoint: 14495 ns, Total: 141309 ns
[2023-11-15T22:23:49.736+0000][7][safepoint   ] Safepoint "Cleanup", Time since last: 2000327398 ns, Reaching safepoint: 34772 ns, At safepoint: 5568 ns, Total: 40340 ns
[2023-11-15T22:23:50.737+0000][7][safepoint   ] Safepoint "Cleanup", Time since last: 1000198053 ns, Reaching safepoint: 123652 ns, At safepoint: 16632 ns, Total: 140284 ns
[2023-11-15T22:23:51.737+0000][7][safepoint   ] Safepoint "Cleanup", Time since last: 1000157164 ns, Reaching safepoint: 89708 ns, At safepoint: 14573 ns, Total: 104281 ns
[2023-11-15T22:23:52.737+0000][7][safepoint   ] Safepoint "Cleanup", Time since last: 1000165650 ns, Reaching safepoint: 107946 ns, At safepoint: 16391 ns, Total: 124337 ns
[2023-11-15T22:23:53.674+0000][7][gc,start    ] GC(75) Pause Young (Normal) (G1 Evacuation Pause)
[2023-11-15T22:23:53.674+0000][7][gc,task     ] GC(75) Using 8 workers of 8 for evacuation
[2023-11-15T22:23:53.674+0000][7][gc,age      ] GC(75) Desired survivor size 18874368 bytes, new threshold 15 (max threshold 15)
[2023-11-15T22:23:53.684+0000][7][gc,age      ] GC(75) Age table with threshold 15 (max threshold 15)
[2023-11-15T22:23:53.684+0000][7][gc,age      ] GC(75) - age   1:    3114808 bytes,    3114808 total
[2023-11-15T22:23:53.684+0000][7][gc,age      ] GC(75) - age   2:    1441864 bytes,    4556672 total
[2023-11-15T22:23:53.684+0000][7][gc,age      ] GC(75) - age   3:    2658744 bytes,    7215416 total
[2023-11-15T22:23:53.684+0000][7][gc,age      ] GC(75) - age   4:     337432 bytes,    7552848 total
[2023-11-15T22:23:53.684+0000][7][gc,age      ] GC(75) - age   5:     447832 bytes,    8000680 total
[2023-11-15T22:23:53.684+0000][7][gc,age      ] GC(75) - age   6:     323040 bytes,    8323720 total
[2023-11-15T22:23:53.684+0000][7][gc,age      ] GC(75) - age   7:     402992 bytes,    8726712 total
[2023-11-15T22:23:53.684+0000][7][gc,age      ] GC(75) - age   8:     652312 bytes,    9379024 total
[2023-11-15T22:23:53.684+0000][7][gc,age      ] GC(75) - age   9:     335056 bytes,    9714080 total
[2023-11-15T22:23:53.684+0000][7][gc,age      ] GC(75) - age  10:     336480 bytes,   10050560 total
[2023-11-15T22:23:53.684+0000][7][gc,age      ] GC(75) - age  11:     346656 bytes,   10397216 total
[2023-11-15T22:23:53.684+0000][7][gc,age      ] GC(75) - age  12:     370224 bytes,   10767440 total
[2023-11-15T22:23:53.684+0000][7][gc,age      ] GC(75) - age  13:     304816 bytes,   11072256 total
[2023-11-15T22:23:53.684+0000][7][gc,age      ] GC(75) - age  14:     316240 bytes,   11388496 total
[2023-11-15T22:23:53.684+0000][7][gc,age      ] GC(75) - age  15:     300072 bytes,   11688568 total
[2023-11-15T22:23:53.684+0000][7][gc,phases   ] GC(75)   Pre Evacuate Collection Set: 0.1ms
[2023-11-15T22:23:53.684+0000][7][gc,phases   ] GC(75)   Merge Heap Roots: 0.1ms
[2023-11-15T22:23:53.684+0000][7][gc,phases   ] GC(75)   Evacuate Collection Set: 7.7ms
[2023-11-15T22:23:53.684+0000][7][gc,phases   ] GC(75)   Post Evacuate Collection Set: 1.2ms
[2023-11-15T22:23:53.684+0000][7][gc,phases   ] GC(75)   Other: 0.5ms
[2023-11-15T22:23:53.684+0000][7][gc,heap     ] GC(75) Eden regions: 69->0(69)
[2023-11-15T22:23:53.684+0000][7][gc,heap     ] GC(75) Survivor regions: 3->3(9)
[2023-11-15T22:23:53.684+0000][7][gc,heap     ] GC(75) Old regions: 26->26
[2023-11-15T22:23:53.684+0000][7][gc,heap     ] GC(75) Archive regions: 2->2
[2023-11-15T22:23:53.684+0000][7][gc,heap     ] GC(75) Humongous regions: 5->5
[2023-11-15T22:23:53.684+0000][7][gc,metaspace] GC(75) Metaspace: 116762K(118400K)->116762K(118400K) NonClass: 101247K(102272K)->101247K(102272K) Class: 15515K(16128K)->15515K(16128K)
[2023-11-15T22:23:53.684+0000][7][gc          ] GC(75) Pause Young (Normal) (G1 Evacuation Pause) 413M->137M(512M) 9.738ms
[2023-11-15T22:23:53.684+0000][7][gc,cpu      ] GC(75) User=0.05s Sys=0.00s Real=0.01s
[2023-11-15T22:23:53.684+0000][7][safepoint   ] Safepoint "G1CollectForAllocation", Time since last: 936792757 ns, Reaching safepoint: 171020 ns, At safepoint: 9902707 ns, Total: 10073727 ns
[2023-11-15T22:23:54.685+0000][7][safepoint   ] Safepoint "Cleanup", Time since last: 1000454339 ns, Reaching safepoint: 121043 ns, At safepoint: 17819 ns, Total: 138862 ns
[2023-11-15T22:23:55.685+0000][7][safepoint   ] Safepoint "Cleanup", Time since last: 1000247656 ns, Reaching safepoint: 123851 ns, At safepoint: 13316 ns, Total: 137167 ns
[2023-11-15T22:23:57.686+0000][7][safepoint   ] Safepoint "Cleanup", Time since last: 2000278100 ns, Reaching safepoint: 140077 ns, At safepoint: 10386 ns, Total: 150463 ns
[2023-11-15T22:23:58.686+0000][7][safepoint   ] Safepoint "Cleanup", Time since last: 1000201780 ns, Reaching safepoint: 111916 ns, At safepoint: 13272 ns, Total: 125188 ns
[2023-11-15T22:23:59.686+0000][7][safepoint   ] Safepoint "Cleanup", Time since last: 1000226767 ns, Reaching safepoint: 66894 ns, At safepoint: 8707 ns, Total: 75601 ns
[2023-11-15T22:24:01.687+0000][7][safepoint   ] Safepoint "Cleanup", Time since last: 2000212625 ns, Reaching safepoint: 92830 ns, At safepoint: 11382 ns, Total: 104212 ns
[2023-11-15T22:24:02.687+0000][7][safepoint   ] Safepoint "Cleanup", Time since last: 1000169025 ns, Reaching safepoint: 56896 ns, At safepoint: 13930 ns, Total: 70826 ns
[2023-11-15T22:24:04.687+0000][7][safepoint   ] Safepoint "Cleanup", Time since last: 2000295502 ns, Reaching safepoint: 188282 ns, At safepoint: 13034 ns, Total: 201316 ns
[2023-11-15T22:24:07.688+0000][7][safepoint   ] Safepoint "Cleanup", Time since last: 3000440964 ns, Reaching safepoint: 145713 ns, At safepoint: 22133 ns, Total: 167846 ns
[2023-11-15T22:24:09.688+0000][7][safepoint   ] Safepoint "Cleanup", Time since last: 2000370037 ns, Reaching safepoint: 178309 ns, At safepoint: 19800 ns, Total: 198109 ns
[2023-11-15T22:24:10.689+0000][7][safepoint   ] Safepoint "Cleanup", Time since last: 1000178628 ns, Reaching safepoint: 119982 ns, At safepoint: 55141 ns, Total: 175123 ns
[2023-11-15T22:24:11.921+0000][7][gc,start    ] GC(76) Pause Young (Normal) (G1 Evacuation Pause)
[2023-11-15T22:24:11.921+0000][7][gc,task     ] GC(76) Using 8 workers of 8 for evacuation
[2023-11-15T22:24:11.921+0000][7][gc,age      ] GC(76) Desired survivor size 18874368 bytes, new threshold 15 (max threshold 15)
[2023-11-15T22:24:11.928+0000][7][gc,age      ] GC(76) Age table with threshold 15 (max threshold 15)
[2023-11-15T22:24:11.928+0000][7][gc,age      ] GC(76) - age   1:    1716936 bytes,    1716936 total
[2023-11-15T22:24:11.928+0000][7][gc,age      ] GC(76) - age   2:    2042000 bytes,    3758936 total
[2023-11-15T22:24:11.928+0000][7][gc,age      ] GC(76) - age   3:    1405144 bytes,    5164080 total
[2023-11-15T22:24:11.928+0000][7][gc,age      ] GC(76) - age   4:    2553976 bytes,    7718056 total
[2023-11-15T22:24:11.929+0000][7][gc,age      ] GC(76) - age   5:     337280 bytes,    8055336 total
[2023-11-15T22:24:11.929+0000][7][gc,age      ] GC(76) - age   6:     447368 bytes,    8502704 total
[2023-11-15T22:24:11.929+0000][7][gc,age      ] GC(76) - age   7:     314536 bytes,    8817240 total
[2023-11-15T22:24:11.929+0000][7][gc,age      ] GC(76) - age   8:     268400 bytes,    9085640 total
[2023-11-15T22:24:11.929+0000][7][gc,age      ] GC(76) - age   9:     652312 bytes,    9737952 total
[2023-11-15T22:24:11.929+0000][7][gc,age      ] GC(76) - age  10:     335056 bytes,   10073008 total
[2023-11-15T22:24:11.929+0000][7][gc,age      ] GC(76) - age  11:     336480 bytes,   10409488 total
[2023-11-15T22:24:11.929+0000][7][gc,age      ] GC(76) - age  12:     346656 bytes,   10756144 total
[2023-11-15T22:24:11.929+0000][7][gc,age      ] GC(76) - age  13:     370224 bytes,   11126368 total
[2023-11-15T22:24:11.929+0000][7][gc,age      ] GC(76) - age  14:     304752 bytes,   11431120 total
[2023-11-15T22:24:11.929+0000][7][gc,age      ] GC(76) - age  15:     316240 bytes,   11747360 total
[2023-11-15T22:24:11.929+0000][7][gc,phases   ] GC(76)   Pre Evacuate Collection Set: 0.2ms
[2023-11-15T22:24:11.929+0000][7][gc,phases   ] GC(76)   Merge Heap Roots: 0.2ms
[2023-11-15T22:24:11.929+0000][7][gc,phases   ] GC(76)   Evacuate Collection Set: 5.5ms
[2023-11-15T22:24:11.929+0000][7][gc,phases   ] GC(76)   Post Evacuate Collection Set: 1.3ms
[2023-11-15T22:24:11.929+0000][7][gc,phases   ] GC(76)   Other: 0.6ms
[2023-11-15T22:24:11.929+0000][7][gc,heap     ] GC(76) Eden regions: 69->0(69)
[2023-11-15T22:24:11.929+0000][7][gc,heap     ] GC(76) Survivor regions: 3->3(9)
[2023-11-15T22:24:11.929+0000][7][gc,heap     ] GC(76) Old regions: 26->26
[2023-11-15T22:24:11.929+0000][7][gc,heap     ] GC(76) Archive regions: 2->2
[2023-11-15T22:24:11.929+0000][7][gc,heap     ] GC(76) Humongous regions: 5->5
[2023-11-15T22:24:11.929+0000][7][gc,metaspace] GC(76) Metaspace: 116762K(118400K)->116762K(118400K) NonClass: 101247K(102272K)->101247K(102272K) Class: 15515K(16128K)->15515K(16128K)
[2023-11-15T22:24:11.929+0000][7][gc          ] GC(76) Pause Young (Normal) (G1 Evacuation Pause) 413M->137M(512M) 7.964ms
[2023-11-15T22:24:11.929+0000][7][gc,cpu      ] GC(76) User=0.05s Sys=0.00s Real=0.01s
[2023-11-15T22:24:11.929+0000][7][safepoint   ] Safepoint "G1CollectForAllocation", Time since last: 1232014330 ns, Reaching safepoint: 108384 ns, At safepoint: 8170469 ns, Total: 8278853 ns
[2023-11-15T22:24:13.933+0000][7][safepoint   ] Safepoint "Cleanup", Time since last: 2003827938 ns, Reaching safepoint: 132787 ns, At safepoint: 12207 ns, Total: 144994 ns
[2023-11-15T22:24:14.933+0000][7][safepoint   ] Safepoint "Cleanup", Time since last: 1000133680 ns, Reaching safepoint: 41912 ns, At safepoint: 6046 ns, Total: 47958 ns
[2023-11-15T22:24:16.934+0000][7][safepoint   ] Safepoint "Cleanup", Time since last: 2000308628 ns, Reaching safepoint: 58799 ns, At safepoint: 8579 ns, Total: 67378 ns
[2023-11-15T22:24:19.934+0000][7][safepoint   ] Safepoint "Cleanup", Time since last: 3000677896 ns, Reaching safepoint: 141384 ns, At safepoint: 8754 ns, Total: 150138 ns
[2023-11-15T22:24:21.935+0000][7][safepoint   ] Safepoint "Cleanup", Time since last: 2000441782 ns, Reaching safepoint: 101499 ns, At safepoint: 12966 ns, Total: 114465 ns
[2023-11-15T22:24:22.935+0000][7][safepoint   ] Safepoint "Cleanup", Time since last: 1000178686 ns, Reaching safepoint: 87407 ns, At safepoint: 16867 ns, Total: 104274 ns
[2023-11-15T22:24:24.936+0000][7][safepoint   ] Safepoint "Cleanup", Time since last: 2000256991 ns, Reaching safepoint: 94980 ns, At safepoint: 14471 ns, Total: 109451 ns
[2023-11-15T22:24:25.936+0000][7][safepoint   ] Safepoint "Cleanup", Time since last: 1000163936 ns, Reaching safepoint: 137537 ns, At safepoint: 22813 ns, Total: 160350 ns
[2023-11-15T22:24:26.936+0000][7][safepoint   ] Safepoint "Cleanup", Time since last: 1000198966 ns, Reaching safepoint: 92418 ns, At safepoint: 9625 ns, Total: 102043 ns
[2023-11-15T22:24:28.745+0000][7][gc,start    ] GC(77) Pause Young (Normal) (G1 Evacuation Pause)
[2023-11-15T22:24:28.745+0000][7][gc,task     ] GC(77) Using 8 workers of 8 for evacuation
[2023-11-15T22:24:28.745+0000][7][gc,age      ] GC(77) Desired survivor size 18874368 bytes, new threshold 15 (max threshold 15)
[2023-11-15T22:24:28.749+0000][7][gc,age      ] GC(77) Age table with threshold 15 (max threshold 15)
[2023-11-15T22:24:28.749+0000][7][gc,age      ] GC(77) - age   1:    1661552 bytes,    1661552 total
[2023-11-15T22:24:28.749+0000][7][gc,age      ] GC(77) - age   2:     652872 bytes,    2314424 total
[2023-11-15T22:24:28.749+0000][7][gc,age      ] GC(77) - age   3:    1877632 bytes,    4192056 total
[2023-11-15T22:24:28.749+0000][7][gc,age      ] GC(77) - age   4:    1402728 bytes,    5594784 total
[2023-11-15T22:24:28.749+0000][7][gc,age      ] GC(77) - age   5:    2553464 bytes,    8148248 total
[2023-11-15T22:24:28.749+0000][7][gc,age      ] GC(77) - age   6:     337088 bytes,    8485336 total
[2023-11-15T22:24:28.749+0000][7][gc,age      ] GC(77) - age   7:     447304 bytes,    8932640 total
[2023-11-15T22:24:28.749+0000][7][gc,age      ] GC(77) - age   8:     314344 bytes,    9246984 total
[2023-11-15T22:24:28.749+0000][7][gc,age      ] GC(77) - age   9:     268400 bytes,    9515384 total
[2023-11-15T22:24:28.749+0000][7][gc,age      ] GC(77) - age  10:     652312 bytes,   10167696 total
[2023-11-15T22:24:28.749+0000][7][gc,age      ] GC(77) - age  11:     335056 bytes,   10502752 total
[2023-11-15T22:24:28.749+0000][7][gc,age      ] GC(77) - age  12:     336480 bytes,   10839232 total
[2023-11-15T22:24:28.749+0000][7][gc,age      ] GC(77) - age  13:     346656 bytes,   11185888 total
[2023-11-15T22:24:28.749+0000][7][gc,age      ] GC(77) - age  14:     370224 bytes,   11556112 total
[2023-11-15T22:24:28.749+0000][7][gc,age      ] GC(77) - age  15:     304752 bytes,   11860864 total
[2023-11-15T22:24:28.749+0000][7][gc,phases   ] GC(77)   Pre Evacuate Collection Set: 0.1ms
[2023-11-15T22:24:28.749+0000][7][gc,phases   ] GC(77)   Merge Heap Roots: 0.1ms
[2023-11-15T22:24:28.749+0000][7][gc,phases   ] GC(77)   Evacuate Collection Set: 3.8ms
[2023-11-15T22:24:28.749+0000][7][gc,phases   ] GC(77)   Post Evacuate Collection Set: 0.5ms
[2023-11-15T22:24:28.749+0000][7][gc,phases   ] GC(77)   Other: 0.2ms
[2023-11-15T22:24:28.749+0000][7][gc,heap     ] GC(77) Eden regions: 69->0(69)
[2023-11-15T22:24:28.749+0000][7][gc,heap     ] GC(77) Survivor regions: 3->3(9)
[2023-11-15T22:24:28.749+0000][7][gc,heap     ] GC(77) Old regions: 26->26
[2023-11-15T22:24:28.749+0000][7][gc,heap     ] GC(77) Archive regions: 2->2
[2023-11-15T22:24:28.749+0000][7][gc,heap     ] GC(77) Humongous regions: 5->5
[2023-11-15T22:24:28.749+0000][7][gc,metaspace] GC(77) Metaspace: 116762K(118400K)->116762K(118400K) NonClass: 101247K(102272K)->101247K(102272K) Class: 15515K(16128K)->15515K(16128K)
[2023-11-15T22:24:28.749+0000][7][gc          ] GC(77) Pause Young (Normal) (G1 Evacuation Pause) 413M->138M(512M) 4.709ms
[2023-11-15T22:24:28.749+0000][7][gc,cpu      ] GC(77) User=0.02s Sys=0.01s Real=0.01s
[2023-11-15T22:24:28.749+0000][7][safepoint   ] Safepoint "G1CollectForAllocation", Time since last: 1808326836 ns, Reaching safepoint: 52045 ns, At safepoint: 4788310 ns, Total: 4840355 ns
[2023-11-15T22:24:29.750+0000][7][safepoint   ] Safepoint "Cleanup", Time since last: 1000079917 ns, Reaching safepoint: 46890 ns, At safepoint: 3761 ns, Total: 50651 ns
[2023-11-15T22:24:31.750+0000][7][safepoint   ] Safepoint "Cleanup", Time since last: 2000268474 ns, Reaching safepoint: 89028 ns, At safepoint: 12006 ns, Total: 101034 ns
[2023-11-15T22:24:34.750+0000][7][safepoint   ] Safepoint "Cleanup", Time since last: 3000298436 ns, Reaching safepoint: 72058 ns, At safepoint: 8409 ns, Total: 80467 ns
[2023-11-15T22:24:36.751+0000][7][safepoint   ] Safepoint "Cleanup", Time since last: 2000260562 ns, Reaching safepoint: 173005 ns, At safepoint: 13539 ns, Total: 186544 ns
[2023-11-15T22:24:37.751+0000][7][safepoint   ] Safepoint "Cleanup", Time since last: 1000215102 ns, Reaching safepoint: 82902 ns, At safepoint: 11536 ns, Total: 94438 ns
[2023-11-15T22:24:39.751+0000][7][safepoint   ] Safepoint "Cleanup", Time since last: 2000301405 ns, Reaching safepoint: 101088 ns, At safepoint: 6734 ns, Total: 107822 ns
[2023-11-15T22:24:40.752+0000][7][safepoint   ] Safepoint "Cleanup", Time since last: 1000126131 ns, Reaching safepoint: 36254 ns, At safepoint: 4198 ns, Total: 40452 ns
[2023-11-15T22:24:41.752+0000][7][safepoint   ] Safepoint "Cleanup", Time since last: 1000121963 ns, Reaching safepoint: 113004 ns, At safepoint: 61022 ns, Total: 174026 ns
[2023-11-15T22:24:43.752+0000][7][safepoint   ] Safepoint "Cleanup", Time since last: 2000390447 ns, Reaching safepoint: 112059 ns, At safepoint: 16237 ns, Total: 128296 ns
[2023-11-15T22:24:44.753+0000][7][safepoint   ] Safepoint "Cleanup", Time since last: 1000219547 ns, Reaching safepoint: 98306 ns, At safepoint: 14595 ns, Total: 112901 ns
[2023-11-15T22:24:46.653+0000][7][gc,start    ] GC(78) Pause Young (Normal) (G1 Evacuation Pause)
[2023-11-15T22:24:46.653+0000][7][gc,task     ] GC(78) Using 8 workers of 8 for evacuation
[2023-11-15T22:24:46.653+0000][7][gc,age      ] GC(78) Desired survivor size 18874368 bytes, new threshold 15 (max threshold 15)
[2023-11-15T22:24:46.659+0000][7][gc,age      ] GC(78) Age table with threshold 15 (max threshold 15)
[2023-11-15T22:24:46.659+0000][7][gc,age      ] GC(78) - age   1:    1504768 bytes,    1504768 total
[2023-11-15T22:24:46.659+0000][7][gc,age      ] GC(78) - age   2:     469512 bytes,    1974280 total
[2023-11-15T22:24:46.659+0000][7][gc,age      ] GC(78) - age   3:     534456 bytes,    2508736 total
[2023-11-15T22:24:46.659+0000][7][gc,age      ] GC(78) - age   4:    1826696 bytes,    4335432 total
[2023-11-15T22:24:46.659+0000][7][gc,age      ] GC(78) - age   5:    1401952 bytes,    5737384 total
[2023-11-15T22:24:46.659+0000][7][gc,age      ] GC(78) - age   6:    2552912 bytes,    8290296 total
[2023-11-15T22:24:46.659+0000][7][gc,age      ] GC(78) - age   7:     335496 bytes,    8625792 total
[2023-11-15T22:24:46.659+0000][7][gc,age      ] GC(78) - age   8:     335600 bytes,    8961392 total
[2023-11-15T22:24:46.659+0000][7][gc,age      ] GC(78) - age   9:     314280 bytes,    9275672 total
[2023-11-15T22:24:46.659+0000][7][gc,age      ] GC(78) - age  10:     268400 bytes,    9544072 total
[2023-11-15T22:24:46.659+0000][7][gc,age      ] GC(78) - age  11:     652264 bytes,   10196336 total
[2023-11-15T22:24:46.659+0000][7][gc,age      ] GC(78) - age  12:     335056 bytes,   10531392 total
[2023-11-15T22:24:46.659+0000][7][gc,age      ] GC(78) - age  13:     336480 bytes,   10867872 total
[2023-11-15T22:24:46.659+0000][7][gc,age      ] GC(78) - age  14:     346656 bytes,   11214528 total
[2023-11-15T22:24:46.659+0000][7][gc,age      ] GC(78) - age  15:     368016 bytes,   11582544 total
[2023-11-15T22:24:46.659+0000][7][gc,phases   ] GC(78)   Pre Evacuate Collection Set: 0.1ms
[2023-11-15T22:24:46.659+0000][7][gc,phases   ] GC(78)   Merge Heap Roots: 0.0ms
[2023-11-15T22:24:46.659+0000][7][gc,phases   ] GC(78)   Evacuate Collection Set: 5.8ms
[2023-11-15T22:24:46.659+0000][7][gc,phases   ] GC(78)   Post Evacuate Collection Set: 0.5ms
[2023-11-15T22:24:46.659+0000][7][gc,phases   ] GC(78)   Other: 0.2ms
[2023-11-15T22:24:46.659+0000][7][gc,heap     ] GC(78) Eden regions: 69->0(69)
[2023-11-15T22:24:46.659+0000][7][gc,heap     ] GC(78) Survivor regions: 3->3(9)
[2023-11-15T22:24:46.659+0000][7][gc,heap     ] GC(78) Old regions: 26->26
[2023-11-15T22:24:46.659+0000][7][gc,heap     ] GC(78) Archive regions: 2->2
[2023-11-15T22:24:46.659+0000][7][gc,heap     ] GC(78) Humongous regions: 5->5
[2023-11-15T22:24:46.659+0000][7][gc,metaspace] GC(78) Metaspace: 116764K(118400K)->116764K(118400K) NonClass: 101248K(102272K)->101248K(102272K) Class: 15516K(16128K)->15516K(16128K)
[2023-11-15T22:24:46.659+0000][7][gc          ] GC(78) Pause Young (Normal) (G1 Evacuation Pause) 414M->138M(512M) 6.743ms
[2023-11-15T22:24:46.659+0000][7][gc,cpu      ] GC(78) User=0.02s Sys=0.00s Real=0.01s
[2023-11-15T22:24:46.659+0000][7][safepoint   ] Safepoint "G1CollectForAllocation", Time since last: 1899767677 ns, Reaching safepoint: 41163 ns, At safepoint: 6817397 ns, Total: 6858560 ns
[2023-11-15T22:24:47.660+0000][7][safepoint   ] Safepoint "Cleanup", Time since last: 1000118693 ns, Reaching safepoint: 79171 ns, At safepoint: 10434 ns, Total: 89605 ns
[2023-11-15T22:24:49.660+0000][7][safepoint   ] Safepoint "Cleanup", Time since last: 2000250762 ns, Reaching safepoint: 170839 ns, At safepoint: 18186 ns, Total: 189025 ns
[2023-11-15T22:24:50.660+0000][7][safepoint   ] Safepoint "Cleanup", Time since last: 1000217561 ns, Reaching safepoint: 44935 ns, At safepoint: 6976 ns, Total: 51911 ns
[2023-11-15T22:24:52.661+0000][7][safepoint   ] Safepoint "Cleanup", Time since last: 2000193119 ns, Reaching safepoint: 127170 ns, At safepoint: 8534 ns, Total: 135704 ns
[2023-11-15T22:24:53.661+0000][7][safepoint   ] Safepoint "Cleanup", Time since last: 1000349833 ns, Reaching safepoint: 71210 ns, At safepoint: 6295 ns, Total: 77505 ns
[2023-11-15T22:24:54.661+0000][7][safepoint   ] Safepoint "Cleanup", Time since last: 1000197149 ns, Reaching safepoint: 119558 ns, At safepoint: 16686 ns, Total: 136244 ns
[2023-11-15T22:24:56.662+0000][7][safepoint   ] Safepoint "Cleanup", Time since last: 2000300453 ns, Reaching safepoint: 218943 ns, At safepoint: 20981 ns, Total: 239924 ns
[2023-11-15T22:24:57.662+0000][7][safepoint   ] Safepoint "Cleanup", Time since last: 1000273170 ns, Reaching safepoint: 143736 ns, At safepoint: 24556 ns, Total: 168292 ns
[2023-11-15T22:24:58.663+0000][7][safepoint   ] Safepoint "Cleanup", Time since last: 1000201169 ns, Reaching safepoint: 180058 ns, At safepoint: 26085 ns, Total: 206143 ns
[2023-11-15T22:24:59.663+0000][7][safepoint   ] Safepoint "Cleanup", Time since last: 1000333862 ns, Reaching safepoint: 91627 ns, At safepoint: 14313 ns, Total: 105940 ns
[2023-11-15T22:25:01.664+0000][7][safepoint   ] Safepoint "Cleanup", Time since last: 2000325246 ns, Reaching safepoint: 150490 ns, At safepoint: 14405 ns, Total: 164895 ns
[2023-11-15T22:25:01.898+0000][7][gc,start    ] GC(79) Pause Young (Normal) (G1 Evacuation Pause)
[2023-11-15T22:25:01.898+0000][7][gc,task     ] GC(79) Using 8 workers of 8 for evacuation
[2023-11-15T22:25:01.898+0000][7][gc,age      ] GC(79) Desired survivor size 18874368 bytes, new threshold 15 (max threshold 15)
[2023-11-15T22:25:01.909+0000][7][gc,age      ] GC(79) Age table with threshold 15 (max threshold 15)
[2023-11-15T22:25:01.909+0000][7][gc,age      ] GC(79) - age   1:    3117616 bytes,    3117616 total
[2023-11-15T22:25:01.909+0000][7][gc,age      ] GC(79) - age   2:     664376 bytes,    3781992 total
[2023-11-15T22:25:01.909+0000][7][gc,age      ] GC(79) - age   3:     301224 bytes,    4083216 total
[2023-11-15T22:25:01.909+0000][7][gc,age      ] GC(79) - age   4:     533688 bytes,    4616904 total
[2023-11-15T22:25:01.909+0000][7][gc,age      ] GC(79) - age   5:    1826280 bytes,    6443184 total
[2023-11-15T22:25:01.909+0000][7][gc,age      ] GC(79) - age   6:    1401696 bytes,    7844880 total
[2023-11-15T22:25:01.909+0000][7][gc,age      ] GC(79) - age   7:    1697272 bytes,    9542152 total
[2023-11-15T22:25:01.909+0000][7][gc,age      ] GC(79) - age   8:     335496 bytes,    9877648 total
[2023-11-15T22:25:01.909+0000][7][gc,age      ] GC(79) - age   9:     335600 bytes,   10213248 total
[2023-11-15T22:25:01.909+0000][7][gc,age      ] GC(79) - age  10:     314216 bytes,   10527464 total
[2023-11-15T22:25:01.909+0000][7][gc,age      ] GC(79) - age  11:     268400 bytes,   10795864 total
[2023-11-15T22:25:01.909+0000][7][gc,age      ] GC(79) - age  12:     652264 bytes,   11448128 total
[2023-11-15T22:25:01.909+0000][7][gc,age      ] GC(79) - age  13:     335056 bytes,   11783184 total
[2023-11-15T22:25:01.909+0000][7][gc,age      ] GC(79) - age  14:     336480 bytes,   12119664 total
[2023-11-15T22:25:01.909+0000][7][gc,age      ] GC(79) - age  15:     346656 bytes,   12466320 total
[2023-11-15T22:25:01.909+0000][7][gc,phases   ] GC(79)   Pre Evacuate Collection Set: 0.2ms
[2023-11-15T22:25:01.909+0000][7][gc,phases   ] GC(79)   Merge Heap Roots: 0.1ms
[2023-11-15T22:25:01.909+0000][7][gc,phases   ] GC(79)   Evacuate Collection Set: 10.0ms
[2023-11-15T22:25:01.909+0000][7][gc,phases   ] GC(79)   Post Evacuate Collection Set: 0.8ms
[2023-11-15T22:25:01.909+0000][7][gc,phases   ] GC(79)   Other: 0.4ms
[2023-11-15T22:25:01.909+0000][7][gc,heap     ] GC(79) Eden regions: 69->0(67)
[2023-11-15T22:25:01.909+0000][7][gc,heap     ] GC(79) Survivor regions: 3->4(9)
[2023-11-15T22:25:01.909+0000][7][gc,heap     ] GC(79) Old regions: 26->26
[2023-11-15T22:25:01.909+0000][7][gc,heap     ] GC(79) Archive regions: 2->2
[2023-11-15T22:25:01.909+0000][7][gc,heap     ] GC(79) Humongous regions: 5->5
[2023-11-15T22:25:01.909+0000][7][gc,metaspace] GC(79) Metaspace: 116768K(118400K)->116768K(118400K) NonClass: 101252K(102272K)->101252K(102272K) Class: 15516K(16128K)->15516K(16128K)
[2023-11-15T22:25:01.909+0000][7][gc          ] GC(79) Pause Young (Normal) (G1 Evacuation Pause) 414M->139M(512M) 11.509ms
[2023-11-15T22:25:01.909+0000][7][gc,cpu      ] GC(79) User=0.03s Sys=0.01s Real=0.01s
[2023-11-15T22:25:01.909+0000][7][safepoint   ] Safepoint "G1CollectForAllocation", Time since last: 233986305 ns, Reaching safepoint: 118507 ns, At safepoint: 11645543 ns, Total: 11764050 ns
[2023-11-15T22:25:04.910+0000][7][safepoint   ] Safepoint "Cleanup", Time since last: 3000472904 ns, Reaching safepoint: 126900 ns, At safepoint: 15324 ns, Total: 142224 ns
[2023-11-15T22:25:06.911+0000][7][safepoint   ] Safepoint "Cleanup", Time since last: 2000300922 ns, Reaching safepoint: 126114 ns, At safepoint: 33801 ns, Total: 159915 ns
[2023-11-15T22:25:07.911+0000][7][safepoint   ] Safepoint "Cleanup", Time since last: 1000200717 ns, Reaching safepoint: 161050 ns, At safepoint: 23410 ns, Total: 184460 ns
[2023-11-15T22:25:09.911+0000][7][safepoint   ] Safepoint "Cleanup", Time since last: 2000356747 ns, Reaching safepoint: 101171 ns, At safepoint: 18625 ns, Total: 119796 ns
[2023-11-15T22:25:10.912+0000][7][safepoint   ] Safepoint "Cleanup", Time since last: 1000238615 ns, Reaching safepoint: 130374 ns, At safepoint: 14284 ns, Total: 144658 ns
[2023-11-15T22:25:11.912+0000][7][safepoint   ] Safepoint "Cleanup", Time since last: 1000201742 ns, Reaching safepoint: 157185 ns, At safepoint: 74022 ns, Total: 231207 ns
[2023-11-15T22:25:13.913+0000][7][safepoint   ] Safepoint "Cleanup", Time since last: 2000354736 ns, Reaching safepoint: 161720 ns, At safepoint: 14250 ns, Total: 175970 ns
[2023-11-15T22:25:14.913+0000][7][safepoint   ] Safepoint "Cleanup", Time since last: 1000232325 ns, Reaching safepoint: 126463 ns, At safepoint: 22062 ns, Total: 148525 ns
[2023-11-15T22:25:16.914+0000][7][safepoint   ] Safepoint "Cleanup", Time since last: 2000302123 ns, Reaching safepoint: 114893 ns, At safepoint: 12959 ns, Total: 127852 ns
[2023-11-15T22:25:19.309+0000][7][gc,start    ] GC(80) Pause Young (Normal) (G1 Evacuation Pause)
[2023-11-15T22:25:19.309+0000][7][gc,task     ] GC(80) Using 8 workers of 8 for evacuation
[2023-11-15T22:25:19.310+0000][7][gc,age      ] GC(80) Desired survivor size 18874368 bytes, new threshold 15 (max threshold 15)
[2023-11-15T22:25:19.319+0000][7][gc,age      ] GC(80) Age table with threshold 15 (max threshold 15)
[2023-11-15T22:25:19.319+0000][7][gc,age      ] GC(80) - age   1:    3081088 bytes,    3081088 total
[2023-11-15T22:25:19.320+0000][7][gc,age      ] GC(80) - age   2:    1443168 bytes,    4524256 total
[2023-11-15T22:25:19.320+0000][7][gc,age      ] GC(80) - age   3:     481344 bytes,    5005600 total
[2023-11-15T22:25:19.320+0000][7][gc,age      ] GC(80) - age   4:     300648 bytes,    5306248 total
[2023-11-15T22:25:19.320+0000][7][gc,age      ] GC(80) - age   5:     532704 bytes,    5838952 total
[2023-11-15T22:25:19.320+0000][7][gc,age      ] GC(80) - age   6:    1826280 bytes,    7665232 total
[2023-11-15T22:25:19.320+0000][7][gc,age      ] GC(80) - age   7:    1401696 bytes,    9066928 total
[2023-11-15T22:25:19.320+0000][7][gc,age      ] GC(80) - age   8:     334392 bytes,    9401320 total
[2023-11-15T22:25:19.320+0000][7][gc,age      ] GC(80) - age   9:     335496 bytes,    9736816 total
[2023-11-15T22:25:19.320+0000][7][gc,age      ] GC(80) - age  10:     335600 bytes,   10072416 total
[2023-11-15T22:25:19.320+0000][7][gc,age      ] GC(80) - age  11:     314216 bytes,   10386632 total
[2023-11-15T22:25:19.320+0000][7][gc,age      ] GC(80) - age  12:     268400 bytes,   10655032 total
[2023-11-15T22:25:19.320+0000][7][gc,age      ] GC(80) - age  13:     652264 bytes,   11307296 total
[2023-11-15T22:25:19.320+0000][7][gc,age      ] GC(80) - age  14:     335056 bytes,   11642352 total
[2023-11-15T22:25:19.320+0000][7][gc,age      ] GC(80) - age  15:     336480 bytes,   11978832 total
[2023-11-15T22:25:19.320+0000][7][gc,phases   ] GC(80)   Pre Evacuate Collection Set: 0.1ms
[2023-11-15T22:25:19.320+0000][7][gc,phases   ] GC(80)   Merge Heap Roots: 0.1ms
[2023-11-15T22:25:19.320+0000][7][gc,phases   ] GC(80)   Evacuate Collection Set: 8.5ms
[2023-11-15T22:25:19.320+0000][7][gc,phases   ] GC(80)   Post Evacuate Collection Set: 1.2ms
[2023-11-15T22:25:19.320+0000][7][gc,phases   ] GC(80)   Other: 0.5ms
[2023-11-15T22:25:19.320+0000][7][gc,heap     ] GC(80) Eden regions: 67->0(69)
[2023-11-15T22:25:19.320+0000][7][gc,heap     ] GC(80) Survivor regions: 4->3(9)
[2023-11-15T22:25:19.320+0000][7][gc,heap     ] GC(80) Old regions: 26->26
[2023-11-15T22:25:19.320+0000][7][gc,heap     ] GC(80) Archive regions: 2->2
[2023-11-15T22:25:19.320+0000][7][gc,heap     ] GC(80) Humongous regions: 5->5
[2023-11-15T22:25:19.320+0000][7][gc,metaspace] GC(80) Metaspace: 116772K(118400K)->116772K(118400K) NonClass: 101256K(102272K)->101256K(102272K) Class: 15516K(16128K)->15516K(16128K)
[2023-11-15T22:25:19.320+0000][7][gc          ] GC(80) Pause Young (Normal) (G1 Evacuation Pause) 407M->139M(512M) 10.576ms
[2023-11-15T22:25:19.320+0000][7][gc,cpu      ] GC(80) User=0.04s Sys=0.01s Real=0.01s
[2023-11-15T22:25:19.320+0000][7][safepoint   ] Safepoint "G1CollectForAllocation", Time since last: 2395542560 ns, Reaching safepoint: 167795 ns, At safepoint: 10754316 ns, Total: 10922111 ns
[2023-11-15T22:25:20.320+0000][7][safepoint   ] Safepoint "Cleanup", Time since last: 1000195715 ns, Reaching safepoint: 64978 ns, At safepoint: 9283 ns, Total: 74261 ns
[2023-11-15T22:25:22.321+0000][7][safepoint   ] Safepoint "Cleanup", Time since last: 2000290325 ns, Reaching safepoint: 130435 ns, At safepoint: 16041 ns, Total: 146476 ns
[2023-11-15T22:25:23.321+0000][7][safepoint   ] Safepoint "Cleanup", Time since last: 1000219056 ns, Reaching safepoint: 97906 ns, At safepoint: 20840 ns, Total: 118746 ns
[2023-11-15T22:25:24.321+0000][7][safepoint   ] Safepoint "Cleanup", Time since last: 1000199990 ns, Reaching safepoint: 95528 ns, At safepoint: 14664 ns, Total: 110192 ns
[2023-11-15T22:25:26.322+0000][7][safepoint   ] Safepoint "Cleanup", Time since last: 2000281656 ns, Reaching safepoint: 80603 ns, At safepoint: 11951 ns, Total: 92554 ns
[2023-11-15T22:25:27.322+0000][7][safepoint   ] Safepoint "Cleanup", Time since last: 1000248702 ns, Reaching safepoint: 128518 ns, At safepoint: 13856 ns, Total: 142374 ns
[2023-11-15T22:25:29.322+0000][7][safepoint   ] Safepoint "Cleanup", Time since last: 2000234331 ns, Reaching safepoint: 74056 ns, At safepoint: 6041 ns, Total: 80097 ns
[2023-11-15T22:25:32.323+0000][7][safepoint   ] Safepoint "Cleanup", Time since last: 3000382227 ns, Reaching safepoint: 36797 ns, At safepoint: 4111 ns, Total: 40908 ns
[2023-11-15T22:25:34.323+0000][7][safepoint   ] Safepoint "Cleanup", Time since last: 2000289813 ns, Reaching safepoint: 170048 ns, At safepoint: 21199 ns, Total: 191247 ns
[2023-11-15T22:25:35.324+0000][7][safepoint   ] Safepoint "Cleanup", Time since last: 1000198767 ns, Reaching safepoint: 150364 ns, At safepoint: 14339 ns, Total: 164703 ns
[2023-11-15T22:25:36.440+0000][7][gc,start    ] GC(81) Pause Young (Normal) (G1 Evacuation Pause)
[2023-11-15T22:25:36.440+0000][7][gc,task     ] GC(81) Using 8 workers of 8 for evacuation
[2023-11-15T22:25:36.440+0000][7][gc,age      ] GC(81) Desired survivor size 18874368 bytes, new threshold 15 (max threshold 15)
[2023-11-15T22:25:36.446+0000][7][gc,age      ] GC(81) Age table with threshold 15 (max threshold 15)
[2023-11-15T22:25:36.446+0000][7][gc,age      ] GC(81) - age   1:    1423808 bytes,    1423808 total
[2023-11-15T22:25:36.446+0000][7][gc,age      ] GC(81) - age   2:    1877688 bytes,    3301496 total
[2023-11-15T22:25:36.446+0000][7][gc,age      ] GC(81) - age   3:    1440496 bytes,    4741992 total
[2023-11-15T22:25:36.446+0000][7][gc,age      ] GC(81) - age   4:     480088 bytes,    5222080 total
[2023-11-15T22:25:36.446+0000][7][gc,age      ] GC(81) - age   5:     300168 bytes,    5522248 total
[2023-11-15T22:25:36.446+0000][7][gc,age      ] GC(81) - age   6:     532512 bytes,    6054760 total
[2023-11-15T22:25:36.446+0000][7][gc,age      ] GC(81) - age   7:    1826216 bytes,    7880976 total
[2023-11-15T22:25:36.446+0000][7][gc,age      ] GC(81) - age   8:    1399384 bytes,    9280360 total
[2023-11-15T22:25:36.446+0000][7][gc,age      ] GC(81) - age   9:     334328 bytes,    9614688 total
[2023-11-15T22:25:36.446+0000][7][gc,age      ] GC(81) - age  10:     335496 bytes,    9950184 total
[2023-11-15T22:25:36.446+0000][7][gc,age      ] GC(81) - age  11:     335568 bytes,   10285752 total
[2023-11-15T22:25:36.446+0000][7][gc,age      ] GC(81) - age  12:     314216 bytes,   10599968 total
[2023-11-15T22:25:36.446+0000][7][gc,age      ] GC(81) - age  13:     268368 bytes,   10868336 total
[2023-11-15T22:25:36.446+0000][7][gc,age      ] GC(81) - age  14:     652264 bytes,   11520600 total
[2023-11-15T22:25:36.446+0000][7][gc,age      ] GC(81) - age  15:     335056 bytes,   11855656 total
[2023-11-15T22:25:36.446+0000][7][gc,phases   ] GC(81)   Pre Evacuate Collection Set: 0.1ms
[2023-11-15T22:25:36.446+0000][7][gc,phases   ] GC(81)   Merge Heap Roots: 0.1ms
[2023-11-15T22:25:36.446+0000][7][gc,phases   ] GC(81)   Evacuate Collection Set: 4.7ms
[2023-11-15T22:25:36.446+0000][7][gc,phases   ] GC(81)   Post Evacuate Collection Set: 1.2ms
[2023-11-15T22:25:36.446+0000][7][gc,phases   ] GC(81)   Other: 0.6ms
[2023-11-15T22:25:36.446+0000][7][gc,heap     ] GC(81) Eden regions: 69->0(69)
[2023-11-15T22:25:36.446+0000][7][gc,heap     ] GC(81) Survivor regions: 3->3(9)
[2023-11-15T22:25:36.446+0000][7][gc,heap     ] GC(81) Old regions: 26->26
[2023-11-15T22:25:36.446+0000][7][gc,heap     ] GC(81) Archive regions: 2->2
[2023-11-15T22:25:36.446+0000][7][gc,heap     ] GC(81) Humongous regions: 5->5
[2023-11-15T22:25:36.446+0000][7][gc,metaspace] GC(81) Metaspace: 116774K(118400K)->116774K(118400K) NonClass: 101257K(102272K)->101257K(102272K) Class: 15516K(16128K)->15516K(16128K)
[2023-11-15T22:25:36.446+0000][7][gc          ] GC(81) Pause Young (Normal) (G1 Evacuation Pause) 415M->139M(512M) 6.851ms
[2023-11-15T22:25:36.447+0000][7][gc,cpu      ] GC(81) User=0.03s Sys=0.01s Real=0.01s
[2023-11-15T22:25:36.447+0000][7][safepoint   ] Safepoint "G1CollectForAllocation", Time since last: 1115735513 ns, Reaching safepoint: 68544 ns, At safepoint: 7021673 ns, Total: 7090217 ns
[2023-11-15T22:25:37.447+0000][7][safepoint   ] Safepoint "Cleanup", Time since last: 1000122960 ns, Reaching safepoint: 112358 ns, At safepoint: 11810 ns, Total: 124168 ns
[2023-11-15T22:25:38.447+0000][7][safepoint   ] Safepoint "Cleanup", Time since last: 1000214205 ns, Reaching safepoint: 66020 ns, At safepoint: 9736 ns, Total: 75756 ns
[2023-11-15T22:25:39.447+0000][7][safepoint   ] Safepoint "Cleanup", Time since last: 1000156777 ns, Reaching safepoint: 83852 ns, At safepoint: 9485 ns, Total: 93337 ns
[2023-11-15T22:25:41.448+0000][7][safepoint   ] Safepoint "Cleanup", Time since last: 2000283017 ns, Reaching safepoint: 128536 ns, At safepoint: 24542 ns, Total: 153078 ns
[2023-11-15T22:25:42.448+0000][7][safepoint   ] Safepoint "Cleanup", Time since last: 1000246781 ns, Reaching safepoint: 110209 ns, At safepoint: 14493 ns, Total: 124702 ns
[2023-11-15T22:25:44.449+0000][7][safepoint   ] Safepoint "Cleanup", Time since last: 2000250500 ns, Reaching safepoint: 142869 ns, At safepoint: 26131 ns, Total: 169000 ns
[2023-11-15T22:25:47.449+0000][7][safepoint   ] Safepoint "Cleanup", Time since last: 3000797709 ns, Reaching safepoint: 34408 ns, At safepoint: 5388 ns, Total: 39796 ns
[2023-11-15T22:25:49.450+0000][7][safepoint   ] Safepoint "Cleanup", Time since last: 2000217020 ns, Reaching safepoint: 69006 ns, At safepoint: 8689 ns, Total: 77695 ns
[2023-11-15T22:25:50.450+0000][7][safepoint   ] Safepoint "Cleanup", Time since last: 1000141653 ns, Reaching safepoint: 96086 ns, At safepoint: 10734 ns, Total: 106820 ns
[2023-11-15T22:25:52.450+0000][7][safepoint   ] Safepoint "Cleanup", Time since last: 2000297307 ns, Reaching safepoint: 125692 ns, At safepoint: 25583 ns, Total: 151275 ns
[2023-11-15T22:25:52.560+0000][7][gc,start    ] GC(82) Pause Young (Normal) (G1 Evacuation Pause)
[2023-11-15T22:25:52.560+0000][7][gc,task     ] GC(82) Using 8 workers of 8 for evacuation
[2023-11-15T22:25:52.560+0000][7][gc,age      ] GC(82) Desired survivor size 18874368 bytes, new threshold 15 (max threshold 15)
[2023-11-15T22:25:52.573+0000][7][gc,age      ] GC(82) Age table with threshold 15 (max threshold 15)
[2023-11-15T22:25:52.573+0000][7][gc,age      ] GC(82) - age   1:    3239848 bytes,    3239848 total
[2023-11-15T22:25:52.573+0000][7][gc,age      ] GC(82) - age   2:     346768 bytes,    3586616 total
[2023-11-15T22:25:52.573+0000][7][gc,age      ] GC(82) - age   3:    1870848 bytes,    5457464 total
[2023-11-15T22:25:52.573+0000][7][gc,age      ] GC(82) - age   4:    1423576 bytes,    6881040 total
[2023-11-15T22:25:52.573+0000][7][gc,age      ] GC(82) - age   5:     479520 bytes,    7360560 total
[2023-11-15T22:25:52.573+0000][7][gc,age      ] GC(82) - age   6:     300104 bytes,    7660664 total
[2023-11-15T22:25:52.573+0000][7][gc,age      ] GC(82) - age   7:     531840 bytes,    8192504 total
[2023-11-15T22:25:52.573+0000][7][gc,age      ] GC(82) - age   8:     336728 bytes,    8529232 total
[2023-11-15T22:25:52.574+0000][7][gc,age      ] GC(82) - age   9:    1396776 bytes,    9926008 total
[2023-11-15T22:25:52.574+0000][7][gc,age      ] GC(82) - age  10:     334328 bytes,   10260336 total
[2023-11-15T22:25:52.574+0000][7][gc,age      ] GC(82) - age  11:     335496 bytes,   10595832 total
[2023-11-15T22:25:52.574+0000][7][gc,age      ] GC(82) - age  12:     335568 bytes,   10931400 total
[2023-11-15T22:25:52.574+0000][7][gc,age      ] GC(82) - age  13:     314216 bytes,   11245616 total
[2023-11-15T22:25:52.574+0000][7][gc,age      ] GC(82) - age  14:     268368 bytes,   11513984 total
[2023-11-15T22:25:52.574+0000][7][gc,age      ] GC(82) - age  15:     652264 bytes,   12166248 total
[2023-11-15T22:25:52.574+0000][7][gc,phases   ] GC(82)   Pre Evacuate Collection Set: 0.2ms
[2023-11-15T22:25:52.574+0000][7][gc,phases   ] GC(82)   Merge Heap Roots: 0.2ms
[2023-11-15T22:25:52.574+0000][7][gc,phases   ] GC(82)   Evacuate Collection Set: 11.8ms
[2023-11-15T22:25:52.574+0000][7][gc,phases   ] GC(82)   Post Evacuate Collection Set: 1.5ms
[2023-11-15T22:25:52.574+0000][7][gc,phases   ] GC(82)   Other: 0.6ms
[2023-11-15T22:25:52.574+0000][7][gc,heap     ] GC(82) Eden regions: 69->0(68)
[2023-11-15T22:25:52.574+0000][7][gc,heap     ] GC(82) Survivor regions: 3->3(9)
[2023-11-15T22:25:52.574+0000][7][gc,heap     ] GC(82) Old regions: 26->27
[2023-11-15T22:25:52.574+0000][7][gc,heap     ] GC(82) Archive regions: 2->2
[2023-11-15T22:25:52.574+0000][7][gc,heap     ] GC(82) Humongous regions: 5->5
[2023-11-15T22:25:52.574+0000][7][gc,metaspace] GC(82) Metaspace: 116801K(118400K)->116801K(118400K) NonClass: 101284K(102272K)->101284K(102272K) Class: 15516K(16128K)->15516K(16128K)
[2023-11-15T22:25:52.574+0000][7][gc          ] GC(82) Pause Young (Normal) (G1 Evacuation Pause) 415M->140M(512M) 14.368ms
[2023-11-15T22:25:52.574+0000][7][gc,cpu      ] GC(82) User=0.04s Sys=0.01s Real=0.01s
[2023-11-15T22:25:52.574+0000][7][safepoint   ] Safepoint "G1CollectForAllocation", Time since last: 108871349 ns, Reaching safepoint: 139928 ns, At safepoint: 14564935 ns, Total: 14704863 ns
[2023-11-15T22:25:53.574+0000][7][safepoint   ] Safepoint "Cleanup", Time since last: 1000145300 ns, Reaching safepoint: 170584 ns, At safepoint: 29655 ns, Total: 200239 ns
[2023-11-15T22:25:54.575+0000][7][safepoint   ] Safepoint "Cleanup", Time since last: 1000201534 ns, Reaching safepoint: 145378 ns, At safepoint: 17690 ns, Total: 163068 ns
[2023-11-15T22:25:56.575+0000][7][safepoint   ] Safepoint "Cleanup", Time since last: 2000272360 ns, Reaching safepoint: 54711 ns, At safepoint: 5334 ns, Total: 60045 ns
[2023-11-15T22:25:57.575+0000][7][safepoint   ] Safepoint "Cleanup", Time since last: 1000208552 ns, Reaching safepoint: 104452 ns, At safepoint: 16939 ns, Total: 121391 ns
[2023-11-15T22:25:59.576+0000][7][safepoint   ] Safepoint "Cleanup", Time since last: 2000251855 ns, Reaching safepoint: 103530 ns, At safepoint: 17794 ns, Total: 121324 ns
[2023-11-15T22:26:02.576+0000][7][safepoint   ] Safepoint "Cleanup", Time since last: 3000578639 ns, Reaching safepoint: 111190 ns, At safepoint: 15289 ns, Total: 126479 ns
[2023-11-15T22:26:04.577+0000][7][safepoint   ] Safepoint "Cleanup", Time since last: 2000345169 ns, Reaching safepoint: 107315 ns, At safepoint: 20961 ns, Total: 128276 ns
[2023-11-15T22:26:05.577+0000][7][safepoint   ] Safepoint "Cleanup", Time since last: 1000237766 ns, Reaching safepoint: 76935 ns, At safepoint: 13841 ns, Total: 90776 ns
[2023-11-15T22:26:07.578+0000][7][safepoint   ] Safepoint "Cleanup", Time since last: 2000278727 ns, Reaching safepoint: 81303 ns, At safepoint: 12054 ns, Total: 93357 ns
[2023-11-15T22:26:08.578+0000][7][safepoint   ] Safepoint "Cleanup", Time since last: 1000215016 ns, Reaching safepoint: 178627 ns, At safepoint: 29435 ns, Total: 208062 ns
[2023-11-15T22:26:09.395+0000][7][gc,start    ] GC(83) Pause Young (Normal) (G1 Evacuation Pause)
[2023-11-15T22:26:09.395+0000][7][gc,task     ] GC(83) Using 8 workers of 8 for evacuation
[2023-11-15T22:26:09.395+0000][7][gc,age      ] GC(83) Desired survivor size 18874368 bytes, new threshold 15 (max threshold 15)
[2023-11-15T22:26:09.404+0000][7][gc,age      ] GC(83) Age table with threshold 15 (max threshold 15)
[2023-11-15T22:26:09.404+0000][7][gc,age      ] GC(83) - age   1:    1448208 bytes,    1448208 total
[2023-11-15T22:26:09.404+0000][7][gc,age      ] GC(83) - age   2:    2153312 bytes,    3601520 total
[2023-11-15T22:26:09.404+0000][7][gc,age      ] GC(83) - age   3:     336680 bytes,    3938200 total
[2023-11-15T22:26:09.404+0000][7][gc,age      ] GC(83) - age   4:    1870464 bytes,    5808664 total
[2023-11-15T22:26:09.404+0000][7][gc,age      ] GC(83) - age   5:    1295192 bytes,    7103856 total
[2023-11-15T22:26:09.404+0000][7][gc,age      ] GC(83) - age   6:     479432 bytes,    7583288 total
[2023-11-15T22:26:09.404+0000][7][gc,age      ] GC(83) - age   7:     299848 bytes,    7883136 total
[2023-11-15T22:26:09.404+0000][7][gc,age      ] GC(83) - age   8:     531312 bytes,    8414448 total
[2023-11-15T22:26:09.404+0000][7][gc,age      ] GC(83) - age   9:     334928 bytes,    8749376 total
[2023-11-15T22:26:09.404+0000][7][gc,age      ] GC(83) - age  10:    1396776 bytes,   10146152 total
[2023-11-15T22:26:09.404+0000][7][gc,age      ] GC(83) - age  11:     333408 bytes,   10479560 total
[2023-11-15T22:26:09.404+0000][7][gc,age      ] GC(83) - age  12:     335496 bytes,   10815056 total
[2023-11-15T22:26:09.404+0000][7][gc,age      ] GC(83) - age  13:     335568 bytes,   11150624 total
[2023-11-15T22:26:09.404+0000][7][gc,age      ] GC(83) - age  14:     314216 bytes,   11464840 total
[2023-11-15T22:26:09.404+0000][7][gc,age      ] GC(83) - age  15:     268368 bytes,   11733208 total
[2023-11-15T22:26:09.404+0000][7][gc,phases   ] GC(83)   Pre Evacuate Collection Set: 0.2ms
[2023-11-15T22:26:09.404+0000][7][gc,phases   ] GC(83)   Merge Heap Roots: 0.2ms
[2023-11-15T22:26:09.404+0000][7][gc,phases   ] GC(83)   Evacuate Collection Set: 7.1ms
[2023-11-15T22:26:09.404+0000][7][gc,phases   ] GC(83)   Post Evacuate Collection Set: 1.4ms
[2023-11-15T22:26:09.404+0000][7][gc,phases   ] GC(83)   Other: 0.6ms
[2023-11-15T22:26:09.404+0000][7][gc,heap     ] GC(83) Eden regions: 68->0(68)
[2023-11-15T22:26:09.404+0000][7][gc,heap     ] GC(83) Survivor regions: 3->3(9)
[2023-11-15T22:26:09.404+0000][7][gc,heap     ] GC(83) Old regions: 27->27
[2023-11-15T22:26:09.404+0000][7][gc,heap     ] GC(83) Archive regions: 2->2
[2023-11-15T22:26:09.404+0000][7][gc,heap     ] GC(83) Humongous regions: 5->5
[2023-11-15T22:26:09.404+0000][7][gc,metaspace] GC(83) Metaspace: 116806K(118400K)->116806K(118400K) NonClass: 101289K(102272K)->101289K(102272K) Class: 15516K(16128K)->15516K(16128K)
[2023-11-15T22:26:09.404+0000][7][gc          ] GC(83) Pause Young (Normal) (G1 Evacuation Pause) 412M->140M(512M) 9.646ms
[2023-11-15T22:26:09.404+0000][7][gc,cpu      ] GC(83) User=0.04s Sys=0.01s Real=0.01s
[2023-11-15T22:26:09.404+0000][7][safepoint   ] Safepoint "G1CollectForAllocation", Time since last: 816332064 ns, Reaching safepoint: 85234 ns, At safepoint: 9839609 ns, Total: 9924843 ns
[2023-11-15T22:26:11.405+0000][7][safepoint   ] Safepoint "Cleanup", Time since last: 2000246874 ns, Reaching safepoint: 88653 ns, At safepoint: 11605 ns, Total: 100258 ns
[2023-11-15T22:26:12.405+0000][7][safepoint   ] Safepoint "Cleanup", Time since last: 1000164319 ns, Reaching safepoint: 82180 ns, At safepoint: 9358 ns, Total: 91538 ns
[2023-11-15T22:26:14.405+0000][7][safepoint   ] Safepoint "Cleanup", Time since last: 2000261835 ns, Reaching safepoint: 43341 ns, At safepoint: 7450 ns, Total: 50791 ns
[2023-11-15T22:26:17.406+0000][7][safepoint   ] Safepoint "Cleanup", Time since last: 3000415936 ns, Reaching safepoint: 53087 ns, At safepoint: 5605 ns, Total: 58692 ns
[2023-11-15T22:26:19.406+0000][7][safepoint   ] Safepoint "Cleanup", Time since last: 2000220057 ns, Reaching safepoint: 64498 ns, At safepoint: 7212 ns, Total: 71710 ns
[2023-11-15T22:26:20.406+0000][7][safepoint   ] Safepoint "Cleanup", Time since last: 1000128385 ns, Reaching safepoint: 101772 ns, At safepoint: 6152 ns, Total: 107924 ns
[2023-11-15T22:26:22.407+0000][7][safepoint   ] Safepoint "Cleanup", Time since last: 2000247776 ns, Reaching safepoint: 134361 ns, At safepoint: 10419 ns, Total: 144780 ns
[2023-11-15T22:26:23.407+0000][7][safepoint   ] Safepoint "Cleanup", Time since last: 1000193329 ns, Reaching safepoint: 160957 ns, At safepoint: 40656 ns, Total: 201613 ns
[2023-11-15T22:26:24.407+0000][7][safepoint   ] Safepoint "Cleanup", Time since last: 1000266536 ns, Reaching safepoint: 159236 ns, At safepoint: 25322 ns, Total: 184558 ns
[2023-11-15T22:26:25.860+0000][7][gc,start    ] GC(84) Pause Young (Normal) (G1 Evacuation Pause)
[2023-11-15T22:26:25.860+0000][7][gc,task     ] GC(84) Using 8 workers of 8 for evacuation
[2023-11-15T22:26:25.860+0000][7][gc,age      ] GC(84) Desired survivor size 18874368 bytes, new threshold 15 (max threshold 15)
[2023-11-15T22:26:25.864+0000][7][gc,age      ] GC(84) Age table with threshold 15 (max threshold 15)
[2023-11-15T22:26:25.864+0000][7][gc,age      ] GC(84) - age   1:    1721216 bytes,    1721216 total
[2023-11-15T22:26:25.864+0000][7][gc,age      ] GC(84) - age   2:     522296 bytes,    2243512 total
[2023-11-15T22:26:25.864+0000][7][gc,age      ] GC(84) - age   3:    1996592 bytes,    4240104 total
[2023-11-15T22:26:25.864+0000][7][gc,age      ] GC(84) - age   4:     335976 bytes,    4576080 total
[2023-11-15T22:26:25.864+0000][7][gc,age      ] GC(84) - age   5:    1870088 bytes,    6446168 total
[2023-11-15T22:26:25.864+0000][7][gc,age      ] GC(84) - age   6:    1294584 bytes,    7740752 total
[2023-11-15T22:26:25.864+0000][7][gc,age      ] GC(84) - age   7:     479280 bytes,    8220032 total
[2023-11-15T22:26:25.864+0000][7][gc,age      ] GC(84) - age   8:     299816 bytes,    8519848 total
[2023-11-15T22:26:25.864+0000][7][gc,age      ] GC(84) - age   9:     521744 bytes,    9041592 total
[2023-11-15T22:26:25.864+0000][7][gc,age      ] GC(84) - age  10:     334896 bytes,    9376488 total
[2023-11-15T22:26:25.864+0000][7][gc,age      ] GC(84) - age  11:    1396776 bytes,   10773264 total
[2023-11-15T22:26:25.864+0000][7][gc,age      ] GC(84) - age  12:     333408 bytes,   11106672 total
[2023-11-15T22:26:25.864+0000][7][gc,age      ] GC(84) - age  13:     335496 bytes,   11442168 total
[2023-11-15T22:26:25.864+0000][7][gc,age      ] GC(84) - age  14:     335568 bytes,   11777736 total
[2023-11-15T22:26:25.864+0000][7][gc,age      ] GC(84) - age  15:     314216 bytes,   12091952 total
[2023-11-15T22:26:25.864+0000][7][gc,phases   ] GC(84)   Pre Evacuate Collection Set: 0.1ms
[2023-11-15T22:26:25.864+0000][7][gc,phases   ] GC(84)   Merge Heap Roots: 0.0ms
[2023-11-15T22:26:25.864+0000][7][gc,phases   ] GC(84)   Evacuate Collection Set: 3.3ms
[2023-11-15T22:26:25.864+0000][7][gc,phases   ] GC(84)   Post Evacuate Collection Set: 0.5ms
[2023-11-15T22:26:25.864+0000][7][gc,phases   ] GC(84)   Other: 0.2ms
[2023-11-15T22:26:25.864+0000][7][gc,heap     ] GC(84) Eden regions: 68->0(66)
[2023-11-15T22:26:25.864+0000][7][gc,heap     ] GC(84) Survivor regions: 3->4(9)
[2023-11-15T22:26:25.864+0000][7][gc,heap     ] GC(84) Old regions: 27->27
[2023-11-15T22:26:25.864+0000][7][gc,heap     ] GC(84) Archive regions: 2->2
[2023-11-15T22:26:25.864+0000][7][gc,heap     ] GC(84) Humongous regions: 5->5
[2023-11-15T22:26:25.864+0000][7][gc,metaspace] GC(84) Metaspace: 116819K(118400K)->116819K(118400K) NonClass: 101302K(102272K)->101302K(102272K) Class: 15516K(16128K)->15516K(16128K)
[2023-11-15T22:26:25.864+0000][7][gc          ] GC(84) Pause Young (Normal) (G1 Evacuation Pause) 412M->141M(512M) 4.151ms
[2023-11-15T22:26:25.864+0000][7][gc,cpu      ] GC(84) User=0.02s Sys=0.00s Real=0.00s
[2023-11-15T22:26:25.864+0000][7][safepoint   ] Safepoint "G1CollectForAllocation", Time since last: 1452671658 ns, Reaching safepoint: 38007 ns, At safepoint: 4221329 ns, Total: 4259336 ns
[2023-11-15T22:26:26.865+0000][7][safepoint   ] Safepoint "Cleanup", Time since last: 1000100363 ns, Reaching safepoint: 85985 ns, At safepoint: 6305 ns, Total: 92290 ns
[2023-11-15T22:26:28.865+0000][7][safepoint   ] Safepoint "Cleanup", Time since last: 2000387756 ns, Reaching safepoint: 136065 ns, At safepoint: 29559 ns, Total: 165624 ns
[2023-11-15T22:26:29.865+0000][7][safepoint   ] Safepoint "Cleanup", Time since last: 1000176690 ns, Reaching safepoint: 105606 ns, At safepoint: 10865 ns, Total: 116471 ns
[2023-11-15T22:26:31.866+0000][7][safepoint   ] Safepoint "Cleanup", Time since last: 2000357838 ns, Reaching safepoint: 88388 ns, At safepoint: 9000 ns, Total: 97388 ns
[2023-11-15T22:26:34.867+0000][7][safepoint   ] Safepoint "Cleanup", Time since last: 3000411486 ns, Reaching safepoint: 376299 ns, At safepoint: 20457 ns, Total: 396756 ns
[2023-11-15T22:26:35.867+0000][7][safepoint   ] Safepoint "Cleanup", Time since last: 1000189307 ns, Reaching safepoint: 106601 ns, At safepoint: 14323 ns, Total: 120924 ns
[2023-11-15T22:26:36.868+0000][7][safepoint   ] Safepoint "Cleanup", Time since last: 1000232711 ns, Reaching safepoint: 231159 ns, At safepoint: 40867 ns, Total: 272026 ns
[2023-11-15T22:26:37.868+0000][7][safepoint   ] Safepoint "Cleanup", Time since last: 1000186030 ns, Reaching safepoint: 138840 ns, At safepoint: 15303 ns, Total: 154143 ns
[2023-11-15T22:26:38.868+0000][7][safepoint   ] Safepoint "Cleanup", Time since last: 1000245279 ns, Reaching safepoint: 151920 ns, At safepoint: 25061 ns, Total: 176981 ns
[2023-11-15T22:26:39.869+0000][7][safepoint   ] Safepoint "Cleanup", Time since last: 1000210382 ns, Reaching safepoint: 101043 ns, At safepoint: 12884 ns, Total: 113927 ns
[2023-11-15T22:26:40.869+0000][7][safepoint   ] Safepoint "Cleanup", Time since last: 1000136741 ns, Reaching safepoint: 42311 ns, At safepoint: 3368 ns, Total: 45679 ns
[2023-11-15T22:26:41.438+0000][7][gc,start    ] GC(85) Pause Young (Normal) (G1 Evacuation Pause)
[2023-11-15T22:26:41.439+0000][7][gc,task     ] GC(85) Using 8 workers of 8 for evacuation
[2023-11-15T22:26:41.439+0000][7][gc,age      ] GC(85) Desired survivor size 18874368 bytes, new threshold 15 (max threshold 15)
[2023-11-15T22:26:41.450+0000][7][gc,age      ] GC(85) Age table with threshold 15 (max threshold 15)
[2023-11-15T22:26:41.450+0000][7][gc,age      ] GC(85) - age   1:    1728624 bytes,    1728624 total
[2023-11-15T22:26:41.450+0000][7][gc,age      ] GC(85) - age   2:     253232 bytes,    1981856 total
[2023-11-15T22:26:41.450+0000][7][gc,age      ] GC(85) - age   3:     506784 bytes,    2488640 total
[2023-11-15T22:26:41.450+0000][7][gc,age      ] GC(85) - age   4:    1995696 bytes,    4484336 total
[2023-11-15T22:26:41.450+0000][7][gc,age      ] GC(85) - age   5:     335296 bytes,    4819632 total
[2023-11-15T22:26:41.450+0000][7][gc,age      ] GC(85) - age   6:    1869712 bytes,    6689344 total
[2023-11-15T22:26:41.450+0000][7][gc,age      ] GC(85) - age   7:    1294584 bytes,    7983928 total
[2023-11-15T22:26:41.450+0000][7][gc,age      ] GC(85) - age   8:     477304 bytes,    8461232 total
[2023-11-15T22:26:41.450+0000][7][gc,age      ] GC(85) - age   9:     299816 bytes,    8761048 total
[2023-11-15T22:26:41.450+0000][7][gc,age      ] GC(85) - age  10:     368784 bytes,    9129832 total
[2023-11-15T22:26:41.450+0000][7][gc,age      ] GC(85) - age  11:     334896 bytes,    9464728 total
[2023-11-15T22:26:41.450+0000][7][gc,age      ] GC(85) - age  12:    1396776 bytes,   10861504 total
[2023-11-15T22:26:41.450+0000][7][gc,age      ] GC(85) - age  13:     333408 bytes,   11194912 total
[2023-11-15T22:26:41.450+0000][7][gc,age      ] GC(85) - age  14:     335496 bytes,   11530408 total
[2023-11-15T22:26:41.450+0000][7][gc,age      ] GC(85) - age  15:     335368 bytes,   11865776 total
[2023-11-15T22:26:41.450+0000][7][gc,phases   ] GC(85)   Pre Evacuate Collection Set: 0.3ms
[2023-11-15T22:26:41.450+0000][7][gc,phases   ] GC(85)   Merge Heap Roots: 0.2ms
[2023-11-15T22:26:41.450+0000][7][gc,phases   ] GC(85)   Evacuate Collection Set: 9.9ms
[2023-11-15T22:26:41.450+0000][7][gc,phases   ] GC(85)   Post Evacuate Collection Set: 1.0ms
[2023-11-15T22:26:41.450+0000][7][gc,phases   ] GC(85)   Other: 0.6ms
[2023-11-15T22:26:41.450+0000][7][gc,heap     ] GC(85) Eden regions: 66->0(68)
[2023-11-15T22:26:41.450+0000][7][gc,heap     ] GC(85) Survivor regions: 4->3(9)
[2023-11-15T22:26:41.450+0000][7][gc,heap     ] GC(85) Old regions: 27->27
[2023-11-15T22:26:41.450+0000][7][gc,heap     ] GC(85) Archive regions: 2->2
[2023-11-15T22:26:41.451+0000][7][gc,heap     ] GC(85) Humongous regions: 5->5
[2023-11-15T22:26:41.451+0000][7][gc,metaspace] GC(85) Metaspace: 116838K(118400K)->116838K(118400K) NonClass: 101322K(102272K)->101322K(102272K) Class: 15516K(16128K)->15516K(16128K)
[2023-11-15T22:26:41.451+0000][7][gc          ] GC(85) Pause Young (Normal) (G1 Evacuation Pause) 405M->140M(512M) 12.111ms
[2023-11-15T22:26:41.451+0000][7][gc,cpu      ] GC(85) User=0.04s Sys=0.00s Real=0.01s
[2023-11-15T22:26:41.451+0000][7][safepoint   ] Safepoint "G1CollectForAllocation", Time since last: 569474533 ns, Reaching safepoint: 93738 ns, At safepoint: 12287318 ns, Total: 12381056 ns
[2023-11-15T22:26:42.451+0000][7][safepoint   ] Safepoint "Cleanup", Time since last: 1000127729 ns, Reaching safepoint: 221854 ns, At safepoint: 19833 ns, Total: 241687 ns
[2023-11-15T22:26:44.452+0000][7][safepoint   ] Safepoint "Cleanup", Time since last: 2000311023 ns, Reaching safepoint: 231763 ns, At safepoint: 75613 ns, Total: 307376 ns
[2023-11-15T22:26:45.452+0000][7][safepoint   ] Safepoint "Cleanup", Time since last: 1000183665 ns, Reaching safepoint: 108388 ns, At safepoint: 13916 ns, Total: 122304 ns
[2023-11-15T22:26:47.452+0000][7][safepoint   ] Safepoint "Cleanup", Time since last: 2000316288 ns, Reaching safepoint: 56315 ns, At safepoint: 6932 ns, Total: 63247 ns
[2023-11-15T22:26:48.453+0000][7][safepoint   ] Safepoint "Cleanup", Time since last: 1000149735 ns, Reaching safepoint: 118247 ns, At safepoint: 20193 ns, Total: 138440 ns
[2023-11-15T22:26:49.453+0000][7][safepoint   ] Safepoint "Cleanup", Time since last: 1000223642 ns, Reaching safepoint: 190369 ns, At safepoint: 14654 ns, Total: 205023 ns
[2023-11-15T22:26:50.453+0000][7][safepoint   ] Safepoint "Cleanup", Time since last: 1000187865 ns, Reaching safepoint: 94108 ns, At safepoint: 10674 ns, Total: 104782 ns
[2023-11-15T22:26:52.454+0000][7][safepoint   ] Safepoint "Cleanup", Time since last: 2000311024 ns, Reaching safepoint: 112997 ns, At safepoint: 21802 ns, Total: 134799 ns
[2023-11-15T22:26:53.454+0000][7][safepoint   ] Safepoint "Cleanup", Time since last: 1000184275 ns, Reaching safepoint: 116635 ns, At safepoint: 10950 ns, Total: 127585 ns
[2023-11-15T22:26:54.454+0000][7][safepoint   ] Safepoint "Cleanup", Time since last: 1000191467 ns, Reaching safepoint: 74353 ns, At safepoint: 8045 ns, Total: 82398 ns
[2023-11-15T22:26:56.455+0000][7][safepoint   ] Safepoint "Cleanup", Time since last: 2000279481 ns, Reaching safepoint: 116694 ns, At safepoint: 29353 ns, Total: 146047 ns
[2023-11-15T22:26:57.455+0000][7][safepoint   ] Safepoint "Cleanup", Time since last: 1000175508 ns, Reaching safepoint: 72901 ns, At safepoint: 15348 ns, Total: 88249 ns
[2023-11-15T22:26:58.763+0000][7][gc,start    ] GC(86) Pause Young (Normal) (G1 Evacuation Pause)
[2023-11-15T22:26:58.763+0000][7][gc,task     ] GC(86) Using 8 workers of 8 for evacuation
[2023-11-15T22:26:58.764+0000][7][gc,age      ] GC(86) Desired survivor size 18874368 bytes, new threshold 15 (max threshold 15)
[2023-11-15T22:26:58.773+0000][7][gc,age      ] GC(86) Age table with threshold 15 (max threshold 15)
[2023-11-15T22:26:58.773+0000][7][gc,age      ] GC(86) - age   1:    2169704 bytes,    2169704 total
[2023-11-15T22:26:58.773+0000][7][gc,age      ] GC(86) - age   2:     726104 bytes,    2895808 total
[2023-11-15T22:26:58.773+0000][7][gc,age      ] GC(86) - age   3:     251952 bytes,    3147760 total
[2023-11-15T22:26:58.773+0000][7][gc,age      ] GC(86) - age   4:     373816 bytes,    3521576 total
[2023-11-15T22:26:58.773+0000][7][gc,age      ] GC(86) - age   5:    1995144 bytes,    5516720 total
[2023-11-15T22:26:58.773+0000][7][gc,age      ] GC(86) - age   6:     335232 bytes,    5851952 total
[2023-11-15T22:26:58.773+0000][7][gc,age      ] GC(86) - age   7:    1227568 bytes,    7079520 total
[2023-11-15T22:26:58.773+0000][7][gc,age      ] GC(86) - age   8:    1294520 bytes,    8374040 total
[2023-11-15T22:26:58.773+0000][7][gc,age      ] GC(86) - age   9:     352080 bytes,    8726120 total
[2023-11-15T22:26:58.773+0000][7][gc,age      ] GC(86) - age  10:     299816 bytes,    9025936 total
[2023-11-15T22:26:58.773+0000][7][gc,age      ] GC(86) - age  11:     368784 bytes,    9394720 total
[2023-11-15T22:26:58.773+0000][7][gc,age      ] GC(86) - age  12:     334896 bytes,    9729616 total
[2023-11-15T22:26:58.773+0000][7][gc,age      ] GC(86) - age  13:    1396776 bytes,   11126392 total
[2023-11-15T22:26:58.773+0000][7][gc,age      ] GC(86) - age  14:     333408 bytes,   11459800 total
[2023-11-15T22:26:58.773+0000][7][gc,age      ] GC(86) - age  15:     335496 bytes,   11795296 total
[2023-11-15T22:26:58.773+0000][7][gc,phases   ] GC(86)   Pre Evacuate Collection Set: 0.2ms
[2023-11-15T22:26:58.773+0000][7][gc,phases   ] GC(86)   Merge Heap Roots: 0.1ms
[2023-11-15T22:26:58.773+0000][7][gc,phases   ] GC(86)   Evacuate Collection Set: 8.0ms
[2023-11-15T22:26:58.773+0000][7][gc,phases   ] GC(86)   Post Evacuate Collection Set: 0.8ms
[2023-11-15T22:26:58.773+0000][7][gc,phases   ] GC(86)   Other: 0.5ms
[2023-11-15T22:26:58.773+0000][7][gc,heap     ] GC(86) Eden regions: 68->0(68)
[2023-11-15T22:26:58.773+0000][7][gc,heap     ] GC(86) Survivor regions: 3->3(9)
[2023-11-15T22:26:58.773+0000][7][gc,heap     ] GC(86) Old regions: 27->27
[2023-11-15T22:26:58.773+0000][7][gc,heap     ] GC(86) Archive regions: 2->2
[2023-11-15T22:26:58.773+0000][7][gc,heap     ] GC(86) Humongous regions: 5->5
[2023-11-15T22:26:58.773+0000][7][gc,metaspace] GC(86) Metaspace: 116851K(118464K)->116851K(118464K) NonClass: 101334K(102336K)->101334K(102336K) Class: 15517K(16128K)->15517K(16128K)
[2023-11-15T22:26:58.773+0000][7][gc          ] GC(86) Pause Young (Normal) (G1 Evacuation Pause) 412M->141M(512M) 9.655ms
[2023-11-15T22:26:58.773+0000][7][gc,cpu      ] GC(86) User=0.03s Sys=0.00s Real=0.01s
[2023-11-15T22:26:58.773+0000][7][safepoint   ] Safepoint "G1CollectForAllocation", Time since last: 1308214262 ns, Reaching safepoint: 99150 ns, At safepoint: 9793608 ns, Total: 9892758 ns
[2023-11-15T22:26:59.774+0000][7][safepoint   ] Safepoint "Cleanup", Time since last: 1000299473 ns, Reaching safepoint: 188576 ns, At safepoint: 26373 ns, Total: 214949 ns
[2023-11-15T22:27:01.774+0000][7][safepoint   ] Safepoint "Cleanup", Time since last: 2000245325 ns, Reaching safepoint: 41869 ns, At safepoint: 3317 ns, Total: 45186 ns
[2023-11-15T22:27:02.774+0000][7][safepoint   ] Safepoint "Cleanup", Time since last: 1000106559 ns, Reaching safepoint: 81431 ns, At safepoint: 8263 ns, Total: 89694 ns
[2023-11-15T22:27:04.774+0000][7][safepoint   ] Safepoint "Cleanup", Time since last: 2000198447 ns, Reaching safepoint: 34079 ns, At safepoint: 4707 ns, Total: 38786 ns
[2023-11-15T22:27:05.775+0000][7][safepoint   ] Safepoint "Cleanup", Time since last: 1000135704 ns, Reaching safepoint: 209873 ns, At safepoint: 19784 ns, Total: 229657 ns
[2023-11-15T22:27:06.775+0000][7][safepoint   ] Safepoint "Cleanup", Time since last: 1000231667 ns, Reaching safepoint: 128222 ns, At safepoint: 12319 ns, Total: 140541 ns
[2023-11-15T22:27:07.775+0000][7][safepoint   ] Safepoint "Cleanup", Time since last: 1000260630 ns, Reaching safepoint: 50481 ns, At safepoint: 8662 ns, Total: 59143 ns
[2023-11-15T22:27:09.776+0000][7][safepoint   ] Safepoint "Cleanup", Time since last: 2000357307 ns, Reaching safepoint: 102730 ns, At safepoint: 15221 ns, Total: 117951 ns
[2023-11-15T22:27:10.776+0000][7][safepoint   ] Safepoint "Cleanup", Time since last: 1000187019 ns, Reaching safepoint: 32738 ns, At safepoint: 4736 ns, Total: 37474 ns
[2023-11-15T22:27:11.776+0000][7][safepoint   ] Safepoint "Cleanup", Time since last: 1000196651 ns, Reaching safepoint: 124955 ns, At safepoint: 26573 ns, Total: 151528 ns
[2023-11-15T22:27:13.777+0000][7][safepoint   ] Safepoint "Cleanup", Time since last: 2000371198 ns, Reaching safepoint: 211550 ns, At safepoint: 17103 ns, Total: 228653 ns
[2023-11-15T22:27:14.778+0000][7][safepoint   ] Safepoint "Cleanup", Time since last: 1000181216 ns, Reaching safepoint: 240395 ns, At safepoint: 67986 ns, Total: 308381 ns
[2023-11-15T22:27:16.054+0000][7][gc,start    ] GC(87) Pause Young (Normal) (G1 Evacuation Pause)
[2023-11-15T22:27:16.054+0000][7][gc,task     ] GC(87) Using 8 workers of 8 for evacuation
[2023-11-15T22:27:16.054+0000][7][gc,age      ] GC(87) Desired survivor size 18874368 bytes, new threshold 15 (max threshold 15)
[2023-11-15T22:27:16.059+0000][7][gc,age      ] GC(87) Age table with threshold 15 (max threshold 15)
[2023-11-15T22:27:16.059+0000][7][gc,age      ] GC(87) - age   1:    2200304 bytes,    2200304 total
[2023-11-15T22:27:16.059+0000][7][gc,age      ] GC(87) - age   2:    1315736 bytes,    3516040 total
[2023-11-15T22:27:16.059+0000][7][gc,age      ] GC(87) - age   3:     571832 bytes,    4087872 total
[2023-11-15T22:27:16.059+0000][7][gc,age      ] GC(87) - age   4:     251288 bytes,    4339160 total
[2023-11-15T22:27:16.059+0000][7][gc,age      ] GC(87) - age   5:     373280 bytes,    4712440 total
[2023-11-15T22:27:16.059+0000][7][gc,age      ] GC(87) - age   6:    1995080 bytes,    6707520 total
[2023-11-15T22:27:16.059+0000][7][gc,age      ] GC(87) - age   7:     335168 bytes,    7042688 total
[2023-11-15T22:27:16.059+0000][7][gc,age      ] GC(87) - age   8:    1227568 bytes,    8270256 total
[2023-11-15T22:27:16.059+0000][7][gc,age      ] GC(87) - age   9:     332000 bytes,    8602256 total
[2023-11-15T22:27:16.059+0000][7][gc,age      ] GC(87) - age  10:     352080 bytes,    8954336 total
[2023-11-15T22:27:16.059+0000][7][gc,age      ] GC(87) - age  11:     299816 bytes,    9254152 total
[2023-11-15T22:27:16.059+0000][7][gc,age      ] GC(87) - age  12:     368784 bytes,    9622936 total
[2023-11-15T22:27:16.059+0000][7][gc,age      ] GC(87) - age  13:     334872 bytes,    9957808 total
[2023-11-15T22:27:16.059+0000][7][gc,age      ] GC(87) - age  14:    1396776 bytes,   11354584 total
[2023-11-15T22:27:16.059+0000][7][gc,age      ] GC(87) - age  15:     333408 bytes,   11687992 total
[2023-11-15T22:27:16.059+0000][7][gc,phases   ] GC(87)   Pre Evacuate Collection Set: 0.1ms
[2023-11-15T22:27:16.059+0000][7][gc,phases   ] GC(87)   Merge Heap Roots: 0.3ms
[2023-11-15T22:27:16.059+0000][7][gc,phases   ] GC(87)   Evacuate Collection Set: 3.7ms
[2023-11-15T22:27:16.059+0000][7][gc,phases   ] GC(87)   Post Evacuate Collection Set: 0.5ms
[2023-11-15T22:27:16.059+0000][7][gc,phases   ] GC(87)   Other: 0.3ms
[2023-11-15T22:27:16.059+0000][7][gc,heap     ] GC(87) Eden regions: 68->0(68)
[2023-11-15T22:27:16.059+0000][7][gc,heap     ] GC(87) Survivor regions: 3->3(9)
[2023-11-15T22:27:16.059+0000][7][gc,heap     ] GC(87) Old regions: 27->27
[2023-11-15T22:27:16.059+0000][7][gc,heap     ] GC(87) Archive regions: 2->2
[2023-11-15T22:27:16.059+0000][7][gc,heap     ] GC(87) Humongous regions: 5->5
[2023-11-15T22:27:16.059+0000][7][gc,metaspace] GC(87) Metaspace: 116860K(118464K)->116860K(118464K) NonClass: 101343K(102336K)->101343K(102336K) Class: 15517K(16128K)->15517K(16128K)
[2023-11-15T22:27:16.059+0000][7][gc          ] GC(87) Pause Young (Normal) (G1 Evacuation Pause) 413M->141M(512M) 4.980ms
[2023-11-15T22:27:16.059+0000][7][gc,cpu      ] GC(87) User=0.03s Sys=0.00s Real=0.01s
[2023-11-15T22:27:16.059+0000][7][safepoint   ] Safepoint "G1CollectForAllocation", Time since last: 1276657408 ns, Reaching safepoint: 69694 ns, At safepoint: 5088696 ns, Total: 5158390 ns
[2023-11-15T22:27:17.060+0000][7][safepoint   ] Safepoint "Cleanup", Time since last: 1000112365 ns, Reaching safepoint: 100025 ns, At safepoint: 12460 ns, Total: 112485 ns
[2023-11-15T22:27:20.060+0000][7][safepoint   ] Safepoint "Cleanup", Time since last: 3000439584 ns, Reaching safepoint: 67148 ns, At safepoint: 7931 ns, Total: 75079 ns
[2023-11-15T22:27:22.061+0000][7][safepoint   ] Safepoint "Cleanup", Time since last: 2000336820 ns, Reaching safepoint: 82486 ns, At safepoint: 9994 ns, Total: 92480 ns
[2023-11-15T22:27:23.061+0000][7][safepoint   ] Safepoint "Cleanup", Time since last: 1000128334 ns, Reaching safepoint: 89191 ns, At safepoint: 7136 ns, Total: 96327 ns
[2023-11-15T22:27:25.061+0000][7][safepoint   ] Safepoint "Cleanup", Time since last: 2000245303 ns, Reaching safepoint: 118434 ns, At safepoint: 9491 ns, Total: 127925 ns
[2023-11-15T22:27:26.062+0000][7][safepoint   ] Safepoint "Cleanup", Time since last: 1000168251 ns, Reaching safepoint: 211248 ns, At safepoint: 34763 ns, Total: 246011 ns
[2023-11-15T22:27:27.062+0000][7][safepoint   ] Safepoint "Cleanup", Time since last: 1000180597 ns, Reaching safepoint: 105971 ns, At safepoint: 16047 ns, Total: 122018 ns
[2023-11-15T22:27:29.062+0000][7][safepoint   ] Safepoint "Cleanup", Time since last: 2000411751 ns, Reaching safepoint: 95924 ns, At safepoint: 13934 ns, Total: 109858 ns
[2023-11-15T22:27:30.063+0000][7][safepoint   ] Safepoint "Cleanup", Time since last: 1000181023 ns, Reaching safepoint: 90124 ns, At safepoint: 11265 ns, Total: 101389 ns
[2023-11-15T22:27:32.063+0000][7][safepoint   ] Safepoint "Cleanup", Time since last: 2000368025 ns, Reaching safepoint: 131519 ns, At safepoint: 14405 ns, Total: 145924 ns
[2023-11-15T22:27:33.473+0000][7][gc,start    ] GC(88) Pause Young (Normal) (G1 Evacuation Pause)
[2023-11-15T22:27:33.473+0000][7][gc,task     ] GC(88) Using 8 workers of 8 for evacuation
[2023-11-15T22:27:33.473+0000][7][gc,age      ] GC(88) Desired survivor size 18874368 bytes, new threshold 15 (max threshold 15)
[2023-11-15T22:27:33.482+0000][7][gc,age      ] GC(88) Age table with threshold 15 (max threshold 15)
[2023-11-15T22:27:33.482+0000][7][gc,age      ] GC(88) - age   1:    1377056 bytes,    1377056 total
[2023-11-15T22:27:33.482+0000][7][gc,age      ] GC(88) - age   2:    1524096 bytes,    2901152 total
[2023-11-15T22:27:33.482+0000][7][gc,age      ] GC(88) - age   3:    1166504 bytes,    4067656 total
[2023-11-15T22:27:33.482+0000][7][gc,age      ] GC(88) - age   4:     570608 bytes,    4638264 total
[2023-11-15T22:27:33.482+0000][7][gc,age      ] GC(88) - age   5:     249416 bytes,    4887680 total
[2023-11-15T22:27:33.482+0000][7][gc,age      ] GC(88) - age   6:     373152 bytes,    5260832 total
[2023-11-15T22:27:33.482+0000][7][gc,age      ] GC(88) - age   7:    1994760 bytes,    7255592 total
[2023-11-15T22:27:33.482+0000][7][gc,age      ] GC(88) - age   8:     335104 bytes,    7590696 total
[2023-11-15T22:27:33.482+0000][7][gc,age      ] GC(88) - age   9:     989088 bytes,    8579784 total
[2023-11-15T22:27:33.482+0000][7][gc,age      ] GC(88) - age  10:     332000 bytes,    8911784 total
[2023-11-15T22:27:33.482+0000][7][gc,age      ] GC(88) - age  11:     352016 bytes,    9263800 total
[2023-11-15T22:27:33.482+0000][7][gc,age      ] GC(88) - age  12:     299816 bytes,    9563616 total
[2023-11-15T22:27:33.482+0000][7][gc,age      ] GC(88) - age  13:     368784 bytes,    9932400 total
[2023-11-15T22:27:33.482+0000][7][gc,age      ] GC(88) - age  14:     334872 bytes,   10267272 total
[2023-11-15T22:27:33.482+0000][7][gc,age      ] GC(88) - age  15:    1396776 bytes,   11664048 total
[2023-11-15T22:27:33.482+0000][7][gc,phases   ] GC(88)   Pre Evacuate Collection Set: 0.1ms
[2023-11-15T22:27:33.482+0000][7][gc,phases   ] GC(88)   Merge Heap Roots: 0.1ms
[2023-11-15T22:27:33.482+0000][7][gc,phases   ] GC(88)   Evacuate Collection Set: 7.9ms
[2023-11-15T22:27:33.482+0000][7][gc,phases   ] GC(88)   Post Evacuate Collection Set: 0.6ms
[2023-11-15T22:27:33.482+0000][7][gc,phases   ] GC(88)   Other: 0.2ms
[2023-11-15T22:27:33.482+0000][7][gc,heap     ] GC(88) Eden regions: 68->0(68)
[2023-11-15T22:27:33.482+0000][7][gc,heap     ] GC(88) Survivor regions: 3->3(9)
[2023-11-15T22:27:33.482+0000][7][gc,heap     ] GC(88) Old regions: 27->27
[2023-11-15T22:27:33.482+0000][7][gc,heap     ] GC(88) Archive regions: 2->2
[2023-11-15T22:27:33.482+0000][7][gc,heap     ] GC(88) Humongous regions: 5->5
[2023-11-15T22:27:33.482+0000][7][gc,metaspace] GC(88) Metaspace: 116871K(118464K)->116871K(118464K) NonClass: 101354K(102336K)->101354K(102336K) Class: 15517K(16128K)->15517K(16128K)
[2023-11-15T22:27:33.482+0000][7][gc          ] GC(88) Pause Young (Normal) (G1 Evacuation Pause) 413M->141M(512M) 8.902ms
[2023-11-15T22:27:33.482+0000][7][gc,cpu      ] GC(88) User=0.04s Sys=0.00s Real=0.01s
[2023-11-15T22:27:33.482+0000][7][safepoint   ] Safepoint "G1CollectForAllocation", Time since last: 1410104402 ns, Reaching safepoint: 30493 ns, At safepoint: 8983747 ns, Total: 9014240 ns
[2023-11-15T22:27:34.483+0000][7][safepoint   ] Safepoint "Cleanup", Time since last: 1000145091 ns, Reaching safepoint: 88596 ns, At safepoint: 18535 ns, Total: 107131 ns
[2023-11-15T22:27:35.483+0000][7][safepoint   ] Safepoint "Cleanup", Time since last: 1000140925 ns, Reaching safepoint: 90473 ns, At safepoint: 10246 ns, Total: 100719 ns
[2023-11-15T22:27:37.483+0000][7][safepoint   ] Safepoint "Cleanup", Time since last: 2000307597 ns, Reaching safepoint: 78901 ns, At safepoint: 17890 ns, Total: 96791 ns
[2023-11-15T22:27:38.484+0000][7][safepoint   ] Safepoint "Cleanup", Time since last: 1000156949 ns, Reaching safepoint: 123776 ns, At safepoint: 32917 ns, Total: 156693 ns
[2023-11-15T22:27:39.484+0000][7][safepoint   ] Safepoint "Cleanup", Time since last: 1000266160 ns, Reaching safepoint: 144837 ns, At safepoint: 24911 ns, Total: 169748 ns
[2023-11-15T22:27:41.485+0000][7][safepoint   ] Safepoint "Cleanup", Time since last: 2000377524 ns, Reaching safepoint: 209927 ns, At safepoint: 39404 ns, Total: 249331 ns
[2023-11-15T22:27:42.485+0000][7][safepoint   ] Safepoint "Cleanup", Time since last: 1000306582 ns, Reaching safepoint: 216900 ns, At safepoint: 31672 ns, Total: 248572 ns
[2023-11-15T22:27:44.486+0000][7][safepoint   ] Safepoint "Cleanup", Time since last: 2000380281 ns, Reaching safepoint: 102707 ns, At safepoint: 16500 ns, Total: 119207 ns
[2023-11-15T22:27:47.486+0000][7][safepoint   ] Safepoint "Cleanup", Time since last: 3000355238 ns, Reaching safepoint: 112800 ns, At safepoint: 10889 ns, Total: 123689 ns
[2023-11-15T22:27:49.486+0000][7][safepoint   ] Safepoint "Cleanup", Time since last: 2000240844 ns, Reaching safepoint: 85316 ns, At safepoint: 8820 ns, Total: 94136 ns
[2023-11-15T22:27:49.793+0000][7][gc,start    ] GC(89) Pause Young (Normal) (G1 Evacuation Pause)
[2023-11-15T22:27:49.793+0000][7][gc,task     ] GC(89) Using 8 workers of 8 for evacuation
[2023-11-15T22:27:49.793+0000][7][gc,age      ] GC(89) Desired survivor size 18874368 bytes, new threshold 15 (max threshold 15)
[2023-11-15T22:27:49.803+0000][7][gc,age      ] GC(89) Age table with threshold 15 (max threshold 15)
[2023-11-15T22:27:49.803+0000][7][gc,age      ] GC(89) - age   1:    2583440 bytes,    2583440 total
[2023-11-15T22:27:49.803+0000][7][gc,age      ] GC(89) - age   2:     775064 bytes,    3358504 total
[2023-11-15T22:27:49.803+0000][7][gc,age      ] GC(89) - age   3:    1367600 bytes,    4726104 total
[2023-11-15T22:27:49.803+0000][7][gc,age      ] GC(89) - age   4:     443728 bytes,    5169832 total
[2023-11-15T22:27:49.803+0000][7][gc,age      ] GC(89) - age   5:     568976 bytes,    5738808 total
[2023-11-15T22:27:49.803+0000][7][gc,age      ] GC(89) - age   6:     248520 bytes,    5987328 total
[2023-11-15T22:27:49.803+0000][7][gc,age      ] GC(89) - age   7:     373024 bytes,    6360352 total
[2023-11-15T22:27:49.803+0000][7][gc,age      ] GC(89) - age   8:    1991544 bytes,    8351896 total
[2023-11-15T22:27:49.803+0000][7][gc,age      ] GC(89) - age   9:     335104 bytes,    8687000 total
[2023-11-15T22:27:49.803+0000][7][gc,age      ] GC(89) - age  10:     989088 bytes,    9676088 total
[2023-11-15T22:27:49.803+0000][7][gc,age      ] GC(89) - age  11:     332000 bytes,   10008088 total
[2023-11-15T22:27:49.803+0000][7][gc,age      ] GC(89) - age  12:     352016 bytes,   10360104 total
[2023-11-15T22:27:49.803+0000][7][gc,age      ] GC(89) - age  13:     299816 bytes,   10659920 total
[2023-11-15T22:27:49.803+0000][7][gc,age      ] GC(89) - age  14:     368784 bytes,   11028704 total
[2023-11-15T22:27:49.803+0000][7][gc,age      ] GC(89) - age  15:     334872 bytes,   11363576 total
[2023-11-15T22:27:49.803+0000][7][gc,phases   ] GC(89)   Pre Evacuate Collection Set: 0.1ms
[2023-11-15T22:27:49.803+0000][7][gc,phases   ] GC(89)   Merge Heap Roots: 0.0ms
[2023-11-15T22:27:49.803+0000][7][gc,phases   ] GC(89)   Evacuate Collection Set: 10.0ms
[2023-11-15T22:27:49.803+0000][7][gc,phases   ] GC(89)   Post Evacuate Collection Set: 0.5ms
[2023-11-15T22:27:49.803+0000][7][gc,phases   ] GC(89)   Other: 0.2ms
[2023-11-15T22:27:49.803+0000][7][gc,heap     ] GC(89) Eden regions: 68->0(68)
[2023-11-15T22:27:49.803+0000][7][gc,heap     ] GC(89) Survivor regions: 3->3(9)
[2023-11-15T22:27:49.803+0000][7][gc,heap     ] GC(89) Old regions: 27->27
[2023-11-15T22:27:49.803+0000][7][gc,heap     ] GC(89) Archive regions: 2->2
[2023-11-15T22:27:49.803+0000][7][gc,heap     ] GC(89) Humongous regions: 5->5
[2023-11-15T22:27:49.803+0000][7][gc,metaspace] GC(89) Metaspace: 116893K(118464K)->116893K(118464K) NonClass: 101376K(102336K)->101376K(102336K) Class: 15517K(16128K)->15517K(16128K)
[2023-11-15T22:27:49.803+0000][7][gc          ] GC(89) Pause Young (Normal) (G1 Evacuation Pause) 413M->143M(512M) 10.831ms
[2023-11-15T22:27:49.803+0000][7][gc,cpu      ] GC(89) User=0.04s Sys=0.00s Real=0.01s
[2023-11-15T22:27:49.803+0000][7][safepoint   ] Safepoint "G1CollectForAllocation", Time since last: 306021027 ns, Reaching safepoint: 35089 ns, At safepoint: 10908591 ns, Total: 10943680 ns
[2023-11-15T22:27:51.804+0000][7][safepoint   ] Safepoint "Cleanup", Time since last: 2000158235 ns, Reaching safepoint: 79457 ns, At safepoint: 12540 ns, Total: 91997 ns
[2023-11-15T22:27:52.804+0000][7][safepoint   ] Safepoint "Cleanup", Time since last: 1000146887 ns, Reaching safepoint: 48517 ns, At safepoint: 5880 ns, Total: 54397 ns
[2023-11-15T22:27:54.165+0000][7][safepoint   ] Safepoint "Cleanup", Time since last: 1361036609 ns, Reaching safepoint: 414267 ns, At safepoint: 29623 ns, Total: 443890 ns
[2023-11-15T22:27:55.166+0000][7][safepoint   ] Safepoint "Cleanup", Time since last: 1000247798 ns, Reaching safepoint: 205179 ns, At safepoint: 31588 ns, Total: 236767 ns
[2023-11-15T22:27:56.166+0000][7][safepoint   ] Safepoint "Cleanup", Time since last: 1000251830 ns, Reaching safepoint: 192051 ns, At safepoint: 23185 ns, Total: 215236 ns
[2023-11-15T22:27:57.167+0000][7][safepoint   ] Safepoint "Cleanup", Time since last: 1000266911 ns, Reaching safepoint: 115491 ns, At safepoint: 13940 ns, Total: 129431 ns
[2023-11-15T22:27:59.167+0000][7][safepoint   ] Safepoint "Cleanup", Time since last: 2000359469 ns, Reaching safepoint: 120808 ns, At safepoint: 11394 ns, Total: 132202 ns
[2023-11-15T22:28:00.167+0000][7][safepoint   ] Safepoint "Cleanup", Time since last: 1000120842 ns, Reaching safepoint: 120867 ns, At safepoint: 19318 ns, Total: 140185 ns
[2023-11-15T22:28:02.168+0000][7][safepoint   ] Safepoint "Cleanup", Time since last: 2000202407 ns, Reaching safepoint: 41178 ns, At safepoint: 3386 ns, Total: 44564 ns
[2023-11-15T22:28:05.168+0000][7][safepoint   ] Safepoint "Cleanup", Time since last: 3000371637 ns, Reaching safepoint: 218318 ns, At safepoint: 38127 ns, Total: 256445 ns
[2023-11-15T22:28:05.935+0000][7][gc,start    ] GC(90) Pause Young (Normal) (G1 Evacuation Pause)
[2023-11-15T22:28:05.935+0000][7][gc,task     ] GC(90) Using 8 workers of 8 for evacuation
[2023-11-15T22:28:05.935+0000][7][gc,age      ] GC(90) Desired survivor size 18874368 bytes, new threshold 15 (max threshold 15)
[2023-11-15T22:28:05.941+0000][7][gc,age      ] GC(90) Age table with threshold 15 (max threshold 15)
[2023-11-15T22:28:05.941+0000][7][gc,age      ] GC(90) - age   1:    2571560 bytes,    2571560 total
[2023-11-15T22:28:05.941+0000][7][gc,age      ] GC(90) - age   2:     776504 bytes,    3348064 total
[2023-11-15T22:28:05.941+0000][7][gc,age      ] GC(90) - age   3:     639296 bytes,    3987360 total
[2023-11-15T22:28:05.941+0000][7][gc,age      ] GC(90) - age   4:    1366648 bytes,    5354008 total
[2023-11-15T22:28:05.941+0000][7][gc,age      ] GC(90) - age   5:     443528 bytes,    5797536 total
[2023-11-15T22:28:05.941+0000][7][gc,age      ] GC(90) - age   6:     568720 bytes,    6366256 total
[2023-11-15T22:28:05.941+0000][7][gc,age      ] GC(90) - age   7:     248424 bytes,    6614680 total
[2023-11-15T22:28:05.941+0000][7][gc,age      ] GC(90) - age   8:     372960 bytes,    6987640 total
[2023-11-15T22:28:05.941+0000][7][gc,age      ] GC(90) - age   9:    1991184 bytes,    8978824 total
[2023-11-15T22:28:05.941+0000][7][gc,age      ] GC(90) - age  10:     332504 bytes,    9311328 total
[2023-11-15T22:28:05.941+0000][7][gc,age      ] GC(90) - age  11:     989088 bytes,   10300416 total
[2023-11-15T22:28:05.941+0000][7][gc,age      ] GC(90) - age  12:     332000 bytes,   10632416 total
[2023-11-15T22:28:05.941+0000][7][gc,age      ] GC(90) - age  13:     352016 bytes,   10984432 total
[2023-11-15T22:28:05.941+0000][7][gc,age      ] GC(90) - age  14:     299816 bytes,   11284248 total
[2023-11-15T22:28:05.941+0000][7][gc,age      ] GC(90) - age  15:     368784 bytes,   11653032 total
[2023-11-15T22:28:05.941+0000][7][gc,phases   ] GC(90)   Pre Evacuate Collection Set: 0.1ms
[2023-11-15T22:28:05.941+0000][7][gc,phases   ] GC(90)   Merge Heap Roots: 0.1ms
[2023-11-15T22:28:05.941+0000][7][gc,phases   ] GC(90)   Evacuate Collection Set: 4.9ms
[2023-11-15T22:28:05.941+0000][7][gc,phases   ] GC(90)   Post Evacuate Collection Set: 0.8ms
[2023-11-15T22:28:05.941+0000][7][gc,phases   ] GC(90)   Other: 0.5ms
[2023-11-15T22:28:05.941+0000][7][gc,heap     ] GC(90) Eden regions: 68->0(67)
[2023-11-15T22:28:05.941+0000][7][gc,heap     ] GC(90) Survivor regions: 3->3(9)
[2023-11-15T22:28:05.941+0000][7][gc,heap     ] GC(90) Old regions: 27->28
[2023-11-15T22:28:05.941+0000][7][gc,heap     ] GC(90) Archive regions: 2->2
[2023-11-15T22:28:05.941+0000][7][gc,heap     ] GC(90) Humongous regions: 5->5
[2023-11-15T22:28:05.941+0000][7][gc,metaspace] GC(90) Metaspace: 116905K(118464K)->116905K(118464K) NonClass: 101388K(102336K)->101388K(102336K) Class: 15517K(16128K)->15517K(16128K)
[2023-11-15T22:28:05.941+0000][7][gc          ] GC(90) Pause Young (Normal) (G1 Evacuation Pause) 415M->143M(512M) 6.507ms
[2023-11-15T22:28:05.941+0000][7][gc,cpu      ] GC(90) User=0.03s Sys=0.02s Real=0.00s
[2023-11-15T22:28:05.941+0000][7][safepoint   ] Safepoint "G1CollectForAllocation", Time since last: 766318201 ns, Reaching safepoint: 81993 ns, At safepoint: 6670002 ns, Total: 6751995 ns
[2023-11-15T22:28:06.942+0000][7][safepoint   ] Safepoint "Cleanup", Time since last: 1000116279 ns, Reaching safepoint: 84537 ns, At safepoint: 9406 ns, Total: 93943 ns
[2023-11-15T22:28:07.942+0000][7][safepoint   ] Safepoint "Cleanup", Time since last: 1000160205 ns, Reaching safepoint: 71463 ns, At safepoint: 9078 ns, Total: 80541 ns
[2023-11-15T22:28:08.942+0000][7][safepoint   ] Safepoint "Cleanup", Time since last: 1000146053 ns, Reaching safepoint: 91796 ns, At safepoint: 9495 ns, Total: 101291 ns
[2023-11-15T22:28:09.942+0000][7][safepoint   ] Safepoint "Cleanup", Time since last: 1000167285 ns, Reaching safepoint: 69009 ns, At safepoint: 8344 ns, Total: 77353 ns
[2023-11-15T22:28:10.942+0000][7][safepoint   ] Safepoint "Cleanup", Time since last: 1000113834 ns, Reaching safepoint: 48539 ns, At safepoint: 5595 ns, Total: 54134 ns
[2023-11-15T22:28:11.943+0000][7][safepoint   ] Safepoint "Cleanup", Time since last: 1000130333 ns, Reaching safepoint: 61271 ns, At safepoint: 10684 ns, Total: 71955 ns
[2023-11-15T22:28:13.943+0000][7][safepoint   ] Safepoint "Cleanup", Time since last: 2000292386 ns, Reaching safepoint: 190118 ns, At safepoint: 15638 ns, Total: 205756 ns
[2023-11-15T22:28:14.944+0000][7][safepoint   ] Safepoint "Cleanup", Time since last: 1000230933 ns, Reaching safepoint: 217068 ns, At safepoint: 26795 ns, Total: 243863 ns
[2023-11-15T22:28:16.944+0000][7][safepoint   ] Safepoint "Cleanup", Time since last: 2000239283 ns, Reaching safepoint: 30802 ns, At safepoint: 4185 ns, Total: 34987 ns
[2023-11-15T22:28:19.944+0000][7][safepoint   ] Safepoint "Cleanup", Time since last: 3000375641 ns, Reaching safepoint: 89383 ns, At safepoint: 9220 ns, Total: 98603 ns
[2023-11-15T22:28:21.945+0000][7][safepoint   ] Safepoint "Cleanup", Time since last: 2000305025 ns, Reaching safepoint: 190550 ns, At safepoint: 14360 ns, Total: 204910 ns
[2023-11-15T22:28:22.945+0000][7][safepoint   ] Safepoint "Cleanup", Time since last: 1000169238 ns, Reaching safepoint: 60947 ns, At safepoint: 5337 ns, Total: 66284 ns
[2023-11-15T22:28:24.358+0000][7][gc,start    ] GC(91) Pause Young (Normal) (G1 Evacuation Pause)
[2023-11-15T22:28:24.358+0000][7][gc,task     ] GC(91) Using 8 workers of 8 for evacuation
[2023-11-15T22:28:24.358+0000][7][gc,age      ] GC(91) Desired survivor size 18874368 bytes, new threshold 15 (max threshold 15)
[2023-11-15T22:28:24.364+0000][7][gc,age      ] GC(91) Age table with threshold 15 (max threshold 15)
[2023-11-15T22:28:24.364+0000][7][gc,age      ] GC(91) - age   1:    5006928 bytes,    5006928 total
[2023-11-15T22:28:24.364+0000][7][gc,age      ] GC(91) - age   2:     703592 bytes,    5710520 total
[2023-11-15T22:28:24.364+0000][7][gc,age      ] GC(91) - age   3:     614496 bytes,    6325016 total
[2023-11-15T22:28:24.364+0000][7][gc,age      ] GC(91) - age   4:     639040 bytes,    6964056 total
[2023-11-15T22:28:24.364+0000][7][gc,age      ] GC(91) - age   5:    1366272 bytes,    8330328 total
[2023-11-15T22:28:24.365+0000][7][gc,age      ] GC(91) - age   6:     443528 bytes,    8773856 total
[2023-11-15T22:28:24.365+0000][7][gc,age      ] GC(91) - age   7:     566704 bytes,    9340560 total
[2023-11-15T22:28:24.365+0000][7][gc,age      ] GC(91) - age   8:     248424 bytes,    9588984 total
[2023-11-15T22:28:24.365+0000][7][gc,age      ] GC(91) - age   9:     372960 bytes,    9961944 total
[2023-11-15T22:28:24.365+0000][7][gc,age      ] GC(91) - age  10:     315536 bytes,   10277480 total
[2023-11-15T22:28:24.365+0000][7][gc,age      ] GC(91) - age  11:     332504 bytes,   10609984 total
[2023-11-15T22:28:24.365+0000][7][gc,age      ] GC(91) - age  12:     989088 bytes,   11599072 total
[2023-11-15T22:28:24.365+0000][7][gc,age      ] GC(91) - age  13:     332000 bytes,   11931072 total
[2023-11-15T22:28:24.365+0000][7][gc,age      ] GC(91) - age  14:     352016 bytes,   12283088 total
[2023-11-15T22:28:24.365+0000][7][gc,age      ] GC(91) - age  15:     299816 bytes,   12582904 total
[2023-11-15T22:28:24.365+0000][7][gc,phases   ] GC(91)   Pre Evacuate Collection Set: 0.2ms
[2023-11-15T22:28:24.365+0000][7][gc,phases   ] GC(91)   Merge Heap Roots: 0.2ms
[2023-11-15T22:28:24.365+0000][7][gc,phases   ] GC(91)   Evacuate Collection Set: 5.1ms
[2023-11-15T22:28:24.365+0000][7][gc,phases   ] GC(91)   Post Evacuate Collection Set: 1.1ms
[2023-11-15T22:28:24.365+0000][7][gc,phases   ] GC(91)   Other: 0.4ms
[2023-11-15T22:28:24.365+0000][7][gc,heap     ] GC(91) Eden regions: 67->0(65)
[2023-11-15T22:28:24.365+0000][7][gc,heap     ] GC(91) Survivor regions: 3->4(9)
[2023-11-15T22:28:24.365+0000][7][gc,heap     ] GC(91) Old regions: 28->28
[2023-11-15T22:28:24.365+0000][7][gc,heap     ] GC(91) Archive regions: 2->2
[2023-11-15T22:28:24.365+0000][7][gc,heap     ] GC(91) Humongous regions: 5->5
[2023-11-15T22:28:24.365+0000][7][gc,metaspace] GC(91) Metaspace: 116905K(118464K)->116905K(118464K) NonClass: 101388K(102336K)->101388K(102336K) Class: 15517K(16128K)->15517K(16128K)
[2023-11-15T22:28:24.365+0000][7][gc          ] GC(91) Pause Young (Normal) (G1 Evacuation Pause) 411M->144M(512M) 7.043ms
[2023-11-15T22:28:24.365+0000][7][gc,cpu      ] GC(91) User=0.03s Sys=0.01s Real=0.01s
[2023-11-15T22:28:24.365+0000][7][safepoint   ] Safepoint "G1CollectForAllocation", Time since last: 1412352735 ns, Reaching safepoint: 165697 ns, At safepoint: 7189594 ns, Total: 7355291 ns
[2023-11-15T22:28:26.365+0000][7][safepoint   ] Safepoint "Cleanup", Time since last: 2000178190 ns, Reaching safepoint: 102420 ns, At safepoint: 19389 ns, Total: 121809 ns
[2023-11-15T22:28:27.365+0000][7][safepoint   ] Safepoint "Cleanup", Time since last: 1000197025 ns, Reaching safepoint: 61158 ns, At safepoint: 8120 ns, Total: 69278 ns
[2023-11-15T22:28:29.366+0000][7][safepoint   ] Safepoint "Cleanup", Time since last: 2000457624 ns, Reaching safepoint: 136588 ns, At safepoint: 21550 ns, Total: 158138 ns
[2023-11-15T22:28:32.367+0000][7][safepoint   ] Safepoint "Cleanup", Time since last: 3000429313 ns, Reaching safepoint: 55444 ns, At safepoint: 5257 ns, Total: 60701 ns
[2023-11-15T22:28:34.367+0000][7][safepoint   ] Safepoint "Cleanup", Time since last: 2000213179 ns, Reaching safepoint: 51501 ns, At safepoint: 7234 ns, Total: 58735 ns
[2023-11-15T22:28:35.367+0000][7][safepoint   ] Safepoint "Cleanup", Time since last: 1000156617 ns, Reaching safepoint: 73246 ns, At safepoint: 9000 ns, Total: 82246 ns
[2023-11-15T22:28:37.368+0000][7][safepoint   ] Safepoint "Cleanup", Time since last: 2000344899 ns, Reaching safepoint: 118633 ns, At safepoint: 12602 ns, Total: 131235 ns
[2023-11-15T22:28:38.368+0000][7][safepoint   ] Safepoint "Cleanup", Time since last: 1000275037 ns, Reaching safepoint: 68874 ns, At safepoint: 4237 ns, Total: 73111 ns
[2023-11-15T22:28:39.368+0000][7][safepoint   ] Safepoint "Cleanup", Time since last: 1000154817 ns, Reaching safepoint: 45605 ns, At safepoint: 6447 ns, Total: 52052 ns
[2023-11-15T22:28:41.092+0000][7][gc,start    ] GC(92) Pause Young (Normal) (G1 Evacuation Pause)
[2023-11-15T22:28:41.092+0000][7][gc,task     ] GC(92) Using 8 workers of 8 for evacuation
[2023-11-15T22:28:41.092+0000][7][gc,age      ] GC(92) Desired survivor size 18874368 bytes, new threshold 15 (max threshold 15)
[2023-11-15T22:28:41.096+0000][7][gc,age      ] GC(92) Age table with threshold 15 (max threshold 15)
[2023-11-15T22:28:41.096+0000][7][gc,age      ] GC(92) - age   1:    3108904 bytes,    3108904 total
[2023-11-15T22:28:41.096+0000][7][gc,age      ] GC(92) - age   2:    3031384 bytes,    6140288 total
[2023-11-15T22:28:41.096+0000][7][gc,age      ] GC(92) - age   3:     693216 bytes,    6833504 total
[2023-11-15T22:28:41.096+0000][7][gc,age      ] GC(92) - age   4:     613816 bytes,    7447320 total
[2023-11-15T22:28:41.096+0000][7][gc,age      ] GC(92) - age   5:     638168 bytes,    8085488 total
[2023-11-15T22:28:41.096+0000][7][gc,age      ] GC(92) - age   6:    1365696 bytes,    9451184 total
[2023-11-15T22:28:41.096+0000][7][gc,age      ] GC(92) - age   7:     443528 bytes,    9894712 total
[2023-11-15T22:28:41.096+0000][7][gc,age      ] GC(92) - age   8:     566488 bytes,   10461200 total
[2023-11-15T22:28:41.096+0000][7][gc,age      ] GC(92) - age   9:     248424 bytes,   10709624 total
[2023-11-15T22:28:41.096+0000][7][gc,age      ] GC(92) - age  10:     370920 bytes,   11080544 total
[2023-11-15T22:28:41.096+0000][7][gc,age      ] GC(92) - age  11:     315224 bytes,   11395768 total
[2023-11-15T22:28:41.096+0000][7][gc,age      ] GC(92) - age  12:     332504 bytes,   11728272 total
[2023-11-15T22:28:41.096+0000][7][gc,age      ] GC(92) - age  13:     989088 bytes,   12717360 total
[2023-11-15T22:28:41.096+0000][7][gc,age      ] GC(92) - age  14:     332000 bytes,   13049360 total
[2023-11-15T22:28:41.096+0000][7][gc,age      ] GC(92) - age  15:     352016 bytes,   13401376 total
[2023-11-15T22:28:41.096+0000][7][gc,phases   ] GC(92)   Pre Evacuate Collection Set: 0.1ms
[2023-11-15T22:28:41.096+0000][7][gc,phases   ] GC(92)   Merge Heap Roots: 0.0ms
[2023-11-15T22:28:41.096+0000][7][gc,phases   ] GC(92)   Evacuate Collection Set: 3.6ms
[2023-11-15T22:28:41.097+0000][7][gc,phases   ] GC(92)   Post Evacuate Collection Set: 0.5ms
[2023-11-15T22:28:41.097+0000][7][gc,phases   ] GC(92)   Other: 0.2ms
[2023-11-15T22:28:41.097+0000][7][gc,heap     ] GC(92) Eden regions: 65->0(65)
[2023-11-15T22:28:41.097+0000][7][gc,heap     ] GC(92) Survivor regions: 4->4(9)
[2023-11-15T22:28:41.097+0000][7][gc,heap     ] GC(92) Old regions: 28->28
[2023-11-15T22:28:41.097+0000][7][gc,heap     ] GC(92) Archive regions: 2->2
[2023-11-15T22:28:41.097+0000][7][gc,heap     ] GC(92) Humongous regions: 5->5
[2023-11-15T22:28:41.097+0000][7][gc,metaspace] GC(92) Metaspace: 116906K(118464K)->116906K(118464K) NonClass: 101389K(102336K)->101389K(102336K) Class: 15517K(16128K)->15517K(16128K)
[2023-11-15T22:28:41.097+0000][7][gc          ] GC(92) Pause Young (Normal) (G1 Evacuation Pause) 404M->145M(512M) 4.325ms
[2023-11-15T22:28:41.097+0000][7][gc,cpu      ] GC(92) User=0.03s Sys=0.00s Real=0.01s
[2023-11-15T22:28:41.097+0000][7][safepoint   ] Safepoint "G1CollectForAllocation", Time since last: 1724070689 ns, Reaching safepoint: 29484 ns, At safepoint: 4402280 ns, Total: 4431764 ns
[2023-11-15T22:28:42.097+0000][7][safepoint   ] Safepoint "Cleanup", Time since last: 1000159811 ns, Reaching safepoint: 146259 ns, At safepoint: 34691 ns, Total: 180950 ns
[2023-11-15T22:28:44.097+0000][7][safepoint   ] Safepoint "Cleanup", Time since last: 2000270796 ns, Reaching safepoint: 70080 ns, At safepoint: 17535 ns, Total: 87615 ns
[2023-11-15T22:28:45.098+0000][7][safepoint   ] Safepoint "Cleanup", Time since last: 1000289679 ns, Reaching safepoint: 117687 ns, At safepoint: 10536 ns, Total: 128223 ns
[2023-11-15T22:28:47.098+0000][7][safepoint   ] Safepoint "Cleanup", Time since last: 2000323059 ns, Reaching safepoint: 97570 ns, At safepoint: 36111 ns, Total: 133681 ns
[2023-11-15T22:28:50.099+0000][7][safepoint   ] Safepoint "Cleanup", Time since last: 3000355672 ns, Reaching safepoint: 102354 ns, At safepoint: 13230 ns, Total: 115584 ns
[2023-11-15T22:28:52.099+0000][7][safepoint   ] Safepoint "Cleanup", Time since last: 2000254630 ns, Reaching safepoint: 163365 ns, At safepoint: 33310 ns, Total: 196675 ns
[2023-11-15T22:28:53.099+0000][7][safepoint   ] Safepoint "Cleanup", Time since last: 1000216888 ns, Reaching safepoint: 147696 ns, At safepoint: 14029 ns, Total: 161725 ns
[2023-11-15T22:28:55.100+0000][7][safepoint   ] Safepoint "Cleanup", Time since last: 2000266155 ns, Reaching safepoint: 169312 ns, At safepoint: 23191 ns, Total: 192503 ns
[2023-11-15T22:28:56.100+0000][7][safepoint   ] Safepoint "Cleanup", Time since last: 1000146075 ns, Reaching safepoint: 32832 ns, At safepoint: 4972 ns, Total: 37804 ns
[2023-11-15T22:28:57.100+0000][7][safepoint   ] Safepoint "Cleanup", Time since last: 1000117602 ns, Reaching safepoint: 52301 ns, At safepoint: 5425 ns, Total: 57726 ns
[2023-11-15T22:28:59.019+0000][7][gc,start    ] GC(93) Pause Young (Normal) (G1 Evacuation Pause)
[2023-11-15T22:28:59.019+0000][7][gc,task     ] GC(93) Using 8 workers of 8 for evacuation
[2023-11-15T22:28:59.020+0000][7][gc,age      ] GC(93) Desired survivor size 18874368 bytes, new threshold 15 (max threshold 15)
[2023-11-15T22:28:59.030+0000][7][gc,age      ] GC(93) Age table with threshold 15 (max threshold 15)
[2023-11-15T22:28:59.030+0000][7][gc,age      ] GC(93) - age   1:    1820600 bytes,    1820600 total
[2023-11-15T22:28:59.030+0000][7][gc,age      ] GC(93) - age   2:    1866416 bytes,    3687016 total
[2023-11-15T22:28:59.030+0000][7][gc,age      ] GC(93) - age   3:    3024848 bytes,    6711864 total
[2023-11-15T22:28:59.030+0000][7][gc,age      ] GC(93) - age   4:     563408 bytes,    7275272 total
[2023-11-15T22:28:59.030+0000][7][gc,age      ] GC(93) - age   5:     613528 bytes,    7888800 total
[2023-11-15T22:28:59.030+0000][7][gc,age      ] GC(93) - age   6:     637816 bytes,    8526616 total
[2023-11-15T22:28:59.030+0000][7][gc,age      ] GC(93) - age   7:    1365696 bytes,    9892312 total
[2023-11-15T22:28:59.030+0000][7][gc,age      ] GC(93) - age   8:     443464 bytes,   10335776 total
[2023-11-15T22:28:59.030+0000][7][gc,age      ] GC(93) - age   9:     566488 bytes,   10902264 total
[2023-11-15T22:28:59.030+0000][7][gc,age      ] GC(93) - age  10:     237592 bytes,   11139856 total
[2023-11-15T22:28:59.030+0000][7][gc,age      ] GC(93) - age  11:     370320 bytes,   11510176 total
[2023-11-15T22:28:59.031+0000][7][gc,age      ] GC(93) - age  12:     315224 bytes,   11825400 total
[2023-11-15T22:28:59.031+0000][7][gc,age      ] GC(93) - age  13:     332504 bytes,   12157904 total
[2023-11-15T22:28:59.031+0000][7][gc,age      ] GC(93) - age  14:     989024 bytes,   13146928 total
[2023-11-15T22:28:59.031+0000][7][gc,age      ] GC(93) - age  15:     332000 bytes,   13478928 total
[2023-11-15T22:28:59.031+0000][7][gc,phases   ] GC(93)   Pre Evacuate Collection Set: 0.2ms
[2023-11-15T22:28:59.031+0000][7][gc,phases   ] GC(93)   Merge Heap Roots: 0.2ms
[2023-11-15T22:28:59.031+0000][7][gc,phases   ] GC(93)   Evacuate Collection Set: 8.8ms
[2023-11-15T22:28:59.031+0000][7][gc,phases   ] GC(93)   Post Evacuate Collection Set: 1.5ms
[2023-11-15T22:28:59.031+0000][7][gc,phases   ] GC(93)   Other: 0.7ms
[2023-11-15T22:28:59.031+0000][7][gc,heap     ] GC(93) Eden regions: 65->0(65)
[2023-11-15T22:28:59.031+0000][7][gc,heap     ] GC(93) Survivor regions: 4->4(9)
[2023-11-15T22:28:59.031+0000][7][gc,heap     ] GC(93) Old regions: 28->28
[2023-11-15T22:28:59.031+0000][7][gc,heap     ] GC(93) Archive regions: 2->2
[2023-11-15T22:28:59.031+0000][7][gc,heap     ] GC(93) Humongous regions: 5->5
[2023-11-15T22:28:59.031+0000][7][gc,metaspace] GC(93) Metaspace: 116912K(118464K)->116912K(118464K) NonClass: 101395K(102336K)->101395K(102336K) Class: 15517K(16128K)->15517K(16128K)
[2023-11-15T22:28:59.031+0000][7][gc          ] GC(93) Pause Young (Normal) (G1 Evacuation Pause) 405M->146M(512M) 11.574ms
[2023-11-15T22:28:59.031+0000][7][gc,cpu      ] GC(93) User=0.05s Sys=0.01s Real=0.01s
[2023-11-15T22:28:59.031+0000][7][safepoint   ] Safepoint "G1CollectForAllocation", Time since last: 1918851582 ns, Reaching safepoint: 141388 ns, At safepoint: 11773248 ns, Total: 11914636 ns
[2023-11-15T22:29:00.031+0000][7][safepoint   ] Safepoint "Cleanup", Time since last: 1000213729 ns, Reaching safepoint: 105063 ns, At safepoint: 14970 ns, Total: 120033 ns
[2023-11-15T22:29:02.032+0000][7][safepoint   ] Safepoint "Cleanup", Time since last: 2000539082 ns, Reaching safepoint: 107732 ns, At safepoint: 14417 ns, Total: 122149 ns
[2023-11-15T22:29:04.033+0000][7][safepoint   ] Safepoint "Cleanup", Time since last: 2000308767 ns, Reaching safepoint: 323854 ns, At safepoint: 26305 ns, Total: 350159 ns
[2023-11-15T22:29:05.033+0000][7][safepoint   ] Safepoint "Cleanup", Time since last: 1000181654 ns, Reaching safepoint: 147752 ns, At safepoint: 7005 ns, Total: 154757 ns
[2023-11-15T22:29:06.033+0000][7][safepoint   ] Safepoint "Cleanup", Time since last: 1000230892 ns, Reaching safepoint: 131967 ns, At safepoint: 8574 ns, Total: 140541 ns
[2023-11-15T22:29:07.034+0000][7][safepoint   ] Safepoint "Cleanup", Time since last: 1000204179 ns, Reaching safepoint: 165560 ns, At safepoint: 29574 ns, Total: 195134 ns
[2023-11-15T22:29:08.300+0000][7][safepoint   ] Safepoint "Cleanup", Time since last: 1266268927 ns, Reaching safepoint: 197851 ns, At safepoint: 19395 ns, Total: 217246 ns
[2023-11-15T22:29:09.301+0000][7][safepoint   ] Safepoint "Cleanup", Time since last: 1000212910 ns, Reaching safepoint: 132475 ns, At safepoint: 23035 ns, Total: 155510 ns
[2023-11-15T22:29:10.301+0000][7][safepoint   ] Safepoint "Cleanup", Time since last: 1000180730 ns, Reaching safepoint: 160614 ns, At safepoint: 27674 ns, Total: 188288 ns
[2023-11-15T22:29:11.301+0000][7][safepoint   ] Safepoint "Cleanup", Time since last: 1000195054 ns, Reaching safepoint: 95195 ns, At safepoint: 12640 ns, Total: 107835 ns
[2023-11-15T22:29:12.302+0000][7][safepoint   ] Safepoint "Cleanup", Time since last: 1000142672 ns, Reaching safepoint: 153262 ns, At safepoint: 10906 ns, Total: 164168 ns
[2023-11-15T22:29:14.302+0000][7][safepoint   ] Safepoint "Cleanup", Time since last: 2000232426 ns, Reaching safepoint: 55691 ns, At safepoint: 7225 ns, Total: 62916 ns
[2023-11-15T22:29:14.556+0000][7][gc,start    ] GC(94) Pause Young (Normal) (G1 Evacuation Pause)
[2023-11-15T22:29:14.556+0000][7][gc,task     ] GC(94) Using 8 workers of 8 for evacuation
[2023-11-15T22:29:14.557+0000][7][gc,age      ] GC(94) Desired survivor size 18874368 bytes, new threshold 15 (max threshold 15)
[2023-11-15T22:29:14.564+0000][7][gc,age      ] GC(94) Age table with threshold 15 (max threshold 15)
[2023-11-15T22:29:14.564+0000][7][gc,age      ] GC(94) - age   1:    5596992 bytes,    5596992 total
[2023-11-15T22:29:14.564+0000][7][gc,age      ] GC(94) - age   2:     576144 bytes,    6173136 total
[2023-11-15T22:29:14.564+0000][7][gc,age      ] GC(94) - age   3:     693624 bytes,    6866760 total
[2023-11-15T22:29:14.564+0000][7][gc,age      ] GC(94) - age   4:    3006896 bytes,    9873656 total
[2023-11-15T22:29:14.564+0000][7][gc,age      ] GC(94) - age   5:     563120 bytes,   10436776 total
[2023-11-15T22:29:14.564+0000][7][gc,age      ] GC(94) - age   6:     602192 bytes,   11038968 total
[2023-11-15T22:29:14.564+0000][7][gc,age      ] GC(94) - age   7:     634424 bytes,   11673392 total
[2023-11-15T22:29:14.564+0000][7][gc,age      ] GC(94) - age   8:    1365696 bytes,   13039088 total
[2023-11-15T22:29:14.564+0000][7][gc,age      ] GC(94) - age   9:     443376 bytes,   13482464 total
[2023-11-15T22:29:14.564+0000][7][gc,age      ] GC(94) - age  10:     566488 bytes,   14048952 total
[2023-11-15T22:29:14.565+0000][7][gc,age      ] GC(94) - age  11:     237592 bytes,   14286544 total
[2023-11-15T22:29:14.565+0000][7][gc,age      ] GC(94) - age  12:     370320 bytes,   14656864 total
[2023-11-15T22:29:14.565+0000][7][gc,age      ] GC(94) - age  13:     315224 bytes,   14972088 total
[2023-11-15T22:29:14.565+0000][7][gc,age      ] GC(94) - age  14:     332504 bytes,   15304592 total
[2023-11-15T22:29:14.565+0000][7][gc,age      ] GC(94) - age  15:     335936 bytes,   15640528 total
[2023-11-15T22:29:14.565+0000][7][gc,phases   ] GC(94)   Pre Evacuate Collection Set: 0.3ms
[2023-11-15T22:29:14.565+0000][7][gc,phases   ] GC(94)   Merge Heap Roots: 0.1ms
[2023-11-15T22:29:14.565+0000][7][gc,phases   ] GC(94)   Evacuate Collection Set: 5.9ms
[2023-11-15T22:29:14.565+0000][7][gc,phases   ] GC(94)   Post Evacuate Collection Set: 1.4ms
[2023-11-15T22:29:14.565+0000][7][gc,phases   ] GC(94)   Other: 0.6ms
[2023-11-15T22:29:14.565+0000][7][gc,heap     ] GC(94) Eden regions: 65->0(65)
[2023-11-15T22:29:14.565+0000][7][gc,heap     ] GC(94) Survivor regions: 4->4(9)
[2023-11-15T22:29:14.565+0000][7][gc,heap     ] GC(94) Old regions: 28->28
[2023-11-15T22:29:14.565+0000][7][gc,heap     ] GC(94) Archive regions: 2->2
[2023-11-15T22:29:14.565+0000][7][gc,heap     ] GC(94) Humongous regions: 5->5
[2023-11-15T22:29:14.565+0000][7][gc,metaspace] GC(94) Metaspace: 116917K(118464K)->116917K(118464K) NonClass: 101400K(102336K)->101400K(102336K) Class: 15517K(16128K)->15517K(16128K)
[2023-11-15T22:29:14.565+0000][7][gc          ] GC(94) Pause Young (Normal) (G1 Evacuation Pause) 406M->149M(512M) 8.449ms
[2023-11-15T22:29:14.565+0000][7][gc,cpu      ] GC(94) User=0.05s Sys=0.01s Real=0.01s
[2023-11-15T22:29:14.565+0000][7][safepoint   ] Safepoint "G1CollectForAllocation", Time since last: 254326291 ns, Reaching safepoint: 80235 ns, At safepoint: 8613917 ns, Total: 8694152 ns
[2023-11-15T22:29:17.565+0000][7][safepoint   ] Safepoint "Cleanup", Time since last: 3000436798 ns, Reaching safepoint: 80782 ns, At safepoint: 14429 ns, Total: 95211 ns
[2023-11-15T22:29:19.566+0000][7][safepoint   ] Safepoint "Cleanup", Time since last: 2000310585 ns, Reaching safepoint: 215154 ns, At safepoint: 39736 ns, Total: 254890 ns
[2023-11-15T22:29:20.566+0000][7][safepoint   ] Safepoint "Cleanup", Time since last: 1000203162 ns, Reaching safepoint: 118598 ns, At safepoint: 6305 ns, Total: 124903 ns
[2023-11-15T22:29:21.567+0000][7][safepoint   ] Safepoint "Cleanup", Time since last: 1000141107 ns, Reaching safepoint: 112720 ns, At safepoint: 12835 ns, Total: 125555 ns
[2023-11-15T22:29:22.567+0000][7][safepoint   ] Safepoint "Cleanup", Time since last: 1000225261 ns, Reaching safepoint: 117208 ns, At safepoint: 18778 ns, Total: 135986 ns
[2023-11-15T22:29:23.567+0000][7][safepoint   ] Safepoint "Cleanup", Time since last: 1000233509 ns, Reaching safepoint: 114361 ns, At safepoint: 15086 ns, Total: 129447 ns
[2023-11-15T22:29:24.568+0000][7][safepoint   ] Safepoint "Cleanup", Time since last: 1000194105 ns, Reaching safepoint: 91742 ns, At safepoint: 12501 ns, Total: 104243 ns
[2023-11-15T22:29:26.568+0000][7][safepoint   ] Safepoint "Cleanup", Time since last: 2000346723 ns, Reaching safepoint: 77194 ns, At safepoint: 52878 ns, Total: 130072 ns
[2023-11-15T22:29:27.569+0000][7][safepoint   ] Safepoint "Cleanup", Time since last: 1000281723 ns, Reaching safepoint: 124599 ns, At safepoint: 16836 ns, Total: 141435 ns
[2023-11-15T22:29:29.569+0000][7][safepoint   ] Safepoint "Cleanup", Time since last: 2000422420 ns, Reaching safepoint: 135040 ns, At safepoint: 16271 ns, Total: 151311 ns
[2023-11-15T22:29:31.312+0000][7][gc,start    ] GC(95) Pause Young (Normal) (G1 Evacuation Pause)
[2023-11-15T22:29:31.312+0000][7][gc,task     ] GC(95) Using 8 workers of 8 for evacuation
[2023-11-15T22:29:31.312+0000][7][gc,age      ] GC(95) Desired survivor size 18874368 bytes, new threshold 15 (max threshold 15)
[2023-11-15T22:29:31.321+0000][7][gc,age      ] GC(95) Age table with threshold 15 (max threshold 15)
[2023-11-15T22:29:31.322+0000][7][gc,age      ] GC(95) - age   1:    1464896 bytes,    1464896 total
[2023-11-15T22:29:31.322+0000][7][gc,age      ] GC(95) - age   2:    4914184 bytes,    6379080 total
[2023-11-15T22:29:31.322+0000][7][gc,age      ] GC(95) - age   3:     575048 bytes,    6954128 total
[2023-11-15T22:29:31.322+0000][7][gc,age      ] GC(95) - age   4:     563480 bytes,    7517608 total
[2023-11-15T22:29:31.322+0000][7][gc,age      ] GC(95) - age   5:    3006512 bytes,   10524120 total
[2023-11-15T22:29:31.322+0000][7][gc,age      ] GC(95) - age   6:     563120 bytes,   11087240 total
[2023-11-15T22:29:31.322+0000][7][gc,age      ] GC(95) - age   7:     602128 bytes,   11689368 total
[2023-11-15T22:29:31.322+0000][7][gc,age      ] GC(95) - age   8:     634424 bytes,   12323792 total
[2023-11-15T22:29:31.322+0000][7][gc,age      ] GC(95) - age   9:    1365696 bytes,   13689488 total
[2023-11-15T22:29:31.322+0000][7][gc,age      ] GC(95) - age  10:     443376 bytes,   14132864 total
[2023-11-15T22:29:31.322+0000][7][gc,age      ] GC(95) - age  11:     390488 bytes,   14523352 total
[2023-11-15T22:29:31.322+0000][7][gc,age      ] GC(95) - age  12:     237592 bytes,   14760944 total
[2023-11-15T22:29:31.322+0000][7][gc,age      ] GC(95) - age  13:     370032 bytes,   15130976 total
[2023-11-15T22:29:31.322+0000][7][gc,age      ] GC(95) - age  14:     315224 bytes,   15446200 total
[2023-11-15T22:29:31.322+0000][7][gc,age      ] GC(95) - age  15:     332504 bytes,   15778704 total
[2023-11-15T22:29:31.322+0000][7][gc,phases   ] GC(95)   Pre Evacuate Collection Set: 0.2ms
[2023-11-15T22:29:31.322+0000][7][gc,phases   ] GC(95)   Merge Heap Roots: 0.2ms
[2023-11-15T22:29:31.322+0000][7][gc,phases   ] GC(95)   Evacuate Collection Set: 7.4ms
[2023-11-15T22:29:31.322+0000][7][gc,phases   ] GC(95)   Post Evacuate Collection Set: 1.4ms
[2023-11-15T22:29:31.322+0000][7][gc,phases   ] GC(95)   Other: 0.8ms
[2023-11-15T22:29:31.322+0000][7][gc,heap     ] GC(95) Eden regions: 65->0(65)
[2023-11-15T22:29:31.322+0000][7][gc,heap     ] GC(95) Survivor regions: 4->4(9)
[2023-11-15T22:29:31.322+0000][7][gc,heap     ] GC(95) Old regions: 28->28
[2023-11-15T22:29:31.322+0000][7][gc,heap     ] GC(95) Archive regions: 2->2
[2023-11-15T22:29:31.322+0000][7][gc,heap     ] GC(95) Humongous regions: 5->5
[2023-11-15T22:29:31.322+0000][7][gc,metaspace] GC(95) Metaspace: 116917K(118464K)->116917K(118464K) NonClass: 101400K(102336K)->101400K(102336K) Class: 15517K(16128K)->15517K(16128K)
[2023-11-15T22:29:31.322+0000][7][gc          ] GC(95) Pause Young (Normal) (G1 Evacuation Pause) 409M->148M(512M) 10.005ms
[2023-11-15T22:29:31.322+0000][7][gc,cpu      ] GC(95) User=0.05s Sys=0.00s Real=0.01s
[2023-11-15T22:29:31.322+0000][7][safepoint   ] Safepoint "G1CollectForAllocation", Time since last: 1742442079 ns, Reaching safepoint: 243331 ns, At safepoint: 10290403 ns, Total: 10533734 ns
[2023-11-15T22:29:32.322+0000][7][safepoint   ] Safepoint "Cleanup", Time since last: 1000151618 ns, Reaching safepoint: 64944 ns, At safepoint: 12078 ns, Total: 77022 ns
[2023-11-15T22:29:33.323+0000][7][safepoint   ] Safepoint "Cleanup", Time since last: 1000176124 ns, Reaching safepoint: 161620 ns, At safepoint: 15576 ns, Total: 177196 ns
[2023-11-15T22:29:34.323+0000][7][safepoint   ] Safepoint "Cleanup", Time since last: 1000249739 ns, Reaching safepoint: 133347 ns, At safepoint: 11396 ns, Total: 144743 ns
[2023-11-15T22:29:35.323+0000][7][safepoint   ] Safepoint "Cleanup", Time since last: 1000209358 ns, Reaching safepoint: 143328 ns, At safepoint: 24495 ns, Total: 167823 ns
[2023-11-15T22:29:37.324+0000][7][safepoint   ] Safepoint "Cleanup", Time since last: 2000346213 ns, Reaching safepoint: 70701 ns, At safepoint: 9675 ns, Total: 80376 ns
[2023-11-15T22:29:38.888+0000][7][safepoint   ] Safepoint "Cleanup", Time since last: 1564410242 ns, Reaching safepoint: 145789 ns, At safepoint: 16070 ns, Total: 161859 ns
[2023-11-15T22:29:39.889+0000][7][safepoint   ] Safepoint "Cleanup", Time since last: 1000222647 ns, Reaching safepoint: 127114 ns, At safepoint: 27351 ns, Total: 154465 ns
[2023-11-15T22:29:40.889+0000][7][safepoint   ] Safepoint "Cleanup", Time since last: 1000188326 ns, Reaching safepoint: 51347 ns, At safepoint: 3729 ns, Total: 55076 ns
[2023-11-15T22:29:41.889+0000][7][safepoint   ] Safepoint "Cleanup", Time since last: 1000145755 ns, Reaching safepoint: 125443 ns, At safepoint: 13743 ns, Total: 139186 ns
[2023-11-15T22:29:43.890+0000][7][safepoint   ] Safepoint "Cleanup", Time since last: 2000265650 ns, Reaching safepoint: 84154 ns, At safepoint: 12020 ns, Total: 96174 ns
[2023-11-15T22:29:44.890+0000][7][safepoint   ] Safepoint "Cleanup", Time since last: 1000214900 ns, Reaching safepoint: 71372 ns, At safepoint: 9312 ns, Total: 80684 ns
[2023-11-15T22:29:46.890+0000][7][safepoint   ] Safepoint "Cleanup", Time since last: 2000323588 ns, Reaching safepoint: 110942 ns, At safepoint: 17425 ns, Total: 128367 ns
[2023-11-15T22:29:47.436+0000][7][gc,start    ] GC(96) Pause Young (Normal) (G1 Evacuation Pause)
[2023-11-15T22:29:47.436+0000][7][gc,task     ] GC(96) Using 8 workers of 8 for evacuation
[2023-11-15T22:29:47.437+0000][7][gc,age      ] GC(96) Desired survivor size 18874368 bytes, new threshold 15 (max threshold 15)
[2023-11-15T22:29:47.441+0000][7][gc,age      ] GC(96) Age table with threshold 15 (max threshold 15)
[2023-11-15T22:29:47.441+0000][7][gc,age      ] GC(96) - age   1:    2945776 bytes,    2945776 total
[2023-11-15T22:29:47.441+0000][7][gc,age      ] GC(96) - age   2:     763904 bytes,    3709680 total
[2023-11-15T22:29:47.441+0000][7][gc,age      ] GC(96) - age   3:    3434224 bytes,    7143904 total
[2023-11-15T22:29:47.441+0000][7][gc,age      ] GC(96) - age   4:     574792 bytes,    7718696 total
[2023-11-15T22:29:47.441+0000][7][gc,age      ] GC(96) - age   5:     562736 bytes,    8281432 total
[2023-11-15T22:29:47.441+0000][7][gc,age      ] GC(96) - age   6:    3006512 bytes,   11287944 total
[2023-11-15T22:29:47.441+0000][7][gc,age      ] GC(96) - age   7:     563120 bytes,   11851064 total
[2023-11-15T22:29:47.441+0000][7][gc,age      ] GC(96) - age   8:     602128 bytes,   12453192 total
[2023-11-15T22:29:47.441+0000][7][gc,age      ] GC(96) - age   9:     634424 bytes,   13087616 total
[2023-11-15T22:29:47.441+0000][7][gc,age      ] GC(96) - age  10:    1365696 bytes,   14453312 total
[2023-11-15T22:29:47.441+0000][7][gc,age      ] GC(96) - age  11:     443376 bytes,   14896688 total
[2023-11-15T22:29:47.441+0000][7][gc,age      ] GC(96) - age  12:     390488 bytes,   15287176 total
[2023-11-15T22:29:47.441+0000][7][gc,age      ] GC(96) - age  13:     237592 bytes,   15524768 total
[2023-11-15T22:29:47.441+0000][7][gc,age      ] GC(96) - age  14:     369720 bytes,   15894488 total
[2023-11-15T22:29:47.441+0000][7][gc,age      ] GC(96) - age  15:     315224 bytes,   16209712 total
[2023-11-15T22:29:47.441+0000][7][gc,phases   ] GC(96)   Pre Evacuate Collection Set: 0.1ms
[2023-11-15T22:29:47.441+0000][7][gc,phases   ] GC(96)   Merge Heap Roots: 0.0ms
[2023-11-15T22:29:47.441+0000][7][gc,phases   ] GC(96)   Evacuate Collection Set: 4.0ms
[2023-11-15T22:29:47.441+0000][7][gc,phases   ] GC(96)   Post Evacuate Collection Set: 0.4ms
[2023-11-15T22:29:47.441+0000][7][gc,phases   ] GC(96)   Other: 0.2ms
[2023-11-15T22:29:47.441+0000][7][gc,heap     ] GC(96) Eden regions: 65->0(63)
[2023-11-15T22:29:47.441+0000][7][gc,heap     ] GC(96) Survivor regions: 4->5(9)
[2023-11-15T22:29:47.441+0000][7][gc,heap     ] GC(96) Old regions: 28->28
[2023-11-15T22:29:47.441+0000][7][gc,heap     ] GC(96) Archive regions: 2->2
[2023-11-15T22:29:47.441+0000][7][gc,heap     ] GC(96) Humongous regions: 5->5
[2023-11-15T22:29:47.441+0000][7][gc,metaspace] GC(96) Metaspace: 116925K(118464K)->116925K(118464K) NonClass: 101407K(102336K)->101407K(102336K) Class: 15517K(16128K)->15517K(16128K)
[2023-11-15T22:29:47.441+0000][7][gc          ] GC(96) Pause Young (Normal) (G1 Evacuation Pause) 408M->150M(512M) 4.805ms
[2023-11-15T22:29:47.441+0000][7][gc,cpu      ] GC(96) User=0.04s Sys=0.00s Real=0.00s
[2023-11-15T22:29:47.441+0000][7][safepoint   ] Safepoint "G1CollectForAllocation", Time since last: 545866832 ns, Reaching safepoint: 52983 ns, At safepoint: 4866521 ns, Total: 4919504 ns
[2023-11-15T22:29:49.442+0000][7][safepoint   ] Safepoint "Cleanup", Time since last: 2000517557 ns, Reaching safepoint: 39750 ns, At safepoint: 24108 ns, Total: 63858 ns
[2023-11-15T22:29:50.442+0000][7][safepoint   ] Safepoint "Cleanup", Time since last: 1000181591 ns, Reaching safepoint: 124056 ns, At safepoint: 16343 ns, Total: 140399 ns
[2023-11-15T22:29:52.443+0000][7][safepoint   ] Safepoint "Cleanup", Time since last: 2000308370 ns, Reaching safepoint: 243853 ns, At safepoint: 35359 ns, Total: 279212 ns
[2023-11-15T22:29:53.443+0000][7][safepoint   ] Safepoint "Cleanup", Time since last: 1000423976 ns, Reaching safepoint: 65546 ns, At safepoint: 4975 ns, Total: 70521 ns
[2023-11-15T22:29:54.444+0000][7][safepoint   ] Safepoint "Cleanup", Time since last: 1000208205 ns, Reaching safepoint: 151513 ns, At safepoint: 24635 ns, Total: 176148 ns
[2023-11-15T22:29:56.444+0000][7][safepoint   ] Safepoint "Cleanup", Time since last: 2000232091 ns, Reaching safepoint: 122715 ns, At safepoint: 14345 ns, Total: 137060 ns
[2023-11-15T22:29:57.444+0000][7][safepoint   ] Safepoint "Cleanup", Time since last: 1000174677 ns, Reaching safepoint: 113193 ns, At safepoint: 13662 ns, Total: 126855 ns
[2023-11-15T22:29:59.445+0000][7][safepoint   ] Safepoint "Cleanup", Time since last: 2000353182 ns, Reaching safepoint: 130034 ns, At safepoint: 15142 ns, Total: 145176 ns
[2023-11-15T22:30:02.445+0000][7][safepoint   ] Safepoint "Cleanup", Time since last: 3000374722 ns, Reaching safepoint: 72319 ns, At safepoint: 5280 ns, Total: 77599 ns
[2023-11-15T22:30:02.515+0000][7][gc,start    ] GC(97) Pause Young (Normal) (G1 Evacuation Pause)
[2023-11-15T22:30:02.515+0000][7][gc,task     ] GC(97) Using 8 workers of 8 for evacuation
[2023-11-15T22:30:02.515+0000][7][gc,age      ] GC(97) Desired survivor size 18874368 bytes, new threshold 15 (max threshold 15)
[2023-11-15T22:30:02.524+0000][7][gc,age      ] GC(97) Age table with threshold 15 (max threshold 15)
[2023-11-15T22:30:02.524+0000][7][gc,age      ] GC(97) - age   1:    2931080 bytes,    2931080 total
[2023-11-15T22:30:02.524+0000][7][gc,age      ] GC(97) - age   2:    2226288 bytes,    5157368 total
[2023-11-15T22:30:02.524+0000][7][gc,age      ] GC(97) - age   3:     762808 bytes,    5920176 total
[2023-11-15T22:30:02.524+0000][7][gc,age      ] GC(97) - age   4:    3417424 bytes,    9337600 total
[2023-11-15T22:30:02.524+0000][7][gc,age      ] GC(97) - age   5:     574304 bytes,    9911904 total
[2023-11-15T22:30:02.524+0000][7][gc,age      ] GC(97) - age   6:     562416 bytes,   10474320 total
[2023-11-15T22:30:02.524+0000][7][gc,age      ] GC(97) - age   7:    3006512 bytes,   13480832 total
[2023-11-15T22:30:02.524+0000][7][gc,age      ] GC(97) - age   8:     563120 bytes,   14043952 total
[2023-11-15T22:30:02.524+0000][7][gc,age      ] GC(97) - age   9:     598840 bytes,   14642792 total
[2023-11-15T22:30:02.524+0000][7][gc,age      ] GC(97) - age  10:     634424 bytes,   15277216 total
[2023-11-15T22:30:02.524+0000][7][gc,age      ] GC(97) - age  11:     282864 bytes,   15560080 total
[2023-11-15T22:30:02.524+0000][7][gc,age      ] GC(97) - age  12:     302704 bytes,   15862784 total
[2023-11-15T22:30:02.524+0000][7][gc,age      ] GC(97) - age  13:     390488 bytes,   16253272 total
[2023-11-15T22:30:02.524+0000][7][gc,age      ] GC(97) - age  14:     237592 bytes,   16490864 total
[2023-11-15T22:30:02.524+0000][7][gc,age      ] GC(97) - age  15:     369720 bytes,   16860584 total
[2023-11-15T22:30:02.524+0000][7][gc,phases   ] GC(97)   Pre Evacuate Collection Set: 0.1ms
[2023-11-15T22:30:02.524+0000][7][gc,phases   ] GC(97)   Merge Heap Roots: 0.1ms
[2023-11-15T22:30:02.524+0000][7][gc,phases   ] GC(97)   Evacuate Collection Set: 6.7ms
[2023-11-15T22:30:02.524+0000][7][gc,phases   ] GC(97)   Post Evacuate Collection Set: 1.2ms
[2023-11-15T22:30:02.524+0000][7][gc,phases   ] GC(97)   Other: 0.5ms
[2023-11-15T22:30:02.524+0000][7][gc,heap     ] GC(97) Eden regions: 63->0(63)
[2023-11-15T22:30:02.524+0000][7][gc,heap     ] GC(97) Survivor regions: 5->5(9)
[2023-11-15T22:30:02.524+0000][7][gc,heap     ] GC(97) Old regions: 28->28
[2023-11-15T22:30:02.524+0000][7][gc,heap     ] GC(97) Archive regions: 2->2
[2023-11-15T22:30:02.524+0000][7][gc,heap     ] GC(97) Humongous regions: 5->5
[2023-11-15T22:30:02.524+0000][7][gc,metaspace] GC(97) Metaspace: 116955K(118528K)->116955K(118528K) NonClass: 101437K(102400K)->101437K(102400K) Class: 15517K(16128K)->15517K(16128K)
[2023-11-15T22:30:02.524+0000][7][gc          ] GC(97) Pause Young (Normal) (G1 Evacuation Pause) 402M->151M(512M) 8.808ms
[2023-11-15T22:30:02.524+0000][7][gc,cpu      ] GC(97) User=0.04s Sys=0.01s Real=0.00s
[2023-11-15T22:30:02.524+0000][7][safepoint   ] Safepoint "G1CollectForAllocation", Time since last: 69856375 ns, Reaching safepoint: 54198 ns, At safepoint: 8963383 ns, Total: 9017581 ns
[2023-11-15T22:30:04.525+0000][7][safepoint   ] Safepoint "Cleanup", Time since last: 2000331376 ns, Reaching safepoint: 146915 ns, At safepoint: 15856 ns, Total: 162771 ns
[2023-11-15T22:30:05.525+0000][7][safepoint   ] Safepoint "Cleanup", Time since last: 1000193682 ns, Reaching safepoint: 146817 ns, At safepoint: 8042 ns, Total: 154859 ns
[2023-11-15T22:30:07.525+0000][7][safepoint   ] Safepoint "Cleanup", Time since last: 2000210417 ns, Reaching safepoint: 102290 ns, At safepoint: 23507 ns, Total: 125797 ns
[2023-11-15T22:30:08.526+0000][7][safepoint   ] Safepoint "Cleanup", Time since last: 1000239585 ns, Reaching safepoint: 244576 ns, At safepoint: 37448 ns, Total: 282024 ns
[2023-11-15T22:30:09.526+0000][7][safepoint   ] Safepoint "Cleanup", Time since last: 1000334098 ns, Reaching safepoint: 112803 ns, At safepoint: 22385 ns, Total: 135188 ns
[2023-11-15T22:30:11.527+0000][7][safepoint   ] Safepoint "Cleanup", Time since last: 2000311819 ns, Reaching safepoint: 120229 ns, At safepoint: 15012 ns, Total: 135241 ns
[2023-11-15T22:30:12.527+0000][7][safepoint   ] Safepoint "Cleanup", Time since last: 1000166004 ns, Reaching safepoint: 159237 ns, At safepoint: 21396 ns, Total: 180633 ns
[2023-11-15T22:30:14.528+0000][7][safepoint   ] Safepoint "Cleanup", Time since last: 2000303981 ns, Reaching safepoint: 101528 ns, At safepoint: 17750 ns, Total: 119278 ns
[2023-11-15T22:30:17.528+0000][7][safepoint   ] Safepoint "Cleanup", Time since last: 3000506857 ns, Reaching safepoint: 49322 ns, At safepoint: 4175 ns, Total: 53497 ns
[2023-11-15T22:30:18.233+0000][7][gc,start    ] GC(98) Pause Young (Normal) (G1 Evacuation Pause)
[2023-11-15T22:30:18.234+0000][7][gc,task     ] GC(98) Using 8 workers of 8 for evacuation
[2023-11-15T22:30:18.234+0000][7][gc,age      ] GC(98) Desired survivor size 18874368 bytes, new threshold 15 (max threshold 15)
[2023-11-15T22:30:18.246+0000][7][gc,age      ] GC(98) Age table with threshold 15 (max threshold 15)
[2023-11-15T22:30:18.246+0000][7][gc,age      ] GC(98) - age   1:    1144336 bytes,    1144336 total
[2023-11-15T22:30:18.246+0000][7][gc,age      ] GC(98) - age   2:    1912880 bytes,    3057216 total
[2023-11-15T22:30:18.246+0000][7][gc,age      ] GC(98) - age   3:    2210072 bytes,    5267288 total
[2023-11-15T22:30:18.246+0000][7][gc,age      ] GC(98) - age   4:     762456 bytes,    6029744 total
[2023-11-15T22:30:18.246+0000][7][gc,age      ] GC(98) - age   5:    3290824 bytes,    9320568 total
[2023-11-15T22:30:18.246+0000][7][gc,age      ] GC(98) - age   6:     574112 bytes,    9894680 total
[2023-11-15T22:30:18.246+0000][7][gc,age      ] GC(98) - age   7:     562192 bytes,   10456872 total
[2023-11-15T22:30:18.246+0000][7][gc,age      ] GC(98) - age   8:    3005840 bytes,   13462712 total
[2023-11-15T22:30:18.246+0000][7][gc,age      ] GC(98) - age   9:     563120 bytes,   14025832 total
[2023-11-15T22:30:18.246+0000][7][gc,age      ] GC(98) - age  10:     598840 bytes,   14624672 total
[2023-11-15T22:30:18.246+0000][7][gc,age      ] GC(98) - age  11:     371768 bytes,   14996440 total
[2023-11-15T22:30:18.246+0000][7][gc,age      ] GC(98) - age  12:     282864 bytes,   15279304 total
[2023-11-15T22:30:18.246+0000][7][gc,age      ] GC(98) - age  13:     302704 bytes,   15582008 total
[2023-11-15T22:30:18.246+0000][7][gc,age      ] GC(98) - age  14:     390488 bytes,   15972496 total
[2023-11-15T22:30:18.246+0000][7][gc,age      ] GC(98) - age  15:     237592 bytes,   16210088 total
[2023-11-15T22:30:18.246+0000][7][gc,phases   ] GC(98)   Pre Evacuate Collection Set: 0.2ms
[2023-11-15T22:30:18.246+0000][7][gc,phases   ] GC(98)   Merge Heap Roots: 0.1ms
[2023-11-15T22:30:18.246+0000][7][gc,phases   ] GC(98)   Evacuate Collection Set: 11.0ms
[2023-11-15T22:30:18.246+0000][7][gc,phases   ] GC(98)   Post Evacuate Collection Set: 1.0ms
[2023-11-15T22:30:18.246+0000][7][gc,phases   ] GC(98)   Other: 0.4ms
[2023-11-15T22:30:18.246+0000][7][gc,heap     ] GC(98) Eden regions: 63->0(65)
[2023-11-15T22:30:18.246+0000][7][gc,heap     ] GC(98) Survivor regions: 5->4(9)
[2023-11-15T22:30:18.246+0000][7][gc,heap     ] GC(98) Old regions: 28->28
[2023-11-15T22:30:18.246+0000][7][gc,heap     ] GC(98) Archive regions: 2->2
[2023-11-15T22:30:18.246+0000][7][gc,heap     ] GC(98) Humongous regions: 5->5
[2023-11-15T22:30:18.246+0000][7][gc,metaspace] GC(98) Metaspace: 116956K(118528K)->116956K(118528K) NonClass: 101438K(102400K)->101438K(102400K) Class: 15517K(16128K)->15517K(16128K)
[2023-11-15T22:30:18.246+0000][7][gc          ] GC(98) Pause Young (Normal) (G1 Evacuation Pause) 403M->150M(512M) 12.780ms
[2023-11-15T22:30:18.246+0000][7][gc,cpu      ] GC(98) User=0.04s Sys=0.00s Real=0.02s
[2023-11-15T22:30:18.246+0000][7][safepoint   ] Safepoint "G1CollectForAllocation", Time since last: 705304636 ns, Reaching safepoint: 50946 ns, At safepoint: 12897090 ns, Total: 12948036 ns
[2023-11-15T22:30:19.247+0000][7][safepoint   ] Safepoint "Cleanup", Time since last: 1000177148 ns, Reaching safepoint: 188719 ns, At safepoint: 67412 ns, Total: 256131 ns
[2023-11-15T22:30:25.248+0000][7][safepoint   ] Safepoint "Cleanup", Time since last: 6000948100 ns, Reaching safepoint: 104048 ns, At safepoint: 15657 ns, Total: 119705 ns
[2023-11-15T22:30:26.248+0000][7][safepoint   ] Safepoint "Cleanup", Time since last: 1000170951 ns, Reaching safepoint: 74081 ns, At safepoint: 36642 ns, Total: 110723 ns
[2023-11-15T22:30:27.248+0000][7][safepoint   ] Safepoint "Cleanup", Time since last: 1000134458 ns, Reaching safepoint: 57665 ns, At safepoint: 5331 ns, Total: 62996 ns
[2023-11-15T22:30:30.249+0000][7][safepoint   ] Safepoint "Cleanup", Time since last: 3000266552 ns, Reaching safepoint: 78965 ns, At safepoint: 7541 ns, Total: 86506 ns
[2023-11-15T22:30:34.848+0000][7][gc,start    ] GC(99) Pause Young (Normal) (G1 Evacuation Pause)
[2023-11-15T22:30:34.849+0000][7][gc,task     ] GC(99) Using 8 workers of 8 for evacuation
[2023-11-15T22:30:34.849+0000][7][gc,age      ] GC(99) Desired survivor size 18874368 bytes, new threshold 15 (max threshold 15)
[2023-11-15T22:30:34.860+0000][7][gc,age      ] GC(99) Age table with threshold 15 (max threshold 15)
[2023-11-15T22:30:34.860+0000][7][gc,age      ] GC(99) - age   1:    1869496 bytes,    1869496 total
[2023-11-15T22:30:34.860+0000][7][gc,age      ] GC(99) - age   2:     541344 bytes,    2410840 total
[2023-11-15T22:30:34.860+0000][7][gc,age      ] GC(99) - age   3:    1912304 bytes,    4323144 total
[2023-11-15T22:30:34.860+0000][7][gc,age      ] GC(99) - age   4:    2209192 bytes,    6532336 total
[2023-11-15T22:30:34.860+0000][7][gc,age      ] GC(99) - age   5:     761432 bytes,    7293768 total
[2023-11-15T22:30:34.860+0000][7][gc,age      ] GC(99) - age   6:    2555840 bytes,    9849608 total
[2023-11-15T22:30:34.860+0000][7][gc,age      ] GC(99) - age   7:     574048 bytes,   10423656 total
[2023-11-15T22:30:34.860+0000][7][gc,age      ] GC(99) - age   8:     561944 bytes,   10985600 total
[2023-11-15T22:30:34.860+0000][7][gc,age      ] GC(99) - age   9:    3005840 bytes,   13991440 total
[2023-11-15T22:30:34.860+0000][7][gc,age      ] GC(99) - age  10:     560200 bytes,   14551640 total
[2023-11-15T22:30:34.860+0000][7][gc,age      ] GC(99) - age  11:     598840 bytes,   15150480 total
[2023-11-15T22:30:34.860+0000][7][gc,age      ] GC(99) - age  12:     371768 bytes,   15522248 total
[2023-11-15T22:30:34.860+0000][7][gc,age      ] GC(99) - age  13:     282864 bytes,   15805112 total
[2023-11-15T22:30:34.860+0000][7][gc,age      ] GC(99) - age  14:     302704 bytes,   16107816 total
[2023-11-15T22:30:34.860+0000][7][gc,age      ] GC(99) - age  15:     390488 bytes,   16498304 total
[2023-11-15T22:30:34.860+0000][7][gc,phases   ] GC(99)   Pre Evacuate Collection Set: 0.2ms
[2023-11-15T22:30:34.860+0000][7][gc,phases   ] GC(99)   Merge Heap Roots: 0.2ms
[2023-11-15T22:30:34.860+0000][7][gc,phases   ] GC(99)   Evacuate Collection Set: 9.3ms
[2023-11-15T22:30:34.860+0000][7][gc,phases   ] GC(99)   Post Evacuate Collection Set: 1.3ms
[2023-11-15T22:30:34.860+0000][7][gc,phases   ] GC(99)   Other: 0.6ms
[2023-11-15T22:30:34.860+0000][7][gc,heap     ] GC(99) Eden regions: 65->0(65)
[2023-11-15T22:30:34.860+0000][7][gc,heap     ] GC(99) Survivor regions: 4->4(9)
[2023-11-15T22:30:34.860+0000][7][gc,heap     ] GC(99) Old regions: 28->28
[2023-11-15T22:30:34.860+0000][7][gc,heap     ] GC(99) Archive regions: 2->2
[2023-11-15T22:30:34.860+0000][7][gc,heap     ] GC(99) Humongous regions: 5->5
[2023-11-15T22:30:34.860+0000][7][gc,metaspace] GC(99) Metaspace: 116956K(118528K)->116956K(118528K) NonClass: 101438K(102400K)->101438K(102400K) Class: 15517K(16128K)->15517K(16128K)
[2023-11-15T22:30:34.860+0000][7][gc          ] GC(99) Pause Young (Normal) (G1 Evacuation Pause) 410M->150M(512M) 11.721ms
[2023-11-15T22:30:34.860+0000][7][gc,cpu      ] GC(99) User=0.04s Sys=0.00s Real=0.01s
[2023-11-15T22:30:34.860+0000][7][safepoint   ] Safepoint "G1CollectForAllocation", Time since last: 4599576951 ns, Reaching safepoint: 130305 ns, At safepoint: 11919636 ns, Total: 12049941 ns
[2023-11-15T22:30:37.861+0000][7][safepoint   ] Safepoint "Cleanup", Time since last: 3000266114 ns, Reaching safepoint: 47768 ns, At safepoint: 5375 ns, Total: 53143 ns
[2023-11-15T22:30:40.861+0000][7][safepoint   ] Safepoint "Cleanup", Time since last: 3000293200 ns, Reaching safepoint: 97950 ns, At safepoint: 12649 ns, Total: 110599 ns
[2023-11-15T22:30:43.861+0000][7][safepoint   ] Safepoint "Cleanup", Time since last: 3000315641 ns, Reaching safepoint: 109957 ns, At safepoint: 15128 ns, Total: 125085 ns
[2023-11-15T22:30:44.862+0000][7][safepoint   ] Safepoint "Cleanup", Time since last: 1000213815 ns, Reaching safepoint: 120914 ns, At safepoint: 14148 ns, Total: 135062 ns
[2023-11-15T22:30:46.862+0000][7][safepoint   ] Safepoint "Cleanup", Time since last: 2000267944 ns, Reaching safepoint: 185437 ns, At safepoint: 22742 ns, Total: 208179 ns
[2023-11-15T22:30:47.863+0000][7][safepoint   ] Safepoint "Cleanup", Time since last: 1000236219 ns, Reaching safepoint: 141904 ns, At safepoint: 22754 ns, Total: 164658 ns
[2023-11-15T22:30:48.863+0000][7][safepoint   ] Safepoint "Cleanup", Time since last: 1000200989 ns, Reaching safepoint: 232148 ns, At safepoint: 23553 ns, Total: 255701 ns
[2023-11-15T22:30:49.863+0000][7][safepoint   ] Safepoint "Cleanup", Time since last: 1000176190 ns, Reaching safepoint: 73324 ns, At safepoint: 7575 ns, Total: 80899 ns
[2023-11-15T22:30:50.777+0000][7][gc,start    ] GC(100) Pause Young (Normal) (G1 Evacuation Pause)
[2023-11-15T22:30:50.777+0000][7][gc,task     ] GC(100) Using 8 workers of 8 for evacuation
[2023-11-15T22:30:50.777+0000][7][gc,age      ] GC(100) Desired survivor size 18874368 bytes, new threshold 15 (max threshold 15)
[2023-11-15T22:30:50.790+0000][7][gc,age      ] GC(100) Age table with threshold 15 (max threshold 15)
[2023-11-15T22:30:50.790+0000][7][gc,age      ] GC(100) - age   1:     815096 bytes,     815096 total
[2023-11-15T22:30:50.790+0000][7][gc,age      ] GC(100) - age   2:    1322208 bytes,    2137304 total
[2023-11-15T22:30:50.790+0000][7][gc,age      ] GC(100) - age   3:     532040 bytes,    2669344 total
[2023-11-15T22:30:50.790+0000][7][gc,age      ] GC(100) - age   4:    1750544 bytes,    4419888 total
[2023-11-15T22:30:50.790+0000][7][gc,age      ] GC(100) - age   5:    2209064 bytes,    6628952 total
[2023-11-15T22:30:50.790+0000][7][gc,age      ] GC(100) - age   6:     761368 bytes,    7390320 total
[2023-11-15T22:30:50.790+0000][7][gc,age      ] GC(100) - age   7:    2555528 bytes,    9945848 total
[2023-11-15T22:30:50.790+0000][7][gc,age      ] GC(100) - age   8:     573368 bytes,   10519216 total
[2023-11-15T22:30:50.790+0000][7][gc,age      ] GC(100) - age   9:     561944 bytes,   11081160 total
[2023-11-15T22:30:50.790+0000][7][gc,age      ] GC(100) - age  10:    3005776 bytes,   14086936 total
[2023-11-15T22:30:50.790+0000][7][gc,age      ] GC(100) - age  11:     560200 bytes,   14647136 total
[2023-11-15T22:30:50.790+0000][7][gc,age      ] GC(100) - age  12:     598840 bytes,   15245976 total
[2023-11-15T22:30:50.790+0000][7][gc,age      ] GC(100) - age  13:     371768 bytes,   15617744 total
[2023-11-15T22:30:50.790+0000][7][gc,age      ] GC(100) - age  14:     282864 bytes,   15900608 total
[2023-11-15T22:30:50.790+0000][7][gc,age      ] GC(100) - age  15:     302704 bytes,   16203312 total
[2023-11-15T22:30:50.791+0000][7][gc,phases   ] GC(100)   Pre Evacuate Collection Set: 0.2ms
[2023-11-15T22:30:50.791+0000][7][gc,phases   ] GC(100)   Merge Heap Roots: 0.2ms
[2023-11-15T22:30:50.791+0000][7][gc,phases   ] GC(100)   Evacuate Collection Set: 11.2ms
[2023-11-15T22:30:50.791+0000][7][gc,phases   ] GC(100)   Post Evacuate Collection Set: 1.4ms
[2023-11-15T22:30:50.791+0000][7][gc,phases   ] GC(100)   Other: 0.6ms
[2023-11-15T22:30:50.791+0000][7][gc,heap     ] GC(100) Eden regions: 65->0(65)
[2023-11-15T22:30:50.791+0000][7][gc,heap     ] GC(100) Survivor regions: 4->4(9)
[2023-11-15T22:30:50.791+0000][7][gc,heap     ] GC(100) Old regions: 28->28
[2023-11-15T22:30:50.791+0000][7][gc,heap     ] GC(100) Archive regions: 2->2
[2023-11-15T22:30:50.791+0000][7][gc,heap     ] GC(100) Humongous regions: 5->5
[2023-11-15T22:30:50.791+0000][7][gc,metaspace] GC(100) Metaspace: 116969K(118592K)->116969K(118592K) NonClass: 101452K(102464K)->101452K(102464K) Class: 15517K(16128K)->15517K(16128K)
[2023-11-15T22:30:50.791+0000][7][gc          ] GC(100) Pause Young (Normal) (G1 Evacuation Pause) 410M->151M(512M) 13.641ms
[2023-11-15T22:30:50.791+0000][7][gc,cpu      ] GC(100) User=0.03s Sys=0.02s Real=0.01s
[2023-11-15T22:30:50.791+0000][7][safepoint   ] Safepoint "G1CollectForAllocation", Time since last: 913492245 ns, Reaching safepoint: 90537 ns, At safepoint: 13850397 ns, Total: 13940934 ns
[2023-11-15T22:30:58.792+0000][7][safepoint   ] Safepoint "Cleanup", Time since last: 8000806011 ns, Reaching safepoint: 61759 ns, At safepoint: 6973 ns, Total: 68732 ns
[2023-11-15T22:31:02.792+0000][7][safepoint   ] Safepoint "Cleanup", Time since last: 4000550670 ns, Reaching safepoint: 146328 ns, At safepoint: 15003 ns, Total: 161331 ns
[2023-11-15T22:31:04.793+0000][7][safepoint   ] Safepoint "Cleanup", Time since last: 2000319413 ns, Reaching safepoint: 143125 ns, At safepoint: 10629 ns, Total: 153754 ns
[2023-11-15T22:31:05.793+0000][7][safepoint   ] Safepoint "Cleanup", Time since last: 1000128974 ns, Reaching safepoint: 197039 ns, At safepoint: 16062 ns, Total: 213101 ns
[2023-11-15T22:31:05.919+0000][7][gc,start    ] GC(101) Pause Young (Normal) (G1 Evacuation Pause)
[2023-11-15T22:31:05.919+0000][7][gc,task     ] GC(101) Using 8 workers of 8 for evacuation
[2023-11-15T22:31:05.919+0000][7][gc,age      ] GC(101) Desired survivor size 18874368 bytes, new threshold 15 (max threshold 15)
[2023-11-15T22:31:05.930+0000][7][gc,age      ] GC(101) Age table with threshold 15 (max threshold 15)
[2023-11-15T22:31:05.930+0000][7][gc,age      ] GC(101) - age   1:    2984512 bytes,    2984512 total
[2023-11-15T22:31:05.930+0000][7][gc,age      ] GC(101) - age   2:     429368 bytes,    3413880 total
[2023-11-15T22:31:05.930+0000][7][gc,age      ] GC(101) - age   3:    1165528 bytes,    4579408 total
[2023-11-15T22:31:05.930+0000][7][gc,age      ] GC(101) - age   4:     531304 bytes,    5110712 total
[2023-11-15T22:31:05.930+0000][7][gc,age      ] GC(101) - age   5:    1749992 bytes,    6860704 total
[2023-11-15T22:31:05.930+0000][7][gc,age      ] GC(101) - age   6:    2209064 bytes,    9069768 total
[2023-11-15T22:31:05.930+0000][7][gc,age      ] GC(101) - age   7:     761368 bytes,    9831136 total
[2023-11-15T22:31:05.930+0000][7][gc,age      ] GC(101) - age   8:    2555528 bytes,   12386664 total
[2023-11-15T22:31:05.930+0000][7][gc,age      ] GC(101) - age   9:     573248 bytes,   12959912 total
[2023-11-15T22:31:05.930+0000][7][gc,age      ] GC(101) - age  10:     561944 bytes,   13521856 total
[2023-11-15T22:31:05.930+0000][7][gc,age      ] GC(101) - age  11:    1120648 bytes,   14642504 total
[2023-11-15T22:31:05.930+0000][7][gc,age      ] GC(101) - age  12:     560176 bytes,   15202680 total
[2023-11-15T22:31:05.930+0000][7][gc,age      ] GC(101) - age  13:     598544 bytes,   15801224 total
[2023-11-15T22:31:05.930+0000][7][gc,age      ] GC(101) - age  14:     371768 bytes,   16172992 total
[2023-11-15T22:31:05.930+0000][7][gc,age      ] GC(101) - age  15:     282864 bytes,   16455856 total
[2023-11-15T22:31:05.930+0000][7][gc,phases   ] GC(101)   Pre Evacuate Collection Set: 0.3ms
[2023-11-15T22:31:05.930+0000][7][gc,phases   ] GC(101)   Merge Heap Roots: 0.2ms
[2023-11-15T22:31:05.930+0000][7][gc,phases   ] GC(101)   Evacuate Collection Set: 8.5ms
[2023-11-15T22:31:05.930+0000][7][gc,phases   ] GC(101)   Post Evacuate Collection Set: 1.4ms
[2023-11-15T22:31:05.930+0000][7][gc,phases   ] GC(101)   Other: 0.7ms
[2023-11-15T22:31:05.930+0000][7][gc,heap     ] GC(101) Eden regions: 65->0(63)
[2023-11-15T22:31:05.930+0000][7][gc,heap     ] GC(101) Survivor regions: 4->5(9)
[2023-11-15T22:31:05.930+0000][7][gc,heap     ] GC(101) Old regions: 28->28
[2023-11-15T22:31:05.930+0000][7][gc,heap     ] GC(101) Archive regions: 2->2
[2023-11-15T22:31:05.930+0000][7][gc,heap     ] GC(101) Humongous regions: 5->5
[2023-11-15T22:31:05.930+0000][7][gc,metaspace] GC(101) Metaspace: 116972K(118592K)->116972K(118592K) NonClass: 101454K(102464K)->101454K(102464K) Class: 15517K(16128K)->15517K(16128K)
[2023-11-15T22:31:05.930+0000][7][gc          ] GC(101) Pause Young (Normal) (G1 Evacuation Pause) 411M->151M(512M) 11.185ms
[2023-11-15T22:31:05.930+0000][7][gc,cpu      ] GC(101) User=0.05s Sys=0.01s Real=0.01s
[2023-11-15T22:31:05.930+0000][7][safepoint   ] Safepoint "G1CollectForAllocation", Time since last: 125574537 ns, Reaching safepoint: 238236 ns, At safepoint: 11402405 ns, Total: 11640641 ns
[2023-11-15T22:31:10.931+0000][7][safepoint   ] Safepoint "Cleanup", Time since last: 5000611672 ns, Reaching safepoint: 107666 ns, At safepoint: 12468 ns, Total: 120134 ns
[2023-11-15T22:31:11.932+0000][7][safepoint   ] Safepoint "Cleanup", Time since last: 1000298652 ns, Reaching safepoint: 122205 ns, At safepoint: 21611 ns, Total: 143816 ns
[2023-11-15T22:31:13.932+0000][7][safepoint   ] Safepoint "Cleanup", Time since last: 2000281584 ns, Reaching safepoint: 149270 ns, At safepoint: 33689 ns, Total: 182959 ns
[2023-11-15T22:31:16.933+0000][7][safepoint   ] Safepoint "Cleanup", Time since last: 3000380944 ns, Reaching safepoint: 41080 ns, At safepoint: 4809 ns, Total: 45889 ns
[2023-11-15T22:31:22.743+0000][7][gc,start    ] GC(102) Pause Young (Normal) (G1 Evacuation Pause)
[2023-11-15T22:31:22.744+0000][7][gc,task     ] GC(102) Using 8 workers of 8 for evacuation
[2023-11-15T22:31:22.744+0000][7][gc,age      ] GC(102) Desired survivor size 18874368 bytes, new threshold 15 (max threshold 15)
[2023-11-15T22:31:22.749+0000][7][gc,age      ] GC(102) Age table with threshold 15 (max threshold 15)
[2023-11-15T22:31:22.749+0000][7][gc,age      ] GC(102) - age   1:    1769392 bytes,    1769392 total
[2023-11-15T22:31:22.749+0000][7][gc,age      ] GC(102) - age   2:    2611472 bytes,    4380864 total
[2023-11-15T22:31:22.749+0000][7][gc,age      ] GC(102) - age   3:     424360 bytes,    4805224 total
[2023-11-15T22:31:22.749+0000][7][gc,age      ] GC(102) - age   4:    1165368 bytes,    5970592 total
[2023-11-15T22:31:22.749+0000][7][gc,age      ] GC(102) - age   5:     530776 bytes,    6501368 total
[2023-11-15T22:31:22.749+0000][7][gc,age      ] GC(102) - age   6:    1749928 bytes,    8251296 total
[2023-11-15T22:31:22.749+0000][7][gc,age      ] GC(102) - age   7:    2209032 bytes,   10460328 total
[2023-11-15T22:31:22.749+0000][7][gc,age      ] GC(102) - age   8:     761368 bytes,   11221696 total
[2023-11-15T22:31:22.749+0000][7][gc,age      ] GC(102) - age   9:    2555464 bytes,   13777160 total
[2023-11-15T22:31:22.749+0000][7][gc,age      ] GC(102) - age  10:     573224 bytes,   14350384 total
[2023-11-15T22:31:22.749+0000][7][gc,age      ] GC(102) - age  11:     561944 bytes,   14912328 total
[2023-11-15T22:31:22.749+0000][7][gc,age      ] GC(102) - age  12:    1120648 bytes,   16032976 total
[2023-11-15T22:31:22.749+0000][7][gc,age      ] GC(102) - age  13:     560176 bytes,   16593152 total
[2023-11-15T22:31:22.749+0000][7][gc,age      ] GC(102) - age  14:     598232 bytes,   17191384 total
[2023-11-15T22:31:22.749+0000][7][gc,age      ] GC(102) - age  15:     371768 bytes,   17563152 total
[2023-11-15T22:31:22.749+0000][7][gc,phases   ] GC(102)   Pre Evacuate Collection Set: 0.1ms
[2023-11-15T22:31:22.749+0000][7][gc,phases   ] GC(102)   Merge Heap Roots: 0.0ms
[2023-11-15T22:31:22.749+0000][7][gc,phases   ] GC(102)   Evacuate Collection Set: 4.5ms
[2023-11-15T22:31:22.749+0000][7][gc,phases   ] GC(102)   Post Evacuate Collection Set: 0.4ms
[2023-11-15T22:31:22.749+0000][7][gc,phases   ] GC(102)   Other: 0.2ms
[2023-11-15T22:31:22.749+0000][7][gc,heap     ] GC(102) Eden regions: 63->0(63)
[2023-11-15T22:31:22.749+0000][7][gc,heap     ] GC(102) Survivor regions: 5->5(9)
[2023-11-15T22:31:22.749+0000][7][gc,heap     ] GC(102) Old regions: 28->28
[2023-11-15T22:31:22.749+0000][7][gc,heap     ] GC(102) Archive regions: 2->2
[2023-11-15T22:31:22.749+0000][7][gc,heap     ] GC(102) Humongous regions: 5->5
[2023-11-15T22:31:22.749+0000][7][gc,metaspace] GC(102) Metaspace: 116973K(118592K)->116973K(118592K) NonClass: 101455K(102464K)->101455K(102464K) Class: 15517K(16128K)->15517K(16128K)
[2023-11-15T22:31:22.749+0000][7][gc          ] GC(102) Pause Young (Normal) (G1 Evacuation Pause) 403M->153M(512M) 5.274ms
[2023-11-15T22:31:22.749+0000][7][gc,cpu      ] GC(102) User=0.02s Sys=0.01s Real=0.01s
[2023-11-15T22:31:22.749+0000][7][safepoint   ] Safepoint "G1CollectForAllocation", Time since last: 5810873788 ns, Reaching safepoint: 36459 ns, At safepoint: 5345119 ns, Total: 5381578 ns
[2023-11-15T22:31:28.750+0000][7][safepoint   ] Safepoint "Cleanup", Time since last: 6000733139 ns, Reaching safepoint: 48396 ns, At safepoint: 5266 ns, Total: 53662 ns
[2023-11-15T22:31:38.099+0000][7][gc,start    ] GC(103) Pause Young (Normal) (G1 Evacuation Pause)
[2023-11-15T22:31:38.099+0000][7][gc,task     ] GC(103) Using 8 workers of 8 for evacuation
[2023-11-15T22:31:38.099+0000][7][gc,age      ] GC(103) Desired survivor size 18874368 bytes, new threshold 15 (max threshold 15)
[2023-11-15T22:31:38.113+0000][7][gc,age      ] GC(103) Age table with threshold 15 (max threshold 15)
[2023-11-15T22:31:38.113+0000][7][gc,age      ] GC(103) - age   1:    1610752 bytes,    1610752 total
[2023-11-15T22:31:38.113+0000][7][gc,age      ] GC(103) - age   2:     293992 bytes,    1904744 total
[2023-11-15T22:31:38.113+0000][7][gc,age      ] GC(103) - age   3:    2460888 bytes,    4365632 total
[2023-11-15T22:31:38.113+0000][7][gc,age      ] GC(103) - age   4:     316040 bytes,    4681672 total
[2023-11-15T22:31:38.113+0000][7][gc,age      ] GC(103) - age   5:    1164624 bytes,    5846296 total
[2023-11-15T22:31:38.113+0000][7][gc,age      ] GC(103) - age   6:     530712 bytes,    6377008 total
[2023-11-15T22:31:38.113+0000][7][gc,age      ] GC(103) - age   7:    1749800 bytes,    8126808 total
[2023-11-15T22:31:38.113+0000][7][gc,age      ] GC(103) - age   8:    2208840 bytes,   10335648 total
[2023-11-15T22:31:38.113+0000][7][gc,age      ] GC(103) - age   9:     761368 bytes,   11097016 total
[2023-11-15T22:31:38.113+0000][7][gc,age      ] GC(103) - age  10:    2555464 bytes,   13652480 total
[2023-11-15T22:31:38.113+0000][7][gc,age      ] GC(103) - age  11:     561072 bytes,   14213552 total
[2023-11-15T22:31:38.113+0000][7][gc,age      ] GC(103) - age  12:     559640 bytes,   14773192 total
[2023-11-15T22:31:38.113+0000][7][gc,age      ] GC(103) - age  13:    1120648 bytes,   15893840 total
[2023-11-15T22:31:38.113+0000][7][gc,age      ] GC(103) - age  14:     560176 bytes,   16454016 total
[2023-11-15T22:31:38.113+0000][7][gc,age      ] GC(103) - age  15:     598232 bytes,   17052248 total
[2023-11-15T22:31:38.113+0000][7][gc,phases   ] GC(103)   Pre Evacuate Collection Set: 0.2ms
[2023-11-15T22:31:38.113+0000][7][gc,phases   ] GC(103)   Merge Heap Roots: 0.1ms
[2023-11-15T22:31:38.113+0000][7][gc,phases   ] GC(103)   Evacuate Collection Set: 11.9ms
[2023-11-15T22:31:38.113+0000][7][gc,phases   ] GC(103)   Post Evacuate Collection Set: 1.2ms
[2023-11-15T22:31:38.113+0000][7][gc,phases   ] GC(103)   Other: 0.5ms
[2023-11-15T22:31:38.113+0000][7][gc,heap     ] GC(103) Eden regions: 63->0(62)
[2023-11-15T22:31:38.113+0000][7][gc,heap     ] GC(103) Survivor regions: 5->5(9)
[2023-11-15T22:31:38.113+0000][7][gc,heap     ] GC(103) Old regions: 28->29
[2023-11-15T22:31:38.113+0000][7][gc,heap     ] GC(103) Archive regions: 2->2
[2023-11-15T22:31:38.113+0000][7][gc,heap     ] GC(103) Humongous regions: 5->5
[2023-11-15T22:31:38.113+0000][7][gc,metaspace] GC(103) Metaspace: 116973K(118592K)->116973K(118592K) NonClass: 101455K(102464K)->101455K(102464K) Class: 15517K(16128K)->15517K(16128K)
[2023-11-15T22:31:38.113+0000][7][gc          ] GC(103) Pause Young (Normal) (G1 Evacuation Pause) 405M->153M(512M) 13.998ms
[2023-11-15T22:31:38.113+0000][7][gc,cpu      ] GC(103) User=0.05s Sys=0.01s Real=0.01s
[2023-11-15T22:31:38.113+0000][7][safepoint   ] Safepoint "G1CollectForAllocation", Time since last: 9349580842 ns, Reaching safepoint: 105068 ns, At safepoint: 14167743 ns, Total: 14272811 ns
[2023-11-15T22:31:39.114+0000][7][safepoint   ] Safepoint "Cleanup", Time since last: 1000325328 ns, Reaching safepoint: 205024 ns, At safepoint: 22817 ns, Total: 227841 ns
[2023-11-15T22:31:47.115+0000][7][safepoint   ] Safepoint "Cleanup", Time since last: 8001154213 ns, Reaching safepoint: 42748 ns, At safepoint: 4611 ns, Total: 47359 ns
[2023-11-15T22:31:53.416+0000][7][gc,start    ] GC(104) Pause Young (Normal) (G1 Evacuation Pause)
[2023-11-15T22:31:53.416+0000][7][gc,task     ] GC(104) Using 8 workers of 8 for evacuation
[2023-11-15T22:31:53.417+0000][7][gc,age      ] GC(104) Desired survivor size 18874368 bytes, new threshold 15 (max threshold 15)
[2023-11-15T22:31:53.425+0000][7][gc,age      ] GC(104) Age table with threshold 15 (max threshold 15)
[2023-11-15T22:31:53.425+0000][7][gc,age      ] GC(104) - age   1:    1491264 bytes,    1491264 total
[2023-11-15T22:31:53.425+0000][7][gc,age      ] GC(104) - age   2:     333632 bytes,    1824896 total
[2023-11-15T22:31:53.425+0000][7][gc,age      ] GC(104) - age   3:     290424 bytes,    2115320 total
[2023-11-15T22:31:53.425+0000][7][gc,age      ] GC(104) - age   4:    2460504 bytes,    4575824 total
[2023-11-15T22:31:53.425+0000][7][gc,age      ] GC(104) - age   5:     315784 bytes,    4891608 total
[2023-11-15T22:31:53.425+0000][7][gc,age      ] GC(104) - age   6:    1164336 bytes,    6055944 total
[2023-11-15T22:31:53.425+0000][7][gc,age      ] GC(104) - age   7:     530712 bytes,    6586656 total
[2023-11-15T22:31:53.425+0000][7][gc,age      ] GC(104) - age   8:    1749608 bytes,    8336264 total
[2023-11-15T22:31:53.425+0000][7][gc,age      ] GC(104) - age   9:    2208840 bytes,   10545104 total
[2023-11-15T22:31:53.425+0000][7][gc,age      ] GC(104) - age  10:     761368 bytes,   11306472 total
[2023-11-15T22:31:53.425+0000][7][gc,age      ] GC(104) - age  11:    2552904 bytes,   13859376 total
[2023-11-15T22:31:53.425+0000][7][gc,age      ] GC(104) - age  12:     561072 bytes,   14420448 total
[2023-11-15T22:31:53.425+0000][7][gc,age      ] GC(104) - age  13:     559640 bytes,   14980088 total
[2023-11-15T22:31:53.425+0000][7][gc,age      ] GC(104) - age  14:    1120648 bytes,   16100736 total
[2023-11-15T22:31:53.425+0000][7][gc,age      ] GC(104) - age  15:     560176 bytes,   16660912 total
[2023-11-15T22:31:53.426+0000][7][gc,phases   ] GC(104)   Pre Evacuate Collection Set: 0.2ms
[2023-11-15T22:31:53.426+0000][7][gc,phases   ] GC(104)   Merge Heap Roots: 0.2ms
[2023-11-15T22:31:53.426+0000][7][gc,phases   ] GC(104)   Evacuate Collection Set: 6.9ms
[2023-11-15T22:31:53.426+0000][7][gc,phases   ] GC(104)   Post Evacuate Collection Set: 1.5ms
[2023-11-15T22:31:53.426+0000][7][gc,phases   ] GC(104)   Other: 0.6ms
[2023-11-15T22:31:53.426+0000][7][gc,heap     ] GC(104) Eden regions: 62->0(62)
[2023-11-15T22:31:53.426+0000][7][gc,heap     ] GC(104) Survivor regions: 5->5(9)
[2023-11-15T22:31:53.426+0000][7][gc,heap     ] GC(104) Old regions: 29->29
[2023-11-15T22:31:53.426+0000][7][gc,heap     ] GC(104) Archive regions: 2->2
[2023-11-15T22:31:53.426+0000][7][gc,heap     ] GC(104) Humongous regions: 5->5
[2023-11-15T22:31:53.426+0000][7][gc,metaspace] GC(104) Metaspace: 116982K(118592K)->116982K(118592K) NonClass: 101464K(102464K)->101464K(102464K) Class: 15518K(16128K)->15518K(16128K)
[2023-11-15T22:31:53.426+0000][7][gc          ] GC(104) Pause Young (Normal) (G1 Evacuation Pause) 401M->153M(512M) 9.415ms
[2023-11-15T22:31:53.426+0000][7][gc,cpu      ] GC(104) User=0.05s Sys=0.00s Real=0.01s
[2023-11-15T22:31:53.426+0000][7][safepoint   ] Safepoint "G1CollectForAllocation", Time since last: 6300899697 ns, Reaching safepoint: 200561 ns, At safepoint: 9610788 ns, Total: 9811349 ns
[2023-11-15T22:31:56.426+0000][7][safepoint   ] Safepoint "Cleanup", Time since last: 3000332832 ns, Reaching safepoint: 108826 ns, At safepoint: 16344 ns, Total: 125170 ns
[2023-11-15T22:31:58.427+0000][7][safepoint   ] Safepoint "Cleanup", Time since last: 2000280730 ns, Reaching safepoint: 155057 ns, At safepoint: 15335 ns, Total: 170392 ns
[2023-11-15T22:31:59.427+0000][7][safepoint   ] Safepoint "Cleanup", Time since last: 1000232197 ns, Reaching safepoint: 103315 ns, At safepoint: 13370 ns, Total: 116685 ns
[2023-11-15T22:32:02.428+0000][7][safepoint   ] Safepoint "Cleanup", Time since last: 3000420631 ns, Reaching safepoint: 39381 ns, At safepoint: 5388 ns, Total: 44769 ns
[2023-11-15T22:32:05.428+0000][7][safepoint   ] Safepoint "Cleanup", Time since last: 3000307233 ns, Reaching safepoint: 128277 ns, At safepoint: 19637 ns, Total: 147914 ns
[2023-11-15T22:32:09.386+0000][7][gc,start    ] GC(105) Pause Young (Normal) (G1 Evacuation Pause)
[2023-11-15T22:32:09.386+0000][7][gc,task     ] GC(105) Using 8 workers of 8 for evacuation
[2023-11-15T22:32:09.386+0000][7][gc,age      ] GC(105) Desired survivor size 18874368 bytes, new threshold 15 (max threshold 15)
[2023-11-15T22:32:09.393+0000][7][gc,age      ] GC(105) Age table with threshold 15 (max threshold 15)
[2023-11-15T22:32:09.393+0000][7][gc,age      ] GC(105) - age   1:    1188328 bytes,    1188328 total
[2023-11-15T22:32:09.393+0000][7][gc,age      ] GC(105) - age   2:     247848 bytes,    1436176 total
[2023-11-15T22:32:09.393+0000][7][gc,age      ] GC(105) - age   3:     318976 bytes,    1755152 total
[2023-11-15T22:32:09.393+0000][7][gc,age      ] GC(105) - age   4:     273456 bytes,    2028608 total
[2023-11-15T22:32:09.393+0000][7][gc,age      ] GC(105) - age   5:    2459896 bytes,    4488504 total
[2023-11-15T22:32:09.393+0000][7][gc,age      ] GC(105) - age   6:     315048 bytes,    4803552 total
[2023-11-15T22:32:09.393+0000][7][gc,age      ] GC(105) - age   7:    1164208 bytes,    5967760 total
[2023-11-15T22:32:09.393+0000][7][gc,age      ] GC(105) - age   8:     530712 bytes,    6498472 total
[2023-11-15T22:32:09.393+0000][7][gc,age      ] GC(105) - age   9:    1749560 bytes,    8248032 total
[2023-11-15T22:32:09.393+0000][7][gc,age      ] GC(105) - age  10:    2208544 bytes,   10456576 total
[2023-11-15T22:32:09.393+0000][7][gc,age      ] GC(105) - age  11:     761368 bytes,   11217944 total
[2023-11-15T22:32:09.393+0000][7][gc,age      ] GC(105) - age  12:    2552904 bytes,   13770848 total
[2023-11-15T22:32:09.393+0000][7][gc,age      ] GC(105) - age  13:     561072 bytes,   14331920 total
[2023-11-15T22:32:09.393+0000][7][gc,age      ] GC(105) - age  14:     559640 bytes,   14891560 total
[2023-11-15T22:32:09.393+0000][7][gc,age      ] GC(105) - age  15:    1120648 bytes,   16012208 total
[2023-11-15T22:32:09.393+0000][7][gc,phases   ] GC(105)   Pre Evacuate Collection Set: 0.2ms
[2023-11-15T22:32:09.393+0000][7][gc,phases   ] GC(105)   Merge Heap Roots: 0.1ms
[2023-11-15T22:32:09.393+0000][7][gc,phases   ] GC(105)   Evacuate Collection Set: 5.7ms
[2023-11-15T22:32:09.393+0000][7][gc,phases   ] GC(105)   Post Evacuate Collection Set: 1.1ms
[2023-11-15T22:32:09.393+0000][7][gc,phases   ] GC(105)   Other: 0.6ms
[2023-11-15T22:32:09.393+0000][7][gc,heap     ] GC(105) Eden regions: 62->0(64)
[2023-11-15T22:32:09.393+0000][7][gc,heap     ] GC(105) Survivor regions: 5->4(9)
[2023-11-15T22:32:09.394+0000][7][gc,heap     ] GC(105) Old regions: 29->29
[2023-11-15T22:32:09.394+0000][7][gc,heap     ] GC(105) Archive regions: 2->2
[2023-11-15T22:32:09.394+0000][7][gc,heap     ] GC(105) Humongous regions: 5->5
[2023-11-15T22:32:09.394+0000][7][gc,metaspace] GC(105) Metaspace: 116991K(118592K)->116991K(118592K) NonClass: 101473K(102464K)->101473K(102464K) Class: 15518K(16128K)->15518K(16128K)
[2023-11-15T22:32:09.394+0000][7][gc          ] GC(105) Pause Young (Normal) (G1 Evacuation Pause) 401M->152M(512M) 7.845ms
[2023-11-15T22:32:09.394+0000][7][gc,cpu      ] GC(105) User=0.04s Sys=0.00s Real=0.00s
[2023-11-15T22:32:09.394+0000][7][safepoint   ] Safepoint "G1CollectForAllocation", Time since last: 3957491077 ns, Reaching safepoint: 110368 ns, At safepoint: 8012129 ns, Total: 8122497 ns
[2023-11-15T22:32:14.394+0000][7][safepoint   ] Safepoint "Cleanup", Time since last: 5000537063 ns, Reaching safepoint: 51648 ns, At safepoint: 8894 ns, Total: 60542 ns
[2023-11-15T22:32:17.395+0000][7][safepoint   ] Safepoint "Cleanup", Time since last: 3000389987 ns, Reaching safepoint: 73330 ns, At safepoint: 4357 ns, Total: 77687 ns
[2023-11-15T22:32:25.732+0000][7][gc,start    ] GC(106) Pause Young (Normal) (G1 Evacuation Pause)
[2023-11-15T22:32:25.732+0000][7][gc,task     ] GC(106) Using 8 workers of 8 for evacuation
[2023-11-15T22:32:25.732+0000][7][gc,age      ] GC(106) Desired survivor size 18874368 bytes, new threshold 15 (max threshold 15)
[2023-11-15T22:32:25.744+0000][7][gc,age      ] GC(106) Age table with threshold 15 (max threshold 15)
[2023-11-15T22:32:25.744+0000][7][gc,age      ] GC(106) - age   1:    1847584 bytes,    1847584 total
[2023-11-15T22:32:25.744+0000][7][gc,age      ] GC(106) - age   2:     308808 bytes,    2156392 total
[2023-11-15T22:32:25.744+0000][7][gc,age      ] GC(106) - age   3:     245696 bytes,    2402088 total
[2023-11-15T22:32:25.744+0000][7][gc,age      ] GC(106) - age   4:     318112 bytes,    2720200 total
[2023-11-15T22:32:25.744+0000][7][gc,age      ] GC(106) - age   5:     272984 bytes,    2993184 total
[2023-11-15T22:32:25.744+0000][7][gc,age      ] GC(106) - age   6:    2459768 bytes,    5452952 total
[2023-11-15T22:32:25.744+0000][7][gc,age      ] GC(106) - age   7:     314888 bytes,    5767840 total
[2023-11-15T22:32:25.744+0000][7][gc,age      ] GC(106) - age   8:    1164208 bytes,    6932048 total
[2023-11-15T22:32:25.744+0000][7][gc,age      ] GC(106) - age   9:     530712 bytes,    7462760 total
[2023-11-15T22:32:25.744+0000][7][gc,age      ] GC(106) - age  10:    1587584 bytes,    9050344 total
[2023-11-15T22:32:25.744+0000][7][gc,age      ] GC(106) - age  11:    2208544 bytes,   11258888 total
[2023-11-15T22:32:25.744+0000][7][gc,age      ] GC(106) - age  12:     562328 bytes,   11821216 total
[2023-11-15T22:32:25.744+0000][7][gc,age      ] GC(106) - age  13:    2552840 bytes,   14374056 total
[2023-11-15T22:32:25.744+0000][7][gc,age      ] GC(106) - age  14:     561072 bytes,   14935128 total
[2023-11-15T22:32:25.744+0000][7][gc,age      ] GC(106) - age  15:     559640 bytes,   15494768 total
[2023-11-15T22:32:25.744+0000][7][gc,phases   ] GC(106)   Pre Evacuate Collection Set: 0.2ms
[2023-11-15T22:32:25.744+0000][7][gc,phases   ] GC(106)   Merge Heap Roots: 0.2ms
[2023-11-15T22:32:25.744+0000][7][gc,phases   ] GC(106)   Evacuate Collection Set: 10.2ms
[2023-11-15T22:32:25.744+0000][7][gc,phases   ] GC(106)   Post Evacuate Collection Set: 0.8ms
[2023-11-15T22:32:25.744+0000][7][gc,phases   ] GC(106)   Other: 0.4ms
[2023-11-15T22:32:25.744+0000][7][gc,heap     ] GC(106) Eden regions: 64->0(64)
[2023-11-15T22:32:25.744+0000][7][gc,heap     ] GC(106) Survivor regions: 4->4(9)
[2023-11-15T22:32:25.744+0000][7][gc,heap     ] GC(106) Old regions: 29->29
[2023-11-15T22:32:25.744+0000][7][gc,heap     ] GC(106) Archive regions: 2->2
[2023-11-15T22:32:25.744+0000][7][gc,heap     ] GC(106) Humongous regions: 5->5
[2023-11-15T22:32:25.744+0000][7][gc,metaspace] GC(106) Metaspace: 117009K(118592K)->117009K(118592K) NonClass: 101491K(102464K)->101491K(102464K) Class: 15518K(16128K)->15518K(16128K)
[2023-11-15T22:32:25.744+0000][7][gc          ] GC(106) Pause Young (Normal) (G1 Evacuation Pause) 408M->153M(512M) 11.913ms
[2023-11-15T22:32:25.744+0000][7][gc,cpu      ] GC(106) User=0.05s Sys=0.00s Real=0.01s
[2023-11-15T22:32:25.744+0000][7][safepoint   ] Safepoint "G1CollectForAllocation", Time since last: 8336980435 ns, Reaching safepoint: 131024 ns, At safepoint: 12062924 ns, Total: 12193948 ns
[2023-11-15T22:32:40.746+0000][7][safepoint   ] Safepoint "Cleanup", Time since last: 15002092634 ns, Reaching safepoint: 132022 ns, At safepoint: 13631 ns, Total: 145653 ns
[2023-11-15T22:32:41.324+0000][7][gc,start    ] GC(107) Pause Young (Normal) (G1 Evacuation Pause)
[2023-11-15T22:32:41.324+0000][7][gc,task     ] GC(107) Using 8 workers of 8 for evacuation
[2023-11-15T22:32:41.324+0000][7][gc,age      ] GC(107) Desired survivor size 18874368 bytes, new threshold 15 (max threshold 15)
[2023-11-15T22:32:41.340+0000][7][gc,age      ] GC(107) Age table with threshold 15 (max threshold 15)
[2023-11-15T22:32:41.340+0000][7][gc,age      ] GC(107) - age   1:    2750288 bytes,    2750288 total
[2023-11-15T22:32:41.340+0000][7][gc,age      ] GC(107) - age   2:     892632 bytes,    3642920 total
[2023-11-15T22:32:41.340+0000][7][gc,age      ] GC(107) - age   3:     269584 bytes,    3912504 total
[2023-11-15T22:32:41.340+0000][7][gc,age      ] GC(107) - age   4:     245440 bytes,    4157944 total
[2023-11-15T22:32:41.340+0000][7][gc,age      ] GC(107) - age   5:     316696 bytes,    4474640 total
[2023-11-15T22:32:41.340+0000][7][gc,age      ] GC(107) - age   6:     266920 bytes,    4741560 total
[2023-11-15T22:32:41.340+0000][7][gc,age      ] GC(107) - age   7:    2355776 bytes,    7097336 total
[2023-11-15T22:32:41.340+0000][7][gc,age      ] GC(107) - age   8:     314824 bytes,    7412160 total
[2023-11-15T22:32:41.340+0000][7][gc,age      ] GC(107) - age   9:    1163960 bytes,    8576120 total
[2023-11-15T22:32:41.340+0000][7][gc,age      ] GC(107) - age  10:     530712 bytes,    9106832 total
[2023-11-15T22:32:41.340+0000][7][gc,age      ] GC(107) - age  11:     369392 bytes,    9476224 total
[2023-11-15T22:32:41.340+0000][7][gc,age      ] GC(107) - age  12:    2208544 bytes,   11684768 total
[2023-11-15T22:32:41.340+0000][7][gc,age      ] GC(107) - age  13:     562328 bytes,   12247096 total
[2023-11-15T22:32:41.340+0000][7][gc,age      ] GC(107) - age  14:    2552840 bytes,   14799936 total
[2023-11-15T22:32:41.340+0000][7][gc,age      ] GC(107) - age  15:     561072 bytes,   15361008 total
[2023-11-15T22:32:41.340+0000][7][gc,phases   ] GC(107)   Pre Evacuate Collection Set: 0.2ms
[2023-11-15T22:32:41.340+0000][7][gc,phases   ] GC(107)   Merge Heap Roots: 0.2ms
[2023-11-15T22:32:41.340+0000][7][gc,phases   ] GC(107)   Evacuate Collection Set: 14.1ms
[2023-11-15T22:32:41.340+0000][7][gc,phases   ] GC(107)   Post Evacuate Collection Set: 1.4ms
[2023-11-15T22:32:41.340+0000][7][gc,phases   ] GC(107)   Other: 0.7ms
[2023-11-15T22:32:41.340+0000][7][gc,heap     ] GC(107) Eden regions: 64->0(64)
[2023-11-15T22:32:41.340+0000][7][gc,heap     ] GC(107) Survivor regions: 4->4(9)
[2023-11-15T22:32:41.340+0000][7][gc,heap     ] GC(107) Old regions: 29->29
[2023-11-15T22:32:41.340+0000][7][gc,heap     ] GC(107) Archive regions: 2->2
[2023-11-15T22:32:41.340+0000][7][gc,heap     ] GC(107) Humongous regions: 5->5
[2023-11-15T22:32:41.340+0000][7][gc,metaspace] GC(107) Metaspace: 117012K(118592K)->117012K(118592K) NonClass: 101494K(102464K)->101494K(102464K) Class: 15518K(16128K)->15518K(16128K)
[2023-11-15T22:32:41.340+0000][7][gc          ] GC(107) Pause Young (Normal) (G1 Evacuation Pause) 409M->153M(512M) 16.906ms
[2023-11-15T22:32:41.341+0000][7][gc,cpu      ] GC(107) User=0.06s Sys=0.01s Real=0.02s
[2023-11-15T22:32:41.341+0000][7][safepoint   ] Safepoint "G1CollectForAllocation", Time since last: 577155317 ns, Reaching safepoint: 152955 ns, At safepoint: 17127220 ns, Total: 17280175 ns
[2023-11-15T22:32:47.341+0000][7][safepoint   ] Safepoint "Cleanup", Time since last: 6000694721 ns, Reaching safepoint: 43142 ns, At safepoint: 3122 ns, Total: 46264 ns
[2023-11-15T22:32:53.342+0000][7][safepoint   ] Safepoint "Cleanup", Time since last: 6000563816 ns, Reaching safepoint: 67945 ns, At safepoint: 6154 ns, Total: 74099 ns
[2023-11-15T22:32:58.370+0000][7][gc,start    ] GC(108) Pause Young (Normal) (G1 Evacuation Pause)
[2023-11-15T22:32:58.370+0000][7][gc,task     ] GC(108) Using 8 workers of 8 for evacuation
[2023-11-15T22:32:58.370+0000][7][gc,age      ] GC(108) Desired survivor size 18874368 bytes, new threshold 15 (max threshold 15)
[2023-11-15T22:32:58.380+0000][7][gc,age      ] GC(108) Age table with threshold 15 (max threshold 15)
[2023-11-15T22:32:58.380+0000][7][gc,age      ] GC(108) - age   1:     728648 bytes,     728648 total
[2023-11-15T22:32:58.380+0000][7][gc,age      ] GC(108) - age   2:    1705544 bytes,    2434192 total
[2023-11-15T22:32:58.380+0000][7][gc,age      ] GC(108) - age   3:     892048 bytes,    3326240 total
[2023-11-15T22:32:58.380+0000][7][gc,age      ] GC(108) - age   4:     269216 bytes,    3595456 total
[2023-11-15T22:32:58.380+0000][7][gc,age      ] GC(108) - age   5:     245024 bytes,    3840480 total
[2023-11-15T22:32:58.380+0000][7][gc,age      ] GC(108) - age   6:     316536 bytes,    4157016 total
[2023-11-15T22:32:58.380+0000][7][gc,age      ] GC(108) - age   7:     266856 bytes,    4423872 total
[2023-11-15T22:32:58.380+0000][7][gc,age      ] GC(108) - age   8:    2355456 bytes,    6779328 total
[2023-11-15T22:32:58.380+0000][7][gc,age      ] GC(108) - age   9:     314824 bytes,    7094152 total
[2023-11-15T22:32:58.380+0000][7][gc,age      ] GC(108) - age  10:    1163960 bytes,    8258112 total
[2023-11-15T22:32:58.380+0000][7][gc,age      ] GC(108) - age  11:     530712 bytes,    8788824 total
[2023-11-15T22:32:58.380+0000][7][gc,age      ] GC(108) - age  12:     369392 bytes,    9158216 total
[2023-11-15T22:32:58.380+0000][7][gc,age      ] GC(108) - age  13:    2208544 bytes,   11366760 total
[2023-11-15T22:32:58.380+0000][7][gc,age      ] GC(108) - age  14:     562328 bytes,   11929088 total
[2023-11-15T22:32:58.380+0000][7][gc,age      ] GC(108) - age  15:    2552840 bytes,   14481928 total
[2023-11-15T22:32:58.380+0000][7][gc,phases   ] GC(108)   Pre Evacuate Collection Set: 0.2ms
[2023-11-15T22:32:58.380+0000][7][gc,phases   ] GC(108)   Merge Heap Roots: 0.1ms
[2023-11-15T22:32:58.380+0000][7][gc,phases   ] GC(108)   Evacuate Collection Set: 8.1ms
[2023-11-15T22:32:58.380+0000][7][gc,phases   ] GC(108)   Post Evacuate Collection Set: 1.3ms
[2023-11-15T22:32:58.380+0000][7][gc,phases   ] GC(108)   Other: 0.6ms
[2023-11-15T22:32:58.380+0000][7][gc,heap     ] GC(108) Eden regions: 64->0(64)
[2023-11-15T22:32:58.380+0000][7][gc,heap     ] GC(108) Survivor regions: 4->4(9)
[2023-11-15T22:32:58.380+0000][7][gc,heap     ] GC(108) Old regions: 29->29
[2023-11-15T22:32:58.380+0000][7][gc,heap     ] GC(108) Archive regions: 2->2
[2023-11-15T22:32:58.380+0000][7][gc,heap     ] GC(108) Humongous regions: 5->5
[2023-11-15T22:32:58.380+0000][7][gc,metaspace] GC(108) Metaspace: 117014K(118592K)->117014K(118592K) NonClass: 101496K(102464K)->101496K(102464K) Class: 15518K(16128K)->15518K(16128K)
[2023-11-15T22:32:58.380+0000][7][gc          ] GC(108) Pause Young (Normal) (G1 Evacuation Pause) 409M->153M(512M) 10.547ms
[2023-11-15T22:32:58.380+0000][7][gc,cpu      ] GC(108) User=0.05s Sys=0.01s Real=0.01s
[2023-11-15T22:32:58.380+0000][7][safepoint   ] Safepoint "G1CollectForAllocation", Time since last: 5027655174 ns, Reaching safepoint: 74902 ns, At safepoint: 10752637 ns, Total: 10827539 ns
[2023-11-15T22:32:59.381+0000][7][safepoint   ] Safepoint "Cleanup", Time since last: 1000133114 ns, Reaching safepoint: 45375 ns, At safepoint: 5948 ns, Total: 51323 ns
[2023-11-15T22:33:04.381+0000][7][safepoint   ] Safepoint "Cleanup", Time since last: 5000653805 ns, Reaching safepoint: 102650 ns, At safepoint: 11867 ns, Total: 114517 ns
[2023-11-15T22:33:13.722+0000][7][gc,start    ] GC(109) Pause Young (Normal) (G1 Evacuation Pause)
[2023-11-15T22:33:13.723+0000][7][gc,task     ] GC(109) Using 8 workers of 8 for evacuation
[2023-11-15T22:33:13.723+0000][7][gc,age      ] GC(109) Desired survivor size 18874368 bytes, new threshold 15 (max threshold 15)
[2023-11-15T22:33:13.740+0000][7][gc,age      ] GC(109) Age table with threshold 15 (max threshold 15)
[2023-11-15T22:33:13.740+0000][7][gc,age      ] GC(109) - age   1:    2343584 bytes,    2343584 total
[2023-11-15T22:33:13.740+0000][7][gc,age      ] GC(109) - age   2:     272744 bytes,    2616328 total
[2023-11-15T22:33:13.740+0000][7][gc,age      ] GC(109) - age   3:    1673160 bytes,    4289488 total
[2023-11-15T22:33:13.740+0000][7][gc,age      ] GC(109) - age   4:     890976 bytes,    5180464 total
[2023-11-15T22:33:13.740+0000][7][gc,age      ] GC(109) - age   5:     268984 bytes,    5449448 total
[2023-11-15T22:33:13.740+0000][7][gc,age      ] GC(109) - age   6:     244928 bytes,    5694376 total
[2023-11-15T22:33:13.740+0000][7][gc,age      ] GC(109) - age   7:     316472 bytes,    6010848 total
[2023-11-15T22:33:13.740+0000][7][gc,age      ] GC(109) - age   8:     266792 bytes,    6277640 total
[2023-11-15T22:33:13.740+0000][7][gc,age      ] GC(109) - age   9:    2355392 bytes,    8633032 total
[2023-11-15T22:33:13.740+0000][7][gc,age      ] GC(109) - age  10:     314824 bytes,    8947856 total
[2023-11-15T22:33:13.740+0000][7][gc,age      ] GC(109) - age  11:     337024 bytes,    9284880 total
[2023-11-15T22:33:13.740+0000][7][gc,age      ] GC(109) - age  12:     234688 bytes,    9519568 total
[2023-11-15T22:33:13.740+0000][7][gc,age      ] GC(109) - age  13:     369392 bytes,    9888960 total
[2023-11-15T22:33:13.740+0000][7][gc,age      ] GC(109) - age  14:    2208544 bytes,   12097504 total
[2023-11-15T22:33:13.740+0000][7][gc,age      ] GC(109) - age  15:     562328 bytes,   12659832 total
[2023-11-15T22:33:13.740+0000][7][gc,phases   ] GC(109)   Pre Evacuate Collection Set: 0.2ms
[2023-11-15T22:33:13.740+0000][7][gc,phases   ] GC(109)   Merge Heap Roots: 0.2ms
[2023-11-15T22:33:13.740+0000][7][gc,phases   ] GC(109)   Evacuate Collection Set: 15.7ms
[2023-11-15T22:33:13.740+0000][7][gc,phases   ] GC(109)   Post Evacuate Collection Set: 1.2ms
[2023-11-15T22:33:13.740+0000][7][gc,phases   ] GC(109)   Other: 0.6ms
[2023-11-15T22:33:13.740+0000][7][gc,heap     ] GC(109) Eden regions: 64->0(63)
[2023-11-15T22:33:13.740+0000][7][gc,heap     ] GC(109) Survivor regions: 4->4(9)
[2023-11-15T22:33:13.740+0000][7][gc,heap     ] GC(109) Old regions: 29->30
[2023-11-15T22:33:13.740+0000][7][gc,heap     ] GC(109) Archive regions: 2->2
[2023-11-15T22:33:13.740+0000][7][gc,heap     ] GC(109) Humongous regions: 5->5
[2023-11-15T22:33:13.740+0000][7][gc,metaspace] GC(109) Metaspace: 117018K(118592K)->117018K(118592K) NonClass: 101500K(102464K)->101500K(102464K) Class: 15518K(16128K)->15518K(16128K)
[2023-11-15T22:33:13.740+0000][7][gc          ] GC(109) Pause Young (Normal) (G1 Evacuation Pause) 409M->154M(512M) 17.985ms
[2023-11-15T22:33:13.740+0000][7][gc,cpu      ] GC(109) User=0.04s Sys=0.01s Real=0.02s
[2023-11-15T22:33:13.740+0000][7][safepoint   ] Safepoint "G1CollectForAllocation", Time since last: 9340803802 ns, Reaching safepoint: 103323 ns, At safepoint: 18180803 ns, Total: 18284126 ns
[2023-11-15T22:33:16.741+0000][7][safepoint   ] Safepoint "Cleanup", Time since last: 3000344036 ns, Reaching safepoint: 62272 ns, At safepoint: 7467 ns, Total: 69739 ns
[2023-11-15T22:33:17.741+0000][7][safepoint   ] Safepoint "Cleanup", Time since last: 1000168839 ns, Reaching safepoint: 129248 ns, At safepoint: 22454 ns, Total: 151702 ns
[2023-11-15T22:33:22.742+0000][7][safepoint   ] Safepoint "Cleanup", Time since last: 5000728073 ns, Reaching safepoint: 177610 ns, At safepoint: 18584 ns, Total: 196194 ns
[2023-11-15T22:33:27.743+0000][7][safepoint   ] Safepoint "Cleanup", Time since last: 5000671990 ns, Reaching safepoint: 91065 ns, At safepoint: 10240 ns, Total: 101305 ns
[2023-11-15T22:33:29.094+0000][7][gc,start    ] GC(110) Pause Young (Normal) (G1 Evacuation Pause)
[2023-11-15T22:33:29.094+0000][7][gc,task     ] GC(110) Using 8 workers of 8 for evacuation
[2023-11-15T22:33:29.094+0000][7][gc,age      ] GC(110) Desired survivor size 18874368 bytes, new threshold 15 (max threshold 15)
[2023-11-15T22:33:29.107+0000][7][gc,age      ] GC(110) Age table with threshold 15 (max threshold 15)
[2023-11-15T22:33:29.107+0000][7][gc,age      ] GC(110) - age   1:     996168 bytes,     996168 total
[2023-11-15T22:33:29.107+0000][7][gc,age      ] GC(110) - age   2:    1663800 bytes,    2659968 total
[2023-11-15T22:33:29.107+0000][7][gc,age      ] GC(110) - age   3:     272064 bytes,    2932032 total
[2023-11-15T22:33:29.107+0000][7][gc,age      ] GC(110) - age   4:    1672120 bytes,    4604152 total
[2023-11-15T22:33:29.107+0000][7][gc,age      ] GC(110) - age   5:     741472 bytes,    5345624 total
[2023-11-15T22:33:29.107+0000][7][gc,age      ] GC(110) - age   6:     268696 bytes,    5614320 total
[2023-11-15T22:33:29.107+0000][7][gc,age      ] GC(110) - age   7:     244928 bytes,    5859248 total
[2023-11-15T22:33:29.107+0000][7][gc,age      ] GC(110) - age   8:     316472 bytes,    6175720 total
[2023-11-15T22:33:29.107+0000][7][gc,age      ] GC(110) - age   9:     266728 bytes,    6442448 total
[2023-11-15T22:33:29.107+0000][7][gc,age      ] GC(110) - age  10:    2355392 bytes,    8797840 total
[2023-11-15T22:33:29.107+0000][7][gc,age      ] GC(110) - age  11:     314824 bytes,    9112664 total
[2023-11-15T22:33:29.107+0000][7][gc,age      ] GC(110) - age  12:     337024 bytes,    9449688 total
[2023-11-15T22:33:29.107+0000][7][gc,age      ] GC(110) - age  13:     234688 bytes,    9684376 total
[2023-11-15T22:33:29.107+0000][7][gc,age      ] GC(110) - age  14:     369392 bytes,   10053768 total
[2023-11-15T22:33:29.107+0000][7][gc,age      ] GC(110) - age  15:    2208544 bytes,   12262312 total
[2023-11-15T22:33:29.107+0000][7][gc,phases   ] GC(110)   Pre Evacuate Collection Set: 0.2ms
[2023-11-15T22:33:29.107+0000][7][gc,phases   ] GC(110)   Merge Heap Roots: 0.2ms
[2023-11-15T22:33:29.107+0000][7][gc,phases   ] GC(110)   Evacuate Collection Set: 11.3ms
[2023-11-15T22:33:29.107+0000][7][gc,phases   ] GC(110)   Post Evacuate Collection Set: 1.4ms
[2023-11-15T22:33:29.107+0000][7][gc,phases   ] GC(110)   Other: 0.6ms
[2023-11-15T22:33:29.107+0000][7][gc,heap     ] GC(110) Eden regions: 63->0(65)
[2023-11-15T22:33:29.107+0000][7][gc,heap     ] GC(110) Survivor regions: 4->3(9)
[2023-11-15T22:33:29.107+0000][7][gc,heap     ] GC(110) Old regions: 30->30
[2023-11-15T22:33:29.107+0000][7][gc,heap     ] GC(110) Archive regions: 2->2
[2023-11-15T22:33:29.107+0000][7][gc,heap     ] GC(110) Humongous regions: 5->5
[2023-11-15T22:33:29.107+0000][7][gc,metaspace] GC(110) Metaspace: 117025K(118592K)->117025K(118592K) NonClass: 101506K(102464K)->101506K(102464K) Class: 15519K(16128K)->15519K(16128K)
[2023-11-15T22:33:29.107+0000][7][gc          ] GC(110) Pause Young (Normal) (G1 Evacuation Pause) 406M->154M(512M) 13.839ms
[2023-11-15T22:33:29.108+0000][7][gc,cpu      ] GC(110) User=0.03s Sys=0.01s Real=0.02s
[2023-11-15T22:33:29.108+0000][7][safepoint   ] Safepoint "G1CollectForAllocation", Time since last: 1350533875 ns, Reaching safepoint: 92925 ns, At safepoint: 14037860 ns, Total: 14130785 ns
[2023-11-15T22:33:36.109+0000][7][safepoint   ] Safepoint "Cleanup", Time since last: 7000774602 ns, Reaching safepoint: 122671 ns, At safepoint: 15897 ns, Total: 138568 ns
[2023-11-15T22:33:37.109+0000][7][safepoint   ] Safepoint "Cleanup", Time since last: 1000219382 ns, Reaching safepoint: 130440 ns, At safepoint: 17631 ns, Total: 148071 ns
[2023-11-15T22:33:40.110+0000][7][safepoint   ] Safepoint "Cleanup", Time since last: 3000545233 ns, Reaching safepoint: 84138 ns, At safepoint: 12346 ns, Total: 96484 ns
[2023-11-15T22:33:41.110+0000][7][safepoint   ] Safepoint "Cleanup", Time since last: 1000216841 ns, Reaching safepoint: 137862 ns, At safepoint: 25045 ns, Total: 162907 ns
[2023-11-15T22:33:46.726+0000][7][gc,start    ] GC(111) Pause Young (Normal) (G1 Evacuation Pause)
[2023-11-15T22:33:46.726+0000][7][gc,task     ] GC(111) Using 8 workers of 8 for evacuation
[2023-11-15T22:33:46.726+0000][7][gc,age      ] GC(111) Desired survivor size 18874368 bytes, new threshold 15 (max threshold 15)
[2023-11-15T22:33:46.739+0000][7][gc,age      ] GC(111) Age table with threshold 15 (max threshold 15)
[2023-11-15T22:33:46.739+0000][7][gc,age      ] GC(111) - age   1:    1757928 bytes,    1757928 total
[2023-11-15T22:33:46.739+0000][7][gc,age      ] GC(111) - age   2:     533192 bytes,    2291120 total
[2023-11-15T22:33:46.739+0000][7][gc,age      ] GC(111) - age   3:    1648816 bytes,    3939936 total
[2023-11-15T22:33:46.739+0000][7][gc,age      ] GC(111) - age   4:     271936 bytes,    4211872 total
[2023-11-15T22:33:46.739+0000][7][gc,age      ] GC(111) - age   5:    1671424 bytes,    5883296 total
[2023-11-15T22:33:46.739+0000][7][gc,age      ] GC(111) - age   6:     741408 bytes,    6624704 total
[2023-11-15T22:33:46.739+0000][7][gc,age      ] GC(111) - age   7:     268696 bytes,    6893400 total
[2023-11-15T22:33:46.739+0000][7][gc,age      ] GC(111) - age   8:     244864 bytes,    7138264 total
[2023-11-15T22:33:46.739+0000][7][gc,age      ] GC(111) - age   9:     316472 bytes,    7454736 total
[2023-11-15T22:33:46.739+0000][7][gc,age      ] GC(111) - age  10:     266728 bytes,    7721464 total
[2023-11-15T22:33:46.739+0000][7][gc,age      ] GC(111) - age  11:    2355392 bytes,   10076856 total
[2023-11-15T22:33:46.739+0000][7][gc,age      ] GC(111) - age  12:     314760 bytes,   10391616 total
[2023-11-15T22:33:46.739+0000][7][gc,age      ] GC(111) - age  13:     333736 bytes,   10725352 total
[2023-11-15T22:33:46.739+0000][7][gc,age      ] GC(111) - age  14:     234688 bytes,   10960040 total
[2023-11-15T22:33:46.739+0000][7][gc,age      ] GC(111) - age  15:     369392 bytes,   11329432 total
[2023-11-15T22:33:46.739+0000][7][gc,phases   ] GC(111)   Pre Evacuate Collection Set: 0.1ms
[2023-11-15T22:33:46.739+0000][7][gc,phases   ] GC(111)   Merge Heap Roots: 0.1ms
[2023-11-15T22:33:46.739+0000][7][gc,phases   ] GC(111)   Evacuate Collection Set: 12.3ms
[2023-11-15T22:33:46.739+0000][7][gc,phases   ] GC(111)   Post Evacuate Collection Set: 0.8ms
[2023-11-15T22:33:46.739+0000][7][gc,phases   ] GC(111)   Other: 0.3ms
[2023-11-15T22:33:46.739+0000][7][gc,heap     ] GC(111) Eden regions: 65->0(64)
[2023-11-15T22:33:46.739+0000][7][gc,heap     ] GC(111) Survivor regions: 3->3(9)
[2023-11-15T22:33:46.739+0000][7][gc,heap     ] GC(111) Old regions: 30->31
[2023-11-15T22:33:46.739+0000][7][gc,heap     ] GC(111) Archive regions: 2->2
[2023-11-15T22:33:46.739+0000][7][gc,heap     ] GC(111) Humongous regions: 5->5
[2023-11-15T22:33:46.739+0000][7][gc,metaspace] GC(111) Metaspace: 117027K(118656K)->117027K(118656K) NonClass: 101508K(102528K)->101508K(102528K) Class: 15519K(16128K)->15519K(16128K)
[2023-11-15T22:33:46.739+0000][7][gc          ] GC(111) Pause Young (Normal) (G1 Evacuation Pause) 414M->155M(512M) 13.635ms
[2023-11-15T22:33:46.739+0000][7][gc,cpu      ] GC(111) User=0.04s Sys=0.00s Real=0.01s
[2023-11-15T22:33:46.739+0000][7][safepoint   ] Safepoint "G1CollectForAllocation", Time since last: 5615687101 ns, Reaching safepoint: 65562 ns, At safepoint: 13735459 ns, Total: 13801021 ns
[2023-11-15T22:33:47.740+0000][7][safepoint   ] Safepoint "Cleanup", Time since last: 1000192166 ns, Reaching safepoint: 146119 ns, At safepoint: 26840 ns, Total: 172959 ns
[2023-11-15T22:33:50.740+0000][7][safepoint   ] Safepoint "Cleanup", Time since last: 3000389303 ns, Reaching safepoint: 98250 ns, At safepoint: 17610 ns, Total: 115860 ns
[2023-11-15T22:34:01.742+0000][7][safepoint   ] Safepoint "Cleanup", Time since last: 11001106552 ns, Reaching safepoint: 130750 ns, At safepoint: 15975 ns, Total: 146725 ns
[2023-11-15T22:34:02.323+0000][7][gc,start    ] GC(112) Pause Young (Normal) (G1 Evacuation Pause)
[2023-11-15T22:34:02.323+0000][7][gc,task     ] GC(112) Using 8 workers of 8 for evacuation
[2023-11-15T22:34:02.323+0000][7][gc,age      ] GC(112) Desired survivor size 18874368 bytes, new threshold 15 (max threshold 15)
[2023-11-15T22:34:02.332+0000][7][gc,age      ] GC(112) Age table with threshold 15 (max threshold 15)
[2023-11-15T22:34:02.332+0000][7][gc,age      ] GC(112) - age   1:    2892272 bytes,    2892272 total
[2023-11-15T22:34:02.332+0000][7][gc,age      ] GC(112) - age   2:     311544 bytes,    3203816 total
[2023-11-15T22:34:02.332+0000][7][gc,age      ] GC(112) - age   3:     421928 bytes,    3625744 total
[2023-11-15T22:34:02.332+0000][7][gc,age      ] GC(112) - age   4:    1531576 bytes,    5157320 total
[2023-11-15T22:34:02.332+0000][7][gc,age      ] GC(112) - age   5:     271680 bytes,    5429000 total
[2023-11-15T22:34:02.332+0000][7][gc,age      ] GC(112) - age   6:    1671424 bytes,    7100424 total
[2023-11-15T22:34:02.332+0000][7][gc,age      ] GC(112) - age   7:     741280 bytes,    7841704 total
[2023-11-15T22:34:02.332+0000][7][gc,age      ] GC(112) - age   8:     268696 bytes,    8110400 total
[2023-11-15T22:34:02.332+0000][7][gc,age      ] GC(112) - age   9:     244864 bytes,    8355264 total
[2023-11-15T22:34:02.332+0000][7][gc,age      ] GC(112) - age  10:     316472 bytes,    8671736 total
[2023-11-15T22:34:02.332+0000][7][gc,age      ] GC(112) - age  11:     266600 bytes,    8938336 total
[2023-11-15T22:34:02.332+0000][7][gc,age      ] GC(112) - age  12:     234624 bytes,    9172960 total
[2023-11-15T22:34:02.332+0000][7][gc,age      ] GC(112) - age  13:     313992 bytes,    9486952 total
[2023-11-15T22:34:02.332+0000][7][gc,age      ] GC(112) - age  14:     333736 bytes,    9820688 total
[2023-11-15T22:34:02.332+0000][7][gc,age      ] GC(112) - age  15:     234688 bytes,   10055376 total
[2023-11-15T22:34:02.332+0000][7][gc,phases   ] GC(112)   Pre Evacuate Collection Set: 0.1ms
[2023-11-15T22:34:02.332+0000][7][gc,phases   ] GC(112)   Merge Heap Roots: 0.0ms
[2023-11-15T22:34:02.332+0000][7][gc,phases   ] GC(112)   Evacuate Collection Set: 8.4ms
[2023-11-15T22:34:02.332+0000][7][gc,phases   ] GC(112)   Post Evacuate Collection Set: 0.6ms
[2023-11-15T22:34:02.332+0000][7][gc,phases   ] GC(112)   Other: 0.3ms
[2023-11-15T22:34:02.332+0000][7][gc,heap     ] GC(112) Eden regions: 64->0(64)
[2023-11-15T22:34:02.332+0000][7][gc,heap     ] GC(112) Survivor regions: 3->3(9)
[2023-11-15T22:34:02.332+0000][7][gc,heap     ] GC(112) Old regions: 31->31
[2023-11-15T22:34:02.332+0000][7][gc,heap     ] GC(112) Archive regions: 2->2
[2023-11-15T22:34:02.332+0000][7][gc,heap     ] GC(112) Humongous regions: 5->5
[2023-11-15T22:34:02.332+0000][7][gc,metaspace] GC(112) Metaspace: 117027K(118656K)->117027K(118656K) NonClass: 101508K(102528K)->101508K(102528K) Class: 15519K(16128K)->15519K(16128K)
[2023-11-15T22:34:02.332+0000][7][gc          ] GC(112) Pause Young (Normal) (G1 Evacuation Pause) 411M->155M(512M) 9.478ms
[2023-11-15T22:34:02.332+0000][7][gc,cpu      ] GC(112) User=0.03s Sys=0.00s Real=0.01s
[2023-11-15T22:34:02.332+0000][7][safepoint   ] Safepoint "G1CollectForAllocation", Time since last: 581382798 ns, Reaching safepoint: 36045 ns, At safepoint: 9575908 ns, Total: 9611953 ns
[2023-11-15T22:34:05.780+0000][7][safepoint   ] Safepoint "Cleanup", Time since last: 3447671438 ns, Reaching safepoint: 238439 ns, At safepoint: 18540 ns, Total: 256979 ns
[2023-11-15T22:34:13.782+0000][7][safepoint   ] Safepoint "Cleanup", Time since last: 8001079602 ns, Reaching safepoint: 52089 ns, At safepoint: 7025 ns, Total: 59114 ns
[2023-11-15T22:34:14.782+0000][7][safepoint   ] Safepoint "Cleanup", Time since last: 1000141144 ns, Reaching safepoint: 144005 ns, At safepoint: 25463 ns, Total: 169468 ns
[2023-11-15T22:34:18.769+0000][7][gc,start    ] GC(113) Pause Young (Normal) (G1 Evacuation Pause)
[2023-11-15T22:34:18.769+0000][7][gc,task     ] GC(113) Using 8 workers of 8 for evacuation
[2023-11-15T22:34:18.769+0000][7][gc,age      ] GC(113) Desired survivor size 18874368 bytes, new threshold 15 (max threshold 15)
[2023-11-15T22:34:18.779+0000][7][gc,age      ] GC(113) Age table with threshold 15 (max threshold 15)
[2023-11-15T22:34:18.779+0000][7][gc,age      ] GC(113) - age   1:     795248 bytes,     795248 total
[2023-11-15T22:34:18.779+0000][7][gc,age      ] GC(113) - age   2:    2693816 bytes,    3489064 total
[2023-11-15T22:34:18.779+0000][7][gc,age      ] GC(113) - age   3:     272928 bytes,    3761992 total
[2023-11-15T22:34:18.779+0000][7][gc,age      ] GC(113) - age   4:     301680 bytes,    4063672 total
[2023-11-15T22:34:18.779+0000][7][gc,age      ] GC(113) - age   5:    1530832 bytes,    5594504 total
[2023-11-15T22:34:18.779+0000][7][gc,age      ] GC(113) - age   6:     271616 bytes,    5866120 total
[2023-11-15T22:34:18.779+0000][7][gc,age      ] GC(113) - age   7:    1671424 bytes,    7537544 total
[2023-11-15T22:34:18.779+0000][7][gc,age      ] GC(113) - age   8:     741280 bytes,    8278824 total
[2023-11-15T22:34:18.779+0000][7][gc,age      ] GC(113) - age   9:     268096 bytes,    8546920 total
[2023-11-15T22:34:18.779+0000][7][gc,age      ] GC(113) - age  10:     244864 bytes,    8791784 total
[2023-11-15T22:34:18.779+0000][7][gc,age      ] GC(113) - age  11:     316472 bytes,    9108256 total
[2023-11-15T22:34:18.779+0000][7][gc,age      ] GC(113) - age  12:     266568 bytes,    9374824 total
[2023-11-15T22:34:18.779+0000][7][gc,age      ] GC(113) - age  13:     234624 bytes,    9609448 total
[2023-11-15T22:34:18.779+0000][7][gc,age      ] GC(113) - age  14:     313992 bytes,    9923440 total
[2023-11-15T22:34:18.779+0000][7][gc,age      ] GC(113) - age  15:     333736 bytes,   10257176 total
[2023-11-15T22:34:18.779+0000][7][gc,phases   ] GC(113)   Pre Evacuate Collection Set: 0.3ms
[2023-11-15T22:34:18.779+0000][7][gc,phases   ] GC(113)   Merge Heap Roots: 0.2ms
[2023-11-15T22:34:18.779+0000][7][gc,phases   ] GC(113)   Evacuate Collection Set: 7.5ms
[2023-11-15T22:34:18.779+0000][7][gc,phases   ] GC(113)   Post Evacuate Collection Set: 1.5ms
[2023-11-15T22:34:18.779+0000][7][gc,phases   ] GC(113)   Other: 0.8ms
[2023-11-15T22:34:18.779+0000][7][gc,heap     ] GC(113) Eden regions: 64->0(64)
[2023-11-15T22:34:18.779+0000][7][gc,heap     ] GC(113) Survivor regions: 3->3(9)
[2023-11-15T22:34:18.779+0000][7][gc,heap     ] GC(113) Old regions: 31->31
[2023-11-15T22:34:18.779+0000][7][gc,heap     ] GC(113) Archive regions: 2->2
[2023-11-15T22:34:18.779+0000][7][gc,heap     ] GC(113) Humongous regions: 5->5
[2023-11-15T22:34:18.779+0000][7][gc,metaspace] GC(113) Metaspace: 117027K(118656K)->117027K(118656K) NonClass: 101508K(102528K)->101508K(102528K) Class: 15519K(16128K)->15519K(16128K)
[2023-11-15T22:34:18.779+0000][7][gc          ] GC(113) Pause Young (Normal) (G1 Evacuation Pause) 411M->155M(512M) 10.419ms
[2023-11-15T22:34:18.780+0000][7][gc,cpu      ] GC(113) User=0.04s Sys=0.01s Real=0.01s
[2023-11-15T22:34:18.780+0000][7][safepoint   ] Safepoint "G1CollectForAllocation", Time since last: 3986792422 ns, Reaching safepoint: 216242 ns, At safepoint: 10712501 ns, Total: 10928743 ns
[2023-11-15T22:34:25.780+0000][7][safepoint   ] Safepoint "Cleanup", Time since last: 7000737913 ns, Reaching safepoint: 68314 ns, At safepoint: 6109 ns, Total: 74423 ns
[2023-11-15T22:34:28.781+0000][7][safepoint   ] Safepoint "Cleanup", Time since last: 3000366163 ns, Reaching safepoint: 99727 ns, At safepoint: 12648 ns, Total: 112375 ns
[2023-11-15T22:34:35.782+0000][7][safepoint   ] Safepoint "Cleanup", Time since last: 7001155799 ns, Reaching safepoint: 174173 ns, At safepoint: 27394 ns, Total: 201567 ns
[2023-11-15T22:34:36.760+0000][7][gc,start    ] GC(114) Pause Young (Normal) (G1 Evacuation Pause)
[2023-11-15T22:34:36.760+0000][7][gc,task     ] GC(114) Using 8 workers of 8 for evacuation
[2023-11-15T22:34:36.760+0000][7][gc,age      ] GC(114) Desired survivor size 18874368 bytes, new threshold 15 (max threshold 15)
[2023-11-15T22:34:36.773+0000][7][gc,age      ] GC(114) Age table with threshold 15 (max threshold 15)
[2023-11-15T22:34:36.773+0000][7][gc,age      ] GC(114) - age   1:     526360 bytes,     526360 total
[2023-11-15T22:34:36.773+0000][7][gc,age      ] GC(114) - age   2:     322768 bytes,     849128 total
[2023-11-15T22:34:36.773+0000][7][gc,age      ] GC(114) - age   3:    2693112 bytes,    3542240 total
[2023-11-15T22:34:36.773+0000][7][gc,age      ] GC(114) - age   4:     271984 bytes,    3814224 total
[2023-11-15T22:34:36.773+0000][7][gc,age      ] GC(114) - age   5:     300952 bytes,    4115176 total
[2023-11-15T22:34:36.773+0000][7][gc,age      ] GC(114) - age   6:    1530704 bytes,    5645880 total
[2023-11-15T22:34:36.773+0000][7][gc,age      ] GC(114) - age   7:     271360 bytes,    5917240 total
[2023-11-15T22:34:36.773+0000][7][gc,age      ] GC(114) - age   8:    1671112 bytes,    7588352 total
[2023-11-15T22:34:36.773+0000][7][gc,age      ] GC(114) - age   9:     741280 bytes,    8329632 total
[2023-11-15T22:34:36.773+0000][7][gc,age      ] GC(114) - age  10:     268096 bytes,    8597728 total
[2023-11-15T22:34:36.773+0000][7][gc,age      ] GC(114) - age  11:     244864 bytes,    8842592 total
[2023-11-15T22:34:36.773+0000][7][gc,age      ] GC(114) - age  12:     316472 bytes,    9159064 total
[2023-11-15T22:34:36.773+0000][7][gc,age      ] GC(114) - age  13:     266568 bytes,    9425632 total
[2023-11-15T22:34:36.773+0000][7][gc,age      ] GC(114) - age  14:     234624 bytes,    9660256 total
[2023-11-15T22:34:36.773+0000][7][gc,age      ] GC(114) - age  15:     313992 bytes,    9974248 total
[2023-11-15T22:34:36.773+0000][7][gc,phases   ] GC(114)   Pre Evacuate Collection Set: 0.1ms
[2023-11-15T22:34:36.773+0000][7][gc,phases   ] GC(114)   Merge Heap Roots: 0.1ms
[2023-11-15T22:34:36.773+0000][7][gc,phases   ] GC(114)   Evacuate Collection Set: 11.6ms
[2023-11-15T22:34:36.773+0000][7][gc,phases   ] GC(114)   Post Evacuate Collection Set: 0.8ms
[2023-11-15T22:34:36.773+0000][7][gc,phases   ] GC(114)   Other: 0.4ms
[2023-11-15T22:34:36.773+0000][7][gc,heap     ] GC(114) Eden regions: 64->0(64)
[2023-11-15T22:34:36.773+0000][7][gc,heap     ] GC(114) Survivor regions: 3->3(9)
[2023-11-15T22:34:36.773+0000][7][gc,heap     ] GC(114) Old regions: 31->31
[2023-11-15T22:34:36.773+0000][7][gc,heap     ] GC(114) Archive regions: 2->2
[2023-11-15T22:34:36.773+0000][7][gc,heap     ] GC(114) Humongous regions: 5->5
[2023-11-15T22:34:36.773+0000][7][gc,metaspace] GC(114) Metaspace: 117028K(118656K)->117028K(118656K) NonClass: 101508K(102528K)->101508K(102528K) Class: 15519K(16128K)->15519K(16128K)
[2023-11-15T22:34:36.773+0000][7][gc          ] GC(114) Pause Young (Normal) (G1 Evacuation Pause) 411M->155M(512M) 12.956ms
[2023-11-15T22:34:36.773+0000][7][gc,cpu      ] GC(114) User=0.04s Sys=0.00s Real=0.01s
[2023-11-15T22:34:36.773+0000][7][safepoint   ] Safepoint "G1CollectForAllocation", Time since last: 977485146 ns, Reaching safepoint: 70577 ns, At safepoint: 13092397 ns, Total: 13162974 ns
[2023-11-15T22:34:46.774+0000][7][safepoint   ] Safepoint "Cleanup", Time since last: 10001141418 ns, Reaching safepoint: 204506 ns, At safepoint: 23577 ns, Total: 228083 ns
[2023-11-15T22:34:49.775+0000][7][safepoint   ] Safepoint "Cleanup", Time since last: 3000415500 ns, Reaching safepoint: 42505 ns, At safepoint: 6009 ns, Total: 48514 ns
[2023-11-15T22:34:50.775+0000][7][safepoint   ] Safepoint "Cleanup", Time since last: 1000186356 ns, Reaching safepoint: 156129 ns, At safepoint: 20336 ns, Total: 176465 ns
[2023-11-15T22:34:52.775+0000][7][gc,start    ] GC(115) Pause Young (Normal) (G1 Evacuation Pause)
[2023-11-15T22:34:52.775+0000][7][gc,task     ] GC(115) Using 8 workers of 8 for evacuation
[2023-11-15T22:34:52.775+0000][7][gc,age      ] GC(115) Desired survivor size 18874368 bytes, new threshold 15 (max threshold 15)
[2023-11-15T22:34:52.782+0000][7][gc,age      ] GC(115) Age table with threshold 15 (max threshold 15)
[2023-11-15T22:34:52.782+0000][7][gc,age      ] GC(115) - age   1:     789040 bytes,     789040 total
[2023-11-15T22:34:52.782+0000][7][gc,age      ] GC(115) - age   2:     218440 bytes,    1007480 total
[2023-11-15T22:34:52.782+0000][7][gc,age      ] GC(115) - age   3:     319192 bytes,    1326672 total
[2023-11-15T22:34:52.782+0000][7][gc,age      ] GC(115) - age   4:    2693048 bytes,    4019720 total
[2023-11-15T22:34:52.782+0000][7][gc,age      ] GC(115) - age   5:     271984 bytes,    4291704 total
[2023-11-15T22:34:52.782+0000][7][gc,age      ] GC(115) - age   6:     300504 bytes,    4592208 total
[2023-11-15T22:34:52.782+0000][7][gc,age      ] GC(115) - age   7:    1530448 bytes,    6122656 total
[2023-11-15T22:34:52.782+0000][7][gc,age      ] GC(115) - age   8:     271360 bytes,    6394016 total
[2023-11-15T22:34:52.782+0000][7][gc,age      ] GC(115) - age   9:    1671112 bytes,    8065128 total
[2023-11-15T22:34:52.782+0000][7][gc,age      ] GC(115) - age  10:     741024 bytes,    8806152 total
[2023-11-15T22:34:52.782+0000][7][gc,age      ] GC(115) - age  11:     268096 bytes,    9074248 total
[2023-11-15T22:34:52.782+0000][7][gc,age      ] GC(115) - age  12:     238392 bytes,    9312640 total
[2023-11-15T22:34:52.782+0000][7][gc,age      ] GC(115) - age  13:     300208 bytes,    9612848 total
[2023-11-15T22:34:52.782+0000][7][gc,age      ] GC(115) - age  14:     266256 bytes,    9879104 total
[2023-11-15T22:34:52.782+0000][7][gc,age      ] GC(115) - age  15:     234624 bytes,   10113728 total
[2023-11-15T22:34:52.782+0000][7][gc,phases   ] GC(115)   Pre Evacuate Collection Set: 0.1ms
[2023-11-15T22:34:52.782+0000][7][gc,phases   ] GC(115)   Merge Heap Roots: 0.0ms
[2023-11-15T22:34:52.782+0000][7][gc,phases   ] GC(115)   Evacuate Collection Set: 6.8ms
[2023-11-15T22:34:52.782+0000][7][gc,phases   ] GC(115)   Post Evacuate Collection Set: 0.4ms
[2023-11-15T22:34:52.782+0000][7][gc,phases   ] GC(115)   Other: 0.2ms
[2023-11-15T22:34:52.782+0000][7][gc,heap     ] GC(115) Eden regions: 64->0(64)
[2023-11-15T22:34:52.782+0000][7][gc,heap     ] GC(115) Survivor regions: 3->3(9)
[2023-11-15T22:34:52.782+0000][7][gc,heap     ] GC(115) Old regions: 31->31
[2023-11-15T22:34:52.782+0000][7][gc,heap     ] GC(115) Archive regions: 2->2
[2023-11-15T22:34:52.782+0000][7][gc,heap     ] GC(115) Humongous regions: 5->5
[2023-11-15T22:34:52.782+0000][7][gc,metaspace] GC(115) Metaspace: 117052K(118656K)->117052K(118656K) NonClass: 101533K(102528K)->101533K(102528K) Class: 15519K(16128K)->15519K(16128K)
[2023-11-15T22:34:52.782+0000][7][gc          ] GC(115) Pause Young (Normal) (G1 Evacuation Pause) 411M->155M(512M) 7.444ms
[2023-11-15T22:34:52.782+0000][7][gc,cpu      ] GC(115) User=0.02s Sys=0.00s Real=0.01s
[2023-11-15T22:34:52.782+0000][7][safepoint   ] Safepoint "G1CollectForAllocation", Time since last: 1999395915 ns, Reaching safepoint: 44400 ns, At safepoint: 7509709 ns, Total: 7554109 ns
[2023-11-15T22:34:58.783+0000][7][safepoint   ] Safepoint "Cleanup", Time since last: 6000700117 ns, Reaching safepoint: 73261 ns, At safepoint: 5469 ns, Total: 78730 ns
[2023-11-15T22:34:59.783+0000][7][safepoint   ] Safepoint "Cleanup", Time since last: 1000216670 ns, Reaching safepoint: 122011 ns, At safepoint: 25122 ns, Total: 147133 ns
[2023-11-15T22:35:09.898+0000][7][gc,start    ] GC(116) Pause Young (Normal) (G1 Evacuation Pause)
[2023-11-15T22:35:09.898+0000][7][gc,task     ] GC(116) Using 8 workers of 8 for evacuation
[2023-11-15T22:35:09.898+0000][7][gc,age      ] GC(116) Desired survivor size 18874368 bytes, new threshold 15 (max threshold 15)
[2023-11-15T22:35:09.913+0000][7][gc,age      ] GC(116) Age table with threshold 15 (max threshold 15)
[2023-11-15T22:35:09.913+0000][7][gc,age      ] GC(116) - age   1:    1306336 bytes,    1306336 total
[2023-11-15T22:35:09.913+0000][7][gc,age      ] GC(116) - age   2:     456800 bytes,    1763136 total
[2023-11-15T22:35:09.913+0000][7][gc,age      ] GC(116) - age   3:     206760 bytes,    1969896 total
[2023-11-15T22:35:09.913+0000][7][gc,age      ] GC(116) - age   4:     318488 bytes,    2288384 total
[2023-11-15T22:35:09.913+0000][7][gc,age      ] GC(116) - age   5:    2692952 bytes,    4981336 total
[2023-11-15T22:35:09.913+0000][7][gc,age      ] GC(116) - age   6:     271248 bytes,    5252584 total
[2023-11-15T22:35:09.913+0000][7][gc,age      ] GC(116) - age   7:     300504 bytes,    5553088 total
[2023-11-15T22:35:09.913+0000][7][gc,age      ] GC(116) - age   8:    1530152 bytes,    7083240 total
[2023-11-15T22:35:09.913+0000][7][gc,age      ] GC(116) - age   9:     271360 bytes,    7354600 total
[2023-11-15T22:35:09.913+0000][7][gc,age      ] GC(116) - age  10:    1671112 bytes,    9025712 total
[2023-11-15T22:35:09.913+0000][7][gc,age      ] GC(116) - age  11:     741024 bytes,    9766736 total
[2023-11-15T22:35:09.913+0000][7][gc,age      ] GC(116) - age  12:     268096 bytes,   10034832 total
[2023-11-15T22:35:09.913+0000][7][gc,age      ] GC(116) - age  13:     238392 bytes,   10273224 total
[2023-11-15T22:35:09.913+0000][7][gc,age      ] GC(116) - age  14:     300208 bytes,   10573432 total
[2023-11-15T22:35:09.913+0000][7][gc,age      ] GC(116) - age  15:     266256 bytes,   10839688 total
[2023-11-15T22:35:09.913+0000][7][gc,phases   ] GC(116)   Pre Evacuate Collection Set: 0.2ms
[2023-11-15T22:35:09.913+0000][7][gc,phases   ] GC(116)   Merge Heap Roots: 0.1ms
[2023-11-15T22:35:09.913+0000][7][gc,phases   ] GC(116)   Evacuate Collection Set: 13.9ms
[2023-11-15T22:35:09.914+0000][7][gc,phases   ] GC(116)   Post Evacuate Collection Set: 1.1ms
[2023-11-15T22:35:09.914+0000][7][gc,phases   ] GC(116)   Other: 0.4ms
[2023-11-15T22:35:09.914+0000][7][gc,heap     ] GC(116) Eden regions: 64->0(64)
[2023-11-15T22:35:09.914+0000][7][gc,heap     ] GC(116) Survivor regions: 3->3(9)
[2023-11-15T22:35:09.914+0000][7][gc,heap     ] GC(116) Old regions: 31->31
[2023-11-15T22:35:09.914+0000][7][gc,heap     ] GC(116) Archive regions: 2->2
[2023-11-15T22:35:09.914+0000][7][gc,heap     ] GC(116) Humongous regions: 5->5
[2023-11-15T22:35:09.914+0000][7][gc,metaspace] GC(116) Metaspace: 117053K(118656K)->117053K(118656K) NonClass: 101533K(102528K)->101533K(102528K) Class: 15519K(16128K)->15519K(16128K)
[2023-11-15T22:35:09.914+0000][7][gc          ] GC(116) Pause Young (Normal) (G1 Evacuation Pause) 411M->156M(512M) 15.940ms
[2023-11-15T22:35:09.914+0000][7][gc,cpu      ] GC(116) User=0.04s Sys=0.00s Real=0.01s
[2023-11-15T22:35:09.914+0000][7][safepoint   ] Safepoint "G1CollectForAllocation", Time since last: 10114308873 ns, Reaching safepoint: 142475 ns, At safepoint: 16086339 ns, Total: 16228814 ns
[2023-11-15T22:35:13.914+0000][7][safepoint   ] Safepoint "Cleanup", Time since last: 4000453284 ns, Reaching safepoint: 186236 ns, At safepoint: 16385 ns, Total: 202621 ns
[2023-11-15T22:35:16.915+0000][7][safepoint   ] Safepoint "Cleanup", Time since last: 3000584698 ns, Reaching safepoint: 130786 ns, At safepoint: 15669 ns, Total: 146455 ns
[2023-11-15T22:35:18.915+0000][7][safepoint   ] Safepoint "Cleanup", Time since last: 2000252326 ns, Reaching safepoint: 102225 ns, At safepoint: 5243 ns, Total: 107468 ns
[2023-11-15T22:35:22.916+0000][7][safepoint   ] Safepoint "Cleanup", Time since last: 4000416624 ns, Reaching safepoint: 50918 ns, At safepoint: 33066 ns, Total: 83984 ns
[2023-11-15T22:35:23.916+0000][7][safepoint   ] Safepoint "Cleanup", Time since last: 1000250706 ns, Reaching safepoint: 129811 ns, At safepoint: 16250 ns, Total: 146061 ns
[2023-11-15T22:35:25.738+0000][7][gc,start    ] GC(117) Pause Young (Normal) (G1 Evacuation Pause)
[2023-11-15T22:35:25.738+0000][7][gc,task     ] GC(117) Using 8 workers of 8 for evacuation
[2023-11-15T22:35:25.738+0000][7][gc,age      ] GC(117) Desired survivor size 18874368 bytes, new threshold 15 (max threshold 15)
[2023-11-15T22:35:25.749+0000][7][gc,age      ] GC(117) Age table with threshold 15 (max threshold 15)
[2023-11-15T22:35:25.749+0000][7][gc,age      ] GC(117) - age   1:    1752624 bytes,    1752624 total
[2023-11-15T22:35:25.749+0000][7][gc,age      ] GC(117) - age   2:     235840 bytes,    1988464 total
[2023-11-15T22:35:25.749+0000][7][gc,age      ] GC(117) - age   3:     455560 bytes,    2444024 total
[2023-11-15T22:35:25.749+0000][7][gc,age      ] GC(117) - age   4:     206312 bytes,    2650336 total
[2023-11-15T22:35:25.749+0000][7][gc,age      ] GC(117) - age   5:     268216 bytes,    2918552 total
[2023-11-15T22:35:25.749+0000][7][gc,age      ] GC(117) - age   6:    2588784 bytes,    5507336 total
[2023-11-15T22:35:25.749+0000][7][gc,age      ] GC(117) - age   7:     271216 bytes,    5778552 total
[2023-11-15T22:35:25.749+0000][7][gc,age      ] GC(117) - age   8:     300504 bytes,    6079056 total
[2023-11-15T22:35:25.749+0000][7][gc,age      ] GC(117) - age   9:    1529968 bytes,    7609024 total
[2023-11-15T22:35:25.749+0000][7][gc,age      ] GC(117) - age  10:     271312 bytes,    7880336 total
[2023-11-15T22:35:25.749+0000][7][gc,age      ] GC(117) - age  11:    1671112 bytes,    9551448 total
[2023-11-15T22:35:25.749+0000][7][gc,age      ] GC(117) - age  12:     741024 bytes,   10292472 total
[2023-11-15T22:35:25.749+0000][7][gc,age      ] GC(117) - age  13:     268064 bytes,   10560536 total
[2023-11-15T22:35:25.749+0000][7][gc,age      ] GC(117) - age  14:     238392 bytes,   10798928 total
[2023-11-15T22:35:25.749+0000][7][gc,age      ] GC(117) - age  15:     300208 bytes,   11099136 total
[2023-11-15T22:35:25.749+0000][7][gc,phases   ] GC(117)   Pre Evacuate Collection Set: 0.1ms
[2023-11-15T22:35:25.749+0000][7][gc,phases   ] GC(117)   Merge Heap Roots: 0.1ms
[2023-11-15T22:35:25.749+0000][7][gc,phases   ] GC(117)   Evacuate Collection Set: 10.1ms
[2023-11-15T22:35:25.749+0000][7][gc,phases   ] GC(117)   Post Evacuate Collection Set: 0.5ms
[2023-11-15T22:35:25.749+0000][7][gc,phases   ] GC(117)   Other: 0.2ms
[2023-11-15T22:35:25.749+0000][7][gc,heap     ] GC(117) Eden regions: 64->0(64)
[2023-11-15T22:35:25.749+0000][7][gc,heap     ] GC(117) Survivor regions: 3->3(9)
[2023-11-15T22:35:25.749+0000][7][gc,heap     ] GC(117) Old regions: 31->31
[2023-11-15T22:35:25.749+0000][7][gc,heap     ] GC(117) Archive regions: 2->2
[2023-11-15T22:35:25.749+0000][7][gc,heap     ] GC(117) Humongous regions: 5->5
[2023-11-15T22:35:25.749+0000][7][gc,metaspace] GC(117) Metaspace: 117053K(118656K)->117053K(118656K) NonClass: 101533K(102528K)->101533K(102528K) Class: 15519K(16128K)->15519K(16128K)
[2023-11-15T22:35:25.749+0000][7][gc          ] GC(117) Pause Young (Normal) (G1 Evacuation Pause) 412M->157M(512M) 10.892ms
[2023-11-15T22:35:25.749+0000][7][gc,cpu      ] GC(117) User=0.03s Sys=0.00s Real=0.01s
[2023-11-15T22:35:25.749+0000][7][safepoint   ] Safepoint "G1CollectForAllocation", Time since last: 1821535163 ns, Reaching safepoint: 34550 ns, At safepoint: 10969147 ns, Total: 11003697 ns
[2023-11-15T22:35:27.749+0000][7][safepoint   ] Safepoint "Cleanup", Time since last: 2000301539 ns, Reaching safepoint: 106030 ns, At safepoint: 12311 ns, Total: 118341 ns
[2023-11-15T22:35:41.552+0000][7][gc,start    ] GC(118) Pause Young (Normal) (G1 Evacuation Pause)
[2023-11-15T22:35:41.552+0000][7][gc,task     ] GC(118) Using 8 workers of 8 for evacuation
[2023-11-15T22:35:41.552+0000][7][gc,age      ] GC(118) Desired survivor size 18874368 bytes, new threshold 15 (max threshold 15)
[2023-11-15T22:35:41.560+0000][7][gc,age      ] GC(118) Age table with threshold 15 (max threshold 15)
[2023-11-15T22:35:41.560+0000][7][gc,age      ] GC(118) - age   1:    1689320 bytes,    1689320 total
[2023-11-15T22:35:41.560+0000][7][gc,age      ] GC(118) - age   2:     407456 bytes,    2096776 total
[2023-11-15T22:35:41.560+0000][7][gc,age      ] GC(118) - age   3:     219144 bytes,    2315920 total
[2023-11-15T22:35:41.560+0000][7][gc,age      ] GC(118) - age   4:     326464 bytes,    2642384 total
[2023-11-15T22:35:41.560+0000][7][gc,age      ] GC(118) - age   5:     205368 bytes,    2847752 total
[2023-11-15T22:35:41.560+0000][7][gc,age      ] GC(118) - age   6:     267648 bytes,    3115400 total
[2023-11-15T22:35:41.561+0000][7][gc,age      ] GC(118) - age   7:    2588784 bytes,    5704184 total
[2023-11-15T22:35:41.561+0000][7][gc,age      ] GC(118) - age   8:     271216 bytes,    5975400 total
[2023-11-15T22:35:41.561+0000][7][gc,age      ] GC(118) - age   9:     300504 bytes,    6275904 total
[2023-11-15T22:35:41.561+0000][7][gc,age      ] GC(118) - age  10:    1529656 bytes,    7805560 total
[2023-11-15T22:35:41.561+0000][7][gc,age      ] GC(118) - age  11:     271312 bytes,    8076872 total
[2023-11-15T22:35:41.561+0000][7][gc,age      ] GC(118) - age  12:    1671112 bytes,    9747984 total
[2023-11-15T22:35:41.561+0000][7][gc,age      ] GC(118) - age  13:     736896 bytes,   10484880 total
[2023-11-15T22:35:41.561+0000][7][gc,age      ] GC(118) - age  14:     268064 bytes,   10752944 total
[2023-11-15T22:35:41.561+0000][7][gc,age      ] GC(118) - age  15:     235512 bytes,   10988456 total
[2023-11-15T22:35:41.561+0000][7][gc,phases   ] GC(118)   Pre Evacuate Collection Set: 0.2ms
[2023-11-15T22:35:41.561+0000][7][gc,phases   ] GC(118)   Merge Heap Roots: 0.2ms
[2023-11-15T22:35:41.561+0000][7][gc,phases   ] GC(118)   Evacuate Collection Set: 6.5ms
[2023-11-15T22:35:41.561+0000][7][gc,phases   ] GC(118)   Post Evacuate Collection Set: 1.5ms
[2023-11-15T22:35:41.561+0000][7][gc,phases   ] GC(118)   Other: 0.7ms
[2023-11-15T22:35:41.561+0000][7][gc,heap     ] GC(118) Eden regions: 64->0(64)
[2023-11-15T22:35:41.561+0000][7][gc,heap     ] GC(118) Survivor regions: 3->3(9)
[2023-11-15T22:35:41.561+0000][7][gc,heap     ] GC(118) Old regions: 31->31
[2023-11-15T22:35:41.561+0000][7][gc,heap     ] GC(118) Archive regions: 2->2
[2023-11-15T22:35:41.561+0000][7][gc,heap     ] GC(118) Humongous regions: 5->5
[2023-11-15T22:35:41.561+0000][7][gc,metaspace] GC(118) Metaspace: 117059K(118656K)->117059K(118656K) NonClass: 101540K(102528K)->101540K(102528K) Class: 15519K(16128K)->15519K(16128K)
[2023-11-15T22:35:41.561+0000][7][gc          ] GC(118) Pause Young (Normal) (G1 Evacuation Pause) 413M->157M(512M) 9.194ms
[2023-11-15T22:35:41.561+0000][7][gc,cpu      ] GC(118) User=0.04s Sys=0.00s Real=0.01s
[2023-11-15T22:35:41.561+0000][7][safepoint   ] Safepoint "G1CollectForAllocation", Time since last: 13802176347 ns, Reaching safepoint: 151790 ns, At safepoint: 9411880 ns, Total: 9563670 ns
[2023-11-15T22:35:47.562+0000][7][safepoint   ] Safepoint "Cleanup", Time since last: 6000644474 ns, Reaching safepoint: 57947 ns, At safepoint: 6393 ns, Total: 64340 ns
[2023-11-15T22:35:50.562+0000][7][safepoint   ] Safepoint "Cleanup", Time since last: 3000392948 ns, Reaching safepoint: 65237 ns, At safepoint: 3949 ns, Total: 69186 ns
[2023-11-15T22:35:58.017+0000][7][gc,start    ] GC(119) Pause Young (Normal) (G1 Evacuation Pause)
[2023-11-15T22:35:58.017+0000][7][gc,task     ] GC(119) Using 8 workers of 8 for evacuation
[2023-11-15T22:35:58.017+0000][7][gc,age      ] GC(119) Desired survivor size 18874368 bytes, new threshold 15 (max threshold 15)
[2023-11-15T22:35:58.030+0000][7][gc,age      ] GC(119) Age table with threshold 15 (max threshold 15)
[2023-11-15T22:35:58.030+0000][7][gc,age      ] GC(119) - age   1:    2838296 bytes,    2838296 total
[2023-11-15T22:35:58.030+0000][7][gc,age      ] GC(119) - age   2:     376896 bytes,    3215192 total
[2023-11-15T22:35:58.030+0000][7][gc,age      ] GC(119) - age   3:     267736 bytes,    3482928 total
[2023-11-15T22:35:58.030+0000][7][gc,age      ] GC(119) - age   4:     218504 bytes,    3701432 total
[2023-11-15T22:35:58.030+0000][7][gc,age      ] GC(119) - age   5:     326176 bytes,    4027608 total
[2023-11-15T22:35:58.030+0000][7][gc,age      ] GC(119) - age   6:     205368 bytes,    4232976 total
[2023-11-15T22:35:58.030+0000][7][gc,age      ] GC(119) - age   7:     267584 bytes,    4500560 total
[2023-11-15T22:35:58.030+0000][7][gc,age      ] GC(119) - age   8:    2588720 bytes,    7089280 total
[2023-11-15T22:35:58.030+0000][7][gc,age      ] GC(119) - age   9:     271216 bytes,    7360496 total
[2023-11-15T22:35:58.030+0000][7][gc,age      ] GC(119) - age  10:     300504 bytes,    7661000 total
[2023-11-15T22:35:58.030+0000][7][gc,age      ] GC(119) - age  11:    1529656 bytes,    9190656 total
[2023-11-15T22:35:58.030+0000][7][gc,age      ] GC(119) - age  12:     271312 bytes,    9461968 total
[2023-11-15T22:35:58.030+0000][7][gc,age      ] GC(119) - age  13:     300640 bytes,    9762608 total
[2023-11-15T22:35:58.030+0000][7][gc,age      ] GC(119) - age  14:     558856 bytes,   10321464 total
[2023-11-15T22:35:58.030+0000][7][gc,age      ] GC(119) - age  15:     268064 bytes,   10589528 total
[2023-11-15T22:35:58.030+0000][7][gc,phases   ] GC(119)   Pre Evacuate Collection Set: 0.1ms
[2023-11-15T22:35:58.030+0000][7][gc,phases   ] GC(119)   Merge Heap Roots: 0.0ms
[2023-11-15T22:35:58.030+0000][7][gc,phases   ] GC(119)   Evacuate Collection Set: 11.6ms
[2023-11-15T22:35:58.030+0000][7][gc,phases   ] GC(119)   Post Evacuate Collection Set: 0.7ms
[2023-11-15T22:35:58.030+0000][7][gc,phases   ] GC(119)   Other: 0.3ms
[2023-11-15T22:35:58.030+0000][7][gc,heap     ] GC(119) Eden regions: 64->0(64)
[2023-11-15T22:35:58.030+0000][7][gc,heap     ] GC(119) Survivor regions: 3->3(9)
[2023-11-15T22:35:58.030+0000][7][gc,heap     ] GC(119) Old regions: 31->31
[2023-11-15T22:35:58.030+0000][7][gc,heap     ] GC(119) Archive regions: 2->2
[2023-11-15T22:35:58.030+0000][7][gc,heap     ] GC(119) Humongous regions: 5->5
[2023-11-15T22:35:58.030+0000][7][gc,metaspace] GC(119) Metaspace: 117067K(118656K)->117067K(118656K) NonClass: 101548K(102528K)->101548K(102528K) Class: 15519K(16128K)->15519K(16128K)
[2023-11-15T22:35:58.030+0000][7][gc          ] GC(119) Pause Young (Normal) (G1 Evacuation Pause) 413M->157M(512M) 12.757ms
[2023-11-15T22:35:58.030+0000][7][gc,cpu      ] GC(119) User=0.03s Sys=0.00s Real=0.01s
[2023-11-15T22:35:58.030+0000][7][safepoint   ] Safepoint "G1CollectForAllocation", Time since last: 7454997395 ns, Reaching safepoint: 48561 ns, At safepoint: 12862681 ns, Total: 12911242 ns
[2023-11-15T22:36:03.031+0000][7][safepoint   ] Safepoint "Cleanup", Time since last: 5000545604 ns, Reaching safepoint: 204568 ns, At safepoint: 31448 ns, Total: 236016 ns
[2023-11-15T22:36:13.818+0000][7][gc,start    ] GC(120) Pause Young (Normal) (G1 Evacuation Pause)
[2023-11-15T22:36:13.818+0000][7][gc,task     ] GC(120) Using 8 workers of 8 for evacuation
[2023-11-15T22:36:13.818+0000][7][gc,age      ] GC(120) Desired survivor size 18874368 bytes, new threshold 15 (max threshold 15)
[2023-11-15T22:36:13.826+0000][7][gc,age      ] GC(120) Age table with threshold 15 (max threshold 15)
[2023-11-15T22:36:13.827+0000][7][gc,age      ] GC(120) - age   1:    1309968 bytes,    1309968 total
[2023-11-15T22:36:13.827+0000][7][gc,age      ] GC(120) - age   2:    2149688 bytes,    3459656 total
[2023-11-15T22:36:13.827+0000][7][gc,age      ] GC(120) - age   3:     211920 bytes,    3671576 total
[2023-11-15T22:36:13.827+0000][7][gc,age      ] GC(120) - age   4:     267072 bytes,    3938648 total
[2023-11-15T22:36:13.827+0000][7][gc,age      ] GC(120) - age   5:     217816 bytes,    4156464 total
[2023-11-15T22:36:13.827+0000][7][gc,age      ] GC(120) - age   6:     325984 bytes,    4482448 total
[2023-11-15T22:36:13.827+0000][7][gc,age      ] GC(120) - age   7:     204960 bytes,    4687408 total
[2023-11-15T22:36:13.827+0000][7][gc,age      ] GC(120) - age   8:     267520 bytes,    4954928 total
[2023-11-15T22:36:13.827+0000][7][gc,age      ] GC(120) - age   9:    2588720 bytes,    7543648 total
[2023-11-15T22:36:13.827+0000][7][gc,age      ] GC(120) - age  10:     271216 bytes,    7814864 total
[2023-11-15T22:36:13.827+0000][7][gc,age      ] GC(120) - age  11:     300504 bytes,    8115368 total
[2023-11-15T22:36:13.827+0000][7][gc,age      ] GC(120) - age  12:    1529656 bytes,    9645024 total
[2023-11-15T22:36:13.827+0000][7][gc,age      ] GC(120) - age  13:     271312 bytes,    9916336 total
[2023-11-15T22:36:13.827+0000][7][gc,age      ] GC(120) - age  14:     300640 bytes,   10216976 total
[2023-11-15T22:36:13.827+0000][7][gc,age      ] GC(120) - age  15:     332168 bytes,   10549144 total
[2023-11-15T22:36:13.827+0000][7][gc,phases   ] GC(120)   Pre Evacuate Collection Set: 0.2ms
[2023-11-15T22:36:13.827+0000][7][gc,phases   ] GC(120)   Merge Heap Roots: 0.1ms
[2023-11-15T22:36:13.827+0000][7][gc,phases   ] GC(120)   Evacuate Collection Set: 7.0ms
[2023-11-15T22:36:13.827+0000][7][gc,phases   ] GC(120)   Post Evacuate Collection Set: 1.4ms
[2023-11-15T22:36:13.827+0000][7][gc,phases   ] GC(120)   Other: 0.7ms
[2023-11-15T22:36:13.827+0000][7][gc,heap     ] GC(120) Eden regions: 64->0(64)
[2023-11-15T22:36:13.827+0000][7][gc,heap     ] GC(120) Survivor regions: 3->3(9)
[2023-11-15T22:36:13.827+0000][7][gc,heap     ] GC(120) Old regions: 31->31
[2023-11-15T22:36:13.827+0000][7][gc,heap     ] GC(120) Archive regions: 2->2
[2023-11-15T22:36:13.827+0000][7][gc,heap     ] GC(120) Humongous regions: 5->5
[2023-11-15T22:36:13.827+0000][7][gc,metaspace] GC(120) Metaspace: 117068K(118656K)->117068K(118656K) NonClass: 101549K(102528K)->101549K(102528K) Class: 15519K(16128K)->15519K(16128K)
[2023-11-15T22:36:13.827+0000][7][gc          ] GC(120) Pause Young (Normal) (G1 Evacuation Pause) 413M->157M(512M) 9.542ms
[2023-11-15T22:36:13.827+0000][7][gc,cpu      ] GC(120) User=0.02s Sys=0.01s Real=0.01s
[2023-11-15T22:36:13.827+0000][7][safepoint   ] Safepoint "G1CollectForAllocation", Time since last: 10786382313 ns, Reaching safepoint: 113203 ns, At safepoint: 9731967 ns, Total: 9845170 ns
[2023-11-15T22:36:17.828+0000][7][safepoint   ] Safepoint "Cleanup", Time since last: 4000403445 ns, Reaching safepoint: 169839 ns, At safepoint: 22863 ns, Total: 192702 ns
[2023-11-15T22:36:25.829+0000][7][safepoint   ] Safepoint "Cleanup", Time since last: 8000984857 ns, Reaching safepoint: 105425 ns, At safepoint: 5084 ns, Total: 110509 ns
[2023-11-15T22:36:29.792+0000][7][gc,start    ] GC(121) Pause Young (Normal) (G1 Evacuation Pause)
[2023-11-15T22:36:29.792+0000][7][gc,task     ] GC(121) Using 8 workers of 8 for evacuation
[2023-11-15T22:36:29.792+0000][7][gc,age      ] GC(121) Desired survivor size 18874368 bytes, new threshold 15 (max threshold 15)
[2023-11-15T22:36:29.807+0000][7][gc,age      ] GC(121) Age table with threshold 15 (max threshold 15)
[2023-11-15T22:36:29.807+0000][7][gc,age      ] GC(121) - age   1:    1669160 bytes,    1669160 total
[2023-11-15T22:36:29.807+0000][7][gc,age      ] GC(121) - age   2:     646464 bytes,    2315624 total
[2023-11-15T22:36:29.807+0000][7][gc,age      ] GC(121) - age   3:    2008904 bytes,    4324528 total
[2023-11-15T22:36:29.807+0000][7][gc,age      ] GC(121) - age   4:     210968 bytes,    4535496 total
[2023-11-15T22:36:29.807+0000][7][gc,age      ] GC(121) - age   5:     266384 bytes,    4801880 total
[2023-11-15T22:36:29.807+0000][7][gc,age      ] GC(121) - age   6:     217816 bytes,    5019696 total
[2023-11-15T22:36:29.807+0000][7][gc,age      ] GC(121) - age   7:     325952 bytes,    5345648 total
[2023-11-15T22:36:29.807+0000][7][gc,age      ] GC(121) - age   8:     204960 bytes,    5550608 total
[2023-11-15T22:36:29.807+0000][7][gc,age      ] GC(121) - age   9:     267520 bytes,    5818128 total
[2023-11-15T22:36:29.807+0000][7][gc,age      ] GC(121) - age  10:    2588720 bytes,    8406848 total
[2023-11-15T22:36:29.807+0000][7][gc,age      ] GC(121) - age  11:     271216 bytes,    8678064 total
[2023-11-15T22:36:29.807+0000][7][gc,age      ] GC(121) - age  12:     300416 bytes,    8978480 total
[2023-11-15T22:36:29.807+0000][7][gc,age      ] GC(121) - age  13:    1196728 bytes,   10175208 total
[2023-11-15T22:36:29.807+0000][7][gc,age      ] GC(121) - age  14:     271312 bytes,   10446520 total
[2023-11-15T22:36:29.807+0000][7][gc,age      ] GC(121) - age  15:     300640 bytes,   10747160 total
[2023-11-15T22:36:29.807+0000][7][gc,phases   ] GC(121)   Pre Evacuate Collection Set: 0.2ms
[2023-11-15T22:36:29.807+0000][7][gc,phases   ] GC(121)   Merge Heap Roots: 0.2ms
[2023-11-15T22:36:29.807+0000][7][gc,phases   ] GC(121)   Evacuate Collection Set: 13.3ms
[2023-11-15T22:36:29.807+0000][7][gc,phases   ] GC(121)   Post Evacuate Collection Set: 1.4ms
[2023-11-15T22:36:29.807+0000][7][gc,phases   ] GC(121)   Other: 0.7ms
[2023-11-15T22:36:29.807+0000][7][gc,heap     ] GC(121) Eden regions: 64->0(64)
[2023-11-15T22:36:29.807+0000][7][gc,heap     ] GC(121) Survivor regions: 3->3(9)
[2023-11-15T22:36:29.807+0000][7][gc,heap     ] GC(121) Old regions: 31->31
[2023-11-15T22:36:29.807+0000][7][gc,heap     ] GC(121) Archive regions: 2->2
[2023-11-15T22:36:29.807+0000][7][gc,heap     ] GC(121) Humongous regions: 5->5
[2023-11-15T22:36:29.807+0000][7][gc,metaspace] GC(121) Metaspace: 117071K(118656K)->117071K(118656K) NonClass: 101552K(102528K)->101552K(102528K) Class: 15519K(16128K)->15519K(16128K)
[2023-11-15T22:36:29.807+0000][7][gc          ] GC(121) Pause Young (Normal) (G1 Evacuation Pause) 413M->158M(512M) 15.783ms
[2023-11-15T22:36:29.808+0000][7][gc,cpu      ] GC(121) User=0.04s Sys=0.01s Real=0.02s
[2023-11-15T22:36:29.808+0000][7][safepoint   ] Safepoint "G1CollectForAllocation", Time since last: 3962597091 ns, Reaching safepoint: 128626 ns, At safepoint: 15991190 ns, Total: 16119816 ns
[2023-11-15T22:36:33.808+0000][7][safepoint   ] Safepoint "Cleanup", Time since last: 4000461972 ns, Reaching safepoint: 158678 ns, At safepoint: 15864 ns, Total: 174542 ns
[2023-11-15T22:36:34.808+0000][7][safepoint   ] Safepoint "Cleanup", Time since last: 1000235846 ns, Reaching safepoint: 56004 ns, At safepoint: 5059 ns, Total: 61063 ns
[2023-11-15T22:36:37.809+0000][7][safepoint   ] Safepoint "Cleanup", Time since last: 3000309585 ns, Reaching safepoint: 40557 ns, At safepoint: 4494 ns, Total: 45051 ns
[2023-11-15T22:36:45.297+0000][7][gc,start    ] GC(122) Pause Young (Normal) (G1 Evacuation Pause)
[2023-11-15T22:36:45.297+0000][7][gc,task     ] GC(122) Using 8 workers of 8 for evacuation
[2023-11-15T22:36:45.297+0000][7][gc,age      ] GC(122) Desired survivor size 18874368 bytes, new threshold 15 (max threshold 15)
[2023-11-15T22:36:45.305+0000][7][gc,age      ] GC(122) Age table with threshold 15 (max threshold 15)
[2023-11-15T22:36:45.305+0000][7][gc,age      ] GC(122) - age   1:    2909848 bytes,    2909848 total
[2023-11-15T22:36:45.305+0000][7][gc,age      ] GC(122) - age   2:     753616 bytes,    3663464 total
[2023-11-15T22:36:45.305+0000][7][gc,age      ] GC(122) - age   3:     462632 bytes,    4126096 total
[2023-11-15T22:36:45.305+0000][7][gc,age      ] GC(122) - age   4:    2008424 bytes,    6134520 total
[2023-11-15T22:36:45.305+0000][7][gc,age      ] GC(122) - age   5:     210280 bytes,    6344800 total
[2023-11-15T22:36:45.305+0000][7][gc,age      ] GC(122) - age   6:     266096 bytes,    6610896 total
[2023-11-15T22:36:45.305+0000][7][gc,age      ] GC(122) - age   7:     217112 bytes,    6828008 total
[2023-11-15T22:36:45.305+0000][7][gc,age      ] GC(122) - age   8:     325952 bytes,    7153960 total
[2023-11-15T22:36:45.305+0000][7][gc,age      ] GC(122) - age   9:     204776 bytes,    7358736 total
[2023-11-15T22:36:45.305+0000][7][gc,age      ] GC(122) - age  10:     267520 bytes,    7626256 total
[2023-11-15T22:36:45.305+0000][7][gc,age      ] GC(122) - age  11:    2587856 bytes,   10214112 total
[2023-11-15T22:36:45.305+0000][7][gc,age      ] GC(122) - age  12:     271216 bytes,   10485328 total
[2023-11-15T22:36:45.305+0000][7][gc,age      ] GC(122) - age  13:     300416 bytes,   10785744 total
[2023-11-15T22:36:45.305+0000][7][gc,age      ] GC(122) - age  14:    1196728 bytes,   11982472 total
[2023-11-15T22:36:45.306+0000][7][gc,age      ] GC(122) - age  15:     271312 bytes,   12253784 total
[2023-11-15T22:36:45.306+0000][7][gc,phases   ] GC(122)   Pre Evacuate Collection Set: 0.1ms
[2023-11-15T22:36:45.306+0000][7][gc,phases   ] GC(122)   Merge Heap Roots: 0.1ms
[2023-11-15T22:36:45.306+0000][7][gc,phases   ] GC(122)   Evacuate Collection Set: 8.2ms
[2023-11-15T22:36:45.306+0000][7][gc,phases   ] GC(122)   Post Evacuate Collection Set: 0.4ms
[2023-11-15T22:36:45.306+0000][7][gc,phases   ] GC(122)   Other: 0.2ms
[2023-11-15T22:36:45.306+0000][7][gc,heap     ] GC(122) Eden regions: 64->0(63)
[2023-11-15T22:36:45.306+0000][7][gc,heap     ] GC(122) Survivor regions: 3->3(9)
[2023-11-15T22:36:45.306+0000][7][gc,heap     ] GC(122) Old regions: 31->32
[2023-11-15T22:36:45.306+0000][7][gc,heap     ] GC(122) Archive regions: 2->2
[2023-11-15T22:36:45.306+0000][7][gc,heap     ] GC(122) Humongous regions: 5->5
[2023-11-15T22:36:45.306+0000][7][gc,metaspace] GC(122) Metaspace: 117071K(118656K)->117071K(118656K) NonClass: 101552K(102528K)->101552K(102528K) Class: 15519K(16128K)->15519K(16128K)
[2023-11-15T22:36:45.306+0000][7][gc          ] GC(122) Pause Young (Normal) (G1 Evacuation Pause) 414M->159M(512M) 9.022ms
[2023-11-15T22:36:45.306+0000][7][gc,cpu      ] GC(122) User=0.03s Sys=0.00s Real=0.01s
[2023-11-15T22:36:45.306+0000][7][safepoint   ] Safepoint "G1CollectForAllocation", Time since last: 7487670424 ns, Reaching safepoint: 23743 ns, At safepoint: 9088187 ns, Total: 9111930 ns
[2023-11-15T22:36:47.306+0000][7][safepoint   ] Safepoint "Cleanup", Time since last: 2000198311 ns, Reaching safepoint: 61021 ns, At safepoint: 7627 ns, Total: 68648 ns
[2023-11-15T22:36:53.307+0000][7][safepoint   ] Safepoint "Cleanup", Time since last: 6000771494 ns, Reaching safepoint: 230507 ns, At safepoint: 14038 ns, Total: 244545 ns
[2023-11-15T22:37:00.664+0000][7][gc,start    ] GC(123) Pause Young (Concurrent Start) (G1 Evacuation Pause)
[2023-11-15T22:37:00.664+0000][7][gc,task     ] GC(123) Using 8 workers of 8 for evacuation
[2023-11-15T22:37:00.664+0000][7][gc,age      ] GC(123) Desired survivor size 18874368 bytes, new threshold 15 (max threshold 15)
[2023-11-15T22:37:00.680+0000][7][gc,age      ] GC(123) Age table with threshold 15 (max threshold 15)
[2023-11-15T22:37:00.681+0000][7][gc,age      ] GC(123) - age   1:    1025880 bytes,    1025880 total
[2023-11-15T22:37:00.681+0000][7][gc,age      ] GC(123) - age   2:    2265096 bytes,    3290976 total
[2023-11-15T22:37:00.681+0000][7][gc,age      ] GC(123) - age   3:     610944 bytes,    3901920 total
[2023-11-15T22:37:00.681+0000][7][gc,age      ] GC(123) - age   4:     462632 bytes,    4364552 total
[2023-11-15T22:37:00.681+0000][7][gc,age      ] GC(123) - age   5:    2008296 bytes,    6372848 total
[2023-11-15T22:37:00.681+0000][7][gc,age      ] GC(123) - age   6:     210152 bytes,    6583000 total
[2023-11-15T22:37:00.681+0000][7][gc,age      ] GC(123) - age   7:     266008 bytes,    6849008 total
[2023-11-15T22:37:00.681+0000][7][gc,age      ] GC(123) - age   8:     217112 bytes,    7066120 total
[2023-11-15T22:37:00.681+0000][7][gc,age      ] GC(123) - age   9:     325888 bytes,    7392008 total
[2023-11-15T22:37:00.681+0000][7][gc,age      ] GC(123) - age  10:     204776 bytes,    7596784 total
[2023-11-15T22:37:00.681+0000][7][gc,age      ] GC(123) - age  11:     267520 bytes,    7864304 total
[2023-11-15T22:37:00.681+0000][7][gc,age      ] GC(123) - age  12:    2587856 bytes,   10452160 total
[2023-11-15T22:37:00.681+0000][7][gc,age      ] GC(123) - age  13:     267520 bytes,   10719680 total
[2023-11-15T22:37:00.681+0000][7][gc,age      ] GC(123) - age  14:     300416 bytes,   11020096 total
[2023-11-15T22:37:00.681+0000][7][gc,age      ] GC(123) - age  15:    1196728 bytes,   12216824 total
[2023-11-15T22:37:00.681+0000][7][gc,phases   ] GC(123)   Pre Evacuate Collection Set: 0.4ms
[2023-11-15T22:37:00.681+0000][7][gc,phases   ] GC(123)   Merge Heap Roots: 0.2ms
[2023-11-15T22:37:00.681+0000][7][gc,phases   ] GC(123)   Evacuate Collection Set: 13.8ms
[2023-11-15T22:37:00.681+0000][7][gc,phases   ] GC(123)   Post Evacuate Collection Set: 1.3ms
[2023-11-15T22:37:00.681+0000][7][gc,phases   ] GC(123)   Other: 1.7ms
[2023-11-15T22:37:00.681+0000][7][gc,heap     ] GC(123) Eden regions: 63->0(63)
[2023-11-15T22:37:00.681+0000][7][gc,heap     ] GC(123) Survivor regions: 3->3(9)
[2023-11-15T22:37:00.681+0000][7][gc,heap     ] GC(123) Old regions: 32->32
[2023-11-15T22:37:00.681+0000][7][gc,heap     ] GC(123) Archive regions: 2->2
[2023-11-15T22:37:00.681+0000][7][gc,heap     ] GC(123) Humongous regions: 5->5
[2023-11-15T22:37:00.681+0000][7][gc,metaspace] GC(123) Metaspace: 117075K(118656K)->117075K(118656K) NonClass: 101555K(102528K)->101555K(102528K) Class: 15519K(16128K)->15519K(16128K)
[2023-11-15T22:37:00.681+0000][7][gc          ] GC(123) Pause Young (Concurrent Start) (G1 Evacuation Pause) 411M->160M(512M) 17.574ms
[2023-11-15T22:37:00.681+0000][7][gc,cpu      ] GC(123) User=0.04s Sys=0.01s Real=0.02s
[2023-11-15T22:37:00.681+0000][7][safepoint   ] Safepoint "G1CollectForAllocation", Time since last: 7356399068 ns, Reaching safepoint: 85268 ns, At safepoint: 17799913 ns, Total: 17885181 ns
[2023-11-15T22:37:00.681+0000][7][gc          ] GC(124) Concurrent Mark Cycle
[2023-11-15T22:37:00.682+0000][7][gc,marking  ] GC(124) Concurrent Clear Claimed Marks
[2023-11-15T22:37:00.683+0000][7][gc,marking  ] GC(124) Concurrent Clear Claimed Marks 0.996ms
[2023-11-15T22:37:00.683+0000][7][gc,marking  ] GC(124) Concurrent Scan Root Regions
[2023-11-15T22:37:00.698+0000][7][gc,marking  ] GC(124) Concurrent Scan Root Regions 14.921ms
[2023-11-15T22:37:00.698+0000][7][gc,marking  ] GC(124) Concurrent Mark
[2023-11-15T22:37:00.698+0000][7][gc,marking  ] GC(124) Concurrent Mark From Roots
[2023-11-15T22:37:00.698+0000][7][gc,task     ] GC(124) Using 2 workers of 2 for marking
[2023-11-15T22:37:00.797+0000][7][gc,marking  ] GC(124) Concurrent Mark From Roots 99.770ms
[2023-11-15T22:37:00.797+0000][7][gc,marking  ] GC(124) Concurrent Preclean
[2023-11-15T22:37:00.801+0000][7][gc,marking  ] GC(124) Concurrent Preclean 3.952ms
[2023-11-15T22:37:00.801+0000][7][gc,start    ] GC(124) Pause Remark
[2023-11-15T22:37:00.973+0000][7][gc          ] GC(124) Pause Remark 164M->164M(512M) 171.386ms
[2023-11-15T22:37:00.973+0000][7][gc,cpu      ] GC(124) User=0.12s Sys=0.13s Real=0.17s
[2023-11-15T22:37:00.973+0000][7][safepoint   ] Safepoint "G1Concurrent", Time since last: 120178364 ns, Reaching safepoint: 88366 ns, At safepoint: 171489707 ns, Total: 171578073 ns
[2023-11-15T22:37:00.973+0000][7][gc,marking  ] GC(124) Concurrent Mark 275.440ms
[2023-11-15T22:37:00.973+0000][7][gc,marking  ] GC(124) Concurrent Rebuild Remembered Sets
[2023-11-15T22:37:01.009+0000][7][gc,marking  ] GC(124) Concurrent Rebuild Remembered Sets 35.857ms
[2023-11-15T22:37:01.012+0000][7][gc,start    ] GC(124) Pause Cleanup
[2023-11-15T22:37:01.012+0000][7][gc          ] GC(124) Pause Cleanup 164M->164M(512M) 0.092ms
[2023-11-15T22:37:01.012+0000][7][gc,cpu      ] GC(124) User=0.00s Sys=0.00s Real=0.00s
[2023-11-15T22:37:01.012+0000][7][safepoint   ] Safepoint "G1Concurrent", Time since last: 35959955 ns, Reaching safepoint: 3326331 ns, At safepoint: 154185 ns, Total: 3480516 ns
[2023-11-15T22:37:01.012+0000][7][gc,marking  ] GC(124) Concurrent Cleanup for Next Mark
[2023-11-15T22:37:01.021+0000][7][gc,marking  ] GC(124) Concurrent Cleanup for Next Mark 9.019ms
[2023-11-15T22:37:01.021+0000][7][gc          ] GC(124) Concurrent Mark Cycle 340.035ms
[2023-11-15T22:37:01.769+0000][7][safepoint   ] Safepoint "ICBufferFull", Time since last: 756172632 ns, Reaching safepoint: 514930 ns, At safepoint: 27700 ns, Total: 542630 ns
[2023-11-15T22:37:02.770+0000][7][safepoint   ] Safepoint "Cleanup", Time since last: 1000152707 ns, Reaching safepoint: 274557 ns, At safepoint: 17768 ns, Total: 292325 ns
[2023-11-15T22:37:04.770+0000][7][safepoint   ] Safepoint "Cleanup", Time since last: 2000232944 ns, Reaching safepoint: 236631 ns, At safepoint: 20698 ns, Total: 257329 ns
[2023-11-15T22:37:05.090+0000][7][safepoint   ] Safepoint "ICBufferFull", Time since last: 319492195 ns, Reaching safepoint: 292997 ns, At safepoint: 15213 ns, Total: 308210 ns
[2023-11-15T22:37:06.090+0000][7][safepoint   ] Safepoint "Cleanup", Time since last: 1000217063 ns, Reaching safepoint: 355494 ns, At safepoint: 26062 ns, Total: 381556 ns
[2023-11-15T22:37:07.091+0000][7][safepoint   ] Safepoint "Cleanup", Time since last: 1000226420 ns, Reaching safepoint: 125878 ns, At safepoint: 13877 ns, Total: 139755 ns
[2023-11-15T22:37:08.091+0000][7][safepoint   ] Safepoint "Cleanup", Time since last: 1000187580 ns, Reaching safepoint: 237342 ns, At safepoint: 26946 ns, Total: 264288 ns
[2023-11-15T22:37:09.092+0000][7][safepoint   ] Safepoint "Cleanup", Time since last: 1000258425 ns, Reaching safepoint: 178025 ns, At safepoint: 19509 ns, Total: 197534 ns
[2023-11-15T22:37:12.092+0000][7][safepoint   ] Safepoint "Cleanup", Time since last: 3000387770 ns, Reaching safepoint: 83168 ns, At safepoint: 18146 ns, Total: 101314 ns
[2023-11-15T22:37:12.523+0000][7][gc,start    ] GC(125) Pause Young (Normal) (G1 Evacuation Pause)
[2023-11-15T22:37:12.523+0000][7][gc,task     ] GC(125) Using 8 workers of 8 for evacuation
[2023-11-15T22:37:12.523+0000][7][gc,age      ] GC(125) Desired survivor size 18874368 bytes, new threshold 15 (max threshold 15)
[2023-11-15T22:37:12.536+0000][7][gc,age      ] GC(125) Age table with threshold 15 (max threshold 15)
[2023-11-15T22:37:12.536+0000][7][gc,age      ] GC(125) - age   1:    3721000 bytes,    3721000 total
[2023-11-15T22:37:12.536+0000][7][gc,age      ] GC(125) - age   2:     338768 bytes,    4059768 total
[2023-11-15T22:37:12.536+0000][7][gc,age      ] GC(125) - age   3:    2101416 bytes,    6161184 total
[2023-11-15T22:37:12.536+0000][7][gc,age      ] GC(125) - age   4:     609944 bytes,    6771128 total
[2023-11-15T22:37:12.536+0000][7][gc,age      ] GC(125) - age   5:     461440 bytes,    7232568 total
[2023-11-15T22:37:12.536+0000][7][gc,age      ] GC(125) - age   6:    2008232 bytes,    9240800 total
[2023-11-15T22:37:12.536+0000][7][gc,age      ] GC(125) - age   7:     209944 bytes,    9450744 total
[2023-11-15T22:37:12.536+0000][7][gc,age      ] GC(125) - age   8:     266008 bytes,    9716752 total
[2023-11-15T22:37:12.536+0000][7][gc,age      ] GC(125) - age   9:     217112 bytes,    9933864 total
[2023-11-15T22:37:12.536+0000][7][gc,age      ] GC(125) - age  10:     325888 bytes,   10259752 total
[2023-11-15T22:37:12.536+0000][7][gc,age      ] GC(125) - age  11:     204776 bytes,   10464528 total
[2023-11-15T22:37:12.536+0000][7][gc,age      ] GC(125) - age  12:     267520 bytes,   10732048 total
[2023-11-15T22:37:12.536+0000][7][gc,age      ] GC(125) - age  13:     202008 bytes,   10934056 total
[2023-11-15T22:37:12.536+0000][7][gc,age      ] GC(125) - age  14:     267520 bytes,   11201576 total
[2023-11-15T22:37:12.536+0000][7][gc,age      ] GC(125) - age  15:     300416 bytes,   11501992 total
[2023-11-15T22:37:12.537+0000][7][gc,phases   ] GC(125)   Pre Evacuate Collection Set: 0.2ms
[2023-11-15T22:37:12.537+0000][7][gc,phases   ] GC(125)   Merge Heap Roots: 0.2ms
[2023-11-15T22:37:12.537+0000][7][gc,phases   ] GC(125)   Evacuate Collection Set: 11.7ms
[2023-11-15T22:37:12.537+0000][7][gc,phases   ] GC(125)   Post Evacuate Collection Set: 1.3ms
[2023-11-15T22:37:12.537+0000][7][gc,phases   ] GC(125)   Other: 0.6ms
[2023-11-15T22:37:12.537+0000][7][gc,heap     ] GC(125) Eden regions: 63->0(63)
[2023-11-15T22:37:12.537+0000][7][gc,heap     ] GC(125) Survivor regions: 3->3(9)
[2023-11-15T22:37:12.537+0000][7][gc,heap     ] GC(125) Old regions: 32->32
[2023-11-15T22:37:12.537+0000][7][gc,heap     ] GC(125) Archive regions: 2->2
[2023-11-15T22:37:12.537+0000][7][gc,heap     ] GC(125) Humongous regions: 5->5
[2023-11-15T22:37:12.537+0000][7][gc,metaspace] GC(125) Metaspace: 116956K(118656K)->116956K(118656K) NonClass: 101465K(102528K)->101465K(102528K) Class: 15491K(16128K)->15491K(16128K)
[2023-11-15T22:37:12.537+0000][7][gc          ] GC(125) Pause Young (Normal) (G1 Evacuation Pause) 412M->160M(512M) 14.093ms
[2023-11-15T22:37:12.537+0000][7][gc,cpu      ] GC(125) User=0.05s Sys=0.00s Real=0.02s
[2023-11-15T22:37:12.537+0000][7][safepoint   ] Safepoint "G1CollectForAllocation", Time since last: 430215857 ns, Reaching safepoint: 75382 ns, At safepoint: 14341120 ns, Total: 14416502 ns
[2023-11-15T22:37:17.538+0000][7][safepoint   ] Safepoint "Cleanup", Time since last: 5000523175 ns, Reaching safepoint: 143114 ns, At safepoint: 32755 ns, Total: 175869 ns
[2023-11-15T22:37:23.539+0000][7][safepoint   ] Safepoint "Cleanup", Time since last: 6000767089 ns, Reaching safepoint: 274541 ns, At safepoint: 32651 ns, Total: 307192 ns
[2023-11-15T22:37:26.539+0000][7][safepoint   ] Safepoint "Cleanup", Time since last: 3000350546 ns, Reaching safepoint: 113919 ns, At safepoint: 15252 ns, Total: 129171 ns
[2023-11-15T22:37:28.161+0000][7][gc,start    ] GC(126) Pause Young (Concurrent Start) (G1 Evacuation Pause)
[2023-11-15T22:37:28.161+0000][7][gc,task     ] GC(126) Using 8 workers of 8 for evacuation
[2023-11-15T22:37:28.161+0000][7][gc,age      ] GC(126) Desired survivor size 18874368 bytes, new threshold 15 (max threshold 15)
[2023-11-15T22:37:28.173+0000][7][gc,age      ] GC(126) Age table with threshold 15 (max threshold 15)
[2023-11-15T22:37:28.173+0000][7][gc,age      ] GC(126) - age   1:     871744 bytes,     871744 total
[2023-11-15T22:37:28.173+0000][7][gc,age      ] GC(126) - age   2:    2970504 bytes,    3842248 total
[2023-11-15T22:37:28.173+0000][7][gc,age      ] GC(126) - age   3:     321616 bytes,    4163864 total
[2023-11-15T22:37:28.173+0000][7][gc,age      ] GC(126) - age   4:    2100840 bytes,    6264704 total
[2023-11-15T22:37:28.173+0000][7][gc,age      ] GC(126) - age   5:     609568 bytes,    6874272 total
[2023-11-15T22:37:28.173+0000][7][gc,age      ] GC(126) - age   6:     461312 bytes,    7335584 total
[2023-11-15T22:37:28.173+0000][7][gc,age      ] GC(126) - age   7:    2008168 bytes,    9343752 total
[2023-11-15T22:37:28.173+0000][7][gc,age      ] GC(126) - age   8:     209880 bytes,    9553632 total
[2023-11-15T22:37:28.173+0000][7][gc,age      ] GC(126) - age   9:     266008 bytes,    9819640 total
[2023-11-15T22:37:28.173+0000][7][gc,age      ] GC(126) - age  10:     217112 bytes,   10036752 total
[2023-11-15T22:37:28.173+0000][7][gc,age      ] GC(126) - age  11:     325840 bytes,   10362592 total
[2023-11-15T22:37:28.173+0000][7][gc,age      ] GC(126) - age  12:     204776 bytes,   10567368 total
[2023-11-15T22:37:28.173+0000][7][gc,age      ] GC(126) - age  13:     267520 bytes,   10834888 total
[2023-11-15T22:37:28.173+0000][7][gc,age      ] GC(126) - age  14:     202008 bytes,   11036896 total
[2023-11-15T22:37:28.173+0000][7][gc,age      ] GC(126) - age  15:     267520 bytes,   11304416 total
[2023-11-15T22:37:28.173+0000][7][gc,phases   ] GC(126)   Pre Evacuate Collection Set: 0.3ms
[2023-11-15T22:37:28.173+0000][7][gc,phases   ] GC(126)   Merge Heap Roots: 0.2ms
[2023-11-15T22:37:28.173+0000][7][gc,phases   ] GC(126)   Evacuate Collection Set: 10.0ms
[2023-11-15T22:37:28.173+0000][7][gc,phases   ] GC(126)   Post Evacuate Collection Set: 1.3ms
[2023-11-15T22:37:28.173+0000][7][gc,phases   ] GC(126)   Other: 0.6ms
[2023-11-15T22:37:28.173+0000][7][gc,heap     ] GC(126) Eden regions: 63->0(63)
[2023-11-15T22:37:28.173+0000][7][gc,heap     ] GC(126) Survivor regions: 3->3(9)
[2023-11-15T22:37:28.173+0000][7][gc,heap     ] GC(126) Old regions: 32->32
[2023-11-15T22:37:28.173+0000][7][gc,heap     ] GC(126) Archive regions: 2->2
[2023-11-15T22:37:28.173+0000][7][gc,heap     ] GC(126) Humongous regions: 5->5
[2023-11-15T22:37:28.174+0000][7][gc,metaspace] GC(126) Metaspace: 116960K(118656K)->116960K(118656K) NonClass: 101469K(102528K)->101469K(102528K) Class: 15491K(16128K)->15491K(16128K)
[2023-11-15T22:37:28.174+0000][7][gc          ] GC(126) Pause Young (Concurrent Start) (G1 Evacuation Pause) 412M->160M(512M) 12.475ms
[2023-11-15T22:37:28.174+0000][7][gc,cpu      ] GC(126) User=0.03s Sys=0.01s Real=0.01s
[2023-11-15T22:37:28.174+0000][7][safepoint   ] Safepoint "G1CollectForAllocation", Time since last: 1621818309 ns, Reaching safepoint: 92987 ns, At safepoint: 12658953 ns, Total: 12751940 ns
[2023-11-15T22:37:28.174+0000][7][gc          ] GC(127) Concurrent Mark Cycle
[2023-11-15T22:37:28.174+0000][7][gc,marking  ] GC(127) Concurrent Clear Claimed Marks
[2023-11-15T22:37:28.174+0000][7][gc,marking  ] GC(127) Concurrent Clear Claimed Marks 0.186ms
[2023-11-15T22:37:28.174+0000][7][gc,marking  ] GC(127) Concurrent Scan Root Regions
[2023-11-15T22:37:28.178+0000][7][gc,marking  ] GC(127) Concurrent Scan Root Regions 3.905ms
[2023-11-15T22:37:28.178+0000][7][gc,marking  ] GC(127) Concurrent Mark
[2023-11-15T22:37:28.178+0000][7][gc,marking  ] GC(127) Concurrent Mark From Roots
[2023-11-15T22:37:28.178+0000][7][gc,task     ] GC(127) Using 2 workers of 2 for marking
[2023-11-15T22:37:28.252+0000][7][gc,marking  ] GC(127) Concurrent Mark From Roots 74.340ms
[2023-11-15T22:37:28.252+0000][7][gc,marking  ] GC(127) Concurrent Preclean
[2023-11-15T22:37:28.253+0000][7][gc,marking  ] GC(127) Concurrent Preclean 0.206ms
[2023-11-15T22:37:28.253+0000][7][gc,start    ] GC(127) Pause Remark
[2023-11-15T22:37:28.257+0000][7][gc          ] GC(127) Pause Remark 164M->164M(512M) 4.772ms
[2023-11-15T22:37:28.257+0000][7][gc,cpu      ] GC(127) User=0.03s Sys=0.00s Real=0.01s
[2023-11-15T22:37:28.257+0000][7][safepoint   ] Safepoint "G1Concurrent", Time since last: 78926249 ns, Reaching safepoint: 17310 ns, At safepoint: 4838683 ns, Total: 4855993 ns
[2023-11-15T22:37:28.257+0000][7][gc,marking  ] GC(127) Concurrent Mark 79.499ms
[2023-11-15T22:37:28.257+0000][7][gc,marking  ] GC(127) Concurrent Rebuild Remembered Sets
[2023-11-15T22:37:28.289+0000][7][gc,marking  ] GC(127) Concurrent Rebuild Remembered Sets 31.180ms
[2023-11-15T22:37:28.289+0000][7][gc,start    ] GC(127) Pause Cleanup
[2023-11-15T22:37:28.289+0000][7][gc          ] GC(127) Pause Cleanup 164M->164M(512M) 0.106ms
[2023-11-15T22:37:28.289+0000][7][gc,cpu      ] GC(127) User=0.00s Sys=0.00s Real=0.00s
[2023-11-15T22:37:28.289+0000][7][safepoint   ] Safepoint "G1Concurrent", Time since last: 31244071 ns, Reaching safepoint: 17454 ns, At safepoint: 138134 ns, Total: 155588 ns
[2023-11-15T22:37:28.289+0000][7][gc,marking  ] GC(127) Concurrent Cleanup for Next Mark
[2023-11-15T22:37:28.295+0000][7][gc,marking  ] GC(127) Concurrent Cleanup for Next Mark 5.886ms
[2023-11-15T22:37:28.295+0000][7][gc          ] GC(127) Concurrent Mark Cycle 121.126ms
[2023-11-15T22:37:35.290+0000][7][safepoint   ] Safepoint "Cleanup", Time since last: 7000832888 ns, Reaching safepoint: 155613 ns, At safepoint: 76048 ns, Total: 231661 ns
[2023-11-15T22:37:38.292+0000][7][safepoint   ] Safepoint "Cleanup", Time since last: 3001542282 ns, Reaching safepoint: 58095 ns, At safepoint: 6587 ns, Total: 64682 ns
[2023-11-15T22:37:43.739+0000][7][gc,start    ] GC(128) Pause Young (Normal) (G1 Evacuation Pause)
[2023-11-15T22:37:43.740+0000][7][gc,task     ] GC(128) Using 8 workers of 8 for evacuation
[2023-11-15T22:37:43.740+0000][7][gc,age      ] GC(128) Desired survivor size 18874368 bytes, new threshold 15 (max threshold 15)
[2023-11-15T22:37:43.748+0000][7][gc,age      ] GC(128) Age table with threshold 15 (max threshold 15)
[2023-11-15T22:37:43.748+0000][7][gc,age      ] GC(128) - age   1:    1864976 bytes,    1864976 total
[2023-11-15T22:37:43.748+0000][7][gc,age      ] GC(128) - age   2:     375840 bytes,    2240816 total
[2023-11-15T22:37:43.748+0000][7][gc,age      ] GC(128) - age   3:    2955048 bytes,    5195864 total
[2023-11-15T22:37:43.748+0000][7][gc,age      ] GC(128) - age   4:     205336 bytes,    5401200 total
[2023-11-15T22:37:43.748+0000][7][gc,age      ] GC(128) - age   5:    2100376 bytes,    7501576 total
[2023-11-15T22:37:43.748+0000][7][gc,age      ] GC(128) - age   6:     609192 bytes,    8110768 total
[2023-11-15T22:37:43.748+0000][7][gc,age      ] GC(128) - age   7:     461248 bytes,    8572016 total
[2023-11-15T22:37:43.748+0000][7][gc,age      ] GC(128) - age   8:    2008168 bytes,   10580184 total
[2023-11-15T22:37:43.748+0000][7][gc,age      ] GC(128) - age   9:     209880 bytes,   10790064 total
[2023-11-15T22:37:43.748+0000][7][gc,age      ] GC(128) - age  10:     266008 bytes,   11056072 total
[2023-11-15T22:37:43.748+0000][7][gc,age      ] GC(128) - age  11:     216800 bytes,   11272872 total
[2023-11-15T22:37:43.748+0000][7][gc,age      ] GC(128) - age  12:     325840 bytes,   11598712 total
[2023-11-15T22:37:43.748+0000][7][gc,age      ] GC(128) - age  13:     204776 bytes,   11803488 total
[2023-11-15T22:37:43.748+0000][7][gc,age      ] GC(128) - age  14:     267488 bytes,   12070976 total
[2023-11-15T22:37:43.748+0000][7][gc,age      ] GC(128) - age  15:     202008 bytes,   12272984 total
[2023-11-15T22:37:43.749+0000][7][gc,phases   ] GC(128)   Pre Evacuate Collection Set: 0.3ms
[2023-11-15T22:37:43.749+0000][7][gc,phases   ] GC(128)   Merge Heap Roots: 0.2ms
[2023-11-15T22:37:43.749+0000][7][gc,phases   ] GC(128)   Evacuate Collection Set: 6.2ms
[2023-11-15T22:37:43.749+0000][7][gc,phases   ] GC(128)   Post Evacuate Collection Set: 1.5ms
[2023-11-15T22:37:43.749+0000][7][gc,phases   ] GC(128)   Other: 0.8ms
[2023-11-15T22:37:43.749+0000][7][gc,heap     ] GC(128) Eden regions: 63->0(61)
[2023-11-15T22:37:43.749+0000][7][gc,heap     ] GC(128) Survivor regions: 3->4(9)
[2023-11-15T22:37:43.749+0000][7][gc,heap     ] GC(128) Old regions: 32->32
[2023-11-15T22:37:43.749+0000][7][gc,heap     ] GC(128) Archive regions: 2->2
[2023-11-15T22:37:43.749+0000][7][gc,heap     ] GC(128) Humongous regions: 5->5
[2023-11-15T22:37:43.749+0000][7][gc,metaspace] GC(128) Metaspace: 116971K(118656K)->116971K(118656K) NonClass: 101480K(102528K)->101480K(102528K) Class: 15491K(16128K)->15491K(16128K)
[2023-11-15T22:37:43.749+0000][7][gc          ] GC(128) Pause Young (Normal) (G1 Evacuation Pause) 412M->162M(512M) 9.261ms
[2023-11-15T22:37:43.749+0000][7][gc,cpu      ] GC(128) User=0.04s Sys=0.01s Real=0.01s
[2023-11-15T22:37:43.749+0000][7][safepoint   ] Safepoint "G1CollectForAllocation", Time since last: 5447701059 ns, Reaching safepoint: 155037 ns, At safepoint: 9501475 ns, Total: 9656512 ns
[2023-11-15T22:37:46.750+0000][7][safepoint   ] Safepoint "Cleanup", Time since last: 3000350336 ns, Reaching safepoint: 336586 ns, At safepoint: 34769 ns, Total: 371355 ns
[2023-11-15T22:37:47.750+0000][7][safepoint   ] Safepoint "Cleanup", Time since last: 1000288147 ns, Reaching safepoint: 142458 ns, At safepoint: 17527 ns, Total: 159985 ns
[2023-11-15T22:37:58.942+0000][7][gc,start    ] GC(129) Pause Young (Concurrent Start) (G1 Evacuation Pause)
[2023-11-15T22:37:58.943+0000][7][gc,task     ] GC(129) Using 8 workers of 8 for evacuation
[2023-11-15T22:37:58.943+0000][7][gc,age      ] GC(129) Desired survivor size 18874368 bytes, new threshold 15 (max threshold 15)
[2023-11-15T22:37:58.951+0000][7][gc,age      ] GC(129) Age table with threshold 15 (max threshold 15)
[2023-11-15T22:37:58.951+0000][7][gc,age      ] GC(129) - age   1:    1623208 bytes,    1623208 total
[2023-11-15T22:37:58.951+0000][7][gc,age      ] GC(129) - age   2:    1642080 bytes,    3265288 total
[2023-11-15T22:37:58.951+0000][7][gc,age      ] GC(129) - age   3:     360888 bytes,    3626176 total
[2023-11-15T22:37:58.951+0000][7][gc,age      ] GC(129) - age   4:    2954232 bytes,    6580408 total
[2023-11-15T22:37:58.951+0000][7][gc,age      ] GC(129) - age   5:     205144 bytes,    6785552 total
[2023-11-15T22:37:58.951+0000][7][gc,age      ] GC(129) - age   6:    2100120 bytes,    8885672 total
[2023-11-15T22:37:58.951+0000][7][gc,age      ] GC(129) - age   7:     609160 bytes,    9494832 total
[2023-11-15T22:37:58.951+0000][7][gc,age      ] GC(129) - age   8:     461248 bytes,    9956080 total
[2023-11-15T22:37:58.951+0000][7][gc,age      ] GC(129) - age   9:    2008168 bytes,   11964248 total
[2023-11-15T22:37:58.951+0000][7][gc,age      ] GC(129) - age  10:     209880 bytes,   12174128 total
[2023-11-15T22:37:58.951+0000][7][gc,age      ] GC(129) - age  11:     266008 bytes,   12440136 total
[2023-11-15T22:37:58.951+0000][7][gc,age      ] GC(129) - age  12:     216800 bytes,   12656936 total
[2023-11-15T22:37:58.951+0000][7][gc,age      ] GC(129) - age  13:     318560 bytes,   12975496 total
[2023-11-15T22:37:58.951+0000][7][gc,age      ] GC(129) - age  14:     204776 bytes,   13180272 total
[2023-11-15T22:37:58.951+0000][7][gc,age      ] GC(129) - age  15:     267488 bytes,   13447760 total
[2023-11-15T22:37:58.951+0000][7][gc,phases   ] GC(129)   Pre Evacuate Collection Set: 0.3ms
[2023-11-15T22:37:58.951+0000][7][gc,phases   ] GC(129)   Merge Heap Roots: 0.2ms
[2023-11-15T22:37:58.951+0000][7][gc,phases   ] GC(129)   Evacuate Collection Set: 6.5ms
[2023-11-15T22:37:58.951+0000][7][gc,phases   ] GC(129)   Post Evacuate Collection Set: 1.3ms
[2023-11-15T22:37:58.951+0000][7][gc,phases   ] GC(129)   Other: 0.7ms
[2023-11-15T22:37:58.951+0000][7][gc,heap     ] GC(129) Eden regions: 61->0(61)
[2023-11-15T22:37:58.952+0000][7][gc,heap     ] GC(129) Survivor regions: 4->4(9)
[2023-11-15T22:37:58.952+0000][7][gc,heap     ] GC(129) Old regions: 32->32
[2023-11-15T22:37:58.952+0000][7][gc,heap     ] GC(129) Archive regions: 2->2
[2023-11-15T22:37:58.952+0000][7][gc,heap     ] GC(129) Humongous regions: 5->5
[2023-11-15T22:37:58.952+0000][7][gc,metaspace] GC(129) Metaspace: 116979K(118656K)->116979K(118656K) NonClass: 101488K(102528K)->101488K(102528K) Class: 15491K(16128K)->15491K(16128K)
[2023-11-15T22:37:58.952+0000][7][gc          ] GC(129) Pause Young (Concurrent Start) (G1 Evacuation Pause) 406M->164M(512M) 9.170ms
[2023-11-15T22:37:58.952+0000][7][gc,cpu      ] GC(129) User=0.05s Sys=0.00s Real=0.01s
[2023-11-15T22:37:58.952+0000][7][gc          ] GC(130) Concurrent Mark Cycle
[2023-11-15T22:37:58.952+0000][7][gc,marking  ] GC(130) Concurrent Clear Claimed Marks
[2023-11-15T22:37:58.952+0000][7][safepoint   ] Safepoint "G1CollectForAllocation", Time since last: 11192163241 ns, Reaching safepoint: 147239 ns, At safepoint: 9380476 ns, Total: 9527715 ns
[2023-11-15T22:37:58.952+0000][7][gc,marking  ] GC(130) Concurrent Clear Claimed Marks 0.189ms
[2023-11-15T22:37:58.952+0000][7][gc,marking  ] GC(130) Concurrent Scan Root Regions
[2023-11-15T22:37:58.958+0000][7][gc,marking  ] GC(130) Concurrent Scan Root Regions 5.660ms
[2023-11-15T22:37:58.958+0000][7][gc,marking  ] GC(130) Concurrent Mark
[2023-11-15T22:37:58.958+0000][7][gc,marking  ] GC(130) Concurrent Mark From Roots
[2023-11-15T22:37:58.958+0000][7][gc,task     ] GC(130) Using 2 workers of 2 for marking
[2023-11-15T22:37:59.038+0000][7][gc,marking  ] GC(130) Concurrent Mark From Roots 79.954ms
[2023-11-15T22:37:59.038+0000][7][gc,marking  ] GC(130) Concurrent Preclean
[2023-11-15T22:37:59.038+0000][7][gc,marking  ] GC(130) Concurrent Preclean 0.156ms
[2023-11-15T22:37:59.038+0000][7][gc,start    ] GC(130) Pause Remark
[2023-11-15T22:37:59.043+0000][7][gc          ] GC(130) Pause Remark 167M->167M(512M) 4.960ms
[2023-11-15T22:37:59.043+0000][7][gc,cpu      ] GC(130) User=0.03s Sys=0.00s Real=0.00s
[2023-11-15T22:37:59.043+0000][7][safepoint   ] Safepoint "G1Concurrent", Time since last: 86230984 ns, Reaching safepoint: 20995 ns, At safepoint: 5027931 ns, Total: 5048926 ns
[2023-11-15T22:37:59.043+0000][7][gc,marking  ] GC(130) Concurrent Mark 85.303ms
[2023-11-15T22:37:59.043+0000][7][gc,marking  ] GC(130) Concurrent Rebuild Remembered Sets
[2023-11-15T22:37:59.074+0000][7][gc,marking  ] GC(130) Concurrent Rebuild Remembered Sets 31.249ms
[2023-11-15T22:37:59.074+0000][7][gc,start    ] GC(130) Pause Cleanup
[2023-11-15T22:37:59.075+0000][7][gc          ] GC(130) Pause Cleanup 167M->167M(512M) 0.071ms
[2023-11-15T22:37:59.075+0000][7][gc,cpu      ] GC(130) User=0.00s Sys=0.00s Real=0.00s
[2023-11-15T22:37:59.075+0000][7][safepoint   ] Safepoint "G1Concurrent", Time since last: 31395341 ns, Reaching safepoint: 49383 ns, At safepoint: 132011 ns, Total: 181394 ns
[2023-11-15T22:37:59.075+0000][7][gc,marking  ] GC(130) Concurrent Cleanup for Next Mark
[2023-11-15T22:37:59.075+0000][7][gc,marking  ] GC(130) Concurrent Cleanup for Next Mark 0.491ms
[2023-11-15T22:37:59.075+0000][7][gc          ] GC(130) Concurrent Mark Cycle 123.391ms
[2023-11-15T22:38:07.076+0000][7][safepoint   ] Safepoint "Cleanup", Time since last: 8001034377 ns, Reaching safepoint: 171301 ns, At safepoint: 44944 ns, Total: 216245 ns
[2023-11-15T22:38:11.077+0000][7][safepoint   ] Safepoint "Cleanup", Time since last: 4001261281 ns, Reaching safepoint: 124841 ns, At safepoint: 15022 ns, Total: 139863 ns
[2023-11-15T22:38:14.474+0000][7][gc,start    ] GC(131) Pause Young (Normal) (G1 Evacuation Pause)
[2023-11-15T22:38:14.474+0000][7][gc,task     ] GC(131) Using 8 workers of 8 for evacuation
[2023-11-15T22:38:14.474+0000][7][gc,age      ] GC(131) Desired survivor size 18874368 bytes, new threshold 15 (max threshold 15)
[2023-11-15T22:38:14.480+0000][7][gc,age      ] GC(131) Age table with threshold 15 (max threshold 15)
[2023-11-15T22:38:14.480+0000][7][gc,age      ] GC(131) - age   1:    1889728 bytes,    1889728 total
[2023-11-15T22:38:14.480+0000][7][gc,age      ] GC(131) - age   2:     340176 bytes,    2229904 total
[2023-11-15T22:38:14.480+0000][7][gc,age      ] GC(131) - age   3:    1439920 bytes,    3669824 total
[2023-11-15T22:38:14.480+0000][7][gc,age      ] GC(131) - age   4:     234760 bytes,    3904584 total
[2023-11-15T22:38:14.480+0000][7][gc,age      ] GC(131) - age   5:    2953856 bytes,    6858440 total
[2023-11-15T22:38:14.480+0000][7][gc,age      ] GC(131) - age   6:     204952 bytes,    7063392 total
[2023-11-15T22:38:14.480+0000][7][gc,age      ] GC(131) - age   7:    2100120 bytes,    9163512 total
[2023-11-15T22:38:14.480+0000][7][gc,age      ] GC(131) - age   8:     609160 bytes,    9772672 total
[2023-11-15T22:38:14.480+0000][7][gc,age      ] GC(131) - age   9:     460984 bytes,   10233656 total
[2023-11-15T22:38:14.480+0000][7][gc,age      ] GC(131) - age  10:    2008168 bytes,   12241824 total
[2023-11-15T22:38:14.480+0000][7][gc,age      ] GC(131) - age  11:     209568 bytes,   12451392 total
[2023-11-15T22:38:14.480+0000][7][gc,age      ] GC(131) - age  12:     266008 bytes,   12717400 total
[2023-11-15T22:38:14.480+0000][7][gc,age      ] GC(131) - age  13:     216800 bytes,   12934200 total
[2023-11-15T22:38:14.480+0000][7][gc,age      ] GC(131) - age  14:     300248 bytes,   13234448 total
[2023-11-15T22:38:14.480+0000][7][gc,age      ] GC(131) - age  15:     204776 bytes,   13439224 total
[2023-11-15T22:38:14.480+0000][7][gc,phases   ] GC(131)   Pre Evacuate Collection Set: 0.1ms
[2023-11-15T22:38:14.480+0000][7][gc,phases   ] GC(131)   Merge Heap Roots: 0.1ms
[2023-11-15T22:38:14.480+0000][7][gc,phases   ] GC(131)   Evacuate Collection Set: 4.6ms
[2023-11-15T22:38:14.480+0000][7][gc,phases   ] GC(131)   Post Evacuate Collection Set: 0.5ms
[2023-11-15T22:38:14.480+0000][7][gc,phases   ] GC(131)   Other: 0.3ms
[2023-11-15T22:38:14.480+0000][7][gc,heap     ] GC(131) Eden regions: 61->0(61)
[2023-11-15T22:38:14.480+0000][7][gc,heap     ] GC(131) Survivor regions: 4->4(9)
[2023-11-15T22:38:14.480+0000][7][gc,heap     ] GC(131) Old regions: 32->32
[2023-11-15T22:38:14.480+0000][7][gc,heap     ] GC(131) Archive regions: 2->2
[2023-11-15T22:38:14.480+0000][7][gc,heap     ] GC(131) Humongous regions: 5->5
[2023-11-15T22:38:14.480+0000][7][gc,metaspace] GC(131) Metaspace: 116980K(118656K)->116980K(118656K) NonClass: 101488K(102528K)->101488K(102528K) Class: 15491K(16128K)->15491K(16128K)
[2023-11-15T22:38:14.480+0000][7][gc          ] GC(131) Pause Young (Normal) (G1 Evacuation Pause) 407M->163M(512M) 5.629ms
[2023-11-15T22:38:14.480+0000][7][gc,cpu      ] GC(131) User=0.04s Sys=0.00s Real=0.01s
[2023-11-15T22:38:14.480+0000][7][safepoint   ] Safepoint "G1CollectForAllocation", Time since last: 3396741173 ns, Reaching safepoint: 62058 ns, At safepoint: 5732485 ns, Total: 5794543 ns
[2023-11-15T22:38:17.480+0000][7][safepoint   ] Safepoint "Cleanup", Time since last: 3000385593 ns, Reaching safepoint: 214709 ns, At safepoint: 22658 ns, Total: 237367 ns
[2023-11-15T22:38:28.853+0000][7][gc,start    ] GC(132) Pause Young (Concurrent Start) (G1 Evacuation Pause)
[2023-11-15T22:38:28.853+0000][7][gc,task     ] GC(132) Using 8 workers of 8 for evacuation
[2023-11-15T22:38:28.853+0000][7][gc,age      ] GC(132) Desired survivor size 18874368 bytes, new threshold 15 (max threshold 15)
[2023-11-15T22:38:28.863+0000][7][gc,age      ] GC(132) Age table with threshold 15 (max threshold 15)
[2023-11-15T22:38:28.863+0000][7][gc,age      ] GC(132) - age   1:    1548288 bytes,    1548288 total
[2023-11-15T22:38:28.863+0000][7][gc,age      ] GC(132) - age   2:     349200 bytes,    1897488 total
[2023-11-15T22:38:28.863+0000][7][gc,age      ] GC(132) - age   3:     321992 bytes,    2219480 total
[2023-11-15T22:38:28.863+0000][7][gc,age      ] GC(132) - age   4:    1318952 bytes,    3538432 total
[2023-11-15T22:38:28.863+0000][7][gc,age      ] GC(132) - age   5:     234320 bytes,    3772752 total
[2023-11-15T22:38:28.863+0000][7][gc,age      ] GC(132) - age   6:    2953856 bytes,    6726608 total
[2023-11-15T22:38:28.863+0000][7][gc,age      ] GC(132) - age   7:     204888 bytes,    6931496 total
[2023-11-15T22:38:28.863+0000][7][gc,age      ] GC(132) - age   8:    2100120 bytes,    9031616 total
[2023-11-15T22:38:28.863+0000][7][gc,age      ] GC(132) - age   9:     609160 bytes,    9640776 total
[2023-11-15T22:38:28.863+0000][7][gc,age      ] GC(132) - age  10:     460920 bytes,   10101696 total
[2023-11-15T22:38:28.863+0000][7][gc,age      ] GC(132) - age  11:    2008168 bytes,   12109864 total
[2023-11-15T22:38:28.863+0000][7][gc,age      ] GC(132) - age  12:     209504 bytes,   12319368 total
[2023-11-15T22:38:28.863+0000][7][gc,age      ] GC(132) - age  13:     266008 bytes,   12585376 total
[2023-11-15T22:38:28.863+0000][7][gc,age      ] GC(132) - age  14:     216800 bytes,   12802176 total
[2023-11-15T22:38:28.863+0000][7][gc,age      ] GC(132) - age  15:     300248 bytes,   13102424 total
[2023-11-15T22:38:28.863+0000][7][gc,phases   ] GC(132)   Pre Evacuate Collection Set: 0.3ms
[2023-11-15T22:38:28.863+0000][7][gc,phases   ] GC(132)   Merge Heap Roots: 0.1ms
[2023-11-15T22:38:28.863+0000][7][gc,phases   ] GC(132)   Evacuate Collection Set: 9.1ms
[2023-11-15T22:38:28.863+0000][7][gc,phases   ] GC(132)   Post Evacuate Collection Set: 0.9ms
[2023-11-15T22:38:28.863+0000][7][gc,phases   ] GC(132)   Other: 0.5ms
[2023-11-15T22:38:28.863+0000][7][gc,heap     ] GC(132) Eden regions: 61->0(61)
[2023-11-15T22:38:28.863+0000][7][gc,heap     ] GC(132) Survivor regions: 4->4(9)
[2023-11-15T22:38:28.863+0000][7][gc,heap     ] GC(132) Old regions: 32->32
[2023-11-15T22:38:28.863+0000][7][gc,heap     ] GC(132) Archive regions: 2->2
[2023-11-15T22:38:28.863+0000][7][gc,heap     ] GC(132) Humongous regions: 5->5
[2023-11-15T22:38:28.863+0000][7][gc,metaspace] GC(132) Metaspace: 116980K(118656K)->116980K(118656K) NonClass: 101489K(102528K)->101489K(102528K) Class: 15491K(16128K)->15491K(16128K)
[2023-11-15T22:38:28.863+0000][7][gc          ] GC(132) Pause Young (Concurrent Start) (G1 Evacuation Pause) 407M->163M(512M) 10.944ms
[2023-11-15T22:38:28.864+0000][7][gc,cpu      ] GC(132) User=0.04s Sys=0.00s Real=0.01s
[2023-11-15T22:38:28.864+0000][7][safepoint   ] Safepoint "G1CollectForAllocation", Time since last: 11372017098 ns, Reaching safepoint: 55402 ns, At safepoint: 11096938 ns, Total: 11152340 ns
[2023-11-15T22:38:28.864+0000][7][gc          ] GC(133) Concurrent Mark Cycle
[2023-11-15T22:38:28.864+0000][7][gc,marking  ] GC(133) Concurrent Clear Claimed Marks
[2023-11-15T22:38:28.864+0000][7][gc,marking  ] GC(133) Concurrent Clear Claimed Marks 0.130ms
[2023-11-15T22:38:28.864+0000][7][gc,marking  ] GC(133) Concurrent Scan Root Regions
[2023-11-15T22:38:28.868+0000][7][gc,marking  ] GC(133) Concurrent Scan Root Regions 4.097ms
[2023-11-15T22:38:28.870+0000][7][gc,marking  ] GC(133) Concurrent Mark
[2023-11-15T22:38:28.870+0000][7][gc,marking  ] GC(133) Concurrent Mark From Roots
[2023-11-15T22:38:28.870+0000][7][gc,task     ] GC(133) Using 2 workers of 2 for marking
[2023-11-15T22:38:28.945+0000][7][gc,marking  ] GC(133) Concurrent Mark From Roots 74.674ms
[2023-11-15T22:38:28.945+0000][7][gc,marking  ] GC(133) Concurrent Preclean
[2023-11-15T22:38:28.945+0000][7][gc,marking  ] GC(133) Concurrent Preclean 0.158ms
[2023-11-15T22:38:28.945+0000][7][gc,start    ] GC(133) Pause Remark
[2023-11-15T22:38:28.950+0000][7][gc          ] GC(133) Pause Remark 169M->169M(512M) 4.947ms
[2023-11-15T22:38:28.950+0000][7][gc,cpu      ] GC(133) User=0.04s Sys=0.00s Real=0.00s
[2023-11-15T22:38:28.950+0000][7][safepoint   ] Safepoint "G1Concurrent", Time since last: 81506092 ns, Reaching safepoint: 19601 ns, At safepoint: 5015703 ns, Total: 5035304 ns
[2023-11-15T22:38:28.950+0000][7][gc,marking  ] GC(133) Concurrent Mark 79.957ms
[2023-11-15T22:38:28.950+0000][7][gc,marking  ] GC(133) Concurrent Rebuild Remembered Sets
[2023-11-15T22:38:28.983+0000][7][gc,marking  ] GC(133) Concurrent Rebuild Remembered Sets 33.069ms
[2023-11-15T22:38:28.983+0000][7][gc,start    ] GC(133) Pause Cleanup
[2023-11-15T22:38:28.984+0000][7][gc          ] GC(133) Pause Cleanup 170M->170M(512M) 0.071ms
[2023-11-15T22:38:28.984+0000][7][gc,cpu      ] GC(133) User=0.00s Sys=0.00s Real=0.00s
[2023-11-15T22:38:28.984+0000][7][safepoint   ] Safepoint "G1Concurrent", Time since last: 33165420 ns, Reaching safepoint: 127535 ns, At safepoint: 138443 ns, Total: 265978 ns
[2023-11-15T22:38:28.984+0000][7][gc,marking  ] GC(133) Concurrent Cleanup for Next Mark
[2023-11-15T22:38:28.984+0000][7][gc,marking  ] GC(133) Concurrent Cleanup for Next Mark 0.547ms
[2023-11-15T22:38:28.984+0000][7][gc          ] GC(133) Concurrent Mark Cycle 120.602ms
[2023-11-15T22:38:37.985+0000][7][safepoint   ] Safepoint "Cleanup", Time since last: 9001387828 ns, Reaching safepoint: 91553 ns, At safepoint: 12715 ns, Total: 104268 ns
[2023-11-15T22:38:45.627+0000][7][gc,start    ] GC(134) Pause Young (Normal) (G1 Evacuation Pause)
[2023-11-15T22:38:45.627+0000][7][gc,task     ] GC(134) Using 8 workers of 8 for evacuation
[2023-11-15T22:38:45.627+0000][7][gc,age      ] GC(134) Desired survivor size 18874368 bytes, new threshold 15 (max threshold 15)
[2023-11-15T22:38:45.638+0000][7][gc,age      ] GC(134) Age table with threshold 15 (max threshold 15)
[2023-11-15T22:38:45.638+0000][7][gc,age      ] GC(134) - age   1:    1312688 bytes,    1312688 total
[2023-11-15T22:38:45.638+0000][7][gc,age      ] GC(134) - age   2:     354288 bytes,    1666976 total
[2023-11-15T22:38:45.638+0000][7][gc,age      ] GC(134) - age   3:     332136 bytes,    1999112 total
[2023-11-15T22:38:45.638+0000][7][gc,age      ] GC(134) - age   4:     321800 bytes,    2320912 total
[2023-11-15T22:38:45.638+0000][7][gc,age      ] GC(134) - age   5:    1317872 bytes,    3638784 total
[2023-11-15T22:38:45.638+0000][7][gc,age      ] GC(134) - age   6:     234128 bytes,    3872912 total
[2023-11-15T22:38:45.638+0000][7][gc,age      ] GC(134) - age   7:    2953152 bytes,    6826064 total
[2023-11-15T22:38:45.638+0000][7][gc,age      ] GC(134) - age   8:     204888 bytes,    7030952 total
[2023-11-15T22:38:45.638+0000][7][gc,age      ] GC(134) - age   9:    2099936 bytes,    9130888 total
[2023-11-15T22:38:45.638+0000][7][gc,age      ] GC(134) - age  10:     609160 bytes,    9740048 total
[2023-11-15T22:38:45.638+0000][7][gc,age      ] GC(134) - age  11:     460920 bytes,   10200968 total
[2023-11-15T22:38:45.638+0000][7][gc,age      ] GC(134) - age  12:    2008168 bytes,   12209136 total
[2023-11-15T22:38:45.638+0000][7][gc,age      ] GC(134) - age  13:     204856 bytes,   12413992 total
[2023-11-15T22:38:45.638+0000][7][gc,age      ] GC(134) - age  14:     266008 bytes,   12680000 total
[2023-11-15T22:38:45.638+0000][7][gc,age      ] GC(134) - age  15:     216800 bytes,   12896800 total
[2023-11-15T22:38:45.638+0000][7][gc,phases   ] GC(134)   Pre Evacuate Collection Set: 0.2ms
[2023-11-15T22:38:45.638+0000][7][gc,phases   ] GC(134)   Merge Heap Roots: 0.2ms
[2023-11-15T22:38:45.638+0000][7][gc,phases   ] GC(134)   Evacuate Collection Set: 8.5ms
[2023-11-15T22:38:45.638+0000][7][gc,phases   ] GC(134)   Post Evacuate Collection Set: 1.8ms
[2023-11-15T22:38:45.638+0000][7][gc,phases   ] GC(134)   Other: 0.7ms
[2023-11-15T22:38:45.638+0000][7][gc,heap     ] GC(134) Eden regions: 61->0(61)
[2023-11-15T22:38:45.638+0000][7][gc,heap     ] GC(134) Survivor regions: 4->4(9)
[2023-11-15T22:38:45.638+0000][7][gc,heap     ] GC(134) Old regions: 32->32
[2023-11-15T22:38:45.638+0000][7][gc,heap     ] GC(134) Archive regions: 2->2
[2023-11-15T22:38:45.638+0000][7][gc,heap     ] GC(134) Humongous regions: 5->5
[2023-11-15T22:38:45.638+0000][7][gc,metaspace] GC(134) Metaspace: 116984K(118656K)->116984K(118656K) NonClass: 101493K(102528K)->101493K(102528K) Class: 15491K(16128K)->15491K(16128K)
[2023-11-15T22:38:45.639+0000][7][gc          ] GC(134) Pause Young (Normal) (G1 Evacuation Pause) 407M->163M(512M) 11.510ms
[2023-11-15T22:38:45.639+0000][7][gc,cpu      ] GC(134) User=0.05s Sys=0.00s Real=0.01s
[2023-11-15T22:38:45.639+0000][7][safepoint   ] Safepoint "G1CollectForAllocation", Time since last: 7641754298 ns, Reaching safepoint: 130932 ns, At safepoint: 11720247 ns, Total: 11851179 ns
[2023-11-15T22:38:46.639+0000][7][safepoint   ] Safepoint "Cleanup", Time since last: 1000221473 ns, Reaching safepoint: 44840 ns, At safepoint: 6509 ns, Total: 51349 ns
[2023-11-15T22:38:47.639+0000][7][safepoint   ] Safepoint "Cleanup", Time since last: 1000200298 ns, Reaching safepoint: 106491 ns, At safepoint: 24054 ns, Total: 130545 ns
[2023-11-15T22:38:50.640+0000][7][safepoint   ] Safepoint "Cleanup", Time since last: 3000491976 ns, Reaching safepoint: 84258 ns, At safepoint: 12086 ns, Total: 96344 ns
[2023-11-15T22:39:00.618+0000][7][gc,start    ] GC(135) Pause Young (Concurrent Start) (G1 Evacuation Pause)
[2023-11-15T22:39:00.618+0000][7][gc,task     ] GC(135) Using 8 workers of 8 for evacuation
[2023-11-15T22:39:00.619+0000][7][gc,age      ] GC(135) Desired survivor size 18874368 bytes, new threshold 15 (max threshold 15)
[2023-11-15T22:39:00.626+0000][7][gc,age      ] GC(135) Age table with threshold 15 (max threshold 15)
[2023-11-15T22:39:00.626+0000][7][gc,age      ] GC(135) - age   1:    1149960 bytes,    1149960 total
[2023-11-15T22:39:00.627+0000][7][gc,age      ] GC(135) - age   2:     374168 bytes,    1524128 total
[2023-11-15T22:39:00.627+0000][7][gc,age      ] GC(135) - age   3:     316728 bytes,    1840856 total
[2023-11-15T22:39:00.627+0000][7][gc,age      ] GC(135) - age   4:     253688 bytes,    2094544 total
[2023-11-15T22:39:00.627+0000][7][gc,age      ] GC(135) - age   5:     274392 bytes,    2368936 total
[2023-11-15T22:39:00.627+0000][7][gc,age      ] GC(135) - age   6:    1317744 bytes,    3686680 total
[2023-11-15T22:39:00.627+0000][7][gc,age      ] GC(135) - age   7:     233936 bytes,    3920616 total
[2023-11-15T22:39:00.627+0000][7][gc,age      ] GC(135) - age   8:    2953088 bytes,    6873704 total
[2023-11-15T22:39:00.627+0000][7][gc,age      ] GC(135) - age   9:     204824 bytes,    7078528 total
[2023-11-15T22:39:00.627+0000][7][gc,age      ] GC(135) - age  10:    2099872 bytes,    9178400 total
[2023-11-15T22:39:00.627+0000][7][gc,age      ] GC(135) - age  11:     609160 bytes,    9787560 total
[2023-11-15T22:39:00.627+0000][7][gc,age      ] GC(135) - age  12:     460920 bytes,   10248480 total
[2023-11-15T22:39:00.627+0000][7][gc,age      ] GC(135) - age  13:    2008168 bytes,   12256648 total
[2023-11-15T22:39:00.627+0000][7][gc,age      ] GC(135) - age  14:     204856 bytes,   12461504 total
[2023-11-15T22:39:00.627+0000][7][gc,age      ] GC(135) - age  15:     266008 bytes,   12727512 total
[2023-11-15T22:39:00.627+0000][7][gc,phases   ] GC(135)   Pre Evacuate Collection Set: 0.4ms
[2023-11-15T22:39:00.627+0000][7][gc,phases   ] GC(135)   Merge Heap Roots: 0.2ms
[2023-11-15T22:39:00.627+0000][7][gc,phases   ] GC(135)   Evacuate Collection Set: 5.9ms
[2023-11-15T22:39:00.627+0000][7][gc,phases   ] GC(135)   Post Evacuate Collection Set: 1.3ms
[2023-11-15T22:39:00.627+0000][7][gc,phases   ] GC(135)   Other: 0.7ms
[2023-11-15T22:39:00.627+0000][7][gc,heap     ] GC(135) Eden regions: 61->0(61)
[2023-11-15T22:39:00.627+0000][7][gc,heap     ] GC(135) Survivor regions: 4->4(9)
[2023-11-15T22:39:00.627+0000][7][gc,heap     ] GC(135) Old regions: 32->32
[2023-11-15T22:39:00.627+0000][7][gc,heap     ] GC(135) Archive regions: 2->2
[2023-11-15T22:39:00.627+0000][7][gc,heap     ] GC(135) Humongous regions: 5->5
[2023-11-15T22:39:00.627+0000][7][gc,metaspace] GC(135) Metaspace: 116984K(118656K)->116984K(118656K) NonClass: 101493K(102528K)->101493K(102528K) Class: 15491K(16128K)->15491K(16128K)
[2023-11-15T22:39:00.627+0000][7][gc          ] GC(135) Pause Young (Concurrent Start) (G1 Evacuation Pause) 407M->163M(512M) 8.618ms
[2023-11-15T22:39:00.627+0000][7][gc,cpu      ] GC(135) User=0.04s Sys=0.00s Real=0.01s
[2023-11-15T22:39:00.627+0000][7][safepoint   ] Safepoint "G1CollectForAllocation", Time since last: 9978297405 ns, Reaching safepoint: 138500 ns, At safepoint: 8841268 ns, Total: 8979768 ns
[2023-11-15T22:39:00.627+0000][7][gc          ] GC(136) Concurrent Mark Cycle
[2023-11-15T22:39:00.627+0000][7][gc,marking  ] GC(136) Concurrent Clear Claimed Marks
[2023-11-15T22:39:00.627+0000][7][gc,marking  ] GC(136) Concurrent Clear Claimed Marks 0.178ms
[2023-11-15T22:39:00.627+0000][7][gc,marking  ] GC(136) Concurrent Scan Root Regions
[2023-11-15T22:39:00.633+0000][7][gc,marking  ] GC(136) Concurrent Scan Root Regions 5.892ms
[2023-11-15T22:39:00.633+0000][7][gc,marking  ] GC(136) Concurrent Mark
[2023-11-15T22:39:00.633+0000][7][gc,marking  ] GC(136) Concurrent Mark From Roots
[2023-11-15T22:39:00.633+0000][7][gc,task     ] GC(136) Using 2 workers of 2 for marking
[2023-11-15T22:39:00.712+0000][7][gc,marking  ] GC(136) Concurrent Mark From Roots 78.352ms
[2023-11-15T22:39:00.712+0000][7][gc,marking  ] GC(136) Concurrent Preclean
[2023-11-15T22:39:00.712+0000][7][gc,marking  ] GC(136) Concurrent Preclean 0.158ms
[2023-11-15T22:39:00.712+0000][7][gc,start    ] GC(136) Pause Remark
[2023-11-15T22:39:00.717+0000][7][gc          ] GC(136) Pause Remark 166M->166M(512M) 5.090ms
[2023-11-15T22:39:00.717+0000][7][gc,cpu      ] GC(136) User=0.03s Sys=0.00s Real=0.01s
[2023-11-15T22:39:00.717+0000][7][safepoint   ] Safepoint "G1Concurrent", Time since last: 84930245 ns, Reaching safepoint: 23436 ns, At safepoint: 5185799 ns, Total: 5209235 ns
[2023-11-15T22:39:00.717+0000][7][gc,marking  ] GC(136) Concurrent Mark 83.866ms
[2023-11-15T22:39:00.717+0000][7][gc,marking  ] GC(136) Concurrent Rebuild Remembered Sets
[2023-11-15T22:39:00.749+0000][7][gc,marking  ] GC(136) Concurrent Rebuild Remembered Sets 31.780ms
[2023-11-15T22:39:00.749+0000][7][gc,start    ] GC(136) Pause Cleanup
[2023-11-15T22:39:00.749+0000][7][gc          ] GC(136) Pause Cleanup 166M->166M(512M) 0.088ms
[2023-11-15T22:39:00.749+0000][7][gc,cpu      ] GC(136) User=0.00s Sys=0.00s Real=0.00s
[2023-11-15T22:39:00.749+0000][7][safepoint   ] Safepoint "G1Concurrent", Time since last: 31924480 ns, Reaching safepoint: 26810 ns, At safepoint: 158883 ns, Total: 185693 ns
[2023-11-15T22:39:00.749+0000][7][gc,marking  ] GC(136) Concurrent Cleanup for Next Mark
[2023-11-15T22:39:00.750+0000][7][gc,marking  ] GC(136) Concurrent Cleanup for Next Mark 0.300ms
[2023-11-15T22:39:00.750+0000][7][gc          ] GC(136) Concurrent Mark Cycle 122.569ms
[2023-11-15T22:39:16.724+0000][7][gc,start    ] GC(137) Pause Young (Normal) (G1 Evacuation Pause)
[2023-11-15T22:39:16.724+0000][7][gc,task     ] GC(137) Using 8 workers of 8 for evacuation
[2023-11-15T22:39:16.724+0000][7][gc,age      ] GC(137) Desired survivor size 18874368 bytes, new threshold 15 (max threshold 15)
[2023-11-15T22:39:16.732+0000][7][gc,age      ] GC(137) Age table with threshold 15 (max threshold 15)
[2023-11-15T22:39:16.732+0000][7][gc,age      ] GC(137) - age   1:    1136392 bytes,    1136392 total
[2023-11-15T22:39:16.732+0000][7][gc,age      ] GC(137) - age   2:     202560 bytes,    1338952 total
[2023-11-15T22:39:16.732+0000][7][gc,age      ] GC(137) - age   3:     359232 bytes,    1698184 total
[2023-11-15T22:39:16.732+0000][7][gc,age      ] GC(137) - age   4:     316040 bytes,    2014224 total
[2023-11-15T22:39:16.732+0000][7][gc,age      ] GC(137) - age   5:     252512 bytes,    2266736 total
[2023-11-15T22:39:16.732+0000][7][gc,age      ] GC(137) - age   6:     274328 bytes,    2541064 total
[2023-11-15T22:39:16.732+0000][7][gc,age      ] GC(137) - age   7:    1317680 bytes,    3858744 total
[2023-11-15T22:39:16.732+0000][7][gc,age      ] GC(137) - age   8:     233872 bytes,    4092616 total
[2023-11-15T22:39:16.732+0000][7][gc,age      ] GC(137) - age   9:    2953088 bytes,    7045704 total
[2023-11-15T22:39:16.732+0000][7][gc,age      ] GC(137) - age  10:     204824 bytes,    7250528 total
[2023-11-15T22:39:16.732+0000][7][gc,age      ] GC(137) - age  11:    2099872 bytes,    9350400 total
[2023-11-15T22:39:16.732+0000][7][gc,age      ] GC(137) - age  12:     609160 bytes,    9959560 total
[2023-11-15T22:39:16.732+0000][7][gc,age      ] GC(137) - age  13:     460920 bytes,   10420480 total
[2023-11-15T22:39:16.732+0000][7][gc,age      ] GC(137) - age  14:    2008168 bytes,   12428648 total
[2023-11-15T22:39:16.732+0000][7][gc,age      ] GC(137) - age  15:     204856 bytes,   12633504 total
[2023-11-15T22:39:16.732+0000][7][gc,phases   ] GC(137)   Pre Evacuate Collection Set: 0.2ms
[2023-11-15T22:39:16.732+0000][7][gc,phases   ] GC(137)   Merge Heap Roots: 0.2ms
[2023-11-15T22:39:16.732+0000][7][gc,phases   ] GC(137)   Evacuate Collection Set: 5.5ms
[2023-11-15T22:39:16.732+0000][7][gc,phases   ] GC(137)   Post Evacuate Collection Set: 1.2ms
[2023-11-15T22:39:16.732+0000][7][gc,phases   ] GC(137)   Other: 0.6ms
[2023-11-15T22:39:16.732+0000][7][gc,heap     ] GC(137) Eden regions: 61->0(61)
[2023-11-15T22:39:16.732+0000][7][gc,heap     ] GC(137) Survivor regions: 4->4(9)
[2023-11-15T22:39:16.732+0000][7][gc,heap     ] GC(137) Old regions: 32->32
[2023-11-15T22:39:16.732+0000][7][gc,heap     ] GC(137) Archive regions: 2->2
[2023-11-15T22:39:16.732+0000][7][gc,heap     ] GC(137) Humongous regions: 5->5
[2023-11-15T22:39:16.732+0000][7][gc,metaspace] GC(137) Metaspace: 116985K(118656K)->116985K(118656K) NonClass: 101494K(102528K)->101494K(102528K) Class: 15491K(16128K)->15491K(16128K)
[2023-11-15T22:39:16.732+0000][7][gc          ] GC(137) Pause Young (Normal) (G1 Evacuation Pause) 407M->164M(512M) 7.735ms
[2023-11-15T22:39:16.732+0000][7][gc,cpu      ] GC(137) User=0.04s Sys=0.00s Real=0.01s
[2023-11-15T22:39:16.732+0000][7][safepoint   ] Safepoint "G1CollectForAllocation", Time since last: 15974638081 ns, Reaching safepoint: 187243 ns, At safepoint: 7899268 ns, Total: 8086511 ns
[2023-11-15T22:39:23.733+0000][7][safepoint   ] Safepoint "Cleanup", Time since last: 7000921515 ns, Reaching safepoint: 152079 ns, At safepoint: 30015 ns, Total: 182094 ns
[2023-11-15T22:39:33.279+0000][7][gc,start    ] GC(138) Pause Young (Concurrent Start) (G1 Evacuation Pause)
[2023-11-15T22:39:33.279+0000][7][gc,task     ] GC(138) Using 8 workers of 8 for evacuation
[2023-11-15T22:39:33.279+0000][7][gc,age      ] GC(138) Desired survivor size 18874368 bytes, new threshold 15 (max threshold 15)
[2023-11-15T22:39:33.287+0000][7][gc,age      ] GC(138) Age table with threshold 15 (max threshold 15)
[2023-11-15T22:39:33.287+0000][7][gc,age      ] GC(138) - age   1:    2909624 bytes,    2909624 total
[2023-11-15T22:39:33.287+0000][7][gc,age      ] GC(138) - age   2:     412128 bytes,    3321752 total
[2023-11-15T22:39:33.287+0000][7][gc,age      ] GC(138) - age   3:     201296 bytes,    3523048 total
[2023-11-15T22:39:33.287+0000][7][gc,age      ] GC(138) - age   4:     275136 bytes,    3798184 total
[2023-11-15T22:39:33.287+0000][7][gc,age      ] GC(138) - age   5:     266288 bytes,    4064472 total
[2023-11-15T22:39:33.287+0000][7][gc,age      ] GC(138) - age   6:     252224 bytes,    4316696 total
[2023-11-15T22:39:33.287+0000][7][gc,age      ] GC(138) - age   7:     274328 bytes,    4591024 total
[2023-11-15T22:39:33.287+0000][7][gc,age      ] GC(138) - age   8:    1317552 bytes,    5908576 total
[2023-11-15T22:39:33.287+0000][7][gc,age      ] GC(138) - age   9:     233752 bytes,    6142328 total
[2023-11-15T22:39:33.287+0000][7][gc,age      ] GC(138) - age  10:    2953088 bytes,    9095416 total
[2023-11-15T22:39:33.287+0000][7][gc,age      ] GC(138) - age  11:     204824 bytes,    9300240 total
[2023-11-15T22:39:33.287+0000][7][gc,age      ] GC(138) - age  12:    2099872 bytes,   11400112 total
[2023-11-15T22:39:33.287+0000][7][gc,age      ] GC(138) - age  13:     609096 bytes,   12009208 total
[2023-11-15T22:39:33.287+0000][7][gc,age      ] GC(138) - age  14:     460920 bytes,   12470128 total
[2023-11-15T22:39:33.287+0000][7][gc,age      ] GC(138) - age  15:     266088 bytes,   12736216 total
[2023-11-15T22:39:33.287+0000][7][gc,phases   ] GC(138)   Pre Evacuate Collection Set: 0.4ms
[2023-11-15T22:39:33.287+0000][7][gc,phases   ] GC(138)   Merge Heap Roots: 0.2ms
[2023-11-15T22:39:33.287+0000][7][gc,phases   ] GC(138)   Evacuate Collection Set: 5.9ms
[2023-11-15T22:39:33.287+0000][7][gc,phases   ] GC(138)   Post Evacuate Collection Set: 1.3ms
[2023-11-15T22:39:33.287+0000][7][gc,phases   ] GC(138)   Other: 0.7ms
[2023-11-15T22:39:33.287+0000][7][gc,heap     ] GC(138) Eden regions: 61->0(61)
[2023-11-15T22:39:33.287+0000][7][gc,heap     ] GC(138) Survivor regions: 4->4(9)
[2023-11-15T22:39:33.287+0000][7][gc,heap     ] GC(138) Old regions: 32->32
[2023-11-15T22:39:33.287+0000][7][gc,heap     ] GC(138) Archive regions: 2->2
[2023-11-15T22:39:33.287+0000][7][gc,heap     ] GC(138) Humongous regions: 5->5
[2023-11-15T22:39:33.288+0000][7][gc,metaspace] GC(138) Metaspace: 116986K(118656K)->116986K(118656K) NonClass: 101495K(102528K)->101495K(102528K) Class: 15491K(16128K)->15491K(16128K)
[2023-11-15T22:39:33.288+0000][7][gc          ] GC(138) Pause Young (Concurrent Start) (G1 Evacuation Pause) 408M->164M(512M) 8.601ms
[2023-11-15T22:39:33.288+0000][7][gc,cpu      ] GC(138) User=0.04s Sys=0.01s Real=0.01s
[2023-11-15T22:39:33.288+0000][7][safepoint   ] Safepoint "G1CollectForAllocation", Time since last: 9545565102 ns, Reaching safepoint: 117187 ns, At safepoint: 8813980 ns, Total: 8931167 ns
[2023-11-15T22:39:33.288+0000][7][gc          ] GC(139) Concurrent Mark Cycle
[2023-11-15T22:39:33.288+0000][7][gc,marking  ] GC(139) Concurrent Clear Claimed Marks
[2023-11-15T22:39:33.288+0000][7][gc,marking  ] GC(139) Concurrent Clear Claimed Marks 0.179ms
[2023-11-15T22:39:33.288+0000][7][gc,marking  ] GC(139) Concurrent Scan Root Regions
[2023-11-15T22:39:33.293+0000][7][gc,marking  ] GC(139) Concurrent Scan Root Regions 4.665ms
[2023-11-15T22:39:33.293+0000][7][gc,marking  ] GC(139) Concurrent Mark
[2023-11-15T22:39:33.293+0000][7][gc,marking  ] GC(139) Concurrent Mark From Roots
[2023-11-15T22:39:33.293+0000][7][gc,task     ] GC(139) Using 2 workers of 2 for marking
[2023-11-15T22:39:33.370+0000][7][gc,marking  ] GC(139) Concurrent Mark From Roots 77.239ms
[2023-11-15T22:39:33.370+0000][7][gc,marking  ] GC(139) Concurrent Preclean
[2023-11-15T22:39:33.370+0000][7][gc,marking  ] GC(139) Concurrent Preclean 0.144ms
[2023-11-15T22:39:33.370+0000][7][gc,start    ] GC(139) Pause Remark
[2023-11-15T22:39:33.375+0000][7][gc          ] GC(139) Pause Remark 166M->166M(512M) 4.855ms
[2023-11-15T22:39:33.375+0000][7][gc,cpu      ] GC(139) User=0.03s Sys=0.00s Real=0.01s
[2023-11-15T22:39:33.375+0000][7][safepoint   ] Safepoint "G1Concurrent", Time since last: 82494389 ns, Reaching safepoint: 19200 ns, At safepoint: 4927594 ns, Total: 4946794 ns
[2023-11-15T22:39:33.375+0000][7][gc,marking  ] GC(139) Concurrent Mark 82.470ms
[2023-11-15T22:39:33.375+0000][7][gc,marking  ] GC(139) Concurrent Rebuild Remembered Sets
[2023-11-15T22:39:33.405+0000][7][gc,marking  ] GC(139) Concurrent Rebuild Remembered Sets 30.268ms
[2023-11-15T22:39:33.406+0000][7][gc,start    ] GC(139) Pause Cleanup
[2023-11-15T22:39:33.406+0000][7][gc          ] GC(139) Pause Cleanup 166M->166M(512M) 0.117ms
[2023-11-15T22:39:33.406+0000][7][gc,cpu      ] GC(139) User=0.00s Sys=0.00s Real=0.00s
[2023-11-15T22:39:33.406+0000][7][safepoint   ] Safepoint "G1Concurrent", Time since last: 30410088 ns, Reaching safepoint: 21253 ns, At safepoint: 155132 ns, Total: 176385 ns
[2023-11-15T22:39:33.406+0000][7][gc,marking  ] GC(139) Concurrent Cleanup for Next Mark
[2023-11-15T22:39:33.406+0000][7][gc,marking  ] GC(139) Concurrent Cleanup for Next Mark 0.472ms
[2023-11-15T22:39:33.406+0000][7][gc          ] GC(139) Concurrent Mark Cycle 118.584ms
[2023-11-15T22:39:49.749+0000][7][gc,start    ] GC(140) Pause Young (Normal) (G1 Evacuation Pause)
[2023-11-15T22:39:49.749+0000][7][gc,task     ] GC(140) Using 8 workers of 8 for evacuation
[2023-11-15T22:39:49.749+0000][7][gc,age      ] GC(140) Desired survivor size 18874368 bytes, new threshold 15 (max threshold 15)
[2023-11-15T22:39:49.767+0000][7][gc,age      ] GC(140) Age table with threshold 15 (max threshold 15)
[2023-11-15T22:39:49.767+0000][7][gc,age      ] GC(140) - age   1:    1306424 bytes,    1306424 total
[2023-11-15T22:39:49.767+0000][7][gc,age      ] GC(140) - age   2:    2343344 bytes,    3649768 total
[2023-11-15T22:39:49.767+0000][7][gc,age      ] GC(140) - age   3:     268928 bytes,    3918696 total
[2023-11-15T22:39:49.767+0000][7][gc,age      ] GC(140) - age   4:     200688 bytes,    4119384 total
[2023-11-15T22:39:49.767+0000][7][gc,age      ] GC(140) - age   5:     274440 bytes,    4393824 total
[2023-11-15T22:39:49.767+0000][7][gc,age      ] GC(140) - age   6:     266096 bytes,    4659920 total
[2023-11-15T22:39:49.767+0000][7][gc,age      ] GC(140) - age   7:     252224 bytes,    4912144 total
[2023-11-15T22:39:49.767+0000][7][gc,age      ] GC(140) - age   8:     274328 bytes,    5186472 total
[2023-11-15T22:39:49.767+0000][7][gc,age      ] GC(140) - age   9:    1316944 bytes,    6503416 total
[2023-11-15T22:39:49.767+0000][7][gc,age      ] GC(140) - age  10:     233752 bytes,    6737168 total
[2023-11-15T22:39:49.767+0000][7][gc,age      ] GC(140) - age  11:    2953088 bytes,    9690256 total
[2023-11-15T22:39:49.767+0000][7][gc,age      ] GC(140) - age  12:     204824 bytes,    9895080 total
[2023-11-15T22:39:49.767+0000][7][gc,age      ] GC(140) - age  13:    2099872 bytes,   11994952 total
[2023-11-15T22:39:49.767+0000][7][gc,age      ] GC(140) - age  14:     609096 bytes,   12604048 total
[2023-11-15T22:39:49.767+0000][7][gc,age      ] GC(140) - age  15:     460920 bytes,   13064968 total
[2023-11-15T22:39:49.767+0000][7][gc,phases   ] GC(140)   Pre Evacuate Collection Set: 0.2ms
[2023-11-15T22:39:49.768+0000][7][gc,phases   ] GC(140)   Merge Heap Roots: 0.2ms
[2023-11-15T22:39:49.768+0000][7][gc,phases   ] GC(140)   Evacuate Collection Set: 16.0ms
[2023-11-15T22:39:49.768+0000][7][gc,phases   ] GC(140)   Post Evacuate Collection Set: 1.4ms
[2023-11-15T22:39:49.768+0000][7][gc,phases   ] GC(140)   Other: 0.7ms
[2023-11-15T22:39:49.768+0000][7][gc,heap     ] GC(140) Eden regions: 61->0(61)
[2023-11-15T22:39:49.768+0000][7][gc,heap     ] GC(140) Survivor regions: 4->4(9)
[2023-11-15T22:39:49.768+0000][7][gc,heap     ] GC(140) Old regions: 32->32
[2023-11-15T22:39:49.768+0000][7][gc,heap     ] GC(140) Archive regions: 2->2
[2023-11-15T22:39:49.768+0000][7][gc,heap     ] GC(140) Humongous regions: 5->5
[2023-11-15T22:39:49.768+0000][7][gc,metaspace] GC(140) Metaspace: 116990K(118656K)->116990K(118656K) NonClass: 101499K(102528K)->101499K(102528K) Class: 15491K(16128K)->15491K(16128K)
[2023-11-15T22:39:49.768+0000][7][gc          ] GC(140) Pause Young (Normal) (G1 Evacuation Pause) 408M->165M(512M) 18.606ms
[2023-11-15T22:39:49.768+0000][7][gc,cpu      ] GC(140) User=0.06s Sys=0.01s Real=0.02s
[2023-11-15T22:39:49.768+0000][7][safepoint   ] Safepoint "G1CollectForAllocation", Time since last: 16343173699 ns, Reaching safepoint: 99395 ns, At safepoint: 18818453 ns, Total: 18917848 ns
[2023-11-15T22:39:53.768+0000][7][safepoint   ] Safepoint "Cleanup", Time since last: 4000513417 ns, Reaching safepoint: 131314 ns, At safepoint: 27173 ns, Total: 158487 ns
[2023-11-15T22:39:59.769+0000][7][safepoint   ] Safepoint "Cleanup", Time since last: 6000797347 ns, Reaching safepoint: 111575 ns, At safepoint: 24697 ns, Total: 136272 ns
[2023-11-15T22:40:05.609+0000][7][gc,start    ] GC(141) Pause Young (Concurrent Start) (G1 Evacuation Pause)
[2023-11-15T22:40:05.609+0000][7][gc,task     ] GC(141) Using 8 workers of 8 for evacuation
[2023-11-15T22:40:05.610+0000][7][gc,age      ] GC(141) Desired survivor size 18874368 bytes, new threshold 15 (max threshold 15)
[2023-11-15T22:40:05.623+0000][7][gc,age      ] GC(141) Age table with threshold 15 (max threshold 15)
[2023-11-15T22:40:05.623+0000][7][gc,age      ] GC(141) - age   1:    1331816 bytes,    1331816 total
[2023-11-15T22:40:05.623+0000][7][gc,age      ] GC(141) - age   2:     246856 bytes,    1578672 total
[2023-11-15T22:40:05.623+0000][7][gc,age      ] GC(141) - age   3:    2342672 bytes,    3921344 total
[2023-11-15T22:40:05.623+0000][7][gc,age      ] GC(141) - age   4:     268064 bytes,    4189408 total
[2023-11-15T22:40:05.623+0000][7][gc,age      ] GC(141) - age   5:     200560 bytes,    4389968 total
[2023-11-15T22:40:05.623+0000][7][gc,age      ] GC(141) - age   6:     274016 bytes,    4663984 total
[2023-11-15T22:40:05.623+0000][7][gc,age      ] GC(141) - age   7:     266032 bytes,    4930016 total
[2023-11-15T22:40:05.623+0000][7][gc,age      ] GC(141) - age   8:     252224 bytes,    5182240 total
[2023-11-15T22:40:05.623+0000][7][gc,age      ] GC(141) - age   9:     274328 bytes,    5456568 total
[2023-11-15T22:40:05.623+0000][7][gc,age      ] GC(141) - age  10:    1316944 bytes,    6773512 total
[2023-11-15T22:40:05.623+0000][7][gc,age      ] GC(141) - age  11:     233752 bytes,    7007264 total
[2023-11-15T22:40:05.623+0000][7][gc,age      ] GC(141) - age  12:    2953088 bytes,    9960352 total
[2023-11-15T22:40:05.623+0000][7][gc,age      ] GC(141) - age  13:     204824 bytes,   10165176 total
[2023-11-15T22:40:05.623+0000][7][gc,age      ] GC(141) - age  14:    2099872 bytes,   12265048 total
[2023-11-15T22:40:05.623+0000][7][gc,age      ] GC(141) - age  15:     234144 bytes,   12499192 total
[2023-11-15T22:40:05.623+0000][7][gc,phases   ] GC(141)   Pre Evacuate Collection Set: 0.3ms
[2023-11-15T22:40:05.623+0000][7][gc,phases   ] GC(141)   Merge Heap Roots: 0.1ms
[2023-11-15T22:40:05.623+0000][7][gc,phases   ] GC(141)   Evacuate Collection Set: 11.5ms
[2023-11-15T22:40:05.623+0000][7][gc,phases   ] GC(141)   Post Evacuate Collection Set: 1.0ms
[2023-11-15T22:40:05.623+0000][7][gc,phases   ] GC(141)   Other: 0.5ms
[2023-11-15T22:40:05.623+0000][7][gc,heap     ] GC(141) Eden regions: 61->0(60)
[2023-11-15T22:40:05.623+0000][7][gc,heap     ] GC(141) Survivor regions: 4->4(9)
[2023-11-15T22:40:05.623+0000][7][gc,heap     ] GC(141) Old regions: 32->33
[2023-11-15T22:40:05.623+0000][7][gc,heap     ] GC(141) Archive regions: 2->2
[2023-11-15T22:40:05.623+0000][7][gc,heap     ] GC(141) Humongous regions: 5->5
[2023-11-15T22:40:05.623+0000][7][gc,metaspace] GC(141) Metaspace: 116991K(118656K)->116991K(118656K) NonClass: 101500K(102528K)->101500K(102528K) Class: 15491K(16128K)->15491K(16128K)
[2023-11-15T22:40:05.623+0000][7][gc          ] GC(141) Pause Young (Concurrent Start) (G1 Evacuation Pause) 409M->164M(512M) 13.517ms
[2023-11-15T22:40:05.623+0000][7][gc,cpu      ] GC(141) User=0.03s Sys=0.01s Real=0.01s
[2023-11-15T22:40:05.623+0000][7][safepoint   ] Safepoint "G1CollectForAllocation", Time since last: 5839836698 ns, Reaching safepoint: 68933 ns, At safepoint: 13677693 ns, Total: 13746626 ns
[2023-11-15T22:40:05.623+0000][7][gc          ] GC(142) Concurrent Mark Cycle
[2023-11-15T22:40:05.623+0000][7][gc,marking  ] GC(142) Concurrent Clear Claimed Marks
[2023-11-15T22:40:05.623+0000][7][gc,marking  ] GC(142) Concurrent Clear Claimed Marks 0.139ms
[2023-11-15T22:40:05.623+0000][7][gc,marking  ] GC(142) Concurrent Scan Root Regions
[2023-11-15T22:40:05.627+0000][7][gc,marking  ] GC(142) Concurrent Scan Root Regions 3.538ms
[2023-11-15T22:40:05.627+0000][7][gc,marking  ] GC(142) Concurrent Mark
[2023-11-15T22:40:05.627+0000][7][gc,marking  ] GC(142) Concurrent Mark From Roots
[2023-11-15T22:40:05.627+0000][7][gc,task     ] GC(142) Using 2 workers of 2 for marking
[2023-11-15T22:40:05.699+0000][7][gc,marking  ] GC(142) Concurrent Mark From Roots 71.850ms
[2023-11-15T22:40:05.699+0000][7][gc,marking  ] GC(142) Concurrent Preclean
[2023-11-15T22:40:05.699+0000][7][gc,marking  ] GC(142) Concurrent Preclean 0.157ms
[2023-11-15T22:40:05.699+0000][7][gc,start    ] GC(142) Pause Remark
[2023-11-15T22:40:05.704+0000][7][gc          ] GC(142) Pause Remark 167M->167M(512M) 5.031ms
[2023-11-15T22:40:05.704+0000][7][gc,cpu      ] GC(142) User=0.03s Sys=0.00s Real=0.00s
[2023-11-15T22:40:05.704+0000][7][safepoint   ] Safepoint "G1Concurrent", Time since last: 76210289 ns, Reaching safepoint: 48487 ns, At safepoint: 5127886 ns, Total: 5176373 ns
[2023-11-15T22:40:05.704+0000][7][gc,marking  ] GC(142) Concurrent Mark 77.305ms
[2023-11-15T22:40:05.704+0000][7][gc,marking  ] GC(142) Concurrent Rebuild Remembered Sets
[2023-11-15T22:40:05.735+0000][7][gc,marking  ] GC(142) Concurrent Rebuild Remembered Sets 30.602ms
[2023-11-15T22:40:05.735+0000][7][gc,start    ] GC(142) Pause Cleanup
[2023-11-15T22:40:05.735+0000][7][gc          ] GC(142) Pause Cleanup 167M->167M(512M) 0.069ms
[2023-11-15T22:40:05.735+0000][7][gc,cpu      ] GC(142) User=0.00s Sys=0.00s Real=0.00s
[2023-11-15T22:40:05.735+0000][7][safepoint   ] Safepoint "G1Concurrent", Time since last: 30662877 ns, Reaching safepoint: 15972 ns, At safepoint: 132280 ns, Total: 148252 ns
[2023-11-15T22:40:05.735+0000][7][gc,marking  ] GC(142) Concurrent Cleanup for Next Mark
[2023-11-15T22:40:05.736+0000][7][gc,marking  ] GC(142) Concurrent Cleanup for Next Mark 0.339ms
[2023-11-15T22:40:05.736+0000][7][gc          ] GC(142) Concurrent Mark Cycle 112.602ms
[2023-11-15T22:40:12.832+0000][7][gc,start    ] GC(143) Pause Young (Concurrent Start) (G1 Humongous Allocation)
[2023-11-15T22:40:12.832+0000][7][gc,task     ] GC(143) Using 8 workers of 8 for evacuation
[2023-11-15T22:40:12.832+0000][7][gc,age      ] GC(143) Desired survivor size 16777216 bytes, new threshold 15 (max threshold 15)
[2023-11-15T22:40:12.839+0000][7][gc,age      ] GC(143) Age table with threshold 15 (max threshold 15)
[2023-11-15T22:40:12.839+0000][7][gc,age      ] GC(143) - age   1:     473528 bytes,     473528 total
[2023-11-15T22:40:12.839+0000][7][gc,age      ] GC(143) - age   2:    1195760 bytes,    1669288 total
[2023-11-15T22:40:12.839+0000][7][gc,age      ] GC(143) - age   3:     240400 bytes,    1909688 total
[2023-11-15T22:40:12.839+0000][7][gc,age      ] GC(143) - age   4:    2342560 bytes,    4252248 total
[2023-11-15T22:40:12.839+0000][7][gc,age      ] GC(143) - age   5:     267440 bytes,    4519688 total
[2023-11-15T22:40:12.839+0000][7][gc,age      ] GC(143) - age   6:     200560 bytes,    4720248 total
[2023-11-15T22:40:12.839+0000][7][gc,age      ] GC(143) - age   7:     273952 bytes,    4994200 total
[2023-11-15T22:40:12.839+0000][7][gc,age      ] GC(143) - age   8:     266032 bytes,    5260232 total
[2023-11-15T22:40:12.839+0000][7][gc,age      ] GC(143) - age   9:     252224 bytes,    5512456 total
[2023-11-15T22:40:12.839+0000][7][gc,age      ] GC(143) - age  10:     274328 bytes,    5786784 total
[2023-11-15T22:40:12.839+0000][7][gc,age      ] GC(143) - age  11:    1316944 bytes,    7103728 total
[2023-11-15T22:40:12.839+0000][7][gc,age      ] GC(143) - age  12:     233752 bytes,    7337480 total
[2023-11-15T22:40:12.839+0000][7][gc,age      ] GC(143) - age  13:    2953088 bytes,   10290568 total
[2023-11-15T22:40:12.839+0000][7][gc,age      ] GC(143) - age  14:     204824 bytes,   10495392 total
[2023-11-15T22:40:12.839+0000][7][gc,age      ] GC(143) - age  15:    2099872 bytes,   12595264 total
[2023-11-15T22:40:12.840+0000][7][gc,phases   ] GC(143)   Pre Evacuate Collection Set: 0.3ms
[2023-11-15T22:40:12.840+0000][7][gc,phases   ] GC(143)   Merge Heap Roots: 0.1ms
[2023-11-15T22:40:12.840+0000][7][gc,phases   ] GC(143)   Evacuate Collection Set: 5.8ms
[2023-11-15T22:40:12.840+0000][7][gc,phases   ] GC(143)   Post Evacuate Collection Set: 0.7ms
[2023-11-15T22:40:12.840+0000][7][gc,phases   ] GC(143)   Other: 0.5ms
[2023-11-15T22:40:12.840+0000][7][gc,heap     ] GC(143) Eden regions: 26->0(60)
[2023-11-15T22:40:12.840+0000][7][gc,heap     ] GC(143) Survivor regions: 4->4(8)
[2023-11-15T22:40:12.840+0000][7][gc,heap     ] GC(143) Old regions: 33->33
[2023-11-15T22:40:12.840+0000][7][gc,heap     ] GC(143) Archive regions: 2->2
[2023-11-15T22:40:12.840+0000][7][gc,heap     ] GC(143) Humongous regions: 5->5
[2023-11-15T22:40:12.840+0000][7][gc,metaspace] GC(143) Metaspace: 116992K(118656K)->116992K(118656K) NonClass: 101501K(102528K)->101501K(102528K) Class: 15491K(16128K)->15491K(16128K)
[2023-11-15T22:40:12.840+0000][7][gc          ] GC(143) Pause Young (Concurrent Start) (G1 Humongous Allocation) 267M->165M(512M) 7.462ms
[2023-11-15T22:40:12.840+0000][7][gc,cpu      ] GC(143) User=0.03s Sys=0.00s Real=0.01s
[2023-11-15T22:40:12.840+0000][7][safepoint   ] Safepoint "G1TryInitiateConcMark", Time since last: 7096869252 ns, Reaching safepoint: 65692 ns, At safepoint: 7613304 ns, Total: 7678996 ns
[2023-11-15T22:40:12.840+0000][7][gc          ] GC(144) Concurrent Mark Cycle
[2023-11-15T22:40:12.840+0000][7][gc,marking  ] GC(144) Concurrent Clear Claimed Marks
[2023-11-15T22:40:12.840+0000][7][gc,marking  ] GC(144) Concurrent Clear Claimed Marks 0.118ms
[2023-11-15T22:40:12.840+0000][7][gc,marking  ] GC(144) Concurrent Scan Root Regions
[2023-11-15T22:40:12.843+0000][7][gc,marking  ] GC(144) Concurrent Scan Root Regions 2.785ms
[2023-11-15T22:40:12.843+0000][7][gc,marking  ] GC(144) Concurrent Mark
[2023-11-15T22:40:12.843+0000][7][gc,marking  ] GC(144) Concurrent Mark From Roots
[2023-11-15T22:40:12.843+0000][7][gc,task     ] GC(144) Using 2 workers of 2 for marking
[2023-11-15T22:40:12.909+0000][7][gc,marking  ] GC(144) Concurrent Mark From Roots 66.216ms
[2023-11-15T22:40:12.909+0000][7][gc,marking  ] GC(144) Concurrent Preclean
[2023-11-15T22:40:12.909+0000][7][gc,marking  ] GC(144) Concurrent Preclean 0.160ms
[2023-11-15T22:40:12.909+0000][7][gc,start    ] GC(144) Pause Remark
[2023-11-15T22:40:12.915+0000][7][gc          ] GC(144) Pause Remark 171M->171M(512M) 5.417ms
[2023-11-15T22:40:12.915+0000][7][gc,cpu      ] GC(144) User=0.04s Sys=0.01s Real=0.01s
[2023-11-15T22:40:12.915+0000][7][safepoint   ] Safepoint "G1Concurrent", Time since last: 69480547 ns, Reaching safepoint: 24297 ns, At safepoint: 5498830 ns, Total: 5523127 ns
[2023-11-15T22:40:12.915+0000][7][gc,marking  ] GC(144) Concurrent Mark 71.995ms
[2023-11-15T22:40:12.915+0000][7][gc,marking  ] GC(144) Concurrent Rebuild Remembered Sets
[2023-11-15T22:40:12.946+0000][7][gc,marking  ] GC(144) Concurrent Rebuild Remembered Sets 31.671ms
[2023-11-15T22:40:12.947+0000][7][gc,start    ] GC(144) Pause Cleanup
[2023-11-15T22:40:12.947+0000][7][gc          ] GC(144) Pause Cleanup 172M->172M(512M) 0.085ms
[2023-11-15T22:40:12.947+0000][7][gc,cpu      ] GC(144) User=0.00s Sys=0.00s Real=0.00s
[2023-11-15T22:40:12.947+0000][7][safepoint   ] Safepoint "G1Concurrent", Time since last: 31738134 ns, Reaching safepoint: 36230 ns, At safepoint: 123608 ns, Total: 159838 ns
[2023-11-15T22:40:12.947+0000][7][gc,marking  ] GC(144) Concurrent Cleanup for Next Mark
[2023-11-15T22:40:12.947+0000][7][gc,marking  ] GC(144) Concurrent Cleanup for Next Mark 0.309ms
[2023-11-15T22:40:12.947+0000][7][gc          ] GC(144) Concurrent Mark Cycle 107.250ms
[2023-11-15T22:40:16.947+0000][7][safepoint   ] Safepoint "Cleanup", Time since last: 4000450483 ns, Reaching safepoint: 108952 ns, At safepoint: 8267 ns, Total: 117219 ns
[2023-11-15T22:40:27.613+0000][7][gc,start    ] GC(145) Pause Young (Normal) (G1 Evacuation Pause)
[2023-11-15T22:40:27.613+0000][7][gc,task     ] GC(145) Using 8 workers of 8 for evacuation
[2023-11-15T22:40:27.614+0000][7][gc,age      ] GC(145) Desired survivor size 16777216 bytes, new threshold 15 (max threshold 15)
[2023-11-15T22:40:27.632+0000][7][gc,age      ] GC(145) Age table with threshold 15 (max threshold 15)
[2023-11-15T22:40:27.632+0000][7][gc,age      ] GC(145) - age   1:    1362680 bytes,    1362680 total
[2023-11-15T22:40:27.632+0000][7][gc,age      ] GC(145) - age   2:      76544 bytes,    1439224 total
[2023-11-15T22:40:27.632+0000][7][gc,age      ] GC(145) - age   3:     777544 bytes,    2216768 total
[2023-11-15T22:40:27.632+0000][7][gc,age      ] GC(145) - age   4:     239432 bytes,    2456200 total
[2023-11-15T22:40:27.632+0000][7][gc,age      ] GC(145) - age   5:    2194232 bytes,    4650432 total
[2023-11-15T22:40:27.632+0000][7][gc,age      ] GC(145) - age   6:     267248 bytes,    4917680 total
[2023-11-15T22:40:27.632+0000][7][gc,age      ] GC(145) - age   7:     200496 bytes,    5118176 total
[2023-11-15T22:40:27.632+0000][7][gc,age      ] GC(145) - age   8:     273888 bytes,    5392064 total
[2023-11-15T22:40:27.632+0000][7][gc,age      ] GC(145) - age   9:     266032 bytes,    5658096 total
[2023-11-15T22:40:27.632+0000][7][gc,age      ] GC(145) - age  10:     252224 bytes,    5910320 total
[2023-11-15T22:40:27.632+0000][7][gc,age      ] GC(145) - age  11:     274328 bytes,    6184648 total
[2023-11-15T22:40:27.632+0000][7][gc,age      ] GC(145) - age  12:    1316944 bytes,    7501592 total
[2023-11-15T22:40:27.632+0000][7][gc,age      ] GC(145) - age  13:     233752 bytes,    7735344 total
[2023-11-15T22:40:27.632+0000][7][gc,age      ] GC(145) - age  14:    2953024 bytes,   10688368 total
[2023-11-15T22:40:27.632+0000][7][gc,age      ] GC(145) - age  15:     204792 bytes,   10893160 total
[2023-11-15T22:40:27.632+0000][7][gc,phases   ] GC(145)   Pre Evacuate Collection Set: 0.2ms
[2023-11-15T22:40:27.632+0000][7][gc,phases   ] GC(145)   Merge Heap Roots: 0.2ms
[2023-11-15T22:40:27.632+0000][7][gc,phases   ] GC(145)   Evacuate Collection Set: 11.7ms
[2023-11-15T22:40:27.632+0000][7][gc,phases   ] GC(145)   Post Evacuate Collection Set: 6.0ms
[2023-11-15T22:40:27.632+0000][7][gc,phases   ] GC(145)   Other: 1.2ms
[2023-11-15T22:40:27.632+0000][7][gc,heap     ] GC(145) Eden regions: 60->0(61)
[2023-11-15T22:40:27.632+0000][7][gc,heap     ] GC(145) Survivor regions: 4->3(8)
[2023-11-15T22:40:27.632+0000][7][gc,heap     ] GC(145) Old regions: 33->33
[2023-11-15T22:40:27.632+0000][7][gc,heap     ] GC(145) Archive regions: 2->2
[2023-11-15T22:40:27.632+0000][7][gc,heap     ] GC(145) Humongous regions: 6->6
[2023-11-15T22:40:27.632+0000][7][gc,metaspace] GC(145) Metaspace: 117000K(118656K)->117000K(118656K) NonClass: 101509K(102528K)->101509K(102528K) Class: 15491K(16128K)->15491K(16128K)
[2023-11-15T22:40:27.632+0000][7][gc          ] GC(145) Pause Young (Normal) (G1 Evacuation Pause) 409M->169M(512M) 19.396ms
[2023-11-15T22:40:27.632+0000][7][gc,cpu      ] GC(145) User=0.04s Sys=0.02s Real=0.02s
[2023-11-15T22:40:27.632+0000][7][safepoint   ] Safepoint "G1CollectForAllocation", Time since last: 10665401308 ns, Reaching safepoint: 116846 ns, At safepoint: 19619624 ns, Total: 19736470 ns
[2023-11-15T22:40:41.634+0000][7][safepoint   ] Safepoint "Cleanup", Time since last: 14001497855 ns, Reaching safepoint: 129332 ns, At safepoint: 14529 ns, Total: 143861 ns
[2023-11-15T22:40:42.600+0000][7][gc,start    ] GC(146) Pause Young (Concurrent Start) (G1 Evacuation Pause)
[2023-11-15T22:40:42.600+0000][7][gc,task     ] GC(146) Using 8 workers of 8 for evacuation
[2023-11-15T22:40:42.600+0000][7][gc,age      ] GC(146) Desired survivor size 16777216 bytes, new threshold 15 (max threshold 15)
[2023-11-15T22:40:42.613+0000][7][gc,age      ] GC(146) Age table with threshold 15 (max threshold 15)
[2023-11-15T22:40:42.613+0000][7][gc,age      ] GC(146) - age   1:     909544 bytes,     909544 total
[2023-11-15T22:40:42.613+0000][7][gc,age      ] GC(146) - age   2:     668680 bytes,    1578224 total
[2023-11-15T22:40:42.613+0000][7][gc,age      ] GC(146) - age   3:      70328 bytes,    1648552 total
[2023-11-15T22:40:42.613+0000][7][gc,age      ] GC(146) - age   4:     623808 bytes,    2272360 total
[2023-11-15T22:40:42.613+0000][7][gc,age      ] GC(146) - age   5:     238624 bytes,    2510984 total
[2023-11-15T22:40:42.613+0000][7][gc,age      ] GC(146) - age   6:    2193488 bytes,    4704472 total
[2023-11-15T22:40:42.613+0000][7][gc,age      ] GC(146) - age   7:     267184 bytes,    4971656 total
[2023-11-15T22:40:42.613+0000][7][gc,age      ] GC(146) - age   8:     200496 bytes,    5172152 total
[2023-11-15T22:40:42.613+0000][7][gc,age      ] GC(146) - age   9:     273328 bytes,    5445480 total
[2023-11-15T22:40:42.613+0000][7][gc,age      ] GC(146) - age  10:     266032 bytes,    5711512 total
[2023-11-15T22:40:42.613+0000][7][gc,age      ] GC(146) - age  11:     252224 bytes,    5963736 total
[2023-11-15T22:40:42.613+0000][7][gc,age      ] GC(146) - age  12:     274328 bytes,    6238064 total
[2023-11-15T22:40:42.613+0000][7][gc,age      ] GC(146) - age  13:    1316944 bytes,    7555008 total
[2023-11-15T22:40:42.613+0000][7][gc,age      ] GC(146) - age  14:     233752 bytes,    7788760 total
[2023-11-15T22:40:42.613+0000][7][gc,age      ] GC(146) - age  15:    2953024 bytes,   10741784 total
[2023-11-15T22:40:42.613+0000][7][gc,phases   ] GC(146)   Pre Evacuate Collection Set: 0.4ms
[2023-11-15T22:40:42.613+0000][7][gc,phases   ] GC(146)   Merge Heap Roots: 0.2ms
[2023-11-15T22:40:42.613+0000][7][gc,phases   ] GC(146)   Evacuate Collection Set: 10.5ms
[2023-11-15T22:40:42.613+0000][7][gc,phases   ] GC(146)   Post Evacuate Collection Set: 1.3ms
[2023-11-15T22:40:42.613+0000][7][gc,phases   ] GC(146)   Other: 0.7ms
[2023-11-15T22:40:42.613+0000][7][gc,heap     ] GC(146) Eden regions: 61->0(61)
[2023-11-15T22:40:42.613+0000][7][gc,heap     ] GC(146) Survivor regions: 3->3(8)
[2023-11-15T22:40:42.613+0000][7][gc,heap     ] GC(146) Old regions: 33->33
[2023-11-15T22:40:42.613+0000][7][gc,heap     ] GC(146) Archive regions: 2->2
[2023-11-15T22:40:42.613+0000][7][gc,heap     ] GC(146) Humongous regions: 6->6
[2023-11-15T22:40:42.613+0000][7][gc,metaspace] GC(146) Metaspace: 117000K(118656K)->117000K(118656K) NonClass: 101509K(102528K)->101509K(102528K) Class: 15491K(16128K)->15491K(16128K)
[2023-11-15T22:40:42.613+0000][7][gc          ] GC(146) Pause Young (Concurrent Start) (G1 Evacuation Pause) 413M->169M(512M) 13.186ms
[2023-11-15T22:40:42.614+0000][7][gc,cpu      ] GC(146) User=0.04s Sys=0.00s Real=0.01s
[2023-11-15T22:40:42.614+0000][7][safepoint   ] Safepoint "G1CollectForAllocation", Time since last: 966113234 ns, Reaching safepoint: 105431 ns, At safepoint: 13397774 ns, Total: 13503205 ns
[2023-11-15T22:40:42.614+0000][7][gc          ] GC(147) Concurrent Mark Cycle
[2023-11-15T22:40:42.614+0000][7][gc,marking  ] GC(147) Concurrent Clear Claimed Marks
[2023-11-15T22:40:42.614+0000][7][gc,marking  ] GC(147) Concurrent Clear Claimed Marks 0.196ms
[2023-11-15T22:40:42.614+0000][7][gc,marking  ] GC(147) Concurrent Scan Root Regions
[2023-11-15T22:40:42.619+0000][7][gc,marking  ] GC(147) Concurrent Scan Root Regions 4.696ms
[2023-11-15T22:40:42.619+0000][7][gc,marking  ] GC(147) Concurrent Mark
[2023-11-15T22:40:42.619+0000][7][gc,marking  ] GC(147) Concurrent Mark From Roots
[2023-11-15T22:40:42.619+0000][7][gc,task     ] GC(147) Using 2 workers of 2 for marking
[2023-11-15T22:40:42.692+0000][7][gc,marking  ] GC(147) Concurrent Mark From Roots 73.642ms
[2023-11-15T22:40:42.692+0000][7][gc,marking  ] GC(147) Concurrent Preclean
[2023-11-15T22:40:42.693+0000][7][gc,marking  ] GC(147) Concurrent Preclean 0.160ms
[2023-11-15T22:40:42.693+0000][7][gc,start    ] GC(147) Pause Remark
[2023-11-15T22:40:42.698+0000][7][gc          ] GC(147) Pause Remark 172M->172M(512M) 5.136ms
[2023-11-15T22:40:42.698+0000][7][gc,cpu      ] GC(147) User=0.04s Sys=0.00s Real=0.01s
[2023-11-15T22:40:42.698+0000][7][safepoint   ] Safepoint "G1Concurrent", Time since last: 79013099 ns, Reaching safepoint: 19072 ns, At safepoint: 5212412 ns, Total: 5231484 ns
[2023-11-15T22:40:42.698+0000][7][gc,marking  ] GC(147) Concurrent Mark 79.176ms
[2023-11-15T22:40:42.698+0000][7][gc,marking  ] GC(147) Concurrent Rebuild Remembered Sets
[2023-11-15T22:40:42.730+0000][7][gc,marking  ] GC(147) Concurrent Rebuild Remembered Sets 31.811ms
[2023-11-15T22:40:42.730+0000][7][gc,start    ] GC(147) Pause Cleanup
[2023-11-15T22:40:42.730+0000][7][gc          ] GC(147) Pause Cleanup 172M->172M(512M) 0.076ms
[2023-11-15T22:40:42.730+0000][7][gc,cpu      ] GC(147) User=0.01s Sys=0.00s Real=0.00s
[2023-11-15T22:40:42.730+0000][7][safepoint   ] Safepoint "G1Concurrent", Time since last: 31919344 ns, Reaching safepoint: 30283 ns, At safepoint: 169218 ns, Total: 199501 ns
[2023-11-15T22:40:42.730+0000][7][gc,marking  ] GC(147) Concurrent Cleanup for Next Mark
[2023-11-15T22:40:42.731+0000][7][gc,marking  ] GC(147) Concurrent Cleanup for Next Mark 0.631ms
[2023-11-15T22:40:42.731+0000][7][gc          ] GC(147) Concurrent Mark Cycle 117.022ms
[2023-11-15T22:40:46.731+0000][7][safepoint   ] Safepoint "Cleanup", Time since last: 4000428192 ns, Reaching safepoint: 116777 ns, At safepoint: 12128 ns, Total: 128905 ns
[2023-11-15T22:40:58.234+0000][7][gc,start    ] GC(148) Pause Young (Prepare Mixed) (G1 Evacuation Pause)
[2023-11-15T22:40:58.234+0000][7][gc,task     ] GC(148) Using 8 workers of 8 for evacuation
[2023-11-15T22:40:58.234+0000][7][gc,age      ] GC(148) Desired survivor size 16777216 bytes, new threshold 15 (max threshold 15)
[2023-11-15T22:40:58.247+0000][7][gc,age      ] GC(148) Age table with threshold 15 (max threshold 15)
[2023-11-15T22:40:58.247+0000][7][gc,age      ] GC(148) - age   1:     560392 bytes,     560392 total
[2023-11-15T22:40:58.247+0000][7][gc,age      ] GC(148) - age   2:     352608 bytes,     913000 total
[2023-11-15T22:40:58.247+0000][7][gc,age      ] GC(148) - age   3:     532928 bytes,    1445928 total
[2023-11-15T22:40:58.247+0000][7][gc,age      ] GC(148) - age   4:      70200 bytes,    1516128 total
[2023-11-15T22:40:58.247+0000][7][gc,age      ] GC(148) - age   5:     623296 bytes,    2139424 total
[2023-11-15T22:40:58.247+0000][7][gc,age      ] GC(148) - age   6:     238560 bytes,    2377984 total
[2023-11-15T22:40:58.247+0000][7][gc,age      ] GC(148) - age   7:    2193168 bytes,    4571152 total
[2023-11-15T22:40:58.247+0000][7][gc,age      ] GC(148) - age   8:     267184 bytes,    4838336 total
[2023-11-15T22:40:58.247+0000][7][gc,age      ] GC(148) - age   9:     200496 bytes,    5038832 total
[2023-11-15T22:40:58.247+0000][7][gc,age      ] GC(148) - age  10:     273328 bytes,    5312160 total
[2023-11-15T22:40:58.247+0000][7][gc,age      ] GC(148) - age  11:     266032 bytes,    5578192 total
[2023-11-15T22:40:58.247+0000][7][gc,age      ] GC(148) - age  12:     252224 bytes,    5830416 total
[2023-11-15T22:40:58.247+0000][7][gc,age      ] GC(148) - age  13:     274328 bytes,    6104744 total
[2023-11-15T22:40:58.247+0000][7][gc,age      ] GC(148) - age  14:    1316944 bytes,    7421688 total
[2023-11-15T22:40:58.247+0000][7][gc,age      ] GC(148) - age  15:     233752 bytes,    7655440 total
[2023-11-15T22:40:58.247+0000][7][gc,phases   ] GC(148)   Pre Evacuate Collection Set: 0.2ms
[2023-11-15T22:40:58.247+0000][7][gc,phases   ] GC(148)   Merge Heap Roots: 0.2ms
[2023-11-15T22:40:58.247+0000][7][gc,phases   ] GC(148)   Evacuate Collection Set: 10.5ms
[2023-11-15T22:40:58.247+0000][7][gc,phases   ] GC(148)   Post Evacuate Collection Set: 1.4ms
[2023-11-15T22:40:58.247+0000][7][gc,phases   ] GC(148)   Other: 0.6ms
[2023-11-15T22:40:58.247+0000][7][gc,heap     ] GC(148) Eden regions: 61->0(4)
[2023-11-15T22:40:58.247+0000][7][gc,heap     ] GC(148) Survivor regions: 3->2(8)
[2023-11-15T22:40:58.247+0000][7][gc,heap     ] GC(148) Old regions: 33->34
[2023-11-15T22:40:58.247+0000][7][gc,heap     ] GC(148) Archive regions: 2->2
[2023-11-15T22:40:58.247+0000][7][gc,heap     ] GC(148) Humongous regions: 6->6
[2023-11-15T22:40:58.247+0000][7][gc,metaspace] GC(148) Metaspace: 117003K(118656K)->117003K(118656K) NonClass: 101512K(102528K)->101512K(102528K) Class: 15491K(16128K)->15491K(16128K)
[2023-11-15T22:40:58.247+0000][7][gc          ] GC(148) Pause Young (Prepare Mixed) (G1 Evacuation Pause) 413M->169M(512M) 13.049ms
[2023-11-15T22:40:58.247+0000][7][gc,cpu      ] GC(148) User=0.03s Sys=0.02s Real=0.02s
[2023-11-15T22:40:58.247+0000][7][safepoint   ] Safepoint "G1CollectForAllocation", Time since last: 11503242454 ns, Reaching safepoint: 128103 ns, At safepoint: 13263562 ns, Total: 13391665 ns
[2023-11-15T22:40:58.858+0000][7][gc,start    ] GC(149) Pause Young (Mixed) (G1 Evacuation Pause)
[2023-11-15T22:40:58.858+0000][7][gc,task     ] GC(149) Using 8 workers of 8 for evacuation
[2023-11-15T22:40:58.858+0000][7][gc,age      ] GC(149) Desired survivor size 2097152 bytes, new threshold 5 (max threshold 15)
[2023-11-15T22:40:58.885+0000][7][gc,age      ] GC(149) Age table with threshold 5 (max threshold 15)
[2023-11-15T22:40:58.885+0000][7][gc,age      ] GC(149) - age   1:     286160 bytes,     286160 total
[2023-11-15T22:40:58.885+0000][7][gc,age      ] GC(149) - age   2:     463168 bytes,     749328 total
[2023-11-15T22:40:58.885+0000][7][gc,age      ] GC(149) - age   3:     352344 bytes,    1101672 total
[2023-11-15T22:40:58.885+0000][7][gc,age      ] GC(149) - age   4:     532896 bytes,    1634568 total
[2023-11-15T22:40:58.885+0000][7][gc,age      ] GC(149) - age   5:      70200 bytes,    1704768 total
[2023-11-15T22:40:58.885+0000][7][gc,phases   ] GC(149)   Pre Evacuate Collection Set: 0.1ms
[2023-11-15T22:40:58.885+0000][7][gc,phases   ] GC(149)   Merge Heap Roots: 0.0ms
[2023-11-15T22:40:58.885+0000][7][gc,phases   ] GC(149)   Evacuate Collection Set: 20.3ms
[2023-11-15T22:40:58.885+0000][7][gc,phases   ] GC(149)   Post Evacuate Collection Set: 6.6ms
[2023-11-15T22:40:58.885+0000][7][gc,phases   ] GC(149)   Other: 0.2ms
[2023-11-15T22:40:58.885+0000][7][gc,heap     ] GC(149) Eden regions: 4->0(62)
[2023-11-15T22:40:58.885+0000][7][gc,heap     ] GC(149) Survivor regions: 2->1(1)
[2023-11-15T22:40:58.885+0000][7][gc,heap     ] GC(149) Old regions: 34->35
[2023-11-15T22:40:58.885+0000][7][gc,heap     ] GC(149) Archive regions: 2->2
[2023-11-15T22:40:58.885+0000][7][gc,heap     ] GC(149) Humongous regions: 6->6
[2023-11-15T22:40:58.885+0000][7][gc,metaspace] GC(149) Metaspace: 117003K(118656K)->117003K(118656K) NonClass: 101512K(102528K)->101512K(102528K) Class: 15491K(16128K)->15491K(16128K)
[2023-11-15T22:40:58.885+0000][7][gc          ] GC(149) Pause Young (Mixed) (G1 Evacuation Pause) 185M->168M(512M) 27.276ms
[2023-11-15T22:40:58.885+0000][7][gc,cpu      ] GC(149) User=0.05s Sys=0.01s Real=0.03s
[2023-11-15T22:40:58.885+0000][7][safepoint   ] Safepoint "G1CollectForAllocation", Time since last: 610437228 ns, Reaching safepoint: 60536 ns, At safepoint: 27377457 ns, Total: 27437993 ns
[2023-11-15T22:40:59.885+0000][7][safepoint   ] Safepoint "Cleanup", Time since last: 1000165688 ns, Reaching safepoint: 138188 ns, At safepoint: 16665 ns, Total: 154853 ns
[2023-11-15T22:41:11.887+0000][7][safepoint   ] Safepoint "Cleanup", Time since last: 12001345491 ns, Reaching safepoint: 132132 ns, At safepoint: 15190 ns, Total: 147322 ns
[2023-11-15T22:41:14.076+0000][7][gc,start    ] GC(150) Pause Young (Concurrent Start) (G1 Evacuation Pause)
[2023-11-15T22:41:14.076+0000][7][gc,task     ] GC(150) Using 8 workers of 8 for evacuation
[2023-11-15T22:41:14.076+0000][7][gc,age      ] GC(150) Desired survivor size 16777216 bytes, new threshold 15 (max threshold 15)
[2023-11-15T22:41:14.079+0000][7][gc,age      ] GC(150) Age table with threshold 15 (max threshold 15)
[2023-11-15T22:41:14.079+0000][7][gc,age      ] GC(150) - age   1:    4044056 bytes,    4044056 total
[2023-11-15T22:41:14.079+0000][7][gc,age      ] GC(150) - age   2:      15712 bytes,    4059768 total
[2023-11-15T22:41:14.079+0000][7][gc,age      ] GC(150) - age   3:     346152 bytes,    4405920 total
[2023-11-15T22:41:14.079+0000][7][gc,age      ] GC(150) - age   4:     175472 bytes,    4581392 total
[2023-11-15T22:41:14.079+0000][7][gc,age      ] GC(150) - age   5:     531776 bytes,    5113168 total
[2023-11-15T22:41:14.079+0000][7][gc,age      ] GC(150) - age   6:      69312 bytes,    5182480 total
[2023-11-15T22:41:14.079+0000][7][gc,phases   ] GC(150)   Pre Evacuate Collection Set: 0.1ms
[2023-11-15T22:41:14.079+0000][7][gc,phases   ] GC(150)   Merge Heap Roots: 0.0ms
[2023-11-15T22:41:14.079+0000][7][gc,phases   ] GC(150)   Evacuate Collection Set: 1.8ms
[2023-11-15T22:41:14.079+0000][7][gc,phases   ] GC(150)   Post Evacuate Collection Set: 0.4ms
[2023-11-15T22:41:14.079+0000][7][gc,phases   ] GC(150)   Other: 0.2ms
[2023-11-15T22:41:14.079+0000][7][gc,heap     ] GC(150) Eden regions: 62->0(61)
[2023-11-15T22:41:14.079+0000][7][gc,heap     ] GC(150) Survivor regions: 1->2(8)
[2023-11-15T22:41:14.079+0000][7][gc,heap     ] GC(150) Old regions: 35->35
[2023-11-15T22:41:14.079+0000][7][gc,heap     ] GC(150) Archive regions: 2->2
[2023-11-15T22:41:14.079+0000][7][gc,heap     ] GC(150) Humongous regions: 6->6
[2023-11-15T22:41:14.079+0000][7][gc,metaspace] GC(150) Metaspace: 117012K(118656K)->117012K(118656K) NonClass: 101521K(102528K)->101521K(102528K) Class: 15491K(16128K)->15491K(16128K)
[2023-11-15T22:41:14.079+0000][7][gc          ] GC(150) Pause Young (Concurrent Start) (G1 Evacuation Pause) 416M->171M(512M) 2.556ms
[2023-11-15T22:41:14.079+0000][7][gc,cpu      ] GC(150) User=0.01s Sys=0.00s Real=0.00s
[2023-11-15T22:41:14.079+0000][7][safepoint   ] Safepoint "G1CollectForAllocation", Time since last: 2189458286 ns, Reaching safepoint: 93131 ns, At safepoint: 2633003 ns, Total: 2726134 ns
[2023-11-15T22:41:14.079+0000][7][gc          ] GC(151) Concurrent Mark Cycle
[2023-11-15T22:41:14.079+0000][7][gc,marking  ] GC(151) Concurrent Clear Claimed Marks
[2023-11-15T22:41:14.079+0000][7][gc,marking  ] GC(151) Concurrent Clear Claimed Marks 0.088ms
[2023-11-15T22:41:14.079+0000][7][gc,marking  ] GC(151) Concurrent Scan Root Regions
[2023-11-15T22:41:14.081+0000][7][gc,marking  ] GC(151) Concurrent Scan Root Regions 1.872ms
[2023-11-15T22:41:14.081+0000][7][gc,marking  ] GC(151) Concurrent Mark
[2023-11-15T22:41:14.081+0000][7][gc,marking  ] GC(151) Concurrent Mark From Roots
[2023-11-15T22:41:14.081+0000][7][gc,task     ] GC(151) Using 2 workers of 2 for marking
[2023-11-15T22:41:14.144+0000][7][gc,marking  ] GC(151) Concurrent Mark From Roots 62.811ms
[2023-11-15T22:41:14.144+0000][7][gc,marking  ] GC(151) Concurrent Preclean
[2023-11-15T22:41:14.144+0000][7][gc,marking  ] GC(151) Concurrent Preclean 0.200ms
[2023-11-15T22:41:14.144+0000][7][gc,start    ] GC(151) Pause Remark
[2023-11-15T22:41:14.149+0000][7][gc          ] GC(151) Pause Remark 174M->174M(512M) 4.905ms
[2023-11-15T22:41:14.149+0000][7][gc,cpu      ] GC(151) User=0.04s Sys=0.00s Real=0.01s
[2023-11-15T22:41:14.149+0000][7][safepoint   ] Safepoint "G1Concurrent", Time since last: 65108860 ns, Reaching safepoint: 24065 ns, At safepoint: 5016446 ns, Total: 5040511 ns
[2023-11-15T22:41:14.149+0000][7][gc,marking  ] GC(151) Concurrent Mark 68.162ms
[2023-11-15T22:41:14.149+0000][7][gc,marking  ] GC(151) Concurrent Rebuild Remembered Sets
[2023-11-15T22:41:14.181+0000][7][gc,marking  ] GC(151) Concurrent Rebuild Remembered Sets 31.824ms
[2023-11-15T22:41:14.181+0000][7][gc,start    ] GC(151) Pause Cleanup
[2023-11-15T22:41:14.181+0000][7][gc          ] GC(151) Pause Cleanup 177M->177M(512M) 0.056ms
[2023-11-15T22:41:14.181+0000][7][gc,cpu      ] GC(151) User=0.00s Sys=0.00s Real=0.00s
[2023-11-15T22:41:14.181+0000][7][safepoint   ] Safepoint "G1Concurrent", Time since last: 31974427 ns, Reaching safepoint: 41912 ns, At safepoint: 106323 ns, Total: 148235 ns
[2023-11-15T22:41:14.181+0000][7][gc,marking  ] GC(151) Concurrent Cleanup for Next Mark
[2023-11-15T22:41:14.182+0000][7][gc,marking  ] GC(151) Concurrent Cleanup for Next Mark 0.354ms
[2023-11-15T22:41:14.182+0000][7][gc          ] GC(151) Concurrent Mark Cycle 102.639ms
[2023-11-15T22:41:29.087+0000][7][gc,start    ] GC(152) Pause Young (Prepare Mixed) (G1 Evacuation Pause)
[2023-11-15T22:41:29.087+0000][7][gc,task     ] GC(152) Using 8 workers of 8 for evacuation
[2023-11-15T22:41:29.087+0000][7][gc,age      ] GC(152) Desired survivor size 16777216 bytes, new threshold 15 (max threshold 15)
[2023-11-15T22:41:29.094+0000][7][gc,age      ] GC(152) Age table with threshold 15 (max threshold 15)
[2023-11-15T22:41:29.094+0000][7][gc,age      ] GC(152) - age   1:    1632200 bytes,    1632200 total
[2023-11-15T22:41:29.094+0000][7][gc,age      ] GC(152) - age   2:    3566280 bytes,    5198480 total
[2023-11-15T22:41:29.094+0000][7][gc,age      ] GC(152) - age   3:      15392 bytes,    5213872 total
[2023-11-15T22:41:29.094+0000][7][gc,age      ] GC(152) - age   4:     345256 bytes,    5559128 total
[2023-11-15T22:41:29.094+0000][7][gc,age      ] GC(152) - age   5:     175000 bytes,    5734128 total
[2023-11-15T22:41:29.094+0000][7][gc,age      ] GC(152) - age   6:     531224 bytes,    6265352 total
[2023-11-15T22:41:29.094+0000][7][gc,age      ] GC(152) - age   7:      69312 bytes,    6334664 total
[2023-11-15T22:41:29.094+0000][7][gc,phases   ] GC(152)   Pre Evacuate Collection Set: 0.2ms
[2023-11-15T22:41:29.094+0000][7][gc,phases   ] GC(152)   Merge Heap Roots: 0.2ms
[2023-11-15T22:41:29.094+0000][7][gc,phases   ] GC(152)   Evacuate Collection Set: 4.9ms
[2023-11-15T22:41:29.094+0000][7][gc,phases   ] GC(152)   Post Evacuate Collection Set: 1.2ms
[2023-11-15T22:41:29.094+0000][7][gc,phases   ] GC(152)   Other: 0.5ms
[2023-11-15T22:41:29.094+0000][7][gc,heap     ] GC(152) Eden regions: 61->0(4)
[2023-11-15T22:41:29.094+0000][7][gc,heap     ] GC(152) Survivor regions: 2->2(8)
[2023-11-15T22:41:29.094+0000][7][gc,heap     ] GC(152) Old regions: 35->35
[2023-11-15T22:41:29.094+0000][7][gc,heap     ] GC(152) Archive regions: 2->2
[2023-11-15T22:41:29.094+0000][7][gc,heap     ] GC(152) Humongous regions: 6->6
[2023-11-15T22:41:29.094+0000][7][gc,metaspace] GC(152) Metaspace: 117021K(118656K)->117021K(118656K) NonClass: 101529K(102528K)->101529K(102528K) Class: 15491K(16128K)->15491K(16128K)
[2023-11-15T22:41:29.094+0000][7][gc          ] GC(152) Pause Young (Prepare Mixed) (G1 Evacuation Pause) 415M->172M(512M) 7.175ms
[2023-11-15T22:41:29.094+0000][7][gc,cpu      ] GC(152) User=0.04s Sys=0.00s Real=0.00s
[2023-11-15T22:41:29.094+0000][7][safepoint   ] Safepoint "G1CollectForAllocation", Time since last: 14905580425 ns, Reaching safepoint: 150994 ns, At safepoint: 7376553 ns, Total: 7527547 ns
[2023-11-15T22:41:29.954+0000][7][gc,start    ] GC(153) Pause Young (Mixed) (G1 Evacuation Pause)
[2023-11-15T22:41:29.954+0000][7][gc,task     ] GC(153) Using 8 workers of 8 for evacuation
[2023-11-15T22:41:29.954+0000][7][gc,age      ] GC(153) Desired survivor size 2097152 bytes, new threshold 2 (max threshold 15)
[2023-11-15T22:41:29.979+0000][7][gc,age      ] GC(153) Age table with threshold 2 (max threshold 15)
[2023-11-15T22:41:29.979+0000][7][gc,age      ] GC(153) - age   1:     299648 bytes,     299648 total
[2023-11-15T22:41:29.979+0000][7][gc,age      ] GC(153) - age   2:     268496 bytes,     568144 total
[2023-11-15T22:41:29.979+0000][7][gc,phases   ] GC(153)   Pre Evacuate Collection Set: 0.2ms
[2023-11-15T22:41:29.979+0000][7][gc,phases   ] GC(153)   Merge Heap Roots: 0.1ms
[2023-11-15T22:41:29.979+0000][7][gc,phases   ] GC(153)   Evacuate Collection Set: 23.5ms
[2023-11-15T22:41:29.979+0000][7][gc,phases   ] GC(153)   Post Evacuate Collection Set: 1.4ms
[2023-11-15T22:41:29.979+0000][7][gc,phases   ] GC(153)   Other: 0.4ms
[2023-11-15T22:41:29.979+0000][7][gc,heap     ] GC(153) Eden regions: 4->0(61)
[2023-11-15T22:41:29.979+0000][7][gc,heap     ] GC(153) Survivor regions: 2->1(1)
[2023-11-15T22:41:29.979+0000][7][gc,heap     ] GC(153) Old regions: 35->36
[2023-11-15T22:41:29.979+0000][7][gc,heap     ] GC(153) Archive regions: 2->2
[2023-11-15T22:41:29.979+0000][7][gc,heap     ] GC(153) Humongous regions: 6->6
[2023-11-15T22:41:29.979+0000][7][gc,metaspace] GC(153) Metaspace: 117021K(118656K)->117021K(118656K) NonClass: 101529K(102528K)->101529K(102528K) Class: 15491K(16128K)->15491K(16128K)
[2023-11-15T22:41:29.979+0000][7][gc          ] GC(153) Pause Young (Mixed) (G1 Evacuation Pause) 188M->169M(512M) 25.678ms
[2023-11-15T22:41:29.980+0000][7][gc,cpu      ] GC(153) User=0.05s Sys=0.02s Real=0.03s
[2023-11-15T22:41:29.980+0000][7][safepoint   ] Safepoint "G1CollectForAllocation", Time since last: 859159531 ns, Reaching safepoint: 113736 ns, At safepoint: 25895441 ns, Total: 26009177 ns
[2023-11-15T22:41:37.981+0000][7][safepoint   ] Safepoint "Cleanup", Time since last: 8001037121 ns, Reaching safepoint: 109381 ns, At safepoint: 14766 ns, Total: 124147 ns
[2023-11-15T22:41:46.798+0000][7][gc,start    ] GC(154) Pause Young (Concurrent Start) (G1 Evacuation Pause)
[2023-11-15T22:41:46.798+0000][7][gc,task     ] GC(154) Using 8 workers of 8 for evacuation
[2023-11-15T22:41:46.798+0000][7][gc,age      ] GC(154) Desired survivor size 16777216 bytes, new threshold 15 (max threshold 15)
[2023-11-15T22:41:46.803+0000][7][gc,age      ] GC(154) Age table with threshold 15 (max threshold 15)
[2023-11-15T22:41:46.803+0000][7][gc,age      ] GC(154) - age   1:    1357664 bytes,    1357664 total
[2023-11-15T22:41:46.803+0000][7][gc,age      ] GC(154) - age   2:     198312 bytes,    1555976 total
[2023-11-15T22:41:46.803+0000][7][gc,age      ] GC(154) - age   3:     253016 bytes,    1808992 total
[2023-11-15T22:41:46.803+0000][7][gc,phases   ] GC(154)   Pre Evacuate Collection Set: 0.4ms
[2023-11-15T22:41:46.803+0000][7][gc,phases   ] GC(154)   Merge Heap Roots: 0.2ms
[2023-11-15T22:41:46.803+0000][7][gc,phases   ] GC(154)   Evacuate Collection Set: 3.7ms
[2023-11-15T22:41:46.803+0000][7][gc,phases   ] GC(154)   Post Evacuate Collection Set: 1.0ms
[2023-11-15T22:41:46.803+0000][7][gc,phases   ] GC(154)   Other: 0.5ms
[2023-11-15T22:41:46.803+0000][7][gc,heap     ] GC(154) Eden regions: 61->0(61)
[2023-11-15T22:41:46.804+0000][7][gc,heap     ] GC(154) Survivor regions: 1->1(8)
[2023-11-15T22:41:46.804+0000][7][gc,heap     ] GC(154) Old regions: 36->36
[2023-11-15T22:41:46.804+0000][7][gc,heap     ] GC(154) Archive regions: 2->2
[2023-11-15T22:41:46.804+0000][7][gc,heap     ] GC(154) Humongous regions: 6->6
[2023-11-15T22:41:46.804+0000][7][gc,metaspace] GC(154) Metaspace: 117022K(118656K)->117022K(118656K) NonClass: 101531K(102528K)->101531K(102528K) Class: 15491K(16128K)->15491K(16128K)
[2023-11-15T22:41:46.804+0000][7][gc          ] GC(154) Pause Young (Concurrent Start) (G1 Evacuation Pause) 413M->170M(512M) 5.852ms
[2023-11-15T22:41:46.804+0000][7][gc,cpu      ] GC(154) User=0.02s Sys=0.00s Real=0.00s
[2023-11-15T22:41:46.804+0000][7][safepoint   ] Safepoint "G1CollectForAllocation", Time since last: 8816658025 ns, Reaching safepoint: 224274 ns, At safepoint: 6052729 ns, Total: 6277003 ns
[2023-11-15T22:41:46.804+0000][7][gc          ] GC(155) Concurrent Mark Cycle
[2023-11-15T22:41:46.804+0000][7][gc,marking  ] GC(155) Concurrent Clear Claimed Marks
[2023-11-15T22:41:46.804+0000][7][gc,marking  ] GC(155) Concurrent Clear Claimed Marks 0.132ms
[2023-11-15T22:41:46.804+0000][7][gc,marking  ] GC(155) Concurrent Scan Root Regions
[2023-11-15T22:41:46.809+0000][7][gc,marking  ] GC(155) Concurrent Scan Root Regions 4.910ms
[2023-11-15T22:41:46.809+0000][7][gc,marking  ] GC(155) Concurrent Mark
[2023-11-15T22:41:46.809+0000][7][gc,marking  ] GC(155) Concurrent Mark From Roots
[2023-11-15T22:41:46.809+0000][7][gc,task     ] GC(155) Using 2 workers of 2 for marking
[2023-11-15T22:41:46.871+0000][7][gc,marking  ] GC(155) Concurrent Mark From Roots 62.081ms
[2023-11-15T22:41:46.871+0000][7][gc,marking  ] GC(155) Concurrent Preclean
[2023-11-15T22:41:46.871+0000][7][gc,marking  ] GC(155) Concurrent Preclean 0.167ms
[2023-11-15T22:41:46.871+0000][7][gc,start    ] GC(155) Pause Remark
[2023-11-15T22:41:46.876+0000][7][gc          ] GC(155) Pause Remark 178M->178M(512M) 4.939ms
[2023-11-15T22:41:46.876+0000][7][gc,cpu      ] GC(155) User=0.03s Sys=0.00s Real=0.01s
[2023-11-15T22:41:46.876+0000][7][safepoint   ] Safepoint "G1Concurrent", Time since last: 67547083 ns, Reaching safepoint: 101473 ns, At safepoint: 5013966 ns, Total: 5115439 ns
[2023-11-15T22:41:46.876+0000][7][gc,marking  ] GC(155) Concurrent Mark 67.478ms
[2023-11-15T22:41:46.876+0000][7][gc,marking  ] GC(155) Concurrent Rebuild Remembered Sets
[2023-11-15T22:41:46.908+0000][7][gc,marking  ] GC(155) Concurrent Rebuild Remembered Sets 31.621ms
[2023-11-15T22:41:46.908+0000][7][gc,start    ] GC(155) Pause Cleanup
[2023-11-15T22:41:46.908+0000][7][gc          ] GC(155) Pause Cleanup 178M->178M(512M) 0.092ms
[2023-11-15T22:41:46.908+0000][7][gc,cpu      ] GC(155) User=0.00s Sys=0.00s Real=0.00s
[2023-11-15T22:41:46.908+0000][7][safepoint   ] Safepoint "G1Concurrent", Time since last: 31823814 ns, Reaching safepoint: 63098 ns, At safepoint: 133205 ns, Total: 196303 ns
[2023-11-15T22:41:46.908+0000][7][gc,marking  ] GC(155) Concurrent Cleanup for Next Mark
[2023-11-15T22:41:46.909+0000][7][gc,marking  ] GC(155) Concurrent Cleanup for Next Mark 0.324ms
[2023-11-15T22:41:46.909+0000][7][gc          ] GC(155) Concurrent Mark Cycle 105.062ms
[2023-11-15T22:41:47.909+0000][7][safepoint   ] Safepoint "Cleanup", Time since last: 1000114540 ns, Reaching safepoint: 68740 ns, At safepoint: 16308 ns, Total: 85048 ns
[2023-11-15T22:42:01.844+0000][7][gc,start    ] GC(156) Pause Young (Prepare Mixed) (G1 Evacuation Pause)
[2023-11-15T22:42:01.844+0000][7][gc,task     ] GC(156) Using 8 workers of 8 for evacuation
[2023-11-15T22:42:01.844+0000][7][gc,age      ] GC(156) Desired survivor size 16777216 bytes, new threshold 15 (max threshold 15)
[2023-11-15T22:42:01.847+0000][7][gc,age      ] GC(156) Age table with threshold 15 (max threshold 15)
[2023-11-15T22:42:01.847+0000][7][gc,age      ] GC(156) - age   1:    1282960 bytes,    1282960 total
[2023-11-15T22:42:01.847+0000][7][gc,age      ] GC(156) - age   2:     316376 bytes,    1599336 total
[2023-11-15T22:42:01.847+0000][7][gc,age      ] GC(156) - age   3:     103568 bytes,    1702904 total
[2023-11-15T22:42:01.847+0000][7][gc,age      ] GC(156) - age   4:     236272 bytes,    1939176 total
[2023-11-15T22:42:01.847+0000][7][gc,phases   ] GC(156)   Pre Evacuate Collection Set: 0.1ms
[2023-11-15T22:42:01.847+0000][7][gc,phases   ] GC(156)   Merge Heap Roots: 0.1ms
[2023-11-15T22:42:01.847+0000][7][gc,phases   ] GC(156)   Evacuate Collection Set: 2.1ms
[2023-11-15T22:42:01.847+0000][7][gc,phases   ] GC(156)   Post Evacuate Collection Set: 0.7ms
[2023-11-15T22:42:01.847+0000][7][gc,phases   ] GC(156)   Other: 0.2ms
[2023-11-15T22:42:01.847+0000][7][gc,heap     ] GC(156) Eden regions: 61->0(5)
[2023-11-15T22:42:01.847+0000][7][gc,heap     ] GC(156) Survivor regions: 1->1(8)
[2023-11-15T22:42:01.847+0000][7][gc,heap     ] GC(156) Old regions: 36->36
[2023-11-15T22:42:01.847+0000][7][gc,heap     ] GC(156) Archive regions: 2->2
[2023-11-15T22:42:01.847+0000][7][gc,heap     ] GC(156) Humongous regions: 6->6
[2023-11-15T22:42:01.847+0000][7][gc,metaspace] GC(156) Metaspace: 117032K(118656K)->117032K(118656K) NonClass: 101540K(102528K)->101540K(102528K) Class: 15491K(16128K)->15491K(16128K)
[2023-11-15T22:42:01.847+0000][7][gc          ] GC(156) Pause Young (Prepare Mixed) (G1 Evacuation Pause) 414M->171M(512M) 3.248ms
[2023-11-15T22:42:01.847+0000][7][gc,cpu      ] GC(156) User=0.02s Sys=0.00s Real=0.01s
[2023-11-15T22:42:01.847+0000][7][safepoint   ] Safepoint "G1CollectForAllocation", Time since last: 13935444138 ns, Reaching safepoint: 39288 ns, At safepoint: 3363155 ns, Total: 3402443 ns
[2023-11-15T22:42:03.077+0000][7][gc,start    ] GC(157) Pause Young (Mixed) (G1 Evacuation Pause)
[2023-11-15T22:42:03.078+0000][7][gc,task     ] GC(157) Using 8 workers of 8 for evacuation
[2023-11-15T22:42:03.078+0000][7][gc,age      ] GC(157) Desired survivor size 2097152 bytes, new threshold 15 (max threshold 15)
[2023-11-15T22:42:03.116+0000][7][gc,age      ] GC(157) Age table with threshold 15 (max threshold 15)
[2023-11-15T22:42:03.116+0000][7][gc,age      ] GC(157) - age   1:     316008 bytes,     316008 total
[2023-11-15T22:42:03.116+0000][7][gc,age      ] GC(157) - age   2:    1139616 bytes,    1455624 total
[2023-11-15T22:42:03.116+0000][7][gc,age      ] GC(157) - age   3:     316152 bytes,    1771776 total
[2023-11-15T22:42:03.116+0000][7][gc,age      ] GC(157) - age   4:     103568 bytes,    1875344 total
[2023-11-15T22:42:03.116+0000][7][gc,age      ] GC(157) - age   5:     236272 bytes,    2111616 total
[2023-11-15T22:42:03.116+0000][7][gc,phases   ] GC(157)   Pre Evacuate Collection Set: 0.2ms
[2023-11-15T22:42:03.116+0000][7][gc,phases   ] GC(157)   Merge Heap Roots: 0.1ms
[2023-11-15T22:42:03.116+0000][7][gc,phases   ] GC(157)   Evacuate Collection Set: 37.1ms
[2023-11-15T22:42:03.116+0000][7][gc,phases   ] GC(157)   Post Evacuate Collection Set: 0.6ms
[2023-11-15T22:42:03.116+0000][7][gc,phases   ] GC(157)   Other: 0.4ms
[2023-11-15T22:42:03.116+0000][7][gc,heap     ] GC(157) Eden regions: 5->0(62)
[2023-11-15T22:42:03.116+0000][7][gc,heap     ] GC(157) Survivor regions: 1->1(1)
[2023-11-15T22:42:03.116+0000][7][gc,heap     ] GC(157) Old regions: 36->35
[2023-11-15T22:42:03.116+0000][7][gc,heap     ] GC(157) Archive regions: 2->2
[2023-11-15T22:42:03.116+0000][7][gc,heap     ] GC(157) Humongous regions: 6->6
[2023-11-15T22:42:03.116+0000][7][gc,metaspace] GC(157) Metaspace: 117032K(118656K)->117032K(118656K) NonClass: 101540K(102528K)->101540K(102528K) Class: 15491K(16128K)->15491K(16128K)
[2023-11-15T22:42:03.116+0000][7][gc          ] GC(157) Pause Young (Mixed) (G1 Evacuation Pause) 191M->170M(512M) 38.510ms
[2023-11-15T22:42:03.116+0000][7][gc,cpu      ] GC(157) User=0.07s Sys=0.03s Real=0.04s
[2023-11-15T22:42:03.116+0000][7][safepoint   ] Safepoint "G1CollectForAllocation", Time since last: 1229775541 ns, Reaching safepoint: 159743 ns, At safepoint: 38671069 ns, Total: 38830812 ns
[2023-11-15T22:42:05.116+0000][7][safepoint   ] Safepoint "Cleanup", Time since last: 2000287697 ns, Reaching safepoint: 49715 ns, At safepoint: 5729 ns, Total: 55444 ns
[2023-11-15T22:42:17.118+0000][7][safepoint   ] Safepoint "Cleanup", Time since last: 12001372306 ns, Reaching safepoint: 44362 ns, At safepoint: 4282 ns, Total: 48644 ns
[2023-11-15T22:42:17.810+0000][7][gc,start    ] GC(158) Pause Young (Concurrent Start) (G1 Evacuation Pause)
[2023-11-15T22:42:17.810+0000][7][gc,task     ] GC(158) Using 8 workers of 8 for evacuation
[2023-11-15T22:42:17.810+0000][7][gc,age      ] GC(158) Desired survivor size 16777216 bytes, new threshold 15 (max threshold 15)
[2023-11-15T22:42:17.817+0000][7][gc,age      ] GC(158) Age table with threshold 15 (max threshold 15)
[2023-11-15T22:42:17.817+0000][7][gc,age      ] GC(158) - age   1:    1766424 bytes,    1766424 total
[2023-11-15T22:42:17.817+0000][7][gc,age      ] GC(158) - age   2:      33080 bytes,    1799504 total
[2023-11-15T22:42:17.817+0000][7][gc,age      ] GC(158) - age   3:     352008 bytes,    2151512 total
[2023-11-15T22:42:17.817+0000][7][gc,age      ] GC(158) - age   4:     266688 bytes,    2418200 total
[2023-11-15T22:42:17.817+0000][7][gc,age      ] GC(158) - age   5:      48112 bytes,    2466312 total
[2023-11-15T22:42:17.817+0000][7][gc,age      ] GC(158) - age   6:     186608 bytes,    2652920 total
[2023-11-15T22:42:17.817+0000][7][gc,phases   ] GC(158)   Pre Evacuate Collection Set: 0.3ms
[2023-11-15T22:42:17.817+0000][7][gc,phases   ] GC(158)   Merge Heap Roots: 0.1ms
[2023-11-15T22:42:17.817+0000][7][gc,phases   ] GC(158)   Evacuate Collection Set: 4.8ms
[2023-11-15T22:42:17.817+0000][7][gc,phases   ] GC(158)   Post Evacuate Collection Set: 1.2ms
[2023-11-15T22:42:17.817+0000][7][gc,phases   ] GC(158)   Other: 0.6ms
[2023-11-15T22:42:17.817+0000][7][gc,heap     ] GC(158) Eden regions: 62->0(62)
[2023-11-15T22:42:17.817+0000][7][gc,heap     ] GC(158) Survivor regions: 1->1(8)
[2023-11-15T22:42:17.817+0000][7][gc,heap     ] GC(158) Old regions: 35->35
[2023-11-15T22:42:17.817+0000][7][gc,heap     ] GC(158) Archive regions: 2->2
[2023-11-15T22:42:17.817+0000][7][gc,heap     ] GC(158) Humongous regions: 6->6
[2023-11-15T22:42:17.817+0000][7][gc,metaspace] GC(158) Metaspace: 117040K(118656K)->117040K(118656K) NonClass: 101548K(102528K)->101548K(102528K) Class: 15491K(16128K)->15491K(16128K)
[2023-11-15T22:42:17.817+0000][7][gc          ] GC(158) Pause Young (Concurrent Start) (G1 Evacuation Pause) 418M->170M(512M) 7.260ms
[2023-11-15T22:42:17.817+0000][7][gc,cpu      ] GC(158) User=0.03s Sys=0.00s Real=0.01s
[2023-11-15T22:42:17.817+0000][7][safepoint   ] Safepoint "G1CollectForAllocation", Time since last: 691810170 ns, Reaching safepoint: 85854 ns, At safepoint: 7495171 ns, Total: 7581025 ns
[2023-11-15T22:42:17.817+0000][7][gc          ] GC(159) Concurrent Mark Cycle
[2023-11-15T22:42:17.817+0000][7][gc,marking  ] GC(159) Concurrent Clear Claimed Marks
[2023-11-15T22:42:17.817+0000][7][gc,marking  ] GC(159) Concurrent Clear Claimed Marks 0.177ms
[2023-11-15T22:42:17.817+0000][7][gc,marking  ] GC(159) Concurrent Scan Root Regions
[2023-11-15T22:42:17.823+0000][7][gc,marking  ] GC(159) Concurrent Scan Root Regions 5.916ms
[2023-11-15T22:42:17.823+0000][7][gc,marking  ] GC(159) Concurrent Mark
[2023-11-15T22:42:17.823+0000][7][gc,marking  ] GC(159) Concurrent Mark From Roots
[2023-11-15T22:42:17.823+0000][7][gc,task     ] GC(159) Using 2 workers of 2 for marking
[2023-11-15T22:42:17.901+0000][7][gc,marking  ] GC(159) Concurrent Mark From Roots 77.762ms
[2023-11-15T22:42:17.901+0000][7][gc,marking  ] GC(159) Concurrent Preclean
[2023-11-15T22:42:17.902+0000][7][gc,marking  ] GC(159) Concurrent Preclean 0.230ms
[2023-11-15T22:42:17.902+0000][7][gc,start    ] GC(159) Pause Remark
[2023-11-15T22:42:17.907+0000][7][gc          ] GC(159) Pause Remark 173M->173M(512M) 5.660ms
[2023-11-15T22:42:17.907+0000][7][gc,cpu      ] GC(159) User=0.04s Sys=0.01s Real=0.01s
[2023-11-15T22:42:17.907+0000][7][safepoint   ] Safepoint "G1Concurrent", Time since last: 84406228 ns, Reaching safepoint: 26254 ns, At safepoint: 5730420 ns, Total: 5756674 ns
[2023-11-15T22:42:17.907+0000][7][gc,marking  ] GC(159) Concurrent Mark 83.906ms
[2023-11-15T22:42:17.907+0000][7][gc,marking  ] GC(159) Concurrent Rebuild Remembered Sets
[2023-11-15T22:42:17.940+0000][7][gc,marking  ] GC(159) Concurrent Rebuild Remembered Sets 32.320ms
[2023-11-15T22:42:17.940+0000][7][gc,start    ] GC(159) Pause Cleanup
[2023-11-15T22:42:17.940+0000][7][gc          ] GC(159) Pause Cleanup 173M->173M(512M) 0.118ms
[2023-11-15T22:42:17.940+0000][7][gc,cpu      ] GC(159) User=0.00s Sys=0.00s Real=0.00s
[2023-11-15T22:42:17.940+0000][7][safepoint   ] Safepoint "G1Concurrent", Time since last: 32405176 ns, Reaching safepoint: 26123 ns, At safepoint: 152818 ns, Total: 178941 ns
[2023-11-15T22:42:17.940+0000][7][gc,marking  ] GC(159) Concurrent Cleanup for Next Mark
[2023-11-15T22:42:17.940+0000][7][gc,marking  ] GC(159) Concurrent Cleanup for Next Mark 0.322ms
[2023-11-15T22:42:17.940+0000][7][gc          ] GC(159) Concurrent Mark Cycle 123.158ms
[2023-11-15T22:42:18.940+0000][7][safepoint   ] Safepoint "Cleanup", Time since last: 1000189042 ns, Reaching safepoint: 106916 ns, At safepoint: 21120 ns, Total: 128036 ns
[2023-11-15T22:42:19.941+0000][7][safepoint   ] Safepoint "Cleanup", Time since last: 1000381852 ns, Reaching safepoint: 111548 ns, At safepoint: 15699 ns, Total: 127247 ns
[2023-11-15T22:42:25.942+0000][7][safepoint   ] Safepoint "Cleanup", Time since last: 6000964525 ns, Reaching safepoint: 48949 ns, At safepoint: 3926 ns, Total: 52875 ns
[2023-11-15T22:42:28.942+0000][7][safepoint   ] Safepoint "Cleanup", Time since last: 3000417516 ns, Reaching safepoint: 110639 ns, At safepoint: 15820 ns, Total: 126459 ns
[2023-11-15T22:42:33.327+0000][7][gc,start    ] GC(160) Pause Young (Normal) (G1 Evacuation Pause)
[2023-11-15T22:42:33.327+0000][7][gc,task     ] GC(160) Using 8 workers of 8 for evacuation
[2023-11-15T22:42:33.328+0000][7][gc,age      ] GC(160) Desired survivor size 16777216 bytes, new threshold 15 (max threshold 15)
[2023-11-15T22:42:33.331+0000][7][gc,age      ] GC(160) Age table with threshold 15 (max threshold 15)
[2023-11-15T22:42:33.331+0000][7][gc,age      ] GC(160) - age   1:    2644552 bytes,    2644552 total
[2023-11-15T22:42:33.331+0000][7][gc,age      ] GC(160) - age   2:     345952 bytes,    2990504 total
[2023-11-15T22:42:33.331+0000][7][gc,age      ] GC(160) - age   3:      32920 bytes,    3023424 total
[2023-11-15T22:42:33.331+0000][7][gc,age      ] GC(160) - age   4:     223344 bytes,    3246768 total
[2023-11-15T22:42:33.331+0000][7][gc,age      ] GC(160) - age   5:     260520 bytes,    3507288 total
[2023-11-15T22:42:33.331+0000][7][gc,age      ] GC(160) - age   6:      48016 bytes,    3555304 total
[2023-11-15T22:42:33.331+0000][7][gc,age      ] GC(160) - age   7:     185376 bytes,    3740680 total
[2023-11-15T22:42:33.331+0000][7][gc,phases   ] GC(160)   Pre Evacuate Collection Set: 0.1ms
[2023-11-15T22:42:33.331+0000][7][gc,phases   ] GC(160)   Merge Heap Roots: 0.1ms
[2023-11-15T22:42:33.331+0000][7][gc,phases   ] GC(160)   Evacuate Collection Set: 2.1ms
[2023-11-15T22:42:33.331+0000][7][gc,phases   ] GC(160)   Post Evacuate Collection Set: 0.8ms
[2023-11-15T22:42:33.331+0000][7][gc,phases   ] GC(160)   Other: 0.3ms
[2023-11-15T22:42:33.331+0000][7][gc,heap     ] GC(160) Eden regions: 62->0(62)
[2023-11-15T22:42:33.331+0000][7][gc,heap     ] GC(160) Survivor regions: 1->1(8)
[2023-11-15T22:42:33.331+0000][7][gc,heap     ] GC(160) Old regions: 35->35
[2023-11-15T22:42:33.331+0000][7][gc,heap     ] GC(160) Archive regions: 2->2
[2023-11-15T22:42:33.331+0000][7][gc,heap     ] GC(160) Humongous regions: 6->6
[2023-11-15T22:42:33.331+0000][7][gc,metaspace] GC(160) Metaspace: 117045K(118656K)->117045K(118656K) NonClass: 101553K(102528K)->101553K(102528K) Class: 15491K(16128K)->15491K(16128K)
[2023-11-15T22:42:33.331+0000][7][gc          ] GC(160) Pause Young (Normal) (G1 Evacuation Pause) 418M->171M(512M) 3.381ms
[2023-11-15T22:42:33.331+0000][7][gc,cpu      ] GC(160) User=0.01s Sys=0.00s Real=0.00s
[2023-11-15T22:42:33.331+0000][7][safepoint   ] Safepoint "G1CollectForAllocation", Time since last: 4385029401 ns, Reaching safepoint: 35476 ns, At safepoint: 3491323 ns, Total: 3526799 ns
[2023-11-15T22:42:35.331+0000][7][safepoint   ] Safepoint "Cleanup", Time since last: 2000297924 ns, Reaching safepoint: 156715 ns, At safepoint: 22842 ns, Total: 179557 ns
[2023-11-15T22:42:41.332+0000][7][safepoint   ] Safepoint "Cleanup", Time since last: 6000808067 ns, Reaching safepoint: 106942 ns, At safepoint: 15142 ns, Total: 122084 ns
[2023-11-15T22:42:47.333+0000][7][safepoint   ] Safepoint "Cleanup", Time since last: 6000868648 ns, Reaching safepoint: 58659 ns, At safepoint: 5545 ns, Total: 64204 ns
[2023-11-15T22:42:48.858+0000][7][gc,start    ] GC(161) Pause Young (Concurrent Start) (G1 Evacuation Pause)
[2023-11-15T22:42:48.858+0000][7][gc,task     ] GC(161) Using 8 workers of 8 for evacuation
[2023-11-15T22:42:48.858+0000][7][gc,age      ] GC(161) Desired survivor size 16777216 bytes, new threshold 15 (max threshold 15)
[2023-11-15T22:42:48.865+0000][7][gc,age      ] GC(161) Age table with threshold 15 (max threshold 15)
[2023-11-15T22:42:48.865+0000][7][gc,age      ] GC(161) - age   1:    1322384 bytes,    1322384 total
[2023-11-15T22:42:48.865+0000][7][gc,age      ] GC(161) - age   2:    1582256 bytes,    2904640 total
[2023-11-15T22:42:48.865+0000][7][gc,age      ] GC(161) - age   3:     184584 bytes,    3089224 total
[2023-11-15T22:42:48.865+0000][7][gc,age      ] GC(161) - age   4:      32920 bytes,    3122144 total
[2023-11-15T22:42:48.865+0000][7][gc,age      ] GC(161) - age   5:     222640 bytes,    3344784 total
[2023-11-15T22:42:48.865+0000][7][gc,age      ] GC(161) - age   6:     260136 bytes,    3604920 total
[2023-11-15T22:42:48.865+0000][7][gc,age      ] GC(161) - age   7:      48016 bytes,    3652936 total
[2023-11-15T22:42:48.865+0000][7][gc,age      ] GC(161) - age   8:     185376 bytes,    3838312 total
[2023-11-15T22:42:48.865+0000][7][gc,phases   ] GC(161)   Pre Evacuate Collection Set: 0.4ms
[2023-11-15T22:42:48.865+0000][7][gc,phases   ] GC(161)   Merge Heap Roots: 0.2ms
[2023-11-15T22:42:48.865+0000][7][gc,phases   ] GC(161)   Evacuate Collection Set: 4.4ms
[2023-11-15T22:42:48.865+0000][7][gc,phases   ] GC(161)   Post Evacuate Collection Set: 1.4ms
[2023-11-15T22:42:48.865+0000][7][gc,phases   ] GC(161)   Other: 0.7ms
[2023-11-15T22:42:48.865+0000][7][gc,heap     ] GC(161) Eden regions: 62->0(62)
[2023-11-15T22:42:48.865+0000][7][gc,heap     ] GC(161) Survivor regions: 1->1(8)
[2023-11-15T22:42:48.865+0000][7][gc,heap     ] GC(161) Old regions: 35->35
[2023-11-15T22:42:48.865+0000][7][gc,heap     ] GC(161) Archive regions: 2->2
[2023-11-15T22:42:48.865+0000][7][gc,heap     ] GC(161) Humongous regions: 6->6
[2023-11-15T22:42:48.865+0000][7][gc,metaspace] GC(161) Metaspace: 117047K(118656K)->117047K(118656K) NonClass: 101556K(102528K)->101556K(102528K) Class: 15491K(16128K)->15491K(16128K)
[2023-11-15T22:42:48.865+0000][7][gc          ] GC(161) Pause Young (Concurrent Start) (G1 Evacuation Pause) 419M->171M(512M) 7.296ms
[2023-11-15T22:42:48.865+0000][7][gc,cpu      ] GC(161) User=0.03s Sys=0.01s Real=0.01s
[2023-11-15T22:42:48.865+0000][7][safepoint   ] Safepoint "G1CollectForAllocation", Time since last: 1524469234 ns, Reaching safepoint: 188951 ns, At safepoint: 7536856 ns, Total: 7725807 ns
[2023-11-15T22:42:48.865+0000][7][gc          ] GC(162) Concurrent Mark Cycle
[2023-11-15T22:42:48.866+0000][7][gc,marking  ] GC(162) Concurrent Clear Claimed Marks
[2023-11-15T22:42:48.866+0000][7][gc,marking  ] GC(162) Concurrent Clear Claimed Marks 0.179ms
[2023-11-15T22:42:48.866+0000][7][gc,marking  ] GC(162) Concurrent Scan Root Regions
[2023-11-15T22:42:48.872+0000][7][gc,marking  ] GC(162) Concurrent Scan Root Regions 6.064ms
[2023-11-15T22:42:48.872+0000][7][gc,marking  ] GC(162) Concurrent Mark
[2023-11-15T22:42:48.872+0000][7][gc,marking  ] GC(162) Concurrent Mark From Roots
[2023-11-15T22:42:48.872+0000][7][gc,task     ] GC(162) Using 2 workers of 2 for marking
[2023-11-15T22:42:48.953+0000][7][gc,marking  ] GC(162) Concurrent Mark From Roots 80.773ms
[2023-11-15T22:42:48.953+0000][7][gc,marking  ] GC(162) Concurrent Preclean
[2023-11-15T22:42:48.953+0000][7][gc,marking  ] GC(162) Concurrent Preclean 0.167ms
[2023-11-15T22:42:48.953+0000][7][gc,start    ] GC(162) Pause Remark
[2023-11-15T22:42:48.958+0000][7][gc          ] GC(162) Pause Remark 174M->174M(512M) 5.481ms
[2023-11-15T22:42:48.959+0000][7][gc,cpu      ] GC(162) User=0.04s Sys=0.00s Real=0.01s
[2023-11-15T22:42:48.959+0000][7][safepoint   ] Safepoint "G1Concurrent", Time since last: 87555788 ns, Reaching safepoint: 22842 ns, At safepoint: 5550967 ns, Total: 5573809 ns
[2023-11-15T22:42:48.959+0000][7][gc,marking  ] GC(162) Concurrent Mark 86.624ms
[2023-11-15T22:42:48.959+0000][7][gc,marking  ] GC(162) Concurrent Rebuild Remembered Sets
[2023-11-15T22:42:48.992+0000][7][gc,marking  ] GC(162) Concurrent Rebuild Remembered Sets 33.547ms
[2023-11-15T22:42:48.992+0000][7][gc,start    ] GC(162) Pause Cleanup
[2023-11-15T22:42:48.992+0000][7][gc          ] GC(162) Pause Cleanup 174M->174M(512M) 0.094ms
[2023-11-15T22:42:48.992+0000][7][gc,cpu      ] GC(162) User=0.00s Sys=0.00s Real=0.00s
[2023-11-15T22:42:48.992+0000][7][safepoint   ] Safepoint "G1Concurrent", Time since last: 33620922 ns, Reaching safepoint: 61034 ns, At safepoint: 130508 ns, Total: 191542 ns
[2023-11-15T22:42:48.992+0000][7][gc,marking  ] GC(162) Concurrent Cleanup for Next Mark
[2023-11-15T22:42:48.993+0000][7][gc,marking  ] GC(162) Concurrent Cleanup for Next Mark 0.344ms
[2023-11-15T22:42:48.993+0000][7][gc          ] GC(162) Concurrent Mark Cycle 127.359ms
[2023-11-15T22:42:49.993+0000][7][safepoint   ] Safepoint "Cleanup", Time since last: 1000119983 ns, Reaching safepoint: 163089 ns, At safepoint: 17825 ns, Total: 180914 ns
[2023-11-15T22:42:52.993+0000][7][safepoint   ] Safepoint "Cleanup", Time since last: 3000616120 ns, Reaching safepoint: 188661 ns, At safepoint: 26406 ns, Total: 215067 ns
[2023-11-15T22:42:55.994+0000][7][safepoint   ] Safepoint "Cleanup", Time since last: 3000531393 ns, Reaching safepoint: 176515 ns, At safepoint: 19019 ns, Total: 195534 ns
[2023-11-15T22:42:58.995+0000][7][safepoint   ] Safepoint "Cleanup", Time since last: 3000299929 ns, Reaching safepoint: 35238 ns, At safepoint: 4302 ns, Total: 39540 ns
[2023-11-15T22:43:04.497+0000][7][gc,start    ] GC(163) Pause Young (Prepare Mixed) (G1 Evacuation Pause)
[2023-11-15T22:43:04.497+0000][7][gc,task     ] GC(163) Using 8 workers of 8 for evacuation
[2023-11-15T22:43:04.497+0000][7][gc,age      ] GC(163) Desired survivor size 16777216 bytes, new threshold 15 (max threshold 15)
[2023-11-15T22:43:04.503+0000][7][gc,age      ] GC(163) Age table with threshold 15 (max threshold 15)
[2023-11-15T22:43:04.503+0000][7][gc,age      ] GC(163) - age   1:    1189328 bytes,    1189328 total
[2023-11-15T22:43:04.503+0000][7][gc,age      ] GC(163) - age   2:     393784 bytes,    1583112 total
[2023-11-15T22:43:04.503+0000][7][gc,age      ] GC(163) - age   3:    1418808 bytes,    3001920 total
[2023-11-15T22:43:04.503+0000][7][gc,age      ] GC(163) - age   4:     184456 bytes,    3186376 total
[2023-11-15T22:43:04.503+0000][7][gc,age      ] GC(163) - age   5:      32856 bytes,    3219232 total
[2023-11-15T22:43:04.503+0000][7][gc,age      ] GC(163) - age   6:     222480 bytes,    3441712 total
[2023-11-15T22:43:04.503+0000][7][gc,age      ] GC(163) - age   7:     260136 bytes,    3701848 total
[2023-11-15T22:43:04.503+0000][7][gc,age      ] GC(163) - age   8:      48016 bytes,    3749864 total
[2023-11-15T22:43:04.503+0000][7][gc,age      ] GC(163) - age   9:     185376 bytes,    3935240 total
[2023-11-15T22:43:04.503+0000][7][gc,phases   ] GC(163)   Pre Evacuate Collection Set: 0.2ms
[2023-11-15T22:43:04.503+0000][7][gc,phases   ] GC(163)   Merge Heap Roots: 0.2ms
[2023-11-15T22:43:04.503+0000][7][gc,phases   ] GC(163)   Evacuate Collection Set: 4.0ms
[2023-11-15T22:43:04.503+0000][7][gc,phases   ] GC(163)   Post Evacuate Collection Set: 1.2ms
[2023-11-15T22:43:04.503+0000][7][gc,phases   ] GC(163)   Other: 0.6ms
[2023-11-15T22:43:04.503+0000][7][gc,heap     ] GC(163) Eden regions: 62->0(5)
[2023-11-15T22:43:04.503+0000][7][gc,heap     ] GC(163) Survivor regions: 1->1(8)
[2023-11-15T22:43:04.503+0000][7][gc,heap     ] GC(163) Old regions: 35->35
[2023-11-15T22:43:04.503+0000][7][gc,heap     ] GC(163) Archive regions: 2->2
[2023-11-15T22:43:04.503+0000][7][gc,heap     ] GC(163) Humongous regions: 6->6
[2023-11-15T22:43:04.503+0000][7][gc,metaspace] GC(163) Metaspace: 117052K(118656K)->117052K(118656K) NonClass: 101559K(102528K)->101559K(102528K) Class: 15492K(16128K)->15492K(16128K)
[2023-11-15T22:43:04.503+0000][7][gc          ] GC(163) Pause Young (Prepare Mixed) (G1 Evacuation Pause) 419M->171M(512M) 6.281ms
[2023-11-15T22:43:04.503+0000][7][gc,cpu      ] GC(163) User=0.03s Sys=0.01s Real=0.00s
[2023-11-15T22:43:04.503+0000][7][safepoint   ] Safepoint "G1CollectForAllocation", Time since last: 5502056944 ns, Reaching safepoint: 82863 ns, At safepoint: 6496525 ns, Total: 6579388 ns
[2023-11-15T22:43:05.204+0000][7][gc,start    ] GC(164) Pause Young (Mixed) (G1 Evacuation Pause)
[2023-11-15T22:43:05.204+0000][7][gc,task     ] GC(164) Using 8 workers of 8 for evacuation
[2023-11-15T22:43:05.204+0000][7][gc,age      ] GC(164) Desired survivor size 2097152 bytes, new threshold 3 (max threshold 15)
[2023-11-15T22:43:05.217+0000][7][gc,age      ] GC(164) Age table with threshold 3 (max threshold 15)
[2023-11-15T22:43:05.217+0000][7][gc,age      ] GC(164) - age   1:     652808 bytes,     652808 total
[2023-11-15T22:43:05.217+0000][7][gc,age      ] GC(164) - age   2:    1031856 bytes,    1684664 total
[2023-11-15T22:43:05.217+0000][7][gc,age      ] GC(164) - age   3:     386592 bytes,    2071256 total
[2023-11-15T22:43:05.217+0000][7][gc,phases   ] GC(164)   Pre Evacuate Collection Set: 0.2ms
[2023-11-15T22:43:05.217+0000][7][gc,phases   ] GC(164)   Merge Heap Roots: 0.1ms
[2023-11-15T22:43:05.217+0000][7][gc,phases   ] GC(164)   Evacuate Collection Set: 11.0ms
[2023-11-15T22:43:05.217+0000][7][gc,phases   ] GC(164)   Post Evacuate Collection Set: 1.3ms
[2023-11-15T22:43:05.217+0000][7][gc,phases   ] GC(164)   Other: 0.6ms
[2023-11-15T22:43:05.217+0000][7][gc,heap     ] GC(164) Eden regions: 5->0(61)
[2023-11-15T22:43:05.217+0000][7][gc,heap     ] GC(164) Survivor regions: 1->1(1)
[2023-11-15T22:43:05.217+0000][7][gc,heap     ] GC(164) Old regions: 35->36
[2023-11-15T22:43:05.217+0000][7][gc,heap     ] GC(164) Archive regions: 2->2
[2023-11-15T22:43:05.217+0000][7][gc,heap     ] GC(164) Humongous regions: 6->6
[2023-11-15T22:43:05.217+0000][7][gc,metaspace] GC(164) Metaspace: 117053K(118656K)->117053K(118656K) NonClass: 101560K(102528K)->101560K(102528K) Class: 15492K(16128K)->15492K(16128K)
[2023-11-15T22:43:05.217+0000][7][gc          ] GC(164) Pause Young (Mixed) (G1 Evacuation Pause) 191M->171M(512M) 13.494ms
[2023-11-15T22:43:05.217+0000][7][gc,cpu      ] GC(164) User=0.05s Sys=0.00s Real=0.02s
[2023-11-15T22:43:05.217+0000][7][safepoint   ] Safepoint "G1CollectForAllocation", Time since last: 700340593 ns, Reaching safepoint: 151856 ns, At safepoint: 13776083 ns, Total: 13927939 ns
[2023-11-15T22:43:13.219+0000][7][safepoint   ] Safepoint "Cleanup", Time since last: 8000976854 ns, Reaching safepoint: 139272 ns, At safepoint: 24706 ns, Total: 163978 ns
[2023-11-15T22:43:21.189+0000][7][gc,start    ] GC(165) Pause Young (Normal) (G1 Evacuation Pause)
[2023-11-15T22:43:21.189+0000][7][gc,task     ] GC(165) Using 8 workers of 8 for evacuation
[2023-11-15T22:43:21.190+0000][7][gc,age      ] GC(165) Desired survivor size 16777216 bytes, new threshold 15 (max threshold 15)
[2023-11-15T22:43:21.194+0000][7][gc,age      ] GC(165) Age table with threshold 15 (max threshold 15)
[2023-11-15T22:43:21.195+0000][7][gc,age      ] GC(165) - age   1:    1068400 bytes,    1068400 total
[2023-11-15T22:43:21.195+0000][7][gc,age      ] GC(165) - age   2:       7928 bytes,    1076328 total
[2023-11-15T22:43:21.195+0000][7][gc,age      ] GC(165) - age   3:     206840 bytes,    1283168 total
[2023-11-15T22:43:21.195+0000][7][gc,age      ] GC(165) - age   4:     378120 bytes,    1661288 total
[2023-11-15T22:43:21.195+0000][7][gc,phases   ] GC(165)   Pre Evacuate Collection Set: 0.2ms
[2023-11-15T22:43:21.195+0000][7][gc,phases   ] GC(165)   Merge Heap Roots: 0.2ms
[2023-11-15T22:43:21.195+0000][7][gc,phases   ] GC(165)   Evacuate Collection Set: 3.0ms
[2023-11-15T22:43:21.195+0000][7][gc,phases   ] GC(165)   Post Evacuate Collection Set: 1.5ms
[2023-11-15T22:43:21.195+0000][7][gc,phases   ] GC(165)   Other: 0.5ms
[2023-11-15T22:43:21.195+0000][7][gc,heap     ] GC(165) Eden regions: 61->0(61)
[2023-11-15T22:43:21.195+0000][7][gc,heap     ] GC(165) Survivor regions: 1->1(8)
[2023-11-15T22:43:21.195+0000][7][gc,heap     ] GC(165) Old regions: 36->36
[2023-11-15T22:43:21.195+0000][7][gc,heap     ] GC(165) Archive regions: 2->2
[2023-11-15T22:43:21.195+0000][7][gc,heap     ] GC(165) Humongous regions: 6->6
[2023-11-15T22:43:21.195+0000][7][gc,metaspace] GC(165) Metaspace: 117058K(118656K)->117058K(118656K) NonClass: 101565K(102528K)->101565K(102528K) Class: 15492K(16128K)->15492K(16128K)
[2023-11-15T22:43:21.195+0000][7][gc          ] GC(165) Pause Young (Normal) (G1 Evacuation Pause) 415M->170M(512M) 5.608ms
[2023-11-15T22:43:21.195+0000][7][gc,cpu      ] GC(165) User=0.03s Sys=0.00s Real=0.01s
[2023-11-15T22:43:21.195+0000][7][safepoint   ] Safepoint "G1CollectForAllocation", Time since last: 7970542195 ns, Reaching safepoint: 102864 ns, At safepoint: 5821379 ns, Total: 5924243 ns
[2023-11-15T22:43:22.195+0000][7][safepoint   ] Safepoint "Cleanup", Time since last: 1000128802 ns, Reaching safepoint: 158292 ns, At safepoint: 21724 ns, Total: 180016 ns
[2023-11-15T22:43:36.343+0000][7][gc,start    ] GC(166) Pause Young (Normal) (G1 Evacuation Pause)
[2023-11-15T22:43:36.343+0000][7][gc,task     ] GC(166) Using 8 workers of 8 for evacuation
[2023-11-15T22:43:36.343+0000][7][gc,age      ] GC(166) Desired survivor size 16777216 bytes, new threshold 15 (max threshold 15)
[2023-11-15T22:43:36.347+0000][7][gc,age      ] GC(166) Age table with threshold 15 (max threshold 15)
[2023-11-15T22:43:36.347+0000][7][gc,age      ] GC(166) - age   1:    1658280 bytes,    1658280 total
[2023-11-15T22:43:36.347+0000][7][gc,age      ] GC(166) - age   2:     382656 bytes,    2040936 total
[2023-11-15T22:43:36.347+0000][7][gc,age      ] GC(166) - age   3:        320 bytes,    2041256 total
[2023-11-15T22:43:36.347+0000][7][gc,age      ] GC(166) - age   4:     205880 bytes,    2247136 total
[2023-11-15T22:43:36.347+0000][7][gc,age      ] GC(166) - age   5:     235512 bytes,    2482648 total
[2023-11-15T22:43:36.347+0000][7][gc,phases   ] GC(166)   Pre Evacuate Collection Set: 0.2ms
[2023-11-15T22:43:36.347+0000][7][gc,phases   ] GC(166)   Merge Heap Roots: 0.1ms
[2023-11-15T22:43:36.347+0000][7][gc,phases   ] GC(166)   Evacuate Collection Set: 2.6ms
[2023-11-15T22:43:36.347+0000][7][gc,phases   ] GC(166)   Post Evacuate Collection Set: 1.3ms
[2023-11-15T22:43:36.347+0000][7][gc,phases   ] GC(166)   Other: 0.5ms
[2023-11-15T22:43:36.347+0000][7][gc,heap     ] GC(166) Eden regions: 61->0(61)
[2023-11-15T22:43:36.347+0000][7][gc,heap     ] GC(166) Survivor regions: 1->1(8)
[2023-11-15T22:43:36.347+0000][7][gc,heap     ] GC(166) Old regions: 36->36
[2023-11-15T22:43:36.347+0000][7][gc,heap     ] GC(166) Archive regions: 2->2
[2023-11-15T22:43:36.347+0000][7][gc,heap     ] GC(166) Humongous regions: 6->6
[2023-11-15T22:43:36.347+0000][7][gc,metaspace] GC(166) Metaspace: 117059K(118656K)->117059K(118656K) NonClass: 101566K(102528K)->101566K(102528K) Class: 15492K(16128K)->15492K(16128K)
[2023-11-15T22:43:36.348+0000][7][gc          ] GC(166) Pause Young (Normal) (G1 Evacuation Pause) 414M->171M(512M) 4.921ms
[2023-11-15T22:43:36.348+0000][7][gc,cpu      ] GC(166) User=0.02s Sys=0.00s Real=0.01s
[2023-11-15T22:43:36.348+0000][7][safepoint   ] Safepoint "G1CollectForAllocation", Time since last: 14147039163 ns, Reaching safepoint: 115955 ns, At safepoint: 5121540 ns, Total: 5237495 ns
[2023-11-15T22:43:38.348+0000][7][safepoint   ] Safepoint "Cleanup", Time since last: 2000334971 ns, Reaching safepoint: 113280 ns, At safepoint: 64609 ns, Total: 177889 ns
[2023-11-15T22:43:41.349+0000][7][safepoint   ] Safepoint "Cleanup", Time since last: 3000432860 ns, Reaching safepoint: 116092 ns, At safepoint: 30832 ns, Total: 146924 ns
[2023-11-15T22:43:47.350+0000][7][safepoint   ] Safepoint "Cleanup", Time since last: 6000827566 ns, Reaching safepoint: 33636 ns, At safepoint: 3661 ns, Total: 37297 ns
[2023-11-15T22:43:51.447+0000][7][gc,start    ] GC(167) Pause Young (Concurrent Start) (G1 Evacuation Pause)
[2023-11-15T22:43:51.447+0000][7][gc,task     ] GC(167) Using 8 workers of 8 for evacuation
[2023-11-15T22:43:51.447+0000][7][gc,age      ] GC(167) Desired survivor size 16777216 bytes, new threshold 15 (max threshold 15)
[2023-11-15T22:43:51.452+0000][7][gc,age      ] GC(167) Age table with threshold 15 (max threshold 15)
[2023-11-15T22:43:51.452+0000][7][gc,age      ] GC(167) - age   1:    2075192 bytes,    2075192 total
[2023-11-15T22:43:51.452+0000][7][gc,age      ] GC(167) - age   2:     897848 bytes,    2973040 total
[2023-11-15T22:43:51.452+0000][7][gc,age      ] GC(167) - age   3:     376272 bytes,    3349312 total
[2023-11-15T22:43:51.452+0000][7][gc,age      ] GC(167) - age   4:        320 bytes,    3349632 total
[2023-11-15T22:43:51.452+0000][7][gc,age      ] GC(167) - age   5:     205720 bytes,    3555352 total
[2023-11-15T22:43:51.452+0000][7][gc,age      ] GC(167) - age   6:     235224 bytes,    3790576 total
[2023-11-15T22:43:51.452+0000][7][gc,phases   ] GC(167)   Pre Evacuate Collection Set: 0.3ms
[2023-11-15T22:43:51.452+0000][7][gc,phases   ] GC(167)   Merge Heap Roots: 0.1ms
[2023-11-15T22:43:51.452+0000][7][gc,phases   ] GC(167)   Evacuate Collection Set: 2.9ms
[2023-11-15T22:43:51.452+0000][7][gc,phases   ] GC(167)   Post Evacuate Collection Set: 0.9ms
[2023-11-15T22:43:51.452+0000][7][gc,phases   ] GC(167)   Other: 0.4ms
[2023-11-15T22:43:51.452+0000][7][gc,heap     ] GC(167) Eden regions: 61->0(60)
[2023-11-15T22:43:51.452+0000][7][gc,heap     ] GC(167) Survivor regions: 1->1(8)
[2023-11-15T22:43:51.452+0000][7][gc,heap     ] GC(167) Old regions: 36->36
[2023-11-15T22:43:51.452+0000][7][gc,heap     ] GC(167) Archive regions: 2->2
[2023-11-15T22:43:51.452+0000][7][gc,heap     ] GC(167) Humongous regions: 6->6
[2023-11-15T22:43:51.452+0000][7][gc,metaspace] GC(167) Metaspace: 117060K(118656K)->117060K(118656K) NonClass: 101567K(102528K)->101567K(102528K) Class: 15492K(16128K)->15492K(16128K)
[2023-11-15T22:43:51.452+0000][7][gc          ] GC(167) Pause Young (Concurrent Start) (G1 Evacuation Pause) 415M->172M(512M) 4.743ms
[2023-11-15T22:43:51.452+0000][7][gc,cpu      ] GC(167) User=0.02s Sys=0.00s Real=0.00s
[2023-11-15T22:43:51.452+0000][7][safepoint   ] Safepoint "G1CollectForAllocation", Time since last: 4097465352 ns, Reaching safepoint: 81737 ns, At safepoint: 4888266 ns, Total: 4970003 ns
[2023-11-15T22:43:51.452+0000][7][gc          ] GC(168) Concurrent Mark Cycle
[2023-11-15T22:43:51.452+0000][7][gc,marking  ] GC(168) Concurrent Clear Claimed Marks
[2023-11-15T22:43:51.452+0000][7][gc,marking  ] GC(168) Concurrent Clear Claimed Marks 0.127ms
[2023-11-15T22:43:51.452+0000][7][gc,marking  ] GC(168) Concurrent Scan Root Regions
[2023-11-15T22:43:51.456+0000][7][gc,marking  ] GC(168) Concurrent Scan Root Regions 3.319ms
[2023-11-15T22:43:51.456+0000][7][gc,marking  ] GC(168) Concurrent Mark
[2023-11-15T22:43:51.456+0000][7][gc,marking  ] GC(168) Concurrent Mark From Roots
[2023-11-15T22:43:51.456+0000][7][gc,task     ] GC(168) Using 2 workers of 2 for marking
[2023-11-15T22:43:51.536+0000][7][gc,marking  ] GC(168) Concurrent Mark From Roots 80.285ms
[2023-11-15T22:43:51.536+0000][7][gc,marking  ] GC(168) Concurrent Preclean
[2023-11-15T22:43:51.536+0000][7][gc,marking  ] GC(168) Concurrent Preclean 0.167ms
[2023-11-15T22:43:51.536+0000][7][gc,start    ] GC(168) Pause Remark
[2023-11-15T22:43:51.542+0000][7][gc          ] GC(168) Pause Remark 175M->175M(512M) 5.605ms
[2023-11-15T22:43:51.542+0000][7][gc,cpu      ] GC(168) User=0.04s Sys=0.00s Real=0.00s
[2023-11-15T22:43:51.542+0000][7][safepoint   ] Safepoint "G1Concurrent", Time since last: 84124489 ns, Reaching safepoint: 30380 ns, At safepoint: 5700860 ns, Total: 5731240 ns
[2023-11-15T22:43:51.542+0000][7][gc,marking  ] GC(168) Concurrent Mark 86.299ms
[2023-11-15T22:43:51.542+0000][7][gc,marking  ] GC(168) Concurrent Rebuild Remembered Sets
[2023-11-15T22:43:51.576+0000][7][gc,marking  ] GC(168) Concurrent Rebuild Remembered Sets 33.654ms
[2023-11-15T22:43:51.576+0000][7][gc,start    ] GC(168) Pause Cleanup
[2023-11-15T22:43:51.576+0000][7][gc          ] GC(168) Pause Cleanup 175M->175M(512M) 0.089ms
[2023-11-15T22:43:51.576+0000][7][gc,cpu      ] GC(168) User=0.00s Sys=0.00s Real=0.00s
[2023-11-15T22:43:51.576+0000][7][safepoint   ] Safepoint "G1Concurrent", Time since last: 33795428 ns, Reaching safepoint: 42278 ns, At safepoint: 124186 ns, Total: 166464 ns
[2023-11-15T22:43:51.576+0000][7][gc,marking  ] GC(168) Concurrent Cleanup for Next Mark
[2023-11-15T22:43:51.576+0000][7][gc,marking  ] GC(168) Concurrent Cleanup for Next Mark 0.329ms
[2023-11-15T22:43:51.576+0000][7][gc          ] GC(168) Concurrent Mark Cycle 124.215ms
[2023-11-15T22:44:06.207+0000][7][gc,start    ] GC(169) Pause Young (Prepare Mixed) (G1 Evacuation Pause)
[2023-11-15T22:44:06.208+0000][7][gc,task     ] GC(169) Using 8 workers of 8 for evacuation
[2023-11-15T22:44:06.208+0000][7][gc,age      ] GC(169) Desired survivor size 16777216 bytes, new threshold 15 (max threshold 15)
[2023-11-15T22:44:06.213+0000][7][gc,age      ] GC(169) Age table with threshold 15 (max threshold 15)
[2023-11-15T22:44:06.213+0000][7][gc,age      ] GC(169) - age   1:     663384 bytes,     663384 total
[2023-11-15T22:44:06.213+0000][7][gc,age      ] GC(169) - age   2:    1638304 bytes,    2301688 total
[2023-11-15T22:44:06.213+0000][7][gc,age      ] GC(169) - age   3:     887696 bytes,    3189384 total
[2023-11-15T22:44:06.213+0000][7][gc,age      ] GC(169) - age   4:     234896 bytes,    3424280 total
[2023-11-15T22:44:06.213+0000][7][gc,age      ] GC(169) - age   5:        232 bytes,    3424512 total
[2023-11-15T22:44:06.213+0000][7][gc,age      ] GC(169) - age   6:     205528 bytes,    3630040 total
[2023-11-15T22:44:06.213+0000][7][gc,age      ] GC(169) - age   7:     235160 bytes,    3865200 total
[2023-11-15T22:44:06.214+0000][7][gc,phases   ] GC(169)   Pre Evacuate Collection Set: 0.2ms
[2023-11-15T22:44:06.214+0000][7][gc,phases   ] GC(169)   Merge Heap Roots: 0.2ms
[2023-11-15T22:44:06.214+0000][7][gc,phases   ] GC(169)   Evacuate Collection Set: 3.8ms
[2023-11-15T22:44:06.214+0000][7][gc,phases   ] GC(169)   Post Evacuate Collection Set: 1.4ms
[2023-11-15T22:44:06.214+0000][7][gc,phases   ] GC(169)   Other: 0.6ms
[2023-11-15T22:44:06.214+0000][7][gc,heap     ] GC(169) Eden regions: 60->0(5)
[2023-11-15T22:44:06.214+0000][7][gc,heap     ] GC(169) Survivor regions: 1->1(8)
[2023-11-15T22:44:06.214+0000][7][gc,heap     ] GC(169) Old regions: 36->36
[2023-11-15T22:44:06.214+0000][7][gc,heap     ] GC(169) Archive regions: 2->2
[2023-11-15T22:44:06.214+0000][7][gc,heap     ] GC(169) Humongous regions: 6->6
[2023-11-15T22:44:06.214+0000][7][gc,metaspace] GC(169) Metaspace: 117060K(118656K)->117060K(118656K) NonClass: 101567K(102528K)->101567K(102528K) Class: 15492K(16128K)->15492K(16128K)
[2023-11-15T22:44:06.214+0000][7][gc          ] GC(169) Pause Young (Prepare Mixed) (G1 Evacuation Pause) 412M->172M(512M) 6.355ms
[2023-11-15T22:44:06.214+0000][7][gc,cpu      ] GC(169) User=0.04s Sys=0.00s Real=0.00s
[2023-11-15T22:44:06.214+0000][7][safepoint   ] Safepoint "G1CollectForAllocation", Time since last: 14631354064 ns, Reaching safepoint: 137421 ns, At safepoint: 6574937 ns, Total: 6712358 ns
[2023-11-15T22:44:07.863+0000][7][gc,start    ] GC(170) Pause Young (Mixed) (G1 Evacuation Pause)
[2023-11-15T22:44:07.863+0000][7][gc,task     ] GC(170) Using 8 workers of 8 for evacuation
[2023-11-15T22:44:07.863+0000][7][gc,age      ] GC(170) Desired survivor size 2097152 bytes, new threshold 2 (max threshold 15)
[2023-11-15T22:44:07.868+0000][7][gc,age      ] GC(170) Age table with threshold 2 (max threshold 15)
[2023-11-15T22:44:07.868+0000][7][gc,age      ] GC(170) - age   1:     102616 bytes,     102616 total
[2023-11-15T22:44:07.868+0000][7][gc,age      ] GC(170) - age   2:     630472 bytes,     733088 total
[2023-11-15T22:44:07.869+0000][7][gc,phases   ] GC(170)   Pre Evacuate Collection Set: 0.2ms
[2023-11-15T22:44:07.869+0000][7][gc,phases   ] GC(170)   Merge Heap Roots: 0.1ms
[2023-11-15T22:44:07.869+0000][7][gc,phases   ] GC(170)   Evacuate Collection Set: 3.8ms
[2023-11-15T22:44:07.869+0000][7][gc,phases   ] GC(170)   Post Evacuate Collection Set: 1.3ms
[2023-11-15T22:44:07.869+0000][7][gc,phases   ] GC(170)   Other: 0.4ms
[2023-11-15T22:44:07.869+0000][7][gc,heap     ] GC(170) Eden regions: 5->0(61)
[2023-11-15T22:44:07.869+0000][7][gc,heap     ] GC(170) Survivor regions: 1->1(1)
[2023-11-15T22:44:07.869+0000][7][gc,heap     ] GC(170) Old regions: 36->36
[2023-11-15T22:44:07.869+0000][7][gc,heap     ] GC(170) Archive regions: 2->2
[2023-11-15T22:44:07.869+0000][7][gc,heap     ] GC(170) Humongous regions: 6->6
[2023-11-15T22:44:07.869+0000][7][gc,metaspace] GC(170) Metaspace: 117060K(118656K)->117060K(118656K) NonClass: 101567K(102528K)->101567K(102528K) Class: 15492K(16128K)->15492K(16128K)
[2023-11-15T22:44:07.869+0000][7][gc          ] GC(170) Pause Young (Mixed) (G1 Evacuation Pause) 192M->170M(512M) 5.940ms
[2023-11-15T22:44:07.869+0000][7][gc,cpu      ] GC(170) User=0.03s Sys=0.00s Real=0.01s
[2023-11-15T22:44:07.869+0000][7][safepoint   ] Safepoint "G1CollectForAllocation", Time since last: 1648739723 ns, Reaching safepoint: 87149 ns, At safepoint: 6146301 ns, Total: 6233450 ns
[2023-11-15T22:44:23.262+0000][7][gc,start    ] GC(171) Pause Young (Normal) (G1 Evacuation Pause)
[2023-11-15T22:44:23.262+0000][7][gc,task     ] GC(171) Using 8 workers of 8 for evacuation
[2023-11-15T22:44:23.262+0000][7][gc,age      ] GC(171) Desired survivor size 16777216 bytes, new threshold 15 (max threshold 15)
[2023-11-15T22:44:23.268+0000][7][gc,age      ] GC(171) Age table with threshold 15 (max threshold 15)
[2023-11-15T22:44:23.268+0000][7][gc,age      ] GC(171) - age   1:    2029552 bytes,    2029552 total
[2023-11-15T22:44:23.268+0000][7][gc,age      ] GC(171) - age   2:      70840 bytes,    2100392 total
[2023-11-15T22:44:23.268+0000][7][gc,age      ] GC(171) - age   3:     518880 bytes,    2619272 total
[2023-11-15T22:44:23.268+0000][7][gc,phases   ] GC(171)   Pre Evacuate Collection Set: 0.2ms
[2023-11-15T22:44:23.268+0000][7][gc,phases   ] GC(171)   Merge Heap Roots: 0.1ms
[2023-11-15T22:44:23.268+0000][7][gc,phases   ] GC(171)   Evacuate Collection Set: 3.8ms
[2023-11-15T22:44:23.268+0000][7][gc,phases   ] GC(171)   Post Evacuate Collection Set: 1.5ms
[2023-11-15T22:44:23.268+0000][7][gc,phases   ] GC(171)   Other: 0.5ms
[2023-11-15T22:44:23.268+0000][7][gc,heap     ] GC(171) Eden regions: 61->0(61)
[2023-11-15T22:44:23.268+0000][7][gc,heap     ] GC(171) Survivor regions: 1->1(8)
[2023-11-15T22:44:23.268+0000][7][gc,heap     ] GC(171) Old regions: 36->36
[2023-11-15T22:44:23.268+0000][7][gc,heap     ] GC(171) Archive regions: 2->2
[2023-11-15T22:44:23.268+0000][7][gc,heap     ] GC(171) Humongous regions: 6->6
[2023-11-15T22:44:23.268+0000][7][gc,metaspace] GC(171) Metaspace: 117062K(118656K)->117062K(118656K) NonClass: 101569K(102528K)->101569K(102528K) Class: 15493K(16128K)->15493K(16128K)
[2023-11-15T22:44:23.269+0000][7][gc          ] GC(171) Pause Young (Normal) (G1 Evacuation Pause) 414M->172M(512M) 6.260ms
[2023-11-15T22:44:23.269+0000][7][gc,cpu      ] GC(171) User=0.03s Sys=0.01s Real=0.01s
[2023-11-15T22:44:23.269+0000][7][safepoint   ] Safepoint "G1CollectForAllocation", Time since last: 15393198243 ns, Reaching safepoint: 98108 ns, At safepoint: 6455117 ns, Total: 6553225 ns
[2023-11-15T22:44:26.269+0000][7][safepoint   ] Safepoint "Cleanup", Time since last: 3000435290 ns, Reaching safepoint: 158382 ns, At safepoint: 31319 ns, Total: 189701 ns
[2023-11-15T22:44:29.272+0000][7][safepoint   ] Safepoint "Cleanup", Time since last: 3002642359 ns, Reaching safepoint: 168512 ns, At safepoint: 20792 ns, Total: 189304 ns
[2023-11-15T22:44:38.274+0000][7][safepoint   ] Safepoint "Cleanup", Time since last: 9001407977 ns, Reaching safepoint: 139937 ns, At safepoint: 14326 ns, Total: 154263 ns
[2023-11-15T22:44:38.819+0000][7][gc,start    ] GC(172) Pause Young (Normal) (G1 Evacuation Pause)
[2023-11-15T22:44:38.819+0000][7][gc,task     ] GC(172) Using 8 workers of 8 for evacuation
[2023-11-15T22:44:38.819+0000][7][gc,age      ] GC(172) Desired survivor size 16777216 bytes, new threshold 15 (max threshold 15)
[2023-11-15T22:44:38.821+0000][7][gc,age      ] GC(172) Age table with threshold 15 (max threshold 15)
[2023-11-15T22:44:38.821+0000][7][gc,age      ] GC(172) - age   1:    1960224 bytes,    1960224 total
[2023-11-15T22:44:38.821+0000][7][gc,age      ] GC(172) - age   2:     759488 bytes,    2719712 total
[2023-11-15T22:44:38.821+0000][7][gc,age      ] GC(172) - age   3:      66248 bytes,    2785960 total
[2023-11-15T22:44:38.821+0000][7][gc,age      ] GC(172) - age   4:     202832 bytes,    2988792 total
[2023-11-15T22:44:38.821+0000][7][gc,phases   ] GC(172)   Pre Evacuate Collection Set: 0.1ms
[2023-11-15T22:44:38.821+0000][7][gc,phases   ] GC(172)   Merge Heap Roots: 0.1ms
[2023-11-15T22:44:38.821+0000][7][gc,phases   ] GC(172)   Evacuate Collection Set: 1.5ms
[2023-11-15T22:44:38.821+0000][7][gc,phases   ] GC(172)   Post Evacuate Collection Set: 0.5ms
[2023-11-15T22:44:38.821+0000][7][gc,phases   ] GC(172)   Other: 0.2ms
[2023-11-15T22:44:38.821+0000][7][gc,heap     ] GC(172) Eden regions: 61->0(61)
[2023-11-15T22:44:38.821+0000][7][gc,heap     ] GC(172) Survivor regions: 1->1(8)
[2023-11-15T22:44:38.821+0000][7][gc,heap     ] GC(172) Old regions: 36->36
[2023-11-15T22:44:38.821+0000][7][gc,heap     ] GC(172) Archive regions: 2->2
[2023-11-15T22:44:38.821+0000][7][gc,heap     ] GC(172) Humongous regions: 6->6
[2023-11-15T22:44:38.821+0000][7][gc,metaspace] GC(172) Metaspace: 117062K(118656K)->117062K(118656K) NonClass: 101569K(102528K)->101569K(102528K) Class: 15493K(16128K)->15493K(16128K)
[2023-11-15T22:44:38.821+0000][7][gc          ] GC(172) Pause Young (Normal) (G1 Evacuation Pause) 416M->173M(512M) 2.388ms
[2023-11-15T22:44:38.821+0000][7][gc,cpu      ] GC(172) User=0.01s Sys=0.01s Real=0.00s
[2023-11-15T22:44:38.821+0000][7][safepoint   ] Safepoint "G1CollectForAllocation", Time since last: 545072008 ns, Reaching safepoint: 68987 ns, At safepoint: 2465251 ns, Total: 2534238 ns
[2023-11-15T22:44:40.821+0000][7][safepoint   ] Safepoint "Cleanup", Time since last: 2000189919 ns, Reaching safepoint: 33506 ns, At safepoint: 20389 ns, Total: 53895 ns
[2023-11-15T22:44:46.822+0000][7][safepoint   ] Safepoint "Cleanup", Time since last: 6000748095 ns, Reaching safepoint: 108345 ns, At safepoint: 5528 ns, Total: 113873 ns
[2023-11-15T22:44:47.823+0000][7][safepoint   ] Safepoint "Cleanup", Time since last: 1000171504 ns, Reaching safepoint: 78554 ns, At safepoint: 9925 ns, Total: 88479 ns
[2023-11-15T22:44:48.823+0000][7][safepoint   ] Safepoint "Cleanup", Time since last: 1000158752 ns, Reaching safepoint: 121897 ns, At safepoint: 18311 ns, Total: 140208 ns
[2023-11-15T22:44:49.823+0000][7][safepoint   ] Safepoint "Cleanup", Time since last: 1000259525 ns, Reaching safepoint: 105858 ns, At safepoint: 10214 ns, Total: 116072 ns
[2023-11-15T22:44:52.824+0000][7][safepoint   ] Safepoint "Cleanup", Time since last: 3000373744 ns, Reaching safepoint: 241210 ns, At safepoint: 28757 ns, Total: 269967 ns
[2023-11-15T22:44:53.824+0000][7][safepoint   ] Safepoint "Cleanup", Time since last: 1000231351 ns, Reaching safepoint: 107577 ns, At safepoint: 14203 ns, Total: 121780 ns
[2023-11-15T22:44:53.938+0000][7][gc,start    ] GC(173) Pause Young (Concurrent Start) (G1 Evacuation Pause)
[2023-11-15T22:44:53.938+0000][7][gc,task     ] GC(173) Using 8 workers of 8 for evacuation
[2023-11-15T22:44:53.938+0000][7][gc,age      ] GC(173) Desired survivor size 16777216 bytes, new threshold 15 (max threshold 15)
[2023-11-15T22:44:53.946+0000][7][gc,age      ] GC(173) Age table with threshold 15 (max threshold 15)
[2023-11-15T22:44:53.946+0000][7][gc,age      ] GC(173) - age   1:    2234864 bytes,    2234864 total
[2023-11-15T22:44:53.946+0000][7][gc,age      ] GC(173) - age   2:     331376 bytes,    2566240 total
[2023-11-15T22:44:53.946+0000][7][gc,age      ] GC(173) - age   3:     757568 bytes,    3323808 total
[2023-11-15T22:44:53.946+0000][7][gc,age      ] GC(173) - age   4:      66248 bytes,    3390056 total
[2023-11-15T22:44:53.946+0000][7][gc,age      ] GC(173) - age   5:     202000 bytes,    3592056 total
[2023-11-15T22:44:53.947+0000][7][gc,phases   ] GC(173)   Pre Evacuate Collection Set: 0.4ms
[2023-11-15T22:44:53.947+0000][7][gc,phases   ] GC(173)   Merge Heap Roots: 0.2ms
[2023-11-15T22:44:53.947+0000][7][gc,phases   ] GC(173)   Evacuate Collection Set: 5.2ms
[2023-11-15T22:44:53.947+0000][7][gc,phases   ] GC(173)   Post Evacuate Collection Set: 2.5ms
[2023-11-15T22:44:53.947+0000][7][gc,phases   ] GC(173)   Other: 0.6ms
[2023-11-15T22:44:53.947+0000][7][gc,heap     ] GC(173) Eden regions: 61->0(61)
[2023-11-15T22:44:53.947+0000][7][gc,heap     ] GC(173) Survivor regions: 1->1(8)
[2023-11-15T22:44:53.947+0000][7][gc,heap     ] GC(173) Old regions: 36->36
[2023-11-15T22:44:53.947+0000][7][gc,heap     ] GC(173) Archive regions: 2->2
[2023-11-15T22:44:53.947+0000][7][gc,heap     ] GC(173) Humongous regions: 6->6
[2023-11-15T22:44:53.947+0000][7][gc,metaspace] GC(173) Metaspace: 117063K(118656K)->117063K(118656K) NonClass: 101570K(102528K)->101570K(102528K) Class: 15493K(16128K)->15493K(16128K)
[2023-11-15T22:44:53.947+0000][7][gc          ] GC(173) Pause Young (Concurrent Start) (G1 Evacuation Pause) 417M->173M(512M) 9.099ms
[2023-11-15T22:44:53.947+0000][7][gc,cpu      ] GC(173) User=0.04s Sys=0.00s Real=0.01s
[2023-11-15T22:44:53.947+0000][7][safepoint   ] Safepoint "G1CollectForAllocation", Time since last: 113083102 ns, Reaching safepoint: 214541 ns, At safepoint: 9367601 ns, Total: 9582142 ns
[2023-11-15T22:44:53.947+0000][7][gc          ] GC(174) Concurrent Mark Cycle
[2023-11-15T22:44:53.947+0000][7][gc,marking  ] GC(174) Concurrent Clear Claimed Marks
[2023-11-15T22:44:53.947+0000][7][gc,marking  ] GC(174) Concurrent Clear Claimed Marks 0.257ms
[2023-11-15T22:44:53.947+0000][7][gc,marking  ] GC(174) Concurrent Scan Root Regions
[2023-11-15T22:44:53.958+0000][7][gc,marking  ] GC(174) Concurrent Scan Root Regions 10.491ms
[2023-11-15T22:44:53.958+0000][7][gc,marking  ] GC(174) Concurrent Mark
[2023-11-15T22:44:53.958+0000][7][gc,marking  ] GC(174) Concurrent Mark From Roots
[2023-11-15T22:44:53.958+0000][7][gc,task     ] GC(174) Using 2 workers of 2 for marking
[2023-11-15T22:44:54.030+0000][7][gc,marking  ] GC(174) Concurrent Mark From Roots 71.854ms
[2023-11-15T22:44:54.030+0000][7][gc,marking  ] GC(174) Concurrent Preclean
[2023-11-15T22:44:54.030+0000][7][gc,marking  ] GC(174) Concurrent Preclean 0.166ms
[2023-11-15T22:44:54.030+0000][7][gc,start    ] GC(174) Pause Remark
[2023-11-15T22:44:54.035+0000][7][gc          ] GC(174) Pause Remark 179M->179M(512M) 5.179ms
[2023-11-15T22:44:54.035+0000][7][gc,cpu      ] GC(174) User=0.04s Sys=0.00s Real=0.01s
[2023-11-15T22:44:54.035+0000][7][safepoint   ] Safepoint "G1Concurrent", Time since last: 83074881 ns, Reaching safepoint: 25347 ns, At safepoint: 5285311 ns, Total: 5310658 ns
[2023-11-15T22:44:54.035+0000][7][gc,marking  ] GC(174) Concurrent Mark 77.412ms
[2023-11-15T22:44:54.035+0000][7][gc,marking  ] GC(174) Concurrent Rebuild Remembered Sets
[2023-11-15T22:44:54.067+0000][7][gc,marking  ] GC(174) Concurrent Rebuild Remembered Sets 32.123ms
[2023-11-15T22:44:54.068+0000][7][gc,start    ] GC(174) Pause Cleanup
[2023-11-15T22:44:54.068+0000][7][gc          ] GC(174) Pause Cleanup 179M->179M(512M) 0.102ms
[2023-11-15T22:44:54.068+0000][7][gc,cpu      ] GC(174) User=0.01s Sys=0.00s Real=0.00s
[2023-11-15T22:44:54.068+0000][7][safepoint   ] Safepoint "G1Concurrent", Time since last: 32195651 ns, Reaching safepoint: 22751 ns, At safepoint: 165116 ns, Total: 187867 ns
[2023-11-15T22:44:54.068+0000][7][gc,marking  ] GC(174) Concurrent Cleanup for Next Mark
[2023-11-15T22:44:54.069+0000][7][gc,marking  ] GC(174) Concurrent Cleanup for Next Mark 0.769ms
[2023-11-15T22:44:54.069+0000][7][gc          ] GC(174) Concurrent Mark Cycle 121.598ms
[2023-11-15T22:45:11.066+0000][7][gc,start    ] GC(175) Pause Young (Normal) (G1 Evacuation Pause)
[2023-11-15T22:45:11.066+0000][7][gc,task     ] GC(175) Using 8 workers of 8 for evacuation
[2023-11-15T22:45:11.066+0000][7][gc,age      ] GC(175) Desired survivor size 16777216 bytes, new threshold 15 (max threshold 15)
[2023-11-15T22:45:11.071+0000][7][gc,age      ] GC(175) Age table with threshold 15 (max threshold 15)
[2023-11-15T22:45:11.071+0000][7][gc,age      ] GC(175) - age   1:    1890392 bytes,    1890392 total
[2023-11-15T22:45:11.071+0000][7][gc,age      ] GC(175) - age   2:     743288 bytes,    2633680 total
[2023-11-15T22:45:11.071+0000][7][gc,age      ] GC(175) - age   3:     240296 bytes,    2873976 total
[2023-11-15T22:45:11.071+0000][7][gc,age      ] GC(175) - age   4:     710112 bytes,    3584088 total
[2023-11-15T22:45:11.071+0000][7][gc,age      ] GC(175) - age   5:      66248 bytes,    3650336 total
[2023-11-15T22:45:11.071+0000][7][gc,age      ] GC(175) - age   6:     201712 bytes,    3852048 total
[2023-11-15T22:45:11.071+0000][7][gc,phases   ] GC(175)   Pre Evacuate Collection Set: 0.3ms
[2023-11-15T22:45:11.071+0000][7][gc,phases   ] GC(175)   Merge Heap Roots: 0.2ms
[2023-11-15T22:45:11.071+0000][7][gc,phases   ] GC(175)   Evacuate Collection Set: 4.0ms
[2023-11-15T22:45:11.071+0000][7][gc,phases   ] GC(175)   Post Evacuate Collection Set: 0.7ms
[2023-11-15T22:45:11.071+0000][7][gc,phases   ] GC(175)   Other: 0.5ms
[2023-11-15T22:45:11.071+0000][7][gc,heap     ] GC(175) Eden regions: 61->0(61)
[2023-11-15T22:45:11.071+0000][7][gc,heap     ] GC(175) Survivor regions: 1->1(8)
[2023-11-15T22:45:11.071+0000][7][gc,heap     ] GC(175) Old regions: 36->36
[2023-11-15T22:45:11.071+0000][7][gc,heap     ] GC(175) Archive regions: 2->2
[2023-11-15T22:45:11.071+0000][7][gc,heap     ] GC(175) Humongous regions: 6->6
[2023-11-15T22:45:11.071+0000][7][gc,metaspace] GC(175) Metaspace: 117070K(118656K)->117070K(118656K) NonClass: 101576K(102528K)->101576K(102528K) Class: 15493K(16128K)->15493K(16128K)
[2023-11-15T22:45:11.071+0000][7][gc          ] GC(175) Pause Young (Normal) (G1 Evacuation Pause) 417M->174M(512M) 5.716ms
[2023-11-15T22:45:11.071+0000][7][gc,cpu      ] GC(175) User=0.03s Sys=0.00s Real=0.00s
[2023-11-15T22:45:11.071+0000][7][safepoint   ] Safepoint "G1CollectForAllocation", Time since last: 16997587935 ns, Reaching safepoint: 169843 ns, At safepoint: 5906963 ns, Total: 6076806 ns
[2023-11-15T22:45:17.952+0000][7][safepoint   ] Safepoint "Cleanup", Time since last: 6880697809 ns, Reaching safepoint: 67936 ns, At safepoint: 6281 ns, Total: 74217 ns
[2023-11-15T22:45:19.476+0000][7][gc,start    ] GC(176) Pause Young (Concurrent Start) (G1 Evacuation Pause)
[2023-11-15T22:45:19.476+0000][7][gc,task     ] GC(176) Using 8 workers of 8 for evacuation
[2023-11-15T22:45:19.476+0000][7][gc,age      ] GC(176) Desired survivor size 16777216 bytes, new threshold 15 (max threshold 15)
[2023-11-15T22:45:19.480+0000][7][gc,age      ] GC(176) Age table with threshold 15 (max threshold 15)
[2023-11-15T22:45:19.480+0000][7][gc,age      ] GC(176) - age   1:    4759288 bytes,    4759288 total
[2023-11-15T22:45:19.480+0000][7][gc,age      ] GC(176) - age   2:     302312 bytes,    5061600 total
[2023-11-15T22:45:19.480+0000][7][gc,age      ] GC(176) - age   3:     594192 bytes,    5655792 total
[2023-11-15T22:45:19.480+0000][7][gc,age      ] GC(176) - age   4:     238632 bytes,    5894424 total
[2023-11-15T22:45:19.480+0000][7][gc,age      ] GC(176) - age   5:     709816 bytes,    6604240 total
[2023-11-15T22:45:19.480+0000][7][gc,age      ] GC(176) - age   6:      66248 bytes,    6670488 total
[2023-11-15T22:45:19.480+0000][7][gc,age      ] GC(176) - age   7:     201712 bytes,    6872200 total
[2023-11-15T22:45:19.480+0000][7][gc,phases   ] GC(176)   Pre Evacuate Collection Set: 0.2ms
[2023-11-15T22:45:19.480+0000][7][gc,phases   ] GC(176)   Merge Heap Roots: 0.1ms
[2023-11-15T22:45:19.480+0000][7][gc,phases   ] GC(176)   Evacuate Collection Set: 2.4ms
[2023-11-15T22:45:19.480+0000][7][gc,phases   ] GC(176)   Post Evacuate Collection Set: 0.4ms
[2023-11-15T22:45:19.480+0000][7][gc,phases   ] GC(176)   Other: 0.2ms
[2023-11-15T22:45:19.480+0000][7][gc,heap     ] GC(176) Eden regions: 61->0(59)
[2023-11-15T22:45:19.480+0000][7][gc,heap     ] GC(176) Survivor regions: 1->2(8)
[2023-11-15T22:45:19.480+0000][7][gc,heap     ] GC(176) Old regions: 36->36
[2023-11-15T22:45:19.480+0000][7][gc,heap     ] GC(176) Archive regions: 2->2
[2023-11-15T22:45:19.480+0000][7][gc,heap     ] GC(176) Humongous regions: 6->6
[2023-11-15T22:45:19.480+0000][7][gc,metaspace] GC(176) Metaspace: 117112K(118656K)->117112K(118656K) NonClass: 101618K(102528K)->101618K(102528K) Class: 15494K(16128K)->15494K(16128K)
[2023-11-15T22:45:19.480+0000][7][gc          ] GC(176) Pause Young (Concurrent Start) (G1 Evacuation Pause) 418M->176M(512M) 3.282ms
[2023-11-15T22:45:19.480+0000][7][gc,cpu      ] GC(176) User=0.02s Sys=0.00s Real=0.00s
[2023-11-15T22:45:19.480+0000][7][gc          ] GC(177) Concurrent Mark Cycle
[2023-11-15T22:45:19.480+0000][7][gc,marking  ] GC(177) Concurrent Clear Claimed Marks
[2023-11-15T22:45:19.480+0000][7][safepoint   ] Safepoint "G1CollectForAllocation", Time since last: 1523985707 ns, Reaching safepoint: 191757 ns, At safepoint: 3344663 ns, Total: 3536420 ns
[2023-11-15T22:45:19.480+0000][7][gc,marking  ] GC(177) Concurrent Clear Claimed Marks 0.100ms
[2023-11-15T22:45:19.480+0000][7][gc,marking  ] GC(177) Concurrent Scan Root Regions
[2023-11-15T22:45:19.482+0000][7][gc,marking  ] GC(177) Concurrent Scan Root Regions 1.974ms
[2023-11-15T22:45:19.482+0000][7][gc,marking  ] GC(177) Concurrent Mark
[2023-11-15T22:45:19.482+0000][7][gc,marking  ] GC(177) Concurrent Mark From Roots
[2023-11-15T22:45:19.482+0000][7][gc,task     ] GC(177) Using 2 workers of 2 for marking
[2023-11-15T22:45:19.547+0000][7][gc,marking  ] GC(177) Concurrent Mark From Roots 65.672ms
[2023-11-15T22:45:19.548+0000][7][gc,marking  ] GC(177) Concurrent Preclean
[2023-11-15T22:45:19.548+0000][7][gc,marking  ] GC(177) Concurrent Preclean 0.343ms
[2023-11-15T22:45:19.548+0000][7][gc,start    ] GC(177) Pause Remark
[2023-11-15T22:45:19.554+0000][7][gc          ] GC(177) Pause Remark 188M->188M(512M) 5.999ms
[2023-11-15T22:45:19.554+0000][7][gc,cpu      ] GC(177) User=0.05s Sys=0.00s Real=0.00s
[2023-11-15T22:45:19.554+0000][7][safepoint   ] Safepoint "G1Concurrent", Time since last: 68210457 ns, Reaching safepoint: 42285 ns, At safepoint: 6067816 ns, Total: 6110101 ns
[2023-11-15T22:45:19.554+0000][7][gc,marking  ] GC(177) Concurrent Mark 72.224ms
[2023-11-15T22:45:19.554+0000][7][gc,marking  ] GC(177) Concurrent Rebuild Remembered Sets
[2023-11-15T22:45:19.593+0000][7][gc,marking  ] GC(177) Concurrent Rebuild Remembered Sets 39.213ms
[2023-11-15T22:45:19.593+0000][7][gc,start    ] GC(177) Pause Cleanup
[2023-11-15T22:45:19.593+0000][7][gc          ] GC(177) Pause Cleanup 195M->195M(512M) 0.083ms
[2023-11-15T22:45:19.593+0000][7][gc,cpu      ] GC(177) User=0.00s Sys=0.00s Real=0.00s
[2023-11-15T22:45:19.593+0000][7][safepoint   ] Safepoint "G1Concurrent", Time since last: 39313227 ns, Reaching safepoint: 40165 ns, At safepoint: 137635 ns, Total: 177800 ns
[2023-11-15T22:45:19.594+0000][7][gc,marking  ] GC(177) Concurrent Cleanup for Next Mark
[2023-11-15T22:45:19.594+0000][7][gc,marking  ] GC(177) Concurrent Cleanup for Next Mark 0.744ms
[2023-11-15T22:45:19.594+0000][7][gc          ] GC(177) Concurrent Mark Cycle 114.633ms
[2023-11-15T22:45:20.594+0000][7][safepoint   ] Safepoint "Cleanup", Time since last: 1000141972 ns, Reaching safepoint: 96528 ns, At safepoint: 9062 ns, Total: 105590 ns
[2023-11-15T22:45:23.594+0000][7][safepoint   ] Safepoint "Cleanup", Time since last: 3000234103 ns, Reaching safepoint: 128626 ns, At safepoint: 20810 ns, Total: 149436 ns
[2023-11-15T22:45:26.053+0000][7][gc,start    ] GC(178) Pause Young (Prepare Mixed) (G1 Evacuation Pause)
[2023-11-15T22:45:26.053+0000][7][gc,task     ] GC(178) Using 8 workers of 8 for evacuation
[2023-11-15T22:45:26.053+0000][7][gc,age      ] GC(178) Desired survivor size 16777216 bytes, new threshold 15 (max threshold 15)
[2023-11-15T22:45:26.059+0000][7][gc,age      ] GC(178) Age table with threshold 15 (max threshold 15)
[2023-11-15T22:45:26.059+0000][7][gc,age      ] GC(178) - age   1:    1896704 bytes,    1896704 total
[2023-11-15T22:45:26.059+0000][7][gc,age      ] GC(178) - age   2:    4042072 bytes,    5938776 total
[2023-11-15T22:45:26.059+0000][7][gc,age      ] GC(178) - age   3:     265304 bytes,    6204080 total
[2023-11-15T22:45:26.059+0000][7][gc,age      ] GC(178) - age   4:     385496 bytes,    6589576 total
[2023-11-15T22:45:26.059+0000][7][gc,age      ] GC(178) - age   5:     201520 bytes,    6791096 total
[2023-11-15T22:45:26.059+0000][7][gc,age      ] GC(178) - age   6:     378448 bytes,    7169544 total
[2023-11-15T22:45:26.059+0000][7][gc,age      ] GC(178) - age   7:      66176 bytes,    7235720 total
[2023-11-15T22:45:26.059+0000][7][gc,age      ] GC(178) - age   8:     166256 bytes,    7401976 total
[2023-11-15T22:45:26.059+0000][7][gc,phases   ] GC(178)   Pre Evacuate Collection Set: 0.1ms
[2023-11-15T22:45:26.059+0000][7][gc,phases   ] GC(178)   Merge Heap Roots: 0.1ms
[2023-11-15T22:45:26.059+0000][7][gc,phases   ] GC(178)   Evacuate Collection Set: 3.9ms
[2023-11-15T22:45:26.059+0000][7][gc,phases   ] GC(178)   Post Evacuate Collection Set: 1.0ms
[2023-11-15T22:45:26.059+0000][7][gc,phases   ] GC(178)   Other: 0.4ms
[2023-11-15T22:45:26.059+0000][7][gc,heap     ] GC(178) Eden regions: 59->0(4)
[2023-11-15T22:45:26.059+0000][7][gc,heap     ] GC(178) Survivor regions: 2->2(8)
[2023-11-15T22:45:26.059+0000][7][gc,heap     ] GC(178) Old regions: 36->36
[2023-11-15T22:45:26.059+0000][7][gc,heap     ] GC(178) Archive regions: 2->2
[2023-11-15T22:45:26.059+0000][7][gc,heap     ] GC(178) Humongous regions: 6->6
[2023-11-15T22:45:26.059+0000][7][gc,metaspace] GC(178) Metaspace: 117120K(118720K)->117120K(118720K) NonClass: 101625K(102592K)->101625K(102592K) Class: 15494K(16128K)->15494K(16128K)
[2023-11-15T22:45:26.059+0000][7][gc          ] GC(178) Pause Young (Prepare Mixed) (G1 Evacuation Pause) 412M->177M(512M) 5.688ms
[2023-11-15T22:45:26.059+0000][7][gc,cpu      ] GC(178) User=0.03s Sys=0.00s Real=0.01s
[2023-11-15T22:45:26.059+0000][7][safepoint   ] Safepoint "G1CollectForAllocation", Time since last: 2458957154 ns, Reaching safepoint: 186304 ns, At safepoint: 5840645 ns, Total: 6026949 ns
[2023-11-15T22:45:26.972+0000][7][gc,start    ] GC(179) Pause Young (Mixed) (G1 Evacuation Pause)
[2023-11-15T22:45:26.972+0000][7][gc,task     ] GC(179) Using 8 workers of 8 for evacuation
[2023-11-15T22:45:26.972+0000][7][gc,age      ] GC(179) Desired survivor size 2097152 bytes, new threshold 2 (max threshold 15)
[2023-11-15T22:45:26.996+0000][7][gc,age      ] GC(179) Age table with threshold 2 (max threshold 15)
[2023-11-15T22:45:26.996+0000][7][gc,age      ] GC(179) - age   1:     342752 bytes,     342752 total
[2023-11-15T22:45:26.996+0000][7][gc,age      ] GC(179) - age   2:    1350408 bytes,    1693160 total
[2023-11-15T22:45:26.996+0000][7][gc,phases   ] GC(179)   Pre Evacuate Collection Set: 0.2ms
[2023-11-15T22:45:26.996+0000][7][gc,phases   ] GC(179)   Merge Heap Roots: 0.1ms
[2023-11-15T22:45:26.996+0000][7][gc,phases   ] GC(179)   Evacuate Collection Set: 22.1ms
[2023-11-15T22:45:26.996+0000][7][gc,phases   ] GC(179)   Post Evacuate Collection Set: 0.9ms
[2023-11-15T22:45:26.996+0000][7][gc,phases   ] GC(179)   Other: 0.4ms
[2023-11-15T22:45:26.996+0000][7][gc,heap     ] GC(179) Eden regions: 4->0(59)
[2023-11-15T22:45:26.996+0000][7][gc,heap     ] GC(179) Survivor regions: 2->1(1)
[2023-11-15T22:45:26.996+0000][7][gc,heap     ] GC(179) Old regions: 36->37
[2023-11-15T22:45:26.996+0000][7][gc,heap     ] GC(179) Archive regions: 2->2
[2023-11-15T22:45:26.996+0000][7][gc,heap     ] GC(179) Humongous regions: 6->6
[2023-11-15T22:45:26.996+0000][7][gc,metaspace] GC(179) Metaspace: 117120K(118720K)->117120K(118720K) NonClass: 101625K(102592K)->101625K(102592K) Class: 15494K(16128K)->15494K(16128K)
[2023-11-15T22:45:26.996+0000][7][gc          ] GC(179) Pause Young (Mixed) (G1 Evacuation Pause) 193M->176M(512M) 23.810ms
[2023-11-15T22:45:26.996+0000][7][gc,cpu      ] GC(179) User=0.05s Sys=0.05s Real=0.03s
[2023-11-15T22:45:26.996+0000][7][safepoint   ] Safepoint "G1CollectForAllocation", Time since last: 912807924 ns, Reaching safepoint: 70185 ns, At safepoint: 24021984 ns, Total: 24092169 ns
[2023-11-15T22:45:28.997+0000][7][safepoint   ] Safepoint "Cleanup", Time since last: 2000247913 ns, Reaching safepoint: 227423 ns, At safepoint: 20129 ns, Total: 247552 ns
[2023-11-15T22:45:31.997+0000][7][safepoint   ] Safepoint "Cleanup", Time since last: 3000453165 ns, Reaching safepoint: 128743 ns, At safepoint: 23862 ns, Total: 152605 ns
[2023-11-15T22:45:34.998+0000][7][safepoint   ] Safepoint "Cleanup", Time since last: 3000522980 ns, Reaching safepoint: 122203 ns, At safepoint: 16431 ns, Total: 138634 ns
[2023-11-15T22:45:35.998+0000][7][safepoint   ] Safepoint "Cleanup", Time since last: 1000260904 ns, Reaching safepoint: 123408 ns, At safepoint: 14879 ns, Total: 138287 ns
[2023-11-15T22:45:41.182+0000][7][gc,start    ] GC(180) Pause Young (Normal) (G1 Evacuation Pause)
[2023-11-15T22:45:41.182+0000][7][gc,task     ] GC(180) Using 8 workers of 8 for evacuation
[2023-11-15T22:45:41.182+0000][7][gc,age      ] GC(180) Desired survivor size 16777216 bytes, new threshold 15 (max threshold 15)
[2023-11-15T22:45:41.184+0000][7][gc,age      ] GC(180) Age table with threshold 15 (max threshold 15)
[2023-11-15T22:45:41.184+0000][7][gc,age      ] GC(180) - age   1:    1749768 bytes,    1749768 total
[2023-11-15T22:45:41.184+0000][7][gc,age      ] GC(180) - age   2:      37024 bytes,    1786792 total
[2023-11-15T22:45:41.184+0000][7][gc,age      ] GC(180) - age   3:     922632 bytes,    2709424 total
[2023-11-15T22:45:41.184+0000][7][gc,phases   ] GC(180)   Pre Evacuate Collection Set: 0.1ms
[2023-11-15T22:45:41.184+0000][7][gc,phases   ] GC(180)   Merge Heap Roots: 0.0ms
[2023-11-15T22:45:41.184+0000][7][gc,phases   ] GC(180)   Evacuate Collection Set: 1.2ms
[2023-11-15T22:45:41.184+0000][7][gc,phases   ] GC(180)   Post Evacuate Collection Set: 0.4ms
[2023-11-15T22:45:41.184+0000][7][gc,phases   ] GC(180)   Other: 0.1ms
[2023-11-15T22:45:41.184+0000][7][gc,heap     ] GC(180) Eden regions: 59->0(59)
[2023-11-15T22:45:41.184+0000][7][gc,heap     ] GC(180) Survivor regions: 1->1(8)
[2023-11-15T22:45:41.184+0000][7][gc,heap     ] GC(180) Old regions: 37->37
[2023-11-15T22:45:41.184+0000][7][gc,heap     ] GC(180) Archive regions: 2->2
[2023-11-15T22:45:41.184+0000][7][gc,heap     ] GC(180) Humongous regions: 6->6
[2023-11-15T22:45:41.184+0000][7][gc,metaspace] GC(180) Metaspace: 117122K(118720K)->117122K(118720K) NonClass: 101627K(102592K)->101627K(102592K) Class: 15494K(16128K)->15494K(16128K)
[2023-11-15T22:45:41.184+0000][7][gc          ] GC(180) Pause Young (Normal) (G1 Evacuation Pause) 412M->177M(512M) 1.842ms
[2023-11-15T22:45:41.184+0000][7][gc,cpu      ] GC(180) User=0.00s Sys=0.00s Real=0.00s
[2023-11-15T22:45:41.184+0000][7][safepoint   ] Safepoint "G1CollectForAllocation", Time since last: 5184134452 ns, Reaching safepoint: 40642 ns, At safepoint: 1905405 ns, Total: 1946047 ns
[2023-11-15T22:45:47.185+0000][7][safepoint   ] Safepoint "Cleanup", Time since last: 6000686078 ns, Reaching safepoint: 55821 ns, At safepoint: 5082 ns, Total: 60903 ns
[2023-11-15T22:45:48.578+0000][7][safepoint   ] Safepoint "Cleanup", Time since last: 1393054256 ns, Reaching safepoint: 122188 ns, At safepoint: 23435 ns, Total: 145623 ns
[2023-11-15T22:45:56.262+0000][7][gc,start    ] GC(181) Pause Young (Normal) (G1 Evacuation Pause)
[2023-11-15T22:45:56.262+0000][7][gc,task     ] GC(181) Using 8 workers of 8 for evacuation
[2023-11-15T22:45:56.262+0000][7][gc,age      ] GC(181) Desired survivor size 16777216 bytes, new threshold 15 (max threshold 15)
[2023-11-15T22:45:56.267+0000][7][gc,age      ] GC(181) Age table with threshold 15 (max threshold 15)
[2023-11-15T22:45:56.267+0000][7][gc,age      ] GC(181) - age   1:    1157872 bytes,    1157872 total
[2023-11-15T22:45:56.267+0000][7][gc,age      ] GC(181) - age   2:     353200 bytes,    1511072 total
[2023-11-15T22:45:56.267+0000][7][gc,age      ] GC(181) - age   3:      36640 bytes,    1547712 total
[2023-11-15T22:45:56.267+0000][7][gc,age      ] GC(181) - age   4:     918344 bytes,    2466056 total
[2023-11-15T22:45:56.267+0000][7][gc,phases   ] GC(181)   Pre Evacuate Collection Set: 0.2ms
[2023-11-15T22:45:56.267+0000][7][gc,phases   ] GC(181)   Merge Heap Roots: 0.2ms
[2023-11-15T22:45:56.267+0000][7][gc,phases   ] GC(181)   Evacuate Collection Set: 2.8ms
[2023-11-15T22:45:56.267+0000][7][gc,phases   ] GC(181)   Post Evacuate Collection Set: 1.2ms
[2023-11-15T22:45:56.267+0000][7][gc,phases   ] GC(181)   Other: 0.5ms
[2023-11-15T22:45:56.267+0000][7][gc,heap     ] GC(181) Eden regions: 59->0(60)
[2023-11-15T22:45:56.267+0000][7][gc,heap     ] GC(181) Survivor regions: 1->1(8)
[2023-11-15T22:45:56.267+0000][7][gc,heap     ] GC(181) Old regions: 37->37
[2023-11-15T22:45:56.267+0000][7][gc,heap     ] GC(181) Archive regions: 2->2
[2023-11-15T22:45:56.267+0000][7][gc,heap     ] GC(181) Humongous regions: 6->6
[2023-11-15T22:45:56.267+0000][7][gc,metaspace] GC(181) Metaspace: 117124K(118720K)->117124K(118720K) NonClass: 101630K(102592K)->101630K(102592K) Class: 15494K(16128K)->15494K(16128K)
[2023-11-15T22:45:56.267+0000][7][gc          ] GC(181) Pause Young (Normal) (G1 Evacuation Pause) 413M->177M(512M) 5.129ms
[2023-11-15T22:45:56.267+0000][7][gc,cpu      ] GC(181) User=0.02s Sys=0.00s Real=0.01s
[2023-11-15T22:45:56.267+0000][7][safepoint   ] Safepoint "G1CollectForAllocation", Time since last: 7683630477 ns, Reaching safepoint: 140990 ns, At safepoint: 5338467 ns, Total: 5479457 ns
[2023-11-15T22:46:05.268+0000][7][safepoint   ] Safepoint "Cleanup", Time since last: 9000941276 ns, Reaching safepoint: 123073 ns, At safepoint: 14534 ns, Total: 137607 ns
[2023-11-15T22:46:06.269+0000][7][safepoint   ] Safepoint "Cleanup", Time since last: 1000234113 ns, Reaching safepoint: 148332 ns, At safepoint: 18755 ns, Total: 167087 ns
[2023-11-15T22:46:11.330+0000][7][gc,start    ] GC(182) Pause Young (Concurrent Start) (G1 Evacuation Pause)
[2023-11-15T22:46:11.330+0000][7][gc,task     ] GC(182) Using 8 workers of 8 for evacuation
[2023-11-15T22:46:11.330+0000][7][gc,age      ] GC(182) Desired survivor size 16777216 bytes, new threshold 15 (max threshold 15)
[2023-11-15T22:46:11.335+0000][7][gc,age      ] GC(182) Age table with threshold 15 (max threshold 15)
[2023-11-15T22:46:11.335+0000][7][gc,age      ] GC(182) - age   1:    1379664 bytes,    1379664 total
[2023-11-15T22:46:11.335+0000][7][gc,age      ] GC(182) - age   2:     391488 bytes,    1771152 total
[2023-11-15T22:46:11.335+0000][7][gc,age      ] GC(182) - age   3:     273352 bytes,    2044504 total
[2023-11-15T22:46:11.335+0000][7][gc,age      ] GC(182) - age   4:      36640 bytes,    2081144 total
[2023-11-15T22:46:11.335+0000][7][gc,age      ] GC(182) - age   5:     918280 bytes,    2999424 total
[2023-11-15T22:46:11.335+0000][7][gc,phases   ] GC(182)   Pre Evacuate Collection Set: 0.3ms
[2023-11-15T22:46:11.335+0000][7][gc,phases   ] GC(182)   Merge Heap Roots: 0.2ms
[2023-11-15T22:46:11.335+0000][7][gc,phases   ] GC(182)   Evacuate Collection Set: 3.3ms
[2023-11-15T22:46:11.335+0000][7][gc,phases   ] GC(182)   Post Evacuate Collection Set: 1.1ms
[2023-11-15T22:46:11.335+0000][7][gc,phases   ] GC(182)   Other: 0.5ms
[2023-11-15T22:46:11.335+0000][7][gc,heap     ] GC(182) Eden regions: 60->0(60)
[2023-11-15T22:46:11.335+0000][7][gc,heap     ] GC(182) Survivor regions: 1->1(8)
[2023-11-15T22:46:11.335+0000][7][gc,heap     ] GC(182) Old regions: 37->37
[2023-11-15T22:46:11.335+0000][7][gc,heap     ] GC(182) Archive regions: 2->2
[2023-11-15T22:46:11.335+0000][7][gc,heap     ] GC(182) Humongous regions: 6->6
[2023-11-15T22:46:11.335+0000][7][gc,metaspace] GC(182) Metaspace: 117125K(118720K)->117125K(118720K) NonClass: 101631K(102592K)->101631K(102592K) Class: 15494K(16128K)->15494K(16128K)
[2023-11-15T22:46:11.335+0000][7][gc          ] GC(182) Pause Young (Concurrent Start) (G1 Evacuation Pause) 417M->177M(512M) 5.443ms
[2023-11-15T22:46:11.335+0000][7][gc,cpu      ] GC(182) User=0.02s Sys=0.00s Real=0.01s
[2023-11-15T22:46:11.335+0000][7][safepoint   ] Safepoint "G1CollectForAllocation", Time since last: 5060684839 ns, Reaching safepoint: 89578 ns, At safepoint: 5632452 ns, Total: 5722030 ns
[2023-11-15T22:46:11.335+0000][7][gc          ] GC(183) Concurrent Mark Cycle
[2023-11-15T22:46:11.335+0000][7][gc,marking  ] GC(183) Concurrent Clear Claimed Marks
[2023-11-15T22:46:11.336+0000][7][gc,marking  ] GC(183) Concurrent Clear Claimed Marks 0.202ms
[2023-11-15T22:46:11.336+0000][7][gc,marking  ] GC(183) Concurrent Scan Root Regions
[2023-11-15T22:46:11.341+0000][7][gc,marking  ] GC(183) Concurrent Scan Root Regions 5.278ms
[2023-11-15T22:46:11.341+0000][7][gc,marking  ] GC(183) Concurrent Mark
[2023-11-15T22:46:11.341+0000][7][gc,marking  ] GC(183) Concurrent Mark From Roots
[2023-11-15T22:46:11.341+0000][7][gc,task     ] GC(183) Using 2 workers of 2 for marking
[2023-11-15T22:46:11.420+0000][7][gc,marking  ] GC(183) Concurrent Mark From Roots 78.946ms
[2023-11-15T22:46:11.420+0000][7][gc,marking  ] GC(183) Concurrent Preclean
[2023-11-15T22:46:11.420+0000][7][gc,marking  ] GC(183) Concurrent Preclean 0.184ms
[2023-11-15T22:46:11.420+0000][7][gc,start    ] GC(183) Pause Remark
[2023-11-15T22:46:11.425+0000][7][gc          ] GC(183) Pause Remark 184M->178M(512M) 5.134ms
[2023-11-15T22:46:11.425+0000][7][gc,cpu      ] GC(183) User=0.03s Sys=0.00s Real=0.01s
[2023-11-15T22:46:11.425+0000][7][safepoint   ] Safepoint "G1Concurrent", Time since last: 84954629 ns, Reaching safepoint: 51393 ns, At safepoint: 5194856 ns, Total: 5246249 ns
[2023-11-15T22:46:11.425+0000][7][gc,marking  ] GC(183) Concurrent Mark 84.498ms
[2023-11-15T22:46:11.425+0000][7][gc,marking  ] GC(183) Concurrent Rebuild Remembered Sets
[2023-11-15T22:46:11.458+0000][7][gc,marking  ] GC(183) Concurrent Rebuild Remembered Sets 32.697ms
[2023-11-15T22:46:11.458+0000][7][gc,start    ] GC(183) Pause Cleanup
[2023-11-15T22:46:11.458+0000][7][gc          ] GC(183) Pause Cleanup 178M->178M(512M) 0.079ms
[2023-11-15T22:46:11.458+0000][7][gc,cpu      ] GC(183) User=0.00s Sys=0.00s Real=0.00s
[2023-11-15T22:46:11.458+0000][7][safepoint   ] Safepoint "G1Concurrent", Time since last: 32834570 ns, Reaching safepoint: 48012 ns, At safepoint: 135023 ns, Total: 183035 ns
[2023-11-15T22:46:11.458+0000][7][gc,marking  ] GC(183) Concurrent Cleanup for Next Mark
[2023-11-15T22:46:11.459+0000][7][gc,marking  ] GC(183) Concurrent Cleanup for Next Mark 0.507ms
[2023-11-15T22:46:11.459+0000][7][gc          ] GC(183) Concurrent Mark Cycle 123.721ms
[2023-11-15T22:46:23.460+0000][7][safepoint   ] Safepoint "Cleanup", Time since last: 12001440956 ns, Reaching safepoint: 52345 ns, At safepoint: 7759 ns, Total: 60104 ns
[2023-11-15T22:46:26.082+0000][7][gc,start    ] GC(184) Pause Young (Prepare Mixed) (G1 Evacuation Pause)
[2023-11-15T22:46:26.082+0000][7][gc,task     ] GC(184) Using 8 workers of 8 for evacuation
[2023-11-15T22:46:26.082+0000][7][gc,age      ] GC(184) Desired survivor size 16777216 bytes, new threshold 15 (max threshold 15)
[2023-11-15T22:46:26.087+0000][7][gc,age      ] GC(184) Age table with threshold 15 (max threshold 15)
[2023-11-15T22:46:26.087+0000][7][gc,age      ] GC(184) - age   1:    1379920 bytes,    1379920 total
[2023-11-15T22:46:26.087+0000][7][gc,age      ] GC(184) - age   2:     517744 bytes,    1897664 total
[2023-11-15T22:46:26.087+0000][7][gc,age      ] GC(184) - age   3:     202472 bytes,    2100136 total
[2023-11-15T22:46:26.087+0000][7][gc,age      ] GC(184) - age   4:     268080 bytes,    2368216 total
[2023-11-15T22:46:26.087+0000][7][gc,age      ] GC(184) - age   5:      36640 bytes,    2404856 total
[2023-11-15T22:46:26.087+0000][7][gc,age      ] GC(184) - age   6:     893672 bytes,    3298528 total
[2023-11-15T22:46:26.087+0000][7][gc,phases   ] GC(184)   Pre Evacuate Collection Set: 0.2ms
[2023-11-15T22:46:26.087+0000][7][gc,phases   ] GC(184)   Merge Heap Roots: 0.2ms
[2023-11-15T22:46:26.087+0000][7][gc,phases   ] GC(184)   Evacuate Collection Set: 3.0ms
[2023-11-15T22:46:26.087+0000][7][gc,phases   ] GC(184)   Post Evacuate Collection Set: 1.3ms
[2023-11-15T22:46:26.087+0000][7][gc,phases   ] GC(184)   Other: 0.5ms
[2023-11-15T22:46:26.087+0000][7][gc,heap     ] GC(184) Eden regions: 60->0(5)
[2023-11-15T22:46:26.087+0000][7][gc,heap     ] GC(184) Survivor regions: 1->1(8)
[2023-11-15T22:46:26.087+0000][7][gc,heap     ] GC(184) Old regions: 36->36
[2023-11-15T22:46:26.087+0000][7][gc,heap     ] GC(184) Archive regions: 2->2
[2023-11-15T22:46:26.087+0000][7][gc,heap     ] GC(184) Humongous regions: 5->5
[2023-11-15T22:46:26.087+0000][7][gc,metaspace] GC(184) Metaspace: 117134K(118720K)->117134K(118720K) NonClass: 101640K(102592K)->101640K(102592K) Class: 15494K(16128K)->15494K(16128K)
[2023-11-15T22:46:26.087+0000][7][gc          ] GC(184) Pause Young (Prepare Mixed) (G1 Evacuation Pause) 410M->171M(512M) 5.337ms
[2023-11-15T22:46:26.087+0000][7][gc,cpu      ] GC(184) User=0.03s Sys=0.01s Real=0.01s
[2023-11-15T22:46:26.087+0000][7][safepoint   ] Safepoint "G1CollectForAllocation", Time since last: 2621712220 ns, Reaching safepoint: 135666 ns, At safepoint: 5524871 ns, Total: 5660537 ns
[2023-11-15T22:46:27.455+0000][7][gc,start    ] GC(185) Pause Young (Mixed) (G1 Evacuation Pause)
[2023-11-15T22:46:27.455+0000][7][gc,task     ] GC(185) Using 8 workers of 8 for evacuation
[2023-11-15T22:46:27.455+0000][7][gc,age      ] GC(185) Desired survivor size 2097152 bytes, new threshold 3 (max threshold 15)
[2023-11-15T22:46:27.461+0000][7][gc,age      ] GC(185) Age table with threshold 3 (max threshold 15)
[2023-11-15T22:46:27.461+0000][7][gc,age      ] GC(185) - age   1:     213240 bytes,     213240 total
[2023-11-15T22:46:27.461+0000][7][gc,age      ] GC(185) - age   2:     950440 bytes,    1163680 total
[2023-11-15T22:46:27.461+0000][7][gc,age      ] GC(185) - age   3:     517744 bytes,    1681424 total
[2023-11-15T22:46:27.461+0000][7][gc,phases   ] GC(185)   Pre Evacuate Collection Set: 0.2ms
[2023-11-15T22:46:27.461+0000][7][gc,phases   ] GC(185)   Merge Heap Roots: 0.1ms
[2023-11-15T22:46:27.461+0000][7][gc,phases   ] GC(185)   Evacuate Collection Set: 4.2ms
[2023-11-15T22:46:27.461+0000][7][gc,phases   ] GC(185)   Post Evacuate Collection Set: 1.7ms
[2023-11-15T22:46:27.461+0000][7][gc,phases   ] GC(185)   Other: 0.5ms
[2023-11-15T22:46:27.461+0000][7][gc,heap     ] GC(185) Eden regions: 5->0(70)
[2023-11-15T22:46:27.462+0000][7][gc,heap     ] GC(185) Survivor regions: 1->1(1)
[2023-11-15T22:46:27.462+0000][7][gc,heap     ] GC(185) Old regions: 36->28
[2023-11-15T22:46:27.462+0000][7][gc,heap     ] GC(185) Archive regions: 2->2
[2023-11-15T22:46:27.462+0000][7][gc,heap     ] GC(185) Humongous regions: 5->5
[2023-11-15T22:46:27.462+0000][7][gc,metaspace] GC(185) Metaspace: 117134K(118720K)->117134K(118720K) NonClass: 101640K(102592K)->101640K(102592K) Class: 15494K(16128K)->15494K(16128K)
[2023-11-15T22:46:27.462+0000][7][gc          ] GC(185) Pause Young (Mixed) (G1 Evacuation Pause) 191M->135M(512M) 6.860ms
[2023-11-15T22:46:27.462+0000][7][gc,cpu      ] GC(185) User=0.03s Sys=0.00s Real=0.00s
[2023-11-15T22:46:27.462+0000][7][safepoint   ] Safepoint "G1CollectForAllocation", Time since last: 1367158872 ns, Reaching safepoint: 186499 ns, At safepoint: 7075190 ns, Total: 7261689 ns
[2023-11-15T22:46:29.462+0000][7][safepoint   ] Safepoint "Cleanup", Time since last: 2000320807 ns, Reaching safepoint: 60736 ns, At safepoint: 7407 ns, Total: 68143 ns
[2023-11-15T22:46:30.463+0000][7][safepoint   ] Safepoint "Cleanup", Time since last: 1000246929 ns, Reaching safepoint: 119515 ns, At safepoint: 28388 ns, Total: 147903 ns
[2023-11-15T22:46:35.463+0000][7][safepoint   ] Safepoint "Cleanup", Time since last: 5000688642 ns, Reaching safepoint: 107344 ns, At safepoint: 9598 ns, Total: 116942 ns
[2023-11-15T22:46:36.464+0000][7][safepoint   ] Safepoint "Cleanup", Time since last: 1000191515 ns, Reaching safepoint: 136332 ns, At safepoint: 15558 ns, Total: 151890 ns
[2023-11-15T22:46:38.464+0000][7][safepoint   ] Safepoint "Cleanup", Time since last: 2000328640 ns, Reaching safepoint: 109559 ns, At safepoint: 17088 ns, Total: 126647 ns
[2023-11-15T22:46:41.465+0000][7][safepoint   ] Safepoint "Cleanup", Time since last: 3000497940 ns, Reaching safepoint: 172621 ns, At safepoint: 23673 ns, Total: 196294 ns
[2023-11-15T22:46:44.465+0000][7][safepoint   ] Safepoint "Cleanup", Time since last: 3000392277 ns, Reaching safepoint: 133477 ns, At safepoint: 11418 ns, Total: 144895 ns
[2023-11-15T22:46:44.539+0000][7][gc,start    ] GC(186) Pause Young (Normal) (G1 Evacuation Pause)
[2023-11-15T22:46:44.539+0000][7][gc,task     ] GC(186) Using 8 workers of 8 for evacuation
[2023-11-15T22:46:44.539+0000][7][gc,age      ] GC(186) Desired survivor size 18874368 bytes, new threshold 15 (max threshold 15)
[2023-11-15T22:46:44.543+0000][7][gc,age      ] GC(186) Age table with threshold 15 (max threshold 15)
[2023-11-15T22:46:44.543+0000][7][gc,age      ] GC(186) - age   1:    1337968 bytes,    1337968 total
[2023-11-15T22:46:44.543+0000][7][gc,age      ] GC(186) - age   2:         72 bytes,    1338040 total
[2023-11-15T22:46:44.543+0000][7][gc,age      ] GC(186) - age   3:     463632 bytes,    1801672 total
[2023-11-15T22:46:44.543+0000][7][gc,age      ] GC(186) - age   4:     399792 bytes,    2201464 total
[2023-11-15T22:46:44.543+0000][7][gc,phases   ] GC(186)   Pre Evacuate Collection Set: 0.2ms
[2023-11-15T22:46:44.543+0000][7][gc,phases   ] GC(186)   Merge Heap Roots: 0.2ms
[2023-11-15T22:46:44.543+0000][7][gc,phases   ] GC(186)   Evacuate Collection Set: 2.5ms
[2023-11-15T22:46:44.543+0000][7][gc,phases   ] GC(186)   Post Evacuate Collection Set: 1.3ms
[2023-11-15T22:46:44.543+0000][7][gc,phases   ] GC(186)   Other: 0.5ms
[2023-11-15T22:46:44.544+0000][7][gc,heap     ] GC(186) Eden regions: 70->0(70)
[2023-11-15T22:46:44.544+0000][7][gc,heap     ] GC(186) Survivor regions: 1->1(9)
[2023-11-15T22:46:44.544+0000][7][gc,heap     ] GC(186) Old regions: 28->28
[2023-11-15T22:46:44.544+0000][7][gc,heap     ] GC(186) Archive regions: 2->2
[2023-11-15T22:46:44.544+0000][7][gc,heap     ] GC(186) Humongous regions: 5->5
[2023-11-15T22:46:44.544+0000][7][gc,metaspace] GC(186) Metaspace: 117136K(118720K)->117136K(118720K) NonClass: 101641K(102592K)->101641K(102592K) Class: 15494K(16128K)->15494K(16128K)
[2023-11-15T22:46:44.544+0000][7][gc          ] GC(186) Pause Young (Normal) (G1 Evacuation Pause) 415M->135M(512M) 4.789ms
[2023-11-15T22:46:44.544+0000][7][gc,cpu      ] GC(186) User=0.02s Sys=0.00s Real=0.00s
[2023-11-15T22:46:44.544+0000][7][safepoint   ] Safepoint "G1CollectForAllocation", Time since last: 73269458 ns, Reaching safepoint: 164674 ns, At safepoint: 4989448 ns, Total: 5154122 ns
[2023-11-15T22:46:47.544+0000][7][safepoint   ] Safepoint "Cleanup", Time since last: 3000312777 ns, Reaching safepoint: 172224 ns, At safepoint: 15066 ns, Total: 187290 ns
[2023-11-15T22:46:50.545+0000][7][safepoint   ] Safepoint "Cleanup", Time since last: 3000394756 ns, Reaching safepoint: 52806 ns, At safepoint: 6127 ns, Total: 58933 ns
[2023-11-15T22:47:01.827+0000][7][gc,start    ] GC(187) Pause Young (Normal) (G1 Evacuation Pause)
[2023-11-15T22:47:01.828+0000][7][gc,task     ] GC(187) Using 8 workers of 8 for evacuation
[2023-11-15T22:47:01.829+0000][7][gc,age      ] GC(187) Desired survivor size 18874368 bytes, new threshold 15 (max threshold 15)
[2023-11-15T22:47:01.834+0000][7][gc,age      ] GC(187) Age table with threshold 15 (max threshold 15)
[2023-11-15T22:47:01.834+0000][7][gc,age      ] GC(187) - age   1:    1759832 bytes,    1759832 total
[2023-11-15T22:47:01.834+0000][7][gc,age      ] GC(187) - age   2:     494592 bytes,    2254424 total
[2023-11-15T22:47:01.834+0000][7][gc,age      ] GC(187) - age   3:         72 bytes,    2254496 total
[2023-11-15T22:47:01.834+0000][7][gc,age      ] GC(187) - age   4:     332608 bytes,    2587104 total
[2023-11-15T22:47:01.834+0000][7][gc,age      ] GC(187) - age   5:     333936 bytes,    2921040 total
[2023-11-15T22:47:01.834+0000][7][gc,phases   ] GC(187)   Pre Evacuate Collection Set: 0.2ms
[2023-11-15T22:47:01.834+0000][7][gc,phases   ] GC(187)   Merge Heap Roots: 0.2ms
[2023-11-15T22:47:01.834+0000][7][gc,phases   ] GC(187)   Evacuate Collection Set: 3.6ms
[2023-11-15T22:47:01.834+0000][7][gc,phases   ] GC(187)   Post Evacuate Collection Set: 1.4ms
[2023-11-15T22:47:01.834+0000][7][gc,phases   ] GC(187)   Other: 1.8ms
[2023-11-15T22:47:01.834+0000][7][gc,heap     ] GC(187) Eden regions: 70->0(70)
[2023-11-15T22:47:01.834+0000][7][gc,heap     ] GC(187) Survivor regions: 1->1(9)
[2023-11-15T22:47:01.834+0000][7][gc,heap     ] GC(187) Old regions: 28->28
[2023-11-15T22:47:01.834+0000][7][gc,heap     ] GC(187) Archive regions: 2->2
[2023-11-15T22:47:01.834+0000][7][gc,heap     ] GC(187) Humongous regions: 5->5
[2023-11-15T22:47:01.834+0000][7][gc,metaspace] GC(187) Metaspace: 117139K(118720K)->117139K(118720K) NonClass: 101644K(102592K)->101644K(102592K) Class: 15494K(16128K)->15494K(16128K)
[2023-11-15T22:47:01.834+0000][7][gc          ] GC(187) Pause Young (Normal) (G1 Evacuation Pause) 415M->136M(512M) 7.300ms
[2023-11-15T22:47:01.835+0000][7][gc,cpu      ] GC(187) User=0.02s Sys=0.00s Real=0.00s
[2023-11-15T22:47:01.835+0000][7][safepoint   ] Safepoint "G1CollectForAllocation", Time since last: 11282204366 ns, Reaching safepoint: 135518 ns, At safepoint: 7522433 ns, Total: 7657951 ns
[2023-11-15T22:47:10.836+0000][7][safepoint   ] Safepoint "Cleanup", Time since last: 9000896713 ns, Reaching safepoint: 31825 ns, At safepoint: 4028 ns, Total: 35853 ns
[2023-11-15T22:47:13.836+0000][7][safepoint   ] Safepoint "Cleanup", Time since last: 3000387669 ns, Reaching safepoint: 50829 ns, At safepoint: 8681 ns, Total: 59510 ns
[2023-11-15T22:47:14.836+0000][7][safepoint   ] Safepoint "Cleanup", Time since last: 1000206305 ns, Reaching safepoint: 134231 ns, At safepoint: 18656 ns, Total: 152887 ns
[2023-11-15T22:47:16.837+0000][7][safepoint   ] Safepoint "Cleanup", Time since last: 2000393918 ns, Reaching safepoint: 34832 ns, At safepoint: 3462 ns, Total: 38294 ns
[2023-11-15T22:47:19.069+0000][7][gc,start    ] GC(188) Pause Young (Concurrent Start) (G1 Evacuation Pause)
[2023-11-15T22:47:19.069+0000][7][gc,task     ] GC(188) Using 8 workers of 8 for evacuation
[2023-11-15T22:47:19.069+0000][7][gc,age      ] GC(188) Desired survivor size 18874368 bytes, new threshold 15 (max threshold 15)
[2023-11-15T22:47:19.075+0000][7][gc,age      ] GC(188) Age table with threshold 15 (max threshold 15)
[2023-11-15T22:47:19.075+0000][7][gc,age      ] GC(188) - age   1:    1336800 bytes,    1336800 total
[2023-11-15T22:47:19.075+0000][7][gc,age      ] GC(188) - age   2:     789352 bytes,    2126152 total
[2023-11-15T22:47:19.075+0000][7][gc,age      ] GC(188) - age   3:     376680 bytes,    2502832 total
[2023-11-15T22:47:19.076+0000][7][gc,age      ] GC(188) - age   4:         72 bytes,    2502904 total
[2023-11-15T22:47:19.076+0000][7][gc,age      ] GC(188) - age   5:     266488 bytes,    2769392 total
[2023-11-15T22:47:19.076+0000][7][gc,age      ] GC(188) - age   6:     333336 bytes,    3102728 total
[2023-11-15T22:47:19.076+0000][7][gc,phases   ] GC(188)   Pre Evacuate Collection Set: 0.4ms
[2023-11-15T22:47:19.076+0000][7][gc,phases   ] GC(188)   Merge Heap Roots: 0.2ms
[2023-11-15T22:47:19.076+0000][7][gc,phases   ] GC(188)   Evacuate Collection Set: 3.6ms
[2023-11-15T22:47:19.076+0000][7][gc,phases   ] GC(188)   Post Evacuate Collection Set: 1.7ms
[2023-11-15T22:47:19.076+0000][7][gc,phases   ] GC(188)   Other: 0.6ms
[2023-11-15T22:47:19.076+0000][7][gc,heap     ] GC(188) Eden regions: 70->0(70)
[2023-11-15T22:47:19.076+0000][7][gc,heap     ] GC(188) Survivor regions: 1->1(9)
[2023-11-15T22:47:19.076+0000][7][gc,heap     ] GC(188) Old regions: 28->28
[2023-11-15T22:47:19.076+0000][7][gc,heap     ] GC(188) Archive regions: 2->2
[2023-11-15T22:47:19.076+0000][7][gc,heap     ] GC(188) Humongous regions: 5->5
[2023-11-15T22:47:19.076+0000][7][gc,metaspace] GC(188) Metaspace: 117139K(118720K)->117139K(118720K) NonClass: 101644K(102592K)->101644K(102592K) Class: 15494K(16128K)->15494K(16128K)
[2023-11-15T22:47:19.076+0000][7][gc          ] GC(188) Pause Young (Concurrent Start) (G1 Evacuation Pause) 416M->136M(512M) 6.631ms
[2023-11-15T22:47:19.076+0000][7][gc,cpu      ] GC(188) User=0.03s Sys=0.00s Real=0.01s
[2023-11-15T22:47:19.076+0000][7][safepoint   ] Safepoint "G1CollectForAllocation", Time since last: 2232284286 ns, Reaching safepoint: 167278 ns, At safepoint: 6868543 ns, Total: 7035821 ns
[2023-11-15T22:47:19.076+0000][7][gc          ] GC(189) Concurrent Mark Cycle
[2023-11-15T22:47:19.076+0000][7][gc,marking  ] GC(189) Concurrent Clear Claimed Marks
[2023-11-15T22:47:19.076+0000][7][gc,marking  ] GC(189) Concurrent Clear Claimed Marks 0.212ms
[2023-11-15T22:47:19.076+0000][7][gc,marking  ] GC(189) Concurrent Scan Root Regions
[2023-11-15T22:47:19.083+0000][7][gc,marking  ] GC(189) Concurrent Scan Root Regions 6.752ms
[2023-11-15T22:47:19.083+0000][7][gc,marking  ] GC(189) Concurrent Mark
[2023-11-15T22:47:19.083+0000][7][gc,marking  ] GC(189) Concurrent Mark From Roots
[2023-11-15T22:47:19.083+0000][7][gc,task     ] GC(189) Using 2 workers of 2 for marking
[2023-11-15T22:47:19.212+0000][7][gc,marking  ] GC(189) Concurrent Mark From Roots 128.895ms
[2023-11-15T22:47:19.212+0000][7][gc,marking  ] GC(189) Concurrent Preclean
[2023-11-15T22:47:19.212+0000][7][gc,marking  ] GC(189) Concurrent Preclean 0.209ms
[2023-11-15T22:47:19.213+0000][7][gc,start    ] GC(189) Pause Remark
[2023-11-15T22:47:19.218+0000][7][gc          ] GC(189) Pause Remark 140M->140M(512M) 5.831ms
[2023-11-15T22:47:19.218+0000][7][gc,cpu      ] GC(189) User=0.04s Sys=0.00s Real=0.01s
[2023-11-15T22:47:19.218+0000][7][safepoint   ] Safepoint "G1Concurrent", Time since last: 136419228 ns, Reaching safepoint: 32256 ns, At safepoint: 5943532 ns, Total: 5975788 ns
[2023-11-15T22:47:19.218+0000][7][gc,marking  ] GC(189) Concurrent Mark 135.205ms
[2023-11-15T22:47:19.218+0000][7][gc,marking  ] GC(189) Concurrent Rebuild Remembered Sets
[2023-11-15T22:47:19.256+0000][7][gc,marking  ] GC(189) Concurrent Rebuild Remembered Sets 37.752ms
[2023-11-15T22:47:19.256+0000][7][gc,start    ] GC(189) Pause Cleanup
[2023-11-15T22:47:19.257+0000][7][gc          ] GC(189) Pause Cleanup 140M->140M(512M) 0.147ms
[2023-11-15T22:47:19.257+0000][7][gc,cpu      ] GC(189) User=0.00s Sys=0.00s Real=0.00s
[2023-11-15T22:47:19.257+0000][7][safepoint   ] Safepoint "G1Concurrent", Time since last: 37911197 ns, Reaching safepoint: 63425 ns, At safepoint: 229342 ns, Total: 292767 ns
[2023-11-15T22:47:19.257+0000][7][gc,marking  ] GC(189) Concurrent Cleanup for Next Mark
[2023-11-15T22:47:19.258+0000][7][gc,marking  ] GC(189) Concurrent Cleanup for Next Mark 1.641ms
[2023-11-15T22:47:19.259+0000][7][gc          ] GC(189) Concurrent Mark Cycle 182.465ms
[2023-11-15T22:47:30.258+0000][7][safepoint   ] Safepoint "Cleanup", Time since last: 11001380898 ns, Reaching safepoint: 88663 ns, At safepoint: 16982 ns, Total: 105645 ns
[2023-11-15T22:47:37.784+0000][7][gc,start    ] GC(190) Pause Young (Normal) (G1 Evacuation Pause)
[2023-11-15T22:47:37.784+0000][7][gc,task     ] GC(190) Using 8 workers of 8 for evacuation
[2023-11-15T22:47:37.785+0000][7][gc,age      ] GC(190) Desired survivor size 18874368 bytes, new threshold 15 (max threshold 15)
[2023-11-15T22:47:37.790+0000][7][gc,age      ] GC(190) Age table with threshold 15 (max threshold 15)
[2023-11-15T22:47:37.791+0000][7][gc,age      ] GC(190) - age   1:    1547032 bytes,    1547032 total
[2023-11-15T22:47:37.791+0000][7][gc,age      ] GC(190) - age   2:     534416 bytes,    2081448 total
[2023-11-15T22:47:37.791+0000][7][gc,age      ] GC(190) - age   3:     609840 bytes,    2691288 total
[2023-11-15T22:47:37.791+0000][7][gc,age      ] GC(190) - age   4:     375536 bytes,    3066824 total
[2023-11-15T22:47:37.791+0000][7][gc,age      ] GC(190) - age   5:         72 bytes,    3066896 total
[2023-11-15T22:47:37.791+0000][7][gc,age      ] GC(190) - age   6:     265976 bytes,    3332872 total
[2023-11-15T22:47:37.791+0000][7][gc,age      ] GC(190) - age   7:     332224 bytes,    3665096 total
[2023-11-15T22:47:37.791+0000][7][gc,phases   ] GC(190)   Pre Evacuate Collection Set: 0.2ms
[2023-11-15T22:47:37.791+0000][7][gc,phases   ] GC(190)   Merge Heap Roots: 0.2ms
[2023-11-15T22:47:37.791+0000][7][gc,phases   ] GC(190)   Evacuate Collection Set: 4.1ms
[2023-11-15T22:47:37.791+0000][7][gc,phases   ] GC(190)   Post Evacuate Collection Set: 1.2ms
[2023-11-15T22:47:37.791+0000][7][gc,phases   ] GC(190)   Other: 0.6ms
[2023-11-15T22:47:37.791+0000][7][gc,heap     ] GC(190) Eden regions: 70->0(70)
[2023-11-15T22:47:37.791+0000][7][gc,heap     ] GC(190) Survivor regions: 1->1(9)
[2023-11-15T22:47:37.791+0000][7][gc,heap     ] GC(190) Old regions: 28->28
[2023-11-15T22:47:37.791+0000][7][gc,heap     ] GC(190) Archive regions: 2->2
[2023-11-15T22:47:37.791+0000][7][gc,heap     ] GC(190) Humongous regions: 5->5
[2023-11-15T22:47:37.791+0000][7][gc,metaspace] GC(190) Metaspace: 117139K(118720K)->117139K(118720K) NonClass: 101644K(102592K)->101644K(102592K) Class: 15494K(16128K)->15494K(16128K)
[2023-11-15T22:47:37.791+0000][7][gc          ] GC(190) Pause Young (Normal) (G1 Evacuation Pause) 416M->137M(512M) 6.555ms
[2023-11-15T22:47:37.791+0000][7][gc,cpu      ] GC(190) User=0.03s Sys=0.01s Real=0.01s
[2023-11-15T22:47:37.791+0000][7][safepoint   ] Safepoint "G1CollectForAllocation", Time since last: 7526039919 ns, Reaching safepoint: 116037 ns, At safepoint: 6757307 ns, Total: 6873344 ns
[2023-11-15T22:47:42.792+0000][7][safepoint   ] Safepoint "Cleanup", Time since last: 5000496945 ns, Reaching safepoint: 118956 ns, At safepoint: 11709 ns, Total: 130665 ns
[2023-11-15T22:47:46.792+0000][7][safepoint   ] Safepoint "Cleanup", Time since last: 4000536381 ns, Reaching safepoint: 144386 ns, At safepoint: 16216 ns, Total: 160602 ns
[2023-11-15T22:47:47.793+0000][7][safepoint   ] Safepoint "Cleanup", Time since last: 1000278074 ns, Reaching safepoint: 152643 ns, At safepoint: 29616 ns, Total: 182259 ns
[2023-11-15T22:47:53.595+0000][7][gc,start    ] GC(191) Pause Young (Concurrent Start) (G1 Evacuation Pause)
[2023-11-15T22:47:53.595+0000][7][gc,task     ] GC(191) Using 8 workers of 8 for evacuation
[2023-11-15T22:47:53.595+0000][7][gc,age      ] GC(191) Desired survivor size 18874368 bytes, new threshold 15 (max threshold 15)
[2023-11-15T22:47:53.602+0000][7][gc,age      ] GC(191) Age table with threshold 15 (max threshold 15)
[2023-11-15T22:47:53.602+0000][7][gc,age      ] GC(191) - age   1:    2001392 bytes,    2001392 total
[2023-11-15T22:47:53.602+0000][7][gc,age      ] GC(191) - age   2:     308088 bytes,    2309480 total
[2023-11-15T22:47:53.602+0000][7][gc,age      ] GC(191) - age   3:     532048 bytes,    2841528 total
[2023-11-15T22:47:53.602+0000][7][gc,age      ] GC(191) - age   4:     400224 bytes,    3241752 total
[2023-11-15T22:47:53.602+0000][7][gc,age      ] GC(191) - age   5:     375376 bytes,    3617128 total
[2023-11-15T22:47:53.602+0000][7][gc,age      ] GC(191) - age   6:         72 bytes,    3617200 total
[2023-11-15T22:47:53.602+0000][7][gc,age      ] GC(191) - age   7:     265912 bytes,    3883112 total
[2023-11-15T22:47:53.602+0000][7][gc,age      ] GC(191) - age   8:     332224 bytes,    4215336 total
[2023-11-15T22:47:53.602+0000][7][gc,phases   ] GC(191)   Pre Evacuate Collection Set: 0.5ms
[2023-11-15T22:47:53.602+0000][7][gc,phases   ] GC(191)   Merge Heap Roots: 0.2ms
[2023-11-15T22:47:53.602+0000][7][gc,phases   ] GC(191)   Evacuate Collection Set: 4.4ms
[2023-11-15T22:47:53.602+0000][7][gc,phases   ] GC(191)   Post Evacuate Collection Set: 1.5ms
[2023-11-15T22:47:53.602+0000][7][gc,phases   ] GC(191)   Other: 0.6ms
[2023-11-15T22:47:53.602+0000][7][gc,heap     ] GC(191) Eden regions: 70->0(69)
[2023-11-15T22:47:53.602+0000][7][gc,heap     ] GC(191) Survivor regions: 1->2(9)
[2023-11-15T22:47:53.602+0000][7][gc,heap     ] GC(191) Old regions: 28->28
[2023-11-15T22:47:53.602+0000][7][gc,heap     ] GC(191) Archive regions: 2->2
[2023-11-15T22:47:53.602+0000][7][gc,heap     ] GC(191) Humongous regions: 5->5
[2023-11-15T22:47:53.602+0000][7][gc,metaspace] GC(191) Metaspace: 117145K(118720K)->117145K(118720K) NonClass: 101650K(102592K)->101650K(102592K) Class: 15494K(16128K)->15494K(16128K)
[2023-11-15T22:47:53.602+0000][7][gc          ] GC(191) Pause Young (Concurrent Start) (G1 Evacuation Pause) 417M->137M(512M) 7.289ms
[2023-11-15T22:47:53.602+0000][7][gc,cpu      ] GC(191) User=0.04s Sys=0.00s Real=0.00s
[2023-11-15T22:47:53.602+0000][7][safepoint   ] Safepoint "G1CollectForAllocation", Time since last: 5801808389 ns, Reaching safepoint: 178314 ns, At safepoint: 7517846 ns, Total: 7696160 ns
[2023-11-15T22:47:53.602+0000][7][gc          ] GC(192) Concurrent Mark Cycle
[2023-11-15T22:47:53.602+0000][7][gc,marking  ] GC(192) Concurrent Clear Claimed Marks
[2023-11-15T22:47:53.603+0000][7][gc,marking  ] GC(192) Concurrent Clear Claimed Marks 0.168ms
[2023-11-15T22:47:53.603+0000][7][gc,marking  ] GC(192) Concurrent Scan Root Regions
[2023-11-15T22:47:53.606+0000][7][gc,marking  ] GC(192) Concurrent Scan Root Regions 3.412ms
[2023-11-15T22:47:53.606+0000][7][gc,marking  ] GC(192) Concurrent Mark
[2023-11-15T22:47:53.606+0000][7][gc,marking  ] GC(192) Concurrent Mark From Roots
[2023-11-15T22:47:53.606+0000][7][gc,task     ] GC(192) Using 2 workers of 2 for marking
[2023-11-15T22:47:53.685+0000][7][gc,marking  ] GC(192) Concurrent Mark From Roots 78.473ms
[2023-11-15T22:47:53.685+0000][7][gc,marking  ] GC(192) Concurrent Preclean
[2023-11-15T22:47:53.685+0000][7][gc,marking  ] GC(192) Concurrent Preclean 0.184ms
[2023-11-15T22:47:53.685+0000][7][gc,start    ] GC(192) Pause Remark
[2023-11-15T22:47:53.690+0000][7][gc          ] GC(192) Pause Remark 141M->141M(512M) 5.148ms
[2023-11-15T22:47:53.690+0000][7][gc,cpu      ] GC(192) User=0.04s Sys=0.01s Real=0.00s
[2023-11-15T22:47:53.690+0000][7][safepoint   ] Safepoint "G1Concurrent", Time since last: 82620227 ns, Reaching safepoint: 52500 ns, At safepoint: 5238615 ns, Total: 5291115 ns
[2023-11-15T22:47:53.690+0000][7][gc,marking  ] GC(192) Concurrent Mark 84.163ms
[2023-11-15T22:47:53.690+0000][7][gc,marking  ] GC(192) Concurrent Rebuild Remembered Sets
[2023-11-15T22:47:53.721+0000][7][gc,marking  ] GC(192) Concurrent Rebuild Remembered Sets 31.125ms
[2023-11-15T22:47:53.722+0000][7][gc,start    ] GC(192) Pause Cleanup
[2023-11-15T22:47:53.722+0000][7][gc          ] GC(192) Pause Cleanup 141M->141M(512M) 0.059ms
[2023-11-15T22:47:53.722+0000][7][gc,cpu      ] GC(192) User=0.00s Sys=0.00s Real=0.00s
[2023-11-15T22:47:53.722+0000][7][safepoint   ] Safepoint "G1Concurrent", Time since last: 31263725 ns, Reaching safepoint: 43378 ns, At safepoint: 105680 ns, Total: 149058 ns
[2023-11-15T22:47:53.722+0000][7][gc,marking  ] GC(192) Concurrent Cleanup for Next Mark
[2023-11-15T22:47:53.722+0000][7][gc,marking  ] GC(192) Concurrent Cleanup for Next Mark 0.371ms
[2023-11-15T22:47:53.722+0000][7][gc          ] GC(192) Concurrent Mark Cycle 119.723ms
[2023-11-15T22:47:56.722+0000][7][safepoint   ] Safepoint "Cleanup", Time since last: 3000293784 ns, Reaching safepoint: 56659 ns, At safepoint: 6586 ns, Total: 63245 ns
[2023-11-15T22:48:02.723+0000][7][safepoint   ] Safepoint "Cleanup", Time since last: 6000891036 ns, Reaching safepoint: 149142 ns, At safepoint: 28222 ns, Total: 177364 ns
[2023-11-15T22:48:11.131+0000][7][gc,start    ] GC(193) Pause Young (Normal) (G1 Evacuation Pause)
[2023-11-15T22:48:11.131+0000][7][gc,task     ] GC(193) Using 8 workers of 8 for evacuation
[2023-11-15T22:48:11.131+0000][7][gc,age      ] GC(193) Desired survivor size 18874368 bytes, new threshold 15 (max threshold 15)
[2023-11-15T22:48:11.135+0000][7][gc,age      ] GC(193) Age table with threshold 15 (max threshold 15)
[2023-11-15T22:48:11.135+0000][7][gc,age      ] GC(193) - age   1:    1787232 bytes,    1787232 total
[2023-11-15T22:48:11.135+0000][7][gc,age      ] GC(193) - age   2:     493824 bytes,    2281056 total
[2023-11-15T22:48:11.135+0000][7][gc,age      ] GC(193) - age   3:     271136 bytes,    2552192 total
[2023-11-15T22:48:11.135+0000][7][gc,age      ] GC(193) - age   4:     380240 bytes,    2932432 total
[2023-11-15T22:48:11.135+0000][7][gc,age      ] GC(193) - age   5:     400096 bytes,    3332528 total
[2023-11-15T22:48:11.135+0000][7][gc,age      ] GC(193) - age   6:     375016 bytes,    3707544 total
[2023-11-15T22:48:11.135+0000][7][gc,age      ] GC(193) - age   7:         72 bytes,    3707616 total
[2023-11-15T22:48:11.135+0000][7][gc,age      ] GC(193) - age   8:     265912 bytes,    3973528 total
[2023-11-15T22:48:11.135+0000][7][gc,age      ] GC(193) - age   9:     299440 bytes,    4272968 total
[2023-11-15T22:48:11.136+0000][7][gc,phases   ] GC(193)   Pre Evacuate Collection Set: 0.2ms
[2023-11-15T22:48:11.136+0000][7][gc,phases   ] GC(193)   Merge Heap Roots: 0.1ms
[2023-11-15T22:48:11.136+0000][7][gc,phases   ] GC(193)   Evacuate Collection Set: 3.2ms
[2023-11-15T22:48:11.136+0000][7][gc,phases   ] GC(193)   Post Evacuate Collection Set: 0.8ms
[2023-11-15T22:48:11.136+0000][7][gc,phases   ] GC(193)   Other: 0.4ms
[2023-11-15T22:48:11.136+0000][7][gc,heap     ] GC(193) Eden regions: 69->0(69)
[2023-11-15T22:48:11.136+0000][7][gc,heap     ] GC(193) Survivor regions: 2->2(9)
[2023-11-15T22:48:11.136+0000][7][gc,heap     ] GC(193) Old regions: 28->28
[2023-11-15T22:48:11.136+0000][7][gc,heap     ] GC(193) Archive regions: 2->2
[2023-11-15T22:48:11.136+0000][7][gc,heap     ] GC(193) Humongous regions: 5->5
[2023-11-15T22:48:11.136+0000][7][gc,metaspace] GC(193) Metaspace: 117146K(118720K)->117146K(118720K) NonClass: 101651K(102592K)->101651K(102592K) Class: 15494K(16128K)->15494K(16128K)
[2023-11-15T22:48:11.136+0000][7][gc          ] GC(193) Pause Young (Normal) (G1 Evacuation Pause) 413M->137M(512M) 4.820ms
[2023-11-15T22:48:11.136+0000][7][gc,cpu      ] GC(193) User=0.02s Sys=0.01s Real=0.01s
[2023-11-15T22:48:11.136+0000][7][safepoint   ] Safepoint "G1CollectForAllocation", Time since last: 8407572364 ns, Reaching safepoint: 79317 ns, At safepoint: 4963445 ns, Total: 5042762 ns
[2023-11-15T22:48:14.136+0000][7][safepoint   ] Safepoint "Cleanup", Time since last: 3000373179 ns, Reaching safepoint: 172697 ns, At safepoint: 31419 ns, Total: 204116 ns
[2023-11-15T22:48:28.821+0000][7][gc,start    ] GC(194) Pause Young (Concurrent Start) (G1 Evacuation Pause)
[2023-11-15T22:48:28.821+0000][7][gc,task     ] GC(194) Using 8 workers of 8 for evacuation
[2023-11-15T22:48:28.821+0000][7][gc,age      ] GC(194) Desired survivor size 18874368 bytes, new threshold 15 (max threshold 15)
[2023-11-15T22:48:28.827+0000][7][gc,age      ] GC(194) Age table with threshold 15 (max threshold 15)
[2023-11-15T22:48:28.827+0000][7][gc,age      ] GC(194) - age   1:    2226232 bytes,    2226232 total
[2023-11-15T22:48:28.827+0000][7][gc,age      ] GC(194) - age   2:     566048 bytes,    2792280 total
[2023-11-15T22:48:28.827+0000][7][gc,age      ] GC(194) - age   3:     344696 bytes,    3136976 total
[2023-11-15T22:48:28.827+0000][7][gc,age      ] GC(194) - age   4:     270784 bytes,    3407760 total
[2023-11-15T22:48:28.827+0000][7][gc,age      ] GC(194) - age   5:     379776 bytes,    3787536 total
[2023-11-15T22:48:28.827+0000][7][gc,age      ] GC(194) - age   6:     400064 bytes,    4187600 total
[2023-11-15T22:48:28.827+0000][7][gc,age      ] GC(194) - age   7:     375016 bytes,    4562616 total
[2023-11-15T22:48:28.827+0000][7][gc,age      ] GC(194) - age   8:         72 bytes,    4562688 total
[2023-11-15T22:48:28.827+0000][7][gc,age      ] GC(194) - age   9:     265912 bytes,    4828600 total
[2023-11-15T22:48:28.827+0000][7][gc,age      ] GC(194) - age  10:     299440 bytes,    5128040 total
[2023-11-15T22:48:28.828+0000][7][gc,phases   ] GC(194)   Pre Evacuate Collection Set: 0.3ms
[2023-11-15T22:48:28.828+0000][7][gc,phases   ] GC(194)   Merge Heap Roots: 0.1ms
[2023-11-15T22:48:28.828+0000][7][gc,phases   ] GC(194)   Evacuate Collection Set: 4.6ms
[2023-11-15T22:48:28.828+0000][7][gc,phases   ] GC(194)   Post Evacuate Collection Set: 1.1ms
[2023-11-15T22:48:28.828+0000][7][gc,phases   ] GC(194)   Other: 0.5ms
[2023-11-15T22:48:28.828+0000][7][gc,heap     ] GC(194) Eden regions: 69->0(69)
[2023-11-15T22:48:28.828+0000][7][gc,heap     ] GC(194) Survivor regions: 2->2(9)
[2023-11-15T22:48:28.828+0000][7][gc,heap     ] GC(194) Old regions: 28->28
[2023-11-15T22:48:28.828+0000][7][gc,heap     ] GC(194) Archive regions: 2->2
[2023-11-15T22:48:28.828+0000][7][gc,heap     ] GC(194) Humongous regions: 5->5
[2023-11-15T22:48:28.828+0000][7][gc,metaspace] GC(194) Metaspace: 117150K(118720K)->117150K(118720K) NonClass: 101656K(102592K)->101656K(102592K) Class: 15494K(16128K)->15494K(16128K)
[2023-11-15T22:48:28.828+0000][7][gc          ] GC(194) Pause Young (Concurrent Start) (G1 Evacuation Pause) 413M->138M(512M) 6.762ms
[2023-11-15T22:48:28.828+0000][7][gc,cpu      ] GC(194) User=0.02s Sys=0.01s Real=0.01s
[2023-11-15T22:48:28.828+0000][7][gc          ] GC(195) Concurrent Mark Cycle
[2023-11-15T22:48:28.828+0000][7][gc,marking  ] GC(195) Concurrent Clear Claimed Marks
[2023-11-15T22:48:28.828+0000][7][safepoint   ] Safepoint "G1CollectForAllocation", Time since last: 14684494177 ns, Reaching safepoint: 113925 ns, At safepoint: 6973152 ns, Total: 7087077 ns
[2023-11-15T22:48:28.828+0000][7][gc,marking  ] GC(195) Concurrent Clear Claimed Marks 0.190ms
[2023-11-15T22:48:28.828+0000][7][gc,marking  ] GC(195) Concurrent Scan Root Regions
[2023-11-15T22:48:28.831+0000][7][gc,marking  ] GC(195) Concurrent Scan Root Regions 2.822ms
[2023-11-15T22:48:28.831+0000][7][gc,marking  ] GC(195) Concurrent Mark
[2023-11-15T22:48:28.831+0000][7][gc,marking  ] GC(195) Concurrent Mark From Roots
[2023-11-15T22:48:28.831+0000][7][gc,task     ] GC(195) Using 2 workers of 2 for marking
[2023-11-15T22:48:28.941+0000][7][gc,marking  ] GC(195) Concurrent Mark From Roots 110.243ms
[2023-11-15T22:48:28.941+0000][7][gc,marking  ] GC(195) Concurrent Preclean
[2023-11-15T22:48:28.941+0000][7][gc,marking  ] GC(195) Concurrent Preclean 0.203ms
[2023-11-15T22:48:28.942+0000][7][gc,start    ] GC(195) Pause Remark
[2023-11-15T22:48:28.947+0000][7][gc          ] GC(195) Pause Remark 147M->147M(512M) 5.183ms
[2023-11-15T22:48:28.947+0000][7][gc,cpu      ] GC(195) User=0.03s Sys=0.00s Real=0.01s
[2023-11-15T22:48:28.947+0000][7][safepoint   ] Safepoint "G1Concurrent", Time since last: 113680016 ns, Reaching safepoint: 19466 ns, At safepoint: 5308254 ns, Total: 5327720 ns
[2023-11-15T22:48:28.947+0000][7][gc,marking  ] GC(195) Concurrent Mark 115.884ms
[2023-11-15T22:48:28.947+0000][7][gc,marking  ] GC(195) Concurrent Rebuild Remembered Sets
[2023-11-15T22:48:29.004+0000][7][gc,marking  ] GC(195) Concurrent Rebuild Remembered Sets 57.203ms
[2023-11-15T22:48:29.004+0000][7][gc,start    ] GC(195) Pause Cleanup
[2023-11-15T22:48:29.004+0000][7][gc          ] GC(195) Pause Cleanup 148M->148M(512M) 0.117ms
[2023-11-15T22:48:29.004+0000][7][gc,cpu      ] GC(195) User=0.00s Sys=0.00s Real=0.00s
[2023-11-15T22:48:29.004+0000][7][safepoint   ] Safepoint "G1Concurrent", Time since last: 57318364 ns, Reaching safepoint: 57972 ns, At safepoint: 178911 ns, Total: 236883 ns
[2023-11-15T22:48:29.004+0000][7][gc,marking  ] GC(195) Concurrent Cleanup for Next Mark
[2023-11-15T22:48:29.005+0000][7][gc,marking  ] GC(195) Concurrent Cleanup for Next Mark 0.840ms
[2023-11-15T22:48:29.005+0000][7][gc          ] GC(195) Concurrent Mark Cycle 177.553ms
[2023-11-15T22:48:38.006+0000][7][safepoint   ] Safepoint "Cleanup", Time since last: 9001009452 ns, Reaching safepoint: 211118 ns, At safepoint: 26259 ns, Total: 237377 ns
[2023-11-15T22:48:46.756+0000][7][gc,start    ] GC(196) Pause Young (Normal) (G1 Evacuation Pause)
[2023-11-15T22:48:46.756+0000][7][gc,task     ] GC(196) Using 8 workers of 8 for evacuation
[2023-11-15T22:48:46.756+0000][7][gc,age      ] GC(196) Desired survivor size 18874368 bytes, new threshold 15 (max threshold 15)
[2023-11-15T22:48:46.763+0000][7][gc,age      ] GC(196) Age table with threshold 15 (max threshold 15)
[2023-11-15T22:48:46.763+0000][7][gc,age      ] GC(196) - age   1:    1314208 bytes,    1314208 total
[2023-11-15T22:48:46.763+0000][7][gc,age      ] GC(196) - age   2:     714400 bytes,    2028608 total
[2023-11-15T22:48:46.763+0000][7][gc,age      ] GC(196) - age   3:     400048 bytes,    2428656 total
[2023-11-15T22:48:46.763+0000][7][gc,age      ] GC(196) - age   4:     344376 bytes,    2773032 total
[2023-11-15T22:48:46.763+0000][7][gc,age      ] GC(196) - age   5:     268944 bytes,    3041976 total
[2023-11-15T22:48:46.763+0000][7][gc,age      ] GC(196) - age   6:     379680 bytes,    3421656 total
[2023-11-15T22:48:46.763+0000][7][gc,age      ] GC(196) - age   7:     400064 bytes,    3821720 total
[2023-11-15T22:48:46.763+0000][7][gc,age      ] GC(196) - age   8:     374224 bytes,    4195944 total
[2023-11-15T22:48:46.763+0000][7][gc,age      ] GC(196) - age   9:         72 bytes,    4196016 total
[2023-11-15T22:48:46.763+0000][7][gc,age      ] GC(196) - age  10:     265480 bytes,    4461496 total
[2023-11-15T22:48:46.763+0000][7][gc,age      ] GC(196) - age  11:     299440 bytes,    4760936 total
[2023-11-15T22:48:46.763+0000][7][gc,phases   ] GC(196)   Pre Evacuate Collection Set: 0.2ms
[2023-11-15T22:48:46.763+0000][7][gc,phases   ] GC(196)   Merge Heap Roots: 0.6ms
[2023-11-15T22:48:46.763+0000][7][gc,phases   ] GC(196)   Evacuate Collection Set: 4.7ms
[2023-11-15T22:48:46.763+0000][7][gc,phases   ] GC(196)   Post Evacuate Collection Set: 1.4ms
[2023-11-15T22:48:46.763+0000][7][gc,phases   ] GC(196)   Other: 0.7ms
[2023-11-15T22:48:46.763+0000][7][gc,heap     ] GC(196) Eden regions: 69->0(69)
[2023-11-15T22:48:46.763+0000][7][gc,heap     ] GC(196) Survivor regions: 2->2(9)
[2023-11-15T22:48:46.763+0000][7][gc,heap     ] GC(196) Old regions: 28->28
[2023-11-15T22:48:46.763+0000][7][gc,heap     ] GC(196) Archive regions: 2->2
[2023-11-15T22:48:46.763+0000][7][gc,heap     ] GC(196) Humongous regions: 5->5
[2023-11-15T22:48:46.763+0000][7][gc,metaspace] GC(196) Metaspace: 117162K(118720K)->117162K(118720K) NonClass: 101668K(102592K)->101668K(102592K) Class: 15494K(16128K)->15494K(16128K)
[2023-11-15T22:48:46.763+0000][7][gc          ] GC(196) Pause Young (Normal) (G1 Evacuation Pause) 414M->138M(512M) 7.725ms
[2023-11-15T22:48:46.763+0000][7][gc,cpu      ] GC(196) User=0.03s Sys=0.01s Real=0.00s
[2023-11-15T22:48:46.763+0000][7][safepoint   ] Safepoint "G1CollectForAllocation", Time since last: 8749602545 ns, Reaching safepoint: 117207 ns, At safepoint: 7964718 ns, Total: 8081925 ns
[2023-11-15T22:48:54.764+0000][7][safepoint   ] Safepoint "Cleanup", Time since last: 8000900214 ns, Reaching safepoint: 44999 ns, At safepoint: 5709 ns, Total: 50708 ns
[2023-11-15T22:49:02.765+0000][7][safepoint   ] Safepoint "Cleanup", Time since last: 8000791442 ns, Reaching safepoint: 223612 ns, At safepoint: 19406 ns, Total: 243018 ns
[2023-11-15T22:49:03.375+0000][7][gc,start    ] GC(197) Pause Young (Concurrent Start) (G1 Evacuation Pause)
[2023-11-15T22:49:03.375+0000][7][gc,task     ] GC(197) Using 8 workers of 8 for evacuation
[2023-11-15T22:49:03.375+0000][7][gc,age      ] GC(197) Desired survivor size 18874368 bytes, new threshold 15 (max threshold 15)
[2023-11-15T22:49:03.382+0000][7][gc,age      ] GC(197) Age table with threshold 15 (max threshold 15)
[2023-11-15T22:49:03.382+0000][7][gc,age      ] GC(197) - age   1:    1620000 bytes,    1620000 total
[2023-11-15T22:49:03.382+0000][7][gc,age      ] GC(197) - age   2:     649840 bytes,    2269840 total
[2023-11-15T22:49:03.382+0000][7][gc,age      ] GC(197) - age   3:     355640 bytes,    2625480 total
[2023-11-15T22:49:03.382+0000][7][gc,age      ] GC(197) - age   4:     399568 bytes,    3025048 total
[2023-11-15T22:49:03.382+0000][7][gc,age      ] GC(197) - age   5:     204160 bytes,    3229208 total
[2023-11-15T22:49:03.382+0000][7][gc,age      ] GC(197) - age   6:     268432 bytes,    3497640 total
[2023-11-15T22:49:03.382+0000][7][gc,age      ] GC(197) - age   7:     379680 bytes,    3877320 total
[2023-11-15T22:49:03.382+0000][7][gc,age      ] GC(197) - age   8:     399520 bytes,    4276840 total
[2023-11-15T22:49:03.382+0000][7][gc,age      ] GC(197) - age   9:     374032 bytes,    4650872 total
[2023-11-15T22:49:03.382+0000][7][gc,age      ] GC(197) - age  10:         72 bytes,    4650944 total
[2023-11-15T22:49:03.383+0000][7][gc,age      ] GC(197) - age  11:     265416 bytes,    4916360 total
[2023-11-15T22:49:03.383+0000][7][gc,age      ] GC(197) - age  12:     299440 bytes,    5215800 total
[2023-11-15T22:49:03.383+0000][7][gc,phases   ] GC(197)   Pre Evacuate Collection Set: 0.4ms
[2023-11-15T22:49:03.383+0000][7][gc,phases   ] GC(197)   Merge Heap Roots: 0.2ms
[2023-11-15T22:49:03.383+0000][7][gc,phases   ] GC(197)   Evacuate Collection Set: 4.5ms
[2023-11-15T22:49:03.383+0000][7][gc,phases   ] GC(197)   Post Evacuate Collection Set: 1.6ms
[2023-11-15T22:49:03.383+0000][7][gc,phases   ] GC(197)   Other: 0.8ms
[2023-11-15T22:49:03.383+0000][7][gc,heap     ] GC(197) Eden regions: 69->0(69)
[2023-11-15T22:49:03.383+0000][7][gc,heap     ] GC(197) Survivor regions: 2->2(9)
[2023-11-15T22:49:03.383+0000][7][gc,heap     ] GC(197) Old regions: 28->28
[2023-11-15T22:49:03.383+0000][7][gc,heap     ] GC(197) Archive regions: 2->2
[2023-11-15T22:49:03.383+0000][7][gc,heap     ] GC(197) Humongous regions: 5->5
[2023-11-15T22:49:03.383+0000][7][gc,metaspace] GC(197) Metaspace: 117163K(118720K)->117163K(118720K) NonClass: 101669K(102592K)->101669K(102592K) Class: 15494K(16128K)->15494K(16128K)
[2023-11-15T22:49:03.383+0000][7][gc          ] GC(197) Pause Young (Concurrent Start) (G1 Evacuation Pause) 414M->138M(512M) 7.646ms
[2023-11-15T22:49:03.383+0000][7][gc,cpu      ] GC(197) User=0.04s Sys=0.00s Real=0.00s
[2023-11-15T22:49:03.383+0000][7][safepoint   ] Safepoint "G1CollectForAllocation", Time since last: 609551334 ns, Reaching safepoint: 192051 ns, At safepoint: 7890791 ns, Total: 8082842 ns
[2023-11-15T22:49:03.383+0000][7][gc          ] GC(198) Concurrent Mark Cycle
[2023-11-15T22:49:03.383+0000][7][gc,marking  ] GC(198) Concurrent Clear Claimed Marks
[2023-11-15T22:49:03.383+0000][7][gc,marking  ] GC(198) Concurrent Clear Claimed Marks 0.231ms
[2023-11-15T22:49:03.383+0000][7][gc,marking  ] GC(198) Concurrent Scan Root Regions
[2023-11-15T22:49:03.388+0000][7][gc,marking  ] GC(198) Concurrent Scan Root Regions 4.476ms
[2023-11-15T22:49:03.388+0000][7][gc,marking  ] GC(198) Concurrent Mark
[2023-11-15T22:49:03.388+0000][7][gc,marking  ] GC(198) Concurrent Mark From Roots
[2023-11-15T22:49:03.388+0000][7][gc,task     ] GC(198) Using 2 workers of 2 for marking
[2023-11-15T22:49:03.481+0000][7][gc,marking  ] GC(198) Concurrent Mark From Roots 93.002ms
[2023-11-15T22:49:03.481+0000][7][gc,marking  ] GC(198) Concurrent Preclean
[2023-11-15T22:49:03.481+0000][7][gc,marking  ] GC(198) Concurrent Preclean 0.186ms
[2023-11-15T22:49:03.481+0000][7][gc,start    ] GC(198) Pause Remark
[2023-11-15T22:49:03.486+0000][7][gc          ] GC(198) Pause Remark 142M->142M(512M) 5.133ms
[2023-11-15T22:49:03.486+0000][7][gc,cpu      ] GC(198) User=0.03s Sys=0.00s Real=0.01s
[2023-11-15T22:49:03.486+0000][7][safepoint   ] Safepoint "G1Concurrent", Time since last: 98223142 ns, Reaching safepoint: 32420 ns, At safepoint: 5237762 ns, Total: 5270182 ns
[2023-11-15T22:49:03.486+0000][7][gc,marking  ] GC(198) Concurrent Mark 98.541ms
[2023-11-15T22:49:03.487+0000][7][gc,marking  ] GC(198) Concurrent Rebuild Remembered Sets
[2023-11-15T22:49:03.517+0000][7][gc,marking  ] GC(198) Concurrent Rebuild Remembered Sets 30.886ms
[2023-11-15T22:49:03.518+0000][7][gc,start    ] GC(198) Pause Cleanup
[2023-11-15T22:49:03.518+0000][7][gc          ] GC(198) Pause Cleanup 142M->142M(512M) 0.098ms
[2023-11-15T22:49:03.518+0000][7][gc,cpu      ] GC(198) User=0.00s Sys=0.00s Real=0.00s
[2023-11-15T22:49:03.518+0000][7][safepoint   ] Safepoint "G1Concurrent", Time since last: 30989040 ns, Reaching safepoint: 56263 ns, At safepoint: 181572 ns, Total: 237835 ns
[2023-11-15T22:49:03.518+0000][7][gc,marking  ] GC(198) Concurrent Cleanup for Next Mark
[2023-11-15T22:49:03.518+0000][7][gc,marking  ] GC(198) Concurrent Cleanup for Next Mark 0.434ms
[2023-11-15T22:49:03.518+0000][7][gc          ] GC(198) Concurrent Mark Cycle 135.139ms
[2023-11-15T22:49:20.816+0000][7][gc,start    ] GC(199) Pause Young (Normal) (G1 Evacuation Pause)
[2023-11-15T22:49:20.816+0000][7][gc,task     ] GC(199) Using 8 workers of 8 for evacuation
[2023-11-15T22:49:20.816+0000][7][gc,age      ] GC(199) Desired survivor size 18874368 bytes, new threshold 15 (max threshold 15)
[2023-11-15T22:49:20.822+0000][7][gc,age      ] GC(199) Age table with threshold 15 (max threshold 15)
[2023-11-15T22:49:20.822+0000][7][gc,age      ] GC(199) - age   1:    1612136 bytes,    1612136 total
[2023-11-15T22:49:20.822+0000][7][gc,age      ] GC(199) - age   2:     703368 bytes,    2315504 total
[2023-11-15T22:49:20.822+0000][7][gc,age      ] GC(199) - age   3:     305232 bytes,    2620736 total
[2023-11-15T22:49:20.822+0000][7][gc,age      ] GC(199) - age   4:     215840 bytes,    2836576 total
[2023-11-15T22:49:20.822+0000][7][gc,age      ] GC(199) - age   5:     398480 bytes,    3235056 total
[2023-11-15T22:49:20.822+0000][7][gc,age      ] GC(199) - age   6:     203904 bytes,    3438960 total
[2023-11-15T22:49:20.822+0000][7][gc,age      ] GC(199) - age   7:     267896 bytes,    3706856 total
[2023-11-15T22:49:20.822+0000][7][gc,age      ] GC(199) - age   8:     379680 bytes,    4086536 total
[2023-11-15T22:49:20.822+0000][7][gc,age      ] GC(199) - age   9:     399520 bytes,    4486056 total
[2023-11-15T22:49:20.822+0000][7][gc,age      ] GC(199) - age  10:     373656 bytes,    4859712 total
[2023-11-15T22:49:20.822+0000][7][gc,age      ] GC(199) - age  11:         72 bytes,    4859784 total
[2023-11-15T22:49:20.822+0000][7][gc,age      ] GC(199) - age  12:     265416 bytes,    5125200 total
[2023-11-15T22:49:20.822+0000][7][gc,age      ] GC(199) - age  13:     299440 bytes,    5424640 total
[2023-11-15T22:49:20.822+0000][7][gc,phases   ] GC(199)   Pre Evacuate Collection Set: 0.2ms
[2023-11-15T22:49:20.822+0000][7][gc,phases   ] GC(199)   Merge Heap Roots: 0.2ms
[2023-11-15T22:49:20.822+0000][7][gc,phases   ] GC(199)   Evacuate Collection Set: 4.1ms
[2023-11-15T22:49:20.822+0000][7][gc,phases   ] GC(199)   Post Evacuate Collection Set: 1.4ms
[2023-11-15T22:49:20.822+0000][7][gc,phases   ] GC(199)   Other: 0.6ms
[2023-11-15T22:49:20.822+0000][7][gc,heap     ] GC(199) Eden regions: 69->0(69)
[2023-11-15T22:49:20.822+0000][7][gc,heap     ] GC(199) Survivor regions: 2->2(9)
[2023-11-15T22:49:20.822+0000][7][gc,heap     ] GC(199) Old regions: 28->28
[2023-11-15T22:49:20.822+0000][7][gc,heap     ] GC(199) Archive regions: 2->2
[2023-11-15T22:49:20.822+0000][7][gc,heap     ] GC(199) Humongous regions: 5->5
[2023-11-15T22:49:20.822+0000][7][gc,metaspace] GC(199) Metaspace: 117179K(118720K)->117179K(118720K) NonClass: 101684K(102592K)->101684K(102592K) Class: 15494K(16128K)->15494K(16128K)
[2023-11-15T22:49:20.822+0000][7][gc          ] GC(199) Pause Young (Normal) (G1 Evacuation Pause) 414M->138M(512M) 6.744ms
[2023-11-15T22:49:20.822+0000][7][gc,cpu      ] GC(199) User=0.03s Sys=0.00s Real=0.00s
[2023-11-15T22:49:20.822+0000][7][safepoint   ] Safepoint "G1CollectForAllocation", Time since last: 17297629827 ns, Reaching safepoint: 106848 ns, At safepoint: 6954873 ns, Total: 7061721 ns
[2023-11-15T22:49:21.823+0000][7][safepoint   ] Safepoint "Cleanup", Time since last: 1000221009 ns, Reaching safepoint: 162674 ns, At safepoint: 17185 ns, Total: 179859 ns
[2023-11-15T22:49:26.823+0000][7][safepoint   ] Safepoint "Cleanup", Time since last: 5000512584 ns, Reaching safepoint: 53469 ns, At safepoint: 5133 ns, Total: 58602 ns
[2023-11-15T22:49:29.824+0000][7][safepoint   ] Safepoint "Cleanup", Time since last: 3000484255 ns, Reaching safepoint: 132238 ns, At safepoint: 13392 ns, Total: 145630 ns
[2023-11-15T22:49:38.179+0000][7][gc,start    ] GC(200) Pause Young (Concurrent Start) (G1 Evacuation Pause)
[2023-11-15T22:49:38.180+0000][7][gc,task     ] GC(200) Using 8 workers of 8 for evacuation
[2023-11-15T22:49:38.180+0000][7][gc,age      ] GC(200) Desired survivor size 18874368 bytes, new threshold 15 (max threshold 15)
[2023-11-15T22:49:38.187+0000][7][gc,age      ] GC(200) Age table with threshold 15 (max threshold 15)
[2023-11-15T22:49:38.187+0000][7][gc,age      ] GC(200) - age   1:    2041104 bytes,    2041104 total
[2023-11-15T22:49:38.187+0000][7][gc,age      ] GC(200) - age   2:     789312 bytes,    2830416 total
[2023-11-15T22:49:38.187+0000][7][gc,age      ] GC(200) - age   3:     428192 bytes,    3258608 total
[2023-11-15T22:49:38.187+0000][7][gc,age      ] GC(200) - age   4:     302472 bytes,    3561080 total
[2023-11-15T22:49:38.187+0000][7][gc,age      ] GC(200) - age   5:     215424 bytes,    3776504 total
[2023-11-15T22:49:38.187+0000][7][gc,age      ] GC(200) - age   6:     398104 bytes,    4174608 total
[2023-11-15T22:49:38.187+0000][7][gc,age      ] GC(200) - age   7:     203904 bytes,    4378512 total
[2023-11-15T22:49:38.187+0000][7][gc,age      ] GC(200) - age   8:     267896 bytes,    4646408 total
[2023-11-15T22:49:38.187+0000][7][gc,age      ] GC(200) - age   9:     248528 bytes,    4894936 total
[2023-11-15T22:49:38.187+0000][7][gc,age      ] GC(200) - age  10:     399520 bytes,    5294456 total
[2023-11-15T22:49:38.187+0000][7][gc,age      ] GC(200) - age  11:     373656 bytes,    5668112 total
[2023-11-15T22:49:38.187+0000][7][gc,age      ] GC(200) - age  12:         72 bytes,    5668184 total
[2023-11-15T22:49:38.187+0000][7][gc,age      ] GC(200) - age  13:     265416 bytes,    5933600 total
[2023-11-15T22:49:38.187+0000][7][gc,age      ] GC(200) - age  14:     299440 bytes,    6233040 total
[2023-11-15T22:49:38.187+0000][7][gc,phases   ] GC(200)   Pre Evacuate Collection Set: 0.4ms
[2023-11-15T22:49:38.187+0000][7][gc,phases   ] GC(200)   Merge Heap Roots: 0.2ms
[2023-11-15T22:49:38.187+0000][7][gc,phases   ] GC(200)   Evacuate Collection Set: 4.4ms
[2023-11-15T22:49:38.187+0000][7][gc,phases   ] GC(200)   Post Evacuate Collection Set: 1.6ms
[2023-11-15T22:49:38.188+0000][7][gc,phases   ] GC(200)   Other: 1.6ms
[2023-11-15T22:49:38.188+0000][7][gc,heap     ] GC(200) Eden regions: 69->0(69)
[2023-11-15T22:49:38.188+0000][7][gc,heap     ] GC(200) Survivor regions: 2->2(9)
[2023-11-15T22:49:38.188+0000][7][gc,heap     ] GC(200) Old regions: 28->28
[2023-11-15T22:49:38.188+0000][7][gc,heap     ] GC(200) Archive regions: 2->2
[2023-11-15T22:49:38.188+0000][7][gc,heap     ] GC(200) Humongous regions: 5->5
[2023-11-15T22:49:38.188+0000][7][gc,metaspace] GC(200) Metaspace: 117182K(118720K)->117182K(118720K) NonClass: 101687K(102592K)->101687K(102592K) Class: 15494K(16128K)->15494K(16128K)
[2023-11-15T22:49:38.188+0000][7][gc          ] GC(200) Pause Young (Concurrent Start) (G1 Evacuation Pause) 414M->139M(512M) 8.389ms
[2023-11-15T22:49:38.188+0000][7][gc,cpu      ] GC(200) User=0.04s Sys=0.00s Real=0.01s
[2023-11-15T22:49:38.188+0000][7][safepoint   ] Safepoint "G1CollectForAllocation", Time since last: 8354994470 ns, Reaching safepoint: 184783 ns, At safepoint: 8638259 ns, Total: 8823042 ns
[2023-11-15T22:49:38.188+0000][7][gc          ] GC(201) Concurrent Mark Cycle
[2023-11-15T22:49:38.188+0000][7][gc,marking  ] GC(201) Concurrent Clear Claimed Marks
[2023-11-15T22:49:38.188+0000][7][gc,marking  ] GC(201) Concurrent Clear Claimed Marks 0.272ms
[2023-11-15T22:49:38.188+0000][7][gc,marking  ] GC(201) Concurrent Scan Root Regions
[2023-11-15T22:49:38.192+0000][7][gc,marking  ] GC(201) Concurrent Scan Root Regions 3.297ms
[2023-11-15T22:49:38.192+0000][7][gc,marking  ] GC(201) Concurrent Mark
[2023-11-15T22:49:38.192+0000][7][gc,marking  ] GC(201) Concurrent Mark From Roots
[2023-11-15T22:49:38.192+0000][7][gc,task     ] GC(201) Using 2 workers of 2 for marking
[2023-11-15T22:49:38.273+0000][7][gc,marking  ] GC(201) Concurrent Mark From Roots 81.381ms
[2023-11-15T22:49:38.273+0000][7][gc,marking  ] GC(201) Concurrent Preclean
[2023-11-15T22:49:38.273+0000][7][gc,marking  ] GC(201) Concurrent Preclean 0.161ms
[2023-11-15T22:49:38.273+0000][7][gc,start    ] GC(201) Pause Remark
[2023-11-15T22:49:38.278+0000][7][gc          ] GC(201) Pause Remark 143M->143M(512M) 5.118ms
[2023-11-15T22:49:38.279+0000][7][gc,cpu      ] GC(201) User=0.04s Sys=0.00s Real=0.01s
[2023-11-15T22:49:38.279+0000][7][safepoint   ] Safepoint "G1Concurrent", Time since last: 85485932 ns, Reaching safepoint: 19695 ns, At safepoint: 5239918 ns, Total: 5259613 ns
[2023-11-15T22:49:38.279+0000][7][gc,marking  ] GC(201) Concurrent Mark 86.955ms
[2023-11-15T22:49:38.279+0000][7][gc,marking  ] GC(201) Concurrent Rebuild Remembered Sets
[2023-11-15T22:49:38.310+0000][7][gc,marking  ] GC(201) Concurrent Rebuild Remembered Sets 31.020ms
[2023-11-15T22:49:38.310+0000][7][gc,start    ] GC(201) Pause Cleanup
[2023-11-15T22:49:38.310+0000][7][gc          ] GC(201) Pause Cleanup 143M->143M(512M) 0.105ms
[2023-11-15T22:49:38.310+0000][7][gc,cpu      ] GC(201) User=0.00s Sys=0.00s Real=0.00s
[2023-11-15T22:49:38.310+0000][7][safepoint   ] Safepoint "G1Concurrent", Time since last: 31164967 ns, Reaching safepoint: 21833 ns, At safepoint: 164338 ns, Total: 186171 ns
[2023-11-15T22:49:38.310+0000][7][gc,marking  ] GC(201) Concurrent Cleanup for Next Mark
[2023-11-15T22:49:38.311+0000][7][gc,marking  ] GC(201) Concurrent Cleanup for Next Mark 0.618ms
[2023-11-15T22:49:38.311+0000][7][gc          ] GC(201) Concurrent Mark Cycle 122.800ms
[2023-11-15T22:49:47.311+0000][7][safepoint   ] Safepoint "Cleanup", Time since last: 9001020312 ns, Reaching safepoint: 73601 ns, At safepoint: 7586 ns, Total: 81187 ns
[2023-11-15T22:49:50.312+0000][7][safepoint   ] Safepoint "Cleanup", Time since last: 3000432717 ns, Reaching safepoint: 71570 ns, At safepoint: 7229 ns, Total: 78799 ns
[2023-11-15T22:49:53.312+0000][7][safepoint   ] Safepoint "Cleanup", Time since last: 3000368733 ns, Reaching safepoint: 108478 ns, At safepoint: 13552 ns, Total: 122030 ns
[2023-11-15T22:49:55.762+0000][7][gc,start    ] GC(202) Pause Young (Normal) (G1 Evacuation Pause)
[2023-11-15T22:49:55.762+0000][7][gc,task     ] GC(202) Using 8 workers of 8 for evacuation
[2023-11-15T22:49:55.762+0000][7][gc,age      ] GC(202) Desired survivor size 18874368 bytes, new threshold 15 (max threshold 15)
[2023-11-15T22:49:55.765+0000][7][gc,age      ] GC(202) Age table with threshold 15 (max threshold 15)
[2023-11-15T22:49:55.766+0000][7][gc,age      ] GC(202) - age   1:    1791400 bytes,    1791400 total
[2023-11-15T22:49:55.766+0000][7][gc,age      ] GC(202) - age   2:    1223160 bytes,    3014560 total
[2023-11-15T22:49:55.766+0000][7][gc,age      ] GC(202) - age   3:     268704 bytes,    3283264 total
[2023-11-15T22:49:55.766+0000][7][gc,age      ] GC(202) - age   4:     272320 bytes,    3555584 total
[2023-11-15T22:49:55.766+0000][7][gc,age      ] GC(202) - age   5:     302376 bytes,    3857960 total
[2023-11-15T22:49:55.766+0000][7][gc,age      ] GC(202) - age   6:     215360 bytes,    4073320 total
[2023-11-15T22:49:55.766+0000][7][gc,age      ] GC(202) - age   7:     398104 bytes,    4471424 total
[2023-11-15T22:49:55.766+0000][7][gc,age      ] GC(202) - age   8:     203840 bytes,    4675264 total
[2023-11-15T22:49:55.766+0000][7][gc,age      ] GC(202) - age   9:     267896 bytes,    4943160 total
[2023-11-15T22:49:55.766+0000][7][gc,age      ] GC(202) - age  10:     248528 bytes,    5191688 total
[2023-11-15T22:49:55.766+0000][7][gc,age      ] GC(202) - age  11:     268416 bytes,    5460104 total
[2023-11-15T22:49:55.766+0000][7][gc,age      ] GC(202) - age  12:     373592 bytes,    5833696 total
[2023-11-15T22:49:55.766+0000][7][gc,age      ] GC(202) - age  13:         72 bytes,    5833768 total
[2023-11-15T22:49:55.766+0000][7][gc,age      ] GC(202) - age  14:     265416 bytes,    6099184 total
[2023-11-15T22:49:55.766+0000][7][gc,age      ] GC(202) - age  15:     299440 bytes,    6398624 total
[2023-11-15T22:49:55.766+0000][7][gc,phases   ] GC(202)   Pre Evacuate Collection Set: 0.1ms
[2023-11-15T22:49:55.766+0000][7][gc,phases   ] GC(202)   Merge Heap Roots: 0.1ms
[2023-11-15T22:49:55.766+0000][7][gc,phases   ] GC(202)   Evacuate Collection Set: 2.3ms
[2023-11-15T22:49:55.766+0000][7][gc,phases   ] GC(202)   Post Evacuate Collection Set: 0.6ms
[2023-11-15T22:49:55.766+0000][7][gc,phases   ] GC(202)   Other: 0.3ms
[2023-11-15T22:49:55.766+0000][7][gc,heap     ] GC(202) Eden regions: 69->0(69)
[2023-11-15T22:49:55.766+0000][7][gc,heap     ] GC(202) Survivor regions: 2->2(9)
[2023-11-15T22:49:55.766+0000][7][gc,heap     ] GC(202) Old regions: 28->28
[2023-11-15T22:49:55.766+0000][7][gc,heap     ] GC(202) Archive regions: 2->2
[2023-11-15T22:49:55.766+0000][7][gc,heap     ] GC(202) Humongous regions: 5->5
[2023-11-15T22:49:55.766+0000][7][gc,metaspace] GC(202) Metaspace: 117182K(118720K)->117182K(118720K) NonClass: 101687K(102592K)->101687K(102592K) Class: 15494K(16128K)->15494K(16128K)
[2023-11-15T22:49:55.766+0000][7][gc          ] GC(202) Pause Young (Normal) (G1 Evacuation Pause) 415M->139M(512M) 3.412ms
[2023-11-15T22:49:55.766+0000][7][gc,cpu      ] GC(202) User=0.01s Sys=0.00s Real=0.01s
[2023-11-15T22:49:55.766+0000][7][safepoint   ] Safepoint "G1CollectForAllocation", Time since last: 2450284597 ns, Reaching safepoint: 26452 ns, At safepoint: 3512459 ns, Total: 3538911 ns
[2023-11-15T22:50:05.767+0000][7][safepoint   ] Safepoint "Cleanup", Time since last: 10001179051 ns, Reaching safepoint: 146055 ns, At safepoint: 14252 ns, Total: 160307 ns
[2023-11-15T22:50:14.853+0000][7][gc,start    ] GC(203) Pause Young (Concurrent Start) (G1 Evacuation Pause)
[2023-11-15T22:50:14.853+0000][7][gc,task     ] GC(203) Using 8 workers of 8 for evacuation
[2023-11-15T22:50:14.853+0000][7][gc,age      ] GC(203) Desired survivor size 18874368 bytes, new threshold 15 (max threshold 15)
[2023-11-15T22:50:14.859+0000][7][gc,age      ] GC(203) Age table with threshold 15 (max threshold 15)
[2023-11-15T22:50:14.859+0000][7][gc,age      ] GC(203) - age   1:    1931320 bytes,    1931320 total
[2023-11-15T22:50:14.859+0000][7][gc,age      ] GC(203) - age   2:     976712 bytes,    2908032 total
[2023-11-15T22:50:14.859+0000][7][gc,age      ] GC(203) - age   3:     738936 bytes,    3646968 total
[2023-11-15T22:50:14.859+0000][7][gc,age      ] GC(203) - age   4:     267384 bytes,    3914352 total
[2023-11-15T22:50:14.859+0000][7][gc,age      ] GC(203) - age   5:     272000 bytes,    4186352 total
[2023-11-15T22:50:14.859+0000][7][gc,age      ] GC(203) - age   6:     301968 bytes,    4488320 total
[2023-11-15T22:50:14.859+0000][7][gc,age      ] GC(203) - age   7:     215360 bytes,    4703680 total
[2023-11-15T22:50:14.859+0000][7][gc,age      ] GC(203) - age   8:     398104 bytes,    5101784 total
[2023-11-15T22:50:14.859+0000][7][gc,age      ] GC(203) - age   9:     203840 bytes,    5305624 total
[2023-11-15T22:50:14.859+0000][7][gc,age      ] GC(203) - age  10:     267896 bytes,    5573520 total
[2023-11-15T22:50:14.859+0000][7][gc,age      ] GC(203) - age  11:     248528 bytes,    5822048 total
[2023-11-15T22:50:14.859+0000][7][gc,age      ] GC(203) - age  12:     268416 bytes,    6090464 total
[2023-11-15T22:50:14.859+0000][7][gc,age      ] GC(203) - age  13:     373528 bytes,    6463992 total
[2023-11-15T22:50:14.859+0000][7][gc,age      ] GC(203) - age  14:         72 bytes,    6464064 total
[2023-11-15T22:50:14.859+0000][7][gc,age      ] GC(203) - age  15:     265416 bytes,    6729480 total
[2023-11-15T22:50:14.859+0000][7][gc,phases   ] GC(203)   Pre Evacuate Collection Set: 0.3ms
[2023-11-15T22:50:14.859+0000][7][gc,phases   ] GC(203)   Merge Heap Roots: 0.1ms
[2023-11-15T22:50:14.859+0000][7][gc,phases   ] GC(203)   Evacuate Collection Set: 4.0ms
[2023-11-15T22:50:14.859+0000][7][gc,phases   ] GC(203)   Post Evacuate Collection Set: 1.3ms
[2023-11-15T22:50:14.859+0000][7][gc,phases   ] GC(203)   Other: 0.6ms
[2023-11-15T22:50:14.859+0000][7][gc,heap     ] GC(203) Eden regions: 69->0(69)
[2023-11-15T22:50:14.860+0000][7][gc,heap     ] GC(203) Survivor regions: 2->2(9)
[2023-11-15T22:50:14.860+0000][7][gc,heap     ] GC(203) Old regions: 28->28
[2023-11-15T22:50:14.860+0000][7][gc,heap     ] GC(203) Archive regions: 2->2
[2023-11-15T22:50:14.860+0000][7][gc,heap     ] GC(203) Humongous regions: 5->5
[2023-11-15T22:50:14.860+0000][7][gc,metaspace] GC(203) Metaspace: 117186K(118720K)->117186K(118720K) NonClass: 101691K(102592K)->101691K(102592K) Class: 15494K(16128K)->15494K(16128K)
[2023-11-15T22:50:14.860+0000][7][gc          ] GC(203) Pause Young (Concurrent Start) (G1 Evacuation Pause) 415M->140M(512M) 6.454ms
[2023-11-15T22:50:14.860+0000][7][gc,cpu      ] GC(203) User=0.03s Sys=0.01s Real=0.01s
[2023-11-15T22:50:14.860+0000][7][safepoint   ] Safepoint "G1CollectForAllocation", Time since last: 9085791857 ns, Reaching safepoint: 87512 ns, At safepoint: 6659758 ns, Total: 6747270 ns
[2023-11-15T22:50:14.860+0000][7][gc          ] GC(204) Concurrent Mark Cycle
[2023-11-15T22:50:14.860+0000][7][gc,marking  ] GC(204) Concurrent Clear Claimed Marks
[2023-11-15T22:50:14.860+0000][7][gc,marking  ] GC(204) Concurrent Clear Claimed Marks 0.180ms
[2023-11-15T22:50:14.860+0000][7][gc,marking  ] GC(204) Concurrent Scan Root Regions
[2023-11-15T22:50:14.863+0000][7][gc,marking  ] GC(204) Concurrent Scan Root Regions 2.916ms
[2023-11-15T22:50:14.863+0000][7][gc,marking  ] GC(204) Concurrent Mark
[2023-11-15T22:50:14.863+0000][7][gc,marking  ] GC(204) Concurrent Mark From Roots
[2023-11-15T22:50:14.863+0000][7][gc,task     ] GC(204) Using 2 workers of 2 for marking
[2023-11-15T22:50:14.938+0000][7][gc,marking  ] GC(204) Concurrent Mark From Roots 74.461ms
[2023-11-15T22:50:14.938+0000][7][gc,marking  ] GC(204) Concurrent Preclean
[2023-11-15T22:50:14.938+0000][7][gc,marking  ] GC(204) Concurrent Preclean 0.167ms
[2023-11-15T22:50:14.938+0000][7][gc,start    ] GC(204) Pause Remark
[2023-11-15T22:50:14.943+0000][7][gc          ] GC(204) Pause Remark 147M->147M(512M) 4.974ms
[2023-11-15T22:50:14.943+0000][7][gc,cpu      ] GC(204) User=0.04s Sys=0.00s Real=0.00s
[2023-11-15T22:50:14.943+0000][7][safepoint   ] Safepoint "G1Concurrent", Time since last: 78000484 ns, Reaching safepoint: 25471 ns, At safepoint: 5067006 ns, Total: 5092477 ns
[2023-11-15T22:50:14.943+0000][7][gc,marking  ] GC(204) Concurrent Mark 79.805ms
[2023-11-15T22:50:14.943+0000][7][gc,marking  ] GC(204) Concurrent Rebuild Remembered Sets
[2023-11-15T22:50:14.974+0000][7][gc,marking  ] GC(204) Concurrent Rebuild Remembered Sets 31.226ms
[2023-11-15T22:50:14.974+0000][7][gc,start    ] GC(204) Pause Cleanup
[2023-11-15T22:50:14.974+0000][7][gc          ] GC(204) Pause Cleanup 147M->147M(512M) 0.172ms
[2023-11-15T22:50:14.974+0000][7][gc,cpu      ] GC(204) User=0.00s Sys=0.00s Real=0.00s
[2023-11-15T22:50:14.974+0000][7][safepoint   ] Safepoint "G1Concurrent", Time since last: 31294430 ns, Reaching safepoint: 25567 ns, At safepoint: 208884 ns, Total: 234451 ns
[2023-11-15T22:50:14.974+0000][7][gc,marking  ] GC(204) Concurrent Cleanup for Next Mark
[2023-11-15T22:50:14.975+0000][7][gc,marking  ] GC(204) Concurrent Cleanup for Next Mark 0.751ms
[2023-11-15T22:50:14.975+0000][7][gc          ] GC(204) Concurrent Mark Cycle 115.378ms
[2023-11-15T22:50:22.975+0000][7][safepoint   ] Safepoint "Cleanup", Time since last: 8000858430 ns, Reaching safepoint: 154428 ns, At safepoint: 18453 ns, Total: 172881 ns
[2023-11-15T22:50:25.976+0000][7][safepoint   ] Safepoint "Cleanup", Time since last: 3000482527 ns, Reaching safepoint: 165633 ns, At safepoint: 16388 ns, Total: 182021 ns
[2023-11-15T22:50:33.711+0000][7][gc,start    ] GC(205) Pause Young (Normal) (G1 Evacuation Pause)
[2023-11-15T22:50:33.712+0000][7][gc,task     ] GC(205) Using 8 workers of 8 for evacuation
[2023-11-15T22:50:33.712+0000][7][gc,age      ] GC(205) Desired survivor size 18874368 bytes, new threshold 15 (max threshold 15)
[2023-11-15T22:50:33.718+0000][7][gc,age      ] GC(205) Age table with threshold 15 (max threshold 15)
[2023-11-15T22:50:33.719+0000][7][gc,age      ] GC(205) - age   1:    1914584 bytes,    1914584 total
[2023-11-15T22:50:33.719+0000][7][gc,age      ] GC(205) - age   2:     824088 bytes,    2738672 total
[2023-11-15T22:50:33.719+0000][7][gc,age      ] GC(205) - age   3:     528824 bytes,    3267496 total
[2023-11-15T22:50:33.719+0000][7][gc,age      ] GC(205) - age   4:     587176 bytes,    3854672 total
[2023-11-15T22:50:33.719+0000][7][gc,age      ] GC(205) - age   5:     267000 bytes,    4121672 total
[2023-11-15T22:50:33.719+0000][7][gc,age      ] GC(205) - age   6:     271768 bytes,    4393440 total
[2023-11-15T22:50:33.719+0000][7][gc,age      ] GC(205) - age   7:     301688 bytes,    4695128 total
[2023-11-15T22:50:33.719+0000][7][gc,age      ] GC(205) - age   8:     215296 bytes,    4910424 total
[2023-11-15T22:50:33.719+0000][7][gc,age      ] GC(205) - age   9:     398104 bytes,    5308528 total
[2023-11-15T22:50:33.719+0000][7][gc,age      ] GC(205) - age  10:     203744 bytes,    5512272 total
[2023-11-15T22:50:33.719+0000][7][gc,age      ] GC(205) - age  11:     267896 bytes,    5780168 total
[2023-11-15T22:50:33.719+0000][7][gc,age      ] GC(205) - age  12:     248528 bytes,    6028696 total
[2023-11-15T22:50:33.719+0000][7][gc,age      ] GC(205) - age  13:     268416 bytes,    6297112 total
[2023-11-15T22:50:33.719+0000][7][gc,age      ] GC(205) - age  14:     373528 bytes,    6670640 total
[2023-11-15T22:50:33.719+0000][7][gc,age      ] GC(205) - age  15:         72 bytes,    6670712 total
[2023-11-15T22:50:33.719+0000][7][gc,phases   ] GC(205)   Pre Evacuate Collection Set: 0.2ms
[2023-11-15T22:50:33.719+0000][7][gc,phases   ] GC(205)   Merge Heap Roots: 0.2ms
[2023-11-15T22:50:33.719+0000][7][gc,phases   ] GC(205)   Evacuate Collection Set: 4.6ms
[2023-11-15T22:50:33.719+0000][7][gc,phases   ] GC(205)   Post Evacuate Collection Set: 1.6ms
[2023-11-15T22:50:33.719+0000][7][gc,phases   ] GC(205)   Other: 1.1ms
[2023-11-15T22:50:33.719+0000][7][gc,heap     ] GC(205) Eden regions: 69->0(69)
[2023-11-15T22:50:33.719+0000][7][gc,heap     ] GC(205) Survivor regions: 2->2(9)
[2023-11-15T22:50:33.719+0000][7][gc,heap     ] GC(205) Old regions: 28->28
[2023-11-15T22:50:33.719+0000][7][gc,heap     ] GC(205) Archive regions: 2->2
[2023-11-15T22:50:33.719+0000][7][gc,heap     ] GC(205) Humongous regions: 5->5
[2023-11-15T22:50:33.719+0000][7][gc,metaspace] GC(205) Metaspace: 117186K(118720K)->117186K(118720K) NonClass: 101691K(102592K)->101691K(102592K) Class: 15494K(16128K)->15494K(16128K)
[2023-11-15T22:50:33.719+0000][7][gc          ] GC(205) Pause Young (Normal) (G1 Evacuation Pause) 416M->140M(512M) 7.986ms
[2023-11-15T22:50:33.719+0000][7][gc,cpu      ] GC(205) User=0.04s Sys=0.00s Real=0.01s
[2023-11-15T22:50:33.719+0000][7][safepoint   ] Safepoint "G1CollectForAllocation", Time since last: 7735020322 ns, Reaching safepoint: 101615 ns, At safepoint: 8248623 ns, Total: 8350238 ns
[2023-11-15T22:50:38.720+0000][7][safepoint   ] Safepoint "Cleanup", Time since last: 5000558742 ns, Reaching safepoint: 52087 ns, At safepoint: 6738 ns, Total: 58825 ns
[2023-11-15T22:50:47.721+0000][7][safepoint   ] Safepoint "Cleanup", Time since last: 9001252466 ns, Reaching safepoint: 186475 ns, At safepoint: 22721 ns, Total: 209196 ns
[2023-11-15T22:50:50.722+0000][7][safepoint   ] Safepoint "Cleanup", Time since last: 3000560658 ns, Reaching safepoint: 122489 ns, At safepoint: 22809 ns, Total: 145298 ns
[2023-11-15T22:50:51.773+0000][7][gc,start    ] GC(206) Pause Young (Concurrent Start) (G1 Evacuation Pause)
[2023-11-15T22:50:51.773+0000][7][gc,task     ] GC(206) Using 8 workers of 8 for evacuation
[2023-11-15T22:50:51.773+0000][7][gc,age      ] GC(206) Desired survivor size 18874368 bytes, new threshold 15 (max threshold 15)
[2023-11-15T22:50:51.779+0000][7][gc,age      ] GC(206) Age table with threshold 15 (max threshold 15)
[2023-11-15T22:50:51.779+0000][7][gc,age      ] GC(206) - age   1:    1318920 bytes,    1318920 total
[2023-11-15T22:50:51.779+0000][7][gc,age      ] GC(206) - age   2:    1254136 bytes,    2573056 total
[2023-11-15T22:50:51.779+0000][7][gc,age      ] GC(206) - age   3:     745248 bytes,    3318304 total
[2023-11-15T22:50:51.779+0000][7][gc,age      ] GC(206) - age   4:     528440 bytes,    3846744 total
[2023-11-15T22:50:51.779+0000][7][gc,age      ] GC(206) - age   5:     547376 bytes,    4394120 total
[2023-11-15T22:50:51.779+0000][7][gc,age      ] GC(206) - age   6:     267000 bytes,    4661120 total
[2023-11-15T22:50:51.779+0000][7][gc,age      ] GC(206) - age   7:     271640 bytes,    4932760 total
[2023-11-15T22:50:51.779+0000][7][gc,age      ] GC(206) - age   8:     301376 bytes,    5234136 total
[2023-11-15T22:50:51.779+0000][7][gc,age      ] GC(206) - age   9:     215296 bytes,    5449432 total
[2023-11-15T22:50:51.779+0000][7][gc,age      ] GC(206) - age  10:     398104 bytes,    5847536 total
[2023-11-15T22:50:51.779+0000][7][gc,age      ] GC(206) - age  11:     203616 bytes,    6051152 total
[2023-11-15T22:50:51.779+0000][7][gc,age      ] GC(206) - age  12:     267896 bytes,    6319048 total
[2023-11-15T22:50:51.779+0000][7][gc,age      ] GC(206) - age  13:     248528 bytes,    6567576 total
[2023-11-15T22:50:51.779+0000][7][gc,age      ] GC(206) - age  14:     268416 bytes,    6835992 total
[2023-11-15T22:50:51.779+0000][7][gc,age      ] GC(206) - age  15:     373528 bytes,    7209520 total
[2023-11-15T22:50:51.779+0000][7][gc,phases   ] GC(206)   Pre Evacuate Collection Set: 0.4ms
[2023-11-15T22:50:51.779+0000][7][gc,phases   ] GC(206)   Merge Heap Roots: 0.2ms
[2023-11-15T22:50:51.779+0000][7][gc,phases   ] GC(206)   Evacuate Collection Set: 4.0ms
[2023-11-15T22:50:51.779+0000][7][gc,phases   ] GC(206)   Post Evacuate Collection Set: 1.3ms
[2023-11-15T22:50:51.779+0000][7][gc,phases   ] GC(206)   Other: 0.7ms
[2023-11-15T22:50:51.780+0000][7][gc,heap     ] GC(206) Eden regions: 69->0(69)
[2023-11-15T22:50:51.780+0000][7][gc,heap     ] GC(206) Survivor regions: 2->2(9)
[2023-11-15T22:50:51.780+0000][7][gc,heap     ] GC(206) Old regions: 28->28
[2023-11-15T22:50:51.780+0000][7][gc,heap     ] GC(206) Archive regions: 2->2
[2023-11-15T22:50:51.780+0000][7][gc,heap     ] GC(206) Humongous regions: 5->5
[2023-11-15T22:50:51.780+0000][7][gc,metaspace] GC(206) Metaspace: 117187K(118720K)->117187K(118720K) NonClass: 101692K(102592K)->101692K(102592K) Class: 15494K(16128K)->15494K(16128K)
[2023-11-15T22:50:51.780+0000][7][gc          ] GC(206) Pause Young (Concurrent Start) (G1 Evacuation Pause) 416M->141M(512M) 6.705ms
[2023-11-15T22:50:51.780+0000][7][gc,cpu      ] GC(206) User=0.04s Sys=0.01s Real=0.01s
[2023-11-15T22:50:51.780+0000][7][safepoint   ] Safepoint "G1CollectForAllocation", Time since last: 1050418870 ns, Reaching safepoint: 195346 ns, At safepoint: 6922783 ns, Total: 7118129 ns
[2023-11-15T22:50:51.780+0000][7][gc          ] GC(207) Concurrent Mark Cycle
[2023-11-15T22:50:51.780+0000][7][gc,marking  ] GC(207) Concurrent Clear Claimed Marks
[2023-11-15T22:50:51.780+0000][7][gc,marking  ] GC(207) Concurrent Clear Claimed Marks 0.172ms
[2023-11-15T22:50:51.780+0000][7][gc,marking  ] GC(207) Concurrent Scan Root Regions
[2023-11-15T22:50:51.784+0000][7][gc,marking  ] GC(207) Concurrent Scan Root Regions 3.828ms
[2023-11-15T22:50:51.784+0000][7][gc,marking  ] GC(207) Concurrent Mark
[2023-11-15T22:50:51.784+0000][7][gc,marking  ] GC(207) Concurrent Mark From Roots
[2023-11-15T22:50:51.784+0000][7][gc,task     ] GC(207) Using 2 workers of 2 for marking
[2023-11-15T22:50:51.862+0000][7][gc,marking  ] GC(207) Concurrent Mark From Roots 78.265ms
[2023-11-15T22:50:51.862+0000][7][gc,marking  ] GC(207) Concurrent Preclean
[2023-11-15T22:50:51.862+0000][7][gc,marking  ] GC(207) Concurrent Preclean 0.172ms
[2023-11-15T22:50:51.863+0000][7][gc,start    ] GC(207) Pause Remark
[2023-11-15T22:50:51.868+0000][7][gc          ] GC(207) Pause Remark 144M->144M(512M) 5.120ms
[2023-11-15T22:50:51.868+0000][7][gc,cpu      ] GC(207) User=0.03s Sys=0.00s Real=0.01s
[2023-11-15T22:50:51.868+0000][7][safepoint   ] Safepoint "G1Concurrent", Time since last: 82808506 ns, Reaching safepoint: 20661 ns, At safepoint: 5225932 ns, Total: 5246593 ns
[2023-11-15T22:50:51.868+0000][7][gc,marking  ] GC(207) Concurrent Mark 83.873ms
[2023-11-15T22:50:51.868+0000][7][gc,marking  ] GC(207) Concurrent Rebuild Remembered Sets
[2023-11-15T22:50:51.899+0000][7][gc,marking  ] GC(207) Concurrent Rebuild Remembered Sets 31.393ms
[2023-11-15T22:50:51.899+0000][7][gc,start    ] GC(207) Pause Cleanup
[2023-11-15T22:50:51.899+0000][7][gc          ] GC(207) Pause Cleanup 144M->144M(512M) 0.058ms
[2023-11-15T22:50:51.899+0000][7][gc,cpu      ] GC(207) User=0.00s Sys=0.00s Real=0.00s
[2023-11-15T22:50:51.900+0000][7][safepoint   ] Safepoint "G1Concurrent", Time since last: 31504664 ns, Reaching safepoint: 49966 ns, At safepoint: 151919 ns, Total: 201885 ns
[2023-11-15T22:50:51.900+0000][7][gc,marking  ] GC(207) Concurrent Cleanup for Next Mark
[2023-11-15T22:50:51.900+0000][7][gc,marking  ] GC(207) Concurrent Cleanup for Next Mark 0.468ms
[2023-11-15T22:50:51.900+0000][7][gc          ] GC(207) Concurrent Mark Cycle 120.245ms
[2023-11-15T22:50:52.900+0000][7][safepoint   ] Safepoint "Cleanup", Time since last: 1000118501 ns, Reaching safepoint: 172920 ns, At safepoint: 24495 ns, Total: 197415 ns
[2023-11-15T22:51:08.908+0000][7][gc,start    ] GC(208) Pause Young (Normal) (G1 Evacuation Pause)
[2023-11-15T22:51:08.908+0000][7][gc,task     ] GC(208) Using 8 workers of 8 for evacuation
[2023-11-15T22:51:08.908+0000][7][gc,age      ] GC(208) Desired survivor size 18874368 bytes, new threshold 15 (max threshold 15)
[2023-11-15T22:51:08.915+0000][7][gc,age      ] GC(208) Age table with threshold 15 (max threshold 15)
[2023-11-15T22:51:08.915+0000][7][gc,age      ] GC(208) - age   1:    2523424 bytes,    2523424 total
[2023-11-15T22:51:08.915+0000][7][gc,age      ] GC(208) - age   2:     496320 bytes,    3019744 total
[2023-11-15T22:51:08.915+0000][7][gc,age      ] GC(208) - age   3:     528216 bytes,    3547960 total
[2023-11-15T22:51:08.915+0000][7][gc,age      ] GC(208) - age   4:     339568 bytes,    3887528 total
[2023-11-15T22:51:08.915+0000][7][gc,age      ] GC(208) - age   5:     528208 bytes,    4415736 total
[2023-11-15T22:51:08.915+0000][7][gc,age      ] GC(208) - age   6:     546768 bytes,    4962504 total
[2023-11-15T22:51:08.915+0000][7][gc,age      ] GC(208) - age   7:     267000 bytes,    5229504 total
[2023-11-15T22:51:08.915+0000][7][gc,age      ] GC(208) - age   8:     271640 bytes,    5501144 total
[2023-11-15T22:51:08.915+0000][7][gc,age      ] GC(208) - age   9:     301376 bytes,    5802520 total
[2023-11-15T22:51:08.915+0000][7][gc,age      ] GC(208) - age  10:     215296 bytes,    6017816 total
[2023-11-15T22:51:08.915+0000][7][gc,age      ] GC(208) - age  11:     398104 bytes,    6415920 total
[2023-11-15T22:51:08.915+0000][7][gc,age      ] GC(208) - age  12:     203616 bytes,    6619536 total
[2023-11-15T22:51:08.915+0000][7][gc,age      ] GC(208) - age  13:     267896 bytes,    6887432 total
[2023-11-15T22:51:08.915+0000][7][gc,age      ] GC(208) - age  14:     248528 bytes,    7135960 total
[2023-11-15T22:51:08.915+0000][7][gc,age      ] GC(208) - age  15:     268416 bytes,    7404376 total
[2023-11-15T22:51:08.915+0000][7][gc,phases   ] GC(208)   Pre Evacuate Collection Set: 0.2ms
[2023-11-15T22:51:08.915+0000][7][gc,phases   ] GC(208)   Merge Heap Roots: 0.2ms
[2023-11-15T22:51:08.915+0000][7][gc,phases   ] GC(208)   Evacuate Collection Set: 4.9ms
[2023-11-15T22:51:08.915+0000][7][gc,phases   ] GC(208)   Post Evacuate Collection Set: 1.3ms
[2023-11-15T22:51:08.915+0000][7][gc,phases   ] GC(208)   Other: 0.6ms
[2023-11-15T22:51:08.915+0000][7][gc,heap     ] GC(208) Eden regions: 69->0(69)
[2023-11-15T22:51:08.915+0000][7][gc,heap     ] GC(208) Survivor regions: 2->2(9)
[2023-11-15T22:51:08.915+0000][7][gc,heap     ] GC(208) Old regions: 28->28
[2023-11-15T22:51:08.915+0000][7][gc,heap     ] GC(208) Archive regions: 2->2
[2023-11-15T22:51:08.915+0000][7][gc,heap     ] GC(208) Humongous regions: 5->5
[2023-11-15T22:51:08.915+0000][7][gc,metaspace] GC(208) Metaspace: 117192K(118720K)->117192K(118720K) NonClass: 101697K(102592K)->101697K(102592K) Class: 15494K(16128K)->15494K(16128K)
[2023-11-15T22:51:08.915+0000][7][gc          ] GC(208) Pause Young (Normal) (G1 Evacuation Pause) 417M->141M(512M) 7.216ms
[2023-11-15T22:51:08.916+0000][7][gc,cpu      ] GC(208) User=0.04s Sys=0.00s Real=0.01s
[2023-11-15T22:51:08.916+0000][7][safepoint   ] Safepoint "G1CollectForAllocation", Time since last: 16008249403 ns, Reaching safepoint: 98256 ns, At safepoint: 7434169 ns, Total: 7532425 ns
[2023-11-15T22:51:20.917+0000][7][safepoint   ] Safepoint "Cleanup", Time since last: 12001324019 ns, Reaching safepoint: 112347 ns, At safepoint: 24421 ns, Total: 136768 ns
[2023-11-15T22:51:26.121+0000][7][gc,start    ] GC(209) Pause Young (Concurrent Start) (G1 Evacuation Pause)
[2023-11-15T22:51:26.121+0000][7][gc,task     ] GC(209) Using 8 workers of 8 for evacuation
[2023-11-15T22:51:26.122+0000][7][gc,age      ] GC(209) Desired survivor size 18874368 bytes, new threshold 15 (max threshold 15)
[2023-11-15T22:51:26.128+0000][7][gc,age      ] GC(209) Age table with threshold 15 (max threshold 15)
[2023-11-15T22:51:26.128+0000][7][gc,age      ] GC(209) - age   1:    2187952 bytes,    2187952 total
[2023-11-15T22:51:26.128+0000][7][gc,age      ] GC(209) - age   2:    1584192 bytes,    3772144 total
[2023-11-15T22:51:26.128+0000][7][gc,age      ] GC(209) - age   3:     284872 bytes,    4057016 total
[2023-11-15T22:51:26.128+0000][7][gc,age      ] GC(209) - age   4:     300216 bytes,    4357232 total
[2023-11-15T22:51:26.128+0000][7][gc,age      ] GC(209) - age   5:     338048 bytes,    4695280 total
[2023-11-15T22:51:26.128+0000][7][gc,age      ] GC(209) - age   6:     528016 bytes,    5223296 total
[2023-11-15T22:51:26.128+0000][7][gc,age      ] GC(209) - age   7:     546576 bytes,    5769872 total
[2023-11-15T22:51:26.128+0000][7][gc,age      ] GC(209) - age   8:     266936 bytes,    6036808 total
[2023-11-15T22:51:26.128+0000][7][gc,age      ] GC(209) - age   9:     271608 bytes,    6308416 total
[2023-11-15T22:51:26.128+0000][7][gc,age      ] GC(209) - age  10:     301376 bytes,    6609792 total
[2023-11-15T22:51:26.128+0000][7][gc,age      ] GC(209) - age  11:     215296 bytes,    6825088 total
[2023-11-15T22:51:26.128+0000][7][gc,age      ] GC(209) - age  12:     332552 bytes,    7157640 total
[2023-11-15T22:51:26.128+0000][7][gc,age      ] GC(209) - age  13:     203616 bytes,    7361256 total
[2023-11-15T22:51:26.128+0000][7][gc,age      ] GC(209) - age  14:     267896 bytes,    7629152 total
[2023-11-15T22:51:26.128+0000][7][gc,age      ] GC(209) - age  15:     248504 bytes,    7877656 total
[2023-11-15T22:51:26.128+0000][7][gc,phases   ] GC(209)   Pre Evacuate Collection Set: 0.4ms
[2023-11-15T22:51:26.128+0000][7][gc,phases   ] GC(209)   Merge Heap Roots: 0.2ms
[2023-11-15T22:51:26.128+0000][7][gc,phases   ] GC(209)   Evacuate Collection Set: 4.5ms
[2023-11-15T22:51:26.129+0000][7][gc,phases   ] GC(209)   Post Evacuate Collection Set: 1.5ms
[2023-11-15T22:51:26.129+0000][7][gc,phases   ] GC(209)   Other: 0.7ms
[2023-11-15T22:51:26.129+0000][7][gc,heap     ] GC(209) Eden regions: 69->0(69)
[2023-11-15T22:51:26.129+0000][7][gc,heap     ] GC(209) Survivor regions: 2->2(9)
[2023-11-15T22:51:26.129+0000][7][gc,heap     ] GC(209) Old regions: 28->28
[2023-11-15T22:51:26.129+0000][7][gc,heap     ] GC(209) Archive regions: 2->2
[2023-11-15T22:51:26.129+0000][7][gc,heap     ] GC(209) Humongous regions: 5->5
[2023-11-15T22:51:26.129+0000][7][gc,metaspace] GC(209) Metaspace: 117193K(118720K)->117193K(118720K) NonClass: 101698K(102592K)->101698K(102592K) Class: 15494K(16128K)->15494K(16128K)
[2023-11-15T22:51:26.129+0000][7][gc          ] GC(209) Pause Young (Concurrent Start) (G1 Evacuation Pause) 417M->142M(512M) 7.296ms
[2023-11-15T22:51:26.129+0000][7][gc,cpu      ] GC(209) User=0.04s Sys=0.01s Real=0.01s
[2023-11-15T22:51:26.129+0000][7][safepoint   ] Safepoint "G1CollectForAllocation", Time since last: 5204078211 ns, Reaching safepoint: 114029 ns, At safepoint: 7538575 ns, Total: 7652604 ns
[2023-11-15T22:51:26.129+0000][7][gc          ] GC(210) Concurrent Mark Cycle
[2023-11-15T22:51:26.129+0000][7][gc,marking  ] GC(210) Concurrent Clear Claimed Marks
[2023-11-15T22:51:26.129+0000][7][gc,marking  ] GC(210) Concurrent Clear Claimed Marks 0.168ms
[2023-11-15T22:51:26.129+0000][7][gc,marking  ] GC(210) Concurrent Scan Root Regions
[2023-11-15T22:51:26.133+0000][7][gc,marking  ] GC(210) Concurrent Scan Root Regions 3.556ms
[2023-11-15T22:51:26.133+0000][7][gc,marking  ] GC(210) Concurrent Mark
[2023-11-15T22:51:26.133+0000][7][gc,marking  ] GC(210) Concurrent Mark From Roots
[2023-11-15T22:51:26.133+0000][7][gc,task     ] GC(210) Using 2 workers of 2 for marking
[2023-11-15T22:51:26.212+0000][7][gc,marking  ] GC(210) Concurrent Mark From Roots 79.356ms
[2023-11-15T22:51:26.212+0000][7][gc,marking  ] GC(210) Concurrent Preclean
[2023-11-15T22:51:26.212+0000][7][gc,marking  ] GC(210) Concurrent Preclean 0.169ms
[2023-11-15T22:51:26.212+0000][7][gc,start    ] GC(210) Pause Remark
[2023-11-15T22:51:26.218+0000][7][gc          ] GC(210) Pause Remark 146M->146M(512M) 5.412ms
[2023-11-15T22:51:26.218+0000][7][gc,cpu      ] GC(210) User=0.03s Sys=0.00s Real=0.01s
[2023-11-15T22:51:26.218+0000][7][safepoint   ] Safepoint "G1Concurrent", Time since last: 83607170 ns, Reaching safepoint: 20318 ns, At safepoint: 5509621 ns, Total: 5529939 ns
[2023-11-15T22:51:26.218+0000][7][gc,marking  ] GC(210) Concurrent Mark 85.181ms
[2023-11-15T22:51:26.218+0000][7][gc,marking  ] GC(210) Concurrent Rebuild Remembered Sets
[2023-11-15T22:51:26.249+0000][7][gc,marking  ] GC(210) Concurrent Rebuild Remembered Sets 31.507ms
[2023-11-15T22:51:26.250+0000][7][gc,start    ] GC(210) Pause Cleanup
[2023-11-15T22:51:26.250+0000][7][gc          ] GC(210) Pause Cleanup 146M->146M(512M) 0.093ms
[2023-11-15T22:51:26.250+0000][7][gc,cpu      ] GC(210) User=0.00s Sys=0.00s Real=0.00s
[2023-11-15T22:51:26.250+0000][7][safepoint   ] Safepoint "G1Concurrent", Time since last: 31653136 ns, Reaching safepoint: 69091 ns, At safepoint: 163340 ns, Total: 232431 ns
[2023-11-15T22:51:26.250+0000][7][gc,marking  ] GC(210) Concurrent Cleanup for Next Mark
[2023-11-15T22:51:26.250+0000][7][gc,marking  ] GC(210) Concurrent Cleanup for Next Mark 0.526ms
[2023-11-15T22:51:26.250+0000][7][gc          ] GC(210) Concurrent Mark Cycle 121.649ms
[2023-11-15T22:51:43.733+0000][7][gc,start    ] GC(211) Pause Young (Normal) (G1 Evacuation Pause)
[2023-11-15T22:51:43.733+0000][7][gc,task     ] GC(211) Using 8 workers of 8 for evacuation
[2023-11-15T22:51:43.733+0000][7][gc,age      ] GC(211) Desired survivor size 18874368 bytes, new threshold 15 (max threshold 15)
[2023-11-15T22:51:43.739+0000][7][gc,age      ] GC(211) Age table with threshold 15 (max threshold 15)
[2023-11-15T22:51:43.740+0000][7][gc,age      ] GC(211) - age   1:    1838648 bytes,    1838648 total
[2023-11-15T22:51:43.740+0000][7][gc,age      ] GC(211) - age   2:     895928 bytes,    2734576 total
[2023-11-15T22:51:43.740+0000][7][gc,age      ] GC(211) - age   3:    1067816 bytes,    3802392 total
[2023-11-15T22:51:43.740+0000][7][gc,age      ] GC(211) - age   4:     234984 bytes,    4037376 total
[2023-11-15T22:51:43.740+0000][7][gc,age      ] GC(211) - age   5:     299568 bytes,    4336944 total
[2023-11-15T22:51:43.740+0000][7][gc,age      ] GC(211) - age   6:     336992 bytes,    4673936 total
[2023-11-15T22:51:43.740+0000][7][gc,age      ] GC(211) - age   7:     527952 bytes,    5201888 total
[2023-11-15T22:51:43.740+0000][7][gc,age      ] GC(211) - age   8:     545232 bytes,    5747120 total
[2023-11-15T22:51:43.740+0000][7][gc,age      ] GC(211) - age   9:     266936 bytes,    6014056 total
[2023-11-15T22:51:43.740+0000][7][gc,age      ] GC(211) - age  10:     271608 bytes,    6285664 total
[2023-11-15T22:51:43.740+0000][7][gc,age      ] GC(211) - age  11:     301376 bytes,    6587040 total
[2023-11-15T22:51:43.740+0000][7][gc,age      ] GC(211) - age  12:     215296 bytes,    6802336 total
[2023-11-15T22:51:43.740+0000][7][gc,age      ] GC(211) - age  13:     332552 bytes,    7134888 total
[2023-11-15T22:51:43.740+0000][7][gc,age      ] GC(211) - age  14:     203616 bytes,    7338504 total
[2023-11-15T22:51:43.740+0000][7][gc,age      ] GC(211) - age  15:     267896 bytes,    7606400 total
[2023-11-15T22:51:43.740+0000][7][gc,phases   ] GC(211)   Pre Evacuate Collection Set: 0.2ms
[2023-11-15T22:51:43.740+0000][7][gc,phases   ] GC(211)   Merge Heap Roots: 0.2ms
[2023-11-15T22:51:43.740+0000][7][gc,phases   ] GC(211)   Evacuate Collection Set: 4.7ms
[2023-11-15T22:51:43.740+0000][7][gc,phases   ] GC(211)   Post Evacuate Collection Set: 1.1ms
[2023-11-15T22:51:43.740+0000][7][gc,phases   ] GC(211)   Other: 0.5ms
[2023-11-15T22:51:43.740+0000][7][gc,heap     ] GC(211) Eden regions: 69->0(69)
[2023-11-15T22:51:43.740+0000][7][gc,heap     ] GC(211) Survivor regions: 2->2(9)
[2023-11-15T22:51:43.740+0000][7][gc,heap     ] GC(211) Old regions: 28->28
[2023-11-15T22:51:43.740+0000][7][gc,heap     ] GC(211) Archive regions: 2->2
[2023-11-15T22:51:43.740+0000][7][gc,heap     ] GC(211) Humongous regions: 5->5
[2023-11-15T22:51:43.740+0000][7][gc,metaspace] GC(211) Metaspace: 117194K(118720K)->117194K(118720K) NonClass: 101699K(102592K)->101699K(102592K) Class: 15494K(16128K)->15494K(16128K)
[2023-11-15T22:51:43.740+0000][7][gc          ] GC(211) Pause Young (Normal) (G1 Evacuation Pause) 418M->142M(512M) 6.787ms
[2023-11-15T22:51:43.740+0000][7][gc,cpu      ] GC(211) User=0.04s Sys=0.00s Real=0.01s
[2023-11-15T22:51:43.740+0000][7][safepoint   ] Safepoint "G1CollectForAllocation", Time since last: 17483200347 ns, Reaching safepoint: 93365 ns, At safepoint: 6969252 ns, Total: 7062617 ns
[2023-11-15T22:51:46.741+0000][7][safepoint   ] Safepoint "Cleanup", Time since last: 3000426952 ns, Reaching safepoint: 236457 ns, At safepoint: 14778 ns, Total: 251235 ns
[2023-11-15T22:51:47.741+0000][7][safepoint   ] Safepoint "Cleanup", Time since last: 1000279439 ns, Reaching safepoint: 162054 ns, At safepoint: 16827 ns, Total: 178881 ns
[2023-11-15T22:51:53.742+0000][7][safepoint   ] Safepoint "Cleanup", Time since last: 6000599545 ns, Reaching safepoint: 122378 ns, At safepoint: 22641 ns, Total: 145019 ns
[2023-11-15T22:51:54.742+0000][7][safepoint   ] Safepoint "Cleanup", Time since last: 1000181501 ns, Reaching safepoint: 173251 ns, At safepoint: 11514 ns, Total: 184765 ns
[2023-11-15T22:52:00.733+0000][7][gc,start    ] GC(212) Pause Young (Concurrent Start) (G1 Evacuation Pause)
[2023-11-15T22:52:00.733+0000][7][gc,task     ] GC(212) Using 8 workers of 8 for evacuation
[2023-11-15T22:52:00.733+0000][7][gc,age      ] GC(212) Desired survivor size 18874368 bytes, new threshold 15 (max threshold 15)
[2023-11-15T22:52:00.740+0000][7][gc,age      ] GC(212) Age table with threshold 15 (max threshold 15)
[2023-11-15T22:52:00.740+0000][7][gc,age      ] GC(212) - age   1:    2464832 bytes,    2464832 total
[2023-11-15T22:52:00.740+0000][7][gc,age      ] GC(212) - age   2:     766568 bytes,    3231400 total
[2023-11-15T22:52:00.740+0000][7][gc,age      ] GC(212) - age   3:     623096 bytes,    3854496 total
[2023-11-15T22:52:00.740+0000][7][gc,age      ] GC(212) - age   4:     300888 bytes,    4155384 total
[2023-11-15T22:52:00.740+0000][7][gc,age      ] GC(212) - age   5:     234792 bytes,    4390176 total
[2023-11-15T22:52:00.740+0000][7][gc,age      ] GC(212) - age   6:     299480 bytes,    4689656 total
[2023-11-15T22:52:00.740+0000][7][gc,age      ] GC(212) - age   7:     336928 bytes,    5026584 total
[2023-11-15T22:52:00.740+0000][7][gc,age      ] GC(212) - age   8:     527832 bytes,    5554416 total
[2023-11-15T22:52:00.740+0000][7][gc,age      ] GC(212) - age   9:     545232 bytes,    6099648 total
[2023-11-15T22:52:00.740+0000][7][gc,age      ] GC(212) - age  10:     266936 bytes,    6366584 total
[2023-11-15T22:52:00.740+0000][7][gc,age      ] GC(212) - age  11:     271608 bytes,    6638192 total
[2023-11-15T22:52:00.740+0000][7][gc,age      ] GC(212) - age  12:     301376 bytes,    6939568 total
[2023-11-15T22:52:00.740+0000][7][gc,age      ] GC(212) - age  13:     215296 bytes,    7154864 total
[2023-11-15T22:52:00.740+0000][7][gc,age      ] GC(212) - age  14:     332504 bytes,    7487368 total
[2023-11-15T22:52:00.740+0000][7][gc,age      ] GC(212) - age  15:     203616 bytes,    7690984 total
[2023-11-15T22:52:00.740+0000][7][gc,phases   ] GC(212)   Pre Evacuate Collection Set: 0.5ms
[2023-11-15T22:52:00.740+0000][7][gc,phases   ] GC(212)   Merge Heap Roots: 0.1ms
[2023-11-15T22:52:00.740+0000][7][gc,phases   ] GC(212)   Evacuate Collection Set: 4.8ms
[2023-11-15T22:52:00.740+0000][7][gc,phases   ] GC(212)   Post Evacuate Collection Set: 1.3ms
[2023-11-15T22:52:00.740+0000][7][gc,phases   ] GC(212)   Other: 0.6ms
[2023-11-15T22:52:00.740+0000][7][gc,heap     ] GC(212) Eden regions: 69->0(69)
[2023-11-15T22:52:00.740+0000][7][gc,heap     ] GC(212) Survivor regions: 2->2(9)
[2023-11-15T22:52:00.740+0000][7][gc,heap     ] GC(212) Old regions: 28->28
[2023-11-15T22:52:00.740+0000][7][gc,heap     ] GC(212) Archive regions: 2->2
[2023-11-15T22:52:00.740+0000][7][gc,heap     ] GC(212) Humongous regions: 5->5
[2023-11-15T22:52:00.740+0000][7][gc,metaspace] GC(212) Metaspace: 117195K(118720K)->117195K(118720K) NonClass: 101700K(102592K)->101700K(102592K) Class: 15494K(16128K)->15494K(16128K)
[2023-11-15T22:52:00.740+0000][7][gc          ] GC(212) Pause Young (Concurrent Start) (G1 Evacuation Pause) 418M->143M(512M) 7.453ms
[2023-11-15T22:52:00.740+0000][7][gc,cpu      ] GC(212) User=0.03s Sys=0.00s Real=0.01s
[2023-11-15T22:52:00.741+0000][7][safepoint   ] Safepoint "G1CollectForAllocation", Time since last: 5990467726 ns, Reaching safepoint: 86308 ns, At safepoint: 7662014 ns, Total: 7748322 ns
[2023-11-15T22:52:00.741+0000][7][gc          ] GC(213) Concurrent Mark Cycle
[2023-11-15T22:52:00.741+0000][7][gc,marking  ] GC(213) Concurrent Clear Claimed Marks
[2023-11-15T22:52:00.741+0000][7][gc,marking  ] GC(213) Concurrent Clear Claimed Marks 0.172ms
[2023-11-15T22:52:00.741+0000][7][gc,marking  ] GC(213) Concurrent Scan Root Regions
[2023-11-15T22:52:00.744+0000][7][gc,marking  ] GC(213) Concurrent Scan Root Regions 3.153ms
[2023-11-15T22:52:00.744+0000][7][gc,marking  ] GC(213) Concurrent Mark
[2023-11-15T22:52:00.744+0000][7][gc,marking  ] GC(213) Concurrent Mark From Roots
[2023-11-15T22:52:00.744+0000][7][gc,task     ] GC(213) Using 2 workers of 2 for marking
[2023-11-15T22:52:00.822+0000][7][gc,marking  ] GC(213) Concurrent Mark From Roots 77.908ms
[2023-11-15T22:52:00.822+0000][7][gc,marking  ] GC(213) Concurrent Preclean
[2023-11-15T22:52:00.822+0000][7][gc,marking  ] GC(213) Concurrent Preclean 0.180ms
[2023-11-15T22:52:00.822+0000][7][gc,start    ] GC(213) Pause Remark
[2023-11-15T22:52:00.827+0000][7][gc          ] GC(213) Pause Remark 146M->146M(512M) 5.076ms
[2023-11-15T22:52:00.827+0000][7][gc,cpu      ] GC(213) User=0.04s Sys=0.00s Real=0.01s
[2023-11-15T22:52:00.827+0000][7][safepoint   ] Safepoint "G1Concurrent", Time since last: 81674766 ns, Reaching safepoint: 38210 ns, At safepoint: 5150351 ns, Total: 5188561 ns
[2023-11-15T22:52:00.827+0000][7][gc,marking  ] GC(213) Concurrent Mark 83.378ms
[2023-11-15T22:52:00.827+0000][7][gc,marking  ] GC(213) Concurrent Rebuild Remembered Sets
[2023-11-15T22:52:00.860+0000][7][gc,marking  ] GC(213) Concurrent Rebuild Remembered Sets 32.340ms
[2023-11-15T22:52:00.860+0000][7][gc,start    ] GC(213) Pause Cleanup
[2023-11-15T22:52:00.860+0000][7][gc          ] GC(213) Pause Cleanup 146M->146M(512M) 0.072ms
[2023-11-15T22:52:00.860+0000][7][gc,cpu      ] GC(213) User=0.00s Sys=0.00s Real=0.00s
[2023-11-15T22:52:00.860+0000][7][safepoint   ] Safepoint "G1Concurrent", Time since last: 32477290 ns, Reaching safepoint: 50008 ns, At safepoint: 126056 ns, Total: 176064 ns
[2023-11-15T22:52:00.860+0000][7][gc,marking  ] GC(213) Concurrent Cleanup for Next Mark
[2023-11-15T22:52:00.860+0000][7][gc,marking  ] GC(213) Concurrent Cleanup for Next Mark 0.358ms
[2023-11-15T22:52:00.860+0000][7][gc          ] GC(213) Concurrent Mark Cycle 119.908ms
[2023-11-15T22:52:05.861+0000][7][safepoint   ] Safepoint "Cleanup", Time since last: 5000711493 ns, Reaching safepoint: 105955 ns, At safepoint: 19232 ns, Total: 125187 ns
[2023-11-15T22:52:10.862+0000][7][safepoint   ] Safepoint "Cleanup", Time since last: 5000637073 ns, Reaching safepoint: 61745 ns, At safepoint: 8994 ns, Total: 70739 ns
[2023-11-15T22:52:11.862+0000][7][safepoint   ] Safepoint "Cleanup", Time since last: 1000131820 ns, Reaching safepoint: 113607 ns, At safepoint: 24328 ns, Total: 137935 ns
[2023-11-15T22:52:17.185+0000][7][gc,start    ] GC(214) Pause Young (Normal) (G1 Evacuation Pause)
[2023-11-15T22:52:17.187+0000][7][gc,task     ] GC(214) Using 8 workers of 8 for evacuation
[2023-11-15T22:52:17.187+0000][7][gc,age      ] GC(214) Desired survivor size 18874368 bytes, new threshold 15 (max threshold 15)
[2023-11-15T22:52:17.190+0000][7][gc,age      ] GC(214) Age table with threshold 15 (max threshold 15)
[2023-11-15T22:52:17.190+0000][7][gc,age      ] GC(214) - age   1:    1688536 bytes,    1688536 total
[2023-11-15T22:52:17.190+0000][7][gc,age      ] GC(214) - age   2:    1583432 bytes,    3271968 total
[2023-11-15T22:52:17.190+0000][7][gc,age      ] GC(214) - age   3:     751056 bytes,    4023024 total
[2023-11-15T22:52:17.190+0000][7][gc,age      ] GC(214) - age   4:     414048 bytes,    4437072 total
[2023-11-15T22:52:17.190+0000][7][gc,age      ] GC(214) - age   5:     300096 bytes,    4737168 total
[2023-11-15T22:52:17.190+0000][7][gc,age      ] GC(214) - age   6:     234728 bytes,    4971896 total
[2023-11-15T22:52:17.190+0000][7][gc,age      ] GC(214) - age   7:     299448 bytes,    5271344 total
[2023-11-15T22:52:17.190+0000][7][gc,age      ] GC(214) - age   8:     336616 bytes,    5607960 total
[2023-11-15T22:52:17.190+0000][7][gc,age      ] GC(214) - age   9:     527832 bytes,    6135792 total
[2023-11-15T22:52:17.190+0000][7][gc,age      ] GC(214) - age  10:     544856 bytes,    6680648 total
[2023-11-15T22:52:17.190+0000][7][gc,age      ] GC(214) - age  11:     266872 bytes,    6947520 total
[2023-11-15T22:52:17.190+0000][7][gc,age      ] GC(214) - age  12:     271608 bytes,    7219128 total
[2023-11-15T22:52:17.190+0000][7][gc,age      ] GC(214) - age  13:     301376 bytes,    7520504 total
[2023-11-15T22:52:17.190+0000][7][gc,age      ] GC(214) - age  14:     215296 bytes,    7735800 total
[2023-11-15T22:52:17.190+0000][7][gc,age      ] GC(214) - age  15:     332504 bytes,    8068304 total
[2023-11-15T22:52:17.190+0000][7][gc,phases   ] GC(214)   Pre Evacuate Collection Set: 0.1ms
[2023-11-15T22:52:17.190+0000][7][gc,phases   ] GC(214)   Merge Heap Roots: 0.1ms
[2023-11-15T22:52:17.190+0000][7][gc,phases   ] GC(214)   Evacuate Collection Set: 2.4ms
[2023-11-15T22:52:17.190+0000][7][gc,phases   ] GC(214)   Post Evacuate Collection Set: 0.5ms
[2023-11-15T22:52:17.190+0000][7][gc,phases   ] GC(214)   Other: 1.6ms
[2023-11-15T22:52:17.190+0000][7][gc,heap     ] GC(214) Eden regions: 69->0(69)
[2023-11-15T22:52:17.190+0000][7][gc,heap     ] GC(214) Survivor regions: 2->2(9)
[2023-11-15T22:52:17.190+0000][7][gc,heap     ] GC(214) Old regions: 28->28
[2023-11-15T22:52:17.190+0000][7][gc,heap     ] GC(214) Archive regions: 2->2
[2023-11-15T22:52:17.190+0000][7][gc,heap     ] GC(214) Humongous regions: 5->5
[2023-11-15T22:52:17.190+0000][7][gc,metaspace] GC(214) Metaspace: 117200K(118784K)->117200K(118784K) NonClass: 101705K(102656K)->101705K(102656K) Class: 15494K(16128K)->15494K(16128K)
[2023-11-15T22:52:17.190+0000][7][gc          ] GC(214) Pause Young (Normal) (G1 Evacuation Pause) 419M->143M(512M) 4.671ms
[2023-11-15T22:52:17.190+0000][7][gc,cpu      ] GC(214) User=0.02s Sys=0.00s Real=0.00s
[2023-11-15T22:52:17.190+0000][7][safepoint   ] Safepoint "G1CollectForAllocation", Time since last: 5323173732 ns, Reaching safepoint: 26838 ns, At safepoint: 4771700 ns, Total: 4798538 ns
[2023-11-15T22:52:26.191+0000][7][safepoint   ] Safepoint "Cleanup", Time since last: 9001271610 ns, Reaching safepoint: 149180 ns, At safepoint: 17988 ns, Total: 167168 ns
[2023-11-15T22:52:35.305+0000][7][gc,start    ] GC(215) Pause Young (Concurrent Start) (G1 Evacuation Pause)
[2023-11-15T22:52:35.305+0000][7][gc,task     ] GC(215) Using 8 workers of 8 for evacuation
[2023-11-15T22:52:35.305+0000][7][gc,age      ] GC(215) Desired survivor size 18874368 bytes, new threshold 15 (max threshold 15)
[2023-11-15T22:52:35.309+0000][7][gc,age      ] GC(215) Age table with threshold 15 (max threshold 15)
[2023-11-15T22:52:35.309+0000][7][gc,age      ] GC(215) - age   1:    1797312 bytes,    1797312 total
[2023-11-15T22:52:35.309+0000][7][gc,age      ] GC(215) - age   2:     438080 bytes,    2235392 total
[2023-11-15T22:52:35.309+0000][7][gc,age      ] GC(215) - age   3:    1453240 bytes,    3688632 total
[2023-11-15T22:52:35.309+0000][7][gc,age      ] GC(215) - age   4:     415504 bytes,    4104136 total
[2023-11-15T22:52:35.309+0000][7][gc,age      ] GC(215) - age   5:     413760 bytes,    4517896 total
[2023-11-15T22:52:35.309+0000][7][gc,age      ] GC(215) - age   6:     299480 bytes,    4817376 total
[2023-11-15T22:52:35.309+0000][7][gc,age      ] GC(215) - age   7:     234632 bytes,    5052008 total
[2023-11-15T22:52:35.309+0000][7][gc,age      ] GC(215) - age   8:     299264 bytes,    5351272 total
[2023-11-15T22:52:35.309+0000][7][gc,age      ] GC(215) - age   9:     336616 bytes,    5687888 total
[2023-11-15T22:52:35.309+0000][7][gc,age      ] GC(215) - age  10:     527832 bytes,    6215720 total
[2023-11-15T22:52:35.309+0000][7][gc,age      ] GC(215) - age  11:     544856 bytes,    6760576 total
[2023-11-15T22:52:35.309+0000][7][gc,age      ] GC(215) - age  12:     266872 bytes,    7027448 total
[2023-11-15T22:52:35.309+0000][7][gc,age      ] GC(215) - age  13:     271608 bytes,    7299056 total
[2023-11-15T22:52:35.309+0000][7][gc,age      ] GC(215) - age  14:     301376 bytes,    7600432 total
[2023-11-15T22:52:35.309+0000][7][gc,age      ] GC(215) - age  15:     215296 bytes,    7815728 total
[2023-11-15T22:52:35.309+0000][7][gc,phases   ] GC(215)   Pre Evacuate Collection Set: 0.2ms
[2023-11-15T22:52:35.309+0000][7][gc,phases   ] GC(215)   Merge Heap Roots: 0.1ms
[2023-11-15T22:52:35.309+0000][7][gc,phases   ] GC(215)   Evacuate Collection Set: 2.8ms
[2023-11-15T22:52:35.309+0000][7][gc,phases   ] GC(215)   Post Evacuate Collection Set: 0.8ms
[2023-11-15T22:52:35.309+0000][7][gc,phases   ] GC(215)   Other: 0.4ms
[2023-11-15T22:52:35.309+0000][7][gc,heap     ] GC(215) Eden regions: 69->0(69)
[2023-11-15T22:52:35.309+0000][7][gc,heap     ] GC(215) Survivor regions: 2->2(9)
[2023-11-15T22:52:35.309+0000][7][gc,heap     ] GC(215) Old regions: 28->28
[2023-11-15T22:52:35.309+0000][7][gc,heap     ] GC(215) Archive regions: 2->2
[2023-11-15T22:52:35.309+0000][7][gc,heap     ] GC(215) Humongous regions: 5->5
[2023-11-15T22:52:35.309+0000][7][gc,metaspace] GC(215) Metaspace: 117200K(118784K)->117200K(118784K) NonClass: 101705K(102656K)->101705K(102656K) Class: 15494K(16128K)->15494K(16128K)
[2023-11-15T22:52:35.309+0000][7][gc          ] GC(215) Pause Young (Concurrent Start) (G1 Evacuation Pause) 419M->143M(512M) 4.424ms
[2023-11-15T22:52:35.309+0000][7][gc,cpu      ] GC(215) User=0.01s Sys=0.01s Real=0.01s
[2023-11-15T22:52:35.309+0000][7][gc          ] GC(216) Concurrent Mark Cycle
[2023-11-15T22:52:35.309+0000][7][gc,marking  ] GC(216) Concurrent Clear Claimed Marks
[2023-11-15T22:52:35.309+0000][7][safepoint   ] Safepoint "G1CollectForAllocation", Time since last: 9113148455 ns, Reaching safepoint: 53286 ns, At safepoint: 4631520 ns, Total: 4684806 ns
[2023-11-15T22:52:35.309+0000][7][gc,marking  ] GC(216) Concurrent Clear Claimed Marks 0.253ms
[2023-11-15T22:52:35.309+0000][7][gc,marking  ] GC(216) Concurrent Scan Root Regions
[2023-11-15T22:52:35.313+0000][7][gc,marking  ] GC(216) Concurrent Scan Root Regions 3.236ms
[2023-11-15T22:52:35.313+0000][7][gc,marking  ] GC(216) Concurrent Mark
[2023-11-15T22:52:35.313+0000][7][gc,marking  ] GC(216) Concurrent Mark From Roots
[2023-11-15T22:52:35.313+0000][7][gc,task     ] GC(216) Using 2 workers of 2 for marking
[2023-11-15T22:52:35.388+0000][7][gc,marking  ] GC(216) Concurrent Mark From Roots 75.173ms
[2023-11-15T22:52:35.388+0000][7][gc,marking  ] GC(216) Concurrent Preclean
[2023-11-15T22:52:35.388+0000][7][gc,marking  ] GC(216) Concurrent Preclean 0.223ms
[2023-11-15T22:52:35.388+0000][7][gc,start    ] GC(216) Pause Remark
[2023-11-15T22:52:35.394+0000][7][gc          ] GC(216) Pause Remark 148M->148M(512M) 5.878ms
[2023-11-15T22:52:35.394+0000][7][gc,cpu      ] GC(216) User=0.04s Sys=0.00s Real=0.00s
[2023-11-15T22:52:35.394+0000][7][safepoint   ] Safepoint "G1Concurrent", Time since last: 79071848 ns, Reaching safepoint: 26913 ns, At safepoint: 5961520 ns, Total: 5988433 ns
[2023-11-15T22:52:35.394+0000][7][gc,marking  ] GC(216) Concurrent Mark 81.510ms
[2023-11-15T22:52:35.394+0000][7][gc,marking  ] GC(216) Concurrent Rebuild Remembered Sets
[2023-11-15T22:52:35.430+0000][7][gc,marking  ] GC(216) Concurrent Rebuild Remembered Sets 35.697ms
[2023-11-15T22:52:35.430+0000][7][gc,start    ] GC(216) Pause Cleanup
[2023-11-15T22:52:35.430+0000][7][gc          ] GC(216) Pause Cleanup 148M->148M(512M) 0.085ms
[2023-11-15T22:52:35.430+0000][7][gc,cpu      ] GC(216) User=0.00s Sys=0.00s Real=0.00s
[2023-11-15T22:52:35.430+0000][7][safepoint   ] Safepoint "G1Concurrent", Time since last: 35814598 ns, Reaching safepoint: 30586 ns, At safepoint: 153143 ns, Total: 183729 ns
[2023-11-15T22:52:35.430+0000][7][gc,marking  ] GC(216) Concurrent Cleanup for Next Mark
[2023-11-15T22:52:35.430+0000][7][gc,marking  ] GC(216) Concurrent Cleanup for Next Mark 0.304ms
[2023-11-15T22:52:35.431+0000][7][gc          ] GC(216) Concurrent Mark Cycle 121.409ms
[2023-11-15T22:52:47.432+0000][7][safepoint   ] Safepoint "Cleanup", Time since last: 12001344336 ns, Reaching safepoint: 49873 ns, At safepoint: 6784 ns, Total: 56657 ns
[2023-11-15T22:52:52.776+0000][7][gc,start    ] GC(217) Pause Young (Normal) (G1 Evacuation Pause)
[2023-11-15T22:52:52.777+0000][7][gc,task     ] GC(217) Using 8 workers of 8 for evacuation
[2023-11-15T22:52:52.777+0000][7][gc,age      ] GC(217) Desired survivor size 18874368 bytes, new threshold 15 (max threshold 15)
[2023-11-15T22:52:52.784+0000][7][gc,age      ] GC(217) Age table with threshold 15 (max threshold 15)
[2023-11-15T22:52:52.784+0000][7][gc,age      ] GC(217) - age   1:    1911320 bytes,    1911320 total
[2023-11-15T22:52:52.784+0000][7][gc,age      ] GC(217) - age   2:     601800 bytes,    2513120 total
[2023-11-15T22:52:52.784+0000][7][gc,age      ] GC(217) - age   3:     429192 bytes,    2942312 total
[2023-11-15T22:52:52.784+0000][7][gc,age      ] GC(217) - age   4:     872104 bytes,    3814416 total
[2023-11-15T22:52:52.784+0000][7][gc,age      ] GC(217) - age   5:     355728 bytes,    4170144 total
[2023-11-15T22:52:52.784+0000][7][gc,age      ] GC(217) - age   6:     413632 bytes,    4583776 total
[2023-11-15T22:52:52.784+0000][7][gc,age      ] GC(217) - age   7:     299416 bytes,    4883192 total
[2023-11-15T22:52:52.784+0000][7][gc,age      ] GC(217) - age   8:     234632 bytes,    5117824 total
[2023-11-15T22:52:52.784+0000][7][gc,age      ] GC(217) - age   9:     299264 bytes,    5417088 total
[2023-11-15T22:52:52.784+0000][7][gc,age      ] GC(217) - age  10:     336616 bytes,    5753704 total
[2023-11-15T22:52:52.784+0000][7][gc,age      ] GC(217) - age  11:     527832 bytes,    6281536 total
[2023-11-15T22:52:52.784+0000][7][gc,age      ] GC(217) - age  12:     544856 bytes,    6826392 total
[2023-11-15T22:52:52.784+0000][7][gc,age      ] GC(217) - age  13:     266872 bytes,    7093264 total
[2023-11-15T22:52:52.784+0000][7][gc,age      ] GC(217) - age  14:     271608 bytes,    7364872 total
[2023-11-15T22:52:52.784+0000][7][gc,age      ] GC(217) - age  15:     301376 bytes,    7666248 total
[2023-11-15T22:52:52.784+0000][7][gc,phases   ] GC(217)   Pre Evacuate Collection Set: 0.2ms
[2023-11-15T22:52:52.784+0000][7][gc,phases   ] GC(217)   Merge Heap Roots: 0.2ms
[2023-11-15T22:52:52.784+0000][7][gc,phases   ] GC(217)   Evacuate Collection Set: 5.0ms
[2023-11-15T22:52:52.784+0000][7][gc,phases   ] GC(217)   Post Evacuate Collection Set: 1.8ms
[2023-11-15T22:52:52.784+0000][7][gc,phases   ] GC(217)   Other: 0.6ms
[2023-11-15T22:52:52.784+0000][7][gc,heap     ] GC(217) Eden regions: 69->0(68)
[2023-11-15T22:52:52.784+0000][7][gc,heap     ] GC(217) Survivor regions: 2->2(9)
[2023-11-15T22:52:52.784+0000][7][gc,heap     ] GC(217) Old regions: 28->29
[2023-11-15T22:52:52.784+0000][7][gc,heap     ] GC(217) Archive regions: 2->2
[2023-11-15T22:52:52.784+0000][7][gc,heap     ] GC(217) Humongous regions: 5->5
[2023-11-15T22:52:52.784+0000][7][gc,metaspace] GC(217) Metaspace: 117201K(118784K)->117201K(118784K) NonClass: 101706K(102656K)->101706K(102656K) Class: 15494K(16128K)->15494K(16128K)
[2023-11-15T22:52:52.784+0000][7][gc          ] GC(217) Pause Young (Normal) (G1 Evacuation Pause) 419M->143M(512M) 7.974ms
[2023-11-15T22:52:52.785+0000][7][gc,cpu      ] GC(217) User=0.04s Sys=0.00s Real=0.00s
[2023-11-15T22:52:52.785+0000][7][safepoint   ] Safepoint "G1CollectForAllocation", Time since last: 5344721645 ns, Reaching safepoint: 75027 ns, At safepoint: 8304080 ns, Total: 8379107 ns
[2023-11-15T22:52:53.785+0000][7][safepoint   ] Safepoint "Cleanup", Time since last: 1000140252 ns, Reaching safepoint: 182130 ns, At safepoint: 27626 ns, Total: 209756 ns
[2023-11-15T22:52:59.786+0000][7][safepoint   ] Safepoint "Cleanup", Time since last: 6000735492 ns, Reaching safepoint: 163091 ns, At safepoint: 15324 ns, Total: 178415 ns
[2023-11-15T22:53:09.982+0000][7][gc,start    ] GC(218) Pause Young (Concurrent Start) (G1 Evacuation Pause)
[2023-11-15T22:53:09.982+0000][7][gc,task     ] GC(218) Using 8 workers of 8 for evacuation
[2023-11-15T22:53:09.982+0000][7][gc,age      ] GC(218) Desired survivor size 18874368 bytes, new threshold 15 (max threshold 15)
[2023-11-15T22:53:09.989+0000][7][gc,age      ] GC(218) Age table with threshold 15 (max threshold 15)
[2023-11-15T22:53:09.989+0000][7][gc,age      ] GC(218) - age   1:    1526776 bytes,    1526776 total
[2023-11-15T22:53:09.989+0000][7][gc,age      ] GC(218) - age   2:    1130152 bytes,    2656928 total
[2023-11-15T22:53:09.989+0000][7][gc,age      ] GC(218) - age   3:     593656 bytes,    3250584 total
[2023-11-15T22:53:09.989+0000][7][gc,age      ] GC(218) - age   4:     202480 bytes,    3453064 total
[2023-11-15T22:53:09.989+0000][7][gc,age      ] GC(218) - age   5:     584928 bytes,    4037992 total
[2023-11-15T22:53:09.989+0000][7][gc,age      ] GC(218) - age   6:     300912 bytes,    4338904 total
[2023-11-15T22:53:09.989+0000][7][gc,age      ] GC(218) - age   7:     413632 bytes,    4752536 total
[2023-11-15T22:53:09.989+0000][7][gc,age      ] GC(218) - age   8:     299368 bytes,    5051904 total
[2023-11-15T22:53:09.989+0000][7][gc,age      ] GC(218) - age   9:     234568 bytes,    5286472 total
[2023-11-15T22:53:09.989+0000][7][gc,age      ] GC(218) - age  10:     299264 bytes,    5585736 total
[2023-11-15T22:53:09.989+0000][7][gc,age      ] GC(218) - age  11:     336616 bytes,    5922352 total
[2023-11-15T22:53:09.989+0000][7][gc,age      ] GC(218) - age  12:     527832 bytes,    6450184 total
[2023-11-15T22:53:09.989+0000][7][gc,age      ] GC(218) - age  13:     544856 bytes,    6995040 total
[2023-11-15T22:53:09.989+0000][7][gc,age      ] GC(218) - age  14:     266872 bytes,    7261912 total
[2023-11-15T22:53:09.989+0000][7][gc,age      ] GC(218) - age  15:     271608 bytes,    7533520 total
[2023-11-15T22:53:09.989+0000][7][gc,phases   ] GC(218)   Pre Evacuate Collection Set: 0.4ms
[2023-11-15T22:53:09.990+0000][7][gc,phases   ] GC(218)   Merge Heap Roots: 0.2ms
[2023-11-15T22:53:09.990+0000][7][gc,phases   ] GC(218)   Evacuate Collection Set: 4.6ms
[2023-11-15T22:53:09.990+0000][7][gc,phases   ] GC(218)   Post Evacuate Collection Set: 1.8ms
[2023-11-15T22:53:09.990+0000][7][gc,phases   ] GC(218)   Other: 0.7ms
[2023-11-15T22:53:09.990+0000][7][gc,heap     ] GC(218) Eden regions: 68->0(68)
[2023-11-15T22:53:09.990+0000][7][gc,heap     ] GC(218) Survivor regions: 2->2(9)
[2023-11-15T22:53:09.990+0000][7][gc,heap     ] GC(218) Old regions: 29->29
[2023-11-15T22:53:09.990+0000][7][gc,heap     ] GC(218) Archive regions: 2->2
[2023-11-15T22:53:09.990+0000][7][gc,heap     ] GC(218) Humongous regions: 5->5
[2023-11-15T22:53:09.990+0000][7][gc,metaspace] GC(218) Metaspace: 117203K(118784K)->117203K(118784K) NonClass: 101708K(102656K)->101708K(102656K) Class: 15494K(16128K)->15494K(16128K)
[2023-11-15T22:53:09.990+0000][7][gc          ] GC(218) Pause Young (Concurrent Start) (G1 Evacuation Pause) 415M->143M(512M) 7.933ms
[2023-11-15T22:53:09.990+0000][7][gc,cpu      ] GC(218) User=0.05s Sys=0.00s Real=0.01s
[2023-11-15T22:53:09.990+0000][7][safepoint   ] Safepoint "G1CollectForAllocation", Time since last: 10195614724 ns, Reaching safepoint: 147954 ns, At safepoint: 8174530 ns, Total: 8322484 ns
[2023-11-15T22:53:09.990+0000][7][gc          ] GC(219) Concurrent Mark Cycle
[2023-11-15T22:53:09.990+0000][7][gc,marking  ] GC(219) Concurrent Clear Claimed Marks
[2023-11-15T22:53:09.990+0000][7][gc,marking  ] GC(219) Concurrent Clear Claimed Marks 0.229ms
[2023-11-15T22:53:09.990+0000][7][gc,marking  ] GC(219) Concurrent Scan Root Regions
[2023-11-15T22:53:09.994+0000][7][gc,marking  ] GC(219) Concurrent Scan Root Regions 3.642ms
[2023-11-15T22:53:09.994+0000][7][gc,marking  ] GC(219) Concurrent Mark
[2023-11-15T22:53:09.994+0000][7][gc,marking  ] GC(219) Concurrent Mark From Roots
[2023-11-15T22:53:09.994+0000][7][gc,task     ] GC(219) Using 2 workers of 2 for marking
[2023-11-15T22:53:10.073+0000][7][gc,marking  ] GC(219) Concurrent Mark From Roots 79.065ms
[2023-11-15T22:53:10.073+0000][7][gc,marking  ] GC(219) Concurrent Preclean
[2023-11-15T22:53:10.073+0000][7][gc,marking  ] GC(219) Concurrent Preclean 0.159ms
[2023-11-15T22:53:10.073+0000][7][gc,start    ] GC(219) Pause Remark
[2023-11-15T22:53:10.079+0000][7][gc          ] GC(219) Pause Remark 146M->146M(512M) 5.381ms
[2023-11-15T22:53:10.079+0000][7][gc,cpu      ] GC(219) User=0.04s Sys=0.00s Real=0.01s
[2023-11-15T22:53:10.079+0000][7][safepoint   ] Safepoint "G1Concurrent", Time since last: 83465664 ns, Reaching safepoint: 27717 ns, At safepoint: 5485170 ns, Total: 5512887 ns
[2023-11-15T22:53:10.079+0000][7][gc,marking  ] GC(219) Concurrent Mark 84.890ms
[2023-11-15T22:53:10.079+0000][7][gc,marking  ] GC(219) Concurrent Rebuild Remembered Sets
[2023-11-15T22:53:10.113+0000][7][gc,marking  ] GC(219) Concurrent Rebuild Remembered Sets 33.680ms
[2023-11-15T22:53:10.113+0000][7][gc,start    ] GC(219) Pause Cleanup
[2023-11-15T22:53:10.113+0000][7][gc          ] GC(219) Pause Cleanup 146M->146M(512M) 0.143ms
[2023-11-15T22:53:10.113+0000][7][gc,cpu      ] GC(219) User=0.00s Sys=0.00s Real=0.00s
[2023-11-15T22:53:10.113+0000][7][safepoint   ] Safepoint "G1Concurrent", Time since last: 33808133 ns, Reaching safepoint: 27562 ns, At safepoint: 205476 ns, Total: 233038 ns
[2023-11-15T22:53:10.113+0000][7][gc,marking  ] GC(219) Concurrent Cleanup for Next Mark
[2023-11-15T22:53:10.114+0000][7][gc,marking  ] GC(219) Concurrent Cleanup for Next Mark 0.592ms
[2023-11-15T22:53:10.114+0000][7][gc          ] GC(219) Concurrent Mark Cycle 123.759ms
[2023-11-15T22:53:25.791+0000][7][gc,start    ] GC(220) Pause Young (Normal) (G1 Evacuation Pause)
[2023-11-15T22:53:25.791+0000][7][gc,task     ] GC(220) Using 8 workers of 8 for evacuation
[2023-11-15T22:53:25.792+0000][7][gc,age      ] GC(220) Desired survivor size 18874368 bytes, new threshold 15 (max threshold 15)
[2023-11-15T22:53:25.795+0000][7][gc,age      ] GC(220) Age table with threshold 15 (max threshold 15)
[2023-11-15T22:53:25.795+0000][7][gc,age      ] GC(220) - age   1:    1797848 bytes,    1797848 total
[2023-11-15T22:53:25.795+0000][7][gc,age      ] GC(220) - age   2:     957736 bytes,    2755584 total
[2023-11-15T22:53:25.795+0000][7][gc,age      ] GC(220) - age   3:     989720 bytes,    3745304 total
[2023-11-15T22:53:25.795+0000][7][gc,age      ] GC(220) - age   4:     216728 bytes,    3962032 total
[2023-11-15T22:53:25.795+0000][7][gc,age      ] GC(220) - age   5:     201816 bytes,    4163848 total
[2023-11-15T22:53:25.795+0000][7][gc,age      ] GC(220) - age   6:     584768 bytes,    4748616 total
[2023-11-15T22:53:25.795+0000][7][gc,age      ] GC(220) - age   7:     300784 bytes,    5049400 total
[2023-11-15T22:53:25.795+0000][7][gc,age      ] GC(220) - age   8:     413568 bytes,    5462968 total
[2023-11-15T22:53:25.795+0000][7][gc,age      ] GC(220) - age   9:     299368 bytes,    5762336 total
[2023-11-15T22:53:25.795+0000][7][gc,age      ] GC(220) - age  10:     234568 bytes,    5996904 total
[2023-11-15T22:53:25.795+0000][7][gc,age      ] GC(220) - age  11:     299264 bytes,    6296168 total
[2023-11-15T22:53:25.795+0000][7][gc,age      ] GC(220) - age  12:     336616 bytes,    6632784 total
[2023-11-15T22:53:25.795+0000][7][gc,age      ] GC(220) - age  13:     527832 bytes,    7160616 total
[2023-11-15T22:53:25.795+0000][7][gc,age      ] GC(220) - age  14:     544856 bytes,    7705472 total
[2023-11-15T22:53:25.795+0000][7][gc,age      ] GC(220) - age  15:     266872 bytes,    7972344 total
[2023-11-15T22:53:25.795+0000][7][gc,phases   ] GC(220)   Pre Evacuate Collection Set: 0.1ms
[2023-11-15T22:53:25.795+0000][7][gc,phases   ] GC(220)   Merge Heap Roots: 0.1ms
[2023-11-15T22:53:25.795+0000][7][gc,phases   ] GC(220)   Evacuate Collection Set: 2.6ms
[2023-11-15T22:53:25.795+0000][7][gc,phases   ] GC(220)   Post Evacuate Collection Set: 0.5ms
[2023-11-15T22:53:25.795+0000][7][gc,phases   ] GC(220)   Other: 0.2ms
[2023-11-15T22:53:25.795+0000][7][gc,heap     ] GC(220) Eden regions: 68->0(68)
[2023-11-15T22:53:25.795+0000][7][gc,heap     ] GC(220) Survivor regions: 2->2(9)
[2023-11-15T22:53:25.795+0000][7][gc,heap     ] GC(220) Old regions: 29->29
[2023-11-15T22:53:25.795+0000][7][gc,heap     ] GC(220) Archive regions: 2->2
[2023-11-15T22:53:25.795+0000][7][gc,heap     ] GC(220) Humongous regions: 5->5
[2023-11-15T22:53:25.795+0000][7][gc,metaspace] GC(220) Metaspace: 117205K(118784K)->117205K(118784K) NonClass: 101711K(102656K)->101711K(102656K) Class: 15494K(16128K)->15494K(16128K)
[2023-11-15T22:53:25.795+0000][7][gc          ] GC(220) Pause Young (Normal) (G1 Evacuation Pause) 415M->144M(512M) 3.519ms
[2023-11-15T22:53:25.795+0000][7][gc,cpu      ] GC(220) User=0.02s Sys=0.00s Real=0.01s
[2023-11-15T22:53:25.795+0000][7][safepoint   ] Safepoint "G1CollectForAllocation", Time since last: 15678482231 ns, Reaching safepoint: 54222 ns, At safepoint: 3591542 ns, Total: 3645764 ns
[2023-11-15T22:53:29.796+0000][7][safepoint   ] Safepoint "Cleanup", Time since last: 4000438480 ns, Reaching safepoint: 105159 ns, At safepoint: 10389 ns, Total: 115548 ns
[2023-11-15T22:53:42.387+0000][7][gc,start    ] GC(221) Pause Young (Concurrent Start) (G1 Evacuation Pause)
[2023-11-15T22:53:42.387+0000][7][gc,task     ] GC(221) Using 8 workers of 8 for evacuation
[2023-11-15T22:53:42.388+0000][7][gc,age      ] GC(221) Desired survivor size 18874368 bytes, new threshold 15 (max threshold 15)
[2023-11-15T22:53:42.395+0000][7][gc,age      ] GC(221) Age table with threshold 15 (max threshold 15)
[2023-11-15T22:53:42.395+0000][7][gc,age      ] GC(221) - age   1:    2563544 bytes,    2563544 total
[2023-11-15T22:53:42.395+0000][7][gc,age      ] GC(221) - age   2:     873808 bytes,    3437352 total
[2023-11-15T22:53:42.395+0000][7][gc,age      ] GC(221) - age   3:     792120 bytes,    4229472 total
[2023-11-15T22:53:42.395+0000][7][gc,age      ] GC(221) - age   4:     336280 bytes,    4565752 total
[2023-11-15T22:53:42.395+0000][7][gc,age      ] GC(221) - age   5:     215952 bytes,    4781704 total
[2023-11-15T22:53:42.395+0000][7][gc,age      ] GC(221) - age   6:     201688 bytes,    4983392 total
[2023-11-15T22:53:42.395+0000][7][gc,age      ] GC(221) - age   7:     584672 bytes,    5568064 total
[2023-11-15T22:53:42.395+0000][7][gc,age      ] GC(221) - age   8:     300376 bytes,    5868440 total
[2023-11-15T22:53:42.395+0000][7][gc,age      ] GC(221) - age   9:     413504 bytes,    6281944 total
[2023-11-15T22:53:42.395+0000][7][gc,age      ] GC(221) - age  10:     299368 bytes,    6581312 total
[2023-11-15T22:53:42.395+0000][7][gc,age      ] GC(221) - age  11:     234568 bytes,    6815880 total
[2023-11-15T22:53:42.395+0000][7][gc,age      ] GC(221) - age  12:     299264 bytes,    7115144 total
[2023-11-15T22:53:42.395+0000][7][gc,age      ] GC(221) - age  13:     336616 bytes,    7451760 total
[2023-11-15T22:53:42.395+0000][7][gc,age      ] GC(221) - age  14:     527832 bytes,    7979592 total
[2023-11-15T22:53:42.395+0000][7][gc,age      ] GC(221) - age  15:     282696 bytes,    8262288 total
[2023-11-15T22:53:42.395+0000][7][gc,phases   ] GC(221)   Pre Evacuate Collection Set: 0.4ms
[2023-11-15T22:53:42.395+0000][7][gc,phases   ] GC(221)   Merge Heap Roots: 0.2ms
[2023-11-15T22:53:42.395+0000][7][gc,phases   ] GC(221)   Evacuate Collection Set: 5.1ms
[2023-11-15T22:53:42.395+0000][7][gc,phases   ] GC(221)   Post Evacuate Collection Set: 1.4ms
[2023-11-15T22:53:42.395+0000][7][gc,phases   ] GC(221)   Other: 0.7ms
[2023-11-15T22:53:42.395+0000][7][gc,heap     ] GC(221) Eden regions: 68->0(66)
[2023-11-15T22:53:42.395+0000][7][gc,heap     ] GC(221) Survivor regions: 2->3(9)
[2023-11-15T22:53:42.395+0000][7][gc,heap     ] GC(221) Old regions: 29->29
[2023-11-15T22:53:42.395+0000][7][gc,heap     ] GC(221) Archive regions: 2->2
[2023-11-15T22:53:42.395+0000][7][gc,heap     ] GC(221) Humongous regions: 5->5
[2023-11-15T22:53:42.395+0000][7][gc,metaspace] GC(221) Metaspace: 117205K(118784K)->117205K(118784K) NonClass: 101711K(102656K)->101711K(102656K) Class: 15494K(16128K)->15494K(16128K)
[2023-11-15T22:53:42.395+0000][7][gc          ] GC(221) Pause Young (Concurrent Start) (G1 Evacuation Pause) 416M->144M(512M) 7.907ms
[2023-11-15T22:53:42.395+0000][7][gc,cpu      ] GC(221) User=0.03s Sys=0.00s Real=0.01s
[2023-11-15T22:53:42.395+0000][7][gc          ] GC(222) Concurrent Mark Cycle
[2023-11-15T22:53:42.395+0000][7][gc,marking  ] GC(222) Concurrent Clear Claimed Marks
[2023-11-15T22:53:42.395+0000][7][safepoint   ] Safepoint "G1CollectForAllocation", Time since last: 12591575059 ns, Reaching safepoint: 119296 ns, At safepoint: 8131441 ns, Total: 8250737 ns
[2023-11-15T22:53:42.396+0000][7][gc,marking  ] GC(222) Concurrent Clear Claimed Marks 0.201ms
[2023-11-15T22:53:42.396+0000][7][gc,marking  ] GC(222) Concurrent Scan Root Regions
[2023-11-15T22:53:42.399+0000][7][gc,marking  ] GC(222) Concurrent Scan Root Regions 3.527ms
[2023-11-15T22:53:42.399+0000][7][gc,marking  ] GC(222) Concurrent Mark
[2023-11-15T22:53:42.399+0000][7][gc,marking  ] GC(222) Concurrent Mark From Roots
[2023-11-15T22:53:42.399+0000][7][gc,task     ] GC(222) Using 2 workers of 2 for marking
[2023-11-15T22:53:42.471+0000][7][gc,marking  ] GC(222) Concurrent Mark From Roots 72.034ms
[2023-11-15T22:53:42.471+0000][7][gc,marking  ] GC(222) Concurrent Preclean
[2023-11-15T22:53:42.472+0000][7][gc,marking  ] GC(222) Concurrent Preclean 0.161ms
[2023-11-15T22:53:42.472+0000][7][gc,start    ] GC(222) Pause Remark
[2023-11-15T22:53:42.477+0000][7][gc          ] GC(222) Pause Remark 148M->148M(512M) 5.471ms
[2023-11-15T22:53:42.477+0000][7][gc,cpu      ] GC(222) User=0.03s Sys=0.00s Real=0.01s
[2023-11-15T22:53:42.477+0000][7][safepoint   ] Safepoint "G1Concurrent", Time since last: 76228302 ns, Reaching safepoint: 20911 ns, At safepoint: 5549555 ns, Total: 5570466 ns
[2023-11-15T22:53:42.477+0000][7][gc,marking  ] GC(222) Concurrent Mark 77.895ms
[2023-11-15T22:53:42.477+0000][7][gc,marking  ] GC(222) Concurrent Rebuild Remembered Sets
[2023-11-15T22:53:42.517+0000][7][gc,marking  ] GC(222) Concurrent Rebuild Remembered Sets 39.406ms
[2023-11-15T22:53:42.517+0000][7][gc,start    ] GC(222) Pause Cleanup
[2023-11-15T22:53:42.517+0000][7][gc          ] GC(222) Pause Cleanup 149M->149M(512M) 0.071ms
[2023-11-15T22:53:42.517+0000][7][gc,cpu      ] GC(222) User=0.00s Sys=0.00s Real=0.00s
[2023-11-15T22:53:42.517+0000][7][safepoint   ] Safepoint "G1Concurrent", Time since last: 39482877 ns, Reaching safepoint: 27077 ns, At safepoint: 151289 ns, Total: 178366 ns
[2023-11-15T22:53:42.517+0000][7][gc,marking  ] GC(222) Concurrent Cleanup for Next Mark
[2023-11-15T22:53:42.517+0000][7][gc,marking  ] GC(222) Concurrent Cleanup for Next Mark 0.397ms
[2023-11-15T22:53:42.517+0000][7][gc          ] GC(222) Concurrent Mark Cycle 121.919ms
[2023-11-15T22:53:47.518+0000][7][safepoint   ] Safepoint "Cleanup", Time since last: 5000586712 ns, Reaching safepoint: 108905 ns, At safepoint: 11726 ns, Total: 120631 ns
[2023-11-15T22:53:50.518+0000][7][safepoint   ] Safepoint "Cleanup", Time since last: 3000335033 ns, Reaching safepoint: 67872 ns, At safepoint: 7084 ns, Total: 74956 ns
[2023-11-15T22:53:53.518+0000][7][safepoint   ] Safepoint "Cleanup", Time since last: 3000398120 ns, Reaching safepoint: 51157 ns, At safepoint: 22671 ns, Total: 73828 ns
[2023-11-15T22:53:59.214+0000][7][gc,start    ] GC(223) Pause Young (Normal) (G1 Evacuation Pause)
[2023-11-15T22:53:59.214+0000][7][gc,task     ] GC(223) Using 8 workers of 8 for evacuation
[2023-11-15T22:53:59.214+0000][7][gc,age      ] GC(223) Desired survivor size 18874368 bytes, new threshold 15 (max threshold 15)
[2023-11-15T22:53:59.223+0000][7][gc,age      ] GC(223) Age table with threshold 15 (max threshold 15)
[2023-11-15T22:53:59.223+0000][7][gc,age      ] GC(223) - age   1:    1595432 bytes,    1595432 total
[2023-11-15T22:53:59.223+0000][7][gc,age      ] GC(223) - age   2:    1614760 bytes,    3210192 total
[2023-11-15T22:53:59.223+0000][7][gc,age      ] GC(223) - age   3:     726432 bytes,    3936624 total
[2023-11-15T22:53:59.223+0000][7][gc,age      ] GC(223) - age   4:     791040 bytes,    4727664 total
[2023-11-15T22:53:59.223+0000][7][gc,age      ] GC(223) - age   5:     267736 bytes,    4995400 total
[2023-11-15T22:53:59.223+0000][7][gc,age      ] GC(223) - age   6:     215952 bytes,    5211352 total
[2023-11-15T22:53:59.223+0000][7][gc,age      ] GC(223) - age   7:     201624 bytes,    5412976 total
[2023-11-15T22:53:59.223+0000][7][gc,age      ] GC(223) - age   8:     584544 bytes,    5997520 total
[2023-11-15T22:53:59.223+0000][7][gc,age      ] GC(223) - age   9:     300376 bytes,    6297896 total
[2023-11-15T22:53:59.223+0000][7][gc,age      ] GC(223) - age  10:     413504 bytes,    6711400 total
[2023-11-15T22:53:59.223+0000][7][gc,age      ] GC(223) - age  11:     299368 bytes,    7010768 total
[2023-11-15T22:53:59.223+0000][7][gc,age      ] GC(223) - age  12:     234568 bytes,    7245336 total
[2023-11-15T22:53:59.223+0000][7][gc,age      ] GC(223) - age  13:     299264 bytes,    7544600 total
[2023-11-15T22:53:59.223+0000][7][gc,age      ] GC(223) - age  14:     336504 bytes,    7881104 total
[2023-11-15T22:53:59.223+0000][7][gc,age      ] GC(223) - age  15:     527832 bytes,    8408936 total
[2023-11-15T22:53:59.223+0000][7][gc,phases   ] GC(223)   Pre Evacuate Collection Set: 0.3ms
[2023-11-15T22:53:59.223+0000][7][gc,phases   ] GC(223)   Merge Heap Roots: 0.3ms
[2023-11-15T22:53:59.223+0000][7][gc,phases   ] GC(223)   Evacuate Collection Set: 6.5ms
[2023-11-15T22:53:59.223+0000][7][gc,phases   ] GC(223)   Post Evacuate Collection Set: 1.5ms
[2023-11-15T22:53:59.223+0000][7][gc,phases   ] GC(223)   Other: 0.7ms
[2023-11-15T22:53:59.223+0000][7][gc,heap     ] GC(223) Eden regions: 66->0(66)
[2023-11-15T22:53:59.223+0000][7][gc,heap     ] GC(223) Survivor regions: 3->3(9)
[2023-11-15T22:53:59.223+0000][7][gc,heap     ] GC(223) Old regions: 29->29
[2023-11-15T22:53:59.223+0000][7][gc,heap     ] GC(223) Archive regions: 2->2
[2023-11-15T22:53:59.223+0000][7][gc,heap     ] GC(223) Humongous regions: 5->5
[2023-11-15T22:53:59.223+0000][7][gc,metaspace] GC(223) Metaspace: 117208K(118784K)->117208K(118784K) NonClass: 101713K(102656K)->101713K(102656K) Class: 15494K(16128K)->15494K(16128K)
[2023-11-15T22:53:59.224+0000][7][gc          ] GC(223) Pause Young (Normal) (G1 Evacuation Pause) 408M->145M(512M) 9.335ms
[2023-11-15T22:53:59.224+0000][7][gc,cpu      ] GC(223) User=0.03s Sys=0.01s Real=0.01s
[2023-11-15T22:53:59.224+0000][7][safepoint   ] Safepoint "G1CollectForAllocation", Time since last: 5695529514 ns, Reaching safepoint: 110497 ns, At safepoint: 9590452 ns, Total: 9700949 ns
[2023-11-15T22:54:05.225+0000][7][safepoint   ] Safepoint "Cleanup", Time since last: 6000677546 ns, Reaching safepoint: 135735 ns, At safepoint: 34346 ns, Total: 170081 ns
[2023-11-15T22:54:15.244+0000][7][gc,start    ] GC(224) Pause Young (Concurrent Start) (G1 Evacuation Pause)
[2023-11-15T22:54:15.244+0000][7][gc,task     ] GC(224) Using 8 workers of 8 for evacuation
[2023-11-15T22:54:15.244+0000][7][gc,age      ] GC(224) Desired survivor size 18874368 bytes, new threshold 15 (max threshold 15)
[2023-11-15T22:54:15.250+0000][7][gc,age      ] GC(224) Age table with threshold 15 (max threshold 15)
[2023-11-15T22:54:15.250+0000][7][gc,age      ] GC(224) - age   1:    1806320 bytes,    1806320 total
[2023-11-15T22:54:15.250+0000][7][gc,age      ] GC(224) - age   2:     479688 bytes,    2286008 total
[2023-11-15T22:54:15.250+0000][7][gc,age      ] GC(224) - age   3:    1463400 bytes,    3749408 total
[2023-11-15T22:54:15.250+0000][7][gc,age      ] GC(224) - age   4:     303496 bytes,    4052904 total
[2023-11-15T22:54:15.250+0000][7][gc,age      ] GC(224) - age   5:     624440 bytes,    4677344 total
[2023-11-15T22:54:15.250+0000][7][gc,age      ] GC(224) - age   6:     267608 bytes,    4944952 total
[2023-11-15T22:54:15.250+0000][7][gc,age      ] GC(224) - age   7:     215824 bytes,    5160776 total
[2023-11-15T22:54:15.251+0000][7][gc,age      ] GC(224) - age   8:     201432 bytes,    5362208 total
[2023-11-15T22:54:15.251+0000][7][gc,age      ] GC(224) - age   9:     584440 bytes,    5946648 total
[2023-11-15T22:54:15.251+0000][7][gc,age      ] GC(224) - age  10:     300376 bytes,    6247024 total
[2023-11-15T22:54:15.251+0000][7][gc,age      ] GC(224) - age  11:     413504 bytes,    6660528 total
[2023-11-15T22:54:15.251+0000][7][gc,age      ] GC(224) - age  12:     299056 bytes,    6959584 total
[2023-11-15T22:54:15.251+0000][7][gc,age      ] GC(224) - age  13:     234568 bytes,    7194152 total
[2023-11-15T22:54:15.251+0000][7][gc,age      ] GC(224) - age  14:     299264 bytes,    7493416 total
[2023-11-15T22:54:15.251+0000][7][gc,age      ] GC(224) - age  15:     336504 bytes,    7829920 total
[2023-11-15T22:54:15.251+0000][7][gc,phases   ] GC(224)   Pre Evacuate Collection Set: 0.3ms
[2023-11-15T22:54:15.251+0000][7][gc,phases   ] GC(224)   Merge Heap Roots: 0.2ms
[2023-11-15T22:54:15.251+0000][7][gc,phases   ] GC(224)   Evacuate Collection Set: 4.3ms
[2023-11-15T22:54:15.251+0000][7][gc,phases   ] GC(224)   Post Evacuate Collection Set: 1.6ms
[2023-11-15T22:54:15.251+0000][7][gc,phases   ] GC(224)   Other: 0.7ms
[2023-11-15T22:54:15.251+0000][7][gc,heap     ] GC(224) Eden regions: 66->0(68)
[2023-11-15T22:54:15.251+0000][7][gc,heap     ] GC(224) Survivor regions: 3->2(9)
[2023-11-15T22:54:15.251+0000][7][gc,heap     ] GC(224) Old regions: 29->29
[2023-11-15T22:54:15.251+0000][7][gc,heap     ] GC(224) Archive regions: 2->2
[2023-11-15T22:54:15.251+0000][7][gc,heap     ] GC(224) Humongous regions: 5->5
[2023-11-15T22:54:15.251+0000][7][gc,metaspace] GC(224) Metaspace: 117208K(118784K)->117208K(118784K) NonClass: 101713K(102656K)->101713K(102656K) Class: 15494K(16128K)->15494K(16128K)
[2023-11-15T22:54:15.251+0000][7][gc          ] GC(224) Pause Young (Concurrent Start) (G1 Evacuation Pause) 409M->145M(512M) 7.249ms
[2023-11-15T22:54:15.251+0000][7][gc,cpu      ] GC(224) User=0.04s Sys=0.00s Real=0.01s
[2023-11-15T22:54:15.251+0000][7][safepoint   ] Safepoint "G1CollectForAllocation", Time since last: 10018910980 ns, Reaching safepoint: 108785 ns, At safepoint: 7457144 ns, Total: 7565929 ns
[2023-11-15T22:54:15.251+0000][7][gc          ] GC(225) Concurrent Mark Cycle
[2023-11-15T22:54:15.251+0000][7][gc,marking  ] GC(225) Concurrent Clear Claimed Marks
[2023-11-15T22:54:15.251+0000][7][gc,marking  ] GC(225) Concurrent Clear Claimed Marks 0.210ms
[2023-11-15T22:54:15.251+0000][7][gc,marking  ] GC(225) Concurrent Scan Root Regions
[2023-11-15T22:54:15.255+0000][7][gc,marking  ] GC(225) Concurrent Scan Root Regions 3.301ms
[2023-11-15T22:54:15.255+0000][7][gc,marking  ] GC(225) Concurrent Mark
[2023-11-15T22:54:15.255+0000][7][gc,marking  ] GC(225) Concurrent Mark From Roots
[2023-11-15T22:54:15.255+0000][7][gc,task     ] GC(225) Using 2 workers of 2 for marking
[2023-11-15T22:54:15.333+0000][7][gc,marking  ] GC(225) Concurrent Mark From Roots 78.620ms
[2023-11-15T22:54:15.333+0000][7][gc,marking  ] GC(225) Concurrent Preclean
[2023-11-15T22:54:15.334+0000][7][gc,marking  ] GC(225) Concurrent Preclean 0.167ms
[2023-11-15T22:54:15.334+0000][7][gc,start    ] GC(225) Pause Remark
[2023-11-15T22:54:15.339+0000][7][gc          ] GC(225) Pause Remark 148M->148M(512M) 5.199ms
[2023-11-15T22:54:15.339+0000][7][gc,cpu      ] GC(225) User=0.04s Sys=0.00s Real=0.01s
[2023-11-15T22:54:15.339+0000][7][safepoint   ] Safepoint "G1Concurrent", Time since last: 82668072 ns, Reaching safepoint: 31041 ns, At safepoint: 5292255 ns, Total: 5323296 ns
[2023-11-15T22:54:15.339+0000][7][gc,marking  ] GC(225) Concurrent Mark 84.225ms
[2023-11-15T22:54:15.339+0000][7][gc,marking  ] GC(225) Concurrent Rebuild Remembered Sets
[2023-11-15T22:54:15.370+0000][7][gc,marking  ] GC(225) Concurrent Rebuild Remembered Sets 31.412ms
[2023-11-15T22:54:15.371+0000][7][gc,start    ] GC(225) Pause Cleanup
[2023-11-15T22:54:15.371+0000][7][gc          ] GC(225) Pause Cleanup 148M->148M(512M) 0.129ms
[2023-11-15T22:54:15.371+0000][7][gc,cpu      ] GC(225) User=0.00s Sys=0.00s Real=0.00s
[2023-11-15T22:54:15.371+0000][7][safepoint   ] Safepoint "G1Concurrent", Time since last: 31524512 ns, Reaching safepoint: 135624 ns, At safepoint: 173230 ns, Total: 308854 ns
[2023-11-15T22:54:15.371+0000][7][gc,marking  ] GC(225) Concurrent Cleanup for Next Mark
[2023-11-15T22:54:15.372+0000][7][gc,marking  ] GC(225) Concurrent Cleanup for Next Mark 0.986ms
[2023-11-15T22:54:15.372+0000][7][gc          ] GC(225) Concurrent Mark Cycle 120.855ms
[2023-11-15T22:54:32.690+0000][7][gc,start    ] GC(226) Pause Young (Normal) (G1 Evacuation Pause)
[2023-11-15T22:54:32.690+0000][7][gc,task     ] GC(226) Using 8 workers of 8 for evacuation
[2023-11-15T22:54:32.691+0000][7][gc,age      ] GC(226) Desired survivor size 18874368 bytes, new threshold 15 (max threshold 15)
[2023-11-15T22:54:32.695+0000][7][gc,age      ] GC(226) Age table with threshold 15 (max threshold 15)
[2023-11-15T22:54:32.695+0000][7][gc,age      ] GC(226) - age   1:    1210312 bytes,    1210312 total
[2023-11-15T22:54:32.695+0000][7][gc,age      ] GC(226) - age   2:    1082640 bytes,    2292952 total
[2023-11-15T22:54:32.695+0000][7][gc,age      ] GC(226) - age   3:     330952 bytes,    2623904 total
[2023-11-15T22:54:32.695+0000][7][gc,age      ] GC(226) - age   4:    1462368 bytes,    4086272 total
[2023-11-15T22:54:32.695+0000][7][gc,age      ] GC(226) - age   5:     302040 bytes,    4388312 total
[2023-11-15T22:54:32.695+0000][7][gc,age      ] GC(226) - age   6:     624440 bytes,    5012752 total
[2023-11-15T22:54:32.695+0000][7][gc,age      ] GC(226) - age   7:     267608 bytes,    5280360 total
[2023-11-15T22:54:32.695+0000][7][gc,age      ] GC(226) - age   8:     215640 bytes,    5496000 total
[2023-11-15T22:54:32.695+0000][7][gc,age      ] GC(226) - age   9:     201432 bytes,    5697432 total
[2023-11-15T22:54:32.695+0000][7][gc,age      ] GC(226) - age  10:     302880 bytes,    6000312 total
[2023-11-15T22:54:32.695+0000][7][gc,age      ] GC(226) - age  11:     300376 bytes,    6300688 total
[2023-11-15T22:54:32.695+0000][7][gc,age      ] GC(226) - age  12:     413504 bytes,    6714192 total
[2023-11-15T22:54:32.695+0000][7][gc,age      ] GC(226) - age  13:     299056 bytes,    7013248 total
[2023-11-15T22:54:32.695+0000][7][gc,age      ] GC(226) - age  14:     234568 bytes,    7247816 total
[2023-11-15T22:54:32.695+0000][7][gc,age      ] GC(226) - age  15:     299264 bytes,    7547080 total
[2023-11-15T22:54:32.695+0000][7][gc,phases   ] GC(226)   Pre Evacuate Collection Set: 0.1ms
[2023-11-15T22:54:32.695+0000][7][gc,phases   ] GC(226)   Merge Heap Roots: 0.1ms
[2023-11-15T22:54:32.695+0000][7][gc,phases   ] GC(226)   Evacuate Collection Set: 3.4ms
[2023-11-15T22:54:32.695+0000][7][gc,phases   ] GC(226)   Post Evacuate Collection Set: 0.7ms
[2023-11-15T22:54:32.695+0000][7][gc,phases   ] GC(226)   Other: 0.3ms
[2023-11-15T22:54:32.695+0000][7][gc,heap     ] GC(226) Eden regions: 68->0(68)
[2023-11-15T22:54:32.695+0000][7][gc,heap     ] GC(226) Survivor regions: 2->2(9)
[2023-11-15T22:54:32.695+0000][7][gc,heap     ] GC(226) Old regions: 29->29
[2023-11-15T22:54:32.695+0000][7][gc,heap     ] GC(226) Archive regions: 2->2
[2023-11-15T22:54:32.695+0000][7][gc,heap     ] GC(226) Humongous regions: 5->5
[2023-11-15T22:54:32.695+0000][7][gc,metaspace] GC(226) Metaspace: 117210K(118784K)->117210K(118784K) NonClass: 101715K(102656K)->101715K(102656K) Class: 15494K(16128K)->15494K(16128K)
[2023-11-15T22:54:32.695+0000][7][gc          ] GC(226) Pause Young (Normal) (G1 Evacuation Pause) 417M->145M(512M) 4.650ms
[2023-11-15T22:54:32.695+0000][7][gc,cpu      ] GC(226) User=0.02s Sys=0.00s Real=0.01s
[2023-11-15T22:54:32.695+0000][7][safepoint   ] Safepoint "G1CollectForAllocation", Time since last: 17319507362 ns, Reaching safepoint: 54446 ns, At safepoint: 4746153 ns, Total: 4800599 ns
[2023-11-15T22:54:35.696+0000][7][safepoint   ] Safepoint "Cleanup", Time since last: 3000470986 ns, Reaching safepoint: 108597 ns, At safepoint: 15493 ns, Total: 124090 ns
[2023-11-15T22:54:46.698+0000][7][safepoint   ] Safepoint "Cleanup", Time since last: 11001640391 ns, Reaching safepoint: 108217 ns, At safepoint: 22749 ns, Total: 130966 ns
[2023-11-15T22:54:49.837+0000][7][gc,start    ] GC(227) Pause Young (Concurrent Start) (G1 Evacuation Pause)
[2023-11-15T22:54:49.837+0000][7][gc,task     ] GC(227) Using 8 workers of 8 for evacuation
[2023-11-15T22:54:49.837+0000][7][gc,age      ] GC(227) Desired survivor size 18874368 bytes, new threshold 15 (max threshold 15)
[2023-11-15T22:54:49.841+0000][7][gc,age      ] GC(227) Age table with threshold 15 (max threshold 15)
[2023-11-15T22:54:49.841+0000][7][gc,age      ] GC(227) - age   1:    1809944 bytes,    1809944 total
[2023-11-15T22:54:49.841+0000][7][gc,age      ] GC(227) - age   2:     661872 bytes,    2471816 total
[2023-11-15T22:54:49.841+0000][7][gc,age      ] GC(227) - age   3:     930504 bytes,    3402320 total
[2023-11-15T22:54:49.841+0000][7][gc,age      ] GC(227) - age   4:     328632 bytes,    3730952 total
[2023-11-15T22:54:49.841+0000][7][gc,age      ] GC(227) - age   5:     727360 bytes,    4458312 total
[2023-11-15T22:54:49.841+0000][7][gc,age      ] GC(227) - age   6:     302040 bytes,    4760352 total
[2023-11-15T22:54:49.841+0000][7][gc,age      ] GC(227) - age   7:     624000 bytes,    5384352 total
[2023-11-15T22:54:49.841+0000][7][gc,age      ] GC(227) - age   8:     267608 bytes,    5651960 total
[2023-11-15T22:54:49.841+0000][7][gc,age      ] GC(227) - age   9:     215640 bytes,    5867600 total
[2023-11-15T22:54:49.841+0000][7][gc,age      ] GC(227) - age  10:     201432 bytes,    6069032 total
[2023-11-15T22:54:49.841+0000][7][gc,age      ] GC(227) - age  11:     302880 bytes,    6371912 total
[2023-11-15T22:54:49.841+0000][7][gc,age      ] GC(227) - age  12:     300376 bytes,    6672288 total
[2023-11-15T22:54:49.841+0000][7][gc,age      ] GC(227) - age  13:     413504 bytes,    7085792 total
[2023-11-15T22:54:49.841+0000][7][gc,age      ] GC(227) - age  14:     299056 bytes,    7384848 total
[2023-11-15T22:54:49.841+0000][7][gc,age      ] GC(227) - age  15:     234568 bytes,    7619416 total
[2023-11-15T22:54:49.841+0000][7][gc,phases   ] GC(227)   Pre Evacuate Collection Set: 0.2ms
[2023-11-15T22:54:49.841+0000][7][gc,phases   ] GC(227)   Merge Heap Roots: 0.1ms
[2023-11-15T22:54:49.841+0000][7][gc,phases   ] GC(227)   Evacuate Collection Set: 2.7ms
[2023-11-15T22:54:49.841+0000][7][gc,phases   ] GC(227)   Post Evacuate Collection Set: 0.7ms
[2023-11-15T22:54:49.841+0000][7][gc,phases   ] GC(227)   Other: 0.3ms
[2023-11-15T22:54:49.841+0000][7][gc,heap     ] GC(227) Eden regions: 68->0(68)
[2023-11-15T22:54:49.841+0000][7][gc,heap     ] GC(227) Survivor regions: 2->2(9)
[2023-11-15T22:54:49.841+0000][7][gc,heap     ] GC(227) Old regions: 29->29
[2023-11-15T22:54:49.841+0000][7][gc,heap     ] GC(227) Archive regions: 2->2
[2023-11-15T22:54:49.841+0000][7][gc,heap     ] GC(227) Humongous regions: 5->5
[2023-11-15T22:54:49.841+0000][7][gc,metaspace] GC(227) Metaspace: 117211K(118784K)->117211K(118784K) NonClass: 101716K(102656K)->101716K(102656K) Class: 15494K(16128K)->15494K(16128K)
[2023-11-15T22:54:49.841+0000][7][gc          ] GC(227) Pause Young (Concurrent Start) (G1 Evacuation Pause) 417M->145M(512M) 4.142ms
[2023-11-15T22:54:49.841+0000][7][gc,cpu      ] GC(227) User=0.02s Sys=0.00s Real=0.00s
[2023-11-15T22:54:49.841+0000][7][safepoint   ] Safepoint "G1CollectForAllocation", Time since last: 3139596067 ns, Reaching safepoint: 39467 ns, At safepoint: 4261706 ns, Total: 4301173 ns
[2023-11-15T22:54:49.841+0000][7][gc          ] GC(228) Concurrent Mark Cycle
[2023-11-15T22:54:49.841+0000][7][gc,marking  ] GC(228) Concurrent Clear Claimed Marks
[2023-11-15T22:54:49.842+0000][7][gc,marking  ] GC(228) Concurrent Clear Claimed Marks 0.118ms
[2023-11-15T22:54:49.842+0000][7][gc,marking  ] GC(228) Concurrent Scan Root Regions
[2023-11-15T22:54:49.844+0000][7][gc,marking  ] GC(228) Concurrent Scan Root Regions 1.931ms
[2023-11-15T22:54:49.844+0000][7][gc,marking  ] GC(228) Concurrent Mark
[2023-11-15T22:54:49.844+0000][7][gc,marking  ] GC(228) Concurrent Mark From Roots
[2023-11-15T22:54:49.844+0000][7][gc,task     ] GC(228) Using 2 workers of 2 for marking
[2023-11-15T22:54:49.913+0000][7][gc,marking  ] GC(228) Concurrent Mark From Roots 69.678ms
[2023-11-15T22:54:49.913+0000][7][gc,marking  ] GC(228) Concurrent Preclean
[2023-11-15T22:54:49.913+0000][7][gc,marking  ] GC(228) Concurrent Preclean 0.162ms
[2023-11-15T22:54:49.914+0000][7][gc,start    ] GC(228) Pause Remark
[2023-11-15T22:54:49.919+0000][7][gc          ] GC(228) Pause Remark 150M->150M(512M) 5.122ms
[2023-11-15T22:54:49.919+0000][7][gc,cpu      ] GC(228) User=0.04s Sys=0.00s Real=0.01s
[2023-11-15T22:54:49.919+0000][7][safepoint   ] Safepoint "G1Concurrent", Time since last: 72139959 ns, Reaching safepoint: 23264 ns, At safepoint: 5190032 ns, Total: 5213296 ns
[2023-11-15T22:54:49.919+0000][7][gc,marking  ] GC(228) Concurrent Mark 75.175ms
[2023-11-15T22:54:49.919+0000][7][gc,marking  ] GC(228) Concurrent Rebuild Remembered Sets
[2023-11-15T22:54:49.952+0000][7][gc,marking  ] GC(228) Concurrent Rebuild Remembered Sets 32.921ms
[2023-11-15T22:54:49.952+0000][7][gc,start    ] GC(228) Pause Cleanup
[2023-11-15T22:54:49.952+0000][7][gc          ] GC(228) Pause Cleanup 150M->150M(512M) 0.082ms
[2023-11-15T22:54:49.952+0000][7][gc,cpu      ] GC(228) User=0.00s Sys=0.00s Real=0.00s
[2023-11-15T22:54:49.952+0000][7][safepoint   ] Safepoint "G1Concurrent", Time since last: 33042409 ns, Reaching safepoint: 21208 ns, At safepoint: 130897 ns, Total: 152105 ns
[2023-11-15T22:54:49.952+0000][7][gc,marking  ] GC(228) Concurrent Cleanup for Next Mark
[2023-11-15T22:54:49.952+0000][7][gc,marking  ] GC(228) Concurrent Cleanup for Next Mark 0.299ms
[2023-11-15T22:54:49.952+0000][7][gc          ] GC(228) Concurrent Mark Cycle 110.904ms
[2023-11-15T22:55:01.956+0000][7][safepoint   ] Safepoint "Cleanup", Time since last: 12004234849 ns, Reaching safepoint: 125186 ns, At safepoint: 18397 ns, Total: 143583 ns
[2023-11-15T22:55:04.957+0000][7][safepoint   ] Safepoint "Cleanup", Time since last: 3000466376 ns, Reaching safepoint: 83092 ns, At safepoint: 13662 ns, Total: 96754 ns
[2023-11-15T22:55:06.506+0000][7][gc,start    ] GC(229) Pause Young (Normal) (G1 Evacuation Pause)
[2023-11-15T22:55:06.506+0000][7][gc,task     ] GC(229) Using 8 workers of 8 for evacuation
[2023-11-15T22:55:06.506+0000][7][gc,age      ] GC(229) Desired survivor size 18874368 bytes, new threshold 15 (max threshold 15)
[2023-11-15T22:55:06.513+0000][7][gc,age      ] GC(229) Age table with threshold 15 (max threshold 15)
[2023-11-15T22:55:06.513+0000][7][gc,age      ] GC(229) - age   1:    1330232 bytes,    1330232 total
[2023-11-15T22:55:06.513+0000][7][gc,age      ] GC(229) - age   2:    1135784 bytes,    2466016 total
[2023-11-15T22:55:06.513+0000][7][gc,age      ] GC(229) - age   3:     661392 bytes,    3127408 total
[2023-11-15T22:55:06.513+0000][7][gc,age      ] GC(229) - age   4:     930024 bytes,    4057432 total
[2023-11-15T22:55:06.513+0000][7][gc,age      ] GC(229) - age   5:     328248 bytes,    4385680 total
[2023-11-15T22:55:06.513+0000][7][gc,age      ] GC(229) - age   6:     727168 bytes,    5112848 total
[2023-11-15T22:55:06.513+0000][7][gc,age      ] GC(229) - age   7:     301976 bytes,    5414824 total
[2023-11-15T22:55:06.513+0000][7][gc,age      ] GC(229) - age   8:     301832 bytes,    5716656 total
[2023-11-15T22:55:06.513+0000][7][gc,age      ] GC(229) - age   9:     267576 bytes,    5984232 total
[2023-11-15T22:55:06.513+0000][7][gc,age      ] GC(229) - age  10:     215640 bytes,    6199872 total
[2023-11-15T22:55:06.513+0000][7][gc,age      ] GC(229) - age  11:     201432 bytes,    6401304 total
[2023-11-15T22:55:06.513+0000][7][gc,age      ] GC(229) - age  12:     302880 bytes,    6704184 total
[2023-11-15T22:55:06.513+0000][7][gc,age      ] GC(229) - age  13:     300376 bytes,    7004560 total
[2023-11-15T22:55:06.513+0000][7][gc,age      ] GC(229) - age  14:     413504 bytes,    7418064 total
[2023-11-15T22:55:06.513+0000][7][gc,age      ] GC(229) - age  15:     299056 bytes,    7717120 total
[2023-11-15T22:55:06.513+0000][7][gc,phases   ] GC(229)   Pre Evacuate Collection Set: 0.2ms
[2023-11-15T22:55:06.513+0000][7][gc,phases   ] GC(229)   Merge Heap Roots: 0.1ms
[2023-11-15T22:55:06.513+0000][7][gc,phases   ] GC(229)   Evacuate Collection Set: 4.7ms
[2023-11-15T22:55:06.513+0000][7][gc,phases   ] GC(229)   Post Evacuate Collection Set: 1.6ms
[2023-11-15T22:55:06.513+0000][7][gc,phases   ] GC(229)   Other: 0.9ms
[2023-11-15T22:55:06.513+0000][7][gc,heap     ] GC(229) Eden regions: 68->0(68)
[2023-11-15T22:55:06.513+0000][7][gc,heap     ] GC(229) Survivor regions: 2->2(9)
[2023-11-15T22:55:06.513+0000][7][gc,heap     ] GC(229) Old regions: 29->29
[2023-11-15T22:55:06.513+0000][7][gc,heap     ] GC(229) Archive regions: 2->2
[2023-11-15T22:55:06.514+0000][7][gc,heap     ] GC(229) Humongous regions: 5->5
[2023-11-15T22:55:06.514+0000][7][gc,metaspace] GC(229) Metaspace: 117212K(118784K)->117212K(118784K) NonClass: 101717K(102656K)->101717K(102656K) Class: 15494K(16128K)->15494K(16128K)
[2023-11-15T22:55:06.514+0000][7][gc          ] GC(229) Pause Young (Normal) (G1 Evacuation Pause) 417M->146M(512M) 7.749ms
[2023-11-15T22:55:06.514+0000][7][gc,cpu      ] GC(229) User=0.04s Sys=0.01s Real=0.00s
[2023-11-15T22:55:06.514+0000][7][safepoint   ] Safepoint "G1CollectForAllocation", Time since last: 1548805678 ns, Reaching safepoint: 72497 ns, At safepoint: 8002193 ns, Total: 8074690 ns
[2023-11-15T22:55:11.515+0000][7][safepoint   ] Safepoint "Cleanup", Time since last: 5000662997 ns, Reaching safepoint: 123772 ns, At safepoint: 14341 ns, Total: 138113 ns
[2023-11-15T22:55:14.515+0000][7][safepoint   ] Safepoint "Cleanup", Time since last: 3000514331 ns, Reaching safepoint: 140036 ns, At safepoint: 12377 ns, Total: 152413 ns
[2023-11-15T22:55:17.516+0000][7][safepoint   ] Safepoint "Cleanup", Time since last: 3000572249 ns, Reaching safepoint: 75446 ns, At safepoint: 10456 ns, Total: 85902 ns
[2023-11-15T22:55:23.222+0000][7][gc,start    ] GC(230) Pause Young (Concurrent Start) (G1 Evacuation Pause)
[2023-11-15T22:55:23.222+0000][7][gc,task     ] GC(230) Using 8 workers of 8 for evacuation
[2023-11-15T22:55:23.222+0000][7][gc,age      ] GC(230) Desired survivor size 18874368 bytes, new threshold 15 (max threshold 15)
[2023-11-15T22:55:23.231+0000][7][gc,age      ] GC(230) Age table with threshold 15 (max threshold 15)
[2023-11-15T22:55:23.231+0000][7][gc,age      ] GC(230) - age   1:    2077240 bytes,    2077240 total
[2023-11-15T22:55:23.231+0000][7][gc,age      ] GC(230) - age   2:     606560 bytes,    2683800 total
[2023-11-15T22:55:23.231+0000][7][gc,age      ] GC(230) - age   3:    1130040 bytes,    3813840 total
[2023-11-15T22:55:23.231+0000][7][gc,age      ] GC(230) - age   4:     645056 bytes,    4458896 total
[2023-11-15T22:55:23.231+0000][7][gc,age      ] GC(230) - age   5:     336224 bytes,    4795120 total
[2023-11-15T22:55:23.231+0000][7][gc,age      ] GC(230) - age   6:     251208 bytes,    5046328 total
[2023-11-15T22:55:23.231+0000][7][gc,age      ] GC(230) - age   7:     727040 bytes,    5773368 total
[2023-11-15T22:55:23.231+0000][7][gc,age      ] GC(230) - age   8:     301976 bytes,    6075344 total
[2023-11-15T22:55:23.231+0000][7][gc,age      ] GC(230) - age   9:     301768 bytes,    6377112 total
[2023-11-15T22:55:23.231+0000][7][gc,age      ] GC(230) - age  10:     266968 bytes,    6644080 total
[2023-11-15T22:55:23.231+0000][7][gc,age      ] GC(230) - age  11:     215640 bytes,    6859720 total
[2023-11-15T22:55:23.231+0000][7][gc,age      ] GC(230) - age  12:     201432 bytes,    7061152 total
[2023-11-15T22:55:23.231+0000][7][gc,age      ] GC(230) - age  13:     302880 bytes,    7364032 total
[2023-11-15T22:55:23.231+0000][7][gc,age      ] GC(230) - age  14:     300344 bytes,    7664376 total
[2023-11-15T22:55:23.231+0000][7][gc,age      ] GC(230) - age  15:     413504 bytes,    8077880 total
[2023-11-15T22:55:23.231+0000][7][gc,phases   ] GC(230)   Pre Evacuate Collection Set: 0.3ms
[2023-11-15T22:55:23.231+0000][7][gc,phases   ] GC(230)   Merge Heap Roots: 0.2ms
[2023-11-15T22:55:23.231+0000][7][gc,phases   ] GC(230)   Evacuate Collection Set: 6.3ms
[2023-11-15T22:55:23.231+0000][7][gc,phases   ] GC(230)   Post Evacuate Collection Set: 1.4ms
[2023-11-15T22:55:23.231+0000][7][gc,phases   ] GC(230)   Other: 0.9ms
[2023-11-15T22:55:23.231+0000][7][gc,heap     ] GC(230) Eden regions: 68->0(68)
[2023-11-15T22:55:23.231+0000][7][gc,heap     ] GC(230) Survivor regions: 2->2(9)
[2023-11-15T22:55:23.231+0000][7][gc,heap     ] GC(230) Old regions: 29->29
[2023-11-15T22:55:23.231+0000][7][gc,heap     ] GC(230) Archive regions: 2->2
[2023-11-15T22:55:23.231+0000][7][gc,heap     ] GC(230) Humongous regions: 5->5
[2023-11-15T22:55:23.232+0000][7][gc,metaspace] GC(230) Metaspace: 117213K(118784K)->117213K(118784K) NonClass: 101718K(102656K)->101718K(102656K) Class: 15494K(16128K)->15494K(16128K)
[2023-11-15T22:55:23.232+0000][7][gc          ] GC(230) Pause Young (Concurrent Start) (G1 Evacuation Pause) 418M->146M(512M) 9.487ms
[2023-11-15T22:55:23.232+0000][7][gc,cpu      ] GC(230) User=0.04s Sys=0.00s Real=0.01s
[2023-11-15T22:55:23.232+0000][7][gc          ] GC(231) Concurrent Mark Cycle
[2023-11-15T22:55:23.232+0000][7][gc,marking  ] GC(231) Concurrent Clear Claimed Marks
[2023-11-15T22:55:23.232+0000][7][safepoint   ] Safepoint "G1CollectForAllocation", Time since last: 5705890352 ns, Reaching safepoint: 222646 ns, At safepoint: 9752843 ns, Total: 9975489 ns
[2023-11-15T22:55:23.232+0000][7][gc,marking  ] GC(231) Concurrent Clear Claimed Marks 0.238ms
[2023-11-15T22:55:23.232+0000][7][gc,marking  ] GC(231) Concurrent Scan Root Regions
[2023-11-15T22:55:23.238+0000][7][gc,marking  ] GC(231) Concurrent Scan Root Regions 5.401ms
[2023-11-15T22:55:23.238+0000][7][gc,marking  ] GC(231) Concurrent Mark
[2023-11-15T22:55:23.238+0000][7][gc,marking  ] GC(231) Concurrent Mark From Roots
[2023-11-15T22:55:23.238+0000][7][gc,task     ] GC(231) Using 2 workers of 2 for marking
[2023-11-15T22:55:23.329+0000][7][gc,marking  ] GC(231) Concurrent Mark From Roots 91.483ms
[2023-11-15T22:55:23.329+0000][7][gc,marking  ] GC(231) Concurrent Preclean
[2023-11-15T22:55:23.329+0000][7][gc,marking  ] GC(231) Concurrent Preclean 0.223ms
[2023-11-15T22:55:23.330+0000][7][gc,start    ] GC(231) Pause Remark
[2023-11-15T22:55:23.335+0000][7][gc          ] GC(231) Pause Remark 149M->149M(512M) 5.887ms
[2023-11-15T22:55:23.335+0000][7][gc,cpu      ] GC(231) User=0.04s Sys=0.00s Real=0.01s
[2023-11-15T22:55:23.335+0000][7][safepoint   ] Safepoint "G1Concurrent", Time since last: 97700315 ns, Reaching safepoint: 27726 ns, At safepoint: 5977725 ns, Total: 6005451 ns
[2023-11-15T22:55:23.336+0000][7][gc,marking  ] GC(231) Concurrent Mark 97.853ms
[2023-11-15T22:55:23.336+0000][7][gc,marking  ] GC(231) Concurrent Rebuild Remembered Sets
[2023-11-15T22:55:23.371+0000][7][gc,marking  ] GC(231) Concurrent Rebuild Remembered Sets 35.581ms
[2023-11-15T22:55:23.371+0000][7][gc,start    ] GC(231) Pause Cleanup
[2023-11-15T22:55:23.371+0000][7][gc          ] GC(231) Pause Cleanup 149M->149M(512M) 0.060ms
[2023-11-15T22:55:23.371+0000][7][gc,cpu      ] GC(231) User=0.00s Sys=0.00s Real=0.00s
[2023-11-15T22:55:23.371+0000][7][safepoint   ] Safepoint "G1Concurrent", Time since last: 35694687 ns, Reaching safepoint: 47880 ns, At safepoint: 102967 ns, Total: 150847 ns
[2023-11-15T22:55:23.371+0000][7][gc,marking  ] GC(231) Concurrent Cleanup for Next Mark
[2023-11-15T22:55:23.372+0000][7][gc,marking  ] GC(231) Concurrent Cleanup for Next Mark 0.344ms
[2023-11-15T22:55:23.372+0000][7][gc          ] GC(231) Concurrent Mark Cycle 140.016ms
[2023-11-15T22:55:31.372+0000][7][safepoint   ] Safepoint "Cleanup", Time since last: 8000884992 ns, Reaching safepoint: 167185 ns, At safepoint: 23309 ns, Total: 190494 ns
[2023-11-15T22:55:32.373+0000][7][safepoint   ] Safepoint "Cleanup", Time since last: 1000130929 ns, Reaching safepoint: 157962 ns, At safepoint: 6059 ns, Total: 164021 ns
[2023-11-15T22:55:35.373+0000][7][safepoint   ] Safepoint "Cleanup", Time since last: 3000295527 ns, Reaching safepoint: 163633 ns, At safepoint: 21005 ns, Total: 184638 ns
[2023-11-15T22:55:36.374+0000][7][safepoint   ] Safepoint "Cleanup", Time since last: 1000236712 ns, Reaching safepoint: 147476 ns, At safepoint: 19383 ns, Total: 166859 ns
[2023-11-15T22:55:37.374+0000][7][safepoint   ] Safepoint "Cleanup", Time since last: 1000183515 ns, Reaching safepoint: 105458 ns, At safepoint: 12863 ns, Total: 118321 ns
[2023-11-15T22:55:38.374+0000][7][safepoint   ] Safepoint "Cleanup", Time since last: 1000217975 ns, Reaching safepoint: 257815 ns, At safepoint: 22849 ns, Total: 280664 ns
[2023-11-15T22:55:39.375+0000][7][safepoint   ] Safepoint "Cleanup", Time since last: 1000210107 ns, Reaching safepoint: 134426 ns, At safepoint: 16339 ns, Total: 150765 ns
[2023-11-15T22:55:40.580+0000][7][gc,start    ] GC(232) Pause Young (Normal) (G1 Evacuation Pause)
[2023-11-15T22:55:40.580+0000][7][gc,task     ] GC(232) Using 8 workers of 8 for evacuation
[2023-11-15T22:55:40.580+0000][7][gc,age      ] GC(232) Desired survivor size 18874368 bytes, new threshold 15 (max threshold 15)
[2023-11-15T22:55:40.583+0000][7][gc,age      ] GC(232) Age table with threshold 15 (max threshold 15)
[2023-11-15T22:55:40.583+0000][7][gc,age      ] GC(232) - age   1:    1439256 bytes,    1439256 total
[2023-11-15T22:55:40.583+0000][7][gc,age      ] GC(232) - age   2:    1142472 bytes,    2581728 total
[2023-11-15T22:55:40.583+0000][7][gc,age      ] GC(232) - age   3:     596496 bytes,    3178224 total
[2023-11-15T22:55:40.583+0000][7][gc,age      ] GC(232) - age   4:    1128968 bytes,    4307192 total
[2023-11-15T22:55:40.583+0000][7][gc,age      ] GC(232) - age   5:     522232 bytes,    4829424 total
[2023-11-15T22:55:40.583+0000][7][gc,age      ] GC(232) - age   6:     336160 bytes,    5165584 total
[2023-11-15T22:55:40.583+0000][7][gc,age      ] GC(232) - age   7:     251208 bytes,    5416792 total
[2023-11-15T22:55:40.583+0000][7][gc,age      ] GC(232) - age   8:     727040 bytes,    6143832 total
[2023-11-15T22:55:40.583+0000][7][gc,age      ] GC(232) - age   9:     301976 bytes,    6445808 total
[2023-11-15T22:55:40.583+0000][7][gc,age      ] GC(232) - age  10:     301768 bytes,    6747576 total
[2023-11-15T22:55:40.583+0000][7][gc,age      ] GC(232) - age  11:     266968 bytes,    7014544 total
[2023-11-15T22:55:40.583+0000][7][gc,age      ] GC(232) - age  12:     215640 bytes,    7230184 total
[2023-11-15T22:55:40.583+0000][7][gc,age      ] GC(232) - age  13:     201432 bytes,    7431616 total
[2023-11-15T22:55:40.583+0000][7][gc,age      ] GC(232) - age  14:     302880 bytes,    7734496 total
[2023-11-15T22:55:40.583+0000][7][gc,age      ] GC(232) - age  15:     300344 bytes,    8034840 total
[2023-11-15T22:55:40.583+0000][7][gc,phases   ] GC(232)   Pre Evacuate Collection Set: 0.1ms
[2023-11-15T22:55:40.583+0000][7][gc,phases   ] GC(232)   Merge Heap Roots: 0.0ms
[2023-11-15T22:55:40.583+0000][7][gc,phases   ] GC(232)   Evacuate Collection Set: 2.5ms
[2023-11-15T22:55:40.583+0000][7][gc,phases   ] GC(232)   Post Evacuate Collection Set: 0.4ms
[2023-11-15T22:55:40.583+0000][7][gc,phases   ] GC(232)   Other: 0.2ms
[2023-11-15T22:55:40.583+0000][7][gc,heap     ] GC(232) Eden regions: 68->0(68)
[2023-11-15T22:55:40.583+0000][7][gc,heap     ] GC(232) Survivor regions: 2->2(9)
[2023-11-15T22:55:40.583+0000][7][gc,heap     ] GC(232) Old regions: 29->29
[2023-11-15T22:55:40.583+0000][7][gc,heap     ] GC(232) Archive regions: 2->2
[2023-11-15T22:55:40.583+0000][7][gc,heap     ] GC(232) Humongous regions: 5->5
[2023-11-15T22:55:40.583+0000][7][gc,metaspace] GC(232) Metaspace: 117213K(118784K)->117213K(118784K) NonClass: 101718K(102656K)->101718K(102656K) Class: 15494K(16128K)->15494K(16128K)
[2023-11-15T22:55:40.583+0000][7][gc          ] GC(232) Pause Young (Normal) (G1 Evacuation Pause) 418M->147M(512M) 3.145ms
[2023-11-15T22:55:40.583+0000][7][gc,cpu      ] GC(232) User=0.02s Sys=0.00s Real=0.00s
[2023-11-15T22:55:40.583+0000][7][safepoint   ] Safepoint "G1CollectForAllocation", Time since last: 1205337171 ns, Reaching safepoint: 38372 ns, At safepoint: 3219683 ns, Total: 3258055 ns
[2023-11-15T22:55:41.584+0000][7][safepoint   ] Safepoint "Cleanup", Time since last: 1000113938 ns, Reaching safepoint: 159162 ns, At safepoint: 13692 ns, Total: 172854 ns
[2023-11-15T22:55:46.584+0000][7][safepoint   ] Safepoint "Cleanup", Time since last: 5000707787 ns, Reaching safepoint: 135097 ns, At safepoint: 24962 ns, Total: 160059 ns
[2023-11-15T22:55:47.585+0000][7][safepoint   ] Safepoint "Cleanup", Time since last: 1000172902 ns, Reaching safepoint: 90182 ns, At safepoint: 19061 ns, Total: 109243 ns
[2023-11-15T22:55:50.585+0000][7][safepoint   ] Safepoint "Cleanup", Time since last: 3000335909 ns, Reaching safepoint: 102307 ns, At safepoint: 9168 ns, Total: 111475 ns
[2023-11-15T22:55:58.859+0000][7][gc,start    ] GC(233) Pause Young (Concurrent Start) (G1 Evacuation Pause)
[2023-11-15T22:55:58.859+0000][7][gc,task     ] GC(233) Using 8 workers of 8 for evacuation
[2023-11-15T22:55:58.859+0000][7][gc,age      ] GC(233) Desired survivor size 18874368 bytes, new threshold 15 (max threshold 15)
[2023-11-15T22:55:58.863+0000][7][gc,age      ] GC(233) Age table with threshold 15 (max threshold 15)
[2023-11-15T22:55:58.863+0000][7][gc,age      ] GC(233) - age   1:    2246016 bytes,    2246016 total
[2023-11-15T22:55:58.863+0000][7][gc,age      ] GC(233) - age   2:     743504 bytes,    2989520 total
[2023-11-15T22:55:58.863+0000][7][gc,age      ] GC(233) - age   3:    1141024 bytes,    4130544 total
[2023-11-15T22:55:58.863+0000][7][gc,age      ] GC(233) - age   4:     595824 bytes,    4726368 total
[2023-11-15T22:55:58.863+0000][7][gc,age      ] GC(233) - age   5:     300168 bytes,    5026536 total
[2023-11-15T22:55:58.863+0000][7][gc,age      ] GC(233) - age   6:     521624 bytes,    5548160 total
[2023-11-15T22:55:58.863+0000][7][gc,age      ] GC(233) - age   7:     336160 bytes,    5884320 total
[2023-11-15T22:55:58.863+0000][7][gc,age      ] GC(233) - age   8:     251144 bytes,    6135464 total
[2023-11-15T22:55:58.863+0000][7][gc,age      ] GC(233) - age   9:     726976 bytes,    6862440 total
[2023-11-15T22:55:58.863+0000][7][gc,age      ] GC(233) - age  10:     301976 bytes,    7164416 total
[2023-11-15T22:55:58.863+0000][7][gc,age      ] GC(233) - age  11:     301768 bytes,    7466184 total
[2023-11-15T22:55:58.863+0000][7][gc,age      ] GC(233) - age  12:     266968 bytes,    7733152 total
[2023-11-15T22:55:58.863+0000][7][gc,age      ] GC(233) - age  13:     215640 bytes,    7948792 total
[2023-11-15T22:55:58.863+0000][7][gc,age      ] GC(233) - age  14:     201432 bytes,    8150224 total
[2023-11-15T22:55:58.863+0000][7][gc,age      ] GC(233) - age  15:     302880 bytes,    8453104 total
[2023-11-15T22:55:58.863+0000][7][gc,phases   ] GC(233)   Pre Evacuate Collection Set: 0.1ms
[2023-11-15T22:55:58.863+0000][7][gc,phases   ] GC(233)   Merge Heap Roots: 0.0ms
[2023-11-15T22:55:58.863+0000][7][gc,phases   ] GC(233)   Evacuate Collection Set: 2.9ms
[2023-11-15T22:55:58.863+0000][7][gc,phases   ] GC(233)   Post Evacuate Collection Set: 0.5ms
[2023-11-15T22:55:58.863+0000][7][gc,phases   ] GC(233)   Other: 0.2ms
[2023-11-15T22:55:58.863+0000][7][gc,heap     ] GC(233) Eden regions: 68->0(66)
[2023-11-15T22:55:58.863+0000][7][gc,heap     ] GC(233) Survivor regions: 2->3(9)
[2023-11-15T22:55:58.863+0000][7][gc,heap     ] GC(233) Old regions: 29->29
[2023-11-15T22:55:58.863+0000][7][gc,heap     ] GC(233) Archive regions: 2->2
[2023-11-15T22:55:58.863+0000][7][gc,heap     ] GC(233) Humongous regions: 5->5
[2023-11-15T22:55:58.863+0000][7][gc,metaspace] GC(233) Metaspace: 117215K(118784K)->117215K(118784K) NonClass: 101721K(102656K)->101721K(102656K) Class: 15494K(16128K)->15494K(16128K)
[2023-11-15T22:55:58.863+0000][7][gc          ] GC(233) Pause Young (Concurrent Start) (G1 Evacuation Pause) 419M->147M(512M) 3.787ms
[2023-11-15T22:55:58.863+0000][7][gc,cpu      ] GC(233) User=0.02s Sys=0.00s Real=0.00s
[2023-11-15T22:55:58.863+0000][7][safepoint   ] Safepoint "G1CollectForAllocation", Time since last: 8273673651 ns, Reaching safepoint: 37842 ns, At safepoint: 3868052 ns, Total: 3905894 ns
[2023-11-15T22:55:58.863+0000][7][gc          ] GC(234) Concurrent Mark Cycle
[2023-11-15T22:55:58.863+0000][7][gc,marking  ] GC(234) Concurrent Clear Claimed Marks
[2023-11-15T22:55:58.863+0000][7][gc,marking  ] GC(234) Concurrent Clear Claimed Marks 0.087ms
[2023-11-15T22:55:58.863+0000][7][gc,marking  ] GC(234) Concurrent Scan Root Regions
[2023-11-15T22:55:58.864+0000][7][gc,marking  ] GC(234) Concurrent Scan Root Regions 1.320ms
[2023-11-15T22:55:58.864+0000][7][gc,marking  ] GC(234) Concurrent Mark
[2023-11-15T22:55:58.864+0000][7][gc,marking  ] GC(234) Concurrent Mark From Roots
[2023-11-15T22:55:58.864+0000][7][gc,task     ] GC(234) Using 2 workers of 2 for marking
[2023-11-15T22:55:58.926+0000][7][gc,marking  ] GC(234) Concurrent Mark From Roots 61.363ms
[2023-11-15T22:55:58.926+0000][7][gc,marking  ] GC(234) Concurrent Preclean
[2023-11-15T22:55:58.926+0000][7][gc,marking  ] GC(234) Concurrent Preclean 0.163ms
[2023-11-15T22:55:58.926+0000][7][gc,start    ] GC(234) Pause Remark
[2023-11-15T22:55:58.931+0000][7][gc          ] GC(234) Pause Remark 154M->154M(512M) 5.345ms
[2023-11-15T22:55:58.931+0000][7][gc,cpu      ] GC(234) User=0.03s Sys=0.00s Real=0.00s
[2023-11-15T22:55:58.931+0000][7][safepoint   ] Safepoint "G1Concurrent", Time since last: 63056226 ns, Reaching safepoint: 20607 ns, At safepoint: 5423080 ns, Total: 5443687 ns
[2023-11-15T22:55:58.931+0000][7][gc,marking  ] GC(234) Concurrent Mark 67.061ms
[2023-11-15T22:55:58.931+0000][7][gc,marking  ] GC(234) Concurrent Rebuild Remembered Sets
[2023-11-15T22:55:58.964+0000][7][gc,marking  ] GC(234) Concurrent Rebuild Remembered Sets 33.037ms
[2023-11-15T22:55:58.964+0000][7][gc,start    ] GC(234) Pause Cleanup
[2023-11-15T22:55:58.965+0000][7][gc          ] GC(234) Pause Cleanup 159M->159M(512M) 0.078ms
[2023-11-15T22:55:58.965+0000][7][gc,cpu      ] GC(234) User=0.00s Sys=0.00s Real=0.00s
[2023-11-15T22:55:58.965+0000][7][safepoint   ] Safepoint "G1Concurrent", Time since last: 33148327 ns, Reaching safepoint: 51317 ns, At safepoint: 121086 ns, Total: 172403 ns
[2023-11-15T22:55:58.965+0000][7][gc,marking  ] GC(234) Concurrent Cleanup for Next Mark
[2023-11-15T22:55:58.965+0000][7][gc,marking  ] GC(234) Concurrent Cleanup for Next Mark 0.582ms
[2023-11-15T22:55:58.965+0000][7][gc          ] GC(234) Concurrent Mark Cycle 102.470ms
[2023-11-15T22:56:02.965+0000][7][safepoint   ] Safepoint "Cleanup", Time since last: 4000357955 ns, Reaching safepoint: 127739 ns, At safepoint: 12999 ns, Total: 140738 ns
[2023-11-15T22:56:04.966+0000][7][safepoint   ] Safepoint "Cleanup", Time since last: 2000347662 ns, Reaching safepoint: 132480 ns, At safepoint: 23772 ns, Total: 156252 ns
[2023-11-15T22:56:15.589+0000][7][gc,start    ] GC(235) Pause Young (Normal) (G1 Evacuation Pause)
[2023-11-15T22:56:15.589+0000][7][gc,task     ] GC(235) Using 8 workers of 8 for evacuation
[2023-11-15T22:56:15.589+0000][7][gc,age      ] GC(235) Desired survivor size 18874368 bytes, new threshold 15 (max threshold 15)
[2023-11-15T22:56:15.595+0000][7][gc,age      ] GC(235) Age table with threshold 15 (max threshold 15)
[2023-11-15T22:56:15.595+0000][7][gc,age      ] GC(235) - age   1:    1499920 bytes,    1499920 total
[2023-11-15T22:56:15.595+0000][7][gc,age      ] GC(235) - age   2:    1348104 bytes,    2848024 total
[2023-11-15T22:56:15.595+0000][7][gc,age      ] GC(235) - age   3:     728336 bytes,    3576360 total
[2023-11-15T22:56:15.595+0000][7][gc,age      ] GC(235) - age   4:     975520 bytes,    4551880 total
[2023-11-15T22:56:15.595+0000][7][gc,age      ] GC(235) - age   5:     595728 bytes,    5147608 total
[2023-11-15T22:56:15.595+0000][7][gc,age      ] GC(235) - age   6:     300040 bytes,    5447648 total
[2023-11-15T22:56:15.595+0000][7][gc,age      ] GC(235) - age   7:     521560 bytes,    5969208 total
[2023-11-15T22:56:15.595+0000][7][gc,age      ] GC(235) - age   8:     335960 bytes,    6305168 total
[2023-11-15T22:56:15.595+0000][7][gc,age      ] GC(235) - age   9:     251056 bytes,    6556224 total
[2023-11-15T22:56:15.595+0000][7][gc,age      ] GC(235) - age  10:     726912 bytes,    7283136 total
[2023-11-15T22:56:15.595+0000][7][gc,age      ] GC(235) - age  11:     301976 bytes,    7585112 total
[2023-11-15T22:56:15.595+0000][7][gc,age      ] GC(235) - age  12:     301456 bytes,    7886568 total
[2023-11-15T22:56:15.595+0000][7][gc,age      ] GC(235) - age  13:     266968 bytes,    8153536 total
[2023-11-15T22:56:15.595+0000][7][gc,age      ] GC(235) - age  14:     215640 bytes,    8369176 total
[2023-11-15T22:56:15.595+0000][7][gc,age      ] GC(235) - age  15:     201432 bytes,    8570608 total
[2023-11-15T22:56:15.595+0000][7][gc,phases   ] GC(235)   Pre Evacuate Collection Set: 0.2ms
[2023-11-15T22:56:15.595+0000][7][gc,phases   ] GC(235)   Merge Heap Roots: 0.2ms
[2023-11-15T22:56:15.595+0000][7][gc,phases   ] GC(235)   Evacuate Collection Set: 4.6ms
[2023-11-15T22:56:15.595+0000][7][gc,phases   ] GC(235)   Post Evacuate Collection Set: 1.2ms
[2023-11-15T22:56:15.595+0000][7][gc,phases   ] GC(235)   Other: 0.5ms
[2023-11-15T22:56:15.595+0000][7][gc,heap     ] GC(235) Eden regions: 66->0(66)
[2023-11-15T22:56:15.596+0000][7][gc,heap     ] GC(235) Survivor regions: 3->3(9)
[2023-11-15T22:56:15.596+0000][7][gc,heap     ] GC(235) Old regions: 29->29
[2023-11-15T22:56:15.596+0000][7][gc,heap     ] GC(235) Archive regions: 2->2
[2023-11-15T22:56:15.596+0000][7][gc,heap     ] GC(235) Humongous regions: 5->5
[2023-11-15T22:56:15.596+0000][7][gc,metaspace] GC(235) Metaspace: 117215K(118784K)->117215K(118784K) NonClass: 101721K(102656K)->101721K(102656K) Class: 15494K(16128K)->15494K(16128K)
[2023-11-15T22:56:15.596+0000][7][gc          ] GC(235) Pause Young (Normal) (G1 Evacuation Pause) 411M->148M(512M) 6.769ms
[2023-11-15T22:56:15.596+0000][7][gc,cpu      ] GC(235) User=0.04s Sys=0.00s Real=0.01s
[2023-11-15T22:56:15.596+0000][7][safepoint   ] Safepoint "G1CollectForAllocation", Time since last: 10623066265 ns, Reaching safepoint: 79131 ns, At safepoint: 6932533 ns, Total: 7011664 ns
[2023-11-15T22:56:34.088+0000][7][gc,start    ] GC(236) Pause Young (Concurrent Start) (G1 Evacuation Pause)
[2023-11-15T22:56:34.088+0000][7][gc,task     ] GC(236) Using 8 workers of 8 for evacuation
[2023-11-15T22:56:34.088+0000][7][gc,age      ] GC(236) Desired survivor size 18874368 bytes, new threshold 15 (max threshold 15)
[2023-11-15T22:56:34.094+0000][7][gc,age      ] GC(236) Age table with threshold 15 (max threshold 15)
[2023-11-15T22:56:34.094+0000][7][gc,age      ] GC(236) - age   1:    1419592 bytes,    1419592 total
[2023-11-15T22:56:34.094+0000][7][gc,age      ] GC(236) - age   2:     452648 bytes,    1872240 total
[2023-11-15T22:56:34.094+0000][7][gc,age      ] GC(236) - age   3:    1200008 bytes,    3072248 total
[2023-11-15T22:56:34.094+0000][7][gc,age      ] GC(236) - age   4:     727144 bytes,    3799392 total
[2023-11-15T22:56:34.094+0000][7][gc,age      ] GC(236) - age   5:     975200 bytes,    4774592 total
[2023-11-15T22:56:34.094+0000][7][gc,age      ] GC(236) - age   6:     595600 bytes,    5370192 total
[2023-11-15T22:56:34.094+0000][7][gc,age      ] GC(236) - age   7:     299680 bytes,    5669872 total
[2023-11-15T22:56:34.094+0000][7][gc,age      ] GC(236) - age   8:     521376 bytes,    6191248 total
[2023-11-15T22:56:34.094+0000][7][gc,age      ] GC(236) - age   9:     266576 bytes,    6457824 total
[2023-11-15T22:56:34.094+0000][7][gc,age      ] GC(236) - age  10:     250960 bytes,    6708784 total
[2023-11-15T22:56:34.094+0000][7][gc,age      ] GC(236) - age  11:     726912 bytes,    7435696 total
[2023-11-15T22:56:34.094+0000][7][gc,age      ] GC(236) - age  12:     301976 bytes,    7737672 total
[2023-11-15T22:56:34.094+0000][7][gc,age      ] GC(236) - age  13:     301456 bytes,    8039128 total
[2023-11-15T22:56:34.094+0000][7][gc,age      ] GC(236) - age  14:     266968 bytes,    8306096 total
[2023-11-15T22:56:34.094+0000][7][gc,age      ] GC(236) - age  15:     215640 bytes,    8521736 total
[2023-11-15T22:56:34.094+0000][7][gc,phases   ] GC(236)   Pre Evacuate Collection Set: 0.4ms
[2023-11-15T22:56:34.094+0000][7][gc,phases   ] GC(236)   Merge Heap Roots: 0.1ms
[2023-11-15T22:56:34.094+0000][7][gc,phases   ] GC(236)   Evacuate Collection Set: 3.9ms
[2023-11-15T22:56:34.094+0000][7][gc,phases   ] GC(236)   Post Evacuate Collection Set: 1.1ms
[2023-11-15T22:56:34.094+0000][7][gc,phases   ] GC(236)   Other: 0.9ms
[2023-11-15T22:56:34.094+0000][7][gc,heap     ] GC(236) Eden regions: 66->0(65)
[2023-11-15T22:56:34.094+0000][7][gc,heap     ] GC(236) Survivor regions: 3->3(9)
[2023-11-15T22:56:34.094+0000][7][gc,heap     ] GC(236) Old regions: 29->30
[2023-11-15T22:56:34.094+0000][7][gc,heap     ] GC(236) Archive regions: 2->2
[2023-11-15T22:56:34.094+0000][7][gc,heap     ] GC(236) Humongous regions: 5->5
[2023-11-15T22:56:34.094+0000][7][gc,metaspace] GC(236) Metaspace: 117215K(118784K)->117215K(118784K) NonClass: 101721K(102656K)->101721K(102656K) Class: 15494K(16128K)->15494K(16128K)
[2023-11-15T22:56:34.094+0000][7][gc          ] GC(236) Pause Young (Concurrent Start) (G1 Evacuation Pause) 412M->148M(512M) 6.502ms
[2023-11-15T22:56:34.094+0000][7][gc,cpu      ] GC(236) User=0.04s Sys=0.00s Real=0.00s
[2023-11-15T22:56:34.094+0000][7][safepoint   ] Safepoint "G1CollectForAllocation", Time since last: 18491656759 ns, Reaching safepoint: 83894 ns, At safepoint: 6681507 ns, Total: 6765401 ns
[2023-11-15T22:56:34.094+0000][7][gc          ] GC(237) Concurrent Mark Cycle
[2023-11-15T22:56:34.094+0000][7][gc,marking  ] GC(237) Concurrent Clear Claimed Marks
[2023-11-15T22:56:34.094+0000][7][gc,marking  ] GC(237) Concurrent Clear Claimed Marks 0.155ms
[2023-11-15T22:56:34.094+0000][7][gc,marking  ] GC(237) Concurrent Scan Root Regions
[2023-11-15T22:56:34.098+0000][7][gc,marking  ] GC(237) Concurrent Scan Root Regions 3.535ms
[2023-11-15T22:56:34.098+0000][7][gc,marking  ] GC(237) Concurrent Mark
[2023-11-15T22:56:34.098+0000][7][gc,marking  ] GC(237) Concurrent Mark From Roots
[2023-11-15T22:56:34.098+0000][7][gc,task     ] GC(237) Using 2 workers of 2 for marking
[2023-11-15T22:56:34.178+0000][7][gc,marking  ] GC(237) Concurrent Mark From Roots 80.150ms
[2023-11-15T22:56:34.178+0000][7][gc,marking  ] GC(237) Concurrent Preclean
[2023-11-15T22:56:34.178+0000][7][gc,marking  ] GC(237) Concurrent Preclean 0.263ms
[2023-11-15T22:56:34.179+0000][7][gc,start    ] GC(237) Pause Remark
[2023-11-15T22:56:34.184+0000][7][gc          ] GC(237) Pause Remark 151M->151M(512M) 5.128ms
[2023-11-15T22:56:34.184+0000][7][gc,cpu      ] GC(237) User=0.03s Sys=0.00s Real=0.00s
[2023-11-15T22:56:34.184+0000][7][safepoint   ] Safepoint "G1Concurrent", Time since last: 84396359 ns, Reaching safepoint: 29283 ns, At safepoint: 5197523 ns, Total: 5226806 ns
[2023-11-15T22:56:34.184+0000][7][gc,marking  ] GC(237) Concurrent Mark 85.754ms
[2023-11-15T22:56:34.184+0000][7][gc,marking  ] GC(237) Concurrent Rebuild Remembered Sets
[2023-11-15T22:56:34.215+0000][7][gc,marking  ] GC(237) Concurrent Rebuild Remembered Sets 31.494ms
[2023-11-15T22:56:34.215+0000][7][gc,start    ] GC(237) Pause Cleanup
[2023-11-15T22:56:34.215+0000][7][gc          ] GC(237) Pause Cleanup 151M->151M(512M) 0.086ms
[2023-11-15T22:56:34.215+0000][7][gc,cpu      ] GC(237) User=0.00s Sys=0.00s Real=0.00s
[2023-11-15T22:56:34.216+0000][7][safepoint   ] Safepoint "G1Concurrent", Time since last: 31606991 ns, Reaching safepoint: 17133 ns, At safepoint: 150416 ns, Total: 167549 ns
[2023-11-15T22:56:34.216+0000][7][gc,marking  ] GC(237) Concurrent Cleanup for Next Mark
[2023-11-15T22:56:34.216+0000][7][gc,marking  ] GC(237) Concurrent Cleanup for Next Mark 0.561ms
[2023-11-15T22:56:34.216+0000][7][gc          ] GC(237) Concurrent Mark Cycle 122.186ms
[2023-11-15T22:56:35.216+0000][7][safepoint   ] Safepoint "Cleanup", Time since last: 1000085348 ns, Reaching safepoint: 155359 ns, At safepoint: 13569 ns, Total: 168928 ns
[2023-11-15T22:56:36.216+0000][7][safepoint   ] Safepoint "Cleanup", Time since last: 1000222175 ns, Reaching safepoint: 133913 ns, At safepoint: 32784 ns, Total: 166697 ns
[2023-11-15T22:56:41.217+0000][7][safepoint   ] Safepoint "Cleanup", Time since last: 5000846059 ns, Reaching safepoint: 107516 ns, At safepoint: 14726 ns, Total: 122242 ns
[2023-11-15T22:56:47.218+0000][7][safepoint   ] Safepoint "Cleanup", Time since last: 6000690199 ns, Reaching safepoint: 122388 ns, At safepoint: 3703 ns, Total: 126091 ns
[2023-11-15T22:56:49.822+0000][7][gc,start    ] GC(238) Pause Young (Normal) (G1 Evacuation Pause)
[2023-11-15T22:56:49.822+0000][7][gc,task     ] GC(238) Using 8 workers of 8 for evacuation
[2023-11-15T22:56:49.822+0000][7][gc,age      ] GC(238) Desired survivor size 18874368 bytes, new threshold 15 (max threshold 15)
[2023-11-15T22:56:49.828+0000][7][gc,age      ] GC(238) Age table with threshold 15 (max threshold 15)
[2023-11-15T22:56:49.828+0000][7][gc,age      ] GC(238) - age   1:    2383816 bytes,    2383816 total
[2023-11-15T22:56:49.829+0000][7][gc,age      ] GC(238) - age   2:     353288 bytes,    2737104 total
[2023-11-15T22:56:49.829+0000][7][gc,age      ] GC(238) - age   3:     436664 bytes,    3173768 total
[2023-11-15T22:56:49.829+0000][7][gc,age      ] GC(238) - age   4:    1199784 bytes,    4373552 total
[2023-11-15T22:56:49.829+0000][7][gc,age      ] GC(238) - age   5:     726816 bytes,    5100368 total
[2023-11-15T22:56:49.829+0000][7][gc,age      ] GC(238) - age   6:     307128 bytes,    5407496 total
[2023-11-15T22:56:49.829+0000][7][gc,age      ] GC(238) - age   7:     595600 bytes,    6003096 total
[2023-11-15T22:56:49.829+0000][7][gc,age      ] GC(238) - age   8:     299616 bytes,    6302712 total
[2023-11-15T22:56:49.829+0000][7][gc,age      ] GC(238) - age   9:     521376 bytes,    6824088 total
[2023-11-15T22:56:49.829+0000][7][gc,age      ] GC(238) - age  10:     266144 bytes,    7090232 total
[2023-11-15T22:56:49.829+0000][7][gc,age      ] GC(238) - age  11:     250960 bytes,    7341192 total
[2023-11-15T22:56:49.829+0000][7][gc,age      ] GC(238) - age  12:     726912 bytes,    8068104 total
[2023-11-15T22:56:49.829+0000][7][gc,age      ] GC(238) - age  13:     301976 bytes,    8370080 total
[2023-11-15T22:56:49.829+0000][7][gc,age      ] GC(238) - age  14:     301456 bytes,    8671536 total
[2023-11-15T22:56:49.829+0000][7][gc,age      ] GC(238) - age  15:     266968 bytes,    8938504 total
[2023-11-15T22:56:49.829+0000][7][gc,phases   ] GC(238)   Pre Evacuate Collection Set: 0.2ms
[2023-11-15T22:56:49.829+0000][7][gc,phases   ] GC(238)   Merge Heap Roots: 0.2ms
[2023-11-15T22:56:49.829+0000][7][gc,phases   ] GC(238)   Evacuate Collection Set: 5.0ms
[2023-11-15T22:56:49.829+0000][7][gc,phases   ] GC(238)   Post Evacuate Collection Set: 1.4ms
[2023-11-15T22:56:49.829+0000][7][gc,phases   ] GC(238)   Other: 0.6ms
[2023-11-15T22:56:49.829+0000][7][gc,heap     ] GC(238) Eden regions: 65->0(65)
[2023-11-15T22:56:49.829+0000][7][gc,heap     ] GC(238) Survivor regions: 3->3(9)
[2023-11-15T22:56:49.829+0000][7][gc,heap     ] GC(238) Old regions: 30->30
[2023-11-15T22:56:49.829+0000][7][gc,heap     ] GC(238) Archive regions: 2->2
[2023-11-15T22:56:49.829+0000][7][gc,heap     ] GC(238) Humongous regions: 5->5
[2023-11-15T22:56:49.829+0000][7][gc,metaspace] GC(238) Metaspace: 117219K(118784K)->117219K(118784K) NonClass: 101724K(102656K)->101724K(102656K) Class: 15494K(16128K)->15494K(16128K)
[2023-11-15T22:56:49.829+0000][7][gc          ] GC(238) Pause Young (Normal) (G1 Evacuation Pause) 408M->148M(512M) 7.465ms
[2023-11-15T22:56:49.829+0000][7][gc,cpu      ] GC(238) User=0.04s Sys=0.00s Real=0.01s
[2023-11-15T22:56:49.829+0000][7][safepoint   ] Safepoint "G1CollectForAllocation", Time since last: 2603297335 ns, Reaching safepoint: 163080 ns, At safepoint: 7670239 ns, Total: 7833319 ns
[2023-11-15T22:57:01.831+0000][7][safepoint   ] Safepoint "Cleanup", Time since last: 12001468536 ns, Reaching safepoint: 153328 ns, At safepoint: 25062 ns, Total: 178390 ns
[2023-11-15T22:57:05.369+0000][7][gc,start    ] GC(239) Pause Young (Concurrent Start) (G1 Evacuation Pause)
[2023-11-15T22:57:05.369+0000][7][gc,task     ] GC(239) Using 8 workers of 8 for evacuation
[2023-11-15T22:57:05.370+0000][7][gc,age      ] GC(239) Desired survivor size 18874368 bytes, new threshold 15 (max threshold 15)
[2023-11-15T22:57:05.376+0000][7][gc,age      ] GC(239) Age table with threshold 15 (max threshold 15)
[2023-11-15T22:57:05.376+0000][7][gc,age      ] GC(239) - age   1:    1685512 bytes,    1685512 total
[2023-11-15T22:57:05.376+0000][7][gc,age      ] GC(239) - age   2:    1023152 bytes,    2708664 total
[2023-11-15T22:57:05.376+0000][7][gc,age      ] GC(239) - age   3:     352104 bytes,    3060768 total
[2023-11-15T22:57:05.376+0000][7][gc,age      ] GC(239) - age   4:     435504 bytes,    3496272 total
[2023-11-15T22:57:05.376+0000][7][gc,age      ] GC(239) - age   5:    1199336 bytes,    4695608 total
[2023-11-15T22:57:05.376+0000][7][gc,age      ] GC(239) - age   6:     725312 bytes,    5420920 total
[2023-11-15T22:57:05.376+0000][7][gc,age      ] GC(239) - age   7:     217176 bytes,    5638096 total
[2023-11-15T22:57:05.376+0000][7][gc,age      ] GC(239) - age   8:     595600 bytes,    6233696 total
[2023-11-15T22:57:05.376+0000][7][gc,age      ] GC(239) - age   9:     299616 bytes,    6533312 total
[2023-11-15T22:57:05.376+0000][7][gc,age      ] GC(239) - age  10:     521376 bytes,    7054688 total
[2023-11-15T22:57:05.376+0000][7][gc,age      ] GC(239) - age  11:     266144 bytes,    7320832 total
[2023-11-15T22:57:05.376+0000][7][gc,age      ] GC(239) - age  12:     250960 bytes,    7571792 total
[2023-11-15T22:57:05.376+0000][7][gc,age      ] GC(239) - age  13:     726912 bytes,    8298704 total
[2023-11-15T22:57:05.376+0000][7][gc,age      ] GC(239) - age  14:     301976 bytes,    8600680 total
[2023-11-15T22:57:05.376+0000][7][gc,age      ] GC(239) - age  15:     301456 bytes,    8902136 total
[2023-11-15T22:57:05.376+0000][7][gc,phases   ] GC(239)   Pre Evacuate Collection Set: 0.4ms
[2023-11-15T22:57:05.376+0000][7][gc,phases   ] GC(239)   Merge Heap Roots: 0.1ms
[2023-11-15T22:57:05.376+0000][7][gc,phases   ] GC(239)   Evacuate Collection Set: 4.5ms
[2023-11-15T22:57:05.376+0000][7][gc,phases   ] GC(239)   Post Evacuate Collection Set: 1.3ms
[2023-11-15T22:57:05.377+0000][7][gc,phases   ] GC(239)   Other: 0.8ms
[2023-11-15T22:57:05.377+0000][7][gc,heap     ] GC(239) Eden regions: 65->0(65)
[2023-11-15T22:57:05.377+0000][7][gc,heap     ] GC(239) Survivor regions: 3->3(9)
[2023-11-15T22:57:05.377+0000][7][gc,heap     ] GC(239) Old regions: 30->30
[2023-11-15T22:57:05.377+0000][7][gc,heap     ] GC(239) Archive regions: 2->2
[2023-11-15T22:57:05.377+0000][7][gc,heap     ] GC(239) Humongous regions: 5->5
[2023-11-15T22:57:05.377+0000][7][gc,metaspace] GC(239) Metaspace: 117222K(118784K)->117222K(118784K) NonClass: 101726K(102656K)->101726K(102656K) Class: 15495K(16128K)->15495K(16128K)
[2023-11-15T22:57:05.377+0000][7][gc          ] GC(239) Pause Young (Concurrent Start) (G1 Evacuation Pause) 408M->149M(512M) 7.248ms
[2023-11-15T22:57:05.377+0000][7][gc,cpu      ] GC(239) User=0.04s Sys=0.00s Real=0.01s
[2023-11-15T22:57:05.377+0000][7][safepoint   ] Safepoint "G1CollectForAllocation", Time since last: 3538452175 ns, Reaching safepoint: 136702 ns, At safepoint: 7473112 ns, Total: 7609814 ns
[2023-11-15T22:57:05.377+0000][7][gc          ] GC(240) Concurrent Mark Cycle
[2023-11-15T22:57:05.377+0000][7][gc,marking  ] GC(240) Concurrent Clear Claimed Marks
[2023-11-15T22:57:05.377+0000][7][gc,marking  ] GC(240) Concurrent Clear Claimed Marks 0.181ms
[2023-11-15T22:57:05.377+0000][7][gc,marking  ] GC(240) Concurrent Scan Root Regions
[2023-11-15T22:57:05.381+0000][7][gc,marking  ] GC(240) Concurrent Scan Root Regions 3.507ms
[2023-11-15T22:57:05.381+0000][7][gc,marking  ] GC(240) Concurrent Mark
[2023-11-15T22:57:05.381+0000][7][gc,marking  ] GC(240) Concurrent Mark From Roots
[2023-11-15T22:57:05.381+0000][7][gc,task     ] GC(240) Using 2 workers of 2 for marking
[2023-11-15T22:57:05.477+0000][7][gc,marking  ] GC(240) Concurrent Mark From Roots 96.381ms
[2023-11-15T22:57:05.477+0000][7][gc,marking  ] GC(240) Concurrent Preclean
[2023-11-15T22:57:05.477+0000][7][gc,marking  ] GC(240) Concurrent Preclean 0.201ms
[2023-11-15T22:57:05.477+0000][7][gc,start    ] GC(240) Pause Remark
[2023-11-15T22:57:05.483+0000][7][gc          ] GC(240) Pause Remark 155M->155M(512M) 5.213ms
[2023-11-15T22:57:05.483+0000][7][gc,cpu      ] GC(240) User=0.03s Sys=0.00s Real=0.00s
[2023-11-15T22:57:05.483+0000][7][safepoint   ] Safepoint "G1Concurrent", Time since last: 100630315 ns, Reaching safepoint: 45227 ns, At safepoint: 5297266 ns, Total: 5342493 ns
[2023-11-15T22:57:05.483+0000][7][gc,marking  ] GC(240) Concurrent Mark 102.077ms
[2023-11-15T22:57:05.483+0000][7][gc,marking  ] GC(240) Concurrent Rebuild Remembered Sets
[2023-11-15T22:57:05.517+0000][7][gc,marking  ] GC(240) Concurrent Rebuild Remembered Sets 34.509ms
[2023-11-15T22:57:05.517+0000][7][gc,start    ] GC(240) Pause Cleanup
[2023-11-15T22:57:05.518+0000][7][gc          ] GC(240) Pause Cleanup 155M->155M(512M) 0.085ms
[2023-11-15T22:57:05.518+0000][7][gc,cpu      ] GC(240) User=0.00s Sys=0.00s Real=0.00s
[2023-11-15T22:57:05.518+0000][7][safepoint   ] Safepoint "G1Concurrent", Time since last: 34659623 ns, Reaching safepoint: 27912 ns, At safepoint: 123519 ns, Total: 151431 ns
[2023-11-15T22:57:05.518+0000][7][gc,marking  ] GC(240) Concurrent Cleanup for Next Mark
[2023-11-15T22:57:05.518+0000][7][gc,marking  ] GC(240) Concurrent Cleanup for Next Mark 0.507ms
[2023-11-15T22:57:05.518+0000][7][gc          ] GC(240) Concurrent Mark Cycle 141.393ms
[2023-11-15T22:57:09.518+0000][7][safepoint   ] Safepoint "Cleanup", Time since last: 4000475066 ns, Reaching safepoint: 106655 ns, At safepoint: 12760 ns, Total: 119415 ns
[2023-11-15T22:57:11.519+0000][7][safepoint   ] Safepoint "Cleanup", Time since last: 2000311702 ns, Reaching safepoint: 203546 ns, At safepoint: 23358 ns, Total: 226904 ns
[2023-11-15T22:57:14.519+0000][7][safepoint   ] Safepoint "Cleanup", Time since last: 3000311186 ns, Reaching safepoint: 35939 ns, At safepoint: 6025 ns, Total: 41964 ns
[2023-11-15T22:57:20.520+0000][7][safepoint   ] Safepoint "Cleanup", Time since last: 6000573596 ns, Reaching safepoint: 69972 ns, At safepoint: 11971 ns, Total: 81943 ns
[2023-11-15T22:57:20.833+0000][7][gc,start    ] GC(241) Pause Young (Normal) (G1 Evacuation Pause)
[2023-11-15T22:57:20.833+0000][7][gc,task     ] GC(241) Using 8 workers of 8 for evacuation
[2023-11-15T22:57:20.833+0000][7][gc,age      ] GC(241) Desired survivor size 18874368 bytes, new threshold 15 (max threshold 15)
[2023-11-15T22:57:20.838+0000][7][gc,age      ] GC(241) Age table with threshold 15 (max threshold 15)
[2023-11-15T22:57:20.838+0000][7][gc,age      ] GC(241) - age   1:    2658488 bytes,    2658488 total
[2023-11-15T22:57:20.838+0000][7][gc,age      ] GC(241) - age   2:     428552 bytes,    3087040 total
[2023-11-15T22:57:20.838+0000][7][gc,age      ] GC(241) - age   3:    1014232 bytes,    4101272 total
[2023-11-15T22:57:20.838+0000][7][gc,age      ] GC(241) - age   4:     351720 bytes,    4452992 total
[2023-11-15T22:57:20.838+0000][7][gc,age      ] GC(241) - age   5:     266864 bytes,    4719856 total
[2023-11-15T22:57:20.838+0000][7][gc,age      ] GC(241) - age   6:     269384 bytes,    4989240 total
[2023-11-15T22:57:20.838+0000][7][gc,age      ] GC(241) - age   7:     725312 bytes,    5714552 total
[2023-11-15T22:57:20.838+0000][7][gc,age      ] GC(241) - age   8:     217112 bytes,    5931664 total
[2023-11-15T22:57:20.838+0000][7][gc,age      ] GC(241) - age   9:     595600 bytes,    6527264 total
[2023-11-15T22:57:20.838+0000][7][gc,age      ] GC(241) - age  10:     299616 bytes,    6826880 total
[2023-11-15T22:57:20.838+0000][7][gc,age      ] GC(241) - age  11:     204648 bytes,    7031528 total
[2023-11-15T22:57:20.838+0000][7][gc,age      ] GC(241) - age  12:     266144 bytes,    7297672 total
[2023-11-15T22:57:20.838+0000][7][gc,age      ] GC(241) - age  13:     250896 bytes,    7548568 total
[2023-11-15T22:57:20.838+0000][7][gc,age      ] GC(241) - age  14:     726912 bytes,    8275480 total
[2023-11-15T22:57:20.838+0000][7][gc,age      ] GC(241) - age  15:     301976 bytes,    8577456 total
[2023-11-15T22:57:20.838+0000][7][gc,phases   ] GC(241)   Pre Evacuate Collection Set: 0.1ms
[2023-11-15T22:57:20.838+0000][7][gc,phases   ] GC(241)   Merge Heap Roots: 0.1ms
[2023-11-15T22:57:20.838+0000][7][gc,phases   ] GC(241)   Evacuate Collection Set: 3.8ms
[2023-11-15T22:57:20.838+0000][7][gc,phases   ] GC(241)   Post Evacuate Collection Set: 1.1ms
[2023-11-15T22:57:20.838+0000][7][gc,phases   ] GC(241)   Other: 0.5ms
[2023-11-15T22:57:20.838+0000][7][gc,heap     ] GC(241) Eden regions: 65->0(65)
[2023-11-15T22:57:20.838+0000][7][gc,heap     ] GC(241) Survivor regions: 3->3(9)
[2023-11-15T22:57:20.838+0000][7][gc,heap     ] GC(241) Old regions: 30->30
[2023-11-15T22:57:20.838+0000][7][gc,heap     ] GC(241) Archive regions: 2->2
[2023-11-15T22:57:20.838+0000][7][gc,heap     ] GC(241) Humongous regions: 5->5
[2023-11-15T22:57:20.839+0000][7][gc,metaspace] GC(241) Metaspace: 117229K(118848K)->117229K(118848K) NonClass: 101734K(102720K)->101734K(102720K) Class: 15495K(16128K)->15495K(16128K)
[2023-11-15T22:57:20.839+0000][7][gc          ] GC(241) Pause Young (Normal) (G1 Evacuation Pause) 409M->149M(512M) 5.734ms
[2023-11-15T22:57:20.839+0000][7][gc,cpu      ] GC(241) User=0.03s Sys=0.01s Real=0.01s
[2023-11-15T22:57:20.839+0000][7][safepoint   ] Safepoint "G1CollectForAllocation", Time since last: 312984731 ns, Reaching safepoint: 54231 ns, At safepoint: 5880566 ns, Total: 5934797 ns
[2023-11-15T22:57:36.962+0000][7][gc,start    ] GC(242) Pause Young (Concurrent Start) (G1 Evacuation Pause)
[2023-11-15T22:57:36.962+0000][7][gc,task     ] GC(242) Using 8 workers of 8 for evacuation
[2023-11-15T22:57:36.962+0000][7][gc,age      ] GC(242) Desired survivor size 18874368 bytes, new threshold 15 (max threshold 15)
[2023-11-15T22:57:36.966+0000][7][gc,age      ] GC(242) Age table with threshold 15 (max threshold 15)
[2023-11-15T22:57:36.966+0000][7][gc,age      ] GC(242) - age   1:    1591904 bytes,    1591904 total
[2023-11-15T22:57:36.966+0000][7][gc,age      ] GC(242) - age   2:    1689928 bytes,    3281832 total
[2023-11-15T22:57:36.966+0000][7][gc,age      ] GC(242) - age   3:     420416 bytes,    3702248 total
[2023-11-15T22:57:36.966+0000][7][gc,age      ] GC(242) - age   4:    1013688 bytes,    4715936 total
[2023-11-15T22:57:36.966+0000][7][gc,age      ] GC(242) - age   5:     350088 bytes,    5066024 total
[2023-11-15T22:57:36.966+0000][7][gc,age      ] GC(242) - age   6:     266520 bytes,    5332544 total
[2023-11-15T22:57:36.966+0000][7][gc,age      ] GC(242) - age   7:     267272 bytes,    5599816 total
[2023-11-15T22:57:36.966+0000][7][gc,age      ] GC(242) - age   8:     724808 bytes,    6324624 total
[2023-11-15T22:57:36.966+0000][7][gc,age      ] GC(242) - age   9:     216920 bytes,    6541544 total
[2023-11-15T22:57:36.966+0000][7][gc,age      ] GC(242) - age  10:     233160 bytes,    6774704 total
[2023-11-15T22:57:36.966+0000][7][gc,age      ] GC(242) - age  11:     299616 bytes,    7074320 total
[2023-11-15T22:57:36.966+0000][7][gc,age      ] GC(242) - age  12:     204648 bytes,    7278968 total
[2023-11-15T22:57:36.966+0000][7][gc,age      ] GC(242) - age  13:     266144 bytes,    7545112 total
[2023-11-15T22:57:36.966+0000][7][gc,age      ] GC(242) - age  14:     250896 bytes,    7796008 total
[2023-11-15T22:57:36.966+0000][7][gc,age      ] GC(242) - age  15:     726912 bytes,    8522920 total
[2023-11-15T22:57:36.966+0000][7][gc,phases   ] GC(242)   Pre Evacuate Collection Set: 0.2ms
[2023-11-15T22:57:36.966+0000][7][gc,phases   ] GC(242)   Merge Heap Roots: 0.1ms
[2023-11-15T22:57:36.966+0000][7][gc,phases   ] GC(242)   Evacuate Collection Set: 3.1ms
[2023-11-15T22:57:36.966+0000][7][gc,phases   ] GC(242)   Post Evacuate Collection Set: 0.9ms
[2023-11-15T22:57:36.966+0000][7][gc,phases   ] GC(242)   Other: 0.5ms
[2023-11-15T22:57:36.966+0000][7][gc,heap     ] GC(242) Eden regions: 65->0(65)
[2023-11-15T22:57:36.966+0000][7][gc,heap     ] GC(242) Survivor regions: 3->3(9)
[2023-11-15T22:57:36.966+0000][7][gc,heap     ] GC(242) Old regions: 30->30
[2023-11-15T22:57:36.966+0000][7][gc,heap     ] GC(242) Archive regions: 2->2
[2023-11-15T22:57:36.966+0000][7][gc,heap     ] GC(242) Humongous regions: 5->5
[2023-11-15T22:57:36.966+0000][7][gc,metaspace] GC(242) Metaspace: 117229K(118848K)->117229K(118848K) NonClass: 101734K(102720K)->101734K(102720K) Class: 15495K(16128K)->15495K(16128K)
[2023-11-15T22:57:36.967+0000][7][gc          ] GC(242) Pause Young (Concurrent Start) (G1 Evacuation Pause) 409M->149M(512M) 4.855ms
[2023-11-15T22:57:36.967+0000][7][gc,cpu      ] GC(242) User=0.02s Sys=0.00s Real=0.01s
[2023-11-15T22:57:36.967+0000][7][gc          ] GC(243) Concurrent Mark Cycle
[2023-11-15T22:57:36.967+0000][7][gc,marking  ] GC(243) Concurrent Clear Claimed Marks
[2023-11-15T22:57:36.967+0000][7][safepoint   ] Safepoint "G1CollectForAllocation", Time since last: 16122939777 ns, Reaching safepoint: 59364 ns, At safepoint: 4991317 ns, Total: 5050681 ns
[2023-11-15T22:57:36.967+0000][7][gc,marking  ] GC(243) Concurrent Clear Claimed Marks 0.115ms
[2023-11-15T22:57:36.967+0000][7][gc,marking  ] GC(243) Concurrent Scan Root Regions
[2023-11-15T22:57:36.969+0000][7][gc,marking  ] GC(243) Concurrent Scan Root Regions 2.011ms
[2023-11-15T22:57:36.969+0000][7][gc,marking  ] GC(243) Concurrent Mark
[2023-11-15T22:57:36.969+0000][7][gc,marking  ] GC(243) Concurrent Mark From Roots
[2023-11-15T22:57:36.969+0000][7][gc,task     ] GC(243) Using 2 workers of 2 for marking
[2023-11-15T22:57:37.046+0000][7][gc,marking  ] GC(243) Concurrent Mark From Roots 77.539ms
[2023-11-15T22:57:37.046+0000][7][gc,marking  ] GC(243) Concurrent Preclean
[2023-11-15T22:57:37.047+0000][7][gc,marking  ] GC(243) Concurrent Preclean 0.194ms
[2023-11-15T22:57:37.047+0000][7][gc,start    ] GC(243) Pause Remark
[2023-11-15T22:57:37.052+0000][7][gc          ] GC(243) Pause Remark 152M->152M(512M) 5.146ms
[2023-11-15T22:57:37.052+0000][7][gc,cpu      ] GC(243) User=0.04s Sys=0.00s Real=0.00s
[2023-11-15T22:57:37.052+0000][7][safepoint   ] Safepoint "G1Concurrent", Time since last: 80030243 ns, Reaching safepoint: 19891 ns, At safepoint: 5219901 ns, Total: 5239792 ns
[2023-11-15T22:57:37.052+0000][7][gc,marking  ] GC(243) Concurrent Mark 83.073ms
[2023-11-15T22:57:37.052+0000][7][gc,marking  ] GC(243) Concurrent Rebuild Remembered Sets
[2023-11-15T22:57:37.085+0000][7][gc,marking  ] GC(243) Concurrent Rebuild Remembered Sets 33.096ms
[2023-11-15T22:57:37.085+0000][7][gc,start    ] GC(243) Pause Cleanup
[2023-11-15T22:57:37.085+0000][7][gc          ] GC(243) Pause Cleanup 152M->152M(512M) 0.078ms
[2023-11-15T22:57:37.085+0000][7][gc,cpu      ] GC(243) User=0.00s Sys=0.00s Real=0.00s
[2023-11-15T22:57:37.085+0000][7][safepoint   ] Safepoint "G1Concurrent", Time since last: 33163333 ns, Reaching safepoint: 45303 ns, At safepoint: 154425 ns, Total: 199728 ns
[2023-11-15T22:57:37.085+0000][7][gc,marking  ] GC(243) Concurrent Cleanup for Next Mark
[2023-11-15T22:57:37.086+0000][7][gc,marking  ] GC(243) Concurrent Cleanup for Next Mark 0.416ms
[2023-11-15T22:57:37.086+0000][7][gc          ] GC(243) Concurrent Mark Cycle 119.119ms
[2023-11-15T22:57:52.933+0000][7][gc,start    ] GC(244) Pause Young (Normal) (G1 Evacuation Pause)
[2023-11-15T22:57:52.933+0000][7][gc,task     ] GC(244) Using 8 workers of 8 for evacuation
[2023-11-15T22:57:52.934+0000][7][gc,age      ] GC(244) Desired survivor size 18874368 bytes, new threshold 15 (max threshold 15)
[2023-11-15T22:57:52.937+0000][7][gc,age      ] GC(244) Age table with threshold 15 (max threshold 15)
[2023-11-15T22:57:52.937+0000][7][gc,age      ] GC(244) - age   1:    1228888 bytes,    1228888 total
[2023-11-15T22:57:52.937+0000][7][gc,age      ] GC(244) - age   2:     898792 bytes,    2127680 total
[2023-11-15T22:57:52.937+0000][7][gc,age      ] GC(244) - age   3:    1638304 bytes,    3765984 total
[2023-11-15T22:57:52.937+0000][7][gc,age      ] GC(244) - age   4:     310848 bytes,    4076832 total
[2023-11-15T22:57:52.937+0000][7][gc,age      ] GC(244) - age   5:    1013240 bytes,    5090072 total
[2023-11-15T22:57:52.937+0000][7][gc,age      ] GC(244) - age   6:     349960 bytes,    5440032 total
[2023-11-15T22:57:52.937+0000][7][gc,age      ] GC(244) - age   7:     266360 bytes,    5706392 total
[2023-11-15T22:57:52.937+0000][7][gc,age      ] GC(244) - age   8:     267272 bytes,    5973664 total
[2023-11-15T22:57:52.937+0000][7][gc,age      ] GC(244) - age   9:     724808 bytes,    6698472 total
[2023-11-15T22:57:52.937+0000][7][gc,age      ] GC(244) - age  10:     216920 bytes,    6915392 total
[2023-11-15T22:57:52.937+0000][7][gc,age      ] GC(244) - age  11:     233160 bytes,    7148552 total
[2023-11-15T22:57:52.937+0000][7][gc,age      ] GC(244) - age  12:     299616 bytes,    7448168 total
[2023-11-15T22:57:52.937+0000][7][gc,age      ] GC(244) - age  13:     204648 bytes,    7652816 total
[2023-11-15T22:57:52.937+0000][7][gc,age      ] GC(244) - age  14:     266144 bytes,    7918960 total
[2023-11-15T22:57:52.937+0000][7][gc,age      ] GC(244) - age  15:     250896 bytes,    8169856 total
[2023-11-15T22:57:52.937+0000][7][gc,phases   ] GC(244)   Pre Evacuate Collection Set: 0.1ms
[2023-11-15T22:57:52.937+0000][7][gc,phases   ] GC(244)   Merge Heap Roots: 0.0ms
[2023-11-15T22:57:52.937+0000][7][gc,phases   ] GC(244)   Evacuate Collection Set: 2.4ms
[2023-11-15T22:57:52.937+0000][7][gc,phases   ] GC(244)   Post Evacuate Collection Set: 0.5ms
[2023-11-15T22:57:52.937+0000][7][gc,phases   ] GC(244)   Other: 0.5ms
[2023-11-15T22:57:52.937+0000][7][gc,heap     ] GC(244) Eden regions: 65->0(67)
[2023-11-15T22:57:52.937+0000][7][gc,heap     ] GC(244) Survivor regions: 3->2(9)
[2023-11-15T22:57:52.937+0000][7][gc,heap     ] GC(244) Old regions: 30->30
[2023-11-15T22:57:52.937+0000][7][gc,heap     ] GC(244) Archive regions: 2->2
[2023-11-15T22:57:52.937+0000][7][gc,heap     ] GC(244) Humongous regions: 5->5
[2023-11-15T22:57:52.937+0000][7][gc,metaspace] GC(244) Metaspace: 117240K(118848K)->117240K(118848K) NonClass: 101744K(102720K)->101744K(102720K) Class: 15495K(16128K)->15495K(16128K)
[2023-11-15T22:57:52.937+0000][7][gc          ] GC(244) Pause Young (Normal) (G1 Evacuation Pause) 409M->149M(512M) 3.557ms
[2023-11-15T22:57:52.937+0000][7][gc,cpu      ] GC(244) User=0.02s Sys=0.00s Real=0.01s
[2023-11-15T22:57:52.937+0000][7][safepoint   ] Safepoint "G1CollectForAllocation", Time since last: 15847807851 ns, Reaching safepoint: 29812 ns, At safepoint: 3621404 ns, Total: 3651216 ns
[2023-11-15T22:58:01.938+0000][7][safepoint   ] Safepoint "Cleanup", Time since last: 9001115788 ns, Reaching safepoint: 137286 ns, At safepoint: 13313 ns, Total: 150599 ns
[2023-11-15T22:58:02.938+0000][7][safepoint   ] Safepoint "Cleanup", Time since last: 1000194972 ns, Reaching safepoint: 110618 ns, At safepoint: 20699 ns, Total: 131317 ns
[2023-11-15T22:58:10.691+0000][7][gc,start    ] GC(245) Pause Young (Concurrent Start) (G1 Evacuation Pause)
[2023-11-15T22:58:10.691+0000][7][gc,task     ] GC(245) Using 8 workers of 8 for evacuation
[2023-11-15T22:58:10.691+0000][7][gc,age      ] GC(245) Desired survivor size 18874368 bytes, new threshold 15 (max threshold 15)
[2023-11-15T22:58:10.697+0000][7][gc,age      ] GC(245) Age table with threshold 15 (max threshold 15)
[2023-11-15T22:58:10.697+0000][7][gc,age      ] GC(245) - age   1:    2163752 bytes,    2163752 total
[2023-11-15T22:58:10.697+0000][7][gc,age      ] GC(245) - age   2:     237232 bytes,    2400984 total
[2023-11-15T22:58:10.697+0000][7][gc,age      ] GC(245) - age   3:     886976 bytes,    3287960 total
[2023-11-15T22:58:10.697+0000][7][gc,age      ] GC(245) - age   4:    1281208 bytes,    4569168 total
[2023-11-15T22:58:10.697+0000][7][gc,age      ] GC(245) - age   5:     310296 bytes,    4879464 total
[2023-11-15T22:58:10.697+0000][7][gc,age      ] GC(245) - age   6:     262784 bytes,    5142248 total
[2023-11-15T22:58:10.697+0000][7][gc,age      ] GC(245) - age   7:     349960 bytes,    5492208 total
[2023-11-15T22:58:10.697+0000][7][gc,age      ] GC(245) - age   8:     266048 bytes,    5758256 total
[2023-11-15T22:58:10.697+0000][7][gc,age      ] GC(245) - age   9:     267272 bytes,    6025528 total
[2023-11-15T22:58:10.697+0000][7][gc,age      ] GC(245) - age  10:     724808 bytes,    6750336 total
[2023-11-15T22:58:10.697+0000][7][gc,age      ] GC(245) - age  11:     216608 bytes,    6966944 total
[2023-11-15T22:58:10.697+0000][7][gc,age      ] GC(245) - age  12:     233160 bytes,    7200104 total
[2023-11-15T22:58:10.697+0000][7][gc,age      ] GC(245) - age  13:     299616 bytes,    7499720 total
[2023-11-15T22:58:10.697+0000][7][gc,age      ] GC(245) - age  14:     204648 bytes,    7704368 total
[2023-11-15T22:58:10.697+0000][7][gc,age      ] GC(245) - age  15:     266144 bytes,    7970512 total
[2023-11-15T22:58:10.697+0000][7][gc,phases   ] GC(245)   Pre Evacuate Collection Set: 0.3ms
[2023-11-15T22:58:10.697+0000][7][gc,phases   ] GC(245)   Merge Heap Roots: 0.2ms
[2023-11-15T22:58:10.697+0000][7][gc,phases   ] GC(245)   Evacuate Collection Set: 3.8ms
[2023-11-15T22:58:10.697+0000][7][gc,phases   ] GC(245)   Post Evacuate Collection Set: 1.4ms
[2023-11-15T22:58:10.697+0000][7][gc,phases   ] GC(245)   Other: 0.6ms
[2023-11-15T22:58:10.697+0000][7][gc,heap     ] GC(245) Eden regions: 67->0(67)
[2023-11-15T22:58:10.697+0000][7][gc,heap     ] GC(245) Survivor regions: 2->2(9)
[2023-11-15T22:58:10.697+0000][7][gc,heap     ] GC(245) Old regions: 30->30
[2023-11-15T22:58:10.697+0000][7][gc,heap     ] GC(245) Archive regions: 2->2
[2023-11-15T22:58:10.697+0000][7][gc,heap     ] GC(245) Humongous regions: 5->5
[2023-11-15T22:58:10.697+0000][7][gc,metaspace] GC(245) Metaspace: 117250K(118848K)->117250K(118848K) NonClass: 101755K(102720K)->101755K(102720K) Class: 15495K(16128K)->15495K(16128K)
[2023-11-15T22:58:10.697+0000][7][gc          ] GC(245) Pause Young (Concurrent Start) (G1 Evacuation Pause) 417M->149M(512M) 6.309ms
[2023-11-15T22:58:10.697+0000][7][gc,cpu      ] GC(245) User=0.03s Sys=0.00s Real=0.01s
[2023-11-15T22:58:10.697+0000][7][gc          ] GC(246) Concurrent Mark Cycle
[2023-11-15T22:58:10.697+0000][7][gc,marking  ] GC(246) Concurrent Clear Claimed Marks
[2023-11-15T22:58:10.697+0000][7][safepoint   ] Safepoint "G1CollectForAllocation", Time since last: 7752335244 ns, Reaching safepoint: 60674 ns, At safepoint: 6501828 ns, Total: 6562502 ns
[2023-11-15T22:58:10.697+0000][7][gc,marking  ] GC(246) Concurrent Clear Claimed Marks 0.167ms
[2023-11-15T22:58:10.697+0000][7][gc,marking  ] GC(246) Concurrent Scan Root Regions
[2023-11-15T22:58:10.701+0000][7][gc,marking  ] GC(246) Concurrent Scan Root Regions 3.070ms
[2023-11-15T22:58:10.701+0000][7][gc,marking  ] GC(246) Concurrent Mark
[2023-11-15T22:58:10.701+0000][7][gc,marking  ] GC(246) Concurrent Mark From Roots
[2023-11-15T22:58:10.701+0000][7][gc,task     ] GC(246) Using 2 workers of 2 for marking
[2023-11-15T22:58:10.789+0000][7][gc,marking  ] GC(246) Concurrent Mark From Roots 88.413ms
[2023-11-15T22:58:10.789+0000][7][gc,marking  ] GC(246) Concurrent Preclean
[2023-11-15T22:58:10.789+0000][7][gc,marking  ] GC(246) Concurrent Preclean 0.283ms
[2023-11-15T22:58:10.789+0000][7][gc,start    ] GC(246) Pause Remark
[2023-11-15T22:58:10.796+0000][7][gc          ] GC(246) Pause Remark 153M->153M(512M) 6.083ms
[2023-11-15T22:58:10.796+0000][7][gc,cpu      ] GC(246) User=0.04s Sys=0.00s Real=0.01s
[2023-11-15T22:58:10.796+0000][7][safepoint   ] Safepoint "G1Concurrent", Time since last: 92198132 ns, Reaching safepoint: 42951 ns, At safepoint: 6161832 ns, Total: 6204783 ns
[2023-11-15T22:58:10.796+0000][7][gc,marking  ] GC(246) Concurrent Mark 95.084ms
[2023-11-15T22:58:10.796+0000][7][gc,marking  ] GC(246) Concurrent Rebuild Remembered Sets
[2023-11-15T22:58:10.830+0000][7][gc,marking  ] GC(246) Concurrent Rebuild Remembered Sets 33.851ms
[2023-11-15T22:58:10.830+0000][7][gc,start    ] GC(246) Pause Cleanup
[2023-11-15T22:58:10.830+0000][7][gc          ] GC(246) Pause Cleanup 157M->157M(512M) 0.183ms
[2023-11-15T22:58:10.830+0000][7][gc,cpu      ] GC(246) User=0.00s Sys=0.00s Real=0.00s
[2023-11-15T22:58:10.830+0000][7][safepoint   ] Safepoint "G1Concurrent", Time since last: 34021620 ns, Reaching safepoint: 26755 ns, At safepoint: 220899 ns, Total: 247654 ns
[2023-11-15T22:58:10.830+0000][7][gc,marking  ] GC(246) Concurrent Cleanup for Next Mark
[2023-11-15T22:58:10.830+0000][7][gc,marking  ] GC(246) Concurrent Cleanup for Next Mark 0.319ms
[2023-11-15T22:58:10.830+0000][7][gc          ] GC(246) Concurrent Mark Cycle 133.104ms
[2023-11-15T22:58:18.831+0000][7][safepoint   ] Safepoint "Cleanup", Time since last: 8000850785 ns, Reaching safepoint: 121995 ns, At safepoint: 17783 ns, Total: 139778 ns
[2023-11-15T22:58:26.665+0000][7][gc,start    ] GC(247) Pause Young (Normal) (G1 Evacuation Pause)
[2023-11-15T22:58:26.665+0000][7][gc,task     ] GC(247) Using 8 workers of 8 for evacuation
[2023-11-15T22:58:26.665+0000][7][gc,age      ] GC(247) Desired survivor size 18874368 bytes, new threshold 15 (max threshold 15)
[2023-11-15T22:58:26.671+0000][7][gc,age      ] GC(247) Age table with threshold 15 (max threshold 15)
[2023-11-15T22:58:26.671+0000][7][gc,age      ] GC(247) - age   1:    1559384 bytes,    1559384 total
[2023-11-15T22:58:26.671+0000][7][gc,age      ] GC(247) - age   2:    1577376 bytes,    3136760 total
[2023-11-15T22:58:26.671+0000][7][gc,age      ] GC(247) - age   3:     235688 bytes,    3372448 total
[2023-11-15T22:58:26.671+0000][7][gc,age      ] GC(247) - age   4:     870312 bytes,    4242760 total
[2023-11-15T22:58:26.671+0000][7][gc,age      ] GC(247) - age   5:    1280440 bytes,    5523200 total
[2023-11-15T22:58:26.671+0000][7][gc,age      ] GC(247) - age   6:     204992 bytes,    5728192 total
[2023-11-15T22:58:26.671+0000][7][gc,age      ] GC(247) - age   7:     261536 bytes,    5989728 total
[2023-11-15T22:58:26.671+0000][7][gc,age      ] GC(247) - age   8:     271880 bytes,    6261608 total
[2023-11-15T22:58:26.671+0000][7][gc,age      ] GC(247) - age   9:     266048 bytes,    6527656 total
[2023-11-15T22:58:26.671+0000][7][gc,age      ] GC(247) - age  10:     267240 bytes,    6794896 total
[2023-11-15T22:58:26.671+0000][7][gc,age      ] GC(247) - age  11:     724808 bytes,    7519704 total
[2023-11-15T22:58:26.671+0000][7][gc,age      ] GC(247) - age  12:     216608 bytes,    7736312 total
[2023-11-15T22:58:26.671+0000][7][gc,age      ] GC(247) - age  13:     233160 bytes,    7969472 total
[2023-11-15T22:58:26.672+0000][7][gc,age      ] GC(247) - age  14:     299616 bytes,    8269088 total
[2023-11-15T22:58:26.672+0000][7][gc,age      ] GC(247) - age  15:     204648 bytes,    8473736 total
[2023-11-15T22:58:26.672+0000][7][gc,phases   ] GC(247)   Pre Evacuate Collection Set: 0.2ms
[2023-11-15T22:58:26.672+0000][7][gc,phases   ] GC(247)   Merge Heap Roots: 0.2ms
[2023-11-15T22:58:26.672+0000][7][gc,phases   ] GC(247)   Evacuate Collection Set: 4.7ms
[2023-11-15T22:58:26.672+0000][7][gc,phases   ] GC(247)   Post Evacuate Collection Set: 1.4ms
[2023-11-15T22:58:26.672+0000][7][gc,phases   ] GC(247)   Other: 0.7ms
[2023-11-15T22:58:26.672+0000][7][gc,heap     ] GC(247) Eden regions: 67->0(65)
[2023-11-15T22:58:26.672+0000][7][gc,heap     ] GC(247) Survivor regions: 2->3(9)
[2023-11-15T22:58:26.672+0000][7][gc,heap     ] GC(247) Old regions: 30->30
[2023-11-15T22:58:26.672+0000][7][gc,heap     ] GC(247) Archive regions: 2->2
[2023-11-15T22:58:26.672+0000][7][gc,heap     ] GC(247) Humongous regions: 5->5
[2023-11-15T22:58:26.672+0000][7][gc,metaspace] GC(247) Metaspace: 117250K(118848K)->117250K(118848K) NonClass: 101755K(102720K)->101755K(102720K) Class: 15495K(16128K)->15495K(16128K)
[2023-11-15T22:58:26.672+0000][7][gc          ] GC(247) Pause Young (Normal) (G1 Evacuation Pause) 417M->150M(512M) 7.342ms
[2023-11-15T22:58:26.672+0000][7][gc,cpu      ] GC(247) User=0.03s Sys=0.01s Real=0.01s
[2023-11-15T22:58:26.672+0000][7][safepoint   ] Safepoint "G1CollectForAllocation", Time since last: 7833495207 ns, Reaching safepoint: 82613 ns, At safepoint: 7557708 ns, Total: 7640321 ns
[2023-11-15T22:58:42.204+0000][7][gc,start    ] GC(248) Pause Young (Concurrent Start) (G1 Evacuation Pause)
[2023-11-15T22:58:42.204+0000][7][gc,task     ] GC(248) Using 8 workers of 8 for evacuation
[2023-11-15T22:58:42.204+0000][7][gc,age      ] GC(248) Desired survivor size 18874368 bytes, new threshold 15 (max threshold 15)
[2023-11-15T22:58:42.211+0000][7][gc,age      ] GC(248) Age table with threshold 15 (max threshold 15)
[2023-11-15T22:58:42.211+0000][7][gc,age      ] GC(248) - age   1:    2739136 bytes,    2739136 total
[2023-11-15T22:58:42.211+0000][7][gc,age      ] GC(248) - age   2:     636896 bytes,    3376032 total
[2023-11-15T22:58:42.211+0000][7][gc,age      ] GC(248) - age   3:    1562560 bytes,    4938592 total
[2023-11-15T22:58:42.211+0000][7][gc,age      ] GC(248) - age   4:     234496 bytes,    5173088 total
[2023-11-15T22:58:42.211+0000][7][gc,age      ] GC(248) - age   5:     336344 bytes,    5509432 total
[2023-11-15T22:58:42.211+0000][7][gc,age      ] GC(248) - age   6:     234312 bytes,    5743744 total
[2023-11-15T22:58:42.211+0000][7][gc,age      ] GC(248) - age   7:     204864 bytes,    5948608 total
[2023-11-15T22:58:42.211+0000][7][gc,age      ] GC(248) - age   8:     261536 bytes,    6210144 total
[2023-11-15T22:58:42.211+0000][7][gc,age      ] GC(248) - age   9:     271696 bytes,    6481840 total
[2023-11-15T22:58:42.211+0000][7][gc,age      ] GC(248) - age  10:     266048 bytes,    6747888 total
[2023-11-15T22:58:42.211+0000][7][gc,age      ] GC(248) - age  11:     267240 bytes,    7015128 total
[2023-11-15T22:58:42.211+0000][7][gc,age      ] GC(248) - age  12:     724808 bytes,    7739936 total
[2023-11-15T22:58:42.211+0000][7][gc,age      ] GC(248) - age  13:     216608 bytes,    7956544 total
[2023-11-15T22:58:42.211+0000][7][gc,age      ] GC(248) - age  14:     233160 bytes,    8189704 total
[2023-11-15T22:58:42.211+0000][7][gc,age      ] GC(248) - age  15:     299616 bytes,    8489320 total
[2023-11-15T22:58:42.211+0000][7][gc,phases   ] GC(248)   Pre Evacuate Collection Set: 0.6ms
[2023-11-15T22:58:42.211+0000][7][gc,phases   ] GC(248)   Merge Heap Roots: 0.1ms
[2023-11-15T22:58:42.211+0000][7][gc,phases   ] GC(248)   Evacuate Collection Set: 4.3ms
[2023-11-15T22:58:42.211+0000][7][gc,phases   ] GC(248)   Post Evacuate Collection Set: 1.2ms
[2023-11-15T22:58:42.211+0000][7][gc,phases   ] GC(248)   Other: 0.7ms
[2023-11-15T22:58:42.211+0000][7][gc,heap     ] GC(248) Eden regions: 65->0(65)
[2023-11-15T22:58:42.211+0000][7][gc,heap     ] GC(248) Survivor regions: 3->3(9)
[2023-11-15T22:58:42.211+0000][7][gc,heap     ] GC(248) Old regions: 30->30
[2023-11-15T22:58:42.211+0000][7][gc,heap     ] GC(248) Archive regions: 2->2
[2023-11-15T22:58:42.211+0000][7][gc,heap     ] GC(248) Humongous regions: 5->5
[2023-11-15T22:58:42.211+0000][7][gc,metaspace] GC(248) Metaspace: 117250K(118848K)->117250K(118848K) NonClass: 101755K(102720K)->101755K(102720K) Class: 15495K(16128K)->15495K(16128K)
[2023-11-15T22:58:42.211+0000][7][gc          ] GC(248) Pause Young (Concurrent Start) (G1 Evacuation Pause) 410M->150M(512M) 7.124ms
[2023-11-15T22:58:42.211+0000][7][gc,cpu      ] GC(248) User=0.03s Sys=0.00s Real=0.01s
[2023-11-15T22:58:42.211+0000][7][gc          ] GC(249) Concurrent Mark Cycle
[2023-11-15T22:58:42.211+0000][7][safepoint   ] Safepoint "G1CollectForAllocation", Time since last: 15531746143 ns, Reaching safepoint: 139094 ns, At safepoint: 7361071 ns, Total: 7500165 ns
[2023-11-15T22:58:42.211+0000][7][gc,marking  ] GC(249) Concurrent Clear Claimed Marks
[2023-11-15T22:58:42.212+0000][7][gc,marking  ] GC(249) Concurrent Clear Claimed Marks 0.386ms
[2023-11-15T22:58:42.212+0000][7][gc,marking  ] GC(249) Concurrent Scan Root Regions
[2023-11-15T22:58:42.217+0000][7][gc,marking  ] GC(249) Concurrent Scan Root Regions 4.888ms
[2023-11-15T22:58:42.217+0000][7][gc,marking  ] GC(249) Concurrent Mark
[2023-11-15T22:58:42.217+0000][7][gc,marking  ] GC(249) Concurrent Mark From Roots
[2023-11-15T22:58:42.217+0000][7][gc,task     ] GC(249) Using 2 workers of 2 for marking
[2023-11-15T22:58:42.300+0000][7][gc,marking  ] GC(249) Concurrent Mark From Roots 82.922ms
[2023-11-15T22:58:42.300+0000][7][gc,marking  ] GC(249) Concurrent Preclean
[2023-11-15T22:58:42.300+0000][7][gc,marking  ] GC(249) Concurrent Preclean 0.186ms
[2023-11-15T22:58:42.300+0000][7][gc,start    ] GC(249) Pause Remark
[2023-11-15T22:58:42.308+0000][7][gc          ] GC(249) Pause Remark 153M->153M(512M) 8.366ms
[2023-11-15T22:58:42.308+0000][7][gc,cpu      ] GC(249) User=0.05s Sys=0.00s Real=0.01s
[2023-11-15T22:58:42.308+0000][7][safepoint   ] Safepoint "G1Concurrent", Time since last: 88682885 ns, Reaching safepoint: 24378 ns, At safepoint: 8468584 ns, Total: 8492962 ns
[2023-11-15T22:58:42.308+0000][7][gc,marking  ] GC(249) Concurrent Mark 91.724ms
[2023-11-15T22:58:42.308+0000][7][gc,marking  ] GC(249) Concurrent Rebuild Remembered Sets
[2023-11-15T22:58:42.348+0000][7][gc,marking  ] GC(249) Concurrent Rebuild Remembered Sets 39.388ms
[2023-11-15T22:58:42.348+0000][7][gc,start    ] GC(249) Pause Cleanup
[2023-11-15T22:58:42.348+0000][7][gc          ] GC(249) Pause Cleanup 153M->153M(512M) 0.109ms
[2023-11-15T22:58:42.348+0000][7][gc,cpu      ] GC(249) User=0.00s Sys=0.00s Real=0.00s
[2023-11-15T22:58:42.348+0000][7][safepoint   ] Safepoint "G1Concurrent", Time since last: 39486387 ns, Reaching safepoint: 102479 ns, At safepoint: 176675 ns, Total: 279154 ns
[2023-11-15T22:58:42.348+0000][7][gc,marking  ] GC(249) Concurrent Cleanup for Next Mark
[2023-11-15T22:58:42.350+0000][7][gc,marking  ] GC(249) Concurrent Cleanup for Next Mark 1.301ms
[2023-11-15T22:58:42.350+0000][7][gc          ] GC(249) Concurrent Mark Cycle 138.379ms
[2023-11-15T22:58:47.349+0000][7][safepoint   ] Safepoint "Cleanup", Time since last: 5000553529 ns, Reaching safepoint: 53036 ns, At safepoint: 6518 ns, Total: 59554 ns
[2023-11-15T22:58:56.350+0000][7][safepoint   ] Safepoint "Cleanup", Time since last: 9001222212 ns, Reaching safepoint: 234734 ns, At safepoint: 14334 ns, Total: 249068 ns
[2023-11-15T22:58:59.100+0000][7][gc,start    ] GC(250) Pause Young (Normal) (G1 Evacuation Pause)
[2023-11-15T22:58:59.100+0000][7][gc,task     ] GC(250) Using 8 workers of 8 for evacuation
[2023-11-15T22:58:59.100+0000][7][gc,age      ] GC(250) Desired survivor size 18874368 bytes, new threshold 15 (max threshold 15)
[2023-11-15T22:58:59.107+0000][7][gc,age      ] GC(250) Age table with threshold 15 (max threshold 15)
[2023-11-15T22:58:59.107+0000][7][gc,age      ] GC(250) - age   1:    1194856 bytes,    1194856 total
[2023-11-15T22:58:59.107+0000][7][gc,age      ] GC(250) - age   2:    2044728 bytes,    3239584 total
[2023-11-15T22:58:59.107+0000][7][gc,age      ] GC(250) - age   3:     476488 bytes,    3716072 total
[2023-11-15T22:58:59.107+0000][7][gc,age      ] GC(250) - age   4:    1562208 bytes,    5278280 total
[2023-11-15T22:58:59.107+0000][7][gc,age      ] GC(250) - age   5:     234272 bytes,    5512552 total
[2023-11-15T22:58:59.107+0000][7][gc,age      ] GC(250) - age   6:     333760 bytes,    5846312 total
[2023-11-15T22:58:59.107+0000][7][gc,age      ] GC(250) - age   7:     234264 bytes,    6080576 total
[2023-11-15T22:58:59.107+0000][7][gc,age      ] GC(250) - age   8:     204800 bytes,    6285376 total
[2023-11-15T22:58:59.107+0000][7][gc,age      ] GC(250) - age   9:     261472 bytes,    6546848 total
[2023-11-15T22:58:59.107+0000][7][gc,age      ] GC(250) - age  10:     271696 bytes,    6818544 total
[2023-11-15T22:58:59.107+0000][7][gc,age      ] GC(250) - age  11:     266048 bytes,    7084592 total
[2023-11-15T22:58:59.107+0000][7][gc,age      ] GC(250) - age  12:     267240 bytes,    7351832 total
[2023-11-15T22:58:59.107+0000][7][gc,age      ] GC(250) - age  13:     724808 bytes,    8076640 total
[2023-11-15T22:58:59.107+0000][7][gc,age      ] GC(250) - age  14:     216608 bytes,    8293248 total
[2023-11-15T22:58:59.107+0000][7][gc,age      ] GC(250) - age  15:     233160 bytes,    8526408 total
[2023-11-15T22:58:59.107+0000][7][gc,phases   ] GC(250)   Pre Evacuate Collection Set: 0.2ms
[2023-11-15T22:58:59.107+0000][7][gc,phases   ] GC(250)   Merge Heap Roots: 0.2ms
[2023-11-15T22:58:59.108+0000][7][gc,phases   ] GC(250)   Evacuate Collection Set: 4.7ms
[2023-11-15T22:58:59.108+0000][7][gc,phases   ] GC(250)   Post Evacuate Collection Set: 1.5ms
[2023-11-15T22:58:59.108+0000][7][gc,phases   ] GC(250)   Other: 0.6ms
[2023-11-15T22:58:59.108+0000][7][gc,heap     ] GC(250) Eden regions: 65->0(65)
[2023-11-15T22:58:59.108+0000][7][gc,heap     ] GC(250) Survivor regions: 3->3(9)
[2023-11-15T22:58:59.108+0000][7][gc,heap     ] GC(250) Old regions: 30->30
[2023-11-15T22:58:59.108+0000][7][gc,heap     ] GC(250) Archive regions: 2->2
[2023-11-15T22:58:59.108+0000][7][gc,heap     ] GC(250) Humongous regions: 5->5
[2023-11-15T22:58:59.108+0000][7][gc,metaspace] GC(250) Metaspace: 117254K(118848K)->117254K(118848K) NonClass: 101758K(102720K)->101758K(102720K) Class: 15495K(16128K)->15495K(16128K)
[2023-11-15T22:58:59.108+0000][7][gc          ] GC(250) Pause Young (Normal) (G1 Evacuation Pause) 410M->151M(512M) 7.436ms
[2023-11-15T22:58:59.108+0000][7][gc,cpu      ] GC(250) User=0.04s Sys=0.00s Real=0.01s
[2023-11-15T22:58:59.108+0000][7][safepoint   ] Safepoint "G1CollectForAllocation", Time since last: 2749833734 ns, Reaching safepoint: 78998 ns, At safepoint: 7650217 ns, Total: 7729215 ns
[2023-11-15T22:59:02.108+0000][7][safepoint   ] Safepoint "Cleanup", Time since last: 3000343942 ns, Reaching safepoint: 40289 ns, At safepoint: 4710 ns, Total: 44999 ns
[2023-11-15T22:59:08.075+0000][7][safepoint   ] Safepoint "Cleanup", Time since last: 5966734796 ns, Reaching safepoint: 178624 ns, At safepoint: 15699 ns, Total: 194323 ns
[2023-11-15T22:59:09.075+0000][7][safepoint   ] Safepoint "Cleanup", Time since last: 1000163582 ns, Reaching safepoint: 132064 ns, At safepoint: 12210 ns, Total: 144274 ns
[2023-11-15T22:59:11.076+0000][7][safepoint   ] Safepoint "Cleanup", Time since last: 2000386560 ns, Reaching safepoint: 146969 ns, At safepoint: 27417 ns, Total: 174386 ns
[2023-11-15T22:59:14.075+0000][7][gc,start    ] GC(251) Pause Young (Concurrent Start) (G1 Evacuation Pause)
[2023-11-15T22:59:14.075+0000][7][gc,task     ] GC(251) Using 8 workers of 8 for evacuation
[2023-11-15T22:59:14.076+0000][7][gc,age      ] GC(251) Desired survivor size 18874368 bytes, new threshold 15 (max threshold 15)
[2023-11-15T22:59:14.083+0000][7][gc,age      ] GC(251) Age table with threshold 15 (max threshold 15)
[2023-11-15T22:59:14.083+0000][7][gc,age      ] GC(251) - age   1:    1491608 bytes,    1491608 total
[2023-11-15T22:59:14.083+0000][7][gc,age      ] GC(251) - age   2:     389536 bytes,    1881144 total
[2023-11-15T22:59:14.083+0000][7][gc,age      ] GC(251) - age   3:    1904984 bytes,    3786128 total
[2023-11-15T22:59:14.083+0000][7][gc,age      ] GC(251) - age   4:     475424 bytes,    4261552 total
[2023-11-15T22:59:14.083+0000][7][gc,age      ] GC(251) - age   5:    1561816 bytes,    5823368 total
[2023-11-15T22:59:14.083+0000][7][gc,age      ] GC(251) - age   6:     233960 bytes,    6057328 total
[2023-11-15T22:59:14.083+0000][7][gc,age      ] GC(251) - age   7:     333728 bytes,    6391056 total
[2023-11-15T22:59:14.083+0000][7][gc,age      ] GC(251) - age   8:     234264 bytes,    6625320 total
[2023-11-15T22:59:14.083+0000][7][gc,age      ] GC(251) - age   9:     204800 bytes,    6830120 total
[2023-11-15T22:59:14.083+0000][7][gc,age      ] GC(251) - age  10:     261472 bytes,    7091592 total
[2023-11-15T22:59:14.083+0000][7][gc,age      ] GC(251) - age  11:     271696 bytes,    7363288 total
[2023-11-15T22:59:14.083+0000][7][gc,age      ] GC(251) - age  12:     266048 bytes,    7629336 total
[2023-11-15T22:59:14.083+0000][7][gc,age      ] GC(251) - age  13:     267240 bytes,    7896576 total
[2023-11-15T22:59:14.083+0000][7][gc,age      ] GC(251) - age  14:     724808 bytes,    8621384 total
[2023-11-15T22:59:14.083+0000][7][gc,age      ] GC(251) - age  15:     216608 bytes,    8837992 total
[2023-11-15T22:59:14.083+0000][7][gc,phases   ] GC(251)   Pre Evacuate Collection Set: 0.4ms
[2023-11-15T22:59:14.083+0000][7][gc,phases   ] GC(251)   Merge Heap Roots: 0.2ms
[2023-11-15T22:59:14.084+0000][7][gc,phases   ] GC(251)   Evacuate Collection Set: 5.3ms
[2023-11-15T22:59:14.084+0000][7][gc,phases   ] GC(251)   Post Evacuate Collection Set: 1.6ms
[2023-11-15T22:59:14.084+0000][7][gc,phases   ] GC(251)   Other: 0.8ms
[2023-11-15T22:59:14.084+0000][7][gc,heap     ] GC(251) Eden regions: 65->0(65)
[2023-11-15T22:59:14.084+0000][7][gc,heap     ] GC(251) Survivor regions: 3->3(9)
[2023-11-15T22:59:14.084+0000][7][gc,heap     ] GC(251) Old regions: 30->30
[2023-11-15T22:59:14.084+0000][7][gc,heap     ] GC(251) Archive regions: 2->2
[2023-11-15T22:59:14.084+0000][7][gc,heap     ] GC(251) Humongous regions: 5->5
[2023-11-15T22:59:14.084+0000][7][gc,metaspace] GC(251) Metaspace: 117258K(118848K)->117258K(118848K) NonClass: 101761K(102720K)->101761K(102720K) Class: 15497K(16128K)->15497K(16128K)
[2023-11-15T22:59:14.084+0000][7][gc          ] GC(251) Pause Young (Concurrent Start) (G1 Evacuation Pause) 411M->151M(512M) 8.438ms
[2023-11-15T22:59:14.084+0000][7][gc,cpu      ] GC(251) User=0.03s Sys=0.00s Real=0.00s
[2023-11-15T22:59:14.084+0000][7][safepoint   ] Safepoint "G1CollectForAllocation", Time since last: 2999142052 ns, Reaching safepoint: 116988 ns, At safepoint: 8666192 ns, Total: 8783180 ns
[2023-11-15T22:59:14.084+0000][7][gc          ] GC(252) Concurrent Mark Cycle
[2023-11-15T22:59:14.084+0000][7][gc,marking  ] GC(252) Concurrent Clear Claimed Marks
[2023-11-15T22:59:14.084+0000][7][gc,marking  ] GC(252) Concurrent Clear Claimed Marks 0.205ms
[2023-11-15T22:59:14.084+0000][7][gc,marking  ] GC(252) Concurrent Scan Root Regions
[2023-11-15T22:59:14.088+0000][7][gc,marking  ] GC(252) Concurrent Scan Root Regions 3.948ms
[2023-11-15T22:59:14.088+0000][7][gc,marking  ] GC(252) Concurrent Mark
[2023-11-15T22:59:14.088+0000][7][gc,marking  ] GC(252) Concurrent Mark From Roots
[2023-11-15T22:59:14.088+0000][7][gc,task     ] GC(252) Using 2 workers of 2 for marking
[2023-11-15T22:59:14.164+0000][7][gc,marking  ] GC(252) Concurrent Mark From Roots 75.852ms
[2023-11-15T22:59:14.164+0000][7][gc,marking  ] GC(252) Concurrent Preclean
[2023-11-15T22:59:14.164+0000][7][gc,marking  ] GC(252) Concurrent Preclean 0.161ms
[2023-11-15T22:59:14.165+0000][7][gc,start    ] GC(252) Pause Remark
[2023-11-15T22:59:14.170+0000][7][gc          ] GC(252) Pause Remark 154M->154M(512M) 5.004ms
[2023-11-15T22:59:14.170+0000][7][gc,cpu      ] GC(252) User=0.04s Sys=0.00s Real=0.01s
[2023-11-15T22:59:14.170+0000][7][safepoint   ] Safepoint "G1Concurrent", Time since last: 80498315 ns, Reaching safepoint: 29932 ns, At safepoint: 5106306 ns, Total: 5136238 ns
[2023-11-15T22:59:14.170+0000][7][gc,marking  ] GC(252) Concurrent Mark 81.304ms
[2023-11-15T22:59:14.170+0000][7][gc,marking  ] GC(252) Concurrent Rebuild Remembered Sets
[2023-11-15T22:59:14.202+0000][7][gc,marking  ] GC(252) Concurrent Rebuild Remembered Sets 32.252ms
[2023-11-15T22:59:14.202+0000][7][gc,start    ] GC(252) Pause Cleanup
[2023-11-15T22:59:14.202+0000][7][gc          ] GC(252) Pause Cleanup 154M->154M(512M) 0.087ms
[2023-11-15T22:59:14.202+0000][7][gc,cpu      ] GC(252) User=0.00s Sys=0.00s Real=0.00s
[2023-11-15T22:59:14.202+0000][7][safepoint   ] Safepoint "G1Concurrent", Time since last: 32394450 ns, Reaching safepoint: 18191 ns, At safepoint: 120581 ns, Total: 138772 ns
[2023-11-15T22:59:14.202+0000][7][gc,marking  ] GC(252) Concurrent Cleanup for Next Mark
[2023-11-15T22:59:14.203+0000][7][gc,marking  ] GC(252) Concurrent Cleanup for Next Mark 0.390ms
[2023-11-15T22:59:14.203+0000][7][gc          ] GC(252) Concurrent Mark Cycle 118.612ms
[2023-11-15T22:59:17.560+0000][7][safepoint   ] Safepoint "Cleanup", Time since last: 3357276800 ns, Reaching safepoint: 120530 ns, At safepoint: 23076 ns, Total: 143606 ns
[2023-11-15T22:59:20.560+0000][7][safepoint   ] Safepoint "Cleanup", Time since last: 3000456656 ns, Reaching safepoint: 50539 ns, At safepoint: 8766 ns, Total: 59305 ns
[2023-11-15T22:59:23.560+0000][7][safepoint   ] Safepoint "Cleanup", Time since last: 3000276619 ns, Reaching safepoint: 139319 ns, At safepoint: 14066 ns, Total: 153385 ns
[2023-11-15T22:59:28.959+0000][7][gc,start    ] GC(253) Pause Young (Normal) (G1 Evacuation Pause)
[2023-11-15T22:59:28.959+0000][7][gc,task     ] GC(253) Using 8 workers of 8 for evacuation
[2023-11-15T22:59:28.960+0000][7][gc,age      ] GC(253) Desired survivor size 18874368 bytes, new threshold 15 (max threshold 15)
[2023-11-15T22:59:28.966+0000][7][gc,age      ] GC(253) Age table with threshold 15 (max threshold 15)
[2023-11-15T22:59:28.967+0000][7][gc,age      ] GC(253) - age   1:    1317616 bytes,    1317616 total
[2023-11-15T22:59:28.967+0000][7][gc,age      ] GC(253) - age   2:     515472 bytes,    1833088 total
[2023-11-15T22:59:28.967+0000][7][gc,age      ] GC(253) - age   3:     241024 bytes,    2074112 total
[2023-11-15T22:59:28.967+0000][7][gc,age      ] GC(253) - age   4:    1904072 bytes,    3978184 total
[2023-11-15T22:59:28.967+0000][7][gc,age      ] GC(253) - age   5:     474728 bytes,    4452912 total
[2023-11-15T22:59:28.967+0000][7][gc,age      ] GC(253) - age   6:    1561720 bytes,    6014632 total
[2023-11-15T22:59:28.967+0000][7][gc,age      ] GC(253) - age   7:     233832 bytes,    6248464 total
[2023-11-15T22:59:28.967+0000][7][gc,age      ] GC(253) - age   8:     333200 bytes,    6581664 total
[2023-11-15T22:59:28.967+0000][7][gc,age      ] GC(253) - age   9:     234264 bytes,    6815928 total
[2023-11-15T22:59:28.967+0000][7][gc,age      ] GC(253) - age  10:     204800 bytes,    7020728 total
[2023-11-15T22:59:28.967+0000][7][gc,age      ] GC(253) - age  11:     261472 bytes,    7282200 total
[2023-11-15T22:59:28.967+0000][7][gc,age      ] GC(253) - age  12:     271696 bytes,    7553896 total
[2023-11-15T22:59:28.967+0000][7][gc,age      ] GC(253) - age  13:     266048 bytes,    7819944 total
[2023-11-15T22:59:28.967+0000][7][gc,age      ] GC(253) - age  14:     267240 bytes,    8087184 total
[2023-11-15T22:59:28.967+0000][7][gc,age      ] GC(253) - age  15:     724808 bytes,    8811992 total
[2023-11-15T22:59:28.967+0000][7][gc,phases   ] GC(253)   Pre Evacuate Collection Set: 0.2ms
[2023-11-15T22:59:28.967+0000][7][gc,phases   ] GC(253)   Merge Heap Roots: 0.3ms
[2023-11-15T22:59:28.967+0000][7][gc,phases   ] GC(253)   Evacuate Collection Set: 5.1ms
[2023-11-15T22:59:28.967+0000][7][gc,phases   ] GC(253)   Post Evacuate Collection Set: 1.4ms
[2023-11-15T22:59:28.967+0000][7][gc,phases   ] GC(253)   Other: 0.6ms
[2023-11-15T22:59:28.967+0000][7][gc,heap     ] GC(253) Eden regions: 65->0(65)
[2023-11-15T22:59:28.967+0000][7][gc,heap     ] GC(253) Survivor regions: 3->3(9)
[2023-11-15T22:59:28.967+0000][7][gc,heap     ] GC(253) Old regions: 30->30
[2023-11-15T22:59:28.967+0000][7][gc,heap     ] GC(253) Archive regions: 2->2
[2023-11-15T22:59:28.967+0000][7][gc,heap     ] GC(253) Humongous regions: 5->5
[2023-11-15T22:59:28.967+0000][7][gc,metaspace] GC(253) Metaspace: 117259K(118848K)->117259K(118848K) NonClass: 101762K(102720K)->101762K(102720K) Class: 15497K(16128K)->15497K(16128K)
[2023-11-15T22:59:28.967+0000][7][gc          ] GC(253) Pause Young (Normal) (G1 Evacuation Pause) 411M->152M(512M) 7.662ms
[2023-11-15T22:59:28.967+0000][7][gc,cpu      ] GC(253) User=0.04s Sys=0.00s Real=0.01s
[2023-11-15T22:59:28.967+0000][7][safepoint   ] Safepoint "G1CollectForAllocation", Time since last: 5398688444 ns, Reaching safepoint: 115146 ns, At safepoint: 7858577 ns, Total: 7973723 ns
[2023-11-15T22:59:35.968+0000][7][safepoint   ] Safepoint "Cleanup", Time since last: 7000976599 ns, Reaching safepoint: 75313 ns, At safepoint: 14162 ns, Total: 89475 ns
[2023-11-15T22:59:38.969+0000][7][safepoint   ] Safepoint "Cleanup", Time since last: 3000357380 ns, Reaching safepoint: 87675 ns, At safepoint: 11214 ns, Total: 98889 ns
[2023-11-15T22:59:40.969+0000][7][safepoint   ] Safepoint "Cleanup", Time since last: 2000310235 ns, Reaching safepoint: 206934 ns, At safepoint: 17236 ns, Total: 224170 ns
[2023-11-15T22:59:43.970+0000][7][safepoint   ] Safepoint "Cleanup", Time since last: 3000534710 ns, Reaching safepoint: 175022 ns, At safepoint: 24033 ns, Total: 199055 ns
[2023-11-15T22:59:45.819+0000][7][gc,start    ] GC(254) Pause Young (Concurrent Start) (G1 Evacuation Pause)
[2023-11-15T22:59:45.819+0000][7][gc,task     ] GC(254) Using 8 workers of 8 for evacuation
[2023-11-15T22:59:45.819+0000][7][gc,age      ] GC(254) Desired survivor size 18874368 bytes, new threshold 15 (max threshold 15)
[2023-11-15T22:59:45.826+0000][7][gc,age      ] GC(254) Age table with threshold 15 (max threshold 15)
[2023-11-15T22:59:45.826+0000][7][gc,age      ] GC(254) - age   1:    1818064 bytes,    1818064 total
[2023-11-15T22:59:45.826+0000][7][gc,age      ] GC(254) - age   2:     341160 bytes,    2159224 total
[2023-11-15T22:59:45.826+0000][7][gc,age      ] GC(254) - age   3:     352760 bytes,    2511984 total
[2023-11-15T22:59:45.826+0000][7][gc,age      ] GC(254) - age   4:     240384 bytes,    2752368 total
[2023-11-15T22:59:45.826+0000][7][gc,age      ] GC(254) - age   5:    1903608 bytes,    4655976 total
[2023-11-15T22:59:45.826+0000][7][gc,age      ] GC(254) - age   6:     474728 bytes,    5130704 total
[2023-11-15T22:59:45.826+0000][7][gc,age      ] GC(254) - age   7:     718688 bytes,    5849392 total
[2023-11-15T22:59:45.826+0000][7][gc,age      ] GC(254) - age   8:     233704 bytes,    6083096 total
[2023-11-15T22:59:45.826+0000][7][gc,age      ] GC(254) - age   9:     332824 bytes,    6415920 total
[2023-11-15T22:59:45.826+0000][7][gc,age      ] GC(254) - age  10:     234264 bytes,    6650184 total
[2023-11-15T22:59:45.826+0000][7][gc,age      ] GC(254) - age  11:     204800 bytes,    6854984 total
[2023-11-15T22:59:45.826+0000][7][gc,age      ] GC(254) - age  12:     261472 bytes,    7116456 total
[2023-11-15T22:59:45.826+0000][7][gc,age      ] GC(254) - age  13:     271696 bytes,    7388152 total
[2023-11-15T22:59:45.826+0000][7][gc,age      ] GC(254) - age  14:     266048 bytes,    7654200 total
[2023-11-15T22:59:45.826+0000][7][gc,age      ] GC(254) - age  15:     267240 bytes,    7921440 total
[2023-11-15T22:59:45.827+0000][7][gc,phases   ] GC(254)   Pre Evacuate Collection Set: 0.4ms
[2023-11-15T22:59:45.827+0000][7][gc,phases   ] GC(254)   Merge Heap Roots: 0.2ms
[2023-11-15T22:59:45.827+0000][7][gc,phases   ] GC(254)   Evacuate Collection Set: 5.1ms
[2023-11-15T22:59:45.827+0000][7][gc,phases   ] GC(254)   Post Evacuate Collection Set: 1.4ms
[2023-11-15T22:59:45.827+0000][7][gc,phases   ] GC(254)   Other: 0.7ms
[2023-11-15T22:59:45.827+0000][7][gc,heap     ] GC(254) Eden regions: 65->0(66)
[2023-11-15T22:59:45.827+0000][7][gc,heap     ] GC(254) Survivor regions: 3->2(9)
[2023-11-15T22:59:45.827+0000][7][gc,heap     ] GC(254) Old regions: 30->31
[2023-11-15T22:59:45.827+0000][7][gc,heap     ] GC(254) Archive regions: 2->2
[2023-11-15T22:59:45.827+0000][7][gc,heap     ] GC(254) Humongous regions: 5->5
[2023-11-15T22:59:45.827+0000][7][gc,metaspace] GC(254) Metaspace: 117261K(118848K)->117261K(118848K) NonClass: 101764K(102720K)->101764K(102720K) Class: 15497K(16128K)->15497K(16128K)
[2023-11-15T22:59:45.827+0000][7][gc          ] GC(254) Pause Young (Concurrent Start) (G1 Evacuation Pause) 412M->151M(512M) 7.882ms
[2023-11-15T22:59:45.827+0000][7][gc,cpu      ] GC(254) User=0.03s Sys=0.01s Real=0.01s
[2023-11-15T22:59:45.827+0000][7][safepoint   ] Safepoint "G1CollectForAllocation", Time since last: 1848842967 ns, Reaching safepoint: 67278 ns, At safepoint: 8096695 ns, Total: 8163973 ns
[2023-11-15T22:59:45.827+0000][7][gc          ] GC(255) Concurrent Mark Cycle
[2023-11-15T22:59:45.827+0000][7][gc,marking  ] GC(255) Concurrent Clear Claimed Marks
[2023-11-15T22:59:45.827+0000][7][gc,marking  ] GC(255) Concurrent Clear Claimed Marks 0.178ms
[2023-11-15T22:59:45.827+0000][7][gc,marking  ] GC(255) Concurrent Scan Root Regions
[2023-11-15T22:59:45.832+0000][7][gc,marking  ] GC(255) Concurrent Scan Root Regions 4.581ms
[2023-11-15T22:59:45.832+0000][7][gc,marking  ] GC(255) Concurrent Mark
[2023-11-15T22:59:45.832+0000][7][gc,marking  ] GC(255) Concurrent Mark From Roots
[2023-11-15T22:59:45.832+0000][7][gc,task     ] GC(255) Using 2 workers of 2 for marking
[2023-11-15T22:59:45.932+0000][7][gc,marking  ] GC(255) Concurrent Mark From Roots 99.713ms
[2023-11-15T22:59:45.932+0000][7][gc,marking  ] GC(255) Concurrent Preclean
[2023-11-15T22:59:45.932+0000][7][gc,marking  ] GC(255) Concurrent Preclean 0.164ms
[2023-11-15T22:59:45.932+0000][7][gc,start    ] GC(255) Pause Remark
[2023-11-15T22:59:45.938+0000][7][gc          ] GC(255) Pause Remark 157M->157M(512M) 5.985ms
[2023-11-15T22:59:45.938+0000][7][gc,cpu      ] GC(255) User=0.03s Sys=0.00s Real=0.01s
[2023-11-15T22:59:45.938+0000][7][safepoint   ] Safepoint "G1Concurrent", Time since last: 105000996 ns, Reaching safepoint: 26384 ns, At safepoint: 6090769 ns, Total: 6117153 ns
[2023-11-15T22:59:45.938+0000][7][gc,marking  ] GC(255) Concurrent Mark 106.123ms
[2023-11-15T22:59:45.938+0000][7][gc,marking  ] GC(255) Concurrent Rebuild Remembered Sets
[2023-11-15T22:59:45.994+0000][7][gc,marking  ] GC(255) Concurrent Rebuild Remembered Sets 56.348ms
[2023-11-15T22:59:45.995+0000][7][gc,start    ] GC(255) Pause Cleanup
[2023-11-15T22:59:45.995+0000][7][gc          ] GC(255) Pause Cleanup 157M->157M(512M) 0.110ms
[2023-11-15T22:59:45.995+0000][7][gc,cpu      ] GC(255) User=0.00s Sys=0.00s Real=0.00s
[2023-11-15T22:59:45.995+0000][7][safepoint   ] Safepoint "G1Concurrent", Time since last: 56508924 ns, Reaching safepoint: 74211 ns, At safepoint: 169201 ns, Total: 243412 ns
[2023-11-15T22:59:45.995+0000][7][gc,marking  ] GC(255) Concurrent Cleanup for Next Mark
[2023-11-15T22:59:45.996+0000][7][gc,marking  ] GC(255) Concurrent Cleanup for Next Mark 0.972ms
[2023-11-15T22:59:45.996+0000][7][gc          ] GC(255) Concurrent Mark Cycle 168.854ms
[2023-11-15T22:59:46.995+0000][7][safepoint   ] Safepoint "Cleanup", Time since last: 1000176041 ns, Reaching safepoint: 210481 ns, At safepoint: 23970 ns, Total: 234451 ns
[2023-11-15T22:59:49.996+0000][7][safepoint   ] Safepoint "Cleanup", Time since last: 3000425910 ns, Reaching safepoint: 96600 ns, At safepoint: 14557 ns, Total: 111157 ns
[2023-11-15T22:59:50.996+0000][7][safepoint   ] Safepoint "Cleanup", Time since last: 1000170398 ns, Reaching safepoint: 107414 ns, At safepoint: 19084 ns, Total: 126498 ns
[2023-11-15T22:59:52.997+0000][7][safepoint   ] Safepoint "Cleanup", Time since last: 2000338133 ns, Reaching safepoint: 152837 ns, At safepoint: 24031 ns, Total: 176868 ns
[2023-11-15T22:59:53.997+0000][7][safepoint   ] Safepoint "Cleanup", Time since last: 1000185963 ns, Reaching safepoint: 151610 ns, At safepoint: 32773 ns, Total: 184383 ns
[2023-11-15T22:59:58.998+0000][7][safepoint   ] Safepoint "Cleanup", Time since last: 5000808389 ns, Reaching safepoint: 162543 ns, At safepoint: 50770 ns, Total: 213313 ns
[2023-11-15T23:00:01.837+0000][7][gc,start    ] GC(256) Pause Young (Normal) (G1 Evacuation Pause)
[2023-11-15T23:00:01.837+0000][7][gc,task     ] GC(256) Using 8 workers of 8 for evacuation
[2023-11-15T23:00:01.838+0000][7][gc,age      ] GC(256) Desired survivor size 18874368 bytes, new threshold 15 (max threshold 15)
[2023-11-15T23:00:01.843+0000][7][gc,age      ] GC(256) Age table with threshold 15 (max threshold 15)
[2023-11-15T23:00:01.843+0000][7][gc,age      ] GC(256) - age   1:    1179128 bytes,    1179128 total
[2023-11-15T23:00:01.843+0000][7][gc,age      ] GC(256) - age   2:    1235304 bytes,    2414432 total
[2023-11-15T23:00:01.843+0000][7][gc,age      ] GC(256) - age   3:     340480 bytes,    2754912 total
[2023-11-15T23:00:01.843+0000][7][gc,age      ] GC(256) - age   4:     352536 bytes,    3107448 total
[2023-11-15T23:00:01.843+0000][7][gc,age      ] GC(256) - age   5:     240096 bytes,    3347544 total
[2023-11-15T23:00:01.843+0000][7][gc,age      ] GC(256) - age   6:    1903288 bytes,    5250832 total
[2023-11-15T23:00:01.843+0000][7][gc,age      ] GC(256) - age   7:     383576 bytes,    5634408 total
[2023-11-15T23:00:01.843+0000][7][gc,age      ] GC(256) - age   8:     717296 bytes,    6351704 total
[2023-11-15T23:00:01.843+0000][7][gc,age      ] GC(256) - age   9:     233704 bytes,    6585408 total
[2023-11-15T23:00:01.843+0000][7][gc,age      ] GC(256) - age  10:     332824 bytes,    6918232 total
[2023-11-15T23:00:01.843+0000][7][gc,age      ] GC(256) - age  11:     234264 bytes,    7152496 total
[2023-11-15T23:00:01.843+0000][7][gc,age      ] GC(256) - age  12:     204800 bytes,    7357296 total
[2023-11-15T23:00:01.843+0000][7][gc,age      ] GC(256) - age  13:     261472 bytes,    7618768 total
[2023-11-15T23:00:01.843+0000][7][gc,age      ] GC(256) - age  14:     271696 bytes,    7890464 total
[2023-11-15T23:00:01.843+0000][7][gc,age      ] GC(256) - age  15:     266048 bytes,    8156512 total
[2023-11-15T23:00:01.843+0000][7][gc,phases   ] GC(256)   Pre Evacuate Collection Set: 0.2ms
[2023-11-15T23:00:01.843+0000][7][gc,phases   ] GC(256)   Merge Heap Roots: 0.1ms
[2023-11-15T23:00:01.843+0000][7][gc,phases   ] GC(256)   Evacuate Collection Set: 4.1ms
[2023-11-15T23:00:01.843+0000][7][gc,phases   ] GC(256)   Post Evacuate Collection Set: 1.2ms
[2023-11-15T23:00:01.843+0000][7][gc,phases   ] GC(256)   Other: 0.5ms
[2023-11-15T23:00:01.844+0000][7][gc,heap     ] GC(256) Eden regions: 66->0(66)
[2023-11-15T23:00:01.844+0000][7][gc,heap     ] GC(256) Survivor regions: 2->2(9)
[2023-11-15T23:00:01.844+0000][7][gc,heap     ] GC(256) Old regions: 31->31
[2023-11-15T23:00:01.844+0000][7][gc,heap     ] GC(256) Archive regions: 2->2
[2023-11-15T23:00:01.844+0000][7][gc,heap     ] GC(256) Humongous regions: 5->5
[2023-11-15T23:00:01.844+0000][7][gc,metaspace] GC(256) Metaspace: 117263K(118848K)->117263K(118848K) NonClass: 101766K(102720K)->101766K(102720K) Class: 15497K(16128K)->15497K(16128K)
[2023-11-15T23:00:01.844+0000][7][gc          ] GC(256) Pause Young (Normal) (G1 Evacuation Pause) 415M->152M(512M) 6.267ms
[2023-11-15T23:00:01.844+0000][7][gc,cpu      ] GC(256) User=0.03s Sys=0.00s Real=0.00s
[2023-11-15T23:00:01.844+0000][7][safepoint   ] Safepoint "G1CollectForAllocation", Time since last: 2839204325 ns, Reaching safepoint: 98221 ns, At safepoint: 6437327 ns, Total: 6535548 ns
[2023-11-15T23:00:04.844+0000][7][safepoint   ] Safepoint "Cleanup", Time since last: 3000289456 ns, Reaching safepoint: 62113 ns, At safepoint: 5202 ns, Total: 67315 ns
[2023-11-15T23:00:14.845+0000][7][safepoint   ] Safepoint "Cleanup", Time since last: 10001074306 ns, Reaching safepoint: 168883 ns, At safepoint: 12982 ns, Total: 181865 ns
[2023-11-15T23:00:17.572+0000][7][gc,start    ] GC(257) Pause Young (Concurrent Start) (G1 Evacuation Pause)
[2023-11-15T23:00:17.572+0000][7][gc,task     ] GC(257) Using 8 workers of 8 for evacuation
[2023-11-15T23:00:17.572+0000][7][gc,age      ] GC(257) Desired survivor size 18874368 bytes, new threshold 15 (max threshold 15)
[2023-11-15T23:00:17.580+0000][7][gc,age      ] GC(257) Age table with threshold 15 (max threshold 15)
[2023-11-15T23:00:17.580+0000][7][gc,age      ] GC(257) - age   1:    2285288 bytes,    2285288 total
[2023-11-15T23:00:17.580+0000][7][gc,age      ] GC(257) - age   2:     372440 bytes,    2657728 total
[2023-11-15T23:00:17.580+0000][7][gc,age      ] GC(257) - age   3:    1220520 bytes,    3878248 total
[2023-11-15T23:00:17.580+0000][7][gc,age      ] GC(257) - age   4:     339664 bytes,    4217912 total
[2023-11-15T23:00:17.580+0000][7][gc,age      ] GC(257) - age   5:     351048 bytes,    4568960 total
[2023-11-15T23:00:17.580+0000][7][gc,age      ] GC(257) - age   6:     239872 bytes,    4808832 total
[2023-11-15T23:00:17.580+0000][7][gc,age      ] GC(257) - age   7:     726240 bytes,    5535072 total
[2023-11-15T23:00:17.580+0000][7][gc,age      ] GC(257) - age   8:     383448 bytes,    5918520 total
[2023-11-15T23:00:17.580+0000][7][gc,age      ] GC(257) - age   9:     716984 bytes,    6635504 total
[2023-11-15T23:00:17.580+0000][7][gc,age      ] GC(257) - age  10:     233704 bytes,    6869208 total
[2023-11-15T23:00:17.580+0000][7][gc,age      ] GC(257) - age  11:     332760 bytes,    7201968 total
[2023-11-15T23:00:17.580+0000][7][gc,age      ] GC(257) - age  12:     234264 bytes,    7436232 total
[2023-11-15T23:00:17.580+0000][7][gc,age      ] GC(257) - age  13:     204800 bytes,    7641032 total
[2023-11-15T23:00:17.580+0000][7][gc,age      ] GC(257) - age  14:     261472 bytes,    7902504 total
[2023-11-15T23:00:17.580+0000][7][gc,age      ] GC(257) - age  15:     271696 bytes,    8174200 total
[2023-11-15T23:00:17.580+0000][7][gc,phases   ] GC(257)   Pre Evacuate Collection Set: 0.3ms
[2023-11-15T23:00:17.580+0000][7][gc,phases   ] GC(257)   Merge Heap Roots: 0.2ms
[2023-11-15T23:00:17.580+0000][7][gc,phases   ] GC(257)   Evacuate Collection Set: 6.0ms
[2023-11-15T23:00:17.580+0000][7][gc,phases   ] GC(257)   Post Evacuate Collection Set: 1.4ms
[2023-11-15T23:00:17.580+0000][7][gc,phases   ] GC(257)   Other: 0.7ms
[2023-11-15T23:00:17.580+0000][7][gc,heap     ] GC(257) Eden regions: 66->0(66)
[2023-11-15T23:00:17.580+0000][7][gc,heap     ] GC(257) Survivor regions: 2->2(9)
[2023-11-15T23:00:17.580+0000][7][gc,heap     ] GC(257) Old regions: 31->31
[2023-11-15T23:00:17.580+0000][7][gc,heap     ] GC(257) Archive regions: 2->2
[2023-11-15T23:00:17.580+0000][7][gc,heap     ] GC(257) Humongous regions: 5->5
[2023-11-15T23:00:17.580+0000][7][gc,metaspace] GC(257) Metaspace: 117263K(118848K)->117263K(118848K) NonClass: 101766K(102720K)->101766K(102720K) Class: 15497K(16128K)->15497K(16128K)
[2023-11-15T23:00:17.580+0000][7][gc          ] GC(257) Pause Young (Concurrent Start) (G1 Evacuation Pause) 416M->152M(512M) 8.746ms
[2023-11-15T23:00:17.580+0000][7][gc,cpu      ] GC(257) User=0.04s Sys=0.00s Real=0.01s
[2023-11-15T23:00:17.580+0000][7][gc          ] GC(258) Concurrent Mark Cycle
[2023-11-15T23:00:17.580+0000][7][gc,marking  ] GC(258) Concurrent Clear Claimed Marks
[2023-11-15T23:00:17.580+0000][7][safepoint   ] Safepoint "G1CollectForAllocation", Time since last: 2725974713 ns, Reaching safepoint: 185378 ns, At safepoint: 8977839 ns, Total: 9163217 ns
[2023-11-15T23:00:17.581+0000][7][gc,marking  ] GC(258) Concurrent Clear Claimed Marks 0.213ms
[2023-11-15T23:00:17.581+0000][7][gc,marking  ] GC(258) Concurrent Scan Root Regions
[2023-11-15T23:00:17.583+0000][7][gc,marking  ] GC(258) Concurrent Scan Root Regions 2.712ms
[2023-11-15T23:00:17.584+0000][7][gc,marking  ] GC(258) Concurrent Mark
[2023-11-15T23:00:17.584+0000][7][gc,marking  ] GC(258) Concurrent Mark From Roots
[2023-11-15T23:00:17.584+0000][7][gc,task     ] GC(258) Using 2 workers of 2 for marking
[2023-11-15T23:00:17.665+0000][7][gc,marking  ] GC(258) Concurrent Mark From Roots 81.210ms
[2023-11-15T23:00:17.665+0000][7][gc,marking  ] GC(258) Concurrent Preclean
[2023-11-15T23:00:17.665+0000][7][gc,marking  ] GC(258) Concurrent Preclean 0.200ms
[2023-11-15T23:00:17.665+0000][7][gc,start    ] GC(258) Pause Remark
[2023-11-15T23:00:17.671+0000][7][gc          ] GC(258) Pause Remark 159M->159M(512M) 6.037ms
[2023-11-15T23:00:17.671+0000][7][gc,cpu      ] GC(258) User=0.04s Sys=0.00s Real=0.00s
[2023-11-15T23:00:17.671+0000][7][safepoint   ] Safepoint "G1Concurrent", Time since last: 84540227 ns, Reaching safepoint: 25449 ns, At safepoint: 6120534 ns, Total: 6145983 ns
[2023-11-15T23:00:17.671+0000][7][gc,marking  ] GC(258) Concurrent Mark 87.643ms
[2023-11-15T23:00:17.671+0000][7][gc,marking  ] GC(258) Concurrent Rebuild Remembered Sets
[2023-11-15T23:00:17.729+0000][7][gc,marking  ] GC(258) Concurrent Rebuild Remembered Sets 58.003ms
[2023-11-15T23:00:17.729+0000][7][gc,start    ] GC(258) Pause Cleanup
[2023-11-15T23:00:17.729+0000][7][gc          ] GC(258) Pause Cleanup 159M->159M(512M) 0.103ms
[2023-11-15T23:00:17.729+0000][7][gc,cpu      ] GC(258) User=0.00s Sys=0.00s Real=0.00s
[2023-11-15T23:00:17.729+0000][7][safepoint   ] Safepoint "G1Concurrent", Time since last: 58078137 ns, Reaching safepoint: 28821 ns, At safepoint: 181533 ns, Total: 210354 ns
[2023-11-15T23:00:17.730+0000][7][gc,marking  ] GC(258) Concurrent Cleanup for Next Mark
[2023-11-15T23:00:17.730+0000][7][gc,marking  ] GC(258) Concurrent Cleanup for Next Mark 0.407ms
[2023-11-15T23:00:17.730+0000][7][gc          ] GC(258) Concurrent Mark Cycle 149.546ms
[2023-11-15T23:00:34.854+0000][7][gc,start    ] GC(259) Pause Young (Normal) (G1 Evacuation Pause)
[2023-11-15T23:00:34.854+0000][7][gc,task     ] GC(259) Using 8 workers of 8 for evacuation
[2023-11-15T23:00:34.854+0000][7][gc,age      ] GC(259) Desired survivor size 18874368 bytes, new threshold 15 (max threshold 15)
[2023-11-15T23:00:34.858+0000][7][gc,age      ] GC(259) Age table with threshold 15 (max threshold 15)
[2023-11-15T23:00:34.858+0000][7][gc,age      ] GC(259) - age   1:    1100392 bytes,    1100392 total
[2023-11-15T23:00:34.858+0000][7][gc,age      ] GC(259) - age   2:    1699272 bytes,    2799664 total
[2023-11-15T23:00:34.858+0000][7][gc,age      ] GC(259) - age   3:     372088 bytes,    3171752 total
[2023-11-15T23:00:34.858+0000][7][gc,age      ] GC(259) - age   4:    1219768 bytes,    4391520 total
[2023-11-15T23:00:34.858+0000][7][gc,age      ] GC(259) - age   5:     201560 bytes,    4593080 total
[2023-11-15T23:00:34.858+0000][7][gc,age      ] GC(259) - age   6:     350928 bytes,    4944008 total
[2023-11-15T23:00:34.858+0000][7][gc,age      ] GC(259) - age   7:     237200 bytes,    5181208 total
[2023-11-15T23:00:34.858+0000][7][gc,age      ] GC(259) - age   8:     726008 bytes,    5907216 total
[2023-11-15T23:00:34.858+0000][7][gc,age      ] GC(259) - age   9:     265920 bytes,    6173136 total
[2023-11-15T23:00:34.858+0000][7][gc,age      ] GC(259) - age  10:     316088 bytes,    6489224 total
[2023-11-15T23:00:34.858+0000][7][gc,age      ] GC(259) - age  11:     233704 bytes,    6722928 total
[2023-11-15T23:00:34.858+0000][7][gc,age      ] GC(259) - age  12:     332728 bytes,    7055656 total
[2023-11-15T23:00:34.858+0000][7][gc,age      ] GC(259) - age  13:     234264 bytes,    7289920 total
[2023-11-15T23:00:34.858+0000][7][gc,age      ] GC(259) - age  14:     204800 bytes,    7494720 total
[2023-11-15T23:00:34.858+0000][7][gc,age      ] GC(259) - age  15:     261472 bytes,    7756192 total
[2023-11-15T23:00:34.858+0000][7][gc,phases   ] GC(259)   Pre Evacuate Collection Set: 0.1ms
[2023-11-15T23:00:34.858+0000][7][gc,phases   ] GC(259)   Merge Heap Roots: 0.1ms
[2023-11-15T23:00:34.858+0000][7][gc,phases   ] GC(259)   Evacuate Collection Set: 2.4ms
[2023-11-15T23:00:34.858+0000][7][gc,phases   ] GC(259)   Post Evacuate Collection Set: 0.7ms
[2023-11-15T23:00:34.858+0000][7][gc,phases   ] GC(259)   Other: 0.3ms
[2023-11-15T23:00:34.858+0000][7][gc,heap     ] GC(259) Eden regions: 66->0(66)
[2023-11-15T23:00:34.858+0000][7][gc,heap     ] GC(259) Survivor regions: 2->2(9)
[2023-11-15T23:00:34.858+0000][7][gc,heap     ] GC(259) Old regions: 31->31
[2023-11-15T23:00:34.858+0000][7][gc,heap     ] GC(259) Archive regions: 2->2
[2023-11-15T23:00:34.858+0000][7][gc,heap     ] GC(259) Humongous regions: 5->5
[2023-11-15T23:00:34.858+0000][7][gc,metaspace] GC(259) Metaspace: 117263K(118848K)->117263K(118848K) NonClass: 101766K(102720K)->101766K(102720K) Class: 15497K(16128K)->15497K(16128K)
[2023-11-15T23:00:34.858+0000][7][gc          ] GC(259) Pause Young (Normal) (G1 Evacuation Pause) 416M->152M(512M) 3.580ms
[2023-11-15T23:00:34.858+0000][7][gc,cpu      ] GC(259) User=0.02s Sys=0.00s Real=0.01s
[2023-11-15T23:00:34.858+0000][7][safepoint   ] Safepoint "G1CollectForAllocation", Time since last: 17124813713 ns, Reaching safepoint: 39080 ns, At safepoint: 3698914 ns, Total: 3737994 ns
[2023-11-15T23:00:50.784+0000][7][gc,start    ] GC(260) Pause Young (Concurrent Start) (G1 Evacuation Pause)
[2023-11-15T23:00:50.784+0000][7][gc,task     ] GC(260) Using 8 workers of 8 for evacuation
[2023-11-15T23:00:50.784+0000][7][gc,age      ] GC(260) Desired survivor size 18874368 bytes, new threshold 15 (max threshold 15)
[2023-11-15T23:00:50.792+0000][7][gc,age      ] GC(260) Age table with threshold 15 (max threshold 15)
[2023-11-15T23:00:50.792+0000][7][gc,age      ] GC(260) - age   1:    1846576 bytes,    1846576 total
[2023-11-15T23:00:50.792+0000][7][gc,age      ] GC(260) - age   2:     987984 bytes,    2834560 total
[2023-11-15T23:00:50.792+0000][7][gc,age      ] GC(260) - age   3:    1668952 bytes,    4503512 total
[2023-11-15T23:00:50.792+0000][7][gc,age      ] GC(260) - age   4:     371160 bytes,    4874672 total
[2023-11-15T23:00:50.792+0000][7][gc,age      ] GC(260) - age   5:    1219256 bytes,    6093928 total
[2023-11-15T23:00:50.792+0000][7][gc,age      ] GC(260) - age   6:     201016 bytes,    6294944 total
[2023-11-15T23:00:50.792+0000][7][gc,age      ] GC(260) - age   7:     350616 bytes,    6645560 total
[2023-11-15T23:00:50.792+0000][7][gc,age      ] GC(260) - age   8:     237200 bytes,    6882760 total
[2023-11-15T23:00:50.792+0000][7][gc,age      ] GC(260) - age   9:     726008 bytes,    7608768 total
[2023-11-15T23:00:50.792+0000][7][gc,age      ] GC(260) - age  10:     265920 bytes,    7874688 total
[2023-11-15T23:00:50.792+0000][7][gc,age      ] GC(260) - age  11:     316088 bytes,    8190776 total
[2023-11-15T23:00:50.792+0000][7][gc,age      ] GC(260) - age  12:     233704 bytes,    8424480 total
[2023-11-15T23:00:50.792+0000][7][gc,age      ] GC(260) - age  13:     332728 bytes,    8757208 total
[2023-11-15T23:00:50.792+0000][7][gc,age      ] GC(260) - age  14:     233952 bytes,    8991160 total
[2023-11-15T23:00:50.792+0000][7][gc,age      ] GC(260) - age  15:     204800 bytes,    9195960 total
[2023-11-15T23:00:50.792+0000][7][gc,phases   ] GC(260)   Pre Evacuate Collection Set: 0.4ms
[2023-11-15T23:00:50.792+0000][7][gc,phases   ] GC(260)   Merge Heap Roots: 0.2ms
[2023-11-15T23:00:50.792+0000][7][gc,phases   ] GC(260)   Evacuate Collection Set: 5.7ms
[2023-11-15T23:00:50.792+0000][7][gc,phases   ] GC(260)   Post Evacuate Collection Set: 1.5ms
[2023-11-15T23:00:50.792+0000][7][gc,phases   ] GC(260)   Other: 0.7ms
[2023-11-15T23:00:50.792+0000][7][gc,heap     ] GC(260) Eden regions: 66->0(64)
[2023-11-15T23:00:50.792+0000][7][gc,heap     ] GC(260) Survivor regions: 2->3(9)
[2023-11-15T23:00:50.792+0000][7][gc,heap     ] GC(260) Old regions: 31->31
[2023-11-15T23:00:50.792+0000][7][gc,heap     ] GC(260) Archive regions: 2->2
[2023-11-15T23:00:50.792+0000][7][gc,heap     ] GC(260) Humongous regions: 5->5
[2023-11-15T23:00:50.792+0000][7][gc,metaspace] GC(260) Metaspace: 117265K(118848K)->117265K(118848K) NonClass: 101768K(102720K)->101768K(102720K) Class: 15497K(16128K)->15497K(16128K)
[2023-11-15T23:00:50.792+0000][7][gc          ] GC(260) Pause Young (Concurrent Start) (G1 Evacuation Pause) 416M->153M(512M) 8.501ms
[2023-11-15T23:00:50.792+0000][7][gc,cpu      ] GC(260) User=0.04s Sys=0.00s Real=0.01s
[2023-11-15T23:00:50.792+0000][7][safepoint   ] Safepoint "G1CollectForAllocation", Time since last: 15925458592 ns, Reaching safepoint: 191499 ns, At safepoint: 8723101 ns, Total: 8914600 ns
[2023-11-15T23:00:50.792+0000][7][gc          ] GC(261) Concurrent Mark Cycle
[2023-11-15T23:00:50.792+0000][7][gc,marking  ] GC(261) Concurrent Clear Claimed Marks
[2023-11-15T23:00:50.793+0000][7][gc,marking  ] GC(261) Concurrent Clear Claimed Marks 0.190ms
[2023-11-15T23:00:50.793+0000][7][gc,marking  ] GC(261) Concurrent Scan Root Regions
[2023-11-15T23:00:50.797+0000][7][gc,marking  ] GC(261) Concurrent Scan Root Regions 4.616ms
[2023-11-15T23:00:50.797+0000][7][gc,marking  ] GC(261) Concurrent Mark
[2023-11-15T23:00:50.797+0000][7][gc,marking  ] GC(261) Concurrent Mark From Roots
[2023-11-15T23:00:50.797+0000][7][gc,task     ] GC(261) Using 2 workers of 2 for marking
[2023-11-15T23:00:50.870+0000][7][gc,marking  ] GC(261) Concurrent Mark From Roots 72.699ms
[2023-11-15T23:00:50.870+0000][7][gc,marking  ] GC(261) Concurrent Preclean
[2023-11-15T23:00:50.870+0000][7][gc,marking  ] GC(261) Concurrent Preclean 0.155ms
[2023-11-15T23:00:50.870+0000][7][gc,start    ] GC(261) Pause Remark
[2023-11-15T23:00:50.876+0000][7][gc          ] GC(261) Pause Remark 159M->159M(512M) 5.644ms
[2023-11-15T23:00:50.876+0000][7][gc,cpu      ] GC(261) User=0.04s Sys=0.00s Real=0.01s
[2023-11-15T23:00:50.876+0000][7][safepoint   ] Safepoint "G1Concurrent", Time since last: 78008371 ns, Reaching safepoint: 20178 ns, At safepoint: 5712387 ns, Total: 5732565 ns
[2023-11-15T23:00:50.876+0000][7][gc,marking  ] GC(261) Concurrent Mark 78.734ms
[2023-11-15T23:00:50.876+0000][7][gc,marking  ] GC(261) Concurrent Rebuild Remembered Sets
[2023-11-15T23:00:50.908+0000][7][gc,marking  ] GC(261) Concurrent Rebuild Remembered Sets 32.037ms
[2023-11-15T23:00:50.908+0000][7][gc,start    ] GC(261) Pause Cleanup
[2023-11-15T23:00:50.908+0000][7][gc          ] GC(261) Pause Cleanup 161M->161M(512M) 0.098ms
[2023-11-15T23:00:50.908+0000][7][gc,cpu      ] GC(261) User=0.00s Sys=0.00s Real=0.00s
[2023-11-15T23:00:50.908+0000][7][safepoint   ] Safepoint "G1Concurrent", Time since last: 32181314 ns, Reaching safepoint: 68201 ns, At safepoint: 138003 ns, Total: 206204 ns
[2023-11-15T23:00:50.908+0000][7][gc,marking  ] GC(261) Concurrent Cleanup for Next Mark
[2023-11-15T23:00:50.909+0000][7][gc,marking  ] GC(261) Concurrent Cleanup for Next Mark 0.399ms
[2023-11-15T23:00:50.909+0000][7][gc          ] GC(261) Concurrent Mark Cycle 116.526ms
[2023-11-15T23:01:06.424+0000][7][gc,start    ] GC(262) Pause Young (Normal) (G1 Evacuation Pause)
[2023-11-15T23:01:06.424+0000][7][gc,task     ] GC(262) Using 8 workers of 8 for evacuation
[2023-11-15T23:01:06.424+0000][7][gc,age      ] GC(262) Desired survivor size 18874368 bytes, new threshold 15 (max threshold 15)
[2023-11-15T23:01:06.431+0000][7][gc,age      ] GC(262) Age table with threshold 15 (max threshold 15)
[2023-11-15T23:01:06.431+0000][7][gc,age      ] GC(262) - age   1:    2030632 bytes,    2030632 total
[2023-11-15T23:01:06.431+0000][7][gc,age      ] GC(262) - age   2:     303712 bytes,    2334344 total
[2023-11-15T23:01:06.431+0000][7][gc,age      ] GC(262) - age   3:     987440 bytes,    3321784 total
[2023-11-15T23:01:06.431+0000][7][gc,age      ] GC(262) - age   4:    1526136 bytes,    4847920 total
[2023-11-15T23:01:06.431+0000][7][gc,age      ] GC(262) - age   5:     370904 bytes,    5218824 total
[2023-11-15T23:01:06.431+0000][7][gc,age      ] GC(262) - age   6:    1219128 bytes,    6437952 total
[2023-11-15T23:01:06.431+0000][7][gc,age      ] GC(262) - age   7:     200952 bytes,    6638904 total
[2023-11-15T23:01:06.431+0000][7][gc,age      ] GC(262) - age   8:     350552 bytes,    6989456 total
[2023-11-15T23:01:06.431+0000][7][gc,age      ] GC(262) - age   9:     237200 bytes,    7226656 total
[2023-11-15T23:01:06.431+0000][7][gc,age      ] GC(262) - age  10:     267320 bytes,    7493976 total
[2023-11-15T23:01:06.431+0000][7][gc,age      ] GC(262) - age  11:     265824 bytes,    7759800 total
[2023-11-15T23:01:06.431+0000][7][gc,age      ] GC(262) - age  12:     316088 bytes,    8075888 total
[2023-11-15T23:01:06.431+0000][7][gc,age      ] GC(262) - age  13:     233704 bytes,    8309592 total
[2023-11-15T23:01:06.431+0000][7][gc,age      ] GC(262) - age  14:     332728 bytes,    8642320 total
[2023-11-15T23:01:06.431+0000][7][gc,age      ] GC(262) - age  15:     233952 bytes,    8876272 total
[2023-11-15T23:01:06.431+0000][7][gc,phases   ] GC(262)   Pre Evacuate Collection Set: 0.2ms
[2023-11-15T23:01:06.431+0000][7][gc,phases   ] GC(262)   Merge Heap Roots: 0.2ms
[2023-11-15T23:01:06.431+0000][7][gc,phases   ] GC(262)   Evacuate Collection Set: 5.1ms
[2023-11-15T23:01:06.431+0000][7][gc,phases   ] GC(262)   Post Evacuate Collection Set: 1.4ms
[2023-11-15T23:01:06.431+0000][7][gc,phases   ] GC(262)   Other: 0.6ms
[2023-11-15T23:01:06.431+0000][7][gc,heap     ] GC(262) Eden regions: 64->0(64)
[2023-11-15T23:01:06.431+0000][7][gc,heap     ] GC(262) Survivor regions: 3->3(9)
[2023-11-15T23:01:06.431+0000][7][gc,heap     ] GC(262) Old regions: 31->31
[2023-11-15T23:01:06.431+0000][7][gc,heap     ] GC(262) Archive regions: 2->2
[2023-11-15T23:01:06.431+0000][7][gc,heap     ] GC(262) Humongous regions: 5->5
[2023-11-15T23:01:06.431+0000][7][gc,metaspace] GC(262) Metaspace: 117269K(118848K)->117269K(118848K) NonClass: 101772K(102720K)->101772K(102720K) Class: 15497K(16128K)->15497K(16128K)
[2023-11-15T23:01:06.431+0000][7][gc          ] GC(262) Pause Young (Normal) (G1 Evacuation Pause) 409M->153M(512M) 7.544ms
[2023-11-15T23:01:06.431+0000][7][gc,cpu      ] GC(262) User=0.05s Sys=0.00s Real=0.01s
[2023-11-15T23:01:06.431+0000][7][safepoint   ] Safepoint "G1CollectForAllocation", Time since last: 15514990555 ns, Reaching safepoint: 127494 ns, At safepoint: 7813214 ns, Total: 7940708 ns
[2023-11-15T23:01:23.037+0000][7][gc,start    ] GC(263) Pause Young (Concurrent Start) (G1 Evacuation Pause)
[2023-11-15T23:01:23.037+0000][7][gc,task     ] GC(263) Using 8 workers of 8 for evacuation
[2023-11-15T23:01:23.037+0000][7][gc,age      ] GC(263) Desired survivor size 18874368 bytes, new threshold 15 (max threshold 15)
[2023-11-15T23:01:23.046+0000][7][gc,age      ] GC(263) Age table with threshold 15 (max threshold 15)
[2023-11-15T23:01:23.046+0000][7][gc,age      ] GC(263) - age   1:    2541008 bytes,    2541008 total
[2023-11-15T23:01:23.046+0000][7][gc,age      ] GC(263) - age   2:     957704 bytes,    3498712 total
[2023-11-15T23:01:23.046+0000][7][gc,age      ] GC(263) - age   3:     282656 bytes,    3781368 total
[2023-11-15T23:01:23.046+0000][7][gc,age      ] GC(263) - age   4:     874168 bytes,    4655536 total
[2023-11-15T23:01:23.046+0000][7][gc,age      ] GC(263) - age   5:    1525512 bytes,    6181048 total
[2023-11-15T23:01:23.046+0000][7][gc,age      ] GC(263) - age   6:     370872 bytes,    6551920 total
[2023-11-15T23:01:23.046+0000][7][gc,age      ] GC(263) - age   7:     458616 bytes,    7010536 total
[2023-11-15T23:01:23.046+0000][7][gc,age      ] GC(263) - age   8:     200888 bytes,    7211424 total
[2023-11-15T23:01:23.046+0000][7][gc,age      ] GC(263) - age   9:     350552 bytes,    7561976 total
[2023-11-15T23:01:23.046+0000][7][gc,age      ] GC(263) - age  10:     237200 bytes,    7799176 total
[2023-11-15T23:01:23.046+0000][7][gc,age      ] GC(263) - age  11:     267320 bytes,    8066496 total
[2023-11-15T23:01:23.046+0000][7][gc,age      ] GC(263) - age  12:     265824 bytes,    8332320 total
[2023-11-15T23:01:23.046+0000][7][gc,age      ] GC(263) - age  13:     316088 bytes,    8648408 total
[2023-11-15T23:01:23.046+0000][7][gc,age      ] GC(263) - age  14:     233704 bytes,    8882112 total
[2023-11-15T23:01:23.046+0000][7][gc,age      ] GC(263) - age  15:     332728 bytes,    9214840 total
[2023-11-15T23:01:23.046+0000][7][gc,phases   ] GC(263)   Pre Evacuate Collection Set: 0.4ms
[2023-11-15T23:01:23.046+0000][7][gc,phases   ] GC(263)   Merge Heap Roots: 0.2ms
[2023-11-15T23:01:23.046+0000][7][gc,phases   ] GC(263)   Evacuate Collection Set: 6.1ms
[2023-11-15T23:01:23.046+0000][7][gc,phases   ] GC(263)   Post Evacuate Collection Set: 1.4ms
[2023-11-15T23:01:23.046+0000][7][gc,phases   ] GC(263)   Other: 0.7ms
[2023-11-15T23:01:23.046+0000][7][gc,heap     ] GC(263) Eden regions: 64->0(64)
[2023-11-15T23:01:23.046+0000][7][gc,heap     ] GC(263) Survivor regions: 3->3(9)
[2023-11-15T23:01:23.046+0000][7][gc,heap     ] GC(263) Old regions: 31->31
[2023-11-15T23:01:23.046+0000][7][gc,heap     ] GC(263) Archive regions: 2->2
[2023-11-15T23:01:23.046+0000][7][gc,heap     ] GC(263) Humongous regions: 5->5
[2023-11-15T23:01:23.046+0000][7][gc,metaspace] GC(263) Metaspace: 117280K(118848K)->117280K(118848K) NonClass: 101783K(102720K)->101783K(102720K) Class: 15497K(16128K)->15497K(16128K)
[2023-11-15T23:01:23.046+0000][7][gc          ] GC(263) Pause Young (Concurrent Start) (G1 Evacuation Pause) 409M->154M(512M) 8.853ms
[2023-11-15T23:01:23.046+0000][7][gc,cpu      ] GC(263) User=0.04s Sys=0.00s Real=0.01s
[2023-11-15T23:01:23.046+0000][7][safepoint   ] Safepoint "G1CollectForAllocation", Time since last: 16605642483 ns, Reaching safepoint: 124953 ns, At safepoint: 9066611 ns, Total: 9191564 ns
[2023-11-15T23:01:23.046+0000][7][gc          ] GC(264) Concurrent Mark Cycle
[2023-11-15T23:01:23.046+0000][7][gc,marking  ] GC(264) Concurrent Clear Claimed Marks
[2023-11-15T23:01:23.047+0000][7][gc,marking  ] GC(264) Concurrent Clear Claimed Marks 0.202ms
[2023-11-15T23:01:23.047+0000][7][gc,marking  ] GC(264) Concurrent Scan Root Regions
[2023-11-15T23:01:23.053+0000][7][gc,marking  ] GC(264) Concurrent Scan Root Regions 6.034ms
[2023-11-15T23:01:23.053+0000][7][gc,marking  ] GC(264) Concurrent Mark
[2023-11-15T23:01:23.053+0000][7][gc,marking  ] GC(264) Concurrent Mark From Roots
[2023-11-15T23:01:23.053+0000][7][gc,task     ] GC(264) Using 2 workers of 2 for marking
[2023-11-15T23:01:23.128+0000][7][gc,marking  ] GC(264) Concurrent Mark From Roots 74.876ms
[2023-11-15T23:01:23.128+0000][7][gc,marking  ] GC(264) Concurrent Preclean
[2023-11-15T23:01:23.128+0000][7][gc,marking  ] GC(264) Concurrent Preclean 0.160ms
[2023-11-15T23:01:23.128+0000][7][gc,start    ] GC(264) Pause Remark
[2023-11-15T23:01:23.133+0000][7][gc          ] GC(264) Pause Remark 162M->162M(512M) 5.362ms
[2023-11-15T23:01:23.133+0000][7][gc,cpu      ] GC(264) User=0.04s Sys=0.00s Real=0.00s
[2023-11-15T23:01:23.133+0000][7][safepoint   ] Safepoint "G1Concurrent", Time since last: 81578554 ns, Reaching safepoint: 18235 ns, At safepoint: 5458163 ns, Total: 5476398 ns
[2023-11-15T23:01:23.133+0000][7][gc,marking  ] GC(264) Concurrent Mark 80.619ms
[2023-11-15T23:01:23.133+0000][7][gc,marking  ] GC(264) Concurrent Rebuild Remembered Sets
[2023-11-15T23:01:23.166+0000][7][gc,marking  ] GC(264) Concurrent Rebuild Remembered Sets 32.485ms
[2023-11-15T23:01:23.166+0000][7][gc,start    ] GC(264) Pause Cleanup
[2023-11-15T23:01:23.166+0000][7][gc          ] GC(264) Pause Cleanup 163M->163M(512M) 0.060ms
[2023-11-15T23:01:23.166+0000][7][gc,cpu      ] GC(264) User=0.00s Sys=0.00s Real=0.00s
[2023-11-15T23:01:23.166+0000][7][safepoint   ] Safepoint "G1Concurrent", Time since last: 32565362 ns, Reaching safepoint: 33499 ns, At safepoint: 131454 ns, Total: 164953 ns
[2023-11-15T23:01:23.166+0000][7][gc,marking  ] GC(264) Concurrent Cleanup for Next Mark
[2023-11-15T23:01:23.166+0000][7][gc,marking  ] GC(264) Concurrent Cleanup for Next Mark 0.340ms
[2023-11-15T23:01:23.166+0000][7][gc          ] GC(264) Concurrent Mark Cycle 120.190ms
[2023-11-15T23:01:35.168+0000][7][safepoint   ] Safepoint "Cleanup", Time since last: 12001503463 ns, Reaching safepoint: 107790 ns, At safepoint: 6239 ns, Total: 114029 ns
[2023-11-15T23:01:38.168+0000][7][safepoint   ] Safepoint "Cleanup", Time since last: 3000431894 ns, Reaching safepoint: 135042 ns, At safepoint: 15194 ns, Total: 150236 ns
[2023-11-15T23:01:40.269+0000][7][gc,start    ] GC(265) Pause Young (Normal) (G1 Evacuation Pause)
[2023-11-15T23:01:40.269+0000][7][gc,task     ] GC(265) Using 8 workers of 8 for evacuation
[2023-11-15T23:01:40.269+0000][7][gc,age      ] GC(265) Desired survivor size 18874368 bytes, new threshold 15 (max threshold 15)
[2023-11-15T23:01:40.273+0000][7][gc,age      ] GC(265) Age table with threshold 15 (max threshold 15)
[2023-11-15T23:01:40.273+0000][7][gc,age      ] GC(265) - age   1:     868600 bytes,     868600 total
[2023-11-15T23:01:40.273+0000][7][gc,age      ] GC(265) - age   2:    1106104 bytes,    1974704 total
[2023-11-15T23:01:40.273+0000][7][gc,age      ] GC(265) - age   3:     789104 bytes,    2763808 total
[2023-11-15T23:01:40.273+0000][7][gc,age      ] GC(265) - age   4:     234720 bytes,    2998528 total
[2023-11-15T23:01:40.273+0000][7][gc,age      ] GC(265) - age   5:     873056 bytes,    3871584 total
[2023-11-15T23:01:40.273+0000][7][gc,age      ] GC(265) - age   6:    1525320 bytes,    5396904 total
[2023-11-15T23:01:40.273+0000][7][gc,age      ] GC(265) - age   7:     370872 bytes,    5767776 total
[2023-11-15T23:01:40.273+0000][7][gc,age      ] GC(265) - age   8:     270968 bytes,    6038744 total
[2023-11-15T23:01:40.273+0000][7][gc,age      ] GC(265) - age   9:     200360 bytes,    6239104 total
[2023-11-15T23:01:40.273+0000][7][gc,age      ] GC(265) - age  10:     350552 bytes,    6589656 total
[2023-11-15T23:01:40.273+0000][7][gc,age      ] GC(265) - age  11:     237200 bytes,    6826856 total
[2023-11-15T23:01:40.273+0000][7][gc,age      ] GC(265) - age  12:     267320 bytes,    7094176 total
[2023-11-15T23:01:40.273+0000][7][gc,age      ] GC(265) - age  13:     265824 bytes,    7360000 total
[2023-11-15T23:01:40.273+0000][7][gc,age      ] GC(265) - age  14:     316088 bytes,    7676088 total
[2023-11-15T23:01:40.273+0000][7][gc,age      ] GC(265) - age  15:     233704 bytes,    7909792 total
[2023-11-15T23:01:40.273+0000][7][gc,phases   ] GC(265)   Pre Evacuate Collection Set: 0.1ms
[2023-11-15T23:01:40.273+0000][7][gc,phases   ] GC(265)   Merge Heap Roots: 0.1ms
[2023-11-15T23:01:40.273+0000][7][gc,phases   ] GC(265)   Evacuate Collection Set: 2.9ms
[2023-11-15T23:01:40.273+0000][7][gc,phases   ] GC(265)   Post Evacuate Collection Set: 0.6ms
[2023-11-15T23:01:40.273+0000][7][gc,phases   ] GC(265)   Other: 0.5ms
[2023-11-15T23:01:40.273+0000][7][gc,heap     ] GC(265) Eden regions: 64->0(66)
[2023-11-15T23:01:40.273+0000][7][gc,heap     ] GC(265) Survivor regions: 3->2(9)
[2023-11-15T23:01:40.273+0000][7][gc,heap     ] GC(265) Old regions: 31->31
[2023-11-15T23:01:40.273+0000][7][gc,heap     ] GC(265) Archive regions: 2->2
[2023-11-15T23:01:40.273+0000][7][gc,heap     ] GC(265) Humongous regions: 5->5
[2023-11-15T23:01:40.273+0000][7][gc,metaspace] GC(265) Metaspace: 117280K(118848K)->117280K(118848K) NonClass: 101783K(102720K)->101783K(102720K) Class: 15497K(16128K)->15497K(16128K)
[2023-11-15T23:01:40.273+0000][7][gc          ] GC(265) Pause Young (Normal) (G1 Evacuation Pause) 410M->153M(512M) 4.198ms
[2023-11-15T23:01:40.273+0000][7][gc,cpu      ] GC(265) User=0.02s Sys=0.00s Real=0.00s
[2023-11-15T23:01:40.273+0000][7][safepoint   ] Safepoint "G1CollectForAllocation", Time since last: 2100639822 ns, Reaching safepoint: 63581 ns, At safepoint: 4316101 ns, Total: 4379682 ns
[2023-11-15T23:01:47.274+0000][7][safepoint   ] Safepoint "Cleanup", Time since last: 7000723914 ns, Reaching safepoint: 42312 ns, At safepoint: 3243 ns, Total: 45555 ns
[2023-11-15T23:01:58.751+0000][7][gc,start    ] GC(266) Pause Young (Concurrent Start) (G1 Evacuation Pause)
[2023-11-15T23:01:58.751+0000][7][gc,task     ] GC(266) Using 8 workers of 8 for evacuation
[2023-11-15T23:01:58.751+0000][7][gc,age      ] GC(266) Desired survivor size 18874368 bytes, new threshold 15 (max threshold 15)
[2023-11-15T23:01:58.758+0000][7][gc,age      ] GC(266) Age table with threshold 15 (max threshold 15)
[2023-11-15T23:01:58.758+0000][7][gc,age      ] GC(266) - age   1:    1538008 bytes,    1538008 total
[2023-11-15T23:01:58.758+0000][7][gc,age      ] GC(266) - age   2:     566352 bytes,    2104360 total
[2023-11-15T23:01:58.758+0000][7][gc,age      ] GC(266) - age   3:    1057464 bytes,    3161824 total
[2023-11-15T23:01:58.758+0000][7][gc,age      ] GC(266) - age   4:     788080 bytes,    3949904 total
[2023-11-15T23:01:58.758+0000][7][gc,age      ] GC(266) - age   5:     234208 bytes,    4184112 total
[2023-11-15T23:01:58.758+0000][7][gc,age      ] GC(266) - age   6:     872800 bytes,    5056912 total
[2023-11-15T23:01:58.758+0000][7][gc,age      ] GC(266) - age   7:    1525320 bytes,    6582232 total
[2023-11-15T23:01:58.758+0000][7][gc,age      ] GC(266) - age   8:     367400 bytes,    6949632 total
[2023-11-15T23:01:58.758+0000][7][gc,age      ] GC(266) - age   9:     270968 bytes,    7220600 total
[2023-11-15T23:01:58.758+0000][7][gc,age      ] GC(266) - age  10:     200336 bytes,    7420936 total
[2023-11-15T23:01:58.758+0000][7][gc,age      ] GC(266) - age  11:     350552 bytes,    7771488 total
[2023-11-15T23:01:58.758+0000][7][gc,age      ] GC(266) - age  12:     237200 bytes,    8008688 total
[2023-11-15T23:01:58.758+0000][7][gc,age      ] GC(266) - age  13:     267320 bytes,    8276008 total
[2023-11-15T23:01:58.758+0000][7][gc,age      ] GC(266) - age  14:     265824 bytes,    8541832 total
[2023-11-15T23:01:58.758+0000][7][gc,age      ] GC(266) - age  15:     316088 bytes,    8857920 total
[2023-11-15T23:01:58.758+0000][7][gc,phases   ] GC(266)   Pre Evacuate Collection Set: 0.4ms
[2023-11-15T23:01:58.758+0000][7][gc,phases   ] GC(266)   Merge Heap Roots: 0.2ms
[2023-11-15T23:01:58.758+0000][7][gc,phases   ] GC(266)   Evacuate Collection Set: 4.6ms
[2023-11-15T23:01:58.758+0000][7][gc,phases   ] GC(266)   Post Evacuate Collection Set: 1.3ms
[2023-11-15T23:01:58.758+0000][7][gc,phases   ] GC(266)   Other: 0.7ms
[2023-11-15T23:01:58.758+0000][7][gc,heap     ] GC(266) Eden regions: 66->0(64)
[2023-11-15T23:01:58.758+0000][7][gc,heap     ] GC(266) Survivor regions: 2->3(9)
[2023-11-15T23:01:58.758+0000][7][gc,heap     ] GC(266) Old regions: 31->31
[2023-11-15T23:01:58.758+0000][7][gc,heap     ] GC(266) Archive regions: 2->2
[2023-11-15T23:01:58.758+0000][7][gc,heap     ] GC(266) Humongous regions: 5->5
[2023-11-15T23:01:58.758+0000][7][gc,metaspace] GC(266) Metaspace: 117282K(118848K)->117282K(118848K) NonClass: 101785K(102720K)->101785K(102720K) Class: 15497K(16128K)->15497K(16128K)
[2023-11-15T23:01:58.758+0000][7][gc          ] GC(266) Pause Young (Concurrent Start) (G1 Evacuation Pause) 417M->154M(512M) 7.333ms
[2023-11-15T23:01:58.759+0000][7][gc,cpu      ] GC(266) User=0.04s Sys=0.00s Real=0.01s
[2023-11-15T23:01:58.759+0000][7][safepoint   ] Safepoint "G1CollectForAllocation", Time since last: 11476806931 ns, Reaching safepoint: 213502 ns, At safepoint: 7568548 ns, Total: 7782050 ns
[2023-11-15T23:01:58.759+0000][7][gc          ] GC(267) Concurrent Mark Cycle
[2023-11-15T23:01:58.759+0000][7][gc,marking  ] GC(267) Concurrent Clear Claimed Marks
[2023-11-15T23:01:58.759+0000][7][gc,marking  ] GC(267) Concurrent Clear Claimed Marks 0.201ms
[2023-11-15T23:01:58.759+0000][7][gc,marking  ] GC(267) Concurrent Scan Root Regions
[2023-11-15T23:01:58.763+0000][7][gc,marking  ] GC(267) Concurrent Scan Root Regions 4.492ms
[2023-11-15T23:01:58.764+0000][7][gc,marking  ] GC(267) Concurrent Mark
[2023-11-15T23:01:58.764+0000][7][gc,marking  ] GC(267) Concurrent Mark From Roots
[2023-11-15T23:01:58.764+0000][7][gc,task     ] GC(267) Using 2 workers of 2 for marking
[2023-11-15T23:01:58.871+0000][7][gc,marking  ] GC(267) Concurrent Mark From Roots 107.262ms
[2023-11-15T23:01:58.871+0000][7][gc,marking  ] GC(267) Concurrent Preclean
[2023-11-15T23:01:58.871+0000][7][gc,marking  ] GC(267) Concurrent Preclean 0.161ms
[2023-11-15T23:01:58.871+0000][7][gc,start    ] GC(267) Pause Remark
[2023-11-15T23:01:58.876+0000][7][gc          ] GC(267) Pause Remark 166M->166M(512M) 5.062ms
[2023-11-15T23:01:58.876+0000][7][gc,cpu      ] GC(267) User=0.02s Sys=0.01s Real=0.01s
[2023-11-15T23:01:58.876+0000][7][safepoint   ] Safepoint "G1Concurrent", Time since last: 112490333 ns, Reaching safepoint: 36847 ns, At safepoint: 5170012 ns, Total: 5206859 ns
[2023-11-15T23:01:58.876+0000][7][gc,marking  ] GC(267) Concurrent Mark 112.810ms
[2023-11-15T23:01:58.876+0000][7][gc,marking  ] GC(267) Concurrent Rebuild Remembered Sets
[2023-11-15T23:01:58.907+0000][7][gc,marking  ] GC(267) Concurrent Rebuild Remembered Sets 31.026ms
[2023-11-15T23:01:58.908+0000][7][gc,start    ] GC(267) Pause Cleanup
[2023-11-15T23:01:58.908+0000][7][gc          ] GC(267) Pause Cleanup 166M->166M(512M) 0.092ms
[2023-11-15T23:01:58.908+0000][7][gc,cpu      ] GC(267) User=0.00s Sys=0.00s Real=0.00s
[2023-11-15T23:01:58.908+0000][7][safepoint   ] Safepoint "G1Concurrent", Time since last: 31180364 ns, Reaching safepoint: 67050 ns, At safepoint: 144211 ns, Total: 211261 ns
[2023-11-15T23:01:58.908+0000][7][gc,marking  ] GC(267) Concurrent Cleanup for Next Mark
[2023-11-15T23:01:58.909+0000][7][gc,marking  ] GC(267) Concurrent Cleanup for Next Mark 0.941ms
[2023-11-15T23:01:58.909+0000][7][gc          ] GC(267) Concurrent Mark Cycle 150.039ms
[2023-11-15T23:02:14.148+0000][7][gc,start    ] GC(268) Pause Young (Prepare Mixed) (G1 Evacuation Pause)
[2023-11-15T23:02:14.148+0000][7][gc,task     ] GC(268) Using 8 workers of 8 for evacuation
[2023-11-15T23:02:14.149+0000][7][gc,age      ] GC(268) Desired survivor size 18874368 bytes, new threshold 15 (max threshold 15)
[2023-11-15T23:02:14.156+0000][7][gc,age      ] GC(268) Age table with threshold 15 (max threshold 15)
[2023-11-15T23:02:14.156+0000][7][gc,age      ] GC(268) - age   1:    3433592 bytes,    3433592 total
[2023-11-15T23:02:14.156+0000][7][gc,age      ] GC(268) - age   2:    1482072 bytes,    4915664 total
[2023-11-15T23:02:14.156+0000][7][gc,age      ] GC(268) - age   3:     551632 bytes,    5467296 total
[2023-11-15T23:02:14.156+0000][7][gc,age      ] GC(268) - age   4:    1056864 bytes,    6524160 total
[2023-11-15T23:02:14.156+0000][7][gc,age      ] GC(268) - age   5:     787504 bytes,    7311664 total
[2023-11-15T23:02:14.156+0000][7][gc,age      ] GC(268) - age   6:     234080 bytes,    7545744 total
[2023-11-15T23:02:14.156+0000][7][gc,age      ] GC(268) - age   7:     872768 bytes,    8418512 total
[2023-11-15T23:02:14.156+0000][7][gc,age      ] GC(268) - age   8:     200992 bytes,    8619504 total
[2023-11-15T23:02:14.156+0000][7][gc,age      ] GC(268) - age   9:     267024 bytes,    8886528 total
[2023-11-15T23:02:14.156+0000][7][gc,age      ] GC(268) - age  10:     270360 bytes,    9156888 total
[2023-11-15T23:02:14.156+0000][7][gc,age      ] GC(268) - age  11:     200336 bytes,    9357224 total
[2023-11-15T23:02:14.156+0000][7][gc,age      ] GC(268) - age  12:     350552 bytes,    9707776 total
[2023-11-15T23:02:14.156+0000][7][gc,age      ] GC(268) - age  13:     237200 bytes,    9944976 total
[2023-11-15T23:02:14.156+0000][7][gc,age      ] GC(268) - age  14:     267320 bytes,   10212296 total
[2023-11-15T23:02:14.156+0000][7][gc,age      ] GC(268) - age  15:     265824 bytes,   10478120 total
[2023-11-15T23:02:14.156+0000][7][gc,phases   ] GC(268)   Pre Evacuate Collection Set: 0.2ms
[2023-11-15T23:02:14.156+0000][7][gc,phases   ] GC(268)   Merge Heap Roots: 0.2ms
[2023-11-15T23:02:14.156+0000][7][gc,phases   ] GC(268)   Evacuate Collection Set: 5.5ms
[2023-11-15T23:02:14.156+0000][7][gc,phases   ] GC(268)   Post Evacuate Collection Set: 1.4ms
[2023-11-15T23:02:14.156+0000][7][gc,phases   ] GC(268)   Other: 0.6ms
[2023-11-15T23:02:14.156+0000][7][gc,heap     ] GC(268) Eden regions: 64->0(3)
[2023-11-15T23:02:14.156+0000][7][gc,heap     ] GC(268) Survivor regions: 3->3(9)
[2023-11-15T23:02:14.156+0000][7][gc,heap     ] GC(268) Old regions: 31->31
[2023-11-15T23:02:14.156+0000][7][gc,heap     ] GC(268) Archive regions: 2->2
[2023-11-15T23:02:14.156+0000][7][gc,heap     ] GC(268) Humongous regions: 5->5
[2023-11-15T23:02:14.156+0000][7][gc,metaspace] GC(268) Metaspace: 117285K(118848K)->117285K(118848K) NonClass: 101788K(102720K)->101788K(102720K) Class: 15497K(16128K)->15497K(16128K)
[2023-11-15T23:02:14.156+0000][7][gc          ] GC(268) Pause Young (Prepare Mixed) (G1 Evacuation Pause) 410M->157M(512M) 7.974ms
[2023-11-15T23:02:14.156+0000][7][gc,cpu      ] GC(268) User=0.04s Sys=0.00s Real=0.01s
[2023-11-15T23:02:14.156+0000][7][safepoint   ] Safepoint "G1CollectForAllocation", Time since last: 15240441555 ns, Reaching safepoint: 166848 ns, At safepoint: 8168794 ns, Total: 8335642 ns
[2023-11-15T23:02:14.754+0000][7][gc,start    ] GC(269) Pause Young (Mixed) (G1 Evacuation Pause)
[2023-11-15T23:02:14.755+0000][7][gc,task     ] GC(269) Using 8 workers of 8 for evacuation
[2023-11-15T23:02:14.755+0000][7][gc,age      ] GC(269) Desired survivor size 2097152 bytes, new threshold 1 (max threshold 15)
[2023-11-15T23:02:14.761+0000][7][gc,age      ] GC(269) Age table with threshold 1 (max threshold 15)
[2023-11-15T23:02:14.761+0000][7][gc,age      ] GC(269) - age   1:     284080 bytes,     284080 total
[2023-11-15T23:02:14.761+0000][7][gc,phases   ] GC(269)   Pre Evacuate Collection Set: 0.2ms
[2023-11-15T23:02:14.761+0000][7][gc,phases   ] GC(269)   Merge Heap Roots: 0.1ms
[2023-11-15T23:02:14.761+0000][7][gc,phases   ] GC(269)   Evacuate Collection Set: 4.8ms
[2023-11-15T23:02:14.761+0000][7][gc,phases   ] GC(269)   Post Evacuate Collection Set: 1.3ms
[2023-11-15T23:02:14.761+0000][7][gc,phases   ] GC(269)   Other: 0.5ms
[2023-11-15T23:02:14.761+0000][7][gc,heap     ] GC(269) Eden regions: 3->0(64)
[2023-11-15T23:02:14.761+0000][7][gc,heap     ] GC(269) Survivor regions: 3->1(1)
[2023-11-15T23:02:14.761+0000][7][gc,heap     ] GC(269) Old regions: 31->33
[2023-11-15T23:02:14.761+0000][7][gc,heap     ] GC(269) Archive regions: 2->2
[2023-11-15T23:02:14.761+0000][7][gc,heap     ] GC(269) Humongous regions: 5->5
[2023-11-15T23:02:14.761+0000][7][gc,metaspace] GC(269) Metaspace: 117285K(118848K)->117285K(118848K) NonClass: 101788K(102720K)->101788K(102720K) Class: 15497K(16128K)->15497K(16128K)
[2023-11-15T23:02:14.762+0000][7][gc          ] GC(269) Pause Young (Mixed) (G1 Evacuation Pause) 169M->152M(512M) 7.096ms
[2023-11-15T23:02:14.762+0000][7][gc,cpu      ] GC(269) User=0.03s Sys=0.00s Real=0.01s
[2023-11-15T23:02:14.762+0000][7][safepoint   ] Safepoint "G1CollectForAllocation", Time since last: 597760986 ns, Reaching safepoint: 111714 ns, At safepoint: 7307336 ns, Total: 7419050 ns
[2023-11-15T23:02:30.996+0000][7][gc,start    ] GC(270) Pause Young (Normal) (G1 Evacuation Pause)
[2023-11-15T23:02:30.996+0000][7][gc,task     ] GC(270) Using 8 workers of 8 for evacuation
[2023-11-15T23:02:30.996+0000][7][gc,age      ] GC(270) Desired survivor size 18874368 bytes, new threshold 15 (max threshold 15)
[2023-11-15T23:02:30.998+0000][7][gc,age      ] GC(270) Age table with threshold 15 (max threshold 15)
[2023-11-15T23:02:30.998+0000][7][gc,age      ] GC(270) - age   1:     993472 bytes,     993472 total
[2023-11-15T23:02:30.998+0000][7][gc,age      ] GC(270) - age   2:      89600 bytes,    1083072 total
[2023-11-15T23:02:30.998+0000][7][gc,phases   ] GC(270)   Pre Evacuate Collection Set: 0.1ms
[2023-11-15T23:02:30.998+0000][7][gc,phases   ] GC(270)   Merge Heap Roots: 0.0ms
[2023-11-15T23:02:30.998+0000][7][gc,phases   ] GC(270)   Evacuate Collection Set: 0.9ms
[2023-11-15T23:02:30.998+0000][7][gc,phases   ] GC(270)   Post Evacuate Collection Set: 0.5ms
[2023-11-15T23:02:30.998+0000][7][gc,phases   ] GC(270)   Other: 0.5ms
[2023-11-15T23:02:30.998+0000][7][gc,heap     ] GC(270) Eden regions: 64->0(65)
[2023-11-15T23:02:30.998+0000][7][gc,heap     ] GC(270) Survivor regions: 1->1(9)
[2023-11-15T23:02:30.998+0000][7][gc,heap     ] GC(270) Old regions: 33->33
[2023-11-15T23:02:30.998+0000][7][gc,heap     ] GC(270) Archive regions: 2->2
[2023-11-15T23:02:30.998+0000][7][gc,heap     ] GC(270) Humongous regions: 5->5
[2023-11-15T23:02:30.998+0000][7][gc,metaspace] GC(270) Metaspace: 117285K(118848K)->117285K(118848K) NonClass: 101788K(102720K)->101788K(102720K) Class: 15497K(16128K)->15497K(16128K)
[2023-11-15T23:02:30.998+0000][7][gc          ] GC(270) Pause Young (Normal) (G1 Evacuation Pause) 408M->153M(512M) 2.033ms
[2023-11-15T23:02:30.998+0000][7][gc,cpu      ] GC(270) User=0.00s Sys=0.00s Real=0.00s
[2023-11-15T23:02:30.998+0000][7][safepoint   ] Safepoint "G1CollectForAllocation", Time since last: 16234006377 ns, Reaching safepoint: 68676 ns, At safepoint: 2127155 ns, Total: 2195831 ns
[2023-11-15T23:02:34.998+0000][7][safepoint   ] Safepoint "Cleanup", Time since last: 4000359958 ns, Reaching safepoint: 158864 ns, At safepoint: 43829 ns, Total: 202693 ns
[2023-11-15T23:02:47.714+0000][7][gc,start    ] GC(271) Pause Young (Normal) (G1 Evacuation Pause)
[2023-11-15T23:02:47.714+0000][7][gc,task     ] GC(271) Using 8 workers of 8 for evacuation
[2023-11-15T23:02:47.714+0000][7][gc,age      ] GC(271) Desired survivor size 18874368 bytes, new threshold 15 (max threshold 15)
[2023-11-15T23:02:47.720+0000][7][gc,age      ] GC(271) Age table with threshold 15 (max threshold 15)
[2023-11-15T23:02:47.720+0000][7][gc,age      ] GC(271) - age   1:    2380544 bytes,    2380544 total
[2023-11-15T23:02:47.720+0000][7][gc,age      ] GC(271) - age   2:     932872 bytes,    3313416 total
[2023-11-15T23:02:47.720+0000][7][gc,age      ] GC(271) - age   3:      89600 bytes,    3403016 total
[2023-11-15T23:02:47.720+0000][7][gc,phases   ] GC(271)   Pre Evacuate Collection Set: 0.2ms
[2023-11-15T23:02:47.720+0000][7][gc,phases   ] GC(271)   Merge Heap Roots: 0.2ms
[2023-11-15T23:02:47.720+0000][7][gc,phases   ] GC(271)   Evacuate Collection Set: 3.4ms
[2023-11-15T23:02:47.720+0000][7][gc,phases   ] GC(271)   Post Evacuate Collection Set: 1.3ms
[2023-11-15T23:02:47.720+0000][7][gc,phases   ] GC(271)   Other: 0.5ms
[2023-11-15T23:02:47.720+0000][7][gc,heap     ] GC(271) Eden regions: 65->0(65)
[2023-11-15T23:02:47.720+0000][7][gc,heap     ] GC(271) Survivor regions: 1->1(9)
[2023-11-15T23:02:47.720+0000][7][gc,heap     ] GC(271) Old regions: 33->33
[2023-11-15T23:02:47.720+0000][7][gc,heap     ] GC(271) Archive regions: 2->2
[2023-11-15T23:02:47.720+0000][7][gc,heap     ] GC(271) Humongous regions: 5->5
[2023-11-15T23:02:47.720+0000][7][gc,metaspace] GC(271) Metaspace: 117291K(118848K)->117291K(118848K) NonClass: 101794K(102720K)->101794K(102720K) Class: 15497K(16128K)->15497K(16128K)
[2023-11-15T23:02:47.720+0000][7][gc          ] GC(271) Pause Young (Normal) (G1 Evacuation Pause) 413M->155M(512M) 5.826ms
[2023-11-15T23:02:47.720+0000][7][gc,cpu      ] GC(271) User=0.03s Sys=0.00s Real=0.01s
[2023-11-15T23:02:47.720+0000][7][safepoint   ] Safepoint "G1CollectForAllocation", Time since last: 12715368167 ns, Reaching safepoint: 219901 ns, At safepoint: 6035715 ns, Total: 6255616 ns
[2023-11-15T23:03:04.514+0000][7][gc,start    ] GC(272) Pause Young (Concurrent Start) (G1 Evacuation Pause)
[2023-11-15T23:03:04.514+0000][7][gc,task     ] GC(272) Using 8 workers of 8 for evacuation
[2023-11-15T23:03:04.514+0000][7][gc,age      ] GC(272) Desired survivor size 18874368 bytes, new threshold 15 (max threshold 15)
[2023-11-15T23:03:04.520+0000][7][gc,age      ] GC(272) Age table with threshold 15 (max threshold 15)
[2023-11-15T23:03:04.520+0000][7][gc,age      ] GC(272) - age   1:    1321520 bytes,    1321520 total
[2023-11-15T23:03:04.520+0000][7][gc,age      ] GC(272) - age   2:    1321448 bytes,    2642968 total
[2023-11-15T23:03:04.520+0000][7][gc,age      ] GC(272) - age   3:     917480 bytes,    3560448 total
[2023-11-15T23:03:04.520+0000][7][gc,age      ] GC(272) - age   4:      36168 bytes,    3596616 total
[2023-11-15T23:03:04.520+0000][7][gc,phases   ] GC(272)   Pre Evacuate Collection Set: 0.4ms
[2023-11-15T23:03:04.520+0000][7][gc,phases   ] GC(272)   Merge Heap Roots: 0.2ms
[2023-11-15T23:03:04.520+0000][7][gc,phases   ] GC(272)   Evacuate Collection Set: 4.0ms
[2023-11-15T23:03:04.520+0000][7][gc,phases   ] GC(272)   Post Evacuate Collection Set: 1.3ms
[2023-11-15T23:03:04.520+0000][7][gc,phases   ] GC(272)   Other: 0.6ms
[2023-11-15T23:03:04.520+0000][7][gc,heap     ] GC(272) Eden regions: 65->0(65)
[2023-11-15T23:03:04.520+0000][7][gc,heap     ] GC(272) Survivor regions: 1->1(9)
[2023-11-15T23:03:04.520+0000][7][gc,heap     ] GC(272) Old regions: 33->33
[2023-11-15T23:03:04.520+0000][7][gc,heap     ] GC(272) Archive regions: 2->2
[2023-11-15T23:03:04.520+0000][7][gc,heap     ] GC(272) Humongous regions: 5->5
[2023-11-15T23:03:04.521+0000][7][gc,metaspace] GC(272) Metaspace: 117291K(118848K)->117291K(118848K) NonClass: 101794K(102720K)->101794K(102720K) Class: 15497K(16128K)->15497K(16128K)
[2023-11-15T23:03:04.521+0000][7][gc          ] GC(272) Pause Young (Concurrent Start) (G1 Evacuation Pause) 415M->155M(512M) 6.569ms
[2023-11-15T23:03:04.521+0000][7][gc,cpu      ] GC(272) User=0.04s Sys=0.00s Real=0.01s
[2023-11-15T23:03:04.521+0000][7][gc          ] GC(273) Concurrent Mark Cycle
[2023-11-15T23:03:04.521+0000][7][gc,marking  ] GC(273) Concurrent Clear Claimed Marks
[2023-11-15T23:03:04.521+0000][7][safepoint   ] Safepoint "G1CollectForAllocation", Time since last: 16793747453 ns, Reaching safepoint: 107526 ns, At safepoint: 6790140 ns, Total: 6897666 ns
[2023-11-15T23:03:04.521+0000][7][gc,marking  ] GC(273) Concurrent Clear Claimed Marks 0.189ms
[2023-11-15T23:03:04.521+0000][7][gc,marking  ] GC(273) Concurrent Scan Root Regions
[2023-11-15T23:03:04.527+0000][7][gc,marking  ] GC(273) Concurrent Scan Root Regions 5.964ms
[2023-11-15T23:03:04.527+0000][7][gc,marking  ] GC(273) Concurrent Mark
[2023-11-15T23:03:04.527+0000][7][gc,marking  ] GC(273) Concurrent Mark From Roots
[2023-11-15T23:03:04.527+0000][7][gc,task     ] GC(273) Using 2 workers of 2 for marking
[2023-11-15T23:03:04.610+0000][7][gc,marking  ] GC(273) Concurrent Mark From Roots 82.509ms
[2023-11-15T23:03:04.610+0000][7][gc,marking  ] GC(273) Concurrent Preclean
[2023-11-15T23:03:04.610+0000][7][gc,marking  ] GC(273) Concurrent Preclean 0.189ms
[2023-11-15T23:03:04.610+0000][7][gc,start    ] GC(273) Pause Remark
[2023-11-15T23:03:04.615+0000][7][gc          ] GC(273) Pause Remark 159M->159M(512M) 5.407ms
[2023-11-15T23:03:04.615+0000][7][gc,cpu      ] GC(273) User=0.04s Sys=0.00s Real=0.01s
[2023-11-15T23:03:04.615+0000][7][safepoint   ] Safepoint "G1Concurrent", Time since last: 89168933 ns, Reaching safepoint: 21910 ns, At safepoint: 5507012 ns, Total: 5528922 ns
[2023-11-15T23:03:04.615+0000][7][gc,marking  ] GC(273) Concurrent Mark 88.402ms
[2023-11-15T23:03:04.615+0000][7][gc,marking  ] GC(273) Concurrent Rebuild Remembered Sets
[2023-11-15T23:03:04.651+0000][7][gc,marking  ] GC(273) Concurrent Rebuild Remembered Sets 35.711ms
[2023-11-15T23:03:04.651+0000][7][gc,start    ] GC(273) Pause Cleanup
[2023-11-15T23:03:04.651+0000][7][gc          ] GC(273) Pause Cleanup 159M->159M(512M) 0.080ms
[2023-11-15T23:03:04.651+0000][7][gc,cpu      ] GC(273) User=0.01s Sys=0.00s Real=0.00s
[2023-11-15T23:03:04.651+0000][7][safepoint   ] Safepoint "G1Concurrent", Time since last: 35896009 ns, Reaching safepoint: 37143 ns, At safepoint: 127512 ns, Total: 164655 ns
[2023-11-15T23:03:04.651+0000][7][gc,marking  ] GC(273) Concurrent Cleanup for Next Mark
[2023-11-15T23:03:04.652+0000][7][gc,marking  ] GC(273) Concurrent Cleanup for Next Mark 0.421ms
[2023-11-15T23:03:04.652+0000][7][gc          ] GC(273) Concurrent Mark Cycle 131.246ms
[2023-11-15T23:03:20.914+0000][7][gc,start    ] GC(274) Pause Young (Prepare Mixed) (G1 Evacuation Pause)
[2023-11-15T23:03:20.914+0000][7][gc,task     ] GC(274) Using 8 workers of 8 for evacuation
[2023-11-15T23:03:20.914+0000][7][gc,age      ] GC(274) Desired survivor size 18874368 bytes, new threshold 15 (max threshold 15)
[2023-11-15T23:03:20.918+0000][7][gc,age      ] GC(274) Age table with threshold 15 (max threshold 15)
[2023-11-15T23:03:20.919+0000][7][gc,age      ] GC(274) - age   1:    1297680 bytes,    1297680 total
[2023-11-15T23:03:20.919+0000][7][gc,age      ] GC(274) - age   2:     236296 bytes,    1533976 total
[2023-11-15T23:03:20.919+0000][7][gc,age      ] GC(274) - age   3:    1305608 bytes,    2839584 total
[2023-11-15T23:03:20.919+0000][7][gc,age      ] GC(274) - age   4:     880968 bytes,    3720552 total
[2023-11-15T23:03:20.919+0000][7][gc,age      ] GC(274) - age   5:      33832 bytes,    3754384 total
[2023-11-15T23:03:20.919+0000][7][gc,phases   ] GC(274)   Pre Evacuate Collection Set: 0.2ms
[2023-11-15T23:03:20.919+0000][7][gc,phases   ] GC(274)   Merge Heap Roots: 0.2ms
[2023-11-15T23:03:20.919+0000][7][gc,phases   ] GC(274)   Evacuate Collection Set: 2.9ms
[2023-11-15T23:03:20.919+0000][7][gc,phases   ] GC(274)   Post Evacuate Collection Set: 1.0ms
[2023-11-15T23:03:20.919+0000][7][gc,phases   ] GC(274)   Other: 0.7ms
[2023-11-15T23:03:20.919+0000][7][gc,heap     ] GC(274) Eden regions: 65->0(5)
[2023-11-15T23:03:20.919+0000][7][gc,heap     ] GC(274) Survivor regions: 1->1(9)
[2023-11-15T23:03:20.919+0000][7][gc,heap     ] GC(274) Old regions: 33->33
[2023-11-15T23:03:20.919+0000][7][gc,heap     ] GC(274) Archive regions: 2->2
[2023-11-15T23:03:20.919+0000][7][gc,heap     ] GC(274) Humongous regions: 5->5
[2023-11-15T23:03:20.919+0000][7][gc,metaspace] GC(274) Metaspace: 117302K(118848K)->117302K(118848K) NonClass: 101805K(102720K)->101805K(102720K) Class: 15497K(16128K)->15497K(16128K)
[2023-11-15T23:03:20.919+0000][7][gc          ] GC(274) Pause Young (Prepare Mixed) (G1 Evacuation Pause) 415M->155M(512M) 4.900ms
[2023-11-15T23:03:20.919+0000][7][gc,cpu      ] GC(274) User=0.03s Sys=0.00s Real=0.01s
[2023-11-15T23:03:20.919+0000][7][safepoint   ] Safepoint "G1CollectForAllocation", Time since last: 16262281765 ns, Reaching safepoint: 122118 ns, At safepoint: 5040707 ns, Total: 5162825 ns
[2023-11-15T23:03:22.396+0000][7][gc,start    ] GC(275) Pause Young (Mixed) (G1 Evacuation Pause)
[2023-11-15T23:03:22.396+0000][7][gc,task     ] GC(275) Using 8 workers of 8 for evacuation
[2023-11-15T23:03:22.396+0000][7][gc,age      ] GC(275) Desired survivor size 2097152 bytes, new threshold 3 (max threshold 15)
[2023-11-15T23:03:22.402+0000][7][gc,age      ] GC(275) Age table with threshold 3 (max threshold 15)
[2023-11-15T23:03:22.402+0000][7][gc,age      ] GC(275) - age   1:     993360 bytes,     993360 total
[2023-11-15T23:03:22.402+0000][7][gc,age      ] GC(275) - age   2:    1281304 bytes,    2274664 total
[2023-11-15T23:03:22.402+0000][7][gc,age      ] GC(275) - age   3:     236200 bytes,    2510864 total
[2023-11-15T23:03:22.402+0000][7][gc,phases   ] GC(275)   Pre Evacuate Collection Set: 0.1ms
[2023-11-15T23:03:22.402+0000][7][gc,phases   ] GC(275)   Merge Heap Roots: 0.1ms
[2023-11-15T23:03:22.402+0000][7][gc,phases   ] GC(275)   Evacuate Collection Set: 4.1ms
[2023-11-15T23:03:22.402+0000][7][gc,phases   ] GC(275)   Post Evacuate Collection Set: 1.2ms
[2023-11-15T23:03:22.402+0000][7][gc,phases   ] GC(275)   Other: 0.4ms
[2023-11-15T23:03:22.402+0000][7][gc,heap     ] GC(275) Eden regions: 5->0(66)
[2023-11-15T23:03:22.402+0000][7][gc,heap     ] GC(275) Survivor regions: 1->1(1)
[2023-11-15T23:03:22.402+0000][7][gc,heap     ] GC(275) Old regions: 33->32
[2023-11-15T23:03:22.402+0000][7][gc,heap     ] GC(275) Archive regions: 2->2
[2023-11-15T23:03:22.402+0000][7][gc,heap     ] GC(275) Humongous regions: 5->5
[2023-11-15T23:03:22.402+0000][7][gc,metaspace] GC(275) Metaspace: 117302K(118848K)->117302K(118848K) NonClass: 101805K(102720K)->101805K(102720K) Class: 15497K(16128K)->15497K(16128K)
[2023-11-15T23:03:22.402+0000][7][gc          ] GC(275) Pause Young (Mixed) (G1 Evacuation Pause) 175M->152M(512M) 6.068ms
[2023-11-15T23:03:22.402+0000][7][gc,cpu      ] GC(275) User=0.02s Sys=0.00s Real=0.00s
[2023-11-15T23:03:22.402+0000][7][safepoint   ] Safepoint "G1CollectForAllocation", Time since last: 1476990608 ns, Reaching safepoint: 93453 ns, At safepoint: 6245914 ns, Total: 6339367 ns
[2023-11-15T23:03:35.404+0000][7][safepoint   ] Safepoint "Cleanup", Time since last: 13001608659 ns, Reaching safepoint: 171204 ns, At safepoint: 12105 ns, Total: 183309 ns
[2023-11-15T23:03:37.819+0000][7][gc,start    ] GC(276) Pause Young (Normal) (G1 Evacuation Pause)
[2023-11-15T23:03:37.819+0000][7][gc,task     ] GC(276) Using 8 workers of 8 for evacuation
[2023-11-15T23:03:37.819+0000][7][gc,age      ] GC(276) Desired survivor size 18874368 bytes, new threshold 15 (max threshold 15)
[2023-11-15T23:03:37.824+0000][7][gc,age      ] GC(276) Age table with threshold 15 (max threshold 15)
[2023-11-15T23:03:37.824+0000][7][gc,age      ] GC(276) - age   1:    1736432 bytes,    1736432 total
[2023-11-15T23:03:37.824+0000][7][gc,age      ] GC(276) - age   2:     962592 bytes,    2699024 total
[2023-11-15T23:03:37.824+0000][7][gc,age      ] GC(276) - age   3:     323160 bytes,    3022184 total
[2023-11-15T23:03:37.824+0000][7][gc,age      ] GC(276) - age   4:     235168 bytes,    3257352 total
[2023-11-15T23:03:37.824+0000][7][gc,phases   ] GC(276)   Pre Evacuate Collection Set: 0.2ms
[2023-11-15T23:03:37.824+0000][7][gc,phases   ] GC(276)   Merge Heap Roots: 0.1ms
[2023-11-15T23:03:37.824+0000][7][gc,phases   ] GC(276)   Evacuate Collection Set: 3.4ms
[2023-11-15T23:03:37.824+0000][7][gc,phases   ] GC(276)   Post Evacuate Collection Set: 1.3ms
[2023-11-15T23:03:37.824+0000][7][gc,phases   ] GC(276)   Other: 0.5ms
[2023-11-15T23:03:37.824+0000][7][gc,heap     ] GC(276) Eden regions: 66->0(66)
[2023-11-15T23:03:37.824+0000][7][gc,heap     ] GC(276) Survivor regions: 1->1(9)
[2023-11-15T23:03:37.824+0000][7][gc,heap     ] GC(276) Old regions: 32->32
[2023-11-15T23:03:37.824+0000][7][gc,heap     ] GC(276) Archive regions: 2->2
[2023-11-15T23:03:37.824+0000][7][gc,heap     ] GC(276) Humongous regions: 5->5
[2023-11-15T23:03:37.824+0000][7][gc,metaspace] GC(276) Metaspace: 117302K(118848K)->117302K(118848K) NonClass: 101805K(102720K)->101805K(102720K) Class: 15497K(16128K)->15497K(16128K)
[2023-11-15T23:03:37.825+0000][7][gc          ] GC(276) Pause Young (Normal) (G1 Evacuation Pause) 416M->153M(512M) 5.654ms
[2023-11-15T23:03:37.825+0000][7][gc,cpu      ] GC(276) User=0.03s Sys=0.00s Real=0.01s
[2023-11-15T23:03:37.825+0000][7][safepoint   ] Safepoint "G1CollectForAllocation", Time since last: 2414703445 ns, Reaching safepoint: 67965 ns, At safepoint: 5896238 ns, Total: 5964203 ns
[2023-11-15T23:03:46.826+0000][7][safepoint   ] Safepoint "Cleanup", Time since last: 9000908251 ns, Reaching safepoint: 149549 ns, At safepoint: 18041 ns, Total: 167590 ns
[2023-11-15T23:03:47.826+0000][7][safepoint   ] Safepoint "Cleanup", Time since last: 1000250449 ns, Reaching safepoint: 101542 ns, At safepoint: 13507 ns, Total: 115049 ns
[2023-11-15T23:03:53.651+0000][7][gc,start    ] GC(277) Pause Young (Normal) (G1 Evacuation Pause)
[2023-11-15T23:03:53.652+0000][7][gc,task     ] GC(277) Using 8 workers of 8 for evacuation
[2023-11-15T23:03:53.652+0000][7][gc,age      ] GC(277) Desired survivor size 18874368 bytes, new threshold 15 (max threshold 15)
[2023-11-15T23:03:53.656+0000][7][gc,age      ] GC(277) Age table with threshold 15 (max threshold 15)
[2023-11-15T23:03:53.656+0000][7][gc,age      ] GC(277) - age   1:    1681056 bytes,    1681056 total
[2023-11-15T23:03:53.656+0000][7][gc,age      ] GC(277) - age   2:     545952 bytes,    2227008 total
[2023-11-15T23:03:53.656+0000][7][gc,age      ] GC(277) - age   3:     962592 bytes,    3189600 total
[2023-11-15T23:03:53.656+0000][7][gc,age      ] GC(277) - age   4:     321368 bytes,    3510968 total
[2023-11-15T23:03:53.656+0000][7][gc,age      ] GC(277) - age   5:     234880 bytes,    3745848 total
[2023-11-15T23:03:53.657+0000][7][gc,phases   ] GC(277)   Pre Evacuate Collection Set: 0.2ms
[2023-11-15T23:03:53.657+0000][7][gc,phases   ] GC(277)   Merge Heap Roots: 0.1ms
[2023-11-15T23:03:53.657+0000][7][gc,phases   ] GC(277)   Evacuate Collection Set: 3.2ms
[2023-11-15T23:03:53.657+0000][7][gc,phases   ] GC(277)   Post Evacuate Collection Set: 1.2ms
[2023-11-15T23:03:53.657+0000][7][gc,phases   ] GC(277)   Other: 0.5ms
[2023-11-15T23:03:53.657+0000][7][gc,heap     ] GC(277) Eden regions: 66->0(66)
[2023-11-15T23:03:53.657+0000][7][gc,heap     ] GC(277) Survivor regions: 1->1(9)
[2023-11-15T23:03:53.657+0000][7][gc,heap     ] GC(277) Old regions: 32->32
[2023-11-15T23:03:53.657+0000][7][gc,heap     ] GC(277) Archive regions: 2->2
[2023-11-15T23:03:53.657+0000][7][gc,heap     ] GC(277) Humongous regions: 5->5
[2023-11-15T23:03:53.657+0000][7][gc,metaspace] GC(277) Metaspace: 117303K(118848K)->117303K(118848K) NonClass: 101806K(102720K)->101806K(102720K) Class: 15497K(16128K)->15497K(16128K)
[2023-11-15T23:03:53.657+0000][7][gc          ] GC(277) Pause Young (Normal) (G1 Evacuation Pause) 417M->154M(512M) 5.286ms
[2023-11-15T23:03:53.657+0000][7][gc,cpu      ] GC(277) User=0.03s Sys=0.00s Real=0.01s
[2023-11-15T23:03:53.657+0000][7][safepoint   ] Safepoint "G1CollectForAllocation", Time since last: 5825166467 ns, Reaching safepoint: 70152 ns, At safepoint: 5471683 ns, Total: 5541835 ns
[2023-11-15T23:04:10.710+0000][7][gc,start    ] GC(278) Pause Young (Concurrent Start) (G1 Evacuation Pause)
[2023-11-15T23:04:10.710+0000][7][gc,task     ] GC(278) Using 8 workers of 8 for evacuation
[2023-11-15T23:04:10.710+0000][7][gc,age      ] GC(278) Desired survivor size 18874368 bytes, new threshold 15 (max threshold 15)
[2023-11-15T23:04:10.716+0000][7][gc,age      ] GC(278) Age table with threshold 15 (max threshold 15)
[2023-11-15T23:04:10.716+0000][7][gc,age      ] GC(278) - age   1:    2905112 bytes,    2905112 total
[2023-11-15T23:04:10.716+0000][7][gc,age      ] GC(278) - age   2:     389616 bytes,    3294728 total
[2023-11-15T23:04:10.716+0000][7][gc,age      ] GC(278) - age   3:     515600 bytes,    3810328 total
[2023-11-15T23:04:10.716+0000][7][gc,age      ] GC(278) - age   4:     962592 bytes,    4772920 total
[2023-11-15T23:04:10.716+0000][7][gc,age      ] GC(278) - age   5:     320208 bytes,    5093128 total
[2023-11-15T23:04:10.716+0000][7][gc,age      ] GC(278) - age   6:     234688 bytes,    5327816 total
[2023-11-15T23:04:10.716+0000][7][gc,phases   ] GC(278)   Pre Evacuate Collection Set: 0.3ms
[2023-11-15T23:04:10.716+0000][7][gc,phases   ] GC(278)   Merge Heap Roots: 0.1ms
[2023-11-15T23:04:10.716+0000][7][gc,phases   ] GC(278)   Evacuate Collection Set: 4.0ms
[2023-11-15T23:04:10.716+0000][7][gc,phases   ] GC(278)   Post Evacuate Collection Set: 1.4ms
[2023-11-15T23:04:10.716+0000][7][gc,phases   ] GC(278)   Other: 0.6ms
[2023-11-15T23:04:10.716+0000][7][gc,heap     ] GC(278) Eden regions: 66->0(64)
[2023-11-15T23:04:10.716+0000][7][gc,heap     ] GC(278) Survivor regions: 1->2(9)
[2023-11-15T23:04:10.717+0000][7][gc,heap     ] GC(278) Old regions: 32->32
[2023-11-15T23:04:10.717+0000][7][gc,heap     ] GC(278) Archive regions: 2->2
[2023-11-15T23:04:10.717+0000][7][gc,heap     ] GC(278) Humongous regions: 5->5
[2023-11-15T23:04:10.717+0000][7][gc,metaspace] GC(278) Metaspace: 117307K(118848K)->117307K(118848K) NonClass: 101810K(102720K)->101810K(102720K) Class: 15497K(16128K)->15497K(16128K)
[2023-11-15T23:04:10.717+0000][7][gc          ] GC(278) Pause Young (Concurrent Start) (G1 Evacuation Pause) 418M->155M(512M) 6.623ms
[2023-11-15T23:04:10.717+0000][7][gc,cpu      ] GC(278) User=0.02s Sys=0.01s Real=0.01s
[2023-11-15T23:04:10.717+0000][7][gc          ] GC(279) Concurrent Mark Cycle
[2023-11-15T23:04:10.717+0000][7][gc,marking  ] GC(279) Concurrent Clear Claimed Marks
[2023-11-15T23:04:10.717+0000][7][safepoint   ] Safepoint "G1CollectForAllocation", Time since last: 17052994046 ns, Reaching safepoint: 108987 ns, At safepoint: 6883515 ns, Total: 6992502 ns
[2023-11-15T23:04:10.717+0000][7][gc,marking  ] GC(279) Concurrent Clear Claimed Marks 0.165ms
[2023-11-15T23:04:10.717+0000][7][gc,marking  ] GC(279) Concurrent Scan Root Regions
[2023-11-15T23:04:10.722+0000][7][gc,marking  ] GC(279) Concurrent Scan Root Regions 4.550ms
[2023-11-15T23:04:10.722+0000][7][gc,marking  ] GC(279) Concurrent Mark
[2023-11-15T23:04:10.722+0000][7][gc,marking  ] GC(279) Concurrent Mark From Roots
[2023-11-15T23:04:10.722+0000][7][gc,task     ] GC(279) Using 2 workers of 2 for marking
[2023-11-15T23:04:10.809+0000][7][gc,marking  ] GC(279) Concurrent Mark From Roots 87.459ms
[2023-11-15T23:04:10.809+0000][7][gc,marking  ] GC(279) Concurrent Preclean
[2023-11-15T23:04:10.809+0000][7][gc,marking  ] GC(279) Concurrent Preclean 0.178ms
[2023-11-15T23:04:10.810+0000][7][gc,start    ] GC(279) Pause Remark
[2023-11-15T23:04:10.815+0000][7][gc          ] GC(279) Pause Remark 159M->159M(512M) 5.891ms
[2023-11-15T23:04:10.815+0000][7][gc,cpu      ] GC(279) User=0.04s Sys=0.00s Real=0.01s
[2023-11-15T23:04:10.815+0000][7][safepoint   ] Safepoint "G1Concurrent", Time since last: 92664367 ns, Reaching safepoint: 35360 ns, At safepoint: 5979875 ns, Total: 6015235 ns
[2023-11-15T23:04:10.816+0000][7][gc,marking  ] GC(279) Concurrent Mark 93.802ms
[2023-11-15T23:04:10.816+0000][7][gc,marking  ] GC(279) Concurrent Rebuild Remembered Sets
[2023-11-15T23:04:10.872+0000][7][gc,marking  ] GC(279) Concurrent Rebuild Remembered Sets 56.110ms
[2023-11-15T23:04:10.872+0000][7][gc,start    ] GC(279) Pause Cleanup
[2023-11-15T23:04:10.872+0000][7][gc          ] GC(279) Pause Cleanup 169M->169M(512M) 0.068ms
[2023-11-15T23:04:10.872+0000][7][gc,cpu      ] GC(279) User=0.00s Sys=0.00s Real=0.00s
[2023-11-15T23:04:10.872+0000][7][safepoint   ] Safepoint "G1Concurrent", Time since last: 56238986 ns, Reaching safepoint: 27861 ns, At safepoint: 107196 ns, Total: 135057 ns
[2023-11-15T23:04:10.872+0000][7][gc,marking  ] GC(279) Concurrent Cleanup for Next Mark
[2023-11-15T23:04:10.872+0000][7][gc,marking  ] GC(279) Concurrent Cleanup for Next Mark 0.426ms
[2023-11-15T23:04:10.872+0000][7][gc          ] GC(279) Concurrent Mark Cycle 155.527ms
[2023-11-15T23:04:25.567+0000][7][gc,start    ] GC(280) Pause Young (Prepare Mixed) (G1 Evacuation Pause)
[2023-11-15T23:04:25.567+0000][7][gc,task     ] GC(280) Using 8 workers of 8 for evacuation
[2023-11-15T23:04:25.567+0000][7][gc,age      ] GC(280) Desired survivor size 18874368 bytes, new threshold 15 (max threshold 15)
[2023-11-15T23:04:25.573+0000][7][gc,age      ] GC(280) Age table with threshold 15 (max threshold 15)
[2023-11-15T23:04:25.573+0000][7][gc,age      ] GC(280) - age   1:    1245888 bytes,    1245888 total
[2023-11-15T23:04:25.573+0000][7][gc,age      ] GC(280) - age   2:    2222552 bytes,    3468440 total
[2023-11-15T23:04:25.573+0000][7][gc,age      ] GC(280) - age   3:     202640 bytes,    3671080 total
[2023-11-15T23:04:25.573+0000][7][gc,age      ] GC(280) - age   4:     513832 bytes,    4184912 total
[2023-11-15T23:04:25.573+0000][7][gc,age      ] GC(280) - age   5:     962592 bytes,    5147504 total
[2023-11-15T23:04:25.573+0000][7][gc,age      ] GC(280) - age   6:     319616 bytes,    5467120 total
[2023-11-15T23:04:25.573+0000][7][gc,age      ] GC(280) - age   7:     233416 bytes,    5700536 total
[2023-11-15T23:04:25.573+0000][7][gc,phases   ] GC(280)   Pre Evacuate Collection Set: 0.1ms
[2023-11-15T23:04:25.573+0000][7][gc,phases   ] GC(280)   Merge Heap Roots: 0.1ms
[2023-11-15T23:04:25.573+0000][7][gc,phases   ] GC(280)   Evacuate Collection Set: 3.7ms
[2023-11-15T23:04:25.573+0000][7][gc,phases   ] GC(280)   Post Evacuate Collection Set: 1.4ms
[2023-11-15T23:04:25.573+0000][7][gc,phases   ] GC(280)   Other: 0.4ms
[2023-11-15T23:04:25.573+0000][7][gc,heap     ] GC(280) Eden regions: 64->0(4)
[2023-11-15T23:04:25.573+0000][7][gc,heap     ] GC(280) Survivor regions: 2->2(9)
[2023-11-15T23:04:25.573+0000][7][gc,heap     ] GC(280) Old regions: 32->32
[2023-11-15T23:04:25.573+0000][7][gc,heap     ] GC(280) Archive regions: 2->2
[2023-11-15T23:04:25.573+0000][7][gc,heap     ] GC(280) Humongous regions: 5->5
[2023-11-15T23:04:25.573+0000][7][gc,metaspace] GC(280) Metaspace: 117307K(118848K)->117307K(118848K) NonClass: 101810K(102720K)->101810K(102720K) Class: 15497K(16128K)->15497K(16128K)
[2023-11-15T23:04:25.573+0000][7][gc          ] GC(280) Pause Young (Prepare Mixed) (G1 Evacuation Pause) 411M->156M(512M) 6.076ms
[2023-11-15T23:04:25.573+0000][7][gc,cpu      ] GC(280) User=0.03s Sys=0.00s Real=0.00s
[2023-11-15T23:04:25.573+0000][7][safepoint   ] Safepoint "G1CollectForAllocation", Time since last: 14695028690 ns, Reaching safepoint: 79460 ns, At safepoint: 6265656 ns, Total: 6345116 ns
[2023-11-15T23:04:26.021+0000][7][gc,start    ] GC(281) Pause Young (Mixed) (G1 Evacuation Pause)
[2023-11-15T23:04:26.021+0000][7][gc,task     ] GC(281) Using 8 workers of 8 for evacuation
[2023-11-15T23:04:26.021+0000][7][gc,age      ] GC(281) Desired survivor size 2097152 bytes, new threshold 2 (max threshold 15)
[2023-11-15T23:04:26.029+0000][7][gc,age      ] GC(281) Age table with threshold 2 (max threshold 15)
[2023-11-15T23:04:26.029+0000][7][gc,age      ] GC(281) - age   1:     655480 bytes,     655480 total
[2023-11-15T23:04:26.029+0000][7][gc,age      ] GC(281) - age   2:    1092920 bytes,    1748400 total
[2023-11-15T23:04:26.029+0000][7][gc,phases   ] GC(281)   Pre Evacuate Collection Set: 0.2ms
[2023-11-15T23:04:26.029+0000][7][gc,phases   ] GC(281)   Merge Heap Roots: 0.1ms
[2023-11-15T23:04:26.029+0000][7][gc,phases   ] GC(281)   Evacuate Collection Set: 6.3ms
[2023-11-15T23:04:26.029+0000][7][gc,phases   ] GC(281)   Post Evacuate Collection Set: 1.4ms
[2023-11-15T23:04:26.030+0000][7][gc,phases   ] GC(281)   Other: 0.5ms
[2023-11-15T23:04:26.030+0000][7][gc,heap     ] GC(281) Eden regions: 4->0(66)
[2023-11-15T23:04:26.030+0000][7][gc,heap     ] GC(281) Survivor regions: 2->1(1)
[2023-11-15T23:04:26.030+0000][7][gc,heap     ] GC(281) Old regions: 32->32
[2023-11-15T23:04:26.030+0000][7][gc,heap     ] GC(281) Archive regions: 2->2
[2023-11-15T23:04:26.030+0000][7][gc,heap     ] GC(281) Humongous regions: 5->5
[2023-11-15T23:04:26.030+0000][7][gc,metaspace] GC(281) Metaspace: 117307K(118848K)->117307K(118848K) NonClass: 101810K(102720K)->101810K(102720K) Class: 15497K(16128K)->15497K(16128K)
[2023-11-15T23:04:26.030+0000][7][gc          ] GC(281) Pause Young (Mixed) (G1 Evacuation Pause) 172M->152M(512M) 8.621ms
[2023-11-15T23:04:26.030+0000][7][gc,cpu      ] GC(281) User=0.03s Sys=0.01s Real=0.01s
[2023-11-15T23:04:26.030+0000][7][safepoint   ] Safepoint "G1CollectForAllocation", Time since last: 447606603 ns, Reaching safepoint: 100658 ns, At safepoint: 8833625 ns, Total: 8934283 ns
[2023-11-15T23:04:41.931+0000][7][gc,start    ] GC(282) Pause Young (Normal) (G1 Evacuation Pause)
[2023-11-15T23:04:41.931+0000][7][gc,task     ] GC(282) Using 8 workers of 8 for evacuation
[2023-11-15T23:04:41.931+0000][7][gc,age      ] GC(282) Desired survivor size 18874368 bytes, new threshold 15 (max threshold 15)
[2023-11-15T23:04:41.934+0000][7][gc,age      ] GC(282) Age table with threshold 15 (max threshold 15)
[2023-11-15T23:04:41.934+0000][7][gc,age      ] GC(282) - age   1:    1482480 bytes,    1482480 total
[2023-11-15T23:04:41.934+0000][7][gc,age      ] GC(282) - age   2:        536 bytes,    1483016 total
[2023-11-15T23:04:41.934+0000][7][gc,age      ] GC(282) - age   3:     352040 bytes,    1835056 total
[2023-11-15T23:04:41.934+0000][7][gc,phases   ] GC(282)   Pre Evacuate Collection Set: 0.1ms
[2023-11-15T23:04:41.934+0000][7][gc,phases   ] GC(282)   Merge Heap Roots: 0.1ms
[2023-11-15T23:04:41.934+0000][7][gc,phases   ] GC(282)   Evacuate Collection Set: 2.0ms
[2023-11-15T23:04:41.934+0000][7][gc,phases   ] GC(282)   Post Evacuate Collection Set: 0.9ms
[2023-11-15T23:04:41.934+0000][7][gc,phases   ] GC(282)   Other: 0.5ms
[2023-11-15T23:04:41.934+0000][7][gc,heap     ] GC(282) Eden regions: 66->0(66)
[2023-11-15T23:04:41.934+0000][7][gc,heap     ] GC(282) Survivor regions: 1->1(9)
[2023-11-15T23:04:41.934+0000][7][gc,heap     ] GC(282) Old regions: 32->32
[2023-11-15T23:04:41.934+0000][7][gc,heap     ] GC(282) Archive regions: 2->2
[2023-11-15T23:04:41.934+0000][7][gc,heap     ] GC(282) Humongous regions: 5->5
[2023-11-15T23:04:41.934+0000][7][gc,metaspace] GC(282) Metaspace: 117308K(118848K)->117308K(118848K) NonClass: 101811K(102720K)->101811K(102720K) Class: 15497K(16128K)->15497K(16128K)
[2023-11-15T23:04:41.934+0000][7][gc          ] GC(282) Pause Young (Normal) (G1 Evacuation Pause) 416M->152M(512M) 3.621ms
[2023-11-15T23:04:41.934+0000][7][gc,cpu      ] GC(282) User=0.01s Sys=0.00s Real=0.00s
[2023-11-15T23:04:41.934+0000][7][safepoint   ] Safepoint "G1CollectForAllocation", Time since last: 15900721108 ns, Reaching safepoint: 66915 ns, At safepoint: 3750436 ns, Total: 3817351 ns
[2023-11-15T23:04:46.935+0000][7][safepoint   ] Safepoint "Cleanup", Time since last: 5000538209 ns, Reaching safepoint: 107448 ns, At safepoint: 12637 ns, Total: 120085 ns
[2023-11-15T23:04:59.036+0000][7][gc,start    ] GC(283) Pause Young (Normal) (G1 Evacuation Pause)
[2023-11-15T23:04:59.036+0000][7][gc,task     ] GC(283) Using 8 workers of 8 for evacuation
[2023-11-15T23:04:59.036+0000][7][gc,age      ] GC(283) Desired survivor size 18874368 bytes, new threshold 15 (max threshold 15)
[2023-11-15T23:04:59.041+0000][7][gc,age      ] GC(283) Age table with threshold 15 (max threshold 15)
[2023-11-15T23:04:59.041+0000][7][gc,age      ] GC(283) - age   1:    1566160 bytes,    1566160 total
[2023-11-15T23:04:59.041+0000][7][gc,age      ] GC(283) - age   2:     361720 bytes,    1927880 total
[2023-11-15T23:04:59.041+0000][7][gc,age      ] GC(283) - age   3:        312 bytes,    1928192 total
[2023-11-15T23:04:59.041+0000][7][gc,age      ] GC(283) - age   4:     237776 bytes,    2165968 total
[2023-11-15T23:04:59.041+0000][7][gc,phases   ] GC(283)   Pre Evacuate Collection Set: 0.2ms
[2023-11-15T23:04:59.041+0000][7][gc,phases   ] GC(283)   Merge Heap Roots: 0.1ms
[2023-11-15T23:04:59.041+0000][7][gc,phases   ] GC(283)   Evacuate Collection Set: 3.0ms
[2023-11-15T23:04:59.041+0000][7][gc,phases   ] GC(283)   Post Evacuate Collection Set: 1.5ms
[2023-11-15T23:04:59.041+0000][7][gc,phases   ] GC(283)   Other: 0.6ms
[2023-11-15T23:04:59.041+0000][7][gc,heap     ] GC(283) Eden regions: 66->0(66)
[2023-11-15T23:04:59.041+0000][7][gc,heap     ] GC(283) Survivor regions: 1->1(9)
[2023-11-15T23:04:59.041+0000][7][gc,heap     ] GC(283) Old regions: 32->32
[2023-11-15T23:04:59.041+0000][7][gc,heap     ] GC(283) Archive regions: 2->2
[2023-11-15T23:04:59.041+0000][7][gc,heap     ] GC(283) Humongous regions: 5->5
[2023-11-15T23:04:59.041+0000][7][gc,metaspace] GC(283) Metaspace: 117324K(118848K)->117324K(118848K) NonClass: 101827K(102720K)->101827K(102720K) Class: 15497K(16128K)->15497K(16128K)
[2023-11-15T23:04:59.041+0000][7][gc          ] GC(283) Pause Young (Normal) (G1 Evacuation Pause) 416M->153M(512M) 5.653ms
[2023-11-15T23:04:59.041+0000][7][gc,cpu      ] GC(283) User=0.03s Sys=0.00s Real=0.00s
[2023-11-15T23:04:59.041+0000][7][safepoint   ] Safepoint "G1CollectForAllocation", Time since last: 12100370017 ns, Reaching safepoint: 101149 ns, At safepoint: 5996361 ns, Total: 6097510 ns
[2023-11-15T23:05:02.042+0000][7][safepoint   ] Safepoint "Cleanup", Time since last: 3000308140 ns, Reaching safepoint: 236884 ns, At safepoint: 15948 ns, Total: 252832 ns
[2023-11-15T23:05:04.043+0000][7][safepoint   ] Safepoint "Cleanup", Time since last: 2000361168 ns, Reaching safepoint: 218094 ns, At safepoint: 18000 ns, Total: 236094 ns
[2023-11-15T23:05:08.043+0000][7][safepoint   ] Safepoint "Cleanup", Time since last: 4000623175 ns, Reaching safepoint: 206354 ns, At safepoint: 44206 ns, Total: 250560 ns
[2023-11-15T23:05:15.895+0000][7][gc,start    ] GC(284) Pause Young (Concurrent Start) (G1 Evacuation Pause)
[2023-11-15T23:05:15.896+0000][7][gc,task     ] GC(284) Using 8 workers of 8 for evacuation
[2023-11-15T23:05:15.896+0000][7][gc,age      ] GC(284) Desired survivor size 18874368 bytes, new threshold 15 (max threshold 15)
[2023-11-15T23:05:15.901+0000][7][gc,age      ] GC(284) Age table with threshold 15 (max threshold 15)
[2023-11-15T23:05:15.902+0000][7][gc,age      ] GC(284) - age   1:    1454000 bytes,    1454000 total
[2023-11-15T23:05:15.902+0000][7][gc,age      ] GC(284) - age   2:     397112 bytes,    1851112 total
[2023-11-15T23:05:15.902+0000][7][gc,age      ] GC(284) - age   3:     210288 bytes,    2061400 total
[2023-11-15T23:05:15.902+0000][7][gc,age      ] GC(284) - age   4:        248 bytes,    2061648 total
[2023-11-15T23:05:15.902+0000][7][gc,age      ] GC(284) - age   5:     237208 bytes,    2298856 total
[2023-11-15T23:05:15.902+0000][7][gc,phases   ] GC(284)   Pre Evacuate Collection Set: 0.4ms
[2023-11-15T23:05:15.902+0000][7][gc,phases   ] GC(284)   Merge Heap Roots: 0.2ms
[2023-11-15T23:05:15.902+0000][7][gc,phases   ] GC(284)   Evacuate Collection Set: 3.6ms
[2023-11-15T23:05:15.902+0000][7][gc,phases   ] GC(284)   Post Evacuate Collection Set: 1.3ms
[2023-11-15T23:05:15.902+0000][7][gc,phases   ] GC(284)   Other: 1.0ms
[2023-11-15T23:05:15.902+0000][7][gc,heap     ] GC(284) Eden regions: 66->0(66)
[2023-11-15T23:05:15.902+0000][7][gc,heap     ] GC(284) Survivor regions: 1->1(9)
[2023-11-15T23:05:15.902+0000][7][gc,heap     ] GC(284) Old regions: 32->32
[2023-11-15T23:05:15.902+0000][7][gc,heap     ] GC(284) Archive regions: 2->2
[2023-11-15T23:05:15.902+0000][7][gc,heap     ] GC(284) Humongous regions: 5->5
[2023-11-15T23:05:15.902+0000][7][gc,metaspace] GC(284) Metaspace: 117334K(118912K)->117334K(118912K) NonClass: 101837K(102784K)->101837K(102784K) Class: 15497K(16128K)->15497K(16128K)
[2023-11-15T23:05:15.902+0000][7][gc          ] GC(284) Pause Young (Concurrent Start) (G1 Evacuation Pause) 417M->153M(512M) 6.469ms
[2023-11-15T23:05:15.902+0000][7][gc,cpu      ] GC(284) User=0.03s Sys=0.00s Real=0.00s
[2023-11-15T23:05:15.902+0000][7][safepoint   ] Safepoint "G1CollectForAllocation", Time since last: 7851772289 ns, Reaching safepoint: 69954 ns, At safepoint: 6690799 ns, Total: 6760753 ns
[2023-11-15T23:05:15.902+0000][7][gc          ] GC(285) Concurrent Mark Cycle
[2023-11-15T23:05:15.902+0000][7][gc,marking  ] GC(285) Concurrent Clear Claimed Marks
[2023-11-15T23:05:15.902+0000][7][gc,marking  ] GC(285) Concurrent Clear Claimed Marks 0.234ms
[2023-11-15T23:05:15.902+0000][7][gc,marking  ] GC(285) Concurrent Scan Root Regions
[2023-11-15T23:05:15.908+0000][7][gc,marking  ] GC(285) Concurrent Scan Root Regions 5.397ms
[2023-11-15T23:05:15.908+0000][7][gc,marking  ] GC(285) Concurrent Mark
[2023-11-15T23:05:15.908+0000][7][gc,marking  ] GC(285) Concurrent Mark From Roots
[2023-11-15T23:05:15.908+0000][7][gc,task     ] GC(285) Using 2 workers of 2 for marking
[2023-11-15T23:05:15.996+0000][7][gc,marking  ] GC(285) Concurrent Mark From Roots 88.515ms
[2023-11-15T23:05:15.996+0000][7][gc,marking  ] GC(285) Concurrent Preclean
[2023-11-15T23:05:15.997+0000][7][gc,marking  ] GC(285) Concurrent Preclean 0.173ms
[2023-11-15T23:05:15.997+0000][7][gc,start    ] GC(285) Pause Remark
[2023-11-15T23:05:16.003+0000][7][gc          ] GC(285) Pause Remark 156M->156M(512M) 6.138ms
[2023-11-15T23:05:16.003+0000][7][gc,cpu      ] GC(285) User=0.04s Sys=0.00s Real=0.00s
[2023-11-15T23:05:16.003+0000][7][safepoint   ] Safepoint "G1Concurrent", Time since last: 94701229 ns, Reaching safepoint: 19515 ns, At safepoint: 6217700 ns, Total: 6237215 ns
[2023-11-15T23:05:16.003+0000][7][gc,marking  ] GC(285) Concurrent Mark 95.081ms
[2023-11-15T23:05:16.003+0000][7][gc,marking  ] GC(285) Concurrent Rebuild Remembered Sets
[2023-11-15T23:05:16.034+0000][7][gc,marking  ] GC(285) Concurrent Rebuild Remembered Sets 31.028ms
[2023-11-15T23:05:16.034+0000][7][gc,start    ] GC(285) Pause Cleanup
[2023-11-15T23:05:16.034+0000][7][gc          ] GC(285) Pause Cleanup 156M->156M(512M) 0.100ms
[2023-11-15T23:05:16.034+0000][7][gc,cpu      ] GC(285) User=0.00s Sys=0.00s Real=0.00s
[2023-11-15T23:05:16.034+0000][7][safepoint   ] Safepoint "G1Concurrent", Time since last: 31125868 ns, Reaching safepoint: 27282 ns, At safepoint: 173472 ns, Total: 200754 ns
[2023-11-15T23:05:16.034+0000][7][gc,marking  ] GC(285) Concurrent Cleanup for Next Mark
[2023-11-15T23:05:16.035+0000][7][gc,marking  ] GC(285) Concurrent Cleanup for Next Mark 0.398ms
[2023-11-15T23:05:16.035+0000][7][gc          ] GC(285) Concurrent Mark Cycle 132.674ms
[2023-11-15T23:05:22.035+0000][7][safepoint   ] Safepoint "Cleanup", Time since last: 6000598247 ns, Reaching safepoint: 154835 ns, At safepoint: 22888 ns, Total: 177723 ns
[2023-11-15T23:05:26.036+0000][7][safepoint   ] Safepoint "Cleanup", Time since last: 4000580829 ns, Reaching safepoint: 127956 ns, At safepoint: 16205 ns, Total: 144161 ns
[2023-11-15T23:05:29.036+0000][7][safepoint   ] Safepoint "Cleanup", Time since last: 3000396041 ns, Reaching safepoint: 208433 ns, At safepoint: 41563 ns, Total: 249996 ns
[2023-11-15T23:05:32.482+0000][7][gc,start    ] GC(286) Pause Young (Prepare Mixed) (G1 Evacuation Pause)
[2023-11-15T23:05:32.482+0000][7][gc,task     ] GC(286) Using 8 workers of 8 for evacuation
[2023-11-15T23:05:32.482+0000][7][gc,age      ] GC(286) Desired survivor size 18874368 bytes, new threshold 15 (max threshold 15)
[2023-11-15T23:05:32.485+0000][7][gc,age      ] GC(286) Age table with threshold 15 (max threshold 15)
[2023-11-15T23:05:32.485+0000][7][gc,age      ] GC(286) - age   1:    1716736 bytes,    1716736 total
[2023-11-15T23:05:32.485+0000][7][gc,age      ] GC(286) - age   2:     479720 bytes,    2196456 total
[2023-11-15T23:05:32.485+0000][7][gc,age      ] GC(286) - age   3:     395960 bytes,    2592416 total
[2023-11-15T23:05:32.485+0000][7][gc,age      ] GC(286) - age   4:     207592 bytes,    2800008 total
[2023-11-15T23:05:32.485+0000][7][gc,age      ] GC(286) - age   5:         64 bytes,    2800072 total
[2023-11-15T23:05:32.485+0000][7][gc,age      ] GC(286) - age   6:     235688 bytes,    3035760 total
[2023-11-15T23:05:32.485+0000][7][gc,phases   ] GC(286)   Pre Evacuate Collection Set: 0.1ms
[2023-11-15T23:05:32.485+0000][7][gc,phases   ] GC(286)   Merge Heap Roots: 0.1ms
[2023-11-15T23:05:32.485+0000][7][gc,phases   ] GC(286)   Evacuate Collection Set: 1.9ms
[2023-11-15T23:05:32.485+0000][7][gc,phases   ] GC(286)   Post Evacuate Collection Set: 0.8ms
[2023-11-15T23:05:32.485+0000][7][gc,phases   ] GC(286)   Other: 0.3ms
[2023-11-15T23:05:32.485+0000][7][gc,heap     ] GC(286) Eden regions: 66->0(5)
[2023-11-15T23:05:32.485+0000][7][gc,heap     ] GC(286) Survivor regions: 1->1(9)
[2023-11-15T23:05:32.485+0000][7][gc,heap     ] GC(286) Old regions: 32->32
[2023-11-15T23:05:32.485+0000][7][gc,heap     ] GC(286) Archive regions: 2->2
[2023-11-15T23:05:32.485+0000][7][gc,heap     ] GC(286) Humongous regions: 5->5
[2023-11-15T23:05:32.485+0000][7][gc,metaspace] GC(286) Metaspace: 117334K(118912K)->117334K(118912K) NonClass: 101837K(102784K)->101837K(102784K) Class: 15497K(16128K)->15497K(16128K)
[2023-11-15T23:05:32.485+0000][7][gc          ] GC(286) Pause Young (Prepare Mixed) (G1 Evacuation Pause) 417M->154M(512M) 3.157ms
[2023-11-15T23:05:32.485+0000][7][gc,cpu      ] GC(286) User=0.01s Sys=0.01s Real=0.01s
[2023-11-15T23:05:32.485+0000][7][safepoint   ] Safepoint "G1CollectForAllocation", Time since last: 3445188916 ns, Reaching safepoint: 48972 ns, At safepoint: 3255752 ns, Total: 3304724 ns
[2023-11-15T23:05:34.229+0000][7][gc,start    ] GC(287) Pause Young (Mixed) (G1 Evacuation Pause)
[2023-11-15T23:05:34.230+0000][7][gc,task     ] GC(287) Using 8 workers of 8 for evacuation
[2023-11-15T23:05:34.230+0000][7][gc,age      ] GC(287) Desired survivor size 2097152 bytes, new threshold 2 (max threshold 15)
[2023-11-15T23:05:34.240+0000][7][gc,age      ] GC(287) Age table with threshold 2 (max threshold 15)
[2023-11-15T23:05:34.240+0000][7][gc,age      ] GC(287) - age   1:      20272 bytes,      20272 total
[2023-11-15T23:05:34.240+0000][7][gc,age      ] GC(287) - age   2:    1687160 bytes,    1707432 total
[2023-11-15T23:05:34.240+0000][7][gc,phases   ] GC(287)   Pre Evacuate Collection Set: 0.2ms
[2023-11-15T23:05:34.240+0000][7][gc,phases   ] GC(287)   Merge Heap Roots: 1.4ms
[2023-11-15T23:05:34.240+0000][7][gc,phases   ] GC(287)   Evacuate Collection Set: 6.9ms
[2023-11-15T23:05:34.240+0000][7][gc,phases   ] GC(287)   Post Evacuate Collection Set: 1.6ms
[2023-11-15T23:05:34.240+0000][7][gc,phases   ] GC(287)   Other: 0.6ms
[2023-11-15T23:05:34.240+0000][7][gc,heap     ] GC(287) Eden regions: 5->0(66)
[2023-11-15T23:05:34.240+0000][7][gc,heap     ] GC(287) Survivor regions: 1->1(1)
[2023-11-15T23:05:34.240+0000][7][gc,heap     ] GC(287) Old regions: 32->32
[2023-11-15T23:05:34.240+0000][7][gc,heap     ] GC(287) Archive regions: 2->2
[2023-11-15T23:05:34.240+0000][7][gc,heap     ] GC(287) Humongous regions: 5->5
[2023-11-15T23:05:34.240+0000][7][gc,metaspace] GC(287) Metaspace: 117334K(118912K)->117334K(118912K) NonClass: 101837K(102784K)->101837K(102784K) Class: 15497K(16128K)->15497K(16128K)
[2023-11-15T23:05:34.240+0000][7][gc          ] GC(287) Pause Young (Mixed) (G1 Evacuation Pause) 174M->150M(512M) 10.797ms
[2023-11-15T23:05:34.240+0000][7][gc,cpu      ] GC(287) User=0.04s Sys=0.00s Real=0.01s
[2023-11-15T23:05:34.240+0000][7][safepoint   ] Safepoint "G1CollectForAllocation", Time since last: 1744227973 ns, Reaching safepoint: 148542 ns, At safepoint: 11049911 ns, Total: 11198453 ns
[2023-11-15T23:05:41.242+0000][7][safepoint   ] Safepoint "Cleanup", Time since last: 7001870588 ns, Reaching safepoint: 108842 ns, At safepoint: 14104 ns, Total: 122946 ns
[2023-11-15T23:05:44.243+0000][7][safepoint   ] Safepoint "Cleanup", Time since last: 3000421717 ns, Reaching safepoint: 184639 ns, At safepoint: 16526 ns, Total: 201165 ns
[2023-11-15T23:05:47.243+0000][7][safepoint   ] Safepoint "Cleanup", Time since last: 3000348724 ns, Reaching safepoint: 49131 ns, At safepoint: 5410 ns, Total: 54541 ns
[2023-11-15T23:05:49.863+0000][7][gc,start    ] GC(288) Pause Young (Normal) (G1 Evacuation Pause)
[2023-11-15T23:05:49.866+0000][7][gc,task     ] GC(288) Using 8 workers of 8 for evacuation
[2023-11-15T23:05:49.866+0000][7][gc,age      ] GC(288) Desired survivor size 18874368 bytes, new threshold 15 (max threshold 15)
[2023-11-15T23:05:49.871+0000][7][gc,age      ] GC(288) Age table with threshold 15 (max threshold 15)
[2023-11-15T23:05:49.871+0000][7][gc,age      ] GC(288) - age   1:    3052880 bytes,    3052880 total
[2023-11-15T23:05:49.871+0000][7][gc,age      ] GC(288) - age   2:       2832 bytes,    3055712 total
[2023-11-15T23:05:49.871+0000][7][gc,age      ] GC(288) - age   3:    1022064 bytes,    4077776 total
[2023-11-15T23:05:49.871+0000][7][gc,phases   ] GC(288)   Pre Evacuate Collection Set: 0.2ms
[2023-11-15T23:05:49.871+0000][7][gc,phases   ] GC(288)   Merge Heap Roots: 0.1ms
[2023-11-15T23:05:49.871+0000][7][gc,phases   ] GC(288)   Evacuate Collection Set: 3.3ms
[2023-11-15T23:05:49.871+0000][7][gc,phases   ] GC(288)   Post Evacuate Collection Set: 1.6ms
[2023-11-15T23:05:49.871+0000][7][gc,phases   ] GC(288)   Other: 3.2ms
[2023-11-15T23:05:49.871+0000][7][gc,heap     ] GC(288) Eden regions: 66->0(65)
[2023-11-15T23:05:49.871+0000][7][gc,heap     ] GC(288) Survivor regions: 1->2(9)
[2023-11-15T23:05:49.871+0000][7][gc,heap     ] GC(288) Old regions: 32->32
[2023-11-15T23:05:49.871+0000][7][gc,heap     ] GC(288) Archive regions: 2->2
[2023-11-15T23:05:49.872+0000][7][gc,heap     ] GC(288) Humongous regions: 5->5
[2023-11-15T23:05:49.872+0000][7][gc,metaspace] GC(288) Metaspace: 117336K(118912K)->117336K(118912K) NonClass: 101839K(102784K)->101839K(102784K) Class: 15497K(16128K)->15497K(16128K)
[2023-11-15T23:05:49.872+0000][7][gc          ] GC(288) Pause Young (Normal) (G1 Evacuation Pause) 414M->152M(512M) 8.475ms
[2023-11-15T23:05:49.872+0000][7][gc,cpu      ] GC(288) User=0.02s Sys=0.00s Real=0.01s
[2023-11-15T23:05:49.872+0000][7][safepoint   ] Safepoint "G1CollectForAllocation", Time since last: 2619524930 ns, Reaching safepoint: 109162 ns, At safepoint: 8654907 ns, Total: 8764069 ns
[2023-11-15T23:06:05.561+0000][7][gc,start    ] GC(289) Pause Young (Normal) (G1 Evacuation Pause)
[2023-11-15T23:06:05.564+0000][7][gc,task     ] GC(289) Using 8 workers of 8 for evacuation
[2023-11-15T23:06:05.566+0000][7][gc,age      ] GC(289) Desired survivor size 18874368 bytes, new threshold 15 (max threshold 15)
[2023-11-15T23:06:05.570+0000][7][gc,age      ] GC(289) Age table with threshold 15 (max threshold 15)
[2023-11-15T23:06:05.571+0000][7][gc,age      ] GC(289) - age   1:    1070088 bytes,    1070088 total
[2023-11-15T23:06:05.571+0000][7][gc,age      ] GC(289) - age   2:    2318416 bytes,    3388504 total
[2023-11-15T23:06:05.571+0000][7][gc,age      ] GC(289) - age   3:       2832 bytes,    3391336 total
[2023-11-15T23:06:05.571+0000][7][gc,age      ] GC(289) - age   4:     888016 bytes,    4279352 total
[2023-11-15T23:06:05.571+0000][7][gc,phases   ] GC(289)   Pre Evacuate Collection Set: 0.1ms
[2023-11-15T23:06:05.571+0000][7][gc,phases   ] GC(289)   Merge Heap Roots: 0.2ms
[2023-11-15T23:06:05.571+0000][7][gc,phases   ] GC(289)   Evacuate Collection Set: 2.9ms
[2023-11-15T23:06:05.571+0000][7][gc,phases   ] GC(289)   Post Evacuate Collection Set: 1.8ms
[2023-11-15T23:06:05.571+0000][7][gc,phases   ] GC(289)   Other: 6.8ms
[2023-11-15T23:06:05.571+0000][7][gc,heap     ] GC(289) Eden regions: 65->0(65)
[2023-11-15T23:06:05.571+0000][7][gc,heap     ] GC(289) Survivor regions: 2->2(9)
[2023-11-15T23:06:05.571+0000][7][gc,heap     ] GC(289) Old regions: 32->32
[2023-11-15T23:06:05.571+0000][7][gc,heap     ] GC(289) Archive regions: 2->2
[2023-11-15T23:06:05.571+0000][7][gc,heap     ] GC(289) Humongous regions: 5->5
[2023-11-15T23:06:05.571+0000][7][gc,metaspace] GC(289) Metaspace: 117336K(118912K)->117336K(118912K) NonClass: 101839K(102784K)->101839K(102784K) Class: 15497K(16128K)->15497K(16128K)
[2023-11-15T23:06:05.571+0000][7][gc          ] GC(289) Pause Young (Normal) (G1 Evacuation Pause) 412M->152M(512M) 10.615ms
[2023-11-15T23:06:05.572+0000][7][gc,cpu      ] GC(289) User=0.02s Sys=0.00s Real=0.01s
[2023-11-15T23:06:05.572+0000][7][safepoint   ] Safepoint "G1CollectForAllocation", Time since last: 15683691662 ns, Reaching safepoint: 3055085 ns, At safepoint: 13134213 ns, Total: 16189298 ns
[2023-11-15T23:06:22.862+0000][7][gc,start    ] GC(290) Pause Young (Concurrent Start) (G1 Evacuation Pause)
[2023-11-15T23:06:22.862+0000][7][gc,task     ] GC(290) Using 8 workers of 8 for evacuation
[2023-11-15T23:06:22.862+0000][7][gc,age      ] GC(290) Desired survivor size 18874368 bytes, new threshold 15 (max threshold 15)
[2023-11-15T23:06:22.865+0000][7][gc,age      ] GC(290) Age table with threshold 15 (max threshold 15)
[2023-11-15T23:06:22.865+0000][7][gc,age      ] GC(290) - age   1:     763504 bytes,     763504 total
[2023-11-15T23:06:22.865+0000][7][gc,age      ] GC(290) - age   2:     412376 bytes,    1175880 total
[2023-11-15T23:06:22.865+0000][7][gc,age      ] GC(290) - age   3:    2174000 bytes,    3349880 total
[2023-11-15T23:06:22.865+0000][7][gc,age      ] GC(290) - age   4:       2832 bytes,    3352712 total
[2023-11-15T23:06:22.865+0000][7][gc,age      ] GC(290) - age   5:     887792 bytes,    4240504 total
[2023-11-15T23:06:22.865+0000][7][gc,phases   ] GC(290)   Pre Evacuate Collection Set: 0.2ms
[2023-11-15T23:06:22.865+0000][7][gc,phases   ] GC(290)   Merge Heap Roots: 0.1ms
[2023-11-15T23:06:22.865+0000][7][gc,phases   ] GC(290)   Evacuate Collection Set: 2.0ms
[2023-11-15T23:06:22.865+0000][7][gc,phases   ] GC(290)   Post Evacuate Collection Set: 0.5ms
[2023-11-15T23:06:22.865+0000][7][gc,phases   ] GC(290)   Other: 0.2ms
[2023-11-15T23:06:22.865+0000][7][gc,heap     ] GC(290) Eden regions: 65->0(65)
[2023-11-15T23:06:22.865+0000][7][gc,heap     ] GC(290) Survivor regions: 2->2(9)
[2023-11-15T23:06:22.865+0000][7][gc,heap     ] GC(290) Old regions: 32->32
[2023-11-15T23:06:22.865+0000][7][gc,heap     ] GC(290) Archive regions: 2->2
[2023-11-15T23:06:22.865+0000][7][gc,heap     ] GC(290) Humongous regions: 5->5
[2023-11-15T23:06:22.865+0000][7][gc,metaspace] GC(290) Metaspace: 117342K(118912K)->117342K(118912K) NonClass: 101845K(102784K)->101845K(102784K) Class: 15497K(16128K)->15497K(16128K)
[2023-11-15T23:06:22.865+0000][7][gc          ] GC(290) Pause Young (Concurrent Start) (G1 Evacuation Pause) 412M->152M(512M) 3.035ms
[2023-11-15T23:06:22.865+0000][7][gc,cpu      ] GC(290) User=0.01s Sys=0.00s Real=0.01s
[2023-11-15T23:06:22.865+0000][7][safepoint   ] Safepoint "G1CollectForAllocation", Time since last: 17290589741 ns, Reaching safepoint: 48527 ns, At safepoint: 3122981 ns, Total: 3171508 ns
[2023-11-15T23:06:22.865+0000][7][gc          ] GC(291) Concurrent Mark Cycle
[2023-11-15T23:06:22.865+0000][7][gc,marking  ] GC(291) Concurrent Clear Claimed Marks
[2023-11-15T23:06:22.865+0000][7][gc,marking  ] GC(291) Concurrent Clear Claimed Marks 0.095ms
[2023-11-15T23:06:22.865+0000][7][gc,marking  ] GC(291) Concurrent Scan Root Regions
[2023-11-15T23:06:22.869+0000][7][gc,marking  ] GC(291) Concurrent Scan Root Regions 3.646ms
[2023-11-15T23:06:22.872+0000][7][gc,marking  ] GC(291) Concurrent Mark
[2023-11-15T23:06:22.872+0000][7][gc,marking  ] GC(291) Concurrent Mark From Roots
[2023-11-15T23:06:22.872+0000][7][gc,task     ] GC(291) Using 2 workers of 2 for marking
[2023-11-15T23:06:22.943+0000][7][gc,marking  ] GC(291) Concurrent Mark From Roots 70.785ms
[2023-11-15T23:06:22.943+0000][7][gc,marking  ] GC(291) Concurrent Preclean
[2023-11-15T23:06:22.943+0000][7][gc,marking  ] GC(291) Concurrent Preclean 0.209ms
[2023-11-15T23:06:22.943+0000][7][gc,start    ] GC(291) Pause Remark
[2023-11-15T23:06:22.952+0000][7][gc          ] GC(291) Pause Remark 163M->163M(512M) 9.436ms
[2023-11-15T23:06:22.952+0000][7][gc,cpu      ] GC(291) User=0.04s Sys=0.00s Real=0.01s
[2023-11-15T23:06:22.952+0000][7][safepoint   ] Safepoint "G1Concurrent", Time since last: 77627253 ns, Reaching safepoint: 26234 ns, At safepoint: 9520947 ns, Total: 9547181 ns
[2023-11-15T23:06:22.952+0000][7][gc,marking  ] GC(291) Concurrent Mark 80.642ms
[2023-11-15T23:06:22.952+0000][7][gc,marking  ] GC(291) Concurrent Rebuild Remembered Sets
[2023-11-15T23:06:22.987+0000][7][gc,marking  ] GC(291) Concurrent Rebuild Remembered Sets 34.510ms
[2023-11-15T23:06:22.987+0000][7][gc,start    ] GC(291) Pause Cleanup
[2023-11-15T23:06:22.987+0000][7][gc          ] GC(291) Pause Cleanup 164M->164M(512M) 0.070ms
[2023-11-15T23:06:22.987+0000][7][gc,cpu      ] GC(291) User=0.00s Sys=0.00s Real=0.00s
[2023-11-15T23:06:22.987+0000][7][safepoint   ] Safepoint "G1Concurrent", Time since last: 34594269 ns, Reaching safepoint: 76937 ns, At safepoint: 126527 ns, Total: 203464 ns
[2023-11-15T23:06:22.987+0000][7][gc,marking  ] GC(291) Concurrent Cleanup for Next Mark
[2023-11-15T23:06:22.988+0000][7][gc,marking  ] GC(291) Concurrent Cleanup for Next Mark 0.503ms
[2023-11-15T23:06:22.988+0000][7][gc          ] GC(291) Concurrent Mark Cycle 122.639ms
[2023-11-15T23:06:31.988+0000][7][safepoint   ] Safepoint "Cleanup", Time since last: 9000925008 ns, Reaching safepoint: 48809 ns, At safepoint: 3952 ns, Total: 52761 ns
[2023-11-15T23:06:33.989+0000][7][safepoint   ] Safepoint "Cleanup", Time since last: 2000263580 ns, Reaching safepoint: 142706 ns, At safepoint: 30635 ns, Total: 173341 ns
[2023-11-15T23:06:37.991+0000][7][safepoint   ] Safepoint "Cleanup", Time since last: 4000468112 ns, Reaching safepoint: 1404241 ns, At safepoint: 54740 ns, Total: 1458981 ns
[2023-11-15T23:06:38.103+0000][7][gc,start    ] GC(292) Pause Young (Prepare Mixed) (G1 Evacuation Pause)
[2023-11-15T23:06:38.103+0000][7][gc,task     ] GC(292) Using 8 workers of 8 for evacuation
[2023-11-15T23:06:38.103+0000][7][gc,age      ] GC(292) Desired survivor size 18874368 bytes, new threshold 15 (max threshold 15)
[2023-11-15T23:06:38.109+0000][7][gc,age      ] GC(292) Age table with threshold 15 (max threshold 15)
[2023-11-15T23:06:38.109+0000][7][gc,age      ] GC(292) - age   1:    2966992 bytes,    2966992 total
[2023-11-15T23:06:38.109+0000][7][gc,age      ] GC(292) - age   2:     341096 bytes,    3308088 total
[2023-11-15T23:06:38.109+0000][7][gc,age      ] GC(292) - age   3:     267256 bytes,    3575344 total
[2023-11-15T23:06:38.109+0000][7][gc,age      ] GC(292) - age   4:    2160608 bytes,    5735952 total
[2023-11-15T23:06:38.109+0000][7][gc,age      ] GC(292) - age   5:       2832 bytes,    5738784 total
[2023-11-15T23:06:38.109+0000][7][gc,age      ] GC(292) - age   6:     886520 bytes,    6625304 total
[2023-11-15T23:06:38.109+0000][7][gc,phases   ] GC(292)   Pre Evacuate Collection Set: 0.2ms
[2023-11-15T23:06:38.109+0000][7][gc,phases   ] GC(292)   Merge Heap Roots: 0.2ms
[2023-11-15T23:06:38.109+0000][7][gc,phases   ] GC(292)   Evacuate Collection Set: 4.0ms
[2023-11-15T23:06:38.109+0000][7][gc,phases   ] GC(292)   Post Evacuate Collection Set: 1.4ms
[2023-11-15T23:06:38.109+0000][7][gc,phases   ] GC(292)   Other: 0.6ms
[2023-11-15T23:06:38.109+0000][7][gc,heap     ] GC(292) Eden regions: 65->0(4)
[2023-11-15T23:06:38.109+0000][7][gc,heap     ] GC(292) Survivor regions: 2->2(9)
[2023-11-15T23:06:38.109+0000][7][gc,heap     ] GC(292) Old regions: 32->32
[2023-11-15T23:06:38.109+0000][7][gc,heap     ] GC(292) Archive regions: 2->2
[2023-11-15T23:06:38.109+0000][7][gc,heap     ] GC(292) Humongous regions: 5->5
[2023-11-15T23:06:38.109+0000][7][gc,metaspace] GC(292) Metaspace: 117349K(118912K)->117349K(118912K) NonClass: 101852K(102784K)->101852K(102784K) Class: 15497K(16128K)->15497K(16128K)
[2023-11-15T23:06:38.109+0000][7][gc          ] GC(292) Pause Young (Prepare Mixed) (G1 Evacuation Pause) 412M->155M(512M) 6.425ms
[2023-11-15T23:06:38.109+0000][7][gc,cpu      ] GC(292) User=0.03s Sys=0.00s Real=0.01s
[2023-11-15T23:06:38.110+0000][7][safepoint   ] Safepoint "G1CollectForAllocation", Time since last: 112209246 ns, Reaching safepoint: 67441 ns, At safepoint: 6634764 ns, Total: 6702205 ns
[2023-11-15T23:06:39.037+0000][7][gc,start    ] GC(293) Pause Young (Mixed) (G1 Evacuation Pause)
[2023-11-15T23:06:39.037+0000][7][gc,task     ] GC(293) Using 8 workers of 8 for evacuation
[2023-11-15T23:06:39.037+0000][7][gc,age      ] GC(293) Desired survivor size 2097152 bytes, new threshold 1 (max threshold 15)
[2023-11-15T23:06:39.063+0000][7][gc,age      ] GC(293) Age table with threshold 1 (max threshold 15)
[2023-11-15T23:06:39.063+0000][7][gc,age      ] GC(293) - age   1:     266144 bytes,     266144 total
[2023-11-15T23:06:39.063+0000][7][gc,phases   ] GC(293)   Pre Evacuate Collection Set: 0.2ms
[2023-11-15T23:06:39.063+0000][7][gc,phases   ] GC(293)   Merge Heap Roots: 0.1ms
[2023-11-15T23:06:39.063+0000][7][gc,phases   ] GC(293)   Evacuate Collection Set: 24.6ms
[2023-11-15T23:06:39.063+0000][7][gc,phases   ] GC(293)   Post Evacuate Collection Set: 1.4ms
[2023-11-15T23:06:39.064+0000][7][gc,phases   ] GC(293)   Other: 0.6ms
[2023-11-15T23:06:39.064+0000][7][gc,heap     ] GC(293) Eden regions: 4->0(66)
[2023-11-15T23:06:39.064+0000][7][gc,heap     ] GC(293) Survivor regions: 2->1(1)
[2023-11-15T23:06:39.064+0000][7][gc,heap     ] GC(293) Old regions: 32->32
[2023-11-15T23:06:39.064+0000][7][gc,heap     ] GC(293) Archive regions: 2->2
[2023-11-15T23:06:39.064+0000][7][gc,heap     ] GC(293) Humongous regions: 5->5
[2023-11-15T23:06:39.064+0000][7][gc,metaspace] GC(293) Metaspace: 117349K(118912K)->117349K(118912K) NonClass: 101852K(102784K)->101852K(102784K) Class: 15497K(16128K)->15497K(16128K)
[2023-11-15T23:06:39.064+0000][7][gc          ] GC(293) Pause Young (Mixed) (G1 Evacuation Pause) 171M->152M(512M) 27.195ms
[2023-11-15T23:06:39.064+0000][7][gc,cpu      ] GC(293) User=0.07s Sys=0.03s Real=0.02s
[2023-11-15T23:06:39.064+0000][7][safepoint   ] Safepoint "G1CollectForAllocation", Time since last: 926812937 ns, Reaching safepoint: 80627 ns, At safepoint: 27446956 ns, Total: 27527583 ns
[2023-11-15T23:06:42.065+0000][7][safepoint   ] Safepoint "Cleanup", Time since last: 3000450129 ns, Reaching safepoint: 260787 ns, At safepoint: 10992 ns, Total: 271779 ns
[2023-11-15T23:06:47.065+0000][7][safepoint   ] Safepoint "Cleanup", Time since last: 5000498262 ns, Reaching safepoint: 166661 ns, At safepoint: 11021 ns, Total: 177682 ns
[2023-11-15T23:06:48.066+0000][7][safepoint   ] Safepoint "Cleanup", Time since last: 1000226668 ns, Reaching safepoint: 147620 ns, At safepoint: 15062 ns, Total: 162682 ns
[2023-11-15T23:06:50.066+0000][7][safepoint   ] Safepoint "Cleanup", Time since last: 2000389375 ns, Reaching safepoint: 170970 ns, At safepoint: 21334 ns, Total: 192304 ns
[2023-11-15T23:06:51.066+0000][7][safepoint   ] Safepoint "Cleanup", Time since last: 1000164759 ns, Reaching safepoint: 74598 ns, At safepoint: 9621 ns, Total: 84219 ns
[2023-11-15T23:06:53.069+0000][7][safepoint   ] Safepoint "Cleanup", Time since last: 2002635081 ns, Reaching safepoint: 146233 ns, At safepoint: 31325 ns, Total: 177558 ns
[2023-11-15T23:06:56.833+0000][7][gc,start    ] GC(294) Pause Young (Normal) (G1 Evacuation Pause)
[2023-11-15T23:06:56.833+0000][7][gc,task     ] GC(294) Using 8 workers of 8 for evacuation
[2023-11-15T23:06:56.833+0000][7][gc,age      ] GC(294) Desired survivor size 18874368 bytes, new threshold 15 (max threshold 15)
[2023-11-15T23:06:56.837+0000][7][gc,age      ] GC(294) Age table with threshold 15 (max threshold 15)
[2023-11-15T23:06:56.837+0000][7][gc,age      ] GC(294) - age   1:     751248 bytes,     751248 total
[2023-11-15T23:06:56.837+0000][7][gc,age      ] GC(294) - age   2:      51320 bytes,     802568 total
[2023-11-15T23:06:56.837+0000][7][gc,phases   ] GC(294)   Pre Evacuate Collection Set: 0.2ms
[2023-11-15T23:06:56.837+0000][7][gc,phases   ] GC(294)   Merge Heap Roots: 0.1ms
[2023-11-15T23:06:56.837+0000][7][gc,phases   ] GC(294)   Evacuate Collection Set: 2.0ms
[2023-11-15T23:06:56.837+0000][7][gc,phases   ] GC(294)   Post Evacuate Collection Set: 1.2ms
[2023-11-15T23:06:56.837+0000][7][gc,phases   ] GC(294)   Other: 0.4ms
[2023-11-15T23:06:56.837+0000][7][gc,heap     ] GC(294) Eden regions: 66->0(66)
[2023-11-15T23:06:56.837+0000][7][gc,heap     ] GC(294) Survivor regions: 1->1(9)
[2023-11-15T23:06:56.837+0000][7][gc,heap     ] GC(294) Old regions: 32->32
[2023-11-15T23:06:56.837+0000][7][gc,heap     ] GC(294) Archive regions: 2->2
[2023-11-15T23:06:56.837+0000][7][gc,heap     ] GC(294) Humongous regions: 5->5
[2023-11-15T23:06:56.837+0000][7][gc,metaspace] GC(294) Metaspace: 117353K(118912K)->117353K(118912K) NonClass: 101855K(102784K)->101855K(102784K) Class: 15497K(16128K)->15497K(16128K)
[2023-11-15T23:06:56.837+0000][7][gc          ] GC(294) Pause Young (Normal) (G1 Evacuation Pause) 416M->152M(512M) 4.067ms
[2023-11-15T23:06:56.837+0000][7][gc,cpu      ] GC(294) User=0.02s Sys=0.00s Real=0.01s
[2023-11-15T23:06:56.837+0000][7][safepoint   ] Safepoint "G1CollectForAllocation", Time since last: 3763724655 ns, Reaching safepoint: 156575 ns, At safepoint: 4244480 ns, Total: 4401055 ns
[2023-11-15T23:07:04.838+0000][7][safepoint   ] Safepoint "Cleanup", Time since last: 8000827230 ns, Reaching safepoint: 135334 ns, At safepoint: 17445 ns, Total: 152779 ns
[2023-11-15T23:07:14.634+0000][7][gc,start    ] GC(295) Pause Young (Normal) (G1 Evacuation Pause)
[2023-11-15T23:07:14.634+0000][7][gc,task     ] GC(295) Using 8 workers of 8 for evacuation
[2023-11-15T23:07:14.634+0000][7][gc,age      ] GC(295) Desired survivor size 18874368 bytes, new threshold 15 (max threshold 15)
[2023-11-15T23:07:14.639+0000][7][gc,age      ] GC(295) Age table with threshold 15 (max threshold 15)
[2023-11-15T23:07:14.640+0000][7][gc,age      ] GC(295) - age   1:    1133464 bytes,    1133464 total
[2023-11-15T23:07:14.640+0000][7][gc,age      ] GC(295) - age   2:     411048 bytes,    1544512 total
[2023-11-15T23:07:14.640+0000][7][gc,age      ] GC(295) - age   3:      50520 bytes,    1595032 total
[2023-11-15T23:07:14.640+0000][7][gc,phases   ] GC(295)   Pre Evacuate Collection Set: 0.2ms
[2023-11-15T23:07:14.640+0000][7][gc,phases   ] GC(295)   Merge Heap Roots: 0.1ms
[2023-11-15T23:07:14.640+0000][7][gc,phases   ] GC(295)   Evacuate Collection Set: 4.1ms
[2023-11-15T23:07:14.640+0000][7][gc,phases   ] GC(295)   Post Evacuate Collection Set: 1.1ms
[2023-11-15T23:07:14.640+0000][7][gc,phases   ] GC(295)   Other: 0.5ms
[2023-11-15T23:07:14.640+0000][7][gc,heap     ] GC(295) Eden regions: 66->0(66)
[2023-11-15T23:07:14.640+0000][7][gc,heap     ] GC(295) Survivor regions: 1->1(9)
[2023-11-15T23:07:14.640+0000][7][gc,heap     ] GC(295) Old regions: 32->32
[2023-11-15T23:07:14.640+0000][7][gc,heap     ] GC(295) Archive regions: 2->2
[2023-11-15T23:07:14.640+0000][7][gc,heap     ] GC(295) Humongous regions: 5->5
[2023-11-15T23:07:14.640+0000][7][gc,metaspace] GC(295) Metaspace: 117362K(118912K)->117362K(118912K) NonClass: 101864K(102784K)->101864K(102784K) Class: 15498K(16128K)->15498K(16128K)
[2023-11-15T23:07:14.640+0000][7][gc          ] GC(295) Pause Young (Normal) (G1 Evacuation Pause) 416M->153M(512M) 6.144ms
[2023-11-15T23:07:14.640+0000][7][gc,cpu      ] GC(295) User=0.02s Sys=0.00s Real=0.01s
[2023-11-15T23:07:14.640+0000][7][safepoint   ] Safepoint "G1CollectForAllocation", Time since last: 9795074439 ns, Reaching safepoint: 134070 ns, At safepoint: 6338115 ns, Total: 6472185 ns
[2023-11-15T23:07:24.641+0000][7][safepoint   ] Safepoint "Cleanup", Time since last: 10001059764 ns, Reaching safepoint: 100168 ns, At safepoint: 12656 ns, Total: 112824 ns
[2023-11-15T23:07:26.641+0000][7][safepoint   ] Safepoint "Cleanup", Time since last: 2000235686 ns, Reaching safepoint: 78616 ns, At safepoint: 7795 ns, Total: 86411 ns
[2023-11-15T23:07:31.284+0000][7][gc,start    ] GC(296) Pause Young (Concurrent Start) (G1 Evacuation Pause)
[2023-11-15T23:07:31.284+0000][7][gc,task     ] GC(296) Using 8 workers of 8 for evacuation
[2023-11-15T23:07:31.284+0000][7][gc,age      ] GC(296) Desired survivor size 18874368 bytes, new threshold 15 (max threshold 15)
[2023-11-15T23:07:31.290+0000][7][gc,age      ] GC(296) Age table with threshold 15 (max threshold 15)
[2023-11-15T23:07:31.290+0000][7][gc,age      ] GC(296) - age   1:     928928 bytes,     928928 total
[2023-11-15T23:07:31.290+0000][7][gc,age      ] GC(296) - age   2:     327632 bytes,    1256560 total
[2023-11-15T23:07:31.290+0000][7][gc,age      ] GC(296) - age   3:     410312 bytes,    1666872 total
[2023-11-15T23:07:31.290+0000][7][gc,age      ] GC(296) - age   4:      50456 bytes,    1717328 total
[2023-11-15T23:07:31.290+0000][7][gc,phases   ] GC(296)   Pre Evacuate Collection Set: 0.3ms
[2023-11-15T23:07:31.290+0000][7][gc,phases   ] GC(296)   Merge Heap Roots: 0.1ms
[2023-11-15T23:07:31.290+0000][7][gc,phases   ] GC(296)   Evacuate Collection Set: 3.6ms
[2023-11-15T23:07:31.290+0000][7][gc,phases   ] GC(296)   Post Evacuate Collection Set: 1.1ms
[2023-11-15T23:07:31.290+0000][7][gc,phases   ] GC(296)   Other: 0.5ms
[2023-11-15T23:07:31.290+0000][7][gc,heap     ] GC(296) Eden regions: 66->0(66)
[2023-11-15T23:07:31.290+0000][7][gc,heap     ] GC(296) Survivor regions: 1->1(9)
[2023-11-15T23:07:31.290+0000][7][gc,heap     ] GC(296) Old regions: 32->32
[2023-11-15T23:07:31.290+0000][7][gc,heap     ] GC(296) Archive regions: 2->2
[2023-11-15T23:07:31.290+0000][7][gc,heap     ] GC(296) Humongous regions: 5->5
[2023-11-15T23:07:31.290+0000][7][gc,metaspace] GC(296) Metaspace: 117363K(118912K)->117363K(118912K) NonClass: 101865K(102784K)->101865K(102784K) Class: 15498K(16128K)->15498K(16128K)
[2023-11-15T23:07:31.290+0000][7][gc          ] GC(296) Pause Young (Concurrent Start) (G1 Evacuation Pause) 417M->153M(512M) 5.785ms
[2023-11-15T23:07:31.290+0000][7][gc,cpu      ] GC(296) User=0.02s Sys=0.01s Real=0.01s
[2023-11-15T23:07:31.290+0000][7][gc          ] GC(297) Concurrent Mark Cycle
[2023-11-15T23:07:31.290+0000][7][gc,marking  ] GC(297) Concurrent Clear Claimed Marks
[2023-11-15T23:07:31.290+0000][7][safepoint   ] Safepoint "G1CollectForAllocation", Time since last: 4642711946 ns, Reaching safepoint: 78050 ns, At safepoint: 5977032 ns, Total: 6055082 ns
[2023-11-15T23:07:31.290+0000][7][gc,marking  ] GC(297) Concurrent Clear Claimed Marks 0.160ms
[2023-11-15T23:07:31.290+0000][7][gc,marking  ] GC(297) Concurrent Scan Root Regions
[2023-11-15T23:07:31.296+0000][7][gc,marking  ] GC(297) Concurrent Scan Root Regions 5.673ms
[2023-11-15T23:07:31.296+0000][7][gc,marking  ] GC(297) Concurrent Mark
[2023-11-15T23:07:31.296+0000][7][gc,marking  ] GC(297) Concurrent Mark From Roots
[2023-11-15T23:07:31.296+0000][7][gc,task     ] GC(297) Using 2 workers of 2 for marking
[2023-11-15T23:07:31.374+0000][7][gc,marking  ] GC(297) Concurrent Mark From Roots 77.921ms
[2023-11-15T23:07:31.374+0000][7][gc,marking  ] GC(297) Concurrent Preclean
[2023-11-15T23:07:31.374+0000][7][gc,marking  ] GC(297) Concurrent Preclean 0.236ms
[2023-11-15T23:07:31.375+0000][7][gc,start    ] GC(297) Pause Remark
[2023-11-15T23:07:31.380+0000][7][gc          ] GC(297) Pause Remark 156M->156M(512M) 5.523ms
[2023-11-15T23:07:31.380+0000][7][gc,cpu      ] GC(297) User=0.03s Sys=0.01s Real=0.01s
[2023-11-15T23:07:31.380+0000][7][safepoint   ] Safepoint "G1Concurrent", Time since last: 84278756 ns, Reaching safepoint: 20383 ns, At safepoint: 5594069 ns, Total: 5614452 ns
[2023-11-15T23:07:31.380+0000][7][gc,marking  ] GC(297) Concurrent Mark 83.928ms
[2023-11-15T23:07:31.380+0000][7][gc,marking  ] GC(297) Concurrent Rebuild Remembered Sets
[2023-11-15T23:07:31.410+0000][7][gc,marking  ] GC(297) Concurrent Rebuild Remembered Sets 30.313ms
[2023-11-15T23:07:31.411+0000][7][gc,start    ] GC(297) Pause Cleanup
[2023-11-15T23:07:31.411+0000][7][gc          ] GC(297) Pause Cleanup 156M->156M(512M) 0.092ms
[2023-11-15T23:07:31.411+0000][7][gc,cpu      ] GC(297) User=0.00s Sys=0.00s Real=0.00s
[2023-11-15T23:07:31.411+0000][7][safepoint   ] Safepoint "G1Concurrent", Time since last: 30380151 ns, Reaching safepoint: 24280 ns, At safepoint: 132502 ns, Total: 156782 ns
[2023-11-15T23:07:31.411+0000][7][gc,marking  ] GC(297) Concurrent Cleanup for Next Mark
[2023-11-15T23:07:31.411+0000][7][gc,marking  ] GC(297) Concurrent Cleanup for Next Mark 0.735ms
[2023-11-15T23:07:31.411+0000][7][gc          ] GC(297) Concurrent Mark Cycle 121.225ms
[2023-11-15T23:07:41.412+0000][7][safepoint   ] Safepoint "Cleanup", Time since last: 10000971225 ns, Reaching safepoint: 129384 ns, At safepoint: 14366 ns, Total: 143750 ns
[2023-11-15T23:07:42.412+0000][7][safepoint   ] Safepoint "Cleanup", Time since last: 1000317060 ns, Reaching safepoint: 36097 ns, At safepoint: 4714 ns, Total: 40811 ns
[2023-11-15T23:07:43.412+0000][7][safepoint   ] Safepoint "Cleanup", Time since last: 1000157674 ns, Reaching safepoint: 132673 ns, At safepoint: 11386 ns, Total: 144059 ns
[2023-11-15T23:07:44.413+0000][7][safepoint   ] Safepoint "Cleanup", Time since last: 1000149485 ns, Reaching safepoint: 55437 ns, At safepoint: 8002 ns, Total: 63439 ns
[2023-11-15T23:07:47.004+0000][7][gc,start    ] GC(298) Pause Young (Prepare Mixed) (G1 Evacuation Pause)
[2023-11-15T23:07:47.004+0000][7][gc,task     ] GC(298) Using 8 workers of 8 for evacuation
[2023-11-15T23:07:47.004+0000][7][gc,age      ] GC(298) Desired survivor size 18874368 bytes, new threshold 15 (max threshold 15)
[2023-11-15T23:07:47.006+0000][7][gc,age      ] GC(298) Age table with threshold 15 (max threshold 15)
[2023-11-15T23:07:47.006+0000][7][gc,age      ] GC(298) - age   1:    1830528 bytes,    1830528 total
[2023-11-15T23:07:47.006+0000][7][gc,age      ] GC(298) - age   2:     171336 bytes,    2001864 total
[2023-11-15T23:07:47.006+0000][7][gc,age      ] GC(298) - age   3:     293392 bytes,    2295256 total
[2023-11-15T23:07:47.006+0000][7][gc,age      ] GC(298) - age   4:     374504 bytes,    2669760 total
[2023-11-15T23:07:47.006+0000][7][gc,age      ] GC(298) - age   5:      48712 bytes,    2718472 total
[2023-11-15T23:07:47.006+0000][7][gc,phases   ] GC(298)   Pre Evacuate Collection Set: 0.1ms
[2023-11-15T23:07:47.006+0000][7][gc,phases   ] GC(298)   Merge Heap Roots: 0.1ms
[2023-11-15T23:07:47.006+0000][7][gc,phases   ] GC(298)   Evacuate Collection Set: 1.8ms
[2023-11-15T23:07:47.006+0000][7][gc,phases   ] GC(298)   Post Evacuate Collection Set: 0.5ms
[2023-11-15T23:07:47.006+0000][7][gc,phases   ] GC(298)   Other: 0.2ms
[2023-11-15T23:07:47.006+0000][7][gc,heap     ] GC(298) Eden regions: 66->0(5)
[2023-11-15T23:07:47.006+0000][7][gc,heap     ] GC(298) Survivor regions: 1->1(9)
[2023-11-15T23:07:47.006+0000][7][gc,heap     ] GC(298) Old regions: 32->32
[2023-11-15T23:07:47.006+0000][7][gc,heap     ] GC(298) Archive regions: 2->2
[2023-11-15T23:07:47.006+0000][7][gc,heap     ] GC(298) Humongous regions: 5->5
[2023-11-15T23:07:47.006+0000][7][gc,metaspace] GC(298) Metaspace: 117367K(118912K)->117367K(118912K) NonClass: 101869K(102784K)->101869K(102784K) Class: 15498K(16128K)->15498K(16128K)
[2023-11-15T23:07:47.006+0000][7][gc          ] GC(298) Pause Young (Prepare Mixed) (G1 Evacuation Pause) 417M->154M(512M) 2.629ms
[2023-11-15T23:07:47.006+0000][7][gc,cpu      ] GC(298) User=0.02s Sys=0.00s Real=0.01s
[2023-11-15T23:07:47.006+0000][7][safepoint   ] Safepoint "G1CollectForAllocation", Time since last: 2591015343 ns, Reaching safepoint: 116917 ns, At safepoint: 2706890 ns, Total: 2823807 ns
[2023-11-15T23:07:48.221+0000][7][safepoint   ] Safepoint "Cleanup", Time since last: 1214763964 ns, Reaching safepoint: 69571 ns, At safepoint: 8414 ns, Total: 77985 ns
[2023-11-15T23:07:48.251+0000][7][gc,start    ] GC(299) Pause Young (Mixed) (G1 Evacuation Pause)
[2023-11-15T23:07:48.251+0000][7][gc,task     ] GC(299) Using 8 workers of 8 for evacuation
[2023-11-15T23:07:48.252+0000][7][gc,age      ] GC(299) Desired survivor size 2097152 bytes, new threshold 3 (max threshold 15)
[2023-11-15T23:07:48.257+0000][7][gc,age      ] GC(299) Age table with threshold 3 (max threshold 15)
[2023-11-15T23:07:48.257+0000][7][gc,age      ] GC(299) - age   1:     265144 bytes,     265144 total
[2023-11-15T23:07:48.257+0000][7][gc,age      ] GC(299) - age   2:    1338648 bytes,    1603792 total
[2023-11-15T23:07:48.257+0000][7][gc,age      ] GC(299) - age   3:     171208 bytes,    1775000 total
[2023-11-15T23:07:48.257+0000][7][gc,phases   ] GC(299)   Pre Evacuate Collection Set: 0.2ms
[2023-11-15T23:07:48.257+0000][7][gc,phases   ] GC(299)   Merge Heap Roots: 0.1ms
[2023-11-15T23:07:48.257+0000][7][gc,phases   ] GC(299)   Evacuate Collection Set: 4.0ms
[2023-11-15T23:07:48.257+0000][7][gc,phases   ] GC(299)   Post Evacuate Collection Set: 1.1ms
[2023-11-15T23:07:48.257+0000][7][gc,phases   ] GC(299)   Other: 0.5ms
[2023-11-15T23:07:48.257+0000][7][gc,heap     ] GC(299) Eden regions: 5->0(66)
[2023-11-15T23:07:48.257+0000][7][gc,heap     ] GC(299) Survivor regions: 1->1(1)
[2023-11-15T23:07:48.257+0000][7][gc,heap     ] GC(299) Old regions: 32->32
[2023-11-15T23:07:48.257+0000][7][gc,heap     ] GC(299) Archive regions: 2->2
[2023-11-15T23:07:48.257+0000][7][gc,heap     ] GC(299) Humongous regions: 5->5
[2023-11-15T23:07:48.257+0000][7][gc,metaspace] GC(299) Metaspace: 117367K(118912K)->117367K(118912K) NonClass: 101869K(102784K)->101869K(102784K) Class: 15498K(16128K)->15498K(16128K)
[2023-11-15T23:07:48.257+0000][7][gc          ] GC(299) Pause Young (Mixed) (G1 Evacuation Pause) 174M->151M(512M) 6.033ms
[2023-11-15T23:07:48.258+0000][7][gc,cpu      ] GC(299) User=0.03s Sys=0.00s Real=0.01s
[2023-11-15T23:07:48.258+0000][7][safepoint   ] Safepoint "G1CollectForAllocation", Time since last: 29839624 ns, Reaching safepoint: 157041 ns, At safepoint: 6272395 ns, Total: 6429436 ns
[2023-11-15T23:07:50.258+0000][7][safepoint   ] Safepoint "Cleanup", Time since last: 2000220216 ns, Reaching safepoint: 57854 ns, At safepoint: 4205 ns, Total: 62059 ns
[2023-11-15T23:07:53.258+0000][7][safepoint   ] Safepoint "Cleanup", Time since last: 3000343981 ns, Reaching safepoint: 124733 ns, At safepoint: 20918 ns, Total: 145651 ns
[2023-11-15T23:08:04.950+0000][7][gc,start    ] GC(300) Pause Young (Normal) (G1 Evacuation Pause)
[2023-11-15T23:08:04.950+0000][7][gc,task     ] GC(300) Using 8 workers of 8 for evacuation
[2023-11-15T23:08:04.950+0000][7][gc,age      ] GC(300) Desired survivor size 18874368 bytes, new threshold 15 (max threshold 15)
[2023-11-15T23:08:04.955+0000][7][gc,age      ] GC(300) Age table with threshold 15 (max threshold 15)
[2023-11-15T23:08:04.955+0000][7][gc,age      ] GC(300) - age   1:    1627792 bytes,    1627792 total
[2023-11-15T23:08:04.955+0000][7][gc,age      ] GC(300) - age   2:         96 bytes,    1627888 total
[2023-11-15T23:08:04.955+0000][7][gc,age      ] GC(300) - age   3:     755992 bytes,    2383880 total
[2023-11-15T23:08:04.955+0000][7][gc,age      ] GC(300) - age   4:     170144 bytes,    2554024 total
[2023-11-15T23:08:04.955+0000][7][gc,phases   ] GC(300)   Pre Evacuate Collection Set: 0.2ms
[2023-11-15T23:08:04.955+0000][7][gc,phases   ] GC(300)   Merge Heap Roots: 0.1ms
[2023-11-15T23:08:04.955+0000][7][gc,phases   ] GC(300)   Evacuate Collection Set: 3.0ms
[2023-11-15T23:08:04.955+0000][7][gc,phases   ] GC(300)   Post Evacuate Collection Set: 1.1ms
[2023-11-15T23:08:04.955+0000][7][gc,phases   ] GC(300)   Other: 0.5ms
[2023-11-15T23:08:04.955+0000][7][gc,heap     ] GC(300) Eden regions: 66->0(66)
[2023-11-15T23:08:04.955+0000][7][gc,heap     ] GC(300) Survivor regions: 1->1(9)
[2023-11-15T23:08:04.955+0000][7][gc,heap     ] GC(300) Old regions: 32->32
[2023-11-15T23:08:04.955+0000][7][gc,heap     ] GC(300) Archive regions: 2->2
[2023-11-15T23:08:04.955+0000][7][gc,heap     ] GC(300) Humongous regions: 5->5
[2023-11-15T23:08:04.955+0000][7][gc,metaspace] GC(300) Metaspace: 117367K(118912K)->117367K(118912K) NonClass: 101869K(102784K)->101869K(102784K) Class: 15498K(16128K)->15498K(16128K)
[2023-11-15T23:08:04.955+0000][7][gc          ] GC(300) Pause Young (Normal) (G1 Evacuation Pause) 415M->152M(512M) 4.898ms
[2023-11-15T23:08:04.955+0000][7][gc,cpu      ] GC(300) User=0.03s Sys=0.00s Real=0.01s
[2023-11-15T23:08:04.955+0000][7][safepoint   ] Safepoint "G1CollectForAllocation", Time since last: 11691494826 ns, Reaching safepoint: 91435 ns, At safepoint: 5089563 ns, Total: 5180998 ns
[2023-11-15T23:08:17.957+0000][7][safepoint   ] Safepoint "Cleanup", Time since last: 13001500464 ns, Reaching safepoint: 96657 ns, At safepoint: 15692 ns, Total: 112349 ns
[2023-11-15T23:08:21.743+0000][7][gc,start    ] GC(301) Pause Young (Normal) (G1 Evacuation Pause)
[2023-11-15T23:08:21.743+0000][7][gc,task     ] GC(301) Using 8 workers of 8 for evacuation
[2023-11-15T23:08:21.743+0000][7][gc,age      ] GC(301) Desired survivor size 18874368 bytes, new threshold 15 (max threshold 15)
[2023-11-15T23:08:21.747+0000][7][gc,age      ] GC(301) Age table with threshold 15 (max threshold 15)
[2023-11-15T23:08:21.747+0000][7][gc,age      ] GC(301) - age   1:    2226920 bytes,    2226920 total
[2023-11-15T23:08:21.747+0000][7][gc,age      ] GC(301) - age   2:     304432 bytes,    2531352 total
[2023-11-15T23:08:21.747+0000][7][gc,age      ] GC(301) - age   4:     740360 bytes,    3271712 total
[2023-11-15T23:08:21.747+0000][7][gc,age      ] GC(301) - age   5:     169920 bytes,    3441632 total
[2023-11-15T23:08:21.747+0000][7][gc,phases   ] GC(301)   Pre Evacuate Collection Set: 0.1ms
[2023-11-15T23:08:21.747+0000][7][gc,phases   ] GC(301)   Merge Heap Roots: 0.1ms
[2023-11-15T23:08:21.747+0000][7][gc,phases   ] GC(301)   Evacuate Collection Set: 2.6ms
[2023-11-15T23:08:21.747+0000][7][gc,phases   ] GC(301)   Post Evacuate Collection Set: 0.9ms
[2023-11-15T23:08:21.747+0000][7][gc,phases   ] GC(301)   Other: 0.3ms
[2023-11-15T23:08:21.747+0000][7][gc,heap     ] GC(301) Eden regions: 66->0(66)
[2023-11-15T23:08:21.747+0000][7][gc,heap     ] GC(301) Survivor regions: 1->1(9)
[2023-11-15T23:08:21.747+0000][7][gc,heap     ] GC(301) Old regions: 32->32
[2023-11-15T23:08:21.747+0000][7][gc,heap     ] GC(301) Archive regions: 2->2
[2023-11-15T23:08:21.747+0000][7][gc,heap     ] GC(301) Humongous regions: 5->5
[2023-11-15T23:08:21.747+0000][7][gc,metaspace] GC(301) Metaspace: 117380K(118976K)->117380K(118976K) NonClass: 101881K(102848K)->101881K(102848K) Class: 15498K(16128K)->15498K(16128K)
[2023-11-15T23:08:21.747+0000][7][gc          ] GC(301) Pause Young (Normal) (G1 Evacuation Pause) 416M->153M(512M) 4.123ms
[2023-11-15T23:08:21.747+0000][7][gc,cpu      ] GC(301) User=0.02s Sys=0.00s Real=0.01s
[2023-11-15T23:08:21.747+0000][7][safepoint   ] Safepoint "G1CollectForAllocation", Time since last: 3785996117 ns, Reaching safepoint: 82145 ns, At safepoint: 4243909 ns, Total: 4326054 ns
[2023-11-15T23:08:23.747+0000][7][safepoint   ] Safepoint "Cleanup", Time since last: 2000241664 ns, Reaching safepoint: 139646 ns, At safepoint: 33412 ns, Total: 173058 ns
[2023-11-15T23:08:29.748+0000][7][safepoint   ] Safepoint "Cleanup", Time since last: 6000621079 ns, Reaching safepoint: 119535 ns, At safepoint: 22368 ns, Total: 141903 ns
[2023-11-15T23:08:36.749+0000][7][safepoint   ] Safepoint "Cleanup", Time since last: 7000759716 ns, Reaching safepoint: 70778 ns, At safepoint: 14281 ns, Total: 85059 ns
[2023-11-15T23:08:37.885+0000][7][gc,start    ] GC(302) Pause Young (Concurrent Start) (G1 Evacuation Pause)
[2023-11-15T23:08:37.885+0000][7][gc,task     ] GC(302) Using 8 workers of 8 for evacuation
[2023-11-15T23:08:37.885+0000][7][gc,age      ] GC(302) Desired survivor size 18874368 bytes, new threshold 15 (max threshold 15)
[2023-11-15T23:08:37.889+0000][7][gc,age      ] GC(302) Age table with threshold 15 (max threshold 15)
[2023-11-15T23:08:37.889+0000][7][gc,age      ] GC(302) - age   1:    1393704 bytes,    1393704 total
[2023-11-15T23:08:37.889+0000][7][gc,age      ] GC(302) - age   2:    1649912 bytes,    3043616 total
[2023-11-15T23:08:37.889+0000][7][gc,age      ] GC(302) - age   3:     286424 bytes,    3330040 total
[2023-11-15T23:08:37.889+0000][7][gc,age      ] GC(302) - age   5:     595320 bytes,    3925360 total
[2023-11-15T23:08:37.889+0000][7][gc,age      ] GC(302) - age   6:     169288 bytes,    4094648 total
[2023-11-15T23:08:37.889+0000][7][gc,phases   ] GC(302)   Pre Evacuate Collection Set: 0.2ms
[2023-11-15T23:08:37.889+0000][7][gc,phases   ] GC(302)   Merge Heap Roots: 0.1ms
[2023-11-15T23:08:37.889+0000][7][gc,phases   ] GC(302)   Evacuate Collection Set: 2.4ms
[2023-11-15T23:08:37.889+0000][7][gc,phases   ] GC(302)   Post Evacuate Collection Set: 0.7ms
[2023-11-15T23:08:37.889+0000][7][gc,phases   ] GC(302)   Other: 0.3ms
[2023-11-15T23:08:37.889+0000][7][gc,heap     ] GC(302) Eden regions: 66->0(65)
[2023-11-15T23:08:37.889+0000][7][gc,heap     ] GC(302) Survivor regions: 1->2(9)
[2023-11-15T23:08:37.889+0000][7][gc,heap     ] GC(302) Old regions: 32->32
[2023-11-15T23:08:37.889+0000][7][gc,heap     ] GC(302) Archive regions: 2->2
[2023-11-15T23:08:37.889+0000][7][gc,heap     ] GC(302) Humongous regions: 5->5
[2023-11-15T23:08:37.889+0000][7][gc,metaspace] GC(302) Metaspace: 117382K(118976K)->117382K(118976K) NonClass: 101883K(102848K)->101883K(102848K) Class: 15498K(16128K)->15498K(16128K)
[2023-11-15T23:08:37.889+0000][7][gc          ] GC(302) Pause Young (Concurrent Start) (G1 Evacuation Pause) 417M->154M(512M) 3.712ms
[2023-11-15T23:08:37.889+0000][7][gc,cpu      ] GC(302) User=0.02s Sys=0.01s Real=0.00s
[2023-11-15T23:08:37.889+0000][7][safepoint   ] Safepoint "G1CollectForAllocation", Time since last: 1136007284 ns, Reaching safepoint: 54594 ns, At safepoint: 3829781 ns, Total: 3884375 ns
[2023-11-15T23:08:37.889+0000][7][gc          ] GC(303) Concurrent Mark Cycle
[2023-11-15T23:08:37.889+0000][7][gc,marking  ] GC(303) Concurrent Clear Claimed Marks
[2023-11-15T23:08:37.889+0000][7][gc,marking  ] GC(303) Concurrent Clear Claimed Marks 0.163ms
[2023-11-15T23:08:37.889+0000][7][gc,marking  ] GC(303) Concurrent Scan Root Regions
[2023-11-15T23:08:37.892+0000][7][gc,marking  ] GC(303) Concurrent Scan Root Regions 3.313ms
[2023-11-15T23:08:37.892+0000][7][gc,marking  ] GC(303) Concurrent Mark
[2023-11-15T23:08:37.892+0000][7][gc,marking  ] GC(303) Concurrent Mark From Roots
[2023-11-15T23:08:37.892+0000][7][gc,task     ] GC(303) Using 2 workers of 2 for marking
[2023-11-15T23:08:37.966+0000][7][gc,marking  ] GC(303) Concurrent Mark From Roots 73.793ms
[2023-11-15T23:08:37.966+0000][7][gc,marking  ] GC(303) Concurrent Preclean
[2023-11-15T23:08:37.967+0000][7][gc,marking  ] GC(303) Concurrent Preclean 0.277ms
[2023-11-15T23:08:37.967+0000][7][gc,start    ] GC(303) Pause Remark
[2023-11-15T23:08:37.973+0000][7][gc          ] GC(303) Pause Remark 159M->159M(512M) 5.948ms
[2023-11-15T23:08:37.973+0000][7][gc,cpu      ] GC(303) User=0.04s Sys=0.00s Real=0.00s
[2023-11-15T23:08:37.973+0000][7][safepoint   ] Safepoint "G1Concurrent", Time since last: 77742267 ns, Reaching safepoint: 34182 ns, At safepoint: 6029576 ns, Total: 6063758 ns
[2023-11-15T23:08:37.973+0000][7][gc,marking  ] GC(303) Concurrent Mark 80.245ms
[2023-11-15T23:08:37.973+0000][7][gc,marking  ] GC(303) Concurrent Rebuild Remembered Sets
[2023-11-15T23:08:38.007+0000][7][gc,marking  ] GC(303) Concurrent Rebuild Remembered Sets 34.030ms
[2023-11-15T23:08:38.007+0000][7][gc,start    ] GC(303) Pause Cleanup
[2023-11-15T23:08:38.007+0000][7][gc          ] GC(303) Pause Cleanup 161M->161M(512M) 0.091ms
[2023-11-15T23:08:38.007+0000][7][gc,cpu      ] GC(303) User=0.00s Sys=0.00s Real=0.00s
[2023-11-15T23:08:38.007+0000][7][safepoint   ] Safepoint "G1Concurrent", Time since last: 34125094 ns, Reaching safepoint: 24178 ns, At safepoint: 179027 ns, Total: 203205 ns
[2023-11-15T23:08:38.007+0000][7][gc,marking  ] GC(303) Concurrent Cleanup for Next Mark
[2023-11-15T23:08:38.008+0000][7][gc,marking  ] GC(303) Concurrent Cleanup for Next Mark 0.673ms
[2023-11-15T23:08:38.008+0000][7][gc          ] GC(303) Concurrent Mark Cycle 118.851ms
[2023-11-15T23:08:47.008+0000][7][safepoint   ] Safepoint "Cleanup", Time since last: 9000937781 ns, Reaching safepoint: 115837 ns, At safepoint: 14119 ns, Total: 129956 ns
[2023-11-15T23:08:53.474+0000][7][gc,start    ] GC(304) Pause Young (Prepare Mixed) (G1 Evacuation Pause)
[2023-11-15T23:08:53.474+0000][7][gc,task     ] GC(304) Using 8 workers of 8 for evacuation
[2023-11-15T23:08:53.474+0000][7][gc,age      ] GC(304) Desired survivor size 18874368 bytes, new threshold 15 (max threshold 15)
[2023-11-15T23:08:53.479+0000][7][gc,age      ] GC(304) Age table with threshold 15 (max threshold 15)
[2023-11-15T23:08:53.479+0000][7][gc,age      ] GC(304) - age   1:    1183936 bytes,    1183936 total
[2023-11-15T23:08:53.479+0000][7][gc,age      ] GC(304) - age   2:     818960 bytes,    2002896 total
[2023-11-15T23:08:53.479+0000][7][gc,age      ] GC(304) - age   3:    1489912 bytes,    3492808 total
[2023-11-15T23:08:53.479+0000][7][gc,age      ] GC(304) - age   4:     285760 bytes,    3778568 total
[2023-11-15T23:08:53.479+0000][7][gc,age      ] GC(304) - age   6:     580600 bytes,    4359168 total
[2023-11-15T23:08:53.479+0000][7][gc,age      ] GC(304) - age   7:     168920 bytes,    4528088 total
[2023-11-15T23:08:53.479+0000][7][gc,phases   ] GC(304)   Pre Evacuate Collection Set: 0.2ms
[2023-11-15T23:08:53.479+0000][7][gc,phases   ] GC(304)   Merge Heap Roots: 0.1ms
[2023-11-15T23:08:53.479+0000][7][gc,phases   ] GC(304)   Evacuate Collection Set: 3.4ms
[2023-11-15T23:08:53.479+0000][7][gc,phases   ] GC(304)   Post Evacuate Collection Set: 1.0ms
[2023-11-15T23:08:53.479+0000][7][gc,phases   ] GC(304)   Other: 0.4ms
[2023-11-15T23:08:53.479+0000][7][gc,heap     ] GC(304) Eden regions: 65->0(4)
[2023-11-15T23:08:53.479+0000][7][gc,heap     ] GC(304) Survivor regions: 2->2(9)
[2023-11-15T23:08:53.479+0000][7][gc,heap     ] GC(304) Old regions: 32->32
[2023-11-15T23:08:53.479+0000][7][gc,heap     ] GC(304) Archive regions: 2->2
[2023-11-15T23:08:53.479+0000][7][gc,heap     ] GC(304) Humongous regions: 5->5
[2023-11-15T23:08:53.479+0000][7][gc,metaspace] GC(304) Metaspace: 117384K(118976K)->117384K(118976K) NonClass: 101885K(102848K)->101885K(102848K) Class: 15498K(16128K)->15498K(16128K)
[2023-11-15T23:08:53.479+0000][7][gc          ] GC(304) Pause Young (Prepare Mixed) (G1 Evacuation Pause) 414M->154M(512M) 5.199ms
[2023-11-15T23:08:53.479+0000][7][gc,cpu      ] GC(304) User=0.03s Sys=0.00s Real=0.01s
[2023-11-15T23:08:53.479+0000][7][safepoint   ] Safepoint "G1CollectForAllocation", Time since last: 6465727718 ns, Reaching safepoint: 91919 ns, At safepoint: 5361171 ns, Total: 5453090 ns
[2023-11-15T23:08:54.650+0000][7][gc,start    ] GC(305) Pause Young (Mixed) (G1 Evacuation Pause)
[2023-11-15T23:08:54.651+0000][7][gc,task     ] GC(305) Using 8 workers of 8 for evacuation
[2023-11-15T23:08:54.651+0000][7][gc,age      ] GC(305) Desired survivor size 2097152 bytes, new threshold 3 (max threshold 15)
[2023-11-15T23:08:54.659+0000][7][gc,age      ] GC(305) Age table with threshold 3 (max threshold 15)
[2023-11-15T23:08:54.660+0000][7][gc,age      ] GC(305) - age   1:     225888 bytes,     225888 total
[2023-11-15T23:08:54.660+0000][7][gc,age      ] GC(305) - age   2:     785400 bytes,    1011288 total
[2023-11-15T23:08:54.660+0000][7][gc,age      ] GC(305) - age   3:     818832 bytes,    1830120 total
[2023-11-15T23:08:54.660+0000][7][gc,phases   ] GC(305)   Pre Evacuate Collection Set: 0.2ms
[2023-11-15T23:08:54.660+0000][7][gc,phases   ] GC(305)   Merge Heap Roots: 0.1ms
[2023-11-15T23:08:54.660+0000][7][gc,phases   ] GC(305)   Evacuate Collection Set: 7.4ms
[2023-11-15T23:08:54.660+0000][7][gc,phases   ] GC(305)   Post Evacuate Collection Set: 1.2ms
[2023-11-15T23:08:54.660+0000][7][gc,phases   ] GC(305)   Other: 0.5ms
[2023-11-15T23:08:54.660+0000][7][gc,heap     ] GC(305) Eden regions: 4->0(66)
[2023-11-15T23:08:54.660+0000][7][gc,heap     ] GC(305) Survivor regions: 2->1(1)
[2023-11-15T23:08:54.660+0000][7][gc,heap     ] GC(305) Old regions: 32->32
[2023-11-15T23:08:54.660+0000][7][gc,heap     ] GC(305) Archive regions: 2->2
[2023-11-15T23:08:54.660+0000][7][gc,heap     ] GC(305) Humongous regions: 5->5
[2023-11-15T23:08:54.660+0000][7][gc,metaspace] GC(305) Metaspace: 117384K(118976K)->117384K(118976K) NonClass: 101885K(102848K)->101885K(102848K) Class: 15498K(16128K)->15498K(16128K)
[2023-11-15T23:08:54.660+0000][7][gc          ] GC(305) Pause Young (Mixed) (G1 Evacuation Pause) 170M->151M(512M) 9.455ms
[2023-11-15T23:08:54.660+0000][7][gc,cpu      ] GC(305) User=0.04s Sys=0.00s Real=0.01s
[2023-11-15T23:08:54.660+0000][7][safepoint   ] Safepoint "G1CollectForAllocation", Time since last: 1170991109 ns, Reaching safepoint: 104089 ns, At safepoint: 9663642 ns, Total: 9767731 ns
[2023-11-15T23:09:05.662+0000][7][safepoint   ] Safepoint "Cleanup", Time since last: 11001469865 ns, Reaching safepoint: 123702 ns, At safepoint: 11652 ns, Total: 135354 ns
[2023-11-15T23:09:11.294+0000][7][gc,start    ] GC(306) Pause Young (Normal) (G1 Evacuation Pause)
[2023-11-15T23:09:11.294+0000][7][gc,task     ] GC(306) Using 8 workers of 8 for evacuation
[2023-11-15T23:09:11.294+0000][7][gc,age      ] GC(306) Desired survivor size 18874368 bytes, new threshold 15 (max threshold 15)
[2023-11-15T23:09:11.300+0000][7][gc,age      ] GC(306) Age table with threshold 15 (max threshold 15)
[2023-11-15T23:09:11.300+0000][7][gc,age      ] GC(306) - age   1:    3182328 bytes,    3182328 total
[2023-11-15T23:09:11.300+0000][7][gc,age      ] GC(306) - age   2:       3456 bytes,    3185784 total
[2023-11-15T23:09:11.300+0000][7][gc,age      ] GC(306) - age   3:     298336 bytes,    3484120 total
[2023-11-15T23:09:11.300+0000][7][gc,age      ] GC(306) - age   4:     805032 bytes,    4289152 total
[2023-11-15T23:09:11.300+0000][7][gc,phases   ] GC(306)   Pre Evacuate Collection Set: 0.2ms
[2023-11-15T23:09:11.300+0000][7][gc,phases   ] GC(306)   Merge Heap Roots: 0.2ms
[2023-11-15T23:09:11.300+0000][7][gc,phases   ] GC(306)   Evacuate Collection Set: 3.8ms
[2023-11-15T23:09:11.300+0000][7][gc,phases   ] GC(306)   Post Evacuate Collection Set: 1.6ms
[2023-11-15T23:09:11.300+0000][7][gc,phases   ] GC(306)   Other: 0.6ms
[2023-11-15T23:09:11.300+0000][7][gc,heap     ] GC(306) Eden regions: 66->0(65)
[2023-11-15T23:09:11.300+0000][7][gc,heap     ] GC(306) Survivor regions: 1->2(9)
[2023-11-15T23:09:11.300+0000][7][gc,heap     ] GC(306) Old regions: 32->32
[2023-11-15T23:09:11.300+0000][7][gc,heap     ] GC(306) Archive regions: 2->2
[2023-11-15T23:09:11.300+0000][7][gc,heap     ] GC(306) Humongous regions: 5->5
[2023-11-15T23:09:11.300+0000][7][gc,metaspace] GC(306) Metaspace: 117399K(118976K)->117399K(118976K) NonClass: 101900K(102848K)->101900K(102848K) Class: 15498K(16128K)->15498K(16128K)
[2023-11-15T23:09:11.300+0000][7][gc          ] GC(306) Pause Young (Normal) (G1 Evacuation Pause) 415M->154M(512M) 6.582ms
[2023-11-15T23:09:11.300+0000][7][gc,cpu      ] GC(306) User=0.02s Sys=0.00s Real=0.01s
[2023-11-15T23:09:11.301+0000][7][safepoint   ] Safepoint "G1CollectForAllocation", Time since last: 5631923357 ns, Reaching safepoint: 165037 ns, At safepoint: 6810628 ns, Total: 6975665 ns
[2023-11-15T23:09:17.301+0000][7][safepoint   ] Safepoint "Cleanup", Time since last: 6000868419 ns, Reaching safepoint: 46545 ns, At safepoint: 6364 ns, Total: 52909 ns
[2023-11-15T23:09:27.202+0000][7][gc,start    ] GC(307) Pause Young (Normal) (G1 Evacuation Pause)
[2023-11-15T23:09:27.202+0000][7][gc,task     ] GC(307) Using 8 workers of 8 for evacuation
[2023-11-15T23:09:27.202+0000][7][gc,age      ] GC(307) Desired survivor size 18874368 bytes, new threshold 15 (max threshold 15)
[2023-11-15T23:09:27.205+0000][7][gc,age      ] GC(307) Age table with threshold 15 (max threshold 15)
[2023-11-15T23:09:27.205+0000][7][gc,age      ] GC(307) - age   1:     790904 bytes,     790904 total
[2023-11-15T23:09:27.205+0000][7][gc,age      ] GC(307) - age   2:    2488960 bytes,    3279864 total
[2023-11-15T23:09:27.205+0000][7][gc,age      ] GC(307) - age   3:       3360 bytes,    3283224 total
[2023-11-15T23:09:27.205+0000][7][gc,age      ] GC(307) - age   4:     281704 bytes,    3564928 total
[2023-11-15T23:09:27.205+0000][7][gc,age      ] GC(307) - age   5:     679016 bytes,    4243944 total
[2023-11-15T23:09:27.205+0000][7][gc,phases   ] GC(307)   Pre Evacuate Collection Set: 0.1ms
[2023-11-15T23:09:27.205+0000][7][gc,phases   ] GC(307)   Merge Heap Roots: 0.1ms
[2023-11-15T23:09:27.205+0000][7][gc,phases   ] GC(307)   Evacuate Collection Set: 2.4ms
[2023-11-15T23:09:27.205+0000][7][gc,phases   ] GC(307)   Post Evacuate Collection Set: 0.7ms
[2023-11-15T23:09:27.205+0000][7][gc,phases   ] GC(307)   Other: 0.3ms
[2023-11-15T23:09:27.205+0000][7][gc,heap     ] GC(307) Eden regions: 65->0(65)
[2023-11-15T23:09:27.205+0000][7][gc,heap     ] GC(307) Survivor regions: 2->2(9)
[2023-11-15T23:09:27.205+0000][7][gc,heap     ] GC(307) Old regions: 32->32
[2023-11-15T23:09:27.205+0000][7][gc,heap     ] GC(307) Archive regions: 2->2
[2023-11-15T23:09:27.205+0000][7][gc,heap     ] GC(307) Humongous regions: 5->5
[2023-11-15T23:09:27.205+0000][7][gc,metaspace] GC(307) Metaspace: 117417K(119040K)->117417K(119040K) NonClass: 101917K(102912K)->101917K(102912K) Class: 15499K(16128K)->15499K(16128K)
[2023-11-15T23:09:27.205+0000][7][gc          ] GC(307) Pause Young (Normal) (G1 Evacuation Pause) 414M->154M(512M) 3.701ms
[2023-11-15T23:09:27.205+0000][7][gc,cpu      ] GC(307) User=0.01s Sys=0.00s Real=0.01s
[2023-11-15T23:09:27.205+0000][7][safepoint   ] Safepoint "G1CollectForAllocation", Time since last: 9900180688 ns, Reaching safepoint: 47377 ns, At safepoint: 3804569 ns, Total: 3851946 ns
[2023-11-15T23:09:36.207+0000][7][safepoint   ] Safepoint "Cleanup", Time since last: 9001219759 ns, Reaching safepoint: 161341 ns, At safepoint: 31309 ns, Total: 192650 ns
[2023-11-15T23:09:43.295+0000][7][gc,start    ] GC(308) Pause Young (Concurrent Start) (G1 Evacuation Pause)
[2023-11-15T23:09:43.295+0000][7][gc,task     ] GC(308) Using 8 workers of 8 for evacuation
[2023-11-15T23:09:43.295+0000][7][gc,age      ] GC(308) Desired survivor size 18874368 bytes, new threshold 15 (max threshold 15)
[2023-11-15T23:09:43.301+0000][7][gc,age      ] GC(308) Age table with threshold 15 (max threshold 15)
[2023-11-15T23:09:43.301+0000][7][gc,age      ] GC(308) - age   1:     584480 bytes,     584480 total
[2023-11-15T23:09:43.301+0000][7][gc,age      ] GC(308) - age   2:     346528 bytes,     931008 total
[2023-11-15T23:09:43.301+0000][7][gc,age      ] GC(308) - age   3:    2474344 bytes,    3405352 total
[2023-11-15T23:09:43.301+0000][7][gc,age      ] GC(308) - age   4:       3360 bytes,    3408712 total
[2023-11-15T23:09:43.301+0000][7][gc,age      ] GC(308) - age   5:     281128 bytes,    3689840 total
[2023-11-15T23:09:43.301+0000][7][gc,age      ] GC(308) - age   6:     677512 bytes,    4367352 total
[2023-11-15T23:09:43.302+0000][7][gc,phases   ] GC(308)   Pre Evacuate Collection Set: 0.6ms
[2023-11-15T23:09:43.302+0000][7][gc,phases   ] GC(308)   Merge Heap Roots: 0.2ms
[2023-11-15T23:09:43.302+0000][7][gc,phases   ] GC(308)   Evacuate Collection Set: 4.2ms
[2023-11-15T23:09:43.302+0000][7][gc,phases   ] GC(308)   Post Evacuate Collection Set: 1.2ms
[2023-11-15T23:09:43.302+0000][7][gc,phases   ] GC(308)   Other: 0.5ms
[2023-11-15T23:09:43.302+0000][7][gc,heap     ] GC(308) Eden regions: 65->0(65)
[2023-11-15T23:09:43.302+0000][7][gc,heap     ] GC(308) Survivor regions: 2->2(9)
[2023-11-15T23:09:43.302+0000][7][gc,heap     ] GC(308) Old regions: 32->32
[2023-11-15T23:09:43.302+0000][7][gc,heap     ] GC(308) Archive regions: 2->2
[2023-11-15T23:09:43.302+0000][7][gc,heap     ] GC(308) Humongous regions: 5->5
[2023-11-15T23:09:43.302+0000][7][gc,metaspace] GC(308) Metaspace: 117422K(119040K)->117422K(119040K) NonClass: 101923K(102912K)->101923K(102912K) Class: 15499K(16128K)->15499K(16128K)
[2023-11-15T23:09:43.302+0000][7][gc          ] GC(308) Pause Young (Concurrent Start) (G1 Evacuation Pause) 414M->154M(512M) 6.937ms
[2023-11-15T23:09:43.302+0000][7][gc,cpu      ] GC(308) User=0.03s Sys=0.00s Real=0.00s
[2023-11-15T23:09:43.302+0000][7][safepoint   ] Safepoint "G1CollectForAllocation", Time since last: 7087774791 ns, Reaching safepoint: 103777 ns, At safepoint: 7149469 ns, Total: 7253246 ns
[2023-11-15T23:09:43.302+0000][7][gc          ] GC(309) Concurrent Mark Cycle
[2023-11-15T23:09:43.302+0000][7][gc,marking  ] GC(309) Concurrent Clear Claimed Marks
[2023-11-15T23:09:43.302+0000][7][gc,marking  ] GC(309) Concurrent Clear Claimed Marks 0.162ms
[2023-11-15T23:09:43.302+0000][7][gc,marking  ] GC(309) Concurrent Scan Root Regions
[2023-11-15T23:09:43.309+0000][7][gc,marking  ] GC(309) Concurrent Scan Root Regions 6.314ms
[2023-11-15T23:09:43.309+0000][7][gc,marking  ] GC(309) Concurrent Mark
[2023-11-15T23:09:43.309+0000][7][gc,marking  ] GC(309) Concurrent Mark From Roots
[2023-11-15T23:09:43.309+0000][7][gc,task     ] GC(309) Using 2 workers of 2 for marking
[2023-11-15T23:09:43.385+0000][7][gc,marking  ] GC(309) Concurrent Mark From Roots 76.458ms
[2023-11-15T23:09:43.385+0000][7][gc,marking  ] GC(309) Concurrent Preclean
[2023-11-15T23:09:43.385+0000][7][gc,marking  ] GC(309) Concurrent Preclean 0.204ms
[2023-11-15T23:09:43.385+0000][7][gc,start    ] GC(309) Pause Remark
[2023-11-15T23:09:43.392+0000][7][gc          ] GC(309) Pause Remark 157M->157M(512M) 6.168ms
[2023-11-15T23:09:43.392+0000][7][gc,cpu      ] GC(309) User=0.04s Sys=0.01s Real=0.00s
[2023-11-15T23:09:43.392+0000][7][safepoint   ] Safepoint "G1Concurrent", Time since last: 83443313 ns, Reaching safepoint: 21554 ns, At safepoint: 6240271 ns, Total: 6261825 ns
[2023-11-15T23:09:43.392+0000][7][gc,marking  ] GC(309) Concurrent Mark 83.087ms
[2023-11-15T23:09:43.392+0000][7][gc,marking  ] GC(309) Concurrent Rebuild Remembered Sets
[2023-11-15T23:09:43.424+0000][7][gc,marking  ] GC(309) Concurrent Rebuild Remembered Sets 32.044ms
[2023-11-15T23:09:43.424+0000][7][gc,start    ] GC(309) Pause Cleanup
[2023-11-15T23:09:43.424+0000][7][gc          ] GC(309) Pause Cleanup 157M->157M(512M) 0.068ms
[2023-11-15T23:09:43.424+0000][7][gc,cpu      ] GC(309) User=0.00s Sys=0.00s Real=0.00s
[2023-11-15T23:09:43.424+0000][7][safepoint   ] Safepoint "G1Concurrent", Time since last: 32263323 ns, Reaching safepoint: 33284 ns, At safepoint: 110769 ns, Total: 144053 ns
[2023-11-15T23:09:43.424+0000][7][gc,marking  ] GC(309) Concurrent Cleanup for Next Mark
[2023-11-15T23:09:43.425+0000][7][gc,marking  ] GC(309) Concurrent Cleanup for Next Mark 0.771ms
[2023-11-15T23:09:43.425+0000][7][gc          ] GC(309) Concurrent Mark Cycle 122.968ms
[2023-11-15T23:09:50.425+0000][7][safepoint   ] Safepoint "Cleanup", Time since last: 7000641354 ns, Reaching safepoint: 116750 ns, At safepoint: 17095 ns, Total: 133845 ns
[2023-11-15T23:09:59.816+0000][7][gc,start    ] GC(310) Pause Young (Prepare Mixed) (G1 Evacuation Pause)
[2023-11-15T23:09:59.816+0000][7][gc,task     ] GC(310) Using 8 workers of 8 for evacuation
[2023-11-15T23:09:59.817+0000][7][gc,age      ] GC(310) Desired survivor size 18874368 bytes, new threshold 15 (max threshold 15)
[2023-11-15T23:09:59.822+0000][7][gc,age      ] GC(310) Age table with threshold 15 (max threshold 15)
[2023-11-15T23:09:59.822+0000][7][gc,age      ] GC(310) - age   1:    4025384 bytes,    4025384 total
[2023-11-15T23:09:59.822+0000][7][gc,age      ] GC(310) - age   2:     462424 bytes,    4487808 total
[2023-11-15T23:09:59.822+0000][7][gc,age      ] GC(310) - age   3:     329680 bytes,    4817488 total
[2023-11-15T23:09:59.822+0000][7][gc,age      ] GC(310) - age   4:    2473624 bytes,    7291112 total
[2023-11-15T23:09:59.822+0000][7][gc,age      ] GC(310) - age   5:       3360 bytes,    7294472 total
[2023-11-15T23:09:59.822+0000][7][gc,age      ] GC(310) - age   6:     280584 bytes,    7575056 total
[2023-11-15T23:09:59.822+0000][7][gc,age      ] GC(310) - age   7:     677256 bytes,    8252312 total
[2023-11-15T23:09:59.822+0000][7][gc,phases   ] GC(310)   Pre Evacuate Collection Set: 0.1ms
[2023-11-15T23:09:59.822+0000][7][gc,phases   ] GC(310)   Merge Heap Roots: 0.1ms
[2023-11-15T23:09:59.822+0000][7][gc,phases   ] GC(310)   Evacuate Collection Set: 4.0ms
[2023-11-15T23:09:59.822+0000][7][gc,phases   ] GC(310)   Post Evacuate Collection Set: 0.9ms
[2023-11-15T23:09:59.822+0000][7][gc,phases   ] GC(310)   Other: 0.4ms
[2023-11-15T23:09:59.822+0000][7][gc,heap     ] GC(310) Eden regions: 65->0(4)
[2023-11-15T23:09:59.822+0000][7][gc,heap     ] GC(310) Survivor regions: 2->2(9)
[2023-11-15T23:09:59.822+0000][7][gc,heap     ] GC(310) Old regions: 32->32
[2023-11-15T23:09:59.822+0000][7][gc,heap     ] GC(310) Archive regions: 2->2
[2023-11-15T23:09:59.822+0000][7][gc,heap     ] GC(310) Humongous regions: 5->5
[2023-11-15T23:09:59.822+0000][7][gc,metaspace] GC(310) Metaspace: 117445K(119040K)->117445K(119040K) NonClass: 101945K(102912K)->101945K(102912K) Class: 15500K(16128K)->15500K(16128K)
[2023-11-15T23:09:59.822+0000][7][gc          ] GC(310) Pause Young (Prepare Mixed) (G1 Evacuation Pause) 414M->158M(512M) 5.653ms
[2023-11-15T23:09:59.822+0000][7][gc,cpu      ] GC(310) User=0.02s Sys=0.00s Real=0.00s
[2023-11-15T23:09:59.822+0000][7][safepoint   ] Safepoint "G1CollectForAllocation", Time since last: 9391532526 ns, Reaching safepoint: 59229 ns, At safepoint: 5801006 ns, Total: 5860235 ns
[2023-11-15T23:10:00.321+0000][7][gc,start    ] GC(311) Pause Young (Mixed) (G1 Evacuation Pause)
[2023-11-15T23:10:00.321+0000][7][gc,task     ] GC(311) Using 8 workers of 8 for evacuation
[2023-11-15T23:10:00.321+0000][7][gc,age      ] GC(311) Desired survivor size 2097152 bytes, new threshold 1 (max threshold 15)
[2023-11-15T23:10:00.335+0000][7][gc,age      ] GC(311) Age table with threshold 1 (max threshold 15)
[2023-11-15T23:10:00.335+0000][7][gc,age      ] GC(311) - age   1:     134728 bytes,     134728 total
[2023-11-15T23:10:00.335+0000][7][gc,phases   ] GC(311)   Pre Evacuate Collection Set: 0.2ms
[2023-11-15T23:10:00.335+0000][7][gc,phases   ] GC(311)   Merge Heap Roots: 0.1ms
[2023-11-15T23:10:00.335+0000][7][gc,phases   ] GC(311)   Evacuate Collection Set: 13.1ms
[2023-11-15T23:10:00.335+0000][7][gc,phases   ] GC(311)   Post Evacuate Collection Set: 0.5ms
[2023-11-15T23:10:00.335+0000][7][gc,phases   ] GC(311)   Other: 0.5ms
[2023-11-15T23:10:00.335+0000][7][gc,heap     ] GC(311) Eden regions: 4->0(65)
[2023-11-15T23:10:00.335+0000][7][gc,heap     ] GC(311) Survivor regions: 2->1(1)
[2023-11-15T23:10:00.335+0000][7][gc,heap     ] GC(311) Old regions: 32->33
[2023-11-15T23:10:00.335+0000][7][gc,heap     ] GC(311) Archive regions: 2->2
[2023-11-15T23:10:00.335+0000][7][gc,heap     ] GC(311) Humongous regions: 5->5
[2023-11-15T23:10:00.335+0000][7][gc,metaspace] GC(311) Metaspace: 117445K(119040K)->117445K(119040K) NonClass: 101945K(102912K)->101945K(102912K) Class: 15500K(16128K)->15500K(16128K)
[2023-11-15T23:10:00.335+0000][7][gc          ] GC(311) Pause Young (Mixed) (G1 Evacuation Pause) 174M->154M(512M) 14.373ms
[2023-11-15T23:10:00.335+0000][7][gc,cpu      ] GC(311) User=0.04s Sys=0.00s Real=0.02s
[2023-11-15T23:10:00.335+0000][7][safepoint   ] Safepoint "G1CollectForAllocation", Time since last: 498604261 ns, Reaching safepoint: 113093 ns, At safepoint: 14524379 ns, Total: 14637472 ns
[2023-11-15T23:10:16.931+0000][7][gc,start    ] GC(312) Pause Young (Normal) (G1 Evacuation Pause)
[2023-11-15T23:10:16.931+0000][7][gc,task     ] GC(312) Using 8 workers of 8 for evacuation
[2023-11-15T23:10:16.931+0000][7][gc,age      ] GC(312) Desired survivor size 18874368 bytes, new threshold 15 (max threshold 15)
[2023-11-15T23:10:16.933+0000][7][gc,age      ] GC(312) Age table with threshold 15 (max threshold 15)
[2023-11-15T23:10:16.933+0000][7][gc,age      ] GC(312) - age   1:    2071656 bytes,    2071656 total
[2023-11-15T23:10:16.933+0000][7][gc,age      ] GC(312) - age   2:     111784 bytes,    2183440 total
[2023-11-15T23:10:16.933+0000][7][gc,phases   ] GC(312)   Pre Evacuate Collection Set: 0.0ms
[2023-11-15T23:10:16.933+0000][7][gc,phases   ] GC(312)   Merge Heap Roots: 0.0ms
[2023-11-15T23:10:16.933+0000][7][gc,phases   ] GC(312)   Evacuate Collection Set: 1.1ms
[2023-11-15T23:10:16.933+0000][7][gc,phases   ] GC(312)   Post Evacuate Collection Set: 0.4ms
[2023-11-15T23:10:16.933+0000][7][gc,phases   ] GC(312)   Other: 0.2ms
[2023-11-15T23:10:16.933+0000][7][gc,heap     ] GC(312) Eden regions: 65->0(65)
[2023-11-15T23:10:16.933+0000][7][gc,heap     ] GC(312) Survivor regions: 1->1(9)
[2023-11-15T23:10:16.933+0000][7][gc,heap     ] GC(312) Old regions: 33->33
[2023-11-15T23:10:16.933+0000][7][gc,heap     ] GC(312) Archive regions: 2->2
[2023-11-15T23:10:16.933+0000][7][gc,heap     ] GC(312) Humongous regions: 5->5
[2023-11-15T23:10:16.933+0000][7][gc,metaspace] GC(312) Metaspace: 117458K(119040K)->117458K(119040K) NonClass: 101957K(102912K)->101957K(102912K) Class: 15500K(16128K)->15500K(16128K)
[2023-11-15T23:10:16.933+0000][7][gc          ] GC(312) Pause Young (Normal) (G1 Evacuation Pause) 414M->156M(512M) 1.722ms
[2023-11-15T23:10:16.933+0000][7][gc,cpu      ] GC(312) User=0.00s Sys=0.01s Real=0.00s
[2023-11-15T23:10:16.933+0000][7][safepoint   ] Safepoint "G1CollectForAllocation", Time since last: 16595709472 ns, Reaching safepoint: 24945 ns, At safepoint: 1807052 ns, Total: 1831997 ns
[2023-11-15T23:10:33.663+0000][7][gc,start    ] GC(313) Pause Young (Normal) (G1 Evacuation Pause)
[2023-11-15T23:10:33.663+0000][7][gc,task     ] GC(313) Using 8 workers of 8 for evacuation
[2023-11-15T23:10:33.664+0000][7][gc,age      ] GC(313) Desired survivor size 18874368 bytes, new threshold 15 (max threshold 15)
[2023-11-15T23:10:33.666+0000][7][gc,age      ] GC(313) Age table with threshold 15 (max threshold 15)
[2023-11-15T23:10:33.666+0000][7][gc,age      ] GC(313) - age   1:    1514968 bytes,    1514968 total
[2023-11-15T23:10:33.666+0000][7][gc,age      ] GC(313) - age   2:     387096 bytes,    1902064 total
[2023-11-15T23:10:33.666+0000][7][gc,age      ] GC(313) - age   3:     111784 bytes,    2013848 total
[2023-11-15T23:10:33.666+0000][7][gc,phases   ] GC(313)   Pre Evacuate Collection Set: 0.1ms
[2023-11-15T23:10:33.666+0000][7][gc,phases   ] GC(313)   Merge Heap Roots: 0.1ms
[2023-11-15T23:10:33.666+0000][7][gc,phases   ] GC(313)   Evacuate Collection Set: 1.9ms
[2023-11-15T23:10:33.666+0000][7][gc,phases   ] GC(313)   Post Evacuate Collection Set: 0.6ms
[2023-11-15T23:10:33.666+0000][7][gc,phases   ] GC(313)   Other: 0.3ms
[2023-11-15T23:10:33.666+0000][7][gc,heap     ] GC(313) Eden regions: 65->0(65)
[2023-11-15T23:10:33.666+0000][7][gc,heap     ] GC(313) Survivor regions: 1->1(9)
[2023-11-15T23:10:33.666+0000][7][gc,heap     ] GC(313) Old regions: 33->33
[2023-11-15T23:10:33.667+0000][7][gc,heap     ] GC(313) Archive regions: 2->2
[2023-11-15T23:10:33.667+0000][7][gc,heap     ] GC(313) Humongous regions: 5->5
[2023-11-15T23:10:33.667+0000][7][gc,metaspace] GC(313) Metaspace: 117463K(119040K)->117463K(119040K) NonClass: 101962K(102912K)->101962K(102912K) Class: 15500K(16128K)->15500K(16128K)
[2023-11-15T23:10:33.667+0000][7][gc          ] GC(313) Pause Young (Normal) (G1 Evacuation Pause) 416M->156M(512M) 3.102ms
[2023-11-15T23:10:33.667+0000][7][gc,cpu      ] GC(313) User=0.02s Sys=0.00s Real=0.01s
[2023-11-15T23:10:33.667+0000][7][safepoint   ] Safepoint "G1CollectForAllocation", Time since last: 16730359742 ns, Reaching safepoint: 52275 ns, At safepoint: 3219182 ns, Total: 3271457 ns
[2023-11-15T23:10:35.667+0000][7][safepoint   ] Safepoint "Cleanup", Time since last: 2000325856 ns, Reaching safepoint: 180449 ns, At safepoint: 23776 ns, Total: 204225 ns
[2023-11-15T23:10:41.668+0000][7][safepoint   ] Safepoint "Cleanup", Time since last: 6000611817 ns, Reaching safepoint: 166509 ns, At safepoint: 26607 ns, Total: 193116 ns
[2023-11-15T23:10:46.669+0000][7][safepoint   ] Safepoint "Cleanup", Time since last: 5000614616 ns, Reaching safepoint: 101321 ns, At safepoint: 18843 ns, Total: 120164 ns
[2023-11-15T23:10:49.163+0000][7][gc,start    ] GC(314) Pause Young (Concurrent Start) (G1 Evacuation Pause)
[2023-11-15T23:10:49.163+0000][7][gc,task     ] GC(314) Using 8 workers of 8 for evacuation
[2023-11-15T23:10:49.163+0000][7][gc,age      ] GC(314) Desired survivor size 18874368 bytes, new threshold 15 (max threshold 15)
[2023-11-15T23:10:49.169+0000][7][gc,age      ] GC(314) Age table with threshold 15 (max threshold 15)
[2023-11-15T23:10:49.169+0000][7][gc,age      ] GC(314) - age   1:    1478016 bytes,    1478016 total
[2023-11-15T23:10:49.169+0000][7][gc,age      ] GC(314) - age   2:     487208 bytes,    1965224 total
[2023-11-15T23:10:49.169+0000][7][gc,age      ] GC(314) - age   3:     281296 bytes,    2246520 total
[2023-11-15T23:10:49.169+0000][7][gc,age      ] GC(314) - age   4:      68232 bytes,    2314752 total
[2023-11-15T23:10:49.169+0000][7][gc,phases   ] GC(314)   Pre Evacuate Collection Set: 0.4ms
[2023-11-15T23:10:49.169+0000][7][gc,phases   ] GC(314)   Merge Heap Roots: 0.2ms
[2023-11-15T23:10:49.169+0000][7][gc,phases   ] GC(314)   Evacuate Collection Set: 3.6ms
[2023-11-15T23:10:49.169+0000][7][gc,phases   ] GC(314)   Post Evacuate Collection Set: 1.3ms
[2023-11-15T23:10:49.169+0000][7][gc,phases   ] GC(314)   Other: 0.5ms
[2023-11-15T23:10:49.169+0000][7][gc,heap     ] GC(314) Eden regions: 65->0(65)
[2023-11-15T23:10:49.169+0000][7][gc,heap     ] GC(314) Survivor regions: 1->1(9)
[2023-11-15T23:10:49.169+0000][7][gc,heap     ] GC(314) Old regions: 33->33
[2023-11-15T23:10:49.169+0000][7][gc,heap     ] GC(314) Archive regions: 2->2
[2023-11-15T23:10:49.169+0000][7][gc,heap     ] GC(314) Humongous regions: 5->5
[2023-11-15T23:10:49.169+0000][7][gc,metaspace] GC(314) Metaspace: 117473K(119040K)->117473K(119040K) NonClass: 101972K(102912K)->101972K(102912K) Class: 15500K(16128K)->15500K(16128K)
[2023-11-15T23:10:49.169+0000][7][gc          ] GC(314) Pause Young (Concurrent Start) (G1 Evacuation Pause) 416M->156M(512M) 6.124ms
[2023-11-15T23:10:49.169+0000][7][gc,cpu      ] GC(314) User=0.03s Sys=0.00s Real=0.01s
[2023-11-15T23:10:49.169+0000][7][safepoint   ] Safepoint "G1CollectForAllocation", Time since last: 2493993957 ns, Reaching safepoint: 90269 ns, At safepoint: 6314254 ns, Total: 6404523 ns
[2023-11-15T23:10:49.169+0000][7][gc          ] GC(315) Concurrent Mark Cycle
[2023-11-15T23:10:49.169+0000][7][gc,marking  ] GC(315) Concurrent Clear Claimed Marks
[2023-11-15T23:10:49.169+0000][7][gc,marking  ] GC(315) Concurrent Clear Claimed Marks 0.171ms
[2023-11-15T23:10:49.169+0000][7][gc,marking  ] GC(315) Concurrent Scan Root Regions
[2023-11-15T23:10:49.175+0000][7][gc,marking  ] GC(315) Concurrent Scan Root Regions 5.809ms
[2023-11-15T23:10:49.175+0000][7][gc,marking  ] GC(315) Concurrent Mark
[2023-11-15T23:10:49.175+0000][7][gc,marking  ] GC(315) Concurrent Mark From Roots
[2023-11-15T23:10:49.175+0000][7][gc,task     ] GC(315) Using 2 workers of 2 for marking
[2023-11-15T23:10:49.253+0000][7][gc,marking  ] GC(315) Concurrent Mark From Roots 77.215ms
[2023-11-15T23:10:49.253+0000][7][gc,marking  ] GC(315) Concurrent Preclean
[2023-11-15T23:10:49.253+0000][7][gc,marking  ] GC(315) Concurrent Preclean 0.173ms
[2023-11-15T23:10:49.253+0000][7][gc,start    ] GC(315) Pause Remark
[2023-11-15T23:10:49.258+0000][7][gc          ] GC(315) Pause Remark 159M->159M(512M) 5.205ms
[2023-11-15T23:10:49.258+0000][7][gc,cpu      ] GC(315) User=0.03s Sys=0.01s Real=0.01s
[2023-11-15T23:10:49.258+0000][7][safepoint   ] Safepoint "G1Concurrent", Time since last: 83698565 ns, Reaching safepoint: 23500 ns, At safepoint: 5298363 ns, Total: 5321863 ns
[2023-11-15T23:10:49.258+0000][7][gc,marking  ] GC(315) Concurrent Mark 82.866ms
[2023-11-15T23:10:49.258+0000][7][gc,marking  ] GC(315) Concurrent Rebuild Remembered Sets
[2023-11-15T23:10:49.290+0000][7][gc,marking  ] GC(315) Concurrent Rebuild Remembered Sets 31.475ms
[2023-11-15T23:10:49.290+0000][7][gc,start    ] GC(315) Pause Cleanup
[2023-11-15T23:10:49.290+0000][7][gc          ] GC(315) Pause Cleanup 159M->159M(512M) 0.067ms
[2023-11-15T23:10:49.290+0000][7][gc,cpu      ] GC(315) User=0.00s Sys=0.00s Real=0.00s
[2023-11-15T23:10:49.290+0000][7][safepoint   ] Safepoint "G1Concurrent", Time since last: 31642559 ns, Reaching safepoint: 62623 ns, At safepoint: 103252 ns, Total: 165875 ns
[2023-11-15T23:10:49.290+0000][7][gc,marking  ] GC(315) Concurrent Cleanup for Next Mark
[2023-11-15T23:10:49.290+0000][7][gc,marking  ] GC(315) Concurrent Cleanup for Next Mark 0.481ms
[2023-11-15T23:10:49.290+0000][7][gc          ] GC(315) Concurrent Mark Cycle 121.334ms
[2023-11-15T23:11:04.924+0000][7][gc,start    ] GC(316) Pause Young (Normal) (G1 Evacuation Pause)
[2023-11-15T23:11:04.924+0000][7][gc,task     ] GC(316) Using 8 workers of 8 for evacuation
[2023-11-15T23:11:04.924+0000][7][gc,age      ] GC(316) Desired survivor size 18874368 bytes, new threshold 15 (max threshold 15)
[2023-11-15T23:11:04.927+0000][7][gc,age      ] GC(316) Age table with threshold 15 (max threshold 15)
[2023-11-15T23:11:04.927+0000][7][gc,age      ] GC(316) - age   1:    3567352 bytes,    3567352 total
[2023-11-15T23:11:04.927+0000][7][gc,age      ] GC(316) - age   2:     425176 bytes,    3992528 total
[2023-11-15T23:11:04.927+0000][7][gc,age      ] GC(316) - age   3:     356232 bytes,    4348760 total
[2023-11-15T23:11:04.927+0000][7][gc,age      ] GC(316) - age   4:     272456 bytes,    4621216 total
[2023-11-15T23:11:04.927+0000][7][gc,age      ] GC(316) - age   5:      66304 bytes,    4687520 total
[2023-11-15T23:11:04.927+0000][7][gc,phases   ] GC(316)   Pre Evacuate Collection Set: 0.1ms
[2023-11-15T23:11:04.927+0000][7][gc,phases   ] GC(316)   Merge Heap Roots: 0.0ms
[2023-11-15T23:11:04.927+0000][7][gc,phases   ] GC(316)   Evacuate Collection Set: 1.7ms
[2023-11-15T23:11:04.927+0000][7][gc,phases   ] GC(316)   Post Evacuate Collection Set: 0.5ms
[2023-11-15T23:11:04.927+0000][7][gc,phases   ] GC(316)   Other: 0.2ms
[2023-11-15T23:11:04.927+0000][7][gc,heap     ] GC(316) Eden regions: 65->0(63)
[2023-11-15T23:11:04.927+0000][7][gc,heap     ] GC(316) Survivor regions: 1->2(9)
[2023-11-15T23:11:04.927+0000][7][gc,heap     ] GC(316) Old regions: 33->33
[2023-11-15T23:11:04.927+0000][7][gc,heap     ] GC(316) Archive regions: 2->2
[2023-11-15T23:11:04.927+0000][7][gc,heap     ] GC(316) Humongous regions: 5->5
[2023-11-15T23:11:04.927+0000][7][gc,metaspace] GC(316) Metaspace: 117473K(119040K)->117473K(119040K) NonClass: 101972K(102912K)->101972K(102912K) Class: 15500K(16128K)->15500K(16128K)
[2023-11-15T23:11:04.927+0000][7][gc          ] GC(316) Pause Young (Normal) (G1 Evacuation Pause) 416M->158M(512M) 2.512ms
[2023-11-15T23:11:04.927+0000][7][gc,cpu      ] GC(316) User=0.01s Sys=0.00s Real=0.01s
[2023-11-15T23:11:04.927+0000][7][safepoint   ] Safepoint "G1CollectForAllocation", Time since last: 15634454745 ns, Reaching safepoint: 27982 ns, At safepoint: 2580357 ns, Total: 2608339 ns
[2023-11-15T23:11:20.861+0000][7][gc,start    ] GC(317) Pause Young (Concurrent Start) (G1 Evacuation Pause)
[2023-11-15T23:11:20.861+0000][7][gc,task     ] GC(317) Using 8 workers of 8 for evacuation
[2023-11-15T23:11:20.861+0000][7][gc,age      ] GC(317) Desired survivor size 18874368 bytes, new threshold 15 (max threshold 15)
[2023-11-15T23:11:20.865+0000][7][gc,age      ] GC(317) Age table with threshold 15 (max threshold 15)
[2023-11-15T23:11:20.865+0000][7][gc,age      ] GC(317) - age   1:    1611296 bytes,    1611296 total
[2023-11-15T23:11:20.865+0000][7][gc,age      ] GC(317) - age   2:    1970184 bytes,    3581480 total
[2023-11-15T23:11:20.865+0000][7][gc,age      ] GC(317) - age   3:     409704 bytes,    3991184 total
[2023-11-15T23:11:20.865+0000][7][gc,age      ] GC(317) - age   4:     355976 bytes,    4347160 total
[2023-11-15T23:11:20.865+0000][7][gc,age      ] GC(317) - age   5:     271536 bytes,    4618696 total
[2023-11-15T23:11:20.865+0000][7][gc,age      ] GC(317) - age   6:      66304 bytes,    4685000 total
[2023-11-15T23:11:20.865+0000][7][gc,phases   ] GC(317)   Pre Evacuate Collection Set: 0.2ms
[2023-11-15T23:11:20.865+0000][7][gc,phases   ] GC(317)   Merge Heap Roots: 0.1ms
[2023-11-15T23:11:20.865+0000][7][gc,phases   ] GC(317)   Evacuate Collection Set: 2.4ms
[2023-11-15T23:11:20.865+0000][7][gc,phases   ] GC(317)   Post Evacuate Collection Set: 0.6ms
[2023-11-15T23:11:20.865+0000][7][gc,phases   ] GC(317)   Other: 0.5ms
[2023-11-15T23:11:20.865+0000][7][gc,heap     ] GC(317) Eden regions: 63->0(64)
[2023-11-15T23:11:20.865+0000][7][gc,heap     ] GC(317) Survivor regions: 2->2(9)
[2023-11-15T23:11:20.865+0000][7][gc,heap     ] GC(317) Old regions: 33->33
[2023-11-15T23:11:20.865+0000][7][gc,heap     ] GC(317) Archive regions: 2->2
[2023-11-15T23:11:20.865+0000][7][gc,heap     ] GC(317) Humongous regions: 5->5
[2023-11-15T23:11:20.865+0000][7][gc,metaspace] GC(317) Metaspace: 117476K(119040K)->117476K(119040K) NonClass: 101975K(102912K)->101975K(102912K) Class: 15501K(16128K)->15501K(16128K)
[2023-11-15T23:11:20.865+0000][7][gc          ] GC(317) Pause Young (Concurrent Start) (G1 Evacuation Pause) 410M->158M(512M) 3.907ms
[2023-11-15T23:11:20.865+0000][7][gc,cpu      ] GC(317) User=0.02s Sys=0.00s Real=0.01s
[2023-11-15T23:11:20.865+0000][7][safepoint   ] Safepoint "G1CollectForAllocation", Time since last: 15933966565 ns, Reaching safepoint: 52387 ns, At safepoint: 4005707 ns, Total: 4058094 ns
[2023-11-15T23:11:20.865+0000][7][gc          ] GC(318) Concurrent Mark Cycle
[2023-11-15T23:11:20.865+0000][7][gc,marking  ] GC(318) Concurrent Clear Claimed Marks
[2023-11-15T23:11:20.865+0000][7][gc,marking  ] GC(318) Concurrent Clear Claimed Marks 0.086ms
[2023-11-15T23:11:20.865+0000][7][gc,marking  ] GC(318) Concurrent Scan Root Regions
[2023-11-15T23:11:20.867+0000][7][gc,marking  ] GC(318) Concurrent Scan Root Regions 2.027ms
[2023-11-15T23:11:20.867+0000][7][gc,marking  ] GC(318) Concurrent Mark
[2023-11-15T23:11:20.867+0000][7][gc,marking  ] GC(318) Concurrent Mark From Roots
[2023-11-15T23:11:20.867+0000][7][gc,task     ] GC(318) Using 2 workers of 2 for marking
[2023-11-15T23:11:20.936+0000][7][gc,marking  ] GC(318) Concurrent Mark From Roots 68.889ms
[2023-11-15T23:11:20.936+0000][7][gc,marking  ] GC(318) Concurrent Preclean
[2023-11-15T23:11:20.936+0000][7][gc,marking  ] GC(318) Concurrent Preclean 0.176ms
[2023-11-15T23:11:20.936+0000][7][gc,start    ] GC(318) Pause Remark
[2023-11-15T23:11:20.942+0000][7][gc          ] GC(318) Pause Remark 161M->161M(512M) 5.325ms
[2023-11-15T23:11:20.942+0000][7][gc,cpu      ] GC(318) User=0.04s Sys=0.00s Real=0.00s
[2023-11-15T23:11:20.942+0000][7][safepoint   ] Safepoint "G1Concurrent", Time since last: 71374873 ns, Reaching safepoint: 18883 ns, At safepoint: 5393526 ns, Total: 5412409 ns
[2023-11-15T23:11:20.942+0000][7][gc,marking  ] GC(318) Concurrent Mark 74.577ms
[2023-11-15T23:11:20.942+0000][7][gc,marking  ] GC(318) Concurrent Rebuild Remembered Sets
[2023-11-15T23:11:20.980+0000][7][gc,marking  ] GC(318) Concurrent Rebuild Remembered Sets 38.418ms
[2023-11-15T23:11:20.980+0000][7][gc,start    ] GC(318) Pause Cleanup
[2023-11-15T23:11:20.980+0000][7][gc          ] GC(318) Pause Cleanup 162M->162M(512M) 0.114ms
[2023-11-15T23:11:20.981+0000][7][gc,cpu      ] GC(318) User=0.00s Sys=0.00s Real=0.00s
[2023-11-15T23:11:20.981+0000][7][safepoint   ] Safepoint "G1Concurrent", Time since last: 38542475 ns, Reaching safepoint: 22974 ns, At safepoint: 190340 ns, Total: 213314 ns
[2023-11-15T23:11:20.981+0000][7][gc,marking  ] GC(318) Concurrent Cleanup for Next Mark
[2023-11-15T23:11:20.982+0000][7][gc,marking  ] GC(318) Concurrent Cleanup for Next Mark 1.602ms
[2023-11-15T23:11:20.982+0000][7][gc          ] GC(318) Concurrent Mark Cycle 117.248ms
[2023-11-15T23:11:35.982+0000][7][safepoint   ] Safepoint "Cleanup", Time since last: 15001554920 ns, Reaching safepoint: 133493 ns, At safepoint: 24798 ns, Total: 158291 ns
[2023-11-15T23:11:36.897+0000][7][gc,start    ] GC(319) Pause Young (Prepare Mixed) (G1 Evacuation Pause)
[2023-11-15T23:11:36.897+0000][7][gc,task     ] GC(319) Using 8 workers of 8 for evacuation
[2023-11-15T23:11:36.897+0000][7][gc,age      ] GC(319) Desired survivor size 18874368 bytes, new threshold 15 (max threshold 15)
[2023-11-15T23:11:36.901+0000][7][gc,age      ] GC(319) Age table with threshold 15 (max threshold 15)
[2023-11-15T23:11:36.901+0000][7][gc,age      ] GC(319) - age   1:    1289680 bytes,    1289680 total
[2023-11-15T23:11:36.901+0000][7][gc,age      ] GC(319) - age   2:     794352 bytes,    2084032 total
[2023-11-15T23:11:36.901+0000][7][gc,age      ] GC(319) - age   3:    1936832 bytes,    4020864 total
[2023-11-15T23:11:36.901+0000][7][gc,age      ] GC(319) - age   4:     300992 bytes,    4321856 total
[2023-11-15T23:11:36.901+0000][7][gc,age      ] GC(319) - age   5:     354752 bytes,    4676608 total
[2023-11-15T23:11:36.901+0000][7][gc,age      ] GC(319) - age   6:     271472 bytes,    4948080 total
[2023-11-15T23:11:36.901+0000][7][gc,age      ] GC(319) - age   7:      66304 bytes,    5014384 total
[2023-11-15T23:11:36.901+0000][7][gc,phases   ] GC(319)   Pre Evacuate Collection Set: 0.1ms
[2023-11-15T23:11:36.901+0000][7][gc,phases   ] GC(319)   Merge Heap Roots: 0.1ms
[2023-11-15T23:11:36.901+0000][7][gc,phases   ] GC(319)   Evacuate Collection Set: 2.5ms
[2023-11-15T23:11:36.901+0000][7][gc,phases   ] GC(319)   Post Evacuate Collection Set: 0.7ms
[2023-11-15T23:11:36.901+0000][7][gc,phases   ] GC(319)   Other: 0.4ms
[2023-11-15T23:11:36.901+0000][7][gc,heap     ] GC(319) Eden regions: 64->0(4)
[2023-11-15T23:11:36.901+0000][7][gc,heap     ] GC(319) Survivor regions: 2->2(9)
[2023-11-15T23:11:36.901+0000][7][gc,heap     ] GC(319) Old regions: 33->33
[2023-11-15T23:11:36.901+0000][7][gc,heap     ] GC(319) Archive regions: 2->2
[2023-11-15T23:11:36.901+0000][7][gc,heap     ] GC(319) Humongous regions: 5->5
[2023-11-15T23:11:36.901+0000][7][gc,metaspace] GC(319) Metaspace: 117477K(119040K)->117477K(119040K) NonClass: 101976K(102912K)->101976K(102912K) Class: 15501K(16128K)->15501K(16128K)
[2023-11-15T23:11:36.901+0000][7][gc          ] GC(319) Pause Young (Prepare Mixed) (G1 Evacuation Pause) 414M->159M(512M) 3.974ms
[2023-11-15T23:11:36.901+0000][7][gc,cpu      ] GC(319) User=0.02s Sys=0.00s Real=0.00s
[2023-11-15T23:11:36.901+0000][7][safepoint   ] Safepoint "G1CollectForAllocation", Time since last: 914623438 ns, Reaching safepoint: 88878 ns, At safepoint: 4137570 ns, Total: 4226448 ns
[2023-11-15T23:11:37.889+0000][7][gc,start    ] GC(320) Pause Young (Mixed) (G1 Evacuation Pause)
[2023-11-15T23:11:37.889+0000][7][gc,task     ] GC(320) Using 8 workers of 8 for evacuation
[2023-11-15T23:11:37.889+0000][7][gc,age      ] GC(320) Desired survivor size 2097152 bytes, new threshold 3 (max threshold 15)
[2023-11-15T23:11:37.907+0000][7][gc,age      ] GC(320) Age table with threshold 3 (max threshold 15)
[2023-11-15T23:11:37.908+0000][7][gc,age      ] GC(320) - age   1:     526784 bytes,     526784 total
[2023-11-15T23:11:37.908+0000][7][gc,age      ] GC(320) - age   2:    1266848 bytes,    1793632 total
[2023-11-15T23:11:37.908+0000][7][gc,age      ] GC(320) - age   3:     792424 bytes,    2586056 total
[2023-11-15T23:11:37.908+0000][7][gc,phases   ] GC(320)   Pre Evacuate Collection Set: 0.2ms
[2023-11-15T23:11:37.908+0000][7][gc,phases   ] GC(320)   Merge Heap Roots: 0.2ms
[2023-11-15T23:11:37.908+0000][7][gc,phases   ] GC(320)   Evacuate Collection Set: 16.8ms
[2023-11-15T23:11:37.908+0000][7][gc,phases   ] GC(320)   Post Evacuate Collection Set: 1.1ms
[2023-11-15T23:11:37.908+0000][7][gc,phases   ] GC(320)   Other: 0.4ms
[2023-11-15T23:11:37.908+0000][7][gc,heap     ] GC(320) Eden regions: 4->0(65)
[2023-11-15T23:11:37.908+0000][7][gc,heap     ] GC(320) Survivor regions: 2->1(1)
[2023-11-15T23:11:37.908+0000][7][gc,heap     ] GC(320) Old regions: 33->33
[2023-11-15T23:11:37.908+0000][7][gc,heap     ] GC(320) Archive regions: 2->2
[2023-11-15T23:11:37.908+0000][7][gc,heap     ] GC(320) Humongous regions: 5->5
[2023-11-15T23:11:37.908+0000][7][gc,metaspace] GC(320) Metaspace: 117477K(119040K)->117477K(119040K) NonClass: 101976K(102912K)->101976K(102912K) Class: 15501K(16128K)->15501K(16128K)
[2023-11-15T23:11:37.908+0000][7][gc          ] GC(320) Pause Young (Mixed) (G1 Evacuation Pause) 175M->157M(512M) 18.712ms
[2023-11-15T23:11:37.908+0000][7][gc,cpu      ] GC(320) User=0.04s Sys=0.01s Real=0.02s
[2023-11-15T23:11:37.908+0000][7][safepoint   ] Safepoint "G1CollectForAllocation", Time since last: 987841719 ns, Reaching safepoint: 66687 ns, At safepoint: 18921803 ns, Total: 18988490 ns
[2023-11-15T23:11:46.909+0000][7][safepoint   ] Safepoint "Cleanup", Time since last: 9000870932 ns, Reaching safepoint: 233011 ns, At safepoint: 14636 ns, Total: 247647 ns
[2023-11-15T23:11:47.909+0000][7][safepoint   ] Safepoint "Cleanup", Time since last: 1000218895 ns, Reaching safepoint: 141641 ns, At safepoint: 39955 ns, Total: 181596 ns
[2023-11-15T23:11:53.432+0000][7][gc,start    ] GC(321) Pause Young (Normal) (G1 Evacuation Pause)
[2023-11-15T23:11:53.432+0000][7][gc,task     ] GC(321) Using 8 workers of 8 for evacuation
[2023-11-15T23:11:53.433+0000][7][gc,age      ] GC(321) Desired survivor size 18874368 bytes, new threshold 15 (max threshold 15)
[2023-11-15T23:11:53.435+0000][7][gc,age      ] GC(321) Age table with threshold 15 (max threshold 15)
[2023-11-15T23:11:53.435+0000][7][gc,age      ] GC(321) - age   1:    1341448 bytes,    1341448 total
[2023-11-15T23:11:53.435+0000][7][gc,age      ] GC(321) - age   2:       2728 bytes,    1344176 total
[2023-11-15T23:11:53.435+0000][7][gc,age      ] GC(321) - age   3:     472640 bytes,    1816816 total
[2023-11-15T23:11:53.435+0000][7][gc,age      ] GC(321) - age   4:     790632 bytes,    2607448 total
[2023-11-15T23:11:53.435+0000][7][gc,phases   ] GC(321)   Pre Evacuate Collection Set: 0.1ms
[2023-11-15T23:11:53.435+0000][7][gc,phases   ] GC(321)   Merge Heap Roots: 0.1ms
[2023-11-15T23:11:53.435+0000][7][gc,phases   ] GC(321)   Evacuate Collection Set: 1.4ms
[2023-11-15T23:11:53.435+0000][7][gc,phases   ] GC(321)   Post Evacuate Collection Set: 0.6ms
[2023-11-15T23:11:53.435+0000][7][gc,phases   ] GC(321)   Other: 0.2ms
[2023-11-15T23:11:53.435+0000][7][gc,heap     ] GC(321) Eden regions: 65->0(65)
[2023-11-15T23:11:53.435+0000][7][gc,heap     ] GC(321) Survivor regions: 1->1(9)
[2023-11-15T23:11:53.435+0000][7][gc,heap     ] GC(321) Old regions: 33->33
[2023-11-15T23:11:53.435+0000][7][gc,heap     ] GC(321) Archive regions: 2->2
[2023-11-15T23:11:53.435+0000][7][gc,heap     ] GC(321) Humongous regions: 5->5
[2023-11-15T23:11:53.435+0000][7][gc,metaspace] GC(321) Metaspace: 117477K(119040K)->117477K(119040K) NonClass: 101976K(102912K)->101976K(102912K) Class: 15501K(16128K)->15501K(16128K)
[2023-11-15T23:11:53.435+0000][7][gc          ] GC(321) Pause Young (Normal) (G1 Evacuation Pause) 417M->157M(512M) 2.456ms
[2023-11-15T23:11:53.435+0000][7][gc,cpu      ] GC(321) User=0.02s Sys=0.00s Real=0.01s
[2023-11-15T23:11:53.435+0000][7][safepoint   ] Safepoint "G1CollectForAllocation", Time since last: 5522845983 ns, Reaching safepoint: 112101 ns, At safepoint: 2549907 ns, Total: 2662008 ns
[2023-11-15T23:12:09.020+0000][7][gc,start    ] GC(322) Pause Young (Normal) (G1 Evacuation Pause)
[2023-11-15T23:12:09.020+0000][7][gc,task     ] GC(322) Using 8 workers of 8 for evacuation
[2023-11-15T23:12:09.020+0000][7][gc,age      ] GC(322) Desired survivor size 18874368 bytes, new threshold 15 (max threshold 15)
[2023-11-15T23:12:09.025+0000][7][gc,age      ] GC(322) Age table with threshold 15 (max threshold 15)
[2023-11-15T23:12:09.025+0000][7][gc,age      ] GC(322) - age   1:    4331976 bytes,    4331976 total
[2023-11-15T23:12:09.025+0000][7][gc,age      ] GC(322) - age   2:     309008 bytes,    4640984 total
[2023-11-15T23:12:09.025+0000][7][gc,age      ] GC(322) - age   3:        440 bytes,    4641424 total
[2023-11-15T23:12:09.025+0000][7][gc,age      ] GC(322) - age   4:     460912 bytes,    5102336 total
[2023-11-15T23:12:09.025+0000][7][gc,age      ] GC(322) - age   5:     773960 bytes,    5876296 total
[2023-11-15T23:12:09.025+0000][7][gc,phases   ] GC(322)   Pre Evacuate Collection Set: 0.2ms
[2023-11-15T23:12:09.025+0000][7][gc,phases   ] GC(322)   Merge Heap Roots: 0.1ms
[2023-11-15T23:12:09.025+0000][7][gc,phases   ] GC(322)   Evacuate Collection Set: 3.6ms
[2023-11-15T23:12:09.025+0000][7][gc,phases   ] GC(322)   Post Evacuate Collection Set: 1.4ms
[2023-11-15T23:12:09.026+0000][7][gc,phases   ] GC(322)   Other: 0.5ms
[2023-11-15T23:12:09.026+0000][7][gc,heap     ] GC(322) Eden regions: 65->0(63)
[2023-11-15T23:12:09.026+0000][7][gc,heap     ] GC(322) Survivor regions: 1->2(9)
[2023-11-15T23:12:09.026+0000][7][gc,heap     ] GC(322) Old regions: 33->33
[2023-11-15T23:12:09.026+0000][7][gc,heap     ] GC(322) Archive regions: 2->2
[2023-11-15T23:12:09.026+0000][7][gc,heap     ] GC(322) Humongous regions: 5->5
[2023-11-15T23:12:09.026+0000][7][gc,metaspace] GC(322) Metaspace: 117477K(119040K)->117477K(119040K) NonClass: 101976K(102912K)->101976K(102912K) Class: 15501K(16128K)->15501K(16128K)
[2023-11-15T23:12:09.026+0000][7][gc          ] GC(322) Pause Young (Normal) (G1 Evacuation Pause) 417M->160M(512M) 6.016ms
[2023-11-15T23:12:09.026+0000][7][gc,cpu      ] GC(322) User=0.03s Sys=0.00s Real=0.01s
[2023-11-15T23:12:09.026+0000][7][safepoint   ] Safepoint "G1CollectForAllocation", Time since last: 15584374484 ns, Reaching safepoint: 215934 ns, At safepoint: 6206902 ns, Total: 6422836 ns
[2023-11-15T23:12:23.027+0000][7][safepoint   ] Safepoint "Cleanup", Time since last: 14001517014 ns, Reaching safepoint: 134887 ns, At safepoint: 50628 ns, Total: 185515 ns
[2023-11-15T23:12:24.600+0000][7][gc,start    ] GC(323) Pause Young (Concurrent Start) (G1 Evacuation Pause)
[2023-11-15T23:12:24.600+0000][7][gc,task     ] GC(323) Using 8 workers of 8 for evacuation
[2023-11-15T23:12:24.601+0000][7][gc,age      ] GC(323) Desired survivor size 18874368 bytes, new threshold 15 (max threshold 15)
[2023-11-15T23:12:24.608+0000][7][gc,age      ] GC(323) Age table with threshold 15 (max threshold 15)
[2023-11-15T23:12:24.608+0000][7][gc,age      ] GC(323) - age   1:    1484776 bytes,    1484776 total
[2023-11-15T23:12:24.608+0000][7][gc,age      ] GC(323) - age   2:    3627856 bytes,    5112632 total
[2023-11-15T23:12:24.608+0000][7][gc,age      ] GC(323) - age   3:     307856 bytes,    5420488 total
[2023-11-15T23:12:24.608+0000][7][gc,age      ] GC(323) - age   4:        376 bytes,    5420864 total
[2023-11-15T23:12:24.608+0000][7][gc,age      ] GC(323) - age   5:     459976 bytes,    5880840 total
[2023-11-15T23:12:24.608+0000][7][gc,age      ] GC(323) - age   6:     640488 bytes,    6521328 total
[2023-11-15T23:12:24.608+0000][7][gc,phases   ] GC(323)   Pre Evacuate Collection Set: 0.5ms
[2023-11-15T23:12:24.608+0000][7][gc,phases   ] GC(323)   Merge Heap Roots: 0.2ms
[2023-11-15T23:12:24.608+0000][7][gc,phases   ] GC(323)   Evacuate Collection Set: 5.1ms
[2023-11-15T23:12:24.608+0000][7][gc,phases   ] GC(323)   Post Evacuate Collection Set: 1.3ms
[2023-11-15T23:12:24.608+0000][7][gc,phases   ] GC(323)   Other: 0.7ms
[2023-11-15T23:12:24.608+0000][7][gc,heap     ] GC(323) Eden regions: 63->0(63)
[2023-11-15T23:12:24.608+0000][7][gc,heap     ] GC(323) Survivor regions: 2->2(9)
[2023-11-15T23:12:24.608+0000][7][gc,heap     ] GC(323) Old regions: 33->33
[2023-11-15T23:12:24.608+0000][7][gc,heap     ] GC(323) Archive regions: 2->2
[2023-11-15T23:12:24.608+0000][7][gc,heap     ] GC(323) Humongous regions: 5->5
[2023-11-15T23:12:24.608+0000][7][gc,metaspace] GC(323) Metaspace: 117478K(119040K)->117478K(119040K) NonClass: 101977K(102912K)->101977K(102912K) Class: 15501K(16128K)->15501K(16128K)
[2023-11-15T23:12:24.608+0000][7][gc          ] GC(323) Pause Young (Concurrent Start) (G1 Evacuation Pause) 412M->161M(512M) 7.949ms
[2023-11-15T23:12:24.608+0000][7][gc,cpu      ] GC(323) User=0.03s Sys=0.00s Real=0.01s
[2023-11-15T23:12:24.608+0000][7][safepoint   ] Safepoint "G1CollectForAllocation", Time since last: 1572647409 ns, Reaching safepoint: 96539 ns, At safepoint: 8200428 ns, Total: 8296967 ns
[2023-11-15T23:12:24.608+0000][7][gc          ] GC(324) Concurrent Mark Cycle
[2023-11-15T23:12:24.609+0000][7][gc,marking  ] GC(324) Concurrent Clear Claimed Marks
[2023-11-15T23:12:24.609+0000][7][gc,marking  ] GC(324) Concurrent Clear Claimed Marks 0.203ms
[2023-11-15T23:12:24.609+0000][7][gc,marking  ] GC(324) Concurrent Scan Root Regions
[2023-11-15T23:12:24.614+0000][7][gc,marking  ] GC(324) Concurrent Scan Root Regions 5.021ms
[2023-11-15T23:12:24.614+0000][7][gc,marking  ] GC(324) Concurrent Mark
[2023-11-15T23:12:24.614+0000][7][gc,marking  ] GC(324) Concurrent Mark From Roots
[2023-11-15T23:12:24.614+0000][7][gc,task     ] GC(324) Using 2 workers of 2 for marking
[2023-11-15T23:12:24.692+0000][7][gc,marking  ] GC(324) Concurrent Mark From Roots 78.543ms
[2023-11-15T23:12:24.692+0000][7][gc,marking  ] GC(324) Concurrent Preclean
[2023-11-15T23:12:24.693+0000][7][gc,marking  ] GC(324) Concurrent Preclean 0.189ms
[2023-11-15T23:12:24.693+0000][7][gc,start    ] GC(324) Pause Remark
[2023-11-15T23:12:24.699+0000][7][gc          ] GC(324) Pause Remark 164M->164M(512M) 5.849ms
[2023-11-15T23:12:24.699+0000][7][gc,cpu      ] GC(324) User=0.04s Sys=0.00s Real=0.01s
[2023-11-15T23:12:24.699+0000][7][safepoint   ] Safepoint "G1Concurrent", Time since last: 84290099 ns, Reaching safepoint: 59766 ns, At safepoint: 5974090 ns, Total: 6033856 ns
[2023-11-15T23:12:24.699+0000][7][gc,marking  ] GC(324) Concurrent Mark 84.897ms
[2023-11-15T23:12:24.699+0000][7][gc,marking  ] GC(324) Concurrent Rebuild Remembered Sets
[2023-11-15T23:12:24.737+0000][7][gc,marking  ] GC(324) Concurrent Rebuild Remembered Sets 38.043ms
[2023-11-15T23:12:24.737+0000][7][gc,start    ] GC(324) Pause Cleanup
[2023-11-15T23:12:24.737+0000][7][gc          ] GC(324) Pause Cleanup 165M->165M(512M) 0.115ms
[2023-11-15T23:12:24.737+0000][7][gc,cpu      ] GC(324) User=0.00s Sys=0.00s Real=0.00s
[2023-11-15T23:12:24.737+0000][7][safepoint   ] Safepoint "G1Concurrent", Time since last: 38121449 ns, Reaching safepoint: 27984 ns, At safepoint: 176660 ns, Total: 204644 ns
[2023-11-15T23:12:24.737+0000][7][gc,marking  ] GC(324) Concurrent Cleanup for Next Mark
[2023-11-15T23:12:24.737+0000][7][gc,marking  ] GC(324) Concurrent Cleanup for Next Mark 0.359ms
[2023-11-15T23:12:24.737+0000][7][gc          ] GC(324) Concurrent Mark Cycle 128.991ms
[2023-11-15T23:12:29.738+0000][7][safepoint   ] Safepoint "Cleanup", Time since last: 5000541256 ns, Reaching safepoint: 89066 ns, At safepoint: 17537 ns, Total: 106603 ns
[2023-11-15T23:12:40.924+0000][7][gc,start    ] GC(325) Pause Young (Prepare Mixed) (G1 Evacuation Pause)
[2023-11-15T23:12:40.924+0000][7][gc,task     ] GC(325) Using 8 workers of 8 for evacuation
[2023-11-15T23:12:40.924+0000][7][gc,age      ] GC(325) Desired survivor size 18874368 bytes, new threshold 15 (max threshold 15)
[2023-11-15T23:12:40.929+0000][7][gc,age      ] GC(325) Age table with threshold 15 (max threshold 15)
[2023-11-15T23:12:40.929+0000][7][gc,age      ] GC(325) - age   1:    1694040 bytes,    1694040 total
[2023-11-15T23:12:40.929+0000][7][gc,age      ] GC(325) - age   2:     765600 bytes,    2459640 total
[2023-11-15T23:12:40.929+0000][7][gc,age      ] GC(325) - age   3:    3612448 bytes,    6072088 total
[2023-11-15T23:12:40.929+0000][7][gc,age      ] GC(325) - age   4:     306896 bytes,    6378984 total
[2023-11-15T23:12:40.929+0000][7][gc,age      ] GC(325) - age   5:        376 bytes,    6379360 total
[2023-11-15T23:12:40.929+0000][7][gc,age      ] GC(325) - age   6:     458904 bytes,    6838264 total
[2023-11-15T23:12:40.929+0000][7][gc,age      ] GC(325) - age   7:     640200 bytes,    7478464 total
[2023-11-15T23:12:40.929+0000][7][gc,phases   ] GC(325)   Pre Evacuate Collection Set: 0.1ms
[2023-11-15T23:12:40.929+0000][7][gc,phases   ] GC(325)   Merge Heap Roots: 0.1ms
[2023-11-15T23:12:40.929+0000][7][gc,phases   ] GC(325)   Evacuate Collection Set: 3.6ms
[2023-11-15T23:12:40.929+0000][7][gc,phases   ] GC(325)   Post Evacuate Collection Set: 1.1ms
[2023-11-15T23:12:40.929+0000][7][gc,phases   ] GC(325)   Other: 0.4ms
[2023-11-15T23:12:40.929+0000][7][gc,heap     ] GC(325) Eden regions: 63->0(4)
[2023-11-15T23:12:40.929+0000][7][gc,heap     ] GC(325) Survivor regions: 2->2(9)
[2023-11-15T23:12:40.929+0000][7][gc,heap     ] GC(325) Old regions: 33->33
[2023-11-15T23:12:40.929+0000][7][gc,heap     ] GC(325) Archive regions: 2->2
[2023-11-15T23:12:40.929+0000][7][gc,heap     ] GC(325) Humongous regions: 5->5
[2023-11-15T23:12:40.929+0000][7][gc,metaspace] GC(325) Metaspace: 117479K(119040K)->117479K(119040K) NonClass: 101977K(102912K)->101977K(102912K) Class: 15501K(16128K)->15501K(16128K)
[2023-11-15T23:12:40.929+0000][7][gc          ] GC(325) Pause Young (Prepare Mixed) (G1 Evacuation Pause) 413M->162M(512M) 5.538ms
[2023-11-15T23:12:40.929+0000][7][gc,cpu      ] GC(325) User=0.02s Sys=0.00s Real=0.01s
[2023-11-15T23:12:40.929+0000][7][safepoint   ] Safepoint "G1CollectForAllocation", Time since last: 11185698992 ns, Reaching safepoint: 82606 ns, At safepoint: 5692944 ns, Total: 5775550 ns
[2023-11-15T23:12:41.675+0000][7][gc,start    ] GC(326) Pause Young (Mixed) (G1 Evacuation Pause)
[2023-11-15T23:12:41.675+0000][7][gc,task     ] GC(326) Using 8 workers of 8 for evacuation
[2023-11-15T23:12:41.675+0000][7][gc,age      ] GC(326) Desired survivor size 2097152 bytes, new threshold 2 (max threshold 15)
[2023-11-15T23:12:41.692+0000][7][gc,age      ] GC(326) Age table with threshold 2 (max threshold 15)
[2023-11-15T23:12:41.693+0000][7][gc,age      ] GC(326) - age   1:     453424 bytes,     453424 total
[2023-11-15T23:12:41.693+0000][7][gc,age      ] GC(326) - age   2:    1081832 bytes,    1535256 total
[2023-11-15T23:12:41.693+0000][7][gc,phases   ] GC(326)   Pre Evacuate Collection Set: 0.1ms
[2023-11-15T23:12:41.693+0000][7][gc,phases   ] GC(326)   Merge Heap Roots: 0.1ms
[2023-11-15T23:12:41.693+0000][7][gc,phases   ] GC(326)   Evacuate Collection Set: 16.0ms
[2023-11-15T23:12:41.693+0000][7][gc,phases   ] GC(326)   Post Evacuate Collection Set: 1.0ms
[2023-11-15T23:12:41.693+0000][7][gc,phases   ] GC(326)   Other: 0.3ms
[2023-11-15T23:12:41.693+0000][7][gc,heap     ] GC(326) Eden regions: 4->0(63)
[2023-11-15T23:12:41.693+0000][7][gc,heap     ] GC(326) Survivor regions: 2->1(1)
[2023-11-15T23:12:41.693+0000][7][gc,heap     ] GC(326) Old regions: 33->34
[2023-11-15T23:12:41.693+0000][7][gc,heap     ] GC(326) Archive regions: 2->2
[2023-11-15T23:12:41.693+0000][7][gc,heap     ] GC(326) Humongous regions: 5->5
[2023-11-15T23:12:41.693+0000][7][gc,metaspace] GC(326) Metaspace: 117479K(119040K)->117479K(119040K) NonClass: 101977K(102912K)->101977K(102912K) Class: 15501K(16128K)->15501K(16128K)
[2023-11-15T23:12:41.693+0000][7][gc          ] GC(326) Pause Young (Mixed) (G1 Evacuation Pause) 178M->159M(512M) 17.681ms
[2023-11-15T23:12:41.693+0000][7][gc,cpu      ] GC(326) User=0.03s Sys=0.02s Real=0.01s
[2023-11-15T23:12:41.693+0000][7][safepoint   ] Safepoint "G1CollectForAllocation", Time since last: 745795321 ns, Reaching safepoint: 53550 ns, At safepoint: 17837776 ns, Total: 17891326 ns
[2023-11-15T23:12:47.694+0000][7][safepoint   ] Safepoint "Cleanup", Time since last: 6000677154 ns, Reaching safepoint: 78698 ns, At safepoint: 10812 ns, Total: 89510 ns
[2023-11-15T23:12:50.694+0000][7][safepoint   ] Safepoint "Cleanup", Time since last: 3000446245 ns, Reaching safepoint: 156147 ns, At safepoint: 93640 ns, Total: 249787 ns
[2023-11-15T23:12:59.266+0000][7][gc,start    ] GC(327) Pause Young (Normal) (G1 Evacuation Pause)
[2023-11-15T23:12:59.266+0000][7][gc,task     ] GC(327) Using 8 workers of 8 for evacuation
[2023-11-15T23:12:59.266+0000][7][gc,age      ] GC(327) Desired survivor size 16777216 bytes, new threshold 15 (max threshold 15)
[2023-11-15T23:12:59.270+0000][7][gc,age      ] GC(327) Age table with threshold 15 (max threshold 15)
[2023-11-15T23:12:59.270+0000][7][gc,age      ] GC(327) - age   1:    1393400 bytes,    1393400 total
[2023-11-15T23:12:59.270+0000][7][gc,age      ] GC(327) - age   2:        576 bytes,    1393976 total
[2023-11-15T23:12:59.270+0000][7][gc,age      ] GC(327) - age   3:     753672 bytes,    2147648 total
[2023-11-15T23:12:59.270+0000][7][gc,phases   ] GC(327)   Pre Evacuate Collection Set: 0.2ms
[2023-11-15T23:12:59.270+0000][7][gc,phases   ] GC(327)   Merge Heap Roots: 0.1ms
[2023-11-15T23:12:59.270+0000][7][gc,phases   ] GC(327)   Evacuate Collection Set: 2.5ms
[2023-11-15T23:12:59.270+0000][7][gc,phases   ] GC(327)   Post Evacuate Collection Set: 1.2ms
[2023-11-15T23:12:59.270+0000][7][gc,phases   ] GC(327)   Other: 0.4ms
[2023-11-15T23:12:59.270+0000][7][gc,heap     ] GC(327) Eden regions: 63->0(64)
[2023-11-15T23:12:59.270+0000][7][gc,heap     ] GC(327) Survivor regions: 1->1(8)
[2023-11-15T23:12:59.270+0000][7][gc,heap     ] GC(327) Old regions: 34->34
[2023-11-15T23:12:59.270+0000][7][gc,heap     ] GC(327) Archive regions: 2->2
[2023-11-15T23:12:59.270+0000][7][gc,heap     ] GC(327) Humongous regions: 5->5
[2023-11-15T23:12:59.270+0000][7][gc,metaspace] GC(327) Metaspace: 117479K(119040K)->117479K(119040K) NonClass: 101978K(102912K)->101978K(102912K) Class: 15501K(16128K)->15501K(16128K)
[2023-11-15T23:12:59.270+0000][7][gc          ] GC(327) Pause Young (Normal) (G1 Evacuation Pause) 411M->159M(512M) 4.543ms
[2023-11-15T23:12:59.270+0000][7][gc,cpu      ] GC(327) User=0.03s Sys=0.00s Real=0.00s
[2023-11-15T23:12:59.270+0000][7][safepoint   ] Safepoint "G1CollectForAllocation", Time since last: 8571045423 ns, Reaching safepoint: 90603 ns, At safepoint: 4712639 ns, Total: 4803242 ns
[2023-11-15T23:13:11.272+0000][7][safepoint   ] Safepoint "Cleanup", Time since last: 12001320699 ns, Reaching safepoint: 102988 ns, At safepoint: 19852 ns, Total: 122840 ns
[2023-11-15T23:13:14.274+0000][7][safepoint   ] Safepoint "Cleanup", Time since last: 3002760713 ns, Reaching safepoint: 96686 ns, At safepoint: 29698 ns, Total: 126384 ns
[2023-11-15T23:13:16.479+0000][7][gc,start    ] GC(328) Pause Young (Normal) (G1 Evacuation Pause)
[2023-11-15T23:13:16.479+0000][7][gc,task     ] GC(328) Using 8 workers of 8 for evacuation
[2023-11-15T23:13:16.479+0000][7][gc,age      ] GC(328) Desired survivor size 18874368 bytes, new threshold 15 (max threshold 15)
[2023-11-15T23:13:16.483+0000][7][gc,age      ] GC(328) Age table with threshold 15 (max threshold 15)
[2023-11-15T23:13:16.483+0000][7][gc,age      ] GC(328) - age   1:     919040 bytes,     919040 total
[2023-11-15T23:13:16.483+0000][7][gc,age      ] GC(328) - age   2:     427960 bytes,    1347000 total
[2023-11-15T23:13:16.483+0000][7][gc,age      ] GC(328) - age   3:        232 bytes,    1347232 total
[2023-11-15T23:13:16.483+0000][7][gc,age      ] GC(328) - age   4:     738696 bytes,    2085928 total
[2023-11-15T23:13:16.483+0000][7][gc,phases   ] GC(328)   Pre Evacuate Collection Set: 0.2ms
[2023-11-15T23:13:16.483+0000][7][gc,phases   ] GC(328)   Merge Heap Roots: 0.1ms
[2023-11-15T23:13:16.483+0000][7][gc,phases   ] GC(328)   Evacuate Collection Set: 2.6ms
[2023-11-15T23:13:16.483+0000][7][gc,phases   ] GC(328)   Post Evacuate Collection Set: 1.1ms
[2023-11-15T23:13:16.483+0000][7][gc,phases   ] GC(328)   Other: 0.5ms
[2023-11-15T23:13:16.483+0000][7][gc,heap     ] GC(328) Eden regions: 64->0(64)
[2023-11-15T23:13:16.483+0000][7][gc,heap     ] GC(328) Survivor regions: 1->1(9)
[2023-11-15T23:13:16.483+0000][7][gc,heap     ] GC(328) Old regions: 34->34
[2023-11-15T23:13:16.483+0000][7][gc,heap     ] GC(328) Archive regions: 2->2
[2023-11-15T23:13:16.483+0000][7][gc,heap     ] GC(328) Humongous regions: 5->5
[2023-11-15T23:13:16.483+0000][7][gc,metaspace] GC(328) Metaspace: 117480K(119040K)->117480K(119040K) NonClass: 101979K(102912K)->101979K(102912K) Class: 15501K(16128K)->15501K(16128K)
[2023-11-15T23:13:16.483+0000][7][gc          ] GC(328) Pause Young (Normal) (G1 Evacuation Pause) 415M->159M(512M) 4.578ms
[2023-11-15T23:13:16.483+0000][7][gc,cpu      ] GC(328) User=0.03s Sys=0.00s Real=0.00s
[2023-11-15T23:13:16.483+0000][7][safepoint   ] Safepoint "G1CollectForAllocation", Time since last: 2203910048 ns, Reaching safepoint: 184818 ns, At safepoint: 4783157 ns, Total: 4967975 ns
[2023-11-15T23:13:20.484+0000][7][safepoint   ] Safepoint "Cleanup", Time since last: 4000512876 ns, Reaching safepoint: 93467 ns, At safepoint: 11555 ns, Total: 105022 ns
[2023-11-15T23:13:23.484+0000][7][safepoint   ] Safepoint "Cleanup", Time since last: 3000379819 ns, Reaching safepoint: 41735 ns, At safepoint: 5981 ns, Total: 47716 ns
[2023-11-15T23:13:29.485+0000][7][safepoint   ] Safepoint "Cleanup", Time since last: 6000567397 ns, Reaching safepoint: 89789 ns, At safepoint: 10144 ns, Total: 99933 ns
[2023-11-15T23:13:32.731+0000][7][gc,start    ] GC(329) Pause Young (Concurrent Start) (G1 Evacuation Pause)
[2023-11-15T23:13:32.732+0000][7][gc,task     ] GC(329) Using 8 workers of 8 for evacuation
[2023-11-15T23:13:32.732+0000][7][gc,age      ] GC(329) Desired survivor size 18874368 bytes, new threshold 15 (max threshold 15)
[2023-11-15T23:13:32.736+0000][7][gc,age      ] GC(329) Age table with threshold 15 (max threshold 15)
[2023-11-15T23:13:32.737+0000][7][gc,age      ] GC(329) - age   1:     759224 bytes,     759224 total
[2023-11-15T23:13:32.737+0000][7][gc,age      ] GC(329) - age   2:     487256 bytes,    1246480 total
[2023-11-15T23:13:32.737+0000][7][gc,age      ] GC(329) - age   3:     427216 bytes,    1673696 total
[2023-11-15T23:13:32.737+0000][7][gc,age      ] GC(329) - age   4:        232 bytes,    1673928 total
[2023-11-15T23:13:32.737+0000][7][gc,age      ] GC(329) - age   5:     599848 bytes,    2273776 total
[2023-11-15T23:13:32.737+0000][7][gc,phases   ] GC(329)   Pre Evacuate Collection Set: 0.4ms
[2023-11-15T23:13:32.737+0000][7][gc,phases   ] GC(329)   Merge Heap Roots: 0.2ms
[2023-11-15T23:13:32.737+0000][7][gc,phases   ] GC(329)   Evacuate Collection Set: 2.9ms
[2023-11-15T23:13:32.737+0000][7][gc,phases   ] GC(329)   Post Evacuate Collection Set: 1.3ms
[2023-11-15T23:13:32.737+0000][7][gc,phases   ] GC(329)   Other: 0.5ms
[2023-11-15T23:13:32.737+0000][7][gc,heap     ] GC(329) Eden regions: 64->0(64)
[2023-11-15T23:13:32.737+0000][7][gc,heap     ] GC(329) Survivor regions: 1->1(9)
[2023-11-15T23:13:32.737+0000][7][gc,heap     ] GC(329) Old regions: 34->34
[2023-11-15T23:13:32.737+0000][7][gc,heap     ] GC(329) Archive regions: 2->2
[2023-11-15T23:13:32.737+0000][7][gc,heap     ] GC(329) Humongous regions: 5->5
[2023-11-15T23:13:32.737+0000][7][gc,metaspace] GC(329) Metaspace: 117480K(119040K)->117480K(119040K) NonClass: 101979K(102912K)->101979K(102912K) Class: 15501K(16128K)->15501K(16128K)
[2023-11-15T23:13:32.737+0000][7][gc          ] GC(329) Pause Young (Concurrent Start) (G1 Evacuation Pause) 415M->159M(512M) 5.337ms
[2023-11-15T23:13:32.737+0000][7][gc,cpu      ] GC(329) User=0.02s Sys=0.00s Real=0.01s
[2023-11-15T23:13:32.737+0000][7][safepoint   ] Safepoint "G1CollectForAllocation", Time since last: 3246228319 ns, Reaching safepoint: 108440 ns, At safepoint: 5502286 ns, Total: 5610726 ns
[2023-11-15T23:13:32.737+0000][7][gc          ] GC(330) Concurrent Mark Cycle
[2023-11-15T23:13:32.737+0000][7][gc,marking  ] GC(330) Concurrent Clear Claimed Marks
[2023-11-15T23:13:32.737+0000][7][gc,marking  ] GC(330) Concurrent Clear Claimed Marks 0.166ms
[2023-11-15T23:13:32.737+0000][7][gc,marking  ] GC(330) Concurrent Scan Root Regions
[2023-11-15T23:13:32.741+0000][7][gc,marking  ] GC(330) Concurrent Scan Root Regions 3.980ms
[2023-11-15T23:13:32.741+0000][7][gc,marking  ] GC(330) Concurrent Mark
[2023-11-15T23:13:32.741+0000][7][gc,marking  ] GC(330) Concurrent Mark From Roots
[2023-11-15T23:13:32.741+0000][7][gc,task     ] GC(330) Using 2 workers of 2 for marking
[2023-11-15T23:13:32.809+0000][7][gc,marking  ] GC(330) Concurrent Mark From Roots 67.653ms
[2023-11-15T23:13:32.809+0000][7][gc,marking  ] GC(330) Concurrent Preclean
[2023-11-15T23:13:32.809+0000][7][gc,marking  ] GC(330) Concurrent Preclean 0.236ms
[2023-11-15T23:13:32.809+0000][7][gc,start    ] GC(330) Pause Remark
[2023-11-15T23:13:32.814+0000][7][gc          ] GC(330) Pause Remark 162M->162M(512M) 5.191ms
[2023-11-15T23:13:32.815+0000][7][gc,cpu      ] GC(330) User=0.04s Sys=0.00s Real=0.01s
[2023-11-15T23:13:32.815+0000][7][safepoint   ] Safepoint "G1Concurrent", Time since last: 72288462 ns, Reaching safepoint: 49079 ns, At safepoint: 5316788 ns, Total: 5365867 ns
[2023-11-15T23:13:32.815+0000][7][gc,marking  ] GC(330) Concurrent Mark 73.342ms
[2023-11-15T23:13:32.815+0000][7][gc,marking  ] GC(330) Concurrent Rebuild Remembered Sets
[2023-11-15T23:13:32.847+0000][7][gc,marking  ] GC(330) Concurrent Rebuild Remembered Sets 32.652ms
[2023-11-15T23:13:32.847+0000][7][gc,start    ] GC(330) Pause Cleanup
[2023-11-15T23:13:32.847+0000][7][gc          ] GC(330) Pause Cleanup 162M->162M(512M) 0.122ms
[2023-11-15T23:13:32.847+0000][7][gc,cpu      ] GC(330) User=0.00s Sys=0.00s Real=0.00s
[2023-11-15T23:13:32.847+0000][7][safepoint   ] Safepoint "G1Concurrent", Time since last: 32735935 ns, Reaching safepoint: 19650 ns, At safepoint: 159105 ns, Total: 178755 ns
[2023-11-15T23:13:32.848+0000][7][gc,marking  ] GC(330) Concurrent Cleanup for Next Mark
[2023-11-15T23:13:32.848+0000][7][gc,marking  ] GC(330) Concurrent Cleanup for Next Mark 0.500ms
[2023-11-15T23:13:32.848+0000][7][gc          ] GC(330) Concurrent Mark Cycle 111.135ms
[2023-11-15T23:13:35.848+0000][7][safepoint   ] Safepoint "Cleanup", Time since last: 3000259289 ns, Reaching safepoint: 47820 ns, At safepoint: 4453 ns, Total: 52273 ns
[2023-11-15T23:13:36.848+0000][7][safepoint   ] Safepoint "Cleanup", Time since last: 1000160382 ns, Reaching safepoint: 175975 ns, At safepoint: 17909 ns, Total: 193884 ns
[2023-11-15T23:13:41.849+0000][7][safepoint   ] Safepoint "Cleanup", Time since last: 5000530534 ns, Reaching safepoint: 59182 ns, At safepoint: 10122 ns, Total: 69304 ns
[2023-11-15T23:13:47.223+0000][7][gc,start    ] GC(331) Pause Young (Prepare Mixed) (G1 Evacuation Pause)
[2023-11-15T23:13:47.225+0000][7][gc,task     ] GC(331) Using 8 workers of 8 for evacuation
[2023-11-15T23:13:47.225+0000][7][gc,age      ] GC(331) Desired survivor size 18874368 bytes, new threshold 15 (max threshold 15)
[2023-11-15T23:13:47.227+0000][7][gc,age      ] GC(331) Age table with threshold 15 (max threshold 15)
[2023-11-15T23:13:47.227+0000][7][gc,age      ] GC(331) - age   1:    1222432 bytes,    1222432 total
[2023-11-15T23:13:47.227+0000][7][gc,age      ] GC(331) - age   2:     431872 bytes,    1654304 total
[2023-11-15T23:13:47.227+0000][7][gc,age      ] GC(331) - age   3:     334528 bytes,    1988832 total
[2023-11-15T23:13:47.227+0000][7][gc,age      ] GC(331) - age   4:     424808 bytes,    2413640 total
[2023-11-15T23:13:47.227+0000][7][gc,age      ] GC(331) - age   5:        128 bytes,    2413768 total
[2023-11-15T23:13:47.227+0000][7][gc,age      ] GC(331) - age   6:     598688 bytes,    3012456 total
[2023-11-15T23:13:47.227+0000][7][gc,phases   ] GC(331)   Pre Evacuate Collection Set: 0.1ms
[2023-11-15T23:13:47.227+0000][7][gc,phases   ] GC(331)   Merge Heap Roots: 0.0ms
[2023-11-15T23:13:47.227+0000][7][gc,phases   ] GC(331)   Evacuate Collection Set: 1.6ms
[2023-11-15T23:13:47.227+0000][7][gc,phases   ] GC(331)   Post Evacuate Collection Set: 0.5ms
[2023-11-15T23:13:47.227+0000][7][gc,phases   ] GC(331)   Other: 2.2ms
[2023-11-15T23:13:47.227+0000][7][gc,heap     ] GC(331) Eden regions: 64->0(5)
[2023-11-15T23:13:47.227+0000][7][gc,heap     ] GC(331) Survivor regions: 1->1(9)
[2023-11-15T23:13:47.227+0000][7][gc,heap     ] GC(331) Old regions: 34->34
[2023-11-15T23:13:47.227+0000][7][gc,heap     ] GC(331) Archive regions: 2->2
[2023-11-15T23:13:47.227+0000][7][gc,heap     ] GC(331) Humongous regions: 5->5
[2023-11-15T23:13:47.227+0000][7][gc,metaspace] GC(331) Metaspace: 117483K(119040K)->117483K(119040K) NonClass: 101982K(102912K)->101982K(102912K) Class: 15501K(16128K)->15501K(16128K)
[2023-11-15T23:13:47.227+0000][7][gc          ] GC(331) Pause Young (Prepare Mixed) (G1 Evacuation Pause) 415M->160M(512M) 4.498ms
[2023-11-15T23:13:47.227+0000][7][gc,cpu      ] GC(331) User=0.01s Sys=0.01s Real=0.01s
[2023-11-15T23:13:47.227+0000][7][safepoint   ] Safepoint "G1CollectForAllocation", Time since last: 5373985533 ns, Reaching safepoint: 20942 ns, At safepoint: 4587674 ns, Total: 4608616 ns
[2023-11-15T23:13:48.561+0000][7][gc,start    ] GC(332) Pause Young (Mixed) (G1 Evacuation Pause)
[2023-11-15T23:13:48.561+0000][7][gc,task     ] GC(332) Using 8 workers of 8 for evacuation
[2023-11-15T23:13:48.561+0000][7][gc,age      ] GC(332) Desired survivor size 2097152 bytes, new threshold 4 (max threshold 15)
[2023-11-15T23:13:48.567+0000][7][gc,age      ] GC(332) Age table with threshold 4 (max threshold 15)
[2023-11-15T23:13:48.567+0000][7][gc,age      ] GC(332) - age   1:     240976 bytes,     240976 total
[2023-11-15T23:13:48.567+0000][7][gc,age      ] GC(332) - age   2:     789520 bytes,    1030496 total
[2023-11-15T23:13:48.567+0000][7][gc,age      ] GC(332) - age   3:     431872 bytes,    1462368 total
[2023-11-15T23:13:48.567+0000][7][gc,age      ] GC(332) - age   4:     334528 bytes,    1796896 total
[2023-11-15T23:13:48.567+0000][7][gc,phases   ] GC(332)   Pre Evacuate Collection Set: 0.2ms
[2023-11-15T23:13:48.567+0000][7][gc,phases   ] GC(332)   Merge Heap Roots: 0.2ms
[2023-11-15T23:13:48.567+0000][7][gc,phases   ] GC(332)   Evacuate Collection Set: 4.2ms
[2023-11-15T23:13:48.567+0000][7][gc,phases   ] GC(332)   Post Evacuate Collection Set: 0.9ms
[2023-11-15T23:13:48.567+0000][7][gc,phases   ] GC(332)   Other: 0.4ms
[2023-11-15T23:13:48.567+0000][7][gc,heap     ] GC(332) Eden regions: 5->0(64)
[2023-11-15T23:13:48.567+0000][7][gc,heap     ] GC(332) Survivor regions: 1->1(1)
[2023-11-15T23:13:48.567+0000][7][gc,heap     ] GC(332) Old regions: 34->34
[2023-11-15T23:13:48.567+0000][7][gc,heap     ] GC(332) Archive regions: 2->2
[2023-11-15T23:13:48.567+0000][7][gc,heap     ] GC(332) Humongous regions: 5->5
[2023-11-15T23:13:48.567+0000][7][gc,metaspace] GC(332) Metaspace: 117483K(119040K)->117483K(119040K) NonClass: 101982K(102912K)->101982K(102912K) Class: 15501K(16128K)->15501K(16128K)
[2023-11-15T23:13:48.567+0000][7][gc          ] GC(332) Pause Young (Mixed) (G1 Evacuation Pause) 180M->158M(512M) 5.897ms
[2023-11-15T23:13:48.567+0000][7][gc,cpu      ] GC(332) User=0.03s Sys=0.00s Real=0.01s
[2023-11-15T23:13:48.567+0000][7][safepoint   ] Safepoint "G1CollectForAllocation", Time since last: 1333715726 ns, Reaching safepoint: 125840 ns, At safepoint: 6054270 ns, Total: 6180110 ns
[2023-11-15T23:13:53.568+0000][7][safepoint   ] Safepoint "Cleanup", Time since last: 5000530383 ns, Reaching safepoint: 110267 ns, At safepoint: 44507 ns, Total: 154774 ns
[2023-11-15T23:14:02.569+0000][7][safepoint   ] Safepoint "Cleanup", Time since last: 9000942909 ns, Reaching safepoint: 102576 ns, At safepoint: 20510 ns, Total: 123086 ns
[2023-11-15T23:14:04.063+0000][7][gc,start    ] GC(333) Pause Young (Normal) (G1 Evacuation Pause)
[2023-11-15T23:14:04.063+0000][7][gc,task     ] GC(333) Using 8 workers of 8 for evacuation
[2023-11-15T23:14:04.063+0000][7][gc,age      ] GC(333) Desired survivor size 18874368 bytes, new threshold 15 (max threshold 15)
[2023-11-15T23:14:04.066+0000][7][gc,age      ] GC(333) Age table with threshold 15 (max threshold 15)
[2023-11-15T23:14:04.066+0000][7][gc,age      ] GC(333) - age   1:    1083144 bytes,    1083144 total
[2023-11-15T23:14:04.066+0000][7][gc,age      ] GC(333) - age   2:      32952 bytes,    1116096 total
[2023-11-15T23:14:04.066+0000][7][gc,age      ] GC(333) - age   3:     419064 bytes,    1535160 total
[2023-11-15T23:14:04.066+0000][7][gc,age      ] GC(333) - age   4:     287760 bytes,    1822920 total
[2023-11-15T23:14:04.066+0000][7][gc,age      ] GC(333) - age   5:     334016 bytes,    2156936 total
[2023-11-15T23:14:04.066+0000][7][gc,phases   ] GC(333)   Pre Evacuate Collection Set: 0.1ms
[2023-11-15T23:14:04.066+0000][7][gc,phases   ] GC(333)   Merge Heap Roots: 0.1ms
[2023-11-15T23:14:04.066+0000][7][gc,phases   ] GC(333)   Evacuate Collection Set: 1.7ms
[2023-11-15T23:14:04.066+0000][7][gc,phases   ] GC(333)   Post Evacuate Collection Set: 0.6ms
[2023-11-15T23:14:04.066+0000][7][gc,phases   ] GC(333)   Other: 0.2ms
[2023-11-15T23:14:04.066+0000][7][gc,heap     ] GC(333) Eden regions: 64->0(64)
[2023-11-15T23:14:04.066+0000][7][gc,heap     ] GC(333) Survivor regions: 1->1(9)
[2023-11-15T23:14:04.066+0000][7][gc,heap     ] GC(333) Old regions: 34->34
[2023-11-15T23:14:04.066+0000][7][gc,heap     ] GC(333) Archive regions: 2->2
[2023-11-15T23:14:04.066+0000][7][gc,heap     ] GC(333) Humongous regions: 5->5
[2023-11-15T23:14:04.066+0000][7][gc,metaspace] GC(333) Metaspace: 117483K(119040K)->117483K(119040K) NonClass: 101982K(102912K)->101982K(102912K) Class: 15501K(16128K)->15501K(16128K)
[2023-11-15T23:14:04.066+0000][7][gc          ] GC(333) Pause Young (Normal) (G1 Evacuation Pause) 414M->158M(512M) 2.744ms
[2023-11-15T23:14:04.066+0000][7][gc,cpu      ] GC(333) User=0.01s Sys=0.00s Real=0.01s
[2023-11-15T23:14:04.066+0000][7][safepoint   ] Safepoint "G1CollectForAllocation", Time since last: 1494260212 ns, Reaching safepoint: 57111 ns, At safepoint: 2825204 ns, Total: 2882315 ns
[2023-11-15T23:14:08.067+0000][7][safepoint   ] Safepoint "Cleanup", Time since last: 4000441672 ns, Reaching safepoint: 74504 ns, At safepoint: 8944 ns, Total: 83448 ns
[2023-11-15T23:14:19.055+0000][7][gc,start    ] GC(334) Pause Young (Normal) (G1 Evacuation Pause)
[2023-11-15T23:14:19.055+0000][7][gc,task     ] GC(334) Using 8 workers of 8 for evacuation
[2023-11-15T23:14:19.055+0000][7][gc,age      ] GC(334) Desired survivor size 18874368 bytes, new threshold 15 (max threshold 15)
[2023-11-15T23:14:19.060+0000][7][gc,age      ] GC(334) Age table with threshold 15 (max threshold 15)
[2023-11-15T23:14:19.060+0000][7][gc,age      ] GC(334) - age   1:    2678712 bytes,    2678712 total
[2023-11-15T23:14:19.060+0000][7][gc,age      ] GC(334) - age   2:     483848 bytes,    3162560 total
[2023-11-15T23:14:19.060+0000][7][gc,age      ] GC(334) - age   3:      32856 bytes,    3195416 total
[2023-11-15T23:14:19.060+0000][7][gc,age      ] GC(334) - age   4:     300760 bytes,    3496176 total
[2023-11-15T23:14:19.060+0000][7][gc,age      ] GC(334) - age   5:     287248 bytes,    3783424 total
[2023-11-15T23:14:19.060+0000][7][gc,age      ] GC(334) - age   6:     333440 bytes,    4116864 total
[2023-11-15T23:14:19.060+0000][7][gc,phases   ] GC(334)   Pre Evacuate Collection Set: 0.2ms
[2023-11-15T23:14:19.060+0000][7][gc,phases   ] GC(334)   Merge Heap Roots: 0.2ms
[2023-11-15T23:14:19.060+0000][7][gc,phases   ] GC(334)   Evacuate Collection Set: 2.6ms
[2023-11-15T23:14:19.060+0000][7][gc,phases   ] GC(334)   Post Evacuate Collection Set: 1.3ms
[2023-11-15T23:14:19.060+0000][7][gc,phases   ] GC(334)   Other: 0.5ms
[2023-11-15T23:14:19.060+0000][7][gc,heap     ] GC(334) Eden regions: 64->0(63)
[2023-11-15T23:14:19.060+0000][7][gc,heap     ] GC(334) Survivor regions: 1->2(9)
[2023-11-15T23:14:19.060+0000][7][gc,heap     ] GC(334) Old regions: 34->34
[2023-11-15T23:14:19.060+0000][7][gc,heap     ] GC(334) Archive regions: 2->2
[2023-11-15T23:14:19.060+0000][7][gc,heap     ] GC(334) Humongous regions: 5->5
[2023-11-15T23:14:19.060+0000][7][gc,metaspace] GC(334) Metaspace: 117497K(119104K)->117497K(119104K) NonClass: 101996K(102976K)->101996K(102976K) Class: 15501K(16128K)->15501K(16128K)
[2023-11-15T23:14:19.060+0000][7][gc          ] GC(334) Pause Young (Normal) (G1 Evacuation Pause) 414M->160M(512M) 4.923ms
[2023-11-15T23:14:19.060+0000][7][gc,cpu      ] GC(334) User=0.02s Sys=0.00s Real=0.00s
[2023-11-15T23:14:19.060+0000][7][safepoint   ] Safepoint "G1CollectForAllocation", Time since last: 10988284455 ns, Reaching safepoint: 112046 ns, At safepoint: 5115865 ns, Total: 5227911 ns
[2023-11-15T23:14:29.061+0000][7][safepoint   ] Safepoint "Cleanup", Time since last: 10000952203 ns, Reaching safepoint: 116609 ns, At safepoint: 16474 ns, Total: 133083 ns
[2023-11-15T23:14:34.915+0000][7][gc,start    ] GC(335) Pause Young (Concurrent Start) (G1 Evacuation Pause)
[2023-11-15T23:14:34.915+0000][7][gc,task     ] GC(335) Using 8 workers of 8 for evacuation
[2023-11-15T23:14:34.915+0000][7][gc,age      ] GC(335) Desired survivor size 18874368 bytes, new threshold 15 (max threshold 15)
[2023-11-15T23:14:34.918+0000][7][gc,age      ] GC(335) Age table with threshold 15 (max threshold 15)
[2023-11-15T23:14:34.918+0000][7][gc,age      ] GC(335) - age   1:    1657928 bytes,    1657928 total
[2023-11-15T23:14:34.918+0000][7][gc,age      ] GC(335) - age   2:    2083976 bytes,    3741904 total
[2023-11-15T23:14:34.918+0000][7][gc,age      ] GC(335) - age   3:     483112 bytes,    4225016 total
[2023-11-15T23:14:34.918+0000][7][gc,age      ] GC(335) - age   4:      32856 bytes,    4257872 total
[2023-11-15T23:14:34.918+0000][7][gc,age      ] GC(335) - age   5:     300312 bytes,    4558184 total
[2023-11-15T23:14:34.918+0000][7][gc,age      ] GC(335) - age   6:     286344 bytes,    4844528 total
[2023-11-15T23:14:34.918+0000][7][gc,age      ] GC(335) - age   7:     333440 bytes,    5177968 total
[2023-11-15T23:14:34.919+0000][7][gc,phases   ] GC(335)   Pre Evacuate Collection Set: 0.2ms
[2023-11-15T23:14:34.919+0000][7][gc,phases   ] GC(335)   Merge Heap Roots: 0.1ms
[2023-11-15T23:14:34.919+0000][7][gc,phases   ] GC(335)   Evacuate Collection Set: 2.1ms
[2023-11-15T23:14:34.919+0000][7][gc,phases   ] GC(335)   Post Evacuate Collection Set: 0.6ms
[2023-11-15T23:14:34.919+0000][7][gc,phases   ] GC(335)   Other: 0.3ms
[2023-11-15T23:14:34.919+0000][7][gc,heap     ] GC(335) Eden regions: 63->0(63)
[2023-11-15T23:14:34.919+0000][7][gc,heap     ] GC(335) Survivor regions: 2->2(9)
[2023-11-15T23:14:34.919+0000][7][gc,heap     ] GC(335) Old regions: 34->34
[2023-11-15T23:14:34.919+0000][7][gc,heap     ] GC(335) Archive regions: 2->2
[2023-11-15T23:14:34.919+0000][7][gc,heap     ] GC(335) Humongous regions: 5->5
[2023-11-15T23:14:34.919+0000][7][gc,metaspace] GC(335) Metaspace: 117497K(119104K)->117497K(119104K) NonClass: 101996K(102976K)->101996K(102976K) Class: 15501K(16128K)->15501K(16128K)
[2023-11-15T23:14:34.919+0000][7][gc          ] GC(335) Pause Young (Concurrent Start) (G1 Evacuation Pause) 412M->161M(512M) 3.301ms
[2023-11-15T23:14:34.919+0000][7][gc,cpu      ] GC(335) User=0.01s Sys=0.00s Real=0.00s
[2023-11-15T23:14:34.919+0000][7][safepoint   ] Safepoint "G1CollectForAllocation", Time since last: 5854006594 ns, Reaching safepoint: 34825 ns, At safepoint: 3401772 ns, Total: 3436597 ns
[2023-11-15T23:14:34.919+0000][7][gc          ] GC(336) Concurrent Mark Cycle
[2023-11-15T23:14:34.919+0000][7][gc,marking  ] GC(336) Concurrent Clear Claimed Marks
[2023-11-15T23:14:34.919+0000][7][gc,marking  ] GC(336) Concurrent Clear Claimed Marks 0.076ms
[2023-11-15T23:14:34.919+0000][7][gc,marking  ] GC(336) Concurrent Scan Root Regions
[2023-11-15T23:14:34.920+0000][7][gc,marking  ] GC(336) Concurrent Scan Root Regions 1.506ms
[2023-11-15T23:14:34.920+0000][7][gc,marking  ] GC(336) Concurrent Mark
[2023-11-15T23:14:34.920+0000][7][gc,marking  ] GC(336) Concurrent Mark From Roots
[2023-11-15T23:14:34.920+0000][7][gc,task     ] GC(336) Using 2 workers of 2 for marking
[2023-11-15T23:14:34.984+0000][7][gc,marking  ] GC(336) Concurrent Mark From Roots 63.116ms
[2023-11-15T23:14:34.984+0000][7][gc,marking  ] GC(336) Concurrent Preclean
[2023-11-15T23:14:34.984+0000][7][gc,marking  ] GC(336) Concurrent Preclean 0.172ms
[2023-11-15T23:14:34.984+0000][7][gc,start    ] GC(336) Pause Remark
[2023-11-15T23:14:34.989+0000][7][gc          ] GC(336) Pause Remark 171M->171M(512M) 5.268ms
[2023-11-15T23:14:34.989+0000][7][gc,cpu      ] GC(336) User=0.04s Sys=0.00s Real=0.01s
[2023-11-15T23:14:34.989+0000][7][safepoint   ] Safepoint "G1Concurrent", Time since last: 65035291 ns, Reaching safepoint: 21990 ns, At safepoint: 5351013 ns, Total: 5373003 ns
[2023-11-15T23:14:34.989+0000][7][gc,marking  ] GC(336) Concurrent Mark 68.740ms
[2023-11-15T23:14:34.989+0000][7][gc,marking  ] GC(336) Concurrent Rebuild Remembered Sets
[2023-11-15T23:14:35.022+0000][7][gc,marking  ] GC(336) Concurrent Rebuild Remembered Sets 32.951ms
[2023-11-15T23:14:35.022+0000][7][gc,start    ] GC(336) Pause Cleanup
[2023-11-15T23:14:35.022+0000][7][gc          ] GC(336) Pause Cleanup 172M->172M(512M) 0.093ms
[2023-11-15T23:14:35.022+0000][7][gc,cpu      ] GC(336) User=0.00s Sys=0.00s Real=0.00s
[2023-11-15T23:14:35.022+0000][7][safepoint   ] Safepoint "G1Concurrent", Time since last: 33030251 ns, Reaching safepoint: 20359 ns, At safepoint: 136240 ns, Total: 156599 ns
[2023-11-15T23:14:35.022+0000][7][gc,marking  ] GC(336) Concurrent Cleanup for Next Mark
[2023-11-15T23:14:35.023+0000][7][gc,marking  ] GC(336) Concurrent Cleanup for Next Mark 0.326ms
[2023-11-15T23:14:35.023+0000][7][gc          ] GC(336) Concurrent Mark Cycle 103.989ms
[2023-11-15T23:14:36.022+0000][7][safepoint   ] Safepoint "Cleanup", Time since last: 1000102688 ns, Reaching safepoint: 69892 ns, At safepoint: 4436 ns, Total: 74328 ns
[2023-11-15T23:14:38.023+0000][7][safepoint   ] Safepoint "Cleanup", Time since last: 2000308631 ns, Reaching safepoint: 93926 ns, At safepoint: 17726 ns, Total: 111652 ns
[2023-11-15T23:14:41.024+0000][7][safepoint   ] Safepoint "Cleanup", Time since last: 3000465119 ns, Reaching safepoint: 137278 ns, At safepoint: 14486 ns, Total: 151764 ns
[2023-11-15T23:14:49.912+0000][7][gc,start    ] GC(337) Pause Young (Prepare Mixed) (G1 Evacuation Pause)
[2023-11-15T23:14:49.912+0000][7][gc,task     ] GC(337) Using 8 workers of 8 for evacuation
[2023-11-15T23:14:49.913+0000][7][gc,age      ] GC(337) Desired survivor size 18874368 bytes, new threshold 15 (max threshold 15)
[2023-11-15T23:14:49.916+0000][7][gc,age      ] GC(337) Age table with threshold 15 (max threshold 15)
[2023-11-15T23:14:49.916+0000][7][gc,age      ] GC(337) - age   1:    2303488 bytes,    2303488 total
[2023-11-15T23:14:49.916+0000][7][gc,age      ] GC(337) - age   2:    1499088 bytes,    3802576 total
[2023-11-15T23:14:49.916+0000][7][gc,age      ] GC(337) - age   3:    2068256 bytes,    5870832 total
[2023-11-15T23:14:49.916+0000][7][gc,age      ] GC(337) - age   4:     482792 bytes,    6353624 total
[2023-11-15T23:14:49.916+0000][7][gc,age      ] GC(337) - age   5:      32856 bytes,    6386480 total
[2023-11-15T23:14:49.916+0000][7][gc,age      ] GC(337) - age   6:     300056 bytes,    6686536 total
[2023-11-15T23:14:49.916+0000][7][gc,age      ] GC(337) - age   7:     286152 bytes,    6972688 total
[2023-11-15T23:14:49.916+0000][7][gc,age      ] GC(337) - age   8:     333344 bytes,    7306032 total
[2023-11-15T23:14:49.916+0000][7][gc,phases   ] GC(337)   Pre Evacuate Collection Set: 0.1ms
[2023-11-15T23:14:49.916+0000][7][gc,phases   ] GC(337)   Merge Heap Roots: 0.1ms
[2023-11-15T23:14:49.916+0000][7][gc,phases   ] GC(337)   Evacuate Collection Set: 2.5ms
[2023-11-15T23:14:49.916+0000][7][gc,phases   ] GC(337)   Post Evacuate Collection Set: 0.6ms
[2023-11-15T23:14:49.916+0000][7][gc,phases   ] GC(337)   Other: 0.2ms
[2023-11-15T23:14:49.916+0000][7][gc,heap     ] GC(337) Eden regions: 63->0(4)
[2023-11-15T23:14:49.916+0000][7][gc,heap     ] GC(337) Survivor regions: 2->2(9)
[2023-11-15T23:14:49.916+0000][7][gc,heap     ] GC(337) Old regions: 34->34
[2023-11-15T23:14:49.916+0000][7][gc,heap     ] GC(337) Archive regions: 2->2
[2023-11-15T23:14:49.916+0000][7][gc,heap     ] GC(337) Humongous regions: 5->5
[2023-11-15T23:14:49.916+0000][7][gc,metaspace] GC(337) Metaspace: 117498K(119104K)->117498K(119104K) NonClass: 101996K(102976K)->101996K(102976K) Class: 15501K(16128K)->15501K(16128K)
[2023-11-15T23:14:49.916+0000][7][gc          ] GC(337) Pause Young (Prepare Mixed) (G1 Evacuation Pause) 413M->163M(512M) 3.464ms
[2023-11-15T23:14:49.916+0000][7][gc,cpu      ] GC(337) User=0.02s Sys=0.00s Real=0.01s
[2023-11-15T23:14:49.916+0000][7][safepoint   ] Safepoint "G1CollectForAllocation", Time since last: 8888459188 ns, Reaching safepoint: 420756 ns, At safepoint: 3566815 ns, Total: 3987571 ns
[2023-11-15T23:14:50.306+0000][7][gc,start    ] GC(338) Pause Young (Mixed) (G1 Evacuation Pause)
[2023-11-15T23:14:50.306+0000][7][gc,task     ] GC(338) Using 8 workers of 8 for evacuation
[2023-11-15T23:14:50.306+0000][7][gc,age      ] GC(338) Desired survivor size 2097152 bytes, new threshold 1 (max threshold 15)
[2023-11-15T23:14:50.319+0000][7][gc,age      ] GC(338) Age table with threshold 1 (max threshold 15)
[2023-11-15T23:14:50.319+0000][7][gc,age      ] GC(338) - age   1:     421736 bytes,     421736 total
[2023-11-15T23:14:50.319+0000][7][gc,phases   ] GC(338)   Pre Evacuate Collection Set: 0.1ms
[2023-11-15T23:14:50.319+0000][7][gc,phases   ] GC(338)   Merge Heap Roots: 0.0ms
[2023-11-15T23:14:50.319+0000][7][gc,phases   ] GC(338)   Evacuate Collection Set: 11.4ms
[2023-11-15T23:14:50.319+0000][7][gc,phases   ] GC(338)   Post Evacuate Collection Set: 0.5ms
[2023-11-15T23:14:50.319+0000][7][gc,phases   ] GC(338)   Other: 0.2ms
[2023-11-15T23:14:50.319+0000][7][gc,heap     ] GC(338) Eden regions: 4->0(63)
[2023-11-15T23:14:50.319+0000][7][gc,heap     ] GC(338) Survivor regions: 2->1(1)
[2023-11-15T23:14:50.319+0000][7][gc,heap     ] GC(338) Old regions: 34->35
[2023-11-15T23:14:50.319+0000][7][gc,heap     ] GC(338) Archive regions: 2->2
[2023-11-15T23:14:50.319+0000][7][gc,heap     ] GC(338) Humongous regions: 5->5
[2023-11-15T23:14:50.319+0000][7][gc,metaspace] GC(338) Metaspace: 117498K(119104K)->117498K(119104K) NonClass: 101996K(102976K)->101996K(102976K) Class: 15501K(16128K)->15501K(16128K)
[2023-11-15T23:14:50.319+0000][7][gc          ] GC(338) Pause Young (Mixed) (G1 Evacuation Pause) 179M->161M(512M) 12.257ms
[2023-11-15T23:14:50.319+0000][7][gc,cpu      ] GC(338) User=0.02s Sys=0.01s Real=0.01s
[2023-11-15T23:14:50.319+0000][7][safepoint   ] Safepoint "G1CollectForAllocation", Time since last: 390287879 ns, Reaching safepoint: 81456 ns, At safepoint: 12350779 ns, Total: 12432235 ns
[2023-11-15T23:15:05.435+0000][7][gc,start    ] GC(339) Pause Young (Normal) (G1 Evacuation Pause)
[2023-11-15T23:15:05.435+0000][7][gc,task     ] GC(339) Using 8 workers of 8 for evacuation
[2023-11-15T23:15:05.435+0000][7][gc,age      ] GC(339) Desired survivor size 16777216 bytes, new threshold 15 (max threshold 15)
[2023-11-15T23:15:05.438+0000][7][gc,age      ] GC(339) Age table with threshold 15 (max threshold 15)
[2023-11-15T23:15:05.438+0000][7][gc,age      ] GC(339) - age   1:    2207304 bytes,    2207304 total
[2023-11-15T23:15:05.438+0000][7][gc,age      ] GC(339) - age   2:      81712 bytes,    2289016 total
[2023-11-15T23:15:05.438+0000][7][gc,phases   ] GC(339)   Pre Evacuate Collection Set: 0.1ms
[2023-11-15T23:15:05.438+0000][7][gc,phases   ] GC(339)   Merge Heap Roots: 0.1ms
[2023-11-15T23:15:05.438+0000][7][gc,phases   ] GC(339)   Evacuate Collection Set: 2.1ms
[2023-11-15T23:15:05.438+0000][7][gc,phases   ] GC(339)   Post Evacuate Collection Set: 0.6ms
[2023-11-15T23:15:05.438+0000][7][gc,phases   ] GC(339)   Other: 0.2ms
[2023-11-15T23:15:05.438+0000][7][gc,heap     ] GC(339) Eden regions: 63->0(63)
[2023-11-15T23:15:05.438+0000][7][gc,heap     ] GC(339) Survivor regions: 1->1(8)
[2023-11-15T23:15:05.438+0000][7][gc,heap     ] GC(339) Old regions: 35->35
[2023-11-15T23:15:05.438+0000][7][gc,heap     ] GC(339) Archive regions: 2->2
[2023-11-15T23:15:05.438+0000][7][gc,heap     ] GC(339) Humongous regions: 5->5
[2023-11-15T23:15:05.438+0000][7][gc,metaspace] GC(339) Metaspace: 117498K(119104K)->117498K(119104K) NonClass: 101996K(102976K)->101996K(102976K) Class: 15501K(16128K)->15501K(16128K)
[2023-11-15T23:15:05.438+0000][7][gc          ] GC(339) Pause Young (Normal) (G1 Evacuation Pause) 413M->163M(512M) 3.074ms
[2023-11-15T23:15:05.438+0000][7][gc,cpu      ] GC(339) User=0.02s Sys=0.00s Real=0.00s
[2023-11-15T23:15:05.438+0000][7][safepoint   ] Safepoint "G1CollectForAllocation", Time since last: 15115829606 ns, Reaching safepoint: 72962 ns, At safepoint: 3172313 ns, Total: 3245275 ns
[2023-11-15T23:15:22.285+0000][7][gc,start    ] GC(340) Pause Young (Normal) (G1 Evacuation Pause)
[2023-11-15T23:15:22.287+0000][7][gc,task     ] GC(340) Using 8 workers of 8 for evacuation
[2023-11-15T23:15:22.287+0000][7][gc,age      ] GC(340) Desired survivor size 16777216 bytes, new threshold 15 (max threshold 15)
[2023-11-15T23:15:22.289+0000][7][gc,age      ] GC(340) Age table with threshold 15 (max threshold 15)
[2023-11-15T23:15:22.289+0000][7][gc,age      ] GC(340) - age   1:    2265432 bytes,    2265432 total
[2023-11-15T23:15:22.289+0000][7][gc,age      ] GC(340) - age   2:     327200 bytes,    2592632 total
[2023-11-15T23:15:22.289+0000][7][gc,age      ] GC(340) - age   3:      37448 bytes,    2630080 total
[2023-11-15T23:15:22.289+0000][7][gc,phases   ] GC(340)   Pre Evacuate Collection Set: 0.1ms
[2023-11-15T23:15:22.289+0000][7][gc,phases   ] GC(340)   Merge Heap Roots: 0.0ms
[2023-11-15T23:15:22.289+0000][7][gc,phases   ] GC(340)   Evacuate Collection Set: 1.3ms
[2023-11-15T23:15:22.289+0000][7][gc,phases   ] GC(340)   Post Evacuate Collection Set: 0.5ms
[2023-11-15T23:15:22.289+0000][7][gc,phases   ] GC(340)   Other: 1.4ms
[2023-11-15T23:15:22.289+0000][7][gc,heap     ] GC(340) Eden regions: 63->0(63)
[2023-11-15T23:15:22.289+0000][7][gc,heap     ] GC(340) Survivor regions: 1->1(8)
[2023-11-15T23:15:22.289+0000][7][gc,heap     ] GC(340) Old regions: 35->35
[2023-11-15T23:15:22.289+0000][7][gc,heap     ] GC(340) Archive regions: 2->2
[2023-11-15T23:15:22.289+0000][7][gc,heap     ] GC(340) Humongous regions: 5->5
[2023-11-15T23:15:22.289+0000][7][gc,metaspace] GC(340) Metaspace: 117498K(119104K)->117498K(119104K) NonClass: 101996K(102976K)->101996K(102976K) Class: 15501K(16128K)->15501K(16128K)
[2023-11-15T23:15:22.289+0000][7][gc          ] GC(340) Pause Young (Normal) (G1 Evacuation Pause) 415M->163M(512M) 3.353ms
[2023-11-15T23:15:22.289+0000][7][gc,cpu      ] GC(340) User=0.01s Sys=0.00s Real=0.00s
[2023-11-15T23:15:22.289+0000][7][safepoint   ] Safepoint "G1CollectForAllocation", Time since last: 16847444761 ns, Reaching safepoint: 35205 ns, At safepoint: 3436914 ns, Total: 3472119 ns
[2023-11-15T23:15:37.698+0000][7][gc,start    ] GC(341) Pause Young (Concurrent Start) (G1 Evacuation Pause)
[2023-11-15T23:15:37.698+0000][7][gc,task     ] GC(341) Using 8 workers of 8 for evacuation
[2023-11-15T23:15:37.698+0000][7][gc,age      ] GC(341) Desired survivor size 16777216 bytes, new threshold 15 (max threshold 15)
[2023-11-15T23:15:37.703+0000][7][gc,age      ] GC(341) Age table with threshold 15 (max threshold 15)
[2023-11-15T23:15:37.703+0000][7][gc,age      ] GC(341) - age   1:    3813640 bytes,    3813640 total
[2023-11-15T23:15:37.703+0000][7][gc,age      ] GC(341) - age   2:    1441760 bytes,    5255400 total
[2023-11-15T23:15:37.703+0000][7][gc,age      ] GC(341) - age   3:     309816 bytes,    5565216 total
[2023-11-15T23:15:37.703+0000][7][gc,age      ] GC(341) - age   4:      37384 bytes,    5602600 total
[2023-11-15T23:15:37.703+0000][7][gc,phases   ] GC(341)   Pre Evacuate Collection Set: 0.3ms
[2023-11-15T23:15:37.703+0000][7][gc,phases   ] GC(341)   Merge Heap Roots: 0.1ms
[2023-11-15T23:15:37.703+0000][7][gc,phases   ] GC(341)   Evacuate Collection Set: 3.6ms
[2023-11-15T23:15:37.703+0000][7][gc,phases   ] GC(341)   Post Evacuate Collection Set: 1.3ms
[2023-11-15T23:15:37.703+0000][7][gc,phases   ] GC(341)   Other: 0.5ms
[2023-11-15T23:15:37.703+0000][7][gc,heap     ] GC(341) Eden regions: 63->0(61)
[2023-11-15T23:15:37.704+0000][7][gc,heap     ] GC(341) Survivor regions: 1->2(8)
[2023-11-15T23:15:37.704+0000][7][gc,heap     ] GC(341) Old regions: 35->35
[2023-11-15T23:15:37.704+0000][7][gc,heap     ] GC(341) Archive regions: 2->2
[2023-11-15T23:15:37.704+0000][7][gc,heap     ] GC(341) Humongous regions: 5->5
[2023-11-15T23:15:37.704+0000][7][gc,metaspace] GC(341) Metaspace: 117501K(119104K)->117501K(119104K) NonClass: 102000K(102976K)->102000K(102976K) Class: 15501K(16128K)->15501K(16128K)
[2023-11-15T23:15:37.704+0000][7][gc          ] GC(341) Pause Young (Concurrent Start) (G1 Evacuation Pause) 415M->166M(512M) 6.009ms
[2023-11-15T23:15:37.704+0000][7][gc,cpu      ] GC(341) User=0.03s Sys=0.00s Real=0.00s
[2023-11-15T23:15:37.704+0000][7][safepoint   ] Safepoint "G1CollectForAllocation", Time since last: 15408761362 ns, Reaching safepoint: 68085 ns, At safepoint: 6198253 ns, Total: 6266338 ns
[2023-11-15T23:15:37.704+0000][7][gc          ] GC(342) Concurrent Mark Cycle
[2023-11-15T23:15:37.704+0000][7][gc,marking  ] GC(342) Concurrent Clear Claimed Marks
[2023-11-15T23:15:37.704+0000][7][gc,marking  ] GC(342) Concurrent Clear Claimed Marks 0.168ms
[2023-11-15T23:15:37.704+0000][7][gc,marking  ] GC(342) Concurrent Scan Root Regions
[2023-11-15T23:15:37.707+0000][7][gc,marking  ] GC(342) Concurrent Scan Root Regions 2.558ms
[2023-11-15T23:15:37.707+0000][7][gc,marking  ] GC(342) Concurrent Mark
[2023-11-15T23:15:37.707+0000][7][gc,marking  ] GC(342) Concurrent Mark From Roots
[2023-11-15T23:15:37.707+0000][7][gc,task     ] GC(342) Using 2 workers of 2 for marking
[2023-11-15T23:15:37.784+0000][7][gc,marking  ] GC(342) Concurrent Mark From Roots 77.819ms
[2023-11-15T23:15:37.784+0000][7][gc,marking  ] GC(342) Concurrent Preclean
[2023-11-15T23:15:37.785+0000][7][gc,marking  ] GC(342) Concurrent Preclean 0.256ms
[2023-11-15T23:15:37.785+0000][7][gc,start    ] GC(342) Pause Remark
[2023-11-15T23:15:37.791+0000][7][gc          ] GC(342) Pause Remark 169M->169M(512M) 5.807ms
[2023-11-15T23:15:37.791+0000][7][gc,cpu      ] GC(342) User=0.04s Sys=0.00s Real=0.00s
[2023-11-15T23:15:37.791+0000][7][safepoint   ] Safepoint "G1Concurrent", Time since last: 81082824 ns, Reaching safepoint: 25665 ns, At safepoint: 5905286 ns, Total: 5930951 ns
[2023-11-15T23:15:37.791+0000][7][gc,marking  ] GC(342) Concurrent Mark 84.143ms
[2023-11-15T23:15:37.791+0000][7][gc,marking  ] GC(342) Concurrent Rebuild Remembered Sets
[2023-11-15T23:15:37.822+0000][7][gc,marking  ] GC(342) Concurrent Rebuild Remembered Sets 31.732ms
[2023-11-15T23:15:37.823+0000][7][gc,start    ] GC(342) Pause Cleanup
[2023-11-15T23:15:37.823+0000][7][gc          ] GC(342) Pause Cleanup 169M->169M(512M) 0.082ms
[2023-11-15T23:15:37.823+0000][7][gc,cpu      ] GC(342) User=0.00s Sys=0.00s Real=0.00s
[2023-11-15T23:15:37.823+0000][7][safepoint   ] Safepoint "G1Concurrent", Time since last: 31847159 ns, Reaching safepoint: 19401 ns, At safepoint: 118714 ns, Total: 138115 ns
[2023-11-15T23:15:37.823+0000][7][gc,marking  ] GC(342) Concurrent Cleanup for Next Mark
[2023-11-15T23:15:37.823+0000][7][gc,marking  ] GC(342) Concurrent Cleanup for Next Mark 0.361ms
[2023-11-15T23:15:37.823+0000][7][gc          ] GC(342) Concurrent Mark Cycle 119.463ms
[2023-11-15T23:15:46.824+0000][7][safepoint   ] Safepoint "Cleanup", Time since last: 9001210381 ns, Reaching safepoint: 138953 ns, At safepoint: 15310 ns, Total: 154263 ns
[2023-11-15T23:15:52.645+0000][7][gc,start    ] GC(343) Pause Young (Prepare Mixed) (G1 Evacuation Pause)
[2023-11-15T23:15:52.645+0000][7][gc,task     ] GC(343) Using 8 workers of 8 for evacuation
[2023-11-15T23:15:52.645+0000][7][gc,age      ] GC(343) Desired survivor size 16777216 bytes, new threshold 15 (max threshold 15)
[2023-11-15T23:15:52.651+0000][7][gc,age      ] GC(343) Age table with threshold 15 (max threshold 15)
[2023-11-15T23:15:52.651+0000][7][gc,age      ] GC(343) - age   1:     941512 bytes,     941512 total
[2023-11-15T23:15:52.651+0000][7][gc,age      ] GC(343) - age   2:    3003736 bytes,    3945248 total
[2023-11-15T23:15:52.651+0000][7][gc,age      ] GC(343) - age   3:    1440048 bytes,    5385296 total
[2023-11-15T23:15:52.651+0000][7][gc,age      ] GC(343) - age   4:     307560 bytes,    5692856 total
[2023-11-15T23:15:52.651+0000][7][gc,age      ] GC(343) - age   5:      33488 bytes,    5726344 total
[2023-11-15T23:15:52.651+0000][7][gc,phases   ] GC(343)   Pre Evacuate Collection Set: 0.2ms
[2023-11-15T23:15:52.651+0000][7][gc,phases   ] GC(343)   Merge Heap Roots: 0.2ms
[2023-11-15T23:15:52.651+0000][7][gc,phases   ] GC(343)   Evacuate Collection Set: 4.0ms
[2023-11-15T23:15:52.651+0000][7][gc,phases   ] GC(343)   Post Evacuate Collection Set: 1.4ms
[2023-11-15T23:15:52.651+0000][7][gc,phases   ] GC(343)   Other: 0.5ms
[2023-11-15T23:15:52.651+0000][7][gc,heap     ] GC(343) Eden regions: 61->0(4)
[2023-11-15T23:15:52.651+0000][7][gc,heap     ] GC(343) Survivor regions: 2->2(8)
[2023-11-15T23:15:52.651+0000][7][gc,heap     ] GC(343) Old regions: 35->35
[2023-11-15T23:15:52.651+0000][7][gc,heap     ] GC(343) Archive regions: 2->2
[2023-11-15T23:15:52.651+0000][7][gc,heap     ] GC(343) Humongous regions: 5->5
[2023-11-15T23:15:52.651+0000][7][gc,metaspace] GC(343) Metaspace: 117501K(119104K)->117501K(119104K) NonClass: 102000K(102976K)->102000K(102976K) Class: 15501K(16128K)->15501K(16128K)
[2023-11-15T23:15:52.651+0000][7][gc          ] GC(343) Pause Young (Prepare Mixed) (G1 Evacuation Pause) 410M->166M(512M) 6.473ms
[2023-11-15T23:15:52.651+0000][7][gc,cpu      ] GC(343) User=0.03s Sys=0.00s Real=0.00s
[2023-11-15T23:15:52.651+0000][7][safepoint   ] Safepoint "G1CollectForAllocation", Time since last: 5820502108 ns, Reaching safepoint: 208292 ns, At safepoint: 6666565 ns, Total: 6874857 ns
[2023-11-15T23:15:53.126+0000][7][gc,start    ] GC(344) Pause Young (Mixed) (G1 Evacuation Pause)
[2023-11-15T23:15:53.126+0000][7][gc,task     ] GC(344) Using 8 workers of 8 for evacuation
[2023-11-15T23:15:53.126+0000][7][gc,age      ] GC(344) Desired survivor size 2097152 bytes, new threshold 2 (max threshold 15)
[2023-11-15T23:15:53.129+0000][7][gc,age      ] GC(344) Age table with threshold 2 (max threshold 15)
[2023-11-15T23:15:53.129+0000][7][gc,age      ] GC(344) - age   1:     620336 bytes,     620336 total
[2023-11-15T23:15:53.129+0000][7][gc,age      ] GC(344) - age   2:     802080 bytes,    1422416 total
[2023-11-15T23:15:53.129+0000][7][gc,phases   ] GC(344)   Pre Evacuate Collection Set: 0.1ms
[2023-11-15T23:15:53.129+0000][7][gc,phases   ] GC(344)   Merge Heap Roots: 0.0ms
[2023-11-15T23:15:53.129+0000][7][gc,phases   ] GC(344)   Evacuate Collection Set: 2.1ms
[2023-11-15T23:15:53.129+0000][7][gc,phases   ] GC(344)   Post Evacuate Collection Set: 0.5ms
[2023-11-15T23:15:53.129+0000][7][gc,phases   ] GC(344)   Other: 0.2ms
[2023-11-15T23:15:53.129+0000][7][gc,heap     ] GC(344) Eden regions: 4->0(62)
[2023-11-15T23:15:53.129+0000][7][gc,heap     ] GC(344) Survivor regions: 2->1(1)
[2023-11-15T23:15:53.129+0000][7][gc,heap     ] GC(344) Old regions: 35->35
[2023-11-15T23:15:53.129+0000][7][gc,heap     ] GC(344) Archive regions: 2->2
[2023-11-15T23:15:53.129+0000][7][gc,heap     ] GC(344) Humongous regions: 5->5
[2023-11-15T23:15:53.129+0000][7][gc,metaspace] GC(344) Metaspace: 117501K(119104K)->117501K(119104K) NonClass: 102000K(102976K)->102000K(102976K) Class: 15501K(16128K)->15501K(16128K)
[2023-11-15T23:15:53.129+0000][7][gc          ] GC(344) Pause Young (Mixed) (G1 Evacuation Pause) 182M->163M(512M) 2.987ms
[2023-11-15T23:15:53.129+0000][7][gc,cpu      ] GC(344) User=0.01s Sys=0.00s Real=0.00s
[2023-11-15T23:15:53.129+0000][7][safepoint   ] Safepoint "G1CollectForAllocation", Time since last: 474301252 ns, Reaching safepoint: 27672 ns, At safepoint: 3094766 ns, Total: 3122438 ns
[2023-11-15T23:16:07.894+0000][7][gc,start    ] GC(345) Pause Young (Normal) (G1 Evacuation Pause)
[2023-11-15T23:16:07.894+0000][7][gc,task     ] GC(345) Using 8 workers of 8 for evacuation
[2023-11-15T23:16:07.894+0000][7][gc,age      ] GC(345) Desired survivor size 16777216 bytes, new threshold 15 (max threshold 15)
[2023-11-15T23:16:07.898+0000][7][gc,age      ] GC(345) Age table with threshold 15 (max threshold 15)
[2023-11-15T23:16:07.898+0000][7][gc,age      ] GC(345) - age   1:    1394624 bytes,    1394624 total
[2023-11-15T23:16:07.898+0000][7][gc,age      ] GC(345) - age   2:        544 bytes,    1395168 total
[2023-11-15T23:16:07.898+0000][7][gc,age      ] GC(345) - age   3:     236448 bytes,    1631616 total
[2023-11-15T23:16:07.898+0000][7][gc,phases   ] GC(345)   Pre Evacuate Collection Set: 0.1ms
[2023-11-15T23:16:07.898+0000][7][gc,phases   ] GC(345)   Merge Heap Roots: 0.1ms
[2023-11-15T23:16:07.898+0000][7][gc,phases   ] GC(345)   Evacuate Collection Set: 2.3ms
[2023-11-15T23:16:07.898+0000][7][gc,phases   ] GC(345)   Post Evacuate Collection Set: 0.7ms
[2023-11-15T23:16:07.898+0000][7][gc,phases   ] GC(345)   Other: 0.3ms
[2023-11-15T23:16:07.898+0000][7][gc,heap     ] GC(345) Eden regions: 62->0(63)
[2023-11-15T23:16:07.898+0000][7][gc,heap     ] GC(345) Survivor regions: 1->1(8)
[2023-11-15T23:16:07.898+0000][7][gc,heap     ] GC(345) Old regions: 35->35
[2023-11-15T23:16:07.898+0000][7][gc,heap     ] GC(345) Archive regions: 2->2
[2023-11-15T23:16:07.898+0000][7][gc,heap     ] GC(345) Humongous regions: 5->5
[2023-11-15T23:16:07.898+0000][7][gc,metaspace] GC(345) Metaspace: 117501K(119104K)->117501K(119104K) NonClass: 102000K(102976K)->102000K(102976K) Class: 15501K(16128K)->15501K(16128K)
[2023-11-15T23:16:07.898+0000][7][gc          ] GC(345) Pause Young (Normal) (G1 Evacuation Pause) 411M->163M(512M) 3.814ms
[2023-11-15T23:16:07.898+0000][7][gc,cpu      ] GC(345) User=0.01s Sys=0.01s Real=0.01s
[2023-11-15T23:16:07.898+0000][7][safepoint   ] Safepoint "G1CollectForAllocation", Time since last: 14765100252 ns, Reaching safepoint: 73050 ns, At safepoint: 3972710 ns, Total: 4045760 ns
[2023-11-15T23:16:22.936+0000][7][gc,start    ] GC(346) Pause Young (Normal) (G1 Evacuation Pause)
[2023-11-15T23:16:22.936+0000][7][gc,task     ] GC(346) Using 8 workers of 8 for evacuation
[2023-11-15T23:16:22.936+0000][7][gc,age      ] GC(346) Desired survivor size 16777216 bytes, new threshold 15 (max threshold 15)
[2023-11-15T23:16:22.938+0000][7][gc,age      ] GC(346) Age table with threshold 15 (max threshold 15)
[2023-11-15T23:16:22.938+0000][7][gc,age      ] GC(346) - age   1:    2077728 bytes,    2077728 total
[2023-11-15T23:16:22.938+0000][7][gc,age      ] GC(346) - age   2:     449864 bytes,    2527592 total
[2023-11-15T23:16:22.938+0000][7][gc,age      ] GC(346) - age   3:        320 bytes,    2527912 total
[2023-11-15T23:16:22.938+0000][7][gc,age      ] GC(346) - age   4:     234704 bytes,    2762616 total
[2023-11-15T23:16:22.938+0000][7][gc,phases   ] GC(346)   Pre Evacuate Collection Set: 0.1ms
[2023-11-15T23:16:22.938+0000][7][gc,phases   ] GC(346)   Merge Heap Roots: 0.0ms
[2023-11-15T23:16:22.938+0000][7][gc,phases   ] GC(346)   Evacuate Collection Set: 1.5ms
[2023-11-15T23:16:22.939+0000][7][gc,phases   ] GC(346)   Post Evacuate Collection Set: 0.5ms
[2023-11-15T23:16:22.939+0000][7][gc,phases   ] GC(346)   Other: 0.2ms
[2023-11-15T23:16:22.939+0000][7][gc,heap     ] GC(346) Eden regions: 63->0(63)
[2023-11-15T23:16:22.939+0000][7][gc,heap     ] GC(346) Survivor regions: 1->1(8)
[2023-11-15T23:16:22.939+0000][7][gc,heap     ] GC(346) Old regions: 35->35
[2023-11-15T23:16:22.939+0000][7][gc,heap     ] GC(346) Archive regions: 2->2
[2023-11-15T23:16:22.939+0000][7][gc,heap     ] GC(346) Humongous regions: 5->5
[2023-11-15T23:16:22.939+0000][7][gc,metaspace] GC(346) Metaspace: 117502K(119104K)->117502K(119104K) NonClass: 102001K(102976K)->102001K(102976K) Class: 15501K(16128K)->15501K(16128K)
[2023-11-15T23:16:22.939+0000][7][gc          ] GC(346) Pause Young (Normal) (G1 Evacuation Pause) 415M->165M(512M) 2.290ms
[2023-11-15T23:16:22.939+0000][7][gc,cpu      ] GC(346) User=0.01s Sys=0.00s Real=0.00s
[2023-11-15T23:16:22.939+0000][7][safepoint   ] Safepoint "G1CollectForAllocation", Time since last: 15038143353 ns, Reaching safepoint: 34044 ns, At safepoint: 2379202 ns, Total: 2413246 ns
[2023-11-15T23:16:34.940+0000][7][safepoint   ] Safepoint "Cleanup", Time since last: 12001129341 ns, Reaching safepoint: 48658 ns, At safepoint: 7599 ns, Total: 56257 ns
[2023-11-15T23:16:37.890+0000][7][gc,start    ] GC(347) Pause Young (Concurrent Start) (G1 Evacuation Pause)
[2023-11-15T23:16:37.890+0000][7][gc,task     ] GC(347) Using 8 workers of 8 for evacuation
[2023-11-15T23:16:37.890+0000][7][gc,age      ] GC(347) Desired survivor size 16777216 bytes, new threshold 15 (max threshold 15)
[2023-11-15T23:16:37.894+0000][7][gc,age      ] GC(347) Age table with threshold 15 (max threshold 15)
[2023-11-15T23:16:37.894+0000][7][gc,age      ] GC(347) - age   1:    2891488 bytes,    2891488 total
[2023-11-15T23:16:37.894+0000][7][gc,age      ] GC(347) - age   2:     532704 bytes,    3424192 total
[2023-11-15T23:16:37.894+0000][7][gc,age      ] GC(347) - age   3:     293544 bytes,    3717736 total
[2023-11-15T23:16:37.894+0000][7][gc,age      ] GC(347) - age   4:        128 bytes,    3717864 total
[2023-11-15T23:16:37.894+0000][7][gc,age      ] GC(347) - age   5:     234160 bytes,    3952024 total
[2023-11-15T23:16:37.894+0000][7][gc,phases   ] GC(347)   Pre Evacuate Collection Set: 0.3ms
[2023-11-15T23:16:37.894+0000][7][gc,phases   ] GC(347)   Merge Heap Roots: 0.1ms
[2023-11-15T23:16:37.894+0000][7][gc,phases   ] GC(347)   Evacuate Collection Set: 2.9ms
[2023-11-15T23:16:37.894+0000][7][gc,phases   ] GC(347)   Post Evacuate Collection Set: 1.0ms
[2023-11-15T23:16:37.894+0000][7][gc,phases   ] GC(347)   Other: 0.4ms
[2023-11-15T23:16:37.894+0000][7][gc,heap     ] GC(347) Eden regions: 63->0(62)
[2023-11-15T23:16:37.894+0000][7][gc,heap     ] GC(347) Survivor regions: 1->1(8)
[2023-11-15T23:16:37.894+0000][7][gc,heap     ] GC(347) Old regions: 35->35
[2023-11-15T23:16:37.894+0000][7][gc,heap     ] GC(347) Archive regions: 2->2
[2023-11-15T23:16:37.894+0000][7][gc,heap     ] GC(347) Humongous regions: 5->5
[2023-11-15T23:16:37.894+0000][7][gc,metaspace] GC(347) Metaspace: 117505K(119104K)->117505K(119104K) NonClass: 102004K(102976K)->102004K(102976K) Class: 15501K(16128K)->15501K(16128K)
[2023-11-15T23:16:37.894+0000][7][gc          ] GC(347) Pause Young (Concurrent Start) (G1 Evacuation Pause) 417M->166M(512M) 4.791ms
[2023-11-15T23:16:37.894+0000][7][gc,cpu      ] GC(347) User=0.02s Sys=0.00s Real=0.00s
[2023-11-15T23:16:37.894+0000][7][gc          ] GC(348) Concurrent Mark Cycle
[2023-11-15T23:16:37.894+0000][7][safepoint   ] Safepoint "G1CollectForAllocation", Time since last: 2949602275 ns, Reaching safepoint: 65124 ns, At safepoint: 4956794 ns, Total: 5021918 ns
[2023-11-15T23:16:37.894+0000][7][gc,marking  ] GC(348) Concurrent Clear Claimed Marks
[2023-11-15T23:16:37.895+0000][7][gc,marking  ] GC(348) Concurrent Clear Claimed Marks 0.205ms
[2023-11-15T23:16:37.895+0000][7][gc,marking  ] GC(348) Concurrent Scan Root Regions
[2023-11-15T23:16:37.898+0000][7][gc,marking  ] GC(348) Concurrent Scan Root Regions 3.820ms
[2023-11-15T23:16:37.899+0000][7][gc,marking  ] GC(348) Concurrent Mark
[2023-11-15T23:16:37.899+0000][7][gc,marking  ] GC(348) Concurrent Mark From Roots
[2023-11-15T23:16:37.899+0000][7][gc,task     ] GC(348) Using 2 workers of 2 for marking
[2023-11-15T23:16:37.970+0000][7][gc,marking  ] GC(348) Concurrent Mark From Roots 71.850ms
[2023-11-15T23:16:37.970+0000][7][gc,marking  ] GC(348) Concurrent Preclean
[2023-11-15T23:16:37.971+0000][7][gc,marking  ] GC(348) Concurrent Preclean 0.158ms
[2023-11-15T23:16:37.971+0000][7][gc,start    ] GC(348) Pause Remark
[2023-11-15T23:16:37.976+0000][7][gc          ] GC(348) Pause Remark 174M->174M(512M) 5.400ms
[2023-11-15T23:16:37.976+0000][7][gc,cpu      ] GC(348) User=0.04s Sys=0.00s Real=0.01s
[2023-11-15T23:16:37.976+0000][7][safepoint   ] Safepoint "G1Concurrent", Time since last: 76208540 ns, Reaching safepoint: 20141 ns, At safepoint: 5474829 ns, Total: 5494970 ns
[2023-11-15T23:16:37.976+0000][7][gc,marking  ] GC(348) Concurrent Mark 77.574ms
[2023-11-15T23:16:37.976+0000][7][gc,marking  ] GC(348) Concurrent Rebuild Remembered Sets
[2023-11-15T23:16:38.008+0000][7][gc,marking  ] GC(348) Concurrent Rebuild Remembered Sets 32.268ms
[2023-11-15T23:16:38.008+0000][7][gc,start    ] GC(348) Pause Cleanup
[2023-11-15T23:16:38.009+0000][7][gc          ] GC(348) Pause Cleanup 174M->174M(512M) 0.152ms
[2023-11-15T23:16:38.009+0000][7][gc,cpu      ] GC(348) User=0.00s Sys=0.00s Real=0.00s
[2023-11-15T23:16:38.009+0000][7][safepoint   ] Safepoint "G1Concurrent", Time since last: 32376383 ns, Reaching safepoint: 20921 ns, At safepoint: 184110 ns, Total: 205031 ns
[2023-11-15T23:16:38.009+0000][7][gc,marking  ] GC(348) Concurrent Cleanup for Next Mark
[2023-11-15T23:16:38.009+0000][7][gc,marking  ] GC(348) Concurrent Cleanup for Next Mark 0.360ms
[2023-11-15T23:16:38.009+0000][7][gc          ] GC(348) Concurrent Mark Cycle 114.741ms
[2023-11-15T23:16:52.922+0000][7][gc,start    ] GC(349) Pause Young (Prepare Mixed) (G1 Evacuation Pause)
[2023-11-15T23:16:52.922+0000][7][gc,task     ] GC(349) Using 8 workers of 8 for evacuation
[2023-11-15T23:16:52.922+0000][7][gc,age      ] GC(349) Desired survivor size 16777216 bytes, new threshold 15 (max threshold 15)
[2023-11-15T23:16:52.924+0000][7][gc,age      ] GC(349) Age table with threshold 15 (max threshold 15)
[2023-11-15T23:16:52.924+0000][7][gc,age      ] GC(349) - age   1:    1141024 bytes,    1141024 total
[2023-11-15T23:16:52.924+0000][7][gc,age      ] GC(349) - age   2:    2309960 bytes,    3450984 total
[2023-11-15T23:16:52.924+0000][7][gc,age      ] GC(349) - age   3:     402528 bytes,    3853512 total
[2023-11-15T23:16:52.924+0000][7][gc,age      ] GC(349) - age   4:     292496 bytes,    4146008 total
[2023-11-15T23:16:52.924+0000][7][gc,age      ] GC(349) - age   6:     233712 bytes,    4379720 total
[2023-11-15T23:16:52.924+0000][7][gc,phases   ] GC(349)   Pre Evacuate Collection Set: 0.1ms
[2023-11-15T23:16:52.924+0000][7][gc,phases   ] GC(349)   Merge Heap Roots: 0.1ms
[2023-11-15T23:16:52.924+0000][7][gc,phases   ] GC(349)   Evacuate Collection Set: 1.7ms
[2023-11-15T23:16:52.924+0000][7][gc,phases   ] GC(349)   Post Evacuate Collection Set: 0.5ms
[2023-11-15T23:16:52.924+0000][7][gc,phases   ] GC(349)   Other: 0.2ms
[2023-11-15T23:16:52.924+0000][7][gc,heap     ] GC(349) Eden regions: 62->0(4)
[2023-11-15T23:16:52.924+0000][7][gc,heap     ] GC(349) Survivor regions: 1->2(8)
[2023-11-15T23:16:52.924+0000][7][gc,heap     ] GC(349) Old regions: 35->35
[2023-11-15T23:16:52.924+0000][7][gc,heap     ] GC(349) Archive regions: 2->2
[2023-11-15T23:16:52.924+0000][7][gc,heap     ] GC(349) Humongous regions: 5->5
[2023-11-15T23:16:52.924+0000][7][gc,metaspace] GC(349) Metaspace: 117505K(119104K)->117505K(119104K) NonClass: 102004K(102976K)->102004K(102976K) Class: 15501K(16128K)->15501K(16128K)
[2023-11-15T23:16:52.925+0000][7][gc          ] GC(349) Pause Young (Prepare Mixed) (G1 Evacuation Pause) 414M->166M(512M) 2.684ms
[2023-11-15T23:16:52.925+0000][7][gc,cpu      ] GC(349) User=0.01s Sys=0.01s Real=0.01s
[2023-11-15T23:16:52.925+0000][7][safepoint   ] Safepoint "G1CollectForAllocation", Time since last: 14912998791 ns, Reaching safepoint: 117072 ns, At safepoint: 2768406 ns, Total: 2885478 ns
[2023-11-15T23:16:53.677+0000][7][gc,start    ] GC(350) Pause Young (Mixed) (G1 Evacuation Pause)
[2023-11-15T23:16:53.677+0000][7][gc,task     ] GC(350) Using 8 workers of 8 for evacuation
[2023-11-15T23:16:53.678+0000][7][gc,age      ] GC(350) Desired survivor size 2097152 bytes, new threshold 2 (max threshold 15)
[2023-11-15T23:16:53.689+0000][7][gc,age      ] GC(350) Age table with threshold 2 (max threshold 15)
[2023-11-15T23:16:53.689+0000][7][gc,age      ] GC(350) - age   1:     545200 bytes,     545200 total
[2023-11-15T23:16:53.689+0000][7][gc,age      ] GC(350) - age   2:     707144 bytes,    1252344 total
[2023-11-15T23:16:53.689+0000][7][gc,phases   ] GC(350)   Pre Evacuate Collection Set: 0.1ms
[2023-11-15T23:16:53.689+0000][7][gc,phases   ] GC(350)   Merge Heap Roots: 0.0ms
[2023-11-15T23:16:53.689+0000][7][gc,phases   ] GC(350)   Evacuate Collection Set: 10.9ms
[2023-11-15T23:16:53.689+0000][7][gc,phases   ] GC(350)   Post Evacuate Collection Set: 0.6ms
[2023-11-15T23:16:53.689+0000][7][gc,phases   ] GC(350)   Other: 0.2ms
[2023-11-15T23:16:53.689+0000][7][gc,heap     ] GC(350) Eden regions: 4->0(63)
[2023-11-15T23:16:53.689+0000][7][gc,heap     ] GC(350) Survivor regions: 2->1(1)
[2023-11-15T23:16:53.689+0000][7][gc,heap     ] GC(350) Old regions: 35->35
[2023-11-15T23:16:53.689+0000][7][gc,heap     ] GC(350) Archive regions: 2->2
[2023-11-15T23:16:53.689+0000][7][gc,heap     ] GC(350) Humongous regions: 5->5
[2023-11-15T23:16:53.689+0000][7][gc,metaspace] GC(350) Metaspace: 117505K(119104K)->117505K(119104K) NonClass: 102004K(102976K)->102004K(102976K) Class: 15501K(16128K)->15501K(16128K)
[2023-11-15T23:16:53.689+0000][7][gc          ] GC(350) Pause Young (Mixed) (G1 Evacuation Pause) 182M->164M(512M) 11.846ms
[2023-11-15T23:16:53.689+0000][7][gc,cpu      ] GC(350) User=0.02s Sys=0.00s Real=0.01s
[2023-11-15T23:16:53.689+0000][7][safepoint   ] Safepoint "G1CollectForAllocation", Time since last: 752839786 ns, Reaching safepoint: 27090 ns, At safepoint: 11929624 ns, Total: 11956714 ns
[2023-11-15T23:17:06.691+0000][7][safepoint   ] Safepoint "Cleanup", Time since last: 13001479673 ns, Reaching safepoint: 54148 ns, At safepoint: 6081 ns, Total: 60229 ns
[2023-11-15T23:17:10.670+0000][7][gc,start    ] GC(351) Pause Young (Normal) (G1 Evacuation Pause)
[2023-11-15T23:17:10.670+0000][7][gc,task     ] GC(351) Using 8 workers of 8 for evacuation
[2023-11-15T23:17:10.670+0000][7][gc,age      ] GC(351) Desired survivor size 16777216 bytes, new threshold 15 (max threshold 15)
[2023-11-15T23:17:10.674+0000][7][gc,age      ] GC(351) Age table with threshold 15 (max threshold 15)
[2023-11-15T23:17:10.674+0000][7][gc,age      ] GC(351) - age   1:    2820224 bytes,    2820224 total
[2023-11-15T23:17:10.674+0000][7][gc,age      ] GC(351) - age   2:      95504 bytes,    2915728 total
[2023-11-15T23:17:10.674+0000][7][gc,age      ] GC(351) - age   3:     692264 bytes,    3607992 total
[2023-11-15T23:17:10.674+0000][7][gc,phases   ] GC(351)   Pre Evacuate Collection Set: 0.1ms
[2023-11-15T23:17:10.674+0000][7][gc,phases   ] GC(351)   Merge Heap Roots: 0.1ms
[2023-11-15T23:17:10.674+0000][7][gc,phases   ] GC(351)   Evacuate Collection Set: 2.4ms
[2023-11-15T23:17:10.674+0000][7][gc,phases   ] GC(351)   Post Evacuate Collection Set: 0.8ms
[2023-11-15T23:17:10.674+0000][7][gc,phases   ] GC(351)   Other: 0.3ms
[2023-11-15T23:17:10.674+0000][7][gc,heap     ] GC(351) Eden regions: 63->0(62)
[2023-11-15T23:17:10.674+0000][7][gc,heap     ] GC(351) Survivor regions: 1->1(8)
[2023-11-15T23:17:10.674+0000][7][gc,heap     ] GC(351) Old regions: 35->35
[2023-11-15T23:17:10.674+0000][7][gc,heap     ] GC(351) Archive regions: 2->2
[2023-11-15T23:17:10.674+0000][7][gc,heap     ] GC(351) Humongous regions: 5->5
[2023-11-15T23:17:10.674+0000][7][gc,metaspace] GC(351) Metaspace: 117505K(119104K)->117505K(119104K) NonClass: 102004K(102976K)->102004K(102976K) Class: 15501K(16128K)->15501K(16128K)
[2023-11-15T23:17:10.674+0000][7][gc          ] GC(351) Pause Young (Normal) (G1 Evacuation Pause) 416M->166M(512M) 3.865ms
[2023-11-15T23:17:10.674+0000][7][gc,cpu      ] GC(351) User=0.02s Sys=0.00s Real=0.00s
[2023-11-15T23:17:10.674+0000][7][safepoint   ] Safepoint "G1CollectForAllocation", Time since last: 3978936251 ns, Reaching safepoint: 66727 ns, At safepoint: 4021704 ns, Total: 4088431 ns
[2023-11-15T23:17:14.674+0000][7][safepoint   ] Safepoint "Cleanup", Time since last: 4000417706 ns, Reaching safepoint: 84363 ns, At safepoint: 11332 ns, Total: 95695 ns
[2023-11-15T23:17:23.676+0000][7][safepoint   ] Safepoint "Cleanup", Time since last: 9001337981 ns, Reaching safepoint: 100562 ns, At safepoint: 13418 ns, Total: 113980 ns
[2023-11-15T23:17:23.934+0000][7][gc,start    ] GC(352) Pause Young (Normal) (G1 Evacuation Pause)
[2023-11-15T23:17:23.934+0000][7][gc,task     ] GC(352) Using 8 workers of 8 for evacuation
[2023-11-15T23:17:23.934+0000][7][gc,age      ] GC(352) Desired survivor size 16777216 bytes, new threshold 15 (max threshold 15)
[2023-11-15T23:17:23.940+0000][7][gc,age      ] GC(352) Age table with threshold 15 (max threshold 15)
[2023-11-15T23:17:23.940+0000][7][gc,age      ] GC(352) - age   1:    3342408 bytes,    3342408 total
[2023-11-15T23:17:23.940+0000][7][gc,age      ] GC(352) - age   2:     688720 bytes,    4031128 total
[2023-11-15T23:17:23.940+0000][7][gc,age      ] GC(352) - age   3:       1952 bytes,    4033080 total
[2023-11-15T23:17:23.940+0000][7][gc,age      ] GC(352) - age   4:     675640 bytes,    4708720 total
[2023-11-15T23:17:23.940+0000][7][gc,phases   ] GC(352)   Pre Evacuate Collection Set: 0.2ms
[2023-11-15T23:17:23.940+0000][7][gc,phases   ] GC(352)   Merge Heap Roots: 0.2ms
[2023-11-15T23:17:23.940+0000][7][gc,phases   ] GC(352)   Evacuate Collection Set: 4.0ms
[2023-11-15T23:17:23.940+0000][7][gc,phases   ] GC(352)   Post Evacuate Collection Set: 1.5ms
[2023-11-15T23:17:23.940+0000][7][gc,phases   ] GC(352)   Other: 0.5ms
[2023-11-15T23:17:23.940+0000][7][gc,heap     ] GC(352) Eden regions: 62->0(61)
[2023-11-15T23:17:23.940+0000][7][gc,heap     ] GC(352) Survivor regions: 1->2(8)
[2023-11-15T23:17:23.940+0000][7][gc,heap     ] GC(352) Old regions: 35->35
[2023-11-15T23:17:23.941+0000][7][gc,heap     ] GC(352) Archive regions: 2->2
[2023-11-15T23:17:23.941+0000][7][gc,heap     ] GC(352) Humongous regions: 5->5
[2023-11-15T23:17:23.941+0000][7][gc,metaspace] GC(352) Metaspace: 117505K(119104K)->117505K(119104K) NonClass: 102004K(102976K)->102004K(102976K) Class: 15501K(16128K)->15501K(16128K)
[2023-11-15T23:17:23.941+0000][7][gc          ] GC(352) Pause Young (Normal) (G1 Evacuation Pause) 414M->168M(512M) 6.696ms
[2023-11-15T23:17:23.941+0000][7][gc,cpu      ] GC(352) User=0.03s Sys=0.00s Real=0.01s
[2023-11-15T23:17:23.941+0000][7][safepoint   ] Safepoint "G1CollectForAllocation", Time since last: 257911386 ns, Reaching safepoint: 79692 ns, At safepoint: 6898307 ns, Total: 6977999 ns
[2023-11-15T23:17:35.942+0000][7][safepoint   ] Safepoint "Cleanup", Time since last: 12001222686 ns, Reaching safepoint: 193217 ns, At safepoint: 27520 ns, Total: 220737 ns
[2023-11-15T23:17:37.914+0000][7][gc,start    ] GC(353) Pause Young (Concurrent Start) (G1 Evacuation Pause)
[2023-11-15T23:17:37.914+0000][7][gc,task     ] GC(353) Using 8 workers of 8 for evacuation
[2023-11-15T23:17:37.914+0000][7][gc,age      ] GC(353) Desired survivor size 16777216 bytes, new threshold 15 (max threshold 15)
[2023-11-15T23:17:37.920+0000][7][gc,age      ] GC(353) Age table with threshold 15 (max threshold 15)
[2023-11-15T23:17:37.920+0000][7][gc,age      ] GC(353) - age   1:     902928 bytes,     902928 total
[2023-11-15T23:17:37.920+0000][7][gc,age      ] GC(353) - age   2:    1832456 bytes,    2735384 total
[2023-11-15T23:17:37.920+0000][7][gc,age      ] GC(353) - age   3:     664328 bytes,    3399712 total
[2023-11-15T23:17:37.920+0000][7][gc,age      ] GC(353) - age   4:        248 bytes,    3399960 total
[2023-11-15T23:17:37.920+0000][7][gc,age      ] GC(353) - age   5:     550552 bytes,    3950512 total
[2023-11-15T23:17:37.920+0000][7][gc,phases   ] GC(353)   Pre Evacuate Collection Set: 0.3ms
[2023-11-15T23:17:37.920+0000][7][gc,phases   ] GC(353)   Merge Heap Roots: 0.1ms
[2023-11-15T23:17:37.920+0000][7][gc,phases   ] GC(353)   Evacuate Collection Set: 4.0ms
[2023-11-15T23:17:37.920+0000][7][gc,phases   ] GC(353)   Post Evacuate Collection Set: 1.1ms
[2023-11-15T23:17:37.920+0000][7][gc,phases   ] GC(353)   Other: 0.5ms
[2023-11-15T23:17:37.920+0000][7][gc,heap     ] GC(353) Eden regions: 61->0(62)
[2023-11-15T23:17:37.920+0000][7][gc,heap     ] GC(353) Survivor regions: 2->1(8)
[2023-11-15T23:17:37.920+0000][7][gc,heap     ] GC(353) Old regions: 35->35
[2023-11-15T23:17:37.920+0000][7][gc,heap     ] GC(353) Archive regions: 2->2
[2023-11-15T23:17:37.920+0000][7][gc,heap     ] GC(353) Humongous regions: 5->5
[2023-11-15T23:17:37.920+0000][7][gc,metaspace] GC(353) Metaspace: 117505K(119104K)->117505K(119104K) NonClass: 102004K(102976K)->102004K(102976K) Class: 15501K(16128K)->15501K(16128K)
[2023-11-15T23:17:37.920+0000][7][gc          ] GC(353) Pause Young (Concurrent Start) (G1 Evacuation Pause) 412M->167M(512M) 6.138ms
[2023-11-15T23:17:37.920+0000][7][gc,cpu      ] GC(353) User=0.02s Sys=0.01s Real=0.01s
[2023-11-15T23:17:37.920+0000][7][safepoint   ] Safepoint "G1CollectForAllocation", Time since last: 1971643487 ns, Reaching safepoint: 60324 ns, At safepoint: 6330668 ns, Total: 6390992 ns
[2023-11-15T23:17:37.920+0000][7][gc          ] GC(354) Concurrent Mark Cycle
[2023-11-15T23:17:37.920+0000][7][gc,marking  ] GC(354) Concurrent Clear Claimed Marks
[2023-11-15T23:17:37.921+0000][7][gc,marking  ] GC(354) Concurrent Clear Claimed Marks 0.165ms
[2023-11-15T23:17:37.921+0000][7][gc,marking  ] GC(354) Concurrent Scan Root Regions
[2023-11-15T23:17:37.924+0000][7][gc,marking  ] GC(354) Concurrent Scan Root Regions 3.880ms
[2023-11-15T23:17:37.925+0000][7][gc,marking  ] GC(354) Concurrent Mark
[2023-11-15T23:17:37.925+0000][7][gc,marking  ] GC(354) Concurrent Mark From Roots
[2023-11-15T23:17:37.925+0000][7][gc,task     ] GC(354) Using 2 workers of 2 for marking
[2023-11-15T23:17:37.993+0000][7][gc,marking  ] GC(354) Concurrent Mark From Roots 68.468ms
[2023-11-15T23:17:37.993+0000][7][gc,marking  ] GC(354) Concurrent Preclean
[2023-11-15T23:17:37.993+0000][7][gc,marking  ] GC(354) Concurrent Preclean 0.157ms
[2023-11-15T23:17:37.993+0000][7][gc,start    ] GC(354) Pause Remark
[2023-11-15T23:17:37.999+0000][7][gc          ] GC(354) Pause Remark 173M->173M(512M) 5.495ms
[2023-11-15T23:17:37.999+0000][7][gc,cpu      ] GC(354) User=0.03s Sys=0.00s Real=0.01s
[2023-11-15T23:17:37.999+0000][7][safepoint   ] Safepoint "G1Concurrent", Time since last: 73010810 ns, Reaching safepoint: 24269 ns, At safepoint: 5588160 ns, Total: 5612429 ns
[2023-11-15T23:17:37.999+0000][7][gc,marking  ] GC(354) Concurrent Mark 74.393ms
[2023-11-15T23:17:37.999+0000][7][gc,marking  ] GC(354) Concurrent Rebuild Remembered Sets
[2023-11-15T23:17:38.031+0000][7][gc,marking  ] GC(354) Concurrent Rebuild Remembered Sets 31.904ms
[2023-11-15T23:17:38.031+0000][7][gc,start    ] GC(354) Pause Cleanup
[2023-11-15T23:17:38.031+0000][7][gc          ] GC(354) Pause Cleanup 173M->173M(512M) 0.088ms
[2023-11-15T23:17:38.031+0000][7][gc,cpu      ] GC(354) User=0.00s Sys=0.00s Real=0.00s
[2023-11-15T23:17:38.031+0000][7][safepoint   ] Safepoint "G1Concurrent", Time since last: 32033793 ns, Reaching safepoint: 63211 ns, At safepoint: 131064 ns, Total: 194275 ns
[2023-11-15T23:17:38.031+0000][7][gc,marking  ] GC(354) Concurrent Cleanup for Next Mark
[2023-11-15T23:17:38.031+0000][7][gc,marking  ] GC(354) Concurrent Cleanup for Next Mark 0.320ms
[2023-11-15T23:17:38.031+0000][7][gc          ] GC(354) Concurrent Mark Cycle 111.179ms
[2023-11-15T23:17:43.032+0000][7][safepoint   ] Safepoint "Cleanup", Time since last: 5000549693 ns, Reaching safepoint: 86370 ns, At safepoint: 10615 ns, Total: 96985 ns
[2023-11-15T23:17:47.033+0000][7][safepoint   ] Safepoint "Cleanup", Time since last: 4000552954 ns, Reaching safepoint: 216265 ns, At safepoint: 11521 ns, Total: 227786 ns
[2023-11-15T23:17:48.033+0000][7][safepoint   ] Safepoint "Cleanup", Time since last: 1000169213 ns, Reaching safepoint: 128621 ns, At safepoint: 5425 ns, Total: 134046 ns
[2023-11-15T23:17:52.952+0000][7][gc,start    ] GC(355) Pause Young (Prepare Mixed) (G1 Evacuation Pause)
[2023-11-15T23:17:52.952+0000][7][gc,task     ] GC(355) Using 8 workers of 8 for evacuation
[2023-11-15T23:17:52.952+0000][7][gc,age      ] GC(355) Desired survivor size 16777216 bytes, new threshold 15 (max threshold 15)
[2023-11-15T23:17:52.955+0000][7][gc,age      ] GC(355) Age table with threshold 15 (max threshold 15)
[2023-11-15T23:17:52.955+0000][7][gc,age      ] GC(355) - age   1:    6432800 bytes,    6432800 total
[2023-11-15T23:17:52.955+0000][7][gc,age      ] GC(355) - age   2:     765824 bytes,    7198624 total
[2023-11-15T23:17:52.955+0000][7][gc,age      ] GC(355) - age   3:     527256 bytes,    7725880 total
[2023-11-15T23:17:52.955+0000][7][gc,age      ] GC(355) - age   4:     662432 bytes,    8388312 total
[2023-11-15T23:17:52.955+0000][7][gc,age      ] GC(355) - age   5:         72 bytes,    8388384 total
[2023-11-15T23:17:52.955+0000][7][gc,age      ] GC(355) - age   6:     527456 bytes,    8915840 total
[2023-11-15T23:17:52.955+0000][7][gc,phases   ] GC(355)   Pre Evacuate Collection Set: 0.1ms
[2023-11-15T23:17:52.955+0000][7][gc,phases   ] GC(355)   Merge Heap Roots: 0.0ms
[2023-11-15T23:17:52.955+0000][7][gc,phases   ] GC(355)   Evacuate Collection Set: 2.4ms
[2023-11-15T23:17:52.955+0000][7][gc,phases   ] GC(355)   Post Evacuate Collection Set: 0.4ms
[2023-11-15T23:17:52.955+0000][7][gc,phases   ] GC(355)   Other: 0.1ms
[2023-11-15T23:17:52.955+0000][7][gc,heap     ] GC(355) Eden regions: 62->0(3)
[2023-11-15T23:17:52.955+0000][7][gc,heap     ] GC(355) Survivor regions: 1->3(8)
[2023-11-15T23:17:52.955+0000][7][gc,heap     ] GC(355) Old regions: 35->35
[2023-11-15T23:17:52.955+0000][7][gc,heap     ] GC(355) Archive regions: 2->2
[2023-11-15T23:17:52.955+0000][7][gc,heap     ] GC(355) Humongous regions: 5->5
[2023-11-15T23:17:52.955+0000][7][gc,metaspace] GC(355) Metaspace: 117507K(119104K)->117507K(119104K) NonClass: 102005K(102976K)->102005K(102976K) Class: 15501K(16128K)->15501K(16128K)
[2023-11-15T23:17:52.955+0000][7][gc          ] GC(355) Pause Young (Prepare Mixed) (G1 Evacuation Pause) 415M->172M(512M) 3.162ms
[2023-11-15T23:17:52.955+0000][7][gc,cpu      ] GC(355) User=0.01s Sys=0.01s Real=0.01s
[2023-11-15T23:17:52.955+0000][7][safepoint   ] Safepoint "G1CollectForAllocation", Time since last: 4919281071 ns, Reaching safepoint: 32316 ns, At safepoint: 3233671 ns, Total: 3265987 ns
[2023-11-15T23:17:53.172+0000][7][gc,start    ] GC(356) Pause Young (Mixed) (G1 Evacuation Pause)
[2023-11-15T23:17:53.172+0000][7][gc,task     ] GC(356) Using 8 workers of 8 for evacuation
[2023-11-15T23:17:53.172+0000][7][gc,age      ] GC(356) Desired survivor size 2097152 bytes, new threshold 1 (max threshold 15)
[2023-11-15T23:17:53.183+0000][7][gc,age      ] GC(356) Age table with threshold 1 (max threshold 15)
[2023-11-15T23:17:53.183+0000][7][gc,age      ] GC(356) - age   1:     456856 bytes,     456856 total
[2023-11-15T23:17:53.183+0000][7][gc,phases   ] GC(356)   Pre Evacuate Collection Set: 0.1ms
[2023-11-15T23:17:53.183+0000][7][gc,phases   ] GC(356)   Merge Heap Roots: 0.1ms
[2023-11-15T23:17:53.183+0000][7][gc,phases   ] GC(356)   Evacuate Collection Set: 9.1ms
[2023-11-15T23:17:53.183+0000][7][gc,phases   ] GC(356)   Post Evacuate Collection Set: 1.4ms
[2023-11-15T23:17:53.183+0000][7][gc,phases   ] GC(356)   Other: 0.4ms
[2023-11-15T23:17:53.183+0000][7][gc,heap     ] GC(356) Eden regions: 3->0(59)
[2023-11-15T23:17:53.183+0000][7][gc,heap     ] GC(356) Survivor regions: 3->1(1)
[2023-11-15T23:17:53.183+0000][7][gc,heap     ] GC(356) Old regions: 35->37
[2023-11-15T23:17:53.183+0000][7][gc,heap     ] GC(356) Archive regions: 2->2
[2023-11-15T23:17:53.183+0000][7][gc,heap     ] GC(356) Humongous regions: 5->5
[2023-11-15T23:17:53.183+0000][7][gc,metaspace] GC(356) Metaspace: 117507K(119104K)->117507K(119104K) NonClass: 102006K(102976K)->102006K(102976K) Class: 15501K(16128K)->15501K(16128K)
[2023-11-15T23:17:53.183+0000][7][gc          ] GC(356) Pause Young (Mixed) (G1 Evacuation Pause) 184M->170M(512M) 11.286ms
[2023-11-15T23:17:53.183+0000][7][gc,cpu      ] GC(356) User=0.03s Sys=0.02s Real=0.01s
[2023-11-15T23:17:53.183+0000][7][safepoint   ] Safepoint "G1CollectForAllocation", Time since last: 216449021 ns, Reaching safepoint: 160019 ns, At safepoint: 11485379 ns, Total: 11645398 ns
[2023-11-15T23:17:59.184+0000][7][safepoint   ] Safepoint "Cleanup", Time since last: 6000807027 ns, Reaching safepoint: 125570 ns, At safepoint: 10247 ns, Total: 135817 ns
[2023-11-15T23:18:02.185+0000][7][safepoint   ] Safepoint "Cleanup", Time since last: 3000599832 ns, Reaching safepoint: 64583 ns, At safepoint: 12272 ns, Total: 76855 ns
[2023-11-15T23:18:09.962+0000][7][gc,start    ] GC(357) Pause Young (Normal) (G1 Evacuation Pause)
[2023-11-15T23:18:09.962+0000][7][gc,task     ] GC(357) Using 8 workers of 8 for evacuation
[2023-11-15T23:18:09.962+0000][7][gc,age      ] GC(357) Desired survivor size 16777216 bytes, new threshold 15 (max threshold 15)
[2023-11-15T23:18:09.966+0000][7][gc,age      ] GC(357) Age table with threshold 15 (max threshold 15)
[2023-11-15T23:18:09.966+0000][7][gc,age      ] GC(357) - age   1:    1711784 bytes,    1711784 total
[2023-11-15T23:18:09.966+0000][7][gc,age      ] GC(357) - age   2:      48640 bytes,    1760424 total
[2023-11-15T23:18:09.966+0000][7][gc,phases   ] GC(357)   Pre Evacuate Collection Set: 0.2ms
[2023-11-15T23:18:09.966+0000][7][gc,phases   ] GC(357)   Merge Heap Roots: 0.1ms
[2023-11-15T23:18:09.966+0000][7][gc,phases   ] GC(357)   Evacuate Collection Set: 2.8ms
[2023-11-15T23:18:09.966+0000][7][gc,phases   ] GC(357)   Post Evacuate Collection Set: 1.1ms
[2023-11-15T23:18:09.966+0000][7][gc,phases   ] GC(357)   Other: 0.4ms
[2023-11-15T23:18:09.966+0000][7][gc,heap     ] GC(357) Eden regions: 59->0(60)
[2023-11-15T23:18:09.966+0000][7][gc,heap     ] GC(357) Survivor regions: 1->1(8)
[2023-11-15T23:18:09.966+0000][7][gc,heap     ] GC(357) Old regions: 37->37
[2023-11-15T23:18:09.966+0000][7][gc,heap     ] GC(357) Archive regions: 2->2
[2023-11-15T23:18:09.966+0000][7][gc,heap     ] GC(357) Humongous regions: 5->5
[2023-11-15T23:18:09.966+0000][7][gc,metaspace] GC(357) Metaspace: 117507K(119104K)->117507K(119104K) NonClass: 102006K(102976K)->102006K(102976K) Class: 15501K(16128K)->15501K(16128K)
[2023-11-15T23:18:09.966+0000][7][gc          ] GC(357) Pause Young (Normal) (G1 Evacuation Pause) 406M->171M(512M) 4.649ms
[2023-11-15T23:18:09.966+0000][7][gc,cpu      ] GC(357) User=0.02s Sys=0.00s Real=0.01s
[2023-11-15T23:18:09.967+0000][7][safepoint   ] Safepoint "G1CollectForAllocation", Time since last: 7776520506 ns, Reaching safepoint: 83452 ns, At safepoint: 4823054 ns, Total: 4906506 ns
[2023-11-15T23:18:22.830+0000][7][gc,start    ] GC(358) Pause Young (Concurrent Start) (G1 Humongous Allocation)
[2023-11-15T23:18:22.830+0000][7][gc,task     ] GC(358) Using 8 workers of 8 for evacuation
[2023-11-15T23:18:22.830+0000][7][gc,age      ] GC(358) Desired survivor size 16777216 bytes, new threshold 15 (max threshold 15)
[2023-11-15T23:18:22.835+0000][7][gc,age      ] GC(358) Age table with threshold 15 (max threshold 15)
[2023-11-15T23:18:22.835+0000][7][gc,age      ] GC(358) - age   1:    1553480 bytes,    1553480 total
[2023-11-15T23:18:22.835+0000][7][gc,age      ] GC(358) - age   2:     775832 bytes,    2329312 total
[2023-11-15T23:18:22.835+0000][7][gc,age      ] GC(358) - age   3:      48576 bytes,    2377888 total
[2023-11-15T23:18:22.836+0000][7][gc,phases   ] GC(358)   Pre Evacuate Collection Set: 0.4ms
[2023-11-15T23:18:22.836+0000][7][gc,phases   ] GC(358)   Merge Heap Roots: 0.2ms
[2023-11-15T23:18:22.836+0000][7][gc,phases   ] GC(358)   Evacuate Collection Set: 3.6ms
[2023-11-15T23:18:22.836+0000][7][gc,phases   ] GC(358)   Post Evacuate Collection Set: 1.3ms
[2023-11-15T23:18:22.836+0000][7][gc,phases   ] GC(358)   Other: 0.5ms
[2023-11-15T23:18:22.836+0000][7][gc,heap     ] GC(358) Eden regions: 47->0(60)
[2023-11-15T23:18:22.836+0000][7][gc,heap     ] GC(358) Survivor regions: 1->1(8)
[2023-11-15T23:18:22.836+0000][7][gc,heap     ] GC(358) Old regions: 37->37
[2023-11-15T23:18:22.836+0000][7][gc,heap     ] GC(358) Archive regions: 2->2
[2023-11-15T23:18:22.836+0000][7][gc,heap     ] GC(358) Humongous regions: 5->5
[2023-11-15T23:18:22.836+0000][7][gc,metaspace] GC(358) Metaspace: 117507K(119104K)->117507K(119104K) NonClass: 102006K(102976K)->102006K(102976K) Class: 15501K(16128K)->15501K(16128K)
[2023-11-15T23:18:22.836+0000][7][gc          ] GC(358) Pause Young (Concurrent Start) (G1 Humongous Allocation) 359M->172M(512M) 6.062ms
[2023-11-15T23:18:22.836+0000][7][gc,cpu      ] GC(358) User=0.03s Sys=0.00s Real=0.01s
[2023-11-15T23:18:22.836+0000][7][safepoint   ] Safepoint "G1TryInitiateConcMark", Time since last: 12862998539 ns, Reaching safepoint: 86469 ns, At safepoint: 6270176 ns, Total: 6356645 ns
[2023-11-15T23:18:22.836+0000][7][gc          ] GC(359) Concurrent Mark Cycle
[2023-11-15T23:18:22.836+0000][7][gc,marking  ] GC(359) Concurrent Clear Claimed Marks
[2023-11-15T23:18:22.836+0000][7][gc,marking  ] GC(359) Concurrent Clear Claimed Marks 0.172ms
[2023-11-15T23:18:22.836+0000][7][gc,marking  ] GC(359) Concurrent Scan Root Regions
[2023-11-15T23:18:22.844+0000][7][gc,marking  ] GC(359) Concurrent Scan Root Regions 7.937ms
[2023-11-15T23:18:22.844+0000][7][gc,marking  ] GC(359) Concurrent Mark
[2023-11-15T23:18:22.844+0000][7][gc,marking  ] GC(359) Concurrent Mark From Roots
[2023-11-15T23:18:22.844+0000][7][gc,task     ] GC(359) Using 2 workers of 2 for marking
[2023-11-15T23:18:22.927+0000][7][gc,marking  ] GC(359) Concurrent Mark From Roots 82.603ms
[2023-11-15T23:18:22.927+0000][7][gc,marking  ] GC(359) Concurrent Preclean
[2023-11-15T23:18:22.927+0000][7][gc,marking  ] GC(359) Concurrent Preclean 0.352ms
[2023-11-15T23:18:22.927+0000][7][gc,start    ] GC(359) Pause Remark
[2023-11-15T23:18:22.933+0000][7][gc          ] GC(359) Pause Remark 185M->185M(512M) 5.374ms
[2023-11-15T23:18:22.933+0000][7][gc,cpu      ] GC(359) User=0.04s Sys=0.00s Real=0.00s
[2023-11-15T23:18:22.933+0000][7][safepoint   ] Safepoint "G1Concurrent", Time since last: 91369993 ns, Reaching safepoint: 136324 ns, At safepoint: 5443790 ns, Total: 5580114 ns
[2023-11-15T23:18:22.933+0000][7][gc,marking  ] GC(359) Concurrent Mark 88.654ms
[2023-11-15T23:18:22.933+0000][7][gc,marking  ] GC(359) Concurrent Rebuild Remembered Sets
[2023-11-15T23:18:22.967+0000][7][gc,marking  ] GC(359) Concurrent Rebuild Remembered Sets 34.104ms
[2023-11-15T23:18:22.967+0000][7][gc,start    ] GC(359) Pause Cleanup
[2023-11-15T23:18:22.967+0000][7][gc          ] GC(359) Pause Cleanup 188M->188M(512M) 0.057ms
[2023-11-15T23:18:22.967+0000][7][gc,cpu      ] GC(359) User=0.00s Sys=0.00s Real=0.00s
[2023-11-15T23:18:22.967+0000][7][safepoint   ] Safepoint "G1Concurrent", Time since last: 34213503 ns, Reaching safepoint: 25478 ns, At safepoint: 91396 ns, Total: 116874 ns
[2023-11-15T23:18:22.967+0000][7][gc,marking  ] GC(359) Concurrent Cleanup for Next Mark
[2023-11-15T23:18:22.968+0000][7][gc,marking  ] GC(359) Concurrent Cleanup for Next Mark 0.466ms
[2023-11-15T23:18:22.968+0000][7][gc          ] GC(359) Concurrent Mark Cycle 131.801ms
[2023-11-15T23:18:25.968+0000][7][safepoint   ] Safepoint "Cleanup", Time since last: 3000308352 ns, Reaching safepoint: 65695 ns, At safepoint: 7208 ns, Total: 72903 ns
[2023-11-15T23:18:35.969+0000][7][safepoint   ] Safepoint "Cleanup", Time since last: 10000899082 ns, Reaching safepoint: 109313 ns, At safepoint: 18948 ns, Total: 128261 ns
[2023-11-15T23:18:37.969+0000][7][safepoint   ] Safepoint "Cleanup", Time since last: 2000268291 ns, Reaching safepoint: 79905 ns, At safepoint: 12123 ns, Total: 92028 ns
[2023-11-15T23:18:37.982+0000][7][gc,start    ] GC(360) Pause Young (Prepare Mixed) (G1 Evacuation Pause)
[2023-11-15T23:18:37.982+0000][7][gc,task     ] GC(360) Using 8 workers of 8 for evacuation
[2023-11-15T23:18:37.983+0000][7][gc,age      ] GC(360) Desired survivor size 16777216 bytes, new threshold 15 (max threshold 15)
[2023-11-15T23:18:37.988+0000][7][gc,age      ] GC(360) Age table with threshold 15 (max threshold 15)
[2023-11-15T23:18:37.988+0000][7][gc,age      ] GC(360) - age   1:    1525416 bytes,    1525416 total
[2023-11-15T23:18:37.988+0000][7][gc,age      ] GC(360) - age   2:     804936 bytes,    2330352 total
[2023-11-15T23:18:37.988+0000][7][gc,age      ] GC(360) - age   3:     758688 bytes,    3089040 total
[2023-11-15T23:18:37.988+0000][7][gc,age      ] GC(360) - age   4:      46248 bytes,    3135288 total
[2023-11-15T23:18:37.988+0000][7][gc,phases   ] GC(360)   Pre Evacuate Collection Set: 0.2ms
[2023-11-15T23:18:37.988+0000][7][gc,phases   ] GC(360)   Merge Heap Roots: 0.2ms
[2023-11-15T23:18:37.988+0000][7][gc,phases   ] GC(360)   Evacuate Collection Set: 3.2ms
[2023-11-15T23:18:37.988+0000][7][gc,phases   ] GC(360)   Post Evacuate Collection Set: 1.4ms
[2023-11-15T23:18:37.988+0000][7][gc,phases   ] GC(360)   Other: 0.5ms
[2023-11-15T23:18:37.988+0000][7][gc,heap     ] GC(360) Eden regions: 60->0(5)
[2023-11-15T23:18:37.988+0000][7][gc,heap     ] GC(360) Survivor regions: 1->1(8)
[2023-11-15T23:18:37.988+0000][7][gc,heap     ] GC(360) Old regions: 37->37
[2023-11-15T23:18:37.988+0000][7][gc,heap     ] GC(360) Archive regions: 2->2
[2023-11-15T23:18:37.988+0000][7][gc,heap     ] GC(360) Humongous regions: 6->6
[2023-11-15T23:18:37.988+0000][7][gc,metaspace] GC(360) Metaspace: 117509K(119104K)->117509K(119104K) NonClass: 102008K(102976K)->102008K(102976K) Class: 15501K(16128K)->15501K(16128K)
[2023-11-15T23:18:37.988+0000][7][gc          ] GC(360) Pause Young (Prepare Mixed) (G1 Evacuation Pause) 416M->177M(512M) 5.600ms
[2023-11-15T23:18:37.988+0000][7][gc,cpu      ] GC(360) User=0.02s Sys=0.01s Real=0.01s
[2023-11-15T23:18:37.988+0000][7][safepoint   ] Safepoint "G1CollectForAllocation", Time since last: 13307464 ns, Reaching safepoint: 94896 ns, At safepoint: 5795910 ns, Total: 5890806 ns
[2023-11-15T23:18:39.463+0000][7][gc,start    ] GC(361) Pause Young (Mixed) (G1 Evacuation Pause)
[2023-11-15T23:18:39.463+0000][7][gc,task     ] GC(361) Using 8 workers of 8 for evacuation
[2023-11-15T23:18:39.463+0000][7][gc,age      ] GC(361) Desired survivor size 2097152 bytes, new threshold 2 (max threshold 15)
[2023-11-15T23:18:39.475+0000][7][gc,age      ] GC(361) Age table with threshold 2 (max threshold 15)
[2023-11-15T23:18:39.475+0000][7][gc,age      ] GC(361) - age   1:     329088 bytes,     329088 total
[2023-11-15T23:18:39.475+0000][7][gc,age      ] GC(361) - age   2:    1350488 bytes,    1679576 total
[2023-11-15T23:18:39.475+0000][7][gc,phases   ] GC(361)   Pre Evacuate Collection Set: 0.8ms
[2023-11-15T23:18:39.475+0000][7][gc,phases   ] GC(361)   Merge Heap Roots: 0.2ms
[2023-11-15T23:18:39.475+0000][7][gc,phases   ] GC(361)   Evacuate Collection Set: 4.3ms
[2023-11-15T23:18:39.475+0000][7][gc,phases   ] GC(361)   Post Evacuate Collection Set: 6.1ms
[2023-11-15T23:18:39.475+0000][7][gc,phases   ] GC(361)   Other: 0.5ms
[2023-11-15T23:18:39.475+0000][7][gc,heap     ] GC(361) Eden regions: 5->0(59)
[2023-11-15T23:18:39.475+0000][7][gc,heap     ] GC(361) Survivor regions: 1->1(1)
[2023-11-15T23:18:39.475+0000][7][gc,heap     ] GC(361) Old regions: 37->37
[2023-11-15T23:18:39.475+0000][7][gc,heap     ] GC(361) Archive regions: 2->2
[2023-11-15T23:18:39.475+0000][7][gc,heap     ] GC(361) Humongous regions: 6->6
[2023-11-15T23:18:39.475+0000][7][gc,metaspace] GC(361) Metaspace: 117509K(119104K)->117509K(119104K) NonClass: 102008K(102976K)->102008K(102976K) Class: 15501K(16128K)->15501K(16128K)
[2023-11-15T23:18:39.475+0000][7][gc          ] GC(361) Pause Young (Mixed) (G1 Evacuation Pause) 197M->174M(512M) 11.915ms
[2023-11-15T23:18:39.475+0000][7][gc,cpu      ] GC(361) User=0.03s Sys=0.00s Real=0.02s
[2023-11-15T23:18:39.475+0000][7][safepoint   ] Safepoint "G1CollectForAllocation", Time since last: 1474925229 ns, Reaching safepoint: 77313 ns, At safepoint: 12120174 ns, Total: 12197487 ns
[2023-11-15T23:18:53.858+0000][7][gc,start    ] GC(362) Pause Young (Normal) (G1 Evacuation Pause)
[2023-11-15T23:18:53.858+0000][7][gc,task     ] GC(362) Using 8 workers of 8 for evacuation
[2023-11-15T23:18:53.858+0000][7][gc,age      ] GC(362) Desired survivor size 16777216 bytes, new threshold 15 (max threshold 15)
[2023-11-15T23:18:53.862+0000][7][gc,age      ] GC(362) Age table with threshold 15 (max threshold 15)
[2023-11-15T23:18:53.862+0000][7][gc,age      ] GC(362) - age   1:    2000104 bytes,    2000104 total
[2023-11-15T23:18:53.862+0000][7][gc,age      ] GC(362) - age   2:      66448 bytes,    2066552 total
[2023-11-15T23:18:53.862+0000][7][gc,age      ] GC(362) - age   3:     914864 bytes,    2981416 total
[2023-11-15T23:18:53.862+0000][7][gc,phases   ] GC(362)   Pre Evacuate Collection Set: 0.2ms
[2023-11-15T23:18:53.862+0000][7][gc,phases   ] GC(362)   Merge Heap Roots: 0.1ms
[2023-11-15T23:18:53.862+0000][7][gc,phases   ] GC(362)   Evacuate Collection Set: 2.6ms
[2023-11-15T23:18:53.862+0000][7][gc,phases   ] GC(362)   Post Evacuate Collection Set: 1.2ms
[2023-11-15T23:18:53.862+0000][7][gc,phases   ] GC(362)   Other: 0.4ms
[2023-11-15T23:18:53.862+0000][7][gc,heap     ] GC(362) Eden regions: 59->0(59)
[2023-11-15T23:18:53.862+0000][7][gc,heap     ] GC(362) Survivor regions: 1->1(8)
[2023-11-15T23:18:53.862+0000][7][gc,heap     ] GC(362) Old regions: 37->37
[2023-11-15T23:18:53.862+0000][7][gc,heap     ] GC(362) Archive regions: 2->2
[2023-11-15T23:18:53.862+0000][7][gc,heap     ] GC(362) Humongous regions: 6->6
[2023-11-15T23:18:53.862+0000][7][gc,metaspace] GC(362) Metaspace: 117510K(119104K)->117510K(119104K) NonClass: 102009K(102976K)->102009K(102976K) Class: 15501K(16128K)->15501K(16128K)
[2023-11-15T23:18:53.862+0000][7][gc          ] GC(362) Pause Young (Normal) (G1 Evacuation Pause) 410M->175M(512M) 4.630ms
[2023-11-15T23:18:53.862+0000][7][gc,cpu      ] GC(362) User=0.02s Sys=0.01s Real=0.00s
[2023-11-15T23:18:53.862+0000][7][safepoint   ] Safepoint "G1CollectForAllocation", Time since last: 14382200130 ns, Reaching safepoint: 116043 ns, At safepoint: 4793371 ns, Total: 4909414 ns
[2023-11-15T23:18:59.863+0000][7][safepoint   ] Safepoint "Cleanup", Time since last: 6000742906 ns, Reaching safepoint: 74575 ns, At safepoint: 75054 ns, Total: 149629 ns
[2023-11-15T23:19:06.864+0000][7][safepoint   ] Safepoint "Cleanup", Time since last: 7000719890 ns, Reaching safepoint: 126246 ns, At safepoint: 21945 ns, Total: 148191 ns
[2023-11-15T23:19:08.540+0000][7][gc,start    ] GC(363) Pause Young (Normal) (G1 Evacuation Pause)
[2023-11-15T23:19:08.540+0000][7][gc,task     ] GC(363) Using 8 workers of 8 for evacuation
[2023-11-15T23:19:08.540+0000][7][gc,age      ] GC(363) Desired survivor size 16777216 bytes, new threshold 15 (max threshold 15)
[2023-11-15T23:19:08.542+0000][7][gc,age      ] GC(363) Age table with threshold 15 (max threshold 15)
[2023-11-15T23:19:08.542+0000][7][gc,age      ] GC(363) - age   1:    2415368 bytes,    2415368 total
[2023-11-15T23:19:08.542+0000][7][gc,age      ] GC(363) - age   2:    1292344 bytes,    3707712 total
[2023-11-15T23:19:08.542+0000][7][gc,age      ] GC(363) - age   3:      66448 bytes,    3774160 total
[2023-11-15T23:19:08.542+0000][7][gc,age      ] GC(363) - age   4:     900656 bytes,    4674816 total
[2023-11-15T23:19:08.542+0000][7][gc,phases   ] GC(363)   Pre Evacuate Collection Set: 0.1ms
[2023-11-15T23:19:08.542+0000][7][gc,phases   ] GC(363)   Merge Heap Roots: 0.0ms
[2023-11-15T23:19:08.542+0000][7][gc,phases   ] GC(363)   Evacuate Collection Set: 1.5ms
[2023-11-15T23:19:08.542+0000][7][gc,phases   ] GC(363)   Post Evacuate Collection Set: 0.5ms
[2023-11-15T23:19:08.542+0000][7][gc,phases   ] GC(363)   Other: 0.2ms
[2023-11-15T23:19:08.542+0000][7][gc,heap     ] GC(363) Eden regions: 59->0(58)
[2023-11-15T23:19:08.542+0000][7][gc,heap     ] GC(363) Survivor regions: 1->2(8)
[2023-11-15T23:19:08.542+0000][7][gc,heap     ] GC(363) Old regions: 37->37
[2023-11-15T23:19:08.542+0000][7][gc,heap     ] GC(363) Archive regions: 2->2
[2023-11-15T23:19:08.542+0000][7][gc,heap     ] GC(363) Humongous regions: 6->6
[2023-11-15T23:19:08.542+0000][7][gc,metaspace] GC(363) Metaspace: 117511K(119104K)->117511K(119104K) NonClass: 102010K(102976K)->102010K(102976K) Class: 15501K(16128K)->15501K(16128K)
[2023-11-15T23:19:08.542+0000][7][gc          ] GC(363) Pause Young (Normal) (G1 Evacuation Pause) 411M->177M(512M) 2.236ms
[2023-11-15T23:19:08.542+0000][7][gc,cpu      ] GC(363) User=0.00s Sys=0.00s Real=0.00s
[2023-11-15T23:19:08.542+0000][7][safepoint   ] Safepoint "G1CollectForAllocation", Time since last: 1675512887 ns, Reaching safepoint: 37995 ns, At safepoint: 2306664 ns, Total: 2344659 ns
[2023-11-15T23:19:17.543+0000][7][safepoint   ] Safepoint "Cleanup", Time since last: 9000813223 ns, Reaching safepoint: 110101 ns, At safepoint: 14472 ns, Total: 124573 ns
[2023-11-15T23:19:23.364+0000][7][gc,start    ] GC(364) Pause Young (Concurrent Start) (G1 Evacuation Pause)
[2023-11-15T23:19:23.364+0000][7][gc,task     ] GC(364) Using 8 workers of 8 for evacuation
[2023-11-15T23:19:23.364+0000][7][gc,age      ] GC(364) Desired survivor size 16777216 bytes, new threshold 15 (max threshold 15)
[2023-11-15T23:19:23.371+0000][7][gc,age      ] GC(364) Age table with threshold 15 (max threshold 15)
[2023-11-15T23:19:23.371+0000][7][gc,age      ] GC(364) - age   1:    4705400 bytes,    4705400 total
[2023-11-15T23:19:23.371+0000][7][gc,age      ] GC(364) - age   2:    2300184 bytes,    7005584 total
[2023-11-15T23:19:23.371+0000][7][gc,age      ] GC(364) - age   3:    1291056 bytes,    8296640 total
[2023-11-15T23:19:23.371+0000][7][gc,age      ] GC(364) - age   4:      65584 bytes,    8362224 total
[2023-11-15T23:19:23.371+0000][7][gc,age      ] GC(364) - age   5:     883992 bytes,    9246216 total
[2023-11-15T23:19:23.371+0000][7][gc,phases   ] GC(364)   Pre Evacuate Collection Set: 0.7ms
[2023-11-15T23:19:23.371+0000][7][gc,phases   ] GC(364)   Merge Heap Roots: 0.1ms
[2023-11-15T23:19:23.371+0000][7][gc,phases   ] GC(364)   Evacuate Collection Set: 5.2ms
[2023-11-15T23:19:23.371+0000][7][gc,phases   ] GC(364)   Post Evacuate Collection Set: 1.0ms
[2023-11-15T23:19:23.371+0000][7][gc,phases   ] GC(364)   Other: 0.5ms
[2023-11-15T23:19:23.371+0000][7][gc,heap     ] GC(364) Eden regions: 58->0(57)
[2023-11-15T23:19:23.371+0000][7][gc,heap     ] GC(364) Survivor regions: 2->3(8)
[2023-11-15T23:19:23.371+0000][7][gc,heap     ] GC(364) Old regions: 37->37
[2023-11-15T23:19:23.371+0000][7][gc,heap     ] GC(364) Archive regions: 2->2
[2023-11-15T23:19:23.371+0000][7][gc,heap     ] GC(364) Humongous regions: 6->6
[2023-11-15T23:19:23.371+0000][7][gc,metaspace] GC(364) Metaspace: 117511K(119104K)->117511K(119104K) NonClass: 102010K(102976K)->102010K(102976K) Class: 15501K(16128K)->15501K(16128K)
[2023-11-15T23:19:23.371+0000][7][gc          ] GC(364) Pause Young (Concurrent Start) (G1 Evacuation Pause) 409M->182M(512M) 7.633ms
[2023-11-15T23:19:23.371+0000][7][gc,cpu      ] GC(364) User=0.03s Sys=0.01s Real=0.01s
[2023-11-15T23:19:23.371+0000][7][safepoint   ] Safepoint "G1CollectForAllocation", Time since last: 5820521244 ns, Reaching safepoint: 89422 ns, At safepoint: 7847434 ns, Total: 7936856 ns
[2023-11-15T23:19:23.371+0000][7][gc          ] GC(365) Concurrent Mark Cycle
[2023-11-15T23:19:23.371+0000][7][gc,marking  ] GC(365) Concurrent Clear Claimed Marks
[2023-11-15T23:19:23.372+0000][7][gc,marking  ] GC(365) Concurrent Clear Claimed Marks 0.150ms
[2023-11-15T23:19:23.372+0000][7][gc,marking  ] GC(365) Concurrent Scan Root Regions
[2023-11-15T23:19:23.375+0000][7][gc,marking  ] GC(365) Concurrent Scan Root Regions 3.372ms
[2023-11-15T23:19:23.375+0000][7][gc,marking  ] GC(365) Concurrent Mark
[2023-11-15T23:19:23.375+0000][7][gc,marking  ] GC(365) Concurrent Mark From Roots
[2023-11-15T23:19:23.375+0000][7][gc,task     ] GC(365) Using 2 workers of 2 for marking
[2023-11-15T23:19:23.452+0000][7][gc,marking  ] GC(365) Concurrent Mark From Roots 76.532ms
[2023-11-15T23:19:23.452+0000][7][gc,marking  ] GC(365) Concurrent Preclean
[2023-11-15T23:19:23.452+0000][7][gc,marking  ] GC(365) Concurrent Preclean 0.187ms
[2023-11-15T23:19:23.452+0000][7][gc,start    ] GC(365) Pause Remark
[2023-11-15T23:19:23.458+0000][7][gc          ] GC(365) Pause Remark 185M->185M(512M) 6.551ms
[2023-11-15T23:19:23.458+0000][7][gc,cpu      ] GC(365) User=0.04s Sys=0.00s Real=0.01s
[2023-11-15T23:19:23.459+0000][7][safepoint   ] Safepoint "G1Concurrent", Time since last: 80476270 ns, Reaching safepoint: 27556 ns, At safepoint: 6659918 ns, Total: 6687474 ns
[2023-11-15T23:19:23.459+0000][7][gc,marking  ] GC(365) Concurrent Mark 83.518ms
[2023-11-15T23:19:23.459+0000][7][gc,marking  ] GC(365) Concurrent Rebuild Remembered Sets
[2023-11-15T23:19:23.496+0000][7][gc,marking  ] GC(365) Concurrent Rebuild Remembered Sets 37.098ms
[2023-11-15T23:19:23.496+0000][7][gc,start    ] GC(365) Pause Cleanup
[2023-11-15T23:19:23.496+0000][7][gc          ] GC(365) Pause Cleanup 185M->185M(512M) 0.118ms
[2023-11-15T23:19:23.496+0000][7][gc,cpu      ] GC(365) User=0.00s Sys=0.00s Real=0.00s
[2023-11-15T23:19:23.496+0000][7][safepoint   ] Safepoint "G1Concurrent", Time since last: 37202948 ns, Reaching safepoint: 79628 ns, At safepoint: 165922 ns, Total: 245550 ns
[2023-11-15T23:19:23.496+0000][7][gc,marking  ] GC(365) Concurrent Cleanup for Next Mark
[2023-11-15T23:19:23.497+0000][7][gc,marking  ] GC(365) Concurrent Cleanup for Next Mark 1.065ms
[2023-11-15T23:19:23.497+0000][7][gc          ] GC(365) Concurrent Mark Cycle 125.763ms
[2023-11-15T23:19:24.496+0000][7][safepoint   ] Safepoint "Cleanup", Time since last: 1000157188 ns, Reaching safepoint: 69816 ns, At safepoint: 10135 ns, Total: 79951 ns
[2023-11-15T23:19:37.664+0000][7][gc,start    ] GC(366) Pause Young (Prepare Mixed) (G1 Evacuation Pause)
[2023-11-15T23:19:37.664+0000][7][gc,task     ] GC(366) Using 8 workers of 8 for evacuation
[2023-11-15T23:19:37.664+0000][7][gc,age      ] GC(366) Desired survivor size 16777216 bytes, new threshold 15 (max threshold 15)
[2023-11-15T23:19:37.672+0000][7][gc,age      ] GC(366) Age table with threshold 15 (max threshold 15)
[2023-11-15T23:19:37.672+0000][7][gc,age      ] GC(366) - age   1:    1279848 bytes,    1279848 total
[2023-11-15T23:19:37.672+0000][7][gc,age      ] GC(366) - age   2:    3328944 bytes,    4608792 total
[2023-11-15T23:19:37.672+0000][7][gc,age      ] GC(366) - age   3:    2193328 bytes,    6802120 total
[2023-11-15T23:19:37.672+0000][7][gc,age      ] GC(366) - age   4:    1288864 bytes,    8090984 total
[2023-11-15T23:19:37.672+0000][7][gc,age      ] GC(366) - age   5:      65568 bytes,    8156552 total
[2023-11-15T23:19:37.672+0000][7][gc,age      ] GC(366) - age   6:     762792 bytes,    8919344 total
[2023-11-15T23:19:37.672+0000][7][gc,phases   ] GC(366)   Pre Evacuate Collection Set: 0.3ms
[2023-11-15T23:19:37.672+0000][7][gc,phases   ] GC(366)   Merge Heap Roots: 0.2ms
[2023-11-15T23:19:37.672+0000][7][gc,phases   ] GC(366)   Evacuate Collection Set: 5.2ms
[2023-11-15T23:19:37.672+0000][7][gc,phases   ] GC(366)   Post Evacuate Collection Set: 1.4ms
[2023-11-15T23:19:37.672+0000][7][gc,phases   ] GC(366)   Other: 1.1ms
[2023-11-15T23:19:37.672+0000][7][gc,heap     ] GC(366) Eden regions: 57->0(3)
[2023-11-15T23:19:37.672+0000][7][gc,heap     ] GC(366) Survivor regions: 3->3(8)
[2023-11-15T23:19:37.672+0000][7][gc,heap     ] GC(366) Old regions: 37->37
[2023-11-15T23:19:37.672+0000][7][gc,heap     ] GC(366) Archive regions: 2->2
[2023-11-15T23:19:37.672+0000][7][gc,heap     ] GC(366) Humongous regions: 6->6
[2023-11-15T23:19:37.672+0000][7][gc,metaspace] GC(366) Metaspace: 117548K(119104K)->117548K(119104K) NonClass: 102046K(102976K)->102046K(102976K) Class: 15501K(16128K)->15501K(16128K)
[2023-11-15T23:19:37.672+0000][7][gc          ] GC(366) Pause Young (Prepare Mixed) (G1 Evacuation Pause) 410M->181M(512M) 8.364ms
[2023-11-15T23:19:37.672+0000][7][gc,cpu      ] GC(366) User=0.04s Sys=0.00s Real=0.01s
[2023-11-15T23:19:37.672+0000][7][safepoint   ] Safepoint "G1CollectForAllocation", Time since last: 13167328720 ns, Reaching safepoint: 94213 ns, At safepoint: 8578042 ns, Total: 8672255 ns
[2023-11-15T23:19:37.919+0000][7][gc,start    ] GC(367) Pause Young (Mixed) (G1 Evacuation Pause)
[2023-11-15T23:19:37.919+0000][7][gc,task     ] GC(367) Using 8 workers of 8 for evacuation
[2023-11-15T23:19:37.919+0000][7][gc,age      ] GC(367) Desired survivor size 2097152 bytes, new threshold 2 (max threshold 15)
[2023-11-15T23:19:37.927+0000][7][gc,age      ] GC(367) Age table with threshold 2 (max threshold 15)
[2023-11-15T23:19:37.927+0000][7][gc,age      ] GC(367) - age   1:     442384 bytes,     442384 total
[2023-11-15T23:19:37.927+0000][7][gc,age      ] GC(367) - age   2:    1120264 bytes,    1562648 total
[2023-11-15T23:19:37.927+0000][7][gc,phases   ] GC(367)   Pre Evacuate Collection Set: 0.1ms
[2023-11-15T23:19:37.927+0000][7][gc,phases   ] GC(367)   Merge Heap Roots: 0.0ms
[2023-11-15T23:19:37.927+0000][7][gc,phases   ] GC(367)   Evacuate Collection Set: 7.2ms
[2023-11-15T23:19:37.927+0000][7][gc,phases   ] GC(367)   Post Evacuate Collection Set: 0.5ms
[2023-11-15T23:19:37.927+0000][7][gc,phases   ] GC(367)   Other: 0.2ms
[2023-11-15T23:19:37.927+0000][7][gc,heap     ] GC(367) Eden regions: 3->0(58)
[2023-11-15T23:19:37.927+0000][7][gc,heap     ] GC(367) Survivor regions: 3->1(1)
[2023-11-15T23:19:37.927+0000][7][gc,heap     ] GC(367) Old regions: 37->38
[2023-11-15T23:19:37.927+0000][7][gc,heap     ] GC(367) Archive regions: 2->2
[2023-11-15T23:19:37.927+0000][7][gc,heap     ] GC(367) Humongous regions: 6->6
[2023-11-15T23:19:37.927+0000][7][gc,metaspace] GC(367) Metaspace: 117548K(119104K)->117548K(119104K) NonClass: 102046K(102976K)->102046K(102976K) Class: 15501K(16128K)->15501K(16128K)
[2023-11-15T23:19:37.927+0000][7][gc          ] GC(367) Pause Young (Mixed) (G1 Evacuation Pause) 193M->179M(512M) 7.982ms
[2023-11-15T23:19:37.927+0000][7][gc,cpu      ] GC(367) User=0.02s Sys=0.02s Real=0.01s
[2023-11-15T23:19:37.927+0000][7][safepoint   ] Safepoint "G1CollectForAllocation", Time since last: 246952444 ns, Reaching safepoint: 38531 ns, At safepoint: 8053543 ns, Total: 8092074 ns
[2023-11-15T23:19:38.928+0000][7][safepoint   ] Safepoint "Cleanup", Time since last: 1000164791 ns, Reaching safepoint: 115695 ns, At safepoint: 20149 ns, Total: 135844 ns
[2023-11-15T23:19:41.928+0000][7][safepoint   ] Safepoint "Cleanup", Time since last: 3000306808 ns, Reaching safepoint: 116783 ns, At safepoint: 11843 ns, Total: 128626 ns
[2023-11-15T23:19:46.929+0000][7][safepoint   ] Safepoint "Cleanup", Time since last: 5000425106 ns, Reaching safepoint: 74645 ns, At safepoint: 9642 ns, Total: 84287 ns
[2023-11-15T23:19:52.413+0000][7][gc,start    ] GC(368) Pause Young (Normal) (G1 Evacuation Pause)
[2023-11-15T23:19:52.413+0000][7][gc,task     ] GC(368) Using 8 workers of 8 for evacuation
[2023-11-15T23:19:52.413+0000][7][gc,age      ] GC(368) Desired survivor size 16777216 bytes, new threshold 15 (max threshold 15)
[2023-11-15T23:19:52.417+0000][7][gc,age      ] GC(368) Age table with threshold 15 (max threshold 15)
[2023-11-15T23:19:52.417+0000][7][gc,age      ] GC(368) - age   1:    1077864 bytes,    1077864 total
[2023-11-15T23:19:52.417+0000][7][gc,age      ] GC(368) - age   2:        928 bytes,    1078792 total
[2023-11-15T23:19:52.417+0000][7][gc,age      ] GC(368) - age   3:     473808 bytes,    1552600 total
[2023-11-15T23:19:52.418+0000][7][gc,phases   ] GC(368)   Pre Evacuate Collection Set: 0.2ms
[2023-11-15T23:19:52.418+0000][7][gc,phases   ] GC(368)   Merge Heap Roots: 0.2ms
[2023-11-15T23:19:52.418+0000][7][gc,phases   ] GC(368)   Evacuate Collection Set: 2.7ms
[2023-11-15T23:19:52.418+0000][7][gc,phases   ] GC(368)   Post Evacuate Collection Set: 1.3ms
[2023-11-15T23:19:52.418+0000][7][gc,phases   ] GC(368)   Other: 0.5ms
[2023-11-15T23:19:52.418+0000][7][gc,heap     ] GC(368) Eden regions: 58->0(58)
[2023-11-15T23:19:52.418+0000][7][gc,heap     ] GC(368) Survivor regions: 1->1(8)
[2023-11-15T23:19:52.418+0000][7][gc,heap     ] GC(368) Old regions: 38->38
[2023-11-15T23:19:52.418+0000][7][gc,heap     ] GC(368) Archive regions: 2->2
[2023-11-15T23:19:52.418+0000][7][gc,heap     ] GC(368) Humongous regions: 6->6
[2023-11-15T23:19:52.418+0000][7][gc,metaspace] GC(368) Metaspace: 117559K(119104K)->117559K(119104K) NonClass: 102058K(102976K)->102058K(102976K) Class: 15501K(16128K)->15501K(16128K)
[2023-11-15T23:19:52.418+0000][7][gc          ] GC(368) Pause Young (Normal) (G1 Evacuation Pause) 411M->179M(512M) 4.893ms
[2023-11-15T23:19:52.418+0000][7][gc,cpu      ] GC(368) User=0.02s Sys=0.00s Real=0.01s
[2023-11-15T23:19:52.418+0000][7][safepoint   ] Safepoint "G1CollectForAllocation", Time since last: 5484132361 ns, Reaching safepoint: 122632 ns, At safepoint: 5149830 ns, Total: 5272462 ns
[2023-11-15T23:19:53.418+0000][7][safepoint   ] Safepoint "Cleanup", Time since last: 1000136497 ns, Reaching safepoint: 120817 ns, At safepoint: 17071 ns, Total: 137888 ns
[2023-11-15T23:20:00.419+0000][7][safepoint   ] Safepoint "Cleanup", Time since last: 7000777729 ns, Reaching safepoint: 181866 ns, At safepoint: 25513 ns, Total: 207379 ns
[2023-11-15T23:20:02.420+0000][7][safepoint   ] Safepoint "Cleanup", Time since last: 2000290025 ns, Reaching safepoint: 56436 ns, At safepoint: 5575 ns, Total: 62011 ns
[2023-11-15T23:20:06.564+0000][7][gc,start    ] GC(369) Pause Young (Normal) (G1 Evacuation Pause)
[2023-11-15T23:20:06.564+0000][7][gc,task     ] GC(369) Using 8 workers of 8 for evacuation
[2023-11-15T23:20:06.564+0000][7][gc,age      ] GC(369) Desired survivor size 16777216 bytes, new threshold 15 (max threshold 15)
[2023-11-15T23:20:06.569+0000][7][gc,age      ] GC(369) Age table with threshold 15 (max threshold 15)
[2023-11-15T23:20:06.569+0000][7][gc,age      ] GC(369) - age   1:     960560 bytes,     960560 total
[2023-11-15T23:20:06.569+0000][7][gc,age      ] GC(369) - age   2:     249312 bytes,    1209872 total
[2023-11-15T23:20:06.569+0000][7][gc,age      ] GC(369) - age   3:        864 bytes,    1210736 total
[2023-11-15T23:20:06.569+0000][7][gc,age      ] GC(369) - age   4:     464256 bytes,    1674992 total
[2023-11-15T23:20:06.569+0000][7][gc,phases   ] GC(369)   Pre Evacuate Collection Set: 0.2ms
[2023-11-15T23:20:06.569+0000][7][gc,phases   ] GC(369)   Merge Heap Roots: 0.1ms
[2023-11-15T23:20:06.569+0000][7][gc,phases   ] GC(369)   Evacuate Collection Set: 2.8ms
[2023-11-15T23:20:06.569+0000][7][gc,phases   ] GC(369)   Post Evacuate Collection Set: 1.3ms
[2023-11-15T23:20:06.569+0000][7][gc,phases   ] GC(369)   Other: 0.5ms
[2023-11-15T23:20:06.569+0000][7][gc,heap     ] GC(369) Eden regions: 58->0(59)
[2023-11-15T23:20:06.569+0000][7][gc,heap     ] GC(369) Survivor regions: 1->1(8)
[2023-11-15T23:20:06.569+0000][7][gc,heap     ] GC(369) Old regions: 38->38
[2023-11-15T23:20:06.569+0000][7][gc,heap     ] GC(369) Archive regions: 2->2
[2023-11-15T23:20:06.569+0000][7][gc,heap     ] GC(369) Humongous regions: 6->6
[2023-11-15T23:20:06.569+0000][7][gc,metaspace] GC(369) Metaspace: 117562K(119104K)->117562K(119104K) NonClass: 102060K(102976K)->102060K(102976K) Class: 15502K(16128K)->15502K(16128K)
[2023-11-15T23:20:06.569+0000][7][gc          ] GC(369) Pause Young (Normal) (G1 Evacuation Pause) 411M->179M(512M) 5.039ms
[2023-11-15T23:20:06.569+0000][7][gc,cpu      ] GC(369) User=0.03s Sys=0.00s Real=0.01s
[2023-11-15T23:20:06.569+0000][7][safepoint   ] Safepoint "G1CollectForAllocation", Time since last: 4144561884 ns, Reaching safepoint: 110473 ns, At safepoint: 5239389 ns, Total: 5349862 ns
[2023-11-15T23:20:16.571+0000][7][safepoint   ] Safepoint "Cleanup", Time since last: 10001437289 ns, Reaching safepoint: 95559 ns, At safepoint: 17032 ns, Total: 112591 ns
[2023-11-15T23:20:20.094+0000][7][gc,start    ] GC(370) Pause Young (Concurrent Start) (G1 Evacuation Pause)
[2023-11-15T23:20:20.094+0000][7][gc,task     ] GC(370) Using 8 workers of 8 for evacuation
[2023-11-15T23:20:20.094+0000][7][gc,age      ] GC(370) Desired survivor size 16777216 bytes, new threshold 15 (max threshold 15)
[2023-11-15T23:20:20.099+0000][7][gc,age      ] GC(370) Age table with threshold 15 (max threshold 15)
[2023-11-15T23:20:20.099+0000][7][gc,age      ] GC(370) - age   1:    1198520 bytes,    1198520 total
[2023-11-15T23:20:20.099+0000][7][gc,age      ] GC(370) - age   2:     400680 bytes,    1599200 total
[2023-11-15T23:20:20.099+0000][7][gc,age      ] GC(370) - age   3:     246744 bytes,    1845944 total
[2023-11-15T23:20:20.099+0000][7][gc,age      ] GC(370) - age   4:        672 bytes,    1846616 total
[2023-11-15T23:20:20.099+0000][7][gc,age      ] GC(370) - age   5:     302192 bytes,    2148808 total
[2023-11-15T23:20:20.099+0000][7][gc,phases   ] GC(370)   Pre Evacuate Collection Set: 0.3ms
[2023-11-15T23:20:20.099+0000][7][gc,phases   ] GC(370)   Merge Heap Roots: 0.1ms
[2023-11-15T23:20:20.099+0000][7][gc,phases   ] GC(370)   Evacuate Collection Set: 2.9ms
[2023-11-15T23:20:20.099+0000][7][gc,phases   ] GC(370)   Post Evacuate Collection Set: 1.1ms
[2023-11-15T23:20:20.099+0000][7][gc,phases   ] GC(370)   Other: 0.4ms
[2023-11-15T23:20:20.099+0000][7][gc,heap     ] GC(370) Eden regions: 59->0(59)
[2023-11-15T23:20:20.099+0000][7][gc,heap     ] GC(370) Survivor regions: 1->1(8)
[2023-11-15T23:20:20.099+0000][7][gc,heap     ] GC(370) Old regions: 38->38
[2023-11-15T23:20:20.099+0000][7][gc,heap     ] GC(370) Archive regions: 2->2
[2023-11-15T23:20:20.099+0000][7][gc,heap     ] GC(370) Humongous regions: 6->6
[2023-11-15T23:20:20.099+0000][7][gc,metaspace] GC(370) Metaspace: 117564K(119168K)->117564K(119168K) NonClass: 102062K(103040K)->102062K(103040K) Class: 15502K(16128K)->15502K(16128K)
[2023-11-15T23:20:20.099+0000][7][gc          ] GC(370) Pause Young (Concurrent Start) (G1 Evacuation Pause) 415M->179M(512M) 4.997ms
[2023-11-15T23:20:20.099+0000][7][gc,cpu      ] GC(370) User=0.02s Sys=0.00s Real=0.01s
[2023-11-15T23:20:20.099+0000][7][safepoint   ] Safepoint "G1CollectForAllocation", Time since last: 3522904581 ns, Reaching safepoint: 63397 ns, At safepoint: 5208433 ns, Total: 5271830 ns
[2023-11-15T23:20:20.099+0000][7][gc          ] GC(371) Concurrent Mark Cycle
[2023-11-15T23:20:20.099+0000][7][gc,marking  ] GC(371) Concurrent Clear Claimed Marks
[2023-11-15T23:20:20.099+0000][7][gc,marking  ] GC(371) Concurrent Clear Claimed Marks 0.159ms
[2023-11-15T23:20:20.099+0000][7][gc,marking  ] GC(371) Concurrent Scan Root Regions
[2023-11-15T23:20:20.104+0000][7][gc,marking  ] GC(371) Concurrent Scan Root Regions 4.121ms
[2023-11-15T23:20:20.104+0000][7][gc,marking  ] GC(371) Concurrent Mark
[2023-11-15T23:20:20.104+0000][7][gc,marking  ] GC(371) Concurrent Mark From Roots
[2023-11-15T23:20:20.104+0000][7][gc,task     ] GC(371) Using 2 workers of 2 for marking
[2023-11-15T23:20:20.182+0000][7][gc,marking  ] GC(371) Concurrent Mark From Roots 77.934ms
[2023-11-15T23:20:20.182+0000][7][gc,marking  ] GC(371) Concurrent Preclean
[2023-11-15T23:20:20.182+0000][7][gc,marking  ] GC(371) Concurrent Preclean 0.368ms
[2023-11-15T23:20:20.182+0000][7][gc,start    ] GC(371) Pause Remark
[2023-11-15T23:20:20.188+0000][7][gc          ] GC(371) Pause Remark 183M->183M(512M) 5.608ms
[2023-11-15T23:20:20.188+0000][7][gc,cpu      ] GC(371) User=0.04s Sys=0.00s Real=0.01s
[2023-11-15T23:20:20.188+0000][7][safepoint   ] Safepoint "G1Concurrent", Time since last: 82931131 ns, Reaching safepoint: 62479 ns, At safepoint: 5739316 ns, Total: 5801795 ns
[2023-11-15T23:20:20.188+0000][7][gc,marking  ] GC(371) Concurrent Mark 84.317ms
[2023-11-15T23:20:20.188+0000][7][gc,marking  ] GC(371) Concurrent Rebuild Remembered Sets
[2023-11-15T23:20:20.223+0000][7][gc,marking  ] GC(371) Concurrent Rebuild Remembered Sets 34.540ms
[2023-11-15T23:20:20.223+0000][7][gc,start    ] GC(371) Pause Cleanup
[2023-11-15T23:20:20.223+0000][7][gc          ] GC(371) Pause Cleanup 184M->184M(512M) 0.094ms
[2023-11-15T23:20:20.223+0000][7][gc,cpu      ] GC(371) User=0.00s Sys=0.00s Real=0.00s
[2023-11-15T23:20:20.223+0000][7][safepoint   ] Safepoint "G1Concurrent", Time since last: 34648770 ns, Reaching safepoint: 22063 ns, At safepoint: 159153 ns, Total: 181216 ns
[2023-11-15T23:20:20.223+0000][7][gc,marking  ] GC(371) Concurrent Cleanup for Next Mark
[2023-11-15T23:20:20.223+0000][7][gc,marking  ] GC(371) Concurrent Cleanup for Next Mark 0.450ms
[2023-11-15T23:20:20.223+0000][7][gc          ] GC(371) Concurrent Mark Cycle 124.054ms
[2023-11-15T23:20:23.223+0000][7][safepoint   ] Safepoint "Cleanup", Time since last: 3000250377 ns, Reaching safepoint: 113772 ns, At safepoint: 10183 ns, Total: 123955 ns
[2023-11-15T23:20:26.224+0000][7][safepoint   ] Safepoint "Cleanup", Time since last: 3000379640 ns, Reaching safepoint: 108013 ns, At safepoint: 8032 ns, Total: 116045 ns
[2023-11-15T23:20:34.972+0000][7][gc,start    ] GC(372) Pause Young (Prepare Mixed) (G1 Evacuation Pause)
[2023-11-15T23:20:34.972+0000][7][gc,task     ] GC(372) Using 8 workers of 8 for evacuation
[2023-11-15T23:20:34.972+0000][7][gc,age      ] GC(372) Desired survivor size 16777216 bytes, new threshold 15 (max threshold 15)
[2023-11-15T23:20:34.976+0000][7][gc,age      ] GC(372) Age table with threshold 15 (max threshold 15)
[2023-11-15T23:20:34.977+0000][7][gc,age      ] GC(372) - age   1:    1212048 bytes,    1212048 total
[2023-11-15T23:20:34.977+0000][7][gc,age      ] GC(372) - age   2:     242784 bytes,    1454832 total
[2023-11-15T23:20:34.977+0000][7][gc,age      ] GC(372) - age   3:     400232 bytes,    1855064 total
[2023-11-15T23:20:34.977+0000][7][gc,age      ] GC(372) - age   4:     246072 bytes,    2101136 total
[2023-11-15T23:20:34.977+0000][7][gc,age      ] GC(372) - age   5:        568 bytes,    2101704 total
[2023-11-15T23:20:34.977+0000][7][gc,age      ] GC(372) - age   6:     300664 bytes,    2402368 total
[2023-11-15T23:20:34.977+0000][7][gc,phases   ] GC(372)   Pre Evacuate Collection Set: 0.1ms
[2023-11-15T23:20:34.977+0000][7][gc,phases   ] GC(372)   Merge Heap Roots: 0.1ms
[2023-11-15T23:20:34.977+0000][7][gc,phases   ] GC(372)   Evacuate Collection Set: 2.8ms
[2023-11-15T23:20:34.977+0000][7][gc,phases   ] GC(372)   Post Evacuate Collection Set: 1.1ms
[2023-11-15T23:20:34.977+0000][7][gc,phases   ] GC(372)   Other: 0.4ms
[2023-11-15T23:20:34.977+0000][7][gc,heap     ] GC(372) Eden regions: 59->0(5)
[2023-11-15T23:20:34.977+0000][7][gc,heap     ] GC(372) Survivor regions: 1->1(8)
[2023-11-15T23:20:34.977+0000][7][gc,heap     ] GC(372) Old regions: 38->38
[2023-11-15T23:20:34.977+0000][7][gc,heap     ] GC(372) Archive regions: 2->2
[2023-11-15T23:20:34.977+0000][7][gc,heap     ] GC(372) Humongous regions: 6->6
[2023-11-15T23:20:34.977+0000][7][gc,metaspace] GC(372) Metaspace: 117564K(119168K)->117564K(119168K) NonClass: 102062K(103040K)->102062K(103040K) Class: 15502K(16128K)->15502K(16128K)
[2023-11-15T23:20:34.977+0000][7][gc          ] GC(372) Pause Young (Prepare Mixed) (G1 Evacuation Pause) 415M->180M(512M) 4.553ms
[2023-11-15T23:20:34.977+0000][7][gc,cpu      ] GC(372) User=0.02s Sys=0.00s Real=0.01s
[2023-11-15T23:20:34.977+0000][7][safepoint   ] Safepoint "G1CollectForAllocation", Time since last: 8748425276 ns, Reaching safepoint: 135933 ns, At safepoint: 4738256 ns, Total: 4874189 ns
[2023-11-15T23:20:35.820+0000][7][gc,start    ] GC(373) Pause Young (Mixed) (G1 Evacuation Pause)
[2023-11-15T23:20:35.820+0000][7][gc,task     ] GC(373) Using 8 workers of 8 for evacuation
[2023-11-15T23:20:35.820+0000][7][gc,age      ] GC(373) Desired survivor size 2097152 bytes, new threshold 4 (max threshold 15)
[2023-11-15T23:20:35.838+0000][7][gc,age      ] GC(373) Age table with threshold 4 (max threshold 15)
[2023-11-15T23:20:35.838+0000][7][gc,age      ] GC(373) - age   1:     394264 bytes,     394264 total
[2023-11-15T23:20:35.838+0000][7][gc,age      ] GC(373) - age   2:     620312 bytes,    1014576 total
[2023-11-15T23:20:35.838+0000][7][gc,age      ] GC(373) - age   3:     242416 bytes,    1256992 total
[2023-11-15T23:20:35.838+0000][7][gc,age      ] GC(373) - age   4:     391104 bytes,    1648096 total
[2023-11-15T23:20:35.838+0000][7][gc,phases   ] GC(373)   Pre Evacuate Collection Set: 0.1ms
[2023-11-15T23:20:35.838+0000][7][gc,phases   ] GC(373)   Merge Heap Roots: 0.0ms
[2023-11-15T23:20:35.838+0000][7][gc,phases   ] GC(373)   Evacuate Collection Set: 17.5ms
[2023-11-15T23:20:35.838+0000][7][gc,phases   ] GC(373)   Post Evacuate Collection Set: 0.5ms
[2023-11-15T23:20:35.838+0000][7][gc,phases   ] GC(373)   Other: 0.2ms
[2023-11-15T23:20:35.838+0000][7][gc,heap     ] GC(373) Eden regions: 5->0(60)
[2023-11-15T23:20:35.838+0000][7][gc,heap     ] GC(373) Survivor regions: 1->1(1)
[2023-11-15T23:20:35.838+0000][7][gc,heap     ] GC(373) Old regions: 38->37
[2023-11-15T23:20:35.838+0000][7][gc,heap     ] GC(373) Archive regions: 2->2
[2023-11-15T23:20:35.838+0000][7][gc,heap     ] GC(373) Humongous regions: 6->6
[2023-11-15T23:20:35.839+0000][7][gc,metaspace] GC(373) Metaspace: 117564K(119168K)->117564K(119168K) NonClass: 102062K(103040K)->102062K(103040K) Class: 15502K(16128K)->15502K(16128K)
[2023-11-15T23:20:35.839+0000][7][gc          ] GC(373) Pause Young (Mixed) (G1 Evacuation Pause) 200M->177M(512M) 18.286ms
[2023-11-15T23:20:35.839+0000][7][gc,cpu      ] GC(373) User=0.02s Sys=0.01s Real=0.02s
[2023-11-15T23:20:35.839+0000][7][safepoint   ] Safepoint "G1CollectForAllocation", Time since last: 843258732 ns, Reaching safepoint: 43320 ns, At safepoint: 18365703 ns, Total: 18409023 ns
[2023-11-15T23:20:41.840+0000][7][safepoint   ] Safepoint "Cleanup", Time since last: 6000898895 ns, Reaching safepoint: 100397 ns, At safepoint: 12644 ns, Total: 113041 ns
[2023-11-15T23:20:46.840+0000][7][safepoint   ] Safepoint "Cleanup", Time since last: 5000498154 ns, Reaching safepoint: 121929 ns, At safepoint: 25369 ns, Total: 147298 ns
[2023-11-15T23:20:50.197+0000][7][gc,start    ] GC(374) Pause Young (Normal) (G1 Evacuation Pause)
[2023-11-15T23:20:50.197+0000][7][gc,task     ] GC(374) Using 8 workers of 8 for evacuation
[2023-11-15T23:20:50.197+0000][7][gc,age      ] GC(374) Desired survivor size 16777216 bytes, new threshold 15 (max threshold 15)
[2023-11-15T23:20:50.201+0000][7][gc,age      ] GC(374) Age table with threshold 15 (max threshold 15)
[2023-11-15T23:20:50.201+0000][7][gc,age      ] GC(374) - age   1:    1094952 bytes,    1094952 total
[2023-11-15T23:20:50.201+0000][7][gc,age      ] GC(374) - age   2:      43064 bytes,    1138016 total
[2023-11-15T23:20:50.201+0000][7][gc,age      ] GC(374) - age   3:     385512 bytes,    1523528 total
[2023-11-15T23:20:50.201+0000][7][gc,age      ] GC(374) - age   4:     236312 bytes,    1759840 total
[2023-11-15T23:20:50.201+0000][7][gc,age      ] GC(374) - age   5:     256064 bytes,    2015904 total
[2023-11-15T23:20:50.201+0000][7][gc,phases   ] GC(374)   Pre Evacuate Collection Set: 0.2ms
[2023-11-15T23:20:50.201+0000][7][gc,phases   ] GC(374)   Merge Heap Roots: 0.2ms
[2023-11-15T23:20:50.201+0000][7][gc,phases   ] GC(374)   Evacuate Collection Set: 2.5ms
[2023-11-15T23:20:50.202+0000][7][gc,phases   ] GC(374)   Post Evacuate Collection Set: 1.3ms
[2023-11-15T23:20:50.202+0000][7][gc,phases   ] GC(374)   Other: 0.5ms
[2023-11-15T23:20:50.202+0000][7][gc,heap     ] GC(374) Eden regions: 60->0(60)
[2023-11-15T23:20:50.202+0000][7][gc,heap     ] GC(374) Survivor regions: 1->1(8)
[2023-11-15T23:20:50.202+0000][7][gc,heap     ] GC(374) Old regions: 37->37
[2023-11-15T23:20:50.202+0000][7][gc,heap     ] GC(374) Archive regions: 2->2
[2023-11-15T23:20:50.202+0000][7][gc,heap     ] GC(374) Humongous regions: 6->6
[2023-11-15T23:20:50.202+0000][7][gc,metaspace] GC(374) Metaspace: 117568K(119168K)->117568K(119168K) NonClass: 102065K(103040K)->102065K(103040K) Class: 15502K(16128K)->15502K(16128K)
[2023-11-15T23:20:50.202+0000][7][gc          ] GC(374) Pause Young (Normal) (G1 Evacuation Pause) 417M->177M(512M) 4.770ms
[2023-11-15T23:20:50.202+0000][7][gc,cpu      ] GC(374) User=0.02s Sys=0.00s Real=0.00s
[2023-11-15T23:20:50.202+0000][7][safepoint   ] Safepoint "G1CollectForAllocation", Time since last: 3356493527 ns, Reaching safepoint: 89139 ns, At safepoint: 4968274 ns, Total: 5057413 ns
[2023-11-15T23:21:05.023+0000][7][gc,start    ] GC(375) Pause Young (Normal) (G1 Evacuation Pause)
[2023-11-15T23:21:05.023+0000][7][gc,task     ] GC(375) Using 8 workers of 8 for evacuation
[2023-11-15T23:21:05.023+0000][7][gc,age      ] GC(375) Desired survivor size 16777216 bytes, new threshold 15 (max threshold 15)
[2023-11-15T23:21:05.026+0000][7][gc,age      ] GC(375) Age table with threshold 15 (max threshold 15)
[2023-11-15T23:21:05.026+0000][7][gc,age      ] GC(375) - age   1:     810640 bytes,     810640 total
[2023-11-15T23:21:05.026+0000][7][gc,age      ] GC(375) - age   2:     402504 bytes,    1213144 total
[2023-11-15T23:21:05.026+0000][7][gc,age      ] GC(375) - age   3:      42904 bytes,    1256048 total
[2023-11-15T23:21:05.026+0000][7][gc,age      ] GC(375) - age   4:     239752 bytes,    1495800 total
[2023-11-15T23:21:05.026+0000][7][gc,age      ] GC(375) - age   5:     235704 bytes,    1731504 total
[2023-11-15T23:21:05.026+0000][7][gc,age      ] GC(375) - age   6:     255296 bytes,    1986800 total
[2023-11-15T23:21:05.026+0000][7][gc,phases   ] GC(375)   Pre Evacuate Collection Set: 0.1ms
[2023-11-15T23:21:05.026+0000][7][gc,phases   ] GC(375)   Merge Heap Roots: 0.1ms
[2023-11-15T23:21:05.026+0000][7][gc,phases   ] GC(375)   Evacuate Collection Set: 1.6ms
[2023-11-15T23:21:05.026+0000][7][gc,phases   ] GC(375)   Post Evacuate Collection Set: 0.8ms
[2023-11-15T23:21:05.026+0000][7][gc,phases   ] GC(375)   Other: 0.3ms
[2023-11-15T23:21:05.026+0000][7][gc,heap     ] GC(375) Eden regions: 60->0(60)
[2023-11-15T23:21:05.026+0000][7][gc,heap     ] GC(375) Survivor regions: 1->1(8)
[2023-11-15T23:21:05.026+0000][7][gc,heap     ] GC(375) Old regions: 37->37
[2023-11-15T23:21:05.026+0000][7][gc,heap     ] GC(375) Archive regions: 2->2
[2023-11-15T23:21:05.026+0000][7][gc,heap     ] GC(375) Humongous regions: 6->6
[2023-11-15T23:21:05.026+0000][7][gc,metaspace] GC(375) Metaspace: 117568K(119168K)->117568K(119168K) NonClass: 102065K(103040K)->102065K(103040K) Class: 15502K(16128K)->15502K(16128K)
[2023-11-15T23:21:05.026+0000][7][gc          ] GC(375) Pause Young (Normal) (G1 Evacuation Pause) 417M->177M(512M) 2.919ms
[2023-11-15T23:21:05.026+0000][7][gc,cpu      ] GC(375) User=0.00s Sys=0.00s Real=0.01s
[2023-11-15T23:21:05.026+0000][7][safepoint   ] Safepoint "G1CollectForAllocation", Time since last: 14820975501 ns, Reaching safepoint: 66121 ns, At safepoint: 3057940 ns, Total: 3124061 ns
[2023-11-15T23:21:12.027+0000][7][safepoint   ] Safepoint "Cleanup", Time since last: 7000789315 ns, Reaching safepoint: 160549 ns, At safepoint: 26094 ns, Total: 186643 ns
[2023-11-15T23:21:17.027+0000][7][safepoint   ] Safepoint "Cleanup", Time since last: 5000514186 ns, Reaching safepoint: 108989 ns, At safepoint: 12171 ns, Total: 121160 ns
[2023-11-15T23:21:21.139+0000][7][gc,start    ] GC(376) Pause Young (Concurrent Start) (G1 Evacuation Pause)
[2023-11-15T23:21:21.139+0000][7][gc,task     ] GC(376) Using 8 workers of 8 for evacuation
[2023-11-15T23:21:21.139+0000][7][gc,age      ] GC(376) Desired survivor size 16777216 bytes, new threshold 15 (max threshold 15)
[2023-11-15T23:21:21.145+0000][7][gc,age      ] GC(376) Age table with threshold 15 (max threshold 15)
[2023-11-15T23:21:21.145+0000][7][gc,age      ] GC(376) - age   1:    1326440 bytes,    1326440 total
[2023-11-15T23:21:21.145+0000][7][gc,age      ] GC(376) - age   2:     702408 bytes,    2028848 total
[2023-11-15T23:21:21.145+0000][7][gc,age      ] GC(376) - age   3:     396944 bytes,    2425792 total
[2023-11-15T23:21:21.145+0000][7][gc,age      ] GC(376) - age   4:      33504 bytes,    2459296 total
[2023-11-15T23:21:21.145+0000][7][gc,age      ] GC(376) - age   5:     239240 bytes,    2698536 total
[2023-11-15T23:21:21.145+0000][7][gc,age      ] GC(376) - age   6:     235160 bytes,    2933696 total
[2023-11-15T23:21:21.145+0000][7][gc,age      ] GC(376) - age   7:     255104 bytes,    3188800 total
[2023-11-15T23:21:21.145+0000][7][gc,phases   ] GC(376)   Pre Evacuate Collection Set: 0.4ms
[2023-11-15T23:21:21.145+0000][7][gc,phases   ] GC(376)   Merge Heap Roots: 0.1ms
[2023-11-15T23:21:21.145+0000][7][gc,phases   ] GC(376)   Evacuate Collection Set: 4.4ms
[2023-11-15T23:21:21.145+0000][7][gc,phases   ] GC(376)   Post Evacuate Collection Set: 1.3ms
[2023-11-15T23:21:21.145+0000][7][gc,phases   ] GC(376)   Other: 0.5ms
[2023-11-15T23:21:21.145+0000][7][gc,heap     ] GC(376) Eden regions: 60->0(60)
[2023-11-15T23:21:21.145+0000][7][gc,heap     ] GC(376) Survivor regions: 1->1(8)
[2023-11-15T23:21:21.145+0000][7][gc,heap     ] GC(376) Old regions: 37->37
[2023-11-15T23:21:21.145+0000][7][gc,heap     ] GC(376) Archive regions: 2->2
[2023-11-15T23:21:21.145+0000][7][gc,heap     ] GC(376) Humongous regions: 6->6
[2023-11-15T23:21:21.145+0000][7][gc,metaspace] GC(376) Metaspace: 117568K(119168K)->117568K(119168K) NonClass: 102065K(103040K)->102065K(103040K) Class: 15502K(16128K)->15502K(16128K)
[2023-11-15T23:21:21.145+0000][7][gc          ] GC(376) Pause Young (Concurrent Start) (G1 Evacuation Pause) 417M->178M(512M) 6.799ms
[2023-11-15T23:21:21.145+0000][7][gc,cpu      ] GC(376) User=0.03s Sys=0.00s Real=0.01s
[2023-11-15T23:21:21.146+0000][7][safepoint   ] Safepoint "G1CollectForAllocation", Time since last: 4110891841 ns, Reaching safepoint: 144427 ns, At safepoint: 6998092 ns, Total: 7142519 ns
[2023-11-15T23:21:21.146+0000][7][gc          ] GC(377) Concurrent Mark Cycle
[2023-11-15T23:21:21.146+0000][7][gc,marking  ] GC(377) Concurrent Clear Claimed Marks
[2023-11-15T23:21:21.146+0000][7][gc,marking  ] GC(377) Concurrent Clear Claimed Marks 0.269ms
[2023-11-15T23:21:21.146+0000][7][gc,marking  ] GC(377) Concurrent Scan Root Regions
[2023-11-15T23:21:21.152+0000][7][gc,marking  ] GC(377) Concurrent Scan Root Regions 5.943ms
[2023-11-15T23:21:21.152+0000][7][gc,marking  ] GC(377) Concurrent Mark
[2023-11-15T23:21:21.152+0000][7][gc,marking  ] GC(377) Concurrent Mark From Roots
[2023-11-15T23:21:21.152+0000][7][gc,task     ] GC(377) Using 2 workers of 2 for marking
[2023-11-15T23:21:21.269+0000][7][gc,marking  ] GC(377) Concurrent Mark From Roots 116.890ms
[2023-11-15T23:21:21.269+0000][7][gc,marking  ] GC(377) Concurrent Preclean
[2023-11-15T23:21:21.269+0000][7][gc,marking  ] GC(377) Concurrent Preclean 0.188ms
[2023-11-15T23:21:21.269+0000][7][gc,start    ] GC(377) Pause Remark
[2023-11-15T23:21:21.275+0000][7][gc          ] GC(377) Pause Remark 182M->182M(512M) 5.702ms
[2023-11-15T23:21:21.275+0000][7][gc,cpu      ] GC(377) User=0.04s Sys=0.00s Real=0.01s
[2023-11-15T23:21:21.275+0000][7][safepoint   ] Safepoint "G1Concurrent", Time since last: 123622729 ns, Reaching safepoint: 24892 ns, At safepoint: 5836994 ns, Total: 5861886 ns
[2023-11-15T23:21:21.275+0000][7][gc,marking  ] GC(377) Concurrent Mark 123.059ms
[2023-11-15T23:21:21.275+0000][7][gc,marking  ] GC(377) Concurrent Rebuild Remembered Sets
[2023-11-15T23:21:21.311+0000][7][gc,marking  ] GC(377) Concurrent Rebuild Remembered Sets 35.848ms
[2023-11-15T23:21:21.311+0000][7][gc,start    ] GC(377) Pause Cleanup
[2023-11-15T23:21:21.311+0000][7][gc          ] GC(377) Pause Cleanup 182M->182M(512M) 0.092ms
[2023-11-15T23:21:21.311+0000][7][gc,cpu      ] GC(377) User=0.00s Sys=0.00s Real=0.00s
[2023-11-15T23:21:21.311+0000][7][safepoint   ] Safepoint "G1Concurrent", Time since last: 36004801 ns, Reaching safepoint: 52165 ns, At safepoint: 153106 ns, Total: 205271 ns
[2023-11-15T23:21:21.311+0000][7][gc,marking  ] GC(377) Concurrent Cleanup for Next Mark
[2023-11-15T23:21:21.312+0000][7][gc,marking  ] GC(377) Concurrent Cleanup for Next Mark 0.581ms
[2023-11-15T23:21:21.312+0000][7][gc          ] GC(377) Concurrent Mark Cycle 166.296ms
[2023-11-15T23:21:35.637+0000][7][gc,start    ] GC(378) Pause Young (Prepare Mixed) (G1 Evacuation Pause)
[2023-11-15T23:21:35.637+0000][7][gc,task     ] GC(378) Using 8 workers of 8 for evacuation
[2023-11-15T23:21:35.637+0000][7][gc,age      ] GC(378) Desired survivor size 16777216 bytes, new threshold 15 (max threshold 15)
[2023-11-15T23:21:35.639+0000][7][gc,age      ] GC(378) Age table with threshold 15 (max threshold 15)
[2023-11-15T23:21:35.639+0000][7][gc,age      ] GC(378) - age   1:    1342824 bytes,    1342824 total
[2023-11-15T23:21:35.639+0000][7][gc,age      ] GC(378) - age   2:     336280 bytes,    1679104 total
[2023-11-15T23:21:35.639+0000][7][gc,age      ] GC(378) - age   3:     608704 bytes,    2287808 total
[2023-11-15T23:21:35.639+0000][7][gc,age      ] GC(378) - age   4:     268528 bytes,    2556336 total
[2023-11-15T23:21:35.639+0000][7][gc,age      ] GC(378) - age   5:      33416 bytes,    2589752 total
[2023-11-15T23:21:35.639+0000][7][gc,age      ] GC(378) - age   6:     238136 bytes,    2827888 total
[2023-11-15T23:21:35.639+0000][7][gc,age      ] GC(378) - age   7:     234816 bytes,    3062704 total
[2023-11-15T23:21:35.639+0000][7][gc,age      ] GC(378) - age   8:     255080 bytes,    3317784 total
[2023-11-15T23:21:35.639+0000][7][gc,phases   ] GC(378)   Pre Evacuate Collection Set: 0.1ms
[2023-11-15T23:21:35.639+0000][7][gc,phases   ] GC(378)   Merge Heap Roots: 0.0ms
[2023-11-15T23:21:35.639+0000][7][gc,phases   ] GC(378)   Evacuate Collection Set: 1.5ms
[2023-11-15T23:21:35.639+0000][7][gc,phases   ] GC(378)   Post Evacuate Collection Set: 0.6ms
[2023-11-15T23:21:35.639+0000][7][gc,phases   ] GC(378)   Other: 0.2ms
[2023-11-15T23:21:35.639+0000][7][gc,heap     ] GC(378) Eden regions: 60->0(5)
[2023-11-15T23:21:35.639+0000][7][gc,heap     ] GC(378) Survivor regions: 1->1(8)
[2023-11-15T23:21:35.639+0000][7][gc,heap     ] GC(378) Old regions: 37->37
[2023-11-15T23:21:35.639+0000][7][gc,heap     ] GC(378) Archive regions: 2->2
[2023-11-15T23:21:35.639+0000][7][gc,heap     ] GC(378) Humongous regions: 6->6
[2023-11-15T23:21:35.639+0000][7][gc,metaspace] GC(378) Metaspace: 117568K(119168K)->117568K(119168K) NonClass: 102065K(103040K)->102065K(103040K) Class: 15502K(16128K)->15502K(16128K)
[2023-11-15T23:21:35.639+0000][7][gc          ] GC(378) Pause Young (Prepare Mixed) (G1 Evacuation Pause) 418M->179M(512M) 2.437ms
[2023-11-15T23:21:35.639+0000][7][gc,cpu      ] GC(378) User=0.01s Sys=0.00s Real=0.00s
[2023-11-15T23:21:35.639+0000][7][safepoint   ] Safepoint "G1CollectForAllocation", Time since last: 14325447385 ns, Reaching safepoint: 35092 ns, At safepoint: 2512774 ns, Total: 2547866 ns
[2023-11-15T23:21:36.640+0000][7][safepoint   ] Safepoint "Cleanup", Time since last: 1000114033 ns, Reaching safepoint: 174434 ns, At safepoint: 12894 ns, Total: 187328 ns
[2023-11-15T23:21:37.297+0000][7][gc,start    ] GC(379) Pause Young (Mixed) (G1 Evacuation Pause)
[2023-11-15T23:21:37.297+0000][7][gc,task     ] GC(379) Using 8 workers of 8 for evacuation
[2023-11-15T23:21:37.297+0000][7][gc,age      ] GC(379) Desired survivor size 2097152 bytes, new threshold 3 (max threshold 15)
[2023-11-15T23:21:37.305+0000][7][gc,age      ] GC(379) Age table with threshold 3 (max threshold 15)
[2023-11-15T23:21:37.305+0000][7][gc,age      ] GC(379) - age   1:      60104 bytes,      60104 total
[2023-11-15T23:21:37.305+0000][7][gc,age      ] GC(379) - age   2:    1326968 bytes,    1387072 total
[2023-11-15T23:21:37.305+0000][7][gc,age      ] GC(379) - age   3:     333584 bytes,    1720656 total
[2023-11-15T23:21:37.305+0000][7][gc,phases   ] GC(379)   Pre Evacuate Collection Set: 0.1ms
[2023-11-15T23:21:37.305+0000][7][gc,phases   ] GC(379)   Merge Heap Roots: 0.1ms
[2023-11-15T23:21:37.305+0000][7][gc,phases   ] GC(379)   Evacuate Collection Set: 6.2ms
[2023-11-15T23:21:37.305+0000][7][gc,phases   ] GC(379)   Post Evacuate Collection Set: 1.0ms
[2023-11-15T23:21:37.305+0000][7][gc,phases   ] GC(379)   Other: 0.4ms
[2023-11-15T23:21:37.305+0000][7][gc,heap     ] GC(379) Eden regions: 5->0(60)
[2023-11-15T23:21:37.305+0000][7][gc,heap     ] GC(379) Survivor regions: 1->1(1)
[2023-11-15T23:21:37.305+0000][7][gc,heap     ] GC(379) Old regions: 37->37
[2023-11-15T23:21:37.305+0000][7][gc,heap     ] GC(379) Archive regions: 2->2
[2023-11-15T23:21:37.305+0000][7][gc,heap     ] GC(379) Humongous regions: 6->6
[2023-11-15T23:21:37.305+0000][7][gc,metaspace] GC(379) Metaspace: 117568K(119168K)->117568K(119168K) NonClass: 102065K(103040K)->102065K(103040K) Class: 15502K(16128K)->15502K(16128K)
[2023-11-15T23:21:37.305+0000][7][gc          ] GC(379) Pause Young (Mixed) (G1 Evacuation Pause) 199M->177M(512M) 8.015ms
[2023-11-15T23:21:37.305+0000][7][gc,cpu      ] GC(379) User=0.03s Sys=0.02s Real=0.01s
[2023-11-15T23:21:37.305+0000][7][safepoint   ] Safepoint "G1CollectForAllocation", Time since last: 657347790 ns, Reaching safepoint: 114128 ns, At safepoint: 8185645 ns, Total: 8299773 ns
[2023-11-15T23:21:47.306+0000][7][safepoint   ] Safepoint "Cleanup", Time since last: 10001162346 ns, Reaching safepoint: 72406 ns, At safepoint: 3080 ns, Total: 75486 ns
[2023-11-15T23:21:51.423+0000][7][gc,start    ] GC(380) Pause Young (Normal) (G1 Evacuation Pause)
[2023-11-15T23:21:51.423+0000][7][gc,task     ] GC(380) Using 8 workers of 8 for evacuation
[2023-11-15T23:21:51.423+0000][7][gc,age      ] GC(380) Desired survivor size 16777216 bytes, new threshold 15 (max threshold 15)
[2023-11-15T23:21:51.428+0000][7][gc,age      ] GC(380) Age table with threshold 15 (max threshold 15)
[2023-11-15T23:21:51.428+0000][7][gc,age      ] GC(380) - age   1:    3276992 bytes,    3276992 total
[2023-11-15T23:21:51.428+0000][7][gc,age      ] GC(380) - age   2:      36272 bytes,    3313264 total
[2023-11-15T23:21:51.428+0000][7][gc,age      ] GC(380) - age   3:     392520 bytes,    3705784 total
[2023-11-15T23:21:51.428+0000][7][gc,age      ] GC(380) - age   4:     329648 bytes,    4035432 total
[2023-11-15T23:21:51.428+0000][7][gc,phases   ] GC(380)   Pre Evacuate Collection Set: 0.2ms
[2023-11-15T23:21:51.428+0000][7][gc,phases   ] GC(380)   Merge Heap Roots: 0.2ms
[2023-11-15T23:21:51.428+0000][7][gc,phases   ] GC(380)   Evacuate Collection Set: 3.4ms
[2023-11-15T23:21:51.428+0000][7][gc,phases   ] GC(380)   Post Evacuate Collection Set: 1.4ms
[2023-11-15T23:21:51.428+0000][7][gc,phases   ] GC(380)   Other: 0.5ms
[2023-11-15T23:21:51.428+0000][7][gc,heap     ] GC(380) Eden regions: 60->0(60)
[2023-11-15T23:21:51.428+0000][7][gc,heap     ] GC(380) Survivor regions: 1->1(8)
[2023-11-15T23:21:51.428+0000][7][gc,heap     ] GC(380) Old regions: 37->37
[2023-11-15T23:21:51.428+0000][7][gc,heap     ] GC(380) Archive regions: 2->2
[2023-11-15T23:21:51.428+0000][7][gc,heap     ] GC(380) Humongous regions: 6->6
[2023-11-15T23:21:51.428+0000][7][gc,metaspace] GC(380) Metaspace: 117568K(119168K)->117568K(119168K) NonClass: 102065K(103040K)->102065K(103040K) Class: 15502K(16128K)->15502K(16128K)
[2023-11-15T23:21:51.428+0000][7][gc          ] GC(380) Pause Young (Normal) (G1 Evacuation Pause) 417M->179M(512M) 5.739ms
[2023-11-15T23:21:51.428+0000][7][gc,cpu      ] GC(380) User=0.03s Sys=0.01s Real=0.01s
[2023-11-15T23:21:51.428+0000][7][safepoint   ] Safepoint "G1CollectForAllocation", Time since last: 4115987715 ns, Reaching safepoint: 111272 ns, At safepoint: 5937788 ns, Total: 6049060 ns
[2023-11-15T23:21:59.430+0000][7][safepoint   ] Safepoint "Cleanup", Time since last: 8001017687 ns, Reaching safepoint: 120180 ns, At safepoint: 13429 ns, Total: 133609 ns
[2023-11-15T23:22:05.805+0000][7][gc,start    ] GC(381) Pause Young (Normal) (G1 Evacuation Pause)
[2023-11-15T23:22:05.805+0000][7][gc,task     ] GC(381) Using 8 workers of 8 for evacuation
[2023-11-15T23:22:05.805+0000][7][gc,age      ] GC(381) Desired survivor size 16777216 bytes, new threshold 15 (max threshold 15)
[2023-11-15T23:22:05.811+0000][7][gc,age      ] GC(381) Age table with threshold 15 (max threshold 15)
[2023-11-15T23:22:05.811+0000][7][gc,age      ] GC(381) - age   1:    2210640 bytes,    2210640 total
[2023-11-15T23:22:05.811+0000][7][gc,age      ] GC(381) - age   2:    2440688 bytes,    4651328 total
[2023-11-15T23:22:05.811+0000][7][gc,age      ] GC(381) - age   3:      35888 bytes,    4687216 total
[2023-11-15T23:22:05.811+0000][7][gc,age      ] GC(381) - age   4:     258192 bytes,    4945408 total
[2023-11-15T23:22:05.811+0000][7][gc,age      ] GC(381) - age   5:     329040 bytes,    5274448 total
[2023-11-15T23:22:05.811+0000][7][gc,phases   ] GC(381)   Pre Evacuate Collection Set: 0.2ms
[2023-11-15T23:22:05.811+0000][7][gc,phases   ] GC(381)   Merge Heap Roots: 0.1ms
[2023-11-15T23:22:05.811+0000][7][gc,phases   ] GC(381)   Evacuate Collection Set: 4.2ms
[2023-11-15T23:22:05.811+0000][7][gc,phases   ] GC(381)   Post Evacuate Collection Set: 1.1ms
[2023-11-15T23:22:05.811+0000][7][gc,phases   ] GC(381)   Other: 0.4ms
[2023-11-15T23:22:05.811+0000][7][gc,heap     ] GC(381) Eden regions: 60->0(59)
[2023-11-15T23:22:05.811+0000][7][gc,heap     ] GC(381) Survivor regions: 1->2(8)
[2023-11-15T23:22:05.811+0000][7][gc,heap     ] GC(381) Old regions: 37->37
[2023-11-15T23:22:05.811+0000][7][gc,heap     ] GC(381) Archive regions: 2->2
[2023-11-15T23:22:05.811+0000][7][gc,heap     ] GC(381) Humongous regions: 6->6
[2023-11-15T23:22:05.811+0000][7][gc,metaspace] GC(381) Metaspace: 117568K(119168K)->117568K(119168K) NonClass: 102065K(103040K)->102065K(103040K) Class: 15502K(16128K)->15502K(16128K)
[2023-11-15T23:22:05.811+0000][7][gc          ] GC(381) Pause Young (Normal) (G1 Evacuation Pause) 419M->180M(512M) 6.140ms
[2023-11-15T23:22:05.811+0000][7][gc,cpu      ] GC(381) User=0.02s Sys=0.00s Real=0.00s
[2023-11-15T23:22:05.811+0000][7][safepoint   ] Safepoint "G1CollectForAllocation", Time since last: 6375068588 ns, Reaching safepoint: 80948 ns, At safepoint: 6311175 ns, Total: 6392123 ns
[2023-11-15T23:22:14.812+0000][7][safepoint   ] Safepoint "Cleanup", Time since last: 9001284628 ns, Reaching safepoint: 64242 ns, At safepoint: 14227 ns, Total: 78469 ns
[2023-11-15T23:22:17.813+0000][7][safepoint   ] Safepoint "Cleanup", Time since last: 3000395973 ns, Reaching safepoint: 71995 ns, At safepoint: 8952 ns, Total: 80947 ns
[2023-11-15T23:22:22.209+0000][7][gc,start    ] GC(382) Pause Young (Concurrent Start) (G1 Evacuation Pause)
[2023-11-15T23:22:22.210+0000][7][gc,task     ] GC(382) Using 8 workers of 8 for evacuation
[2023-11-15T23:22:22.211+0000][7][gc,age      ] GC(382) Desired survivor size 16777216 bytes, new threshold 15 (max threshold 15)
[2023-11-15T23:22:22.225+0000][7][gc,age      ] GC(382) Age table with threshold 15 (max threshold 15)
[2023-11-15T23:22:22.225+0000][7][gc,age      ] GC(382) - age   1:    1175808 bytes,    1175808 total
[2023-11-15T23:22:22.225+0000][7][gc,age      ] GC(382) - age   2:    1388096 bytes,    2563904 total
[2023-11-15T23:22:22.225+0000][7][gc,age      ] GC(382) - age   3:    2436936 bytes,    5000840 total
[2023-11-15T23:22:22.225+0000][7][gc,age      ] GC(382) - age   4:      33352 bytes,    5034192 total
[2023-11-15T23:22:22.225+0000][7][gc,age      ] GC(382) - age   5:     257904 bytes,    5292096 total
[2023-11-15T23:22:22.225+0000][7][gc,age      ] GC(382) - age   6:     328184 bytes,    5620280 total
[2023-11-15T23:22:22.225+0000][7][gc,phases   ] GC(382)   Pre Evacuate Collection Set: 1.1ms
[2023-11-15T23:22:22.225+0000][7][gc,phases   ] GC(382)   Merge Heap Roots: 0.4ms
[2023-11-15T23:22:22.225+0000][7][gc,phases   ] GC(382)   Evacuate Collection Set: 6.1ms
[2023-11-15T23:22:22.225+0000][7][gc,phases   ] GC(382)   Post Evacuate Collection Set: 5.7ms
[2023-11-15T23:22:22.225+0000][7][gc,phases   ] GC(382)   Other: 5.2ms
[2023-11-15T23:22:22.226+0000][7][gc,heap     ] GC(382) Eden regions: 59->0(59)
[2023-11-15T23:22:22.226+0000][7][gc,heap     ] GC(382) Survivor regions: 2->2(8)
[2023-11-15T23:22:22.226+0000][7][gc,heap     ] GC(382) Old regions: 37->37
[2023-11-15T23:22:22.226+0000][7][gc,heap     ] GC(382) Archive regions: 2->2
[2023-11-15T23:22:22.226+0000][7][gc,heap     ] GC(382) Humongous regions: 6->6
[2023-11-15T23:22:22.227+0000][7][gc,metaspace] GC(382) Metaspace: 117568K(119168K)->117568K(119168K) NonClass: 102065K(103040K)->102065K(103040K) Class: 15502K(16128K)->15502K(16128K)
[2023-11-15T23:22:22.228+0000][7][gc          ] GC(382) Pause Young (Concurrent Start) (G1 Evacuation Pause) 416M->180M(512M) 18.305ms
[2023-11-15T23:22:22.228+0000][7][gc,cpu      ] GC(382) User=0.01s Sys=0.00s Real=0.02s
[2023-11-15T23:22:22.228+0000][7][safepoint   ] Safepoint "G1CollectForAllocation", Time since last: 4386695044 ns, Reaching safepoint: 68914 ns, At safepoint: 28416571 ns, Total: 28485485 ns
[2023-11-15T23:22:22.228+0000][7][gc          ] GC(383) Concurrent Mark Cycle
[2023-11-15T23:22:22.228+0000][7][gc,marking  ] GC(383) Concurrent Clear Claimed Marks
[2023-11-15T23:22:22.228+0000][7][gc,marking  ] GC(383) Concurrent Clear Claimed Marks 0.089ms
[2023-11-15T23:22:22.228+0000][7][gc,marking  ] GC(383) Concurrent Scan Root Regions
[2023-11-15T23:22:22.231+0000][7][gc,marking  ] GC(383) Concurrent Scan Root Regions 2.367ms
[2023-11-15T23:22:22.231+0000][7][gc,marking  ] GC(383) Concurrent Mark
[2023-11-15T23:22:22.231+0000][7][gc,marking  ] GC(383) Concurrent Mark From Roots
[2023-11-15T23:22:22.231+0000][7][gc,task     ] GC(383) Using 2 workers of 2 for marking
[2023-11-15T23:22:22.300+0000][7][gc,marking  ] GC(383) Concurrent Mark From Roots 69.226ms
[2023-11-15T23:22:22.300+0000][7][gc,marking  ] GC(383) Concurrent Preclean
[2023-11-15T23:22:22.300+0000][7][gc,marking  ] GC(383) Concurrent Preclean 0.200ms
[2023-11-15T23:22:22.300+0000][7][gc,start    ] GC(383) Pause Remark
[2023-11-15T23:22:22.322+0000][7][gc          ] GC(383) Pause Remark 183M->183M(512M) 21.522ms
[2023-11-15T23:22:22.322+0000][7][gc,cpu      ] GC(383) User=0.04s Sys=0.01s Real=0.02s
[2023-11-15T23:22:22.322+0000][7][safepoint   ] Safepoint "G1Concurrent", Time since last: 72039698 ns, Reaching safepoint: 22728 ns, At safepoint: 21617230 ns, Total: 21639958 ns
[2023-11-15T23:22:22.322+0000][7][gc,marking  ] GC(383) Concurrent Mark 91.162ms
[2023-11-15T23:22:22.322+0000][7][gc,marking  ] GC(383) Concurrent Rebuild Remembered Sets
[2023-11-15T23:22:22.356+0000][7][gc,marking  ] GC(383) Concurrent Rebuild Remembered Sets 33.944ms
[2023-11-15T23:22:22.356+0000][7][gc,start    ] GC(383) Pause Cleanup
[2023-11-15T23:22:22.356+0000][7][gc          ] GC(383) Pause Cleanup 183M->183M(512M) 0.211ms
[2023-11-15T23:22:22.356+0000][7][gc,cpu      ] GC(383) User=0.00s Sys=0.00s Real=0.00s
[2023-11-15T23:22:22.356+0000][7][safepoint   ] Safepoint "G1Concurrent", Time since last: 34042428 ns, Reaching safepoint: 25795 ns, At safepoint: 253750 ns, Total: 279545 ns
[2023-11-15T23:22:22.356+0000][7][gc,marking  ] GC(383) Concurrent Cleanup for Next Mark
[2023-11-15T23:22:22.360+0000][7][gc,marking  ] GC(383) Concurrent Cleanup for Next Mark 3.804ms
[2023-11-15T23:22:22.360+0000][7][gc          ] GC(383) Concurrent Mark Cycle 131.815ms
[2023-11-15T23:22:26.357+0000][7][safepoint   ] Safepoint "Cleanup", Time since last: 4000353894 ns, Reaching safepoint: 103997 ns, At safepoint: 8838 ns, Total: 112835 ns
[2023-11-15T23:22:32.357+0000][7][safepoint   ] Safepoint "Cleanup", Time since last: 6000590733 ns, Reaching safepoint: 59088 ns, At safepoint: 5518 ns, Total: 64606 ns
[2023-11-15T23:22:35.797+0000][7][gc,start    ] GC(384) Pause Young (Prepare Mixed) (G1 Evacuation Pause)
[2023-11-15T23:22:35.797+0000][7][gc,task     ] GC(384) Using 8 workers of 8 for evacuation
[2023-11-15T23:22:35.797+0000][7][gc,age      ] GC(384) Desired survivor size 16777216 bytes, new threshold 15 (max threshold 15)
[2023-11-15T23:22:35.813+0000][7][gc,age      ] GC(384) Age table with threshold 15 (max threshold 15)
[2023-11-15T23:22:35.813+0000][7][gc,age      ] GC(384) - age   1:    1567136 bytes,    1567136 total
[2023-11-15T23:22:35.813+0000][7][gc,age      ] GC(384) - age   2:    1019144 bytes,    2586280 total
[2023-11-15T23:22:35.813+0000][7][gc,age      ] GC(384) - age   3:    1377808 bytes,    3964088 total
[2023-11-15T23:22:35.813+0000][7][gc,age      ] GC(384) - age   4:    2416136 bytes,    6380224 total
[2023-11-15T23:22:35.813+0000][7][gc,age      ] GC(384) - age   5:      33352 bytes,    6413576 total
[2023-11-15T23:22:35.813+0000][7][gc,age      ] GC(384) - age   6:     252304 bytes,    6665880 total
[2023-11-15T23:22:35.813+0000][7][gc,age      ] GC(384) - age   7:     328120 bytes,    6994000 total
[2023-11-15T23:22:35.813+0000][7][gc,phases   ] GC(384)   Pre Evacuate Collection Set: 0.2ms
[2023-11-15T23:22:35.813+0000][7][gc,phases   ] GC(384)   Merge Heap Roots: 0.2ms
[2023-11-15T23:22:35.813+0000][7][gc,phases   ] GC(384)   Evacuate Collection Set: 14.0ms
[2023-11-15T23:22:35.813+0000][7][gc,phases   ] GC(384)   Post Evacuate Collection Set: 1.1ms
[2023-11-15T23:22:35.813+0000][7][gc,phases   ] GC(384)   Other: 0.4ms
[2023-11-15T23:22:35.813+0000][7][gc,heap     ] GC(384) Eden regions: 59->0(4)
[2023-11-15T23:22:35.813+0000][7][gc,heap     ] GC(384) Survivor regions: 2->2(8)
[2023-11-15T23:22:35.813+0000][7][gc,heap     ] GC(384) Old regions: 37->37
[2023-11-15T23:22:35.813+0000][7][gc,heap     ] GC(384) Archive regions: 2->2
[2023-11-15T23:22:35.813+0000][7][gc,heap     ] GC(384) Humongous regions: 6->6
[2023-11-15T23:22:35.813+0000][7][gc,metaspace] GC(384) Metaspace: 117569K(119168K)->117569K(119168K) NonClass: 102066K(103040K)->102066K(103040K) Class: 15502K(16128K)->15502K(16128K)
[2023-11-15T23:22:35.813+0000][7][gc          ] GC(384) Pause Young (Prepare Mixed) (G1 Evacuation Pause) 416M->182M(512M) 15.898ms
[2023-11-15T23:22:35.813+0000][7][gc,cpu      ] GC(384) User=0.06s Sys=0.02s Real=0.01s
[2023-11-15T23:22:35.813+0000][7][safepoint   ] Safepoint "G1CollectForAllocation", Time since last: 3439379896 ns, Reaching safepoint: 539134 ns, At safepoint: 16069130 ns, Total: 16608264 ns
[2023-11-15T23:22:36.895+0000][7][gc,start    ] GC(385) Pause Young (Mixed) (G1 Evacuation Pause)
[2023-11-15T23:22:36.895+0000][7][gc,task     ] GC(385) Using 8 workers of 8 for evacuation
[2023-11-15T23:22:36.895+0000][7][gc,age      ] GC(385) Desired survivor size 2097152 bytes, new threshold 2 (max threshold 15)
[2023-11-15T23:22:36.910+0000][7][gc,age      ] GC(385) Age table with threshold 2 (max threshold 15)
[2023-11-15T23:22:36.910+0000][7][gc,age      ] GC(385) - age   1:     261288 bytes,     261288 total
[2023-11-15T23:22:36.910+0000][7][gc,age      ] GC(385) - age   2:     334576 bytes,     595864 total
[2023-11-15T23:22:36.910+0000][7][gc,phases   ] GC(385)   Pre Evacuate Collection Set: 0.1ms
[2023-11-15T23:22:36.910+0000][7][gc,phases   ] GC(385)   Merge Heap Roots: 0.1ms
[2023-11-15T23:22:36.910+0000][7][gc,phases   ] GC(385)   Evacuate Collection Set: 13.6ms
[2023-11-15T23:22:36.910+0000][7][gc,phases   ] GC(385)   Post Evacuate Collection Set: 1.1ms
[2023-11-15T23:22:36.910+0000][7][gc,phases   ] GC(385)   Other: 0.4ms
[2023-11-15T23:22:36.910+0000][7][gc,heap     ] GC(385) Eden regions: 4->0(59)
[2023-11-15T23:22:36.910+0000][7][gc,heap     ] GC(385) Survivor regions: 2->1(1)
[2023-11-15T23:22:36.910+0000][7][gc,heap     ] GC(385) Old regions: 37->38
[2023-11-15T23:22:36.910+0000][7][gc,heap     ] GC(385) Archive regions: 2->2
[2023-11-15T23:22:36.910+0000][7][gc,heap     ] GC(385) Humongous regions: 6->6
[2023-11-15T23:22:36.910+0000][7][gc,metaspace] GC(385) Metaspace: 117569K(119168K)->117569K(119168K) NonClass: 102066K(103040K)->102066K(103040K) Class: 15502K(16128K)->15502K(16128K)
[2023-11-15T23:22:36.910+0000][7][gc          ] GC(385) Pause Young (Mixed) (G1 Evacuation Pause) 198M->179M(512M) 15.381ms
[2023-11-15T23:22:36.910+0000][7][gc,cpu      ] GC(385) User=0.03s Sys=0.01s Real=0.01s
[2023-11-15T23:22:36.910+0000][7][safepoint   ] Safepoint "G1CollectForAllocation", Time since last: 1081148062 ns, Reaching safepoint: 76898 ns, At safepoint: 15595129 ns, Total: 15672027 ns
[2023-11-15T23:22:50.964+0000][7][gc,start    ] GC(386) Pause Young (Normal) (G1 Evacuation Pause)
[2023-11-15T23:22:50.964+0000][7][gc,task     ] GC(386) Using 8 workers of 8 for evacuation
[2023-11-15T23:22:50.964+0000][7][gc,age      ] GC(386) Desired survivor size 16777216 bytes, new threshold 15 (max threshold 15)
[2023-11-15T23:22:50.965+0000][7][gc,age      ] GC(386) Age table with threshold 15 (max threshold 15)
[2023-11-15T23:22:50.965+0000][7][gc,age      ] GC(386) - age   1:    1257208 bytes,    1257208 total
[2023-11-15T23:22:50.965+0000][7][gc,age      ] GC(386) - age   2:     152280 bytes,    1409488 total
[2023-11-15T23:22:50.965+0000][7][gc,age      ] GC(386) - age   3:     303968 bytes,    1713456 total
[2023-11-15T23:22:50.965+0000][7][gc,phases   ] GC(386)   Pre Evacuate Collection Set: 0.1ms
[2023-11-15T23:22:50.965+0000][7][gc,phases   ] GC(386)   Merge Heap Roots: 0.0ms
[2023-11-15T23:22:50.965+0000][7][gc,phases   ] GC(386)   Evacuate Collection Set: 0.9ms
[2023-11-15T23:22:50.965+0000][7][gc,phases   ] GC(386)   Post Evacuate Collection Set: 0.4ms
[2023-11-15T23:22:50.965+0000][7][gc,phases   ] GC(386)   Other: 0.2ms
[2023-11-15T23:22:50.965+0000][7][gc,heap     ] GC(386) Eden regions: 59->0(59)
[2023-11-15T23:22:50.965+0000][7][gc,heap     ] GC(386) Survivor regions: 1->1(8)
[2023-11-15T23:22:50.965+0000][7][gc,heap     ] GC(386) Old regions: 38->38
[2023-11-15T23:22:50.965+0000][7][gc,heap     ] GC(386) Archive regions: 2->2
[2023-11-15T23:22:50.965+0000][7][gc,heap     ] GC(386) Humongous regions: 6->6
[2023-11-15T23:22:50.965+0000][7][gc,metaspace] GC(386) Metaspace: 117577K(119168K)->117577K(119168K) NonClass: 102074K(103040K)->102074K(103040K) Class: 15502K(16128K)->15502K(16128K)
[2023-11-15T23:22:50.965+0000][7][gc          ] GC(386) Pause Young (Normal) (G1 Evacuation Pause) 415M->180M(512M) 1.507ms
[2023-11-15T23:22:50.965+0000][7][gc,cpu      ] GC(386) User=0.00s Sys=0.00s Real=0.01s
[2023-11-15T23:22:50.965+0000][7][safepoint   ] Safepoint "G1CollectForAllocation", Time since last: 14053685512 ns, Reaching safepoint: 33697 ns, At safepoint: 1591896 ns, Total: 1625593 ns
[2023-11-15T23:22:53.966+0000][7][safepoint   ] Safepoint "Cleanup", Time since last: 3000328720 ns, Reaching safepoint: 64025 ns, At safepoint: 11394 ns, Total: 75419 ns
[2023-11-15T23:23:05.977+0000][7][gc,start    ] GC(387) Pause Young (Normal) (G1 Evacuation Pause)
[2023-11-15T23:23:05.977+0000][7][gc,task     ] GC(387) Using 8 workers of 8 for evacuation
[2023-11-15T23:23:05.977+0000][7][gc,age      ] GC(387) Desired survivor size 16777216 bytes, new threshold 15 (max threshold 15)
[2023-11-15T23:23:05.982+0000][7][gc,age      ] GC(387) Age table with threshold 15 (max threshold 15)
[2023-11-15T23:23:05.982+0000][7][gc,age      ] GC(387) - age   1:    1377312 bytes,    1377312 total
[2023-11-15T23:23:05.982+0000][7][gc,age      ] GC(387) - age   2:     284648 bytes,    1661960 total
[2023-11-15T23:23:05.982+0000][7][gc,age      ] GC(387) - age   3:      57504 bytes,    1719464 total
[2023-11-15T23:23:05.982+0000][7][gc,age      ] GC(387) - age   4:     292456 bytes,    2011920 total
[2023-11-15T23:23:05.982+0000][7][gc,phases   ] GC(387)   Pre Evacuate Collection Set: 0.1ms
[2023-11-15T23:23:05.982+0000][7][gc,phases   ] GC(387)   Merge Heap Roots: 0.1ms
[2023-11-15T23:23:05.982+0000][7][gc,phases   ] GC(387)   Evacuate Collection Set: 4.3ms
[2023-11-15T23:23:05.982+0000][7][gc,phases   ] GC(387)   Post Evacuate Collection Set: 0.7ms
[2023-11-15T23:23:05.982+0000][7][gc,phases   ] GC(387)   Other: 0.2ms
[2023-11-15T23:23:05.982+0000][7][gc,heap     ] GC(387) Eden regions: 59->0(59)
[2023-11-15T23:23:05.982+0000][7][gc,heap     ] GC(387) Survivor regions: 1->1(8)
[2023-11-15T23:23:05.982+0000][7][gc,heap     ] GC(387) Old regions: 38->38
[2023-11-15T23:23:05.982+0000][7][gc,heap     ] GC(387) Archive regions: 2->2
[2023-11-15T23:23:05.982+0000][7][gc,heap     ] GC(387) Humongous regions: 6->6
[2023-11-15T23:23:05.982+0000][7][gc,metaspace] GC(387) Metaspace: 117577K(119168K)->117577K(119168K) NonClass: 102074K(103040K)->102074K(103040K) Class: 15502K(16128K)->15502K(16128K)
[2023-11-15T23:23:05.982+0000][7][gc          ] GC(387) Pause Young (Normal) (G1 Evacuation Pause) 416M->180M(512M) 5.413ms
[2023-11-15T23:23:05.982+0000][7][gc,cpu      ] GC(387) User=0.01s Sys=0.00s Real=0.00s
[2023-11-15T23:23:05.982+0000][7][safepoint   ] Safepoint "G1CollectForAllocation", Time since last: 12011078509 ns, Reaching safepoint: 43058 ns, At safepoint: 5506497 ns, Total: 5549555 ns
[2023-11-15T23:23:07.983+0000][7][safepoint   ] Safepoint "Cleanup", Time since last: 2000194236 ns, Reaching safepoint: 126335 ns, At safepoint: 33685 ns, Total: 160020 ns
[2023-11-15T23:23:13.984+0000][7][safepoint   ] Safepoint "Cleanup", Time since last: 6000708491 ns, Reaching safepoint: 105155 ns, At safepoint: 12695 ns, Total: 117850 ns
[2023-11-15T23:23:20.398+0000][7][gc,start    ] GC(388) Pause Young (Concurrent Start) (G1 Evacuation Pause)
[2023-11-15T23:23:20.398+0000][7][gc,task     ] GC(388) Using 8 workers of 8 for evacuation
[2023-11-15T23:23:20.398+0000][7][gc,age      ] GC(388) Desired survivor size 16777216 bytes, new threshold 15 (max threshold 15)
[2023-11-15T23:23:20.402+0000][7][gc,age      ] GC(388) Age table with threshold 15 (max threshold 15)
[2023-11-15T23:23:20.402+0000][7][gc,age      ] GC(388) - age   1:    1551072 bytes,    1551072 total
[2023-11-15T23:23:20.402+0000][7][gc,age      ] GC(388) - age   2:     283080 bytes,    1834152 total
[2023-11-15T23:23:20.402+0000][7][gc,age      ] GC(388) - age   3:     234208 bytes,    2068360 total
[2023-11-15T23:23:20.402+0000][7][gc,age      ] GC(388) - age   4:      55576 bytes,    2123936 total
[2023-11-15T23:23:20.402+0000][7][gc,age      ] GC(388) - age   5:     291872 bytes,    2415808 total
[2023-11-15T23:23:20.402+0000][7][gc,phases   ] GC(388)   Pre Evacuate Collection Set: 0.3ms
[2023-11-15T23:23:20.403+0000][7][gc,phases   ] GC(388)   Merge Heap Roots: 0.1ms
[2023-11-15T23:23:20.403+0000][7][gc,phases   ] GC(388)   Evacuate Collection Set: 3.0ms
[2023-11-15T23:23:20.403+0000][7][gc,phases   ] GC(388)   Post Evacuate Collection Set: 1.0ms
[2023-11-15T23:23:20.403+0000][7][gc,phases   ] GC(388)   Other: 0.4ms
[2023-11-15T23:23:20.403+0000][7][gc,heap     ] GC(388) Eden regions: 59->0(59)
[2023-11-15T23:23:20.403+0000][7][gc,heap     ] GC(388) Survivor regions: 1->1(8)
[2023-11-15T23:23:20.403+0000][7][gc,heap     ] GC(388) Old regions: 38->38
[2023-11-15T23:23:20.403+0000][7][gc,heap     ] GC(388) Archive regions: 2->2
[2023-11-15T23:23:20.403+0000][7][gc,heap     ] GC(388) Humongous regions: 6->6
[2023-11-15T23:23:20.403+0000][7][gc,metaspace] GC(388) Metaspace: 117579K(119168K)->117579K(119168K) NonClass: 102076K(103040K)->102076K(103040K) Class: 15502K(16128K)->15502K(16128K)
[2023-11-15T23:23:20.403+0000][7][gc          ] GC(388) Pause Young (Concurrent Start) (G1 Evacuation Pause) 416M->180M(512M) 4.912ms
[2023-11-15T23:23:20.403+0000][7][gc,cpu      ] GC(388) User=0.02s Sys=0.00s Real=0.00s
[2023-11-15T23:23:20.403+0000][7][safepoint   ] Safepoint "G1CollectForAllocation", Time since last: 6414090474 ns, Reaching safepoint: 62303 ns, At safepoint: 5079446 ns, Total: 5141749 ns
[2023-11-15T23:23:20.403+0000][7][gc          ] GC(389) Concurrent Mark Cycle
[2023-11-15T23:23:20.403+0000][7][gc,marking  ] GC(389) Concurrent Clear Claimed Marks
[2023-11-15T23:23:20.403+0000][7][gc,marking  ] GC(389) Concurrent Clear Claimed Marks 0.142ms
[2023-11-15T23:23:20.403+0000][7][gc,marking  ] GC(389) Concurrent Scan Root Regions
[2023-11-15T23:23:20.408+0000][7][gc,marking  ] GC(389) Concurrent Scan Root Regions 4.993ms
[2023-11-15T23:23:20.408+0000][7][gc,marking  ] GC(389) Concurrent Mark
[2023-11-15T23:23:20.408+0000][7][gc,marking  ] GC(389) Concurrent Mark From Roots
[2023-11-15T23:23:20.408+0000][7][gc,task     ] GC(389) Using 2 workers of 2 for marking
[2023-11-15T23:23:20.490+0000][7][gc,marking  ] GC(389) Concurrent Mark From Roots 81.823ms
[2023-11-15T23:23:20.490+0000][7][gc,marking  ] GC(389) Concurrent Preclean
[2023-11-15T23:23:20.490+0000][7][gc,marking  ] GC(389) Concurrent Preclean 0.195ms
[2023-11-15T23:23:20.490+0000][7][gc,start    ] GC(389) Pause Remark
[2023-11-15T23:23:20.496+0000][7][gc          ] GC(389) Pause Remark 183M->183M(512M) 5.676ms
[2023-11-15T23:23:20.496+0000][7][gc,cpu      ] GC(389) User=0.04s Sys=0.00s Real=0.01s
[2023-11-15T23:23:20.496+0000][7][safepoint   ] Safepoint "G1Concurrent", Time since last: 87389416 ns, Reaching safepoint: 43523 ns, At safepoint: 5789334 ns, Total: 5832857 ns
[2023-11-15T23:23:20.496+0000][7][gc,marking  ] GC(389) Concurrent Mark 87.961ms
[2023-11-15T23:23:20.496+0000][7][gc,marking  ] GC(389) Concurrent Rebuild Remembered Sets
[2023-11-15T23:23:20.529+0000][7][gc,marking  ] GC(389) Concurrent Rebuild Remembered Sets 32.757ms
[2023-11-15T23:23:20.529+0000][7][gc,start    ] GC(389) Pause Cleanup
[2023-11-15T23:23:20.529+0000][7][gc          ] GC(389) Pause Cleanup 183M->183M(512M) 0.097ms
[2023-11-15T23:23:20.529+0000][7][gc,cpu      ] GC(389) User=0.01s Sys=0.00s Real=0.00s
[2023-11-15T23:23:20.529+0000][7][safepoint   ] Safepoint "G1Concurrent", Time since last: 32907575 ns, Reaching safepoint: 43774 ns, At safepoint: 134948 ns, Total: 178722 ns
[2023-11-15T23:23:20.529+0000][7][gc,marking  ] GC(389) Concurrent Cleanup for Next Mark
[2023-11-15T23:23:20.530+0000][7][gc,marking  ] GC(389) Concurrent Cleanup for Next Mark 0.474ms
[2023-11-15T23:23:20.530+0000][7][gc          ] GC(389) Concurrent Mark Cycle 126.918ms
[2023-11-15T23:23:23.266+0000][7][safepoint   ] Safepoint "Cleanup", Time since last: 2736647934 ns, Reaching safepoint: 57696 ns, At safepoint: 3421 ns, Total: 61117 ns
[2023-11-15T23:23:24.266+0000][7][safepoint   ] Safepoint "Cleanup", Time since last: 1000102601 ns, Reaching safepoint: 82155 ns, At safepoint: 6583 ns, Total: 88738 ns
[2023-11-15T23:23:24.720+0000][7][gc,start    ] GC(390) Pause Young (Prepare Mixed) (G1 Evacuation Pause)
[2023-11-15T23:23:24.720+0000][7][gc,task     ] GC(390) Using 8 workers of 8 for evacuation
[2023-11-15T23:23:24.720+0000][7][gc,age      ] GC(390) Desired survivor size 16777216 bytes, new threshold 15 (max threshold 15)
[2023-11-15T23:23:24.723+0000][7][gc,age      ] GC(390) Age table with threshold 15 (max threshold 15)
[2023-11-15T23:23:24.724+0000][7][gc,age      ] GC(390) - age   1:    4896280 bytes,    4896280 total
[2023-11-15T23:23:24.724+0000][7][gc,age      ] GC(390) - age   2:     555984 bytes,    5452264 total
[2023-11-15T23:23:24.724+0000][7][gc,age      ] GC(390) - age   3:     282016 bytes,    5734280 total
[2023-11-15T23:23:24.724+0000][7][gc,age      ] GC(390) - age   4:     233224 bytes,    5967504 total
[2023-11-15T23:23:24.724+0000][7][gc,age      ] GC(390) - age   5:      55576 bytes,    6023080 total
[2023-11-15T23:23:24.724+0000][7][gc,age      ] GC(390) - age   6:     282992 bytes,    6306072 total
[2023-11-15T23:23:24.724+0000][7][gc,phases   ] GC(390)   Pre Evacuate Collection Set: 0.1ms
[2023-11-15T23:23:24.724+0000][7][gc,phases   ] GC(390)   Merge Heap Roots: 0.0ms
[2023-11-15T23:23:24.724+0000][7][gc,phases   ] GC(390)   Evacuate Collection Set: 2.4ms
[2023-11-15T23:23:24.724+0000][7][gc,phases   ] GC(390)   Post Evacuate Collection Set: 0.5ms
[2023-11-15T23:23:24.724+0000][7][gc,phases   ] GC(390)   Other: 0.2ms
[2023-11-15T23:23:24.724+0000][7][gc,heap     ] GC(390) Eden regions: 59->0(4)
[2023-11-15T23:23:24.724+0000][7][gc,heap     ] GC(390) Survivor regions: 1->2(8)
[2023-11-15T23:23:24.724+0000][7][gc,heap     ] GC(390) Old regions: 38->38
[2023-11-15T23:23:24.724+0000][7][gc,heap     ] GC(390) Archive regions: 2->2
[2023-11-15T23:23:24.724+0000][7][gc,heap     ] GC(390) Humongous regions: 6->6
[2023-11-15T23:23:24.724+0000][7][gc,metaspace] GC(390) Metaspace: 117590K(119168K)->117590K(119168K) NonClass: 102086K(103040K)->102086K(103040K) Class: 15504K(16128K)->15504K(16128K)
[2023-11-15T23:23:24.724+0000][7][gc          ] GC(390) Pause Young (Prepare Mixed) (G1 Evacuation Pause) 416M->184M(512M) 3.194ms
[2023-11-15T23:23:24.724+0000][7][gc,cpu      ] GC(390) User=0.02s Sys=0.00s Real=0.00s
[2023-11-15T23:23:24.724+0000][7][safepoint   ] Safepoint "G1CollectForAllocation", Time since last: 454339154 ns, Reaching safepoint: 69230 ns, At safepoint: 3288824 ns, Total: 3358054 ns
[2023-11-15T23:23:24.819+0000][7][gc,start    ] GC(391) Pause Young (Mixed) (G1 Evacuation Pause)
[2023-11-15T23:23:24.819+0000][7][gc,task     ] GC(391) Using 8 workers of 8 for evacuation
[2023-11-15T23:23:24.819+0000][7][gc,age      ] GC(391) Desired survivor size 2097152 bytes, new threshold 1 (max threshold 15)
[2023-11-15T23:23:24.848+0000][7][gc,age      ] GC(391) Age table with threshold 1 (max threshold 15)
[2023-11-15T23:23:24.848+0000][7][gc,age      ] GC(391) - age   1:     361848 bytes,     361848 total
[2023-11-15T23:23:24.848+0000][7][gc,phases   ] GC(391)   Pre Evacuate Collection Set: 0.1ms
[2023-11-15T23:23:24.848+0000][7][gc,phases   ] GC(391)   Merge Heap Roots: 0.1ms
[2023-11-15T23:23:24.848+0000][7][gc,phases   ] GC(391)   Evacuate Collection Set: 18.9ms
[2023-11-15T23:23:24.848+0000][7][gc,phases   ] GC(391)   Post Evacuate Collection Set: 9.9ms
[2023-11-15T23:23:24.848+0000][7][gc,phases   ] GC(391)   Other: 0.2ms
[2023-11-15T23:23:24.848+0000][7][gc,heap     ] GC(391) Eden regions: 4->0(57)
[2023-11-15T23:23:24.848+0000][7][gc,heap     ] GC(391) Survivor regions: 2->1(1)
[2023-11-15T23:23:24.848+0000][7][gc,heap     ] GC(391) Old regions: 38->39
[2023-11-15T23:23:24.848+0000][7][gc,heap     ] GC(391) Archive regions: 2->2
[2023-11-15T23:23:24.848+0000][7][gc,heap     ] GC(391) Humongous regions: 6->6
[2023-11-15T23:23:24.848+0000][7][gc,metaspace] GC(391) Metaspace: 117590K(119168K)->117590K(119168K) NonClass: 102086K(103040K)->102086K(103040K) Class: 15504K(16128K)->15504K(16128K)
[2023-11-15T23:23:24.848+0000][7][gc          ] GC(391) Pause Young (Mixed) (G1 Evacuation Pause) 200M->182M(512M) 29.110ms
[2023-11-15T23:23:24.848+0000][7][gc,cpu      ] GC(391) User=0.07s Sys=0.02s Real=0.03s
[2023-11-15T23:23:24.848+0000][7][safepoint   ] Safepoint "G1CollectForAllocation", Time since last: 95173652 ns, Reaching safepoint: 46634 ns, At safepoint: 29197435 ns, Total: 29244069 ns
[2023-11-15T23:23:26.242+0000][7][safepoint   ] Safepoint "Cleanup", Time since last: 1393396682 ns, Reaching safepoint: 106119 ns, At safepoint: 13587 ns, Total: 119706 ns
[2023-11-15T23:23:35.463+0000][7][gc,start    ] GC(392) Pause Young (Normal) (G1 Evacuation Pause)
[2023-11-15T23:23:35.463+0000][7][gc,task     ] GC(392) Using 8 workers of 8 for evacuation
[2023-11-15T23:23:35.463+0000][7][gc,age      ] GC(392) Desired survivor size 16777216 bytes, new threshold 15 (max threshold 15)
[2023-11-15T23:23:35.467+0000][7][gc,age      ] GC(392) Age table with threshold 15 (max threshold 15)
[2023-11-15T23:23:35.467+0000][7][gc,age      ] GC(392) - age   1:    1512400 bytes,    1512400 total
[2023-11-15T23:23:35.467+0000][7][gc,age      ] GC(392) - age   2:       1960 bytes,    1514360 total
[2023-11-15T23:23:35.467+0000][7][gc,phases   ] GC(392)   Pre Evacuate Collection Set: 0.1ms
[2023-11-15T23:23:35.467+0000][7][gc,phases   ] GC(392)   Merge Heap Roots: 0.1ms
[2023-11-15T23:23:35.467+0000][7][gc,phases   ] GC(392)   Evacuate Collection Set: 2.4ms
[2023-11-15T23:23:35.467+0000][7][gc,phases   ] GC(392)   Post Evacuate Collection Set: 0.9ms
[2023-11-15T23:23:35.467+0000][7][gc,phases   ] GC(392)   Other: 0.4ms
[2023-11-15T23:23:35.467+0000][7][gc,heap     ] GC(392) Eden regions: 57->0(57)
[2023-11-15T23:23:35.467+0000][7][gc,heap     ] GC(392) Survivor regions: 1->1(8)
[2023-11-15T23:23:35.467+0000][7][gc,heap     ] GC(392) Old regions: 39->39
[2023-11-15T23:23:35.467+0000][7][gc,heap     ] GC(392) Archive regions: 2->2
[2023-11-15T23:23:35.467+0000][7][gc,heap     ] GC(392) Humongous regions: 6->6
[2023-11-15T23:23:35.467+0000][7][gc,metaspace] GC(392) Metaspace: 117592K(119168K)->117592K(119168K) NonClass: 102087K(103040K)->102087K(103040K) Class: 15504K(16128K)->15504K(16128K)
[2023-11-15T23:23:35.467+0000][7][gc          ] GC(392) Pause Young (Normal) (G1 Evacuation Pause) 410M->183M(512M) 3.977ms
[2023-11-15T23:23:35.467+0000][7][gc,cpu      ] GC(392) User=0.02s Sys=0.00s Real=0.01s
[2023-11-15T23:23:35.467+0000][7][safepoint   ] Safepoint "G1CollectForAllocation", Time since last: 9221311398 ns, Reaching safepoint: 121329 ns, At safepoint: 4214519 ns, Total: 4335848 ns
[2023-11-15T23:23:38.468+0000][7][safepoint   ] Safepoint "Cleanup", Time since last: 3000256685 ns, Reaching safepoint: 98694 ns, At safepoint: 13030 ns, Total: 111724 ns
[2023-11-15T23:23:41.468+0000][7][safepoint   ] Safepoint "Cleanup", Time since last: 3000393715 ns, Reaching safepoint: 157523 ns, At safepoint: 25834 ns, Total: 183357 ns
[2023-11-15T23:23:47.469+0000][7][safepoint   ] Safepoint "Cleanup", Time since last: 6000704896 ns, Reaching safepoint: 96459 ns, At safepoint: 19014 ns, Total: 115473 ns
[2023-11-15T23:23:49.470+0000][7][safepoint   ] Safepoint "Cleanup", Time since last: 2000364858 ns, Reaching safepoint: 117710 ns, At safepoint: 18528 ns, Total: 136238 ns
[2023-11-15T23:23:50.290+0000][7][gc,start    ] GC(393) Pause Young (Normal) (G1 Evacuation Pause)
[2023-11-15T23:23:50.290+0000][7][gc,task     ] GC(393) Using 8 workers of 8 for evacuation
[2023-11-15T23:23:50.290+0000][7][gc,age      ] GC(393) Desired survivor size 16777216 bytes, new threshold 15 (max threshold 15)
[2023-11-15T23:23:50.294+0000][7][gc,age      ] GC(393) Age table with threshold 15 (max threshold 15)
[2023-11-15T23:23:50.294+0000][7][gc,age      ] GC(393) - age   1:    1426448 bytes,    1426448 total
[2023-11-15T23:23:50.294+0000][7][gc,age      ] GC(393) - age   2:     553440 bytes,    1979888 total
[2023-11-15T23:23:50.294+0000][7][gc,age      ] GC(393) - age   3:       1960 bytes,    1981848 total
[2023-11-15T23:23:50.294+0000][7][gc,phases   ] GC(393)   Pre Evacuate Collection Set: 0.1ms
[2023-11-15T23:23:50.294+0000][7][gc,phases   ] GC(393)   Merge Heap Roots: 0.1ms
[2023-11-15T23:23:50.294+0000][7][gc,phases   ] GC(393)   Evacuate Collection Set: 2.9ms
[2023-11-15T23:23:50.294+0000][7][gc,phases   ] GC(393)   Post Evacuate Collection Set: 1.2ms
[2023-11-15T23:23:50.294+0000][7][gc,phases   ] GC(393)   Other: 0.4ms
[2023-11-15T23:23:50.294+0000][7][gc,heap     ] GC(393) Eden regions: 57->0(58)
[2023-11-15T23:23:50.294+0000][7][gc,heap     ] GC(393) Survivor regions: 1->1(8)
[2023-11-15T23:23:50.294+0000][7][gc,heap     ] GC(393) Old regions: 39->39
[2023-11-15T23:23:50.294+0000][7][gc,heap     ] GC(393) Archive regions: 2->2
[2023-11-15T23:23:50.294+0000][7][gc,heap     ] GC(393) Humongous regions: 6->6
[2023-11-15T23:23:50.294+0000][7][gc,metaspace] GC(393) Metaspace: 117593K(119168K)->117593K(119168K) NonClass: 102089K(103040K)->102089K(103040K) Class: 15504K(16128K)->15504K(16128K)
[2023-11-15T23:23:50.294+0000][7][gc          ] GC(393) Pause Young (Normal) (G1 Evacuation Pause) 411M->184M(512M) 4.887ms
[2023-11-15T23:23:50.295+0000][7][gc,cpu      ] GC(393) User=0.03s Sys=0.00s Real=0.01s
[2023-11-15T23:23:50.295+0000][7][safepoint   ] Safepoint "G1CollectForAllocation", Time since last: 819915610 ns, Reaching safepoint: 105186 ns, At safepoint: 5063767 ns, Total: 5168953 ns
[2023-11-15T23:23:53.295+0000][7][safepoint   ] Safepoint "Cleanup", Time since last: 3000480231 ns, Reaching safepoint: 137414 ns, At safepoint: 15239 ns, Total: 152653 ns
[2023-11-15T23:24:06.038+0000][7][gc,start    ] GC(394) Pause Young (Concurrent Start) (G1 Evacuation Pause)
[2023-11-15T23:24:06.038+0000][7][gc,task     ] GC(394) Using 8 workers of 8 for evacuation
[2023-11-15T23:24:06.038+0000][7][gc,age      ] GC(394) Desired survivor size 16777216 bytes, new threshold 15 (max threshold 15)
[2023-11-15T23:24:06.044+0000][7][gc,age      ] GC(394) Age table with threshold 15 (max threshold 15)
[2023-11-15T23:24:06.044+0000][7][gc,age      ] GC(394) - age   1:    1257240 bytes,    1257240 total
[2023-11-15T23:24:06.044+0000][7][gc,age      ] GC(394) - age   2:     543424 bytes,    1800664 total
[2023-11-15T23:24:06.045+0000][7][gc,age      ] GC(394) - age   3:     527792 bytes,    2328456 total
[2023-11-15T23:24:06.045+0000][7][gc,age      ] GC(394) - age   4:       1960 bytes,    2330416 total
[2023-11-15T23:24:06.045+0000][7][gc,phases   ] GC(394)   Pre Evacuate Collection Set: 0.4ms
[2023-11-15T23:24:06.045+0000][7][gc,phases   ] GC(394)   Merge Heap Roots: 0.2ms
[2023-11-15T23:24:06.045+0000][7][gc,phases   ] GC(394)   Evacuate Collection Set: 3.9ms
[2023-11-15T23:24:06.045+0000][7][gc,phases   ] GC(394)   Post Evacuate Collection Set: 1.4ms
[2023-11-15T23:24:06.045+0000][7][gc,phases   ] GC(394)   Other: 0.6ms
[2023-11-15T23:24:06.045+0000][7][gc,heap     ] GC(394) Eden regions: 58->0(58)
[2023-11-15T23:24:06.045+0000][7][gc,heap     ] GC(394) Survivor regions: 1->1(8)
[2023-11-15T23:24:06.045+0000][7][gc,heap     ] GC(394) Old regions: 39->39
[2023-11-15T23:24:06.045+0000][7][gc,heap     ] GC(394) Archive regions: 2->2
[2023-11-15T23:24:06.045+0000][7][gc,heap     ] GC(394) Humongous regions: 6->6
[2023-11-15T23:24:06.045+0000][7][gc,metaspace] GC(394) Metaspace: 117593K(119168K)->117593K(119168K) NonClass: 102089K(103040K)->102089K(103040K) Class: 15504K(16128K)->15504K(16128K)
[2023-11-15T23:24:06.045+0000][7][gc          ] GC(394) Pause Young (Concurrent Start) (G1 Evacuation Pause) 416M->184M(512M) 6.589ms
[2023-11-15T23:24:06.045+0000][7][gc,cpu      ] GC(394) User=0.03s Sys=0.00s Real=0.01s
[2023-11-15T23:24:06.045+0000][7][safepoint   ] Safepoint "G1CollectForAllocation", Time since last: 12742834935 ns, Reaching safepoint: 105232 ns, At safepoint: 6813469 ns, Total: 6918701 ns
[2023-11-15T23:24:06.045+0000][7][gc          ] GC(395) Concurrent Mark Cycle
[2023-11-15T23:24:06.045+0000][7][gc,marking  ] GC(395) Concurrent Clear Claimed Marks
[2023-11-15T23:24:06.045+0000][7][gc,marking  ] GC(395) Concurrent Clear Claimed Marks 0.188ms
[2023-11-15T23:24:06.045+0000][7][gc,marking  ] GC(395) Concurrent Scan Root Regions
[2023-11-15T23:24:06.051+0000][7][gc,marking  ] GC(395) Concurrent Scan Root Regions 5.927ms
[2023-11-15T23:24:06.051+0000][7][gc,marking  ] GC(395) Concurrent Mark
[2023-11-15T23:24:06.051+0000][7][gc,marking  ] GC(395) Concurrent Mark From Roots
[2023-11-15T23:24:06.051+0000][7][gc,task     ] GC(395) Using 2 workers of 2 for marking
[2023-11-15T23:24:06.127+0000][7][gc,marking  ] GC(395) Concurrent Mark From Roots 75.496ms
[2023-11-15T23:24:06.127+0000][7][gc,marking  ] GC(395) Concurrent Preclean
[2023-11-15T23:24:06.127+0000][7][gc,marking  ] GC(395) Concurrent Preclean 0.208ms
[2023-11-15T23:24:06.127+0000][7][gc,start    ] GC(395) Pause Remark
[2023-11-15T23:24:06.133+0000][7][gc          ] GC(395) Pause Remark 187M->183M(512M) 5.777ms
[2023-11-15T23:24:06.133+0000][7][gc,cpu      ] GC(395) User=0.04s Sys=0.00s Real=0.00s
[2023-11-15T23:24:06.133+0000][7][safepoint   ] Safepoint "G1Concurrent", Time since last: 82134015 ns, Reaching safepoint: 96152 ns, At safepoint: 5850387 ns, Total: 5946539 ns
[2023-11-15T23:24:06.133+0000][7][gc,marking  ] GC(395) Concurrent Mark 81.802ms
[2023-11-15T23:24:06.133+0000][7][gc,marking  ] GC(395) Concurrent Rebuild Remembered Sets
[2023-11-15T23:24:06.165+0000][7][gc,marking  ] GC(395) Concurrent Rebuild Remembered Sets 31.971ms
[2023-11-15T23:24:06.165+0000][7][gc,start    ] GC(395) Pause Cleanup
[2023-11-15T23:24:06.165+0000][7][gc          ] GC(395) Pause Cleanup 184M->184M(512M) 0.075ms
[2023-11-15T23:24:06.165+0000][7][gc,cpu      ] GC(395) User=0.00s Sys=0.00s Real=0.00s
[2023-11-15T23:24:06.165+0000][7][safepoint   ] Safepoint "G1Concurrent", Time since last: 32090032 ns, Reaching safepoint: 34475 ns, At safepoint: 158643 ns, Total: 193118 ns
[2023-11-15T23:24:06.165+0000][7][gc,marking  ] GC(395) Concurrent Cleanup for Next Mark
[2023-11-15T23:24:06.166+0000][7][gc,marking  ] GC(395) Concurrent Cleanup for Next Mark 0.343ms
[2023-11-15T23:24:06.166+0000][7][gc          ] GC(395) Concurrent Mark Cycle 120.737ms
[2023-11-15T23:24:21.814+0000][7][gc,start    ] GC(396) Pause Young (Prepare Mixed) (G1 Evacuation Pause)
[2023-11-15T23:24:21.814+0000][7][gc,task     ] GC(396) Using 8 workers of 8 for evacuation
[2023-11-15T23:24:21.814+0000][7][gc,age      ] GC(396) Desired survivor size 16777216 bytes, new threshold 15 (max threshold 15)
[2023-11-15T23:24:21.819+0000][7][gc,age      ] GC(396) Age table with threshold 15 (max threshold 15)
[2023-11-15T23:24:21.819+0000][7][gc,age      ] GC(396) - age   1:    1052808 bytes,    1052808 total
[2023-11-15T23:24:21.819+0000][7][gc,age      ] GC(396) - age   2:     261384 bytes,    1314192 total
[2023-11-15T23:24:21.819+0000][7][gc,age      ] GC(396) - age   3:     500200 bytes,    1814392 total
[2023-11-15T23:24:21.819+0000][7][gc,age      ] GC(396) - age   4:     496536 bytes,    2310928 total
[2023-11-15T23:24:21.819+0000][7][gc,age      ] GC(396) - age   5:        104 bytes,    2311032 total
[2023-11-15T23:24:21.819+0000][7][gc,phases   ] GC(396)   Pre Evacuate Collection Set: 0.1ms
[2023-11-15T23:24:21.819+0000][7][gc,phases   ] GC(396)   Merge Heap Roots: 0.1ms
[2023-11-15T23:24:21.819+0000][7][gc,phases   ] GC(396)   Evacuate Collection Set: 3.1ms
[2023-11-15T23:24:21.819+0000][7][gc,phases   ] GC(396)   Post Evacuate Collection Set: 1.1ms
[2023-11-15T23:24:21.819+0000][7][gc,phases   ] GC(396)   Other: 0.4ms
[2023-11-15T23:24:21.819+0000][7][gc,heap     ] GC(396) Eden regions: 58->0(5)
[2023-11-15T23:24:21.819+0000][7][gc,heap     ] GC(396) Survivor regions: 1->1(8)
[2023-11-15T23:24:21.819+0000][7][gc,heap     ] GC(396) Old regions: 39->39
[2023-11-15T23:24:21.819+0000][7][gc,heap     ] GC(396) Archive regions: 2->2
[2023-11-15T23:24:21.819+0000][7][gc,heap     ] GC(396) Humongous regions: 5->5
[2023-11-15T23:24:21.819+0000][7][gc,metaspace] GC(396) Metaspace: 117593K(119168K)->117593K(119168K) NonClass: 102089K(103040K)->102089K(103040K) Class: 15504K(16128K)->15504K(16128K)
[2023-11-15T23:24:21.819+0000][7][gc          ] GC(396) Pause Young (Prepare Mixed) (G1 Evacuation Pause) 412M->180M(512M) 5.039ms
[2023-11-15T23:24:21.819+0000][7][gc,cpu      ] GC(396) User=0.02s Sys=0.00s Real=0.01s
[2023-11-15T23:24:21.819+0000][7][safepoint   ] Safepoint "G1CollectForAllocation", Time since last: 15648572813 ns, Reaching safepoint: 99793 ns, At safepoint: 5191108 ns, Total: 5290901 ns
[2023-11-15T23:24:22.984+0000][7][gc,start    ] GC(397) Pause Young (Mixed) (G1 Evacuation Pause)
[2023-11-15T23:24:22.984+0000][7][gc,task     ] GC(397) Using 8 workers of 8 for evacuation
[2023-11-15T23:24:22.984+0000][7][gc,age      ] GC(397) Desired survivor size 2097152 bytes, new threshold 4 (max threshold 15)
[2023-11-15T23:24:22.995+0000][7][gc,age      ] GC(397) Age table with threshold 4 (max threshold 15)
[2023-11-15T23:24:22.995+0000][7][gc,age      ] GC(397) - age   1:     242144 bytes,     242144 total
[2023-11-15T23:24:22.995+0000][7][gc,age      ] GC(397) - age   2:     975952 bytes,    1218096 total
[2023-11-15T23:24:22.995+0000][7][gc,age      ] GC(397) - age   3:     261096 bytes,    1479192 total
[2023-11-15T23:24:22.995+0000][7][gc,age      ] GC(397) - age   4:     500120 bytes,    1979312 total
[2023-11-15T23:24:22.995+0000][7][gc,phases   ] GC(397)   Pre Evacuate Collection Set: 0.1ms
[2023-11-15T23:24:22.995+0000][7][gc,phases   ] GC(397)   Merge Heap Roots: 0.1ms
[2023-11-15T23:24:22.995+0000][7][gc,phases   ] GC(397)   Evacuate Collection Set: 10.8ms
[2023-11-15T23:24:22.995+0000][7][gc,phases   ] GC(397)   Post Evacuate Collection Set: 0.7ms
[2023-11-15T23:24:22.995+0000][7][gc,phases   ] GC(397)   Other: 0.2ms
[2023-11-15T23:24:22.995+0000][7][gc,heap     ] GC(397) Eden regions: 5->0(62)
[2023-11-15T23:24:22.995+0000][7][gc,heap     ] GC(397) Survivor regions: 1->1(1)
[2023-11-15T23:24:22.995+0000][7][gc,heap     ] GC(397) Old regions: 39->36
[2023-11-15T23:24:22.995+0000][7][gc,heap     ] GC(397) Archive regions: 2->2
[2023-11-15T23:24:22.995+0000][7][gc,heap     ] GC(397) Humongous regions: 5->5
[2023-11-15T23:24:22.995+0000][7][gc,metaspace] GC(397) Metaspace: 117593K(119168K)->117593K(119168K) NonClass: 102089K(103040K)->102089K(103040K) Class: 15504K(16128K)->15504K(16128K)
[2023-11-15T23:24:22.995+0000][7][gc          ] GC(397) Pause Young (Mixed) (G1 Evacuation Pause) 200M->169M(512M) 11.919ms
[2023-11-15T23:24:22.996+0000][7][gc,cpu      ] GC(397) User=0.02s Sys=0.02s Real=0.02s
[2023-11-15T23:24:22.996+0000][7][safepoint   ] Safepoint "G1CollectForAllocation", Time since last: 1164286761 ns, Reaching safepoint: 43007 ns, At safepoint: 12031112 ns, Total: 12074119 ns
[2023-11-15T23:24:26.996+0000][7][safepoint   ] Safepoint "Cleanup", Time since last: 4000506742 ns, Reaching safepoint: 107920 ns, At safepoint: 20284 ns, Total: 128204 ns
[2023-11-15T23:24:37.307+0000][7][gc,start    ] GC(398) Pause Young (Normal) (G1 Evacuation Pause)
[2023-11-15T23:24:37.307+0000][7][gc,task     ] GC(398) Using 8 workers of 8 for evacuation
[2023-11-15T23:24:37.308+0000][7][gc,age      ] GC(398) Desired survivor size 16777216 bytes, new threshold 15 (max threshold 15)
[2023-11-15T23:24:37.326+0000][7][gc,age      ] GC(398) Age table with threshold 15 (max threshold 15)
[2023-11-15T23:24:37.326+0000][7][gc,age      ] GC(398) - age   1:    1263032 bytes,    1263032 total
[2023-11-15T23:24:37.326+0000][7][gc,age      ] GC(398) - age   2:      33176 bytes,    1296208 total
[2023-11-15T23:24:37.326+0000][7][gc,age      ] GC(398) - age   3:     490152 bytes,    1786360 total
[2023-11-15T23:24:37.326+0000][7][gc,age      ] GC(398) - age   4:     201680 bytes,    1988040 total
[2023-11-15T23:24:37.326+0000][7][gc,age      ] GC(398) - age   5:     340440 bytes,    2328480 total
[2023-11-15T23:24:37.326+0000][7][gc,phases   ] GC(398)   Pre Evacuate Collection Set: 0.2ms
[2023-11-15T23:24:37.326+0000][7][gc,phases   ] GC(398)   Merge Heap Roots: 0.2ms
[2023-11-15T23:24:37.326+0000][7][gc,phases   ] GC(398)   Evacuate Collection Set: 17.1ms
[2023-11-15T23:24:37.326+0000][7][gc,phases   ] GC(398)   Post Evacuate Collection Set: 1.0ms
[2023-11-15T23:24:37.326+0000][7][gc,phases   ] GC(398)   Other: 0.4ms
[2023-11-15T23:24:37.326+0000][7][gc,heap     ] GC(398) Eden regions: 62->0(62)
[2023-11-15T23:24:37.326+0000][7][gc,heap     ] GC(398) Survivor regions: 1->1(8)
[2023-11-15T23:24:37.326+0000][7][gc,heap     ] GC(398) Old regions: 36->36
[2023-11-15T23:24:37.326+0000][7][gc,heap     ] GC(398) Archive regions: 2->2
[2023-11-15T23:24:37.326+0000][7][gc,heap     ] GC(398) Humongous regions: 5->5
[2023-11-15T23:24:37.326+0000][7][gc,metaspace] GC(398) Metaspace: 117595K(119168K)->117595K(119168K) NonClass: 102091K(103040K)->102091K(103040K) Class: 15504K(16128K)->15504K(16128K)
[2023-11-15T23:24:37.326+0000][7][gc          ] GC(398) Pause Young (Normal) (G1 Evacuation Pause) 417M->169M(512M) 18.994ms
[2023-11-15T23:24:37.326+0000][7][gc,cpu      ] GC(398) User=0.02s Sys=0.02s Real=0.02s
[2023-11-15T23:24:37.326+0000][7][safepoint   ] Safepoint "G1CollectForAllocation", Time since last: 10311026159 ns, Reaching safepoint: 63329 ns, At safepoint: 19152675 ns, Total: 19216004 ns
[2023-11-15T23:24:52.264+0000][7][gc,start    ] GC(399) Pause Young (Normal) (G1 Evacuation Pause)
[2023-11-15T23:24:52.264+0000][7][gc,task     ] GC(399) Using 8 workers of 8 for evacuation
[2023-11-15T23:24:52.265+0000][7][gc,age      ] GC(399) Desired survivor size 16777216 bytes, new threshold 15 (max threshold 15)
[2023-11-15T23:24:52.269+0000][7][gc,age      ] GC(399) Age table with threshold 15 (max threshold 15)
[2023-11-15T23:24:52.269+0000][7][gc,age      ] GC(399) - age   1:    1145896 bytes,    1145896 total
[2023-11-15T23:24:52.269+0000][7][gc,age      ] GC(399) - age   2:     480136 bytes,    1626032 total
[2023-11-15T23:24:52.269+0000][7][gc,age      ] GC(399) - age   3:      32920 bytes,    1658952 total
[2023-11-15T23:24:52.269+0000][7][gc,age      ] GC(399) - age   4:     335352 bytes,    1994304 total
[2023-11-15T23:24:52.269+0000][7][gc,age      ] GC(399) - age   5:     201296 bytes,    2195600 total
[2023-11-15T23:24:52.269+0000][7][gc,age      ] GC(399) - age   6:     339640 bytes,    2535240 total
[2023-11-15T23:24:52.269+0000][7][gc,phases   ] GC(399)   Pre Evacuate Collection Set: 0.2ms
[2023-11-15T23:24:52.269+0000][7][gc,phases   ] GC(399)   Merge Heap Roots: 0.1ms
[2023-11-15T23:24:52.269+0000][7][gc,phases   ] GC(399)   Evacuate Collection Set: 2.6ms
[2023-11-15T23:24:52.269+0000][7][gc,phases   ] GC(399)   Post Evacuate Collection Set: 1.3ms
[2023-11-15T23:24:52.269+0000][7][gc,phases   ] GC(399)   Other: 0.5ms
[2023-11-15T23:24:52.269+0000][7][gc,heap     ] GC(399) Eden regions: 62->0(62)
[2023-11-15T23:24:52.269+0000][7][gc,heap     ] GC(399) Survivor regions: 1->1(8)
[2023-11-15T23:24:52.269+0000][7][gc,heap     ] GC(399) Old regions: 36->36
[2023-11-15T23:24:52.269+0000][7][gc,heap     ] GC(399) Archive regions: 2->2
[2023-11-15T23:24:52.269+0000][7][gc,heap     ] GC(399) Humongous regions: 5->5
[2023-11-15T23:24:52.269+0000][7][gc,metaspace] GC(399) Metaspace: 117595K(119168K)->117595K(119168K) NonClass: 102091K(103040K)->102091K(103040K) Class: 15504K(16128K)->15504K(16128K)
[2023-11-15T23:24:52.269+0000][7][gc          ] GC(399) Pause Young (Normal) (G1 Evacuation Pause) 417M->169M(512M) 4.789ms
[2023-11-15T23:24:52.269+0000][7][gc,cpu      ] GC(399) User=0.01s Sys=0.01s Real=0.01s
[2023-11-15T23:24:52.269+0000][7][safepoint   ] Safepoint "G1CollectForAllocation", Time since last: 14937674275 ns, Reaching safepoint: 192863 ns, At safepoint: 4966056 ns, Total: 5158919 ns
[2023-11-15T23:25:07.655+0000][7][gc,start    ] GC(400) Pause Young (Concurrent Start) (G1 Evacuation Pause)
[2023-11-15T23:25:07.657+0000][7][gc,task     ] GC(400) Using 8 workers of 8 for evacuation
[2023-11-15T23:25:07.657+0000][7][gc,age      ] GC(400) Desired survivor size 16777216 bytes, new threshold 15 (max threshold 15)
[2023-11-15T23:25:07.669+0000][7][gc,age      ] GC(400) Age table with threshold 15 (max threshold 15)
[2023-11-15T23:25:07.669+0000][7][gc,age      ] GC(400) - age   1:     934096 bytes,     934096 total
[2023-11-15T23:25:07.669+0000][7][gc,age      ] GC(400) - age   2:     300240 bytes,    1234336 total
[2023-11-15T23:25:07.669+0000][7][gc,age      ] GC(400) - age   3:     467984 bytes,    1702320 total
[2023-11-15T23:25:07.669+0000][7][gc,age      ] GC(400) - age   4:      32856 bytes,    1735176 total
[2023-11-15T23:25:07.669+0000][7][gc,age      ] GC(400) - age   5:     334808 bytes,    2069984 total
[2023-11-15T23:25:07.669+0000][7][gc,age      ] GC(400) - age   6:     201040 bytes,    2271024 total
[2023-11-15T23:25:07.669+0000][7][gc,age      ] GC(400) - age   7:     339208 bytes,    2610232 total
[2023-11-15T23:25:07.669+0000][7][gc,phases   ] GC(400)   Pre Evacuate Collection Set: 0.3ms
[2023-11-15T23:25:07.669+0000][7][gc,phases   ] GC(400)   Merge Heap Roots: 0.2ms
[2023-11-15T23:25:07.669+0000][7][gc,phases   ] GC(400)   Evacuate Collection Set: 10.4ms
[2023-11-15T23:25:07.669+0000][7][gc,phases   ] GC(400)   Post Evacuate Collection Set: 1.1ms
[2023-11-15T23:25:07.669+0000][7][gc,phases   ] GC(400)   Other: 1.8ms
[2023-11-15T23:25:07.669+0000][7][gc,heap     ] GC(400) Eden regions: 62->0(62)
[2023-11-15T23:25:07.669+0000][7][gc,heap     ] GC(400) Survivor regions: 1->1(8)
[2023-11-15T23:25:07.669+0000][7][gc,heap     ] GC(400) Old regions: 36->36
[2023-11-15T23:25:07.669+0000][7][gc,heap     ] GC(400) Archive regions: 2->2
[2023-11-15T23:25:07.669+0000][7][gc,heap     ] GC(400) Humongous regions: 5->5
[2023-11-15T23:25:07.669+0000][7][gc,metaspace] GC(400) Metaspace: 117597K(119168K)->117597K(119168K) NonClass: 102092K(103040K)->102092K(103040K) Class: 15504K(16128K)->15504K(16128K)
[2023-11-15T23:25:07.669+0000][7][gc          ] GC(400) Pause Young (Concurrent Start) (G1 Evacuation Pause) 417M->169M(512M) 14.013ms
[2023-11-15T23:25:07.669+0000][7][gc,cpu      ] GC(400) User=0.04s Sys=0.00s Real=0.01s
[2023-11-15T23:25:07.670+0000][7][safepoint   ] Safepoint "G1CollectForAllocation", Time since last: 15385987825 ns, Reaching safepoint: 73782 ns, At safepoint: 14193496 ns, Total: 14267278 ns
[2023-11-15T23:25:07.670+0000][7][gc          ] GC(401) Concurrent Mark Cycle
[2023-11-15T23:25:07.670+0000][7][gc,marking  ] GC(401) Concurrent Clear Claimed Marks
[2023-11-15T23:25:07.670+0000][7][gc,marking  ] GC(401) Concurrent Clear Claimed Marks 0.151ms
[2023-11-15T23:25:07.670+0000][7][gc,marking  ] GC(401) Concurrent Scan Root Regions
[2023-11-15T23:25:07.673+0000][7][gc,marking  ] GC(401) Concurrent Scan Root Regions 3.531ms
[2023-11-15T23:25:07.673+0000][7][gc,marking  ] GC(401) Concurrent Mark
[2023-11-15T23:25:07.673+0000][7][gc,marking  ] GC(401) Concurrent Mark From Roots
[2023-11-15T23:25:07.673+0000][7][gc,task     ] GC(401) Using 2 workers of 2 for marking
[2023-11-15T23:25:07.752+0000][7][gc,marking  ] GC(401) Concurrent Mark From Roots 78.237ms
[2023-11-15T23:25:07.752+0000][7][gc,marking  ] GC(401) Concurrent Preclean
[2023-11-15T23:25:07.752+0000][7][gc,marking  ] GC(401) Concurrent Preclean 0.157ms
[2023-11-15T23:25:07.752+0000][7][gc,start    ] GC(401) Pause Remark
[2023-11-15T23:25:07.757+0000][7][gc          ] GC(401) Pause Remark 172M->165M(512M) 5.339ms
[2023-11-15T23:25:07.757+0000][7][gc,cpu      ] GC(401) User=0.03s Sys=0.00s Real=0.01s
[2023-11-15T23:25:07.757+0000][7][safepoint   ] Safepoint "G1Concurrent", Time since last: 82340704 ns, Reaching safepoint: 33006 ns, At safepoint: 5442700 ns, Total: 5475706 ns
[2023-11-15T23:25:07.757+0000][7][gc,marking  ] GC(401) Concurrent Mark 84.033ms
[2023-11-15T23:25:07.757+0000][7][gc,marking  ] GC(401) Concurrent Rebuild Remembered Sets
[2023-11-15T23:25:07.789+0000][7][gc,marking  ] GC(401) Concurrent Rebuild Remembered Sets 31.758ms
[2023-11-15T23:25:07.789+0000][7][gc,start    ] GC(401) Pause Cleanup
[2023-11-15T23:25:07.789+0000][7][gc          ] GC(401) Pause Cleanup 165M->165M(512M) 0.059ms
[2023-11-15T23:25:07.789+0000][7][gc,cpu      ] GC(401) User=0.00s Sys=0.00s Real=0.00s
[2023-11-15T23:25:07.789+0000][7][safepoint   ] Safepoint "G1Concurrent", Time since last: 31909817 ns, Reaching safepoint: 44035 ns, At safepoint: 110968 ns, Total: 155003 ns
[2023-11-15T23:25:07.789+0000][7][gc,marking  ] GC(401) Concurrent Cleanup for Next Mark
[2023-11-15T23:25:07.790+0000][7][gc,marking  ] GC(401) Concurrent Cleanup for Next Mark 0.351ms
[2023-11-15T23:25:07.790+0000][7][gc          ] GC(401) Concurrent Mark Cycle 120.239ms
[2023-11-15T23:25:15.791+0000][7][safepoint   ] Safepoint "Cleanup", Time since last: 8001200619 ns, Reaching safepoint: 107995 ns, At safepoint: 14669 ns, Total: 122664 ns
[2023-11-15T23:25:23.860+0000][7][gc,start    ] GC(402) Pause Young (Prepare Mixed) (G1 Evacuation Pause)
[2023-11-15T23:25:23.860+0000][7][gc,task     ] GC(402) Using 8 workers of 8 for evacuation
[2023-11-15T23:25:23.860+0000][7][gc,age      ] GC(402) Desired survivor size 16777216 bytes, new threshold 15 (max threshold 15)
[2023-11-15T23:25:23.872+0000][7][gc,age      ] GC(402) Age table with threshold 15 (max threshold 15)
[2023-11-15T23:25:23.872+0000][7][gc,age      ] GC(402) - age   1:    2135192 bytes,    2135192 total
[2023-11-15T23:25:23.872+0000][7][gc,age      ] GC(402) - age   2:     412504 bytes,    2547696 total
[2023-11-15T23:25:23.872+0000][7][gc,age      ] GC(402) - age   3:     285464 bytes,    2833160 total
[2023-11-15T23:25:23.873+0000][7][gc,age      ] GC(402) - age   4:     467536 bytes,    3300696 total
[2023-11-15T23:25:23.873+0000][7][gc,age      ] GC(402) - age   5:      32856 bytes,    3333552 total
[2023-11-15T23:25:23.873+0000][7][gc,age      ] GC(402) - age   6:     268512 bytes,    3602064 total
[2023-11-15T23:25:23.873+0000][7][gc,age      ] GC(402) - age   7:     199928 bytes,    3801992 total
[2023-11-15T23:25:23.873+0000][7][gc,age      ] GC(402) - age   8:     337096 bytes,    4139088 total
[2023-11-15T23:25:23.873+0000][7][gc,phases   ] GC(402)   Pre Evacuate Collection Set: 0.2ms
[2023-11-15T23:25:23.873+0000][7][gc,phases   ] GC(402)   Merge Heap Roots: 0.2ms
[2023-11-15T23:25:23.873+0000][7][gc,phases   ] GC(402)   Evacuate Collection Set: 11.1ms
[2023-11-15T23:25:23.873+0000][7][gc,phases   ] GC(402)   Post Evacuate Collection Set: 0.9ms
[2023-11-15T23:25:23.873+0000][7][gc,phases   ] GC(402)   Other: 0.4ms
[2023-11-15T23:25:23.873+0000][7][gc,heap     ] GC(402) Eden regions: 62->0(4)
[2023-11-15T23:25:23.873+0000][7][gc,heap     ] GC(402) Survivor regions: 1->2(8)
[2023-11-15T23:25:23.873+0000][7][gc,heap     ] GC(402) Old regions: 34->34
[2023-11-15T23:25:23.873+0000][7][gc,heap     ] GC(402) Archive regions: 2->2
[2023-11-15T23:25:23.873+0000][7][gc,heap     ] GC(402) Humongous regions: 5->5
[2023-11-15T23:25:23.873+0000][7][gc,metaspace] GC(402) Metaspace: 117597K(119168K)->117597K(119168K) NonClass: 102092K(103040K)->102092K(103040K) Class: 15504K(16128K)->15504K(16128K)
[2023-11-15T23:25:23.873+0000][7][gc          ] GC(402) Pause Young (Prepare Mixed) (G1 Evacuation Pause) 410M->164M(512M) 12.834ms
[2023-11-15T23:25:23.873+0000][7][gc,cpu      ] GC(402) User=0.04s Sys=0.00s Real=0.01s
[2023-11-15T23:25:23.873+0000][7][safepoint   ] Safepoint "G1CollectForAllocation", Time since last: 8069065524 ns, Reaching safepoint: 66464 ns, At safepoint: 12994586 ns, Total: 13061050 ns
[2023-11-15T23:25:24.336+0000][7][gc,start    ] GC(403) Pause Young (Mixed) (G1 Evacuation Pause)
[2023-11-15T23:25:24.336+0000][7][gc,task     ] GC(403) Using 8 workers of 8 for evacuation
[2023-11-15T23:25:24.336+0000][7][gc,age      ] GC(403) Desired survivor size 2097152 bytes, new threshold 1 (max threshold 15)
[2023-11-15T23:25:24.358+0000][7][gc,age      ] GC(403) Age table with threshold 1 (max threshold 15)
[2023-11-15T23:25:24.358+0000][7][gc,age      ] GC(403) - age   1:      72856 bytes,      72856 total
[2023-11-15T23:25:24.358+0000][7][gc,phases   ] GC(403)   Pre Evacuate Collection Set: 0.2ms
[2023-11-15T23:25:24.358+0000][7][gc,phases   ] GC(403)   Merge Heap Roots: 0.2ms
[2023-11-15T23:25:24.358+0000][7][gc,phases   ] GC(403)   Evacuate Collection Set: 14.9ms
[2023-11-15T23:25:24.358+0000][7][gc,phases   ] GC(403)   Post Evacuate Collection Set: 6.7ms
[2023-11-15T23:25:24.358+0000][7][gc,phases   ] GC(403)   Other: 0.4ms
[2023-11-15T23:25:24.358+0000][7][gc,heap     ] GC(403) Eden regions: 4->0(68)
[2023-11-15T23:25:24.358+0000][7][gc,heap     ] GC(403) Survivor regions: 2->1(1)
[2023-11-15T23:25:24.358+0000][7][gc,heap     ] GC(403) Old regions: 34->30
[2023-11-15T23:25:24.358+0000][7][gc,heap     ] GC(403) Archive regions: 2->2
[2023-11-15T23:25:24.358+0000][7][gc,heap     ] GC(403) Humongous regions: 5->5
[2023-11-15T23:25:24.358+0000][7][gc,metaspace] GC(403) Metaspace: 117597K(119168K)->117597K(119168K) NonClass: 102092K(103040K)->102092K(103040K) Class: 15504K(16128K)->15504K(16128K)
[2023-11-15T23:25:24.358+0000][7][gc          ] GC(403) Pause Young (Mixed) (G1 Evacuation Pause) 180M->140M(512M) 22.412ms
[2023-11-15T23:25:24.358+0000][7][gc,cpu      ] GC(403) User=0.04s Sys=0.00s Real=0.02s
[2023-11-15T23:25:24.358+0000][7][safepoint   ] Safepoint "G1CollectForAllocation", Time since last: 462781252 ns, Reaching safepoint: 99161 ns, At safepoint: 22595651 ns, Total: 22694812 ns
[2023-11-15T23:25:40.047+0000][7][gc,start    ] GC(404) Pause Young (Normal) (G1 Evacuation Pause)
[2023-11-15T23:25:40.047+0000][7][gc,task     ] GC(404) Using 8 workers of 8 for evacuation
[2023-11-15T23:25:40.047+0000][7][gc,age      ] GC(404) Desired survivor size 18874368 bytes, new threshold 15 (max threshold 15)
[2023-11-15T23:25:40.064+0000][7][gc,age      ] GC(404) Age table with threshold 15 (max threshold 15)
[2023-11-15T23:25:40.064+0000][7][gc,age      ] GC(404) - age   1:    1328592 bytes,    1328592 total
[2023-11-15T23:25:40.064+0000][7][gc,age      ] GC(404) - age   2:       2608 bytes,    1331200 total
[2023-11-15T23:25:40.064+0000][7][gc,phases   ] GC(404)   Pre Evacuate Collection Set: 0.2ms
[2023-11-15T23:25:40.064+0000][7][gc,phases   ] GC(404)   Merge Heap Roots: 0.1ms
[2023-11-15T23:25:40.064+0000][7][gc,phases   ] GC(404)   Evacuate Collection Set: 15.1ms
[2023-11-15T23:25:40.064+0000][7][gc,phases   ] GC(404)   Post Evacuate Collection Set: 0.9ms
[2023-11-15T23:25:40.064+0000][7][gc,phases   ] GC(404)   Other: 0.3ms
[2023-11-15T23:25:40.064+0000][7][gc,heap     ] GC(404) Eden regions: 68->0(68)
[2023-11-15T23:25:40.064+0000][7][gc,heap     ] GC(404) Survivor regions: 1->1(9)
[2023-11-15T23:25:40.064+0000][7][gc,heap     ] GC(404) Old regions: 30->30
[2023-11-15T23:25:40.064+0000][7][gc,heap     ] GC(404) Archive regions: 2->2
[2023-11-15T23:25:40.064+0000][7][gc,heap     ] GC(404) Humongous regions: 5->5
[2023-11-15T23:25:40.064+0000][7][gc,metaspace] GC(404) Metaspace: 117597K(119168K)->117597K(119168K) NonClass: 102093K(103040K)->102093K(103040K) Class: 15504K(16128K)->15504K(16128K)
[2023-11-15T23:25:40.064+0000][7][gc          ] GC(404) Pause Young (Normal) (G1 Evacuation Pause) 412M->141M(512M) 16.776ms
[2023-11-15T23:25:40.064+0000][7][gc,cpu      ] GC(404) User=0.02s Sys=0.02s Real=0.01s
[2023-11-15T23:25:40.064+0000][7][safepoint   ] Safepoint "G1CollectForAllocation", Time since last: 15688646742 ns, Reaching safepoint: 69960 ns, At safepoint: 16939598 ns, Total: 17009558 ns
[2023-11-15T23:25:47.065+0000][7][safepoint   ] Safepoint "Cleanup", Time since last: 7000772033 ns, Reaching safepoint: 69353 ns, At safepoint: 5673 ns, Total: 75026 ns
[2023-11-15T23:25:48.067+0000][7][safepoint   ] Safepoint "Cleanup", Time since last: 1001963390 ns, Reaching safepoint: 220732 ns, At safepoint: 36934 ns, Total: 257666 ns
[2023-11-15T23:25:53.068+0000][7][safepoint   ] Safepoint "Cleanup", Time since last: 5000559524 ns, Reaching safepoint: 99322 ns, At safepoint: 14643 ns, Total: 113965 ns
[2023-11-15T23:25:56.609+0000][7][gc,start    ] GC(405) Pause Young (Normal) (G1 Evacuation Pause)
[2023-11-15T23:25:56.609+0000][7][gc,task     ] GC(405) Using 8 workers of 8 for evacuation
[2023-11-15T23:25:56.609+0000][7][gc,age      ] GC(405) Desired survivor size 18874368 bytes, new threshold 15 (max threshold 15)
[2023-11-15T23:25:56.613+0000][7][gc,age      ] GC(405) Age table with threshold 15 (max threshold 15)
[2023-11-15T23:25:56.613+0000][7][gc,age      ] GC(405) - age   1:    1100840 bytes,    1100840 total
[2023-11-15T23:25:56.613+0000][7][gc,age      ] GC(405) - age   2:     684168 bytes,    1785008 total
[2023-11-15T23:25:56.613+0000][7][gc,age      ] GC(405) - age   3:       2608 bytes,    1787616 total
[2023-11-15T23:25:56.613+0000][7][gc,phases   ] GC(405)   Pre Evacuate Collection Set: 0.2ms
[2023-11-15T23:25:56.613+0000][7][gc,phases   ] GC(405)   Merge Heap Roots: 0.2ms
[2023-11-15T23:25:56.613+0000][7][gc,phases   ] GC(405)   Evacuate Collection Set: 2.3ms
[2023-11-15T23:25:56.613+0000][7][gc,phases   ] GC(405)   Post Evacuate Collection Set: 1.4ms
[2023-11-15T23:25:56.613+0000][7][gc,phases   ] GC(405)   Other: 0.5ms
[2023-11-15T23:25:56.613+0000][7][gc,heap     ] GC(405) Eden regions: 68->0(68)
[2023-11-15T23:25:56.613+0000][7][gc,heap     ] GC(405) Survivor regions: 1->1(9)
[2023-11-15T23:25:56.613+0000][7][gc,heap     ] GC(405) Old regions: 30->30
[2023-11-15T23:25:56.613+0000][7][gc,heap     ] GC(405) Archive regions: 2->2
[2023-11-15T23:25:56.613+0000][7][gc,heap     ] GC(405) Humongous regions: 5->5
[2023-11-15T23:25:56.613+0000][7][gc,metaspace] GC(405) Metaspace: 117598K(119168K)->117598K(119168K) NonClass: 102093K(103040K)->102093K(103040K) Class: 15504K(16128K)->15504K(16128K)
[2023-11-15T23:25:56.613+0000][7][gc          ] GC(405) Pause Young (Normal) (G1 Evacuation Pause) 413M->141M(512M) 4.563ms
[2023-11-15T23:25:56.613+0000][7][gc,cpu      ] GC(405) User=0.03s Sys=0.00s Real=0.00s
[2023-11-15T23:25:56.613+0000][7][safepoint   ] Safepoint "G1CollectForAllocation", Time since last: 3540673939 ns, Reaching safepoint: 75648 ns, At safepoint: 4762763 ns, Total: 4838411 ns
[2023-11-15T23:26:13.333+0000][7][gc,start    ] GC(406) Pause Young (Concurrent Start) (G1 Evacuation Pause)
[2023-11-15T23:26:13.333+0000][7][gc,task     ] GC(406) Using 8 workers of 8 for evacuation
[2023-11-15T23:26:13.334+0000][7][gc,age      ] GC(406) Desired survivor size 18874368 bytes, new threshold 15 (max threshold 15)
[2023-11-15T23:26:13.345+0000][7][gc,age      ] GC(406) Age table with threshold 15 (max threshold 15)
[2023-11-15T23:26:13.345+0000][7][gc,age      ] GC(406) - age   1:    1144320 bytes,    1144320 total
[2023-11-15T23:26:13.345+0000][7][gc,age      ] GC(406) - age   2:     319704 bytes,    1464024 total
[2023-11-15T23:26:13.345+0000][7][gc,age      ] GC(406) - age   3:     549544 bytes,    2013568 total
[2023-11-15T23:26:13.345+0000][7][gc,age      ] GC(406) - age   4:       2608 bytes,    2016176 total
[2023-11-15T23:26:13.345+0000][7][gc,phases   ] GC(406)   Pre Evacuate Collection Set: 0.2ms
[2023-11-15T23:26:13.345+0000][7][gc,phases   ] GC(406)   Merge Heap Roots: 0.1ms
[2023-11-15T23:26:13.345+0000][7][gc,phases   ] GC(406)   Evacuate Collection Set: 10.8ms
[2023-11-15T23:26:13.345+0000][7][gc,phases   ] GC(406)   Post Evacuate Collection Set: 0.5ms
[2023-11-15T23:26:13.345+0000][7][gc,phases   ] GC(406)   Other: 0.2ms
[2023-11-15T23:26:13.345+0000][7][gc,heap     ] GC(406) Eden regions: 68->0(68)
[2023-11-15T23:26:13.345+0000][7][gc,heap     ] GC(406) Survivor regions: 1->1(9)
[2023-11-15T23:26:13.345+0000][7][gc,heap     ] GC(406) Old regions: 30->30
[2023-11-15T23:26:13.345+0000][7][gc,heap     ] GC(406) Archive regions: 2->2
[2023-11-15T23:26:13.345+0000][7][gc,heap     ] GC(406) Humongous regions: 5->5
[2023-11-15T23:26:13.345+0000][7][gc,metaspace] GC(406) Metaspace: 117599K(119168K)->117599K(119168K) NonClass: 102095K(103040K)->102095K(103040K) Class: 15504K(16128K)->15504K(16128K)
[2023-11-15T23:26:13.345+0000][7][gc          ] GC(406) Pause Young (Concurrent Start) (G1 Evacuation Pause) 413M->142M(512M) 11.785ms
[2023-11-15T23:26:13.345+0000][7][gc,cpu      ] GC(406) User=0.01s Sys=0.01s Real=0.02s
[2023-11-15T23:26:13.345+0000][7][gc          ] GC(407) Concurrent Mark Cycle
[2023-11-15T23:26:13.345+0000][7][gc,marking  ] GC(407) Concurrent Clear Claimed Marks
[2023-11-15T23:26:13.345+0000][7][safepoint   ] Safepoint "G1CollectForAllocation", Time since last: 16720130440 ns, Reaching safepoint: 43647 ns, At safepoint: 11877500 ns, Total: 11921147 ns
[2023-11-15T23:26:13.345+0000][7][gc,marking  ] GC(407) Concurrent Clear Claimed Marks 0.138ms
[2023-11-15T23:26:13.345+0000][7][gc,marking  ] GC(407) Concurrent Scan Root Regions
[2023-11-15T23:26:13.349+0000][7][gc,marking  ] GC(407) Concurrent Scan Root Regions 3.138ms
[2023-11-15T23:26:13.349+0000][7][gc,marking  ] GC(407) Concurrent Mark
[2023-11-15T23:26:13.349+0000][7][gc,marking  ] GC(407) Concurrent Mark From Roots
[2023-11-15T23:26:13.349+0000][7][gc,task     ] GC(407) Using 2 workers of 2 for marking
[2023-11-15T23:26:13.420+0000][7][gc,marking  ] GC(407) Concurrent Mark From Roots 71.693ms
[2023-11-15T23:26:13.420+0000][7][gc,marking  ] GC(407) Concurrent Preclean
[2023-11-15T23:26:13.421+0000][7][gc,marking  ] GC(407) Concurrent Preclean 0.190ms
[2023-11-15T23:26:13.421+0000][7][gc,start    ] GC(407) Pause Remark
[2023-11-15T23:26:13.427+0000][7][gc          ] GC(407) Pause Remark 146M->146M(512M) 6.102ms
[2023-11-15T23:26:13.427+0000][7][gc,cpu      ] GC(407) User=0.04s Sys=0.00s Real=0.01s
[2023-11-15T23:26:13.427+0000][7][safepoint   ] Safepoint "G1Concurrent", Time since last: 75339675 ns, Reaching safepoint: 22800 ns, At safepoint: 6178229 ns, Total: 6201029 ns
[2023-11-15T23:26:13.427+0000][7][gc,marking  ] GC(407) Concurrent Mark 78.212ms
[2023-11-15T23:26:13.427+0000][7][gc,marking  ] GC(407) Concurrent Rebuild Remembered Sets
[2023-11-15T23:26:13.466+0000][7][gc,marking  ] GC(407) Concurrent Rebuild Remembered Sets 38.963ms
[2023-11-15T23:26:13.466+0000][7][gc,start    ] GC(407) Pause Cleanup
[2023-11-15T23:26:13.466+0000][7][gc          ] GC(407) Pause Cleanup 146M->146M(512M) 0.122ms
[2023-11-15T23:26:13.466+0000][7][gc,cpu      ] GC(407) User=0.00s Sys=0.00s Real=0.00s
[2023-11-15T23:26:13.466+0000][7][safepoint   ] Safepoint "G1Concurrent", Time since last: 39080767 ns, Reaching safepoint: 39762 ns, At safepoint: 212766 ns, Total: 252528 ns
[2023-11-15T23:26:13.466+0000][7][gc,marking  ] GC(407) Concurrent Cleanup for Next Mark
[2023-11-15T23:26:13.467+0000][7][gc,marking  ] GC(407) Concurrent Cleanup for Next Mark 1.016ms
[2023-11-15T23:26:13.467+0000][7][gc          ] GC(407) Concurrent Mark Cycle 121.984ms
[2023-11-15T23:26:29.259+0000][7][gc,start    ] GC(408) Pause Young (Prepare Mixed) (G1 Evacuation Pause)
[2023-11-15T23:26:29.260+0000][7][gc,task     ] GC(408) Using 8 workers of 8 for evacuation
[2023-11-15T23:26:29.260+0000][7][gc,age      ] GC(408) Desired survivor size 18874368 bytes, new threshold 15 (max threshold 15)
[2023-11-15T23:26:29.279+0000][7][gc,age      ] GC(408) Age table with threshold 15 (max threshold 15)
[2023-11-15T23:26:29.279+0000][7][gc,age      ] GC(408) - age   1:    2518016 bytes,    2518016 total
[2023-11-15T23:26:29.279+0000][7][gc,age      ] GC(408) - age   2:     455480 bytes,    2973496 total
[2023-11-15T23:26:29.279+0000][7][gc,age      ] GC(408) - age   3:     295984 bytes,    3269480 total
[2023-11-15T23:26:29.279+0000][7][gc,age      ] GC(408) - age   4:     530128 bytes,    3799608 total
[2023-11-15T23:26:29.279+0000][7][gc,age      ] GC(408) - age   5:        736 bytes,    3800344 total
[2023-11-15T23:26:29.279+0000][7][gc,phases   ] GC(408)   Pre Evacuate Collection Set: 0.3ms
[2023-11-15T23:26:29.279+0000][7][gc,phases   ] GC(408)   Merge Heap Roots: 0.2ms
[2023-11-15T23:26:29.279+0000][7][gc,phases   ] GC(408)   Evacuate Collection Set: 17.5ms
[2023-11-15T23:26:29.279+0000][7][gc,phases   ] GC(408)   Post Evacuate Collection Set: 0.8ms
[2023-11-15T23:26:29.279+0000][7][gc,phases   ] GC(408)   Other: 1.6ms
[2023-11-15T23:26:29.279+0000][7][gc,heap     ] GC(408) Eden regions: 68->0(5)
[2023-11-15T23:26:29.279+0000][7][gc,heap     ] GC(408) Survivor regions: 1->1(9)
[2023-11-15T23:26:29.279+0000][7][gc,heap     ] GC(408) Old regions: 30->30
[2023-11-15T23:26:29.279+0000][7][gc,heap     ] GC(408) Archive regions: 2->2
[2023-11-15T23:26:29.279+0000][7][gc,heap     ] GC(408) Humongous regions: 5->5
[2023-11-15T23:26:29.279+0000][7][gc,metaspace] GC(408) Metaspace: 117599K(119168K)->117599K(119168K) NonClass: 102095K(103040K)->102095K(103040K) Class: 15504K(16128K)->15504K(16128K)
[2023-11-15T23:26:29.279+0000][7][gc          ] GC(408) Pause Young (Prepare Mixed) (G1 Evacuation Pause) 413M->143M(512M) 20.391ms
[2023-11-15T23:26:29.279+0000][7][gc,cpu      ] GC(408) User=0.05s Sys=0.02s Real=0.02s
[2023-11-15T23:26:29.279+0000][7][safepoint   ] Safepoint "G1CollectForAllocation", Time since last: 15792282540 ns, Reaching safepoint: 160083 ns, At safepoint: 20555929 ns, Total: 20716012 ns
[2023-11-15T23:26:30.669+0000][7][gc,start    ] GC(409) Pause Young (Mixed) (G1 Evacuation Pause)
[2023-11-15T23:26:30.669+0000][7][gc,task     ] GC(409) Using 8 workers of 8 for evacuation
[2023-11-15T23:26:30.669+0000][7][gc,age      ] GC(409) Desired survivor size 2097152 bytes, new threshold 1 (max threshold 15)
[2023-11-15T23:26:30.671+0000][7][gc,age      ] GC(409) Age table with threshold 1 (max threshold 15)
[2023-11-15T23:26:30.671+0000][7][gc,age      ] GC(409) - age   1:     291520 bytes,     291520 total
[2023-11-15T23:26:30.671+0000][7][gc,phases   ] GC(409)   Pre Evacuate Collection Set: 0.1ms
[2023-11-15T23:26:30.671+0000][7][gc,phases   ] GC(409)   Merge Heap Roots: 0.0ms
[2023-11-15T23:26:30.671+0000][7][gc,phases   ] GC(409)   Evacuate Collection Set: 2.2ms
[2023-11-15T23:26:30.671+0000][7][gc,phases   ] GC(409)   Post Evacuate Collection Set: 0.5ms
[2023-11-15T23:26:30.672+0000][7][gc,phases   ] GC(409)   Other: 0.1ms
[2023-11-15T23:26:30.672+0000][7][gc,heap     ] GC(409) Eden regions: 5->0(69)
[2023-11-15T23:26:30.672+0000][7][gc,heap     ] GC(409) Survivor regions: 1->1(1)
[2023-11-15T23:26:30.672+0000][7][gc,heap     ] GC(409) Old regions: 30->29
[2023-11-15T23:26:30.672+0000][7][gc,heap     ] GC(409) Archive regions: 2->2
[2023-11-15T23:26:30.672+0000][7][gc,heap     ] GC(409) Humongous regions: 5->5
[2023-11-15T23:26:30.672+0000][7][gc,metaspace] GC(409) Metaspace: 117599K(119168K)->117599K(119168K) NonClass: 102095K(103040K)->102095K(103040K) Class: 15504K(16128K)->15504K(16128K)
[2023-11-15T23:26:30.672+0000][7][gc          ] GC(409) Pause Young (Mixed) (G1 Evacuation Pause) 163M->139M(512M) 2.972ms
[2023-11-15T23:26:30.672+0000][7][gc,cpu      ] GC(409) User=0.01s Sys=0.00s Real=0.00s
[2023-11-15T23:26:30.672+0000][7][safepoint   ] Safepoint "G1CollectForAllocation", Time since last: 1389343504 ns, Reaching safepoint: 29713 ns, At safepoint: 3040913 ns, Total: 3070626 ns
[2023-11-15T23:26:34.672+0000][7][safepoint   ] Safepoint "Cleanup", Time since last: 4000363072 ns, Reaching safepoint: 117560 ns, At safepoint: 6172 ns, Total: 123732 ns
[2023-11-15T23:26:36.672+0000][7][safepoint   ] Safepoint "Cleanup", Time since last: 2000230478 ns, Reaching safepoint: 116343 ns, At safepoint: 10043 ns, Total: 126386 ns
[2023-11-15T23:26:38.673+0000][7][safepoint   ] Safepoint "Cleanup", Time since last: 2000210449 ns, Reaching safepoint: 116922 ns, At safepoint: 32479 ns, Total: 149401 ns
[2023-11-15T23:26:47.425+0000][7][gc,start    ] GC(410) Pause Young (Normal) (G1 Evacuation Pause)
[2023-11-15T23:26:47.425+0000][7][gc,task     ] GC(410) Using 8 workers of 8 for evacuation
[2023-11-15T23:26:47.425+0000][7][gc,age      ] GC(410) Desired survivor size 18874368 bytes, new threshold 15 (max threshold 15)
[2023-11-15T23:26:47.439+0000][7][gc,age      ] GC(410) Age table with threshold 15 (max threshold 15)
[2023-11-15T23:26:47.439+0000][7][gc,age      ] GC(410) - age   1:    2170032 bytes,    2170032 total
[2023-11-15T23:26:47.439+0000][7][gc,age      ] GC(410) - age   2:     195624 bytes,    2365656 total
[2023-11-15T23:26:47.439+0000][7][gc,phases   ] GC(410)   Pre Evacuate Collection Set: 0.1ms
[2023-11-15T23:26:47.439+0000][7][gc,phases   ] GC(410)   Merge Heap Roots: 0.0ms
[2023-11-15T23:26:47.439+0000][7][gc,phases   ] GC(410)   Evacuate Collection Set: 12.5ms
[2023-11-15T23:26:47.439+0000][7][gc,phases   ] GC(410)   Post Evacuate Collection Set: 0.7ms
[2023-11-15T23:26:47.439+0000][7][gc,phases   ] GC(410)   Other: 0.2ms
[2023-11-15T23:26:47.439+0000][7][gc,heap     ] GC(410) Eden regions: 69->0(69)
[2023-11-15T23:26:47.439+0000][7][gc,heap     ] GC(410) Survivor regions: 1->1(9)
[2023-11-15T23:26:47.439+0000][7][gc,heap     ] GC(410) Old regions: 29->29
[2023-11-15T23:26:47.439+0000][7][gc,heap     ] GC(410) Archive regions: 2->2
[2023-11-15T23:26:47.439+0000][7][gc,heap     ] GC(410) Humongous regions: 5->5
[2023-11-15T23:26:47.439+0000][7][gc,metaspace] GC(410) Metaspace: 117605K(119168K)->117605K(119168K) NonClass: 102100K(103040K)->102100K(103040K) Class: 15504K(16128K)->15504K(16128K)
[2023-11-15T23:26:47.439+0000][7][gc          ] GC(410) Pause Young (Normal) (G1 Evacuation Pause) 415M->141M(512M) 13.639ms
[2023-11-15T23:26:47.439+0000][7][gc,cpu      ] GC(410) User=0.02s Sys=0.01s Real=0.01s
[2023-11-15T23:26:47.439+0000][7][safepoint   ] Safepoint "G1CollectForAllocation", Time since last: 8752322052 ns, Reaching safepoint: 22989 ns, At safepoint: 13722395 ns, Total: 13745384 ns
[2023-11-15T23:27:04.953+0000][7][gc,start    ] GC(411) Pause Young (Normal) (G1 Evacuation Pause)
[2023-11-15T23:27:04.953+0000][7][gc,task     ] GC(411) Using 8 workers of 8 for evacuation
[2023-11-15T23:27:04.953+0000][7][gc,age      ] GC(411) Desired survivor size 18874368 bytes, new threshold 15 (max threshold 15)
[2023-11-15T23:27:04.965+0000][7][gc,age      ] GC(411) Age table with threshold 15 (max threshold 15)
[2023-11-15T23:27:04.965+0000][7][gc,age      ] GC(411) - age   1:    3253192 bytes,    3253192 total
[2023-11-15T23:27:04.965+0000][7][gc,age      ] GC(411) - age   2:     494528 bytes,    3747720 total
[2023-11-15T23:27:04.965+0000][7][gc,age      ] GC(411) - age   3:     104920 bytes,    3852640 total
[2023-11-15T23:27:04.965+0000][7][gc,phases   ] GC(411)   Pre Evacuate Collection Set: 0.1ms
[2023-11-15T23:27:04.965+0000][7][gc,phases   ] GC(411)   Merge Heap Roots: 0.0ms
[2023-11-15T23:27:04.965+0000][7][gc,phases   ] GC(411)   Evacuate Collection Set: 11.0ms
[2023-11-15T23:27:04.965+0000][7][gc,phases   ] GC(411)   Post Evacuate Collection Set: 0.5ms
[2023-11-15T23:27:04.965+0000][7][gc,phases   ] GC(411)   Other: 0.2ms
[2023-11-15T23:27:04.965+0000][7][gc,heap     ] GC(411) Eden regions: 69->0(68)
[2023-11-15T23:27:04.965+0000][7][gc,heap     ] GC(411) Survivor regions: 1->1(9)
[2023-11-15T23:27:04.965+0000][7][gc,heap     ] GC(411) Old regions: 29->29
[2023-11-15T23:27:04.965+0000][7][gc,heap     ] GC(411) Archive regions: 2->2
[2023-11-15T23:27:04.965+0000][7][gc,heap     ] GC(411) Humongous regions: 5->5
[2023-11-15T23:27:04.965+0000][7][gc,metaspace] GC(411) Metaspace: 117605K(119168K)->117605K(119168K) NonClass: 102100K(103040K)->102100K(103040K) Class: 15504K(16128K)->15504K(16128K)
[2023-11-15T23:27:04.965+0000][7][gc          ] GC(411) Pause Young (Normal) (G1 Evacuation Pause) 417M->142M(512M) 11.892ms
[2023-11-15T23:27:04.965+0000][7][gc,cpu      ] GC(411) User=0.03s Sys=0.00s Real=0.02s
[2023-11-15T23:27:04.965+0000][7][safepoint   ] Safepoint "G1CollectForAllocation", Time since last: 17514450881 ns, Reaching safepoint: 28097 ns, At safepoint: 11971463 ns, Total: 11999560 ns
[2023-11-15T23:27:22.139+0000][7][gc,start    ] GC(412) Pause Young (Concurrent Start) (G1 Evacuation Pause)
[2023-11-15T23:27:22.139+0000][7][gc,task     ] GC(412) Using 8 workers of 8 for evacuation
[2023-11-15T23:27:22.139+0000][7][gc,age      ] GC(412) Desired survivor size 18874368 bytes, new threshold 15 (max threshold 15)
[2023-11-15T23:27:22.145+0000][7][gc,age      ] GC(412) Age table with threshold 15 (max threshold 15)
[2023-11-15T23:27:22.145+0000][7][gc,age      ] GC(412) - age   1:    1698424 bytes,    1698424 total
[2023-11-15T23:27:22.145+0000][7][gc,age      ] GC(412) - age   2:    1470968 bytes,    3169392 total
[2023-11-15T23:27:22.145+0000][7][gc,age      ] GC(412) - age   3:     431392 bytes,    3600784 total
[2023-11-15T23:27:22.145+0000][7][gc,age      ] GC(412) - age   4:      51400 bytes,    3652184 total
[2023-11-15T23:27:22.145+0000][7][gc,phases   ] GC(412)   Pre Evacuate Collection Set: 0.3ms
[2023-11-15T23:27:22.145+0000][7][gc,phases   ] GC(412)   Merge Heap Roots: 0.2ms
[2023-11-15T23:27:22.145+0000][7][gc,phases   ] GC(412)   Evacuate Collection Set: 3.7ms
[2023-11-15T23:27:22.145+0000][7][gc,phases   ] GC(412)   Post Evacuate Collection Set: 1.3ms
[2023-11-15T23:27:22.145+0000][7][gc,phases   ] GC(412)   Other: 0.5ms
[2023-11-15T23:27:22.145+0000][7][gc,heap     ] GC(412) Eden regions: 68->0(69)
[2023-11-15T23:27:22.145+0000][7][gc,heap     ] GC(412) Survivor regions: 1->1(9)
[2023-11-15T23:27:22.145+0000][7][gc,heap     ] GC(412) Old regions: 29->29
[2023-11-15T23:27:22.145+0000][7][gc,heap     ] GC(412) Archive regions: 2->2
[2023-11-15T23:27:22.145+0000][7][gc,heap     ] GC(412) Humongous regions: 5->5
[2023-11-15T23:27:22.145+0000][7][gc,metaspace] GC(412) Metaspace: 117605K(119168K)->117605K(119168K) NonClass: 102100K(103040K)->102100K(103040K) Class: 15504K(16128K)->15504K(16128K)
[2023-11-15T23:27:22.145+0000][7][gc          ] GC(412) Pause Young (Concurrent Start) (G1 Evacuation Pause) 414M->142M(512M) 6.234ms
[2023-11-15T23:27:22.145+0000][7][gc,cpu      ] GC(412) User=0.03s Sys=0.00s Real=0.01s
[2023-11-15T23:27:22.145+0000][7][safepoint   ] Safepoint "G1CollectForAllocation", Time since last: 17173214012 ns, Reaching safepoint: 124378 ns, At safepoint: 6443497 ns, Total: 6567875 ns
[2023-11-15T23:27:22.145+0000][7][gc          ] GC(413) Concurrent Mark Cycle
[2023-11-15T23:27:22.145+0000][7][gc,marking  ] GC(413) Concurrent Clear Claimed Marks
[2023-11-15T23:27:22.145+0000][7][gc,marking  ] GC(413) Concurrent Clear Claimed Marks 0.179ms
[2023-11-15T23:27:22.145+0000][7][gc,marking  ] GC(413) Concurrent Scan Root Regions
[2023-11-15T23:27:22.152+0000][7][gc,marking  ] GC(413) Concurrent Scan Root Regions 6.711ms
[2023-11-15T23:27:22.152+0000][7][gc,marking  ] GC(413) Concurrent Mark
[2023-11-15T23:27:22.152+0000][7][gc,marking  ] GC(413) Concurrent Mark From Roots
[2023-11-15T23:27:22.152+0000][7][gc,task     ] GC(413) Using 2 workers of 2 for marking
[2023-11-15T23:27:22.231+0000][7][gc,marking  ] GC(413) Concurrent Mark From Roots 78.778ms
[2023-11-15T23:27:22.231+0000][7][gc,marking  ] GC(413) Concurrent Preclean
[2023-11-15T23:27:22.231+0000][7][gc,marking  ] GC(413) Concurrent Preclean 0.213ms
[2023-11-15T23:27:22.231+0000][7][gc,start    ] GC(413) Pause Remark
[2023-11-15T23:27:22.237+0000][7][gc          ] GC(413) Pause Remark 145M->145M(512M) 5.707ms
[2023-11-15T23:27:22.237+0000][7][gc,cpu      ] GC(413) User=0.04s Sys=0.01s Real=0.01s
[2023-11-15T23:27:22.237+0000][7][safepoint   ] Safepoint "G1Concurrent", Time since last: 86145199 ns, Reaching safepoint: 23470 ns, At safepoint: 5776202 ns, Total: 5799672 ns
[2023-11-15T23:27:22.237+0000][7][gc,marking  ] GC(413) Concurrent Mark 84.907ms
[2023-11-15T23:27:22.237+0000][7][gc,marking  ] GC(413) Concurrent Rebuild Remembered Sets
[2023-11-15T23:27:22.271+0000][7][gc,marking  ] GC(413) Concurrent Rebuild Remembered Sets 33.983ms
[2023-11-15T23:27:22.271+0000][7][gc,start    ] GC(413) Pause Cleanup
[2023-11-15T23:27:22.271+0000][7][gc          ] GC(413) Pause Cleanup 145M->145M(512M) 0.155ms
[2023-11-15T23:27:22.271+0000][7][gc,cpu      ] GC(413) User=0.00s Sys=0.00s Real=0.00s
[2023-11-15T23:27:22.271+0000][7][safepoint   ] Safepoint "G1Concurrent", Time since last: 34101045 ns, Reaching safepoint: 41659 ns, At safepoint: 194591 ns, Total: 236250 ns
[2023-11-15T23:27:22.271+0000][7][gc,marking  ] GC(413) Concurrent Cleanup for Next Mark
[2023-11-15T23:27:22.273+0000][7][gc,marking  ] GC(413) Concurrent Cleanup for Next Mark 1.676ms
[2023-11-15T23:27:22.273+0000][7][gc          ] GC(413) Concurrent Mark Cycle 128.176ms
[2023-11-15T23:27:38.273+0000][7][safepoint   ] Safepoint "Cleanup", Time since last: 16001581727 ns, Reaching safepoint: 132833 ns, At safepoint: 30544 ns, Total: 163377 ns
[2023-11-15T23:27:38.541+0000][7][gc,start    ] GC(414) Pause Young (Prepare Mixed) (G1 Evacuation Pause)
[2023-11-15T23:27:38.541+0000][7][gc,task     ] GC(414) Using 8 workers of 8 for evacuation
[2023-11-15T23:27:38.541+0000][7][gc,age      ] GC(414) Desired survivor size 18874368 bytes, new threshold 15 (max threshold 15)
[2023-11-15T23:27:38.552+0000][7][gc,age      ] GC(414) Age table with threshold 15 (max threshold 15)
[2023-11-15T23:27:38.552+0000][7][gc,age      ] GC(414) - age   1:    2941408 bytes,    2941408 total
[2023-11-15T23:27:38.552+0000][7][gc,age      ] GC(414) - age   2:     722752 bytes,    3664160 total
[2023-11-15T23:27:38.552+0000][7][gc,age      ] GC(414) - age   3:     631000 bytes,    4295160 total
[2023-11-15T23:27:38.552+0000][7][gc,age      ] GC(414) - age   4:     342520 bytes,    4637680 total
[2023-11-15T23:27:38.552+0000][7][gc,age      ] GC(414) - age   5:      49000 bytes,    4686680 total
[2023-11-15T23:27:38.552+0000][7][gc,phases   ] GC(414)   Pre Evacuate Collection Set: 0.2ms
[2023-11-15T23:27:38.552+0000][7][gc,phases   ] GC(414)   Merge Heap Roots: 0.1ms
[2023-11-15T23:27:38.552+0000][7][gc,phases   ] GC(414)   Evacuate Collection Set: 9.8ms
[2023-11-15T23:27:38.552+0000][7][gc,phases   ] GC(414)   Post Evacuate Collection Set: 1.2ms
[2023-11-15T23:27:38.552+0000][7][gc,phases   ] GC(414)   Other: 0.4ms
[2023-11-15T23:27:38.552+0000][7][gc,heap     ] GC(414) Eden regions: 69->0(4)
[2023-11-15T23:27:38.552+0000][7][gc,heap     ] GC(414) Survivor regions: 1->2(9)
[2023-11-15T23:27:38.552+0000][7][gc,heap     ] GC(414) Old regions: 29->29
[2023-11-15T23:27:38.552+0000][7][gc,heap     ] GC(414) Archive regions: 2->2
[2023-11-15T23:27:38.552+0000][7][gc,heap     ] GC(414) Humongous regions: 5->5
[2023-11-15T23:27:38.552+0000][7][gc,metaspace] GC(414) Metaspace: 117605K(119168K)->117605K(119168K) NonClass: 102100K(103040K)->102100K(103040K) Class: 15504K(16128K)->15504K(16128K)
[2023-11-15T23:27:38.552+0000][7][gc          ] GC(414) Pause Young (Prepare Mixed) (G1 Evacuation Pause) 418M->143M(512M) 11.871ms
[2023-11-15T23:27:38.553+0000][7][gc,cpu      ] GC(414) User=0.03s Sys=0.05s Real=0.01s
[2023-11-15T23:27:38.553+0000][7][safepoint   ] Safepoint "G1CollectForAllocation", Time since last: 267330292 ns, Reaching safepoint: 77961 ns, At safepoint: 12039922 ns, Total: 12117883 ns
[2023-11-15T23:27:39.626+0000][7][gc,start    ] GC(415) Pause Young (Mixed) (G1 Evacuation Pause)
[2023-11-15T23:27:39.626+0000][7][gc,task     ] GC(415) Using 8 workers of 8 for evacuation
[2023-11-15T23:27:39.626+0000][7][gc,age      ] GC(415) Desired survivor size 2097152 bytes, new threshold 1 (max threshold 15)
[2023-11-15T23:27:39.653+0000][7][gc,age      ] GC(415) Age table with threshold 1 (max threshold 15)
[2023-11-15T23:27:39.653+0000][7][gc,age      ] GC(415) - age   1:     330032 bytes,     330032 total
[2023-11-15T23:27:39.653+0000][7][gc,phases   ] GC(415)   Pre Evacuate Collection Set: 0.2ms
[2023-11-15T23:27:39.653+0000][7][gc,phases   ] GC(415)   Merge Heap Roots: 0.1ms
[2023-11-15T23:27:39.653+0000][7][gc,phases   ] GC(415)   Evacuate Collection Set: 25.4ms
[2023-11-15T23:27:39.653+0000][7][gc,phases   ] GC(415)   Post Evacuate Collection Set: 1.1ms
[2023-11-15T23:27:39.653+0000][7][gc,phases   ] GC(415)   Other: 0.4ms
[2023-11-15T23:27:39.653+0000][7][gc,heap     ] GC(415) Eden regions: 4->0(68)
[2023-11-15T23:27:39.653+0000][7][gc,heap     ] GC(415) Survivor regions: 2->1(1)
[2023-11-15T23:27:39.653+0000][7][gc,heap     ] GC(415) Old regions: 29->29
[2023-11-15T23:27:39.653+0000][7][gc,heap     ] GC(415) Archive regions: 2->2
[2023-11-15T23:27:39.653+0000][7][gc,heap     ] GC(415) Humongous regions: 5->5
[2023-11-15T23:27:39.653+0000][7][gc,metaspace] GC(415) Metaspace: 117605K(119168K)->117605K(119168K) NonClass: 102100K(103040K)->102100K(103040K) Class: 15504K(16128K)->15504K(16128K)
[2023-11-15T23:27:39.653+0000][7][gc          ] GC(415) Pause Young (Mixed) (G1 Evacuation Pause) 159M->139M(512M) 27.284ms
[2023-11-15T23:27:39.653+0000][7][gc,cpu      ] GC(415) User=0.04s Sys=0.01s Real=0.02s
[2023-11-15T23:27:39.653+0000][7][safepoint   ] Safepoint "G1CollectForAllocation", Time since last: 1073033954 ns, Reaching safepoint: 100609 ns, At safepoint: 27470809 ns, Total: 27571418 ns
[2023-11-15T23:27:41.654+0000][7][safepoint   ] Safepoint "Cleanup", Time since last: 2000533206 ns, Reaching safepoint: 76562 ns, At safepoint: 77964 ns, Total: 154526 ns
[2023-11-15T23:27:56.539+0000][7][gc,start    ] GC(416) Pause Young (Normal) (G1 Evacuation Pause)
[2023-11-15T23:27:56.539+0000][7][gc,task     ] GC(416) Using 8 workers of 8 for evacuation
[2023-11-15T23:27:56.540+0000][7][gc,age      ] GC(416) Desired survivor size 18874368 bytes, new threshold 15 (max threshold 15)
[2023-11-15T23:27:56.546+0000][7][gc,age      ] GC(416) Age table with threshold 15 (max threshold 15)
[2023-11-15T23:27:56.546+0000][7][gc,age      ] GC(416) - age   1:    2138040 bytes,    2138040 total
[2023-11-15T23:27:56.546+0000][7][gc,age      ] GC(416) - age   2:      36112 bytes,    2174152 total
[2023-11-15T23:27:56.546+0000][7][gc,phases   ] GC(416)   Pre Evacuate Collection Set: 0.2ms
[2023-11-15T23:27:56.546+0000][7][gc,phases   ] GC(416)   Merge Heap Roots: 0.2ms
[2023-11-15T23:27:56.546+0000][7][gc,phases   ] GC(416)   Evacuate Collection Set: 3.7ms
[2023-11-15T23:27:56.546+0000][7][gc,phases   ] GC(416)   Post Evacuate Collection Set: 2.0ms
[2023-11-15T23:27:56.546+0000][7][gc,phases   ] GC(416)   Other: 0.6ms
[2023-11-15T23:27:56.546+0000][7][gc,heap     ] GC(416) Eden regions: 68->0(68)
[2023-11-15T23:27:56.546+0000][7][gc,heap     ] GC(416) Survivor regions: 1->1(9)
[2023-11-15T23:27:56.546+0000][7][gc,heap     ] GC(416) Old regions: 29->29
[2023-11-15T23:27:56.546+0000][7][gc,heap     ] GC(416) Archive regions: 2->2
[2023-11-15T23:27:56.546+0000][7][gc,heap     ] GC(416) Humongous regions: 5->5
[2023-11-15T23:27:56.546+0000][7][gc,metaspace] GC(416) Metaspace: 117605K(119168K)->117605K(119168K) NonClass: 102100K(103040K)->102100K(103040K) Class: 15504K(16128K)->15504K(16128K)
[2023-11-15T23:27:56.546+0000][7][gc          ] GC(416) Pause Young (Normal) (G1 Evacuation Pause) 411M->141M(512M) 6.930ms
[2023-11-15T23:27:56.546+0000][7][gc,cpu      ] GC(416) User=0.02s Sys=0.00s Real=0.01s
[2023-11-15T23:27:56.546+0000][7][safepoint   ] Safepoint "G1CollectForAllocation", Time since last: 14885238597 ns, Reaching safepoint: 102418 ns, At safepoint: 7189428 ns, Total: 7291846 ns
[2023-11-15T23:28:05.547+0000][7][safepoint   ] Safepoint "Cleanup", Time since last: 9000965088 ns, Reaching safepoint: 40289 ns, At safepoint: 3939 ns, Total: 44228 ns
[2023-11-15T23:28:11.548+0000][7][safepoint   ] Safepoint "Cleanup", Time since last: 6000640513 ns, Reaching safepoint: 141519 ns, At safepoint: 58408 ns, Total: 199927 ns
[2023-11-15T23:28:13.443+0000][7][gc,start    ] GC(417) Pause Young (Normal) (G1 Evacuation Pause)
[2023-11-15T23:28:13.443+0000][7][gc,task     ] GC(417) Using 8 workers of 8 for evacuation
[2023-11-15T23:28:13.443+0000][7][gc,age      ] GC(417) Desired survivor size 18874368 bytes, new threshold 15 (max threshold 15)
[2023-11-15T23:28:13.448+0000][7][gc,age      ] GC(417) Age table with threshold 15 (max threshold 15)
[2023-11-15T23:28:13.448+0000][7][gc,age      ] GC(417) - age   1:    1759824 bytes,    1759824 total
[2023-11-15T23:28:13.448+0000][7][gc,age      ] GC(417) - age   2:    1197776 bytes,    2957600 total
[2023-11-15T23:28:13.448+0000][7][gc,age      ] GC(417) - age   3:      35344 bytes,    2992944 total
[2023-11-15T23:28:13.448+0000][7][gc,phases   ] GC(417)   Pre Evacuate Collection Set: 0.2ms
[2023-11-15T23:28:13.448+0000][7][gc,phases   ] GC(417)   Merge Heap Roots: 0.2ms
[2023-11-15T23:28:13.448+0000][7][gc,phases   ] GC(417)   Evacuate Collection Set: 3.2ms
[2023-11-15T23:28:13.448+0000][7][gc,phases   ] GC(417)   Post Evacuate Collection Set: 1.2ms
[2023-11-15T23:28:13.448+0000][7][gc,phases   ] GC(417)   Other: 0.5ms
[2023-11-15T23:28:13.448+0000][7][gc,heap     ] GC(417) Eden regions: 68->0(69)
[2023-11-15T23:28:13.448+0000][7][gc,heap     ] GC(417) Survivor regions: 1->1(9)
[2023-11-15T23:28:13.448+0000][7][gc,heap     ] GC(417) Old regions: 29->29
[2023-11-15T23:28:13.448+0000][7][gc,heap     ] GC(417) Archive regions: 2->2
[2023-11-15T23:28:13.448+0000][7][gc,heap     ] GC(417) Humongous regions: 5->5
[2023-11-15T23:28:13.448+0000][7][gc,metaspace] GC(417) Metaspace: 117605K(119168K)->117605K(119168K) NonClass: 102100K(103040K)->102100K(103040K) Class: 15504K(16128K)->15504K(16128K)
[2023-11-15T23:28:13.448+0000][7][gc          ] GC(417) Pause Young (Normal) (G1 Evacuation Pause) 413M->142M(512M) 5.417ms
[2023-11-15T23:28:13.448+0000][7][gc,cpu      ] GC(417) User=0.02s Sys=0.00s Real=0.01s
[2023-11-15T23:28:13.449+0000][7][safepoint   ] Safepoint "G1CollectForAllocation", Time since last: 1894542880 ns, Reaching safepoint: 119352 ns, At safepoint: 5613758 ns, Total: 5733110 ns
[2023-11-15T23:28:26.450+0000][7][safepoint   ] Safepoint "Cleanup", Time since last: 13001454162 ns, Reaching safepoint: 87914 ns, At safepoint: 10031 ns, Total: 97945 ns
[2023-11-15T23:28:29.689+0000][7][gc,start    ] GC(418) Pause Young (Concurrent Start) (G1 Evacuation Pause)
[2023-11-15T23:28:29.689+0000][7][gc,task     ] GC(418) Using 8 workers of 8 for evacuation
[2023-11-15T23:28:29.689+0000][7][gc,age      ] GC(418) Desired survivor size 18874368 bytes, new threshold 15 (max threshold 15)
[2023-11-15T23:28:29.692+0000][7][gc,age      ] GC(418) Age table with threshold 15 (max threshold 15)
[2023-11-15T23:28:29.692+0000][7][gc,age      ] GC(418) - age   1:    2335416 bytes,    2335416 total
[2023-11-15T23:28:29.692+0000][7][gc,age      ] GC(418) - age   2:     797072 bytes,    3132488 total
[2023-11-15T23:28:29.692+0000][7][gc,age      ] GC(418) - age   3:     509432 bytes,    3641920 total
[2023-11-15T23:28:29.692+0000][7][gc,age      ] GC(418) - age   4:      35344 bytes,    3677264 total
[2023-11-15T23:28:29.692+0000][7][gc,phases   ] GC(418)   Pre Evacuate Collection Set: 0.3ms
[2023-11-15T23:28:29.692+0000][7][gc,phases   ] GC(418)   Merge Heap Roots: 0.1ms
[2023-11-15T23:28:29.692+0000][7][gc,phases   ] GC(418)   Evacuate Collection Set: 2.3ms
[2023-11-15T23:28:29.692+0000][7][gc,phases   ] GC(418)   Post Evacuate Collection Set: 0.7ms
[2023-11-15T23:28:29.692+0000][7][gc,phases   ] GC(418)   Other: 0.3ms
[2023-11-15T23:28:29.692+0000][7][gc,heap     ] GC(418) Eden regions: 69->0(68)
[2023-11-15T23:28:29.692+0000][7][gc,heap     ] GC(418) Survivor regions: 1->1(9)
[2023-11-15T23:28:29.692+0000][7][gc,heap     ] GC(418) Old regions: 29->29
[2023-11-15T23:28:29.692+0000][7][gc,heap     ] GC(418) Archive regions: 2->2
[2023-11-15T23:28:29.692+0000][7][gc,heap     ] GC(418) Humongous regions: 5->5
[2023-11-15T23:28:29.692+0000][7][gc,metaspace] GC(418) Metaspace: 117605K(119168K)->117605K(119168K) NonClass: 102100K(103040K)->102100K(103040K) Class: 15504K(16128K)->15504K(16128K)
[2023-11-15T23:28:29.692+0000][7][gc          ] GC(418) Pause Young (Concurrent Start) (G1 Evacuation Pause) 418M->142M(512M) 3.646ms
[2023-11-15T23:28:29.692+0000][7][gc,cpu      ] GC(418) User=0.02s Sys=0.00s Real=0.00s
[2023-11-15T23:28:29.692+0000][7][safepoint   ] Safepoint "G1CollectForAllocation", Time since last: 3238366157 ns, Reaching safepoint: 53881 ns, At safepoint: 3757197 ns, Total: 3811078 ns
[2023-11-15T23:28:29.692+0000][7][gc          ] GC(419) Concurrent Mark Cycle
[2023-11-15T23:28:29.692+0000][7][gc,marking  ] GC(419) Concurrent Clear Claimed Marks
[2023-11-15T23:28:29.692+0000][7][gc,marking  ] GC(419) Concurrent Clear Claimed Marks 0.125ms
[2023-11-15T23:28:29.692+0000][7][gc,marking  ] GC(419) Concurrent Scan Root Regions
[2023-11-15T23:28:29.696+0000][7][gc,marking  ] GC(419) Concurrent Scan Root Regions 3.132ms
[2023-11-15T23:28:29.696+0000][7][gc,marking  ] GC(419) Concurrent Mark
[2023-11-15T23:28:29.696+0000][7][gc,marking  ] GC(419) Concurrent Mark From Roots
[2023-11-15T23:28:29.696+0000][7][gc,task     ] GC(419) Using 2 workers of 2 for marking
[2023-11-15T23:28:29.775+0000][7][gc,marking  ] GC(419) Concurrent Mark From Roots 79.077ms
[2023-11-15T23:28:29.775+0000][7][gc,marking  ] GC(419) Concurrent Preclean
[2023-11-15T23:28:29.775+0000][7][gc,marking  ] GC(419) Concurrent Preclean 0.201ms
[2023-11-15T23:28:29.775+0000][7][gc,start    ] GC(419) Pause Remark
[2023-11-15T23:28:29.782+0000][7][gc          ] GC(419) Pause Remark 146M->146M(512M) 6.788ms
[2023-11-15T23:28:29.782+0000][7][gc,cpu      ] GC(419) User=0.05s Sys=0.00s Real=0.00s
[2023-11-15T23:28:29.782+0000][7][safepoint   ] Safepoint "G1Concurrent", Time since last: 82703730 ns, Reaching safepoint: 36649 ns, At safepoint: 6915516 ns, Total: 6952165 ns
[2023-11-15T23:28:29.782+0000][7][gc,marking  ] GC(419) Concurrent Mark 86.343ms
[2023-11-15T23:28:29.782+0000][7][gc,marking  ] GC(419) Concurrent Rebuild Remembered Sets
[2023-11-15T23:28:29.836+0000][7][gc,marking  ] GC(419) Concurrent Rebuild Remembered Sets 54.187ms
[2023-11-15T23:28:29.836+0000][7][gc,start    ] GC(419) Pause Cleanup
[2023-11-15T23:28:29.836+0000][7][gc          ] GC(419) Pause Cleanup 151M->151M(512M) 0.117ms
[2023-11-15T23:28:29.836+0000][7][gc,cpu      ] GC(419) User=0.00s Sys=0.00s Real=0.00s
[2023-11-15T23:28:29.836+0000][7][safepoint   ] Safepoint "G1Concurrent", Time since last: 54368610 ns, Reaching safepoint: 47552 ns, At safepoint: 177475 ns, Total: 225027 ns
[2023-11-15T23:28:29.836+0000][7][gc,marking  ] GC(419) Concurrent Cleanup for Next Mark
[2023-11-15T23:28:29.837+0000][7][gc,marking  ] GC(419) Concurrent Cleanup for Next Mark 0.821ms
[2023-11-15T23:28:29.837+0000][7][gc          ] GC(419) Concurrent Mark Cycle 145.161ms
[2023-11-15T23:28:46.133+0000][7][gc,start    ] GC(420) Pause Young (Prepare Mixed) (G1 Evacuation Pause)
[2023-11-15T23:28:46.133+0000][7][gc,task     ] GC(420) Using 8 workers of 8 for evacuation
[2023-11-15T23:28:46.133+0000][7][gc,age      ] GC(420) Desired survivor size 18874368 bytes, new threshold 15 (max threshold 15)
[2023-11-15T23:28:46.139+0000][7][gc,age      ] GC(420) Age table with threshold 15 (max threshold 15)
[2023-11-15T23:28:46.139+0000][7][gc,age      ] GC(420) - age   1:    1353632 bytes,    1353632 total
[2023-11-15T23:28:46.139+0000][7][gc,age      ] GC(420) - age   2:    1025928 bytes,    2379560 total
[2023-11-15T23:28:46.139+0000][7][gc,age      ] GC(420) - age   3:     716504 bytes,    3096064 total
[2023-11-15T23:28:46.139+0000][7][gc,age      ] GC(420) - age   4:     457712 bytes,    3553776 total
[2023-11-15T23:28:46.139+0000][7][gc,age      ] GC(420) - age   5:      33336 bytes,    3587112 total
[2023-11-15T23:28:46.139+0000][7][gc,phases   ] GC(420)   Pre Evacuate Collection Set: 0.2ms
[2023-11-15T23:28:46.139+0000][7][gc,phases   ] GC(420)   Merge Heap Roots: 0.1ms
[2023-11-15T23:28:46.139+0000][7][gc,phases   ] GC(420)   Evacuate Collection Set: 3.9ms
[2023-11-15T23:28:46.139+0000][7][gc,phases   ] GC(420)   Post Evacuate Collection Set: 1.3ms
[2023-11-15T23:28:46.139+0000][7][gc,phases   ] GC(420)   Other: 0.4ms
[2023-11-15T23:28:46.139+0000][7][gc,heap     ] GC(420) Eden regions: 68->0(5)
[2023-11-15T23:28:46.139+0000][7][gc,heap     ] GC(420) Survivor regions: 1->1(9)
[2023-11-15T23:28:46.139+0000][7][gc,heap     ] GC(420) Old regions: 29->29
[2023-11-15T23:28:46.139+0000][7][gc,heap     ] GC(420) Archive regions: 2->2
[2023-11-15T23:28:46.139+0000][7][gc,heap     ] GC(420) Humongous regions: 5->5
[2023-11-15T23:28:46.139+0000][7][gc,metaspace] GC(420) Metaspace: 117605K(119168K)->117605K(119168K) NonClass: 102100K(103040K)->102100K(103040K) Class: 15504K(16128K)->15504K(16128K)
[2023-11-15T23:28:46.139+0000][7][gc          ] GC(420) Pause Young (Prepare Mixed) (G1 Evacuation Pause) 414M->142M(512M) 6.057ms
[2023-11-15T23:28:46.139+0000][7][gc,cpu      ] GC(420) User=0.03s Sys=0.00s Real=0.01s
[2023-11-15T23:28:46.139+0000][7][safepoint   ] Safepoint "G1CollectForAllocation", Time since last: 16296560402 ns, Reaching safepoint: 58979 ns, At safepoint: 6226131 ns, Total: 6285110 ns
[2023-11-15T23:28:46.949+0000][7][gc,start    ] GC(421) Pause Young (Mixed) (G1 Evacuation Pause)
[2023-11-15T23:28:46.949+0000][7][gc,task     ] GC(421) Using 8 workers of 8 for evacuation
[2023-11-15T23:28:46.949+0000][7][gc,age      ] GC(421) Desired survivor size 2097152 bytes, new threshold 2 (max threshold 15)
[2023-11-15T23:28:46.958+0000][7][gc,age      ] GC(421) Age table with threshold 2 (max threshold 15)
[2023-11-15T23:28:46.958+0000][7][gc,age      ] GC(421) - age   1:     198384 bytes,     198384 total
[2023-11-15T23:28:46.958+0000][7][gc,age      ] GC(421) - age   2:    1324208 bytes,    1522592 total
[2023-11-15T23:28:46.958+0000][7][gc,phases   ] GC(421)   Pre Evacuate Collection Set: 0.1ms
[2023-11-15T23:28:46.958+0000][7][gc,phases   ] GC(421)   Merge Heap Roots: 0.1ms
[2023-11-15T23:28:46.958+0000][7][gc,phases   ] GC(421)   Evacuate Collection Set: 8.8ms
[2023-11-15T23:28:46.958+0000][7][gc,phases   ] GC(421)   Post Evacuate Collection Set: 0.5ms
[2023-11-15T23:28:46.958+0000][7][gc,phases   ] GC(421)   Other: 0.2ms
[2023-11-15T23:28:46.958+0000][7][gc,heap     ] GC(421) Eden regions: 5->0(69)
[2023-11-15T23:28:46.958+0000][7][gc,heap     ] GC(421) Survivor regions: 1->1(1)
[2023-11-15T23:28:46.958+0000][7][gc,heap     ] GC(421) Old regions: 29->29
[2023-11-15T23:28:46.958+0000][7][gc,heap     ] GC(421) Archive regions: 2->2
[2023-11-15T23:28:46.958+0000][7][gc,heap     ] GC(421) Humongous regions: 5->5
[2023-11-15T23:28:46.958+0000][7][gc,metaspace] GC(421) Metaspace: 117611K(119168K)->117611K(119168K) NonClass: 102106K(103040K)->102106K(103040K) Class: 15504K(16128K)->15504K(16128K)
[2023-11-15T23:28:46.958+0000][7][gc          ] GC(421) Pause Young (Mixed) (G1 Evacuation Pause) 162M->139M(512M) 9.577ms
[2023-11-15T23:28:46.959+0000][7][gc,cpu      ] GC(421) User=0.03s Sys=0.00s Real=0.01s
[2023-11-15T23:28:46.959+0000][7][safepoint   ] Safepoint "G1CollectForAllocation", Time since last: 809505843 ns, Reaching safepoint: 43445 ns, At safepoint: 9656109 ns, Total: 9699554 ns
[2023-11-15T23:28:59.960+0000][7][safepoint   ] Safepoint "Cleanup", Time since last: 13001607773 ns, Reaching safepoint: 61131 ns, At safepoint: 5531 ns, Total: 66662 ns
[2023-11-15T23:29:04.494+0000][7][gc,start    ] GC(422) Pause Young (Normal) (G1 Evacuation Pause)
[2023-11-15T23:29:04.494+0000][7][gc,task     ] GC(422) Using 8 workers of 8 for evacuation
[2023-11-15T23:29:04.494+0000][7][gc,age      ] GC(422) Desired survivor size 18874368 bytes, new threshold 15 (max threshold 15)
[2023-11-15T23:29:04.498+0000][7][gc,age      ] GC(422) Age table with threshold 15 (max threshold 15)
[2023-11-15T23:29:04.498+0000][7][gc,age      ] GC(422) - age   1:    1728048 bytes,    1728048 total
[2023-11-15T23:29:04.498+0000][7][gc,age      ] GC(422) - age   2:        488 bytes,    1728536 total
[2023-11-15T23:29:04.498+0000][7][gc,age      ] GC(422) - age   3:     373960 bytes,    2102496 total
[2023-11-15T23:29:04.499+0000][7][gc,phases   ] GC(422)   Pre Evacuate Collection Set: 0.2ms
[2023-11-15T23:29:04.499+0000][7][gc,phases   ] GC(422)   Merge Heap Roots: 0.2ms
[2023-11-15T23:29:04.499+0000][7][gc,phases   ] GC(422)   Evacuate Collection Set: 2.6ms
[2023-11-15T23:29:04.499+0000][7][gc,phases   ] GC(422)   Post Evacuate Collection Set: 1.2ms
[2023-11-15T23:29:04.499+0000][7][gc,phases   ] GC(422)   Other: 0.4ms
[2023-11-15T23:29:04.499+0000][7][gc,heap     ] GC(422) Eden regions: 69->0(69)
[2023-11-15T23:29:04.499+0000][7][gc,heap     ] GC(422) Survivor regions: 1->1(9)
[2023-11-15T23:29:04.499+0000][7][gc,heap     ] GC(422) Old regions: 29->29
[2023-11-15T23:29:04.499+0000][7][gc,heap     ] GC(422) Archive regions: 2->2
[2023-11-15T23:29:04.499+0000][7][gc,heap     ] GC(422) Humongous regions: 5->5
[2023-11-15T23:29:04.499+0000][7][gc,metaspace] GC(422) Metaspace: 117611K(119168K)->117611K(119168K) NonClass: 102106K(103040K)->102106K(103040K) Class: 15504K(16128K)->15504K(16128K)
[2023-11-15T23:29:04.499+0000][7][gc          ] GC(422) Pause Young (Normal) (G1 Evacuation Pause) 415M->139M(512M) 4.749ms
[2023-11-15T23:29:04.499+0000][7][gc,cpu      ] GC(422) User=0.03s Sys=0.00s Real=0.01s
[2023-11-15T23:29:04.499+0000][7][safepoint   ] Safepoint "G1CollectForAllocation", Time since last: 4533627604 ns, Reaching safepoint: 64131 ns, At safepoint: 4932493 ns, Total: 4996624 ns
[2023-11-15T23:29:14.500+0000][7][safepoint   ] Safepoint "Cleanup", Time since last: 10000972295 ns, Reaching safepoint: 97161 ns, At safepoint: 10839 ns, Total: 108000 ns
[2023-11-15T23:29:17.500+0000][7][safepoint   ] Safepoint "Cleanup", Time since last: 3000406816 ns, Reaching safepoint: 30241 ns, At safepoint: 4481 ns, Total: 34722 ns
[2023-11-15T23:29:22.981+0000][7][gc,start    ] GC(423) Pause Young (Normal) (G1 Evacuation Pause)
[2023-11-15T23:29:22.981+0000][7][gc,task     ] GC(423) Using 8 workers of 8 for evacuation
[2023-11-15T23:29:22.981+0000][7][gc,age      ] GC(423) Desired survivor size 18874368 bytes, new threshold 15 (max threshold 15)
[2023-11-15T23:29:22.983+0000][7][gc,age      ] GC(423) Age table with threshold 15 (max threshold 15)
[2023-11-15T23:29:22.983+0000][7][gc,age      ] GC(423) - age   1:    2697320 bytes,    2697320 total
[2023-11-15T23:29:22.983+0000][7][gc,age      ] GC(423) - age   2:     627112 bytes,    3324432 total
[2023-11-15T23:29:22.983+0000][7][gc,age      ] GC(423) - age   3:        168 bytes,    3324600 total
[2023-11-15T23:29:22.983+0000][7][gc,age      ] GC(423) - age   4:     358552 bytes,    3683152 total
[2023-11-15T23:29:22.984+0000][7][gc,phases   ] GC(423)   Pre Evacuate Collection Set: 0.1ms
[2023-11-15T23:29:22.984+0000][7][gc,phases   ] GC(423)   Merge Heap Roots: 0.0ms
[2023-11-15T23:29:22.984+0000][7][gc,phases   ] GC(423)   Evacuate Collection Set: 1.8ms
[2023-11-15T23:29:22.984+0000][7][gc,phases   ] GC(423)   Post Evacuate Collection Set: 0.4ms
[2023-11-15T23:29:22.984+0000][7][gc,phases   ] GC(423)   Other: 0.2ms
[2023-11-15T23:29:22.984+0000][7][gc,heap     ] GC(423) Eden regions: 69->0(68)
[2023-11-15T23:29:22.984+0000][7][gc,heap     ] GC(423) Survivor regions: 1->1(9)
[2023-11-15T23:29:22.984+0000][7][gc,heap     ] GC(423) Old regions: 29->29
[2023-11-15T23:29:22.984+0000][7][gc,heap     ] GC(423) Archive regions: 2->2
[2023-11-15T23:29:22.984+0000][7][gc,heap     ] GC(423) Humongous regions: 5->5
[2023-11-15T23:29:22.984+0000][7][gc,metaspace] GC(423) Metaspace: 117611K(119168K)->117611K(119168K) NonClass: 102106K(103040K)->102106K(103040K) Class: 15504K(16128K)->15504K(16128K)
[2023-11-15T23:29:22.984+0000][7][gc          ] GC(423) Pause Young (Normal) (G1 Evacuation Pause) 415M->141M(512M) 2.515ms
[2023-11-15T23:29:22.984+0000][7][gc,cpu      ] GC(423) User=0.01s Sys=0.01s Real=0.00s
[2023-11-15T23:29:22.984+0000][7][safepoint   ] Safepoint "G1CollectForAllocation", Time since last: 5480618271 ns, Reaching safepoint: 44992 ns, At safepoint: 2598085 ns, Total: 2643077 ns
[2023-11-15T23:29:28.984+0000][7][safepoint   ] Safepoint "Cleanup", Time since last: 6000819170 ns, Reaching safepoint: 36379 ns, At safepoint: 3451 ns, Total: 39830 ns
[2023-11-15T23:29:35.985+0000][7][safepoint   ] Safepoint "Cleanup", Time since last: 7000693596 ns, Reaching safepoint: 98661 ns, At safepoint: 8574 ns, Total: 107235 ns
[2023-11-15T23:29:38.620+0000][7][gc,start    ] GC(424) Pause Young (Concurrent Start) (G1 Evacuation Pause)
[2023-11-15T23:29:38.620+0000][7][gc,task     ] GC(424) Using 8 workers of 8 for evacuation
[2023-11-15T23:29:38.620+0000][7][gc,age      ] GC(424) Desired survivor size 18874368 bytes, new threshold 15 (max threshold 15)
[2023-11-15T23:29:38.624+0000][7][gc,age      ] GC(424) Age table with threshold 15 (max threshold 15)
[2023-11-15T23:29:38.624+0000][7][gc,age      ] GC(424) - age   1:    1470424 bytes,    1470424 total
[2023-11-15T23:29:38.624+0000][7][gc,age      ] GC(424) - age   2:     982784 bytes,    2453208 total
[2023-11-15T23:29:38.624+0000][7][gc,age      ] GC(424) - age   3:     329072 bytes,    2782280 total
[2023-11-15T23:29:38.624+0000][7][gc,age      ] GC(424) - age   4:        168 bytes,    2782448 total
[2023-11-15T23:29:38.624+0000][7][gc,age      ] GC(424) - age   5:     269408 bytes,    3051856 total
[2023-11-15T23:29:38.624+0000][7][gc,phases   ] GC(424)   Pre Evacuate Collection Set: 0.3ms
[2023-11-15T23:29:38.624+0000][7][gc,phases   ] GC(424)   Merge Heap Roots: 0.1ms
[2023-11-15T23:29:38.624+0000][7][gc,phases   ] GC(424)   Evacuate Collection Set: 2.7ms
[2023-11-15T23:29:38.624+0000][7][gc,phases   ] GC(424)   Post Evacuate Collection Set: 0.8ms
[2023-11-15T23:29:38.624+0000][7][gc,phases   ] GC(424)   Other: 0.3ms
[2023-11-15T23:29:38.624+0000][7][gc,heap     ] GC(424) Eden regions: 68->0(69)
[2023-11-15T23:29:38.624+0000][7][gc,heap     ] GC(424) Survivor regions: 1->1(9)
[2023-11-15T23:29:38.624+0000][7][gc,heap     ] GC(424) Old regions: 29->29
[2023-11-15T23:29:38.624+0000][7][gc,heap     ] GC(424) Archive regions: 2->2
[2023-11-15T23:29:38.624+0000][7][gc,heap     ] GC(424) Humongous regions: 5->5
[2023-11-15T23:29:38.624+0000][7][gc,metaspace] GC(424) Metaspace: 117611K(119168K)->117611K(119168K) NonClass: 102106K(103040K)->102106K(103040K) Class: 15504K(16128K)->15504K(16128K)
[2023-11-15T23:29:38.624+0000][7][gc          ] GC(424) Pause Young (Concurrent Start) (G1 Evacuation Pause) 413M->140M(512M) 4.234ms
[2023-11-15T23:29:38.624+0000][7][gc,cpu      ] GC(424) User=0.02s Sys=0.00s Real=0.00s
[2023-11-15T23:29:38.624+0000][7][safepoint   ] Safepoint "G1CollectForAllocation", Time since last: 2634444858 ns, Reaching safepoint: 54619 ns, At safepoint: 4378946 ns, Total: 4433565 ns
[2023-11-15T23:29:38.624+0000][7][gc          ] GC(425) Concurrent Mark Cycle
[2023-11-15T23:29:38.624+0000][7][gc,marking  ] GC(425) Concurrent Clear Claimed Marks
[2023-11-15T23:29:38.624+0000][7][gc,marking  ] GC(425) Concurrent Clear Claimed Marks 0.127ms
[2023-11-15T23:29:38.624+0000][7][gc,marking  ] GC(425) Concurrent Scan Root Regions
[2023-11-15T23:29:38.627+0000][7][gc,marking  ] GC(425) Concurrent Scan Root Regions 2.926ms
[2023-11-15T23:29:38.627+0000][7][gc,marking  ] GC(425) Concurrent Mark
[2023-11-15T23:29:38.627+0000][7][gc,marking  ] GC(425) Concurrent Mark From Roots
[2023-11-15T23:29:38.627+0000][7][gc,task     ] GC(425) Using 2 workers of 2 for marking
[2023-11-15T23:29:38.701+0000][7][gc,marking  ] GC(425) Concurrent Mark From Roots 73.391ms
[2023-11-15T23:29:38.701+0000][7][gc,marking  ] GC(425) Concurrent Preclean
[2023-11-15T23:29:38.701+0000][7][gc,marking  ] GC(425) Concurrent Preclean 0.173ms
[2023-11-15T23:29:38.701+0000][7][gc,start    ] GC(425) Pause Remark
[2023-11-15T23:29:38.707+0000][7][gc          ] GC(425) Pause Remark 143M->143M(512M) 5.724ms
[2023-11-15T23:29:38.707+0000][7][gc,cpu      ] GC(425) User=0.03s Sys=0.01s Real=0.01s
[2023-11-15T23:29:38.707+0000][7][safepoint   ] Safepoint "G1Concurrent", Time since last: 76844965 ns, Reaching safepoint: 25608 ns, At safepoint: 5824675 ns, Total: 5850283 ns
[2023-11-15T23:29:38.707+0000][7][gc,marking  ] GC(425) Concurrent Mark 79.522ms
[2023-11-15T23:29:38.707+0000][7][gc,marking  ] GC(425) Concurrent Rebuild Remembered Sets
[2023-11-15T23:29:38.740+0000][7][gc,marking  ] GC(425) Concurrent Rebuild Remembered Sets 32.862ms
[2023-11-15T23:29:38.740+0000][7][gc,start    ] GC(425) Pause Cleanup
[2023-11-15T23:29:38.740+0000][7][gc          ] GC(425) Pause Cleanup 143M->143M(512M) 0.106ms
[2023-11-15T23:29:38.740+0000][7][gc,cpu      ] GC(425) User=0.00s Sys=0.00s Real=0.00s
[2023-11-15T23:29:38.740+0000][7][safepoint   ] Safepoint "G1Concurrent", Time since last: 32962760 ns, Reaching safepoint: 22129 ns, At safepoint: 172555 ns, Total: 194684 ns
[2023-11-15T23:29:38.740+0000][7][gc,marking  ] GC(425) Concurrent Cleanup for Next Mark
[2023-11-15T23:29:38.741+0000][7][gc,marking  ] GC(425) Concurrent Cleanup for Next Mark 0.545ms
[2023-11-15T23:29:38.741+0000][7][gc          ] GC(425) Concurrent Mark Cycle 116.430ms
[2023-11-15T23:29:46.741+0000][7][safepoint   ] Safepoint "Cleanup", Time since last: 8001166075 ns, Reaching safepoint: 124179 ns, At safepoint: 14353 ns, Total: 138532 ns
[2023-11-15T23:29:54.125+0000][7][gc,start    ] GC(426) Pause Young (Prepare Mixed) (G1 Evacuation Pause)
[2023-11-15T23:29:54.125+0000][7][gc,task     ] GC(426) Using 8 workers of 8 for evacuation
[2023-11-15T23:29:54.125+0000][7][gc,age      ] GC(426) Desired survivor size 18874368 bytes, new threshold 15 (max threshold 15)
[2023-11-15T23:29:54.129+0000][7][gc,age      ] GC(426) Age table with threshold 15 (max threshold 15)
[2023-11-15T23:29:54.130+0000][7][gc,age      ] GC(426) - age   1:    1643648 bytes,    1643648 total
[2023-11-15T23:29:54.130+0000][7][gc,age      ] GC(426) - age   2:    1138832 bytes,    2782480 total
[2023-11-15T23:29:54.130+0000][7][gc,age      ] GC(426) - age   3:     208128 bytes,    2990608 total
[2023-11-15T23:29:54.130+0000][7][gc,age      ] GC(426) - age   4:     303344 bytes,    3293952 total
[2023-11-15T23:29:54.130+0000][7][gc,age      ] GC(426) - age   5:        168 bytes,    3294120 total
[2023-11-15T23:29:54.130+0000][7][gc,age      ] GC(426) - age   6:     234808 bytes,    3528928 total
[2023-11-15T23:29:54.130+0000][7][gc,phases   ] GC(426)   Pre Evacuate Collection Set: 0.2ms
[2023-11-15T23:29:54.130+0000][7][gc,phases   ] GC(426)   Merge Heap Roots: 0.2ms
[2023-11-15T23:29:54.130+0000][7][gc,phases   ] GC(426)   Evacuate Collection Set: 3.0ms
[2023-11-15T23:29:54.130+0000][7][gc,phases   ] GC(426)   Post Evacuate Collection Set: 1.1ms
[2023-11-15T23:29:54.130+0000][7][gc,phases   ] GC(426)   Other: 0.4ms
[2023-11-15T23:29:54.130+0000][7][gc,heap     ] GC(426) Eden regions: 69->0(5)
[2023-11-15T23:29:54.130+0000][7][gc,heap     ] GC(426) Survivor regions: 1->1(9)
[2023-11-15T23:29:54.130+0000][7][gc,heap     ] GC(426) Old regions: 29->29
[2023-11-15T23:29:54.130+0000][7][gc,heap     ] GC(426) Archive regions: 2->2
[2023-11-15T23:29:54.130+0000][7][gc,heap     ] GC(426) Humongous regions: 5->5
[2023-11-15T23:29:54.130+0000][7][gc,metaspace] GC(426) Metaspace: 117614K(119168K)->117614K(119168K) NonClass: 102109K(103040K)->102109K(103040K) Class: 15505K(16128K)->15505K(16128K)
[2023-11-15T23:29:54.130+0000][7][gc          ] GC(426) Pause Young (Prepare Mixed) (G1 Evacuation Pause) 416M->141M(512M) 4.992ms
[2023-11-15T23:29:54.130+0000][7][gc,cpu      ] GC(426) User=0.02s Sys=0.00s Real=0.00s
[2023-11-15T23:29:54.130+0000][7][safepoint   ] Safepoint "G1CollectForAllocation", Time since last: 7383372820 ns, Reaching safepoint: 83360 ns, At safepoint: 5223994 ns, Total: 5307354 ns
[2023-11-15T23:29:55.837+0000][7][gc,start    ] GC(427) Pause Young (Mixed) (G1 Evacuation Pause)
[2023-11-15T23:29:55.837+0000][7][gc,task     ] GC(427) Using 8 workers of 8 for evacuation
[2023-11-15T23:29:55.837+0000][7][gc,age      ] GC(427) Desired survivor size 2097152 bytes, new threshold 2 (max threshold 15)
[2023-11-15T23:29:55.845+0000][7][gc,age      ] GC(427) Age table with threshold 2 (max threshold 15)
[2023-11-15T23:29:55.845+0000][7][gc,age      ] GC(427) - age   1:      72208 bytes,      72208 total
[2023-11-15T23:29:55.845+0000][7][gc,age      ] GC(427) - age   2:    1622288 bytes,    1694496 total
[2023-11-15T23:29:55.845+0000][7][gc,phases   ] GC(427)   Pre Evacuate Collection Set: 0.0ms
[2023-11-15T23:29:55.845+0000][7][gc,phases   ] GC(427)   Merge Heap Roots: 0.0ms
[2023-11-15T23:29:55.845+0000][7][gc,phases   ] GC(427)   Evacuate Collection Set: 7.2ms
[2023-11-15T23:29:55.845+0000][7][gc,phases   ] GC(427)   Post Evacuate Collection Set: 0.5ms
[2023-11-15T23:29:55.845+0000][7][gc,phases   ] GC(427)   Other: 0.2ms
[2023-11-15T23:29:55.845+0000][7][gc,heap     ] GC(427) Eden regions: 5->0(69)
[2023-11-15T23:29:55.845+0000][7][gc,heap     ] GC(427) Survivor regions: 1->1(1)
[2023-11-15T23:29:55.845+0000][7][gc,heap     ] GC(427) Old regions: 29->29
[2023-11-15T23:29:55.845+0000][7][gc,heap     ] GC(427) Archive regions: 2->2
[2023-11-15T23:29:55.845+0000][7][gc,heap     ] GC(427) Humongous regions: 5->5
[2023-11-15T23:29:55.845+0000][7][gc,metaspace] GC(427) Metaspace: 117614K(119168K)->117614K(119168K) NonClass: 102109K(103040K)->102109K(103040K) Class: 15505K(16128K)->15505K(16128K)
[2023-11-15T23:29:55.845+0000][7][gc          ] GC(427) Pause Young (Mixed) (G1 Evacuation Pause) 161M->137M(512M) 8.029ms
[2023-11-15T23:29:55.845+0000][7][gc,cpu      ] GC(427) User=0.01s Sys=0.00s Real=0.01s
[2023-11-15T23:29:55.845+0000][7][safepoint   ] Safepoint "G1CollectForAllocation", Time since last: 1707196490 ns, Reaching safepoint: 21471 ns, At safepoint: 8115738 ns, Total: 8137209 ns
[2023-11-15T23:30:12.431+0000][7][gc,start    ] GC(428) Pause Young (Normal) (G1 Evacuation Pause)
[2023-11-15T23:30:12.432+0000][7][gc,task     ] GC(428) Using 8 workers of 8 for evacuation
[2023-11-15T23:30:12.432+0000][7][gc,age      ] GC(428) Desired survivor size 18874368 bytes, new threshold 15 (max threshold 15)
[2023-11-15T23:30:12.436+0000][7][gc,age      ] GC(428) Age table with threshold 15 (max threshold 15)
[2023-11-15T23:30:12.436+0000][7][gc,age      ] GC(428) - age   1:     831688 bytes,     831688 total
[2023-11-15T23:30:12.436+0000][7][gc,age      ] GC(428) - age   2:      48728 bytes,     880416 total
[2023-11-15T23:30:12.436+0000][7][gc,age      ] GC(428) - age   3:    1297496 bytes,    2177912 total
[2023-11-15T23:30:12.436+0000][7][gc,phases   ] GC(428)   Pre Evacuate Collection Set: 0.2ms
[2023-11-15T23:30:12.436+0000][7][gc,phases   ] GC(428)   Merge Heap Roots: 0.1ms
[2023-11-15T23:30:12.437+0000][7][gc,phases   ] GC(428)   Evacuate Collection Set: 2.3ms
[2023-11-15T23:30:12.437+0000][7][gc,phases   ] GC(428)   Post Evacuate Collection Set: 1.3ms
[2023-11-15T23:30:12.437+0000][7][gc,phases   ] GC(428)   Other: 1.7ms
[2023-11-15T23:30:12.437+0000][7][gc,heap     ] GC(428) Eden regions: 69->0(69)
[2023-11-15T23:30:12.437+0000][7][gc,heap     ] GC(428) Survivor regions: 1->1(9)
[2023-11-15T23:30:12.437+0000][7][gc,heap     ] GC(428) Old regions: 29->29
[2023-11-15T23:30:12.437+0000][7][gc,heap     ] GC(428) Archive regions: 2->2
[2023-11-15T23:30:12.437+0000][7][gc,heap     ] GC(428) Humongous regions: 5->5
[2023-11-15T23:30:12.437+0000][7][gc,metaspace] GC(428) Metaspace: 117614K(119168K)->117614K(119168K) NonClass: 102109K(103040K)->102109K(103040K) Class: 15505K(16128K)->15505K(16128K)
[2023-11-15T23:30:12.437+0000][7][gc          ] GC(428) Pause Young (Normal) (G1 Evacuation Pause) 413M->138M(512M) 5.695ms
[2023-11-15T23:30:12.437+0000][7][gc,cpu      ] GC(428) User=0.02s Sys=0.00s Real=0.01s
[2023-11-15T23:30:12.437+0000][7][safepoint   ] Safepoint "G1CollectForAllocation", Time since last: 16585474662 ns, Reaching safepoint: 83482 ns, At safepoint: 5887401 ns, Total: 5970883 ns
[2023-11-15T23:30:17.437+0000][7][safepoint   ] Safepoint "Cleanup", Time since last: 5000626164 ns, Reaching safepoint: 82177 ns, At safepoint: 9981 ns, Total: 92158 ns
[2023-11-15T23:30:29.040+0000][7][gc,start    ] GC(429) Pause Young (Normal) (G1 Evacuation Pause)
[2023-11-15T23:30:29.040+0000][7][gc,task     ] GC(429) Using 8 workers of 8 for evacuation
[2023-11-15T23:30:29.040+0000][7][gc,age      ] GC(429) Desired survivor size 18874368 bytes, new threshold 15 (max threshold 15)
[2023-11-15T23:30:29.043+0000][7][gc,age      ] GC(429) Age table with threshold 15 (max threshold 15)
[2023-11-15T23:30:29.043+0000][7][gc,age      ] GC(429) - age   1:    1176600 bytes,    1176600 total
[2023-11-15T23:30:29.043+0000][7][gc,age      ] GC(429) - age   2:     532904 bytes,    1709504 total
[2023-11-15T23:30:29.043+0000][7][gc,age      ] GC(429) - age   3:      48728 bytes,    1758232 total
[2023-11-15T23:30:29.043+0000][7][gc,age      ] GC(429) - age   4:    1295656 bytes,    3053888 total
[2023-11-15T23:30:29.043+0000][7][gc,phases   ] GC(429)   Pre Evacuate Collection Set: 0.2ms
[2023-11-15T23:30:29.043+0000][7][gc,phases   ] GC(429)   Merge Heap Roots: 0.1ms
[2023-11-15T23:30:29.043+0000][7][gc,phases   ] GC(429)   Evacuate Collection Set: 2.1ms
[2023-11-15T23:30:29.043+0000][7][gc,phases   ] GC(429)   Post Evacuate Collection Set: 0.9ms
[2023-11-15T23:30:29.043+0000][7][gc,phases   ] GC(429)   Other: 0.4ms
[2023-11-15T23:30:29.043+0000][7][gc,heap     ] GC(429) Eden regions: 69->0(69)
[2023-11-15T23:30:29.044+0000][7][gc,heap     ] GC(429) Survivor regions: 1->1(9)
[2023-11-15T23:30:29.044+0000][7][gc,heap     ] GC(429) Old regions: 29->29
[2023-11-15T23:30:29.044+0000][7][gc,heap     ] GC(429) Archive regions: 2->2
[2023-11-15T23:30:29.044+0000][7][gc,heap     ] GC(429) Humongous regions: 5->5
[2023-11-15T23:30:29.044+0000][7][gc,metaspace] GC(429) Metaspace: 117615K(119168K)->117615K(119168K) NonClass: 102109K(103040K)->102109K(103040K) Class: 15506K(16128K)->15506K(16128K)
[2023-11-15T23:30:29.044+0000][7][gc          ] GC(429) Pause Young (Normal) (G1 Evacuation Pause) 414M->138M(512M) 3.895ms
[2023-11-15T23:30:29.044+0000][7][gc,cpu      ] GC(429) User=0.02s Sys=0.00s Real=0.00s
[2023-11-15T23:30:29.044+0000][7][safepoint   ] Safepoint "G1CollectForAllocation", Time since last: 11602016229 ns, Reaching safepoint: 106684 ns, At safepoint: 4050134 ns, Total: 4156818 ns
[2023-11-15T23:30:46.947+0000][7][gc,start    ] GC(430) Pause Young (Concurrent Start) (G1 Evacuation Pause)
[2023-11-15T23:30:46.947+0000][7][gc,task     ] GC(430) Using 8 workers of 8 for evacuation
[2023-11-15T23:30:46.947+0000][7][gc,age      ] GC(430) Desired survivor size 18874368 bytes, new threshold 15 (max threshold 15)
[2023-11-15T23:30:46.950+0000][7][gc,age      ] GC(430) Age table with threshold 15 (max threshold 15)
[2023-11-15T23:30:46.950+0000][7][gc,age      ] GC(430) - age   1:    2425688 bytes,    2425688 total
[2023-11-15T23:30:46.950+0000][7][gc,age      ] GC(430) - age   2:     840888 bytes,    3266576 total
[2023-11-15T23:30:46.950+0000][7][gc,age      ] GC(430) - age   3:     517216 bytes,    3783792 total
[2023-11-15T23:30:46.950+0000][7][gc,age      ] GC(430) - age   4:      48728 bytes,    3832520 total
[2023-11-15T23:30:46.950+0000][7][gc,age      ] GC(430) - age   5:     654904 bytes,    4487424 total
[2023-11-15T23:30:46.950+0000][7][gc,phases   ] GC(430)   Pre Evacuate Collection Set: 0.1ms
[2023-11-15T23:30:46.950+0000][7][gc,phases   ] GC(430)   Merge Heap Roots: 0.1ms
[2023-11-15T23:30:46.950+0000][7][gc,phases   ] GC(430)   Evacuate Collection Set: 2.4ms
[2023-11-15T23:30:46.950+0000][7][gc,phases   ] GC(430)   Post Evacuate Collection Set: 0.5ms
[2023-11-15T23:30:46.950+0000][7][gc,phases   ] GC(430)   Other: 0.2ms
[2023-11-15T23:30:46.950+0000][7][gc,heap     ] GC(430) Eden regions: 69->0(68)
[2023-11-15T23:30:46.950+0000][7][gc,heap     ] GC(430) Survivor regions: 1->2(9)
[2023-11-15T23:30:46.950+0000][7][gc,heap     ] GC(430) Old regions: 29->29
[2023-11-15T23:30:46.950+0000][7][gc,heap     ] GC(430) Archive regions: 2->2
[2023-11-15T23:30:46.950+0000][7][gc,heap     ] GC(430) Humongous regions: 5->5
[2023-11-15T23:30:46.950+0000][7][gc,metaspace] GC(430) Metaspace: 117617K(119168K)->117617K(119168K) NonClass: 102111K(103040K)->102111K(103040K) Class: 15506K(16128K)->15506K(16128K)
[2023-11-15T23:30:46.950+0000][7][gc          ] GC(430) Pause Young (Concurrent Start) (G1 Evacuation Pause) 414M->140M(512M) 3.286ms
[2023-11-15T23:30:46.950+0000][7][gc,cpu      ] GC(430) User=0.02s Sys=0.00s Real=0.00s
[2023-11-15T23:30:46.950+0000][7][safepoint   ] Safepoint "G1CollectForAllocation", Time since last: 17902928872 ns, Reaching safepoint: 34962 ns, At safepoint: 3367111 ns, Total: 3402073 ns
[2023-11-15T23:30:46.950+0000][7][gc          ] GC(431) Concurrent Mark Cycle
[2023-11-15T23:30:46.950+0000][7][gc,marking  ] GC(431) Concurrent Clear Claimed Marks
[2023-11-15T23:30:46.950+0000][7][gc,marking  ] GC(431) Concurrent Clear Claimed Marks 0.094ms
[2023-11-15T23:30:46.950+0000][7][gc,marking  ] GC(431) Concurrent Scan Root Regions
[2023-11-15T23:30:46.952+0000][7][gc,marking  ] GC(431) Concurrent Scan Root Regions 2.235ms
[2023-11-15T23:30:46.952+0000][7][gc,marking  ] GC(431) Concurrent Mark
[2023-11-15T23:30:46.952+0000][7][gc,marking  ] GC(431) Concurrent Mark From Roots
[2023-11-15T23:30:46.952+0000][7][gc,task     ] GC(431) Using 2 workers of 2 for marking
[2023-11-15T23:30:47.013+0000][7][gc,marking  ] GC(431) Concurrent Mark From Roots 60.721ms
[2023-11-15T23:30:47.013+0000][7][gc,marking  ] GC(431) Concurrent Preclean
[2023-11-15T23:30:47.013+0000][7][gc,marking  ] GC(431) Concurrent Preclean 0.242ms
[2023-11-15T23:30:47.014+0000][7][gc,start    ] GC(431) Pause Remark
[2023-11-15T23:30:47.019+0000][7][gc          ] GC(431) Pause Remark 158M->158M(512M) 5.518ms
[2023-11-15T23:30:47.019+0000][7][gc,cpu      ] GC(431) User=0.03s Sys=0.00s Real=0.01s
[2023-11-15T23:30:47.019+0000][7][safepoint   ] Safepoint "G1Concurrent", Time since last: 63477409 ns, Reaching safepoint: 22057 ns, At safepoint: 5603744 ns, Total: 5625801 ns
[2023-11-15T23:30:47.019+0000][7][gc,marking  ] GC(431) Concurrent Mark 66.746ms
[2023-11-15T23:30:47.019+0000][7][gc,marking  ] GC(431) Concurrent Rebuild Remembered Sets
[2023-11-15T23:30:47.075+0000][7][gc,marking  ] GC(431) Concurrent Rebuild Remembered Sets 55.515ms
[2023-11-15T23:30:47.075+0000][7][gc,start    ] GC(431) Pause Cleanup
[2023-11-15T23:30:47.075+0000][7][gc          ] GC(431) Pause Cleanup 162M->162M(512M) 0.088ms
[2023-11-15T23:30:47.075+0000][7][gc,cpu      ] GC(431) User=0.00s Sys=0.00s Real=0.00s
[2023-11-15T23:30:47.075+0000][7][safepoint   ] Safepoint "G1Concurrent", Time since last: 55674446 ns, Reaching safepoint: 44999 ns, At safepoint: 163747 ns, Total: 208746 ns
[2023-11-15T23:30:47.075+0000][7][gc,marking  ] GC(431) Concurrent Cleanup for Next Mark
[2023-11-15T23:30:47.075+0000][7][gc,marking  ] GC(431) Concurrent Cleanup for Next Mark 0.470ms
[2023-11-15T23:30:47.075+0000][7][gc          ] GC(431) Concurrent Mark Cycle 125.470ms
[2023-11-15T23:30:59.076+0000][7][safepoint   ] Safepoint "Cleanup", Time since last: 12001231349 ns, Reaching safepoint: 99858 ns, At safepoint: 21409 ns, Total: 121267 ns
[2023-11-15T23:31:02.077+0000][7][safepoint   ] Safepoint "Cleanup", Time since last: 3000370598 ns, Reaching safepoint: 45286 ns, At safepoint: 6399 ns, Total: 51685 ns
[2023-11-15T23:31:02.513+0000][7][gc,start    ] GC(432) Pause Young (Prepare Mixed) (G1 Evacuation Pause)
[2023-11-15T23:31:02.513+0000][7][gc,task     ] GC(432) Using 8 workers of 8 for evacuation
[2023-11-15T23:31:02.514+0000][7][gc,age      ] GC(432) Desired survivor size 18874368 bytes, new threshold 15 (max threshold 15)
[2023-11-15T23:31:02.516+0000][7][gc,age      ] GC(432) Age table with threshold 15 (max threshold 15)
[2023-11-15T23:31:02.516+0000][7][gc,age      ] GC(432) - age   1:    2295184 bytes,    2295184 total
[2023-11-15T23:31:02.516+0000][7][gc,age      ] GC(432) - age   2:    1052912 bytes,    3348096 total
[2023-11-15T23:31:02.516+0000][7][gc,age      ] GC(432) - age   3:     746736 bytes,    4094832 total
[2023-11-15T23:31:02.516+0000][7][gc,age      ] GC(432) - age   4:     399960 bytes,    4494792 total
[2023-11-15T23:31:02.516+0000][7][gc,age      ] GC(432) - age   5:      47984 bytes,    4542776 total
[2023-11-15T23:31:02.516+0000][7][gc,age      ] GC(432) - age   6:     522800 bytes,    5065576 total
[2023-11-15T23:31:02.517+0000][7][gc,phases   ] GC(432)   Pre Evacuate Collection Set: 0.1ms
[2023-11-15T23:31:02.517+0000][7][gc,phases   ] GC(432)   Merge Heap Roots: 0.1ms
[2023-11-15T23:31:02.517+0000][7][gc,phases   ] GC(432)   Evacuate Collection Set: 2.3ms
[2023-11-15T23:31:02.517+0000][7][gc,phases   ] GC(432)   Post Evacuate Collection Set: 0.4ms
[2023-11-15T23:31:02.517+0000][7][gc,phases   ] GC(432)   Other: 0.2ms
[2023-11-15T23:31:02.517+0000][7][gc,heap     ] GC(432) Eden regions: 68->0(4)
[2023-11-15T23:31:02.517+0000][7][gc,heap     ] GC(432) Survivor regions: 2->2(9)
[2023-11-15T23:31:02.517+0000][7][gc,heap     ] GC(432) Old regions: 29->29
[2023-11-15T23:31:02.517+0000][7][gc,heap     ] GC(432) Archive regions: 2->2
[2023-11-15T23:31:02.517+0000][7][gc,heap     ] GC(432) Humongous regions: 5->5
[2023-11-15T23:31:02.517+0000][7][gc,metaspace] GC(432) Metaspace: 117617K(119168K)->117617K(119168K) NonClass: 102111K(103040K)->102111K(103040K) Class: 15506K(16128K)->15506K(16128K)
[2023-11-15T23:31:02.517+0000][7][gc          ] GC(432) Pause Young (Prepare Mixed) (G1 Evacuation Pause) 412M->141M(512M) 3.089ms
[2023-11-15T23:31:02.517+0000][7][gc,cpu      ] GC(432) User=0.02s Sys=0.00s Real=0.01s
[2023-11-15T23:31:02.517+0000][7][safepoint   ] Safepoint "G1CollectForAllocation", Time since last: 433452937 ns, Reaching safepoint: 3235484 ns, At safepoint: 3151856 ns, Total: 6387340 ns
[2023-11-15T23:31:03.500+0000][7][gc,start    ] GC(433) Pause Young (Mixed) (G1 Evacuation Pause)
[2023-11-15T23:31:03.500+0000][7][gc,task     ] GC(433) Using 8 workers of 8 for evacuation
[2023-11-15T23:31:03.500+0000][7][gc,age      ] GC(433) Desired survivor size 2097152 bytes, new threshold 1 (max threshold 15)
[2023-11-15T23:31:03.518+0000][7][gc,age      ] GC(433) Age table with threshold 1 (max threshold 15)
[2023-11-15T23:31:03.518+0000][7][gc,age      ] GC(433) - age   1:     143496 bytes,     143496 total
[2023-11-15T23:31:03.518+0000][7][gc,phases   ] GC(433)   Pre Evacuate Collection Set: 0.0ms
[2023-11-15T23:31:03.518+0000][7][gc,phases   ] GC(433)   Merge Heap Roots: 0.2ms
[2023-11-15T23:31:03.518+0000][7][gc,phases   ] GC(433)   Evacuate Collection Set: 17.7ms
[2023-11-15T23:31:03.518+0000][7][gc,phases   ] GC(433)   Post Evacuate Collection Set: 0.6ms
[2023-11-15T23:31:03.518+0000][7][gc,phases   ] GC(433)   Other: 0.2ms
[2023-11-15T23:31:03.518+0000][7][gc,heap     ] GC(433) Eden regions: 4->0(69)
[2023-11-15T23:31:03.518+0000][7][gc,heap     ] GC(433) Survivor regions: 2->1(1)
[2023-11-15T23:31:03.518+0000][7][gc,heap     ] GC(433) Old regions: 29->29
[2023-11-15T23:31:03.518+0000][7][gc,heap     ] GC(433) Archive regions: 2->2
[2023-11-15T23:31:03.518+0000][7][gc,heap     ] GC(433) Humongous regions: 5->5
[2023-11-15T23:31:03.518+0000][7][gc,metaspace] GC(433) Metaspace: 117617K(119168K)->117617K(119168K) NonClass: 102111K(103040K)->102111K(103040K) Class: 15506K(16128K)->15506K(16128K)
[2023-11-15T23:31:03.519+0000][7][gc          ] GC(433) Pause Young (Mixed) (G1 Evacuation Pause) 157M->136M(512M) 18.651ms
[2023-11-15T23:31:03.519+0000][7][gc,cpu      ] GC(433) User=0.02s Sys=0.01s Real=0.02s
[2023-11-15T23:31:03.519+0000][7][safepoint   ] Safepoint "G1CollectForAllocation", Time since last: 983188295 ns, Reaching safepoint: 30180 ns, At safepoint: 18723328 ns, Total: 18753508 ns
[2023-11-15T23:31:14.520+0000][7][safepoint   ] Safepoint "Cleanup", Time since last: 11001160729 ns, Reaching safepoint: 95183 ns, At safepoint: 13639 ns, Total: 108822 ns
[2023-11-15T23:31:21.316+0000][7][safepoint   ] Safepoint "G1CollectForAllocation", Time since last: 6795889389 ns, Reaching safepoint: 87974 ns, At safepoint: 21004 ns, Total: 108978 ns
[2023-11-15T23:31:21.316+0000][7][gc,start    ] GC(434) Pause Young (Normal) (GCLocker Initiated GC)
[2023-11-15T23:31:21.316+0000][7][gc,task     ] GC(434) Using 8 workers of 8 for evacuation
[2023-11-15T23:31:21.316+0000][7][gc,age      ] GC(434) Desired survivor size 18874368 bytes, new threshold 15 (max threshold 15)
[2023-11-15T23:31:21.320+0000][7][gc,age      ] GC(434) Age table with threshold 15 (max threshold 15)
[2023-11-15T23:31:21.320+0000][7][gc,age      ] GC(434) - age   1:    1798808 bytes,    1798808 total
[2023-11-15T23:31:21.320+0000][7][gc,age      ] GC(434) - age   2:     101144 bytes,    1899952 total
[2023-11-15T23:31:21.320+0000][7][gc,phases   ] GC(434)   Pre Evacuate Collection Set: 0.1ms
[2023-11-15T23:31:21.320+0000][7][gc,phases   ] GC(434)   Merge Heap Roots: 0.1ms
[2023-11-15T23:31:21.320+0000][7][gc,phases   ] GC(434)   Evacuate Collection Set: 2.6ms
[2023-11-15T23:31:21.320+0000][7][gc,phases   ] GC(434)   Post Evacuate Collection Set: 1.0ms
[2023-11-15T23:31:21.320+0000][7][gc,phases   ] GC(434)   Other: 0.3ms
[2023-11-15T23:31:21.320+0000][7][gc,heap     ] GC(434) Eden regions: 69->0(69)
[2023-11-15T23:31:21.320+0000][7][gc,heap     ] GC(434) Survivor regions: 1->1(9)
[2023-11-15T23:31:21.320+0000][7][gc,heap     ] GC(434) Old regions: 29->29
[2023-11-15T23:31:21.320+0000][7][gc,heap     ] GC(434) Archive regions: 2->2
[2023-11-15T23:31:21.320+0000][7][gc,heap     ] GC(434) Humongous regions: 5->5
[2023-11-15T23:31:21.321+0000][7][gc,metaspace] GC(434) Metaspace: 117617K(119168K)->117617K(119168K) NonClass: 102111K(103040K)->102111K(103040K) Class: 15506K(16128K)->15506K(16128K)
[2023-11-15T23:31:21.321+0000][7][gc          ] GC(434) Pause Young (Normal) (GCLocker Initiated GC) 412M->138M(512M) 4.258ms
[2023-11-15T23:31:21.321+0000][7][gc,cpu      ] GC(434) User=0.02s Sys=0.00s Real=0.00s
[2023-11-15T23:31:21.321+0000][7][safepoint   ] Safepoint "G1CollectForAllocation", Time since last: 343842 ns, Reaching safepoint: 67318 ns, At safepoint: 4400125 ns, Total: 4467443 ns
[2023-11-15T23:31:29.321+0000][7][safepoint   ] Safepoint "Cleanup", Time since last: 8000729741 ns, Reaching safepoint: 88168 ns, At safepoint: 18817 ns, Total: 106985 ns
[2023-11-15T23:31:35.322+0000][7][safepoint   ] Safepoint "Cleanup", Time since last: 6000711932 ns, Reaching safepoint: 109288 ns, At safepoint: 16319 ns, Total: 125607 ns
[2023-11-15T23:31:37.948+0000][7][gc,start    ] GC(435) Pause Young (Normal) (G1 Evacuation Pause)
[2023-11-15T23:31:37.948+0000][7][gc,task     ] GC(435) Using 8 workers of 8 for evacuation
[2023-11-15T23:31:37.948+0000][7][gc,age      ] GC(435) Desired survivor size 18874368 bytes, new threshold 15 (max threshold 15)
[2023-11-15T23:31:37.952+0000][7][gc,age      ] GC(435) Age table with threshold 15 (max threshold 15)
[2023-11-15T23:31:37.952+0000][7][gc,age      ] GC(435) - age   1:    3124800 bytes,    3124800 total
[2023-11-15T23:31:37.952+0000][7][gc,age      ] GC(435) - age   2:     729504 bytes,    3854304 total
[2023-11-15T23:31:37.952+0000][7][gc,age      ] GC(435) - age   3:     101144 bytes,    3955448 total
[2023-11-15T23:31:37.952+0000][7][gc,phases   ] GC(435)   Pre Evacuate Collection Set: 0.1ms
[2023-11-15T23:31:37.952+0000][7][gc,phases   ] GC(435)   Merge Heap Roots: 0.1ms
[2023-11-15T23:31:37.952+0000][7][gc,phases   ] GC(435)   Evacuate Collection Set: 2.7ms
[2023-11-15T23:31:37.952+0000][7][gc,phases   ] GC(435)   Post Evacuate Collection Set: 1.2ms
[2023-11-15T23:31:37.952+0000][7][gc,phases   ] GC(435)   Other: 0.4ms
[2023-11-15T23:31:37.952+0000][7][gc,heap     ] GC(435) Eden regions: 69->0(68)
[2023-11-15T23:31:37.952+0000][7][gc,heap     ] GC(435) Survivor regions: 1->1(9)
[2023-11-15T23:31:37.952+0000][7][gc,heap     ] GC(435) Old regions: 29->29
[2023-11-15T23:31:37.952+0000][7][gc,heap     ] GC(435) Archive regions: 2->2
[2023-11-15T23:31:37.952+0000][7][gc,heap     ] GC(435) Humongous regions: 5->5
[2023-11-15T23:31:37.952+0000][7][gc,metaspace] GC(435) Metaspace: 117619K(119168K)->117619K(119168K) NonClass: 102113K(103040K)->102113K(103040K) Class: 15506K(16128K)->15506K(16128K)
[2023-11-15T23:31:37.952+0000][7][gc          ] GC(435) Pause Young (Normal) (G1 Evacuation Pause) 414M->140M(512M) 4.637ms
[2023-11-15T23:31:37.952+0000][7][gc,cpu      ] GC(435) User=0.02s Sys=0.01s Real=0.00s
[2023-11-15T23:31:37.952+0000][7][safepoint   ] Safepoint "G1CollectForAllocation", Time since last: 2625224007 ns, Reaching safepoint: 91557 ns, At safepoint: 4789366 ns, Total: 4880923 ns
[2023-11-15T23:31:39.953+0000][7][safepoint   ] Safepoint "Cleanup", Time since last: 2000235138 ns, Reaching safepoint: 76217 ns, At safepoint: 9500 ns, Total: 85717 ns
[2023-11-15T23:31:53.693+0000][7][gc,start    ] GC(436) Pause Young (Concurrent Start) (G1 Evacuation Pause)
[2023-11-15T23:31:53.693+0000][7][gc,task     ] GC(436) Using 8 workers of 8 for evacuation
[2023-11-15T23:31:53.694+0000][7][gc,age      ] GC(436) Desired survivor size 18874368 bytes, new threshold 15 (max threshold 15)
[2023-11-15T23:31:53.699+0000][7][gc,age      ] GC(436) Age table with threshold 15 (max threshold 15)
[2023-11-15T23:31:53.699+0000][7][gc,age      ] GC(436) - age   1:    2474288 bytes,    2474288 total
[2023-11-15T23:31:53.699+0000][7][gc,age      ] GC(436) - age   2:    1686960 bytes,    4161248 total
[2023-11-15T23:31:53.699+0000][7][gc,age      ] GC(436) - age   3:     667328 bytes,    4828576 total
[2023-11-15T23:31:53.699+0000][7][gc,age      ] GC(436) - age   4:       2816 bytes,    4831392 total
[2023-11-15T23:31:53.699+0000][7][gc,phases   ] GC(436)   Pre Evacuate Collection Set: 0.4ms
[2023-11-15T23:31:53.699+0000][7][gc,phases   ] GC(436)   Merge Heap Roots: 0.2ms
[2023-11-15T23:31:53.699+0000][7][gc,phases   ] GC(436)   Evacuate Collection Set: 3.8ms
[2023-11-15T23:31:53.699+0000][7][gc,phases   ] GC(436)   Post Evacuate Collection Set: 1.1ms
[2023-11-15T23:31:53.699+0000][7][gc,phases   ] GC(436)   Other: 0.5ms
[2023-11-15T23:31:53.699+0000][7][gc,heap     ] GC(436) Eden regions: 68->0(67)
[2023-11-15T23:31:53.699+0000][7][gc,heap     ] GC(436) Survivor regions: 1->2(9)
[2023-11-15T23:31:53.699+0000][7][gc,heap     ] GC(436) Old regions: 29->29
[2023-11-15T23:31:53.699+0000][7][gc,heap     ] GC(436) Archive regions: 2->2
[2023-11-15T23:31:53.699+0000][7][gc,heap     ] GC(436) Humongous regions: 5->5
[2023-11-15T23:31:53.699+0000][7][gc,metaspace] GC(436) Metaspace: 117639K(119168K)->117639K(119168K) NonClass: 102133K(103040K)->102133K(103040K) Class: 15506K(16128K)->15506K(16128K)
[2023-11-15T23:31:53.699+0000][7][gc          ] GC(436) Pause Young (Concurrent Start) (G1 Evacuation Pause) 412M->140M(512M) 5.935ms
[2023-11-15T23:31:53.699+0000][7][gc,cpu      ] GC(436) User=0.02s Sys=0.01s Real=0.01s
[2023-11-15T23:31:53.699+0000][7][safepoint   ] Safepoint "G1CollectForAllocation", Time since last: 13740404422 ns, Reaching safepoint: 112703 ns, At safepoint: 6100751 ns, Total: 6213454 ns
[2023-11-15T23:31:53.699+0000][7][gc          ] GC(437) Concurrent Mark Cycle
[2023-11-15T23:31:53.699+0000][7][gc,marking  ] GC(437) Concurrent Clear Claimed Marks
[2023-11-15T23:31:53.700+0000][7][gc,marking  ] GC(437) Concurrent Clear Claimed Marks 0.143ms
[2023-11-15T23:31:53.700+0000][7][gc,marking  ] GC(437) Concurrent Scan Root Regions
[2023-11-15T23:31:53.702+0000][7][gc,marking  ] GC(437) Concurrent Scan Root Regions 2.599ms
[2023-11-15T23:31:53.702+0000][7][gc,marking  ] GC(437) Concurrent Mark
[2023-11-15T23:31:53.702+0000][7][gc,marking  ] GC(437) Concurrent Mark From Roots
[2023-11-15T23:31:53.702+0000][7][gc,task     ] GC(437) Using 2 workers of 2 for marking
[2023-11-15T23:31:53.780+0000][7][gc,marking  ] GC(437) Concurrent Mark From Roots 77.468ms
[2023-11-15T23:31:53.780+0000][7][gc,marking  ] GC(437) Concurrent Preclean
[2023-11-15T23:31:53.780+0000][7][gc,marking  ] GC(437) Concurrent Preclean 0.173ms
[2023-11-15T23:31:53.780+0000][7][gc,start    ] GC(437) Pause Remark
[2023-11-15T23:31:53.786+0000][7][gc          ] GC(437) Pause Remark 149M->149M(512M) 5.476ms
[2023-11-15T23:31:53.786+0000][7][gc,cpu      ] GC(437) User=0.03s Sys=0.00s Real=0.01s
[2023-11-15T23:31:53.786+0000][7][safepoint   ] Safepoint "G1Concurrent", Time since last: 80713753 ns, Reaching safepoint: 26840 ns, At safepoint: 5561265 ns, Total: 5588105 ns
[2023-11-15T23:31:53.786+0000][7][gc,marking  ] GC(437) Concurrent Mark 83.378ms
[2023-11-15T23:31:53.786+0000][7][gc,marking  ] GC(437) Concurrent Rebuild Remembered Sets
[2023-11-15T23:31:53.819+0000][7][gc,marking  ] GC(437) Concurrent Rebuild Remembered Sets 32.842ms
[2023-11-15T23:31:53.819+0000][7][gc,start    ] GC(437) Pause Cleanup
[2023-11-15T23:31:53.819+0000][7][gc          ] GC(437) Pause Cleanup 151M->151M(512M) 0.063ms
[2023-11-15T23:31:53.819+0000][7][gc,cpu      ] GC(437) User=0.00s Sys=0.00s Real=0.00s
[2023-11-15T23:31:53.819+0000][7][safepoint   ] Safepoint "G1Concurrent", Time since last: 32995034 ns, Reaching safepoint: 48293 ns, At safepoint: 152294 ns, Total: 200587 ns
[2023-11-15T23:31:53.819+0000][7][gc,marking  ] GC(437) Concurrent Cleanup for Next Mark
[2023-11-15T23:31:53.819+0000][7][gc,marking  ] GC(437) Concurrent Cleanup for Next Mark 0.381ms
[2023-11-15T23:31:53.819+0000][7][gc          ] GC(437) Concurrent Mark Cycle 119.994ms
[2023-11-15T23:31:56.820+0000][7][safepoint   ] Safepoint "Cleanup", Time since last: 3000554907 ns, Reaching safepoint: 118157 ns, At safepoint: 20510 ns, Total: 138667 ns
[2023-11-15T23:31:59.820+0000][7][safepoint   ] Safepoint "Cleanup", Time since last: 3000378549 ns, Reaching safepoint: 219109 ns, At safepoint: 27645 ns, Total: 246754 ns
[2023-11-15T23:32:10.916+0000][7][gc,start    ] GC(438) Pause Young (Prepare Mixed) (G1 Evacuation Pause)
[2023-11-15T23:32:10.917+0000][7][gc,task     ] GC(438) Using 8 workers of 8 for evacuation
[2023-11-15T23:32:10.917+0000][7][gc,age      ] GC(438) Desired survivor size 18874368 bytes, new threshold 15 (max threshold 15)
[2023-11-15T23:32:10.922+0000][7][gc,age      ] GC(438) Age table with threshold 15 (max threshold 15)
[2023-11-15T23:32:10.922+0000][7][gc,age      ] GC(438) - age   1:    1704640 bytes,    1704640 total
[2023-11-15T23:32:10.922+0000][7][gc,age      ] GC(438) - age   2:    1137552 bytes,    2842192 total
[2023-11-15T23:32:10.922+0000][7][gc,age      ] GC(438) - age   3:    1542240 bytes,    4384432 total
[2023-11-15T23:32:10.922+0000][7][gc,age      ] GC(438) - age   4:     242616 bytes,    4627048 total
[2023-11-15T23:32:10.922+0000][7][gc,age      ] GC(438) - age   5:       2288 bytes,    4629336 total
[2023-11-15T23:32:10.922+0000][7][gc,phases   ] GC(438)   Pre Evacuate Collection Set: 0.2ms
[2023-11-15T23:32:10.922+0000][7][gc,phases   ] GC(438)   Merge Heap Roots: 0.2ms
[2023-11-15T23:32:10.922+0000][7][gc,phases   ] GC(438)   Evacuate Collection Set: 3.8ms
[2023-11-15T23:32:10.922+0000][7][gc,phases   ] GC(438)   Post Evacuate Collection Set: 1.0ms
[2023-11-15T23:32:10.922+0000][7][gc,phases   ] GC(438)   Other: 0.5ms
[2023-11-15T23:32:10.922+0000][7][gc,heap     ] GC(438) Eden regions: 67->0(4)
[2023-11-15T23:32:10.922+0000][7][gc,heap     ] GC(438) Survivor regions: 2->2(9)
[2023-11-15T23:32:10.922+0000][7][gc,heap     ] GC(438) Old regions: 29->29
[2023-11-15T23:32:10.922+0000][7][gc,heap     ] GC(438) Archive regions: 2->2
[2023-11-15T23:32:10.922+0000][7][gc,heap     ] GC(438) Humongous regions: 5->5
[2023-11-15T23:32:10.922+0000][7][gc,metaspace] GC(438) Metaspace: 117646K(119232K)->117646K(119232K) NonClass: 102140K(103104K)->102140K(103104K) Class: 15506K(16128K)->15506K(16128K)
[2023-11-15T23:32:10.922+0000][7][gc          ] GC(438) Pause Young (Prepare Mixed) (G1 Evacuation Pause) 408M->140M(512M) 5.670ms
[2023-11-15T23:32:10.922+0000][7][gc,cpu      ] GC(438) User=0.03s Sys=0.00s Real=0.00s
[2023-11-15T23:32:10.922+0000][7][safepoint   ] Safepoint "G1CollectForAllocation", Time since last: 11096003757 ns, Reaching safepoint: 184565 ns, At safepoint: 5841147 ns, Total: 6025712 ns
[2023-11-15T23:32:11.406+0000][7][gc,start    ] GC(439) Pause Young (Mixed) (G1 Evacuation Pause)
[2023-11-15T23:32:11.406+0000][7][gc,task     ] GC(439) Using 8 workers of 8 for evacuation
[2023-11-15T23:32:11.406+0000][7][gc,age      ] GC(439) Desired survivor size 2097152 bytes, new threshold 2 (max threshold 15)
[2023-11-15T23:32:11.419+0000][7][gc,age      ] GC(439) Age table with threshold 2 (max threshold 15)
[2023-11-15T23:32:11.419+0000][7][gc,age      ] GC(439) - age   1:     634856 bytes,     634856 total
[2023-11-15T23:32:11.419+0000][7][gc,age      ] GC(439) - age   2:    1515288 bytes,    2150144 total
[2023-11-15T23:32:11.419+0000][7][gc,phases   ] GC(439)   Pre Evacuate Collection Set: 0.2ms
[2023-11-15T23:32:11.419+0000][7][gc,phases   ] GC(439)   Merge Heap Roots: 0.1ms
[2023-11-15T23:32:11.419+0000][7][gc,phases   ] GC(439)   Evacuate Collection Set: 11.5ms
[2023-11-15T23:32:11.419+0000][7][gc,phases   ] GC(439)   Post Evacuate Collection Set: 1.0ms
[2023-11-15T23:32:11.419+0000][7][gc,phases   ] GC(439)   Other: 0.4ms
[2023-11-15T23:32:11.419+0000][7][gc,heap     ] GC(439) Eden regions: 4->0(68)
[2023-11-15T23:32:11.419+0000][7][gc,heap     ] GC(439) Survivor regions: 2->1(1)
[2023-11-15T23:32:11.419+0000][7][gc,heap     ] GC(439) Old regions: 29->29
[2023-11-15T23:32:11.419+0000][7][gc,heap     ] GC(439) Archive regions: 2->2
[2023-11-15T23:32:11.419+0000][7][gc,heap     ] GC(439) Humongous regions: 5->5
[2023-11-15T23:32:11.419+0000][7][gc,metaspace] GC(439) Metaspace: 117646K(119232K)->117646K(119232K) NonClass: 102140K(103104K)->102140K(103104K) Class: 15506K(16128K)->15506K(16128K)
[2023-11-15T23:32:11.419+0000][7][gc          ] GC(439) Pause Young (Mixed) (G1 Evacuation Pause) 156M->138M(512M) 13.256ms
[2023-11-15T23:32:11.419+0000][7][gc,cpu      ] GC(439) User=0.04s Sys=0.00s Real=0.01s
[2023-11-15T23:32:11.419+0000][7][safepoint   ] Safepoint "G1CollectForAllocation", Time since last: 483765246 ns, Reaching safepoint: 62700 ns, At safepoint: 13453144 ns, Total: 13515844 ns
[2023-11-15T23:32:15.420+0000][7][safepoint   ] Safepoint "Cleanup", Time since last: 4000493695 ns, Reaching safepoint: 78945 ns, At safepoint: 10488 ns, Total: 89433 ns
[2023-11-15T23:32:28.334+0000][7][gc,start    ] GC(440) Pause Young (Normal) (G1 Evacuation Pause)
[2023-11-15T23:32:28.334+0000][7][gc,task     ] GC(440) Using 8 workers of 8 for evacuation
[2023-11-15T23:32:28.334+0000][7][gc,age      ] GC(440) Desired survivor size 18874368 bytes, new threshold 15 (max threshold 15)
[2023-11-15T23:32:28.339+0000][7][gc,age      ] GC(440) Age table with threshold 15 (max threshold 15)
[2023-11-15T23:32:28.339+0000][7][gc,age      ] GC(440) - age   1:    2049776 bytes,    2049776 total
[2023-11-15T23:32:28.339+0000][7][gc,age      ] GC(440) - age   2:       3688 bytes,    2053464 total
[2023-11-15T23:32:28.339+0000][7][gc,age      ] GC(440) - age   3:     842592 bytes,    2896056 total
[2023-11-15T23:32:28.339+0000][7][gc,phases   ] GC(440)   Pre Evacuate Collection Set: 0.2ms
[2023-11-15T23:32:28.339+0000][7][gc,phases   ] GC(440)   Merge Heap Roots: 0.2ms
[2023-11-15T23:32:28.339+0000][7][gc,phases   ] GC(440)   Evacuate Collection Set: 3.4ms
[2023-11-15T23:32:28.339+0000][7][gc,phases   ] GC(440)   Post Evacuate Collection Set: 1.2ms
[2023-11-15T23:32:28.339+0000][7][gc,phases   ] GC(440)   Other: 0.5ms
[2023-11-15T23:32:28.339+0000][7][gc,heap     ] GC(440) Eden regions: 68->0(68)
[2023-11-15T23:32:28.339+0000][7][gc,heap     ] GC(440) Survivor regions: 1->1(9)
[2023-11-15T23:32:28.339+0000][7][gc,heap     ] GC(440) Old regions: 29->29
[2023-11-15T23:32:28.339+0000][7][gc,heap     ] GC(440) Archive regions: 2->2
[2023-11-15T23:32:28.340+0000][7][gc,heap     ] GC(440) Humongous regions: 5->5
[2023-11-15T23:32:28.340+0000][7][gc,metaspace] GC(440) Metaspace: 117646K(119232K)->117646K(119232K) NonClass: 102140K(103104K)->102140K(103104K) Class: 15506K(16128K)->15506K(16128K)
[2023-11-15T23:32:28.340+0000][7][gc          ] GC(440) Pause Young (Normal) (G1 Evacuation Pause) 410M->138M(512M) 5.582ms
[2023-11-15T23:32:28.340+0000][7][gc,cpu      ] GC(440) User=0.01s Sys=0.02s Real=0.01s
[2023-11-15T23:32:28.340+0000][7][safepoint   ] Safepoint "G1CollectForAllocation", Time since last: 12913761535 ns, Reaching safepoint: 123257 ns, At safepoint: 5761969 ns, Total: 5885226 ns
[2023-11-15T23:32:29.340+0000][7][safepoint   ] Safepoint "Cleanup", Time since last: 1000158477 ns, Reaching safepoint: 117701 ns, At safepoint: 18894 ns, Total: 136595 ns
[2023-11-15T23:32:35.341+0000][7][safepoint   ] Safepoint "Cleanup", Time since last: 6000875693 ns, Reaching safepoint: 91117 ns, At safepoint: 12909 ns, Total: 104026 ns
[2023-11-15T23:32:41.343+0000][7][safepoint   ] Safepoint "Cleanup", Time since last: 6002134932 ns, Reaching safepoint: 104403 ns, At safepoint: 17401 ns, Total: 121804 ns
[2023-11-15T23:32:44.916+0000][7][gc,start    ] GC(441) Pause Young (Normal) (G1 Evacuation Pause)
[2023-11-15T23:32:44.916+0000][7][gc,task     ] GC(441) Using 8 workers of 8 for evacuation
[2023-11-15T23:32:44.917+0000][7][gc,age      ] GC(441) Desired survivor size 18874368 bytes, new threshold 15 (max threshold 15)
[2023-11-15T23:32:44.921+0000][7][gc,age      ] GC(441) Age table with threshold 15 (max threshold 15)
[2023-11-15T23:32:44.921+0000][7][gc,age      ] GC(441) - age   1:    1155512 bytes,    1155512 total
[2023-11-15T23:32:44.921+0000][7][gc,age      ] GC(441) - age   2:    1246688 bytes,    2402200 total
[2023-11-15T23:32:44.921+0000][7][gc,age      ] GC(441) - age   3:       3088 bytes,    2405288 total
[2023-11-15T23:32:44.921+0000][7][gc,age      ] GC(441) - age   4:     826736 bytes,    3232024 total
[2023-11-15T23:32:44.921+0000][7][gc,phases   ] GC(441)   Pre Evacuate Collection Set: 0.2ms
[2023-11-15T23:32:44.921+0000][7][gc,phases   ] GC(441)   Merge Heap Roots: 0.1ms
[2023-11-15T23:32:44.921+0000][7][gc,phases   ] GC(441)   Evacuate Collection Set: 2.6ms
[2023-11-15T23:32:44.921+0000][7][gc,phases   ] GC(441)   Post Evacuate Collection Set: 1.0ms
[2023-11-15T23:32:44.921+0000][7][gc,phases   ] GC(441)   Other: 0.5ms
[2023-11-15T23:32:44.921+0000][7][gc,heap     ] GC(441) Eden regions: 68->0(69)
[2023-11-15T23:32:44.921+0000][7][gc,heap     ] GC(441) Survivor regions: 1->1(9)
[2023-11-15T23:32:44.921+0000][7][gc,heap     ] GC(441) Old regions: 29->29
[2023-11-15T23:32:44.921+0000][7][gc,heap     ] GC(441) Archive regions: 2->2
[2023-11-15T23:32:44.921+0000][7][gc,heap     ] GC(441) Humongous regions: 5->5
[2023-11-15T23:32:44.921+0000][7][gc,metaspace] GC(441) Metaspace: 117646K(119232K)->117646K(119232K) NonClass: 102140K(103104K)->102140K(103104K) Class: 15506K(16128K)->15506K(16128K)
[2023-11-15T23:32:44.921+0000][7][gc          ] GC(441) Pause Young (Normal) (G1 Evacuation Pause) 410M->139M(512M) 4.427ms
[2023-11-15T23:32:44.921+0000][7][gc,cpu      ] GC(441) User=0.02s Sys=0.00s Real=0.00s
[2023-11-15T23:32:44.921+0000][7][safepoint   ] Safepoint "G1CollectForAllocation", Time since last: 3573035301 ns, Reaching safepoint: 75467 ns, At safepoint: 4587021 ns, Total: 4662488 ns
[2023-11-15T23:32:46.921+0000][7][safepoint   ] Safepoint "Cleanup", Time since last: 2000185955 ns, Reaching safepoint: 75447 ns, At safepoint: 36100 ns, Total: 111547 ns
[2023-11-15T23:32:52.922+0000][7][safepoint   ] Safepoint "Cleanup", Time since last: 6000681387 ns, Reaching safepoint: 172117 ns, At safepoint: 19237 ns, Total: 191354 ns
[2023-11-15T23:32:58.923+0000][7][safepoint   ] Safepoint "Cleanup", Time since last: 6000639784 ns, Reaching safepoint: 40629 ns, At safepoint: 4742 ns, Total: 45371 ns
[2023-11-15T23:32:59.015+0000][7][gc,start    ] GC(442) Pause Young (Concurrent Start) (G1 Evacuation Pause)
[2023-11-15T23:32:59.015+0000][7][gc,task     ] GC(442) Using 8 workers of 8 for evacuation
[2023-11-15T23:32:59.015+0000][7][gc,age      ] GC(442) Desired survivor size 18874368 bytes, new threshold 15 (max threshold 15)
[2023-11-15T23:32:59.018+0000][7][gc,age      ] GC(442) Age table with threshold 15 (max threshold 15)
[2023-11-15T23:32:59.018+0000][7][gc,age      ] GC(442) - age   1:    2086704 bytes,    2086704 total
[2023-11-15T23:32:59.018+0000][7][gc,age      ] GC(442) - age   2:     271400 bytes,    2358104 total
[2023-11-15T23:32:59.018+0000][7][gc,age      ] GC(442) - age   3:    1229096 bytes,    3587200 total
[2023-11-15T23:32:59.018+0000][7][gc,age      ] GC(442) - age   4:       3088 bytes,    3590288 total
[2023-11-15T23:32:59.018+0000][7][gc,age      ] GC(442) - age   5:     826480 bytes,    4416768 total
[2023-11-15T23:32:59.018+0000][7][gc,phases   ] GC(442)   Pre Evacuate Collection Set: 0.2ms
[2023-11-15T23:32:59.018+0000][7][gc,phases   ] GC(442)   Merge Heap Roots: 0.1ms
[2023-11-15T23:32:59.018+0000][7][gc,phases   ] GC(442)   Evacuate Collection Set: 1.9ms
[2023-11-15T23:32:59.018+0000][7][gc,phases   ] GC(442)   Post Evacuate Collection Set: 0.6ms
[2023-11-15T23:32:59.018+0000][7][gc,phases   ] GC(442)   Other: 0.3ms
[2023-11-15T23:32:59.018+0000][7][gc,heap     ] GC(442) Eden regions: 69->0(68)
[2023-11-15T23:32:59.018+0000][7][gc,heap     ] GC(442) Survivor regions: 1->2(9)
[2023-11-15T23:32:59.018+0000][7][gc,heap     ] GC(442) Old regions: 29->29
[2023-11-15T23:32:59.018+0000][7][gc,heap     ] GC(442) Archive regions: 2->2
[2023-11-15T23:32:59.019+0000][7][gc,heap     ] GC(442) Humongous regions: 5->5
[2023-11-15T23:32:59.019+0000][7][gc,metaspace] GC(442) Metaspace: 117647K(119232K)->117647K(119232K) NonClass: 102140K(103104K)->102140K(103104K) Class: 15506K(16128K)->15506K(16128K)
[2023-11-15T23:32:59.019+0000][7][gc          ] GC(442) Pause Young (Concurrent Start) (G1 Evacuation Pause) 415M->140M(512M) 3.361ms
[2023-11-15T23:32:59.019+0000][7][gc,cpu      ] GC(442) User=0.01s Sys=0.01s Real=0.00s
[2023-11-15T23:32:59.019+0000][7][safepoint   ] Safepoint "G1CollectForAllocation", Time since last: 92282603 ns, Reaching safepoint: 75647 ns, At safepoint: 3482162 ns, Total: 3557809 ns
[2023-11-15T23:32:59.019+0000][7][gc          ] GC(443) Concurrent Mark Cycle
[2023-11-15T23:32:59.019+0000][7][gc,marking  ] GC(443) Concurrent Clear Claimed Marks
[2023-11-15T23:32:59.019+0000][7][gc,marking  ] GC(443) Concurrent Clear Claimed Marks 0.110ms
[2023-11-15T23:32:59.019+0000][7][gc,marking  ] GC(443) Concurrent Scan Root Regions
[2023-11-15T23:32:59.021+0000][7][gc,marking  ] GC(443) Concurrent Scan Root Regions 2.131ms
[2023-11-15T23:32:59.021+0000][7][gc,marking  ] GC(443) Concurrent Mark
[2023-11-15T23:32:59.021+0000][7][gc,marking  ] GC(443) Concurrent Mark From Roots
[2023-11-15T23:32:59.021+0000][7][gc,task     ] GC(443) Using 2 workers of 2 for marking
[2023-11-15T23:32:59.092+0000][7][gc,marking  ] GC(443) Concurrent Mark From Roots 71.208ms
[2023-11-15T23:32:59.092+0000][7][gc,marking  ] GC(443) Concurrent Preclean
[2023-11-15T23:32:59.092+0000][7][gc,marking  ] GC(443) Concurrent Preclean 0.158ms
[2023-11-15T23:32:59.092+0000][7][gc,start    ] GC(443) Pause Remark
[2023-11-15T23:32:59.098+0000][7][gc          ] GC(443) Pause Remark 148M->148M(512M) 5.575ms
[2023-11-15T23:32:59.098+0000][7][gc,cpu      ] GC(443) User=0.04s Sys=0.00s Real=0.01s
[2023-11-15T23:32:59.098+0000][7][safepoint   ] Safepoint "G1Concurrent", Time since last: 73798063 ns, Reaching safepoint: 30859 ns, At safepoint: 5689485 ns, Total: 5720344 ns
[2023-11-15T23:32:59.098+0000][7][gc,marking  ] GC(443) Concurrent Mark 77.192ms
[2023-11-15T23:32:59.098+0000][7][gc,marking  ] GC(443) Concurrent Rebuild Remembered Sets
[2023-11-15T23:32:59.131+0000][7][gc,marking  ] GC(443) Concurrent Rebuild Remembered Sets 32.598ms
[2023-11-15T23:32:59.131+0000][7][gc,start    ] GC(443) Pause Cleanup
[2023-11-15T23:32:59.131+0000][7][gc          ] GC(443) Pause Cleanup 148M->148M(512M) 0.087ms
[2023-11-15T23:32:59.131+0000][7][gc,cpu      ] GC(443) User=0.00s Sys=0.00s Real=0.00s
[2023-11-15T23:32:59.131+0000][7][safepoint   ] Safepoint "G1Concurrent", Time since last: 32704685 ns, Reaching safepoint: 28543 ns, At safepoint: 131601 ns, Total: 160144 ns
[2023-11-15T23:32:59.131+0000][7][gc,marking  ] GC(443) Concurrent Cleanup for Next Mark
[2023-11-15T23:32:59.131+0000][7][gc,marking  ] GC(443) Concurrent Cleanup for Next Mark 0.310ms
[2023-11-15T23:32:59.131+0000][7][gc          ] GC(443) Concurrent Mark Cycle 112.700ms
[2023-11-15T23:33:15.720+0000][7][gc,start    ] GC(444) Pause Young (Prepare Mixed) (G1 Evacuation Pause)
[2023-11-15T23:33:15.720+0000][7][gc,task     ] GC(444) Using 8 workers of 8 for evacuation
[2023-11-15T23:33:15.720+0000][7][gc,age      ] GC(444) Desired survivor size 18874368 bytes, new threshold 15 (max threshold 15)
[2023-11-15T23:33:15.725+0000][7][gc,age      ] GC(444) Age table with threshold 15 (max threshold 15)
[2023-11-15T23:33:15.725+0000][7][gc,age      ] GC(444) - age   1:    1180008 bytes,    1180008 total
[2023-11-15T23:33:15.725+0000][7][gc,age      ] GC(444) - age   2:     488128 bytes,    1668136 total
[2023-11-15T23:33:15.725+0000][7][gc,age      ] GC(444) - age   3:     255216 bytes,    1923352 total
[2023-11-15T23:33:15.725+0000][7][gc,age      ] GC(444) - age   4:    1096416 bytes,    3019768 total
[2023-11-15T23:33:15.725+0000][7][gc,age      ] GC(444) - age   5:       2840 bytes,    3022608 total
[2023-11-15T23:33:15.725+0000][7][gc,age      ] GC(444) - age   6:     234688 bytes,    3257296 total
[2023-11-15T23:33:15.725+0000][7][gc,phases   ] GC(444)   Pre Evacuate Collection Set: 0.2ms
[2023-11-15T23:33:15.725+0000][7][gc,phases   ] GC(444)   Merge Heap Roots: 0.2ms
[2023-11-15T23:33:15.725+0000][7][gc,phases   ] GC(444)   Evacuate Collection Set: 2.8ms
[2023-11-15T23:33:15.725+0000][7][gc,phases   ] GC(444)   Post Evacuate Collection Set: 1.2ms
[2023-11-15T23:33:15.725+0000][7][gc,phases   ] GC(444)   Other: 0.6ms
[2023-11-15T23:33:15.725+0000][7][gc,heap     ] GC(444) Eden regions: 68->0(5)
[2023-11-15T23:33:15.725+0000][7][gc,heap     ] GC(444) Survivor regions: 2->1(9)
[2023-11-15T23:33:15.725+0000][7][gc,heap     ] GC(444) Old regions: 29->29
[2023-11-15T23:33:15.725+0000][7][gc,heap     ] GC(444) Archive regions: 2->2
[2023-11-15T23:33:15.725+0000][7][gc,heap     ] GC(444) Humongous regions: 5->5
[2023-11-15T23:33:15.725+0000][7][gc,metaspace] GC(444) Metaspace: 117647K(119232K)->117647K(119232K) NonClass: 102140K(103104K)->102140K(103104K) Class: 15506K(16128K)->15506K(16128K)
[2023-11-15T23:33:15.725+0000][7][gc          ] GC(444) Pause Young (Prepare Mixed) (G1 Evacuation Pause) 412M->139M(512M) 5.029ms
[2023-11-15T23:33:15.725+0000][7][gc,cpu      ] GC(444) User=0.02s Sys=0.00s Real=0.01s
[2023-11-15T23:33:15.725+0000][7][safepoint   ] Safepoint "G1CollectForAllocation", Time since last: 16588935249 ns, Reaching safepoint: 107365 ns, At safepoint: 5215067 ns, Total: 5322432 ns
[2023-11-15T23:33:16.983+0000][7][gc,start    ] GC(445) Pause Young (Mixed) (G1 Evacuation Pause)
[2023-11-15T23:33:16.983+0000][7][gc,task     ] GC(445) Using 8 workers of 8 for evacuation
[2023-11-15T23:33:16.983+0000][7][gc,age      ] GC(445) Desired survivor size 2097152 bytes, new threshold 4 (max threshold 15)
[2023-11-15T23:33:16.998+0000][7][gc,age      ] GC(445) Age table with threshold 4 (max threshold 15)
[2023-11-15T23:33:16.998+0000][7][gc,age      ] GC(445) - age   1:     603968 bytes,     603968 total
[2023-11-15T23:33:16.998+0000][7][gc,age      ] GC(445) - age   2:    1151320 bytes,    1755288 total
[2023-11-15T23:33:16.998+0000][7][gc,age      ] GC(445) - age   3:     488000 bytes,    2243288 total
[2023-11-15T23:33:16.998+0000][7][gc,age      ] GC(445) - age   4:     255216 bytes,    2498504 total
[2023-11-15T23:33:16.998+0000][7][gc,phases   ] GC(445)   Pre Evacuate Collection Set: 0.1ms
[2023-11-15T23:33:16.998+0000][7][gc,phases   ] GC(445)   Merge Heap Roots: 0.0ms
[2023-11-15T23:33:16.998+0000][7][gc,phases   ] GC(445)   Evacuate Collection Set: 14.6ms
[2023-11-15T23:33:16.998+0000][7][gc,phases   ] GC(445)   Post Evacuate Collection Set: 0.4ms
[2023-11-15T23:33:16.998+0000][7][gc,phases   ] GC(445)   Other: 0.2ms
[2023-11-15T23:33:16.999+0000][7][gc,heap     ] GC(445) Eden regions: 5->0(70)
[2023-11-15T23:33:16.999+0000][7][gc,heap     ] GC(445) Survivor regions: 1->1(1)
[2023-11-15T23:33:16.999+0000][7][gc,heap     ] GC(445) Old regions: 29->28
[2023-11-15T23:33:16.999+0000][7][gc,heap     ] GC(445) Archive regions: 2->2
[2023-11-15T23:33:16.999+0000][7][gc,heap     ] GC(445) Humongous regions: 5->5
[2023-11-15T23:33:16.999+0000][7][gc,metaspace] GC(445) Metaspace: 117647K(119232K)->117647K(119232K) NonClass: 102140K(103104K)->102140K(103104K) Class: 15506K(16128K)->15506K(16128K)
[2023-11-15T23:33:16.999+0000][7][gc          ] GC(445) Pause Young (Mixed) (G1 Evacuation Pause) 159M->137M(512M) 15.311ms
[2023-11-15T23:33:16.999+0000][7][gc,cpu      ] GC(445) User=0.01s Sys=0.01s Real=0.02s
[2023-11-15T23:33:16.999+0000][7][safepoint   ] Safepoint "G1CollectForAllocation", Time since last: 1257904141 ns, Reaching safepoint: 33468 ns, At safepoint: 15383200 ns, Total: 15416668 ns
[2023-11-15T23:33:34.973+0000][7][gc,start    ] GC(446) Pause Young (Normal) (G1 Evacuation Pause)
[2023-11-15T23:33:34.973+0000][7][gc,task     ] GC(446) Using 8 workers of 8 for evacuation
[2023-11-15T23:33:34.973+0000][7][gc,age      ] GC(446) Desired survivor size 18874368 bytes, new threshold 15 (max threshold 15)
[2023-11-15T23:33:34.985+0000][7][gc,age      ] GC(446) Age table with threshold 15 (max threshold 15)
[2023-11-15T23:33:34.985+0000][7][gc,age      ] GC(446) - age   1:    2378952 bytes,    2378952 total
[2023-11-15T23:33:34.985+0000][7][gc,age      ] GC(446) - age   2:      69984 bytes,    2448936 total
[2023-11-15T23:33:34.985+0000][7][gc,age      ] GC(446) - age   3:    1125128 bytes,    3574064 total
[2023-11-15T23:33:34.985+0000][7][gc,age      ] GC(446) - age   4:     486520 bytes,    4060584 total
[2023-11-15T23:33:34.985+0000][7][gc,age      ] GC(446) - age   5:     254120 bytes,    4314704 total
[2023-11-15T23:33:34.985+0000][7][gc,phases   ] GC(446)   Pre Evacuate Collection Set: 0.1ms
[2023-11-15T23:33:34.985+0000][7][gc,phases   ] GC(446)   Merge Heap Roots: 0.0ms
[2023-11-15T23:33:34.985+0000][7][gc,phases   ] GC(446)   Evacuate Collection Set: 12.0ms
[2023-11-15T23:33:34.985+0000][7][gc,phases   ] GC(446)   Post Evacuate Collection Set: 0.5ms
[2023-11-15T23:33:34.985+0000][7][gc,phases   ] GC(446)   Other: 0.2ms
[2023-11-15T23:33:34.985+0000][7][gc,heap     ] GC(446) Eden regions: 70->0(69)
[2023-11-15T23:33:34.985+0000][7][gc,heap     ] GC(446) Survivor regions: 1->2(9)
[2023-11-15T23:33:34.985+0000][7][gc,heap     ] GC(446) Old regions: 28->28
[2023-11-15T23:33:34.985+0000][7][gc,heap     ] GC(446) Archive regions: 2->2
[2023-11-15T23:33:34.985+0000][7][gc,heap     ] GC(446) Humongous regions: 5->5
[2023-11-15T23:33:34.985+0000][7][gc,metaspace] GC(446) Metaspace: 117647K(119232K)->117647K(119232K) NonClass: 102140K(103104K)->102140K(103104K) Class: 15506K(16128K)->15506K(16128K)
[2023-11-15T23:33:34.985+0000][7][gc          ] GC(446) Pause Young (Normal) (G1 Evacuation Pause) 417M->139M(512M) 12.864ms
[2023-11-15T23:33:34.985+0000][7][gc,cpu      ] GC(446) User=0.01s Sys=0.03s Real=0.02s
[2023-11-15T23:33:34.985+0000][7][safepoint   ] Safepoint "G1CollectForAllocation", Time since last: 17973862526 ns, Reaching safepoint: 25831 ns, At safepoint: 12938378 ns, Total: 12964209 ns
[2023-11-15T23:33:50.418+0000][7][gc,start    ] GC(447) Pause Young (Normal) (G1 Evacuation Pause)
[2023-11-15T23:33:50.418+0000][7][gc,task     ] GC(447) Using 8 workers of 8 for evacuation
[2023-11-15T23:33:50.418+0000][7][gc,age      ] GC(447) Desired survivor size 18874368 bytes, new threshold 15 (max threshold 15)
[2023-11-15T23:33:50.422+0000][7][gc,age      ] GC(447) Age table with threshold 15 (max threshold 15)
[2023-11-15T23:33:50.422+0000][7][gc,age      ] GC(447) - age   1:    3593720 bytes,    3593720 total
[2023-11-15T23:33:50.422+0000][7][gc,age      ] GC(447) - age   2:     920464 bytes,    4514184 total
[2023-11-15T23:33:50.422+0000][7][gc,age      ] GC(447) - age   3:      34096 bytes,    4548280 total
[2023-11-15T23:33:50.422+0000][7][gc,age      ] GC(447) - age   4:    1008760 bytes,    5557040 total
[2023-11-15T23:33:50.422+0000][7][gc,age      ] GC(447) - age   5:     485928 bytes,    6042968 total
[2023-11-15T23:33:50.422+0000][7][gc,age      ] GC(447) - age   6:     253448 bytes,    6296416 total
[2023-11-15T23:33:50.422+0000][7][gc,phases   ] GC(447)   Pre Evacuate Collection Set: 0.1ms
[2023-11-15T23:33:50.422+0000][7][gc,phases   ] GC(447)   Merge Heap Roots: 0.1ms
[2023-11-15T23:33:50.422+0000][7][gc,phases   ] GC(447)   Evacuate Collection Set: 3.2ms
[2023-11-15T23:33:50.422+0000][7][gc,phases   ] GC(447)   Post Evacuate Collection Set: 0.8ms
[2023-11-15T23:33:50.422+0000][7][gc,phases   ] GC(447)   Other: 0.3ms
[2023-11-15T23:33:50.422+0000][7][gc,heap     ] GC(447) Eden regions: 69->0(68)
[2023-11-15T23:33:50.422+0000][7][gc,heap     ] GC(447) Survivor regions: 2->2(9)
[2023-11-15T23:33:50.422+0000][7][gc,heap     ] GC(447) Old regions: 28->28
[2023-11-15T23:33:50.422+0000][7][gc,heap     ] GC(447) Archive regions: 2->2
[2023-11-15T23:33:50.422+0000][7][gc,heap     ] GC(447) Humongous regions: 5->5
[2023-11-15T23:33:50.422+0000][7][gc,metaspace] GC(447) Metaspace: 117647K(119232K)->117647K(119232K) NonClass: 102140K(103104K)->102140K(103104K) Class: 15506K(16128K)->15506K(16128K)
[2023-11-15T23:33:50.422+0000][7][gc          ] GC(447) Pause Young (Normal) (G1 Evacuation Pause) 415M->140M(512M) 4.547ms
[2023-11-15T23:33:50.422+0000][7][gc,cpu      ] GC(447) User=0.02s Sys=0.00s Real=0.00s
[2023-11-15T23:33:50.422+0000][7][safepoint   ] Safepoint "G1CollectForAllocation", Time since last: 15432294907 ns, Reaching safepoint: 59552 ns, At safepoint: 4678884 ns, Total: 4738436 ns
[2023-11-15T23:34:05.836+0000][7][gc,start    ] GC(448) Pause Young (Concurrent Start) (G1 Evacuation Pause)
[2023-11-15T23:34:05.836+0000][7][gc,task     ] GC(448) Using 8 workers of 8 for evacuation
[2023-11-15T23:34:05.836+0000][7][gc,age      ] GC(448) Desired survivor size 18874368 bytes, new threshold 15 (max threshold 15)
[2023-11-15T23:34:05.838+0000][7][gc,age      ] GC(448) Age table with threshold 15 (max threshold 15)
[2023-11-15T23:34:05.838+0000][7][gc,age      ] GC(448) - age   1:     636624 bytes,     636624 total
[2023-11-15T23:34:05.838+0000][7][gc,age      ] GC(448) - age   2:    1890960 bytes,    2527584 total
[2023-11-15T23:34:05.838+0000][7][gc,age      ] GC(448) - age   3:     919216 bytes,    3446800 total
[2023-11-15T23:34:05.838+0000][7][gc,age      ] GC(448) - age   4:      33968 bytes,    3480768 total
[2023-11-15T23:34:05.839+0000][7][gc,age      ] GC(448) - age   5:    1008280 bytes,    4489048 total
[2023-11-15T23:34:05.839+0000][7][gc,age      ] GC(448) - age   6:     354936 bytes,    4843984 total
[2023-11-15T23:34:05.839+0000][7][gc,age      ] GC(448) - age   7:     253272 bytes,    5097256 total
[2023-11-15T23:34:05.839+0000][7][gc,phases   ] GC(448)   Pre Evacuate Collection Set: 0.1ms
[2023-11-15T23:34:05.839+0000][7][gc,phases   ] GC(448)   Merge Heap Roots: 0.1ms
[2023-11-15T23:34:05.839+0000][7][gc,phases   ] GC(448)   Evacuate Collection Set: 2.0ms
[2023-11-15T23:34:05.839+0000][7][gc,phases   ] GC(448)   Post Evacuate Collection Set: 0.4ms
[2023-11-15T23:34:05.839+0000][7][gc,phases   ] GC(448)   Other: 0.2ms
[2023-11-15T23:34:05.839+0000][7][gc,heap     ] GC(448) Eden regions: 68->0(69)
[2023-11-15T23:34:05.839+0000][7][gc,heap     ] GC(448) Survivor regions: 2->2(9)
[2023-11-15T23:34:05.839+0000][7][gc,heap     ] GC(448) Old regions: 28->28
[2023-11-15T23:34:05.839+0000][7][gc,heap     ] GC(448) Archive regions: 2->2
[2023-11-15T23:34:05.839+0000][7][gc,heap     ] GC(448) Humongous regions: 5->5
[2023-11-15T23:34:05.839+0000][7][gc,metaspace] GC(448) Metaspace: 117653K(119232K)->117653K(119232K) NonClass: 102146K(103104K)->102146K(103104K) Class: 15506K(16128K)->15506K(16128K)
[2023-11-15T23:34:05.839+0000][7][gc          ] GC(448) Pause Young (Concurrent Start) (G1 Evacuation Pause) 412M->140M(512M) 2.810ms
[2023-11-15T23:34:05.839+0000][7][gc,cpu      ] GC(448) User=0.02s Sys=0.00s Real=0.00s
[2023-11-15T23:34:05.839+0000][7][safepoint   ] Safepoint "G1CollectForAllocation", Time since last: 15413270837 ns, Reaching safepoint: 40654 ns, At safepoint: 2880570 ns, Total: 2921224 ns
[2023-11-15T23:34:05.839+0000][7][gc          ] GC(449) Concurrent Mark Cycle
[2023-11-15T23:34:05.839+0000][7][gc,marking  ] GC(449) Concurrent Clear Claimed Marks
[2023-11-15T23:34:05.839+0000][7][gc,marking  ] GC(449) Concurrent Clear Claimed Marks 0.069ms
[2023-11-15T23:34:05.839+0000][7][gc,marking  ] GC(449) Concurrent Scan Root Regions
[2023-11-15T23:34:05.840+0000][7][gc,marking  ] GC(449) Concurrent Scan Root Regions 1.733ms
[2023-11-15T23:34:05.841+0000][7][gc,marking  ] GC(449) Concurrent Mark
[2023-11-15T23:34:05.841+0000][7][gc,marking  ] GC(449) Concurrent Mark From Roots
[2023-11-15T23:34:05.841+0000][7][gc,task     ] GC(449) Using 2 workers of 2 for marking
[2023-11-15T23:34:05.900+0000][7][gc,marking  ] GC(449) Concurrent Mark From Roots 59.267ms
[2023-11-15T23:34:05.900+0000][7][gc,marking  ] GC(449) Concurrent Preclean
[2023-11-15T23:34:05.900+0000][7][gc,marking  ] GC(449) Concurrent Preclean 0.166ms
[2023-11-15T23:34:05.900+0000][7][gc,start    ] GC(449) Pause Remark
[2023-11-15T23:34:05.906+0000][7][gc          ] GC(449) Pause Remark 142M->142M(512M) 5.735ms
[2023-11-15T23:34:05.906+0000][7][gc,cpu      ] GC(449) User=0.04s Sys=0.00s Real=0.01s
[2023-11-15T23:34:05.906+0000][7][safepoint   ] Safepoint "G1Concurrent", Time since last: 61363599 ns, Reaching safepoint: 31835 ns, At safepoint: 5835968 ns, Total: 5867803 ns
[2023-11-15T23:34:05.906+0000][7][gc,marking  ] GC(449) Concurrent Mark 65.399ms
[2023-11-15T23:34:05.906+0000][7][gc,marking  ] GC(449) Concurrent Rebuild Remembered Sets
[2023-11-15T23:34:05.938+0000][7][gc,marking  ] GC(449) Concurrent Rebuild Remembered Sets 32.119ms
[2023-11-15T23:34:05.938+0000][7][gc,start    ] GC(449) Pause Cleanup
[2023-11-15T23:34:05.938+0000][7][gc          ] GC(449) Pause Cleanup 143M->143M(512M) 0.130ms
[2023-11-15T23:34:05.938+0000][7][gc,cpu      ] GC(449) User=0.00s Sys=0.00s Real=0.00s
[2023-11-15T23:34:05.938+0000][7][safepoint   ] Safepoint "G1Concurrent", Time since last: 32271786 ns, Reaching safepoint: 21431 ns, At safepoint: 206597 ns, Total: 228028 ns
[2023-11-15T23:34:05.938+0000][7][gc,marking  ] GC(449) Concurrent Cleanup for Next Mark
[2023-11-15T23:34:05.939+0000][7][gc,marking  ] GC(449) Concurrent Cleanup for Next Mark 0.516ms
[2023-11-15T23:34:05.939+0000][7][gc          ] GC(449) Concurrent Mark Cycle 100.269ms
[2023-11-15T23:34:24.935+0000][7][gc,start    ] GC(450) Pause Young (Normal) (G1 Evacuation Pause)
[2023-11-15T23:34:24.935+0000][7][gc,task     ] GC(450) Using 8 workers of 8 for evacuation
[2023-11-15T23:34:24.935+0000][7][gc,age      ] GC(450) Desired survivor size 18874368 bytes, new threshold 15 (max threshold 15)
[2023-11-15T23:34:24.938+0000][7][gc,age      ] GC(450) Age table with threshold 15 (max threshold 15)
[2023-11-15T23:34:24.938+0000][7][gc,age      ] GC(450) - age   1:    1269360 bytes,    1269360 total
[2023-11-15T23:34:24.938+0000][7][gc,age      ] GC(450) - age   2:     374480 bytes,    1643840 total
[2023-11-15T23:34:24.938+0000][7][gc,age      ] GC(450) - age   3:    1755664 bytes,    3399504 total
[2023-11-15T23:34:24.938+0000][7][gc,age      ] GC(450) - age   4:     918640 bytes,    4318144 total
[2023-11-15T23:34:24.938+0000][7][gc,age      ] GC(450) - age   5:      33968 bytes,    4352112 total
[2023-11-15T23:34:24.938+0000][7][gc,age      ] GC(450) - age   6:     340552 bytes,    4692664 total
[2023-11-15T23:34:24.938+0000][7][gc,age      ] GC(450) - age   7:     285296 bytes,    4977960 total
[2023-11-15T23:34:24.938+0000][7][gc,age      ] GC(450) - age   8:     251360 bytes,    5229320 total
[2023-11-15T23:34:24.938+0000][7][gc,phases   ] GC(450)   Pre Evacuate Collection Set: 0.1ms
[2023-11-15T23:34:24.938+0000][7][gc,phases   ] GC(450)   Merge Heap Roots: 0.0ms
[2023-11-15T23:34:24.938+0000][7][gc,phases   ] GC(450)   Evacuate Collection Set: 2.7ms
[2023-11-15T23:34:24.938+0000][7][gc,phases   ] GC(450)   Post Evacuate Collection Set: 0.5ms
[2023-11-15T23:34:24.938+0000][7][gc,phases   ] GC(450)   Other: 0.3ms
[2023-11-15T23:34:24.938+0000][7][gc,heap     ] GC(450) Eden regions: 69->0(69)
[2023-11-15T23:34:24.938+0000][7][gc,heap     ] GC(450) Survivor regions: 2->2(9)
[2023-11-15T23:34:24.938+0000][7][gc,heap     ] GC(450) Old regions: 28->28
[2023-11-15T23:34:24.938+0000][7][gc,heap     ] GC(450) Archive regions: 2->2
[2023-11-15T23:34:24.938+0000][7][gc,heap     ] GC(450) Humongous regions: 5->5
[2023-11-15T23:34:24.938+0000][7][gc,metaspace] GC(450) Metaspace: 117653K(119232K)->117653K(119232K) NonClass: 102146K(103104K)->102146K(103104K) Class: 15506K(16128K)->15506K(16128K)
[2023-11-15T23:34:24.938+0000][7][gc          ] GC(450) Pause Young (Normal) (G1 Evacuation Pause) 416M->139M(512M) 3.678ms
[2023-11-15T23:34:24.938+0000][7][gc,cpu      ] GC(450) User=0.01s Sys=0.00s Real=0.00s
[2023-11-15T23:34:24.938+0000][7][safepoint   ] Safepoint "G1CollectForAllocation", Time since last: 18996090817 ns, Reaching safepoint: 77532 ns, At safepoint: 3773534 ns, Total: 3851066 ns
[2023-11-15T23:34:41.941+0000][7][safepoint   ] Safepoint "Cleanup", Time since last: 17002156997 ns, Reaching safepoint: 113095 ns, At safepoint: 8003 ns, Total: 121098 ns
[2023-11-15T23:34:43.111+0000][7][gc,start    ] GC(451) Pause Young (Concurrent Start) (G1 Evacuation Pause)
[2023-11-15T23:34:43.111+0000][7][gc,task     ] GC(451) Using 8 workers of 8 for evacuation
[2023-11-15T23:34:43.111+0000][7][gc,age      ] GC(451) Desired survivor size 18874368 bytes, new threshold 15 (max threshold 15)
[2023-11-15T23:34:43.117+0000][7][gc,age      ] GC(451) Age table with threshold 15 (max threshold 15)
[2023-11-15T23:34:43.117+0000][7][gc,age      ] GC(451) - age   1:     959360 bytes,     959360 total
[2023-11-15T23:34:43.117+0000][7][gc,age      ] GC(451) - age   2:    1107696 bytes,    2067056 total
[2023-11-15T23:34:43.117+0000][7][gc,age      ] GC(451) - age   3:     370704 bytes,    2437760 total
[2023-11-15T23:34:43.117+0000][7][gc,age      ] GC(451) - age   4:    1754512 bytes,    4192272 total
[2023-11-15T23:34:43.117+0000][7][gc,age      ] GC(451) - age   5:     601168 bytes,    4793440 total
[2023-11-15T23:34:43.117+0000][7][gc,age      ] GC(451) - age   6:      32856 bytes,    4826296 total
[2023-11-15T23:34:43.117+0000][7][gc,age      ] GC(451) - age   7:     340520 bytes,    5166816 total
[2023-11-15T23:34:43.117+0000][7][gc,age      ] GC(451) - age   8:     285112 bytes,    5451928 total
[2023-11-15T23:34:43.117+0000][7][gc,age      ] GC(451) - age   9:     251112 bytes,    5703040 total
[2023-11-15T23:34:43.117+0000][7][gc,phases   ] GC(451)   Pre Evacuate Collection Set: 0.4ms
[2023-11-15T23:34:43.117+0000][7][gc,phases   ] GC(451)   Merge Heap Roots: 0.2ms
[2023-11-15T23:34:43.117+0000][7][gc,phases   ] GC(451)   Evacuate Collection Set: 3.8ms
[2023-11-15T23:34:43.117+0000][7][gc,phases   ] GC(451)   Post Evacuate Collection Set: 1.3ms
[2023-11-15T23:34:43.117+0000][7][gc,phases   ] GC(451)   Other: 0.6ms
[2023-11-15T23:34:43.117+0000][7][gc,heap     ] GC(451) Eden regions: 69->0(69)
[2023-11-15T23:34:43.117+0000][7][gc,heap     ] GC(451) Survivor regions: 2->2(9)
[2023-11-15T23:34:43.117+0000][7][gc,heap     ] GC(451) Old regions: 28->28
[2023-11-15T23:34:43.117+0000][7][gc,heap     ] GC(451) Archive regions: 2->2
[2023-11-15T23:34:43.117+0000][7][gc,heap     ] GC(451) Humongous regions: 5->5
[2023-11-15T23:34:43.117+0000][7][gc,metaspace] GC(451) Metaspace: 117653K(119232K)->117653K(119232K) NonClass: 102146K(103104K)->102146K(103104K) Class: 15506K(16128K)->15506K(16128K)
[2023-11-15T23:34:43.118+0000][7][gc          ] GC(451) Pause Young (Concurrent Start) (G1 Evacuation Pause) 415M->140M(512M) 6.362ms
[2023-11-15T23:34:43.118+0000][7][gc,cpu      ] GC(451) User=0.02s Sys=0.00s Real=0.01s
[2023-11-15T23:34:43.118+0000][7][safepoint   ] Safepoint "G1CollectForAllocation", Time since last: 1170389784 ns, Reaching safepoint: 103663 ns, At safepoint: 6566958 ns, Total: 6670621 ns
[2023-11-15T23:34:43.118+0000][7][gc          ] GC(452) Concurrent Mark Cycle
[2023-11-15T23:34:43.118+0000][7][gc,marking  ] GC(452) Concurrent Clear Claimed Marks
[2023-11-15T23:34:43.118+0000][7][gc,marking  ] GC(452) Concurrent Clear Claimed Marks 0.195ms
[2023-11-15T23:34:43.118+0000][7][gc,marking  ] GC(452) Concurrent Scan Root Regions
[2023-11-15T23:34:43.121+0000][7][gc,marking  ] GC(452) Concurrent Scan Root Regions 2.898ms
[2023-11-15T23:34:43.121+0000][7][gc,marking  ] GC(452) Concurrent Mark
[2023-11-15T23:34:43.121+0000][7][gc,marking  ] GC(452) Concurrent Mark From Roots
[2023-11-15T23:34:43.121+0000][7][gc,task     ] GC(452) Using 2 workers of 2 for marking
[2023-11-15T23:34:43.199+0000][7][gc,marking  ] GC(452) Concurrent Mark From Roots 77.869ms
[2023-11-15T23:34:43.199+0000][7][gc,marking  ] GC(452) Concurrent Preclean
[2023-11-15T23:34:43.199+0000][7][gc,marking  ] GC(452) Concurrent Preclean 0.170ms
[2023-11-15T23:34:43.199+0000][7][gc,start    ] GC(452) Pause Remark
[2023-11-15T23:34:43.204+0000][7][gc          ] GC(452) Pause Remark 143M->143M(512M) 4.864ms
[2023-11-15T23:34:43.204+0000][7][gc,cpu      ] GC(452) User=0.03s Sys=0.01s Real=0.00s
[2023-11-15T23:34:43.204+0000][7][safepoint   ] Safepoint "G1Concurrent", Time since last: 81458285 ns, Reaching safepoint: 19649 ns, At safepoint: 4931349 ns, Total: 4950998 ns
[2023-11-15T23:34:43.204+0000][7][gc,marking  ] GC(452) Concurrent Mark 83.083ms
[2023-11-15T23:34:43.204+0000][7][gc,marking  ] GC(452) Concurrent Rebuild Remembered Sets
[2023-11-15T23:34:43.236+0000][7][gc,marking  ] GC(452) Concurrent Rebuild Remembered Sets 32.289ms
[2023-11-15T23:34:43.236+0000][7][gc,start    ] GC(452) Pause Cleanup
[2023-11-15T23:34:43.237+0000][7][gc          ] GC(452) Pause Cleanup 143M->143M(512M) 0.055ms
[2023-11-15T23:34:43.237+0000][7][gc,cpu      ] GC(452) User=0.00s Sys=0.00s Real=0.00s
[2023-11-15T23:34:43.237+0000][7][safepoint   ] Safepoint "G1Concurrent", Time since last: 32359733 ns, Reaching safepoint: 61370 ns, At safepoint: 119640 ns, Total: 181010 ns
[2023-11-15T23:34:43.237+0000][7][gc,marking  ] GC(452) Concurrent Cleanup for Next Mark
[2023-11-15T23:34:43.237+0000][7][gc,marking  ] GC(452) Concurrent Cleanup for Next Mark 0.311ms
[2023-11-15T23:34:43.237+0000][7][gc          ] GC(452) Concurrent Mark Cycle 119.296ms
[2023-11-15T23:34:47.237+0000][7][safepoint   ] Safepoint "Cleanup", Time since last: 4000350537 ns, Reaching safepoint: 47185 ns, At safepoint: 4389 ns, Total: 51574 ns
[2023-11-15T23:35:01.886+0000][7][gc,start    ] GC(453) Pause Young (Normal) (G1 Evacuation Pause)
[2023-11-15T23:35:01.886+0000][7][gc,task     ] GC(453) Using 8 workers of 8 for evacuation
[2023-11-15T23:35:01.886+0000][7][gc,age      ] GC(453) Desired survivor size 18874368 bytes, new threshold 15 (max threshold 15)
[2023-11-15T23:35:01.893+0000][7][gc,age      ] GC(453) Age table with threshold 15 (max threshold 15)
[2023-11-15T23:35:01.893+0000][7][gc,age      ] GC(453) - age   1:    1610440 bytes,    1610440 total
[2023-11-15T23:35:01.893+0000][7][gc,age      ] GC(453) - age   2:     641592 bytes,    2252032 total
[2023-11-15T23:35:01.893+0000][7][gc,age      ] GC(453) - age   3:    1090848 bytes,    3342880 total
[2023-11-15T23:35:01.893+0000][7][gc,age      ] GC(453) - age   4:     370272 bytes,    3713152 total
[2023-11-15T23:35:01.893+0000][7][gc,age      ] GC(453) - age   5:     824368 bytes,    4537520 total
[2023-11-15T23:35:01.894+0000][7][gc,age      ] GC(453) - age   6:     599728 bytes,    5137248 total
[2023-11-15T23:35:01.894+0000][7][gc,age      ] GC(453) - age   7:      32856 bytes,    5170104 total
[2023-11-15T23:35:01.894+0000][7][gc,age      ] GC(453) - age   8:     249896 bytes,    5420000 total
[2023-11-15T23:35:01.894+0000][7][gc,age      ] GC(453) - age   9:     285112 bytes,    5705112 total
[2023-11-15T23:35:01.894+0000][7][gc,age      ] GC(453) - age  10:     251048 bytes,    5956160 total
[2023-11-15T23:35:01.894+0000][7][gc,phases   ] GC(453)   Pre Evacuate Collection Set: 0.2ms
[2023-11-15T23:35:01.894+0000][7][gc,phases   ] GC(453)   Merge Heap Roots: 0.2ms
[2023-11-15T23:35:01.894+0000][7][gc,phases   ] GC(453)   Evacuate Collection Set: 5.9ms
[2023-11-15T23:35:01.894+0000][7][gc,phases   ] GC(453)   Post Evacuate Collection Set: 1.2ms
[2023-11-15T23:35:01.894+0000][7][gc,phases   ] GC(453)   Other: 0.5ms
[2023-11-15T23:35:01.894+0000][7][gc,heap     ] GC(453) Eden regions: 69->0(69)
[2023-11-15T23:35:01.894+0000][7][gc,heap     ] GC(453) Survivor regions: 2->2(9)
[2023-11-15T23:35:01.894+0000][7][gc,heap     ] GC(453) Old regions: 28->28
[2023-11-15T23:35:01.894+0000][7][gc,heap     ] GC(453) Archive regions: 2->2
[2023-11-15T23:35:01.894+0000][7][gc,heap     ] GC(453) Humongous regions: 5->5
[2023-11-15T23:35:01.894+0000][7][gc,metaspace] GC(453) Metaspace: 117653K(119232K)->117653K(119232K) NonClass: 102146K(103104K)->102146K(103104K) Class: 15506K(16128K)->15506K(16128K)
[2023-11-15T23:35:01.894+0000][7][gc          ] GC(453) Pause Young (Normal) (G1 Evacuation Pause) 416M->140M(512M) 8.189ms
[2023-11-15T23:35:01.894+0000][7][gc,cpu      ] GC(453) User=0.02s Sys=0.02s Real=0.00s
[2023-11-15T23:35:01.894+0000][7][safepoint   ] Safepoint "G1CollectForAllocation", Time since last: 14648422271 ns, Reaching safepoint: 118936 ns, At safepoint: 8383312 ns, Total: 8502248 ns
[2023-11-15T23:35:17.868+0000][7][gc,start    ] GC(454) Pause Young (Concurrent Start) (G1 Evacuation Pause)
[2023-11-15T23:35:17.868+0000][7][gc,task     ] GC(454) Using 8 workers of 8 for evacuation
[2023-11-15T23:35:17.868+0000][7][gc,age      ] GC(454) Desired survivor size 18874368 bytes, new threshold 15 (max threshold 15)
[2023-11-15T23:35:17.871+0000][7][gc,age      ] GC(454) Age table with threshold 15 (max threshold 15)
[2023-11-15T23:35:17.872+0000][7][gc,age      ] GC(454) - age   1:     612544 bytes,     612544 total
[2023-11-15T23:35:17.872+0000][7][gc,age      ] GC(454) - age   2:    1492536 bytes,    2105080 total
[2023-11-15T23:35:17.872+0000][7][gc,age      ] GC(454) - age   3:     625656 bytes,    2730736 total
[2023-11-15T23:35:17.872+0000][7][gc,age      ] GC(454) - age   4:    1082752 bytes,    3813488 total
[2023-11-15T23:35:17.872+0000][7][gc,age      ] GC(454) - age   5:     267504 bytes,    4080992 total
[2023-11-15T23:35:17.872+0000][7][gc,age      ] GC(454) - age   6:     824304 bytes,    4905296 total
[2023-11-15T23:35:17.872+0000][7][gc,age      ] GC(454) - age   7:     599728 bytes,    5505024 total
[2023-11-15T23:35:17.872+0000][7][gc,age      ] GC(454) - age   8:      32856 bytes,    5537880 total
[2023-11-15T23:35:17.872+0000][7][gc,age      ] GC(454) - age   9:     249224 bytes,    5787104 total
[2023-11-15T23:35:17.872+0000][7][gc,age      ] GC(454) - age  10:     285048 bytes,    6072152 total
[2023-11-15T23:35:17.872+0000][7][gc,age      ] GC(454) - age  11:     251048 bytes,    6323200 total
[2023-11-15T23:35:17.872+0000][7][gc,phases   ] GC(454)   Pre Evacuate Collection Set: 0.2ms
[2023-11-15T23:35:17.872+0000][7][gc,phases   ] GC(454)   Merge Heap Roots: 0.1ms
[2023-11-15T23:35:17.872+0000][7][gc,phases   ] GC(454)   Evacuate Collection Set: 2.4ms
[2023-11-15T23:35:17.872+0000][7][gc,phases   ] GC(454)   Post Evacuate Collection Set: 0.6ms
[2023-11-15T23:35:17.872+0000][7][gc,phases   ] GC(454)   Other: 0.3ms
[2023-11-15T23:35:17.872+0000][7][gc,heap     ] GC(454) Eden regions: 69->0(69)
[2023-11-15T23:35:17.872+0000][7][gc,heap     ] GC(454) Survivor regions: 2->2(9)
[2023-11-15T23:35:17.872+0000][7][gc,heap     ] GC(454) Old regions: 28->28
[2023-11-15T23:35:17.872+0000][7][gc,heap     ] GC(454) Archive regions: 2->2
[2023-11-15T23:35:17.872+0000][7][gc,heap     ] GC(454) Humongous regions: 5->5
[2023-11-15T23:35:17.872+0000][7][gc,metaspace] GC(454) Metaspace: 117653K(119232K)->117653K(119232K) NonClass: 102146K(103104K)->102146K(103104K) Class: 15506K(16128K)->15506K(16128K)
[2023-11-15T23:35:17.872+0000][7][gc          ] GC(454) Pause Young (Concurrent Start) (G1 Evacuation Pause) 416M->141M(512M) 3.568ms
[2023-11-15T23:35:17.872+0000][7][gc,cpu      ] GC(454) User=0.02s Sys=0.00s Real=0.00s
[2023-11-15T23:35:17.872+0000][7][safepoint   ] Safepoint "G1CollectForAllocation", Time since last: 15974083944 ns, Reaching safepoint: 58329 ns, At safepoint: 3655064 ns, Total: 3713393 ns
[2023-11-15T23:35:17.872+0000][7][gc          ] GC(455) Concurrent Mark Cycle
[2023-11-15T23:35:17.872+0000][7][gc,marking  ] GC(455) Concurrent Clear Claimed Marks
[2023-11-15T23:35:17.872+0000][7][gc,marking  ] GC(455) Concurrent Clear Claimed Marks 0.081ms
[2023-11-15T23:35:17.872+0000][7][gc,marking  ] GC(455) Concurrent Scan Root Regions
[2023-11-15T23:35:17.873+0000][7][gc,marking  ] GC(455) Concurrent Scan Root Regions 1.355ms
[2023-11-15T23:35:17.873+0000][7][gc,marking  ] GC(455) Concurrent Mark
[2023-11-15T23:35:17.873+0000][7][gc,marking  ] GC(455) Concurrent Mark From Roots
[2023-11-15T23:35:17.873+0000][7][gc,task     ] GC(455) Using 2 workers of 2 for marking
[2023-11-15T23:35:17.944+0000][7][gc,marking  ] GC(455) Concurrent Mark From Roots 70.476ms
[2023-11-15T23:35:17.944+0000][7][gc,marking  ] GC(455) Concurrent Preclean
[2023-11-15T23:35:17.944+0000][7][gc,marking  ] GC(455) Concurrent Preclean 0.220ms
[2023-11-15T23:35:17.944+0000][7][gc,start    ] GC(455) Pause Remark
[2023-11-15T23:35:17.950+0000][7][gc          ] GC(455) Pause Remark 143M->143M(512M) 6.270ms
[2023-11-15T23:35:17.950+0000][7][gc,cpu      ] GC(455) User=0.03s Sys=0.01s Real=0.01s
[2023-11-15T23:35:17.950+0000][7][safepoint   ] Safepoint "G1Concurrent", Time since last: 72305483 ns, Reaching safepoint: 103281 ns, At safepoint: 6352221 ns, Total: 6455502 ns
[2023-11-15T23:35:17.951+0000][7][gc,marking  ] GC(455) Concurrent Mark 77.305ms
[2023-11-15T23:35:17.951+0000][7][gc,marking  ] GC(455) Concurrent Rebuild Remembered Sets
[2023-11-15T23:35:17.982+0000][7][gc,marking  ] GC(455) Concurrent Rebuild Remembered Sets 31.896ms
[2023-11-15T23:35:17.983+0000][7][gc,start    ] GC(455) Pause Cleanup
[2023-11-15T23:35:17.983+0000][7][gc          ] GC(455) Pause Cleanup 144M->144M(512M) 0.071ms
[2023-11-15T23:35:17.983+0000][7][gc,cpu      ] GC(455) User=0.00s Sys=0.00s Real=0.00s
[2023-11-15T23:35:17.983+0000][7][safepoint   ] Safepoint "G1Concurrent", Time since last: 32051691 ns, Reaching safepoint: 56506 ns, At safepoint: 135477 ns, Total: 191983 ns
[2023-11-15T23:35:17.983+0000][7][gc,marking  ] GC(455) Concurrent Cleanup for Next Mark
[2023-11-15T23:35:17.983+0000][7][gc,marking  ] GC(455) Concurrent Cleanup for Next Mark 0.363ms
[2023-11-15T23:35:17.983+0000][7][gc          ] GC(455) Concurrent Mark Cycle 111.469ms
[2023-11-15T23:35:35.897+0000][7][gc,start    ] GC(456) Pause Young (Normal) (G1 Evacuation Pause)
[2023-11-15T23:35:35.897+0000][7][gc,task     ] GC(456) Using 8 workers of 8 for evacuation
[2023-11-15T23:35:35.897+0000][7][gc,age      ] GC(456) Desired survivor size 18874368 bytes, new threshold 15 (max threshold 15)
[2023-11-15T23:35:35.901+0000][7][gc,age      ] GC(456) Age table with threshold 15 (max threshold 15)
[2023-11-15T23:35:35.901+0000][7][gc,age      ] GC(456) - age   1:    1545208 bytes,    1545208 total
[2023-11-15T23:35:35.901+0000][7][gc,age      ] GC(456) - age   2:     493560 bytes,    2038768 total
[2023-11-15T23:35:35.901+0000][7][gc,age      ] GC(456) - age   3:    1492024 bytes,    3530792 total
[2023-11-15T23:35:35.901+0000][7][gc,age      ] GC(456) - age   4:     624496 bytes,    4155288 total
[2023-11-15T23:35:35.901+0000][7][gc,age      ] GC(456) - age   5:    1080448 bytes,    5235736 total
[2023-11-15T23:35:35.901+0000][7][gc,age      ] GC(456) - age   6:     267504 bytes,    5503240 total
[2023-11-15T23:35:35.901+0000][7][gc,age      ] GC(456) - age   7:     824304 bytes,    6327544 total
[2023-11-15T23:35:35.901+0000][7][gc,age      ] GC(456) - age   8:     599728 bytes,    6927272 total
[2023-11-15T23:35:35.901+0000][7][gc,age      ] GC(456) - age   9:      32856 bytes,    6960128 total
[2023-11-15T23:35:35.901+0000][7][gc,age      ] GC(456) - age  10:     249224 bytes,    7209352 total
[2023-11-15T23:35:35.901+0000][7][gc,age      ] GC(456) - age  11:     285048 bytes,    7494400 total
[2023-11-15T23:35:35.902+0000][7][gc,age      ] GC(456) - age  12:     251048 bytes,    7745448 total
[2023-11-15T23:35:35.902+0000][7][gc,phases   ] GC(456)   Pre Evacuate Collection Set: 0.1ms
[2023-11-15T23:35:35.902+0000][7][gc,phases   ] GC(456)   Merge Heap Roots: 0.0ms
[2023-11-15T23:35:35.902+0000][7][gc,phases   ] GC(456)   Evacuate Collection Set: 4.0ms
[2023-11-15T23:35:35.902+0000][7][gc,phases   ] GC(456)   Post Evacuate Collection Set: 0.5ms
[2023-11-15T23:35:35.902+0000][7][gc,phases   ] GC(456)   Other: 0.2ms
[2023-11-15T23:35:35.902+0000][7][gc,heap     ] GC(456) Eden regions: 69->0(69)
[2023-11-15T23:35:35.902+0000][7][gc,heap     ] GC(456) Survivor regions: 2->2(9)
[2023-11-15T23:35:35.902+0000][7][gc,heap     ] GC(456) Old regions: 28->28
[2023-11-15T23:35:35.902+0000][7][gc,heap     ] GC(456) Archive regions: 2->2
[2023-11-15T23:35:35.902+0000][7][gc,heap     ] GC(456) Humongous regions: 5->5
[2023-11-15T23:35:35.902+0000][7][gc,metaspace] GC(456) Metaspace: 117653K(119232K)->117653K(119232K) NonClass: 102146K(103104K)->102146K(103104K) Class: 15506K(16128K)->15506K(16128K)
[2023-11-15T23:35:35.902+0000][7][gc          ] GC(456) Pause Young (Normal) (G1 Evacuation Pause) 417M->142M(512M) 4.795ms
[2023-11-15T23:35:35.902+0000][7][gc,cpu      ] GC(456) User=0.03s Sys=0.00s Real=0.00s
[2023-11-15T23:35:35.902+0000][7][safepoint   ] Safepoint "G1CollectForAllocation", Time since last: 17914017257 ns, Reaching safepoint: 36218 ns, At safepoint: 4863946 ns, Total: 4900164 ns
[2023-11-15T23:35:52.928+0000][7][gc,start    ] GC(457) Pause Young (Concurrent Start) (G1 Evacuation Pause)
[2023-11-15T23:35:52.928+0000][7][gc,task     ] GC(457) Using 8 workers of 8 for evacuation
[2023-11-15T23:35:52.929+0000][7][gc,age      ] GC(457) Desired survivor size 18874368 bytes, new threshold 15 (max threshold 15)
[2023-11-15T23:35:52.934+0000][7][gc,age      ] GC(457) Age table with threshold 15 (max threshold 15)
[2023-11-15T23:35:52.934+0000][7][gc,age      ] GC(457) - age   1:    2381568 bytes,    2381568 total
[2023-11-15T23:35:52.934+0000][7][gc,age      ] GC(457) - age   2:     349920 bytes,    2731488 total
[2023-11-15T23:35:52.934+0000][7][gc,age      ] GC(457) - age   3:     305264 bytes,    3036752 total
[2023-11-15T23:35:52.934+0000][7][gc,age      ] GC(457) - age   4:    1390168 bytes,    4426920 total
[2023-11-15T23:35:52.934+0000][7][gc,age      ] GC(457) - age   5:     624184 bytes,    5051104 total
[2023-11-15T23:35:52.934+0000][7][gc,age      ] GC(457) - age   6:     330544 bytes,    5381648 total
[2023-11-15T23:35:52.934+0000][7][gc,age      ] GC(457) - age   7:     267504 bytes,    5649152 total
[2023-11-15T23:35:52.934+0000][7][gc,age      ] GC(457) - age   8:     824304 bytes,    6473456 total
[2023-11-15T23:35:52.934+0000][7][gc,age      ] GC(457) - age   9:     599664 bytes,    7073120 total
[2023-11-15T23:35:52.934+0000][7][gc,age      ] GC(457) - age  10:      32856 bytes,    7105976 total
[2023-11-15T23:35:52.934+0000][7][gc,age      ] GC(457) - age  11:     249192 bytes,    7355168 total
[2023-11-15T23:35:52.934+0000][7][gc,age      ] GC(457) - age  12:     285048 bytes,    7640216 total
[2023-11-15T23:35:52.934+0000][7][gc,age      ] GC(457) - age  13:     251016 bytes,    7891232 total
[2023-11-15T23:35:52.934+0000][7][gc,phases   ] GC(457)   Pre Evacuate Collection Set: 0.3ms
[2023-11-15T23:35:52.934+0000][7][gc,phases   ] GC(457)   Merge Heap Roots: 0.1ms
[2023-11-15T23:35:52.934+0000][7][gc,phases   ] GC(457)   Evacuate Collection Set: 3.8ms
[2023-11-15T23:35:52.934+0000][7][gc,phases   ] GC(457)   Post Evacuate Collection Set: 1.0ms
[2023-11-15T23:35:52.934+0000][7][gc,phases   ] GC(457)   Other: 0.5ms
[2023-11-15T23:35:52.934+0000][7][gc,heap     ] GC(457) Eden regions: 69->0(69)
[2023-11-15T23:35:52.934+0000][7][gc,heap     ] GC(457) Survivor regions: 2->2(9)
[2023-11-15T23:35:52.934+0000][7][gc,heap     ] GC(457) Old regions: 28->28
[2023-11-15T23:35:52.934+0000][7][gc,heap     ] GC(457) Archive regions: 2->2
[2023-11-15T23:35:52.934+0000][7][gc,heap     ] GC(457) Humongous regions: 5->5
[2023-11-15T23:35:52.934+0000][7][gc,metaspace] GC(457) Metaspace: 117653K(119232K)->117653K(119232K) NonClass: 102146K(103104K)->102146K(103104K) Class: 15506K(16128K)->15506K(16128K)
[2023-11-15T23:35:52.934+0000][7][gc          ] GC(457) Pause Young (Concurrent Start) (G1 Evacuation Pause) 418M->142M(512M) 5.895ms
[2023-11-15T23:35:52.934+0000][7][gc,cpu      ] GC(457) User=0.03s Sys=0.00s Real=0.00s
[2023-11-15T23:35:52.934+0000][7][gc          ] GC(458) Concurrent Mark Cycle
[2023-11-15T23:35:52.934+0000][7][gc,marking  ] GC(458) Concurrent Clear Claimed Marks
[2023-11-15T23:35:52.934+0000][7][safepoint   ] Safepoint "G1CollectForAllocation", Time since last: 17026500498 ns, Reaching safepoint: 109064 ns, At safepoint: 6065536 ns, Total: 6174600 ns
[2023-11-15T23:35:52.935+0000][7][gc,marking  ] GC(458) Concurrent Clear Claimed Marks 0.250ms
[2023-11-15T23:35:52.935+0000][7][gc,marking  ] GC(458) Concurrent Scan Root Regions
[2023-11-15T23:35:52.940+0000][7][gc,marking  ] GC(458) Concurrent Scan Root Regions 5.112ms
[2023-11-15T23:35:52.940+0000][7][gc,marking  ] GC(458) Concurrent Mark
[2023-11-15T23:35:52.940+0000][7][gc,marking  ] GC(458) Concurrent Mark From Roots
[2023-11-15T23:35:52.940+0000][7][gc,task     ] GC(458) Using 2 workers of 2 for marking
[2023-11-15T23:35:53.023+0000][7][gc,marking  ] GC(458) Concurrent Mark From Roots 82.865ms
[2023-11-15T23:35:53.023+0000][7][gc,marking  ] GC(458) Concurrent Preclean
[2023-11-15T23:35:53.023+0000][7][gc,marking  ] GC(458) Concurrent Preclean 0.200ms
[2023-11-15T23:35:53.023+0000][7][gc,start    ] GC(458) Pause Remark
[2023-11-15T23:35:53.030+0000][7][gc          ] GC(458) Pause Remark 165M->165M(512M) 7.113ms
[2023-11-15T23:35:53.030+0000][7][gc,cpu      ] GC(458) User=0.04s Sys=0.00s Real=0.01s
[2023-11-15T23:35:53.030+0000][7][safepoint   ] Safepoint "G1Concurrent", Time since last: 88656279 ns, Reaching safepoint: 85096 ns, At safepoint: 7236412 ns, Total: 7321508 ns
[2023-11-15T23:35:53.030+0000][7][gc,marking  ] GC(458) Concurrent Mark 90.510ms
[2023-11-15T23:35:53.030+0000][7][gc,marking  ] GC(458) Concurrent Rebuild Remembered Sets
[2023-11-15T23:35:53.064+0000][7][gc,marking  ] GC(458) Concurrent Rebuild Remembered Sets 33.178ms
[2023-11-15T23:35:53.064+0000][7][gc,start    ] GC(458) Pause Cleanup
[2023-11-15T23:35:53.064+0000][7][gc          ] GC(458) Pause Cleanup 166M->166M(512M) 0.053ms
[2023-11-15T23:35:53.064+0000][7][gc,cpu      ] GC(458) User=0.00s Sys=0.00s Real=0.00s
[2023-11-15T23:35:53.064+0000][7][safepoint   ] Safepoint "G1Concurrent", Time since last: 33279092 ns, Reaching safepoint: 24544 ns, At safepoint: 120818 ns, Total: 145362 ns
[2023-11-15T23:35:53.064+0000][7][gc,marking  ] GC(458) Concurrent Cleanup for Next Mark
[2023-11-15T23:35:53.064+0000][7][gc,marking  ] GC(458) Concurrent Cleanup for Next Mark 0.312ms
[2023-11-15T23:35:53.064+0000][7][gc          ] GC(458) Concurrent Mark Cycle 129.772ms
[2023-11-15T23:36:05.065+0000][7][safepoint   ] Safepoint "Cleanup", Time since last: 12001282989 ns, Reaching safepoint: 166271 ns, At safepoint: 16719 ns, Total: 182990 ns
[2023-11-15T23:36:08.079+0000][7][gc,start    ] GC(459) Pause Young (Normal) (G1 Evacuation Pause)
[2023-11-15T23:36:08.079+0000][7][gc,task     ] GC(459) Using 8 workers of 8 for evacuation
[2023-11-15T23:36:08.079+0000][7][gc,age      ] GC(459) Desired survivor size 18874368 bytes, new threshold 15 (max threshold 15)
[2023-11-15T23:36:08.085+0000][7][gc,age      ] GC(459) Age table with threshold 15 (max threshold 15)
[2023-11-15T23:36:08.086+0000][7][gc,age      ] GC(459) - age   1:     516096 bytes,     516096 total
[2023-11-15T23:36:08.086+0000][7][gc,age      ] GC(459) - age   2:    1084168 bytes,    1600264 total
[2023-11-15T23:36:08.086+0000][7][gc,age      ] GC(459) - age   3:     320272 bytes,    1920536 total
[2023-11-15T23:36:08.086+0000][7][gc,age      ] GC(459) - age   4:     201408 bytes,    2121944 total
[2023-11-15T23:36:08.086+0000][7][gc,age      ] GC(459) - age   5:    1390008 bytes,    3511952 total
[2023-11-15T23:36:08.086+0000][7][gc,age      ] GC(459) - age   6:     623928 bytes,    4135880 total
[2023-11-15T23:36:08.086+0000][7][gc,age      ] GC(459) - age   7:     329192 bytes,    4465072 total
[2023-11-15T23:36:08.086+0000][7][gc,age      ] GC(459) - age   8:     267408 bytes,    4732480 total
[2023-11-15T23:36:08.086+0000][7][gc,age      ] GC(459) - age   9:     824256 bytes,    5556736 total
[2023-11-15T23:36:08.086+0000][7][gc,age      ] GC(459) - age  10:     599664 bytes,    6156400 total
[2023-11-15T23:36:08.086+0000][7][gc,age      ] GC(459) - age  11:      32856 bytes,    6189256 total
[2023-11-15T23:36:08.086+0000][7][gc,age      ] GC(459) - age  12:     249192 bytes,    6438448 total
[2023-11-15T23:36:08.086+0000][7][gc,age      ] GC(459) - age  13:     284952 bytes,    6723400 total
[2023-11-15T23:36:08.086+0000][7][gc,age      ] GC(459) - age  14:     251016 bytes,    6974416 total
[2023-11-15T23:36:08.086+0000][7][gc,phases   ] GC(459)   Pre Evacuate Collection Set: 0.2ms
[2023-11-15T23:36:08.086+0000][7][gc,phases   ] GC(459)   Merge Heap Roots: 0.2ms
[2023-11-15T23:36:08.086+0000][7][gc,phases   ] GC(459)   Evacuate Collection Set: 4.2ms
[2023-11-15T23:36:08.086+0000][7][gc,phases   ] GC(459)   Post Evacuate Collection Set: 1.4ms
[2023-11-15T23:36:08.086+0000][7][gc,phases   ] GC(459)   Other: 0.6ms
[2023-11-15T23:36:08.086+0000][7][gc,heap     ] GC(459) Eden regions: 69->0(69)
[2023-11-15T23:36:08.086+0000][7][gc,heap     ] GC(459) Survivor regions: 2->2(9)
[2023-11-15T23:36:08.086+0000][7][gc,heap     ] GC(459) Old regions: 28->28
[2023-11-15T23:36:08.086+0000][7][gc,heap     ] GC(459) Archive regions: 2->2
[2023-11-15T23:36:08.086+0000][7][gc,heap     ] GC(459) Humongous regions: 5->5
[2023-11-15T23:36:08.086+0000][7][gc,metaspace] GC(459) Metaspace: 117653K(119232K)->117653K(119232K) NonClass: 102146K(103104K)->102146K(103104K) Class: 15506K(16128K)->15506K(16128K)
[2023-11-15T23:36:08.086+0000][7][gc          ] GC(459) Pause Young (Normal) (G1 Evacuation Pause) 418M->141M(512M) 6.708ms
[2023-11-15T23:36:08.086+0000][7][gc,cpu      ] GC(459) User=0.03s Sys=0.00s Real=0.01s
[2023-11-15T23:36:08.086+0000][7][safepoint   ] Safepoint "G1CollectForAllocation", Time since last: 3013842836 ns, Reaching safepoint: 156080 ns, At safepoint: 6920446 ns, Total: 7076526 ns
[2023-11-15T23:36:24.689+0000][7][gc,start    ] GC(460) Pause Young (Concurrent Start) (G1 Evacuation Pause)
[2023-11-15T23:36:24.689+0000][7][gc,task     ] GC(460) Using 8 workers of 8 for evacuation
[2023-11-15T23:36:24.689+0000][7][gc,age      ] GC(460) Desired survivor size 18874368 bytes, new threshold 15 (max threshold 15)
[2023-11-15T23:36:24.694+0000][7][gc,age      ] GC(460) Age table with threshold 15 (max threshold 15)
[2023-11-15T23:36:24.694+0000][7][gc,age      ] GC(460) - age   1:    2174360 bytes,    2174360 total
[2023-11-15T23:36:24.694+0000][7][gc,age      ] GC(460) - age   2:     320048 bytes,    2494408 total
[2023-11-15T23:36:24.694+0000][7][gc,age      ] GC(460) - age   3:    1081152 bytes,    3575560 total
[2023-11-15T23:36:24.694+0000][7][gc,age      ] GC(460) - age   4:     319632 bytes,    3895192 total
[2023-11-15T23:36:24.694+0000][7][gc,age      ] GC(460) - age   5:     200648 bytes,    4095840 total
[2023-11-15T23:36:24.694+0000][7][gc,age      ] GC(460) - age   6:     237808 bytes,    4333648 total
[2023-11-15T23:36:24.694+0000][7][gc,age      ] GC(460) - age   7:     622816 bytes,    4956464 total
[2023-11-15T23:36:24.694+0000][7][gc,age      ] GC(460) - age   8:     329000 bytes,    5285464 total
[2023-11-15T23:36:24.694+0000][7][gc,age      ] GC(460) - age   9:     267408 bytes,    5552872 total
[2023-11-15T23:36:24.694+0000][7][gc,age      ] GC(460) - age  10:     824256 bytes,    6377128 total
[2023-11-15T23:36:24.694+0000][7][gc,age      ] GC(460) - age  11:     237256 bytes,    6614384 total
[2023-11-15T23:36:24.694+0000][7][gc,age      ] GC(460) - age  12:      32856 bytes,    6647240 total
[2023-11-15T23:36:24.694+0000][7][gc,age      ] GC(460) - age  13:     249192 bytes,    6896432 total
[2023-11-15T23:36:24.694+0000][7][gc,age      ] GC(460) - age  14:     284952 bytes,    7181384 total
[2023-11-15T23:36:24.694+0000][7][gc,age      ] GC(460) - age  15:     251016 bytes,    7432400 total
[2023-11-15T23:36:24.694+0000][7][gc,phases   ] GC(460)   Pre Evacuate Collection Set: 0.3ms
[2023-11-15T23:36:24.694+0000][7][gc,phases   ] GC(460)   Merge Heap Roots: 0.1ms
[2023-11-15T23:36:24.694+0000][7][gc,phases   ] GC(460)   Evacuate Collection Set: 3.6ms
[2023-11-15T23:36:24.694+0000][7][gc,phases   ] GC(460)   Post Evacuate Collection Set: 1.1ms
[2023-11-15T23:36:24.695+0000][7][gc,phases   ] GC(460)   Other: 0.6ms
[2023-11-15T23:36:24.695+0000][7][gc,heap     ] GC(460) Eden regions: 69->0(69)
[2023-11-15T23:36:24.695+0000][7][gc,heap     ] GC(460) Survivor regions: 2->2(9)
[2023-11-15T23:36:24.695+0000][7][gc,heap     ] GC(460) Old regions: 28->28
[2023-11-15T23:36:24.695+0000][7][gc,heap     ] GC(460) Archive regions: 2->2
[2023-11-15T23:36:24.695+0000][7][gc,heap     ] GC(460) Humongous regions: 5->5
[2023-11-15T23:36:24.695+0000][7][gc,metaspace] GC(460) Metaspace: 117660K(119232K)->117660K(119232K) NonClass: 102153K(103104K)->102153K(103104K) Class: 15507K(16128K)->15507K(16128K)
[2023-11-15T23:36:24.695+0000][7][gc          ] GC(460) Pause Young (Concurrent Start) (G1 Evacuation Pause) 417M->142M(512M) 5.813ms
[2023-11-15T23:36:24.695+0000][7][gc,cpu      ] GC(460) User=0.03s Sys=0.00s Real=0.01s
[2023-11-15T23:36:24.695+0000][7][safepoint   ] Safepoint "G1CollectForAllocation", Time since last: 16602425290 ns, Reaching safepoint: 197908 ns, At safepoint: 5993409 ns, Total: 6191317 ns
[2023-11-15T23:36:24.695+0000][7][gc          ] GC(461) Concurrent Mark Cycle
[2023-11-15T23:36:24.695+0000][7][gc,marking  ] GC(461) Concurrent Clear Claimed Marks
[2023-11-15T23:36:24.695+0000][7][gc,marking  ] GC(461) Concurrent Clear Claimed Marks 0.152ms
[2023-11-15T23:36:24.695+0000][7][gc,marking  ] GC(461) Concurrent Scan Root Regions
[2023-11-15T23:36:24.698+0000][7][gc,marking  ] GC(461) Concurrent Scan Root Regions 2.564ms
[2023-11-15T23:36:24.698+0000][7][gc,marking  ] GC(461) Concurrent Mark
[2023-11-15T23:36:24.698+0000][7][gc,marking  ] GC(461) Concurrent Mark From Roots
[2023-11-15T23:36:24.698+0000][7][gc,task     ] GC(461) Using 2 workers of 2 for marking
[2023-11-15T23:36:24.777+0000][7][gc,marking  ] GC(461) Concurrent Mark From Roots 79.036ms
[2023-11-15T23:36:24.777+0000][7][gc,marking  ] GC(461) Concurrent Preclean
[2023-11-15T23:36:24.777+0000][7][gc,marking  ] GC(461) Concurrent Preclean 0.208ms
[2023-11-15T23:36:24.777+0000][7][gc,start    ] GC(461) Pause Remark
[2023-11-15T23:36:24.782+0000][7][gc          ] GC(461) Pause Remark 145M->145M(512M) 5.172ms
[2023-11-15T23:36:24.782+0000][7][gc,cpu      ] GC(461) User=0.04s Sys=0.00s Real=0.00s
[2023-11-15T23:36:24.782+0000][7][safepoint   ] Safepoint "G1Concurrent", Time since last: 82230349 ns, Reaching safepoint: 27868 ns, At safepoint: 5266464 ns, Total: 5294332 ns
[2023-11-15T23:36:24.782+0000][7][gc,marking  ] GC(461) Concurrent Mark 84.637ms
[2023-11-15T23:36:24.782+0000][7][gc,marking  ] GC(461) Concurrent Rebuild Remembered Sets
[2023-11-15T23:36:24.816+0000][7][gc,marking  ] GC(461) Concurrent Rebuild Remembered Sets 33.324ms
[2023-11-15T23:36:24.816+0000][7][gc,start    ] GC(461) Pause Cleanup
[2023-11-15T23:36:24.816+0000][7][gc          ] GC(461) Pause Cleanup 145M->145M(512M) 0.087ms
[2023-11-15T23:36:24.816+0000][7][gc,cpu      ] GC(461) User=0.00s Sys=0.00s Real=0.00s
[2023-11-15T23:36:24.816+0000][7][safepoint   ] Safepoint "G1Concurrent", Time since last: 33386727 ns, Reaching safepoint: 18112 ns, At safepoint: 126340 ns, Total: 144452 ns
[2023-11-15T23:36:24.816+0000][7][gc,marking  ] GC(461) Concurrent Cleanup for Next Mark
[2023-11-15T23:36:24.816+0000][7][gc,marking  ] GC(461) Concurrent Cleanup for Next Mark 0.697ms
[2023-11-15T23:36:24.817+0000][7][gc          ] GC(461) Concurrent Mark Cycle 121.792ms
[2023-11-15T23:36:34.817+0000][7][safepoint   ] Safepoint "Cleanup", Time since last: 10000871239 ns, Reaching safepoint: 128565 ns, At safepoint: 16404 ns, Total: 144969 ns
[2023-11-15T23:36:41.068+0000][7][gc,start    ] GC(462) Pause Young (Normal) (G1 Evacuation Pause)
[2023-11-15T23:36:41.068+0000][7][gc,task     ] GC(462) Using 8 workers of 8 for evacuation
[2023-11-15T23:36:41.068+0000][7][gc,age      ] GC(462) Desired survivor size 18874368 bytes, new threshold 15 (max threshold 15)
[2023-11-15T23:36:41.072+0000][7][gc,age      ] GC(462) Age table with threshold 15 (max threshold 15)
[2023-11-15T23:36:41.072+0000][7][gc,age      ] GC(462) - age   1:    1393280 bytes,    1393280 total
[2023-11-15T23:36:41.072+0000][7][gc,age      ] GC(462) - age   2:    2105592 bytes,    3498872 total
[2023-11-15T23:36:41.072+0000][7][gc,age      ] GC(462) - age   3:     305272 bytes,    3804144 total
[2023-11-15T23:36:41.072+0000][7][gc,age      ] GC(462) - age   4:    1079968 bytes,    4884112 total
[2023-11-15T23:36:41.072+0000][7][gc,age      ] GC(462) - age   5:     318696 bytes,    5202808 total
[2023-11-15T23:36:41.072+0000][7][gc,age      ] GC(462) - age   6:     200648 bytes,    5403456 total
[2023-11-15T23:36:41.072+0000][7][gc,age      ] GC(462) - age   7:     237808 bytes,    5641264 total
[2023-11-15T23:36:41.072+0000][7][gc,age      ] GC(462) - age   8:     622568 bytes,    6263832 total
[2023-11-15T23:36:41.072+0000][7][gc,age      ] GC(462) - age   9:     329000 bytes,    6592832 total
[2023-11-15T23:36:41.072+0000][7][gc,age      ] GC(462) - age  10:     267408 bytes,    6860240 total
[2023-11-15T23:36:41.072+0000][7][gc,age      ] GC(462) - age  11:     824256 bytes,    7684496 total
[2023-11-15T23:36:41.072+0000][7][gc,age      ] GC(462) - age  12:     237192 bytes,    7921688 total
[2023-11-15T23:36:41.072+0000][7][gc,age      ] GC(462) - age  13:      32856 bytes,    7954544 total
[2023-11-15T23:36:41.072+0000][7][gc,age      ] GC(462) - age  14:     249192 bytes,    8203736 total
[2023-11-15T23:36:41.072+0000][7][gc,age      ] GC(462) - age  15:     284888 bytes,    8488624 total
[2023-11-15T23:36:41.072+0000][7][gc,phases   ] GC(462)   Pre Evacuate Collection Set: 0.1ms
[2023-11-15T23:36:41.072+0000][7][gc,phases   ] GC(462)   Merge Heap Roots: 0.0ms
[2023-11-15T23:36:41.072+0000][7][gc,phases   ] GC(462)   Evacuate Collection Set: 4.0ms
[2023-11-15T23:36:41.072+0000][7][gc,phases   ] GC(462)   Post Evacuate Collection Set: 0.4ms
[2023-11-15T23:36:41.072+0000][7][gc,phases   ] GC(462)   Other: 0.3ms
[2023-11-15T23:36:41.072+0000][7][gc,heap     ] GC(462) Eden regions: 69->0(67)
[2023-11-15T23:36:41.072+0000][7][gc,heap     ] GC(462) Survivor regions: 2->3(9)
[2023-11-15T23:36:41.072+0000][7][gc,heap     ] GC(462) Old regions: 28->28
[2023-11-15T23:36:41.072+0000][7][gc,heap     ] GC(462) Archive regions: 2->2
[2023-11-15T23:36:41.072+0000][7][gc,heap     ] GC(462) Humongous regions: 5->5
[2023-11-15T23:36:41.072+0000][7][gc,metaspace] GC(462) Metaspace: 117663K(119232K)->117663K(119232K) NonClass: 102155K(103104K)->102155K(103104K) Class: 15507K(16128K)->15507K(16128K)
[2023-11-15T23:36:41.072+0000][7][gc          ] GC(462) Pause Young (Normal) (G1 Evacuation Pause) 418M->143M(512M) 4.888ms
[2023-11-15T23:36:41.073+0000][7][gc,cpu      ] GC(462) User=0.00s Sys=0.02s Real=0.00s
[2023-11-15T23:36:41.073+0000][7][safepoint   ] Safepoint "G1CollectForAllocation", Time since last: 6250746648 ns, Reaching safepoint: 33827 ns, At safepoint: 4954041 ns, Total: 4987868 ns
[2023-11-15T23:36:53.074+0000][7][safepoint   ] Safepoint "Cleanup", Time since last: 12001596748 ns, Reaching safepoint: 90840 ns, At safepoint: 8439 ns, Total: 99279 ns
[2023-11-15T23:36:58.985+0000][7][gc,start    ] GC(463) Pause Young (Concurrent Start) (G1 Evacuation Pause)
[2023-11-15T23:36:58.985+0000][7][gc,task     ] GC(463) Using 8 workers of 8 for evacuation
[2023-11-15T23:36:58.985+0000][7][gc,age      ] GC(463) Desired survivor size 18874368 bytes, new threshold 15 (max threshold 15)
[2023-11-15T23:36:58.999+0000][7][gc,age      ] GC(463) Age table with threshold 15 (max threshold 15)
[2023-11-15T23:36:58.999+0000][7][gc,age      ] GC(463) - age   1:    1726280 bytes,    1726280 total
[2023-11-15T23:36:58.999+0000][7][gc,age      ] GC(463) - age   2:     335640 bytes,    2061920 total
[2023-11-15T23:36:58.999+0000][7][gc,age      ] GC(463) - age   3:    2084168 bytes,    4146088 total
[2023-11-15T23:36:58.999+0000][7][gc,age      ] GC(463) - age   4:     203824 bytes,    4349912 total
[2023-11-15T23:36:58.999+0000][7][gc,age      ] GC(463) - age   5:    1079648 bytes,    5429560 total
[2023-11-15T23:36:58.999+0000][7][gc,age      ] GC(463) - age   6:     318568 bytes,    5748128 total
[2023-11-15T23:36:58.999+0000][7][gc,age      ] GC(463) - age   7:     200648 bytes,    5948776 total
[2023-11-15T23:36:58.999+0000][7][gc,age      ] GC(463) - age   8:     237808 bytes,    6186584 total
[2023-11-15T23:36:58.999+0000][7][gc,age      ] GC(463) - age   9:     622568 bytes,    6809152 total
[2023-11-15T23:36:58.999+0000][7][gc,age      ] GC(463) - age  10:     328968 bytes,    7138120 total
[2023-11-15T23:36:58.999+0000][7][gc,age      ] GC(463) - age  11:     267408 bytes,    7405528 total
[2023-11-15T23:36:58.999+0000][7][gc,age      ] GC(463) - age  12:     824256 bytes,    8229784 total
[2023-11-15T23:36:58.999+0000][7][gc,age      ] GC(463) - age  13:     237192 bytes,    8466976 total
[2023-11-15T23:36:58.999+0000][7][gc,age      ] GC(463) - age  14:      32856 bytes,    8499832 total
[2023-11-15T23:36:58.999+0000][7][gc,age      ] GC(463) - age  15:     249192 bytes,    8749024 total
[2023-11-15T23:36:58.999+0000][7][gc,phases   ] GC(463)   Pre Evacuate Collection Set: 0.3ms
[2023-11-15T23:36:58.999+0000][7][gc,phases   ] GC(463)   Merge Heap Roots: 0.1ms
[2023-11-15T23:36:58.999+0000][7][gc,phases   ] GC(463)   Evacuate Collection Set: 12.6ms
[2023-11-15T23:36:58.999+0000][7][gc,phases   ] GC(463)   Post Evacuate Collection Set: 1.1ms
[2023-11-15T23:36:58.999+0000][7][gc,phases   ] GC(463)   Other: 0.4ms
[2023-11-15T23:36:58.999+0000][7][gc,heap     ] GC(463) Eden regions: 67->0(67)
[2023-11-15T23:36:58.999+0000][7][gc,heap     ] GC(463) Survivor regions: 3->3(9)
[2023-11-15T23:36:58.999+0000][7][gc,heap     ] GC(463) Old regions: 28->28
[2023-11-15T23:36:58.999+0000][7][gc,heap     ] GC(463) Archive regions: 2->2
[2023-11-15T23:36:58.999+0000][7][gc,heap     ] GC(463) Humongous regions: 5->5
[2023-11-15T23:36:58.999+0000][7][gc,metaspace] GC(463) Metaspace: 117663K(119232K)->117663K(119232K) NonClass: 102155K(103104K)->102155K(103104K) Class: 15507K(16128K)->15507K(16128K)
[2023-11-15T23:36:58.999+0000][7][gc          ] GC(463) Pause Young (Concurrent Start) (G1 Evacuation Pause) 411M->143M(512M) 14.491ms
[2023-11-15T23:36:58.999+0000][7][gc,cpu      ] GC(463) User=0.03s Sys=0.00s Real=0.01s
[2023-11-15T23:36:58.999+0000][7][safepoint   ] Safepoint "G1CollectForAllocation", Time since last: 5910222882 ns, Reaching safepoint: 81880 ns, At safepoint: 14609896 ns, Total: 14691776 ns
[2023-11-15T23:36:58.999+0000][7][gc          ] GC(464) Concurrent Mark Cycle
[2023-11-15T23:36:58.999+0000][7][gc,marking  ] GC(464) Concurrent Clear Claimed Marks
[2023-11-15T23:36:58.999+0000][7][gc,marking  ] GC(464) Concurrent Clear Claimed Marks 0.191ms
[2023-11-15T23:36:58.999+0000][7][gc,marking  ] GC(464) Concurrent Scan Root Regions
[2023-11-15T23:36:59.003+0000][7][gc,marking  ] GC(464) Concurrent Scan Root Regions 3.969ms
[2023-11-15T23:36:59.003+0000][7][gc,marking  ] GC(464) Concurrent Mark
[2023-11-15T23:36:59.003+0000][7][gc,marking  ] GC(464) Concurrent Mark From Roots
[2023-11-15T23:36:59.003+0000][7][gc,task     ] GC(464) Using 2 workers of 2 for marking
[2023-11-15T23:36:59.114+0000][7][gc,marking  ] GC(464) Concurrent Mark From Roots 110.900ms
[2023-11-15T23:36:59.114+0000][7][gc,marking  ] GC(464) Concurrent Preclean
[2023-11-15T23:36:59.115+0000][7][gc,marking  ] GC(464) Concurrent Preclean 0.290ms
[2023-11-15T23:36:59.115+0000][7][gc,start    ] GC(464) Pause Remark
[2023-11-15T23:36:59.121+0000][7][gc          ] GC(464) Pause Remark 154M->154M(512M) 6.553ms
[2023-11-15T23:36:59.121+0000][7][gc,cpu      ] GC(464) User=0.05s Sys=0.00s Real=0.00s
[2023-11-15T23:36:59.121+0000][7][safepoint   ] Safepoint "G1Concurrent", Time since last: 115574210 ns, Reaching safepoint: 45032 ns, At safepoint: 6672615 ns, Total: 6717647 ns
[2023-11-15T23:36:59.121+0000][7][gc,marking  ] GC(464) Concurrent Mark 118.068ms
[2023-11-15T23:36:59.121+0000][7][gc,marking  ] GC(464) Concurrent Rebuild Remembered Sets
[2023-11-15T23:36:59.170+0000][7][gc,marking  ] GC(464) Concurrent Rebuild Remembered Sets 48.796ms
[2023-11-15T23:36:59.170+0000][7][gc,start    ] GC(464) Pause Cleanup
[2023-11-15T23:36:59.171+0000][7][gc          ] GC(464) Pause Cleanup 155M->155M(512M) 0.117ms
[2023-11-15T23:36:59.171+0000][7][gc,cpu      ] GC(464) User=0.00s Sys=0.00s Real=0.00s
[2023-11-15T23:36:59.171+0000][7][safepoint   ] Safepoint "G1Concurrent", Time since last: 48925565 ns, Reaching safepoint: 23204 ns, At safepoint: 166026 ns, Total: 189230 ns
[2023-11-15T23:36:59.171+0000][7][gc,marking  ] GC(464) Concurrent Cleanup for Next Mark
[2023-11-15T23:36:59.171+0000][7][gc,marking  ] GC(464) Concurrent Cleanup for Next Mark 0.543ms
[2023-11-15T23:36:59.171+0000][7][gc          ] GC(464) Concurrent Mark Cycle 171.963ms
[2023-11-15T23:37:08.172+0000][7][safepoint   ] Safepoint "Cleanup", Time since last: 9000859459 ns, Reaching safepoint: 100432 ns, At safepoint: 11278 ns, Total: 111710 ns
[2023-11-15T23:37:11.172+0000][7][safepoint   ] Safepoint "Cleanup", Time since last: 3000490973 ns, Reaching safepoint: 129144 ns, At safepoint: 11588 ns, Total: 140732 ns
[2023-11-15T23:37:13.978+0000][7][gc,start    ] GC(465) Pause Young (Normal) (G1 Evacuation Pause)
[2023-11-15T23:37:13.978+0000][7][gc,task     ] GC(465) Using 8 workers of 8 for evacuation
[2023-11-15T23:37:13.978+0000][7][gc,age      ] GC(465) Desired survivor size 18874368 bytes, new threshold 15 (max threshold 15)
[2023-11-15T23:37:13.982+0000][7][gc,age      ] GC(465) Age table with threshold 15 (max threshold 15)
[2023-11-15T23:37:13.982+0000][7][gc,age      ] GC(465) - age   1:    1633016 bytes,    1633016 total
[2023-11-15T23:37:13.982+0000][7][gc,age      ] GC(465) - age   2:     341984 bytes,    1975000 total
[2023-11-15T23:37:13.982+0000][7][gc,age      ] GC(465) - age   3:     279448 bytes,    2254448 total
[2023-11-15T23:37:13.982+0000][7][gc,age      ] GC(465) - age   4:    1980920 bytes,    4235368 total
[2023-11-15T23:37:13.982+0000][7][gc,age      ] GC(465) - age   5:     203344 bytes,    4438712 total
[2023-11-15T23:37:13.982+0000][7][gc,age      ] GC(465) - age   6:    1079584 bytes,    5518296 total
[2023-11-15T23:37:13.982+0000][7][gc,age      ] GC(465) - age   7:     318568 bytes,    5836864 total
[2023-11-15T23:37:13.982+0000][7][gc,age      ] GC(465) - age   8:     200552 bytes,    6037416 total
[2023-11-15T23:37:13.982+0000][7][gc,age      ] GC(465) - age   9:     237808 bytes,    6275224 total
[2023-11-15T23:37:13.982+0000][7][gc,age      ] GC(465) - age  10:     622480 bytes,    6897704 total
[2023-11-15T23:37:13.982+0000][7][gc,age      ] GC(465) - age  11:     328656 bytes,    7226360 total
[2023-11-15T23:37:13.982+0000][7][gc,age      ] GC(465) - age  12:     267408 bytes,    7493768 total
[2023-11-15T23:37:13.982+0000][7][gc,age      ] GC(465) - age  13:     824256 bytes,    8318024 total
[2023-11-15T23:37:13.982+0000][7][gc,age      ] GC(465) - age  14:     237192 bytes,    8555216 total
[2023-11-15T23:37:13.982+0000][7][gc,age      ] GC(465) - age  15:      32856 bytes,    8588072 total
[2023-11-15T23:37:13.982+0000][7][gc,phases   ] GC(465)   Pre Evacuate Collection Set: 0.1ms
[2023-11-15T23:37:13.982+0000][7][gc,phases   ] GC(465)   Merge Heap Roots: 0.1ms
[2023-11-15T23:37:13.982+0000][7][gc,phases   ] GC(465)   Evacuate Collection Set: 3.3ms
[2023-11-15T23:37:13.982+0000][7][gc,phases   ] GC(465)   Post Evacuate Collection Set: 0.8ms
[2023-11-15T23:37:13.982+0000][7][gc,phases   ] GC(465)   Other: 0.3ms
[2023-11-15T23:37:13.982+0000][7][gc,heap     ] GC(465) Eden regions: 67->0(67)
[2023-11-15T23:37:13.982+0000][7][gc,heap     ] GC(465) Survivor regions: 3->3(9)
[2023-11-15T23:37:13.982+0000][7][gc,heap     ] GC(465) Old regions: 28->28
[2023-11-15T23:37:13.982+0000][7][gc,heap     ] GC(465) Archive regions: 2->2
[2023-11-15T23:37:13.982+0000][7][gc,heap     ] GC(465) Humongous regions: 5->5
[2023-11-15T23:37:13.982+0000][7][gc,metaspace] GC(465) Metaspace: 117664K(119232K)->117664K(119232K) NonClass: 102157K(103104K)->102157K(103104K) Class: 15507K(16128K)->15507K(16128K)
[2023-11-15T23:37:13.982+0000][7][gc          ] GC(465) Pause Young (Normal) (G1 Evacuation Pause) 411M->144M(512M) 4.586ms
[2023-11-15T23:37:13.982+0000][7][gc,cpu      ] GC(465) User=0.03s Sys=0.01s Real=0.00s
[2023-11-15T23:37:13.982+0000][7][safepoint   ] Safepoint "G1CollectForAllocation", Time since last: 2805504241 ns, Reaching safepoint: 69709 ns, At safepoint: 4684700 ns, Total: 4754409 ns
[2023-11-15T23:37:29.525+0000][7][gc,start    ] GC(466) Pause Young (Concurrent Start) (G1 Evacuation Pause)
[2023-11-15T23:37:29.525+0000][7][gc,task     ] GC(466) Using 8 workers of 8 for evacuation
[2023-11-15T23:37:29.525+0000][7][gc,age      ] GC(466) Desired survivor size 18874368 bytes, new threshold 15 (max threshold 15)
[2023-11-15T23:37:29.529+0000][7][gc,age      ] GC(466) Age table with threshold 15 (max threshold 15)
[2023-11-15T23:37:29.529+0000][7][gc,age      ] GC(466) - age   1:    2814648 bytes,    2814648 total
[2023-11-15T23:37:29.529+0000][7][gc,age      ] GC(466) - age   2:     397640 bytes,    3212288 total
[2023-11-15T23:37:29.529+0000][7][gc,age      ] GC(466) - age   3:     252288 bytes,    3464576 total
[2023-11-15T23:37:29.529+0000][7][gc,age      ] GC(466) - age   4:     230784 bytes,    3695360 total
[2023-11-15T23:37:29.529+0000][7][gc,age      ] GC(466) - age   5:    1980632 bytes,    5675992 total
[2023-11-15T23:37:29.529+0000][7][gc,age      ] GC(466) - age   6:     203088 bytes,    5879080 total
[2023-11-15T23:37:29.529+0000][7][gc,age      ] GC(466) - age   7:     236376 bytes,    6115456 total
[2023-11-15T23:37:29.529+0000][7][gc,age      ] GC(466) - age   8:     316176 bytes,    6431632 total
[2023-11-15T23:37:29.529+0000][7][gc,age      ] GC(466) - age   9:     200552 bytes,    6632184 total
[2023-11-15T23:37:29.529+0000][7][gc,age      ] GC(466) - age  10:     237808 bytes,    6869992 total
[2023-11-15T23:37:29.529+0000][7][gc,age      ] GC(466) - age  11:     622480 bytes,    7492472 total
[2023-11-15T23:37:29.529+0000][7][gc,age      ] GC(466) - age  12:     328656 bytes,    7821128 total
[2023-11-15T23:37:29.529+0000][7][gc,age      ] GC(466) - age  13:     267408 bytes,    8088536 total
[2023-11-15T23:37:29.529+0000][7][gc,age      ] GC(466) - age  14:     824256 bytes,    8912792 total
[2023-11-15T23:37:29.529+0000][7][gc,age      ] GC(466) - age  15:     237192 bytes,    9149984 total
[2023-11-15T23:37:29.529+0000][7][gc,phases   ] GC(466)   Pre Evacuate Collection Set: 0.2ms
[2023-11-15T23:37:29.529+0000][7][gc,phases   ] GC(466)   Merge Heap Roots: 0.1ms
[2023-11-15T23:37:29.529+0000][7][gc,phases   ] GC(466)   Evacuate Collection Set: 3.3ms
[2023-11-15T23:37:29.529+0000][7][gc,phases   ] GC(466)   Post Evacuate Collection Set: 0.6ms
[2023-11-15T23:37:29.529+0000][7][gc,phases   ] GC(466)   Other: 0.3ms
[2023-11-15T23:37:29.529+0000][7][gc,heap     ] GC(466) Eden regions: 67->0(67)
[2023-11-15T23:37:29.529+0000][7][gc,heap     ] GC(466) Survivor regions: 3->3(9)
[2023-11-15T23:37:29.529+0000][7][gc,heap     ] GC(466) Old regions: 28->28
[2023-11-15T23:37:29.529+0000][7][gc,heap     ] GC(466) Archive regions: 2->2
[2023-11-15T23:37:29.529+0000][7][gc,heap     ] GC(466) Humongous regions: 5->5
[2023-11-15T23:37:29.529+0000][7][gc,metaspace] GC(466) Metaspace: 117664K(119232K)->117664K(119232K) NonClass: 102157K(103104K)->102157K(103104K) Class: 15507K(16128K)->15507K(16128K)
[2023-11-15T23:37:29.529+0000][7][gc          ] GC(466) Pause Young (Concurrent Start) (G1 Evacuation Pause) 412M->144M(512M) 4.560ms
[2023-11-15T23:37:29.529+0000][7][gc,cpu      ] GC(466) User=0.03s Sys=0.00s Real=0.00s
[2023-11-15T23:37:29.529+0000][7][safepoint   ] Safepoint "G1CollectForAllocation", Time since last: 15542274551 ns, Reaching safepoint: 124965 ns, At safepoint: 4666485 ns, Total: 4791450 ns
[2023-11-15T23:37:29.530+0000][7][gc          ] GC(467) Concurrent Mark Cycle
[2023-11-15T23:37:29.530+0000][7][gc,marking  ] GC(467) Concurrent Clear Claimed Marks
[2023-11-15T23:37:29.530+0000][7][gc,marking  ] GC(467) Concurrent Clear Claimed Marks 0.117ms
[2023-11-15T23:37:29.530+0000][7][gc,marking  ] GC(467) Concurrent Scan Root Regions
[2023-11-15T23:37:29.532+0000][7][gc,marking  ] GC(467) Concurrent Scan Root Regions 2.712ms
[2023-11-15T23:37:29.532+0000][7][gc,marking  ] GC(467) Concurrent Mark
[2023-11-15T23:37:29.532+0000][7][gc,marking  ] GC(467) Concurrent Mark From Roots
[2023-11-15T23:37:29.532+0000][7][gc,task     ] GC(467) Using 2 workers of 2 for marking
[2023-11-15T23:37:29.609+0000][7][gc,marking  ] GC(467) Concurrent Mark From Roots 76.606ms
[2023-11-15T23:37:29.609+0000][7][gc,marking  ] GC(467) Concurrent Preclean
[2023-11-15T23:37:29.609+0000][7][gc,marking  ] GC(467) Concurrent Preclean 0.162ms
[2023-11-15T23:37:29.609+0000][7][gc,start    ] GC(467) Pause Remark
[2023-11-15T23:37:29.615+0000][7][gc          ] GC(467) Pause Remark 155M->155M(512M) 5.763ms
[2023-11-15T23:37:29.615+0000][7][gc,cpu      ] GC(467) User=0.04s Sys=0.00s Real=0.01s
[2023-11-15T23:37:29.615+0000][7][safepoint   ] Safepoint "G1Concurrent", Time since last: 79790258 ns, Reaching safepoint: 112064 ns, At safepoint: 5884957 ns, Total: 5997021 ns
[2023-11-15T23:37:29.615+0000][7][gc,marking  ] GC(467) Concurrent Mark 82.888ms
[2023-11-15T23:37:29.615+0000][7][gc,marking  ] GC(467) Concurrent Rebuild Remembered Sets
[2023-11-15T23:37:29.648+0000][7][gc,marking  ] GC(467) Concurrent Rebuild Remembered Sets 32.622ms
[2023-11-15T23:37:29.648+0000][7][gc,start    ] GC(467) Pause Cleanup
[2023-11-15T23:37:29.648+0000][7][gc          ] GC(467) Pause Cleanup 155M->155M(512M) 0.098ms
[2023-11-15T23:37:29.648+0000][7][gc,cpu      ] GC(467) User=0.00s Sys=0.00s Real=0.00s
[2023-11-15T23:37:29.648+0000][7][safepoint   ] Safepoint "G1Concurrent", Time since last: 32721247 ns, Reaching safepoint: 28871 ns, At safepoint: 161858 ns, Total: 190729 ns
[2023-11-15T23:37:29.648+0000][7][gc,marking  ] GC(467) Concurrent Cleanup for Next Mark
[2023-11-15T23:37:29.649+0000][7][gc,marking  ] GC(467) Concurrent Cleanup for Next Mark 0.536ms
[2023-11-15T23:37:29.649+0000][7][gc          ] GC(467) Concurrent Mark Cycle 119.260ms
[2023-11-15T23:37:36.649+0000][7][safepoint   ] Safepoint "Cleanup", Time since last: 7000747907 ns, Reaching safepoint: 116072 ns, At safepoint: 18977 ns, Total: 135049 ns
[2023-11-15T23:37:39.650+0000][7][safepoint   ] Safepoint "Cleanup", Time since last: 3000457343 ns, Reaching safepoint: 99783 ns, At safepoint: 18069 ns, Total: 117852 ns
[2023-11-15T23:37:46.588+0000][7][gc,start    ] GC(468) Pause Young (Normal) (G1 Evacuation Pause)
[2023-11-15T23:37:46.588+0000][7][gc,task     ] GC(468) Using 8 workers of 8 for evacuation
[2023-11-15T23:37:46.588+0000][7][gc,age      ] GC(468) Desired survivor size 18874368 bytes, new threshold 15 (max threshold 15)
[2023-11-15T23:37:46.593+0000][7][gc,age      ] GC(468) Age table with threshold 15 (max threshold 15)
[2023-11-15T23:37:46.593+0000][7][gc,age      ] GC(468) - age   1:    1534488 bytes,    1534488 total
[2023-11-15T23:37:46.593+0000][7][gc,age      ] GC(468) - age   2:    1337576 bytes,    2872064 total
[2023-11-15T23:37:46.593+0000][7][gc,age      ] GC(468) - age   3:     236320 bytes,    3108384 total
[2023-11-15T23:37:46.593+0000][7][gc,age      ] GC(468) - age   4:     251456 bytes,    3359840 total
[2023-11-15T23:37:46.593+0000][7][gc,age      ] GC(468) - age   5:     230032 bytes,    3589872 total
[2023-11-15T23:37:46.593+0000][7][gc,age      ] GC(468) - age   6:    1978744 bytes,    5568616 total
[2023-11-15T23:37:46.593+0000][7][gc,age      ] GC(468) - age   7:     201320 bytes,    5769936 total
[2023-11-15T23:37:46.593+0000][7][gc,age      ] GC(468) - age   8:     236376 bytes,    6006312 total
[2023-11-15T23:37:46.593+0000][7][gc,age      ] GC(468) - age   9:     316176 bytes,    6322488 total
[2023-11-15T23:37:46.593+0000][7][gc,age      ] GC(468) - age  10:     200552 bytes,    6523040 total
[2023-11-15T23:37:46.593+0000][7][gc,age      ] GC(468) - age  11:     237808 bytes,    6760848 total
[2023-11-15T23:37:46.593+0000][7][gc,age      ] GC(468) - age  12:     622480 bytes,    7383328 total
[2023-11-15T23:37:46.593+0000][7][gc,age      ] GC(468) - age  13:     328656 bytes,    7711984 total
[2023-11-15T23:37:46.593+0000][7][gc,age      ] GC(468) - age  14:     267408 bytes,    7979392 total
[2023-11-15T23:37:46.593+0000][7][gc,age      ] GC(468) - age  15:     824256 bytes,    8803648 total
[2023-11-15T23:37:46.593+0000][7][gc,phases   ] GC(468)   Pre Evacuate Collection Set: 0.1ms
[2023-11-15T23:37:46.593+0000][7][gc,phases   ] GC(468)   Merge Heap Roots: 0.1ms
[2023-11-15T23:37:46.593+0000][7][gc,phases   ] GC(468)   Evacuate Collection Set: 4.0ms
[2023-11-15T23:37:46.593+0000][7][gc,phases   ] GC(468)   Post Evacuate Collection Set: 0.9ms
[2023-11-15T23:37:46.593+0000][7][gc,phases   ] GC(468)   Other: 0.4ms
[2023-11-15T23:37:46.593+0000][7][gc,heap     ] GC(468) Eden regions: 67->0(67)
[2023-11-15T23:37:46.593+0000][7][gc,heap     ] GC(468) Survivor regions: 3->3(9)
[2023-11-15T23:37:46.593+0000][7][gc,heap     ] GC(468) Old regions: 28->28
[2023-11-15T23:37:46.593+0000][7][gc,heap     ] GC(468) Archive regions: 2->2
[2023-11-15T23:37:46.593+0000][7][gc,heap     ] GC(468) Humongous regions: 5->5
[2023-11-15T23:37:46.593+0000][7][gc,metaspace] GC(468) Metaspace: 117664K(119232K)->117664K(119232K) NonClass: 102157K(103104K)->102157K(103104K) Class: 15507K(16128K)->15507K(16128K)
[2023-11-15T23:37:46.593+0000][7][gc          ] GC(468) Pause Young (Normal) (G1 Evacuation Pause) 412M->144M(512M) 5.587ms
[2023-11-15T23:37:46.593+0000][7][gc,cpu      ] GC(468) User=0.03s Sys=0.00s Real=0.00s
[2023-11-15T23:37:46.593+0000][7][safepoint   ] Safepoint "G1CollectForAllocation", Time since last: 6937786133 ns, Reaching safepoint: 63781 ns, At safepoint: 5738929 ns, Total: 5802710 ns
[2023-11-15T23:38:02.528+0000][7][gc,start    ] GC(469) Pause Young (Concurrent Start) (G1 Evacuation Pause)
[2023-11-15T23:38:02.528+0000][7][gc,task     ] GC(469) Using 8 workers of 8 for evacuation
[2023-11-15T23:38:02.528+0000][7][gc,age      ] GC(469) Desired survivor size 18874368 bytes, new threshold 15 (max threshold 15)
[2023-11-15T23:38:02.542+0000][7][gc,age      ] GC(469) Age table with threshold 15 (max threshold 15)
[2023-11-15T23:38:02.542+0000][7][gc,age      ] GC(469) - age   1:    3113960 bytes,    3113960 total
[2023-11-15T23:38:02.542+0000][7][gc,age      ] GC(469) - age   2:     224368 bytes,    3338328 total
[2023-11-15T23:38:02.542+0000][7][gc,age      ] GC(469) - age   3:    1335216 bytes,    4673544 total
[2023-11-15T23:38:02.542+0000][7][gc,age      ] GC(469) - age   4:     235376 bytes,    4908920 total
[2023-11-15T23:38:02.542+0000][7][gc,age      ] GC(469) - age   5:     251456 bytes,    5160376 total
[2023-11-15T23:38:02.542+0000][7][gc,age      ] GC(469) - age   6:     229968 bytes,    5390344 total
[2023-11-15T23:38:02.542+0000][7][gc,age      ] GC(469) - age   7:     800600 bytes,    6190944 total
[2023-11-15T23:38:02.542+0000][7][gc,age      ] GC(469) - age   8:     201320 bytes,    6392264 total
[2023-11-15T23:38:02.542+0000][7][gc,age      ] GC(469) - age   9:     236376 bytes,    6628640 total
[2023-11-15T23:38:02.542+0000][7][gc,age      ] GC(469) - age  10:     316112 bytes,    6944752 total
[2023-11-15T23:38:02.542+0000][7][gc,age      ] GC(469) - age  11:     200552 bytes,    7145304 total
[2023-11-15T23:38:02.542+0000][7][gc,age      ] GC(469) - age  12:     237808 bytes,    7383112 total
[2023-11-15T23:38:02.542+0000][7][gc,age      ] GC(469) - age  13:     622480 bytes,    8005592 total
[2023-11-15T23:38:02.542+0000][7][gc,age      ] GC(469) - age  14:     328656 bytes,    8334248 total
[2023-11-15T23:38:02.542+0000][7][gc,age      ] GC(469) - age  15:     267408 bytes,    8601656 total
[2023-11-15T23:38:02.542+0000][7][gc,phases   ] GC(469)   Pre Evacuate Collection Set: 0.2ms
[2023-11-15T23:38:02.542+0000][7][gc,phases   ] GC(469)   Merge Heap Roots: 0.1ms
[2023-11-15T23:38:02.542+0000][7][gc,phases   ] GC(469)   Evacuate Collection Set: 13.2ms
[2023-11-15T23:38:02.542+0000][7][gc,phases   ] GC(469)   Post Evacuate Collection Set: 0.8ms
[2023-11-15T23:38:02.542+0000][7][gc,phases   ] GC(469)   Other: 0.4ms
[2023-11-15T23:38:02.542+0000][7][gc,heap     ] GC(469) Eden regions: 67->0(66)
[2023-11-15T23:38:02.542+0000][7][gc,heap     ] GC(469) Survivor regions: 3->3(9)
[2023-11-15T23:38:02.542+0000][7][gc,heap     ] GC(469) Old regions: 28->29
[2023-11-15T23:38:02.542+0000][7][gc,heap     ] GC(469) Archive regions: 2->2
[2023-11-15T23:38:02.542+0000][7][gc,heap     ] GC(469) Humongous regions: 5->5
[2023-11-15T23:38:02.542+0000][7][gc,metaspace] GC(469) Metaspace: 117667K(119232K)->117667K(119232K) NonClass: 102158K(103104K)->102158K(103104K) Class: 15508K(16128K)->15508K(16128K)
[2023-11-15T23:38:02.542+0000][7][gc          ] GC(469) Pause Young (Concurrent Start) (G1 Evacuation Pause) 412M->145M(512M) 14.848ms
[2023-11-15T23:38:02.543+0000][7][gc,cpu      ] GC(469) User=0.02s Sys=0.01s Real=0.01s
[2023-11-15T23:38:02.543+0000][7][safepoint   ] Safepoint "G1CollectForAllocation", Time since last: 15934282159 ns, Reaching safepoint: 64894 ns, At safepoint: 15013700 ns, Total: 15078594 ns
[2023-11-15T23:38:02.543+0000][7][gc          ] GC(470) Concurrent Mark Cycle
[2023-11-15T23:38:02.543+0000][7][gc,marking  ] GC(470) Concurrent Clear Claimed Marks
[2023-11-15T23:38:02.543+0000][7][gc,marking  ] GC(470) Concurrent Clear Claimed Marks 0.121ms
[2023-11-15T23:38:02.543+0000][7][gc,marking  ] GC(470) Concurrent Scan Root Regions
[2023-11-15T23:38:02.547+0000][7][gc,marking  ] GC(470) Concurrent Scan Root Regions 4.350ms
[2023-11-15T23:38:02.547+0000][7][gc,marking  ] GC(470) Concurrent Mark
[2023-11-15T23:38:02.547+0000][7][gc,marking  ] GC(470) Concurrent Mark From Roots
[2023-11-15T23:38:02.547+0000][7][gc,task     ] GC(470) Using 2 workers of 2 for marking
[2023-11-15T23:38:02.614+0000][7][gc,marking  ] GC(470) Concurrent Mark From Roots 67.090ms
[2023-11-15T23:38:02.614+0000][7][gc,marking  ] GC(470) Concurrent Preclean
[2023-11-15T23:38:02.615+0000][7][gc,marking  ] GC(470) Concurrent Preclean 0.192ms
[2023-11-15T23:38:02.615+0000][7][gc,start    ] GC(470) Pause Remark
[2023-11-15T23:38:02.621+0000][7][gc          ] GC(470) Pause Remark 148M->148M(512M) 5.914ms
[2023-11-15T23:38:02.621+0000][7][gc,cpu      ] GC(470) User=0.04s Sys=0.01s Real=0.00s
[2023-11-15T23:38:02.621+0000][7][safepoint   ] Safepoint "G1Concurrent", Time since last: 71980353 ns, Reaching safepoint: 26512 ns, At safepoint: 6006920 ns, Total: 6033432 ns
[2023-11-15T23:38:02.621+0000][7][gc,marking  ] GC(470) Concurrent Mark 73.438ms
[2023-11-15T23:38:02.621+0000][7][gc,marking  ] GC(470) Concurrent Rebuild Remembered Sets
[2023-11-15T23:38:02.654+0000][7][gc,marking  ] GC(470) Concurrent Rebuild Remembered Sets 33.352ms
[2023-11-15T23:38:02.654+0000][7][gc,start    ] GC(470) Pause Cleanup
[2023-11-15T23:38:02.654+0000][7][gc          ] GC(470) Pause Cleanup 148M->148M(512M) 0.062ms
[2023-11-15T23:38:02.654+0000][7][gc,cpu      ] GC(470) User=0.00s Sys=0.00s Real=0.00s
[2023-11-15T23:38:02.654+0000][7][safepoint   ] Safepoint "G1Concurrent", Time since last: 33484448 ns, Reaching safepoint: 21488 ns, At safepoint: 120345 ns, Total: 141833 ns
[2023-11-15T23:38:02.654+0000][7][gc,marking  ] GC(470) Concurrent Cleanup for Next Mark
[2023-11-15T23:38:02.655+0000][7][gc,marking  ] GC(470) Concurrent Cleanup for Next Mark 0.414ms
[2023-11-15T23:38:02.655+0000][7][gc          ] GC(470) Concurrent Mark Cycle 112.077ms
[2023-11-15T23:38:12.656+0000][7][safepoint   ] Safepoint "Cleanup", Time since last: 10001234100 ns, Reaching safepoint: 95478 ns, At safepoint: 11031 ns, Total: 106509 ns
[2023-11-15T23:38:17.047+0000][7][gc,start    ] GC(471) Pause Young (Prepare Mixed) (G1 Evacuation Pause)
[2023-11-15T23:38:17.047+0000][7][gc,task     ] GC(471) Using 8 workers of 8 for evacuation
[2023-11-15T23:38:17.047+0000][7][gc,age      ] GC(471) Desired survivor size 18874368 bytes, new threshold 15 (max threshold 15)
[2023-11-15T23:38:17.051+0000][7][gc,age      ] GC(471) Age table with threshold 15 (max threshold 15)
[2023-11-15T23:38:17.051+0000][7][gc,age      ] GC(471) - age   1:    1879384 bytes,    1879384 total
[2023-11-15T23:38:17.051+0000][7][gc,age      ] GC(471) - age   2:    1700008 bytes,    3579392 total
[2023-11-15T23:38:17.051+0000][7][gc,age      ] GC(471) - age   3:     208776 bytes,    3788168 total
[2023-11-15T23:38:17.051+0000][7][gc,age      ] GC(471) - age   4:    1187928 bytes,    4976096 total
[2023-11-15T23:38:17.051+0000][7][gc,age      ] GC(471) - age   5:     234936 bytes,    5211032 total
[2023-11-15T23:38:17.051+0000][7][gc,age      ] GC(471) - age   6:     251456 bytes,    5462488 total
[2023-11-15T23:38:17.051+0000][7][gc,age      ] GC(471) - age   7:     229968 bytes,    5692456 total
[2023-11-15T23:38:17.051+0000][7][gc,age      ] GC(471) - age   8:     800600 bytes,    6493056 total
[2023-11-15T23:38:17.051+0000][7][gc,age      ] GC(471) - age   9:     201232 bytes,    6694288 total
[2023-11-15T23:38:17.051+0000][7][gc,age      ] GC(471) - age  10:     236376 bytes,    6930664 total
[2023-11-15T23:38:17.051+0000][7][gc,age      ] GC(471) - age  11:     316112 bytes,    7246776 total
[2023-11-15T23:38:17.051+0000][7][gc,age      ] GC(471) - age  12:     200552 bytes,    7447328 total
[2023-11-15T23:38:17.051+0000][7][gc,age      ] GC(471) - age  13:     237808 bytes,    7685136 total
[2023-11-15T23:38:17.051+0000][7][gc,age      ] GC(471) - age  14:     622480 bytes,    8307616 total
[2023-11-15T23:38:17.051+0000][7][gc,age      ] GC(471) - age  15:     328656 bytes,    8636272 total
[2023-11-15T23:38:17.051+0000][7][gc,phases   ] GC(471)   Pre Evacuate Collection Set: 0.1ms
[2023-11-15T23:38:17.051+0000][7][gc,phases   ] GC(471)   Merge Heap Roots: 0.1ms
[2023-11-15T23:38:17.051+0000][7][gc,phases   ] GC(471)   Evacuate Collection Set: 2.8ms
[2023-11-15T23:38:17.051+0000][7][gc,phases   ] GC(471)   Post Evacuate Collection Set: 0.5ms
[2023-11-15T23:38:17.051+0000][7][gc,phases   ] GC(471)   Other: 0.2ms
[2023-11-15T23:38:17.051+0000][7][gc,heap     ] GC(471) Eden regions: 66->0(3)
[2023-11-15T23:38:17.051+0000][7][gc,heap     ] GC(471) Survivor regions: 3->3(9)
[2023-11-15T23:38:17.051+0000][7][gc,heap     ] GC(471) Old regions: 29->29
[2023-11-15T23:38:17.051+0000][7][gc,heap     ] GC(471) Archive regions: 2->2
[2023-11-15T23:38:17.051+0000][7][gc,heap     ] GC(471) Humongous regions: 5->5
[2023-11-15T23:38:17.051+0000][7][gc,metaspace] GC(471) Metaspace: 117667K(119232K)->117667K(119232K) NonClass: 102158K(103104K)->102158K(103104K) Class: 15508K(16128K)->15508K(16128K)
[2023-11-15T23:38:17.051+0000][7][gc          ] GC(471) Pause Young (Prepare Mixed) (G1 Evacuation Pause) 409M->145M(512M) 3.730ms
[2023-11-15T23:38:17.051+0000][7][gc,cpu      ] GC(471) User=0.03s Sys=0.00s Real=0.00s
[2023-11-15T23:38:17.051+0000][7][safepoint   ] Safepoint "G1CollectForAllocation", Time since last: 4391436748 ns, Reaching safepoint: 28656 ns, At safepoint: 3813808 ns, Total: 3842464 ns
[2023-11-15T23:38:17.381+0000][7][gc,start    ] GC(472) Pause Young (Mixed) (G1 Evacuation Pause)
[2023-11-15T23:38:17.381+0000][7][gc,task     ] GC(472) Using 8 workers of 8 for evacuation
[2023-11-15T23:38:17.381+0000][7][gc,age      ] GC(472) Desired survivor size 2097152 bytes, new threshold 2 (max threshold 15)
[2023-11-15T23:38:17.392+0000][7][gc,age      ] GC(472) Age table with threshold 2 (max threshold 15)
[2023-11-15T23:38:17.392+0000][7][gc,age      ] GC(472) - age   1:     483032 bytes,     483032 total
[2023-11-15T23:38:17.392+0000][7][gc,age      ] GC(472) - age   2:    1431576 bytes,    1914608 total
[2023-11-15T23:38:17.392+0000][7][gc,phases   ] GC(472)   Pre Evacuate Collection Set: 0.1ms
[2023-11-15T23:38:17.392+0000][7][gc,phases   ] GC(472)   Merge Heap Roots: 0.0ms
[2023-11-15T23:38:17.392+0000][7][gc,phases   ] GC(472)   Evacuate Collection Set: 10.6ms
[2023-11-15T23:38:17.392+0000][7][gc,phases   ] GC(472)   Post Evacuate Collection Set: 0.5ms
[2023-11-15T23:38:17.392+0000][7][gc,phases   ] GC(472)   Other: 0.2ms
[2023-11-15T23:38:17.392+0000][7][gc,heap     ] GC(472) Eden regions: 3->0(67)
[2023-11-15T23:38:17.392+0000][7][gc,heap     ] GC(472) Survivor regions: 3->1(1)
[2023-11-15T23:38:17.392+0000][7][gc,heap     ] GC(472) Old regions: 29->30
[2023-11-15T23:38:17.392+0000][7][gc,heap     ] GC(472) Archive regions: 2->2
[2023-11-15T23:38:17.392+0000][7][gc,heap     ] GC(472) Humongous regions: 5->5
[2023-11-15T23:38:17.392+0000][7][gc,metaspace] GC(472) Metaspace: 117667K(119232K)->117667K(119232K) NonClass: 102158K(103104K)->102158K(103104K) Class: 15508K(16128K)->15508K(16128K)
[2023-11-15T23:38:17.392+0000][7][gc          ] GC(472) Pause Young (Mixed) (G1 Evacuation Pause) 157M->143M(512M) 11.433ms
[2023-11-15T23:38:17.392+0000][7][gc,cpu      ] GC(472) User=0.03s Sys=0.00s Real=0.01s
[2023-11-15T23:38:17.392+0000][7][safepoint   ] Safepoint "G1CollectForAllocation", Time since last: 329680143 ns, Reaching safepoint: 78293 ns, At safepoint: 11531155 ns, Total: 11609448 ns
[2023-11-15T23:38:34.999+0000][7][gc,start    ] GC(473) Pause Young (Normal) (G1 Evacuation Pause)
[2023-11-15T23:38:34.999+0000][7][gc,task     ] GC(473) Using 8 workers of 8 for evacuation
[2023-11-15T23:38:34.999+0000][7][gc,age      ] GC(473) Desired survivor size 18874368 bytes, new threshold 15 (max threshold 15)
[2023-11-15T23:38:35.001+0000][7][gc,age      ] GC(473) Age table with threshold 15 (max threshold 15)
[2023-11-15T23:38:35.001+0000][7][gc,age      ] GC(473) - age   1:    1759584 bytes,    1759584 total
[2023-11-15T23:38:35.001+0000][7][gc,age      ] GC(473) - age   2:      46360 bytes,    1805944 total
[2023-11-15T23:38:35.001+0000][7][gc,age      ] GC(473) - age   3:     227928 bytes,    2033872 total
[2023-11-15T23:38:35.001+0000][7][gc,phases   ] GC(473)   Pre Evacuate Collection Set: 0.1ms
[2023-11-15T23:38:35.001+0000][7][gc,phases   ] GC(473)   Merge Heap Roots: 0.0ms
[2023-11-15T23:38:35.001+0000][7][gc,phases   ] GC(473)   Evacuate Collection Set: 1.1ms
[2023-11-15T23:38:35.001+0000][7][gc,phases   ] GC(473)   Post Evacuate Collection Set: 0.4ms
[2023-11-15T23:38:35.001+0000][7][gc,phases   ] GC(473)   Other: 0.2ms
[2023-11-15T23:38:35.001+0000][7][gc,heap     ] GC(473) Eden regions: 67->0(68)
[2023-11-15T23:38:35.001+0000][7][gc,heap     ] GC(473) Survivor regions: 1->1(9)
[2023-11-15T23:38:35.001+0000][7][gc,heap     ] GC(473) Old regions: 30->30
[2023-11-15T23:38:35.001+0000][7][gc,heap     ] GC(473) Archive regions: 2->2
[2023-11-15T23:38:35.001+0000][7][gc,heap     ] GC(473) Humongous regions: 5->5
[2023-11-15T23:38:35.001+0000][7][gc,metaspace] GC(473) Metaspace: 117667K(119232K)->117667K(119232K) NonClass: 102158K(103104K)->102158K(103104K) Class: 15508K(16128K)->15508K(16128K)
[2023-11-15T23:38:35.001+0000][7][gc          ] GC(473) Pause Young (Normal) (G1 Evacuation Pause) 411M->143M(512M) 1.871ms
[2023-11-15T23:38:35.001+0000][7][gc,cpu      ] GC(473) User=0.00s Sys=0.00s Real=0.00s
[2023-11-15T23:38:35.001+0000][7][safepoint   ] Safepoint "G1CollectForAllocation", Time since last: 17606957800 ns, Reaching safepoint: 42992 ns, At safepoint: 1971563 ns, Total: 2014555 ns
[2023-11-15T23:38:51.042+0000][7][gc,start    ] GC(474) Pause Young (Normal) (G1 Evacuation Pause)
[2023-11-15T23:38:51.043+0000][7][gc,task     ] GC(474) Using 8 workers of 8 for evacuation
[2023-11-15T23:38:51.043+0000][7][gc,age      ] GC(474) Desired survivor size 18874368 bytes, new threshold 15 (max threshold 15)
[2023-11-15T23:38:51.046+0000][7][gc,age      ] GC(474) Age table with threshold 15 (max threshold 15)
[2023-11-15T23:38:51.047+0000][7][gc,age      ] GC(474) - age   1:    1509632 bytes,    1509632 total
[2023-11-15T23:38:51.047+0000][7][gc,age      ] GC(474) - age   2:     423224 bytes,    1932856 total
[2023-11-15T23:38:51.047+0000][7][gc,age      ] GC(474) - age   3:         64 bytes,    1932920 total
[2023-11-15T23:38:51.047+0000][7][gc,age      ] GC(474) - age   4:     210904 bytes,    2143824 total
[2023-11-15T23:38:51.047+0000][7][gc,phases   ] GC(474)   Pre Evacuate Collection Set: 0.1ms
[2023-11-15T23:38:51.047+0000][7][gc,phases   ] GC(474)   Merge Heap Roots: 0.1ms
[2023-11-15T23:38:51.047+0000][7][gc,phases   ] GC(474)   Evacuate Collection Set: 2.5ms
[2023-11-15T23:38:51.047+0000][7][gc,phases   ] GC(474)   Post Evacuate Collection Set: 1.1ms
[2023-11-15T23:38:51.047+0000][7][gc,phases   ] GC(474)   Other: 0.4ms
[2023-11-15T23:38:51.047+0000][7][gc,heap     ] GC(474) Eden regions: 68->0(68)
[2023-11-15T23:38:51.047+0000][7][gc,heap     ] GC(474) Survivor regions: 1->1(9)
[2023-11-15T23:38:51.047+0000][7][gc,heap     ] GC(474) Old regions: 30->30
[2023-11-15T23:38:51.047+0000][7][gc,heap     ] GC(474) Archive regions: 2->2
[2023-11-15T23:38:51.047+0000][7][gc,heap     ] GC(474) Humongous regions: 5->5
[2023-11-15T23:38:51.047+0000][7][gc,metaspace] GC(474) Metaspace: 117667K(119232K)->117667K(119232K) NonClass: 102158K(103104K)->102158K(103104K) Class: 15508K(16128K)->15508K(16128K)
[2023-11-15T23:38:51.047+0000][7][gc          ] GC(474) Pause Young (Normal) (G1 Evacuation Pause) 415M->143M(512M) 4.332ms
[2023-11-15T23:38:51.047+0000][7][gc,cpu      ] GC(474) User=0.02s Sys=0.00s Real=0.01s
[2023-11-15T23:38:51.047+0000][7][safepoint   ] Safepoint "G1CollectForAllocation", Time since last: 16041198781 ns, Reaching safepoint: 66378 ns, At safepoint: 4488351 ns, Total: 4554729 ns
[2023-11-15T23:39:08.037+0000][7][gc,start    ] GC(475) Pause Young (Concurrent Start) (G1 Evacuation Pause)
[2023-11-15T23:39:08.037+0000][7][gc,task     ] GC(475) Using 8 workers of 8 for evacuation
[2023-11-15T23:39:08.037+0000][7][gc,age      ] GC(475) Desired survivor size 18874368 bytes, new threshold 15 (max threshold 15)
[2023-11-15T23:39:08.042+0000][7][gc,age      ] GC(475) Age table with threshold 15 (max threshold 15)
[2023-11-15T23:39:08.042+0000][7][gc,age      ] GC(475) - age   1:    2423728 bytes,    2423728 total
[2023-11-15T23:39:08.042+0000][7][gc,age      ] GC(475) - age   2:     444960 bytes,    2868688 total
[2023-11-15T23:39:08.042+0000][7][gc,age      ] GC(475) - age   3:     422136 bytes,    3290824 total
[2023-11-15T23:39:08.042+0000][7][gc,age      ] GC(475) - age   5:     209456 bytes,    3500280 total
[2023-11-15T23:39:08.042+0000][7][gc,phases   ] GC(475)   Pre Evacuate Collection Set: 0.3ms
[2023-11-15T23:39:08.042+0000][7][gc,phases   ] GC(475)   Merge Heap Roots: 0.1ms
[2023-11-15T23:39:08.042+0000][7][gc,phases   ] GC(475)   Evacuate Collection Set: 3.5ms
[2023-11-15T23:39:08.042+0000][7][gc,phases   ] GC(475)   Post Evacuate Collection Set: 1.2ms
[2023-11-15T23:39:08.042+0000][7][gc,phases   ] GC(475)   Other: 0.4ms
[2023-11-15T23:39:08.042+0000][7][gc,heap     ] GC(475) Eden regions: 68->0(68)
[2023-11-15T23:39:08.042+0000][7][gc,heap     ] GC(475) Survivor regions: 1->1(9)
[2023-11-15T23:39:08.042+0000][7][gc,heap     ] GC(475) Old regions: 30->30
[2023-11-15T23:39:08.042+0000][7][gc,heap     ] GC(475) Archive regions: 2->2
[2023-11-15T23:39:08.042+0000][7][gc,heap     ] GC(475) Humongous regions: 5->5
[2023-11-15T23:39:08.042+0000][7][gc,metaspace] GC(475) Metaspace: 117667K(119232K)->117667K(119232K) NonClass: 102158K(103104K)->102158K(103104K) Class: 15508K(16128K)->15508K(16128K)
[2023-11-15T23:39:08.042+0000][7][gc          ] GC(475) Pause Young (Concurrent Start) (G1 Evacuation Pause) 415M->144M(512M) 5.505ms
[2023-11-15T23:39:08.042+0000][7][gc,cpu      ] GC(475) User=0.02s Sys=0.00s Real=0.00s
[2023-11-15T23:39:08.042+0000][7][safepoint   ] Safepoint "G1CollectForAllocation", Time since last: 16989562962 ns, Reaching safepoint: 105285 ns, At safepoint: 5660615 ns, Total: 5765900 ns
[2023-11-15T23:39:08.042+0000][7][gc          ] GC(476) Concurrent Mark Cycle
[2023-11-15T23:39:08.042+0000][7][gc,marking  ] GC(476) Concurrent Clear Claimed Marks
[2023-11-15T23:39:08.042+0000][7][gc,marking  ] GC(476) Concurrent Clear Claimed Marks 0.157ms
[2023-11-15T23:39:08.042+0000][7][gc,marking  ] GC(476) Concurrent Scan Root Regions
[2023-11-15T23:39:08.048+0000][7][gc,marking  ] GC(476) Concurrent Scan Root Regions 5.473ms
[2023-11-15T23:39:08.048+0000][7][gc,marking  ] GC(476) Concurrent Mark
[2023-11-15T23:39:08.048+0000][7][gc,marking  ] GC(476) Concurrent Mark From Roots
[2023-11-15T23:39:08.048+0000][7][gc,task     ] GC(476) Using 2 workers of 2 for marking
[2023-11-15T23:39:08.118+0000][7][gc,marking  ] GC(476) Concurrent Mark From Roots 69.735ms
[2023-11-15T23:39:08.118+0000][7][gc,marking  ] GC(476) Concurrent Preclean
[2023-11-15T23:39:08.118+0000][7][gc,marking  ] GC(476) Concurrent Preclean 0.157ms
[2023-11-15T23:39:08.118+0000][7][gc,start    ] GC(476) Pause Remark
[2023-11-15T23:39:08.123+0000][7][gc          ] GC(476) Pause Remark 147M->147M(512M) 5.340ms
[2023-11-15T23:39:08.123+0000][7][gc,cpu      ] GC(476) User=0.04s Sys=0.00s Real=0.00s
[2023-11-15T23:39:08.123+0000][7][safepoint   ] Safepoint "G1Concurrent", Time since last: 75821880 ns, Reaching safepoint: 25767 ns, At safepoint: 5447640 ns, Total: 5473407 ns
[2023-11-15T23:39:08.124+0000][7][gc,marking  ] GC(476) Concurrent Mark 75.506ms
[2023-11-15T23:39:08.124+0000][7][gc,marking  ] GC(476) Concurrent Rebuild Remembered Sets
[2023-11-15T23:39:08.156+0000][7][gc,marking  ] GC(476) Concurrent Rebuild Remembered Sets 31.983ms
[2023-11-15T23:39:08.156+0000][7][gc,start    ] GC(476) Pause Cleanup
[2023-11-15T23:39:08.156+0000][7][gc          ] GC(476) Pause Cleanup 147M->147M(512M) 0.077ms
[2023-11-15T23:39:08.156+0000][7][gc,cpu      ] GC(476) User=0.00s Sys=0.00s Real=0.00s
[2023-11-15T23:39:08.156+0000][7][safepoint   ] Safepoint "G1Concurrent", Time since last: 32150132 ns, Reaching safepoint: 47932 ns, At safepoint: 131795 ns, Total: 179727 ns
[2023-11-15T23:39:08.156+0000][7][gc,marking  ] GC(476) Concurrent Cleanup for Next Mark
[2023-11-15T23:39:08.156+0000][7][gc,marking  ] GC(476) Concurrent Cleanup for Next Mark 0.401ms
[2023-11-15T23:39:08.156+0000][7][gc          ] GC(476) Concurrent Mark Cycle 114.014ms
[2023-11-15T23:39:13.156+0000][7][safepoint   ] Safepoint "Cleanup", Time since last: 5000458088 ns, Reaching safepoint: 149410 ns, At safepoint: 21268 ns, Total: 170678 ns
[2023-11-15T23:39:17.157+0000][7][safepoint   ] Safepoint "Cleanup", Time since last: 4000388477 ns, Reaching safepoint: 33437 ns, At safepoint: 3942 ns, Total: 37379 ns
[2023-11-15T23:39:24.094+0000][7][gc,start    ] GC(477) Pause Young (Prepare Mixed) (G1 Evacuation Pause)
[2023-11-15T23:39:24.094+0000][7][gc,task     ] GC(477) Using 8 workers of 8 for evacuation
[2023-11-15T23:39:24.094+0000][7][gc,age      ] GC(477) Desired survivor size 18874368 bytes, new threshold 15 (max threshold 15)
[2023-11-15T23:39:24.099+0000][7][gc,age      ] GC(477) Age table with threshold 15 (max threshold 15)
[2023-11-15T23:39:24.099+0000][7][gc,age      ] GC(477) - age   1:    1612920 bytes,    1612920 total
[2023-11-15T23:39:24.099+0000][7][gc,age      ] GC(477) - age   2:    1494848 bytes,    3107768 total
[2023-11-15T23:39:24.099+0000][7][gc,age      ] GC(477) - age   3:     269384 bytes,    3377152 total
[2023-11-15T23:39:24.099+0000][7][gc,age      ] GC(477) - age   4:     421656 bytes,    3798808 total
[2023-11-15T23:39:24.099+0000][7][gc,age      ] GC(477) - age   6:     209152 bytes,    4007960 total
[2023-11-15T23:39:24.099+0000][7][gc,phases   ] GC(477)   Pre Evacuate Collection Set: 0.2ms
[2023-11-15T23:39:24.099+0000][7][gc,phases   ] GC(477)   Merge Heap Roots: 0.1ms
[2023-11-15T23:39:24.099+0000][7][gc,phases   ] GC(477)   Evacuate Collection Set: 3.5ms
[2023-11-15T23:39:24.099+0000][7][gc,phases   ] GC(477)   Post Evacuate Collection Set: 1.0ms
[2023-11-15T23:39:24.099+0000][7][gc,phases   ] GC(477)   Other: 0.4ms
[2023-11-15T23:39:24.099+0000][7][gc,heap     ] GC(477) Eden regions: 68->0(5)
[2023-11-15T23:39:24.099+0000][7][gc,heap     ] GC(477) Survivor regions: 1->1(9)
[2023-11-15T23:39:24.099+0000][7][gc,heap     ] GC(477) Old regions: 30->30
[2023-11-15T23:39:24.099+0000][7][gc,heap     ] GC(477) Archive regions: 2->2
[2023-11-15T23:39:24.099+0000][7][gc,heap     ] GC(477) Humongous regions: 5->5
[2023-11-15T23:39:24.099+0000][7][gc,metaspace] GC(477) Metaspace: 117667K(119232K)->117667K(119232K) NonClass: 102158K(103104K)->102158K(103104K) Class: 15508K(16128K)->15508K(16128K)
[2023-11-15T23:39:24.099+0000][7][gc          ] GC(477) Pause Young (Prepare Mixed) (G1 Evacuation Pause) 416M->145M(512M) 5.313ms
[2023-11-15T23:39:24.099+0000][7][gc,cpu      ] GC(477) User=0.02s Sys=0.00s Real=0.01s
[2023-11-15T23:39:24.099+0000][7][safepoint   ] Safepoint "G1CollectForAllocation", Time since last: 6936976658 ns, Reaching safepoint: 96878 ns, At safepoint: 5471025 ns, Total: 5567903 ns
[2023-11-15T23:39:25.281+0000][7][gc,start    ] GC(478) Pause Young (Mixed) (G1 Evacuation Pause)
[2023-11-15T23:39:25.281+0000][7][gc,task     ] GC(478) Using 8 workers of 8 for evacuation
[2023-11-15T23:39:25.281+0000][7][gc,age      ] GC(478) Desired survivor size 2097152 bytes, new threshold 2 (max threshold 15)
[2023-11-15T23:39:25.303+0000][7][gc,age      ] GC(478) Age table with threshold 2 (max threshold 15)
[2023-11-15T23:39:25.303+0000][7][gc,age      ] GC(478) - age   1:     277736 bytes,     277736 total
[2023-11-15T23:39:25.303+0000][7][gc,age      ] GC(478) - age   2:    1170008 bytes,    1447744 total
[2023-11-15T23:39:25.303+0000][7][gc,phases   ] GC(478)   Pre Evacuate Collection Set: 0.2ms
[2023-11-15T23:39:25.303+0000][7][gc,phases   ] GC(478)   Merge Heap Roots: 0.2ms
[2023-11-15T23:39:25.303+0000][7][gc,phases   ] GC(478)   Evacuate Collection Set: 19.9ms
[2023-11-15T23:39:25.303+0000][7][gc,phases   ] GC(478)   Post Evacuate Collection Set: 1.1ms
[2023-11-15T23:39:25.303+0000][7][gc,phases   ] GC(478)   Other: 0.3ms
[2023-11-15T23:39:25.303+0000][7][gc,heap     ] GC(478) Eden regions: 5->0(68)
[2023-11-15T23:39:25.303+0000][7][gc,heap     ] GC(478) Survivor regions: 1->1(1)
[2023-11-15T23:39:25.303+0000][7][gc,heap     ] GC(478) Old regions: 30->30
[2023-11-15T23:39:25.303+0000][7][gc,heap     ] GC(478) Archive regions: 2->2
[2023-11-15T23:39:25.303+0000][7][gc,heap     ] GC(478) Humongous regions: 5->5
[2023-11-15T23:39:25.303+0000][7][gc,metaspace] GC(478) Metaspace: 117667K(119232K)->117667K(119232K) NonClass: 102158K(103104K)->102158K(103104K) Class: 15508K(16128K)->15508K(16128K)
[2023-11-15T23:39:25.303+0000][7][gc          ] GC(478) Pause Young (Mixed) (G1 Evacuation Pause) 165M->142M(512M) 21.735ms
[2023-11-15T23:39:25.303+0000][7][gc,cpu      ] GC(478) User=0.04s Sys=0.01s Real=0.02s
[2023-11-15T23:39:25.303+0000][7][safepoint   ] Safepoint "G1CollectForAllocation", Time since last: 1181529091 ns, Reaching safepoint: 113496 ns, At safepoint: 21892876 ns, Total: 22006372 ns
[2023-11-15T23:39:26.303+0000][7][safepoint   ] Safepoint "Cleanup", Time since last: 1000177284 ns, Reaching safepoint: 124493 ns, At safepoint: 72312 ns, Total: 196805 ns
[2023-11-15T23:39:41.016+0000][7][gc,start    ] GC(479) Pause Young (Normal) (G1 Evacuation Pause)
[2023-11-15T23:39:41.016+0000][7][gc,task     ] GC(479) Using 8 workers of 8 for evacuation
[2023-11-15T23:39:41.016+0000][7][gc,age      ] GC(479) Desired survivor size 18874368 bytes, new threshold 15 (max threshold 15)
[2023-11-15T23:39:41.018+0000][7][gc,age      ] GC(479) Age table with threshold 15 (max threshold 15)
[2023-11-15T23:39:41.018+0000][7][gc,age      ] GC(479) - age   1:    2962816 bytes,    2962816 total
[2023-11-15T23:39:41.018+0000][7][gc,age      ] GC(479) - age   2:        184 bytes,    2963000 total
[2023-11-15T23:39:41.018+0000][7][gc,age      ] GC(479) - age   3:     423136 bytes,    3386136 total
[2023-11-15T23:39:41.018+0000][7][gc,phases   ] GC(479)   Pre Evacuate Collection Set: 0.1ms
[2023-11-15T23:39:41.018+0000][7][gc,phases   ] GC(479)   Merge Heap Roots: 0.0ms
[2023-11-15T23:39:41.018+0000][7][gc,phases   ] GC(479)   Evacuate Collection Set: 1.2ms
[2023-11-15T23:39:41.018+0000][7][gc,phases   ] GC(479)   Post Evacuate Collection Set: 0.4ms
[2023-11-15T23:39:41.018+0000][7][gc,phases   ] GC(479)   Other: 0.1ms
[2023-11-15T23:39:41.018+0000][7][gc,heap     ] GC(479) Eden regions: 68->0(67)
[2023-11-15T23:39:41.018+0000][7][gc,heap     ] GC(479) Survivor regions: 1->1(9)
[2023-11-15T23:39:41.018+0000][7][gc,heap     ] GC(479) Old regions: 30->30
[2023-11-15T23:39:41.018+0000][7][gc,heap     ] GC(479) Archive regions: 2->2
[2023-11-15T23:39:41.018+0000][7][gc,heap     ] GC(479) Humongous regions: 5->5
[2023-11-15T23:39:41.018+0000][7][gc,metaspace] GC(479) Metaspace: 117667K(119232K)->117667K(119232K) NonClass: 102158K(103104K)->102158K(103104K) Class: 15508K(16128K)->15508K(16128K)
[2023-11-15T23:39:41.018+0000][7][gc          ] GC(479) Pause Young (Normal) (G1 Evacuation Pause) 414M->144M(512M) 1.904ms
[2023-11-15T23:39:41.018+0000][7][gc,cpu      ] GC(479) User=0.02s Sys=0.00s Real=0.00s
[2023-11-15T23:39:41.018+0000][7][safepoint   ] Safepoint "G1CollectForAllocation", Time since last: 14712754671 ns, Reaching safepoint: 34872 ns, At safepoint: 1966109 ns, Total: 2000981 ns
[2023-11-15T23:39:42.018+0000][7][safepoint   ] Safepoint "Cleanup", Time since last: 1000093656 ns, Reaching safepoint: 94360 ns, At safepoint: 41144 ns, Total: 135504 ns
[2023-11-15T23:39:59.276+0000][7][gc,start    ] GC(480) Pause Young (Normal) (G1 Evacuation Pause)
[2023-11-15T23:39:59.276+0000][7][gc,task     ] GC(480) Using 8 workers of 8 for evacuation
[2023-11-15T23:39:59.276+0000][7][gc,age      ] GC(480) Desired survivor size 18874368 bytes, new threshold 15 (max threshold 15)
[2023-11-15T23:39:59.281+0000][7][gc,age      ] GC(480) Age table with threshold 15 (max threshold 15)
[2023-11-15T23:39:59.281+0000][7][gc,age      ] GC(480) - age   1:    3291120 bytes,    3291120 total
[2023-11-15T23:39:59.281+0000][7][gc,age      ] GC(480) - age   2:    1289432 bytes,    4580552 total
[2023-11-15T23:39:59.281+0000][7][gc,age      ] GC(480) - age   3:        184 bytes,    4580736 total
[2023-11-15T23:39:59.281+0000][7][gc,age      ] GC(480) - age   4:     422144 bytes,    5002880 total
[2023-11-15T23:39:59.281+0000][7][gc,phases   ] GC(480)   Pre Evacuate Collection Set: 0.2ms
[2023-11-15T23:39:59.281+0000][7][gc,phases   ] GC(480)   Merge Heap Roots: 0.1ms
[2023-11-15T23:39:59.281+0000][7][gc,phases   ] GC(480)   Evacuate Collection Set: 3.4ms
[2023-11-15T23:39:59.281+0000][7][gc,phases   ] GC(480)   Post Evacuate Collection Set: 1.2ms
[2023-11-15T23:39:59.281+0000][7][gc,phases   ] GC(480)   Other: 0.4ms
[2023-11-15T23:39:59.281+0000][7][gc,heap     ] GC(480) Eden regions: 67->0(66)
[2023-11-15T23:39:59.281+0000][7][gc,heap     ] GC(480) Survivor regions: 1->2(9)
[2023-11-15T23:39:59.281+0000][7][gc,heap     ] GC(480) Old regions: 30->30
[2023-11-15T23:39:59.281+0000][7][gc,heap     ] GC(480) Archive regions: 2->2
[2023-11-15T23:39:59.282+0000][7][gc,heap     ] GC(480) Humongous regions: 5->5
[2023-11-15T23:39:59.282+0000][7][gc,metaspace] GC(480) Metaspace: 117667K(119232K)->117667K(119232K) NonClass: 102158K(103104K)->102158K(103104K) Class: 15508K(16128K)->15508K(16128K)
[2023-11-15T23:39:59.282+0000][7][gc          ] GC(480) Pause Young (Normal) (G1 Evacuation Pause) 412M->145M(512M) 5.488ms
[2023-11-15T23:39:59.282+0000][7][gc,cpu      ] GC(480) User=0.03s Sys=0.00s Real=0.00s
[2023-11-15T23:39:59.282+0000][7][safepoint   ] Safepoint "G1CollectForAllocation", Time since last: 17257618932 ns, Reaching safepoint: 69247 ns, At safepoint: 5657420 ns, Total: 5726667 ns
[2023-11-15T23:40:02.282+0000][7][safepoint   ] Safepoint "Cleanup", Time since last: 3000352242 ns, Reaching safepoint: 38184 ns, At safepoint: 6854 ns, Total: 45038 ns
[2023-11-15T23:40:16.995+0000][7][gc,start    ] GC(481) Pause Young (Concurrent Start) (G1 Evacuation Pause)
[2023-11-15T23:40:16.996+0000][7][gc,task     ] GC(481) Using 8 workers of 8 for evacuation
[2023-11-15T23:40:16.996+0000][7][gc,age      ] GC(481) Desired survivor size 18874368 bytes, new threshold 15 (max threshold 15)
[2023-11-15T23:40:16.998+0000][7][gc,age      ] GC(481) Age table with threshold 15 (max threshold 15)
[2023-11-15T23:40:16.998+0000][7][gc,age      ] GC(481) - age   1:    1772192 bytes,    1772192 total
[2023-11-15T23:40:16.998+0000][7][gc,age      ] GC(481) - age   2:    1900584 bytes,    3672776 total
[2023-11-15T23:40:16.998+0000][7][gc,age      ] GC(481) - age   3:    1274808 bytes,    4947584 total
[2023-11-15T23:40:16.998+0000][7][gc,age      ] GC(481) - age   4:        120 bytes,    4947704 total
[2023-11-15T23:40:16.998+0000][7][gc,age      ] GC(481) - age   5:     242776 bytes,    5190480 total
[2023-11-15T23:40:16.998+0000][7][gc,phases   ] GC(481)   Pre Evacuate Collection Set: 0.1ms
[2023-11-15T23:40:16.998+0000][7][gc,phases   ] GC(481)   Merge Heap Roots: 0.0ms
[2023-11-15T23:40:16.998+0000][7][gc,phases   ] GC(481)   Evacuate Collection Set: 1.8ms
[2023-11-15T23:40:16.998+0000][7][gc,phases   ] GC(481)   Post Evacuate Collection Set: 0.4ms
[2023-11-15T23:40:16.998+0000][7][gc,phases   ] GC(481)   Other: 0.2ms
[2023-11-15T23:40:16.998+0000][7][gc,heap     ] GC(481) Eden regions: 66->0(66)
[2023-11-15T23:40:16.998+0000][7][gc,heap     ] GC(481) Survivor regions: 2->2(9)
[2023-11-15T23:40:16.998+0000][7][gc,heap     ] GC(481) Old regions: 30->30
[2023-11-15T23:40:16.998+0000][7][gc,heap     ] GC(481) Archive regions: 2->2
[2023-11-15T23:40:16.998+0000][7][gc,heap     ] GC(481) Humongous regions: 5->5
[2023-11-15T23:40:16.998+0000][7][gc,metaspace] GC(481) Metaspace: 117667K(119232K)->117667K(119232K) NonClass: 102158K(103104K)->102158K(103104K) Class: 15508K(16128K)->15508K(16128K)
[2023-11-15T23:40:16.998+0000][7][gc          ] GC(481) Pause Young (Concurrent Start) (G1 Evacuation Pause) 409M->146M(512M) 2.590ms
[2023-11-15T23:40:16.998+0000][7][gc,cpu      ] GC(481) User=0.02s Sys=0.00s Real=0.00s
[2023-11-15T23:40:16.998+0000][7][safepoint   ] Safepoint "G1CollectForAllocation", Time since last: 14713383687 ns, Reaching safepoint: 31179 ns, At safepoint: 2670287 ns, Total: 2701466 ns
[2023-11-15T23:40:16.998+0000][7][gc          ] GC(482) Concurrent Mark Cycle
[2023-11-15T23:40:16.998+0000][7][gc,marking  ] GC(482) Concurrent Clear Claimed Marks
[2023-11-15T23:40:16.998+0000][7][gc,marking  ] GC(482) Concurrent Clear Claimed Marks 0.072ms
[2023-11-15T23:40:16.998+0000][7][gc,marking  ] GC(482) Concurrent Scan Root Regions
[2023-11-15T23:40:17.000+0000][7][gc,marking  ] GC(482) Concurrent Scan Root Regions 1.959ms
[2023-11-15T23:40:17.000+0000][7][gc,marking  ] GC(482) Concurrent Mark
[2023-11-15T23:40:17.000+0000][7][gc,marking  ] GC(482) Concurrent Mark From Roots
[2023-11-15T23:40:17.000+0000][7][gc,task     ] GC(482) Using 2 workers of 2 for marking
[2023-11-15T23:40:17.064+0000][7][gc,marking  ] GC(482) Concurrent Mark From Roots 64.096ms
[2023-11-15T23:40:17.064+0000][7][gc,marking  ] GC(482) Concurrent Preclean
[2023-11-15T23:40:17.065+0000][7][gc,marking  ] GC(482) Concurrent Preclean 0.258ms
[2023-11-15T23:40:17.065+0000][7][gc,start    ] GC(482) Pause Remark
[2023-11-15T23:40:17.071+0000][7][gc          ] GC(482) Pause Remark 169M->169M(512M) 6.017ms
[2023-11-15T23:40:17.071+0000][7][gc,cpu      ] GC(482) User=0.03s Sys=0.00s Real=0.00s
[2023-11-15T23:40:17.071+0000][7][safepoint   ] Safepoint "G1Concurrent", Time since last: 66531256 ns, Reaching safepoint: 95741 ns, At safepoint: 6102913 ns, Total: 6198654 ns
[2023-11-15T23:40:17.071+0000][7][gc,marking  ] GC(482) Concurrent Mark 70.665ms
[2023-11-15T23:40:17.071+0000][7][gc,marking  ] GC(482) Concurrent Rebuild Remembered Sets
[2023-11-15T23:40:17.117+0000][7][gc,marking  ] GC(482) Concurrent Rebuild Remembered Sets 45.828ms
[2023-11-15T23:40:17.117+0000][7][gc,start    ] GC(482) Pause Cleanup
[2023-11-15T23:40:17.117+0000][7][gc          ] GC(482) Pause Cleanup 171M->171M(512M) 0.107ms
[2023-11-15T23:40:17.117+0000][7][gc,cpu      ] GC(482) User=0.00s Sys=0.00s Real=0.00s
[2023-11-15T23:40:17.117+0000][7][safepoint   ] Safepoint "G1Concurrent", Time since last: 45943783 ns, Reaching safepoint: 23547 ns, At safepoint: 167405 ns, Total: 190952 ns
[2023-11-15T23:40:17.117+0000][7][gc,marking  ] GC(482) Concurrent Cleanup for Next Mark
[2023-11-15T23:40:17.117+0000][7][gc,marking  ] GC(482) Concurrent Cleanup for Next Mark 0.436ms
[2023-11-15T23:40:17.117+0000][7][gc          ] GC(482) Concurrent Mark Cycle 119.371ms
[2023-11-15T23:40:26.118+0000][7][safepoint   ] Safepoint "Cleanup", Time since last: 9001031842 ns, Reaching safepoint: 108655 ns, At safepoint: 27450 ns, Total: 136105 ns
[2023-11-15T23:40:34.994+0000][7][gc,start    ] GC(483) Pause Young (Prepare Mixed) (G1 Evacuation Pause)
[2023-11-15T23:40:34.994+0000][7][gc,task     ] GC(483) Using 8 workers of 8 for evacuation
[2023-11-15T23:40:34.994+0000][7][gc,age      ] GC(483) Desired survivor size 18874368 bytes, new threshold 15 (max threshold 15)
[2023-11-15T23:40:34.997+0000][7][gc,age      ] GC(483) Age table with threshold 15 (max threshold 15)
[2023-11-15T23:40:34.997+0000][7][gc,age      ] GC(483) - age   1:    1986520 bytes,    1986520 total
[2023-11-15T23:40:34.997+0000][7][gc,age      ] GC(483) - age   2:     398024 bytes,    2384544 total
[2023-11-15T23:40:34.997+0000][7][gc,age      ] GC(483) - age   3:    1760520 bytes,    4145064 total
[2023-11-15T23:40:34.997+0000][7][gc,age      ] GC(483) - age   4:    1271032 bytes,    5416096 total
[2023-11-15T23:40:34.997+0000][7][gc,age      ] GC(483) - age   5:        104 bytes,    5416200 total
[2023-11-15T23:40:34.997+0000][7][gc,age      ] GC(483) - age   6:     241976 bytes,    5658176 total
[2023-11-15T23:40:34.997+0000][7][gc,phases   ] GC(483)   Pre Evacuate Collection Set: 0.1ms
[2023-11-15T23:40:34.997+0000][7][gc,phases   ] GC(483)   Merge Heap Roots: 0.0ms
[2023-11-15T23:40:34.997+0000][7][gc,phases   ] GC(483)   Evacuate Collection Set: 2.1ms
[2023-11-15T23:40:34.997+0000][7][gc,phases   ] GC(483)   Post Evacuate Collection Set: 0.6ms
[2023-11-15T23:40:34.997+0000][7][gc,phases   ] GC(483)   Other: 0.2ms
[2023-11-15T23:40:34.997+0000][7][gc,heap     ] GC(483) Eden regions: 66->0(4)
[2023-11-15T23:40:34.997+0000][7][gc,heap     ] GC(483) Survivor regions: 2->2(9)
[2023-11-15T23:40:34.997+0000][7][gc,heap     ] GC(483) Old regions: 30->30
[2023-11-15T23:40:34.997+0000][7][gc,heap     ] GC(483) Archive regions: 2->2
[2023-11-15T23:40:34.997+0000][7][gc,heap     ] GC(483) Humongous regions: 5->5
[2023-11-15T23:40:34.997+0000][7][gc,metaspace] GC(483) Metaspace: 117670K(119232K)->117670K(119232K) NonClass: 102162K(103104K)->102162K(103104K) Class: 15508K(16128K)->15508K(16128K)
[2023-11-15T23:40:34.997+0000][7][gc          ] GC(483) Pause Young (Prepare Mixed) (G1 Evacuation Pause) 410M->146M(512M) 2.982ms
[2023-11-15T23:40:34.997+0000][7][gc,cpu      ] GC(483) User=0.02s Sys=0.00s Real=0.01s
[2023-11-15T23:40:34.997+0000][7][safepoint   ] Safepoint "G1CollectForAllocation", Time since last: 8875430700 ns, Reaching safepoint: 42875 ns, At safepoint: 3049966 ns, Total: 3092841 ns
[2023-11-15T23:40:35.455+0000][7][gc,start    ] GC(484) Pause Young (Mixed) (G1 Evacuation Pause)
[2023-11-15T23:40:35.455+0000][7][gc,task     ] GC(484) Using 8 workers of 8 for evacuation
[2023-11-15T23:40:35.455+0000][7][gc,age      ] GC(484) Desired survivor size 2097152 bytes, new threshold 2 (max threshold 15)
[2023-11-15T23:40:35.462+0000][7][gc,age      ] GC(484) Age table with threshold 2 (max threshold 15)
[2023-11-15T23:40:35.462+0000][7][gc,age      ] GC(484) - age   1:     591296 bytes,     591296 total
[2023-11-15T23:40:35.462+0000][7][gc,age      ] GC(484) - age   2:    1711416 bytes,    2302712 total
[2023-11-15T23:40:35.462+0000][7][gc,phases   ] GC(484)   Pre Evacuate Collection Set: 0.3ms
[2023-11-15T23:40:35.462+0000][7][gc,phases   ] GC(484)   Merge Heap Roots: 0.4ms
[2023-11-15T23:40:35.462+0000][7][gc,phases   ] GC(484)   Evacuate Collection Set: 5.8ms
[2023-11-15T23:40:35.462+0000][7][gc,phases   ] GC(484)   Post Evacuate Collection Set: 0.6ms
[2023-11-15T23:40:35.462+0000][7][gc,phases   ] GC(484)   Other: 0.4ms
[2023-11-15T23:40:35.462+0000][7][gc,heap     ] GC(484) Eden regions: 4->0(67)
[2023-11-15T23:40:35.462+0000][7][gc,heap     ] GC(484) Survivor regions: 2->1(1)
[2023-11-15T23:40:35.462+0000][7][gc,heap     ] GC(484) Old regions: 30->30
[2023-11-15T23:40:35.462+0000][7][gc,heap     ] GC(484) Archive regions: 2->2
[2023-11-15T23:40:35.462+0000][7][gc,heap     ] GC(484) Humongous regions: 5->5
[2023-11-15T23:40:35.462+0000][7][gc,metaspace] GC(484) Metaspace: 117670K(119232K)->117670K(119232K) NonClass: 102162K(103104K)->102162K(103104K) Class: 15508K(16128K)->15508K(16128K)
[2023-11-15T23:40:35.462+0000][7][gc          ] GC(484) Pause Young (Mixed) (G1 Evacuation Pause) 162M->144M(512M) 7.429ms
[2023-11-15T23:40:35.462+0000][7][gc,cpu      ] GC(484) User=0.03s Sys=0.00s Real=0.00s
[2023-11-15T23:40:35.462+0000][7][safepoint   ] Safepoint "G1CollectForAllocation", Time since last: 457817421 ns, Reaching safepoint: 123838 ns, At safepoint: 7618727 ns, Total: 7742565 ns
[2023-11-15T23:40:47.464+0000][7][safepoint   ] Safepoint "Cleanup", Time since last: 12001273014 ns, Reaching safepoint: 38943 ns, At safepoint: 6688 ns, Total: 45631 ns
[2023-11-15T23:40:52.021+0000][7][gc,start    ] GC(485) Pause Young (Normal) (G1 Evacuation Pause)
[2023-11-15T23:40:52.021+0000][7][gc,task     ] GC(485) Using 8 workers of 8 for evacuation
[2023-11-15T23:40:52.021+0000][7][gc,age      ] GC(485) Desired survivor size 18874368 bytes, new threshold 15 (max threshold 15)
[2023-11-15T23:40:52.026+0000][7][gc,age      ] GC(485) Age table with threshold 15 (max threshold 15)
[2023-11-15T23:40:52.026+0000][7][gc,age      ] GC(485) - age   1:    1446352 bytes,    1446352 total
[2023-11-15T23:40:52.026+0000][7][gc,age      ] GC(485) - age   2:       2120 bytes,    1448472 total
[2023-11-15T23:40:52.026+0000][7][gc,age      ] GC(485) - age   3:     939384 bytes,    2387856 total
[2023-11-15T23:40:52.026+0000][7][gc,phases   ] GC(485)   Pre Evacuate Collection Set: 0.2ms
[2023-11-15T23:40:52.026+0000][7][gc,phases   ] GC(485)   Merge Heap Roots: 0.1ms
[2023-11-15T23:40:52.026+0000][7][gc,phases   ] GC(485)   Evacuate Collection Set: 3.4ms
[2023-11-15T23:40:52.026+0000][7][gc,phases   ] GC(485)   Post Evacuate Collection Set: 1.0ms
[2023-11-15T23:40:52.026+0000][7][gc,phases   ] GC(485)   Other: 0.4ms
[2023-11-15T23:40:52.026+0000][7][gc,heap     ] GC(485) Eden regions: 67->0(68)
[2023-11-15T23:40:52.026+0000][7][gc,heap     ] GC(485) Survivor regions: 1->1(9)
[2023-11-15T23:40:52.026+0000][7][gc,heap     ] GC(485) Old regions: 30->30
[2023-11-15T23:40:52.026+0000][7][gc,heap     ] GC(485) Archive regions: 2->2
[2023-11-15T23:40:52.026+0000][7][gc,heap     ] GC(485) Humongous regions: 5->5
[2023-11-15T23:40:52.026+0000][7][gc,metaspace] GC(485) Metaspace: 117670K(119232K)->117670K(119232K) NonClass: 102162K(103104K)->102162K(103104K) Class: 15508K(16128K)->15508K(16128K)
[2023-11-15T23:40:52.026+0000][7][gc          ] GC(485) Pause Young (Normal) (G1 Evacuation Pause) 412M->145M(512M) 5.263ms
[2023-11-15T23:40:52.026+0000][7][gc,cpu      ] GC(485) User=0.03s Sys=0.00s Real=0.01s
[2023-11-15T23:40:52.026+0000][7][safepoint   ] Safepoint "G1CollectForAllocation", Time since last: 4557061196 ns, Reaching safepoint: 110084 ns, At safepoint: 5433717 ns, Total: 5543801 ns
[2023-11-15T23:41:03.027+0000][7][safepoint   ] Safepoint "Cleanup", Time since last: 11001100220 ns, Reaching safepoint: 163385 ns, At safepoint: 14105 ns, Total: 177490 ns
[2023-11-15T23:41:08.714+0000][7][gc,start    ] GC(486) Pause Young (Normal) (G1 Evacuation Pause)
[2023-11-15T23:41:08.714+0000][7][gc,task     ] GC(486) Using 8 workers of 8 for evacuation
[2023-11-15T23:41:08.714+0000][7][gc,age      ] GC(486) Desired survivor size 18874368 bytes, new threshold 15 (max threshold 15)
[2023-11-15T23:41:08.716+0000][7][gc,age      ] GC(486) Age table with threshold 15 (max threshold 15)
[2023-11-15T23:41:08.716+0000][7][gc,age      ] GC(486) - age   1:    2247416 bytes,    2247416 total
[2023-11-15T23:41:08.716+0000][7][gc,age      ] GC(486) - age   2:     382560 bytes,    2629976 total
[2023-11-15T23:41:08.716+0000][7][gc,age      ] GC(486) - age   3:        616 bytes,    2630592 total
[2023-11-15T23:41:08.717+0000][7][gc,age      ] GC(486) - age   4:     796936 bytes,    3427528 total
[2023-11-15T23:41:08.717+0000][7][gc,phases   ] GC(486)   Pre Evacuate Collection Set: 0.1ms
[2023-11-15T23:41:08.717+0000][7][gc,phases   ] GC(486)   Merge Heap Roots: 0.1ms
[2023-11-15T23:41:08.717+0000][7][gc,phases   ] GC(486)   Evacuate Collection Set: 1.8ms
[2023-11-15T23:41:08.717+0000][7][gc,phases   ] GC(486)   Post Evacuate Collection Set: 0.7ms
[2023-11-15T23:41:08.717+0000][7][gc,phases   ] GC(486)   Other: 0.3ms
[2023-11-15T23:41:08.717+0000][7][gc,heap     ] GC(486) Eden regions: 68->0(67)
[2023-11-15T23:41:08.717+0000][7][gc,heap     ] GC(486) Survivor regions: 1->1(9)
[2023-11-15T23:41:08.717+0000][7][gc,heap     ] GC(486) Old regions: 30->30
[2023-11-15T23:41:08.717+0000][7][gc,heap     ] GC(486) Archive regions: 2->2
[2023-11-15T23:41:08.717+0000][7][gc,heap     ] GC(486) Humongous regions: 5->5
[2023-11-15T23:41:08.717+0000][7][gc,metaspace] GC(486) Metaspace: 117674K(119232K)->117674K(119232K) NonClass: 102166K(103104K)->102166K(103104K) Class: 15508K(16128K)->15508K(16128K)
[2023-11-15T23:41:08.717+0000][7][gc          ] GC(486) Pause Young (Normal) (G1 Evacuation Pause) 417M->145M(512M) 3.000ms
[2023-11-15T23:41:08.717+0000][7][gc,cpu      ] GC(486) User=0.02s Sys=0.00s Real=0.01s
[2023-11-15T23:41:08.717+0000][7][safepoint   ] Safepoint "G1CollectForAllocation", Time since last: 5686154039 ns, Reaching safepoint: 56046 ns, At safepoint: 3110932 ns, Total: 3166978 ns
[2023-11-15T23:41:17.718+0000][7][safepoint   ] Safepoint "Cleanup", Time since last: 9000946399 ns, Reaching safepoint: 63964 ns, At safepoint: 7246 ns, Total: 71210 ns
[2023-11-15T23:41:23.946+0000][7][gc,start    ] GC(487) Pause Young (Concurrent Start) (G1 Evacuation Pause)
[2023-11-15T23:41:23.946+0000][7][gc,task     ] GC(487) Using 8 workers of 8 for evacuation
[2023-11-15T23:41:23.946+0000][7][gc,age      ] GC(487) Desired survivor size 18874368 bytes, new threshold 15 (max threshold 15)
[2023-11-15T23:41:23.952+0000][7][gc,age      ] GC(487) Age table with threshold 15 (max threshold 15)
[2023-11-15T23:41:23.952+0000][7][gc,age      ] GC(487) - age   1:    1881840 bytes,    1881840 total
[2023-11-15T23:41:23.952+0000][7][gc,age      ] GC(487) - age   2:    1296616 bytes,    3178456 total
[2023-11-15T23:41:23.952+0000][7][gc,age      ] GC(487) - age   3:     239640 bytes,    3418096 total
[2023-11-15T23:41:23.952+0000][7][gc,age      ] GC(487) - age   4:        552 bytes,    3418648 total
[2023-11-15T23:41:23.952+0000][7][gc,age      ] GC(487) - age   5:     796176 bytes,    4214824 total
[2023-11-15T23:41:23.952+0000][7][gc,phases   ] GC(487)   Pre Evacuate Collection Set: 0.4ms
[2023-11-15T23:41:23.952+0000][7][gc,phases   ] GC(487)   Merge Heap Roots: 0.2ms
[2023-11-15T23:41:23.952+0000][7][gc,phases   ] GC(487)   Evacuate Collection Set: 4.0ms
[2023-11-15T23:41:23.952+0000][7][gc,phases   ] GC(487)   Post Evacuate Collection Set: 1.4ms
[2023-11-15T23:41:23.952+0000][7][gc,phases   ] GC(487)   Other: 0.6ms
[2023-11-15T23:41:23.952+0000][7][gc,heap     ] GC(487) Eden regions: 67->0(67)
[2023-11-15T23:41:23.952+0000][7][gc,heap     ] GC(487) Survivor regions: 1->2(9)
[2023-11-15T23:41:23.952+0000][7][gc,heap     ] GC(487) Old regions: 30->30
[2023-11-15T23:41:23.952+0000][7][gc,heap     ] GC(487) Archive regions: 2->2
[2023-11-15T23:41:23.952+0000][7][gc,heap     ] GC(487) Humongous regions: 5->5
[2023-11-15T23:41:23.952+0000][7][gc,metaspace] GC(487) Metaspace: 117674K(119232K)->117674K(119232K) NonClass: 102166K(103104K)->102166K(103104K) Class: 15508K(16128K)->15508K(16128K)
[2023-11-15T23:41:23.952+0000][7][gc          ] GC(487) Pause Young (Concurrent Start) (G1 Evacuation Pause) 413M->146M(512M) 6.681ms
[2023-11-15T23:41:23.952+0000][7][gc,cpu      ] GC(487) User=0.04s Sys=0.00s Real=0.00s
[2023-11-15T23:41:23.952+0000][7][safepoint   ] Safepoint "G1CollectForAllocation", Time since last: 6227627780 ns, Reaching safepoint: 130563 ns, At safepoint: 6879276 ns, Total: 7009839 ns
[2023-11-15T23:41:23.952+0000][7][gc          ] GC(488) Concurrent Mark Cycle
[2023-11-15T23:41:23.953+0000][7][gc,marking  ] GC(488) Concurrent Clear Claimed Marks
[2023-11-15T23:41:23.953+0000][7][gc,marking  ] GC(488) Concurrent Clear Claimed Marks 0.211ms
[2023-11-15T23:41:23.953+0000][7][gc,marking  ] GC(488) Concurrent Scan Root Regions
[2023-11-15T23:41:23.958+0000][7][gc,marking  ] GC(488) Concurrent Scan Root Regions 5.386ms
[2023-11-15T23:41:23.958+0000][7][gc,marking  ] GC(488) Concurrent Mark
[2023-11-15T23:41:23.958+0000][7][gc,marking  ] GC(488) Concurrent Mark From Roots
[2023-11-15T23:41:23.958+0000][7][gc,task     ] GC(488) Using 2 workers of 2 for marking
[2023-11-15T23:41:24.041+0000][7][gc,marking  ] GC(488) Concurrent Mark From Roots 82.642ms
[2023-11-15T23:41:24.041+0000][7][gc,marking  ] GC(488) Concurrent Preclean
[2023-11-15T23:41:24.041+0000][7][gc,marking  ] GC(488) Concurrent Preclean 0.248ms
[2023-11-15T23:41:24.041+0000][7][gc,start    ] GC(488) Pause Remark
[2023-11-15T23:41:24.047+0000][7][gc          ] GC(488) Pause Remark 149M->149M(512M) 5.724ms
[2023-11-15T23:41:24.047+0000][7][gc,cpu      ] GC(488) User=0.04s Sys=0.00s Real=0.01s
[2023-11-15T23:41:24.047+0000][7][safepoint   ] Safepoint "G1Concurrent", Time since last: 88780288 ns, Reaching safepoint: 36583 ns, At safepoint: 5837975 ns, Total: 5874558 ns
[2023-11-15T23:41:24.047+0000][7][gc,marking  ] GC(488) Concurrent Mark 88.852ms
[2023-11-15T23:41:24.047+0000][7][gc,marking  ] GC(488) Concurrent Rebuild Remembered Sets
[2023-11-15T23:41:24.090+0000][7][gc,marking  ] GC(488) Concurrent Rebuild Remembered Sets 42.531ms
[2023-11-15T23:41:24.090+0000][7][gc,start    ] GC(488) Pause Cleanup
[2023-11-15T23:41:24.090+0000][7][gc          ] GC(488) Pause Cleanup 149M->149M(512M) 0.090ms
[2023-11-15T23:41:24.090+0000][7][gc,cpu      ] GC(488) User=0.00s Sys=0.00s Real=0.00s
[2023-11-15T23:41:24.090+0000][7][safepoint   ] Safepoint "G1Concurrent", Time since last: 42673125 ns, Reaching safepoint: 40217 ns, At safepoint: 144400 ns, Total: 184617 ns
[2023-11-15T23:41:24.090+0000][7][gc,marking  ] GC(488) Concurrent Cleanup for Next Mark
[2023-11-15T23:41:24.091+0000][7][gc,marking  ] GC(488) Concurrent Cleanup for Next Mark 0.598ms
[2023-11-15T23:41:24.091+0000][7][gc          ] GC(488) Concurrent Mark Cycle 138.126ms
[2023-11-15T23:41:40.366+0000][7][gc,start    ] GC(489) Pause Young (Prepare Mixed) (G1 Evacuation Pause)
[2023-11-15T23:41:40.366+0000][7][gc,task     ] GC(489) Using 8 workers of 8 for evacuation
[2023-11-15T23:41:40.366+0000][7][gc,age      ] GC(489) Desired survivor size 18874368 bytes, new threshold 15 (max threshold 15)
[2023-11-15T23:41:40.370+0000][7][gc,age      ] GC(489) Age table with threshold 15 (max threshold 15)
[2023-11-15T23:41:40.370+0000][7][gc,age      ] GC(489) - age   1:    1310776 bytes,    1310776 total
[2023-11-15T23:41:40.370+0000][7][gc,age      ] GC(489) - age   2:     651032 bytes,    1961808 total
[2023-11-15T23:41:40.370+0000][7][gc,age      ] GC(489) - age   3:    1282672 bytes,    3244480 total
[2023-11-15T23:41:40.370+0000][7][gc,age      ] GC(489) - age   4:     238096 bytes,    3482576 total
[2023-11-15T23:41:40.370+0000][7][gc,age      ] GC(489) - age   6:     792640 bytes,    4275216 total
[2023-11-15T23:41:40.370+0000][7][gc,phases   ] GC(489)   Pre Evacuate Collection Set: 0.1ms
[2023-11-15T23:41:40.370+0000][7][gc,phases   ] GC(489)   Merge Heap Roots: 0.1ms
[2023-11-15T23:41:40.370+0000][7][gc,phases   ] GC(489)   Evacuate Collection Set: 3.0ms
[2023-11-15T23:41:40.370+0000][7][gc,phases   ] GC(489)   Post Evacuate Collection Set: 0.8ms
[2023-11-15T23:41:40.370+0000][7][gc,phases   ] GC(489)   Other: 0.3ms
[2023-11-15T23:41:40.370+0000][7][gc,heap     ] GC(489) Eden regions: 67->0(4)
[2023-11-15T23:41:40.370+0000][7][gc,heap     ] GC(489) Survivor regions: 2->2(9)
[2023-11-15T23:41:40.370+0000][7][gc,heap     ] GC(489) Old regions: 30->30
[2023-11-15T23:41:40.370+0000][7][gc,heap     ] GC(489) Archive regions: 2->2
[2023-11-15T23:41:40.370+0000][7][gc,heap     ] GC(489) Humongous regions: 5->5
[2023-11-15T23:41:40.370+0000][7][gc,metaspace] GC(489) Metaspace: 117684K(119232K)->117684K(119232K) NonClass: 102175K(103104K)->102175K(103104K) Class: 15508K(16128K)->15508K(16128K)
[2023-11-15T23:41:40.370+0000][7][gc          ] GC(489) Pause Young (Prepare Mixed) (G1 Evacuation Pause) 414M->146M(512M) 4.442ms
[2023-11-15T23:41:40.370+0000][7][gc,cpu      ] GC(489) User=0.03s Sys=0.00s Real=0.00s
[2023-11-15T23:41:40.370+0000][7][safepoint   ] Safepoint "G1CollectForAllocation", Time since last: 16275650568 ns, Reaching safepoint: 77705 ns, At safepoint: 4580425 ns, Total: 4658130 ns
[2023-11-15T23:41:41.025+0000][7][gc,start    ] GC(490) Pause Young (Mixed) (G1 Evacuation Pause)
[2023-11-15T23:41:41.026+0000][7][gc,task     ] GC(490) Using 8 workers of 8 for evacuation
[2023-11-15T23:41:41.026+0000][7][gc,age      ] GC(490) Desired survivor size 2097152 bytes, new threshold 3 (max threshold 15)
[2023-11-15T23:41:41.030+0000][7][gc,age      ] GC(490) Age table with threshold 3 (max threshold 15)
[2023-11-15T23:41:41.030+0000][7][gc,age      ] GC(490) - age   1:     192376 bytes,     192376 total
[2023-11-15T23:41:41.030+0000][7][gc,age      ] GC(490) - age   2:    1278928 bytes,    1471304 total
[2023-11-15T23:41:41.030+0000][7][gc,age      ] GC(490) - age   3:     650648 bytes,    2121952 total
[2023-11-15T23:41:41.030+0000][7][gc,phases   ] GC(490)   Pre Evacuate Collection Set: 0.1ms
[2023-11-15T23:41:41.030+0000][7][gc,phases   ] GC(490)   Merge Heap Roots: 0.1ms
[2023-11-15T23:41:41.030+0000][7][gc,phases   ] GC(490)   Evacuate Collection Set: 3.5ms
[2023-11-15T23:41:41.030+0000][7][gc,phases   ] GC(490)   Post Evacuate Collection Set: 0.8ms
[2023-11-15T23:41:41.030+0000][7][gc,phases   ] GC(490)   Other: 0.3ms
[2023-11-15T23:41:41.030+0000][7][gc,heap     ] GC(490) Eden regions: 4->0(68)
[2023-11-15T23:41:41.030+0000][7][gc,heap     ] GC(490) Survivor regions: 2->1(1)
[2023-11-15T23:41:41.030+0000][7][gc,heap     ] GC(490) Old regions: 30->30
[2023-11-15T23:41:41.030+0000][7][gc,heap     ] GC(490) Archive regions: 2->2
[2023-11-15T23:41:41.030+0000][7][gc,heap     ] GC(490) Humongous regions: 5->5
[2023-11-15T23:41:41.030+0000][7][gc,metaspace] GC(490) Metaspace: 117684K(119232K)->117684K(119232K) NonClass: 102175K(103104K)->102175K(103104K) Class: 15508K(16128K)->15508K(16128K)
[2023-11-15T23:41:41.030+0000][7][gc          ] GC(490) Pause Young (Mixed) (G1 Evacuation Pause) 162M->145M(512M) 4.833ms
[2023-11-15T23:41:41.030+0000][7][gc,cpu      ] GC(490) User=0.03s Sys=0.00s Real=0.00s
[2023-11-15T23:41:41.030+0000][7][safepoint   ] Safepoint "G1CollectForAllocation", Time since last: 655051522 ns, Reaching safepoint: 121002 ns, At safepoint: 4953352 ns, Total: 5074354 ns
[2023-11-15T23:41:48.032+0000][7][safepoint   ] Safepoint "Cleanup", Time since last: 7001048766 ns, Reaching safepoint: 87320 ns, At safepoint: 12007 ns, Total: 99327 ns
[2023-11-15T23:41:58.590+0000][7][gc,start    ] GC(491) Pause Young (Normal) (G1 Evacuation Pause)
[2023-11-15T23:41:58.590+0000][7][gc,task     ] GC(491) Using 8 workers of 8 for evacuation
[2023-11-15T23:41:58.590+0000][7][gc,age      ] GC(491) Desired survivor size 18874368 bytes, new threshold 15 (max threshold 15)
[2023-11-15T23:41:58.593+0000][7][gc,age      ] GC(491) Age table with threshold 15 (max threshold 15)
[2023-11-15T23:41:58.593+0000][7][gc,age      ] GC(491) - age   1:    2855592 bytes,    2855592 total
[2023-11-15T23:41:58.593+0000][7][gc,age      ] GC(491) - age   2:      33176 bytes,    2888768 total
[2023-11-15T23:41:58.593+0000][7][gc,age      ] GC(491) - age   3:     238184 bytes,    3126952 total
[2023-11-15T23:41:58.593+0000][7][gc,age      ] GC(491) - age   4:     649328 bytes,    3776280 total
[2023-11-15T23:41:58.593+0000][7][gc,phases   ] GC(491)   Pre Evacuate Collection Set: 0.1ms
[2023-11-15T23:41:58.593+0000][7][gc,phases   ] GC(491)   Merge Heap Roots: 0.1ms
[2023-11-15T23:41:58.593+0000][7][gc,phases   ] GC(491)   Evacuate Collection Set: 1.7ms
[2023-11-15T23:41:58.593+0000][7][gc,phases   ] GC(491)   Post Evacuate Collection Set: 1.0ms
[2023-11-15T23:41:58.593+0000][7][gc,phases   ] GC(491)   Other: 0.3ms
[2023-11-15T23:41:58.593+0000][7][gc,heap     ] GC(491) Eden regions: 68->0(67)
[2023-11-15T23:41:58.593+0000][7][gc,heap     ] GC(491) Survivor regions: 1->1(9)
[2023-11-15T23:41:58.593+0000][7][gc,heap     ] GC(491) Old regions: 30->30
[2023-11-15T23:41:58.593+0000][7][gc,heap     ] GC(491) Archive regions: 2->2
[2023-11-15T23:41:58.594+0000][7][gc,heap     ] GC(491) Humongous regions: 5->5
[2023-11-15T23:41:58.594+0000][7][gc,metaspace] GC(491) Metaspace: 117689K(119232K)->117689K(119232K) NonClass: 102181K(103104K)->102181K(103104K) Class: 15508K(16128K)->15508K(16128K)
[2023-11-15T23:41:58.594+0000][7][gc          ] GC(491) Pause Young (Normal) (G1 Evacuation Pause) 417M->146M(512M) 3.363ms
[2023-11-15T23:41:58.594+0000][7][gc,cpu      ] GC(491) User=0.02s Sys=0.00s Real=0.00s
[2023-11-15T23:41:58.594+0000][7][safepoint   ] Safepoint "G1CollectForAllocation", Time since last: 10558527785 ns, Reaching safepoint: 75630 ns, At safepoint: 3469770 ns, Total: 3545400 ns
[2023-11-15T23:42:06.595+0000][7][safepoint   ] Safepoint "Cleanup", Time since last: 8000922834 ns, Reaching safepoint: 132560 ns, At safepoint: 24400 ns, Total: 156960 ns
[2023-11-15T23:42:14.740+0000][7][gc,start    ] GC(492) Pause Young (Normal) (G1 Evacuation Pause)
[2023-11-15T23:42:14.740+0000][7][gc,task     ] GC(492) Using 8 workers of 8 for evacuation
[2023-11-15T23:42:14.740+0000][7][gc,age      ] GC(492) Desired survivor size 18874368 bytes, new threshold 15 (max threshold 15)
[2023-11-15T23:42:14.745+0000][7][gc,age      ] GC(492) Age table with threshold 15 (max threshold 15)
[2023-11-15T23:42:14.745+0000][7][gc,age      ] GC(492) - age   1:    1597512 bytes,    1597512 total
[2023-11-15T23:42:14.745+0000][7][gc,age      ] GC(492) - age   2:    1883680 bytes,    3481192 total
[2023-11-15T23:42:14.745+0000][7][gc,age      ] GC(492) - age   3:      33048 bytes,    3514240 total
[2023-11-15T23:42:14.745+0000][7][gc,age      ] GC(492) - age   4:     223016 bytes,    3737256 total
[2023-11-15T23:42:14.745+0000][7][gc,age      ] GC(492) - age   5:     648376 bytes,    4385632 total
[2023-11-15T23:42:14.745+0000][7][gc,phases   ] GC(492)   Pre Evacuate Collection Set: 0.2ms
[2023-11-15T23:42:14.745+0000][7][gc,phases   ] GC(492)   Merge Heap Roots: 0.2ms
[2023-11-15T23:42:14.745+0000][7][gc,phases   ] GC(492)   Evacuate Collection Set: 3.2ms
[2023-11-15T23:42:14.745+0000][7][gc,phases   ] GC(492)   Post Evacuate Collection Set: 1.3ms
[2023-11-15T23:42:14.745+0000][7][gc,phases   ] GC(492)   Other: 0.4ms
[2023-11-15T23:42:14.745+0000][7][gc,heap     ] GC(492) Eden regions: 67->0(67)
[2023-11-15T23:42:14.745+0000][7][gc,heap     ] GC(492) Survivor regions: 1->2(9)
[2023-11-15T23:42:14.745+0000][7][gc,heap     ] GC(492) Old regions: 30->30
[2023-11-15T23:42:14.745+0000][7][gc,heap     ] GC(492) Archive regions: 2->2
[2023-11-15T23:42:14.745+0000][7][gc,heap     ] GC(492) Humongous regions: 5->5
[2023-11-15T23:42:14.745+0000][7][gc,metaspace] GC(492) Metaspace: 117691K(119232K)->117691K(119232K) NonClass: 102182K(103104K)->102182K(103104K) Class: 15508K(16128K)->15508K(16128K)
[2023-11-15T23:42:14.746+0000][7][gc          ] GC(492) Pause Young (Normal) (G1 Evacuation Pause) 414M->147M(512M) 5.487ms
[2023-11-15T23:42:14.746+0000][7][gc,cpu      ] GC(492) User=0.03s Sys=0.00s Real=0.01s
[2023-11-15T23:42:14.746+0000][7][safepoint   ] Safepoint "G1CollectForAllocation", Time since last: 8145165293 ns, Reaching safepoint: 95237 ns, At safepoint: 5659195 ns, Total: 5754432 ns
[2023-11-15T23:42:17.746+0000][7][safepoint   ] Safepoint "Cleanup", Time since last: 3000304852 ns, Reaching safepoint: 57684 ns, At safepoint: 6134 ns, Total: 63818 ns
[2023-11-15T23:42:29.150+0000][7][gc,start    ] GC(493) Pause Young (Concurrent Start) (G1 Evacuation Pause)
[2023-11-15T23:42:29.150+0000][7][gc,task     ] GC(493) Using 8 workers of 8 for evacuation
[2023-11-15T23:42:29.150+0000][7][gc,age      ] GC(493) Desired survivor size 18874368 bytes, new threshold 15 (max threshold 15)
[2023-11-15T23:42:29.153+0000][7][gc,age      ] GC(493) Age table with threshold 15 (max threshold 15)
[2023-11-15T23:42:29.153+0000][7][gc,age      ] GC(493) - age   1:    2047880 bytes,    2047880 total
[2023-11-15T23:42:29.153+0000][7][gc,age      ] GC(493) - age   2:     418288 bytes,    2466168 total
[2023-11-15T23:42:29.153+0000][7][gc,age      ] GC(493) - age   3:    1882736 bytes,    4348904 total
[2023-11-15T23:42:29.153+0000][7][gc,age      ] GC(493) - age   4:      33048 bytes,    4381952 total
[2023-11-15T23:42:29.153+0000][7][gc,age      ] GC(493) - age   5:     222384 bytes,    4604336 total
[2023-11-15T23:42:29.153+0000][7][gc,age      ] GC(493) - age   6:     632480 bytes,    5236816 total
[2023-11-15T23:42:29.153+0000][7][gc,phases   ] GC(493)   Pre Evacuate Collection Set: 0.1ms
[2023-11-15T23:42:29.153+0000][7][gc,phases   ] GC(493)   Merge Heap Roots: 0.1ms
[2023-11-15T23:42:29.153+0000][7][gc,phases   ] GC(493)   Evacuate Collection Set: 2.2ms
[2023-11-15T23:42:29.153+0000][7][gc,phases   ] GC(493)   Post Evacuate Collection Set: 0.5ms
[2023-11-15T23:42:29.153+0000][7][gc,phases   ] GC(493)   Other: 0.2ms
[2023-11-15T23:42:29.153+0000][7][gc,heap     ] GC(493) Eden regions: 67->0(67)
[2023-11-15T23:42:29.153+0000][7][gc,heap     ] GC(493) Survivor regions: 2->2(9)
[2023-11-15T23:42:29.153+0000][7][gc,heap     ] GC(493) Old regions: 30->30
[2023-11-15T23:42:29.153+0000][7][gc,heap     ] GC(493) Archive regions: 2->2
[2023-11-15T23:42:29.153+0000][7][gc,heap     ] GC(493) Humongous regions: 5->5
[2023-11-15T23:42:29.153+0000][7][gc,metaspace] GC(493) Metaspace: 117697K(119296K)->117697K(119296K) NonClass: 102189K(103168K)->102189K(103168K) Class: 15508K(16128K)->15508K(16128K)
[2023-11-15T23:42:29.153+0000][7][gc          ] GC(493) Pause Young (Concurrent Start) (G1 Evacuation Pause) 415M->147M(512M) 3.141ms
[2023-11-15T23:42:29.153+0000][7][gc,cpu      ] GC(493) User=0.02s Sys=0.00s Real=0.00s
[2023-11-15T23:42:29.153+0000][7][gc          ] GC(494) Concurrent Mark Cycle
[2023-11-15T23:42:29.153+0000][7][gc,marking  ] GC(494) Concurrent Clear Claimed Marks
[2023-11-15T23:42:29.153+0000][7][safepoint   ] Safepoint "G1CollectForAllocation", Time since last: 11404202301 ns, Reaching safepoint: 53106 ns, At safepoint: 3235527 ns, Total: 3288633 ns
[2023-11-15T23:42:29.154+0000][7][gc,marking  ] GC(494) Concurrent Clear Claimed Marks 0.129ms
[2023-11-15T23:42:29.154+0000][7][gc,marking  ] GC(494) Concurrent Scan Root Regions
[2023-11-15T23:42:29.157+0000][7][gc,marking  ] GC(494) Concurrent Scan Root Regions 2.932ms
[2023-11-15T23:42:29.157+0000][7][gc,marking  ] GC(494) Concurrent Mark
[2023-11-15T23:42:29.157+0000][7][gc,marking  ] GC(494) Concurrent Mark From Roots
[2023-11-15T23:42:29.157+0000][7][gc,task     ] GC(494) Using 2 workers of 2 for marking
[2023-11-15T23:42:29.230+0000][7][gc,marking  ] GC(494) Concurrent Mark From Roots 73.896ms
[2023-11-15T23:42:29.230+0000][7][gc,marking  ] GC(494) Concurrent Preclean
[2023-11-15T23:42:29.231+0000][7][gc,marking  ] GC(494) Concurrent Preclean 0.159ms
[2023-11-15T23:42:29.231+0000][7][gc,start    ] GC(494) Pause Remark
[2023-11-15T23:42:29.237+0000][7][gc          ] GC(494) Pause Remark 159M->159M(512M) 6.052ms
[2023-11-15T23:42:29.237+0000][7][gc,cpu      ] GC(494) User=0.04s Sys=0.00s Real=0.01s
[2023-11-15T23:42:29.237+0000][7][safepoint   ] Safepoint "G1Concurrent", Time since last: 77254813 ns, Reaching safepoint: 23487 ns, At safepoint: 6160492 ns, Total: 6183979 ns
[2023-11-15T23:42:29.237+0000][7][gc,marking  ] GC(494) Concurrent Mark 80.368ms
[2023-11-15T23:42:29.237+0000][7][gc,marking  ] GC(494) Concurrent Rebuild Remembered Sets
[2023-11-15T23:42:29.269+0000][7][gc,marking  ] GC(494) Concurrent Rebuild Remembered Sets 32.201ms
[2023-11-15T23:42:29.269+0000][7][gc,start    ] GC(494) Pause Cleanup
[2023-11-15T23:42:29.269+0000][7][gc          ] GC(494) Pause Cleanup 159M->159M(512M) 0.069ms
[2023-11-15T23:42:29.269+0000][7][gc,cpu      ] GC(494) User=0.00s Sys=0.00s Real=0.00s
[2023-11-15T23:42:29.269+0000][7][safepoint   ] Safepoint "G1Concurrent", Time since last: 32372830 ns, Reaching safepoint: 39750 ns, At safepoint: 145734 ns, Total: 185484 ns
[2023-11-15T23:42:29.269+0000][7][gc,marking  ] GC(494) Concurrent Cleanup for Next Mark
[2023-11-15T23:42:29.270+0000][7][gc,marking  ] GC(494) Concurrent Cleanup for Next Mark 0.595ms
[2023-11-15T23:42:29.270+0000][7][gc          ] GC(494) Concurrent Mark Cycle 116.657ms
[2023-11-15T23:42:46.559+0000][7][gc,start    ] GC(495) Pause Young (Prepare Mixed) (G1 Evacuation Pause)
[2023-11-15T23:42:46.559+0000][7][gc,task     ] GC(495) Using 8 workers of 8 for evacuation
[2023-11-15T23:42:46.560+0000][7][gc,age      ] GC(495) Desired survivor size 18874368 bytes, new threshold 15 (max threshold 15)
[2023-11-15T23:42:46.565+0000][7][gc,age      ] GC(495) Age table with threshold 15 (max threshold 15)
[2023-11-15T23:42:46.565+0000][7][gc,age      ] GC(495) - age   1:    1414024 bytes,    1414024 total
[2023-11-15T23:42:46.565+0000][7][gc,age      ] GC(495) - age   2:     238664 bytes,    1652688 total
[2023-11-15T23:42:46.565+0000][7][gc,age      ] GC(495) - age   3:     402096 bytes,    2054784 total
[2023-11-15T23:42:46.565+0000][7][gc,age      ] GC(495) - age   4:    1882320 bytes,    3937104 total
[2023-11-15T23:42:46.565+0000][7][gc,age      ] GC(495) - age   5:      33048 bytes,    3970152 total
[2023-11-15T23:42:46.565+0000][7][gc,age      ] GC(495) - age   6:     221888 bytes,    4192040 total
[2023-11-15T23:42:46.565+0000][7][gc,age      ] GC(495) - age   7:     631504 bytes,    4823544 total
[2023-11-15T23:42:46.565+0000][7][gc,phases   ] GC(495)   Pre Evacuate Collection Set: 0.2ms
[2023-11-15T23:42:46.565+0000][7][gc,phases   ] GC(495)   Merge Heap Roots: 0.1ms
[2023-11-15T23:42:46.565+0000][7][gc,phases   ] GC(495)   Evacuate Collection Set: 4.1ms
[2023-11-15T23:42:46.565+0000][7][gc,phases   ] GC(495)   Post Evacuate Collection Set: 1.1ms
[2023-11-15T23:42:46.565+0000][7][gc,phases   ] GC(495)   Other: 0.4ms
[2023-11-15T23:42:46.565+0000][7][gc,heap     ] GC(495) Eden regions: 67->0(4)
[2023-11-15T23:42:46.565+0000][7][gc,heap     ] GC(495) Survivor regions: 2->2(9)
[2023-11-15T23:42:46.565+0000][7][gc,heap     ] GC(495) Old regions: 30->30
[2023-11-15T23:42:46.565+0000][7][gc,heap     ] GC(495) Archive regions: 2->2
[2023-11-15T23:42:46.565+0000][7][gc,heap     ] GC(495) Humongous regions: 5->5
[2023-11-15T23:42:46.565+0000][7][gc,metaspace] GC(495) Metaspace: 117697K(119296K)->117697K(119296K) NonClass: 102189K(103168K)->102189K(103168K) Class: 15508K(16128K)->15508K(16128K)
[2023-11-15T23:42:46.565+0000][7][gc          ] GC(495) Pause Young (Prepare Mixed) (G1 Evacuation Pause) 415M->147M(512M) 6.008ms
[2023-11-15T23:42:46.565+0000][7][gc,cpu      ] GC(495) User=0.04s Sys=0.00s Real=0.01s
[2023-11-15T23:42:46.565+0000][7][safepoint   ] Safepoint "G1CollectForAllocation", Time since last: 17289732780 ns, Reaching safepoint: 67610 ns, At safepoint: 6174205 ns, Total: 6241815 ns
[2023-11-15T23:42:46.987+0000][7][gc,start    ] GC(496) Pause Young (Mixed) (G1 Evacuation Pause)
[2023-11-15T23:42:46.987+0000][7][gc,task     ] GC(496) Using 8 workers of 8 for evacuation
[2023-11-15T23:42:46.987+0000][7][gc,age      ] GC(496) Desired survivor size 2097152 bytes, new threshold 4 (max threshold 15)
[2023-11-15T23:42:46.992+0000][7][gc,age      ] GC(496) Age table with threshold 4 (max threshold 15)
[2023-11-15T23:42:46.992+0000][7][gc,age      ] GC(496) - age   1:     616840 bytes,     616840 total
[2023-11-15T23:42:46.992+0000][7][gc,age      ] GC(496) - age   2:    1377872 bytes,    1994712 total
[2023-11-15T23:42:46.992+0000][7][gc,age      ] GC(496) - age   3:     238344 bytes,    2233056 total
[2023-11-15T23:42:46.992+0000][7][gc,age      ] GC(496) - age   4:     401648 bytes,    2634704 total
[2023-11-15T23:42:46.992+0000][7][gc,phases   ] GC(496)   Pre Evacuate Collection Set: 0.1ms
[2023-11-15T23:42:46.992+0000][7][gc,phases   ] GC(496)   Merge Heap Roots: 0.1ms
[2023-11-15T23:42:46.992+0000][7][gc,phases   ] GC(496)   Evacuate Collection Set: 4.4ms
[2023-11-15T23:42:46.992+0000][7][gc,phases   ] GC(496)   Post Evacuate Collection Set: 0.8ms
[2023-11-15T23:42:46.992+0000][7][gc,phases   ] GC(496)   Other: 0.3ms
[2023-11-15T23:42:46.992+0000][7][gc,heap     ] GC(496) Eden regions: 4->0(68)
[2023-11-15T23:42:46.992+0000][7][gc,heap     ] GC(496) Survivor regions: 2->1(1)
[2023-11-15T23:42:46.992+0000][7][gc,heap     ] GC(496) Old regions: 30->30
[2023-11-15T23:42:46.992+0000][7][gc,heap     ] GC(496) Archive regions: 2->2
[2023-11-15T23:42:46.992+0000][7][gc,heap     ] GC(496) Humongous regions: 5->5
[2023-11-15T23:42:46.992+0000][7][gc,metaspace] GC(496) Metaspace: 117700K(119296K)->117700K(119296K) NonClass: 102192K(103168K)->102192K(103168K) Class: 15508K(16128K)->15508K(16128K)
[2023-11-15T23:42:46.993+0000][7][gc          ] GC(496) Pause Young (Mixed) (G1 Evacuation Pause) 163M->146M(512M) 5.848ms
[2023-11-15T23:42:46.993+0000][7][gc,cpu      ] GC(496) User=0.04s Sys=0.00s Real=0.00s
[2023-11-15T23:42:46.993+0000][7][safepoint   ] Safepoint "G1CollectForAllocation", Time since last: 421088599 ns, Reaching safepoint: 78933 ns, At safepoint: 5976805 ns, Total: 6055738 ns
[2023-11-15T23:42:47.993+0000][7][safepoint   ] Safepoint "Cleanup", Time since last: 1000136398 ns, Reaching safepoint: 222262 ns, At safepoint: 19971 ns, Total: 242233 ns
[2023-11-15T23:43:02.470+0000][7][gc,start    ] GC(497) Pause Young (Normal) (G1 Evacuation Pause)
[2023-11-15T23:43:02.470+0000][7][gc,task     ] GC(497) Using 8 workers of 8 for evacuation
[2023-11-15T23:43:02.470+0000][7][gc,age      ] GC(497) Desired survivor size 18874368 bytes, new threshold 15 (max threshold 15)
[2023-11-15T23:43:02.472+0000][7][gc,age      ] GC(497) Age table with threshold 15 (max threshold 15)
[2023-11-15T23:43:02.472+0000][7][gc,age      ] GC(497) - age   1:    1666808 bytes,    1666808 total
[2023-11-15T23:43:02.472+0000][7][gc,age      ] GC(497) - age   2:      40328 bytes,    1707136 total
[2023-11-15T23:43:02.472+0000][7][gc,age      ] GC(497) - age   3:     358392 bytes,    2065528 total
[2023-11-15T23:43:02.472+0000][7][gc,age      ] GC(497) - age   4:     208696 bytes,    2274224 total
[2023-11-15T23:43:02.472+0000][7][gc,age      ] GC(497) - age   5:     271152 bytes,    2545376 total
[2023-11-15T23:43:02.472+0000][7][gc,phases   ] GC(497)   Pre Evacuate Collection Set: 0.1ms
[2023-11-15T23:43:02.472+0000][7][gc,phases   ] GC(497)   Merge Heap Roots: 0.1ms
[2023-11-15T23:43:02.472+0000][7][gc,phases   ] GC(497)   Evacuate Collection Set: 1.6ms
[2023-11-15T23:43:02.472+0000][7][gc,phases   ] GC(497)   Post Evacuate Collection Set: 0.6ms
[2023-11-15T23:43:02.472+0000][7][gc,phases   ] GC(497)   Other: 0.2ms
[2023-11-15T23:43:02.472+0000][7][gc,heap     ] GC(497) Eden regions: 68->0(68)
[2023-11-15T23:43:02.472+0000][7][gc,heap     ] GC(497) Survivor regions: 1->1(9)
[2023-11-15T23:43:02.472+0000][7][gc,heap     ] GC(497) Old regions: 30->30
[2023-11-15T23:43:02.472+0000][7][gc,heap     ] GC(497) Archive regions: 2->2
[2023-11-15T23:43:02.472+0000][7][gc,heap     ] GC(497) Humongous regions: 5->5
[2023-11-15T23:43:02.472+0000][7][gc,metaspace] GC(497) Metaspace: 117703K(119296K)->117703K(119296K) NonClass: 102195K(103168K)->102195K(103168K) Class: 15508K(16128K)->15508K(16128K)
[2023-11-15T23:43:02.472+0000][7][gc          ] GC(497) Pause Young (Normal) (G1 Evacuation Pause) 418M->146M(512M) 2.548ms
[2023-11-15T23:43:02.472+0000][7][gc,cpu      ] GC(497) User=0.01s Sys=0.00s Real=0.00s
[2023-11-15T23:43:02.472+0000][7][safepoint   ] Safepoint "G1CollectForAllocation", Time since last: 14476701698 ns, Reaching safepoint: 67903 ns, At safepoint: 2638257 ns, Total: 2706160 ns
[2023-11-15T23:43:11.474+0000][7][safepoint   ] Safepoint "Cleanup", Time since last: 9001545698 ns, Reaching safepoint: 63301 ns, At safepoint: 7634 ns, Total: 70935 ns
[2023-11-15T23:43:20.134+0000][7][gc,start    ] GC(498) Pause Young (Normal) (G1 Evacuation Pause)
[2023-11-15T23:43:20.135+0000][7][gc,task     ] GC(498) Using 8 workers of 8 for evacuation
[2023-11-15T23:43:20.135+0000][7][gc,age      ] GC(498) Desired survivor size 18874368 bytes, new threshold 15 (max threshold 15)
[2023-11-15T23:43:20.140+0000][7][gc,age      ] GC(498) Age table with threshold 15 (max threshold 15)
[2023-11-15T23:43:20.140+0000][7][gc,age      ] GC(498) - age   1:    2507296 bytes,    2507296 total
[2023-11-15T23:43:20.140+0000][7][gc,age      ] GC(498) - age   2:     591224 bytes,    3098520 total
[2023-11-15T23:43:20.140+0000][7][gc,age      ] GC(498) - age   3:        192 bytes,    3098712 total
[2023-11-15T23:43:20.140+0000][7][gc,age      ] GC(498) - age   4:     235456 bytes,    3334168 total
[2023-11-15T23:43:20.140+0000][7][gc,age      ] GC(498) - age   5:     206984 bytes,    3541152 total
[2023-11-15T23:43:20.140+0000][7][gc,age      ] GC(498) - age   6:     270272 bytes,    3811424 total
[2023-11-15T23:43:20.140+0000][7][gc,phases   ] GC(498)   Pre Evacuate Collection Set: 0.2ms
[2023-11-15T23:43:20.140+0000][7][gc,phases   ] GC(498)   Merge Heap Roots: 0.2ms
[2023-11-15T23:43:20.140+0000][7][gc,phases   ] GC(498)   Evacuate Collection Set: 3.5ms
[2023-11-15T23:43:20.140+0000][7][gc,phases   ] GC(498)   Post Evacuate Collection Set: 1.2ms
[2023-11-15T23:43:20.140+0000][7][gc,phases   ] GC(498)   Other: 0.5ms
[2023-11-15T23:43:20.140+0000][7][gc,heap     ] GC(498) Eden regions: 68->0(68)
[2023-11-15T23:43:20.140+0000][7][gc,heap     ] GC(498) Survivor regions: 1->1(9)
[2023-11-15T23:43:20.140+0000][7][gc,heap     ] GC(498) Old regions: 30->30
[2023-11-15T23:43:20.140+0000][7][gc,heap     ] GC(498) Archive regions: 2->2
[2023-11-15T23:43:20.140+0000][7][gc,heap     ] GC(498) Humongous regions: 5->5
[2023-11-15T23:43:20.140+0000][7][gc,metaspace] GC(498) Metaspace: 117703K(119296K)->117703K(119296K) NonClass: 102195K(103168K)->102195K(103168K) Class: 15508K(16128K)->15508K(16128K)
[2023-11-15T23:43:20.140+0000][7][gc          ] GC(498) Pause Young (Normal) (G1 Evacuation Pause) 418M->147M(512M) 5.640ms
[2023-11-15T23:43:20.140+0000][7][gc,cpu      ] GC(498) User=0.03s Sys=0.00s Real=0.00s
[2023-11-15T23:43:20.140+0000][7][safepoint   ] Safepoint "G1CollectForAllocation", Time since last: 8660243065 ns, Reaching safepoint: 103224 ns, At safepoint: 5860226 ns, Total: 5963450 ns
[2023-11-15T23:43:36.841+0000][7][gc,start    ] GC(499) Pause Young (Concurrent Start) (G1 Evacuation Pause)
[2023-11-15T23:43:36.842+0000][7][gc,task     ] GC(499) Using 8 workers of 8 for evacuation
[2023-11-15T23:43:36.842+0000][7][gc,age      ] GC(499) Desired survivor size 18874368 bytes, new threshold 15 (max threshold 15)
[2023-11-15T23:43:36.846+0000][7][gc,age      ] GC(499) Age table with threshold 15 (max threshold 15)
[2023-11-15T23:43:36.846+0000][7][gc,age      ] GC(499) - age   1:    1640304 bytes,    1640304 total
[2023-11-15T23:43:36.846+0000][7][gc,age      ] GC(499) - age   2:    1415296 bytes,    3055600 total
[2023-11-15T23:43:36.846+0000][7][gc,age      ] GC(499) - age   3:     456608 bytes,    3512208 total
[2023-11-15T23:43:36.846+0000][7][gc,age      ] GC(499) - age   5:     234320 bytes,    3746528 total
[2023-11-15T23:43:36.846+0000][7][gc,age      ] GC(499) - age   6:     206064 bytes,    3952592 total
[2023-11-15T23:43:36.846+0000][7][gc,age      ] GC(499) - age   7:     270272 bytes,    4222864 total
[2023-11-15T23:43:36.846+0000][7][gc,phases   ] GC(499)   Pre Evacuate Collection Set: 0.2ms
[2023-11-15T23:43:36.846+0000][7][gc,phases   ] GC(499)   Merge Heap Roots: 0.1ms
[2023-11-15T23:43:36.846+0000][7][gc,phases   ] GC(499)   Evacuate Collection Set: 3.4ms
[2023-11-15T23:43:36.846+0000][7][gc,phases   ] GC(499)   Post Evacuate Collection Set: 0.8ms
[2023-11-15T23:43:36.846+0000][7][gc,phases   ] GC(499)   Other: 0.4ms
[2023-11-15T23:43:36.846+0000][7][gc,heap     ] GC(499) Eden regions: 68->0(67)
[2023-11-15T23:43:36.846+0000][7][gc,heap     ] GC(499) Survivor regions: 1->2(9)
[2023-11-15T23:43:36.846+0000][7][gc,heap     ] GC(499) Old regions: 30->30
[2023-11-15T23:43:36.846+0000][7][gc,heap     ] GC(499) Archive regions: 2->2
[2023-11-15T23:43:36.846+0000][7][gc,heap     ] GC(499) Humongous regions: 5->5
[2023-11-15T23:43:36.846+0000][7][gc,metaspace] GC(499) Metaspace: 117703K(119296K)->117703K(119296K) NonClass: 102195K(103168K)->102195K(103168K) Class: 15508K(16128K)->15508K(16128K)
[2023-11-15T23:43:36.846+0000][7][gc          ] GC(499) Pause Young (Concurrent Start) (G1 Evacuation Pause) 419M->147M(512M) 5.033ms
[2023-11-15T23:43:36.847+0000][7][gc,cpu      ] GC(499) User=0.02s Sys=0.00s Real=0.01s
[2023-11-15T23:43:36.847+0000][7][safepoint   ] Safepoint "G1CollectForAllocation", Time since last: 16701147693 ns, Reaching safepoint: 63000 ns, At safepoint: 5166809 ns, Total: 5229809 ns
[2023-11-15T23:43:36.847+0000][7][gc          ] GC(500) Concurrent Mark Cycle
[2023-11-15T23:43:36.847+0000][7][gc,marking  ] GC(500) Concurrent Clear Claimed Marks
[2023-11-15T23:43:36.847+0000][7][gc,marking  ] GC(500) Concurrent Clear Claimed Marks 0.111ms
[2023-11-15T23:43:36.847+0000][7][gc,marking  ] GC(500) Concurrent Scan Root Regions
[2023-11-15T23:43:36.850+0000][7][gc,marking  ] GC(500) Concurrent Scan Root Regions 3.214ms
[2023-11-15T23:43:36.850+0000][7][gc,marking  ] GC(500) Concurrent Mark
[2023-11-15T23:43:36.850+0000][7][gc,marking  ] GC(500) Concurrent Mark From Roots
[2023-11-15T23:43:36.850+0000][7][gc,task     ] GC(500) Using 2 workers of 2 for marking
[2023-11-15T23:43:36.933+0000][7][gc,marking  ] GC(500) Concurrent Mark From Roots 82.645ms
[2023-11-15T23:43:36.933+0000][7][gc,marking  ] GC(500) Concurrent Preclean
[2023-11-15T23:43:36.933+0000][7][gc,marking  ] GC(500) Concurrent Preclean 0.233ms
[2023-11-15T23:43:36.933+0000][7][gc,start    ] GC(500) Pause Remark
[2023-11-15T23:43:36.940+0000][7][gc          ] GC(500) Pause Remark 150M->150M(512M) 6.763ms
[2023-11-15T23:43:36.940+0000][7][gc,cpu      ] GC(500) User=0.05s Sys=0.00s Real=0.01s
[2023-11-15T23:43:36.940+0000][7][safepoint   ] Safepoint "G1Concurrent", Time since last: 86365859 ns, Reaching safepoint: 24469 ns, At safepoint: 6835258 ns, Total: 6859727 ns
[2023-11-15T23:43:36.940+0000][7][gc,marking  ] GC(500) Concurrent Mark 89.810ms
[2023-11-15T23:43:36.940+0000][7][gc,marking  ] GC(500) Concurrent Rebuild Remembered Sets
[2023-11-15T23:43:36.978+0000][7][gc,marking  ] GC(500) Concurrent Rebuild Remembered Sets 38.139ms
[2023-11-15T23:43:36.978+0000][7][gc,start    ] GC(500) Pause Cleanup
[2023-11-15T23:43:36.978+0000][7][gc          ] GC(500) Pause Cleanup 150M->150M(512M) 0.116ms
[2023-11-15T23:43:36.978+0000][7][gc,cpu      ] GC(500) User=0.00s Sys=0.00s Real=0.00s
[2023-11-15T23:43:36.978+0000][7][safepoint   ] Safepoint "G1Concurrent", Time since last: 38229194 ns, Reaching safepoint: 50673 ns, At safepoint: 185667 ns, Total: 236340 ns
[2023-11-15T23:43:36.978+0000][7][gc,marking  ] GC(500) Concurrent Cleanup for Next Mark
[2023-11-15T23:43:36.979+0000][7][gc,marking  ] GC(500) Concurrent Cleanup for Next Mark 1.082ms
[2023-11-15T23:43:36.979+0000][7][gc          ] GC(500) Concurrent Mark Cycle 132.894ms
[2023-11-15T23:43:46.980+0000][7][safepoint   ] Safepoint "Cleanup", Time since last: 10001108526 ns, Reaching safepoint: 233800 ns, At safepoint: 19109 ns, Total: 252909 ns
[2023-11-15T23:43:53.027+0000][7][gc,start    ] GC(501) Pause Young (Prepare Mixed) (G1 Evacuation Pause)
[2023-11-15T23:43:53.027+0000][7][gc,task     ] GC(501) Using 8 workers of 8 for evacuation
[2023-11-15T23:43:53.027+0000][7][gc,age      ] GC(501) Desired survivor size 18874368 bytes, new threshold 15 (max threshold 15)
[2023-11-15T23:43:53.032+0000][7][gc,age      ] GC(501) Age table with threshold 15 (max threshold 15)
[2023-11-15T23:43:53.032+0000][7][gc,age      ] GC(501) - age   1:    1733696 bytes,    1733696 total
[2023-11-15T23:43:53.032+0000][7][gc,age      ] GC(501) - age   2:     555776 bytes,    2289472 total
[2023-11-15T23:43:53.032+0000][7][gc,age      ] GC(501) - age   3:    1411208 bytes,    3700680 total
[2023-11-15T23:43:53.032+0000][7][gc,age      ] GC(501) - age   4:     456256 bytes,    4156936 total
[2023-11-15T23:43:53.032+0000][7][gc,age      ] GC(501) - age   6:     234168 bytes,    4391104 total
[2023-11-15T23:43:53.032+0000][7][gc,age      ] GC(501) - age   7:     205936 bytes,    4597040 total
[2023-11-15T23:43:53.032+0000][7][gc,age      ] GC(501) - age   8:     270208 bytes,    4867248 total
[2023-11-15T23:43:53.032+0000][7][gc,phases   ] GC(501)   Pre Evacuate Collection Set: 0.1ms
[2023-11-15T23:43:53.032+0000][7][gc,phases   ] GC(501)   Merge Heap Roots: 0.1ms
[2023-11-15T23:43:53.032+0000][7][gc,phases   ] GC(501)   Evacuate Collection Set: 3.3ms
[2023-11-15T23:43:53.032+0000][7][gc,phases   ] GC(501)   Post Evacuate Collection Set: 0.9ms
[2023-11-15T23:43:53.032+0000][7][gc,phases   ] GC(501)   Other: 0.4ms
[2023-11-15T23:43:53.032+0000][7][gc,heap     ] GC(501) Eden regions: 67->0(4)
[2023-11-15T23:43:53.032+0000][7][gc,heap     ] GC(501) Survivor regions: 2->2(9)
[2023-11-15T23:43:53.032+0000][7][gc,heap     ] GC(501) Old regions: 30->30
[2023-11-15T23:43:53.032+0000][7][gc,heap     ] GC(501) Archive regions: 2->2
[2023-11-15T23:43:53.032+0000][7][gc,heap     ] GC(501) Humongous regions: 5->5
[2023-11-15T23:43:53.032+0000][7][gc,metaspace] GC(501) Metaspace: 117703K(119296K)->117703K(119296K) NonClass: 102195K(103168K)->102195K(103168K) Class: 15508K(16128K)->15508K(16128K)
[2023-11-15T23:43:53.032+0000][7][gc          ] GC(501) Pause Young (Prepare Mixed) (G1 Evacuation Pause) 415M->148M(512M) 4.982ms
[2023-11-15T23:43:53.032+0000][7][gc,cpu      ] GC(501) User=0.03s Sys=0.01s Real=0.00s
[2023-11-15T23:43:53.032+0000][7][safepoint   ] Safepoint "G1CollectForAllocation", Time since last: 6047255062 ns, Reaching safepoint: 83343 ns, At safepoint: 5133089 ns, Total: 5216432 ns
[2023-11-15T23:43:53.597+0000][7][gc,start    ] GC(502) Pause Young (Mixed) (G1 Evacuation Pause)
[2023-11-15T23:43:53.597+0000][7][gc,task     ] GC(502) Using 8 workers of 8 for evacuation
[2023-11-15T23:43:53.597+0000][7][gc,age      ] GC(502) Desired survivor size 2097152 bytes, new threshold 2 (max threshold 15)
[2023-11-15T23:43:53.615+0000][7][gc,age      ] GC(502) Age table with threshold 2 (max threshold 15)
[2023-11-15T23:43:53.615+0000][7][gc,age      ] GC(502) - age   1:     391064 bytes,     391064 total
[2023-11-15T23:43:53.615+0000][7][gc,age      ] GC(502) - age   2:    1077312 bytes,    1468376 total
[2023-11-15T23:43:53.615+0000][7][gc,phases   ] GC(502)   Pre Evacuate Collection Set: 0.1ms
[2023-11-15T23:43:53.615+0000][7][gc,phases   ] GC(502)   Merge Heap Roots: 0.1ms
[2023-11-15T23:43:53.615+0000][7][gc,phases   ] GC(502)   Evacuate Collection Set: 16.9ms
[2023-11-15T23:43:53.615+0000][7][gc,phases   ] GC(502)   Post Evacuate Collection Set: 0.8ms
[2023-11-15T23:43:53.615+0000][7][gc,phases   ] GC(502)   Other: 0.3ms
[2023-11-15T23:43:53.615+0000][7][gc,heap     ] GC(502) Eden regions: 4->0(67)
[2023-11-15T23:43:53.615+0000][7][gc,heap     ] GC(502) Survivor regions: 2->1(1)
[2023-11-15T23:43:53.615+0000][7][gc,heap     ] GC(502) Old regions: 30->31
[2023-11-15T23:43:53.616+0000][7][gc,heap     ] GC(502) Archive regions: 2->2
[2023-11-15T23:43:53.616+0000][7][gc,heap     ] GC(502) Humongous regions: 5->5
[2023-11-15T23:43:53.616+0000][7][gc,metaspace] GC(502) Metaspace: 117703K(119296K)->117703K(119296K) NonClass: 102195K(103168K)->102195K(103168K) Class: 15508K(16128K)->15508K(16128K)
[2023-11-15T23:43:53.616+0000][7][gc          ] GC(502) Pause Young (Mixed) (G1 Evacuation Pause) 164M->146M(512M) 18.250ms
[2023-11-15T23:43:53.616+0000][7][gc,cpu      ] GC(502) User=0.03s Sys=0.02s Real=0.02s
[2023-11-15T23:43:53.616+0000][7][safepoint   ] Safepoint "G1CollectForAllocation", Time since last: 565075035 ns, Reaching safepoint: 82093 ns, At safepoint: 18393311 ns, Total: 18475404 ns
[2023-11-15T23:44:11.026+0000][7][gc,start    ] GC(503) Pause Young (Normal) (G1 Evacuation Pause)
[2023-11-15T23:44:11.026+0000][7][gc,task     ] GC(503) Using 8 workers of 8 for evacuation
[2023-11-15T23:44:11.026+0000][7][gc,age      ] GC(503) Desired survivor size 18874368 bytes, new threshold 15 (max threshold 15)
[2023-11-15T23:44:11.028+0000][7][gc,age      ] GC(503) Age table with threshold 15 (max threshold 15)
[2023-11-15T23:44:11.028+0000][7][gc,age      ] GC(503) - age   1:    3392488 bytes,    3392488 total
[2023-11-15T23:44:11.028+0000][7][gc,age      ] GC(503) - age   2:        512 bytes,    3393000 total
[2023-11-15T23:44:11.028+0000][7][gc,age      ] GC(503) - age   3:     412992 bytes,    3805992 total
[2023-11-15T23:44:11.028+0000][7][gc,phases   ] GC(503)   Pre Evacuate Collection Set: 0.1ms
[2023-11-15T23:44:11.028+0000][7][gc,phases   ] GC(503)   Merge Heap Roots: 0.0ms
[2023-11-15T23:44:11.028+0000][7][gc,phases   ] GC(503)   Evacuate Collection Set: 1.4ms
[2023-11-15T23:44:11.028+0000][7][gc,phases   ] GC(503)   Post Evacuate Collection Set: 0.5ms
[2023-11-15T23:44:11.028+0000][7][gc,phases   ] GC(503)   Other: 0.2ms
[2023-11-15T23:44:11.028+0000][7][gc,heap     ] GC(503) Eden regions: 67->0(66)
[2023-11-15T23:44:11.028+0000][7][gc,heap     ] GC(503) Survivor regions: 1->1(9)
[2023-11-15T23:44:11.028+0000][7][gc,heap     ] GC(503) Old regions: 31->31
[2023-11-15T23:44:11.028+0000][7][gc,heap     ] GC(503) Archive regions: 2->2
[2023-11-15T23:44:11.028+0000][7][gc,heap     ] GC(503) Humongous regions: 5->5
[2023-11-15T23:44:11.028+0000][7][gc,metaspace] GC(503) Metaspace: 117703K(119296K)->117703K(119296K) NonClass: 102195K(103168K)->102195K(103168K) Class: 15508K(16128K)->15508K(16128K)
[2023-11-15T23:44:11.028+0000][7][gc          ] GC(503) Pause Young (Normal) (G1 Evacuation Pause) 414M->148M(512M) 2.125ms
[2023-11-15T23:44:11.028+0000][7][gc,cpu      ] GC(503) User=0.01s Sys=0.00s Real=0.00s
[2023-11-15T23:44:11.028+0000][7][safepoint   ] Safepoint "G1CollectForAllocation", Time since last: 17410378745 ns, Reaching safepoint: 32276 ns, At safepoint: 2209715 ns, Total: 2241991 ns
[2023-11-15T23:44:20.029+0000][7][safepoint   ] Safepoint "Cleanup", Time since last: 9000946344 ns, Reaching safepoint: 64777 ns, At safepoint: 10605 ns, Total: 75382 ns
[2023-11-15T23:44:27.538+0000][7][gc,start    ] GC(504) Pause Young (Normal) (G1 Evacuation Pause)
[2023-11-15T23:44:27.538+0000][7][gc,task     ] GC(504) Using 8 workers of 8 for evacuation
[2023-11-15T23:44:27.538+0000][7][gc,age      ] GC(504) Desired survivor size 18874368 bytes, new threshold 15 (max threshold 15)
[2023-11-15T23:44:27.545+0000][7][gc,age      ] GC(504) Age table with threshold 15 (max threshold 15)
[2023-11-15T23:44:27.545+0000][7][gc,age      ] GC(504) - age   1:    1205176 bytes,    1205176 total
[2023-11-15T23:44:27.545+0000][7][gc,age      ] GC(504) - age   2:    2328800 bytes,    3533976 total
[2023-11-15T23:44:27.545+0000][7][gc,age      ] GC(504) - age   3:        352 bytes,    3534328 total
[2023-11-15T23:44:27.545+0000][7][gc,age      ] GC(504) - age   4:     237856 bytes,    3772184 total
[2023-11-15T23:44:27.545+0000][7][gc,phases   ] GC(504)   Pre Evacuate Collection Set: 0.3ms
[2023-11-15T23:44:27.545+0000][7][gc,phases   ] GC(504)   Merge Heap Roots: 0.2ms
[2023-11-15T23:44:27.545+0000][7][gc,phases   ] GC(504)   Evacuate Collection Set: 4.7ms
[2023-11-15T23:44:27.545+0000][7][gc,phases   ] GC(504)   Post Evacuate Collection Set: 1.5ms
[2023-11-15T23:44:27.545+0000][7][gc,phases   ] GC(504)   Other: 0.5ms
[2023-11-15T23:44:27.545+0000][7][gc,heap     ] GC(504) Eden regions: 66->0(67)
[2023-11-15T23:44:27.545+0000][7][gc,heap     ] GC(504) Survivor regions: 1->1(9)
[2023-11-15T23:44:27.545+0000][7][gc,heap     ] GC(504) Old regions: 31->31
[2023-11-15T23:44:27.545+0000][7][gc,heap     ] GC(504) Archive regions: 2->2
[2023-11-15T23:44:27.545+0000][7][gc,heap     ] GC(504) Humongous regions: 5->5
[2023-11-15T23:44:27.545+0000][7][gc,metaspace] GC(504) Metaspace: 117703K(119296K)->117703K(119296K) NonClass: 102195K(103168K)->102195K(103168K) Class: 15508K(16128K)->15508K(16128K)
[2023-11-15T23:44:27.545+0000][7][gc          ] GC(504) Pause Young (Normal) (G1 Evacuation Pause) 412M->148M(512M) 7.163ms
[2023-11-15T23:44:27.545+0000][7][gc,cpu      ] GC(504) User=0.04s Sys=0.00s Real=0.01s
[2023-11-15T23:44:27.545+0000][7][safepoint   ] Safepoint "G1CollectForAllocation", Time since last: 7508619565 ns, Reaching safepoint: 143223 ns, At safepoint: 7339117 ns, Total: 7482340 ns
[2023-11-15T23:44:43.738+0000][7][gc,start    ] GC(505) Pause Young (Concurrent Start) (G1 Evacuation Pause)
[2023-11-15T23:44:43.738+0000][7][gc,task     ] GC(505) Using 8 workers of 8 for evacuation
[2023-11-15T23:44:43.739+0000][7][gc,age      ] GC(505) Desired survivor size 18874368 bytes, new threshold 15 (max threshold 15)
[2023-11-15T23:44:43.744+0000][7][gc,age      ] GC(505) Age table with threshold 15 (max threshold 15)
[2023-11-15T23:44:43.744+0000][7][gc,age      ] GC(505) - age   1:    1536960 bytes,    1536960 total
[2023-11-15T23:44:43.744+0000][7][gc,age      ] GC(505) - age   2:     237936 bytes,    1774896 total
[2023-11-15T23:44:43.744+0000][7][gc,age      ] GC(505) - age   3:    2314056 bytes,    4088952 total
[2023-11-15T23:44:43.744+0000][7][gc,age      ] GC(505) - age   4:        288 bytes,    4089240 total
[2023-11-15T23:44:43.744+0000][7][gc,age      ] GC(505) - age   5:     236928 bytes,    4326168 total
[2023-11-15T23:44:43.744+0000][7][gc,phases   ] GC(505)   Pre Evacuate Collection Set: 0.3ms
[2023-11-15T23:44:43.744+0000][7][gc,phases   ] GC(505)   Merge Heap Roots: 0.1ms
[2023-11-15T23:44:43.744+0000][7][gc,phases   ] GC(505)   Evacuate Collection Set: 4.2ms
[2023-11-15T23:44:43.744+0000][7][gc,phases   ] GC(505)   Post Evacuate Collection Set: 1.1ms
[2023-11-15T23:44:43.744+0000][7][gc,phases   ] GC(505)   Other: 0.5ms
[2023-11-15T23:44:43.745+0000][7][gc,heap     ] GC(505) Eden regions: 67->0(66)
[2023-11-15T23:44:43.745+0000][7][gc,heap     ] GC(505) Survivor regions: 1->2(9)
[2023-11-15T23:44:43.745+0000][7][gc,heap     ] GC(505) Old regions: 31->31
[2023-11-15T23:44:43.745+0000][7][gc,heap     ] GC(505) Archive regions: 2->2
[2023-11-15T23:44:43.745+0000][7][gc,heap     ] GC(505) Humongous regions: 5->5
[2023-11-15T23:44:43.745+0000][7][gc,metaspace] GC(505) Metaspace: 117703K(119296K)->117703K(119296K) NonClass: 102195K(103168K)->102195K(103168K) Class: 15508K(16128K)->15508K(16128K)
[2023-11-15T23:44:43.745+0000][7][gc          ] GC(505) Pause Young (Concurrent Start) (G1 Evacuation Pause) 416M->149M(512M) 6.259ms
[2023-11-15T23:44:43.745+0000][7][gc,cpu      ] GC(505) User=0.02s Sys=0.00s Real=0.01s
[2023-11-15T23:44:43.745+0000][7][safepoint   ] Safepoint "G1CollectForAllocation", Time since last: 16192740130 ns, Reaching safepoint: 154539 ns, At safepoint: 6431376 ns, Total: 6585915 ns
[2023-11-15T23:44:43.745+0000][7][gc          ] GC(506) Concurrent Mark Cycle
[2023-11-15T23:44:43.745+0000][7][gc,marking  ] GC(506) Concurrent Clear Claimed Marks
[2023-11-15T23:44:43.745+0000][7][gc,marking  ] GC(506) Concurrent Clear Claimed Marks 0.155ms
[2023-11-15T23:44:43.745+0000][7][gc,marking  ] GC(506) Concurrent Scan Root Regions
[2023-11-15T23:44:43.748+0000][7][gc,marking  ] GC(506) Concurrent Scan Root Regions 3.335ms
[2023-11-15T23:44:43.748+0000][7][gc,marking  ] GC(506) Concurrent Mark
[2023-11-15T23:44:43.748+0000][7][gc,marking  ] GC(506) Concurrent Mark From Roots
[2023-11-15T23:44:43.748+0000][7][gc,task     ] GC(506) Using 2 workers of 2 for marking
[2023-11-15T23:44:43.827+0000][7][gc,marking  ] GC(506) Concurrent Mark From Roots 78.549ms
[2023-11-15T23:44:43.827+0000][7][gc,marking  ] GC(506) Concurrent Preclean
[2023-11-15T23:44:43.827+0000][7][gc,marking  ] GC(506) Concurrent Preclean 0.167ms
[2023-11-15T23:44:43.827+0000][7][gc,start    ] GC(506) Pause Remark
[2023-11-15T23:44:43.834+0000][7][gc          ] GC(506) Pause Remark 152M->152M(512M) 6.299ms
[2023-11-15T23:44:43.834+0000][7][gc,cpu      ] GC(506) User=0.03s Sys=0.00s Real=0.00s
[2023-11-15T23:44:43.834+0000][7][safepoint   ] Safepoint "G1Concurrent", Time since last: 82471543 ns, Reaching safepoint: 19517 ns, At safepoint: 6402918 ns, Total: 6422435 ns
[2023-11-15T23:44:43.834+0000][7][gc,marking  ] GC(506) Concurrent Mark 85.287ms
[2023-11-15T23:44:43.834+0000][7][gc,marking  ] GC(506) Concurrent Rebuild Remembered Sets
[2023-11-15T23:44:43.867+0000][7][gc,marking  ] GC(506) Concurrent Rebuild Remembered Sets 33.403ms
[2023-11-15T23:44:43.867+0000][7][gc,start    ] GC(506) Pause Cleanup
[2023-11-15T23:44:43.867+0000][7][gc          ] GC(506) Pause Cleanup 153M->153M(512M) 0.087ms
[2023-11-15T23:44:43.867+0000][7][gc,cpu      ] GC(506) User=0.00s Sys=0.00s Real=0.00s
[2023-11-15T23:44:43.867+0000][7][safepoint   ] Safepoint "G1Concurrent", Time since last: 33569473 ns, Reaching safepoint: 30244 ns, At safepoint: 124274 ns, Total: 154518 ns
[2023-11-15T23:44:43.867+0000][7][gc,marking  ] GC(506) Concurrent Cleanup for Next Mark
[2023-11-15T23:44:43.868+0000][7][gc,marking  ] GC(506) Concurrent Cleanup for Next Mark 0.495ms
[2023-11-15T23:44:43.868+0000][7][gc          ] GC(506) Concurrent Mark Cycle 123.148ms
[2023-11-15T23:44:50.868+0000][7][safepoint   ] Safepoint "Cleanup", Time since last: 7000661207 ns, Reaching safepoint: 49608 ns, At safepoint: 4956 ns, Total: 54564 ns
[2023-11-15T23:44:59.848+0000][7][gc,start    ] GC(507) Pause Young (Prepare Mixed) (G1 Evacuation Pause)
[2023-11-15T23:44:59.848+0000][7][gc,task     ] GC(507) Using 8 workers of 8 for evacuation
[2023-11-15T23:44:59.849+0000][7][gc,age      ] GC(507) Desired survivor size 18874368 bytes, new threshold 15 (max threshold 15)
[2023-11-15T23:44:59.855+0000][7][gc,age      ] GC(507) Age table with threshold 15 (max threshold 15)
[2023-11-15T23:44:59.855+0000][7][gc,age      ] GC(507) - age   1:    1142392 bytes,    1142392 total
[2023-11-15T23:44:59.855+0000][7][gc,age      ] GC(507) - age   2:     853824 bytes,    1996216 total
[2023-11-15T23:44:59.855+0000][7][gc,age      ] GC(507) - age   3:     236352 bytes,    2232568 total
[2023-11-15T23:44:59.855+0000][7][gc,age      ] GC(507) - age   4:    2178744 bytes,    4411312 total
[2023-11-15T23:44:59.855+0000][7][gc,age      ] GC(507) - age   6:     236488 bytes,    4647800 total
[2023-11-15T23:44:59.855+0000][7][gc,phases   ] GC(507)   Pre Evacuate Collection Set: 0.3ms
[2023-11-15T23:44:59.855+0000][7][gc,phases   ] GC(507)   Merge Heap Roots: 0.2ms
[2023-11-15T23:44:59.855+0000][7][gc,phases   ] GC(507)   Evacuate Collection Set: 4.3ms
[2023-11-15T23:44:59.855+0000][7][gc,phases   ] GC(507)   Post Evacuate Collection Set: 1.8ms
[2023-11-15T23:44:59.855+0000][7][gc,phases   ] GC(507)   Other: 0.6ms
[2023-11-15T23:44:59.855+0000][7][gc,heap     ] GC(507) Eden regions: 66->0(4)
[2023-11-15T23:44:59.856+0000][7][gc,heap     ] GC(507) Survivor regions: 2->2(9)
[2023-11-15T23:44:59.856+0000][7][gc,heap     ] GC(507) Old regions: 31->31
[2023-11-15T23:44:59.856+0000][7][gc,heap     ] GC(507) Archive regions: 2->2
[2023-11-15T23:44:59.856+0000][7][gc,heap     ] GC(507) Humongous regions: 5->5
[2023-11-15T23:44:59.856+0000][7][gc,metaspace] GC(507) Metaspace: 117703K(119296K)->117703K(119296K) NonClass: 102195K(103168K)->102195K(103168K) Class: 15508K(16128K)->15508K(16128K)
[2023-11-15T23:44:59.856+0000][7][gc          ] GC(507) Pause Young (Prepare Mixed) (G1 Evacuation Pause) 413M->149M(512M) 7.289ms
[2023-11-15T23:44:59.856+0000][7][gc,cpu      ] GC(507) User=0.03s Sys=0.00s Real=0.01s
[2023-11-15T23:44:59.856+0000][7][safepoint   ] Safepoint "G1CollectForAllocation", Time since last: 8980074074 ns, Reaching safepoint: 130362 ns, At safepoint: 7513265 ns, Total: 7643627 ns
[2023-11-15T23:45:00.893+0000][7][gc,start    ] GC(508) Pause Young (Mixed) (G1 Evacuation Pause)
[2023-11-15T23:45:00.893+0000][7][gc,task     ] GC(508) Using 8 workers of 8 for evacuation
[2023-11-15T23:45:00.893+0000][7][gc,age      ] GC(508) Desired survivor size 2097152 bytes, new threshold 3 (max threshold 15)
[2023-11-15T23:45:00.925+0000][7][gc,age      ] GC(508) Age table with threshold 3 (max threshold 15)
[2023-11-15T23:45:00.925+0000][7][gc,age      ] GC(508) - age   1:     223104 bytes,     223104 total
[2023-11-15T23:45:00.925+0000][7][gc,age      ] GC(508) - age   2:     756000 bytes,     979104 total
[2023-11-15T23:45:00.925+0000][7][gc,age      ] GC(508) - age   3:     853824 bytes,    1832928 total
[2023-11-15T23:45:00.925+0000][7][gc,phases   ] GC(508)   Pre Evacuate Collection Set: 0.2ms
[2023-11-15T23:45:00.925+0000][7][gc,phases   ] GC(508)   Merge Heap Roots: 0.2ms
[2023-11-15T23:45:00.925+0000][7][gc,phases   ] GC(508)   Evacuate Collection Set: 20.8ms
[2023-11-15T23:45:00.925+0000][7][gc,phases   ] GC(508)   Post Evacuate Collection Set: 10.1ms
[2023-11-15T23:45:00.925+0000][7][gc,phases   ] GC(508)   Other: 0.4ms
[2023-11-15T23:45:00.925+0000][7][gc,heap     ] GC(508) Eden regions: 4->0(67)
[2023-11-15T23:45:00.925+0000][7][gc,heap     ] GC(508) Survivor regions: 2->1(1)
[2023-11-15T23:45:00.925+0000][7][gc,heap     ] GC(508) Old regions: 31->31
[2023-11-15T23:45:00.925+0000][7][gc,heap     ] GC(508) Archive regions: 2->2
[2023-11-15T23:45:00.925+0000][7][gc,heap     ] GC(508) Humongous regions: 5->5
[2023-11-15T23:45:00.925+0000][7][gc,metaspace] GC(508) Metaspace: 117703K(119296K)->117703K(119296K) NonClass: 102195K(103168K)->102195K(103168K) Class: 15508K(16128K)->15508K(16128K)
[2023-11-15T23:45:00.925+0000][7][gc          ] GC(508) Pause Young (Mixed) (G1 Evacuation Pause) 165M->147M(512M) 31.870ms
[2023-11-15T23:45:00.925+0000][7][gc,cpu      ] GC(508) User=0.03s Sys=0.03s Real=0.04s
[2023-11-15T23:45:00.925+0000][7][safepoint   ] Safepoint "G1CollectForAllocation", Time since last: 1036993490 ns, Reaching safepoint: 158987 ns, At safepoint: 32026765 ns, Total: 32185752 ns
[2023-11-15T23:45:17.002+0000][7][gc,start    ] GC(509) Pause Young (Normal) (G1 Evacuation Pause)
[2023-11-15T23:45:17.002+0000][7][gc,task     ] GC(509) Using 8 workers of 8 for evacuation
[2023-11-15T23:45:17.002+0000][7][gc,age      ] GC(509) Desired survivor size 18874368 bytes, new threshold 15 (max threshold 15)
[2023-11-15T23:45:17.004+0000][7][gc,age      ] GC(509) Age table with threshold 15 (max threshold 15)
[2023-11-15T23:45:17.004+0000][7][gc,age      ] GC(509) - age   1:    1183112 bytes,    1183112 total
[2023-11-15T23:45:17.004+0000][7][gc,age      ] GC(509) - age   2:        168 bytes,    1183280 total
[2023-11-15T23:45:17.004+0000][7][gc,age      ] GC(509) - age   3:     275296 bytes,    1458576 total
[2023-11-15T23:45:17.004+0000][7][gc,age      ] GC(509) - age   4:     839280 bytes,    2297856 total
[2023-11-15T23:45:17.004+0000][7][gc,phases   ] GC(509)   Pre Evacuate Collection Set: 0.1ms
[2023-11-15T23:45:17.004+0000][7][gc,phases   ] GC(509)   Merge Heap Roots: 0.0ms
[2023-11-15T23:45:17.004+0000][7][gc,phases   ] GC(509)   Evacuate Collection Set: 0.9ms
[2023-11-15T23:45:17.004+0000][7][gc,phases   ] GC(509)   Post Evacuate Collection Set: 0.4ms
[2023-11-15T23:45:17.004+0000][7][gc,phases   ] GC(509)   Other: 0.2ms
[2023-11-15T23:45:17.004+0000][7][gc,heap     ] GC(509) Eden regions: 67->0(67)
[2023-11-15T23:45:17.004+0000][7][gc,heap     ] GC(509) Survivor regions: 1->1(9)
[2023-11-15T23:45:17.004+0000][7][gc,heap     ] GC(509) Old regions: 31->31
[2023-11-15T23:45:17.004+0000][7][gc,heap     ] GC(509) Archive regions: 2->2
[2023-11-15T23:45:17.004+0000][7][gc,heap     ] GC(509) Humongous regions: 5->5
[2023-11-15T23:45:17.004+0000][7][gc,metaspace] GC(509) Metaspace: 117703K(119296K)->117703K(119296K) NonClass: 102195K(103168K)->102195K(103168K) Class: 15508K(16128K)->15508K(16128K)
[2023-11-15T23:45:17.004+0000][7][gc          ] GC(509) Pause Young (Normal) (G1 Evacuation Pause) 415M->147M(512M) 1.613ms
[2023-11-15T23:45:17.004+0000][7][gc,cpu      ] GC(509) User=0.00s Sys=0.00s Real=0.00s
[2023-11-15T23:45:17.004+0000][7][safepoint   ] Safepoint "G1CollectForAllocation", Time since last: 16077086748 ns, Reaching safepoint: 26123 ns, At safepoint: 1685841 ns, Total: 1711964 ns
[2023-11-15T23:45:33.665+0000][7][gc,start    ] GC(510) Pause Young (Normal) (G1 Evacuation Pause)
[2023-11-15T23:45:33.665+0000][7][gc,task     ] GC(510) Using 8 workers of 8 for evacuation
[2023-11-15T23:45:33.665+0000][7][gc,age      ] GC(510) Desired survivor size 18874368 bytes, new threshold 15 (max threshold 15)
[2023-11-15T23:45:33.671+0000][7][gc,age      ] GC(510) Age table with threshold 15 (max threshold 15)
[2023-11-15T23:45:33.671+0000][7][gc,age      ] GC(510) - age   1:    1759176 bytes,    1759176 total
[2023-11-15T23:45:33.671+0000][7][gc,age      ] GC(510) - age   2:     217368 bytes,    1976544 total
[2023-11-15T23:45:33.671+0000][7][gc,age      ] GC(510) - age   3:         72 bytes,    1976616 total
[2023-11-15T23:45:33.671+0000][7][gc,age      ] GC(510) - age   4:     274200 bytes,    2250816 total
[2023-11-15T23:45:33.671+0000][7][gc,age      ] GC(510) - age   5:     821584 bytes,    3072400 total
[2023-11-15T23:45:33.671+0000][7][gc,phases   ] GC(510)   Pre Evacuate Collection Set: 0.2ms
[2023-11-15T23:45:33.671+0000][7][gc,phases   ] GC(510)   Merge Heap Roots: 0.2ms
[2023-11-15T23:45:33.671+0000][7][gc,phases   ] GC(510)   Evacuate Collection Set: 3.3ms
[2023-11-15T23:45:33.671+0000][7][gc,phases   ] GC(510)   Post Evacuate Collection Set: 1.6ms
[2023-11-15T23:45:33.671+0000][7][gc,phases   ] GC(510)   Other: 0.7ms
[2023-11-15T23:45:33.671+0000][7][gc,heap     ] GC(510) Eden regions: 67->0(67)
[2023-11-15T23:45:33.671+0000][7][gc,heap     ] GC(510) Survivor regions: 1->1(9)
[2023-11-15T23:45:33.671+0000][7][gc,heap     ] GC(510) Old regions: 31->31
[2023-11-15T23:45:33.671+0000][7][gc,heap     ] GC(510) Archive regions: 2->2
[2023-11-15T23:45:33.671+0000][7][gc,heap     ] GC(510) Humongous regions: 5->5
[2023-11-15T23:45:33.671+0000][7][gc,metaspace] GC(510) Metaspace: 117703K(119296K)->117703K(119296K) NonClass: 102195K(103168K)->102195K(103168K) Class: 15508K(16128K)->15508K(16128K)
[2023-11-15T23:45:33.671+0000][7][gc          ] GC(510) Pause Young (Normal) (G1 Evacuation Pause) 415M->148M(512M) 6.218ms
[2023-11-15T23:45:33.671+0000][7][gc,cpu      ] GC(510) User=0.03s Sys=0.00s Real=0.00s
[2023-11-15T23:45:33.671+0000][7][safepoint   ] Safepoint "G1CollectForAllocation", Time since last: 16661103076 ns, Reaching safepoint: 108665 ns, At safepoint: 6481005 ns, Total: 6589670 ns
[2023-11-15T23:45:41.672+0000][7][safepoint   ] Safepoint "Cleanup", Time since last: 8000920809 ns, Reaching safepoint: 96832 ns, At safepoint: 13485 ns, Total: 110317 ns
[2023-11-15T23:45:47.673+0000][7][safepoint   ] Safepoint "Cleanup", Time since last: 6000810222 ns, Reaching safepoint: 89796 ns, At safepoint: 11012 ns, Total: 100808 ns
[2023-11-15T23:45:50.155+0000][7][gc,start    ] GC(511) Pause Young (Concurrent Start) (G1 Evacuation Pause)
[2023-11-15T23:45:50.156+0000][7][gc,task     ] GC(511) Using 8 workers of 8 for evacuation
[2023-11-15T23:45:50.156+0000][7][gc,age      ] GC(511) Desired survivor size 18874368 bytes, new threshold 15 (max threshold 15)
[2023-11-15T23:45:50.161+0000][7][gc,age      ] GC(511) Age table with threshold 15 (max threshold 15)
[2023-11-15T23:45:50.161+0000][7][gc,age      ] GC(511) - age   1:    2723280 bytes,    2723280 total
[2023-11-15T23:45:50.161+0000][7][gc,age      ] GC(511) - age   2:    1134064 bytes,    3857344 total
[2023-11-15T23:45:50.161+0000][7][gc,age      ] GC(511) - age   3:     202472 bytes,    4059816 total
[2023-11-15T23:45:50.161+0000][7][gc,age      ] GC(511) - age   4:         72 bytes,    4059888 total
[2023-11-15T23:45:50.161+0000][7][gc,age      ] GC(511) - age   5:     274008 bytes,    4333896 total
[2023-11-15T23:45:50.161+0000][7][gc,age      ] GC(511) - age   6:     696152 bytes,    5030048 total
[2023-11-15T23:45:50.161+0000][7][gc,phases   ] GC(511)   Pre Evacuate Collection Set: 0.4ms
[2023-11-15T23:45:50.161+0000][7][gc,phases   ] GC(511)   Merge Heap Roots: 0.2ms
[2023-11-15T23:45:50.161+0000][7][gc,phases   ] GC(511)   Evacuate Collection Set: 3.7ms
[2023-11-15T23:45:50.161+0000][7][gc,phases   ] GC(511)   Post Evacuate Collection Set: 1.1ms
[2023-11-15T23:45:50.161+0000][7][gc,phases   ] GC(511)   Other: 0.5ms
[2023-11-15T23:45:50.161+0000][7][gc,heap     ] GC(511) Eden regions: 67->0(66)
[2023-11-15T23:45:50.161+0000][7][gc,heap     ] GC(511) Survivor regions: 1->2(9)
[2023-11-15T23:45:50.161+0000][7][gc,heap     ] GC(511) Old regions: 31->31
[2023-11-15T23:45:50.161+0000][7][gc,heap     ] GC(511) Archive regions: 2->2
[2023-11-15T23:45:50.161+0000][7][gc,heap     ] GC(511) Humongous regions: 5->5
[2023-11-15T23:45:50.161+0000][7][gc,metaspace] GC(511) Metaspace: 117703K(119296K)->117703K(119296K) NonClass: 102195K(103168K)->102195K(103168K) Class: 15508K(16128K)->15508K(16128K)
[2023-11-15T23:45:50.161+0000][7][gc          ] GC(511) Pause Young (Concurrent Start) (G1 Evacuation Pause) 416M->150M(512M) 6.001ms
[2023-11-15T23:45:50.162+0000][7][gc,cpu      ] GC(511) User=0.03s Sys=0.00s Real=0.00s
[2023-11-15T23:45:50.162+0000][7][safepoint   ] Safepoint "G1CollectForAllocation", Time since last: 2481943059 ns, Reaching safepoint: 96334 ns, At safepoint: 6197601 ns, Total: 6293935 ns
[2023-11-15T23:45:50.162+0000][7][gc          ] GC(512) Concurrent Mark Cycle
[2023-11-15T23:45:50.162+0000][7][gc,marking  ] GC(512) Concurrent Clear Claimed Marks
[2023-11-15T23:45:50.162+0000][7][gc,marking  ] GC(512) Concurrent Clear Claimed Marks 0.171ms
[2023-11-15T23:45:50.162+0000][7][gc,marking  ] GC(512) Concurrent Scan Root Regions
[2023-11-15T23:45:50.166+0000][7][gc,marking  ] GC(512) Concurrent Scan Root Regions 4.234ms
[2023-11-15T23:45:50.169+0000][7][gc,marking  ] GC(512) Concurrent Mark
[2023-11-15T23:45:50.169+0000][7][gc,marking  ] GC(512) Concurrent Mark From Roots
[2023-11-15T23:45:50.169+0000][7][gc,task     ] GC(512) Using 2 workers of 2 for marking
[2023-11-15T23:45:50.246+0000][7][gc,marking  ] GC(512) Concurrent Mark From Roots 77.311ms
[2023-11-15T23:45:50.246+0000][7][gc,marking  ] GC(512) Concurrent Preclean
[2023-11-15T23:45:50.246+0000][7][gc,marking  ] GC(512) Concurrent Preclean 0.165ms
[2023-11-15T23:45:50.246+0000][7][gc,start    ] GC(512) Pause Remark
[2023-11-15T23:45:50.253+0000][7][gc          ] GC(512) Pause Remark 157M->157M(512M) 6.614ms
[2023-11-15T23:45:50.253+0000][7][gc,cpu      ] GC(512) User=0.04s Sys=0.00s Real=0.00s
[2023-11-15T23:45:50.253+0000][7][safepoint   ] Safepoint "G1Concurrent", Time since last: 84531822 ns, Reaching safepoint: 63713 ns, At safepoint: 6688348 ns, Total: 6752061 ns
[2023-11-15T23:45:50.253+0000][7][gc,marking  ] GC(512) Concurrent Mark 84.422ms
[2023-11-15T23:45:50.253+0000][7][gc,marking  ] GC(512) Concurrent Rebuild Remembered Sets
[2023-11-15T23:45:50.285+0000][7][gc,marking  ] GC(512) Concurrent Rebuild Remembered Sets 32.424ms
[2023-11-15T23:45:50.285+0000][7][gc,start    ] GC(512) Pause Cleanup
[2023-11-15T23:45:50.286+0000][7][gc          ] GC(512) Pause Cleanup 157M->157M(512M) 0.059ms
[2023-11-15T23:45:50.286+0000][7][gc,cpu      ] GC(512) User=0.00s Sys=0.00s Real=0.00s
[2023-11-15T23:45:50.286+0000][7][safepoint   ] Safepoint "G1Concurrent", Time since last: 32521778 ns, Reaching safepoint: 37332 ns, At safepoint: 125260 ns, Total: 162592 ns
[2023-11-15T23:45:50.286+0000][7][gc,marking  ] GC(512) Concurrent Cleanup for Next Mark
[2023-11-15T23:45:50.286+0000][7][gc,marking  ] GC(512) Concurrent Cleanup for Next Mark 0.562ms
[2023-11-15T23:45:50.286+0000][7][gc          ] GC(512) Concurrent Mark Cycle 124.658ms
[2023-11-15T23:46:07.823+0000][7][gc,start    ] GC(513) Pause Young (Prepare Mixed) (G1 Evacuation Pause)
[2023-11-15T23:46:07.823+0000][7][gc,task     ] GC(513) Using 8 workers of 8 for evacuation
[2023-11-15T23:46:07.823+0000][7][gc,age      ] GC(513) Desired survivor size 18874368 bytes, new threshold 15 (max threshold 15)
[2023-11-15T23:46:07.826+0000][7][gc,age      ] GC(513) Age table with threshold 15 (max threshold 15)
[2023-11-15T23:46:07.827+0000][7][gc,age      ] GC(513) - age   1:    1653416 bytes,    1653416 total
[2023-11-15T23:46:07.827+0000][7][gc,age      ] GC(513) - age   2:    1594416 bytes,    3247832 total
[2023-11-15T23:46:07.827+0000][7][gc,age      ] GC(513) - age   3:     992312 bytes,    4240144 total
[2023-11-15T23:46:07.827+0000][7][gc,age      ] GC(513) - age   4:     202024 bytes,    4442168 total
[2023-11-15T23:46:07.827+0000][7][gc,age      ] GC(513) - age   5:         72 bytes,    4442240 total
[2023-11-15T23:46:07.827+0000][7][gc,age      ] GC(513) - age   6:     273944 bytes,    4716184 total
[2023-11-15T23:46:07.827+0000][7][gc,age      ] GC(513) - age   7:     695616 bytes,    5411800 total
[2023-11-15T23:46:07.827+0000][7][gc,phases   ] GC(513)   Pre Evacuate Collection Set: 0.1ms
[2023-11-15T23:46:07.827+0000][7][gc,phases   ] GC(513)   Merge Heap Roots: 0.1ms
[2023-11-15T23:46:07.827+0000][7][gc,phases   ] GC(513)   Evacuate Collection Set: 2.9ms
[2023-11-15T23:46:07.827+0000][7][gc,phases   ] GC(513)   Post Evacuate Collection Set: 0.6ms
[2023-11-15T23:46:07.827+0000][7][gc,phases   ] GC(513)   Other: 0.3ms
[2023-11-15T23:46:07.827+0000][7][gc,heap     ] GC(513) Eden regions: 66->0(4)
[2023-11-15T23:46:07.827+0000][7][gc,heap     ] GC(513) Survivor regions: 2->2(9)
[2023-11-15T23:46:07.827+0000][7][gc,heap     ] GC(513) Old regions: 31->31
[2023-11-15T23:46:07.827+0000][7][gc,heap     ] GC(513) Archive regions: 2->2
[2023-11-15T23:46:07.827+0000][7][gc,heap     ] GC(513) Humongous regions: 5->5
[2023-11-15T23:46:07.827+0000][7][gc,metaspace] GC(513) Metaspace: 117703K(119296K)->117703K(119296K) NonClass: 102195K(103168K)->102195K(103168K) Class: 15508K(16128K)->15508K(16128K)
[2023-11-15T23:46:07.827+0000][7][gc          ] GC(513) Pause Young (Prepare Mixed) (G1 Evacuation Pause) 414M->150M(512M) 4.032ms
[2023-11-15T23:46:07.827+0000][7][gc,cpu      ] GC(513) User=0.02s Sys=0.00s Real=0.01s
[2023-11-15T23:46:07.827+0000][7][safepoint   ] Safepoint "G1CollectForAllocation", Time since last: 17536887340 ns, Reaching safepoint: 140978 ns, At safepoint: 4122740 ns, Total: 4263718 ns
[2023-11-15T23:46:09.051+0000][7][gc,start    ] GC(514) Pause Young (Mixed) (G1 Evacuation Pause)
[2023-11-15T23:46:09.051+0000][7][gc,task     ] GC(514) Using 8 workers of 8 for evacuation
[2023-11-15T23:46:09.051+0000][7][gc,age      ] GC(514) Desired survivor size 2097152 bytes, new threshold 2 (max threshold 15)
[2023-11-15T23:46:09.062+0000][7][gc,age      ] GC(514) Age table with threshold 2 (max threshold 15)
[2023-11-15T23:46:09.062+0000][7][gc,age      ] GC(514) - age   1:      54696 bytes,      54696 total
[2023-11-15T23:46:09.062+0000][7][gc,age      ] GC(514) - age   2:    1621640 bytes,    1676336 total
[2023-11-15T23:46:09.062+0000][7][gc,phases   ] GC(514)   Pre Evacuate Collection Set: 0.1ms
[2023-11-15T23:46:09.062+0000][7][gc,phases   ] GC(514)   Merge Heap Roots: 0.0ms
[2023-11-15T23:46:09.062+0000][7][gc,phases   ] GC(514)   Evacuate Collection Set: 9.7ms
[2023-11-15T23:46:09.062+0000][7][gc,phases   ] GC(514)   Post Evacuate Collection Set: 0.6ms
[2023-11-15T23:46:09.062+0000][7][gc,phases   ] GC(514)   Other: 0.2ms
[2023-11-15T23:46:09.062+0000][7][gc,heap     ] GC(514) Eden regions: 4->0(67)
[2023-11-15T23:46:09.062+0000][7][gc,heap     ] GC(514) Survivor regions: 2->1(1)
[2023-11-15T23:46:09.062+0000][7][gc,heap     ] GC(514) Old regions: 31->31
[2023-11-15T23:46:09.062+0000][7][gc,heap     ] GC(514) Archive regions: 2->2
[2023-11-15T23:46:09.062+0000][7][gc,heap     ] GC(514) Humongous regions: 5->5
[2023-11-15T23:46:09.062+0000][7][gc,metaspace] GC(514) Metaspace: 117703K(119296K)->117703K(119296K) NonClass: 102195K(103168K)->102195K(103168K) Class: 15508K(16128K)->15508K(16128K)
[2023-11-15T23:46:09.062+0000][7][gc          ] GC(514) Pause Young (Mixed) (G1 Evacuation Pause) 166M->148M(512M) 10.569ms
[2023-11-15T23:46:09.062+0000][7][gc,cpu      ] GC(514) User=0.01s Sys=0.00s Real=0.01s
[2023-11-15T23:46:09.062+0000][7][safepoint   ] Safepoint "G1CollectForAllocation", Time since last: 1224509770 ns, Reaching safepoint: 27293 ns, At safepoint: 10641569 ns, Total: 10668862 ns
[2023-11-15T23:46:25.528+0000][7][gc,start    ] GC(515) Pause Young (Normal) (G1 Evacuation Pause)
[2023-11-15T23:46:25.532+0000][7][gc,task     ] GC(515) Using 8 workers of 8 for evacuation
[2023-11-15T23:46:25.532+0000][7][gc,age      ] GC(515) Desired survivor size 18874368 bytes, new threshold 15 (max threshold 15)
[2023-11-15T23:46:25.534+0000][7][gc,age      ] GC(515) Age table with threshold 15 (max threshold 15)
[2023-11-15T23:46:25.534+0000][7][gc,age      ] GC(515) - age   1:    1121392 bytes,    1121392 total
[2023-11-15T23:46:25.534+0000][7][gc,age      ] GC(515) - age   2:      33624 bytes,    1155016 total
[2023-11-15T23:46:25.534+0000][7][gc,age      ] GC(515) - age   3:     667624 bytes,    1822640 total
[2023-11-15T23:46:25.534+0000][7][gc,phases   ] GC(515)   Pre Evacuate Collection Set: 0.1ms
[2023-11-15T23:46:25.534+0000][7][gc,phases   ] GC(515)   Merge Heap Roots: 0.0ms
[2023-11-15T23:46:25.534+0000][7][gc,phases   ] GC(515)   Evacuate Collection Set: 1.2ms
[2023-11-15T23:46:25.534+0000][7][gc,phases   ] GC(515)   Post Evacuate Collection Set: 0.5ms
[2023-11-15T23:46:25.534+0000][7][gc,phases   ] GC(515)   Other: 4.6ms
[2023-11-15T23:46:25.534+0000][7][gc,heap     ] GC(515) Eden regions: 67->0(67)
[2023-11-15T23:46:25.534+0000][7][gc,heap     ] GC(515) Survivor regions: 1->1(9)
[2023-11-15T23:46:25.534+0000][7][gc,heap     ] GC(515) Old regions: 31->31
[2023-11-15T23:46:25.534+0000][7][gc,heap     ] GC(515) Archive regions: 2->2
[2023-11-15T23:46:25.534+0000][7][gc,heap     ] GC(515) Humongous regions: 5->5
[2023-11-15T23:46:25.534+0000][7][gc,metaspace] GC(515) Metaspace: 117704K(119296K)->117704K(119296K) NonClass: 102195K(103168K)->102195K(103168K) Class: 15508K(16128K)->15508K(16128K)
[2023-11-15T23:46:25.534+0000][7][gc          ] GC(515) Pause Young (Normal) (G1 Evacuation Pause) 416M->148M(512M) 6.407ms
[2023-11-15T23:46:25.534+0000][7][gc,cpu      ] GC(515) User=0.01s Sys=0.00s Real=0.00s
[2023-11-15T23:46:25.534+0000][7][safepoint   ] Safepoint "G1CollectForAllocation", Time since last: 16465844970 ns, Reaching safepoint: 31243 ns, At safepoint: 6474690 ns, Total: 6505933 ns
[2023-11-15T23:46:29.535+0000][7][safepoint   ] Safepoint "Cleanup", Time since last: 4000398828 ns, Reaching safepoint: 48514 ns, At safepoint: 5960 ns, Total: 54474 ns
[2023-11-15T23:46:36.536+0000][7][safepoint   ] Safepoint "Cleanup", Time since last: 7000861237 ns, Reaching safepoint: 68577 ns, At safepoint: 43079 ns, Total: 111656 ns
[2023-11-15T23:46:40.594+0000][7][gc,start    ] GC(516) Pause Young (Normal) (G1 Evacuation Pause)
[2023-11-15T23:46:40.594+0000][7][gc,task     ] GC(516) Using 8 workers of 8 for evacuation
[2023-11-15T23:46:40.594+0000][7][gc,age      ] GC(516) Desired survivor size 18874368 bytes, new threshold 15 (max threshold 15)
[2023-11-15T23:46:40.598+0000][7][gc,age      ] GC(516) Age table with threshold 15 (max threshold 15)
[2023-11-15T23:46:40.598+0000][7][gc,age      ] GC(516) - age   1:    1840840 bytes,    1840840 total
[2023-11-15T23:46:40.598+0000][7][gc,age      ] GC(516) - age   2:     437544 bytes,    2278384 total
[2023-11-15T23:46:40.598+0000][7][gc,age      ] GC(516) - age   3:      32856 bytes,    2311240 total
[2023-11-15T23:46:40.598+0000][7][gc,age      ] GC(516) - age   4:     653304 bytes,    2964544 total
[2023-11-15T23:46:40.599+0000][7][gc,phases   ] GC(516)   Pre Evacuate Collection Set: 0.2ms
[2023-11-15T23:46:40.599+0000][7][gc,phases   ] GC(516)   Merge Heap Roots: 0.1ms
[2023-11-15T23:46:40.599+0000][7][gc,phases   ] GC(516)   Evacuate Collection Set: 3.3ms
[2023-11-15T23:46:40.599+0000][7][gc,phases   ] GC(516)   Post Evacuate Collection Set: 1.0ms
[2023-11-15T23:46:40.599+0000][7][gc,phases   ] GC(516)   Other: 0.4ms
[2023-11-15T23:46:40.599+0000][7][gc,heap     ] GC(516) Eden regions: 67->0(67)
[2023-11-15T23:46:40.599+0000][7][gc,heap     ] GC(516) Survivor regions: 1->1(9)
[2023-11-15T23:46:40.599+0000][7][gc,heap     ] GC(516) Old regions: 31->31
[2023-11-15T23:46:40.599+0000][7][gc,heap     ] GC(516) Archive regions: 2->2
[2023-11-15T23:46:40.599+0000][7][gc,heap     ] GC(516) Humongous regions: 5->5
[2023-11-15T23:46:40.599+0000][7][gc,metaspace] GC(516) Metaspace: 117709K(119296K)->117709K(119296K) NonClass: 102200K(103168K)->102200K(103168K) Class: 15508K(16128K)->15508K(16128K)
[2023-11-15T23:46:40.599+0000][7][gc          ] GC(516) Pause Young (Normal) (G1 Evacuation Pause) 416M->149M(512M) 5.017ms
[2023-11-15T23:46:40.599+0000][7][gc,cpu      ] GC(516) User=0.02s Sys=0.00s Real=0.01s
[2023-11-15T23:46:40.599+0000][7][safepoint   ] Safepoint "G1CollectForAllocation", Time since last: 4057813473 ns, Reaching safepoint: 88245 ns, At safepoint: 5180300 ns, Total: 5268545 ns
[2023-11-15T23:46:56.531+0000][7][gc,start    ] GC(517) Pause Young (Concurrent Start) (G1 Evacuation Pause)
[2023-11-15T23:46:56.531+0000][7][gc,task     ] GC(517) Using 8 workers of 8 for evacuation
[2023-11-15T23:46:56.531+0000][7][gc,age      ] GC(517) Desired survivor size 18874368 bytes, new threshold 15 (max threshold 15)
[2023-11-15T23:46:56.537+0000][7][gc,age      ] GC(517) Age table with threshold 15 (max threshold 15)
[2023-11-15T23:46:56.537+0000][7][gc,age      ] GC(517) - age   1:    3702688 bytes,    3702688 total
[2023-11-15T23:46:56.537+0000][7][gc,age      ] GC(517) - age   2:     881376 bytes,    4584064 total
[2023-11-15T23:46:56.537+0000][7][gc,age      ] GC(517) - age   3:     436616 bytes,    5020680 total
[2023-11-15T23:46:56.537+0000][7][gc,age      ] GC(517) - age   4:      32856 bytes,    5053536 total
[2023-11-15T23:46:56.537+0000][7][gc,age      ] GC(517) - age   5:     652920 bytes,    5706456 total
[2023-11-15T23:46:56.537+0000][7][gc,phases   ] GC(517)   Pre Evacuate Collection Set: 0.4ms
[2023-11-15T23:46:56.537+0000][7][gc,phases   ] GC(517)   Merge Heap Roots: 0.2ms
[2023-11-15T23:46:56.537+0000][7][gc,phases   ] GC(517)   Evacuate Collection Set: 3.6ms
[2023-11-15T23:46:56.537+0000][7][gc,phases   ] GC(517)   Post Evacuate Collection Set: 1.2ms
[2023-11-15T23:46:56.537+0000][7][gc,phases   ] GC(517)   Other: 0.5ms
[2023-11-15T23:46:56.537+0000][7][gc,heap     ] GC(517) Eden regions: 67->0(65)
[2023-11-15T23:46:56.537+0000][7][gc,heap     ] GC(517) Survivor regions: 1->2(9)
[2023-11-15T23:46:56.537+0000][7][gc,heap     ] GC(517) Old regions: 31->31
[2023-11-15T23:46:56.537+0000][7][gc,heap     ] GC(517) Archive regions: 2->2
[2023-11-15T23:46:56.537+0000][7][gc,heap     ] GC(517) Humongous regions: 5->5
[2023-11-15T23:46:56.537+0000][7][gc,metaspace] GC(517) Metaspace: 117711K(119296K)->117711K(119296K) NonClass: 102203K(103168K)->102203K(103168K) Class: 15508K(16128K)->15508K(16128K)
[2023-11-15T23:46:56.537+0000][7][gc          ] GC(517) Pause Young (Concurrent Start) (G1 Evacuation Pause) 417M->152M(512M) 5.866ms
[2023-11-15T23:46:56.537+0000][7][gc,cpu      ] GC(517) User=0.03s Sys=0.00s Real=0.01s
[2023-11-15T23:46:56.537+0000][7][safepoint   ] Safepoint "G1CollectForAllocation", Time since last: 15932344702 ns, Reaching safepoint: 69424 ns, At safepoint: 6063733 ns, Total: 6133157 ns
[2023-11-15T23:46:56.537+0000][7][gc          ] GC(518) Concurrent Mark Cycle
[2023-11-15T23:46:56.537+0000][7][gc,marking  ] GC(518) Concurrent Clear Claimed Marks
[2023-11-15T23:46:56.537+0000][7][gc,marking  ] GC(518) Concurrent Clear Claimed Marks 0.155ms
[2023-11-15T23:46:56.538+0000][7][gc,marking  ] GC(518) Concurrent Scan Root Regions
[2023-11-15T23:46:56.542+0000][7][gc,marking  ] GC(518) Concurrent Scan Root Regions 4.191ms
[2023-11-15T23:46:56.542+0000][7][gc,marking  ] GC(518) Concurrent Mark
[2023-11-15T23:46:56.542+0000][7][gc,marking  ] GC(518) Concurrent Mark From Roots
[2023-11-15T23:46:56.542+0000][7][gc,task     ] GC(518) Using 2 workers of 2 for marking
[2023-11-15T23:46:56.620+0000][7][gc,marking  ] GC(518) Concurrent Mark From Roots 78.112ms
[2023-11-15T23:46:56.620+0000][7][gc,marking  ] GC(518) Concurrent Preclean
[2023-11-15T23:46:56.620+0000][7][gc,marking  ] GC(518) Concurrent Preclean 0.166ms
[2023-11-15T23:46:56.620+0000][7][gc,start    ] GC(518) Pause Remark
[2023-11-15T23:46:56.626+0000][7][gc          ] GC(518) Pause Remark 155M->155M(512M) 5.562ms
[2023-11-15T23:46:56.626+0000][7][gc,cpu      ] GC(518) User=0.04s Sys=0.00s Real=0.01s
[2023-11-15T23:46:56.626+0000][7][safepoint   ] Safepoint "G1Concurrent", Time since last: 82931576 ns, Reaching safepoint: 21002 ns, At safepoint: 5663652 ns, Total: 5684654 ns
[2023-11-15T23:46:56.626+0000][7][gc,marking  ] GC(518) Concurrent Mark 84.089ms
[2023-11-15T23:46:56.626+0000][7][gc,marking  ] GC(518) Concurrent Rebuild Remembered Sets
[2023-11-15T23:46:56.664+0000][7][gc,marking  ] GC(518) Concurrent Rebuild Remembered Sets 37.900ms
[2023-11-15T23:46:56.664+0000][7][gc,start    ] GC(518) Pause Cleanup
[2023-11-15T23:46:56.664+0000][7][gc          ] GC(518) Pause Cleanup 156M->156M(512M) 0.092ms
[2023-11-15T23:46:56.664+0000][7][gc,cpu      ] GC(518) User=0.00s Sys=0.00s Real=0.00s
[2023-11-15T23:46:56.664+0000][7][safepoint   ] Safepoint "G1Concurrent", Time since last: 38028475 ns, Reaching safepoint: 44277 ns, At safepoint: 145897 ns, Total: 190174 ns
[2023-11-15T23:46:56.664+0000][7][gc,marking  ] GC(518) Concurrent Cleanup for Next Mark
[2023-11-15T23:46:56.665+0000][7][gc,marking  ] GC(518) Concurrent Cleanup for Next Mark 0.594ms
[2023-11-15T23:46:56.665+0000][7][gc          ] GC(518) Concurrent Mark Cycle 127.473ms
[2023-11-15T23:47:05.665+0000][7][safepoint   ] Safepoint "Cleanup", Time since last: 9000886349 ns, Reaching safepoint: 111804 ns, At safepoint: 21173 ns, Total: 132977 ns
[2023-11-15T23:47:12.820+0000][7][gc,start    ] GC(519) Pause Young (Prepare Mixed) (G1 Evacuation Pause)
[2023-11-15T23:47:12.820+0000][7][gc,task     ] GC(519) Using 8 workers of 8 for evacuation
[2023-11-15T23:47:12.820+0000][7][gc,age      ] GC(519) Desired survivor size 18874368 bytes, new threshold 15 (max threshold 15)
[2023-11-15T23:47:12.825+0000][7][gc,age      ] GC(519) Age table with threshold 15 (max threshold 15)
[2023-11-15T23:47:12.825+0000][7][gc,age      ] GC(519) - age   1:    1203592 bytes,    1203592 total
[2023-11-15T23:47:12.826+0000][7][gc,age      ] GC(519) - age   2:    3026040 bytes,    4229632 total
[2023-11-15T23:47:12.826+0000][7][gc,age      ] GC(519) - age   3:     864472 bytes,    5094104 total
[2023-11-15T23:47:12.826+0000][7][gc,age      ] GC(519) - age   4:     270936 bytes,    5365040 total
[2023-11-15T23:47:12.826+0000][7][gc,age      ] GC(519) - age   5:      32856 bytes,    5397896 total
[2023-11-15T23:47:12.826+0000][7][gc,age      ] GC(519) - age   6:     652448 bytes,    6050344 total
[2023-11-15T23:47:12.826+0000][7][gc,phases   ] GC(519)   Pre Evacuate Collection Set: 0.2ms
[2023-11-15T23:47:12.826+0000][7][gc,phases   ] GC(519)   Merge Heap Roots: 0.2ms
[2023-11-15T23:47:12.826+0000][7][gc,phases   ] GC(519)   Evacuate Collection Set: 3.6ms
[2023-11-15T23:47:12.826+0000][7][gc,phases   ] GC(519)   Post Evacuate Collection Set: 1.2ms
[2023-11-15T23:47:12.826+0000][7][gc,phases   ] GC(519)   Other: 0.5ms
[2023-11-15T23:47:12.826+0000][7][gc,heap     ] GC(519) Eden regions: 65->0(4)
[2023-11-15T23:47:12.826+0000][7][gc,heap     ] GC(519) Survivor regions: 2->2(9)
[2023-11-15T23:47:12.826+0000][7][gc,heap     ] GC(519) Old regions: 31->31
[2023-11-15T23:47:12.826+0000][7][gc,heap     ] GC(519) Archive regions: 2->2
[2023-11-15T23:47:12.826+0000][7][gc,heap     ] GC(519) Humongous regions: 5->5
[2023-11-15T23:47:12.826+0000][7][gc,metaspace] GC(519) Metaspace: 117713K(119296K)->117713K(119296K) NonClass: 102204K(103168K)->102204K(103168K) Class: 15508K(16128K)->15508K(16128K)
[2023-11-15T23:47:12.826+0000][7][gc          ] GC(519) Pause Young (Prepare Mixed) (G1 Evacuation Pause) 412M->153M(512M) 5.887ms
[2023-11-15T23:47:12.826+0000][7][gc,cpu      ] GC(519) User=0.03s Sys=0.01s Real=0.01s
[2023-11-15T23:47:12.826+0000][7][safepoint   ] Safepoint "G1CollectForAllocation", Time since last: 7154737366 ns, Reaching safepoint: 147876 ns, At safepoint: 6078940 ns, Total: 6226816 ns
[2023-11-15T23:47:13.992+0000][7][gc,start    ] GC(520) Pause Young (Mixed) (G1 Evacuation Pause)
[2023-11-15T23:47:13.992+0000][7][gc,task     ] GC(520) Using 8 workers of 8 for evacuation
[2023-11-15T23:47:13.992+0000][7][gc,age      ] GC(520) Desired survivor size 2097152 bytes, new threshold 2 (max threshold 15)
[2023-11-15T23:47:14.012+0000][7][gc,age      ] GC(520) Age table with threshold 2 (max threshold 15)
[2023-11-15T23:47:14.012+0000][7][gc,age      ] GC(520) - age   1:     393800 bytes,     393800 total
[2023-11-15T23:47:14.012+0000][7][gc,age      ] GC(520) - age   2:    1179520 bytes,    1573320 total
[2023-11-15T23:47:14.012+0000][7][gc,phases   ] GC(520)   Pre Evacuate Collection Set: 0.2ms
[2023-11-15T23:47:14.013+0000][7][gc,phases   ] GC(520)   Merge Heap Roots: 0.1ms
[2023-11-15T23:47:14.013+0000][7][gc,phases   ] GC(520)   Evacuate Collection Set: 19.0ms
[2023-11-15T23:47:14.013+0000][7][gc,phases   ] GC(520)   Post Evacuate Collection Set: 1.0ms
[2023-11-15T23:47:14.013+0000][7][gc,phases   ] GC(520)   Other: 0.3ms
[2023-11-15T23:47:14.013+0000][7][gc,heap     ] GC(520) Eden regions: 4->0(66)
[2023-11-15T23:47:14.013+0000][7][gc,heap     ] GC(520) Survivor regions: 2->1(1)
[2023-11-15T23:47:14.013+0000][7][gc,heap     ] GC(520) Old regions: 31->32
[2023-11-15T23:47:14.013+0000][7][gc,heap     ] GC(520) Archive regions: 2->2
[2023-11-15T23:47:14.013+0000][7][gc,heap     ] GC(520) Humongous regions: 5->5
[2023-11-15T23:47:14.013+0000][7][gc,metaspace] GC(520) Metaspace: 117713K(119296K)->117713K(119296K) NonClass: 102204K(103168K)->102204K(103168K) Class: 15508K(16128K)->15508K(16128K)
[2023-11-15T23:47:14.013+0000][7][gc          ] GC(520) Pause Young (Mixed) (G1 Evacuation Pause) 169M->150M(512M) 20.700ms
[2023-11-15T23:47:14.013+0000][7][gc,cpu      ] GC(520) User=0.03s Sys=0.04s Real=0.02s
[2023-11-15T23:47:14.013+0000][7][safepoint   ] Safepoint "G1CollectForAllocation", Time since last: 1165747045 ns, Reaching safepoint: 68601 ns, At safepoint: 20857300 ns, Total: 20925901 ns
[2023-11-15T23:47:24.014+0000][7][safepoint   ] Safepoint "Cleanup", Time since last: 10001290713 ns, Reaching safepoint: 208861 ns, At safepoint: 18509 ns, Total: 227370 ns
[2023-11-15T23:47:29.695+0000][7][gc,start    ] GC(521) Pause Young (Normal) (G1 Evacuation Pause)
[2023-11-15T23:47:29.695+0000][7][gc,task     ] GC(521) Using 8 workers of 8 for evacuation
[2023-11-15T23:47:29.695+0000][7][gc,age      ] GC(521) Desired survivor size 18874368 bytes, new threshold 15 (max threshold 15)
[2023-11-15T23:47:29.699+0000][7][gc,age      ] GC(521) Age table with threshold 15 (max threshold 15)
[2023-11-15T23:47:29.699+0000][7][gc,age      ] GC(521) - age   1:     970560 bytes,     970560 total
[2023-11-15T23:47:29.699+0000][7][gc,age      ] GC(521) - age   2:      68512 bytes,    1039072 total
[2023-11-15T23:47:29.699+0000][7][gc,age      ] GC(521) - age   3:     631016 bytes,    1670088 total
[2023-11-15T23:47:29.699+0000][7][gc,phases   ] GC(521)   Pre Evacuate Collection Set: 0.1ms
[2023-11-15T23:47:29.699+0000][7][gc,phases   ] GC(521)   Merge Heap Roots: 0.1ms
[2023-11-15T23:47:29.699+0000][7][gc,phases   ] GC(521)   Evacuate Collection Set: 2.1ms
[2023-11-15T23:47:29.699+0000][7][gc,phases   ] GC(521)   Post Evacuate Collection Set: 1.2ms
[2023-11-15T23:47:29.699+0000][7][gc,phases   ] GC(521)   Other: 0.3ms
[2023-11-15T23:47:29.699+0000][7][gc,heap     ] GC(521) Eden regions: 66->0(66)
[2023-11-15T23:47:29.699+0000][7][gc,heap     ] GC(521) Survivor regions: 1->1(9)
[2023-11-15T23:47:29.699+0000][7][gc,heap     ] GC(521) Old regions: 32->32
[2023-11-15T23:47:29.699+0000][7][gc,heap     ] GC(521) Archive regions: 2->2
[2023-11-15T23:47:29.699+0000][7][gc,heap     ] GC(521) Humongous regions: 5->5
[2023-11-15T23:47:29.699+0000][7][gc,metaspace] GC(521) Metaspace: 117713K(119296K)->117713K(119296K) NonClass: 102204K(103168K)->102204K(103168K) Class: 15508K(16128K)->15508K(16128K)
[2023-11-15T23:47:29.699+0000][7][gc          ] GC(521) Pause Young (Normal) (G1 Evacuation Pause) 414M->151M(512M) 4.038ms
[2023-11-15T23:47:29.699+0000][7][gc,cpu      ] GC(521) User=0.01s Sys=0.00s Real=0.00s
[2023-11-15T23:47:29.699+0000][7][safepoint   ] Safepoint "G1CollectForAllocation", Time since last: 5680586988 ns, Reaching safepoint: 91834 ns, At safepoint: 4194968 ns, Total: 4286802 ns
[2023-11-15T23:47:46.964+0000][7][gc,start    ] GC(522) Pause Young (Normal) (G1 Evacuation Pause)
[2023-11-15T23:47:46.965+0000][7][gc,task     ] GC(522) Using 8 workers of 8 for evacuation
[2023-11-15T23:47:46.965+0000][7][gc,age      ] GC(522) Desired survivor size 18874368 bytes, new threshold 15 (max threshold 15)
[2023-11-15T23:47:46.968+0000][7][gc,age      ] GC(522) Age table with threshold 15 (max threshold 15)
[2023-11-15T23:47:46.968+0000][7][gc,age      ] GC(522) - age   1:     910912 bytes,     910912 total
[2023-11-15T23:47:46.968+0000][7][gc,age      ] GC(522) - age   2:     329072 bytes,    1239984 total
[2023-11-15T23:47:46.968+0000][7][gc,age      ] GC(522) - age   3:      48016 bytes,    1288000 total
[2023-11-15T23:47:46.968+0000][7][gc,age      ] GC(522) - age   4:     467952 bytes,    1755952 total
[2023-11-15T23:47:46.968+0000][7][gc,phases   ] GC(522)   Pre Evacuate Collection Set: 0.2ms
[2023-11-15T23:47:46.968+0000][7][gc,phases   ] GC(522)   Merge Heap Roots: 0.1ms
[2023-11-15T23:47:46.968+0000][7][gc,phases   ] GC(522)   Evacuate Collection Set: 2.1ms
[2023-11-15T23:47:46.968+0000][7][gc,phases   ] GC(522)   Post Evacuate Collection Set: 1.2ms
[2023-11-15T23:47:46.968+0000][7][gc,phases   ] GC(522)   Other: 0.4ms
[2023-11-15T23:47:46.968+0000][7][gc,heap     ] GC(522) Eden regions: 66->0(66)
[2023-11-15T23:47:46.968+0000][7][gc,heap     ] GC(522) Survivor regions: 1->1(9)
[2023-11-15T23:47:46.968+0000][7][gc,heap     ] GC(522) Old regions: 32->32
[2023-11-15T23:47:46.968+0000][7][gc,heap     ] GC(522) Archive regions: 2->2
[2023-11-15T23:47:46.968+0000][7][gc,heap     ] GC(522) Humongous regions: 5->5
[2023-11-15T23:47:46.968+0000][7][gc,metaspace] GC(522) Metaspace: 117713K(119296K)->117713K(119296K) NonClass: 102204K(103168K)->102204K(103168K) Class: 15508K(16128K)->15508K(16128K)
[2023-11-15T23:47:46.969+0000][7][gc          ] GC(522) Pause Young (Normal) (G1 Evacuation Pause) 415M->151M(512M) 4.057ms
[2023-11-15T23:47:46.969+0000][7][gc,cpu      ] GC(522) User=0.02s Sys=0.00s Real=0.00s
[2023-11-15T23:47:46.969+0000][7][safepoint   ] Safepoint "G1CollectForAllocation", Time since last: 17265131955 ns, Reaching safepoint: 124355 ns, At safepoint: 4229473 ns, Total: 4353828 ns
[2023-11-15T23:48:02.230+0000][7][gc,start    ] GC(523) Pause Young (Concurrent Start) (G1 Evacuation Pause)
[2023-11-15T23:48:02.230+0000][7][gc,task     ] GC(523) Using 8 workers of 8 for evacuation
[2023-11-15T23:48:02.230+0000][7][gc,age      ] GC(523) Desired survivor size 18874368 bytes, new threshold 15 (max threshold 15)
[2023-11-15T23:48:02.232+0000][7][gc,age      ] GC(523) Age table with threshold 15 (max threshold 15)
[2023-11-15T23:48:02.232+0000][7][gc,age      ] GC(523) - age   1:    1186904 bytes,    1186904 total
[2023-11-15T23:48:02.232+0000][7][gc,age      ] GC(523) - age   2:     438080 bytes,    1624984 total
[2023-11-15T23:48:02.232+0000][7][gc,age      ] GC(523) - age   3:     212952 bytes,    1837936 total
[2023-11-15T23:48:02.232+0000][7][gc,age      ] GC(523) - age   4:      47952 bytes,    1885888 total
[2023-11-15T23:48:02.232+0000][7][gc,age      ] GC(523) - age   5:     467568 bytes,    2353456 total
[2023-11-15T23:48:02.232+0000][7][gc,phases   ] GC(523)   Pre Evacuate Collection Set: 0.2ms
[2023-11-15T23:48:02.232+0000][7][gc,phases   ] GC(523)   Merge Heap Roots: 0.1ms
[2023-11-15T23:48:02.232+0000][7][gc,phases   ] GC(523)   Evacuate Collection Set: 1.6ms
[2023-11-15T23:48:02.232+0000][7][gc,phases   ] GC(523)   Post Evacuate Collection Set: 0.4ms
[2023-11-15T23:48:02.232+0000][7][gc,phases   ] GC(523)   Other: 0.2ms
[2023-11-15T23:48:02.232+0000][7][gc,heap     ] GC(523) Eden regions: 66->0(66)
[2023-11-15T23:48:02.232+0000][7][gc,heap     ] GC(523) Survivor regions: 1->1(9)
[2023-11-15T23:48:02.232+0000][7][gc,heap     ] GC(523) Old regions: 32->32
[2023-11-15T23:48:02.232+0000][7][gc,heap     ] GC(523) Archive regions: 2->2
[2023-11-15T23:48:02.232+0000][7][gc,heap     ] GC(523) Humongous regions: 5->5
[2023-11-15T23:48:02.232+0000][7][gc,metaspace] GC(523) Metaspace: 117713K(119296K)->117713K(119296K) NonClass: 102204K(103168K)->102204K(103168K) Class: 15508K(16128K)->15508K(16128K)
[2023-11-15T23:48:02.232+0000][7][gc          ] GC(523) Pause Young (Concurrent Start) (G1 Evacuation Pause) 415M->151M(512M) 2.536ms
[2023-11-15T23:48:02.232+0000][7][gc,cpu      ] GC(523) User=0.01s Sys=0.00s Real=0.00s
[2023-11-15T23:48:02.232+0000][7][gc          ] GC(524) Concurrent Mark Cycle
[2023-11-15T23:48:02.232+0000][7][gc,marking  ] GC(524) Concurrent Clear Claimed Marks
[2023-11-15T23:48:02.232+0000][7][safepoint   ] Safepoint "G1CollectForAllocation", Time since last: 15261107579 ns, Reaching safepoint: 86225 ns, At safepoint: 2624832 ns, Total: 2711057 ns
[2023-11-15T23:48:02.232+0000][7][gc,marking  ] GC(524) Concurrent Clear Claimed Marks 0.060ms
[2023-11-15T23:48:02.233+0000][7][gc,marking  ] GC(524) Concurrent Scan Root Regions
[2023-11-15T23:48:02.234+0000][7][gc,marking  ] GC(524) Concurrent Scan Root Regions 1.712ms
[2023-11-15T23:48:02.234+0000][7][gc,marking  ] GC(524) Concurrent Mark
[2023-11-15T23:48:02.234+0000][7][gc,marking  ] GC(524) Concurrent Mark From Roots
[2023-11-15T23:48:02.234+0000][7][gc,task     ] GC(524) Using 2 workers of 2 for marking
[2023-11-15T23:48:02.298+0000][7][gc,marking  ] GC(524) Concurrent Mark From Roots 63.716ms
[2023-11-15T23:48:02.298+0000][7][gc,marking  ] GC(524) Concurrent Preclean
[2023-11-15T23:48:02.298+0000][7][gc,marking  ] GC(524) Concurrent Preclean 0.187ms
[2023-11-15T23:48:02.298+0000][7][gc,start    ] GC(524) Pause Remark
[2023-11-15T23:48:02.305+0000][7][gc          ] GC(524) Pause Remark 154M->154M(512M) 6.802ms
[2023-11-15T23:48:02.305+0000][7][gc,cpu      ] GC(524) User=0.04s Sys=0.00s Real=0.01s
[2023-11-15T23:48:02.305+0000][7][safepoint   ] Safepoint "G1Concurrent", Time since last: 65780098 ns, Reaching safepoint: 26915 ns, At safepoint: 6928808 ns, Total: 6955723 ns
[2023-11-15T23:48:02.305+0000][7][gc,marking  ] GC(524) Concurrent Mark 71.008ms
[2023-11-15T23:48:02.305+0000][7][gc,marking  ] GC(524) Concurrent Rebuild Remembered Sets
[2023-11-15T23:48:02.347+0000][7][gc,marking  ] GC(524) Concurrent Rebuild Remembered Sets 41.447ms
[2023-11-15T23:48:02.347+0000][7][gc,start    ] GC(524) Pause Cleanup
[2023-11-15T23:48:02.347+0000][7][gc          ] GC(524) Pause Cleanup 154M->154M(512M) 0.096ms
[2023-11-15T23:48:02.347+0000][7][gc,cpu      ] GC(524) User=0.00s Sys=0.00s Real=0.00s
[2023-11-15T23:48:02.347+0000][7][safepoint   ] Safepoint "G1Concurrent", Time since last: 41616242 ns, Reaching safepoint: 31521 ns, At safepoint: 179713 ns, Total: 211234 ns
[2023-11-15T23:48:02.347+0000][7][gc,marking  ] GC(524) Concurrent Cleanup for Next Mark
[2023-11-15T23:48:02.348+0000][7][gc,marking  ] GC(524) Concurrent Cleanup for Next Mark 0.501ms
[2023-11-15T23:48:02.348+0000][7][gc          ] GC(524) Concurrent Mark Cycle 115.128ms
[2023-11-15T23:48:17.963+0000][7][gc,start    ] GC(525) Pause Young (Prepare Mixed) (G1 Evacuation Pause)
[2023-11-15T23:48:17.963+0000][7][gc,task     ] GC(525) Using 8 workers of 8 for evacuation
[2023-11-15T23:48:17.963+0000][7][gc,age      ] GC(525) Desired survivor size 18874368 bytes, new threshold 15 (max threshold 15)
[2023-11-15T23:48:17.968+0000][7][gc,age      ] GC(525) Age table with threshold 15 (max threshold 15)
[2023-11-15T23:48:17.968+0000][7][gc,age      ] GC(525) - age   1:     704784 bytes,     704784 total
[2023-11-15T23:48:17.968+0000][7][gc,age      ] GC(525) - age   2:     481272 bytes,    1186056 total
[2023-11-15T23:48:17.968+0000][7][gc,age      ] GC(525) - age   3:     301888 bytes,    1487944 total
[2023-11-15T23:48:17.968+0000][7][gc,age      ] GC(525) - age   4:     211440 bytes,    1699384 total
[2023-11-15T23:48:17.968+0000][7][gc,age      ] GC(525) - age   5:      47952 bytes,    1747336 total
[2023-11-15T23:48:17.968+0000][7][gc,age      ] GC(525) - age   6:     467256 bytes,    2214592 total
[2023-11-15T23:48:17.968+0000][7][gc,phases   ] GC(525)   Pre Evacuate Collection Set: 0.2ms
[2023-11-15T23:48:17.968+0000][7][gc,phases   ] GC(525)   Merge Heap Roots: 0.2ms
[2023-11-15T23:48:17.968+0000][7][gc,phases   ] GC(525)   Evacuate Collection Set: 3.0ms
[2023-11-15T23:48:17.968+0000][7][gc,phases   ] GC(525)   Post Evacuate Collection Set: 1.3ms
[2023-11-15T23:48:17.968+0000][7][gc,phases   ] GC(525)   Other: 0.6ms
[2023-11-15T23:48:17.968+0000][7][gc,heap     ] GC(525) Eden regions: 66->0(5)
[2023-11-15T23:48:17.968+0000][7][gc,heap     ] GC(525) Survivor regions: 1->1(9)
[2023-11-15T23:48:17.968+0000][7][gc,heap     ] GC(525) Old regions: 32->32
[2023-11-15T23:48:17.968+0000][7][gc,heap     ] GC(525) Archive regions: 2->2
[2023-11-15T23:48:17.968+0000][7][gc,heap     ] GC(525) Humongous regions: 5->5
[2023-11-15T23:48:17.968+0000][7][gc,metaspace] GC(525) Metaspace: 117713K(119296K)->117713K(119296K) NonClass: 102204K(103168K)->102204K(103168K) Class: 15508K(16128K)->15508K(16128K)
[2023-11-15T23:48:17.968+0000][7][gc          ] GC(525) Pause Young (Prepare Mixed) (G1 Evacuation Pause) 415M->151M(512M) 5.283ms
[2023-11-15T23:48:17.968+0000][7][gc,cpu      ] GC(525) User=0.03s Sys=0.00s Real=0.01s
[2023-11-15T23:48:17.968+0000][7][safepoint   ] Safepoint "G1CollectForAllocation", Time since last: 15615828098 ns, Reaching safepoint: 99108 ns, At safepoint: 5471340 ns, Total: 5570448 ns
[2023-11-15T23:48:19.745+0000][7][gc,start    ] GC(526) Pause Young (Mixed) (G1 Evacuation Pause)
[2023-11-15T23:48:19.745+0000][7][gc,task     ] GC(526) Using 8 workers of 8 for evacuation
[2023-11-15T23:48:19.745+0000][7][gc,age      ] GC(526) Desired survivor size 2097152 bytes, new threshold 6 (max threshold 15)
[2023-11-15T23:48:19.763+0000][7][gc,age      ] GC(526) Age table with threshold 6 (max threshold 15)
[2023-11-15T23:48:19.763+0000][7][gc,age      ] GC(526) - age   1:      31896 bytes,      31896 total
[2023-11-15T23:48:19.763+0000][7][gc,age      ] GC(526) - age   2:     682048 bytes,     713944 total
[2023-11-15T23:48:19.763+0000][7][gc,age      ] GC(526) - age   3:     481272 bytes,    1195216 total
[2023-11-15T23:48:19.763+0000][7][gc,age      ] GC(526) - age   4:     301792 bytes,    1497008 total
[2023-11-15T23:48:19.763+0000][7][gc,age      ] GC(526) - age   5:     211440 bytes,    1708448 total
[2023-11-15T23:48:19.763+0000][7][gc,age      ] GC(526) - age   6:      47952 bytes,    1756400 total
[2023-11-15T23:48:19.763+0000][7][gc,phases   ] GC(526)   Pre Evacuate Collection Set: 0.2ms
[2023-11-15T23:48:19.763+0000][7][gc,phases   ] GC(526)   Merge Heap Roots: 0.1ms
[2023-11-15T23:48:19.763+0000][7][gc,phases   ] GC(526)   Evacuate Collection Set: 15.8ms
[2023-11-15T23:48:19.763+0000][7][gc,phases   ] GC(526)   Post Evacuate Collection Set: 1.4ms
[2023-11-15T23:48:19.763+0000][7][gc,phases   ] GC(526)   Other: 0.6ms
[2023-11-15T23:48:19.763+0000][7][gc,heap     ] GC(526) Eden regions: 5->0(66)
[2023-11-15T23:48:19.763+0000][7][gc,heap     ] GC(526) Survivor regions: 1->1(1)
[2023-11-15T23:48:19.763+0000][7][gc,heap     ] GC(526) Old regions: 32->32
[2023-11-15T23:48:19.763+0000][7][gc,heap     ] GC(526) Archive regions: 2->2
[2023-11-15T23:48:19.763+0000][7][gc,heap     ] GC(526) Humongous regions: 5->5
[2023-11-15T23:48:19.763+0000][7][gc,metaspace] GC(526) Metaspace: 117713K(119296K)->117713K(119296K) NonClass: 102204K(103168K)->102204K(103168K) Class: 15508K(16128K)->15508K(16128K)
[2023-11-15T23:48:19.764+0000][7][gc          ] GC(526) Pause Young (Mixed) (G1 Evacuation Pause) 171M->149M(512M) 18.537ms
[2023-11-15T23:48:19.764+0000][7][gc,cpu      ] GC(526) User=0.04s Sys=0.04s Real=0.01s
[2023-11-15T23:48:19.764+0000][7][safepoint   ] Safepoint "G1CollectForAllocation", Time since last: 1776516928 ns, Reaching safepoint: 97386 ns, At safepoint: 18822259 ns, Total: 18919645 ns
[2023-11-15T23:48:36.004+0000][7][gc,start    ] GC(527) Pause Young (Normal) (G1 Evacuation Pause)
[2023-11-15T23:48:36.005+0000][7][gc,task     ] GC(527) Using 8 workers of 8 for evacuation
[2023-11-15T23:48:36.005+0000][7][gc,age      ] GC(527) Desired survivor size 18874368 bytes, new threshold 15 (max threshold 15)
[2023-11-15T23:48:36.009+0000][7][gc,age      ] GC(527) Age table with threshold 15 (max threshold 15)
[2023-11-15T23:48:36.009+0000][7][gc,age      ] GC(527) - age   1:    3236352 bytes,    3236352 total
[2023-11-15T23:48:36.009+0000][7][gc,age      ] GC(527) - age   2:       2832 bytes,    3239184 total
[2023-11-15T23:48:36.009+0000][7][gc,age      ] GC(527) - age   3:     559488 bytes,    3798672 total
[2023-11-15T23:48:36.009+0000][7][gc,age      ] GC(527) - age   4:     466328 bytes,    4265000 total
[2023-11-15T23:48:36.009+0000][7][gc,age      ] GC(527) - age   5:     300912 bytes,    4565912 total
[2023-11-15T23:48:36.009+0000][7][gc,age      ] GC(527) - age   6:     210840 bytes,    4776752 total
[2023-11-15T23:48:36.009+0000][7][gc,age      ] GC(527) - age   7:      47952 bytes,    4824704 total
[2023-11-15T23:48:36.009+0000][7][gc,phases   ] GC(527)   Pre Evacuate Collection Set: 0.2ms
[2023-11-15T23:48:36.009+0000][7][gc,phases   ] GC(527)   Merge Heap Roots: 0.1ms
[2023-11-15T23:48:36.009+0000][7][gc,phases   ] GC(527)   Evacuate Collection Set: 3.2ms
[2023-11-15T23:48:36.009+0000][7][gc,phases   ] GC(527)   Post Evacuate Collection Set: 1.0ms
[2023-11-15T23:48:36.009+0000][7][gc,phases   ] GC(527)   Other: 0.4ms
[2023-11-15T23:48:36.009+0000][7][gc,heap     ] GC(527) Eden regions: 66->0(65)
[2023-11-15T23:48:36.009+0000][7][gc,heap     ] GC(527) Survivor regions: 1->2(9)
[2023-11-15T23:48:36.009+0000][7][gc,heap     ] GC(527) Old regions: 32->32
[2023-11-15T23:48:36.009+0000][7][gc,heap     ] GC(527) Archive regions: 2->2
[2023-11-15T23:48:36.009+0000][7][gc,heap     ] GC(527) Humongous regions: 5->5
[2023-11-15T23:48:36.009+0000][7][gc,metaspace] GC(527) Metaspace: 117713K(119296K)->117713K(119296K) NonClass: 102204K(103168K)->102204K(103168K) Class: 15508K(16128K)->15508K(16128K)
[2023-11-15T23:48:36.010+0000][7][gc          ] GC(527) Pause Young (Normal) (G1 Evacuation Pause) 413M->152M(512M) 5.026ms
[2023-11-15T23:48:36.010+0000][7][gc,cpu      ] GC(527) User=0.03s Sys=0.01s Real=0.00s
[2023-11-15T23:48:36.010+0000][7][safepoint   ] Safepoint "G1CollectForAllocation", Time since last: 16240505618 ns, Reaching safepoint: 88939 ns, At safepoint: 5181461 ns, Total: 5270400 ns
[2023-11-15T23:48:50.012+0000][7][safepoint   ] Safepoint "Cleanup", Time since last: 14001830193 ns, Reaching safepoint: 147545 ns, At safepoint: 13679 ns, Total: 161224 ns
[2023-11-15T23:48:51.470+0000][7][gc,start    ] GC(528) Pause Young (Normal) (G1 Evacuation Pause)
[2023-11-15T23:48:51.470+0000][7][gc,task     ] GC(528) Using 8 workers of 8 for evacuation
[2023-11-15T23:48:51.470+0000][7][gc,age      ] GC(528) Desired survivor size 18874368 bytes, new threshold 15 (max threshold 15)
[2023-11-15T23:48:51.473+0000][7][gc,age      ] GC(528) Age table with threshold 15 (max threshold 15)
[2023-11-15T23:48:51.473+0000][7][gc,age      ] GC(528) - age   1:     619256 bytes,     619256 total
[2023-11-15T23:48:51.473+0000][7][gc,age      ] GC(528) - age   2:    1891808 bytes,    2511064 total
[2023-11-15T23:48:51.473+0000][7][gc,age      ] GC(528) - age   3:       2832 bytes,    2513896 total
[2023-11-15T23:48:51.473+0000][7][gc,age      ] GC(528) - age   4:     235952 bytes,    2749848 total
[2023-11-15T23:48:51.473+0000][7][gc,age      ] GC(528) - age   5:     346520 bytes,    3096368 total
[2023-11-15T23:48:51.473+0000][7][gc,age      ] GC(528) - age   6:     300424 bytes,    3396792 total
[2023-11-15T23:48:51.473+0000][7][gc,age      ] GC(528) - age   7:     210712 bytes,    3607504 total
[2023-11-15T23:48:51.473+0000][7][gc,age      ] GC(528) - age   8:      47952 bytes,    3655456 total
[2023-11-15T23:48:51.473+0000][7][gc,phases   ] GC(528)   Pre Evacuate Collection Set: 0.2ms
[2023-11-15T23:48:51.473+0000][7][gc,phases   ] GC(528)   Merge Heap Roots: 0.1ms
[2023-11-15T23:48:51.473+0000][7][gc,phases   ] GC(528)   Evacuate Collection Set: 2.0ms
[2023-11-15T23:48:51.473+0000][7][gc,phases   ] GC(528)   Post Evacuate Collection Set: 0.9ms
[2023-11-15T23:48:51.473+0000][7][gc,phases   ] GC(528)   Other: 0.5ms
[2023-11-15T23:48:51.473+0000][7][gc,heap     ] GC(528) Eden regions: 65->0(66)
[2023-11-15T23:48:51.473+0000][7][gc,heap     ] GC(528) Survivor regions: 2->1(9)
[2023-11-15T23:48:51.473+0000][7][gc,heap     ] GC(528) Old regions: 32->32
[2023-11-15T23:48:51.473+0000][7][gc,heap     ] GC(528) Archive regions: 2->2
[2023-11-15T23:48:51.473+0000][7][gc,heap     ] GC(528) Humongous regions: 5->5
[2023-11-15T23:48:51.473+0000][7][gc,metaspace] GC(528) Metaspace: 117721K(119296K)->117721K(119296K) NonClass: 102212K(103168K)->102212K(103168K) Class: 15508K(16128K)->15508K(16128K)
[2023-11-15T23:48:51.473+0000][7][gc          ] GC(528) Pause Young (Normal) (G1 Evacuation Pause) 412M->151M(512M) 3.704ms
[2023-11-15T23:48:51.474+0000][7][gc,cpu      ] GC(528) User=0.01s Sys=0.00s Real=0.00s
[2023-11-15T23:48:51.474+0000][7][safepoint   ] Safepoint "G1CollectForAllocation", Time since last: 1458008093 ns, Reaching safepoint: 59851 ns, At safepoint: 3880173 ns, Total: 3940024 ns
[2023-11-15T23:49:05.475+0000][7][safepoint   ] Safepoint "Cleanup", Time since last: 14001810732 ns, Reaching safepoint: 60681 ns, At safepoint: 12279 ns, Total: 72960 ns
[2023-11-15T23:49:07.563+0000][7][gc,start    ] GC(529) Pause Young (Concurrent Start) (G1 Evacuation Pause)
[2023-11-15T23:49:07.563+0000][7][gc,task     ] GC(529) Using 8 workers of 8 for evacuation
[2023-11-15T23:49:07.563+0000][7][gc,age      ] GC(529) Desired survivor size 18874368 bytes, new threshold 15 (max threshold 15)
[2023-11-15T23:49:07.567+0000][7][gc,age      ] GC(529) Age table with threshold 15 (max threshold 15)
[2023-11-15T23:49:07.567+0000][7][gc,age      ] GC(529) - age   1:    1572312 bytes,    1572312 total
[2023-11-15T23:49:07.567+0000][7][gc,age      ] GC(529) - age   2:     339336 bytes,    1911648 total
[2023-11-15T23:49:07.567+0000][7][gc,age      ] GC(529) - age   3:    1840992 bytes,    3752640 total
[2023-11-15T23:49:07.567+0000][7][gc,age      ] GC(529) - age   4:       2832 bytes,    3755472 total
[2023-11-15T23:49:07.567+0000][7][gc,age      ] GC(529) - age   5:     235344 bytes,    3990816 total
[2023-11-15T23:49:07.567+0000][7][gc,age      ] GC(529) - age   6:     346360 bytes,    4337176 total
[2023-11-15T23:49:07.567+0000][7][gc,age      ] GC(529) - age   7:     299984 bytes,    4637160 total
[2023-11-15T23:49:07.567+0000][7][gc,age      ] GC(529) - age   8:     210584 bytes,    4847744 total
[2023-11-15T23:49:07.567+0000][7][gc,age      ] GC(529) - age   9:      47952 bytes,    4895696 total
[2023-11-15T23:49:07.567+0000][7][gc,phases   ] GC(529)   Pre Evacuate Collection Set: 0.3ms
[2023-11-15T23:49:07.567+0000][7][gc,phases   ] GC(529)   Merge Heap Roots: 0.1ms
[2023-11-15T23:49:07.567+0000][7][gc,phases   ] GC(529)   Evacuate Collection Set: 2.7ms
[2023-11-15T23:49:07.567+0000][7][gc,phases   ] GC(529)   Post Evacuate Collection Set: 1.0ms
[2023-11-15T23:49:07.567+0000][7][gc,phases   ] GC(529)   Other: 0.4ms
[2023-11-15T23:49:07.567+0000][7][gc,heap     ] GC(529) Eden regions: 66->0(65)
[2023-11-15T23:49:07.567+0000][7][gc,heap     ] GC(529) Survivor regions: 1->2(9)
[2023-11-15T23:49:07.567+0000][7][gc,heap     ] GC(529) Old regions: 32->32
[2023-11-15T23:49:07.567+0000][7][gc,heap     ] GC(529) Archive regions: 2->2
[2023-11-15T23:49:07.567+0000][7][gc,heap     ] GC(529) Humongous regions: 5->5
[2023-11-15T23:49:07.567+0000][7][gc,metaspace] GC(529) Metaspace: 117721K(119296K)->117721K(119296K) NonClass: 102212K(103168K)->102212K(103168K) Class: 15508K(16128K)->15508K(16128K)
[2023-11-15T23:49:07.567+0000][7][gc          ] GC(529) Pause Young (Concurrent Start) (G1 Evacuation Pause) 415M->152M(512M) 4.583ms
[2023-11-15T23:49:07.567+0000][7][gc,cpu      ] GC(529) User=0.02s Sys=0.00s Real=0.01s
[2023-11-15T23:49:07.567+0000][7][safepoint   ] Safepoint "G1CollectForAllocation", Time since last: 2087067559 ns, Reaching safepoint: 73323 ns, At safepoint: 4737171 ns, Total: 4810494 ns
[2023-11-15T23:49:07.567+0000][7][gc          ] GC(530) Concurrent Mark Cycle
[2023-11-15T23:49:07.567+0000][7][gc,marking  ] GC(530) Concurrent Clear Claimed Marks
[2023-11-15T23:49:07.568+0000][7][gc,marking  ] GC(530) Concurrent Clear Claimed Marks 0.130ms
[2023-11-15T23:49:07.568+0000][7][gc,marking  ] GC(530) Concurrent Scan Root Regions
[2023-11-15T23:49:07.573+0000][7][gc,marking  ] GC(530) Concurrent Scan Root Regions 5.509ms
[2023-11-15T23:49:07.573+0000][7][gc,marking  ] GC(530) Concurrent Mark
[2023-11-15T23:49:07.573+0000][7][gc,marking  ] GC(530) Concurrent Mark From Roots
[2023-11-15T23:49:07.573+0000][7][gc,task     ] GC(530) Using 2 workers of 2 for marking
[2023-11-15T23:49:07.651+0000][7][gc,marking  ] GC(530) Concurrent Mark From Roots 78.131ms
[2023-11-15T23:49:07.651+0000][7][gc,marking  ] GC(530) Concurrent Preclean
[2023-11-15T23:49:07.651+0000][7][gc,marking  ] GC(530) Concurrent Preclean 0.166ms
[2023-11-15T23:49:07.652+0000][7][gc,start    ] GC(530) Pause Remark
[2023-11-15T23:49:07.657+0000][7][gc          ] GC(530) Pause Remark 155M->155M(512M) 5.834ms
[2023-11-15T23:49:07.657+0000][7][gc,cpu      ] GC(530) User=0.04s Sys=0.00s Real=0.01s
[2023-11-15T23:49:07.657+0000][7][safepoint   ] Safepoint "G1Concurrent", Time since last: 84204943 ns, Reaching safepoint: 26164 ns, At safepoint: 5913414 ns, Total: 5939578 ns
[2023-11-15T23:49:07.657+0000][7][gc,marking  ] GC(530) Concurrent Mark 84.340ms
[2023-11-15T23:49:07.657+0000][7][gc,marking  ] GC(530) Concurrent Rebuild Remembered Sets
[2023-11-15T23:49:07.690+0000][7][gc,marking  ] GC(530) Concurrent Rebuild Remembered Sets 32.143ms
[2023-11-15T23:49:07.690+0000][7][gc,start    ] GC(530) Pause Cleanup
[2023-11-15T23:49:07.690+0000][7][gc          ] GC(530) Pause Cleanup 156M->156M(512M) 0.064ms
[2023-11-15T23:49:07.690+0000][7][gc,cpu      ] GC(530) User=0.00s Sys=0.00s Real=0.00s
[2023-11-15T23:49:07.690+0000][7][safepoint   ] Safepoint "G1Concurrent", Time since last: 32251868 ns, Reaching safepoint: 93256 ns, At safepoint: 316428 ns, Total: 409684 ns
[2023-11-15T23:49:07.690+0000][7][gc,marking  ] GC(530) Concurrent Cleanup for Next Mark
[2023-11-15T23:49:07.691+0000][7][gc,marking  ] GC(530) Concurrent Cleanup for Next Mark 0.524ms
[2023-11-15T23:49:07.691+0000][7][gc          ] GC(530) Concurrent Mark Cycle 123.316ms
[2023-11-15T23:49:09.690+0000][7][safepoint   ] Safepoint "Cleanup", Time since last: 2000161662 ns, Reaching safepoint: 64989 ns, At safepoint: 14740 ns, Total: 79729 ns
[2023-11-15T23:49:23.737+0000][7][gc,start    ] GC(531) Pause Young (Prepare Mixed) (G1 Evacuation Pause)
[2023-11-15T23:49:23.737+0000][7][gc,task     ] GC(531) Using 8 workers of 8 for evacuation
[2023-11-15T23:49:23.737+0000][7][gc,age      ] GC(531) Desired survivor size 18874368 bytes, new threshold 15 (max threshold 15)
[2023-11-15T23:49:23.744+0000][7][gc,age      ] GC(531) Age table with threshold 15 (max threshold 15)
[2023-11-15T23:49:23.744+0000][7][gc,age      ] GC(531) - age   1:    1288264 bytes,    1288264 total
[2023-11-15T23:49:23.744+0000][7][gc,age      ] GC(531) - age   2:    1454792 bytes,    2743056 total
[2023-11-15T23:49:23.744+0000][7][gc,age      ] GC(531) - age   3:     337288 bytes,    3080344 total
[2023-11-15T23:49:23.744+0000][7][gc,age      ] GC(531) - age   4:    1840424 bytes,    4920768 total
[2023-11-15T23:49:23.744+0000][7][gc,age      ] GC(531) - age   5:       2832 bytes,    4923600 total
[2023-11-15T23:49:23.744+0000][7][gc,age      ] GC(531) - age   6:     234840 bytes,    5158440 total
[2023-11-15T23:49:23.744+0000][7][gc,age      ] GC(531) - age   7:     345944 bytes,    5504384 total
[2023-11-15T23:49:23.744+0000][7][gc,age      ] GC(531) - age   8:     299984 bytes,    5804368 total
[2023-11-15T23:49:23.744+0000][7][gc,age      ] GC(531) - age   9:     210520 bytes,    6014888 total
[2023-11-15T23:49:23.744+0000][7][gc,age      ] GC(531) - age  10:      47952 bytes,    6062840 total
[2023-11-15T23:49:23.744+0000][7][gc,phases   ] GC(531)   Pre Evacuate Collection Set: 0.2ms
[2023-11-15T23:49:23.744+0000][7][gc,phases   ] GC(531)   Merge Heap Roots: 0.2ms
[2023-11-15T23:49:23.744+0000][7][gc,phases   ] GC(531)   Evacuate Collection Set: 4.5ms
[2023-11-15T23:49:23.744+0000][7][gc,phases   ] GC(531)   Post Evacuate Collection Set: 1.3ms
[2023-11-15T23:49:23.744+0000][7][gc,phases   ] GC(531)   Other: 0.6ms
[2023-11-15T23:49:23.744+0000][7][gc,heap     ] GC(531) Eden regions: 65->0(4)
[2023-11-15T23:49:23.744+0000][7][gc,heap     ] GC(531) Survivor regions: 2->2(9)
[2023-11-15T23:49:23.744+0000][7][gc,heap     ] GC(531) Old regions: 32->32
[2023-11-15T23:49:23.744+0000][7][gc,heap     ] GC(531) Archive regions: 2->2
[2023-11-15T23:49:23.744+0000][7][gc,heap     ] GC(531) Humongous regions: 5->5
[2023-11-15T23:49:23.744+0000][7][gc,metaspace] GC(531) Metaspace: 117721K(119296K)->117721K(119296K) NonClass: 102212K(103168K)->102212K(103168K) Class: 15508K(16128K)->15508K(16128K)
[2023-11-15T23:49:23.744+0000][7][gc          ] GC(531) Pause Young (Prepare Mixed) (G1 Evacuation Pause) 412M->153M(512M) 7.015ms
[2023-11-15T23:49:23.744+0000][7][gc,cpu      ] GC(531) User=0.04s Sys=0.00s Real=0.00s
[2023-11-15T23:49:23.744+0000][7][safepoint   ] Safepoint "G1CollectForAllocation", Time since last: 14046552400 ns, Reaching safepoint: 98807 ns, At safepoint: 7224000 ns, Total: 7322807 ns
[2023-11-15T23:49:25.083+0000][7][gc,start    ] GC(532) Pause Young (Mixed) (G1 Evacuation Pause)
[2023-11-15T23:49:25.084+0000][7][gc,task     ] GC(532) Using 8 workers of 8 for evacuation
[2023-11-15T23:49:25.084+0000][7][gc,age      ] GC(532) Desired survivor size 2097152 bytes, new threshold 2 (max threshold 15)
[2023-11-15T23:49:25.099+0000][7][gc,age      ] GC(532) Age table with threshold 2 (max threshold 15)
[2023-11-15T23:49:25.099+0000][7][gc,age      ] GC(532) - age   1:     129344 bytes,     129344 total
[2023-11-15T23:49:25.099+0000][7][gc,age      ] GC(532) - age   2:     304568 bytes,     433912 total
[2023-11-15T23:49:25.099+0000][7][gc,phases   ] GC(532)   Pre Evacuate Collection Set: 0.2ms
[2023-11-15T23:49:25.099+0000][7][gc,phases   ] GC(532)   Merge Heap Roots: 0.3ms
[2023-11-15T23:49:25.099+0000][7][gc,phases   ] GC(532)   Evacuate Collection Set: 13.7ms
[2023-11-15T23:49:25.099+0000][7][gc,phases   ] GC(532)   Post Evacuate Collection Set: 1.2ms
[2023-11-15T23:49:25.099+0000][7][gc,phases   ] GC(532)   Other: 0.4ms
[2023-11-15T23:49:25.099+0000][7][gc,heap     ] GC(532) Eden regions: 4->0(66)
[2023-11-15T23:49:25.099+0000][7][gc,heap     ] GC(532) Survivor regions: 2->1(1)
[2023-11-15T23:49:25.099+0000][7][gc,heap     ] GC(532) Old regions: 32->32
[2023-11-15T23:49:25.099+0000][7][gc,heap     ] GC(532) Archive regions: 2->2
[2023-11-15T23:49:25.099+0000][7][gc,heap     ] GC(532) Humongous regions: 5->5
[2023-11-15T23:49:25.099+0000][7][gc,metaspace] GC(532) Metaspace: 117721K(119296K)->117721K(119296K) NonClass: 102212K(103168K)->102212K(103168K) Class: 15508K(16128K)->15508K(16128K)
[2023-11-15T23:49:25.099+0000][7][gc          ] GC(532) Pause Young (Mixed) (G1 Evacuation Pause) 169M->151M(512M) 15.927ms
[2023-11-15T23:49:25.099+0000][7][gc,cpu      ] GC(532) User=0.04s Sys=0.02s Real=0.02s
[2023-11-15T23:49:25.099+0000][7][safepoint   ] Safepoint "G1CollectForAllocation", Time since last: 1338999197 ns, Reaching safepoint: 142812 ns, At safepoint: 16115580 ns, Total: 16258392 ns
[2023-11-15T23:49:41.085+0000][7][gc,start    ] GC(533) Pause Young (Normal) (G1 Evacuation Pause)
[2023-11-15T23:49:41.085+0000][7][gc,task     ] GC(533) Using 8 workers of 8 for evacuation
[2023-11-15T23:49:41.085+0000][7][gc,age      ] GC(533) Desired survivor size 18874368 bytes, new threshold 15 (max threshold 15)
[2023-11-15T23:49:41.088+0000][7][gc,age      ] GC(533) Age table with threshold 15 (max threshold 15)
[2023-11-15T23:49:41.088+0000][7][gc,age      ] GC(533) - age   1:    4193896 bytes,    4193896 total
[2023-11-15T23:49:41.088+0000][7][gc,age      ] GC(533) - age   2:      87728 bytes,    4281624 total
[2023-11-15T23:49:41.088+0000][7][gc,age      ] GC(533) - age   3:     287080 bytes,    4568704 total
[2023-11-15T23:49:41.088+0000][7][gc,phases   ] GC(533)   Pre Evacuate Collection Set: 0.1ms
[2023-11-15T23:49:41.088+0000][7][gc,phases   ] GC(533)   Merge Heap Roots: 0.0ms
[2023-11-15T23:49:41.088+0000][7][gc,phases   ] GC(533)   Evacuate Collection Set: 1.7ms
[2023-11-15T23:49:41.088+0000][7][gc,phases   ] GC(533)   Post Evacuate Collection Set: 0.6ms
[2023-11-15T23:49:41.088+0000][7][gc,phases   ] GC(533)   Other: 0.2ms
[2023-11-15T23:49:41.088+0000][7][gc,heap     ] GC(533) Eden regions: 66->0(64)
[2023-11-15T23:49:41.088+0000][7][gc,heap     ] GC(533) Survivor regions: 1->2(9)
[2023-11-15T23:49:41.088+0000][7][gc,heap     ] GC(533) Old regions: 32->32
[2023-11-15T23:49:41.088+0000][7][gc,heap     ] GC(533) Archive regions: 2->2
[2023-11-15T23:49:41.088+0000][7][gc,heap     ] GC(533) Humongous regions: 5->5
[2023-11-15T23:49:41.088+0000][7][gc,metaspace] GC(533) Metaspace: 117726K(119296K)->117726K(119296K) NonClass: 102217K(103168K)->102217K(103168K) Class: 15508K(16128K)->15508K(16128K)
[2023-11-15T23:49:41.088+0000][7][gc          ] GC(533) Pause Young (Normal) (G1 Evacuation Pause) 415M->155M(512M) 2.614ms
[2023-11-15T23:49:41.088+0000][7][gc,cpu      ] GC(533) User=0.01s Sys=0.01s Real=0.00s
[2023-11-15T23:49:41.088+0000][7][safepoint   ] Safepoint "G1CollectForAllocation", Time since last: 15985816030 ns, Reaching safepoint: 42563 ns, At safepoint: 2686853 ns, Total: 2729416 ns
[2023-11-15T23:49:47.089+0000][7][safepoint   ] Safepoint "Cleanup", Time since last: 6000924772 ns, Reaching safepoint: 76740 ns, At safepoint: 10936 ns, Total: 87676 ns
[2023-11-15T23:49:55.949+0000][7][gc,start    ] GC(534) Pause Young (Normal) (G1 Evacuation Pause)
[2023-11-15T23:49:55.949+0000][7][gc,task     ] GC(534) Using 8 workers of 8 for evacuation
[2023-11-15T23:49:55.949+0000][7][gc,age      ] GC(534) Desired survivor size 18874368 bytes, new threshold 15 (max threshold 15)
[2023-11-15T23:49:55.952+0000][7][gc,age      ] GC(534) Age table with threshold 15 (max threshold 15)
[2023-11-15T23:49:55.952+0000][7][gc,age      ] GC(534) - age   1:     580600 bytes,     580600 total
[2023-11-15T23:49:55.952+0000][7][gc,age      ] GC(534) - age   2:    2618696 bytes,    3199296 total
[2023-11-15T23:49:55.952+0000][7][gc,age      ] GC(534) - age   3:      32856 bytes,    3232152 total
[2023-11-15T23:49:55.952+0000][7][gc,age      ] GC(534) - age   4:     238760 bytes,    3470912 total
[2023-11-15T23:49:55.953+0000][7][gc,phases   ] GC(534)   Pre Evacuate Collection Set: 0.1ms
[2023-11-15T23:49:55.953+0000][7][gc,phases   ] GC(534)   Merge Heap Roots: 0.1ms
[2023-11-15T23:49:55.953+0000][7][gc,phases   ] GC(534)   Evacuate Collection Set: 1.9ms
[2023-11-15T23:49:55.953+0000][7][gc,phases   ] GC(534)   Post Evacuate Collection Set: 0.9ms
[2023-11-15T23:49:55.953+0000][7][gc,phases   ] GC(534)   Other: 0.3ms
[2023-11-15T23:49:55.953+0000][7][gc,heap     ] GC(534) Eden regions: 64->0(66)
[2023-11-15T23:49:55.953+0000][7][gc,heap     ] GC(534) Survivor regions: 2->1(9)
[2023-11-15T23:49:55.953+0000][7][gc,heap     ] GC(534) Old regions: 32->32
[2023-11-15T23:49:55.953+0000][7][gc,heap     ] GC(534) Archive regions: 2->2
[2023-11-15T23:49:55.953+0000][7][gc,heap     ] GC(534) Humongous regions: 5->5
[2023-11-15T23:49:55.953+0000][7][gc,metaspace] GC(534) Metaspace: 117726K(119296K)->117726K(119296K) NonClass: 102217K(103168K)->102217K(103168K) Class: 15508K(16128K)->15508K(16128K)
[2023-11-15T23:49:55.953+0000][7][gc          ] GC(534) Pause Young (Normal) (G1 Evacuation Pause) 411M->154M(512M) 3.434ms
[2023-11-15T23:49:55.953+0000][7][gc,cpu      ] GC(534) User=0.01s Sys=0.00s Real=0.00s
[2023-11-15T23:49:55.953+0000][7][safepoint   ] Safepoint "G1CollectForAllocation", Time since last: 8860075526 ns, Reaching safepoint: 59063 ns, At safepoint: 3577853 ns, Total: 3636916 ns
[2023-11-15T23:50:13.545+0000][7][gc,start    ] GC(535) Pause Young (Concurrent Start) (G1 Evacuation Pause)
[2023-11-15T23:50:13.545+0000][7][gc,task     ] GC(535) Using 8 workers of 8 for evacuation
[2023-11-15T23:50:13.545+0000][7][gc,age      ] GC(535) Desired survivor size 18874368 bytes, new threshold 15 (max threshold 15)
[2023-11-15T23:50:13.551+0000][7][gc,age      ] GC(535) Age table with threshold 15 (max threshold 15)
[2023-11-15T23:50:13.551+0000][7][gc,age      ] GC(535) - age   1:    2163000 bytes,    2163000 total
[2023-11-15T23:50:13.551+0000][7][gc,age      ] GC(535) - age   2:     520440 bytes,    2683440 total
[2023-11-15T23:50:13.551+0000][7][gc,age      ] GC(535) - age   3:    2604136 bytes,    5287576 total
[2023-11-15T23:50:13.551+0000][7][gc,age      ] GC(535) - age   4:      32856 bytes,    5320432 total
[2023-11-15T23:50:13.551+0000][7][gc,age      ] GC(535) - age   5:     238416 bytes,    5558848 total
[2023-11-15T23:50:13.551+0000][7][gc,phases   ] GC(535)   Pre Evacuate Collection Set: 0.3ms
[2023-11-15T23:50:13.551+0000][7][gc,phases   ] GC(535)   Merge Heap Roots: 0.1ms
[2023-11-15T23:50:13.551+0000][7][gc,phases   ] GC(535)   Evacuate Collection Set: 3.8ms
[2023-11-15T23:50:13.551+0000][7][gc,phases   ] GC(535)   Post Evacuate Collection Set: 1.1ms
[2023-11-15T23:50:13.551+0000][7][gc,phases   ] GC(535)   Other: 0.5ms
[2023-11-15T23:50:13.551+0000][7][gc,heap     ] GC(535) Eden regions: 66->0(65)
[2023-11-15T23:50:13.551+0000][7][gc,heap     ] GC(535) Survivor regions: 1->2(9)
[2023-11-15T23:50:13.551+0000][7][gc,heap     ] GC(535) Old regions: 32->32
[2023-11-15T23:50:13.551+0000][7][gc,heap     ] GC(535) Archive regions: 2->2
[2023-11-15T23:50:13.551+0000][7][gc,heap     ] GC(535) Humongous regions: 5->5
[2023-11-15T23:50:13.551+0000][7][gc,metaspace] GC(535) Metaspace: 117726K(119296K)->117726K(119296K) NonClass: 102217K(103168K)->102217K(103168K) Class: 15508K(16128K)->15508K(16128K)
[2023-11-15T23:50:13.551+0000][7][gc          ] GC(535) Pause Young (Concurrent Start) (G1 Evacuation Pause) 418M->156M(512M) 6.011ms
[2023-11-15T23:50:13.551+0000][7][gc,cpu      ] GC(535) User=0.03s Sys=0.00s Real=0.00s
[2023-11-15T23:50:13.551+0000][7][safepoint   ] Safepoint "G1CollectForAllocation", Time since last: 17592343166 ns, Reaching safepoint: 151642 ns, At safepoint: 6191826 ns, Total: 6343468 ns
[2023-11-15T23:50:13.551+0000][7][gc          ] GC(536) Concurrent Mark Cycle
[2023-11-15T23:50:13.552+0000][7][gc,marking  ] GC(536) Concurrent Clear Claimed Marks
[2023-11-15T23:50:13.552+0000][7][gc,marking  ] GC(536) Concurrent Clear Claimed Marks 0.174ms
[2023-11-15T23:50:13.552+0000][7][gc,marking  ] GC(536) Concurrent Scan Root Regions
[2023-11-15T23:50:13.555+0000][7][gc,marking  ] GC(536) Concurrent Scan Root Regions 2.921ms
[2023-11-15T23:50:13.555+0000][7][gc,marking  ] GC(536) Concurrent Mark
[2023-11-15T23:50:13.555+0000][7][gc,marking  ] GC(536) Concurrent Mark From Roots
[2023-11-15T23:50:13.555+0000][7][gc,task     ] GC(536) Using 2 workers of 2 for marking
[2023-11-15T23:50:13.632+0000][7][gc,marking  ] GC(536) Concurrent Mark From Roots 77.468ms
[2023-11-15T23:50:13.632+0000][7][gc,marking  ] GC(536) Concurrent Preclean
[2023-11-15T23:50:13.632+0000][7][gc,marking  ] GC(536) Concurrent Preclean 0.166ms
[2023-11-15T23:50:13.632+0000][7][gc,start    ] GC(536) Pause Remark
[2023-11-15T23:50:13.638+0000][7][gc          ] GC(536) Pause Remark 159M->159M(512M) 5.594ms
[2023-11-15T23:50:13.638+0000][7][gc,cpu      ] GC(536) User=0.04s Sys=0.00s Real=0.01s
[2023-11-15T23:50:13.638+0000][7][safepoint   ] Safepoint "G1Concurrent", Time since last: 80956761 ns, Reaching safepoint: 22582 ns, At safepoint: 5688001 ns, Total: 5710583 ns
[2023-11-15T23:50:13.638+0000][7][gc,marking  ] GC(536) Concurrent Mark 83.464ms
[2023-11-15T23:50:13.638+0000][7][gc,marking  ] GC(536) Concurrent Rebuild Remembered Sets
[2023-11-15T23:50:13.670+0000][7][gc,marking  ] GC(536) Concurrent Rebuild Remembered Sets 31.716ms
[2023-11-15T23:50:13.670+0000][7][gc,start    ] GC(536) Pause Cleanup
[2023-11-15T23:50:13.670+0000][7][gc          ] GC(536) Pause Cleanup 159M->159M(512M) 0.100ms
[2023-11-15T23:50:13.670+0000][7][gc,cpu      ] GC(536) User=0.00s Sys=0.00s Real=0.00s
[2023-11-15T23:50:13.670+0000][7][safepoint   ] Safepoint "G1Concurrent", Time since last: 31899266 ns, Reaching safepoint: 88530 ns, At safepoint: 176257 ns, Total: 264787 ns
[2023-11-15T23:50:13.670+0000][7][gc,marking  ] GC(536) Concurrent Cleanup for Next Mark
[2023-11-15T23:50:13.671+0000][7][gc,marking  ] GC(536) Concurrent Cleanup for Next Mark 0.504ms
[2023-11-15T23:50:13.671+0000][7][gc          ] GC(536) Concurrent Mark Cycle 119.435ms
[2023-11-15T23:50:25.672+0000][7][safepoint   ] Safepoint "Cleanup", Time since last: 12001786587 ns, Reaching safepoint: 80362 ns, At safepoint: 14531 ns, Total: 94893 ns
[2023-11-15T23:50:29.045+0000][7][gc,start    ] GC(537) Pause Young (Prepare Mixed) (G1 Evacuation Pause)
[2023-11-15T23:50:29.045+0000][7][gc,task     ] GC(537) Using 8 workers of 8 for evacuation
[2023-11-15T23:50:29.045+0000][7][gc,age      ] GC(537) Desired survivor size 18874368 bytes, new threshold 15 (max threshold 15)
[2023-11-15T23:50:29.048+0000][7][gc,age      ] GC(537) Age table with threshold 15 (max threshold 15)
[2023-11-15T23:50:29.048+0000][7][gc,age      ] GC(537) - age   1:    1747344 bytes,    1747344 total
[2023-11-15T23:50:29.048+0000][7][gc,age      ] GC(537) - age   2:    1108704 bytes,    2856048 total
[2023-11-15T23:50:29.048+0000][7][gc,age      ] GC(537) - age   3:     380744 bytes,    3236792 total
[2023-11-15T23:50:29.048+0000][7][gc,age      ] GC(537) - age   4:    2600904 bytes,    5837696 total
[2023-11-15T23:50:29.048+0000][7][gc,age      ] GC(537) - age   5:      32856 bytes,    5870552 total
[2023-11-15T23:50:29.048+0000][7][gc,age      ] GC(537) - age   6:     238288 bytes,    6108840 total
[2023-11-15T23:50:29.048+0000][7][gc,phases   ] GC(537)   Pre Evacuate Collection Set: 0.1ms
[2023-11-15T23:50:29.048+0000][7][gc,phases   ] GC(537)   Merge Heap Roots: 0.1ms
[2023-11-15T23:50:29.048+0000][7][gc,phases   ] GC(537)   Evacuate Collection Set: 1.9ms
[2023-11-15T23:50:29.048+0000][7][gc,phases   ] GC(537)   Post Evacuate Collection Set: 0.4ms
[2023-11-15T23:50:29.048+0000][7][gc,phases   ] GC(537)   Other: 0.2ms
[2023-11-15T23:50:29.048+0000][7][gc,heap     ] GC(537) Eden regions: 65->0(4)
[2023-11-15T23:50:29.048+0000][7][gc,heap     ] GC(537) Survivor regions: 2->2(9)
[2023-11-15T23:50:29.048+0000][7][gc,heap     ] GC(537) Old regions: 32->32
[2023-11-15T23:50:29.048+0000][7][gc,heap     ] GC(537) Archive regions: 2->2
[2023-11-15T23:50:29.048+0000][7][gc,heap     ] GC(537) Humongous regions: 5->5
[2023-11-15T23:50:29.048+0000][7][gc,metaspace] GC(537) Metaspace: 117726K(119296K)->117726K(119296K) NonClass: 102217K(103168K)->102217K(103168K) Class: 15508K(16128K)->15508K(16128K)
[2023-11-15T23:50:29.048+0000][7][gc          ] GC(537) Pause Young (Prepare Mixed) (G1 Evacuation Pause) 416M->156M(512M) 2.623ms
[2023-11-15T23:50:29.048+0000][7][gc,cpu      ] GC(537) User=0.01s Sys=0.00s Real=0.00s
[2023-11-15T23:50:29.048+0000][7][safepoint   ] Safepoint "G1CollectForAllocation", Time since last: 3372913891 ns, Reaching safepoint: 23593 ns, At safepoint: 2691213 ns, Total: 2714806 ns
[2023-11-15T23:50:29.599+0000][7][gc,start    ] GC(538) Pause Young (Mixed) (G1 Evacuation Pause)
[2023-11-15T23:50:29.600+0000][7][gc,task     ] GC(538) Using 8 workers of 8 for evacuation
[2023-11-15T23:50:29.600+0000][7][gc,age      ] GC(538) Desired survivor size 2097152 bytes, new threshold 2 (max threshold 15)
[2023-11-15T23:50:29.614+0000][7][gc,age      ] GC(538) Age table with threshold 2 (max threshold 15)
[2023-11-15T23:50:29.614+0000][7][gc,age      ] GC(538) - age   1:     596784 bytes,     596784 total
[2023-11-15T23:50:29.614+0000][7][gc,age      ] GC(538) - age   2:    1204448 bytes,    1801232 total
[2023-11-15T23:50:29.614+0000][7][gc,phases   ] GC(538)   Pre Evacuate Collection Set: 0.2ms
[2023-11-15T23:50:29.614+0000][7][gc,phases   ] GC(538)   Merge Heap Roots: 0.1ms
[2023-11-15T23:50:29.614+0000][7][gc,phases   ] GC(538)   Evacuate Collection Set: 13.0ms
[2023-11-15T23:50:29.614+0000][7][gc,phases   ] GC(538)   Post Evacuate Collection Set: 1.3ms
[2023-11-15T23:50:29.614+0000][7][gc,phases   ] GC(538)   Other: 0.5ms
[2023-11-15T23:50:29.614+0000][7][gc,heap     ] GC(538) Eden regions: 4->0(65)
[2023-11-15T23:50:29.614+0000][7][gc,heap     ] GC(538) Survivor regions: 2->1(1)
[2023-11-15T23:50:29.614+0000][7][gc,heap     ] GC(538) Old regions: 32->33
[2023-11-15T23:50:29.614+0000][7][gc,heap     ] GC(538) Archive regions: 2->2
[2023-11-15T23:50:29.614+0000][7][gc,heap     ] GC(538) Humongous regions: 5->5
[2023-11-15T23:50:29.614+0000][7][gc,metaspace] GC(538) Metaspace: 117726K(119296K)->117726K(119296K) NonClass: 102217K(103168K)->102217K(103168K) Class: 15508K(16128K)->15508K(16128K)
[2023-11-15T23:50:29.615+0000][7][gc          ] GC(538) Pause Young (Mixed) (G1 Evacuation Pause) 172M->154M(512M) 15.097ms
[2023-11-15T23:50:29.615+0000][7][gc,cpu      ] GC(538) User=0.05s Sys=0.01s Real=0.02s
[2023-11-15T23:50:29.615+0000][7][safepoint   ] Safepoint "G1CollectForAllocation", Time since last: 551484966 ns, Reaching safepoint: 73231 ns, At safepoint: 15287587 ns, Total: 15360818 ns
[2023-11-15T23:50:46.591+0000][7][gc,start    ] GC(539) Pause Young (Normal) (G1 Evacuation Pause)
[2023-11-15T23:50:46.591+0000][7][gc,task     ] GC(539) Using 8 workers of 8 for evacuation
[2023-11-15T23:50:46.591+0000][7][gc,age      ] GC(539) Desired survivor size 18874368 bytes, new threshold 15 (max threshold 15)
[2023-11-15T23:50:46.596+0000][7][gc,age      ] GC(539) Age table with threshold 15 (max threshold 15)
[2023-11-15T23:50:46.596+0000][7][gc,age      ] GC(539) - age   1:    1562760 bytes,    1562760 total
[2023-11-15T23:50:46.596+0000][7][gc,age      ] GC(539) - age   2:        288 bytes,    1563048 total
[2023-11-15T23:50:46.596+0000][7][gc,age      ] GC(539) - age   3:     437040 bytes,    2000088 total
[2023-11-15T23:50:46.596+0000][7][gc,phases   ] GC(539)   Pre Evacuate Collection Set: 0.2ms
[2023-11-15T23:50:46.596+0000][7][gc,phases   ] GC(539)   Merge Heap Roots: 0.1ms
[2023-11-15T23:50:46.596+0000][7][gc,phases   ] GC(539)   Evacuate Collection Set: 3.0ms
[2023-11-15T23:50:46.596+0000][7][gc,phases   ] GC(539)   Post Evacuate Collection Set: 1.2ms
[2023-11-15T23:50:46.596+0000][7][gc,phases   ] GC(539)   Other: 0.5ms
[2023-11-15T23:50:46.596+0000][7][gc,heap     ] GC(539) Eden regions: 65->0(65)
[2023-11-15T23:50:46.596+0000][7][gc,heap     ] GC(539) Survivor regions: 1->1(9)
[2023-11-15T23:50:46.596+0000][7][gc,heap     ] GC(539) Old regions: 33->33
[2023-11-15T23:50:46.596+0000][7][gc,heap     ] GC(539) Archive regions: 2->2
[2023-11-15T23:50:46.596+0000][7][gc,heap     ] GC(539) Humongous regions: 5->5
[2023-11-15T23:50:46.596+0000][7][gc,metaspace] GC(539) Metaspace: 117726K(119296K)->117726K(119296K) NonClass: 102217K(103168K)->102217K(103168K) Class: 15508K(16128K)->15508K(16128K)
[2023-11-15T23:50:46.596+0000][7][gc          ] GC(539) Pause Young (Normal) (G1 Evacuation Pause) 414M->154M(512M) 5.120ms
[2023-11-15T23:50:46.596+0000][7][gc,cpu      ] GC(539) User=0.02s Sys=0.00s Real=0.01s
[2023-11-15T23:50:46.596+0000][7][safepoint   ] Safepoint "G1CollectForAllocation", Time since last: 16976191269 ns, Reaching safepoint: 102520 ns, At safepoint: 5340239 ns, Total: 5442759 ns
[2023-11-15T23:50:59.598+0000][7][safepoint   ] Safepoint "Cleanup", Time since last: 13001600858 ns, Reaching safepoint: 119979 ns, At safepoint: 17638 ns, Total: 137617 ns
[2023-11-15T23:51:02.810+0000][7][gc,start    ] GC(540) Pause Young (Normal) (G1 Evacuation Pause)
[2023-11-15T23:51:02.810+0000][7][gc,task     ] GC(540) Using 8 workers of 8 for evacuation
[2023-11-15T23:51:02.810+0000][7][gc,age      ] GC(540) Desired survivor size 18874368 bytes, new threshold 15 (max threshold 15)
[2023-11-15T23:51:02.815+0000][7][gc,age      ] GC(540) Age table with threshold 15 (max threshold 15)
[2023-11-15T23:51:02.815+0000][7][gc,age      ] GC(540) - age   1:    2418688 bytes,    2418688 total
[2023-11-15T23:51:02.815+0000][7][gc,age      ] GC(540) - age   2:     261840 bytes,    2680528 total
[2023-11-15T23:51:02.815+0000][7][gc,age      ] GC(540) - age   3:        128 bytes,    2680656 total
[2023-11-15T23:51:02.815+0000][7][gc,age      ] GC(540) - age   4:     435912 bytes,    3116568 total
[2023-11-15T23:51:02.815+0000][7][gc,phases   ] GC(540)   Pre Evacuate Collection Set: 0.2ms
[2023-11-15T23:51:02.815+0000][7][gc,phases   ] GC(540)   Merge Heap Roots: 0.1ms
[2023-11-15T23:51:02.815+0000][7][gc,phases   ] GC(540)   Evacuate Collection Set: 3.3ms
[2023-11-15T23:51:02.815+0000][7][gc,phases   ] GC(540)   Post Evacuate Collection Set: 1.2ms
[2023-11-15T23:51:02.815+0000][7][gc,phases   ] GC(540)   Other: 0.4ms
[2023-11-15T23:51:02.815+0000][7][gc,heap     ] GC(540) Eden regions: 65->0(65)
[2023-11-15T23:51:02.815+0000][7][gc,heap     ] GC(540) Survivor regions: 1->1(9)
[2023-11-15T23:51:02.815+0000][7][gc,heap     ] GC(540) Old regions: 33->33
[2023-11-15T23:51:02.815+0000][7][gc,heap     ] GC(540) Archive regions: 2->2
[2023-11-15T23:51:02.815+0000][7][gc,heap     ] GC(540) Humongous regions: 5->5
[2023-11-15T23:51:02.815+0000][7][gc,metaspace] GC(540) Metaspace: 117726K(119296K)->117726K(119296K) NonClass: 102217K(103168K)->102217K(103168K) Class: 15508K(16128K)->15508K(16128K)
[2023-11-15T23:51:02.815+0000][7][gc          ] GC(540) Pause Young (Normal) (G1 Evacuation Pause) 414M->155M(512M) 5.383ms
[2023-11-15T23:51:02.815+0000][7][gc,cpu      ] GC(540) User=0.03s Sys=0.00s Real=0.01s
[2023-11-15T23:51:02.815+0000][7][safepoint   ] Safepoint "G1CollectForAllocation", Time since last: 3211757051 ns, Reaching safepoint: 124207 ns, At safepoint: 5570552 ns, Total: 5694759 ns
[2023-11-15T23:51:05.816+0000][7][safepoint   ] Safepoint "Cleanup", Time since last: 3000467808 ns, Reaching safepoint: 141055 ns, At safepoint: 21437 ns, Total: 162492 ns
[2023-11-15T23:51:06.816+0000][7][safepoint   ] Safepoint "Cleanup", Time since last: 1000268676 ns, Reaching safepoint: 104089 ns, At safepoint: 14293 ns, Total: 118382 ns
[2023-11-15T23:51:20.933+0000][7][gc,start    ] GC(541) Pause Young (Concurrent Start) (G1 Evacuation Pause)
[2023-11-15T23:51:20.934+0000][7][gc,task     ] GC(541) Using 8 workers of 8 for evacuation
[2023-11-15T23:51:20.934+0000][7][gc,age      ] GC(541) Desired survivor size 18874368 bytes, new threshold 15 (max threshold 15)
[2023-11-15T23:51:20.938+0000][7][gc,age      ] GC(541) Age table with threshold 15 (max threshold 15)
[2023-11-15T23:51:20.938+0000][7][gc,age      ] GC(541) - age   1:    1500528 bytes,    1500528 total
[2023-11-15T23:51:20.938+0000][7][gc,age      ] GC(541) - age   2:    1060688 bytes,    2561216 total
[2023-11-15T23:51:20.938+0000][7][gc,age      ] GC(541) - age   3:     246256 bytes,    2807472 total
[2023-11-15T23:51:20.938+0000][7][gc,age      ] GC(541) - age   4:        128 bytes,    2807600 total
[2023-11-15T23:51:20.938+0000][7][gc,age      ] GC(541) - age   5:     273576 bytes,    3081176 total
[2023-11-15T23:51:20.938+0000][7][gc,phases   ] GC(541)   Pre Evacuate Collection Set: 0.3ms
[2023-11-15T23:51:20.938+0000][7][gc,phases   ] GC(541)   Merge Heap Roots: 0.1ms
[2023-11-15T23:51:20.938+0000][7][gc,phases   ] GC(541)   Evacuate Collection Set: 2.9ms
[2023-11-15T23:51:20.938+0000][7][gc,phases   ] GC(541)   Post Evacuate Collection Set: 1.0ms
[2023-11-15T23:51:20.938+0000][7][gc,phases   ] GC(541)   Other: 0.4ms
[2023-11-15T23:51:20.938+0000][7][gc,heap     ] GC(541) Eden regions: 65->0(65)
[2023-11-15T23:51:20.938+0000][7][gc,heap     ] GC(541) Survivor regions: 1->1(9)
[2023-11-15T23:51:20.938+0000][7][gc,heap     ] GC(541) Old regions: 33->33
[2023-11-15T23:51:20.938+0000][7][gc,heap     ] GC(541) Archive regions: 2->2
[2023-11-15T23:51:20.938+0000][7][gc,heap     ] GC(541) Humongous regions: 5->5
[2023-11-15T23:51:20.938+0000][7][gc,metaspace] GC(541) Metaspace: 117726K(119296K)->117726K(119296K) NonClass: 102217K(103168K)->102217K(103168K) Class: 15508K(16128K)->15508K(16128K)
[2023-11-15T23:51:20.938+0000][7][gc          ] GC(541) Pause Young (Concurrent Start) (G1 Evacuation Pause) 415M->155M(512M) 4.783ms
[2023-11-15T23:51:20.938+0000][7][gc,cpu      ] GC(541) User=0.03s Sys=0.00s Real=0.01s
[2023-11-15T23:51:20.938+0000][7][safepoint   ] Safepoint "G1CollectForAllocation", Time since last: 14116846093 ns, Reaching safepoint: 93828 ns, At safepoint: 4944138 ns, Total: 5037966 ns
[2023-11-15T23:51:20.938+0000][7][gc          ] GC(542) Concurrent Mark Cycle
[2023-11-15T23:51:20.938+0000][7][gc,marking  ] GC(542) Concurrent Clear Claimed Marks
[2023-11-15T23:51:20.939+0000][7][gc,marking  ] GC(542) Concurrent Clear Claimed Marks 0.128ms
[2023-11-15T23:51:20.939+0000][7][gc,marking  ] GC(542) Concurrent Scan Root Regions
[2023-11-15T23:51:20.942+0000][7][gc,marking  ] GC(542) Concurrent Scan Root Regions 3.891ms
[2023-11-15T23:51:20.943+0000][7][gc,marking  ] GC(542) Concurrent Mark
[2023-11-15T23:51:20.943+0000][7][gc,marking  ] GC(542) Concurrent Mark From Roots
[2023-11-15T23:51:20.943+0000][7][gc,task     ] GC(542) Using 2 workers of 2 for marking
[2023-11-15T23:51:21.018+0000][7][gc,marking  ] GC(542) Concurrent Mark From Roots 75.856ms
[2023-11-15T23:51:21.018+0000][7][gc,marking  ] GC(542) Concurrent Preclean
[2023-11-15T23:51:21.019+0000][7][gc,marking  ] GC(542) Concurrent Preclean 0.163ms
[2023-11-15T23:51:21.019+0000][7][gc,start    ] GC(542) Pause Remark
[2023-11-15T23:51:21.024+0000][7][gc          ] GC(542) Pause Remark 158M->158M(512M) 5.409ms
[2023-11-15T23:51:21.024+0000][7][gc,cpu      ] GC(542) User=0.04s Sys=0.00s Real=0.00s
[2023-11-15T23:51:21.024+0000][7][safepoint   ] Safepoint "G1Concurrent", Time since last: 80269931 ns, Reaching safepoint: 26274 ns, At safepoint: 5495764 ns, Total: 5522038 ns
[2023-11-15T23:51:21.024+0000][7][gc,marking  ] GC(542) Concurrent Mark 81.691ms
[2023-11-15T23:51:21.024+0000][7][gc,marking  ] GC(542) Concurrent Rebuild Remembered Sets
[2023-11-15T23:51:21.057+0000][7][gc,marking  ] GC(542) Concurrent Rebuild Remembered Sets 32.804ms
[2023-11-15T23:51:21.057+0000][7][gc,start    ] GC(542) Pause Cleanup
[2023-11-15T23:51:21.057+0000][7][gc          ] GC(542) Pause Cleanup 158M->158M(512M) 0.115ms
[2023-11-15T23:51:21.057+0000][7][gc,cpu      ] GC(542) User=0.00s Sys=0.00s Real=0.00s
[2023-11-15T23:51:21.057+0000][7][safepoint   ] Safepoint "G1Concurrent", Time since last: 32943499 ns, Reaching safepoint: 18184 ns, At safepoint: 180113 ns, Total: 198297 ns
[2023-11-15T23:51:21.057+0000][7][gc,marking  ] GC(542) Concurrent Cleanup for Next Mark
[2023-11-15T23:51:21.058+0000][7][gc,marking  ] GC(542) Concurrent Cleanup for Next Mark 0.377ms
[2023-11-15T23:51:21.058+0000][7][gc          ] GC(542) Concurrent Mark Cycle 119.311ms
[2023-11-15T23:51:38.027+0000][7][gc,start    ] GC(543) Pause Young (Prepare Mixed) (G1 Evacuation Pause)
[2023-11-15T23:51:38.027+0000][7][gc,task     ] GC(543) Using 8 workers of 8 for evacuation
[2023-11-15T23:51:38.027+0000][7][gc,age      ] GC(543) Desired survivor size 18874368 bytes, new threshold 15 (max threshold 15)
[2023-11-15T23:51:38.030+0000][7][gc,age      ] GC(543) Age table with threshold 15 (max threshold 15)
[2023-11-15T23:51:38.030+0000][7][gc,age      ] GC(543) - age   1:    1453384 bytes,    1453384 total
[2023-11-15T23:51:38.030+0000][7][gc,age      ] GC(543) - age   2:     272888 bytes,    1726272 total
[2023-11-15T23:51:38.030+0000][7][gc,age      ] GC(543) - age   3:    1057224 bytes,    2783496 total
[2023-11-15T23:51:38.030+0000][7][gc,age      ] GC(543) - age   4:     236736 bytes,    3020232 total
[2023-11-15T23:51:38.030+0000][7][gc,age      ] GC(543) - age   6:     271944 bytes,    3292176 total
[2023-11-15T23:51:38.030+0000][7][gc,phases   ] GC(543)   Pre Evacuate Collection Set: 0.1ms
[2023-11-15T23:51:38.030+0000][7][gc,phases   ] GC(543)   Merge Heap Roots: 0.1ms
[2023-11-15T23:51:38.030+0000][7][gc,phases   ] GC(543)   Evacuate Collection Set: 2.3ms
[2023-11-15T23:51:38.030+0000][7][gc,phases   ] GC(543)   Post Evacuate Collection Set: 0.7ms
[2023-11-15T23:51:38.030+0000][7][gc,phases   ] GC(543)   Other: 0.2ms
[2023-11-15T23:51:38.031+0000][7][gc,heap     ] GC(543) Eden regions: 65->0(5)
[2023-11-15T23:51:38.031+0000][7][gc,heap     ] GC(543) Survivor regions: 1->1(9)
[2023-11-15T23:51:38.031+0000][7][gc,heap     ] GC(543) Old regions: 33->33
[2023-11-15T23:51:38.031+0000][7][gc,heap     ] GC(543) Archive regions: 2->2
[2023-11-15T23:51:38.031+0000][7][gc,heap     ] GC(543) Humongous regions: 5->5
[2023-11-15T23:51:38.031+0000][7][gc,metaspace] GC(543) Metaspace: 117726K(119296K)->117726K(119296K) NonClass: 102217K(103168K)->102217K(103168K) Class: 15508K(16128K)->15508K(16128K)
[2023-11-15T23:51:38.031+0000][7][gc          ] GC(543) Pause Young (Prepare Mixed) (G1 Evacuation Pause) 415M->155M(512M) 3.496ms
[2023-11-15T23:51:38.031+0000][7][gc,cpu      ] GC(543) User=0.02s Sys=0.00s Real=0.00s
[2023-11-15T23:51:38.031+0000][7][safepoint   ] Safepoint "G1CollectForAllocation", Time since last: 16969609270 ns, Reaching safepoint: 121525 ns, At safepoint: 3596307 ns, Total: 3717832 ns
[2023-11-15T23:51:39.007+0000][7][gc,start    ] GC(544) Pause Young (Mixed) (G1 Evacuation Pause)
[2023-11-15T23:51:39.007+0000][7][gc,task     ] GC(544) Using 8 workers of 8 for evacuation
[2023-11-15T23:51:39.007+0000][7][gc,age      ] GC(544) Desired survivor size 2097152 bytes, new threshold 3 (max threshold 15)
[2023-11-15T23:51:39.022+0000][7][gc,age      ] GC(544) Age table with threshold 3 (max threshold 15)
[2023-11-15T23:51:39.022+0000][7][gc,age      ] GC(544) - age   1:     709656 bytes,     709656 total
[2023-11-15T23:51:39.022+0000][7][gc,age      ] GC(544) - age   2:    1219096 bytes,    1928752 total
[2023-11-15T23:51:39.022+0000][7][gc,age      ] GC(544) - age   3:     271896 bytes,    2200648 total
[2023-11-15T23:51:39.022+0000][7][gc,phases   ] GC(544)   Pre Evacuate Collection Set: 0.1ms
[2023-11-15T23:51:39.022+0000][7][gc,phases   ] GC(544)   Merge Heap Roots: 0.1ms
[2023-11-15T23:51:39.022+0000][7][gc,phases   ] GC(544)   Evacuate Collection Set: 14.0ms
[2023-11-15T23:51:39.022+0000][7][gc,phases   ] GC(544)   Post Evacuate Collection Set: 0.6ms
[2023-11-15T23:51:39.022+0000][7][gc,phases   ] GC(544)   Other: 0.3ms
[2023-11-15T23:51:39.022+0000][7][gc,heap     ] GC(544) Eden regions: 5->0(65)
[2023-11-15T23:51:39.022+0000][7][gc,heap     ] GC(544) Survivor regions: 1->1(1)
[2023-11-15T23:51:39.022+0000][7][gc,heap     ] GC(544) Old regions: 33->33
[2023-11-15T23:51:39.022+0000][7][gc,heap     ] GC(544) Archive regions: 2->2
[2023-11-15T23:51:39.022+0000][7][gc,heap     ] GC(544) Humongous regions: 5->5
[2023-11-15T23:51:39.022+0000][7][gc,metaspace] GC(544) Metaspace: 117726K(119296K)->117726K(119296K) NonClass: 102217K(103168K)->102217K(103168K) Class: 15508K(16128K)->15508K(16128K)
[2023-11-15T23:51:39.022+0000][7][gc          ] GC(544) Pause Young (Mixed) (G1 Evacuation Pause) 175M->154M(512M) 15.148ms
[2023-11-15T23:51:39.022+0000][7][gc,cpu      ] GC(544) User=0.02s Sys=0.02s Real=0.01s
[2023-11-15T23:51:39.022+0000][7][safepoint   ] Safepoint "G1CollectForAllocation", Time since last: 976223404 ns, Reaching safepoint: 44703 ns, At safepoint: 15270039 ns, Total: 15314742 ns
[2023-11-15T23:51:54.731+0000][7][gc,start    ] GC(545) Pause Young (Normal) (G1 Evacuation Pause)
[2023-11-15T23:51:54.731+0000][7][gc,task     ] GC(545) Using 8 workers of 8 for evacuation
[2023-11-15T23:51:54.731+0000][7][gc,age      ] GC(545) Desired survivor size 18874368 bytes, new threshold 15 (max threshold 15)
[2023-11-15T23:51:54.736+0000][7][gc,age      ] GC(545) Age table with threshold 15 (max threshold 15)
[2023-11-15T23:51:54.736+0000][7][gc,age      ] GC(545) - age   1:    3103352 bytes,    3103352 total
[2023-11-15T23:51:54.736+0000][7][gc,age      ] GC(545) - age   2:      58616 bytes,    3161968 total
[2023-11-15T23:51:54.736+0000][7][gc,age      ] GC(545) - age   3:     330304 bytes,    3492272 total
[2023-11-15T23:51:54.736+0000][7][gc,age      ] GC(545) - age   4:     270296 bytes,    3762568 total
[2023-11-15T23:51:54.736+0000][7][gc,phases   ] GC(545)   Pre Evacuate Collection Set: 0.2ms
[2023-11-15T23:51:54.736+0000][7][gc,phases   ] GC(545)   Merge Heap Roots: 0.1ms
[2023-11-15T23:51:54.736+0000][7][gc,phases   ] GC(545)   Evacuate Collection Set: 3.6ms
[2023-11-15T23:51:54.736+0000][7][gc,phases   ] GC(545)   Post Evacuate Collection Set: 1.2ms
[2023-11-15T23:51:54.736+0000][7][gc,phases   ] GC(545)   Other: 0.5ms
[2023-11-15T23:51:54.737+0000][7][gc,heap     ] GC(545) Eden regions: 65->0(64)
[2023-11-15T23:51:54.737+0000][7][gc,heap     ] GC(545) Survivor regions: 1->1(9)
[2023-11-15T23:51:54.737+0000][7][gc,heap     ] GC(545) Old regions: 33->33
[2023-11-15T23:51:54.737+0000][7][gc,heap     ] GC(545) Archive regions: 2->2
[2023-11-15T23:51:54.737+0000][7][gc,heap     ] GC(545) Humongous regions: 5->5
[2023-11-15T23:51:54.737+0000][7][gc,metaspace] GC(545) Metaspace: 117727K(119296K)->117727K(119296K) NonClass: 102218K(103168K)->102218K(103168K) Class: 15508K(16128K)->15508K(16128K)
[2023-11-15T23:51:54.737+0000][7][gc          ] GC(545) Pause Young (Normal) (G1 Evacuation Pause) 414M->156M(512M) 5.850ms
[2023-11-15T23:51:54.737+0000][7][gc,cpu      ] GC(545) User=0.03s Sys=0.00s Real=0.01s
[2023-11-15T23:51:54.737+0000][7][safepoint   ] Safepoint "G1CollectForAllocation", Time since last: 15708384440 ns, Reaching safepoint: 150641 ns, At safepoint: 6049501 ns, Total: 6200142 ns
[2023-11-15T23:52:11.036+0000][7][gc,start    ] GC(546) Pause Young (Normal) (G1 Evacuation Pause)
[2023-11-15T23:52:11.036+0000][7][gc,task     ] GC(546) Using 8 workers of 8 for evacuation
[2023-11-15T23:52:11.036+0000][7][gc,age      ] GC(546) Desired survivor size 18874368 bytes, new threshold 15 (max threshold 15)
[2023-11-15T23:52:11.038+0000][7][gc,age      ] GC(546) Age table with threshold 15 (max threshold 15)
[2023-11-15T23:52:11.038+0000][7][gc,age      ] GC(546) - age   1:    1590808 bytes,    1590808 total
[2023-11-15T23:52:11.038+0000][7][gc,age      ] GC(546) - age   2:    1844584 bytes,    3435392 total
[2023-11-15T23:52:11.038+0000][7][gc,age      ] GC(546) - age   3:      56488 bytes,    3491880 total
[2023-11-15T23:52:11.038+0000][7][gc,age      ] GC(546) - age   4:     315960 bytes,    3807840 total
[2023-11-15T23:52:11.038+0000][7][gc,age      ] GC(546) - age   5:     269816 bytes,    4077656 total
[2023-11-15T23:52:11.038+0000][7][gc,phases   ] GC(546)   Pre Evacuate Collection Set: 0.1ms
[2023-11-15T23:52:11.038+0000][7][gc,phases   ] GC(546)   Merge Heap Roots: 0.1ms
[2023-11-15T23:52:11.038+0000][7][gc,phases   ] GC(546)   Evacuate Collection Set: 1.5ms
[2023-11-15T23:52:11.038+0000][7][gc,phases   ] GC(546)   Post Evacuate Collection Set: 0.5ms
[2023-11-15T23:52:11.038+0000][7][gc,phases   ] GC(546)   Other: 0.2ms
[2023-11-15T23:52:11.038+0000][7][gc,heap     ] GC(546) Eden regions: 64->0(64)
[2023-11-15T23:52:11.038+0000][7][gc,heap     ] GC(546) Survivor regions: 1->2(9)
[2023-11-15T23:52:11.038+0000][7][gc,heap     ] GC(546) Old regions: 33->33
[2023-11-15T23:52:11.038+0000][7][gc,heap     ] GC(546) Archive regions: 2->2
[2023-11-15T23:52:11.038+0000][7][gc,heap     ] GC(546) Humongous regions: 5->5
[2023-11-15T23:52:11.038+0000][7][gc,metaspace] GC(546) Metaspace: 117727K(119296K)->117727K(119296K) NonClass: 102218K(103168K)->102218K(103168K) Class: 15508K(16128K)->15508K(16128K)
[2023-11-15T23:52:11.038+0000][7][gc          ] GC(546) Pause Young (Normal) (G1 Evacuation Pause) 412M->156M(512M) 2.323ms
[2023-11-15T23:52:11.038+0000][7][gc,cpu      ] GC(546) User=0.01s Sys=0.00s Real=0.00s
[2023-11-15T23:52:11.038+0000][7][safepoint   ] Safepoint "G1CollectForAllocation", Time since last: 16298739161 ns, Reaching safepoint: 123067 ns, At safepoint: 2407836 ns, Total: 2530903 ns
[2023-11-15T23:52:12.038+0000][7][safepoint   ] Safepoint "Cleanup", Time since last: 1000122013 ns, Reaching safepoint: 140748 ns, At safepoint: 16429 ns, Total: 157177 ns
[2023-11-15T23:52:26.032+0000][7][gc,start    ] GC(547) Pause Young (Concurrent Start) (G1 Evacuation Pause)
[2023-11-15T23:52:26.032+0000][7][gc,task     ] GC(547) Using 8 workers of 8 for evacuation
[2023-11-15T23:52:26.032+0000][7][gc,age      ] GC(547) Desired survivor size 18874368 bytes, new threshold 15 (max threshold 15)
[2023-11-15T23:52:26.035+0000][7][gc,age      ] GC(547) Age table with threshold 15 (max threshold 15)
[2023-11-15T23:52:26.035+0000][7][gc,age      ] GC(547) - age   1:    1985392 bytes,    1985392 total
[2023-11-15T23:52:26.035+0000][7][gc,age      ] GC(547) - age   2:     620264 bytes,    2605656 total
[2023-11-15T23:52:26.035+0000][7][gc,age      ] GC(547) - age   3:    1810768 bytes,    4416424 total
[2023-11-15T23:52:26.035+0000][7][gc,age      ] GC(547) - age   4:      56424 bytes,    4472848 total
[2023-11-15T23:52:26.035+0000][7][gc,age      ] GC(547) - age   5:     206408 bytes,    4679256 total
[2023-11-15T23:52:26.035+0000][7][gc,age      ] GC(547) - age   6:     269504 bytes,    4948760 total
[2023-11-15T23:52:26.035+0000][7][gc,phases   ] GC(547)   Pre Evacuate Collection Set: 0.2ms
[2023-11-15T23:52:26.035+0000][7][gc,phases   ] GC(547)   Merge Heap Roots: 0.1ms
[2023-11-15T23:52:26.035+0000][7][gc,phases   ] GC(547)   Evacuate Collection Set: 2.4ms
[2023-11-15T23:52:26.035+0000][7][gc,phases   ] GC(547)   Post Evacuate Collection Set: 0.7ms
[2023-11-15T23:52:26.035+0000][7][gc,phases   ] GC(547)   Other: 0.3ms
[2023-11-15T23:52:26.035+0000][7][gc,heap     ] GC(547) Eden regions: 64->0(64)
[2023-11-15T23:52:26.035+0000][7][gc,heap     ] GC(547) Survivor regions: 2->2(9)
[2023-11-15T23:52:26.035+0000][7][gc,heap     ] GC(547) Old regions: 33->33
[2023-11-15T23:52:26.035+0000][7][gc,heap     ] GC(547) Archive regions: 2->2
[2023-11-15T23:52:26.035+0000][7][gc,heap     ] GC(547) Humongous regions: 5->5
[2023-11-15T23:52:26.035+0000][7][gc,metaspace] GC(547) Metaspace: 117727K(119296K)->117727K(119296K) NonClass: 102218K(103168K)->102218K(103168K) Class: 15508K(16128K)->15508K(16128K)
[2023-11-15T23:52:26.036+0000][7][gc          ] GC(547) Pause Young (Concurrent Start) (G1 Evacuation Pause) 412M->157M(512M) 3.775ms
[2023-11-15T23:52:26.036+0000][7][gc,cpu      ] GC(547) User=0.02s Sys=0.00s Real=0.01s
[2023-11-15T23:52:26.036+0000][7][safepoint   ] Safepoint "G1CollectForAllocation", Time since last: 13993315874 ns, Reaching safepoint: 74055 ns, At safepoint: 3890940 ns, Total: 3964995 ns
[2023-11-15T23:52:26.036+0000][7][gc          ] GC(548) Concurrent Mark Cycle
[2023-11-15T23:52:26.036+0000][7][gc,marking  ] GC(548) Concurrent Clear Claimed Marks
[2023-11-15T23:52:26.036+0000][7][gc,marking  ] GC(548) Concurrent Clear Claimed Marks 0.107ms
[2023-11-15T23:52:26.036+0000][7][gc,marking  ] GC(548) Concurrent Scan Root Regions
[2023-11-15T23:52:26.039+0000][7][gc,marking  ] GC(548) Concurrent Scan Root Regions 2.766ms
[2023-11-15T23:52:26.039+0000][7][gc,marking  ] GC(548) Concurrent Mark
[2023-11-15T23:52:26.039+0000][7][gc,marking  ] GC(548) Concurrent Mark From Roots
[2023-11-15T23:52:26.039+0000][7][gc,task     ] GC(548) Using 2 workers of 2 for marking
[2023-11-15T23:52:26.104+0000][7][gc,marking  ] GC(548) Concurrent Mark From Roots 65.629ms
[2023-11-15T23:52:26.104+0000][7][gc,marking  ] GC(548) Concurrent Preclean
[2023-11-15T23:52:26.104+0000][7][gc,marking  ] GC(548) Concurrent Preclean 0.206ms
[2023-11-15T23:52:26.105+0000][7][gc,start    ] GC(548) Pause Remark
[2023-11-15T23:52:26.110+0000][7][gc          ] GC(548) Pause Remark 162M->162M(512M) 5.561ms
[2023-11-15T23:52:26.110+0000][7][gc,cpu      ] GC(548) User=0.04s Sys=0.01s Real=0.00s
[2023-11-15T23:52:26.110+0000][7][safepoint   ] Safepoint "G1Concurrent", Time since last: 68885364 ns, Reaching safepoint: 65677 ns, At safepoint: 5662951 ns, Total: 5728628 ns
[2023-11-15T23:52:26.110+0000][7][gc,marking  ] GC(548) Concurrent Mark 71.636ms
[2023-11-15T23:52:26.110+0000][7][gc,marking  ] GC(548) Concurrent Rebuild Remembered Sets
[2023-11-15T23:52:26.162+0000][7][gc,marking  ] GC(548) Concurrent Rebuild Remembered Sets 51.470ms
[2023-11-15T23:52:26.162+0000][7][gc,start    ] GC(548) Pause Cleanup
[2023-11-15T23:52:26.162+0000][7][gc          ] GC(548) Pause Cleanup 162M->162M(512M) 0.109ms
[2023-11-15T23:52:26.162+0000][7][gc,cpu      ] GC(548) User=0.00s Sys=0.00s Real=0.00s
[2023-11-15T23:52:26.162+0000][7][safepoint   ] Safepoint "G1Concurrent", Time since last: 51579382 ns, Reaching safepoint: 42707 ns, At safepoint: 197614 ns, Total: 240321 ns
[2023-11-15T23:52:26.162+0000][7][gc,marking  ] GC(548) Concurrent Cleanup for Next Mark
[2023-11-15T23:52:26.163+0000][7][gc,marking  ] GC(548) Concurrent Cleanup for Next Mark 0.613ms
[2023-11-15T23:52:26.163+0000][7][gc          ] GC(548) Concurrent Mark Cycle 127.129ms
[2023-11-15T23:52:41.375+0000][7][gc,start    ] GC(549) Pause Young (Prepare Mixed) (G1 Evacuation Pause)
[2023-11-15T23:52:41.375+0000][7][gc,task     ] GC(549) Using 8 workers of 8 for evacuation
[2023-11-15T23:52:41.375+0000][7][gc,age      ] GC(549) Desired survivor size 18874368 bytes, new threshold 15 (max threshold 15)
[2023-11-15T23:52:41.381+0000][7][gc,age      ] GC(549) Age table with threshold 15 (max threshold 15)
[2023-11-15T23:52:41.381+0000][7][gc,age      ] GC(549) - age   1:    1735424 bytes,    1735424 total
[2023-11-15T23:52:41.381+0000][7][gc,age      ] GC(549) - age   2:     652736 bytes,    2388160 total
[2023-11-15T23:52:41.381+0000][7][gc,age      ] GC(549) - age   3:     605608 bytes,    2993768 total
[2023-11-15T23:52:41.381+0000][7][gc,age      ] GC(549) - age   4:    1809656 bytes,    4803424 total
[2023-11-15T23:52:41.381+0000][7][gc,age      ] GC(549) - age   5:      54608 bytes,    4858032 total
[2023-11-15T23:52:41.381+0000][7][gc,age      ] GC(549) - age   6:     201424 bytes,    5059456 total
[2023-11-15T23:52:41.381+0000][7][gc,age      ] GC(549) - age   7:     269408 bytes,    5328864 total
[2023-11-15T23:52:41.382+0000][7][gc,phases   ] GC(549)   Pre Evacuate Collection Set: 0.2ms
[2023-11-15T23:52:41.382+0000][7][gc,phases   ] GC(549)   Merge Heap Roots: 0.2ms
[2023-11-15T23:52:41.382+0000][7][gc,phases   ] GC(549)   Evacuate Collection Set: 4.7ms
[2023-11-15T23:52:41.382+0000][7][gc,phases   ] GC(549)   Post Evacuate Collection Set: 1.4ms
[2023-11-15T23:52:41.382+0000][7][gc,phases   ] GC(549)   Other: 0.5ms
[2023-11-15T23:52:41.382+0000][7][gc,heap     ] GC(549) Eden regions: 64->0(4)
[2023-11-15T23:52:41.382+0000][7][gc,heap     ] GC(549) Survivor regions: 2->2(9)
[2023-11-15T23:52:41.382+0000][7][gc,heap     ] GC(549) Old regions: 33->33
[2023-11-15T23:52:41.382+0000][7][gc,heap     ] GC(549) Archive regions: 2->2
[2023-11-15T23:52:41.382+0000][7][gc,heap     ] GC(549) Humongous regions: 5->5
[2023-11-15T23:52:41.382+0000][7][gc,metaspace] GC(549) Metaspace: 117727K(119296K)->117727K(119296K) NonClass: 102218K(103168K)->102218K(103168K) Class: 15508K(16128K)->15508K(16128K)
[2023-11-15T23:52:41.382+0000][7][gc          ] GC(549) Pause Young (Prepare Mixed) (G1 Evacuation Pause) 413M->157M(512M) 7.158ms
[2023-11-15T23:52:41.382+0000][7][gc,cpu      ] GC(549) User=0.04s Sys=0.00s Real=0.00s
[2023-11-15T23:52:41.382+0000][7][safepoint   ] Safepoint "G1CollectForAllocation", Time since last: 15212409755 ns, Reaching safepoint: 88112 ns, At safepoint: 7349464 ns, Total: 7437576 ns
[2023-11-15T23:52:42.655+0000][7][gc,start    ] GC(550) Pause Young (Mixed) (G1 Evacuation Pause)
[2023-11-15T23:52:42.655+0000][7][gc,task     ] GC(550) Using 8 workers of 8 for evacuation
[2023-11-15T23:52:42.655+0000][7][gc,age      ] GC(550) Desired survivor size 2097152 bytes, new threshold 2 (max threshold 15)
[2023-11-15T23:52:42.666+0000][7][gc,age      ] GC(550) Age table with threshold 2 (max threshold 15)
[2023-11-15T23:52:42.666+0000][7][gc,age      ] GC(550) - age   1:     317448 bytes,     317448 total
[2023-11-15T23:52:42.666+0000][7][gc,age      ] GC(550) - age   2:    1137280 bytes,    1454728 total
[2023-11-15T23:52:42.666+0000][7][gc,phases   ] GC(550)   Pre Evacuate Collection Set: 0.4ms
[2023-11-15T23:52:42.666+0000][7][gc,phases   ] GC(550)   Merge Heap Roots: 0.2ms
[2023-11-15T23:52:42.666+0000][7][gc,phases   ] GC(550)   Evacuate Collection Set: 9.3ms
[2023-11-15T23:52:42.666+0000][7][gc,phases   ] GC(550)   Post Evacuate Collection Set: 1.1ms
[2023-11-15T23:52:42.666+0000][7][gc,phases   ] GC(550)   Other: 0.5ms
[2023-11-15T23:52:42.666+0000][7][gc,heap     ] GC(550) Eden regions: 4->0(65)
[2023-11-15T23:52:42.666+0000][7][gc,heap     ] GC(550) Survivor regions: 2->1(1)
[2023-11-15T23:52:42.666+0000][7][gc,heap     ] GC(550) Old regions: 33->33
[2023-11-15T23:52:42.666+0000][7][gc,heap     ] GC(550) Archive regions: 2->2
[2023-11-15T23:52:42.666+0000][7][gc,heap     ] GC(550) Humongous regions: 5->5
[2023-11-15T23:52:42.666+0000][7][gc,metaspace] GC(550) Metaspace: 117727K(119296K)->117727K(119296K) NonClass: 102218K(103168K)->102218K(103168K) Class: 15508K(16128K)->15508K(16128K)
[2023-11-15T23:52:42.666+0000][7][gc          ] GC(550) Pause Young (Mixed) (G1 Evacuation Pause) 173M->155M(512M) 11.683ms
[2023-11-15T23:52:42.666+0000][7][gc,cpu      ] GC(550) User=0.05s Sys=0.00s Real=0.01s
[2023-11-15T23:52:42.666+0000][7][safepoint   ] Safepoint "G1CollectForAllocation", Time since last: 1272587374 ns, Reaching safepoint: 96322 ns, At safepoint: 11904585 ns, Total: 12000907 ns
[2023-11-15T23:52:47.667+0000][7][safepoint   ] Safepoint "Cleanup", Time since last: 5000612369 ns, Reaching safepoint: 138848 ns, At safepoint: 60965 ns, Total: 199813 ns
[2023-11-15T23:52:59.082+0000][7][gc,start    ] GC(551) Pause Young (Normal) (G1 Evacuation Pause)
[2023-11-15T23:52:59.082+0000][7][gc,task     ] GC(551) Using 8 workers of 8 for evacuation
[2023-11-15T23:52:59.082+0000][7][gc,age      ] GC(551) Desired survivor size 18874368 bytes, new threshold 15 (max threshold 15)
[2023-11-15T23:52:59.085+0000][7][gc,age      ] GC(551) Age table with threshold 15 (max threshold 15)
[2023-11-15T23:52:59.085+0000][7][gc,age      ] GC(551) - age   1:    1567672 bytes,    1567672 total
[2023-11-15T23:52:59.085+0000][7][gc,age      ] GC(551) - age   2:      32880 bytes,    1600552 total
[2023-11-15T23:52:59.085+0000][7][gc,age      ] GC(551) - age   3:     219392 bytes,    1819944 total
[2023-11-15T23:52:59.085+0000][7][gc,phases   ] GC(551)   Pre Evacuate Collection Set: 0.1ms
[2023-11-15T23:52:59.085+0000][7][gc,phases   ] GC(551)   Merge Heap Roots: 0.1ms
[2023-11-15T23:52:59.085+0000][7][gc,phases   ] GC(551)   Evacuate Collection Set: 2.2ms
[2023-11-15T23:52:59.085+0000][7][gc,phases   ] GC(551)   Post Evacuate Collection Set: 1.1ms
[2023-11-15T23:52:59.085+0000][7][gc,phases   ] GC(551)   Other: 0.4ms
[2023-11-15T23:52:59.085+0000][7][gc,heap     ] GC(551) Eden regions: 65->0(65)
[2023-11-15T23:52:59.085+0000][7][gc,heap     ] GC(551) Survivor regions: 1->1(9)
[2023-11-15T23:52:59.086+0000][7][gc,heap     ] GC(551) Old regions: 33->33
[2023-11-15T23:52:59.086+0000][7][gc,heap     ] GC(551) Archive regions: 2->2
[2023-11-15T23:52:59.086+0000][7][gc,heap     ] GC(551) Humongous regions: 5->5
[2023-11-15T23:52:59.086+0000][7][gc,metaspace] GC(551) Metaspace: 117727K(119296K)->117727K(119296K) NonClass: 102218K(103168K)->102218K(103168K) Class: 15508K(16128K)->15508K(16128K)
[2023-11-15T23:52:59.086+0000][7][gc          ] GC(551) Pause Young (Normal) (G1 Evacuation Pause) 415M->155M(512M) 4.033ms
[2023-11-15T23:52:59.086+0000][7][gc,cpu      ] GC(551) User=0.02s Sys=0.01s Real=0.01s
[2023-11-15T23:52:59.086+0000][7][safepoint   ] Safepoint "G1CollectForAllocation", Time since last: 11414129708 ns, Reaching safepoint: 86841 ns, At safepoint: 4192824 ns, Total: 4279665 ns
[2023-11-15T23:53:15.050+0000][7][gc,start    ] GC(552) Pause Young (Normal) (G1 Evacuation Pause)
[2023-11-15T23:53:15.050+0000][7][gc,task     ] GC(552) Using 8 workers of 8 for evacuation
[2023-11-15T23:53:15.050+0000][7][gc,age      ] GC(552) Desired survivor size 18874368 bytes, new threshold 15 (max threshold 15)
[2023-11-15T23:53:15.055+0000][7][gc,age      ] GC(552) Age table with threshold 15 (max threshold 15)
[2023-11-15T23:53:15.055+0000][7][gc,age      ] GC(552) - age   1:    4564424 bytes,    4564424 total
[2023-11-15T23:53:15.055+0000][7][gc,age      ] GC(552) - age   2:     567560 bytes,    5131984 total
[2023-11-15T23:53:15.055+0000][7][gc,age      ] GC(552) - age   3:      32880 bytes,    5164864 total
[2023-11-15T23:53:15.055+0000][7][gc,age      ] GC(552) - age   4:     204528 bytes,    5369392 total
[2023-11-15T23:53:15.055+0000][7][gc,phases   ] GC(552)   Pre Evacuate Collection Set: 0.2ms
[2023-11-15T23:53:15.055+0000][7][gc,phases   ] GC(552)   Merge Heap Roots: 0.2ms
[2023-11-15T23:53:15.055+0000][7][gc,phases   ] GC(552)   Evacuate Collection Set: 3.2ms
[2023-11-15T23:53:15.055+0000][7][gc,phases   ] GC(552)   Post Evacuate Collection Set: 1.3ms
[2023-11-15T23:53:15.055+0000][7][gc,phases   ] GC(552)   Other: 0.5ms
[2023-11-15T23:53:15.055+0000][7][gc,heap     ] GC(552) Eden regions: 65->0(63)
[2023-11-15T23:53:15.055+0000][7][gc,heap     ] GC(552) Survivor regions: 1->2(9)
[2023-11-15T23:53:15.055+0000][7][gc,heap     ] GC(552) Old regions: 33->33
[2023-11-15T23:53:15.055+0000][7][gc,heap     ] GC(552) Archive regions: 2->2
[2023-11-15T23:53:15.055+0000][7][gc,heap     ] GC(552) Humongous regions: 5->5
[2023-11-15T23:53:15.055+0000][7][gc,metaspace] GC(552) Metaspace: 117727K(119296K)->117727K(119296K) NonClass: 102218K(103168K)->102218K(103168K) Class: 15508K(16128K)->15508K(16128K)
[2023-11-15T23:53:15.055+0000][7][gc          ] GC(552) Pause Young (Normal) (G1 Evacuation Pause) 415M->159M(512M) 5.541ms
[2023-11-15T23:53:15.055+0000][7][gc,cpu      ] GC(552) User=0.03s Sys=0.00s Real=0.01s
[2023-11-15T23:53:15.055+0000][7][safepoint   ] Safepoint "G1CollectForAllocation", Time since last: 15963749068 ns, Reaching safepoint: 133759 ns, At safepoint: 5760211 ns, Total: 5893970 ns
[2023-11-15T23:53:31.323+0000][7][gc,start    ] GC(553) Pause Young (Concurrent Start) (G1 Evacuation Pause)
[2023-11-15T23:53:31.323+0000][7][gc,task     ] GC(553) Using 8 workers of 8 for evacuation
[2023-11-15T23:53:31.323+0000][7][gc,age      ] GC(553) Desired survivor size 18874368 bytes, new threshold 15 (max threshold 15)
[2023-11-15T23:53:31.328+0000][7][gc,age      ] GC(553) Age table with threshold 15 (max threshold 15)
[2023-11-15T23:53:31.328+0000][7][gc,age      ] GC(553) - age   1:    1018568 bytes,    1018568 total
[2023-11-15T23:53:31.329+0000][7][gc,age      ] GC(553) - age   2:    3757200 bytes,    4775768 total
[2023-11-15T23:53:31.329+0000][7][gc,age      ] GC(553) - age   3:     392136 bytes,    5167904 total
[2023-11-15T23:53:31.329+0000][7][gc,age      ] GC(553) - age   4:      32848 bytes,    5200752 total
[2023-11-15T23:53:31.329+0000][7][gc,age      ] GC(553) - age   5:     203512 bytes,    5404264 total
[2023-11-15T23:53:31.329+0000][7][gc,phases   ] GC(553)   Pre Evacuate Collection Set: 0.3ms
[2023-11-15T23:53:31.329+0000][7][gc,phases   ] GC(553)   Merge Heap Roots: 0.2ms
[2023-11-15T23:53:31.329+0000][7][gc,phases   ] GC(553)   Evacuate Collection Set: 3.7ms
[2023-11-15T23:53:31.329+0000][7][gc,phases   ] GC(553)   Post Evacuate Collection Set: 1.5ms
[2023-11-15T23:53:31.329+0000][7][gc,phases   ] GC(553)   Other: 0.5ms
[2023-11-15T23:53:31.329+0000][7][gc,heap     ] GC(553) Eden regions: 63->0(63)
[2023-11-15T23:53:31.329+0000][7][gc,heap     ] GC(553) Survivor regions: 2->2(9)
[2023-11-15T23:53:31.329+0000][7][gc,heap     ] GC(553) Old regions: 33->33
[2023-11-15T23:53:31.329+0000][7][gc,heap     ] GC(553) Archive regions: 2->2
[2023-11-15T23:53:31.329+0000][7][gc,heap     ] GC(553) Humongous regions: 5->5
[2023-11-15T23:53:31.329+0000][7][gc,metaspace] GC(553) Metaspace: 117728K(119296K)->117728K(119296K) NonClass: 102219K(103168K)->102219K(103168K) Class: 15508K(16128K)->15508K(16128K)
[2023-11-15T23:53:31.329+0000][7][gc          ] GC(553) Pause Young (Concurrent Start) (G1 Evacuation Pause) 411M->159M(512M) 6.300ms
[2023-11-15T23:53:31.329+0000][7][gc,cpu      ] GC(553) User=0.03s Sys=0.00s Real=0.01s
[2023-11-15T23:53:31.329+0000][7][safepoint   ] Safepoint "G1CollectForAllocation", Time since last: 16267080269 ns, Reaching safepoint: 85385 ns, At safepoint: 6503274 ns, Total: 6588659 ns
[2023-11-15T23:53:31.329+0000][7][gc          ] GC(554) Concurrent Mark Cycle
[2023-11-15T23:53:31.329+0000][7][gc,marking  ] GC(554) Concurrent Clear Claimed Marks
[2023-11-15T23:53:31.329+0000][7][gc,marking  ] GC(554) Concurrent Clear Claimed Marks 0.199ms
[2023-11-15T23:53:31.329+0000][7][gc,marking  ] GC(554) Concurrent Scan Root Regions
[2023-11-15T23:53:31.332+0000][7][gc,marking  ] GC(554) Concurrent Scan Root Regions 2.828ms
[2023-11-15T23:53:31.332+0000][7][gc,marking  ] GC(554) Concurrent Mark
[2023-11-15T23:53:31.332+0000][7][gc,marking  ] GC(554) Concurrent Mark From Roots
[2023-11-15T23:53:31.332+0000][7][gc,task     ] GC(554) Using 2 workers of 2 for marking
[2023-11-15T23:53:31.414+0000][7][gc,marking  ] GC(554) Concurrent Mark From Roots 81.861ms
[2023-11-15T23:53:31.414+0000][7][gc,marking  ] GC(554) Concurrent Preclean
[2023-11-15T23:53:31.414+0000][7][gc,marking  ] GC(554) Concurrent Preclean 0.233ms
[2023-11-15T23:53:31.415+0000][7][gc,start    ] GC(554) Pause Remark
[2023-11-15T23:53:31.420+0000][7][gc          ] GC(554) Pause Remark 162M->162M(512M) 5.476ms
[2023-11-15T23:53:31.420+0000][7][gc,cpu      ] GC(554) User=0.04s Sys=0.00s Real=0.00s
[2023-11-15T23:53:31.420+0000][7][safepoint   ] Safepoint "G1Concurrent", Time since last: 85475851 ns, Reaching safepoint: 25672 ns, At safepoint: 5589304 ns, Total: 5614976 ns
[2023-11-15T23:53:31.420+0000][7][gc,marking  ] GC(554) Concurrent Mark 87.908ms
[2023-11-15T23:53:31.420+0000][7][gc,marking  ] GC(554) Concurrent Rebuild Remembered Sets
[2023-11-15T23:53:31.452+0000][7][gc,marking  ] GC(554) Concurrent Rebuild Remembered Sets 31.806ms
[2023-11-15T23:53:31.452+0000][7][gc,start    ] GC(554) Pause Cleanup
[2023-11-15T23:53:31.452+0000][7][gc          ] GC(554) Pause Cleanup 162M->162M(512M) 0.075ms
[2023-11-15T23:53:31.452+0000][7][gc,cpu      ] GC(554) User=0.00s Sys=0.00s Real=0.00s
[2023-11-15T23:53:31.452+0000][7][safepoint   ] Safepoint "G1Concurrent", Time since last: 31984124 ns, Reaching safepoint: 36801 ns, At safepoint: 159668 ns, Total: 196469 ns
[2023-11-15T23:53:31.452+0000][7][gc,marking  ] GC(554) Concurrent Cleanup for Next Mark
[2023-11-15T23:53:31.453+0000][7][gc,marking  ] GC(554) Concurrent Cleanup for Next Mark 0.350ms
[2023-11-15T23:53:31.453+0000][7][gc          ] GC(554) Concurrent Mark Cycle 123.676ms
[2023-11-15T23:53:47.184+0000][7][gc,start    ] GC(555) Pause Young (Prepare Mixed) (G1 Evacuation Pause)
[2023-11-15T23:53:47.184+0000][7][gc,task     ] GC(555) Using 8 workers of 8 for evacuation
[2023-11-15T23:53:47.184+0000][7][gc,age      ] GC(555) Desired survivor size 18874368 bytes, new threshold 15 (max threshold 15)
[2023-11-15T23:53:47.186+0000][7][gc,age      ] GC(555) Age table with threshold 15 (max threshold 15)
[2023-11-15T23:53:47.186+0000][7][gc,age      ] GC(555) - age   1:    1224416 bytes,    1224416 total
[2023-11-15T23:53:47.186+0000][7][gc,age      ] GC(555) - age   2:     203072 bytes,    1427488 total
[2023-11-15T23:53:47.186+0000][7][gc,age      ] GC(555) - age   3:    3738808 bytes,    5166296 total
[2023-11-15T23:53:47.186+0000][7][gc,age      ] GC(555) - age   4:     390216 bytes,    5556512 total
[2023-11-15T23:53:47.186+0000][7][gc,age      ] GC(555) - age   5:      32848 bytes,    5589360 total
[2023-11-15T23:53:47.186+0000][7][gc,age      ] GC(555) - age   6:     202832 bytes,    5792192 total
[2023-11-15T23:53:47.186+0000][7][gc,phases   ] GC(555)   Pre Evacuate Collection Set: 0.1ms
[2023-11-15T23:53:47.186+0000][7][gc,phases   ] GC(555)   Merge Heap Roots: 0.1ms
[2023-11-15T23:53:47.186+0000][7][gc,phases   ] GC(555)   Evacuate Collection Set: 1.8ms
[2023-11-15T23:53:47.186+0000][7][gc,phases   ] GC(555)   Post Evacuate Collection Set: 0.5ms
[2023-11-15T23:53:47.186+0000][7][gc,phases   ] GC(555)   Other: 0.3ms
[2023-11-15T23:53:47.186+0000][7][gc,heap     ] GC(555) Eden regions: 63->0(4)
[2023-11-15T23:53:47.186+0000][7][gc,heap     ] GC(555) Survivor regions: 2->2(9)
[2023-11-15T23:53:47.186+0000][7][gc,heap     ] GC(555) Old regions: 33->33
[2023-11-15T23:53:47.186+0000][7][gc,heap     ] GC(555) Archive regions: 2->2
[2023-11-15T23:53:47.186+0000][7][gc,heap     ] GC(555) Humongous regions: 5->5
[2023-11-15T23:53:47.186+0000][7][gc,metaspace] GC(555) Metaspace: 117729K(119296K)->117729K(119296K) NonClass: 102220K(103168K)->102220K(103168K) Class: 15508K(16128K)->15508K(16128K)
[2023-11-15T23:53:47.186+0000][7][gc          ] GC(555) Pause Young (Prepare Mixed) (G1 Evacuation Pause) 411M->159M(512M) 2.698ms
[2023-11-15T23:53:47.186+0000][7][gc,cpu      ] GC(555) User=0.02s Sys=0.00s Real=0.01s
[2023-11-15T23:53:47.186+0000][7][safepoint   ] Safepoint "G1CollectForAllocation", Time since last: 15731411346 ns, Reaching safepoint: 35347 ns, At safepoint: 2801633 ns, Total: 2836980 ns
[2023-11-15T23:53:48.106+0000][7][gc,start    ] GC(556) Pause Young (Mixed) (G1 Evacuation Pause)
[2023-11-15T23:53:48.106+0000][7][gc,task     ] GC(556) Using 8 workers of 8 for evacuation
[2023-11-15T23:53:48.106+0000][7][gc,age      ] GC(556) Desired survivor size 2097152 bytes, new threshold 3 (max threshold 15)
[2023-11-15T23:53:48.111+0000][7][gc,age      ] GC(556) Age table with threshold 3 (max threshold 15)
[2023-11-15T23:53:48.111+0000][7][gc,age      ] GC(556) - age   1:     232024 bytes,     232024 total
[2023-11-15T23:53:48.111+0000][7][gc,age      ] GC(556) - age   2:     731120 bytes,     963144 total
[2023-11-15T23:53:48.111+0000][7][gc,age      ] GC(556) - age   3:     202808 bytes,    1165952 total
[2023-11-15T23:53:48.111+0000][7][gc,phases   ] GC(556)   Pre Evacuate Collection Set: 0.2ms
[2023-11-15T23:53:48.111+0000][7][gc,phases   ] GC(556)   Merge Heap Roots: 0.1ms
[2023-11-15T23:53:48.111+0000][7][gc,phases   ] GC(556)   Evacuate Collection Set: 3.5ms
[2023-11-15T23:53:48.111+0000][7][gc,phases   ] GC(556)   Post Evacuate Collection Set: 1.3ms
[2023-11-15T23:53:48.111+0000][7][gc,phases   ] GC(556)   Other: 0.5ms
[2023-11-15T23:53:48.111+0000][7][gc,heap     ] GC(556) Eden regions: 4->0(65)
[2023-11-15T23:53:48.112+0000][7][gc,heap     ] GC(556) Survivor regions: 2->1(1)
[2023-11-15T23:53:48.112+0000][7][gc,heap     ] GC(556) Old regions: 33->33
[2023-11-15T23:53:48.112+0000][7][gc,heap     ] GC(556) Archive regions: 2->2
[2023-11-15T23:53:48.112+0000][7][gc,heap     ] GC(556) Humongous regions: 5->5
[2023-11-15T23:53:48.112+0000][7][gc,metaspace] GC(556) Metaspace: 117729K(119296K)->117729K(119296K) NonClass: 102220K(103168K)->102220K(103168K) Class: 15508K(16128K)->15508K(16128K)
[2023-11-15T23:53:48.112+0000][7][gc          ] GC(556) Pause Young (Mixed) (G1 Evacuation Pause) 175M->156M(512M) 5.691ms
[2023-11-15T23:53:48.112+0000][7][gc,cpu      ] GC(556) User=0.03s Sys=0.00s Real=0.00s
[2023-11-15T23:53:48.112+0000][7][safepoint   ] Safepoint "G1CollectForAllocation", Time since last: 919181788 ns, Reaching safepoint: 154090 ns, At safepoint: 5883771 ns, Total: 6037861 ns
[2023-11-15T23:54:02.806+0000][7][gc,start    ] GC(557) Pause Young (Normal) (G1 Evacuation Pause)
[2023-11-15T23:54:02.806+0000][7][gc,task     ] GC(557) Using 8 workers of 8 for evacuation
[2023-11-15T23:54:02.806+0000][7][gc,age      ] GC(557) Desired survivor size 18874368 bytes, new threshold 15 (max threshold 15)
[2023-11-15T23:54:02.810+0000][7][gc,age      ] GC(557) Age table with threshold 15 (max threshold 15)
[2023-11-15T23:54:02.810+0000][7][gc,age      ] GC(557) - age   1:    1048472 bytes,    1048472 total
[2023-11-15T23:54:02.810+0000][7][gc,age      ] GC(557) - age   2:         72 bytes,    1048544 total
[2023-11-15T23:54:02.810+0000][7][gc,age      ] GC(557) - age   3:     253144 bytes,    1301688 total
[2023-11-15T23:54:02.810+0000][7][gc,age      ] GC(557) - age   4:     202072 bytes,    1503760 total
[2023-11-15T23:54:02.810+0000][7][gc,phases   ] GC(557)   Pre Evacuate Collection Set: 0.2ms
[2023-11-15T23:54:02.810+0000][7][gc,phases   ] GC(557)   Merge Heap Roots: 0.1ms
[2023-11-15T23:54:02.810+0000][7][gc,phases   ] GC(557)   Evacuate Collection Set: 2.2ms
[2023-11-15T23:54:02.810+0000][7][gc,phases   ] GC(557)   Post Evacuate Collection Set: 1.1ms
[2023-11-15T23:54:02.810+0000][7][gc,phases   ] GC(557)   Other: 0.4ms
[2023-11-15T23:54:02.810+0000][7][gc,heap     ] GC(557) Eden regions: 65->0(65)
[2023-11-15T23:54:02.810+0000][7][gc,heap     ] GC(557) Survivor regions: 1->1(9)
[2023-11-15T23:54:02.810+0000][7][gc,heap     ] GC(557) Old regions: 33->33
[2023-11-15T23:54:02.810+0000][7][gc,heap     ] GC(557) Archive regions: 2->2
[2023-11-15T23:54:02.810+0000][7][gc,heap     ] GC(557) Humongous regions: 5->5
[2023-11-15T23:54:02.811+0000][7][gc,metaspace] GC(557) Metaspace: 117729K(119296K)->117729K(119296K) NonClass: 102220K(103168K)->102220K(103168K) Class: 15508K(16128K)->15508K(16128K)
[2023-11-15T23:54:02.811+0000][7][gc          ] GC(557) Pause Young (Normal) (G1 Evacuation Pause) 416M->156M(512M) 4.355ms
[2023-11-15T23:54:02.811+0000][7][gc,cpu      ] GC(557) User=0.02s Sys=0.00s Real=0.00s
[2023-11-15T23:54:02.811+0000][7][safepoint   ] Safepoint "G1CollectForAllocation", Time since last: 14694306592 ns, Reaching safepoint: 97182 ns, At safepoint: 4531388 ns, Total: 4628570 ns
[2023-11-15T23:54:19.207+0000][7][gc,start    ] GC(558) Pause Young (Normal) (G1 Evacuation Pause)
[2023-11-15T23:54:19.207+0000][7][gc,task     ] GC(558) Using 8 workers of 8 for evacuation
[2023-11-15T23:54:19.207+0000][7][gc,age      ] GC(558) Desired survivor size 18874368 bytes, new threshold 15 (max threshold 15)
[2023-11-15T23:54:19.211+0000][7][gc,age      ] GC(558) Age table with threshold 15 (max threshold 15)
[2023-11-15T23:54:19.211+0000][7][gc,age      ] GC(558) - age   1:     968216 bytes,     968216 total
[2023-11-15T23:54:19.211+0000][7][gc,age      ] GC(558) - age   2:     271744 bytes,    1239960 total
[2023-11-15T23:54:19.211+0000][7][gc,age      ] GC(558) - age   3:         72 bytes,    1240032 total
[2023-11-15T23:54:19.211+0000][7][gc,age      ] GC(558) - age   4:     238016 bytes,    1478048 total
[2023-11-15T23:54:19.211+0000][7][gc,age      ] GC(558) - age   5:     201784 bytes,    1679832 total
[2023-11-15T23:54:19.211+0000][7][gc,phases   ] GC(558)   Pre Evacuate Collection Set: 0.2ms
[2023-11-15T23:54:19.211+0000][7][gc,phases   ] GC(558)   Merge Heap Roots: 0.2ms
[2023-11-15T23:54:19.211+0000][7][gc,phases   ] GC(558)   Evacuate Collection Set: 2.5ms
[2023-11-15T23:54:19.211+0000][7][gc,phases   ] GC(558)   Post Evacuate Collection Set: 1.4ms
[2023-11-15T23:54:19.211+0000][7][gc,phases   ] GC(558)   Other: 0.5ms
[2023-11-15T23:54:19.211+0000][7][gc,heap     ] GC(558) Eden regions: 65->0(65)
[2023-11-15T23:54:19.211+0000][7][gc,heap     ] GC(558) Survivor regions: 1->1(9)
[2023-11-15T23:54:19.211+0000][7][gc,heap     ] GC(558) Old regions: 33->33
[2023-11-15T23:54:19.211+0000][7][gc,heap     ] GC(558) Archive regions: 2->2
[2023-11-15T23:54:19.211+0000][7][gc,heap     ] GC(558) Humongous regions: 5->5
[2023-11-15T23:54:19.211+0000][7][gc,metaspace] GC(558) Metaspace: 117729K(119296K)->117729K(119296K) NonClass: 102220K(103168K)->102220K(103168K) Class: 15508K(16128K)->15508K(16128K)
[2023-11-15T23:54:19.211+0000][7][gc          ] GC(558) Pause Young (Normal) (G1 Evacuation Pause) 416M->156M(512M) 4.872ms
[2023-11-15T23:54:19.212+0000][7][gc,cpu      ] GC(558) User=0.01s Sys=0.01s Real=0.00s
[2023-11-15T23:54:19.212+0000][7][safepoint   ] Safepoint "G1CollectForAllocation", Time since last: 16395757537 ns, Reaching safepoint: 114813 ns, At safepoint: 5070212 ns, Total: 5185025 ns
[2023-11-15T23:54:29.213+0000][7][safepoint   ] Safepoint "Cleanup", Time since last: 10001138341 ns, Reaching safepoint: 127849 ns, At safepoint: 20347 ns, Total: 148196 ns
[2023-11-15T23:54:35.654+0000][7][gc,start    ] GC(559) Pause Young (Concurrent Start) (G1 Evacuation Pause)
[2023-11-15T23:54:35.654+0000][7][gc,task     ] GC(559) Using 8 workers of 8 for evacuation
[2023-11-15T23:54:35.654+0000][7][gc,age      ] GC(559) Desired survivor size 18874368 bytes, new threshold 15 (max threshold 15)
[2023-11-15T23:54:35.659+0000][7][gc,age      ] GC(559) Age table with threshold 15 (max threshold 15)
[2023-11-15T23:54:35.659+0000][7][gc,age      ] GC(559) - age   1:    1773056 bytes,    1773056 total
[2023-11-15T23:54:35.659+0000][7][gc,age      ] GC(559) - age   2:     253432 bytes,    2026488 total
[2023-11-15T23:54:35.659+0000][7][gc,age      ] GC(559) - age   3:     270976 bytes,    2297464 total
[2023-11-15T23:54:35.659+0000][7][gc,age      ] GC(559) - age   4:         72 bytes,    2297536 total
[2023-11-15T23:54:35.659+0000][7][gc,age      ] GC(559) - age   5:     237168 bytes,    2534704 total
[2023-11-15T23:54:35.659+0000][7][gc,age      ] GC(559) - age   6:     200960 bytes,    2735664 total
[2023-11-15T23:54:35.659+0000][7][gc,phases   ] GC(559)   Pre Evacuate Collection Set: 0.3ms
[2023-11-15T23:54:35.659+0000][7][gc,phases   ] GC(559)   Merge Heap Roots: 0.1ms
[2023-11-15T23:54:35.659+0000][7][gc,phases   ] GC(559)   Evacuate Collection Set: 2.9ms
[2023-11-15T23:54:35.659+0000][7][gc,phases   ] GC(559)   Post Evacuate Collection Set: 1.1ms
[2023-11-15T23:54:35.659+0000][7][gc,phases   ] GC(559)   Other: 0.5ms
[2023-11-15T23:54:35.659+0000][7][gc,heap     ] GC(559) Eden regions: 65->0(65)
[2023-11-15T23:54:35.659+0000][7][gc,heap     ] GC(559) Survivor regions: 1->1(9)
[2023-11-15T23:54:35.659+0000][7][gc,heap     ] GC(559) Old regions: 33->33
[2023-11-15T23:54:35.659+0000][7][gc,heap     ] GC(559) Archive regions: 2->2
[2023-11-15T23:54:35.659+0000][7][gc,heap     ] GC(559) Humongous regions: 5->5
[2023-11-15T23:54:35.659+0000][7][gc,metaspace] GC(559) Metaspace: 117729K(119296K)->117729K(119296K) NonClass: 102220K(103168K)->102220K(103168K) Class: 15508K(16128K)->15508K(16128K)
[2023-11-15T23:54:35.659+0000][7][gc          ] GC(559) Pause Young (Concurrent Start) (G1 Evacuation Pause) 416M->157M(512M) 4.985ms
[2023-11-15T23:54:35.659+0000][7][gc,cpu      ] GC(559) User=0.01s Sys=0.00s Real=0.01s
[2023-11-15T23:54:35.659+0000][7][safepoint   ] Safepoint "G1CollectForAllocation", Time since last: 6441239585 ns, Reaching safepoint: 73562 ns, At safepoint: 5177800 ns, Total: 5251362 ns
[2023-11-15T23:54:35.659+0000][7][gc          ] GC(560) Concurrent Mark Cycle
[2023-11-15T23:54:35.659+0000][7][gc,marking  ] GC(560) Concurrent Clear Claimed Marks
[2023-11-15T23:54:35.660+0000][7][gc,marking  ] GC(560) Concurrent Clear Claimed Marks 0.133ms
[2023-11-15T23:54:35.660+0000][7][gc,marking  ] GC(560) Concurrent Scan Root Regions
[2023-11-15T23:54:35.664+0000][7][gc,marking  ] GC(560) Concurrent Scan Root Regions 4.732ms
[2023-11-15T23:54:35.664+0000][7][gc,marking  ] GC(560) Concurrent Mark
[2023-11-15T23:54:35.664+0000][7][gc,marking  ] GC(560) Concurrent Mark From Roots
[2023-11-15T23:54:35.664+0000][7][gc,task     ] GC(560) Using 2 workers of 2 for marking
[2023-11-15T23:54:35.742+0000][7][gc,marking  ] GC(560) Concurrent Mark From Roots 77.749ms
[2023-11-15T23:54:35.742+0000][7][gc,marking  ] GC(560) Concurrent Preclean
[2023-11-15T23:54:35.742+0000][7][gc,marking  ] GC(560) Concurrent Preclean 0.168ms
[2023-11-15T23:54:35.742+0000][7][gc,start    ] GC(560) Pause Remark
[2023-11-15T23:54:35.748+0000][7][gc          ] GC(560) Pause Remark 161M->161M(512M) 5.116ms
[2023-11-15T23:54:35.748+0000][7][gc,cpu      ] GC(560) User=0.03s Sys=0.00s Real=0.01s
[2023-11-15T23:54:35.748+0000][7][safepoint   ] Safepoint "G1Concurrent", Time since last: 83043486 ns, Reaching safepoint: 41698 ns, At safepoint: 5204672 ns, Total: 5246370 ns
[2023-11-15T23:54:35.748+0000][7][gc,marking  ] GC(560) Concurrent Mark 83.288ms
[2023-11-15T23:54:35.748+0000][7][gc,marking  ] GC(560) Concurrent Rebuild Remembered Sets
[2023-11-15T23:54:35.780+0000][7][gc,marking  ] GC(560) Concurrent Rebuild Remembered Sets 32.217ms
[2023-11-15T23:54:35.780+0000][7][gc,start    ] GC(560) Pause Cleanup
[2023-11-15T23:54:35.780+0000][7][gc          ] GC(560) Pause Cleanup 161M->161M(512M) 0.070ms
[2023-11-15T23:54:35.780+0000][7][gc,cpu      ] GC(560) User=0.00s Sys=0.00s Real=0.00s
[2023-11-15T23:54:35.780+0000][7][safepoint   ] Safepoint "G1Concurrent", Time since last: 32325225 ns, Reaching safepoint: 44927 ns, At safepoint: 145848 ns, Total: 190775 ns
[2023-11-15T23:54:35.780+0000][7][gc,marking  ] GC(560) Concurrent Cleanup for Next Mark
[2023-11-15T23:54:35.781+0000][7][gc,marking  ] GC(560) Concurrent Cleanup for Next Mark 0.367ms
[2023-11-15T23:54:35.781+0000][7][gc          ] GC(560) Concurrent Mark Cycle 121.212ms
[2023-11-15T23:54:51.130+0000][7][gc,start    ] GC(561) Pause Young (Prepare Mixed) (G1 Evacuation Pause)
[2023-11-15T23:54:51.130+0000][7][gc,task     ] GC(561) Using 8 workers of 8 for evacuation
[2023-11-15T23:54:51.130+0000][7][gc,age      ] GC(561) Desired survivor size 18874368 bytes, new threshold 15 (max threshold 15)
[2023-11-15T23:54:51.135+0000][7][gc,age      ] GC(561) Age table with threshold 15 (max threshold 15)
[2023-11-15T23:54:51.135+0000][7][gc,age      ] GC(561) - age   1:    2150720 bytes,    2150720 total
[2023-11-15T23:54:51.135+0000][7][gc,age      ] GC(561) - age   2:    1090864 bytes,    3241584 total
[2023-11-15T23:54:51.135+0000][7][gc,age      ] GC(561) - age   3:     240112 bytes,    3481696 total
[2023-11-15T23:54:51.135+0000][7][gc,age      ] GC(561) - age   4:     253952 bytes,    3735648 total
[2023-11-15T23:54:51.135+0000][7][gc,age      ] GC(561) - age   5:         72 bytes,    3735720 total
[2023-11-15T23:54:51.135+0000][7][gc,age      ] GC(561) - age   6:     236288 bytes,    3972008 total
[2023-11-15T23:54:51.135+0000][7][gc,age      ] GC(561) - age   7:     200896 bytes,    4172904 total
[2023-11-15T23:54:51.135+0000][7][gc,phases   ] GC(561)   Pre Evacuate Collection Set: 0.2ms
[2023-11-15T23:54:51.135+0000][7][gc,phases   ] GC(561)   Merge Heap Roots: 0.1ms
[2023-11-15T23:54:51.135+0000][7][gc,phases   ] GC(561)   Evacuate Collection Set: 3.1ms
[2023-11-15T23:54:51.135+0000][7][gc,phases   ] GC(561)   Post Evacuate Collection Set: 1.2ms
[2023-11-15T23:54:51.135+0000][7][gc,phases   ] GC(561)   Other: 0.5ms
[2023-11-15T23:54:51.135+0000][7][gc,heap     ] GC(561) Eden regions: 65->0(4)
[2023-11-15T23:54:51.135+0000][7][gc,heap     ] GC(561) Survivor regions: 1->2(9)
[2023-11-15T23:54:51.135+0000][7][gc,heap     ] GC(561) Old regions: 33->33
[2023-11-15T23:54:51.135+0000][7][gc,heap     ] GC(561) Archive regions: 2->2
[2023-11-15T23:54:51.135+0000][7][gc,heap     ] GC(561) Humongous regions: 5->5
[2023-11-15T23:54:51.136+0000][7][gc,metaspace] GC(561) Metaspace: 117729K(119296K)->117729K(119296K) NonClass: 102220K(103168K)->102220K(103168K) Class: 15508K(16128K)->15508K(16128K)
[2023-11-15T23:54:51.136+0000][7][gc          ] GC(561) Pause Young (Prepare Mixed) (G1 Evacuation Pause) 417M->159M(512M) 5.259ms
[2023-11-15T23:54:51.136+0000][7][gc,cpu      ] GC(561) User=0.02s Sys=0.00s Real=0.01s
[2023-11-15T23:54:51.136+0000][7][safepoint   ] Safepoint "G1CollectForAllocation", Time since last: 15349958965 ns, Reaching safepoint: 70620 ns, At safepoint: 5443095 ns, Total: 5513715 ns
[2023-11-15T23:54:52.356+0000][7][gc,start    ] GC(562) Pause Young (Mixed) (G1 Evacuation Pause)
[2023-11-15T23:54:52.356+0000][7][gc,task     ] GC(562) Using 8 workers of 8 for evacuation
[2023-11-15T23:54:52.356+0000][7][gc,age      ] GC(562) Desired survivor size 2097152 bytes, new threshold 1 (max threshold 15)
[2023-11-15T23:54:52.369+0000][7][gc,age      ] GC(562) Age table with threshold 1 (max threshold 15)
[2023-11-15T23:54:52.369+0000][7][gc,age      ] GC(562) - age   1:     183120 bytes,     183120 total
[2023-11-15T23:54:52.369+0000][7][gc,phases   ] GC(562)   Pre Evacuate Collection Set: 0.2ms
[2023-11-15T23:54:52.369+0000][7][gc,phases   ] GC(562)   Merge Heap Roots: 0.1ms
[2023-11-15T23:54:52.369+0000][7][gc,phases   ] GC(562)   Evacuate Collection Set: 11.0ms
[2023-11-15T23:54:52.369+0000][7][gc,phases   ] GC(562)   Post Evacuate Collection Set: 1.5ms
[2023-11-15T23:54:52.369+0000][7][gc,phases   ] GC(562)   Other: 0.4ms
[2023-11-15T23:54:52.369+0000][7][gc,heap     ] GC(562) Eden regions: 4->0(64)
[2023-11-15T23:54:52.369+0000][7][gc,heap     ] GC(562) Survivor regions: 2->1(1)
[2023-11-15T23:54:52.369+0000][7][gc,heap     ] GC(562) Old regions: 33->34
[2023-11-15T23:54:52.369+0000][7][gc,heap     ] GC(562) Archive regions: 2->2
[2023-11-15T23:54:52.369+0000][7][gc,heap     ] GC(562) Humongous regions: 5->5
[2023-11-15T23:54:52.369+0000][7][gc,metaspace] GC(562) Metaspace: 117729K(119296K)->117729K(119296K) NonClass: 102220K(103168K)->102220K(103168K) Class: 15508K(16128K)->15508K(16128K)
[2023-11-15T23:54:52.369+0000][7][gc          ] GC(562) Pause Young (Mixed) (G1 Evacuation Pause) 175M->157M(512M) 13.438ms
[2023-11-15T23:54:52.370+0000][7][gc,cpu      ] GC(562) User=0.04s Sys=0.03s Real=0.01s
[2023-11-15T23:54:52.370+0000][7][safepoint   ] Safepoint "G1CollectForAllocation", Time since last: 1220198055 ns, Reaching safepoint: 76620 ns, At safepoint: 13674920 ns, Total: 13751540 ns
[2023-11-15T23:55:02.371+0000][7][safepoint   ] Safepoint "Cleanup", Time since last: 10000902348 ns, Reaching safepoint: 45791 ns, At safepoint: 4818 ns, Total: 50609 ns
[2023-11-15T23:55:06.453+0000][7][gc,start    ] GC(563) Pause Young (Normal) (G1 Evacuation Pause)
[2023-11-15T23:55:06.453+0000][7][gc,task     ] GC(563) Using 8 workers of 8 for evacuation
[2023-11-15T23:55:06.453+0000][7][gc,age      ] GC(563) Desired survivor size 18874368 bytes, new threshold 15 (max threshold 15)
[2023-11-15T23:55:06.457+0000][7][gc,age      ] GC(563) Age table with threshold 15 (max threshold 15)
[2023-11-15T23:55:06.458+0000][7][gc,age      ] GC(563) - age   1:    1096864 bytes,    1096864 total
[2023-11-15T23:55:06.458+0000][7][gc,age      ] GC(563) - age   2:       2208 bytes,    1099072 total
[2023-11-15T23:55:06.458+0000][7][gc,phases   ] GC(563)   Pre Evacuate Collection Set: 0.2ms
[2023-11-15T23:55:06.458+0000][7][gc,phases   ] GC(563)   Merge Heap Roots: 0.2ms
[2023-11-15T23:55:06.458+0000][7][gc,phases   ] GC(563)   Evacuate Collection Set: 2.5ms
[2023-11-15T23:55:06.458+0000][7][gc,phases   ] GC(563)   Post Evacuate Collection Set: 1.0ms
[2023-11-15T23:55:06.458+0000][7][gc,phases   ] GC(563)   Other: 0.4ms
[2023-11-15T23:55:06.458+0000][7][gc,heap     ] GC(563) Eden regions: 64->0(64)
[2023-11-15T23:55:06.458+0000][7][gc,heap     ] GC(563) Survivor regions: 1->1(9)
[2023-11-15T23:55:06.458+0000][7][gc,heap     ] GC(563) Old regions: 34->34
[2023-11-15T23:55:06.458+0000][7][gc,heap     ] GC(563) Archive regions: 2->2
[2023-11-15T23:55:06.458+0000][7][gc,heap     ] GC(563) Humongous regions: 5->5
[2023-11-15T23:55:06.458+0000][7][gc,metaspace] GC(563) Metaspace: 117729K(119296K)->117729K(119296K) NonClass: 102221K(103168K)->102221K(103168K) Class: 15508K(16128K)->15508K(16128K)
[2023-11-15T23:55:06.458+0000][7][gc          ] GC(563) Pause Young (Normal) (G1 Evacuation Pause) 413M->158M(512M) 4.541ms
[2023-11-15T23:55:06.458+0000][7][gc,cpu      ] GC(563) User=0.03s Sys=0.00s Real=0.01s
[2023-11-15T23:55:06.458+0000][7][safepoint   ] Safepoint "G1CollectForAllocation", Time since last: 4082584202 ns, Reaching safepoint: 97811 ns, At safepoint: 4716361 ns, Total: 4814172 ns
[2023-11-15T23:55:23.055+0000][7][gc,start    ] GC(564) Pause Young (Normal) (G1 Evacuation Pause)
[2023-11-15T23:55:23.055+0000][7][gc,task     ] GC(564) Using 8 workers of 8 for evacuation
[2023-11-15T23:55:23.055+0000][7][gc,age      ] GC(564) Desired survivor size 18874368 bytes, new threshold 15 (max threshold 15)
[2023-11-15T23:55:23.058+0000][7][gc,age      ] GC(564) Age table with threshold 15 (max threshold 15)
[2023-11-15T23:55:23.058+0000][7][gc,age      ] GC(564) - age   1:    2807952 bytes,    2807952 total
[2023-11-15T23:55:23.058+0000][7][gc,age      ] GC(564) - age   2:     371752 bytes,    3179704 total
[2023-11-15T23:55:23.058+0000][7][gc,age      ] GC(564) - age   3:       2208 bytes,    3181912 total
[2023-11-15T23:55:23.059+0000][7][gc,phases   ] GC(564)   Pre Evacuate Collection Set: 0.2ms
[2023-11-15T23:55:23.059+0000][7][gc,phases   ] GC(564)   Merge Heap Roots: 0.1ms
[2023-11-15T23:55:23.059+0000][7][gc,phases   ] GC(564)   Evacuate Collection Set: 2.1ms
[2023-11-15T23:55:23.059+0000][7][gc,phases   ] GC(564)   Post Evacuate Collection Set: 0.9ms
[2023-11-15T23:55:23.059+0000][7][gc,phases   ] GC(564)   Other: 0.3ms
[2023-11-15T23:55:23.059+0000][7][gc,heap     ] GC(564) Eden regions: 64->0(64)
[2023-11-15T23:55:23.059+0000][7][gc,heap     ] GC(564) Survivor regions: 1->1(9)
[2023-11-15T23:55:23.059+0000][7][gc,heap     ] GC(564) Old regions: 34->34
[2023-11-15T23:55:23.059+0000][7][gc,heap     ] GC(564) Archive regions: 2->2
[2023-11-15T23:55:23.059+0000][7][gc,heap     ] GC(564) Humongous regions: 5->5
[2023-11-15T23:55:23.059+0000][7][gc,metaspace] GC(564) Metaspace: 117730K(119296K)->117730K(119296K) NonClass: 102221K(103168K)->102221K(103168K) Class: 15508K(16128K)->15508K(16128K)
[2023-11-15T23:55:23.059+0000][7][gc          ] GC(564) Pause Young (Normal) (G1 Evacuation Pause) 414M->160M(512M) 3.764ms
[2023-11-15T23:55:23.059+0000][7][gc,cpu      ] GC(564) User=0.01s Sys=0.00s Real=0.00s
[2023-11-15T23:55:23.059+0000][7][safepoint   ] Safepoint "G1CollectForAllocation", Time since last: 16596780040 ns, Reaching safepoint: 96379 ns, At safepoint: 3902129 ns, Total: 3998508 ns
[2023-11-15T23:55:35.060+0000][7][safepoint   ] Safepoint "Cleanup", Time since last: 12001446774 ns, Reaching safepoint: 107556 ns, At safepoint: 19674 ns, Total: 127230 ns
[2023-11-15T23:55:36.061+0000][7][safepoint   ] Safepoint "Cleanup", Time since last: 1000203919 ns, Reaching safepoint: 83261 ns, At safepoint: 10461 ns, Total: 93722 ns
[2023-11-15T23:55:38.395+0000][7][gc,start    ] GC(565) Pause Young (Concurrent Start) (G1 Evacuation Pause)
[2023-11-15T23:55:38.395+0000][7][gc,task     ] GC(565) Using 8 workers of 8 for evacuation
[2023-11-15T23:55:38.395+0000][7][gc,age      ] GC(565) Desired survivor size 18874368 bytes, new threshold 15 (max threshold 15)
[2023-11-15T23:55:38.401+0000][7][gc,age      ] GC(565) Age table with threshold 15 (max threshold 15)
[2023-11-15T23:55:38.401+0000][7][gc,age      ] GC(565) - age   1:     762432 bytes,     762432 total
[2023-11-15T23:55:38.401+0000][7][gc,age      ] GC(565) - age   2:    2114280 bytes,    2876712 total
[2023-11-15T23:55:38.401+0000][7][gc,age      ] GC(565) - age   3:     241592 bytes,    3118304 total
[2023-11-15T23:55:38.401+0000][7][gc,age      ] GC(565) - age   4:       2208 bytes,    3120512 total
[2023-11-15T23:55:38.401+0000][7][gc,phases   ] GC(565)   Pre Evacuate Collection Set: 0.3ms
[2023-11-15T23:55:38.401+0000][7][gc,phases   ] GC(565)   Merge Heap Roots: 0.1ms
[2023-11-15T23:55:38.401+0000][7][gc,phases   ] GC(565)   Evacuate Collection Set: 3.5ms
[2023-11-15T23:55:38.401+0000][7][gc,phases   ] GC(565)   Post Evacuate Collection Set: 1.2ms
[2023-11-15T23:55:38.401+0000][7][gc,phases   ] GC(565)   Other: 0.4ms
[2023-11-15T23:55:38.401+0000][7][gc,heap     ] GC(565) Eden regions: 64->0(64)
[2023-11-15T23:55:38.401+0000][7][gc,heap     ] GC(565) Survivor regions: 1->1(9)
[2023-11-15T23:55:38.401+0000][7][gc,heap     ] GC(565) Old regions: 34->34
[2023-11-15T23:55:38.401+0000][7][gc,heap     ] GC(565) Archive regions: 2->2
[2023-11-15T23:55:38.401+0000][7][gc,heap     ] GC(565) Humongous regions: 5->5
[2023-11-15T23:55:38.401+0000][7][gc,metaspace] GC(565) Metaspace: 117741K(119296K)->117741K(119296K) NonClass: 102233K(103168K)->102233K(103168K) Class: 15508K(16128K)->15508K(16128K)
[2023-11-15T23:55:38.401+0000][7][gc          ] GC(565) Pause Young (Concurrent Start) (G1 Evacuation Pause) 416M->160M(512M) 5.645ms
[2023-11-15T23:55:38.401+0000][7][gc,cpu      ] GC(565) User=0.02s Sys=0.00s Real=0.00s
[2023-11-15T23:55:38.401+0000][7][safepoint   ] Safepoint "G1CollectForAllocation", Time since last: 2334553178 ns, Reaching safepoint: 96435 ns, At safepoint: 5841039 ns, Total: 5937474 ns
[2023-11-15T23:55:38.401+0000][7][gc          ] GC(566) Concurrent Mark Cycle
[2023-11-15T23:55:38.401+0000][7][gc,marking  ] GC(566) Concurrent Clear Claimed Marks
[2023-11-15T23:55:38.401+0000][7][gc,marking  ] GC(566) Concurrent Clear Claimed Marks 0.158ms
[2023-11-15T23:55:38.401+0000][7][gc,marking  ] GC(566) Concurrent Scan Root Regions
[2023-11-15T23:55:38.407+0000][7][gc,marking  ] GC(566) Concurrent Scan Root Regions 5.729ms
[2023-11-15T23:55:38.407+0000][7][gc,marking  ] GC(566) Concurrent Mark
[2023-11-15T23:55:38.407+0000][7][gc,marking  ] GC(566) Concurrent Mark From Roots
[2023-11-15T23:55:38.407+0000][7][gc,task     ] GC(566) Using 2 workers of 2 for marking
[2023-11-15T23:55:38.478+0000][7][gc,marking  ] GC(566) Concurrent Mark From Roots 70.772ms
[2023-11-15T23:55:38.478+0000][7][gc,marking  ] GC(566) Concurrent Preclean
[2023-11-15T23:55:38.478+0000][7][gc,marking  ] GC(566) Concurrent Preclean 0.185ms
[2023-11-15T23:55:38.478+0000][7][gc,start    ] GC(566) Pause Remark
[2023-11-15T23:55:38.484+0000][7][gc          ] GC(566) Pause Remark 164M->164M(512M) 5.716ms
[2023-11-15T23:55:38.484+0000][7][gc,cpu      ] GC(566) User=0.04s Sys=0.00s Real=0.00s
[2023-11-15T23:55:38.484+0000][7][safepoint   ] Safepoint "G1Concurrent", Time since last: 77077871 ns, Reaching safepoint: 33815 ns, At safepoint: 5855722 ns, Total: 5889537 ns
[2023-11-15T23:55:38.484+0000][7][gc,marking  ] GC(566) Concurrent Mark 76.923ms
[2023-11-15T23:55:38.484+0000][7][gc,marking  ] GC(566) Concurrent Rebuild Remembered Sets
[2023-11-15T23:55:38.516+0000][7][gc,marking  ] GC(566) Concurrent Rebuild Remembered Sets 32.240ms
[2023-11-15T23:55:38.516+0000][7][gc,start    ] GC(566) Pause Cleanup
[2023-11-15T23:55:38.516+0000][7][gc          ] GC(566) Pause Cleanup 164M->164M(512M) 0.101ms
[2023-11-15T23:55:38.516+0000][7][gc,cpu      ] GC(566) User=0.00s Sys=0.00s Real=0.00s
[2023-11-15T23:55:38.517+0000][7][safepoint   ] Safepoint "G1Concurrent", Time since last: 32302618 ns, Reaching safepoint: 17128 ns, At safepoint: 140041 ns, Total: 157169 ns
[2023-11-15T23:55:38.517+0000][7][gc,marking  ] GC(566) Concurrent Cleanup for Next Mark
[2023-11-15T23:55:38.517+0000][7][gc,marking  ] GC(566) Concurrent Cleanup for Next Mark 0.365ms
[2023-11-15T23:55:38.517+0000][7][gc          ] GC(566) Concurrent Mark Cycle 115.851ms
[2023-11-15T23:55:50.518+0000][7][safepoint   ] Safepoint "Cleanup", Time since last: 12001182716 ns, Reaching safepoint: 58944 ns, At safepoint: 2622 ns, Total: 61566 ns
[2023-11-15T23:55:54.304+0000][7][gc,start    ] GC(567) Pause Young (Prepare Mixed) (G1 Evacuation Pause)
[2023-11-15T23:55:54.304+0000][7][gc,task     ] GC(567) Using 8 workers of 8 for evacuation
[2023-11-15T23:55:54.304+0000][7][gc,age      ] GC(567) Desired survivor size 18874368 bytes, new threshold 15 (max threshold 15)
[2023-11-15T23:55:54.309+0000][7][gc,age      ] GC(567) Age table with threshold 15 (max threshold 15)
[2023-11-15T23:55:54.309+0000][7][gc,age      ] GC(567) - age   1:    1137096 bytes,    1137096 total
[2023-11-15T23:55:54.309+0000][7][gc,age      ] GC(567) - age   2:     390656 bytes,    1527752 total
[2023-11-15T23:55:54.309+0000][7][gc,age      ] GC(567) - age   3:    1987224 bytes,    3514976 total
[2023-11-15T23:55:54.309+0000][7][gc,age      ] GC(567) - age   4:     225568 bytes,    3740544 total
[2023-11-15T23:55:54.309+0000][7][gc,age      ] GC(567) - age   5:        448 bytes,    3740992 total
[2023-11-15T23:55:54.309+0000][7][gc,phases   ] GC(567)   Pre Evacuate Collection Set: 0.2ms
[2023-11-15T23:55:54.309+0000][7][gc,phases   ] GC(567)   Merge Heap Roots: 0.2ms
[2023-11-15T23:55:54.309+0000][7][gc,phases   ] GC(567)   Evacuate Collection Set: 3.4ms
[2023-11-15T23:55:54.309+0000][7][gc,phases   ] GC(567)   Post Evacuate Collection Set: 1.5ms
[2023-11-15T23:55:54.309+0000][7][gc,phases   ] GC(567)   Other: 0.5ms
[2023-11-15T23:55:54.309+0000][7][gc,heap     ] GC(567) Eden regions: 64->0(5)
[2023-11-15T23:55:54.309+0000][7][gc,heap     ] GC(567) Survivor regions: 1->1(9)
[2023-11-15T23:55:54.309+0000][7][gc,heap     ] GC(567) Old regions: 34->34
[2023-11-15T23:55:54.309+0000][7][gc,heap     ] GC(567) Archive regions: 2->2
[2023-11-15T23:55:54.309+0000][7][gc,heap     ] GC(567) Humongous regions: 5->5
[2023-11-15T23:55:54.309+0000][7][gc,metaspace] GC(567) Metaspace: 117748K(119296K)->117748K(119296K) NonClass: 102239K(103168K)->102239K(103168K) Class: 15508K(16128K)->15508K(16128K)
[2023-11-15T23:55:54.310+0000][7][gc          ] GC(567) Pause Young (Prepare Mixed) (G1 Evacuation Pause) 416M->160M(512M) 5.869ms
[2023-11-15T23:55:54.310+0000][7][gc,cpu      ] GC(567) User=0.03s Sys=0.00s Real=0.01s
[2023-11-15T23:55:54.310+0000][7][safepoint   ] Safepoint "G1CollectForAllocation", Time since last: 3785725831 ns, Reaching safepoint: 64409 ns, At safepoint: 6073508 ns, Total: 6137917 ns
[2023-11-15T23:55:55.956+0000][7][gc,start    ] GC(568) Pause Young (Mixed) (G1 Evacuation Pause)
[2023-11-15T23:55:55.956+0000][7][gc,task     ] GC(568) Using 8 workers of 8 for evacuation
[2023-11-15T23:55:55.957+0000][7][gc,age      ] GC(568) Desired survivor size 2097152 bytes, new threshold 3 (max threshold 15)
[2023-11-15T23:55:55.972+0000][7][gc,age      ] GC(568) Age table with threshold 3 (max threshold 15)
[2023-11-15T23:55:55.972+0000][7][gc,age      ] GC(568) - age   1:      62352 bytes,      62352 total
[2023-11-15T23:55:55.972+0000][7][gc,age      ] GC(568) - age   2:    1107424 bytes,    1169776 total
[2023-11-15T23:55:55.972+0000][7][gc,age      ] GC(568) - age   3:     390656 bytes,    1560432 total
[2023-11-15T23:55:55.972+0000][7][gc,phases   ] GC(568)   Pre Evacuate Collection Set: 0.2ms
[2023-11-15T23:55:55.972+0000][7][gc,phases   ] GC(568)   Merge Heap Roots: 0.2ms
[2023-11-15T23:55:55.972+0000][7][gc,phases   ] GC(568)   Evacuate Collection Set: 14.2ms
[2023-11-15T23:55:55.972+0000][7][gc,phases   ] GC(568)   Post Evacuate Collection Set: 0.9ms
[2023-11-15T23:55:55.972+0000][7][gc,phases   ] GC(568)   Other: 0.4ms
[2023-11-15T23:55:55.972+0000][7][gc,heap     ] GC(568) Eden regions: 5->0(64)
[2023-11-15T23:55:55.972+0000][7][gc,heap     ] GC(568) Survivor regions: 1->1(1)
[2023-11-15T23:55:55.972+0000][7][gc,heap     ] GC(568) Old regions: 34->34
[2023-11-15T23:55:55.972+0000][7][gc,heap     ] GC(568) Archive regions: 2->2
[2023-11-15T23:55:55.972+0000][7][gc,heap     ] GC(568) Humongous regions: 5->5
[2023-11-15T23:55:55.972+0000][7][gc,metaspace] GC(568) Metaspace: 117748K(119296K)->117748K(119296K) NonClass: 102239K(103168K)->102239K(103168K) Class: 15508K(16128K)->15508K(16128K)
[2023-11-15T23:55:55.972+0000][7][gc          ] GC(568) Pause Young (Mixed) (G1 Evacuation Pause) 180M->159M(512M) 16.032ms
[2023-11-15T23:55:55.972+0000][7][gc,cpu      ] GC(568) User=0.04s Sys=0.02s Real=0.01s
[2023-11-15T23:55:55.973+0000][7][safepoint   ] Safepoint "G1CollectForAllocation", Time since last: 1646548523 ns, Reaching safepoint: 138282 ns, At safepoint: 16207135 ns, Total: 16345417 ns
[2023-11-15T23:56:11.560+0000][7][gc,start    ] GC(569) Pause Young (Normal) (G1 Evacuation Pause)
[2023-11-15T23:56:11.560+0000][7][gc,task     ] GC(569) Using 8 workers of 8 for evacuation
[2023-11-15T23:56:11.560+0000][7][gc,age      ] GC(569) Desired survivor size 18874368 bytes, new threshold 15 (max threshold 15)
[2023-11-15T23:56:11.564+0000][7][gc,age      ] GC(569) Age table with threshold 15 (max threshold 15)
[2023-11-15T23:56:11.564+0000][7][gc,age      ] GC(569) - age   1:    1324304 bytes,    1324304 total
[2023-11-15T23:56:11.564+0000][7][gc,age      ] GC(569) - age   2:      35696 bytes,    1360000 total
[2023-11-15T23:56:11.564+0000][7][gc,age      ] GC(569) - age   3:     986000 bytes,    2346000 total
[2023-11-15T23:56:11.564+0000][7][gc,age      ] GC(569) - age   4:     359784 bytes,    2705784 total
[2023-11-15T23:56:11.565+0000][7][gc,phases   ] GC(569)   Pre Evacuate Collection Set: 0.2ms
[2023-11-15T23:56:11.565+0000][7][gc,phases   ] GC(569)   Merge Heap Roots: 0.1ms
[2023-11-15T23:56:11.565+0000][7][gc,phases   ] GC(569)   Evacuate Collection Set: 3.0ms
[2023-11-15T23:56:11.565+0000][7][gc,phases   ] GC(569)   Post Evacuate Collection Set: 1.2ms
[2023-11-15T23:56:11.565+0000][7][gc,phases   ] GC(569)   Other: 0.4ms
[2023-11-15T23:56:11.565+0000][7][gc,heap     ] GC(569) Eden regions: 64->0(63)
[2023-11-15T23:56:11.565+0000][7][gc,heap     ] GC(569) Survivor regions: 1->1(9)
[2023-11-15T23:56:11.565+0000][7][gc,heap     ] GC(569) Old regions: 34->34
[2023-11-15T23:56:11.565+0000][7][gc,heap     ] GC(569) Archive regions: 2->2
[2023-11-15T23:56:11.565+0000][7][gc,heap     ] GC(569) Humongous regions: 6->6
[2023-11-15T23:56:11.565+0000][7][gc,metaspace] GC(569) Metaspace: 117748K(119296K)->117748K(119296K) NonClass: 102239K(103168K)->102239K(103168K) Class: 15508K(16128K)->15508K(16128K)
[2023-11-15T23:56:11.565+0000][7][gc          ] GC(569) Pause Young (Normal) (G1 Evacuation Pause) 419M->164M(512M) 4.989ms
[2023-11-15T23:56:11.565+0000][7][gc,cpu      ] GC(569) User=0.03s Sys=0.00s Real=0.01s
[2023-11-15T23:56:11.565+0000][7][safepoint   ] Safepoint "G1CollectForAllocation", Time since last: 15586972225 ns, Reaching safepoint: 131904 ns, At safepoint: 5199958 ns, Total: 5331862 ns
[2023-11-15T23:56:25.567+0000][7][safepoint   ] Safepoint "Cleanup", Time since last: 14001699722 ns, Reaching safepoint: 73273 ns, At safepoint: 6374 ns, Total: 79647 ns
[2023-11-15T23:56:27.413+0000][7][gc,start    ] GC(570) Pause Young (Normal) (G1 Evacuation Pause)
[2023-11-15T23:56:27.413+0000][7][gc,task     ] GC(570) Using 8 workers of 8 for evacuation
[2023-11-15T23:56:27.413+0000][7][gc,age      ] GC(570) Desired survivor size 16777216 bytes, new threshold 15 (max threshold 15)
[2023-11-15T23:56:27.417+0000][7][gc,age      ] GC(570) Age table with threshold 15 (max threshold 15)
[2023-11-15T23:56:27.418+0000][7][gc,age      ] GC(570) - age   1:    1738744 bytes,    1738744 total
[2023-11-15T23:56:27.418+0000][7][gc,age      ] GC(570) - age   2:     302088 bytes,    2040832 total
[2023-11-15T23:56:27.418+0000][7][gc,age      ] GC(570) - age   3:      35696 bytes,    2076528 total
[2023-11-15T23:56:27.418+0000][7][gc,age      ] GC(570) - age   4:     797688 bytes,    2874216 total
[2023-11-15T23:56:27.418+0000][7][gc,age      ] GC(570) - age   5:     234432 bytes,    3108648 total
[2023-11-15T23:56:27.418+0000][7][gc,phases   ] GC(570)   Pre Evacuate Collection Set: 0.1ms
[2023-11-15T23:56:27.418+0000][7][gc,phases   ] GC(570)   Merge Heap Roots: 0.1ms
[2023-11-15T23:56:27.418+0000][7][gc,phases   ] GC(570)   Evacuate Collection Set: 3.1ms
[2023-11-15T23:56:27.418+0000][7][gc,phases   ] GC(570)   Post Evacuate Collection Set: 1.1ms
[2023-11-15T23:56:27.418+0000][7][gc,phases   ] GC(570)   Other: 0.4ms
[2023-11-15T23:56:27.418+0000][7][gc,heap     ] GC(570) Eden regions: 63->0(63)
[2023-11-15T23:56:27.418+0000][7][gc,heap     ] GC(570) Survivor regions: 1->1(8)
[2023-11-15T23:56:27.418+0000][7][gc,heap     ] GC(570) Old regions: 34->34
[2023-11-15T23:56:27.418+0000][7][gc,heap     ] GC(570) Archive regions: 2->2
[2023-11-15T23:56:27.418+0000][7][gc,heap     ] GC(570) Humongous regions: 6->6
[2023-11-15T23:56:27.418+0000][7][gc,metaspace] GC(570) Metaspace: 117748K(119296K)->117748K(119296K) NonClass: 102239K(103168K)->102239K(103168K) Class: 15508K(16128K)->15508K(16128K)
[2023-11-15T23:56:27.418+0000][7][gc          ] GC(570) Pause Young (Normal) (G1 Evacuation Pause) 416M->165M(512M) 5.050ms
[2023-11-15T23:56:27.418+0000][7][gc,cpu      ] GC(570) User=0.03s Sys=0.00s Real=0.01s
[2023-11-15T23:56:27.418+0000][7][safepoint   ] Safepoint "G1CollectForAllocation", Time since last: 1846065735 ns, Reaching safepoint: 88339 ns, At safepoint: 5226053 ns, Total: 5314392 ns
[2023-11-15T23:56:45.648+0000][7][gc,start    ] GC(571) Pause Young (Concurrent Start) (G1 Evacuation Pause)
[2023-11-15T23:56:45.648+0000][7][gc,task     ] GC(571) Using 8 workers of 8 for evacuation
[2023-11-15T23:56:45.648+0000][7][gc,age      ] GC(571) Desired survivor size 16777216 bytes, new threshold 15 (max threshold 15)
[2023-11-15T23:56:45.653+0000][7][gc,age      ] GC(571) Age table with threshold 15 (max threshold 15)
[2023-11-15T23:56:45.653+0000][7][gc,age      ] GC(571) - age   1:    1511648 bytes,    1511648 total
[2023-11-15T23:56:45.653+0000][7][gc,age      ] GC(571) - age   2:     666360 bytes,    2178008 total
[2023-11-15T23:56:45.653+0000][7][gc,age      ] GC(571) - age   3:     281832 bytes,    2459840 total
[2023-11-15T23:56:45.653+0000][7][gc,age      ] GC(571) - age   4:      35696 bytes,    2495536 total
[2023-11-15T23:56:45.653+0000][7][gc,age      ] GC(571) - age   5:     669608 bytes,    3165144 total
[2023-11-15T23:56:45.653+0000][7][gc,age      ] GC(571) - age   6:     233848 bytes,    3398992 total
[2023-11-15T23:56:45.653+0000][7][gc,phases   ] GC(571)   Pre Evacuate Collection Set: 0.3ms
[2023-11-15T23:56:45.653+0000][7][gc,phases   ] GC(571)   Merge Heap Roots: 0.2ms
[2023-11-15T23:56:45.653+0000][7][gc,phases   ] GC(571)   Evacuate Collection Set: 3.4ms
[2023-11-15T23:56:45.653+0000][7][gc,phases   ] GC(571)   Post Evacuate Collection Set: 1.2ms
[2023-11-15T23:56:45.653+0000][7][gc,phases   ] GC(571)   Other: 0.5ms
[2023-11-15T23:56:45.653+0000][7][gc,heap     ] GC(571) Eden regions: 63->0(63)
[2023-11-15T23:56:45.653+0000][7][gc,heap     ] GC(571) Survivor regions: 1->1(8)
[2023-11-15T23:56:45.653+0000][7][gc,heap     ] GC(571) Old regions: 34->34
[2023-11-15T23:56:45.653+0000][7][gc,heap     ] GC(571) Archive regions: 2->2
[2023-11-15T23:56:45.653+0000][7][gc,heap     ] GC(571) Humongous regions: 6->6
[2023-11-15T23:56:45.653+0000][7][gc,metaspace] GC(571) Metaspace: 117752K(119296K)->117752K(119296K) NonClass: 102243K(103168K)->102243K(103168K) Class: 15508K(16128K)->15508K(16128K)
[2023-11-15T23:56:45.653+0000][7][gc          ] GC(571) Pause Young (Concurrent Start) (G1 Evacuation Pause) 417M->165M(512M) 5.802ms
[2023-11-15T23:56:45.653+0000][7][gc,cpu      ] GC(571) User=0.03s Sys=0.00s Real=0.00s
[2023-11-15T23:56:45.653+0000][7][safepoint   ] Safepoint "G1CollectForAllocation", Time since last: 18229350117 ns, Reaching safepoint: 93889 ns, At safepoint: 5987478 ns, Total: 6081367 ns
[2023-11-15T23:56:45.653+0000][7][gc          ] GC(572) Concurrent Mark Cycle
[2023-11-15T23:56:45.653+0000][7][gc,marking  ] GC(572) Concurrent Clear Claimed Marks
[2023-11-15T23:56:45.654+0000][7][gc,marking  ] GC(572) Concurrent Clear Claimed Marks 0.138ms
[2023-11-15T23:56:45.654+0000][7][gc,marking  ] GC(572) Concurrent Scan Root Regions
[2023-11-15T23:56:45.661+0000][7][gc,marking  ] GC(572) Concurrent Scan Root Regions 7.082ms
[2023-11-15T23:56:45.661+0000][7][gc,marking  ] GC(572) Concurrent Mark
[2023-11-15T23:56:45.661+0000][7][gc,marking  ] GC(572) Concurrent Mark From Roots
[2023-11-15T23:56:45.661+0000][7][gc,task     ] GC(572) Using 2 workers of 2 for marking
[2023-11-15T23:56:45.738+0000][7][gc,marking  ] GC(572) Concurrent Mark From Roots 76.717ms
[2023-11-15T23:56:45.738+0000][7][gc,marking  ] GC(572) Concurrent Preclean
[2023-11-15T23:56:45.738+0000][7][gc,marking  ] GC(572) Concurrent Preclean 0.204ms
[2023-11-15T23:56:45.738+0000][7][gc,start    ] GC(572) Pause Remark
[2023-11-15T23:56:45.743+0000][7][gc          ] GC(572) Pause Remark 168M->168M(512M) 5.452ms
[2023-11-15T23:56:45.743+0000][7][gc,cpu      ] GC(572) User=0.03s Sys=0.00s Real=0.00s
[2023-11-15T23:56:45.743+0000][7][safepoint   ] Safepoint "G1Concurrent", Time since last: 84352462 ns, Reaching safepoint: 18965 ns, At safepoint: 5534774 ns, Total: 5553739 ns
[2023-11-15T23:56:45.743+0000][7][gc,marking  ] GC(572) Concurrent Mark 82.549ms
[2023-11-15T23:56:45.743+0000][7][gc,marking  ] GC(572) Concurrent Rebuild Remembered Sets
[2023-11-15T23:56:45.775+0000][7][gc,marking  ] GC(572) Concurrent Rebuild Remembered Sets 31.794ms
[2023-11-15T23:56:45.775+0000][7][gc,start    ] GC(572) Pause Cleanup
[2023-11-15T23:56:45.775+0000][7][gc          ] GC(572) Pause Cleanup 170M->170M(512M) 0.087ms
[2023-11-15T23:56:45.775+0000][7][gc,cpu      ] GC(572) User=0.00s Sys=0.00s Real=0.00s
[2023-11-15T23:56:45.775+0000][7][safepoint   ] Safepoint "G1Concurrent", Time since last: 31859165 ns, Reaching safepoint: 22437 ns, At safepoint: 147325 ns, Total: 169762 ns
[2023-11-15T23:56:45.775+0000][7][gc,marking  ] GC(572) Concurrent Cleanup for Next Mark
[2023-11-15T23:56:45.776+0000][7][gc,marking  ] GC(572) Concurrent Cleanup for Next Mark 0.340ms
[2023-11-15T23:56:45.776+0000][7][gc          ] GC(572) Concurrent Mark Cycle 122.312ms
[2023-11-15T23:57:02.032+0000][7][gc,start    ] GC(573) Pause Young (Prepare Mixed) (G1 Evacuation Pause)
[2023-11-15T23:57:02.032+0000][7][gc,task     ] GC(573) Using 8 workers of 8 for evacuation
[2023-11-15T23:57:02.032+0000][7][gc,age      ] GC(573) Desired survivor size 16777216 bytes, new threshold 15 (max threshold 15)
[2023-11-15T23:57:02.039+0000][7][gc,age      ] GC(573) Age table with threshold 15 (max threshold 15)
[2023-11-15T23:57:02.039+0000][7][gc,age      ] GC(573) - age   1:    4847304 bytes,    4847304 total
[2023-11-15T23:57:02.039+0000][7][gc,age      ] GC(573) - age   2:     312528 bytes,    5159832 total
[2023-11-15T23:57:02.039+0000][7][gc,age      ] GC(573) - age   3:     617840 bytes,    5777672 total
[2023-11-15T23:57:02.040+0000][7][gc,age      ] GC(573) - age   4:     281216 bytes,    6058888 total
[2023-11-15T23:57:02.040+0000][7][gc,age      ] GC(573) - age   5:      35696 bytes,    6094584 total
[2023-11-15T23:57:02.040+0000][7][gc,age      ] GC(573) - age   6:     669128 bytes,    6763712 total
[2023-11-15T23:57:02.040+0000][7][gc,age      ] GC(573) - age   7:     233784 bytes,    6997496 total
[2023-11-15T23:57:02.040+0000][7][gc,phases   ] GC(573)   Pre Evacuate Collection Set: 0.2ms
[2023-11-15T23:57:02.040+0000][7][gc,phases   ] GC(573)   Merge Heap Roots: 0.2ms
[2023-11-15T23:57:02.040+0000][7][gc,phases   ] GC(573)   Evacuate Collection Set: 5.2ms
[2023-11-15T23:57:02.040+0000][7][gc,phases   ] GC(573)   Post Evacuate Collection Set: 1.5ms
[2023-11-15T23:57:02.040+0000][7][gc,phases   ] GC(573)   Other: 0.6ms
[2023-11-15T23:57:02.040+0000][7][gc,heap     ] GC(573) Eden regions: 63->0(4)
[2023-11-15T23:57:02.040+0000][7][gc,heap     ] GC(573) Survivor regions: 1->2(8)
[2023-11-15T23:57:02.040+0000][7][gc,heap     ] GC(573) Old regions: 34->34
[2023-11-15T23:57:02.040+0000][7][gc,heap     ] GC(573) Archive regions: 2->2
[2023-11-15T23:57:02.040+0000][7][gc,heap     ] GC(573) Humongous regions: 6->6
[2023-11-15T23:57:02.040+0000][7][gc,metaspace] GC(573) Metaspace: 117752K(119296K)->117752K(119296K) NonClass: 102243K(103168K)->102243K(103168K) Class: 15508K(16128K)->15508K(16128K)
[2023-11-15T23:57:02.040+0000][7][gc          ] GC(573) Pause Young (Prepare Mixed) (G1 Evacuation Pause) 417M->169M(512M) 7.857ms
[2023-11-15T23:57:02.040+0000][7][gc,cpu      ] GC(573) User=0.03s Sys=0.02s Real=0.01s
[2023-11-15T23:57:02.040+0000][7][safepoint   ] Safepoint "G1CollectForAllocation", Time since last: 16256435525 ns, Reaching safepoint: 173335 ns, At safepoint: 8070811 ns, Total: 8244146 ns
[2023-11-15T23:57:02.863+0000][7][gc,start    ] GC(574) Pause Young (Mixed) (G1 Evacuation Pause)
[2023-11-15T23:57:02.863+0000][7][gc,task     ] GC(574) Using 8 workers of 8 for evacuation
[2023-11-15T23:57:02.863+0000][7][gc,age      ] GC(574) Desired survivor size 2097152 bytes, new threshold 1 (max threshold 15)
[2023-11-15T23:57:02.904+0000][7][gc,age      ] GC(574) Age table with threshold 1 (max threshold 15)
[2023-11-15T23:57:02.904+0000][7][gc,age      ] GC(574) - age   1:     614448 bytes,     614448 total
[2023-11-15T23:57:02.904+0000][7][gc,phases   ] GC(574)   Pre Evacuate Collection Set: 0.2ms
[2023-11-15T23:57:02.904+0000][7][gc,phases   ] GC(574)   Merge Heap Roots: 0.1ms
[2023-11-15T23:57:02.904+0000][7][gc,phases   ] GC(574)   Evacuate Collection Set: 40.0ms
[2023-11-15T23:57:02.904+0000][7][gc,phases   ] GC(574)   Post Evacuate Collection Set: 0.8ms
[2023-11-15T23:57:02.904+0000][7][gc,phases   ] GC(574)   Other: 0.4ms
[2023-11-15T23:57:02.904+0000][7][gc,heap     ] GC(574) Eden regions: 4->0(61)
[2023-11-15T23:57:02.904+0000][7][gc,heap     ] GC(574) Survivor regions: 2->1(1)
[2023-11-15T23:57:02.904+0000][7][gc,heap     ] GC(574) Old regions: 34->35
[2023-11-15T23:57:02.904+0000][7][gc,heap     ] GC(574) Archive regions: 2->2
[2023-11-15T23:57:02.904+0000][7][gc,heap     ] GC(574) Humongous regions: 6->6
[2023-11-15T23:57:02.904+0000][7][gc,metaspace] GC(574) Metaspace: 117752K(119296K)->117752K(119296K) NonClass: 102243K(103168K)->102243K(103168K) Class: 15508K(16128K)->15508K(16128K)
[2023-11-15T23:57:02.904+0000][7][gc          ] GC(574) Pause Young (Mixed) (G1 Evacuation Pause) 185M->167M(512M) 41.542ms
[2023-11-15T23:57:02.904+0000][7][gc,cpu      ] GC(574) User=0.06s Sys=0.03s Real=0.05s
[2023-11-15T23:57:02.904+0000][7][safepoint   ] Safepoint "G1CollectForAllocation", Time since last: 822664881 ns, Reaching safepoint: 70959 ns, At safepoint: 41712503 ns, Total: 41783462 ns
[2023-11-15T23:57:06.905+0000][7][safepoint   ] Safepoint "Cleanup", Time since last: 4000394337 ns, Reaching safepoint: 69688 ns, At safepoint: 8536 ns, Total: 78224 ns
[2023-11-15T23:57:19.016+0000][7][gc,start    ] GC(575) Pause Young (Normal) (G1 Evacuation Pause)
[2023-11-15T23:57:19.016+0000][7][gc,task     ] GC(575) Using 8 workers of 8 for evacuation
[2023-11-15T23:57:19.016+0000][7][gc,age      ] GC(575) Desired survivor size 16777216 bytes, new threshold 15 (max threshold 15)
[2023-11-15T23:57:19.021+0000][7][gc,age      ] GC(575) Age table with threshold 15 (max threshold 15)
[2023-11-15T23:57:19.021+0000][7][gc,age      ] GC(575) - age   1:    1448760 bytes,    1448760 total
[2023-11-15T23:57:19.021+0000][7][gc,age      ] GC(575) - age   2:       4264 bytes,    1453024 total
[2023-11-15T23:57:19.021+0000][7][gc,phases   ] GC(575)   Pre Evacuate Collection Set: 0.2ms
[2023-11-15T23:57:19.021+0000][7][gc,phases   ] GC(575)   Merge Heap Roots: 0.2ms
[2023-11-15T23:57:19.021+0000][7][gc,phases   ] GC(575)   Evacuate Collection Set: 3.1ms
[2023-11-15T23:57:19.021+0000][7][gc,phases   ] GC(575)   Post Evacuate Collection Set: 1.3ms
[2023-11-15T23:57:19.021+0000][7][gc,phases   ] GC(575)   Other: 0.9ms
[2023-11-15T23:57:19.021+0000][7][gc,heap     ] GC(575) Eden regions: 61->0(61)
[2023-11-15T23:57:19.021+0000][7][gc,heap     ] GC(575) Survivor regions: 1->1(8)
[2023-11-15T23:57:19.021+0000][7][gc,heap     ] GC(575) Old regions: 35->35
[2023-11-15T23:57:19.021+0000][7][gc,heap     ] GC(575) Archive regions: 2->2
[2023-11-15T23:57:19.021+0000][7][gc,heap     ] GC(575) Humongous regions: 6->6
[2023-11-15T23:57:19.021+0000][7][gc,metaspace] GC(575) Metaspace: 117752K(119296K)->117752K(119296K) NonClass: 102243K(103168K)->102243K(103168K) Class: 15508K(16128K)->15508K(16128K)
[2023-11-15T23:57:19.021+0000][7][gc          ] GC(575) Pause Young (Normal) (G1 Evacuation Pause) 411M->168M(512M) 5.811ms
[2023-11-15T23:57:19.021+0000][7][gc,cpu      ] GC(575) User=0.03s Sys=0.00s Real=0.00s
[2023-11-15T23:57:19.021+0000][7][safepoint   ] Safepoint "G1CollectForAllocation", Time since last: 12110341743 ns, Reaching safepoint: 124356 ns, At safepoint: 6000971 ns, Total: 6125327 ns
[2023-11-15T23:57:35.092+0000][7][gc,start    ] GC(576) Pause Young (Normal) (G1 Evacuation Pause)
[2023-11-15T23:57:35.092+0000][7][gc,task     ] GC(576) Using 8 workers of 8 for evacuation
[2023-11-15T23:57:35.092+0000][7][gc,age      ] GC(576) Desired survivor size 16777216 bytes, new threshold 15 (max threshold 15)
[2023-11-15T23:57:35.096+0000][7][gc,age      ] GC(576) Age table with threshold 15 (max threshold 15)
[2023-11-15T23:57:35.096+0000][7][gc,age      ] GC(576) - age   1:    1410296 bytes,    1410296 total
[2023-11-15T23:57:35.096+0000][7][gc,age      ] GC(576) - age   2:     382328 bytes,    1792624 total
[2023-11-15T23:57:35.096+0000][7][gc,age      ] GC(576) - age   3:       4112 bytes,    1796736 total
[2023-11-15T23:57:35.096+0000][7][gc,phases   ] GC(576)   Pre Evacuate Collection Set: 0.2ms
[2023-11-15T23:57:35.096+0000][7][gc,phases   ] GC(576)   Merge Heap Roots: 0.1ms
[2023-11-15T23:57:35.096+0000][7][gc,phases   ] GC(576)   Evacuate Collection Set: 2.2ms
[2023-11-15T23:57:35.096+0000][7][gc,phases   ] GC(576)   Post Evacuate Collection Set: 1.0ms
[2023-11-15T23:57:35.096+0000][7][gc,phases   ] GC(576)   Other: 0.3ms
[2023-11-15T23:57:35.096+0000][7][gc,heap     ] GC(576) Eden regions: 61->0(62)
[2023-11-15T23:57:35.096+0000][7][gc,heap     ] GC(576) Survivor regions: 1->1(8)
[2023-11-15T23:57:35.096+0000][7][gc,heap     ] GC(576) Old regions: 35->35
[2023-11-15T23:57:35.096+0000][7][gc,heap     ] GC(576) Archive regions: 2->2
[2023-11-15T23:57:35.096+0000][7][gc,heap     ] GC(576) Humongous regions: 6->6
[2023-11-15T23:57:35.096+0000][7][gc,metaspace] GC(576) Metaspace: 117752K(119296K)->117752K(119296K) NonClass: 102243K(103168K)->102243K(103168K) Class: 15508K(16128K)->15508K(16128K)
[2023-11-15T23:57:35.096+0000][7][gc          ] GC(576) Pause Young (Normal) (G1 Evacuation Pause) 412M->168M(512M) 3.867ms
[2023-11-15T23:57:35.096+0000][7][gc,cpu      ] GC(576) User=0.02s Sys=0.00s Real=0.01s
[2023-11-15T23:57:35.096+0000][7][safepoint   ] Safepoint "G1CollectForAllocation", Time since last: 16070541594 ns, Reaching safepoint: 94547 ns, At safepoint: 4013425 ns, Total: 4107972 ns
[2023-11-15T23:57:47.097+0000][7][safepoint   ] Safepoint "Cleanup", Time since last: 12001221801 ns, Reaching safepoint: 69007 ns, At safepoint: 8561 ns, Total: 77568 ns
[2023-11-15T23:57:49.657+0000][7][gc,start    ] GC(577) Pause Young (Concurrent Start) (G1 Evacuation Pause)
[2023-11-15T23:57:49.657+0000][7][gc,task     ] GC(577) Using 8 workers of 8 for evacuation
[2023-11-15T23:57:49.657+0000][7][gc,age      ] GC(577) Desired survivor size 16777216 bytes, new threshold 15 (max threshold 15)
[2023-11-15T23:57:49.659+0000][7][gc,age      ] GC(577) Age table with threshold 15 (max threshold 15)
[2023-11-15T23:57:49.659+0000][7][gc,age      ] GC(577) - age   1:    1461328 bytes,    1461328 total
[2023-11-15T23:57:49.659+0000][7][gc,age      ] GC(577) - age   2:     444072 bytes,    1905400 total
[2023-11-15T23:57:49.659+0000][7][gc,age      ] GC(577) - age   3:     218960 bytes,    2124360 total
[2023-11-15T23:57:49.659+0000][7][gc,age      ] GC(577) - age   4:       3984 bytes,    2128344 total
[2023-11-15T23:57:49.659+0000][7][gc,phases   ] GC(577)   Pre Evacuate Collection Set: 0.1ms
[2023-11-15T23:57:49.659+0000][7][gc,phases   ] GC(577)   Merge Heap Roots: 0.1ms
[2023-11-15T23:57:49.659+0000][7][gc,phases   ] GC(577)   Evacuate Collection Set: 1.4ms
[2023-11-15T23:57:49.659+0000][7][gc,phases   ] GC(577)   Post Evacuate Collection Set: 0.5ms
[2023-11-15T23:57:49.659+0000][7][gc,phases   ] GC(577)   Other: 0.2ms
[2023-11-15T23:57:49.659+0000][7][gc,heap     ] GC(577) Eden regions: 62->0(62)
[2023-11-15T23:57:49.659+0000][7][gc,heap     ] GC(577) Survivor regions: 1->1(8)
[2023-11-15T23:57:49.659+0000][7][gc,heap     ] GC(577) Old regions: 35->35
[2023-11-15T23:57:49.659+0000][7][gc,heap     ] GC(577) Archive regions: 2->2
[2023-11-15T23:57:49.659+0000][7][gc,heap     ] GC(577) Humongous regions: 6->6
[2023-11-15T23:57:49.659+0000][7][gc,metaspace] GC(577) Metaspace: 117753K(119296K)->117753K(119296K) NonClass: 102244K(103168K)->102244K(103168K) Class: 15508K(16128K)->15508K(16128K)
[2023-11-15T23:57:49.659+0000][7][gc          ] GC(577) Pause Young (Concurrent Start) (G1 Evacuation Pause) 416M->169M(512M) 2.256ms
[2023-11-15T23:57:49.659+0000][7][gc,cpu      ] GC(577) User=0.01s Sys=0.00s Real=0.00s
[2023-11-15T23:57:49.659+0000][7][gc          ] GC(578) Concurrent Mark Cycle
[2023-11-15T23:57:49.659+0000][7][safepoint   ] Safepoint "G1CollectForAllocation", Time since last: 2559703692 ns, Reaching safepoint: 29785 ns, At safepoint: 2336911 ns, Total: 2366696 ns
[2023-11-15T23:57:49.659+0000][7][gc,marking  ] GC(578) Concurrent Clear Claimed Marks
[2023-11-15T23:57:49.660+0000][7][gc,marking  ] GC(578) Concurrent Clear Claimed Marks 0.086ms
[2023-11-15T23:57:49.660+0000][7][gc,marking  ] GC(578) Concurrent Scan Root Regions
[2023-11-15T23:57:49.663+0000][7][gc,marking  ] GC(578) Concurrent Scan Root Regions 3.132ms
[2023-11-15T23:57:49.663+0000][7][gc,marking  ] GC(578) Concurrent Mark
[2023-11-15T23:57:49.663+0000][7][gc,marking  ] GC(578) Concurrent Mark From Roots
[2023-11-15T23:57:49.663+0000][7][gc,task     ] GC(578) Using 2 workers of 2 for marking
[2023-11-15T23:57:49.733+0000][7][gc,marking  ] GC(578) Concurrent Mark From Roots 70.064ms
[2023-11-15T23:57:49.733+0000][7][gc,marking  ] GC(578) Concurrent Preclean
[2023-11-15T23:57:49.733+0000][7][gc,marking  ] GC(578) Concurrent Preclean 0.182ms
[2023-11-15T23:57:49.733+0000][7][gc,start    ] GC(578) Pause Remark
[2023-11-15T23:57:49.739+0000][7][gc          ] GC(578) Pause Remark 171M->171M(512M) 5.527ms
[2023-11-15T23:57:49.739+0000][7][gc,cpu      ] GC(578) User=0.04s Sys=0.00s Real=0.01s
[2023-11-15T23:57:49.739+0000][7][safepoint   ] Safepoint "G1Concurrent", Time since last: 73577870 ns, Reaching safepoint: 55498 ns, At safepoint: 5615862 ns, Total: 5671360 ns
[2023-11-15T23:57:49.739+0000][7][gc,marking  ] GC(578) Concurrent Mark 75.993ms
[2023-11-15T23:57:49.739+0000][7][gc,marking  ] GC(578) Concurrent Rebuild Remembered Sets
[2023-11-15T23:57:49.772+0000][7][gc,marking  ] GC(578) Concurrent Rebuild Remembered Sets 33.579ms
[2023-11-15T23:57:49.773+0000][7][gc,start    ] GC(578) Pause Cleanup
[2023-11-15T23:57:49.773+0000][7][gc          ] GC(578) Pause Cleanup 172M->172M(512M) 0.080ms
[2023-11-15T23:57:49.773+0000][7][gc,cpu      ] GC(578) User=0.00s Sys=0.00s Real=0.00s
[2023-11-15T23:57:49.773+0000][7][safepoint   ] Safepoint "G1Concurrent", Time since last: 33773400 ns, Reaching safepoint: 48780 ns, At safepoint: 157842 ns, Total: 206622 ns
[2023-11-15T23:57:49.773+0000][7][gc,marking  ] GC(578) Concurrent Cleanup for Next Mark
[2023-11-15T23:57:49.773+0000][7][gc,marking  ] GC(578) Concurrent Cleanup for Next Mark 0.585ms
[2023-11-15T23:57:49.773+0000][7][gc          ] GC(578) Concurrent Mark Cycle 113.962ms
[2023-11-15T23:58:03.700+0000][7][gc,start    ] GC(579) Pause Young (Prepare Mixed) (G1 Evacuation Pause)
[2023-11-15T23:58:03.702+0000][7][gc,task     ] GC(579) Using 8 workers of 8 for evacuation
[2023-11-15T23:58:03.702+0000][7][gc,age      ] GC(579) Desired survivor size 16777216 bytes, new threshold 15 (max threshold 15)
[2023-11-15T23:58:03.706+0000][7][gc,age      ] GC(579) Age table with threshold 15 (max threshold 15)
[2023-11-15T23:58:03.706+0000][7][gc,age      ] GC(579) - age   1:    2252216 bytes,    2252216 total
[2023-11-15T23:58:03.706+0000][7][gc,age      ] GC(579) - age   2:     608456 bytes,    2860672 total
[2023-11-15T23:58:03.706+0000][7][gc,age      ] GC(579) - age   3:     305048 bytes,    3165720 total
[2023-11-15T23:58:03.706+0000][7][gc,age      ] GC(579) - age   4:     203560 bytes,    3369280 total
[2023-11-15T23:58:03.706+0000][7][gc,age      ] GC(579) - age   5:        160 bytes,    3369440 total
[2023-11-15T23:58:03.707+0000][7][gc,phases   ] GC(579)   Pre Evacuate Collection Set: 0.1ms
[2023-11-15T23:58:03.707+0000][7][gc,phases   ] GC(579)   Merge Heap Roots: 0.1ms
[2023-11-15T23:58:03.707+0000][7][gc,phases   ] GC(579)   Evacuate Collection Set: 3.5ms
[2023-11-15T23:58:03.707+0000][7][gc,phases   ] GC(579)   Post Evacuate Collection Set: 0.9ms
[2023-11-15T23:58:03.707+0000][7][gc,phases   ] GC(579)   Other: 1.5ms
[2023-11-15T23:58:03.707+0000][7][gc,heap     ] GC(579) Eden regions: 62->0(5)
[2023-11-15T23:58:03.707+0000][7][gc,heap     ] GC(579) Survivor regions: 1->1(8)
[2023-11-15T23:58:03.707+0000][7][gc,heap     ] GC(579) Old regions: 35->35
[2023-11-15T23:58:03.707+0000][7][gc,heap     ] GC(579) Archive regions: 2->2
[2023-11-15T23:58:03.707+0000][7][gc,heap     ] GC(579) Humongous regions: 6->6
[2023-11-15T23:58:03.707+0000][7][gc,metaspace] GC(579) Metaspace: 117753K(119296K)->117753K(119296K) NonClass: 102244K(103168K)->102244K(103168K) Class: 15508K(16128K)->15508K(16128K)
[2023-11-15T23:58:03.707+0000][7][gc          ] GC(579) Pause Young (Prepare Mixed) (G1 Evacuation Pause) 417M->170M(512M) 6.188ms
[2023-11-15T23:58:03.707+0000][7][gc,cpu      ] GC(579) User=0.03s Sys=0.00s Real=0.01s
[2023-11-15T23:58:03.707+0000][7][safepoint   ] Safepoint "G1CollectForAllocation", Time since last: 13927696384 ns, Reaching safepoint: 62057 ns, At safepoint: 6329443 ns, Total: 6391500 ns
[2023-11-15T23:58:05.060+0000][7][gc,start    ] GC(580) Pause Young (Mixed) (G1 Evacuation Pause)
[2023-11-15T23:58:05.060+0000][7][gc,task     ] GC(580) Using 8 workers of 8 for evacuation
[2023-11-15T23:58:05.060+0000][7][gc,age      ] GC(580) Desired survivor size 2097152 bytes, new threshold 1 (max threshold 15)
[2023-11-15T23:58:05.072+0000][7][gc,age      ] GC(580) Age table with threshold 1 (max threshold 15)
[2023-11-15T23:58:05.072+0000][7][gc,age      ] GC(580) - age   1:     535448 bytes,     535448 total
[2023-11-15T23:58:05.072+0000][7][gc,phases   ] GC(580)   Pre Evacuate Collection Set: 0.1ms
[2023-11-15T23:58:05.072+0000][7][gc,phases   ] GC(580)   Merge Heap Roots: 0.0ms
[2023-11-15T23:58:05.072+0000][7][gc,phases   ] GC(580)   Evacuate Collection Set: 11.0ms
[2023-11-15T23:58:05.072+0000][7][gc,phases   ] GC(580)   Post Evacuate Collection Set: 0.4ms
[2023-11-15T23:58:05.072+0000][7][gc,phases   ] GC(580)   Other: 0.1ms
[2023-11-15T23:58:05.072+0000][7][gc,heap     ] GC(580) Eden regions: 5->0(62)
[2023-11-15T23:58:05.072+0000][7][gc,heap     ] GC(580) Survivor regions: 1->1(1)
[2023-11-15T23:58:05.072+0000][7][gc,heap     ] GC(580) Old regions: 35->35
[2023-11-15T23:58:05.072+0000][7][gc,heap     ] GC(580) Archive regions: 2->2
[2023-11-15T23:58:05.072+0000][7][gc,heap     ] GC(580) Humongous regions: 6->6
[2023-11-15T23:58:05.072+0000][7][gc,metaspace] GC(580) Metaspace: 117753K(119296K)->117753K(119296K) NonClass: 102244K(103168K)->102244K(103168K) Class: 15508K(16128K)->15508K(16128K)
[2023-11-15T23:58:05.072+0000][7][gc          ] GC(580) Pause Young (Mixed) (G1 Evacuation Pause) 190M->168M(512M) 11.718ms
[2023-11-15T23:58:05.072+0000][7][gc,cpu      ] GC(580) User=0.02s Sys=0.00s Real=0.01s
[2023-11-15T23:58:05.072+0000][7][safepoint   ] Safepoint "G1CollectForAllocation", Time since last: 1353418803 ns, Reaching safepoint: 25133 ns, At safepoint: 11782266 ns, Total: 11807399 ns
[2023-11-15T23:58:06.072+0000][7][safepoint   ] Safepoint "Cleanup", Time since last: 1000151091 ns, Reaching safepoint: 72350 ns, At safepoint: 13070 ns, Total: 85420 ns
[2023-11-15T23:58:07.073+0000][7][safepoint   ] Safepoint "Cleanup", Time since last: 1000234458 ns, Reaching safepoint: 76218 ns, At safepoint: 10362 ns, Total: 86580 ns
[2023-11-15T23:58:17.878+0000][7][gc,start    ] GC(581) Pause Young (Normal) (G1 Evacuation Pause)
[2023-11-15T23:58:17.878+0000][7][gc,task     ] GC(581) Using 8 workers of 8 for evacuation
[2023-11-15T23:58:17.878+0000][7][gc,age      ] GC(581) Desired survivor size 16777216 bytes, new threshold 15 (max threshold 15)
[2023-11-15T23:58:17.880+0000][7][gc,age      ] GC(581) Age table with threshold 15 (max threshold 15)
[2023-11-15T23:58:17.880+0000][7][gc,age      ] GC(581) - age   1:    1579104 bytes,    1579104 total
[2023-11-15T23:58:17.880+0000][7][gc,age      ] GC(581) - age   2:      62712 bytes,    1641816 total
[2023-11-15T23:58:17.880+0000][7][gc,phases   ] GC(581)   Pre Evacuate Collection Set: 0.1ms
[2023-11-15T23:58:17.880+0000][7][gc,phases   ] GC(581)   Merge Heap Roots: 0.1ms
[2023-11-15T23:58:17.880+0000][7][gc,phases   ] GC(581)   Evacuate Collection Set: 1.5ms
[2023-11-15T23:58:17.880+0000][7][gc,phases   ] GC(581)   Post Evacuate Collection Set: 0.6ms
[2023-11-15T23:58:17.880+0000][7][gc,phases   ] GC(581)   Other: 0.2ms
[2023-11-15T23:58:17.880+0000][7][gc,heap     ] GC(581) Eden regions: 62->0(62)
[2023-11-15T23:58:17.880+0000][7][gc,heap     ] GC(581) Survivor regions: 1->1(8)
[2023-11-15T23:58:17.880+0000][7][gc,heap     ] GC(581) Old regions: 35->35
[2023-11-15T23:58:17.880+0000][7][gc,heap     ] GC(581) Archive regions: 2->2
[2023-11-15T23:58:17.880+0000][7][gc,heap     ] GC(581) Humongous regions: 6->6
[2023-11-15T23:58:17.880+0000][7][gc,metaspace] GC(581) Metaspace: 117753K(119296K)->117753K(119296K) NonClass: 102244K(103168K)->102244K(103168K) Class: 15508K(16128K)->15508K(16128K)
[2023-11-15T23:58:17.880+0000][7][gc          ] GC(581) Pause Young (Normal) (G1 Evacuation Pause) 416M->169M(512M) 2.528ms
[2023-11-15T23:58:17.880+0000][7][gc,cpu      ] GC(581) User=0.01s Sys=0.00s Real=0.00s
[2023-11-15T23:58:17.880+0000][7][safepoint   ] Safepoint "G1CollectForAllocation", Time since last: 10804919646 ns, Reaching safepoint: 35577 ns, At safepoint: 2627343 ns, Total: 2662920 ns
[2023-11-15T23:58:35.049+0000][7][gc,start    ] GC(582) Pause Young (Normal) (G1 Evacuation Pause)
[2023-11-15T23:58:35.049+0000][7][gc,task     ] GC(582) Using 8 workers of 8 for evacuation
[2023-11-15T23:58:35.049+0000][7][gc,age      ] GC(582) Desired survivor size 16777216 bytes, new threshold 15 (max threshold 15)
[2023-11-15T23:58:35.050+0000][7][gc,age      ] GC(582) Age table with threshold 15 (max threshold 15)
[2023-11-15T23:58:35.050+0000][7][gc,age      ] GC(582) - age   1:    1730712 bytes,    1730712 total
[2023-11-15T23:58:35.050+0000][7][gc,age      ] GC(582) - age   2:     499808 bytes,    2230520 total
[2023-11-15T23:58:35.050+0000][7][gc,age      ] GC(582) - age   3:      62648 bytes,    2293168 total
[2023-11-15T23:58:35.050+0000][7][gc,phases   ] GC(582)   Pre Evacuate Collection Set: 0.1ms
[2023-11-15T23:58:35.050+0000][7][gc,phases   ] GC(582)   Merge Heap Roots: 0.1ms
[2023-11-15T23:58:35.050+0000][7][gc,phases   ] GC(582)   Evacuate Collection Set: 1.2ms
[2023-11-15T23:58:35.051+0000][7][gc,phases   ] GC(582)   Post Evacuate Collection Set: 0.5ms
[2023-11-15T23:58:35.051+0000][7][gc,phases   ] GC(582)   Other: 0.2ms
[2023-11-15T23:58:35.051+0000][7][gc,heap     ] GC(582) Eden regions: 62->0(62)
[2023-11-15T23:58:35.051+0000][7][gc,heap     ] GC(582) Survivor regions: 1->1(8)
[2023-11-15T23:58:35.051+0000][7][gc,heap     ] GC(582) Old regions: 35->35
[2023-11-15T23:58:35.051+0000][7][gc,heap     ] GC(582) Archive regions: 2->2
[2023-11-15T23:58:35.051+0000][7][gc,heap     ] GC(582) Humongous regions: 6->6
[2023-11-15T23:58:35.051+0000][7][gc,metaspace] GC(582) Metaspace: 117753K(119296K)->117753K(119296K) NonClass: 102244K(103168K)->102244K(103168K) Class: 15508K(16128K)->15508K(16128K)
[2023-11-15T23:58:35.051+0000][7][gc          ] GC(582) Pause Young (Normal) (G1 Evacuation Pause) 417M->169M(512M) 1.957ms
[2023-11-15T23:58:35.051+0000][7][gc,cpu      ] GC(582) User=0.01s Sys=0.00s Real=0.00s
[2023-11-15T23:58:35.051+0000][7][safepoint   ] Safepoint "G1CollectForAllocation", Time since last: 17168358625 ns, Reaching safepoint: 87059 ns, At safepoint: 2015131 ns, Total: 2102190 ns
[2023-11-15T23:58:40.051+0000][7][safepoint   ] Safepoint "Cleanup", Time since last: 5000391407 ns, Reaching safepoint: 68555 ns, At safepoint: 5473 ns, Total: 74028 ns
[2023-11-15T23:58:48.882+0000][7][gc,start    ] GC(583) Pause Young (Concurrent Start) (G1 Evacuation Pause)
[2023-11-15T23:58:48.882+0000][7][gc,task     ] GC(583) Using 8 workers of 8 for evacuation
[2023-11-15T23:58:48.882+0000][7][gc,age      ] GC(583) Desired survivor size 16777216 bytes, new threshold 15 (max threshold 15)
[2023-11-15T23:58:48.885+0000][7][gc,age      ] GC(583) Age table with threshold 15 (max threshold 15)
[2023-11-15T23:58:48.885+0000][7][gc,age      ] GC(583) - age   1:    2020336 bytes,    2020336 total
[2023-11-15T23:58:48.885+0000][7][gc,age      ] GC(583) - age   2:     306912 bytes,    2327248 total
[2023-11-15T23:58:48.885+0000][7][gc,age      ] GC(583) - age   3:     437440 bytes,    2764688 total
[2023-11-15T23:58:48.885+0000][7][gc,age      ] GC(583) - age   4:      62648 bytes,    2827336 total
[2023-11-15T23:58:48.885+0000][7][gc,phases   ] GC(583)   Pre Evacuate Collection Set: 0.2ms
[2023-11-15T23:58:48.885+0000][7][gc,phases   ] GC(583)   Merge Heap Roots: 0.0ms
[2023-11-15T23:58:48.885+0000][7][gc,phases   ] GC(583)   Evacuate Collection Set: 1.8ms
[2023-11-15T23:58:48.885+0000][7][gc,phases   ] GC(583)   Post Evacuate Collection Set: 0.5ms
[2023-11-15T23:58:48.885+0000][7][gc,phases   ] GC(583)   Other: 0.2ms
[2023-11-15T23:58:48.885+0000][7][gc,heap     ] GC(583) Eden regions: 62->0(62)
[2023-11-15T23:58:48.885+0000][7][gc,heap     ] GC(583) Survivor regions: 1->1(8)
[2023-11-15T23:58:48.885+0000][7][gc,heap     ] GC(583) Old regions: 35->35
[2023-11-15T23:58:48.885+0000][7][gc,heap     ] GC(583) Archive regions: 2->2
[2023-11-15T23:58:48.885+0000][7][gc,heap     ] GC(583) Humongous regions: 6->6
[2023-11-15T23:58:48.885+0000][7][gc,metaspace] GC(583) Metaspace: 117753K(119296K)->117753K(119296K) NonClass: 102244K(103168K)->102244K(103168K) Class: 15508K(16128K)->15508K(16128K)
[2023-11-15T23:58:48.885+0000][7][gc          ] GC(583) Pause Young (Concurrent Start) (G1 Evacuation Pause) 417M->170M(512M) 2.770ms
[2023-11-15T23:58:48.885+0000][7][gc,cpu      ] GC(583) User=0.01s Sys=0.00s Real=0.01s
[2023-11-15T23:58:48.885+0000][7][gc          ] GC(584) Concurrent Mark Cycle
[2023-11-15T23:58:48.885+0000][7][safepoint   ] Safepoint "G1CollectForAllocation", Time since last: 8830817951 ns, Reaching safepoint: 30521 ns, At safepoint: 2844890 ns, Total: 2875411 ns
[2023-11-15T23:58:48.885+0000][7][gc,marking  ] GC(584) Concurrent Clear Claimed Marks
[2023-11-15T23:58:48.885+0000][7][gc,marking  ] GC(584) Concurrent Clear Claimed Marks 0.125ms
[2023-11-15T23:58:48.885+0000][7][gc,marking  ] GC(584) Concurrent Scan Root Regions
[2023-11-15T23:58:48.887+0000][7][gc,marking  ] GC(584) Concurrent Scan Root Regions 1.779ms
[2023-11-15T23:58:48.887+0000][7][gc,marking  ] GC(584) Concurrent Mark
[2023-11-15T23:58:48.887+0000][7][gc,marking  ] GC(584) Concurrent Mark From Roots
[2023-11-15T23:58:48.887+0000][7][gc,task     ] GC(584) Using 2 workers of 2 for marking
[2023-11-15T23:58:48.962+0000][7][gc,marking  ] GC(584) Concurrent Mark From Roots 75.750ms
[2023-11-15T23:58:48.962+0000][7][gc,marking  ] GC(584) Concurrent Preclean
[2023-11-15T23:58:48.963+0000][7][gc,marking  ] GC(584) Concurrent Preclean 0.199ms
[2023-11-15T23:58:48.963+0000][7][gc,start    ] GC(584) Pause Remark
[2023-11-15T23:58:48.970+0000][7][gc          ] GC(584) Pause Remark 173M->173M(512M) 7.116ms
[2023-11-15T23:58:48.970+0000][7][gc,cpu      ] GC(584) User=0.03s Sys=0.00s Real=0.01s
[2023-11-15T23:58:48.970+0000][7][safepoint   ] Safepoint "G1Concurrent", Time since last: 77970839 ns, Reaching safepoint: 25987 ns, At safepoint: 7221353 ns, Total: 7247340 ns
[2023-11-15T23:58:48.970+0000][7][gc,marking  ] GC(584) Concurrent Mark 83.266ms
[2023-11-15T23:58:48.970+0000][7][gc,marking  ] GC(584) Concurrent Rebuild Remembered Sets
[2023-11-15T23:58:49.027+0000][7][gc,marking  ] GC(584) Concurrent Rebuild Remembered Sets 57.408ms
[2023-11-15T23:58:49.027+0000][7][gc,start    ] GC(584) Pause Cleanup
[2023-11-15T23:58:49.028+0000][7][gc          ] GC(584) Pause Cleanup 173M->173M(512M) 0.061ms
[2023-11-15T23:58:49.028+0000][7][gc,cpu      ] GC(584) User=0.00s Sys=0.00s Real=0.00s
[2023-11-15T23:58:49.028+0000][7][safepoint   ] Safepoint "G1Concurrent", Time since last: 57498574 ns, Reaching safepoint: 26627 ns, At safepoint: 111142 ns, Total: 137769 ns
[2023-11-15T23:58:49.028+0000][7][gc,marking  ] GC(584) Concurrent Cleanup for Next Mark
[2023-11-15T23:58:49.028+0000][7][gc,marking  ] GC(584) Concurrent Cleanup for Next Mark 0.568ms
[2023-11-15T23:58:49.028+0000][7][gc          ] GC(584) Concurrent Mark Cycle 143.490ms
[2023-11-15T23:59:03.288+0000][7][gc,start    ] GC(585) Pause Young (Prepare Mixed) (G1 Evacuation Pause)
[2023-11-15T23:59:03.288+0000][7][gc,task     ] GC(585) Using 8 workers of 8 for evacuation
[2023-11-15T23:59:03.288+0000][7][gc,age      ] GC(585) Desired survivor size 16777216 bytes, new threshold 15 (max threshold 15)
[2023-11-15T23:59:03.290+0000][7][gc,age      ] GC(585) Age table with threshold 15 (max threshold 15)
[2023-11-15T23:59:03.290+0000][7][gc,age      ] GC(585) - age   1:    1028144 bytes,    1028144 total
[2023-11-15T23:59:03.290+0000][7][gc,age      ] GC(585) - age   2:    1337728 bytes,    2365872 total
[2023-11-15T23:59:03.290+0000][7][gc,age      ] GC(585) - age   3:     305776 bytes,    2671648 total
[2023-11-15T23:59:03.290+0000][7][gc,age      ] GC(585) - age   4:     291864 bytes,    2963512 total
[2023-11-15T23:59:03.290+0000][7][gc,age      ] GC(585) - age   5:      58768 bytes,    3022280 total
[2023-11-15T23:59:03.290+0000][7][gc,phases   ] GC(585)   Pre Evacuate Collection Set: 0.1ms
[2023-11-15T23:59:03.290+0000][7][gc,phases   ] GC(585)   Merge Heap Roots: 0.1ms
[2023-11-15T23:59:03.290+0000][7][gc,phases   ] GC(585)   Evacuate Collection Set: 1.4ms
[2023-11-15T23:59:03.290+0000][7][gc,phases   ] GC(585)   Post Evacuate Collection Set: 0.5ms
[2023-11-15T23:59:03.290+0000][7][gc,phases   ] GC(585)   Other: 0.2ms
[2023-11-15T23:59:03.290+0000][7][gc,heap     ] GC(585) Eden regions: 62->0(5)
[2023-11-15T23:59:03.290+0000][7][gc,heap     ] GC(585) Survivor regions: 1->1(8)
[2023-11-15T23:59:03.290+0000][7][gc,heap     ] GC(585) Old regions: 35->35
[2023-11-15T23:59:03.290+0000][7][gc,heap     ] GC(585) Archive regions: 2->2
[2023-11-15T23:59:03.290+0000][7][gc,heap     ] GC(585) Humongous regions: 6->6
[2023-11-15T23:59:03.290+0000][7][gc,metaspace] GC(585) Metaspace: 117753K(119296K)->117753K(119296K) NonClass: 102244K(103168K)->102244K(103168K) Class: 15508K(16128K)->15508K(16128K)
[2023-11-15T23:59:03.290+0000][7][gc          ] GC(585) Pause Young (Prepare Mixed) (G1 Evacuation Pause) 418M->170M(512M) 2.287ms
[2023-11-15T23:59:03.290+0000][7][gc,cpu      ] GC(585) User=0.01s Sys=0.01s Real=0.00s
[2023-11-15T23:59:03.290+0000][7][safepoint   ] Safepoint "G1CollectForAllocation", Time since last: 14260377324 ns, Reaching safepoint: 62498 ns, At safepoint: 2362596 ns, Total: 2425094 ns
[2023-11-15T23:59:04.838+0000][7][gc,start    ] GC(586) Pause Young (Mixed) (G1 Evacuation Pause)
[2023-11-15T23:59:04.838+0000][7][gc,task     ] GC(586) Using 8 workers of 8 for evacuation
[2023-11-15T23:59:04.838+0000][7][gc,age      ] GC(586) Desired survivor size 2097152 bytes, new threshold 2 (max threshold 15)
[2023-11-15T23:59:04.849+0000][7][gc,age      ] GC(586) Age table with threshold 2 (max threshold 15)
[2023-11-15T23:59:04.849+0000][7][gc,age      ] GC(586) - age   1:      26536 bytes,      26536 total
[2023-11-15T23:59:04.849+0000][7][gc,age      ] GC(586) - age   2:    1002400 bytes,    1028936 total
[2023-11-15T23:59:04.849+0000][7][gc,phases   ] GC(586)   Pre Evacuate Collection Set: 0.1ms
[2023-11-15T23:59:04.849+0000][7][gc,phases   ] GC(586)   Merge Heap Roots: 0.0ms
[2023-11-15T23:59:04.849+0000][7][gc,phases   ] GC(586)   Evacuate Collection Set: 10.4ms
[2023-11-15T23:59:04.849+0000][7][gc,phases   ] GC(586)   Post Evacuate Collection Set: 0.4ms
[2023-11-15T23:59:04.849+0000][7][gc,phases   ] GC(586)   Other: 0.2ms
[2023-11-15T23:59:04.849+0000][7][gc,heap     ] GC(586) Eden regions: 5->0(61)
[2023-11-15T23:59:04.849+0000][7][gc,heap     ] GC(586) Survivor regions: 1->1(1)
[2023-11-15T23:59:04.849+0000][7][gc,heap     ] GC(586) Old regions: 35->36
[2023-11-15T23:59:04.849+0000][7][gc,heap     ] GC(586) Archive regions: 2->2
[2023-11-15T23:59:04.849+0000][7][gc,heap     ] GC(586) Humongous regions: 6->6
[2023-11-15T23:59:04.849+0000][7][gc,metaspace] GC(586) Metaspace: 117753K(119296K)->117753K(119296K) NonClass: 102244K(103168K)->102244K(103168K) Class: 15508K(16128K)->15508K(16128K)
[2023-11-15T23:59:04.849+0000][7][gc          ] GC(586) Pause Young (Mixed) (G1 Evacuation Pause) 190M->169M(512M) 11.252ms
[2023-11-15T23:59:04.849+0000][7][gc,cpu      ] GC(586) User=0.02s Sys=0.00s Real=0.01s
[2023-11-15T23:59:04.849+0000][7][safepoint   ] Safepoint "G1CollectForAllocation", Time since last: 1547117345 ns, Reaching safepoint: 84885 ns, At safepoint: 11329377 ns, Total: 11414262 ns
[2023-11-15T23:59:07.849+0000][7][safepoint   ] Safepoint "Cleanup", Time since last: 3000239947 ns, Reaching safepoint: 77877 ns, At safepoint: 7295 ns, Total: 85172 ns
[2023-11-15T23:59:08.850+0000][7][safepoint   ] Safepoint "Cleanup", Time since last: 1000154029 ns, Reaching safepoint: 148474 ns, At safepoint: 19198 ns, Total: 167672 ns
[2023-11-15T23:59:11.850+0000][7][safepoint   ] Safepoint "Cleanup", Time since last: 3000313664 ns, Reaching safepoint: 56939 ns, At safepoint: 7254 ns, Total: 64193 ns
[2023-11-15T23:59:17.143+0000][7][gc,start    ] GC(587) Pause Young (Normal) (G1 Evacuation Pause)
[2023-11-15T23:59:17.144+0000][7][gc,task     ] GC(587) Using 8 workers of 8 for evacuation
[2023-11-15T23:59:17.144+0000][7][gc,age      ] GC(587) Desired survivor size 16777216 bytes, new threshold 15 (max threshold 15)
[2023-11-15T23:59:17.146+0000][7][gc,age      ] GC(587) Age table with threshold 15 (max threshold 15)
[2023-11-15T23:59:17.146+0000][7][gc,age      ] GC(587) - age   1:    1482240 bytes,    1482240 total
[2023-11-15T23:59:17.146+0000][7][gc,age      ] GC(587) - age   2:         72 bytes,    1482312 total
[2023-11-15T23:59:17.146+0000][7][gc,age      ] GC(587) - age   3:     449944 bytes,    1932256 total
[2023-11-15T23:59:17.146+0000][7][gc,phases   ] GC(587)   Pre Evacuate Collection Set: 0.1ms
[2023-11-15T23:59:17.146+0000][7][gc,phases   ] GC(587)   Merge Heap Roots: 0.0ms
[2023-11-15T23:59:17.146+0000][7][gc,phases   ] GC(587)   Evacuate Collection Set: 1.0ms
[2023-11-15T23:59:17.146+0000][7][gc,phases   ] GC(587)   Post Evacuate Collection Set: 0.5ms
[2023-11-15T23:59:17.146+0000][7][gc,phases   ] GC(587)   Other: 2.1ms
[2023-11-15T23:59:17.146+0000][7][gc,heap     ] GC(587) Eden regions: 61->0(61)
[2023-11-15T23:59:17.146+0000][7][gc,heap     ] GC(587) Survivor regions: 1->1(8)
[2023-11-15T23:59:17.146+0000][7][gc,heap     ] GC(587) Old regions: 36->36
[2023-11-15T23:59:17.146+0000][7][gc,heap     ] GC(587) Archive regions: 2->2
[2023-11-15T23:59:17.146+0000][7][gc,heap     ] GC(587) Humongous regions: 6->6
[2023-11-15T23:59:17.146+0000][7][gc,metaspace] GC(587) Metaspace: 117808K(119360K)->117808K(119360K) NonClass: 102288K(103232K)->102288K(103232K) Class: 15520K(16128K)->15520K(16128K)
[2023-11-15T23:59:17.146+0000][7][gc          ] GC(587) Pause Young (Normal) (G1 Evacuation Pause) 413M->170M(512M) 3.662ms
[2023-11-15T23:59:17.146+0000][7][gc,cpu      ] GC(587) User=0.01s Sys=0.00s Real=0.01s
[2023-11-15T23:59:17.146+0000][7][safepoint   ] Safepoint "G1CollectForAllocation", Time since last: 5292489823 ns, Reaching safepoint: 29888 ns, At safepoint: 3760475 ns, Total: 3790363 ns
[2023-11-15T23:59:32.388+0000][7][safepoint   ] Safepoint "G1CollectForAllocation", Time since last: 15240765819 ns, Reaching safepoint: 809010 ns, At safepoint: 17876 ns, Total: 826886 ns
[2023-11-15T23:59:32.389+0000][7][gc,start    ] GC(588) Pause Young (Normal) (GCLocker Initiated GC)
[2023-11-15T23:59:32.389+0000][7][gc,task     ] GC(588) Using 8 workers of 8 for evacuation
[2023-11-15T23:59:32.389+0000][7][gc,age      ] GC(588) Desired survivor size 16777216 bytes, new threshold 15 (max threshold 15)
[2023-11-15T23:59:32.392+0000][7][gc,age      ] GC(588) Age table with threshold 15 (max threshold 15)
[2023-11-15T23:59:32.392+0000][7][gc,age      ] GC(588) - age   1:    2721040 bytes,    2721040 total
[2023-11-15T23:59:32.392+0000][7][gc,age      ] GC(588) - age   2:     519784 bytes,    3240824 total
[2023-11-15T23:59:32.392+0000][7][gc,age      ] GC(588) - age   3:         72 bytes,    3240896 total
[2023-11-15T23:59:32.392+0000][7][gc,age      ] GC(588) - age   4:     302776 bytes,    3543672 total
[2023-11-15T23:59:32.392+0000][7][gc,phases   ] GC(588)   Pre Evacuate Collection Set: 0.1ms
[2023-11-15T23:59:32.392+0000][7][gc,phases   ] GC(588)   Merge Heap Roots: 0.1ms
[2023-11-15T23:59:32.392+0000][7][gc,phases   ] GC(588)   Evacuate Collection Set: 2.0ms
[2023-11-15T23:59:32.392+0000][7][gc,phases   ] GC(588)   Post Evacuate Collection Set: 0.7ms
[2023-11-15T23:59:32.392+0000][7][gc,phases   ] GC(588)   Other: 0.2ms
[2023-11-15T23:59:32.392+0000][7][gc,heap     ] GC(588) Eden regions: 61->0(61)
[2023-11-15T23:59:32.392+0000][7][gc,heap     ] GC(588) Survivor regions: 1->1(8)
[2023-11-15T23:59:32.392+0000][7][gc,heap     ] GC(588) Old regions: 36->36
[2023-11-15T23:59:32.392+0000][7][gc,heap     ] GC(588) Archive regions: 2->2
[2023-11-15T23:59:32.392+0000][7][gc,heap     ] GC(588) Humongous regions: 6->6
[2023-11-15T23:59:32.392+0000][7][gc,metaspace] GC(588) Metaspace: 117808K(119360K)->117808K(119360K) NonClass: 102288K(103232K)->102288K(103232K) Class: 15520K(16128K)->15520K(16128K)
[2023-11-15T23:59:32.392+0000][7][gc          ] GC(588) Pause Young (Normal) (GCLocker Initiated GC) 414M->171M(512M) 3.105ms
[2023-11-15T23:59:32.392+0000][7][gc,cpu      ] GC(588) User=0.01s Sys=0.00s Real=0.00s
[2023-11-15T23:59:32.392+0000][7][safepoint   ] Safepoint "G1CollectForAllocation", Time since last: 676005 ns, Reaching safepoint: 32392 ns, At safepoint: 3186536 ns, Total: 3218928 ns
[2023-11-15T23:59:47.098+0000][7][gc,start    ] GC(589) Pause Young (Concurrent Start) (G1 Evacuation Pause)
[2023-11-15T23:59:47.099+0000][7][gc,task     ] GC(589) Using 8 workers of 8 for evacuation
[2023-11-15T23:59:47.099+0000][7][gc,age      ] GC(589) Desired survivor size 16777216 bytes, new threshold 15 (max threshold 15)
[2023-11-15T23:59:47.103+0000][7][gc,age      ] GC(589) Age table with threshold 15 (max threshold 15)
[2023-11-15T23:59:47.103+0000][7][gc,age      ] GC(589) - age   1:    1483432 bytes,    1483432 total
[2023-11-15T23:59:47.103+0000][7][gc,age      ] GC(589) - age   2:    2597808 bytes,    4081240 total
[2023-11-15T23:59:47.103+0000][7][gc,age      ] GC(589) - age   3:     504632 bytes,    4585872 total
[2023-11-15T23:59:47.103+0000][7][gc,age      ] GC(589) - age   4:         72 bytes,    4585944 total
[2023-11-15T23:59:47.103+0000][7][gc,age      ] GC(589) - age   5:     302328 bytes,    4888272 total
[2023-11-15T23:59:47.103+0000][7][gc,phases   ] GC(589)   Pre Evacuate Collection Set: 0.2ms
[2023-11-15T23:59:47.103+0000][7][gc,phases   ] GC(589)   Merge Heap Roots: 0.1ms
[2023-11-15T23:59:47.103+0000][7][gc,phases   ] GC(589)   Evacuate Collection Set: 3.3ms
[2023-11-15T23:59:47.103+0000][7][gc,phases   ] GC(589)   Post Evacuate Collection Set: 0.6ms
[2023-11-15T23:59:47.103+0000][7][gc,phases   ] GC(589)   Other: 0.6ms
[2023-11-15T23:59:47.103+0000][7][gc,heap     ] GC(589) Eden regions: 61->0(60)
[2023-11-15T23:59:47.103+0000][7][gc,heap     ] GC(589) Survivor regions: 1->2(8)
[2023-11-15T23:59:47.103+0000][7][gc,heap     ] GC(589) Old regions: 36->36
[2023-11-15T23:59:47.103+0000][7][gc,heap     ] GC(589) Archive regions: 2->2
[2023-11-15T23:59:47.103+0000][7][gc,heap     ] GC(589) Humongous regions: 6->6
[2023-11-15T23:59:47.103+0000][7][gc,metaspace] GC(589) Metaspace: 117808K(119360K)->117808K(119360K) NonClass: 102288K(103232K)->102288K(103232K) Class: 15520K(16128K)->15520K(16128K)
[2023-11-15T23:59:47.103+0000][7][gc          ] GC(589) Pause Young (Concurrent Start) (G1 Evacuation Pause) 415M->173M(512M) 4.864ms
[2023-11-15T23:59:47.103+0000][7][gc,cpu      ] GC(589) User=0.02s Sys=0.00s Real=0.00s
[2023-11-15T23:59:47.103+0000][7][gc          ] GC(590) Concurrent Mark Cycle
[2023-11-15T23:59:47.103+0000][7][safepoint   ] Safepoint "G1CollectForAllocation", Time since last: 14706598313 ns, Reaching safepoint: 85818 ns, At safepoint: 4972772 ns, Total: 5058590 ns
[2023-11-15T23:59:47.103+0000][7][gc,marking  ] GC(590) Concurrent Clear Claimed Marks
[2023-11-15T23:59:47.104+0000][7][gc,marking  ] GC(590) Concurrent Clear Claimed Marks 0.133ms
[2023-11-15T23:59:47.104+0000][7][gc,marking  ] GC(590) Concurrent Scan Root Regions
[2023-11-15T23:59:47.105+0000][7][gc,marking  ] GC(590) Concurrent Scan Root Regions 1.740ms
[2023-11-15T23:59:47.105+0000][7][gc,marking  ] GC(590) Concurrent Mark
[2023-11-15T23:59:47.105+0000][7][gc,marking  ] GC(590) Concurrent Mark From Roots
[2023-11-15T23:59:47.105+0000][7][gc,task     ] GC(590) Using 2 workers of 2 for marking
[2023-11-15T23:59:47.186+0000][7][gc,marking  ] GC(590) Concurrent Mark From Roots 80.270ms
[2023-11-15T23:59:47.186+0000][7][gc,marking  ] GC(590) Concurrent Preclean
[2023-11-15T23:59:47.186+0000][7][gc,marking  ] GC(590) Concurrent Preclean 0.202ms
[2023-11-15T23:59:47.186+0000][7][gc,start    ] GC(590) Pause Remark
[2023-11-15T23:59:47.192+0000][7][gc          ] GC(590) Pause Remark 178M->178M(512M) 6.357ms
[2023-11-15T23:59:47.192+0000][7][gc,cpu      ] GC(590) User=0.04s Sys=0.00s Real=0.00s
[2023-11-15T23:59:47.192+0000][7][safepoint   ] Safepoint "G1Concurrent", Time since last: 82507016 ns, Reaching safepoint: 27248 ns, At safepoint: 6435282 ns, Total: 6462530 ns
[2023-11-15T23:59:47.192+0000][7][gc,marking  ] GC(590) Concurrent Mark 87.018ms
[2023-11-15T23:59:47.192+0000][7][gc,marking  ] GC(590) Concurrent Rebuild Remembered Sets
[2023-11-15T23:59:47.237+0000][7][gc,marking  ] GC(590) Concurrent Rebuild Remembered Sets 44.933ms
[2023-11-15T23:59:47.237+0000][7][gc,start    ] GC(590) Pause Cleanup
[2023-11-15T23:59:47.238+0000][7][gc          ] GC(590) Pause Cleanup 179M->179M(512M) 0.127ms
[2023-11-15T23:59:47.238+0000][7][gc,cpu      ] GC(590) User=0.00s Sys=0.00s Real=0.00s
[2023-11-15T23:59:47.238+0000][7][safepoint   ] Safepoint "G1Concurrent", Time since last: 45032710 ns, Reaching safepoint: 25651 ns, At safepoint: 174740 ns, Total: 200391 ns
[2023-11-15T23:59:47.238+0000][7][gc,marking  ] GC(590) Concurrent Cleanup for Next Mark
[2023-11-15T23:59:47.238+0000][7][gc,marking  ] GC(590) Concurrent Cleanup for Next Mark 0.453ms
[2023-11-15T23:59:47.238+0000][7][gc          ] GC(590) Concurrent Mark Cycle 134.792ms
[2023-11-16T00:00:02.100+0000][7][gc,start    ] GC(591) Pause Young (Prepare Mixed) (G1 Evacuation Pause)
[2023-11-16T00:00:02.100+0000][7][gc,task     ] GC(591) Using 8 workers of 8 for evacuation
[2023-11-16T00:00:02.100+0000][7][gc,age      ] GC(591) Desired survivor size 16777216 bytes, new threshold 15 (max threshold 15)
[2023-11-16T00:00:02.102+0000][7][gc,age      ] GC(591) Age table with threshold 15 (max threshold 15)
[2023-11-16T00:00:02.102+0000][7][gc,age      ] GC(591) - age   1:    2047728 bytes,    2047728 total
[2023-11-16T00:00:02.102+0000][7][gc,age      ] GC(591) - age   2:     318776 bytes,    2366504 total
[2023-11-16T00:00:02.102+0000][7][gc,age      ] GC(591) - age   3:    2260296 bytes,    4626800 total
[2023-11-16T00:00:02.102+0000][7][gc,age      ] GC(591) - age   4:     498440 bytes,    5125240 total
[2023-11-16T00:00:02.102+0000][7][gc,age      ] GC(591) - age   5:         72 bytes,    5125312 total
[2023-11-16T00:00:02.102+0000][7][gc,age      ] GC(591) - age   6:     301640 bytes,    5426952 total
[2023-11-16T00:00:02.102+0000][7][gc,phases   ] GC(591)   Pre Evacuate Collection Set: 0.1ms
[2023-11-16T00:00:02.102+0000][7][gc,phases   ] GC(591)   Merge Heap Roots: 0.0ms
[2023-11-16T00:00:02.102+0000][7][gc,phases   ] GC(591)   Evacuate Collection Set: 2.0ms
[2023-11-16T00:00:02.102+0000][7][gc,phases   ] GC(591)   Post Evacuate Collection Set: 0.5ms
[2023-11-16T00:00:02.102+0000][7][gc,phases   ] GC(591)   Other: 0.2ms
[2023-11-16T00:00:02.102+0000][7][gc,heap     ] GC(591) Eden regions: 60->0(4)
[2023-11-16T00:00:02.102+0000][7][gc,heap     ] GC(591) Survivor regions: 2->2(8)
[2023-11-16T00:00:02.102+0000][7][gc,heap     ] GC(591) Old regions: 36->36
[2023-11-16T00:00:02.102+0000][7][gc,heap     ] GC(591) Archive regions: 2->2
[2023-11-16T00:00:02.102+0000][7][gc,heap     ] GC(591) Humongous regions: 6->6
[2023-11-16T00:00:02.102+0000][7][gc,metaspace] GC(591) Metaspace: 117856K(119424K)->117856K(119424K) NonClass: 102324K(103296K)->102324K(103296K) Class: 15531K(16128K)->15531K(16128K)
[2023-11-16T00:00:02.102+0000][7][gc          ] GC(591) Pause Young (Prepare Mixed) (G1 Evacuation Pause) 413M->173M(512M) 2.731ms
[2023-11-16T00:00:02.103+0000][7][gc,cpu      ] GC(591) User=0.01s Sys=0.00s Real=0.00s
[2023-11-16T00:00:02.103+0000][7][safepoint   ] Safepoint "G1CollectForAllocation", Time since last: 14861997677 ns, Reaching safepoint: 147216 ns, At safepoint: 2801839 ns, Total: 2949055 ns
[2023-11-16T00:00:02.241+0000][7][safepoint   ] Safepoint "ICBufferFull", Time since last: 138224434 ns, Reaching safepoint: 206267 ns, At safepoint: 7694 ns, Total: 213961 ns
[2023-11-16T00:00:02.261+0000][7][gc,start    ] GC(592) Pause Young (Mixed) (G1 Evacuation Pause)
[2023-11-16T00:00:02.261+0000][7][gc,task     ] GC(592) Using 8 workers of 8 for evacuation
[2023-11-16T00:00:02.261+0000][7][gc,age      ] GC(592) Desired survivor size 2097152 bytes, new threshold 2 (max threshold 15)
[2023-11-16T00:00:02.282+0000][7][gc,age      ] GC(592) Age table with threshold 2 (max threshold 15)
[2023-11-16T00:00:02.282+0000][7][gc,age      ] GC(592) - age   1:    1257640 bytes,    1257640 total
[2023-11-16T00:00:02.282+0000][7][gc,age      ] GC(592) - age   2:    2018264 bytes,    3275904 total
[2023-11-16T00:00:02.282+0000][7][gc,phases   ] GC(592)   Pre Evacuate Collection Set: 0.1ms
[2023-11-16T00:00:02.282+0000][7][gc,phases   ] GC(592)   Merge Heap Roots: 0.1ms
[2023-11-16T00:00:02.282+0000][7][gc,phases   ] GC(592)   Evacuate Collection Set: 19.8ms
[2023-11-16T00:00:02.282+0000][7][gc,phases   ] GC(592)   Post Evacuate Collection Set: 0.6ms
[2023-11-16T00:00:02.282+0000][7][gc,phases   ] GC(592)   Other: 0.2ms
[2023-11-16T00:00:02.282+0000][7][gc,heap     ] GC(592) Eden regions: 4->0(60)
[2023-11-16T00:00:02.282+0000][7][gc,heap     ] GC(592) Survivor regions: 2->1(1)
[2023-11-16T00:00:02.282+0000][7][gc,heap     ] GC(592) Old regions: 36->36
[2023-11-16T00:00:02.282+0000][7][gc,heap     ] GC(592) Archive regions: 2->2
[2023-11-16T00:00:02.282+0000][7][gc,heap     ] GC(592) Humongous regions: 6->6
[2023-11-16T00:00:02.282+0000][7][gc,metaspace] GC(592) Metaspace: 118023K(119616K)->118023K(119616K) NonClass: 102466K(103424K)->102466K(103424K) Class: 15556K(16192K)->15556K(16192K)
[2023-11-16T00:00:02.282+0000][7][gc          ] GC(592) Pause Young (Mixed) (G1 Evacuation Pause) 189M->173M(512M) 20.787ms
[2023-11-16T00:00:02.282+0000][7][gc,cpu      ] GC(592) User=0.02s Sys=0.02s Real=0.02s
[2023-11-16T00:00:02.282+0000][7][safepoint   ] Safepoint "G1CollectForAllocation", Time since last: 16690173 ns, Reaching safepoint: 3224994 ns, At safepoint: 20922303 ns, Total: 24147297 ns
[2023-11-16T00:00:02.427+0000][7][safepoint   ] Safepoint "ICBufferFull", Time since last: 145093707 ns, Reaching safepoint: 250966 ns, At safepoint: 5658 ns, Total: 256624 ns
[2023-11-16T00:00:02.901+0000][7][safepoint   ] Safepoint "ICBufferFull", Time since last: 474180908 ns, Reaching safepoint: 138326 ns, At safepoint: 3345 ns, Total: 141671 ns
[2023-11-16T00:00:03.902+0000][7][safepoint   ] Safepoint "Cleanup", Time since last: 1000186397 ns, Reaching safepoint: 135632 ns, At safepoint: 23198 ns, Total: 158830 ns
[2023-11-16T00:00:04.902+0000][7][safepoint   ] Safepoint "Cleanup", Time since last: 1000237785 ns, Reaching safepoint: 110716 ns, At safepoint: 13116 ns, Total: 123832 ns
[2023-11-16T00:00:05.903+0000][7][safepoint   ] Safepoint "Cleanup", Time since last: 1000155920 ns, Reaching safepoint: 192330 ns, At safepoint: 14957 ns, Total: 207287 ns
[2023-11-16T00:00:08.903+0000][7][safepoint   ] Safepoint "Cleanup", Time since last: 3000371777 ns, Reaching safepoint: 123953 ns, At safepoint: 12117 ns, Total: 136070 ns
[2023-11-16T00:00:11.904+0000][7][safepoint   ] Safepoint "Cleanup", Time since last: 3000458025 ns, Reaching safepoint: 48820 ns, At safepoint: 7445 ns, Total: 56265 ns
[2023-11-16T00:00:14.904+0000][7][safepoint   ] Safepoint "Cleanup", Time since last: 3000364070 ns, Reaching safepoint: 83874 ns, At safepoint: 14384 ns, Total: 98258 ns
[2023-11-16T00:00:15.970+0000][7][gc,start    ] GC(593) Pause Young (Normal) (G1 Evacuation Pause)
[2023-11-16T00:00:15.970+0000][7][gc,task     ] GC(593) Using 8 workers of 8 for evacuation
[2023-11-16T00:00:15.970+0000][7][gc,age      ] GC(593) Desired survivor size 16777216 bytes, new threshold 15 (max threshold 15)
[2023-11-16T00:00:15.975+0000][7][gc,age      ] GC(593) Age table with threshold 15 (max threshold 15)
[2023-11-16T00:00:15.975+0000][7][gc,age      ] GC(593) - age   1:    2809512 bytes,    2809512 total
[2023-11-16T00:00:15.975+0000][7][gc,age      ] GC(593) - age   2:     490152 bytes,    3299664 total
[2023-11-16T00:00:15.975+0000][7][gc,age      ] GC(593) - age   3:     848960 bytes,    4148624 total
[2023-11-16T00:00:15.976+0000][7][gc,phases   ] GC(593)   Pre Evacuate Collection Set: 0.2ms
[2023-11-16T00:00:15.976+0000][7][gc,phases   ] GC(593)   Merge Heap Roots: 0.1ms
[2023-11-16T00:00:15.976+0000][7][gc,phases   ] GC(593)   Evacuate Collection Set: 4.3ms
[2023-11-16T00:00:15.976+0000][7][gc,phases   ] GC(593)   Post Evacuate Collection Set: 0.9ms
[2023-11-16T00:00:15.976+0000][7][gc,phases   ] GC(593)   Other: 0.4ms
[2023-11-16T00:00:15.976+0000][7][gc,heap     ] GC(593) Eden regions: 60->0(59)
[2023-11-16T00:00:15.976+0000][7][gc,heap     ] GC(593) Survivor regions: 1->2(8)
[2023-11-16T00:00:15.976+0000][7][gc,heap     ] GC(593) Old regions: 36->36
[2023-11-16T00:00:15.976+0000][7][gc,heap     ] GC(593) Archive regions: 2->2
[2023-11-16T00:00:15.976+0000][7][gc,heap     ] GC(593) Humongous regions: 6->6
[2023-11-16T00:00:15.976+0000][7][gc,metaspace] GC(593) Metaspace: 118716K(120448K)->118716K(120448K) NonClass: 103052K(104128K)->103052K(104128K) Class: 15663K(16320K)->15663K(16320K)
[2023-11-16T00:00:15.976+0000][7][gc          ] GC(593) Pause Young (Normal) (G1 Evacuation Pause) 413M->174M(512M) 6.012ms
[2023-11-16T00:00:15.976+0000][7][gc,cpu      ] GC(593) User=0.03s Sys=0.00s Real=0.01s
[2023-11-16T00:00:15.976+0000][7][safepoint   ] Safepoint "G1CollectForAllocation", Time since last: 1065538955 ns, Reaching safepoint: 102532 ns, At safepoint: 6169063 ns, Total: 6271595 ns
[2023-11-16T00:00:17.976+0000][7][safepoint   ] Safepoint "Cleanup", Time since last: 2000314789 ns, Reaching safepoint: 97303 ns, At safepoint: 17763 ns, Total: 115066 ns
[2023-11-16T00:00:23.977+0000][7][safepoint   ] Safepoint "Cleanup", Time since last: 6000741564 ns, Reaching safepoint: 177570 ns, At safepoint: 11231 ns, Total: 188801 ns
[2023-11-16T00:00:29.978+0000][7][safepoint   ] Safepoint "Cleanup", Time since last: 6000464882 ns, Reaching safepoint: 111272 ns, At safepoint: 46829 ns, Total: 158101 ns
[2023-11-16T00:00:30.003+0000][7][gc,start    ] GC(594) Pause Young (Normal) (G1 Evacuation Pause)
[2023-11-16T00:00:30.003+0000][7][gc,task     ] GC(594) Using 8 workers of 8 for evacuation
[2023-11-16T00:00:30.003+0000][7][gc,age      ] GC(594) Desired survivor size 16777216 bytes, new threshold 15 (max threshold 15)
[2023-11-16T00:00:30.009+0000][7][gc,age      ] GC(594) Age table with threshold 15 (max threshold 15)
[2023-11-16T00:00:30.009+0000][7][gc,age      ] GC(594) - age   1:    1242176 bytes,    1242176 total
[2023-11-16T00:00:30.009+0000][7][gc,age      ] GC(594) - age   2:    1826984 bytes,    3069160 total
[2023-11-16T00:00:30.009+0000][7][gc,age      ] GC(594) - age   3:     489248 bytes,    3558408 total
[2023-11-16T00:00:30.009+0000][7][gc,age      ] GC(594) - age   4:     847928 bytes,    4406336 total
[2023-11-16T00:00:30.009+0000][7][gc,phases   ] GC(594)   Pre Evacuate Collection Set: 0.2ms
[2023-11-16T00:00:30.009+0000][7][gc,phases   ] GC(594)   Merge Heap Roots: 0.1ms
[2023-11-16T00:00:30.009+0000][7][gc,phases   ] GC(594)   Evacuate Collection Set: 4.4ms
[2023-11-16T00:00:30.009+0000][7][gc,phases   ] GC(594)   Post Evacuate Collection Set: 1.1ms
[2023-11-16T00:00:30.009+0000][7][gc,phases   ] GC(594)   Other: 0.4ms
[2023-11-16T00:00:30.009+0000][7][gc,heap     ] GC(594) Eden regions: 59->0(60)
[2023-11-16T00:00:30.009+0000][7][gc,heap     ] GC(594) Survivor regions: 2->2(8)
[2023-11-16T00:00:30.009+0000][7][gc,heap     ] GC(594) Old regions: 36->36
[2023-11-16T00:00:30.009+0000][7][gc,heap     ] GC(594) Archive regions: 2->2
[2023-11-16T00:00:30.009+0000][7][gc,heap     ] GC(594) Humongous regions: 6->6
[2023-11-16T00:00:30.009+0000][7][gc,metaspace] GC(594) Metaspace: 118716K(120448K)->118716K(120448K) NonClass: 103052K(104128K)->103052K(104128K) Class: 15663K(16320K)->15663K(16320K)
[2023-11-16T00:00:30.009+0000][7][gc          ] GC(594) Pause Young (Normal) (G1 Evacuation Pause) 410M->174M(512M) 6.336ms
[2023-11-16T00:00:30.009+0000][7][gc,cpu      ] GC(594) User=0.03s Sys=0.00s Real=0.01s
[2023-11-16T00:00:30.009+0000][7][safepoint   ] Safepoint "G1CollectForAllocation", Time since last: 24710363 ns, Reaching safepoint: 83630 ns, At safepoint: 6500128 ns, Total: 6583758 ns
[2023-11-16T00:00:40.010+0000][7][safepoint   ] Safepoint "Cleanup", Time since last: 10001179941 ns, Reaching safepoint: 65940 ns, At safepoint: 9074 ns, Total: 75014 ns
[2023-11-16T00:00:41.011+0000][7][safepoint   ] Safepoint "Cleanup", Time since last: 1000129120 ns, Reaching safepoint: 141309 ns, At safepoint: 12386 ns, Total: 153695 ns
[2023-11-16T00:00:42.011+0000][7][safepoint   ] Safepoint "Cleanup", Time since last: 1000208804 ns, Reaching safepoint: 89752 ns, At safepoint: 8927 ns, Total: 98679 ns
[2023-11-16T00:00:45.303+0000][7][gc,start    ] GC(595) Pause Young (Concurrent Start) (G1 Evacuation Pause)
[2023-11-16T00:00:45.303+0000][7][gc,task     ] GC(595) Using 8 workers of 8 for evacuation
[2023-11-16T00:00:45.303+0000][7][gc,age      ] GC(595) Desired survivor size 16777216 bytes, new threshold 15 (max threshold 15)
[2023-11-16T00:00:45.308+0000][7][gc,age      ] GC(595) Age table with threshold 15 (max threshold 15)
[2023-11-16T00:00:45.308+0000][7][gc,age      ] GC(595) - age   1:     801528 bytes,     801528 total
[2023-11-16T00:00:45.308+0000][7][gc,age      ] GC(595) - age   2:     557584 bytes,    1359112 total
[2023-11-16T00:00:45.308+0000][7][gc,age      ] GC(595) - age   3:    1796408 bytes,    3155520 total
[2023-11-16T00:00:45.308+0000][7][gc,age      ] GC(595) - age   4:     489248 bytes,    3644768 total
[2023-11-16T00:00:45.308+0000][7][gc,age      ] GC(595) - age   5:     847280 bytes,    4492048 total
[2023-11-16T00:00:45.309+0000][7][gc,phases   ] GC(595)   Pre Evacuate Collection Set: 0.3ms
[2023-11-16T00:00:45.309+0000][7][gc,phases   ] GC(595)   Merge Heap Roots: 0.1ms
[2023-11-16T00:00:45.309+0000][7][gc,phases   ] GC(595)   Evacuate Collection Set: 3.9ms
[2023-11-16T00:00:45.309+0000][7][gc,phases   ] GC(595)   Post Evacuate Collection Set: 1.0ms
[2023-11-16T00:00:45.309+0000][7][gc,phases   ] GC(595)   Other: 0.4ms
[2023-11-16T00:00:45.309+0000][7][gc,heap     ] GC(595) Eden regions: 60->0(60)
[2023-11-16T00:00:45.309+0000][7][gc,heap     ] GC(595) Survivor regions: 2->2(8)
[2023-11-16T00:00:45.309+0000][7][gc,heap     ] GC(595) Old regions: 36->36
[2023-11-16T00:00:45.309+0000][7][gc,heap     ] GC(595) Archive regions: 2->2
[2023-11-16T00:00:45.309+0000][7][gc,heap     ] GC(595) Humongous regions: 6->6
[2023-11-16T00:00:45.309+0000][7][gc,metaspace] GC(595) Metaspace: 118716K(120448K)->118716K(120448K) NonClass: 103052K(104128K)->103052K(104128K) Class: 15663K(16320K)->15663K(16320K)
[2023-11-16T00:00:45.309+0000][7][gc          ] GC(595) Pause Young (Concurrent Start) (G1 Evacuation Pause) 414M->174M(512M) 5.788ms
[2023-11-16T00:00:45.309+0000][7][gc,cpu      ] GC(595) User=0.03s Sys=0.01s Real=0.01s
[2023-11-16T00:00:45.309+0000][7][gc          ] GC(596) Concurrent Mark Cycle
[2023-11-16T00:00:45.309+0000][7][safepoint   ] Safepoint "G1CollectForAllocation", Time since last: 3291873834 ns, Reaching safepoint: 52642 ns, At safepoint: 5941029 ns, Total: 5993671 ns
[2023-11-16T00:00:45.309+0000][7][gc,marking  ] GC(596) Concurrent Clear Claimed Marks
[2023-11-16T00:00:45.309+0000][7][gc,marking  ] GC(596) Concurrent Clear Claimed Marks 0.167ms
[2023-11-16T00:00:45.309+0000][7][gc,marking  ] GC(596) Concurrent Scan Root Regions
[2023-11-16T00:00:45.315+0000][7][gc,marking  ] GC(596) Concurrent Scan Root Regions 5.774ms
[2023-11-16T00:00:45.317+0000][7][gc,marking  ] GC(596) Concurrent Mark
[2023-11-16T00:00:45.317+0000][7][gc,marking  ] GC(596) Concurrent Mark From Roots
[2023-11-16T00:00:45.317+0000][7][gc,task     ] GC(596) Using 2 workers of 2 for marking
[2023-11-16T00:00:45.392+0000][7][gc,marking  ] GC(596) Concurrent Mark From Roots 74.498ms
[2023-11-16T00:00:45.392+0000][7][gc,marking  ] GC(596) Concurrent Preclean
[2023-11-16T00:00:45.392+0000][7][gc,marking  ] GC(596) Concurrent Preclean 0.154ms
[2023-11-16T00:00:45.392+0000][7][gc,start    ] GC(596) Pause Remark
[2023-11-16T00:00:45.585+0000][7][gc          ] GC(596) Pause Remark 177M->177M(512M) 192.552ms
[2023-11-16T00:00:45.585+0000][7][gc,cpu      ] GC(596) User=0.11s Sys=0.18s Real=0.20s
[2023-11-16T00:00:45.585+0000][7][safepoint   ] Safepoint "G1Concurrent", Time since last: 83249456 ns, Reaching safepoint: 34630 ns, At safepoint: 192655245 ns, Total: 192689875 ns
[2023-11-16T00:00:45.585+0000][7][gc,marking  ] GC(596) Concurrent Mark 267.470ms
[2023-11-16T00:00:45.585+0000][7][gc,marking  ] GC(596) Concurrent Rebuild Remembered Sets
[2023-11-16T00:00:45.622+0000][7][gc,marking  ] GC(596) Concurrent Rebuild Remembered Sets 36.712ms
[2023-11-16T00:00:45.622+0000][7][gc,start    ] GC(596) Pause Cleanup
[2023-11-16T00:00:45.622+0000][7][gc          ] GC(596) Pause Cleanup 177M->177M(512M) 0.113ms
[2023-11-16T00:00:45.622+0000][7][gc,cpu      ] GC(596) User=0.00s Sys=0.00s Real=0.00s
[2023-11-16T00:00:45.622+0000][7][safepoint   ] Safepoint "G1Concurrent", Time since last: 36857293 ns, Reaching safepoint: 97989 ns, At safepoint: 157171 ns, Total: 255160 ns
[2023-11-16T00:00:45.622+0000][7][gc,marking  ] GC(596) Concurrent Cleanup for Next Mark
[2023-11-16T00:00:45.622+0000][7][gc,marking  ] GC(596) Concurrent Cleanup for Next Mark 0.589ms
[2023-11-16T00:00:45.623+0000][7][gc          ] GC(596) Concurrent Mark Cycle 313.713ms
[2023-11-16T00:00:46.599+0000][7][safepoint   ] Safepoint "ICBufferFull", Time since last: 976425248 ns, Reaching safepoint: 546698 ns, At safepoint: 23972 ns, Total: 570670 ns
[2023-11-16T00:00:47.090+0000][7][safepoint   ] Safepoint "ICBufferFull", Time since last: 490585453 ns, Reaching safepoint: 192053 ns, At safepoint: 6158 ns, Total: 198211 ns
[2023-11-16T00:00:48.090+0000][7][safepoint   ] Safepoint "Cleanup", Time since last: 1000153829 ns, Reaching safepoint: 284714 ns, At safepoint: 12077 ns, Total: 296791 ns
[2023-11-16T00:00:49.090+0000][7][safepoint   ] Safepoint "Cleanup", Time since last: 1000249852 ns, Reaching safepoint: 117427 ns, At safepoint: 16580 ns, Total: 134007 ns
[2023-11-16T00:00:50.091+0000][7][safepoint   ] Safepoint "Cleanup", Time since last: 1000142787 ns, Reaching safepoint: 62629 ns, At safepoint: 3926 ns, Total: 66555 ns
[2023-11-16T00:00:51.091+0000][7][safepoint   ] Safepoint "Cleanup", Time since last: 1000258331 ns, Reaching safepoint: 119856 ns, At safepoint: 18296 ns, Total: 138152 ns
[2023-11-16T00:00:53.092+0000][7][safepoint   ] Safepoint "Cleanup", Time since last: 2000322309 ns, Reaching safepoint: 211624 ns, At safepoint: 26430 ns, Total: 238054 ns
[2023-11-16T00:00:59.093+0000][7][safepoint   ] Safepoint "Cleanup", Time since last: 6000782729 ns, Reaching safepoint: 245882 ns, At safepoint: 12924 ns, Total: 258806 ns
[2023-11-16T00:01:00.083+0000][7][gc,start    ] GC(597) Pause Young (Prepare Mixed) (G1 Evacuation Pause)
[2023-11-16T00:01:00.083+0000][7][gc,task     ] GC(597) Using 8 workers of 8 for evacuation
[2023-11-16T00:01:00.083+0000][7][gc,age      ] GC(597) Desired survivor size 16777216 bytes, new threshold 15 (max threshold 15)
[2023-11-16T00:01:00.090+0000][7][gc,age      ] GC(597) Age table with threshold 15 (max threshold 15)
[2023-11-16T00:01:00.090+0000][7][gc,age      ] GC(597) - age   1:    5326880 bytes,    5326880 total
[2023-11-16T00:01:00.090+0000][7][gc,age      ] GC(597) - age   2:     664296 bytes,    5991176 total
[2023-11-16T00:01:00.090+0000][7][gc,age      ] GC(597) - age   3:     556360 bytes,    6547536 total
[2023-11-16T00:01:00.090+0000][7][gc,age      ] GC(597) - age   4:    1772160 bytes,    8319696 total
[2023-11-16T00:01:00.090+0000][7][gc,age      ] GC(597) - age   5:     489184 bytes,    8808880 total
[2023-11-16T00:01:00.090+0000][7][gc,age      ] GC(597) - age   6:     846840 bytes,    9655720 total
[2023-11-16T00:01:00.090+0000][7][gc,phases   ] GC(597)   Pre Evacuate Collection Set: 0.1ms
[2023-11-16T00:01:00.090+0000][7][gc,phases   ] GC(597)   Merge Heap Roots: 0.1ms
[2023-11-16T00:01:00.090+0000][7][gc,phases   ] GC(597)   Evacuate Collection Set: 5.2ms
[2023-11-16T00:01:00.090+0000][7][gc,phases   ] GC(597)   Post Evacuate Collection Set: 1.0ms
[2023-11-16T00:01:00.090+0000][7][gc,phases   ] GC(597)   Other: 0.3ms
[2023-11-16T00:01:00.090+0000][7][gc,heap     ] GC(597) Eden regions: 60->0(3)
[2023-11-16T00:01:00.090+0000][7][gc,heap     ] GC(597) Survivor regions: 2->3(8)
[2023-11-16T00:01:00.090+0000][7][gc,heap     ] GC(597) Old regions: 36->36
[2023-11-16T00:01:00.090+0000][7][gc,heap     ] GC(597) Archive regions: 2->2
[2023-11-16T00:01:00.090+0000][7][gc,heap     ] GC(597) Humongous regions: 6->6
[2023-11-16T00:01:00.090+0000][7][gc,metaspace] GC(597) Metaspace: 118714K(120448K)->118714K(120448K) NonClass: 103051K(104128K)->103051K(104128K) Class: 15662K(16320K)->15662K(16320K)
[2023-11-16T00:01:00.090+0000][7][gc          ] GC(597) Pause Young (Prepare Mixed) (G1 Evacuation Pause) 414M->180M(512M) 6.847ms
[2023-11-16T00:01:00.090+0000][7][gc,cpu      ] GC(597) User=0.04s Sys=0.00s Real=0.01s
[2023-11-16T00:01:00.090+0000][7][safepoint   ] Safepoint "G1CollectForAllocation", Time since last: 990172908 ns, Reaching safepoint: 255702 ns, At safepoint: 6986035 ns, Total: 7241737 ns
[2023-11-16T00:01:00.786+0000][7][gc,start    ] GC(598) Pause Young (Mixed) (G1 Evacuation Pause)
[2023-11-16T00:01:00.786+0000][7][gc,task     ] GC(598) Using 8 workers of 8 for evacuation
[2023-11-16T00:01:00.786+0000][7][gc,age      ] GC(598) Desired survivor size 2097152 bytes, new threshold 1 (max threshold 15)
[2023-11-16T00:01:00.815+0000][7][gc,age      ] GC(598) Age table with threshold 1 (max threshold 15)
[2023-11-16T00:01:00.815+0000][7][gc,age      ] GC(598) - age   1:     231464 bytes,     231464 total
[2023-11-16T00:01:00.815+0000][7][gc,phases   ] GC(598)   Pre Evacuate Collection Set: 0.1ms
[2023-11-16T00:01:00.815+0000][7][gc,phases   ] GC(598)   Merge Heap Roots: 0.1ms
[2023-11-16T00:01:00.815+0000][7][gc,phases   ] GC(598)   Evacuate Collection Set: 27.7ms
[2023-11-16T00:01:00.815+0000][7][gc,phases   ] GC(598)   Post Evacuate Collection Set: 0.6ms
[2023-11-16T00:01:00.815+0000][7][gc,phases   ] GC(598)   Other: 0.3ms
[2023-11-16T00:01:00.815+0000][7][gc,heap     ] GC(598) Eden regions: 3->0(58)
[2023-11-16T00:01:00.815+0000][7][gc,heap     ] GC(598) Survivor regions: 3->1(1)
[2023-11-16T00:01:00.815+0000][7][gc,heap     ] GC(598) Old regions: 36->38
[2023-11-16T00:01:00.815+0000][7][gc,heap     ] GC(598) Archive regions: 2->2
[2023-11-16T00:01:00.815+0000][7][gc,heap     ] GC(598) Humongous regions: 6->6
[2023-11-16T00:01:00.815+0000][7][gc,metaspace] GC(598) Metaspace: 118714K(120448K)->118714K(120448K) NonClass: 103051K(104128K)->103051K(104128K) Class: 15662K(16320K)->15662K(16320K)
[2023-11-16T00:01:00.815+0000][7][gc          ] GC(598) Pause Young (Mixed) (G1 Evacuation Pause) 192M->178M(512M) 28.866ms
[2023-11-16T00:01:00.815+0000][7][gc,cpu      ] GC(598) User=0.04s Sys=0.05s Real=0.03s
[2023-11-16T00:01:00.815+0000][7][safepoint   ] Safepoint "G1CollectForAllocation", Time since last: 696048392 ns, Reaching safepoint: 98556 ns, At safepoint: 28985559 ns, Total: 29084115 ns
[2023-11-16T00:01:02.816+0000][7][safepoint   ] Safepoint "Cleanup", Time since last: 2000244806 ns, Reaching safepoint: 122161 ns, At safepoint: 23890 ns, Total: 146051 ns
[2023-11-16T00:01:05.816+0000][7][safepoint   ] Safepoint "Cleanup", Time since last: 3000418519 ns, Reaching safepoint: 209671 ns, At safepoint: 34844 ns, Total: 244515 ns
[2023-11-16T00:01:06.817+0000][7][safepoint   ] Safepoint "Cleanup", Time since last: 1000249781 ns, Reaching safepoint: 201232 ns, At safepoint: 25600 ns, Total: 226832 ns
[2023-11-16T00:01:11.818+0000][7][safepoint   ] Safepoint "Cleanup", Time since last: 5000828139 ns, Reaching safepoint: 227444 ns, At safepoint: 14563 ns, Total: 242007 ns
[2023-11-16T00:01:14.052+0000][7][gc,start    ] GC(599) Pause Young (Normal) (G1 Evacuation Pause)
[2023-11-16T00:01:14.052+0000][7][gc,task     ] GC(599) Using 8 workers of 8 for evacuation
[2023-11-16T00:01:14.052+0000][7][gc,age      ] GC(599) Desired survivor size 16777216 bytes, new threshold 15 (max threshold 15)
[2023-11-16T00:01:14.054+0000][7][gc,age      ] GC(599) Age table with threshold 15 (max threshold 15)
[2023-11-16T00:01:14.054+0000][7][gc,age      ] GC(599) - age   1:     842200 bytes,     842200 total
[2023-11-16T00:01:14.054+0000][7][gc,age      ] GC(599) - age   2:      57096 bytes,     899296 total
[2023-11-16T00:01:14.054+0000][7][gc,phases   ] GC(599)   Pre Evacuate Collection Set: 0.1ms
[2023-11-16T00:01:14.054+0000][7][gc,phases   ] GC(599)   Merge Heap Roots: 0.1ms
[2023-11-16T00:01:14.054+0000][7][gc,phases   ] GC(599)   Evacuate Collection Set: 1.0ms
[2023-11-16T00:01:14.054+0000][7][gc,phases   ] GC(599)   Post Evacuate Collection Set: 0.6ms
[2023-11-16T00:01:14.054+0000][7][gc,phases   ] GC(599)   Other: 0.2ms
[2023-11-16T00:01:14.054+0000][7][gc,heap     ] GC(599) Eden regions: 58->0(58)
[2023-11-16T00:01:14.054+0000][7][gc,heap     ] GC(599) Survivor regions: 1->1(8)
[2023-11-16T00:01:14.054+0000][7][gc,heap     ] GC(599) Old regions: 38->38
[2023-11-16T00:01:14.054+0000][7][gc,heap     ] GC(599) Archive regions: 2->2
[2023-11-16T00:01:14.054+0000][7][gc,heap     ] GC(599) Humongous regions: 6->6
[2023-11-16T00:01:14.054+0000][7][gc,metaspace] GC(599) Metaspace: 118715K(120448K)->118715K(120448K) NonClass: 103052K(104128K)->103052K(104128K) Class: 15662K(16320K)->15662K(16320K)
[2023-11-16T00:01:14.054+0000][7][gc          ] GC(599) Pause Young (Normal) (G1 Evacuation Pause) 410M->178M(512M) 1.929ms
[2023-11-16T00:01:14.054+0000][7][gc,cpu      ] GC(599) User=0.00s Sys=0.00s Real=0.00s
[2023-11-16T00:01:14.054+0000][7][safepoint   ] Safepoint "G1CollectForAllocation", Time since last: 2234331591 ns, Reaching safepoint: 35301 ns, At safepoint: 2033015 ns, Total: 2068316 ns
[2023-11-16T00:01:15.054+0000][7][safepoint   ] Safepoint "Cleanup", Time since last: 1000108878 ns, Reaching safepoint: 116808 ns, At safepoint: 14686 ns, Total: 131494 ns
[2023-11-16T00:01:16.055+0000][7][safepoint   ] Safepoint "Cleanup", Time since last: 1000212801 ns, Reaching safepoint: 150002 ns, At safepoint: 18877 ns, Total: 168879 ns
[2023-11-16T00:01:18.055+0000][7][safepoint   ] Safepoint "Cleanup", Time since last: 2000313476 ns, Reaching safepoint: 132766 ns, At safepoint: 19593 ns, Total: 152359 ns
[2023-11-16T00:01:20.056+0000][7][safepoint   ] Safepoint "Cleanup", Time since last: 2000311578 ns, Reaching safepoint: 282284 ns, At safepoint: 22258 ns, Total: 304542 ns
[2023-11-16T00:01:23.056+0000][7][safepoint   ] Safepoint "Cleanup", Time since last: 3000384481 ns, Reaching safepoint: 66891 ns, At safepoint: 10279 ns, Total: 77170 ns
[2023-11-16T00:01:24.057+0000][7][safepoint   ] Safepoint "Cleanup", Time since last: 1000125736 ns, Reaching safepoint: 141376 ns, At safepoint: 12624 ns, Total: 154000 ns
[2023-11-16T00:01:27.858+0000][7][gc,start    ] GC(600) Pause Young (Normal) (G1 Evacuation Pause)
[2023-11-16T00:01:27.858+0000][7][gc,task     ] GC(600) Using 8 workers of 8 for evacuation
[2023-11-16T00:01:27.859+0000][7][gc,age      ] GC(600) Desired survivor size 16777216 bytes, new threshold 15 (max threshold 15)
[2023-11-16T00:01:27.861+0000][7][gc,age      ] GC(600) Age table with threshold 15 (max threshold 15)
[2023-11-16T00:01:27.861+0000][7][gc,age      ] GC(600) - age   1:    1395528 bytes,    1395528 total
[2023-11-16T00:01:27.861+0000][7][gc,age      ] GC(600) - age   2:     391576 bytes,    1787104 total
[2023-11-16T00:01:27.861+0000][7][gc,age      ] GC(600) - age   3:       3328 bytes,    1790432 total
[2023-11-16T00:01:27.861+0000][7][gc,phases   ] GC(600)   Pre Evacuate Collection Set: 0.1ms
[2023-11-16T00:01:27.861+0000][7][gc,phases   ] GC(600)   Merge Heap Roots: 0.1ms
[2023-11-16T00:01:27.861+0000][7][gc,phases   ] GC(600)   Evacuate Collection Set: 1.6ms
[2023-11-16T00:01:27.861+0000][7][gc,phases   ] GC(600)   Post Evacuate Collection Set: 0.9ms
[2023-11-16T00:01:27.861+0000][7][gc,phases   ] GC(600)   Other: 0.3ms
[2023-11-16T00:01:27.861+0000][7][gc,heap     ] GC(600) Eden regions: 58->0(58)
[2023-11-16T00:01:27.861+0000][7][gc,heap     ] GC(600) Survivor regions: 1->1(8)
[2023-11-16T00:01:27.861+0000][7][gc,heap     ] GC(600) Old regions: 38->38
[2023-11-16T00:01:27.861+0000][7][gc,heap     ] GC(600) Archive regions: 2->2
[2023-11-16T00:01:27.861+0000][7][gc,heap     ] GC(600) Humongous regions: 6->6
[2023-11-16T00:01:27.862+0000][7][gc,metaspace] GC(600) Metaspace: 118715K(120448K)->118715K(120448K) NonClass: 103052K(104128K)->103052K(104128K) Class: 15662K(16320K)->15662K(16320K)
[2023-11-16T00:01:27.862+0000][7][gc          ] GC(600) Pause Young (Normal) (G1 Evacuation Pause) 410M->179M(512M) 3.127ms
[2023-11-16T00:01:27.862+0000][7][gc,cpu      ] GC(600) User=0.01s Sys=0.00s Real=0.00s
[2023-11-16T00:01:27.862+0000][7][safepoint   ] Safepoint "G1CollectForAllocation", Time since last: 3801612119 ns, Reaching safepoint: 52377 ns, At safepoint: 3261086 ns, Total: 3313463 ns
[2023-11-16T00:01:42.381+0000][7][gc,start    ] GC(601) Pause Young (Concurrent Start) (G1 Evacuation Pause)
[2023-11-16T00:01:42.381+0000][7][gc,task     ] GC(601) Using 8 workers of 8 for evacuation
[2023-11-16T00:01:42.381+0000][7][gc,age      ] GC(601) Desired survivor size 16777216 bytes, new threshold 15 (max threshold 15)
[2023-11-16T00:01:42.385+0000][7][gc,age      ] GC(601) Age table with threshold 15 (max threshold 15)
[2023-11-16T00:01:42.385+0000][7][gc,age      ] GC(601) - age   1:    1406464 bytes,    1406464 total
[2023-11-16T00:01:42.385+0000][7][gc,age      ] GC(601) - age   2:    1333328 bytes,    2739792 total
[2023-11-16T00:01:42.385+0000][7][gc,age      ] GC(601) - age   3:     376184 bytes,    3115976 total
[2023-11-16T00:01:42.385+0000][7][gc,age      ] GC(601) - age   4:       3328 bytes,    3119304 total
[2023-11-16T00:01:42.386+0000][7][gc,phases   ] GC(601)   Pre Evacuate Collection Set: 0.2ms
[2023-11-16T00:01:42.386+0000][7][gc,phases   ] GC(601)   Merge Heap Roots: 0.1ms
[2023-11-16T00:01:42.386+0000][7][gc,phases   ] GC(601)   Evacuate Collection Set: 2.9ms
[2023-11-16T00:01:42.386+0000][7][gc,phases   ] GC(601)   Post Evacuate Collection Set: 0.9ms
[2023-11-16T00:01:42.386+0000][7][gc,phases   ] GC(601)   Other: 0.3ms
[2023-11-16T00:01:42.386+0000][7][gc,heap     ] GC(601) Eden regions: 58->0(59)
[2023-11-16T00:01:42.386+0000][7][gc,heap     ] GC(601) Survivor regions: 1->1(8)
[2023-11-16T00:01:42.386+0000][7][gc,heap     ] GC(601) Old regions: 38->38
[2023-11-16T00:01:42.386+0000][7][gc,heap     ] GC(601) Archive regions: 2->2
[2023-11-16T00:01:42.386+0000][7][gc,heap     ] GC(601) Humongous regions: 6->6
[2023-11-16T00:01:42.386+0000][7][gc,metaspace] GC(601) Metaspace: 118715K(120448K)->118715K(120448K) NonClass: 103052K(104128K)->103052K(104128K) Class: 15662K(16320K)->15662K(16320K)
[2023-11-16T00:01:42.386+0000][7][gc          ] GC(601) Pause Young (Concurrent Start) (G1 Evacuation Pause) 411M->180M(512M) 4.592ms
[2023-11-16T00:01:42.386+0000][7][gc,cpu      ] GC(601) User=0.02s Sys=0.00s Real=0.01s
[2023-11-16T00:01:42.386+0000][7][safepoint   ] Safepoint "G1CollectForAllocation", Time since last: 14519379075 ns, Reaching safepoint: 62180 ns, At safepoint: 4733889 ns, Total: 4796069 ns
[2023-11-16T00:01:42.386+0000][7][gc          ] GC(602) Concurrent Mark Cycle
[2023-11-16T00:01:42.386+0000][7][gc,marking  ] GC(602) Concurrent Clear Claimed Marks
[2023-11-16T00:01:42.386+0000][7][gc,marking  ] GC(602) Concurrent Clear Claimed Marks 0.122ms
[2023-11-16T00:01:42.386+0000][7][gc,marking  ] GC(602) Concurrent Scan Root Regions
[2023-11-16T00:01:42.390+0000][7][gc,marking  ] GC(602) Concurrent Scan Root Regions 3.888ms
[2023-11-16T00:01:42.390+0000][7][gc,marking  ] GC(602) Concurrent Mark
[2023-11-16T00:01:42.390+0000][7][gc,marking  ] GC(602) Concurrent Mark From Roots
[2023-11-16T00:01:42.390+0000][7][gc,task     ] GC(602) Using 2 workers of 2 for marking
[2023-11-16T00:01:42.479+0000][7][gc,marking  ] GC(602) Concurrent Mark From Roots 89.232ms
[2023-11-16T00:01:42.479+0000][7][gc,marking  ] GC(602) Concurrent Preclean
[2023-11-16T00:01:42.479+0000][7][gc,marking  ] GC(602) Concurrent Preclean 0.167ms
[2023-11-16T00:01:42.479+0000][7][gc,start    ] GC(602) Pause Remark
[2023-11-16T00:01:42.485+0000][7][gc          ] GC(602) Pause Remark 183M->183M(512M) 5.301ms
[2023-11-16T00:01:42.485+0000][7][gc,cpu      ] GC(602) User=0.04s Sys=0.00s Real=0.01s
[2023-11-16T00:01:42.485+0000][7][safepoint   ] Safepoint "G1Concurrent", Time since last: 93626567 ns, Reaching safepoint: 22021 ns, At safepoint: 5413922 ns, Total: 5435943 ns
[2023-11-16T00:01:42.485+0000][7][gc,marking  ] GC(602) Concurrent Mark 94.971ms
[2023-11-16T00:01:42.485+0000][7][gc,marking  ] GC(602) Concurrent Rebuild Remembered Sets
[2023-11-16T00:01:42.519+0000][7][gc,marking  ] GC(602) Concurrent Rebuild Remembered Sets 33.727ms
[2023-11-16T00:01:42.519+0000][7][gc,start    ] GC(602) Pause Cleanup
[2023-11-16T00:01:42.519+0000][7][gc          ] GC(602) Pause Cleanup 183M->183M(512M) 0.072ms
[2023-11-16T00:01:42.519+0000][7][gc,cpu      ] GC(602) User=0.00s Sys=0.00s Real=0.00s
[2023-11-16T00:01:42.519+0000][7][safepoint   ] Safepoint "G1Concurrent", Time since last: 33851159 ns, Reaching safepoint: 54783 ns, At safepoint: 154165 ns, Total: 208948 ns
[2023-11-16T00:01:42.519+0000][7][gc,marking  ] GC(602) Concurrent Cleanup for Next Mark
[2023-11-16T00:01:42.519+0000][7][gc,marking  ] GC(602) Concurrent Cleanup for Next Mark 0.350ms
[2023-11-16T00:01:42.519+0000][7][gc          ] GC(602) Concurrent Mark Cycle 133.599ms
[2023-11-16T00:01:47.520+0000][7][safepoint   ] Safepoint "Cleanup", Time since last: 5000563952 ns, Reaching safepoint: 98253 ns, At safepoint: 17025 ns, Total: 115278 ns
[2023-11-16T00:01:57.309+0000][7][gc,start    ] GC(603) Pause Young (Prepare Mixed) (G1 Evacuation Pause)
[2023-11-16T00:01:57.309+0000][7][gc,task     ] GC(603) Using 8 workers of 8 for evacuation
[2023-11-16T00:01:57.309+0000][7][gc,age      ] GC(603) Desired survivor size 16777216 bytes, new threshold 15 (max threshold 15)
[2023-11-16T00:01:57.313+0000][7][gc,age      ] GC(603) Age table with threshold 15 (max threshold 15)
[2023-11-16T00:01:57.313+0000][7][gc,age      ] GC(603) - age   1:    1193936 bytes,    1193936 total
[2023-11-16T00:01:57.313+0000][7][gc,age      ] GC(603) - age   2:     332600 bytes,    1526536 total
[2023-11-16T00:01:57.313+0000][7][gc,age      ] GC(603) - age   3:    1291280 bytes,    2817816 total
[2023-11-16T00:01:57.313+0000][7][gc,age      ] GC(603) - age   4:     237368 bytes,    3055184 total
[2023-11-16T00:01:57.313+0000][7][gc,age      ] GC(603) - age   5:       1024 bytes,    3056208 total
[2023-11-16T00:01:57.313+0000][7][gc,phases   ] GC(603)   Pre Evacuate Collection Set: 0.1ms
[2023-11-16T00:01:57.313+0000][7][gc,phases   ] GC(603)   Merge Heap Roots: 0.1ms
[2023-11-16T00:01:57.313+0000][7][gc,phases   ] GC(603)   Evacuate Collection Set: 2.7ms
[2023-11-16T00:01:57.313+0000][7][gc,phases   ] GC(603)   Post Evacuate Collection Set: 0.8ms
[2023-11-16T00:01:57.313+0000][7][gc,phases   ] GC(603)   Other: 0.3ms
[2023-11-16T00:01:57.313+0000][7][gc,heap     ] GC(603) Eden regions: 59->0(5)
[2023-11-16T00:01:57.313+0000][7][gc,heap     ] GC(603) Survivor regions: 1->1(8)
[2023-11-16T00:01:57.313+0000][7][gc,heap     ] GC(603) Old regions: 38->38
[2023-11-16T00:01:57.313+0000][7][gc,heap     ] GC(603) Archive regions: 2->2
[2023-11-16T00:01:57.313+0000][7][gc,heap     ] GC(603) Humongous regions: 6->6
[2023-11-16T00:01:57.314+0000][7][gc,metaspace] GC(603) Metaspace: 118715K(120448K)->118715K(120448K) NonClass: 103052K(104128K)->103052K(104128K) Class: 15662K(16320K)->15662K(16320K)
[2023-11-16T00:01:57.314+0000][7][gc          ] GC(603) Pause Young (Prepare Mixed) (G1 Evacuation Pause) 416M->180M(512M) 4.217ms
[2023-11-16T00:01:57.314+0000][7][gc,cpu      ] GC(603) User=0.02s Sys=0.00s Real=0.00s
[2023-11-16T00:01:57.314+0000][7][safepoint   ] Safepoint "G1CollectForAllocation", Time since last: 9789617950 ns, Reaching safepoint: 55952 ns, At safepoint: 4347882 ns, Total: 4403834 ns
[2023-11-16T00:01:59.008+0000][7][gc,start    ] GC(604) Pause Young (Mixed) (G1 Evacuation Pause)
[2023-11-16T00:01:59.008+0000][7][gc,task     ] GC(604) Using 8 workers of 8 for evacuation
[2023-11-16T00:01:59.008+0000][7][gc,age      ] GC(604) Desired survivor size 2097152 bytes, new threshold 3 (max threshold 15)
[2023-11-16T00:01:59.025+0000][7][gc,age      ] GC(604) Age table with threshold 3 (max threshold 15)
[2023-11-16T00:01:59.026+0000][7][gc,age      ] GC(604) - age   1:     162848 bytes,     162848 total
[2023-11-16T00:01:59.026+0000][7][gc,age      ] GC(604) - age   2:    1160704 bytes,    1323552 total
[2023-11-16T00:01:59.026+0000][7][gc,age      ] GC(604) - age   3:     332600 bytes,    1656152 total
[2023-11-16T00:01:59.026+0000][7][gc,phases   ] GC(604)   Pre Evacuate Collection Set: 0.2ms
[2023-11-16T00:01:59.026+0000][7][gc,phases   ] GC(604)   Merge Heap Roots: 0.2ms
[2023-11-16T00:01:59.026+0000][7][gc,phases   ] GC(604)   Evacuate Collection Set: 16.1ms
[2023-11-16T00:01:59.026+0000][7][gc,phases   ] GC(604)   Post Evacuate Collection Set: 0.9ms
[2023-11-16T00:01:59.026+0000][7][gc,phases   ] GC(604)   Other: 0.3ms
[2023-11-16T00:01:59.026+0000][7][gc,heap     ] GC(604) Eden regions: 5->0(60)
[2023-11-16T00:01:59.026+0000][7][gc,heap     ] GC(604) Survivor regions: 1->1(1)
[2023-11-16T00:01:59.026+0000][7][gc,heap     ] GC(604) Old regions: 38->37
[2023-11-16T00:01:59.026+0000][7][gc,heap     ] GC(604) Archive regions: 2->2
[2023-11-16T00:01:59.026+0000][7][gc,heap     ] GC(604) Humongous regions: 6->6
[2023-11-16T00:01:59.026+0000][7][gc,metaspace] GC(604) Metaspace: 118715K(120448K)->118715K(120448K) NonClass: 103052K(104128K)->103052K(104128K) Class: 15662K(16320K)->15662K(16320K)
[2023-11-16T00:01:59.026+0000][7][gc          ] GC(604) Pause Young (Mixed) (G1 Evacuation Pause) 200M->177M(512M) 17.771ms
[2023-11-16T00:01:59.026+0000][7][gc,cpu      ] GC(604) User=0.04s Sys=0.02s Real=0.02s
[2023-11-16T00:01:59.026+0000][7][safepoint   ] Safepoint "G1CollectForAllocation", Time since last: 1694154479 ns, Reaching safepoint: 112361 ns, At safepoint: 17915590 ns, Total: 18027951 ns
[2023-11-16T00:02:02.026+0000][7][safepoint   ] Safepoint "Cleanup", Time since last: 3000271250 ns, Reaching safepoint: 73402 ns, At safepoint: 8477 ns, Total: 81879 ns
[2023-11-16T00:02:03.027+0000][7][safepoint   ] Safepoint "Cleanup", Time since last: 1000391038 ns, Reaching safepoint: 106986 ns, At safepoint: 15045 ns, Total: 122031 ns
[2023-11-16T00:02:14.054+0000][7][gc,start    ] GC(605) Pause Young (Normal) (G1 Evacuation Pause)
[2023-11-16T00:02:14.054+0000][7][gc,task     ] GC(605) Using 8 workers of 8 for evacuation
[2023-11-16T00:02:14.054+0000][7][gc,age      ] GC(605) Desired survivor size 16777216 bytes, new threshold 15 (max threshold 15)
[2023-11-16T00:02:14.058+0000][7][gc,age      ] GC(605) Age table with threshold 15 (max threshold 15)
[2023-11-16T00:02:14.058+0000][7][gc,age      ] GC(605) - age   1:    1367272 bytes,    1367272 total
[2023-11-16T00:02:14.058+0000][7][gc,age      ] GC(605) - age   2:      48112 bytes,    1415384 total
[2023-11-16T00:02:14.058+0000][7][gc,age      ] GC(605) - age   3:     376032 bytes,    1791416 total
[2023-11-16T00:02:14.058+0000][7][gc,age      ] GC(605) - age   4:     316856 bytes,    2108272 total
[2023-11-16T00:02:14.059+0000][7][gc,phases   ] GC(605)   Pre Evacuate Collection Set: 0.2ms
[2023-11-16T00:02:14.059+0000][7][gc,phases   ] GC(605)   Merge Heap Roots: 0.1ms
[2023-11-16T00:02:14.059+0000][7][gc,phases   ] GC(605)   Evacuate Collection Set: 2.4ms
[2023-11-16T00:02:14.059+0000][7][gc,phases   ] GC(605)   Post Evacuate Collection Set: 1.4ms
[2023-11-16T00:02:14.059+0000][7][gc,phases   ] GC(605)   Other: 0.5ms
[2023-11-16T00:02:14.059+0000][7][gc,heap     ] GC(605) Eden regions: 60->0(60)
[2023-11-16T00:02:14.059+0000][7][gc,heap     ] GC(605) Survivor regions: 1->1(8)
[2023-11-16T00:02:14.059+0000][7][gc,heap     ] GC(605) Old regions: 37->37
[2023-11-16T00:02:14.059+0000][7][gc,heap     ] GC(605) Archive regions: 2->2
[2023-11-16T00:02:14.059+0000][7][gc,heap     ] GC(605) Humongous regions: 6->6
[2023-11-16T00:02:14.059+0000][7][gc,metaspace] GC(605) Metaspace: 118715K(120448K)->118715K(120448K) NonClass: 103052K(104128K)->103052K(104128K) Class: 15662K(16320K)->15662K(16320K)
[2023-11-16T00:02:14.059+0000][7][gc          ] GC(605) Pause Young (Normal) (G1 Evacuation Pause) 417M->177M(512M) 4.695ms
[2023-11-16T00:02:14.059+0000][7][gc,cpu      ] GC(605) User=0.02s Sys=0.00s Real=0.01s
[2023-11-16T00:02:14.059+0000][7][safepoint   ] Safepoint "G1CollectForAllocation", Time since last: 11027306703 ns, Reaching safepoint: 90387 ns, At safepoint: 4875575 ns, Total: 4965962 ns
[2023-11-16T00:02:18.060+0000][7][safepoint   ] Safepoint "Cleanup", Time since last: 4000409002 ns, Reaching safepoint: 153496 ns, At safepoint: 26848 ns, Total: 180344 ns
[2023-11-16T00:02:28.946+0000][7][gc,start    ] GC(606) Pause Young (Normal) (G1 Evacuation Pause)
[2023-11-16T00:02:28.946+0000][7][gc,task     ] GC(606) Using 8 workers of 8 for evacuation
[2023-11-16T00:02:28.946+0000][7][gc,age      ] GC(606) Desired survivor size 16777216 bytes, new threshold 15 (max threshold 15)
[2023-11-16T00:02:28.949+0000][7][gc,age      ] GC(606) Age table with threshold 15 (max threshold 15)
[2023-11-16T00:02:28.949+0000][7][gc,age      ] GC(606) - age   1:    1127344 bytes,    1127344 total
[2023-11-16T00:02:28.949+0000][7][gc,age      ] GC(606) - age   2:     271072 bytes,    1398416 total
[2023-11-16T00:02:28.949+0000][7][gc,age      ] GC(606) - age   3:      48112 bytes,    1446528 total
[2023-11-16T00:02:28.949+0000][7][gc,age      ] GC(606) - age   4:     375480 bytes,    1822008 total
[2023-11-16T00:02:28.949+0000][7][gc,age      ] GC(606) - age   5:     299520 bytes,    2121528 total
[2023-11-16T00:02:28.950+0000][7][gc,phases   ] GC(606)   Pre Evacuate Collection Set: 0.2ms
[2023-11-16T00:02:28.950+0000][7][gc,phases   ] GC(606)   Merge Heap Roots: 0.1ms
[2023-11-16T00:02:28.950+0000][7][gc,phases   ] GC(606)   Evacuate Collection Set: 2.2ms
[2023-11-16T00:02:28.950+0000][7][gc,phases   ] GC(606)   Post Evacuate Collection Set: 0.9ms
[2023-11-16T00:02:28.950+0000][7][gc,phases   ] GC(606)   Other: 0.4ms
[2023-11-16T00:02:28.950+0000][7][gc,heap     ] GC(606) Eden regions: 60->0(60)
[2023-11-16T00:02:28.950+0000][7][gc,heap     ] GC(606) Survivor regions: 1->1(8)
[2023-11-16T00:02:28.950+0000][7][gc,heap     ] GC(606) Old regions: 37->37
[2023-11-16T00:02:28.950+0000][7][gc,heap     ] GC(606) Archive regions: 2->2
[2023-11-16T00:02:28.950+0000][7][gc,heap     ] GC(606) Humongous regions: 6->6
[2023-11-16T00:02:28.950+0000][7][gc,metaspace] GC(606) Metaspace: 118715K(120448K)->118715K(120448K) NonClass: 103052K(104128K)->103052K(104128K) Class: 15662K(16320K)->15662K(16320K)
[2023-11-16T00:02:28.950+0000][7][gc          ] GC(606) Pause Young (Normal) (G1 Evacuation Pause) 417M->177M(512M) 3.972ms
[2023-11-16T00:02:28.950+0000][7][gc,cpu      ] GC(606) User=0.01s Sys=0.00s Real=0.00s
[2023-11-16T00:02:28.950+0000][7][safepoint   ] Safepoint "G1CollectForAllocation", Time since last: 10886039303 ns, Reaching safepoint: 91842 ns, At safepoint: 4115710 ns, Total: 4207552 ns
[2023-11-16T00:02:44.921+0000][7][gc,start    ] GC(607) Pause Young (Concurrent Start) (G1 Evacuation Pause)
[2023-11-16T00:02:44.922+0000][7][gc,task     ] GC(607) Using 8 workers of 8 for evacuation
[2023-11-16T00:02:44.922+0000][7][gc,age      ] GC(607) Desired survivor size 16777216 bytes, new threshold 15 (max threshold 15)
[2023-11-16T00:02:44.927+0000][7][gc,age      ] GC(607) Age table with threshold 15 (max threshold 15)
[2023-11-16T00:02:44.927+0000][7][gc,age      ] GC(607) - age   1:    1011936 bytes,    1011936 total
[2023-11-16T00:02:44.928+0000][7][gc,age      ] GC(607) - age   2:     301312 bytes,    1313248 total
[2023-11-16T00:02:44.928+0000][7][gc,age      ] GC(607) - age   3:     255960 bytes,    1569208 total
[2023-11-16T00:02:44.928+0000][7][gc,age      ] GC(607) - age   4:      48112 bytes,    1617320 total
[2023-11-16T00:02:44.928+0000][7][gc,age      ] GC(607) - age   5:     374904 bytes,    1992224 total
[2023-11-16T00:02:44.928+0000][7][gc,age      ] GC(607) - age   6:     298640 bytes,    2290864 total
[2023-11-16T00:02:44.928+0000][7][gc,phases   ] GC(607)   Pre Evacuate Collection Set: 0.4ms
[2023-11-16T00:02:44.928+0000][7][gc,phases   ] GC(607)   Merge Heap Roots: 0.2ms
[2023-11-16T00:02:44.928+0000][7][gc,phases   ] GC(607)   Evacuate Collection Set: 3.8ms
[2023-11-16T00:02:44.928+0000][7][gc,phases   ] GC(607)   Post Evacuate Collection Set: 1.3ms
[2023-11-16T00:02:44.928+0000][7][gc,phases   ] GC(607)   Other: 0.6ms
[2023-11-16T00:02:44.928+0000][7][gc,heap     ] GC(607) Eden regions: 60->0(60)
[2023-11-16T00:02:44.928+0000][7][gc,heap     ] GC(607) Survivor regions: 1->1(8)
[2023-11-16T00:02:44.928+0000][7][gc,heap     ] GC(607) Old regions: 37->37
[2023-11-16T00:02:44.928+0000][7][gc,heap     ] GC(607) Archive regions: 2->2
[2023-11-16T00:02:44.928+0000][7][gc,heap     ] GC(607) Humongous regions: 6->6
[2023-11-16T00:02:44.928+0000][7][gc,metaspace] GC(607) Metaspace: 118715K(120448K)->118715K(120448K) NonClass: 103052K(104128K)->103052K(104128K) Class: 15662K(16320K)->15662K(16320K)
[2023-11-16T00:02:44.928+0000][7][gc          ] GC(607) Pause Young (Concurrent Start) (G1 Evacuation Pause) 417M->177M(512M) 6.429ms
[2023-11-16T00:02:44.928+0000][7][gc,cpu      ] GC(607) User=0.02s Sys=0.01s Real=0.01s
[2023-11-16T00:02:44.928+0000][7][safepoint   ] Safepoint "G1CollectForAllocation", Time since last: 15971496167 ns, Reaching safepoint: 102717 ns, At safepoint: 6647152 ns, Total: 6749869 ns
[2023-11-16T00:02:44.928+0000][7][gc          ] GC(608) Concurrent Mark Cycle
[2023-11-16T00:02:44.928+0000][7][gc,marking  ] GC(608) Concurrent Clear Claimed Marks
[2023-11-16T00:02:44.928+0000][7][gc,marking  ] GC(608) Concurrent Clear Claimed Marks 0.184ms
[2023-11-16T00:02:44.928+0000][7][gc,marking  ] GC(608) Concurrent Scan Root Regions
[2023-11-16T00:02:44.933+0000][7][gc,marking  ] GC(608) Concurrent Scan Root Regions 4.492ms
[2023-11-16T00:02:44.933+0000][7][gc,marking  ] GC(608) Concurrent Mark
[2023-11-16T00:02:44.933+0000][7][gc,marking  ] GC(608) Concurrent Mark From Roots
[2023-11-16T00:02:44.933+0000][7][gc,task     ] GC(608) Using 2 workers of 2 for marking
[2023-11-16T00:02:45.013+0000][7][gc,marking  ] GC(608) Concurrent Mark From Roots 79.834ms
[2023-11-16T00:02:45.013+0000][7][gc,marking  ] GC(608) Concurrent Preclean
[2023-11-16T00:02:45.013+0000][7][gc,marking  ] GC(608) Concurrent Preclean 0.163ms
[2023-11-16T00:02:45.013+0000][7][gc,start    ] GC(608) Pause Remark
[2023-11-16T00:02:45.019+0000][7][gc          ] GC(608) Pause Remark 180M->180M(512M) 5.730ms
[2023-11-16T00:02:45.019+0000][7][gc,cpu      ] GC(608) User=0.04s Sys=0.00s Real=0.01s
[2023-11-16T00:02:45.019+0000][7][safepoint   ] Safepoint "G1Concurrent", Time since last: 85021375 ns, Reaching safepoint: 19216 ns, At safepoint: 5839834 ns, Total: 5859050 ns
[2023-11-16T00:02:45.019+0000][7][gc,marking  ] GC(608) Concurrent Mark 86.009ms
[2023-11-16T00:02:45.019+0000][7][gc,marking  ] GC(608) Concurrent Rebuild Remembered Sets
[2023-11-16T00:02:45.052+0000][7][gc,marking  ] GC(608) Concurrent Rebuild Remembered Sets 32.873ms
[2023-11-16T00:02:45.052+0000][7][gc,start    ] GC(608) Pause Cleanup
[2023-11-16T00:02:45.052+0000][7][gc          ] GC(608) Pause Cleanup 180M->180M(512M) 0.073ms
[2023-11-16T00:02:45.052+0000][7][gc,cpu      ] GC(608) User=0.00s Sys=0.00s Real=0.00s
[2023-11-16T00:02:45.052+0000][7][safepoint   ] Safepoint "G1Concurrent", Time since last: 32944677 ns, Reaching safepoint: 49193 ns, At safepoint: 127340 ns, Total: 176533 ns
[2023-11-16T00:02:45.052+0000][7][gc,marking  ] GC(608) Concurrent Cleanup for Next Mark
[2023-11-16T00:02:45.053+0000][7][gc,marking  ] GC(608) Concurrent Cleanup for Next Mark 0.623ms
[2023-11-16T00:02:45.053+0000][7][gc          ] GC(608) Concurrent Mark Cycle 124.735ms
[2023-11-16T00:02:59.811+0000][7][gc,start    ] GC(609) Pause Young (Prepare Mixed) (G1 Evacuation Pause)
[2023-11-16T00:02:59.811+0000][7][gc,task     ] GC(609) Using 8 workers of 8 for evacuation
[2023-11-16T00:02:59.812+0000][7][gc,age      ] GC(609) Desired survivor size 16777216 bytes, new threshold 15 (max threshold 15)
[2023-11-16T00:02:59.815+0000][7][gc,age      ] GC(609) Age table with threshold 15 (max threshold 15)
[2023-11-16T00:02:59.815+0000][7][gc,age      ] GC(609) - age   1:     896496 bytes,     896496 total
[2023-11-16T00:02:59.815+0000][7][gc,age      ] GC(609) - age   2:     421384 bytes,    1317880 total
[2023-11-16T00:02:59.815+0000][7][gc,age      ] GC(609) - age   3:     285040 bytes,    1602920 total
[2023-11-16T00:02:59.815+0000][7][gc,age      ] GC(609) - age   4:     254944 bytes,    1857864 total
[2023-11-16T00:02:59.815+0000][7][gc,age      ] GC(609) - age   5:      48112 bytes,    1905976 total
[2023-11-16T00:02:59.815+0000][7][gc,age      ] GC(609) - age   6:     374712 bytes,    2280688 total
[2023-11-16T00:02:59.815+0000][7][gc,age      ] GC(609) - age   7:     298576 bytes,    2579264 total
[2023-11-16T00:02:59.815+0000][7][gc,phases   ] GC(609)   Pre Evacuate Collection Set: 0.1ms
[2023-11-16T00:02:59.815+0000][7][gc,phases   ] GC(609)   Merge Heap Roots: 0.1ms
[2023-11-16T00:02:59.815+0000][7][gc,phases   ] GC(609)   Evacuate Collection Set: 2.3ms
[2023-11-16T00:02:59.815+0000][7][gc,phases   ] GC(609)   Post Evacuate Collection Set: 1.1ms
[2023-11-16T00:02:59.815+0000][7][gc,phases   ] GC(609)   Other: 0.3ms
[2023-11-16T00:02:59.815+0000][7][gc,heap     ] GC(609) Eden regions: 60->0(5)
[2023-11-16T00:02:59.815+0000][7][gc,heap     ] GC(609) Survivor regions: 1->1(8)
[2023-11-16T00:02:59.815+0000][7][gc,heap     ] GC(609) Old regions: 37->37
[2023-11-16T00:02:59.815+0000][7][gc,heap     ] GC(609) Archive regions: 2->2
[2023-11-16T00:02:59.815+0000][7][gc,heap     ] GC(609) Humongous regions: 6->6
[2023-11-16T00:02:59.815+0000][7][gc,metaspace] GC(609) Metaspace: 118715K(120448K)->118715K(120448K) NonClass: 103052K(104128K)->103052K(104128K) Class: 15662K(16320K)->15662K(16320K)
[2023-11-16T00:02:59.815+0000][7][gc          ] GC(609) Pause Young (Prepare Mixed) (G1 Evacuation Pause) 417M->178M(512M) 4.033ms
[2023-11-16T00:02:59.815+0000][7][gc,cpu      ] GC(609) User=0.02s Sys=0.00s Real=0.01s
[2023-11-16T00:02:59.816+0000][7][safepoint   ] Safepoint "G1CollectForAllocation", Time since last: 14759226391 ns, Reaching safepoint: 103498 ns, At safepoint: 4186539 ns, Total: 4290037 ns
[2023-11-16T00:03:01.309+0000][7][gc,start    ] GC(610) Pause Young (Mixed) (G1 Evacuation Pause)
[2023-11-16T00:03:01.310+0000][7][gc,task     ] GC(610) Using 8 workers of 8 for evacuation
[2023-11-16T00:03:01.310+0000][7][gc,age      ] GC(610) Desired survivor size 2097152 bytes, new threshold 6 (max threshold 15)
[2023-11-16T00:03:01.322+0000][7][gc,age      ] GC(610) Age table with threshold 6 (max threshold 15)
[2023-11-16T00:03:01.322+0000][7][gc,age      ] GC(610) - age   1:    1061592 bytes,    1061592 total
[2023-11-16T00:03:01.322+0000][7][gc,age      ] GC(610) - age   2:     811800 bytes,    1873392 total
[2023-11-16T00:03:01.322+0000][7][gc,age      ] GC(610) - age   3:     421384 bytes,    2294776 total
[2023-11-16T00:03:01.322+0000][7][gc,age      ] GC(610) - age   4:     284944 bytes,    2579720 total
[2023-11-16T00:03:01.322+0000][7][gc,age      ] GC(610) - age   5:     254944 bytes,    2834664 total
[2023-11-16T00:03:01.322+0000][7][gc,age      ] GC(610) - age   6:      48112 bytes,    2882776 total
[2023-11-16T00:03:01.322+0000][7][gc,phases   ] GC(610)   Pre Evacuate Collection Set: 0.1ms
[2023-11-16T00:03:01.322+0000][7][gc,phases   ] GC(610)   Merge Heap Roots: 0.1ms
[2023-11-16T00:03:01.322+0000][7][gc,phases   ] GC(610)   Evacuate Collection Set: 11.4ms
[2023-11-16T00:03:01.322+0000][7][gc,phases   ] GC(610)   Post Evacuate Collection Set: 0.8ms
[2023-11-16T00:03:01.322+0000][7][gc,phases   ] GC(610)   Other: 0.3ms
[2023-11-16T00:03:01.322+0000][7][gc,heap     ] GC(610) Eden regions: 5->0(60)
[2023-11-16T00:03:01.322+0000][7][gc,heap     ] GC(610) Survivor regions: 1->1(1)
[2023-11-16T00:03:01.322+0000][7][gc,heap     ] GC(610) Old regions: 37->37
[2023-11-16T00:03:01.322+0000][7][gc,heap     ] GC(610) Archive regions: 2->2
[2023-11-16T00:03:01.322+0000][7][gc,heap     ] GC(610) Humongous regions: 6->6
[2023-11-16T00:03:01.322+0000][7][gc,metaspace] GC(610) Metaspace: 118715K(120448K)->118715K(120448K) NonClass: 103052K(104128K)->103052K(104128K) Class: 15662K(16320K)->15662K(16320K)
[2023-11-16T00:03:01.322+0000][7][gc          ] GC(610) Pause Young (Mixed) (G1 Evacuation Pause) 198M->177M(512M) 12.686ms
[2023-11-16T00:03:01.322+0000][7][gc,cpu      ] GC(610) User=0.03s Sys=0.01s Real=0.01s
[2023-11-16T00:03:01.322+0000][7][safepoint   ] Safepoint "G1CollectForAllocation", Time since last: 1493793861 ns, Reaching safepoint: 85161 ns, At safepoint: 12812286 ns, Total: 12897447 ns
[2023-11-16T00:03:15.958+0000][7][gc,start    ] GC(611) Pause Young (Normal) (G1 Evacuation Pause)
[2023-11-16T00:03:15.958+0000][7][gc,task     ] GC(611) Using 8 workers of 8 for evacuation
[2023-11-16T00:03:15.958+0000][7][gc,age      ] GC(611) Desired survivor size 16777216 bytes, new threshold 15 (max threshold 15)
[2023-11-16T00:03:15.961+0000][7][gc,age      ] GC(611) Age table with threshold 15 (max threshold 15)
[2023-11-16T00:03:15.961+0000][7][gc,age      ] GC(611) - age   1:     769304 bytes,     769304 total
[2023-11-16T00:03:15.961+0000][7][gc,age      ] GC(611) - age   2:     950616 bytes,    1719920 total
[2023-11-16T00:03:15.961+0000][7][gc,age      ] GC(611) - age   3:     360888 bytes,    2080808 total
[2023-11-16T00:03:15.961+0000][7][gc,age      ] GC(611) - age   4:     406032 bytes,    2486840 total
[2023-11-16T00:03:15.961+0000][7][gc,age      ] GC(611) - age   5:     284368 bytes,    2771208 total
[2023-11-16T00:03:15.961+0000][7][gc,age      ] GC(611) - age   6:     254216 bytes,    3025424 total
[2023-11-16T00:03:15.961+0000][7][gc,age      ] GC(611) - age   7:      48112 bytes,    3073536 total
[2023-11-16T00:03:15.961+0000][7][gc,phases   ] GC(611)   Pre Evacuate Collection Set: 0.1ms
[2023-11-16T00:03:15.961+0000][7][gc,phases   ] GC(611)   Merge Heap Roots: 0.1ms
[2023-11-16T00:03:15.961+0000][7][gc,phases   ] GC(611)   Evacuate Collection Set: 1.9ms
[2023-11-16T00:03:15.961+0000][7][gc,phases   ] GC(611)   Post Evacuate Collection Set: 0.9ms
[2023-11-16T00:03:15.961+0000][7][gc,phases   ] GC(611)   Other: 0.3ms
[2023-11-16T00:03:15.961+0000][7][gc,heap     ] GC(611) Eden regions: 60->0(60)
[2023-11-16T00:03:15.961+0000][7][gc,heap     ] GC(611) Survivor regions: 1->1(8)
[2023-11-16T00:03:15.961+0000][7][gc,heap     ] GC(611) Old regions: 37->37
[2023-11-16T00:03:15.961+0000][7][gc,heap     ] GC(611) Archive regions: 2->2
[2023-11-16T00:03:15.961+0000][7][gc,heap     ] GC(611) Humongous regions: 6->6
[2023-11-16T00:03:15.961+0000][7][gc,metaspace] GC(611) Metaspace: 118715K(120448K)->118715K(120448K) NonClass: 103052K(104128K)->103052K(104128K) Class: 15662K(16320K)->15662K(16320K)
[2023-11-16T00:03:15.961+0000][7][gc          ] GC(611) Pause Young (Normal) (G1 Evacuation Pause) 417M->177M(512M) 3.497ms
[2023-11-16T00:03:15.961+0000][7][gc,cpu      ] GC(611) User=0.01s Sys=0.00s Real=0.00s
[2023-11-16T00:03:15.961+0000][7][safepoint   ] Safepoint "G1CollectForAllocation", Time since last: 14635449962 ns, Reaching safepoint: 54399 ns, At safepoint: 3628341 ns, Total: 3682740 ns
[2023-11-16T00:03:26.963+0000][7][safepoint   ] Safepoint "Cleanup", Time since last: 11001278087 ns, Reaching safepoint: 160050 ns, At safepoint: 12968 ns, Total: 173018 ns
[2023-11-16T00:03:29.228+0000][7][gc,start    ] GC(612) Pause Young (Normal) (G1 Evacuation Pause)
[2023-11-16T00:03:29.228+0000][7][gc,task     ] GC(612) Using 8 workers of 8 for evacuation
[2023-11-16T00:03:29.229+0000][7][gc,age      ] GC(612) Desired survivor size 16777216 bytes, new threshold 15 (max threshold 15)
[2023-11-16T00:03:29.232+0000][7][gc,age      ] GC(612) Age table with threshold 15 (max threshold 15)
[2023-11-16T00:03:29.233+0000][7][gc,age      ] GC(612) - age   1:    1314696 bytes,    1314696 total
[2023-11-16T00:03:29.233+0000][7][gc,age      ] GC(612) - age   2:     433208 bytes,    1747904 total
[2023-11-16T00:03:29.233+0000][7][gc,age      ] GC(612) - age   3:     950616 bytes,    2698520 total
[2023-11-16T00:03:29.233+0000][7][gc,age      ] GC(612) - age   4:     307296 bytes,    3005816 total
[2023-11-16T00:03:29.233+0000][7][gc,age      ] GC(612) - age   5:     269224 bytes,    3275040 total
[2023-11-16T00:03:29.233+0000][7][gc,age      ] GC(612) - age   6:     283424 bytes,    3558464 total
[2023-11-16T00:03:29.233+0000][7][gc,age      ] GC(612) - age   7:     254104 bytes,    3812568 total
[2023-11-16T00:03:29.233+0000][7][gc,age      ] GC(612) - age   8:      48112 bytes,    3860680 total
[2023-11-16T00:03:29.233+0000][7][gc,phases   ] GC(612)   Pre Evacuate Collection Set: 0.2ms
[2023-11-16T00:03:29.233+0000][7][gc,phases   ] GC(612)   Merge Heap Roots: 0.1ms
[2023-11-16T00:03:29.233+0000][7][gc,phases   ] GC(612)   Evacuate Collection Set: 2.4ms
[2023-11-16T00:03:29.233+0000][7][gc,phases   ] GC(612)   Post Evacuate Collection Set: 1.2ms
[2023-11-16T00:03:29.233+0000][7][gc,phases   ] GC(612)   Other: 0.4ms
[2023-11-16T00:03:29.233+0000][7][gc,heap     ] GC(612) Eden regions: 60->0(60)
[2023-11-16T00:03:29.233+0000][7][gc,heap     ] GC(612) Survivor regions: 1->1(8)
[2023-11-16T00:03:29.233+0000][7][gc,heap     ] GC(612) Old regions: 37->37
[2023-11-16T00:03:29.233+0000][7][gc,heap     ] GC(612) Archive regions: 2->2
[2023-11-16T00:03:29.233+0000][7][gc,heap     ] GC(612) Humongous regions: 6->6
[2023-11-16T00:03:29.233+0000][7][gc,metaspace] GC(612) Metaspace: 118715K(120448K)->118715K(120448K) NonClass: 103052K(104128K)->103052K(104128K) Class: 15662K(16320K)->15662K(16320K)
[2023-11-16T00:03:29.233+0000][7][gc          ] GC(612) Pause Young (Normal) (G1 Evacuation Pause) 417M->177M(512M) 4.459ms
[2023-11-16T00:03:29.233+0000][7][gc,cpu      ] GC(612) User=0.02s Sys=0.00s Real=0.00s
[2023-11-16T00:03:29.233+0000][7][safepoint   ] Safepoint "G1CollectForAllocation", Time since last: 2265417408 ns, Reaching safepoint: 125424 ns, At safepoint: 4624294 ns, Total: 4749718 ns
[2023-11-16T00:03:44.510+0000][7][gc,start    ] GC(613) Pause Young (Concurrent Start) (G1 Evacuation Pause)
[2023-11-16T00:03:44.510+0000][7][gc,task     ] GC(613) Using 8 workers of 8 for evacuation
[2023-11-16T00:03:44.510+0000][7][gc,age      ] GC(613) Desired survivor size 16777216 bytes, new threshold 15 (max threshold 15)
[2023-11-16T00:03:44.516+0000][7][gc,age      ] GC(613) Age table with threshold 15 (max threshold 15)
[2023-11-16T00:03:44.516+0000][7][gc,age      ] GC(613) - age   1:     444248 bytes,     444248 total
[2023-11-16T00:03:44.516+0000][7][gc,age      ] GC(613) - age   2:     504088 bytes,     948336 total
[2023-11-16T00:03:44.516+0000][7][gc,age      ] GC(613) - age   3:     417472 bytes,    1365808 total
[2023-11-16T00:03:44.516+0000][7][gc,age      ] GC(613) - age   4:     950616 bytes,    2316424 total
[2023-11-16T00:03:44.516+0000][7][gc,age      ] GC(613) - age   5:     307136 bytes,    2623560 total
[2023-11-16T00:03:44.516+0000][7][gc,age      ] GC(613) - age   6:     268048 bytes,    2891608 total
[2023-11-16T00:03:44.516+0000][7][gc,age      ] GC(613) - age   7:     283360 bytes,    3174968 total
[2023-11-16T00:03:44.516+0000][7][gc,age      ] GC(613) - age   8:     254040 bytes,    3429008 total
[2023-11-16T00:03:44.516+0000][7][gc,age      ] GC(613) - age   9:      48112 bytes,    3477120 total
[2023-11-16T00:03:44.516+0000][7][gc,phases   ] GC(613)   Pre Evacuate Collection Set: 0.4ms
[2023-11-16T00:03:44.516+0000][7][gc,phases   ] GC(613)   Merge Heap Roots: 0.2ms
[2023-11-16T00:03:44.516+0000][7][gc,phases   ] GC(613)   Evacuate Collection Set: 3.9ms
[2023-11-16T00:03:44.516+0000][7][gc,phases   ] GC(613)   Post Evacuate Collection Set: 1.3ms
[2023-11-16T00:03:44.516+0000][7][gc,phases   ] GC(613)   Other: 0.6ms
[2023-11-16T00:03:44.516+0000][7][gc,heap     ] GC(613) Eden regions: 60->0(60)
[2023-11-16T00:03:44.516+0000][7][gc,heap     ] GC(613) Survivor regions: 1->1(8)
[2023-11-16T00:03:44.516+0000][7][gc,heap     ] GC(613) Old regions: 37->37
[2023-11-16T00:03:44.516+0000][7][gc,heap     ] GC(613) Archive regions: 2->2
[2023-11-16T00:03:44.516+0000][7][gc,heap     ] GC(613) Humongous regions: 6->6
[2023-11-16T00:03:44.516+0000][7][gc,metaspace] GC(613) Metaspace: 118715K(120448K)->118715K(120448K) NonClass: 103052K(104128K)->103052K(104128K) Class: 15662K(16320K)->15662K(16320K)
[2023-11-16T00:03:44.516+0000][7][gc          ] GC(613) Pause Young (Concurrent Start) (G1 Evacuation Pause) 417M->177M(512M) 6.415ms
[2023-11-16T00:03:44.516+0000][7][gc,cpu      ] GC(613) User=0.03s Sys=0.00s Real=0.01s
[2023-11-16T00:03:44.516+0000][7][safepoint   ] Safepoint "G1CollectForAllocation", Time since last: 15276418491 ns, Reaching safepoint: 102429 ns, At safepoint: 6619884 ns, Total: 6722313 ns
[2023-11-16T00:03:44.516+0000][7][gc          ] GC(614) Concurrent Mark Cycle
[2023-11-16T00:03:44.516+0000][7][gc,marking  ] GC(614) Concurrent Clear Claimed Marks
[2023-11-16T00:03:44.516+0000][7][gc,marking  ] GC(614) Concurrent Clear Claimed Marks 0.182ms
[2023-11-16T00:03:44.516+0000][7][gc,marking  ] GC(614) Concurrent Scan Root Regions
[2023-11-16T00:03:44.521+0000][7][gc,marking  ] GC(614) Concurrent Scan Root Regions 4.296ms
[2023-11-16T00:03:44.521+0000][7][gc,marking  ] GC(614) Concurrent Mark
[2023-11-16T00:03:44.521+0000][7][gc,marking  ] GC(614) Concurrent Mark From Roots
[2023-11-16T00:03:44.521+0000][7][gc,task     ] GC(614) Using 2 workers of 2 for marking
[2023-11-16T00:03:44.601+0000][7][gc,marking  ] GC(614) Concurrent Mark From Roots 79.731ms
[2023-11-16T00:03:44.601+0000][7][gc,marking  ] GC(614) Concurrent Preclean
[2023-11-16T00:03:44.601+0000][7][gc,marking  ] GC(614) Concurrent Preclean 0.182ms
[2023-11-16T00:03:44.601+0000][7][gc,start    ] GC(614) Pause Remark
[2023-11-16T00:03:44.606+0000][7][gc          ] GC(614) Pause Remark 180M->180M(512M) 5.383ms
[2023-11-16T00:03:44.606+0000][7][gc,cpu      ] GC(614) User=0.04s Sys=0.01s Real=0.01s
[2023-11-16T00:03:44.606+0000][7][safepoint   ] Safepoint "G1Concurrent", Time since last: 84694655 ns, Reaching safepoint: 32442 ns, At safepoint: 5452884 ns, Total: 5485326 ns
[2023-11-16T00:03:44.606+0000][7][gc,marking  ] GC(614) Concurrent Mark 85.548ms
[2023-11-16T00:03:44.606+0000][7][gc,marking  ] GC(614) Concurrent Rebuild Remembered Sets
[2023-11-16T00:03:44.639+0000][7][gc,marking  ] GC(614) Concurrent Rebuild Remembered Sets 32.937ms
[2023-11-16T00:03:44.639+0000][7][gc,start    ] GC(614) Pause Cleanup
[2023-11-16T00:03:44.640+0000][7][gc          ] GC(614) Pause Cleanup 180M->180M(512M) 0.091ms
[2023-11-16T00:03:44.640+0000][7][gc,cpu      ] GC(614) User=0.00s Sys=0.00s Real=0.00s
[2023-11-16T00:03:44.640+0000][7][safepoint   ] Safepoint "G1Concurrent", Time since last: 33081836 ns, Reaching safepoint: 21341 ns, At safepoint: 157210 ns, Total: 178551 ns
[2023-11-16T00:03:44.640+0000][7][gc,marking  ] GC(614) Concurrent Cleanup for Next Mark
[2023-11-16T00:03:44.640+0000][7][gc,marking  ] GC(614) Concurrent Cleanup for Next Mark 0.335ms
[2023-11-16T00:03:44.640+0000][7][gc          ] GC(614) Concurrent Mark Cycle 123.812ms
[2023-11-16T00:03:46.640+0000][7][safepoint   ] Safepoint "Cleanup", Time since last: 2000214711 ns, Reaching safepoint: 43425 ns, At safepoint: 6921 ns, Total: 50346 ns
[2023-11-16T00:03:48.640+0000][7][safepoint   ] Safepoint "Cleanup", Time since last: 2000285314 ns, Reaching safepoint: 96176 ns, At safepoint: 9151 ns, Total: 105327 ns
[2023-11-16T00:03:59.528+0000][7][gc,start    ] GC(615) Pause Young (Prepare Mixed) (G1 Evacuation Pause)
[2023-11-16T00:03:59.528+0000][7][gc,task     ] GC(615) Using 8 workers of 8 for evacuation
[2023-11-16T00:03:59.528+0000][7][gc,age      ] GC(615) Desired survivor size 16777216 bytes, new threshold 15 (max threshold 15)
[2023-11-16T00:03:59.534+0000][7][gc,age      ] GC(615) Age table with threshold 15 (max threshold 15)
[2023-11-16T00:03:59.534+0000][7][gc,age      ] GC(615) - age   1:    3881304 bytes,    3881304 total
[2023-11-16T00:03:59.534+0000][7][gc,age      ] GC(615) - age   2:     385288 bytes,    4266592 total
[2023-11-16T00:03:59.534+0000][7][gc,age      ] GC(615) - age   3:     502856 bytes,    4769448 total
[2023-11-16T00:03:59.534+0000][7][gc,age      ] GC(615) - age   4:     416744 bytes,    5186192 total
[2023-11-16T00:03:59.534+0000][7][gc,age      ] GC(615) - age   5:     950616 bytes,    6136808 total
[2023-11-16T00:03:59.534+0000][7][gc,age      ] GC(615) - age   6:     303336 bytes,    6440144 total
[2023-11-16T00:03:59.534+0000][7][gc,age      ] GC(615) - age   7:     267416 bytes,    6707560 total
[2023-11-16T00:03:59.534+0000][7][gc,age      ] GC(615) - age   8:     282472 bytes,    6990032 total
[2023-11-16T00:03:59.534+0000][7][gc,age      ] GC(615) - age   9:     254040 bytes,    7244072 total
[2023-11-16T00:03:59.534+0000][7][gc,age      ] GC(615) - age  10:      48112 bytes,    7292184 total
[2023-11-16T00:03:59.534+0000][7][gc,phases   ] GC(615)   Pre Evacuate Collection Set: 0.1ms
[2023-11-16T00:03:59.534+0000][7][gc,phases   ] GC(615)   Merge Heap Roots: 0.1ms
[2023-11-16T00:03:59.534+0000][7][gc,phases   ] GC(615)   Evacuate Collection Set: 3.9ms
[2023-11-16T00:03:59.534+0000][7][gc,phases   ] GC(615)   Post Evacuate Collection Set: 1.1ms
[2023-11-16T00:03:59.534+0000][7][gc,phases   ] GC(615)   Other: 0.4ms
[2023-11-16T00:03:59.534+0000][7][gc,heap     ] GC(615) Eden regions: 60->0(4)
[2023-11-16T00:03:59.534+0000][7][gc,heap     ] GC(615) Survivor regions: 1->2(8)
[2023-11-16T00:03:59.534+0000][7][gc,heap     ] GC(615) Old regions: 37->37
[2023-11-16T00:03:59.534+0000][7][gc,heap     ] GC(615) Archive regions: 2->2
[2023-11-16T00:03:59.534+0000][7][gc,heap     ] GC(615) Humongous regions: 6->6
[2023-11-16T00:03:59.534+0000][7][gc,metaspace] GC(615) Metaspace: 118715K(120448K)->118715K(120448K) NonClass: 103053K(104128K)->103053K(104128K) Class: 15662K(16320K)->15662K(16320K)
[2023-11-16T00:03:59.534+0000][7][gc          ] GC(615) Pause Young (Prepare Mixed) (G1 Evacuation Pause) 417M->181M(512M) 5.768ms
[2023-11-16T00:03:59.534+0000][7][gc,cpu      ] GC(615) User=0.03s Sys=0.01s Real=0.00s
[2023-11-16T00:03:59.534+0000][7][safepoint   ] Safepoint "G1CollectForAllocation", Time since last: 10887880710 ns, Reaching safepoint: 162965 ns, At safepoint: 5919242 ns, Total: 6082207 ns
[2023-11-16T00:04:00.219+0000][7][gc,start    ] GC(616) Pause Young (Mixed) (G1 Evacuation Pause)
[2023-11-16T00:04:00.219+0000][7][gc,task     ] GC(616) Using 8 workers of 8 for evacuation
[2023-11-16T00:04:00.219+0000][7][gc,age      ] GC(616) Desired survivor size 2097152 bytes, new threshold 1 (max threshold 15)
[2023-11-16T00:04:00.229+0000][7][gc,age      ] GC(616) Age table with threshold 1 (max threshold 15)
[2023-11-16T00:04:00.229+0000][7][gc,age      ] GC(616) - age   1:     456952 bytes,     456952 total
[2023-11-16T00:04:00.229+0000][7][gc,phases   ] GC(616)   Pre Evacuate Collection Set: 0.1ms
[2023-11-16T00:04:00.229+0000][7][gc,phases   ] GC(616)   Merge Heap Roots: 0.1ms
[2023-11-16T00:04:00.229+0000][7][gc,phases   ] GC(616)   Evacuate Collection Set: 9.9ms
[2023-11-16T00:04:00.229+0000][7][gc,phases   ] GC(616)   Post Evacuate Collection Set: 0.6ms
[2023-11-16T00:04:00.230+0000][7][gc,phases   ] GC(616)   Other: 0.2ms
[2023-11-16T00:04:00.230+0000][7][gc,heap     ] GC(616) Eden regions: 4->0(59)
[2023-11-16T00:04:00.230+0000][7][gc,heap     ] GC(616) Survivor regions: 2->1(1)
[2023-11-16T00:04:00.230+0000][7][gc,heap     ] GC(616) Old regions: 37->38
[2023-11-16T00:04:00.230+0000][7][gc,heap     ] GC(616) Archive regions: 2->2
[2023-11-16T00:04:00.230+0000][7][gc,heap     ] GC(616) Humongous regions: 6->6
[2023-11-16T00:04:00.230+0000][7][gc,metaspace] GC(616) Metaspace: 118715K(120448K)->118715K(120448K) NonClass: 103053K(104128K)->103053K(104128K) Class: 15662K(16320K)->15662K(16320K)
[2023-11-16T00:04:00.230+0000][7][gc          ] GC(616) Pause Young (Mixed) (G1 Evacuation Pause) 197M->179M(512M) 10.969ms
[2023-11-16T00:04:00.230+0000][7][gc,cpu      ] GC(616) User=0.03s Sys=0.00s Real=0.01s
[2023-11-16T00:04:00.230+0000][7][safepoint   ] Safepoint "G1CollectForAllocation", Time since last: 684326413 ns, Reaching safepoint: 46101 ns, At safepoint: 11083126 ns, Total: 11129227 ns
[2023-11-16T00:04:14.291+0000][7][gc,start    ] GC(617) Pause Young (Normal) (G1 Evacuation Pause)
[2023-11-16T00:04:14.291+0000][7][gc,task     ] GC(617) Using 8 workers of 8 for evacuation
[2023-11-16T00:04:14.291+0000][7][gc,age      ] GC(617) Desired survivor size 16777216 bytes, new threshold 15 (max threshold 15)
[2023-11-16T00:04:14.296+0000][7][gc,age      ] GC(617) Age table with threshold 15 (max threshold 15)
[2023-11-16T00:04:14.296+0000][7][gc,age      ] GC(617) - age   1:    1635136 bytes,    1635136 total
[2023-11-16T00:04:14.296+0000][7][gc,age      ] GC(617) - age   2:      14960 bytes,    1650096 total
[2023-11-16T00:04:14.296+0000][7][gc,phases   ] GC(617)   Pre Evacuate Collection Set: 0.2ms
[2023-11-16T00:04:14.296+0000][7][gc,phases   ] GC(617)   Merge Heap Roots: 0.2ms
[2023-11-16T00:04:14.296+0000][7][gc,phases   ] GC(617)   Evacuate Collection Set: 3.0ms
[2023-11-16T00:04:14.296+0000][7][gc,phases   ] GC(617)   Post Evacuate Collection Set: 1.1ms
[2023-11-16T00:04:14.296+0000][7][gc,phases   ] GC(617)   Other: 0.4ms
[2023-11-16T00:04:14.296+0000][7][gc,heap     ] GC(617) Eden regions: 59->0(59)
[2023-11-16T00:04:14.296+0000][7][gc,heap     ] GC(617) Survivor regions: 1->1(8)
[2023-11-16T00:04:14.296+0000][7][gc,heap     ] GC(617) Old regions: 38->38
[2023-11-16T00:04:14.296+0000][7][gc,heap     ] GC(617) Archive regions: 2->2
[2023-11-16T00:04:14.296+0000][7][gc,heap     ] GC(617) Humongous regions: 6->6
[2023-11-16T00:04:14.296+0000][7][gc,metaspace] GC(617) Metaspace: 118716K(120448K)->118716K(120448K) NonClass: 103054K(104128K)->103054K(104128K) Class: 15662K(16320K)->15662K(16320K)
[2023-11-16T00:04:14.296+0000][7][gc          ] GC(617) Pause Young (Normal) (G1 Evacuation Pause) 415M->181M(512M) 4.913ms
[2023-11-16T00:04:14.296+0000][7][gc,cpu      ] GC(617) User=0.03s Sys=0.00s Real=0.01s
[2023-11-16T00:04:14.296+0000][7][safepoint   ] Safepoint "G1CollectForAllocation", Time since last: 14061448624 ns, Reaching safepoint: 61298 ns, At safepoint: 5090985 ns, Total: 5152283 ns
[2023-11-16T00:04:29.089+0000][7][gc,start    ] GC(618) Pause Young (Normal) (G1 Evacuation Pause)
[2023-11-16T00:04:29.094+0000][7][gc,task     ] GC(618) Using 8 workers of 8 for evacuation
[2023-11-16T00:04:29.094+0000][7][gc,age      ] GC(618) Desired survivor size 16777216 bytes, new threshold 15 (max threshold 15)
[2023-11-16T00:04:29.095+0000][7][gc,age      ] GC(618) Age table with threshold 15 (max threshold 15)
[2023-11-16T00:04:29.095+0000][7][gc,age      ] GC(618) - age   1:    1550488 bytes,    1550488 total
[2023-11-16T00:04:29.095+0000][7][gc,age      ] GC(618) - age   2:     394696 bytes,    1945184 total
[2023-11-16T00:04:29.095+0000][7][gc,age      ] GC(618) - age   3:      14512 bytes,    1959696 total
[2023-11-16T00:04:29.095+0000][7][gc,phases   ] GC(618)   Pre Evacuate Collection Set: 0.1ms
[2023-11-16T00:04:29.095+0000][7][gc,phases   ] GC(618)   Merge Heap Roots: 0.0ms
[2023-11-16T00:04:29.095+0000][7][gc,phases   ] GC(618)   Evacuate Collection Set: 0.9ms
[2023-11-16T00:04:29.095+0000][7][gc,phases   ] GC(618)   Post Evacuate Collection Set: 0.4ms
[2023-11-16T00:04:29.095+0000][7][gc,phases   ] GC(618)   Other: 5.3ms
[2023-11-16T00:04:29.095+0000][7][gc,heap     ] GC(618) Eden regions: 59->0(59)
[2023-11-16T00:04:29.095+0000][7][gc,heap     ] GC(618) Survivor regions: 1->1(8)
[2023-11-16T00:04:29.095+0000][7][gc,heap     ] GC(618) Old regions: 38->38
[2023-11-16T00:04:29.095+0000][7][gc,heap     ] GC(618) Archive regions: 2->2
[2023-11-16T00:04:29.095+0000][7][gc,heap     ] GC(618) Humongous regions: 6->6
[2023-11-16T00:04:29.095+0000][7][gc,metaspace] GC(618) Metaspace: 118716K(120448K)->118716K(120448K) NonClass: 103054K(104128K)->103054K(104128K) Class: 15662K(16320K)->15662K(16320K)
[2023-11-16T00:04:29.095+0000][7][gc          ] GC(618) Pause Young (Normal) (G1 Evacuation Pause) 417M->181M(512M) 6.808ms
[2023-11-16T00:04:29.095+0000][7][gc,cpu      ] GC(618) User=0.01s Sys=0.00s Real=0.01s
[2023-11-16T00:04:29.096+0000][7][safepoint   ] Safepoint "G1CollectForAllocation", Time since last: 14792377115 ns, Reaching safepoint: 25145 ns, At safepoint: 6872735 ns, Total: 6897880 ns
[2023-11-16T00:04:44.017+0000][7][gc,start    ] GC(619) Pause Young (Concurrent Start) (G1 Evacuation Pause)
[2023-11-16T00:04:44.018+0000][7][gc,task     ] GC(619) Using 8 workers of 8 for evacuation
[2023-11-16T00:04:44.018+0000][7][gc,age      ] GC(619) Desired survivor size 16777216 bytes, new threshold 15 (max threshold 15)
[2023-11-16T00:04:44.023+0000][7][gc,age      ] GC(619) Age table with threshold 15 (max threshold 15)
[2023-11-16T00:04:44.024+0000][7][gc,age      ] GC(619) - age   1:    1701992 bytes,    1701992 total
[2023-11-16T00:04:44.024+0000][7][gc,age      ] GC(619) - age   2:     431368 bytes,    2133360 total
[2023-11-16T00:04:44.024+0000][7][gc,age      ] GC(619) - age   3:     241392 bytes,    2374752 total
[2023-11-16T00:04:44.024+0000][7][gc,age      ] GC(619) - age   4:      14512 bytes,    2389264 total
[2023-11-16T00:04:44.024+0000][7][gc,phases   ] GC(619)   Pre Evacuate Collection Set: 0.4ms
[2023-11-16T00:04:44.024+0000][7][gc,phases   ] GC(619)   Merge Heap Roots: 0.2ms
[2023-11-16T00:04:44.024+0000][7][gc,phases   ] GC(619)   Evacuate Collection Set: 4.0ms
[2023-11-16T00:04:44.024+0000][7][gc,phases   ] GC(619)   Post Evacuate Collection Set: 1.2ms
[2023-11-16T00:04:44.024+0000][7][gc,phases   ] GC(619)   Other: 0.6ms
[2023-11-16T00:04:44.024+0000][7][gc,heap     ] GC(619) Eden regions: 59->0(59)
[2023-11-16T00:04:44.024+0000][7][gc,heap     ] GC(619) Survivor regions: 1->1(8)
[2023-11-16T00:04:44.024+0000][7][gc,heap     ] GC(619) Old regions: 38->38
[2023-11-16T00:04:44.024+0000][7][gc,heap     ] GC(619) Archive regions: 2->2
[2023-11-16T00:04:44.024+0000][7][gc,heap     ] GC(619) Humongous regions: 6->6
[2023-11-16T00:04:44.024+0000][7][gc,metaspace] GC(619) Metaspace: 118716K(120448K)->118716K(120448K) NonClass: 103054K(104128K)->103054K(104128K) Class: 15662K(16320K)->15662K(16320K)
[2023-11-16T00:04:44.024+0000][7][gc          ] GC(619) Pause Young (Concurrent Start) (G1 Evacuation Pause) 417M->181M(512M) 6.417ms
[2023-11-16T00:04:44.024+0000][7][gc,cpu      ] GC(619) User=0.03s Sys=0.00s Real=0.00s
[2023-11-16T00:04:44.024+0000][7][gc          ] GC(620) Concurrent Mark Cycle
[2023-11-16T00:04:44.024+0000][7][gc,marking  ] GC(620) Concurrent Clear Claimed Marks
[2023-11-16T00:04:44.024+0000][7][safepoint   ] Safepoint "G1CollectForAllocation", Time since last: 14921658323 ns, Reaching safepoint: 176581 ns, At safepoint: 6659512 ns, Total: 6836093 ns
[2023-11-16T00:04:44.024+0000][7][gc,marking  ] GC(620) Concurrent Clear Claimed Marks 0.238ms
[2023-11-16T00:04:44.024+0000][7][gc,marking  ] GC(620) Concurrent Scan Root Regions
[2023-11-16T00:04:44.037+0000][7][gc,marking  ] GC(620) Concurrent Scan Root Regions 12.278ms
[2023-11-16T00:04:44.037+0000][7][gc,marking  ] GC(620) Concurrent Mark
[2023-11-16T00:04:44.037+0000][7][gc,marking  ] GC(620) Concurrent Mark From Roots
[2023-11-16T00:04:44.037+0000][7][gc,task     ] GC(620) Using 2 workers of 2 for marking
[2023-11-16T00:04:44.113+0000][7][gc,marking  ] GC(620) Concurrent Mark From Roots 75.880ms
[2023-11-16T00:04:44.113+0000][7][gc,marking  ] GC(620) Concurrent Preclean
[2023-11-16T00:04:44.113+0000][7][gc,marking  ] GC(620) Concurrent Preclean 0.199ms
[2023-11-16T00:04:44.113+0000][7][gc,start    ] GC(620) Pause Remark
[2023-11-16T00:04:44.119+0000][7][gc          ] GC(620) Pause Remark 185M->185M(512M) 5.679ms
[2023-11-16T00:04:44.119+0000][7][gc,cpu      ] GC(620) User=0.04s Sys=0.00s Real=0.01s
[2023-11-16T00:04:44.119+0000][7][safepoint   ] Safepoint "G1Concurrent", Time since last: 88900074 ns, Reaching safepoint: 33878 ns, At safepoint: 5781234 ns, Total: 5815112 ns
[2023-11-16T00:04:44.119+0000][7][gc,marking  ] GC(620) Concurrent Mark 82.058ms
[2023-11-16T00:04:44.119+0000][7][gc,marking  ] GC(620) Concurrent Rebuild Remembered Sets
[2023-11-16T00:04:44.151+0000][7][gc,marking  ] GC(620) Concurrent Rebuild Remembered Sets 31.934ms
[2023-11-16T00:04:44.151+0000][7][gc,start    ] GC(620) Pause Cleanup
[2023-11-16T00:04:44.151+0000][7][gc          ] GC(620) Pause Cleanup 186M->186M(512M) 0.064ms
[2023-11-16T00:04:44.151+0000][7][gc,cpu      ] GC(620) User=0.00s Sys=0.00s Real=0.00s
[2023-11-16T00:04:44.151+0000][7][safepoint   ] Safepoint "G1Concurrent", Time since last: 32039553 ns, Reaching safepoint: 18250 ns, At safepoint: 121035 ns, Total: 139285 ns
[2023-11-16T00:04:44.151+0000][7][gc,marking  ] GC(620) Concurrent Cleanup for Next Mark
[2023-11-16T00:04:44.151+0000][7][gc,marking  ] GC(620) Concurrent Cleanup for Next Mark 0.343ms
[2023-11-16T00:04:44.151+0000][7][gc          ] GC(620) Concurrent Mark Cycle 127.407ms
[2023-11-16T00:04:47.151+0000][7][safepoint   ] Safepoint "Cleanup", Time since last: 3000407442 ns, Reaching safepoint: 39994 ns, At safepoint: 6008 ns, Total: 46002 ns
[2023-11-16T00:04:51.152+0000][7][safepoint   ] Safepoint "Cleanup", Time since last: 4000621798 ns, Reaching safepoint: 193912 ns, At safepoint: 27722 ns, Total: 221634 ns
[2023-11-16T00:04:52.153+0000][7][safepoint   ] Safepoint "Cleanup", Time since last: 1000253039 ns, Reaching safepoint: 189439 ns, At safepoint: 20378 ns, Total: 209817 ns
[2023-11-16T00:04:59.065+0000][7][gc,start    ] GC(621) Pause Young (Prepare Mixed) (G1 Evacuation Pause)
[2023-11-16T00:04:59.065+0000][7][gc,task     ] GC(621) Using 8 workers of 8 for evacuation
[2023-11-16T00:04:59.065+0000][7][gc,age      ] GC(621) Desired survivor size 16777216 bytes, new threshold 15 (max threshold 15)
[2023-11-16T00:04:59.066+0000][7][gc,age      ] GC(621) Age table with threshold 15 (max threshold 15)
[2023-11-16T00:04:59.067+0000][7][gc,age      ] GC(621) - age   1:     802536 bytes,     802536 total
[2023-11-16T00:04:59.067+0000][7][gc,age      ] GC(621) - age   2:     936648 bytes,    1739184 total
[2023-11-16T00:04:59.067+0000][7][gc,age      ] GC(621) - age   3:     236904 bytes,    1976088 total
[2023-11-16T00:04:59.067+0000][7][gc,age      ] GC(621) - age   4:     236720 bytes,    2212808 total
[2023-11-16T00:04:59.067+0000][7][gc,age      ] GC(621) - age   5:       2880 bytes,    2215688 total
[2023-11-16T00:04:59.067+0000][7][gc,phases   ] GC(621)   Pre Evacuate Collection Set: 0.1ms
[2023-11-16T00:04:59.067+0000][7][gc,phases   ] GC(621)   Merge Heap Roots: 0.0ms
[2023-11-16T00:04:59.067+0000][7][gc,phases   ] GC(621)   Evacuate Collection Set: 1.1ms
[2023-11-16T00:04:59.067+0000][7][gc,phases   ] GC(621)   Post Evacuate Collection Set: 0.4ms
[2023-11-16T00:04:59.067+0000][7][gc,phases   ] GC(621)   Other: 0.2ms
[2023-11-16T00:04:59.067+0000][7][gc,heap     ] GC(621) Eden regions: 59->0(5)
[2023-11-16T00:04:59.067+0000][7][gc,heap     ] GC(621) Survivor regions: 1->1(8)
[2023-11-16T00:04:59.067+0000][7][gc,heap     ] GC(621) Old regions: 38->38
[2023-11-16T00:04:59.067+0000][7][gc,heap     ] GC(621) Archive regions: 2->2
[2023-11-16T00:04:59.067+0000][7][gc,heap     ] GC(621) Humongous regions: 6->6
[2023-11-16T00:04:59.067+0000][7][gc,metaspace] GC(621) Metaspace: 118717K(120448K)->118717K(120448K) NonClass: 103054K(104128K)->103054K(104128K) Class: 15662K(16320K)->15662K(16320K)
[2023-11-16T00:04:59.067+0000][7][gc          ] GC(621) Pause Young (Prepare Mixed) (G1 Evacuation Pause) 417M->181M(512M) 1.796ms
[2023-11-16T00:04:59.067+0000][7][gc,cpu      ] GC(621) User=0.01s Sys=0.00s Real=0.00s
[2023-11-16T00:04:59.067+0000][7][safepoint   ] Safepoint "G1CollectForAllocation", Time since last: 6912079140 ns, Reaching safepoint: 41015 ns, At safepoint: 1874169 ns, Total: 1915184 ns
[2023-11-16T00:04:59.492+0000][7][gc,start    ] GC(622) Pause Young (Mixed) (G1 Evacuation Pause)
[2023-11-16T00:04:59.492+0000][7][gc,task     ] GC(622) Using 8 workers of 8 for evacuation
[2023-11-16T00:04:59.492+0000][7][gc,age      ] GC(622) Desired survivor size 2097152 bytes, new threshold 4 (max threshold 15)
[2023-11-16T00:04:59.494+0000][7][gc,age      ] GC(622) Age table with threshold 4 (max threshold 15)
[2023-11-16T00:04:59.495+0000][7][gc,age      ] GC(622) - age   1:    1015560 bytes,    1015560 total
[2023-11-16T00:04:59.495+0000][7][gc,age      ] GC(622) - age   2:     612040 bytes,    1627600 total
[2023-11-16T00:04:59.495+0000][7][gc,age      ] GC(622) - age   3:     936552 bytes,    2564152 total
[2023-11-16T00:04:59.495+0000][7][gc,age      ] GC(622) - age   4:     236840 bytes,    2800992 total
[2023-11-16T00:04:59.495+0000][7][gc,phases   ] GC(622)   Pre Evacuate Collection Set: 0.1ms
[2023-11-16T00:04:59.495+0000][7][gc,phases   ] GC(622)   Merge Heap Roots: 0.0ms
[2023-11-16T00:04:59.495+0000][7][gc,phases   ] GC(622)   Evacuate Collection Set: 1.8ms
[2023-11-16T00:04:59.495+0000][7][gc,phases   ] GC(622)   Post Evacuate Collection Set: 0.5ms
[2023-11-16T00:04:59.495+0000][7][gc,phases   ] GC(622)   Other: 0.2ms
[2023-11-16T00:04:59.495+0000][7][gc,heap     ] GC(622) Eden regions: 5->0(59)
[2023-11-16T00:04:59.495+0000][7][gc,heap     ] GC(622) Survivor regions: 1->1(1)
[2023-11-16T00:04:59.495+0000][7][gc,heap     ] GC(622) Old regions: 38->38
[2023-11-16T00:04:59.495+0000][7][gc,heap     ] GC(622) Archive regions: 2->2
[2023-11-16T00:04:59.495+0000][7][gc,heap     ] GC(622) Humongous regions: 6->6
[2023-11-16T00:04:59.495+0000][7][gc,metaspace] GC(622) Metaspace: 118717K(120448K)->118717K(120448K) NonClass: 103054K(104128K)->103054K(104128K) Class: 15662K(16320K)->15662K(16320K)
[2023-11-16T00:04:59.495+0000][7][gc          ] GC(622) Pause Young (Mixed) (G1 Evacuation Pause) 201M->180M(512M) 2.555ms
[2023-11-16T00:04:59.495+0000][7][gc,cpu      ] GC(622) User=0.02s Sys=0.00s Real=0.01s
[2023-11-16T00:04:59.495+0000][7][safepoint   ] Safepoint "G1CollectForAllocation", Time since last: 425335853 ns, Reaching safepoint: 38538 ns, At safepoint: 2637053 ns, Total: 2675591 ns
[2023-11-16T00:05:14.020+0000][7][gc,start    ] GC(623) Pause Young (Normal) (G1 Evacuation Pause)
[2023-11-16T00:05:14.020+0000][7][gc,task     ] GC(623) Using 8 workers of 8 for evacuation
[2023-11-16T00:05:14.020+0000][7][gc,age      ] GC(623) Desired survivor size 16777216 bytes, new threshold 15 (max threshold 15)
[2023-11-16T00:05:14.024+0000][7][gc,age      ] GC(623) Age table with threshold 15 (max threshold 15)
[2023-11-16T00:05:14.024+0000][7][gc,age      ] GC(623) - age   1:    1037152 bytes,    1037152 total
[2023-11-16T00:05:14.024+0000][7][gc,age      ] GC(623) - age   2:     661000 bytes,    1698152 total
[2023-11-16T00:05:14.024+0000][7][gc,age      ] GC(623) - age   3:     236464 bytes,    1934616 total
[2023-11-16T00:05:14.024+0000][7][gc,age      ] GC(623) - age   4:     922024 bytes,    2856640 total
[2023-11-16T00:05:14.024+0000][7][gc,age      ] GC(623) - age   5:     236296 bytes,    3092936 total
[2023-11-16T00:05:14.024+0000][7][gc,phases   ] GC(623)   Pre Evacuate Collection Set: 0.2ms
[2023-11-16T00:05:14.024+0000][7][gc,phases   ] GC(623)   Merge Heap Roots: 0.2ms
[2023-11-16T00:05:14.024+0000][7][gc,phases   ] GC(623)   Evacuate Collection Set: 2.4ms
[2023-11-16T00:05:14.024+0000][7][gc,phases   ] GC(623)   Post Evacuate Collection Set: 1.3ms
[2023-11-16T00:05:14.025+0000][7][gc,phases   ] GC(623)   Other: 0.5ms
[2023-11-16T00:05:14.025+0000][7][gc,heap     ] GC(623) Eden regions: 59->0(59)
[2023-11-16T00:05:14.025+0000][7][gc,heap     ] GC(623) Survivor regions: 1->1(8)
[2023-11-16T00:05:14.025+0000][7][gc,heap     ] GC(623) Old regions: 38->38
[2023-11-16T00:05:14.025+0000][7][gc,heap     ] GC(623) Archive regions: 2->2
[2023-11-16T00:05:14.025+0000][7][gc,heap     ] GC(623) Humongous regions: 6->6
[2023-11-16T00:05:14.025+0000][7][gc,metaspace] GC(623) Metaspace: 118717K(120448K)->118717K(120448K) NonClass: 103055K(104128K)->103055K(104128K) Class: 15662K(16320K)->15662K(16320K)
[2023-11-16T00:05:14.025+0000][7][gc          ] GC(623) Pause Young (Normal) (G1 Evacuation Pause) 416M->180M(512M) 4.631ms
[2023-11-16T00:05:14.025+0000][7][gc,cpu      ] GC(623) User=0.02s Sys=0.00s Real=0.01s
[2023-11-16T00:05:14.025+0000][7][safepoint   ] Safepoint "G1CollectForAllocation", Time since last: 14525154291 ns, Reaching safepoint: 102302 ns, At safepoint: 4819685 ns, Total: 4921987 ns
[2023-11-16T00:05:27.987+0000][7][gc,start    ] GC(624) Pause Young (Normal) (G1 Evacuation Pause)
[2023-11-16T00:05:27.987+0000][7][gc,task     ] GC(624) Using 8 workers of 8 for evacuation
[2023-11-16T00:05:27.987+0000][7][gc,age      ] GC(624) Desired survivor size 16777216 bytes, new threshold 15 (max threshold 15)
[2023-11-16T00:05:27.990+0000][7][gc,age      ] GC(624) Age table with threshold 15 (max threshold 15)
[2023-11-16T00:05:27.990+0000][7][gc,age      ] GC(624) - age   1:     411648 bytes,     411648 total
[2023-11-16T00:05:27.990+0000][7][gc,age      ] GC(624) - age   2:     792968 bytes,    1204616 total
[2023-11-16T00:05:27.990+0000][7][gc,age      ] GC(624) - age   3:     660744 bytes,    1865360 total
[2023-11-16T00:05:27.991+0000][7][gc,age      ] GC(624) - age   4:     235456 bytes,    2100816 total
[2023-11-16T00:05:27.991+0000][7][gc,age      ] GC(624) - age   5:     782200 bytes,    2883016 total
[2023-11-16T00:05:27.991+0000][7][gc,age      ] GC(624) - age   6:     235600 bytes,    3118616 total
[2023-11-16T00:05:27.991+0000][7][gc,phases   ] GC(624)   Pre Evacuate Collection Set: 0.1ms
[2023-11-16T00:05:27.991+0000][7][gc,phases   ] GC(624)   Merge Heap Roots: 0.1ms
[2023-11-16T00:05:27.991+0000][7][gc,phases   ] GC(624)   Evacuate Collection Set: 2.0ms
[2023-11-16T00:05:27.991+0000][7][gc,phases   ] GC(624)   Post Evacuate Collection Set: 1.0ms
[2023-11-16T00:05:27.991+0000][7][gc,phases   ] GC(624)   Other: 0.3ms
[2023-11-16T00:05:27.991+0000][7][gc,heap     ] GC(624) Eden regions: 59->0(59)
[2023-11-16T00:05:27.991+0000][7][gc,heap     ] GC(624) Survivor regions: 1->1(8)
[2023-11-16T00:05:27.991+0000][7][gc,heap     ] GC(624) Old regions: 38->38
[2023-11-16T00:05:27.991+0000][7][gc,heap     ] GC(624) Archive regions: 2->2
[2023-11-16T00:05:27.991+0000][7][gc,heap     ] GC(624) Humongous regions: 6->6
[2023-11-16T00:05:27.991+0000][7][gc,metaspace] GC(624) Metaspace: 118717K(120448K)->118717K(120448K) NonClass: 103055K(104128K)->103055K(104128K) Class: 15662K(16320K)->15662K(16320K)
[2023-11-16T00:05:27.991+0000][7][gc          ] GC(624) Pause Young (Normal) (G1 Evacuation Pause) 416M->180M(512M) 3.620ms
[2023-11-16T00:05:27.991+0000][7][gc,cpu      ] GC(624) User=0.01s Sys=0.00s Real=0.00s
[2023-11-16T00:05:27.991+0000][7][safepoint   ] Safepoint "G1CollectForAllocation", Time since last: 13962249798 ns, Reaching safepoint: 64623 ns, At safepoint: 3773631 ns, Total: 3838254 ns
[2023-11-16T00:05:42.527+0000][7][gc,start    ] GC(625) Pause Young (Concurrent Start) (G1 Evacuation Pause)
[2023-11-16T00:05:42.527+0000][7][gc,task     ] GC(625) Using 8 workers of 8 for evacuation
[2023-11-16T00:05:42.527+0000][7][gc,age      ] GC(625) Desired survivor size 16777216 bytes, new threshold 15 (max threshold 15)
[2023-11-16T00:05:42.532+0000][7][gc,age      ] GC(625) Age table with threshold 15 (max threshold 15)
[2023-11-16T00:05:42.532+0000][7][gc,age      ] GC(625) - age   1:    5183872 bytes,    5183872 total
[2023-11-16T00:05:42.532+0000][7][gc,age      ] GC(625) - age   2:     345960 bytes,    5529832 total
[2023-11-16T00:05:42.532+0000][7][gc,age      ] GC(625) - age   3:     777976 bytes,    6307808 total
[2023-11-16T00:05:42.532+0000][7][gc,age      ] GC(625) - age   4:     660744 bytes,    6968552 total
[2023-11-16T00:05:42.532+0000][7][gc,age      ] GC(625) - age   5:     235168 bytes,    7203720 total
[2023-11-16T00:05:42.532+0000][7][gc,age      ] GC(625) - age   6:     780840 bytes,    7984560 total
[2023-11-16T00:05:42.532+0000][7][gc,age      ] GC(625) - age   7:     235200 bytes,    8219760 total
[2023-11-16T00:05:42.532+0000][7][gc,phases   ] GC(625)   Pre Evacuate Collection Set: 0.3ms
[2023-11-16T00:05:42.532+0000][7][gc,phases   ] GC(625)   Merge Heap Roots: 0.1ms
[2023-11-16T00:05:42.532+0000][7][gc,phases   ] GC(625)   Evacuate Collection Set: 3.8ms
[2023-11-16T00:05:42.532+0000][7][gc,phases   ] GC(625)   Post Evacuate Collection Set: 1.0ms
[2023-11-16T00:05:42.532+0000][7][gc,phases   ] GC(625)   Other: 0.4ms
[2023-11-16T00:05:42.532+0000][7][gc,heap     ] GC(625) Eden regions: 59->0(57)
[2023-11-16T00:05:42.532+0000][7][gc,heap     ] GC(625) Survivor regions: 1->2(8)
[2023-11-16T00:05:42.532+0000][7][gc,heap     ] GC(625) Old regions: 38->38
[2023-11-16T00:05:42.532+0000][7][gc,heap     ] GC(625) Archive regions: 2->2
[2023-11-16T00:05:42.532+0000][7][gc,heap     ] GC(625) Humongous regions: 6->6
[2023-11-16T00:05:42.532+0000][7][gc,metaspace] GC(625) Metaspace: 118717K(120448K)->118717K(120448K) NonClass: 103055K(104128K)->103055K(104128K) Class: 15662K(16320K)->15662K(16320K)
[2023-11-16T00:05:42.532+0000][7][gc          ] GC(625) Pause Young (Concurrent Start) (G1 Evacuation Pause) 416M->185M(512M) 5.719ms
[2023-11-16T00:05:42.533+0000][7][gc,cpu      ] GC(625) User=0.03s Sys=0.00s Real=0.00s
[2023-11-16T00:05:42.533+0000][7][safepoint   ] Safepoint "G1CollectForAllocation", Time since last: 14535757724 ns, Reaching safepoint: 93350 ns, At safepoint: 5876663 ns, Total: 5970013 ns
[2023-11-16T00:05:42.533+0000][7][gc          ] GC(626) Concurrent Mark Cycle
[2023-11-16T00:05:42.533+0000][7][gc,marking  ] GC(626) Concurrent Clear Claimed Marks
[2023-11-16T00:05:42.533+0000][7][gc,marking  ] GC(626) Concurrent Clear Claimed Marks 0.150ms
[2023-11-16T00:05:42.533+0000][7][gc,marking  ] GC(626) Concurrent Scan Root Regions
[2023-11-16T00:05:42.537+0000][7][gc,marking  ] GC(626) Concurrent Scan Root Regions 4.483ms
[2023-11-16T00:05:42.537+0000][7][gc,marking  ] GC(626) Concurrent Mark
[2023-11-16T00:05:42.538+0000][7][gc,marking  ] GC(626) Concurrent Mark From Roots
[2023-11-16T00:05:42.538+0000][7][gc,task     ] GC(626) Using 2 workers of 2 for marking
[2023-11-16T00:05:42.615+0000][7][gc,marking  ] GC(626) Concurrent Mark From Roots 77.768ms
[2023-11-16T00:05:42.615+0000][7][gc,marking  ] GC(626) Concurrent Preclean
[2023-11-16T00:05:42.615+0000][7][gc,marking  ] GC(626) Concurrent Preclean 0.167ms
[2023-11-16T00:05:42.616+0000][7][gc,start    ] GC(626) Pause Remark
[2023-11-16T00:05:42.629+0000][7][gc          ] GC(626) Pause Remark 188M->188M(512M) 13.397ms
[2023-11-16T00:05:42.629+0000][7][gc,cpu      ] GC(626) User=0.10s Sys=0.00s Real=0.01s
[2023-11-16T00:05:42.629+0000][7][safepoint   ] Safepoint "G1Concurrent", Time since last: 82963935 ns, Reaching safepoint: 20167 ns, At safepoint: 13479141 ns, Total: 13499308 ns
[2023-11-16T00:05:42.629+0000][7][gc,marking  ] GC(626) Concurrent Mark 91.608ms
[2023-11-16T00:05:42.629+0000][7][gc,marking  ] GC(626) Concurrent Rebuild Remembered Sets
[2023-11-16T00:05:42.668+0000][7][gc,marking  ] GC(626) Concurrent Rebuild Remembered Sets 38.847ms
[2023-11-16T00:05:42.668+0000][7][gc,start    ] GC(626) Pause Cleanup
[2023-11-16T00:05:42.668+0000][7][gc          ] GC(626) Pause Cleanup 188M->188M(512M) 0.087ms
[2023-11-16T00:05:42.668+0000][7][gc,cpu      ] GC(626) User=0.00s Sys=0.00s Real=0.00s
[2023-11-16T00:05:42.668+0000][7][safepoint   ] Safepoint "G1Concurrent", Time since last: 39019505 ns, Reaching safepoint: 90030 ns, At safepoint: 137186 ns, Total: 227216 ns
[2023-11-16T00:05:42.668+0000][7][gc,marking  ] GC(626) Concurrent Cleanup for Next Mark
[2023-11-16T00:05:42.669+0000][7][gc,marking  ] GC(626) Concurrent Cleanup for Next Mark 0.343ms
[2023-11-16T00:05:42.669+0000][7][gc          ] GC(626) Concurrent Mark Cycle 135.979ms
[2023-11-16T00:05:43.668+0000][7][safepoint   ] Safepoint "Cleanup", Time since last: 1000085596 ns, Reaching safepoint: 104551 ns, At safepoint: 19380 ns, Total: 123931 ns
[2023-11-16T00:05:44.669+0000][7][safepoint   ] Safepoint "Cleanup", Time since last: 1000194456 ns, Reaching safepoint: 258326 ns, At safepoint: 19331 ns, Total: 277657 ns
[2023-11-16T00:05:45.669+0000][7][safepoint   ] Safepoint "Cleanup", Time since last: 1000155115 ns, Reaching safepoint: 205215 ns, At safepoint: 24031 ns, Total: 229246 ns
[2023-11-16T00:05:46.670+0000][7][safepoint   ] Safepoint "Cleanup", Time since last: 1000160604 ns, Reaching safepoint: 171745 ns, At safepoint: 14096 ns, Total: 185841 ns
[2023-11-16T00:05:47.092+0000][7][safepoint   ] Safepoint "ICBufferFull", Time since last: 422525627 ns, Reaching safepoint: 169916 ns, At safepoint: 7362 ns, Total: 177278 ns
[2023-11-16T00:05:47.137+0000][7][safepoint   ] Safepoint "ICBufferFull", Time since last: 44016003 ns, Reaching safepoint: 302880 ns, At safepoint: 9514 ns, Total: 312394 ns
[2023-11-16T00:05:48.137+0000][7][safepoint   ] Safepoint "Cleanup", Time since last: 1000259092 ns, Reaching safepoint: 242947 ns, At safepoint: 23102 ns, Total: 266049 ns
[2023-11-16T00:05:49.138+0000][7][safepoint   ] Safepoint "Cleanup", Time since last: 1000191950 ns, Reaching safepoint: 161811 ns, At safepoint: 22749 ns, Total: 184560 ns
[2023-11-16T00:05:50.140+0000][7][safepoint   ] Safepoint "Cleanup", Time since last: 1001796074 ns, Reaching safepoint: 127494 ns, At safepoint: 20799 ns, Total: 148293 ns
[2023-11-16T00:05:51.140+0000][7][safepoint   ] Safepoint "Cleanup", Time since last: 1000282521 ns, Reaching safepoint: 137001 ns, At safepoint: 21792 ns, Total: 158793 ns
[2023-11-16T00:05:56.590+0000][7][gc,start    ] GC(627) Pause Young (Prepare Mixed) (G1 Evacuation Pause)
[2023-11-16T00:05:56.590+0000][7][gc,task     ] GC(627) Using 8 workers of 8 for evacuation
[2023-11-16T00:05:56.590+0000][7][gc,age      ] GC(627) Desired survivor size 16777216 bytes, new threshold 15 (max threshold 15)
[2023-11-16T00:05:56.595+0000][7][gc,age      ] GC(627) Age table with threshold 15 (max threshold 15)
[2023-11-16T00:05:56.595+0000][7][gc,age      ] GC(627) - age   1:    2115464 bytes,    2115464 total
[2023-11-16T00:05:56.596+0000][7][gc,age      ] GC(627) - age   2:    4042080 bytes,    6157544 total
[2023-11-16T00:05:56.596+0000][7][gc,age      ] GC(627) - age   3:     243256 bytes,    6400800 total
[2023-11-16T00:05:56.596+0000][7][gc,age      ] GC(627) - age   4:     777792 bytes,    7178592 total
[2023-11-16T00:05:56.596+0000][7][gc,age      ] GC(627) - age   5:     660648 bytes,    7839240 total
[2023-11-16T00:05:56.596+0000][7][gc,age      ] GC(627) - age   6:     234976 bytes,    8074216 total
[2023-11-16T00:05:56.596+0000][7][gc,age      ] GC(627) - age   7:     780840 bytes,    8855056 total
[2023-11-16T00:05:56.596+0000][7][gc,age      ] GC(627) - age   8:     235136 bytes,    9090192 total
[2023-11-16T00:05:56.596+0000][7][gc,phases   ] GC(627)   Pre Evacuate Collection Set: 0.1ms
[2023-11-16T00:05:56.596+0000][7][gc,phases   ] GC(627)   Merge Heap Roots: 0.1ms
[2023-11-16T00:05:56.596+0000][7][gc,phases   ] GC(627)   Evacuate Collection Set: 4.0ms
[2023-11-16T00:05:56.596+0000][7][gc,phases   ] GC(627)   Post Evacuate Collection Set: 0.9ms
[2023-11-16T00:05:56.596+0000][7][gc,phases   ] GC(627)   Other: 0.4ms
[2023-11-16T00:05:56.596+0000][7][gc,heap     ] GC(627) Eden regions: 57->0(3)
[2023-11-16T00:05:56.596+0000][7][gc,heap     ] GC(627) Survivor regions: 2->3(8)
[2023-11-16T00:05:56.596+0000][7][gc,heap     ] GC(627) Old regions: 38->38
[2023-11-16T00:05:56.596+0000][7][gc,heap     ] GC(627) Archive regions: 2->2
[2023-11-16T00:05:56.596+0000][7][gc,heap     ] GC(627) Humongous regions: 6->6
[2023-11-16T00:05:56.596+0000][7][gc,metaspace] GC(627) Metaspace: 118685K(120448K)->118685K(120448K) NonClass: 103031K(104128K)->103031K(104128K) Class: 15654K(16320K)->15654K(16320K)
[2023-11-16T00:05:56.596+0000][7][gc          ] GC(627) Pause Young (Prepare Mixed) (G1 Evacuation Pause) 413M->186M(512M) 5.779ms
[2023-11-16T00:05:56.596+0000][7][gc,cpu      ] GC(627) User=0.04s Sys=0.00s Real=0.01s
[2023-11-16T00:05:56.596+0000][7][safepoint   ] Safepoint "G1CollectForAllocation", Time since last: 5449914798 ns, Reaching safepoint: 92128 ns, At safepoint: 5927823 ns, Total: 6019951 ns
[2023-11-16T00:05:57.551+0000][7][gc,start    ] GC(628) Pause Young (Mixed) (G1 Evacuation Pause)
[2023-11-16T00:05:57.551+0000][7][gc,task     ] GC(628) Using 8 workers of 8 for evacuation
[2023-11-16T00:05:57.551+0000][7][gc,age      ] GC(628) Desired survivor size 2097152 bytes, new threshold 1 (max threshold 15)
[2023-11-16T00:05:57.563+0000][7][gc,age      ] GC(628) Age table with threshold 1 (max threshold 15)
[2023-11-16T00:05:57.563+0000][7][gc,age      ] GC(628) - age   1:      15336 bytes,      15336 total
[2023-11-16T00:05:57.563+0000][7][gc,phases   ] GC(628)   Pre Evacuate Collection Set: 0.1ms
[2023-11-16T00:05:57.564+0000][7][gc,phases   ] GC(628)   Merge Heap Roots: 0.1ms
[2023-11-16T00:05:57.564+0000][7][gc,phases   ] GC(628)   Evacuate Collection Set: 11.8ms
[2023-11-16T00:05:57.564+0000][7][gc,phases   ] GC(628)   Post Evacuate Collection Set: 0.5ms
[2023-11-16T00:05:57.564+0000][7][gc,phases   ] GC(628)   Other: 0.3ms
[2023-11-16T00:05:57.564+0000][7][gc,heap     ] GC(628) Eden regions: 3->0(57)
[2023-11-16T00:05:57.564+0000][7][gc,heap     ] GC(628) Survivor regions: 3->1(1)
[2023-11-16T00:05:57.564+0000][7][gc,heap     ] GC(628) Old regions: 38->39
[2023-11-16T00:05:57.564+0000][7][gc,heap     ] GC(628) Archive regions: 2->2
[2023-11-16T00:05:57.564+0000][7][gc,heap     ] GC(628) Humongous regions: 6->6
[2023-11-16T00:05:57.564+0000][7][gc,metaspace] GC(628) Metaspace: 118685K(120448K)->118685K(120448K) NonClass: 103031K(104128K)->103031K(104128K) Class: 15654K(16320K)->15654K(16320K)
[2023-11-16T00:05:57.564+0000][7][gc          ] GC(628) Pause Young (Mixed) (G1 Evacuation Pause) 198M->183M(512M) 12.899ms
[2023-11-16T00:05:57.564+0000][7][gc,cpu      ] GC(628) User=0.03s Sys=0.03s Real=0.01s
[2023-11-16T00:05:57.564+0000][7][safepoint   ] Safepoint "G1CollectForAllocation", Time since last: 954692889 ns, Reaching safepoint: 66566 ns, At safepoint: 13020273 ns, Total: 13086839 ns
[2023-11-16T00:06:03.564+0000][7][safepoint   ] Safepoint "Cleanup", Time since last: 6000548993 ns, Reaching safepoint: 172872 ns, At safepoint: 11611 ns, Total: 184483 ns
[2023-11-16T00:06:03.704+0000][7][gc,start    ] GC(629) Pause Young (Normal) (G1 Evacuation Pause)
[2023-11-16T00:06:03.704+0000][7][gc,task     ] GC(629) Using 8 workers of 8 for evacuation
[2023-11-16T00:06:03.704+0000][7][gc,age      ] GC(629) Desired survivor size 16777216 bytes, new threshold 15 (max threshold 15)
[2023-11-16T00:06:03.706+0000][7][gc,age      ] GC(629) Age table with threshold 15 (max threshold 15)
[2023-11-16T00:06:03.706+0000][7][gc,age      ] GC(629) - age   1:    2225120 bytes,    2225120 total
[2023-11-16T00:06:03.706+0000][7][gc,age      ] GC(629) - age   2:        104 bytes,    2225224 total
[2023-11-16T00:06:03.706+0000][7][gc,phases   ] GC(629)   Pre Evacuate Collection Set: 0.1ms
[2023-11-16T00:06:03.706+0000][7][gc,phases   ] GC(629)   Merge Heap Roots: 0.0ms
[2023-11-16T00:06:03.706+0000][7][gc,phases   ] GC(629)   Evacuate Collection Set: 1.0ms
[2023-11-16T00:06:03.706+0000][7][gc,phases   ] GC(629)   Post Evacuate Collection Set: 0.6ms
[2023-11-16T00:06:03.706+0000][7][gc,phases   ] GC(629)   Other: 0.2ms
[2023-11-16T00:06:03.706+0000][7][gc,heap     ] GC(629) Eden regions: 57->0(57)
[2023-11-16T00:06:03.706+0000][7][gc,heap     ] GC(629) Survivor regions: 1->1(8)
[2023-11-16T00:06:03.706+0000][7][gc,heap     ] GC(629) Old regions: 39->39
[2023-11-16T00:06:03.706+0000][7][gc,heap     ] GC(629) Archive regions: 2->2
[2023-11-16T00:06:03.706+0000][7][gc,heap     ] GC(629) Humongous regions: 6->6
[2023-11-16T00:06:03.706+0000][7][gc,metaspace] GC(629) Metaspace: 118685K(120448K)->118685K(120448K) NonClass: 103031K(104128K)->103031K(104128K) Class: 15654K(16320K)->15654K(16320K)
[2023-11-16T00:06:03.706+0000][7][gc          ] GC(629) Pause Young (Normal) (G1 Evacuation Pause) 411M->185M(512M) 1.892ms
[2023-11-16T00:06:03.706+0000][7][gc,cpu      ] GC(629) User=0.01s Sys=0.00s Real=0.00s
[2023-11-16T00:06:03.706+0000][7][safepoint   ] Safepoint "G1CollectForAllocation", Time since last: 139636277 ns, Reaching safepoint: 104389 ns, At safepoint: 1963550 ns, Total: 2067939 ns
[2023-11-16T00:06:04.706+0000][7][safepoint   ] Safepoint "Cleanup", Time since last: 1000082805 ns, Reaching safepoint: 121493 ns, At safepoint: 9212 ns, Total: 130705 ns
[2023-11-16T00:06:05.707+0000][7][safepoint   ] Safepoint "Cleanup", Time since last: 1000112626 ns, Reaching safepoint: 68768 ns, At safepoint: 11102 ns, Total: 79870 ns
[2023-11-16T00:06:06.707+0000][7][safepoint   ] Safepoint "Cleanup", Time since last: 1000184925 ns, Reaching safepoint: 86978 ns, At safepoint: 16032 ns, Total: 103010 ns
[2023-11-16T00:06:07.707+0000][7][safepoint   ] Safepoint "Cleanup", Time since last: 1000196411 ns, Reaching safepoint: 78233 ns, At safepoint: 5222 ns, Total: 83455 ns
[2023-11-16T00:06:11.340+0000][7][gc,start    ] GC(630) Pause Young (Normal) (G1 Evacuation Pause)
[2023-11-16T00:06:11.340+0000][7][gc,task     ] GC(630) Using 8 workers of 8 for evacuation
[2023-11-16T00:06:11.340+0000][7][gc,age      ] GC(630) Desired survivor size 16777216 bytes, new threshold 15 (max threshold 15)
[2023-11-16T00:06:11.341+0000][7][gc,age      ] GC(630) Age table with threshold 15 (max threshold 15)
[2023-11-16T00:06:11.341+0000][7][gc,age      ] GC(630) - age   1:    1732960 bytes,    1732960 total
[2023-11-16T00:06:11.341+0000][7][gc,age      ] GC(630) - age   2:    1114064 bytes,    2847024 total
[2023-11-16T00:06:11.341+0000][7][gc,age      ] GC(630) - age   3:        104 bytes,    2847128 total
[2023-11-16T00:06:11.342+0000][7][gc,phases   ] GC(630)   Pre Evacuate Collection Set: 0.1ms
[2023-11-16T00:06:11.342+0000][7][gc,phases   ] GC(630)   Merge Heap Roots: 0.0ms
[2023-11-16T00:06:11.342+0000][7][gc,phases   ] GC(630)   Evacuate Collection Set: 1.2ms
[2023-11-16T00:06:11.342+0000][7][gc,phases   ] GC(630)   Post Evacuate Collection Set: 0.4ms
[2023-11-16T00:06:11.342+0000][7][gc,phases   ] GC(630)   Other: 0.1ms
[2023-11-16T00:06:11.342+0000][7][gc,heap     ] GC(630) Eden regions: 57->0(57)
[2023-11-16T00:06:11.342+0000][7][gc,heap     ] GC(630) Survivor regions: 1->1(8)
[2023-11-16T00:06:11.342+0000][7][gc,heap     ] GC(630) Old regions: 39->39
[2023-11-16T00:06:11.342+0000][7][gc,heap     ] GC(630) Archive regions: 2->2
[2023-11-16T00:06:11.342+0000][7][gc,heap     ] GC(630) Humongous regions: 6->6
[2023-11-16T00:06:11.342+0000][7][gc,metaspace] GC(630) Metaspace: 118686K(120448K)->118686K(120448K) NonClass: 103032K(104128K)->103032K(104128K) Class: 15654K(16320K)->15654K(16320K)
[2023-11-16T00:06:11.342+0000][7][gc          ] GC(630) Pause Young (Normal) (G1 Evacuation Pause) 413M->185M(512M) 1.893ms
[2023-11-16T00:06:11.342+0000][7][gc,cpu      ] GC(630) User=0.01s Sys=0.00s Real=0.00s
[2023-11-16T00:06:11.342+0000][7][safepoint   ] Safepoint "G1CollectForAllocation", Time since last: 3632476231 ns, Reaching safepoint: 37009 ns, At safepoint: 1956320 ns, Total: 1993329 ns
[2023-11-16T00:06:24.303+0000][7][gc,start    ] GC(631) Pause Young (Concurrent Start) (G1 Evacuation Pause)
[2023-11-16T00:06:24.303+0000][7][gc,task     ] GC(631) Using 8 workers of 8 for evacuation
[2023-11-16T00:06:24.303+0000][7][gc,age      ] GC(631) Desired survivor size 16777216 bytes, new threshold 15 (max threshold 15)
[2023-11-16T00:06:24.308+0000][7][gc,age      ] GC(631) Age table with threshold 15 (max threshold 15)
[2023-11-16T00:06:24.308+0000][7][gc,age      ] GC(631) - age   1:     735040 bytes,     735040 total
[2023-11-16T00:06:24.308+0000][7][gc,age      ] GC(631) - age   2:     792672 bytes,    1527712 total
[2023-11-16T00:06:24.308+0000][7][gc,age      ] GC(631) - age   3:    1069616 bytes,    2597328 total
[2023-11-16T00:06:24.308+0000][7][gc,age      ] GC(631) - age   4:        104 bytes,    2597432 total
[2023-11-16T00:06:24.308+0000][7][gc,phases   ] GC(631)   Pre Evacuate Collection Set: 0.5ms
[2023-11-16T00:06:24.308+0000][7][gc,phases   ] GC(631)   Merge Heap Roots: 0.2ms
[2023-11-16T00:06:24.308+0000][7][gc,phases   ] GC(631)   Evacuate Collection Set: 3.3ms
[2023-11-16T00:06:24.309+0000][7][gc,phases   ] GC(631)   Post Evacuate Collection Set: 1.4ms
[2023-11-16T00:06:24.309+0000][7][gc,phases   ] GC(631)   Other: 0.5ms
[2023-11-16T00:06:24.309+0000][7][gc,heap     ] GC(631) Eden regions: 57->0(58)
[2023-11-16T00:06:24.309+0000][7][gc,heap     ] GC(631) Survivor regions: 1->1(8)
[2023-11-16T00:06:24.309+0000][7][gc,heap     ] GC(631) Old regions: 39->39
[2023-11-16T00:06:24.309+0000][7][gc,heap     ] GC(631) Archive regions: 2->2
[2023-11-16T00:06:24.309+0000][7][gc,heap     ] GC(631) Humongous regions: 6->6
[2023-11-16T00:06:24.309+0000][7][gc,metaspace] GC(631) Metaspace: 118686K(120448K)->118686K(120448K) NonClass: 103032K(104128K)->103032K(104128K) Class: 15654K(16320K)->15654K(16320K)
[2023-11-16T00:06:24.309+0000][7][gc          ] GC(631) Pause Young (Concurrent Start) (G1 Evacuation Pause) 413M->185M(512M) 6.016ms
[2023-11-16T00:06:24.309+0000][7][gc,cpu      ] GC(631) User=0.02s Sys=0.00s Real=0.01s
[2023-11-16T00:06:24.309+0000][7][safepoint   ] Safepoint "G1CollectForAllocation", Time since last: 12960879509 ns, Reaching safepoint: 90329 ns, At safepoint: 6231448 ns, Total: 6321777 ns
[2023-11-16T00:06:24.309+0000][7][gc          ] GC(632) Concurrent Mark Cycle
[2023-11-16T00:06:24.309+0000][7][gc,marking  ] GC(632) Concurrent Clear Claimed Marks
[2023-11-16T00:06:24.309+0000][7][gc,marking  ] GC(632) Concurrent Clear Claimed Marks 0.168ms
[2023-11-16T00:06:24.309+0000][7][gc,marking  ] GC(632) Concurrent Scan Root Regions
[2023-11-16T00:06:24.314+0000][7][gc,marking  ] GC(632) Concurrent Scan Root Regions 4.744ms
[2023-11-16T00:06:24.314+0000][7][gc,marking  ] GC(632) Concurrent Mark
[2023-11-16T00:06:24.314+0000][7][gc,marking  ] GC(632) Concurrent Mark From Roots
[2023-11-16T00:06:24.314+0000][7][gc,task     ] GC(632) Using 2 workers of 2 for marking
[2023-11-16T00:06:24.396+0000][7][gc,marking  ] GC(632) Concurrent Mark From Roots 82.395ms
[2023-11-16T00:06:24.396+0000][7][gc,marking  ] GC(632) Concurrent Preclean
[2023-11-16T00:06:24.396+0000][7][gc,marking  ] GC(632) Concurrent Preclean 0.163ms
[2023-11-16T00:06:24.397+0000][7][gc,start    ] GC(632) Pause Remark
[2023-11-16T00:06:24.402+0000][7][gc          ] GC(632) Pause Remark 189M->182M(512M) 5.534ms
[2023-11-16T00:06:24.402+0000][7][gc,cpu      ] GC(632) User=0.03s Sys=0.00s Real=0.00s
[2023-11-16T00:06:24.402+0000][7][safepoint   ] Safepoint "G1Concurrent", Time since last: 87757764 ns, Reaching safepoint: 19645 ns, At safepoint: 5604608 ns, Total: 5624253 ns
[2023-11-16T00:06:24.402+0000][7][gc,marking  ] GC(632) Concurrent Mark 88.329ms
[2023-11-16T00:06:24.402+0000][7][gc,marking  ] GC(632) Concurrent Rebuild Remembered Sets
[2023-11-16T00:06:24.435+0000][7][gc,marking  ] GC(632) Concurrent Rebuild Remembered Sets 32.675ms
[2023-11-16T00:06:24.435+0000][7][gc,start    ] GC(632) Pause Cleanup
[2023-11-16T00:06:24.435+0000][7][gc          ] GC(632) Pause Cleanup 182M->182M(512M) 0.118ms
[2023-11-16T00:06:24.435+0000][7][gc,cpu      ] GC(632) User=0.00s Sys=0.00s Real=0.00s
[2023-11-16T00:06:24.435+0000][7][safepoint   ] Safepoint "G1Concurrent", Time since last: 32813389 ns, Reaching safepoint: 23448 ns, At safepoint: 155257 ns, Total: 178705 ns
[2023-11-16T00:06:24.435+0000][7][gc,marking  ] GC(632) Concurrent Cleanup for Next Mark
[2023-11-16T00:06:24.436+0000][7][gc,marking  ] GC(632) Concurrent Cleanup for Next Mark 0.342ms
[2023-11-16T00:06:24.436+0000][7][gc          ] GC(632) Concurrent Mark Cycle 126.813ms
[2023-11-16T00:06:29.436+0000][7][safepoint   ] Safepoint "Cleanup", Time since last: 5000576353 ns, Reaching safepoint: 75430 ns, At safepoint: 11972 ns, Total: 87402 ns
[2023-11-16T00:06:32.437+0000][7][safepoint   ] Safepoint "Cleanup", Time since last: 3000674512 ns, Reaching safepoint: 97595 ns, At safepoint: 5568 ns, Total: 103163 ns
[2023-11-16T00:06:34.437+0000][7][safepoint   ] Safepoint "Cleanup", Time since last: 2000366463 ns, Reaching safepoint: 98110 ns, At safepoint: 49115 ns, Total: 147225 ns
[2023-11-16T00:06:35.437+0000][7][safepoint   ] Safepoint "Cleanup", Time since last: 1000141440 ns, Reaching safepoint: 82663 ns, At safepoint: 5883 ns, Total: 88546 ns
[2023-11-16T00:06:37.438+0000][7][safepoint   ] Safepoint "Cleanup", Time since last: 2000156036 ns, Reaching safepoint: 133397 ns, At safepoint: 14517 ns, Total: 147914 ns
[2023-11-16T00:06:37.471+0000][7][gc,start    ] GC(633) Pause Young (Prepare Mixed) (G1 Evacuation Pause)
[2023-11-16T00:06:37.471+0000][7][gc,task     ] GC(633) Using 8 workers of 8 for evacuation
[2023-11-16T00:06:37.471+0000][7][gc,age      ] GC(633) Desired survivor size 16777216 bytes, new threshold 15 (max threshold 15)
[2023-11-16T00:06:37.474+0000][7][gc,age      ] GC(633) Age table with threshold 15 (max threshold 15)
[2023-11-16T00:06:37.474+0000][7][gc,age      ] GC(633) - age   1:    1084832 bytes,    1084832 total
[2023-11-16T00:06:37.474+0000][7][gc,age      ] GC(633) - age   2:     386888 bytes,    1471720 total
[2023-11-16T00:06:37.474+0000][7][gc,age      ] GC(633) - age   3:     777504 bytes,    2249224 total
[2023-11-16T00:06:37.474+0000][7][gc,age      ] GC(633) - age   4:      22000 bytes,    2271224 total
[2023-11-16T00:06:37.474+0000][7][gc,phases   ] GC(633)   Pre Evacuate Collection Set: 0.1ms
[2023-11-16T00:06:37.474+0000][7][gc,phases   ] GC(633)   Merge Heap Roots: 0.1ms
[2023-11-16T00:06:37.474+0000][7][gc,phases   ] GC(633)   Evacuate Collection Set: 2.0ms
[2023-11-16T00:06:37.474+0000][7][gc,phases   ] GC(633)   Post Evacuate Collection Set: 0.8ms
[2023-11-16T00:06:37.474+0000][7][gc,phases   ] GC(633)   Other: 0.3ms
[2023-11-16T00:06:37.474+0000][7][gc,heap     ] GC(633) Eden regions: 58->0(5)
[2023-11-16T00:06:37.474+0000][7][gc,heap     ] GC(633) Survivor regions: 1->1(8)
[2023-11-16T00:06:37.474+0000][7][gc,heap     ] GC(633) Old regions: 38->38
[2023-11-16T00:06:37.474+0000][7][gc,heap     ] GC(633) Archive regions: 2->2
[2023-11-16T00:06:37.474+0000][7][gc,heap     ] GC(633) Humongous regions: 5->5
[2023-11-16T00:06:37.474+0000][7][gc,metaspace] GC(633) Metaspace: 118694K(120448K)->118694K(120448K) NonClass: 103040K(104128K)->103040K(104128K) Class: 15654K(16320K)->15654K(16320K)
[2023-11-16T00:06:37.475+0000][7][gc          ] GC(633) Pause Young (Prepare Mixed) (G1 Evacuation Pause) 410M->178M(512M) 3.479ms
[2023-11-16T00:06:37.475+0000][7][gc,cpu      ] GC(633) User=0.01s Sys=0.00s Real=0.01s
[2023-11-16T00:06:37.475+0000][7][safepoint   ] Safepoint "G1CollectForAllocation", Time since last: 33256742 ns, Reaching safepoint: 64955 ns, At safepoint: 3611032 ns, Total: 3675987 ns
[2023-11-16T00:06:38.425+0000][7][gc,start    ] GC(634) Pause Young (Mixed) (G1 Evacuation Pause)
[2023-11-16T00:06:38.426+0000][7][gc,task     ] GC(634) Using 8 workers of 8 for evacuation
[2023-11-16T00:06:38.426+0000][7][gc,age      ] GC(634) Desired survivor size 2097152 bytes, new threshold 3 (max threshold 15)
[2023-11-16T00:06:38.433+0000][7][gc,age      ] GC(634) Age table with threshold 3 (max threshold 15)
[2023-11-16T00:06:38.433+0000][7][gc,age      ] GC(634) - age   1:     711576 bytes,     711576 total
[2023-11-16T00:06:38.433+0000][7][gc,age      ] GC(634) - age   2:     907360 bytes,    1618936 total
[2023-11-16T00:06:38.433+0000][7][gc,age      ] GC(634) - age   3:     386760 bytes,    2005696 total
[2023-11-16T00:06:38.433+0000][7][gc,phases   ] GC(634)   Pre Evacuate Collection Set: 0.1ms
[2023-11-16T00:06:38.433+0000][7][gc,phases   ] GC(634)   Merge Heap Roots: 0.1ms
[2023-11-16T00:06:38.433+0000][7][gc,phases   ] GC(634)   Evacuate Collection Set: 5.6ms
[2023-11-16T00:06:38.433+0000][7][gc,phases   ] GC(634)   Post Evacuate Collection Set: 1.4ms
[2023-11-16T00:06:38.433+0000][7][gc,phases   ] GC(634)   Other: 0.4ms
[2023-11-16T00:06:38.433+0000][7][gc,heap     ] GC(634) Eden regions: 5->0(69)
[2023-11-16T00:06:38.433+0000][7][gc,heap     ] GC(634) Survivor regions: 1->1(1)
[2023-11-16T00:06:38.433+0000][7][gc,heap     ] GC(634) Old regions: 38->29
[2023-11-16T00:06:38.433+0000][7][gc,heap     ] GC(634) Archive regions: 2->2
[2023-11-16T00:06:38.433+0000][7][gc,heap     ] GC(634) Humongous regions: 5->5
[2023-11-16T00:06:38.433+0000][7][gc,metaspace] GC(634) Metaspace: 118694K(120448K)->118694K(120448K) NonClass: 103040K(104128K)->103040K(104128K) Class: 15654K(16320K)->15654K(16320K)
[2023-11-16T00:06:38.433+0000][7][gc          ] GC(634) Pause Young (Mixed) (G1 Evacuation Pause) 198M->139M(512M) 7.718ms
[2023-11-16T00:06:38.433+0000][7][gc,cpu      ] GC(634) User=0.04s Sys=0.00s Real=0.00s
[2023-11-16T00:06:38.433+0000][7][safepoint   ] Safepoint "G1CollectForAllocation", Time since last: 950701506 ns, Reaching safepoint: 109380 ns, At safepoint: 7874640 ns, Total: 7984020 ns
[2023-11-16T00:06:39.434+0000][7][safepoint   ] Safepoint "Cleanup", Time since last: 1000185598 ns, Reaching safepoint: 119064 ns, At safepoint: 16458 ns, Total: 135522 ns
[2023-11-16T00:06:47.435+0000][7][safepoint   ] Safepoint "Cleanup", Time since last: 8001028825 ns, Reaching safepoint: 63205 ns, At safepoint: 6052 ns, Total: 69257 ns
[2023-11-16T00:06:50.435+0000][7][safepoint   ] Safepoint "Cleanup", Time since last: 3000414032 ns, Reaching safepoint: 211665 ns, At safepoint: 32596 ns, Total: 244261 ns
[2023-11-16T00:06:56.006+0000][7][gc,start    ] GC(635) Pause Young (Normal) (G1 Evacuation Pause)
[2023-11-16T00:06:56.006+0000][7][gc,task     ] GC(635) Using 8 workers of 8 for evacuation
[2023-11-16T00:06:56.006+0000][7][gc,age      ] GC(635) Desired survivor size 18874368 bytes, new threshold 15 (max threshold 15)
[2023-11-16T00:06:56.019+0000][7][gc,age      ] GC(635) Age table with threshold 15 (max threshold 15)
[2023-11-16T00:06:56.019+0000][7][gc,age      ] GC(635) - age   1:    1398168 bytes,    1398168 total
[2023-11-16T00:06:56.019+0000][7][gc,age      ] GC(635) - age   2:      61400 bytes,    1459568 total
[2023-11-16T00:06:56.019+0000][7][gc,age      ] GC(635) - age   3:     757568 bytes,    2217136 total
[2023-11-16T00:06:56.019+0000][7][gc,age      ] GC(635) - age   4:     283800 bytes,    2500936 total
[2023-11-16T00:06:56.019+0000][7][gc,phases   ] GC(635)   Pre Evacuate Collection Set: 0.1ms
[2023-11-16T00:06:56.019+0000][7][gc,phases   ] GC(635)   Merge Heap Roots: 0.1ms
[2023-11-16T00:06:56.019+0000][7][gc,phases   ] GC(635)   Evacuate Collection Set: 11.3ms
[2023-11-16T00:06:56.019+0000][7][gc,phases   ] GC(635)   Post Evacuate Collection Set: 0.9ms
[2023-11-16T00:06:56.019+0000][7][gc,phases   ] GC(635)   Other: 0.4ms
[2023-11-16T00:06:56.019+0000][7][gc,heap     ] GC(635) Eden regions: 69->0(69)
[2023-11-16T00:06:56.019+0000][7][gc,heap     ] GC(635) Survivor regions: 1->1(9)
[2023-11-16T00:06:56.019+0000][7][gc,heap     ] GC(635) Old regions: 29->29
[2023-11-16T00:06:56.019+0000][7][gc,heap     ] GC(635) Archive regions: 2->2
[2023-11-16T00:06:56.019+0000][7][gc,heap     ] GC(635) Humongous regions: 5->5
[2023-11-16T00:06:56.019+0000][7][gc,metaspace] GC(635) Metaspace: 118694K(120448K)->118694K(120448K) NonClass: 103040K(104128K)->103040K(104128K) Class: 15654K(16320K)->15654K(16320K)
[2023-11-16T00:06:56.019+0000][7][gc          ] GC(635) Pause Young (Normal) (G1 Evacuation Pause) 415M->140M(512M) 13.002ms
[2023-11-16T00:06:56.019+0000][7][gc,cpu      ] GC(635) User=0.02s Sys=0.03s Real=0.01s
[2023-11-16T00:06:56.019+0000][7][safepoint   ] Safepoint "G1CollectForAllocation", Time since last: 5570438047 ns, Reaching safepoint: 103489 ns, At safepoint: 13158972 ns, Total: 13262461 ns
[2023-11-16T00:07:12.252+0000][7][gc,start    ] GC(636) Pause Young (Normal) (G1 Evacuation Pause)
[2023-11-16T00:07:12.252+0000][7][gc,task     ] GC(636) Using 8 workers of 8 for evacuation
[2023-11-16T00:07:12.252+0000][7][gc,age      ] GC(636) Desired survivor size 18874368 bytes, new threshold 15 (max threshold 15)
[2023-11-16T00:07:12.258+0000][7][gc,age      ] GC(636) Age table with threshold 15 (max threshold 15)
[2023-11-16T00:07:12.258+0000][7][gc,age      ] GC(636) - age   1:    1800576 bytes,    1800576 total
[2023-11-16T00:07:12.258+0000][7][gc,age      ] GC(636) - age   2:     673472 bytes,    2474048 total
[2023-11-16T00:07:12.258+0000][7][gc,age      ] GC(636) - age   3:      59312 bytes,    2533360 total
[2023-11-16T00:07:12.258+0000][7][gc,age      ] GC(636) - age   4:     701928 bytes,    3235288 total
[2023-11-16T00:07:12.258+0000][7][gc,age      ] GC(636) - age   5:     283416 bytes,    3518704 total
[2023-11-16T00:07:12.258+0000][7][gc,phases   ] GC(636)   Pre Evacuate Collection Set: 0.2ms
[2023-11-16T00:07:12.258+0000][7][gc,phases   ] GC(636)   Merge Heap Roots: 0.2ms
[2023-11-16T00:07:12.258+0000][7][gc,phases   ] GC(636)   Evacuate Collection Set: 4.0ms
[2023-11-16T00:07:12.258+0000][7][gc,phases   ] GC(636)   Post Evacuate Collection Set: 1.2ms
[2023-11-16T00:07:12.258+0000][7][gc,phases   ] GC(636)   Other: 0.4ms
[2023-11-16T00:07:12.258+0000][7][gc,heap     ] GC(636) Eden regions: 69->0(69)
[2023-11-16T00:07:12.258+0000][7][gc,heap     ] GC(636) Survivor regions: 1->1(9)
[2023-11-16T00:07:12.258+0000][7][gc,heap     ] GC(636) Old regions: 29->29
[2023-11-16T00:07:12.258+0000][7][gc,heap     ] GC(636) Archive regions: 2->2
[2023-11-16T00:07:12.258+0000][7][gc,heap     ] GC(636) Humongous regions: 5->5
[2023-11-16T00:07:12.258+0000][7][gc,metaspace] GC(636) Metaspace: 118694K(120448K)->118694K(120448K) NonClass: 103040K(104128K)->103040K(104128K) Class: 15654K(16320K)->15654K(16320K)
[2023-11-16T00:07:12.258+0000][7][gc          ] GC(636) Pause Young (Normal) (G1 Evacuation Pause) 416M->141M(512M) 6.171ms
[2023-11-16T00:07:12.258+0000][7][gc,cpu      ] GC(636) User=0.03s Sys=0.01s Real=0.01s
[2023-11-16T00:07:12.258+0000][7][safepoint   ] Safepoint "G1CollectForAllocation", Time since last: 16232676110 ns, Reaching safepoint: 86117 ns, At safepoint: 6347835 ns, Total: 6433952 ns
[2023-11-16T00:07:18.259+0000][7][safepoint   ] Safepoint "Cleanup", Time since last: 6000598768 ns, Reaching safepoint: 101662 ns, At safepoint: 11698 ns, Total: 113360 ns
[2023-11-16T00:07:24.260+0000][7][safepoint   ] Safepoint "Cleanup", Time since last: 6000935935 ns, Reaching safepoint: 103747 ns, At safepoint: 15279 ns, Total: 119026 ns
[2023-11-16T00:07:26.260+0000][7][safepoint   ] Safepoint "Cleanup", Time since last: 2000376126 ns, Reaching safepoint: 121335 ns, At safepoint: 15622 ns, Total: 136957 ns
[2023-11-16T00:07:29.166+0000][7][gc,start    ] GC(637) Pause Young (Concurrent Start) (G1 Evacuation Pause)
[2023-11-16T00:07:29.166+0000][7][gc,task     ] GC(637) Using 8 workers of 8 for evacuation
[2023-11-16T00:07:29.166+0000][7][gc,age      ] GC(637) Desired survivor size 18874368 bytes, new threshold 15 (max threshold 15)
[2023-11-16T00:07:29.168+0000][7][gc,age      ] GC(637) Age table with threshold 15 (max threshold 15)
[2023-11-16T00:07:29.169+0000][7][gc,age      ] GC(637) - age   1:    2128472 bytes,    2128472 total
[2023-11-16T00:07:29.169+0000][7][gc,age      ] GC(637) - age   2:     894840 bytes,    3023312 total
[2023-11-16T00:07:29.169+0000][7][gc,age      ] GC(637) - age   3:     626512 bytes,    3649824 total
[2023-11-16T00:07:29.169+0000][7][gc,age      ] GC(637) - age   4:      48744 bytes,    3698568 total
[2023-11-16T00:07:29.169+0000][7][gc,age      ] GC(637) - age   5:     599280 bytes,    4297848 total
[2023-11-16T00:07:29.169+0000][7][gc,age      ] GC(637) - age   6:     283352 bytes,    4581200 total
[2023-11-16T00:07:29.169+0000][7][gc,phases   ] GC(637)   Pre Evacuate Collection Set: 0.1ms
[2023-11-16T00:07:29.169+0000][7][gc,phases   ] GC(637)   Merge Heap Roots: 0.0ms
[2023-11-16T00:07:29.169+0000][7][gc,phases   ] GC(637)   Evacuate Collection Set: 1.9ms
[2023-11-16T00:07:29.169+0000][7][gc,phases   ] GC(637)   Post Evacuate Collection Set: 0.5ms
[2023-11-16T00:07:29.169+0000][7][gc,phases   ] GC(637)   Other: 0.2ms
[2023-11-16T00:07:29.169+0000][7][gc,heap     ] GC(637) Eden regions: 69->0(68)
[2023-11-16T00:07:29.169+0000][7][gc,heap     ] GC(637) Survivor regions: 1->2(9)
[2023-11-16T00:07:29.169+0000][7][gc,heap     ] GC(637) Old regions: 29->29
[2023-11-16T00:07:29.169+0000][7][gc,heap     ] GC(637) Archive regions: 2->2
[2023-11-16T00:07:29.169+0000][7][gc,heap     ] GC(637) Humongous regions: 5->5
[2023-11-16T00:07:29.169+0000][7][gc,metaspace] GC(637) Metaspace: 118694K(120448K)->118694K(120448K) NonClass: 103040K(104128K)->103040K(104128K) Class: 15654K(16320K)->15654K(16320K)
[2023-11-16T00:07:29.169+0000][7][gc          ] GC(637) Pause Young (Concurrent Start) (G1 Evacuation Pause) 417M->142M(512M) 2.777ms
[2023-11-16T00:07:29.169+0000][7][gc,cpu      ] GC(637) User=0.01s Sys=0.00s Real=0.00s
[2023-11-16T00:07:29.169+0000][7][safepoint   ] Safepoint "G1CollectForAllocation", Time since last: 2905341805 ns, Reaching safepoint: 34534 ns, At safepoint: 2845151 ns, Total: 2879685 ns
[2023-11-16T00:07:29.169+0000][7][gc          ] GC(638) Concurrent Mark Cycle
[2023-11-16T00:07:29.169+0000][7][gc,marking  ] GC(638) Concurrent Clear Claimed Marks
[2023-11-16T00:07:29.169+0000][7][gc,marking  ] GC(638) Concurrent Clear Claimed Marks 0.122ms
[2023-11-16T00:07:29.169+0000][7][gc,marking  ] GC(638) Concurrent Scan Root Regions
[2023-11-16T00:07:29.171+0000][7][gc,marking  ] GC(638) Concurrent Scan Root Regions 2.249ms
[2023-11-16T00:07:29.172+0000][7][gc,marking  ] GC(638) Concurrent Mark
[2023-11-16T00:07:29.172+0000][7][gc,marking  ] GC(638) Concurrent Mark From Roots
[2023-11-16T00:07:29.172+0000][7][gc,task     ] GC(638) Using 2 workers of 2 for marking
[2023-11-16T00:07:29.231+0000][7][gc,marking  ] GC(638) Concurrent Mark From Roots 59.134ms
[2023-11-16T00:07:29.231+0000][7][gc,marking  ] GC(638) Concurrent Preclean
[2023-11-16T00:07:29.231+0000][7][gc,marking  ] GC(638) Concurrent Preclean 0.191ms
[2023-11-16T00:07:29.232+0000][7][gc,start    ] GC(638) Pause Remark
[2023-11-16T00:07:29.237+0000][7][gc          ] GC(638) Pause Remark 145M->145M(512M) 5.932ms
[2023-11-16T00:07:29.237+0000][7][gc,cpu      ] GC(638) User=0.03s Sys=0.00s Real=0.01s
[2023-11-16T00:07:29.237+0000][7][safepoint   ] Safepoint "G1Concurrent", Time since last: 62782269 ns, Reaching safepoint: 25354 ns, At safepoint: 6031025 ns, Total: 6056379 ns
[2023-11-16T00:07:29.238+0000][7][gc,marking  ] GC(638) Concurrent Mark 65.479ms
[2023-11-16T00:07:29.238+0000][7][gc,marking  ] GC(638) Concurrent Rebuild Remembered Sets
[2023-11-16T00:07:29.271+0000][7][gc,marking  ] GC(638) Concurrent Rebuild Remembered Sets 33.539ms
[2023-11-16T00:07:29.271+0000][7][gc,start    ] GC(638) Pause Cleanup
[2023-11-16T00:07:29.271+0000][7][gc          ] GC(638) Pause Cleanup 146M->146M(512M) 0.088ms
[2023-11-16T00:07:29.271+0000][7][gc,cpu      ] GC(638) User=0.00s Sys=0.00s Real=0.00s
[2023-11-16T00:07:29.271+0000][7][safepoint   ] Safepoint "G1Concurrent", Time since last: 33666343 ns, Reaching safepoint: 55523 ns, At safepoint: 123881 ns, Total: 179404 ns
[2023-11-16T00:07:29.271+0000][7][gc,marking  ] GC(638) Concurrent Cleanup for Next Mark
[2023-11-16T00:07:29.272+0000][7][gc,marking  ] GC(638) Concurrent Cleanup for Next Mark 0.367ms
[2023-11-16T00:07:29.272+0000][7][gc          ] GC(638) Concurrent Mark Cycle 103.106ms
[2023-11-16T00:07:43.273+0000][7][safepoint   ] Safepoint "Cleanup", Time since last: 14001235291 ns, Reaching safepoint: 137444 ns, At safepoint: 10513 ns, Total: 147957 ns
[2023-11-16T00:07:45.583+0000][7][gc,start    ] GC(639) Pause Young (Prepare Mixed) (G1 Evacuation Pause)
[2023-11-16T00:07:45.583+0000][7][gc,task     ] GC(639) Using 8 workers of 8 for evacuation
[2023-11-16T00:07:45.583+0000][7][gc,age      ] GC(639) Desired survivor size 18874368 bytes, new threshold 15 (max threshold 15)
[2023-11-16T00:07:45.585+0000][7][gc,age      ] GC(639) Age table with threshold 15 (max threshold 15)
[2023-11-16T00:07:45.585+0000][7][gc,age      ] GC(639) - age   1:    2092904 bytes,    2092904 total
[2023-11-16T00:07:45.585+0000][7][gc,age      ] GC(639) - age   2:     738480 bytes,    2831384 total
[2023-11-16T00:07:45.585+0000][7][gc,age      ] GC(639) - age   3:     765504 bytes,    3596888 total
[2023-11-16T00:07:45.585+0000][7][gc,age      ] GC(639) - age   4:     625672 bytes,    4222560 total
[2023-11-16T00:07:45.585+0000][7][gc,age      ] GC(639) - age   5:      48256 bytes,    4270816 total
[2023-11-16T00:07:45.585+0000][7][gc,age      ] GC(639) - age   6:     581608 bytes,    4852424 total
[2023-11-16T00:07:45.585+0000][7][gc,age      ] GC(639) - age   7:     283352 bytes,    5135776 total
[2023-11-16T00:07:45.585+0000][7][gc,phases   ] GC(639)   Pre Evacuate Collection Set: 0.1ms
[2023-11-16T00:07:45.585+0000][7][gc,phases   ] GC(639)   Merge Heap Roots: 0.1ms
[2023-11-16T00:07:45.585+0000][7][gc,phases   ] GC(639)   Evacuate Collection Set: 2.0ms
[2023-11-16T00:07:45.585+0000][7][gc,phases   ] GC(639)   Post Evacuate Collection Set: 0.5ms
[2023-11-16T00:07:45.585+0000][7][gc,phases   ] GC(639)   Other: 0.2ms
[2023-11-16T00:07:45.585+0000][7][gc,heap     ] GC(639) Eden regions: 68->0(4)
[2023-11-16T00:07:45.585+0000][7][gc,heap     ] GC(639) Survivor regions: 2->2(9)
[2023-11-16T00:07:45.585+0000][7][gc,heap     ] GC(639) Old regions: 29->29
[2023-11-16T00:07:45.585+0000][7][gc,heap     ] GC(639) Archive regions: 2->2
[2023-11-16T00:07:45.585+0000][7][gc,heap     ] GC(639) Humongous regions: 5->5
[2023-11-16T00:07:45.585+0000][7][gc,metaspace] GC(639) Metaspace: 118695K(120448K)->118695K(120448K) NonClass: 103041K(104128K)->103041K(104128K) Class: 15654K(16320K)->15654K(16320K)
[2023-11-16T00:07:45.586+0000][7][gc          ] GC(639) Pause Young (Prepare Mixed) (G1 Evacuation Pause) 414M->142M(512M) 2.912ms
[2023-11-16T00:07:45.586+0000][7][gc,cpu      ] GC(639) User=0.02s Sys=0.00s Real=0.01s
[2023-11-16T00:07:45.586+0000][7][safepoint   ] Safepoint "G1CollectForAllocation", Time since last: 2309783418 ns, Reaching safepoint: 35587 ns, At safepoint: 2994381 ns, Total: 3029968 ns
[2023-11-16T00:07:46.783+0000][7][gc,start    ] GC(640) Pause Young (Mixed) (G1 Evacuation Pause)
[2023-11-16T00:07:46.783+0000][7][gc,task     ] GC(640) Using 8 workers of 8 for evacuation
[2023-11-16T00:07:46.783+0000][7][gc,age      ] GC(640) Desired survivor size 2097152 bytes, new threshold 2 (max threshold 15)
[2023-11-16T00:07:46.789+0000][7][gc,age      ] GC(640) Age table with threshold 2 (max threshold 15)
[2023-11-16T00:07:46.789+0000][7][gc,age      ] GC(640) - age   1:     555648 bytes,     555648 total
[2023-11-16T00:07:46.789+0000][7][gc,age      ] GC(640) - age   2:    1923368 bytes,    2479016 total
[2023-11-16T00:07:46.789+0000][7][gc,phases   ] GC(640)   Pre Evacuate Collection Set: 0.2ms
[2023-11-16T00:07:46.789+0000][7][gc,phases   ] GC(640)   Merge Heap Roots: 0.2ms
[2023-11-16T00:07:46.789+0000][7][gc,phases   ] GC(640)   Evacuate Collection Set: 4.6ms
[2023-11-16T00:07:46.789+0000][7][gc,phases   ] GC(640)   Post Evacuate Collection Set: 1.1ms
[2023-11-16T00:07:46.789+0000][7][gc,phases   ] GC(640)   Other: 0.5ms
[2023-11-16T00:07:46.789+0000][7][gc,heap     ] GC(640) Eden regions: 4->0(69)
[2023-11-16T00:07:46.789+0000][7][gc,heap     ] GC(640) Survivor regions: 2->1(1)
[2023-11-16T00:07:46.789+0000][7][gc,heap     ] GC(640) Old regions: 29->29
[2023-11-16T00:07:46.789+0000][7][gc,heap     ] GC(640) Archive regions: 2->2
[2023-11-16T00:07:46.789+0000][7][gc,heap     ] GC(640) Humongous regions: 5->5
[2023-11-16T00:07:46.789+0000][7][gc,metaspace] GC(640) Metaspace: 118696K(120448K)->118696K(120448K) NonClass: 103042K(104128K)->103042K(104128K) Class: 15654K(16320K)->15654K(16320K)
[2023-11-16T00:07:46.789+0000][7][gc          ] GC(640) Pause Young (Mixed) (G1 Evacuation Pause) 158M->139M(512M) 6.679ms
[2023-11-16T00:07:46.789+0000][7][gc,cpu      ] GC(640) User=0.04s Sys=0.01s Real=0.01s
[2023-11-16T00:07:46.789+0000][7][safepoint   ] Safepoint "G1CollectForAllocation", Time since last: 1196940077 ns, Reaching safepoint: 116634 ns, At safepoint: 6888283 ns, Total: 7004917 ns
[2023-11-16T00:07:47.790+0000][7][safepoint   ] Safepoint "Cleanup", Time since last: 1000170761 ns, Reaching safepoint: 109803 ns, At safepoint: 17833 ns, Total: 127636 ns
[2023-11-16T00:08:02.792+0000][7][safepoint   ] Safepoint "Cleanup", Time since last: 15001690059 ns, Reaching safepoint: 315582 ns, At safepoint: 44052 ns, Total: 359634 ns
[2023-11-16T00:08:03.792+0000][7][safepoint   ] Safepoint "Cleanup", Time since last: 1000262137 ns, Reaching safepoint: 255187 ns, At safepoint: 16063 ns, Total: 271250 ns
[2023-11-16T00:08:04.544+0000][7][gc,start    ] GC(641) Pause Young (Normal) (G1 Evacuation Pause)
[2023-11-16T00:08:04.544+0000][7][gc,task     ] GC(641) Using 8 workers of 8 for evacuation
[2023-11-16T00:08:04.544+0000][7][gc,age      ] GC(641) Desired survivor size 18874368 bytes, new threshold 15 (max threshold 15)
[2023-11-16T00:08:04.549+0000][7][gc,age      ] GC(641) Age table with threshold 15 (max threshold 15)
[2023-11-16T00:08:04.549+0000][7][gc,age      ] GC(641) - age   1:    3004464 bytes,    3004464 total
[2023-11-16T00:08:04.549+0000][7][gc,age      ] GC(641) - age   2:     360584 bytes,    3365048 total
[2023-11-16T00:08:04.549+0000][7][gc,age      ] GC(641) - age   3:     873864 bytes,    4238912 total
[2023-11-16T00:08:04.549+0000][7][gc,phases   ] GC(641)   Pre Evacuate Collection Set: 0.2ms
[2023-11-16T00:08:04.549+0000][7][gc,phases   ] GC(641)   Merge Heap Roots: 0.7ms
[2023-11-16T00:08:04.549+0000][7][gc,phases   ] GC(641)   Evacuate Collection Set: 2.8ms
[2023-11-16T00:08:04.549+0000][7][gc,phases   ] GC(641)   Post Evacuate Collection Set: 1.1ms
[2023-11-16T00:08:04.549+0000][7][gc,phases   ] GC(641)   Other: 0.4ms
[2023-11-16T00:08:04.549+0000][7][gc,heap     ] GC(641) Eden regions: 69->0(67)
[2023-11-16T00:08:04.549+0000][7][gc,heap     ] GC(641) Survivor regions: 1->2(9)
[2023-11-16T00:08:04.549+0000][7][gc,heap     ] GC(641) Old regions: 29->29
[2023-11-16T00:08:04.549+0000][7][gc,heap     ] GC(641) Archive regions: 2->2
[2023-11-16T00:08:04.549+0000][7][gc,heap     ] GC(641) Humongous regions: 5->5
[2023-11-16T00:08:04.549+0000][7][gc,metaspace] GC(641) Metaspace: 118697K(120448K)->118697K(120448K) NonClass: 103043K(104128K)->103043K(104128K) Class: 15654K(16320K)->15654K(16320K)
[2023-11-16T00:08:04.549+0000][7][gc          ] GC(641) Pause Young (Normal) (G1 Evacuation Pause) 415M->140M(512M) 5.204ms
[2023-11-16T00:08:04.549+0000][7][gc,cpu      ] GC(641) User=0.01s Sys=0.02s Real=0.01s
[2023-11-16T00:08:04.549+0000][7][safepoint   ] Safepoint "G1CollectForAllocation", Time since last: 751292953 ns, Reaching safepoint: 65839 ns, At safepoint: 5372048 ns, Total: 5437887 ns
[2023-11-16T00:08:22.373+0000][7][gc,start    ] GC(642) Pause Young (Normal) (G1 Evacuation Pause)
[2023-11-16T00:08:22.373+0000][7][gc,task     ] GC(642) Using 8 workers of 8 for evacuation
[2023-11-16T00:08:22.373+0000][7][gc,age      ] GC(642) Desired survivor size 18874368 bytes, new threshold 15 (max threshold 15)
[2023-11-16T00:08:22.377+0000][7][gc,age      ] GC(642) Age table with threshold 15 (max threshold 15)
[2023-11-16T00:08:22.377+0000][7][gc,age      ] GC(642) - age   1:    2576728 bytes,    2576728 total
[2023-11-16T00:08:22.377+0000][7][gc,age      ] GC(642) - age   2:    1375392 bytes,    3952120 total
[2023-11-16T00:08:22.377+0000][7][gc,age      ] GC(642) - age   3:     360584 bytes,    4312704 total
[2023-11-16T00:08:22.377+0000][7][gc,age      ] GC(642) - age   4:     712424 bytes,    5025128 total
[2023-11-16T00:08:22.377+0000][7][gc,phases   ] GC(642)   Pre Evacuate Collection Set: 0.2ms
[2023-11-16T00:08:22.377+0000][7][gc,phases   ] GC(642)   Merge Heap Roots: 0.1ms
[2023-11-16T00:08:22.377+0000][7][gc,phases   ] GC(642)   Evacuate Collection Set: 2.6ms
[2023-11-16T00:08:22.377+0000][7][gc,phases   ] GC(642)   Post Evacuate Collection Set: 1.1ms
[2023-11-16T00:08:22.377+0000][7][gc,phases   ] GC(642)   Other: 0.4ms
[2023-11-16T00:08:22.377+0000][7][gc,heap     ] GC(642) Eden regions: 67->0(67)
[2023-11-16T00:08:22.377+0000][7][gc,heap     ] GC(642) Survivor regions: 2->2(9)
[2023-11-16T00:08:22.377+0000][7][gc,heap     ] GC(642) Old regions: 29->29
[2023-11-16T00:08:22.377+0000][7][gc,heap     ] GC(642) Archive regions: 2->2
[2023-11-16T00:08:22.377+0000][7][gc,heap     ] GC(642) Humongous regions: 5->5
[2023-11-16T00:08:22.377+0000][7][gc,metaspace] GC(642) Metaspace: 118697K(120448K)->118697K(120448K) NonClass: 103043K(104128K)->103043K(104128K) Class: 15654K(16320K)->15654K(16320K)
[2023-11-16T00:08:22.377+0000][7][gc          ] GC(642) Pause Young (Normal) (G1 Evacuation Pause) 408M->141M(512M) 4.441ms
[2023-11-16T00:08:22.377+0000][7][gc,cpu      ] GC(642) User=0.02s Sys=0.00s Real=0.01s
[2023-11-16T00:08:22.377+0000][7][safepoint   ] Safepoint "G1CollectForAllocation", Time since last: 17823689572 ns, Reaching safepoint: 59174 ns, At safepoint: 4600211 ns, Total: 4659385 ns
[2023-11-16T00:08:24.378+0000][7][safepoint   ] Safepoint "Cleanup", Time since last: 2000215364 ns, Reaching safepoint: 85591 ns, At safepoint: 8344 ns, Total: 93935 ns
[2023-11-16T00:08:30.379+0000][7][safepoint   ] Safepoint "Cleanup", Time since last: 6000733844 ns, Reaching safepoint: 116706 ns, At safepoint: 16146 ns, Total: 132852 ns
[2023-11-16T00:08:32.379+0000][7][safepoint   ] Safepoint "Cleanup", Time since last: 2000247869 ns, Reaching safepoint: 103100 ns, At safepoint: 6372 ns, Total: 109472 ns
[2023-11-16T00:08:38.716+0000][7][gc,start    ] GC(643) Pause Young (Concurrent Start) (G1 Evacuation Pause)
[2023-11-16T00:08:38.716+0000][7][gc,task     ] GC(643) Using 8 workers of 8 for evacuation
[2023-11-16T00:08:38.717+0000][7][gc,age      ] GC(643) Desired survivor size 18874368 bytes, new threshold 15 (max threshold 15)
[2023-11-16T00:08:38.721+0000][7][gc,age      ] GC(643) Age table with threshold 15 (max threshold 15)
[2023-11-16T00:08:38.721+0000][7][gc,age      ] GC(643) - age   1:    2912336 bytes,    2912336 total
[2023-11-16T00:08:38.721+0000][7][gc,age      ] GC(643) - age   2:     895984 bytes,    3808320 total
[2023-11-16T00:08:38.721+0000][7][gc,age      ] GC(643) - age   3:    1155952 bytes,    4964272 total
[2023-11-16T00:08:38.721+0000][7][gc,age      ] GC(643) - age   4:     360584 bytes,    5324856 total
[2023-11-16T00:08:38.721+0000][7][gc,age      ] GC(643) - age   5:     711832 bytes,    6036688 total
[2023-11-16T00:08:38.721+0000][7][gc,phases   ] GC(643)   Pre Evacuate Collection Set: 0.3ms
[2023-11-16T00:08:38.721+0000][7][gc,phases   ] GC(643)   Merge Heap Roots: 0.1ms
[2023-11-16T00:08:38.721+0000][7][gc,phases   ] GC(643)   Evacuate Collection Set: 3.2ms
[2023-11-16T00:08:38.721+0000][7][gc,phases   ] GC(643)   Post Evacuate Collection Set: 1.0ms
[2023-11-16T00:08:38.721+0000][7][gc,phases   ] GC(643)   Other: 0.4ms
[2023-11-16T00:08:38.721+0000][7][gc,heap     ] GC(643) Eden regions: 67->0(67)
[2023-11-16T00:08:38.721+0000][7][gc,heap     ] GC(643) Survivor regions: 2->2(9)
[2023-11-16T00:08:38.721+0000][7][gc,heap     ] GC(643) Old regions: 29->29
[2023-11-16T00:08:38.721+0000][7][gc,heap     ] GC(643) Archive regions: 2->2
[2023-11-16T00:08:38.721+0000][7][gc,heap     ] GC(643) Humongous regions: 5->5
[2023-11-16T00:08:38.721+0000][7][gc,metaspace] GC(643) Metaspace: 118701K(120448K)->118701K(120448K) NonClass: 103046K(104128K)->103046K(104128K) Class: 15654K(16320K)->15654K(16320K)
[2023-11-16T00:08:38.721+0000][7][gc          ] GC(643) Pause Young (Concurrent Start) (G1 Evacuation Pause) 409M->142M(512M) 5.049ms
[2023-11-16T00:08:38.722+0000][7][gc,cpu      ] GC(643) User=0.03s Sys=0.00s Real=0.00s
[2023-11-16T00:08:38.722+0000][7][safepoint   ] Safepoint "G1CollectForAllocation", Time since last: 6337252298 ns, Reaching safepoint: 142839 ns, At safepoint: 5228062 ns, Total: 5370901 ns
[2023-11-16T00:08:38.722+0000][7][gc          ] GC(644) Concurrent Mark Cycle
[2023-11-16T00:08:38.722+0000][7][gc,marking  ] GC(644) Concurrent Clear Claimed Marks
[2023-11-16T00:08:38.722+0000][7][gc,marking  ] GC(644) Concurrent Clear Claimed Marks 0.169ms
[2023-11-16T00:08:38.722+0000][7][gc,marking  ] GC(644) Concurrent Scan Root Regions
[2023-11-16T00:08:38.725+0000][7][gc,marking  ] GC(644) Concurrent Scan Root Regions 3.172ms
[2023-11-16T00:08:38.725+0000][7][gc,marking  ] GC(644) Concurrent Mark
[2023-11-16T00:08:38.725+0000][7][gc,marking  ] GC(644) Concurrent Mark From Roots
[2023-11-16T00:08:38.725+0000][7][gc,task     ] GC(644) Using 2 workers of 2 for marking
[2023-11-16T00:08:38.803+0000][7][gc,marking  ] GC(644) Concurrent Mark From Roots 78.110ms
[2023-11-16T00:08:38.803+0000][7][gc,marking  ] GC(644) Concurrent Preclean
[2023-11-16T00:08:38.804+0000][7][gc,marking  ] GC(644) Concurrent Preclean 0.321ms
[2023-11-16T00:08:38.804+0000][7][gc,start    ] GC(644) Pause Remark
[2023-11-16T00:08:38.809+0000][7][gc          ] GC(644) Pause Remark 149M->149M(512M) 5.732ms
[2023-11-16T00:08:38.810+0000][7][gc,cpu      ] GC(644) User=0.04s Sys=0.00s Real=0.01s
[2023-11-16T00:08:38.810+0000][7][safepoint   ] Safepoint "G1Concurrent", Time since last: 82062933 ns, Reaching safepoint: 27308 ns, At safepoint: 5851439 ns, Total: 5878747 ns
[2023-11-16T00:08:38.810+0000][7][gc,marking  ] GC(644) Concurrent Mark 84.464ms
[2023-11-16T00:08:38.810+0000][7][gc,marking  ] GC(644) Concurrent Rebuild Remembered Sets
[2023-11-16T00:08:38.842+0000][7][gc,marking  ] GC(644) Concurrent Rebuild Remembered Sets 31.986ms
[2023-11-16T00:08:38.842+0000][7][gc,start    ] GC(644) Pause Cleanup
[2023-11-16T00:08:38.842+0000][7][gc          ] GC(644) Pause Cleanup 149M->149M(512M) 0.072ms
[2023-11-16T00:08:38.842+0000][7][gc,cpu      ] GC(644) User=0.00s Sys=0.00s Real=0.00s
[2023-11-16T00:08:38.842+0000][7][safepoint   ] Safepoint "G1Concurrent", Time since last: 32126869 ns, Reaching safepoint: 34391 ns, At safepoint: 160091 ns, Total: 194482 ns
[2023-11-16T00:08:38.842+0000][7][gc,marking  ] GC(644) Concurrent Cleanup for Next Mark
[2023-11-16T00:08:38.842+0000][7][gc,marking  ] GC(644) Concurrent Cleanup for Next Mark 0.367ms
[2023-11-16T00:08:38.842+0000][7][gc          ] GC(644) Concurrent Mark Cycle 120.716ms
[2023-11-16T00:08:46.843+0000][7][safepoint   ] Safepoint "Cleanup", Time since last: 8001148386 ns, Reaching safepoint: 143343 ns, At safepoint: 17220 ns, Total: 160563 ns
[2023-11-16T00:08:55.027+0000][7][gc,start    ] GC(645) Pause Young (Normal) (G1 Evacuation Pause)
[2023-11-16T00:08:55.027+0000][7][gc,task     ] GC(645) Using 8 workers of 8 for evacuation
[2023-11-16T00:08:55.027+0000][7][gc,age      ] GC(645) Desired survivor size 18874368 bytes, new threshold 15 (max threshold 15)
[2023-11-16T00:08:55.032+0000][7][gc,age      ] GC(645) Age table with threshold 15 (max threshold 15)
[2023-11-16T00:08:55.032+0000][7][gc,age      ] GC(645) - age   1:    1832160 bytes,    1832160 total
[2023-11-16T00:08:55.032+0000][7][gc,age      ] GC(645) - age   2:    1483160 bytes,    3315320 total
[2023-11-16T00:08:55.032+0000][7][gc,age      ] GC(645) - age   3:     894040 bytes,    4209360 total
[2023-11-16T00:08:55.032+0000][7][gc,age      ] GC(645) - age   4:    1154960 bytes,    5364320 total
[2023-11-16T00:08:55.032+0000][7][gc,age      ] GC(645) - age   5:     360584 bytes,    5724904 total
[2023-11-16T00:08:55.032+0000][7][gc,age      ] GC(645) - age   6:     697648 bytes,    6422552 total
[2023-11-16T00:08:55.032+0000][7][gc,phases   ] GC(645)   Pre Evacuate Collection Set: 0.1ms
[2023-11-16T00:08:55.032+0000][7][gc,phases   ] GC(645)   Merge Heap Roots: 0.1ms
[2023-11-16T00:08:55.032+0000][7][gc,phases   ] GC(645)   Evacuate Collection Set: 3.4ms
[2023-11-16T00:08:55.032+0000][7][gc,phases   ] GC(645)   Post Evacuate Collection Set: 1.1ms
[2023-11-16T00:08:55.032+0000][7][gc,phases   ] GC(645)   Other: 0.4ms
[2023-11-16T00:08:55.032+0000][7][gc,heap     ] GC(645) Eden regions: 67->0(67)
[2023-11-16T00:08:55.032+0000][7][gc,heap     ] GC(645) Survivor regions: 2->2(9)
[2023-11-16T00:08:55.032+0000][7][gc,heap     ] GC(645) Old regions: 29->29
[2023-11-16T00:08:55.032+0000][7][gc,heap     ] GC(645) Archive regions: 2->2
[2023-11-16T00:08:55.032+0000][7][gc,heap     ] GC(645) Humongous regions: 5->5
[2023-11-16T00:08:55.032+0000][7][gc,metaspace] GC(645) Metaspace: 118702K(120448K)->118702K(120448K) NonClass: 103047K(104128K)->103047K(104128K) Class: 15654K(16320K)->15654K(16320K)
[2023-11-16T00:08:55.032+0000][7][gc          ] GC(645) Pause Young (Normal) (G1 Evacuation Pause) 410M->143M(512M) 5.352ms
[2023-11-16T00:08:55.032+0000][7][gc,cpu      ] GC(645) User=0.03s Sys=0.01s Real=0.00s
[2023-11-16T00:08:55.032+0000][7][safepoint   ] Safepoint "G1CollectForAllocation", Time since last: 8183702144 ns, Reaching safepoint: 72502 ns, At safepoint: 5508999 ns, Total: 5581501 ns
[2023-11-16T00:09:05.881+0000][7][safepoint   ] Safepoint "Cleanup", Time since last: 10848786005 ns, Reaching safepoint: 97884 ns, At safepoint: 5241 ns, Total: 103125 ns
[2023-11-16T00:09:06.882+0000][7][safepoint   ] Safepoint "Cleanup", Time since last: 1000202156 ns, Reaching safepoint: 113922 ns, At safepoint: 18359 ns, Total: 132281 ns
[2023-11-16T00:09:11.892+0000][7][gc,start    ] GC(646) Pause Young (Concurrent Start) (G1 Evacuation Pause)
[2023-11-16T00:09:11.892+0000][7][gc,task     ] GC(646) Using 8 workers of 8 for evacuation
[2023-11-16T00:09:11.892+0000][7][gc,age      ] GC(646) Desired survivor size 18874368 bytes, new threshold 15 (max threshold 15)
[2023-11-16T00:09:11.898+0000][7][gc,age      ] GC(646) Age table with threshold 15 (max threshold 15)
[2023-11-16T00:09:11.898+0000][7][gc,age      ] GC(646) - age   1:     989168 bytes,     989168 total
[2023-11-16T00:09:11.898+0000][7][gc,age      ] GC(646) - age   2:    1136736 bytes,    2125904 total
[2023-11-16T00:09:11.898+0000][7][gc,age      ] GC(646) - age   3:    1414696 bytes,    3540600 total
[2023-11-16T00:09:11.898+0000][7][gc,age      ] GC(646) - age   4:     758568 bytes,    4299168 total
[2023-11-16T00:09:11.898+0000][7][gc,age      ] GC(646) - age   5:    1154896 bytes,    5454064 total
[2023-11-16T00:09:11.898+0000][7][gc,age      ] GC(646) - age   6:     360584 bytes,    5814648 total
[2023-11-16T00:09:11.898+0000][7][gc,age      ] GC(646) - age   7:     697224 bytes,    6511872 total
[2023-11-16T00:09:11.898+0000][7][gc,phases   ] GC(646)   Pre Evacuate Collection Set: 0.4ms
[2023-11-16T00:09:11.898+0000][7][gc,phases   ] GC(646)   Merge Heap Roots: 0.2ms
[2023-11-16T00:09:11.898+0000][7][gc,phases   ] GC(646)   Evacuate Collection Set: 4.3ms
[2023-11-16T00:09:11.898+0000][7][gc,phases   ] GC(646)   Post Evacuate Collection Set: 1.3ms
[2023-11-16T00:09:11.898+0000][7][gc,phases   ] GC(646)   Other: 0.6ms
[2023-11-16T00:09:11.898+0000][7][gc,heap     ] GC(646) Eden regions: 67->0(68)
[2023-11-16T00:09:11.898+0000][7][gc,heap     ] GC(646) Survivor regions: 2->2(9)
[2023-11-16T00:09:11.898+0000][7][gc,heap     ] GC(646) Old regions: 29->29
[2023-11-16T00:09:11.898+0000][7][gc,heap     ] GC(646) Archive regions: 2->2
[2023-11-16T00:09:11.898+0000][7][gc,heap     ] GC(646) Humongous regions: 5->5
[2023-11-16T00:09:11.898+0000][7][gc,metaspace] GC(646) Metaspace: 118702K(120448K)->118702K(120448K) NonClass: 103047K(104128K)->103047K(104128K) Class: 15654K(16320K)->15654K(16320K)
[2023-11-16T00:09:11.899+0000][7][gc          ] GC(646) Pause Young (Concurrent Start) (G1 Evacuation Pause) 411M->143M(512M) 6.876ms
[2023-11-16T00:09:11.899+0000][7][gc,cpu      ] GC(646) User=0.03s Sys=0.00s Real=0.01s
[2023-11-16T00:09:11.899+0000][7][safepoint   ] Safepoint "G1CollectForAllocation", Time since last: 5009680856 ns, Reaching safepoint: 120809 ns, At safepoint: 7130108 ns, Total: 7250917 ns
[2023-11-16T00:09:11.899+0000][7][gc          ] GC(647) Concurrent Mark Cycle
[2023-11-16T00:09:11.899+0000][7][gc,marking  ] GC(647) Concurrent Clear Claimed Marks
[2023-11-16T00:09:11.899+0000][7][gc,marking  ] GC(647) Concurrent Clear Claimed Marks 0.237ms
[2023-11-16T00:09:11.899+0000][7][gc,marking  ] GC(647) Concurrent Scan Root Regions
[2023-11-16T00:09:11.902+0000][7][gc,marking  ] GC(647) Concurrent Scan Root Regions 2.697ms
[2023-11-16T00:09:11.902+0000][7][gc,marking  ] GC(647) Concurrent Mark
[2023-11-16T00:09:11.902+0000][7][gc,marking  ] GC(647) Concurrent Mark From Roots
[2023-11-16T00:09:11.902+0000][7][gc,task     ] GC(647) Using 2 workers of 2 for marking
[2023-11-16T00:09:11.980+0000][7][gc,marking  ] GC(647) Concurrent Mark From Roots 77.788ms
[2023-11-16T00:09:11.980+0000][7][gc,marking  ] GC(647) Concurrent Preclean
[2023-11-16T00:09:11.980+0000][7][gc,marking  ] GC(647) Concurrent Preclean 0.173ms
[2023-11-16T00:09:11.980+0000][7][gc,start    ] GC(647) Pause Remark
[2023-11-16T00:09:11.985+0000][7][gc          ] GC(647) Pause Remark 146M->146M(512M) 5.489ms
[2023-11-16T00:09:11.985+0000][7][gc,cpu      ] GC(647) User=0.04s Sys=0.00s Real=0.01s
[2023-11-16T00:09:11.985+0000][7][safepoint   ] Safepoint "G1Concurrent", Time since last: 81227404 ns, Reaching safepoint: 30511 ns, At safepoint: 5562335 ns, Total: 5592846 ns
[2023-11-16T00:09:11.985+0000][7][gc,marking  ] GC(647) Concurrent Mark 83.681ms
[2023-11-16T00:09:11.985+0000][7][gc,marking  ] GC(647) Concurrent Rebuild Remembered Sets
[2023-11-16T00:09:12.017+0000][7][gc,marking  ] GC(647) Concurrent Rebuild Remembered Sets 31.622ms
[2023-11-16T00:09:12.017+0000][7][gc,start    ] GC(647) Pause Cleanup
[2023-11-16T00:09:12.017+0000][7][gc          ] GC(647) Pause Cleanup 147M->147M(512M) 0.064ms
[2023-11-16T00:09:12.017+0000][7][gc,cpu      ] GC(647) User=0.00s Sys=0.00s Real=0.00s
[2023-11-16T00:09:12.017+0000][7][safepoint   ] Safepoint "G1Concurrent", Time since last: 31731880 ns, Reaching safepoint: 49702 ns, At safepoint: 127712 ns, Total: 177414 ns
[2023-11-16T00:09:12.017+0000][7][gc,marking  ] GC(647) Concurrent Cleanup for Next Mark
[2023-11-16T00:09:12.018+0000][7][gc,marking  ] GC(647) Concurrent Cleanup for Next Mark 0.932ms
[2023-11-16T00:09:12.018+0000][7][gc          ] GC(647) Concurrent Mark Cycle 119.773ms
[2023-11-16T00:09:30.331+0000][7][gc,start    ] GC(648) Pause Young (Normal) (G1 Evacuation Pause)
[2023-11-16T00:09:30.331+0000][7][gc,task     ] GC(648) Using 8 workers of 8 for evacuation
[2023-11-16T00:09:30.331+0000][7][gc,age      ] GC(648) Desired survivor size 18874368 bytes, new threshold 15 (max threshold 15)
[2023-11-16T00:09:30.333+0000][7][gc,age      ] GC(648) Age table with threshold 15 (max threshold 15)
[2023-11-16T00:09:30.334+0000][7][gc,age      ] GC(648) - age   1:    1382008 bytes,    1382008 total
[2023-11-16T00:09:30.334+0000][7][gc,age      ] GC(648) - age   2:     482632 bytes,    1864640 total
[2023-11-16T00:09:30.334+0000][7][gc,age      ] GC(648) - age   3:     843896 bytes,    2708536 total
[2023-11-16T00:09:30.334+0000][7][gc,age      ] GC(648) - age   4:    1413904 bytes,    4122440 total
[2023-11-16T00:09:30.334+0000][7][gc,age      ] GC(648) - age   5:     758312 bytes,    4880752 total
[2023-11-16T00:09:30.334+0000][7][gc,age      ] GC(648) - age   6:    1154848 bytes,    6035600 total
[2023-11-16T00:09:30.334+0000][7][gc,age      ] GC(648) - age   7:     360584 bytes,    6396184 total
[2023-11-16T00:09:30.334+0000][7][gc,age      ] GC(648) - age   8:     697224 bytes,    7093408 total
[2023-11-16T00:09:30.334+0000][7][gc,phases   ] GC(648)   Pre Evacuate Collection Set: 0.1ms
[2023-11-16T00:09:30.334+0000][7][gc,phases   ] GC(648)   Merge Heap Roots: 0.0ms
[2023-11-16T00:09:30.334+0000][7][gc,phases   ] GC(648)   Evacuate Collection Set: 2.2ms
[2023-11-16T00:09:30.334+0000][7][gc,phases   ] GC(648)   Post Evacuate Collection Set: 0.5ms
[2023-11-16T00:09:30.334+0000][7][gc,phases   ] GC(648)   Other: 0.2ms
[2023-11-16T00:09:30.334+0000][7][gc,heap     ] GC(648) Eden regions: 68->0(68)
[2023-11-16T00:09:30.334+0000][7][gc,heap     ] GC(648) Survivor regions: 2->2(9)
[2023-11-16T00:09:30.334+0000][7][gc,heap     ] GC(648) Old regions: 29->29
[2023-11-16T00:09:30.334+0000][7][gc,heap     ] GC(648) Archive regions: 2->2
[2023-11-16T00:09:30.334+0000][7][gc,heap     ] GC(648) Humongous regions: 5->5
[2023-11-16T00:09:30.334+0000][7][gc,metaspace] GC(648) Metaspace: 118702K(120448K)->118702K(120448K) NonClass: 103047K(104128K)->103047K(104128K) Class: 15654K(16320K)->15654K(16320K)
[2023-11-16T00:09:30.334+0000][7][gc          ] GC(648) Pause Young (Normal) (G1 Evacuation Pause) 415M->143M(512M) 3.018ms
[2023-11-16T00:09:30.334+0000][7][gc,cpu      ] GC(648) User=0.01s Sys=0.00s Real=0.00s
[2023-11-16T00:09:30.334+0000][7][safepoint   ] Safepoint "G1CollectForAllocation", Time since last: 18313167114 ns, Reaching safepoint: 100628 ns, At safepoint: 3091208 ns, Total: 3191836 ns
[2023-11-16T00:09:35.334+0000][7][safepoint   ] Safepoint "Cleanup", Time since last: 5000612077 ns, Reaching safepoint: 155869 ns, At safepoint: 16070 ns, Total: 171939 ns
[2023-11-16T00:09:47.145+0000][7][gc,start    ] GC(649) Pause Young (Concurrent Start) (G1 Evacuation Pause)
[2023-11-16T00:09:47.145+0000][7][gc,task     ] GC(649) Using 8 workers of 8 for evacuation
[2023-11-16T00:09:47.145+0000][7][gc,age      ] GC(649) Desired survivor size 18874368 bytes, new threshold 15 (max threshold 15)
[2023-11-16T00:09:47.148+0000][7][gc,age      ] GC(649) Age table with threshold 15 (max threshold 15)
[2023-11-16T00:09:47.148+0000][7][gc,age      ] GC(649) - age   1:    2785720 bytes,    2785720 total
[2023-11-16T00:09:47.148+0000][7][gc,age      ] GC(649) - age   2:     489672 bytes,    3275392 total
[2023-11-16T00:09:47.148+0000][7][gc,age      ] GC(649) - age   3:     272224 bytes,    3547616 total
[2023-11-16T00:09:47.148+0000][7][gc,age      ] GC(649) - age   4:     692520 bytes,    4240136 total
[2023-11-16T00:09:47.148+0000][7][gc,age      ] GC(649) - age   5:     497200 bytes,    4737336 total
[2023-11-16T00:09:47.148+0000][7][gc,age      ] GC(649) - age   6:     757984 bytes,    5495320 total
[2023-11-16T00:09:47.148+0000][7][gc,age      ] GC(649) - age   7:    1154784 bytes,    6650104 total
[2023-11-16T00:09:47.148+0000][7][gc,age      ] GC(649) - age   8:     360584 bytes,    7010688 total
[2023-11-16T00:09:47.148+0000][7][gc,age      ] GC(649) - age   9:     696912 bytes,    7707600 total
[2023-11-16T00:09:47.148+0000][7][gc,phases   ] GC(649)   Pre Evacuate Collection Set: 0.2ms
[2023-11-16T00:09:47.148+0000][7][gc,phases   ] GC(649)   Merge Heap Roots: 0.1ms
[2023-11-16T00:09:47.148+0000][7][gc,phases   ] GC(649)   Evacuate Collection Set: 2.3ms
[2023-11-16T00:09:47.148+0000][7][gc,phases   ] GC(649)   Post Evacuate Collection Set: 0.5ms
[2023-11-16T00:09:47.148+0000][7][gc,phases   ] GC(649)   Other: 0.2ms
[2023-11-16T00:09:47.148+0000][7][gc,heap     ] GC(649) Eden regions: 68->0(68)
[2023-11-16T00:09:47.148+0000][7][gc,heap     ] GC(649) Survivor regions: 2->2(9)
[2023-11-16T00:09:47.148+0000][7][gc,heap     ] GC(649) Old regions: 29->29
[2023-11-16T00:09:47.148+0000][7][gc,heap     ] GC(649) Archive regions: 2->2
[2023-11-16T00:09:47.148+0000][7][gc,heap     ] GC(649) Humongous regions: 5->5
[2023-11-16T00:09:47.148+0000][7][gc,metaspace] GC(649) Metaspace: 118702K(120448K)->118702K(120448K) NonClass: 103047K(104128K)->103047K(104128K) Class: 15654K(16320K)->15654K(16320K)
[2023-11-16T00:09:47.148+0000][7][gc          ] GC(649) Pause Young (Concurrent Start) (G1 Evacuation Pause) 415M->144M(512M) 3.206ms
[2023-11-16T00:09:47.148+0000][7][gc,cpu      ] GC(649) User=0.02s Sys=0.00s Real=0.00s
[2023-11-16T00:09:47.148+0000][7][gc          ] GC(650) Concurrent Mark Cycle
[2023-11-16T00:09:47.148+0000][7][gc,marking  ] GC(650) Concurrent Clear Claimed Marks
[2023-11-16T00:09:47.148+0000][7][safepoint   ] Safepoint "G1CollectForAllocation", Time since last: 11810413840 ns, Reaching safepoint: 69597 ns, At safepoint: 3280147 ns, Total: 3349744 ns
[2023-11-16T00:09:47.148+0000][7][gc,marking  ] GC(650) Concurrent Clear Claimed Marks 0.080ms
[2023-11-16T00:09:47.148+0000][7][gc,marking  ] GC(650) Concurrent Scan Root Regions
[2023-11-16T00:09:47.150+0000][7][gc,marking  ] GC(650) Concurrent Scan Root Regions 1.266ms
[2023-11-16T00:09:47.150+0000][7][gc,marking  ] GC(650) Concurrent Mark
[2023-11-16T00:09:47.150+0000][7][gc,marking  ] GC(650) Concurrent Mark From Roots
[2023-11-16T00:09:47.150+0000][7][gc,task     ] GC(650) Using 2 workers of 2 for marking
[2023-11-16T00:09:47.216+0000][7][gc,marking  ] GC(650) Concurrent Mark From Roots 66.443ms
[2023-11-16T00:09:47.216+0000][7][gc,marking  ] GC(650) Concurrent Preclean
[2023-11-16T00:09:47.216+0000][7][gc,marking  ] GC(650) Concurrent Preclean 0.296ms
[2023-11-16T00:09:47.217+0000][7][gc,start    ] GC(650) Pause Remark
[2023-11-16T00:09:47.223+0000][7][gc          ] GC(650) Pause Remark 148M->148M(512M) 6.027ms
[2023-11-16T00:09:47.223+0000][7][gc,cpu      ] GC(650) User=0.04s Sys=0.00s Real=0.00s
[2023-11-16T00:09:47.223+0000][7][safepoint   ] Safepoint "G1Concurrent", Time since last: 68188641 ns, Reaching safepoint: 40988 ns, At safepoint: 6108654 ns, Total: 6149642 ns
[2023-11-16T00:09:47.223+0000][7][gc,marking  ] GC(650) Concurrent Mark 72.976ms
[2023-11-16T00:09:47.223+0000][7][gc,marking  ] GC(650) Concurrent Rebuild Remembered Sets
[2023-11-16T00:09:47.266+0000][7][gc,marking  ] GC(650) Concurrent Rebuild Remembered Sets 43.480ms
[2023-11-16T00:09:47.266+0000][7][gc,start    ] GC(650) Pause Cleanup
[2023-11-16T00:09:47.266+0000][7][gc          ] GC(650) Pause Cleanup 148M->148M(512M) 0.094ms
[2023-11-16T00:09:47.266+0000][7][gc,cpu      ] GC(650) User=0.00s Sys=0.00s Real=0.00s
[2023-11-16T00:09:47.266+0000][7][safepoint   ] Safepoint "G1Concurrent", Time since last: 43606761 ns, Reaching safepoint: 48348 ns, At safepoint: 128910 ns, Total: 177258 ns
[2023-11-16T00:09:47.266+0000][7][gc,marking  ] GC(650) Concurrent Cleanup for Next Mark
[2023-11-16T00:09:47.267+0000][7][gc,marking  ] GC(650) Concurrent Cleanup for Next Mark 0.400ms
[2023-11-16T00:09:47.267+0000][7][gc          ] GC(650) Concurrent Mark Cycle 118.574ms
[2023-11-16T00:10:03.456+0000][7][gc,start    ] GC(651) Pause Young (Normal) (G1 Evacuation Pause)
[2023-11-16T00:10:03.456+0000][7][gc,task     ] GC(651) Using 8 workers of 8 for evacuation
[2023-11-16T00:10:03.456+0000][7][gc,age      ] GC(651) Desired survivor size 18874368 bytes, new threshold 15 (max threshold 15)
[2023-11-16T00:10:03.472+0000][7][gc,age      ] GC(651) Age table with threshold 15 (max threshold 15)
[2023-11-16T00:10:03.473+0000][7][gc,age      ] GC(651) - age   1:    1550560 bytes,    1550560 total
[2023-11-16T00:10:03.473+0000][7][gc,age      ] GC(651) - age   2:    1987344 bytes,    3537904 total
[2023-11-16T00:10:03.473+0000][7][gc,age      ] GC(651) - age   3:     333176 bytes,    3871080 total
[2023-11-16T00:10:03.473+0000][7][gc,age      ] GC(651) - age   4:     271280 bytes,    4142360 total
[2023-11-16T00:10:03.473+0000][7][gc,age      ] GC(651) - age   5:     691944 bytes,    4834304 total
[2023-11-16T00:10:03.473+0000][7][gc,age      ] GC(651) - age   6:     497040 bytes,    5331344 total
[2023-11-16T00:10:03.473+0000][7][gc,age      ] GC(651) - age   7:     757984 bytes,    6089328 total
[2023-11-16T00:10:03.473+0000][7][gc,age      ] GC(651) - age   8:    1154688 bytes,    7244016 total
[2023-11-16T00:10:03.473+0000][7][gc,age      ] GC(651) - age   9:      98424 bytes,    7342440 total
[2023-11-16T00:10:03.473+0000][7][gc,age      ] GC(651) - age  10:     696848 bytes,    8039288 total
[2023-11-16T00:10:03.473+0000][7][gc,phases   ] GC(651)   Pre Evacuate Collection Set: 0.2ms
[2023-11-16T00:10:03.473+0000][7][gc,phases   ] GC(651)   Merge Heap Roots: 0.2ms
[2023-11-16T00:10:03.473+0000][7][gc,phases   ] GC(651)   Evacuate Collection Set: 15.1ms
[2023-11-16T00:10:03.473+0000][7][gc,phases   ] GC(651)   Post Evacuate Collection Set: 1.1ms
[2023-11-16T00:10:03.473+0000][7][gc,phases   ] GC(651)   Other: 0.5ms
[2023-11-16T00:10:03.473+0000][7][gc,heap     ] GC(651) Eden regions: 68->0(66)
[2023-11-16T00:10:03.473+0000][7][gc,heap     ] GC(651) Survivor regions: 2->3(9)
[2023-11-16T00:10:03.473+0000][7][gc,heap     ] GC(651) Old regions: 29->29
[2023-11-16T00:10:03.473+0000][7][gc,heap     ] GC(651) Archive regions: 2->2
[2023-11-16T00:10:03.473+0000][7][gc,heap     ] GC(651) Humongous regions: 5->5
[2023-11-16T00:10:03.473+0000][7][gc,metaspace] GC(651) Metaspace: 118702K(120448K)->118702K(120448K) NonClass: 103047K(104128K)->103047K(104128K) Class: 15654K(16320K)->15654K(16320K)
[2023-11-16T00:10:03.473+0000][7][gc          ] GC(651) Pause Young (Normal) (G1 Evacuation Pause) 416M->145M(512M) 17.130ms
[2023-11-16T00:10:03.473+0000][7][gc,cpu      ] GC(651) User=0.04s Sys=0.02s Real=0.01s
[2023-11-16T00:10:03.473+0000][7][safepoint   ] Safepoint "G1CollectForAllocation", Time since last: 16189202046 ns, Reaching safepoint: 93222 ns, At safepoint: 17307276 ns, Total: 17400498 ns
[2023-11-16T00:10:14.475+0000][7][safepoint   ] Safepoint "Cleanup", Time since last: 11001899697 ns, Reaching safepoint: 190139 ns, At safepoint: 40352 ns, Total: 230491 ns
[2023-11-16T00:10:17.476+0000][7][safepoint   ] Safepoint "Cleanup", Time since last: 3000460322 ns, Reaching safepoint: 71880 ns, At safepoint: 9751 ns, Total: 81631 ns
[2023-11-16T00:10:19.880+0000][7][gc,start    ] GC(652) Pause Young (Concurrent Start) (G1 Evacuation Pause)
[2023-11-16T00:10:19.880+0000][7][gc,task     ] GC(652) Using 8 workers of 8 for evacuation
[2023-11-16T00:10:19.881+0000][7][gc,age      ] GC(652) Desired survivor size 18874368 bytes, new threshold 15 (max threshold 15)
[2023-11-16T00:10:19.887+0000][7][gc,age      ] GC(652) Age table with threshold 15 (max threshold 15)
[2023-11-16T00:10:19.887+0000][7][gc,age      ] GC(652) - age   1:    1746000 bytes,    1746000 total
[2023-11-16T00:10:19.887+0000][7][gc,age      ] GC(652) - age   2:    1097384 bytes,    2843384 total
[2023-11-16T00:10:19.887+0000][7][gc,age      ] GC(652) - age   3:    1442712 bytes,    4286096 total
[2023-11-16T00:10:19.887+0000][7][gc,age      ] GC(652) - age   4:     332632 bytes,    4618728 total
[2023-11-16T00:10:19.887+0000][7][gc,age      ] GC(652) - age   5:     269464 bytes,    4888192 total
[2023-11-16T00:10:19.887+0000][7][gc,age      ] GC(652) - age   6:     691880 bytes,    5580072 total
[2023-11-16T00:10:19.887+0000][7][gc,age      ] GC(652) - age   7:     497040 bytes,    6077112 total
[2023-11-16T00:10:19.887+0000][7][gc,age      ] GC(652) - age   8:     626896 bytes,    6704008 total
[2023-11-16T00:10:19.887+0000][7][gc,age      ] GC(652) - age   9:    1154144 bytes,    7858152 total
[2023-11-16T00:10:19.887+0000][7][gc,age      ] GC(652) - age  10:      98424 bytes,    7956576 total
[2023-11-16T00:10:19.887+0000][7][gc,age      ] GC(652) - age  11:     696536 bytes,    8653112 total
[2023-11-16T00:10:19.887+0000][7][gc,phases   ] GC(652)   Pre Evacuate Collection Set: 0.4ms
[2023-11-16T00:10:19.887+0000][7][gc,phases   ] GC(652)   Merge Heap Roots: 0.2ms
[2023-11-16T00:10:19.887+0000][7][gc,phases   ] GC(652)   Evacuate Collection Set: 4.2ms
[2023-11-16T00:10:19.887+0000][7][gc,phases   ] GC(652)   Post Evacuate Collection Set: 1.4ms
[2023-11-16T00:10:19.887+0000][7][gc,phases   ] GC(652)   Other: 0.6ms
[2023-11-16T00:10:19.887+0000][7][gc,heap     ] GC(652) Eden regions: 66->0(66)
[2023-11-16T00:10:19.887+0000][7][gc,heap     ] GC(652) Survivor regions: 3->3(9)
[2023-11-16T00:10:19.887+0000][7][gc,heap     ] GC(652) Old regions: 29->29
[2023-11-16T00:10:19.887+0000][7][gc,heap     ] GC(652) Archive regions: 2->2
[2023-11-16T00:10:19.887+0000][7][gc,heap     ] GC(652) Humongous regions: 5->5
[2023-11-16T00:10:19.887+0000][7][gc,metaspace] GC(652) Metaspace: 118704K(120448K)->118704K(120448K) NonClass: 103049K(104128K)->103049K(104128K) Class: 15654K(16320K)->15654K(16320K)
[2023-11-16T00:10:19.887+0000][7][gc          ] GC(652) Pause Young (Concurrent Start) (G1 Evacuation Pause) 409M->145M(512M) 6.856ms
[2023-11-16T00:10:19.887+0000][7][gc,cpu      ] GC(652) User=0.03s Sys=0.00s Real=0.01s
[2023-11-16T00:10:19.887+0000][7][safepoint   ] Safepoint "G1CollectForAllocation", Time since last: 2404458118 ns, Reaching safepoint: 192870 ns, At safepoint: 7059401 ns, Total: 7252271 ns
[2023-11-16T00:10:19.887+0000][7][gc          ] GC(653) Concurrent Mark Cycle
[2023-11-16T00:10:19.888+0000][7][gc,marking  ] GC(653) Concurrent Clear Claimed Marks
[2023-11-16T00:10:19.888+0000][7][gc,marking  ] GC(653) Concurrent Clear Claimed Marks 0.216ms
[2023-11-16T00:10:19.888+0000][7][gc,marking  ] GC(653) Concurrent Scan Root Regions
[2023-11-16T00:10:19.891+0000][7][gc,marking  ] GC(653) Concurrent Scan Root Regions 3.252ms
[2023-11-16T00:10:19.891+0000][7][gc,marking  ] GC(653) Concurrent Mark
[2023-11-16T00:10:19.891+0000][7][gc,marking  ] GC(653) Concurrent Mark From Roots
[2023-11-16T00:10:19.891+0000][7][gc,task     ] GC(653) Using 2 workers of 2 for marking
[2023-11-16T00:10:19.970+0000][7][gc,marking  ] GC(653) Concurrent Mark From Roots 79.136ms
[2023-11-16T00:10:19.970+0000][7][gc,marking  ] GC(653) Concurrent Preclean
[2023-11-16T00:10:19.970+0000][7][gc,marking  ] GC(653) Concurrent Preclean 0.168ms
[2023-11-16T00:10:19.971+0000][7][gc,start    ] GC(653) Pause Remark
[2023-11-16T00:10:19.976+0000][7][gc          ] GC(653) Pause Remark 148M->148M(512M) 5.217ms
[2023-11-16T00:10:19.976+0000][7][gc,cpu      ] GC(653) User=0.03s Sys=0.00s Real=0.01s
[2023-11-16T00:10:19.976+0000][7][safepoint   ] Safepoint "G1Concurrent", Time since last: 83191548 ns, Reaching safepoint: 24960 ns, At safepoint: 5321352 ns, Total: 5346312 ns
[2023-11-16T00:10:19.976+0000][7][gc,marking  ] GC(653) Concurrent Mark 84.754ms
[2023-11-16T00:10:19.976+0000][7][gc,marking  ] GC(653) Concurrent Rebuild Remembered Sets
[2023-11-16T00:10:20.007+0000][7][gc,marking  ] GC(653) Concurrent Rebuild Remembered Sets 30.747ms
[2023-11-16T00:10:20.007+0000][7][gc,start    ] GC(653) Pause Cleanup
[2023-11-16T00:10:20.007+0000][7][gc          ] GC(653) Pause Cleanup 148M->148M(512M) 0.073ms
[2023-11-16T00:10:20.007+0000][7][gc,cpu      ] GC(653) User=0.00s Sys=0.00s Real=0.00s
[2023-11-16T00:10:20.007+0000][7][safepoint   ] Safepoint "G1Concurrent", Time since last: 30852382 ns, Reaching safepoint: 24915 ns, At safepoint: 134008 ns, Total: 158923 ns
[2023-11-16T00:10:20.007+0000][7][gc,marking  ] GC(653) Concurrent Cleanup for Next Mark
[2023-11-16T00:10:20.007+0000][7][gc,marking  ] GC(653) Concurrent Cleanup for Next Mark 0.345ms
[2023-11-16T00:10:20.007+0000][7][gc          ] GC(653) Concurrent Mark Cycle 119.913ms
[2023-11-16T00:10:36.652+0000][7][gc,start    ] GC(654) Pause Young (Normal) (G1 Evacuation Pause)
[2023-11-16T00:10:36.652+0000][7][gc,task     ] GC(654) Using 8 workers of 8 for evacuation
[2023-11-16T00:10:36.652+0000][7][gc,age      ] GC(654) Desired survivor size 18874368 bytes, new threshold 15 (max threshold 15)
[2023-11-16T00:10:36.658+0000][7][gc,age      ] GC(654) Age table with threshold 15 (max threshold 15)
[2023-11-16T00:10:36.658+0000][7][gc,age      ] GC(654) - age   1:     958480 bytes,     958480 total
[2023-11-16T00:10:36.658+0000][7][gc,age      ] GC(654) - age   2:    1306280 bytes,    2264760 total
[2023-11-16T00:10:36.658+0000][7][gc,age      ] GC(654) - age   3:     841160 bytes,    3105920 total
[2023-11-16T00:10:36.658+0000][7][gc,age      ] GC(654) - age   4:    1302576 bytes,    4408496 total
[2023-11-16T00:10:36.658+0000][7][gc,age      ] GC(654) - age   5:     332000 bytes,    4740496 total
[2023-11-16T00:10:36.658+0000][7][gc,age      ] GC(654) - age   6:     269400 bytes,    5009896 total
[2023-11-16T00:10:36.658+0000][7][gc,age      ] GC(654) - age   7:     691880 bytes,    5701776 total
[2023-11-16T00:10:36.658+0000][7][gc,age      ] GC(654) - age   8:     496792 bytes,    6198568 total
[2023-11-16T00:10:36.658+0000][7][gc,age      ] GC(654) - age   9:     626896 bytes,    6825464 total
[2023-11-16T00:10:36.658+0000][7][gc,age      ] GC(654) - age  10:    1154144 bytes,    7979608 total
[2023-11-16T00:10:36.658+0000][7][gc,age      ] GC(654) - age  11:      98424 bytes,    8078032 total
[2023-11-16T00:10:36.658+0000][7][gc,age      ] GC(654) - age  12:     696536 bytes,    8774568 total
[2023-11-16T00:10:36.658+0000][7][gc,phases   ] GC(654)   Pre Evacuate Collection Set: 0.1ms
[2023-11-16T00:10:36.658+0000][7][gc,phases   ] GC(654)   Merge Heap Roots: 0.1ms
[2023-11-16T00:10:36.658+0000][7][gc,phases   ] GC(654)   Evacuate Collection Set: 4.3ms
[2023-11-16T00:10:36.658+0000][7][gc,phases   ] GC(654)   Post Evacuate Collection Set: 1.4ms
[2023-11-16T00:10:36.658+0000][7][gc,phases   ] GC(654)   Other: 0.5ms
[2023-11-16T00:10:36.658+0000][7][gc,heap     ] GC(654) Eden regions: 66->0(66)
[2023-11-16T00:10:36.658+0000][7][gc,heap     ] GC(654) Survivor regions: 3->3(9)
[2023-11-16T00:10:36.658+0000][7][gc,heap     ] GC(654) Old regions: 29->29
[2023-11-16T00:10:36.658+0000][7][gc,heap     ] GC(654) Archive regions: 2->2
[2023-11-16T00:10:36.658+0000][7][gc,heap     ] GC(654) Humongous regions: 5->5
[2023-11-16T00:10:36.658+0000][7][gc,metaspace] GC(654) Metaspace: 118704K(120448K)->118704K(120448K) NonClass: 103049K(104128K)->103049K(104128K) Class: 15654K(16320K)->15654K(16320K)
[2023-11-16T00:10:36.658+0000][7][gc          ] GC(654) Pause Young (Normal) (G1 Evacuation Pause) 409M->145M(512M) 6.554ms
[2023-11-16T00:10:36.658+0000][7][gc,cpu      ] GC(654) User=0.03s Sys=0.01s Real=0.01s
[2023-11-16T00:10:36.658+0000][7][safepoint   ] Safepoint "G1CollectForAllocation", Time since last: 16644478864 ns, Reaching safepoint: 84425 ns, At safepoint: 6716863 ns, Total: 6801288 ns
[2023-11-16T00:10:38.659+0000][7][safepoint   ] Safepoint "Cleanup", Time since last: 2000246475 ns, Reaching safepoint: 123124 ns, At safepoint: 14679 ns, Total: 137803 ns
[2023-11-16T00:10:47.660+0000][7][safepoint   ] Safepoint "Cleanup", Time since last: 9001150927 ns, Reaching safepoint: 104172 ns, At safepoint: 8678 ns, Total: 112850 ns
[2023-11-16T00:10:51.416+0000][7][gc,start    ] GC(655) Pause Young (Concurrent Start) (G1 Evacuation Pause)
[2023-11-16T00:10:51.416+0000][7][gc,task     ] GC(655) Using 8 workers of 8 for evacuation
[2023-11-16T00:10:51.416+0000][7][gc,age      ] GC(655) Desired survivor size 18874368 bytes, new threshold 15 (max threshold 15)
[2023-11-16T00:10:51.422+0000][7][gc,age      ] GC(655) Age table with threshold 15 (max threshold 15)
[2023-11-16T00:10:51.422+0000][7][gc,age      ] GC(655) - age   1:    1548240 bytes,    1548240 total
[2023-11-16T00:10:51.422+0000][7][gc,age      ] GC(655) - age   2:     631088 bytes,    2179328 total
[2023-11-16T00:10:51.422+0000][7][gc,age      ] GC(655) - age   3:     603960 bytes,    2783288 total
[2023-11-16T00:10:51.422+0000][7][gc,age      ] GC(655) - age   4:     839056 bytes,    3622344 total
[2023-11-16T00:10:51.422+0000][7][gc,age      ] GC(655) - age   5:    1302264 bytes,    4924608 total
[2023-11-16T00:10:51.422+0000][7][gc,age      ] GC(655) - age   6:     331808 bytes,    5256416 total
[2023-11-16T00:10:51.422+0000][7][gc,age      ] GC(655) - age   7:     269336 bytes,    5525752 total
[2023-11-16T00:10:51.422+0000][7][gc,age      ] GC(655) - age   8:     691848 bytes,    6217600 total
[2023-11-16T00:10:51.422+0000][7][gc,age      ] GC(655) - age   9:     496416 bytes,    6714016 total
[2023-11-16T00:10:51.422+0000][7][gc,age      ] GC(655) - age  10:     626864 bytes,    7340880 total
[2023-11-16T00:10:51.422+0000][7][gc,age      ] GC(655) - age  11:    1154144 bytes,    8495024 total
[2023-11-16T00:10:51.422+0000][7][gc,age      ] GC(655) - age  12:      98424 bytes,    8593448 total
[2023-11-16T00:10:51.422+0000][7][gc,age      ] GC(655) - age  13:     696504 bytes,    9289952 total
[2023-11-16T00:10:51.422+0000][7][gc,phases   ] GC(655)   Pre Evacuate Collection Set: 0.4ms
[2023-11-16T00:10:51.422+0000][7][gc,phases   ] GC(655)   Merge Heap Roots: 0.2ms
[2023-11-16T00:10:51.422+0000][7][gc,phases   ] GC(655)   Evacuate Collection Set: 4.4ms
[2023-11-16T00:10:51.422+0000][7][gc,phases   ] GC(655)   Post Evacuate Collection Set: 1.4ms
[2023-11-16T00:10:51.423+0000][7][gc,phases   ] GC(655)   Other: 0.6ms
[2023-11-16T00:10:51.423+0000][7][gc,heap     ] GC(655) Eden regions: 66->0(66)
[2023-11-16T00:10:51.423+0000][7][gc,heap     ] GC(655) Survivor regions: 3->3(9)
[2023-11-16T00:10:51.423+0000][7][gc,heap     ] GC(655) Old regions: 29->29
[2023-11-16T00:10:51.423+0000][7][gc,heap     ] GC(655) Archive regions: 2->2
[2023-11-16T00:10:51.423+0000][7][gc,heap     ] GC(655) Humongous regions: 5->5
[2023-11-16T00:10:51.423+0000][7][gc,metaspace] GC(655) Metaspace: 118705K(120448K)->118705K(120448K) NonClass: 103050K(104128K)->103050K(104128K) Class: 15655K(16320K)->15655K(16320K)
[2023-11-16T00:10:51.423+0000][7][gc          ] GC(655) Pause Young (Concurrent Start) (G1 Evacuation Pause) 409M->145M(512M) 7.185ms
[2023-11-16T00:10:51.423+0000][7][gc,cpu      ] GC(655) User=0.03s Sys=0.01s Real=0.00s
[2023-11-16T00:10:51.423+0000][7][safepoint   ] Safepoint "G1CollectForAllocation", Time since last: 3755450789 ns, Reaching safepoint: 126519 ns, At safepoint: 7395614 ns, Total: 7522133 ns
[2023-11-16T00:10:51.423+0000][7][gc          ] GC(656) Concurrent Mark Cycle
[2023-11-16T00:10:51.423+0000][7][gc,marking  ] GC(656) Concurrent Clear Claimed Marks
[2023-11-16T00:10:51.423+0000][7][gc,marking  ] GC(656) Concurrent Clear Claimed Marks 0.219ms
[2023-11-16T00:10:51.423+0000][7][gc,marking  ] GC(656) Concurrent Scan Root Regions
[2023-11-16T00:10:51.427+0000][7][gc,marking  ] GC(656) Concurrent Scan Root Regions 3.475ms
[2023-11-16T00:10:51.427+0000][7][gc,marking  ] GC(656) Concurrent Mark
[2023-11-16T00:10:51.427+0000][7][gc,marking  ] GC(656) Concurrent Mark From Roots
[2023-11-16T00:10:51.427+0000][7][gc,task     ] GC(656) Using 2 workers of 2 for marking
[2023-11-16T00:10:51.507+0000][7][gc,marking  ] GC(656) Concurrent Mark From Roots 80.119ms
[2023-11-16T00:10:51.507+0000][7][gc,marking  ] GC(656) Concurrent Preclean
[2023-11-16T00:10:51.507+0000][7][gc,marking  ] GC(656) Concurrent Preclean 0.156ms
[2023-11-16T00:10:51.507+0000][7][gc,start    ] GC(656) Pause Remark
[2023-11-16T00:10:51.512+0000][7][gc          ] GC(656) Pause Remark 149M->149M(512M) 5.326ms
[2023-11-16T00:10:51.513+0000][7][gc,cpu      ] GC(656) User=0.04s Sys=0.00s Real=0.00s
[2023-11-16T00:10:51.513+0000][7][safepoint   ] Safepoint "G1Concurrent", Time since last: 84320849 ns, Reaching safepoint: 19891 ns, At safepoint: 5437294 ns, Total: 5457185 ns
[2023-11-16T00:10:51.513+0000][7][gc,marking  ] GC(656) Concurrent Mark 85.878ms
[2023-11-16T00:10:51.513+0000][7][gc,marking  ] GC(656) Concurrent Rebuild Remembered Sets
[2023-11-16T00:10:51.544+0000][7][gc,marking  ] GC(656) Concurrent Rebuild Remembered Sets 31.166ms
[2023-11-16T00:10:51.544+0000][7][gc,start    ] GC(656) Pause Cleanup
[2023-11-16T00:10:51.544+0000][7][gc          ] GC(656) Pause Cleanup 149M->149M(512M) 0.112ms
[2023-11-16T00:10:51.544+0000][7][gc,cpu      ] GC(656) User=0.00s Sys=0.00s Real=0.00s
[2023-11-16T00:10:51.544+0000][7][safepoint   ] Safepoint "G1Concurrent", Time since last: 31303843 ns, Reaching safepoint: 20271 ns, At safepoint: 173167 ns, Total: 193438 ns
[2023-11-16T00:10:51.544+0000][7][gc,marking  ] GC(656) Concurrent Cleanup for Next Mark
[2023-11-16T00:10:51.544+0000][7][gc,marking  ] GC(656) Concurrent Cleanup for Next Mark 0.367ms
[2023-11-16T00:10:51.544+0000][7][gc          ] GC(656) Concurrent Mark Cycle 121.633ms
[2023-11-16T00:11:07.631+0000][7][gc,start    ] GC(657) Pause Young (Normal) (G1 Evacuation Pause)
[2023-11-16T00:11:07.631+0000][7][gc,task     ] GC(657) Using 8 workers of 8 for evacuation
[2023-11-16T00:11:07.631+0000][7][gc,age      ] GC(657) Desired survivor size 18874368 bytes, new threshold 15 (max threshold 15)
[2023-11-16T00:11:07.637+0000][7][gc,age      ] GC(657) Age table with threshold 15 (max threshold 15)
[2023-11-16T00:11:07.637+0000][7][gc,age      ] GC(657) - age   1:    1046464 bytes,    1046464 total
[2023-11-16T00:11:07.637+0000][7][gc,age      ] GC(657) - age   2:    1049304 bytes,    2095768 total
[2023-11-16T00:11:07.637+0000][7][gc,age      ] GC(657) - age   3:     217400 bytes,    2313168 total
[2023-11-16T00:11:07.637+0000][7][gc,age      ] GC(657) - age   4:     603224 bytes,    2916392 total
[2023-11-16T00:11:07.637+0000][7][gc,age      ] GC(657) - age   5:     837960 bytes,    3754352 total
[2023-11-16T00:11:07.637+0000][7][gc,age      ] GC(657) - age   6:    1301232 bytes,    5055584 total
[2023-11-16T00:11:07.637+0000][7][gc,age      ] GC(657) - age   7:     331680 bytes,    5387264 total
[2023-11-16T00:11:07.637+0000][7][gc,age      ] GC(657) - age   8:     268960 bytes,    5656224 total
[2023-11-16T00:11:07.637+0000][7][gc,age      ] GC(657) - age   9:     691848 bytes,    6348072 total
[2023-11-16T00:11:07.637+0000][7][gc,age      ] GC(657) - age  10:     496352 bytes,    6844424 total
[2023-11-16T00:11:07.637+0000][7][gc,age      ] GC(657) - age  11:     626864 bytes,    7471288 total
[2023-11-16T00:11:07.637+0000][7][gc,age      ] GC(657) - age  12:    1154144 bytes,    8625432 total
[2023-11-16T00:11:07.637+0000][7][gc,age      ] GC(657) - age  13:      98424 bytes,    8723856 total
[2023-11-16T00:11:07.637+0000][7][gc,age      ] GC(657) - age  14:     696504 bytes,    9420360 total
[2023-11-16T00:11:07.637+0000][7][gc,phases   ] GC(657)   Pre Evacuate Collection Set: 0.2ms
[2023-11-16T00:11:07.637+0000][7][gc,phases   ] GC(657)   Merge Heap Roots: 0.2ms
[2023-11-16T00:11:07.637+0000][7][gc,phases   ] GC(657)   Evacuate Collection Set: 4.4ms
[2023-11-16T00:11:07.637+0000][7][gc,phases   ] GC(657)   Post Evacuate Collection Set: 1.2ms
[2023-11-16T00:11:07.637+0000][7][gc,phases   ] GC(657)   Other: 0.6ms
[2023-11-16T00:11:07.637+0000][7][gc,heap     ] GC(657) Eden regions: 66->0(66)
[2023-11-16T00:11:07.637+0000][7][gc,heap     ] GC(657) Survivor regions: 3->3(9)
[2023-11-16T00:11:07.637+0000][7][gc,heap     ] GC(657) Old regions: 29->29
[2023-11-16T00:11:07.637+0000][7][gc,heap     ] GC(657) Archive regions: 2->2
[2023-11-16T00:11:07.637+0000][7][gc,heap     ] GC(657) Humongous regions: 5->5
[2023-11-16T00:11:07.637+0000][7][gc,metaspace] GC(657) Metaspace: 118705K(120448K)->118705K(120448K) NonClass: 103050K(104128K)->103050K(104128K) Class: 15655K(16320K)->15655K(16320K)
[2023-11-16T00:11:07.637+0000][7][gc          ] GC(657) Pause Young (Normal) (G1 Evacuation Pause) 409M->145M(512M) 6.620ms
[2023-11-16T00:11:07.637+0000][7][gc,cpu      ] GC(657) User=0.03s Sys=0.00s Real=0.01s
[2023-11-16T00:11:07.637+0000][7][safepoint   ] Safepoint "G1CollectForAllocation", Time since last: 16086332891 ns, Reaching safepoint: 116055 ns, At safepoint: 6802967 ns, Total: 6919022 ns
[2023-11-16T00:11:24.207+0000][7][gc,start    ] GC(658) Pause Young (Concurrent Start) (G1 Evacuation Pause)
[2023-11-16T00:11:24.207+0000][7][gc,task     ] GC(658) Using 8 workers of 8 for evacuation
[2023-11-16T00:11:24.207+0000][7][gc,age      ] GC(658) Desired survivor size 18874368 bytes, new threshold 15 (max threshold 15)
[2023-11-16T00:11:24.213+0000][7][gc,age      ] GC(658) Age table with threshold 15 (max threshold 15)
[2023-11-16T00:11:24.213+0000][7][gc,age      ] GC(658) - age   1:    1660848 bytes,    1660848 total
[2023-11-16T00:11:24.213+0000][7][gc,age      ] GC(658) - age   2:     584472 bytes,    2245320 total
[2023-11-16T00:11:24.213+0000][7][gc,age      ] GC(658) - age   3:     478992 bytes,    2724312 total
[2023-11-16T00:11:24.213+0000][7][gc,age      ] GC(658) - age   4:     216792 bytes,    2941104 total
[2023-11-16T00:11:24.213+0000][7][gc,age      ] GC(658) - age   5:     565552 bytes,    3506656 total
[2023-11-16T00:11:24.213+0000][7][gc,age      ] GC(658) - age   6:     837768 bytes,    4344424 total
[2023-11-16T00:11:24.213+0000][7][gc,age      ] GC(658) - age   7:    1301104 bytes,    5645528 total
[2023-11-16T00:11:24.213+0000][7][gc,age      ] GC(658) - age   8:     331616 bytes,    5977144 total
[2023-11-16T00:11:24.213+0000][7][gc,age      ] GC(658) - age   9:     268832 bytes,    6245976 total
[2023-11-16T00:11:24.213+0000][7][gc,age      ] GC(658) - age  10:     560744 bytes,    6806720 total
[2023-11-16T00:11:24.213+0000][7][gc,age      ] GC(658) - age  11:     496352 bytes,    7303072 total
[2023-11-16T00:11:24.213+0000][7][gc,age      ] GC(658) - age  12:     626864 bytes,    7929936 total
[2023-11-16T00:11:24.213+0000][7][gc,age      ] GC(658) - age  13:    1154144 bytes,    9084080 total
[2023-11-16T00:11:24.213+0000][7][gc,age      ] GC(658) - age  14:      98424 bytes,    9182504 total
[2023-11-16T00:11:24.213+0000][7][gc,age      ] GC(658) - age  15:     696504 bytes,    9879008 total
[2023-11-16T00:11:24.214+0000][7][gc,phases   ] GC(658)   Pre Evacuate Collection Set: 0.3ms
[2023-11-16T00:11:24.214+0000][7][gc,phases   ] GC(658)   Merge Heap Roots: 0.1ms
[2023-11-16T00:11:24.214+0000][7][gc,phases   ] GC(658)   Evacuate Collection Set: 4.5ms
[2023-11-16T00:11:24.214+0000][7][gc,phases   ] GC(658)   Post Evacuate Collection Set: 1.5ms
[2023-11-16T00:11:24.214+0000][7][gc,phases   ] GC(658)   Other: 0.7ms
[2023-11-16T00:11:24.214+0000][7][gc,heap     ] GC(658) Eden regions: 66->0(66)
[2023-11-16T00:11:24.214+0000][7][gc,heap     ] GC(658) Survivor regions: 3->3(9)
[2023-11-16T00:11:24.214+0000][7][gc,heap     ] GC(658) Old regions: 29->29
[2023-11-16T00:11:24.214+0000][7][gc,heap     ] GC(658) Archive regions: 2->2
[2023-11-16T00:11:24.214+0000][7][gc,heap     ] GC(658) Humongous regions: 5->5
[2023-11-16T00:11:24.214+0000][7][gc,metaspace] GC(658) Metaspace: 118705K(120448K)->118705K(120448K) NonClass: 103050K(104128K)->103050K(104128K) Class: 15655K(16320K)->15655K(16320K)
[2023-11-16T00:11:24.214+0000][7][gc          ] GC(658) Pause Young (Concurrent Start) (G1 Evacuation Pause) 409M->146M(512M) 7.168ms
[2023-11-16T00:11:24.214+0000][7][gc,cpu      ] GC(658) User=0.04s Sys=0.00s Real=0.00s
[2023-11-16T00:11:24.214+0000][7][safepoint   ] Safepoint "G1CollectForAllocation", Time since last: 16569107572 ns, Reaching safepoint: 61937 ns, At safepoint: 7377775 ns, Total: 7439712 ns
[2023-11-16T00:11:24.214+0000][7][gc          ] GC(659) Concurrent Mark Cycle
[2023-11-16T00:11:24.214+0000][7][gc,marking  ] GC(659) Concurrent Clear Claimed Marks
[2023-11-16T00:11:24.214+0000][7][gc,marking  ] GC(659) Concurrent Clear Claimed Marks 0.246ms
[2023-11-16T00:11:24.214+0000][7][gc,marking  ] GC(659) Concurrent Scan Root Regions
[2023-11-16T00:11:24.217+0000][7][gc,marking  ] GC(659) Concurrent Scan Root Regions 3.103ms
[2023-11-16T00:11:24.218+0000][7][gc,marking  ] GC(659) Concurrent Mark
[2023-11-16T00:11:24.218+0000][7][gc,marking  ] GC(659) Concurrent Mark From Roots
[2023-11-16T00:11:24.218+0000][7][gc,task     ] GC(659) Using 2 workers of 2 for marking
[2023-11-16T00:11:24.298+0000][7][gc,marking  ] GC(659) Concurrent Mark From Roots 80.234ms
[2023-11-16T00:11:24.298+0000][7][gc,marking  ] GC(659) Concurrent Preclean
[2023-11-16T00:11:24.298+0000][7][gc,marking  ] GC(659) Concurrent Preclean 0.233ms
[2023-11-16T00:11:24.298+0000][7][gc,start    ] GC(659) Pause Remark
[2023-11-16T00:11:24.304+0000][7][gc          ] GC(659) Pause Remark 149M->149M(512M) 5.227ms
[2023-11-16T00:11:24.304+0000][7][gc,cpu      ] GC(659) User=0.03s Sys=0.00s Real=0.00s
[2023-11-16T00:11:24.304+0000][7][safepoint   ] Safepoint "G1Concurrent", Time since last: 84329942 ns, Reaching safepoint: 130441 ns, At safepoint: 5306181 ns, Total: 5436622 ns
[2023-11-16T00:11:24.304+0000][7][gc,marking  ] GC(659) Concurrent Mark 86.122ms
[2023-11-16T00:11:24.304+0000][7][gc,marking  ] GC(659) Concurrent Rebuild Remembered Sets
[2023-11-16T00:11:24.336+0000][7][gc,marking  ] GC(659) Concurrent Rebuild Remembered Sets 32.405ms
[2023-11-16T00:11:24.336+0000][7][gc,start    ] GC(659) Pause Cleanup
[2023-11-16T00:11:24.336+0000][7][gc          ] GC(659) Pause Cleanup 149M->149M(512M) 0.073ms
[2023-11-16T00:11:24.336+0000][7][gc,cpu      ] GC(659) User=0.00s Sys=0.00s Real=0.00s
[2023-11-16T00:11:24.336+0000][7][safepoint   ] Safepoint "G1Concurrent", Time since last: 32517939 ns, Reaching safepoint: 22266 ns, At safepoint: 164485 ns, Total: 186751 ns
[2023-11-16T00:11:24.336+0000][7][gc,marking  ] GC(659) Concurrent Cleanup for Next Mark
[2023-11-16T00:11:24.337+0000][7][gc,marking  ] GC(659) Concurrent Cleanup for Next Mark 0.453ms
[2023-11-16T00:11:24.337+0000][7][gc          ] GC(659) Concurrent Mark Cycle 122.957ms
[2023-11-16T00:11:40.774+0000][7][gc,start    ] GC(660) Pause Young (Normal) (G1 Evacuation Pause)
[2023-11-16T00:11:40.774+0000][7][gc,task     ] GC(660) Using 8 workers of 8 for evacuation
[2023-11-16T00:11:40.774+0000][7][gc,age      ] GC(660) Desired survivor size 18874368 bytes, new threshold 15 (max threshold 15)
[2023-11-16T00:11:40.777+0000][7][gc,age      ] GC(660) Age table with threshold 15 (max threshold 15)
[2023-11-16T00:11:40.777+0000][7][gc,age      ] GC(660) - age   1:    1091056 bytes,    1091056 total
[2023-11-16T00:11:40.777+0000][7][gc,age      ] GC(660) - age   2:    1271024 bytes,    2362080 total
[2023-11-16T00:11:40.777+0000][7][gc,age      ] GC(660) - age   3:     269168 bytes,    2631248 total
[2023-11-16T00:11:40.777+0000][7][gc,age      ] GC(660) - age   4:     274344 bytes,    2905592 total
[2023-11-16T00:11:40.777+0000][7][gc,age      ] GC(660) - age   5:     216016 bytes,    3121608 total
[2023-11-16T00:11:40.777+0000][7][gc,age      ] GC(660) - age   6:     565552 bytes,    3687160 total
[2023-11-16T00:11:40.777+0000][7][gc,age      ] GC(660) - age   7:     837608 bytes,    4524768 total
[2023-11-16T00:11:40.777+0000][7][gc,age      ] GC(660) - age   8:    1301104 bytes,    5825872 total
[2023-11-16T00:11:40.777+0000][7][gc,age      ] GC(660) - age   9:     331616 bytes,    6157488 total
[2023-11-16T00:11:40.777+0000][7][gc,age      ] GC(660) - age  10:     268832 bytes,    6426320 total
[2023-11-16T00:11:40.777+0000][7][gc,age      ] GC(660) - age  11:     560744 bytes,    6987064 total
[2023-11-16T00:11:40.777+0000][7][gc,age      ] GC(660) - age  12:     496352 bytes,    7483416 total
[2023-11-16T00:11:40.777+0000][7][gc,age      ] GC(660) - age  13:     626864 bytes,    8110280 total
[2023-11-16T00:11:40.777+0000][7][gc,age      ] GC(660) - age  14:    1154144 bytes,    9264424 total
[2023-11-16T00:11:40.777+0000][7][gc,age      ] GC(660) - age  15:      98424 bytes,    9362848 total
[2023-11-16T00:11:40.777+0000][7][gc,phases   ] GC(660)   Pre Evacuate Collection Set: 0.1ms
[2023-11-16T00:11:40.777+0000][7][gc,phases   ] GC(660)   Merge Heap Roots: 0.1ms
[2023-11-16T00:11:40.777+0000][7][gc,phases   ] GC(660)   Evacuate Collection Set: 2.9ms
[2023-11-16T00:11:40.777+0000][7][gc,phases   ] GC(660)   Post Evacuate Collection Set: 0.5ms
[2023-11-16T00:11:40.777+0000][7][gc,phases   ] GC(660)   Other: 0.3ms
[2023-11-16T00:11:40.777+0000][7][gc,heap     ] GC(660) Eden regions: 66->0(66)
[2023-11-16T00:11:40.777+0000][7][gc,heap     ] GC(660) Survivor regions: 3->3(9)
[2023-11-16T00:11:40.778+0000][7][gc,heap     ] GC(660) Old regions: 29->29
[2023-11-16T00:11:40.778+0000][7][gc,heap     ] GC(660) Archive regions: 2->2
[2023-11-16T00:11:40.778+0000][7][gc,heap     ] GC(660) Humongous regions: 5->5
[2023-11-16T00:11:40.778+0000][7][gc,metaspace] GC(660) Metaspace: 118705K(120448K)->118705K(120448K) NonClass: 103050K(104128K)->103050K(104128K) Class: 15655K(16320K)->15655K(16320K)
[2023-11-16T00:11:40.778+0000][7][gc          ] GC(660) Pause Young (Normal) (G1 Evacuation Pause) 410M->146M(512M) 3.839ms
[2023-11-16T00:11:40.778+0000][7][gc,cpu      ] GC(660) User=0.02s Sys=0.00s Real=0.01s
[2023-11-16T00:11:40.778+0000][7][safepoint   ] Safepoint "G1CollectForAllocation", Time since last: 16437254890 ns, Reaching safepoint: 40877 ns, At safepoint: 3919507 ns, Total: 3960384 ns
[2023-11-16T00:11:46.778+0000][7][safepoint   ] Safepoint "Cleanup", Time since last: 6000492403 ns, Reaching safepoint: 76216 ns, At safepoint: 8012 ns, Total: 84228 ns
[2023-11-16T00:11:56.054+0000][7][gc,start    ] GC(661) Pause Young (Concurrent Start) (G1 Evacuation Pause)
[2023-11-16T00:11:56.054+0000][7][gc,task     ] GC(661) Using 8 workers of 8 for evacuation
[2023-11-16T00:11:56.055+0000][7][gc,age      ] GC(661) Desired survivor size 18874368 bytes, new threshold 15 (max threshold 15)
[2023-11-16T00:11:56.061+0000][7][gc,age      ] GC(661) Age table with threshold 15 (max threshold 15)
[2023-11-16T00:11:56.061+0000][7][gc,age      ] GC(661) - age   1:    1166384 bytes,    1166384 total
[2023-11-16T00:11:56.061+0000][7][gc,age      ] GC(661) - age   2:     999528 bytes,    2165912 total
[2023-11-16T00:11:56.061+0000][7][gc,age      ] GC(661) - age   3:     707592 bytes,    2873504 total
[2023-11-16T00:11:56.061+0000][7][gc,age      ] GC(661) - age   4:     268016 bytes,    3141520 total
[2023-11-16T00:11:56.061+0000][7][gc,age      ] GC(661) - age   5:     273912 bytes,    3415432 total
[2023-11-16T00:11:56.061+0000][7][gc,age      ] GC(661) - age   6:     215904 bytes,    3631336 total
[2023-11-16T00:11:56.061+0000][7][gc,age      ] GC(661) - age   7:     565488 bytes,    4196824 total
[2023-11-16T00:11:56.061+0000][7][gc,age      ] GC(661) - age   8:     837608 bytes,    5034432 total
[2023-11-16T00:11:56.061+0000][7][gc,age      ] GC(661) - age   9:    1301040 bytes,    6335472 total
[2023-11-16T00:11:56.061+0000][7][gc,age      ] GC(661) - age  10:     331616 bytes,    6667088 total
[2023-11-16T00:11:56.061+0000][7][gc,age      ] GC(661) - age  11:     268736 bytes,    6935824 total
[2023-11-16T00:11:56.061+0000][7][gc,age      ] GC(661) - age  12:     560744 bytes,    7496568 total
[2023-11-16T00:11:56.061+0000][7][gc,age      ] GC(661) - age  13:     496352 bytes,    7992920 total
[2023-11-16T00:11:56.061+0000][7][gc,age      ] GC(661) - age  14:     626864 bytes,    8619784 total
[2023-11-16T00:11:56.061+0000][7][gc,age      ] GC(661) - age  15:    1154144 bytes,    9773928 total
[2023-11-16T00:11:56.061+0000][7][gc,phases   ] GC(661)   Pre Evacuate Collection Set: 0.4ms
[2023-11-16T00:11:56.061+0000][7][gc,phases   ] GC(661)   Merge Heap Roots: 0.2ms
[2023-11-16T00:11:56.061+0000][7][gc,phases   ] GC(661)   Evacuate Collection Set: 4.6ms
[2023-11-16T00:11:56.061+0000][7][gc,phases   ] GC(661)   Post Evacuate Collection Set: 1.3ms
[2023-11-16T00:11:56.062+0000][7][gc,phases   ] GC(661)   Other: 0.7ms
[2023-11-16T00:11:56.062+0000][7][gc,heap     ] GC(661) Eden regions: 66->0(66)
[2023-11-16T00:11:56.062+0000][7][gc,heap     ] GC(661) Survivor regions: 3->3(9)
[2023-11-16T00:11:56.062+0000][7][gc,heap     ] GC(661) Old regions: 29->29
[2023-11-16T00:11:56.062+0000][7][gc,heap     ] GC(661) Archive regions: 2->2
[2023-11-16T00:11:56.062+0000][7][gc,heap     ] GC(661) Humongous regions: 5->5
[2023-11-16T00:11:56.062+0000][7][gc,metaspace] GC(661) Metaspace: 118712K(120448K)->118712K(120448K) NonClass: 103056K(104128K)->103056K(104128K) Class: 15655K(16320K)->15655K(16320K)
[2023-11-16T00:11:56.062+0000][7][gc          ] GC(661) Pause Young (Concurrent Start) (G1 Evacuation Pause) 410M->147M(512M) 7.365ms
[2023-11-16T00:11:56.062+0000][7][gc,cpu      ] GC(661) User=0.03s Sys=0.01s Real=0.00s
[2023-11-16T00:11:56.062+0000][7][gc          ] GC(662) Concurrent Mark Cycle
[2023-11-16T00:11:56.062+0000][7][gc,marking  ] GC(662) Concurrent Clear Claimed Marks
[2023-11-16T00:11:56.062+0000][7][safepoint   ] Safepoint "G1CollectForAllocation", Time since last: 9275907210 ns, Reaching safepoint: 124539 ns, At safepoint: 7607250 ns, Total: 7731789 ns
[2023-11-16T00:11:56.062+0000][7][gc,marking  ] GC(662) Concurrent Clear Claimed Marks 0.197ms
[2023-11-16T00:11:56.062+0000][7][gc,marking  ] GC(662) Concurrent Scan Root Regions
[2023-11-16T00:11:56.066+0000][7][gc,marking  ] GC(662) Concurrent Scan Root Regions 3.719ms
[2023-11-16T00:11:56.066+0000][7][gc,marking  ] GC(662) Concurrent Mark
[2023-11-16T00:11:56.066+0000][7][gc,marking  ] GC(662) Concurrent Mark From Roots
[2023-11-16T00:11:56.066+0000][7][gc,task     ] GC(662) Using 2 workers of 2 for marking
[2023-11-16T00:11:56.151+0000][7][gc,marking  ] GC(662) Concurrent Mark From Roots 85.331ms
[2023-11-16T00:11:56.151+0000][7][gc,marking  ] GC(662) Concurrent Preclean
[2023-11-16T00:11:56.151+0000][7][gc,marking  ] GC(662) Concurrent Preclean 0.166ms
[2023-11-16T00:11:56.151+0000][7][gc,start    ] GC(662) Pause Remark
[2023-11-16T00:11:56.157+0000][7][gc          ] GC(662) Pause Remark 150M->150M(512M) 5.261ms
[2023-11-16T00:11:56.157+0000][7][gc,cpu      ] GC(662) User=0.04s Sys=0.00s Real=0.01s
[2023-11-16T00:11:56.157+0000][7][safepoint   ] Safepoint "G1Concurrent", Time since last: 89644530 ns, Reaching safepoint: 24495 ns, At safepoint: 5361663 ns, Total: 5386158 ns
[2023-11-16T00:11:56.157+0000][7][gc,marking  ] GC(662) Concurrent Mark 90.995ms
[2023-11-16T00:11:56.157+0000][7][gc,marking  ] GC(662) Concurrent Rebuild Remembered Sets
[2023-11-16T00:11:56.188+0000][7][gc,marking  ] GC(662) Concurrent Rebuild Remembered Sets 31.048ms
[2023-11-16T00:11:56.188+0000][7][gc,start    ] GC(662) Pause Cleanup
[2023-11-16T00:11:56.188+0000][7][gc          ] GC(662) Pause Cleanup 150M->150M(512M) 0.094ms
[2023-11-16T00:11:56.188+0000][7][gc,cpu      ] GC(662) User=0.00s Sys=0.00s Real=0.00s
[2023-11-16T00:11:56.188+0000][7][safepoint   ] Safepoint "G1Concurrent", Time since last: 31195922 ns, Reaching safepoint: 21575 ns, At safepoint: 143671 ns, Total: 165246 ns
[2023-11-16T00:11:56.188+0000][7][gc,marking  ] GC(662) Concurrent Cleanup for Next Mark
[2023-11-16T00:11:56.189+0000][7][gc,marking  ] GC(662) Concurrent Cleanup for Next Mark 0.949ms
[2023-11-16T00:11:56.189+0000][7][gc          ] GC(662) Concurrent Mark Cycle 127.519ms
[2023-11-16T00:12:11.964+0000][7][gc,start    ] GC(663) Pause Young (Normal) (G1 Evacuation Pause)
[2023-11-16T00:12:11.964+0000][7][gc,task     ] GC(663) Using 8 workers of 8 for evacuation
[2023-11-16T00:12:11.965+0000][7][gc,age      ] GC(663) Desired survivor size 18874368 bytes, new threshold 15 (max threshold 15)
[2023-11-16T00:12:11.969+0000][7][gc,age      ] GC(663) Age table with threshold 15 (max threshold 15)
[2023-11-16T00:12:11.969+0000][7][gc,age      ] GC(663) - age   1:    1886440 bytes,    1886440 total
[2023-11-16T00:12:11.969+0000][7][gc,age      ] GC(663) - age   2:    1044128 bytes,    2930568 total
[2023-11-16T00:12:11.969+0000][7][gc,age      ] GC(663) - age   3:     675320 bytes,    3605888 total
[2023-11-16T00:12:11.969+0000][7][gc,age      ] GC(663) - age   4:     660912 bytes,    4266800 total
[2023-11-16T00:12:11.969+0000][7][gc,age      ] GC(663) - age   5:     266504 bytes,    4533304 total
[2023-11-16T00:12:11.969+0000][7][gc,age      ] GC(663) - age   6:     273560 bytes,    4806864 total
[2023-11-16T00:12:11.969+0000][7][gc,age      ] GC(663) - age   7:     215904 bytes,    5022768 total
[2023-11-16T00:12:11.969+0000][7][gc,age      ] GC(663) - age   8:     565176 bytes,    5587944 total
[2023-11-16T00:12:11.969+0000][7][gc,age      ] GC(663) - age   9:     837608 bytes,    6425552 total
[2023-11-16T00:12:11.969+0000][7][gc,age      ] GC(663) - age  10:    1301040 bytes,    7726592 total
[2023-11-16T00:12:11.969+0000][7][gc,age      ] GC(663) - age  11:     331616 bytes,    8058208 total
[2023-11-16T00:12:11.969+0000][7][gc,age      ] GC(663) - age  12:     268736 bytes,    8326944 total
[2023-11-16T00:12:11.969+0000][7][gc,age      ] GC(663) - age  13:     560744 bytes,    8887688 total
[2023-11-16T00:12:11.969+0000][7][gc,age      ] GC(663) - age  14:     496352 bytes,    9384040 total
[2023-11-16T00:12:11.969+0000][7][gc,age      ] GC(663) - age  15:     626864 bytes,   10010904 total
[2023-11-16T00:12:11.969+0000][7][gc,phases   ] GC(663)   Pre Evacuate Collection Set: 0.1ms
[2023-11-16T00:12:11.969+0000][7][gc,phases   ] GC(663)   Merge Heap Roots: 0.1ms
[2023-11-16T00:12:11.969+0000][7][gc,phases   ] GC(663)   Evacuate Collection Set: 3.4ms
[2023-11-16T00:12:11.969+0000][7][gc,phases   ] GC(663)   Post Evacuate Collection Set: 0.5ms
[2023-11-16T00:12:11.969+0000][7][gc,phases   ] GC(663)   Other: 0.3ms
[2023-11-16T00:12:11.969+0000][7][gc,heap     ] GC(663) Eden regions: 66->0(66)
[2023-11-16T00:12:11.969+0000][7][gc,heap     ] GC(663) Survivor regions: 3->3(9)
[2023-11-16T00:12:11.969+0000][7][gc,heap     ] GC(663) Old regions: 29->29
[2023-11-16T00:12:11.969+0000][7][gc,heap     ] GC(663) Archive regions: 2->2
[2023-11-16T00:12:11.969+0000][7][gc,heap     ] GC(663) Humongous regions: 5->5
[2023-11-16T00:12:11.969+0000][7][gc,metaspace] GC(663) Metaspace: 118712K(120448K)->118712K(120448K) NonClass: 103056K(104128K)->103056K(104128K) Class: 15655K(16320K)->15655K(16320K)
[2023-11-16T00:12:11.969+0000][7][gc          ] GC(663) Pause Young (Normal) (G1 Evacuation Pause) 411M->148M(512M) 4.259ms
[2023-11-16T00:12:11.969+0000][7][gc,cpu      ] GC(663) User=0.03s Sys=0.00s Real=0.00s
[2023-11-16T00:12:11.969+0000][7][safepoint   ] Safepoint "G1CollectForAllocation", Time since last: 15776177325 ns, Reaching safepoint: 39296 ns, At safepoint: 4360508 ns, Total: 4399804 ns
[2023-11-16T00:12:15.969+0000][7][safepoint   ] Safepoint "Cleanup", Time since last: 4000363594 ns, Reaching safepoint: 150643 ns, At safepoint: 86987 ns, Total: 237630 ns
[2023-11-16T00:12:29.154+0000][7][gc,start    ] GC(664) Pause Young (Concurrent Start) (G1 Evacuation Pause)
[2023-11-16T00:12:29.154+0000][7][gc,task     ] GC(664) Using 8 workers of 8 for evacuation
[2023-11-16T00:12:29.154+0000][7][gc,age      ] GC(664) Desired survivor size 18874368 bytes, new threshold 15 (max threshold 15)
[2023-11-16T00:12:29.158+0000][7][gc,age      ] GC(664) Age table with threshold 15 (max threshold 15)
[2023-11-16T00:12:29.158+0000][7][gc,age      ] GC(664) - age   1:    2378120 bytes,    2378120 total
[2023-11-16T00:12:29.158+0000][7][gc,age      ] GC(664) - age   2:     728392 bytes,    3106512 total
[2023-11-16T00:12:29.158+0000][7][gc,age      ] GC(664) - age   3:     886824 bytes,    3993336 total
[2023-11-16T00:12:29.158+0000][7][gc,age      ] GC(664) - age   4:     272312 bytes,    4265648 total
