[2023-11-16T04:01:43.138+0000][7][gc] Using G1
[2023-11-16T04:01:43.323+0000][7][gc,init] Version: 17.0.1+12 (release)
[2023-11-16T04:01:43.323+0000][7][gc,init] CPUs: 8 total, 8 available
[2023-11-16T04:01:43.323+0000][7][gc,init] Memory: 7659M
[2023-11-16T04:01:43.323+0000][7][gc,init] Large Page Support: Disabled
[2023-11-16T04:01:43.323+0000][7][gc,init] NUMA Support: Disabled
[2023-11-16T04:01:43.323+0000][7][gc,init] Compressed Oops: Enabled (32-bit)
[2023-11-16T04:01:43.323+0000][7][gc,init] Heap Region Size: 4M
[2023-11-16T04:01:43.323+0000][7][gc,init] Heap Min Capacity: 512M
[2023-11-16T04:01:43.323+0000][7][gc,init] Heap Initial Capacity: 512M
[2023-11-16T04:01:43.323+0000][7][gc,init] Heap Max Capacity: 512M
[2023-11-16T04:01:43.323+0000][7][gc,init] Pre-touch: Enabled
[2023-11-16T04:01:43.323+0000][7][gc,init] Parallel Workers: 8
[2023-11-16T04:01:43.323+0000][7][gc,init] Concurrent Workers: 2
[2023-11-16T04:01:43.323+0000][7][gc,init] Concurrent Refinement Workers: 8
[2023-11-16T04:01:43.323+0000][7][gc,init] Periodic GC: Disabled
[2023-11-16T04:01:43.323+0000][7][gc,metaspace] CDS archive(s) mapped at: [0x0000000800000000-0x0000000800bd1000-0x0000000800bd1000), size 12390400, SharedBaseAddress: 0x0000000800000000, ArchiveRelocationMode: 0.
[2023-11-16T04:01:43.323+0000][7][gc,metaspace] Compressed class space mapped at: 0x0000000800c00000-0x0000000840c00000, reserved size: 1073741824
[2023-11-16T04:01:43.323+0000][7][gc,metaspace] Narrow klass base: 0x0000000800000000, Narrow klass shift: 0, Narrow klass range: 0x100000000
[2023-11-16T04:01:44.784+0000][7][safepoint   ] Safepoint "Cleanup", Time since last: 1443037704 ns, Reaching safepoint: 127725 ns, At safepoint: 3228 ns, Total: 130953 ns
[2023-11-16T04:01:45.660+0000][7][gc,start    ] GC(0) Pause Young (Normal) (G1 Evacuation Pause)
[2023-11-16T04:01:45.660+0000][7][gc,task     ] GC(0) Using 8 workers of 8 for evacuation
[2023-11-16T04:01:45.660+0000][7][gc,age      ] GC(0) Desired survivor size 2097152 bytes, new threshold 15 (max threshold 15)
[2023-11-16T04:01:45.680+0000][7][gc,age      ] GC(0) Age table with threshold 15 (max threshold 15)
[2023-11-16T04:01:45.680+0000][7][gc,age      ] GC(0) - age   1:    4120488 bytes,    4120488 total
[2023-11-16T04:01:45.680+0000][7][gc,phases   ] GC(0)   Pre Evacuate Collection Set: 0.1ms
[2023-11-16T04:01:45.680+0000][7][gc,phases   ] GC(0)   Merge Heap Roots: 0.1ms
[2023-11-16T04:01:45.680+0000][7][gc,phases   ] GC(0)   Evacuate Collection Set: 18.6ms
[2023-11-16T04:01:45.680+0000][7][gc,phases   ] GC(0)   Post Evacuate Collection Set: 1.1ms
[2023-11-16T04:01:45.680+0000][7][gc,phases   ] GC(0)   Other: 0.3ms
[2023-11-16T04:01:45.680+0000][7][gc,heap     ] GC(0) Eden regions: 6->0(6)
[2023-11-16T04:01:45.680+0000][7][gc,heap     ] GC(0) Survivor regions: 0->1(1)
[2023-11-16T04:01:45.680+0000][7][gc,heap     ] GC(0) Old regions: 0->0
[2023-11-16T04:01:45.680+0000][7][gc,heap     ] GC(0) Archive regions: 2->2
[2023-11-16T04:01:45.680+0000][7][gc,heap     ] GC(0) Humongous regions: 0->0
[2023-11-16T04:01:45.680+0000][7][gc,metaspace] GC(0) Metaspace: 7600K(7872K)->7600K(7872K) NonClass: 6722K(6848K)->6722K(6848K) Class: 877K(1024K)->877K(1024K)
[2023-11-16T04:01:45.681+0000][7][gc          ] GC(0) Pause Young (Normal) (G1 Evacuation Pause) 27M->7M(512M) 20.349ms
[2023-11-16T04:01:45.681+0000][7][gc,cpu      ] GC(0) User=0.03s Sys=0.01s Real=0.02s
[2023-11-16T04:01:45.681+0000][7][safepoint   ] Safepoint "G1CollectForAllocation", Time since last: 868016380 ns, Reaching safepoint: 1978679 ns, At safepoint: 26720053 ns, Total: 28698732 ns
[2023-11-16T04:01:47.066+0000][7][safepoint   ] Safepoint "Cleanup", Time since last: 1385366178 ns, Reaching safepoint: 109177 ns, At safepoint: 4536 ns, Total: 113713 ns
[2023-11-16T04:01:48.078+0000][7][gc,start    ] GC(1) Pause Young (Normal) (G1 Evacuation Pause)
[2023-11-16T04:01:48.078+0000][7][gc,task     ] GC(1) Using 8 workers of 8 for evacuation
[2023-11-16T04:01:48.078+0000][7][gc,age      ] GC(1) Desired survivor size 2097152 bytes, new threshold 1 (max threshold 15)
[2023-11-16T04:01:48.090+0000][7][gc,age      ] GC(1) Age table with threshold 1 (max threshold 15)
[2023-11-16T04:01:48.090+0000][7][gc,age      ] GC(1) - age   1:    2537128 bytes,    2537128 total
[2023-11-16T04:01:48.090+0000][7][gc,phases   ] GC(1)   Pre Evacuate Collection Set: 0.1ms
[2023-11-16T04:01:48.090+0000][7][gc,phases   ] GC(1)   Merge Heap Roots: 0.0ms
[2023-11-16T04:01:48.090+0000][7][gc,phases   ] GC(1)   Evacuate Collection Set: 10.4ms
[2023-11-16T04:01:48.090+0000][7][gc,phases   ] GC(1)   Post Evacuate Collection Set: 1.2ms
[2023-11-16T04:01:48.090+0000][7][gc,phases   ] GC(1)   Other: 0.2ms
[2023-11-16T04:01:48.090+0000][7][gc,heap     ] GC(1) Eden regions: 6->0(13)
[2023-11-16T04:01:48.090+0000][7][gc,heap     ] GC(1) Survivor regions: 1->1(1)
[2023-11-16T04:01:48.090+0000][7][gc,heap     ] GC(1) Old regions: 0->1
[2023-11-16T04:01:48.090+0000][7][gc,heap     ] GC(1) Archive regions: 2->2
[2023-11-16T04:01:48.090+0000][7][gc,heap     ] GC(1) Humongous regions: 0->0
[2023-11-16T04:01:48.090+0000][7][gc,metaspace] GC(1) Metaspace: 12444K(12672K)->12444K(12672K) NonClass: 10938K(11072K)->10938K(11072K) Class: 1505K(1600K)->1505K(1600K)
[2023-11-16T04:01:48.090+0000][7][gc          ] GC(1) Pause Young (Normal) (G1 Evacuation Pause) 31M->10M(512M) 12.025ms
[2023-11-16T04:01:48.090+0000][7][gc,cpu      ] GC(1) User=0.03s Sys=0.00s Real=0.02s
[2023-11-16T04:01:48.090+0000][7][safepoint   ] Safepoint "G1CollectForAllocation", Time since last: 1011779007 ns, Reaching safepoint: 176546 ns, At safepoint: 12112062 ns, Total: 12288608 ns
[2023-11-16T04:01:49.458+0000][7][safepoint   ] Safepoint "Cleanup", Time since last: 1367889849 ns, Reaching safepoint: 218274 ns, At safepoint: 6868 ns, Total: 225142 ns
[2023-11-16T04:01:50.073+0000][7][gc,start    ] GC(2) Pause Young (Normal) (G1 Evacuation Pause)
[2023-11-16T04:01:50.073+0000][7][gc,task     ] GC(2) Using 8 workers of 8 for evacuation
[2023-11-16T04:01:50.073+0000][7][gc,age      ] GC(2) Desired survivor size 4194304 bytes, new threshold 15 (max threshold 15)
[2023-11-16T04:01:50.086+0000][7][gc,age      ] GC(2) Age table with threshold 15 (max threshold 15)
[2023-11-16T04:01:50.086+0000][7][gc,age      ] GC(2) - age   1:    1170312 bytes,    1170312 total
[2023-11-16T04:01:50.086+0000][7][gc,age      ] GC(2) - age   2:    2336784 bytes,    3507096 total
[2023-11-16T04:01:50.086+0000][7][gc,phases   ] GC(2)   Pre Evacuate Collection Set: 0.1ms
[2023-11-16T04:01:50.086+0000][7][gc,phases   ] GC(2)   Merge Heap Roots: 0.1ms
[2023-11-16T04:01:50.086+0000][7][gc,phases   ] GC(2)   Evacuate Collection Set: 11.8ms
[2023-11-16T04:01:50.086+0000][7][gc,phases   ] GC(2)   Post Evacuate Collection Set: 0.7ms
[2023-11-16T04:01:50.086+0000][7][gc,phases   ] GC(2)   Other: 0.3ms
[2023-11-16T04:01:50.086+0000][7][gc,heap     ] GC(2) Eden regions: 13->0(75)
[2023-11-16T04:01:50.086+0000][7][gc,heap     ] GC(2) Survivor regions: 1->1(2)
[2023-11-16T04:01:50.086+0000][7][gc,heap     ] GC(2) Old regions: 1->1
[2023-11-16T04:01:50.086+0000][7][gc,heap     ] GC(2) Archive regions: 2->2
[2023-11-16T04:01:50.086+0000][7][gc,heap     ] GC(2) Humongous regions: 0->0
[2023-11-16T04:01:50.086+0000][7][gc,metaspace] GC(2) Metaspace: 14494K(14720K)->14494K(14720K) NonClass: 12811K(12928K)->12811K(12928K) Class: 1683K(1792K)->1683K(1792K)
[2023-11-16T04:01:50.086+0000][7][gc          ] GC(2) Pause Young (Normal) (G1 Evacuation Pause) 62M->11M(512M) 12.992ms
[2023-11-16T04:01:50.086+0000][7][gc,cpu      ] GC(2) User=0.04s Sys=0.00s Real=0.01s
[2023-11-16T04:01:50.086+0000][7][safepoint   ] Safepoint "G1CollectForAllocation", Time since last: 614286047 ns, Reaching safepoint: 142960 ns, At safepoint: 13062949 ns, Total: 13205909 ns
[2023-11-16T04:01:51.229+0000][7][safepoint   ] Safepoint "ICBufferFull", Time since last: 1142532274 ns, Reaching safepoint: 288617 ns, At safepoint: 10394 ns, Total: 299011 ns
[2023-11-16T04:01:51.231+0000][7][safepoint   ] Safepoint "ICBufferFull", Time since last: 2652762 ns, Reaching safepoint: 107752 ns, At safepoint: 9867 ns, Total: 117619 ns
[2023-11-16T04:01:51.237+0000][7][safepoint   ] Safepoint "ICBufferFull", Time since last: 5215506 ns, Reaching safepoint: 106617 ns, At safepoint: 7446 ns, Total: 114063 ns
[2023-11-16T04:01:51.242+0000][7][safepoint   ] Safepoint "ICBufferFull", Time since last: 2046176 ns, Reaching safepoint: 3128993 ns, At safepoint: 11765 ns, Total: 3140758 ns
[2023-11-16T04:01:51.243+0000][7][safepoint   ] Safepoint "ICBufferFull", Time since last: 1321179 ns, Reaching safepoint: 146154 ns, At safepoint: 8095 ns, Total: 154249 ns
[2023-11-16T04:01:51.246+0000][7][safepoint   ] Safepoint "ICBufferFull", Time since last: 2363149 ns, Reaching safepoint: 75971 ns, At safepoint: 6650 ns, Total: 82621 ns
[2023-11-16T04:01:52.646+0000][7][gc,start    ] GC(3) Pause Young (Normal) (G1 Evacuation Pause)
[2023-11-16T04:01:52.646+0000][7][gc,task     ] GC(3) Using 8 workers of 8 for evacuation
[2023-11-16T04:01:52.646+0000][7][gc,age      ] GC(3) Desired survivor size 20971520 bytes, new threshold 15 (max threshold 15)
[2023-11-16T04:01:52.671+0000][7][gc,age      ] GC(3) Age table with threshold 15 (max threshold 15)
[2023-11-16T04:01:52.671+0000][7][gc,age      ] GC(3) - age   1:    4130240 bytes,    4130240 total
[2023-11-16T04:01:52.671+0000][7][gc,age      ] GC(3) - age   2:    1160040 bytes,    5290280 total
[2023-11-16T04:01:52.671+0000][7][gc,age      ] GC(3) - age   3:    2325416 bytes,    7615696 total
[2023-11-16T04:01:52.671+0000][7][gc,phases   ] GC(3)   Pre Evacuate Collection Set: 0.1ms
[2023-11-16T04:01:52.671+0000][7][gc,phases   ] GC(3)   Merge Heap Roots: 0.1ms
[2023-11-16T04:01:52.671+0000][7][gc,phases   ] GC(3)   Evacuate Collection Set: 23.6ms
[2023-11-16T04:01:52.671+0000][7][gc,phases   ] GC(3)   Post Evacuate Collection Set: 0.9ms
[2023-11-16T04:01:52.671+0000][7][gc,phases   ] GC(3)   Other: 0.4ms
[2023-11-16T04:01:52.671+0000][7][gc,heap     ] GC(3) Eden regions: 75->0(74)
[2023-11-16T04:01:52.671+0000][7][gc,heap     ] GC(3) Survivor regions: 1->2(10)
[2023-11-16T04:01:52.671+0000][7][gc,heap     ] GC(3) Old regions: 1->1
[2023-11-16T04:01:52.671+0000][7][gc,heap     ] GC(3) Archive regions: 2->2
[2023-11-16T04:01:52.671+0000][7][gc,heap     ] GC(3) Humongous regions: 0->0
[2023-11-16T04:01:52.671+0000][7][gc,metaspace] GC(3) Metaspace: 17352K(17600K)->17352K(17600K) NonClass: 15282K(15424K)->15282K(15424K) Class: 2069K(2176K)->2069K(2176K)
[2023-11-16T04:01:52.671+0000][7][gc          ] GC(3) Pause Young (Normal) (G1 Evacuation Pause) 311M->15M(512M) 25.119ms
[2023-11-16T04:01:52.671+0000][7][gc,cpu      ] GC(3) User=0.06s Sys=0.00s Real=0.03s
[2023-11-16T04:01:52.671+0000][7][safepoint   ] Safepoint "G1CollectForAllocation", Time since last: 1400035526 ns, Reaching safepoint: 207030 ns, At safepoint: 25264991 ns, Total: 25472021 ns
[2023-11-16T04:01:53.673+0000][7][safepoint   ] Safepoint "Cleanup", Time since last: 1001315342 ns, Reaching safepoint: 196403 ns, At safepoint: 11102 ns, Total: 207505 ns
[2023-11-16T04:01:54.547+0000][7][gc,start    ] GC(4) Pause Young (Normal) (G1 Evacuation Pause)
[2023-11-16T04:01:54.547+0000][7][gc,task     ] GC(4) Using 8 workers of 8 for evacuation
[2023-11-16T04:01:54.547+0000][7][gc,age      ] GC(4) Desired survivor size 20971520 bytes, new threshold 15 (max threshold 15)
[2023-11-16T04:01:54.580+0000][7][gc,age      ] GC(4) Age table with threshold 15 (max threshold 15)
[2023-11-16T04:01:54.580+0000][7][gc,age      ] GC(4) - age   1:    4353440 bytes,    4353440 total
[2023-11-16T04:01:54.580+0000][7][gc,age      ] GC(4) - age   2:    3588424 bytes,    7941864 total
[2023-11-16T04:01:54.580+0000][7][gc,age      ] GC(4) - age   3:    1160040 bytes,    9101904 total
[2023-11-16T04:01:54.580+0000][7][gc,age      ] GC(4) - age   4:    2325416 bytes,   11427320 total
[2023-11-16T04:01:54.580+0000][7][gc,phases   ] GC(4)   Pre Evacuate Collection Set: 0.2ms
[2023-11-16T04:01:54.580+0000][7][gc,phases   ] GC(4)   Merge Heap Roots: 0.1ms
[2023-11-16T04:01:54.580+0000][7][gc,phases   ] GC(4)   Evacuate Collection Set: 30.5ms
[2023-11-16T04:01:54.580+0000][7][gc,phases   ] GC(4)   Post Evacuate Collection Set: 2.0ms
[2023-11-16T04:01:54.580+0000][7][gc,phases   ] GC(4)   Other: 0.4ms
[2023-11-16T04:01:54.580+0000][7][gc,heap     ] GC(4) Eden regions: 74->0(73)
[2023-11-16T04:01:54.580+0000][7][gc,heap     ] GC(4) Survivor regions: 2->3(10)
[2023-11-16T04:01:54.580+0000][7][gc,heap     ] GC(4) Old regions: 1->1
[2023-11-16T04:01:54.580+0000][7][gc,heap     ] GC(4) Archive regions: 2->2
[2023-11-16T04:01:54.580+0000][7][gc,heap     ] GC(4) Humongous regions: 0->0
[2023-11-16T04:01:54.580+0000][7][gc,metaspace] GC(4) Metaspace: 18218K(18624K)->18218K(18624K) NonClass: 16025K(16256K)->16025K(16256K) Class: 2192K(2368K)->2192K(2368K)
[2023-11-16T04:01:54.580+0000][7][gc          ] GC(4) Pause Young (Normal) (G1 Evacuation Pause) 311M->19M(512M) 33.362ms
[2023-11-16T04:01:54.580+0000][7][gc,cpu      ] GC(4) User=0.03s Sys=0.00s Real=0.04s
[2023-11-16T04:01:54.580+0000][7][safepoint   ] Safepoint "G1CollectForAllocation", Time since last: 873390744 ns, Reaching safepoint: 211761 ns, At safepoint: 33492488 ns, Total: 33704249 ns
[2023-11-16T04:01:55.580+0000][7][safepoint   ] Safepoint "Cleanup", Time since last: 1000096570 ns, Reaching safepoint: 136598 ns, At safepoint: 7169 ns, Total: 143767 ns
[2023-11-16T04:01:55.585+0000][7][gc,start    ] GC(5) Pause Young (Normal) (G1 Evacuation Pause)
[2023-11-16T04:01:55.585+0000][7][gc,task     ] GC(5) Using 8 workers of 8 for evacuation
[2023-11-16T04:01:55.585+0000][7][gc,age      ] GC(5) Desired survivor size 20971520 bytes, new threshold 15 (max threshold 15)
[2023-11-16T04:01:55.597+0000][7][gc,age      ] GC(5) Age table with threshold 15 (max threshold 15)
[2023-11-16T04:01:55.597+0000][7][gc,age      ] GC(5) - age   1:    1435728 bytes,    1435728 total
[2023-11-16T04:01:55.597+0000][7][gc,age      ] GC(5) - age   2:    3797304 bytes,    5233032 total
[2023-11-16T04:01:55.597+0000][7][gc,age      ] GC(5) - age   3:    3588056 bytes,    8821088 total
[2023-11-16T04:01:55.597+0000][7][gc,age      ] GC(5) - age   4:    1160040 bytes,    9981128 total
[2023-11-16T04:01:55.597+0000][7][gc,age      ] GC(5) - age   5:    2325272 bytes,   12306400 total
[2023-11-16T04:01:55.597+0000][7][gc,phases   ] GC(5)   Pre Evacuate Collection Set: 0.1ms
[2023-11-16T04:01:55.597+0000][7][gc,phases   ] GC(5)   Merge Heap Roots: 0.1ms
[2023-11-16T04:01:55.597+0000][7][gc,phases   ] GC(5)   Evacuate Collection Set: 11.1ms
[2023-11-16T04:01:55.597+0000][7][gc,phases   ] GC(5)   Post Evacuate Collection Set: 0.7ms
[2023-11-16T04:01:55.597+0000][7][gc,phases   ] GC(5)   Other: 0.3ms
[2023-11-16T04:01:55.597+0000][7][gc,heap     ] GC(5) Eden regions: 73->0(72)
[2023-11-16T04:01:55.597+0000][7][gc,heap     ] GC(5) Survivor regions: 3->4(10)
[2023-11-16T04:01:55.597+0000][7][gc,heap     ] GC(5) Old regions: 1->1
[2023-11-16T04:01:55.597+0000][7][gc,heap     ] GC(5) Archive regions: 2->2
[2023-11-16T04:01:55.597+0000][7][gc,heap     ] GC(5) Humongous regions: 0->0
[2023-11-16T04:01:55.597+0000][7][gc,metaspace] GC(5) Metaspace: 18968K(19392K)->18968K(19392K) NonClass: 16665K(16896K)->16665K(16896K) Class: 2302K(2496K)->2302K(2496K)
[2023-11-16T04:01:55.597+0000][7][gc          ] GC(5) Pause Young (Normal) (G1 Evacuation Pause) 311M->20M(512M) 12.231ms
[2023-11-16T04:01:55.597+0000][7][gc,cpu      ] GC(5) User=0.03s Sys=0.00s Real=0.01s
[2023-11-16T04:01:55.597+0000][7][safepoint   ] Safepoint "G1CollectForAllocation", Time since last: 4493125 ns, Reaching safepoint: 89133 ns, At safepoint: 12332617 ns, Total: 12421750 ns
[2023-11-16T04:01:56.597+0000][7][safepoint   ] Safepoint "Cleanup", Time since last: 1000116002 ns, Reaching safepoint: 135913 ns, At safepoint: 21480 ns, Total: 157393 ns
[2023-11-16T04:01:56.829+0000][7][gc,start    ] GC(6) Pause Young (Normal) (G1 Evacuation Pause)
[2023-11-16T04:01:56.829+0000][7][gc,task     ] GC(6) Using 8 workers of 8 for evacuation
[2023-11-16T04:01:56.830+0000][7][gc,age      ] GC(6) Desired survivor size 20971520 bytes, new threshold 15 (max threshold 15)
[2023-11-16T04:01:56.853+0000][7][gc,age      ] GC(6) Age table with threshold 15 (max threshold 15)
[2023-11-16T04:01:56.853+0000][7][gc,age      ] GC(6) - age   1:    2494720 bytes,    2494720 total
[2023-11-16T04:01:56.853+0000][7][gc,age      ] GC(6) - age   2:     588912 bytes,    3083632 total
[2023-11-16T04:01:56.853+0000][7][gc,age      ] GC(6) - age   3:    3793320 bytes,    6876952 total
[2023-11-16T04:01:56.853+0000][7][gc,age      ] GC(6) - age   4:    3586528 bytes,   10463480 total
[2023-11-16T04:01:56.853+0000][7][gc,age      ] GC(6) - age   5:    1159136 bytes,   11622616 total
[2023-11-16T04:01:56.853+0000][7][gc,age      ] GC(6) - age   6:    2321912 bytes,   13944528 total
[2023-11-16T04:01:56.854+0000][7][gc,phases   ] GC(6)   Pre Evacuate Collection Set: 0.1ms
[2023-11-16T04:01:56.854+0000][7][gc,phases   ] GC(6)   Merge Heap Roots: 0.1ms
[2023-11-16T04:01:56.854+0000][7][gc,phases   ] GC(6)   Evacuate Collection Set: 20.9ms
[2023-11-16T04:01:56.854+0000][7][gc,phases   ] GC(6)   Post Evacuate Collection Set: 2.7ms
[2023-11-16T04:01:56.854+0000][7][gc,phases   ] GC(6)   Other: 0.5ms
[2023-11-16T04:01:56.854+0000][7][gc,heap     ] GC(6) Eden regions: 72->0(72)
[2023-11-16T04:01:56.854+0000][7][gc,heap     ] GC(6) Survivor regions: 4->4(10)
[2023-11-16T04:01:56.854+0000][7][gc,heap     ] GC(6) Old regions: 1->1
[2023-11-16T04:01:56.854+0000][7][gc,heap     ] GC(6) Archive regions: 2->2
[2023-11-16T04:01:56.854+0000][7][gc,heap     ] GC(6) Humongous regions: 0->0
[2023-11-16T04:01:56.854+0000][7][gc,metaspace] GC(6) Metaspace: 19987K(20480K)->19987K(20480K) NonClass: 17546K(17856K)->17546K(17856K) Class: 2441K(2624K)->2441K(2624K)
[2023-11-16T04:01:56.854+0000][7][gc          ] GC(6) Pause Young (Normal) (G1 Evacuation Pause) 308M->21M(512M) 24.238ms
[2023-11-16T04:01:56.854+0000][7][gc,cpu      ] GC(6) User=0.05s Sys=0.00s Real=0.02s
[2023-11-16T04:01:56.854+0000][7][safepoint   ] Safepoint "G1CollectForAllocation", Time since last: 231779564 ns, Reaching safepoint: 191393 ns, At safepoint: 24373359 ns, Total: 24564752 ns
[2023-11-16T04:01:57.800+0000][7][gc,start    ] GC(7) Pause Young (Normal) (G1 Evacuation Pause)
[2023-11-16T04:01:57.800+0000][7][gc,task     ] GC(7) Using 8 workers of 8 for evacuation
[2023-11-16T04:01:57.800+0000][7][gc,age      ] GC(7) Desired survivor size 20971520 bytes, new threshold 15 (max threshold 15)
[2023-11-16T04:01:57.808+0000][7][gc,age      ] GC(7) Age table with threshold 15 (max threshold 15)
[2023-11-16T04:01:57.808+0000][7][gc,age      ] GC(7) - age   1:    2749624 bytes,    2749624 total
[2023-11-16T04:01:57.808+0000][7][gc,age      ] GC(7) - age   2:    1731256 bytes,    4480880 total
[2023-11-16T04:01:57.808+0000][7][gc,age      ] GC(7) - age   3:     586832 bytes,    5067712 total
[2023-11-16T04:01:57.808+0000][7][gc,age      ] GC(7) - age   4:    3793256 bytes,    8860968 total
[2023-11-16T04:01:57.808+0000][7][gc,age      ] GC(7) - age   5:    3585104 bytes,   12446072 total
[2023-11-16T04:01:57.808+0000][7][gc,age      ] GC(7) - age   6:    1159136 bytes,   13605208 total
[2023-11-16T04:01:57.808+0000][7][gc,age      ] GC(7) - age   7:    2321576 bytes,   15926784 total
[2023-11-16T04:01:57.809+0000][7][gc,phases   ] GC(7)   Pre Evacuate Collection Set: 0.1ms
[2023-11-16T04:01:57.809+0000][7][gc,phases   ] GC(7)   Merge Heap Roots: 0.0ms
[2023-11-16T04:01:57.809+0000][7][gc,phases   ] GC(7)   Evacuate Collection Set: 7.8ms
[2023-11-16T04:01:57.809+0000][7][gc,phases   ] GC(7)   Post Evacuate Collection Set: 0.8ms
[2023-11-16T04:01:57.809+0000][7][gc,phases   ] GC(7)   Other: 0.2ms
[2023-11-16T04:01:57.809+0000][7][gc,heap     ] GC(7) Eden regions: 72->0(71)
[2023-11-16T04:01:57.809+0000][7][gc,heap     ] GC(7) Survivor regions: 4->5(10)
[2023-11-16T04:01:57.809+0000][7][gc,heap     ] GC(7) Old regions: 1->1
[2023-11-16T04:01:57.809+0000][7][gc,heap     ] GC(7) Archive regions: 2->2
[2023-11-16T04:01:57.809+0000][7][gc,heap     ] GC(7) Humongous regions: 0->0
[2023-11-16T04:01:57.809+0000][7][gc,metaspace] GC(7) Metaspace: 20313K(20800K)->20313K(20800K) NonClass: 17824K(18112K)->17824K(18112K) Class: 2489K(2688K)->2489K(2688K)
[2023-11-16T04:01:57.809+0000][7][gc          ] GC(7) Pause Young (Normal) (G1 Evacuation Pause) 309M->24M(512M) 8.928ms
[2023-11-16T04:01:57.809+0000][7][gc,cpu      ] GC(7) User=0.04s Sys=0.00s Real=0.00s
[2023-11-16T04:01:57.809+0000][7][safepoint   ] Safepoint "G1CollectForAllocation", Time since last: 945878807 ns, Reaching safepoint: 73547 ns, At safepoint: 9019495 ns, Total: 9093042 ns
[2023-11-16T04:01:58.790+0000][7][gc,start    ] GC(8) Pause Young (Concurrent Start) (Metadata GC Threshold)
[2023-11-16T04:01:58.790+0000][7][gc,task     ] GC(8) Using 8 workers of 8 for evacuation
[2023-11-16T04:01:58.790+0000][7][gc,age      ] GC(8) Desired survivor size 20971520 bytes, new threshold 15 (max threshold 15)
[2023-11-16T04:01:58.825+0000][7][gc,age      ] GC(8) Age table with threshold 15 (max threshold 15)
[2023-11-16T04:01:58.825+0000][7][gc,age      ] GC(8) - age   1:     884840 bytes,     884840 total
[2023-11-16T04:01:58.825+0000][7][gc,age      ] GC(8) - age   2:     749040 bytes,    1633880 total
[2023-11-16T04:01:58.825+0000][7][gc,age      ] GC(8) - age   3:    1721576 bytes,    3355456 total
[2023-11-16T04:01:58.826+0000][7][gc,age      ] GC(8) - age   4:     577704 bytes,    3933160 total
[2023-11-16T04:01:58.826+0000][7][gc,age      ] GC(8) - age   5:    3782944 bytes,    7716104 total
[2023-11-16T04:01:58.826+0000][7][gc,age      ] GC(8) - age   6:    3575792 bytes,   11291896 total
[2023-11-16T04:01:58.826+0000][7][gc,age      ] GC(8) - age   7:    1116128 bytes,   12408024 total
[2023-11-16T04:01:58.826+0000][7][gc,age      ] GC(8) - age   8:    2321400 bytes,   14729424 total
[2023-11-16T04:01:58.826+0000][7][gc,phases   ] GC(8)   Pre Evacuate Collection Set: 0.1ms
[2023-11-16T04:01:58.826+0000][7][gc,phases   ] GC(8)   Merge Heap Roots: 0.0ms
[2023-11-16T04:01:58.826+0000][7][gc,phases   ] GC(8)   Evacuate Collection Set: 33.8ms
[2023-11-16T04:01:58.826+0000][7][gc,phases   ] GC(8)   Post Evacuate Collection Set: 1.3ms
[2023-11-16T04:01:58.826+0000][7][gc,phases   ] GC(8)   Other: 0.4ms
[2023-11-16T04:01:58.826+0000][7][gc,heap     ] GC(8) Eden regions: 68->0(72)
[2023-11-16T04:01:58.826+0000][7][gc,heap     ] GC(8) Survivor regions: 5->4(10)
[2023-11-16T04:01:58.826+0000][7][gc,heap     ] GC(8) Old regions: 1->1
[2023-11-16T04:01:58.826+0000][7][gc,heap     ] GC(8) Archive regions: 2->2
[2023-11-16T04:01:58.826+0000][7][gc,heap     ] GC(8) Humongous regions: 0->0
[2023-11-16T04:01:58.826+0000][7][gc,metaspace] GC(8) Metaspace: 21035K(21504K)->21035K(21504K) NonClass: 18425K(18688K)->18425K(18688K) Class: 2610K(2816K)->2610K(2816K)
[2023-11-16T04:01:58.826+0000][7][gc          ] GC(8) Pause Young (Concurrent Start) (Metadata GC Threshold) 296M->23M(512M) 35.621ms
[2023-11-16T04:01:58.826+0000][7][gc,cpu      ] GC(8) User=0.06s Sys=0.00s Real=0.03s
[2023-11-16T04:01:58.826+0000][7][safepoint   ] Safepoint "CollectForMetadataAllocation", Time since last: 981267524 ns, Reaching safepoint: 89728 ns, At safepoint: 35760736 ns, Total: 35850464 ns
[2023-11-16T04:01:58.828+0000][7][gc          ] GC(9) Concurrent Mark Cycle
[2023-11-16T04:01:58.828+0000][7][gc,marking  ] GC(9) Concurrent Clear Claimed Marks
[2023-11-16T04:01:58.828+0000][7][gc,marking  ] GC(9) Concurrent Clear Claimed Marks 0.100ms
[2023-11-16T04:01:58.828+0000][7][gc,marking  ] GC(9) Concurrent Scan Root Regions
[2023-11-16T04:01:58.843+0000][7][gc,marking  ] GC(9) Concurrent Scan Root Regions 15.089ms
[2023-11-16T04:01:58.843+0000][7][gc,marking  ] GC(9) Concurrent Mark
[2023-11-16T04:01:58.843+0000][7][gc,marking  ] GC(9) Concurrent Mark From Roots
[2023-11-16T04:01:58.844+0000][7][gc,task     ] GC(9) Using 2 workers of 2 for marking
[2023-11-16T04:01:58.854+0000][7][gc,marking  ] GC(9) Concurrent Mark From Roots 10.842ms
[2023-11-16T04:01:58.854+0000][7][gc,marking  ] GC(9) Concurrent Preclean
[2023-11-16T04:01:58.855+0000][7][gc,marking  ] GC(9) Concurrent Preclean 0.150ms
[2023-11-16T04:01:58.855+0000][7][gc,start    ] GC(9) Pause Remark
[2023-11-16T04:01:58.867+0000][7][gc          ] GC(9) Pause Remark 25M->25M(512M) 12.253ms
[2023-11-16T04:01:58.867+0000][7][gc,cpu      ] GC(9) User=0.03s Sys=0.00s Real=0.01s
[2023-11-16T04:01:58.867+0000][7][safepoint   ] Safepoint "G1Concurrent", Time since last: 28817023 ns, Reaching safepoint: 112003 ns, At safepoint: 12374615 ns, Total: 12486618 ns
[2023-11-16T04:01:58.867+0000][7][gc,marking  ] GC(9) Concurrent Mark 23.613ms
[2023-11-16T04:01:58.867+0000][7][gc,marking  ] GC(9) Concurrent Rebuild Remembered Sets
[2023-11-16T04:01:58.867+0000][7][gc,marking  ] GC(9) Concurrent Rebuild Remembered Sets 0.005ms
[2023-11-16T04:01:58.867+0000][7][gc,start    ] GC(9) Pause Cleanup
[2023-11-16T04:01:58.867+0000][7][gc          ] GC(9) Pause Cleanup 25M->25M(512M) 0.028ms
[2023-11-16T04:01:58.867+0000][7][gc,cpu      ] GC(9) User=0.00s Sys=0.00s Real=0.00s
[2023-11-16T04:01:58.867+0000][7][safepoint   ] Safepoint "G1Concurrent", Time since last: 61288 ns, Reaching safepoint: 180485 ns, At safepoint: 82713 ns, Total: 263198 ns
[2023-11-16T04:01:58.867+0000][7][gc,marking  ] GC(9) Concurrent Cleanup for Next Mark
[2023-11-16T04:01:58.870+0000][7][gc,marking  ] GC(9) Concurrent Cleanup for Next Mark 2.754ms
[2023-11-16T04:01:58.870+0000][7][gc          ] GC(9) Concurrent Mark Cycle 42.207ms
[2023-11-16T04:01:59.868+0000][7][safepoint   ] Safepoint "Cleanup", Time since last: 1000095851 ns, Reaching safepoint: 265782 ns, At safepoint: 12405 ns, Total: 278187 ns
[2023-11-16T04:01:59.936+0000][7][safepoint   ] Safepoint "ICBufferFull", Time since last: 68419326 ns, Reaching safepoint: 54784 ns, At safepoint: 3471 ns, Total: 58255 ns
[2023-11-16T04:01:59.939+0000][7][safepoint   ] Safepoint "ICBufferFull", Time since last: 2929145 ns, Reaching safepoint: 73922 ns, At safepoint: 3410 ns, Total: 77332 ns
[2023-11-16T04:01:59.940+0000][7][safepoint   ] Safepoint "ICBufferFull", Time since last: 929491 ns, Reaching safepoint: 44343 ns, At safepoint: 2771 ns, Total: 47114 ns
[2023-11-16T04:02:00.002+0000][7][safepoint   ] Safepoint "ICBufferFull", Time since last: 62116544 ns, Reaching safepoint: 58488 ns, At safepoint: 3082 ns, Total: 61570 ns
[2023-11-16T04:02:00.004+0000][7][safepoint   ] Safepoint "ICBufferFull", Time since last: 1746464 ns, Reaching safepoint: 69620 ns, At safepoint: 3382 ns, Total: 73002 ns
[2023-11-16T04:02:00.158+0000][7][safepoint   ] Safepoint "ICBufferFull", Time since last: 153245951 ns, Reaching safepoint: 97181 ns, At safepoint: 5398 ns, Total: 102579 ns
[2023-11-16T04:02:00.173+0000][7][safepoint   ] Safepoint "ICBufferFull", Time since last: 15002945 ns, Reaching safepoint: 55937 ns, At safepoint: 3003 ns, Total: 58940 ns
[2023-11-16T04:02:00.205+0000][7][safepoint   ] Safepoint "ICBufferFull", Time since last: 32640397 ns, Reaching safepoint: 128628 ns, At safepoint: 8806 ns, Total: 137434 ns
[2023-11-16T04:02:00.469+0000][7][safepoint   ] Safepoint "ICBufferFull", Time since last: 262985939 ns, Reaching safepoint: 181671 ns, At safepoint: 4660 ns, Total: 186331 ns
[2023-11-16T04:02:00.470+0000][7][safepoint   ] Safepoint "ICBufferFull", Time since last: 1355943 ns, Reaching safepoint: 67096 ns, At safepoint: 3780 ns, Total: 70876 ns
[2023-11-16T04:02:00.471+0000][7][safepoint   ] Safepoint "ICBufferFull", Time since last: 1002550 ns, Reaching safepoint: 39738 ns, At safepoint: 5479 ns, Total: 45217 ns
[2023-11-16T04:02:00.523+0000][7][safepoint   ] Safepoint "ICBufferFull", Time since last: 51795209 ns, Reaching safepoint: 32592 ns, At safepoint: 4606 ns, Total: 37198 ns
[2023-11-16T04:02:00.524+0000][7][safepoint   ] Safepoint "ICBufferFull", Time since last: 1060203 ns, Reaching safepoint: 32776 ns, At safepoint: 3022 ns, Total: 35798 ns
[2023-11-16T04:02:00.749+0000][7][safepoint   ] Safepoint "ICBufferFull", Time since last: 225120216 ns, Reaching safepoint: 87669 ns, At safepoint: 4133 ns, Total: 91802 ns
[2023-11-16T04:02:01.837+0000][7][safepoint   ] Safepoint "Cleanup", Time since last: 1087952994 ns, Reaching safepoint: 201217 ns, At safepoint: 7237 ns, Total: 208454 ns
[2023-11-16T04:02:02.840+0000][7][safepoint   ] Safepoint "Cleanup", Time since last: 1001855760 ns, Reaching safepoint: 705069 ns, At safepoint: 10949 ns, Total: 716018 ns
[2023-11-16T04:02:03.842+0000][7][safepoint   ] Safepoint "Cleanup", Time since last: 1002030027 ns, Reaching safepoint: 152381 ns, At safepoint: 11093 ns, Total: 163474 ns
[2023-11-16T04:02:04.618+0000][7][gc,start    ] GC(10) Pause Young (Concurrent Start) (Metadata GC Threshold)
[2023-11-16T04:02:04.618+0000][7][gc,task     ] GC(10) Using 8 workers of 8 for evacuation
[2023-11-16T04:02:04.618+0000][7][gc,age      ] GC(10) Desired survivor size 20971520 bytes, new threshold 15 (max threshold 15)
[2023-11-16T04:02:04.676+0000][7][gc,age      ] GC(10) Age table with threshold 15 (max threshold 15)
[2023-11-16T04:02:04.676+0000][7][gc,age      ] GC(10) - age   1:   26727696 bytes,   26727696 total
[2023-11-16T04:02:04.676+0000][7][gc,age      ] GC(10) - age   2:     871304 bytes,   27599000 total
[2023-11-16T04:02:04.676+0000][7][gc,age      ] GC(10) - age   3:     741376 bytes,   28340376 total
[2023-11-16T04:02:04.676+0000][7][gc,age      ] GC(10) - age   4:    1701120 bytes,   30041496 total
[2023-11-16T04:02:04.677+0000][7][gc,age      ] GC(10) - age   5:     576136 bytes,   30617632 total
[2023-11-16T04:02:04.677+0000][7][gc,age      ] GC(10) - age   6:    3775152 bytes,   34392784 total
[2023-11-16T04:02:04.677+0000][7][gc,age      ] GC(10) - age   7:    3543800 bytes,   37936584 total
[2023-11-16T04:02:04.677+0000][7][gc,age      ] GC(10) - age   8:    1087424 bytes,   39024008 total
[2023-11-16T04:02:04.677+0000][7][gc,age      ] GC(10) - age   9:    2308688 bytes,   41332696 total
[2023-11-16T04:02:04.677+0000][7][gc,phases   ] GC(10)   Pre Evacuate Collection Set: 0.1ms
[2023-11-16T04:02:04.677+0000][7][gc,phases   ] GC(10)   Merge Heap Roots: 0.1ms
[2023-11-16T04:02:04.677+0000][7][gc,phases   ] GC(10)   Evacuate Collection Set: 50.7ms
[2023-11-16T04:02:04.677+0000][7][gc,phases   ] GC(10)   Post Evacuate Collection Set: 7.3ms
[2023-11-16T04:02:04.677+0000][7][gc,phases   ] GC(10)   Other: 0.3ms
[2023-11-16T04:02:04.677+0000][7][gc,heap     ] GC(10) Eden regions: 72->0(66)
[2023-11-16T04:02:04.677+0000][7][gc,heap     ] GC(10) Survivor regions: 4->10(10)
[2023-11-16T04:02:04.677+0000][7][gc,heap     ] GC(10) Old regions: 1->2
[2023-11-16T04:02:04.677+0000][7][gc,heap     ] GC(10) Archive regions: 2->2
[2023-11-16T04:02:04.677+0000][7][gc,heap     ] GC(10) Humongous regions: 0->0
[2023-11-16T04:02:04.677+0000][7][gc,metaspace] GC(10) Metaspace: 35235K(36096K)->35235K(36096K) NonClass: 30599K(31104K)->30599K(31104K) Class: 4636K(4992K)->4636K(4992K)
[2023-11-16T04:02:04.677+0000][7][gc          ] GC(10) Pause Young (Concurrent Start) (Metadata GC Threshold) 311M->48M(512M) 58.634ms
[2023-11-16T04:02:04.677+0000][7][gc,cpu      ] GC(10) User=0.18s Sys=0.00s Real=0.06s
[2023-11-16T04:02:04.677+0000][7][safepoint   ] Safepoint "CollectForMetadataAllocation", Time since last: 775759738 ns, Reaching safepoint: 157614 ns, At safepoint: 58834949 ns, Total: 58992563 ns
[2023-11-16T04:02:04.679+0000][7][gc          ] GC(11) Concurrent Mark Cycle
[2023-11-16T04:02:04.679+0000][7][gc,marking  ] GC(11) Concurrent Clear Claimed Marks
[2023-11-16T04:02:04.679+0000][7][gc,marking  ] GC(11) Concurrent Clear Claimed Marks 0.082ms
[2023-11-16T04:02:04.679+0000][7][gc,marking  ] GC(11) Concurrent Scan Root Regions
[2023-11-16T04:02:04.721+0000][7][gc,marking  ] GC(11) Concurrent Scan Root Regions 41.473ms
[2023-11-16T04:02:04.721+0000][7][gc,marking  ] GC(11) Concurrent Mark
[2023-11-16T04:02:04.721+0000][7][gc,marking  ] GC(11) Concurrent Mark From Roots
[2023-11-16T04:02:04.721+0000][7][gc,task     ] GC(11) Using 2 workers of 2 for marking
[2023-11-16T04:02:04.731+0000][7][gc,marking  ] GC(11) Concurrent Mark From Roots 10.144ms
[2023-11-16T04:02:04.731+0000][7][gc,marking  ] GC(11) Concurrent Preclean
[2023-11-16T04:02:04.731+0000][7][gc,marking  ] GC(11) Concurrent Preclean 0.105ms
[2023-11-16T04:02:04.743+0000][7][gc,start    ] GC(11) Pause Remark
[2023-11-16T04:02:04.752+0000][7][gc          ] GC(11) Pause Remark 50M->50M(512M) 9.722ms
[2023-11-16T04:02:04.752+0000][7][gc,cpu      ] GC(11) User=0.03s Sys=0.00s Real=0.01s
[2023-11-16T04:02:04.752+0000][7][safepoint   ] Safepoint "G1Concurrent", Time since last: 54439307 ns, Reaching safepoint: 11185144 ns, At safepoint: 9967367 ns, Total: 21152511 ns
[2023-11-16T04:02:04.753+0000][7][gc,marking  ] GC(11) Concurrent Mark 31.544ms
[2023-11-16T04:02:04.753+0000][7][gc,marking  ] GC(11) Concurrent Rebuild Remembered Sets
[2023-11-16T04:02:04.758+0000][7][gc,marking  ] GC(11) Concurrent Rebuild Remembered Sets 5.475ms
[2023-11-16T04:02:04.761+0000][7][gc,start    ] GC(11) Pause Cleanup
[2023-11-16T04:02:04.761+0000][7][gc          ] GC(11) Pause Cleanup 50M->50M(512M) 0.103ms
[2023-11-16T04:02:04.761+0000][7][gc,cpu      ] GC(11) User=0.00s Sys=0.00s Real=0.00s
[2023-11-16T04:02:04.761+0000][7][safepoint   ] Safepoint "G1Concurrent", Time since last: 5651280 ns, Reaching safepoint: 2713711 ns, At safepoint: 165069 ns, Total: 2878780 ns
[2023-11-16T04:02:04.762+0000][7][gc,marking  ] GC(11) Concurrent Cleanup for Next Mark
[2023-11-16T04:02:04.764+0000][7][gc,marking  ] GC(11) Concurrent Cleanup for Next Mark 1.678ms
[2023-11-16T04:02:04.764+0000][7][gc          ] GC(11) Concurrent Mark Cycle 84.629ms
[2023-11-16T04:02:05.761+0000][7][safepoint   ] Safepoint "Cleanup", Time since last: 1000105649 ns, Reaching safepoint: 124373 ns, At safepoint: 6126 ns, Total: 130499 ns
[2023-11-16T04:02:06.789+0000][7][safepoint   ] Safepoint "Cleanup", Time since last: 1027252322 ns, Reaching safepoint: 147382 ns, At safepoint: 5925 ns, Total: 153307 ns
[2023-11-16T04:02:08.175+0000][7][safepoint   ] Safepoint "Cleanup", Time since last: 1386031555 ns, Reaching safepoint: 178273 ns, At safepoint: 6136 ns, Total: 184409 ns
[2023-11-16T04:02:08.499+0000][7][gc,start    ] GC(12) Pause Young (Normal) (G1 Evacuation Pause)
[2023-11-16T04:02:08.499+0000][7][gc,task     ] GC(12) Using 8 workers of 8 for evacuation
[2023-11-16T04:02:08.499+0000][7][gc,age      ] GC(12) Desired survivor size 20971520 bytes, new threshold 1 (max threshold 15)
[2023-11-16T04:02:08.537+0000][7][gc,age      ] GC(12) Age table with threshold 1 (max threshold 15)
[2023-11-16T04:02:08.537+0000][7][gc,age      ] GC(12) - age   1:    5966696 bytes,    5966696 total
[2023-11-16T04:02:08.537+0000][7][gc,phases   ] GC(12)   Pre Evacuate Collection Set: 0.1ms
[2023-11-16T04:02:08.537+0000][7][gc,phases   ] GC(12)   Merge Heap Roots: 0.1ms
[2023-11-16T04:02:08.537+0000][7][gc,phases   ] GC(12)   Evacuate Collection Set: 36.4ms
[2023-11-16T04:02:08.537+0000][7][gc,phases   ] GC(12)   Post Evacuate Collection Set: 1.3ms
[2023-11-16T04:02:08.537+0000][7][gc,phases   ] GC(12)   Other: 0.2ms
[2023-11-16T04:02:08.537+0000][7][gc,heap     ] GC(12) Eden regions: 66->0(73)
[2023-11-16T04:02:08.537+0000][7][gc,heap     ] GC(12) Survivor regions: 10->3(10)
[2023-11-16T04:02:08.537+0000][7][gc,heap     ] GC(12) Old regions: 2->11
[2023-11-16T04:02:08.537+0000][7][gc,heap     ] GC(12) Archive regions: 2->2
[2023-11-16T04:02:08.537+0000][7][gc,heap     ] GC(12) Humongous regions: 0->0
[2023-11-16T04:02:08.537+0000][7][gc,metaspace] GC(12) Metaspace: 51563K(52736K)->51563K(52736K) NonClass: 44580K(45248K)->44580K(45248K) Class: 6983K(7488K)->6983K(7488K)
[2023-11-16T04:02:08.537+0000][7][gc          ] GC(12) Pause Young (Normal) (G1 Evacuation Pause) 312M->56M(512M) 37.929ms
[2023-11-16T04:02:08.537+0000][7][gc,cpu      ] GC(12) User=0.18s Sys=0.00s Real=0.04s
[2023-11-16T04:02:08.537+0000][7][safepoint   ] Safepoint "G1CollectForAllocation", Time since last: 324142362 ns, Reaching safepoint: 60731 ns, At safepoint: 37990633 ns, Total: 38051364 ns
[2023-11-16T04:02:09.594+0000][7][safepoint   ] Safepoint "Cleanup", Time since last: 1056967503 ns, Reaching safepoint: 77561 ns, At safepoint: 2440 ns, Total: 80001 ns
[2023-11-16T04:02:10.617+0000][7][safepoint   ] Safepoint "Cleanup", Time since last: 1022370398 ns, Reaching safepoint: 233587 ns, At safepoint: 3609 ns, Total: 237196 ns
[2023-11-16T04:02:11.617+0000][7][safepoint   ] Safepoint "Cleanup", Time since last: 1000104909 ns, Reaching safepoint: 199470 ns, At safepoint: 4552 ns, Total: 204022 ns
[2023-11-16T04:02:12.042+0000][7][gc,start    ] GC(13) Pause Young (Concurrent Start) (Metadata GC Threshold)
[2023-11-16T04:02:12.042+0000][7][gc,task     ] GC(13) Using 8 workers of 8 for evacuation
[2023-11-16T04:02:12.042+0000][7][gc,age      ] GC(13) Desired survivor size 20971520 bytes, new threshold 15 (max threshold 15)
[2023-11-16T04:02:12.071+0000][7][gc,age      ] GC(13) Age table with threshold 15 (max threshold 15)
[2023-11-16T04:02:12.071+0000][7][gc,age      ] GC(13) - age   1:    5502728 bytes,    5502728 total
[2023-11-16T04:02:12.071+0000][7][gc,age      ] GC(13) - age   2:    5817848 bytes,   11320576 total
[2023-11-16T04:02:12.071+0000][7][gc,phases   ] GC(13)   Pre Evacuate Collection Set: 0.2ms
[2023-11-16T04:02:12.071+0000][7][gc,phases   ] GC(13)   Merge Heap Roots: 0.1ms
[2023-11-16T04:02:12.071+0000][7][gc,phases   ] GC(13)   Evacuate Collection Set: 25.1ms
[2023-11-16T04:02:12.071+0000][7][gc,phases   ] GC(13)   Post Evacuate Collection Set: 3.5ms
[2023-11-16T04:02:12.071+0000][7][gc,phases   ] GC(13)   Other: 0.2ms
[2023-11-16T04:02:12.071+0000][7][gc,heap     ] GC(13) Eden regions: 53->0(73)
[2023-11-16T04:02:12.071+0000][7][gc,heap     ] GC(13) Survivor regions: 3->3(10)
[2023-11-16T04:02:12.071+0000][7][gc,heap     ] GC(13) Old regions: 11->11
[2023-11-16T04:02:12.071+0000][7][gc,heap     ] GC(13) Archive regions: 2->2
[2023-11-16T04:02:12.071+0000][7][gc,heap     ] GC(13) Humongous regions: 0->0
[2023-11-16T04:02:12.071+0000][7][gc,metaspace] GC(13) Metaspace: 59508K(60736K)->59508K(60736K) NonClass: 51428K(52160K)->51428K(52160K) Class: 8080K(8576K)->8080K(8576K)
[2023-11-16T04:02:12.071+0000][7][gc          ] GC(13) Pause Young (Concurrent Start) (Metadata GC Threshold) 268M->59M(512M) 29.140ms
[2023-11-16T04:02:12.071+0000][7][gc,cpu      ] GC(13) User=0.05s Sys=0.00s Real=0.03s
[2023-11-16T04:02:12.071+0000][7][gc          ] GC(14) Concurrent Mark Cycle
[2023-11-16T04:02:12.071+0000][7][gc,marking  ] GC(14) Concurrent Clear Claimed Marks
[2023-11-16T04:02:12.071+0000][7][safepoint   ] Safepoint "CollectForMetadataAllocation", Time since last: 424586999 ns, Reaching safepoint: 106999 ns, At safepoint: 29315794 ns, Total: 29422793 ns
[2023-11-16T04:02:12.071+0000][7][gc,marking  ] GC(14) Concurrent Clear Claimed Marks 0.121ms
[2023-11-16T04:02:12.071+0000][7][gc,marking  ] GC(14) Concurrent Scan Root Regions
[2023-11-16T04:02:12.082+0000][7][gc,marking  ] GC(14) Concurrent Scan Root Regions 10.873ms
[2023-11-16T04:02:12.082+0000][7][gc,marking  ] GC(14) Concurrent Mark
[2023-11-16T04:02:12.082+0000][7][gc,marking  ] GC(14) Concurrent Mark From Roots
[2023-11-16T04:02:12.082+0000][7][gc,task     ] GC(14) Using 2 workers of 2 for marking
[2023-11-16T04:02:12.148+0000][7][gc,marking  ] GC(14) Concurrent Mark From Roots 65.939ms
[2023-11-16T04:02:12.148+0000][7][gc,marking  ] GC(14) Concurrent Preclean
[2023-11-16T04:02:12.148+0000][7][gc,marking  ] GC(14) Concurrent Preclean 0.352ms
[2023-11-16T04:02:12.150+0000][7][gc,start    ] GC(14) Pause Remark
[2023-11-16T04:02:12.158+0000][7][gc          ] GC(14) Pause Remark 61M->61M(512M) 7.880ms
[2023-11-16T04:02:12.158+0000][7][gc,cpu      ] GC(14) User=0.02s Sys=0.00s Real=0.00s
[2023-11-16T04:02:12.158+0000][7][safepoint   ] Safepoint "G1Concurrent", Time since last: 77359913 ns, Reaching safepoint: 2018509 ns, At safepoint: 7990598 ns, Total: 10009107 ns
[2023-11-16T04:02:12.158+0000][7][gc,marking  ] GC(14) Concurrent Mark 76.435ms
[2023-11-16T04:02:12.158+0000][7][gc,marking  ] GC(14) Concurrent Rebuild Remembered Sets
[2023-11-16T04:02:12.158+0000][7][gc,marking  ] GC(14) Concurrent Rebuild Remembered Sets 0.007ms
[2023-11-16T04:02:12.159+0000][7][gc,start    ] GC(14) Pause Cleanup
[2023-11-16T04:02:12.159+0000][7][gc          ] GC(14) Pause Cleanup 61M->61M(512M) 0.048ms
[2023-11-16T04:02:12.159+0000][7][gc,cpu      ] GC(14) User=0.00s Sys=0.00s Real=0.00s
[2023-11-16T04:02:12.159+0000][7][safepoint   ] Safepoint "G1Concurrent", Time since last: 61817 ns, Reaching safepoint: 115986 ns, At safepoint: 78133 ns, Total: 194119 ns
[2023-11-16T04:02:12.159+0000][7][gc,marking  ] GC(14) Concurrent Cleanup for Next Mark
[2023-11-16T04:02:12.161+0000][7][gc,marking  ] GC(14) Concurrent Cleanup for Next Mark 2.647ms
[2023-11-16T04:02:12.161+0000][7][gc          ] GC(14) Concurrent Mark Cycle 90.525ms
[2023-11-16T04:02:13.258+0000][7][safepoint   ] Safepoint "Cleanup", Time since last: 1098221845 ns, Reaching safepoint: 752129 ns, At safepoint: 12162 ns, Total: 764291 ns
[2023-11-16T04:02:14.259+0000][7][safepoint   ] Safepoint "Cleanup", Time since last: 1001157066 ns, Reaching safepoint: 266488 ns, At safepoint: 5294 ns, Total: 271782 ns
[2023-11-16T04:02:15.262+0000][7][safepoint   ] Safepoint "Cleanup", Time since last: 1002613814 ns, Reaching safepoint: 67855 ns, At safepoint: 3227 ns, Total: 71082 ns
[2023-11-16T04:02:17.018+0000][7][safepoint   ] Safepoint "Cleanup", Time since last: 1755715487 ns, Reaching safepoint: 388231 ns, At safepoint: 13485 ns, Total: 401716 ns
[2023-11-16T04:02:18.645+0000][7][safepoint   ] Safepoint "Cleanup", Time since last: 1626597996 ns, Reaching safepoint: 129107 ns, At safepoint: 4554 ns, Total: 133661 ns
[2023-11-16T04:02:19.868+0000][7][safepoint   ] Safepoint "Cleanup", Time since last: 1219747439 ns, Reaching safepoint: 3922250 ns, At safepoint: 14208 ns, Total: 3936458 ns
[2023-11-16T04:02:21.270+0000][7][safepoint   ] Safepoint "Cleanup", Time since last: 1401654751 ns, Reaching safepoint: 302481 ns, At safepoint: 7191 ns, Total: 309672 ns
[2023-11-16T04:02:21.953+0000][7][safepoint   ] Safepoint "ICBufferFull", Time since last: 678971763 ns, Reaching safepoint: 3313464 ns, At safepoint: 15912 ns, Total: 3329376 ns
[2023-11-16T04:02:22.176+0000][7][safepoint   ] Safepoint "ICBufferFull", Time since last: 223055069 ns, Reaching safepoint: 354420 ns, At safepoint: 8913 ns, Total: 363333 ns
[2023-11-16T04:02:23.144+0000][7][safepoint   ] Safepoint "ICBufferFull", Time since last: 962741701 ns, Reaching safepoint: 4961751 ns, At safepoint: 22446 ns, Total: 4984197 ns
[2023-11-16T04:02:23.784+0000][7][gc,start    ] GC(15) Pause Young (Normal) (G1 Evacuation Pause)
[2023-11-16T04:02:23.785+0000][7][gc,task     ] GC(15) Using 8 workers of 8 for evacuation
[2023-11-16T04:02:23.785+0000][7][gc,age      ] GC(15) Desired survivor size 20971520 bytes, new threshold 15 (max threshold 15)
[2023-11-16T04:02:23.866+0000][7][gc,age      ] GC(15) Age table with threshold 15 (max threshold 15)
[2023-11-16T04:02:23.866+0000][7][gc,age      ] GC(15) - age   1:   13566992 bytes,   13566992 total
[2023-11-16T04:02:23.866+0000][7][gc,age      ] GC(15) - age   2:    5350712 bytes,   18917704 total
[2023-11-16T04:02:23.866+0000][7][gc,age      ] GC(15) - age   3:    5665664 bytes,   24583368 total
[2023-11-16T04:02:23.866+0000][7][gc,phases   ] GC(15)   Pre Evacuate Collection Set: 1.8ms
[2023-11-16T04:02:23.866+0000][7][gc,phases   ] GC(15)   Merge Heap Roots: 0.2ms
[2023-11-16T04:02:23.866+0000][7][gc,phases   ] GC(15)   Evacuate Collection Set: 72.1ms
[2023-11-16T04:02:23.866+0000][7][gc,phases   ] GC(15)   Post Evacuate Collection Set: 6.1ms
[2023-11-16T04:02:23.866+0000][7][gc,phases   ] GC(15)   Other: 2.1ms
[2023-11-16T04:02:23.866+0000][7][gc,heap     ] GC(15) Eden regions: 73->0(69)
[2023-11-16T04:02:23.866+0000][7][gc,heap     ] GC(15) Survivor regions: 3->7(10)
[2023-11-16T04:02:23.866+0000][7][gc,heap     ] GC(15) Old regions: 11->11
[2023-11-16T04:02:23.866+0000][7][gc,heap     ] GC(15) Archive regions: 2->2
[2023-11-16T04:02:23.866+0000][7][gc,heap     ] GC(15) Humongous regions: 0->0
[2023-11-16T04:02:23.866+0000][7][gc,metaspace] GC(15) Metaspace: 94171K(95680K)->94171K(95680K) NonClass: 80955K(81856K)->80955K(81856K) Class: 13215K(13824K)->13215K(13824K)
[2023-11-16T04:02:23.866+0000][7][gc          ] GC(15) Pause Young (Normal) (G1 Evacuation Pause) 351M->72M(512M) 81.979ms
[2023-11-16T04:02:23.866+0000][7][gc,cpu      ] GC(15) User=0.18s Sys=0.00s Real=0.08s
[2023-11-16T04:02:23.866+0000][7][safepoint   ] Safepoint "G1CollectForAllocation", Time since last: 639150632 ns, Reaching safepoint: 547396 ns, At safepoint: 82504159 ns, Total: 83051555 ns
[2023-11-16T04:02:25.049+0000][7][safepoint   ] Safepoint "ICBufferFull", Time since last: 1180567447 ns, Reaching safepoint: 2978445 ns, At safepoint: 21862 ns, Total: 3000307 ns
[2023-11-16T04:02:26.646+0000][7][safepoint   ] Safepoint "Cleanup", Time since last: 1596513087 ns, Reaching safepoint: 423977 ns, At safepoint: 15282 ns, Total: 439259 ns
[2023-11-16T04:02:26.951+0000][7][gc,start    ] GC(16) Pause Young (Concurrent Start) (Metadata GC Threshold)
[2023-11-16T04:02:26.951+0000][7][gc,task     ] GC(16) Using 8 workers of 8 for evacuation
[2023-11-16T04:02:26.951+0000][7][gc,age      ] GC(16) Desired survivor size 20971520 bytes, new threshold 3 (max threshold 15)
[2023-11-16T04:02:27.049+0000][7][gc,age      ] GC(16) Age table with threshold 3 (max threshold 15)
[2023-11-16T04:02:27.049+0000][7][gc,age      ] GC(16) - age   1:    8566920 bytes,    8566920 total
[2023-11-16T04:02:27.049+0000][7][gc,age      ] GC(16) - age   2:   13019288 bytes,   21586208 total
[2023-11-16T04:02:27.049+0000][7][gc,age      ] GC(16) - age   3:    5345168 bytes,   26931376 total
[2023-11-16T04:02:27.049+0000][7][gc,phases   ] GC(16)   Pre Evacuate Collection Set: 13.4ms
[2023-11-16T04:02:27.049+0000][7][gc,phases   ] GC(16)   Merge Heap Roots: 0.2ms
[2023-11-16T04:02:27.049+0000][7][gc,phases   ] GC(16)   Evacuate Collection Set: 79.2ms
[2023-11-16T04:02:27.049+0000][7][gc,phases   ] GC(16)   Post Evacuate Collection Set: 4.2ms
[2023-11-16T04:02:27.049+0000][7][gc,phases   ] GC(16)   Other: 1.2ms
[2023-11-16T04:02:27.049+0000][7][gc,heap     ] GC(16) Eden regions: 28->0(69)
[2023-11-16T04:02:27.049+0000][7][gc,heap     ] GC(16) Survivor regions: 7->7(10)
[2023-11-16T04:02:27.049+0000][7][gc,heap     ] GC(16) Old regions: 11->13
[2023-11-16T04:02:27.049+0000][7][gc,heap     ] GC(16) Archive regions: 2->2
[2023-11-16T04:02:27.049+0000][7][gc,heap     ] GC(16) Humongous regions: 5->5
[2023-11-16T04:02:27.049+0000][7][gc,metaspace] GC(16) Metaspace: 100178K(101696K)->100178K(101696K) NonClass: 86109K(86976K)->86109K(86976K) Class: 14069K(14720K)->14069K(14720K)
[2023-11-16T04:02:27.049+0000][7][gc          ] GC(16) Pause Young (Concurrent Start) (Metadata GC Threshold) 202M->100M(512M) 98.350ms
[2023-11-16T04:02:27.049+0000][7][gc,cpu      ] GC(16) User=0.12s Sys=0.00s Real=0.09s
[2023-11-16T04:02:27.049+0000][7][safepoint   ] Safepoint "CollectForMetadataAllocation", Time since last: 301125887 ns, Reaching safepoint: 3146147 ns, At safepoint: 98616987 ns, Total: 101763134 ns
[2023-11-16T04:02:27.051+0000][7][gc          ] GC(17) Concurrent Mark Cycle
[2023-11-16T04:02:27.051+0000][7][gc,marking  ] GC(17) Concurrent Clear Claimed Marks
[2023-11-16T04:02:27.051+0000][7][gc,marking  ] GC(17) Concurrent Clear Claimed Marks 0.426ms
[2023-11-16T04:02:27.051+0000][7][gc,marking  ] GC(17) Concurrent Scan Root Regions
[2023-11-16T04:02:27.104+0000][7][gc,marking  ] GC(17) Concurrent Scan Root Regions 52.932ms
[2023-11-16T04:02:27.104+0000][7][gc,marking  ] GC(17) Concurrent Mark
[2023-11-16T04:02:27.104+0000][7][gc,marking  ] GC(17) Concurrent Mark From Roots
[2023-11-16T04:02:27.104+0000][7][gc,task     ] GC(17) Using 2 workers of 2 for marking
[2023-11-16T04:02:27.304+0000][7][safepoint   ] Safepoint "CollectForMetadataAllocation", Time since last: 243378503 ns, Reaching safepoint: 11372228 ns, At safepoint: 103493 ns, Total: 11475721 ns
[2023-11-16T04:02:27.364+0000][7][gc,marking  ] GC(17) Concurrent Mark From Roots 259.913ms
[2023-11-16T04:02:27.364+0000][7][gc,marking  ] GC(17) Concurrent Preclean
[2023-11-16T04:02:27.367+0000][7][gc,marking  ] GC(17) Concurrent Preclean 3.151ms
[2023-11-16T04:02:27.368+0000][7][gc,start    ] GC(17) Pause Remark
[2023-11-16T04:02:27.402+0000][7][gc          ] GC(17) Pause Remark 108M->108M(512M) 33.923ms
[2023-11-16T04:02:27.402+0000][7][gc,cpu      ] GC(17) User=0.04s Sys=0.00s Real=0.04s
[2023-11-16T04:02:27.402+0000][7][safepoint   ] Safepoint "G1Concurrent", Time since last: 63676215 ns, Reaching safepoint: 175520 ns, At safepoint: 34182888 ns, Total: 34358408 ns
[2023-11-16T04:02:27.402+0000][7][gc,marking  ] GC(17) Concurrent Mark 297.891ms
[2023-11-16T04:02:27.402+0000][7][gc,marking  ] GC(17) Concurrent Rebuild Remembered Sets
[2023-11-16T04:02:27.464+0000][7][gc,marking  ] GC(17) Concurrent Rebuild Remembered Sets 62.172ms
[2023-11-16T04:02:27.465+0000][7][gc,start    ] GC(17) Pause Cleanup
[2023-11-16T04:02:27.465+0000][7][gc          ] GC(17) Pause Cleanup 111M->111M(512M) 0.086ms
[2023-11-16T04:02:27.465+0000][7][gc,cpu      ] GC(17) User=0.00s Sys=0.00s Real=0.00s
[2023-11-16T04:02:27.465+0000][7][safepoint   ] Safepoint "G1Concurrent", Time since last: 62304354 ns, Reaching safepoint: 66552 ns, At safepoint: 131254 ns, Total: 197806 ns
[2023-11-16T04:02:27.465+0000][7][gc,marking  ] GC(17) Concurrent Cleanup for Next Mark
[2023-11-16T04:02:27.477+0000][7][gc,marking  ] GC(17) Concurrent Cleanup for Next Mark 12.465ms
[2023-11-16T04:02:27.477+0000][7][gc          ] GC(17) Concurrent Mark Cycle 426.381ms
[2023-11-16T04:02:29.113+0000][7][safepoint   ] Safepoint "Cleanup", Time since last: 1637570811 ns, Reaching safepoint: 10544946 ns, At safepoint: 34511 ns, Total: 10579457 ns
[2023-11-16T04:02:30.720+0000][7][safepoint   ] Safepoint "Cleanup", Time since last: 1606376963 ns, Reaching safepoint: 1153222 ns, At safepoint: 16953 ns, Total: 1170175 ns
[2023-11-16T04:02:31.726+0000][7][safepoint   ] Safepoint "Cleanup", Time since last: 1002364268 ns, Reaching safepoint: 3340662 ns, At safepoint: 31914 ns, Total: 3372576 ns
[2023-11-16T04:02:32.363+0000][7][gc,start    ] GC(18) Pause Young (Concurrent Start) (G1 Evacuation Pause)
[2023-11-16T04:02:32.363+0000][7][gc,task     ] GC(18) Using 8 workers of 8 for evacuation
[2023-11-16T04:02:32.363+0000][7][gc,age      ] GC(18) Desired survivor size 20971520 bytes, new threshold 2 (max threshold 15)
[2023-11-16T04:02:32.520+0000][7][gc,age      ] GC(18) Age table with threshold 2 (max threshold 15)
[2023-11-16T04:02:32.520+0000][7][gc,age      ] GC(18) - age   1:   15554424 bytes,   15554424 total
[2023-11-16T04:02:32.520+0000][7][gc,age      ] GC(18) - age   2:    8127904 bytes,   23682328 total
[2023-11-16T04:02:32.520+0000][7][gc,phases   ] GC(18)   Pre Evacuate Collection Set: 0.2ms
[2023-11-16T04:02:32.520+0000][7][gc,phases   ] GC(18)   Merge Heap Roots: 0.3ms
[2023-11-16T04:02:32.520+0000][7][gc,phases   ] GC(18)   Evacuate Collection Set: 153.9ms
[2023-11-16T04:02:32.521+0000][7][gc,phases   ] GC(18)   Post Evacuate Collection Set: 2.9ms
[2023-11-16T04:02:32.521+0000][7][gc,phases   ] GC(18)   Other: 0.3ms
[2023-11-16T04:02:32.521+0000][7][gc,heap     ] GC(18) Eden regions: 69->0(67)
[2023-11-16T04:02:32.521+0000][7][gc,heap     ] GC(18) Survivor regions: 7->7(10)
[2023-11-16T04:02:32.521+0000][7][gc,heap     ] GC(18) Old regions: 13->17
[2023-11-16T04:02:32.521+0000][7][gc,heap     ] GC(18) Archive regions: 2->2
[2023-11-16T04:02:32.521+0000][7][gc,heap     ] GC(18) Humongous regions: 5->5
[2023-11-16T04:02:32.521+0000][7][gc,metaspace] GC(18) Metaspace: 104321K(105792K)->104321K(105792K) NonClass: 89711K(90560K)->89711K(90560K) Class: 14610K(15232K)->14610K(15232K)
[2023-11-16T04:02:32.521+0000][7][gc          ] GC(18) Pause Young (Concurrent Start) (G1 Evacuation Pause) 376M->117M(512M) 157.587ms
[2023-11-16T04:02:32.521+0000][7][gc,cpu      ] GC(18) User=0.13s Sys=0.07s Real=0.16s
[2023-11-16T04:02:32.521+0000][7][safepoint   ] Safepoint "G1CollectForAllocation", Time since last: 636727236 ns, Reaching safepoint: 91961 ns, At safepoint: 157730898 ns, Total: 157822859 ns
[2023-11-16T04:02:32.521+0000][7][gc          ] GC(19) Concurrent Mark Cycle
[2023-11-16T04:02:32.521+0000][7][gc,marking  ] GC(19) Concurrent Clear Claimed Marks
[2023-11-16T04:02:32.522+0000][7][gc,marking  ] GC(19) Concurrent Clear Claimed Marks 0.178ms
[2023-11-16T04:02:32.522+0000][7][gc,marking  ] GC(19) Concurrent Scan Root Regions
[2023-11-16T04:02:32.569+0000][7][gc,marking  ] GC(19) Concurrent Scan Root Regions 47.096ms
[2023-11-16T04:02:32.569+0000][7][gc,marking  ] GC(19) Concurrent Mark
[2023-11-16T04:02:32.569+0000][7][gc,marking  ] GC(19) Concurrent Mark From Roots
[2023-11-16T04:02:32.569+0000][7][gc,task     ] GC(19) Using 2 workers of 2 for marking
[2023-11-16T04:02:32.976+0000][7][gc,marking  ] GC(19) Concurrent Mark From Roots 407.650ms
[2023-11-16T04:02:32.976+0000][7][gc,marking  ] GC(19) Concurrent Preclean
[2023-11-16T04:02:32.977+0000][7][gc,marking  ] GC(19) Concurrent Preclean 0.161ms
[2023-11-16T04:02:32.977+0000][7][gc,start    ] GC(19) Pause Remark
[2023-11-16T04:02:33.007+0000][7][gc          ] GC(19) Pause Remark 130M->130M(512M) 29.789ms
[2023-11-16T04:02:33.007+0000][7][gc,cpu      ] GC(19) User=0.02s Sys=0.00s Real=0.03s
[2023-11-16T04:02:33.007+0000][7][safepoint   ] Safepoint "G1Concurrent", Time since last: 455974951 ns, Reaching safepoint: 361458 ns, At safepoint: 29897822 ns, Total: 30259280 ns
[2023-11-16T04:02:33.008+0000][7][gc,marking  ] GC(19) Concurrent Mark 438.887ms
[2023-11-16T04:02:33.008+0000][7][gc,marking  ] GC(19) Concurrent Rebuild Remembered Sets
[2023-11-16T04:02:33.292+0000][7][gc,marking  ] GC(19) Concurrent Rebuild Remembered Sets 283.950ms
[2023-11-16T04:02:33.292+0000][7][gc,start    ] GC(19) Pause Cleanup
[2023-11-16T04:02:33.292+0000][7][gc          ] GC(19) Pause Cleanup 134M->134M(512M) 0.076ms
[2023-11-16T04:02:33.292+0000][7][gc,cpu      ] GC(19) User=0.00s Sys=0.00s Real=0.00s
[2023-11-16T04:02:33.292+0000][7][safepoint   ] Safepoint "G1Concurrent", Time since last: 284764285 ns, Reaching safepoint: 48363 ns, At safepoint: 126922 ns, Total: 175285 ns
[2023-11-16T04:02:33.292+0000][7][gc,marking  ] GC(19) Concurrent Cleanup for Next Mark
[2023-11-16T04:02:33.303+0000][7][gc,marking  ] GC(19) Concurrent Cleanup for Next Mark 11.594ms
[2023-11-16T04:02:33.304+0000][7][gc          ] GC(19) Concurrent Mark Cycle 782.150ms
[2023-11-16T04:02:34.293+0000][7][safepoint   ] Safepoint "Cleanup", Time since last: 1000101569 ns, Reaching safepoint: 540341 ns, At safepoint: 13847 ns, Total: 554188 ns
[2023-11-16T04:02:35.293+0000][7][safepoint   ] Safepoint "Cleanup", Time since last: 1000138179 ns, Reaching safepoint: 144523 ns, At safepoint: 6369 ns, Total: 150892 ns
[2023-11-16T04:02:36.389+0000][7][safepoint   ] Safepoint "ICBufferFull", Time since last: 1096319794 ns, Reaching safepoint: 218838 ns, At safepoint: 8327 ns, Total: 227165 ns
[2023-11-16T04:02:36.904+0000][7][safepoint   ] Safepoint "ICBufferFull", Time since last: 513433116 ns, Reaching safepoint: 1334735 ns, At safepoint: 24676 ns, Total: 1359411 ns
[2023-11-16T04:02:36.912+0000][7][safepoint   ] Safepoint "ICBufferFull", Time since last: 7849870 ns, Reaching safepoint: 116525 ns, At safepoint: 15646 ns, Total: 132171 ns
[2023-11-16T04:02:37.238+0000][7][safepoint   ] Safepoint "ICBufferFull", Time since last: 326021105 ns, Reaching safepoint: 178340 ns, At safepoint: 8192 ns, Total: 186532 ns
[2023-11-16T04:02:38.662+0000][7][safepoint   ] Safepoint "ICBufferFull", Time since last: 1423810984 ns, Reaching safepoint: 164592 ns, At safepoint: 13401 ns, Total: 177993 ns
[2023-11-16T04:02:39.019+0000][7][gc,start    ] GC(20) Pause Young (Normal) (G1 Evacuation Pause)
[2023-11-16T04:02:39.019+0000][7][gc,task     ] GC(20) Using 8 workers of 8 for evacuation
[2023-11-16T04:02:39.019+0000][7][gc,age      ] GC(20) Desired survivor size 20971520 bytes, new threshold 2 (max threshold 15)
[2023-11-16T04:02:39.080+0000][7][gc,age      ] GC(20) Age table with threshold 2 (max threshold 15)
[2023-11-16T04:02:39.080+0000][7][gc,age      ] GC(20) - age   1:    9988552 bytes,    9988552 total
[2023-11-16T04:02:39.080+0000][7][gc,age      ] GC(20) - age   2:    8437504 bytes,   18426056 total
[2023-11-16T04:02:39.081+0000][7][gc,phases   ] GC(20)   Pre Evacuate Collection Set: 0.1ms
[2023-11-16T04:02:39.081+0000][7][gc,phases   ] GC(20)   Merge Heap Roots: 0.1ms
[2023-11-16T04:02:39.081+0000][7][gc,phases   ] GC(20)   Evacuate Collection Set: 58.1ms
[2023-11-16T04:02:39.081+0000][7][gc,phases   ] GC(20)   Post Evacuate Collection Set: 3.1ms
[2023-11-16T04:02:39.081+0000][7][gc,phases   ] GC(20)   Other: 0.3ms
[2023-11-16T04:02:39.081+0000][7][gc,heap     ] GC(20) Eden regions: 67->0(67)
[2023-11-16T04:02:39.081+0000][7][gc,heap     ] GC(20) Survivor regions: 7->5(10)
[2023-11-16T04:02:39.081+0000][7][gc,heap     ] GC(20) Old regions: 17->19
[2023-11-16T04:02:39.081+0000][7][gc,heap     ] GC(20) Archive regions: 2->2
[2023-11-16T04:02:39.081+0000][7][gc,heap     ] GC(20) Humongous regions: 5->5
[2023-11-16T04:02:39.081+0000][7][gc,metaspace] GC(20) Metaspace: 107166K(108672K)->107166K(108672K) NonClass: 92255K(93120K)->92255K(93120K) Class: 14911K(15552K)->14911K(15552K)
[2023-11-16T04:02:39.081+0000][7][gc          ] GC(20) Pause Young (Normal) (G1 Evacuation Pause) 385M->119M(512M) 61.939ms
[2023-11-16T04:02:39.081+0000][7][gc,cpu      ] GC(20) User=0.11s Sys=0.01s Real=0.07s
[2023-11-16T04:02:39.081+0000][7][safepoint   ] Safepoint "G1CollectForAllocation", Time since last: 356353872 ns, Reaching safepoint: 69112 ns, At safepoint: 62050109 ns, Total: 62119221 ns
[2023-11-16T04:02:40.081+0000][7][safepoint   ] Safepoint "Cleanup", Time since last: 1000094283 ns, Reaching safepoint: 124100 ns, At safepoint: 6375 ns, Total: 130475 ns
[2023-11-16T04:02:41.081+0000][7][safepoint   ] Safepoint "Cleanup", Time since last: 1000115837 ns, Reaching safepoint: 147842 ns, At safepoint: 10087 ns, Total: 157929 ns
[2023-11-16T04:02:42.082+0000][7][safepoint   ] Safepoint "Cleanup", Time since last: 1000114466 ns, Reaching safepoint: 128157 ns, At safepoint: 3458 ns, Total: 131615 ns
[2023-11-16T04:02:42.351+0000][7][gc,start    ] GC(21) Pause Young (Normal) (G1 Evacuation Pause)
[2023-11-16T04:02:42.351+0000][7][gc,task     ] GC(21) Using 8 workers of 8 for evacuation
[2023-11-16T04:02:42.351+0000][7][gc,age      ] GC(21) Desired survivor size 18874368 bytes, new threshold 15 (max threshold 15)
[2023-11-16T04:02:42.366+0000][7][gc,age      ] GC(21) Age table with threshold 15 (max threshold 15)
[2023-11-16T04:02:42.366+0000][7][gc,age      ] GC(21) - age   1:    2205296 bytes,    2205296 total
[2023-11-16T04:02:42.366+0000][7][gc,age      ] GC(21) - age   2:    6184336 bytes,    8389632 total
[2023-11-16T04:02:42.366+0000][7][gc,age      ] GC(21) - age   3:    8436008 bytes,   16825640 total
[2023-11-16T04:02:42.366+0000][7][gc,phases   ] GC(21)   Pre Evacuate Collection Set: 0.1ms
[2023-11-16T04:02:42.366+0000][7][gc,phases   ] GC(21)   Merge Heap Roots: 0.1ms
[2023-11-16T04:02:42.366+0000][7][gc,phases   ] GC(21)   Evacuate Collection Set: 13.7ms
[2023-11-16T04:02:42.366+0000][7][gc,phases   ] GC(21)   Post Evacuate Collection Set: 0.8ms
[2023-11-16T04:02:42.366+0000][7][gc,phases   ] GC(21)   Other: 0.2ms
[2023-11-16T04:02:42.366+0000][7][gc,heap     ] GC(21) Eden regions: 67->0(69)
[2023-11-16T04:02:42.366+0000][7][gc,heap     ] GC(21) Survivor regions: 5->5(9)
[2023-11-16T04:02:42.366+0000][7][gc,heap     ] GC(21) Old regions: 19->19
[2023-11-16T04:02:42.366+0000][7][gc,heap     ] GC(21) Archive regions: 2->2
[2023-11-16T04:02:42.366+0000][7][gc,heap     ] GC(21) Humongous regions: 5->5
[2023-11-16T04:02:42.366+0000][7][gc,metaspace] GC(21) Metaspace: 107579K(109120K)->107579K(109120K) NonClass: 92662K(93568K)->92662K(93568K) Class: 14917K(15552K)->14917K(15552K)
[2023-11-16T04:02:42.366+0000][7][gc          ] GC(21) Pause Young (Normal) (G1 Evacuation Pause) 386M->117M(512M) 14.877ms
[2023-11-16T04:02:42.366+0000][7][gc,cpu      ] GC(21) User=0.05s Sys=0.00s Real=0.01s
[2023-11-16T04:02:42.366+0000][7][safepoint   ] Safepoint "G1CollectForAllocation", Time since last: 269314113 ns, Reaching safepoint: 78504 ns, At safepoint: 14985617 ns, Total: 15064121 ns
[2023-11-16T04:02:42.990+0000][7][safepoint   ] Safepoint "ICBufferFull", Time since last: 622670749 ns, Reaching safepoint: 927552 ns, At safepoint: 19347 ns, Total: 946899 ns
[2023-11-16T04:02:42.991+0000][7][safepoint   ] Safepoint "ICBufferFull", Time since last: 1246977 ns, Reaching safepoint: 81497 ns, At safepoint: 4456 ns, Total: 85953 ns
[2023-11-16T04:02:44.319+0000][7][safepoint   ] Safepoint "ICBufferFull", Time since last: 1328112901 ns, Reaching safepoint: 419464 ns, At safepoint: 5365 ns, Total: 424829 ns
[2023-11-16T04:02:45.320+0000][7][safepoint   ] Safepoint "Cleanup", Time since last: 1000176155 ns, Reaching safepoint: 212708 ns, At safepoint: 7026 ns, Total: 219734 ns
[2023-11-16T04:02:45.610+0000][7][safepoint   ] Safepoint "ICBufferFull", Time since last: 289694654 ns, Reaching safepoint: 146238 ns, At safepoint: 5805 ns, Total: 152043 ns
[2023-11-16T04:02:45.847+0000][7][safepoint   ] Safepoint "ICBufferFull", Time since last: 237035046 ns, Reaching safepoint: 225714 ns, At safepoint: 20894 ns, Total: 246608 ns
[2023-11-16T04:02:46.847+0000][7][safepoint   ] Safepoint "Cleanup", Time since last: 1000183803 ns, Reaching safepoint: 112155 ns, At safepoint: 7955 ns, Total: 120110 ns
[2023-11-16T04:02:48.474+0000][7][safepoint   ] Safepoint "Cleanup", Time since last: 1626486238 ns, Reaching safepoint: 60357 ns, At safepoint: 8010 ns, Total: 68367 ns
[2023-11-16T04:02:49.182+0000][7][safepoint   ] Safepoint "ICBufferFull", Time since last: 708086076 ns, Reaching safepoint: 173938 ns, At safepoint: 13317 ns, Total: 187255 ns
[2023-11-16T04:02:50.182+0000][7][safepoint   ] Safepoint "Cleanup", Time since last: 1000114174 ns, Reaching safepoint: 57452 ns, At safepoint: 3683 ns, Total: 61135 ns
[2023-11-16T04:02:51.182+0000][7][safepoint   ] Safepoint "Cleanup", Time since last: 1000144266 ns, Reaching safepoint: 32627 ns, At safepoint: 3716 ns, Total: 36343 ns
[2023-11-16T04:02:52.183+0000][7][safepoint   ] Safepoint "Cleanup", Time since last: 1000142989 ns, Reaching safepoint: 89172 ns, At safepoint: 6405 ns, Total: 95577 ns
[2023-11-16T04:02:53.078+0000][7][safepoint   ] Safepoint "ICBufferFull", Time since last: 894949493 ns, Reaching safepoint: 153841 ns, At safepoint: 5769 ns, Total: 159610 ns
[2023-11-16T04:02:54.078+0000][7][safepoint   ] Safepoint "Cleanup", Time since last: 1000144555 ns, Reaching safepoint: 105105 ns, At safepoint: 6752 ns, Total: 111857 ns
[2023-11-16T04:02:55.078+0000][7][safepoint   ] Safepoint "Cleanup", Time since last: 1000125399 ns, Reaching safepoint: 162741 ns, At safepoint: 31852 ns, Total: 194593 ns
[2023-11-16T04:02:56.079+0000][7][safepoint   ] Safepoint "Cleanup", Time since last: 1000196606 ns, Reaching safepoint: 57360 ns, At safepoint: 5207 ns, Total: 62567 ns
[2023-11-16T04:02:57.079+0000][7][safepoint   ] Safepoint "Cleanup", Time since last: 1000116479 ns, Reaching safepoint: 43146 ns, At safepoint: 3049 ns, Total: 46195 ns
[2023-11-16T04:02:57.600+0000][7][gc,start    ] GC(22) Pause Young (Normal) (G1 Evacuation Pause)
[2023-11-16T04:02:57.600+0000][7][gc,task     ] GC(22) Using 8 workers of 8 for evacuation
[2023-11-16T04:02:57.600+0000][7][gc,age      ] GC(22) Desired survivor size 20971520 bytes, new threshold 15 (max threshold 15)
[2023-11-16T04:02:57.632+0000][7][gc,age      ] GC(22) Age table with threshold 15 (max threshold 15)
[2023-11-16T04:02:57.632+0000][7][gc,age      ] GC(22) - age   1:    4920056 bytes,    4920056 total
[2023-11-16T04:02:57.632+0000][7][gc,age      ] GC(22) - age   2:     467088 bytes,    5387144 total
[2023-11-16T04:02:57.632+0000][7][gc,age      ] GC(22) - age   3:    5871568 bytes,   11258712 total
[2023-11-16T04:02:57.632+0000][7][gc,age      ] GC(22) - age   4:    8403160 bytes,   19661872 total
[2023-11-16T04:02:57.632+0000][7][gc,phases   ] GC(22)   Pre Evacuate Collection Set: 0.1ms
[2023-11-16T04:02:57.632+0000][7][gc,phases   ] GC(22)   Merge Heap Roots: 0.2ms
[2023-11-16T04:02:57.632+0000][7][gc,phases   ] GC(22)   Evacuate Collection Set: 27.1ms
[2023-11-16T04:02:57.632+0000][7][gc,phases   ] GC(22)   Post Evacuate Collection Set: 4.1ms
[2023-11-16T04:02:57.632+0000][7][gc,phases   ] GC(22)   Other: 0.3ms
[2023-11-16T04:02:57.632+0000][7][gc,heap     ] GC(22) Eden regions: 69->0(68)
[2023-11-16T04:02:57.632+0000][7][gc,heap     ] GC(22) Survivor regions: 5->6(10)
[2023-11-16T04:02:57.632+0000][7][gc,heap     ] GC(22) Old regions: 19->19
[2023-11-16T04:02:57.632+0000][7][gc,heap     ] GC(22) Archive regions: 2->2
[2023-11-16T04:02:57.632+0000][7][gc,heap     ] GC(22) Humongous regions: 5->5
[2023-11-16T04:02:57.632+0000][7][gc,metaspace] GC(22) Metaspace: 111339K(112960K)->111339K(112960K) NonClass: 95926K(96896K)->95926K(96896K) Class: 15413K(16064K)->15413K(16064K)
[2023-11-16T04:02:57.632+0000][7][gc          ] GC(22) Pause Young (Normal) (G1 Evacuation Pause) 393M->120M(512M) 31.902ms
[2023-11-16T04:02:57.632+0000][7][gc,cpu      ] GC(22) User=0.08s Sys=0.00s Real=0.03s
[2023-11-16T04:02:57.632+0000][7][safepoint   ] Safepoint "G1CollectForAllocation", Time since last: 518655429 ns, Reaching safepoint: 2585812 ns, At safepoint: 32071249 ns, Total: 34657061 ns
[2023-11-16T04:02:58.632+0000][7][safepoint   ] Safepoint "Cleanup", Time since last: 1000111618 ns, Reaching safepoint: 67272 ns, At safepoint: 5763 ns, Total: 73035 ns
[2023-11-16T04:02:59.632+0000][7][safepoint   ] Safepoint "Cleanup", Time since last: 1000142808 ns, Reaching safepoint: 46878 ns, At safepoint: 4583 ns, Total: 51461 ns
[2023-11-16T04:03:00.633+0000][7][safepoint   ] Safepoint "Cleanup", Time since last: 1000084052 ns, Reaching safepoint: 71416 ns, At safepoint: 5369 ns, Total: 76785 ns
[2023-11-16T04:03:01.633+0000][7][safepoint   ] Safepoint "Cleanup", Time since last: 1000105386 ns, Reaching safepoint: 35448 ns, At safepoint: 3977 ns, Total: 39425 ns
[2023-11-16T04:03:02.633+0000][7][safepoint   ] Safepoint "Cleanup", Time since last: 1000097866 ns, Reaching safepoint: 57410 ns, At safepoint: 6538 ns, Total: 63948 ns
[2023-11-16T04:03:03.622+0000][7][safepoint   ] Safepoint "ICBufferFull", Time since last: 987265847 ns, Reaching safepoint: 1443703 ns, At safepoint: 11413 ns, Total: 1455116 ns
[2023-11-16T04:03:04.622+0000][7][safepoint   ] Safepoint "Cleanup", Time since last: 1000165205 ns, Reaching safepoint: 145404 ns, At safepoint: 5362 ns, Total: 150766 ns
[2023-11-16T04:03:05.622+0000][7][safepoint   ] Safepoint "Cleanup", Time since last: 1000152291 ns, Reaching safepoint: 136897 ns, At safepoint: 8943 ns, Total: 145840 ns
[2023-11-16T04:03:06.623+0000][7][safepoint   ] Safepoint "Cleanup", Time since last: 1000163219 ns, Reaching safepoint: 323048 ns, At safepoint: 27467 ns, Total: 350515 ns
[2023-11-16T04:03:07.623+0000][7][safepoint   ] Safepoint "Cleanup", Time since last: 1000542079 ns, Reaching safepoint: 82179 ns, At safepoint: 8278 ns, Total: 90457 ns
[2023-11-16T04:03:09.624+0000][7][safepoint   ] Safepoint "Cleanup", Time since last: 2000241721 ns, Reaching safepoint: 341383 ns, At safepoint: 15896 ns, Total: 357279 ns
[2023-11-16T04:03:10.624+0000][7][safepoint   ] Safepoint "Cleanup", Time since last: 1000150186 ns, Reaching safepoint: 194103 ns, At safepoint: 5000 ns, Total: 199103 ns
[2023-11-16T04:03:11.625+0000][7][safepoint   ] Safepoint "Cleanup", Time since last: 1000622486 ns, Reaching safepoint: 187829 ns, At safepoint: 8088 ns, Total: 195917 ns
[2023-11-16T04:03:12.626+0000][7][safepoint   ] Safepoint "Cleanup", Time since last: 1000103588 ns, Reaching safepoint: 226200 ns, At safepoint: 11207 ns, Total: 237407 ns
[2023-11-16T04:03:13.626+0000][7][safepoint   ] Safepoint "Cleanup", Time since last: 1000140144 ns, Reaching safepoint: 314131 ns, At safepoint: 22473 ns, Total: 336604 ns
[2023-11-16T04:03:14.627+0000][7][safepoint   ] Safepoint "Cleanup", Time since last: 1000496254 ns, Reaching safepoint: 125101 ns, At safepoint: 4754 ns, Total: 129855 ns
[2023-11-16T04:03:15.628+0000][7][safepoint   ] Safepoint "Cleanup", Time since last: 1000125323 ns, Reaching safepoint: 1087670 ns, At safepoint: 72001 ns, Total: 1159671 ns
[2023-11-16T04:03:15.914+0000][7][safepoint   ] Safepoint "ICBufferFull", Time since last: 285721308 ns, Reaching safepoint: 401541 ns, At safepoint: 9057 ns, Total: 410598 ns
[2023-11-16T04:03:17.362+0000][7][safepoint   ] Safepoint "Cleanup", Time since last: 1446888627 ns, Reaching safepoint: 1008508 ns, At safepoint: 48995 ns, Total: 1057503 ns
[2023-11-16T04:03:18.363+0000][7][safepoint   ] Safepoint "Cleanup", Time since last: 1000338403 ns, Reaching safepoint: 556249 ns, At safepoint: 68843 ns, Total: 625092 ns
[2023-11-16T04:03:19.363+0000][7][safepoint   ] Safepoint "Cleanup", Time since last: 1000196960 ns, Reaching safepoint: 111066 ns, At safepoint: 8325 ns, Total: 119391 ns
[2023-11-16T04:03:20.364+0000][7][safepoint   ] Safepoint "Cleanup", Time since last: 1000137467 ns, Reaching safepoint: 125220 ns, At safepoint: 8848 ns, Total: 134068 ns
[2023-11-16T04:03:21.364+0000][7][safepoint   ] Safepoint "Cleanup", Time since last: 1000101109 ns, Reaching safepoint: 229058 ns, At safepoint: 19614 ns, Total: 248672 ns
[2023-11-16T04:03:22.322+0000][7][safepoint   ] Safepoint "ICBufferFull", Time since last: 957877445 ns, Reaching safepoint: 231219 ns, At safepoint: 10327 ns, Total: 241546 ns
[2023-11-16T04:03:23.324+0000][7][safepoint   ] Safepoint "Cleanup", Time since last: 1001144173 ns, Reaching safepoint: 566740 ns, At safepoint: 16584 ns, Total: 583324 ns
[2023-11-16T04:03:24.325+0000][7][safepoint   ] Safepoint "Cleanup", Time since last: 1000597476 ns, Reaching safepoint: 966161 ns, At safepoint: 14114 ns, Total: 980275 ns
[2023-11-16T04:03:25.326+0000][7][safepoint   ] Safepoint "Cleanup", Time since last: 1000124719 ns, Reaching safepoint: 143906 ns, At safepoint: 12321 ns, Total: 156227 ns
[2023-11-16T04:03:26.326+0000][7][safepoint   ] Safepoint "Cleanup", Time since last: 1000122302 ns, Reaching safepoint: 133188 ns, At safepoint: 33357 ns, Total: 166545 ns
[2023-11-16T04:03:27.326+0000][7][safepoint   ] Safepoint "Cleanup", Time since last: 1000122925 ns, Reaching safepoint: 67103 ns, At safepoint: 6118 ns, Total: 73221 ns
[2023-11-16T04:03:27.571+0000][7][gc,start    ] GC(23) Pause Young (Normal) (G1 Evacuation Pause)
[2023-11-16T04:03:27.571+0000][7][gc,task     ] GC(23) Using 8 workers of 8 for evacuation
[2023-11-16T04:03:27.571+0000][7][gc,age      ] GC(23) Desired survivor size 20971520 bytes, new threshold 15 (max threshold 15)
[2023-11-16T04:03:27.597+0000][7][gc,age      ] GC(23) Age table with threshold 15 (max threshold 15)
[2023-11-16T04:03:27.597+0000][7][gc,age      ] GC(23) - age   1:    3151816 bytes,    3151816 total
[2023-11-16T04:03:27.597+0000][7][gc,age      ] GC(23) - age   2:    3669368 bytes,    6821184 total
[2023-11-16T04:03:27.597+0000][7][gc,age      ] GC(23) - age   3:     464056 bytes,    7285240 total
[2023-11-16T04:03:27.597+0000][7][gc,age      ] GC(23) - age   4:    5870848 bytes,   13156088 total
[2023-11-16T04:03:27.597+0000][7][gc,age      ] GC(23) - age   5:    8327152 bytes,   21483240 total
[2023-11-16T04:03:27.597+0000][7][gc,phases   ] GC(23)   Pre Evacuate Collection Set: 0.1ms
[2023-11-16T04:03:27.597+0000][7][gc,phases   ] GC(23)   Merge Heap Roots: 0.2ms
[2023-11-16T04:03:27.597+0000][7][gc,phases   ] GC(23)   Evacuate Collection Set: 22.9ms
[2023-11-16T04:03:27.597+0000][7][gc,phases   ] GC(23)   Post Evacuate Collection Set: 2.4ms
[2023-11-16T04:03:27.597+0000][7][gc,phases   ] GC(23)   Other: 0.3ms
[2023-11-16T04:03:27.597+0000][7][gc,heap     ] GC(23) Eden regions: 68->0(69)
[2023-11-16T04:03:27.597+0000][7][gc,heap     ] GC(23) Survivor regions: 6->6(10)
[2023-11-16T04:03:27.597+0000][7][gc,heap     ] GC(23) Old regions: 19->19
[2023-11-16T04:03:27.597+0000][7][gc,heap     ] GC(23) Archive regions: 2->2
[2023-11-16T04:03:27.597+0000][7][gc,heap     ] GC(23) Humongous regions: 5->5
[2023-11-16T04:03:27.597+0000][7][gc,metaspace] GC(23) Metaspace: 113209K(114752K)->113209K(114752K) NonClass: 97789K(98688K)->97789K(98688K) Class: 15419K(16064K)->15419K(16064K)
[2023-11-16T04:03:27.597+0000][7][gc          ] GC(23) Pause Young (Normal) (G1 Evacuation Pause) 392M->122M(512M) 25.947ms
[2023-11-16T04:03:27.597+0000][7][gc,cpu      ] GC(23) User=0.07s Sys=0.00s Real=0.02s
[2023-11-16T04:03:27.597+0000][7][safepoint   ] Safepoint "G1CollectForAllocation", Time since last: 244559336 ns, Reaching safepoint: 136485 ns, At safepoint: 26049599 ns, Total: 26186084 ns
[2023-11-16T04:03:28.502+0000][7][safepoint   ] Safepoint "ICBufferFull", Time since last: 904921430 ns, Reaching safepoint: 229268 ns, At safepoint: 11178 ns, Total: 240446 ns
[2023-11-16T04:03:30.253+0000][7][safepoint   ] Safepoint "Cleanup", Time since last: 1751001803 ns, Reaching safepoint: 140377 ns, At safepoint: 4171 ns, Total: 144548 ns
[2023-11-16T04:03:31.253+0000][7][safepoint   ] Safepoint "Cleanup", Time since last: 1000115987 ns, Reaching safepoint: 59533 ns, At safepoint: 10388 ns, Total: 69921 ns
[2023-11-16T04:03:32.254+0000][7][safepoint   ] Safepoint "Cleanup", Time since last: 1000115057 ns, Reaching safepoint: 71760 ns, At safepoint: 4200 ns, Total: 75960 ns
[2023-11-16T04:03:33.254+0000][7][safepoint   ] Safepoint "Cleanup", Time since last: 1000117868 ns, Reaching safepoint: 81172 ns, At safepoint: 3636 ns, Total: 84808 ns
[2023-11-16T04:03:34.254+0000][7][safepoint   ] Safepoint "Cleanup", Time since last: 1000107203 ns, Reaching safepoint: 128266 ns, At safepoint: 6759 ns, Total: 135025 ns
[2023-11-16T04:03:35.254+0000][7][safepoint   ] Safepoint "Cleanup", Time since last: 1000140468 ns, Reaching safepoint: 157238 ns, At safepoint: 13276 ns, Total: 170514 ns
[2023-11-16T04:03:36.255+0000][7][safepoint   ] Safepoint "Cleanup", Time since last: 1000197075 ns, Reaching safepoint: 62615 ns, At safepoint: 9401 ns, Total: 72016 ns
[2023-11-16T04:03:37.257+0000][7][safepoint   ] Safepoint "Cleanup", Time since last: 1002042071 ns, Reaching safepoint: 115675 ns, At safepoint: 4114 ns, Total: 119789 ns
[2023-11-16T04:03:38.262+0000][7][safepoint   ] Safepoint "Cleanup", Time since last: 1003768332 ns, Reaching safepoint: 1706621 ns, At safepoint: 29578 ns, Total: 1736199 ns
[2023-11-16T04:03:39.262+0000][7][safepoint   ] Safepoint "Cleanup", Time since last: 1000134319 ns, Reaching safepoint: 157280 ns, At safepoint: 7957 ns, Total: 165237 ns
[2023-11-16T04:03:40.266+0000][7][safepoint   ] Safepoint "Cleanup", Time since last: 1002015143 ns, Reaching safepoint: 1142876 ns, At safepoint: 21594 ns, Total: 1164470 ns
[2023-11-16T04:03:41.266+0000][7][safepoint   ] Safepoint "Cleanup", Time since last: 1000132807 ns, Reaching safepoint: 124434 ns, At safepoint: 11693 ns, Total: 136127 ns
[2023-11-16T04:03:42.266+0000][7][safepoint   ] Safepoint "Cleanup", Time since last: 1000121522 ns, Reaching safepoint: 93881 ns, At safepoint: 8172 ns, Total: 102053 ns
[2023-11-16T04:03:43.266+0000][7][safepoint   ] Safepoint "Cleanup", Time since last: 1000140725 ns, Reaching safepoint: 125546 ns, At safepoint: 7495 ns, Total: 133041 ns
[2023-11-16T04:03:44.267+0000][7][safepoint   ] Safepoint "Cleanup", Time since last: 1000099878 ns, Reaching safepoint: 51145 ns, At safepoint: 6982 ns, Total: 58127 ns
[2023-11-16T04:03:45.267+0000][7][safepoint   ] Safepoint "Cleanup", Time since last: 1000109250 ns, Reaching safepoint: 32195 ns, At safepoint: 4184 ns, Total: 36379 ns
[2023-11-16T04:03:46.267+0000][7][safepoint   ] Safepoint "Cleanup", Time since last: 1000126136 ns, Reaching safepoint: 131993 ns, At safepoint: 8917 ns, Total: 140910 ns
[2023-11-16T04:03:46.403+0000][7][gc,start    ] GC(24) Pause Young (Normal) (G1 Evacuation Pause)
[2023-11-16T04:03:46.403+0000][7][gc,task     ] GC(24) Using 8 workers of 8 for evacuation
[2023-11-16T04:03:46.403+0000][7][gc,age      ] GC(24) Desired survivor size 20971520 bytes, new threshold 5 (max threshold 15)
[2023-11-16T04:03:46.430+0000][7][gc,age      ] GC(24) Age table with threshold 5 (max threshold 15)
[2023-11-16T04:03:46.430+0000][7][gc,age      ] GC(24) - age   1:    1884336 bytes,    1884336 total
[2023-11-16T04:03:46.430+0000][7][gc,age      ] GC(24) - age   2:    1585152 bytes,    3469488 total
[2023-11-16T04:03:46.430+0000][7][gc,age      ] GC(24) - age   3:    3577752 bytes,    7047240 total
[2023-11-16T04:03:46.430+0000][7][gc,age      ] GC(24) - age   4:     438768 bytes,    7486008 total
[2023-11-16T04:03:46.430+0000][7][gc,age      ] GC(24) - age   5:    5770936 bytes,   13256944 total
[2023-11-16T04:03:46.430+0000][7][gc,phases   ] GC(24)   Pre Evacuate Collection Set: 0.1ms
[2023-11-16T04:03:46.430+0000][7][gc,phases   ] GC(24)   Merge Heap Roots: 0.1ms
[2023-11-16T04:03:46.430+0000][7][gc,phases   ] GC(24)   Evacuate Collection Set: 26.1ms
[2023-11-16T04:03:46.430+0000][7][gc,phases   ] GC(24)   Post Evacuate Collection Set: 0.8ms
[2023-11-16T04:03:46.430+0000][7][gc,phases   ] GC(24)   Other: 0.2ms
[2023-11-16T04:03:46.430+0000][7][gc,heap     ] GC(24) Eden regions: 69->0(70)
[2023-11-16T04:03:46.430+0000][7][gc,heap     ] GC(24) Survivor regions: 6->4(10)
[2023-11-16T04:03:46.430+0000][7][gc,heap     ] GC(24) Old regions: 19->21
[2023-11-16T04:03:46.430+0000][7][gc,heap     ] GC(24) Archive regions: 2->2
[2023-11-16T04:03:46.430+0000][7][gc,heap     ] GC(24) Humongous regions: 5->5
[2023-11-16T04:03:46.430+0000][7][gc,metaspace] GC(24) Metaspace: 113443K(115008K)->113443K(115008K) NonClass: 98019K(98944K)->98019K(98944K) Class: 15423K(16064K)->15423K(16064K)
[2023-11-16T04:03:46.430+0000][7][gc          ] GC(24) Pause Young (Normal) (G1 Evacuation Pause) 398M->122M(512M) 27.299ms
[2023-11-16T04:03:46.430+0000][7][gc,cpu      ] GC(24) User=0.05s Sys=0.00s Real=0.03s
[2023-11-16T04:03:46.430+0000][7][safepoint   ] Safepoint "G1CollectForAllocation", Time since last: 136030881 ns, Reaching safepoint: 31428 ns, At safepoint: 27369860 ns, Total: 27401288 ns
[2023-11-16T04:03:48.399+0000][7][safepoint   ] Safepoint "Cleanup", Time since last: 1968014462 ns, Reaching safepoint: 160544 ns, At safepoint: 6147 ns, Total: 166691 ns
[2023-11-16T04:03:49.819+0000][7][safepoint   ] Safepoint "Cleanup", Time since last: 1420451644 ns, Reaching safepoint: 124096 ns, At safepoint: 7324 ns, Total: 131420 ns
[2023-11-16T04:03:50.965+0000][7][safepoint   ] Safepoint "Cleanup", Time since last: 1145351585 ns, Reaching safepoint: 59733 ns, At safepoint: 6579 ns, Total: 66312 ns
[2023-11-16T04:03:51.965+0000][7][safepoint   ] Safepoint "Cleanup", Time since last: 1000120579 ns, Reaching safepoint: 194151 ns, At safepoint: 7786 ns, Total: 201937 ns
[2023-11-16T04:03:52.965+0000][7][safepoint   ] Safepoint "Cleanup", Time since last: 1000126950 ns, Reaching safepoint: 74327 ns, At safepoint: 9724 ns, Total: 84051 ns
[2023-11-16T04:03:53.965+0000][7][safepoint   ] Safepoint "Cleanup", Time since last: 1000131543 ns, Reaching safepoint: 106072 ns, At safepoint: 7116 ns, Total: 113188 ns
[2023-11-16T04:03:54.966+0000][7][safepoint   ] Safepoint "Cleanup", Time since last: 1000118670 ns, Reaching safepoint: 73091 ns, At safepoint: 6567 ns, Total: 79658 ns
[2023-11-16T04:03:55.966+0000][7][safepoint   ] Safepoint "Cleanup", Time since last: 1000104714 ns, Reaching safepoint: 81587 ns, At safepoint: 6551 ns, Total: 88138 ns
[2023-11-16T04:03:56.966+0000][7][safepoint   ] Safepoint "Cleanup", Time since last: 1000083537 ns, Reaching safepoint: 42027 ns, At safepoint: 3780 ns, Total: 45807 ns
[2023-11-16T04:03:57.966+0000][7][safepoint   ] Safepoint "Cleanup", Time since last: 1000094016 ns, Reaching safepoint: 78060 ns, At safepoint: 6047 ns, Total: 84107 ns
[2023-11-16T04:03:58.966+0000][7][safepoint   ] Safepoint "Cleanup", Time since last: 1000115553 ns, Reaching safepoint: 48419 ns, At safepoint: 5124 ns, Total: 53543 ns
[2023-11-16T04:03:59.966+0000][7][safepoint   ] Safepoint "Cleanup", Time since last: 1000095021 ns, Reaching safepoint: 56985 ns, At safepoint: 3755 ns, Total: 60740 ns
[2023-11-16T04:04:00.967+0000][7][safepoint   ] Safepoint "Cleanup", Time since last: 1000137484 ns, Reaching safepoint: 129338 ns, At safepoint: 8056 ns, Total: 137394 ns
[2023-11-16T04:04:01.967+0000][7][safepoint   ] Safepoint "Cleanup", Time since last: 1000102064 ns, Reaching safepoint: 48227 ns, At safepoint: 8709 ns, Total: 56936 ns
[2023-11-16T04:04:02.967+0000][7][safepoint   ] Safepoint "Cleanup", Time since last: 1000113420 ns, Reaching safepoint: 66663 ns, At safepoint: 11581 ns, Total: 78244 ns
[2023-11-16T04:04:03.127+0000][7][gc,start    ] GC(25) Pause Young (Normal) (G1 Evacuation Pause)
[2023-11-16T04:04:03.127+0000][7][gc,task     ] GC(25) Using 8 workers of 8 for evacuation
[2023-11-16T04:04:03.127+0000][7][gc,age      ] GC(25) Desired survivor size 20971520 bytes, new threshold 15 (max threshold 15)
[2023-11-16T04:04:03.136+0000][7][gc,age      ] GC(25) Age table with threshold 15 (max threshold 15)
[2023-11-16T04:04:03.136+0000][7][gc,age      ] GC(25) - age   1:    1379752 bytes,    1379752 total
[2023-11-16T04:04:03.136+0000][7][gc,age      ] GC(25) - age   2:     470440 bytes,    1850192 total
[2023-11-16T04:04:03.136+0000][7][gc,age      ] GC(25) - age   3:    1555904 bytes,    3406096 total
[2023-11-16T04:04:03.136+0000][7][gc,age      ] GC(25) - age   4:    3576080 bytes,    6982176 total
[2023-11-16T04:04:03.136+0000][7][gc,age      ] GC(25) - age   5:     438704 bytes,    7420880 total
[2023-11-16T04:04:03.136+0000][7][gc,age      ] GC(25) - age   6:    5769448 bytes,   13190328 total
[2023-11-16T04:04:03.136+0000][7][gc,phases   ] GC(25)   Pre Evacuate Collection Set: 0.1ms
[2023-11-16T04:04:03.136+0000][7][gc,phases   ] GC(25)   Merge Heap Roots: 0.1ms
[2023-11-16T04:04:03.136+0000][7][gc,phases   ] GC(25)   Evacuate Collection Set: 8.1ms
[2023-11-16T04:04:03.136+0000][7][gc,phases   ] GC(25)   Post Evacuate Collection Set: 0.8ms
[2023-11-16T04:04:03.136+0000][7][gc,phases   ] GC(25)   Other: 0.2ms
[2023-11-16T04:04:03.136+0000][7][gc,heap     ] GC(25) Eden regions: 70->0(71)
[2023-11-16T04:04:03.136+0000][7][gc,heap     ] GC(25) Survivor regions: 4->4(10)
[2023-11-16T04:04:03.136+0000][7][gc,heap     ] GC(25) Old regions: 21->21
[2023-11-16T04:04:03.136+0000][7][gc,heap     ] GC(25) Archive regions: 2->2
[2023-11-16T04:04:03.136+0000][7][gc,heap     ] GC(25) Humongous regions: 5->5
[2023-11-16T04:04:03.136+0000][7][gc,metaspace] GC(25) Metaspace: 113596K(115200K)->113596K(115200K) NonClass: 98172K(99136K)->98172K(99136K) Class: 15424K(16064K)->15424K(16064K)
[2023-11-16T04:04:03.136+0000][7][gc          ] GC(25) Pause Young (Normal) (G1 Evacuation Pause) 402M->122M(512M) 9.247ms
[2023-11-16T04:04:03.136+0000][7][gc,cpu      ] GC(25) User=0.04s Sys=0.00s Real=0.01s
[2023-11-16T04:04:03.136+0000][7][safepoint   ] Safepoint "G1CollectForAllocation", Time since last: 159414569 ns, Reaching safepoint: 37303 ns, At safepoint: 9319399 ns, Total: 9356702 ns
[2023-11-16T04:04:04.136+0000][7][safepoint   ] Safepoint "Cleanup", Time since last: 1000063412 ns, Reaching safepoint: 54647 ns, At safepoint: 6903 ns, Total: 61550 ns
[2023-11-16T04:04:05.136+0000][7][safepoint   ] Safepoint "Cleanup", Time since last: 1000104820 ns, Reaching safepoint: 84508 ns, At safepoint: 10344 ns, Total: 94852 ns
[2023-11-16T04:04:06.136+0000][7][safepoint   ] Safepoint "Cleanup", Time since last: 1000125227 ns, Reaching safepoint: 163781 ns, At safepoint: 7271 ns, Total: 171052 ns
[2023-11-16T04:04:07.137+0000][7][safepoint   ] Safepoint "Cleanup", Time since last: 1000107943 ns, Reaching safepoint: 55077 ns, At safepoint: 5892 ns, Total: 60969 ns
[2023-11-16T04:04:08.137+0000][7][safepoint   ] Safepoint "Cleanup", Time since last: 1000102147 ns, Reaching safepoint: 58230 ns, At safepoint: 10720 ns, Total: 68950 ns
[2023-11-16T04:04:09.137+0000][7][safepoint   ] Safepoint "Cleanup", Time since last: 1000111406 ns, Reaching safepoint: 44641 ns, At safepoint: 8801 ns, Total: 53442 ns
[2023-11-16T04:04:10.137+0000][7][safepoint   ] Safepoint "Cleanup", Time since last: 1000105483 ns, Reaching safepoint: 122629 ns, At safepoint: 4799 ns, Total: 127428 ns
[2023-11-16T04:04:11.137+0000][7][safepoint   ] Safepoint "Cleanup", Time since last: 1000141581 ns, Reaching safepoint: 40643 ns, At safepoint: 6913 ns, Total: 47556 ns
[2023-11-16T04:04:12.255+0000][7][safepoint   ] Safepoint "Cleanup", Time since last: 1117536893 ns, Reaching safepoint: 69999 ns, At safepoint: 8114 ns, Total: 78113 ns
[2023-11-16T04:04:13.255+0000][7][safepoint   ] Safepoint "Cleanup", Time since last: 1000098102 ns, Reaching safepoint: 49250 ns, At safepoint: 6343 ns, Total: 55593 ns
[2023-11-16T04:04:14.255+0000][7][safepoint   ] Safepoint "Cleanup", Time since last: 1000090366 ns, Reaching safepoint: 84152 ns, At safepoint: 7243 ns, Total: 91395 ns
[2023-11-16T04:04:15.255+0000][7][safepoint   ] Safepoint "Cleanup", Time since last: 1000088600 ns, Reaching safepoint: 31905 ns, At safepoint: 3648 ns, Total: 35553 ns
[2023-11-16T04:04:16.256+0000][7][safepoint   ] Safepoint "Cleanup", Time since last: 1000149389 ns, Reaching safepoint: 43632 ns, At safepoint: 4448 ns, Total: 48080 ns
[2023-11-16T04:04:17.256+0000][7][safepoint   ] Safepoint "Cleanup", Time since last: 1000092861 ns, Reaching safepoint: 36254 ns, At safepoint: 3561 ns, Total: 39815 ns
[2023-11-16T04:04:19.256+0000][7][safepoint   ] Safepoint "Cleanup", Time since last: 2000149590 ns, Reaching safepoint: 90678 ns, At safepoint: 6595 ns, Total: 97273 ns
[2023-11-16T04:04:19.597+0000][7][gc,start    ] GC(26) Pause Young (Normal) (G1 Evacuation Pause)
[2023-11-16T04:04:19.597+0000][7][gc,task     ] GC(26) Using 8 workers of 8 for evacuation
[2023-11-16T04:04:19.598+0000][7][gc,age      ] GC(26) Desired survivor size 20971520 bytes, new threshold 15 (max threshold 15)
[2023-11-16T04:04:19.605+0000][7][gc,age      ] GC(26) Age table with threshold 15 (max threshold 15)
[2023-11-16T04:04:19.605+0000][7][gc,age      ] GC(26) - age   1:    1253336 bytes,    1253336 total
[2023-11-16T04:04:19.605+0000][7][gc,age      ] GC(26) - age   2:     625952 bytes,    1879288 total
[2023-11-16T04:04:19.605+0000][7][gc,age      ] GC(26) - age   3:     469464 bytes,    2348752 total
[2023-11-16T04:04:19.605+0000][7][gc,age      ] GC(26) - age   4:    1423872 bytes,    3772624 total
[2023-11-16T04:04:19.605+0000][7][gc,age      ] GC(26) - age   5:    3575664 bytes,    7348288 total
[2023-11-16T04:04:19.605+0000][7][gc,age      ] GC(26) - age   6:     438640 bytes,    7786928 total
[2023-11-16T04:04:19.605+0000][7][gc,age      ] GC(26) - age   7:    5769448 bytes,   13556376 total
[2023-11-16T04:04:19.605+0000][7][gc,phases   ] GC(26)   Pre Evacuate Collection Set: 0.1ms
[2023-11-16T04:04:19.605+0000][7][gc,phases   ] GC(26)   Merge Heap Roots: 0.1ms
[2023-11-16T04:04:19.605+0000][7][gc,phases   ] GC(26)   Evacuate Collection Set: 6.9ms
[2023-11-16T04:04:19.605+0000][7][gc,phases   ] GC(26)   Post Evacuate Collection Set: 0.6ms
[2023-11-16T04:04:19.605+0000][7][gc,phases   ] GC(26)   Other: 0.2ms
[2023-11-16T04:04:19.605+0000][7][gc,heap     ] GC(26) Eden regions: 71->0(72)
[2023-11-16T04:04:19.605+0000][7][gc,heap     ] GC(26) Survivor regions: 4->4(10)
[2023-11-16T04:04:19.605+0000][7][gc,heap     ] GC(26) Old regions: 21->21
[2023-11-16T04:04:19.605+0000][7][gc,heap     ] GC(26) Archive regions: 2->2
[2023-11-16T04:04:19.605+0000][7][gc,heap     ] GC(26) Humongous regions: 5->5
[2023-11-16T04:04:19.605+0000][7][gc,metaspace] GC(26) Metaspace: 113716K(115328K)->113716K(115328K) NonClass: 98289K(99264K)->98289K(99264K) Class: 15427K(16064K)->15427K(16064K)
[2023-11-16T04:04:19.605+0000][7][gc          ] GC(26) Pause Young (Normal) (G1 Evacuation Pause) 406M->122M(512M) 7.812ms
[2023-11-16T04:04:19.605+0000][7][gc,cpu      ] GC(26) User=0.03s Sys=0.00s Real=0.01s
[2023-11-16T04:04:19.605+0000][7][safepoint   ] Safepoint "G1CollectForAllocation", Time since last: 341329653 ns, Reaching safepoint: 52515 ns, At safepoint: 7872568 ns, Total: 7925083 ns
[2023-11-16T04:04:20.605+0000][7][safepoint   ] Safepoint "Cleanup", Time since last: 1000103959 ns, Reaching safepoint: 51848 ns, At safepoint: 3219 ns, Total: 55067 ns
[2023-11-16T04:04:21.606+0000][7][safepoint   ] Safepoint "Cleanup", Time since last: 1000113202 ns, Reaching safepoint: 87191 ns, At safepoint: 6037 ns, Total: 93228 ns
[2023-11-16T04:04:22.606+0000][7][safepoint   ] Safepoint "Cleanup", Time since last: 1000110859 ns, Reaching safepoint: 35566 ns, At safepoint: 7221 ns, Total: 42787 ns
[2023-11-16T04:04:23.606+0000][7][safepoint   ] Safepoint "Cleanup", Time since last: 1000058432 ns, Reaching safepoint: 50909 ns, At safepoint: 8247 ns, Total: 59156 ns
[2023-11-16T04:04:24.606+0000][7][safepoint   ] Safepoint "Cleanup", Time since last: 1000093398 ns, Reaching safepoint: 129100 ns, At safepoint: 4089 ns, Total: 133189 ns
[2023-11-16T04:04:25.606+0000][7][safepoint   ] Safepoint "Cleanup", Time since last: 1000093975 ns, Reaching safepoint: 43529 ns, At safepoint: 6028 ns, Total: 49557 ns
[2023-11-16T04:04:26.606+0000][7][safepoint   ] Safepoint "Cleanup", Time since last: 1000116886 ns, Reaching safepoint: 42409 ns, At safepoint: 5931 ns, Total: 48340 ns
[2023-11-16T04:04:27.607+0000][7][safepoint   ] Safepoint "Cleanup", Time since last: 1000085728 ns, Reaching safepoint: 45420 ns, At safepoint: 3216 ns, Total: 48636 ns
[2023-11-16T04:04:28.607+0000][7][safepoint   ] Safepoint "Cleanup", Time since last: 1000120566 ns, Reaching safepoint: 86715 ns, At safepoint: 11107 ns, Total: 97822 ns
[2023-11-16T04:04:29.607+0000][7][safepoint   ] Safepoint "Cleanup", Time since last: 1000135855 ns, Reaching safepoint: 59961 ns, At safepoint: 11573 ns, Total: 71534 ns
[2023-11-16T04:04:30.607+0000][7][safepoint   ] Safepoint "Cleanup", Time since last: 1000133725 ns, Reaching safepoint: 112401 ns, At safepoint: 7527 ns, Total: 119928 ns
[2023-11-16T04:04:31.607+0000][7][safepoint   ] Safepoint "Cleanup", Time since last: 1000101456 ns, Reaching safepoint: 50392 ns, At safepoint: 6983 ns, Total: 57375 ns
[2023-11-16T04:04:33.613+0000][7][safepoint   ] Safepoint "Cleanup", Time since last: 2001840721 ns, Reaching safepoint: 3320926 ns, At safepoint: 31466 ns, Total: 3352392 ns
[2023-11-16T04:04:34.613+0000][7][safepoint   ] Safepoint "Cleanup", Time since last: 1000152246 ns, Reaching safepoint: 51152 ns, At safepoint: 2675 ns, Total: 53827 ns
[2023-11-16T04:04:35.613+0000][7][safepoint   ] Safepoint "Cleanup", Time since last: 1000090597 ns, Reaching safepoint: 57007 ns, At safepoint: 10989 ns, Total: 67996 ns
[2023-11-16T04:04:35.872+0000][7][gc,start    ] GC(27) Pause Young (Normal) (G1 Evacuation Pause)
[2023-11-16T04:04:35.872+0000][7][gc,task     ] GC(27) Using 8 workers of 8 for evacuation
[2023-11-16T04:04:35.872+0000][7][gc,age      ] GC(27) Desired survivor size 20971520 bytes, new threshold 15 (max threshold 15)
[2023-11-16T04:04:35.882+0000][7][gc,age      ] GC(27) Age table with threshold 15 (max threshold 15)
[2023-11-16T04:04:35.882+0000][7][gc,age      ] GC(27) - age   1:    1312768 bytes,    1312768 total
[2023-11-16T04:04:35.882+0000][7][gc,age      ] GC(27) - age   2:     451120 bytes,    1763888 total
[2023-11-16T04:04:35.882+0000][7][gc,age      ] GC(27) - age   3:     544024 bytes,    2307912 total
[2023-11-16T04:04:35.882+0000][7][gc,age      ] GC(27) - age   4:     468832 bytes,    2776744 total
[2023-11-16T04:04:35.882+0000][7][gc,age      ] GC(27) - age   5:    1423312 bytes,    4200056 total
[2023-11-16T04:04:35.882+0000][7][gc,age      ] GC(27) - age   6:    3575272 bytes,    7775328 total
[2023-11-16T04:04:35.882+0000][7][gc,age      ] GC(27) - age   7:     438640 bytes,    8213968 total
[2023-11-16T04:04:35.882+0000][7][gc,age      ] GC(27) - age   8:    5769184 bytes,   13983152 total
[2023-11-16T04:04:35.882+0000][7][gc,phases   ] GC(27)   Pre Evacuate Collection Set: 0.1ms
[2023-11-16T04:04:35.882+0000][7][gc,phases   ] GC(27)   Merge Heap Roots: 0.1ms
[2023-11-16T04:04:35.882+0000][7][gc,phases   ] GC(27)   Evacuate Collection Set: 9.1ms
[2023-11-16T04:04:35.882+0000][7][gc,phases   ] GC(27)   Post Evacuate Collection Set: 0.5ms
[2023-11-16T04:04:35.882+0000][7][gc,phases   ] GC(27)   Other: 0.2ms
[2023-11-16T04:04:35.882+0000][7][gc,heap     ] GC(27) Eden regions: 72->0(72)
[2023-11-16T04:04:35.882+0000][7][gc,heap     ] GC(27) Survivor regions: 4->4(10)
[2023-11-16T04:04:35.882+0000][7][gc,heap     ] GC(27) Old regions: 21->21
[2023-11-16T04:04:35.882+0000][7][gc,heap     ] GC(27) Archive regions: 2->2
[2023-11-16T04:04:35.882+0000][7][gc,heap     ] GC(27) Humongous regions: 5->5
[2023-11-16T04:04:35.882+0000][7][gc,metaspace] GC(27) Metaspace: 113798K(115392K)->113798K(115392K) NonClass: 98368K(99328K)->98368K(99328K) Class: 15429K(16064K)->15429K(16064K)
[2023-11-16T04:04:35.882+0000][7][gc          ] GC(27) Pause Young (Normal) (G1 Evacuation Pause) 410M->123M(512M) 9.953ms
[2023-11-16T04:04:35.882+0000][7][gc,cpu      ] GC(27) User=0.04s Sys=0.00s Real=0.01s
[2023-11-16T04:04:35.882+0000][7][safepoint   ] Safepoint "G1CollectForAllocation", Time since last: 258847818 ns, Reaching safepoint: 50408 ns, At safepoint: 10022820 ns, Total: 10073228 ns
[2023-11-16T04:04:37.607+0000][7][safepoint   ] Safepoint "Cleanup", Time since last: 1724547439 ns, Reaching safepoint: 132366 ns, At safepoint: 9028 ns, Total: 141394 ns
[2023-11-16T04:04:39.153+0000][7][safepoint   ] Safepoint "Cleanup", Time since last: 1546100954 ns, Reaching safepoint: 58331 ns, At safepoint: 8125 ns, Total: 66456 ns
[2023-11-16T04:04:40.153+0000][7][safepoint   ] Safepoint "Cleanup", Time since last: 1000167682 ns, Reaching safepoint: 266882 ns, At safepoint: 16681 ns, Total: 283563 ns
[2023-11-16T04:04:41.352+0000][7][safepoint   ] Safepoint "Cleanup", Time since last: 1199043584 ns, Reaching safepoint: 97082 ns, At safepoint: 11247 ns, Total: 108329 ns
[2023-11-16T04:04:42.353+0000][7][safepoint   ] Safepoint "Cleanup", Time since last: 1000115327 ns, Reaching safepoint: 90188 ns, At safepoint: 4363 ns, Total: 94551 ns
[2023-11-16T04:04:43.353+0000][7][safepoint   ] Safepoint "Cleanup", Time since last: 1000113674 ns, Reaching safepoint: 114452 ns, At safepoint: 5988 ns, Total: 120440 ns
[2023-11-16T04:04:44.353+0000][7][safepoint   ] Safepoint "Cleanup", Time since last: 1000112426 ns, Reaching safepoint: 42519 ns, At safepoint: 4125 ns, Total: 46644 ns
[2023-11-16T04:04:45.353+0000][7][safepoint   ] Safepoint "Cleanup", Time since last: 1000084978 ns, Reaching safepoint: 40377 ns, At safepoint: 8645 ns, Total: 49022 ns
[2023-11-16T04:04:46.353+0000][7][safepoint   ] Safepoint "Cleanup", Time since last: 1000098818 ns, Reaching safepoint: 87288 ns, At safepoint: 4573 ns, Total: 91861 ns
[2023-11-16T04:04:47.353+0000][7][safepoint   ] Safepoint "Cleanup", Time since last: 1000105353 ns, Reaching safepoint: 42749 ns, At safepoint: 3895 ns, Total: 46644 ns
[2023-11-16T04:04:48.354+0000][7][safepoint   ] Safepoint "Cleanup", Time since last: 1000133679 ns, Reaching safepoint: 55276 ns, At safepoint: 9119 ns, Total: 64395 ns
[2023-11-16T04:04:49.354+0000][7][safepoint   ] Safepoint "Cleanup", Time since last: 1000138796 ns, Reaching safepoint: 94587 ns, At safepoint: 5947 ns, Total: 100534 ns
[2023-11-16T04:04:50.354+0000][7][safepoint   ] Safepoint "Cleanup", Time since last: 1000091768 ns, Reaching safepoint: 63113 ns, At safepoint: 3944 ns, Total: 67057 ns
[2023-11-16T04:04:51.354+0000][7][safepoint   ] Safepoint "Cleanup", Time since last: 1000135611 ns, Reaching safepoint: 58875 ns, At safepoint: 9846 ns, Total: 68721 ns
[2023-11-16T04:04:52.355+0000][7][safepoint   ] Safepoint "Cleanup", Time since last: 1000130897 ns, Reaching safepoint: 140225 ns, At safepoint: 11887 ns, Total: 152112 ns
[2023-11-16T04:04:52.811+0000][7][gc,start    ] GC(28) Pause Young (Normal) (G1 Evacuation Pause)
[2023-11-16T04:04:52.811+0000][7][gc,task     ] GC(28) Using 8 workers of 8 for evacuation
[2023-11-16T04:04:52.811+0000][7][gc,age      ] GC(28) Desired survivor size 20971520 bytes, new threshold 15 (max threshold 15)
[2023-11-16T04:04:52.818+0000][7][gc,age      ] GC(28) Age table with threshold 15 (max threshold 15)
[2023-11-16T04:04:52.818+0000][7][gc,age      ] GC(28) - age   1:    1587168 bytes,    1587168 total
[2023-11-16T04:04:52.818+0000][7][gc,age      ] GC(28) - age   2:     669424 bytes,    2256592 total
[2023-11-16T04:04:52.818+0000][7][gc,age      ] GC(28) - age   3:     446504 bytes,    2703096 total
[2023-11-16T04:04:52.818+0000][7][gc,age      ] GC(28) - age   4:     378520 bytes,    3081616 total
[2023-11-16T04:04:52.818+0000][7][gc,age      ] GC(28) - age   5:     468512 bytes,    3550128 total
[2023-11-16T04:04:52.818+0000][7][gc,age      ] GC(28) - age   6:    1423120 bytes,    4973248 total
[2023-11-16T04:04:52.818+0000][7][gc,age      ] GC(28) - age   7:    3575144 bytes,    8548392 total
[2023-11-16T04:04:52.818+0000][7][gc,age      ] GC(28) - age   8:     438512 bytes,    8986904 total
[2023-11-16T04:04:52.818+0000][7][gc,age      ] GC(28) - age   9:    5769184 bytes,   14756088 total
[2023-11-16T04:04:52.818+0000][7][gc,phases   ] GC(28)   Pre Evacuate Collection Set: 0.0ms
[2023-11-16T04:04:52.818+0000][7][gc,phases   ] GC(28)   Merge Heap Roots: 0.0ms
[2023-11-16T04:04:52.818+0000][7][gc,phases   ] GC(28)   Evacuate Collection Set: 6.2ms
[2023-11-16T04:04:52.818+0000][7][gc,phases   ] GC(28)   Post Evacuate Collection Set: 0.7ms
[2023-11-16T04:04:52.818+0000][7][gc,phases   ] GC(28)   Other: 0.2ms
[2023-11-16T04:04:52.818+0000][7][gc,heap     ] GC(28) Eden regions: 72->0(72)
[2023-11-16T04:04:52.819+0000][7][gc,heap     ] GC(28) Survivor regions: 4->4(10)
[2023-11-16T04:04:52.819+0000][7][gc,heap     ] GC(28) Old regions: 21->21
[2023-11-16T04:04:52.819+0000][7][gc,heap     ] GC(28) Archive regions: 2->2
[2023-11-16T04:04:52.819+0000][7][gc,heap     ] GC(28) Humongous regions: 5->5
[2023-11-16T04:04:52.819+0000][7][gc,metaspace] GC(28) Metaspace: 113962K(115520K)->113962K(115520K) NonClass: 98531K(99456K)->98531K(99456K) Class: 15431K(16064K)->15431K(16064K)
[2023-11-16T04:04:52.819+0000][7][gc          ] GC(28) Pause Young (Normal) (G1 Evacuation Pause) 411M->123M(512M) 7.181ms
[2023-11-16T04:04:52.819+0000][7][gc,cpu      ] GC(28) User=0.04s Sys=0.00s Real=0.00s
[2023-11-16T04:04:52.819+0000][7][safepoint   ] Safepoint "G1CollectForAllocation", Time since last: 456759959 ns, Reaching safepoint: 37874 ns, At safepoint: 7257363 ns, Total: 7295237 ns
[2023-11-16T04:04:53.819+0000][7][safepoint   ] Safepoint "Cleanup", Time since last: 1000086607 ns, Reaching safepoint: 113188 ns, At safepoint: 10183 ns, Total: 123371 ns
[2023-11-16T04:04:54.819+0000][7][safepoint   ] Safepoint "Cleanup", Time since last: 1000112482 ns, Reaching safepoint: 53861 ns, At safepoint: 4894 ns, Total: 58755 ns
[2023-11-16T04:04:55.819+0000][7][safepoint   ] Safepoint "Cleanup", Time since last: 1000099230 ns, Reaching safepoint: 69287 ns, At safepoint: 3747 ns, Total: 73034 ns
[2023-11-16T04:04:57.819+0000][7][safepoint   ] Safepoint "Cleanup", Time since last: 2000113090 ns, Reaching safepoint: 135811 ns, At safepoint: 7463 ns, Total: 143274 ns
[2023-11-16T04:04:58.820+0000][7][safepoint   ] Safepoint "Cleanup", Time since last: 1000134687 ns, Reaching safepoint: 88219 ns, At safepoint: 6154 ns, Total: 94373 ns
[2023-11-16T04:05:00.820+0000][7][safepoint   ] Safepoint "Cleanup", Time since last: 2000205062 ns, Reaching safepoint: 83573 ns, At safepoint: 8765 ns, Total: 92338 ns
[2023-11-16T04:05:01.820+0000][7][safepoint   ] Safepoint "Cleanup", Time since last: 1000114073 ns, Reaching safepoint: 64297 ns, At safepoint: 6615 ns, Total: 70912 ns
[2023-11-16T04:05:02.820+0000][7][safepoint   ] Safepoint "Cleanup", Time since last: 1000119440 ns, Reaching safepoint: 57481 ns, At safepoint: 4597 ns, Total: 62078 ns
[2023-11-16T04:05:03.821+0000][7][safepoint   ] Safepoint "Cleanup", Time since last: 1000134703 ns, Reaching safepoint: 122307 ns, At safepoint: 8003 ns, Total: 130310 ns
[2023-11-16T04:05:05.821+0000][7][safepoint   ] Safepoint "Cleanup", Time since last: 2000545130 ns, Reaching safepoint: 62086 ns, At safepoint: 7283 ns, Total: 69369 ns
[2023-11-16T04:05:06.821+0000][7][safepoint   ] Safepoint "Cleanup", Time since last: 1000239442 ns, Reaching safepoint: 91440 ns, At safepoint: 6139 ns, Total: 97579 ns
[2023-11-16T04:05:07.822+0000][7][safepoint   ] Safepoint "Cleanup", Time since last: 1000152055 ns, Reaching safepoint: 192754 ns, At safepoint: 9111 ns, Total: 201865 ns
[2023-11-16T04:05:08.822+0000][7][safepoint   ] Safepoint "Cleanup", Time since last: 1000292974 ns, Reaching safepoint: 170120 ns, At safepoint: 6279 ns, Total: 176399 ns
[2023-11-16T04:05:09.823+0000][7][safepoint   ] Safepoint "Cleanup", Time since last: 1000091227 ns, Reaching safepoint: 85355 ns, At safepoint: 13357 ns, Total: 98712 ns
[2023-11-16T04:05:10.823+0000][7][safepoint   ] Safepoint "Cleanup", Time since last: 1000109607 ns, Reaching safepoint: 66910 ns, At safepoint: 4654 ns, Total: 71564 ns
[2023-11-16T04:05:11.549+0000][7][gc,start    ] GC(29) Pause Young (Normal) (G1 Evacuation Pause)
[2023-11-16T04:05:11.549+0000][7][gc,task     ] GC(29) Using 8 workers of 8 for evacuation
[2023-11-16T04:05:11.549+0000][7][gc,age      ] GC(29) Desired survivor size 20971520 bytes, new threshold 15 (max threshold 15)
[2023-11-16T04:05:11.556+0000][7][gc,age      ] GC(29) Age table with threshold 15 (max threshold 15)
[2023-11-16T04:05:11.556+0000][7][gc,age      ] GC(29) - age   1:    1860312 bytes,    1860312 total
[2023-11-16T04:05:11.556+0000][7][gc,age      ] GC(29) - age   2:     397240 bytes,    2257552 total
[2023-11-16T04:05:11.556+0000][7][gc,age      ] GC(29) - age   3:     654624 bytes,    2912176 total
[2023-11-16T04:05:11.556+0000][7][gc,age      ] GC(29) - age   4:     446248 bytes,    3358424 total
[2023-11-16T04:05:11.556+0000][7][gc,age      ] GC(29) - age   5:     377848 bytes,    3736272 total
[2023-11-16T04:05:11.556+0000][7][gc,age      ] GC(29) - age   6:     468384 bytes,    4204656 total
[2023-11-16T04:05:11.556+0000][7][gc,age      ] GC(29) - age   7:    1422728 bytes,    5627384 total
[2023-11-16T04:05:11.556+0000][7][gc,age      ] GC(29) - age   8:    3575144 bytes,    9202528 total
[2023-11-16T04:05:11.556+0000][7][gc,age      ] GC(29) - age   9:     438448 bytes,    9640976 total
[2023-11-16T04:05:11.556+0000][7][gc,age      ] GC(29) - age  10:    5769184 bytes,   15410160 total
[2023-11-16T04:05:11.556+0000][7][gc,phases   ] GC(29)   Pre Evacuate Collection Set: 0.1ms
[2023-11-16T04:05:11.556+0000][7][gc,phases   ] GC(29)   Merge Heap Roots: 0.1ms
[2023-11-16T04:05:11.556+0000][7][gc,phases   ] GC(29)   Evacuate Collection Set: 6.6ms
[2023-11-16T04:05:11.556+0000][7][gc,phases   ] GC(29)   Post Evacuate Collection Set: 0.9ms
[2023-11-16T04:05:11.556+0000][7][gc,phases   ] GC(29)   Other: 0.3ms
[2023-11-16T04:05:11.556+0000][7][gc,heap     ] GC(29) Eden regions: 72->0(72)
[2023-11-16T04:05:11.556+0000][7][gc,heap     ] GC(29) Survivor regions: 4->4(10)
[2023-11-16T04:05:11.556+0000][7][gc,heap     ] GC(29) Old regions: 21->21
[2023-11-16T04:05:11.556+0000][7][gc,heap     ] GC(29) Archive regions: 2->2
[2023-11-16T04:05:11.556+0000][7][gc,heap     ] GC(29) Humongous regions: 5->5
[2023-11-16T04:05:11.556+0000][7][gc,metaspace] GC(29) Metaspace: 114121K(115776K)->114121K(115776K) NonClass: 98688K(99648K)->98688K(99648K) Class: 15432K(16128K)->15432K(16128K)
[2023-11-16T04:05:11.557+0000][7][gc          ] GC(29) Pause Young (Normal) (G1 Evacuation Pause) 411M->123M(512M) 7.994ms
[2023-11-16T04:05:11.557+0000][7][gc,cpu      ] GC(29) User=0.06s Sys=0.00s Real=0.01s
[2023-11-16T04:05:11.557+0000][7][safepoint   ] Safepoint "G1CollectForAllocation", Time since last: 725729631 ns, Reaching safepoint: 29940 ns, At safepoint: 8078999 ns, Total: 8108939 ns
[2023-11-16T04:05:12.557+0000][7][safepoint   ] Safepoint "Cleanup", Time since last: 1000096006 ns, Reaching safepoint: 65372 ns, At safepoint: 4616 ns, Total: 69988 ns
[2023-11-16T04:05:13.608+0000][7][safepoint   ] Safepoint "Cleanup", Time since last: 1050722659 ns, Reaching safepoint: 83161 ns, At safepoint: 6494 ns, Total: 89655 ns
[2023-11-16T04:05:15.608+0000][7][safepoint   ] Safepoint "Cleanup", Time since last: 2000274466 ns, Reaching safepoint: 67273 ns, At safepoint: 4342 ns, Total: 71615 ns
[2023-11-16T04:05:16.608+0000][7][safepoint   ] Safepoint "Cleanup", Time since last: 1000197059 ns, Reaching safepoint: 103534 ns, At safepoint: 7030 ns, Total: 110564 ns
[2023-11-16T04:05:18.609+0000][7][safepoint   ] Safepoint "Cleanup", Time since last: 2000389154 ns, Reaching safepoint: 89487 ns, At safepoint: 6761 ns, Total: 96248 ns
[2023-11-16T04:05:19.609+0000][7][safepoint   ] Safepoint "Cleanup", Time since last: 1000111432 ns, Reaching safepoint: 80277 ns, At safepoint: 6094 ns, Total: 86371 ns
[2023-11-16T04:05:20.609+0000][7][safepoint   ] Safepoint "Cleanup", Time since last: 1000098930 ns, Reaching safepoint: 47678 ns, At safepoint: 3419 ns, Total: 51097 ns
[2023-11-16T04:05:21.609+0000][7][safepoint   ] Safepoint "Cleanup", Time since last: 1000302182 ns, Reaching safepoint: 100118 ns, At safepoint: 7273 ns, Total: 107391 ns
[2023-11-16T04:05:22.610+0000][7][safepoint   ] Safepoint "Cleanup", Time since last: 1000161748 ns, Reaching safepoint: 35993 ns, At safepoint: 5457 ns, Total: 41450 ns
[2023-11-16T04:05:23.610+0000][7][safepoint   ] Safepoint "Cleanup", Time since last: 1000115105 ns, Reaching safepoint: 56234 ns, At safepoint: 18214 ns, Total: 74448 ns
[2023-11-16T04:05:24.610+0000][7][safepoint   ] Safepoint "Cleanup", Time since last: 1000165077 ns, Reaching safepoint: 189957 ns, At safepoint: 8886 ns, Total: 198843 ns
[2023-11-16T04:05:25.611+0000][7][safepoint   ] Safepoint "Cleanup", Time since last: 1000232796 ns, Reaching safepoint: 74812 ns, At safepoint: 34807 ns, Total: 109619 ns
[2023-11-16T04:05:27.611+0000][7][safepoint   ] Safepoint "Cleanup", Time since last: 2000506703 ns, Reaching safepoint: 74818 ns, At safepoint: 7426 ns, Total: 82244 ns
[2023-11-16T04:05:28.611+0000][7][safepoint   ] Safepoint "Cleanup", Time since last: 1000101351 ns, Reaching safepoint: 64481 ns, At safepoint: 4339 ns, Total: 68820 ns
[2023-11-16T04:05:29.612+0000][7][safepoint   ] Safepoint "Cleanup", Time since last: 1000152299 ns, Reaching safepoint: 99541 ns, At safepoint: 7603 ns, Total: 107144 ns
[2023-11-16T04:05:29.875+0000][7][gc,start    ] GC(30) Pause Young (Normal) (G1 Evacuation Pause)
[2023-11-16T04:05:29.875+0000][7][gc,task     ] GC(30) Using 8 workers of 8 for evacuation
[2023-11-16T04:05:29.875+0000][7][gc,age      ] GC(30) Desired survivor size 20971520 bytes, new threshold 15 (max threshold 15)
[2023-11-16T04:05:29.884+0000][7][gc,age      ] GC(30) Age table with threshold 15 (max threshold 15)
[2023-11-16T04:05:29.884+0000][7][gc,age      ] GC(30) - age   1:    1688112 bytes,    1688112 total
[2023-11-16T04:05:29.884+0000][7][gc,age      ] GC(30) - age   2:     728328 bytes,    2416440 total
[2023-11-16T04:05:29.884+0000][7][gc,age      ] GC(30) - age   3:     349776 bytes,    2766216 total
[2023-11-16T04:05:29.884+0000][7][gc,age      ] GC(30) - age   4:     549024 bytes,    3315240 total
[2023-11-16T04:05:29.884+0000][7][gc,age      ] GC(30) - age   5:     380192 bytes,    3695432 total
[2023-11-16T04:05:29.884+0000][7][gc,age      ] GC(30) - age   6:     377848 bytes,    4073280 total
[2023-11-16T04:05:29.884+0000][7][gc,age      ] GC(30) - age   7:     468384 bytes,    4541664 total
[2023-11-16T04:05:29.884+0000][7][gc,age      ] GC(30) - age   8:    1422488 bytes,    5964152 total
[2023-11-16T04:05:29.884+0000][7][gc,age      ] GC(30) - age   9:    3575144 bytes,    9539296 total
[2023-11-16T04:05:29.884+0000][7][gc,age      ] GC(30) - age  10:     438448 bytes,    9977744 total
[2023-11-16T04:05:29.884+0000][7][gc,age      ] GC(30) - age  11:    5769184 bytes,   15746928 total
[2023-11-16T04:05:29.884+0000][7][gc,phases   ] GC(30)   Pre Evacuate Collection Set: 0.1ms
[2023-11-16T04:05:29.884+0000][7][gc,phases   ] GC(30)   Merge Heap Roots: 0.1ms
[2023-11-16T04:05:29.884+0000][7][gc,phases   ] GC(30)   Evacuate Collection Set: 7.8ms
[2023-11-16T04:05:29.884+0000][7][gc,phases   ] GC(30)   Post Evacuate Collection Set: 0.9ms
[2023-11-16T04:05:29.884+0000][7][gc,phases   ] GC(30)   Other: 0.4ms
[2023-11-16T04:05:29.884+0000][7][gc,heap     ] GC(30) Eden regions: 72->0(70)
[2023-11-16T04:05:29.884+0000][7][gc,heap     ] GC(30) Survivor regions: 4->5(10)
[2023-11-16T04:05:29.884+0000][7][gc,heap     ] GC(30) Old regions: 21->21
[2023-11-16T04:05:29.884+0000][7][gc,heap     ] GC(30) Archive regions: 2->2
[2023-11-16T04:05:29.884+0000][7][gc,heap     ] GC(30) Humongous regions: 5->5
[2023-11-16T04:05:29.884+0000][7][gc,metaspace] GC(30) Metaspace: 114203K(115840K)->114203K(115840K) NonClass: 98768K(99712K)->98768K(99712K) Class: 15434K(16128K)->15434K(16128K)
[2023-11-16T04:05:29.884+0000][7][gc          ] GC(30) Pause Young (Normal) (G1 Evacuation Pause) 411M->124M(512M) 9.308ms
[2023-11-16T04:05:29.884+0000][7][gc,cpu      ] GC(30) User=0.05s Sys=0.00s Real=0.01s
[2023-11-16T04:05:29.884+0000][7][safepoint   ] Safepoint "G1CollectForAllocation", Time since last: 263296106 ns, Reaching safepoint: 62195 ns, At safepoint: 9394291 ns, Total: 9456486 ns
[2023-11-16T04:05:30.885+0000][7][safepoint   ] Safepoint "Cleanup", Time since last: 1000217172 ns, Reaching safepoint: 150777 ns, At safepoint: 4168 ns, Total: 154945 ns
[2023-11-16T04:05:33.885+0000][7][safepoint   ] Safepoint "Cleanup", Time since last: 3000759433 ns, Reaching safepoint: 56954 ns, At safepoint: 7727 ns, Total: 64681 ns
[2023-11-16T04:05:34.886+0000][7][safepoint   ] Safepoint "Cleanup", Time since last: 1000096402 ns, Reaching safepoint: 66539 ns, At safepoint: 4867 ns, Total: 71406 ns
[2023-11-16T04:05:35.886+0000][7][safepoint   ] Safepoint "Cleanup", Time since last: 1000132384 ns, Reaching safepoint: 89005 ns, At safepoint: 8448 ns, Total: 97453 ns
[2023-11-16T04:05:36.886+0000][7][safepoint   ] Safepoint "Cleanup", Time since last: 1000243926 ns, Reaching safepoint: 95005 ns, At safepoint: 5811 ns, Total: 100816 ns
[2023-11-16T04:05:38.887+0000][7][safepoint   ] Safepoint "Cleanup", Time since last: 2000212231 ns, Reaching safepoint: 140380 ns, At safepoint: 6700 ns, Total: 147080 ns
[2023-11-16T04:05:39.887+0000][7][safepoint   ] Safepoint "Cleanup", Time since last: 1000144372 ns, Reaching safepoint: 113016 ns, At safepoint: 11692 ns, Total: 124708 ns
[2023-11-16T04:05:40.887+0000][7][safepoint   ] Safepoint "Cleanup", Time since last: 1000161525 ns, Reaching safepoint: 45326 ns, At safepoint: 4451 ns, Total: 49777 ns
[2023-11-16T04:05:41.887+0000][7][safepoint   ] Safepoint "Cleanup", Time since last: 1000112299 ns, Reaching safepoint: 64619 ns, At safepoint: 8715 ns, Total: 73334 ns
[2023-11-16T04:05:42.887+0000][7][safepoint   ] Safepoint "Cleanup", Time since last: 1000121115 ns, Reaching safepoint: 92991 ns, At safepoint: 6153 ns, Total: 99144 ns
[2023-11-16T04:05:43.888+0000][7][safepoint   ] Safepoint "Cleanup", Time since last: 1000106306 ns, Reaching safepoint: 104479 ns, At safepoint: 7880 ns, Total: 112359 ns
[2023-11-16T04:05:45.888+0000][7][safepoint   ] Safepoint "Cleanup", Time since last: 2000381028 ns, Reaching safepoint: 252122 ns, At safepoint: 6544 ns, Total: 258666 ns
[2023-11-16T04:05:47.011+0000][7][gc,start    ] GC(31) Pause Young (Normal) (G1 Evacuation Pause)
[2023-11-16T04:05:47.011+0000][7][gc,task     ] GC(31) Using 8 workers of 8 for evacuation
[2023-11-16T04:05:47.011+0000][7][gc,age      ] GC(31) Desired survivor size 20971520 bytes, new threshold 15 (max threshold 15)
[2023-11-16T04:05:47.020+0000][7][gc,age      ] GC(31) Age table with threshold 15 (max threshold 15)
[2023-11-16T04:05:47.020+0000][7][gc,age      ] GC(31) - age   1:    1808624 bytes,    1808624 total
[2023-11-16T04:05:47.020+0000][7][gc,age      ] GC(31) - age   2:     624712 bytes,    2433336 total
[2023-11-16T04:05:47.020+0000][7][gc,age      ] GC(31) - age   3:     456160 bytes,    2889496 total
[2023-11-16T04:05:47.020+0000][7][gc,age      ] GC(31) - age   4:     348360 bytes,    3237856 total
[2023-11-16T04:05:47.020+0000][7][gc,age      ] GC(31) - age   5:     548712 bytes,    3786568 total
[2023-11-16T04:05:47.020+0000][7][gc,age      ] GC(31) - age   6:     380128 bytes,    4166696 total
[2023-11-16T04:05:47.020+0000][7][gc,age      ] GC(31) - age   7:     377656 bytes,    4544352 total
[2023-11-16T04:05:47.020+0000][7][gc,age      ] GC(31) - age   8:     468320 bytes,    5012672 total
[2023-11-16T04:05:47.020+0000][7][gc,age      ] GC(31) - age   9:    1422424 bytes,    6435096 total
[2023-11-16T04:05:47.020+0000][7][gc,age      ] GC(31) - age  10:    3575144 bytes,   10010240 total
[2023-11-16T04:05:47.020+0000][7][gc,age      ] GC(31) - age  11:     438448 bytes,   10448688 total
[2023-11-16T04:05:47.020+0000][7][gc,age      ] GC(31) - age  12:    5769184 bytes,   16217872 total
[2023-11-16T04:05:47.020+0000][7][gc,phases   ] GC(31)   Pre Evacuate Collection Set: 0.2ms
[2023-11-16T04:05:47.020+0000][7][gc,phases   ] GC(31)   Merge Heap Roots: 0.1ms
[2023-11-16T04:05:47.020+0000][7][gc,phases   ] GC(31)   Evacuate Collection Set: 7.4ms
[2023-11-16T04:05:47.020+0000][7][gc,phases   ] GC(31)   Post Evacuate Collection Set: 0.8ms
[2023-11-16T04:05:47.020+0000][7][gc,phases   ] GC(31)   Other: 0.4ms
[2023-11-16T04:05:47.020+0000][7][gc,heap     ] GC(31) Eden regions: 70->0(70)
[2023-11-16T04:05:47.020+0000][7][gc,heap     ] GC(31) Survivor regions: 5->5(10)
[2023-11-16T04:05:47.020+0000][7][gc,heap     ] GC(31) Old regions: 21->21
[2023-11-16T04:05:47.020+0000][7][gc,heap     ] GC(31) Archive regions: 2->2
[2023-11-16T04:05:47.020+0000][7][gc,heap     ] GC(31) Humongous regions: 5->5
[2023-11-16T04:05:47.020+0000][7][gc,metaspace] GC(31) Metaspace: 114285K(115968K)->114285K(115968K) NonClass: 98851K(99840K)->98851K(99840K) Class: 15434K(16128K)->15434K(16128K)
[2023-11-16T04:05:47.020+0000][7][gc          ] GC(31) Pause Young (Normal) (G1 Evacuation Pause) 404M->124M(512M) 8.854ms
[2023-11-16T04:05:47.020+0000][7][gc,cpu      ] GC(31) User=0.05s Sys=0.00s Real=0.01s
[2023-11-16T04:05:47.020+0000][7][safepoint   ] Safepoint "G1CollectForAllocation", Time since last: 1122422366 ns, Reaching safepoint: 57875 ns, At safepoint: 8999781 ns, Total: 9057656 ns
[2023-11-16T04:05:49.020+0000][7][safepoint   ] Safepoint "Cleanup", Time since last: 2000234806 ns, Reaching safepoint: 57747 ns, At safepoint: 22696 ns, Total: 80443 ns
[2023-11-16T04:05:51.021+0000][7][safepoint   ] Safepoint "Cleanup", Time since last: 2000291309 ns, Reaching safepoint: 176499 ns, At safepoint: 7963 ns, Total: 184462 ns
[2023-11-16T04:05:52.021+0000][7][safepoint   ] Safepoint "Cleanup", Time since last: 1000228173 ns, Reaching safepoint: 156763 ns, At safepoint: 4503 ns, Total: 161266 ns
[2023-11-16T04:05:54.021+0000][7][safepoint   ] Safepoint "Cleanup", Time since last: 2000207507 ns, Reaching safepoint: 166248 ns, At safepoint: 6250 ns, Total: 172498 ns
[2023-11-16T04:05:55.022+0000][7][safepoint   ] Safepoint "Cleanup", Time since last: 1000131624 ns, Reaching safepoint: 223397 ns, At safepoint: 8471 ns, Total: 231868 ns
[2023-11-16T04:05:56.022+0000][7][safepoint   ] Safepoint "Cleanup", Time since last: 1000092855 ns, Reaching safepoint: 71695 ns, At safepoint: 8095 ns, Total: 79790 ns
[2023-11-16T04:05:57.022+0000][7][safepoint   ] Safepoint "Cleanup", Time since last: 1000099482 ns, Reaching safepoint: 36298 ns, At safepoint: 4981 ns, Total: 41279 ns
[2023-11-16T04:05:58.022+0000][7][safepoint   ] Safepoint "Cleanup", Time since last: 1000138038 ns, Reaching safepoint: 118238 ns, At safepoint: 7031 ns, Total: 125269 ns
[2023-11-16T04:05:59.023+0000][7][safepoint   ] Safepoint "Cleanup", Time since last: 1000172854 ns, Reaching safepoint: 176681 ns, At safepoint: 14305 ns, Total: 190986 ns
[2023-11-16T04:06:01.023+0000][7][safepoint   ] Safepoint "Cleanup", Time since last: 2000409780 ns, Reaching safepoint: 64957 ns, At safepoint: 34718 ns, Total: 99675 ns
[2023-11-16T04:06:04.024+0000][7][safepoint   ] Safepoint "Cleanup", Time since last: 3000358510 ns, Reaching safepoint: 108810 ns, At safepoint: 11797 ns, Total: 120607 ns
[2023-11-16T04:06:06.024+0000][7][safepoint   ] Safepoint "Cleanup", Time since last: 2000499727 ns, Reaching safepoint: 111446 ns, At safepoint: 4014 ns, Total: 115460 ns
[2023-11-16T04:06:06.582+0000][7][gc,start    ] GC(32) Pause Young (Normal) (G1 Evacuation Pause)
[2023-11-16T04:06:06.582+0000][7][gc,task     ] GC(32) Using 8 workers of 8 for evacuation
[2023-11-16T04:06:06.582+0000][7][gc,age      ] GC(32) Desired survivor size 20971520 bytes, new threshold 15 (max threshold 15)
[2023-11-16T04:06:06.590+0000][7][gc,age      ] GC(32) Age table with threshold 15 (max threshold 15)
[2023-11-16T04:06:06.590+0000][7][gc,age      ] GC(32) - age   1:    2289360 bytes,    2289360 total
[2023-11-16T04:06:06.590+0000][7][gc,age      ] GC(32) - age   2:     646104 bytes,    2935464 total
[2023-11-16T04:06:06.590+0000][7][gc,age      ] GC(32) - age   3:     471440 bytes,    3406904 total
[2023-11-16T04:06:06.590+0000][7][gc,age      ] GC(32) - age   4:     298720 bytes,    3705624 total
[2023-11-16T04:06:06.590+0000][7][gc,age      ] GC(32) - age   5:     347936 bytes,    4053560 total
[2023-11-16T04:06:06.590+0000][7][gc,age      ] GC(32) - age   6:     548712 bytes,    4602272 total
[2023-11-16T04:06:06.590+0000][7][gc,age      ] GC(32) - age   7:     380128 bytes,    4982400 total
[2023-11-16T04:06:06.590+0000][7][gc,age      ] GC(32) - age   8:     377656 bytes,    5360056 total
[2023-11-16T04:06:06.590+0000][7][gc,age      ] GC(32) - age   9:     468320 bytes,    5828376 total
[2023-11-16T04:06:06.590+0000][7][gc,age      ] GC(32) - age  10:    1419624 bytes,    7248000 total
[2023-11-16T04:06:06.590+0000][7][gc,age      ] GC(32) - age  11:    3575064 bytes,   10823064 total
[2023-11-16T04:06:06.590+0000][7][gc,age      ] GC(32) - age  12:     438448 bytes,   11261512 total
[2023-11-16T04:06:06.590+0000][7][gc,age      ] GC(32) - age  13:    5769184 bytes,   17030696 total
[2023-11-16T04:06:06.590+0000][7][gc,phases   ] GC(32)   Pre Evacuate Collection Set: 0.1ms
[2023-11-16T04:06:06.590+0000][7][gc,phases   ] GC(32)   Merge Heap Roots: 0.1ms
[2023-11-16T04:06:06.590+0000][7][gc,phases   ] GC(32)   Evacuate Collection Set: 7.5ms
[2023-11-16T04:06:06.590+0000][7][gc,phases   ] GC(32)   Post Evacuate Collection Set: 0.8ms
[2023-11-16T04:06:06.590+0000][7][gc,phases   ] GC(32)   Other: 0.2ms
[2023-11-16T04:06:06.590+0000][7][gc,heap     ] GC(32) Eden regions: 70->0(70)
[2023-11-16T04:06:06.590+0000][7][gc,heap     ] GC(32) Survivor regions: 5->5(10)
[2023-11-16T04:06:06.590+0000][7][gc,heap     ] GC(32) Old regions: 21->21
[2023-11-16T04:06:06.590+0000][7][gc,heap     ] GC(32) Archive regions: 2->2
[2023-11-16T04:06:06.590+0000][7][gc,heap     ] GC(32) Humongous regions: 5->5
[2023-11-16T04:06:06.590+0000][7][gc,metaspace] GC(32) Metaspace: 114406K(116032K)->114406K(116032K) NonClass: 98971K(99904K)->98971K(99904K) Class: 15434K(16128K)->15434K(16128K)
[2023-11-16T04:06:06.590+0000][7][gc          ] GC(32) Pause Young (Normal) (G1 Evacuation Pause) 404M->126M(512M) 8.641ms
[2023-11-16T04:06:06.590+0000][7][gc,cpu      ] GC(32) User=0.05s Sys=0.00s Real=0.01s
[2023-11-16T04:06:06.591+0000][7][safepoint   ] Safepoint "G1CollectForAllocation", Time since last: 557469492 ns, Reaching safepoint: 80442 ns, At safepoint: 8697913 ns, Total: 8778355 ns
[2023-11-16T04:06:07.591+0000][7][safepoint   ] Safepoint "Cleanup", Time since last: 1000074348 ns, Reaching safepoint: 85468 ns, At safepoint: 5744 ns, Total: 91212 ns
[2023-11-16T04:06:08.591+0000][7][safepoint   ] Safepoint "Cleanup", Time since last: 1000383109 ns, Reaching safepoint: 129958 ns, At safepoint: 11511 ns, Total: 141469 ns
[2023-11-16T04:06:09.591+0000][7][safepoint   ] Safepoint "Cleanup", Time since last: 1000100846 ns, Reaching safepoint: 88233 ns, At safepoint: 7755 ns, Total: 95988 ns
[2023-11-16T04:06:10.592+0000][7][safepoint   ] Safepoint "Cleanup", Time since last: 1000146595 ns, Reaching safepoint: 119609 ns, At safepoint: 7055 ns, Total: 126664 ns
[2023-11-16T04:06:12.592+0000][7][safepoint   ] Safepoint "Cleanup", Time since last: 2000431164 ns, Reaching safepoint: 39036 ns, At safepoint: 3395 ns, Total: 42431 ns
[2023-11-16T04:06:13.593+0000][7][safepoint   ] Safepoint "Cleanup", Time since last: 1000308650 ns, Reaching safepoint: 86209 ns, At safepoint: 7877 ns, Total: 94086 ns
[2023-11-16T04:06:15.593+0000][7][safepoint   ] Safepoint "Cleanup", Time since last: 2000156778 ns, Reaching safepoint: 34183 ns, At safepoint: 3840 ns, Total: 38023 ns
[2023-11-16T04:06:18.593+0000][7][safepoint   ] Safepoint "Cleanup", Time since last: 3000309833 ns, Reaching safepoint: 97270 ns, At safepoint: 9503 ns, Total: 106773 ns
[2023-11-16T04:06:19.593+0000][7][safepoint   ] Safepoint "Cleanup", Time since last: 1000127708 ns, Reaching safepoint: 90219 ns, At safepoint: 9953 ns, Total: 100172 ns
[2023-11-16T04:06:20.594+0000][7][safepoint   ] Safepoint "Cleanup", Time since last: 1000261168 ns, Reaching safepoint: 159300 ns, At safepoint: 3996 ns, Total: 163296 ns
[2023-11-16T04:06:21.594+0000][7][safepoint   ] Safepoint "Cleanup", Time since last: 1000083875 ns, Reaching safepoint: 55937 ns, At safepoint: 3211 ns, Total: 59148 ns
[2023-11-16T04:06:22.594+0000][7][safepoint   ] Safepoint "Cleanup", Time since last: 1000102813 ns, Reaching safepoint: 51747 ns, At safepoint: 4309 ns, Total: 56056 ns
[2023-11-16T04:06:23.594+0000][7][safepoint   ] Safepoint "Cleanup", Time since last: 1000112456 ns, Reaching safepoint: 131435 ns, At safepoint: 10010 ns, Total: 141445 ns
[2023-11-16T04:06:23.667+0000][7][gc,start    ] GC(33) Pause Young (Normal) (G1 Evacuation Pause)
[2023-11-16T04:06:23.667+0000][7][gc,task     ] GC(33) Using 8 workers of 8 for evacuation
[2023-11-16T04:06:23.667+0000][7][gc,age      ] GC(33) Desired survivor size 20971520 bytes, new threshold 15 (max threshold 15)
[2023-11-16T04:06:23.675+0000][7][gc,age      ] GC(33) Age table with threshold 15 (max threshold 15)
[2023-11-16T04:06:23.675+0000][7][gc,age      ] GC(33) - age   1:    2216144 bytes,    2216144 total
[2023-11-16T04:06:23.675+0000][7][gc,age      ] GC(33) - age   2:     725696 bytes,    2941840 total
[2023-11-16T04:06:23.675+0000][7][gc,age      ] GC(33) - age   3:     272352 bytes,    3214192 total
[2023-11-16T04:06:23.675+0000][7][gc,age      ] GC(33) - age   4:     470536 bytes,    3684728 total
[2023-11-16T04:06:23.675+0000][7][gc,age      ] GC(33) - age   5:     298272 bytes,    3983000 total
[2023-11-16T04:06:23.675+0000][7][gc,age      ] GC(33) - age   6:     347872 bytes,    4330872 total
[2023-11-16T04:06:23.675+0000][7][gc,age      ] GC(33) - age   7:     417424 bytes,    4748296 total
[2023-11-16T04:06:23.675+0000][7][gc,age      ] GC(33) - age   8:     380128 bytes,    5128424 total
[2023-11-16T04:06:23.675+0000][7][gc,age      ] GC(33) - age   9:     377656 bytes,    5506080 total
[2023-11-16T04:06:23.675+0000][7][gc,age      ] GC(33) - age  10:     468320 bytes,    5974400 total
[2023-11-16T04:06:23.675+0000][7][gc,age      ] GC(33) - age  11:    1418856 bytes,    7393256 total
[2023-11-16T04:06:23.675+0000][7][gc,age      ] GC(33) - age  12:    3574928 bytes,   10968184 total
[2023-11-16T04:06:23.675+0000][7][gc,age      ] GC(33) - age  13:     438248 bytes,   11406432 total
[2023-11-16T04:06:23.675+0000][7][gc,age      ] GC(33) - age  14:    5769184 bytes,   17175616 total
[2023-11-16T04:06:23.675+0000][7][gc,phases   ] GC(33)   Pre Evacuate Collection Set: 0.1ms
[2023-11-16T04:06:23.675+0000][7][gc,phases   ] GC(33)   Merge Heap Roots: 0.0ms
[2023-11-16T04:06:23.675+0000][7][gc,phases   ] GC(33)   Evacuate Collection Set: 6.7ms
[2023-11-16T04:06:23.675+0000][7][gc,phases   ] GC(33)   Post Evacuate Collection Set: 0.7ms
[2023-11-16T04:06:23.675+0000][7][gc,phases   ] GC(33)   Other: 0.5ms
[2023-11-16T04:06:23.675+0000][7][gc,heap     ] GC(33) Eden regions: 70->0(70)
[2023-11-16T04:06:23.675+0000][7][gc,heap     ] GC(33) Survivor regions: 5->5(10)
[2023-11-16T04:06:23.675+0000][7][gc,heap     ] GC(33) Old regions: 21->21
[2023-11-16T04:06:23.675+0000][7][gc,heap     ] GC(33) Archive regions: 2->2
[2023-11-16T04:06:23.675+0000][7][gc,heap     ] GC(33) Humongous regions: 5->5
[2023-11-16T04:06:23.675+0000][7][gc,metaspace] GC(33) Metaspace: 114469K(116096K)->114469K(116096K) NonClass: 99034K(99968K)->99034K(99968K) Class: 15434K(16128K)->15434K(16128K)
[2023-11-16T04:06:23.675+0000][7][gc          ] GC(33) Pause Young (Normal) (G1 Evacuation Pause) 406M->126M(512M) 8.053ms
[2023-11-16T04:06:23.675+0000][7][gc,cpu      ] GC(33) User=0.04s Sys=0.00s Real=0.01s
[2023-11-16T04:06:23.675+0000][7][safepoint   ] Safepoint "G1CollectForAllocation", Time since last: 72612220 ns, Reaching safepoint: 54640 ns, At safepoint: 8170523 ns, Total: 8225163 ns
[2023-11-16T04:06:24.675+0000][7][safepoint   ] Safepoint "Cleanup", Time since last: 1000070224 ns, Reaching safepoint: 54695 ns, At safepoint: 5982 ns, Total: 60677 ns
[2023-11-16T04:06:25.675+0000][7][safepoint   ] Safepoint "Cleanup", Time since last: 1000090288 ns, Reaching safepoint: 45283 ns, At safepoint: 4092 ns, Total: 49375 ns
[2023-11-16T04:06:27.676+0000][7][safepoint   ] Safepoint "Cleanup", Time since last: 2000495196 ns, Reaching safepoint: 120396 ns, At safepoint: 7059 ns, Total: 127455 ns
[2023-11-16T04:06:28.676+0000][7][safepoint   ] Safepoint "Cleanup", Time since last: 1000086765 ns, Reaching safepoint: 71763 ns, At safepoint: 5798 ns, Total: 77561 ns
[2023-11-16T04:06:30.677+0000][7][safepoint   ] Safepoint "Cleanup", Time since last: 2000374728 ns, Reaching safepoint: 73658 ns, At safepoint: 7211 ns, Total: 80869 ns
[2023-11-16T04:06:31.677+0000][7][safepoint   ] Safepoint "Cleanup", Time since last: 1000112334 ns, Reaching safepoint: 113380 ns, At safepoint: 4828 ns, Total: 118208 ns
[2023-11-16T04:06:33.678+0000][7][safepoint   ] Safepoint "Cleanup", Time since last: 2000464598 ns, Reaching safepoint: 154425 ns, At safepoint: 5523 ns, Total: 159948 ns
[2023-11-16T04:06:35.678+0000][7][safepoint   ] Safepoint "Cleanup", Time since last: 2000188009 ns, Reaching safepoint: 70970 ns, At safepoint: 3165 ns, Total: 74135 ns
[2023-11-16T04:06:36.678+0000][7][safepoint   ] Safepoint "Cleanup", Time since last: 1000088783 ns, Reaching safepoint: 60895 ns, At safepoint: 5753 ns, Total: 66648 ns
[2023-11-16T04:06:38.678+0000][7][safepoint   ] Safepoint "Cleanup", Time since last: 2000243330 ns, Reaching safepoint: 53696 ns, At safepoint: 4962 ns, Total: 58658 ns
[2023-11-16T04:06:39.679+0000][7][safepoint   ] Safepoint "Cleanup", Time since last: 1000234807 ns, Reaching safepoint: 162611 ns, At safepoint: 6424 ns, Total: 169035 ns
[2023-11-16T04:06:39.854+0000][7][gc,start    ] GC(34) Pause Young (Normal) (G1 Evacuation Pause)
[2023-11-16T04:06:39.854+0000][7][gc,task     ] GC(34) Using 8 workers of 8 for evacuation
[2023-11-16T04:06:39.854+0000][7][gc,age      ] GC(34) Desired survivor size 20971520 bytes, new threshold 15 (max threshold 15)
[2023-11-16T04:06:39.863+0000][7][gc,age      ] GC(34) Age table with threshold 15 (max threshold 15)
[2023-11-16T04:06:39.863+0000][7][gc,age      ] GC(34) - age   1:    1703048 bytes,    1703048 total
[2023-11-16T04:06:39.863+0000][7][gc,age      ] GC(34) - age   2:     998392 bytes,    2701440 total
[2023-11-16T04:06:39.863+0000][7][gc,age      ] GC(34) - age   3:     446648 bytes,    3148088 total
[2023-11-16T04:06:39.863+0000][7][gc,age      ] GC(34) - age   4:     271360 bytes,    3419448 total
[2023-11-16T04:06:39.863+0000][7][gc,age      ] GC(34) - age   5:     470344 bytes,    3889792 total
[2023-11-16T04:06:39.863+0000][7][gc,age      ] GC(34) - age   6:     298272 bytes,    4188064 total
[2023-11-16T04:06:39.863+0000][7][gc,age      ] GC(34) - age   7:     347808 bytes,    4535872 total
[2023-11-16T04:06:39.863+0000][7][gc,age      ] GC(34) - age   8:     417424 bytes,    4953296 total
[2023-11-16T04:06:39.863+0000][7][gc,age      ] GC(34) - age   9:     380128 bytes,    5333424 total
[2023-11-16T04:06:39.863+0000][7][gc,age      ] GC(34) - age  10:     377344 bytes,    5710768 total
[2023-11-16T04:06:39.863+0000][7][gc,age      ] GC(34) - age  11:     468184 bytes,    6178952 total
[2023-11-16T04:06:39.863+0000][7][gc,age      ] GC(34) - age  12:    1418856 bytes,    7597808 total
[2023-11-16T04:06:39.863+0000][7][gc,age      ] GC(34) - age  13:    3574928 bytes,   11172736 total
[2023-11-16T04:06:39.863+0000][7][gc,age      ] GC(34) - age  14:     438248 bytes,   11610984 total
[2023-11-16T04:06:39.863+0000][7][gc,age      ] GC(34) - age  15:    5769184 bytes,   17380168 total
[2023-11-16T04:06:39.863+0000][7][gc,phases   ] GC(34)   Pre Evacuate Collection Set: 0.1ms
[2023-11-16T04:06:39.863+0000][7][gc,phases   ] GC(34)   Merge Heap Roots: 0.0ms
[2023-11-16T04:06:39.863+0000][7][gc,phases   ] GC(34)   Evacuate Collection Set: 7.8ms
[2023-11-16T04:06:39.863+0000][7][gc,phases   ] GC(34)   Post Evacuate Collection Set: 0.7ms
[2023-11-16T04:06:39.863+0000][7][gc,phases   ] GC(34)   Other: 0.3ms
[2023-11-16T04:06:39.863+0000][7][gc,heap     ] GC(34) Eden regions: 70->0(70)
[2023-11-16T04:06:39.863+0000][7][gc,heap     ] GC(34) Survivor regions: 5->5(10)
[2023-11-16T04:06:39.863+0000][7][gc,heap     ] GC(34) Old regions: 21->21
[2023-11-16T04:06:39.863+0000][7][gc,heap     ] GC(34) Archive regions: 2->2
[2023-11-16T04:06:39.863+0000][7][gc,heap     ] GC(34) Humongous regions: 5->5
[2023-11-16T04:06:39.863+0000][7][gc,metaspace] GC(34) Metaspace: 114621K(116288K)->114621K(116288K) NonClass: 99187K(100160K)->99187K(100160K) Class: 15434K(16128K)->15434K(16128K)
[2023-11-16T04:06:39.863+0000][7][gc          ] GC(34) Pause Young (Normal) (G1 Evacuation Pause) 406M->125M(512M) 8.915ms
[2023-11-16T04:06:39.863+0000][7][gc,cpu      ] GC(34) User=0.04s Sys=0.01s Real=0.01s
[2023-11-16T04:06:39.863+0000][7][safepoint   ] Safepoint "G1CollectForAllocation", Time since last: 175489447 ns, Reaching safepoint: 50337 ns, At safepoint: 9000906 ns, Total: 9051243 ns
[2023-11-16T04:06:40.863+0000][7][safepoint   ] Safepoint "Cleanup", Time since last: 1000122969 ns, Reaching safepoint: 54429 ns, At safepoint: 4370 ns, Total: 58799 ns
[2023-11-16T04:06:42.864+0000][7][safepoint   ] Safepoint "Cleanup", Time since last: 2000342698 ns, Reaching safepoint: 89513 ns, At safepoint: 7584 ns, Total: 97097 ns
[2023-11-16T04:06:43.864+0000][7][safepoint   ] Safepoint "Cleanup", Time since last: 1000097993 ns, Reaching safepoint: 92940 ns, At safepoint: 7132 ns, Total: 100072 ns
[2023-11-16T04:06:45.864+0000][7][safepoint   ] Safepoint "Cleanup", Time since last: 2000198003 ns, Reaching safepoint: 124712 ns, At safepoint: 5463 ns, Total: 130175 ns
[2023-11-16T04:06:46.865+0000][7][safepoint   ] Safepoint "Cleanup", Time since last: 1000083152 ns, Reaching safepoint: 69191 ns, At safepoint: 4237 ns, Total: 73428 ns
[2023-11-16T04:06:48.865+0000][7][safepoint   ] Safepoint "Cleanup", Time since last: 2000217355 ns, Reaching safepoint: 72294 ns, At safepoint: 4760 ns, Total: 77054 ns
[2023-11-16T04:06:49.865+0000][7][safepoint   ] Safepoint "Cleanup", Time since last: 1000220803 ns, Reaching safepoint: 114837 ns, At safepoint: 6390 ns, Total: 121227 ns
[2023-11-16T04:06:50.865+0000][7][safepoint   ] Safepoint "Cleanup", Time since last: 1000092516 ns, Reaching safepoint: 71118 ns, At safepoint: 6678 ns, Total: 77796 ns
[2023-11-16T04:06:51.866+0000][7][safepoint   ] Safepoint "Cleanup", Time since last: 1000092502 ns, Reaching safepoint: 233246 ns, At safepoint: 7963 ns, Total: 241209 ns
[2023-11-16T04:06:53.866+0000][7][safepoint   ] Safepoint "Cleanup", Time since last: 2000197625 ns, Reaching safepoint: 47178 ns, At safepoint: 5316 ns, Total: 52494 ns
[2023-11-16T04:06:54.866+0000][7][safepoint   ] Safepoint "Cleanup", Time since last: 1000154488 ns, Reaching safepoint: 175493 ns, At safepoint: 10454 ns, Total: 185947 ns
[2023-11-16T04:06:55.867+0000][7][safepoint   ] Safepoint "Cleanup", Time since last: 1000154425 ns, Reaching safepoint: 72011 ns, At safepoint: 8023 ns, Total: 80034 ns
[2023-11-16T04:06:55.867+0000][7][gc,start    ] GC(35) Pause Young (Normal) (G1 Evacuation Pause)
[2023-11-16T04:06:55.867+0000][7][gc,task     ] GC(35) Using 8 workers of 8 for evacuation
[2023-11-16T04:06:55.867+0000][7][gc,age      ] GC(35) Desired survivor size 20971520 bytes, new threshold 15 (max threshold 15)
[2023-11-16T04:06:55.904+0000][7][gc,age      ] GC(35) Age table with threshold 15 (max threshold 15)
[2023-11-16T04:06:55.904+0000][7][gc,age      ] GC(35) - age   1:    1769176 bytes,    1769176 total
[2023-11-16T04:06:55.904+0000][7][gc,age      ] GC(35) - age   2:     682320 bytes,    2451496 total
[2023-11-16T04:06:55.904+0000][7][gc,age      ] GC(35) - age   3:     618136 bytes,    3069632 total
[2023-11-16T04:06:55.904+0000][7][gc,age      ] GC(35) - age   4:     306520 bytes,    3376152 total
[2023-11-16T04:06:55.904+0000][7][gc,age      ] GC(35) - age   5:     270984 bytes,    3647136 total
[2023-11-16T04:06:55.904+0000][7][gc,age      ] GC(35) - age   6:     469576 bytes,    4116712 total
[2023-11-16T04:06:55.904+0000][7][gc,age      ] GC(35) - age   7:     298016 bytes,    4414728 total
[2023-11-16T04:06:55.904+0000][7][gc,age      ] GC(35) - age   8:     347808 bytes,    4762536 total
[2023-11-16T04:06:55.904+0000][7][gc,age      ] GC(35) - age   9:     417424 bytes,    5179960 total
[2023-11-16T04:06:55.904+0000][7][gc,age      ] GC(35) - age  10:     380128 bytes,    5560088 total
[2023-11-16T04:06:55.904+0000][7][gc,age      ] GC(35) - age  11:     377344 bytes,    5937432 total
[2023-11-16T04:06:55.904+0000][7][gc,age      ] GC(35) - age  12:     468048 bytes,    6405480 total
[2023-11-16T04:06:55.904+0000][7][gc,age      ] GC(35) - age  13:    1417176 bytes,    7822656 total
[2023-11-16T04:06:55.904+0000][7][gc,age      ] GC(35) - age  14:    3574072 bytes,   11396728 total
[2023-11-16T04:06:55.904+0000][7][gc,age      ] GC(35) - age  15:     438248 bytes,   11834976 total
[2023-11-16T04:06:55.904+0000][7][gc,phases   ] GC(35)   Pre Evacuate Collection Set: 0.1ms
[2023-11-16T04:06:55.904+0000][7][gc,phases   ] GC(35)   Merge Heap Roots: 0.1ms
[2023-11-16T04:06:55.904+0000][7][gc,phases   ] GC(35)   Evacuate Collection Set: 35.9ms
[2023-11-16T04:06:55.904+0000][7][gc,phases   ] GC(35)   Post Evacuate Collection Set: 1.0ms
[2023-11-16T04:06:55.904+0000][7][gc,phases   ] GC(35)   Other: 0.3ms
[2023-11-16T04:06:55.904+0000][7][gc,heap     ] GC(35) Eden regions: 70->0(70)
[2023-11-16T04:06:55.904+0000][7][gc,heap     ] GC(35) Survivor regions: 5->4(10)
[2023-11-16T04:06:55.904+0000][7][gc,heap     ] GC(35) Old regions: 21->23
[2023-11-16T04:06:55.904+0000][7][gc,heap     ] GC(35) Archive regions: 2->2
[2023-11-16T04:06:55.904+0000][7][gc,heap     ] GC(35) Humongous regions: 5->5
[2023-11-16T04:06:55.904+0000][7][gc,metaspace] GC(35) Metaspace: 114715K(116352K)->114715K(116352K) NonClass: 99280K(100224K)->99280K(100224K) Class: 15434K(16128K)->15434K(16128K)
[2023-11-16T04:06:55.904+0000][7][gc          ] GC(35) Pause Young (Normal) (G1 Evacuation Pause) 405M->126M(512M) 37.284ms
[2023-11-16T04:06:55.904+0000][7][gc,cpu      ] GC(35) User=0.07s Sys=0.00s Real=0.04s
[2023-11-16T04:06:55.904+0000][7][safepoint   ] Safepoint "G1CollectForAllocation", Time since last: 42659 ns, Reaching safepoint: 16913 ns, At safepoint: 37384462 ns, Total: 37401375 ns
[2023-11-16T04:06:56.904+0000][7][safepoint   ] Safepoint "Cleanup", Time since last: 1000074670 ns, Reaching safepoint: 80826 ns, At safepoint: 8214 ns, Total: 89040 ns
[2023-11-16T04:06:57.904+0000][7][safepoint   ] Safepoint "Cleanup", Time since last: 1000145647 ns, Reaching safepoint: 153997 ns, At safepoint: 6533 ns, Total: 160530 ns
[2023-11-16T04:06:58.905+0000][7][safepoint   ] Safepoint "Cleanup", Time since last: 1000121247 ns, Reaching safepoint: 36228 ns, At safepoint: 4762 ns, Total: 40990 ns
[2023-11-16T04:07:00.905+0000][7][safepoint   ] Safepoint "Cleanup", Time since last: 2000255689 ns, Reaching safepoint: 179029 ns, At safepoint: 5308 ns, Total: 184337 ns
[2023-11-16T04:07:01.905+0000][7][safepoint   ] Safepoint "Cleanup", Time since last: 1000229554 ns, Reaching safepoint: 92135 ns, At safepoint: 6079 ns, Total: 98214 ns
[2023-11-16T04:07:03.906+0000][7][safepoint   ] Safepoint "Cleanup", Time since last: 2000430799 ns, Reaching safepoint: 72227 ns, At safepoint: 7487 ns, Total: 79714 ns
[2023-11-16T04:07:05.906+0000][7][safepoint   ] Safepoint "Cleanup", Time since last: 2000215263 ns, Reaching safepoint: 71330 ns, At safepoint: 4052 ns, Total: 75382 ns
[2023-11-16T04:07:06.906+0000][7][safepoint   ] Safepoint "Cleanup", Time since last: 1000089624 ns, Reaching safepoint: 146536 ns, At safepoint: 3866 ns, Total: 150402 ns
[2023-11-16T04:07:08.907+0000][7][safepoint   ] Safepoint "Cleanup", Time since last: 2000493574 ns, Reaching safepoint: 99788 ns, At safepoint: 11485 ns, Total: 111273 ns
[2023-11-16T04:07:09.907+0000][7][safepoint   ] Safepoint "Cleanup", Time since last: 1000164777 ns, Reaching safepoint: 93603 ns, At safepoint: 7941 ns, Total: 101544 ns
[2023-11-16T04:07:10.908+0000][7][safepoint   ] Safepoint "Cleanup", Time since last: 1000146627 ns, Reaching safepoint: 128546 ns, At safepoint: 10897 ns, Total: 139443 ns
[2023-11-16T04:07:12.261+0000][7][gc,start    ] GC(36) Pause Young (Normal) (G1 Evacuation Pause)
[2023-11-16T04:07:12.261+0000][7][gc,task     ] GC(36) Using 8 workers of 8 for evacuation
[2023-11-16T04:07:12.261+0000][7][gc,age      ] GC(36) Desired survivor size 20971520 bytes, new threshold 15 (max threshold 15)
[2023-11-16T04:07:12.268+0000][7][gc,age      ] GC(36) Age table with threshold 15 (max threshold 15)
[2023-11-16T04:07:12.268+0000][7][gc,age      ] GC(36) - age   1:    1113456 bytes,    1113456 total
[2023-11-16T04:07:12.268+0000][7][gc,age      ] GC(36) - age   2:     868040 bytes,    1981496 total
[2023-11-16T04:07:12.268+0000][7][gc,age      ] GC(36) - age   3:     661072 bytes,    2642568 total
[2023-11-16T04:07:12.268+0000][7][gc,age      ] GC(36) - age   4:     617688 bytes,    3260256 total
[2023-11-16T04:07:12.268+0000][7][gc,age      ] GC(36) - age   5:     306096 bytes,    3566352 total
[2023-11-16T04:07:12.268+0000][7][gc,age      ] GC(36) - age   6:     270984 bytes,    3837336 total
[2023-11-16T04:07:12.268+0000][7][gc,age      ] GC(36) - age   7:     469576 bytes,    4306912 total
[2023-11-16T04:07:12.268+0000][7][gc,age      ] GC(36) - age   8:     298016 bytes,    4604928 total
[2023-11-16T04:07:12.268+0000][7][gc,age      ] GC(36) - age   9:     347808 bytes,    4952736 total
[2023-11-16T04:07:12.268+0000][7][gc,age      ] GC(36) - age  10:     417424 bytes,    5370160 total
[2023-11-16T04:07:12.268+0000][7][gc,age      ] GC(36) - age  11:     380128 bytes,    5750288 total
[2023-11-16T04:07:12.268+0000][7][gc,age      ] GC(36) - age  12:     377344 bytes,    6127632 total
[2023-11-16T04:07:12.268+0000][7][gc,age      ] GC(36) - age  13:     468048 bytes,    6595680 total
[2023-11-16T04:07:12.268+0000][7][gc,age      ] GC(36) - age  14:    1416968 bytes,    8012648 total
[2023-11-16T04:07:12.268+0000][7][gc,age      ] GC(36) - age  15:    3574072 bytes,   11586720 total
[2023-11-16T04:07:12.268+0000][7][gc,phases   ] GC(36)   Pre Evacuate Collection Set: 0.1ms
[2023-11-16T04:07:12.268+0000][7][gc,phases   ] GC(36)   Merge Heap Roots: 0.1ms
[2023-11-16T04:07:12.268+0000][7][gc,phases   ] GC(36)   Evacuate Collection Set: 5.5ms
[2023-11-16T04:07:12.268+0000][7][gc,phases   ] GC(36)   Post Evacuate Collection Set: 0.7ms
[2023-11-16T04:07:12.268+0000][7][gc,phases   ] GC(36)   Other: 0.3ms
[2023-11-16T04:07:12.268+0000][7][gc,heap     ] GC(36) Eden regions: 70->0(72)
[2023-11-16T04:07:12.268+0000][7][gc,heap     ] GC(36) Survivor regions: 4->3(10)
[2023-11-16T04:07:12.268+0000][7][gc,heap     ] GC(36) Old regions: 23->23
[2023-11-16T04:07:12.268+0000][7][gc,heap     ] GC(36) Archive regions: 2->2
[2023-11-16T04:07:12.268+0000][7][gc,heap     ] GC(36) Humongous regions: 5->5
[2023-11-16T04:07:12.268+0000][7][gc,metaspace] GC(36) Metaspace: 114784K(116416K)->114784K(116416K) NonClass: 99350K(100288K)->99350K(100288K) Class: 15434K(16128K)->15434K(16128K)
[2023-11-16T04:07:12.268+0000][7][gc          ] GC(36) Pause Young (Normal) (G1 Evacuation Pause) 406M->125M(512M) 6.701ms
[2023-11-16T04:07:12.268+0000][7][gc,cpu      ] GC(36) User=0.04s Sys=0.00s Real=0.00s
[2023-11-16T04:07:12.268+0000][7][safepoint   ] Safepoint "G1CollectForAllocation", Time since last: 1353498412 ns, Reaching safepoint: 41153 ns, At safepoint: 6769749 ns, Total: 6810902 ns
[2023-11-16T04:07:13.268+0000][7][safepoint   ] Safepoint "Cleanup", Time since last: 1000086203 ns, Reaching safepoint: 76316 ns, At safepoint: 8723 ns, Total: 85039 ns
[2023-11-16T04:07:16.268+0000][7][safepoint   ] Safepoint "Cleanup", Time since last: 3000258111 ns, Reaching safepoint: 72903 ns, At safepoint: 5240 ns, Total: 78143 ns
[2023-11-16T04:07:19.269+0000][7][safepoint   ] Safepoint "Cleanup", Time since last: 3000245084 ns, Reaching safepoint: 120524 ns, At safepoint: 7344 ns, Total: 127868 ns
[2023-11-16T04:07:21.269+0000][7][safepoint   ] Safepoint "Cleanup", Time since last: 2000221123 ns, Reaching safepoint: 86670 ns, At safepoint: 3752 ns, Total: 90422 ns
[2023-11-16T04:07:23.085+0000][7][safepoint   ] Safepoint "Cleanup", Time since last: 1815889221 ns, Reaching safepoint: 100523 ns, At safepoint: 6110 ns, Total: 106633 ns
[2023-11-16T04:07:24.085+0000][7][safepoint   ] Safepoint "Cleanup", Time since last: 1000320768 ns, Reaching safepoint: 60549 ns, At safepoint: 6173 ns, Total: 66722 ns
[2023-11-16T04:07:25.582+0000][7][safepoint   ] Safepoint "Cleanup", Time since last: 1496518374 ns, Reaching safepoint: 213575 ns, At safepoint: 4038 ns, Total: 217613 ns
[2023-11-16T04:07:26.582+0000][7][safepoint   ] Safepoint "Cleanup", Time since last: 1000118107 ns, Reaching safepoint: 91337 ns, At safepoint: 3382 ns, Total: 94719 ns
[2023-11-16T04:07:27.583+0000][7][safepoint   ] Safepoint "Cleanup", Time since last: 1000216159 ns, Reaching safepoint: 82506 ns, At safepoint: 5740 ns, Total: 88246 ns
[2023-11-16T04:07:28.157+0000][7][gc,start    ] GC(37) Pause Young (Normal) (G1 Evacuation Pause)
[2023-11-16T04:07:28.157+0000][7][gc,task     ] GC(37) Using 8 workers of 8 for evacuation
[2023-11-16T04:07:28.157+0000][7][gc,age      ] GC(37) Desired survivor size 20971520 bytes, new threshold 15 (max threshold 15)
[2023-11-16T04:07:28.187+0000][7][gc,age      ] GC(37) Age table with threshold 15 (max threshold 15)
[2023-11-16T04:07:28.187+0000][7][gc,age      ] GC(37) - age   1:    1887832 bytes,    1887832 total
[2023-11-16T04:07:28.187+0000][7][gc,age      ] GC(37) - age   2:     642264 bytes,    2530096 total
[2023-11-16T04:07:28.187+0000][7][gc,age      ] GC(37) - age   3:     448424 bytes,    2978520 total
[2023-11-16T04:07:28.187+0000][7][gc,age      ] GC(37) - age   4:     534144 bytes,    3512664 total
[2023-11-16T04:07:28.187+0000][7][gc,age      ] GC(37) - age   5:     616944 bytes,    4129608 total
[2023-11-16T04:07:28.187+0000][7][gc,age      ] GC(37) - age   6:     305840 bytes,    4435448 total
[2023-11-16T04:07:28.187+0000][7][gc,age      ] GC(37) - age   7:     270984 bytes,    4706432 total
[2023-11-16T04:07:28.187+0000][7][gc,age      ] GC(37) - age   8:     338488 bytes,    5044920 total
[2023-11-16T04:07:28.187+0000][7][gc,age      ] GC(37) - age   9:     276600 bytes,    5321520 total
[2023-11-16T04:07:28.187+0000][7][gc,age      ] GC(37) - age  10:     347624 bytes,    5669144 total
[2023-11-16T04:07:28.187+0000][7][gc,age      ] GC(37) - age  11:     414168 bytes,    6083312 total
[2023-11-16T04:07:28.187+0000][7][gc,age      ] GC(37) - age  12:     358856 bytes,    6442168 total
[2023-11-16T04:07:28.187+0000][7][gc,age      ] GC(37) - age  13:     358720 bytes,    6800888 total
[2023-11-16T04:07:28.187+0000][7][gc,age      ] GC(37) - age  14:     441112 bytes,    7242000 total
[2023-11-16T04:07:28.187+0000][7][gc,age      ] GC(37) - age  15:    1309792 bytes,    8551792 total
[2023-11-16T04:07:28.187+0000][7][gc,phases   ] GC(37)   Pre Evacuate Collection Set: 0.1ms
[2023-11-16T04:07:28.187+0000][7][gc,phases   ] GC(37)   Merge Heap Roots: 0.0ms
[2023-11-16T04:07:28.187+0000][7][gc,phases   ] GC(37)   Evacuate Collection Set: 22.3ms
[2023-11-16T04:07:28.187+0000][7][gc,phases   ] GC(37)   Post Evacuate Collection Set: 7.2ms
[2023-11-16T04:07:28.187+0000][7][gc,phases   ] GC(37)   Other: 0.3ms
[2023-11-16T04:07:28.187+0000][7][gc,heap     ] GC(37) Eden regions: 72->0(71)
[2023-11-16T04:07:28.187+0000][7][gc,heap     ] GC(37) Survivor regions: 3->3(10)
[2023-11-16T04:07:28.187+0000][7][gc,heap     ] GC(37) Old regions: 23->24
[2023-11-16T04:07:28.187+0000][7][gc,heap     ] GC(37) Archive regions: 2->2
[2023-11-16T04:07:28.187+0000][7][gc,heap     ] GC(37) Humongous regions: 5->5
[2023-11-16T04:07:28.187+0000][7][gc,metaspace] GC(37) Metaspace: 114888K(116544K)->114888K(116544K) NonClass: 99453K(100416K)->99453K(100416K) Class: 15434K(16128K)->15434K(16128K)
[2023-11-16T04:07:28.187+0000][7][gc          ] GC(37) Pause Young (Normal) (G1 Evacuation Pause) 413M->126M(512M) 29.969ms
[2023-11-16T04:07:28.187+0000][7][gc,cpu      ] GC(37) User=0.03s Sys=0.01s Real=0.03s
[2023-11-16T04:07:28.187+0000][7][safepoint   ] Safepoint "G1CollectForAllocation", Time since last: 574068374 ns, Reaching safepoint: 88727 ns, At safepoint: 30065540 ns, Total: 30154267 ns
[2023-11-16T04:07:29.187+0000][7][safepoint   ] Safepoint "Cleanup", Time since last: 1000225787 ns, Reaching safepoint: 56802 ns, At safepoint: 6199 ns, Total: 63001 ns
[2023-11-16T04:07:31.188+0000][7][safepoint   ] Safepoint "Cleanup", Time since last: 2000254002 ns, Reaching safepoint: 197094 ns, At safepoint: 5655 ns, Total: 202749 ns
[2023-11-16T04:07:33.188+0000][7][safepoint   ] Safepoint "Cleanup", Time since last: 2000180484 ns, Reaching safepoint: 107823 ns, At safepoint: 5554 ns, Total: 113377 ns
[2023-11-16T04:07:34.188+0000][7][safepoint   ] Safepoint "Cleanup", Time since last: 1000119433 ns, Reaching safepoint: 58019 ns, At safepoint: 3518 ns, Total: 61537 ns
[2023-11-16T04:07:36.189+0000][7][safepoint   ] Safepoint "Cleanup", Time since last: 2000252607 ns, Reaching safepoint: 125662 ns, At safepoint: 3345 ns, Total: 129007 ns
[2023-11-16T04:07:37.189+0000][7][safepoint   ] Safepoint "Cleanup", Time since last: 1000164457 ns, Reaching safepoint: 209332 ns, At safepoint: 5290 ns, Total: 214622 ns
[2023-11-16T04:07:38.189+0000][7][safepoint   ] Safepoint "Cleanup", Time since last: 1000122198 ns, Reaching safepoint: 62556 ns, At safepoint: 4245 ns, Total: 66801 ns
[2023-11-16T04:07:39.189+0000][7][safepoint   ] Safepoint "Cleanup", Time since last: 1000100246 ns, Reaching safepoint: 45755 ns, At safepoint: 2989 ns, Total: 48744 ns
[2023-11-16T04:07:40.190+0000][7][safepoint   ] Safepoint "Cleanup", Time since last: 1000196461 ns, Reaching safepoint: 69614 ns, At safepoint: 5333 ns, Total: 74947 ns
[2023-11-16T04:07:41.190+0000][7][safepoint   ] Safepoint "Cleanup", Time since last: 1000092605 ns, Reaching safepoint: 92582 ns, At safepoint: 5799 ns, Total: 98381 ns
[2023-11-16T04:07:43.190+0000][7][safepoint   ] Safepoint "Cleanup", Time since last: 2000224740 ns, Reaching safepoint: 124200 ns, At safepoint: 6489 ns, Total: 130689 ns
[2023-11-16T04:07:44.474+0000][7][gc,start    ] GC(38) Pause Young (Normal) (G1 Evacuation Pause)
[2023-11-16T04:07:44.475+0000][7][gc,task     ] GC(38) Using 8 workers of 8 for evacuation
[2023-11-16T04:07:44.475+0000][7][gc,age      ] GC(38) Desired survivor size 20971520 bytes, new threshold 15 (max threshold 15)
[2023-11-16T04:07:44.483+0000][7][gc,age      ] GC(38) Age table with threshold 15 (max threshold 15)
[2023-11-16T04:07:44.483+0000][7][gc,age      ] GC(38) - age   1:    1956152 bytes,    1956152 total
[2023-11-16T04:07:44.483+0000][7][gc,age      ] GC(38) - age   2:    1187952 bytes,    3144104 total
[2023-11-16T04:07:44.483+0000][7][gc,age      ] GC(38) - age   3:     285672 bytes,    3429776 total
[2023-11-16T04:07:44.483+0000][7][gc,age      ] GC(38) - age   4:     246840 bytes,    3676616 total
[2023-11-16T04:07:44.483+0000][7][gc,age      ] GC(38) - age   5:     273016 bytes,    3949632 total
[2023-11-16T04:07:44.483+0000][7][gc,age      ] GC(38) - age   6:     616488 bytes,    4566120 total
[2023-11-16T04:07:44.483+0000][7][gc,age      ] GC(38) - age   7:     305392 bytes,    4871512 total
[2023-11-16T04:07:44.483+0000][7][gc,age      ] GC(38) - age   8:     270920 bytes,    5142432 total
[2023-11-16T04:07:44.483+0000][7][gc,age      ] GC(38) - age   9:     338488 bytes,    5480920 total
[2023-11-16T04:07:44.483+0000][7][gc,age      ] GC(38) - age  10:     276536 bytes,    5757456 total
[2023-11-16T04:07:44.483+0000][7][gc,age      ] GC(38) - age  11:     347520 bytes,    6104976 total
[2023-11-16T04:07:44.483+0000][7][gc,age      ] GC(38) - age  12:     414168 bytes,    6519144 total
[2023-11-16T04:07:44.483+0000][7][gc,age      ] GC(38) - age  13:     358824 bytes,    6877968 total
[2023-11-16T04:07:44.483+0000][7][gc,age      ] GC(38) - age  14:     358656 bytes,    7236624 total
[2023-11-16T04:07:44.483+0000][7][gc,age      ] GC(38) - age  15:     441048 bytes,    7677672 total
[2023-11-16T04:07:44.483+0000][7][gc,phases   ] GC(38)   Pre Evacuate Collection Set: 0.1ms
[2023-11-16T04:07:44.483+0000][7][gc,phases   ] GC(38)   Merge Heap Roots: 0.1ms
[2023-11-16T04:07:44.483+0000][7][gc,phases   ] GC(38)   Evacuate Collection Set: 7.9ms
[2023-11-16T04:07:44.483+0000][7][gc,phases   ] GC(38)   Post Evacuate Collection Set: 0.7ms
[2023-11-16T04:07:44.483+0000][7][gc,phases   ] GC(38)   Other: 0.2ms
[2023-11-16T04:07:44.483+0000][7][gc,heap     ] GC(38) Eden regions: 71->0(73)
[2023-11-16T04:07:44.483+0000][7][gc,heap     ] GC(38) Survivor regions: 3->2(10)
[2023-11-16T04:07:44.483+0000][7][gc,heap     ] GC(38) Old regions: 24->24
[2023-11-16T04:07:44.483+0000][7][gc,heap     ] GC(38) Archive regions: 2->2
[2023-11-16T04:07:44.483+0000][7][gc,heap     ] GC(38) Humongous regions: 5->5
[2023-11-16T04:07:44.483+0000][7][gc,metaspace] GC(38) Metaspace: 114999K(116672K)->114999K(116672K) NonClass: 99564K(100544K)->99564K(100544K) Class: 15435K(16128K)->15435K(16128K)
[2023-11-16T04:07:44.484+0000][7][gc          ] GC(38) Pause Young (Normal) (G1 Evacuation Pause) 410M->126M(512M) 9.019ms
[2023-11-16T04:07:44.484+0000][7][gc,cpu      ] GC(38) User=0.03s Sys=0.00s Real=0.01s
[2023-11-16T04:07:44.484+0000][7][safepoint   ] Safepoint "G1CollectForAllocation", Time since last: 1284330905 ns, Reaching safepoint: 76875 ns, At safepoint: 9120128 ns, Total: 9197003 ns
[2023-11-16T04:07:46.484+0000][7][safepoint   ] Safepoint "Cleanup", Time since last: 2000416182 ns, Reaching safepoint: 40778 ns, At safepoint: 4952 ns, Total: 45730 ns
[2023-11-16T04:07:48.484+0000][7][safepoint   ] Safepoint "Cleanup", Time since last: 2000282044 ns, Reaching safepoint: 54560 ns, At safepoint: 5974 ns, Total: 60534 ns
[2023-11-16T04:07:49.485+0000][7][safepoint   ] Safepoint "Cleanup", Time since last: 1000084981 ns, Reaching safepoint: 58122 ns, At safepoint: 3887 ns, Total: 62009 ns
[2023-11-16T04:07:51.485+0000][7][safepoint   ] Safepoint "Cleanup", Time since last: 2000185968 ns, Reaching safepoint: 52733 ns, At safepoint: 6196 ns, Total: 58929 ns
[2023-11-16T04:07:52.485+0000][7][safepoint   ] Safepoint "Cleanup", Time since last: 1000231051 ns, Reaching safepoint: 78394 ns, At safepoint: 8444 ns, Total: 86838 ns
[2023-11-16T04:07:53.485+0000][7][safepoint   ] Safepoint "Cleanup", Time since last: 1000127464 ns, Reaching safepoint: 55989 ns, At safepoint: 5234 ns, Total: 61223 ns
[2023-11-16T04:07:54.486+0000][7][safepoint   ] Safepoint "Cleanup", Time since last: 1000140214 ns, Reaching safepoint: 79444 ns, At safepoint: 5802 ns, Total: 85246 ns
[2023-11-16T04:07:55.486+0000][7][safepoint   ] Safepoint "Cleanup", Time since last: 1000128917 ns, Reaching safepoint: 60738 ns, At safepoint: 6816 ns, Total: 67554 ns
[2023-11-16T04:07:56.486+0000][7][safepoint   ] Safepoint "Cleanup", Time since last: 1000152943 ns, Reaching safepoint: 48157 ns, At safepoint: 6395 ns, Total: 54552 ns
[2023-11-16T04:07:58.486+0000][7][safepoint   ] Safepoint "Cleanup", Time since last: 2000284983 ns, Reaching safepoint: 75808 ns, At safepoint: 4108 ns, Total: 79916 ns
[2023-11-16T04:08:00.487+0000][7][safepoint   ] Safepoint "Cleanup", Time since last: 2000272647 ns, Reaching safepoint: 106944 ns, At safepoint: 5908 ns, Total: 112852 ns
[2023-11-16T04:08:00.601+0000][7][gc,start    ] GC(39) Pause Young (Normal) (G1 Evacuation Pause)
[2023-11-16T04:08:00.601+0000][7][gc,task     ] GC(39) Using 8 workers of 8 for evacuation
[2023-11-16T04:08:00.601+0000][7][gc,age      ] GC(39) Desired survivor size 20971520 bytes, new threshold 15 (max threshold 15)
[2023-11-16T04:08:00.605+0000][7][gc,age      ] GC(39) Age table with threshold 15 (max threshold 15)
[2023-11-16T04:08:00.605+0000][7][gc,age      ] GC(39) - age   1:    1229536 bytes,    1229536 total
[2023-11-16T04:08:00.605+0000][7][gc,age      ] GC(39) - age   2:    1684312 bytes,    2913848 total
[2023-11-16T04:08:00.605+0000][7][gc,age      ] GC(39) - age   3:     970616 bytes,    3884464 total
[2023-11-16T04:08:00.605+0000][7][gc,age      ] GC(39) - age   4:     284792 bytes,    4169256 total
[2023-11-16T04:08:00.605+0000][7][gc,age      ] GC(39) - age   5:     246840 bytes,    4416096 total
[2023-11-16T04:08:00.605+0000][7][gc,age      ] GC(39) - age   6:     272568 bytes,    4688664 total
[2023-11-16T04:08:00.605+0000][7][gc,age      ] GC(39) - age   7:     615336 bytes,    5304000 total
[2023-11-16T04:08:00.605+0000][7][gc,age      ] GC(39) - age   8:     304648 bytes,    5608648 total
[2023-11-16T04:08:00.605+0000][7][gc,age      ] GC(39) - age   9:     270856 bytes,    5879504 total
[2023-11-16T04:08:00.605+0000][7][gc,age      ] GC(39) - age  10:     338488 bytes,    6217992 total
[2023-11-16T04:08:00.605+0000][7][gc,age      ] GC(39) - age  11:     276536 bytes,    6494528 total
[2023-11-16T04:08:00.605+0000][7][gc,age      ] GC(39) - age  12:     281968 bytes,    6776496 total
[2023-11-16T04:08:00.605+0000][7][gc,age      ] GC(39) - age  13:     414168 bytes,    7190664 total
[2023-11-16T04:08:00.605+0000][7][gc,age      ] GC(39) - age  14:     358760 bytes,    7549424 total
[2023-11-16T04:08:00.605+0000][7][gc,age      ] GC(39) - age  15:     358232 bytes,    7907656 total
[2023-11-16T04:08:00.605+0000][7][gc,phases   ] GC(39)   Pre Evacuate Collection Set: 0.1ms
[2023-11-16T04:08:00.605+0000][7][gc,phases   ] GC(39)   Merge Heap Roots: 0.0ms
[2023-11-16T04:08:00.605+0000][7][gc,phases   ] GC(39)   Evacuate Collection Set: 3.2ms
[2023-11-16T04:08:00.605+0000][7][gc,phases   ] GC(39)   Post Evacuate Collection Set: 0.6ms
[2023-11-16T04:08:00.605+0000][7][gc,phases   ] GC(39)   Other: 0.3ms
[2023-11-16T04:08:00.605+0000][7][gc,heap     ] GC(39) Eden regions: 73->0(73)
[2023-11-16T04:08:00.605+0000][7][gc,heap     ] GC(39) Survivor regions: 2->2(10)
[2023-11-16T04:08:00.605+0000][7][gc,heap     ] GC(39) Old regions: 24->24
[2023-11-16T04:08:00.605+0000][7][gc,heap     ] GC(39) Archive regions: 2->2
[2023-11-16T04:08:00.605+0000][7][gc,heap     ] GC(39) Humongous regions: 5->5
[2023-11-16T04:08:00.605+0000][7][gc,metaspace] GC(39) Metaspace: 115050K(116672K)->115050K(116672K) NonClass: 99615K(100544K)->99615K(100544K) Class: 15435K(16128K)->15435K(16128K)
[2023-11-16T04:08:00.605+0000][7][gc          ] GC(39) Pause Young (Normal) (G1 Evacuation Pause) 418M->127M(512M) 4.250ms
[2023-11-16T04:08:00.605+0000][7][gc,cpu      ] GC(39) User=0.03s Sys=0.00s Real=0.00s
[2023-11-16T04:08:00.605+0000][7][safepoint   ] Safepoint "G1CollectForAllocation", Time since last: 114327629 ns, Reaching safepoint: 70935 ns, At safepoint: 4330872 ns, Total: 4401807 ns
[2023-11-16T04:08:01.606+0000][7][safepoint   ] Safepoint "Cleanup", Time since last: 1000187425 ns, Reaching safepoint: 49861 ns, At safepoint: 6684 ns, Total: 56545 ns
[2023-11-16T04:08:03.606+0000][7][safepoint   ] Safepoint "Cleanup", Time since last: 2000484890 ns, Reaching safepoint: 64258 ns, At safepoint: 6182 ns, Total: 70440 ns
[2023-11-16T04:08:05.607+0000][7][safepoint   ] Safepoint "Cleanup", Time since last: 2000309096 ns, Reaching safepoint: 60951 ns, At safepoint: 6459 ns, Total: 67410 ns
[2023-11-16T04:08:06.607+0000][7][safepoint   ] Safepoint "Cleanup", Time since last: 1000322704 ns, Reaching safepoint: 30886 ns, At safepoint: 4840 ns, Total: 35726 ns
[2023-11-16T04:08:07.607+0000][7][safepoint   ] Safepoint "Cleanup", Time since last: 1000145350 ns, Reaching safepoint: 157877 ns, At safepoint: 6848 ns, Total: 164725 ns
[2023-11-16T04:08:08.607+0000][7][safepoint   ] Safepoint "Cleanup", Time since last: 1000116051 ns, Reaching safepoint: 56252 ns, At safepoint: 5961 ns, Total: 62213 ns
[2023-11-16T04:08:09.608+0000][7][safepoint   ] Safepoint "Cleanup", Time since last: 1000083803 ns, Reaching safepoint: 75783 ns, At safepoint: 4372 ns, Total: 80155 ns
[2023-11-16T04:08:10.608+0000][7][safepoint   ] Safepoint "Cleanup", Time since last: 1000091586 ns, Reaching safepoint: 40146 ns, At safepoint: 6497 ns, Total: 46643 ns
[2023-11-16T04:08:12.608+0000][7][safepoint   ] Safepoint "Cleanup", Time since last: 2000216198 ns, Reaching safepoint: 60088 ns, At safepoint: 4254 ns, Total: 64342 ns
[2023-11-16T04:08:13.608+0000][7][safepoint   ] Safepoint "Cleanup", Time since last: 1000087265 ns, Reaching safepoint: 75993 ns, At safepoint: 4991 ns, Total: 80984 ns
[2023-11-16T04:08:15.608+0000][7][safepoint   ] Safepoint "Cleanup", Time since last: 2000198950 ns, Reaching safepoint: 78688 ns, At safepoint: 6014 ns, Total: 84702 ns
[2023-11-16T04:08:18.597+0000][7][gc,start    ] GC(40) Pause Young (Normal) (G1 Evacuation Pause)
[2023-11-16T04:08:18.597+0000][7][gc,task     ] GC(40) Using 8 workers of 8 for evacuation
[2023-11-16T04:08:18.597+0000][7][gc,age      ] GC(40) Desired survivor size 20971520 bytes, new threshold 15 (max threshold 15)
[2023-11-16T04:08:18.603+0000][7][gc,age      ] GC(40) Age table with threshold 15 (max threshold 15)
[2023-11-16T04:08:18.603+0000][7][gc,age      ] GC(40) - age   1:    2914640 bytes,    2914640 total
[2023-11-16T04:08:18.603+0000][7][gc,age      ] GC(40) - age   2:     906224 bytes,    3820864 total
[2023-11-16T04:08:18.603+0000][7][gc,age      ] GC(40) - age   3:     814672 bytes,    4635536 total
[2023-11-16T04:08:18.603+0000][7][gc,age      ] GC(40) - age   4:     931912 bytes,    5567448 total
[2023-11-16T04:08:18.603+0000][7][gc,age      ] GC(40) - age   5:     284536 bytes,    5851984 total
[2023-11-16T04:08:18.603+0000][7][gc,age      ] GC(40) - age   6:     246776 bytes,    6098760 total
[2023-11-16T04:08:18.603+0000][7][gc,age      ] GC(40) - age   7:     272568 bytes,    6371328 total
[2023-11-16T04:08:18.603+0000][7][gc,age      ] GC(40) - age   8:     615304 bytes,    6986632 total
[2023-11-16T04:08:18.603+0000][7][gc,age      ] GC(40) - age   9:     304648 bytes,    7291280 total
[2023-11-16T04:08:18.603+0000][7][gc,age      ] GC(40) - age  10:     270856 bytes,    7562136 total
[2023-11-16T04:08:18.603+0000][7][gc,age      ] GC(40) - age  11:     338488 bytes,    7900624 total
[2023-11-16T04:08:18.603+0000][7][gc,age      ] GC(40) - age  12:     276536 bytes,    8177160 total
[2023-11-16T04:08:18.603+0000][7][gc,age      ] GC(40) - age  13:     281968 bytes,    8459128 total
[2023-11-16T04:08:18.603+0000][7][gc,age      ] GC(40) - age  14:     414168 bytes,    8873296 total
[2023-11-16T04:08:18.603+0000][7][gc,age      ] GC(40) - age  15:     358760 bytes,    9232056 total
[2023-11-16T04:08:18.603+0000][7][gc,phases   ] GC(40)   Pre Evacuate Collection Set: 0.2ms
[2023-11-16T04:08:18.603+0000][7][gc,phases   ] GC(40)   Merge Heap Roots: 0.1ms
[2023-11-16T04:08:18.603+0000][7][gc,phases   ] GC(40)   Evacuate Collection Set: 4.3ms
[2023-11-16T04:08:18.603+0000][7][gc,phases   ] GC(40)   Post Evacuate Collection Set: 0.8ms
[2023-11-16T04:08:18.603+0000][7][gc,phases   ] GC(40)   Other: 0.3ms
[2023-11-16T04:08:18.603+0000][7][gc,heap     ] GC(40) Eden regions: 73->0(71)
[2023-11-16T04:08:18.603+0000][7][gc,heap     ] GC(40) Survivor regions: 2->3(10)
[2023-11-16T04:08:18.603+0000][7][gc,heap     ] GC(40) Old regions: 24->24
[2023-11-16T04:08:18.603+0000][7][gc,heap     ] GC(40) Archive regions: 2->2
[2023-11-16T04:08:18.603+0000][7][gc,heap     ] GC(40) Humongous regions: 5->5
[2023-11-16T04:08:18.603+0000][7][gc,metaspace] GC(40) Metaspace: 115139K(116800K)->115139K(116800K) NonClass: 99704K(100672K)->99704K(100672K) Class: 15435K(16128K)->15435K(16128K)
[2023-11-16T04:08:18.603+0000][7][gc          ] GC(40) Pause Young (Normal) (G1 Evacuation Pause) 419M->128M(512M) 5.754ms
[2023-11-16T04:08:18.603+0000][7][gc,cpu      ] GC(40) User=0.03s Sys=0.00s Real=0.01s
[2023-11-16T04:08:18.603+0000][7][safepoint   ] Safepoint "G1CollectForAllocation", Time since last: 2988767010 ns, Reaching safepoint: 88154 ns, At safepoint: 5853846 ns, Total: 5942000 ns
[2023-11-16T04:08:19.604+0000][7][safepoint   ] Safepoint "Cleanup", Time since last: 1000262602 ns, Reaching safepoint: 171518 ns, At safepoint: 6457 ns, Total: 177975 ns
[2023-11-16T04:08:20.604+0000][7][safepoint   ] Safepoint "Cleanup", Time since last: 1000109213 ns, Reaching safepoint: 65317 ns, At safepoint: 7028 ns, Total: 72345 ns
[2023-11-16T04:08:21.604+0000][7][safepoint   ] Safepoint "Cleanup", Time since last: 1000089944 ns, Reaching safepoint: 36197 ns, At safepoint: 4051 ns, Total: 40248 ns
[2023-11-16T04:08:22.604+0000][7][safepoint   ] Safepoint "Cleanup", Time since last: 1000113917 ns, Reaching safepoint: 70219 ns, At safepoint: 3336 ns, Total: 73555 ns
[2023-11-16T04:08:23.604+0000][7][safepoint   ] Safepoint "Cleanup", Time since last: 1000314345 ns, Reaching safepoint: 28798 ns, At safepoint: 4085 ns, Total: 32883 ns
[2023-11-16T04:08:24.605+0000][7][safepoint   ] Safepoint "Cleanup", Time since last: 1000112637 ns, Reaching safepoint: 23627 ns, At safepoint: 28148 ns, Total: 51775 ns
[2023-11-16T04:08:25.605+0000][7][safepoint   ] Safepoint "Cleanup", Time since last: 1000143015 ns, Reaching safepoint: 70875 ns, At safepoint: 5673 ns, Total: 76548 ns
[2023-11-16T04:08:26.605+0000][7][safepoint   ] Safepoint "Cleanup", Time since last: 1000326543 ns, Reaching safepoint: 28105 ns, At safepoint: 4884 ns, Total: 32989 ns
[2023-11-16T04:08:27.605+0000][7][safepoint   ] Safepoint "Cleanup", Time since last: 1000111175 ns, Reaching safepoint: 50497 ns, At safepoint: 6441 ns, Total: 56938 ns
[2023-11-16T04:08:28.606+0000][7][safepoint   ] Safepoint "Cleanup", Time since last: 1000268871 ns, Reaching safepoint: 64080 ns, At safepoint: 5173 ns, Total: 69253 ns
[2023-11-16T04:08:30.606+0000][7][safepoint   ] Safepoint "Cleanup", Time since last: 2000244493 ns, Reaching safepoint: 57744 ns, At safepoint: 4314 ns, Total: 62058 ns
[2023-11-16T04:08:31.606+0000][7][safepoint   ] Safepoint "Cleanup", Time since last: 1000106609 ns, Reaching safepoint: 159552 ns, At safepoint: 7018 ns, Total: 166570 ns
[2023-11-16T04:08:33.606+0000][7][safepoint   ] Safepoint "Cleanup", Time since last: 2000159021 ns, Reaching safepoint: 31631 ns, At safepoint: 3346 ns, Total: 34977 ns
[2023-11-16T04:08:34.244+0000][7][gc,start    ] GC(41) Pause Young (Normal) (G1 Evacuation Pause)
[2023-11-16T04:08:34.244+0000][7][gc,task     ] GC(41) Using 8 workers of 8 for evacuation
[2023-11-16T04:08:34.244+0000][7][gc,age      ] GC(41) Desired survivor size 20971520 bytes, new threshold 15 (max threshold 15)
[2023-11-16T04:08:34.253+0000][7][gc,age      ] GC(41) Age table with threshold 15 (max threshold 15)
[2023-11-16T04:08:34.253+0000][7][gc,age      ] GC(41) - age   1:    1781344 bytes,    1781344 total
[2023-11-16T04:08:34.253+0000][7][gc,age      ] GC(41) - age   2:    1428664 bytes,    3210008 total
[2023-11-16T04:08:34.253+0000][7][gc,age      ] GC(41) - age   3:     648672 bytes,    3858680 total
[2023-11-16T04:08:34.253+0000][7][gc,age      ] GC(41) - age   4:     707144 bytes,    4565824 total
[2023-11-16T04:08:34.253+0000][7][gc,age      ] GC(41) - age   5:     930848 bytes,    5496672 total
[2023-11-16T04:08:34.253+0000][7][gc,age      ] GC(41) - age   6:     284472 bytes,    5781144 total
[2023-11-16T04:08:34.253+0000][7][gc,age      ] GC(41) - age   7:     246776 bytes,    6027920 total
[2023-11-16T04:08:34.253+0000][7][gc,age      ] GC(41) - age   8:     272440 bytes,    6300360 total
[2023-11-16T04:08:34.253+0000][7][gc,age      ] GC(41) - age   9:     615120 bytes,    6915480 total
[2023-11-16T04:08:34.253+0000][7][gc,age      ] GC(41) - age  10:     304648 bytes,    7220128 total
[2023-11-16T04:08:34.253+0000][7][gc,age      ] GC(41) - age  11:     270856 bytes,    7490984 total
[2023-11-16T04:08:34.253+0000][7][gc,age      ] GC(41) - age  12:     338488 bytes,    7829472 total
[2023-11-16T04:08:34.253+0000][7][gc,age      ] GC(41) - age  13:     276536 bytes,    8106008 total
[2023-11-16T04:08:34.253+0000][7][gc,age      ] GC(41) - age  14:     281968 bytes,    8387976 total
[2023-11-16T04:08:34.253+0000][7][gc,age      ] GC(41) - age  15:     414168 bytes,    8802144 total
[2023-11-16T04:08:34.253+0000][7][gc,phases   ] GC(41)   Pre Evacuate Collection Set: 0.1ms
[2023-11-16T04:08:34.253+0000][7][gc,phases   ] GC(41)   Merge Heap Roots: 0.0ms
[2023-11-16T04:08:34.253+0000][7][gc,phases   ] GC(41)   Evacuate Collection Set: 8.2ms
[2023-11-16T04:08:34.253+0000][7][gc,phases   ] GC(41)   Post Evacuate Collection Set: 0.5ms
[2023-11-16T04:08:34.253+0000][7][gc,phases   ] GC(41)   Other: 0.2ms
[2023-11-16T04:08:34.253+0000][7][gc,heap     ] GC(41) Eden regions: 71->0(70)
[2023-11-16T04:08:34.253+0000][7][gc,heap     ] GC(41) Survivor regions: 3->3(10)
[2023-11-16T04:08:34.253+0000][7][gc,heap     ] GC(41) Old regions: 24->25
[2023-11-16T04:08:34.253+0000][7][gc,heap     ] GC(41) Archive regions: 2->2
[2023-11-16T04:08:34.253+0000][7][gc,heap     ] GC(41) Humongous regions: 5->5
[2023-11-16T04:08:34.253+0000][7][gc,metaspace] GC(41) Metaspace: 115180K(116800K)->115180K(116800K) NonClass: 99745K(100672K)->99745K(100672K) Class: 15435K(16128K)->15435K(16128K)
[2023-11-16T04:08:34.253+0000][7][gc          ] GC(41) Pause Young (Normal) (G1 Evacuation Pause) 412M->128M(512M) 9.094ms
[2023-11-16T04:08:34.253+0000][7][gc,cpu      ] GC(41) User=0.03s Sys=0.00s Real=0.01s
[2023-11-16T04:08:34.253+0000][7][safepoint   ] Safepoint "G1CollectForAllocation", Time since last: 637741714 ns, Reaching safepoint: 42378 ns, At safepoint: 9182676 ns, Total: 9225054 ns
[2023-11-16T04:08:35.254+0000][7][safepoint   ] Safepoint "Cleanup", Time since last: 1000119108 ns, Reaching safepoint: 75797 ns, At safepoint: 4888 ns, Total: 80685 ns
[2023-11-16T04:08:36.254+0000][7][safepoint   ] Safepoint "Cleanup", Time since last: 1000097844 ns, Reaching safepoint: 77662 ns, At safepoint: 4264 ns, Total: 81926 ns
[2023-11-16T04:08:37.254+0000][7][safepoint   ] Safepoint "Cleanup", Time since last: 1000331329 ns, Reaching safepoint: 28453 ns, At safepoint: 25172 ns, Total: 53625 ns
[2023-11-16T04:08:38.254+0000][7][safepoint   ] Safepoint "Cleanup", Time since last: 1000110002 ns, Reaching safepoint: 70550 ns, At safepoint: 5637 ns, Total: 76187 ns
[2023-11-16T04:08:40.255+0000][7][safepoint   ] Safepoint "Cleanup", Time since last: 2000331669 ns, Reaching safepoint: 58255 ns, At safepoint: 3801 ns, Total: 62056 ns
[2023-11-16T04:08:41.255+0000][7][safepoint   ] Safepoint "Cleanup", Time since last: 1000080332 ns, Reaching safepoint: 61634 ns, At safepoint: 5783 ns, Total: 67417 ns
[2023-11-16T04:08:43.255+0000][7][safepoint   ] Safepoint "Cleanup", Time since last: 2000153584 ns, Reaching safepoint: 70028 ns, At safepoint: 5689 ns, Total: 75717 ns
[2023-11-16T04:08:44.255+0000][7][safepoint   ] Safepoint "Cleanup", Time since last: 1000106405 ns, Reaching safepoint: 72549 ns, At safepoint: 4166 ns, Total: 76715 ns
[2023-11-16T04:08:46.256+0000][7][safepoint   ] Safepoint "Cleanup", Time since last: 2000604454 ns, Reaching safepoint: 136114 ns, At safepoint: 5308 ns, Total: 141422 ns
[2023-11-16T04:08:48.256+0000][7][safepoint   ] Safepoint "Cleanup", Time since last: 2000152989 ns, Reaching safepoint: 87206 ns, At safepoint: 6061 ns, Total: 93267 ns
[2023-11-16T04:08:49.257+0000][7][safepoint   ] Safepoint "Cleanup", Time since last: 1000135279 ns, Reaching safepoint: 31782 ns, At safepoint: 26988 ns, Total: 58770 ns
[2023-11-16T04:08:50.476+0000][7][gc,start    ] GC(42) Pause Young (Normal) (G1 Evacuation Pause)
[2023-11-16T04:08:50.476+0000][7][gc,task     ] GC(42) Using 8 workers of 8 for evacuation
[2023-11-16T04:08:50.476+0000][7][gc,age      ] GC(42) Desired survivor size 20971520 bytes, new threshold 15 (max threshold 15)
[2023-11-16T04:08:50.487+0000][7][gc,age      ] GC(42) Age table with threshold 15 (max threshold 15)
[2023-11-16T04:08:50.487+0000][7][gc,age      ] GC(42) - age   1:    2275032 bytes,    2275032 total
[2023-11-16T04:08:50.487+0000][7][gc,age      ] GC(42) - age   2:     464824 bytes,    2739856 total
[2023-11-16T04:08:50.487+0000][7][gc,age      ] GC(42) - age   3:     688584 bytes,    3428440 total
[2023-11-16T04:08:50.487+0000][7][gc,age      ] GC(42) - age   4:     523712 bytes,    3952152 total
[2023-11-16T04:08:50.487+0000][7][gc,age      ] GC(42) - age   5:     706728 bytes,    4658880 total
[2023-11-16T04:08:50.487+0000][7][gc,age      ] GC(42) - age   6:     930848 bytes,    5589728 total
[2023-11-16T04:08:50.487+0000][7][gc,age      ] GC(42) - age   7:     284408 bytes,    5874136 total
[2023-11-16T04:08:50.487+0000][7][gc,age      ] GC(42) - age   8:     246232 bytes,    6120368 total
[2023-11-16T04:08:50.487+0000][7][gc,age      ] GC(42) - age   9:     272440 bytes,    6392808 total
[2023-11-16T04:08:50.487+0000][7][gc,age      ] GC(42) - age  10:     614984 bytes,    7007792 total
[2023-11-16T04:08:50.487+0000][7][gc,age      ] GC(42) - age  11:     304648 bytes,    7312440 total
[2023-11-16T04:08:50.487+0000][7][gc,age      ] GC(42) - age  12:     270856 bytes,    7583296 total
[2023-11-16T04:08:50.487+0000][7][gc,age      ] GC(42) - age  13:     338488 bytes,    7921784 total
[2023-11-16T04:08:50.487+0000][7][gc,age      ] GC(42) - age  14:     276536 bytes,    8198320 total
[2023-11-16T04:08:50.487+0000][7][gc,age      ] GC(42) - age  15:     281968 bytes,    8480288 total
[2023-11-16T04:08:50.487+0000][7][gc,phases   ] GC(42)   Pre Evacuate Collection Set: 0.2ms
[2023-11-16T04:08:50.487+0000][7][gc,phases   ] GC(42)   Merge Heap Roots: 0.1ms
[2023-11-16T04:08:50.487+0000][7][gc,phases   ] GC(42)   Evacuate Collection Set: 9.9ms
[2023-11-16T04:08:50.487+0000][7][gc,phases   ] GC(42)   Post Evacuate Collection Set: 0.7ms
[2023-11-16T04:08:50.487+0000][7][gc,phases   ] GC(42)   Other: 0.3ms
[2023-11-16T04:08:50.487+0000][7][gc,heap     ] GC(42) Eden regions: 70->0(70)
[2023-11-16T04:08:50.487+0000][7][gc,heap     ] GC(42) Survivor regions: 3->3(10)
[2023-11-16T04:08:50.487+0000][7][gc,heap     ] GC(42) Old regions: 25->25
[2023-11-16T04:08:50.487+0000][7][gc,heap     ] GC(42) Archive regions: 2->2
[2023-11-16T04:08:50.487+0000][7][gc,heap     ] GC(42) Humongous regions: 5->5
[2023-11-16T04:08:50.487+0000][7][gc,metaspace] GC(42) Metaspace: 115259K(116928K)->115259K(116928K) NonClass: 99824K(100800K)->99824K(100800K) Class: 15435K(16128K)->15435K(16128K)
[2023-11-16T04:08:50.487+0000][7][gc          ] GC(42) Pause Young (Normal) (G1 Evacuation Pause) 408M->128M(512M) 11.157ms
[2023-11-16T04:08:50.487+0000][7][gc,cpu      ] GC(42) User=0.03s Sys=0.00s Real=0.01s
[2023-11-16T04:08:50.487+0000][7][safepoint   ] Safepoint "G1CollectForAllocation", Time since last: 1219288357 ns, Reaching safepoint: 83282 ns, At safepoint: 11251909 ns, Total: 11335191 ns
[2023-11-16T04:08:51.487+0000][7][safepoint   ] Safepoint "Cleanup", Time since last: 1000079569 ns, Reaching safepoint: 66724 ns, At safepoint: 20936 ns, Total: 87660 ns
[2023-11-16T04:08:52.488+0000][7][safepoint   ] Safepoint "Cleanup", Time since last: 1000317786 ns, Reaching safepoint: 76581 ns, At safepoint: 7235 ns, Total: 83816 ns
[2023-11-16T04:08:53.488+0000][7][safepoint   ] Safepoint "Cleanup", Time since last: 1000361083 ns, Reaching safepoint: 78519 ns, At safepoint: 4545 ns, Total: 83064 ns
[2023-11-16T04:08:55.489+0000][7][safepoint   ] Safepoint "Cleanup", Time since last: 2000260604 ns, Reaching safepoint: 159593 ns, At safepoint: 3543 ns, Total: 163136 ns
[2023-11-16T04:08:56.489+0000][7][safepoint   ] Safepoint "Cleanup", Time since last: 1000248668 ns, Reaching safepoint: 139233 ns, At safepoint: 26813 ns, Total: 166046 ns
[2023-11-16T04:08:58.489+0000][7][safepoint   ] Safepoint "Cleanup", Time since last: 2000408217 ns, Reaching safepoint: 69101 ns, At safepoint: 7473 ns, Total: 76574 ns
[2023-11-16T04:08:59.490+0000][7][safepoint   ] Safepoint "Cleanup", Time since last: 1000088355 ns, Reaching safepoint: 50449 ns, At safepoint: 4316 ns, Total: 54765 ns
[2023-11-16T04:09:01.490+0000][7][safepoint   ] Safepoint "Cleanup", Time since last: 2000414481 ns, Reaching safepoint: 30870 ns, At safepoint: 2887 ns, Total: 33757 ns
[2023-11-16T04:09:03.490+0000][7][safepoint   ] Safepoint "Cleanup", Time since last: 2000171864 ns, Reaching safepoint: 93757 ns, At safepoint: 3250 ns, Total: 97007 ns
[2023-11-16T04:09:04.491+0000][7][safepoint   ] Safepoint "Cleanup", Time since last: 1000120621 ns, Reaching safepoint: 153156 ns, At safepoint: 5205 ns, Total: 158361 ns
[2023-11-16T04:09:06.491+0000][7][safepoint   ] Safepoint "Cleanup", Time since last: 2000226818 ns, Reaching safepoint: 82278 ns, At safepoint: 4158 ns, Total: 86436 ns
[2023-11-16T04:09:06.550+0000][7][gc,start    ] GC(43) Pause Young (Normal) (G1 Evacuation Pause)
[2023-11-16T04:09:06.550+0000][7][gc,task     ] GC(43) Using 8 workers of 8 for evacuation
[2023-11-16T04:09:06.550+0000][7][gc,age      ] GC(43) Desired survivor size 20971520 bytes, new threshold 15 (max threshold 15)
[2023-11-16T04:09:06.553+0000][7][gc,age      ] GC(43) Age table with threshold 15 (max threshold 15)
[2023-11-16T04:09:06.553+0000][7][gc,age      ] GC(43) - age   1:    1622552 bytes,    1622552 total
[2023-11-16T04:09:06.553+0000][7][gc,age      ] GC(43) - age   2:    1057232 bytes,    2679784 total
[2023-11-16T04:09:06.553+0000][7][gc,age      ] GC(43) - age   3:     358192 bytes,    3037976 total
[2023-11-16T04:09:06.553+0000][7][gc,age      ] GC(43) - age   4:     686696 bytes,    3724672 total
[2023-11-16T04:09:06.553+0000][7][gc,age      ] GC(43) - age   5:     473728 bytes,    4198400 total
[2023-11-16T04:09:06.553+0000][7][gc,age      ] GC(43) - age   6:     706304 bytes,    4904704 total
[2023-11-16T04:09:06.553+0000][7][gc,age      ] GC(43) - age   7:     930592 bytes,    5835296 total
[2023-11-16T04:09:06.553+0000][7][gc,age      ] GC(43) - age   8:     284408 bytes,    6119704 total
[2023-11-16T04:09:06.553+0000][7][gc,age      ] GC(43) - age   9:     246232 bytes,    6365936 total
[2023-11-16T04:09:06.553+0000][7][gc,age      ] GC(43) - age  10:     272440 bytes,    6638376 total
[2023-11-16T04:09:06.553+0000][7][gc,age      ] GC(43) - age  11:     614984 bytes,    7253360 total
[2023-11-16T04:09:06.553+0000][7][gc,age      ] GC(43) - age  12:     304648 bytes,    7558008 total
[2023-11-16T04:09:06.553+0000][7][gc,age      ] GC(43) - age  13:     270856 bytes,    7828864 total
[2023-11-16T04:09:06.553+0000][7][gc,age      ] GC(43) - age  14:     338488 bytes,    8167352 total
[2023-11-16T04:09:06.553+0000][7][gc,age      ] GC(43) - age  15:     276536 bytes,    8443888 total
[2023-11-16T04:09:06.553+0000][7][gc,phases   ] GC(43)   Pre Evacuate Collection Set: 0.1ms
[2023-11-16T04:09:06.553+0000][7][gc,phases   ] GC(43)   Merge Heap Roots: 0.0ms
[2023-11-16T04:09:06.553+0000][7][gc,phases   ] GC(43)   Evacuate Collection Set: 2.6ms
[2023-11-16T04:09:06.553+0000][7][gc,phases   ] GC(43)   Post Evacuate Collection Set: 0.5ms
[2023-11-16T04:09:06.553+0000][7][gc,phases   ] GC(43)   Other: 0.2ms
[2023-11-16T04:09:06.553+0000][7][gc,heap     ] GC(43) Eden regions: 70->0(70)
[2023-11-16T04:09:06.553+0000][7][gc,heap     ] GC(43) Survivor regions: 3->3(10)
[2023-11-16T04:09:06.553+0000][7][gc,heap     ] GC(43) Old regions: 25->25
[2023-11-16T04:09:06.553+0000][7][gc,heap     ] GC(43) Archive regions: 2->2
[2023-11-16T04:09:06.553+0000][7][gc,heap     ] GC(43) Humongous regions: 5->5
[2023-11-16T04:09:06.553+0000][7][gc,metaspace] GC(43) Metaspace: 115412K(117056K)->115412K(117056K) NonClass: 99974K(100928K)->99974K(100928K) Class: 15437K(16128K)->15437K(16128K)
[2023-11-16T04:09:06.553+0000][7][gc          ] GC(43) Pause Young (Normal) (G1 Evacuation Pause) 408M->128M(512M) 3.488ms
[2023-11-16T04:09:06.554+0000][7][gc,cpu      ] GC(43) User=0.02s Sys=0.00s Real=0.00s
[2023-11-16T04:09:06.554+0000][7][safepoint   ] Safepoint "G1CollectForAllocation", Time since last: 58986449 ns, Reaching safepoint: 41625 ns, At safepoint: 3554894 ns, Total: 3596519 ns
[2023-11-16T04:09:07.554+0000][7][safepoint   ] Safepoint "Cleanup", Time since last: 1000076364 ns, Reaching safepoint: 109716 ns, At safepoint: 7557 ns, Total: 117273 ns
[2023-11-16T04:09:08.554+0000][7][safepoint   ] Safepoint "Cleanup", Time since last: 1000096738 ns, Reaching safepoint: 75429 ns, At safepoint: 6312 ns, Total: 81741 ns
[2023-11-16T04:09:09.554+0000][7][safepoint   ] Safepoint "Cleanup", Time since last: 1000091383 ns, Reaching safepoint: 73728 ns, At safepoint: 4391 ns, Total: 78119 ns
[2023-11-16T04:09:11.554+0000][7][safepoint   ] Safepoint "Cleanup", Time since last: 2000204934 ns, Reaching safepoint: 163802 ns, At safepoint: 3578 ns, Total: 167380 ns
[2023-11-16T04:09:12.555+0000][7][safepoint   ] Safepoint "Cleanup", Time since last: 1000144562 ns, Reaching safepoint: 68699 ns, At safepoint: 6193 ns, Total: 74892 ns
[2023-11-16T04:09:13.555+0000][7][safepoint   ] Safepoint "Cleanup", Time since last: 1000152538 ns, Reaching safepoint: 120079 ns, At safepoint: 4348 ns, Total: 124427 ns
[2023-11-16T04:09:15.556+0000][7][safepoint   ] Safepoint "Cleanup", Time since last: 2000663589 ns, Reaching safepoint: 65601 ns, At safepoint: 4168 ns, Total: 69769 ns
[2023-11-16T04:09:16.556+0000][7][safepoint   ] Safepoint "Cleanup", Time since last: 1000197723 ns, Reaching safepoint: 132139 ns, At safepoint: 5169 ns, Total: 137308 ns
[2023-11-16T04:09:18.556+0000][7][safepoint   ] Safepoint "Cleanup", Time since last: 2000145409 ns, Reaching safepoint: 49630 ns, At safepoint: 21678 ns, Total: 71308 ns
[2023-11-16T04:09:19.556+0000][7][safepoint   ] Safepoint "Cleanup", Time since last: 1000127212 ns, Reaching safepoint: 56146 ns, At safepoint: 4157 ns, Total: 60303 ns
[2023-11-16T04:09:21.557+0000][7][safepoint   ] Safepoint "Cleanup", Time since last: 2000382410 ns, Reaching safepoint: 58782 ns, At safepoint: 2924 ns, Total: 61706 ns
[2023-11-16T04:09:22.276+0000][7][gc,start    ] GC(44) Pause Young (Normal) (G1 Evacuation Pause)
[2023-11-16T04:09:22.276+0000][7][gc,task     ] GC(44) Using 8 workers of 8 for evacuation
[2023-11-16T04:09:22.276+0000][7][gc,age      ] GC(44) Desired survivor size 20971520 bytes, new threshold 15 (max threshold 15)
[2023-11-16T04:09:22.283+0000][7][gc,age      ] GC(44) Age table with threshold 15 (max threshold 15)
[2023-11-16T04:09:22.283+0000][7][gc,age      ] GC(44) - age   1:    2361568 bytes,    2361568 total
[2023-11-16T04:09:22.283+0000][7][gc,age      ] GC(44) - age   2:     578888 bytes,    2940456 total
[2023-11-16T04:09:22.283+0000][7][gc,age      ] GC(44) - age   3:     758368 bytes,    3698824 total
[2023-11-16T04:09:22.283+0000][7][gc,age      ] GC(44) - age   4:     238488 bytes,    3937312 total
[2023-11-16T04:09:22.283+0000][7][gc,age      ] GC(44) - age   5:     638152 bytes,    4575464 total
[2023-11-16T04:09:22.283+0000][7][gc,age      ] GC(44) - age   6:     473280 bytes,    5048744 total
[2023-11-16T04:09:22.283+0000][7][gc,age      ] GC(44) - age   7:     456048 bytes,    5504792 total
[2023-11-16T04:09:22.283+0000][7][gc,age      ] GC(44) - age   8:     930592 bytes,    6435384 total
[2023-11-16T04:09:22.283+0000][7][gc,age      ] GC(44) - age   9:     284408 bytes,    6719792 total
[2023-11-16T04:09:22.283+0000][7][gc,age      ] GC(44) - age  10:     246232 bytes,    6966024 total
[2023-11-16T04:09:22.283+0000][7][gc,age      ] GC(44) - age  11:     272440 bytes,    7238464 total
[2023-11-16T04:09:22.283+0000][7][gc,age      ] GC(44) - age  12:     614984 bytes,    7853448 total
[2023-11-16T04:09:22.283+0000][7][gc,age      ] GC(44) - age  13:     304648 bytes,    8158096 total
[2023-11-16T04:09:22.283+0000][7][gc,age      ] GC(44) - age  14:     270856 bytes,    8428952 total
[2023-11-16T04:09:22.283+0000][7][gc,age      ] GC(44) - age  15:     338488 bytes,    8767440 total
[2023-11-16T04:09:22.283+0000][7][gc,phases   ] GC(44)   Pre Evacuate Collection Set: 0.1ms
[2023-11-16T04:09:22.284+0000][7][gc,phases   ] GC(44)   Merge Heap Roots: 0.1ms
[2023-11-16T04:09:22.284+0000][7][gc,phases   ] GC(44)   Evacuate Collection Set: 6.5ms
[2023-11-16T04:09:22.284+0000][7][gc,phases   ] GC(44)   Post Evacuate Collection Set: 0.5ms
[2023-11-16T04:09:22.284+0000][7][gc,phases   ] GC(44)   Other: 0.2ms
[2023-11-16T04:09:22.284+0000][7][gc,heap     ] GC(44) Eden regions: 70->0(70)
[2023-11-16T04:09:22.284+0000][7][gc,heap     ] GC(44) Survivor regions: 3->3(10)
[2023-11-16T04:09:22.284+0000][7][gc,heap     ] GC(44) Old regions: 25->25
[2023-11-16T04:09:22.284+0000][7][gc,heap     ] GC(44) Archive regions: 2->2
[2023-11-16T04:09:22.284+0000][7][gc,heap     ] GC(44) Humongous regions: 5->5
[2023-11-16T04:09:22.284+0000][7][gc,metaspace] GC(44) Metaspace: 115448K(117056K)->115448K(117056K) NonClass: 100011K(100928K)->100011K(100928K) Class: 15437K(16128K)->15437K(16128K)
[2023-11-16T04:09:22.284+0000][7][gc          ] GC(44) Pause Young (Normal) (G1 Evacuation Pause) 408M->129M(512M) 7.392ms
[2023-11-16T04:09:22.284+0000][7][gc,cpu      ] GC(44) User=0.02s Sys=0.00s Real=0.01s
[2023-11-16T04:09:22.284+0000][7][safepoint   ] Safepoint "G1CollectForAllocation", Time since last: 719151571 ns, Reaching safepoint: 103023 ns, At safepoint: 7480331 ns, Total: 7583354 ns
[2023-11-16T04:09:23.284+0000][7][safepoint   ] Safepoint "Cleanup", Time since last: 1000131873 ns, Reaching safepoint: 157283 ns, At safepoint: 24010 ns, Total: 181293 ns
[2023-11-16T04:09:25.285+0000][7][safepoint   ] Safepoint "Cleanup", Time since last: 2000508068 ns, Reaching safepoint: 166359 ns, At safepoint: 6123 ns, Total: 172482 ns
[2023-11-16T04:09:26.285+0000][7][safepoint   ] Safepoint "Cleanup", Time since last: 1000361182 ns, Reaching safepoint: 122931 ns, At safepoint: 3831 ns, Total: 126762 ns
[2023-11-16T04:09:28.286+0000][7][safepoint   ] Safepoint "Cleanup", Time since last: 2000360790 ns, Reaching safepoint: 75865 ns, At safepoint: 6440 ns, Total: 82305 ns
[2023-11-16T04:09:31.286+0000][7][safepoint   ] Safepoint "Cleanup", Time since last: 3000239046 ns, Reaching safepoint: 96525 ns, At safepoint: 6641 ns, Total: 103166 ns
[2023-11-16T04:09:33.286+0000][7][safepoint   ] Safepoint "Cleanup", Time since last: 2000208227 ns, Reaching safepoint: 53249 ns, At safepoint: 22963 ns, Total: 76212 ns
[2023-11-16T04:09:34.286+0000][7][safepoint   ] Safepoint "Cleanup", Time since last: 1000162794 ns, Reaching safepoint: 81140 ns, At safepoint: 6616 ns, Total: 87756 ns
[2023-11-16T04:09:36.287+0000][7][safepoint   ] Safepoint "Cleanup", Time since last: 2000155859 ns, Reaching safepoint: 67255 ns, At safepoint: 4667 ns, Total: 71922 ns
[2023-11-16T04:09:37.287+0000][7][safepoint   ] Safepoint "Cleanup", Time since last: 1000146432 ns, Reaching safepoint: 111440 ns, At safepoint: 34234 ns, Total: 145674 ns
[2023-11-16T04:09:38.089+0000][7][gc,start    ] GC(45) Pause Young (Normal) (G1 Evacuation Pause)
[2023-11-16T04:09:38.089+0000][7][gc,task     ] GC(45) Using 8 workers of 8 for evacuation
[2023-11-16T04:09:38.089+0000][7][gc,age      ] GC(45) Desired survivor size 20971520 bytes, new threshold 15 (max threshold 15)
[2023-11-16T04:09:38.100+0000][7][gc,age      ] GC(45) Age table with threshold 15 (max threshold 15)
[2023-11-16T04:09:38.100+0000][7][gc,age      ] GC(45) - age   1:    2189776 bytes,    2189776 total
[2023-11-16T04:09:38.100+0000][7][gc,age      ] GC(45) - age   2:    1063176 bytes,    3252952 total
[2023-11-16T04:09:38.100+0000][7][gc,age      ] GC(45) - age   3:     427200 bytes,    3680152 total
[2023-11-16T04:09:38.100+0000][7][gc,age      ] GC(45) - age   4:     241760 bytes,    3921912 total
[2023-11-16T04:09:38.100+0000][7][gc,age      ] GC(45) - age   5:     238200 bytes,    4160112 total
[2023-11-16T04:09:38.100+0000][7][gc,age      ] GC(45) - age   6:     383496 bytes,    4543608 total
[2023-11-16T04:09:38.100+0000][7][gc,age      ] GC(45) - age   7:     473152 bytes,    5016760 total
[2023-11-16T04:09:38.100+0000][7][gc,age      ] GC(45) - age   8:     455752 bytes,    5472512 total
[2023-11-16T04:09:38.100+0000][7][gc,age      ] GC(45) - age   9:     930592 bytes,    6403104 total
[2023-11-16T04:09:38.100+0000][7][gc,age      ] GC(45) - age  10:     284408 bytes,    6687512 total
[2023-11-16T04:09:38.100+0000][7][gc,age      ] GC(45) - age  11:     246232 bytes,    6933744 total
[2023-11-16T04:09:38.100+0000][7][gc,age      ] GC(45) - age  12:     272440 bytes,    7206184 total
[2023-11-16T04:09:38.100+0000][7][gc,age      ] GC(45) - age  13:     614984 bytes,    7821168 total
[2023-11-16T04:09:38.100+0000][7][gc,age      ] GC(45) - age  14:     304648 bytes,    8125816 total
[2023-11-16T04:09:38.100+0000][7][gc,age      ] GC(45) - age  15:     270856 bytes,    8396672 total
[2023-11-16T04:09:38.100+0000][7][gc,phases   ] GC(45)   Pre Evacuate Collection Set: 0.0ms
[2023-11-16T04:09:38.100+0000][7][gc,phases   ] GC(45)   Merge Heap Roots: 0.0ms
[2023-11-16T04:09:38.100+0000][7][gc,phases   ] GC(45)   Evacuate Collection Set: 9.7ms
[2023-11-16T04:09:38.100+0000][7][gc,phases   ] GC(45)   Post Evacuate Collection Set: 0.6ms
[2023-11-16T04:09:38.100+0000][7][gc,phases   ] GC(45)   Other: 0.2ms
[2023-11-16T04:09:38.100+0000][7][gc,heap     ] GC(45) Eden regions: 70->0(70)
[2023-11-16T04:09:38.100+0000][7][gc,heap     ] GC(45) Survivor regions: 3->3(10)
[2023-11-16T04:09:38.100+0000][7][gc,heap     ] GC(45) Old regions: 25->25
[2023-11-16T04:09:38.100+0000][7][gc,heap     ] GC(45) Archive regions: 2->2
[2023-11-16T04:09:38.100+0000][7][gc,heap     ] GC(45) Humongous regions: 5->5
[2023-11-16T04:09:38.100+0000][7][gc,metaspace] GC(45) Metaspace: 115496K(117120K)->115496K(117120K) NonClass: 100059K(100992K)->100059K(100992K) Class: 15437K(16128K)->15437K(16128K)
[2023-11-16T04:09:38.100+0000][7][gc          ] GC(45) Pause Young (Normal) (G1 Evacuation Pause) 409M->129M(512M) 10.665ms
[2023-11-16T04:09:38.100+0000][7][gc,cpu      ] GC(45) User=0.03s Sys=0.00s Real=0.01s
[2023-11-16T04:09:38.100+0000][7][safepoint   ] Safepoint "G1CollectForAllocation", Time since last: 802388434 ns, Reaching safepoint: 108294 ns, At safepoint: 10723309 ns, Total: 10831603 ns
[2023-11-16T04:09:39.100+0000][7][safepoint   ] Safepoint "Cleanup", Time since last: 1000303612 ns, Reaching safepoint: 28077 ns, At safepoint: 5431 ns, Total: 33508 ns
[2023-11-16T04:09:40.101+0000][7][safepoint   ] Safepoint "Cleanup", Time since last: 1000137599 ns, Reaching safepoint: 109680 ns, At safepoint: 8366 ns, Total: 118046 ns
[2023-11-16T04:09:41.101+0000][7][safepoint   ] Safepoint "Cleanup", Time since last: 1000340084 ns, Reaching safepoint: 31508 ns, At safepoint: 4439 ns, Total: 35947 ns
[2023-11-16T04:09:43.102+0000][7][safepoint   ] Safepoint "Cleanup", Time since last: 2000539326 ns, Reaching safepoint: 125013 ns, At safepoint: 5435 ns, Total: 130448 ns
[2023-11-16T04:09:44.102+0000][7][safepoint   ] Safepoint "Cleanup", Time since last: 1000179966 ns, Reaching safepoint: 243523 ns, At safepoint: 4571 ns, Total: 248094 ns
[2023-11-16T04:09:46.103+0000][7][safepoint   ] Safepoint "Cleanup", Time since last: 2000160470 ns, Reaching safepoint: 153368 ns, At safepoint: 5947 ns, Total: 159315 ns
[2023-11-16T04:09:47.103+0000][7][safepoint   ] Safepoint "Cleanup", Time since last: 1000084029 ns, Reaching safepoint: 60005 ns, At safepoint: 3763 ns, Total: 63768 ns
[2023-11-16T04:09:48.103+0000][7][safepoint   ] Safepoint "Cleanup", Time since last: 1000139003 ns, Reaching safepoint: 75916 ns, At safepoint: 6267 ns, Total: 82183 ns
[2023-11-16T04:09:49.103+0000][7][safepoint   ] Safepoint "Cleanup", Time since last: 1000089859 ns, Reaching safepoint: 83030 ns, At safepoint: 5403 ns, Total: 88433 ns
[2023-11-16T04:09:50.103+0000][7][safepoint   ] Safepoint "Cleanup", Time since last: 1000290582 ns, Reaching safepoint: 33007 ns, At safepoint: 4933 ns, Total: 37940 ns
[2023-11-16T04:09:51.104+0000][7][safepoint   ] Safepoint "Cleanup", Time since last: 1000263827 ns, Reaching safepoint: 31104 ns, At safepoint: 28149 ns, Total: 59253 ns
[2023-11-16T04:09:52.104+0000][7][safepoint   ] Safepoint "Cleanup", Time since last: 1000102505 ns, Reaching safepoint: 122785 ns, At safepoint: 49737 ns, Total: 172522 ns
[2023-11-16T04:09:53.104+0000][7][safepoint   ] Safepoint "Cleanup", Time since last: 1000343873 ns, Reaching safepoint: 65199 ns, At safepoint: 4235 ns, Total: 69434 ns
[2023-11-16T04:09:54.105+0000][7][safepoint   ] Safepoint "Cleanup", Time since last: 1000087370 ns, Reaching safepoint: 90805 ns, At safepoint: 7087 ns, Total: 97892 ns
[2023-11-16T04:09:54.652+0000][7][gc,start    ] GC(46) Pause Young (Normal) (G1 Evacuation Pause)
[2023-11-16T04:09:54.652+0000][7][gc,task     ] GC(46) Using 8 workers of 8 for evacuation
[2023-11-16T04:09:54.652+0000][7][gc,age      ] GC(46) Desired survivor size 20971520 bytes, new threshold 15 (max threshold 15)
[2023-11-16T04:09:54.663+0000][7][gc,age      ] GC(46) Age table with threshold 15 (max threshold 15)
[2023-11-16T04:09:54.663+0000][7][gc,age      ] GC(46) - age   1:    1447208 bytes,    1447208 total
[2023-11-16T04:09:54.663+0000][7][gc,age      ] GC(46) - age   2:    1251848 bytes,    2699056 total
[2023-11-16T04:09:54.663+0000][7][gc,age      ] GC(46) - age   3:     912328 bytes,    3611384 total
[2023-11-16T04:09:54.663+0000][7][gc,age      ] GC(46) - age   4:     343400 bytes,    3954784 total
[2023-11-16T04:09:54.663+0000][7][gc,age      ] GC(46) - age   5:     241080 bytes,    4195864 total
[2023-11-16T04:09:54.663+0000][7][gc,age      ] GC(46) - age   6:     237912 bytes,    4433776 total
[2023-11-16T04:09:54.663+0000][7][gc,age      ] GC(46) - age   7:     383432 bytes,    4817208 total
[2023-11-16T04:09:54.663+0000][7][gc,age      ] GC(46) - age   8:     473152 bytes,    5290360 total
[2023-11-16T04:09:54.663+0000][7][gc,age      ] GC(46) - age   9:     455664 bytes,    5746024 total
[2023-11-16T04:09:54.663+0000][7][gc,age      ] GC(46) - age  10:     930592 bytes,    6676616 total
[2023-11-16T04:09:54.663+0000][7][gc,age      ] GC(46) - age  11:     284408 bytes,    6961024 total
[2023-11-16T04:09:54.663+0000][7][gc,age      ] GC(46) - age  12:     246232 bytes,    7207256 total
[2023-11-16T04:09:54.663+0000][7][gc,age      ] GC(46) - age  13:     272440 bytes,    7479696 total
[2023-11-16T04:09:54.663+0000][7][gc,age      ] GC(46) - age  14:     614984 bytes,    8094680 total
[2023-11-16T04:09:54.663+0000][7][gc,age      ] GC(46) - age  15:     303984 bytes,    8398664 total
[2023-11-16T04:09:54.663+0000][7][gc,phases   ] GC(46)   Pre Evacuate Collection Set: 0.1ms
[2023-11-16T04:09:54.663+0000][7][gc,phases   ] GC(46)   Merge Heap Roots: 0.0ms
[2023-11-16T04:09:54.663+0000][7][gc,phases   ] GC(46)   Evacuate Collection Set: 10.6ms
[2023-11-16T04:09:54.663+0000][7][gc,phases   ] GC(46)   Post Evacuate Collection Set: 0.6ms
[2023-11-16T04:09:54.663+0000][7][gc,phases   ] GC(46)   Other: 0.2ms
[2023-11-16T04:09:54.663+0000][7][gc,heap     ] GC(46) Eden regions: 70->0(70)
[2023-11-16T04:09:54.663+0000][7][gc,heap     ] GC(46) Survivor regions: 3->3(10)
[2023-11-16T04:09:54.663+0000][7][gc,heap     ] GC(46) Old regions: 25->25
[2023-11-16T04:09:54.663+0000][7][gc,heap     ] GC(46) Archive regions: 2->2
[2023-11-16T04:09:54.663+0000][7][gc,heap     ] GC(46) Humongous regions: 5->5
[2023-11-16T04:09:54.663+0000][7][gc,metaspace] GC(46) Metaspace: 115574K(117184K)->115574K(117184K) NonClass: 100136K(101056K)->100136K(101056K) Class: 15437K(16128K)->15437K(16128K)
[2023-11-16T04:09:54.663+0000][7][gc          ] GC(46) Pause Young (Normal) (G1 Evacuation Pause) 409M->129M(512M) 11.543ms
[2023-11-16T04:09:54.663+0000][7][gc,cpu      ] GC(46) User=0.04s Sys=0.00s Real=0.01s
[2023-11-16T04:09:54.663+0000][7][safepoint   ] Safepoint "G1CollectForAllocation", Time since last: 547233216 ns, Reaching safepoint: 57838 ns, At safepoint: 11604661 ns, Total: 11662499 ns
[2023-11-16T04:09:55.664+0000][7][safepoint   ] Safepoint "Cleanup", Time since last: 1000139244 ns, Reaching safepoint: 69618 ns, At safepoint: 5179 ns, Total: 74797 ns
[2023-11-16T04:09:57.664+0000][7][safepoint   ] Safepoint "Cleanup", Time since last: 2000275077 ns, Reaching safepoint: 106244 ns, At safepoint: 4736 ns, Total: 110980 ns
[2023-11-16T04:09:58.664+0000][7][safepoint   ] Safepoint "Cleanup", Time since last: 1000181712 ns, Reaching safepoint: 56843 ns, At safepoint: 6643 ns, Total: 63486 ns
[2023-11-16T04:10:00.665+0000][7][safepoint   ] Safepoint "Cleanup", Time since last: 2000399289 ns, Reaching safepoint: 99084 ns, At safepoint: 6439 ns, Total: 105523 ns
[2023-11-16T04:10:01.665+0000][7][safepoint   ] Safepoint "Cleanup", Time since last: 1000346041 ns, Reaching safepoint: 150660 ns, At safepoint: 4898 ns, Total: 155558 ns
[2023-11-16T04:10:03.666+0000][7][safepoint   ] Safepoint "Cleanup", Time since last: 2000219424 ns, Reaching safepoint: 117711 ns, At safepoint: 32158 ns, Total: 149869 ns
[2023-11-16T04:10:05.666+0000][7][safepoint   ] Safepoint "Cleanup", Time since last: 2000214269 ns, Reaching safepoint: 69003 ns, At safepoint: 4289 ns, Total: 73292 ns
[2023-11-16T04:10:06.666+0000][7][safepoint   ] Safepoint "Cleanup", Time since last: 1000191072 ns, Reaching safepoint: 118214 ns, At safepoint: 13721 ns, Total: 131935 ns
[2023-11-16T04:10:07.667+0000][7][safepoint   ] Safepoint "Cleanup", Time since last: 1000166041 ns, Reaching safepoint: 226571 ns, At safepoint: 27121 ns, Total: 253692 ns
[2023-11-16T04:10:08.667+0000][7][safepoint   ] Safepoint "Cleanup", Time since last: 1000194846 ns, Reaching safepoint: 76291 ns, At safepoint: 5833 ns, Total: 82124 ns
[2023-11-16T04:10:09.667+0000][7][safepoint   ] Safepoint "Cleanup", Time since last: 1000168049 ns, Reaching safepoint: 200165 ns, At safepoint: 33321 ns, Total: 233486 ns
[2023-11-16T04:10:10.626+0000][7][gc,start    ] GC(47) Pause Young (Normal) (G1 Evacuation Pause)
[2023-11-16T04:10:10.626+0000][7][gc,task     ] GC(47) Using 8 workers of 8 for evacuation
[2023-11-16T04:10:10.626+0000][7][gc,age      ] GC(47) Desired survivor size 20971520 bytes, new threshold 15 (max threshold 15)
[2023-11-16T04:10:10.630+0000][7][gc,age      ] GC(47) Age table with threshold 15 (max threshold 15)
[2023-11-16T04:10:10.630+0000][7][gc,age      ] GC(47) - age   1:    1520032 bytes,    1520032 total
[2023-11-16T04:10:10.630+0000][7][gc,age      ] GC(47) - age   2:     523912 bytes,    2043944 total
[2023-11-16T04:10:10.630+0000][7][gc,age      ] GC(47) - age   3:    1105912 bytes,    3149856 total
[2023-11-16T04:10:10.630+0000][7][gc,age      ] GC(47) - age   4:     521104 bytes,    3670960 total
[2023-11-16T04:10:10.630+0000][7][gc,age      ] GC(47) - age   5:     342584 bytes,    4013544 total
[2023-11-16T04:10:10.630+0000][7][gc,age      ] GC(47) - age   6:     240904 bytes,    4254448 total
[2023-11-16T04:10:10.630+0000][7][gc,age      ] GC(47) - age   7:     237792 bytes,    4492240 total
[2023-11-16T04:10:10.630+0000][7][gc,age      ] GC(47) - age   8:     383312 bytes,    4875552 total
[2023-11-16T04:10:10.630+0000][7][gc,age      ] GC(47) - age   9:     472840 bytes,    5348392 total
[2023-11-16T04:10:10.630+0000][7][gc,age      ] GC(47) - age  10:     455664 bytes,    5804056 total
[2023-11-16T04:10:10.630+0000][7][gc,age      ] GC(47) - age  11:     930592 bytes,    6734648 total
[2023-11-16T04:10:10.630+0000][7][gc,age      ] GC(47) - age  12:     284408 bytes,    7019056 total
[2023-11-16T04:10:10.630+0000][7][gc,age      ] GC(47) - age  13:     246232 bytes,    7265288 total
[2023-11-16T04:10:10.630+0000][7][gc,age      ] GC(47) - age  14:     272440 bytes,    7537728 total
[2023-11-16T04:10:10.630+0000][7][gc,age      ] GC(47) - age  15:     614984 bytes,    8152712 total
[2023-11-16T04:10:10.630+0000][7][gc,phases   ] GC(47)   Pre Evacuate Collection Set: 0.1ms
[2023-11-16T04:10:10.630+0000][7][gc,phases   ] GC(47)   Merge Heap Roots: 0.0ms
[2023-11-16T04:10:10.630+0000][7][gc,phases   ] GC(47)   Evacuate Collection Set: 3.0ms
[2023-11-16T04:10:10.630+0000][7][gc,phases   ] GC(47)   Post Evacuate Collection Set: 0.5ms
[2023-11-16T04:10:10.630+0000][7][gc,phases   ] GC(47)   Other: 0.3ms
[2023-11-16T04:10:10.630+0000][7][gc,heap     ] GC(47) Eden regions: 70->0(72)
[2023-11-16T04:10:10.630+0000][7][gc,heap     ] GC(47) Survivor regions: 3->2(10)
[2023-11-16T04:10:10.630+0000][7][gc,heap     ] GC(47) Old regions: 25->25
[2023-11-16T04:10:10.630+0000][7][gc,heap     ] GC(47) Archive regions: 2->2
[2023-11-16T04:10:10.630+0000][7][gc,heap     ] GC(47) Humongous regions: 5->5
[2023-11-16T04:10:10.630+0000][7][gc,metaspace] GC(47) Metaspace: 115597K(117248K)->115597K(117248K) NonClass: 100159K(101120K)->100159K(101120K) Class: 15437K(16128K)->15437K(16128K)
[2023-11-16T04:10:10.630+0000][7][gc          ] GC(47) Pause Young (Normal) (G1 Evacuation Pause) 409M->129M(512M) 3.868ms
[2023-11-16T04:10:10.630+0000][7][gc,cpu      ] GC(47) User=0.02s Sys=0.00s Real=0.01s
[2023-11-16T04:10:10.630+0000][7][safepoint   ] Safepoint "G1CollectForAllocation", Time since last: 958576496 ns, Reaching safepoint: 47717 ns, At safepoint: 3926727 ns, Total: 3974444 ns
[2023-11-16T04:10:12.630+0000][7][safepoint   ] Safepoint "Cleanup", Time since last: 2000346029 ns, Reaching safepoint: 57102 ns, At safepoint: 4336 ns, Total: 61438 ns
[2023-11-16T04:10:13.631+0000][7][safepoint   ] Safepoint "Cleanup", Time since last: 1000112264 ns, Reaching safepoint: 134095 ns, At safepoint: 9036 ns, Total: 143131 ns
[2023-11-16T04:10:15.632+0000][7][safepoint   ] Safepoint "Cleanup", Time since last: 2000822703 ns, Reaching safepoint: 83697 ns, At safepoint: 6839 ns, Total: 90536 ns
[2023-11-16T04:10:18.632+0000][7][safepoint   ] Safepoint "Cleanup", Time since last: 3000385467 ns, Reaching safepoint: 70454 ns, At safepoint: 5391 ns, Total: 75845 ns
[2023-11-16T04:10:19.632+0000][7][safepoint   ] Safepoint "Cleanup", Time since last: 1000235153 ns, Reaching safepoint: 160707 ns, At safepoint: 5699 ns, Total: 166406 ns
[2023-11-16T04:10:21.614+0000][7][safepoint   ] Safepoint "Cleanup", Time since last: 1981968035 ns, Reaching safepoint: 60300 ns, At safepoint: 4604 ns, Total: 64904 ns
[2023-11-16T04:10:22.615+0000][7][safepoint   ] Safepoint "Cleanup", Time since last: 1000152358 ns, Reaching safepoint: 149849 ns, At safepoint: 29556 ns, Total: 179405 ns
[2023-11-16T04:10:23.615+0000][7][safepoint   ] Safepoint "Cleanup", Time since last: 1000402516 ns, Reaching safepoint: 159941 ns, At safepoint: 5206 ns, Total: 165147 ns
[2023-11-16T04:10:24.615+0000][7][safepoint   ] Safepoint "Cleanup", Time since last: 1000089621 ns, Reaching safepoint: 57195 ns, At safepoint: 8225 ns, Total: 65420 ns
[2023-11-16T04:10:25.616+0000][7][safepoint   ] Safepoint "Cleanup", Time since last: 1000253517 ns, Reaching safepoint: 154914 ns, At safepoint: 4196 ns, Total: 159110 ns
[2023-11-16T04:10:27.616+0000][7][safepoint   ] Safepoint "Cleanup", Time since last: 2000216226 ns, Reaching safepoint: 85815 ns, At safepoint: 5195 ns, Total: 91010 ns
[2023-11-16T04:10:27.778+0000][7][gc,start    ] GC(48) Pause Young (Normal) (G1 Evacuation Pause)
[2023-11-16T04:10:27.778+0000][7][gc,task     ] GC(48) Using 8 workers of 8 for evacuation
[2023-11-16T04:10:27.778+0000][7][gc,age      ] GC(48) Desired survivor size 20971520 bytes, new threshold 15 (max threshold 15)
[2023-11-16T04:10:27.786+0000][7][gc,age      ] GC(48) Age table with threshold 15 (max threshold 15)
[2023-11-16T04:10:27.786+0000][7][gc,age      ] GC(48) - age   1:    1706432 bytes,    1706432 total
[2023-11-16T04:10:27.786+0000][7][gc,age      ] GC(48) - age   2:     788856 bytes,    2495288 total
[2023-11-16T04:10:27.786+0000][7][gc,age      ] GC(48) - age   3:     378224 bytes,    2873512 total
[2023-11-16T04:10:27.786+0000][7][gc,age      ] GC(48) - age   4:     524600 bytes,    3398112 total
[2023-11-16T04:10:27.786+0000][7][gc,age      ] GC(48) - age   5:     520168 bytes,    3918280 total
[2023-11-16T04:10:27.786+0000][7][gc,age      ] GC(48) - age   6:     342456 bytes,    4260736 total
[2023-11-16T04:10:27.786+0000][7][gc,age      ] GC(48) - age   7:     240904 bytes,    4501640 total
[2023-11-16T04:10:27.786+0000][7][gc,age      ] GC(48) - age   8:     237608 bytes,    4739248 total
[2023-11-16T04:10:27.786+0000][7][gc,age      ] GC(48) - age   9:     383312 bytes,    5122560 total
[2023-11-16T04:10:27.786+0000][7][gc,age      ] GC(48) - age  10:     472840 bytes,    5595400 total
[2023-11-16T04:10:27.786+0000][7][gc,age      ] GC(48) - age  11:     455664 bytes,    6051064 total
[2023-11-16T04:10:27.786+0000][7][gc,age      ] GC(48) - age  12:     930592 bytes,    6981656 total
[2023-11-16T04:10:27.786+0000][7][gc,age      ] GC(48) - age  13:     284384 bytes,    7266040 total
[2023-11-16T04:10:27.786+0000][7][gc,age      ] GC(48) - age  14:     246232 bytes,    7512272 total
[2023-11-16T04:10:27.786+0000][7][gc,age      ] GC(48) - age  15:     272440 bytes,    7784712 total
[2023-11-16T04:10:27.787+0000][7][gc,phases   ] GC(48)   Pre Evacuate Collection Set: 0.1ms
[2023-11-16T04:10:27.787+0000][7][gc,phases   ] GC(48)   Merge Heap Roots: 0.0ms
[2023-11-16T04:10:27.787+0000][7][gc,phases   ] GC(48)   Evacuate Collection Set: 7.7ms
[2023-11-16T04:10:27.787+0000][7][gc,phases   ] GC(48)   Post Evacuate Collection Set: 0.5ms
[2023-11-16T04:10:27.787+0000][7][gc,phases   ] GC(48)   Other: 0.2ms
[2023-11-16T04:10:27.787+0000][7][gc,heap     ] GC(48) Eden regions: 72->0(72)
[2023-11-16T04:10:27.787+0000][7][gc,heap     ] GC(48) Survivor regions: 2->2(10)
[2023-11-16T04:10:27.787+0000][7][gc,heap     ] GC(48) Old regions: 25->25
[2023-11-16T04:10:27.787+0000][7][gc,heap     ] GC(48) Archive regions: 2->2
[2023-11-16T04:10:27.787+0000][7][gc,heap     ] GC(48) Humongous regions: 5->5
[2023-11-16T04:10:27.787+0000][7][gc,metaspace] GC(48) Metaspace: 115650K(117248K)->115650K(117248K) NonClass: 100212K(101120K)->100212K(101120K) Class: 15437K(16128K)->15437K(16128K)
[2023-11-16T04:10:27.787+0000][7][gc          ] GC(48) Pause Young (Normal) (G1 Evacuation Pause) 417M->130M(512M) 8.597ms
[2023-11-16T04:10:27.787+0000][7][gc,cpu      ] GC(48) User=0.02s Sys=0.01s Real=0.01s
[2023-11-16T04:10:27.787+0000][7][safepoint   ] Safepoint "G1CollectForAllocation", Time since last: 161621820 ns, Reaching safepoint: 73389 ns, At safepoint: 8676942 ns, Total: 8750331 ns
[2023-11-16T04:10:28.787+0000][7][safepoint   ] Safepoint "Cleanup", Time since last: 1000117875 ns, Reaching safepoint: 35708 ns, At safepoint: 5159 ns, Total: 40867 ns
[2023-11-16T04:10:30.787+0000][7][safepoint   ] Safepoint "Cleanup", Time since last: 2000234131 ns, Reaching safepoint: 58141 ns, At safepoint: 5692 ns, Total: 63833 ns
[2023-11-16T04:10:31.787+0000][7][safepoint   ] Safepoint "Cleanup", Time since last: 1000265768 ns, Reaching safepoint: 74215 ns, At safepoint: 3107 ns, Total: 77322 ns
[2023-11-16T04:10:33.788+0000][7][safepoint   ] Safepoint "Cleanup", Time since last: 2000180525 ns, Reaching safepoint: 74151 ns, At safepoint: 5305 ns, Total: 79456 ns
[2023-11-16T04:10:35.788+0000][7][safepoint   ] Safepoint "Cleanup", Time since last: 2000386017 ns, Reaching safepoint: 30839 ns, At safepoint: 3279 ns, Total: 34118 ns
[2023-11-16T04:10:36.788+0000][7][safepoint   ] Safepoint "Cleanup", Time since last: 1000134542 ns, Reaching safepoint: 89111 ns, At safepoint: 6949 ns, Total: 96060 ns
[2023-11-16T04:10:38.789+0000][7][safepoint   ] Safepoint "Cleanup", Time since last: 2000300390 ns, Reaching safepoint: 153672 ns, At safepoint: 7333 ns, Total: 161005 ns
[2023-11-16T04:10:39.789+0000][7][safepoint   ] Safepoint "Cleanup", Time since last: 1000132365 ns, Reaching safepoint: 61355 ns, At safepoint: 4483 ns, Total: 65838 ns
[2023-11-16T04:10:40.789+0000][7][safepoint   ] Safepoint "Cleanup", Time since last: 1000131833 ns, Reaching safepoint: 63833 ns, At safepoint: 5616 ns, Total: 69449 ns
[2023-11-16T04:10:42.789+0000][7][safepoint   ] Safepoint "Cleanup", Time since last: 2000148766 ns, Reaching safepoint: 177001 ns, At safepoint: 10307 ns, Total: 187308 ns
[2023-11-16T04:10:43.790+0000][7][safepoint   ] Safepoint "Cleanup", Time since last: 1000341773 ns, Reaching safepoint: 34459 ns, At safepoint: 4876 ns, Total: 39335 ns
[2023-11-16T04:10:45.007+0000][7][gc,start    ] GC(49) Pause Young (Normal) (G1 Evacuation Pause)
[2023-11-16T04:10:45.007+0000][7][gc,task     ] GC(49) Using 8 workers of 8 for evacuation
[2023-11-16T04:10:45.007+0000][7][gc,age      ] GC(49) Desired survivor size 20971520 bytes, new threshold 15 (max threshold 15)
[2023-11-16T04:10:45.017+0000][7][gc,age      ] GC(49) Age table with threshold 15 (max threshold 15)
[2023-11-16T04:10:45.017+0000][7][gc,age      ] GC(49) - age   1:    1007552 bytes,    1007552 total
[2023-11-16T04:10:45.017+0000][7][gc,age      ] GC(49) - age   2:    1138184 bytes,    2145736 total
[2023-11-16T04:10:45.017+0000][7][gc,age      ] GC(49) - age   3:     646632 bytes,    2792368 total
[2023-11-16T04:10:45.017+0000][7][gc,age      ] GC(49) - age   4:     285688 bytes,    3078056 total
[2023-11-16T04:10:45.017+0000][7][gc,age      ] GC(49) - age   5:     523024 bytes,    3601080 total
[2023-11-16T04:10:45.017+0000][7][gc,age      ] GC(49) - age   6:     520040 bytes,    4121120 total
[2023-11-16T04:10:45.017+0000][7][gc,age      ] GC(49) - age   7:     287328 bytes,    4408448 total
[2023-11-16T04:10:45.017+0000][7][gc,age      ] GC(49) - age   8:     240904 bytes,    4649352 total
[2023-11-16T04:10:45.017+0000][7][gc,age      ] GC(49) - age   9:     237608 bytes,    4886960 total
[2023-11-16T04:10:45.017+0000][7][gc,age      ] GC(49) - age  10:     383248 bytes,    5270208 total
[2023-11-16T04:10:45.017+0000][7][gc,age      ] GC(49) - age  11:     472840 bytes,    5743048 total
[2023-11-16T04:10:45.017+0000][7][gc,age      ] GC(49) - age  12:     455664 bytes,    6198712 total
[2023-11-16T04:10:45.017+0000][7][gc,age      ] GC(49) - age  13:     930592 bytes,    7129304 total
[2023-11-16T04:10:45.017+0000][7][gc,age      ] GC(49) - age  14:     284384 bytes,    7413688 total
[2023-11-16T04:10:45.017+0000][7][gc,age      ] GC(49) - age  15:     246232 bytes,    7659920 total
[2023-11-16T04:10:45.017+0000][7][gc,phases   ] GC(49)   Pre Evacuate Collection Set: 0.1ms
[2023-11-16T04:10:45.017+0000][7][gc,phases   ] GC(49)   Merge Heap Roots: 0.0ms
[2023-11-16T04:10:45.017+0000][7][gc,phases   ] GC(49)   Evacuate Collection Set: 9.1ms
[2023-11-16T04:10:45.017+0000][7][gc,phases   ] GC(49)   Post Evacuate Collection Set: 0.5ms
[2023-11-16T04:10:45.017+0000][7][gc,phases   ] GC(49)   Other: 0.2ms
[2023-11-16T04:10:45.017+0000][7][gc,heap     ] GC(49) Eden regions: 72->0(72)
[2023-11-16T04:10:45.017+0000][7][gc,heap     ] GC(49) Survivor regions: 2->2(10)
[2023-11-16T04:10:45.017+0000][7][gc,heap     ] GC(49) Old regions: 25->25
[2023-11-16T04:10:45.017+0000][7][gc,heap     ] GC(49) Archive regions: 2->2
[2023-11-16T04:10:45.017+0000][7][gc,heap     ] GC(49) Humongous regions: 5->5
[2023-11-16T04:10:45.017+0000][7][gc,metaspace] GC(49) Metaspace: 115685K(117376K)->115685K(117376K) NonClass: 100247K(101248K)->100247K(101248K) Class: 15437K(16128K)->15437K(16128K)
[2023-11-16T04:10:45.017+0000][7][gc          ] GC(49) Pause Young (Normal) (G1 Evacuation Pause) 418M->130M(512M) 10.027ms
[2023-11-16T04:10:45.017+0000][7][gc,cpu      ] GC(49) User=0.03s Sys=0.00s Real=0.01s
[2023-11-16T04:10:45.017+0000][7][safepoint   ] Safepoint "G1CollectForAllocation", Time since last: 1216781748 ns, Reaching safepoint: 18751 ns, At safepoint: 10080710 ns, Total: 10099461 ns
[2023-11-16T04:10:46.017+0000][7][safepoint   ] Safepoint "Cleanup", Time since last: 1000081709 ns, Reaching safepoint: 166436 ns, At safepoint: 11641 ns, Total: 178077 ns
[2023-11-16T04:10:48.017+0000][7][safepoint   ] Safepoint "Cleanup", Time since last: 2000161469 ns, Reaching safepoint: 46863 ns, At safepoint: 22538 ns, Total: 69401 ns
[2023-11-16T04:10:49.017+0000][7][safepoint   ] Safepoint "Cleanup", Time since last: 1000098182 ns, Reaching safepoint: 155194 ns, At safepoint: 8858 ns, Total: 164052 ns
[2023-11-16T04:10:50.018+0000][7][safepoint   ] Safepoint "Cleanup", Time since last: 1000230204 ns, Reaching safepoint: 57906 ns, At safepoint: 30654 ns, Total: 88560 ns
[2023-11-16T04:10:51.018+0000][7][safepoint   ] Safepoint "Cleanup", Time since last: 1000104297 ns, Reaching safepoint: 57109 ns, At safepoint: 3255 ns, Total: 60364 ns
[2023-11-16T04:10:52.018+0000][7][safepoint   ] Safepoint "Cleanup", Time since last: 1000109933 ns, Reaching safepoint: 65638 ns, At safepoint: 9456 ns, Total: 75094 ns
[2023-11-16T04:10:54.018+0000][7][safepoint   ] Safepoint "Cleanup", Time since last: 2000171962 ns, Reaching safepoint: 121145 ns, At safepoint: 37937 ns, Total: 159082 ns
[2023-11-16T04:10:55.019+0000][7][safepoint   ] Safepoint "Cleanup", Time since last: 1000115853 ns, Reaching safepoint: 73989 ns, At safepoint: 8386 ns, Total: 82375 ns
[2023-11-16T04:10:56.019+0000][7][safepoint   ] Safepoint "Cleanup", Time since last: 1000331292 ns, Reaching safepoint: 73951 ns, At safepoint: 4896 ns, Total: 78847 ns
[2023-11-16T04:10:58.020+0000][7][safepoint   ] Safepoint "Cleanup", Time since last: 2000320833 ns, Reaching safepoint: 93773 ns, At safepoint: 10240 ns, Total: 104013 ns
[2023-11-16T04:10:59.020+0000][7][safepoint   ] Safepoint "Cleanup", Time since last: 1000097339 ns, Reaching safepoint: 72234 ns, At safepoint: 4511 ns, Total: 76745 ns
[2023-11-16T04:11:01.020+0000][7][safepoint   ] Safepoint "Cleanup", Time since last: 2000268321 ns, Reaching safepoint: 77679 ns, At safepoint: 7560 ns, Total: 85239 ns
[2023-11-16T04:11:03.038+0000][7][gc,start    ] GC(50) Pause Young (Normal) (G1 Evacuation Pause)
[2023-11-16T04:11:03.038+0000][7][gc,task     ] GC(50) Using 8 workers of 8 for evacuation
[2023-11-16T04:11:03.038+0000][7][gc,age      ] GC(50) Desired survivor size 20971520 bytes, new threshold 15 (max threshold 15)
[2023-11-16T04:11:03.042+0000][7][gc,age      ] GC(50) Age table with threshold 15 (max threshold 15)
[2023-11-16T04:11:03.042+0000][7][gc,age      ] GC(50) - age   1:    2160408 bytes,    2160408 total
[2023-11-16T04:11:03.042+0000][7][gc,age      ] GC(50) - age   2:     546592 bytes,    2707000 total
[2023-11-16T04:11:03.042+0000][7][gc,age      ] GC(50) - age   3:     969432 bytes,    3676432 total
[2023-11-16T04:11:03.042+0000][7][gc,age      ] GC(50) - age   4:     268904 bytes,    3945336 total
[2023-11-16T04:11:03.042+0000][7][gc,age      ] GC(50) - age   5:     285496 bytes,    4230832 total
[2023-11-16T04:11:03.042+0000][7][gc,age      ] GC(50) - age   6:     236400 bytes,    4467232 total
[2023-11-16T04:11:03.042+0000][7][gc,age      ] GC(50) - age   7:     238448 bytes,    4705680 total
[2023-11-16T04:11:03.042+0000][7][gc,age      ] GC(50) - age   8:     287328 bytes,    4993008 total
[2023-11-16T04:11:03.042+0000][7][gc,age      ] GC(50) - age   9:     240904 bytes,    5233912 total
[2023-11-16T04:11:03.042+0000][7][gc,age      ] GC(50) - age  10:     237608 bytes,    5471520 total
[2023-11-16T04:11:03.042+0000][7][gc,age      ] GC(50) - age  11:     383248 bytes,    5854768 total
[2023-11-16T04:11:03.042+0000][7][gc,age      ] GC(50) - age  12:     472808 bytes,    6327576 total
[2023-11-16T04:11:03.042+0000][7][gc,age      ] GC(50) - age  13:     455664 bytes,    6783240 total
[2023-11-16T04:11:03.042+0000][7][gc,age      ] GC(50) - age  14:     930592 bytes,    7713832 total
[2023-11-16T04:11:03.042+0000][7][gc,age      ] GC(50) - age  15:     284384 bytes,    7998216 total
[2023-11-16T04:11:03.042+0000][7][gc,phases   ] GC(50)   Pre Evacuate Collection Set: 0.1ms
[2023-11-16T04:11:03.042+0000][7][gc,phases   ] GC(50)   Merge Heap Roots: 0.0ms
[2023-11-16T04:11:03.042+0000][7][gc,phases   ] GC(50)   Evacuate Collection Set: 2.4ms
[2023-11-16T04:11:03.042+0000][7][gc,phases   ] GC(50)   Post Evacuate Collection Set: 0.6ms
[2023-11-16T04:11:03.042+0000][7][gc,phases   ] GC(50)   Other: 0.3ms
[2023-11-16T04:11:03.042+0000][7][gc,heap     ] GC(50) Eden regions: 72->0(72)
[2023-11-16T04:11:03.042+0000][7][gc,heap     ] GC(50) Survivor regions: 2->2(10)
[2023-11-16T04:11:03.042+0000][7][gc,heap     ] GC(50) Old regions: 25->25
[2023-11-16T04:11:03.042+0000][7][gc,heap     ] GC(50) Archive regions: 2->2
[2023-11-16T04:11:03.042+0000][7][gc,heap     ] GC(50) Humongous regions: 5->5
[2023-11-16T04:11:03.042+0000][7][gc,metaspace] GC(50) Metaspace: 115737K(117440K)->115737K(117440K) NonClass: 100300K(101312K)->100300K(101312K) Class: 15437K(16128K)->15437K(16128K)
[2023-11-16T04:11:03.042+0000][7][gc          ] GC(50) Pause Young (Normal) (G1 Evacuation Pause) 418M->130M(512M) 3.503ms
[2023-11-16T04:11:03.042+0000][7][gc,cpu      ] GC(50) User=0.02s Sys=0.00s Real=0.01s
[2023-11-16T04:11:03.042+0000][7][safepoint   ] Safepoint "G1CollectForAllocation", Time since last: 2018124817 ns, Reaching safepoint: 57252 ns, At safepoint: 3643720 ns, Total: 3700972 ns
[2023-11-16T04:11:04.042+0000][7][safepoint   ] Safepoint "Cleanup", Time since last: 1000082756 ns, Reaching safepoint: 66940 ns, At safepoint: 5466 ns, Total: 72406 ns
[2023-11-16T04:11:05.042+0000][7][safepoint   ] Safepoint "Cleanup", Time since last: 1000100027 ns, Reaching safepoint: 138421 ns, At safepoint: 9433 ns, Total: 147854 ns
[2023-11-16T04:11:06.042+0000][7][safepoint   ] Safepoint "Cleanup", Time since last: 1000096861 ns, Reaching safepoint: 75922 ns, At safepoint: 12196 ns, Total: 88118 ns
[2023-11-16T04:11:07.043+0000][7][safepoint   ] Safepoint "Cleanup", Time since last: 1000109787 ns, Reaching safepoint: 99734 ns, At safepoint: 7307 ns, Total: 107041 ns
[2023-11-16T04:11:08.043+0000][7][safepoint   ] Safepoint "Cleanup", Time since last: 1000134659 ns, Reaching safepoint: 146800 ns, At safepoint: 7624 ns, Total: 154424 ns
[2023-11-16T04:11:09.043+0000][7][safepoint   ] Safepoint "Cleanup", Time since last: 1000143882 ns, Reaching safepoint: 313468 ns, At safepoint: 38350 ns, Total: 351818 ns
[2023-11-16T04:11:10.044+0000][7][safepoint   ] Safepoint "Cleanup", Time since last: 1000098327 ns, Reaching safepoint: 81327 ns, At safepoint: 5695 ns, Total: 87022 ns
[2023-11-16T04:11:11.044+0000][7][safepoint   ] Safepoint "Cleanup", Time since last: 1000123687 ns, Reaching safepoint: 177034 ns, At safepoint: 6609 ns, Total: 183643 ns
[2023-11-16T04:11:12.044+0000][7][safepoint   ] Safepoint "Cleanup", Time since last: 1000126307 ns, Reaching safepoint: 84735 ns, At safepoint: 5164 ns, Total: 89899 ns
[2023-11-16T04:11:12.591+0000][7][gc,start    ] GC(51) Pause Young (Normal) (G1 Evacuation Pause)
[2023-11-16T04:11:12.591+0000][7][gc,task     ] GC(51) Using 8 workers of 8 for evacuation
[2023-11-16T04:11:12.592+0000][7][gc,age      ] GC(51) Desired survivor size 20971520 bytes, new threshold 15 (max threshold 15)
[2023-11-16T04:11:12.603+0000][7][gc,age      ] GC(51) Age table with threshold 15 (max threshold 15)
[2023-11-16T04:11:12.603+0000][7][gc,age      ] GC(51) - age   1:    3952176 bytes,    3952176 total
[2023-11-16T04:11:12.603+0000][7][gc,age      ] GC(51) - age   2:    1975048 bytes,    5927224 total
[2023-11-16T04:11:12.603+0000][7][gc,age      ] GC(51) - age   3:     546176 bytes,    6473400 total
[2023-11-16T04:11:12.603+0000][7][gc,age      ] GC(51) - age   4:     315440 bytes,    6788840 total
[2023-11-16T04:11:12.603+0000][7][gc,age      ] GC(51) - age   5:     201600 bytes,    6990440 total
[2023-11-16T04:11:12.603+0000][7][gc,age      ] GC(51) - age   6:     285192 bytes,    7275632 total
[2023-11-16T04:11:12.603+0000][7][gc,age      ] GC(51) - age   7:     236272 bytes,    7511904 total
[2023-11-16T04:11:12.603+0000][7][gc,age      ] GC(51) - age   8:     238384 bytes,    7750288 total
[2023-11-16T04:11:12.603+0000][7][gc,age      ] GC(51) - age   9:     287144 bytes,    8037432 total
[2023-11-16T04:11:12.603+0000][7][gc,age      ] GC(51) - age  10:     237992 bytes,    8275424 total
[2023-11-16T04:11:12.603+0000][7][gc,age      ] GC(51) - age  11:     237608 bytes,    8513032 total
[2023-11-16T04:11:12.603+0000][7][gc,age      ] GC(51) - age  12:     350184 bytes,    8863216 total
[2023-11-16T04:11:12.603+0000][7][gc,age      ] GC(51) - age  13:     423400 bytes,    9286616 total
[2023-11-16T04:11:12.603+0000][7][gc,age      ] GC(51) - age  14:     425240 bytes,    9711856 total
[2023-11-16T04:11:12.603+0000][7][gc,age      ] GC(51) - age  15:     486392 bytes,   10198248 total
[2023-11-16T04:11:12.603+0000][7][gc,phases   ] GC(51)   Pre Evacuate Collection Set: 0.1ms
[2023-11-16T04:11:12.603+0000][7][gc,phases   ] GC(51)   Merge Heap Roots: 0.0ms
[2023-11-16T04:11:12.603+0000][7][gc,phases   ] GC(51)   Evacuate Collection Set: 11.1ms
[2023-11-16T04:11:12.603+0000][7][gc,phases   ] GC(51)   Post Evacuate Collection Set: 0.6ms
[2023-11-16T04:11:12.603+0000][7][gc,phases   ] GC(51)   Other: 0.2ms
[2023-11-16T04:11:12.604+0000][7][gc,heap     ] GC(51) Eden regions: 72->0(70)
[2023-11-16T04:11:12.604+0000][7][gc,heap     ] GC(51) Survivor regions: 2->3(10)
[2023-11-16T04:11:12.604+0000][7][gc,heap     ] GC(51) Old regions: 25->25
[2023-11-16T04:11:12.604+0000][7][gc,heap     ] GC(51) Archive regions: 2->2
[2023-11-16T04:11:12.604+0000][7][gc,heap     ] GC(51) Humongous regions: 5->5
[2023-11-16T04:11:12.604+0000][7][gc,metaspace] GC(51) Metaspace: 116098K(117824K)->116098K(117824K) NonClass: 100593K(101632K)->100593K(101632K) Class: 15504K(16192K)->15504K(16192K)
[2023-11-16T04:11:12.604+0000][7][gc          ] GC(51) Pause Young (Normal) (G1 Evacuation Pause) 418M->133M(512M) 12.073ms
[2023-11-16T04:11:12.604+0000][7][gc,cpu      ] GC(51) User=0.03s Sys=0.00s Real=0.01s
[2023-11-16T04:11:12.604+0000][7][safepoint   ] Safepoint "G1CollectForAllocation", Time since last: 547116279 ns, Reaching safepoint: 128446 ns, At safepoint: 12136323 ns, Total: 12264769 ns
[2023-11-16T04:11:13.604+0000][7][safepoint   ] Safepoint "Cleanup", Time since last: 1000121927 ns, Reaching safepoint: 131849 ns, At safepoint: 6504 ns, Total: 138353 ns
[2023-11-16T04:11:15.604+0000][7][safepoint   ] Safepoint "Cleanup", Time since last: 2000206020 ns, Reaching safepoint: 72819 ns, At safepoint: 4034 ns, Total: 76853 ns
[2023-11-16T04:11:18.605+0000][7][safepoint   ] Safepoint "Cleanup", Time since last: 3000587379 ns, Reaching safepoint: 94446 ns, At safepoint: 6283 ns, Total: 100729 ns
[2023-11-16T04:11:19.605+0000][7][safepoint   ] Safepoint "Cleanup", Time since last: 1000118989 ns, Reaching safepoint: 35582 ns, At safepoint: 2991 ns, Total: 38573 ns
[2023-11-16T04:11:20.605+0000][7][safepoint   ] Safepoint "Cleanup", Time since last: 1000091724 ns, Reaching safepoint: 95835 ns, At safepoint: 5451 ns, Total: 101286 ns
[2023-11-16T04:11:21.606+0000][7][safepoint   ] Safepoint "Cleanup", Time since last: 1000390676 ns, Reaching safepoint: 135358 ns, At safepoint: 24987 ns, Total: 160345 ns
[2023-11-16T04:11:22.746+0000][7][safepoint   ] Safepoint "Cleanup", Time since last: 1139742426 ns, Reaching safepoint: 120897 ns, At safepoint: 4389 ns, Total: 125286 ns
[2023-11-16T04:11:23.746+0000][7][safepoint   ] Safepoint "Cleanup", Time since last: 1000146637 ns, Reaching safepoint: 132681 ns, At safepoint: 6837 ns, Total: 139518 ns
[2023-11-16T04:11:25.330+0000][7][safepoint   ] Safepoint "Cleanup", Time since last: 1583866809 ns, Reaching safepoint: 91283 ns, At safepoint: 8507 ns, Total: 99790 ns
[2023-11-16T04:11:26.330+0000][7][safepoint   ] Safepoint "Cleanup", Time since last: 1000143509 ns, Reaching safepoint: 95694 ns, At safepoint: 3951 ns, Total: 99645 ns
[2023-11-16T04:11:28.330+0000][7][safepoint   ] Safepoint "Cleanup", Time since last: 2000172205 ns, Reaching safepoint: 54049 ns, At safepoint: 5582 ns, Total: 59631 ns
[2023-11-16T04:11:28.422+0000][7][gc,start    ] GC(52) Pause Young (Normal) (G1 Evacuation Pause)
[2023-11-16T04:11:28.422+0000][7][gc,task     ] GC(52) Using 8 workers of 8 for evacuation
[2023-11-16T04:11:28.422+0000][7][gc,age      ] GC(52) Desired survivor size 20971520 bytes, new threshold 15 (max threshold 15)
[2023-11-16T04:11:28.433+0000][7][gc,age      ] GC(52) Age table with threshold 15 (max threshold 15)
[2023-11-16T04:11:28.433+0000][7][gc,age      ] GC(52) - age   1:     961152 bytes,     961152 total
[2023-11-16T04:11:28.433+0000][7][gc,age      ] GC(52) - age   2:    2663560 bytes,    3624712 total
[2023-11-16T04:11:28.433+0000][7][gc,age      ] GC(52) - age   3:    1386656 bytes,    5011368 total
[2023-11-16T04:11:28.433+0000][7][gc,age      ] GC(52) - age   4:     436040 bytes,    5447408 total
[2023-11-16T04:11:28.433+0000][7][gc,age      ] GC(52) - age   5:     310456 bytes,    5757864 total
[2023-11-16T04:11:28.433+0000][7][gc,age      ] GC(52) - age   6:     201440 bytes,    5959304 total
[2023-11-16T04:11:28.433+0000][7][gc,age      ] GC(52) - age   7:     285040 bytes,    6244344 total
[2023-11-16T04:11:28.433+0000][7][gc,age      ] GC(52) - age   8:     235864 bytes,    6480208 total
[2023-11-16T04:11:28.433+0000][7][gc,age      ] GC(52) - age   9:     238384 bytes,    6718592 total
[2023-11-16T04:11:28.433+0000][7][gc,age      ] GC(52) - age  10:     287056 bytes,    7005648 total
[2023-11-16T04:11:28.433+0000][7][gc,age      ] GC(52) - age  11:     237992 bytes,    7243640 total
[2023-11-16T04:11:28.433+0000][7][gc,age      ] GC(52) - age  12:     237608 bytes,    7481248 total
[2023-11-16T04:11:28.433+0000][7][gc,age      ] GC(52) - age  13:     350120 bytes,    7831368 total
[2023-11-16T04:11:28.433+0000][7][gc,age      ] GC(52) - age  14:     422912 bytes,    8254280 total
[2023-11-16T04:11:28.433+0000][7][gc,age      ] GC(52) - age  15:     425240 bytes,    8679520 total
[2023-11-16T04:11:28.434+0000][7][gc,phases   ] GC(52)   Pre Evacuate Collection Set: 0.1ms
[2023-11-16T04:11:28.434+0000][7][gc,phases   ] GC(52)   Merge Heap Roots: 0.0ms
[2023-11-16T04:11:28.434+0000][7][gc,phases   ] GC(52)   Evacuate Collection Set: 10.2ms
[2023-11-16T04:11:28.434+0000][7][gc,phases   ] GC(52)   Post Evacuate Collection Set: 0.7ms
[2023-11-16T04:11:28.434+0000][7][gc,phases   ] GC(52)   Other: 0.3ms
[2023-11-16T04:11:28.434+0000][7][gc,heap     ] GC(52) Eden regions: 70->0(70)
[2023-11-16T04:11:28.434+0000][7][gc,heap     ] GC(52) Survivor regions: 3->3(10)
[2023-11-16T04:11:28.434+0000][7][gc,heap     ] GC(52) Old regions: 25->25
[2023-11-16T04:11:28.434+0000][7][gc,heap     ] GC(52) Archive regions: 2->2
[2023-11-16T04:11:28.434+0000][7][gc,heap     ] GC(52) Humongous regions: 5->5
[2023-11-16T04:11:28.434+0000][7][gc,metaspace] GC(52) Metaspace: 116143K(117824K)->116143K(117824K) NonClass: 100636K(101632K)->100636K(101632K) Class: 15506K(16192K)->15506K(16192K)
[2023-11-16T04:11:28.434+0000][7][gc          ] GC(52) Pause Young (Normal) (G1 Evacuation Pause) 413M->132M(512M) 11.370ms
[2023-11-16T04:11:28.434+0000][7][gc,cpu      ] GC(52) User=0.03s Sys=0.00s Real=0.01s
[2023-11-16T04:11:28.434+0000][7][safepoint   ] Safepoint "G1CollectForAllocation", Time since last: 91847716 ns, Reaching safepoint: 60737 ns, At safepoint: 11443412 ns, Total: 11504149 ns
[2023-11-16T04:11:29.915+0000][7][safepoint   ] Safepoint "ICBufferFull", Time since last: 1480720570 ns, Reaching safepoint: 299639 ns, At safepoint: 9696 ns, Total: 309335 ns
[2023-11-16T04:11:30.325+0000][7][safepoint   ] Safepoint "ICBufferFull", Time since last: 410342174 ns, Reaching safepoint: 125336 ns, At safepoint: 3664 ns, Total: 129000 ns
[2023-11-16T04:11:30.783+0000][7][safepoint   ] Safepoint "ICBufferFull", Time since last: 457689027 ns, Reaching safepoint: 397487 ns, At safepoint: 19174 ns, Total: 416661 ns
[2023-11-16T04:11:31.140+0000][7][gc,start    ] GC(53) Pause Young (Normal) (G1 Evacuation Pause)
[2023-11-16T04:11:31.140+0000][7][gc,task     ] GC(53) Using 8 workers of 8 for evacuation
[2023-11-16T04:11:31.140+0000][7][gc,age      ] GC(53) Desired survivor size 20971520 bytes, new threshold 15 (max threshold 15)
[2023-11-16T04:11:31.146+0000][7][gc,age      ] GC(53) Age table with threshold 15 (max threshold 15)
[2023-11-16T04:11:31.146+0000][7][gc,age      ] GC(53) - age   1:    3819672 bytes,    3819672 total
[2023-11-16T04:11:31.146+0000][7][gc,age      ] GC(53) - age   2:     674048 bytes,    4493720 total
[2023-11-16T04:11:31.146+0000][7][gc,age      ] GC(53) - age   3:    2553832 bytes,    7047552 total
[2023-11-16T04:11:31.146+0000][7][gc,age      ] GC(53) - age   4:    1383648 bytes,    8431200 total
[2023-11-16T04:11:31.146+0000][7][gc,age      ] GC(53) - age   5:     435072 bytes,    8866272 total
[2023-11-16T04:11:31.146+0000][7][gc,age      ] GC(53) - age   6:     310360 bytes,    9176632 total
[2023-11-16T04:11:31.146+0000][7][gc,age      ] GC(53) - age   7:     201376 bytes,    9378008 total
[2023-11-16T04:11:31.146+0000][7][gc,age      ] GC(53) - age   8:     285040 bytes,    9663048 total
[2023-11-16T04:11:31.146+0000][7][gc,age      ] GC(53) - age   9:     235864 bytes,    9898912 total
[2023-11-16T04:11:31.146+0000][7][gc,age      ] GC(53) - age  10:     238384 bytes,   10137296 total
[2023-11-16T04:11:31.146+0000][7][gc,age      ] GC(53) - age  11:     287056 bytes,   10424352 total
[2023-11-16T04:11:31.146+0000][7][gc,age      ] GC(53) - age  12:     237992 bytes,   10662344 total
[2023-11-16T04:11:31.146+0000][7][gc,age      ] GC(53) - age  13:     237608 bytes,   10899952 total
[2023-11-16T04:11:31.146+0000][7][gc,age      ] GC(53) - age  14:     350120 bytes,   11250072 total
[2023-11-16T04:11:31.146+0000][7][gc,age      ] GC(53) - age  15:     422808 bytes,   11672880 total
[2023-11-16T04:11:31.146+0000][7][gc,phases   ] GC(53)   Pre Evacuate Collection Set: 0.1ms
[2023-11-16T04:11:31.146+0000][7][gc,phases   ] GC(53)   Merge Heap Roots: 0.0ms
[2023-11-16T04:11:31.146+0000][7][gc,phases   ] GC(53)   Evacuate Collection Set: 4.7ms
[2023-11-16T04:11:31.146+0000][7][gc,phases   ] GC(53)   Post Evacuate Collection Set: 0.5ms
[2023-11-16T04:11:31.146+0000][7][gc,phases   ] GC(53)   Other: 0.2ms
[2023-11-16T04:11:31.146+0000][7][gc,heap     ] GC(53) Eden regions: 70->0(69)
[2023-11-16T04:11:31.146+0000][7][gc,heap     ] GC(53) Survivor regions: 3->3(10)
[2023-11-16T04:11:31.146+0000][7][gc,heap     ] GC(53) Old regions: 25->26
[2023-11-16T04:11:31.146+0000][7][gc,heap     ] GC(53) Archive regions: 2->2
[2023-11-16T04:11:31.146+0000][7][gc,heap     ] GC(53) Humongous regions: 5->5
[2023-11-16T04:11:31.146+0000][7][gc,metaspace] GC(53) Metaspace: 117240K(118976K)->117240K(118976K) NonClass: 101566K(102592K)->101566K(102592K) Class: 15673K(16384K)->15673K(16384K)
[2023-11-16T04:11:31.146+0000][7][gc          ] GC(53) Pause Young (Normal) (G1 Evacuation Pause) 412M->135M(512M) 5.540ms
[2023-11-16T04:11:31.146+0000][7][gc,cpu      ] GC(53) User=0.04s Sys=0.00s Real=0.00s
[2023-11-16T04:11:31.146+0000][7][safepoint   ] Safepoint "G1CollectForAllocation", Time since last: 356703043 ns, Reaching safepoint: 155367 ns, At safepoint: 5609287 ns, Total: 5764654 ns
[2023-11-16T04:11:32.146+0000][7][safepoint   ] Safepoint "Cleanup", Time since last: 1000074149 ns, Reaching safepoint: 180327 ns, At safepoint: 8168 ns, Total: 188495 ns
[2023-11-16T04:11:33.146+0000][7][safepoint   ] Safepoint "Cleanup", Time since last: 1000140701 ns, Reaching safepoint: 95585 ns, At safepoint: 9865 ns, Total: 105450 ns
[2023-11-16T04:11:34.147+0000][7][safepoint   ] Safepoint "Cleanup", Time since last: 1000182592 ns, Reaching safepoint: 189396 ns, At safepoint: 30802 ns, Total: 220198 ns
[2023-11-16T04:11:35.147+0000][7][safepoint   ] Safepoint "Cleanup", Time since last: 1000106894 ns, Reaching safepoint: 45202 ns, At safepoint: 4635 ns, Total: 49837 ns
[2023-11-16T04:11:36.147+0000][7][safepoint   ] Safepoint "Cleanup", Time since last: 1000110100 ns, Reaching safepoint: 77679 ns, At safepoint: 4865 ns, Total: 82544 ns
[2023-11-16T04:11:37.147+0000][7][safepoint   ] Safepoint "Cleanup", Time since last: 1000107022 ns, Reaching safepoint: 104906 ns, At safepoint: 8649 ns, Total: 113555 ns
[2023-11-16T04:11:38.147+0000][7][safepoint   ] Safepoint "Cleanup", Time since last: 1000161528 ns, Reaching safepoint: 101018 ns, At safepoint: 5737 ns, Total: 106755 ns
[2023-11-16T04:11:38.985+0000][7][gc,start    ] GC(54) Pause Young (Normal) (G1 Evacuation Pause)
[2023-11-16T04:11:38.985+0000][7][gc,task     ] GC(54) Using 8 workers of 8 for evacuation
[2023-11-16T04:11:38.985+0000][7][gc,age      ] GC(54) Desired survivor size 18874368 bytes, new threshold 15 (max threshold 15)
[2023-11-16T04:11:38.993+0000][7][gc,age      ] GC(54) Age table with threshold 15 (max threshold 15)
[2023-11-16T04:11:38.993+0000][7][gc,age      ] GC(54) - age   1:    2665616 bytes,    2665616 total
[2023-11-16T04:11:38.993+0000][7][gc,age      ] GC(54) - age   2:    1330296 bytes,    3995912 total
[2023-11-16T04:11:38.993+0000][7][gc,age      ] GC(54) - age   3:     540144 bytes,    4536056 total
[2023-11-16T04:11:38.993+0000][7][gc,age      ] GC(54) - age   4:    2476296 bytes,    7012352 total
[2023-11-16T04:11:38.993+0000][7][gc,age      ] GC(54) - age   5:    1383264 bytes,    8395616 total
[2023-11-16T04:11:38.993+0000][7][gc,age      ] GC(54) - age   6:     434848 bytes,    8830464 total
[2023-11-16T04:11:38.993+0000][7][gc,age      ] GC(54) - age   7:     310360 bytes,    9140824 total
[2023-11-16T04:11:38.993+0000][7][gc,age      ] GC(54) - age   8:     201376 bytes,    9342200 total
[2023-11-16T04:11:38.993+0000][7][gc,age      ] GC(54) - age   9:     285040 bytes,    9627240 total
[2023-11-16T04:11:38.993+0000][7][gc,age      ] GC(54) - age  10:     235864 bytes,    9863104 total
[2023-11-16T04:11:38.993+0000][7][gc,age      ] GC(54) - age  11:     238384 bytes,   10101488 total
[2023-11-16T04:11:38.993+0000][7][gc,age      ] GC(54) - age  12:     287056 bytes,   10388544 total
[2023-11-16T04:11:38.993+0000][7][gc,age      ] GC(54) - age  13:     237992 bytes,   10626536 total
[2023-11-16T04:11:38.993+0000][7][gc,age      ] GC(54) - age  14:     237608 bytes,   10864144 total
[2023-11-16T04:11:38.993+0000][7][gc,age      ] GC(54) - age  15:     350120 bytes,   11214264 total
[2023-11-16T04:11:38.993+0000][7][gc,phases   ] GC(54)   Pre Evacuate Collection Set: 0.1ms
[2023-11-16T04:11:38.993+0000][7][gc,phases   ] GC(54)   Merge Heap Roots: 0.0ms
[2023-11-16T04:11:38.993+0000][7][gc,phases   ] GC(54)   Evacuate Collection Set: 7.0ms
[2023-11-16T04:11:38.993+0000][7][gc,phases   ] GC(54)   Post Evacuate Collection Set: 0.5ms
[2023-11-16T04:11:38.993+0000][7][gc,phases   ] GC(54)   Other: 0.2ms
[2023-11-16T04:11:38.993+0000][7][gc,heap     ] GC(54) Eden regions: 69->0(69)
[2023-11-16T04:11:38.993+0000][7][gc,heap     ] GC(54) Survivor regions: 3->3(9)
[2023-11-16T04:11:38.993+0000][7][gc,heap     ] GC(54) Old regions: 26->26
[2023-11-16T04:11:38.993+0000][7][gc,heap     ] GC(54) Archive regions: 2->2
[2023-11-16T04:11:38.993+0000][7][gc,heap     ] GC(54) Humongous regions: 5->5
[2023-11-16T04:11:38.993+0000][7][gc,metaspace] GC(54) Metaspace: 117251K(118976K)->117251K(118976K) NonClass: 101578K(102592K)->101578K(102592K) Class: 15673K(16384K)->15673K(16384K)
[2023-11-16T04:11:38.993+0000][7][gc          ] GC(54) Pause Young (Normal) (G1 Evacuation Pause) 411M->135M(512M) 7.935ms
[2023-11-16T04:11:38.993+0000][7][gc,cpu      ] GC(54) User=0.03s Sys=0.00s Real=0.01s
[2023-11-16T04:11:38.993+0000][7][safepoint   ] Safepoint "G1CollectForAllocation", Time since last: 837690428 ns, Reaching safepoint: 49702 ns, At safepoint: 8008824 ns, Total: 8058526 ns
[2023-11-16T04:11:39.994+0000][7][safepoint   ] Safepoint "Cleanup", Time since last: 1000180266 ns, Reaching safepoint: 135955 ns, At safepoint: 6123 ns, Total: 142078 ns
[2023-11-16T04:11:40.995+0000][7][safepoint   ] Safepoint "Cleanup", Time since last: 1001492628 ns, Reaching safepoint: 90758 ns, At safepoint: 10530 ns, Total: 101288 ns
[2023-11-16T04:11:41.996+0000][7][safepoint   ] Safepoint "Cleanup", Time since last: 1000344299 ns, Reaching safepoint: 33389 ns, At safepoint: 5203 ns, Total: 38592 ns
[2023-11-16T04:11:42.996+0000][7][safepoint   ] Safepoint "Cleanup", Time since last: 1000131204 ns, Reaching safepoint: 119667 ns, At safepoint: 21680 ns, Total: 141347 ns
[2023-11-16T04:11:43.996+0000][7][safepoint   ] Safepoint "Cleanup", Time since last: 1000109918 ns, Reaching safepoint: 50158 ns, At safepoint: 4224 ns, Total: 54382 ns
[2023-11-16T04:11:44.996+0000][7][safepoint   ] Safepoint "Cleanup", Time since last: 1000142527 ns, Reaching safepoint: 121793 ns, At safepoint: 3198 ns, Total: 124991 ns
[2023-11-16T04:11:45.014+0000][7][gc,start    ] GC(55) Pause Young (Normal) (G1 Evacuation Pause)
[2023-11-16T04:11:45.014+0000][7][gc,task     ] GC(55) Using 8 workers of 8 for evacuation
[2023-11-16T04:11:45.014+0000][7][gc,age      ] GC(55) Desired survivor size 18874368 bytes, new threshold 15 (max threshold 15)
[2023-11-16T04:11:45.023+0000][7][gc,age      ] GC(55) Age table with threshold 15 (max threshold 15)
[2023-11-16T04:11:45.024+0000][7][gc,age      ] GC(55) - age   1:    1326528 bytes,    1326528 total
[2023-11-16T04:11:45.024+0000][7][gc,age      ] GC(55) - age   2:     501472 bytes,    1828000 total
[2023-11-16T04:11:45.024+0000][7][gc,age      ] GC(55) - age   3:    1126152 bytes,    2954152 total
[2023-11-16T04:11:45.024+0000][7][gc,age      ] GC(55) - age   4:     391384 bytes,    3345536 total
[2023-11-16T04:11:45.024+0000][7][gc,age      ] GC(55) - age   5:    2476160 bytes,    5821696 total
[2023-11-16T04:11:45.024+0000][7][gc,age      ] GC(55) - age   6:    1383200 bytes,    7204896 total
[2023-11-16T04:11:45.024+0000][7][gc,age      ] GC(55) - age   7:     434848 bytes,    7639744 total
[2023-11-16T04:11:45.024+0000][7][gc,age      ] GC(55) - age   8:     310360 bytes,    7950104 total
[2023-11-16T04:11:45.024+0000][7][gc,age      ] GC(55) - age   9:     201376 bytes,    8151480 total
[2023-11-16T04:11:45.024+0000][7][gc,age      ] GC(55) - age  10:     285040 bytes,    8436520 total
[2023-11-16T04:11:45.024+0000][7][gc,age      ] GC(55) - age  11:     235864 bytes,    8672384 total
[2023-11-16T04:11:45.024+0000][7][gc,age      ] GC(55) - age  12:     238320 bytes,    8910704 total
[2023-11-16T04:11:45.024+0000][7][gc,age      ] GC(55) - age  13:     287056 bytes,    9197760 total
[2023-11-16T04:11:45.024+0000][7][gc,age      ] GC(55) - age  14:     237992 bytes,    9435752 total
[2023-11-16T04:11:45.024+0000][7][gc,age      ] GC(55) - age  15:     237608 bytes,    9673360 total
[2023-11-16T04:11:45.024+0000][7][gc,phases   ] GC(55)   Pre Evacuate Collection Set: 0.1ms
[2023-11-16T04:11:45.024+0000][7][gc,phases   ] GC(55)   Merge Heap Roots: 0.1ms
[2023-11-16T04:11:45.024+0000][7][gc,phases   ] GC(55)   Evacuate Collection Set: 9.0ms
[2023-11-16T04:11:45.024+0000][7][gc,phases   ] GC(55)   Post Evacuate Collection Set: 0.6ms
[2023-11-16T04:11:45.024+0000][7][gc,phases   ] GC(55)   Other: 0.3ms
[2023-11-16T04:11:45.024+0000][7][gc,heap     ] GC(55) Eden regions: 69->0(69)
[2023-11-16T04:11:45.024+0000][7][gc,heap     ] GC(55) Survivor regions: 3->3(9)
[2023-11-16T04:11:45.024+0000][7][gc,heap     ] GC(55) Old regions: 26->26
[2023-11-16T04:11:45.024+0000][7][gc,heap     ] GC(55) Archive regions: 2->2
[2023-11-16T04:11:45.024+0000][7][gc,heap     ] GC(55) Humongous regions: 5->5
[2023-11-16T04:11:45.024+0000][7][gc,metaspace] GC(55) Metaspace: 117286K(118976K)->117286K(118976K) NonClass: 101612K(102592K)->101612K(102592K) Class: 15673K(16384K)->15673K(16384K)
[2023-11-16T04:11:45.024+0000][7][gc          ] GC(55) Pause Young (Normal) (G1 Evacuation Pause) 411M->134M(512M) 10.138ms
[2023-11-16T04:11:45.024+0000][7][gc,cpu      ] GC(55) User=0.04s Sys=0.00s Real=0.01s
[2023-11-16T04:11:45.024+0000][7][safepoint   ] Safepoint "G1CollectForAllocation", Time since last: 17155586 ns, Reaching safepoint: 109191 ns, At safepoint: 10212230 ns, Total: 10321421 ns
[2023-11-16T04:11:46.996+0000][7][safepoint   ] Safepoint "Cleanup", Time since last: 1972396391 ns, Reaching safepoint: 162448 ns, At safepoint: 22274 ns, Total: 184722 ns
[2023-11-16T04:11:47.997+0000][7][safepoint   ] Safepoint "Cleanup", Time since last: 1000212328 ns, Reaching safepoint: 85908 ns, At safepoint: 4705 ns, Total: 90613 ns
[2023-11-16T04:11:49.594+0000][7][safepoint   ] Safepoint "Cleanup", Time since last: 1597075307 ns, Reaching safepoint: 130368 ns, At safepoint: 6301 ns, Total: 136669 ns
[2023-11-16T04:11:50.594+0000][7][safepoint   ] Safepoint "Cleanup", Time since last: 1000244326 ns, Reaching safepoint: 178580 ns, At safepoint: 9450 ns, Total: 188030 ns
[2023-11-16T04:11:51.125+0000][7][gc,start    ] GC(56) Pause Young (Normal) (G1 Evacuation Pause)
[2023-11-16T04:11:51.125+0000][7][gc,task     ] GC(56) Using 8 workers of 8 for evacuation
[2023-11-16T04:11:51.125+0000][7][gc,age      ] GC(56) Desired survivor size 18874368 bytes, new threshold 15 (max threshold 15)
[2023-11-16T04:11:51.129+0000][7][gc,age      ] GC(56) Age table with threshold 15 (max threshold 15)
[2023-11-16T04:11:51.130+0000][7][gc,age      ] GC(56) - age   1:    1344480 bytes,    1344480 total
[2023-11-16T04:11:51.130+0000][7][gc,age      ] GC(56) - age   2:     276184 bytes,    1620664 total
[2023-11-16T04:11:51.130+0000][7][gc,age      ] GC(56) - age   3:     498112 bytes,    2118776 total
[2023-11-16T04:11:51.130+0000][7][gc,age      ] GC(56) - age   4:    1125784 bytes,    3244560 total
[2023-11-16T04:11:51.130+0000][7][gc,age      ] GC(56) - age   5:     391064 bytes,    3635624 total
[2023-11-16T04:11:51.130+0000][7][gc,age      ] GC(56) - age   6:    2476040 bytes,    6111664 total
[2023-11-16T04:11:51.130+0000][7][gc,age      ] GC(56) - age   7:    1383200 bytes,    7494864 total
[2023-11-16T04:11:51.130+0000][7][gc,age      ] GC(56) - age   8:     434848 bytes,    7929712 total
[2023-11-16T04:11:51.130+0000][7][gc,age      ] GC(56) - age   9:     310360 bytes,    8240072 total
[2023-11-16T04:11:51.130+0000][7][gc,age      ] GC(56) - age  10:     201376 bytes,    8441448 total
[2023-11-16T04:11:51.130+0000][7][gc,age      ] GC(56) - age  11:     285040 bytes,    8726488 total
[2023-11-16T04:11:51.130+0000][7][gc,age      ] GC(56) - age  12:     235864 bytes,    8962352 total
[2023-11-16T04:11:51.130+0000][7][gc,age      ] GC(56) - age  13:     238320 bytes,    9200672 total
[2023-11-16T04:11:51.130+0000][7][gc,age      ] GC(56) - age  14:     287056 bytes,    9487728 total
[2023-11-16T04:11:51.130+0000][7][gc,age      ] GC(56) - age  15:     237992 bytes,    9725720 total
[2023-11-16T04:11:51.130+0000][7][gc,phases   ] GC(56)   Pre Evacuate Collection Set: 0.1ms
[2023-11-16T04:11:51.130+0000][7][gc,phases   ] GC(56)   Merge Heap Roots: 0.0ms
[2023-11-16T04:11:51.130+0000][7][gc,phases   ] GC(56)   Evacuate Collection Set: 3.3ms
[2023-11-16T04:11:51.130+0000][7][gc,phases   ] GC(56)   Post Evacuate Collection Set: 0.6ms
[2023-11-16T04:11:51.130+0000][7][gc,phases   ] GC(56)   Other: 0.2ms
[2023-11-16T04:11:51.130+0000][7][gc,heap     ] GC(56) Eden regions: 69->0(69)
[2023-11-16T04:11:51.130+0000][7][gc,heap     ] GC(56) Survivor regions: 3->3(9)
[2023-11-16T04:11:51.130+0000][7][gc,heap     ] GC(56) Old regions: 26->26
[2023-11-16T04:11:51.130+0000][7][gc,heap     ] GC(56) Archive regions: 2->2
[2023-11-16T04:11:51.130+0000][7][gc,heap     ] GC(56) Humongous regions: 5->5
[2023-11-16T04:11:51.130+0000][7][gc,metaspace] GC(56) Metaspace: 117311K(119040K)->117311K(119040K) NonClass: 101636K(102656K)->101636K(102656K) Class: 15674K(16384K)->15674K(16384K)
[2023-11-16T04:11:51.130+0000][7][gc          ] GC(56) Pause Young (Normal) (G1 Evacuation Pause) 410M->135M(512M) 4.277ms
[2023-11-16T04:11:51.130+0000][7][gc,cpu      ] GC(56) User=0.03s Sys=0.00s Real=0.01s
[2023-11-16T04:11:51.130+0000][7][safepoint   ] Safepoint "G1CollectForAllocation", Time since last: 531049496 ns, Reaching safepoint: 104293 ns, At safepoint: 4382440 ns, Total: 4486733 ns
[2023-11-16T04:11:52.130+0000][7][safepoint   ] Safepoint "Cleanup", Time since last: 1000111990 ns, Reaching safepoint: 132267 ns, At safepoint: 21405 ns, Total: 153672 ns
[2023-11-16T04:11:53.130+0000][7][safepoint   ] Safepoint "Cleanup", Time since last: 1000154309 ns, Reaching safepoint: 81593 ns, At safepoint: 3514 ns, Total: 85107 ns
[2023-11-16T04:11:54.131+0000][7][safepoint   ] Safepoint "Cleanup", Time since last: 1000326031 ns, Reaching safepoint: 48133 ns, At safepoint: 33074 ns, Total: 81207 ns
[2023-11-16T04:11:55.131+0000][7][safepoint   ] Safepoint "Cleanup", Time since last: 1000139968 ns, Reaching safepoint: 226636 ns, At safepoint: 6289 ns, Total: 232925 ns
[2023-11-16T04:11:56.131+0000][7][safepoint   ] Safepoint "Cleanup", Time since last: 1000155065 ns, Reaching safepoint: 71300 ns, At safepoint: 28766 ns, Total: 100066 ns
[2023-11-16T04:11:57.132+0000][7][safepoint   ] Safepoint "Cleanup", Time since last: 1000141272 ns, Reaching safepoint: 169593 ns, At safepoint: 27157 ns, Total: 196750 ns
[2023-11-16T04:11:58.132+0000][7][safepoint   ] Safepoint "Cleanup", Time since last: 1000122450 ns, Reaching safepoint: 79052 ns, At safepoint: 5995 ns, Total: 85047 ns
[2023-11-16T04:11:58.253+0000][7][gc,start    ] GC(57) Pause Young (Normal) (G1 Evacuation Pause)
[2023-11-16T04:11:58.253+0000][7][gc,task     ] GC(57) Using 8 workers of 8 for evacuation
[2023-11-16T04:11:58.253+0000][7][gc,age      ] GC(57) Desired survivor size 18874368 bytes, new threshold 15 (max threshold 15)
[2023-11-16T04:11:58.258+0000][7][gc,age      ] GC(57) Age table with threshold 15 (max threshold 15)
[2023-11-16T04:11:58.258+0000][7][gc,age      ] GC(57) - age   1:    2686720 bytes,    2686720 total
[2023-11-16T04:11:58.258+0000][7][gc,age      ] GC(57) - age   2:     709680 bytes,    3396400 total
[2023-11-16T04:11:58.258+0000][7][gc,age      ] GC(57) - age   3:     272408 bytes,    3668808 total
[2023-11-16T04:11:58.258+0000][7][gc,age      ] GC(57) - age   4:     415424 bytes,    4084232 total
[2023-11-16T04:11:58.258+0000][7][gc,age      ] GC(57) - age   5:    1116944 bytes,    5201176 total
[2023-11-16T04:11:58.258+0000][7][gc,age      ] GC(57) - age   6:     378152 bytes,    5579328 total
[2023-11-16T04:11:58.258+0000][7][gc,age      ] GC(57) - age   7:    2475504 bytes,    8054832 total
[2023-11-16T04:11:58.258+0000][7][gc,age      ] GC(57) - age   8:    1382880 bytes,    9437712 total
[2023-11-16T04:11:58.258+0000][7][gc,age      ] GC(57) - age   9:     434656 bytes,    9872368 total
[2023-11-16T04:11:58.258+0000][7][gc,age      ] GC(57) - age  10:     310360 bytes,   10182728 total
[2023-11-16T04:11:58.258+0000][7][gc,age      ] GC(57) - age  11:     201344 bytes,   10384072 total
[2023-11-16T04:11:58.258+0000][7][gc,age      ] GC(57) - age  12:     285040 bytes,   10669112 total
[2023-11-16T04:11:58.258+0000][7][gc,age      ] GC(57) - age  13:     235864 bytes,   10904976 total
[2023-11-16T04:11:58.258+0000][7][gc,age      ] GC(57) - age  14:     238320 bytes,   11143296 total
[2023-11-16T04:11:58.258+0000][7][gc,age      ] GC(57) - age  15:     287056 bytes,   11430352 total
[2023-11-16T04:11:58.258+0000][7][gc,phases   ] GC(57)   Pre Evacuate Collection Set: 0.1ms
[2023-11-16T04:11:58.258+0000][7][gc,phases   ] GC(57)   Merge Heap Roots: 0.0ms
[2023-11-16T04:11:58.258+0000][7][gc,phases   ] GC(57)   Evacuate Collection Set: 4.1ms
[2023-11-16T04:11:58.258+0000][7][gc,phases   ] GC(57)   Post Evacuate Collection Set: 0.5ms
[2023-11-16T04:11:58.258+0000][7][gc,phases   ] GC(57)   Other: 0.2ms
[2023-11-16T04:11:58.258+0000][7][gc,heap     ] GC(57) Eden regions: 69->0(69)
[2023-11-16T04:11:58.258+0000][7][gc,heap     ] GC(57) Survivor regions: 3->3(9)
[2023-11-16T04:11:58.258+0000][7][gc,heap     ] GC(57) Old regions: 26->26
[2023-11-16T04:11:58.258+0000][7][gc,heap     ] GC(57) Archive regions: 2->2
[2023-11-16T04:11:58.258+0000][7][gc,heap     ] GC(57) Humongous regions: 5->5
[2023-11-16T04:11:58.258+0000][7][gc,metaspace] GC(57) Metaspace: 117318K(119040K)->117318K(119040K) NonClass: 101644K(102656K)->101644K(102656K) Class: 15674K(16384K)->15674K(16384K)
[2023-11-16T04:11:58.258+0000][7][gc          ] GC(57) Pause Young (Normal) (G1 Evacuation Pause) 410M->137M(512M) 5.102ms
[2023-11-16T04:11:58.258+0000][7][gc,cpu      ] GC(57) User=0.03s Sys=0.00s Real=0.00s
[2023-11-16T04:11:58.258+0000][7][safepoint   ] Safepoint "G1CollectForAllocation", Time since last: 120885442 ns, Reaching safepoint: 73702 ns, At safepoint: 5168076 ns, Total: 5241778 ns
[2023-11-16T04:11:59.258+0000][7][safepoint   ] Safepoint "Cleanup", Time since last: 1000072757 ns, Reaching safepoint: 69182 ns, At safepoint: 6886 ns, Total: 76068 ns
[2023-11-16T04:12:00.258+0000][7][safepoint   ] Safepoint "Cleanup", Time since last: 1000088142 ns, Reaching safepoint: 69823 ns, At safepoint: 4282 ns, Total: 74105 ns
[2023-11-16T04:12:01.258+0000][7][safepoint   ] Safepoint "Cleanup", Time since last: 1000083779 ns, Reaching safepoint: 79847 ns, At safepoint: 6186 ns, Total: 86033 ns
[2023-11-16T04:12:03.259+0000][7][safepoint   ] Safepoint "Cleanup", Time since last: 2000160865 ns, Reaching safepoint: 62124 ns, At safepoint: 5618 ns, Total: 67742 ns
[2023-11-16T04:12:04.259+0000][7][safepoint   ] Safepoint "Cleanup", Time since last: 1000356304 ns, Reaching safepoint: 81395 ns, At safepoint: 17730 ns, Total: 99125 ns
[2023-11-16T04:12:06.259+0000][7][safepoint   ] Safepoint "Cleanup", Time since last: 2000154814 ns, Reaching safepoint: 64613 ns, At safepoint: 4550 ns, Total: 69163 ns
[2023-11-16T04:12:07.260+0000][7][safepoint   ] Safepoint "Cleanup", Time since last: 1000098309 ns, Reaching safepoint: 84795 ns, At safepoint: 7762 ns, Total: 92557 ns
[2023-11-16T04:12:08.260+0000][7][safepoint   ] Safepoint "Cleanup", Time since last: 1000118794 ns, Reaching safepoint: 55094 ns, At safepoint: 8481 ns, Total: 63575 ns
[2023-11-16T04:12:08.544+0000][7][safepoint   ] Safepoint "ICBufferFull", Time since last: 284002390 ns, Reaching safepoint: 271544 ns, At safepoint: 12848 ns, Total: 284392 ns
[2023-11-16T04:12:09.022+0000][7][safepoint   ] Safepoint "ICBufferFull", Time since last: 474723527 ns, Reaching safepoint: 3316848 ns, At safepoint: 30731 ns, Total: 3347579 ns
[2023-11-16T04:12:09.123+0000][7][gc,start    ] GC(58) Pause Young (Normal) (G1 Evacuation Pause)
[2023-11-16T04:12:09.123+0000][7][gc,task     ] GC(58) Using 8 workers of 8 for evacuation
[2023-11-16T04:12:09.123+0000][7][gc,age      ] GC(58) Desired survivor size 18874368 bytes, new threshold 15 (max threshold 15)
[2023-11-16T04:12:09.130+0000][7][gc,age      ] GC(58) Age table with threshold 15 (max threshold 15)
[2023-11-16T04:12:09.130+0000][7][gc,age      ] GC(58) - age   1:    3694552 bytes,    3694552 total
[2023-11-16T04:12:09.130+0000][7][gc,age      ] GC(58) - age   2:     293752 bytes,    3988304 total
[2023-11-16T04:12:09.130+0000][7][gc,age      ] GC(58) - age   3:     153080 bytes,    4141384 total
[2023-11-16T04:12:09.130+0000][7][gc,age      ] GC(58) - age   4:      19232 bytes,    4160616 total
[2023-11-16T04:12:09.130+0000][7][gc,age      ] GC(58) - age   5:     415200 bytes,    4575816 total
[2023-11-16T04:12:09.130+0000][7][gc,age      ] GC(58) - age   6:    1006896 bytes,    5582712 total
[2023-11-16T04:12:09.130+0000][7][gc,age      ] GC(58) - age   7:     377688 bytes,    5960400 total
[2023-11-16T04:12:09.130+0000][7][gc,age      ] GC(58) - age   8:    2474944 bytes,    8435344 total
[2023-11-16T04:12:09.130+0000][7][gc,age      ] GC(58) - age   9:    1382448 bytes,    9817792 total
[2023-11-16T04:12:09.130+0000][7][gc,age      ] GC(58) - age  10:     434344 bytes,   10252136 total
[2023-11-16T04:12:09.130+0000][7][gc,age      ] GC(58) - age  11:     310360 bytes,   10562496 total
[2023-11-16T04:12:09.130+0000][7][gc,age      ] GC(58) - age  12:     201344 bytes,   10763840 total
[2023-11-16T04:12:09.130+0000][7][gc,age      ] GC(58) - age  13:     285040 bytes,   11048880 total
[2023-11-16T04:12:09.130+0000][7][gc,age      ] GC(58) - age  14:     235864 bytes,   11284744 total
[2023-11-16T04:12:09.130+0000][7][gc,age      ] GC(58) - age  15:     238320 bytes,   11523064 total
[2023-11-16T04:12:09.130+0000][7][gc,phases   ] GC(58)   Pre Evacuate Collection Set: 0.1ms
[2023-11-16T04:12:09.130+0000][7][gc,phases   ] GC(58)   Merge Heap Roots: 0.0ms
[2023-11-16T04:12:09.130+0000][7][gc,phases   ] GC(58)   Evacuate Collection Set: 5.9ms
[2023-11-16T04:12:09.130+0000][7][gc,phases   ] GC(58)   Post Evacuate Collection Set: 1.1ms
[2023-11-16T04:12:09.130+0000][7][gc,phases   ] GC(58)   Other: 0.3ms
[2023-11-16T04:12:09.130+0000][7][gc,heap     ] GC(58) Eden regions: 69->0(69)
[2023-11-16T04:12:09.130+0000][7][gc,heap     ] GC(58) Survivor regions: 3->3(9)
[2023-11-16T04:12:09.130+0000][7][gc,heap     ] GC(58) Old regions: 26->26
[2023-11-16T04:12:09.130+0000][7][gc,heap     ] GC(58) Archive regions: 2->2
[2023-11-16T04:12:09.130+0000][7][gc,heap     ] GC(58) Humongous regions: 5->5
[2023-11-16T04:12:09.130+0000][7][gc,metaspace] GC(58) Metaspace: 118938K(120576K)->118938K(120576K) NonClass: 102973K(103936K)->102973K(103936K) Class: 15964K(16640K)->15964K(16640K)
[2023-11-16T04:12:09.130+0000][7][gc          ] GC(58) Pause Young (Normal) (G1 Evacuation Pause) 413M->137M(512M) 7.468ms
[2023-11-16T04:12:09.130+0000][7][gc,cpu      ] GC(58) User=0.04s Sys=0.00s Real=0.01s
[2023-11-16T04:12:09.130+0000][7][safepoint   ] Safepoint "G1CollectForAllocation", Time since last: 100169863 ns, Reaching safepoint: 217398 ns, At safepoint: 7546628 ns, Total: 7764026 ns
[2023-11-16T04:12:10.130+0000][7][safepoint   ] Safepoint "Cleanup", Time since last: 1000079574 ns, Reaching safepoint: 179937 ns, At safepoint: 5631 ns, Total: 185568 ns
[2023-11-16T04:12:11.130+0000][7][safepoint   ] Safepoint "Cleanup", Time since last: 1000108448 ns, Reaching safepoint: 87998 ns, At safepoint: 8000 ns, Total: 95998 ns
[2023-11-16T04:12:12.131+0000][7][safepoint   ] Safepoint "Cleanup", Time since last: 1000089256 ns, Reaching safepoint: 71973 ns, At safepoint: 4538 ns, Total: 76511 ns
[2023-11-16T04:12:13.131+0000][7][safepoint   ] Safepoint "Cleanup", Time since last: 1000148257 ns, Reaching safepoint: 215362 ns, At safepoint: 8030 ns, Total: 223392 ns
[2023-11-16T04:12:14.131+0000][7][safepoint   ] Safepoint "Cleanup", Time since last: 1000151502 ns, Reaching safepoint: 186166 ns, At safepoint: 6855 ns, Total: 193021 ns
[2023-11-16T04:12:15.132+0000][7][safepoint   ] Safepoint "Cleanup", Time since last: 1000134875 ns, Reaching safepoint: 66857 ns, At safepoint: 20392 ns, Total: 87249 ns
[2023-11-16T04:12:16.132+0000][7][safepoint   ] Safepoint "Cleanup", Time since last: 1000306885 ns, Reaching safepoint: 40181 ns, At safepoint: 4565 ns, Total: 44746 ns
[2023-11-16T04:12:16.295+0000][7][gc,start    ] GC(59) Pause Young (Normal) (G1 Evacuation Pause)
[2023-11-16T04:12:16.295+0000][7][gc,task     ] GC(59) Using 8 workers of 8 for evacuation
[2023-11-16T04:12:16.295+0000][7][gc,age      ] GC(59) Desired survivor size 18874368 bytes, new threshold 15 (max threshold 15)
[2023-11-16T04:12:16.301+0000][7][gc,age      ] GC(59) Age table with threshold 15 (max threshold 15)
[2023-11-16T04:12:16.301+0000][7][gc,age      ] GC(59) - age   1:    2822312 bytes,    2822312 total
[2023-11-16T04:12:16.301+0000][7][gc,age      ] GC(59) - age   2:    2000080 bytes,    4822392 total
[2023-11-16T04:12:16.301+0000][7][gc,age      ] GC(59) - age   3:     180440 bytes,    5002832 total
[2023-11-16T04:12:16.301+0000][7][gc,age      ] GC(59) - age   4:     152224 bytes,    5155056 total
[2023-11-16T04:12:16.301+0000][7][gc,age      ] GC(59) - age   5:      19008 bytes,    5174064 total
[2023-11-16T04:12:16.301+0000][7][gc,age      ] GC(59) - age   6:     413616 bytes,    5587680 total
[2023-11-16T04:12:16.301+0000][7][gc,age      ] GC(59) - age   7:    1006088 bytes,    6593768 total
[2023-11-16T04:12:16.301+0000][7][gc,age      ] GC(59) - age   8:     377432 bytes,    6971200 total
[2023-11-16T04:12:16.301+0000][7][gc,age      ] GC(59) - age   9:    2474720 bytes,    9445920 total
[2023-11-16T04:12:16.301+0000][7][gc,age      ] GC(59) - age  10:    1382448 bytes,   10828368 total
[2023-11-16T04:12:16.301+0000][7][gc,age      ] GC(59) - age  11:     434344 bytes,   11262712 total
[2023-11-16T04:12:16.301+0000][7][gc,age      ] GC(59) - age  12:     310360 bytes,   11573072 total
[2023-11-16T04:12:16.301+0000][7][gc,age      ] GC(59) - age  13:     201280 bytes,   11774352 total
[2023-11-16T04:12:16.301+0000][7][gc,age      ] GC(59) - age  14:     285040 bytes,   12059392 total
[2023-11-16T04:12:16.301+0000][7][gc,age      ] GC(59) - age  15:     235864 bytes,   12295256 total
[2023-11-16T04:12:16.301+0000][7][gc,phases   ] GC(59)   Pre Evacuate Collection Set: 0.1ms
[2023-11-16T04:12:16.301+0000][7][gc,phases   ] GC(59)   Merge Heap Roots: 0.0ms
[2023-11-16T04:12:16.301+0000][7][gc,phases   ] GC(59)   Evacuate Collection Set: 4.4ms
[2023-11-16T04:12:16.301+0000][7][gc,phases   ] GC(59)   Post Evacuate Collection Set: 0.7ms
[2023-11-16T04:12:16.301+0000][7][gc,phases   ] GC(59)   Other: 0.2ms
[2023-11-16T04:12:16.301+0000][7][gc,heap     ] GC(59) Eden regions: 69->0(67)
[2023-11-16T04:12:16.301+0000][7][gc,heap     ] GC(59) Survivor regions: 3->4(9)
[2023-11-16T04:12:16.301+0000][7][gc,heap     ] GC(59) Old regions: 26->26
[2023-11-16T04:12:16.301+0000][7][gc,heap     ] GC(59) Archive regions: 2->2
[2023-11-16T04:12:16.301+0000][7][gc,heap     ] GC(59) Humongous regions: 5->5
[2023-11-16T04:12:16.301+0000][7][gc,metaspace] GC(59) Metaspace: 119114K(120704K)->119114K(120704K) NonClass: 103130K(104064K)->103130K(104064K) Class: 15984K(16640K)->15984K(16640K)
[2023-11-16T04:12:16.301+0000][7][gc          ] GC(59) Pause Young (Normal) (G1 Evacuation Pause) 413M->138M(512M) 5.550ms
[2023-11-16T04:12:16.301+0000][7][gc,cpu      ] GC(59) User=0.04s Sys=0.01s Real=0.01s
[2023-11-16T04:12:16.301+0000][7][safepoint   ] Safepoint "G1CollectForAllocation", Time since last: 163227247 ns, Reaching safepoint: 78650 ns, At safepoint: 5611030 ns, Total: 5689680 ns
[2023-11-16T04:12:17.301+0000][7][safepoint   ] Safepoint "Cleanup", Time since last: 1000104207 ns, Reaching safepoint: 45010 ns, At safepoint: 5471 ns, Total: 50481 ns
[2023-11-16T04:12:18.301+0000][7][safepoint   ] Safepoint "Cleanup", Time since last: 1000125337 ns, Reaching safepoint: 175071 ns, At safepoint: 9619 ns, Total: 184690 ns
[2023-11-16T04:12:19.302+0000][7][safepoint   ] Safepoint "Cleanup", Time since last: 1000124430 ns, Reaching safepoint: 130083 ns, At safepoint: 6315 ns, Total: 136398 ns
[2023-11-16T04:12:20.302+0000][7][safepoint   ] Safepoint "Cleanup", Time since last: 1000110677 ns, Reaching safepoint: 165589 ns, At safepoint: 6197 ns, Total: 171786 ns
[2023-11-16T04:12:21.302+0000][7][safepoint   ] Safepoint "Cleanup", Time since last: 1000105225 ns, Reaching safepoint: 114915 ns, At safepoint: 6469 ns, Total: 121384 ns
[2023-11-16T04:12:21.841+0000][7][gc,start    ] GC(60) Pause Young (Normal) (G1 Evacuation Pause)
[2023-11-16T04:12:21.841+0000][7][gc,task     ] GC(60) Using 8 workers of 8 for evacuation
[2023-11-16T04:12:21.841+0000][7][gc,age      ] GC(60) Desired survivor size 18874368 bytes, new threshold 15 (max threshold 15)
[2023-11-16T04:12:21.846+0000][7][gc,age      ] GC(60) Age table with threshold 15 (max threshold 15)
[2023-11-16T04:12:21.847+0000][7][gc,age      ] GC(60) - age   1:    1957888 bytes,    1957888 total
[2023-11-16T04:12:21.847+0000][7][gc,age      ] GC(60) - age   2:     980616 bytes,    2938504 total
[2023-11-16T04:12:21.847+0000][7][gc,age      ] GC(60) - age   3:    1418952 bytes,    4357456 total
[2023-11-16T04:12:21.847+0000][7][gc,age      ] GC(60) - age   4:     179000 bytes,    4536456 total
[2023-11-16T04:12:21.847+0000][7][gc,age      ] GC(60) - age   5:       6744 bytes,    4543200 total
[2023-11-16T04:12:21.847+0000][7][gc,age      ] GC(60) - age   6:      18944 bytes,    4562144 total
[2023-11-16T04:12:21.847+0000][7][gc,age      ] GC(60) - age   7:     413616 bytes,    4975760 total
[2023-11-16T04:12:21.847+0000][7][gc,age      ] GC(60) - age   8:     994856 bytes,    5970616 total
[2023-11-16T04:12:21.847+0000][7][gc,age      ] GC(60) - age   9:     376816 bytes,    6347432 total
[2023-11-16T04:12:21.847+0000][7][gc,age      ] GC(60) - age  10:    2474720 bytes,    8822152 total
[2023-11-16T04:12:21.847+0000][7][gc,age      ] GC(60) - age  11:    1382448 bytes,   10204600 total
[2023-11-16T04:12:21.847+0000][7][gc,age      ] GC(60) - age  12:     434344 bytes,   10638944 total
[2023-11-16T04:12:21.847+0000][7][gc,age      ] GC(60) - age  13:     310176 bytes,   10949120 total
[2023-11-16T04:12:21.847+0000][7][gc,age      ] GC(60) - age  14:     201280 bytes,   11150400 total
[2023-11-16T04:12:21.847+0000][7][gc,age      ] GC(60) - age  15:     285040 bytes,   11435440 total
[2023-11-16T04:12:21.847+0000][7][gc,phases   ] GC(60)   Pre Evacuate Collection Set: 0.1ms
[2023-11-16T04:12:21.847+0000][7][gc,phases   ] GC(60)   Merge Heap Roots: 0.1ms
[2023-11-16T04:12:21.847+0000][7][gc,phases   ] GC(60)   Evacuate Collection Set: 4.3ms
[2023-11-16T04:12:21.847+0000][7][gc,phases   ] GC(60)   Post Evacuate Collection Set: 0.8ms
[2023-11-16T04:12:21.847+0000][7][gc,phases   ] GC(60)   Other: 0.3ms
[2023-11-16T04:12:21.847+0000][7][gc,heap     ] GC(60) Eden regions: 67->0(69)
[2023-11-16T04:12:21.847+0000][7][gc,heap     ] GC(60) Survivor regions: 4->3(9)
[2023-11-16T04:12:21.847+0000][7][gc,heap     ] GC(60) Old regions: 26->26
[2023-11-16T04:12:21.847+0000][7][gc,heap     ] GC(60) Archive regions: 2->2
[2023-11-16T04:12:21.847+0000][7][gc,heap     ] GC(60) Humongous regions: 5->5
[2023-11-16T04:12:21.847+0000][7][gc,metaspace] GC(60) Metaspace: 119127K(120704K)->119127K(120704K) NonClass: 103143K(104064K)->103143K(104064K) Class: 15984K(16640K)->15984K(16640K)
[2023-11-16T04:12:21.847+0000][7][gc          ] GC(60) Pause Young (Normal) (G1 Evacuation Pause) 406M->137M(512M) 5.508ms
[2023-11-16T04:12:21.847+0000][7][gc,cpu      ] GC(60) User=0.04s Sys=0.00s Real=0.00s
[2023-11-16T04:12:21.847+0000][7][safepoint   ] Safepoint "G1CollectForAllocation", Time since last: 538859959 ns, Reaching safepoint: 179205 ns, At safepoint: 5595898 ns, Total: 5775103 ns
[2023-11-16T04:12:22.847+0000][7][safepoint   ] Safepoint "Cleanup", Time since last: 1000123368 ns, Reaching safepoint: 71082 ns, At safepoint: 6656 ns, Total: 77738 ns
[2023-11-16T04:12:23.847+0000][7][safepoint   ] Safepoint "Cleanup", Time since last: 1000094047 ns, Reaching safepoint: 91863 ns, At safepoint: 7079 ns, Total: 98942 ns
[2023-11-16T04:12:24.848+0000][7][safepoint   ] Safepoint "Cleanup", Time since last: 1000145065 ns, Reaching safepoint: 219548 ns, At safepoint: 3145 ns, Total: 222693 ns
[2023-11-16T04:12:25.848+0000][7][safepoint   ] Safepoint "Cleanup", Time since last: 1000106594 ns, Reaching safepoint: 58987 ns, At safepoint: 12745 ns, Total: 71732 ns
[2023-11-16T04:12:27.218+0000][7][safepoint   ] Safepoint "Cleanup", Time since last: 1369975251 ns, Reaching safepoint: 88459 ns, At safepoint: 8590 ns, Total: 97049 ns
[2023-11-16T04:12:28.218+0000][7][safepoint   ] Safepoint "Cleanup", Time since last: 1000135707 ns, Reaching safepoint: 138596 ns, At safepoint: 25535 ns, Total: 164131 ns
[2023-11-16T04:12:28.396+0000][7][gc,start    ] GC(61) Pause Young (Normal) (G1 Evacuation Pause)
[2023-11-16T04:12:28.396+0000][7][gc,task     ] GC(61) Using 8 workers of 8 for evacuation
[2023-11-16T04:12:28.396+0000][7][gc,age      ] GC(61) Desired survivor size 18874368 bytes, new threshold 15 (max threshold 15)
[2023-11-16T04:12:28.401+0000][7][gc,age      ] GC(61) Age table with threshold 15 (max threshold 15)
[2023-11-16T04:12:28.401+0000][7][gc,age      ] GC(61) - age   1:    1441736 bytes,    1441736 total
[2023-11-16T04:12:28.401+0000][7][gc,age      ] GC(61) - age   2:     485840 bytes,    1927576 total
[2023-11-16T04:12:28.401+0000][7][gc,age      ] GC(61) - age   3:     976568 bytes,    2904144 total
[2023-11-16T04:12:28.401+0000][7][gc,age      ] GC(61) - age   4:    1269920 bytes,    4174064 total
[2023-11-16T04:12:28.401+0000][7][gc,age      ] GC(61) - age   5:     166120 bytes,    4340184 total
[2023-11-16T04:12:28.401+0000][7][gc,age      ] GC(61) - age   6:       6648 bytes,    4346832 total
[2023-11-16T04:12:28.401+0000][7][gc,age      ] GC(61) - age   7:      18944 bytes,    4365776 total
[2023-11-16T04:12:28.401+0000][7][gc,age      ] GC(61) - age   8:     413616 bytes,    4779392 total
[2023-11-16T04:12:28.401+0000][7][gc,age      ] GC(61) - age   9:     994856 bytes,    5774248 total
[2023-11-16T04:12:28.401+0000][7][gc,age      ] GC(61) - age  10:     376816 bytes,    6151064 total
[2023-11-16T04:12:28.401+0000][7][gc,age      ] GC(61) - age  11:    2474720 bytes,    8625784 total
[2023-11-16T04:12:28.401+0000][7][gc,age      ] GC(61) - age  12:    1382136 bytes,   10007920 total
[2023-11-16T04:12:28.401+0000][7][gc,age      ] GC(61) - age  13:     434344 bytes,   10442264 total
[2023-11-16T04:12:28.401+0000][7][gc,age      ] GC(61) - age  14:     310176 bytes,   10752440 total
[2023-11-16T04:12:28.401+0000][7][gc,age      ] GC(61) - age  15:     201280 bytes,   10953720 total
[2023-11-16T04:12:28.401+0000][7][gc,phases   ] GC(61)   Pre Evacuate Collection Set: 0.1ms
[2023-11-16T04:12:28.401+0000][7][gc,phases   ] GC(61)   Merge Heap Roots: 0.1ms
[2023-11-16T04:12:28.401+0000][7][gc,phases   ] GC(61)   Evacuate Collection Set: 4.0ms
[2023-11-16T04:12:28.401+0000][7][gc,phases   ] GC(61)   Post Evacuate Collection Set: 0.7ms
[2023-11-16T04:12:28.401+0000][7][gc,phases   ] GC(61)   Other: 0.3ms
[2023-11-16T04:12:28.401+0000][7][gc,heap     ] GC(61) Eden regions: 69->0(69)
[2023-11-16T04:12:28.401+0000][7][gc,heap     ] GC(61) Survivor regions: 3->3(9)
[2023-11-16T04:12:28.401+0000][7][gc,heap     ] GC(61) Old regions: 26->26
[2023-11-16T04:12:28.401+0000][7][gc,heap     ] GC(61) Archive regions: 2->2
[2023-11-16T04:12:28.401+0000][7][gc,heap     ] GC(61) Humongous regions: 5->5
[2023-11-16T04:12:28.401+0000][7][gc,metaspace] GC(61) Metaspace: 119292K(121024K)->119292K(121024K) NonClass: 103269K(104320K)->103269K(104320K) Class: 16023K(16704K)->16023K(16704K)
[2023-11-16T04:12:28.401+0000][7][gc          ] GC(61) Pause Young (Normal) (G1 Evacuation Pause) 413M->137M(512M) 5.123ms
[2023-11-16T04:12:28.401+0000][7][gc,cpu      ] GC(61) User=0.02s Sys=0.00s Real=0.01s
[2023-11-16T04:12:28.401+0000][7][safepoint   ] Safepoint "G1CollectForAllocation", Time since last: 177639532 ns, Reaching safepoint: 21930 ns, At safepoint: 5210632 ns, Total: 5232562 ns
[2023-11-16T04:12:29.401+0000][7][safepoint   ] Safepoint "Cleanup", Time since last: 1000114570 ns, Reaching safepoint: 57764 ns, At safepoint: 4284 ns, Total: 62048 ns
[2023-11-16T04:12:31.402+0000][7][safepoint   ] Safepoint "Cleanup", Time since last: 2000283160 ns, Reaching safepoint: 122821 ns, At safepoint: 11331 ns, Total: 134152 ns
[2023-11-16T04:12:32.402+0000][7][safepoint   ] Safepoint "Cleanup", Time since last: 1000132558 ns, Reaching safepoint: 82261 ns, At safepoint: 11071 ns, Total: 93332 ns
[2023-11-16T04:12:33.402+0000][7][safepoint   ] Safepoint "Cleanup", Time since last: 1000172792 ns, Reaching safepoint: 153267 ns, At safepoint: 26561 ns, Total: 179828 ns
[2023-11-16T04:12:34.880+0000][7][safepoint   ] Safepoint "Cleanup", Time since last: 1478325523 ns, Reaching safepoint: 70623 ns, At safepoint: 3553 ns, Total: 74176 ns
[2023-11-16T04:12:35.523+0000][7][gc,start    ] GC(62) Pause Young (Normal) (G1 Evacuation Pause)
[2023-11-16T04:12:35.523+0000][7][gc,task     ] GC(62) Using 8 workers of 8 for evacuation
[2023-11-16T04:12:35.523+0000][7][gc,age      ] GC(62) Desired survivor size 18874368 bytes, new threshold 15 (max threshold 15)
[2023-11-16T04:12:35.537+0000][7][gc,age      ] GC(62) Age table with threshold 15 (max threshold 15)
[2023-11-16T04:12:35.537+0000][7][gc,age      ] GC(62) - age   1:    2322784 bytes,    2322784 total
[2023-11-16T04:12:35.537+0000][7][gc,age      ] GC(62) - age   2:     362968 bytes,    2685752 total
[2023-11-16T04:12:35.537+0000][7][gc,age      ] GC(62) - age   3:     151784 bytes,    2837536 total
[2023-11-16T04:12:35.537+0000][7][gc,age      ] GC(62) - age   4:     975936 bytes,    3813472 total
[2023-11-16T04:12:35.537+0000][7][gc,age      ] GC(62) - age   5:    1266776 bytes,    5080248 total
[2023-11-16T04:12:35.537+0000][7][gc,age      ] GC(62) - age   6:     165648 bytes,    5245896 total
[2023-11-16T04:12:35.537+0000][7][gc,age      ] GC(62) - age   7:       6520 bytes,    5252416 total
[2023-11-16T04:12:35.537+0000][7][gc,age      ] GC(62) - age   8:      18912 bytes,    5271328 total
[2023-11-16T04:12:35.537+0000][7][gc,age      ] GC(62) - age   9:     413488 bytes,    5684816 total
[2023-11-16T04:12:35.537+0000][7][gc,age      ] GC(62) - age  10:     994856 bytes,    6679672 total
[2023-11-16T04:12:35.537+0000][7][gc,age      ] GC(62) - age  11:     376816 bytes,    7056488 total
[2023-11-16T04:12:35.537+0000][7][gc,age      ] GC(62) - age  12:    2474720 bytes,    9531208 total
[2023-11-16T04:12:35.537+0000][7][gc,age      ] GC(62) - age  13:    1382136 bytes,   10913344 total
[2023-11-16T04:12:35.537+0000][7][gc,age      ] GC(62) - age  14:     434344 bytes,   11347688 total
[2023-11-16T04:12:35.537+0000][7][gc,age      ] GC(62) - age  15:     310176 bytes,   11657864 total
[2023-11-16T04:12:35.537+0000][7][gc,phases   ] GC(62)   Pre Evacuate Collection Set: 0.1ms
[2023-11-16T04:12:35.537+0000][7][gc,phases   ] GC(62)   Merge Heap Roots: 0.1ms
[2023-11-16T04:12:35.537+0000][7][gc,phases   ] GC(62)   Evacuate Collection Set: 13.0ms
[2023-11-16T04:12:35.537+0000][7][gc,phases   ] GC(62)   Post Evacuate Collection Set: 0.8ms
[2023-11-16T04:12:35.537+0000][7][gc,phases   ] GC(62)   Other: 0.3ms
[2023-11-16T04:12:35.537+0000][7][gc,heap     ] GC(62) Eden regions: 69->0(67)
[2023-11-16T04:12:35.537+0000][7][gc,heap     ] GC(62) Survivor regions: 3->4(9)
[2023-11-16T04:12:35.537+0000][7][gc,heap     ] GC(62) Old regions: 26->26
[2023-11-16T04:12:35.537+0000][7][gc,heap     ] GC(62) Archive regions: 2->2
[2023-11-16T04:12:35.537+0000][7][gc,heap     ] GC(62) Humongous regions: 5->5
[2023-11-16T04:12:35.537+0000][7][gc,metaspace] GC(62) Metaspace: 119294K(121024K)->119294K(121024K) NonClass: 103271K(104320K)->103271K(104320K) Class: 16023K(16704K)->16023K(16704K)
[2023-11-16T04:12:35.537+0000][7][gc          ] GC(62) Pause Young (Normal) (G1 Evacuation Pause) 413M->138M(512M) 14.324ms
[2023-11-16T04:12:35.537+0000][7][gc,cpu      ] GC(62) User=0.04s Sys=0.01s Real=0.01s
[2023-11-16T04:12:35.537+0000][7][safepoint   ] Safepoint "G1CollectForAllocation", Time since last: 642067820 ns, Reaching safepoint: 37275 ns, At safepoint: 14431254 ns, Total: 14468529 ns
[2023-11-16T04:12:36.537+0000][7][safepoint   ] Safepoint "Cleanup", Time since last: 1000089462 ns, Reaching safepoint: 41974 ns, At safepoint: 3330 ns, Total: 45304 ns
[2023-11-16T04:12:37.537+0000][7][safepoint   ] Safepoint "Cleanup", Time since last: 1000138886 ns, Reaching safepoint: 147418 ns, At safepoint: 33670 ns, Total: 181088 ns
[2023-11-16T04:12:38.538+0000][7][safepoint   ] Safepoint "Cleanup", Time since last: 1000116910 ns, Reaching safepoint: 88327 ns, At safepoint: 7036 ns, Total: 95363 ns
[2023-11-16T04:12:40.538+0000][7][safepoint   ] Safepoint "Cleanup", Time since last: 2000202480 ns, Reaching safepoint: 31627 ns, At safepoint: 3125 ns, Total: 34752 ns
[2023-11-16T04:12:41.538+0000][7][safepoint   ] Safepoint "Cleanup", Time since last: 1000125582 ns, Reaching safepoint: 48184 ns, At safepoint: 4613 ns, Total: 52797 ns
[2023-11-16T04:12:42.538+0000][7][safepoint   ] Safepoint "Cleanup", Time since last: 1000104503 ns, Reaching safepoint: 37380 ns, At safepoint: 2965 ns, Total: 40345 ns
[2023-11-16T04:12:43.538+0000][7][safepoint   ] Safepoint "Cleanup", Time since last: 1000114656 ns, Reaching safepoint: 57248 ns, At safepoint: 5654 ns, Total: 62902 ns
[2023-11-16T04:12:45.187+0000][7][gc,start    ] GC(63) Pause Young (Normal) (G1 Evacuation Pause)
[2023-11-16T04:12:45.187+0000][7][gc,task     ] GC(63) Using 8 workers of 8 for evacuation
[2023-11-16T04:12:45.187+0000][7][gc,age      ] GC(63) Desired survivor size 18874368 bytes, new threshold 15 (max threshold 15)
[2023-11-16T04:12:45.192+0000][7][gc,age      ] GC(63) Age table with threshold 15 (max threshold 15)
[2023-11-16T04:12:45.192+0000][7][gc,age      ] GC(63) - age   1:    2162504 bytes,    2162504 total
[2023-11-16T04:12:45.192+0000][7][gc,age      ] GC(63) - age   2:     116400 bytes,    2278904 total
[2023-11-16T04:12:45.192+0000][7][gc,age      ] GC(63) - age   3:      82896 bytes,    2361800 total
[2023-11-16T04:12:45.192+0000][7][gc,age      ] GC(63) - age   4:     151560 bytes,    2513360 total
[2023-11-16T04:12:45.192+0000][7][gc,age      ] GC(63) - age   5:     871288 bytes,    3384648 total
[2023-11-16T04:12:45.192+0000][7][gc,age      ] GC(63) - age   6:    1265832 bytes,    4650480 total
[2023-11-16T04:12:45.192+0000][7][gc,age      ] GC(63) - age   7:     164256 bytes,    4814736 total
[2023-11-16T04:12:45.192+0000][7][gc,age      ] GC(63) - age   8:       6392 bytes,    4821128 total
[2023-11-16T04:12:45.192+0000][7][gc,age      ] GC(63) - age   9:      18912 bytes,    4840040 total
[2023-11-16T04:12:45.192+0000][7][gc,age      ] GC(63) - age  10:     413280 bytes,    5253320 total
[2023-11-16T04:12:45.192+0000][7][gc,age      ] GC(63) - age  11:     994856 bytes,    6248176 total
[2023-11-16T04:12:45.192+0000][7][gc,age      ] GC(63) - age  12:     376816 bytes,    6624992 total
[2023-11-16T04:12:45.192+0000][7][gc,age      ] GC(63) - age  13:    2474720 bytes,    9099712 total
[2023-11-16T04:12:45.192+0000][7][gc,age      ] GC(63) - age  14:    1382136 bytes,   10481848 total
[2023-11-16T04:12:45.192+0000][7][gc,age      ] GC(63) - age  15:     434344 bytes,   10916192 total
[2023-11-16T04:12:45.192+0000][7][gc,phases   ] GC(63)   Pre Evacuate Collection Set: 0.1ms
[2023-11-16T04:12:45.192+0000][7][gc,phases   ] GC(63)   Merge Heap Roots: 0.0ms
[2023-11-16T04:12:45.192+0000][7][gc,phases   ] GC(63)   Evacuate Collection Set: 4.4ms
[2023-11-16T04:12:45.192+0000][7][gc,phases   ] GC(63)   Post Evacuate Collection Set: 0.7ms
[2023-11-16T04:12:45.192+0000][7][gc,phases   ] GC(63)   Other: 0.2ms
[2023-11-16T04:12:45.192+0000][7][gc,heap     ] GC(63) Eden regions: 67->0(69)
[2023-11-16T04:12:45.192+0000][7][gc,heap     ] GC(63) Survivor regions: 4->3(9)
[2023-11-16T04:12:45.192+0000][7][gc,heap     ] GC(63) Old regions: 26->26
[2023-11-16T04:12:45.192+0000][7][gc,heap     ] GC(63) Archive regions: 2->2
[2023-11-16T04:12:45.192+0000][7][gc,heap     ] GC(63) Humongous regions: 5->5
[2023-11-16T04:12:45.192+0000][7][gc,metaspace] GC(63) Metaspace: 119314K(121024K)->119314K(121024K) NonClass: 103290K(104320K)->103290K(104320K) Class: 16023K(16704K)->16023K(16704K)
[2023-11-16T04:12:45.193+0000][7][gc          ] GC(63) Pause Young (Normal) (G1 Evacuation Pause) 406M->138M(512M) 5.484ms
[2023-11-16T04:12:45.193+0000][7][gc,cpu      ] GC(63) User=0.03s Sys=0.00s Real=0.01s
[2023-11-16T04:12:45.193+0000][7][safepoint   ] Safepoint "G1CollectForAllocation", Time since last: 1648472291 ns, Reaching safepoint: 75562 ns, At safepoint: 5563968 ns, Total: 5639530 ns
[2023-11-16T04:12:46.193+0000][7][safepoint   ] Safepoint "Cleanup", Time since last: 1000096633 ns, Reaching safepoint: 58491 ns, At safepoint: 6285 ns, Total: 64776 ns
[2023-11-16T04:12:48.193+0000][7][safepoint   ] Safepoint "Cleanup", Time since last: 2000204758 ns, Reaching safepoint: 34985 ns, At safepoint: 4222 ns, Total: 39207 ns
[2023-11-16T04:12:49.193+0000][7][safepoint   ] Safepoint "Cleanup", Time since last: 1000135627 ns, Reaching safepoint: 73637 ns, At safepoint: 5313 ns, Total: 78950 ns
[2023-11-16T04:12:51.193+0000][7][safepoint   ] Safepoint "Cleanup", Time since last: 2000193477 ns, Reaching safepoint: 82195 ns, At safepoint: 3618 ns, Total: 85813 ns
[2023-11-16T04:12:52.194+0000][7][safepoint   ] Safepoint "Cleanup", Time since last: 1000177033 ns, Reaching safepoint: 127807 ns, At safepoint: 11964 ns, Total: 139771 ns
[2023-11-16T04:12:53.194+0000][7][safepoint   ] Safepoint "Cleanup", Time since last: 1000336900 ns, Reaching safepoint: 95053 ns, At safepoint: 6225 ns, Total: 101278 ns
[2023-11-16T04:12:54.194+0000][7][safepoint   ] Safepoint "Cleanup", Time since last: 1000112530 ns, Reaching safepoint: 61374 ns, At safepoint: 17560 ns, Total: 78934 ns
[2023-11-16T04:12:55.195+0000][7][safepoint   ] Safepoint "Cleanup", Time since last: 1000112144 ns, Reaching safepoint: 42188 ns, At safepoint: 2617 ns, Total: 44805 ns
[2023-11-16T04:12:56.195+0000][7][safepoint   ] Safepoint "Cleanup", Time since last: 1000159121 ns, Reaching safepoint: 75213 ns, At safepoint: 4995 ns, Total: 80208 ns
[2023-11-16T04:12:58.195+0000][7][safepoint   ] Safepoint "Cleanup", Time since last: 2000160834 ns, Reaching safepoint: 86402 ns, At safepoint: 6199 ns, Total: 92601 ns
[2023-11-16T04:12:59.195+0000][7][safepoint   ] Safepoint "Cleanup", Time since last: 1000277785 ns, Reaching safepoint: 158788 ns, At safepoint: 4524 ns, Total: 163312 ns
[2023-11-16T04:12:59.270+0000][7][gc,start    ] GC(64) Pause Young (Normal) (G1 Evacuation Pause)
[2023-11-16T04:12:59.270+0000][7][gc,task     ] GC(64) Using 8 workers of 8 for evacuation
[2023-11-16T04:12:59.270+0000][7][gc,age      ] GC(64) Desired survivor size 18874368 bytes, new threshold 15 (max threshold 15)
[2023-11-16T04:12:59.274+0000][7][gc,age      ] GC(64) Age table with threshold 15 (max threshold 15)
[2023-11-16T04:12:59.274+0000][7][gc,age      ] GC(64) - age   1:    1535448 bytes,    1535448 total
[2023-11-16T04:12:59.274+0000][7][gc,age      ] GC(64) - age   2:    1324024 bytes,    2859472 total
[2023-11-16T04:12:59.274+0000][7][gc,age      ] GC(64) - age   3:     113040 bytes,    2972512 total
[2023-11-16T04:12:59.274+0000][7][gc,age      ] GC(64) - age   4:      68856 bytes,    3041368 total
[2023-11-16T04:12:59.274+0000][7][gc,age      ] GC(64) - age   5:     151304 bytes,    3192672 total
[2023-11-16T04:12:59.274+0000][7][gc,age      ] GC(64) - age   6:     493344 bytes,    3686016 total
[2023-11-16T04:12:59.274+0000][7][gc,age      ] GC(64) - age   7:    1072928 bytes,    4758944 total
[2023-11-16T04:12:59.274+0000][7][gc,age      ] GC(64) - age   8:       2264 bytes,    4761208 total
[2023-11-16T04:12:59.274+0000][7][gc,age      ] GC(64) - age   9:       6264 bytes,    4767472 total
[2023-11-16T04:12:59.274+0000][7][gc,age      ] GC(64) - age  10:      18912 bytes,    4786384 total
[2023-11-16T04:12:59.274+0000][7][gc,age      ] GC(64) - age  11:      36944 bytes,    4823328 total
[2023-11-16T04:12:59.274+0000][7][gc,age      ] GC(64) - age  12:     980624 bytes,    5803952 total
[2023-11-16T04:12:59.274+0000][7][gc,age      ] GC(64) - age  13:     267120 bytes,    6071072 total
[2023-11-16T04:12:59.274+0000][7][gc,age      ] GC(64) - age  14:    2455072 bytes,    8526144 total
[2023-11-16T04:12:59.274+0000][7][gc,age      ] GC(64) - age  15:    1382136 bytes,    9908280 total
[2023-11-16T04:12:59.274+0000][7][gc,phases   ] GC(64)   Pre Evacuate Collection Set: 0.1ms
[2023-11-16T04:12:59.274+0000][7][gc,phases   ] GC(64)   Merge Heap Roots: 0.0ms
[2023-11-16T04:12:59.274+0000][7][gc,phases   ] GC(64)   Evacuate Collection Set: 3.5ms
[2023-11-16T04:12:59.274+0000][7][gc,phases   ] GC(64)   Post Evacuate Collection Set: 0.6ms
[2023-11-16T04:12:59.274+0000][7][gc,phases   ] GC(64)   Other: 0.3ms
[2023-11-16T04:12:59.274+0000][7][gc,heap     ] GC(64) Eden regions: 69->0(69)
[2023-11-16T04:12:59.274+0000][7][gc,heap     ] GC(64) Survivor regions: 3->3(9)
[2023-11-16T04:12:59.274+0000][7][gc,heap     ] GC(64) Old regions: 26->26
[2023-11-16T04:12:59.274+0000][7][gc,heap     ] GC(64) Archive regions: 2->2
[2023-11-16T04:12:59.274+0000][7][gc,heap     ] GC(64) Humongous regions: 5->5
[2023-11-16T04:12:59.274+0000][7][gc,metaspace] GC(64) Metaspace: 119336K(121024K)->119336K(121024K) NonClass: 103312K(104320K)->103312K(104320K) Class: 16023K(16704K)->16023K(16704K)
[2023-11-16T04:12:59.274+0000][7][gc          ] GC(64) Pause Young (Normal) (G1 Evacuation Pause) 414M->137M(512M) 4.683ms
[2023-11-16T04:12:59.274+0000][7][gc,cpu      ] GC(64) User=0.02s Sys=0.00s Real=0.00s
[2023-11-16T04:12:59.274+0000][7][safepoint   ] Safepoint "G1CollectForAllocation", Time since last: 74089102 ns, Reaching safepoint: 47946 ns, At safepoint: 4810087 ns, Total: 4858033 ns
[2023-11-16T04:13:06.275+0000][7][safepoint   ] Safepoint "Cleanup", Time since last: 7000470981 ns, Reaching safepoint: 76429 ns, At safepoint: 3913 ns, Total: 80342 ns
[2023-11-16T04:13:09.214+0000][7][gc,heap,exit] Heap
[2023-11-16T04:13:09.215+0000][7][gc,heap,exit]  garbage-first heap   total 524288K, used 299288K [0x00000000e0000000, 0x0000000100000000)
[2023-11-16T04:13:09.215+0000][7][gc,heap,exit]   region size 4096K, 42 young (172032K), 3 survivors (12288K)
[2023-11-16T04:13:09.215+0000][7][gc,heap,exit]  Metaspace       used 119497K, committed 121216K, reserved 1155072K
[2023-11-16T04:13:09.215+0000][7][gc,heap,exit]   class space    used 16054K, committed 16768K, reserved 1048576K
