[2023-10-31T02:57:31.126+0000][7][gc] Using G1
[2023-10-31T02:57:31.237+0000][7][gc,init] Version: 17.0.1+12 (release)
[2023-10-31T02:57:31.237+0000][7][gc,init] CPUs: 8 total, 8 available
[2023-10-31T02:57:31.238+0000][7][gc,init] Memory: 7659M
[2023-10-31T02:57:31.238+0000][7][gc,init] Large Page Support: Disabled
[2023-10-31T02:57:31.238+0000][7][gc,init] NUMA Support: Disabled
[2023-10-31T02:57:31.238+0000][7][gc,init] Compressed Oops: Enabled (32-bit)
[2023-10-31T02:57:31.238+0000][7][gc,init] Heap Region Size: 4M
[2023-10-31T02:57:31.238+0000][7][gc,init] Heap Min Capacity: 512M
[2023-10-31T02:57:31.238+0000][7][gc,init] Heap Initial Capacity: 512M
[2023-10-31T02:57:31.238+0000][7][gc,init] Heap Max Capacity: 512M
[2023-10-31T02:57:31.238+0000][7][gc,init] Pre-touch: Enabled
[2023-10-31T02:57:31.238+0000][7][gc,init] Parallel Workers: 8
[2023-10-31T02:57:31.238+0000][7][gc,init] Concurrent Workers: 2
[2023-10-31T02:57:31.238+0000][7][gc,init] Concurrent Refinement Workers: 8
[2023-10-31T02:57:31.238+0000][7][gc,init] Periodic GC: Disabled
[2023-10-31T02:57:31.238+0000][7][gc,metaspace] CDS archive(s) mapped at: [0x0000000800000000-0x0000000800bd1000-0x0000000800bd1000), size 12390400, SharedBaseAddress: 0x0000000800000000, ArchiveRelocationMode: 0.
[2023-10-31T02:57:31.238+0000][7][gc,metaspace] Compressed class space mapped at: 0x0000000800c00000-0x0000000840c00000, reserved size: 1073741824
[2023-10-31T02:57:31.238+0000][7][gc,metaspace] Narrow klass base: 0x0000000800000000, Narrow klass shift: 0, Narrow klass range: 0x100000000
[2023-10-31T02:57:31.948+0000][7][safepoint   ] Safepoint "ICBufferFull", Time since last: 702906205 ns, Reaching safepoint: 98734 ns, At safepoint: 2293 ns, Total: 101027 ns
[2023-10-31T02:57:32.260+0000][7][gc,start    ] GC(0) Pause Young (Normal) (G1 Evacuation Pause)
[2023-10-31T02:57:32.260+0000][7][gc,task     ] GC(0) Using 8 workers of 8 for evacuation
[2023-10-31T02:57:32.260+0000][7][gc,age      ] GC(0) Desired survivor size 2097152 bytes, new threshold 15 (max threshold 15)
[2023-10-31T02:57:32.267+0000][7][gc,age      ] GC(0) Age table with threshold 15 (max threshold 15)
[2023-10-31T02:57:32.267+0000][7][gc,age      ] GC(0) - age   1:    4138920 bytes,    4138920 total
[2023-10-31T02:57:32.267+0000][7][gc,phases   ] GC(0)   Pre Evacuate Collection Set: 0.1ms
[2023-10-31T02:57:32.267+0000][7][gc,phases   ] GC(0)   Merge Heap Roots: 0.0ms
[2023-10-31T02:57:32.267+0000][7][gc,phases   ] GC(0)   Evacuate Collection Set: 6.0ms
[2023-10-31T02:57:32.267+0000][7][gc,phases   ] GC(0)   Post Evacuate Collection Set: 0.6ms
[2023-10-31T02:57:32.267+0000][7][gc,phases   ] GC(0)   Other: 0.8ms
[2023-10-31T02:57:32.267+0000][7][gc,heap     ] GC(0) Eden regions: 6->0(6)
[2023-10-31T02:57:32.267+0000][7][gc,heap     ] GC(0) Survivor regions: 0->1(1)
[2023-10-31T02:57:32.267+0000][7][gc,heap     ] GC(0) Old regions: 0->1
[2023-10-31T02:57:32.267+0000][7][gc,heap     ] GC(0) Archive regions: 2->2
[2023-10-31T02:57:32.267+0000][7][gc,heap     ] GC(0) Humongous regions: 0->0
[2023-10-31T02:57:32.267+0000][7][gc,metaspace] GC(0) Metaspace: 7636K(7872K)->7636K(7872K) NonClass: 6750K(6848K)->6750K(6848K) Class: 885K(1024K)->885K(1024K)
[2023-10-31T02:57:32.268+0000][7][gc          ] GC(0) Pause Young (Normal) (G1 Evacuation Pause) 27M->7M(512M) 7.566ms
[2023-10-31T02:57:32.268+0000][7][gc,cpu      ] GC(0) User=0.02s Sys=0.00s Real=0.01s
[2023-10-31T02:57:32.268+0000][7][safepoint   ] Safepoint "G1CollectForAllocation", Time since last: 310244900 ns, Reaching safepoint: 99522 ns, At safepoint: 9274784 ns, Total: 9374306 ns
[2023-10-31T02:57:33.768+0000][7][safepoint   ] Safepoint "Cleanup", Time since last: 1500522418 ns, Reaching safepoint: 143541 ns, At safepoint: 7793 ns, Total: 151334 ns
[2023-10-31T02:57:33.942+0000][7][gc,start    ] GC(1) Pause Young (Normal) (G1 Evacuation Pause)
[2023-10-31T02:57:33.942+0000][7][gc,task     ] GC(1) Using 8 workers of 8 for evacuation
[2023-10-31T02:57:33.942+0000][7][gc,age      ] GC(1) Desired survivor size 2097152 bytes, new threshold 1 (max threshold 15)
[2023-10-31T02:57:33.949+0000][7][gc,age      ] GC(1) Age table with threshold 1 (max threshold 15)
[2023-10-31T02:57:33.949+0000][7][gc,age      ] GC(1) - age   1:    2354952 bytes,    2354952 total
[2023-10-31T02:57:33.949+0000][7][gc,phases   ] GC(1)   Pre Evacuate Collection Set: 0.1ms
[2023-10-31T02:57:33.949+0000][7][gc,phases   ] GC(1)   Merge Heap Roots: 0.0ms
[2023-10-31T02:57:33.949+0000][7][gc,phases   ] GC(1)   Evacuate Collection Set: 5.7ms
[2023-10-31T02:57:33.949+0000][7][gc,phases   ] GC(1)   Post Evacuate Collection Set: 1.3ms
[2023-10-31T02:57:33.949+0000][7][gc,phases   ] GC(1)   Other: 0.4ms
[2023-10-31T02:57:33.949+0000][7][gc,heap     ] GC(1) Eden regions: 6->0(16)
[2023-10-31T02:57:33.949+0000][7][gc,heap     ] GC(1) Survivor regions: 1->1(1)
[2023-10-31T02:57:33.949+0000][7][gc,heap     ] GC(1) Old regions: 1->1
[2023-10-31T02:57:33.949+0000][7][gc,heap     ] GC(1) Archive regions: 2->2
[2023-10-31T02:57:33.949+0000][7][gc,heap     ] GC(1) Humongous regions: 0->0
[2023-10-31T02:57:33.949+0000][7][gc,metaspace] GC(1) Metaspace: 12467K(12736K)->12467K(12736K) NonClass: 10957K(11072K)->10957K(11072K) Class: 1509K(1664K)->1509K(1664K)
[2023-10-31T02:57:33.949+0000][7][gc          ] GC(1) Pause Young (Normal) (G1 Evacuation Pause) 31M->10M(512M) 7.572ms
[2023-10-31T02:57:33.949+0000][7][gc,cpu      ] GC(1) User=0.02s Sys=0.00s Real=0.01s
[2023-10-31T02:57:33.949+0000][7][safepoint   ] Safepoint "G1CollectForAllocation", Time since last: 173217990 ns, Reaching safepoint: 68331 ns, At safepoint: 7647926 ns, Total: 7716257 ns
[2023-10-31T02:57:34.950+0000][7][safepoint   ] Safepoint "Cleanup", Time since last: 1000092004 ns, Reaching safepoint: 711768 ns, At safepoint: 12366 ns, Total: 724134 ns
[2023-10-31T02:57:35.401+0000][7][gc,start    ] GC(2) Pause Young (Normal) (G1 Evacuation Pause)
[2023-10-31T02:57:35.401+0000][7][gc,task     ] GC(2) Using 8 workers of 8 for evacuation
[2023-10-31T02:57:35.401+0000][7][gc,age      ] GC(2) Desired survivor size 6291456 bytes, new threshold 15 (max threshold 15)
[2023-10-31T02:57:35.409+0000][7][gc,age      ] GC(2) Age table with threshold 15 (max threshold 15)
[2023-10-31T02:57:35.410+0000][7][gc,age      ] GC(2) - age   1:    2939728 bytes,    2939728 total
[2023-10-31T02:57:35.410+0000][7][gc,age      ] GC(2) - age   2:    2325288 bytes,    5265016 total
[2023-10-31T02:57:35.410+0000][7][gc,phases   ] GC(2)   Pre Evacuate Collection Set: 0.1ms
[2023-10-31T02:57:35.410+0000][7][gc,phases   ] GC(2)   Merge Heap Roots: 0.0ms
[2023-10-31T02:57:35.410+0000][7][gc,phases   ] GC(2)   Evacuate Collection Set: 7.8ms
[2023-10-31T02:57:35.410+0000][7][gc,phases   ] GC(2)   Post Evacuate Collection Set: 0.6ms
[2023-10-31T02:57:35.410+0000][7][gc,phases   ] GC(2)   Other: 0.8ms
[2023-10-31T02:57:35.411+0000][7][gc,heap     ] GC(2) Eden regions: 16->0(74)
[2023-10-31T02:57:35.411+0000][7][gc,heap     ] GC(2) Survivor regions: 1->2(3)
[2023-10-31T02:57:35.411+0000][7][gc,heap     ] GC(2) Old regions: 1->1
[2023-10-31T02:57:35.411+0000][7][gc,heap     ] GC(2) Archive regions: 2->2
[2023-10-31T02:57:35.411+0000][7][gc,heap     ] GC(2) Humongous regions: 0->0
[2023-10-31T02:57:35.411+0000][7][gc,metaspace] GC(2) Metaspace: 14517K(14720K)->14517K(14720K) NonClass: 12828K(12928K)->12828K(12928K) Class: 1689K(1792K)->1689K(1792K)
[2023-10-31T02:57:35.411+0000][7][gc          ] GC(2) Pause Young (Normal) (G1 Evacuation Pause) 74M->12M(512M) 10.494ms
[2023-10-31T02:57:35.411+0000][7][gc,cpu      ] GC(2) User=0.04s Sys=0.00s Real=0.01s
[2023-10-31T02:57:35.412+0000][7][safepoint   ] Safepoint "G1CollectForAllocation", Time since last: 450633759 ns, Reaching safepoint: 74725 ns, At safepoint: 10873575 ns, Total: 10948300 ns
[2023-10-31T02:57:36.413+0000][7][safepoint   ] Safepoint "Cleanup", Time since last: 1001771671 ns, Reaching safepoint: 142184 ns, At safepoint: 4558 ns, Total: 146742 ns
[2023-10-31T02:57:36.939+0000][7][safepoint   ] Safepoint "ICBufferFull", Time since last: 523057294 ns, Reaching safepoint: 1584021 ns, At safepoint: 668775 ns, Total: 2252796 ns
[2023-10-31T02:57:36.942+0000][7][safepoint   ] Safepoint "ICBufferFull", Time since last: 3441876 ns, Reaching safepoint: 112746 ns, At safepoint: 7634 ns, Total: 120380 ns
[2023-10-31T02:57:36.946+0000][7][safepoint   ] Safepoint "ICBufferFull", Time since last: 3096183 ns, Reaching safepoint: 105517 ns, At safepoint: 4624 ns, Total: 110141 ns
[2023-10-31T02:57:36.947+0000][7][safepoint   ] Safepoint "ICBufferFull", Time since last: 1113156 ns, Reaching safepoint: 33466 ns, At safepoint: 3231 ns, Total: 36697 ns
[2023-10-31T02:57:36.950+0000][7][safepoint   ] Safepoint "ICBufferFull", Time since last: 2769016 ns, Reaching safepoint: 40167 ns, At safepoint: 4248 ns, Total: 44415 ns
[2023-10-31T02:57:37.734+0000][7][safepoint   ] Safepoint "ICBufferFull", Time since last: 784325055 ns, Reaching safepoint: 146693 ns, At safepoint: 3152 ns, Total: 149845 ns
[2023-10-31T02:57:38.354+0000][7][gc,start    ] GC(3) Pause Young (Normal) (G1 Evacuation Pause)
[2023-10-31T02:57:38.354+0000][7][gc,task     ] GC(3) Using 8 workers of 8 for evacuation
[2023-10-31T02:57:38.354+0000][7][gc,age      ] GC(3) Desired survivor size 20971520 bytes, new threshold 15 (max threshold 15)
[2023-10-31T02:57:38.375+0000][7][gc,age      ] GC(3) Age table with threshold 15 (max threshold 15)
[2023-10-31T02:57:38.376+0000][7][gc,age      ] GC(3) - age   1:    5861728 bytes,    5861728 total
[2023-10-31T02:57:38.376+0000][7][gc,age      ] GC(3) - age   2:    1169424 bytes,    7031152 total
[2023-10-31T02:57:38.376+0000][7][gc,age      ] GC(3) - age   3:    2313984 bytes,    9345136 total
[2023-10-31T02:57:38.376+0000][7][gc,phases   ] GC(3)   Pre Evacuate Collection Set: 0.1ms
[2023-10-31T02:57:38.376+0000][7][gc,phases   ] GC(3)   Merge Heap Roots: 0.1ms
[2023-10-31T02:57:38.376+0000][7][gc,phases   ] GC(3)   Evacuate Collection Set: 21.0ms
[2023-10-31T02:57:38.376+0000][7][gc,phases   ] GC(3)   Post Evacuate Collection Set: 0.6ms
[2023-10-31T02:57:38.376+0000][7][gc,phases   ] GC(3)   Other: 0.3ms
[2023-10-31T02:57:38.376+0000][7][gc,heap     ] GC(3) Eden regions: 74->0(73)
[2023-10-31T02:57:38.376+0000][7][gc,heap     ] GC(3) Survivor regions: 2->3(10)
[2023-10-31T02:57:38.376+0000][7][gc,heap     ] GC(3) Old regions: 1->1
[2023-10-31T02:57:38.376+0000][7][gc,heap     ] GC(3) Archive regions: 2->2
[2023-10-31T02:57:38.376+0000][7][gc,heap     ] GC(3) Humongous regions: 0->0
[2023-10-31T02:57:38.376+0000][7][gc,metaspace] GC(3) Metaspace: 17329K(17600K)->17329K(17600K) NonClass: 15254K(15424K)->15254K(15424K) Class: 2075K(2176K)->2075K(2176K)
[2023-10-31T02:57:38.376+0000][7][gc          ] GC(3) Pause Young (Normal) (G1 Evacuation Pause) 308M->17M(512M) 22.109ms
[2023-10-31T02:57:38.376+0000][7][gc,cpu      ] GC(3) User=0.06s Sys=0.00s Real=0.02s
[2023-10-31T02:57:38.376+0000][7][safepoint   ] Safepoint "G1CollectForAllocation", Time since last: 619443730 ns, Reaching safepoint: 105497 ns, At safepoint: 22186508 ns, Total: 22292005 ns
[2023-10-31T02:57:39.376+0000][7][safepoint   ] Safepoint "Cleanup", Time since last: 1000100831 ns, Reaching safepoint: 124447 ns, At safepoint: 6180 ns, Total: 130627 ns
[2023-10-31T02:57:39.638+0000][7][gc,start    ] GC(4) Pause Young (Normal) (G1 Evacuation Pause)
[2023-10-31T02:57:39.638+0000][7][gc,task     ] GC(4) Using 8 workers of 8 for evacuation
[2023-10-31T02:57:39.638+0000][7][gc,age      ] GC(4) Desired survivor size 20971520 bytes, new threshold 15 (max threshold 15)
[2023-10-31T02:57:39.645+0000][7][gc,age      ] GC(4) Age table with threshold 15 (max threshold 15)
[2023-10-31T02:57:39.645+0000][7][gc,age      ] GC(4) - age   1:    5662168 bytes,    5662168 total
[2023-10-31T02:57:39.645+0000][7][gc,age      ] GC(4) - age   2:    3580800 bytes,    9242968 total
[2023-10-31T02:57:39.645+0000][7][gc,age      ] GC(4) - age   3:    1169344 bytes,   10412312 total
[2023-10-31T02:57:39.645+0000][7][gc,age      ] GC(4) - age   4:    2313984 bytes,   12726296 total
[2023-10-31T02:57:39.645+0000][7][gc,phases   ] GC(4)   Pre Evacuate Collection Set: 0.0ms
[2023-10-31T02:57:39.645+0000][7][gc,phases   ] GC(4)   Merge Heap Roots: 0.0ms
[2023-10-31T02:57:39.645+0000][7][gc,phases   ] GC(4)   Evacuate Collection Set: 5.7ms
[2023-10-31T02:57:39.645+0000][7][gc,phases   ] GC(4)   Post Evacuate Collection Set: 0.5ms
[2023-10-31T02:57:39.645+0000][7][gc,phases   ] GC(4)   Other: 0.2ms
[2023-10-31T02:57:39.645+0000][7][gc,heap     ] GC(4) Eden regions: 73->0(72)
[2023-10-31T02:57:39.645+0000][7][gc,heap     ] GC(4) Survivor regions: 3->4(10)
[2023-10-31T02:57:39.645+0000][7][gc,heap     ] GC(4) Old regions: 1->1
[2023-10-31T02:57:39.645+0000][7][gc,heap     ] GC(4) Archive regions: 2->2
[2023-10-31T02:57:39.645+0000][7][gc,heap     ] GC(4) Humongous regions: 0->0
[2023-10-31T02:57:39.645+0000][7][gc,metaspace] GC(4) Metaspace: 18189K(18560K)->18189K(18560K) NonClass: 15990K(16192K)->15990K(16192K) Class: 2198K(2368K)->2198K(2368K)
[2023-10-31T02:57:39.645+0000][7][gc          ] GC(4) Pause Young (Normal) (G1 Evacuation Pause) 309M->20M(512M) 6.575ms
[2023-10-31T02:57:39.645+0000][7][gc,cpu      ] GC(4) User=0.04s Sys=0.00s Real=0.00s
[2023-10-31T02:57:39.645+0000][7][safepoint   ] Safepoint "G1CollectForAllocation", Time since last: 262149942 ns, Reaching safepoint: 54098 ns, At safepoint: 6655312 ns, Total: 6709410 ns
[2023-10-31T02:57:40.443+0000][7][gc,start    ] GC(5) Pause Young (Normal) (G1 Evacuation Pause)
[2023-10-31T02:57:40.443+0000][7][gc,task     ] GC(5) Using 8 workers of 8 for evacuation
[2023-10-31T02:57:40.443+0000][7][gc,age      ] GC(5) Desired survivor size 20971520 bytes, new threshold 15 (max threshold 15)
[2023-10-31T02:57:40.456+0000][7][gc,age      ] GC(5) Age table with threshold 15 (max threshold 15)
[2023-10-31T02:57:40.456+0000][7][gc,age      ] GC(5) - age   1:     779776 bytes,     779776 total
[2023-10-31T02:57:40.456+0000][7][gc,age      ] GC(5) - age   2:    3797392 bytes,    4577168 total
[2023-10-31T02:57:40.456+0000][7][gc,age      ] GC(5) - age   3:    3580432 bytes,    8157600 total
[2023-10-31T02:57:40.456+0000][7][gc,age      ] GC(5) - age   4:    1169344 bytes,    9326944 total
[2023-10-31T02:57:40.456+0000][7][gc,age      ] GC(5) - age   5:    2313840 bytes,   11640784 total
[2023-10-31T02:57:40.456+0000][7][gc,phases   ] GC(5)   Pre Evacuate Collection Set: 0.1ms
[2023-10-31T02:57:40.457+0000][7][gc,phases   ] GC(5)   Merge Heap Roots: 0.1ms
[2023-10-31T02:57:40.457+0000][7][gc,phases   ] GC(5)   Evacuate Collection Set: 11.1ms
[2023-10-31T02:57:40.457+0000][7][gc,phases   ] GC(5)   Post Evacuate Collection Set: 0.9ms
[2023-10-31T02:57:40.457+0000][7][gc,phases   ] GC(5)   Other: 1.5ms
[2023-10-31T02:57:40.457+0000][7][gc,heap     ] GC(5) Eden regions: 72->0(73)
[2023-10-31T02:57:40.457+0000][7][gc,heap     ] GC(5) Survivor regions: 4->3(10)
[2023-10-31T02:57:40.457+0000][7][gc,heap     ] GC(5) Old regions: 1->1
[2023-10-31T02:57:40.457+0000][7][gc,heap     ] GC(5) Archive regions: 2->2
[2023-10-31T02:57:40.457+0000][7][gc,heap     ] GC(5) Humongous regions: 0->0
[2023-10-31T02:57:40.458+0000][7][gc,metaspace] GC(5) Metaspace: 18992K(19456K)->18992K(19456K) NonClass: 16678K(16960K)->16678K(16960K) Class: 2313K(2496K)->2313K(2496K)
[2023-10-31T02:57:40.458+0000][7][gc          ] GC(5) Pause Young (Normal) (G1 Evacuation Pause) 308M->19M(512M) 14.878ms
[2023-10-31T02:57:40.458+0000][7][gc,cpu      ] GC(5) User=0.04s Sys=0.01s Real=0.02s
[2023-10-31T02:57:40.458+0000][7][safepoint   ] Safepoint "G1CollectForAllocation", Time since last: 797902948 ns, Reaching safepoint: 102552 ns, At safepoint: 15193423 ns, Total: 15295975 ns
[2023-10-31T02:57:41.428+0000][7][gc,start    ] GC(6) Pause Young (Normal) (G1 Evacuation Pause)
[2023-10-31T02:57:41.429+0000][7][gc,task     ] GC(6) Using 8 workers of 8 for evacuation
[2023-10-31T02:57:41.429+0000][7][gc,age      ] GC(6) Desired survivor size 20971520 bytes, new threshold 15 (max threshold 15)
[2023-10-31T02:57:41.439+0000][7][gc,age      ] GC(6) Age table with threshold 15 (max threshold 15)
[2023-10-31T02:57:41.440+0000][7][gc,age      ] GC(6) - age   1:    2295560 bytes,    2295560 total
[2023-10-31T02:57:41.440+0000][7][gc,age      ] GC(6) - age   2:     598816 bytes,    2894376 total
[2023-10-31T02:57:41.440+0000][7][gc,age      ] GC(6) - age   3:    3793408 bytes,    6687784 total
[2023-10-31T02:57:41.440+0000][7][gc,age      ] GC(6) - age   4:    3578968 bytes,   10266752 total
[2023-10-31T02:57:41.440+0000][7][gc,age      ] GC(6) - age   5:    1168536 bytes,   11435288 total
[2023-10-31T02:57:41.440+0000][7][gc,age      ] GC(6) - age   6:    2310512 bytes,   13745800 total
[2023-10-31T02:57:41.440+0000][7][gc,phases   ] GC(6)   Pre Evacuate Collection Set: 0.1ms
[2023-10-31T02:57:41.440+0000][7][gc,phases   ] GC(6)   Merge Heap Roots: 0.1ms
[2023-10-31T02:57:41.440+0000][7][gc,phases   ] GC(6)   Evacuate Collection Set: 9.2ms
[2023-10-31T02:57:41.440+0000][7][gc,phases   ] GC(6)   Post Evacuate Collection Set: 0.7ms
[2023-10-31T02:57:41.440+0000][7][gc,phases   ] GC(6)   Other: 1.7ms
[2023-10-31T02:57:41.440+0000][7][gc,heap     ] GC(6) Eden regions: 73->0(72)
[2023-10-31T02:57:41.440+0000][7][gc,heap     ] GC(6) Survivor regions: 3->4(10)
[2023-10-31T02:57:41.440+0000][7][gc,heap     ] GC(6) Old regions: 1->1
[2023-10-31T02:57:41.440+0000][7][gc,heap     ] GC(6) Archive regions: 2->2
[2023-10-31T02:57:41.440+0000][7][gc,heap     ] GC(6) Humongous regions: 0->0
[2023-10-31T02:57:41.440+0000][7][gc,metaspace] GC(6) Metaspace: 20019K(20480K)->20019K(20480K) NonClass: 17566K(17856K)->17566K(17856K) Class: 2453K(2624K)->2453K(2624K)
[2023-10-31T02:57:41.440+0000][7][gc          ] GC(6) Pause Young (Normal) (G1 Evacuation Pause) 311M->21M(512M) 11.626ms
[2023-10-31T02:57:41.440+0000][7][gc,cpu      ] GC(6) User=0.02s Sys=0.00s Real=0.01s
[2023-10-31T02:57:41.440+0000][7][safepoint   ] Safepoint "G1CollectForAllocation", Time since last: 969900309 ns, Reaching safepoint: 123951 ns, At safepoint: 11808726 ns, Total: 11932677 ns
[2023-10-31T02:57:42.204+0000][7][gc,start    ] GC(7) Pause Young (Normal) (G1 Evacuation Pause)
[2023-10-31T02:57:42.204+0000][7][gc,task     ] GC(7) Using 8 workers of 8 for evacuation
[2023-10-31T02:57:42.204+0000][7][gc,age      ] GC(7) Desired survivor size 20971520 bytes, new threshold 15 (max threshold 15)
[2023-10-31T02:57:42.214+0000][7][gc,age      ] GC(7) Age table with threshold 15 (max threshold 15)
[2023-10-31T02:57:42.214+0000][7][gc,age      ] GC(7) - age   1:    1211552 bytes,    1211552 total
[2023-10-31T02:57:42.214+0000][7][gc,age      ] GC(7) - age   2:    1734624 bytes,    2946176 total
[2023-10-31T02:57:42.214+0000][7][gc,age      ] GC(7) - age   3:     596736 bytes,    3542912 total
[2023-10-31T02:57:42.214+0000][7][gc,age      ] GC(7) - age   4:    3793344 bytes,    7336256 total
[2023-10-31T02:57:42.214+0000][7][gc,age      ] GC(7) - age   5:    3577544 bytes,   10913800 total
[2023-10-31T02:57:42.214+0000][7][gc,age      ] GC(7) - age   6:    1168536 bytes,   12082336 total
[2023-10-31T02:57:42.215+0000][7][gc,age      ] GC(7) - age   7:    2310176 bytes,   14392512 total
[2023-10-31T02:57:42.215+0000][7][gc,phases   ] GC(7)   Pre Evacuate Collection Set: 0.1ms
[2023-10-31T02:57:42.215+0000][7][gc,phases   ] GC(7)   Merge Heap Roots: 0.0ms
[2023-10-31T02:57:42.215+0000][7][gc,phases   ] GC(7)   Evacuate Collection Set: 8.3ms
[2023-10-31T02:57:42.215+0000][7][gc,phases   ] GC(7)   Post Evacuate Collection Set: 1.1ms
[2023-10-31T02:57:42.215+0000][7][gc,phases   ] GC(7)   Other: 1.4ms
[2023-10-31T02:57:42.215+0000][7][gc,heap     ] GC(7) Eden regions: 72->0(72)
[2023-10-31T02:57:42.215+0000][7][gc,heap     ] GC(7) Survivor regions: 4->4(10)
[2023-10-31T02:57:42.216+0000][7][gc,heap     ] GC(7) Old regions: 1->1
[2023-10-31T02:57:42.216+0000][7][gc,heap     ] GC(7) Archive regions: 2->2
[2023-10-31T02:57:42.216+0000][7][gc,heap     ] GC(7) Humongous regions: 0->0
[2023-10-31T02:57:42.216+0000][7][gc,metaspace] GC(7) Metaspace: 20352K(20928K)->20352K(20928K) NonClass: 17848K(18176K)->17848K(18176K) Class: 2503K(2752K)->2503K(2752K)
[2023-10-31T02:57:42.216+0000][7][gc          ] GC(7) Pause Young (Normal) (G1 Evacuation Pause) 309M->22M(512M) 12.240ms
[2023-10-31T02:57:42.216+0000][7][gc,cpu      ] GC(7) User=0.04s Sys=0.00s Real=0.01s
[2023-10-31T02:57:42.216+0000][7][safepoint   ] Safepoint "G1CollectForAllocation", Time since last: 763848603 ns, Reaching safepoint: 84640 ns, At safepoint: 12635579 ns, Total: 12720219 ns
[2023-10-31T02:57:43.221+0000][7][safepoint   ] Safepoint "Cleanup", Time since last: 1003217324 ns, Reaching safepoint: 1780193 ns, At safepoint: 11051 ns, Total: 1791244 ns
[2023-10-31T02:57:43.256+0000][7][gc,start    ] GC(8) Pause Young (Concurrent Start) (Metadata GC Threshold)
[2023-10-31T02:57:43.256+0000][7][gc,task     ] GC(8) Using 8 workers of 8 for evacuation
[2023-10-31T02:57:43.256+0000][7][gc,age      ] GC(8) Desired survivor size 20971520 bytes, new threshold 15 (max threshold 15)
[2023-10-31T02:57:43.265+0000][7][gc,age      ] GC(8) Age table with threshold 15 (max threshold 15)
[2023-10-31T02:57:43.265+0000][7][gc,age      ] GC(8) - age   1:     872416 bytes,     872416 total
[2023-10-31T02:57:43.265+0000][7][gc,age      ] GC(8) - age   2:     762464 bytes,    1634880 total
[2023-10-31T02:57:43.265+0000][7][gc,age      ] GC(8) - age   3:    1724848 bytes,    3359728 total
[2023-10-31T02:57:43.265+0000][7][gc,age      ] GC(8) - age   4:     587608 bytes,    3947336 total
[2023-10-31T02:57:43.265+0000][7][gc,age      ] GC(8) - age   5:    3783032 bytes,    7730368 total
[2023-10-31T02:57:43.265+0000][7][gc,age      ] GC(8) - age   6:    3568944 bytes,   11299312 total
[2023-10-31T02:57:43.265+0000][7][gc,age      ] GC(8) - age   7:    1124816 bytes,   12424128 total
[2023-10-31T02:57:43.265+0000][7][gc,age      ] GC(8) - age   8:    2310000 bytes,   14734128 total
[2023-10-31T02:57:43.265+0000][7][gc,phases   ] GC(8)   Pre Evacuate Collection Set: 0.1ms
[2023-10-31T02:57:43.265+0000][7][gc,phases   ] GC(8)   Merge Heap Roots: 0.1ms
[2023-10-31T02:57:43.265+0000][7][gc,phases   ] GC(8)   Evacuate Collection Set: 7.8ms
[2023-10-31T02:57:43.265+0000][7][gc,phases   ] GC(8)   Post Evacuate Collection Set: 0.7ms
[2023-10-31T02:57:43.265+0000][7][gc,phases   ] GC(8)   Other: 0.4ms
[2023-10-31T02:57:43.265+0000][7][gc,heap     ] GC(8) Eden regions: 67->0(72)
[2023-10-31T02:57:43.265+0000][7][gc,heap     ] GC(8) Survivor regions: 4->4(10)
[2023-10-31T02:57:43.265+0000][7][gc,heap     ] GC(8) Old regions: 1->1
[2023-10-31T02:57:43.265+0000][7][gc,heap     ] GC(8) Archive regions: 2->2
[2023-10-31T02:57:43.265+0000][7][gc,heap     ] GC(8) Humongous regions: 0->0
[2023-10-31T02:57:43.265+0000][7][gc,metaspace] GC(8) Metaspace: 21034K(21504K)->21034K(21504K) NonClass: 18421K(18688K)->18421K(18688K) Class: 2613K(2816K)->2613K(2816K)
[2023-10-31T02:57:43.265+0000][7][gc          ] GC(8) Pause Young (Concurrent Start) (Metadata GC Threshold) 288M->23M(512M) 9.179ms
[2023-10-31T02:57:43.265+0000][7][gc,cpu      ] GC(8) User=0.03s Sys=0.00s Real=0.01s
[2023-10-31T02:57:43.265+0000][7][gc          ] GC(9) Concurrent Mark Cycle
[2023-10-31T02:57:43.265+0000][7][gc,marking  ] GC(9) Concurrent Clear Claimed Marks
[2023-10-31T02:57:43.265+0000][7][safepoint   ] Safepoint "CollectForMetadataAllocation", Time since last: 34386584 ns, Reaching safepoint: 118794 ns, At safepoint: 9336706 ns, Total: 9455500 ns
[2023-10-31T02:57:43.265+0000][7][gc,marking  ] GC(9) Concurrent Clear Claimed Marks 0.116ms
[2023-10-31T02:57:43.265+0000][7][gc,marking  ] GC(9) Concurrent Scan Root Regions
[2023-10-31T02:57:43.276+0000][7][gc,marking  ] GC(9) Concurrent Scan Root Regions 10.351ms
[2023-10-31T02:57:43.276+0000][7][gc,marking  ] GC(9) Concurrent Mark
[2023-10-31T02:57:43.276+0000][7][gc,marking  ] GC(9) Concurrent Mark From Roots
[2023-10-31T02:57:43.276+0000][7][gc,task     ] GC(9) Using 2 workers of 2 for marking
[2023-10-31T02:57:43.296+0000][7][gc,marking  ] GC(9) Concurrent Mark From Roots 20.475ms
[2023-10-31T02:57:43.296+0000][7][gc,marking  ] GC(9) Concurrent Preclean
[2023-10-31T02:57:43.296+0000][7][gc,marking  ] GC(9) Concurrent Preclean 0.113ms
[2023-10-31T02:57:43.297+0000][7][gc,start    ] GC(9) Pause Remark
[2023-10-31T02:57:43.307+0000][7][gc          ] GC(9) Pause Remark 25M->25M(512M) 9.714ms
[2023-10-31T02:57:43.307+0000][7][gc,cpu      ] GC(9) User=0.02s Sys=0.01s Real=0.01s
[2023-10-31T02:57:43.307+0000][7][safepoint   ] Safepoint "G1Concurrent", Time since last: 31773597 ns, Reaching safepoint: 82630 ns, At safepoint: 9837220 ns, Total: 9919850 ns
[2023-10-31T02:57:43.309+0000][7][gc,marking  ] GC(9) Concurrent Mark 33.203ms
[2023-10-31T02:57:43.309+0000][7][gc,marking  ] GC(9) Concurrent Rebuild Remembered Sets
[2023-10-31T02:57:43.309+0000][7][gc,marking  ] GC(9) Concurrent Rebuild Remembered Sets 0.010ms
[2023-10-31T02:57:43.310+0000][7][gc,start    ] GC(9) Pause Cleanup
[2023-10-31T02:57:43.310+0000][7][gc          ] GC(9) Pause Cleanup 25M->25M(512M) 0.053ms
[2023-10-31T02:57:43.310+0000][7][gc,cpu      ] GC(9) User=0.00s Sys=0.00s Real=0.00s
[2023-10-31T02:57:43.310+0000][7][safepoint   ] Safepoint "G1Concurrent", Time since last: 2161093 ns, Reaching safepoint: 451943 ns, At safepoint: 100670 ns, Total: 552613 ns
[2023-10-31T02:57:43.310+0000][7][gc,marking  ] GC(9) Concurrent Cleanup for Next Mark
[2023-10-31T02:57:43.311+0000][7][gc,marking  ] GC(9) Concurrent Cleanup for Next Mark 1.332ms
[2023-10-31T02:57:43.311+0000][7][gc          ] GC(9) Concurrent Mark Cycle 45.940ms
[2023-10-31T02:57:44.310+0000][7][safepoint   ] Safepoint "Cleanup", Time since last: 1000089411 ns, Reaching safepoint: 96987 ns, At safepoint: 3156 ns, Total: 100143 ns
[2023-10-31T02:57:44.570+0000][7][safepoint   ] Safepoint "ICBufferFull", Time since last: 259785280 ns, Reaching safepoint: 102777 ns, At safepoint: 6089 ns, Total: 108866 ns
[2023-10-31T02:57:44.571+0000][7][safepoint   ] Safepoint "ICBufferFull", Time since last: 1564234 ns, Reaching safepoint: 64398 ns, At safepoint: 2597 ns, Total: 66995 ns
[2023-10-31T02:57:44.573+0000][7][safepoint   ] Safepoint "ICBufferFull", Time since last: 1195222 ns, Reaching safepoint: 59077 ns, At safepoint: 5146 ns, Total: 64223 ns
[2023-10-31T02:57:44.652+0000][7][safepoint   ] Safepoint "ICBufferFull", Time since last: 79024340 ns, Reaching safepoint: 85073 ns, At safepoint: 4053 ns, Total: 89126 ns
[2023-10-31T02:57:44.654+0000][7][safepoint   ] Safepoint "ICBufferFull", Time since last: 2322048 ns, Reaching safepoint: 59074 ns, At safepoint: 17217 ns, Total: 76291 ns
[2023-10-31T02:57:44.775+0000][7][safepoint   ] Safepoint "ICBufferFull", Time since last: 120690197 ns, Reaching safepoint: 54813 ns, At safepoint: 3406 ns, Total: 58219 ns
[2023-10-31T02:57:44.797+0000][7][safepoint   ] Safepoint "ICBufferFull", Time since last: 21745904 ns, Reaching safepoint: 73214 ns, At safepoint: 5235 ns, Total: 78449 ns
[2023-10-31T02:57:44.828+0000][7][safepoint   ] Safepoint "ICBufferFull", Time since last: 31444822 ns, Reaching safepoint: 91508 ns, At safepoint: 4979 ns, Total: 96487 ns
[2023-10-31T02:57:45.627+0000][7][safepoint   ] Safepoint "ICBufferFull", Time since last: 797940976 ns, Reaching safepoint: 417508 ns, At safepoint: 6804 ns, Total: 424312 ns
[2023-10-31T02:57:47.131+0000][7][safepoint   ] Safepoint "Cleanup", Time since last: 1504026339 ns, Reaching safepoint: 203862 ns, At safepoint: 3513 ns, Total: 207375 ns
[2023-10-31T02:57:48.133+0000][7][safepoint   ] Safepoint "Cleanup", Time since last: 1002085308 ns, Reaching safepoint: 148674 ns, At safepoint: 5571 ns, Total: 154245 ns
[2023-10-31T02:57:49.134+0000][7][safepoint   ] Safepoint "Cleanup", Time since last: 1000410418 ns, Reaching safepoint: 163214 ns, At safepoint: 11066 ns, Total: 174280 ns
[2023-10-31T02:57:50.180+0000][7][gc,start    ] GC(10) Pause Young (Concurrent Start) (Metadata GC Threshold)
[2023-10-31T02:57:50.180+0000][7][gc,task     ] GC(10) Using 8 workers of 8 for evacuation
[2023-10-31T02:57:50.180+0000][7][gc,age      ] GC(10) Desired survivor size 20971520 bytes, new threshold 15 (max threshold 15)
[2023-10-31T02:57:50.227+0000][7][gc,age      ] GC(10) Age table with threshold 15 (max threshold 15)
[2023-10-31T02:57:50.227+0000][7][gc,age      ] GC(10) - age   1:   26914288 bytes,   26914288 total
[2023-10-31T02:57:50.227+0000][7][gc,age      ] GC(10) - age   2:     848064 bytes,   27762352 total
[2023-10-31T02:57:50.227+0000][7][gc,age      ] GC(10) - age   3:     754704 bytes,   28517056 total
[2023-10-31T02:57:50.227+0000][7][gc,age      ] GC(10) - age   4:    1704456 bytes,   30221512 total
[2023-10-31T02:57:50.227+0000][7][gc,age      ] GC(10) - age   5:     585824 bytes,   30807336 total
[2023-10-31T02:57:50.227+0000][7][gc,age      ] GC(10) - age   6:    3775240 bytes,   34582576 total
[2023-10-31T02:57:50.227+0000][7][gc,age      ] GC(10) - age   7:    3518528 bytes,   38101104 total
[2023-10-31T02:57:50.227+0000][7][gc,age      ] GC(10) - age   8:    1090920 bytes,   39192024 total
[2023-10-31T02:57:50.227+0000][7][gc,age      ] GC(10) - age   9:    2198840 bytes,   41390864 total
[2023-10-31T02:57:50.227+0000][7][gc,phases   ] GC(10)   Pre Evacuate Collection Set: 0.2ms
[2023-10-31T02:57:50.227+0000][7][gc,phases   ] GC(10)   Merge Heap Roots: 0.1ms
[2023-10-31T02:57:50.227+0000][7][gc,phases   ] GC(10)   Evacuate Collection Set: 44.5ms
[2023-10-31T02:57:50.227+0000][7][gc,phases   ] GC(10)   Post Evacuate Collection Set: 1.5ms
[2023-10-31T02:57:50.227+0000][7][gc,phases   ] GC(10)   Other: 0.4ms
[2023-10-31T02:57:50.227+0000][7][gc,heap     ] GC(10) Eden regions: 72->0(66)
[2023-10-31T02:57:50.227+0000][7][gc,heap     ] GC(10) Survivor regions: 4->10(10)
[2023-10-31T02:57:50.227+0000][7][gc,heap     ] GC(10) Old regions: 1->2
[2023-10-31T02:57:50.227+0000][7][gc,heap     ] GC(10) Archive regions: 2->2
[2023-10-31T02:57:50.227+0000][7][gc,heap     ] GC(10) Humongous regions: 0->0
[2023-10-31T02:57:50.227+0000][7][gc,metaspace] GC(10) Metaspace: 35189K(36096K)->35189K(36096K) NonClass: 30556K(31104K)->30556K(31104K) Class: 4632K(4992K)->4632K(4992K)
[2023-10-31T02:57:50.227+0000][7][gc          ] GC(10) Pause Young (Concurrent Start) (Metadata GC Threshold) 311M->48M(512M) 46.710ms
[2023-10-31T02:57:50.227+0000][7][gc,cpu      ] GC(10) User=0.15s Sys=0.00s Real=0.05s
[2023-10-31T02:57:50.227+0000][7][safepoint   ] Safepoint "CollectForMetadataAllocation", Time since last: 1046331527 ns, Reaching safepoint: 114983 ns, At safepoint: 46884421 ns, Total: 46999404 ns
[2023-10-31T02:57:50.227+0000][7][gc          ] GC(11) Concurrent Mark Cycle
[2023-10-31T02:57:50.227+0000][7][gc,marking  ] GC(11) Concurrent Clear Claimed Marks
[2023-10-31T02:57:50.227+0000][7][gc,marking  ] GC(11) Concurrent Clear Claimed Marks 0.086ms
[2023-10-31T02:57:50.227+0000][7][gc,marking  ] GC(11) Concurrent Scan Root Regions
[2023-10-31T02:57:50.256+0000][7][gc,marking  ] GC(11) Concurrent Scan Root Regions 28.544ms
[2023-10-31T02:57:50.256+0000][7][gc,marking  ] GC(11) Concurrent Mark
[2023-10-31T02:57:50.256+0000][7][gc,marking  ] GC(11) Concurrent Mark From Roots
[2023-10-31T02:57:50.256+0000][7][gc,task     ] GC(11) Using 2 workers of 2 for marking
[2023-10-31T02:57:50.263+0000][7][gc,marking  ] GC(11) Concurrent Mark From Roots 6.471ms
[2023-10-31T02:57:50.263+0000][7][gc,marking  ] GC(11) Concurrent Preclean
[2023-10-31T02:57:50.263+0000][7][gc,marking  ] GC(11) Concurrent Preclean 0.092ms
[2023-10-31T02:57:50.263+0000][7][gc,start    ] GC(11) Pause Remark
[2023-10-31T02:57:50.268+0000][7][gc          ] GC(11) Pause Remark 50M->50M(512M) 5.522ms
[2023-10-31T02:57:50.269+0000][7][gc,cpu      ] GC(11) User=0.01s Sys=0.00s Real=0.01s
[2023-10-31T02:57:50.269+0000][7][safepoint   ] Safepoint "G1Concurrent", Time since last: 35688125 ns, Reaching safepoint: 57681 ns, At safepoint: 5849717 ns, Total: 5907398 ns
[2023-10-31T02:57:50.269+0000][7][gc,marking  ] GC(11) Concurrent Mark 12.657ms
[2023-10-31T02:57:50.269+0000][7][gc,marking  ] GC(11) Concurrent Rebuild Remembered Sets
[2023-10-31T02:57:50.277+0000][7][gc,marking  ] GC(11) Concurrent Rebuild Remembered Sets 7.846ms
[2023-10-31T02:57:50.277+0000][7][gc,start    ] GC(11) Pause Cleanup
[2023-10-31T02:57:50.277+0000][7][gc          ] GC(11) Pause Cleanup 50M->50M(512M) 0.074ms
[2023-10-31T02:57:50.277+0000][7][gc,cpu      ] GC(11) User=0.00s Sys=0.00s Real=0.00s
[2023-10-31T02:57:50.277+0000][7][safepoint   ] Safepoint "G1Concurrent", Time since last: 8019619 ns, Reaching safepoint: 29787 ns, At safepoint: 110779 ns, Total: 140566 ns
[2023-10-31T02:57:50.277+0000][7][gc,marking  ] GC(11) Concurrent Cleanup for Next Mark
[2023-10-31T02:57:50.278+0000][7][gc,marking  ] GC(11) Concurrent Cleanup for Next Mark 1.329ms
[2023-10-31T02:57:50.278+0000][7][gc          ] GC(11) Concurrent Mark Cycle 51.019ms
[2023-10-31T02:57:51.277+0000][7][safepoint   ] Safepoint "Cleanup", Time since last: 1000261771 ns, Reaching safepoint: 145184 ns, At safepoint: 4635 ns, Total: 149819 ns
[2023-10-31T02:57:52.718+0000][7][safepoint   ] Safepoint "Cleanup", Time since last: 1440523131 ns, Reaching safepoint: 126250 ns, At safepoint: 3598 ns, Total: 129848 ns
[2023-10-31T02:57:53.718+0000][7][safepoint   ] Safepoint "Cleanup", Time since last: 1000130093 ns, Reaching safepoint: 94418 ns, At safepoint: 3952 ns, Total: 98370 ns
[2023-10-31T02:57:54.872+0000][7][safepoint   ] Safepoint "Cleanup", Time since last: 1153702794 ns, Reaching safepoint: 187290 ns, At safepoint: 6765 ns, Total: 194055 ns
[2023-10-31T02:57:55.312+0000][7][gc,start    ] GC(12) Pause Young (Normal) (G1 Evacuation Pause)
[2023-10-31T02:57:55.312+0000][7][gc,task     ] GC(12) Using 8 workers of 8 for evacuation
[2023-10-31T02:57:55.312+0000][7][gc,age      ] GC(12) Desired survivor size 20971520 bytes, new threshold 1 (max threshold 15)
[2023-10-31T02:57:55.465+0000][7][gc,age      ] GC(12) Age table with threshold 1 (max threshold 15)
[2023-10-31T02:57:55.465+0000][7][gc,age      ] GC(12) - age   1:    5982560 bytes,    5982560 total
[2023-10-31T02:57:55.465+0000][7][gc,phases   ] GC(12)   Pre Evacuate Collection Set: 0.1ms
[2023-10-31T02:57:55.465+0000][7][gc,phases   ] GC(12)   Merge Heap Roots: 0.1ms
[2023-10-31T02:57:55.465+0000][7][gc,phases   ] GC(12)   Evacuate Collection Set: 149.9ms
[2023-10-31T02:57:55.465+0000][7][gc,phases   ] GC(12)   Post Evacuate Collection Set: 3.0ms
[2023-10-31T02:57:55.465+0000][7][gc,phases   ] GC(12)   Other: 0.6ms
[2023-10-31T02:57:55.465+0000][7][gc,heap     ] GC(12) Eden regions: 66->0(73)
[2023-10-31T02:57:55.465+0000][7][gc,heap     ] GC(12) Survivor regions: 10->3(10)
[2023-10-31T02:57:55.465+0000][7][gc,heap     ] GC(12) Old regions: 2->11
[2023-10-31T02:57:55.465+0000][7][gc,heap     ] GC(12) Archive regions: 2->2
[2023-10-31T02:57:55.465+0000][7][gc,heap     ] GC(12) Humongous regions: 0->0
[2023-10-31T02:57:55.466+0000][7][gc,metaspace] GC(12) Metaspace: 51665K(52864K)->51665K(52864K) NonClass: 44672K(45376K)->44672K(45376K) Class: 6993K(7488K)->6993K(7488K)
[2023-10-31T02:57:55.466+0000][7][gc          ] GC(12) Pause Young (Normal) (G1 Evacuation Pause) 312M->57M(512M) 153.704ms
[2023-10-31T02:57:55.466+0000][7][gc,cpu      ] GC(12) User=0.34s Sys=0.03s Real=0.15s
[2023-10-31T02:57:55.466+0000][7][safepoint   ] Safepoint "G1CollectForAllocation", Time since last: 439683013 ns, Reaching safepoint: 147407 ns, At safepoint: 153811150 ns, Total: 153958557 ns
[2023-10-31T02:57:56.466+0000][7][safepoint   ] Safepoint "Cleanup", Time since last: 1000725548 ns, Reaching safepoint: 62573 ns, At safepoint: 2732 ns, Total: 65305 ns
[2023-10-31T02:57:58.376+0000][7][safepoint   ] Safepoint "Cleanup", Time since last: 1909311429 ns, Reaching safepoint: 737831 ns, At safepoint: 12552 ns, Total: 750383 ns
[2023-10-31T02:57:59.377+0000][7][safepoint   ] Safepoint "Cleanup", Time since last: 1000725226 ns, Reaching safepoint: 232689 ns, At safepoint: 5792 ns, Total: 238481 ns
[2023-10-31T02:58:00.389+0000][7][safepoint   ] Safepoint "Cleanup", Time since last: 1001275378 ns, Reaching safepoint: 10167457 ns, At safepoint: 10695 ns, Total: 10178152 ns
[2023-10-31T02:58:00.406+0000][7][gc,start    ] GC(13) Pause Young (Concurrent Start) (Metadata GC Threshold)
[2023-10-31T02:58:00.406+0000][7][gc,task     ] GC(13) Using 8 workers of 8 for evacuation
[2023-10-31T02:58:00.406+0000][7][gc,age      ] GC(13) Desired survivor size 20971520 bytes, new threshold 15 (max threshold 15)
[2023-10-31T02:58:00.491+0000][7][gc,age      ] GC(13) Age table with threshold 15 (max threshold 15)
[2023-10-31T02:58:00.491+0000][7][gc,age      ] GC(13) - age   1:    4830880 bytes,    4830880 total
[2023-10-31T02:58:00.491+0000][7][gc,age      ] GC(13) - age   2:    5834080 bytes,   10664960 total
[2023-10-31T02:58:00.491+0000][7][gc,phases   ] GC(13)   Pre Evacuate Collection Set: 0.7ms
[2023-10-31T02:58:00.491+0000][7][gc,phases   ] GC(13)   Merge Heap Roots: 0.2ms
[2023-10-31T02:58:00.491+0000][7][gc,phases   ] GC(13)   Evacuate Collection Set: 62.5ms
[2023-10-31T02:58:00.491+0000][7][gc,phases   ] GC(13)   Post Evacuate Collection Set: 21.1ms
[2023-10-31T02:58:00.491+0000][7][gc,phases   ] GC(13)   Other: 0.4ms
[2023-10-31T02:58:00.491+0000][7][gc,heap     ] GC(13) Eden regions: 51->0(73)
[2023-10-31T02:58:00.491+0000][7][gc,heap     ] GC(13) Survivor regions: 3->3(10)
[2023-10-31T02:58:00.491+0000][7][gc,heap     ] GC(13) Old regions: 11->11
[2023-10-31T02:58:00.491+0000][7][gc,heap     ] GC(13) Archive regions: 2->2
[2023-10-31T02:58:00.491+0000][7][gc,heap     ] GC(13) Humongous regions: 0->0
[2023-10-31T02:58:00.491+0000][7][gc,metaspace] GC(13) Metaspace: 59092K(60288K)->59092K(60288K) NonClass: 51065K(51776K)->51065K(51776K) Class: 8026K(8512K)->8026K(8512K)
[2023-10-31T02:58:00.491+0000][7][gc          ] GC(13) Pause Young (Concurrent Start) (Metadata GC Threshold) 261M->58M(512M) 85.104ms
[2023-10-31T02:58:00.491+0000][7][gc,cpu      ] GC(13) User=0.15s Sys=0.00s Real=0.09s
[2023-10-31T02:58:00.491+0000][7][safepoint   ] Safepoint "CollectForMetadataAllocation", Time since last: 17087047 ns, Reaching safepoint: 72047 ns, At safepoint: 85323647 ns, Total: 85395694 ns
[2023-10-31T02:58:00.491+0000][7][gc          ] GC(14) Concurrent Mark Cycle
[2023-10-31T02:58:00.491+0000][7][gc,marking  ] GC(14) Concurrent Clear Claimed Marks
[2023-10-31T02:58:00.491+0000][7][gc,marking  ] GC(14) Concurrent Clear Claimed Marks 0.073ms
[2023-10-31T02:58:00.491+0000][7][gc,marking  ] GC(14) Concurrent Scan Root Regions
[2023-10-31T02:58:00.513+0000][7][gc,marking  ] GC(14) Concurrent Scan Root Regions 21.459ms
[2023-10-31T02:58:00.513+0000][7][gc,marking  ] GC(14) Concurrent Mark
[2023-10-31T02:58:00.513+0000][7][gc,marking  ] GC(14) Concurrent Mark From Roots
[2023-10-31T02:58:00.513+0000][7][gc,task     ] GC(14) Using 2 workers of 2 for marking
[2023-10-31T02:58:00.660+0000][7][safepoint   ] Safepoint "CollectForMetadataAllocation", Time since last: 147911096 ns, Reaching safepoint: 20565156 ns, At safepoint: 91472 ns, Total: 20656628 ns
[2023-10-31T02:58:00.786+0000][7][gc,marking  ] GC(14) Concurrent Mark From Roots 273.317ms
[2023-10-31T02:58:00.786+0000][7][gc,marking  ] GC(14) Concurrent Preclean
[2023-10-31T02:58:00.787+0000][7][gc,marking  ] GC(14) Concurrent Preclean 0.668ms
[2023-10-31T02:58:00.787+0000][7][gc,start    ] GC(14) Pause Remark
[2023-10-31T02:58:00.804+0000][7][gc          ] GC(14) Pause Remark 64M->64M(512M) 16.361ms
[2023-10-31T02:58:00.804+0000][7][gc,cpu      ] GC(14) User=0.04s Sys=0.00s Real=0.01s
[2023-10-31T02:58:00.804+0000][7][safepoint   ] Safepoint "G1Concurrent", Time since last: 127272515 ns, Reaching safepoint: 124835 ns, At safepoint: 16807208 ns, Total: 16932043 ns
[2023-10-31T02:58:00.817+0000][7][gc,marking  ] GC(14) Concurrent Mark 304.025ms
[2023-10-31T02:58:00.817+0000][7][gc,marking  ] GC(14) Concurrent Rebuild Remembered Sets
[2023-10-31T02:58:00.817+0000][7][gc,marking  ] GC(14) Concurrent Rebuild Remembered Sets 0.011ms
[2023-10-31T02:58:00.832+0000][7][gc,start    ] GC(14) Pause Cleanup
[2023-10-31T02:58:00.832+0000][7][gc          ] GC(14) Pause Cleanup 64M->64M(512M) 0.102ms
[2023-10-31T02:58:00.832+0000][7][gc,cpu      ] GC(14) User=0.00s Sys=0.00s Real=0.00s
[2023-10-31T02:58:00.832+0000][7][safepoint   ] Safepoint "G1Concurrent", Time since last: 13024713 ns, Reaching safepoint: 14477718 ns, At safepoint: 184129 ns, Total: 14661847 ns
[2023-10-31T02:58:00.837+0000][7][gc,marking  ] GC(14) Concurrent Cleanup for Next Mark
[2023-10-31T02:58:00.838+0000][7][gc,marking  ] GC(14) Concurrent Cleanup for Next Mark 0.700ms
[2023-10-31T02:58:00.838+0000][7][gc          ] GC(14) Concurrent Mark Cycle 346.680ms
[2023-10-31T02:58:02.199+0000][7][safepoint   ] Safepoint "Cleanup", Time since last: 1364206480 ns, Reaching safepoint: 3102572 ns, At safepoint: 20412 ns, Total: 3122984 ns
[2023-10-31T02:58:03.210+0000][7][safepoint   ] Safepoint "Cleanup", Time since last: 1007598484 ns, Reaching safepoint: 2951146 ns, At safepoint: 9958 ns, Total: 2961104 ns
[2023-10-31T02:58:04.226+0000][7][safepoint   ] Safepoint "Cleanup", Time since last: 1009942802 ns, Reaching safepoint: 6481882 ns, At safepoint: 31803 ns, Total: 6513685 ns
[2023-10-31T02:58:05.233+0000][7][safepoint   ] Safepoint "Cleanup", Time since last: 1006815751 ns, Reaching safepoint: 347884 ns, At safepoint: 13370 ns, Total: 361254 ns
[2023-10-31T02:58:06.493+0000][7][safepoint   ] Safepoint "Cleanup", Time since last: 1259613251 ns, Reaching safepoint: 281006 ns, At safepoint: 6256 ns, Total: 287262 ns
[2023-10-31T02:58:07.587+0000][7][safepoint   ] Safepoint "Cleanup", Time since last: 1093041204 ns, Reaching safepoint: 352381 ns, At safepoint: 7970 ns, Total: 360351 ns
[2023-10-31T02:58:08.704+0000][7][safepoint   ] Safepoint "Cleanup", Time since last: 1116731370 ns, Reaching safepoint: 188306 ns, At safepoint: 9470 ns, Total: 197776 ns
[2023-10-31T02:58:09.712+0000][7][safepoint   ] Safepoint "Cleanup", Time since last: 1004477754 ns, Reaching safepoint: 3991085 ns, At safepoint: 25522 ns, Total: 4016607 ns
[2023-10-31T02:58:10.714+0000][7][safepoint   ] Safepoint "Cleanup", Time since last: 1000948056 ns, Reaching safepoint: 610733 ns, At safepoint: 15713 ns, Total: 626446 ns
[2023-10-31T02:58:12.554+0000][7][safepoint   ] Safepoint "Cleanup", Time since last: 1839426758 ns, Reaching safepoint: 958336 ns, At safepoint: 19496 ns, Total: 977832 ns
[2023-10-31T02:58:13.613+0000][7][safepoint   ] Safepoint "Cleanup", Time since last: 1042338199 ns, Reaching safepoint: 16840114 ns, At safepoint: 21893 ns, Total: 16862007 ns
[2023-10-31T02:58:14.582+0000][7][safepoint   ] Safepoint "ICBufferFull", Time since last: 967784924 ns, Reaching safepoint: 522929 ns, At safepoint: 15858 ns, Total: 538787 ns
[2023-10-31T02:58:16.438+0000][7][safepoint   ] Safepoint "Cleanup", Time since last: 1855983708 ns, Reaching safepoint: 237414 ns, At safepoint: 7446 ns, Total: 244860 ns
[2023-10-31T02:58:17.950+0000][7][gc,start    ] GC(15) Pause Young (Concurrent Start) (G1 Evacuation Pause)
[2023-10-31T02:58:17.950+0000][7][gc,task     ] GC(15) Using 8 workers of 8 for evacuation
[2023-10-31T02:58:17.950+0000][7][gc,age      ] GC(15) Desired survivor size 20971520 bytes, new threshold 15 (max threshold 15)
[2023-10-31T02:58:18.207+0000][7][gc,age      ] GC(15) Age table with threshold 15 (max threshold 15)
[2023-10-31T02:58:18.212+0000][7][gc,age      ] GC(15) - age   1:   13268320 bytes,   13268320 total
[2023-10-31T02:58:18.212+0000][7][gc,age      ] GC(15) - age   2:    4695344 bytes,   17963664 total
[2023-10-31T02:58:18.212+0000][7][gc,age      ] GC(15) - age   3:    5771488 bytes,   23735152 total
[2023-10-31T02:58:18.214+0000][7][gc,mmu      ] GC(15) MMU target violated: 201.0ms (200.0ms/201.0ms)
[2023-10-31T02:58:18.221+0000][7][gc,phases   ] GC(15)   Pre Evacuate Collection Set: 0.2ms
[2023-10-31T02:58:18.221+0000][7][gc,phases   ] GC(15)   Merge Heap Roots: 0.2ms
[2023-10-31T02:58:18.221+0000][7][gc,phases   ] GC(15)   Evacuate Collection Set: 221.2ms
[2023-10-31T02:58:18.221+0000][7][gc,phases   ] GC(15)   Post Evacuate Collection Set: 33.3ms
[2023-10-31T02:58:18.221+0000][7][gc,phases   ] GC(15)   Other: 15.1ms
[2023-10-31T02:58:18.221+0000][7][gc,heap     ] GC(15) Eden regions: 73->0(60)
[2023-10-31T02:58:18.221+0000][7][gc,heap     ] GC(15) Survivor regions: 3->6(10)
[2023-10-31T02:58:18.221+0000][7][gc,heap     ] GC(15) Old regions: 11->11
[2023-10-31T02:58:18.221+0000][7][gc,heap     ] GC(15) Archive regions: 2->2
[2023-10-31T02:58:18.221+0000][7][gc,heap     ] GC(15) Humongous regions: 0->0
[2023-10-31T02:58:18.223+0000][7][gc,metaspace] GC(15) Metaspace: 92170K(93632K)->92170K(93632K) NonClass: 79280K(80128K)->79280K(80128K) Class: 12889K(13504K)->12889K(13504K)
[2023-10-31T02:58:18.227+0000][7][gc          ] GC(15) Pause Young (Concurrent Start) (G1 Evacuation Pause) 350M->71M(512M) 276.099ms
[2023-10-31T02:58:18.227+0000][7][gc,cpu      ] GC(15) User=0.13s Sys=0.00s Real=0.28s
[2023-10-31T02:58:18.232+0000][7][gc          ] GC(16) Concurrent Mark Cycle
[2023-10-31T02:58:18.232+0000][7][gc,marking  ] GC(16) Concurrent Clear Claimed Marks
[2023-10-31T02:58:18.232+0000][7][gc,marking  ] GC(16) Concurrent Clear Claimed Marks 0.090ms
[2023-10-31T02:58:18.232+0000][7][gc,marking  ] GC(16) Concurrent Scan Root Regions
[2023-10-31T02:58:18.280+0000][7][safepoint   ] Safepoint "G1CollectForAllocation", Time since last: 1512192408 ns, Reaching safepoint: 162694 ns, At safepoint: 329522787 ns, Total: 329685481 ns
[2023-10-31T02:58:18.309+0000][7][gc,marking  ] GC(16) Concurrent Scan Root Regions 76.901ms
[2023-10-31T02:58:18.309+0000][7][gc,marking  ] GC(16) Concurrent Mark
[2023-10-31T02:58:18.309+0000][7][gc,marking  ] GC(16) Concurrent Mark From Roots
[2023-10-31T02:58:18.309+0000][7][gc,task     ] GC(16) Using 2 workers of 2 for marking
[2023-10-31T02:58:18.590+0000][7][gc,marking  ] GC(16) Concurrent Mark From Roots 280.365ms
[2023-10-31T02:58:18.590+0000][7][gc,marking  ] GC(16) Concurrent Preclean
[2023-10-31T02:58:18.590+0000][7][gc,marking  ] GC(16) Concurrent Preclean 0.393ms
[2023-10-31T02:58:18.606+0000][7][gc,start    ] GC(16) Pause Remark
[2023-10-31T02:58:18.635+0000][7][gc          ] GC(16) Pause Remark 77M->77M(512M) 28.536ms
[2023-10-31T02:58:18.635+0000][7][gc,cpu      ] GC(16) User=0.02s Sys=0.01s Real=0.02s
[2023-10-31T02:58:18.635+0000][7][safepoint   ] Safepoint "G1Concurrent", Time since last: 310535087 ns, Reaching safepoint: 16134398 ns, At safepoint: 28679733 ns, Total: 44814131 ns
[2023-10-31T02:58:18.635+0000][7][gc,marking  ] GC(16) Concurrent Mark 325.780ms
[2023-10-31T02:58:18.635+0000][7][gc,marking  ] GC(16) Concurrent Rebuild Remembered Sets
[2023-10-31T02:58:18.635+0000][7][gc,marking  ] GC(16) Concurrent Rebuild Remembered Sets 0.009ms
[2023-10-31T02:58:18.635+0000][7][gc,start    ] GC(16) Pause Cleanup
[2023-10-31T02:58:18.635+0000][7][gc          ] GC(16) Pause Cleanup 77M->77M(512M) 0.019ms
[2023-10-31T02:58:18.635+0000][7][gc,cpu      ] GC(16) User=0.00s Sys=0.00s Real=0.00s
[2023-10-31T02:58:18.635+0000][7][safepoint   ] Safepoint "G1Concurrent", Time since last: 74182 ns, Reaching safepoint: 170781 ns, At safepoint: 54170 ns, Total: 224951 ns
[2023-10-31T02:58:18.635+0000][7][gc,marking  ] GC(16) Concurrent Cleanup for Next Mark
[2023-10-31T02:58:18.639+0000][7][gc,marking  ] GC(16) Concurrent Cleanup for Next Mark 3.196ms
[2023-10-31T02:58:18.639+0000][7][gc          ] GC(16) Concurrent Mark Cycle 406.466ms
[2023-10-31T02:58:19.867+0000][7][safepoint   ] Safepoint "Cleanup", Time since last: 1231252651 ns, Reaching safepoint: 184295 ns, At safepoint: 8470 ns, Total: 192765 ns
[2023-10-31T02:58:21.413+0000][7][safepoint   ] Safepoint "Cleanup", Time since last: 1542848744 ns, Reaching safepoint: 3504371 ns, At safepoint: 20795 ns, Total: 3525166 ns
[2023-10-31T02:58:22.441+0000][7][safepoint   ] Safepoint "Cleanup", Time since last: 1006517501 ns, Reaching safepoint: 20706192 ns, At safepoint: 187995 ns, Total: 20894187 ns
[2023-10-31T02:58:23.448+0000][7][safepoint   ] Safepoint "Cleanup", Time since last: 1002928858 ns, Reaching safepoint: 4169832 ns, At safepoint: 128903 ns, Total: 4298735 ns
[2023-10-31T02:58:24.511+0000][7][safepoint   ] Safepoint "Cleanup", Time since last: 1051215647 ns, Reaching safepoint: 11321198 ns, At safepoint: 168196 ns, Total: 11489394 ns
[2023-10-31T02:58:25.830+0000][7][safepoint   ] Safepoint "Cleanup", Time since last: 1319033315 ns, Reaching safepoint: 231916 ns, At safepoint: 15294 ns, Total: 247210 ns
[2023-10-31T02:58:27.055+0000][7][safepoint   ] Safepoint "Cleanup", Time since last: 1223379992 ns, Reaching safepoint: 2298441 ns, At safepoint: 21893 ns, Total: 2320334 ns
[2023-10-31T02:58:28.400+0000][7][safepoint   ] Safepoint "Cleanup", Time since last: 1326058700 ns, Reaching safepoint: 18661203 ns, At safepoint: 33507 ns, Total: 18694710 ns
[2023-10-31T02:58:29.400+0000][7][safepoint   ] Safepoint "Cleanup", Time since last: 1000137224 ns, Reaching safepoint: 114970 ns, At safepoint: 8560 ns, Total: 123530 ns
[2023-10-31T02:58:29.923+0000][7][gc,start    ] GC(17) Pause Young (Normal) (G1 Evacuation Pause)
[2023-10-31T02:58:29.923+0000][7][gc,task     ] GC(17) Using 8 workers of 8 for evacuation
[2023-10-31T02:58:29.924+0000][7][gc,age      ] GC(17) Desired survivor size 20971520 bytes, new threshold 3 (max threshold 15)
[2023-10-31T02:58:30.269+0000][7][gc,age      ] GC(17) Age table with threshold 3 (max threshold 15)
[2023-10-31T02:58:30.270+0000][7][gc,age      ] GC(17) - age   1:   14017816 bytes,   14017816 total
[2023-10-31T02:58:30.270+0000][7][gc,age      ] GC(17) - age   2:   12638696 bytes,   26656512 total
[2023-10-31T02:58:30.270+0000][7][gc,age      ] GC(17) - age   3:    4686368 bytes,   31342880 total
[2023-10-31T02:58:30.270+0000][7][gc,mmu      ] GC(17) MMU target violated: 201.0ms (200.0ms/201.0ms)
[2023-10-31T02:58:30.270+0000][7][gc,phases   ] GC(17)   Pre Evacuate Collection Set: 0.5ms
[2023-10-31T02:58:30.270+0000][7][gc,phases   ] GC(17)   Merge Heap Roots: 0.5ms
[2023-10-31T02:58:30.270+0000][7][gc,phases   ] GC(17)   Evacuate Collection Set: 336.2ms
[2023-10-31T02:58:30.270+0000][7][gc,phases   ] GC(17)   Post Evacuate Collection Set: 8.7ms
[2023-10-31T02:58:30.270+0000][7][gc,phases   ] GC(17)   Other: 1.7ms
[2023-10-31T02:58:30.270+0000][7][gc,heap     ] GC(17) Eden regions: 70->0(1)
[2023-10-31T02:58:30.270+0000][7][gc,heap     ] GC(17) Survivor regions: 6->8(10)
[2023-10-31T02:58:30.270+0000][7][gc,heap     ] GC(17) Old regions: 11->13
[2023-10-31T02:58:30.270+0000][7][gc,heap     ] GC(17) Archive regions: 2->2
[2023-10-31T02:58:30.270+0000][7][gc,heap     ] GC(17) Humongous regions: 5->5
[2023-10-31T02:58:30.270+0000][7][gc,metaspace] GC(17) Metaspace: 103285K(104768K)->103285K(104768K) NonClass: 88774K(89664K)->88774K(89664K) Class: 14510K(15104K)->14510K(15104K)
[2023-10-31T02:58:30.270+0000][7][gc          ] GC(17) Pause Young (Normal) (G1 Evacuation Pause) 370M->104M(512M) 347.052ms
[2023-10-31T02:58:30.270+0000][7][gc,cpu      ] GC(17) User=0.16s Sys=0.15s Real=0.35s
[2023-10-31T02:58:30.270+0000][7][safepoint   ] Safepoint "G1CollectForAllocation", Time since last: 516509416 ns, Reaching safepoint: 2847671 ns, At safepoint: 350395629 ns, Total: 353243300 ns
[2023-10-31T02:58:30.382+0000][7][gc,start    ] GC(18) Pause Young (Normal) (G1 Evacuation Pause)
[2023-10-31T02:58:30.382+0000][7][gc,task     ] GC(18) Using 8 workers of 8 for evacuation
[2023-10-31T02:58:30.382+0000][7][gc,age      ] GC(18) Desired survivor size 4194304 bytes, new threshold 1 (max threshold 15)
[2023-10-31T02:58:30.626+0000][7][gc,age      ] GC(18) Age table with threshold 1 (max threshold 15)
[2023-10-31T02:58:30.626+0000][7][gc,age      ] GC(18) - age   1:    1152784 bytes,    1152784 total
[2023-10-31T02:58:30.626+0000][7][gc,mmu      ] GC(18) MMU target violated: 201.0ms (200.0ms/201.0ms)
[2023-10-31T02:58:30.626+0000][7][gc,phases   ] GC(18)   Pre Evacuate Collection Set: 0.1ms
[2023-10-31T02:58:30.626+0000][7][gc,phases   ] GC(18)   Merge Heap Roots: 0.2ms
[2023-10-31T02:58:30.626+0000][7][gc,phases   ] GC(18)   Evacuate Collection Set: 242.1ms
[2023-10-31T02:58:30.626+0000][7][gc,phases   ] GC(18)   Post Evacuate Collection Set: 1.3ms
[2023-10-31T02:58:30.626+0000][7][gc,phases   ] GC(18)   Other: 0.3ms
[2023-10-31T02:58:30.626+0000][7][gc,heap     ] GC(18) Eden regions: 1->0(32)
[2023-10-31T02:58:30.626+0000][7][gc,heap     ] GC(18) Survivor regions: 8->2(2)
[2023-10-31T02:58:30.626+0000][7][gc,heap     ] GC(18) Old regions: 13->20
[2023-10-31T02:58:30.626+0000][7][gc,heap     ] GC(18) Archive regions: 2->2
[2023-10-31T02:58:30.626+0000][7][gc,heap     ] GC(18) Humongous regions: 5->5
[2023-10-31T02:58:30.626+0000][7][gc,metaspace] GC(18) Metaspace: 103313K(104768K)->103313K(104768K) NonClass: 88797K(89664K)->88797K(89664K) Class: 14515K(15104K)->14515K(15104K)
[2023-10-31T02:58:30.626+0000][7][gc          ] GC(18) Pause Young (Normal) (G1 Evacuation Pause) 108M->108M(512M) 244.104ms
[2023-10-31T02:58:30.626+0000][7][gc,cpu      ] GC(18) User=0.29s Sys=0.09s Real=0.25s
[2023-10-31T02:58:30.626+0000][7][safepoint   ] Safepoint "G1CollectForAllocation", Time since last: 111874904 ns, Reaching safepoint: 69921 ns, At safepoint: 244245158 ns, Total: 244315079 ns
[2023-10-31T02:58:31.743+0000][7][safepoint   ] Safepoint "Cleanup", Time since last: 1108833164 ns, Reaching safepoint: 8090068 ns, At safepoint: 36534 ns, Total: 8126602 ns
[2023-10-31T02:58:32.751+0000][7][safepoint   ] Safepoint "Cleanup", Time since last: 1000553835 ns, Reaching safepoint: 6331223 ns, At safepoint: 206640 ns, Total: 6537863 ns
[2023-10-31T02:58:33.767+0000][7][safepoint   ] Safepoint "Cleanup", Time since last: 1000787620 ns, Reaching safepoint: 15290848 ns, At safepoint: 25991 ns, Total: 15316839 ns
[2023-10-31T02:58:34.780+0000][7][safepoint   ] Safepoint "Cleanup", Time since last: 1000306864 ns, Reaching safepoint: 12990590 ns, At safepoint: 179323 ns, Total: 13169913 ns
[2023-10-31T02:58:35.230+0000][7][safepoint   ] Safepoint "G1CollectForAllocation", Time since last: 448568109 ns, Reaching safepoint: 747214 ns, At safepoint: 121713 ns, Total: 868927 ns
[2023-10-31T02:58:35.234+0000][7][gc,start    ] GC(19) Pause Young (Normal) (GCLocker Initiated GC)
[2023-10-31T02:58:35.235+0000][7][gc,task     ] GC(19) Using 8 workers of 8 for evacuation
[2023-10-31T02:58:35.235+0000][7][gc,age      ] GC(19) Desired survivor size 10485760 bytes, new threshold 15 (max threshold 15)
[2023-10-31T02:58:35.324+0000][7][gc,age      ] GC(19) Age table with threshold 15 (max threshold 15)
[2023-10-31T02:58:35.324+0000][7][gc,age      ] GC(19) - age   1:    6293928 bytes,    6293928 total
[2023-10-31T02:58:35.324+0000][7][gc,age      ] GC(19) - age   2:      28600 bytes,    6322528 total
[2023-10-31T02:58:35.324+0000][7][gc,phases   ] GC(19)   Pre Evacuate Collection Set: 0.2ms
[2023-10-31T02:58:35.324+0000][7][gc,phases   ] GC(19)   Merge Heap Roots: 0.1ms
[2023-10-31T02:58:35.324+0000][7][gc,phases   ] GC(19)   Evacuate Collection Set: 78.2ms
[2023-10-31T02:58:35.324+0000][7][gc,phases   ] GC(19)   Post Evacuate Collection Set: 10.8ms
[2023-10-31T02:58:35.324+0000][7][gc,phases   ] GC(19)   Other: 0.8ms
[2023-10-31T02:58:35.325+0000][7][gc,heap     ] GC(19) Eden regions: 33->0(40)
[2023-10-31T02:58:35.325+0000][7][gc,heap     ] GC(19) Survivor regions: 2->2(5)
[2023-10-31T02:58:35.325+0000][7][gc,heap     ] GC(19) Old regions: 20->20
[2023-10-31T02:58:35.325+0000][7][gc,heap     ] GC(19) Archive regions: 2->2
[2023-10-31T02:58:35.325+0000][7][gc,heap     ] GC(19) Humongous regions: 5->5
[2023-10-31T02:58:35.325+0000][7][gc,metaspace] GC(19) Metaspace: 105434K(106944K)->105434K(106944K) NonClass: 90654K(91520K)->90654K(91520K) Class: 14780K(15424K)->14780K(15424K)
[2023-10-31T02:58:35.325+0000][7][gc          ] GC(19) Pause Young (Normal) (GCLocker Initiated GC) 236M->109M(512M) 90.309ms
[2023-10-31T02:58:35.325+0000][7][gc,cpu      ] GC(19) User=0.07s Sys=0.00s Real=0.09s
[2023-10-31T02:58:35.325+0000][7][safepoint   ] Safepoint "G1CollectForAllocation", Time since last: 4326843 ns, Reaching safepoint: 439576 ns, At safepoint: 90532778 ns, Total: 90972354 ns
[2023-10-31T02:58:36.334+0000][7][safepoint   ] Safepoint "Cleanup", Time since last: 1001121833 ns, Reaching safepoint: 7416644 ns, At safepoint: 182424 ns, Total: 7599068 ns
[2023-10-31T02:58:37.344+0000][7][safepoint   ] Safepoint "Cleanup", Time since last: 1001440258 ns, Reaching safepoint: 8863552 ns, At safepoint: 169921 ns, Total: 9033473 ns
[2023-10-31T02:58:38.357+0000][7][safepoint   ] Safepoint "Cleanup", Time since last: 1002421210 ns, Reaching safepoint: 10121890 ns, At safepoint: 61767 ns, Total: 10183657 ns
[2023-10-31T02:58:39.359+0000][7][safepoint   ] Safepoint "Cleanup", Time since last: 1001102090 ns, Reaching safepoint: 793238 ns, At safepoint: 26414 ns, Total: 819652 ns
[2023-10-31T02:58:40.359+0000][7][safepoint   ] Safepoint "Cleanup", Time since last: 1000774586 ns, Reaching safepoint: 96913 ns, At safepoint: 5125 ns, Total: 102038 ns
[2023-10-31T02:58:41.361+0000][7][safepoint   ] Safepoint "Cleanup", Time since last: 1001048762 ns, Reaching safepoint: 165423 ns, At safepoint: 11786 ns, Total: 177209 ns
[2023-10-31T02:58:42.361+0000][7][safepoint   ] Safepoint "Cleanup", Time since last: 1000243401 ns, Reaching safepoint: 218830 ns, At safepoint: 25348 ns, Total: 244178 ns
[2023-10-31T02:58:44.362+0000][7][safepoint   ] Safepoint "Cleanup", Time since last: 2001025611 ns, Reaching safepoint: 197195 ns, At safepoint: 11812 ns, Total: 209007 ns
[2023-10-31T02:58:45.363+0000][7][safepoint   ] Safepoint "Cleanup", Time since last: 1000290664 ns, Reaching safepoint: 100537 ns, At safepoint: 7340 ns, Total: 107877 ns
[2023-10-31T02:58:47.050+0000][7][gc,start    ] GC(20) Pause Young (Normal) (G1 Evacuation Pause)
[2023-10-31T02:58:47.050+0000][7][gc,task     ] GC(20) Using 8 workers of 8 for evacuation
[2023-10-31T02:58:47.051+0000][7][gc,age      ] GC(20) Desired survivor size 12582912 bytes, new threshold 15 (max threshold 15)
[2023-10-31T02:58:47.185+0000][7][gc,age      ] GC(20) Age table with threshold 15 (max threshold 15)
[2023-10-31T02:58:47.185+0000][7][gc,age      ] GC(20) - age   1:    3409368 bytes,    3409368 total
[2023-10-31T02:58:47.185+0000][7][gc,age      ] GC(20) - age   2:    2250448 bytes,    5659816 total
[2023-10-31T02:58:47.185+0000][7][gc,age      ] GC(20) - age   3:      28600 bytes,    5688416 total
[2023-10-31T02:58:47.185+0000][7][gc,phases   ] GC(20)   Pre Evacuate Collection Set: 0.2ms
[2023-10-31T02:58:47.185+0000][7][gc,phases   ] GC(20)   Merge Heap Roots: 0.1ms
[2023-10-31T02:58:47.185+0000][7][gc,phases   ] GC(20)   Evacuate Collection Set: 132.1ms
[2023-10-31T02:58:47.185+0000][7][gc,phases   ] GC(20)   Post Evacuate Collection Set: 1.7ms
[2023-10-31T02:58:47.185+0000][7][gc,phases   ] GC(20)   Other: 0.4ms
[2023-10-31T02:58:47.185+0000][7][gc,heap     ] GC(20) Eden regions: 40->0(40)
[2023-10-31T02:58:47.185+0000][7][gc,heap     ] GC(20) Survivor regions: 2->2(6)
[2023-10-31T02:58:47.185+0000][7][gc,heap     ] GC(20) Old regions: 20->20
[2023-10-31T02:58:47.185+0000][7][gc,heap     ] GC(20) Archive regions: 2->2
[2023-10-31T02:58:47.185+0000][7][gc,heap     ] GC(20) Humongous regions: 5->5
[2023-10-31T02:58:47.185+0000][7][gc,metaspace] GC(20) Metaspace: 106784K(108224K)->106784K(108224K) NonClass: 91913K(92736K)->91913K(92736K) Class: 14871K(15488K)->14871K(15488K)
[2023-10-31T02:58:47.185+0000][7][gc          ] GC(20) Pause Young (Normal) (G1 Evacuation Pause) 269M->108M(512M) 134.648ms
[2023-10-31T02:58:47.185+0000][7][gc,cpu      ] GC(20) User=0.12s Sys=0.00s Real=0.13s
[2023-10-31T02:58:47.186+0000][7][safepoint   ] Safepoint "G1CollectForAllocation", Time since last: 1687529489 ns, Reaching safepoint: 89578 ns, At safepoint: 135571397 ns, Total: 135660975 ns
[2023-10-31T02:58:48.187+0000][7][safepoint   ] Safepoint "Cleanup", Time since last: 1000651700 ns, Reaching safepoint: 297039 ns, At safepoint: 19243 ns, Total: 316282 ns
[2023-10-31T02:58:49.189+0000][7][safepoint   ] Safepoint "Cleanup", Time since last: 1000447719 ns, Reaching safepoint: 1426849 ns, At safepoint: 76329 ns, Total: 1503178 ns
[2023-10-31T02:58:50.190+0000][7][safepoint   ] Safepoint "Cleanup", Time since last: 1000432658 ns, Reaching safepoint: 668144 ns, At safepoint: 40204 ns, Total: 708348 ns
[2023-10-31T02:58:51.193+0000][7][safepoint   ] Safepoint "Cleanup", Time since last: 1000461593 ns, Reaching safepoint: 2281586 ns, At safepoint: 52158 ns, Total: 2333744 ns
[2023-10-31T02:58:53.077+0000][7][safepoint   ] Safepoint "Cleanup", Time since last: 1883884957 ns, Reaching safepoint: 432997 ns, At safepoint: 68639 ns, Total: 501636 ns
[2023-10-31T02:58:54.078+0000][7][safepoint   ] Safepoint "Cleanup", Time since last: 1000506743 ns, Reaching safepoint: 256538 ns, At safepoint: 15138 ns, Total: 271676 ns
[2023-10-31T02:58:55.079+0000][7][safepoint   ] Safepoint "Cleanup", Time since last: 1000665468 ns, Reaching safepoint: 409281 ns, At safepoint: 43443 ns, Total: 452724 ns
[2023-10-31T02:58:56.080+0000][7][safepoint   ] Safepoint "Cleanup", Time since last: 1000744876 ns, Reaching safepoint: 106353 ns, At safepoint: 4511 ns, Total: 110864 ns
[2023-10-31T02:58:58.088+0000][7][safepoint   ] Safepoint "Cleanup", Time since last: 2000420785 ns, Reaching safepoint: 6693573 ns, At safepoint: 1334001 ns, Total: 8027574 ns
[2023-10-31T02:58:59.089+0000][7][safepoint   ] Safepoint "Cleanup", Time since last: 1000305342 ns, Reaching safepoint: 664551 ns, At safepoint: 41063 ns, Total: 705614 ns
[2023-10-31T02:59:00.091+0000][7][safepoint   ] Safepoint "Cleanup", Time since last: 1001078486 ns, Reaching safepoint: 284185 ns, At safepoint: 18044 ns, Total: 302229 ns
[2023-10-31T02:59:01.092+0000][7][safepoint   ] Safepoint "Cleanup", Time since last: 1000531659 ns, Reaching safepoint: 293258 ns, At safepoint: 11461 ns, Total: 304719 ns
[2023-10-31T02:59:02.095+0000][7][safepoint   ] Safepoint "Cleanup", Time since last: 1003646794 ns, Reaching safepoint: 181681 ns, At safepoint: 13216 ns, Total: 194897 ns
[2023-10-31T02:59:03.097+0000][7][safepoint   ] Safepoint "Cleanup", Time since last: 1000267478 ns, Reaching safepoint: 894061 ns, At safepoint: 73614 ns, Total: 967675 ns
[2023-10-31T02:59:04.367+0000][7][safepoint   ] Safepoint "Cleanup", Time since last: 1269589819 ns, Reaching safepoint: 378994 ns, At safepoint: 14417 ns, Total: 393411 ns
[2023-10-31T02:59:05.658+0000][7][safepoint   ] Safepoint "Cleanup", Time since last: 1283237494 ns, Reaching safepoint: 7569402 ns, At safepoint: 39380 ns, Total: 7608782 ns
[2023-10-31T02:59:06.677+0000][7][safepoint   ] Safepoint "Cleanup", Time since last: 1000825720 ns, Reaching safepoint: 18884847 ns, At safepoint: 78552 ns, Total: 18963399 ns
[2023-10-31T02:59:07.678+0000][7][safepoint   ] Safepoint "Cleanup", Time since last: 1000856298 ns, Reaching safepoint: 185658 ns, At safepoint: 8003 ns, Total: 193661 ns
[2023-10-31T02:59:08.691+0000][7][safepoint   ] Safepoint "Cleanup", Time since last: 1001294917 ns, Reaching safepoint: 11404545 ns, At safepoint: 173464 ns, Total: 11578009 ns
[2023-10-31T02:59:09.694+0000][7][safepoint   ] Safepoint "Cleanup", Time since last: 1001880894 ns, Reaching safepoint: 1231415 ns, At safepoint: 127687 ns, Total: 1359102 ns
[2023-10-31T02:59:10.355+0000][7][gc,start    ] GC(21) Pause Young (Normal) (G1 Evacuation Pause)
[2023-10-31T02:59:10.355+0000][7][gc,task     ] GC(21) Using 8 workers of 8 for evacuation
[2023-10-31T02:59:10.355+0000][7][gc,age      ] GC(21) Desired survivor size 12582912 bytes, new threshold 15 (max threshold 15)
[2023-10-31T02:59:10.424+0000][7][gc,age      ] GC(21) Age table with threshold 15 (max threshold 15)
[2023-10-31T02:59:10.424+0000][7][gc,age      ] GC(21) - age   1:    6791048 bytes,    6791048 total
[2023-10-31T02:59:10.424+0000][7][gc,age      ] GC(21) - age   2:    2994280 bytes,    9785328 total
[2023-10-31T02:59:10.424+0000][7][gc,age      ] GC(21) - age   3:    2193000 bytes,   11978328 total
[2023-10-31T02:59:10.424+0000][7][gc,age      ] GC(21) - age   4:      28600 bytes,   12006928 total
[2023-10-31T02:59:10.424+0000][7][gc,phases   ] GC(21)   Pre Evacuate Collection Set: 0.1ms
[2023-10-31T02:59:10.424+0000][7][gc,phases   ] GC(21)   Merge Heap Roots: 0.2ms
[2023-10-31T02:59:10.424+0000][7][gc,phases   ] GC(21)   Evacuate Collection Set: 61.1ms
[2023-10-31T02:59:10.424+0000][7][gc,phases   ] GC(21)   Post Evacuate Collection Set: 7.1ms
[2023-10-31T02:59:10.424+0000][7][gc,phases   ] GC(21)   Other: 0.5ms
[2023-10-31T02:59:10.424+0000][7][gc,heap     ] GC(21) Eden regions: 40->0(47)
[2023-10-31T02:59:10.424+0000][7][gc,heap     ] GC(21) Survivor regions: 2->3(6)
[2023-10-31T02:59:10.424+0000][7][gc,heap     ] GC(21) Old regions: 20->20
[2023-10-31T02:59:10.424+0000][7][gc,heap     ] GC(21) Archive regions: 2->2
[2023-10-31T02:59:10.424+0000][7][gc,heap     ] GC(21) Humongous regions: 5->5
[2023-10-31T02:59:10.424+0000][7][gc,metaspace] GC(21) Metaspace: 110843K(112448K)->110843K(112448K) NonClass: 95413K(96320K)->95413K(96320K) Class: 15429K(16128K)->15429K(16128K)
[2023-10-31T02:59:10.424+0000][7][gc          ] GC(21) Pause Young (Normal) (G1 Evacuation Pause) 268M->114M(512M) 69.128ms
[2023-10-31T02:59:10.424+0000][7][gc,cpu      ] GC(21) User=0.10s Sys=0.00s Real=0.07s
[2023-10-31T02:59:10.424+0000][7][safepoint   ] Safepoint "G1CollectForAllocation", Time since last: 660218366 ns, Reaching safepoint: 103913 ns, At safepoint: 69337672 ns, Total: 69441585 ns
[2023-10-31T02:59:11.427+0000][7][safepoint   ] Safepoint "Cleanup", Time since last: 1002200077 ns, Reaching safepoint: 235892 ns, At safepoint: 9670 ns, Total: 245562 ns
[2023-10-31T02:59:12.428+0000][7][safepoint   ] Safepoint "Cleanup", Time since last: 1000489505 ns, Reaching safepoint: 535430 ns, At safepoint: 52233 ns, Total: 587663 ns
[2023-10-31T02:59:13.323+0000][7][safepoint   ] Safepoint "ICBufferFull", Time since last: 894022255 ns, Reaching safepoint: 1511479 ns, At safepoint: 71044 ns, Total: 1582523 ns
[2023-10-31T02:59:14.323+0000][7][safepoint   ] Safepoint "ICBufferFull", Time since last: 997148384 ns, Reaching safepoint: 2182128 ns, At safepoint: 56141 ns, Total: 2238269 ns
[2023-10-31T02:59:15.323+0000][7][safepoint   ] Safepoint "Cleanup", Time since last: 1000539143 ns, Reaching safepoint: 135309 ns, At safepoint: 4989 ns, Total: 140298 ns
[2023-10-31T02:59:16.000+0000][7][safepoint   ] Safepoint "ICBufferFull", Time since last: 676286041 ns, Reaching safepoint: 343689 ns, At safepoint: 23181 ns, Total: 366870 ns
[2023-10-31T02:59:16.465+0000][7][safepoint   ] Safepoint "ICBufferFull", Time since last: 465281640 ns, Reaching safepoint: 130355 ns, At safepoint: 8660 ns, Total: 139015 ns
[2023-10-31T02:59:17.470+0000][7][safepoint   ] Safepoint "Cleanup", Time since last: 1004322387 ns, Reaching safepoint: 565566 ns, At safepoint: 26552 ns, Total: 592118 ns
[2023-10-31T02:59:18.472+0000][7][safepoint   ] Safepoint "Cleanup", Time since last: 1000398770 ns, Reaching safepoint: 861151 ns, At safepoint: 85388 ns, Total: 946539 ns
[2023-10-31T02:59:18.964+0000][7][safepoint   ] Safepoint "ICBufferFull", Time since last: 485147236 ns, Reaching safepoint: 6661746 ns, At safepoint: 47166 ns, Total: 6708912 ns
[2023-10-31T02:59:19.969+0000][7][safepoint   ] Safepoint "Cleanup", Time since last: 1002923547 ns, Reaching safepoint: 2020166 ns, At safepoint: 139972 ns, Total: 2160138 ns
[2023-10-31T02:59:20.970+0000][7][safepoint   ] Safepoint "Cleanup", Time since last: 1000550832 ns, Reaching safepoint: 546235 ns, At safepoint: 44768 ns, Total: 591003 ns
[2023-10-31T02:59:21.971+0000][7][safepoint   ] Safepoint "Cleanup", Time since last: 1001065060 ns, Reaching safepoint: 549064 ns, At safepoint: 23724 ns, Total: 572788 ns
[2023-10-31T02:59:22.975+0000][7][safepoint   ] Safepoint "Cleanup", Time since last: 1002270314 ns, Reaching safepoint: 787471 ns, At safepoint: 98939 ns, Total: 886410 ns
[2023-10-31T02:59:23.976+0000][7][safepoint   ] Safepoint "Cleanup", Time since last: 1000545897 ns, Reaching safepoint: 420321 ns, At safepoint: 74404 ns, Total: 494725 ns
[2023-10-31T02:59:24.978+0000][7][safepoint   ] Safepoint "Cleanup", Time since last: 1001353449 ns, Reaching safepoint: 598631 ns, At safepoint: 14459 ns, Total: 613090 ns
[2023-10-31T02:59:26.460+0000][7][safepoint   ] Safepoint "Cleanup", Time since last: 1476866789 ns, Reaching safepoint: 5579471 ns, At safepoint: 193646 ns, Total: 5773117 ns
[2023-10-31T02:59:27.461+0000][7][safepoint   ] Safepoint "Cleanup", Time since last: 1000571905 ns, Reaching safepoint: 249818 ns, At safepoint: 22304 ns, Total: 272122 ns
[2023-10-31T02:59:28.467+0000][7][safepoint   ] Safepoint "Cleanup", Time since last: 1002099097 ns, Reaching safepoint: 3736509 ns, At safepoint: 172307 ns, Total: 3908816 ns
[2023-10-31T02:59:29.468+0000][7][safepoint   ] Safepoint "Cleanup", Time since last: 1000409957 ns, Reaching safepoint: 216362 ns, At safepoint: 9607 ns, Total: 225969 ns
[2023-10-31T02:59:30.469+0000][7][safepoint   ] Safepoint "Cleanup", Time since last: 1000173855 ns, Reaching safepoint: 626275 ns, At safepoint: 58013 ns, Total: 684288 ns
[2023-10-31T02:59:31.470+0000][7][safepoint   ] Safepoint "Cleanup", Time since last: 1000589827 ns, Reaching safepoint: 728773 ns, At safepoint: 57659 ns, Total: 786432 ns
[2023-10-31T02:59:31.983+0000][7][safepoint   ] Safepoint "ICBufferFull", Time since last: 512240175 ns, Reaching safepoint: 607376 ns, At safepoint: 27230 ns, Total: 634606 ns
[2023-10-31T02:59:32.984+0000][7][safepoint   ] Safepoint "Cleanup", Time since last: 1000660733 ns, Reaching safepoint: 426709 ns, At safepoint: 14259 ns, Total: 440968 ns
[2023-10-31T02:59:33.996+0000][7][safepoint   ] Safepoint "Cleanup", Time since last: 1009279641 ns, Reaching safepoint: 2470542 ns, At safepoint: 30864 ns, Total: 2501406 ns
[2023-10-31T02:59:34.998+0000][7][safepoint   ] Safepoint "Cleanup", Time since last: 1000199153 ns, Reaching safepoint: 1583144 ns, At safepoint: 120089 ns, Total: 1703233 ns
[2023-10-31T02:59:35.999+0000][7][safepoint   ] Safepoint "Cleanup", Time since last: 1000622078 ns, Reaching safepoint: 409893 ns, At safepoint: 18534 ns, Total: 428427 ns
[2023-10-31T02:59:36.887+0000][7][gc,start    ] GC(22) Pause Young (Normal) (G1 Evacuation Pause)
[2023-10-31T02:59:36.887+0000][7][gc,task     ] GC(22) Using 8 workers of 8 for evacuation
[2023-10-31T02:59:36.887+0000][7][gc,age      ] GC(22) Desired survivor size 14680064 bytes, new threshold 15 (max threshold 15)
[2023-10-31T02:59:36.932+0000][7][gc,age      ] GC(22) Age table with threshold 15 (max threshold 15)
[2023-10-31T02:59:36.932+0000][7][gc,age      ] GC(22) - age   1:    1987936 bytes,    1987936 total
[2023-10-31T02:59:36.932+0000][7][gc,age      ] GC(22) - age   2:    5566424 bytes,    7554360 total
[2023-10-31T02:59:36.932+0000][7][gc,age      ] GC(22) - age   3:    2991816 bytes,   10546176 total
[2023-10-31T02:59:36.932+0000][7][gc,age      ] GC(22) - age   4:    2192496 bytes,   12738672 total
[2023-10-31T02:59:36.933+0000][7][gc,age      ] GC(22) - age   5:      28600 bytes,   12767272 total
[2023-10-31T02:59:36.933+0000][7][gc,phases   ] GC(22)   Pre Evacuate Collection Set: 0.2ms
[2023-10-31T02:59:36.933+0000][7][gc,phases   ] GC(22)   Merge Heap Roots: 0.2ms
[2023-10-31T02:59:36.933+0000][7][gc,phases   ] GC(22)   Evacuate Collection Set: 43.5ms
[2023-10-31T02:59:36.933+0000][7][gc,phases   ] GC(22)   Post Evacuate Collection Set: 1.1ms
[2023-10-31T02:59:36.933+0000][7][gc,phases   ] GC(22)   Other: 0.4ms
[2023-10-31T02:59:36.933+0000][7][gc,heap     ] GC(22) Eden regions: 47->0(65)
[2023-10-31T02:59:36.933+0000][7][gc,heap     ] GC(22) Survivor regions: 3->4(7)
[2023-10-31T02:59:36.933+0000][7][gc,heap     ] GC(22) Old regions: 20->20
[2023-10-31T02:59:36.933+0000][7][gc,heap     ] GC(22) Archive regions: 2->2
[2023-10-31T02:59:36.933+0000][7][gc,heap     ] GC(22) Humongous regions: 5->5
[2023-10-31T02:59:36.933+0000][7][gc,metaspace] GC(22) Metaspace: 112704K(114304K)->112704K(114304K) NonClass: 97266K(98176K)->97266K(98176K) Class: 15437K(16128K)->15437K(16128K)
[2023-10-31T02:59:36.933+0000][7][gc          ] GC(22) Pause Young (Normal) (G1 Evacuation Pause) 302M->115M(512M) 45.440ms
[2023-10-31T02:59:36.933+0000][7][gc,cpu      ] GC(22) User=0.08s Sys=0.00s Real=0.04s
[2023-10-31T02:59:36.933+0000][7][safepoint   ] Safepoint "G1CollectForAllocation", Time since last: 888375437 ns, Reaching safepoint: 184275 ns, At safepoint: 45593361 ns, Total: 45777636 ns
[2023-10-31T02:59:37.933+0000][7][safepoint   ] Safepoint "Cleanup", Time since last: 1000322323 ns, Reaching safepoint: 337410 ns, At safepoint: 31595 ns, Total: 369005 ns
[2023-10-31T02:59:38.934+0000][7][safepoint   ] Safepoint "Cleanup", Time since last: 1000483519 ns, Reaching safepoint: 448901 ns, At safepoint: 70267 ns, Total: 519168 ns
[2023-10-31T02:59:39.937+0000][7][safepoint   ] Safepoint "Cleanup", Time since last: 1002012767 ns, Reaching safepoint: 518475 ns, At safepoint: 74820 ns, Total: 593295 ns
[2023-10-31T02:59:40.938+0000][7][safepoint   ] Safepoint "Cleanup", Time since last: 1000330305 ns, Reaching safepoint: 179342 ns, At safepoint: 13517 ns, Total: 192859 ns
[2023-10-31T02:59:41.938+0000][7][safepoint   ] Safepoint "Cleanup", Time since last: 1000216348 ns, Reaching safepoint: 469592 ns, At safepoint: 15443 ns, Total: 485035 ns
[2023-10-31T02:59:42.942+0000][7][safepoint   ] Safepoint "Cleanup", Time since last: 1002421408 ns, Reaching safepoint: 814931 ns, At safepoint: 76376 ns, Total: 891307 ns
[2023-10-31T02:59:43.948+0000][7][safepoint   ] Safepoint "Cleanup", Time since last: 1005974290 ns, Reaching safepoint: 368635 ns, At safepoint: 32646 ns, Total: 401281 ns
[2023-10-31T02:59:44.948+0000][7][safepoint   ] Safepoint "Cleanup", Time since last: 1000287010 ns, Reaching safepoint: 218513 ns, At safepoint: 8512 ns, Total: 227025 ns
[2023-10-31T02:59:45.949+0000][7][safepoint   ] Safepoint "Cleanup", Time since last: 1000211878 ns, Reaching safepoint: 329565 ns, At safepoint: 7889 ns, Total: 337454 ns
[2023-10-31T02:59:47.416+0000][7][safepoint   ] Safepoint "Cleanup", Time since last: 1465594999 ns, Reaching safepoint: 1600416 ns, At safepoint: 111948 ns, Total: 1712364 ns
[2023-10-31T02:59:48.420+0000][7][safepoint   ] Safepoint "Cleanup", Time since last: 1002556918 ns, Reaching safepoint: 947154 ns, At safepoint: 111469 ns, Total: 1058623 ns
[2023-10-31T02:59:49.421+0000][7][safepoint   ] Safepoint "Cleanup", Time since last: 1000868732 ns, Reaching safepoint: 192759 ns, At safepoint: 6402 ns, Total: 199161 ns
[2023-10-31T02:59:50.421+0000][7][safepoint   ] Safepoint "Cleanup", Time since last: 1000218261 ns, Reaching safepoint: 138833 ns, At safepoint: 16737 ns, Total: 155570 ns
[2023-10-31T02:59:51.423+0000][7][safepoint   ] Safepoint "Cleanup", Time since last: 1000582069 ns, Reaching safepoint: 517167 ns, At safepoint: 21198 ns, Total: 538365 ns
[2023-10-31T02:59:52.893+0000][7][safepoint   ] Safepoint "Cleanup", Time since last: 1469821704 ns, Reaching safepoint: 831903 ns, At safepoint: 46805 ns, Total: 878708 ns
[2023-10-31T02:59:53.894+0000][7][safepoint   ] Safepoint "Cleanup", Time since last: 1000335948 ns, Reaching safepoint: 229667 ns, At safepoint: 12637 ns, Total: 242304 ns
[2023-10-31T02:59:54.896+0000][7][safepoint   ] Safepoint "Cleanup", Time since last: 1000367171 ns, Reaching safepoint: 2247644 ns, At safepoint: 27292 ns, Total: 2274936 ns
[2023-10-31T02:59:55.898+0000][7][safepoint   ] Safepoint "Cleanup", Time since last: 1000750187 ns, Reaching safepoint: 590307 ns, At safepoint: 99725 ns, Total: 690032 ns
[2023-10-31T02:59:56.899+0000][7][safepoint   ] Safepoint "Cleanup", Time since last: 1000424515 ns, Reaching safepoint: 185299 ns, At safepoint: 18456 ns, Total: 203755 ns
[2023-10-31T02:59:57.899+0000][7][safepoint   ] Safepoint "Cleanup", Time since last: 1000177000 ns, Reaching safepoint: 89846 ns, At safepoint: 7393 ns, Total: 97239 ns
[2023-10-31T02:59:58.901+0000][7][safepoint   ] Safepoint "Cleanup", Time since last: 1000219125 ns, Reaching safepoint: 1580150 ns, At safepoint: 57752 ns, Total: 1637902 ns
[2023-10-31T02:59:59.901+0000][7][safepoint   ] Safepoint "Cleanup", Time since last: 1000472324 ns, Reaching safepoint: 350317 ns, At safepoint: 21622 ns, Total: 371939 ns
[2023-10-31T03:00:00.912+0000][7][safepoint   ] Safepoint "Cleanup", Time since last: 1010312320 ns, Reaching safepoint: 205169 ns, At safepoint: 21895 ns, Total: 227064 ns
[2023-10-31T03:00:01.913+0000][7][safepoint   ] Safepoint "Cleanup", Time since last: 1000316443 ns, Reaching safepoint: 255617 ns, At safepoint: 20217 ns, Total: 275834 ns
[2023-10-31T03:00:02.913+0000][7][safepoint   ] Safepoint "Cleanup", Time since last: 1000243165 ns, Reaching safepoint: 389517 ns, At safepoint: 70198 ns, Total: 459715 ns
[2023-10-31T03:00:03.916+0000][7][safepoint   ] Safepoint "Cleanup", Time since last: 1000501457 ns, Reaching safepoint: 1734820 ns, At safepoint: 109614 ns, Total: 1844434 ns
[2023-10-31T03:00:04.917+0000][7][safepoint   ] Safepoint "Cleanup", Time since last: 1000396871 ns, Reaching safepoint: 959521 ns, At safepoint: 166815 ns, Total: 1126336 ns
[2023-10-31T03:00:05.920+0000][7][safepoint   ] Safepoint "Cleanup", Time since last: 1001858803 ns, Reaching safepoint: 662363 ns, At safepoint: 53256 ns, Total: 715619 ns
[2023-10-31T03:00:06.530+0000][7][gc,start    ] GC(23) Pause Young (Normal) (G1 Evacuation Pause)
[2023-10-31T03:00:06.530+0000][7][gc,task     ] GC(23) Using 8 workers of 8 for evacuation
[2023-10-31T03:00:06.530+0000][7][gc,age      ] GC(23) Desired survivor size 18874368 bytes, new threshold 15 (max threshold 15)
[2023-10-31T03:00:06.605+0000][7][gc,age      ] GC(23) Age table with threshold 15 (max threshold 15)
[2023-10-31T03:00:06.606+0000][7][gc,age      ] GC(23) - age   1:    1015784 bytes,    1015784 total
[2023-10-31T03:00:06.606+0000][7][gc,age      ] GC(23) - age   2:     600944 bytes,    1616728 total
[2023-10-31T03:00:06.607+0000][7][gc,age      ] GC(23) - age   3:    5341968 bytes,    6958696 total
[2023-10-31T03:00:06.607+0000][7][gc,age      ] GC(23) - age   4:    2991384 bytes,    9950080 total
[2023-10-31T03:00:06.607+0000][7][gc,age      ] GC(23) - age   5:    2192464 bytes,   12142544 total
[2023-10-31T03:00:06.607+0000][7][gc,age      ] GC(23) - age   6:      28600 bytes,   12171144 total
[2023-10-31T03:00:06.607+0000][7][gc,phases   ] GC(23)   Pre Evacuate Collection Set: 0.3ms
[2023-10-31T03:00:06.607+0000][7][gc,phases   ] GC(23)   Merge Heap Roots: 0.6ms
[2023-10-31T03:00:06.607+0000][7][gc,phases   ] GC(23)   Evacuate Collection Set: 72.1ms
[2023-10-31T03:00:06.607+0000][7][gc,phases   ] GC(23)   Post Evacuate Collection Set: 2.1ms
[2023-10-31T03:00:06.608+0000][7][gc,phases   ] GC(23)   Other: 2.7ms
[2023-10-31T03:00:06.608+0000][7][gc,heap     ] GC(23) Eden regions: 65->0(67)
[2023-10-31T03:00:06.608+0000][7][gc,heap     ] GC(23) Survivor regions: 4->4(9)
[2023-10-31T03:00:06.608+0000][7][gc,heap     ] GC(23) Old regions: 20->20
[2023-10-31T03:00:06.608+0000][7][gc,heap     ] GC(23) Archive regions: 2->2
[2023-10-31T03:00:06.608+0000][7][gc,heap     ] GC(23) Humongous regions: 5->5
[2023-10-31T03:00:06.608+0000][7][gc,metaspace] GC(23) Metaspace: 113182K(114816K)->113182K(114816K) NonClass: 97743K(98688K)->97743K(98688K) Class: 15439K(16128K)->15439K(16128K)
[2023-10-31T03:00:06.608+0000][7][gc          ] GC(23) Pause Young (Normal) (G1 Evacuation Pause) 375M->115M(512M) 78.222ms
[2023-10-31T03:00:06.608+0000][7][gc,cpu      ] GC(23) User=0.08s Sys=0.10s Real=0.08s
[2023-10-31T03:00:06.608+0000][7][safepoint   ] Safepoint "G1CollectForAllocation", Time since last: 609471602 ns, Reaching safepoint: 218533 ns, At safepoint: 78724550 ns, Total: 78943083 ns
[2023-10-31T03:00:07.609+0000][7][safepoint   ] Safepoint "Cleanup", Time since last: 1000368368 ns, Reaching safepoint: 237087 ns, At safepoint: 6570 ns, Total: 243657 ns
[2023-10-31T03:00:08.610+0000][7][safepoint   ] Safepoint "Cleanup", Time since last: 1000587895 ns, Reaching safepoint: 463852 ns, At safepoint: 20068 ns, Total: 483920 ns
[2023-10-31T03:00:09.611+0000][7][safepoint   ] Safepoint "Cleanup", Time since last: 1000286608 ns, Reaching safepoint: 342249 ns, At safepoint: 14009 ns, Total: 356258 ns
[2023-10-31T03:00:10.617+0000][7][safepoint   ] Safepoint "Cleanup", Time since last: 1005816416 ns, Reaching safepoint: 234463 ns, At safepoint: 12973 ns, Total: 247436 ns
[2023-10-31T03:00:11.617+0000][7][safepoint   ] Safepoint "Cleanup", Time since last: 1000181689 ns, Reaching safepoint: 87915 ns, At safepoint: 17015 ns, Total: 104930 ns
[2023-10-31T03:00:12.618+0000][7][safepoint   ] Safepoint "Cleanup", Time since last: 1000294581 ns, Reaching safepoint: 438464 ns, At safepoint: 98211 ns, Total: 536675 ns
[2023-10-31T03:00:13.621+0000][7][safepoint   ] Safepoint "Cleanup", Time since last: 1002636056 ns, Reaching safepoint: 294819 ns, At safepoint: 19662 ns, Total: 314481 ns
[2023-10-31T03:00:14.621+0000][7][safepoint   ] Safepoint "Cleanup", Time since last: 1000376441 ns, Reaching safepoint: 394374 ns, At safepoint: 19571 ns, Total: 413945 ns
[2023-10-31T03:00:15.622+0000][7][safepoint   ] Safepoint "Cleanup", Time since last: 1000426088 ns, Reaching safepoint: 555306 ns, At safepoint: 38086 ns, Total: 593392 ns
[2023-10-31T03:00:16.627+0000][7][safepoint   ] Safepoint "Cleanup", Time since last: 1003935806 ns, Reaching safepoint: 256886 ns, At safepoint: 28866 ns, Total: 285752 ns
[2023-10-31T03:00:17.627+0000][7][safepoint   ] Safepoint "Cleanup", Time since last: 1000523362 ns, Reaching safepoint: 234469 ns, At safepoint: 22306 ns, Total: 256775 ns
[2023-10-31T03:00:18.629+0000][7][safepoint   ] Safepoint "Cleanup", Time since last: 1000407937 ns, Reaching safepoint: 649890 ns, At safepoint: 62229 ns, Total: 712119 ns
[2023-10-31T03:00:19.630+0000][7][safepoint   ] Safepoint "Cleanup", Time since last: 1000434855 ns, Reaching safepoint: 624995 ns, At safepoint: 91674 ns, Total: 716669 ns
[2023-10-31T03:00:20.631+0000][7][safepoint   ] Safepoint "Cleanup", Time since last: 1000525424 ns, Reaching safepoint: 478468 ns, At safepoint: 38993 ns, Total: 517461 ns
[2023-10-31T03:00:21.632+0000][7][safepoint   ] Safepoint "Cleanup", Time since last: 1000463933 ns, Reaching safepoint: 485378 ns, At safepoint: 90190 ns, Total: 575568 ns
[2023-10-31T03:00:22.633+0000][7][safepoint   ] Safepoint "Cleanup", Time since last: 1001014044 ns, Reaching safepoint: 124698 ns, At safepoint: 8475 ns, Total: 133173 ns
[2023-10-31T03:00:23.634+0000][7][safepoint   ] Safepoint "Cleanup", Time since last: 1001021966 ns, Reaching safepoint: 129842 ns, At safepoint: 5013 ns, Total: 134855 ns
[2023-10-31T03:00:24.635+0000][7][safepoint   ] Safepoint "Cleanup", Time since last: 1000224669 ns, Reaching safepoint: 318501 ns, At safepoint: 11353 ns, Total: 329854 ns
[2023-10-31T03:00:25.787+0000][7][safepoint   ] Safepoint "Cleanup", Time since last: 1151648596 ns, Reaching safepoint: 236498 ns, At safepoint: 12833 ns, Total: 249331 ns
[2023-10-31T03:00:26.787+0000][7][safepoint   ] Safepoint "Cleanup", Time since last: 1000170902 ns, Reaching safepoint: 112385 ns, At safepoint: 8864 ns, Total: 121249 ns
[2023-10-31T03:00:27.788+0000][7][safepoint   ] Safepoint "Cleanup", Time since last: 1000368927 ns, Reaching safepoint: 388745 ns, At safepoint: 68897 ns, Total: 457642 ns
[2023-10-31T03:00:28.790+0000][7][safepoint   ] Safepoint "Cleanup", Time since last: 1001242363 ns, Reaching safepoint: 565519 ns, At safepoint: 55216 ns, Total: 620735 ns
[2023-10-31T03:00:29.791+0000][7][safepoint   ] Safepoint "Cleanup", Time since last: 1000554192 ns, Reaching safepoint: 560251 ns, At safepoint: 68698 ns, Total: 628949 ns
[2023-10-31T03:00:30.801+0000][7][safepoint   ] Safepoint "Cleanup", Time since last: 1000567163 ns, Reaching safepoint: 9245419 ns, At safepoint: 170091 ns, Total: 9415510 ns
[2023-10-31T03:00:31.803+0000][7][safepoint   ] Safepoint "Cleanup", Time since last: 1002104667 ns, Reaching safepoint: 251507 ns, At safepoint: 8212 ns, Total: 259719 ns
[2023-10-31T03:00:32.805+0000][7][safepoint   ] Safepoint "Cleanup", Time since last: 1002059568 ns, Reaching safepoint: 114606 ns, At safepoint: 5702 ns, Total: 120308 ns
[2023-10-31T03:00:33.806+0000][7][safepoint   ] Safepoint "Cleanup", Time since last: 1000342518 ns, Reaching safepoint: 296732 ns, At safepoint: 25335 ns, Total: 322067 ns
[2023-10-31T03:00:34.807+0000][7][safepoint   ] Safepoint "Cleanup", Time since last: 1000370579 ns, Reaching safepoint: 328918 ns, At safepoint: 18187 ns, Total: 347105 ns
[2023-10-31T03:00:35.808+0000][7][safepoint   ] Safepoint "Cleanup", Time since last: 1000661344 ns, Reaching safepoint: 722898 ns, At safepoint: 62945 ns, Total: 785843 ns
[2023-10-31T03:00:36.441+0000][7][gc,start    ] GC(24) Pause Young (Normal) (G1 Evacuation Pause)
[2023-10-31T03:00:36.442+0000][7][gc,task     ] GC(24) Using 8 workers of 8 for evacuation
[2023-10-31T03:00:36.442+0000][7][gc,age      ] GC(24) Desired survivor size 18874368 bytes, new threshold 15 (max threshold 15)
[2023-10-31T03:00:36.501+0000][7][gc,age      ] GC(24) Age table with threshold 15 (max threshold 15)
[2023-10-31T03:00:36.501+0000][7][gc,age      ] GC(24) - age   1:    1618288 bytes,    1618288 total
[2023-10-31T03:00:36.501+0000][7][gc,age      ] GC(24) - age   2:     472392 bytes,    2090680 total
[2023-10-31T03:00:36.501+0000][7][gc,age      ] GC(24) - age   3:     597856 bytes,    2688536 total
[2023-10-31T03:00:36.501+0000][7][gc,age      ] GC(24) - age   4:    5324464 bytes,    8013000 total
[2023-10-31T03:00:36.501+0000][7][gc,age      ] GC(24) - age   5:    2991384 bytes,   11004384 total
[2023-10-31T03:00:36.501+0000][7][gc,age      ] GC(24) - age   6:    2192464 bytes,   13196848 total
[2023-10-31T03:00:36.501+0000][7][gc,age      ] GC(24) - age   7:      28600 bytes,   13225448 total
[2023-10-31T03:00:36.501+0000][7][gc,phases   ] GC(24)   Pre Evacuate Collection Set: 0.8ms
[2023-10-31T03:00:36.501+0000][7][gc,phases   ] GC(24)   Merge Heap Roots: 0.8ms
[2023-10-31T03:00:36.501+0000][7][gc,phases   ] GC(24)   Evacuate Collection Set: 56.0ms
[2023-10-31T03:00:36.501+0000][7][gc,phases   ] GC(24)   Post Evacuate Collection Set: 1.6ms
[2023-10-31T03:00:36.501+0000][7][gc,phases   ] GC(24)   Other: 1.0ms
[2023-10-31T03:00:36.501+0000][7][gc,heap     ] GC(24) Eden regions: 67->0(69)
[2023-10-31T03:00:36.501+0000][7][gc,heap     ] GC(24) Survivor regions: 4->4(9)
[2023-10-31T03:00:36.501+0000][7][gc,heap     ] GC(24) Old regions: 20->20
[2023-10-31T03:00:36.501+0000][7][gc,heap     ] GC(24) Archive regions: 2->2
[2023-10-31T03:00:36.501+0000][7][gc,heap     ] GC(24) Humongous regions: 5->5
[2023-10-31T03:00:36.501+0000][7][gc,metaspace] GC(24) Metaspace: 113424K(115072K)->113424K(115072K) NonClass: 97983K(98944K)->97983K(98944K) Class: 15440K(16128K)->15440K(16128K)
[2023-10-31T03:00:36.502+0000][7][gc          ] GC(24) Pause Young (Normal) (G1 Evacuation Pause) 383M->116M(512M) 60.102ms
[2023-10-31T03:00:36.502+0000][7][gc,cpu      ] GC(24) User=0.06s Sys=0.01s Real=0.06s
[2023-10-31T03:00:36.502+0000][7][safepoint   ] Safepoint "G1CollectForAllocation", Time since last: 631928764 ns, Reaching safepoint: 1246899 ns, At safepoint: 60337349 ns, Total: 61584248 ns
[2023-10-31T03:00:37.503+0000][7][safepoint   ] Safepoint "Cleanup", Time since last: 1000174786 ns, Reaching safepoint: 651780 ns, At safepoint: 127303 ns, Total: 779083 ns
[2023-10-31T03:00:38.505+0000][7][safepoint   ] Safepoint "Cleanup", Time since last: 1001679019 ns, Reaching safepoint: 529987 ns, At safepoint: 76936 ns, Total: 606923 ns
[2023-10-31T03:00:39.508+0000][7][safepoint   ] Safepoint "Cleanup", Time since last: 1000422785 ns, Reaching safepoint: 2456969 ns, At safepoint: 42106 ns, Total: 2499075 ns
[2023-10-31T03:00:40.513+0000][7][safepoint   ] Safepoint "Cleanup", Time since last: 1001942996 ns, Reaching safepoint: 3011983 ns, At safepoint: 151649 ns, Total: 3163632 ns
[2023-10-31T03:00:41.531+0000][7][safepoint   ] Safepoint "Cleanup", Time since last: 1017510043 ns, Reaching safepoint: 135001 ns, At safepoint: 4608 ns, Total: 139609 ns
[2023-10-31T03:00:42.533+0000][7][safepoint   ] Safepoint "Cleanup", Time since last: 1002045121 ns, Reaching safepoint: 622227 ns, At safepoint: 84810 ns, Total: 707037 ns
[2023-10-31T03:00:43.534+0000][7][safepoint   ] Safepoint "Cleanup", Time since last: 1000719171 ns, Reaching safepoint: 476416 ns, At safepoint: 22889 ns, Total: 499305 ns
[2023-10-31T03:00:44.540+0000][7][safepoint   ] Safepoint "Cleanup", Time since last: 1005200761 ns, Reaching safepoint: 203268 ns, At safepoint: 12920 ns, Total: 216188 ns
[2023-10-31T03:00:45.544+0000][7][safepoint   ] Safepoint "Cleanup", Time since last: 1000296113 ns, Reaching safepoint: 3330820 ns, At safepoint: 19758 ns, Total: 3350578 ns
[2023-10-31T03:00:46.547+0000][7][safepoint   ] Safepoint "Cleanup", Time since last: 1002914377 ns, Reaching safepoint: 716090 ns, At safepoint: 59644 ns, Total: 775734 ns
[2023-10-31T03:00:47.549+0000][7][safepoint   ] Safepoint "Cleanup", Time since last: 1000848431 ns, Reaching safepoint: 512349 ns, At safepoint: 73451 ns, Total: 585800 ns
[2023-10-31T03:00:48.549+0000][7][safepoint   ] Safepoint "Cleanup", Time since last: 1000308442 ns, Reaching safepoint: 227335 ns, At safepoint: 15587 ns, Total: 242922 ns
[2023-10-31T03:00:49.550+0000][7][safepoint   ] Safepoint "Cleanup", Time since last: 1000207119 ns, Reaching safepoint: 266217 ns, At safepoint: 11618 ns, Total: 277835 ns
[2023-10-31T03:00:50.550+0000][7][safepoint   ] Safepoint "Cleanup", Time since last: 1000214353 ns, Reaching safepoint: 199581 ns, At safepoint: 29952 ns, Total: 229533 ns
[2023-10-31T03:00:51.551+0000][7][safepoint   ] Safepoint "Cleanup", Time since last: 1000515204 ns, Reaching safepoint: 340212 ns, At safepoint: 39711 ns, Total: 379923 ns
[2023-10-31T03:00:53.383+0000][7][safepoint   ] Safepoint "Cleanup", Time since last: 1831250177 ns, Reaching safepoint: 352498 ns, At safepoint: 11255 ns, Total: 363753 ns
[2023-10-31T03:00:54.383+0000][7][safepoint   ] Safepoint "Cleanup", Time since last: 1000216819 ns, Reaching safepoint: 444107 ns, At safepoint: 52481 ns, Total: 496588 ns
[2023-10-31T03:00:55.384+0000][7][safepoint   ] Safepoint "Cleanup", Time since last: 1000479169 ns, Reaching safepoint: 282444 ns, At safepoint: 68211 ns, Total: 350655 ns
[2023-10-31T03:00:56.387+0000][7][safepoint   ] Safepoint "Cleanup", Time since last: 1001619938 ns, Reaching safepoint: 911303 ns, At safepoint: 49977 ns, Total: 961280 ns
[2023-10-31T03:00:58.400+0000][7][safepoint   ] Safepoint "Cleanup", Time since last: 2006509363 ns, Reaching safepoint: 6826102 ns, At safepoint: 74044 ns, Total: 6900146 ns
[2023-10-31T03:00:59.401+0000][7][safepoint   ] Safepoint "Cleanup", Time since last: 1000363833 ns, Reaching safepoint: 469008 ns, At safepoint: 49341 ns, Total: 518349 ns
[2023-10-31T03:01:00.404+0000][7][safepoint   ] Safepoint "Cleanup", Time since last: 1002074223 ns, Reaching safepoint: 407125 ns, At safepoint: 42909 ns, Total: 450034 ns
[2023-10-31T03:01:01.620+0000][7][safepoint   ] Safepoint "Cleanup", Time since last: 1216114742 ns, Reaching safepoint: 177797 ns, At safepoint: 12541 ns, Total: 190338 ns
[2023-10-31T03:01:02.621+0000][7][safepoint   ] Safepoint "Cleanup", Time since last: 1000364566 ns, Reaching safepoint: 527287 ns, At safepoint: 60982 ns, Total: 588269 ns
[2023-10-31T03:01:03.622+0000][7][safepoint   ] Safepoint "Cleanup", Time since last: 1000445446 ns, Reaching safepoint: 503966 ns, At safepoint: 47148 ns, Total: 551114 ns
[2023-10-31T03:01:04.623+0000][7][safepoint   ] Safepoint "Cleanup", Time since last: 1000479261 ns, Reaching safepoint: 455215 ns, At safepoint: 30436 ns, Total: 485651 ns
[2023-10-31T03:01:05.624+0000][7][safepoint   ] Safepoint "Cleanup", Time since last: 1000497557 ns, Reaching safepoint: 886389 ns, At safepoint: 55268 ns, Total: 941657 ns
[2023-10-31T03:01:06.145+0000][7][gc,start    ] GC(25) Pause Young (Normal) (G1 Evacuation Pause)
[2023-10-31T03:01:06.145+0000][7][gc,task     ] GC(25) Using 8 workers of 8 for evacuation
[2023-10-31T03:01:06.146+0000][7][gc,age      ] GC(25) Desired survivor size 20971520 bytes, new threshold 15 (max threshold 15)
[2023-10-31T03:01:06.222+0000][7][gc,age      ] GC(25) Age table with threshold 15 (max threshold 15)
[2023-10-31T03:01:06.222+0000][7][gc,age      ] GC(25) - age   1:     779240 bytes,     779240 total
[2023-10-31T03:01:06.222+0000][7][gc,age      ] GC(25) - age   2:     484296 bytes,    1263536 total
[2023-10-31T03:01:06.222+0000][7][gc,age      ] GC(25) - age   3:     335096 bytes,    1598632 total
[2023-10-31T03:01:06.222+0000][7][gc,age      ] GC(25) - age   4:     597440 bytes,    2196072 total
[2023-10-31T03:01:06.222+0000][7][gc,age      ] GC(25) - age   5:    5324192 bytes,    7520264 total
[2023-10-31T03:01:06.222+0000][7][gc,age      ] GC(25) - age   6:    2991384 bytes,   10511648 total
[2023-10-31T03:01:06.222+0000][7][gc,age      ] GC(25) - age   7:    2192464 bytes,   12704112 total
[2023-10-31T03:01:06.222+0000][7][gc,age      ] GC(25) - age   8:      28600 bytes,   12732712 total
[2023-10-31T03:01:06.223+0000][7][gc,phases   ] GC(25)   Pre Evacuate Collection Set: 0.2ms
[2023-10-31T03:01:06.223+0000][7][gc,phases   ] GC(25)   Merge Heap Roots: 0.2ms
[2023-10-31T03:01:06.223+0000][7][gc,phases   ] GC(25)   Evacuate Collection Set: 70.8ms
[2023-10-31T03:01:06.223+0000][7][gc,phases   ] GC(25)   Post Evacuate Collection Set: 5.5ms
[2023-10-31T03:01:06.223+0000][7][gc,phases   ] GC(25)   Other: 0.9ms
[2023-10-31T03:01:06.223+0000][7][gc,heap     ] GC(25) Eden regions: 69->0(70)
[2023-10-31T03:01:06.223+0000][7][gc,heap     ] GC(25) Survivor regions: 4->4(10)
[2023-10-31T03:01:06.223+0000][7][gc,heap     ] GC(25) Old regions: 20->20
[2023-10-31T03:01:06.223+0000][7][gc,heap     ] GC(25) Archive regions: 2->2
[2023-10-31T03:01:06.223+0000][7][gc,heap     ] GC(25) Humongous regions: 5->5
[2023-10-31T03:01:06.223+0000][7][gc,metaspace] GC(25) Metaspace: 113661K(115264K)->113661K(115264K) NonClass: 98220K(99136K)->98220K(99136K) Class: 15441K(16128K)->15441K(16128K)
[2023-10-31T03:01:06.223+0000][7][gc          ] GC(25) Pause Young (Normal) (G1 Evacuation Pause) 392M->115M(512M) 77.810ms
[2023-10-31T03:01:06.223+0000][7][gc,cpu      ] GC(25) User=0.14s Sys=0.09s Real=0.08s
[2023-10-31T03:01:06.223+0000][7][safepoint   ] Safepoint "G1CollectForAllocation", Time since last: 520758104 ns, Reaching safepoint: 186099 ns, At safepoint: 78066332 ns, Total: 78252431 ns
[2023-10-31T03:01:07.228+0000][7][safepoint   ] Safepoint "Cleanup", Time since last: 1003542302 ns, Reaching safepoint: 1256570 ns, At safepoint: 28804 ns, Total: 1285374 ns
[2023-10-31T03:01:08.229+0000][7][safepoint   ] Safepoint "Cleanup", Time since last: 1000298568 ns, Reaching safepoint: 297532 ns, At safepoint: 36522 ns, Total: 334054 ns
[2023-10-31T03:01:10.232+0000][7][safepoint   ] Safepoint "Cleanup", Time since last: 2002214191 ns, Reaching safepoint: 1335424 ns, At safepoint: 116632 ns, Total: 1452056 ns
[2023-10-31T03:01:11.235+0000][7][safepoint   ] Safepoint "Cleanup", Time since last: 1002082952 ns, Reaching safepoint: 259292 ns, At safepoint: 25762 ns, Total: 285054 ns
[2023-10-31T03:01:12.236+0000][7][safepoint   ] Safepoint "Cleanup", Time since last: 1000416642 ns, Reaching safepoint: 407781 ns, At safepoint: 37734 ns, Total: 445515 ns
[2023-10-31T03:01:13.237+0000][7][safepoint   ] Safepoint "Cleanup", Time since last: 1000482083 ns, Reaching safepoint: 355188 ns, At safepoint: 50877 ns, Total: 406065 ns
[2023-10-31T03:01:15.239+0000][7][safepoint   ] Safepoint "Cleanup", Time since last: 2001911346 ns, Reaching safepoint: 310479 ns, At safepoint: 28795 ns, Total: 339274 ns
[2023-10-31T03:01:16.242+0000][7][safepoint   ] Safepoint "Cleanup", Time since last: 1003328028 ns, Reaching safepoint: 111044 ns, At safepoint: 10795 ns, Total: 121839 ns
[2023-10-31T03:01:17.243+0000][7][safepoint   ] Safepoint "Cleanup", Time since last: 1000400487 ns, Reaching safepoint: 742762 ns, At safepoint: 78043 ns, Total: 820805 ns
[2023-10-31T03:01:18.245+0000][7][safepoint   ] Safepoint "Cleanup", Time since last: 1000557775 ns, Reaching safepoint: 843648 ns, At safepoint: 153490 ns, Total: 997138 ns
[2023-10-31T03:01:19.250+0000][7][safepoint   ] Safepoint "Cleanup", Time since last: 1003399548 ns, Reaching safepoint: 1358963 ns, At safepoint: 55528 ns, Total: 1414491 ns
[2023-10-31T03:01:20.251+0000][7][safepoint   ] Safepoint "Cleanup", Time since last: 1000315612 ns, Reaching safepoint: 633629 ns, At safepoint: 81839 ns, Total: 715468 ns
[2023-10-31T03:01:21.256+0000][7][safepoint   ] Safepoint "Cleanup", Time since last: 1004480306 ns, Reaching safepoint: 372949 ns, At safepoint: 20308 ns, Total: 393257 ns
[2023-10-31T03:01:22.262+0000][7][safepoint   ] Safepoint "Cleanup", Time since last: 1005642880 ns, Reaching safepoint: 829633 ns, At safepoint: 79882 ns, Total: 909515 ns
[2023-10-31T03:01:23.263+0000][7][safepoint   ] Safepoint "Cleanup", Time since last: 1000398797 ns, Reaching safepoint: 343649 ns, At safepoint: 19836 ns, Total: 363485 ns
[2023-10-31T03:01:25.264+0000][7][safepoint   ] Safepoint "Cleanup", Time since last: 2000353835 ns, Reaching safepoint: 355579 ns, At safepoint: 31866 ns, Total: 387445 ns
[2023-10-31T03:01:26.264+0000][7][safepoint   ] Safepoint "Cleanup", Time since last: 1000263197 ns, Reaching safepoint: 153837 ns, At safepoint: 11305 ns, Total: 165142 ns
[2023-10-31T03:01:27.266+0000][7][safepoint   ] Safepoint "Cleanup", Time since last: 1001204593 ns, Reaching safepoint: 408118 ns, At safepoint: 128898 ns, Total: 537016 ns
[2023-10-31T03:01:28.273+0000][7][safepoint   ] Safepoint "Cleanup", Time since last: 1003261089 ns, Reaching safepoint: 2467243 ns, At safepoint: 1576955 ns, Total: 4044198 ns
[2023-10-31T03:01:29.275+0000][7][safepoint   ] Safepoint "Cleanup", Time since last: 1001010251 ns, Reaching safepoint: 137181 ns, At safepoint: 203114 ns, Total: 340295 ns
[2023-10-31T03:01:30.276+0000][7][safepoint   ] Safepoint "Cleanup", Time since last: 1000472257 ns, Reaching safepoint: 1317926 ns, At safepoint: 76983 ns, Total: 1394909 ns
[2023-10-31T03:01:31.278+0000][7][safepoint   ] Safepoint "Cleanup", Time since last: 1001569594 ns, Reaching safepoint: 391420 ns, At safepoint: 26002 ns, Total: 417422 ns
[2023-10-31T03:01:32.279+0000][7][safepoint   ] Safepoint "Cleanup", Time since last: 1000690507 ns, Reaching safepoint: 254735 ns, At safepoint: 27966 ns, Total: 282701 ns
[2023-10-31T03:01:33.280+0000][7][safepoint   ] Safepoint "Cleanup", Time since last: 1000332349 ns, Reaching safepoint: 284926 ns, At safepoint: 104436 ns, Total: 389362 ns
[2023-10-31T03:01:34.282+0000][7][safepoint   ] Safepoint "Cleanup", Time since last: 1000389416 ns, Reaching safepoint: 1734517 ns, At safepoint: 117502 ns, Total: 1852019 ns
[2023-10-31T03:01:35.283+0000][7][safepoint   ] Safepoint "Cleanup", Time since last: 1000371499 ns, Reaching safepoint: 182841 ns, At safepoint: 8954 ns, Total: 191795 ns
[2023-10-31T03:01:35.581+0000][7][gc,start    ] GC(26) Pause Young (Normal) (G1 Evacuation Pause)
[2023-10-31T03:01:35.581+0000][7][gc,task     ] GC(26) Using 8 workers of 8 for evacuation
[2023-10-31T03:01:35.581+0000][7][gc,age      ] GC(26) Desired survivor size 20971520 bytes, new threshold 15 (max threshold 15)
[2023-10-31T03:01:35.636+0000][7][gc,age      ] GC(26) Age table with threshold 15 (max threshold 15)
[2023-10-31T03:01:35.636+0000][7][gc,age      ] GC(26) - age   1:     999456 bytes,     999456 total
[2023-10-31T03:01:35.636+0000][7][gc,age      ] GC(26) - age   2:     372944 bytes,    1372400 total
[2023-10-31T03:01:35.636+0000][7][gc,age      ] GC(26) - age   3:     447448 bytes,    1819848 total
[2023-10-31T03:01:35.636+0000][7][gc,age      ] GC(26) - age   4:     318472 bytes,    2138320 total
[2023-10-31T03:01:35.636+0000][7][gc,age      ] GC(26) - age   5:     597304 bytes,    2735624 total
[2023-10-31T03:01:35.636+0000][7][gc,age      ] GC(26) - age   6:    5324128 bytes,    8059752 total
[2023-10-31T03:01:35.636+0000][7][gc,age      ] GC(26) - age   7:    2991384 bytes,   11051136 total
[2023-10-31T03:01:35.636+0000][7][gc,age      ] GC(26) - age   8:    2192464 bytes,   13243600 total
[2023-10-31T03:01:35.636+0000][7][gc,age      ] GC(26) - age   9:      28600 bytes,   13272200 total
[2023-10-31T03:01:35.636+0000][7][gc,phases   ] GC(26)   Pre Evacuate Collection Set: 0.3ms
[2023-10-31T03:01:35.636+0000][7][gc,phases   ] GC(26)   Merge Heap Roots: 0.3ms
[2023-10-31T03:01:35.636+0000][7][gc,phases   ] GC(26)   Evacuate Collection Set: 50.7ms
[2023-10-31T03:01:35.636+0000][7][gc,phases   ] GC(26)   Post Evacuate Collection Set: 3.1ms
[2023-10-31T03:01:35.636+0000][7][gc,phases   ] GC(26)   Other: 0.6ms
[2023-10-31T03:01:35.636+0000][7][gc,heap     ] GC(26) Eden regions: 70->0(71)
[2023-10-31T03:01:35.636+0000][7][gc,heap     ] GC(26) Survivor regions: 4->4(10)
[2023-10-31T03:01:35.636+0000][7][gc,heap     ] GC(26) Old regions: 20->20
[2023-10-31T03:01:35.636+0000][7][gc,heap     ] GC(26) Archive regions: 2->2
[2023-10-31T03:01:35.636+0000][7][gc,heap     ] GC(26) Humongous regions: 5->5
[2023-10-31T03:01:35.636+0000][7][gc,metaspace] GC(26) Metaspace: 113821K(115392K)->113821K(115392K) NonClass: 98379K(99264K)->98379K(99264K) Class: 15442K(16128K)->15442K(16128K)
[2023-10-31T03:01:35.636+0000][7][gc          ] GC(26) Pause Young (Normal) (G1 Evacuation Pause) 395M->116M(512M) 55.003ms
[2023-10-31T03:01:35.636+0000][7][gc,cpu      ] GC(26) User=0.08s Sys=0.05s Real=0.05s
[2023-10-31T03:01:35.636+0000][7][safepoint   ] Safepoint "G1CollectForAllocation", Time since last: 297557044 ns, Reaching safepoint: 279281 ns, At safepoint: 55229276 ns, Total: 55508557 ns
[2023-10-31T03:01:36.637+0000][7][safepoint   ] Safepoint "Cleanup", Time since last: 1000220434 ns, Reaching safepoint: 296255 ns, At safepoint: 23516 ns, Total: 319771 ns
[2023-10-31T03:01:37.638+0000][7][safepoint   ] Safepoint "Cleanup", Time since last: 1000914801 ns, Reaching safepoint: 359142 ns, At safepoint: 67439 ns, Total: 426581 ns
[2023-10-31T03:01:38.639+0000][7][safepoint   ] Safepoint "Cleanup", Time since last: 1000534378 ns, Reaching safepoint: 253475 ns, At safepoint: 30617 ns, Total: 284092 ns
[2023-10-31T03:01:40.640+0000][7][safepoint   ] Safepoint "Cleanup", Time since last: 2000461006 ns, Reaching safepoint: 425270 ns, At safepoint: 67800 ns, Total: 493070 ns
[2023-10-31T03:01:41.640+0000][7][safepoint   ] Safepoint "Cleanup", Time since last: 1000416965 ns, Reaching safepoint: 256710 ns, At safepoint: 20674 ns, Total: 277384 ns
[2023-10-31T03:01:42.641+0000][7][safepoint   ] Safepoint "Cleanup", Time since last: 1000397591 ns, Reaching safepoint: 151697 ns, At safepoint: 23735 ns, Total: 175432 ns
[2023-10-31T03:01:43.642+0000][7][safepoint   ] Safepoint "Cleanup", Time since last: 1000374118 ns, Reaching safepoint: 267787 ns, At safepoint: 27570 ns, Total: 295357 ns
[2023-10-31T03:01:45.643+0000][7][safepoint   ] Safepoint "Cleanup", Time since last: 2001773172 ns, Reaching safepoint: 91622 ns, At safepoint: 6114 ns, Total: 97736 ns
[2023-10-31T03:01:47.484+0000][7][safepoint   ] Safepoint "Cleanup", Time since last: 1839554701 ns, Reaching safepoint: 625542 ns, At safepoint: 50470 ns, Total: 676012 ns
[2023-10-31T03:01:48.485+0000][7][safepoint   ] Safepoint "Cleanup", Time since last: 1000448974 ns, Reaching safepoint: 491708 ns, At safepoint: 51013 ns, Total: 542721 ns
[2023-10-31T03:01:49.494+0000][7][safepoint   ] Safepoint "Cleanup", Time since last: 1008673648 ns, Reaching safepoint: 182215 ns, At safepoint: 14641 ns, Total: 196856 ns
[2023-10-31T03:01:50.494+0000][7][safepoint   ] Safepoint "Cleanup", Time since last: 1000233944 ns, Reaching safepoint: 221482 ns, At safepoint: 21144 ns, Total: 242626 ns
[2023-10-31T03:01:51.495+0000][7][safepoint   ] Safepoint "Cleanup", Time since last: 1000411846 ns, Reaching safepoint: 65275 ns, At safepoint: 5950 ns, Total: 71225 ns
[2023-10-31T03:01:52.507+0000][7][safepoint   ] Safepoint "Cleanup", Time since last: 1000208743 ns, Reaching safepoint: 11633127 ns, At safepoint: 210573 ns, Total: 11843700 ns
[2023-10-31T03:01:53.508+0000][7][safepoint   ] Safepoint "Cleanup", Time since last: 1000635961 ns, Reaching safepoint: 362451 ns, At safepoint: 38068 ns, Total: 400519 ns
[2023-10-31T03:01:54.509+0000][7][safepoint   ] Safepoint "Cleanup", Time since last: 1000807790 ns, Reaching safepoint: 168116 ns, At safepoint: 14496 ns, Total: 182612 ns
[2023-10-31T03:01:55.509+0000][7][safepoint   ] Safepoint "Cleanup", Time since last: 1000323940 ns, Reaching safepoint: 215863 ns, At safepoint: 21599 ns, Total: 237462 ns
[2023-10-31T03:01:56.510+0000][7][safepoint   ] Safepoint "Cleanup", Time since last: 1000391265 ns, Reaching safepoint: 84703 ns, At safepoint: 5994 ns, Total: 90697 ns
[2023-10-31T03:01:57.510+0000][7][safepoint   ] Safepoint "Cleanup", Time since last: 1000244683 ns, Reaching safepoint: 234022 ns, At safepoint: 23951 ns, Total: 257973 ns
[2023-10-31T03:01:58.510+0000][7][safepoint   ] Safepoint "Cleanup", Time since last: 1000238578 ns, Reaching safepoint: 88974 ns, At safepoint: 6573 ns, Total: 95547 ns
[2023-10-31T03:01:59.511+0000][7][safepoint   ] Safepoint "Cleanup", Time since last: 1000236439 ns, Reaching safepoint: 494697 ns, At safepoint: 46938 ns, Total: 541635 ns
[2023-10-31T03:02:00.512+0000][7][safepoint   ] Safepoint "Cleanup", Time since last: 1000459912 ns, Reaching safepoint: 309773 ns, At safepoint: 20910 ns, Total: 330683 ns
[2023-10-31T03:02:01.513+0000][7][safepoint   ] Safepoint "Cleanup", Time since last: 1000644559 ns, Reaching safepoint: 474881 ns, At safepoint: 17477 ns, Total: 492358 ns
[2023-10-31T03:02:02.514+0000][7][safepoint   ] Safepoint "Cleanup", Time since last: 1000767614 ns, Reaching safepoint: 402786 ns, At safepoint: 62606 ns, Total: 465392 ns
[2023-10-31T03:02:03.516+0000][7][safepoint   ] Safepoint "Cleanup", Time since last: 1000486606 ns, Reaching safepoint: 539928 ns, At safepoint: 49463 ns, Total: 589391 ns
[2023-10-31T03:02:03.764+0000][7][gc,start    ] GC(27) Pause Young (Normal) (G1 Evacuation Pause)
[2023-10-31T03:02:03.764+0000][7][gc,task     ] GC(27) Using 8 workers of 8 for evacuation
[2023-10-31T03:02:03.765+0000][7][gc,age      ] GC(27) Desired survivor size 20971520 bytes, new threshold 15 (max threshold 15)
[2023-10-31T03:02:03.815+0000][7][gc,age      ] GC(27) Age table with threshold 15 (max threshold 15)
[2023-10-31T03:02:03.815+0000][7][gc,age      ] GC(27) - age   1:    1012488 bytes,    1012488 total
[2023-10-31T03:02:03.815+0000][7][gc,age      ] GC(27) - age   2:     486840 bytes,    1499328 total
[2023-10-31T03:02:03.815+0000][7][gc,age      ] GC(27) - age   3:     235720 bytes,    1735048 total
[2023-10-31T03:02:03.815+0000][7][gc,age      ] GC(27) - age   4:     446616 bytes,    2181664 total
[2023-10-31T03:02:03.815+0000][7][gc,age      ] GC(27) - age   5:     318208 bytes,    2499872 total
[2023-10-31T03:02:03.815+0000][7][gc,age      ] GC(27) - age   6:     595752 bytes,    3095624 total
[2023-10-31T03:02:03.815+0000][7][gc,age      ] GC(27) - age   7:    5300344 bytes,    8395968 total
[2023-10-31T03:02:03.815+0000][7][gc,age      ] GC(27) - age   8:    2991384 bytes,   11387352 total
[2023-10-31T03:02:03.815+0000][7][gc,age      ] GC(27) - age   9:    2192464 bytes,   13579816 total
[2023-10-31T03:02:03.815+0000][7][gc,age      ] GC(27) - age  10:      28600 bytes,   13608416 total
[2023-10-31T03:02:03.815+0000][7][gc,phases   ] GC(27)   Pre Evacuate Collection Set: 0.6ms
[2023-10-31T03:02:03.815+0000][7][gc,phases   ] GC(27)   Merge Heap Roots: 0.7ms
[2023-10-31T03:02:03.815+0000][7][gc,phases   ] GC(27)   Evacuate Collection Set: 44.5ms
[2023-10-31T03:02:03.815+0000][7][gc,phases   ] GC(27)   Post Evacuate Collection Set: 4.3ms
[2023-10-31T03:02:03.816+0000][7][gc,phases   ] GC(27)   Other: 1.1ms
[2023-10-31T03:02:03.816+0000][7][gc,heap     ] GC(27) Eden regions: 71->0(72)
[2023-10-31T03:02:03.816+0000][7][gc,heap     ] GC(27) Survivor regions: 4->4(10)
[2023-10-31T03:02:03.816+0000][7][gc,heap     ] GC(27) Old regions: 20->20
[2023-10-31T03:02:03.816+0000][7][gc,heap     ] GC(27) Archive regions: 2->2
[2023-10-31T03:02:03.816+0000][7][gc,heap     ] GC(27) Humongous regions: 5->5
[2023-10-31T03:02:03.816+0000][7][gc,metaspace] GC(27) Metaspace: 113926K(115520K)->113926K(115520K) NonClass: 98483K(99392K)->98483K(99392K) Class: 15443K(16128K)->15443K(16128K)
[2023-10-31T03:02:03.816+0000][7][gc          ] GC(27) Pause Young (Normal) (G1 Evacuation Pause) 400M->116M(512M) 51.619ms
[2023-10-31T03:02:03.816+0000][7][gc,cpu      ] GC(27) User=0.09s Sys=0.05s Real=0.05s
[2023-10-31T03:02:03.817+0000][7][safepoint   ] Safepoint "G1CollectForAllocation", Time since last: 248179274 ns, Reaching safepoint: 279452 ns, At safepoint: 53474403 ns, Total: 53753855 ns
[2023-10-31T03:02:04.821+0000][7][safepoint   ] Safepoint "Cleanup", Time since last: 1002438331 ns, Reaching safepoint: 1032919 ns, At safepoint: 13539 ns, Total: 1046458 ns
[2023-10-31T03:02:05.822+0000][7][safepoint   ] Safepoint "Cleanup", Time since last: 1000283010 ns, Reaching safepoint: 353887 ns, At safepoint: 39417 ns, Total: 393304 ns
[2023-10-31T03:02:07.824+0000][7][safepoint   ] Safepoint "Cleanup", Time since last: 2001780918 ns, Reaching safepoint: 685512 ns, At safepoint: 55989 ns, Total: 741501 ns
[2023-10-31T03:02:08.826+0000][7][safepoint   ] Safepoint "Cleanup", Time since last: 1001001660 ns, Reaching safepoint: 514664 ns, At safepoint: 213277 ns, Total: 727941 ns
[2023-10-31T03:02:09.827+0000][7][safepoint   ] Safepoint "Cleanup", Time since last: 1000817749 ns, Reaching safepoint: 220984 ns, At safepoint: 29729 ns, Total: 250713 ns
[2023-10-31T03:02:10.832+0000][7][safepoint   ] Safepoint "Cleanup", Time since last: 1002527905 ns, Reaching safepoint: 2483109 ns, At safepoint: 34316 ns, Total: 2517425 ns
[2023-10-31T03:02:11.832+0000][7][safepoint   ] Safepoint "Cleanup", Time since last: 1000195777 ns, Reaching safepoint: 270002 ns, At safepoint: 27928 ns, Total: 297930 ns
[2023-10-31T03:02:12.833+0000][7][safepoint   ] Safepoint "Cleanup", Time since last: 1000500481 ns, Reaching safepoint: 91234 ns, At safepoint: 10313 ns, Total: 101547 ns
[2023-10-31T03:02:13.834+0000][7][safepoint   ] Safepoint "Cleanup", Time since last: 1000223063 ns, Reaching safepoint: 597061 ns, At safepoint: 64289 ns, Total: 661350 ns
[2023-10-31T03:02:14.839+0000][7][safepoint   ] Safepoint "Cleanup", Time since last: 1004567889 ns, Reaching safepoint: 334166 ns, At safepoint: 23204 ns, Total: 357370 ns
[2023-10-31T03:02:15.839+0000][7][safepoint   ] Safepoint "Cleanup", Time since last: 1000210870 ns, Reaching safepoint: 53427 ns, At safepoint: 6811 ns, Total: 60238 ns
[2023-10-31T03:02:16.841+0000][7][safepoint   ] Safepoint "Cleanup", Time since last: 1000229098 ns, Reaching safepoint: 1114199 ns, At safepoint: 46353 ns, Total: 1160552 ns
[2023-10-31T03:02:18.333+0000][7][safepoint   ] Safepoint "Cleanup", Time since last: 1492282637 ns, Reaching safepoint: 567843 ns, At safepoint: 76549 ns, Total: 644392 ns
[2023-10-31T03:02:19.716+0000][7][safepoint   ] Safepoint "Cleanup", Time since last: 1381765669 ns, Reaching safepoint: 439286 ns, At safepoint: 92817 ns, Total: 532103 ns
[2023-10-31T03:02:20.716+0000][7][safepoint   ] Safepoint "Cleanup", Time since last: 1000465357 ns, Reaching safepoint: 147587 ns, At safepoint: 5330 ns, Total: 152917 ns
[2023-10-31T03:02:21.717+0000][7][safepoint   ] Safepoint "Cleanup", Time since last: 1000296579 ns, Reaching safepoint: 231095 ns, At safepoint: 33163 ns, Total: 264258 ns
[2023-10-31T03:02:22.718+0000][7][safepoint   ] Safepoint "Cleanup", Time since last: 1000414244 ns, Reaching safepoint: 155791 ns, At safepoint: 27142 ns, Total: 182933 ns
[2023-10-31T03:02:23.719+0000][7][safepoint   ] Safepoint "Cleanup", Time since last: 1001296687 ns, Reaching safepoint: 436275 ns, At safepoint: 49408 ns, Total: 485683 ns
[2023-10-31T03:02:24.724+0000][7][safepoint   ] Safepoint "Cleanup", Time since last: 1004842576 ns, Reaching safepoint: 104227 ns, At safepoint: 8867 ns, Total: 113094 ns
[2023-10-31T03:02:25.725+0000][7][safepoint   ] Safepoint "Cleanup", Time since last: 1000151282 ns, Reaching safepoint: 84509 ns, At safepoint: 19852 ns, Total: 104361 ns
[2023-10-31T03:02:27.299+0000][7][safepoint   ] Safepoint "Cleanup", Time since last: 1574457493 ns, Reaching safepoint: 129683 ns, At safepoint: 36254 ns, Total: 165937 ns
[2023-10-31T03:02:28.300+0000][7][safepoint   ] Safepoint "Cleanup", Time since last: 1000534939 ns, Reaching safepoint: 542349 ns, At safepoint: 89707 ns, Total: 632056 ns
[2023-10-31T03:02:29.302+0000][7][safepoint   ] Safepoint "Cleanup", Time since last: 1001004832 ns, Reaching safepoint: 699883 ns, At safepoint: 74629 ns, Total: 774512 ns
[2023-10-31T03:02:30.303+0000][7][safepoint   ] Safepoint "Cleanup", Time since last: 1000317084 ns, Reaching safepoint: 246857 ns, At safepoint: 31511 ns, Total: 278368 ns
[2023-10-31T03:02:31.305+0000][7][safepoint   ] Safepoint "Cleanup", Time since last: 1000876153 ns, Reaching safepoint: 561539 ns, At safepoint: 356620 ns, Total: 918159 ns
[2023-10-31T03:02:31.537+0000][7][gc,start    ] GC(28) Pause Young (Normal) (G1 Evacuation Pause)
[2023-10-31T03:02:31.537+0000][7][gc,task     ] GC(28) Using 8 workers of 8 for evacuation
[2023-10-31T03:02:31.537+0000][7][gc,age      ] GC(28) Desired survivor size 20971520 bytes, new threshold 15 (max threshold 15)
[2023-10-31T03:02:31.583+0000][7][gc,age      ] GC(28) Age table with threshold 15 (max threshold 15)
[2023-10-31T03:02:31.584+0000][7][gc,age      ] GC(28) - age   1:    1409840 bytes,    1409840 total
[2023-10-31T03:02:31.584+0000][7][gc,age      ] GC(28) - age   2:     483856 bytes,    1893696 total
[2023-10-31T03:02:31.584+0000][7][gc,age      ] GC(28) - age   3:     484744 bytes,    2378440 total
[2023-10-31T03:02:31.584+0000][7][gc,age      ] GC(28) - age   4:     233312 bytes,    2611752 total
[2023-10-31T03:02:31.584+0000][7][gc,age      ] GC(28) - age   5:     445952 bytes,    3057704 total
[2023-10-31T03:02:31.584+0000][7][gc,age      ] GC(28) - age   6:     318072 bytes,    3375776 total
[2023-10-31T03:02:31.584+0000][7][gc,age      ] GC(28) - age   7:     595616 bytes,    3971392 total
[2023-10-31T03:02:31.584+0000][7][gc,age      ] GC(28) - age   8:    5300144 bytes,    9271536 total
[2023-10-31T03:02:31.584+0000][7][gc,age      ] GC(28) - age   9:    2991384 bytes,   12262920 total
[2023-10-31T03:02:31.584+0000][7][gc,age      ] GC(28) - age  10:    2192320 bytes,   14455240 total
[2023-10-31T03:02:31.584+0000][7][gc,age      ] GC(28) - age  11:      28600 bytes,   14483840 total
[2023-10-31T03:02:31.584+0000][7][gc,phases   ] GC(28)   Pre Evacuate Collection Set: 0.1ms
[2023-10-31T03:02:31.584+0000][7][gc,phases   ] GC(28)   Merge Heap Roots: 0.1ms
[2023-10-31T03:02:31.584+0000][7][gc,phases   ] GC(28)   Evacuate Collection Set: 39.6ms
[2023-10-31T03:02:31.584+0000][7][gc,phases   ] GC(28)   Post Evacuate Collection Set: 6.3ms
[2023-10-31T03:02:31.584+0000][7][gc,phases   ] GC(28)   Other: 0.5ms
[2023-10-31T03:02:31.584+0000][7][gc,heap     ] GC(28) Eden regions: 72->0(72)
[2023-10-31T03:02:31.584+0000][7][gc,heap     ] GC(28) Survivor regions: 4->4(10)
[2023-10-31T03:02:31.584+0000][7][gc,heap     ] GC(28) Old regions: 20->20
[2023-10-31T03:02:31.584+0000][7][gc,heap     ] GC(28) Archive regions: 2->2
[2023-10-31T03:02:31.584+0000][7][gc,heap     ] GC(28) Humongous regions: 5->5
[2023-10-31T03:02:31.584+0000][7][gc,metaspace] GC(28) Metaspace: 114154K(115776K)->114154K(115776K) NonClass: 98708K(99648K)->98708K(99648K) Class: 15445K(16128K)->15445K(16128K)
[2023-10-31T03:02:31.584+0000][7][gc          ] GC(28) Pause Young (Normal) (G1 Evacuation Pause) 404M->117M(512M) 46.645ms
[2023-10-31T03:02:31.584+0000][7][gc,cpu      ] GC(28) User=0.09s Sys=0.08s Real=0.04s
[2023-10-31T03:02:31.584+0000][7][safepoint   ] Safepoint "G1CollectForAllocation", Time since last: 232623475 ns, Reaching safepoint: 58804 ns, At safepoint: 46780116 ns, Total: 46838920 ns
[2023-10-31T03:02:32.585+0000][7][safepoint   ] Safepoint "Cleanup", Time since last: 1000214788 ns, Reaching safepoint: 320567 ns, At safepoint: 24413 ns, Total: 344980 ns
[2023-10-31T03:02:33.586+0000][7][safepoint   ] Safepoint "Cleanup", Time since last: 1000458152 ns, Reaching safepoint: 556518 ns, At safepoint: 40505 ns, Total: 597023 ns
[2023-10-31T03:02:34.587+0000][7][safepoint   ] Safepoint "Cleanup", Time since last: 1000628163 ns, Reaching safepoint: 361290 ns, At safepoint: 54586 ns, Total: 415876 ns
[2023-10-31T03:02:35.587+0000][7][safepoint   ] Safepoint "Cleanup", Time since last: 1000574503 ns, Reaching safepoint: 195581 ns, At safepoint: 8224 ns, Total: 203805 ns
[2023-10-31T03:02:36.588+0000][7][safepoint   ] Safepoint "Cleanup", Time since last: 1000295716 ns, Reaching safepoint: 339454 ns, At safepoint: 30770 ns, Total: 370224 ns
[2023-10-31T03:02:37.589+0000][7][safepoint   ] Safepoint "Cleanup", Time since last: 1000411699 ns, Reaching safepoint: 470864 ns, At safepoint: 130702 ns, Total: 601566 ns
[2023-10-31T03:02:38.590+0000][7][safepoint   ] Safepoint "Cleanup", Time since last: 1000749299 ns, Reaching safepoint: 423500 ns, At safepoint: 112167 ns, Total: 535667 ns
[2023-10-31T03:02:39.591+0000][7][safepoint   ] Safepoint "Cleanup", Time since last: 1000809271 ns, Reaching safepoint: 80523 ns, At safepoint: 8723 ns, Total: 89246 ns
[2023-10-31T03:02:40.592+0000][7][safepoint   ] Safepoint "Cleanup", Time since last: 1000292029 ns, Reaching safepoint: 300246 ns, At safepoint: 45659 ns, Total: 345905 ns
[2023-10-31T03:02:41.592+0000][7][safepoint   ] Safepoint "Cleanup", Time since last: 1000355726 ns, Reaching safepoint: 189082 ns, At safepoint: 18706 ns, Total: 207788 ns
[2023-10-31T03:02:42.594+0000][7][safepoint   ] Safepoint "Cleanup", Time since last: 1000576840 ns, Reaching safepoint: 529840 ns, At safepoint: 62079 ns, Total: 591919 ns
[2023-10-31T03:02:43.597+0000][7][safepoint   ] Safepoint "Cleanup", Time since last: 1002906923 ns, Reaching safepoint: 607017 ns, At safepoint: 58503 ns, Total: 665520 ns
[2023-10-31T03:02:44.598+0000][7][safepoint   ] Safepoint "Cleanup", Time since last: 1000626093 ns, Reaching safepoint: 254190 ns, At safepoint: 18955 ns, Total: 273145 ns
[2023-10-31T03:02:45.599+0000][7][safepoint   ] Safepoint "Cleanup", Time since last: 1000377364 ns, Reaching safepoint: 147424 ns, At safepoint: 16508 ns, Total: 163932 ns
[2023-10-31T03:02:46.599+0000][7][safepoint   ] Safepoint "Cleanup", Time since last: 1000226158 ns, Reaching safepoint: 123576 ns, At safepoint: 11063 ns, Total: 134639 ns
[2023-10-31T03:02:47.600+0000][7][safepoint   ] Safepoint "Cleanup", Time since last: 1000494544 ns, Reaching safepoint: 375185 ns, At safepoint: 108045 ns, Total: 483230 ns
[2023-10-31T03:02:48.601+0000][7][safepoint   ] Safepoint "Cleanup", Time since last: 1000568195 ns, Reaching safepoint: 319321 ns, At safepoint: 74249 ns, Total: 393570 ns
[2023-10-31T03:02:49.602+0000][7][safepoint   ] Safepoint "Cleanup", Time since last: 1000508599 ns, Reaching safepoint: 458314 ns, At safepoint: 86143 ns, Total: 544457 ns
[2023-10-31T03:02:50.603+0000][7][safepoint   ] Safepoint "Cleanup", Time since last: 1000309064 ns, Reaching safepoint: 268808 ns, At safepoint: 35809 ns, Total: 304617 ns
[2023-10-31T03:02:51.604+0000][7][safepoint   ] Safepoint "Cleanup", Time since last: 1000522979 ns, Reaching safepoint: 346518 ns, At safepoint: 39878 ns, Total: 386396 ns
[2023-10-31T03:02:52.604+0000][7][safepoint   ] Safepoint "Cleanup", Time since last: 1000422891 ns, Reaching safepoint: 202014 ns, At safepoint: 12347 ns, Total: 214361 ns
[2023-10-31T03:02:53.605+0000][7][safepoint   ] Safepoint "Cleanup", Time since last: 1000251475 ns, Reaching safepoint: 275515 ns, At safepoint: 73043 ns, Total: 348558 ns
[2023-10-31T03:02:54.605+0000][7][safepoint   ] Safepoint "Cleanup", Time since last: 1000449096 ns, Reaching safepoint: 92355 ns, At safepoint: 10839 ns, Total: 103194 ns
[2023-10-31T03:02:55.606+0000][7][safepoint   ] Safepoint "Cleanup", Time since last: 1000258890 ns, Reaching safepoint: 274382 ns, At safepoint: 29934 ns, Total: 304316 ns
[2023-10-31T03:02:56.607+0000][7][safepoint   ] Safepoint "Cleanup", Time since last: 1000448255 ns, Reaching safepoint: 163159 ns, At safepoint: 26285 ns, Total: 189444 ns
[2023-10-31T03:02:57.607+0000][7][safepoint   ] Safepoint "Cleanup", Time since last: 1000319249 ns, Reaching safepoint: 169475 ns, At safepoint: 22836 ns, Total: 192311 ns
[2023-10-31T03:02:58.608+0000][7][safepoint   ] Safepoint "Cleanup", Time since last: 1000346120 ns, Reaching safepoint: 342147 ns, At safepoint: 13734 ns, Total: 355881 ns
[2023-10-31T03:02:59.215+0000][7][gc,start    ] GC(29) Pause Young (Normal) (G1 Evacuation Pause)
[2023-10-31T03:02:59.215+0000][7][gc,task     ] GC(29) Using 8 workers of 8 for evacuation
[2023-10-31T03:02:59.215+0000][7][gc,age      ] GC(29) Desired survivor size 20971520 bytes, new threshold 15 (max threshold 15)
[2023-10-31T03:02:59.255+0000][7][gc,age      ] GC(29) Age table with threshold 15 (max threshold 15)
[2023-10-31T03:02:59.255+0000][7][gc,age      ] GC(29) - age   1:    1836408 bytes,    1836408 total
[2023-10-31T03:02:59.255+0000][7][gc,age      ] GC(29) - age   2:     415864 bytes,    2252272 total
[2023-10-31T03:02:59.255+0000][7][gc,age      ] GC(29) - age   3:     441568 bytes,    2693840 total
[2023-10-31T03:02:59.255+0000][7][gc,age      ] GC(29) - age   4:     314976 bytes,    3008816 total
[2023-10-31T03:02:59.255+0000][7][gc,age      ] GC(29) - age   5:     233184 bytes,    3242000 total
[2023-10-31T03:02:59.255+0000][7][gc,age      ] GC(29) - age   6:     445888 bytes,    3687888 total
[2023-10-31T03:02:59.255+0000][7][gc,age      ] GC(29) - age   7:     318072 bytes,    4005960 total
[2023-10-31T03:02:59.255+0000][7][gc,age      ] GC(29) - age   8:     595552 bytes,    4601512 total
[2023-10-31T03:02:59.255+0000][7][gc,age      ] GC(29) - age   9:    5300144 bytes,    9901656 total
[2023-10-31T03:02:59.255+0000][7][gc,age      ] GC(29) - age  10:    2991384 bytes,   12893040 total
[2023-10-31T03:02:59.255+0000][7][gc,age      ] GC(29) - age  11:    2192232 bytes,   15085272 total
[2023-10-31T03:02:59.255+0000][7][gc,age      ] GC(29) - age  12:      28600 bytes,   15113872 total
[2023-10-31T03:02:59.256+0000][7][gc,phases   ] GC(29)   Pre Evacuate Collection Set: 0.4ms
[2023-10-31T03:02:59.256+0000][7][gc,phases   ] GC(29)   Merge Heap Roots: 0.1ms
[2023-10-31T03:02:59.256+0000][7][gc,phases   ] GC(29)   Evacuate Collection Set: 32.2ms
[2023-10-31T03:02:59.256+0000][7][gc,phases   ] GC(29)   Post Evacuate Collection Set: 7.0ms
[2023-10-31T03:02:59.256+0000][7][gc,phases   ] GC(29)   Other: 1.2ms
[2023-10-31T03:02:59.256+0000][7][gc,heap     ] GC(29) Eden regions: 72->0(72)
[2023-10-31T03:02:59.256+0000][7][gc,heap     ] GC(29) Survivor regions: 4->4(10)
[2023-10-31T03:02:59.256+0000][7][gc,heap     ] GC(29) Old regions: 20->20
[2023-10-31T03:02:59.256+0000][7][gc,heap     ] GC(29) Archive regions: 2->2
[2023-10-31T03:02:59.256+0000][7][gc,heap     ] GC(29) Humongous regions: 5->5
[2023-10-31T03:02:59.256+0000][7][gc,metaspace] GC(29) Metaspace: 114263K(115840K)->114263K(115840K) NonClass: 98817K(99712K)->98817K(99712K) Class: 15446K(16128K)->15446K(16128K)
[2023-10-31T03:02:59.256+0000][7][gc          ] GC(29) Pause Young (Normal) (G1 Evacuation Pause) 405M->118M(512M) 41.118ms
[2023-10-31T03:02:59.256+0000][7][gc,cpu      ] GC(29) User=0.14s Sys=0.03s Real=0.05s
[2023-10-31T03:02:59.257+0000][7][safepoint   ] Safepoint "G1CollectForAllocation", Time since last: 607002370 ns, Reaching safepoint: 144327 ns, At safepoint: 41918460 ns, Total: 42062787 ns
[2023-10-31T03:03:01.258+0000][7][safepoint   ] Safepoint "Cleanup", Time since last: 2000472651 ns, Reaching safepoint: 258320 ns, At safepoint: 39213 ns, Total: 297533 ns
[2023-10-31T03:03:03.259+0000][7][safepoint   ] Safepoint "Cleanup", Time since last: 2000871827 ns, Reaching safepoint: 379863 ns, At safepoint: 85521 ns, Total: 465384 ns
[2023-10-31T03:03:04.260+0000][7][safepoint   ] Safepoint "Cleanup", Time since last: 1000608474 ns, Reaching safepoint: 426708 ns, At safepoint: 82151 ns, Total: 508859 ns
[2023-10-31T03:03:05.261+0000][7][safepoint   ] Safepoint "Cleanup", Time since last: 1000480410 ns, Reaching safepoint: 361674 ns, At safepoint: 83366 ns, Total: 445040 ns
[2023-10-31T03:03:06.262+0000][7][safepoint   ] Safepoint "Cleanup", Time since last: 1000436641 ns, Reaching safepoint: 314180 ns, At safepoint: 117118 ns, Total: 431298 ns
[2023-10-31T03:03:07.262+0000][7][safepoint   ] Safepoint "Cleanup", Time since last: 1000363822 ns, Reaching safepoint: 129865 ns, At safepoint: 21910 ns, Total: 151775 ns
[2023-10-31T03:03:09.263+0000][7][safepoint   ] Safepoint "Cleanup", Time since last: 2000405872 ns, Reaching safepoint: 177453 ns, At safepoint: 34025 ns, Total: 211478 ns
[2023-10-31T03:03:10.264+0000][7][safepoint   ] Safepoint "Cleanup", Time since last: 1000397412 ns, Reaching safepoint: 316862 ns, At safepoint: 86950 ns, Total: 403812 ns
[2023-10-31T03:03:11.264+0000][7][safepoint   ] Safepoint "Cleanup", Time since last: 1000296947 ns, Reaching safepoint: 119112 ns, At safepoint: 17413 ns, Total: 136525 ns
[2023-10-31T03:03:12.265+0000][7][safepoint   ] Safepoint "Cleanup", Time since last: 1000314099 ns, Reaching safepoint: 241605 ns, At safepoint: 23798 ns, Total: 265403 ns
[2023-10-31T03:03:14.058+0000][7][safepoint   ] Safepoint "Cleanup", Time since last: 1793050311 ns, Reaching safepoint: 274614 ns, At safepoint: 17984 ns, Total: 292598 ns
[2023-10-31T03:03:16.059+0000][7][safepoint   ] Safepoint "Cleanup", Time since last: 2000471259 ns, Reaching safepoint: 668831 ns, At safepoint: 61641 ns, Total: 730472 ns
[2023-10-31T03:03:17.060+0000][7][safepoint   ] Safepoint "Cleanup", Time since last: 1000363517 ns, Reaching safepoint: 532336 ns, At safepoint: 47226 ns, Total: 579562 ns
[2023-10-31T03:03:18.061+0000][7][safepoint   ] Safepoint "Cleanup", Time since last: 1000462387 ns, Reaching safepoint: 316811 ns, At safepoint: 90765 ns, Total: 407576 ns
[2023-10-31T03:03:19.062+0000][7][safepoint   ] Safepoint "Cleanup", Time since last: 1000250923 ns, Reaching safepoint: 167545 ns, At safepoint: 18072 ns, Total: 185617 ns
[2023-10-31T03:03:21.063+0000][7][safepoint   ] Safepoint "Cleanup", Time since last: 2000682462 ns, Reaching safepoint: 585177 ns, At safepoint: 77226 ns, Total: 662403 ns
[2023-10-31T03:03:22.066+0000][7][safepoint   ] Safepoint "Cleanup", Time since last: 1002209214 ns, Reaching safepoint: 730821 ns, At safepoint: 130008 ns, Total: 860829 ns
[2023-10-31T03:03:22.736+0000][7][gc,start    ] GC(30) Pause Young (Normal) (G1 Evacuation Pause)
[2023-10-31T03:03:22.736+0000][7][gc,task     ] GC(30) Using 8 workers of 8 for evacuation
[2023-10-31T03:03:22.737+0000][7][gc,age      ] GC(30) Desired survivor size 20971520 bytes, new threshold 15 (max threshold 15)
[2023-10-31T03:03:22.777+0000][7][gc,age      ] GC(30) Age table with threshold 15 (max threshold 15)
[2023-10-31T03:03:22.778+0000][7][gc,age      ] GC(30) - age   1:    1735520 bytes,    1735520 total
[2023-10-31T03:03:22.778+0000][7][gc,age      ] GC(30) - age   2:     715104 bytes,    2450624 total
[2023-10-31T03:03:22.778+0000][7][gc,age      ] GC(30) - age   3:     252672 bytes,    2703296 total
[2023-10-31T03:03:22.778+0000][7][gc,age      ] GC(30) - age   4:     441184 bytes,    3144480 total
[2023-10-31T03:03:22.778+0000][7][gc,age      ] GC(30) - age   5:     314712 bytes,    3459192 total
[2023-10-31T03:03:22.778+0000][7][gc,age      ] GC(30) - age   6:     233184 bytes,    3692376 total
[2023-10-31T03:03:22.778+0000][7][gc,age      ] GC(30) - age   7:     443448 bytes,    4135824 total
[2023-10-31T03:03:22.778+0000][7][gc,age      ] GC(30) - age   8:     318072 bytes,    4453896 total
[2023-10-31T03:03:22.778+0000][7][gc,age      ] GC(30) - age   9:     489104 bytes,    4943000 total
[2023-10-31T03:03:22.778+0000][7][gc,age      ] GC(30) - age  10:    5299456 bytes,   10242456 total
[2023-10-31T03:03:22.778+0000][7][gc,age      ] GC(30) - age  11:    2991384 bytes,   13233840 total
[2023-10-31T03:03:22.778+0000][7][gc,age      ] GC(30) - age  12:    2192232 bytes,   15426072 total
[2023-10-31T03:03:22.778+0000][7][gc,age      ] GC(30) - age  13:      28600 bytes,   15454672 total
[2023-10-31T03:03:22.778+0000][7][gc,phases   ] GC(30)   Pre Evacuate Collection Set: 0.7ms
[2023-10-31T03:03:22.778+0000][7][gc,phases   ] GC(30)   Merge Heap Roots: 0.1ms
[2023-10-31T03:03:22.778+0000][7][gc,phases   ] GC(30)   Evacuate Collection Set: 38.5ms
[2023-10-31T03:03:22.778+0000][7][gc,phases   ] GC(30)   Post Evacuate Collection Set: 1.7ms
[2023-10-31T03:03:22.778+0000][7][gc,phases   ] GC(30)   Other: 0.9ms
[2023-10-31T03:03:22.778+0000][7][gc,heap     ] GC(30) Eden regions: 72->0(72)
[2023-10-31T03:03:22.778+0000][7][gc,heap     ] GC(30) Survivor regions: 4->4(10)
[2023-10-31T03:03:22.778+0000][7][gc,heap     ] GC(30) Old regions: 20->20
[2023-10-31T03:03:22.778+0000][7][gc,heap     ] GC(30) Archive regions: 2->2
[2023-10-31T03:03:22.778+0000][7][gc,heap     ] GC(30) Humongous regions: 5->5
[2023-10-31T03:03:22.778+0000][7][gc,metaspace] GC(30) Metaspace: 114372K(115968K)->114372K(115968K) NonClass: 98924K(99840K)->98924K(99840K) Class: 15447K(16128K)->15447K(16128K)
[2023-10-31T03:03:22.778+0000][7][gc          ] GC(30) Pause Young (Normal) (G1 Evacuation Pause) 406M->118M(512M) 41.904ms
[2023-10-31T03:03:22.778+0000][7][gc,cpu      ] GC(30) User=0.11s Sys=0.02s Real=0.05s
[2023-10-31T03:03:22.778+0000][7][safepoint   ] Safepoint "G1CollectForAllocation", Time since last: 669483726 ns, Reaching safepoint: 354417 ns, At safepoint: 42117740 ns, Total: 42472157 ns
[2023-10-31T03:03:23.778+0000][7][safepoint   ] Safepoint "Cleanup", Time since last: 1000170089 ns, Reaching safepoint: 207756 ns, At safepoint: 22873 ns, Total: 230629 ns
[2023-10-31T03:03:25.779+0000][7][safepoint   ] Safepoint "Cleanup", Time since last: 2000548782 ns, Reaching safepoint: 82484 ns, At safepoint: 18939 ns, Total: 101423 ns
[2023-10-31T03:03:26.779+0000][7][safepoint   ] Safepoint "Cleanup", Time since last: 1000195977 ns, Reaching safepoint: 93094 ns, At safepoint: 10953 ns, Total: 104047 ns
[2023-10-31T03:03:27.780+0000][7][safepoint   ] Safepoint "Cleanup", Time since last: 1000267276 ns, Reaching safepoint: 530859 ns, At safepoint: 45519 ns, Total: 576378 ns
[2023-10-31T03:03:28.781+0000][7][safepoint   ] Safepoint "Cleanup", Time since last: 1000572404 ns, Reaching safepoint: 347513 ns, At safepoint: 50746 ns, Total: 398259 ns
[2023-10-31T03:03:29.782+0000][7][safepoint   ] Safepoint "Cleanup", Time since last: 1000551284 ns, Reaching safepoint: 455445 ns, At safepoint: 90594 ns, Total: 546039 ns
[2023-10-31T03:03:30.783+0000][7][safepoint   ] Safepoint "Cleanup", Time since last: 1000414944 ns, Reaching safepoint: 164778 ns, At safepoint: 31395 ns, Total: 196173 ns
[2023-10-31T03:03:31.784+0000][7][safepoint   ] Safepoint "Cleanup", Time since last: 1000404496 ns, Reaching safepoint: 345704 ns, At safepoint: 105742 ns, Total: 451446 ns
[2023-10-31T03:03:32.785+0000][7][safepoint   ] Safepoint "Cleanup", Time since last: 1000503744 ns, Reaching safepoint: 449641 ns, At safepoint: 70922 ns, Total: 520563 ns
[2023-10-31T03:03:33.787+0000][7][safepoint   ] Safepoint "Cleanup", Time since last: 1002280887 ns, Reaching safepoint: 321906 ns, At safepoint: 34349 ns, Total: 356255 ns
[2023-10-31T03:03:34.788+0000][7][safepoint   ] Safepoint "Cleanup", Time since last: 1000495315 ns, Reaching safepoint: 368913 ns, At safepoint: 46594 ns, Total: 415507 ns
[2023-10-31T03:03:35.789+0000][7][safepoint   ] Safepoint "Cleanup", Time since last: 1000416250 ns, Reaching safepoint: 88706 ns, At safepoint: 10029 ns, Total: 98735 ns
[2023-10-31T03:03:36.789+0000][7][safepoint   ] Safepoint "Cleanup", Time since last: 1000291557 ns, Reaching safepoint: 388721 ns, At safepoint: 46328 ns, Total: 435049 ns
[2023-10-31T03:03:37.790+0000][7][safepoint   ] Safepoint "Cleanup", Time since last: 1000508514 ns, Reaching safepoint: 313975 ns, At safepoint: 49318 ns, Total: 363293 ns
[2023-10-31T03:03:38.791+0000][7][safepoint   ] Safepoint "Cleanup", Time since last: 1000395175 ns, Reaching safepoint: 185468 ns, At safepoint: 14612 ns, Total: 200080 ns
[2023-10-31T03:03:40.792+0000][7][safepoint   ] Safepoint "Cleanup", Time since last: 2000652751 ns, Reaching safepoint: 396874 ns, At safepoint: 37331 ns, Total: 434205 ns
[2023-10-31T03:03:41.793+0000][7][safepoint   ] Safepoint "Cleanup", Time since last: 1000513793 ns, Reaching safepoint: 431027 ns, At safepoint: 69926 ns, Total: 500953 ns
[2023-10-31T03:03:42.793+0000][7][safepoint   ] Safepoint "Cleanup", Time since last: 1000235343 ns, Reaching safepoint: 136654 ns, At safepoint: 14812 ns, Total: 151466 ns
[2023-10-31T03:03:43.794+0000][7][safepoint   ] Safepoint "Cleanup", Time since last: 1000325943 ns, Reaching safepoint: 287625 ns, At safepoint: 29306 ns, Total: 316931 ns
[2023-10-31T03:03:46.796+0000][7][safepoint   ] Safepoint "Cleanup", Time since last: 3000769524 ns, Reaching safepoint: 820171 ns, At safepoint: 91432 ns, Total: 911603 ns
[2023-10-31T03:03:48.127+0000][7][gc,start    ] GC(31) Pause Young (Normal) (G1 Evacuation Pause)
[2023-10-31T03:03:48.127+0000][7][gc,task     ] GC(31) Using 8 workers of 8 for evacuation
[2023-10-31T03:03:48.127+0000][7][gc,age      ] GC(31) Desired survivor size 20971520 bytes, new threshold 15 (max threshold 15)
[2023-10-31T03:03:48.164+0000][7][gc,age      ] GC(31) Age table with threshold 15 (max threshold 15)
[2023-10-31T03:03:48.164+0000][7][gc,age      ] GC(31) - age   1:    1943664 bytes,    1943664 total
[2023-10-31T03:03:48.164+0000][7][gc,age      ] GC(31) - age   2:     595424 bytes,    2539088 total
[2023-10-31T03:03:48.164+0000][7][gc,age      ] GC(31) - age   3:     455328 bytes,    2994416 total
[2023-10-31T03:03:48.164+0000][7][gc,age      ] GC(31) - age   4:     252056 bytes,    3246472 total
[2023-10-31T03:03:48.164+0000][7][gc,age      ] GC(31) - age   5:     375632 bytes,    3622104 total
[2023-10-31T03:03:48.164+0000][7][gc,age      ] GC(31) - age   6:     281296 bytes,    3903400 total
[2023-10-31T03:03:48.164+0000][7][gc,age      ] GC(31) - age   7:     233120 bytes,    4136520 total
[2023-10-31T03:03:48.164+0000][7][gc,age      ] GC(31) - age   8:     443448 bytes,    4579968 total
[2023-10-31T03:03:48.164+0000][7][gc,age      ] GC(31) - age   9:     317936 bytes,    4897904 total
[2023-10-31T03:03:48.164+0000][7][gc,age      ] GC(31) - age  10:     489104 bytes,    5387008 total
[2023-10-31T03:03:48.164+0000][7][gc,age      ] GC(31) - age  11:    5298712 bytes,   10685720 total
[2023-10-31T03:03:48.164+0000][7][gc,age      ] GC(31) - age  12:    2973552 bytes,   13659272 total
[2023-10-31T03:03:48.164+0000][7][gc,age      ] GC(31) - age  13:    2192192 bytes,   15851464 total
[2023-10-31T03:03:48.164+0000][7][gc,age      ] GC(31) - age  14:      28600 bytes,   15880064 total
[2023-10-31T03:03:48.164+0000][7][gc,phases   ] GC(31)   Pre Evacuate Collection Set: 0.2ms
[2023-10-31T03:03:48.164+0000][7][gc,phases   ] GC(31)   Merge Heap Roots: 0.1ms
[2023-10-31T03:03:48.164+0000][7][gc,phases   ] GC(31)   Evacuate Collection Set: 33.2ms
[2023-10-31T03:03:48.164+0000][7][gc,phases   ] GC(31)   Post Evacuate Collection Set: 2.8ms
[2023-10-31T03:03:48.164+0000][7][gc,phases   ] GC(31)   Other: 0.6ms
[2023-10-31T03:03:48.164+0000][7][gc,heap     ] GC(31) Eden regions: 72->0(71)
[2023-10-31T03:03:48.164+0000][7][gc,heap     ] GC(31) Survivor regions: 4->5(10)
[2023-10-31T03:03:48.164+0000][7][gc,heap     ] GC(31) Old regions: 20->20
[2023-10-31T03:03:48.164+0000][7][gc,heap     ] GC(31) Archive regions: 2->2
[2023-10-31T03:03:48.164+0000][7][gc,heap     ] GC(31) Humongous regions: 5->5
[2023-10-31T03:03:48.164+0000][7][gc,metaspace] GC(31) Metaspace: 114487K(116032K)->114487K(116032K) NonClass: 99035K(99904K)->99035K(99904K) Class: 15451K(16128K)->15451K(16128K)
[2023-10-31T03:03:48.164+0000][7][gc          ] GC(31) Pause Young (Normal) (G1 Evacuation Pause) 406M->120M(512M) 36.945ms
[2023-10-31T03:03:48.164+0000][7][gc,cpu      ] GC(31) User=0.10s Sys=0.01s Real=0.03s
[2023-10-31T03:03:48.164+0000][7][safepoint   ] Safepoint "G1CollectForAllocation", Time since last: 1331004505 ns, Reaching safepoint: 147314 ns, At safepoint: 37149740 ns, Total: 37297054 ns
[2023-10-31T03:03:49.165+0000][7][safepoint   ] Safepoint "Cleanup", Time since last: 1000164452 ns, Reaching safepoint: 247109 ns, At safepoint: 48434 ns, Total: 295543 ns
[2023-10-31T03:03:50.165+0000][7][safepoint   ] Safepoint "Cleanup", Time since last: 1000371427 ns, Reaching safepoint: 139931 ns, At safepoint: 20300 ns, Total: 160231 ns
[2023-10-31T03:03:51.165+0000][7][safepoint   ] Safepoint "Cleanup", Time since last: 1000311992 ns, Reaching safepoint: 138808 ns, At safepoint: 15733 ns, Total: 154541 ns
[2023-10-31T03:03:52.166+0000][7][safepoint   ] Safepoint "Cleanup", Time since last: 1000180078 ns, Reaching safepoint: 245024 ns, At safepoint: 15425 ns, Total: 260449 ns
[2023-10-31T03:03:53.167+0000][7][safepoint   ] Safepoint "Cleanup", Time since last: 1000464111 ns, Reaching safepoint: 348219 ns, At safepoint: 71584 ns, Total: 419803 ns
[2023-10-31T03:03:54.167+0000][7][safepoint   ] Safepoint "Cleanup", Time since last: 1000465537 ns, Reaching safepoint: 119148 ns, At safepoint: 10454 ns, Total: 129602 ns
[2023-10-31T03:03:55.168+0000][7][safepoint   ] Safepoint "Cleanup", Time since last: 1000507963 ns, Reaching safepoint: 138894 ns, At safepoint: 34436 ns, Total: 173330 ns
[2023-10-31T03:03:56.169+0000][7][safepoint   ] Safepoint "Cleanup", Time since last: 1000297330 ns, Reaching safepoint: 284783 ns, At safepoint: 47407 ns, Total: 332190 ns
[2023-10-31T03:03:58.170+0000][7][safepoint   ] Safepoint "Cleanup", Time since last: 2000689954 ns, Reaching safepoint: 185411 ns, At safepoint: 17149 ns, Total: 202560 ns
[2023-10-31T03:03:59.170+0000][7][safepoint   ] Safepoint "Cleanup", Time since last: 1000192908 ns, Reaching safepoint: 280280 ns, At safepoint: 77774 ns, Total: 358054 ns
[2023-10-31T03:04:00.171+0000][7][safepoint   ] Safepoint "Cleanup", Time since last: 1000562979 ns, Reaching safepoint: 306532 ns, At safepoint: 52463 ns, Total: 358995 ns
[2023-10-31T03:04:01.172+0000][7][safepoint   ] Safepoint "Cleanup", Time since last: 1000343014 ns, Reaching safepoint: 626097 ns, At safepoint: 56796 ns, Total: 682893 ns
[2023-10-31T03:04:04.173+0000][7][safepoint   ] Safepoint "Cleanup", Time since last: 3000641052 ns, Reaching safepoint: 291101 ns, At safepoint: 75362 ns, Total: 366463 ns
[2023-10-31T03:04:05.174+0000][7][safepoint   ] Safepoint "Cleanup", Time since last: 1000528060 ns, Reaching safepoint: 347385 ns, At safepoint: 91401 ns, Total: 438786 ns
[2023-10-31T03:04:06.175+0000][7][safepoint   ] Safepoint "Cleanup", Time since last: 1000413735 ns, Reaching safepoint: 226174 ns, At safepoint: 16327 ns, Total: 242501 ns
[2023-10-31T03:04:07.176+0000][7][safepoint   ] Safepoint "Cleanup", Time since last: 1000320425 ns, Reaching safepoint: 661468 ns, At safepoint: 59337 ns, Total: 720805 ns
[2023-10-31T03:04:08.176+0000][7][safepoint   ] Safepoint "Cleanup", Time since last: 1000488982 ns, Reaching safepoint: 101994 ns, At safepoint: 12357 ns, Total: 114351 ns
[2023-10-31T03:04:09.177+0000][7][safepoint   ] Safepoint "Cleanup", Time since last: 1000313435 ns, Reaching safepoint: 210158 ns, At safepoint: 23876 ns, Total: 234034 ns
[2023-10-31T03:04:10.178+0000][7][safepoint   ] Safepoint "Cleanup", Time since last: 1000454551 ns, Reaching safepoint: 288725 ns, At safepoint: 29461 ns, Total: 318186 ns
[2023-10-31T03:04:10.330+0000][7][gc,start    ] GC(32) Pause Young (Normal) (G1 Evacuation Pause)
[2023-10-31T03:04:10.331+0000][7][gc,task     ] GC(32) Using 8 workers of 8 for evacuation
[2023-10-31T03:04:10.331+0000][7][gc,age      ] GC(32) Desired survivor size 20971520 bytes, new threshold 15 (max threshold 15)
[2023-10-31T03:04:10.361+0000][7][gc,age      ] GC(32) Age table with threshold 15 (max threshold 15)
[2023-10-31T03:04:10.361+0000][7][gc,age      ] GC(32) - age   1:    2138560 bytes,    2138560 total
[2023-10-31T03:04:10.361+0000][7][gc,age      ] GC(32) - age   2:     805928 bytes,    2944488 total
[2023-10-31T03:04:10.361+0000][7][gc,age      ] GC(32) - age   3:     404920 bytes,    3349408 total
[2023-10-31T03:04:10.361+0000][7][gc,age      ] GC(32) - age   4:     446536 bytes,    3795944 total
[2023-10-31T03:04:10.361+0000][7][gc,age      ] GC(32) - age   5:     252056 bytes,    4048000 total
[2023-10-31T03:04:10.361+0000][7][gc,age      ] GC(32) - age   6:     375632 bytes,    4423632 total
[2023-10-31T03:04:10.361+0000][7][gc,age      ] GC(32) - age   7:     281160 bytes,    4704792 total
[2023-10-31T03:04:10.361+0000][7][gc,age      ] GC(32) - age   8:     233120 bytes,    4937912 total
[2023-10-31T03:04:10.361+0000][7][gc,age      ] GC(32) - age   9:     443448 bytes,    5381360 total
[2023-10-31T03:04:10.361+0000][7][gc,age      ] GC(32) - age  10:     317936 bytes,    5699296 total
[2023-10-31T03:04:10.361+0000][7][gc,age      ] GC(32) - age  11:     489104 bytes,    6188400 total
[2023-10-31T03:04:10.361+0000][7][gc,age      ] GC(32) - age  12:    4792960 bytes,   10981360 total
[2023-10-31T03:04:10.361+0000][7][gc,age      ] GC(32) - age  13:    2973520 bytes,   13954880 total
[2023-10-31T03:04:10.361+0000][7][gc,age      ] GC(32) - age  14:    1404240 bytes,   15359120 total
[2023-10-31T03:04:10.361+0000][7][gc,age      ] GC(32) - age  15:      27080 bytes,   15386200 total
[2023-10-31T03:04:10.361+0000][7][gc,phases   ] GC(32)   Pre Evacuate Collection Set: 0.5ms
[2023-10-31T03:04:10.361+0000][7][gc,phases   ] GC(32)   Merge Heap Roots: 0.3ms
[2023-10-31T03:04:10.362+0000][7][gc,phases   ] GC(32)   Evacuate Collection Set: 24.6ms
[2023-10-31T03:04:10.362+0000][7][gc,phases   ] GC(32)   Post Evacuate Collection Set: 4.4ms
[2023-10-31T03:04:10.362+0000][7][gc,phases   ] GC(32)   Other: 1.2ms
[2023-10-31T03:04:10.362+0000][7][gc,heap     ] GC(32) Eden regions: 71->0(72)
[2023-10-31T03:04:10.362+0000][7][gc,heap     ] GC(32) Survivor regions: 5->4(10)
[2023-10-31T03:04:10.362+0000][7][gc,heap     ] GC(32) Old regions: 20->20
[2023-10-31T03:04:10.362+0000][7][gc,heap     ] GC(32) Archive regions: 2->2
[2023-10-31T03:04:10.362+0000][7][gc,heap     ] GC(32) Humongous regions: 5->5
[2023-10-31T03:04:10.362+0000][7][gc,metaspace] GC(32) Metaspace: 114597K(116224K)->114597K(116224K) NonClass: 99144K(100096K)->99144K(100096K) Class: 15452K(16128K)->15452K(16128K)
[2023-10-31T03:04:10.362+0000][7][gc          ] GC(32) Pause Young (Normal) (G1 Evacuation Pause) 404M->118M(512M) 31.510ms
[2023-10-31T03:04:10.362+0000][7][gc,cpu      ] GC(32) User=0.13s Sys=0.00s Real=0.03s
[2023-10-31T03:04:10.362+0000][7][safepoint   ] Safepoint "G1CollectForAllocation", Time since last: 152433377 ns, Reaching safepoint: 135481 ns, At safepoint: 32075644 ns, Total: 32211125 ns
[2023-10-31T03:04:11.363+0000][7][safepoint   ] Safepoint "Cleanup", Time since last: 1000631010 ns, Reaching safepoint: 383747 ns, At safepoint: 48161 ns, Total: 431908 ns
[2023-10-31T03:04:12.364+0000][7][safepoint   ] Safepoint "Cleanup", Time since last: 1000293782 ns, Reaching safepoint: 124502 ns, At safepoint: 11982 ns, Total: 136484 ns
[2023-10-31T03:04:13.364+0000][7][safepoint   ] Safepoint "Cleanup", Time since last: 1000136743 ns, Reaching safepoint: 114974 ns, At safepoint: 8585 ns, Total: 123559 ns
[2023-10-31T03:04:16.178+0000][7][safepoint   ] Safepoint "Cleanup", Time since last: 2813937304 ns, Reaching safepoint: 83324 ns, At safepoint: 7822 ns, Total: 91146 ns
[2023-10-31T03:04:17.179+0000][7][safepoint   ] Safepoint "Cleanup", Time since last: 1000188041 ns, Reaching safepoint: 171548 ns, At safepoint: 29263 ns, Total: 200811 ns
[2023-10-31T03:04:18.179+0000][7][safepoint   ] Safepoint "Cleanup", Time since last: 1000243416 ns, Reaching safepoint: 227391 ns, At safepoint: 57801 ns, Total: 285192 ns
[2023-10-31T03:04:19.183+0000][7][safepoint   ] Safepoint "Cleanup", Time since last: 1000689285 ns, Reaching safepoint: 3061902 ns, At safepoint: 201214 ns, Total: 3263116 ns
[2023-10-31T03:04:20.184+0000][7][safepoint   ] Safepoint "Cleanup", Time since last: 1000505824 ns, Reaching safepoint: 122763 ns, At safepoint: 15327 ns, Total: 138090 ns
[2023-10-31T03:04:21.184+0000][7][safepoint   ] Safepoint "Cleanup", Time since last: 1000183803 ns, Reaching safepoint: 137917 ns, At safepoint: 29754 ns, Total: 167671 ns
[2023-10-31T03:04:22.185+0000][7][safepoint   ] Safepoint "Cleanup", Time since last: 1000225199 ns, Reaching safepoint: 475466 ns, At safepoint: 85338 ns, Total: 560804 ns
[2023-10-31T03:04:23.185+0000][7][safepoint   ] Safepoint "Cleanup", Time since last: 1000358328 ns, Reaching safepoint: 94282 ns, At safepoint: 13487 ns, Total: 107769 ns
[2023-10-31T03:04:24.186+0000][7][safepoint   ] Safepoint "Cleanup", Time since last: 1000250134 ns, Reaching safepoint: 235830 ns, At safepoint: 22286 ns, Total: 258116 ns
[2023-10-31T03:04:25.187+0000][7][safepoint   ] Safepoint "Cleanup", Time since last: 1000340162 ns, Reaching safepoint: 427312 ns, At safepoint: 85225 ns, Total: 512537 ns
[2023-10-31T03:04:26.187+0000][7][safepoint   ] Safepoint "Cleanup", Time since last: 1000570396 ns, Reaching safepoint: 148196 ns, At safepoint: 13779 ns, Total: 161975 ns
[2023-10-31T03:04:27.188+0000][7][safepoint   ] Safepoint "Cleanup", Time since last: 1000344511 ns, Reaching safepoint: 106887 ns, At safepoint: 10548 ns, Total: 117435 ns
[2023-10-31T03:04:28.188+0000][7][safepoint   ] Safepoint "Cleanup", Time since last: 1000347590 ns, Reaching safepoint: 264231 ns, At safepoint: 38712 ns, Total: 302943 ns
[2023-10-31T03:04:29.189+0000][7][safepoint   ] Safepoint "Cleanup", Time since last: 1000384763 ns, Reaching safepoint: 97494 ns, At safepoint: 5771 ns, Total: 103265 ns
[2023-10-31T03:04:31.189+0000][7][safepoint   ] Safepoint "Cleanup", Time since last: 2000235959 ns, Reaching safepoint: 229770 ns, At safepoint: 29725 ns, Total: 259495 ns
[2023-10-31T03:04:32.527+0000][7][gc,start    ] GC(33) Pause Young (Normal) (G1 Evacuation Pause)
[2023-10-31T03:04:32.528+0000][7][gc,task     ] GC(33) Using 8 workers of 8 for evacuation
[2023-10-31T03:04:32.528+0000][7][gc,age      ] GC(33) Desired survivor size 20971520 bytes, new threshold 15 (max threshold 15)
[2023-10-31T03:04:32.559+0000][7][gc,age      ] GC(33) Age table with threshold 15 (max threshold 15)
[2023-10-31T03:04:32.559+0000][7][gc,age      ] GC(33) - age   1:    1699360 bytes,    1699360 total
[2023-10-31T03:04:32.559+0000][7][gc,age      ] GC(33) - age   2:     874096 bytes,    2573456 total
[2023-10-31T03:04:32.559+0000][7][gc,age      ] GC(33) - age   3:     497512 bytes,    3070968 total
[2023-10-31T03:04:32.559+0000][7][gc,age      ] GC(33) - age   4:     403648 bytes,    3474616 total
[2023-10-31T03:04:32.559+0000][7][gc,age      ] GC(33) - age   5:     445632 bytes,    3920248 total
[2023-10-31T03:04:32.559+0000][7][gc,age      ] GC(33) - age   6:     251464 bytes,    4171712 total
[2023-10-31T03:04:32.559+0000][7][gc,age      ] GC(33) - age   7:     375568 bytes,    4547280 total
[2023-10-31T03:04:32.559+0000][7][gc,age      ] GC(33) - age   8:     281160 bytes,    4828440 total
[2023-10-31T03:04:32.559+0000][7][gc,age      ] GC(33) - age   9:     233120 bytes,    5061560 total
[2023-10-31T03:04:32.559+0000][7][gc,age      ] GC(33) - age  10:     443448 bytes,    5505008 total
[2023-10-31T03:04:32.559+0000][7][gc,age      ] GC(33) - age  11:     317800 bytes,    5822808 total
[2023-10-31T03:04:32.559+0000][7][gc,age      ] GC(33) - age  12:     488968 bytes,    6311776 total
[2023-10-31T03:04:32.559+0000][7][gc,age      ] GC(33) - age  13:    4791088 bytes,   11102864 total
[2023-10-31T03:04:32.559+0000][7][gc,age      ] GC(33) - age  14:    2973384 bytes,   14076248 total
[2023-10-31T03:04:32.559+0000][7][gc,age      ] GC(33) - age  15:    1404240 bytes,   15480488 total
[2023-10-31T03:04:32.559+0000][7][gc,phases   ] GC(33)   Pre Evacuate Collection Set: 0.6ms
[2023-10-31T03:04:32.559+0000][7][gc,phases   ] GC(33)   Merge Heap Roots: 0.3ms
[2023-10-31T03:04:32.559+0000][7][gc,phases   ] GC(33)   Evacuate Collection Set: 28.8ms
[2023-10-31T03:04:32.559+0000][7][gc,phases   ] GC(33)   Post Evacuate Collection Set: 1.5ms
[2023-10-31T03:04:32.559+0000][7][gc,phases   ] GC(33)   Other: 1.0ms
[2023-10-31T03:04:32.559+0000][7][gc,heap     ] GC(33) Eden regions: 72->0(71)
[2023-10-31T03:04:32.559+0000][7][gc,heap     ] GC(33) Survivor regions: 4->5(10)
[2023-10-31T03:04:32.559+0000][7][gc,heap     ] GC(33) Old regions: 20->20
[2023-10-31T03:04:32.559+0000][7][gc,heap     ] GC(33) Archive regions: 2->2
[2023-10-31T03:04:32.559+0000][7][gc,heap     ] GC(33) Humongous regions: 5->5
[2023-10-31T03:04:32.559+0000][7][gc,metaspace] GC(33) Metaspace: 114731K(116352K)->114731K(116352K) NonClass: 99278K(100224K)->99278K(100224K) Class: 15452K(16128K)->15452K(16128K)
[2023-10-31T03:04:32.559+0000][7][gc          ] GC(33) Pause Young (Normal) (G1 Evacuation Pause) 406M->119M(512M) 31.973ms
[2023-10-31T03:04:32.559+0000][7][gc,cpu      ] GC(33) User=0.10s Sys=0.01s Real=0.03s
[2023-10-31T03:04:32.559+0000][7][safepoint   ] Safepoint "G1CollectForAllocation", Time since last: 1337445867 ns, Reaching safepoint: 228250 ns, At safepoint: 32216736 ns, Total: 32444986 ns
[2023-10-31T03:04:33.560+0000][7][safepoint   ] Safepoint "Cleanup", Time since last: 1000137166 ns, Reaching safepoint: 85698 ns, At safepoint: 57952 ns, Total: 143650 ns
[2023-10-31T03:04:34.560+0000][7][safepoint   ] Safepoint "Cleanup", Time since last: 1000346891 ns, Reaching safepoint: 248025 ns, At safepoint: 60281 ns, Total: 308306 ns
[2023-10-31T03:04:36.561+0000][7][safepoint   ] Safepoint "Cleanup", Time since last: 2000555634 ns, Reaching safepoint: 64289 ns, At safepoint: 6406 ns, Total: 70695 ns
[2023-10-31T03:04:37.562+0000][7][safepoint   ] Safepoint "Cleanup", Time since last: 1000397363 ns, Reaching safepoint: 255999 ns, At safepoint: 68822 ns, Total: 324821 ns
[2023-10-31T03:04:38.562+0000][7][safepoint   ] Safepoint "Cleanup", Time since last: 1000460050 ns, Reaching safepoint: 229718 ns, At safepoint: 47718 ns, Total: 277436 ns
[2023-10-31T03:04:40.563+0000][7][safepoint   ] Safepoint "Cleanup", Time since last: 2000597321 ns, Reaching safepoint: 131661 ns, At safepoint: 9641 ns, Total: 141302 ns
[2023-10-31T03:04:41.564+0000][7][safepoint   ] Safepoint "Cleanup", Time since last: 1000270064 ns, Reaching safepoint: 306240 ns, At safepoint: 48072 ns, Total: 354312 ns
[2023-10-31T03:04:43.565+0000][7][safepoint   ] Safepoint "Cleanup", Time since last: 2000545726 ns, Reaching safepoint: 320051 ns, At safepoint: 105077 ns, Total: 425128 ns
[2023-10-31T03:04:46.566+0000][7][safepoint   ] Safepoint "Cleanup", Time since last: 3000990094 ns, Reaching safepoint: 205135 ns, At safepoint: 22212 ns, Total: 227347 ns
[2023-10-31T03:04:48.567+0000][7][safepoint   ] Safepoint "Cleanup", Time since last: 2000668087 ns, Reaching safepoint: 142223 ns, At safepoint: 8108 ns, Total: 150331 ns
[2023-10-31T03:04:49.567+0000][7][safepoint   ] Safepoint "Cleanup", Time since last: 1000418873 ns, Reaching safepoint: 258912 ns, At safepoint: 57053 ns, Total: 315965 ns
[2023-10-31T03:04:51.568+0000][7][safepoint   ] Safepoint "Cleanup", Time since last: 2000627401 ns, Reaching safepoint: 363768 ns, At safepoint: 33210 ns, Total: 396978 ns
[2023-10-31T03:04:53.074+0000][7][safepoint   ] Safepoint "Cleanup", Time since last: 1504357200 ns, Reaching safepoint: 608238 ns, At safepoint: 94060 ns, Total: 702298 ns
[2023-10-31T03:04:54.074+0000][7][safepoint   ] Safepoint "Cleanup", Time since last: 1000452527 ns, Reaching safepoint: 128346 ns, At safepoint: 14848 ns, Total: 143194 ns
[2023-10-31T03:04:55.075+0000][7][safepoint   ] Safepoint "Cleanup", Time since last: 1000390691 ns, Reaching safepoint: 232268 ns, At safepoint: 66556 ns, Total: 298824 ns
[2023-10-31T03:04:56.076+0000][7][safepoint   ] Safepoint "Cleanup", Time since last: 1000525114 ns, Reaching safepoint: 246861 ns, At safepoint: 22034 ns, Total: 268895 ns
[2023-10-31T03:04:57.508+0000][7][gc,start    ] GC(34) Pause Young (Normal) (G1 Evacuation Pause)
[2023-10-31T03:04:57.508+0000][7][gc,task     ] GC(34) Using 8 workers of 8 for evacuation
[2023-10-31T03:04:57.509+0000][7][gc,age      ] GC(34) Desired survivor size 20971520 bytes, new threshold 15 (max threshold 15)
[2023-10-31T03:04:57.540+0000][7][gc,age      ] GC(34) Age table with threshold 15 (max threshold 15)
[2023-10-31T03:04:57.540+0000][7][gc,age      ] GC(34) - age   1:    1489384 bytes,    1489384 total
[2023-10-31T03:04:57.540+0000][7][gc,age      ] GC(34) - age   2:     772352 bytes,    2261736 total
[2023-10-31T03:04:57.540+0000][7][gc,age      ] GC(34) - age   3:     505576 bytes,    2767312 total
[2023-10-31T03:04:57.540+0000][7][gc,age      ] GC(34) - age   4:     496824 bytes,    3264136 total
[2023-10-31T03:04:57.540+0000][7][gc,age      ] GC(34) - age   5:     403520 bytes,    3667656 total
[2023-10-31T03:04:57.540+0000][7][gc,age      ] GC(34) - age   6:     445376 bytes,    4113032 total
[2023-10-31T03:04:57.540+0000][7][gc,age      ] GC(34) - age   7:     251400 bytes,    4364432 total
[2023-10-31T03:04:57.540+0000][7][gc,age      ] GC(34) - age   8:     375568 bytes,    4740000 total
[2023-10-31T03:04:57.540+0000][7][gc,age      ] GC(34) - age   9:     281160 bytes,    5021160 total
[2023-10-31T03:04:57.540+0000][7][gc,age      ] GC(34) - age  10:     233120 bytes,    5254280 total
[2023-10-31T03:04:57.540+0000][7][gc,age      ] GC(34) - age  11:     443448 bytes,    5697728 total
[2023-10-31T03:04:57.540+0000][7][gc,age      ] GC(34) - age  12:     317800 bytes,    6015528 total
[2023-10-31T03:04:57.540+0000][7][gc,age      ] GC(34) - age  13:     488968 bytes,    6504496 total
[2023-10-31T03:04:57.540+0000][7][gc,age      ] GC(34) - age  14:    4791032 bytes,   11295528 total
[2023-10-31T03:04:57.540+0000][7][gc,age      ] GC(34) - age  15:    2973384 bytes,   14268912 total
[2023-10-31T03:04:57.540+0000][7][gc,phases   ] GC(34)   Pre Evacuate Collection Set: 0.1ms
[2023-10-31T03:04:57.540+0000][7][gc,phases   ] GC(34)   Merge Heap Roots: 0.1ms
[2023-10-31T03:04:57.540+0000][7][gc,phases   ] GC(34)   Evacuate Collection Set: 27.9ms
[2023-10-31T03:04:57.540+0000][7][gc,phases   ] GC(34)   Post Evacuate Collection Set: 3.1ms
[2023-10-31T03:04:57.540+0000][7][gc,phases   ] GC(34)   Other: 0.4ms
[2023-10-31T03:04:57.540+0000][7][gc,heap     ] GC(34) Eden regions: 71->0(72)
[2023-10-31T03:04:57.540+0000][7][gc,heap     ] GC(34) Survivor regions: 5->4(10)
[2023-10-31T03:04:57.540+0000][7][gc,heap     ] GC(34) Old regions: 20->21
[2023-10-31T03:04:57.540+0000][7][gc,heap     ] GC(34) Archive regions: 2->2
[2023-10-31T03:04:57.540+0000][7][gc,heap     ] GC(34) Humongous regions: 5->5
[2023-10-31T03:04:57.540+0000][7][gc,metaspace] GC(34) Metaspace: 114808K(116416K)->114808K(116416K) NonClass: 99355K(100288K)->99355K(100288K) Class: 15452K(16128K)->15452K(16128K)
[2023-10-31T03:04:57.540+0000][7][gc          ] GC(34) Pause Young (Normal) (G1 Evacuation Pause) 403M->119M(512M) 31.719ms
[2023-10-31T03:04:57.540+0000][7][gc,cpu      ] GC(34) User=0.11s Sys=0.01s Real=0.03s
[2023-10-31T03:04:57.540+0000][7][safepoint   ] Safepoint "G1CollectForAllocation", Time since last: 1432670817 ns, Reaching safepoint: 48087 ns, At safepoint: 31826471 ns, Total: 31874558 ns
[2023-10-31T03:04:58.541+0000][7][safepoint   ] Safepoint "Cleanup", Time since last: 1000142673 ns, Reaching safepoint: 221965 ns, At safepoint: 21624 ns, Total: 243589 ns
[2023-10-31T03:05:01.541+0000][7][safepoint   ] Safepoint "Cleanup", Time since last: 3000611610 ns, Reaching safepoint: 294147 ns, At safepoint: 34396 ns, Total: 328543 ns
[2023-10-31T03:05:03.542+0000][7][safepoint   ] Safepoint "Cleanup", Time since last: 2000745565 ns, Reaching safepoint: 111310 ns, At safepoint: 10380 ns, Total: 121690 ns
[2023-10-31T03:05:04.545+0000][7][safepoint   ] Safepoint "Cleanup", Time since last: 1002077757 ns, Reaching safepoint: 553821 ns, At safepoint: 95115 ns, Total: 648936 ns
[2023-10-31T03:05:05.546+0000][7][safepoint   ] Safepoint "Cleanup", Time since last: 1000453899 ns, Reaching safepoint: 236875 ns, At safepoint: 56162 ns, Total: 293037 ns
[2023-10-31T03:05:06.547+0000][7][safepoint   ] Safepoint "Cleanup", Time since last: 1000551872 ns, Reaching safepoint: 225798 ns, At safepoint: 18822 ns, Total: 244620 ns
[2023-10-31T03:05:07.547+0000][7][safepoint   ] Safepoint "Cleanup", Time since last: 1000264790 ns, Reaching safepoint: 211142 ns, At safepoint: 19151 ns, Total: 230293 ns
[2023-10-31T03:05:08.548+0000][7][safepoint   ] Safepoint "Cleanup", Time since last: 1000350142 ns, Reaching safepoint: 402989 ns, At safepoint: 20435 ns, Total: 423424 ns
[2023-10-31T03:05:10.549+0000][7][safepoint   ] Safepoint "Cleanup", Time since last: 2000452170 ns, Reaching safepoint: 195981 ns, At safepoint: 18187 ns, Total: 214168 ns
[2023-10-31T03:05:11.549+0000][7][safepoint   ] Safepoint "Cleanup", Time since last: 1000222495 ns, Reaching safepoint: 213675 ns, At safepoint: 39123 ns, Total: 252798 ns
[2023-10-31T03:05:12.550+0000][7][safepoint   ] Safepoint "Cleanup", Time since last: 1000414040 ns, Reaching safepoint: 492168 ns, At safepoint: 33400 ns, Total: 525568 ns
[2023-10-31T03:05:13.551+0000][7][safepoint   ] Safepoint "Cleanup", Time since last: 1000335632 ns, Reaching safepoint: 339554 ns, At safepoint: 37741 ns, Total: 377295 ns
[2023-10-31T03:05:16.552+0000][7][safepoint   ] Safepoint "Cleanup", Time since last: 3000708892 ns, Reaching safepoint: 191991 ns, At safepoint: 35049 ns, Total: 227040 ns
[2023-10-31T03:05:18.553+0000][7][safepoint   ] Safepoint "Cleanup", Time since last: 2000522049 ns, Reaching safepoint: 418253 ns, At safepoint: 41921 ns, Total: 460174 ns
[2023-10-31T03:05:19.553+0000][7][safepoint   ] Safepoint "Cleanup", Time since last: 1000561280 ns, Reaching safepoint: 291217 ns, At safepoint: 24774 ns, Total: 315991 ns
[2023-10-31T03:05:21.554+0000][7][safepoint   ] Safepoint "Cleanup", Time since last: 2000472139 ns, Reaching safepoint: 115934 ns, At safepoint: 15931 ns, Total: 131865 ns
[2023-10-31T03:05:22.116+0000][7][gc,start    ] GC(35) Pause Young (Normal) (G1 Evacuation Pause)
[2023-10-31T03:05:22.116+0000][7][gc,task     ] GC(35) Using 8 workers of 8 for evacuation
[2023-10-31T03:05:22.116+0000][7][gc,age      ] GC(35) Desired survivor size 20971520 bytes, new threshold 15 (max threshold 15)
[2023-10-31T03:05:22.147+0000][7][gc,age      ] GC(35) Age table with threshold 15 (max threshold 15)
[2023-10-31T03:05:22.147+0000][7][gc,age      ] GC(35) - age   1:    1724328 bytes,    1724328 total
[2023-10-31T03:05:22.147+0000][7][gc,age      ] GC(35) - age   2:     616432 bytes,    2340760 total
[2023-10-31T03:05:22.147+0000][7][gc,age      ] GC(35) - age   3:     279248 bytes,    2620008 total
[2023-10-31T03:05:22.148+0000][7][gc,age      ] GC(35) - age   4:     503256 bytes,    3123264 total
[2023-10-31T03:05:22.148+0000][7][gc,age      ] GC(35) - age   5:     495640 bytes,    3618904 total
[2023-10-31T03:05:22.148+0000][7][gc,age      ] GC(35) - age   6:     399712 bytes,    4018616 total
[2023-10-31T03:05:22.148+0000][7][gc,age      ] GC(35) - age   7:     445376 bytes,    4463992 total
[2023-10-31T03:05:22.148+0000][7][gc,age      ] GC(35) - age   8:     249288 bytes,    4713280 total
[2023-10-31T03:05:22.148+0000][7][gc,age      ] GC(35) - age   9:     375568 bytes,    5088848 total
[2023-10-31T03:05:22.148+0000][7][gc,age      ] GC(35) - age  10:     279048 bytes,    5367896 total
[2023-10-31T03:05:22.148+0000][7][gc,age      ] GC(35) - age  11:     190200 bytes,    5558096 total
[2023-10-31T03:05:22.148+0000][7][gc,age      ] GC(35) - age  12:     247904 bytes,    5806000 total
[2023-10-31T03:05:22.148+0000][7][gc,age      ] GC(35) - age  13:     317696 bytes,    6123696 total
[2023-10-31T03:05:22.148+0000][7][gc,age      ] GC(35) - age  14:     488968 bytes,    6612664 total
[2023-10-31T03:05:22.148+0000][7][gc,age      ] GC(35) - age  15:    4507240 bytes,   11119904 total
[2023-10-31T03:05:22.148+0000][7][gc,phases   ] GC(35)   Pre Evacuate Collection Set: 0.1ms
[2023-10-31T03:05:22.148+0000][7][gc,phases   ] GC(35)   Merge Heap Roots: 0.1ms
[2023-10-31T03:05:22.148+0000][7][gc,phases   ] GC(35)   Evacuate Collection Set: 27.5ms
[2023-10-31T03:05:22.148+0000][7][gc,phases   ] GC(35)   Post Evacuate Collection Set: 3.9ms
[2023-10-31T03:05:22.148+0000][7][gc,phases   ] GC(35)   Other: 0.7ms
[2023-10-31T03:05:22.148+0000][7][gc,heap     ] GC(35) Eden regions: 72->0(72)
[2023-10-31T03:05:22.148+0000][7][gc,heap     ] GC(35) Survivor regions: 4->4(10)
[2023-10-31T03:05:22.148+0000][7][gc,heap     ] GC(35) Old regions: 21->21
[2023-10-31T03:05:22.148+0000][7][gc,heap     ] GC(35) Archive regions: 2->2
[2023-10-31T03:05:22.148+0000][7][gc,heap     ] GC(35) Humongous regions: 5->5
[2023-10-31T03:05:22.148+0000][7][gc,metaspace] GC(35) Metaspace: 114902K(116480K)->114902K(116480K) NonClass: 99449K(100352K)->99449K(100352K) Class: 15452K(16128K)->15452K(16128K)
[2023-10-31T03:05:22.148+0000][7][gc          ] GC(35) Pause Young (Normal) (G1 Evacuation Pause) 407M->119M(512M) 32.331ms
[2023-10-31T03:05:22.148+0000][7][gc,cpu      ] GC(35) User=0.09s Sys=0.03s Real=0.04s
[2023-10-31T03:05:22.148+0000][7][safepoint   ] Safepoint "G1CollectForAllocation", Time since last: 561347368 ns, Reaching safepoint: 57959 ns, At safepoint: 32537034 ns, Total: 32594993 ns
[2023-10-31T03:05:23.149+0000][7][safepoint   ] Safepoint "Cleanup", Time since last: 1000169156 ns, Reaching safepoint: 289699 ns, At safepoint: 56284 ns, Total: 345983 ns
[2023-10-31T03:05:24.149+0000][7][safepoint   ] Safepoint "Cleanup", Time since last: 1000589483 ns, Reaching safepoint: 328821 ns, At safepoint: 26947 ns, Total: 355768 ns
[2023-10-31T03:05:25.150+0000][7][safepoint   ] Safepoint "Cleanup", Time since last: 1000423670 ns, Reaching safepoint: 105874 ns, At safepoint: 4913 ns, Total: 110787 ns
[2023-10-31T03:05:26.150+0000][7][safepoint   ] Safepoint "Cleanup", Time since last: 1000198363 ns, Reaching safepoint: 201514 ns, At safepoint: 8611 ns, Total: 210125 ns
[2023-10-31T03:05:28.151+0000][7][safepoint   ] Safepoint "Cleanup", Time since last: 2000338709 ns, Reaching safepoint: 258817 ns, At safepoint: 20784 ns, Total: 279601 ns
[2023-10-31T03:05:29.152+0000][7][safepoint   ] Safepoint "Cleanup", Time since last: 1000326366 ns, Reaching safepoint: 229002 ns, At safepoint: 14452 ns, Total: 243454 ns
[2023-10-31T03:05:30.152+0000][7][safepoint   ] Safepoint "Cleanup", Time since last: 1000297547 ns, Reaching safepoint: 117239 ns, At safepoint: 10626 ns, Total: 127865 ns
[2023-10-31T03:05:31.153+0000][7][safepoint   ] Safepoint "Cleanup", Time since last: 1000359305 ns, Reaching safepoint: 433016 ns, At safepoint: 26334 ns, Total: 459350 ns
[2023-10-31T03:05:32.154+0000][7][safepoint   ] Safepoint "Cleanup", Time since last: 1000464611 ns, Reaching safepoint: 148417 ns, At safepoint: 18521 ns, Total: 166938 ns
[2023-10-31T03:05:34.154+0000][7][safepoint   ] Safepoint "Cleanup", Time since last: 2000448077 ns, Reaching safepoint: 297613 ns, At safepoint: 60560 ns, Total: 358173 ns
[2023-10-31T03:05:35.155+0000][7][safepoint   ] Safepoint "Cleanup", Time since last: 1000492688 ns, Reaching safepoint: 198889 ns, At safepoint: 12445 ns, Total: 211334 ns
[2023-10-31T03:05:36.156+0000][7][safepoint   ] Safepoint "Cleanup", Time since last: 1000402686 ns, Reaching safepoint: 300247 ns, At safepoint: 57197 ns, Total: 357444 ns
[2023-10-31T03:05:37.157+0000][7][safepoint   ] Safepoint "Cleanup", Time since last: 1000371911 ns, Reaching safepoint: 310071 ns, At safepoint: 30658 ns, Total: 340729 ns
[2023-10-31T03:05:39.157+0000][7][safepoint   ] Safepoint "Cleanup", Time since last: 2000639974 ns, Reaching safepoint: 227570 ns, At safepoint: 17808 ns, Total: 245378 ns
[2023-10-31T03:05:40.158+0000][7][safepoint   ] Safepoint "Cleanup", Time since last: 1000369153 ns, Reaching safepoint: 373785 ns, At safepoint: 100369 ns, Total: 474154 ns
[2023-10-31T03:05:41.159+0000][7][safepoint   ] Safepoint "Cleanup", Time since last: 1000386440 ns, Reaching safepoint: 175373 ns, At safepoint: 30317 ns, Total: 205690 ns
[2023-10-31T03:05:43.160+0000][7][safepoint   ] Safepoint "Cleanup", Time since last: 2000507476 ns, Reaching safepoint: 355565 ns, At safepoint: 63302 ns, Total: 418867 ns
[2023-10-31T03:05:44.160+0000][7][safepoint   ] Safepoint "Cleanup", Time since last: 1000446439 ns, Reaching safepoint: 253845 ns, At safepoint: 24197 ns, Total: 278042 ns
[2023-10-31T03:05:44.178+0000][7][gc,start    ] GC(36) Pause Young (Normal) (G1 Evacuation Pause)
[2023-10-31T03:05:44.178+0000][7][gc,task     ] GC(36) Using 8 workers of 8 for evacuation
[2023-10-31T03:05:44.178+0000][7][gc,age      ] GC(36) Desired survivor size 20971520 bytes, new threshold 15 (max threshold 15)
[2023-10-31T03:05:44.223+0000][7][gc,age      ] GC(36) Age table with threshold 15 (max threshold 15)
[2023-10-31T03:05:44.224+0000][7][gc,age      ] GC(36) - age   1:    1370136 bytes,    1370136 total
[2023-10-31T03:05:44.224+0000][7][gc,age      ] GC(36) - age   2:    1015656 bytes,    2385792 total
[2023-10-31T03:05:44.224+0000][7][gc,age      ] GC(36) - age   3:     309544 bytes,    2695336 total
[2023-10-31T03:05:44.224+0000][7][gc,age      ] GC(36) - age   4:     278432 bytes,    2973768 total
[2023-10-31T03:05:44.224+0000][7][gc,age      ] GC(36) - age   5:     502992 bytes,    3476760 total
[2023-10-31T03:05:44.224+0000][7][gc,age      ] GC(36) - age   6:     495576 bytes,    3972336 total
[2023-10-31T03:05:44.224+0000][7][gc,age      ] GC(36) - age   7:     399424 bytes,    4371760 total
[2023-10-31T03:05:44.224+0000][7][gc,age      ] GC(36) - age   8:     445376 bytes,    4817136 total
[2023-10-31T03:05:44.224+0000][7][gc,age      ] GC(36) - age   9:     249288 bytes,    5066424 total
[2023-10-31T03:05:44.224+0000][7][gc,age      ] GC(36) - age  10:     375568 bytes,    5441992 total
[2023-10-31T03:05:44.224+0000][7][gc,age      ] GC(36) - age  11:     279048 bytes,    5721040 total
[2023-10-31T03:05:44.224+0000][7][gc,age      ] GC(36) - age  12:     190072 bytes,    5911112 total
[2023-10-31T03:05:44.224+0000][7][gc,age      ] GC(36) - age  13:     247680 bytes,    6158792 total
[2023-10-31T03:05:44.224+0000][7][gc,age      ] GC(36) - age  14:     317696 bytes,    6476488 total
[2023-10-31T03:05:44.224+0000][7][gc,age      ] GC(36) - age  15:     488968 bytes,    6965456 total
[2023-10-31T03:05:44.224+0000][7][gc,phases   ] GC(36)   Pre Evacuate Collection Set: 0.4ms
[2023-10-31T03:05:44.224+0000][7][gc,phases   ] GC(36)   Merge Heap Roots: 0.2ms
[2023-10-31T03:05:44.224+0000][7][gc,phases   ] GC(36)   Evacuate Collection Set: 34.4ms
[2023-10-31T03:05:44.224+0000][7][gc,phases   ] GC(36)   Post Evacuate Collection Set: 10.0ms
[2023-10-31T03:05:44.224+0000][7][gc,phases   ] GC(36)   Other: 1.1ms
[2023-10-31T03:05:44.224+0000][7][gc,heap     ] GC(36) Eden regions: 72->0(74)
[2023-10-31T03:05:44.224+0000][7][gc,heap     ] GC(36) Survivor regions: 4->2(10)
[2023-10-31T03:05:44.224+0000][7][gc,heap     ] GC(36) Old regions: 21->22
[2023-10-31T03:05:44.224+0000][7][gc,heap     ] GC(36) Archive regions: 2->2
[2023-10-31T03:05:44.224+0000][7][gc,heap     ] GC(36) Humongous regions: 5->5
[2023-10-31T03:05:44.224+0000][7][gc,metaspace] GC(36) Metaspace: 115026K(116608K)->115026K(116608K) NonClass: 99574K(100480K)->99574K(100480K) Class: 15452K(16128K)->15452K(16128K)
[2023-10-31T03:05:44.224+0000][7][gc          ] GC(36) Pause Young (Normal) (G1 Evacuation Pause) 407M->119M(512M) 46.154ms
[2023-10-31T03:05:44.224+0000][7][gc,cpu      ] GC(36) User=0.08s Sys=0.02s Real=0.04s
[2023-10-31T03:05:44.224+0000][7][safepoint   ] Safepoint "G1CollectForAllocation", Time since last: 17118954 ns, Reaching safepoint: 216492 ns, At safepoint: 46411365 ns, Total: 46627857 ns
[2023-10-31T03:05:46.225+0000][7][safepoint   ] Safepoint "Cleanup", Time since last: 2000486860 ns, Reaching safepoint: 248076 ns, At safepoint: 71586 ns, Total: 319662 ns
[2023-10-31T03:05:47.226+0000][7][safepoint   ] Safepoint "Cleanup", Time since last: 1000444330 ns, Reaching safepoint: 235762 ns, At safepoint: 78406 ns, Total: 314168 ns
[2023-10-31T03:05:48.227+0000][7][safepoint   ] Safepoint "Cleanup", Time since last: 1000670016 ns, Reaching safepoint: 337590 ns, At safepoint: 35880 ns, Total: 373470 ns
[2023-10-31T03:05:49.228+0000][7][safepoint   ] Safepoint "Cleanup", Time since last: 1000547920 ns, Reaching safepoint: 313579 ns, At safepoint: 34111 ns, Total: 347690 ns
[2023-10-31T03:05:50.228+0000][7][safepoint   ] Safepoint "Cleanup", Time since last: 1000325578 ns, Reaching safepoint: 237743 ns, At safepoint: 13157 ns, Total: 250900 ns
[2023-10-31T03:05:51.229+0000][7][safepoint   ] Safepoint "Cleanup", Time since last: 1000369283 ns, Reaching safepoint: 239489 ns, At safepoint: 17850 ns, Total: 257339 ns
[2023-10-31T03:05:52.229+0000][7][safepoint   ] Safepoint "Cleanup", Time since last: 1000383136 ns, Reaching safepoint: 128047 ns, At safepoint: 7849 ns, Total: 135896 ns
[2023-10-31T03:05:53.230+0000][7][safepoint   ] Safepoint "Cleanup", Time since last: 1000098829 ns, Reaching safepoint: 115840 ns, At safepoint: 7666 ns, Total: 123506 ns
[2023-10-31T03:05:54.230+0000][7][safepoint   ] Safepoint "Cleanup", Time since last: 1000126417 ns, Reaching safepoint: 64853 ns, At safepoint: 5501 ns, Total: 70354 ns
[2023-10-31T03:05:55.230+0000][7][safepoint   ] Safepoint "Cleanup", Time since last: 1000097623 ns, Reaching safepoint: 45485 ns, At safepoint: 3964 ns, Total: 49449 ns
[2023-10-31T03:05:56.230+0000][7][safepoint   ] Safepoint "Cleanup", Time since last: 1000250304 ns, Reaching safepoint: 193038 ns, At safepoint: 16762 ns, Total: 209800 ns
[2023-10-31T03:05:58.231+0000][7][safepoint   ] Safepoint "Cleanup", Time since last: 2000267283 ns, Reaching safepoint: 153420 ns, At safepoint: 11495 ns, Total: 164915 ns
[2023-10-31T03:05:59.231+0000][7][safepoint   ] Safepoint "Cleanup", Time since last: 1000139925 ns, Reaching safepoint: 89390 ns, At safepoint: 4711 ns, Total: 94101 ns
[2023-10-31T03:06:01.232+0000][7][safepoint   ] Safepoint "Cleanup", Time since last: 2000271326 ns, Reaching safepoint: 125112 ns, At safepoint: 6440 ns, Total: 131552 ns
[2023-10-31T03:06:04.071+0000][7][gc,start    ] GC(37) Pause Young (Normal) (G1 Evacuation Pause)
[2023-10-31T03:06:04.071+0000][7][gc,task     ] GC(37) Using 8 workers of 8 for evacuation
[2023-10-31T03:06:04.071+0000][7][gc,age      ] GC(37) Desired survivor size 20971520 bytes, new threshold 15 (max threshold 15)
[2023-10-31T03:06:04.076+0000][7][gc,age      ] GC(37) Age table with threshold 15 (max threshold 15)
[2023-10-31T03:06:04.076+0000][7][gc,age      ] GC(37) - age   1:    1587008 bytes,    1587008 total
[2023-10-31T03:06:04.076+0000][7][gc,age      ] GC(37) - age   2:     618592 bytes,    2205600 total
[2023-10-31T03:06:04.076+0000][7][gc,age      ] GC(37) - age   3:     534088 bytes,    2739688 total
[2023-10-31T03:06:04.076+0000][7][gc,age      ] GC(37) - age   4:     278368 bytes,    3018056 total
[2023-10-31T03:06:04.076+0000][7][gc,age      ] GC(37) - age   5:     278240 bytes,    3296296 total
[2023-10-31T03:06:04.076+0000][7][gc,age      ] GC(37) - age   6:     502736 bytes,    3799032 total
[2023-10-31T03:06:04.076+0000][7][gc,age      ] GC(37) - age   7:     495264 bytes,    4294296 total
[2023-10-31T03:06:04.076+0000][7][gc,age      ] GC(37) - age   8:     399424 bytes,    4693720 total
[2023-10-31T03:06:04.076+0000][7][gc,age      ] GC(37) - age   9:     445376 bytes,    5139096 total
[2023-10-31T03:06:04.076+0000][7][gc,age      ] GC(37) - age  10:     249288 bytes,    5388384 total
[2023-10-31T03:06:04.076+0000][7][gc,age      ] GC(37) - age  11:     375568 bytes,    5763952 total
[2023-10-31T03:06:04.076+0000][7][gc,age      ] GC(37) - age  12:     279048 bytes,    6043000 total
[2023-10-31T03:06:04.076+0000][7][gc,age      ] GC(37) - age  13:     190072 bytes,    6233072 total
[2023-10-31T03:06:04.076+0000][7][gc,age      ] GC(37) - age  14:     247552 bytes,    6480624 total
[2023-10-31T03:06:04.076+0000][7][gc,age      ] GC(37) - age  15:     317696 bytes,    6798320 total
[2023-10-31T03:06:04.076+0000][7][gc,phases   ] GC(37)   Pre Evacuate Collection Set: 0.1ms
[2023-10-31T03:06:04.076+0000][7][gc,phases   ] GC(37)   Merge Heap Roots: 0.0ms
[2023-10-31T03:06:04.076+0000][7][gc,phases   ] GC(37)   Evacuate Collection Set: 3.5ms
[2023-10-31T03:06:04.076+0000][7][gc,phases   ] GC(37)   Post Evacuate Collection Set: 0.7ms
[2023-10-31T03:06:04.076+0000][7][gc,phases   ] GC(37)   Other: 0.4ms
[2023-10-31T03:06:04.076+0000][7][gc,heap     ] GC(37) Eden regions: 74->0(74)
[2023-10-31T03:06:04.076+0000][7][gc,heap     ] GC(37) Survivor regions: 2->2(10)
[2023-10-31T03:06:04.076+0000][7][gc,heap     ] GC(37) Old regions: 22->23
[2023-10-31T03:06:04.076+0000][7][gc,heap     ] GC(37) Archive regions: 2->2
[2023-10-31T03:06:04.076+0000][7][gc,heap     ] GC(37) Humongous regions: 5->5
[2023-10-31T03:06:04.076+0000][7][gc,metaspace] GC(37) Metaspace: 115104K(116672K)->115104K(116672K) NonClass: 99650K(100544K)->99650K(100544K) Class: 15454K(16128K)->15454K(16128K)
[2023-10-31T03:06:04.076+0000][7][gc          ] GC(37) Pause Young (Normal) (G1 Evacuation Pause) 415M->118M(512M) 4.692ms
[2023-10-31T03:06:04.076+0000][7][gc,cpu      ] GC(37) User=0.02s Sys=0.00s Real=0.00s
[2023-10-31T03:06:04.076+0000][7][safepoint   ] Safepoint "G1CollectForAllocation", Time since last: 2839740029 ns, Reaching safepoint: 71441 ns, At safepoint: 4778814 ns, Total: 4850255 ns
[2023-10-31T03:06:05.076+0000][7][safepoint   ] Safepoint "Cleanup", Time since last: 1000098641 ns, Reaching safepoint: 141682 ns, At safepoint: 7140 ns, Total: 148822 ns
[2023-10-31T03:06:06.077+0000][7][safepoint   ] Safepoint "Cleanup", Time since last: 1000168387 ns, Reaching safepoint: 57330 ns, At safepoint: 5315 ns, Total: 62645 ns
[2023-10-31T03:06:07.175+0000][7][safepoint   ] Safepoint "ICBufferFull", Time since last: 1098432710 ns, Reaching safepoint: 148387 ns, At safepoint: 9709 ns, Total: 158096 ns
[2023-10-31T03:06:07.759+0000][7][safepoint   ] Safepoint "ICBufferFull", Time since last: 583850888 ns, Reaching safepoint: 187043 ns, At safepoint: 7561 ns, Total: 194604 ns
[2023-10-31T03:06:08.089+0000][7][gc,start    ] GC(38) Pause Young (Normal) (G1 Evacuation Pause)
[2023-10-31T03:06:08.089+0000][7][gc,task     ] GC(38) Using 8 workers of 8 for evacuation
[2023-10-31T03:06:08.089+0000][7][gc,age      ] GC(38) Desired survivor size 20971520 bytes, new threshold 15 (max threshold 15)
[2023-10-31T03:06:08.094+0000][7][gc,age      ] GC(38) Age table with threshold 15 (max threshold 15)
[2023-10-31T03:06:08.094+0000][7][gc,age      ] GC(38) - age   1:    3331376 bytes,    3331376 total
[2023-10-31T03:06:08.094+0000][7][gc,age      ] GC(38) - age   2:    1154648 bytes,    4486024 total
[2023-10-31T03:06:08.094+0000][7][gc,age      ] GC(38) - age   3:     579904 bytes,    5065928 total
[2023-10-31T03:06:08.094+0000][7][gc,age      ] GC(38) - age   4:     449648 bytes,    5515576 total
[2023-10-31T03:06:08.094+0000][7][gc,age      ] GC(38) - age   5:     278144 bytes,    5793720 total
[2023-10-31T03:06:08.094+0000][7][gc,age      ] GC(38) - age   6:     277808 bytes,    6071528 total
[2023-10-31T03:06:08.094+0000][7][gc,age      ] GC(38) - age   7:     502448 bytes,    6573976 total
[2023-10-31T03:06:08.094+0000][7][gc,age      ] GC(38) - age   8:     495264 bytes,    7069240 total
[2023-10-31T03:06:08.094+0000][7][gc,age      ] GC(38) - age   9:     292752 bytes,    7361992 total
[2023-10-31T03:06:08.094+0000][7][gc,age      ] GC(38) - age  10:     445376 bytes,    7807368 total
[2023-10-31T03:06:08.094+0000][7][gc,age      ] GC(38) - age  11:     249288 bytes,    8056656 total
[2023-10-31T03:06:08.094+0000][7][gc,age      ] GC(38) - age  12:     372328 bytes,    8428984 total
[2023-10-31T03:06:08.094+0000][7][gc,age      ] GC(38) - age  13:     279048 bytes,    8708032 total
[2023-10-31T03:06:08.094+0000][7][gc,age      ] GC(38) - age  14:     190072 bytes,    8898104 total
[2023-10-31T03:06:08.094+0000][7][gc,age      ] GC(38) - age  15:     247400 bytes,    9145504 total
[2023-10-31T03:06:08.094+0000][7][gc,phases   ] GC(38)   Pre Evacuate Collection Set: 0.1ms
[2023-10-31T03:06:08.094+0000][7][gc,phases   ] GC(38)   Merge Heap Roots: 0.1ms
[2023-10-31T03:06:08.094+0000][7][gc,phases   ] GC(38)   Evacuate Collection Set: 4.6ms
[2023-10-31T03:06:08.094+0000][7][gc,phases   ] GC(38)   Post Evacuate Collection Set: 0.5ms
[2023-10-31T03:06:08.094+0000][7][gc,phases   ] GC(38)   Other: 0.3ms
[2023-10-31T03:06:08.094+0000][7][gc,heap     ] GC(38) Eden regions: 74->0(72)
[2023-10-31T03:06:08.095+0000][7][gc,heap     ] GC(38) Survivor regions: 2->3(10)
[2023-10-31T03:06:08.095+0000][7][gc,heap     ] GC(38) Old regions: 23->23
[2023-10-31T03:06:08.095+0000][7][gc,heap     ] GC(38) Archive regions: 2->2
[2023-10-31T03:06:08.095+0000][7][gc,heap     ] GC(38) Humongous regions: 5->5
[2023-10-31T03:06:08.095+0000][7][gc,metaspace] GC(38) Metaspace: 116789K(118464K)->116789K(118464K) NonClass: 101083K(102016K)->101083K(102016K) Class: 15705K(16448K)->15705K(16448K)
[2023-10-31T03:06:08.095+0000][7][gc          ] GC(38) Pause Young (Normal) (G1 Evacuation Pause) 414M->121M(512M) 5.689ms
[2023-10-31T03:06:08.095+0000][7][gc,cpu      ] GC(38) User=0.02s Sys=0.01s Real=0.00s
[2023-10-31T03:06:08.095+0000][7][safepoint   ] Safepoint "G1CollectForAllocation", Time since last: 329443791 ns, Reaching safepoint: 148878 ns, At safepoint: 5783975 ns, Total: 5932853 ns
[2023-10-31T03:06:09.386+0000][7][safepoint   ] Safepoint "Cleanup", Time since last: 1291421115 ns, Reaching safepoint: 158219 ns, At safepoint: 6861 ns, Total: 165080 ns
[2023-10-31T03:06:10.387+0000][7][safepoint   ] Safepoint "Cleanup", Time since last: 1000198552 ns, Reaching safepoint: 175984 ns, At safepoint: 6092 ns, Total: 182076 ns
[2023-10-31T03:06:11.653+0000][7][safepoint   ] Safepoint "ICBufferFull", Time since last: 1265808136 ns, Reaching safepoint: 193211 ns, At safepoint: 9389 ns, Total: 202600 ns
[2023-10-31T03:06:12.072+0000][7][gc,start    ] GC(39) Pause Young (Normal) (G1 Evacuation Pause)
[2023-10-31T03:06:12.072+0000][7][gc,task     ] GC(39) Using 8 workers of 8 for evacuation
[2023-10-31T03:06:12.072+0000][7][gc,age      ] GC(39) Desired survivor size 20971520 bytes, new threshold 15 (max threshold 15)
[2023-10-31T03:06:12.078+0000][7][gc,age      ] GC(39) Age table with threshold 15 (max threshold 15)
[2023-10-31T03:06:12.078+0000][7][gc,age      ] GC(39) - age   1:    2432696 bytes,    2432696 total
[2023-10-31T03:06:12.078+0000][7][gc,age      ] GC(39) - age   2:    2416080 bytes,    4848776 total
[2023-10-31T03:06:12.078+0000][7][gc,age      ] GC(39) - age   3:    1153656 bytes,    6002432 total
[2023-10-31T03:06:12.078+0000][7][gc,age      ] GC(39) - age   4:     579712 bytes,    6582144 total
[2023-10-31T03:06:12.078+0000][7][gc,age      ] GC(39) - age   5:     448880 bytes,    7031024 total
[2023-10-31T03:06:12.078+0000][7][gc,age      ] GC(39) - age   6:     278080 bytes,    7309104 total
[2023-10-31T03:06:12.078+0000][7][gc,age      ] GC(39) - age   7:     277624 bytes,    7586728 total
[2023-10-31T03:06:12.078+0000][7][gc,age      ] GC(39) - age   8:     502448 bytes,    8089176 total
[2023-10-31T03:06:12.078+0000][7][gc,age      ] GC(39) - age   9:     495264 bytes,    8584440 total
[2023-10-31T03:06:12.078+0000][7][gc,age      ] GC(39) - age  10:     292752 bytes,    8877192 total
[2023-10-31T03:06:12.078+0000][7][gc,age      ] GC(39) - age  11:     445376 bytes,    9322568 total
[2023-10-31T03:06:12.078+0000][7][gc,age      ] GC(39) - age  12:     249288 bytes,    9571856 total
[2023-10-31T03:06:12.078+0000][7][gc,age      ] GC(39) - age  13:     372328 bytes,    9944184 total
[2023-10-31T03:06:12.078+0000][7][gc,age      ] GC(39) - age  14:     279048 bytes,   10223232 total
[2023-10-31T03:06:12.078+0000][7][gc,age      ] GC(39) - age  15:     190072 bytes,   10413304 total
[2023-10-31T03:06:12.078+0000][7][gc,phases   ] GC(39)   Pre Evacuate Collection Set: 0.1ms
[2023-10-31T03:06:12.078+0000][7][gc,phases   ] GC(39)   Merge Heap Roots: 0.1ms
[2023-10-31T03:06:12.078+0000][7][gc,phases   ] GC(39)   Evacuate Collection Set: 5.2ms
[2023-10-31T03:06:12.078+0000][7][gc,phases   ] GC(39)   Post Evacuate Collection Set: 0.8ms
[2023-10-31T03:06:12.078+0000][7][gc,phases   ] GC(39)   Other: 0.3ms
[2023-10-31T03:06:12.078+0000][7][gc,heap     ] GC(39) Eden regions: 72->0(72)
[2023-10-31T03:06:12.078+0000][7][gc,heap     ] GC(39) Survivor regions: 3->3(10)
[2023-10-31T03:06:12.078+0000][7][gc,heap     ] GC(39) Old regions: 23->23
[2023-10-31T03:06:12.078+0000][7][gc,heap     ] GC(39) Archive regions: 2->2
[2023-10-31T03:06:12.078+0000][7][gc,heap     ] GC(39) Humongous regions: 5->5
[2023-10-31T03:06:12.078+0000][7][gc,metaspace] GC(39) Metaspace: 116981K(118656K)->116981K(118656K) NonClass: 101251K(102208K)->101251K(102208K) Class: 15730K(16448K)->15730K(16448K)
[2023-10-31T03:06:12.078+0000][7][gc          ] GC(39) Pause Young (Normal) (G1 Evacuation Pause) 409M->123M(512M) 6.563ms
[2023-10-31T03:06:12.078+0000][7][gc,cpu      ] GC(39) User=0.04s Sys=0.00s Real=0.01s
[2023-10-31T03:06:12.078+0000][7][safepoint   ] Safepoint "G1CollectForAllocation", Time since last: 419092162 ns, Reaching safepoint: 96687 ns, At safepoint: 6648153 ns, Total: 6744840 ns
[2023-10-31T03:06:13.079+0000][7][safepoint   ] Safepoint "Cleanup", Time since last: 1000107774 ns, Reaching safepoint: 234660 ns, At safepoint: 10237 ns, Total: 244897 ns
[2023-10-31T03:06:14.079+0000][7][safepoint   ] Safepoint "Cleanup", Time since last: 1000109640 ns, Reaching safepoint: 100846 ns, At safepoint: 6967 ns, Total: 107813 ns
[2023-10-31T03:06:15.079+0000][7][safepoint   ] Safepoint "Cleanup", Time since last: 1000129772 ns, Reaching safepoint: 88273 ns, At safepoint: 8126 ns, Total: 96399 ns
[2023-10-31T03:06:16.079+0000][7][safepoint   ] Safepoint "Cleanup", Time since last: 1000111748 ns, Reaching safepoint: 100570 ns, At safepoint: 4730 ns, Total: 105300 ns
[2023-10-31T03:06:17.080+0000][7][safepoint   ] Safepoint "Cleanup", Time since last: 1000175543 ns, Reaching safepoint: 89688 ns, At safepoint: 7180 ns, Total: 96868 ns
[2023-10-31T03:06:18.080+0000][7][safepoint   ] Safepoint "Cleanup", Time since last: 1000088087 ns, Reaching safepoint: 76957 ns, At safepoint: 7013 ns, Total: 83970 ns
[2023-10-31T03:06:19.080+0000][7][safepoint   ] Safepoint "Cleanup", Time since last: 1000119948 ns, Reaching safepoint: 140517 ns, At safepoint: 26470 ns, Total: 166987 ns
[2023-10-31T03:06:19.233+0000][7][gc,start    ] GC(40) Pause Young (Normal) (G1 Evacuation Pause)
[2023-10-31T03:06:19.233+0000][7][gc,task     ] GC(40) Using 8 workers of 8 for evacuation
[2023-10-31T03:06:19.233+0000][7][gc,age      ] GC(40) Desired survivor size 20971520 bytes, new threshold 15 (max threshold 15)
[2023-10-31T03:06:19.239+0000][7][gc,age      ] GC(40) Age table with threshold 15 (max threshold 15)
[2023-10-31T03:06:19.239+0000][7][gc,age      ] GC(40) - age   1:    3946816 bytes,    3946816 total
[2023-10-31T03:06:19.239+0000][7][gc,age      ] GC(40) - age   2:     650352 bytes,    4597168 total
[2023-10-31T03:06:19.239+0000][7][gc,age      ] GC(40) - age   3:    2268792 bytes,    6865960 total
[2023-10-31T03:06:19.239+0000][7][gc,age      ] GC(40) - age   4:    1146928 bytes,    8012888 total
[2023-10-31T03:06:19.239+0000][7][gc,age      ] GC(40) - age   5:     579240 bytes,    8592128 total
[2023-10-31T03:06:19.239+0000][7][gc,age      ] GC(40) - age   6:     448816 bytes,    9040944 total
[2023-10-31T03:06:19.239+0000][7][gc,age      ] GC(40) - age   7:     278080 bytes,    9319024 total
[2023-10-31T03:06:19.239+0000][7][gc,age      ] GC(40) - age   8:     277624 bytes,    9596648 total
[2023-10-31T03:06:19.239+0000][7][gc,age      ] GC(40) - age   9:     502448 bytes,   10099096 total
[2023-10-31T03:06:19.239+0000][7][gc,age      ] GC(40) - age  10:     495264 bytes,   10594360 total
[2023-10-31T03:06:19.239+0000][7][gc,age      ] GC(40) - age  11:     292752 bytes,   10887112 total
[2023-10-31T03:06:19.239+0000][7][gc,age      ] GC(40) - age  12:     445376 bytes,   11332488 total
[2023-10-31T03:06:19.239+0000][7][gc,age      ] GC(40) - age  13:     249288 bytes,   11581776 total
[2023-10-31T03:06:19.239+0000][7][gc,age      ] GC(40) - age  14:     372328 bytes,   11954104 total
[2023-10-31T03:06:19.239+0000][7][gc,age      ] GC(40) - age  15:     279048 bytes,   12233152 total
[2023-10-31T03:06:19.239+0000][7][gc,phases   ] GC(40)   Pre Evacuate Collection Set: 0.1ms
[2023-10-31T03:06:19.239+0000][7][gc,phases   ] GC(40)   Merge Heap Roots: 0.1ms
[2023-10-31T03:06:19.239+0000][7][gc,phases   ] GC(40)   Evacuate Collection Set: 4.8ms
[2023-10-31T03:06:19.239+0000][7][gc,phases   ] GC(40)   Post Evacuate Collection Set: 0.6ms
[2023-10-31T03:06:19.239+0000][7][gc,phases   ] GC(40)   Other: 0.4ms
[2023-10-31T03:06:19.239+0000][7][gc,heap     ] GC(40) Eden regions: 72->0(72)
[2023-10-31T03:06:19.239+0000][7][gc,heap     ] GC(40) Survivor regions: 3->3(10)
[2023-10-31T03:06:19.239+0000][7][gc,heap     ] GC(40) Old regions: 23->23
[2023-10-31T03:06:19.239+0000][7][gc,heap     ] GC(40) Archive regions: 2->2
[2023-10-31T03:06:19.239+0000][7][gc,heap     ] GC(40) Humongous regions: 5->5
[2023-10-31T03:06:19.239+0000][7][gc,metaspace] GC(40) Metaspace: 117135K(118848K)->117135K(118848K) NonClass: 101399K(102400K)->101399K(102400K) Class: 15736K(16448K)->15736K(16448K)
[2023-10-31T03:06:19.239+0000][7][gc          ] GC(40) Pause Young (Normal) (G1 Evacuation Pause) 411M->124M(512M) 5.943ms
[2023-10-31T03:06:19.239+0000][7][gc,cpu      ] GC(40) User=0.04s Sys=0.00s Real=0.01s
[2023-10-31T03:06:19.239+0000][7][safepoint   ] Safepoint "G1CollectForAllocation", Time since last: 152968193 ns, Reaching safepoint: 149088 ns, At safepoint: 6027691 ns, Total: 6176779 ns
[2023-10-31T03:06:20.240+0000][7][safepoint   ] Safepoint "Cleanup", Time since last: 1000107391 ns, Reaching safepoint: 90772 ns, At safepoint: 5576 ns, Total: 96348 ns
[2023-10-31T03:06:21.240+0000][7][safepoint   ] Safepoint "Cleanup", Time since last: 1000093031 ns, Reaching safepoint: 41303 ns, At safepoint: 18320 ns, Total: 59623 ns
[2023-10-31T03:06:22.240+0000][7][safepoint   ] Safepoint "Cleanup", Time since last: 1000114043 ns, Reaching safepoint: 177419 ns, At safepoint: 6458 ns, Total: 183877 ns
[2023-10-31T03:06:23.240+0000][7][safepoint   ] Safepoint "Cleanup", Time since last: 1000100649 ns, Reaching safepoint: 152530 ns, At safepoint: 8560 ns, Total: 161090 ns
[2023-10-31T03:06:24.804+0000][7][gc,start    ] GC(41) Pause Young (Normal) (G1 Evacuation Pause)
[2023-10-31T03:06:24.804+0000][7][gc,task     ] GC(41) Using 8 workers of 8 for evacuation
[2023-10-31T03:06:24.804+0000][7][gc,age      ] GC(41) Desired survivor size 20971520 bytes, new threshold 15 (max threshold 15)
[2023-10-31T03:06:24.808+0000][7][gc,age      ] GC(41) Age table with threshold 15 (max threshold 15)
[2023-10-31T03:06:24.808+0000][7][gc,age      ] GC(41) - age   1:    1773072 bytes,    1773072 total
[2023-10-31T03:06:24.808+0000][7][gc,age      ] GC(41) - age   2:     818616 bytes,    2591688 total
[2023-10-31T03:06:24.808+0000][7][gc,age      ] GC(41) - age   3:     333016 bytes,    2924704 total
[2023-10-31T03:06:24.808+0000][7][gc,age      ] GC(41) - age   4:    2040584 bytes,    4965288 total
[2023-10-31T03:06:24.808+0000][7][gc,age      ] GC(41) - age   5:    1044568 bytes,    6009856 total
[2023-10-31T03:06:24.808+0000][7][gc,age      ] GC(41) - age   6:     428832 bytes,    6438688 total
[2023-10-31T03:06:24.808+0000][7][gc,age      ] GC(41) - age   7:     448792 bytes,    6887480 total
[2023-10-31T03:06:24.808+0000][7][gc,age      ] GC(41) - age   8:     278080 bytes,    7165560 total
[2023-10-31T03:06:24.808+0000][7][gc,age      ] GC(41) - age   9:     277560 bytes,    7443120 total
[2023-10-31T03:06:24.808+0000][7][gc,age      ] GC(41) - age  10:     502448 bytes,    7945568 total
[2023-10-31T03:06:24.808+0000][7][gc,age      ] GC(41) - age  11:     495264 bytes,    8440832 total
[2023-10-31T03:06:24.808+0000][7][gc,age      ] GC(41) - age  12:     292752 bytes,    8733584 total
[2023-10-31T03:06:24.808+0000][7][gc,age      ] GC(41) - age  13:     445376 bytes,    9178960 total
[2023-10-31T03:06:24.808+0000][7][gc,age      ] GC(41) - age  14:     249288 bytes,    9428248 total
[2023-10-31T03:06:24.808+0000][7][gc,age      ] GC(41) - age  15:     372328 bytes,    9800576 total
[2023-10-31T03:06:24.808+0000][7][gc,phases   ] GC(41)   Pre Evacuate Collection Set: 0.1ms
[2023-10-31T03:06:24.808+0000][7][gc,phases   ] GC(41)   Merge Heap Roots: 0.0ms
[2023-10-31T03:06:24.808+0000][7][gc,phases   ] GC(41)   Evacuate Collection Set: 3.4ms
[2023-10-31T03:06:24.808+0000][7][gc,phases   ] GC(41)   Post Evacuate Collection Set: 0.7ms
[2023-10-31T03:06:24.808+0000][7][gc,phases   ] GC(41)   Other: 0.3ms
[2023-10-31T03:06:24.808+0000][7][gc,heap     ] GC(41) Eden regions: 72->0(72)
[2023-10-31T03:06:24.808+0000][7][gc,heap     ] GC(41) Survivor regions: 3->3(10)
[2023-10-31T03:06:24.808+0000][7][gc,heap     ] GC(41) Old regions: 23->23
[2023-10-31T03:06:24.808+0000][7][gc,heap     ] GC(41) Archive regions: 2->2
[2023-10-31T03:06:24.808+0000][7][gc,heap     ] GC(41) Humongous regions: 5->5
[2023-10-31T03:06:24.808+0000][7][gc,metaspace] GC(41) Metaspace: 117221K(118912K)->117221K(118912K) NonClass: 101485K(102464K)->101485K(102464K) Class: 15736K(16448K)->15736K(16448K)
[2023-10-31T03:06:24.808+0000][7][gc          ] GC(41) Pause Young (Normal) (G1 Evacuation Pause) 412M->122M(512M) 4.658ms
[2023-10-31T03:06:24.808+0000][7][gc,cpu      ] GC(41) User=0.03s Sys=0.00s Real=0.01s
[2023-10-31T03:06:24.809+0000][7][safepoint   ] Safepoint "G1CollectForAllocation", Time since last: 1563243103 ns, Reaching safepoint: 302059 ns, At safepoint: 4755376 ns, Total: 5057435 ns
[2023-10-31T03:06:25.809+0000][7][safepoint   ] Safepoint "Cleanup", Time since last: 1000137153 ns, Reaching safepoint: 73467 ns, At safepoint: 6180 ns, Total: 79647 ns
[2023-10-31T03:06:26.809+0000][7][safepoint   ] Safepoint "Cleanup", Time since last: 1000236549 ns, Reaching safepoint: 70072 ns, At safepoint: 5836 ns, Total: 75908 ns
[2023-10-31T03:06:27.809+0000][7][safepoint   ] Safepoint "Cleanup", Time since last: 1000221206 ns, Reaching safepoint: 79570 ns, At safepoint: 6413 ns, Total: 85983 ns
[2023-10-31T03:06:28.810+0000][7][safepoint   ] Safepoint "Cleanup", Time since last: 1000144132 ns, Reaching safepoint: 191871 ns, At safepoint: 7813 ns, Total: 199684 ns
[2023-10-31T03:06:29.839+0000][7][gc,start    ] GC(42) Pause Young (Normal) (G1 Evacuation Pause)
[2023-10-31T03:06:29.839+0000][7][gc,task     ] GC(42) Using 8 workers of 8 for evacuation
[2023-10-31T03:06:29.839+0000][7][gc,age      ] GC(42) Desired survivor size 20971520 bytes, new threshold 15 (max threshold 15)
[2023-10-31T03:06:29.847+0000][7][gc,age      ] GC(42) Age table with threshold 15 (max threshold 15)
[2023-10-31T03:06:29.847+0000][7][gc,age      ] GC(42) - age   1:    2715480 bytes,    2715480 total
[2023-10-31T03:06:29.847+0000][7][gc,age      ] GC(42) - age   2:     688928 bytes,    3404408 total
[2023-10-31T03:06:29.847+0000][7][gc,age      ] GC(42) - age   3:     591944 bytes,    3996352 total
[2023-10-31T03:06:29.847+0000][7][gc,age      ] GC(42) - age   4:     131240 bytes,    4127592 total
[2023-10-31T03:06:29.848+0000][7][gc,age      ] GC(42) - age   5:    1816880 bytes,    5944472 total
[2023-10-31T03:06:29.848+0000][7][gc,age      ] GC(42) - age   6:    1041296 bytes,    6985768 total
[2023-10-31T03:06:29.848+0000][7][gc,age      ] GC(42) - age   7:     428480 bytes,    7414248 total
[2023-10-31T03:06:29.848+0000][7][gc,age      ] GC(42) - age   8:     448664 bytes,    7862912 total
[2023-10-31T03:06:29.848+0000][7][gc,age      ] GC(42) - age   9:     277920 bytes,    8140832 total
[2023-10-31T03:06:29.848+0000][7][gc,age      ] GC(42) - age  10:     277560 bytes,    8418392 total
[2023-10-31T03:06:29.848+0000][7][gc,age      ] GC(42) - age  11:     502384 bytes,    8920776 total
[2023-10-31T03:06:29.848+0000][7][gc,age      ] GC(42) - age  12:     495264 bytes,    9416040 total
[2023-10-31T03:06:29.848+0000][7][gc,age      ] GC(42) - age  13:     292528 bytes,    9708568 total
[2023-10-31T03:06:29.848+0000][7][gc,age      ] GC(42) - age  14:     445376 bytes,   10153944 total
[2023-10-31T03:06:29.848+0000][7][gc,age      ] GC(42) - age  15:     249288 bytes,   10403232 total
[2023-10-31T03:06:29.848+0000][7][gc,phases   ] GC(42)   Pre Evacuate Collection Set: 0.1ms
[2023-10-31T03:06:29.848+0000][7][gc,phases   ] GC(42)   Merge Heap Roots: 0.0ms
[2023-10-31T03:06:29.848+0000][7][gc,phases   ] GC(42)   Evacuate Collection Set: 6.9ms
[2023-10-31T03:06:29.848+0000][7][gc,phases   ] GC(42)   Post Evacuate Collection Set: 0.9ms
[2023-10-31T03:06:29.848+0000][7][gc,phases   ] GC(42)   Other: 0.3ms
[2023-10-31T03:06:29.848+0000][7][gc,heap     ] GC(42) Eden regions: 72->0(72)
[2023-10-31T03:06:29.848+0000][7][gc,heap     ] GC(42) Survivor regions: 3->3(10)
[2023-10-31T03:06:29.848+0000][7][gc,heap     ] GC(42) Old regions: 23->23
[2023-10-31T03:06:29.848+0000][7][gc,heap     ] GC(42) Archive regions: 2->2
[2023-10-31T03:06:29.848+0000][7][gc,heap     ] GC(42) Humongous regions: 5->5
[2023-10-31T03:06:29.848+0000][7][gc,metaspace] GC(42) Metaspace: 117407K(119104K)->117407K(119104K) NonClass: 101656K(102592K)->101656K(102592K) Class: 15751K(16512K)->15751K(16512K)
[2023-10-31T03:06:29.848+0000][7][gc          ] GC(42) Pause Young (Normal) (G1 Evacuation Pause) 410M->124M(512M) 8.237ms
[2023-10-31T03:06:29.848+0000][7][gc,cpu      ] GC(42) User=0.03s Sys=0.01s Real=0.01s
[2023-10-31T03:06:29.848+0000][7][safepoint   ] Safepoint "G1CollectForAllocation", Time since last: 1029453204 ns, Reaching safepoint: 207141 ns, At safepoint: 8323203 ns, Total: 8530344 ns
[2023-10-31T03:06:31.122+0000][7][safepoint   ] Safepoint "Cleanup", Time since last: 1274453333 ns, Reaching safepoint: 81221 ns, At safepoint: 8589 ns, Total: 89810 ns
[2023-10-31T03:06:32.122+0000][7][safepoint   ] Safepoint "Cleanup", Time since last: 1000111048 ns, Reaching safepoint: 66788 ns, At safepoint: 13058 ns, Total: 79846 ns
[2023-10-31T03:06:33.123+0000][7][safepoint   ] Safepoint "Cleanup", Time since last: 1000159627 ns, Reaching safepoint: 159679 ns, At safepoint: 5564 ns, Total: 165243 ns
[2023-10-31T03:06:34.123+0000][7][safepoint   ] Safepoint "Cleanup", Time since last: 1000151393 ns, Reaching safepoint: 65185 ns, At safepoint: 8002 ns, Total: 73187 ns
[2023-10-31T03:06:35.123+0000][7][safepoint   ] Safepoint "Cleanup", Time since last: 1000169095 ns, Reaching safepoint: 70822 ns, At safepoint: 7916 ns, Total: 78738 ns
[2023-10-31T03:06:36.123+0000][7][safepoint   ] Safepoint "Cleanup", Time since last: 1000088986 ns, Reaching safepoint: 81036 ns, At safepoint: 8927 ns, Total: 89963 ns
[2023-10-31T03:06:37.124+0000][7][safepoint   ] Safepoint "Cleanup", Time since last: 1000202695 ns, Reaching safepoint: 94062 ns, At safepoint: 15371 ns, Total: 109433 ns
[2023-10-31T03:06:37.975+0000][7][gc,start    ] GC(43) Pause Young (Normal) (G1 Evacuation Pause)
[2023-10-31T03:06:37.975+0000][7][gc,task     ] GC(43) Using 8 workers of 8 for evacuation
[2023-10-31T03:06:37.975+0000][7][gc,age      ] GC(43) Desired survivor size 20971520 bytes, new threshold 15 (max threshold 15)
[2023-10-31T03:06:37.980+0000][7][gc,age      ] GC(43) Age table with threshold 15 (max threshold 15)
[2023-10-31T03:06:37.980+0000][7][gc,age      ] GC(43) - age   1:    2375560 bytes,    2375560 total
[2023-10-31T03:06:37.980+0000][7][gc,age      ] GC(43) - age   2:    1238784 bytes,    3614344 total
[2023-10-31T03:06:37.980+0000][7][gc,age      ] GC(43) - age   3:     178360 bytes,    3792704 total
[2023-10-31T03:06:37.980+0000][7][gc,age      ] GC(43) - age   4:     591392 bytes,    4384096 total
[2023-10-31T03:06:37.980+0000][7][gc,age      ] GC(43) - age   5:     131112 bytes,    4515208 total
[2023-10-31T03:06:37.980+0000][7][gc,age      ] GC(43) - age   6:    1816880 bytes,    6332088 total
[2023-10-31T03:06:37.980+0000][7][gc,age      ] GC(43) - age   7:    1041296 bytes,    7373384 total
[2023-10-31T03:06:37.980+0000][7][gc,age      ] GC(43) - age   8:     428416 bytes,    7801800 total
[2023-10-31T03:06:37.980+0000][7][gc,age      ] GC(43) - age   9:     448664 bytes,    8250464 total
[2023-10-31T03:06:37.980+0000][7][gc,age      ] GC(43) - age  10:     277920 bytes,    8528384 total
[2023-10-31T03:06:37.980+0000][7][gc,age      ] GC(43) - age  11:     277560 bytes,    8805944 total
[2023-10-31T03:06:37.980+0000][7][gc,age      ] GC(43) - age  12:     502384 bytes,    9308328 total
[2023-10-31T03:06:37.980+0000][7][gc,age      ] GC(43) - age  13:     495264 bytes,    9803592 total
[2023-10-31T03:06:37.980+0000][7][gc,age      ] GC(43) - age  14:     292528 bytes,   10096120 total
[2023-10-31T03:06:37.980+0000][7][gc,age      ] GC(43) - age  15:     445376 bytes,   10541496 total
[2023-10-31T03:06:37.980+0000][7][gc,phases   ] GC(43)   Pre Evacuate Collection Set: 0.1ms
[2023-10-31T03:06:37.980+0000][7][gc,phases   ] GC(43)   Merge Heap Roots: 0.0ms
[2023-10-31T03:06:37.980+0000][7][gc,phases   ] GC(43)   Evacuate Collection Set: 4.3ms
[2023-10-31T03:06:37.980+0000][7][gc,phases   ] GC(43)   Post Evacuate Collection Set: 0.7ms
[2023-10-31T03:06:37.980+0000][7][gc,phases   ] GC(43)   Other: 0.4ms
[2023-10-31T03:06:37.980+0000][7][gc,heap     ] GC(43) Eden regions: 72->0(72)
[2023-10-31T03:06:37.980+0000][7][gc,heap     ] GC(43) Survivor regions: 3->3(10)
[2023-10-31T03:06:37.980+0000][7][gc,heap     ] GC(43) Old regions: 23->23
[2023-10-31T03:06:37.980+0000][7][gc,heap     ] GC(43) Archive regions: 2->2
[2023-10-31T03:06:37.980+0000][7][gc,heap     ] GC(43) Humongous regions: 5->5
[2023-10-31T03:06:37.980+0000][7][gc,metaspace] GC(43) Metaspace: 117444K(119104K)->117444K(119104K) NonClass: 101693K(102592K)->101693K(102592K) Class: 15751K(16512K)->15751K(16512K)
[2023-10-31T03:06:37.980+0000][7][gc          ] GC(43) Pause Young (Normal) (G1 Evacuation Pause) 412M->124M(512M) 5.581ms
[2023-10-31T03:06:37.980+0000][7][gc,cpu      ] GC(43) User=0.03s Sys=0.00s Real=0.01s
[2023-10-31T03:06:37.980+0000][7][safepoint   ] Safepoint "G1CollectForAllocation", Time since last: 850876292 ns, Reaching safepoint: 88187 ns, At safepoint: 5651793 ns, Total: 5739980 ns
[2023-10-31T03:06:39.121+0000][7][safepoint   ] Safepoint "Cleanup", Time since last: 1140776006 ns, Reaching safepoint: 190674 ns, At safepoint: 6746 ns, Total: 197420 ns
[2023-10-31T03:06:40.122+0000][7][safepoint   ] Safepoint "Cleanup", Time since last: 1000092625 ns, Reaching safepoint: 108810 ns, At safepoint: 9507 ns, Total: 118317 ns
[2023-10-31T03:06:41.122+0000][7][safepoint   ] Safepoint "Cleanup", Time since last: 1000234969 ns, Reaching safepoint: 160719 ns, At safepoint: 6327 ns, Total: 167046 ns
[2023-10-31T03:06:42.122+0000][7][safepoint   ] Safepoint "Cleanup", Time since last: 1000113716 ns, Reaching safepoint: 91884 ns, At safepoint: 11554 ns, Total: 103438 ns
[2023-10-31T03:06:43.122+0000][7][safepoint   ] Safepoint "Cleanup", Time since last: 1000111682 ns, Reaching safepoint: 74876 ns, At safepoint: 6241 ns, Total: 81117 ns
[2023-10-31T03:06:44.040+0000][7][gc,start    ] GC(44) Pause Young (Normal) (G1 Evacuation Pause)
[2023-10-31T03:06:44.040+0000][7][gc,task     ] GC(44) Using 8 workers of 8 for evacuation
[2023-10-31T03:06:44.040+0000][7][gc,age      ] GC(44) Desired survivor size 20971520 bytes, new threshold 15 (max threshold 15)
[2023-10-31T03:06:44.045+0000][7][gc,age      ] GC(44) Age table with threshold 15 (max threshold 15)
[2023-10-31T03:06:44.045+0000][7][gc,age      ] GC(44) - age   1:    2021224 bytes,    2021224 total
[2023-10-31T03:06:44.045+0000][7][gc,age      ] GC(44) - age   2:     592472 bytes,    2613696 total
[2023-10-31T03:06:44.045+0000][7][gc,age      ] GC(44) - age   3:    1234112 bytes,    3847808 total
[2023-10-31T03:06:44.045+0000][7][gc,age      ] GC(44) - age   4:     177664 bytes,    4025472 total
[2023-10-31T03:06:44.045+0000][7][gc,age      ] GC(44) - age   5:     591392 bytes,    4616864 total
[2023-10-31T03:06:44.045+0000][7][gc,age      ] GC(44) - age   6:     130952 bytes,    4747816 total
[2023-10-31T03:06:44.045+0000][7][gc,age      ] GC(44) - age   7:    1816848 bytes,    6564664 total
[2023-10-31T03:06:44.045+0000][7][gc,age      ] GC(44) - age   8:    1041296 bytes,    7605960 total
[2023-10-31T03:06:44.045+0000][7][gc,age      ] GC(44) - age   9:     428232 bytes,    8034192 total
[2023-10-31T03:06:44.045+0000][7][gc,age      ] GC(44) - age  10:     448664 bytes,    8482856 total
[2023-10-31T03:06:44.045+0000][7][gc,age      ] GC(44) - age  11:     277920 bytes,    8760776 total
[2023-10-31T03:06:44.045+0000][7][gc,age      ] GC(44) - age  12:     277560 bytes,    9038336 total
[2023-10-31T03:06:44.045+0000][7][gc,age      ] GC(44) - age  13:     502384 bytes,    9540720 total
[2023-10-31T03:06:44.045+0000][7][gc,age      ] GC(44) - age  14:     495264 bytes,   10035984 total
[2023-10-31T03:06:44.045+0000][7][gc,age      ] GC(44) - age  15:     292528 bytes,   10328512 total
[2023-10-31T03:06:44.046+0000][7][gc,phases   ] GC(44)   Pre Evacuate Collection Set: 0.1ms
[2023-10-31T03:06:44.046+0000][7][gc,phases   ] GC(44)   Merge Heap Roots: 0.1ms
[2023-10-31T03:06:44.046+0000][7][gc,phases   ] GC(44)   Evacuate Collection Set: 4.5ms
[2023-10-31T03:06:44.046+0000][7][gc,phases   ] GC(44)   Post Evacuate Collection Set: 0.8ms
[2023-10-31T03:06:44.046+0000][7][gc,phases   ] GC(44)   Other: 0.4ms
[2023-10-31T03:06:44.046+0000][7][gc,heap     ] GC(44) Eden regions: 72->0(72)
[2023-10-31T03:06:44.046+0000][7][gc,heap     ] GC(44) Survivor regions: 3->3(10)
[2023-10-31T03:06:44.046+0000][7][gc,heap     ] GC(44) Old regions: 23->23
[2023-10-31T03:06:44.046+0000][7][gc,heap     ] GC(44) Archive regions: 2->2
[2023-10-31T03:06:44.046+0000][7][gc,heap     ] GC(44) Humongous regions: 5->5
[2023-10-31T03:06:44.046+0000][7][gc,metaspace] GC(44) Metaspace: 117468K(119168K)->117468K(119168K) NonClass: 101717K(102656K)->101717K(102656K) Class: 15751K(16512K)->15751K(16512K)
[2023-10-31T03:06:44.046+0000][7][gc          ] GC(44) Pause Young (Normal) (G1 Evacuation Pause) 412M->124M(512M) 5.850ms
[2023-10-31T03:06:44.046+0000][7][gc,cpu      ] GC(44) User=0.03s Sys=0.00s Real=0.00s
[2023-10-31T03:06:44.046+0000][7][safepoint   ] Safepoint "G1CollectForAllocation", Time since last: 917311964 ns, Reaching safepoint: 60602 ns, At safepoint: 5942985 ns, Total: 6003587 ns
[2023-10-31T03:06:46.046+0000][7][safepoint   ] Safepoint "Cleanup", Time since last: 2000158340 ns, Reaching safepoint: 58111 ns, At safepoint: 5207 ns, Total: 63318 ns
[2023-10-31T03:06:47.046+0000][7][safepoint   ] Safepoint "Cleanup", Time since last: 1000122590 ns, Reaching safepoint: 150631 ns, At safepoint: 9533 ns, Total: 160164 ns
[2023-10-31T03:06:48.046+0000][7][safepoint   ] Safepoint "Cleanup", Time since last: 1000102564 ns, Reaching safepoint: 56083 ns, At safepoint: 4630 ns, Total: 60713 ns
[2023-10-31T03:06:49.046+0000][7][safepoint   ] Safepoint "Cleanup", Time since last: 1000092038 ns, Reaching safepoint: 64873 ns, At safepoint: 20113 ns, Total: 84986 ns
[2023-10-31T03:06:50.047+0000][7][safepoint   ] Safepoint "Cleanup", Time since last: 1000112959 ns, Reaching safepoint: 81468 ns, At safepoint: 7667 ns, Total: 89135 ns
[2023-10-31T03:06:50.110+0000][7][gc,start    ] GC(45) Pause Young (Normal) (G1 Evacuation Pause)
[2023-10-31T03:06:50.110+0000][7][gc,task     ] GC(45) Using 8 workers of 8 for evacuation
[2023-10-31T03:06:50.110+0000][7][gc,age      ] GC(45) Desired survivor size 20971520 bytes, new threshold 15 (max threshold 15)
[2023-10-31T03:06:50.114+0000][7][gc,age      ] GC(45) Age table with threshold 15 (max threshold 15)
[2023-10-31T03:06:50.115+0000][7][gc,age      ] GC(45) - age   1:    1102984 bytes,    1102984 total
[2023-10-31T03:06:50.115+0000][7][gc,age      ] GC(45) - age   2:      34584 bytes,    1137568 total
[2023-10-31T03:06:50.115+0000][7][gc,age      ] GC(45) - age   3:     382720 bytes,    1520288 total
[2023-10-31T03:06:50.115+0000][7][gc,age      ] GC(45) - age   4:     806312 bytes,    2326600 total
[2023-10-31T03:06:50.115+0000][7][gc,age      ] GC(45) - age   5:     177496 bytes,    2504096 total
[2023-10-31T03:06:50.115+0000][7][gc,age      ] GC(45) - age   6:     585392 bytes,    3089488 total
[2023-10-31T03:06:50.115+0000][7][gc,age      ] GC(45) - age   7:     130888 bytes,    3220376 total
[2023-10-31T03:06:50.115+0000][7][gc,age      ] GC(45) - age   8:    1799496 bytes,    5019872 total
[2023-10-31T03:06:50.115+0000][7][gc,age      ] GC(45) - age   9:     913096 bytes,    5932968 total
[2023-10-31T03:06:50.115+0000][7][gc,age      ] GC(45) - age  10:     428168 bytes,    6361136 total
[2023-10-31T03:06:50.115+0000][7][gc,age      ] GC(45) - age  11:     448664 bytes,    6809800 total
[2023-10-31T03:06:50.115+0000][7][gc,age      ] GC(45) - age  12:     277920 bytes,    7087720 total
[2023-10-31T03:06:50.115+0000][7][gc,age      ] GC(45) - age  13:     277560 bytes,    7365280 total
[2023-10-31T03:06:50.115+0000][7][gc,age      ] GC(45) - age  14:     502384 bytes,    7867664 total
[2023-10-31T03:06:50.115+0000][7][gc,age      ] GC(45) - age  15:     495264 bytes,    8362928 total
[2023-10-31T03:06:50.115+0000][7][gc,phases   ] GC(45)   Pre Evacuate Collection Set: 0.1ms
[2023-10-31T03:06:50.115+0000][7][gc,phases   ] GC(45)   Merge Heap Roots: 0.0ms
[2023-10-31T03:06:50.115+0000][7][gc,phases   ] GC(45)   Evacuate Collection Set: 3.3ms
[2023-10-31T03:06:50.115+0000][7][gc,phases   ] GC(45)   Post Evacuate Collection Set: 0.6ms
[2023-10-31T03:06:50.115+0000][7][gc,phases   ] GC(45)   Other: 0.3ms
[2023-10-31T03:06:50.115+0000][7][gc,heap     ] GC(45) Eden regions: 72->0(72)
[2023-10-31T03:06:50.115+0000][7][gc,heap     ] GC(45) Survivor regions: 3->3(10)
[2023-10-31T03:06:50.115+0000][7][gc,heap     ] GC(45) Old regions: 23->23
[2023-10-31T03:06:50.115+0000][7][gc,heap     ] GC(45) Archive regions: 2->2
[2023-10-31T03:06:50.115+0000][7][gc,heap     ] GC(45) Humongous regions: 5->5
[2023-10-31T03:06:50.115+0000][7][gc,metaspace] GC(45) Metaspace: 117497K(119168K)->117497K(119168K) NonClass: 101746K(102656K)->101746K(102656K) Class: 15751K(16512K)->15751K(16512K)
[2023-10-31T03:06:50.115+0000][7][gc          ] GC(45) Pause Young (Normal) (G1 Evacuation Pause) 412M->122M(512M) 4.358ms
[2023-10-31T03:06:50.115+0000][7][gc,cpu      ] GC(45) User=0.03s Sys=0.00s Real=0.00s
[2023-10-31T03:06:50.115+0000][7][safepoint   ] Safepoint "G1CollectForAllocation", Time since last: 63592937 ns, Reaching safepoint: 30925 ns, At safepoint: 4434996 ns, Total: 4465921 ns
[2023-10-31T03:06:51.115+0000][7][safepoint   ] Safepoint "Cleanup", Time since last: 1000126541 ns, Reaching safepoint: 248701 ns, At safepoint: 9234 ns, Total: 257935 ns
[2023-10-31T03:06:52.116+0000][7][safepoint   ] Safepoint "Cleanup", Time since last: 1000361384 ns, Reaching safepoint: 127507 ns, At safepoint: 8816 ns, Total: 136323 ns
[2023-10-31T03:06:53.116+0000][7][safepoint   ] Safepoint "Cleanup", Time since last: 1000284288 ns, Reaching safepoint: 84143 ns, At safepoint: 7148 ns, Total: 91291 ns
[2023-10-31T03:06:54.116+0000][7][safepoint   ] Safepoint "Cleanup", Time since last: 1000133621 ns, Reaching safepoint: 43779 ns, At safepoint: 4196 ns, Total: 47975 ns
[2023-10-31T03:06:55.116+0000][7][safepoint   ] Safepoint "Cleanup", Time since last: 1000145220 ns, Reaching safepoint: 109482 ns, At safepoint: 17633 ns, Total: 127115 ns
[2023-10-31T03:06:56.117+0000][7][safepoint   ] Safepoint "Cleanup", Time since last: 1000113075 ns, Reaching safepoint: 54953 ns, At safepoint: 4366 ns, Total: 59319 ns
[2023-10-31T03:06:56.531+0000][7][gc,start    ] GC(46) Pause Young (Normal) (G1 Evacuation Pause)
[2023-10-31T03:06:56.531+0000][7][gc,task     ] GC(46) Using 8 workers of 8 for evacuation
[2023-10-31T03:06:56.531+0000][7][gc,age      ] GC(46) Desired survivor size 20971520 bytes, new threshold 15 (max threshold 15)
[2023-10-31T03:06:56.540+0000][7][gc,age      ] GC(46) Age table with threshold 15 (max threshold 15)
[2023-10-31T03:06:56.540+0000][7][gc,age      ] GC(46) - age   1:    2522248 bytes,    2522248 total
[2023-10-31T03:06:56.540+0000][7][gc,age      ] GC(46) - age   2:     526288 bytes,    3048536 total
[2023-10-31T03:06:56.540+0000][7][gc,age      ] GC(46) - age   3:      31336 bytes,    3079872 total
[2023-10-31T03:06:56.540+0000][7][gc,age      ] GC(46) - age   4:     381184 bytes,    3461056 total
[2023-10-31T03:06:56.540+0000][7][gc,age      ] GC(46) - age   5:     803904 bytes,    4264960 total
[2023-10-31T03:06:56.540+0000][7][gc,age      ] GC(46) - age   6:     172248 bytes,    4437208 total
[2023-10-31T03:06:56.540+0000][7][gc,age      ] GC(46) - age   7:     585296 bytes,    5022504 total
[2023-10-31T03:06:56.540+0000][7][gc,age      ] GC(46) - age   8:     130888 bytes,    5153392 total
[2023-10-31T03:06:56.540+0000][7][gc,age      ] GC(46) - age   9:    1799464 bytes,    6952856 total
[2023-10-31T03:06:56.540+0000][7][gc,age      ] GC(46) - age  10:     912736 bytes,    7865592 total
[2023-10-31T03:06:56.540+0000][7][gc,age      ] GC(46) - age  11:     428168 bytes,    8293760 total
[2023-10-31T03:06:56.540+0000][7][gc,age      ] GC(46) - age  12:     448664 bytes,    8742424 total
[2023-10-31T03:06:56.540+0000][7][gc,age      ] GC(46) - age  13:     277608 bytes,    9020032 total
[2023-10-31T03:06:56.540+0000][7][gc,age      ] GC(46) - age  14:     277560 bytes,    9297592 total
[2023-10-31T03:06:56.540+0000][7][gc,age      ] GC(46) - age  15:     502384 bytes,    9799976 total
[2023-10-31T03:06:56.541+0000][7][gc,phases   ] GC(46)   Pre Evacuate Collection Set: 0.1ms
[2023-10-31T03:06:56.541+0000][7][gc,phases   ] GC(46)   Merge Heap Roots: 0.0ms
[2023-10-31T03:06:56.541+0000][7][gc,phases   ] GC(46)   Evacuate Collection Set: 8.6ms
[2023-10-31T03:06:56.541+0000][7][gc,phases   ] GC(46)   Post Evacuate Collection Set: 0.5ms
[2023-10-31T03:06:56.541+0000][7][gc,phases   ] GC(46)   Other: 0.3ms
[2023-10-31T03:06:56.541+0000][7][gc,heap     ] GC(46) Eden regions: 72->0(72)
[2023-10-31T03:06:56.541+0000][7][gc,heap     ] GC(46) Survivor regions: 3->3(10)
[2023-10-31T03:06:56.541+0000][7][gc,heap     ] GC(46) Old regions: 23->23
[2023-10-31T03:06:56.541+0000][7][gc,heap     ] GC(46) Archive regions: 2->2
[2023-10-31T03:06:56.541+0000][7][gc,heap     ] GC(46) Humongous regions: 5->5
[2023-10-31T03:06:56.541+0000][7][gc,metaspace] GC(46) Metaspace: 117515K(119168K)->117515K(119168K) NonClass: 101763K(102656K)->101763K(102656K) Class: 15751K(16512K)->15751K(16512K)
[2023-10-31T03:06:56.541+0000][7][gc          ] GC(46) Pause Young (Normal) (G1 Evacuation Pause) 410M->125M(512M) 9.664ms
[2023-10-31T03:06:56.541+0000][7][gc,cpu      ] GC(46) User=0.03s Sys=0.00s Real=0.01s
[2023-10-31T03:06:56.541+0000][7][safepoint   ] Safepoint "G1CollectForAllocation", Time since last: 414256872 ns, Reaching safepoint: 61379 ns, At safepoint: 9730579 ns, Total: 9791958 ns
[2023-10-31T03:06:57.541+0000][7][safepoint   ] Safepoint "Cleanup", Time since last: 1000195671 ns, Reaching safepoint: 178536 ns, At safepoint: 6197 ns, Total: 184733 ns
[2023-10-31T03:06:58.541+0000][7][safepoint   ] Safepoint "Cleanup", Time since last: 1000153655 ns, Reaching safepoint: 156609 ns, At safepoint: 4995 ns, Total: 161604 ns
[2023-10-31T03:06:59.542+0000][7][safepoint   ] Safepoint "Cleanup", Time since last: 1000132247 ns, Reaching safepoint: 79149 ns, At safepoint: 4458 ns, Total: 83607 ns
[2023-10-31T03:07:01.542+0000][7][safepoint   ] Safepoint "Cleanup", Time since last: 2000222972 ns, Reaching safepoint: 155102 ns, At safepoint: 31033 ns, Total: 186135 ns
[2023-10-31T03:07:02.542+0000][7][safepoint   ] Safepoint "Cleanup", Time since last: 1000128335 ns, Reaching safepoint: 43618 ns, At safepoint: 6961 ns, Total: 50579 ns
[2023-10-31T03:07:03.542+0000][7][safepoint   ] Safepoint "Cleanup", Time since last: 1000134308 ns, Reaching safepoint: 90944 ns, At safepoint: 3748 ns, Total: 94692 ns
[2023-10-31T03:07:04.543+0000][7][safepoint   ] Safepoint "Cleanup", Time since last: 1000100681 ns, Reaching safepoint: 63766 ns, At safepoint: 9997 ns, Total: 73763 ns
[2023-10-31T03:07:05.543+0000][7][safepoint   ] Safepoint "Cleanup", Time since last: 1000096876 ns, Reaching safepoint: 89202 ns, At safepoint: 9916 ns, Total: 99118 ns
[2023-10-31T03:07:06.543+0000][7][safepoint   ] Safepoint "Cleanup", Time since last: 1000095024 ns, Reaching safepoint: 72901 ns, At safepoint: 9492 ns, Total: 82393 ns
[2023-10-31T03:07:07.543+0000][7][safepoint   ] Safepoint "Cleanup", Time since last: 1000113279 ns, Reaching safepoint: 74655 ns, At safepoint: 4378 ns, Total: 79033 ns
[2023-10-31T03:07:08.544+0000][7][safepoint   ] Safepoint "Cleanup", Time since last: 1000340004 ns, Reaching safepoint: 41974 ns, At safepoint: 5055 ns, Total: 47029 ns
[2023-10-31T03:07:10.544+0000][7][safepoint   ] Safepoint "Cleanup", Time since last: 2000756903 ns, Reaching safepoint: 120573 ns, At safepoint: 6295 ns, Total: 126868 ns
[2023-10-31T03:07:10.776+0000][7][gc,start    ] GC(47) Pause Young (Normal) (G1 Evacuation Pause)
[2023-10-31T03:07:10.776+0000][7][gc,task     ] GC(47) Using 8 workers of 8 for evacuation
[2023-10-31T03:07:10.776+0000][7][gc,age      ] GC(47) Desired survivor size 20971520 bytes, new threshold 15 (max threshold 15)
[2023-10-31T03:07:10.787+0000][7][gc,age      ] GC(47) Age table with threshold 15 (max threshold 15)
[2023-10-31T03:07:10.787+0000][7][gc,age      ] GC(47) - age   1:    2227880 bytes,    2227880 total
[2023-10-31T03:07:10.787+0000][7][gc,age      ] GC(47) - age   2:     324640 bytes,    2552520 total
[2023-10-31T03:07:10.787+0000][7][gc,age      ] GC(47) - age   3:     210520 bytes,    2763040 total
[2023-10-31T03:07:10.787+0000][7][gc,age      ] GC(47) - age   4:      30416 bytes,    2793456 total
[2023-10-31T03:07:10.787+0000][7][gc,age      ] GC(47) - age   5:     381120 bytes,    3174576 total
[2023-10-31T03:07:10.787+0000][7][gc,age      ] GC(47) - age   6:     802816 bytes,    3977392 total
[2023-10-31T03:07:10.787+0000][7][gc,age      ] GC(47) - age   7:     172248 bytes,    4149640 total
[2023-10-31T03:07:10.787+0000][7][gc,age      ] GC(47) - age   8:     585296 bytes,    4734936 total
[2023-10-31T03:07:10.787+0000][7][gc,age      ] GC(47) - age   9:     130888 bytes,    4865824 total
[2023-10-31T03:07:10.787+0000][7][gc,age      ] GC(47) - age  10:    1799152 bytes,    6664976 total
[2023-10-31T03:07:10.787+0000][7][gc,age      ] GC(47) - age  11:     912344 bytes,    7577320 total
[2023-10-31T03:07:10.787+0000][7][gc,age      ] GC(47) - age  12:     428168 bytes,    8005488 total
[2023-10-31T03:07:10.787+0000][7][gc,age      ] GC(47) - age  13:     448664 bytes,    8454152 total
[2023-10-31T03:07:10.787+0000][7][gc,age      ] GC(47) - age  14:     277608 bytes,    8731760 total
[2023-10-31T03:07:10.787+0000][7][gc,age      ] GC(47) - age  15:     277560 bytes,    9009320 total
[2023-10-31T03:07:10.787+0000][7][gc,phases   ] GC(47)   Pre Evacuate Collection Set: 0.1ms
[2023-10-31T03:07:10.787+0000][7][gc,phases   ] GC(47)   Merge Heap Roots: 0.0ms
[2023-10-31T03:07:10.787+0000][7][gc,phases   ] GC(47)   Evacuate Collection Set: 10.4ms
[2023-10-31T03:07:10.787+0000][7][gc,phases   ] GC(47)   Post Evacuate Collection Set: 0.6ms
[2023-10-31T03:07:10.787+0000][7][gc,phases   ] GC(47)   Other: 0.3ms
[2023-10-31T03:07:10.787+0000][7][gc,heap     ] GC(47) Eden regions: 72->0(72)
[2023-10-31T03:07:10.787+0000][7][gc,heap     ] GC(47) Survivor regions: 3->3(10)
[2023-10-31T03:07:10.787+0000][7][gc,heap     ] GC(47) Old regions: 23->23
[2023-10-31T03:07:10.787+0000][7][gc,heap     ] GC(47) Archive regions: 2->2
[2023-10-31T03:07:10.787+0000][7][gc,heap     ] GC(47) Humongous regions: 5->5
[2023-10-31T03:07:10.787+0000][7][gc,metaspace] GC(47) Metaspace: 117533K(119232K)->117533K(119232K) NonClass: 101781K(102720K)->101781K(102720K) Class: 15751K(16512K)->15751K(16512K)
[2023-10-31T03:07:10.787+0000][7][gc          ] GC(47) Pause Young (Normal) (G1 Evacuation Pause) 413M->124M(512M) 11.423ms
[2023-10-31T03:07:10.787+0000][7][gc,cpu      ] GC(47) User=0.03s Sys=0.00s Real=0.02s
[2023-10-31T03:07:10.787+0000][7][safepoint   ] Safepoint "G1CollectForAllocation", Time since last: 231239353 ns, Reaching safepoint: 46131 ns, At safepoint: 11488160 ns, Total: 11534291 ns
[2023-10-31T03:07:11.787+0000][7][safepoint   ] Safepoint "Cleanup", Time since last: 1000137182 ns, Reaching safepoint: 80782 ns, At safepoint: 7477 ns, Total: 88259 ns
[2023-10-31T03:07:12.788+0000][7][safepoint   ] Safepoint "Cleanup", Time since last: 1000137935 ns, Reaching safepoint: 65675 ns, At safepoint: 9276 ns, Total: 74951 ns
[2023-10-31T03:07:13.788+0000][7][safepoint   ] Safepoint "Cleanup", Time since last: 1000201948 ns, Reaching safepoint: 98696 ns, At safepoint: 35873 ns, Total: 134569 ns
[2023-10-31T03:07:16.788+0000][7][safepoint   ] Safepoint "Cleanup", Time since last: 3000303978 ns, Reaching safepoint: 121276 ns, At safepoint: 13937 ns, Total: 135213 ns
[2023-10-31T03:07:18.789+0000][7][safepoint   ] Safepoint "Cleanup", Time since last: 2000234211 ns, Reaching safepoint: 96923 ns, At safepoint: 6740 ns, Total: 103663 ns
[2023-10-31T03:07:19.789+0000][7][safepoint   ] Safepoint "Cleanup", Time since last: 1000128301 ns, Reaching safepoint: 53633 ns, At safepoint: 5114 ns, Total: 58747 ns
[2023-10-31T03:07:21.790+0000][7][safepoint   ] Safepoint "Cleanup", Time since last: 2000700387 ns, Reaching safepoint: 45165 ns, At safepoint: 5895 ns, Total: 51060 ns
[2023-10-31T03:07:22.790+0000][7][safepoint   ] Safepoint "Cleanup", Time since last: 1000210664 ns, Reaching safepoint: 75426 ns, At safepoint: 5253 ns, Total: 80679 ns
[2023-10-31T03:07:23.790+0000][7][safepoint   ] Safepoint "Cleanup", Time since last: 1000319055 ns, Reaching safepoint: 32372 ns, At safepoint: 3359 ns, Total: 35731 ns
[2023-10-31T03:07:25.791+0000][7][safepoint   ] Safepoint "Cleanup", Time since last: 2000236939 ns, Reaching safepoint: 59318 ns, At safepoint: 6833 ns, Total: 66151 ns
[2023-10-31T03:07:26.791+0000][7][safepoint   ] Safepoint "Cleanup", Time since last: 1000098885 ns, Reaching safepoint: 57905 ns, At safepoint: 5144 ns, Total: 63049 ns
[2023-10-31T03:07:27.791+0000][7][safepoint   ] Safepoint "Cleanup", Time since last: 1000098295 ns, Reaching safepoint: 33799 ns, At safepoint: 4890 ns, Total: 38689 ns
[2023-10-31T03:07:28.289+0000][7][gc,start    ] GC(48) Pause Young (Normal) (G1 Evacuation Pause)
[2023-10-31T03:07:28.289+0000][7][gc,task     ] GC(48) Using 8 workers of 8 for evacuation
[2023-10-31T03:07:28.289+0000][7][gc,age      ] GC(48) Desired survivor size 20971520 bytes, new threshold 15 (max threshold 15)
[2023-10-31T03:07:28.293+0000][7][gc,age      ] GC(48) Age table with threshold 15 (max threshold 15)
[2023-10-31T03:07:28.293+0000][7][gc,age      ] GC(48) - age   1:    2345952 bytes,    2345952 total
[2023-10-31T03:07:28.293+0000][7][gc,age      ] GC(48) - age   2:    1125408 bytes,    3471360 total
[2023-10-31T03:07:28.293+0000][7][gc,age      ] GC(48) - age   3:      77456 bytes,    3548816 total
[2023-10-31T03:07:28.293+0000][7][gc,age      ] GC(48) - age   4:     110944 bytes,    3659760 total
[2023-10-31T03:07:28.293+0000][7][gc,age      ] GC(48) - age   5:      30128 bytes,    3689888 total
[2023-10-31T03:07:28.293+0000][7][gc,age      ] GC(48) - age   6:     379344 bytes,    4069232 total
[2023-10-31T03:07:28.293+0000][7][gc,age      ] GC(48) - age   7:     726960 bytes,    4796192 total
[2023-10-31T03:07:28.293+0000][7][gc,age      ] GC(48) - age   8:      63696 bytes,    4859888 total
[2023-10-31T03:07:28.293+0000][7][gc,age      ] GC(48) - age   9:     580976 bytes,    5440864 total
[2023-10-31T03:07:28.293+0000][7][gc,age      ] GC(48) - age  10:     126224 bytes,    5567088 total
[2023-10-31T03:07:28.293+0000][7][gc,age      ] GC(48) - age  11:    1799152 bytes,    7366240 total
[2023-10-31T03:07:28.293+0000][7][gc,age      ] GC(48) - age  12:     912280 bytes,    8278520 total
[2023-10-31T03:07:28.293+0000][7][gc,age      ] GC(48) - age  13:     428168 bytes,    8706688 total
[2023-10-31T03:07:28.293+0000][7][gc,age      ] GC(48) - age  14:     448600 bytes,    9155288 total
[2023-10-31T03:07:28.293+0000][7][gc,age      ] GC(48) - age  15:     277608 bytes,    9432896 total
[2023-10-31T03:07:28.293+0000][7][gc,phases   ] GC(48)   Pre Evacuate Collection Set: 0.1ms
[2023-10-31T03:07:28.293+0000][7][gc,phases   ] GC(48)   Merge Heap Roots: 0.1ms
[2023-10-31T03:07:28.293+0000][7][gc,phases   ] GC(48)   Evacuate Collection Set: 3.7ms
[2023-10-31T03:07:28.293+0000][7][gc,phases   ] GC(48)   Post Evacuate Collection Set: 0.6ms
[2023-10-31T03:07:28.293+0000][7][gc,phases   ] GC(48)   Other: 0.2ms
[2023-10-31T03:07:28.293+0000][7][gc,heap     ] GC(48) Eden regions: 72->0(72)
[2023-10-31T03:07:28.293+0000][7][gc,heap     ] GC(48) Survivor regions: 3->3(10)
[2023-10-31T03:07:28.293+0000][7][gc,heap     ] GC(48) Old regions: 23->23
[2023-10-31T03:07:28.293+0000][7][gc,heap     ] GC(48) Archive regions: 2->2
[2023-10-31T03:07:28.293+0000][7][gc,heap     ] GC(48) Humongous regions: 5->5
[2023-10-31T03:07:28.293+0000][7][gc,metaspace] GC(48) Metaspace: 117564K(119232K)->117564K(119232K) NonClass: 101812K(102720K)->101812K(102720K) Class: 15751K(16512K)->15751K(16512K)
[2023-10-31T03:07:28.293+0000][7][gc          ] GC(48) Pause Young (Normal) (G1 Evacuation Pause) 412M->125M(512M) 4.616ms
[2023-10-31T03:07:28.293+0000][7][gc,cpu      ] GC(48) User=0.03s Sys=0.00s Real=0.00s
[2023-10-31T03:07:28.293+0000][7][safepoint   ] Safepoint "G1CollectForAllocation", Time since last: 497539028 ns, Reaching safepoint: 98853 ns, At safepoint: 4682046 ns, Total: 4780899 ns
[2023-10-31T03:07:29.293+0000][7][safepoint   ] Safepoint "Cleanup", Time since last: 1000071573 ns, Reaching safepoint: 77251 ns, At safepoint: 20943 ns, Total: 98194 ns
[2023-10-31T03:07:31.294+0000][7][safepoint   ] Safepoint "Cleanup", Time since last: 2000644336 ns, Reaching safepoint: 83163 ns, At safepoint: 5970 ns, Total: 89133 ns
[2023-10-31T03:07:33.294+0000][7][safepoint   ] Safepoint "Cleanup", Time since last: 2000223664 ns, Reaching safepoint: 72227 ns, At safepoint: 6330 ns, Total: 78557 ns
[2023-10-31T03:07:34.295+0000][7][safepoint   ] Safepoint "Cleanup", Time since last: 1000156508 ns, Reaching safepoint: 184028 ns, At safepoint: 6203 ns, Total: 190231 ns
[2023-10-31T03:07:35.295+0000][7][safepoint   ] Safepoint "Cleanup", Time since last: 1000107102 ns, Reaching safepoint: 32611 ns, At safepoint: 3101 ns, Total: 35712 ns
[2023-10-31T03:07:36.295+0000][7][safepoint   ] Safepoint "Cleanup", Time since last: 1000369527 ns, Reaching safepoint: 31075 ns, At safepoint: 4987 ns, Total: 36062 ns
[2023-10-31T03:07:37.296+0000][7][safepoint   ] Safepoint "Cleanup", Time since last: 1000590050 ns, Reaching safepoint: 42939 ns, At safepoint: 3699 ns, Total: 46638 ns
[2023-10-31T03:07:38.296+0000][7][safepoint   ] Safepoint "Cleanup", Time since last: 1000406154 ns, Reaching safepoint: 73188 ns, At safepoint: 27724 ns, Total: 100912 ns
[2023-10-31T03:07:39.297+0000][7][safepoint   ] Safepoint "Cleanup", Time since last: 1000144088 ns, Reaching safepoint: 123250 ns, At safepoint: 22238 ns, Total: 145488 ns
[2023-10-31T03:07:40.297+0000][7][safepoint   ] Safepoint "Cleanup", Time since last: 1000085329 ns, Reaching safepoint: 57607 ns, At safepoint: 5393 ns, Total: 63000 ns
[2023-10-31T03:07:41.297+0000][7][safepoint   ] Safepoint "Cleanup", Time since last: 1000087153 ns, Reaching safepoint: 60825 ns, At safepoint: 4893 ns, Total: 65718 ns
[2023-10-31T03:07:43.297+0000][7][safepoint   ] Safepoint "Cleanup", Time since last: 2000183871 ns, Reaching safepoint: 63128 ns, At safepoint: 6486 ns, Total: 69614 ns
[2023-10-31T03:07:44.298+0000][7][safepoint   ] Safepoint "Cleanup", Time since last: 1000127304 ns, Reaching safepoint: 41755 ns, At safepoint: 4834 ns, Total: 46589 ns
[2023-10-31T03:07:46.043+0000][7][gc,start    ] GC(49) Pause Young (Normal) (G1 Evacuation Pause)
[2023-10-31T03:07:46.043+0000][7][gc,task     ] GC(49) Using 8 workers of 8 for evacuation
[2023-10-31T03:07:46.043+0000][7][gc,age      ] GC(49) Desired survivor size 20971520 bytes, new threshold 15 (max threshold 15)
[2023-10-31T03:07:46.050+0000][7][gc,age      ] GC(49) Age table with threshold 15 (max threshold 15)
[2023-10-31T03:07:46.050+0000][7][gc,age      ] GC(49) - age   1:    1181600 bytes,    1181600 total
[2023-10-31T03:07:46.050+0000][7][gc,age      ] GC(49) - age   2:     621112 bytes,    1802712 total
[2023-10-31T03:07:46.050+0000][7][gc,age      ] GC(49) - age   3:    1123872 bytes,    2926584 total
[2023-10-31T03:07:46.050+0000][7][gc,age      ] GC(49) - age   4:      22560 bytes,    2949144 total
[2023-10-31T03:07:46.050+0000][7][gc,age      ] GC(49) - age   5:       2192 bytes,    2951336 total
[2023-10-31T03:07:46.050+0000][7][gc,age      ] GC(49) - age   6:        992 bytes,    2952328 total
[2023-10-31T03:07:46.050+0000][7][gc,age      ] GC(49) - age   7:     117264 bytes,    3069592 total
[2023-10-31T03:07:46.050+0000][7][gc,age      ] GC(49) - age   8:     341256 bytes,    3410848 total
[2023-10-31T03:07:46.050+0000][7][gc,age      ] GC(49) - age   9:      12480 bytes,    3423328 total
[2023-10-31T03:07:46.050+0000][7][gc,age      ] GC(49) - age  10:     580912 bytes,    4004240 total
[2023-10-31T03:07:46.050+0000][7][gc,age      ] GC(49) - age  11:     126224 bytes,    4130464 total
[2023-10-31T03:07:46.050+0000][7][gc,age      ] GC(49) - age  12:    1799024 bytes,    5929488 total
[2023-10-31T03:07:46.050+0000][7][gc,age      ] GC(49) - age  13:     912280 bytes,    6841768 total
[2023-10-31T03:07:46.050+0000][7][gc,age      ] GC(49) - age  14:     428168 bytes,    7269936 total
[2023-10-31T03:07:46.050+0000][7][gc,age      ] GC(49) - age  15:     448600 bytes,    7718536 total
[2023-10-31T03:07:46.051+0000][7][gc,phases   ] GC(49)   Pre Evacuate Collection Set: 0.1ms
[2023-10-31T03:07:46.051+0000][7][gc,phases   ] GC(49)   Merge Heap Roots: 0.1ms
[2023-10-31T03:07:46.051+0000][7][gc,phases   ] GC(49)   Evacuate Collection Set: 6.3ms
[2023-10-31T03:07:46.051+0000][7][gc,phases   ] GC(49)   Post Evacuate Collection Set: 0.6ms
[2023-10-31T03:07:46.051+0000][7][gc,phases   ] GC(49)   Other: 0.3ms
[2023-10-31T03:07:46.051+0000][7][gc,heap     ] GC(49) Eden regions: 72->0(73)
[2023-10-31T03:07:46.051+0000][7][gc,heap     ] GC(49) Survivor regions: 3->2(10)
[2023-10-31T03:07:46.051+0000][7][gc,heap     ] GC(49) Old regions: 23->24
[2023-10-31T03:07:46.051+0000][7][gc,heap     ] GC(49) Archive regions: 2->2
[2023-10-31T03:07:46.051+0000][7][gc,heap     ] GC(49) Humongous regions: 5->5
[2023-10-31T03:07:46.051+0000][7][gc,metaspace] GC(49) Metaspace: 117614K(119296K)->117614K(119296K) NonClass: 101862K(102784K)->101862K(102784K) Class: 15751K(16512K)->15751K(16512K)
[2023-10-31T03:07:46.051+0000][7][gc          ] GC(49) Pause Young (Normal) (G1 Evacuation Pause) 413M->123M(512M) 7.370ms
[2023-10-31T03:07:46.051+0000][7][gc,cpu      ] GC(49) User=0.02s Sys=0.01s Real=0.01s
[2023-10-31T03:07:46.051+0000][7][safepoint   ] Safepoint "G1CollectForAllocation", Time since last: 1745616270 ns, Reaching safepoint: 25746 ns, At safepoint: 7463965 ns, Total: 7489711 ns
[2023-10-31T03:07:47.051+0000][7][safepoint   ] Safepoint "Cleanup", Time since last: 1000076374 ns, Reaching safepoint: 114496 ns, At safepoint: 9265 ns, Total: 123761 ns
[2023-10-31T03:07:49.051+0000][7][safepoint   ] Safepoint "Cleanup", Time since last: 2000350961 ns, Reaching safepoint: 162843 ns, At safepoint: 29065 ns, Total: 191908 ns
[2023-10-31T03:07:50.052+0000][7][safepoint   ] Safepoint "Cleanup", Time since last: 1000236280 ns, Reaching safepoint: 84489 ns, At safepoint: 6519 ns, Total: 91008 ns
[2023-10-31T03:07:51.052+0000][7][safepoint   ] Safepoint "Cleanup", Time since last: 1000092931 ns, Reaching safepoint: 55967 ns, At safepoint: 3230 ns, Total: 59197 ns
[2023-10-31T03:07:52.052+0000][7][safepoint   ] Safepoint "Cleanup", Time since last: 1000146117 ns, Reaching safepoint: 58656 ns, At safepoint: 5974 ns, Total: 64630 ns
[2023-10-31T03:07:53.053+0000][7][safepoint   ] Safepoint "Cleanup", Time since last: 1000388768 ns, Reaching safepoint: 164899 ns, At safepoint: 10358 ns, Total: 175257 ns
[2023-10-31T03:07:54.053+0000][7][safepoint   ] Safepoint "Cleanup", Time since last: 1000228654 ns, Reaching safepoint: 72018 ns, At safepoint: 4961 ns, Total: 76979 ns
[2023-10-31T03:07:55.053+0000][7][safepoint   ] Safepoint "Cleanup", Time since last: 1000092913 ns, Reaching safepoint: 35780 ns, At safepoint: 4344 ns, Total: 40124 ns
[2023-10-31T03:07:56.053+0000][7][safepoint   ] Safepoint "Cleanup", Time since last: 1000120460 ns, Reaching safepoint: 63242 ns, At safepoint: 6606 ns, Total: 69848 ns
[2023-10-31T03:07:59.054+0000][7][safepoint   ] Safepoint "Cleanup", Time since last: 3000664068 ns, Reaching safepoint: 58948 ns, At safepoint: 5948 ns, Total: 64896 ns
[2023-10-31T03:08:01.054+0000][7][safepoint   ] Safepoint "Cleanup", Time since last: 2000258173 ns, Reaching safepoint: 74702 ns, At safepoint: 18471 ns, Total: 93173 ns
[2023-10-31T03:08:02.055+0000][7][safepoint   ] Safepoint "Cleanup", Time since last: 1000144869 ns, Reaching safepoint: 36442 ns, At safepoint: 3795 ns, Total: 40237 ns
[2023-10-31T03:08:03.867+0000][7][safepoint   ] Safepoint "Cleanup", Time since last: 1812222870 ns, Reaching safepoint: 157221 ns, At safepoint: 6839 ns, Total: 164060 ns
[2023-10-31T03:08:04.107+0000][7][gc,start    ] GC(50) Pause Young (Normal) (G1 Evacuation Pause)
[2023-10-31T03:08:04.107+0000][7][gc,task     ] GC(50) Using 8 workers of 8 for evacuation
[2023-10-31T03:08:04.107+0000][7][gc,age      ] GC(50) Desired survivor size 20971520 bytes, new threshold 15 (max threshold 15)
[2023-10-31T03:08:04.114+0000][7][gc,age      ] GC(50) Age table with threshold 15 (max threshold 15)
[2023-10-31T03:08:04.114+0000][7][gc,age      ] GC(50) - age   1:    1733072 bytes,    1733072 total
[2023-10-31T03:08:04.114+0000][7][gc,age      ] GC(50) - age   2:     834208 bytes,    2567280 total
[2023-10-31T03:08:04.114+0000][7][gc,age      ] GC(50) - age   3:     575416 bytes,    3142696 total
[2023-10-31T03:08:04.114+0000][7][gc,age      ] GC(50) - age   4:    1109152 bytes,    4251848 total
[2023-10-31T03:08:04.114+0000][7][gc,age      ] GC(50) - age   5:      21496 bytes,    4273344 total
[2023-10-31T03:08:04.114+0000][7][gc,age      ] GC(50) - age   6:       2064 bytes,    4275408 total
[2023-10-31T03:08:04.114+0000][7][gc,age      ] GC(50) - age   7:        928 bytes,    4276336 total
[2023-10-31T03:08:04.114+0000][7][gc,age      ] GC(50) - age   8:     117104 bytes,    4393440 total
[2023-10-31T03:08:04.114+0000][7][gc,age      ] GC(50) - age   9:     340720 bytes,    4734160 total
[2023-10-31T03:08:04.114+0000][7][gc,age      ] GC(50) - age  10:      12480 bytes,    4746640 total
[2023-10-31T03:08:04.114+0000][7][gc,age      ] GC(50) - age  11:     580912 bytes,    5327552 total
[2023-10-31T03:08:04.114+0000][7][gc,age      ] GC(50) - age  12:     126224 bytes,    5453776 total
[2023-10-31T03:08:04.114+0000][7][gc,age      ] GC(50) - age  13:    1799024 bytes,    7252800 total
[2023-10-31T03:08:04.114+0000][7][gc,age      ] GC(50) - age  14:     912216 bytes,    8165016 total
[2023-10-31T03:08:04.114+0000][7][gc,age      ] GC(50) - age  15:     428168 bytes,    8593184 total
[2023-10-31T03:08:04.114+0000][7][gc,phases   ] GC(50)   Pre Evacuate Collection Set: 0.1ms
[2023-10-31T03:08:04.114+0000][7][gc,phases   ] GC(50)   Merge Heap Roots: 0.0ms
[2023-10-31T03:08:04.114+0000][7][gc,phases   ] GC(50)   Evacuate Collection Set: 6.3ms
[2023-10-31T03:08:04.114+0000][7][gc,phases   ] GC(50)   Post Evacuate Collection Set: 0.5ms
[2023-10-31T03:08:04.114+0000][7][gc,phases   ] GC(50)   Other: 0.2ms
[2023-10-31T03:08:04.114+0000][7][gc,heap     ] GC(50) Eden regions: 73->0(71)
[2023-10-31T03:08:04.114+0000][7][gc,heap     ] GC(50) Survivor regions: 2->3(10)
[2023-10-31T03:08:04.114+0000][7][gc,heap     ] GC(50) Old regions: 24->24
[2023-10-31T03:08:04.114+0000][7][gc,heap     ] GC(50) Archive regions: 2->2
[2023-10-31T03:08:04.114+0000][7][gc,heap     ] GC(50) Humongous regions: 5->5
[2023-10-31T03:08:04.114+0000][7][gc,metaspace] GC(50) Metaspace: 117641K(119360K)->117641K(119360K) NonClass: 101889K(102848K)->101889K(102848K) Class: 15751K(16512K)->15751K(16512K)
[2023-10-31T03:08:04.114+0000][7][gc          ] GC(50) Pause Young (Normal) (G1 Evacuation Pause) 415M->125M(512M) 7.158ms
[2023-10-31T03:08:04.114+0000][7][gc,cpu      ] GC(50) User=0.03s Sys=0.00s Real=0.00s
[2023-10-31T03:08:04.114+0000][7][safepoint   ] Safepoint "G1CollectForAllocation", Time since last: 239594579 ns, Reaching safepoint: 79602 ns, At safepoint: 7218881 ns, Total: 7298483 ns
[2023-10-31T03:08:05.114+0000][7][safepoint   ] Safepoint "Cleanup", Time since last: 1000138799 ns, Reaching safepoint: 71426 ns, At safepoint: 7376 ns, Total: 78802 ns
[2023-10-31T03:08:06.114+0000][7][safepoint   ] Safepoint "Cleanup", Time since last: 1000236656 ns, Reaching safepoint: 171531 ns, At safepoint: 24707 ns, Total: 196238 ns
[2023-10-31T03:08:07.115+0000][7][safepoint   ] Safepoint "Cleanup", Time since last: 1000124312 ns, Reaching safepoint: 60313 ns, At safepoint: 15564 ns, Total: 75877 ns
[2023-10-31T03:08:09.115+0000][7][safepoint   ] Safepoint "Cleanup", Time since last: 2000196033 ns, Reaching safepoint: 118575 ns, At safepoint: 5499 ns, Total: 124074 ns
[2023-10-31T03:08:10.115+0000][7][safepoint   ] Safepoint "Cleanup", Time since last: 1000147553 ns, Reaching safepoint: 77578 ns, At safepoint: 4364 ns, Total: 81942 ns
[2023-10-31T03:08:11.115+0000][7][safepoint   ] Safepoint "Cleanup", Time since last: 1000171523 ns, Reaching safepoint: 94894 ns, At safepoint: 7238 ns, Total: 102132 ns
[2023-10-31T03:08:13.116+0000][7][safepoint   ] Safepoint "Cleanup", Time since last: 2000288639 ns, Reaching safepoint: 156467 ns, At safepoint: 6727 ns, Total: 163194 ns
[2023-10-31T03:08:14.116+0000][7][safepoint   ] Safepoint "Cleanup", Time since last: 1000097166 ns, Reaching safepoint: 80565 ns, At safepoint: 4551 ns, Total: 85116 ns
[2023-10-31T03:08:16.116+0000][7][safepoint   ] Safepoint "Cleanup", Time since last: 2000229228 ns, Reaching safepoint: 42624 ns, At safepoint: 6431 ns, Total: 49055 ns
[2023-10-31T03:08:19.117+0000][7][safepoint   ] Safepoint "Cleanup", Time since last: 3000619146 ns, Reaching safepoint: 148161 ns, At safepoint: 8815 ns, Total: 156976 ns
[2023-10-31T03:08:20.117+0000][7][safepoint   ] Safepoint "Cleanup", Time since last: 1000109171 ns, Reaching safepoint: 192038 ns, At safepoint: 4811 ns, Total: 196849 ns
[2023-10-31T03:08:21.118+0000][7][safepoint   ] Safepoint "Cleanup", Time since last: 1000158348 ns, Reaching safepoint: 169581 ns, At safepoint: 4102 ns, Total: 173683 ns
[2023-10-31T03:08:22.074+0000][7][gc,start    ] GC(51) Pause Young (Normal) (G1 Evacuation Pause)
[2023-10-31T03:08:22.074+0000][7][gc,task     ] GC(51) Using 8 workers of 8 for evacuation
[2023-10-31T03:08:22.074+0000][7][gc,age      ] GC(51) Desired survivor size 20971520 bytes, new threshold 15 (max threshold 15)
[2023-10-31T03:08:22.084+0000][7][gc,age      ] GC(51) Age table with threshold 15 (max threshold 15)
[2023-10-31T03:08:22.084+0000][7][gc,age      ] GC(51) - age   1:    1651624 bytes,    1651624 total
[2023-10-31T03:08:22.084+0000][7][gc,age      ] GC(51) - age   2:     446864 bytes,    2098488 total
[2023-10-31T03:08:22.084+0000][7][gc,age      ] GC(51) - age   3:     740752 bytes,    2839240 total
[2023-10-31T03:08:22.084+0000][7][gc,age      ] GC(51) - age   4:     415864 bytes,    3255104 total
[2023-10-31T03:08:22.084+0000][7][gc,age      ] GC(51) - age   5:    1107448 bytes,    4362552 total
[2023-10-31T03:08:22.084+0000][7][gc,age      ] GC(51) - age   6:      21496 bytes,    4384048 total
[2023-10-31T03:08:22.084+0000][7][gc,age      ] GC(51) - age   7:       1904 bytes,    4385952 total
[2023-10-31T03:08:22.084+0000][7][gc,age      ] GC(51) - age   8:        928 bytes,    4386880 total
[2023-10-31T03:08:22.084+0000][7][gc,age      ] GC(51) - age   9:     117104 bytes,    4503984 total
[2023-10-31T03:08:22.084+0000][7][gc,age      ] GC(51) - age  10:     338920 bytes,    4842904 total
[2023-10-31T03:08:22.084+0000][7][gc,age      ] GC(51) - age  11:      12416 bytes,    4855320 total
[2023-10-31T03:08:22.084+0000][7][gc,age      ] GC(51) - age  12:     580808 bytes,    5436128 total
[2023-10-31T03:08:22.084+0000][7][gc,age      ] GC(51) - age  13:     126040 bytes,    5562168 total
[2023-10-31T03:08:22.084+0000][7][gc,age      ] GC(51) - age  14:    1798848 bytes,    7361016 total
[2023-10-31T03:08:22.084+0000][7][gc,age      ] GC(51) - age  15:     912216 bytes,    8273232 total
[2023-10-31T03:08:22.084+0000][7][gc,phases   ] GC(51)   Pre Evacuate Collection Set: 0.1ms
[2023-10-31T03:08:22.084+0000][7][gc,phases   ] GC(51)   Merge Heap Roots: 0.0ms
[2023-10-31T03:08:22.084+0000][7][gc,phases   ] GC(51)   Evacuate Collection Set: 8.5ms
[2023-10-31T03:08:22.084+0000][7][gc,phases   ] GC(51)   Post Evacuate Collection Set: 0.7ms
[2023-10-31T03:08:22.084+0000][7][gc,phases   ] GC(51)   Other: 0.3ms
[2023-10-31T03:08:22.084+0000][7][gc,heap     ] GC(51) Eden regions: 71->0(71)
[2023-10-31T03:08:22.084+0000][7][gc,heap     ] GC(51) Survivor regions: 3->3(10)
[2023-10-31T03:08:22.084+0000][7][gc,heap     ] GC(51) Old regions: 24->24
[2023-10-31T03:08:22.084+0000][7][gc,heap     ] GC(51) Archive regions: 2->2
[2023-10-31T03:08:22.084+0000][7][gc,heap     ] GC(51) Humongous regions: 5->5
[2023-10-31T03:08:22.084+0000][7][gc,metaspace] GC(51) Metaspace: 117780K(119424K)->117780K(119424K) NonClass: 101990K(102912K)->101990K(102912K) Class: 15790K(16512K)->15790K(16512K)
[2023-10-31T03:08:22.084+0000][7][gc          ] GC(51) Pause Young (Normal) (G1 Evacuation Pause) 409M->125M(512M) 9.702ms
[2023-10-31T03:08:22.084+0000][7][gc,cpu      ] GC(51) User=0.03s Sys=0.00s Real=0.01s
[2023-10-31T03:08:22.084+0000][7][safepoint   ] Safepoint "G1CollectForAllocation", Time since last: 956459472 ns, Reaching safepoint: 75731 ns, At safepoint: 9763326 ns, Total: 9839057 ns
[2023-10-31T03:08:23.084+0000][7][safepoint   ] Safepoint "Cleanup", Time since last: 1000333561 ns, Reaching safepoint: 37628 ns, At safepoint: 5275 ns, Total: 42903 ns
[2023-10-31T03:08:24.085+0000][7][safepoint   ] Safepoint "Cleanup", Time since last: 1000188105 ns, Reaching safepoint: 173245 ns, At safepoint: 3049 ns, Total: 176294 ns
[2023-10-31T03:08:25.085+0000][7][safepoint   ] Safepoint "Cleanup", Time since last: 1000122257 ns, Reaching safepoint: 38838 ns, At safepoint: 17484 ns, Total: 56322 ns
[2023-10-31T03:08:26.085+0000][7][safepoint   ] Safepoint "Cleanup", Time since last: 1000351362 ns, Reaching safepoint: 32275 ns, At safepoint: 5248 ns, Total: 37523 ns
[2023-10-31T03:08:27.086+0000][7][safepoint   ] Safepoint "Cleanup", Time since last: 1000121698 ns, Reaching safepoint: 96773 ns, At safepoint: 10614 ns, Total: 107387 ns
[2023-10-31T03:08:28.086+0000][7][safepoint   ] Safepoint "Cleanup", Time since last: 1000088019 ns, Reaching safepoint: 101137 ns, At safepoint: 6142 ns, Total: 107279 ns
[2023-10-31T03:08:29.086+0000][7][safepoint   ] Safepoint "Cleanup", Time since last: 1000089712 ns, Reaching safepoint: 96262 ns, At safepoint: 9000 ns, Total: 105262 ns
[2023-10-31T03:08:31.087+0000][7][safepoint   ] Safepoint "Cleanup", Time since last: 2000466213 ns, Reaching safepoint: 83513 ns, At safepoint: 32699 ns, Total: 116212 ns
[2023-10-31T03:08:32.087+0000][7][safepoint   ] Safepoint "Cleanup", Time since last: 1000143348 ns, Reaching safepoint: 58046 ns, At safepoint: 4162 ns, Total: 62208 ns
[2023-10-31T03:08:33.088+0000][7][safepoint   ] Safepoint "Cleanup", Time since last: 1001099261 ns, Reaching safepoint: 79008 ns, At safepoint: 5788 ns, Total: 84796 ns
[2023-10-31T03:08:34.089+0000][7][safepoint   ] Safepoint "Cleanup", Time since last: 1001039560 ns, Reaching safepoint: 159857 ns, At safepoint: 18887 ns, Total: 178744 ns
[2023-10-31T03:08:35.098+0000][7][safepoint   ] Safepoint "Cleanup", Time since last: 1009055876 ns, Reaching safepoint: 93021 ns, At safepoint: 4298 ns, Total: 97319 ns
[2023-10-31T03:08:38.099+0000][7][safepoint   ] Safepoint "Cleanup", Time since last: 3000241673 ns, Reaching safepoint: 55146 ns, At safepoint: 3033 ns, Total: 58179 ns
[2023-10-31T03:08:42.099+0000][7][safepoint   ] Safepoint "Cleanup", Time since last: 4000477098 ns, Reaching safepoint: 71774 ns, At safepoint: 23755 ns, Total: 95529 ns
[2023-10-31T03:08:43.100+0000][7][safepoint   ] Safepoint "Cleanup", Time since last: 1000366229 ns, Reaching safepoint: 77273 ns, At safepoint: 6678 ns, Total: 83951 ns
[2023-10-31T03:08:43.260+0000][7][gc,start    ] GC(52) Pause Young (Normal) (G1 Evacuation Pause)
[2023-10-31T03:08:43.260+0000][7][gc,task     ] GC(52) Using 8 workers of 8 for evacuation
[2023-10-31T03:08:43.260+0000][7][gc,age      ] GC(52) Desired survivor size 20971520 bytes, new threshold 15 (max threshold 15)
[2023-10-31T03:08:43.267+0000][7][gc,age      ] GC(52) Age table with threshold 15 (max threshold 15)
[2023-10-31T03:08:43.267+0000][7][gc,age      ] GC(52) - age   1:    1739984 bytes,    1739984 total
[2023-10-31T03:08:43.267+0000][7][gc,age      ] GC(52) - age   2:     364824 bytes,    2104808 total
[2023-10-31T03:08:43.267+0000][7][gc,age      ] GC(52) - age   3:     390584 bytes,    2495392 total
[2023-10-31T03:08:43.267+0000][7][gc,age      ] GC(52) - age   4:     619976 bytes,    3115368 total
[2023-10-31T03:08:43.267+0000][7][gc,age      ] GC(52) - age   5:     364008 bytes,    3479376 total
[2023-10-31T03:08:43.267+0000][7][gc,age      ] GC(52) - age   6:     827688 bytes,    4307064 total
[2023-10-31T03:08:43.267+0000][7][gc,age      ] GC(52) - age   7:      21496 bytes,    4328560 total
[2023-10-31T03:08:43.267+0000][7][gc,age      ] GC(52) - age   8:       1560 bytes,    4330120 total
[2023-10-31T03:08:43.267+0000][7][gc,age      ] GC(52) - age   9:        568 bytes,    4330688 total
[2023-10-31T03:08:43.267+0000][7][gc,age      ] GC(52) - age  10:     117104 bytes,    4447792 total
[2023-10-31T03:08:43.267+0000][7][gc,age      ] GC(52) - age  11:     219456 bytes,    4667248 total
[2023-10-31T03:08:43.267+0000][7][gc,age      ] GC(52) - age  12:      11784 bytes,    4679032 total
[2023-10-31T03:08:43.267+0000][7][gc,age      ] GC(52) - age  13:     580808 bytes,    5259840 total
[2023-10-31T03:08:43.267+0000][7][gc,age      ] GC(52) - age  14:     126040 bytes,    5385880 total
[2023-10-31T03:08:43.267+0000][7][gc,age      ] GC(52) - age  15:    1575696 bytes,    6961576 total
[2023-10-31T03:08:43.267+0000][7][gc,phases   ] GC(52)   Pre Evacuate Collection Set: 0.1ms
[2023-10-31T03:08:43.267+0000][7][gc,phases   ] GC(52)   Merge Heap Roots: 0.1ms
[2023-10-31T03:08:43.267+0000][7][gc,phases   ] GC(52)   Evacuate Collection Set: 6.6ms
[2023-10-31T03:08:43.267+0000][7][gc,phases   ] GC(52)   Post Evacuate Collection Set: 0.7ms
[2023-10-31T03:08:43.267+0000][7][gc,phases   ] GC(52)   Other: 0.3ms
[2023-10-31T03:08:43.267+0000][7][gc,heap     ] GC(52) Eden regions: 71->0(73)
[2023-10-31T03:08:43.267+0000][7][gc,heap     ] GC(52) Survivor regions: 3->2(10)
[2023-10-31T03:08:43.267+0000][7][gc,heap     ] GC(52) Old regions: 24->24
[2023-10-31T03:08:43.267+0000][7][gc,heap     ] GC(52) Archive regions: 2->2
[2023-10-31T03:08:43.267+0000][7][gc,heap     ] GC(52) Humongous regions: 5->5
[2023-10-31T03:08:43.267+0000][7][gc,metaspace] GC(52) Metaspace: 117931K(119616K)->117931K(119616K) NonClass: 102124K(103104K)->102124K(103104K) Class: 15807K(16512K)->15807K(16512K)
[2023-10-31T03:08:43.267+0000][7][gc          ] GC(52) Pause Young (Normal) (G1 Evacuation Pause) 409M->125M(512M) 7.702ms
[2023-10-31T03:08:43.267+0000][7][gc,cpu      ] GC(52) User=0.03s Sys=0.02s Real=0.01s
[2023-10-31T03:08:43.267+0000][7][safepoint   ] Safepoint "G1CollectForAllocation", Time since last: 159885522 ns, Reaching safepoint: 84449 ns, At safepoint: 7822117 ns, Total: 7906566 ns
[2023-10-31T03:08:43.556+0000][7][gc,heap,exit] Heap
[2023-10-31T03:08:43.556+0000][7][gc,heap,exit]  garbage-first heap   total 524288K, used 177011K [0x00000000e0000000, 0x0000000100000000)
[2023-10-31T03:08:43.556+0000][7][gc,heap,exit]   region size 4096K, 14 young (57344K), 2 survivors (8192K)
[2023-10-31T03:08:43.556+0000][7][gc,heap,exit]  Metaspace       used 118008K, committed 119744K, reserved 1155072K
[2023-10-31T03:08:43.556+0000][7][gc,heap,exit]   class space    used 15825K, committed 16576K, reserved 1048576K
