[2023-10-18T13:51:39.070+0000][7][gc] Using G1
[2023-10-18T13:51:39.163+0000][7][gc,init] Version: 17.0.1+12 (release)
[2023-10-18T13:51:39.163+0000][7][gc,init] CPUs: 8 total, 8 available
[2023-10-18T13:51:39.163+0000][7][gc,init] Memory: 7659M
[2023-10-18T13:51:39.163+0000][7][gc,init] Large Page Support: Disabled
[2023-10-18T13:51:39.163+0000][7][gc,init] NUMA Support: Disabled
[2023-10-18T13:51:39.163+0000][7][gc,init] Compressed Oops: Enabled (32-bit)
[2023-10-18T13:51:39.164+0000][7][gc,init] Heap Region Size: 4M
[2023-10-18T13:51:39.164+0000][7][gc,init] Heap Min Capacity: 512M
[2023-10-18T13:51:39.164+0000][7][gc,init] Heap Initial Capacity: 512M
[2023-10-18T13:51:39.164+0000][7][gc,init] Heap Max Capacity: 512M
[2023-10-18T13:51:39.164+0000][7][gc,init] Pre-touch: Enabled
[2023-10-18T13:51:39.164+0000][7][gc,init] Parallel Workers: 8
[2023-10-18T13:51:39.164+0000][7][gc,init] Concurrent Workers: 2
[2023-10-18T13:51:39.164+0000][7][gc,init] Concurrent Refinement Workers: 8
[2023-10-18T13:51:39.164+0000][7][gc,init] Periodic GC: Disabled
[2023-10-18T13:51:39.164+0000][7][gc,metaspace] CDS archive(s) mapped at: [0x0000000800000000-0x0000000800bd1000-0x0000000800bd1000), size 12390400, SharedBaseAddress: 0x0000000800000000, ArchiveRelocationMode: 0.
[2023-10-18T13:51:39.164+0000][7][gc,metaspace] Compressed class space mapped at: 0x0000000800c00000-0x0000000840c00000, reserved size: 1073741824
[2023-10-18T13:51:39.164+0000][7][gc,metaspace] Narrow klass base: 0x0000000800000000, Narrow klass shift: 0, Narrow klass range: 0x100000000
[2023-10-18T13:51:39.692+0000][7][safepoint   ] Safepoint "ICBufferFull", Time since last: 520890863 ns, Reaching safepoint: 111212 ns, At safepoint: 5557 ns, Total: 116769 ns
[2023-10-18T13:51:39.943+0000][7][gc,start    ] GC(0) Pause Young (Normal) (G1 Evacuation Pause)
[2023-10-18T13:51:39.943+0000][7][gc,task     ] GC(0) Using 8 workers of 8 for evacuation
[2023-10-18T13:51:39.943+0000][7][gc,age      ] GC(0) Desired survivor size 2097152 bytes, new threshold 15 (max threshold 15)
[2023-10-18T13:51:39.946+0000][7][gc,age      ] GC(0) Age table with threshold 15 (max threshold 15)
[2023-10-18T13:51:39.946+0000][7][gc,age      ] GC(0) - age   1:    4080072 bytes,    4080072 total
[2023-10-18T13:51:39.946+0000][7][gc,phases   ] GC(0)   Pre Evacuate Collection Set: 0.1ms
[2023-10-18T13:51:39.946+0000][7][gc,phases   ] GC(0)   Merge Heap Roots: 0.0ms
[2023-10-18T13:51:39.946+0000][7][gc,phases   ] GC(0)   Evacuate Collection Set: 2.6ms
[2023-10-18T13:51:39.946+0000][7][gc,phases   ] GC(0)   Post Evacuate Collection Set: 0.4ms
[2023-10-18T13:51:39.946+0000][7][gc,phases   ] GC(0)   Other: 0.2ms
[2023-10-18T13:51:39.946+0000][7][gc,heap     ] GC(0) Eden regions: 6->0(6)
[2023-10-18T13:51:39.946+0000][7][gc,heap     ] GC(0) Survivor regions: 0->1(1)
[2023-10-18T13:51:39.946+0000][7][gc,heap     ] GC(0) Old regions: 0->0
[2023-10-18T13:51:39.946+0000][7][gc,heap     ] GC(0) Archive regions: 2->2
[2023-10-18T13:51:39.946+0000][7][gc,heap     ] GC(0) Humongous regions: 0->0
[2023-10-18T13:51:39.946+0000][7][gc,metaspace] GC(0) Metaspace: 7531K(7680K)->7531K(7680K) NonClass: 6661K(6720K)->6661K(6720K) Class: 870K(960K)->870K(960K)
[2023-10-18T13:51:39.946+0000][7][gc          ] GC(0) Pause Young (Normal) (G1 Evacuation Pause) 27M->7M(512M) 3.400ms
[2023-10-18T13:51:39.946+0000][7][gc,cpu      ] GC(0) User=0.01s Sys=0.00s Real=0.01s
[2023-10-18T13:51:39.946+0000][7][safepoint   ] Safepoint "G1CollectForAllocation", Time since last: 250721401 ns, Reaching safepoint: 75058 ns, At safepoint: 3506744 ns, Total: 3581802 ns
[2023-10-18T13:51:41.067+0000][7][safepoint   ] Safepoint "Cleanup", Time since last: 1120881741 ns, Reaching safepoint: 146434 ns, At safepoint: 4730 ns, Total: 151164 ns
[2023-10-18T13:51:41.253+0000][7][gc,start    ] GC(1) Pause Young (Normal) (G1 Evacuation Pause)
[2023-10-18T13:51:41.253+0000][7][gc,task     ] GC(1) Using 8 workers of 8 for evacuation
[2023-10-18T13:51:41.253+0000][7][gc,age      ] GC(1) Desired survivor size 2097152 bytes, new threshold 1 (max threshold 15)
[2023-10-18T13:51:41.267+0000][7][gc,age      ] GC(1) Age table with threshold 1 (max threshold 15)
[2023-10-18T13:51:41.268+0000][7][gc,age      ] GC(1) - age   1:    2356608 bytes,    2356608 total
[2023-10-18T13:51:41.268+0000][7][gc,phases   ] GC(1)   Pre Evacuate Collection Set: 0.1ms
[2023-10-18T13:51:41.268+0000][7][gc,phases   ] GC(1)   Merge Heap Roots: 0.1ms
[2023-10-18T13:51:41.268+0000][7][gc,phases   ] GC(1)   Evacuate Collection Set: 12.3ms
[2023-10-18T13:51:41.268+0000][7][gc,phases   ] GC(1)   Post Evacuate Collection Set: 1.6ms
[2023-10-18T13:51:41.268+0000][7][gc,phases   ] GC(1)   Other: 0.4ms
[2023-10-18T13:51:41.268+0000][7][gc,heap     ] GC(1) Eden regions: 6->0(16)
[2023-10-18T13:51:41.268+0000][7][gc,heap     ] GC(1) Survivor regions: 1->1(1)
[2023-10-18T13:51:41.268+0000][7][gc,heap     ] GC(1) Old regions: 0->1
[2023-10-18T13:51:41.268+0000][7][gc,heap     ] GC(1) Archive regions: 2->2
[2023-10-18T13:51:41.268+0000][7][gc,heap     ] GC(1) Humongous regions: 0->0
[2023-10-18T13:51:41.268+0000][7][gc,metaspace] GC(1) Metaspace: 12354K(12608K)->12354K(12608K) NonClass: 10861K(11008K)->10861K(11008K) Class: 1493K(1600K)->1493K(1600K)
[2023-10-18T13:51:41.268+0000][7][gc          ] GC(1) Pause Young (Normal) (G1 Evacuation Pause) 31M->10M(512M) 14.663ms
[2023-10-18T13:51:41.268+0000][7][gc,cpu      ] GC(1) User=0.02s Sys=0.01s Real=0.02s
[2023-10-18T13:51:41.268+0000][7][safepoint   ] Safepoint "G1CollectForAllocation", Time since last: 185507235 ns, Reaching safepoint: 82892 ns, At safepoint: 14759275 ns, Total: 14842167 ns
[2023-10-18T13:51:42.268+0000][7][safepoint   ] Safepoint "Cleanup", Time since last: 1000113167 ns, Reaching safepoint: 303123 ns, At safepoint: 10963 ns, Total: 314086 ns
[2023-10-18T13:51:42.761+0000][7][gc,start    ] GC(2) Pause Young (Normal) (G1 Evacuation Pause)
[2023-10-18T13:51:42.761+0000][7][gc,task     ] GC(2) Using 8 workers of 8 for evacuation
[2023-10-18T13:51:42.761+0000][7][gc,age      ] GC(2) Desired survivor size 6291456 bytes, new threshold 15 (max threshold 15)
[2023-10-18T13:51:42.769+0000][7][gc,age      ] GC(2) Age table with threshold 15 (max threshold 15)
[2023-10-18T13:51:42.769+0000][7][gc,age      ] GC(2) - age   1:    2943976 bytes,    2943976 total
[2023-10-18T13:51:42.769+0000][7][gc,age      ] GC(2) - age   2:    2325832 bytes,    5269808 total
[2023-10-18T13:51:42.769+0000][7][gc,phases   ] GC(2)   Pre Evacuate Collection Set: 0.1ms
[2023-10-18T13:51:42.769+0000][7][gc,phases   ] GC(2)   Merge Heap Roots: 0.0ms
[2023-10-18T13:51:42.769+0000][7][gc,phases   ] GC(2)   Evacuate Collection Set: 8.0ms
[2023-10-18T13:51:42.769+0000][7][gc,phases   ] GC(2)   Post Evacuate Collection Set: 0.5ms
[2023-10-18T13:51:42.769+0000][7][gc,phases   ] GC(2)   Other: 0.2ms
[2023-10-18T13:51:42.769+0000][7][gc,heap     ] GC(2) Eden regions: 16->0(74)
[2023-10-18T13:51:42.769+0000][7][gc,heap     ] GC(2) Survivor regions: 1->2(3)
[2023-10-18T13:51:42.769+0000][7][gc,heap     ] GC(2) Old regions: 1->1
[2023-10-18T13:51:42.769+0000][7][gc,heap     ] GC(2) Archive regions: 2->2
[2023-10-18T13:51:42.769+0000][7][gc,heap     ] GC(2) Humongous regions: 0->0
[2023-10-18T13:51:42.769+0000][7][gc,metaspace] GC(2) Metaspace: 14405K(14656K)->14405K(14656K) NonClass: 12731K(12864K)->12731K(12864K) Class: 1673K(1792K)->1673K(1792K)
[2023-10-18T13:51:42.769+0000][7][gc          ] GC(2) Pause Young (Normal) (G1 Evacuation Pause) 74M->13M(512M) 8.814ms
[2023-10-18T13:51:42.769+0000][7][gc,cpu      ] GC(2) User=0.03s Sys=0.00s Real=0.01s
[2023-10-18T13:51:42.769+0000][7][safepoint   ] Safepoint "G1CollectForAllocation", Time since last: 492188823 ns, Reaching safepoint: 85897 ns, At safepoint: 8884332 ns, Total: 8970229 ns
[2023-10-18T13:51:43.630+0000][7][safepoint   ] Safepoint "ICBufferFull", Time since last: 860652193 ns, Reaching safepoint: 76887 ns, At safepoint: 2532 ns, Total: 79419 ns
[2023-10-18T13:51:43.631+0000][7][safepoint   ] Safepoint "ICBufferFull", Time since last: 938469 ns, Reaching safepoint: 207927 ns, At safepoint: 2329 ns, Total: 210256 ns
[2023-10-18T13:51:43.637+0000][7][safepoint   ] Safepoint "ICBufferFull", Time since last: 5817248 ns, Reaching safepoint: 34826 ns, At safepoint: 6169 ns, Total: 40995 ns
[2023-10-18T13:51:43.638+0000][7][safepoint   ] Safepoint "ICBufferFull", Time since last: 1175356 ns, Reaching safepoint: 27702 ns, At safepoint: 2955 ns, Total: 30657 ns
[2023-10-18T13:51:43.639+0000][7][safepoint   ] Safepoint "ICBufferFull", Time since last: 638676 ns, Reaching safepoint: 21656 ns, At safepoint: 1773 ns, Total: 23429 ns
[2023-10-18T13:51:43.785+0000][7][safepoint   ] Safepoint "ICBufferFull", Time since last: 145954901 ns, Reaching safepoint: 124019 ns, At safepoint: 5156 ns, Total: 129175 ns
[2023-10-18T13:51:44.680+0000][7][gc,start    ] GC(3) Pause Young (Normal) (G1 Evacuation Pause)
[2023-10-18T13:51:44.680+0000][7][gc,task     ] GC(3) Using 8 workers of 8 for evacuation
[2023-10-18T13:51:44.680+0000][7][gc,age      ] GC(3) Desired survivor size 20971520 bytes, new threshold 15 (max threshold 15)
[2023-10-18T13:51:44.685+0000][7][gc,age      ] GC(3) Age table with threshold 15 (max threshold 15)
[2023-10-18T13:51:44.685+0000][7][gc,age      ] GC(3) - age   1:    5137768 bytes,    5137768 total
[2023-10-18T13:51:44.685+0000][7][gc,age      ] GC(3) - age   2:    1168600 bytes,    6306368 total
[2023-10-18T13:51:44.685+0000][7][gc,age      ] GC(3) - age   3:    2314432 bytes,    8620800 total
[2023-10-18T13:51:44.685+0000][7][gc,phases   ] GC(3)   Pre Evacuate Collection Set: 0.1ms
[2023-10-18T13:51:44.685+0000][7][gc,phases   ] GC(3)   Merge Heap Roots: 0.0ms
[2023-10-18T13:51:44.685+0000][7][gc,phases   ] GC(3)   Evacuate Collection Set: 4.9ms
[2023-10-18T13:51:44.685+0000][7][gc,phases   ] GC(3)   Post Evacuate Collection Set: 0.5ms
[2023-10-18T13:51:44.685+0000][7][gc,phases   ] GC(3)   Other: 0.3ms
[2023-10-18T13:51:44.685+0000][7][gc,heap     ] GC(3) Eden regions: 74->0(73)
[2023-10-18T13:51:44.685+0000][7][gc,heap     ] GC(3) Survivor regions: 2->3(10)
[2023-10-18T13:51:44.685+0000][7][gc,heap     ] GC(3) Old regions: 1->1
[2023-10-18T13:51:44.685+0000][7][gc,heap     ] GC(3) Archive regions: 2->2
[2023-10-18T13:51:44.685+0000][7][gc,heap     ] GC(3) Humongous regions: 0->0
[2023-10-18T13:51:44.685+0000][7][gc,metaspace] GC(3) Metaspace: 17574K(17856K)->17574K(17856K) NonClass: 15440K(15616K)->15440K(15616K) Class: 2134K(2240K)->2134K(2240K)
[2023-10-18T13:51:44.685+0000][7][gc          ] GC(3) Pause Young (Normal) (G1 Evacuation Pause) 309M->16M(512M) 5.759ms
[2023-10-18T13:51:44.685+0000][7][gc,cpu      ] GC(3) User=0.03s Sys=0.00s Real=0.00s
[2023-10-18T13:51:44.685+0000][7][safepoint   ] Safepoint "G1CollectForAllocation", Time since last: 894477830 ns, Reaching safepoint: 87542 ns, At safepoint: 5826387 ns, Total: 5913929 ns
[2023-10-18T13:51:45.685+0000][7][gc,start    ] GC(4) Pause Young (Normal) (G1 Evacuation Pause)
[2023-10-18T13:51:45.685+0000][7][gc,task     ] GC(4) Using 8 workers of 8 for evacuation
[2023-10-18T13:51:45.685+0000][7][gc,age      ] GC(4) Desired survivor size 20971520 bytes, new threshold 15 (max threshold 15)
[2023-10-18T13:51:45.691+0000][7][gc,age      ] GC(4) Age table with threshold 15 (max threshold 15)
[2023-10-18T13:51:45.691+0000][7][gc,age      ] GC(4) - age   1:    3473496 bytes,    3473496 total
[2023-10-18T13:51:45.691+0000][7][gc,age      ] GC(4) - age   2:    4236208 bytes,    7709704 total
[2023-10-18T13:51:45.691+0000][7][gc,age      ] GC(4) - age   3:    1168520 bytes,    8878224 total
[2023-10-18T13:51:45.691+0000][7][gc,age      ] GC(4) - age   4:    2314432 bytes,   11192656 total
[2023-10-18T13:51:45.691+0000][7][gc,phases   ] GC(4)   Pre Evacuate Collection Set: 0.1ms
[2023-10-18T13:51:45.691+0000][7][gc,phases   ] GC(4)   Merge Heap Roots: 0.0ms
[2023-10-18T13:51:45.691+0000][7][gc,phases   ] GC(4)   Evacuate Collection Set: 5.4ms
[2023-10-18T13:51:45.691+0000][7][gc,phases   ] GC(4)   Post Evacuate Collection Set: 0.8ms
[2023-10-18T13:51:45.691+0000][7][gc,phases   ] GC(4)   Other: 0.3ms
[2023-10-18T13:51:45.691+0000][7][gc,heap     ] GC(4) Eden regions: 73->0(73)
[2023-10-18T13:51:45.691+0000][7][gc,heap     ] GC(4) Survivor regions: 3->3(10)
[2023-10-18T13:51:45.691+0000][7][gc,heap     ] GC(4) Old regions: 1->1
[2023-10-18T13:51:45.691+0000][7][gc,heap     ] GC(4) Archive regions: 2->2
[2023-10-18T13:51:45.691+0000][7][gc,heap     ] GC(4) Humongous regions: 0->0
[2023-10-18T13:51:45.691+0000][7][gc,metaspace] GC(4) Metaspace: 18560K(18944K)->18560K(18944K) NonClass: 16318K(16512K)->16318K(16512K) Class: 2242K(2432K)->2242K(2432K)
[2023-10-18T13:51:45.691+0000][7][gc          ] GC(4) Pause Young (Normal) (G1 Evacuation Pause) 308M->19M(512M) 6.730ms
[2023-10-18T13:51:45.692+0000][7][gc,cpu      ] GC(4) User=0.03s Sys=0.00s Real=0.01s
[2023-10-18T13:51:45.692+0000][7][safepoint   ] Safepoint "G1CollectForAllocation", Time since last: 999134616 ns, Reaching safepoint: 128239 ns, At safepoint: 6812771 ns, Total: 6941010 ns
[2023-10-18T13:51:46.379+0000][7][gc,start    ] GC(5) Pause Young (Normal) (G1 Evacuation Pause)
[2023-10-18T13:51:46.379+0000][7][gc,task     ] GC(5) Using 8 workers of 8 for evacuation
[2023-10-18T13:51:46.379+0000][7][gc,age      ] GC(5) Desired survivor size 20971520 bytes, new threshold 15 (max threshold 15)
[2023-10-18T13:51:46.387+0000][7][gc,age      ] GC(5) Age table with threshold 15 (max threshold 15)
[2023-10-18T13:51:46.389+0000][7][gc,age      ] GC(5) - age   1:    2336256 bytes,    2336256 total
[2023-10-18T13:51:46.389+0000][7][gc,age      ] GC(5) - age   2:    3464560 bytes,    5800816 total
[2023-10-18T13:51:46.389+0000][7][gc,age      ] GC(5) - age   3:    4234848 bytes,   10035664 total
[2023-10-18T13:51:46.389+0000][7][gc,age      ] GC(5) - age   4:    1168392 bytes,   11204056 total
[2023-10-18T13:51:46.389+0000][7][gc,age      ] GC(5) - age   5:    2311824 bytes,   13515880 total
[2023-10-18T13:51:46.389+0000][7][gc,phases   ] GC(5)   Pre Evacuate Collection Set: 0.0ms
[2023-10-18T13:51:46.389+0000][7][gc,phases   ] GC(5)   Merge Heap Roots: 0.0ms
[2023-10-18T13:51:46.389+0000][7][gc,phases   ] GC(5)   Evacuate Collection Set: 7.2ms
[2023-10-18T13:51:46.389+0000][7][gc,phases   ] GC(5)   Post Evacuate Collection Set: 0.5ms
[2023-10-18T13:51:46.389+0000][7][gc,phases   ] GC(5)   Other: 2.3ms
[2023-10-18T13:51:46.389+0000][7][gc,heap     ] GC(5) Eden regions: 73->0(72)
[2023-10-18T13:51:46.389+0000][7][gc,heap     ] GC(5) Survivor regions: 3->4(10)
[2023-10-18T13:51:46.389+0000][7][gc,heap     ] GC(5) Old regions: 1->1
[2023-10-18T13:51:46.389+0000][7][gc,heap     ] GC(5) Archive regions: 2->2
[2023-10-18T13:51:46.389+0000][7][gc,heap     ] GC(5) Humongous regions: 0->0
[2023-10-18T13:51:46.389+0000][7][gc,metaspace] GC(5) Metaspace: 19044K(19456K)->19044K(19456K) NonClass: 16718K(16960K)->16718K(16960K) Class: 2325K(2496K)->2325K(2496K)
[2023-10-18T13:51:46.389+0000][7][gc          ] GC(5) Pause Young (Normal) (G1 Evacuation Pause) 311M->21M(512M) 10.207ms
[2023-10-18T13:51:46.389+0000][7][gc,cpu      ] GC(5) User=0.03s Sys=0.00s Real=0.01s
[2023-10-18T13:51:46.389+0000][7][safepoint   ] Safepoint "G1CollectForAllocation", Time since last: 687395936 ns, Reaching safepoint: 57260 ns, At safepoint: 10267385 ns, Total: 10324645 ns
[2023-10-18T13:51:47.823+0000][7][gc,start    ] GC(6) Pause Young (Normal) (G1 Evacuation Pause)
[2023-10-18T13:51:47.824+0000][7][gc,task     ] GC(6) Using 8 workers of 8 for evacuation
[2023-10-18T13:51:47.824+0000][7][gc,age      ] GC(6) Desired survivor size 20971520 bytes, new threshold 15 (max threshold 15)
[2023-10-18T13:51:47.833+0000][7][gc,age      ] GC(6) Age table with threshold 15 (max threshold 15)
[2023-10-18T13:51:47.833+0000][7][gc,age      ] GC(6) - age   1:    3184072 bytes,    3184072 total
[2023-10-18T13:51:47.833+0000][7][gc,age      ] GC(6) - age   2:     412328 bytes,    3596400 total
[2023-10-18T13:51:47.833+0000][7][gc,age      ] GC(6) - age   3:    3463424 bytes,    7059824 total
[2023-10-18T13:51:47.833+0000][7][gc,age      ] GC(6) - age   4:    4229352 bytes,   11289176 total
[2023-10-18T13:51:47.833+0000][7][gc,age      ] GC(6) - age   5:    1167744 bytes,   12456920 total
[2023-10-18T13:51:47.833+0000][7][gc,age      ] GC(6) - age   6:    2310688 bytes,   14767608 total
[2023-10-18T13:51:47.833+0000][7][gc,phases   ] GC(6)   Pre Evacuate Collection Set: 0.1ms
[2023-10-18T13:51:47.833+0000][7][gc,phases   ] GC(6)   Merge Heap Roots: 0.0ms
[2023-10-18T13:51:47.833+0000][7][gc,phases   ] GC(6)   Evacuate Collection Set: 7.9ms
[2023-10-18T13:51:47.833+0000][7][gc,phases   ] GC(6)   Post Evacuate Collection Set: 0.7ms
[2023-10-18T13:51:47.833+0000][7][gc,phases   ] GC(6)   Other: 1.5ms
[2023-10-18T13:51:47.833+0000][7][gc,heap     ] GC(6) Eden regions: 72->0(72)
[2023-10-18T13:51:47.833+0000][7][gc,heap     ] GC(6) Survivor regions: 4->4(10)
[2023-10-18T13:51:47.833+0000][7][gc,heap     ] GC(6) Old regions: 1->1
[2023-10-18T13:51:47.833+0000][7][gc,heap     ] GC(6) Archive regions: 2->2
[2023-10-18T13:51:47.833+0000][7][gc,heap     ] GC(6) Humongous regions: 0->0
[2023-10-18T13:51:47.833+0000][7][gc,metaspace] GC(6) Metaspace: 20182K(20736K)->20182K(20736K) NonClass: 17705K(18048K)->17705K(18048K) Class: 2477K(2688K)->2477K(2688K)
[2023-10-18T13:51:47.833+0000][7][gc          ] GC(6) Pause Young (Normal) (G1 Evacuation Pause) 309M->23M(512M) 10.304ms
[2023-10-18T13:51:47.833+0000][7][gc,cpu      ] GC(6) User=0.04s Sys=0.00s Real=0.01s
[2023-10-18T13:51:47.833+0000][7][safepoint   ] Safepoint "G1CollectForAllocation", Time since last: 1433729931 ns, Reaching safepoint: 89814 ns, At safepoint: 10374753 ns, Total: 10464567 ns
[2023-10-18T13:51:48.574+0000][7][gc,start    ] GC(7) Pause Young (Normal) (G1 Evacuation Pause)
[2023-10-18T13:51:48.574+0000][7][gc,task     ] GC(7) Using 8 workers of 8 for evacuation
[2023-10-18T13:51:48.574+0000][7][gc,age      ] GC(7) Desired survivor size 20971520 bytes, new threshold 15 (max threshold 15)
[2023-10-18T13:51:48.581+0000][7][gc,age      ] GC(7) Age table with threshold 15 (max threshold 15)
[2023-10-18T13:51:48.581+0000][7][gc,age      ] GC(7) - age   1:    1518296 bytes,    1518296 total
[2023-10-18T13:51:48.581+0000][7][gc,age      ] GC(7) - age   2:    2177536 bytes,    3695832 total
[2023-10-18T13:51:48.581+0000][7][gc,age      ] GC(7) - age   3:     411840 bytes,    4107672 total
[2023-10-18T13:51:48.581+0000][7][gc,age      ] GC(7) - age   4:    3462912 bytes,    7570584 total
[2023-10-18T13:51:48.581+0000][7][gc,age      ] GC(7) - age   5:    4229352 bytes,   11799936 total
[2023-10-18T13:51:48.581+0000][7][gc,age      ] GC(7) - age   6:    1167744 bytes,   12967680 total
[2023-10-18T13:51:48.581+0000][7][gc,age      ] GC(7) - age   7:    2310688 bytes,   15278368 total
[2023-10-18T13:51:48.581+0000][7][gc,phases   ] GC(7)   Pre Evacuate Collection Set: 0.1ms
[2023-10-18T13:51:48.581+0000][7][gc,phases   ] GC(7)   Merge Heap Roots: 0.0ms
[2023-10-18T13:51:48.581+0000][7][gc,phases   ] GC(7)   Evacuate Collection Set: 6.2ms
[2023-10-18T13:51:48.581+0000][7][gc,phases   ] GC(7)   Post Evacuate Collection Set: 0.7ms
[2023-10-18T13:51:48.581+0000][7][gc,phases   ] GC(7)   Other: 0.3ms
[2023-10-18T13:51:48.581+0000][7][gc,heap     ] GC(7) Eden regions: 72->0(72)
[2023-10-18T13:51:48.581+0000][7][gc,heap     ] GC(7) Survivor regions: 4->4(10)
[2023-10-18T13:51:48.581+0000][7][gc,heap     ] GC(7) Old regions: 1->1
[2023-10-18T13:51:48.581+0000][7][gc,heap     ] GC(7) Archive regions: 2->2
[2023-10-18T13:51:48.581+0000][7][gc,heap     ] GC(7) Humongous regions: 0->0
[2023-10-18T13:51:48.581+0000][7][gc,metaspace] GC(7) Metaspace: 20300K(20864K)->20300K(20864K) NonClass: 17800K(18112K)->17800K(18112K) Class: 2499K(2752K)->2499K(2752K)
[2023-10-18T13:51:48.581+0000][7][gc          ] GC(7) Pause Young (Normal) (G1 Evacuation Pause) 311M->23M(512M) 7.374ms
[2023-10-18T13:51:48.581+0000][7][gc,cpu      ] GC(7) User=0.03s Sys=0.00s Real=0.01s
[2023-10-18T13:51:48.581+0000][7][safepoint   ] Safepoint "G1CollectForAllocation", Time since last: 740261006 ns, Reaching safepoint: 141551 ns, At safepoint: 7451973 ns, Total: 7593524 ns
[2023-10-18T13:51:48.821+0000][7][gc,start    ] GC(8) Pause Young (Concurrent Start) (Metadata GC Threshold)
[2023-10-18T13:51:48.821+0000][7][gc,task     ] GC(8) Using 8 workers of 8 for evacuation
[2023-10-18T13:51:48.821+0000][7][gc,age      ] GC(8) Desired survivor size 20971520 bytes, new threshold 15 (max threshold 15)
[2023-10-18T13:51:48.831+0000][7][gc,age      ] GC(8) Age table with threshold 15 (max threshold 15)
[2023-10-18T13:51:48.831+0000][7][gc,age      ] GC(8) - age   1:     387400 bytes,     387400 total
[2023-10-18T13:51:48.831+0000][7][gc,age      ] GC(8) - age   2:     668408 bytes,    1055808 total
[2023-10-18T13:51:48.831+0000][7][gc,age      ] GC(8) - age   3:    2165160 bytes,    3220968 total
[2023-10-18T13:51:48.831+0000][7][gc,age      ] GC(8) - age   4:     401256 bytes,    3622224 total
[2023-10-18T13:51:48.831+0000][7][gc,age      ] GC(8) - age   5:    3451720 bytes,    7073944 total
[2023-10-18T13:51:48.831+0000][7][gc,age      ] GC(8) - age   6:    4219024 bytes,   11292968 total
[2023-10-18T13:51:48.831+0000][7][gc,age      ] GC(8) - age   7:    1124024 bytes,   12416992 total
[2023-10-18T13:51:48.831+0000][7][gc,age      ] GC(8) - age   8:    2310512 bytes,   14727504 total
[2023-10-18T13:51:48.831+0000][7][gc,phases   ] GC(8)   Pre Evacuate Collection Set: 0.1ms
[2023-10-18T13:51:48.831+0000][7][gc,phases   ] GC(8)   Merge Heap Roots: 0.0ms
[2023-10-18T13:51:48.831+0000][7][gc,phases   ] GC(8)   Evacuate Collection Set: 8.5ms
[2023-10-18T13:51:48.831+0000][7][gc,phases   ] GC(8)   Post Evacuate Collection Set: 0.7ms
[2023-10-18T13:51:48.831+0000][7][gc,phases   ] GC(8)   Other: 0.3ms
[2023-10-18T13:51:48.831+0000][7][gc,heap     ] GC(8) Eden regions: 5->0(72)
[2023-10-18T13:51:48.831+0000][7][gc,heap     ] GC(8) Survivor regions: 4->4(10)
[2023-10-18T13:51:48.831+0000][7][gc,heap     ] GC(8) Old regions: 1->1
[2023-10-18T13:51:48.831+0000][7][gc,heap     ] GC(8) Archive regions: 2->2
[2023-10-18T13:51:48.831+0000][7][gc,heap     ] GC(8) Humongous regions: 0->0
[2023-10-18T13:51:48.831+0000][7][gc,metaspace] GC(8) Metaspace: 20964K(21504K)->20964K(21504K) NonClass: 18363K(18688K)->18363K(18688K) Class: 2600K(2816K)->2600K(2816K)
[2023-10-18T13:51:48.831+0000][7][gc          ] GC(8) Pause Young (Concurrent Start) (Metadata GC Threshold) 43M->23M(512M) 9.671ms
[2023-10-18T13:51:48.831+0000][7][gc,cpu      ] GC(8) User=0.03s Sys=0.00s Real=0.01s
[2023-10-18T13:51:48.831+0000][7][gc          ] GC(9) Concurrent Mark Cycle
[2023-10-18T13:51:48.831+0000][7][gc,marking  ] GC(9) Concurrent Clear Claimed Marks
[2023-10-18T13:51:48.831+0000][7][safepoint   ] Safepoint "CollectForMetadataAllocation", Time since last: 239869754 ns, Reaching safepoint: 84413 ns, At safepoint: 9811452 ns, Total: 9895865 ns
[2023-10-18T13:51:48.831+0000][7][gc,marking  ] GC(9) Concurrent Clear Claimed Marks 0.042ms
[2023-10-18T13:51:48.831+0000][7][gc,marking  ] GC(9) Concurrent Scan Root Regions
[2023-10-18T13:51:48.835+0000][7][gc,marking  ] GC(9) Concurrent Scan Root Regions 4.056ms
[2023-10-18T13:51:48.836+0000][7][gc,marking  ] GC(9) Concurrent Mark
[2023-10-18T13:51:48.836+0000][7][gc,marking  ] GC(9) Concurrent Mark From Roots
[2023-10-18T13:51:48.836+0000][7][gc,task     ] GC(9) Using 2 workers of 2 for marking
[2023-10-18T13:51:48.842+0000][7][gc,marking  ] GC(9) Concurrent Mark From Roots 5.445ms
[2023-10-18T13:51:48.842+0000][7][gc,marking  ] GC(9) Concurrent Preclean
[2023-10-18T13:51:48.842+0000][7][gc,marking  ] GC(9) Concurrent Preclean 0.094ms
[2023-10-18T13:51:48.842+0000][7][gc,start    ] GC(9) Pause Remark
[2023-10-18T13:51:48.845+0000][7][gc          ] GC(9) Pause Remark 25M->25M(512M) 2.873ms
[2023-10-18T13:51:48.845+0000][7][gc,cpu      ] GC(9) User=0.01s Sys=0.00s Real=0.00s
[2023-10-18T13:51:48.845+0000][7][safepoint   ] Safepoint "G1Concurrent", Time since last: 10703469 ns, Reaching safepoint: 46810 ns, At safepoint: 2946150 ns, Total: 2992960 ns
[2023-10-18T13:51:48.845+0000][7][gc,marking  ] GC(9) Concurrent Mark 8.684ms
[2023-10-18T13:51:48.845+0000][7][gc,marking  ] GC(9) Concurrent Rebuild Remembered Sets
[2023-10-18T13:51:48.845+0000][7][gc,marking  ] GC(9) Concurrent Rebuild Remembered Sets 0.009ms
[2023-10-18T13:51:48.845+0000][7][gc,start    ] GC(9) Pause Cleanup
[2023-10-18T13:51:48.845+0000][7][gc          ] GC(9) Pause Cleanup 25M->25M(512M) 0.035ms
[2023-10-18T13:51:48.845+0000][7][gc,cpu      ] GC(9) User=0.00s Sys=0.00s Real=0.00s
[2023-10-18T13:51:48.845+0000][7][safepoint   ] Safepoint "G1Concurrent", Time since last: 102761 ns, Reaching safepoint: 24666 ns, At safepoint: 57837 ns, Total: 82503 ns
[2023-10-18T13:51:48.845+0000][7][gc,marking  ] GC(9) Concurrent Cleanup for Next Mark
[2023-10-18T13:51:48.846+0000][7][gc,marking  ] GC(9) Concurrent Cleanup for Next Mark 0.984ms
[2023-10-18T13:51:48.846+0000][7][gc          ] GC(9) Concurrent Mark Cycle 15.048ms
[2023-10-18T13:51:49.512+0000][7][safepoint   ] Safepoint "ICBufferFull", Time since last: 667364748 ns, Reaching safepoint: 96453 ns, At safepoint: 3519 ns, Total: 99972 ns
[2023-10-18T13:51:49.514+0000][7][safepoint   ] Safepoint "ICBufferFull", Time since last: 1072249 ns, Reaching safepoint: 21213 ns, At safepoint: 1933 ns, Total: 23146 ns
[2023-10-18T13:51:49.515+0000][7][safepoint   ] Safepoint "ICBufferFull", Time since last: 1026023 ns, Reaching safepoint: 20053 ns, At safepoint: 1683 ns, Total: 21736 ns
[2023-10-18T13:51:49.516+0000][7][safepoint   ] Safepoint "ICBufferFull", Time since last: 940800 ns, Reaching safepoint: 20563 ns, At safepoint: 2356 ns, Total: 22919 ns
[2023-10-18T13:51:49.540+0000][7][safepoint   ] Safepoint "ICBufferFull", Time since last: 23912289 ns, Reaching safepoint: 52299 ns, At safepoint: 5758 ns, Total: 58057 ns
[2023-10-18T13:51:49.575+0000][7][safepoint   ] Safepoint "ICBufferFull", Time since last: 35465317 ns, Reaching safepoint: 37351 ns, At safepoint: 3805 ns, Total: 41156 ns
[2023-10-18T13:51:49.593+0000][7][safepoint   ] Safepoint "ICBufferFull", Time since last: 18433126 ns, Reaching safepoint: 35800 ns, At safepoint: 3225 ns, Total: 39025 ns
[2023-10-18T13:51:49.602+0000][7][safepoint   ] Safepoint "ICBufferFull", Time since last: 8850077 ns, Reaching safepoint: 46401 ns, At safepoint: 2860 ns, Total: 49261 ns
[2023-10-18T13:51:49.688+0000][7][safepoint   ] Safepoint "ICBufferFull", Time since last: 85390098 ns, Reaching safepoint: 170891 ns, At safepoint: 4021 ns, Total: 174912 ns
[2023-10-18T13:51:49.741+0000][7][safepoint   ] Safepoint "ICBufferFull", Time since last: 53015869 ns, Reaching safepoint: 37003 ns, At safepoint: 3739 ns, Total: 40742 ns
[2023-10-18T13:51:49.742+0000][7][safepoint   ] Safepoint "ICBufferFull", Time since last: 717899 ns, Reaching safepoint: 34686 ns, At safepoint: 4123 ns, Total: 38809 ns
[2023-10-18T13:51:49.743+0000][7][safepoint   ] Safepoint "ICBufferFull", Time since last: 753533 ns, Reaching safepoint: 19647 ns, At safepoint: 3919 ns, Total: 23566 ns
[2023-10-18T13:51:49.767+0000][7][safepoint   ] Safepoint "ICBufferFull", Time since last: 24228563 ns, Reaching safepoint: 89023 ns, At safepoint: 4252 ns, Total: 93275 ns
[2023-10-18T13:51:49.768+0000][7][safepoint   ] Safepoint "ICBufferFull", Time since last: 1064662 ns, Reaching safepoint: 22467 ns, At safepoint: 2428 ns, Total: 24895 ns
[2023-10-18T13:51:50.818+0000][7][safepoint   ] Safepoint "Cleanup", Time since last: 1048375660 ns, Reaching safepoint: 1744797 ns, At safepoint: 15258 ns, Total: 1760055 ns
[2023-10-18T13:51:51.819+0000][7][safepoint   ] Safepoint "Cleanup", Time since last: 1000753148 ns, Reaching safepoint: 287407 ns, At safepoint: 7959 ns, Total: 295366 ns
[2023-10-18T13:51:52.820+0000][7][safepoint   ] Safepoint "Cleanup", Time since last: 1000594593 ns, Reaching safepoint: 173771 ns, At safepoint: 5946 ns, Total: 179717 ns
[2023-10-18T13:51:53.820+0000][7][safepoint   ] Safepoint "Cleanup", Time since last: 1000308220 ns, Reaching safepoint: 92782 ns, At safepoint: 3403 ns, Total: 96185 ns
[2023-10-18T13:51:54.844+0000][7][gc,start    ] GC(10) Pause Young (Concurrent Start) (Metadata GC Threshold)
[2023-10-18T13:51:54.844+0000][7][gc,task     ] GC(10) Using 8 workers of 8 for evacuation
[2023-10-18T13:51:54.844+0000][7][gc,age      ] GC(10) Desired survivor size 20971520 bytes, new threshold 15 (max threshold 15)
[2023-10-18T13:51:54.884+0000][7][gc,age      ] GC(10) Age table with threshold 15 (max threshold 15)
[2023-10-18T13:51:54.884+0000][7][gc,age      ] GC(10) - age   1:   26955272 bytes,   26955272 total
[2023-10-18T13:51:54.884+0000][7][gc,age      ] GC(10) - age   2:     375624 bytes,   27330896 total
[2023-10-18T13:51:54.884+0000][7][gc,age      ] GC(10) - age   3:     666376 bytes,   27997272 total
[2023-10-18T13:51:54.884+0000][7][gc,age      ] GC(10) - age   4:    2138528 bytes,   30135800 total
[2023-10-18T13:51:54.884+0000][7][gc,age      ] GC(10) - age   5:     399448 bytes,   30535248 total
[2023-10-18T13:51:54.884+0000][7][gc,age      ] GC(10) - age   6:    3447584 bytes,   33982832 total
[2023-10-18T13:51:54.884+0000][7][gc,age      ] GC(10) - age   7:    4183216 bytes,   38166048 total
[2023-10-18T13:51:54.884+0000][7][gc,age      ] GC(10) - age   8:    1095128 bytes,   39261176 total
[2023-10-18T13:51:54.884+0000][7][gc,age      ] GC(10) - age   9:    2297448 bytes,   41558624 total
[2023-10-18T13:51:54.884+0000][7][gc,phases   ] GC(10)   Pre Evacuate Collection Set: 0.2ms
[2023-10-18T13:51:54.884+0000][7][gc,phases   ] GC(10)   Merge Heap Roots: 0.1ms
[2023-10-18T13:51:54.884+0000][7][gc,phases   ] GC(10)   Evacuate Collection Set: 38.6ms
[2023-10-18T13:51:54.884+0000][7][gc,phases   ] GC(10)   Post Evacuate Collection Set: 1.3ms
[2023-10-18T13:51:54.884+0000][7][gc,phases   ] GC(10)   Other: 0.3ms
[2023-10-18T13:51:54.884+0000][7][gc,heap     ] GC(10) Eden regions: 70->0(66)
[2023-10-18T13:51:54.884+0000][7][gc,heap     ] GC(10) Survivor regions: 4->10(10)
[2023-10-18T13:51:54.884+0000][7][gc,heap     ] GC(10) Old regions: 1->1
[2023-10-18T13:51:54.884+0000][7][gc,heap     ] GC(10) Archive regions: 2->2
[2023-10-18T13:51:54.884+0000][7][gc,heap     ] GC(10) Humongous regions: 0->0
[2023-10-18T13:51:54.884+0000][7][gc,metaspace] GC(10) Metaspace: 35065K(35968K)->35065K(35968K) NonClass: 30447K(30976K)->30447K(30976K) Class: 4617K(4992K)->4617K(4992K)
[2023-10-18T13:51:54.884+0000][7][gc          ] GC(10) Pause Young (Concurrent Start) (Metadata GC Threshold) 303M->47M(512M) 40.583ms
[2023-10-18T13:51:54.884+0000][7][gc,cpu      ] GC(10) User=0.17s Sys=0.00s Real=0.04s
[2023-10-18T13:51:54.884+0000][7][gc          ] GC(11) Concurrent Mark Cycle
[2023-10-18T13:51:54.884+0000][7][gc,marking  ] GC(11) Concurrent Clear Claimed Marks
[2023-10-18T13:51:54.884+0000][7][safepoint   ] Safepoint "CollectForMetadataAllocation", Time since last: 1023277018 ns, Reaching safepoint: 96658 ns, At safepoint: 40736133 ns, Total: 40832791 ns
[2023-10-18T13:51:54.884+0000][7][gc,marking  ] GC(11) Concurrent Clear Claimed Marks 0.058ms
[2023-10-18T13:51:54.884+0000][7][gc,marking  ] GC(11) Concurrent Scan Root Regions
[2023-10-18T13:51:54.904+0000][7][gc,marking  ] GC(11) Concurrent Scan Root Regions 19.776ms
[2023-10-18T13:51:54.904+0000][7][gc,marking  ] GC(11) Concurrent Mark
[2023-10-18T13:51:54.904+0000][7][gc,marking  ] GC(11) Concurrent Mark From Roots
[2023-10-18T13:51:54.904+0000][7][gc,task     ] GC(11) Using 2 workers of 2 for marking
[2023-10-18T13:51:54.910+0000][7][gc,marking  ] GC(11) Concurrent Mark From Roots 5.327ms
[2023-10-18T13:51:54.910+0000][7][gc,marking  ] GC(11) Concurrent Preclean
[2023-10-18T13:51:54.910+0000][7][gc,marking  ] GC(11) Concurrent Preclean 0.087ms
[2023-10-18T13:51:54.910+0000][7][gc,start    ] GC(11) Pause Remark
[2023-10-18T13:51:54.913+0000][7][gc          ] GC(11) Pause Remark 49M->49M(512M) 3.050ms
[2023-10-18T13:51:54.913+0000][7][gc,cpu      ] GC(11) User=0.01s Sys=0.00s Real=0.00s
[2023-10-18T13:51:54.913+0000][7][safepoint   ] Safepoint "G1Concurrent", Time since last: 25341467 ns, Reaching safepoint: 38626 ns, At safepoint: 3136268 ns, Total: 3174894 ns
[2023-10-18T13:51:54.913+0000][7][gc,marking  ] GC(11) Concurrent Mark 8.696ms
[2023-10-18T13:51:54.913+0000][7][gc,marking  ] GC(11) Concurrent Rebuild Remembered Sets
[2023-10-18T13:51:54.913+0000][7][gc,marking  ] GC(11) Concurrent Rebuild Remembered Sets 0.012ms
[2023-10-18T13:51:54.917+0000][7][gc,start    ] GC(11) Pause Cleanup
[2023-10-18T13:51:54.917+0000][7][gc          ] GC(11) Pause Cleanup 49M->49M(512M) 0.046ms
[2023-10-18T13:51:54.917+0000][7][gc,cpu      ] GC(11) User=0.00s Sys=0.00s Real=0.00s
[2023-10-18T13:51:54.917+0000][7][safepoint   ] Safepoint "G1Concurrent", Time since last: 102238 ns, Reaching safepoint: 4257293 ns, At safepoint: 97118 ns, Total: 4354411 ns
[2023-10-18T13:51:54.917+0000][7][gc,marking  ] GC(11) Concurrent Cleanup for Next Mark
[2023-10-18T13:51:54.918+0000][7][gc,marking  ] GC(11) Concurrent Cleanup for Next Mark 1.035ms
[2023-10-18T13:51:54.919+0000][7][gc          ] GC(11) Concurrent Mark Cycle 34.192ms
[2023-10-18T13:51:56.853+0000][7][safepoint   ] Safepoint "Cleanup", Time since last: 1935632846 ns, Reaching safepoint: 121654 ns, At safepoint: 3158 ns, Total: 124812 ns
[2023-10-18T13:51:57.931+0000][7][safepoint   ] Safepoint "Cleanup", Time since last: 1078259253 ns, Reaching safepoint: 74433 ns, At safepoint: 1899 ns, Total: 76332 ns
[2023-10-18T13:51:59.055+0000][7][gc,start    ] GC(12) Pause Young (Normal) (G1 Evacuation Pause)
[2023-10-18T13:51:59.055+0000][7][gc,task     ] GC(12) Using 8 workers of 8 for evacuation
[2023-10-18T13:51:59.055+0000][7][gc,age      ] GC(12) Desired survivor size 20971520 bytes, new threshold 1 (max threshold 15)
[2023-10-18T13:51:59.207+0000][7][gc,age      ] GC(12) Age table with threshold 1 (max threshold 15)
[2023-10-18T13:51:59.207+0000][7][gc,age      ] GC(12) - age   1:    6009232 bytes,    6009232 total
[2023-10-18T13:51:59.207+0000][7][gc,phases   ] GC(12)   Pre Evacuate Collection Set: 0.1ms
[2023-10-18T13:51:59.207+0000][7][gc,phases   ] GC(12)   Merge Heap Roots: 0.1ms
[2023-10-18T13:51:59.207+0000][7][gc,phases   ] GC(12)   Evacuate Collection Set: 149.2ms
[2023-10-18T13:51:59.207+0000][7][gc,phases   ] GC(12)   Post Evacuate Collection Set: 2.8ms
[2023-10-18T13:51:59.207+0000][7][gc,phases   ] GC(12)   Other: 0.2ms
[2023-10-18T13:51:59.207+0000][7][gc,heap     ] GC(12) Eden regions: 66->0(73)
[2023-10-18T13:51:59.207+0000][7][gc,heap     ] GC(12) Survivor regions: 10->3(10)
[2023-10-18T13:51:59.207+0000][7][gc,heap     ] GC(12) Old regions: 1->12
[2023-10-18T13:51:59.207+0000][7][gc,heap     ] GC(12) Archive regions: 2->2
[2023-10-18T13:51:59.207+0000][7][gc,heap     ] GC(12) Humongous regions: 0->0
[2023-10-18T13:51:59.207+0000][7][gc,metaspace] GC(12) Metaspace: 51528K(52672K)->51528K(52672K) NonClass: 44548K(45248K)->44548K(45248K) Class: 6980K(7424K)->6980K(7424K)
[2023-10-18T13:51:59.207+0000][7][gc          ] GC(12) Pause Young (Normal) (G1 Evacuation Pause) 311M->57M(512M) 152.531ms
[2023-10-18T13:51:59.207+0000][7][gc,cpu      ] GC(12) User=0.29s Sys=0.04s Real=0.16s
[2023-10-18T13:51:59.207+0000][7][safepoint   ] Safepoint "G1CollectForAllocation", Time since last: 1122839747 ns, Reaching safepoint: 165489 ns, At safepoint: 152611216 ns, Total: 152776705 ns
[2023-10-18T13:52:00.208+0000][7][safepoint   ] Safepoint "Cleanup", Time since last: 1000589191 ns, Reaching safepoint: 477599 ns, At safepoint: 16975 ns, Total: 494574 ns
[2023-10-18T13:52:01.933+0000][7][safepoint   ] Safepoint "Cleanup", Time since last: 1722760494 ns, Reaching safepoint: 1718585 ns, At safepoint: 8526 ns, Total: 1727111 ns
[2023-10-18T13:52:02.879+0000][7][gc,start    ] GC(13) Pause Young (Concurrent Start) (Metadata GC Threshold)
[2023-10-18T13:52:02.879+0000][7][gc,task     ] GC(13) Using 8 workers of 8 for evacuation
[2023-10-18T13:52:02.879+0000][7][gc,age      ] GC(13) Desired survivor size 20971520 bytes, new threshold 15 (max threshold 15)
[2023-10-18T13:52:02.888+0000][7][gc,age      ] GC(13) Age table with threshold 15 (max threshold 15)
[2023-10-18T13:52:02.888+0000][7][gc,age      ] GC(13) - age   1:    4495160 bytes,    4495160 total
[2023-10-18T13:52:02.888+0000][7][gc,age      ] GC(13) - age   2:    5830912 bytes,   10326072 total
[2023-10-18T13:52:02.888+0000][7][gc,phases   ] GC(13)   Pre Evacuate Collection Set: 0.1ms
[2023-10-18T13:52:02.888+0000][7][gc,phases   ] GC(13)   Merge Heap Roots: 0.0ms
[2023-10-18T13:52:02.888+0000][7][gc,phases   ] GC(13)   Evacuate Collection Set: 7.8ms
[2023-10-18T13:52:02.888+0000][7][gc,phases   ] GC(13)   Post Evacuate Collection Set: 0.7ms
[2023-10-18T13:52:02.888+0000][7][gc,phases   ] GC(13)   Other: 2.0ms
[2023-10-18T13:52:02.888+0000][7][gc,heap     ] GC(13) Eden regions: 36->0(73)
[2023-10-18T13:52:02.888+0000][7][gc,heap     ] GC(13) Survivor regions: 3->3(10)
[2023-10-18T13:52:02.888+0000][7][gc,heap     ] GC(13) Old regions: 12->12
[2023-10-18T13:52:02.888+0000][7][gc,heap     ] GC(13) Archive regions: 2->2
[2023-10-18T13:52:02.888+0000][7][gc,heap     ] GC(13) Humongous regions: 0->0
[2023-10-18T13:52:02.888+0000][7][gc,metaspace] GC(13) Metaspace: 58925K(60096K)->58925K(60096K) NonClass: 50915K(51648K)->50915K(51648K) Class: 8009K(8448K)->8009K(8448K)
[2023-10-18T13:52:02.888+0000][7][gc          ] GC(13) Pause Young (Concurrent Start) (Metadata GC Threshold) 199M->59M(512M) 9.036ms
[2023-10-18T13:52:02.888+0000][7][gc,cpu      ] GC(13) User=0.04s Sys=0.00s Real=0.01s
[2023-10-18T13:52:02.888+0000][7][gc          ] GC(14) Concurrent Mark Cycle
[2023-10-18T13:52:02.888+0000][7][gc,marking  ] GC(14) Concurrent Clear Claimed Marks
[2023-10-18T13:52:02.888+0000][7][safepoint   ] Safepoint "CollectForMetadataAllocation", Time since last: 944106105 ns, Reaching safepoint: 140906 ns, At safepoint: 10931170 ns, Total: 11072076 ns
[2023-10-18T13:52:02.888+0000][7][gc,marking  ] GC(14) Concurrent Clear Claimed Marks 0.056ms
[2023-10-18T13:52:02.888+0000][7][gc,marking  ] GC(14) Concurrent Scan Root Regions
[2023-10-18T13:52:02.896+0000][7][gc,marking  ] GC(14) Concurrent Scan Root Regions 7.953ms
[2023-10-18T13:52:02.896+0000][7][gc,marking  ] GC(14) Concurrent Mark
[2023-10-18T13:52:02.896+0000][7][gc,marking  ] GC(14) Concurrent Mark From Roots
[2023-10-18T13:52:02.896+0000][7][gc,task     ] GC(14) Using 2 workers of 2 for marking
[2023-10-18T13:52:02.964+0000][7][gc,marking  ] GC(14) Concurrent Mark From Roots 68.376ms
[2023-10-18T13:52:02.965+0000][7][gc,marking  ] GC(14) Concurrent Preclean
[2023-10-18T13:52:02.965+0000][7][gc,marking  ] GC(14) Concurrent Preclean 0.596ms
[2023-10-18T13:52:02.966+0000][7][gc,start    ] GC(14) Pause Remark
[2023-10-18T13:52:02.973+0000][7][gc          ] GC(14) Pause Remark 69M->69M(512M) 7.288ms
[2023-10-18T13:52:02.973+0000][7][gc,cpu      ] GC(14) User=0.02s Sys=0.00s Real=0.01s
[2023-10-18T13:52:02.973+0000][7][safepoint   ] Safepoint "G1Concurrent", Time since last: 77491207 ns, Reaching safepoint: 281830 ns, At safepoint: 7759664 ns, Total: 8041494 ns
[2023-10-18T13:52:02.974+0000][7][gc,marking  ] GC(14) Concurrent Mark 77.688ms
[2023-10-18T13:52:02.974+0000][7][gc,marking  ] GC(14) Concurrent Rebuild Remembered Sets
[2023-10-18T13:52:03.018+0000][7][gc,marking  ] GC(14) Concurrent Rebuild Remembered Sets 44.322ms
[2023-10-18T13:52:03.019+0000][7][gc,start    ] GC(14) Pause Cleanup
[2023-10-18T13:52:03.019+0000][7][gc          ] GC(14) Pause Cleanup 73M->73M(512M) 0.336ms
[2023-10-18T13:52:03.020+0000][7][gc,cpu      ] GC(14) User=0.00s Sys=0.00s Real=0.00s
[2023-10-18T13:52:03.020+0000][7][safepoint   ] Safepoint "G1Concurrent", Time since last: 44932917 ns, Reaching safepoint: 720731 ns, At safepoint: 733085 ns, Total: 1453816 ns
[2023-10-18T13:52:03.020+0000][7][gc,marking  ] GC(14) Concurrent Cleanup for Next Mark
[2023-10-18T13:52:03.021+0000][7][gc,marking  ] GC(14) Concurrent Cleanup for Next Mark 0.933ms
[2023-10-18T13:52:03.021+0000][7][gc          ] GC(14) Concurrent Mark Cycle 133.481ms
[2023-10-18T13:52:04.217+0000][7][safepoint   ] Safepoint "Cleanup", Time since last: 1195811167 ns, Reaching safepoint: 1192873 ns, At safepoint: 10230 ns, Total: 1203103 ns
[2023-10-18T13:52:05.251+0000][7][safepoint   ] Safepoint "Cleanup", Time since last: 1034575264 ns, Reaching safepoint: 56581 ns, At safepoint: 3943 ns, Total: 60524 ns
[2023-10-18T13:52:06.252+0000][7][safepoint   ] Safepoint "Cleanup", Time since last: 1000108116 ns, Reaching safepoint: 234834 ns, At safepoint: 9261 ns, Total: 244095 ns
[2023-10-18T13:52:07.252+0000][7][safepoint   ] Safepoint "Cleanup", Time since last: 1000138440 ns, Reaching safepoint: 377228 ns, At safepoint: 8717 ns, Total: 385945 ns
[2023-10-18T13:52:08.770+0000][7][safepoint   ] Safepoint "Cleanup", Time since last: 1515378090 ns, Reaching safepoint: 2356993 ns, At safepoint: 10194 ns, Total: 2367187 ns
[2023-10-18T13:52:09.835+0000][7][safepoint   ] Safepoint "Cleanup", Time since last: 1062457310 ns, Reaching safepoint: 2223228 ns, At safepoint: 13847 ns, Total: 2237075 ns
[2023-10-18T13:52:10.837+0000][7][safepoint   ] Safepoint "Cleanup", Time since last: 1002370793 ns, Reaching safepoint: 262870 ns, At safepoint: 5069 ns, Total: 267939 ns
[2023-10-18T13:52:11.838+0000][7][safepoint   ] Safepoint "Cleanup", Time since last: 1000309990 ns, Reaching safepoint: 599669 ns, At safepoint: 6740 ns, Total: 606409 ns
[2023-10-18T13:52:12.877+0000][7][safepoint   ] Safepoint "ICBufferFull", Time since last: 1038485829 ns, Reaching safepoint: 161731 ns, At safepoint: 9935 ns, Total: 171666 ns
[2023-10-18T13:52:13.086+0000][7][safepoint   ] Safepoint "ICBufferFull", Time since last: 209292824 ns, Reaching safepoint: 159846 ns, At safepoint: 5955 ns, Total: 165801 ns
[2023-10-18T13:52:13.947+0000][7][gc,start    ] GC(15) Pause Young (Normal) (G1 Evacuation Pause)
[2023-10-18T13:52:13.947+0000][7][gc,task     ] GC(15) Using 8 workers of 8 for evacuation
[2023-10-18T13:52:13.947+0000][7][gc,age      ] GC(15) Desired survivor size 20971520 bytes, new threshold 15 (max threshold 15)
[2023-10-18T13:52:14.014+0000][7][gc,age      ] GC(15) Age table with threshold 15 (max threshold 15)
[2023-10-18T13:52:14.014+0000][7][gc,age      ] GC(15) - age   1:   12555016 bytes,   12555016 total
[2023-10-18T13:52:14.014+0000][7][gc,age      ] GC(15) - age   2:    4294856 bytes,   16849872 total
[2023-10-18T13:52:14.014+0000][7][gc,age      ] GC(15) - age   3:    5793920 bytes,   22643792 total
[2023-10-18T13:52:14.014+0000][7][gc,phases   ] GC(15)   Pre Evacuate Collection Set: 0.1ms
[2023-10-18T13:52:14.014+0000][7][gc,phases   ] GC(15)   Merge Heap Roots: 0.6ms
[2023-10-18T13:52:14.014+0000][7][gc,phases   ] GC(15)   Evacuate Collection Set: 57.9ms
[2023-10-18T13:52:14.014+0000][7][gc,phases   ] GC(15)   Post Evacuate Collection Set: 7.7ms
[2023-10-18T13:52:14.014+0000][7][gc,phases   ] GC(15)   Other: 1.0ms
[2023-10-18T13:52:14.014+0000][7][gc,heap     ] GC(15) Eden regions: 73->0(70)
[2023-10-18T13:52:14.014+0000][7][gc,heap     ] GC(15) Survivor regions: 3->6(10)
[2023-10-18T13:52:14.014+0000][7][gc,heap     ] GC(15) Old regions: 12->12
[2023-10-18T13:52:14.014+0000][7][gc,heap     ] GC(15) Archive regions: 2->2
[2023-10-18T13:52:14.014+0000][7][gc,heap     ] GC(15) Humongous regions: 0->0
[2023-10-18T13:52:14.014+0000][7][gc,metaspace] GC(15) Metaspace: 89778K(91264K)->89778K(91264K) NonClass: 77280K(78144K)->77280K(78144K) Class: 12497K(13120K)->12497K(13120K)
[2023-10-18T13:52:14.014+0000][7][gc          ] GC(15) Pause Young (Normal) (G1 Evacuation Pause) 351M->70M(512M) 67.403ms
[2023-10-18T13:52:14.014+0000][7][gc,cpu      ] GC(15) User=0.15s Sys=0.00s Real=0.06s
[2023-10-18T13:52:14.014+0000][7][safepoint   ] Safepoint "G1CollectForAllocation", Time since last: 860033338 ns, Reaching safepoint: 114095 ns, At safepoint: 67496605 ns, Total: 67610700 ns
[2023-10-18T13:52:15.012+0000][7][safepoint   ] Safepoint "ICBufferFull", Time since last: 997933120 ns, Reaching safepoint: 189288 ns, At safepoint: 3672 ns, Total: 192960 ns
[2023-10-18T13:52:16.231+0000][7][safepoint   ] Safepoint "ICBufferFull", Time since last: 1218966836 ns, Reaching safepoint: 192660 ns, At safepoint: 15611 ns, Total: 208271 ns
[2023-10-18T13:52:17.182+0000][7][safepoint   ] Safepoint "ICBufferFull", Time since last: 950238031 ns, Reaching safepoint: 159799 ns, At safepoint: 7489 ns, Total: 167288 ns
[2023-10-18T13:52:17.186+0000][7][gc,start    ] GC(16) Pause Young (Concurrent Start) (Metadata GC Threshold)
[2023-10-18T13:52:17.187+0000][7][gc,task     ] GC(16) Using 8 workers of 8 for evacuation
[2023-10-18T13:52:17.187+0000][7][gc,age      ] GC(16) Desired survivor size 20971520 bytes, new threshold 3 (max threshold 15)
[2023-10-18T13:52:17.274+0000][7][gc,age      ] GC(16) Age table with threshold 3 (max threshold 15)
[2023-10-18T13:52:17.274+0000][7][gc,age      ] GC(16) - age   1:    9337648 bytes,    9337648 total
[2023-10-18T13:52:17.274+0000][7][gc,age      ] GC(16) - age   2:   12113880 bytes,   21451528 total
[2023-10-18T13:52:17.275+0000][7][gc,age      ] GC(16) - age   3:    4287392 bytes,   25738920 total
[2023-10-18T13:52:17.275+0000][7][gc,phases   ] GC(16)   Pre Evacuate Collection Set: 0.2ms
[2023-10-18T13:52:17.275+0000][7][gc,phases   ] GC(16)   Merge Heap Roots: 0.2ms
[2023-10-18T13:52:17.275+0000][7][gc,phases   ] GC(16)   Evacuate Collection Set: 83.0ms
[2023-10-18T13:52:17.275+0000][7][gc,phases   ] GC(16)   Post Evacuate Collection Set: 3.6ms
[2023-10-18T13:52:17.276+0000][7][gc,phases   ] GC(16)   Other: 1.8ms
[2023-10-18T13:52:17.276+0000][7][gc,heap     ] GC(16) Eden regions: 34->0(69)
[2023-10-18T13:52:17.276+0000][7][gc,heap     ] GC(16) Survivor regions: 6->7(10)
[2023-10-18T13:52:17.276+0000][7][gc,heap     ] GC(16) Old regions: 12->13
[2023-10-18T13:52:17.276+0000][7][gc,heap     ] GC(16) Archive regions: 2->2
[2023-10-18T13:52:17.276+0000][7][gc,heap     ] GC(16) Humongous regions: 5->5
[2023-10-18T13:52:17.277+0000][7][gc,metaspace] GC(16) Metaspace: 98941K(100288K)->98941K(100288K) NonClass: 85034K(85824K)->85034K(85824K) Class: 13906K(14464K)->13906K(14464K)
[2023-10-18T13:52:17.277+0000][7][gc          ] GC(16) Pause Young (Concurrent Start) (Metadata GC Threshold) 224M->100M(512M) 90.645ms
[2023-10-18T13:52:17.277+0000][7][gc,cpu      ] GC(16) User=0.10s Sys=0.01s Real=0.09s
[2023-10-18T13:52:17.277+0000][7][safepoint   ] Safepoint "CollectForMetadataAllocation", Time since last: 4045913 ns, Reaching safepoint: 296232 ns, At safepoint: 91167787 ns, Total: 91464019 ns
[2023-10-18T13:52:17.277+0000][7][gc          ] GC(17) Concurrent Mark Cycle
[2023-10-18T13:52:17.279+0000][7][gc,marking  ] GC(17) Concurrent Clear Claimed Marks
[2023-10-18T13:52:17.279+0000][7][gc,marking  ] GC(17) Concurrent Clear Claimed Marks 0.233ms
[2023-10-18T13:52:17.279+0000][7][gc,marking  ] GC(17) Concurrent Scan Root Regions
[2023-10-18T13:52:17.322+0000][7][gc,marking  ] GC(17) Concurrent Scan Root Regions 42.872ms
[2023-10-18T13:52:17.323+0000][7][gc,marking  ] GC(17) Concurrent Mark
[2023-10-18T13:52:17.323+0000][7][gc,marking  ] GC(17) Concurrent Mark From Roots
[2023-10-18T13:52:17.323+0000][7][gc,task     ] GC(17) Using 2 workers of 2 for marking
[2023-10-18T13:52:17.378+0000][7][safepoint   ] Safepoint "CollectForMetadataAllocation", Time since last: 100530922 ns, Reaching safepoint: 164836 ns, At safepoint: 104427 ns, Total: 269263 ns
[2023-10-18T13:52:17.505+0000][7][gc,marking  ] GC(17) Concurrent Mark From Roots 181.977ms
[2023-10-18T13:52:17.505+0000][7][gc,marking  ] GC(17) Concurrent Preclean
[2023-10-18T13:52:17.506+0000][7][gc,marking  ] GC(17) Concurrent Preclean 0.649ms
[2023-10-18T13:52:17.506+0000][7][gc,start    ] GC(17) Pause Remark
[2023-10-18T13:52:17.524+0000][7][gc          ] GC(17) Pause Remark 106M->106M(512M) 17.336ms
[2023-10-18T13:52:17.524+0000][7][gc,cpu      ] GC(17) User=0.03s Sys=0.00s Real=0.01s
[2023-10-18T13:52:17.524+0000][7][safepoint   ] Safepoint "G1Concurrent", Time since last: 127823128 ns, Reaching safepoint: 65074 ns, At safepoint: 18051068 ns, Total: 18116142 ns
[2023-10-18T13:52:17.524+0000][7][gc,marking  ] GC(17) Concurrent Mark 201.544ms
[2023-10-18T13:52:17.524+0000][7][gc,marking  ] GC(17) Concurrent Rebuild Remembered Sets
[2023-10-18T13:52:17.669+0000][7][gc,marking  ] GC(17) Concurrent Rebuild Remembered Sets 144.193ms
[2023-10-18T13:52:17.670+0000][7][gc,start    ] GC(17) Pause Cleanup
[2023-10-18T13:52:17.671+0000][7][gc          ] GC(17) Pause Cleanup 114M->114M(512M) 0.279ms
[2023-10-18T13:52:17.671+0000][7][gc,cpu      ] GC(17) User=0.00s Sys=0.00s Real=0.00s
[2023-10-18T13:52:17.671+0000][7][safepoint   ] Safepoint "G1Concurrent", Time since last: 144839748 ns, Reaching safepoint: 1522556 ns, At safepoint: 653429 ns, Total: 2175985 ns
[2023-10-18T13:52:17.674+0000][7][gc,marking  ] GC(17) Concurrent Cleanup for Next Mark
[2023-10-18T13:52:17.675+0000][7][gc,marking  ] GC(17) Concurrent Cleanup for Next Mark 1.123ms
[2023-10-18T13:52:17.676+0000][7][gc          ] GC(17) Concurrent Mark Cycle 398.062ms
[2023-10-18T13:52:18.925+0000][7][safepoint   ] Safepoint "ICBufferFull", Time since last: 1253979987 ns, Reaching safepoint: 340287 ns, At safepoint: 17053 ns, Total: 357340 ns
[2023-10-18T13:52:18.930+0000][7][safepoint   ] Safepoint "ICBufferFull", Time since last: 510340 ns, Reaching safepoint: 3625872 ns, At safepoint: 25073 ns, Total: 3650945 ns
[2023-10-18T13:52:19.934+0000][7][safepoint   ] Safepoint "Cleanup", Time since last: 1003255565 ns, Reaching safepoint: 962885 ns, At safepoint: 18217 ns, Total: 981102 ns
[2023-10-18T13:52:21.423+0000][7][safepoint   ] Safepoint "Cleanup", Time since last: 1477248932 ns, Reaching safepoint: 12073537 ns, At safepoint: 51437 ns, Total: 12124974 ns
[2023-10-18T13:52:22.684+0000][7][safepoint   ] Safepoint "Cleanup", Time since last: 1261096148 ns, Reaching safepoint: 116628 ns, At safepoint: 7425 ns, Total: 124053 ns
[2023-10-18T13:52:23.685+0000][7][safepoint   ] Safepoint "Cleanup", Time since last: 1000294611 ns, Reaching safepoint: 186169 ns, At safepoint: 7627 ns, Total: 193796 ns
[2023-10-18T13:52:23.815+0000][7][gc,start    ] GC(18) Pause Young (Concurrent Start) (G1 Evacuation Pause)
[2023-10-18T13:52:23.815+0000][7][gc,task     ] GC(18) Using 8 workers of 8 for evacuation
[2023-10-18T13:52:23.815+0000][7][gc,age      ] GC(18) Desired survivor size 20971520 bytes, new threshold 2 (max threshold 15)
[2023-10-18T13:52:23.849+0000][7][gc,age      ] GC(18) Age table with threshold 2 (max threshold 15)
[2023-10-18T13:52:23.849+0000][7][gc,age      ] GC(18) - age   1:    9133680 bytes,    9133680 total
[2023-10-18T13:52:23.849+0000][7][gc,age      ] GC(18) - age   2:    8900904 bytes,   18034584 total
[2023-10-18T13:52:23.849+0000][7][gc,phases   ] GC(18)   Pre Evacuate Collection Set: 0.1ms
[2023-10-18T13:52:23.849+0000][7][gc,phases   ] GC(18)   Merge Heap Roots: 0.1ms
[2023-10-18T13:52:23.849+0000][7][gc,phases   ] GC(18)   Evacuate Collection Set: 32.4ms
[2023-10-18T13:52:23.849+0000][7][gc,phases   ] GC(18)   Post Evacuate Collection Set: 1.5ms
[2023-10-18T13:52:23.849+0000][7][gc,phases   ] GC(18)   Other: 0.2ms
[2023-10-18T13:52:23.849+0000][7][gc,heap     ] GC(18) Eden regions: 69->0(69)
[2023-10-18T13:52:23.849+0000][7][gc,heap     ] GC(18) Survivor regions: 7->5(10)
[2023-10-18T13:52:23.849+0000][7][gc,heap     ] GC(18) Old regions: 13->17
[2023-10-18T13:52:23.849+0000][7][gc,heap     ] GC(18) Archive regions: 2->2
[2023-10-18T13:52:23.849+0000][7][gc,heap     ] GC(18) Humongous regions: 5->5
[2023-10-18T13:52:23.849+0000][7][gc,metaspace] GC(18) Metaspace: 105523K(107008K)->105523K(107008K) NonClass: 90709K(91584K)->90709K(91584K) Class: 14814K(15424K)->14814K(15424K)
[2023-10-18T13:52:23.849+0000][7][gc          ] GC(18) Pause Young (Concurrent Start) (G1 Evacuation Pause) 375M->109M(512M) 34.444ms
[2023-10-18T13:52:23.849+0000][7][gc,cpu      ] GC(18) User=0.15s Sys=0.00s Real=0.04s
[2023-10-18T13:52:23.849+0000][7][safepoint   ] Safepoint "G1CollectForAllocation", Time since last: 129560553 ns, Reaching safepoint: 316394 ns, At safepoint: 34547871 ns, Total: 34864265 ns
[2023-10-18T13:52:23.849+0000][7][gc          ] GC(19) Concurrent Mark Cycle
[2023-10-18T13:52:23.849+0000][7][gc,marking  ] GC(19) Concurrent Clear Claimed Marks
[2023-10-18T13:52:23.849+0000][7][gc,marking  ] GC(19) Concurrent Clear Claimed Marks 0.072ms
[2023-10-18T13:52:23.849+0000][7][gc,marking  ] GC(19) Concurrent Scan Root Regions
[2023-10-18T13:52:23.876+0000][7][gc,marking  ] GC(19) Concurrent Scan Root Regions 26.238ms
[2023-10-18T13:52:23.876+0000][7][gc,marking  ] GC(19) Concurrent Mark
[2023-10-18T13:52:23.876+0000][7][gc,marking  ] GC(19) Concurrent Mark From Roots
[2023-10-18T13:52:23.876+0000][7][gc,task     ] GC(19) Using 2 workers of 2 for marking
[2023-10-18T13:52:23.952+0000][7][gc,marking  ] GC(19) Concurrent Mark From Roots 76.568ms
[2023-10-18T13:52:23.952+0000][7][gc,marking  ] GC(19) Concurrent Preclean
[2023-10-18T13:52:23.953+0000][7][gc,marking  ] GC(19) Concurrent Preclean 0.267ms
[2023-10-18T13:52:23.953+0000][7][gc,start    ] GC(19) Pause Remark
[2023-10-18T13:52:23.957+0000][7][gc          ] GC(19) Pause Remark 123M->123M(512M) 4.531ms
[2023-10-18T13:52:23.957+0000][7][gc,cpu      ] GC(19) User=0.02s Sys=0.00s Real=0.01s
[2023-10-18T13:52:23.957+0000][7][safepoint   ] Safepoint "G1Concurrent", Time since last: 103359589 ns, Reaching safepoint: 144148 ns, At safepoint: 4630367 ns, Total: 4774515 ns
[2023-10-18T13:52:23.957+0000][7][gc,marking  ] GC(19) Concurrent Mark 81.718ms
[2023-10-18T13:52:23.957+0000][7][gc,marking  ] GC(19) Concurrent Rebuild Remembered Sets
[2023-10-18T13:52:24.019+0000][7][gc,marking  ] GC(19) Concurrent Rebuild Remembered Sets 61.313ms
[2023-10-18T13:52:24.019+0000][7][gc,start    ] GC(19) Pause Cleanup
[2023-10-18T13:52:24.019+0000][7][gc          ] GC(19) Pause Cleanup 126M->126M(512M) 0.091ms
[2023-10-18T13:52:24.019+0000][7][gc,cpu      ] GC(19) User=0.00s Sys=0.00s Real=0.00s
[2023-10-18T13:52:24.019+0000][7][safepoint   ] Safepoint "G1Concurrent", Time since last: 61429302 ns, Reaching safepoint: 78453 ns, At safepoint: 139409 ns, Total: 217862 ns
[2023-10-18T13:52:24.019+0000][7][gc,marking  ] GC(19) Concurrent Cleanup for Next Mark
[2023-10-18T13:52:24.020+0000][7][gc,marking  ] GC(19) Concurrent Cleanup for Next Mark 0.757ms
[2023-10-18T13:52:24.020+0000][7][gc          ] GC(19) Concurrent Mark Cycle 170.565ms
[2023-10-18T13:52:24.419+0000][7][safepoint   ] Safepoint "ICBufferFull", Time since last: 399602109 ns, Reaching safepoint: 171611 ns, At safepoint: 5419 ns, Total: 177030 ns
[2023-10-18T13:52:25.419+0000][7][safepoint   ] Safepoint "Cleanup", Time since last: 1000123453 ns, Reaching safepoint: 91023 ns, At safepoint: 6330 ns, Total: 97353 ns
[2023-10-18T13:52:26.420+0000][7][safepoint   ] Safepoint "Cleanup", Time since last: 1000392421 ns, Reaching safepoint: 63228 ns, At safepoint: 9691 ns, Total: 72919 ns
[2023-10-18T13:52:27.420+0000][7][safepoint   ] Safepoint "Cleanup", Time since last: 1000349294 ns, Reaching safepoint: 150100 ns, At safepoint: 22155 ns, Total: 172255 ns
[2023-10-18T13:52:28.072+0000][7][safepoint   ] Safepoint "ICBufferFull", Time since last: 652068950 ns, Reaching safepoint: 149953 ns, At safepoint: 8537 ns, Total: 158490 ns
[2023-10-18T13:52:28.593+0000][7][safepoint   ] Safepoint "ICBufferFull", Time since last: 521015740 ns, Reaching safepoint: 146756 ns, At safepoint: 8284 ns, Total: 155040 ns
[2023-10-18T13:52:29.325+0000][7][safepoint   ] Safepoint "ICBufferFull", Time since last: 731168564 ns, Reaching safepoint: 128300 ns, At safepoint: 9126 ns, Total: 137426 ns
[2023-10-18T13:52:29.855+0000][7][safepoint   ] Safepoint "ICBufferFull", Time since last: 528186459 ns, Reaching safepoint: 2235285 ns, At safepoint: 26795 ns, Total: 2262080 ns
[2023-10-18T13:52:30.001+0000][7][safepoint   ] Safepoint "ICBufferFull", Time since last: 145141745 ns, Reaching safepoint: 277355 ns, At safepoint: 14050 ns, Total: 291405 ns
[2023-10-18T13:52:30.568+0000][7][safepoint   ] Safepoint "ICBufferFull", Time since last: 562360690 ns, Reaching safepoint: 4473733 ns, At safepoint: 149919 ns, Total: 4623652 ns
[2023-10-18T13:52:31.569+0000][7][safepoint   ] Safepoint "Cleanup", Time since last: 1001201109 ns, Reaching safepoint: 129539 ns, At safepoint: 5496 ns, Total: 135035 ns
[2023-10-18T13:52:32.276+0000][7][safepoint   ] Safepoint "ICBufferFull", Time since last: 707168389 ns, Reaching safepoint: 207171 ns, At safepoint: 5036 ns, Total: 212207 ns
[2023-10-18T13:52:32.987+0000][7][gc,start    ] GC(20) Pause Young (Normal) (G1 Evacuation Pause)
[2023-10-18T13:52:32.987+0000][7][gc,task     ] GC(20) Using 8 workers of 8 for evacuation
[2023-10-18T13:52:32.987+0000][7][gc,age      ] GC(20) Desired survivor size 20971520 bytes, new threshold 15 (max threshold 15)
[2023-10-18T13:52:33.150+0000][7][gc,age      ] GC(20) Age table with threshold 15 (max threshold 15)
[2023-10-18T13:52:33.150+0000][7][gc,age      ] GC(20) - age   1:    8897200 bytes,    8897200 total
[2023-10-18T13:52:33.153+0000][7][gc,age      ] GC(20) - age   2:    5365072 bytes,   14262272 total
[2023-10-18T13:52:33.153+0000][7][gc,age      ] GC(20) - age   3:    8176448 bytes,   22438720 total
[2023-10-18T13:52:33.153+0000][7][gc,phases   ] GC(20)   Pre Evacuate Collection Set: 2.6ms
[2023-10-18T13:52:33.153+0000][7][gc,phases   ] GC(20)   Merge Heap Roots: 0.3ms
[2023-10-18T13:52:33.154+0000][7][gc,phases   ] GC(20)   Evacuate Collection Set: 137.9ms
[2023-10-18T13:52:33.154+0000][7][gc,phases   ] GC(20)   Post Evacuate Collection Set: 21.8ms
[2023-10-18T13:52:33.154+0000][7][gc,phases   ] GC(20)   Other: 3.6ms
[2023-10-18T13:52:33.154+0000][7][gc,heap     ] GC(20) Eden regions: 69->0(69)
[2023-10-18T13:52:33.154+0000][7][gc,heap     ] GC(20) Survivor regions: 5->6(10)
[2023-10-18T13:52:33.154+0000][7][gc,heap     ] GC(20) Old regions: 17->17
[2023-10-18T13:52:33.154+0000][7][gc,heap     ] GC(20) Archive regions: 2->2
[2023-10-18T13:52:33.154+0000][7][gc,heap     ] GC(20) Humongous regions: 5->5
[2023-10-18T13:52:33.154+0000][7][gc,metaspace] GC(20) Metaspace: 110188K(111680K)->110188K(111680K) NonClass: 94915K(95808K)->94915K(95808K) Class: 15273K(15872K)->15273K(15872K)
[2023-10-18T13:52:33.154+0000][7][gc          ] GC(20) Pause Young (Normal) (G1 Evacuation Pause) 385M->113M(512M) 166.659ms
[2023-10-18T13:52:33.154+0000][7][gc,cpu      ] GC(20) User=0.13s Sys=0.00s Real=0.16s
[2023-10-18T13:52:33.154+0000][7][safepoint   ] Safepoint "G1CollectForAllocation", Time since last: 709016418 ns, Reaching safepoint: 1710467 ns, At safepoint: 166782331 ns, Total: 168492798 ns
[2023-10-18T13:52:33.844+0000][7][safepoint   ] Safepoint "ICBufferFull", Time since last: 689502336 ns, Reaching safepoint: 407736 ns, At safepoint: 20731 ns, Total: 428467 ns
[2023-10-18T13:52:34.846+0000][7][safepoint   ] Safepoint "Cleanup", Time since last: 1002113485 ns, Reaching safepoint: 175185 ns, At safepoint: 15203 ns, Total: 190388 ns
[2023-10-18T13:52:35.389+0000][7][safepoint   ] Safepoint "ICBufferFull", Time since last: 542831749 ns, Reaching safepoint: 348463 ns, At safepoint: 16155 ns, Total: 364618 ns
[2023-10-18T13:52:36.099+0000][7][safepoint   ] Safepoint "ICBufferFull", Time since last: 707941100 ns, Reaching safepoint: 1465014 ns, At safepoint: 33405 ns, Total: 1498419 ns
[2023-10-18T13:52:36.617+0000][7][safepoint   ] Safepoint "ICBufferFull", Time since last: 517971944 ns, Reaching safepoint: 213055 ns, At safepoint: 14105 ns, Total: 227160 ns
[2023-10-18T13:52:37.617+0000][7][safepoint   ] Safepoint "Cleanup", Time since last: 1000111098 ns, Reaching safepoint: 148550 ns, At safepoint: 11941 ns, Total: 160491 ns
[2023-10-18T13:52:38.617+0000][7][safepoint   ] Safepoint "Cleanup", Time since last: 1000125652 ns, Reaching safepoint: 101821 ns, At safepoint: 4502 ns, Total: 106323 ns
[2023-10-18T13:52:38.859+0000][7][safepoint   ] Safepoint "ICBufferFull", Time since last: 241535830 ns, Reaching safepoint: 254979 ns, At safepoint: 11696 ns, Total: 266675 ns
[2023-10-18T13:52:39.111+0000][7][gc,start    ] GC(21) Pause Young (Normal) (G1 Evacuation Pause)
[2023-10-18T13:52:39.111+0000][7][gc,task     ] GC(21) Using 8 workers of 8 for evacuation
[2023-10-18T13:52:39.111+0000][7][gc,age      ] GC(21) Desired survivor size 20971520 bytes, new threshold 3 (max threshold 15)
[2023-10-18T13:52:39.131+0000][7][gc,age      ] GC(21) Age table with threshold 3 (max threshold 15)
[2023-10-18T13:52:39.131+0000][7][gc,age      ] GC(21) - age   1:    3230312 bytes,    3230312 total
[2023-10-18T13:52:39.131+0000][7][gc,age      ] GC(21) - age   2:    6691064 bytes,    9921376 total
[2023-10-18T13:52:39.131+0000][7][gc,age      ] GC(21) - age   3:    4860184 bytes,   14781560 total
[2023-10-18T13:52:39.131+0000][7][gc,phases   ] GC(21)   Pre Evacuate Collection Set: 0.1ms
[2023-10-18T13:52:39.131+0000][7][gc,phases   ] GC(21)   Merge Heap Roots: 0.1ms
[2023-10-18T13:52:39.131+0000][7][gc,phases   ] GC(21)   Evacuate Collection Set: 18.9ms
[2023-10-18T13:52:39.131+0000][7][gc,phases   ] GC(21)   Post Evacuate Collection Set: 0.9ms
[2023-10-18T13:52:39.132+0000][7][gc,phases   ] GC(21)   Other: 0.2ms
[2023-10-18T13:52:39.132+0000][7][gc,heap     ] GC(21) Eden regions: 69->0(70)
[2023-10-18T13:52:39.132+0000][7][gc,heap     ] GC(21) Survivor regions: 6->4(10)
[2023-10-18T13:52:39.132+0000][7][gc,heap     ] GC(21) Old regions: 17->19
[2023-10-18T13:52:39.132+0000][7][gc,heap     ] GC(21) Archive regions: 2->2
[2023-10-18T13:52:39.132+0000][7][gc,heap     ] GC(21) Humongous regions: 5->5
[2023-10-18T13:52:39.132+0000][7][gc,metaspace] GC(21) Metaspace: 112018K(113536K)->112018K(113536K) NonClass: 96635K(97536K)->96635K(97536K) Class: 15383K(16000K)->15383K(16000K)
[2023-10-18T13:52:39.132+0000][7][gc          ] GC(21) Pause Young (Normal) (G1 Evacuation Pause) 389M->113M(512M) 20.527ms
[2023-10-18T13:52:39.132+0000][7][gc,cpu      ] GC(21) User=0.08s Sys=0.01s Real=0.02s
[2023-10-18T13:52:39.132+0000][7][safepoint   ] Safepoint "G1CollectForAllocation", Time since last: 251816082 ns, Reaching safepoint: 61677 ns, At safepoint: 20604291 ns, Total: 20665968 ns
[2023-10-18T13:52:39.850+0000][7][safepoint   ] Safepoint "ICBufferFull", Time since last: 718137620 ns, Reaching safepoint: 133118 ns, At safepoint: 22412 ns, Total: 155530 ns
[2023-10-18T13:52:40.011+0000][7][safepoint   ] Safepoint "ICBufferFull", Time since last: 160967093 ns, Reaching safepoint: 184657 ns, At safepoint: 18428 ns, Total: 203085 ns
[2023-10-18T13:52:40.049+0000][7][safepoint   ] Safepoint "ICBufferFull", Time since last: 37640890 ns, Reaching safepoint: 36423 ns, At safepoint: 4014 ns, Total: 40437 ns
[2023-10-18T13:52:40.208+0000][7][safepoint   ] Safepoint "ICBufferFull", Time since last: 159153835 ns, Reaching safepoint: 76577 ns, At safepoint: 3977 ns, Total: 80554 ns
[2023-10-18T13:52:40.296+0000][7][safepoint   ] Safepoint "ICBufferFull", Time since last: 87524391 ns, Reaching safepoint: 52214 ns, At safepoint: 6189 ns, Total: 58403 ns
[2023-10-18T13:52:40.350+0000][7][safepoint   ] Safepoint "ICBufferFull", Time since last: 54590263 ns, Reaching safepoint: 64881 ns, At safepoint: 3319 ns, Total: 68200 ns
[2023-10-18T13:52:40.488+0000][7][safepoint   ] Safepoint "ICBufferFull", Time since last: 137843234 ns, Reaching safepoint: 102718 ns, At safepoint: 3847 ns, Total: 106565 ns
[2023-10-18T13:52:40.633+0000][7][safepoint   ] Safepoint "ICBufferFull", Time since last: 144360941 ns, Reaching safepoint: 108758 ns, At safepoint: 4973 ns, Total: 113731 ns
[2023-10-18T13:52:40.775+0000][7][safepoint   ] Safepoint "ICBufferFull", Time since last: 142425528 ns, Reaching safepoint: 116278 ns, At safepoint: 16219 ns, Total: 132497 ns
[2023-10-18T13:52:40.916+0000][7][safepoint   ] Safepoint "ICBufferFull", Time since last: 140544962 ns, Reaching safepoint: 74623 ns, At safepoint: 4068 ns, Total: 78691 ns
[2023-10-18T13:52:41.041+0000][7][safepoint   ] Safepoint "ICBufferFull", Time since last: 125243803 ns, Reaching safepoint: 75064 ns, At safepoint: 4501 ns, Total: 79565 ns
[2023-10-18T13:52:41.142+0000][7][safepoint   ] Safepoint "ICBufferFull", Time since last: 100575641 ns, Reaching safepoint: 48946 ns, At safepoint: 6051 ns, Total: 54997 ns
[2023-10-18T13:52:41.769+0000][7][safepoint   ] Safepoint "ICBufferFull", Time since last: 626501781 ns, Reaching safepoint: 142062 ns, At safepoint: 4295 ns, Total: 146357 ns
[2023-10-18T13:52:42.701+0000][7][safepoint   ] Safepoint "ICBufferFull", Time since last: 932056855 ns, Reaching safepoint: 223401 ns, At safepoint: 13878 ns, Total: 237279 ns
[2023-10-18T13:52:43.053+0000][7][safepoint   ] Safepoint "ICBufferFull", Time since last: 351646950 ns, Reaching safepoint: 187001 ns, At safepoint: 5201 ns, Total: 192202 ns
[2023-10-18T13:52:43.368+0000][7][gc,start    ] GC(22) Pause Young (Normal) (G1 Evacuation Pause)
[2023-10-18T13:52:43.368+0000][7][gc,task     ] GC(22) Using 8 workers of 8 for evacuation
[2023-10-18T13:52:43.368+0000][7][gc,age      ] GC(22) Desired survivor size 20971520 bytes, new threshold 15 (max threshold 15)
[2023-10-18T13:52:43.384+0000][7][gc,age      ] GC(22) Age table with threshold 15 (max threshold 15)
[2023-10-18T13:52:43.384+0000][7][gc,age      ] GC(22) - age   1:    1589368 bytes,    1589368 total
[2023-10-18T13:52:43.384+0000][7][gc,age      ] GC(22) - age   2:     826328 bytes,    2415696 total
[2023-10-18T13:52:43.385+0000][7][gc,age      ] GC(22) - age   3:    6381728 bytes,    8797424 total
[2023-10-18T13:52:43.385+0000][7][gc,age      ] GC(22) - age   4:    4741336 bytes,   13538760 total
[2023-10-18T13:52:43.385+0000][7][gc,phases   ] GC(22)   Pre Evacuate Collection Set: 0.1ms
[2023-10-18T13:52:43.385+0000][7][gc,phases   ] GC(22)   Merge Heap Roots: 0.1ms
[2023-10-18T13:52:43.385+0000][7][gc,phases   ] GC(22)   Evacuate Collection Set: 15.5ms
[2023-10-18T13:52:43.385+0000][7][gc,phases   ] GC(22)   Post Evacuate Collection Set: 1.0ms
[2023-10-18T13:52:43.385+0000][7][gc,phases   ] GC(22)   Other: 0.3ms
[2023-10-18T13:52:43.385+0000][7][gc,heap     ] GC(22) Eden regions: 70->0(71)
[2023-10-18T13:52:43.385+0000][7][gc,heap     ] GC(22) Survivor regions: 4->4(10)
[2023-10-18T13:52:43.385+0000][7][gc,heap     ] GC(22) Old regions: 19->19
[2023-10-18T13:52:43.385+0000][7][gc,heap     ] GC(22) Archive regions: 2->2
[2023-10-18T13:52:43.385+0000][7][gc,heap     ] GC(22) Humongous regions: 5->5
[2023-10-18T13:52:43.385+0000][7][gc,metaspace] GC(22) Metaspace: 112509K(114112K)->112509K(114112K) NonClass: 97096K(98048K)->97096K(98048K) Class: 15413K(16064K)->15413K(16064K)
[2023-10-18T13:52:43.385+0000][7][gc          ] GC(22) Pause Young (Normal) (G1 Evacuation Pause) 393M->112M(512M) 17.013ms
[2023-10-18T13:52:43.385+0000][7][gc,cpu      ] GC(22) User=0.07s Sys=0.00s Real=0.01s
[2023-10-18T13:52:43.385+0000][7][safepoint   ] Safepoint "G1CollectForAllocation", Time since last: 314933418 ns, Reaching safepoint: 51171 ns, At safepoint: 17100807 ns, Total: 17151978 ns
[2023-10-18T13:52:44.437+0000][7][safepoint   ] Safepoint "ICBufferFull", Time since last: 1051790419 ns, Reaching safepoint: 223519 ns, At safepoint: 12308 ns, Total: 235827 ns
[2023-10-18T13:52:45.537+0000][7][safepoint   ] Safepoint "ICBufferFull", Time since last: 1100456484 ns, Reaching safepoint: 165481 ns, At safepoint: 9232 ns, Total: 174713 ns
[2023-10-18T13:52:46.538+0000][7][safepoint   ] Safepoint "Cleanup", Time since last: 1000113502 ns, Reaching safepoint: 209978 ns, At safepoint: 8642 ns, Total: 218620 ns
[2023-10-18T13:52:46.963+0000][7][safepoint   ] Safepoint "ICBufferFull", Time since last: 425106387 ns, Reaching safepoint: 296413 ns, At safepoint: 10253 ns, Total: 306666 ns
[2023-10-18T13:52:47.400+0000][7][safepoint   ] Safepoint "ICBufferFull", Time since last: 436938606 ns, Reaching safepoint: 203659 ns, At safepoint: 13495 ns, Total: 217154 ns
[2023-10-18T13:52:47.820+0000][7][safepoint   ] Safepoint "ICBufferFull", Time since last: 419043673 ns, Reaching safepoint: 266998 ns, At safepoint: 13842 ns, Total: 280840 ns
[2023-10-18T13:52:48.023+0000][7][safepoint   ] Safepoint "ICBufferFull", Time since last: 202802268 ns, Reaching safepoint: 162481 ns, At safepoint: 10139 ns, Total: 172620 ns
[2023-10-18T13:52:48.079+0000][7][gc,start    ] GC(23) Pause Young (Normal) (G1 Evacuation Pause)
[2023-10-18T13:52:48.079+0000][7][gc,task     ] GC(23) Using 8 workers of 8 for evacuation
[2023-10-18T13:52:48.079+0000][7][gc,age      ] GC(23) Desired survivor size 20971520 bytes, new threshold 15 (max threshold 15)
[2023-10-18T13:52:48.099+0000][7][gc,age      ] GC(23) Age table with threshold 15 (max threshold 15)
[2023-10-18T13:52:48.099+0000][7][gc,age      ] GC(23) - age   1:    4780560 bytes,    4780560 total
[2023-10-18T13:52:48.099+0000][7][gc,age      ] GC(23) - age   2:     849128 bytes,    5629688 total
[2023-10-18T13:52:48.099+0000][7][gc,age      ] GC(23) - age   3:     673600 bytes,    6303288 total
[2023-10-18T13:52:48.099+0000][7][gc,age      ] GC(23) - age   4:    6338712 bytes,   12642000 total
[2023-10-18T13:52:48.099+0000][7][gc,age      ] GC(23) - age   5:    4730464 bytes,   17372464 total
[2023-10-18T13:52:48.099+0000][7][gc,phases   ] GC(23)   Pre Evacuate Collection Set: 0.1ms
[2023-10-18T13:52:48.099+0000][7][gc,phases   ] GC(23)   Merge Heap Roots: 0.1ms
[2023-10-18T13:52:48.099+0000][7][gc,phases   ] GC(23)   Evacuate Collection Set: 18.0ms
[2023-10-18T13:52:48.099+0000][7][gc,phases   ] GC(23)   Post Evacuate Collection Set: 1.2ms
[2023-10-18T13:52:48.099+0000][7][gc,phases   ] GC(23)   Other: 0.3ms
[2023-10-18T13:52:48.099+0000][7][gc,heap     ] GC(23) Eden regions: 71->0(71)
[2023-10-18T13:52:48.099+0000][7][gc,heap     ] GC(23) Survivor regions: 4->5(10)
[2023-10-18T13:52:48.099+0000][7][gc,heap     ] GC(23) Old regions: 19->19
[2023-10-18T13:52:48.099+0000][7][gc,heap     ] GC(23) Archive regions: 2->2
[2023-10-18T13:52:48.099+0000][7][gc,heap     ] GC(23) Humongous regions: 5->5
[2023-10-18T13:52:48.099+0000][7][gc,metaspace] GC(23) Metaspace: 114263K(115968K)->114263K(115968K) NonClass: 98610K(99648K)->98610K(99648K) Class: 15653K(16320K)->15653K(16320K)
[2023-10-18T13:52:48.099+0000][7][gc          ] GC(23) Pause Young (Normal) (G1 Evacuation Pause) 396M->116M(512M) 20.077ms
[2023-10-18T13:52:48.099+0000][7][gc,cpu      ] GC(23) User=0.07s Sys=0.00s Real=0.02s
[2023-10-18T13:52:48.099+0000][7][safepoint   ] Safepoint "G1CollectForAllocation", Time since last: 56390923 ns, Reaching safepoint: 95037 ns, At safepoint: 20183178 ns, Total: 20278215 ns
[2023-10-18T13:52:49.100+0000][7][safepoint   ] Safepoint "Cleanup", Time since last: 1000084444 ns, Reaching safepoint: 182304 ns, At safepoint: 5598 ns, Total: 187902 ns
[2023-10-18T13:52:50.100+0000][7][safepoint   ] Safepoint "Cleanup", Time since last: 1000120087 ns, Reaching safepoint: 103103 ns, At safepoint: 7474 ns, Total: 110577 ns
[2023-10-18T13:52:51.016+0000][7][safepoint   ] Safepoint "ICBufferFull", Time since last: 915671057 ns, Reaching safepoint: 150903 ns, At safepoint: 7095 ns, Total: 157998 ns
[2023-10-18T13:52:52.016+0000][7][safepoint   ] Safepoint "Cleanup", Time since last: 1000113960 ns, Reaching safepoint: 241841 ns, At safepoint: 10524 ns, Total: 252365 ns
[2023-10-18T13:52:52.325+0000][7][safepoint   ] Safepoint "ICBufferFull", Time since last: 309004485 ns, Reaching safepoint: 188449 ns, At safepoint: 6084 ns, Total: 194533 ns
[2023-10-18T13:52:53.326+0000][7][safepoint   ] Safepoint "Cleanup", Time since last: 1000295981 ns, Reaching safepoint: 172913 ns, At safepoint: 8180 ns, Total: 181093 ns
[2023-10-18T13:52:54.326+0000][7][safepoint   ] Safepoint "Cleanup", Time since last: 1000131364 ns, Reaching safepoint: 170039 ns, At safepoint: 4929 ns, Total: 174968 ns
[2023-10-18T13:52:55.255+0000][7][gc,start    ] GC(24) Pause Young (Normal) (G1 Evacuation Pause)
[2023-10-18T13:52:55.255+0000][7][gc,task     ] GC(24) Using 8 workers of 8 for evacuation
[2023-10-18T13:52:55.255+0000][7][gc,age      ] GC(24) Desired survivor size 20971520 bytes, new threshold 15 (max threshold 15)
[2023-10-18T13:52:55.271+0000][7][gc,age      ] GC(24) Age table with threshold 15 (max threshold 15)
[2023-10-18T13:52:55.271+0000][7][gc,age      ] GC(24) - age   1:    1945712 bytes,    1945712 total
[2023-10-18T13:52:55.271+0000][7][gc,age      ] GC(24) - age   2:    3074712 bytes,    5020424 total
[2023-10-18T13:52:55.271+0000][7][gc,age      ] GC(24) - age   3:     628904 bytes,    5649328 total
[2023-10-18T13:52:55.271+0000][7][gc,age      ] GC(24) - age   4:     672520 bytes,    6321848 total
[2023-10-18T13:52:55.271+0000][7][gc,age      ] GC(24) - age   5:    6338072 bytes,   12659920 total
[2023-10-18T13:52:55.271+0000][7][gc,age      ] GC(24) - age   6:    4729480 bytes,   17389400 total
[2023-10-18T13:52:55.271+0000][7][gc,phases   ] GC(24)   Pre Evacuate Collection Set: 0.1ms
[2023-10-18T13:52:55.271+0000][7][gc,phases   ] GC(24)   Merge Heap Roots: 0.2ms
[2023-10-18T13:52:55.271+0000][7][gc,phases   ] GC(24)   Evacuate Collection Set: 14.7ms
[2023-10-18T13:52:55.272+0000][7][gc,phases   ] GC(24)   Post Evacuate Collection Set: 0.9ms
[2023-10-18T13:52:55.272+0000][7][gc,phases   ] GC(24)   Other: 0.3ms
[2023-10-18T13:52:55.272+0000][7][gc,heap     ] GC(24) Eden regions: 71->0(71)
[2023-10-18T13:52:55.272+0000][7][gc,heap     ] GC(24) Survivor regions: 5->5(10)
[2023-10-18T13:52:55.272+0000][7][gc,heap     ] GC(24) Old regions: 19->19
[2023-10-18T13:52:55.272+0000][7][gc,heap     ] GC(24) Archive regions: 2->2
[2023-10-18T13:52:55.272+0000][7][gc,heap     ] GC(24) Humongous regions: 5->5
[2023-10-18T13:52:55.272+0000][7][gc,metaspace] GC(24) Metaspace: 114361K(116096K)->114361K(116096K) NonClass: 98706K(99712K)->98706K(99712K) Class: 15654K(16384K)->15654K(16384K)
[2023-10-18T13:52:55.272+0000][7][gc          ] GC(24) Pause Young (Normal) (G1 Evacuation Pause) 400M->116M(512M) 16.538ms
[2023-10-18T13:52:55.272+0000][7][gc,cpu      ] GC(24) User=0.06s Sys=0.00s Real=0.02s
[2023-10-18T13:52:55.272+0000][7][safepoint   ] Safepoint "G1CollectForAllocation", Time since last: 929114698 ns, Reaching safepoint: 150039 ns, At safepoint: 16636843 ns, Total: 16786882 ns
[2023-10-18T13:52:56.272+0000][7][safepoint   ] Safepoint "Cleanup", Time since last: 1000081984 ns, Reaching safepoint: 64075 ns, At safepoint: 3546 ns, Total: 67621 ns
[2023-10-18T13:52:57.241+0000][7][safepoint   ] Safepoint "ICBufferFull", Time since last: 968461111 ns, Reaching safepoint: 126420 ns, At safepoint: 9307 ns, Total: 135727 ns
[2023-10-18T13:52:58.241+0000][7][safepoint   ] Safepoint "Cleanup", Time since last: 1000123118 ns, Reaching safepoint: 94592 ns, At safepoint: 3314 ns, Total: 97906 ns
[2023-10-18T13:52:59.241+0000][7][safepoint   ] Safepoint "Cleanup", Time since last: 1000120243 ns, Reaching safepoint: 112431 ns, At safepoint: 8163 ns, Total: 120594 ns
[2023-10-18T13:53:00.243+0000][7][safepoint   ] Safepoint "Cleanup", Time since last: 1001383261 ns, Reaching safepoint: 91453 ns, At safepoint: 3894 ns, Total: 95347 ns
[2023-10-18T13:53:01.243+0000][7][safepoint   ] Safepoint "Cleanup", Time since last: 1000116172 ns, Reaching safepoint: 182287 ns, At safepoint: 9330 ns, Total: 191617 ns
[2023-10-18T13:53:01.506+0000][7][gc,start    ] GC(25) Pause Young (Normal) (G1 Evacuation Pause)
[2023-10-18T13:53:01.506+0000][7][gc,task     ] GC(25) Using 8 workers of 8 for evacuation
[2023-10-18T13:53:01.507+0000][7][gc,age      ] GC(25) Desired survivor size 20971520 bytes, new threshold 15 (max threshold 15)
[2023-10-18T13:53:01.538+0000][7][gc,age      ] GC(25) Age table with threshold 15 (max threshold 15)
[2023-10-18T13:53:01.539+0000][7][gc,age      ] GC(25) - age   1:    2515264 bytes,    2515264 total
[2023-10-18T13:53:01.539+0000][7][gc,age      ] GC(25) - age   2:     880952 bytes,    3396216 total
[2023-10-18T13:53:01.539+0000][7][gc,age      ] GC(25) - age   3:    3072792 bytes,    6469008 total
[2023-10-18T13:53:01.539+0000][7][gc,age      ] GC(25) - age   4:     628712 bytes,    7097720 total
[2023-10-18T13:53:01.539+0000][7][gc,age      ] GC(25) - age   5:     672128 bytes,    7769848 total
[2023-10-18T13:53:01.539+0000][7][gc,age      ] GC(25) - age   6:    6337544 bytes,   14107392 total
[2023-10-18T13:53:01.539+0000][7][gc,age      ] GC(25) - age   7:    4729096 bytes,   18836488 total
[2023-10-18T13:53:01.539+0000][7][gc,phases   ] GC(25)   Pre Evacuate Collection Set: 0.2ms
[2023-10-18T13:53:01.539+0000][7][gc,phases   ] GC(25)   Merge Heap Roots: 0.1ms
[2023-10-18T13:53:01.539+0000][7][gc,phases   ] GC(25)   Evacuate Collection Set: 28.5ms
[2023-10-18T13:53:01.539+0000][7][gc,phases   ] GC(25)   Post Evacuate Collection Set: 2.8ms
[2023-10-18T13:53:01.539+0000][7][gc,phases   ] GC(25)   Other: 1.2ms
[2023-10-18T13:53:01.539+0000][7][gc,heap     ] GC(25) Eden regions: 71->0(71)
[2023-10-18T13:53:01.539+0000][7][gc,heap     ] GC(25) Survivor regions: 5->5(10)
[2023-10-18T13:53:01.540+0000][7][gc,heap     ] GC(25) Old regions: 19->19
[2023-10-18T13:53:01.540+0000][7][gc,heap     ] GC(25) Archive regions: 2->2
[2023-10-18T13:53:01.540+0000][7][gc,heap     ] GC(25) Humongous regions: 5->5
[2023-10-18T13:53:01.541+0000][7][gc,metaspace] GC(25) Metaspace: 114426K(116160K)->114426K(116160K) NonClass: 98771K(99776K)->98771K(99776K) Class: 15654K(16384K)->15654K(16384K)
[2023-10-18T13:53:01.542+0000][7][gc          ] GC(25) Pause Young (Normal) (G1 Evacuation Pause) 400M->117M(512M) 35.751ms
[2023-10-18T13:53:01.542+0000][7][gc,cpu      ] GC(25) User=0.10s Sys=0.01s Real=0.03s
[2023-10-18T13:53:01.542+0000][7][safepoint   ] Safepoint "G1CollectForAllocation", Time since last: 263308813 ns, Reaching safepoint: 146331 ns, At safepoint: 36164459 ns, Total: 36310790 ns
[2023-10-18T13:53:02.148+0000][7][safepoint   ] Safepoint "ICBufferFull", Time since last: 604922405 ns, Reaching safepoint: 192954 ns, At safepoint: 10479 ns, Total: 203433 ns
[2023-10-18T13:53:02.787+0000][7][safepoint   ] Safepoint "ICBufferFull", Time since last: 638974405 ns, Reaching safepoint: 165914 ns, At safepoint: 7714 ns, Total: 173628 ns
[2023-10-18T13:53:03.787+0000][7][safepoint   ] Safepoint "Cleanup", Time since last: 1000103674 ns, Reaching safepoint: 168004 ns, At safepoint: 9086 ns, Total: 177090 ns
[2023-10-18T13:53:04.787+0000][7][safepoint   ] Safepoint "Cleanup", Time since last: 1000104593 ns, Reaching safepoint: 91658 ns, At safepoint: 8325 ns, Total: 99983 ns
[2023-10-18T13:53:05.787+0000][7][safepoint   ] Safepoint "Cleanup", Time since last: 1000136510 ns, Reaching safepoint: 92946 ns, At safepoint: 6132 ns, Total: 99078 ns
[2023-10-18T13:53:06.788+0000][7][safepoint   ] Safepoint "Cleanup", Time since last: 1000116160 ns, Reaching safepoint: 128187 ns, At safepoint: 3722 ns, Total: 131909 ns
[2023-10-18T13:53:07.563+0000][7][safepoint   ] Safepoint "ICBufferFull", Time since last: 775370354 ns, Reaching safepoint: 166710 ns, At safepoint: 15269 ns, Total: 181979 ns
[2023-10-18T13:53:08.626+0000][7][safepoint   ] Safepoint "ICBufferFull", Time since last: 1062018664 ns, Reaching safepoint: 254287 ns, At safepoint: 7318 ns, Total: 261605 ns
[2023-10-18T13:53:08.829+0000][7][gc,start    ] GC(26) Pause Young (Normal) (G1 Evacuation Pause)
[2023-10-18T13:53:08.829+0000][7][gc,task     ] GC(26) Using 8 workers of 8 for evacuation
[2023-10-18T13:53:08.829+0000][7][gc,age      ] GC(26) Desired survivor size 20971520 bytes, new threshold 15 (max threshold 15)
[2023-10-18T13:53:08.849+0000][7][gc,age      ] GC(26) Age table with threshold 15 (max threshold 15)
[2023-10-18T13:53:08.849+0000][7][gc,age      ] GC(26) - age   1:    2749760 bytes,    2749760 total
[2023-10-18T13:53:08.849+0000][7][gc,age      ] GC(26) - age   2:     470464 bytes,    3220224 total
[2023-10-18T13:53:08.849+0000][7][gc,age      ] GC(26) - age   3:     462608 bytes,    3682832 total
[2023-10-18T13:53:08.849+0000][7][gc,age      ] GC(26) - age   4:    2959536 bytes,    6642368 total
[2023-10-18T13:53:08.849+0000][7][gc,age      ] GC(26) - age   5:     612616 bytes,    7254984 total
[2023-10-18T13:53:08.849+0000][7][gc,age      ] GC(26) - age   6:     555896 bytes,    7810880 total
[2023-10-18T13:53:08.849+0000][7][gc,age      ] GC(26) - age   7:    6319864 bytes,   14130744 total
[2023-10-18T13:53:08.849+0000][7][gc,age      ] GC(26) - age   8:    4729096 bytes,   18859840 total
[2023-10-18T13:53:08.849+0000][7][gc,phases   ] GC(26)   Pre Evacuate Collection Set: 0.1ms
[2023-10-18T13:53:08.849+0000][7][gc,phases   ] GC(26)   Merge Heap Roots: 0.1ms
[2023-10-18T13:53:08.849+0000][7][gc,phases   ] GC(26)   Evacuate Collection Set: 18.5ms
[2023-10-18T13:53:08.849+0000][7][gc,phases   ] GC(26)   Post Evacuate Collection Set: 1.1ms
[2023-10-18T13:53:08.849+0000][7][gc,phases   ] GC(26)   Other: 0.3ms
[2023-10-18T13:53:08.849+0000][7][gc,heap     ] GC(26) Eden regions: 71->0(71)
[2023-10-18T13:53:08.849+0000][7][gc,heap     ] GC(26) Survivor regions: 5->5(10)
[2023-10-18T13:53:08.849+0000][7][gc,heap     ] GC(26) Old regions: 19->19
[2023-10-18T13:53:08.849+0000][7][gc,heap     ] GC(26) Archive regions: 2->2
[2023-10-18T13:53:08.849+0000][7][gc,heap     ] GC(26) Humongous regions: 5->5
[2023-10-18T13:53:08.849+0000][7][gc,metaspace] GC(26) Metaspace: 114782K(116544K)->114782K(116544K) NonClass: 99100K(100096K)->99100K(100096K) Class: 15681K(16448K)->15681K(16448K)
[2023-10-18T13:53:08.849+0000][7][gc          ] GC(26) Pause Young (Normal) (G1 Evacuation Pause) 401M->117M(512M) 20.071ms
[2023-10-18T13:53:08.849+0000][7][gc,cpu      ] GC(26) User=0.08s Sys=0.00s Real=0.02s
[2023-10-18T13:53:08.849+0000][7][safepoint   ] Safepoint "G1CollectForAllocation", Time since last: 200387310 ns, Reaching safepoint: 3238478 ns, At safepoint: 20187084 ns, Total: 23425562 ns
[2023-10-18T13:53:09.724+0000][7][safepoint   ] Safepoint "ICBufferFull", Time since last: 874942763 ns, Reaching safepoint: 184959 ns, At safepoint: 7439 ns, Total: 192398 ns
[2023-10-18T13:53:10.725+0000][7][safepoint   ] Safepoint "Cleanup", Time since last: 1000165518 ns, Reaching safepoint: 125636 ns, At safepoint: 7638 ns, Total: 133274 ns
[2023-10-18T13:53:11.725+0000][7][safepoint   ] Safepoint "Cleanup", Time since last: 1000155915 ns, Reaching safepoint: 94029 ns, At safepoint: 4372 ns, Total: 98401 ns
[2023-10-18T13:53:12.725+0000][7][safepoint   ] Safepoint "Cleanup", Time since last: 1000129478 ns, Reaching safepoint: 69093 ns, At safepoint: 4708 ns, Total: 73801 ns
[2023-10-18T13:53:13.725+0000][7][safepoint   ] Safepoint "Cleanup", Time since last: 1000116853 ns, Reaching safepoint: 62933 ns, At safepoint: 4333 ns, Total: 67266 ns
[2023-10-18T13:53:14.726+0000][7][safepoint   ] Safepoint "Cleanup", Time since last: 1000143000 ns, Reaching safepoint: 90301 ns, At safepoint: 9331 ns, Total: 99632 ns
[2023-10-18T13:53:15.726+0000][7][safepoint   ] Safepoint "Cleanup", Time since last: 1000121284 ns, Reaching safepoint: 93026 ns, At safepoint: 5857 ns, Total: 98883 ns
[2023-10-18T13:53:16.067+0000][7][gc,start    ] GC(27) Pause Young (Normal) (G1 Evacuation Pause)
[2023-10-18T13:53:16.067+0000][7][gc,task     ] GC(27) Using 8 workers of 8 for evacuation
[2023-10-18T13:53:16.067+0000][7][gc,age      ] GC(27) Desired survivor size 20971520 bytes, new threshold 15 (max threshold 15)
[2023-10-18T13:53:16.079+0000][7][gc,age      ] GC(27) Age table with threshold 15 (max threshold 15)
[2023-10-18T13:53:16.079+0000][7][gc,age      ] GC(27) - age   1:    2531560 bytes,    2531560 total
[2023-10-18T13:53:16.079+0000][7][gc,age      ] GC(27) - age   2:     457952 bytes,    2989512 total
[2023-10-18T13:53:16.079+0000][7][gc,age      ] GC(27) - age   3:      32120 bytes,    3021632 total
[2023-10-18T13:53:16.079+0000][7][gc,age      ] GC(27) - age   4:     191872 bytes,    3213504 total
[2023-10-18T13:53:16.079+0000][7][gc,age      ] GC(27) - age   5:    2734576 bytes,    5948080 total
[2023-10-18T13:53:16.079+0000][7][gc,age      ] GC(27) - age   6:     612616 bytes,    6560696 total
[2023-10-18T13:53:16.079+0000][7][gc,age      ] GC(27) - age   7:     541936 bytes,    7102632 total
[2023-10-18T13:53:16.079+0000][7][gc,age      ] GC(27) - age   8:    6221944 bytes,   13324576 total
[2023-10-18T13:53:16.079+0000][7][gc,age      ] GC(27) - age   9:    4728856 bytes,   18053432 total
[2023-10-18T13:53:16.079+0000][7][gc,phases   ] GC(27)   Pre Evacuate Collection Set: 0.1ms
[2023-10-18T13:53:16.079+0000][7][gc,phases   ] GC(27)   Merge Heap Roots: 0.1ms
[2023-10-18T13:53:16.079+0000][7][gc,phases   ] GC(27)   Evacuate Collection Set: 10.7ms
[2023-10-18T13:53:16.079+0000][7][gc,phases   ] GC(27)   Post Evacuate Collection Set: 0.8ms
[2023-10-18T13:53:16.079+0000][7][gc,phases   ] GC(27)   Other: 0.2ms
[2023-10-18T13:53:16.079+0000][7][gc,heap     ] GC(27) Eden regions: 71->0(71)
[2023-10-18T13:53:16.079+0000][7][gc,heap     ] GC(27) Survivor regions: 5->5(10)
[2023-10-18T13:53:16.079+0000][7][gc,heap     ] GC(27) Old regions: 19->19
[2023-10-18T13:53:16.079+0000][7][gc,heap     ] GC(27) Archive regions: 2->2
[2023-10-18T13:53:16.079+0000][7][gc,heap     ] GC(27) Humongous regions: 5->5
[2023-10-18T13:53:16.079+0000][7][gc,metaspace] GC(27) Metaspace: 114905K(116672K)->114905K(116672K) NonClass: 99221K(100224K)->99221K(100224K) Class: 15684K(16448K)->15684K(16448K)
[2023-10-18T13:53:16.079+0000][7][gc          ] GC(27) Pause Young (Normal) (G1 Evacuation Pause) 401M->117M(512M) 11.879ms
[2023-10-18T13:53:16.079+0000][7][gc,cpu      ] GC(27) User=0.05s Sys=0.00s Real=0.01s
[2023-10-18T13:53:16.079+0000][7][safepoint   ] Safepoint "G1CollectForAllocation", Time since last: 341318438 ns, Reaching safepoint: 112360 ns, At safepoint: 11948733 ns, Total: 12061093 ns
[2023-10-18T13:53:17.382+0000][7][safepoint   ] Safepoint "Cleanup", Time since last: 1302650782 ns, Reaching safepoint: 154339 ns, At safepoint: 6808 ns, Total: 161147 ns
[2023-10-18T13:53:18.751+0000][7][safepoint   ] Safepoint "Cleanup", Time since last: 1368995481 ns, Reaching safepoint: 102136 ns, At safepoint: 5889 ns, Total: 108025 ns
[2023-10-18T13:53:19.751+0000][7][safepoint   ] Safepoint "Cleanup", Time since last: 1000111164 ns, Reaching safepoint: 73881 ns, At safepoint: 6681 ns, Total: 80562 ns
[2023-10-18T13:53:20.752+0000][7][safepoint   ] Safepoint "Cleanup", Time since last: 1000101047 ns, Reaching safepoint: 60783 ns, At safepoint: 11238 ns, Total: 72021 ns
[2023-10-18T13:53:21.752+0000][7][safepoint   ] Safepoint "Cleanup", Time since last: 1000154350 ns, Reaching safepoint: 225346 ns, At safepoint: 14616 ns, Total: 239962 ns
[2023-10-18T13:53:22.752+0000][7][safepoint   ] Safepoint "Cleanup", Time since last: 1000165103 ns, Reaching safepoint: 105105 ns, At safepoint: 6871 ns, Total: 111976 ns
[2023-10-18T13:53:23.394+0000][7][gc,start    ] GC(28) Pause Young (Normal) (G1 Evacuation Pause)
[2023-10-18T13:53:23.394+0000][7][gc,task     ] GC(28) Using 8 workers of 8 for evacuation
[2023-10-18T13:53:23.394+0000][7][gc,age      ] GC(28) Desired survivor size 20971520 bytes, new threshold 15 (max threshold 15)
[2023-10-18T13:53:23.407+0000][7][gc,age      ] GC(28) Age table with threshold 15 (max threshold 15)
[2023-10-18T13:53:23.407+0000][7][gc,age      ] GC(28) - age   1:    2578688 bytes,    2578688 total
[2023-10-18T13:53:23.407+0000][7][gc,age      ] GC(28) - age   2:    1178040 bytes,    3756728 total
[2023-10-18T13:53:23.407+0000][7][gc,age      ] GC(28) - age   3:     438032 bytes,    4194760 total
[2023-10-18T13:53:23.407+0000][7][gc,age      ] GC(28) - age   4:      32024 bytes,    4226784 total
[2023-10-18T13:53:23.407+0000][7][gc,age      ] GC(28) - age   5:     191136 bytes,    4417920 total
[2023-10-18T13:53:23.407+0000][7][gc,age      ] GC(28) - age   6:    2728936 bytes,    7146856 total
[2023-10-18T13:53:23.407+0000][7][gc,age      ] GC(28) - age   7:     612616 bytes,    7759472 total
[2023-10-18T13:53:23.407+0000][7][gc,age      ] GC(28) - age   8:     541936 bytes,    8301408 total
[2023-10-18T13:53:23.407+0000][7][gc,age      ] GC(28) - age   9:    6189368 bytes,   14490776 total
[2023-10-18T13:53:23.407+0000][7][gc,age      ] GC(28) - age  10:    4728856 bytes,   19219632 total
[2023-10-18T13:53:23.407+0000][7][gc,phases   ] GC(28)   Pre Evacuate Collection Set: 0.1ms
[2023-10-18T13:53:23.407+0000][7][gc,phases   ] GC(28)   Merge Heap Roots: 0.1ms
[2023-10-18T13:53:23.407+0000][7][gc,phases   ] GC(28)   Evacuate Collection Set: 11.4ms
[2023-10-18T13:53:23.407+0000][7][gc,phases   ] GC(28)   Post Evacuate Collection Set: 1.0ms
[2023-10-18T13:53:23.407+0000][7][gc,phases   ] GC(28)   Other: 0.2ms
[2023-10-18T13:53:23.407+0000][7][gc,heap     ] GC(28) Eden regions: 71->0(71)
[2023-10-18T13:53:23.407+0000][7][gc,heap     ] GC(28) Survivor regions: 5->5(10)
[2023-10-18T13:53:23.407+0000][7][gc,heap     ] GC(28) Old regions: 19->19
[2023-10-18T13:53:23.407+0000][7][gc,heap     ] GC(28) Archive regions: 2->2
[2023-10-18T13:53:23.407+0000][7][gc,heap     ] GC(28) Humongous regions: 5->5
[2023-10-18T13:53:23.407+0000][7][gc,metaspace] GC(28) Metaspace: 115014K(116736K)->115014K(116736K) NonClass: 99330K(100288K)->99330K(100288K) Class: 15684K(16448K)->15684K(16448K)
[2023-10-18T13:53:23.407+0000][7][gc          ] GC(28) Pause Young (Normal) (G1 Evacuation Pause) 401M->117M(512M) 12.828ms
[2023-10-18T13:53:23.407+0000][7][gc,cpu      ] GC(28) User=0.06s Sys=0.00s Real=0.02s
[2023-10-18T13:53:23.407+0000][7][safepoint   ] Safepoint "G1CollectForAllocation", Time since last: 641592865 ns, Reaching safepoint: 72476 ns, At safepoint: 12904074 ns, Total: 12976550 ns
[2023-10-18T13:53:24.407+0000][7][safepoint   ] Safepoint "Cleanup", Time since last: 1000088269 ns, Reaching safepoint: 114803 ns, At safepoint: 8587 ns, Total: 123390 ns
[2023-10-18T13:53:25.407+0000][7][safepoint   ] Safepoint "Cleanup", Time since last: 1000133327 ns, Reaching safepoint: 52775 ns, At safepoint: 4514 ns, Total: 57289 ns
[2023-10-18T13:53:26.407+0000][7][safepoint   ] Safepoint "Cleanup", Time since last: 1000101349 ns, Reaching safepoint: 53281 ns, At safepoint: 10132 ns, Total: 63413 ns
[2023-10-18T13:53:27.408+0000][7][safepoint   ] Safepoint "Cleanup", Time since last: 1000134240 ns, Reaching safepoint: 91349 ns, At safepoint: 2671 ns, Total: 94020 ns
[2023-10-18T13:53:28.408+0000][7][safepoint   ] Safepoint "Cleanup", Time since last: 1000106431 ns, Reaching safepoint: 133153 ns, At safepoint: 6718 ns, Total: 139871 ns
[2023-10-18T13:53:29.408+0000][7][safepoint   ] Safepoint "Cleanup", Time since last: 1000149901 ns, Reaching safepoint: 110827 ns, At safepoint: 6009 ns, Total: 116836 ns
[2023-10-18T13:53:30.049+0000][7][gc,start    ] GC(29) Pause Young (Normal) (G1 Evacuation Pause)
[2023-10-18T13:53:30.049+0000][7][gc,task     ] GC(29) Using 8 workers of 8 for evacuation
[2023-10-18T13:53:30.049+0000][7][gc,age      ] GC(29) Desired survivor size 20971520 bytes, new threshold 15 (max threshold 15)
[2023-10-18T13:53:30.065+0000][7][gc,age      ] GC(29) Age table with threshold 15 (max threshold 15)
[2023-10-18T13:53:30.065+0000][7][gc,age      ] GC(29) - age   1:    1797744 bytes,    1797744 total
[2023-10-18T13:53:30.065+0000][7][gc,age      ] GC(29) - age   2:     585912 bytes,    2383656 total
[2023-10-18T13:53:30.065+0000][7][gc,age      ] GC(29) - age   3:     693928 bytes,    3077584 total
[2023-10-18T13:53:30.065+0000][7][gc,age      ] GC(29) - age   4:     436960 bytes,    3514544 total
[2023-10-18T13:53:30.065+0000][7][gc,age      ] GC(29) - age   5:      31248 bytes,    3545792 total
[2023-10-18T13:53:30.065+0000][7][gc,age      ] GC(29) - age   6:     114064 bytes,    3659856 total
[2023-10-18T13:53:30.065+0000][7][gc,age      ] GC(29) - age   7:    2345168 bytes,    6005024 total
[2023-10-18T13:53:30.065+0000][7][gc,age      ] GC(29) - age   8:     612616 bytes,    6617640 total
[2023-10-18T13:53:30.065+0000][7][gc,age      ] GC(29) - age   9:     541664 bytes,    7159304 total
[2023-10-18T13:53:30.065+0000][7][gc,age      ] GC(29) - age  10:    6188744 bytes,   13348048 total
[2023-10-18T13:53:30.065+0000][7][gc,age      ] GC(29) - age  11:    4720424 bytes,   18068472 total
[2023-10-18T13:53:30.065+0000][7][gc,phases   ] GC(29)   Pre Evacuate Collection Set: 0.1ms
[2023-10-18T13:53:30.065+0000][7][gc,phases   ] GC(29)   Merge Heap Roots: 0.1ms
[2023-10-18T13:53:30.065+0000][7][gc,phases   ] GC(29)   Evacuate Collection Set: 14.2ms
[2023-10-18T13:53:30.065+0000][7][gc,phases   ] GC(29)   Post Evacuate Collection Set: 1.4ms
[2023-10-18T13:53:30.065+0000][7][gc,phases   ] GC(29)   Other: 0.3ms
[2023-10-18T13:53:30.065+0000][7][gc,heap     ] GC(29) Eden regions: 71->0(71)
[2023-10-18T13:53:30.065+0000][7][gc,heap     ] GC(29) Survivor regions: 5->5(10)
[2023-10-18T13:53:30.065+0000][7][gc,heap     ] GC(29) Old regions: 19->19
[2023-10-18T13:53:30.065+0000][7][gc,heap     ] GC(29) Archive regions: 2->2
[2023-10-18T13:53:30.065+0000][7][gc,heap     ] GC(29) Humongous regions: 5->5
[2023-10-18T13:53:30.065+0000][7][gc,metaspace] GC(29) Metaspace: 115167K(116864K)->115167K(116864K) NonClass: 99473K(100416K)->99473K(100416K) Class: 15693K(16448K)->15693K(16448K)
[2023-10-18T13:53:30.065+0000][7][gc          ] GC(29) Pause Young (Normal) (G1 Evacuation Pause) 401M->116M(512M) 16.154ms
[2023-10-18T13:53:30.065+0000][7][gc,cpu      ] GC(29) User=0.05s Sys=0.00s Real=0.01s
[2023-10-18T13:53:30.065+0000][7][safepoint   ] Safepoint "G1CollectForAllocation", Time since last: 640547993 ns, Reaching safepoint: 126431 ns, At safepoint: 16236806 ns, Total: 16363237 ns
[2023-10-18T13:53:31.065+0000][7][safepoint   ] Safepoint "Cleanup", Time since last: 1000078046 ns, Reaching safepoint: 70883 ns, At safepoint: 11124 ns, Total: 82007 ns
[2023-10-18T13:53:32.065+0000][7][safepoint   ] Safepoint "Cleanup", Time since last: 1000099217 ns, Reaching safepoint: 72492 ns, At safepoint: 5869 ns, Total: 78361 ns
[2023-10-18T13:53:33.694+0000][7][safepoint   ] Safepoint "ICBufferFull", Time since last: 1628619339 ns, Reaching safepoint: 235417 ns, At safepoint: 10867 ns, Total: 246284 ns
[2023-10-18T13:53:34.694+0000][7][safepoint   ] Safepoint "Cleanup", Time since last: 1000133349 ns, Reaching safepoint: 111624 ns, At safepoint: 10986 ns, Total: 122610 ns
[2023-10-18T13:53:35.695+0000][7][safepoint   ] Safepoint "Cleanup", Time since last: 1000146886 ns, Reaching safepoint: 44315 ns, At safepoint: 7862 ns, Total: 52177 ns
[2023-10-18T13:53:36.695+0000][7][safepoint   ] Safepoint "Cleanup", Time since last: 1000129115 ns, Reaching safepoint: 134731 ns, At safepoint: 9469 ns, Total: 144200 ns
[2023-10-18T13:53:37.097+0000][7][gc,start    ] GC(30) Pause Young (Normal) (G1 Evacuation Pause)
[2023-10-18T13:53:37.097+0000][7][gc,task     ] GC(30) Using 8 workers of 8 for evacuation
[2023-10-18T13:53:37.097+0000][7][gc,age      ] GC(30) Desired survivor size 20971520 bytes, new threshold 15 (max threshold 15)
[2023-10-18T13:53:37.109+0000][7][gc,age      ] GC(30) Age table with threshold 15 (max threshold 15)
[2023-10-18T13:53:37.109+0000][7][gc,age      ] GC(30) - age   1:    2504504 bytes,    2504504 total
[2023-10-18T13:53:37.109+0000][7][gc,age      ] GC(30) - age   2:     740808 bytes,    3245312 total
[2023-10-18T13:53:37.109+0000][7][gc,age      ] GC(30) - age   3:     343600 bytes,    3588912 total
[2023-10-18T13:53:37.109+0000][7][gc,age      ] GC(30) - age   4:     262464 bytes,    3851376 total
[2023-10-18T13:53:37.109+0000][7][gc,age      ] GC(30) - age   5:     435088 bytes,    4286464 total
[2023-10-18T13:53:37.109+0000][7][gc,age      ] GC(30) - age   6:      30760 bytes,    4317224 total
[2023-10-18T13:53:37.109+0000][7][gc,age      ] GC(30) - age   7:     113808 bytes,    4431032 total
[2023-10-18T13:53:37.109+0000][7][gc,age      ] GC(30) - age   8:    2328104 bytes,    6759136 total
[2023-10-18T13:53:37.109+0000][7][gc,age      ] GC(30) - age   9:     612616 bytes,    7371752 total
[2023-10-18T13:53:37.109+0000][7][gc,age      ] GC(30) - age  10:     541416 bytes,    7913168 total
[2023-10-18T13:53:37.109+0000][7][gc,age      ] GC(30) - age  11:    6187432 bytes,   14100600 total
[2023-10-18T13:53:37.109+0000][7][gc,age      ] GC(30) - age  12:    4720016 bytes,   18820616 total
[2023-10-18T13:53:37.109+0000][7][gc,phases   ] GC(30)   Pre Evacuate Collection Set: 0.1ms
[2023-10-18T13:53:37.109+0000][7][gc,phases   ] GC(30)   Merge Heap Roots: 0.1ms
[2023-10-18T13:53:37.109+0000][7][gc,phases   ] GC(30)   Evacuate Collection Set: 11.5ms
[2023-10-18T13:53:37.109+0000][7][gc,phases   ] GC(30)   Post Evacuate Collection Set: 0.8ms
[2023-10-18T13:53:37.109+0000][7][gc,phases   ] GC(30)   Other: 0.3ms
[2023-10-18T13:53:37.109+0000][7][gc,heap     ] GC(30) Eden regions: 71->0(70)
[2023-10-18T13:53:37.109+0000][7][gc,heap     ] GC(30) Survivor regions: 5->6(10)
[2023-10-18T13:53:37.109+0000][7][gc,heap     ] GC(30) Old regions: 19->19
[2023-10-18T13:53:37.109+0000][7][gc,heap     ] GC(30) Archive regions: 2->2
[2023-10-18T13:53:37.109+0000][7][gc,heap     ] GC(30) Humongous regions: 5->5
[2023-10-18T13:53:37.109+0000][7][gc,metaspace] GC(30) Metaspace: 115283K(117056K)->115283K(117056K) NonClass: 99581K(100608K)->99581K(100608K) Class: 15701K(16448K)->15701K(16448K)
[2023-10-18T13:53:37.109+0000][7][gc          ] GC(30) Pause Young (Normal) (G1 Evacuation Pause) 400M->118M(512M) 12.838ms
[2023-10-18T13:53:37.109+0000][7][gc,cpu      ] GC(30) User=0.06s Sys=0.00s Real=0.01s
[2023-10-18T13:53:37.109+0000][7][safepoint   ] Safepoint "G1CollectForAllocation", Time since last: 401513169 ns, Reaching safepoint: 47998 ns, At safepoint: 12931008 ns, Total: 12979006 ns
[2023-10-18T13:53:38.110+0000][7][safepoint   ] Safepoint "Cleanup", Time since last: 1000080735 ns, Reaching safepoint: 97309 ns, At safepoint: 3163 ns, Total: 100472 ns
[2023-10-18T13:53:39.110+0000][7][safepoint   ] Safepoint "Cleanup", Time since last: 1000118029 ns, Reaching safepoint: 81609 ns, At safepoint: 4806 ns, Total: 86415 ns
[2023-10-18T13:53:40.110+0000][7][safepoint   ] Safepoint "Cleanup", Time since last: 1000143521 ns, Reaching safepoint: 69850 ns, At safepoint: 5394 ns, Total: 75244 ns
[2023-10-18T13:53:41.110+0000][7][safepoint   ] Safepoint "Cleanup", Time since last: 1000104174 ns, Reaching safepoint: 42934 ns, At safepoint: 3720 ns, Total: 46654 ns
[2023-10-18T13:53:42.110+0000][7][safepoint   ] Safepoint "Cleanup", Time since last: 1000102136 ns, Reaching safepoint: 94837 ns, At safepoint: 9958 ns, Total: 104795 ns
[2023-10-18T13:53:43.111+0000][7][safepoint   ] Safepoint "Cleanup", Time since last: 1000110155 ns, Reaching safepoint: 50923 ns, At safepoint: 10894 ns, Total: 61817 ns
[2023-10-18T13:53:44.111+0000][7][safepoint   ] Safepoint "Cleanup", Time since last: 1000090078 ns, Reaching safepoint: 48405 ns, At safepoint: 10644 ns, Total: 59049 ns
[2023-10-18T13:53:45.022+0000][7][gc,start    ] GC(31) Pause Young (Normal) (G1 Evacuation Pause)
[2023-10-18T13:53:45.022+0000][7][gc,task     ] GC(31) Using 8 workers of 8 for evacuation
[2023-10-18T13:53:45.022+0000][7][gc,age      ] GC(31) Desired survivor size 20971520 bytes, new threshold 15 (max threshold 15)
[2023-10-18T13:53:45.038+0000][7][gc,age      ] GC(31) Age table with threshold 15 (max threshold 15)
[2023-10-18T13:53:45.038+0000][7][gc,age      ] GC(31) - age   1:    2550328 bytes,    2550328 total
[2023-10-18T13:53:45.038+0000][7][gc,age      ] GC(31) - age   2:     785016 bytes,    3335344 total
[2023-10-18T13:53:45.038+0000][7][gc,age      ] GC(31) - age   3:     442736 bytes,    3778080 total
[2023-10-18T13:53:45.038+0000][7][gc,age      ] GC(31) - age   4:     342952 bytes,    4121032 total
[2023-10-18T13:53:45.038+0000][7][gc,age      ] GC(31) - age   5:     256760 bytes,    4377792 total
[2023-10-18T13:53:45.038+0000][7][gc,age      ] GC(31) - age   6:     434744 bytes,    4812536 total
[2023-10-18T13:53:45.038+0000][7][gc,age      ] GC(31) - age   7:      30632 bytes,    4843168 total
[2023-10-18T13:53:45.038+0000][7][gc,age      ] GC(31) - age   8:     113808 bytes,    4956976 total
[2023-10-18T13:53:45.038+0000][7][gc,age      ] GC(31) - age   9:    2327744 bytes,    7284720 total
[2023-10-18T13:53:45.038+0000][7][gc,age      ] GC(31) - age  10:     612616 bytes,    7897336 total
[2023-10-18T13:53:45.038+0000][7][gc,age      ] GC(31) - age  11:     541216 bytes,    8438552 total
[2023-10-18T13:53:45.038+0000][7][gc,age      ] GC(31) - age  12:    6185912 bytes,   14624464 total
[2023-10-18T13:53:45.038+0000][7][gc,age      ] GC(31) - age  13:    4720016 bytes,   19344480 total
[2023-10-18T13:53:45.038+0000][7][gc,phases   ] GC(31)   Pre Evacuate Collection Set: 0.1ms
[2023-10-18T13:53:45.038+0000][7][gc,phases   ] GC(31)   Merge Heap Roots: 0.1ms
[2023-10-18T13:53:45.038+0000][7][gc,phases   ] GC(31)   Evacuate Collection Set: 15.4ms
[2023-10-18T13:53:45.038+0000][7][gc,phases   ] GC(31)   Post Evacuate Collection Set: 0.9ms
[2023-10-18T13:53:45.038+0000][7][gc,phases   ] GC(31)   Other: 0.2ms
[2023-10-18T13:53:45.038+0000][7][gc,heap     ] GC(31) Eden regions: 70->0(71)
[2023-10-18T13:53:45.038+0000][7][gc,heap     ] GC(31) Survivor regions: 6->5(10)
[2023-10-18T13:53:45.038+0000][7][gc,heap     ] GC(31) Old regions: 19->19
[2023-10-18T13:53:45.038+0000][7][gc,heap     ] GC(31) Archive regions: 2->2
[2023-10-18T13:53:45.038+0000][7][gc,heap     ] GC(31) Humongous regions: 5->5
[2023-10-18T13:53:45.038+0000][7][gc,metaspace] GC(31) Metaspace: 115353K(117056K)->115353K(117056K) NonClass: 99651K(100608K)->99651K(100608K) Class: 15702K(16448K)->15702K(16448K)
[2023-10-18T13:53:45.039+0000][7][gc          ] GC(31) Pause Young (Normal) (G1 Evacuation Pause) 398M->117M(512M) 16.734ms
[2023-10-18T13:53:45.039+0000][7][gc,cpu      ] GC(31) User=0.06s Sys=0.00s Real=0.02s
[2023-10-18T13:53:45.039+0000][7][safepoint   ] Safepoint "G1CollectForAllocation", Time since last: 910924375 ns, Reaching safepoint: 114385 ns, At safepoint: 16805453 ns, Total: 16919838 ns
[2023-10-18T13:53:46.039+0000][7][safepoint   ] Safepoint "Cleanup", Time since last: 1000076708 ns, Reaching safepoint: 60265 ns, At safepoint: 3827 ns, Total: 64092 ns
[2023-10-18T13:53:47.309+0000][7][safepoint   ] Safepoint "Cleanup", Time since last: 1270660684 ns, Reaching safepoint: 111607 ns, At safepoint: 8817 ns, Total: 120424 ns
[2023-10-18T13:53:48.883+0000][7][safepoint   ] Safepoint "Cleanup", Time since last: 1573810266 ns, Reaching safepoint: 101113 ns, At safepoint: 7437 ns, Total: 108550 ns
[2023-10-18T13:53:49.884+0000][7][safepoint   ] Safepoint "Cleanup", Time since last: 1000102147 ns, Reaching safepoint: 80628 ns, At safepoint: 4409 ns, Total: 85037 ns
[2023-10-18T13:53:50.884+0000][7][safepoint   ] Safepoint "Cleanup", Time since last: 1000722950 ns, Reaching safepoint: 86891 ns, At safepoint: 6153 ns, Total: 93044 ns
[2023-10-18T13:53:51.885+0000][7][safepoint   ] Safepoint "Cleanup", Time since last: 1000191431 ns, Reaching safepoint: 60082 ns, At safepoint: 10191 ns, Total: 70273 ns
[2023-10-18T13:53:52.886+0000][7][safepoint   ] Safepoint "Cleanup", Time since last: 1000881363 ns, Reaching safepoint: 71295 ns, At safepoint: 4820 ns, Total: 76115 ns
[2023-10-18T13:53:53.016+0000][7][gc,start    ] GC(32) Pause Young (Normal) (G1 Evacuation Pause)
[2023-10-18T13:53:53.016+0000][7][gc,task     ] GC(32) Using 8 workers of 8 for evacuation
[2023-10-18T13:53:53.016+0000][7][gc,age      ] GC(32) Desired survivor size 20971520 bytes, new threshold 15 (max threshold 15)
[2023-10-18T13:53:53.042+0000][7][gc,age      ] GC(32) Age table with threshold 15 (max threshold 15)
[2023-10-18T13:53:53.042+0000][7][gc,age      ] GC(32) - age   1:    1579328 bytes,    1579328 total
[2023-10-18T13:53:53.042+0000][7][gc,age      ] GC(32) - age   2:      84736 bytes,    1664064 total
[2023-10-18T13:53:53.042+0000][7][gc,age      ] GC(32) - age   3:     529072 bytes,    2193136 total
[2023-10-18T13:53:53.042+0000][7][gc,age      ] GC(32) - age   4:     442376 bytes,    2635512 total
[2023-10-18T13:53:53.042+0000][7][gc,age      ] GC(32) - age   5:     337152 bytes,    2972664 total
[2023-10-18T13:53:53.042+0000][7][gc,age      ] GC(32) - age   6:     254640 bytes,    3227304 total
[2023-10-18T13:53:53.042+0000][7][gc,age      ] GC(32) - age   7:     434744 bytes,    3662048 total
[2023-10-18T13:53:53.043+0000][7][gc,age      ] GC(32) - age   8:      30632 bytes,    3692680 total
[2023-10-18T13:53:53.043+0000][7][gc,age      ] GC(32) - age   9:     113624 bytes,    3806304 total
[2023-10-18T13:53:53.043+0000][7][gc,age      ] GC(32) - age  10:    2318104 bytes,    6124408 total
[2023-10-18T13:53:53.043+0000][7][gc,age      ] GC(32) - age  11:     510160 bytes,    6634568 total
[2023-10-18T13:53:53.043+0000][7][gc,age      ] GC(32) - age  12:     541216 bytes,    7175784 total
[2023-10-18T13:53:53.043+0000][7][gc,age      ] GC(32) - age  13:    6185912 bytes,   13361696 total
[2023-10-18T13:53:53.043+0000][7][gc,age      ] GC(32) - age  14:    4720016 bytes,   18081712 total
[2023-10-18T13:53:53.043+0000][7][gc,phases   ] GC(32)   Pre Evacuate Collection Set: 0.1ms
[2023-10-18T13:53:53.043+0000][7][gc,phases   ] GC(32)   Merge Heap Roots: 0.1ms
[2023-10-18T13:53:53.043+0000][7][gc,phases   ] GC(32)   Evacuate Collection Set: 23.7ms
[2023-10-18T13:53:53.043+0000][7][gc,phases   ] GC(32)   Post Evacuate Collection Set: 2.1ms
[2023-10-18T13:53:53.043+0000][7][gc,phases   ] GC(32)   Other: 1.1ms
[2023-10-18T13:53:53.043+0000][7][gc,heap     ] GC(32) Eden regions: 71->0(71)
[2023-10-18T13:53:53.043+0000][7][gc,heap     ] GC(32) Survivor regions: 5->5(10)
[2023-10-18T13:53:53.043+0000][7][gc,heap     ] GC(32) Old regions: 19->19
[2023-10-18T13:53:53.043+0000][7][gc,heap     ] GC(32) Archive regions: 2->2
[2023-10-18T13:53:53.043+0000][7][gc,heap     ] GC(32) Humongous regions: 5->5
[2023-10-18T13:53:53.043+0000][7][gc,metaspace] GC(32) Metaspace: 115393K(117120K)->115393K(117120K) NonClass: 99690K(100672K)->99690K(100672K) Class: 15703K(16448K)->15703K(16448K)
[2023-10-18T13:53:53.043+0000][7][gc          ] GC(32) Pause Young (Normal) (G1 Evacuation Pause) 401M->116M(512M) 27.144ms
[2023-10-18T13:53:53.043+0000][7][gc,cpu      ] GC(32) User=0.09s Sys=0.00s Real=0.03s
[2023-10-18T13:53:53.043+0000][7][safepoint   ] Safepoint "G1CollectForAllocation", Time since last: 129873948 ns, Reaching safepoint: 45954 ns, At safepoint: 27440653 ns, Total: 27486607 ns
[2023-10-18T13:53:54.043+0000][7][safepoint   ] Safepoint "Cleanup", Time since last: 1000099565 ns, Reaching safepoint: 74359 ns, At safepoint: 3822 ns, Total: 78181 ns
[2023-10-18T13:53:55.043+0000][7][safepoint   ] Safepoint "Cleanup", Time since last: 1000130342 ns, Reaching safepoint: 91768 ns, At safepoint: 12277 ns, Total: 104045 ns
[2023-10-18T13:53:57.044+0000][7][safepoint   ] Safepoint "Cleanup", Time since last: 2000189453 ns, Reaching safepoint: 116805 ns, At safepoint: 4968 ns, Total: 121773 ns
[2023-10-18T13:53:58.044+0000][7][safepoint   ] Safepoint "Cleanup", Time since last: 1000115995 ns, Reaching safepoint: 68390 ns, At safepoint: 3820 ns, Total: 72210 ns
[2023-10-18T13:54:00.044+0000][7][safepoint   ] Safepoint "Cleanup", Time since last: 2000173884 ns, Reaching safepoint: 81257 ns, At safepoint: 4012 ns, Total: 85269 ns
[2023-10-18T13:54:01.045+0000][7][safepoint   ] Safepoint "Cleanup", Time since last: 1000123075 ns, Reaching safepoint: 677582 ns, At safepoint: 19090 ns, Total: 696672 ns
[2023-10-18T13:54:02.045+0000][7][safepoint   ] Safepoint "Cleanup", Time since last: 1000110909 ns, Reaching safepoint: 37691 ns, At safepoint: 3362 ns, Total: 41053 ns
[2023-10-18T13:54:03.045+0000][7][safepoint   ] Safepoint "Cleanup", Time since last: 1000224298 ns, Reaching safepoint: 52244 ns, At safepoint: 4043 ns, Total: 56287 ns
[2023-10-18T13:54:04.046+0000][7][safepoint   ] Safepoint "Cleanup", Time since last: 1000126768 ns, Reaching safepoint: 64842 ns, At safepoint: 11213 ns, Total: 76055 ns
[2023-10-18T13:54:05.046+0000][7][safepoint   ] Safepoint "Cleanup", Time since last: 1000119353 ns, Reaching safepoint: 45828 ns, At safepoint: 4442 ns, Total: 50270 ns
[2023-10-18T13:54:06.046+0000][7][safepoint   ] Safepoint "Cleanup", Time since last: 1000121377 ns, Reaching safepoint: 63601 ns, At safepoint: 4312 ns, Total: 67913 ns
[2023-10-18T13:54:07.046+0000][7][safepoint   ] Safepoint "Cleanup", Time since last: 1000140962 ns, Reaching safepoint: 132456 ns, At safepoint: 5527 ns, Total: 137983 ns
[2023-10-18T13:54:08.046+0000][7][safepoint   ] Safepoint "Cleanup", Time since last: 1000123561 ns, Reaching safepoint: 51764 ns, At safepoint: 3483 ns, Total: 55247 ns
[2023-10-18T13:54:09.047+0000][7][safepoint   ] Safepoint "Cleanup", Time since last: 1000111770 ns, Reaching safepoint: 109675 ns, At safepoint: 4391 ns, Total: 114066 ns
[2023-10-18T13:54:10.047+0000][7][safepoint   ] Safepoint "Cleanup", Time since last: 1000133376 ns, Reaching safepoint: 138350 ns, At safepoint: 8901 ns, Total: 147251 ns
[2023-10-18T13:54:11.829+0000][7][gc,start    ] GC(33) Pause Young (Normal) (G1 Evacuation Pause)
[2023-10-18T13:54:11.829+0000][7][gc,task     ] GC(33) Using 8 workers of 8 for evacuation
[2023-10-18T13:54:11.829+0000][7][gc,age      ] GC(33) Desired survivor size 20971520 bytes, new threshold 15 (max threshold 15)
[2023-10-18T13:54:11.847+0000][7][gc,age      ] GC(33) Age table with threshold 15 (max threshold 15)
[2023-10-18T13:54:11.847+0000][7][gc,age      ] GC(33) - age   1:    1588280 bytes,    1588280 total
[2023-10-18T13:54:11.847+0000][7][gc,age      ] GC(33) - age   2:    1272224 bytes,    2860504 total
[2023-10-18T13:54:11.847+0000][7][gc,age      ] GC(33) - age   3:      82848 bytes,    2943352 total
[2023-10-18T13:54:11.847+0000][7][gc,age      ] GC(33) - age   4:     527680 bytes,    3471032 total
[2023-10-18T13:54:11.847+0000][7][gc,age      ] GC(33) - age   5:     442016 bytes,    3913048 total
[2023-10-18T13:54:11.847+0000][7][gc,age      ] GC(33) - age   6:     328608 bytes,    4241656 total
[2023-10-18T13:54:11.847+0000][7][gc,age      ] GC(33) - age   7:     254016 bytes,    4495672 total
[2023-10-18T13:54:11.847+0000][7][gc,age      ] GC(33) - age   8:     434304 bytes,    4929976 total
[2023-10-18T13:54:11.847+0000][7][gc,age      ] GC(33) - age   9:      30632 bytes,    4960608 total
[2023-10-18T13:54:11.847+0000][7][gc,age      ] GC(33) - age  10:     113624 bytes,    5074232 total
[2023-10-18T13:54:11.847+0000][7][gc,age      ] GC(33) - age  11:    2318040 bytes,    7392272 total
[2023-10-18T13:54:11.847+0000][7][gc,age      ] GC(33) - age  12:     510064 bytes,    7902336 total
[2023-10-18T13:54:11.847+0000][7][gc,age      ] GC(33) - age  13:     541216 bytes,    8443552 total
[2023-10-18T13:54:11.847+0000][7][gc,age      ] GC(33) - age  14:    6184960 bytes,   14628512 total
[2023-10-18T13:54:11.847+0000][7][gc,age      ] GC(33) - age  15:    4719680 bytes,   19348192 total
[2023-10-18T13:54:11.847+0000][7][gc,phases   ] GC(33)   Pre Evacuate Collection Set: 0.1ms
[2023-10-18T13:54:11.847+0000][7][gc,phases   ] GC(33)   Merge Heap Roots: 0.1ms
[2023-10-18T13:54:11.847+0000][7][gc,phases   ] GC(33)   Evacuate Collection Set: 17.1ms
[2023-10-18T13:54:11.847+0000][7][gc,phases   ] GC(33)   Post Evacuate Collection Set: 1.0ms
[2023-10-18T13:54:11.847+0000][7][gc,phases   ] GC(33)   Other: 0.3ms
[2023-10-18T13:54:11.848+0000][7][gc,heap     ] GC(33) Eden regions: 71->0(71)
[2023-10-18T13:54:11.848+0000][7][gc,heap     ] GC(33) Survivor regions: 5->5(10)
[2023-10-18T13:54:11.848+0000][7][gc,heap     ] GC(33) Old regions: 19->19
[2023-10-18T13:54:11.848+0000][7][gc,heap     ] GC(33) Archive regions: 2->2
[2023-10-18T13:54:11.848+0000][7][gc,heap     ] GC(33) Humongous regions: 5->5
[2023-10-18T13:54:11.848+0000][7][gc,metaspace] GC(33) Metaspace: 115484K(117184K)->115484K(117184K) NonClass: 99781K(100736K)->99781K(100736K) Class: 15703K(16448K)->15703K(16448K)
[2023-10-18T13:54:11.848+0000][7][gc          ] GC(33) Pause Young (Normal) (G1 Evacuation Pause) 400M->117M(512M) 18.700ms
[2023-10-18T13:54:11.848+0000][7][gc,cpu      ] GC(33) User=0.08s Sys=0.00s Real=0.02s
[2023-10-18T13:54:11.848+0000][7][safepoint   ] Safepoint "G1CollectForAllocation", Time since last: 1781887807 ns, Reaching safepoint: 38343 ns, At safepoint: 18802050 ns, Total: 18840393 ns
[2023-10-18T13:54:12.848+0000][7][safepoint   ] Safepoint "Cleanup", Time since last: 1000436974 ns, Reaching safepoint: 67500 ns, At safepoint: 4008 ns, Total: 71508 ns
[2023-10-18T13:54:13.849+0000][7][safepoint   ] Safepoint "Cleanup", Time since last: 1000288850 ns, Reaching safepoint: 62372 ns, At safepoint: 4194 ns, Total: 66566 ns
[2023-10-18T13:54:14.849+0000][7][safepoint   ] Safepoint "Cleanup", Time since last: 1000280992 ns, Reaching safepoint: 170018 ns, At safepoint: 16849 ns, Total: 186867 ns
[2023-10-18T13:54:15.849+0000][7][safepoint   ] Safepoint "Cleanup", Time since last: 1000354292 ns, Reaching safepoint: 70076 ns, At safepoint: 10451 ns, Total: 80527 ns
[2023-10-18T13:54:16.850+0000][7][safepoint   ] Safepoint "Cleanup", Time since last: 1000104430 ns, Reaching safepoint: 47467 ns, At safepoint: 3612 ns, Total: 51079 ns
[2023-10-18T13:54:17.850+0000][7][safepoint   ] Safepoint "Cleanup", Time since last: 1000100383 ns, Reaching safepoint: 75973 ns, At safepoint: 4642 ns, Total: 80615 ns
[2023-10-18T13:54:18.850+0000][7][safepoint   ] Safepoint "Cleanup", Time since last: 1000115039 ns, Reaching safepoint: 80904 ns, At safepoint: 12025 ns, Total: 92929 ns
[2023-10-18T13:54:20.496+0000][7][safepoint   ] Safepoint "Cleanup", Time since last: 1646030401 ns, Reaching safepoint: 124056 ns, At safepoint: 5140 ns, Total: 129196 ns
[2023-10-18T13:54:21.496+0000][7][safepoint   ] Safepoint "Cleanup", Time since last: 1000121302 ns, Reaching safepoint: 53889 ns, At safepoint: 10350 ns, Total: 64239 ns
[2023-10-18T13:54:22.496+0000][7][safepoint   ] Safepoint "Cleanup", Time since last: 1000101360 ns, Reaching safepoint: 39865 ns, At safepoint: 3582 ns, Total: 43447 ns
[2023-10-18T13:54:23.497+0000][7][safepoint   ] Safepoint "Cleanup", Time since last: 1000094389 ns, Reaching safepoint: 41081 ns, At safepoint: 9710 ns, Total: 50791 ns
[2023-10-18T13:54:24.497+0000][7][safepoint   ] Safepoint "Cleanup", Time since last: 1000131824 ns, Reaching safepoint: 116286 ns, At safepoint: 3403 ns, Total: 119689 ns
[2023-10-18T13:54:25.497+0000][7][safepoint   ] Safepoint "Cleanup", Time since last: 1000113211 ns, Reaching safepoint: 59717 ns, At safepoint: 9554 ns, Total: 69271 ns
[2023-10-18T13:54:26.497+0000][7][safepoint   ] Safepoint "Cleanup", Time since last: 1000106707 ns, Reaching safepoint: 50565 ns, At safepoint: 11635 ns, Total: 62200 ns
[2023-10-18T13:54:27.497+0000][7][safepoint   ] Safepoint "Cleanup", Time since last: 1000115868 ns, Reaching safepoint: 51924 ns, At safepoint: 3158 ns, Total: 55082 ns
[2023-10-18T13:54:28.685+0000][7][gc,start    ] GC(34) Pause Young (Normal) (G1 Evacuation Pause)
[2023-10-18T13:54:28.685+0000][7][gc,task     ] GC(34) Using 8 workers of 8 for evacuation
[2023-10-18T13:54:28.685+0000][7][gc,age      ] GC(34) Desired survivor size 20971520 bytes, new threshold 15 (max threshold 15)
[2023-10-18T13:54:28.721+0000][7][gc,age      ] GC(34) Age table with threshold 15 (max threshold 15)
[2023-10-18T13:54:28.721+0000][7][gc,age      ] GC(34) - age   1:    1539008 bytes,    1539008 total
[2023-10-18T13:54:28.721+0000][7][gc,age      ] GC(34) - age   2:     513208 bytes,    2052216 total
[2023-10-18T13:54:28.721+0000][7][gc,age      ] GC(34) - age   3:    1248464 bytes,    3300680 total
[2023-10-18T13:54:28.721+0000][7][gc,age      ] GC(34) - age   4:      60576 bytes,    3361256 total
[2023-10-18T13:54:28.721+0000][7][gc,age      ] GC(34) - age   5:     469752 bytes,    3831008 total
[2023-10-18T13:54:28.721+0000][7][gc,age      ] GC(34) - age   6:     441736 bytes,    4272744 total
[2023-10-18T13:54:28.721+0000][7][gc,age      ] GC(34) - age   7:     327768 bytes,    4600512 total
[2023-10-18T13:54:28.721+0000][7][gc,age      ] GC(34) - age   8:     253888 bytes,    4854400 total
[2023-10-18T13:54:28.721+0000][7][gc,age      ] GC(34) - age   9:     434304 bytes,    5288704 total
[2023-10-18T13:54:28.721+0000][7][gc,age      ] GC(34) - age  10:      30632 bytes,    5319336 total
[2023-10-18T13:54:28.721+0000][7][gc,age      ] GC(34) - age  11:      74744 bytes,    5394080 total
[2023-10-18T13:54:28.721+0000][7][gc,age      ] GC(34) - age  12:    2316880 bytes,    7710960 total
[2023-10-18T13:54:28.721+0000][7][gc,age      ] GC(34) - age  13:     509648 bytes,    8220608 total
[2023-10-18T13:54:28.721+0000][7][gc,age      ] GC(34) - age  14:     541216 bytes,    8761824 total
[2023-10-18T13:54:28.721+0000][7][gc,age      ] GC(34) - age  15:    6182504 bytes,   14944328 total
[2023-10-18T13:54:28.721+0000][7][gc,phases   ] GC(34)   Pre Evacuate Collection Set: 0.1ms
[2023-10-18T13:54:28.721+0000][7][gc,phases   ] GC(34)   Merge Heap Roots: 0.1ms
[2023-10-18T13:54:28.721+0000][7][gc,phases   ] GC(34)   Evacuate Collection Set: 34.7ms
[2023-10-18T13:54:28.721+0000][7][gc,phases   ] GC(34)   Post Evacuate Collection Set: 0.8ms
[2023-10-18T13:54:28.721+0000][7][gc,phases   ] GC(34)   Other: 0.3ms
[2023-10-18T13:54:28.721+0000][7][gc,heap     ] GC(34) Eden regions: 71->0(72)
[2023-10-18T13:54:28.721+0000][7][gc,heap     ] GC(34) Survivor regions: 5->4(10)
[2023-10-18T13:54:28.721+0000][7][gc,heap     ] GC(34) Old regions: 19->20
[2023-10-18T13:54:28.721+0000][7][gc,heap     ] GC(34) Archive regions: 2->2
[2023-10-18T13:54:28.721+0000][7][gc,heap     ] GC(34) Humongous regions: 5->5
[2023-10-18T13:54:28.721+0000][7][gc,metaspace] GC(34) Metaspace: 115575K(117248K)->115575K(117248K) NonClass: 99870K(100800K)->99870K(100800K) Class: 15705K(16448K)->15705K(16448K)
[2023-10-18T13:54:28.721+0000][7][gc          ] GC(34) Pause Young (Normal) (G1 Evacuation Pause) 401M->118M(512M) 36.019ms
[2023-10-18T13:54:28.721+0000][7][gc,cpu      ] GC(34) User=0.05s Sys=0.01s Real=0.04s
[2023-10-18T13:54:28.721+0000][7][safepoint   ] Safepoint "G1CollectForAllocation", Time since last: 1187317239 ns, Reaching safepoint: 48494 ns, At safepoint: 36098539 ns, Total: 36147033 ns
[2023-10-18T13:54:29.721+0000][7][safepoint   ] Safepoint "Cleanup", Time since last: 1000069803 ns, Reaching safepoint: 44185 ns, At safepoint: 3843 ns, Total: 48028 ns
[2023-10-18T13:54:30.721+0000][7][safepoint   ] Safepoint "Cleanup", Time since last: 1000110126 ns, Reaching safepoint: 97704 ns, At safepoint: 8925 ns, Total: 106629 ns
[2023-10-18T13:54:32.722+0000][7][safepoint   ] Safepoint "Cleanup", Time since last: 2000171277 ns, Reaching safepoint: 359264 ns, At safepoint: 11724 ns, Total: 370988 ns
[2023-10-18T13:54:33.722+0000][7][safepoint   ] Safepoint "Cleanup", Time since last: 1000114976 ns, Reaching safepoint: 57252 ns, At safepoint: 7021 ns, Total: 64273 ns
[2023-10-18T13:54:34.722+0000][7][safepoint   ] Safepoint "Cleanup", Time since last: 1000069452 ns, Reaching safepoint: 43318 ns, At safepoint: 3681 ns, Total: 46999 ns
[2023-10-18T13:54:35.722+0000][7][safepoint   ] Safepoint "Cleanup", Time since last: 1000141514 ns, Reaching safepoint: 44545 ns, At safepoint: 4057 ns, Total: 48602 ns
[2023-10-18T13:54:36.722+0000][7][safepoint   ] Safepoint "Cleanup", Time since last: 1000141105 ns, Reaching safepoint: 66226 ns, At safepoint: 2992 ns, Total: 69218 ns
[2023-10-18T13:54:37.723+0000][7][safepoint   ] Safepoint "Cleanup", Time since last: 1000098334 ns, Reaching safepoint: 49130 ns, At safepoint: 9810 ns, Total: 58940 ns
[2023-10-18T13:54:38.723+0000][7][safepoint   ] Safepoint "Cleanup", Time since last: 1000134183 ns, Reaching safepoint: 103330 ns, At safepoint: 4153 ns, Total: 107483 ns
[2023-10-18T13:54:39.723+0000][7][safepoint   ] Safepoint "Cleanup", Time since last: 1000133845 ns, Reaching safepoint: 55392 ns, At safepoint: 6372 ns, Total: 61764 ns
[2023-10-18T13:54:40.723+0000][7][safepoint   ] Safepoint "Cleanup", Time since last: 1000090794 ns, Reaching safepoint: 33400 ns, At safepoint: 4388 ns, Total: 37788 ns
[2023-10-18T13:54:41.723+0000][7][safepoint   ] Safepoint "Cleanup", Time since last: 1000130368 ns, Reaching safepoint: 114812 ns, At safepoint: 7399 ns, Total: 122211 ns
[2023-10-18T13:54:42.724+0000][7][safepoint   ] Safepoint "Cleanup", Time since last: 1000139880 ns, Reaching safepoint: 53323 ns, At safepoint: 6337 ns, Total: 59660 ns
[2023-10-18T13:54:44.724+0000][7][safepoint   ] Safepoint "Cleanup", Time since last: 2000187931 ns, Reaching safepoint: 45343 ns, At safepoint: 6698 ns, Total: 52041 ns
[2023-10-18T13:54:44.818+0000][7][gc,start    ] GC(35) Pause Young (Normal) (G1 Evacuation Pause)
[2023-10-18T13:54:44.818+0000][7][gc,task     ] GC(35) Using 8 workers of 8 for evacuation
[2023-10-18T13:54:44.818+0000][7][gc,age      ] GC(35) Desired survivor size 20971520 bytes, new threshold 15 (max threshold 15)
[2023-10-18T13:54:44.840+0000][7][gc,age      ] GC(35) Age table with threshold 15 (max threshold 15)
[2023-10-18T13:54:44.840+0000][7][gc,age      ] GC(35) - age   1:    1781744 bytes,    1781744 total
[2023-10-18T13:54:44.840+0000][7][gc,age      ] GC(35) - age   2:     942784 bytes,    2724528 total
[2023-10-18T13:54:44.840+0000][7][gc,age      ] GC(35) - age   3:     479232 bytes,    3203760 total
[2023-10-18T13:54:44.840+0000][7][gc,age      ] GC(35) - age   4:    1248072 bytes,    4451832 total
[2023-10-18T13:54:44.840+0000][7][gc,age      ] GC(35) - age   5:      23936 bytes,    4475768 total
[2023-10-18T13:54:44.840+0000][7][gc,age      ] GC(35) - age   6:     367984 bytes,    4843752 total
[2023-10-18T13:54:44.840+0000][7][gc,age      ] GC(35) - age   7:     433584 bytes,    5277336 total
[2023-10-18T13:54:44.840+0000][7][gc,age      ] GC(35) - age   8:     327768 bytes,    5605104 total
[2023-10-18T13:54:44.840+0000][7][gc,age      ] GC(35) - age   9:     253824 bytes,    5858928 total
[2023-10-18T13:54:44.840+0000][7][gc,age      ] GC(35) - age  10:     434304 bytes,    6293232 total
[2023-10-18T13:54:44.840+0000][7][gc,age      ] GC(35) - age  11:      30632 bytes,    6323864 total
[2023-10-18T13:54:44.840+0000][7][gc,age      ] GC(35) - age  12:      74744 bytes,    6398608 total
[2023-10-18T13:54:44.840+0000][7][gc,age      ] GC(35) - age  13:    2316816 bytes,    8715424 total
[2023-10-18T13:54:44.840+0000][7][gc,age      ] GC(35) - age  14:     509648 bytes,    9225072 total
[2023-10-18T13:54:44.840+0000][7][gc,age      ] GC(35) - age  15:     541216 bytes,    9766288 total
[2023-10-18T13:54:44.840+0000][7][gc,phases   ] GC(35)   Pre Evacuate Collection Set: 0.1ms
[2023-10-18T13:54:44.840+0000][7][gc,phases   ] GC(35)   Merge Heap Roots: 0.2ms
[2023-10-18T13:54:44.840+0000][7][gc,phases   ] GC(35)   Evacuate Collection Set: 21.0ms
[2023-10-18T13:54:44.840+0000][7][gc,phases   ] GC(35)   Post Evacuate Collection Set: 0.8ms
[2023-10-18T13:54:44.840+0000][7][gc,phases   ] GC(35)   Other: 0.3ms
[2023-10-18T13:54:44.840+0000][7][gc,heap     ] GC(35) Eden regions: 72->0(73)
[2023-10-18T13:54:44.840+0000][7][gc,heap     ] GC(35) Survivor regions: 4->3(10)
[2023-10-18T13:54:44.840+0000][7][gc,heap     ] GC(35) Old regions: 20->22
[2023-10-18T13:54:44.840+0000][7][gc,heap     ] GC(35) Archive regions: 2->2
[2023-10-18T13:54:44.840+0000][7][gc,heap     ] GC(35) Humongous regions: 5->5
[2023-10-18T13:54:44.840+0000][7][gc,metaspace] GC(35) Metaspace: 115681K(117376K)->115681K(117376K) NonClass: 99974K(100928K)->99974K(100928K) Class: 15706K(16448K)->15706K(16448K)
[2023-10-18T13:54:44.840+0000][7][gc          ] GC(35) Pause Young (Normal) (G1 Evacuation Pause) 406M->119M(512M) 22.383ms
[2023-10-18T13:54:44.841+0000][7][gc,cpu      ] GC(35) User=0.05s Sys=0.02s Real=0.02s
[2023-10-18T13:54:44.841+0000][7][safepoint   ] Safepoint "G1CollectForAllocation", Time since last: 94085153 ns, Reaching safepoint: 149862 ns, At safepoint: 22468298 ns, Total: 22618160 ns
[2023-10-18T13:54:45.841+0000][7][safepoint   ] Safepoint "Cleanup", Time since last: 1000090130 ns, Reaching safepoint: 82814 ns, At safepoint: 12881 ns, Total: 95695 ns
[2023-10-18T13:54:47.841+0000][7][safepoint   ] Safepoint "Cleanup", Time since last: 2000196074 ns, Reaching safepoint: 170659 ns, At safepoint: 21702 ns, Total: 192361 ns
[2023-10-18T13:54:48.841+0000][7][safepoint   ] Safepoint "Cleanup", Time since last: 1000101005 ns, Reaching safepoint: 56433 ns, At safepoint: 4480 ns, Total: 60913 ns
[2023-10-18T13:54:49.841+0000][7][safepoint   ] Safepoint "Cleanup", Time since last: 1000090506 ns, Reaching safepoint: 59286 ns, At safepoint: 9581 ns, Total: 68867 ns
[2023-10-18T13:54:50.842+0000][7][safepoint   ] Safepoint "Cleanup", Time since last: 1000104409 ns, Reaching safepoint: 76832 ns, At safepoint: 12424 ns, Total: 89256 ns
[2023-10-18T13:54:51.842+0000][7][safepoint   ] Safepoint "Cleanup", Time since last: 1000131237 ns, Reaching safepoint: 52333 ns, At safepoint: 3220 ns, Total: 55553 ns
[2023-10-18T13:54:52.842+0000][7][safepoint   ] Safepoint "Cleanup", Time since last: 1000231055 ns, Reaching safepoint: 45599 ns, At safepoint: 3463 ns, Total: 49062 ns
[2023-10-18T13:54:53.842+0000][7][safepoint   ] Safepoint "Cleanup", Time since last: 1000130049 ns, Reaching safepoint: 262617 ns, At safepoint: 12863 ns, Total: 275480 ns
[2023-10-18T13:54:54.843+0000][7][safepoint   ] Safepoint "Cleanup", Time since last: 1000122894 ns, Reaching safepoint: 64944 ns, At safepoint: 12527 ns, Total: 77471 ns
[2023-10-18T13:54:55.843+0000][7][safepoint   ] Safepoint "Cleanup", Time since last: 1000143688 ns, Reaching safepoint: 83451 ns, At safepoint: 6677 ns, Total: 90128 ns
[2023-10-18T13:54:56.843+0000][7][safepoint   ] Safepoint "Cleanup", Time since last: 1000175135 ns, Reaching safepoint: 100690 ns, At safepoint: 6273 ns, Total: 106963 ns
[2023-10-18T13:54:57.843+0000][7][safepoint   ] Safepoint "Cleanup", Time since last: 1000127052 ns, Reaching safepoint: 45750 ns, At safepoint: 2895 ns, Total: 48645 ns
[2023-10-18T13:54:59.844+0000][7][safepoint   ] Safepoint "Cleanup", Time since last: 2000209885 ns, Reaching safepoint: 78952 ns, At safepoint: 6315 ns, Total: 85267 ns
[2023-10-18T13:55:00.844+0000][7][safepoint   ] Safepoint "Cleanup", Time since last: 1000173035 ns, Reaching safepoint: 67507 ns, At safepoint: 4227 ns, Total: 71734 ns
[2023-10-18T13:55:01.844+0000][7][safepoint   ] Safepoint "Cleanup", Time since last: 1000141918 ns, Reaching safepoint: 171639 ns, At safepoint: 5915 ns, Total: 177554 ns
[2023-10-18T13:55:02.845+0000][7][safepoint   ] Safepoint "Cleanup", Time since last: 1000255176 ns, Reaching safepoint: 179252 ns, At safepoint: 31250 ns, Total: 210502 ns
[2023-10-18T13:55:03.845+0000][7][safepoint   ] Safepoint "Cleanup", Time since last: 1000108889 ns, Reaching safepoint: 55205 ns, At safepoint: 3795 ns, Total: 59000 ns
[2023-10-18T13:55:04.845+0000][7][safepoint   ] Safepoint "Cleanup", Time since last: 1000152771 ns, Reaching safepoint: 152663 ns, At safepoint: 23427 ns, Total: 176090 ns
[2023-10-18T13:55:05.837+0000][7][gc,start    ] GC(36) Pause Young (Normal) (G1 Evacuation Pause)
[2023-10-18T13:55:05.837+0000][7][gc,task     ] GC(36) Using 8 workers of 8 for evacuation
[2023-10-18T13:55:05.837+0000][7][gc,age      ] GC(36) Desired survivor size 20971520 bytes, new threshold 15 (max threshold 15)
[2023-10-18T13:55:05.846+0000][7][gc,age      ] GC(36) Age table with threshold 15 (max threshold 15)
[2023-10-18T13:55:05.846+0000][7][gc,age      ] GC(36) - age   1:    2001304 bytes,    2001304 total
[2023-10-18T13:55:05.846+0000][7][gc,age      ] GC(36) - age   2:     488488 bytes,    2489792 total
[2023-10-18T13:55:05.846+0000][7][gc,age      ] GC(36) - age   3:     903040 bytes,    3392832 total
[2023-10-18T13:55:05.846+0000][7][gc,age      ] GC(36) - age   4:     478520 bytes,    3871352 total
[2023-10-18T13:55:05.846+0000][7][gc,age      ] GC(36) - age   5:    1233288 bytes,    5104640 total
[2023-10-18T13:55:05.846+0000][7][gc,age      ] GC(36) - age   6:      23448 bytes,    5128088 total
[2023-10-18T13:55:05.846+0000][7][gc,age      ] GC(36) - age   7:     367920 bytes,    5496008 total
[2023-10-18T13:55:05.846+0000][7][gc,age      ] GC(36) - age   8:     433456 bytes,    5929464 total
[2023-10-18T13:55:05.846+0000][7][gc,age      ] GC(36) - age   9:     327472 bytes,    6256936 total
[2023-10-18T13:55:05.846+0000][7][gc,age      ] GC(36) - age  10:     253824 bytes,    6510760 total
[2023-10-18T13:55:05.846+0000][7][gc,age      ] GC(36) - age  11:     434304 bytes,    6945064 total
[2023-10-18T13:55:05.846+0000][7][gc,age      ] GC(36) - age  12:      30632 bytes,    6975696 total
[2023-10-18T13:55:05.846+0000][7][gc,age      ] GC(36) - age  13:      74744 bytes,    7050440 total
[2023-10-18T13:55:05.846+0000][7][gc,age      ] GC(36) - age  14:    2316688 bytes,    9367128 total
[2023-10-18T13:55:05.846+0000][7][gc,age      ] GC(36) - age  15:     509648 bytes,    9876776 total
[2023-10-18T13:55:05.846+0000][7][gc,phases   ] GC(36)   Pre Evacuate Collection Set: 0.1ms
[2023-10-18T13:55:05.846+0000][7][gc,phases   ] GC(36)   Merge Heap Roots: 0.1ms
[2023-10-18T13:55:05.846+0000][7][gc,phases   ] GC(36)   Evacuate Collection Set: 7.7ms
[2023-10-18T13:55:05.846+0000][7][gc,phases   ] GC(36)   Post Evacuate Collection Set: 0.9ms
[2023-10-18T13:55:05.846+0000][7][gc,phases   ] GC(36)   Other: 0.4ms
[2023-10-18T13:55:05.846+0000][7][gc,heap     ] GC(36) Eden regions: 73->0(73)
[2023-10-18T13:55:05.846+0000][7][gc,heap     ] GC(36) Survivor regions: 3->3(10)
[2023-10-18T13:55:05.846+0000][7][gc,heap     ] GC(36) Old regions: 22->22
[2023-10-18T13:55:05.846+0000][7][gc,heap     ] GC(36) Archive regions: 2->2
[2023-10-18T13:55:05.846+0000][7][gc,heap     ] GC(36) Humongous regions: 5->5
[2023-10-18T13:55:05.846+0000][7][gc,metaspace] GC(36) Metaspace: 115876K(117632K)->115876K(117632K) NonClass: 100168K(101184K)->100168K(101184K) Class: 15707K(16448K)->15707K(16448K)
[2023-10-18T13:55:05.846+0000][7][gc          ] GC(36) Pause Young (Normal) (G1 Evacuation Pause) 411M->120M(512M) 9.162ms
[2023-10-18T13:55:05.846+0000][7][gc,cpu      ] GC(36) User=0.04s Sys=0.01s Real=0.01s
[2023-10-18T13:55:05.846+0000][7][safepoint   ] Safepoint "G1CollectForAllocation", Time since last: 991744674 ns, Reaching safepoint: 74093 ns, At safepoint: 9252896 ns, Total: 9326989 ns
[2023-10-18T13:55:07.034+0000][7][safepoint   ] Safepoint "Cleanup", Time since last: 1187319094 ns, Reaching safepoint: 123281 ns, At safepoint: 5783 ns, Total: 129064 ns
[2023-10-18T13:55:08.034+0000][7][safepoint   ] Safepoint "Cleanup", Time since last: 1000159928 ns, Reaching safepoint: 80619 ns, At safepoint: 4778 ns, Total: 85397 ns
[2023-10-18T13:55:09.034+0000][7][safepoint   ] Safepoint "Cleanup", Time since last: 1000155605 ns, Reaching safepoint: 217528 ns, At safepoint: 15147 ns, Total: 232675 ns
[2023-10-18T13:55:10.035+0000][7][safepoint   ] Safepoint "Cleanup", Time since last: 1000459713 ns, Reaching safepoint: 169397 ns, At safepoint: 4143 ns, Total: 173540 ns
[2023-10-18T13:55:12.035+0000][7][safepoint   ] Safepoint "Cleanup", Time since last: 2000188426 ns, Reaching safepoint: 200693 ns, At safepoint: 7234 ns, Total: 207927 ns
[2023-10-18T13:55:13.036+0000][7][safepoint   ] Safepoint "Cleanup", Time since last: 1000141518 ns, Reaching safepoint: 62206 ns, At safepoint: 5225 ns, Total: 67431 ns
[2023-10-18T13:55:15.036+0000][7][safepoint   ] Safepoint "Cleanup", Time since last: 2000284501 ns, Reaching safepoint: 63403 ns, At safepoint: 5873 ns, Total: 69276 ns
[2023-10-18T13:55:17.036+0000][7][safepoint   ] Safepoint "Cleanup", Time since last: 2000144406 ns, Reaching safepoint: 54141 ns, At safepoint: 4814 ns, Total: 58955 ns
[2023-10-18T13:55:18.036+0000][7][safepoint   ] Safepoint "Cleanup", Time since last: 1000123889 ns, Reaching safepoint: 71114 ns, At safepoint: 5584 ns, Total: 76698 ns
[2023-10-18T13:55:20.037+0000][7][safepoint   ] Safepoint "Cleanup", Time since last: 2000156286 ns, Reaching safepoint: 102463 ns, At safepoint: 5854 ns, Total: 108317 ns
[2023-10-18T13:55:21.037+0000][7][safepoint   ] Safepoint "Cleanup", Time since last: 1000195394 ns, Reaching safepoint: 42923 ns, At safepoint: 33776 ns, Total: 76699 ns
[2023-10-18T13:55:22.037+0000][7][safepoint   ] Safepoint "Cleanup", Time since last: 1000229126 ns, Reaching safepoint: 157658 ns, At safepoint: 6809 ns, Total: 164467 ns
[2023-10-18T13:55:23.037+0000][7][safepoint   ] Safepoint "Cleanup", Time since last: 1000086984 ns, Reaching safepoint: 65069 ns, At safepoint: 7417 ns, Total: 72486 ns
[2023-10-18T13:55:23.889+0000][7][gc,start    ] GC(37) Pause Young (Normal) (G1 Evacuation Pause)
[2023-10-18T13:55:23.889+0000][7][gc,task     ] GC(37) Using 8 workers of 8 for evacuation
[2023-10-18T13:55:23.889+0000][7][gc,age      ] GC(37) Desired survivor size 20971520 bytes, new threshold 15 (max threshold 15)
[2023-10-18T13:55:23.900+0000][7][gc,age      ] GC(37) Age table with threshold 15 (max threshold 15)
[2023-10-18T13:55:23.901+0000][7][gc,age      ] GC(37) - age   1:    2276336 bytes,    2276336 total
[2023-10-18T13:55:23.901+0000][7][gc,age      ] GC(37) - age   2:     472136 bytes,    2748472 total
[2023-10-18T13:55:23.901+0000][7][gc,age      ] GC(37) - age   3:     404392 bytes,    3152864 total
[2023-10-18T13:55:23.901+0000][7][gc,age      ] GC(37) - age   4:     753640 bytes,    3906504 total
[2023-10-18T13:55:23.901+0000][7][gc,age      ] GC(37) - age   5:     477712 bytes,    4384216 total
[2023-10-18T13:55:23.901+0000][7][gc,age      ] GC(37) - age   6:    1233192 bytes,    5617408 total
[2023-10-18T13:55:23.901+0000][7][gc,age      ] GC(37) - age   7:      23320 bytes,    5640728 total
[2023-10-18T13:55:23.901+0000][7][gc,age      ] GC(37) - age   8:     367920 bytes,    6008648 total
[2023-10-18T13:55:23.901+0000][7][gc,age      ] GC(37) - age   9:     433456 bytes,    6442104 total
[2023-10-18T13:55:23.901+0000][7][gc,age      ] GC(37) - age  10:     327472 bytes,    6769576 total
[2023-10-18T13:55:23.901+0000][7][gc,age      ] GC(37) - age  11:     253824 bytes,    7023400 total
[2023-10-18T13:55:23.901+0000][7][gc,age      ] GC(37) - age  12:     434304 bytes,    7457704 total
[2023-10-18T13:55:23.901+0000][7][gc,age      ] GC(37) - age  13:      30632 bytes,    7488336 total
[2023-10-18T13:55:23.901+0000][7][gc,age      ] GC(37) - age  14:      74312 bytes,    7562648 total
[2023-10-18T13:55:23.901+0000][7][gc,age      ] GC(37) - age  15:    2316688 bytes,    9879336 total
[2023-10-18T13:55:23.901+0000][7][gc,phases   ] GC(37)   Pre Evacuate Collection Set: 0.1ms
[2023-10-18T13:55:23.901+0000][7][gc,phases   ] GC(37)   Merge Heap Roots: 0.0ms
[2023-10-18T13:55:23.901+0000][7][gc,phases   ] GC(37)   Evacuate Collection Set: 10.0ms
[2023-10-18T13:55:23.901+0000][7][gc,phases   ] GC(37)   Post Evacuate Collection Set: 0.9ms
[2023-10-18T13:55:23.901+0000][7][gc,phases   ] GC(37)   Other: 0.3ms
[2023-10-18T13:55:23.901+0000][7][gc,heap     ] GC(37) Eden regions: 73->0(73)
[2023-10-18T13:55:23.901+0000][7][gc,heap     ] GC(37) Survivor regions: 3->3(10)
[2023-10-18T13:55:23.901+0000][7][gc,heap     ] GC(37) Old regions: 22->22
[2023-10-18T13:55:23.901+0000][7][gc,heap     ] GC(37) Archive regions: 2->2
[2023-10-18T13:55:23.901+0000][7][gc,heap     ] GC(37) Humongous regions: 5->5
[2023-10-18T13:55:23.901+0000][7][gc,metaspace] GC(37) Metaspace: 115946K(117696K)->115946K(117696K) NonClass: 100237K(101248K)->100237K(101248K) Class: 15709K(16448K)->15709K(16448K)
[2023-10-18T13:55:23.901+0000][7][gc          ] GC(37) Pause Young (Normal) (G1 Evacuation Pause) 412M->120M(512M) 11.392ms
[2023-10-18T13:55:23.901+0000][7][gc,cpu      ] GC(37) User=0.03s Sys=0.00s Real=0.01s
[2023-10-18T13:55:23.901+0000][7][safepoint   ] Safepoint "G1CollectForAllocation", Time since last: 851865570 ns, Reaching safepoint: 58244 ns, At safepoint: 11482701 ns, Total: 11540945 ns
[2023-10-18T13:55:24.901+0000][7][safepoint   ] Safepoint "Cleanup", Time since last: 1000222615 ns, Reaching safepoint: 155392 ns, At safepoint: 5660 ns, Total: 161052 ns
[2023-10-18T13:55:26.902+0000][7][safepoint   ] Safepoint "Cleanup", Time since last: 2000200938 ns, Reaching safepoint: 69315 ns, At safepoint: 7629 ns, Total: 76944 ns
[2023-10-18T13:55:27.902+0000][7][safepoint   ] Safepoint "Cleanup", Time since last: 1000218052 ns, Reaching safepoint: 149827 ns, At safepoint: 2839 ns, Total: 152666 ns
[2023-10-18T13:55:29.903+0000][7][safepoint   ] Safepoint "Cleanup", Time since last: 2000500697 ns, Reaching safepoint: 214186 ns, At safepoint: 7752 ns, Total: 221938 ns
[2023-10-18T13:55:31.903+0000][7][safepoint   ] Safepoint "Cleanup", Time since last: 2000243918 ns, Reaching safepoint: 129108 ns, At safepoint: 24861 ns, Total: 153969 ns
[2023-10-18T13:55:32.903+0000][7][safepoint   ] Safepoint "Cleanup", Time since last: 1000149480 ns, Reaching safepoint: 122222 ns, At safepoint: 4637 ns, Total: 126859 ns
[2023-10-18T13:55:33.578+0000][7][gc,start    ] GC(38) Pause Young (Normal) (G1 Evacuation Pause)
[2023-10-18T13:55:33.578+0000][7][gc,task     ] GC(38) Using 8 workers of 8 for evacuation
[2023-10-18T13:55:33.578+0000][7][gc,age      ] GC(38) Desired survivor size 20971520 bytes, new threshold 15 (max threshold 15)
[2023-10-18T13:55:33.603+0000][7][gc,age      ] GC(38) Age table with threshold 15 (max threshold 15)
[2023-10-18T13:55:33.603+0000][7][gc,age      ] GC(38) - age   1:    3201256 bytes,    3201256 total
[2023-10-18T13:55:33.603+0000][7][gc,age      ] GC(38) - age   2:      24360 bytes,    3225616 total
[2023-10-18T13:55:33.603+0000][7][gc,age      ] GC(38) - age   3:     145120 bytes,    3370736 total
[2023-10-18T13:55:33.603+0000][7][gc,age      ] GC(38) - age   4:      11552 bytes,    3382288 total
[2023-10-18T13:55:33.603+0000][7][gc,age      ] GC(38) - age   5:     390376 bytes,    3772664 total
[2023-10-18T13:55:33.603+0000][7][gc,age      ] GC(38) - age   6:      12264 bytes,    3784928 total
[2023-10-18T13:55:33.603+0000][7][gc,age      ] GC(38) - age   7:     722592 bytes,    4507520 total
[2023-10-18T13:55:33.603+0000][7][gc,age      ] GC(38) - age   8:      22592 bytes,    4530112 total
[2023-10-18T13:55:33.603+0000][7][gc,age      ] GC(38) - age   9:     259928 bytes,    4790040 total
[2023-10-18T13:55:33.603+0000][7][gc,age      ] GC(38) - age  10:     432736 bytes,    5222776 total
[2023-10-18T13:55:33.603+0000][7][gc,age      ] GC(38) - age  11:     327184 bytes,    5549960 total
[2023-10-18T13:55:33.603+0000][7][gc,age      ] GC(38) - age  12:     253480 bytes,    5803440 total
[2023-10-18T13:55:33.603+0000][7][gc,age      ] GC(38) - age  13:     433728 bytes,    6237168 total
[2023-10-18T13:55:33.603+0000][7][gc,age      ] GC(38) - age  14:      14600 bytes,    6251768 total
[2023-10-18T13:55:33.603+0000][7][gc,age      ] GC(38) - age  15:      74312 bytes,    6326080 total
[2023-10-18T13:55:33.603+0000][7][gc,phases   ] GC(38)   Pre Evacuate Collection Set: 0.2ms
[2023-10-18T13:55:33.603+0000][7][gc,phases   ] GC(38)   Merge Heap Roots: 0.1ms
[2023-10-18T13:55:33.603+0000][7][gc,phases   ] GC(38)   Evacuate Collection Set: 14.6ms
[2023-10-18T13:55:33.603+0000][7][gc,phases   ] GC(38)   Post Evacuate Collection Set: 9.9ms
[2023-10-18T13:55:33.603+0000][7][gc,phases   ] GC(38)   Other: 0.5ms
[2023-10-18T13:55:33.603+0000][7][gc,heap     ] GC(38) Eden regions: 73->0(73)
[2023-10-18T13:55:33.603+0000][7][gc,heap     ] GC(38) Survivor regions: 3->2(10)
[2023-10-18T13:55:33.603+0000][7][gc,heap     ] GC(38) Old regions: 22->23
[2023-10-18T13:55:33.603+0000][7][gc,heap     ] GC(38) Archive regions: 2->2
[2023-10-18T13:55:33.603+0000][7][gc,heap     ] GC(38) Humongous regions: 5->5
[2023-10-18T13:55:33.603+0000][7][gc,metaspace] GC(38) Metaspace: 116105K(117824K)->116105K(117824K) NonClass: 100393K(101376K)->100393K(101376K) Class: 15711K(16448K)->15711K(16448K)
[2023-10-18T13:55:33.603+0000][7][gc          ] GC(38) Pause Young (Normal) (G1 Evacuation Pause) 412M->119M(512M) 25.349ms
[2023-10-18T13:55:33.603+0000][7][gc,cpu      ] GC(38) User=0.04s Sys=0.01s Real=0.02s
[2023-10-18T13:55:33.603+0000][7][safepoint   ] Safepoint "G1CollectForAllocation", Time since last: 674428059 ns, Reaching safepoint: 117721 ns, At safepoint: 25473890 ns, Total: 25591611 ns
[2023-10-18T13:55:34.604+0000][7][safepoint   ] Safepoint "Cleanup", Time since last: 1000077957 ns, Reaching safepoint: 208425 ns, At safepoint: 8562 ns, Total: 216987 ns
[2023-10-18T13:55:35.604+0000][7][safepoint   ] Safepoint "Cleanup", Time since last: 1000344545 ns, Reaching safepoint: 148129 ns, At safepoint: 4320 ns, Total: 152449 ns
[2023-10-18T13:55:36.604+0000][7][safepoint   ] Safepoint "Cleanup", Time since last: 1000114192 ns, Reaching safepoint: 56433 ns, At safepoint: 6433 ns, Total: 62866 ns
[2023-10-18T13:55:37.605+0000][7][safepoint   ] Safepoint "Cleanup", Time since last: 1000351895 ns, Reaching safepoint: 110834 ns, At safepoint: 9650 ns, Total: 120484 ns
[2023-10-18T13:55:38.605+0000][7][safepoint   ] Safepoint "Cleanup", Time since last: 1000120397 ns, Reaching safepoint: 91592 ns, At safepoint: 5687 ns, Total: 97279 ns
[2023-10-18T13:55:39.606+0000][7][safepoint   ] Safepoint "Cleanup", Time since last: 1001457450 ns, Reaching safepoint: 34304 ns, At safepoint: 30111 ns, Total: 64415 ns
[2023-10-18T13:55:40.607+0000][7][safepoint   ] Safepoint "Cleanup", Time since last: 1000098697 ns, Reaching safepoint: 56185 ns, At safepoint: 6873 ns, Total: 63058 ns
[2023-10-18T13:55:41.925+0000][7][gc,start    ] GC(39) Pause Young (Normal) (G1 Evacuation Pause)
[2023-10-18T13:55:41.925+0000][7][gc,task     ] GC(39) Using 8 workers of 8 for evacuation
[2023-10-18T13:55:41.926+0000][7][gc,age      ] GC(39) Desired survivor size 20971520 bytes, new threshold 15 (max threshold 15)
[2023-10-18T13:55:41.932+0000][7][gc,age      ] GC(39) Age table with threshold 15 (max threshold 15)
[2023-10-18T13:55:41.932+0000][7][gc,age      ] GC(39) - age   1:   10158152 bytes,   10158152 total
[2023-10-18T13:55:41.932+0000][7][gc,age      ] GC(39) - age   2:    1229800 bytes,   11387952 total
[2023-10-18T13:55:41.932+0000][7][gc,age      ] GC(39) - age   3:      22960 bytes,   11410912 total
[2023-10-18T13:55:41.932+0000][7][gc,age      ] GC(39) - age   4:     128688 bytes,   11539600 total
[2023-10-18T13:55:41.932+0000][7][gc,age      ] GC(39) - age   5:      11360 bytes,   11550960 total
[2023-10-18T13:55:41.932+0000][7][gc,age      ] GC(39) - age   6:     388680 bytes,   11939640 total
[2023-10-18T13:55:41.932+0000][7][gc,age      ] GC(39) - age   7:      12264 bytes,   11951904 total
[2023-10-18T13:55:41.932+0000][7][gc,age      ] GC(39) - age   8:      11728 bytes,   11963632 total
[2023-10-18T13:55:41.932+0000][7][gc,age      ] GC(39) - age   9:      22592 bytes,   11986224 total
[2023-10-18T13:55:41.932+0000][7][gc,age      ] GC(39) - age  10:     243432 bytes,   12229656 total
[2023-10-18T13:55:41.932+0000][7][gc,age      ] GC(39) - age  11:     432736 bytes,   12662392 total
[2023-10-18T13:55:41.932+0000][7][gc,age      ] GC(39) - age  12:     327184 bytes,   12989576 total
[2023-10-18T13:55:41.932+0000][7][gc,age      ] GC(39) - age  13:     253480 bytes,   13243056 total
[2023-10-18T13:55:41.932+0000][7][gc,age      ] GC(39) - age  14:     433728 bytes,   13676784 total
[2023-10-18T13:55:41.932+0000][7][gc,age      ] GC(39) - age  15:      14600 bytes,   13691384 total
[2023-10-18T13:55:41.932+0000][7][gc,phases   ] GC(39)   Pre Evacuate Collection Set: 0.1ms
[2023-10-18T13:55:41.932+0000][7][gc,phases   ] GC(39)   Merge Heap Roots: 0.0ms
[2023-10-18T13:55:41.932+0000][7][gc,phases   ] GC(39)   Evacuate Collection Set: 5.4ms
[2023-10-18T13:55:41.932+0000][7][gc,phases   ] GC(39)   Post Evacuate Collection Set: 0.6ms
[2023-10-18T13:55:41.932+0000][7][gc,phases   ] GC(39)   Other: 0.3ms
[2023-10-18T13:55:41.932+0000][7][gc,heap     ] GC(39) Eden regions: 73->0(69)
[2023-10-18T13:55:41.932+0000][7][gc,heap     ] GC(39) Survivor regions: 2->4(10)
[2023-10-18T13:55:41.932+0000][7][gc,heap     ] GC(39) Old regions: 23->23
[2023-10-18T13:55:41.932+0000][7][gc,heap     ] GC(39) Archive regions: 2->2
[2023-10-18T13:55:41.932+0000][7][gc,heap     ] GC(39) Humongous regions: 5->5
[2023-10-18T13:55:41.932+0000][7][gc,metaspace] GC(39) Metaspace: 116189K(117888K)->116189K(117888K) NonClass: 100475K(101440K)->100475K(101440K) Class: 15713K(16448K)->15713K(16448K)
[2023-10-18T13:55:41.932+0000][7][gc          ] GC(39) Pause Young (Normal) (G1 Evacuation Pause) 411M->126M(512M) 6.519ms
[2023-10-18T13:55:41.932+0000][7][gc,cpu      ] GC(39) User=0.04s Sys=0.00s Real=0.01s
[2023-10-18T13:55:41.932+0000][7][safepoint   ] Safepoint "G1CollectForAllocation", Time since last: 1318723959 ns, Reaching safepoint: 76166 ns, At safepoint: 6579241 ns, Total: 6655407 ns
[2023-10-18T13:55:42.932+0000][7][safepoint   ] Safepoint "Cleanup", Time since last: 1000088935 ns, Reaching safepoint: 134639 ns, At safepoint: 8520 ns, Total: 143159 ns
[2023-10-18T13:55:43.932+0000][7][safepoint   ] Safepoint "Cleanup", Time since last: 1000095697 ns, Reaching safepoint: 53201 ns, At safepoint: 3831 ns, Total: 57032 ns
[2023-10-18T13:55:44.933+0000][7][safepoint   ] Safepoint "Cleanup", Time since last: 1000091295 ns, Reaching safepoint: 100572 ns, At safepoint: 4151 ns, Total: 104723 ns
[2023-10-18T13:55:45.933+0000][7][safepoint   ] Safepoint "Cleanup", Time since last: 1000358714 ns, Reaching safepoint: 57814 ns, At safepoint: 7208 ns, Total: 65022 ns
[2023-10-18T13:55:46.933+0000][7][safepoint   ] Safepoint "Cleanup", Time since last: 1000126613 ns, Reaching safepoint: 64690 ns, At safepoint: 4664 ns, Total: 69354 ns
[2023-10-18T13:55:47.774+0000][7][gc,start    ] GC(40) Pause Young (Normal) (G1 Evacuation Pause)
[2023-10-18T13:55:47.774+0000][7][gc,task     ] GC(40) Using 8 workers of 8 for evacuation
[2023-10-18T13:55:47.774+0000][7][gc,age      ] GC(40) Desired survivor size 20971520 bytes, new threshold 15 (max threshold 15)
[2023-10-18T13:55:47.778+0000][7][gc,age      ] GC(40) Age table with threshold 15 (max threshold 15)
[2023-10-18T13:55:47.778+0000][7][gc,age      ] GC(40) - age   1:    2008136 bytes,    2008136 total
[2023-10-18T13:55:47.778+0000][7][gc,age      ] GC(40) - age   2:     130192 bytes,    2138328 total
[2023-10-18T13:55:47.778+0000][7][gc,age      ] GC(40) - age   3:     542464 bytes,    2680792 total
[2023-10-18T13:55:47.778+0000][7][gc,age      ] GC(40) - age   4:      13048 bytes,    2693840 total
[2023-10-18T13:55:47.778+0000][7][gc,age      ] GC(40) - age   5:       8152 bytes,    2701992 total
[2023-10-18T13:55:47.778+0000][7][gc,age      ] GC(40) - age   6:       8376 bytes,    2710368 total
[2023-10-18T13:55:47.778+0000][7][gc,age      ] GC(40) - age   7:      40296 bytes,    2750664 total
[2023-10-18T13:55:47.778+0000][7][gc,age      ] GC(40) - age   8:      12168 bytes,    2762832 total
[2023-10-18T13:55:47.778+0000][7][gc,age      ] GC(40) - age   9:      10856 bytes,    2773688 total
[2023-10-18T13:55:47.778+0000][7][gc,age      ] GC(40) - age  10:      21984 bytes,    2795672 total
[2023-10-18T13:55:47.778+0000][7][gc,age      ] GC(40) - age  11:     141680 bytes,    2937352 total
[2023-10-18T13:55:47.778+0000][7][gc,age      ] GC(40) - age  12:     330344 bytes,    3267696 total
[2023-10-18T13:55:47.778+0000][7][gc,age      ] GC(40) - age  13:     327184 bytes,    3594880 total
[2023-10-18T13:55:47.778+0000][7][gc,age      ] GC(40) - age  14:     253480 bytes,    3848360 total
[2023-10-18T13:55:47.778+0000][7][gc,age      ] GC(40) - age  15:     433728 bytes,    4282088 total
[2023-10-18T13:55:47.778+0000][7][gc,phases   ] GC(40)   Pre Evacuate Collection Set: 0.1ms
[2023-10-18T13:55:47.778+0000][7][gc,phases   ] GC(40)   Merge Heap Roots: 0.2ms
[2023-10-18T13:55:47.778+0000][7][gc,phases   ] GC(40)   Evacuate Collection Set: 2.9ms
[2023-10-18T13:55:47.778+0000][7][gc,phases   ] GC(40)   Post Evacuate Collection Set: 0.9ms
[2023-10-18T13:55:47.778+0000][7][gc,phases   ] GC(40)   Other: 0.4ms
[2023-10-18T13:55:47.778+0000][7][gc,heap     ] GC(40) Eden regions: 69->0(72)
[2023-10-18T13:55:47.778+0000][7][gc,heap     ] GC(40) Survivor regions: 4->2(10)
[2023-10-18T13:55:47.778+0000][7][gc,heap     ] GC(40) Old regions: 23->23
[2023-10-18T13:55:47.778+0000][7][gc,heap     ] GC(40) Archive regions: 2->2
[2023-10-18T13:55:47.778+0000][7][gc,heap     ] GC(40) Humongous regions: 5->5
[2023-10-18T13:55:47.778+0000][7][gc,metaspace] GC(40) Metaspace: 116260K(117952K)->116260K(117952K) NonClass: 100546K(101504K)->100546K(101504K) Class: 15713K(16448K)->15713K(16448K)
[2023-10-18T13:55:47.778+0000][7][gc          ] GC(40) Pause Young (Normal) (G1 Evacuation Pause) 402M->116M(512M) 4.625ms
[2023-10-18T13:55:47.778+0000][7][gc,cpu      ] GC(40) User=0.03s Sys=0.00s Real=0.01s
[2023-10-18T13:55:47.778+0000][7][safepoint   ] Safepoint "G1CollectForAllocation", Time since last: 840341415 ns, Reaching safepoint: 51258 ns, At safepoint: 4738920 ns, Total: 4790178 ns
[2023-10-18T13:55:48.778+0000][7][safepoint   ] Safepoint "Cleanup", Time since last: 1000070008 ns, Reaching safepoint: 35396 ns, At safepoint: 3815 ns, Total: 39211 ns
[2023-10-18T13:55:49.779+0000][7][safepoint   ] Safepoint "Cleanup", Time since last: 1000364330 ns, Reaching safepoint: 79285 ns, At safepoint: 5060 ns, Total: 84345 ns
[2023-10-18T13:55:50.779+0000][7][safepoint   ] Safepoint "Cleanup", Time since last: 1000142749 ns, Reaching safepoint: 62649 ns, At safepoint: 5824 ns, Total: 68473 ns
[2023-10-18T13:55:51.779+0000][7][safepoint   ] Safepoint "Cleanup", Time since last: 1000101071 ns, Reaching safepoint: 50915 ns, At safepoint: 5872 ns, Total: 56787 ns
[2023-10-18T13:55:52.780+0000][7][safepoint   ] Safepoint "Cleanup", Time since last: 1000141888 ns, Reaching safepoint: 95109 ns, At safepoint: 10598 ns, Total: 105707 ns
[2023-10-18T13:55:53.780+0000][7][safepoint   ] Safepoint "Cleanup", Time since last: 1000144741 ns, Reaching safepoint: 58411 ns, At safepoint: 4555 ns, Total: 62966 ns
[2023-10-18T13:55:54.780+0000][7][safepoint   ] Safepoint "Cleanup", Time since last: 1000109497 ns, Reaching safepoint: 55958 ns, At safepoint: 4120 ns, Total: 60078 ns
[2023-10-18T13:55:54.973+0000][7][gc,start    ] GC(41) Pause Young (Normal) (G1 Evacuation Pause)
[2023-10-18T13:55:54.973+0000][7][gc,task     ] GC(41) Using 8 workers of 8 for evacuation
[2023-10-18T13:55:54.973+0000][7][gc,age      ] GC(41) Desired survivor size 20971520 bytes, new threshold 15 (max threshold 15)
[2023-10-18T13:55:54.993+0000][7][gc,age      ] GC(41) Age table with threshold 15 (max threshold 15)
[2023-10-18T13:55:54.994+0000][7][gc,age      ] GC(41) - age   1:    1750312 bytes,    1750312 total
[2023-10-18T13:55:54.994+0000][7][gc,age      ] GC(41) - age   2:     623968 bytes,    2374280 total
[2023-10-18T13:55:54.994+0000][7][gc,age      ] GC(41) - age   3:     128664 bytes,    2502944 total
[2023-10-18T13:55:54.994+0000][7][gc,age      ] GC(41) - age   4:     542024 bytes,    3044968 total
[2023-10-18T13:55:54.994+0000][7][gc,age      ] GC(41) - age   5:      10040 bytes,    3055008 total
[2023-10-18T13:55:54.994+0000][7][gc,age      ] GC(41) - age   6:       7776 bytes,    3062784 total
[2023-10-18T13:55:54.994+0000][7][gc,age      ] GC(41) - age   7:       8376 bytes,    3071160 total
[2023-10-18T13:55:54.994+0000][7][gc,age      ] GC(41) - age   8:      39984 bytes,    3111144 total
[2023-10-18T13:55:54.994+0000][7][gc,age      ] GC(41) - age   9:      12104 bytes,    3123248 total
[2023-10-18T13:55:54.994+0000][7][gc,age      ] GC(41) - age  10:      10448 bytes,    3133696 total
[2023-10-18T13:55:54.994+0000][7][gc,age      ] GC(41) - age  11:      21984 bytes,    3155680 total
[2023-10-18T13:55:54.994+0000][7][gc,age      ] GC(41) - age  12:     141680 bytes,    3297360 total
[2023-10-18T13:55:54.994+0000][7][gc,age      ] GC(41) - age  13:     330312 bytes,    3627672 total
[2023-10-18T13:55:54.994+0000][7][gc,age      ] GC(41) - age  14:     327184 bytes,    3954856 total
[2023-10-18T13:55:54.994+0000][7][gc,age      ] GC(41) - age  15:     253480 bytes,    4208336 total
[2023-10-18T13:55:54.994+0000][7][gc,phases   ] GC(41)   Pre Evacuate Collection Set: 0.1ms
[2023-10-18T13:55:54.994+0000][7][gc,phases   ] GC(41)   Merge Heap Roots: 0.0ms
[2023-10-18T13:55:54.994+0000][7][gc,phases   ] GC(41)   Evacuate Collection Set: 19.6ms
[2023-10-18T13:55:54.994+0000][7][gc,phases   ] GC(41)   Post Evacuate Collection Set: 0.6ms
[2023-10-18T13:55:54.994+0000][7][gc,phases   ] GC(41)   Other: 0.3ms
[2023-10-18T13:55:54.994+0000][7][gc,heap     ] GC(41) Eden regions: 72->0(72)
[2023-10-18T13:55:54.994+0000][7][gc,heap     ] GC(41) Survivor regions: 2->2(10)
[2023-10-18T13:55:54.994+0000][7][gc,heap     ] GC(41) Old regions: 23->23
[2023-10-18T13:55:54.994+0000][7][gc,heap     ] GC(41) Archive regions: 2->2
[2023-10-18T13:55:54.994+0000][7][gc,heap     ] GC(41) Humongous regions: 5->5
[2023-10-18T13:55:54.994+0000][7][gc,metaspace] GC(41) Metaspace: 116337K(118016K)->116337K(118016K) NonClass: 100624K(101568K)->100624K(101568K) Class: 15713K(16448K)->15713K(16448K)
[2023-10-18T13:55:54.994+0000][7][gc          ] GC(41) Pause Young (Normal) (G1 Evacuation Pause) 404M->117M(512M) 20.759ms
[2023-10-18T13:55:54.994+0000][7][gc,cpu      ] GC(41) User=0.03s Sys=0.00s Real=0.02s
[2023-10-18T13:55:54.994+0000][7][safepoint   ] Safepoint "G1CollectForAllocation", Time since last: 192966128 ns, Reaching safepoint: 73165 ns, At safepoint: 20831632 ns, Total: 20904797 ns
[2023-10-18T13:55:55.994+0000][7][safepoint   ] Safepoint "Cleanup", Time since last: 1000141528 ns, Reaching safepoint: 68188 ns, At safepoint: 7011 ns, Total: 75199 ns
[2023-10-18T13:55:56.994+0000][7][safepoint   ] Safepoint "Cleanup", Time since last: 1000108156 ns, Reaching safepoint: 94610 ns, At safepoint: 6682 ns, Total: 101292 ns
[2023-10-18T13:55:57.994+0000][7][safepoint   ] Safepoint "Cleanup", Time since last: 1000103163 ns, Reaching safepoint: 85982 ns, At safepoint: 3782 ns, Total: 89764 ns
[2023-10-18T13:55:59.274+0000][7][safepoint   ] Safepoint "Cleanup", Time since last: 1279153138 ns, Reaching safepoint: 47562 ns, At safepoint: 4921 ns, Total: 52483 ns
[2023-10-18T13:56:00.274+0000][7][safepoint   ] Safepoint "Cleanup", Time since last: 1000154617 ns, Reaching safepoint: 281584 ns, At safepoint: 7860 ns, Total: 289444 ns
[2023-10-18T13:56:01.274+0000][7][safepoint   ] Safepoint "Cleanup", Time since last: 1000228734 ns, Reaching safepoint: 169200 ns, At safepoint: 8734 ns, Total: 177934 ns
[2023-10-18T13:56:03.275+0000][7][safepoint   ] Safepoint "Cleanup", Time since last: 2000225527 ns, Reaching safepoint: 52847 ns, At safepoint: 3070 ns, Total: 55917 ns
[2023-10-18T13:56:04.590+0000][7][gc,start    ] GC(42) Pause Young (Normal) (G1 Evacuation Pause)
[2023-10-18T13:56:04.590+0000][7][gc,task     ] GC(42) Using 8 workers of 8 for evacuation
[2023-10-18T13:56:04.590+0000][7][gc,age      ] GC(42) Desired survivor size 20971520 bytes, new threshold 15 (max threshold 15)
[2023-10-18T13:56:04.597+0000][7][gc,age      ] GC(42) Age table with threshold 15 (max threshold 15)
[2023-10-18T13:56:04.597+0000][7][gc,age      ] GC(42) - age   1:    1776232 bytes,    1776232 total
[2023-10-18T13:56:04.597+0000][7][gc,age      ] GC(42) - age   2:     644928 bytes,    2421160 total
[2023-10-18T13:56:04.597+0000][7][gc,age      ] GC(42) - age   3:     317552 bytes,    2738712 total
[2023-10-18T13:56:04.597+0000][7][gc,age      ] GC(42) - age   4:     127360 bytes,    2866072 total
[2023-10-18T13:56:04.597+0000][7][gc,age      ] GC(42) - age   5:     404336 bytes,    3270408 total
[2023-10-18T13:56:04.597+0000][7][gc,age      ] GC(42) - age   6:       8296 bytes,    3278704 total
[2023-10-18T13:56:04.597+0000][7][gc,age      ] GC(42) - age   7:       7456 bytes,    3286160 total
[2023-10-18T13:56:04.597+0000][7][gc,age      ] GC(42) - age   8:       8312 bytes,    3294472 total
[2023-10-18T13:56:04.597+0000][7][gc,age      ] GC(42) - age   9:      39920 bytes,    3334392 total
[2023-10-18T13:56:04.597+0000][7][gc,age      ] GC(42) - age  10:      12104 bytes,    3346496 total
[2023-10-18T13:56:04.597+0000][7][gc,age      ] GC(42) - age  11:      10448 bytes,    3356944 total
[2023-10-18T13:56:04.597+0000][7][gc,age      ] GC(42) - age  12:      21984 bytes,    3378928 total
[2023-10-18T13:56:04.597+0000][7][gc,age      ] GC(42) - age  13:     141456 bytes,    3520384 total
[2023-10-18T13:56:04.597+0000][7][gc,age      ] GC(42) - age  14:     330248 bytes,    3850632 total
[2023-10-18T13:56:04.597+0000][7][gc,age      ] GC(42) - age  15:     327184 bytes,    4177816 total
[2023-10-18T13:56:04.597+0000][7][gc,phases   ] GC(42)   Pre Evacuate Collection Set: 0.1ms
[2023-10-18T13:56:04.597+0000][7][gc,phases   ] GC(42)   Merge Heap Roots: 0.0ms
[2023-10-18T13:56:04.597+0000][7][gc,phases   ] GC(42)   Evacuate Collection Set: 6.6ms
[2023-10-18T13:56:04.597+0000][7][gc,phases   ] GC(42)   Post Evacuate Collection Set: 0.6ms
[2023-10-18T13:56:04.597+0000][7][gc,phases   ] GC(42)   Other: 0.3ms
[2023-10-18T13:56:04.597+0000][7][gc,heap     ] GC(42) Eden regions: 72->0(73)
[2023-10-18T13:56:04.597+0000][7][gc,heap     ] GC(42) Survivor regions: 2->2(10)
[2023-10-18T13:56:04.597+0000][7][gc,heap     ] GC(42) Old regions: 23->23
[2023-10-18T13:56:04.597+0000][7][gc,heap     ] GC(42) Archive regions: 2->2
[2023-10-18T13:56:04.597+0000][7][gc,heap     ] GC(42) Humongous regions: 5->5
[2023-10-18T13:56:04.597+0000][7][gc,metaspace] GC(42) Metaspace: 116392K(118080K)->116392K(118080K) NonClass: 100679K(101632K)->100679K(101632K) Class: 15713K(16448K)->15713K(16448K)
[2023-10-18T13:56:04.597+0000][7][gc          ] GC(42) Pause Young (Normal) (G1 Evacuation Pause) 405M->117M(512M) 7.647ms
[2023-10-18T13:56:04.597+0000][7][gc,cpu      ] GC(42) User=0.02s Sys=0.00s Real=0.01s
[2023-10-18T13:56:04.597+0000][7][safepoint   ] Safepoint "G1CollectForAllocation", Time since last: 1314701877 ns, Reaching safepoint: 55176 ns, At safepoint: 7732616 ns, Total: 7787792 ns
[2023-10-18T13:56:05.597+0000][7][safepoint   ] Safepoint "Cleanup", Time since last: 1000127685 ns, Reaching safepoint: 36668 ns, At safepoint: 25189 ns, Total: 61857 ns
[2023-10-18T13:56:06.598+0000][7][safepoint   ] Safepoint "Cleanup", Time since last: 1000133275 ns, Reaching safepoint: 76735 ns, At safepoint: 4653 ns, Total: 81388 ns
[2023-10-18T13:56:07.598+0000][7][safepoint   ] Safepoint "Cleanup", Time since last: 1000134043 ns, Reaching safepoint: 58969 ns, At safepoint: 6203 ns, Total: 65172 ns
[2023-10-18T13:56:09.598+0000][7][safepoint   ] Safepoint "Cleanup", Time since last: 2000195843 ns, Reaching safepoint: 140963 ns, At safepoint: 6373 ns, Total: 147336 ns
[2023-10-18T13:56:10.600+0000][7][safepoint   ] Safepoint "Cleanup", Time since last: 1001586512 ns, Reaching safepoint: 35386 ns, At safepoint: 25610 ns, Total: 60996 ns
[2023-10-18T13:56:12.600+0000][7][safepoint   ] Safepoint "Cleanup", Time since last: 2000444956 ns, Reaching safepoint: 35942 ns, At safepoint: 3643 ns, Total: 39585 ns
[2023-10-18T13:56:14.601+0000][7][safepoint   ] Safepoint "Cleanup", Time since last: 2000385498 ns, Reaching safepoint: 66044 ns, At safepoint: 6589 ns, Total: 72633 ns
[2023-10-18T13:56:15.601+0000][7][safepoint   ] Safepoint "Cleanup", Time since last: 1000125801 ns, Reaching safepoint: 110234 ns, At safepoint: 3888 ns, Total: 114122 ns
[2023-10-18T13:56:18.601+0000][7][safepoint   ] Safepoint "Cleanup", Time since last: 3000304608 ns, Reaching safepoint: 77785 ns, At safepoint: 6267 ns, Total: 84052 ns
[2023-10-18T13:56:20.602+0000][7][safepoint   ] Safepoint "Cleanup", Time since last: 2000453146 ns, Reaching safepoint: 72314 ns, At safepoint: 7263 ns, Total: 79577 ns
[2023-10-18T13:56:21.602+0000][7][safepoint   ] Safepoint "Cleanup", Time since last: 1000120499 ns, Reaching safepoint: 78544 ns, At safepoint: 7066 ns, Total: 85610 ns
[2023-10-18T13:56:22.603+0000][7][safepoint   ] Safepoint "Cleanup", Time since last: 1000346007 ns, Reaching safepoint: 84605 ns, At safepoint: 10172 ns, Total: 94777 ns
[2023-10-18T13:56:23.773+0000][7][gc,start    ] GC(43) Pause Young (Normal) (G1 Evacuation Pause)
[2023-10-18T13:56:23.773+0000][7][gc,task     ] GC(43) Using 8 workers of 8 for evacuation
[2023-10-18T13:56:23.773+0000][7][gc,age      ] GC(43) Desired survivor size 20971520 bytes, new threshold 15 (max threshold 15)
[2023-10-18T13:56:23.791+0000][7][gc,age      ] GC(43) Age table with threshold 15 (max threshold 15)
[2023-10-18T13:56:23.791+0000][7][gc,age      ] GC(43) - age   1:    1192352 bytes,    1192352 total
[2023-10-18T13:56:23.791+0000][7][gc,age      ] GC(43) - age   2:    1422712 bytes,    2615064 total
[2023-10-18T13:56:23.791+0000][7][gc,age      ] GC(43) - age   3:     596360 bytes,    3211424 total
[2023-10-18T13:56:23.791+0000][7][gc,age      ] GC(43) - age   4:     189032 bytes,    3400456 total
[2023-10-18T13:56:23.791+0000][7][gc,age      ] GC(43) - age   5:     126880 bytes,    3527336 total
[2023-10-18T13:56:23.791+0000][7][gc,age      ] GC(43) - age   6:     392808 bytes,    3920144 total
[2023-10-18T13:56:23.791+0000][7][gc,age      ] GC(43) - age   7:       7544 bytes,    3927688 total
[2023-10-18T13:56:23.791+0000][7][gc,age      ] GC(43) - age   8:       7128 bytes,    3934816 total
[2023-10-18T13:56:23.791+0000][7][gc,age      ] GC(43) - age   9:       8312 bytes,    3943128 total
[2023-10-18T13:56:23.791+0000][7][gc,age      ] GC(43) - age  10:      39608 bytes,    3982736 total
[2023-10-18T13:56:23.791+0000][7][gc,age      ] GC(43) - age  11:      11976 bytes,    3994712 total
[2023-10-18T13:56:23.791+0000][7][gc,age      ] GC(43) - age  12:      10448 bytes,    4005160 total
[2023-10-18T13:56:23.791+0000][7][gc,age      ] GC(43) - age  13:      21984 bytes,    4027144 total
[2023-10-18T13:56:23.791+0000][7][gc,age      ] GC(43) - age  14:     141456 bytes,    4168600 total
[2023-10-18T13:56:23.791+0000][7][gc,age      ] GC(43) - age  15:     330248 bytes,    4498848 total
[2023-10-18T13:56:23.791+0000][7][gc,phases   ] GC(43)   Pre Evacuate Collection Set: 0.1ms
[2023-10-18T13:56:23.791+0000][7][gc,phases   ] GC(43)   Merge Heap Roots: 0.0ms
[2023-10-18T13:56:23.791+0000][7][gc,phases   ] GC(43)   Evacuate Collection Set: 17.3ms
[2023-10-18T13:56:23.791+0000][7][gc,phases   ] GC(43)   Post Evacuate Collection Set: 0.6ms
[2023-10-18T13:56:23.791+0000][7][gc,phases   ] GC(43)   Other: 0.3ms
[2023-10-18T13:56:23.791+0000][7][gc,heap     ] GC(43) Eden regions: 73->0(73)
[2023-10-18T13:56:23.791+0000][7][gc,heap     ] GC(43) Survivor regions: 2->2(10)
[2023-10-18T13:56:23.791+0000][7][gc,heap     ] GC(43) Old regions: 23->23
[2023-10-18T13:56:23.791+0000][7][gc,heap     ] GC(43) Archive regions: 2->2
[2023-10-18T13:56:23.791+0000][7][gc,heap     ] GC(43) Humongous regions: 5->5
[2023-10-18T13:56:23.791+0000][7][gc,metaspace] GC(43) Metaspace: 116460K(118144K)->116460K(118144K) NonClass: 100747K(101696K)->100747K(101696K) Class: 15713K(16448K)->15713K(16448K)
[2023-10-18T13:56:23.791+0000][7][gc          ] GC(43) Pause Young (Normal) (G1 Evacuation Pause) 409M->118M(512M) 18.373ms
[2023-10-18T13:56:23.791+0000][7][gc,cpu      ] GC(43) User=0.03s Sys=0.01s Real=0.02s
[2023-10-18T13:56:23.791+0000][7][safepoint   ] Safepoint "G1CollectForAllocation", Time since last: 1170039891 ns, Reaching safepoint: 45268 ns, At safepoint: 18472731 ns, Total: 18517999 ns
[2023-10-18T13:56:24.791+0000][7][safepoint   ] Safepoint "Cleanup", Time since last: 1000201916 ns, Reaching safepoint: 53961 ns, At safepoint: 4167 ns, Total: 58128 ns
[2023-10-18T13:56:25.792+0000][7][safepoint   ] Safepoint "Cleanup", Time since last: 1000134191 ns, Reaching safepoint: 50070 ns, At safepoint: 4785 ns, Total: 54855 ns
[2023-10-18T13:56:26.792+0000][7][safepoint   ] Safepoint "Cleanup", Time since last: 1000188743 ns, Reaching safepoint: 189749 ns, At safepoint: 4498 ns, Total: 194247 ns
[2023-10-18T13:56:27.351+0000][7][safepoint   ] Safepoint "ICBufferFull", Time since last: 558905184 ns, Reaching safepoint: 202951 ns, At safepoint: 30288 ns, Total: 233239 ns
[2023-10-18T13:56:28.351+0000][7][safepoint   ] Safepoint "Cleanup", Time since last: 1000151035 ns, Reaching safepoint: 95884 ns, At safepoint: 6816 ns, Total: 102700 ns
[2023-10-18T13:56:29.352+0000][7][safepoint   ] Safepoint "Cleanup", Time since last: 1000351849 ns, Reaching safepoint: 33418 ns, At safepoint: 3397 ns, Total: 36815 ns
[2023-10-18T13:56:30.198+0000][7][gc,start    ] GC(44) Pause Young (Normal) (G1 Evacuation Pause)
[2023-10-18T13:56:30.198+0000][7][gc,task     ] GC(44) Using 8 workers of 8 for evacuation
[2023-10-18T13:56:30.198+0000][7][gc,age      ] GC(44) Desired survivor size 20971520 bytes, new threshold 15 (max threshold 15)
[2023-10-18T13:56:30.210+0000][7][gc,age      ] GC(44) Age table with threshold 15 (max threshold 15)
[2023-10-18T13:56:30.210+0000][7][gc,age      ] GC(44) - age   1:    3508864 bytes,    3508864 total
[2023-10-18T13:56:30.210+0000][7][gc,age      ] GC(44) - age   2:     485512 bytes,    3994376 total
[2023-10-18T13:56:30.210+0000][7][gc,age      ] GC(44) - age   3:     148416 bytes,    4142792 total
[2023-10-18T13:56:30.210+0000][7][gc,age      ] GC(44) - age   4:     118168 bytes,    4260960 total
[2023-10-18T13:56:30.210+0000][7][gc,age      ] GC(44) - age   5:     188240 bytes,    4449200 total
[2023-10-18T13:56:30.210+0000][7][gc,age      ] GC(44) - age   6:     126768 bytes,    4575968 total
[2023-10-18T13:56:30.210+0000][7][gc,age      ] GC(44) - age   7:     237320 bytes,    4813288 total
[2023-10-18T13:56:30.210+0000][7][gc,age      ] GC(44) - age   8:       7544 bytes,    4820832 total
[2023-10-18T13:56:30.210+0000][7][gc,age      ] GC(44) - age   9:       7128 bytes,    4827960 total
[2023-10-18T13:56:30.210+0000][7][gc,age      ] GC(44) - age  10:       8312 bytes,    4836272 total
[2023-10-18T13:56:30.210+0000][7][gc,age      ] GC(44) - age  11:      39608 bytes,    4875880 total
[2023-10-18T13:56:30.210+0000][7][gc,age      ] GC(44) - age  12:      11976 bytes,    4887856 total
[2023-10-18T13:56:30.210+0000][7][gc,age      ] GC(44) - age  13:      10368 bytes,    4898224 total
[2023-10-18T13:56:30.210+0000][7][gc,age      ] GC(44) - age  14:      21984 bytes,    4920208 total
[2023-10-18T13:56:30.210+0000][7][gc,age      ] GC(44) - age  15:     124360 bytes,    5044568 total
[2023-10-18T13:56:30.210+0000][7][gc,phases   ] GC(44)   Pre Evacuate Collection Set: 0.1ms
[2023-10-18T13:56:30.210+0000][7][gc,phases   ] GC(44)   Merge Heap Roots: 0.0ms
[2023-10-18T13:56:30.210+0000][7][gc,phases   ] GC(44)   Evacuate Collection Set: 11.3ms
[2023-10-18T13:56:30.211+0000][7][gc,phases   ] GC(44)   Post Evacuate Collection Set: 0.7ms
[2023-10-18T13:56:30.211+0000][7][gc,phases   ] GC(44)   Other: 0.3ms
[2023-10-18T13:56:30.211+0000][7][gc,heap     ] GC(44) Eden regions: 73->0(73)
[2023-10-18T13:56:30.211+0000][7][gc,heap     ] GC(44) Survivor regions: 2->2(10)
[2023-10-18T13:56:30.211+0000][7][gc,heap     ] GC(44) Old regions: 23->23
[2023-10-18T13:56:30.211+0000][7][gc,heap     ] GC(44) Archive regions: 2->2
[2023-10-18T13:56:30.211+0000][7][gc,heap     ] GC(44) Humongous regions: 5->5
[2023-10-18T13:56:30.211+0000][7][gc,metaspace] GC(44) Metaspace: 116821K(118464K)->116821K(118464K) NonClass: 101080K(102016K)->101080K(102016K) Class: 15740K(16448K)->15740K(16448K)
[2023-10-18T13:56:30.211+0000][7][gc          ] GC(44) Pause Young (Normal) (G1 Evacuation Pause) 410M->119M(512M) 12.459ms
[2023-10-18T13:56:30.211+0000][7][gc,cpu      ] GC(44) User=0.02s Sys=0.00s Real=0.01s
[2023-10-18T13:56:30.211+0000][7][safepoint   ] Safepoint "G1CollectForAllocation", Time since last: 846242688 ns, Reaching safepoint: 90499 ns, At safepoint: 12551748 ns, Total: 12642247 ns
[2023-10-18T13:56:31.211+0000][7][safepoint   ] Safepoint "Cleanup", Time since last: 1000117697 ns, Reaching safepoint: 92647 ns, At safepoint: 4759 ns, Total: 97406 ns
[2023-10-18T13:56:33.211+0000][7][safepoint   ] Safepoint "Cleanup", Time since last: 2000245756 ns, Reaching safepoint: 133850 ns, At safepoint: 5949 ns, Total: 139799 ns
[2023-10-18T13:56:34.211+0000][7][safepoint   ] Safepoint "Cleanup", Time since last: 1000097734 ns, Reaching safepoint: 91241 ns, At safepoint: 7200 ns, Total: 98441 ns
[2023-10-18T13:56:35.212+0000][7][safepoint   ] Safepoint "Cleanup", Time since last: 1000126953 ns, Reaching safepoint: 85348 ns, At safepoint: 8561 ns, Total: 93909 ns
[2023-10-18T13:56:36.212+0000][7][safepoint   ] Safepoint "Cleanup", Time since last: 1000112705 ns, Reaching safepoint: 80241 ns, At safepoint: 9820 ns, Total: 90061 ns
[2023-10-18T13:56:36.929+0000][7][gc,start    ] GC(45) Pause Young (Normal) (G1 Evacuation Pause)
[2023-10-18T13:56:36.929+0000][7][gc,task     ] GC(45) Using 8 workers of 8 for evacuation
[2023-10-18T13:56:36.929+0000][7][gc,age      ] GC(45) Desired survivor size 20971520 bytes, new threshold 15 (max threshold 15)
[2023-10-18T13:56:36.932+0000][7][gc,age      ] GC(45) Age table with threshold 15 (max threshold 15)
[2023-10-18T13:56:36.932+0000][7][gc,age      ] GC(45) - age   1:    1315488 bytes,    1315488 total
[2023-10-18T13:56:36.932+0000][7][gc,age      ] GC(45) - age   2:    1536760 bytes,    2852248 total
[2023-10-18T13:56:36.932+0000][7][gc,age      ] GC(45) - age   3:     157176 bytes,    3009424 total
[2023-10-18T13:56:36.932+0000][7][gc,age      ] GC(45) - age   4:       2280 bytes,    3011704 total
[2023-10-18T13:56:36.932+0000][7][gc,age      ] GC(45) - age   5:     117400 bytes,    3129104 total
[2023-10-18T13:56:36.932+0000][7][gc,age      ] GC(45) - age   6:     187264 bytes,    3316368 total
[2023-10-18T13:56:36.932+0000][7][gc,age      ] GC(45) - age   7:     126704 bytes,    3443072 total
[2023-10-18T13:56:36.932+0000][7][gc,age      ] GC(45) - age   8:     237128 bytes,    3680200 total
[2023-10-18T13:56:36.932+0000][7][gc,age      ] GC(45) - age   9:       7544 bytes,    3687744 total
[2023-10-18T13:56:36.932+0000][7][gc,age      ] GC(45) - age  10:       7064 bytes,    3694808 total
[2023-10-18T13:56:36.932+0000][7][gc,age      ] GC(45) - age  11:       8312 bytes,    3703120 total
[2023-10-18T13:56:36.932+0000][7][gc,age      ] GC(45) - age  12:      39608 bytes,    3742728 total
[2023-10-18T13:56:36.932+0000][7][gc,age      ] GC(45) - age  13:      11976 bytes,    3754704 total
[2023-10-18T13:56:36.932+0000][7][gc,age      ] GC(45) - age  14:      10368 bytes,    3765072 total
[2023-10-18T13:56:36.932+0000][7][gc,age      ] GC(45) - age  15:      21984 bytes,    3787056 total
[2023-10-18T13:56:36.932+0000][7][gc,phases   ] GC(45)   Pre Evacuate Collection Set: 0.1ms
[2023-10-18T13:56:36.932+0000][7][gc,phases   ] GC(45)   Merge Heap Roots: 0.0ms
[2023-10-18T13:56:36.932+0000][7][gc,phases   ] GC(45)   Evacuate Collection Set: 2.2ms
[2023-10-18T13:56:36.932+0000][7][gc,phases   ] GC(45)   Post Evacuate Collection Set: 0.5ms
[2023-10-18T13:56:36.932+0000][7][gc,phases   ] GC(45)   Other: 0.3ms
[2023-10-18T13:56:36.932+0000][7][gc,heap     ] GC(45) Eden regions: 73->0(74)
[2023-10-18T13:56:36.932+0000][7][gc,heap     ] GC(45) Survivor regions: 2->1(10)
[2023-10-18T13:56:36.932+0000][7][gc,heap     ] GC(45) Old regions: 23->23
[2023-10-18T13:56:36.932+0000][7][gc,heap     ] GC(45) Archive regions: 2->2
[2023-10-18T13:56:36.932+0000][7][gc,heap     ] GC(45) Humongous regions: 5->5
[2023-10-18T13:56:36.932+0000][7][gc,metaspace] GC(45) Metaspace: 116848K(118528K)->116848K(118528K) NonClass: 101108K(102080K)->101108K(102080K) Class: 15740K(16448K)->15740K(16448K)
[2023-10-18T13:56:36.932+0000][7][gc          ] GC(45) Pause Young (Normal) (G1 Evacuation Pause) 410M->117M(512M) 3.165ms
[2023-10-18T13:56:36.932+0000][7][gc,cpu      ] GC(45) User=0.02s Sys=0.00s Real=0.00s
[2023-10-18T13:56:36.932+0000][7][safepoint   ] Safepoint "G1CollectForAllocation", Time since last: 716860733 ns, Reaching safepoint: 117250 ns, At safepoint: 3261921 ns, Total: 3379171 ns
[2023-10-18T13:56:37.932+0000][7][safepoint   ] Safepoint "Cleanup", Time since last: 1000301491 ns, Reaching safepoint: 64617 ns, At safepoint: 27184 ns, Total: 91801 ns
[2023-10-18T13:56:38.933+0000][7][safepoint   ] Safepoint "Cleanup", Time since last: 1000124053 ns, Reaching safepoint: 89545 ns, At safepoint: 5877 ns, Total: 95422 ns
[2023-10-18T13:56:39.933+0000][7][safepoint   ] Safepoint "Cleanup", Time since last: 1000270284 ns, Reaching safepoint: 47333 ns, At safepoint: 5867 ns, Total: 53200 ns
[2023-10-18T13:56:41.934+0000][7][safepoint   ] Safepoint "Cleanup", Time since last: 2000425800 ns, Reaching safepoint: 80392 ns, At safepoint: 4735 ns, Total: 85127 ns
[2023-10-18T13:56:42.934+0000][7][safepoint   ] Safepoint "Cleanup", Time since last: 1000105741 ns, Reaching safepoint: 91812 ns, At safepoint: 7654 ns, Total: 99466 ns
[2023-10-18T13:56:44.545+0000][7][gc,start    ] GC(46) Pause Young (Normal) (G1 Evacuation Pause)
[2023-10-18T13:56:44.545+0000][7][gc,task     ] GC(46) Using 8 workers of 8 for evacuation
[2023-10-18T13:56:44.546+0000][7][gc,age      ] GC(46) Desired survivor size 20971520 bytes, new threshold 15 (max threshold 15)
[2023-10-18T13:56:44.549+0000][7][gc,age      ] GC(46) Age table with threshold 15 (max threshold 15)
[2023-10-18T13:56:44.550+0000][7][gc,age      ] GC(46) - age   1:    1781520 bytes,    1781520 total
[2023-10-18T13:56:44.550+0000][7][gc,age      ] GC(46) - age   2:     752800 bytes,    2534320 total
[2023-10-18T13:56:44.550+0000][7][gc,age      ] GC(46) - age   3:    1535288 bytes,    4069608 total
[2023-10-18T13:56:44.550+0000][7][gc,age      ] GC(46) - age   4:     155136 bytes,    4224744 total
[2023-10-18T13:56:44.550+0000][7][gc,age      ] GC(46) - age   5:       1928 bytes,    4226672 total
[2023-10-18T13:56:44.550+0000][7][gc,age      ] GC(46) - age   6:     116992 bytes,    4343664 total
[2023-10-18T13:56:44.550+0000][7][gc,age      ] GC(46) - age   7:     187264 bytes,    4530928 total
[2023-10-18T13:56:44.550+0000][7][gc,age      ] GC(46) - age   8:     126704 bytes,    4657632 total
[2023-10-18T13:56:44.550+0000][7][gc,age      ] GC(46) - age   9:     237128 bytes,    4894760 total
[2023-10-18T13:56:44.550+0000][7][gc,age      ] GC(46) - age  10:       7544 bytes,    4902304 total
[2023-10-18T13:56:44.550+0000][7][gc,age      ] GC(46) - age  11:       7064 bytes,    4909368 total
[2023-10-18T13:56:44.550+0000][7][gc,age      ] GC(46) - age  12:       8312 bytes,    4917680 total
[2023-10-18T13:56:44.550+0000][7][gc,age      ] GC(46) - age  13:      39608 bytes,    4957288 total
[2023-10-18T13:56:44.550+0000][7][gc,age      ] GC(46) - age  14:      11976 bytes,    4969264 total
[2023-10-18T13:56:44.550+0000][7][gc,age      ] GC(46) - age  15:      10368 bytes,    4979632 total
[2023-10-18T13:56:44.550+0000][7][gc,phases   ] GC(46)   Pre Evacuate Collection Set: 0.1ms
[2023-10-18T13:56:44.550+0000][7][gc,phases   ] GC(46)   Merge Heap Roots: 0.1ms
[2023-10-18T13:56:44.550+0000][7][gc,phases   ] GC(46)   Evacuate Collection Set: 3.1ms
[2023-10-18T13:56:44.550+0000][7][gc,phases   ] GC(46)   Post Evacuate Collection Set: 0.7ms
[2023-10-18T13:56:44.550+0000][7][gc,phases   ] GC(46)   Other: 0.4ms
[2023-10-18T13:56:44.550+0000][7][gc,heap     ] GC(46) Eden regions: 74->0(73)
[2023-10-18T13:56:44.550+0000][7][gc,heap     ] GC(46) Survivor regions: 1->2(10)
[2023-10-18T13:56:44.550+0000][7][gc,heap     ] GC(46) Old regions: 23->23
[2023-10-18T13:56:44.550+0000][7][gc,heap     ] GC(46) Archive regions: 2->2
[2023-10-18T13:56:44.550+0000][7][gc,heap     ] GC(46) Humongous regions: 5->5
[2023-10-18T13:56:44.550+0000][7][gc,metaspace] GC(46) Metaspace: 116899K(118592K)->116899K(118592K) NonClass: 101159K(102144K)->101159K(102144K) Class: 15740K(16448K)->15740K(16448K)
[2023-10-18T13:56:44.550+0000][7][gc          ] GC(46) Pause Young (Normal) (G1 Evacuation Pause) 413M->118M(512M) 4.401ms
[2023-10-18T13:56:44.550+0000][7][gc,cpu      ] GC(46) User=0.02s Sys=0.01s Real=0.01s
[2023-10-18T13:56:44.550+0000][7][safepoint   ] Safepoint "G1CollectForAllocation", Time since last: 1611421735 ns, Reaching safepoint: 148658 ns, At safepoint: 4514113 ns, Total: 4662771 ns
[2023-10-18T13:56:45.550+0000][7][safepoint   ] Safepoint "Cleanup", Time since last: 1000309781 ns, Reaching safepoint: 82792 ns, At safepoint: 6477 ns, Total: 89269 ns
[2023-10-18T13:56:46.550+0000][7][safepoint   ] Safepoint "Cleanup", Time since last: 1000125268 ns, Reaching safepoint: 131183 ns, At safepoint: 6070 ns, Total: 137253 ns
[2023-10-18T13:56:47.551+0000][7][safepoint   ] Safepoint "Cleanup", Time since last: 1000136946 ns, Reaching safepoint: 109017 ns, At safepoint: 6753 ns, Total: 115770 ns
[2023-10-18T13:56:48.551+0000][7][safepoint   ] Safepoint "Cleanup", Time since last: 1000307111 ns, Reaching safepoint: 142328 ns, At safepoint: 8131 ns, Total: 150459 ns
[2023-10-18T13:56:50.552+0000][7][safepoint   ] Safepoint "Cleanup", Time since last: 2000334583 ns, Reaching safepoint: 73693 ns, At safepoint: 9499 ns, Total: 83192 ns
[2023-10-18T13:56:51.552+0000][7][safepoint   ] Safepoint "Cleanup", Time since last: 1000183521 ns, Reaching safepoint: 73878 ns, At safepoint: 4755 ns, Total: 78633 ns
[2023-10-18T13:56:52.072+0000][7][gc,start    ] GC(47) Pause Young (Normal) (G1 Evacuation Pause)
[2023-10-18T13:56:52.072+0000][7][gc,task     ] GC(47) Using 8 workers of 8 for evacuation
[2023-10-18T13:56:52.072+0000][7][gc,age      ] GC(47) Desired survivor size 20971520 bytes, new threshold 15 (max threshold 15)
[2023-10-18T13:56:52.075+0000][7][gc,age      ] GC(47) Age table with threshold 15 (max threshold 15)
[2023-10-18T13:56:52.075+0000][7][gc,age      ] GC(47) - age   1:    2102424 bytes,    2102424 total
[2023-10-18T13:56:52.075+0000][7][gc,age      ] GC(47) - age   2:      24352 bytes,    2126776 total
[2023-10-18T13:56:52.075+0000][7][gc,age      ] GC(47) - age   3:     243552 bytes,    2370328 total
[2023-10-18T13:56:52.075+0000][7][gc,age      ] GC(47) - age   4:    1424272 bytes,    3794600 total
[2023-10-18T13:56:52.075+0000][7][gc,age      ] GC(47) - age   5:       3536 bytes,    3798136 total
[2023-10-18T13:56:52.075+0000][7][gc,age      ] GC(47) - age   6:       1264 bytes,    3799400 total
[2023-10-18T13:56:52.075+0000][7][gc,age      ] GC(47) - age   7:     116616 bytes,    3916016 total
[2023-10-18T13:56:52.075+0000][7][gc,age      ] GC(47) - age   8:     186344 bytes,    4102360 total
[2023-10-18T13:56:52.075+0000][7][gc,age      ] GC(47) - age   9:     126584 bytes,    4228944 total
[2023-10-18T13:56:52.075+0000][7][gc,age      ] GC(47) - age  10:     237064 bytes,    4466008 total
[2023-10-18T13:56:52.075+0000][7][gc,age      ] GC(47) - age  11:       7168 bytes,    4473176 total
[2023-10-18T13:56:52.075+0000][7][gc,age      ] GC(47) - age  12:       7064 bytes,    4480240 total
[2023-10-18T13:56:52.075+0000][7][gc,age      ] GC(47) - age  13:       8280 bytes,    4488520 total
[2023-10-18T13:56:52.075+0000][7][gc,age      ] GC(47) - age  14:      39000 bytes,    4527520 total
[2023-10-18T13:56:52.075+0000][7][gc,age      ] GC(47) - age  15:      11976 bytes,    4539496 total
[2023-10-18T13:56:52.075+0000][7][gc,phases   ] GC(47)   Pre Evacuate Collection Set: 0.1ms
[2023-10-18T13:56:52.075+0000][7][gc,phases   ] GC(47)   Merge Heap Roots: 0.0ms
[2023-10-18T13:56:52.075+0000][7][gc,phases   ] GC(47)   Evacuate Collection Set: 2.5ms
[2023-10-18T13:56:52.075+0000][7][gc,phases   ] GC(47)   Post Evacuate Collection Set: 0.6ms
[2023-10-18T13:56:52.075+0000][7][gc,phases   ] GC(47)   Other: 0.3ms
[2023-10-18T13:56:52.075+0000][7][gc,heap     ] GC(47) Eden regions: 73->0(73)
[2023-10-18T13:56:52.075+0000][7][gc,heap     ] GC(47) Survivor regions: 2->2(10)
[2023-10-18T13:56:52.075+0000][7][gc,heap     ] GC(47) Old regions: 23->23
[2023-10-18T13:56:52.075+0000][7][gc,heap     ] GC(47) Archive regions: 2->2
[2023-10-18T13:56:52.075+0000][7][gc,heap     ] GC(47) Humongous regions: 5->5
[2023-10-18T13:56:52.075+0000][7][gc,metaspace] GC(47) Metaspace: 116946K(118656K)->116946K(118656K) NonClass: 101205K(102208K)->101205K(102208K) Class: 15740K(16448K)->15740K(16448K)
[2023-10-18T13:56:52.075+0000][7][gc          ] GC(47) Pause Young (Normal) (G1 Evacuation Pause) 410M->118M(512M) 3.597ms
[2023-10-18T13:56:52.075+0000][7][gc,cpu      ] GC(47) User=0.02s Sys=0.00s Real=0.00s
[2023-10-18T13:56:52.075+0000][7][safepoint   ] Safepoint "G1CollectForAllocation", Time since last: 519608600 ns, Reaching safepoint: 45780 ns, At safepoint: 3705928 ns, Total: 3751708 ns
[2023-10-18T13:56:53.076+0000][7][safepoint   ] Safepoint "Cleanup", Time since last: 1000228020 ns, Reaching safepoint: 173631 ns, At safepoint: 3525 ns, Total: 177156 ns
[2023-10-18T13:56:54.076+0000][7][safepoint   ] Safepoint "Cleanup", Time since last: 1000225515 ns, Reaching safepoint: 54632 ns, At safepoint: 5195 ns, Total: 59827 ns
[2023-10-18T13:56:55.076+0000][7][safepoint   ] Safepoint "Cleanup", Time since last: 1000179074 ns, Reaching safepoint: 94569 ns, At safepoint: 26764 ns, Total: 121333 ns
[2023-10-18T13:56:56.076+0000][7][safepoint   ] Safepoint "Cleanup", Time since last: 1000113273 ns, Reaching safepoint: 86632 ns, At safepoint: 28511 ns, Total: 115143 ns
[2023-10-18T13:56:57.077+0000][7][safepoint   ] Safepoint "Cleanup", Time since last: 1000323779 ns, Reaching safepoint: 72256 ns, At safepoint: 6472 ns, Total: 78728 ns
[2023-10-18T13:56:58.077+0000][7][safepoint   ] Safepoint "Cleanup", Time since last: 1000331808 ns, Reaching safepoint: 72770 ns, At safepoint: 6665 ns, Total: 79435 ns
[2023-10-18T13:56:59.402+0000][7][gc,start    ] GC(48) Pause Young (Normal) (G1 Evacuation Pause)
[2023-10-18T13:56:59.402+0000][7][gc,task     ] GC(48) Using 8 workers of 8 for evacuation
[2023-10-18T13:56:59.402+0000][7][gc,age      ] GC(48) Desired survivor size 20971520 bytes, new threshold 15 (max threshold 15)
[2023-10-18T13:56:59.405+0000][7][gc,age      ] GC(48) Age table with threshold 15 (max threshold 15)
[2023-10-18T13:56:59.405+0000][7][gc,age      ] GC(48) - age   1:    1843288 bytes,    1843288 total
[2023-10-18T13:56:59.405+0000][7][gc,age      ] GC(48) - age   2:     773160 bytes,    2616448 total
[2023-10-18T13:56:59.405+0000][7][gc,age      ] GC(48) - age   3:      19632 bytes,    2636080 total
[2023-10-18T13:56:59.405+0000][7][gc,age      ] GC(48) - age   4:     242216 bytes,    2878296 total
[2023-10-18T13:56:59.405+0000][7][gc,age      ] GC(48) - age   5:    1423984 bytes,    4302280 total
[2023-10-18T13:56:59.405+0000][7][gc,age      ] GC(48) - age   6:       3248 bytes,    4305528 total
[2023-10-18T13:56:59.405+0000][7][gc,age      ] GC(48) - age   7:       1200 bytes,    4306728 total
[2023-10-18T13:56:59.405+0000][7][gc,age      ] GC(48) - age   8:     116616 bytes,    4423344 total
[2023-10-18T13:56:59.405+0000][7][gc,age      ] GC(48) - age   9:     186344 bytes,    4609688 total
[2023-10-18T13:56:59.405+0000][7][gc,age      ] GC(48) - age  10:     126584 bytes,    4736272 total
[2023-10-18T13:56:59.405+0000][7][gc,age      ] GC(48) - age  11:     237064 bytes,    4973336 total
[2023-10-18T13:56:59.405+0000][7][gc,age      ] GC(48) - age  12:       7168 bytes,    4980504 total
[2023-10-18T13:56:59.405+0000][7][gc,age      ] GC(48) - age  13:       7064 bytes,    4987568 total
[2023-10-18T13:56:59.405+0000][7][gc,age      ] GC(48) - age  14:       8280 bytes,    4995848 total
[2023-10-18T13:56:59.405+0000][7][gc,age      ] GC(48) - age  15:      39000 bytes,    5034848 total
[2023-10-18T13:56:59.405+0000][7][gc,phases   ] GC(48)   Pre Evacuate Collection Set: 0.1ms
[2023-10-18T13:56:59.405+0000][7][gc,phases   ] GC(48)   Merge Heap Roots: 0.0ms
[2023-10-18T13:56:59.405+0000][7][gc,phases   ] GC(48)   Evacuate Collection Set: 2.0ms
[2023-10-18T13:56:59.405+0000][7][gc,phases   ] GC(48)   Post Evacuate Collection Set: 0.5ms
[2023-10-18T13:56:59.405+0000][7][gc,phases   ] GC(48)   Other: 0.3ms
[2023-10-18T13:56:59.405+0000][7][gc,heap     ] GC(48) Eden regions: 73->0(73)
[2023-10-18T13:56:59.405+0000][7][gc,heap     ] GC(48) Survivor regions: 2->2(10)
[2023-10-18T13:56:59.405+0000][7][gc,heap     ] GC(48) Old regions: 23->23
[2023-10-18T13:56:59.405+0000][7][gc,heap     ] GC(48) Archive regions: 2->2
[2023-10-18T13:56:59.405+0000][7][gc,heap     ] GC(48) Humongous regions: 5->5
[2023-10-18T13:56:59.405+0000][7][gc,metaspace] GC(48) Metaspace: 116960K(118656K)->116960K(118656K) NonClass: 101220K(102208K)->101220K(102208K) Class: 15740K(16448K)->15740K(16448K)
[2023-10-18T13:56:59.405+0000][7][gc          ] GC(48) Pause Young (Normal) (G1 Evacuation Pause) 410M->119M(512M) 3.066ms
[2023-10-18T13:56:59.405+0000][7][gc,cpu      ] GC(48) User=0.01s Sys=0.00s Real=0.00s
[2023-10-18T13:56:59.405+0000][7][safepoint   ] Safepoint "G1CollectForAllocation", Time since last: 1324998428 ns, Reaching safepoint: 28004 ns, At safepoint: 3177183 ns, Total: 3205187 ns
[2023-10-18T13:57:00.406+0000][7][safepoint   ] Safepoint "Cleanup", Time since last: 1000104625 ns, Reaching safepoint: 81522 ns, At safepoint: 20018 ns, Total: 101540 ns
[2023-10-18T13:57:01.406+0000][7][safepoint   ] Safepoint "Cleanup", Time since last: 1000153307 ns, Reaching safepoint: 71156 ns, At safepoint: 3437 ns, Total: 74593 ns
[2023-10-18T13:57:02.406+0000][7][safepoint   ] Safepoint "Cleanup", Time since last: 1000122840 ns, Reaching safepoint: 212788 ns, At safepoint: 15269 ns, Total: 228057 ns
[2023-10-18T13:57:03.407+0000][7][safepoint   ] Safepoint "Cleanup", Time since last: 1000140839 ns, Reaching safepoint: 97394 ns, At safepoint: 7270 ns, Total: 104664 ns
[2023-10-18T13:57:05.407+0000][7][safepoint   ] Safepoint "Cleanup", Time since last: 2000170835 ns, Reaching safepoint: 66920 ns, At safepoint: 5855 ns, Total: 72775 ns
[2023-10-18T13:57:05.791+0000][7][gc,start    ] GC(49) Pause Young (Normal) (G1 Evacuation Pause)
[2023-10-18T13:57:05.791+0000][7][gc,task     ] GC(49) Using 8 workers of 8 for evacuation
[2023-10-18T13:57:05.791+0000][7][gc,age      ] GC(49) Desired survivor size 20971520 bytes, new threshold 15 (max threshold 15)
[2023-10-18T13:57:05.793+0000][7][gc,age      ] GC(49) Age table with threshold 15 (max threshold 15)
[2023-10-18T13:57:05.793+0000][7][gc,age      ] GC(49) - age   1:    1852568 bytes,    1852568 total
[2023-10-18T13:57:05.793+0000][7][gc,age      ] GC(49) - age   2:     481304 bytes,    2333872 total
[2023-10-18T13:57:05.793+0000][7][gc,age      ] GC(49) - age   3:     213328 bytes,    2547200 total
[2023-10-18T13:57:05.793+0000][7][gc,age      ] GC(49) - age   4:      19152 bytes,    2566352 total
[2023-10-18T13:57:05.794+0000][7][gc,age      ] GC(49) - age   5:     141672 bytes,    2708024 total
[2023-10-18T13:57:05.794+0000][7][gc,age      ] GC(49) - age   6:    1222616 bytes,    3930640 total
[2023-10-18T13:57:05.794+0000][7][gc,age      ] GC(49) - age   7:       3184 bytes,    3933824 total
[2023-10-18T13:57:05.794+0000][7][gc,age      ] GC(49) - age   8:        752 bytes,    3934576 total
[2023-10-18T13:57:05.794+0000][7][gc,age      ] GC(49) - age   9:      39744 bytes,    3974320 total
[2023-10-18T13:57:05.794+0000][7][gc,age      ] GC(49) - age  10:       2160 bytes,    3976480 total
[2023-10-18T13:57:05.794+0000][7][gc,age      ] GC(49) - age  11:     126584 bytes,    4103064 total
[2023-10-18T13:57:05.794+0000][7][gc,age      ] GC(49) - age  12:     236184 bytes,    4339248 total
[2023-10-18T13:57:05.794+0000][7][gc,age      ] GC(49) - age  13:       7168 bytes,    4346416 total
[2023-10-18T13:57:05.794+0000][7][gc,age      ] GC(49) - age  14:       7064 bytes,    4353480 total
[2023-10-18T13:57:05.794+0000][7][gc,age      ] GC(49) - age  15:       8280 bytes,    4361760 total
[2023-10-18T13:57:05.794+0000][7][gc,phases   ] GC(49)   Pre Evacuate Collection Set: 0.1ms
[2023-10-18T13:57:05.794+0000][7][gc,phases   ] GC(49)   Merge Heap Roots: 0.0ms
[2023-10-18T13:57:05.794+0000][7][gc,phases   ] GC(49)   Evacuate Collection Set: 2.0ms
[2023-10-18T13:57:05.794+0000][7][gc,phases   ] GC(49)   Post Evacuate Collection Set: 0.5ms
[2023-10-18T13:57:05.794+0000][7][gc,phases   ] GC(49)   Other: 0.3ms
[2023-10-18T13:57:05.794+0000][7][gc,heap     ] GC(49) Eden regions: 73->0(73)
[2023-10-18T13:57:05.794+0000][7][gc,heap     ] GC(49) Survivor regions: 2->2(10)
[2023-10-18T13:57:05.794+0000][7][gc,heap     ] GC(49) Old regions: 23->23
[2023-10-18T13:57:05.794+0000][7][gc,heap     ] GC(49) Archive regions: 2->2
[2023-10-18T13:57:05.794+0000][7][gc,heap     ] GC(49) Humongous regions: 5->5
[2023-10-18T13:57:05.794+0000][7][gc,metaspace] GC(49) Metaspace: 116995K(118720K)->116995K(118720K) NonClass: 101254K(102272K)->101254K(102272K) Class: 15740K(16448K)->15740K(16448K)
[2023-10-18T13:57:05.794+0000][7][gc          ] GC(49) Pause Young (Normal) (G1 Evacuation Pause) 411M->118M(512M) 3.094ms
[2023-10-18T13:57:05.794+0000][7][gc,cpu      ] GC(49) User=0.02s Sys=0.00s Real=0.00s
[2023-10-18T13:57:05.794+0000][7][safepoint   ] Safepoint "G1CollectForAllocation", Time since last: 383776617 ns, Reaching safepoint: 87922 ns, At safepoint: 3207535 ns, Total: 3295457 ns
[2023-10-18T13:57:07.563+0000][7][safepoint   ] Safepoint "Cleanup", Time since last: 1768610872 ns, Reaching safepoint: 150217 ns, At safepoint: 7354 ns, Total: 157571 ns
[2023-10-18T13:57:09.224+0000][7][safepoint   ] Safepoint "Cleanup", Time since last: 1661558210 ns, Reaching safepoint: 241909 ns, At safepoint: 6307 ns, Total: 248216 ns
[2023-10-18T13:57:10.959+0000][7][safepoint   ] Safepoint "Cleanup", Time since last: 1734841793 ns, Reaching safepoint: 85631 ns, At safepoint: 3416 ns, Total: 89047 ns
[2023-10-18T13:57:11.523+0000][7][gc,start    ] GC(50) Pause Young (Normal) (G1 Evacuation Pause)
[2023-10-18T13:57:11.523+0000][7][gc,task     ] GC(50) Using 8 workers of 8 for evacuation
[2023-10-18T13:57:11.524+0000][7][gc,age      ] GC(50) Desired survivor size 20971520 bytes, new threshold 15 (max threshold 15)
[2023-10-18T13:57:11.527+0000][7][gc,age      ] GC(50) Age table with threshold 15 (max threshold 15)
[2023-10-18T13:57:11.527+0000][7][gc,age      ] GC(50) - age   1:    1923176 bytes,    1923176 total
[2023-10-18T13:57:11.527+0000][7][gc,age      ] GC(50) - age   2:     638256 bytes,    2561432 total
[2023-10-18T13:57:11.527+0000][7][gc,age      ] GC(50) - age   3:      62832 bytes,    2624264 total
[2023-10-18T13:57:11.527+0000][7][gc,age      ] GC(50) - age   4:     195624 bytes,    2819888 total
[2023-10-18T13:57:11.527+0000][7][gc,age      ] GC(50) - age   5:      18960 bytes,    2838848 total
[2023-10-18T13:57:11.527+0000][7][gc,age      ] GC(50) - age   6:       3368 bytes,    2842216 total
[2023-10-18T13:57:11.527+0000][7][gc,age      ] GC(50) - age   7:    1222424 bytes,    4064640 total
[2023-10-18T13:57:11.527+0000][7][gc,age      ] GC(50) - age   8:       2936 bytes,    4067576 total
[2023-10-18T13:57:11.527+0000][7][gc,age      ] GC(50) - age   9:        688 bytes,    4068264 total
[2023-10-18T13:57:11.527+0000][7][gc,age      ] GC(50) - age  10:      39744 bytes,    4108008 total
[2023-10-18T13:57:11.527+0000][7][gc,age      ] GC(50) - age  11:       2096 bytes,    4110104 total
[2023-10-18T13:57:11.527+0000][7][gc,age      ] GC(50) - age  12:     126584 bytes,    4236688 total
[2023-10-18T13:57:11.527+0000][7][gc,age      ] GC(50) - age  13:     234960 bytes,    4471648 total
[2023-10-18T13:57:11.527+0000][7][gc,age      ] GC(50) - age  14:       7168 bytes,    4478816 total
[2023-10-18T13:57:11.527+0000][7][gc,age      ] GC(50) - age  15:       7064 bytes,    4485880 total
[2023-10-18T13:57:11.527+0000][7][gc,phases   ] GC(50)   Pre Evacuate Collection Set: 0.1ms
[2023-10-18T13:57:11.527+0000][7][gc,phases   ] GC(50)   Merge Heap Roots: 0.1ms
[2023-10-18T13:57:11.527+0000][7][gc,phases   ] GC(50)   Evacuate Collection Set: 2.8ms
[2023-10-18T13:57:11.527+0000][7][gc,phases   ] GC(50)   Post Evacuate Collection Set: 0.7ms
[2023-10-18T13:57:11.527+0000][7][gc,phases   ] GC(50)   Other: 0.4ms
[2023-10-18T13:57:11.528+0000][7][gc,heap     ] GC(50) Eden regions: 73->0(73)
[2023-10-18T13:57:11.528+0000][7][gc,heap     ] GC(50) Survivor regions: 2->2(10)
[2023-10-18T13:57:11.528+0000][7][gc,heap     ] GC(50) Old regions: 23->23
[2023-10-18T13:57:11.528+0000][7][gc,heap     ] GC(50) Archive regions: 2->2
[2023-10-18T13:57:11.528+0000][7][gc,heap     ] GC(50) Humongous regions: 5->5
[2023-10-18T13:57:11.528+0000][7][gc,metaspace] GC(50) Metaspace: 117019K(118720K)->117019K(118720K) NonClass: 101278K(102272K)->101278K(102272K) Class: 15740K(16448K)->15740K(16448K)
[2023-10-18T13:57:11.528+0000][7][gc          ] GC(50) Pause Young (Normal) (G1 Evacuation Pause) 410M->118M(512M) 4.149ms
[2023-10-18T13:57:11.528+0000][7][gc,cpu      ] GC(50) User=0.02s Sys=0.00s Real=0.01s
[2023-10-18T13:57:11.528+0000][7][safepoint   ] Safepoint "G1CollectForAllocation", Time since last: 563924342 ns, Reaching safepoint: 126122 ns, At safepoint: 4280632 ns, Total: 4406754 ns
[2023-10-18T13:57:12.528+0000][7][safepoint   ] Safepoint "Cleanup", Time since last: 1000075991 ns, Reaching safepoint: 78828 ns, At safepoint: 3760 ns, Total: 82588 ns
[2023-10-18T13:57:13.528+0000][7][safepoint   ] Safepoint "Cleanup", Time since last: 1000087953 ns, Reaching safepoint: 34294 ns, At safepoint: 2964 ns, Total: 37258 ns
[2023-10-18T13:57:14.528+0000][7][safepoint   ] Safepoint "Cleanup", Time since last: 1000153178 ns, Reaching safepoint: 65740 ns, At safepoint: 4007 ns, Total: 69747 ns
[2023-10-18T13:57:15.528+0000][7][safepoint   ] Safepoint "Cleanup", Time since last: 1000122397 ns, Reaching safepoint: 69359 ns, At safepoint: 5775 ns, Total: 75134 ns
[2023-10-18T13:57:16.529+0000][7][safepoint   ] Safepoint "Cleanup", Time since last: 1000131876 ns, Reaching safepoint: 98114 ns, At safepoint: 9984 ns, Total: 108098 ns
[2023-10-18T13:57:17.529+0000][7][safepoint   ] Safepoint "Cleanup", Time since last: 1000144252 ns, Reaching safepoint: 87913 ns, At safepoint: 9565 ns, Total: 97478 ns
[2023-10-18T13:57:18.529+0000][7][safepoint   ] Safepoint "Cleanup", Time since last: 1000135168 ns, Reaching safepoint: 149981 ns, At safepoint: 6252 ns, Total: 156233 ns
[2023-10-18T13:57:19.345+0000][7][gc,start    ] GC(51) Pause Young (Normal) (G1 Evacuation Pause)
[2023-10-18T13:57:19.345+0000][7][gc,task     ] GC(51) Using 8 workers of 8 for evacuation
[2023-10-18T13:57:19.345+0000][7][gc,age      ] GC(51) Desired survivor size 20971520 bytes, new threshold 15 (max threshold 15)
[2023-10-18T13:57:19.349+0000][7][gc,age      ] GC(51) Age table with threshold 15 (max threshold 15)
[2023-10-18T13:57:19.349+0000][7][gc,age      ] GC(51) - age   1:    2716488 bytes,    2716488 total
[2023-10-18T13:57:19.349+0000][7][gc,age      ] GC(51) - age   2:     480912 bytes,    3197400 total
[2023-10-18T13:57:19.349+0000][7][gc,age      ] GC(51) - age   3:     199256 bytes,    3396656 total
[2023-10-18T13:57:19.349+0000][7][gc,age      ] GC(51) - age   4:      61392 bytes,    3458048 total
[2023-10-18T13:57:19.349+0000][7][gc,age      ] GC(51) - age   5:     181280 bytes,    3639328 total
[2023-10-18T13:57:19.349+0000][7][gc,age      ] GC(51) - age   6:      17032 bytes,    3656360 total
[2023-10-18T13:57:19.349+0000][7][gc,age      ] GC(51) - age   7:       3144 bytes,    3659504 total
[2023-10-18T13:57:19.349+0000][7][gc,age      ] GC(51) - age   8:    1210928 bytes,    4870432 total
[2023-10-18T13:57:19.349+0000][7][gc,age      ] GC(51) - age   9:       2568 bytes,    4873000 total
[2023-10-18T13:57:19.349+0000][7][gc,age      ] GC(51) - age  10:        624 bytes,    4873624 total
[2023-10-18T13:57:19.349+0000][7][gc,age      ] GC(51) - age  11:       2456 bytes,    4876080 total
[2023-10-18T13:57:19.349+0000][7][gc,age      ] GC(51) - age  12:       1184 bytes,    4877264 total
[2023-10-18T13:57:19.349+0000][7][gc,age      ] GC(51) - age  13:     126584 bytes,    5003848 total
[2023-10-18T13:57:19.349+0000][7][gc,age      ] GC(51) - age  14:     234960 bytes,    5238808 total
[2023-10-18T13:57:19.349+0000][7][gc,age      ] GC(51) - age  15:       7168 bytes,    5245976 total
[2023-10-18T13:57:19.349+0000][7][gc,phases   ] GC(51)   Pre Evacuate Collection Set: 0.1ms
[2023-10-18T13:57:19.349+0000][7][gc,phases   ] GC(51)   Merge Heap Roots: 0.0ms
[2023-10-18T13:57:19.349+0000][7][gc,phases   ] GC(51)   Evacuate Collection Set: 3.2ms
[2023-10-18T13:57:19.349+0000][7][gc,phases   ] GC(51)   Post Evacuate Collection Set: 0.5ms
[2023-10-18T13:57:19.349+0000][7][gc,phases   ] GC(51)   Other: 0.3ms
[2023-10-18T13:57:19.349+0000][7][gc,heap     ] GC(51) Eden regions: 73->0(73)
[2023-10-18T13:57:19.349+0000][7][gc,heap     ] GC(51) Survivor regions: 2->2(10)
[2023-10-18T13:57:19.349+0000][7][gc,heap     ] GC(51) Old regions: 23->23
[2023-10-18T13:57:19.349+0000][7][gc,heap     ] GC(51) Archive regions: 2->2
[2023-10-18T13:57:19.349+0000][7][gc,heap     ] GC(51) Humongous regions: 5->5
[2023-10-18T13:57:19.349+0000][7][gc,metaspace] GC(51) Metaspace: 117117K(118784K)->117117K(118784K) NonClass: 101376K(102336K)->101376K(102336K) Class: 15740K(16448K)->15740K(16448K)
[2023-10-18T13:57:19.349+0000][7][gc          ] GC(51) Pause Young (Normal) (G1 Evacuation Pause) 410M->119M(512M) 4.214ms
[2023-10-18T13:57:19.349+0000][7][gc,cpu      ] GC(51) User=0.02s Sys=0.00s Real=0.01s
[2023-10-18T13:57:19.349+0000][7][safepoint   ] Safepoint "G1CollectForAllocation", Time since last: 815357659 ns, Reaching safepoint: 82420 ns, At safepoint: 4293414 ns, Total: 4375834 ns
[2023-10-18T13:57:20.349+0000][7][safepoint   ] Safepoint "Cleanup", Time since last: 1000073536 ns, Reaching safepoint: 78838 ns, At safepoint: 5278 ns, Total: 84116 ns
[2023-10-18T13:57:21.349+0000][7][safepoint   ] Safepoint "Cleanup", Time since last: 1000101416 ns, Reaching safepoint: 154663 ns, At safepoint: 6450 ns, Total: 161113 ns
[2023-10-18T13:57:22.350+0000][7][safepoint   ] Safepoint "Cleanup", Time since last: 1000310661 ns, Reaching safepoint: 79033 ns, At safepoint: 26357 ns, Total: 105390 ns
[2023-10-18T13:57:23.350+0000][7][safepoint   ] Safepoint "Cleanup", Time since last: 1000257996 ns, Reaching safepoint: 31367 ns, At safepoint: 28316 ns, Total: 59683 ns
[2023-10-18T13:57:24.350+0000][7][safepoint   ] Safepoint "Cleanup", Time since last: 1000334288 ns, Reaching safepoint: 35123 ns, At safepoint: 5197 ns, Total: 40320 ns
[2023-10-18T13:57:24.930+0000][7][gc,start    ] GC(52) Pause Young (Normal) (G1 Evacuation Pause)
[2023-10-18T13:57:24.930+0000][7][gc,task     ] GC(52) Using 8 workers of 8 for evacuation
[2023-10-18T13:57:24.930+0000][7][gc,age      ] GC(52) Desired survivor size 20971520 bytes, new threshold 15 (max threshold 15)
[2023-10-18T13:57:24.933+0000][7][gc,age      ] GC(52) Age table with threshold 15 (max threshold 15)
[2023-10-18T13:57:24.933+0000][7][gc,age      ] GC(52) - age   1:    1950704 bytes,    1950704 total
[2023-10-18T13:57:24.933+0000][7][gc,age      ] GC(52) - age   2:     730960 bytes,    2681664 total
[2023-10-18T13:57:24.933+0000][7][gc,age      ] GC(52) - age   3:     368024 bytes,    3049688 total
[2023-10-18T13:57:24.933+0000][7][gc,age      ] GC(52) - age   4:     119912 bytes,    3169600 total
[2023-10-18T13:57:24.933+0000][7][gc,age      ] GC(52) - age   5:      61264 bytes,    3230864 total
[2023-10-18T13:57:24.933+0000][7][gc,age      ] GC(52) - age   6:     180520 bytes,    3411384 total
[2023-10-18T13:57:24.933+0000][7][gc,age      ] GC(52) - age   7:      16688 bytes,    3428072 total
[2023-10-18T13:57:24.933+0000][7][gc,age      ] GC(52) - age   8:       3080 bytes,    3431152 total
[2023-10-18T13:57:24.933+0000][7][gc,age      ] GC(52) - age   9:    1210864 bytes,    4642016 total
[2023-10-18T13:57:24.933+0000][7][gc,age      ] GC(52) - age  10:       2504 bytes,    4644520 total
[2023-10-18T13:57:24.933+0000][7][gc,age      ] GC(52) - age  11:        624 bytes,    4645144 total
[2023-10-18T13:57:24.933+0000][7][gc,age      ] GC(52) - age  12:       2272 bytes,    4647416 total
[2023-10-18T13:57:24.933+0000][7][gc,age      ] GC(52) - age  13:       1184 bytes,    4648600 total
[2023-10-18T13:57:24.933+0000][7][gc,age      ] GC(52) - age  14:     126584 bytes,    4775184 total
[2023-10-18T13:57:24.933+0000][7][gc,age      ] GC(52) - age  15:     234960 bytes,    5010144 total
[2023-10-18T13:57:24.933+0000][7][gc,phases   ] GC(52)   Pre Evacuate Collection Set: 0.1ms
[2023-10-18T13:57:24.934+0000][7][gc,phases   ] GC(52)   Merge Heap Roots: 0.0ms
[2023-10-18T13:57:24.934+0000][7][gc,phases   ] GC(52)   Evacuate Collection Set: 2.4ms
[2023-10-18T13:57:24.934+0000][7][gc,phases   ] GC(52)   Post Evacuate Collection Set: 0.5ms
[2023-10-18T13:57:24.934+0000][7][gc,phases   ] GC(52)   Other: 0.4ms
[2023-10-18T13:57:24.934+0000][7][gc,heap     ] GC(52) Eden regions: 73->0(73)
[2023-10-18T13:57:24.934+0000][7][gc,heap     ] GC(52) Survivor regions: 2->2(10)
[2023-10-18T13:57:24.934+0000][7][gc,heap     ] GC(52) Old regions: 23->23
[2023-10-18T13:57:24.934+0000][7][gc,heap     ] GC(52) Archive regions: 2->2
[2023-10-18T13:57:24.934+0000][7][gc,heap     ] GC(52) Humongous regions: 5->5
[2023-10-18T13:57:24.934+0000][7][gc,metaspace] GC(52) Metaspace: 117187K(118848K)->117187K(118848K) NonClass: 101446K(102400K)->101446K(102400K) Class: 15741K(16448K)->15741K(16448K)
[2023-10-18T13:57:24.934+0000][7][gc          ] GC(52) Pause Young (Normal) (G1 Evacuation Pause) 411M->119M(512M) 3.455ms
[2023-10-18T13:57:24.934+0000][7][gc,cpu      ] GC(52) User=0.01s Sys=0.00s Real=0.00s
[2023-10-18T13:57:24.934+0000][7][safepoint   ] Safepoint "G1CollectForAllocation", Time since last: 579637622 ns, Reaching safepoint: 43574 ns, At safepoint: 3551193 ns, Total: 3594767 ns
[2023-10-18T13:57:25.934+0000][7][safepoint   ] Safepoint "Cleanup", Time since last: 1000220189 ns, Reaching safepoint: 179203 ns, At safepoint: 6049 ns, Total: 185252 ns
[2023-10-18T13:57:26.934+0000][7][safepoint   ] Safepoint "Cleanup", Time since last: 1000150121 ns, Reaching safepoint: 81110 ns, At safepoint: 5310 ns, Total: 86420 ns
[2023-10-18T13:57:27.934+0000][7][safepoint   ] Safepoint "Cleanup", Time since last: 1000095992 ns, Reaching safepoint: 74020 ns, At safepoint: 5343 ns, Total: 79363 ns
[2023-10-18T13:57:29.935+0000][7][safepoint   ] Safepoint "Cleanup", Time since last: 2000434898 ns, Reaching safepoint: 228449 ns, At safepoint: 9812 ns, Total: 238261 ns
[2023-10-18T13:57:30.936+0000][7][safepoint   ] Safepoint "Cleanup", Time since last: 1000336465 ns, Reaching safepoint: 53941 ns, At safepoint: 5274 ns, Total: 59215 ns
[2023-10-18T13:57:32.475+0000][7][gc,start    ] GC(53) Pause Young (Normal) (G1 Evacuation Pause)
[2023-10-18T13:57:32.475+0000][7][gc,task     ] GC(53) Using 8 workers of 8 for evacuation
[2023-10-18T13:57:32.475+0000][7][gc,age      ] GC(53) Desired survivor size 20971520 bytes, new threshold 15 (max threshold 15)
[2023-10-18T13:57:32.483+0000][7][gc,age      ] GC(53) Age table with threshold 15 (max threshold 15)
[2023-10-18T13:57:32.484+0000][7][gc,age      ] GC(53) - age   1:    1370896 bytes,    1370896 total
[2023-10-18T13:57:32.484+0000][7][gc,age      ] GC(53) - age   2:     311944 bytes,    1682840 total
[2023-10-18T13:57:32.484+0000][7][gc,age      ] GC(53) - age   3:     300152 bytes,    1982992 total
[2023-10-18T13:57:32.484+0000][7][gc,age      ] GC(53) - age   4:     170192 bytes,    2153184 total
[2023-10-18T13:57:32.484+0000][7][gc,age      ] GC(53) - age   5:     119680 bytes,    2272864 total
[2023-10-18T13:57:32.484+0000][7][gc,age      ] GC(53) - age   6:      61232 bytes,    2334096 total
[2023-10-18T13:57:32.484+0000][7][gc,age      ] GC(53) - age   7:     180520 bytes,    2514616 total
[2023-10-18T13:57:32.484+0000][7][gc,age      ] GC(53) - age   8:      16688 bytes,    2531304 total
[2023-10-18T13:57:32.484+0000][7][gc,age      ] GC(53) - age   9:       2824 bytes,    2534128 total
[2023-10-18T13:57:32.484+0000][7][gc,age      ] GC(53) - age  10:    1210800 bytes,    3744928 total
[2023-10-18T13:57:32.484+0000][7][gc,age      ] GC(53) - age  11:       2440 bytes,    3747368 total
[2023-10-18T13:57:32.484+0000][7][gc,age      ] GC(53) - age  12:        560 bytes,    3747928 total
[2023-10-18T13:57:32.484+0000][7][gc,age      ] GC(53) - age  13:       2272 bytes,    3750200 total
[2023-10-18T13:57:32.484+0000][7][gc,age      ] GC(53) - age  14:       1152 bytes,    3751352 total
[2023-10-18T13:57:32.484+0000][7][gc,age      ] GC(53) - age  15:     126584 bytes,    3877936 total
[2023-10-18T13:57:32.484+0000][7][gc,phases   ] GC(53)   Pre Evacuate Collection Set: 0.1ms
[2023-10-18T13:57:32.484+0000][7][gc,phases   ] GC(53)   Merge Heap Roots: 0.1ms
[2023-10-18T13:57:32.484+0000][7][gc,phases   ] GC(53)   Evacuate Collection Set: 7.7ms
[2023-10-18T13:57:32.484+0000][7][gc,phases   ] GC(53)   Post Evacuate Collection Set: 0.6ms
[2023-10-18T13:57:32.484+0000][7][gc,phases   ] GC(53)   Other: 0.3ms
[2023-10-18T13:57:32.484+0000][7][gc,heap     ] GC(53) Eden regions: 73->0(74)
[2023-10-18T13:57:32.484+0000][7][gc,heap     ] GC(53) Survivor regions: 2->2(10)
[2023-10-18T13:57:32.484+0000][7][gc,heap     ] GC(53) Old regions: 23->23
[2023-10-18T13:57:32.484+0000][7][gc,heap     ] GC(53) Archive regions: 2->2
[2023-10-18T13:57:32.484+0000][7][gc,heap     ] GC(53) Humongous regions: 5->5
[2023-10-18T13:57:32.484+0000][7][gc,metaspace] GC(53) Metaspace: 117224K(118912K)->117224K(118912K) NonClass: 101483K(102464K)->101483K(102464K) Class: 15741K(16448K)->15741K(16448K)
[2023-10-18T13:57:32.484+0000][7][gc          ] GC(53) Pause Young (Normal) (G1 Evacuation Pause) 411M->118M(512M) 8.745ms
[2023-10-18T13:57:32.484+0000][7][gc,cpu      ] GC(53) User=0.02s Sys=0.00s Real=0.01s
[2023-10-18T13:57:32.484+0000][7][safepoint   ] Safepoint "G1CollectForAllocation", Time since last: 1539401910 ns, Reaching safepoint: 41466 ns, At safepoint: 8838482 ns, Total: 8879948 ns
[2023-10-18T13:57:33.484+0000][7][safepoint   ] Safepoint "Cleanup", Time since last: 1000123634 ns, Reaching safepoint: 67573 ns, At safepoint: 8751 ns, Total: 76324 ns
[2023-10-18T13:57:35.484+0000][7][safepoint   ] Safepoint "Cleanup", Time since last: 2000181379 ns, Reaching safepoint: 76278 ns, At safepoint: 4048 ns, Total: 80326 ns
[2023-10-18T13:57:36.485+0000][7][safepoint   ] Safepoint "Cleanup", Time since last: 1000184527 ns, Reaching safepoint: 186004 ns, At safepoint: 8223 ns, Total: 194227 ns
[2023-10-18T13:57:37.485+0000][7][safepoint   ] Safepoint "Cleanup", Time since last: 1000378967 ns, Reaching safepoint: 111054 ns, At safepoint: 8190 ns, Total: 119244 ns
[2023-10-18T13:57:39.486+0000][7][safepoint   ] Safepoint "Cleanup", Time since last: 2000260105 ns, Reaching safepoint: 221552 ns, At safepoint: 18183 ns, Total: 239735 ns
[2023-10-18T13:57:39.545+0000][7][gc,start    ] GC(54) Pause Young (Normal) (G1 Evacuation Pause)
[2023-10-18T13:57:39.545+0000][7][gc,task     ] GC(54) Using 8 workers of 8 for evacuation
[2023-10-18T13:57:39.545+0000][7][gc,age      ] GC(54) Desired survivor size 20971520 bytes, new threshold 15 (max threshold 15)
[2023-10-18T13:57:39.549+0000][7][gc,age      ] GC(54) Age table with threshold 15 (max threshold 15)
[2023-10-18T13:57:39.549+0000][7][gc,age      ] GC(54) - age   1:    1975848 bytes,    1975848 total
[2023-10-18T13:57:39.549+0000][7][gc,age      ] GC(54) - age   2:     786472 bytes,    2762320 total
[2023-10-18T13:57:39.549+0000][7][gc,age      ] GC(54) - age   3:     309256 bytes,    3071576 total
[2023-10-18T13:57:39.549+0000][7][gc,age      ] GC(54) - age   4:     299256 bytes,    3370832 total
[2023-10-18T13:57:39.549+0000][7][gc,age      ] GC(54) - age   5:     170128 bytes,    3540960 total
[2023-10-18T13:57:39.549+0000][7][gc,age      ] GC(54) - age   6:     119552 bytes,    3660512 total
[2023-10-18T13:57:39.549+0000][7][gc,age      ] GC(54) - age   7:      61168 bytes,    3721680 total
[2023-10-18T13:57:39.549+0000][7][gc,age      ] GC(54) - age   8:     180520 bytes,    3902200 total
[2023-10-18T13:57:39.549+0000][7][gc,age      ] GC(54) - age   9:      16688 bytes,    3918888 total
[2023-10-18T13:57:39.549+0000][7][gc,age      ] GC(54) - age  10:       2824 bytes,    3921712 total
[2023-10-18T13:57:39.549+0000][7][gc,age      ] GC(54) - age  11:    1210704 bytes,    5132416 total
[2023-10-18T13:57:39.549+0000][7][gc,age      ] GC(54) - age  12:       2440 bytes,    5134856 total
[2023-10-18T13:57:39.549+0000][7][gc,age      ] GC(54) - age  13:        560 bytes,    5135416 total
[2023-10-18T13:57:39.549+0000][7][gc,age      ] GC(54) - age  14:       2272 bytes,    5137688 total
[2023-10-18T13:57:39.549+0000][7][gc,age      ] GC(54) - age  15:       1152 bytes,    5138840 total
[2023-10-18T13:57:39.549+0000][7][gc,phases   ] GC(54)   Pre Evacuate Collection Set: 0.1ms
[2023-10-18T13:57:39.549+0000][7][gc,phases   ] GC(54)   Merge Heap Roots: 0.1ms
[2023-10-18T13:57:39.549+0000][7][gc,phases   ] GC(54)   Evacuate Collection Set: 2.8ms
[2023-10-18T13:57:39.549+0000][7][gc,phases   ] GC(54)   Post Evacuate Collection Set: 0.7ms
[2023-10-18T13:57:39.549+0000][7][gc,phases   ] GC(54)   Other: 0.4ms
[2023-10-18T13:57:39.549+0000][7][gc,heap     ] GC(54) Eden regions: 74->0(74)
[2023-10-18T13:57:39.549+0000][7][gc,heap     ] GC(54) Survivor regions: 2->2(10)
[2023-10-18T13:57:39.549+0000][7][gc,heap     ] GC(54) Old regions: 23->23
[2023-10-18T13:57:39.549+0000][7][gc,heap     ] GC(54) Archive regions: 2->2
[2023-10-18T13:57:39.549+0000][7][gc,heap     ] GC(54) Humongous regions: 5->5
[2023-10-18T13:57:39.549+0000][7][gc,metaspace] GC(54) Metaspace: 117243K(118912K)->117243K(118912K) NonClass: 101502K(102464K)->101502K(102464K) Class: 15741K(16448K)->15741K(16448K)
[2023-10-18T13:57:39.549+0000][7][gc          ] GC(54) Pause Young (Normal) (G1 Evacuation Pause) 414M->119M(512M) 4.084ms
[2023-10-18T13:57:39.549+0000][7][gc,cpu      ] GC(54) User=0.02s Sys=0.01s Real=0.01s
[2023-10-18T13:57:39.549+0000][7][safepoint   ] Safepoint "G1CollectForAllocation", Time since last: 59367970 ns, Reaching safepoint: 98298 ns, At safepoint: 4179224 ns, Total: 4277522 ns
[2023-10-18T13:57:40.550+0000][7][safepoint   ] Safepoint "Cleanup", Time since last: 1000164112 ns, Reaching safepoint: 40559 ns, At safepoint: 17370 ns, Total: 57929 ns
[2023-10-18T13:57:42.550+0000][7][safepoint   ] Safepoint "Cleanup", Time since last: 2000422898 ns, Reaching safepoint: 34690 ns, At safepoint: 3880 ns, Total: 38570 ns
[2023-10-18T13:57:45.550+0000][7][safepoint   ] Safepoint "Cleanup", Time since last: 3000314356 ns, Reaching safepoint: 69981 ns, At safepoint: 6550 ns, Total: 76531 ns
[2023-10-18T13:57:46.551+0000][7][safepoint   ] Safepoint "Cleanup", Time since last: 1000095638 ns, Reaching safepoint: 65365 ns, At safepoint: 6302 ns, Total: 71667 ns
[2023-10-18T13:57:47.551+0000][7][safepoint   ] Safepoint "Cleanup", Time since last: 1000145692 ns, Reaching safepoint: 151253 ns, At safepoint: 3165 ns, Total: 154418 ns
[2023-10-18T13:57:48.551+0000][7][safepoint   ] Safepoint "Cleanup", Time since last: 1000115246 ns, Reaching safepoint: 104133 ns, At safepoint: 4711 ns, Total: 108844 ns
[2023-10-18T13:57:50.552+0000][7][safepoint   ] Safepoint "Cleanup", Time since last: 2000464328 ns, Reaching safepoint: 103040 ns, At safepoint: 4768 ns, Total: 107808 ns
[2023-10-18T13:57:51.552+0000][7][safepoint   ] Safepoint "Cleanup", Time since last: 1000343202 ns, Reaching safepoint: 38444 ns, At safepoint: 5696 ns, Total: 44140 ns
[2023-10-18T13:57:52.552+0000][7][safepoint   ] Safepoint "Cleanup", Time since last: 1000262614 ns, Reaching safepoint: 155311 ns, At safepoint: 4354 ns, Total: 159665 ns
[2023-10-18T13:57:53.789+0000][7][gc,start    ] GC(55) Pause Young (Normal) (G1 Evacuation Pause)
[2023-10-18T13:57:53.789+0000][7][gc,task     ] GC(55) Using 8 workers of 8 for evacuation
[2023-10-18T13:57:53.789+0000][7][gc,age      ] GC(55) Desired survivor size 20971520 bytes, new threshold 15 (max threshold 15)
[2023-10-18T13:57:53.792+0000][7][gc,age      ] GC(55) Age table with threshold 15 (max threshold 15)
[2023-10-18T13:57:53.792+0000][7][gc,age      ] GC(55) - age   1:    2287648 bytes,    2287648 total
[2023-10-18T13:57:53.792+0000][7][gc,age      ] GC(55) - age   2:      76040 bytes,    2363688 total
[2023-10-18T13:57:53.792+0000][7][gc,age      ] GC(55) - age   3:     227976 bytes,    2591664 total
[2023-10-18T13:57:53.792+0000][7][gc,age      ] GC(55) - age   4:     205560 bytes,    2797224 total
[2023-10-18T13:57:53.792+0000][7][gc,age      ] GC(55) - age   5:     285864 bytes,    3083088 total
[2023-10-18T13:57:53.792+0000][7][gc,age      ] GC(55) - age   6:     169840 bytes,    3252928 total
[2023-10-18T13:57:53.792+0000][7][gc,age      ] GC(55) - age   7:     119488 bytes,    3372416 total
[2023-10-18T13:57:53.792+0000][7][gc,age      ] GC(55) - age   8:       1984 bytes,    3374400 total
[2023-10-18T13:57:53.792+0000][7][gc,age      ] GC(55) - age   9:      74448 bytes,    3448848 total
[2023-10-18T13:57:53.792+0000][7][gc,age      ] GC(55) - age  10:      16688 bytes,    3465536 total
[2023-10-18T13:57:53.792+0000][7][gc,age      ] GC(55) - age  11:       2824 bytes,    3468360 total
[2023-10-18T13:57:53.792+0000][7][gc,age      ] GC(55) - age  12:    1210512 bytes,    4678872 total
[2023-10-18T13:57:53.792+0000][7][gc,age      ] GC(55) - age  13:       2440 bytes,    4681312 total
[2023-10-18T13:57:53.792+0000][7][gc,age      ] GC(55) - age  14:        560 bytes,    4681872 total
[2023-10-18T13:57:53.792+0000][7][gc,age      ] GC(55) - age  15:       2272 bytes,    4684144 total
[2023-10-18T13:57:53.792+0000][7][gc,phases   ] GC(55)   Pre Evacuate Collection Set: 0.1ms
[2023-10-18T13:57:53.792+0000][7][gc,phases   ] GC(55)   Merge Heap Roots: 0.0ms
[2023-10-18T13:57:53.792+0000][7][gc,phases   ] GC(55)   Evacuate Collection Set: 1.9ms
[2023-10-18T13:57:53.792+0000][7][gc,phases   ] GC(55)   Post Evacuate Collection Set: 0.6ms
[2023-10-18T13:57:53.792+0000][7][gc,phases   ] GC(55)   Other: 0.3ms
[2023-10-18T13:57:53.792+0000][7][gc,heap     ] GC(55) Eden regions: 74->0(74)
[2023-10-18T13:57:53.792+0000][7][gc,heap     ] GC(55) Survivor regions: 2->2(10)
[2023-10-18T13:57:53.792+0000][7][gc,heap     ] GC(55) Old regions: 23->23
[2023-10-18T13:57:53.792+0000][7][gc,heap     ] GC(55) Archive regions: 2->2
[2023-10-18T13:57:53.792+0000][7][gc,heap     ] GC(55) Humongous regions: 5->5
[2023-10-18T13:57:53.792+0000][7][gc,metaspace] GC(55) Metaspace: 117293K(118976K)->117293K(118976K) NonClass: 101551K(102528K)->101551K(102528K) Class: 15741K(16448K)->15741K(16448K)
[2023-10-18T13:57:53.792+0000][7][gc          ] GC(55) Pause Young (Normal) (G1 Evacuation Pause) 415M->119M(512M) 3.114ms
[2023-10-18T13:57:53.792+0000][7][gc,cpu      ] GC(55) User=0.02s Sys=0.00s Real=0.00s
[2023-10-18T13:57:53.792+0000][7][safepoint   ] Safepoint "G1CollectForAllocation", Time since last: 1236668827 ns, Reaching safepoint: 76458 ns, At safepoint: 3189767 ns, Total: 3266225 ns
[2023-10-18T13:57:54.793+0000][7][safepoint   ] Safepoint "Cleanup", Time since last: 1000337388 ns, Reaching safepoint: 87998 ns, At safepoint: 4427 ns, Total: 92425 ns
[2023-10-18T13:57:55.793+0000][7][safepoint   ] Safepoint "Cleanup", Time since last: 1000151628 ns, Reaching safepoint: 95453 ns, At safepoint: 8076 ns, Total: 103529 ns
[2023-10-18T13:57:56.794+0000][7][safepoint   ] Safepoint "Cleanup", Time since last: 1001016477 ns, Reaching safepoint: 29761 ns, At safepoint: 4278 ns, Total: 34039 ns
[2023-10-18T13:57:57.794+0000][7][safepoint   ] Safepoint "Cleanup", Time since last: 1000152950 ns, Reaching safepoint: 32404 ns, At safepoint: 3224 ns, Total: 35628 ns
[2023-10-18T13:57:59.795+0000][7][safepoint   ] Safepoint "Cleanup", Time since last: 2000465231 ns, Reaching safepoint: 45307 ns, At safepoint: 4980 ns, Total: 50287 ns
[2023-10-18T13:58:00.795+0000][7][safepoint   ] Safepoint "Cleanup", Time since last: 1000140875 ns, Reaching safepoint: 58533 ns, At safepoint: 4488 ns, Total: 63021 ns
[2023-10-18T13:58:01.795+0000][7][safepoint   ] Safepoint "Cleanup", Time since last: 1000122579 ns, Reaching safepoint: 92870 ns, At safepoint: 6190 ns, Total: 99060 ns
[2023-10-18T13:58:02.796+0000][7][safepoint   ] Safepoint "Cleanup", Time since last: 1000248976 ns, Reaching safepoint: 164505 ns, At safepoint: 4067 ns, Total: 168572 ns
[2023-10-18T13:58:05.796+0000][7][safepoint   ] Safepoint "Cleanup", Time since last: 3000300399 ns, Reaching safepoint: 78082 ns, At safepoint: 4187 ns, Total: 82269 ns
[2023-10-18T13:58:07.796+0000][7][safepoint   ] Safepoint "Cleanup", Time since last: 2000287472 ns, Reaching safepoint: 53880 ns, At safepoint: 25342 ns, Total: 79222 ns
[2023-10-18T13:58:08.797+0000][7][safepoint   ] Safepoint "Cleanup", Time since last: 1000109036 ns, Reaching safepoint: 96177 ns, At safepoint: 4724 ns, Total: 100901 ns
[2023-10-18T13:58:10.797+0000][7][safepoint   ] Safepoint "Cleanup", Time since last: 2000169622 ns, Reaching safepoint: 73620 ns, At safepoint: 30362 ns, Total: 103982 ns
[2023-10-18T13:58:11.208+0000][7][gc,start    ] GC(56) Pause Young (Normal) (G1 Evacuation Pause)
[2023-10-18T13:58:11.208+0000][7][gc,task     ] GC(56) Using 8 workers of 8 for evacuation
[2023-10-18T13:58:11.208+0000][7][gc,age      ] GC(56) Desired survivor size 20971520 bytes, new threshold 15 (max threshold 15)
[2023-10-18T13:58:11.211+0000][7][gc,age      ] GC(56) Age table with threshold 15 (max threshold 15)
[2023-10-18T13:58:11.211+0000][7][gc,age      ] GC(56) - age   1:    1181912 bytes,    1181912 total
[2023-10-18T13:58:11.211+0000][7][gc,age      ] GC(56) - age   2:    1674208 bytes,    2856120 total
[2023-10-18T13:58:11.211+0000][7][gc,age      ] GC(56) - age   3:      58960 bytes,    2915080 total
[2023-10-18T13:58:11.211+0000][7][gc,age      ] GC(56) - age   4:     126688 bytes,    3041768 total
[2023-10-18T13:58:11.211+0000][7][gc,age      ] GC(56) - age   5:     152984 bytes,    3194752 total
[2023-10-18T13:58:11.211+0000][7][gc,age      ] GC(56) - age   6:     285480 bytes,    3480232 total
[2023-10-18T13:58:11.211+0000][7][gc,age      ] GC(56) - age   7:     169592 bytes,    3649824 total
[2023-10-18T13:58:11.211+0000][7][gc,age      ] GC(56) - age   8:     119296 bytes,    3769120 total
[2023-10-18T13:58:11.211+0000][7][gc,age      ] GC(56) - age   9:       1984 bytes,    3771104 total
[2023-10-18T13:58:11.211+0000][7][gc,age      ] GC(56) - age  10:      74384 bytes,    3845488 total
[2023-10-18T13:58:11.211+0000][7][gc,age      ] GC(56) - age  11:      16688 bytes,    3862176 total
[2023-10-18T13:58:11.211+0000][7][gc,age      ] GC(56) - age  12:       2824 bytes,    3865000 total
[2023-10-18T13:58:11.211+0000][7][gc,age      ] GC(56) - age  13:    1210512 bytes,    5075512 total
[2023-10-18T13:58:11.211+0000][7][gc,age      ] GC(56) - age  14:       2312 bytes,    5077824 total
[2023-10-18T13:58:11.211+0000][7][gc,age      ] GC(56) - age  15:        560 bytes,    5078384 total
[2023-10-18T13:58:11.211+0000][7][gc,phases   ] GC(56)   Pre Evacuate Collection Set: 0.1ms
[2023-10-18T13:58:11.211+0000][7][gc,phases   ] GC(56)   Merge Heap Roots: 0.0ms
[2023-10-18T13:58:11.211+0000][7][gc,phases   ] GC(56)   Evacuate Collection Set: 2.3ms
[2023-10-18T13:58:11.211+0000][7][gc,phases   ] GC(56)   Post Evacuate Collection Set: 0.6ms
[2023-10-18T13:58:11.211+0000][7][gc,phases   ] GC(56)   Other: 0.3ms
[2023-10-18T13:58:11.211+0000][7][gc,heap     ] GC(56) Eden regions: 74->0(74)
[2023-10-18T13:58:11.211+0000][7][gc,heap     ] GC(56) Survivor regions: 2->2(10)
[2023-10-18T13:58:11.211+0000][7][gc,heap     ] GC(56) Old regions: 23->23
[2023-10-18T13:58:11.211+0000][7][gc,heap     ] GC(56) Archive regions: 2->2
[2023-10-18T13:58:11.211+0000][7][gc,heap     ] GC(56) Humongous regions: 5->5
[2023-10-18T13:58:11.211+0000][7][gc,metaspace] GC(56) Metaspace: 117311K(118976K)->117311K(118976K) NonClass: 101569K(102528K)->101569K(102528K) Class: 15741K(16448K)->15741K(16448K)
[2023-10-18T13:58:11.211+0000][7][gc          ] GC(56) Pause Young (Normal) (G1 Evacuation Pause) 415M->119M(512M) 3.395ms
[2023-10-18T13:58:11.211+0000][7][gc,cpu      ] GC(56) User=0.02s Sys=0.00s Real=0.00s
[2023-10-18T13:58:11.211+0000][7][safepoint   ] Safepoint "G1CollectForAllocation", Time since last: 410561394 ns, Reaching safepoint: 77376 ns, At safepoint: 3461498 ns, Total: 3538874 ns
[2023-10-18T13:58:12.211+0000][7][safepoint   ] Safepoint "Cleanup", Time since last: 1000312722 ns, Reaching safepoint: 79119 ns, At safepoint: 6771 ns, Total: 85890 ns
[2023-10-18T13:58:13.212+0000][7][safepoint   ] Safepoint "Cleanup", Time since last: 1000363527 ns, Reaching safepoint: 84074 ns, At safepoint: 5940 ns, Total: 90014 ns
[2023-10-18T13:58:15.212+0000][7][safepoint   ] Safepoint "Cleanup", Time since last: 2000251504 ns, Reaching safepoint: 194448 ns, At safepoint: 8221 ns, Total: 202669 ns
[2023-10-18T13:58:18.213+0000][7][safepoint   ] Safepoint "Cleanup", Time since last: 3000298569 ns, Reaching safepoint: 197498 ns, At safepoint: 7243 ns, Total: 204741 ns
[2023-10-18T13:58:19.213+0000][7][safepoint   ] Safepoint "Cleanup", Time since last: 1000147211 ns, Reaching safepoint: 82720 ns, At safepoint: 5539 ns, Total: 88259 ns
[2023-10-18T13:58:20.213+0000][7][safepoint   ] Safepoint "Cleanup", Time since last: 1000325153 ns, Reaching safepoint: 35687 ns, At safepoint: 4866 ns, Total: 40553 ns
[2023-10-18T13:58:21.214+0000][7][safepoint   ] Safepoint "Cleanup", Time since last: 1000354039 ns, Reaching safepoint: 78495 ns, At safepoint: 9313 ns, Total: 87808 ns
[2023-10-18T13:58:22.214+0000][7][safepoint   ] Safepoint "Cleanup", Time since last: 1000081287 ns, Reaching safepoint: 58677 ns, At safepoint: 7741 ns, Total: 66418 ns
[2023-10-18T13:58:23.214+0000][7][safepoint   ] Safepoint "Cleanup", Time since last: 1000264624 ns, Reaching safepoint: 34592 ns, At safepoint: 29914 ns, Total: 64506 ns
[2023-10-18T13:58:24.215+0000][7][safepoint   ] Safepoint "Cleanup", Time since last: 1000103381 ns, Reaching safepoint: 103399 ns, At safepoint: 6550 ns, Total: 109949 ns
[2023-10-18T13:58:25.215+0000][7][safepoint   ] Safepoint "Cleanup", Time since last: 1000322519 ns, Reaching safepoint: 36373 ns, At safepoint: 4799 ns, Total: 41172 ns
[2023-10-18T13:58:27.215+0000][7][safepoint   ] Safepoint "Cleanup", Time since last: 2000462154 ns, Reaching safepoint: 34143 ns, At safepoint: 4924 ns, Total: 39067 ns
[2023-10-18T13:58:28.216+0000][7][safepoint   ] Safepoint "Cleanup", Time since last: 1000269910 ns, Reaching safepoint: 156796 ns, At safepoint: 6492 ns, Total: 163288 ns
[2023-10-18T13:58:29.263+0000][7][gc,start    ] GC(57) Pause Young (Normal) (G1 Evacuation Pause)
[2023-10-18T13:58:29.263+0000][7][gc,task     ] GC(57) Using 8 workers of 8 for evacuation
[2023-10-18T13:58:29.263+0000][7][gc,age      ] GC(57) Desired survivor size 20971520 bytes, new threshold 15 (max threshold 15)
[2023-10-18T13:58:29.265+0000][7][gc,age      ] GC(57) Age table with threshold 15 (max threshold 15)
[2023-10-18T13:58:29.265+0000][7][gc,age      ] GC(57) - age   1:    1120272 bytes,    1120272 total
[2023-10-18T13:58:29.265+0000][7][gc,age      ] GC(57) - age   2:     494680 bytes,    1614952 total
[2023-10-18T13:58:29.265+0000][7][gc,age      ] GC(57) - age   3:    1493104 bytes,    3108056 total
[2023-10-18T13:58:29.265+0000][7][gc,age      ] GC(57) - age   4:      58736 bytes,    3166792 total
[2023-10-18T13:58:29.265+0000][7][gc,age      ] GC(57) - age   5:     126560 bytes,    3293352 total
[2023-10-18T13:58:29.265+0000][7][gc,age      ] GC(57) - age   6:     152856 bytes,    3446208 total
[2023-10-18T13:58:29.265+0000][7][gc,age      ] GC(57) - age   7:     280256 bytes,    3726464 total
[2023-10-18T13:58:29.265+0000][7][gc,age      ] GC(57) - age   8:     169576 bytes,    3896040 total
[2023-10-18T13:58:29.265+0000][7][gc,age      ] GC(57) - age   9:     119168 bytes,    4015208 total
[2023-10-18T13:58:29.265+0000][7][gc,age      ] GC(57) - age  10:       1664 bytes,    4016872 total
[2023-10-18T13:58:29.265+0000][7][gc,age      ] GC(57) - age  11:      73760 bytes,    4090632 total
[2023-10-18T13:58:29.265+0000][7][gc,age      ] GC(57) - age  12:      16688 bytes,    4107320 total
[2023-10-18T13:58:29.265+0000][7][gc,age      ] GC(57) - age  13:       2824 bytes,    4110144 total
[2023-10-18T13:58:29.265+0000][7][gc,age      ] GC(57) - age  14:    1210512 bytes,    5320656 total
[2023-10-18T13:58:29.265+0000][7][gc,age      ] GC(57) - age  15:       2128 bytes,    5322784 total
[2023-10-18T13:58:29.266+0000][7][gc,phases   ] GC(57)   Pre Evacuate Collection Set: 0.1ms
[2023-10-18T13:58:29.266+0000][7][gc,phases   ] GC(57)   Merge Heap Roots: 0.0ms
[2023-10-18T13:58:29.266+0000][7][gc,phases   ] GC(57)   Evacuate Collection Set: 1.9ms
[2023-10-18T13:58:29.266+0000][7][gc,phases   ] GC(57)   Post Evacuate Collection Set: 0.7ms
[2023-10-18T13:58:29.266+0000][7][gc,phases   ] GC(57)   Other: 0.3ms
[2023-10-18T13:58:29.266+0000][7][gc,heap     ] GC(57) Eden regions: 74->0(74)
[2023-10-18T13:58:29.266+0000][7][gc,heap     ] GC(57) Survivor regions: 2->2(10)
[2023-10-18T13:58:29.266+0000][7][gc,heap     ] GC(57) Old regions: 23->23
[2023-10-18T13:58:29.266+0000][7][gc,heap     ] GC(57) Archive regions: 2->2
[2023-10-18T13:58:29.266+0000][7][gc,heap     ] GC(57) Humongous regions: 5->5
[2023-10-18T13:58:29.266+0000][7][gc,metaspace] GC(57) Metaspace: 117369K(119040K)->117369K(119040K) NonClass: 101628K(102592K)->101628K(102592K) Class: 15741K(16448K)->15741K(16448K)
[2023-10-18T13:58:29.266+0000][7][gc          ] GC(57) Pause Young (Normal) (G1 Evacuation Pause) 415M->119M(512M) 3.143ms
[2023-10-18T13:58:29.266+0000][7][gc,cpu      ] GC(57) User=0.01s Sys=0.00s Real=0.00s
[2023-10-18T13:58:29.266+0000][7][safepoint   ] Safepoint "G1CollectForAllocation", Time since last: 1046627229 ns, Reaching safepoint: 45323 ns, At safepoint: 3224159 ns, Total: 3269482 ns
[2023-10-18T13:58:30.266+0000][7][safepoint   ] Safepoint "Cleanup", Time since last: 1000114739 ns, Reaching safepoint: 99258 ns, At safepoint: 9350 ns, Total: 108608 ns
[2023-10-18T13:58:31.266+0000][7][safepoint   ] Safepoint "Cleanup", Time since last: 1000103027 ns, Reaching safepoint: 86708 ns, At safepoint: 6989 ns, Total: 93697 ns
[2023-10-18T13:58:33.266+0000][7][safepoint   ] Safepoint "Cleanup", Time since last: 2000203038 ns, Reaching safepoint: 133569 ns, At safepoint: 7898 ns, Total: 141467 ns
[2023-10-18T13:58:35.267+0000][7][safepoint   ] Safepoint "Cleanup", Time since last: 2000525084 ns, Reaching safepoint: 75134 ns, At safepoint: 5355 ns, Total: 80489 ns
[2023-10-18T13:58:36.267+0000][7][safepoint   ] Safepoint "Cleanup", Time since last: 1000235452 ns, Reaching safepoint: 31452 ns, At safepoint: 4636 ns, Total: 36088 ns
[2023-10-18T13:58:37.268+0000][7][safepoint   ] Safepoint "Cleanup", Time since last: 1000146233 ns, Reaching safepoint: 60007 ns, At safepoint: 8164 ns, Total: 68171 ns
[2023-10-18T13:58:38.268+0000][7][safepoint   ] Safepoint "Cleanup", Time since last: 1000095313 ns, Reaching safepoint: 86605 ns, At safepoint: 6370 ns, Total: 92975 ns
[2023-10-18T13:58:39.268+0000][7][safepoint   ] Safepoint "Cleanup", Time since last: 1000099097 ns, Reaching safepoint: 76589 ns, At safepoint: 4572 ns, Total: 81161 ns
[2023-10-18T13:58:40.268+0000][7][safepoint   ] Safepoint "Cleanup", Time since last: 1000203855 ns, Reaching safepoint: 37235 ns, At safepoint: 3566 ns, Total: 40801 ns
[2023-10-18T13:58:42.269+0000][7][safepoint   ] Safepoint "Cleanup", Time since last: 2000438428 ns, Reaching safepoint: 68826 ns, At safepoint: 4734 ns, Total: 73560 ns
[2023-10-18T13:58:43.269+0000][7][safepoint   ] Safepoint "Cleanup", Time since last: 1000358463 ns, Reaching safepoint: 96511 ns, At safepoint: 3485 ns, Total: 99996 ns
[2023-10-18T13:58:45.270+0000][7][safepoint   ] Safepoint "Cleanup", Time since last: 2000206837 ns, Reaching safepoint: 206823 ns, At safepoint: 5240 ns, Total: 212063 ns
[2023-10-18T13:58:46.164+0000][7][gc,start    ] GC(58) Pause Young (Normal) (G1 Evacuation Pause)
[2023-10-18T13:58:46.164+0000][7][gc,task     ] GC(58) Using 8 workers of 8 for evacuation
[2023-10-18T13:58:46.164+0000][7][gc,age      ] GC(58) Desired survivor size 20971520 bytes, new threshold 15 (max threshold 15)
[2023-10-18T13:58:46.168+0000][7][gc,age      ] GC(58) Age table with threshold 15 (max threshold 15)
[2023-10-18T13:58:46.168+0000][7][gc,age      ] GC(58) - age   1:    1435024 bytes,    1435024 total
[2023-10-18T13:58:46.168+0000][7][gc,age      ] GC(58) - age   2:     333240 bytes,    1768264 total
[2023-10-18T13:58:46.168+0000][7][gc,age      ] GC(58) - age   3:     427936 bytes,    2196200 total
[2023-10-18T13:58:46.168+0000][7][gc,age      ] GC(58) - age   4:    1469576 bytes,    3665776 total
[2023-10-18T13:58:46.168+0000][7][gc,age      ] GC(58) - age   5:      58288 bytes,    3724064 total
[2023-10-18T13:58:46.168+0000][7][gc,age      ] GC(58) - age   6:     126304 bytes,    3850368 total
[2023-10-18T13:58:46.168+0000][7][gc,age      ] GC(58) - age   7:     152856 bytes,    4003224 total
[2023-10-18T13:58:46.168+0000][7][gc,age      ] GC(58) - age   8:     280256 bytes,    4283480 total
[2023-10-18T13:58:46.168+0000][7][gc,age      ] GC(58) - age   9:     169576 bytes,    4453056 total
[2023-10-18T13:58:46.168+0000][7][gc,age      ] GC(58) - age  10:     119168 bytes,    4572224 total
[2023-10-18T13:58:46.168+0000][7][gc,age      ] GC(58) - age  11:       1664 bytes,    4573888 total
[2023-10-18T13:58:46.168+0000][7][gc,age      ] GC(58) - age  12:      73760 bytes,    4647648 total
[2023-10-18T13:58:46.168+0000][7][gc,age      ] GC(58) - age  13:      16688 bytes,    4664336 total
[2023-10-18T13:58:46.168+0000][7][gc,age      ] GC(58) - age  14:       2824 bytes,    4667160 total
[2023-10-18T13:58:46.168+0000][7][gc,age      ] GC(58) - age  15:    1210512 bytes,    5877672 total
[2023-10-18T13:58:46.168+0000][7][gc,phases   ] GC(58)   Pre Evacuate Collection Set: 0.1ms
[2023-10-18T13:58:46.168+0000][7][gc,phases   ] GC(58)   Merge Heap Roots: 0.1ms
[2023-10-18T13:58:46.168+0000][7][gc,phases   ] GC(58)   Evacuate Collection Set: 2.3ms
[2023-10-18T13:58:46.168+0000][7][gc,phases   ] GC(58)   Post Evacuate Collection Set: 0.7ms
[2023-10-18T13:58:46.168+0000][7][gc,phases   ] GC(58)   Other: 0.3ms
[2023-10-18T13:58:46.168+0000][7][gc,heap     ] GC(58) Eden regions: 74->0(74)
[2023-10-18T13:58:46.168+0000][7][gc,heap     ] GC(58) Survivor regions: 2->2(10)
[2023-10-18T13:58:46.168+0000][7][gc,heap     ] GC(58) Old regions: 23->23
[2023-10-18T13:58:46.168+0000][7][gc,heap     ] GC(58) Archive regions: 2->2
[2023-10-18T13:58:46.168+0000][7][gc,heap     ] GC(58) Humongous regions: 5->5
[2023-10-18T13:58:46.168+0000][7][gc,metaspace] GC(58) Metaspace: 117427K(119104K)->117427K(119104K) NonClass: 101686K(102656K)->101686K(102656K) Class: 15741K(16448K)->15741K(16448K)
[2023-10-18T13:58:46.168+0000][7][gc          ] GC(58) Pause Young (Normal) (G1 Evacuation Pause) 415M->120M(512M) 3.490ms
[2023-10-18T13:58:46.168+0000][7][gc,cpu      ] GC(58) User=0.02s Sys=0.00s Real=0.01s
[2023-10-18T13:58:46.168+0000][7][safepoint   ] Safepoint "G1CollectForAllocation", Time since last: 894622265 ns, Reaching safepoint: 81811 ns, At safepoint: 3572883 ns, Total: 3654694 ns
[2023-10-18T13:58:48.168+0000][7][safepoint   ] Safepoint "Cleanup", Time since last: 2000113937 ns, Reaching safepoint: 91194 ns, At safepoint: 8281 ns, Total: 99475 ns
[2023-10-18T13:58:50.169+0000][7][safepoint   ] Safepoint "Cleanup", Time since last: 2000496756 ns, Reaching safepoint: 61909 ns, At safepoint: 5045 ns, Total: 66954 ns
[2023-10-18T13:58:51.903+0000][7][safepoint   ] Safepoint "Cleanup", Time since last: 1734257147 ns, Reaching safepoint: 119282 ns, At safepoint: 6268 ns, Total: 125550 ns
[2023-10-18T13:58:52.903+0000][7][safepoint   ] Safepoint "Cleanup", Time since last: 1000142393 ns, Reaching safepoint: 77220 ns, At safepoint: 6957 ns, Total: 84177 ns
[2023-10-18T13:58:53.903+0000][7][safepoint   ] Safepoint "Cleanup", Time since last: 1000117551 ns, Reaching safepoint: 86081 ns, At safepoint: 7069 ns, Total: 93150 ns
[2023-10-18T13:58:54.904+0000][7][safepoint   ] Safepoint "Cleanup", Time since last: 1000130282 ns, Reaching safepoint: 79754 ns, At safepoint: 7239 ns, Total: 86993 ns
[2023-10-18T13:58:55.904+0000][7][safepoint   ] Safepoint "Cleanup", Time since last: 1000133228 ns, Reaching safepoint: 50478 ns, At safepoint: 4046 ns, Total: 54524 ns
[2023-10-18T13:58:56.904+0000][7][safepoint   ] Safepoint "Cleanup", Time since last: 1000122878 ns, Reaching safepoint: 99786 ns, At safepoint: 4441 ns, Total: 104227 ns
[2023-10-18T13:58:57.904+0000][7][safepoint   ] Safepoint "Cleanup", Time since last: 1000332074 ns, Reaching safepoint: 59469 ns, At safepoint: 25076 ns, Total: 84545 ns
[2023-10-18T13:58:58.905+0000][7][safepoint   ] Safepoint "Cleanup", Time since last: 1000342478 ns, Reaching safepoint: 65917 ns, At safepoint: 4593 ns, Total: 70510 ns
[2023-10-18T13:58:59.841+0000][7][gc,start    ] GC(59) Pause Young (Normal) (G1 Evacuation Pause)
[2023-10-18T13:58:59.841+0000][7][gc,task     ] GC(59) Using 8 workers of 8 for evacuation
[2023-10-18T13:58:59.841+0000][7][gc,age      ] GC(59) Desired survivor size 20971520 bytes, new threshold 15 (max threshold 15)
[2023-10-18T13:58:59.853+0000][7][gc,age      ] GC(59) Age table with threshold 15 (max threshold 15)
[2023-10-18T13:58:59.854+0000][7][gc,age      ] GC(59) - age   1:    3117704 bytes,    3117704 total
[2023-10-18T13:58:59.854+0000][7][gc,age      ] GC(59) - age   2:     583408 bytes,    3701112 total
[2023-10-18T13:58:59.854+0000][7][gc,age      ] GC(59) - age   3:     303400 bytes,    4004512 total
[2023-10-18T13:58:59.854+0000][7][gc,age      ] GC(59) - age   4:     284552 bytes,    4289064 total
[2023-10-18T13:58:59.854+0000][7][gc,age      ] GC(59) - age   5:    1350824 bytes,    5639888 total
[2023-10-18T13:58:59.854+0000][7][gc,age      ] GC(59) - age   6:      57968 bytes,    5697856 total
[2023-10-18T13:58:59.854+0000][7][gc,age      ] GC(59) - age   7:     126144 bytes,    5824000 total
[2023-10-18T13:58:59.854+0000][7][gc,age      ] GC(59) - age   8:     152536 bytes,    5976536 total
[2023-10-18T13:58:59.854+0000][7][gc,age      ] GC(59) - age   9:     278816 bytes,    6255352 total
[2023-10-18T13:58:59.854+0000][7][gc,age      ] GC(59) - age  10:     169384 bytes,    6424736 total
[2023-10-18T13:58:59.854+0000][7][gc,age      ] GC(59) - age  11:     119168 bytes,    6543904 total
[2023-10-18T13:58:59.854+0000][7][gc,age      ] GC(59) - age  12:       1664 bytes,    6545568 total
[2023-10-18T13:58:59.854+0000][7][gc,age      ] GC(59) - age  13:      73760 bytes,    6619328 total
[2023-10-18T13:58:59.854+0000][7][gc,age      ] GC(59) - age  14:      16688 bytes,    6636016 total
[2023-10-18T13:58:59.854+0000][7][gc,age      ] GC(59) - age  15:       2824 bytes,    6638840 total
[2023-10-18T13:58:59.854+0000][7][gc,phases   ] GC(59)   Pre Evacuate Collection Set: 0.1ms
[2023-10-18T13:58:59.854+0000][7][gc,phases   ] GC(59)   Merge Heap Roots: 0.0ms
[2023-10-18T13:58:59.854+0000][7][gc,phases   ] GC(59)   Evacuate Collection Set: 11.6ms
[2023-10-18T13:58:59.854+0000][7][gc,phases   ] GC(59)   Post Evacuate Collection Set: 0.5ms
[2023-10-18T13:58:59.854+0000][7][gc,phases   ] GC(59)   Other: 0.3ms
[2023-10-18T13:58:59.854+0000][7][gc,heap     ] GC(59) Eden regions: 74->0(74)
[2023-10-18T13:58:59.854+0000][7][gc,heap     ] GC(59) Survivor regions: 2->2(10)
[2023-10-18T13:58:59.854+0000][7][gc,heap     ] GC(59) Old regions: 23->23
[2023-10-18T13:58:59.854+0000][7][gc,heap     ] GC(59) Archive regions: 2->2
[2023-10-18T13:58:59.854+0000][7][gc,heap     ] GC(59) Humongous regions: 5->5
[2023-10-18T13:58:59.854+0000][7][gc,metaspace] GC(59) Metaspace: 117596K(119296K)->117596K(119296K) NonClass: 101839K(102784K)->101839K(102784K) Class: 15756K(16512K)->15756K(16512K)
[2023-10-18T13:58:59.854+0000][7][gc          ] GC(59) Pause Young (Normal) (G1 Evacuation Pause) 416M->122M(512M) 12.594ms
[2023-10-18T13:58:59.854+0000][7][gc,cpu      ] GC(59) User=0.03s Sys=0.01s Real=0.01s
[2023-10-18T13:58:59.854+0000][7][safepoint   ] Safepoint "G1CollectForAllocation", Time since last: 936102485 ns, Reaching safepoint: 38848 ns, At safepoint: 12654167 ns, Total: 12693015 ns
[2023-10-18T13:59:02.854+0000][7][safepoint   ] Safepoint "Cleanup", Time since last: 3000725903 ns, Reaching safepoint: 38340 ns, At safepoint: 5424 ns, Total: 43764 ns
[2023-10-18T13:59:04.856+0000][7][safepoint   ] Safepoint "Cleanup", Time since last: 2001192757 ns, Reaching safepoint: 46189 ns, At safepoint: 5495 ns, Total: 51684 ns
[2023-10-18T13:59:05.856+0000][7][safepoint   ] Safepoint "Cleanup", Time since last: 1000199309 ns, Reaching safepoint: 72890 ns, At safepoint: 4712 ns, Total: 77602 ns
[2023-10-18T13:59:07.856+0000][7][safepoint   ] Safepoint "Cleanup", Time since last: 2000144291 ns, Reaching safepoint: 103951 ns, At safepoint: 4694 ns, Total: 108645 ns
[2023-10-18T13:59:08.857+0000][7][safepoint   ] Safepoint "Cleanup", Time since last: 1000376243 ns, Reaching safepoint: 61055 ns, At safepoint: 8723 ns, Total: 69778 ns
[2023-10-18T13:59:09.857+0000][7][safepoint   ] Safepoint "Cleanup", Time since last: 1000092960 ns, Reaching safepoint: 70753 ns, At safepoint: 8053 ns, Total: 78806 ns
[2023-10-18T13:59:10.857+0000][7][safepoint   ] Safepoint "Cleanup", Time since last: 1000401344 ns, Reaching safepoint: 87851 ns, At safepoint: 14550 ns, Total: 102401 ns
[2023-10-18T13:59:11.858+0000][7][safepoint   ] Safepoint "Cleanup", Time since last: 1000338928 ns, Reaching safepoint: 31614 ns, At safepoint: 4661 ns, Total: 36275 ns
[2023-10-18T13:59:12.858+0000][7][safepoint   ] Safepoint "Cleanup", Time since last: 1000152418 ns, Reaching safepoint: 74670 ns, At safepoint: 4677 ns, Total: 79347 ns
[2023-10-18T13:59:14.858+0000][7][safepoint   ] Safepoint "Cleanup", Time since last: 2000226699 ns, Reaching safepoint: 56109 ns, At safepoint: 7978 ns, Total: 64087 ns
[2023-10-18T13:59:15.859+0000][7][safepoint   ] Safepoint "Cleanup", Time since last: 1000315368 ns, Reaching safepoint: 117950 ns, At safepoint: 10973 ns, Total: 128923 ns
[2023-10-18T13:59:17.727+0000][7][gc,start    ] GC(60) Pause Young (Normal) (G1 Evacuation Pause)
[2023-10-18T13:59:17.727+0000][7][gc,task     ] GC(60) Using 8 workers of 8 for evacuation
[2023-10-18T13:59:17.728+0000][7][gc,age      ] GC(60) Desired survivor size 20971520 bytes, new threshold 15 (max threshold 15)
[2023-10-18T13:59:17.731+0000][7][gc,age      ] GC(60) Age table with threshold 15 (max threshold 15)
[2023-10-18T13:59:17.731+0000][7][gc,age      ] GC(60) - age   1:    1737832 bytes,    1737832 total
[2023-10-18T13:59:17.731+0000][7][gc,age      ] GC(60) - age   2:    2002696 bytes,    3740528 total
[2023-10-18T13:59:17.731+0000][7][gc,age      ] GC(60) - age   3:     414904 bytes,    4155432 total
[2023-10-18T13:59:17.731+0000][7][gc,age      ] GC(60) - age   4:     302264 bytes,    4457696 total
[2023-10-18T13:59:17.731+0000][7][gc,age      ] GC(60) - age   5:     283920 bytes,    4741616 total
[2023-10-18T13:59:17.731+0000][7][gc,age      ] GC(60) - age   6:    1350760 bytes,    6092376 total
[2023-10-18T13:59:17.731+0000][7][gc,age      ] GC(60) - age   7:      57904 bytes,    6150280 total
[2023-10-18T13:59:17.731+0000][7][gc,age      ] GC(60) - age   8:     126144 bytes,    6276424 total
[2023-10-18T13:59:17.731+0000][7][gc,age      ] GC(60) - age   9:     152472 bytes,    6428896 total
[2023-10-18T13:59:17.731+0000][7][gc,age      ] GC(60) - age  10:     170776 bytes,    6599672 total
[2023-10-18T13:59:17.731+0000][7][gc,age      ] GC(60) - age  11:     169384 bytes,    6769056 total
[2023-10-18T13:59:17.731+0000][7][gc,age      ] GC(60) - age  12:     119168 bytes,    6888224 total
[2023-10-18T13:59:17.731+0000][7][gc,age      ] GC(60) - age  13:       1664 bytes,    6889888 total
[2023-10-18T13:59:17.731+0000][7][gc,age      ] GC(60) - age  14:      73760 bytes,    6963648 total
[2023-10-18T13:59:17.731+0000][7][gc,age      ] GC(60) - age  15:      16688 bytes,    6980336 total
[2023-10-18T13:59:17.731+0000][7][gc,phases   ] GC(60)   Pre Evacuate Collection Set: 0.1ms
[2023-10-18T13:59:17.731+0000][7][gc,phases   ] GC(60)   Merge Heap Roots: 0.2ms
[2023-10-18T13:59:17.731+0000][7][gc,phases   ] GC(60)   Evacuate Collection Set: 2.5ms
[2023-10-18T13:59:17.731+0000][7][gc,phases   ] GC(60)   Post Evacuate Collection Set: 0.6ms
[2023-10-18T13:59:17.731+0000][7][gc,phases   ] GC(60)   Other: 0.3ms
[2023-10-18T13:59:17.731+0000][7][gc,heap     ] GC(60) Eden regions: 74->0(74)
[2023-10-18T13:59:17.731+0000][7][gc,heap     ] GC(60) Survivor regions: 2->2(10)
[2023-10-18T13:59:17.731+0000][7][gc,heap     ] GC(60) Old regions: 23->23
[2023-10-18T13:59:17.731+0000][7][gc,heap     ] GC(60) Archive regions: 2->2
[2023-10-18T13:59:17.731+0000][7][gc,heap     ] GC(60) Humongous regions: 5->5
[2023-10-18T13:59:17.731+0000][7][gc,metaspace] GC(60) Metaspace: 117733K(119424K)->117733K(119424K) NonClass: 101965K(102912K)->101965K(102912K) Class: 15768K(16512K)->15768K(16512K)
[2023-10-18T13:59:17.731+0000][7][gc          ] GC(60) Pause Young (Normal) (G1 Evacuation Pause) 418M->122M(512M) 3.643ms
[2023-10-18T13:59:17.731+0000][7][gc,cpu      ] GC(60) User=0.02s Sys=0.00s Real=0.00s
[2023-10-18T13:59:17.731+0000][7][safepoint   ] Safepoint "G1CollectForAllocation", Time since last: 1868575646 ns, Reaching safepoint: 50102 ns, At safepoint: 3735255 ns, Total: 3785357 ns
[2023-10-18T13:59:18.731+0000][7][safepoint   ] Safepoint "Cleanup", Time since last: 1000199582 ns, Reaching safepoint: 136951 ns, At safepoint: 18373 ns, Total: 155324 ns
[2023-10-18T13:59:20.732+0000][7][safepoint   ] Safepoint "Cleanup", Time since last: 2000165367 ns, Reaching safepoint: 33439 ns, At safepoint: 3324 ns, Total: 36763 ns
[2023-10-18T13:59:21.732+0000][7][safepoint   ] Safepoint "Cleanup", Time since last: 1000349627 ns, Reaching safepoint: 75007 ns, At safepoint: 4327 ns, Total: 79334 ns
[2023-10-18T13:59:22.732+0000][7][safepoint   ] Safepoint "Cleanup", Time since last: 1000091109 ns, Reaching safepoint: 97954 ns, At safepoint: 7407 ns, Total: 105361 ns
[2023-10-18T13:59:24.733+0000][7][safepoint   ] Safepoint "Cleanup", Time since last: 2000152504 ns, Reaching safepoint: 82342 ns, At safepoint: 8693 ns, Total: 91035 ns
[2023-10-18T13:59:25.733+0000][7][safepoint   ] Safepoint "Cleanup", Time since last: 1000090135 ns, Reaching safepoint: 47148 ns, At safepoint: 32642 ns, Total: 79790 ns
[2023-10-18T13:59:27.733+0000][7][safepoint   ] Safepoint "Cleanup", Time since last: 2000191068 ns, Reaching safepoint: 60152 ns, At safepoint: 6146 ns, Total: 66298 ns
[2023-10-18T13:59:30.733+0000][7][safepoint   ] Safepoint "Cleanup", Time since last: 3000229297 ns, Reaching safepoint: 57003 ns, At safepoint: 8727 ns, Total: 65730 ns
[2023-10-18T13:59:32.734+0000][7][safepoint   ] Safepoint "Cleanup", Time since last: 2000189379 ns, Reaching safepoint: 94756 ns, At safepoint: 6043 ns, Total: 100799 ns
[2023-10-18T13:59:33.734+0000][7][safepoint   ] Safepoint "Cleanup", Time since last: 1000173756 ns, Reaching safepoint: 179224 ns, At safepoint: 5775 ns, Total: 184999 ns
[2023-10-18T13:59:34.631+0000][7][gc,start    ] GC(61) Pause Young (Normal) (G1 Evacuation Pause)
[2023-10-18T13:59:34.631+0000][7][gc,task     ] GC(61) Using 8 workers of 8 for evacuation
[2023-10-18T13:59:34.631+0000][7][gc,age      ] GC(61) Desired survivor size 20971520 bytes, new threshold 15 (max threshold 15)
[2023-10-18T13:59:34.635+0000][7][gc,age      ] GC(61) Age table with threshold 15 (max threshold 15)
[2023-10-18T13:59:34.635+0000][7][gc,age      ] GC(61) - age   1:    1910976 bytes,    1910976 total
[2023-10-18T13:59:34.635+0000][7][gc,age      ] GC(61) - age   2:     561968 bytes,    2472944 total
[2023-10-18T13:59:34.635+0000][7][gc,age      ] GC(61) - age   3:    1998992 bytes,    4471936 total
[2023-10-18T13:59:34.635+0000][7][gc,age      ] GC(61) - age   4:     348920 bytes,    4820856 total
[2023-10-18T13:59:34.635+0000][7][gc,age      ] GC(61) - age   5:     301528 bytes,    5122384 total
[2023-10-18T13:59:34.635+0000][7][gc,age      ] GC(61) - age   6:     283792 bytes,    5406176 total
[2023-10-18T13:59:34.635+0000][7][gc,age      ] GC(61) - age   7:    1350760 bytes,    6756936 total
[2023-10-18T13:59:34.635+0000][7][gc,age      ] GC(61) - age   8:      57904 bytes,    6814840 total
[2023-10-18T13:59:34.635+0000][7][gc,age      ] GC(61) - age   9:     126144 bytes,    6940984 total
[2023-10-18T13:59:34.635+0000][7][gc,age      ] GC(61) - age  10:     152472 bytes,    7093456 total
[2023-10-18T13:59:34.635+0000][7][gc,age      ] GC(61) - age  11:     170776 bytes,    7264232 total
[2023-10-18T13:59:34.635+0000][7][gc,age      ] GC(61) - age  12:     169384 bytes,    7433616 total
[2023-10-18T13:59:34.635+0000][7][gc,age      ] GC(61) - age  13:     119168 bytes,    7552784 total
[2023-10-18T13:59:34.635+0000][7][gc,age      ] GC(61) - age  14:       1664 bytes,    7554448 total
[2023-10-18T13:59:34.635+0000][7][gc,age      ] GC(61) - age  15:      73760 bytes,    7628208 total
[2023-10-18T13:59:34.635+0000][7][gc,phases   ] GC(61)   Pre Evacuate Collection Set: 0.1ms
[2023-10-18T13:59:34.635+0000][7][gc,phases   ] GC(61)   Merge Heap Roots: 0.0ms
[2023-10-18T13:59:34.635+0000][7][gc,phases   ] GC(61)   Evacuate Collection Set: 2.9ms
[2023-10-18T13:59:34.635+0000][7][gc,phases   ] GC(61)   Post Evacuate Collection Set: 0.6ms
[2023-10-18T13:59:34.635+0000][7][gc,phases   ] GC(61)   Other: 0.2ms
[2023-10-18T13:59:34.635+0000][7][gc,heap     ] GC(61) Eden regions: 74->0(74)
[2023-10-18T13:59:34.635+0000][7][gc,heap     ] GC(61) Survivor regions: 2->2(10)
[2023-10-18T13:59:34.635+0000][7][gc,heap     ] GC(61) Old regions: 23->23
[2023-10-18T13:59:34.635+0000][7][gc,heap     ] GC(61) Archive regions: 2->2
[2023-10-18T13:59:34.635+0000][7][gc,heap     ] GC(61) Humongous regions: 5->5
[2023-10-18T13:59:34.635+0000][7][gc,metaspace] GC(61) Metaspace: 117765K(119424K)->117765K(119424K) NonClass: 101997K(102912K)->101997K(102912K) Class: 15768K(16512K)->15768K(16512K)
[2023-10-18T13:59:34.635+0000][7][gc          ] GC(61) Pause Young (Normal) (G1 Evacuation Pause) 418M->123M(512M) 3.926ms
[2023-10-18T13:59:34.635+0000][7][gc,cpu      ] GC(61) User=0.03s Sys=0.00s Real=0.00s
[2023-10-18T13:59:34.635+0000][7][safepoint   ] Safepoint "G1CollectForAllocation", Time since last: 897292925 ns, Reaching safepoint: 58420 ns, At safepoint: 3998691 ns, Total: 4057111 ns
[2023-10-18T13:59:35.635+0000][7][safepoint   ] Safepoint "Cleanup", Time since last: 1000098045 ns, Reaching safepoint: 46954 ns, At safepoint: 6830 ns, Total: 53784 ns
[2023-10-18T13:59:36.636+0000][7][safepoint   ] Safepoint "Cleanup", Time since last: 1000103736 ns, Reaching safepoint: 68261 ns, At safepoint: 10510 ns, Total: 78771 ns
[2023-10-18T13:59:37.636+0000][7][safepoint   ] Safepoint "Cleanup", Time since last: 1000155202 ns, Reaching safepoint: 53125 ns, At safepoint: 6782 ns, Total: 59907 ns
[2023-10-18T13:59:39.636+0000][7][safepoint   ] Safepoint "Cleanup", Time since last: 2000200359 ns, Reaching safepoint: 112430 ns, At safepoint: 9115 ns, Total: 121545 ns
[2023-10-18T13:59:40.636+0000][7][safepoint   ] Safepoint "Cleanup", Time since last: 1000187919 ns, Reaching safepoint: 50546 ns, At safepoint: 24175 ns, Total: 74721 ns
[2023-10-18T13:59:42.637+0000][7][safepoint   ] Safepoint "Cleanup", Time since last: 2000253128 ns, Reaching safepoint: 130709 ns, At safepoint: 4724 ns, Total: 135433 ns
[2023-10-18T13:59:43.637+0000][7][safepoint   ] Safepoint "Cleanup", Time since last: 1000106476 ns, Reaching safepoint: 53350 ns, At safepoint: 9277 ns, Total: 62627 ns
[2023-10-18T13:59:44.643+0000][7][safepoint   ] Safepoint "Cleanup", Time since last: 1005500196 ns, Reaching safepoint: 113230 ns, At safepoint: 6433 ns, Total: 119663 ns
[2023-10-18T13:59:45.643+0000][7][safepoint   ] Safepoint "Cleanup", Time since last: 1000269305 ns, Reaching safepoint: 147317 ns, At safepoint: 21105 ns, Total: 168422 ns
[2023-10-18T13:59:46.643+0000][7][safepoint   ] Safepoint "Cleanup", Time since last: 1000117066 ns, Reaching safepoint: 74691 ns, At safepoint: 8535 ns, Total: 83226 ns
[2023-10-18T13:59:47.644+0000][7][safepoint   ] Safepoint "Cleanup", Time since last: 1000220943 ns, Reaching safepoint: 242203 ns, At safepoint: 13924 ns, Total: 256127 ns
[2023-10-18T13:59:48.644+0000][7][safepoint   ] Safepoint "Cleanup", Time since last: 1000470780 ns, Reaching safepoint: 47210 ns, At safepoint: 6786 ns, Total: 53996 ns
[2023-10-18T13:59:49.644+0000][7][safepoint   ] Safepoint "Cleanup", Time since last: 1000166389 ns, Reaching safepoint: 108468 ns, At safepoint: 7323 ns, Total: 115791 ns
[2023-10-18T13:59:50.645+0000][7][safepoint   ] Safepoint "Cleanup", Time since last: 1000145616 ns, Reaching safepoint: 71773 ns, At safepoint: 6308 ns, Total: 78081 ns
[2023-10-18T13:59:51.645+0000][7][safepoint   ] Safepoint "Cleanup", Time since last: 1000103730 ns, Reaching safepoint: 100596 ns, At safepoint: 3946 ns, Total: 104542 ns
[2023-10-18T13:59:52.645+0000][7][safepoint   ] Safepoint "Cleanup", Time since last: 1000317237 ns, Reaching safepoint: 73021 ns, At safepoint: 4609 ns, Total: 77630 ns
[2023-10-18T13:59:53.603+0000][7][gc,start    ] GC(62) Pause Young (Normal) (G1 Evacuation Pause)
[2023-10-18T13:59:53.603+0000][7][gc,task     ] GC(62) Using 8 workers of 8 for evacuation
[2023-10-18T13:59:53.603+0000][7][gc,age      ] GC(62) Desired survivor size 20971520 bytes, new threshold 15 (max threshold 15)
[2023-10-18T13:59:53.613+0000][7][gc,age      ] GC(62) Age table with threshold 15 (max threshold 15)
[2023-10-18T13:59:53.614+0000][7][gc,age      ] GC(62) - age   1:    1781272 bytes,    1781272 total
[2023-10-18T13:59:53.614+0000][7][gc,age      ] GC(62) - age   2:     701992 bytes,    2483264 total
[2023-10-18T13:59:53.614+0000][7][gc,age      ] GC(62) - age   3:     550960 bytes,    3034224 total
[2023-10-18T13:59:53.614+0000][7][gc,age      ] GC(62) - age   4:    1863024 bytes,    4897248 total
[2023-10-18T13:59:53.614+0000][7][gc,age      ] GC(62) - age   5:     283016 bytes,    5180264 total
[2023-10-18T13:59:53.614+0000][7][gc,age      ] GC(62) - age   6:     301272 bytes,    5481536 total
[2023-10-18T13:59:53.614+0000][7][gc,age      ] GC(62) - age   7:     283792 bytes,    5765328 total
[2023-10-18T13:59:53.614+0000][7][gc,age      ] GC(62) - age   8:    1350520 bytes,    7115848 total
[2023-10-18T13:59:53.614+0000][7][gc,age      ] GC(62) - age   9:      57904 bytes,    7173752 total
[2023-10-18T13:59:53.614+0000][7][gc,age      ] GC(62) - age  10:     126144 bytes,    7299896 total
[2023-10-18T13:59:53.614+0000][7][gc,age      ] GC(62) - age  11:     152472 bytes,    7452368 total
[2023-10-18T13:59:53.614+0000][7][gc,age      ] GC(62) - age  12:     170776 bytes,    7623144 total
[2023-10-18T13:59:53.614+0000][7][gc,age      ] GC(62) - age  13:     169384 bytes,    7792528 total
[2023-10-18T13:59:53.614+0000][7][gc,age      ] GC(62) - age  14:     119168 bytes,    7911696 total
[2023-10-18T13:59:53.614+0000][7][gc,age      ] GC(62) - age  15:       1664 bytes,    7913360 total
[2023-10-18T13:59:53.614+0000][7][gc,phases   ] GC(62)   Pre Evacuate Collection Set: 0.1ms
[2023-10-18T13:59:53.614+0000][7][gc,phases   ] GC(62)   Merge Heap Roots: 0.2ms
[2023-10-18T13:59:53.614+0000][7][gc,phases   ] GC(62)   Evacuate Collection Set: 7.2ms
[2023-10-18T13:59:53.614+0000][7][gc,phases   ] GC(62)   Post Evacuate Collection Set: 0.6ms
[2023-10-18T13:59:53.614+0000][7][gc,phases   ] GC(62)   Other: 2.3ms
[2023-10-18T13:59:53.614+0000][7][gc,heap     ] GC(62) Eden regions: 74->0(72)
[2023-10-18T13:59:53.614+0000][7][gc,heap     ] GC(62) Survivor regions: 2->3(10)
[2023-10-18T13:59:53.614+0000][7][gc,heap     ] GC(62) Old regions: 23->23
[2023-10-18T13:59:53.614+0000][7][gc,heap     ] GC(62) Archive regions: 2->2
[2023-10-18T13:59:53.614+0000][7][gc,heap     ] GC(62) Humongous regions: 5->5
[2023-10-18T13:59:53.614+0000][7][gc,metaspace] GC(62) Metaspace: 117777K(119488K)->117777K(119488K) NonClass: 102008K(102976K)->102008K(102976K) Class: 15768K(16512K)->15768K(16512K)
[2023-10-18T13:59:53.614+0000][7][gc          ] GC(62) Pause Young (Normal) (G1 Evacuation Pause) 419M->123M(512M) 10.392ms
[2023-10-18T13:59:53.614+0000][7][gc,cpu      ] GC(62) User=0.03s Sys=0.00s Real=0.01s
[2023-10-18T13:59:53.614+0000][7][safepoint   ] Safepoint "G1CollectForAllocation", Time since last: 957919054 ns, Reaching safepoint: 39204 ns, At safepoint: 10493876 ns, Total: 10533080 ns
[2023-10-18T13:59:54.614+0000][7][safepoint   ] Safepoint "Cleanup", Time since last: 1000084119 ns, Reaching safepoint: 69899 ns, At safepoint: 4522 ns, Total: 74421 ns
[2023-10-18T13:59:55.614+0000][7][safepoint   ] Safepoint "Cleanup", Time since last: 1000139395 ns, Reaching safepoint: 82918 ns, At safepoint: 8970 ns, Total: 91888 ns
[2023-10-18T13:59:57.615+0000][7][safepoint   ] Safepoint "Cleanup", Time since last: 2000250451 ns, Reaching safepoint: 162945 ns, At safepoint: 10113 ns, Total: 173058 ns
[2023-10-18T13:59:58.615+0000][7][safepoint   ] Safepoint "Cleanup", Time since last: 1000094323 ns, Reaching safepoint: 38523 ns, At safepoint: 35428 ns, Total: 73951 ns
[2023-10-18T14:00:00.615+0000][7][safepoint   ] Safepoint "Cleanup", Time since last: 2000422948 ns, Reaching safepoint: 83000 ns, At safepoint: 6345 ns, Total: 89345 ns
[2023-10-18T14:00:01.615+0000][7][safepoint   ] Safepoint "Cleanup", Time since last: 1000095784 ns, Reaching safepoint: 88115 ns, At safepoint: 4084 ns, Total: 92199 ns
[2023-10-18T14:00:06.616+0000][7][safepoint   ] Safepoint "Cleanup", Time since last: 5000649557 ns, Reaching safepoint: 120507 ns, At safepoint: 7442 ns, Total: 127949 ns
[2023-10-18T14:00:09.617+0000][7][safepoint   ] Safepoint "Cleanup", Time since last: 3000313043 ns, Reaching safepoint: 52436 ns, At safepoint: 3564 ns, Total: 56000 ns
[2023-10-18T14:00:10.305+0000][7][gc,start    ] GC(63) Pause Young (Normal) (G1 Evacuation Pause)
[2023-10-18T14:00:10.305+0000][7][gc,task     ] GC(63) Using 8 workers of 8 for evacuation
[2023-10-18T14:00:10.305+0000][7][gc,age      ] GC(63) Desired survivor size 20971520 bytes, new threshold 15 (max threshold 15)
[2023-10-18T14:00:10.310+0000][7][gc,age      ] GC(63) Age table with threshold 15 (max threshold 15)
[2023-10-18T14:00:10.310+0000][7][gc,age      ] GC(63) - age   1:    2158768 bytes,    2158768 total
[2023-10-18T14:00:10.310+0000][7][gc,age      ] GC(63) - age   2:     461544 bytes,    2620312 total
[2023-10-18T14:00:10.310+0000][7][gc,age      ] GC(63) - age   3:     700584 bytes,    3320896 total
[2023-10-18T14:00:10.310+0000][7][gc,age      ] GC(63) - age   4:     517168 bytes,    3838064 total
[2023-10-18T14:00:10.310+0000][7][gc,age      ] GC(63) - age   5:    1861584 bytes,    5699648 total
[2023-10-18T14:00:10.310+0000][7][gc,age      ] GC(63) - age   6:     282952 bytes,    5982600 total
[2023-10-18T14:00:10.310+0000][7][gc,age      ] GC(63) - age   7:     301272 bytes,    6283872 total
[2023-10-18T14:00:10.310+0000][7][gc,age      ] GC(63) - age   8:     283792 bytes,    6567664 total
[2023-10-18T14:00:10.310+0000][7][gc,age      ] GC(63) - age   9:    1350520 bytes,    7918184 total
[2023-10-18T14:00:10.310+0000][7][gc,age      ] GC(63) - age  10:      57904 bytes,    7976088 total
[2023-10-18T14:00:10.310+0000][7][gc,age      ] GC(63) - age  11:     126144 bytes,    8102232 total
[2023-10-18T14:00:10.310+0000][7][gc,age      ] GC(63) - age  12:     152472 bytes,    8254704 total
[2023-10-18T14:00:10.310+0000][7][gc,age      ] GC(63) - age  13:     170776 bytes,    8425480 total
[2023-10-18T14:00:10.310+0000][7][gc,age      ] GC(63) - age  14:     169384 bytes,    8594864 total
[2023-10-18T14:00:10.310+0000][7][gc,age      ] GC(63) - age  15:     119168 bytes,    8714032 total
[2023-10-18T14:00:10.310+0000][7][gc,phases   ] GC(63)   Pre Evacuate Collection Set: 0.1ms
[2023-10-18T14:00:10.310+0000][7][gc,phases   ] GC(63)   Merge Heap Roots: 0.1ms
[2023-10-18T14:00:10.310+0000][7][gc,phases   ] GC(63)   Evacuate Collection Set: 3.6ms
[2023-10-18T14:00:10.310+0000][7][gc,phases   ] GC(63)   Post Evacuate Collection Set: 0.8ms
[2023-10-18T14:00:10.310+0000][7][gc,phases   ] GC(63)   Other: 0.5ms
[2023-10-18T14:00:10.310+0000][7][gc,heap     ] GC(63) Eden regions: 72->0(72)
[2023-10-18T14:00:10.310+0000][7][gc,heap     ] GC(63) Survivor regions: 3->3(10)
[2023-10-18T14:00:10.310+0000][7][gc,heap     ] GC(63) Old regions: 23->23
[2023-10-18T14:00:10.310+0000][7][gc,heap     ] GC(63) Archive regions: 2->2
[2023-10-18T14:00:10.310+0000][7][gc,heap     ] GC(63) Humongous regions: 5->5
[2023-10-18T14:00:10.310+0000][7][gc,metaspace] GC(63) Metaspace: 117822K(119488K)->117822K(119488K) NonClass: 102053K(102976K)->102053K(102976K) Class: 15768K(16512K)->15768K(16512K)
[2023-10-18T14:00:10.310+0000][7][gc          ] GC(63) Pause Young (Normal) (G1 Evacuation Pause) 411M->124M(512M) 5.238ms
[2023-10-18T14:00:10.310+0000][7][gc,cpu      ] GC(63) User=0.03s Sys=0.00s Real=0.01s
[2023-10-18T14:00:10.310+0000][7][safepoint   ] Safepoint "G1CollectForAllocation", Time since last: 688279741 ns, Reaching safepoint: 155019 ns, At safepoint: 5393751 ns, Total: 5548770 ns
[2023-10-18T14:00:12.311+0000][7][safepoint   ] Safepoint "Cleanup", Time since last: 2000169668 ns, Reaching safepoint: 188482 ns, At safepoint: 34968 ns, Total: 223450 ns
[2023-10-18T14:00:15.311+0000][7][safepoint   ] Safepoint "Cleanup", Time since last: 3000365516 ns, Reaching safepoint: 134632 ns, At safepoint: 8297 ns, Total: 142929 ns
[2023-10-18T14:00:16.312+0000][7][safepoint   ] Safepoint "Cleanup", Time since last: 1000174191 ns, Reaching safepoint: 118107 ns, At safepoint: 8171 ns, Total: 126278 ns
[2023-10-18T14:00:17.312+0000][7][safepoint   ] Safepoint "Cleanup", Time since last: 1000254208 ns, Reaching safepoint: 47155 ns, At safepoint: 5479 ns, Total: 52634 ns
[2023-10-18T14:00:18.312+0000][7][safepoint   ] Safepoint "Cleanup", Time since last: 1000109896 ns, Reaching safepoint: 174935 ns, At safepoint: 5341 ns, Total: 180276 ns
[2023-10-18T14:00:25.313+0000][7][safepoint   ] Safepoint "Cleanup", Time since last: 7000660151 ns, Reaching safepoint: 86530 ns, At safepoint: 5052 ns, Total: 91582 ns
[2023-10-18T14:00:28.277+0000][7][gc,start    ] GC(64) Pause Young (Normal) (G1 Evacuation Pause)
[2023-10-18T14:00:28.277+0000][7][gc,task     ] GC(64) Using 8 workers of 8 for evacuation
[2023-10-18T14:00:28.277+0000][7][gc,age      ] GC(64) Desired survivor size 20971520 bytes, new threshold 15 (max threshold 15)
[2023-10-18T14:00:28.283+0000][7][gc,age      ] GC(64) Age table with threshold 15 (max threshold 15)
[2023-10-18T14:00:28.283+0000][7][gc,age      ] GC(64) - age   1:    2008408 bytes,    2008408 total
[2023-10-18T14:00:28.283+0000][7][gc,age      ] GC(64) - age   2:     557712 bytes,    2566120 total
[2023-10-18T14:00:28.283+0000][7][gc,age      ] GC(64) - age   3:     448832 bytes,    3014952 total
[2023-10-18T14:00:28.283+0000][7][gc,age      ] GC(64) - age   4:     561176 bytes,    3576128 total
[2023-10-18T14:00:28.283+0000][7][gc,age      ] GC(64) - age   5:     516064 bytes,    4092192 total
[2023-10-18T14:00:28.283+0000][7][gc,age      ] GC(64) - age   6:    1861584 bytes,    5953776 total
[2023-10-18T14:00:28.283+0000][7][gc,age      ] GC(64) - age   7:     282864 bytes,    6236640 total
[2023-10-18T14:00:28.283+0000][7][gc,age      ] GC(64) - age   8:     301088 bytes,    6537728 total
[2023-10-18T14:00:28.283+0000][7][gc,age      ] GC(64) - age   9:     283792 bytes,    6821520 total
[2023-10-18T14:00:28.283+0000][7][gc,age      ] GC(64) - age  10:    1350072 bytes,    8171592 total
[2023-10-18T14:00:28.283+0000][7][gc,age      ] GC(64) - age  11:      57904 bytes,    8229496 total
[2023-10-18T14:00:28.283+0000][7][gc,age      ] GC(64) - age  12:     126144 bytes,    8355640 total
[2023-10-18T14:00:28.283+0000][7][gc,age      ] GC(64) - age  13:     152472 bytes,    8508112 total
[2023-10-18T14:00:28.283+0000][7][gc,age      ] GC(64) - age  14:     170776 bytes,    8678888 total
[2023-10-18T14:00:28.283+0000][7][gc,age      ] GC(64) - age  15:     169384 bytes,    8848272 total
[2023-10-18T14:00:28.283+0000][7][gc,phases   ] GC(64)   Pre Evacuate Collection Set: 0.1ms
[2023-10-18T14:00:28.283+0000][7][gc,phases   ] GC(64)   Merge Heap Roots: 0.2ms
[2023-10-18T14:00:28.283+0000][7][gc,phases   ] GC(64)   Evacuate Collection Set: 5.4ms
[2023-10-18T14:00:28.283+0000][7][gc,phases   ] GC(64)   Post Evacuate Collection Set: 0.5ms
[2023-10-18T14:00:28.283+0000][7][gc,phases   ] GC(64)   Other: 0.4ms
[2023-10-18T14:00:28.283+0000][7][gc,heap     ] GC(64) Eden regions: 72->0(72)
[2023-10-18T14:00:28.283+0000][7][gc,heap     ] GC(64) Survivor regions: 3->3(10)
[2023-10-18T14:00:28.283+0000][7][gc,heap     ] GC(64) Old regions: 23->23
[2023-10-18T14:00:28.283+0000][7][gc,heap     ] GC(64) Archive regions: 2->2
[2023-10-18T14:00:28.283+0000][7][gc,heap     ] GC(64) Humongous regions: 5->5
[2023-10-18T14:00:28.283+0000][7][gc,metaspace] GC(64) Metaspace: 117839K(119552K)->117839K(119552K) NonClass: 102070K(103040K)->102070K(103040K) Class: 15768K(16512K)->15768K(16512K)
[2023-10-18T14:00:28.283+0000][7][gc          ] GC(64) Pause Young (Normal) (G1 Evacuation Pause) 412M->124M(512M) 6.505ms
[2023-10-18T14:00:28.283+0000][7][gc,cpu      ] GC(64) User=0.03s Sys=0.00s Real=0.00s
[2023-10-18T14:00:28.283+0000][7][safepoint   ] Safepoint "G1CollectForAllocation", Time since last: 2963661526 ns, Reaching safepoint: 85377 ns, At safepoint: 6636016 ns, Total: 6721393 ns
[2023-10-18T14:00:30.284+0000][7][safepoint   ] Safepoint "Cleanup", Time since last: 2000167410 ns, Reaching safepoint: 63146 ns, At safepoint: 28855 ns, Total: 92001 ns
[2023-10-18T14:00:32.284+0000][7][safepoint   ] Safepoint "Cleanup", Time since last: 2000184144 ns, Reaching safepoint: 61431 ns, At safepoint: 5007 ns, Total: 66438 ns
[2023-10-18T14:00:33.284+0000][7][safepoint   ] Safepoint "Cleanup", Time since last: 1000101269 ns, Reaching safepoint: 118542 ns, At safepoint: 6943 ns, Total: 125485 ns
[2023-10-18T14:00:38.285+0000][7][safepoint   ] Safepoint "Cleanup", Time since last: 5000428113 ns, Reaching safepoint: 82897 ns, At safepoint: 9328 ns, Total: 92225 ns
[2023-10-18T14:00:42.286+0000][7][safepoint   ] Safepoint "Cleanup", Time since last: 4000887672 ns, Reaching safepoint: 76666 ns, At safepoint: 4127 ns, Total: 80793 ns
[2023-10-18T14:00:44.822+0000][7][gc,start    ] GC(65) Pause Young (Normal) (G1 Evacuation Pause)
[2023-10-18T14:00:44.822+0000][7][gc,task     ] GC(65) Using 8 workers of 8 for evacuation
[2023-10-18T14:00:44.822+0000][7][gc,age      ] GC(65) Desired survivor size 20971520 bytes, new threshold 15 (max threshold 15)
[2023-10-18T14:00:44.827+0000][7][gc,age      ] GC(65) Age table with threshold 15 (max threshold 15)
[2023-10-18T14:00:44.827+0000][7][gc,age      ] GC(65) - age   1:    2131656 bytes,    2131656 total
[2023-10-18T14:00:44.827+0000][7][gc,age      ] GC(65) - age   2:     437240 bytes,    2568896 total
[2023-10-18T14:00:44.827+0000][7][gc,age      ] GC(65) - age   3:     556616 bytes,    3125512 total
[2023-10-18T14:00:44.827+0000][7][gc,age      ] GC(65) - age   4:     448176 bytes,    3573688 total
[2023-10-18T14:00:44.827+0000][7][gc,age      ] GC(65) - age   5:     560920 bytes,    4134608 total
[2023-10-18T14:00:44.827+0000][7][gc,age      ] GC(65) - age   6:     516000 bytes,    4650608 total
[2023-10-18T14:00:44.827+0000][7][gc,age      ] GC(65) - age   7:    1861584 bytes,    6512192 total
[2023-10-18T14:00:44.827+0000][7][gc,age      ] GC(65) - age   8:     282864 bytes,    6795056 total
[2023-10-18T14:00:44.827+0000][7][gc,age      ] GC(65) - age   9:     301088 bytes,    7096144 total
[2023-10-18T14:00:44.827+0000][7][gc,age      ] GC(65) - age  10:     283792 bytes,    7379936 total
[2023-10-18T14:00:44.827+0000][7][gc,age      ] GC(65) - age  11:    1350016 bytes,    8729952 total
[2023-10-18T14:00:44.827+0000][7][gc,age      ] GC(65) - age  12:      57904 bytes,    8787856 total
[2023-10-18T14:00:44.827+0000][7][gc,age      ] GC(65) - age  13:     126144 bytes,    8914000 total
[2023-10-18T14:00:44.827+0000][7][gc,age      ] GC(65) - age  14:     152472 bytes,    9066472 total
[2023-10-18T14:00:44.827+0000][7][gc,age      ] GC(65) - age  15:     170776 bytes,    9237248 total
[2023-10-18T14:00:44.827+0000][7][gc,phases   ] GC(65)   Pre Evacuate Collection Set: 0.1ms
[2023-10-18T14:00:44.827+0000][7][gc,phases   ] GC(65)   Merge Heap Roots: 0.0ms
[2023-10-18T14:00:44.827+0000][7][gc,phases   ] GC(65)   Evacuate Collection Set: 3.9ms
[2023-10-18T14:00:44.827+0000][7][gc,phases   ] GC(65)   Post Evacuate Collection Set: 1.1ms
[2023-10-18T14:00:44.827+0000][7][gc,phases   ] GC(65)   Other: 0.3ms
[2023-10-18T14:00:44.827+0000][7][gc,heap     ] GC(65) Eden regions: 72->0(71)
[2023-10-18T14:00:44.827+0000][7][gc,heap     ] GC(65) Survivor regions: 3->3(10)
[2023-10-18T14:00:44.827+0000][7][gc,heap     ] GC(65) Old regions: 23->24
[2023-10-18T14:00:44.827+0000][7][gc,heap     ] GC(65) Archive regions: 2->2
[2023-10-18T14:00:44.827+0000][7][gc,heap     ] GC(65) Humongous regions: 5->5
[2023-10-18T14:00:44.827+0000][7][gc,metaspace] GC(65) Metaspace: 117877K(119552K)->117877K(119552K) NonClass: 102108K(103040K)->102108K(103040K) Class: 15768K(16512K)->15768K(16512K)
[2023-10-18T14:00:44.827+0000][7][gc          ] GC(65) Pause Young (Normal) (G1 Evacuation Pause) 412M->125M(512M) 5.447ms
[2023-10-18T14:00:44.827+0000][7][gc,cpu      ] GC(65) User=0.03s Sys=0.00s Real=0.01s
[2023-10-18T14:00:44.827+0000][7][safepoint   ] Safepoint "G1CollectForAllocation", Time since last: 2536022154 ns, Reaching safepoint: 58999 ns, At safepoint: 5518216 ns, Total: 5577215 ns
[2023-10-18T14:00:45.828+0000][7][safepoint   ] Safepoint "Cleanup", Time since last: 1000166934 ns, Reaching safepoint: 188770 ns, At safepoint: 6316 ns, Total: 195086 ns
[2023-10-18T14:00:48.828+0000][7][safepoint   ] Safepoint "Cleanup", Time since last: 3000264468 ns, Reaching safepoint: 104841 ns, At safepoint: 4527 ns, Total: 109368 ns
[2023-10-18T14:00:54.829+0000][7][safepoint   ] Safepoint "Cleanup", Time since last: 6000562485 ns, Reaching safepoint: 98298 ns, At safepoint: 5782 ns, Total: 104080 ns
[2023-10-18T14:00:57.829+0000][7][safepoint   ] Safepoint "Cleanup", Time since last: 3000241245 ns, Reaching safepoint: 114850 ns, At safepoint: 7495 ns, Total: 122345 ns
[2023-10-18T14:00:58.829+0000][7][safepoint   ] Safepoint "Cleanup", Time since last: 1000119160 ns, Reaching safepoint: 70137 ns, At safepoint: 7216 ns, Total: 77353 ns
[2023-10-18T14:00:59.829+0000][7][safepoint   ] Safepoint "Cleanup", Time since last: 1000148345 ns, Reaching safepoint: 85289 ns, At safepoint: 54818 ns, Total: 140107 ns
[2023-10-18T14:01:00.723+0000][7][gc,start    ] GC(66) Pause Young (Normal) (G1 Evacuation Pause)
[2023-10-18T14:01:00.723+0000][7][gc,task     ] GC(66) Using 8 workers of 8 for evacuation
[2023-10-18T14:01:00.723+0000][7][gc,age      ] GC(66) Desired survivor size 20971520 bytes, new threshold 15 (max threshold 15)
[2023-10-18T14:01:00.728+0000][7][gc,age      ] GC(66) Age table with threshold 15 (max threshold 15)
[2023-10-18T14:01:00.728+0000][7][gc,age      ] GC(66) - age   1:    1918744 bytes,    1918744 total
[2023-10-18T14:01:00.728+0000][7][gc,age      ] GC(66) - age   2:    1003240 bytes,    2921984 total
[2023-10-18T14:01:00.728+0000][7][gc,age      ] GC(66) - age   3:     270872 bytes,    3192856 total
[2023-10-18T14:01:00.728+0000][7][gc,age      ] GC(66) - age   4:     401264 bytes,    3594120 total
[2023-10-18T14:01:00.728+0000][7][gc,age      ] GC(66) - age   5:     446912 bytes,    4041032 total
[2023-10-18T14:01:00.728+0000][7][gc,age      ] GC(66) - age   6:     499272 bytes,    4540304 total
[2023-10-18T14:01:00.728+0000][7][gc,age      ] GC(66) - age   7:     484008 bytes,    5024312 total
[2023-10-18T14:01:00.728+0000][7][gc,age      ] GC(66) - age   8:    1729200 bytes,    6753512 total
[2023-10-18T14:01:00.728+0000][7][gc,age      ] GC(66) - age   9:     282864 bytes,    7036376 total
[2023-10-18T14:01:00.728+0000][7][gc,age      ] GC(66) - age  10:     301088 bytes,    7337464 total
[2023-10-18T14:01:00.728+0000][7][gc,age      ] GC(66) - age  11:     283792 bytes,    7621256 total
[2023-10-18T14:01:00.728+0000][7][gc,age      ] GC(66) - age  12:    1349704 bytes,    8970960 total
[2023-10-18T14:01:00.728+0000][7][gc,age      ] GC(66) - age  13:      57904 bytes,    9028864 total
[2023-10-18T14:01:00.728+0000][7][gc,age      ] GC(66) - age  14:     126144 bytes,    9155008 total
[2023-10-18T14:01:00.728+0000][7][gc,age      ] GC(66) - age  15:     152472 bytes,    9307480 total
[2023-10-18T14:01:00.728+0000][7][gc,phases   ] GC(66)   Pre Evacuate Collection Set: 0.1ms
[2023-10-18T14:01:00.728+0000][7][gc,phases   ] GC(66)   Merge Heap Roots: 0.0ms
[2023-10-18T14:01:00.728+0000][7][gc,phases   ] GC(66)   Evacuate Collection Set: 3.8ms
[2023-10-18T14:01:00.728+0000][7][gc,phases   ] GC(66)   Post Evacuate Collection Set: 0.7ms
[2023-10-18T14:01:00.728+0000][7][gc,phases   ] GC(66)   Other: 0.2ms
[2023-10-18T14:01:00.728+0000][7][gc,heap     ] GC(66) Eden regions: 71->0(71)
[2023-10-18T14:01:00.728+0000][7][gc,heap     ] GC(66) Survivor regions: 3->3(10)
[2023-10-18T14:01:00.728+0000][7][gc,heap     ] GC(66) Old regions: 24->24
[2023-10-18T14:01:00.728+0000][7][gc,heap     ] GC(66) Archive regions: 2->2
[2023-10-18T14:01:00.728+0000][7][gc,heap     ] GC(66) Humongous regions: 5->5
[2023-10-18T14:01:00.728+0000][7][gc,metaspace] GC(66) Metaspace: 117928K(119616K)->117928K(119616K) NonClass: 102157K(103104K)->102157K(103104K) Class: 15771K(16512K)->15771K(16512K)
[2023-10-18T14:01:00.728+0000][7][gc          ] GC(66) Pause Young (Normal) (G1 Evacuation Pause) 409M->125M(512M) 4.902ms
[2023-10-18T14:01:00.728+0000][7][gc,cpu      ] GC(66) User=0.03s Sys=0.00s Real=0.01s
[2023-10-18T14:01:00.728+0000][7][safepoint   ] Safepoint "G1CollectForAllocation", Time since last: 893608261 ns, Reaching safepoint: 31325 ns, At safepoint: 4998160 ns, Total: 5029485 ns
[2023-10-18T14:01:03.728+0000][7][safepoint   ] Safepoint "Cleanup", Time since last: 3000279996 ns, Reaching safepoint: 71754 ns, At safepoint: 9391 ns, Total: 81145 ns
[2023-10-18T14:01:06.729+0000][7][safepoint   ] Safepoint "Cleanup", Time since last: 3000325866 ns, Reaching safepoint: 95092 ns, At safepoint: 11935 ns, Total: 107027 ns
[2023-10-18T14:01:09.729+0000][7][safepoint   ] Safepoint "Cleanup", Time since last: 3000440028 ns, Reaching safepoint: 186972 ns, At safepoint: 5253 ns, Total: 192225 ns
[2023-10-18T14:01:14.730+0000][7][safepoint   ] Safepoint "Cleanup", Time since last: 5000641521 ns, Reaching safepoint: 55116 ns, At safepoint: 5116 ns, Total: 60232 ns
[2023-10-18T14:01:15.731+0000][7][safepoint   ] Safepoint "Cleanup", Time since last: 1000378558 ns, Reaching safepoint: 57742 ns, At safepoint: 56104 ns, Total: 113846 ns
[2023-10-18T14:01:18.707+0000][7][gc,start    ] GC(67) Pause Young (Normal) (G1 Evacuation Pause)
[2023-10-18T14:01:18.707+0000][7][gc,task     ] GC(67) Using 8 workers of 8 for evacuation
[2023-10-18T14:01:18.707+0000][7][gc,age      ] GC(67) Desired survivor size 20971520 bytes, new threshold 15 (max threshold 15)
[2023-10-18T14:01:18.711+0000][7][gc,age      ] GC(67) Age table with threshold 15 (max threshold 15)
[2023-10-18T14:01:18.711+0000][7][gc,age      ] GC(67) - age   1:    2209480 bytes,    2209480 total
[2023-10-18T14:01:18.711+0000][7][gc,age      ] GC(67) - age   2:     843288 bytes,    3052768 total
[2023-10-18T14:01:18.711+0000][7][gc,age      ] GC(67) - age   3:     475440 bytes,    3528208 total
[2023-10-18T14:01:18.711+0000][7][gc,age      ] GC(67) - age   4:     268992 bytes,    3797200 total
[2023-10-18T14:01:18.711+0000][7][gc,age      ] GC(67) - age   5:     400408 bytes,    4197608 total
[2023-10-18T14:01:18.711+0000][7][gc,age      ] GC(67) - age   6:     446912 bytes,    4644520 total
[2023-10-18T14:01:18.711+0000][7][gc,age      ] GC(67) - age   7:     367728 bytes,    5012248 total
[2023-10-18T14:01:18.711+0000][7][gc,age      ] GC(67) - age   8:     483128 bytes,    5495376 total
[2023-10-18T14:01:18.711+0000][7][gc,age      ] GC(67) - age   9:    1729136 bytes,    7224512 total
[2023-10-18T14:01:18.711+0000][7][gc,age      ] GC(67) - age  10:     282864 bytes,    7507376 total
[2023-10-18T14:01:18.711+0000][7][gc,age      ] GC(67) - age  11:     301088 bytes,    7808464 total
[2023-10-18T14:01:18.711+0000][7][gc,age      ] GC(67) - age  12:     283792 bytes,    8092256 total
[2023-10-18T14:01:18.711+0000][7][gc,age      ] GC(67) - age  13:    1349704 bytes,    9441960 total
[2023-10-18T14:01:18.711+0000][7][gc,age      ] GC(67) - age  14:      57904 bytes,    9499864 total
[2023-10-18T14:01:18.711+0000][7][gc,age      ] GC(67) - age  15:     126144 bytes,    9626008 total
[2023-10-18T14:01:18.711+0000][7][gc,phases   ] GC(67)   Pre Evacuate Collection Set: 0.1ms
[2023-10-18T14:01:18.711+0000][7][gc,phases   ] GC(67)   Merge Heap Roots: 0.2ms
[2023-10-18T14:01:18.711+0000][7][gc,phases   ] GC(67)   Evacuate Collection Set: 3.3ms
[2023-10-18T14:01:18.711+0000][7][gc,phases   ] GC(67)   Post Evacuate Collection Set: 0.7ms
[2023-10-18T14:01:18.711+0000][7][gc,phases   ] GC(67)   Other: 0.3ms
[2023-10-18T14:01:18.711+0000][7][gc,heap     ] GC(67) Eden regions: 71->0(71)
[2023-10-18T14:01:18.711+0000][7][gc,heap     ] GC(67) Survivor regions: 3->3(10)
[2023-10-18T14:01:18.711+0000][7][gc,heap     ] GC(67) Old regions: 24->24
[2023-10-18T14:01:18.711+0000][7][gc,heap     ] GC(67) Archive regions: 2->2
[2023-10-18T14:01:18.711+0000][7][gc,heap     ] GC(67) Humongous regions: 5->5
[2023-10-18T14:01:18.711+0000][7][gc,metaspace] GC(67) Metaspace: 117941K(119616K)->117941K(119616K) NonClass: 102170K(103104K)->102170K(103104K) Class: 15771K(16512K)->15771K(16512K)
[2023-10-18T14:01:18.711+0000][7][gc          ] GC(67) Pause Young (Normal) (G1 Evacuation Pause) 409M->125M(512M) 4.526ms
[2023-10-18T14:01:18.711+0000][7][gc,cpu      ] GC(67) User=0.03s Sys=0.00s Real=0.00s
[2023-10-18T14:01:18.711+0000][7][safepoint   ] Safepoint "G1CollectForAllocation", Time since last: 2976120441 ns, Reaching safepoint: 107149 ns, At safepoint: 4603132 ns, Total: 4710281 ns
[2023-10-18T14:01:24.713+0000][7][safepoint   ] Safepoint "Cleanup", Time since last: 6000850128 ns, Reaching safepoint: 185620 ns, At safepoint: 5904 ns, Total: 191524 ns
[2023-10-18T14:01:25.910+0000][7][safepoint   ] Safepoint "Cleanup", Time since last: 1197832927 ns, Reaching safepoint: 83627 ns, At safepoint: 6417 ns, Total: 90044 ns
[2023-10-18T14:01:28.099+0000][7][safepoint   ] Safepoint "Cleanup", Time since last: 2188855517 ns, Reaching safepoint: 64324 ns, At safepoint: 6876 ns, Total: 71200 ns
[2023-10-18T14:01:30.100+0000][7][safepoint   ] Safepoint "Cleanup", Time since last: 2000147694 ns, Reaching safepoint: 38358 ns, At safepoint: 3234 ns, Total: 41592 ns
[2023-10-18T14:01:33.100+0000][7][safepoint   ] Safepoint "Cleanup", Time since last: 3000250155 ns, Reaching safepoint: 64865 ns, At safepoint: 6537 ns, Total: 71402 ns
[2023-10-18T14:01:35.823+0000][7][gc,start    ] GC(68) Pause Young (Normal) (G1 Evacuation Pause)
[2023-10-18T14:01:35.823+0000][7][gc,task     ] GC(68) Using 8 workers of 8 for evacuation
[2023-10-18T14:01:35.823+0000][7][gc,age      ] GC(68) Desired survivor size 20971520 bytes, new threshold 15 (max threshold 15)
[2023-10-18T14:01:35.833+0000][7][gc,age      ] GC(68) Age table with threshold 15 (max threshold 15)
[2023-10-18T14:01:35.834+0000][7][gc,age      ] GC(68) - age   1:    2210640 bytes,    2210640 total
[2023-10-18T14:01:35.834+0000][7][gc,age      ] GC(68) - age   2:    1039136 bytes,    3249776 total
[2023-10-18T14:01:35.834+0000][7][gc,age      ] GC(68) - age   3:     476672 bytes,    3726448 total
[2023-10-18T14:01:35.834+0000][7][gc,age      ] GC(68) - age   4:     316032 bytes,    4042480 total
[2023-10-18T14:01:35.834+0000][7][gc,age      ] GC(68) - age   5:     268736 bytes,    4311216 total
[2023-10-18T14:01:35.834+0000][7][gc,age      ] GC(68) - age   6:     400408 bytes,    4711624 total
[2023-10-18T14:01:35.834+0000][7][gc,age      ] GC(68) - age   7:     315824 bytes,    5027448 total
[2023-10-18T14:01:35.834+0000][7][gc,age      ] GC(68) - age   8:     367728 bytes,    5395176 total
[2023-10-18T14:01:35.834+0000][7][gc,age      ] GC(68) - age   9:     483064 bytes,    5878240 total
[2023-10-18T14:01:35.834+0000][7][gc,age      ] GC(68) - age  10:    1729136 bytes,    7607376 total
[2023-10-18T14:01:35.834+0000][7][gc,age      ] GC(68) - age  11:     282864 bytes,    7890240 total
[2023-10-18T14:01:35.834+0000][7][gc,age      ] GC(68) - age  12:     301088 bytes,    8191328 total
[2023-10-18T14:01:35.834+0000][7][gc,age      ] GC(68) - age  13:     283792 bytes,    8475120 total
[2023-10-18T14:01:35.834+0000][7][gc,age      ] GC(68) - age  14:    1349704 bytes,    9824824 total
[2023-10-18T14:01:35.834+0000][7][gc,age      ] GC(68) - age  15:      57904 bytes,    9882728 total
[2023-10-18T14:01:35.834+0000][7][gc,phases   ] GC(68)   Pre Evacuate Collection Set: 0.1ms
[2023-10-18T14:01:35.834+0000][7][gc,phases   ] GC(68)   Merge Heap Roots: 0.0ms
[2023-10-18T14:01:35.834+0000][7][gc,phases   ] GC(68)   Evacuate Collection Set: 9.5ms
[2023-10-18T14:01:35.834+0000][7][gc,phases   ] GC(68)   Post Evacuate Collection Set: 0.7ms
[2023-10-18T14:01:35.834+0000][7][gc,phases   ] GC(68)   Other: 0.3ms
[2023-10-18T14:01:35.834+0000][7][gc,heap     ] GC(68) Eden regions: 71->0(71)
[2023-10-18T14:01:35.834+0000][7][gc,heap     ] GC(68) Survivor regions: 3->3(10)
[2023-10-18T14:01:35.834+0000][7][gc,heap     ] GC(68) Old regions: 24->24
[2023-10-18T14:01:35.834+0000][7][gc,heap     ] GC(68) Archive regions: 2->2
[2023-10-18T14:01:35.834+0000][7][gc,heap     ] GC(68) Humongous regions: 5->5
[2023-10-18T14:01:35.834+0000][7][gc,metaspace] GC(68) Metaspace: 117948K(119616K)->117948K(119616K) NonClass: 102177K(103104K)->102177K(103104K) Class: 15771K(16512K)->15771K(16512K)
[2023-10-18T14:01:35.834+0000][7][gc          ] GC(68) Pause Young (Normal) (G1 Evacuation Pause) 409M->126M(512M) 10.740ms
[2023-10-18T14:01:35.834+0000][7][gc,cpu      ] GC(68) User=0.03s Sys=0.00s Real=0.01s
[2023-10-18T14:01:35.834+0000][7][safepoint   ] Safepoint "G1CollectForAllocation", Time since last: 2723089520 ns, Reaching safepoint: 67436 ns, At safepoint: 10851005 ns, Total: 10918441 ns
[2023-10-18T14:01:36.834+0000][7][safepoint   ] Safepoint "Cleanup", Time since last: 1000128979 ns, Reaching safepoint: 230112 ns, At safepoint: 8130 ns, Total: 238242 ns
[2023-10-18T14:01:38.835+0000][7][safepoint   ] Safepoint "Cleanup", Time since last: 2000253670 ns, Reaching safepoint: 95545 ns, At safepoint: 4227 ns, Total: 99772 ns
[2023-10-18T14:01:41.835+0000][7][safepoint   ] Safepoint "Cleanup", Time since last: 3000418531 ns, Reaching safepoint: 66194 ns, At safepoint: 11890 ns, Total: 78084 ns
[2023-10-18T14:01:42.836+0000][7][safepoint   ] Safepoint "Cleanup", Time since last: 1000231033 ns, Reaching safepoint: 167267 ns, At safepoint: 7739 ns, Total: 175006 ns
[2023-10-18T14:01:44.828+0000][7][safepoint   ] Safepoint "Cleanup", Time since last: 1988862491 ns, Reaching safepoint: 3275614 ns, At safepoint: 5563 ns, Total: 3281177 ns
[2023-10-18T14:01:45.828+0000][7][safepoint   ] Safepoint "Cleanup", Time since last: 1000105470 ns, Reaching safepoint: 62419 ns, At safepoint: 4465 ns, Total: 66884 ns
[2023-10-18T14:01:48.828+0000][7][safepoint   ] Safepoint "Cleanup", Time since last: 3000462542 ns, Reaching safepoint: 137562 ns, At safepoint: 7326 ns, Total: 144888 ns
[2023-10-18T14:01:53.816+0000][7][gc,start    ] GC(69) Pause Young (Normal) (G1 Evacuation Pause)
[2023-10-18T14:01:53.816+0000][7][gc,task     ] GC(69) Using 8 workers of 8 for evacuation
[2023-10-18T14:01:53.816+0000][7][gc,age      ] GC(69) Desired survivor size 20971520 bytes, new threshold 15 (max threshold 15)
[2023-10-18T14:01:53.821+0000][7][gc,age      ] GC(69) Age table with threshold 15 (max threshold 15)
[2023-10-18T14:01:53.821+0000][7][gc,age      ] GC(69) - age   1:    1503352 bytes,    1503352 total
[2023-10-18T14:01:53.821+0000][7][gc,age      ] GC(69) - age   2:    1168984 bytes,    2672336 total
[2023-10-18T14:01:53.821+0000][7][gc,age      ] GC(69) - age   3:     850688 bytes,    3523024 total
[2023-10-18T14:01:53.821+0000][7][gc,age      ] GC(69) - age   4:     475152 bytes,    3998176 total
[2023-10-18T14:01:53.821+0000][7][gc,age      ] GC(69) - age   5:     315776 bytes,    4313952 total
[2023-10-18T14:01:53.821+0000][7][gc,age      ] GC(69) - age   6:     268416 bytes,    4582368 total
[2023-10-18T14:01:53.821+0000][7][gc,age      ] GC(69) - age   7:     400216 bytes,    4982584 total
[2023-10-18T14:01:53.821+0000][7][gc,age      ] GC(69) - age   8:     315696 bytes,    5298280 total
[2023-10-18T14:01:53.821+0000][7][gc,age      ] GC(69) - age   9:     367664 bytes,    5665944 total
[2023-10-18T14:01:53.821+0000][7][gc,age      ] GC(69) - age  10:     483064 bytes,    6149008 total
[2023-10-18T14:01:53.821+0000][7][gc,age      ] GC(69) - age  11:    1729136 bytes,    7878144 total
[2023-10-18T14:01:53.821+0000][7][gc,age      ] GC(69) - age  12:     282864 bytes,    8161008 total
[2023-10-18T14:01:53.821+0000][7][gc,age      ] GC(69) - age  13:     301088 bytes,    8462096 total
[2023-10-18T14:01:53.821+0000][7][gc,age      ] GC(69) - age  14:     283792 bytes,    8745888 total
[2023-10-18T14:01:53.821+0000][7][gc,age      ] GC(69) - age  15:    1349704 bytes,   10095592 total
[2023-10-18T14:01:53.821+0000][7][gc,phases   ] GC(69)   Pre Evacuate Collection Set: 0.1ms
[2023-10-18T14:01:53.821+0000][7][gc,phases   ] GC(69)   Merge Heap Roots: 0.0ms
[2023-10-18T14:01:53.821+0000][7][gc,phases   ] GC(69)   Evacuate Collection Set: 3.6ms
[2023-10-18T14:01:53.821+0000][7][gc,phases   ] GC(69)   Post Evacuate Collection Set: 0.7ms
[2023-10-18T14:01:53.821+0000][7][gc,phases   ] GC(69)   Other: 0.3ms
[2023-10-18T14:01:53.821+0000][7][gc,heap     ] GC(69) Eden regions: 71->0(71)
[2023-10-18T14:01:53.821+0000][7][gc,heap     ] GC(69) Survivor regions: 3->3(10)
[2023-10-18T14:01:53.821+0000][7][gc,heap     ] GC(69) Old regions: 24->24
[2023-10-18T14:01:53.821+0000][7][gc,heap     ] GC(69) Archive regions: 2->2
[2023-10-18T14:01:53.821+0000][7][gc,heap     ] GC(69) Humongous regions: 5->5
[2023-10-18T14:01:53.821+0000][7][gc,metaspace] GC(69) Metaspace: 117979K(119680K)->117979K(119680K) NonClass: 102208K(103168K)->102208K(103168K) Class: 15771K(16512K)->15771K(16512K)
[2023-10-18T14:01:53.821+0000][7][gc          ] GC(69) Pause Young (Normal) (G1 Evacuation Pause) 410M->126M(512M) 4.823ms
[2023-10-18T14:01:53.821+0000][7][gc,cpu      ] GC(69) User=0.02s Sys=0.00s Real=0.00s
[2023-10-18T14:01:53.821+0000][7][safepoint   ] Safepoint "G1CollectForAllocation", Time since last: 4987772181 ns, Reaching safepoint: 71414 ns, At safepoint: 4888113 ns, Total: 4959527 ns
[2023-10-18T14:01:56.822+0000][7][safepoint   ] Safepoint "Cleanup", Time since last: 3000358654 ns, Reaching safepoint: 45326 ns, At safepoint: 4384 ns, Total: 49710 ns
[2023-10-18T14:01:57.822+0000][7][safepoint   ] Safepoint "Cleanup", Time since last: 1000143283 ns, Reaching safepoint: 50888 ns, At safepoint: 3813 ns, Total: 54701 ns
[2023-10-18T14:02:00.822+0000][7][safepoint   ] Safepoint "Cleanup", Time since last: 3000545676 ns, Reaching safepoint: 102311 ns, At safepoint: 6471 ns, Total: 108782 ns
[2023-10-18T14:02:02.825+0000][7][safepoint   ] Safepoint "Cleanup", Time since last: 2000426220 ns, Reaching safepoint: 2223006 ns, At safepoint: 34893 ns, Total: 2257899 ns
[2023-10-18T14:02:10.780+0000][7][gc,start    ] GC(70) Pause Young (Normal) (G1 Evacuation Pause)
[2023-10-18T14:02:10.781+0000][7][gc,task     ] GC(70) Using 8 workers of 8 for evacuation
[2023-10-18T14:02:10.781+0000][7][gc,age      ] GC(70) Desired survivor size 20971520 bytes, new threshold 15 (max threshold 15)
[2023-10-18T14:02:10.794+0000][7][gc,age      ] GC(70) Age table with threshold 15 (max threshold 15)
[2023-10-18T14:02:10.794+0000][7][gc,age      ] GC(70) - age   1:    1906576 bytes,    1906576 total
[2023-10-18T14:02:10.794+0000][7][gc,age      ] GC(70) - age   2:     748808 bytes,    2655384 total
[2023-10-18T14:02:10.794+0000][7][gc,age      ] GC(70) - age   3:     714248 bytes,    3369632 total
[2023-10-18T14:02:10.794+0000][7][gc,age      ] GC(70) - age   4:     729416 bytes,    4099048 total
[2023-10-18T14:02:10.794+0000][7][gc,age      ] GC(70) - age   5:     371944 bytes,    4470992 total
[2023-10-18T14:02:10.794+0000][7][gc,age      ] GC(70) - age   6:     315488 bytes,    4786480 total
[2023-10-18T14:02:10.794+0000][7][gc,age      ] GC(70) - age   7:     268352 bytes,    5054832 total
[2023-10-18T14:02:10.794+0000][7][gc,age      ] GC(70) - age   8:     400216 bytes,    5455048 total
[2023-10-18T14:02:10.794+0000][7][gc,age      ] GC(70) - age   9:     315696 bytes,    5770744 total
[2023-10-18T14:02:10.794+0000][7][gc,age      ] GC(70) - age  10:     367664 bytes,    6138408 total
[2023-10-18T14:02:10.794+0000][7][gc,age      ] GC(70) - age  11:     483064 bytes,    6621472 total
[2023-10-18T14:02:10.794+0000][7][gc,age      ] GC(70) - age  12:    1728688 bytes,    8350160 total
[2023-10-18T14:02:10.794+0000][7][gc,age      ] GC(70) - age  13:     282864 bytes,    8633024 total
[2023-10-18T14:02:10.794+0000][7][gc,age      ] GC(70) - age  14:     301088 bytes,    8934112 total
[2023-10-18T14:02:10.794+0000][7][gc,age      ] GC(70) - age  15:     283792 bytes,    9217904 total
[2023-10-18T14:02:10.794+0000][7][gc,phases   ] GC(70)   Pre Evacuate Collection Set: 0.1ms
[2023-10-18T14:02:10.794+0000][7][gc,phases   ] GC(70)   Merge Heap Roots: 0.0ms
[2023-10-18T14:02:10.794+0000][7][gc,phases   ] GC(70)   Evacuate Collection Set: 12.2ms
[2023-10-18T14:02:10.794+0000][7][gc,phases   ] GC(70)   Post Evacuate Collection Set: 0.6ms
[2023-10-18T14:02:10.794+0000][7][gc,phases   ] GC(70)   Other: 0.3ms
[2023-10-18T14:02:10.794+0000][7][gc,heap     ] GC(70) Eden regions: 71->0(71)
[2023-10-18T14:02:10.794+0000][7][gc,heap     ] GC(70) Survivor regions: 3->3(10)
[2023-10-18T14:02:10.794+0000][7][gc,heap     ] GC(70) Old regions: 24->24
[2023-10-18T14:02:10.794+0000][7][gc,heap     ] GC(70) Archive regions: 2->2
[2023-10-18T14:02:10.794+0000][7][gc,heap     ] GC(70) Humongous regions: 5->5
[2023-10-18T14:02:10.794+0000][7][gc,metaspace] GC(70) Metaspace: 118005K(119680K)->118005K(119680K) NonClass: 102234K(103168K)->102234K(103168K) Class: 15771K(16512K)->15771K(16512K)
[2023-10-18T14:02:10.794+0000][7][gc          ] GC(70) Pause Young (Normal) (G1 Evacuation Pause) 410M->127M(512M) 13.301ms
[2023-10-18T14:02:10.794+0000][7][gc,cpu      ] GC(70) User=0.03s Sys=0.00s Real=0.01s
[2023-10-18T14:02:10.794+0000][7][safepoint   ] Safepoint "G1CollectForAllocation", Time since last: 7955229202 ns, Reaching safepoint: 43012 ns, At safepoint: 13421315 ns, Total: 13464327 ns
[2023-10-18T14:02:14.794+0000][7][safepoint   ] Safepoint "Cleanup", Time since last: 4000485661 ns, Reaching safepoint: 73932 ns, At safepoint: 5635 ns, Total: 79567 ns
[2023-10-18T14:02:15.796+0000][7][safepoint   ] Safepoint "Cleanup", Time since last: 1000116684 ns, Reaching safepoint: 1096508 ns, At safepoint: 32862 ns, Total: 1129370 ns
[2023-10-18T14:02:16.809+0000][7][safepoint   ] Safepoint "Cleanup", Time since last: 1000151969 ns, Reaching safepoint: 13264138 ns, At safepoint: 49233 ns, Total: 13313371 ns
[2023-10-18T14:02:17.809+0000][7][safepoint   ] Safepoint "Cleanup", Time since last: 1000136691 ns, Reaching safepoint: 84048 ns, At safepoint: 5012 ns, Total: 89060 ns
[2023-10-18T14:02:18.809+0000][7][safepoint   ] Safepoint "Cleanup", Time since last: 1000064913 ns, Reaching safepoint: 65474 ns, At safepoint: 24542 ns, Total: 90016 ns
[2023-10-18T14:02:20.810+0000][7][safepoint   ] Safepoint "Cleanup", Time since last: 2000202780 ns, Reaching safepoint: 41673 ns, At safepoint: 23625 ns, Total: 65298 ns
[2023-10-18T14:02:21.810+0000][7][safepoint   ] Safepoint "Cleanup", Time since last: 1000199071 ns, Reaching safepoint: 301304 ns, At safepoint: 18940 ns, Total: 320244 ns
[2023-10-18T14:02:22.811+0000][7][safepoint   ] Safepoint "Cleanup", Time since last: 1000210182 ns, Reaching safepoint: 53355 ns, At safepoint: 5189 ns, Total: 58544 ns
[2023-10-18T14:02:24.811+0000][7][safepoint   ] Safepoint "Cleanup", Time since last: 2000260612 ns, Reaching safepoint: 166357 ns, At safepoint: 22836 ns, Total: 189193 ns
[2023-10-18T14:02:25.811+0000][7][safepoint   ] Safepoint "Cleanup", Time since last: 1000264770 ns, Reaching safepoint: 48276 ns, At safepoint: 6220 ns, Total: 54496 ns
[2023-10-18T14:02:26.812+0000][7][safepoint   ] Safepoint "Cleanup", Time since last: 1000150667 ns, Reaching safepoint: 51832 ns, At safepoint: 3980 ns, Total: 55812 ns
[2023-10-18T14:02:29.812+0000][7][safepoint   ] Safepoint "Cleanup", Time since last: 3000428943 ns, Reaching safepoint: 73741 ns, At safepoint: 6534 ns, Total: 80275 ns
[2023-10-18T14:02:29.822+0000][7][gc,start    ] GC(71) Pause Young (Normal) (G1 Evacuation Pause)
[2023-10-18T14:02:29.822+0000][7][gc,task     ] GC(71) Using 8 workers of 8 for evacuation
[2023-10-18T14:02:29.822+0000][7][gc,age      ] GC(71) Desired survivor size 20971520 bytes, new threshold 15 (max threshold 15)
[2023-10-18T14:02:29.828+0000][7][gc,age      ] GC(71) Age table with threshold 15 (max threshold 15)
[2023-10-18T14:02:29.828+0000][7][gc,age      ] GC(71) - age   1:    2186344 bytes,    2186344 total
[2023-10-18T14:02:29.828+0000][7][gc,age      ] GC(71) - age   2:     980448 bytes,    3166792 total
[2023-10-18T14:02:29.828+0000][7][gc,age      ] GC(71) - age   3:     500848 bytes,    3667640 total
[2023-10-18T14:02:29.828+0000][7][gc,age      ] GC(71) - age   4:     512672 bytes,    4180312 total
[2023-10-18T14:02:29.828+0000][7][gc,age      ] GC(71) - age   5:     726880 bytes,    4907192 total
[2023-10-18T14:02:29.828+0000][7][gc,age      ] GC(71) - age   6:     371752 bytes,    5278944 total
[2023-10-18T14:02:29.828+0000][7][gc,age      ] GC(71) - age   7:     315288 bytes,    5594232 total
[2023-10-18T14:02:29.828+0000][7][gc,age      ] GC(71) - age   8:     268168 bytes,    5862400 total
[2023-10-18T14:02:29.828+0000][7][gc,age      ] GC(71) - age   9:     400184 bytes,    6262584 total
[2023-10-18T14:02:29.828+0000][7][gc,age      ] GC(71) - age  10:     315696 bytes,    6578280 total
[2023-10-18T14:02:29.828+0000][7][gc,age      ] GC(71) - age  11:     367664 bytes,    6945944 total
[2023-10-18T14:02:29.828+0000][7][gc,age      ] GC(71) - age  12:     481992 bytes,    7427936 total
[2023-10-18T14:02:29.828+0000][7][gc,age      ] GC(71) - age  13:    1728688 bytes,    9156624 total
[2023-10-18T14:02:29.828+0000][7][gc,age      ] GC(71) - age  14:     282864 bytes,    9439488 total
[2023-10-18T14:02:29.828+0000][7][gc,age      ] GC(71) - age  15:     300888 bytes,    9740376 total
[2023-10-18T14:02:29.828+0000][7][gc,phases   ] GC(71)   Pre Evacuate Collection Set: 0.0ms
[2023-10-18T14:02:29.828+0000][7][gc,phases   ] GC(71)   Merge Heap Roots: 0.0ms
[2023-10-18T14:02:29.828+0000][7][gc,phases   ] GC(71)   Evacuate Collection Set: 4.7ms
[2023-10-18T14:02:29.828+0000][7][gc,phases   ] GC(71)   Post Evacuate Collection Set: 0.6ms
[2023-10-18T14:02:29.828+0000][7][gc,phases   ] GC(71)   Other: 0.2ms
[2023-10-18T14:02:29.828+0000][7][gc,heap     ] GC(71) Eden regions: 71->0(71)
[2023-10-18T14:02:29.828+0000][7][gc,heap     ] GC(71) Survivor regions: 3->3(10)
[2023-10-18T14:02:29.828+0000][7][gc,heap     ] GC(71) Old regions: 24->24
[2023-10-18T14:02:29.828+0000][7][gc,heap     ] GC(71) Archive regions: 2->2
[2023-10-18T14:02:29.828+0000][7][gc,heap     ] GC(71) Humongous regions: 5->5
[2023-10-18T14:02:29.828+0000][7][gc,metaspace] GC(71) Metaspace: 118198K(119936K)->118198K(119936K) NonClass: 102382K(103360K)->102382K(103360K) Class: 15815K(16576K)->15815K(16576K)
[2023-10-18T14:02:29.828+0000][7][gc          ] GC(71) Pause Young (Normal) (G1 Evacuation Pause) 411M->127M(512M) 5.662ms
[2023-10-18T14:02:29.828+0000][7][gc,cpu      ] GC(71) User=0.02s Sys=0.01s Real=0.01s
[2023-10-18T14:02:29.828+0000][7][safepoint   ] Safepoint "G1CollectForAllocation", Time since last: 10222960 ns, Reaching safepoint: 45451 ns, At safepoint: 5743125 ns, Total: 5788576 ns
[2023-10-18T14:02:30.828+0000][7][safepoint   ] Safepoint "Cleanup", Time since last: 1000078311 ns, Reaching safepoint: 80876 ns, At safepoint: 10007 ns, Total: 90883 ns
[2023-10-18T14:02:32.829+0000][7][safepoint   ] Safepoint "Cleanup", Time since last: 2000252559 ns, Reaching safepoint: 61347 ns, At safepoint: 5543 ns, Total: 66890 ns
[2023-10-18T14:02:33.829+0000][7][safepoint   ] Safepoint "Cleanup", Time since last: 1000153624 ns, Reaching safepoint: 149870 ns, At safepoint: 9692 ns, Total: 159562 ns
[2023-10-18T14:02:34.829+0000][7][safepoint   ] Safepoint "Cleanup", Time since last: 1000106851 ns, Reaching safepoint: 53188 ns, At safepoint: 3865 ns, Total: 57053 ns
[2023-10-18T14:02:36.829+0000][7][safepoint   ] Safepoint "Cleanup", Time since last: 2000195387 ns, Reaching safepoint: 149302 ns, At safepoint: 3277 ns, Total: 152579 ns
[2023-10-18T14:02:38.830+0000][7][safepoint   ] Safepoint "Cleanup", Time since last: 2000197343 ns, Reaching safepoint: 129586 ns, At safepoint: 6161 ns, Total: 135747 ns
[2023-10-18T14:02:41.830+0000][7][safepoint   ] Safepoint "Cleanup", Time since last: 3000274021 ns, Reaching safepoint: 75337 ns, At safepoint: 5155 ns, Total: 80492 ns
[2023-10-18T14:02:42.830+0000][7][safepoint   ] Safepoint "Cleanup", Time since last: 1000157302 ns, Reaching safepoint: 123065 ns, At safepoint: 8592 ns, Total: 131657 ns
[2023-10-18T14:02:44.834+0000][7][safepoint   ] Safepoint "Cleanup", Time since last: 2000231942 ns, Reaching safepoint: 3197254 ns, At safepoint: 7963 ns, Total: 3205217 ns
[2023-10-18T14:02:47.245+0000][7][gc,start    ] GC(72) Pause Young (Normal) (G1 Evacuation Pause)
[2023-10-18T14:02:47.245+0000][7][gc,task     ] GC(72) Using 8 workers of 8 for evacuation
[2023-10-18T14:02:47.245+0000][7][gc,age      ] GC(72) Desired survivor size 20971520 bytes, new threshold 15 (max threshold 15)
[2023-10-18T14:02:47.249+0000][7][gc,age      ] GC(72) Age table with threshold 15 (max threshold 15)
[2023-10-18T14:02:47.249+0000][7][gc,age      ] GC(72) - age   1:    1978344 bytes,    1978344 total
[2023-10-18T14:02:47.249+0000][7][gc,age      ] GC(72) - age   2:    1052320 bytes,    3030664 total
[2023-10-18T14:02:47.249+0000][7][gc,age      ] GC(72) - age   3:     554720 bytes,    3585384 total
[2023-10-18T14:02:47.249+0000][7][gc,age      ] GC(72) - age   4:     500528 bytes,    4085912 total
[2023-10-18T14:02:47.249+0000][7][gc,age      ] GC(72) - age   5:     512352 bytes,    4598264 total
[2023-10-18T14:02:47.249+0000][7][gc,age      ] GC(72) - age   6:     565040 bytes,    5163304 total
[2023-10-18T14:02:47.249+0000][7][gc,age      ] GC(72) - age   7:     371752 bytes,    5535056 total
[2023-10-18T14:02:47.249+0000][7][gc,age      ] GC(72) - age   8:     315288 bytes,    5850344 total
[2023-10-18T14:02:47.249+0000][7][gc,age      ] GC(72) - age   9:     268168 bytes,    6118512 total
[2023-10-18T14:02:47.249+0000][7][gc,age      ] GC(72) - age  10:     400120 bytes,    6518632 total
[2023-10-18T14:02:47.249+0000][7][gc,age      ] GC(72) - age  11:     315696 bytes,    6834328 total
[2023-10-18T14:02:47.249+0000][7][gc,age      ] GC(72) - age  12:     367664 bytes,    7201992 total
[2023-10-18T14:02:47.249+0000][7][gc,age      ] GC(72) - age  13:     481992 bytes,    7683984 total
[2023-10-18T14:02:47.249+0000][7][gc,age      ] GC(72) - age  14:    1728688 bytes,    9412672 total
[2023-10-18T14:02:47.249+0000][7][gc,age      ] GC(72) - age  15:     282864 bytes,    9695536 total
[2023-10-18T14:02:47.249+0000][7][gc,phases   ] GC(72)   Pre Evacuate Collection Set: 0.1ms
[2023-10-18T14:02:47.249+0000][7][gc,phases   ] GC(72)   Merge Heap Roots: 0.1ms
[2023-10-18T14:02:47.249+0000][7][gc,phases   ] GC(72)   Evacuate Collection Set: 3.4ms
[2023-10-18T14:02:47.249+0000][7][gc,phases   ] GC(72)   Post Evacuate Collection Set: 0.7ms
[2023-10-18T14:02:47.249+0000][7][gc,phases   ] GC(72)   Other: 0.3ms
[2023-10-18T14:02:47.249+0000][7][gc,heap     ] GC(72) Eden regions: 71->0(71)
[2023-10-18T14:02:47.249+0000][7][gc,heap     ] GC(72) Survivor regions: 3->3(10)
[2023-10-18T14:02:47.249+0000][7][gc,heap     ] GC(72) Old regions: 24->24
[2023-10-18T14:02:47.249+0000][7][gc,heap     ] GC(72) Archive regions: 2->2
[2023-10-18T14:02:47.249+0000][7][gc,heap     ] GC(72) Humongous regions: 5->5
[2023-10-18T14:02:47.249+0000][7][gc,metaspace] GC(72) Metaspace: 118209K(120000K)->118209K(120000K) NonClass: 102393K(103424K)->102393K(103424K) Class: 15815K(16576K)->15815K(16576K)
[2023-10-18T14:02:47.249+0000][7][gc          ] GC(72) Pause Young (Normal) (G1 Evacuation Pause) 411M->127M(512M) 4.532ms
[2023-10-18T14:02:47.249+0000][7][gc,cpu      ] GC(72) User=0.02s Sys=0.00s Real=0.01s
[2023-10-18T14:02:47.249+0000][7][safepoint   ] Safepoint "G1CollectForAllocation", Time since last: 2410935517 ns, Reaching safepoint: 37602 ns, At safepoint: 4606683 ns, Total: 4644285 ns
[2023-10-18T14:02:48.249+0000][7][safepoint   ] Safepoint "Cleanup", Time since last: 1000057128 ns, Reaching safepoint: 41129 ns, At safepoint: 3305 ns, Total: 44434 ns
[2023-10-18T14:02:50.250+0000][7][safepoint   ] Safepoint "Cleanup", Time since last: 2000208756 ns, Reaching safepoint: 58485 ns, At safepoint: 3428 ns, Total: 61913 ns
[2023-10-18T14:02:54.250+0000][7][safepoint   ] Safepoint "Cleanup", Time since last: 4000467146 ns, Reaching safepoint: 144957 ns, At safepoint: 3517 ns, Total: 148474 ns
[2023-10-18T14:02:57.251+0000][7][safepoint   ] Safepoint "Cleanup", Time since last: 3000515256 ns, Reaching safepoint: 37026 ns, At safepoint: 3811 ns, Total: 40837 ns
[2023-10-18T14:03:00.251+0000][7][safepoint   ] Safepoint "Cleanup", Time since last: 3000298176 ns, Reaching safepoint: 88598 ns, At safepoint: 5881 ns, Total: 94479 ns
[2023-10-18T14:03:02.252+0000][7][safepoint   ] Safepoint "Cleanup", Time since last: 2000197213 ns, Reaching safepoint: 100580 ns, At safepoint: 6331 ns, Total: 106911 ns
[2023-10-18T14:03:04.068+0000][7][gc,start    ] GC(73) Pause Young (Normal) (G1 Evacuation Pause)
[2023-10-18T14:03:04.068+0000][7][gc,task     ] GC(73) Using 8 workers of 8 for evacuation
[2023-10-18T14:03:04.068+0000][7][gc,age      ] GC(73) Desired survivor size 20971520 bytes, new threshold 15 (max threshold 15)
[2023-10-18T14:03:04.084+0000][7][gc,age      ] GC(73) Age table with threshold 15 (max threshold 15)
[2023-10-18T14:03:04.084+0000][7][gc,age      ] GC(73) - age   1:    3148536 bytes,    3148536 total
[2023-10-18T14:03:04.084+0000][7][gc,age      ] GC(73) - age   2:     693400 bytes,    3841936 total
[2023-10-18T14:03:04.084+0000][7][gc,age      ] GC(73) - age   3:     749480 bytes,    4591416 total
[2023-10-18T14:03:04.084+0000][7][gc,age      ] GC(73) - age   4:     324864 bytes,    4916280 total
[2023-10-18T14:03:04.084+0000][7][gc,age      ] GC(73) - age   5:     302288 bytes,    5218568 total
[2023-10-18T14:03:04.084+0000][7][gc,age      ] GC(73) - age   6:     512352 bytes,    5730920 total
[2023-10-18T14:03:04.084+0000][7][gc,age      ] GC(73) - age   7:     564344 bytes,    6295264 total
[2023-10-18T14:03:04.084+0000][7][gc,age      ] GC(73) - age   8:     370464 bytes,    6665728 total
[2023-10-18T14:03:04.084+0000][7][gc,age      ] GC(73) - age   9:     315288 bytes,    6981016 total
[2023-10-18T14:03:04.084+0000][7][gc,age      ] GC(73) - age  10:     268168 bytes,    7249184 total
[2023-10-18T14:03:04.084+0000][7][gc,age      ] GC(73) - age  11:     400096 bytes,    7649280 total
[2023-10-18T14:03:04.084+0000][7][gc,age      ] GC(73) - age  12:     315696 bytes,    7964976 total
[2023-10-18T14:03:04.084+0000][7][gc,age      ] GC(73) - age  13:     367664 bytes,    8332640 total
[2023-10-18T14:03:04.084+0000][7][gc,age      ] GC(73) - age  14:     481880 bytes,    8814520 total
[2023-10-18T14:03:04.084+0000][7][gc,age      ] GC(73) - age  15:    1722896 bytes,   10537416 total
[2023-10-18T14:03:04.084+0000][7][gc,phases   ] GC(73)   Pre Evacuate Collection Set: 0.2ms
[2023-10-18T14:03:04.084+0000][7][gc,phases   ] GC(73)   Merge Heap Roots: 0.1ms
[2023-10-18T14:03:04.084+0000][7][gc,phases   ] GC(73)   Evacuate Collection Set: 14.1ms
[2023-10-18T14:03:04.084+0000][7][gc,phases   ] GC(73)   Post Evacuate Collection Set: 0.9ms
[2023-10-18T14:03:04.084+0000][7][gc,phases   ] GC(73)   Other: 2.8ms
[2023-10-18T14:03:04.084+0000][7][gc,heap     ] GC(73) Eden regions: 71->0(71)
[2023-10-18T14:03:04.084+0000][7][gc,heap     ] GC(73) Survivor regions: 3->3(10)
[2023-10-18T14:03:04.084+0000][7][gc,heap     ] GC(73) Old regions: 24->24
[2023-10-18T14:03:04.084+0000][7][gc,heap     ] GC(73) Archive regions: 2->2
[2023-10-18T14:03:04.084+0000][7][gc,heap     ] GC(73) Humongous regions: 5->5
[2023-10-18T14:03:04.084+0000][7][gc,metaspace] GC(73) Metaspace: 118259K(120000K)->118259K(120000K) NonClass: 102443K(103424K)->102443K(103424K) Class: 15815K(16576K)->15815K(16576K)
[2023-10-18T14:03:04.084+0000][7][gc          ] GC(73) Pause Young (Normal) (G1 Evacuation Pause) 411M->129M(512M) 16.108ms
[2023-10-18T14:03:04.084+0000][7][gc,cpu      ] GC(73) User=0.06s Sys=0.00s Real=0.02s
[2023-10-18T14:03:04.084+0000][7][safepoint   ] Safepoint "G1CollectForAllocation", Time since last: 1814298436 ns, Reaching safepoint: 63692 ns, At safepoint: 18289832 ns, Total: 18353524 ns
[2023-10-18T14:03:09.085+0000][7][safepoint   ] Safepoint "Cleanup", Time since last: 5000871367 ns, Reaching safepoint: 68044 ns, At safepoint: 4281 ns, Total: 72325 ns
[2023-10-18T14:03:12.086+0000][7][safepoint   ] Safepoint "Cleanup", Time since last: 3000318098 ns, Reaching safepoint: 113048 ns, At safepoint: 5858 ns, Total: 118906 ns
[2023-10-18T14:03:15.086+0000][7][safepoint   ] Safepoint "Cleanup", Time since last: 3000543351 ns, Reaching safepoint: 48836 ns, At safepoint: 22143 ns, Total: 70979 ns
[2023-10-18T14:03:18.091+0000][7][safepoint   ] Safepoint "Cleanup", Time since last: 3000444397 ns, Reaching safepoint: 3873283 ns, At safepoint: 111672 ns, Total: 3984955 ns
[2023-10-18T14:03:19.091+0000][7][safepoint   ] Safepoint "Cleanup", Time since last: 1000410940 ns, Reaching safepoint: 56416 ns, At safepoint: 30659 ns, Total: 87075 ns
[2023-10-18T14:03:20.092+0000][7][safepoint   ] Safepoint "Cleanup", Time since last: 1000356501 ns, Reaching safepoint: 31925 ns, At safepoint: 4590 ns, Total: 36515 ns
[2023-10-18T14:03:22.565+0000][7][gc,start    ] GC(74) Pause Young (Normal) (G1 Evacuation Pause)
[2023-10-18T14:03:22.565+0000][7][gc,task     ] GC(74) Using 8 workers of 8 for evacuation
[2023-10-18T14:03:22.565+0000][7][gc,age      ] GC(74) Desired survivor size 20971520 bytes, new threshold 15 (max threshold 15)
[2023-10-18T14:03:22.584+0000][7][gc,age      ] GC(74) Age table with threshold 15 (max threshold 15)
[2023-10-18T14:03:22.584+0000][7][gc,age      ] GC(74) - age   1:    1677576 bytes,    1677576 total
[2023-10-18T14:03:22.584+0000][7][gc,age      ] GC(74) - age   2:    1162728 bytes,    2840304 total
[2023-10-18T14:03:22.584+0000][7][gc,age      ] GC(74) - age   3:     200960 bytes,    3041264 total
[2023-10-18T14:03:22.584+0000][7][gc,age      ] GC(74) - age   4:     596696 bytes,    3637960 total
[2023-10-18T14:03:22.584+0000][7][gc,age      ] GC(74) - age   5:     255392 bytes,    3893352 total
[2023-10-18T14:03:22.584+0000][7][gc,age      ] GC(74) - age   6:     301928 bytes,    4195280 total
[2023-10-18T14:03:22.584+0000][7][gc,age      ] GC(74) - age   7:     512352 bytes,    4707632 total
[2023-10-18T14:03:22.584+0000][7][gc,age      ] GC(74) - age   8:     564184 bytes,    5271816 total
[2023-10-18T14:03:22.584+0000][7][gc,age      ] GC(74) - age   9:     301584 bytes,    5573400 total
[2023-10-18T14:03:22.584+0000][7][gc,age      ] GC(74) - age  10:     315288 bytes,    5888688 total
[2023-10-18T14:03:22.584+0000][7][gc,age      ] GC(74) - age  11:     268168 bytes,    6156856 total
[2023-10-18T14:03:22.584+0000][7][gc,age      ] GC(74) - age  12:     400096 bytes,    6556952 total
[2023-10-18T14:03:22.584+0000][7][gc,age      ] GC(74) - age  13:     315632 bytes,    6872584 total
[2023-10-18T14:03:22.584+0000][7][gc,age      ] GC(74) - age  14:     367664 bytes,    7240248 total
[2023-10-18T14:03:22.584+0000][7][gc,age      ] GC(74) - age  15:     481640 bytes,    7721888 total
[2023-10-18T14:03:22.584+0000][7][gc,phases   ] GC(74)   Pre Evacuate Collection Set: 0.1ms
[2023-10-18T14:03:22.584+0000][7][gc,phases   ] GC(74)   Merge Heap Roots: 0.1ms
[2023-10-18T14:03:22.584+0000][7][gc,phases   ] GC(74)   Evacuate Collection Set: 17.8ms
[2023-10-18T14:03:22.584+0000][7][gc,phases   ] GC(74)   Post Evacuate Collection Set: 0.8ms
[2023-10-18T14:03:22.584+0000][7][gc,phases   ] GC(74)   Other: 0.3ms
[2023-10-18T14:03:22.584+0000][7][gc,heap     ] GC(74) Eden regions: 71->0(72)
[2023-10-18T14:03:22.584+0000][7][gc,heap     ] GC(74) Survivor regions: 3->2(10)
[2023-10-18T14:03:22.584+0000][7][gc,heap     ] GC(74) Old regions: 24->25
[2023-10-18T14:03:22.584+0000][7][gc,heap     ] GC(74) Archive regions: 2->2
[2023-10-18T14:03:22.584+0000][7][gc,heap     ] GC(74) Humongous regions: 5->5
[2023-10-18T14:03:22.584+0000][7][gc,metaspace] GC(74) Metaspace: 118269K(120000K)->118269K(120000K) NonClass: 102453K(103424K)->102453K(103424K) Class: 15815K(16576K)->15815K(16576K)
[2023-10-18T14:03:22.584+0000][7][gc          ] GC(74) Pause Young (Normal) (G1 Evacuation Pause) 413M->128M(512M) 19.127ms
[2023-10-18T14:03:22.584+0000][7][gc,cpu      ] GC(74) User=0.04s Sys=0.00s Real=0.02s
[2023-10-18T14:03:22.584+0000][7][safepoint   ] Safepoint "G1CollectForAllocation", Time since last: 2473057710 ns, Reaching safepoint: 118466 ns, At safepoint: 19206861 ns, Total: 19325327 ns
[2023-10-18T14:03:25.584+0000][7][safepoint   ] Safepoint "Cleanup", Time since last: 3000281989 ns, Reaching safepoint: 78155 ns, At safepoint: 6390 ns, Total: 84545 ns
[2023-10-18T14:03:30.585+0000][7][safepoint   ] Safepoint "Cleanup", Time since last: 5000528416 ns, Reaching safepoint: 257574 ns, At safepoint: 12373 ns, Total: 269947 ns
[2023-10-18T14:03:33.586+0000][7][safepoint   ] Safepoint "Cleanup", Time since last: 3000562772 ns, Reaching safepoint: 77165 ns, At safepoint: 7676 ns, Total: 84841 ns
[2023-10-18T14:03:36.586+0000][7][safepoint   ] Safepoint "Cleanup", Time since last: 3000354813 ns, Reaching safepoint: 155633 ns, At safepoint: 19684 ns, Total: 175317 ns
[2023-10-18T14:03:38.588+0000][7][safepoint   ] Safepoint "Cleanup", Time since last: 2000308991 ns, Reaching safepoint: 897839 ns, At safepoint: 27414 ns, Total: 925253 ns
[2023-10-18T14:03:39.165+0000][7][gc,start    ] GC(75) Pause Young (Normal) (G1 Evacuation Pause)
[2023-10-18T14:03:39.165+0000][7][gc,task     ] GC(75) Using 8 workers of 8 for evacuation
[2023-10-18T14:03:39.165+0000][7][gc,age      ] GC(75) Desired survivor size 20971520 bytes, new threshold 15 (max threshold 15)
[2023-10-18T14:03:39.182+0000][7][gc,age      ] GC(75) Age table with threshold 15 (max threshold 15)
[2023-10-18T14:03:39.182+0000][7][gc,age      ] GC(75) - age   1:    1709776 bytes,    1709776 total
[2023-10-18T14:03:39.182+0000][7][gc,age      ] GC(75) - age   2:    1232808 bytes,    2942584 total
[2023-10-18T14:03:39.182+0000][7][gc,age      ] GC(75) - age   3:    1088032 bytes,    4030616 total
[2023-10-18T14:03:39.182+0000][7][gc,age      ] GC(75) - age   4:     200672 bytes,    4231288 total
[2023-10-18T14:03:39.182+0000][7][gc,age      ] GC(75) - age   5:     596472 bytes,    4827760 total
[2023-10-18T14:03:39.182+0000][7][gc,age      ] GC(75) - age   6:     255328 bytes,    5083088 total
[2023-10-18T14:03:39.182+0000][7][gc,age      ] GC(75) - age   7:     301928 bytes,    5385016 total
[2023-10-18T14:03:39.182+0000][7][gc,age      ] GC(75) - age   8:     512352 bytes,    5897368 total
[2023-10-18T14:03:39.182+0000][7][gc,age      ] GC(75) - age   9:     564184 bytes,    6461552 total
[2023-10-18T14:03:39.182+0000][7][gc,age      ] GC(75) - age  10:     301584 bytes,    6763136 total
[2023-10-18T14:03:39.182+0000][7][gc,age      ] GC(75) - age  11:     315288 bytes,    7078424 total
[2023-10-18T14:03:39.182+0000][7][gc,age      ] GC(75) - age  12:     268168 bytes,    7346592 total
[2023-10-18T14:03:39.182+0000][7][gc,age      ] GC(75) - age  13:     400096 bytes,    7746688 total
[2023-10-18T14:03:39.182+0000][7][gc,age      ] GC(75) - age  14:     315632 bytes,    8062320 total
[2023-10-18T14:03:39.182+0000][7][gc,age      ] GC(75) - age  15:     367664 bytes,    8429984 total
[2023-10-18T14:03:39.182+0000][7][gc,phases   ] GC(75)   Pre Evacuate Collection Set: 0.1ms
[2023-10-18T14:03:39.182+0000][7][gc,phases   ] GC(75)   Merge Heap Roots: 0.1ms
[2023-10-18T14:03:39.182+0000][7][gc,phases   ] GC(75)   Evacuate Collection Set: 15.0ms
[2023-10-18T14:03:39.182+0000][7][gc,phases   ] GC(75)   Post Evacuate Collection Set: 1.7ms
[2023-10-18T14:03:39.182+0000][7][gc,phases   ] GC(75)   Other: 0.5ms
[2023-10-18T14:03:39.182+0000][7][gc,heap     ] GC(75) Eden regions: 72->0(70)
[2023-10-18T14:03:39.182+0000][7][gc,heap     ] GC(75) Survivor regions: 2->3(10)
[2023-10-18T14:03:39.182+0000][7][gc,heap     ] GC(75) Old regions: 25->25
[2023-10-18T14:03:39.182+0000][7][gc,heap     ] GC(75) Archive regions: 2->2
[2023-10-18T14:03:39.182+0000][7][gc,heap     ] GC(75) Humongous regions: 5->5
[2023-10-18T14:03:39.182+0000][7][gc,metaspace] GC(75) Metaspace: 118289K(120064K)->118289K(120064K) NonClass: 102473K(103488K)->102473K(103488K) Class: 15815K(16576K)->15815K(16576K)
[2023-10-18T14:03:39.182+0000][7][gc          ] GC(75) Pause Young (Normal) (G1 Evacuation Pause) 416M->129M(512M) 17.403ms
[2023-10-18T14:03:39.182+0000][7][gc,cpu      ] GC(75) User=0.04s Sys=0.02s Real=0.02s
[2023-10-18T14:03:39.182+0000][7][safepoint   ] Safepoint "G1CollectForAllocation", Time since last: 576879738 ns, Reaching safepoint: 132387 ns, At safepoint: 17695471 ns, Total: 17827858 ns
[2023-10-18T14:03:40.183+0000][7][safepoint   ] Safepoint "Cleanup", Time since last: 1000268777 ns, Reaching safepoint: 849925 ns, At safepoint: 37414 ns, Total: 887339 ns
[2023-10-18T14:03:42.184+0000][7][safepoint   ] Safepoint "Cleanup", Time since last: 2000453232 ns, Reaching safepoint: 72948 ns, At safepoint: 29470 ns, Total: 102418 ns
[2023-10-18T14:03:44.693+0000][7][gc,start    ] GC(76) Pause Young (Normal) (G1 Evacuation Pause)
[2023-10-18T14:03:44.693+0000][7][gc,task     ] GC(76) Using 8 workers of 8 for evacuation
[2023-10-18T14:03:44.693+0000][7][gc,age      ] GC(76) Desired survivor size 20971520 bytes, new threshold 15 (max threshold 15)
[2023-10-18T14:03:44.701+0000][7][gc,age      ] GC(76) Age table with threshold 15 (max threshold 15)
[2023-10-18T14:03:44.701+0000][7][gc,age      ] GC(76) - age   1:    2880432 bytes,    2880432 total
[2023-10-18T14:03:44.701+0000][7][gc,age      ] GC(76) - age   2:     609688 bytes,    3490120 total
[2023-10-18T14:03:44.701+0000][7][gc,age      ] GC(76) - age   3:    1111856 bytes,    4601976 total
[2023-10-18T14:03:44.701+0000][7][gc,age      ] GC(76) - age   4:    1087208 bytes,    5689184 total
[2023-10-18T14:03:44.701+0000][7][gc,age      ] GC(76) - age   5:     200456 bytes,    5889640 total
[2023-10-18T14:03:44.701+0000][7][gc,age      ] GC(76) - age   6:     596408 bytes,    6486048 total
[2023-10-18T14:03:44.701+0000][7][gc,age      ] GC(76) - age   7:     255232 bytes,    6741280 total
[2023-10-18T14:03:44.701+0000][7][gc,age      ] GC(76) - age   8:     301928 bytes,    7043208 total
[2023-10-18T14:03:44.701+0000][7][gc,age      ] GC(76) - age   9:     512352 bytes,    7555560 total
[2023-10-18T14:03:44.701+0000][7][gc,age      ] GC(76) - age  10:     564184 bytes,    8119744 total
[2023-10-18T14:03:44.701+0000][7][gc,age      ] GC(76) - age  11:     301560 bytes,    8421304 total
[2023-10-18T14:03:44.701+0000][7][gc,age      ] GC(76) - age  12:     315288 bytes,    8736592 total
[2023-10-18T14:03:44.701+0000][7][gc,age      ] GC(76) - age  13:     268168 bytes,    9004760 total
[2023-10-18T14:03:44.701+0000][7][gc,age      ] GC(76) - age  14:     400096 bytes,    9404856 total
[2023-10-18T14:03:44.701+0000][7][gc,age      ] GC(76) - age  15:     315632 bytes,    9720488 total
[2023-10-18T14:03:44.702+0000][7][gc,phases   ] GC(76)   Pre Evacuate Collection Set: 0.2ms
[2023-10-18T14:03:44.702+0000][7][gc,phases   ] GC(76)   Merge Heap Roots: 0.1ms
[2023-10-18T14:03:44.702+0000][7][gc,phases   ] GC(76)   Evacuate Collection Set: 7.1ms
[2023-10-18T14:03:44.702+0000][7][gc,phases   ] GC(76)   Post Evacuate Collection Set: 0.7ms
[2023-10-18T14:03:44.702+0000][7][gc,phases   ] GC(76)   Other: 0.6ms
[2023-10-18T14:03:44.702+0000][7][gc,heap     ] GC(76) Eden regions: 70->0(70)
[2023-10-18T14:03:44.702+0000][7][gc,heap     ] GC(76) Survivor regions: 3->3(10)
[2023-10-18T14:03:44.702+0000][7][gc,heap     ] GC(76) Old regions: 25->25
[2023-10-18T14:03:44.702+0000][7][gc,heap     ] GC(76) Archive regions: 2->2
[2023-10-18T14:03:44.702+0000][7][gc,heap     ] GC(76) Humongous regions: 5->5
[2023-10-18T14:03:44.702+0000][7][gc,metaspace] GC(76) Metaspace: 118308K(120064K)->118308K(120064K) NonClass: 102492K(103488K)->102492K(103488K) Class: 15816K(16576K)->15816K(16576K)
[2023-10-18T14:03:44.702+0000][7][gc          ] GC(76) Pause Young (Normal) (G1 Evacuation Pause) 409M->130M(512M) 8.667ms
[2023-10-18T14:03:44.702+0000][7][gc,cpu      ] GC(76) User=0.04s Sys=0.00s Real=0.01s
[2023-10-18T14:03:44.702+0000][7][safepoint   ] Safepoint "G1CollectForAllocation", Time since last: 2471393747 ns, Reaching safepoint: 37551956 ns, At safepoint: 8807765 ns, Total: 46359721 ns
[2023-10-18T14:03:45.702+0000][7][safepoint   ] Safepoint "Cleanup", Time since last: 1000138073 ns, Reaching safepoint: 112104 ns, At safepoint: 11085 ns, Total: 123189 ns
[2023-10-18T14:03:46.702+0000][7][safepoint   ] Safepoint "Cleanup", Time since last: 1000175951 ns, Reaching safepoint: 131476 ns, At safepoint: 5285 ns, Total: 136761 ns
[2023-10-18T14:03:48.703+0000][7][safepoint   ] Safepoint "Cleanup", Time since last: 2000319009 ns, Reaching safepoint: 128730 ns, At safepoint: 7974 ns, Total: 136704 ns
[2023-10-18T14:03:50.703+0000][7][safepoint   ] Safepoint "Cleanup", Time since last: 2000184216 ns, Reaching safepoint: 80403 ns, At safepoint: 25951 ns, Total: 106354 ns
[2023-10-18T14:03:51.532+0000][7][gc,start    ] GC(77) Pause Young (Normal) (G1 Evacuation Pause)
[2023-10-18T14:03:51.532+0000][7][gc,task     ] GC(77) Using 8 workers of 8 for evacuation
[2023-10-18T14:03:51.532+0000][7][gc,age      ] GC(77) Desired survivor size 20971520 bytes, new threshold 15 (max threshold 15)
[2023-10-18T14:03:51.544+0000][7][gc,age      ] GC(77) Age table with threshold 15 (max threshold 15)
[2023-10-18T14:03:51.544+0000][7][gc,age      ] GC(77) - age   1:    2013424 bytes,    2013424 total
[2023-10-18T14:03:51.544+0000][7][gc,age      ] GC(77) - age   2:     843392 bytes,    2856816 total
[2023-10-18T14:03:51.544+0000][7][gc,age      ] GC(77) - age   3:     593848 bytes,    3450664 total
[2023-10-18T14:03:51.544+0000][7][gc,age      ] GC(77) - age   4:    1098992 bytes,    4549656 total
[2023-10-18T14:03:51.544+0000][7][gc,age      ] GC(77) - age   5:    1086896 bytes,    5636552 total
[2023-10-18T14:03:51.544+0000][7][gc,age      ] GC(77) - age   6:     200360 bytes,    5836912 total
[2023-10-18T14:03:51.545+0000][7][gc,age      ] GC(77) - age   7:     596408 bytes,    6433320 total
[2023-10-18T14:03:51.545+0000][7][gc,age      ] GC(77) - age   8:     255168 bytes,    6688488 total
[2023-10-18T14:03:51.545+0000][7][gc,age      ] GC(77) - age   9:     301928 bytes,    6990416 total
[2023-10-18T14:03:51.545+0000][7][gc,age      ] GC(77) - age  10:     512352 bytes,    7502768 total
[2023-10-18T14:03:51.545+0000][7][gc,age      ] GC(77) - age  11:     564184 bytes,    8066952 total
[2023-10-18T14:03:51.545+0000][7][gc,age      ] GC(77) - age  12:     301560 bytes,    8368512 total
[2023-10-18T14:03:51.545+0000][7][gc,age      ] GC(77) - age  13:     315288 bytes,    8683800 total
[2023-10-18T14:03:51.545+0000][7][gc,age      ] GC(77) - age  14:     268168 bytes,    8951968 total
[2023-10-18T14:03:51.545+0000][7][gc,age      ] GC(77) - age  15:     400096 bytes,    9352064 total
[2023-10-18T14:03:51.545+0000][7][gc,phases   ] GC(77)   Pre Evacuate Collection Set: 0.1ms
[2023-10-18T14:03:51.545+0000][7][gc,phases   ] GC(77)   Merge Heap Roots: 0.1ms
[2023-10-18T14:03:51.545+0000][7][gc,phases   ] GC(77)   Evacuate Collection Set: 10.2ms
[2023-10-18T14:03:51.545+0000][7][gc,phases   ] GC(77)   Post Evacuate Collection Set: 1.4ms
[2023-10-18T14:03:51.545+0000][7][gc,phases   ] GC(77)   Other: 0.9ms
[2023-10-18T14:03:51.545+0000][7][gc,heap     ] GC(77) Eden regions: 70->0(70)
[2023-10-18T14:03:51.545+0000][7][gc,heap     ] GC(77) Survivor regions: 3->3(10)
[2023-10-18T14:03:51.545+0000][7][gc,heap     ] GC(77) Old regions: 25->25
[2023-10-18T14:03:51.545+0000][7][gc,heap     ] GC(77) Archive regions: 2->2
[2023-10-18T14:03:51.545+0000][7][gc,heap     ] GC(77) Humongous regions: 5->5
[2023-10-18T14:03:51.545+0000][7][gc,metaspace] GC(77) Metaspace: 118308K(120064K)->118308K(120064K) NonClass: 102492K(103488K)->102492K(103488K) Class: 15816K(16576K)->15816K(16576K)
[2023-10-18T14:03:51.545+0000][7][gc          ] GC(77) Pause Young (Normal) (G1 Evacuation Pause) 410M->130M(512M) 12.784ms
[2023-10-18T14:03:51.545+0000][7][gc,cpu      ] GC(77) User=0.04s Sys=0.01s Real=0.01s
[2023-10-18T14:03:51.545+0000][7][safepoint   ] Safepoint "G1CollectForAllocation", Time since last: 829078403 ns, Reaching safepoint: 105398 ns, At safepoint: 13019931 ns, Total: 13125329 ns
[2023-10-18T14:03:54.546+0000][7][safepoint   ] Safepoint "Cleanup", Time since last: 3000427192 ns, Reaching safepoint: 162719 ns, At safepoint: 6565 ns, Total: 169284 ns
[2023-10-18T14:03:55.546+0000][7][safepoint   ] Safepoint "Cleanup", Time since last: 1000297938 ns, Reaching safepoint: 84906 ns, At safepoint: 3929 ns, Total: 88835 ns
[2023-10-18T14:03:55.601+0000][7][gc,start    ] GC(78) Pause Young (Normal) (G1 Evacuation Pause)
[2023-10-18T14:03:55.601+0000][7][gc,task     ] GC(78) Using 8 workers of 8 for evacuation
[2023-10-18T14:03:55.601+0000][7][gc,age      ] GC(78) Desired survivor size 20971520 bytes, new threshold 15 (max threshold 15)
[2023-10-18T14:03:55.620+0000][7][gc,age      ] GC(78) Age table with threshold 15 (max threshold 15)
[2023-10-18T14:03:55.620+0000][7][gc,age      ] GC(78) - age   1:    1290816 bytes,    1290816 total
[2023-10-18T14:03:55.620+0000][7][gc,age      ] GC(78) - age   2:     648368 bytes,    1939184 total
[2023-10-18T14:03:55.620+0000][7][gc,age      ] GC(78) - age   3:     813752 bytes,    2752936 total
[2023-10-18T14:03:55.620+0000][7][gc,age      ] GC(78) - age   4:     592992 bytes,    3345928 total
[2023-10-18T14:03:55.620+0000][7][gc,age      ] GC(78) - age   5:    1084520 bytes,    4430448 total
[2023-10-18T14:03:55.620+0000][7][gc,age      ] GC(78) - age   6:    1086592 bytes,    5517040 total
[2023-10-18T14:03:55.620+0000][7][gc,age      ] GC(78) - age   7:     200360 bytes,    5717400 total
[2023-10-18T14:03:55.621+0000][7][gc,age      ] GC(78) - age   8:     596344 bytes,    6313744 total
[2023-10-18T14:03:55.621+0000][7][gc,age      ] GC(78) - age   9:     255168 bytes,    6568912 total
[2023-10-18T14:03:55.621+0000][7][gc,age      ] GC(78) - age  10:     301928 bytes,    6870840 total
[2023-10-18T14:03:55.621+0000][7][gc,age      ] GC(78) - age  11:     512352 bytes,    7383192 total
[2023-10-18T14:03:55.621+0000][7][gc,age      ] GC(78) - age  12:     564184 bytes,    7947376 total
[2023-10-18T14:03:55.621+0000][7][gc,age      ] GC(78) - age  13:     301560 bytes,    8248936 total
[2023-10-18T14:03:55.621+0000][7][gc,age      ] GC(78) - age  14:     315288 bytes,    8564224 total
[2023-10-18T14:03:55.621+0000][7][gc,age      ] GC(78) - age  15:     268168 bytes,    8832392 total
[2023-10-18T14:03:55.621+0000][7][gc,phases   ] GC(78)   Pre Evacuate Collection Set: 0.2ms
[2023-10-18T14:03:55.621+0000][7][gc,phases   ] GC(78)   Merge Heap Roots: 0.1ms
[2023-10-18T14:03:55.621+0000][7][gc,phases   ] GC(78)   Evacuate Collection Set: 17.9ms
[2023-10-18T14:03:55.621+0000][7][gc,phases   ] GC(78)   Post Evacuate Collection Set: 0.8ms
[2023-10-18T14:03:55.621+0000][7][gc,phases   ] GC(78)   Other: 0.3ms
[2023-10-18T14:03:55.621+0000][7][gc,heap     ] GC(78) Eden regions: 70->0(70)
[2023-10-18T14:03:55.621+0000][7][gc,heap     ] GC(78) Survivor regions: 3->3(10)
[2023-10-18T14:03:55.621+0000][7][gc,heap     ] GC(78) Old regions: 25->25
[2023-10-18T14:03:55.621+0000][7][gc,heap     ] GC(78) Archive regions: 2->2
[2023-10-18T14:03:55.621+0000][7][gc,heap     ] GC(78) Humongous regions: 5->5
[2023-10-18T14:03:55.621+0000][7][gc,metaspace] GC(78) Metaspace: 118308K(120064K)->118308K(120064K) NonClass: 102492K(103488K)->102492K(103488K) Class: 15816K(16576K)->15816K(16576K)
[2023-10-18T14:03:55.621+0000][7][gc          ] GC(78) Pause Young (Normal) (G1 Evacuation Pause) 410M->130M(512M) 19.372ms
[2023-10-18T14:03:55.621+0000][7][gc,cpu      ] GC(78) User=0.05s Sys=0.00s Real=0.02s
[2023-10-18T14:03:55.621+0000][7][safepoint   ] Safepoint "G1CollectForAllocation", Time since last: 54942634 ns, Reaching safepoint: 132712 ns, At safepoint: 19463132 ns, Total: 19595844 ns
[2023-10-18T14:03:58.621+0000][7][safepoint   ] Safepoint "Cleanup", Time since last: 3000410258 ns, Reaching safepoint: 169530 ns, At safepoint: 4812 ns, Total: 174342 ns
[2023-10-18T14:04:00.622+0000][7][safepoint   ] Safepoint "Cleanup", Time since last: 2000183445 ns, Reaching safepoint: 130074 ns, At safepoint: 7644 ns, Total: 137718 ns
[2023-10-18T14:04:02.891+0000][7][gc,start    ] GC(79) Pause Young (Normal) (G1 Evacuation Pause)
[2023-10-18T14:04:02.892+0000][7][gc,task     ] GC(79) Using 8 workers of 8 for evacuation
[2023-10-18T14:04:02.892+0000][7][gc,age      ] GC(79) Desired survivor size 20971520 bytes, new threshold 15 (max threshold 15)
[2023-10-18T14:04:02.898+0000][7][gc,age      ] GC(79) Age table with threshold 15 (max threshold 15)
[2023-10-18T14:04:02.898+0000][7][gc,age      ] GC(79) - age   1:    2401280 bytes,    2401280 total
[2023-10-18T14:04:02.898+0000][7][gc,age      ] GC(79) - age   2:     303176 bytes,    2704456 total
[2023-10-18T14:04:02.898+0000][7][gc,age      ] GC(79) - age   3:     260768 bytes,    2965224 total
[2023-10-18T14:04:02.898+0000][7][gc,age      ] GC(79) - age   4:     617624 bytes,    3582848 total
[2023-10-18T14:04:02.898+0000][7][gc,age      ] GC(79) - age   5:     500184 bytes,    4083032 total
[2023-10-18T14:04:02.898+0000][7][gc,age      ] GC(79) - age   6:     981672 bytes,    5064704 total
[2023-10-18T14:04:02.898+0000][7][gc,age      ] GC(79) - age   7:    1034592 bytes,    6099296 total
[2023-10-18T14:04:02.898+0000][7][gc,age      ] GC(79) - age   8:     200296 bytes,    6299592 total
[2023-10-18T14:04:02.898+0000][7][gc,age      ] GC(79) - age   9:     596344 bytes,    6895936 total
[2023-10-18T14:04:02.898+0000][7][gc,age      ] GC(79) - age  10:     255168 bytes,    7151104 total
[2023-10-18T14:04:02.898+0000][7][gc,age      ] GC(79) - age  11:     301928 bytes,    7453032 total
[2023-10-18T14:04:02.898+0000][7][gc,age      ] GC(79) - age  12:     512352 bytes,    7965384 total
[2023-10-18T14:04:02.898+0000][7][gc,age      ] GC(79) - age  13:     564184 bytes,    8529568 total
[2023-10-18T14:04:02.898+0000][7][gc,age      ] GC(79) - age  14:     301560 bytes,    8831128 total
[2023-10-18T14:04:02.898+0000][7][gc,age      ] GC(79) - age  15:     315288 bytes,    9146416 total
[2023-10-18T14:04:02.898+0000][7][gc,phases   ] GC(79)   Pre Evacuate Collection Set: 0.1ms
[2023-10-18T14:04:02.898+0000][7][gc,phases   ] GC(79)   Merge Heap Roots: 0.0ms
[2023-10-18T14:04:02.898+0000][7][gc,phases   ] GC(79)   Evacuate Collection Set: 5.4ms
[2023-10-18T14:04:02.898+0000][7][gc,phases   ] GC(79)   Post Evacuate Collection Set: 1.1ms
[2023-10-18T14:04:02.898+0000][7][gc,phases   ] GC(79)   Other: 0.4ms
[2023-10-18T14:04:02.898+0000][7][gc,heap     ] GC(79) Eden regions: 70->0(70)
[2023-10-18T14:04:02.898+0000][7][gc,heap     ] GC(79) Survivor regions: 3->3(10)
[2023-10-18T14:04:02.898+0000][7][gc,heap     ] GC(79) Old regions: 25->25
[2023-10-18T14:04:02.898+0000][7][gc,heap     ] GC(79) Archive regions: 2->2
[2023-10-18T14:04:02.898+0000][7][gc,heap     ] GC(79) Humongous regions: 5->5
[2023-10-18T14:04:02.898+0000][7][gc,metaspace] GC(79) Metaspace: 118308K(120064K)->118308K(120064K) NonClass: 102492K(103488K)->102492K(103488K) Class: 15816K(16576K)->15816K(16576K)
[2023-10-18T14:04:02.899+0000][7][gc          ] GC(79) Pause Young (Normal) (G1 Evacuation Pause) 410M->131M(512M) 7.039ms
[2023-10-18T14:04:02.899+0000][7][gc,cpu      ] GC(79) User=0.03s Sys=0.01s Real=0.01s
[2023-10-18T14:04:02.899+0000][7][safepoint   ] Safepoint "G1CollectForAllocation", Time since last: 2269776343 ns, Reaching safepoint: 45058 ns, At safepoint: 7149953 ns, Total: 7195011 ns
[2023-10-18T14:04:03.899+0000][7][safepoint   ] Safepoint "Cleanup", Time since last: 1000119813 ns, Reaching safepoint: 158255 ns, At safepoint: 18170 ns, Total: 176425 ns
[2023-10-18T14:04:05.899+0000][7][safepoint   ] Safepoint "Cleanup", Time since last: 2000244688 ns, Reaching safepoint: 160745 ns, At safepoint: 14636 ns, Total: 175381 ns
[2023-10-18T14:04:06.900+0000][7][safepoint   ] Safepoint "Cleanup", Time since last: 1000293134 ns, Reaching safepoint: 208299 ns, At safepoint: 12080 ns, Total: 220379 ns
[2023-10-18T14:04:07.900+0000][7][safepoint   ] Safepoint "Cleanup", Time since last: 1000296504 ns, Reaching safepoint: 170590 ns, At safepoint: 20203 ns, Total: 190793 ns
[2023-10-18T14:04:08.856+0000][7][gc,start    ] GC(80) Pause Young (Normal) (G1 Evacuation Pause)
[2023-10-18T14:04:08.856+0000][7][gc,task     ] GC(80) Using 8 workers of 8 for evacuation
[2023-10-18T14:04:08.856+0000][7][gc,age      ] GC(80) Desired survivor size 20971520 bytes, new threshold 15 (max threshold 15)
[2023-10-18T14:04:08.860+0000][7][gc,age      ] GC(80) Age table with threshold 15 (max threshold 15)
[2023-10-18T14:04:08.860+0000][7][gc,age      ] GC(80) - age   1:    2271328 bytes,    2271328 total
[2023-10-18T14:04:08.860+0000][7][gc,age      ] GC(80) - age   2:     478064 bytes,    2749392 total
[2023-10-18T14:04:08.860+0000][7][gc,age      ] GC(80) - age   3:      53352 bytes,    2802744 total
[2023-10-18T14:04:08.860+0000][7][gc,age      ] GC(80) - age   4:      44640 bytes,    2847384 total
[2023-10-18T14:04:08.860+0000][7][gc,age      ] GC(80) - age   5:     414928 bytes,    3262312 total
[2023-10-18T14:04:08.860+0000][7][gc,age      ] GC(80) - age   6:     499520 bytes,    3761832 total
[2023-10-18T14:04:08.860+0000][7][gc,age      ] GC(80) - age   7:     773520 bytes,    4535352 total
[2023-10-18T14:04:08.860+0000][7][gc,age      ] GC(80) - age   8:    1006616 bytes,    5541968 total
[2023-10-18T14:04:08.860+0000][7][gc,age      ] GC(80) - age   9:     200232 bytes,    5742200 total
[2023-10-18T14:04:08.861+0000][7][gc,age      ] GC(80) - age  10:     596344 bytes,    6338544 total
[2023-10-18T14:04:08.861+0000][7][gc,age      ] GC(80) - age  11:     236128 bytes,    6574672 total
[2023-10-18T14:04:08.861+0000][7][gc,age      ] GC(80) - age  12:     301928 bytes,    6876600 total
[2023-10-18T14:04:08.861+0000][7][gc,age      ] GC(80) - age  13:     512352 bytes,    7388952 total
[2023-10-18T14:04:08.861+0000][7][gc,age      ] GC(80) - age  14:     564184 bytes,    7953136 total
[2023-10-18T14:04:08.861+0000][7][gc,age      ] GC(80) - age  15:     301352 bytes,    8254488 total
[2023-10-18T14:04:08.861+0000][7][gc,phases   ] GC(80)   Pre Evacuate Collection Set: 0.1ms
[2023-10-18T14:04:08.861+0000][7][gc,phases   ] GC(80)   Merge Heap Roots: 0.0ms
[2023-10-18T14:04:08.861+0000][7][gc,phases   ] GC(80)   Evacuate Collection Set: 3.0ms
[2023-10-18T14:04:08.861+0000][7][gc,phases   ] GC(80)   Post Evacuate Collection Set: 1.0ms
[2023-10-18T14:04:08.861+0000][7][gc,phases   ] GC(80)   Other: 0.7ms
[2023-10-18T14:04:08.861+0000][7][gc,heap     ] GC(80) Eden regions: 70->0(70)
[2023-10-18T14:04:08.861+0000][7][gc,heap     ] GC(80) Survivor regions: 3->3(10)
[2023-10-18T14:04:08.861+0000][7][gc,heap     ] GC(80) Old regions: 25->25
[2023-10-18T14:04:08.861+0000][7][gc,heap     ] GC(80) Archive regions: 2->2
[2023-10-18T14:04:08.861+0000][7][gc,heap     ] GC(80) Humongous regions: 5->5
[2023-10-18T14:04:08.861+0000][7][gc,metaspace] GC(80) Metaspace: 118312K(120064K)->118312K(120064K) NonClass: 102496K(103488K)->102496K(103488K) Class: 15816K(16576K)->15816K(16576K)
[2023-10-18T14:04:08.861+0000][7][gc          ] GC(80) Pause Young (Normal) (G1 Evacuation Pause) 411M->130M(512M) 5.117ms
[2023-10-18T14:04:08.861+0000][7][gc,cpu      ] GC(80) User=0.03s Sys=0.01s Real=0.01s
[2023-10-18T14:04:08.861+0000][7][safepoint   ] Safepoint "G1CollectForAllocation", Time since last: 955547198 ns, Reaching safepoint: 63146 ns, At safepoint: 5405439 ns, Total: 5468585 ns
[2023-10-18T14:04:09.862+0000][7][safepoint   ] Safepoint "Cleanup", Time since last: 1000233748 ns, Reaching safepoint: 209325 ns, At safepoint: 12695 ns, Total: 222020 ns
[2023-10-18T14:04:12.863+0000][7][safepoint   ] Safepoint "Cleanup", Time since last: 3000864939 ns, Reaching safepoint: 163828 ns, At safepoint: 9071 ns, Total: 172899 ns
[2023-10-18T14:04:14.863+0000][7][safepoint   ] Safepoint "Cleanup", Time since last: 2000340342 ns, Reaching safepoint: 160577 ns, At safepoint: 32253 ns, Total: 192830 ns
[2023-10-18T14:04:20.866+0000][7][safepoint   ] Safepoint "Cleanup", Time since last: 6002317841 ns, Reaching safepoint: 254294 ns, At safepoint: 19451 ns, Total: 273745 ns
[2023-10-18T14:04:21.867+0000][7][safepoint   ] Safepoint "Cleanup", Time since last: 1000366450 ns, Reaching safepoint: 221576 ns, At safepoint: 36012 ns, Total: 257588 ns
[2023-10-18T14:04:21.908+0000][7][gc,start    ] GC(81) Pause Young (Normal) (G1 Evacuation Pause)
[2023-10-18T14:04:21.909+0000][7][gc,task     ] GC(81) Using 8 workers of 8 for evacuation
[2023-10-18T14:04:21.909+0000][7][gc,age      ] GC(81) Desired survivor size 20971520 bytes, new threshold 15 (max threshold 15)
[2023-10-18T14:04:21.921+0000][7][gc,age      ] GC(81) Age table with threshold 15 (max threshold 15)
[2023-10-18T14:04:21.921+0000][7][gc,age      ] GC(81) - age   1:    2057280 bytes,    2057280 total
[2023-10-18T14:04:21.921+0000][7][gc,age      ] GC(81) - age   2:     877968 bytes,    2935248 total
[2023-10-18T14:04:21.921+0000][7][gc,age      ] GC(81) - age   3:      73976 bytes,    3009224 total
[2023-10-18T14:04:21.921+0000][7][gc,age      ] GC(81) - age   4:      52560 bytes,    3061784 total
[2023-10-18T14:04:21.921+0000][7][gc,age      ] GC(81) - age   5:      22888 bytes,    3084672 total
[2023-10-18T14:04:21.921+0000][7][gc,age      ] GC(81) - age   6:     276536 bytes,    3361208 total
[2023-10-18T14:04:21.921+0000][7][gc,age      ] GC(81) - age   7:     391760 bytes,    3752968 total
[2023-10-18T14:04:21.921+0000][7][gc,age      ] GC(81) - age   8:     772616 bytes,    4525584 total
[2023-10-18T14:04:21.921+0000][7][gc,age      ] GC(81) - age   9:    1005664 bytes,    5531248 total
[2023-10-18T14:04:21.921+0000][7][gc,age      ] GC(81) - age  10:     200232 bytes,    5731480 total
[2023-10-18T14:04:21.921+0000][7][gc,age      ] GC(81) - age  11:     595800 bytes,    6327280 total
[2023-10-18T14:04:21.921+0000][7][gc,age      ] GC(81) - age  12:     236064 bytes,    6563344 total
[2023-10-18T14:04:21.921+0000][7][gc,age      ] GC(81) - age  13:     301616 bytes,    6864960 total
[2023-10-18T14:04:21.921+0000][7][gc,age      ] GC(81) - age  14:     512352 bytes,    7377312 total
[2023-10-18T14:04:21.921+0000][7][gc,age      ] GC(81) - age  15:     564184 bytes,    7941496 total
[2023-10-18T14:04:21.921+0000][7][gc,phases   ] GC(81)   Pre Evacuate Collection Set: 0.2ms
[2023-10-18T14:04:21.921+0000][7][gc,phases   ] GC(81)   Merge Heap Roots: 0.1ms
[2023-10-18T14:04:21.921+0000][7][gc,phases   ] GC(81)   Evacuate Collection Set: 11.0ms
[2023-10-18T14:04:21.921+0000][7][gc,phases   ] GC(81)   Post Evacuate Collection Set: 0.8ms
[2023-10-18T14:04:21.921+0000][7][gc,phases   ] GC(81)   Other: 0.5ms
[2023-10-18T14:04:21.921+0000][7][gc,heap     ] GC(81) Eden regions: 70->0(72)
[2023-10-18T14:04:21.921+0000][7][gc,heap     ] GC(81) Survivor regions: 3->2(10)
[2023-10-18T14:04:21.921+0000][7][gc,heap     ] GC(81) Old regions: 25->25
[2023-10-18T14:04:21.921+0000][7][gc,heap     ] GC(81) Archive regions: 2->2
[2023-10-18T14:04:21.921+0000][7][gc,heap     ] GC(81) Humongous regions: 5->5
[2023-10-18T14:04:21.921+0000][7][gc,metaspace] GC(81) Metaspace: 118335K(120064K)->118335K(120064K) NonClass: 102519K(103488K)->102519K(103488K) Class: 15816K(16576K)->15816K(16576K)
[2023-10-18T14:04:21.921+0000][7][gc          ] GC(81) Pause Young (Normal) (G1 Evacuation Pause) 410M->130M(512M) 12.727ms
[2023-10-18T14:04:21.921+0000][7][gc,cpu      ] GC(81) User=0.05s Sys=0.00s Real=0.01s
[2023-10-18T14:04:21.921+0000][7][safepoint   ] Safepoint "G1CollectForAllocation", Time since last: 41749072 ns, Reaching safepoint: 75721 ns, At safepoint: 12867637 ns, Total: 12943358 ns
[2023-10-18T14:04:22.922+0000][7][safepoint   ] Safepoint "Cleanup", Time since last: 1000122607 ns, Reaching safepoint: 138871 ns, At safepoint: 17599 ns, Total: 156470 ns
[2023-10-18T14:04:23.922+0000][7][safepoint   ] Safepoint "Cleanup", Time since last: 1000162828 ns, Reaching safepoint: 49482 ns, At safepoint: 7140 ns, Total: 56622 ns
[2023-10-18T14:04:24.724+0000][7][gc,start    ] GC(82) Pause Young (Normal) (G1 Evacuation Pause)
[2023-10-18T14:04:24.725+0000][7][gc,task     ] GC(82) Using 8 workers of 8 for evacuation
[2023-10-18T14:04:24.725+0000][7][gc,age      ] GC(82) Desired survivor size 20971520 bytes, new threshold 15 (max threshold 15)
[2023-10-18T14:04:24.750+0000][7][gc,age      ] GC(82) Age table with threshold 15 (max threshold 15)
[2023-10-18T14:04:24.750+0000][7][gc,age      ] GC(82) - age   1:    2229416 bytes,    2229416 total
[2023-10-18T14:04:24.750+0000][7][gc,age      ] GC(82) - age   2:    1182160 bytes,    3411576 total
[2023-10-18T14:04:24.750+0000][7][gc,age      ] GC(82) - age   3:     875848 bytes,    4287424 total
[2023-10-18T14:04:24.750+0000][7][gc,age      ] GC(82) - age   4:      73784 bytes,    4361208 total
[2023-10-18T14:04:24.750+0000][7][gc,age      ] GC(82) - age   5:      52464 bytes,    4413672 total
[2023-10-18T14:04:24.750+0000][7][gc,age      ] GC(82) - age   6:      22856 bytes,    4436528 total
[2023-10-18T14:04:24.750+0000][7][gc,age      ] GC(82) - age   7:     276408 bytes,    4712936 total
[2023-10-18T14:04:24.750+0000][7][gc,age      ] GC(82) - age   8:     391600 bytes,    5104536 total
[2023-10-18T14:04:24.750+0000][7][gc,age      ] GC(82) - age   9:     772552 bytes,    5877088 total
[2023-10-18T14:04:24.750+0000][7][gc,age      ] GC(82) - age  10:    1005600 bytes,    6882688 total
[2023-10-18T14:04:24.750+0000][7][gc,age      ] GC(82) - age  11:     200232 bytes,    7082920 total
[2023-10-18T14:04:24.750+0000][7][gc,age      ] GC(82) - age  12:     595800 bytes,    7678720 total
[2023-10-18T14:04:24.750+0000][7][gc,age      ] GC(82) - age  13:     236064 bytes,    7914784 total
[2023-10-18T14:04:24.750+0000][7][gc,age      ] GC(82) - age  14:     301616 bytes,    8216400 total
[2023-10-18T14:04:24.750+0000][7][gc,age      ] GC(82) - age  15:     512352 bytes,    8728752 total
[2023-10-18T14:04:24.750+0000][7][gc,phases   ] GC(82)   Pre Evacuate Collection Set: 0.1ms
[2023-10-18T14:04:24.750+0000][7][gc,phases   ] GC(82)   Merge Heap Roots: 0.1ms
[2023-10-18T14:04:24.750+0000][7][gc,phases   ] GC(82)   Evacuate Collection Set: 21.9ms
[2023-10-18T14:04:24.750+0000][7][gc,phases   ] GC(82)   Post Evacuate Collection Set: 2.8ms
[2023-10-18T14:04:24.750+0000][7][gc,phases   ] GC(82)   Other: 0.8ms
[2023-10-18T14:04:24.750+0000][7][gc,heap     ] GC(82) Eden regions: 72->0(70)
[2023-10-18T14:04:24.750+0000][7][gc,heap     ] GC(82) Survivor regions: 2->3(10)
[2023-10-18T14:04:24.750+0000][7][gc,heap     ] GC(82) Old regions: 25->25
[2023-10-18T14:04:24.750+0000][7][gc,heap     ] GC(82) Archive regions: 2->2
[2023-10-18T14:04:24.750+0000][7][gc,heap     ] GC(82) Humongous regions: 5->5
[2023-10-18T14:04:24.750+0000][7][gc,metaspace] GC(82) Metaspace: 118335K(120064K)->118335K(120064K) NonClass: 102519K(103488K)->102519K(103488K) Class: 15816K(16576K)->15816K(16576K)
[2023-10-18T14:04:24.750+0000][7][gc          ] GC(82) Pause Young (Normal) (G1 Evacuation Pause) 418M->131M(512M) 25.823ms
[2023-10-18T14:04:24.750+0000][7][gc,cpu      ] GC(82) User=0.08s Sys=0.00s Real=0.03s
[2023-10-18T14:04:24.750+0000][7][safepoint   ] Safepoint "G1CollectForAllocation", Time since last: 802279625 ns, Reaching safepoint: 253565 ns, At safepoint: 26146156 ns, Total: 26399721 ns
[2023-10-18T14:04:25.751+0000][7][safepoint   ] Safepoint "Cleanup", Time since last: 1000136458 ns, Reaching safepoint: 75053 ns, At safepoint: 4776 ns, Total: 79829 ns
[2023-10-18T14:04:26.751+0000][7][safepoint   ] Safepoint "Cleanup", Time since last: 1000163617 ns, Reaching safepoint: 116222 ns, At safepoint: 8114 ns, Total: 124336 ns
[2023-10-18T14:04:27.751+0000][7][safepoint   ] Safepoint "Cleanup", Time since last: 1000167831 ns, Reaching safepoint: 108440 ns, At safepoint: 6060 ns, Total: 114500 ns
[2023-10-18T14:04:30.752+0000][7][safepoint   ] Safepoint "Cleanup", Time since last: 3000300389 ns, Reaching safepoint: 107438 ns, At safepoint: 7246 ns, Total: 114684 ns
[2023-10-18T14:04:32.147+0000][7][gc,start    ] GC(83) Pause Young (Normal) (G1 Evacuation Pause)
[2023-10-18T14:04:32.147+0000][7][gc,task     ] GC(83) Using 8 workers of 8 for evacuation
[2023-10-18T14:04:32.147+0000][7][gc,age      ] GC(83) Desired survivor size 20971520 bytes, new threshold 15 (max threshold 15)
[2023-10-18T14:04:32.161+0000][7][gc,age      ] GC(83) Age table with threshold 15 (max threshold 15)
[2023-10-18T14:04:32.162+0000][7][gc,age      ] GC(83) - age   1:    2477856 bytes,    2477856 total
[2023-10-18T14:04:32.162+0000][7][gc,age      ] GC(83) - age   2:     542384 bytes,    3020240 total
[2023-10-18T14:04:32.162+0000][7][gc,age      ] GC(83) - age   3:     244768 bytes,    3265008 total
[2023-10-18T14:04:32.162+0000][7][gc,age      ] GC(83) - age   4:     168008 bytes,    3433016 total
[2023-10-18T14:04:32.162+0000][7][gc,age      ] GC(83) - age   5:      71416 bytes,    3504432 total
[2023-10-18T14:04:32.162+0000][7][gc,age      ] GC(83) - age   6:      52464 bytes,    3556896 total
[2023-10-18T14:04:32.162+0000][7][gc,age      ] GC(83) - age   7:      22792 bytes,    3579688 total
[2023-10-18T14:04:32.162+0000][7][gc,age      ] GC(83) - age   8:     276248 bytes,    3855936 total
[2023-10-18T14:04:32.162+0000][7][gc,age      ] GC(83) - age   9:     391440 bytes,    4247376 total
[2023-10-18T14:04:32.162+0000][7][gc,age      ] GC(83) - age  10:     772456 bytes,    5019832 total
[2023-10-18T14:04:32.162+0000][7][gc,age      ] GC(83) - age  11:    1005536 bytes,    6025368 total
[2023-10-18T14:04:32.162+0000][7][gc,age      ] GC(83) - age  12:     200232 bytes,    6225600 total
[2023-10-18T14:04:32.162+0000][7][gc,age      ] GC(83) - age  13:     595800 bytes,    6821400 total
[2023-10-18T14:04:32.162+0000][7][gc,age      ] GC(83) - age  14:     236064 bytes,    7057464 total
[2023-10-18T14:04:32.162+0000][7][gc,age      ] GC(83) - age  15:     301616 bytes,    7359080 total
[2023-10-18T14:04:32.162+0000][7][gc,phases   ] GC(83)   Pre Evacuate Collection Set: 0.2ms
[2023-10-18T14:04:32.162+0000][7][gc,phases   ] GC(83)   Merge Heap Roots: 0.1ms
[2023-10-18T14:04:32.162+0000][7][gc,phases   ] GC(83)   Evacuate Collection Set: 12.0ms
[2023-10-18T14:04:32.162+0000][7][gc,phases   ] GC(83)   Post Evacuate Collection Set: 1.9ms
[2023-10-18T14:04:32.162+0000][7][gc,phases   ] GC(83)   Other: 0.8ms
[2023-10-18T14:04:32.162+0000][7][gc,heap     ] GC(83) Eden regions: 70->0(71)
[2023-10-18T14:04:32.162+0000][7][gc,heap     ] GC(83) Survivor regions: 3->2(10)
[2023-10-18T14:04:32.162+0000][7][gc,heap     ] GC(83) Old regions: 25->25
[2023-10-18T14:04:32.162+0000][7][gc,heap     ] GC(83) Archive regions: 2->2
[2023-10-18T14:04:32.162+0000][7][gc,heap     ] GC(83) Humongous regions: 5->5
[2023-10-18T14:04:32.162+0000][7][gc,metaspace] GC(83) Metaspace: 118340K(120064K)->118340K(120064K) NonClass: 102524K(103488K)->102524K(103488K) Class: 15816K(16576K)->15816K(16576K)
[2023-10-18T14:04:32.162+0000][7][gc          ] GC(83) Pause Young (Normal) (G1 Evacuation Pause) 411M->131M(512M) 14.983ms
[2023-10-18T14:04:32.162+0000][7][gc,cpu      ] GC(83) User=0.04s Sys=0.00s Real=0.01s
[2023-10-18T14:04:32.162+0000][7][safepoint   ] Safepoint "G1CollectForAllocation", Time since last: 1395042920 ns, Reaching safepoint: 153886 ns, At safepoint: 15253177 ns, Total: 15407063 ns
[2023-10-18T14:04:33.163+0000][7][safepoint   ] Safepoint "Cleanup", Time since last: 1000239168 ns, Reaching safepoint: 266928 ns, At safepoint: 16086 ns, Total: 283014 ns
[2023-10-18T14:04:38.164+0000][7][safepoint   ] Safepoint "Cleanup", Time since last: 5000771654 ns, Reaching safepoint: 142875 ns, At safepoint: 38926 ns, Total: 181801 ns
[2023-10-18T14:04:39.617+0000][7][gc,start    ] GC(84) Pause Young (Normal) (G1 Evacuation Pause)
[2023-10-18T14:04:39.617+0000][7][gc,task     ] GC(84) Using 8 workers of 8 for evacuation
[2023-10-18T14:04:39.617+0000][7][gc,age      ] GC(84) Desired survivor size 20971520 bytes, new threshold 15 (max threshold 15)
[2023-10-18T14:04:39.631+0000][7][gc,age      ] GC(84) Age table with threshold 15 (max threshold 15)
[2023-10-18T14:04:39.631+0000][7][gc,age      ] GC(84) - age   1:    3049456 bytes,    3049456 total
[2023-10-18T14:04:39.631+0000][7][gc,age      ] GC(84) - age   2:     462504 bytes,    3511960 total
[2023-10-18T14:04:39.631+0000][7][gc,age      ] GC(84) - age   3:     237192 bytes,    3749152 total
[2023-10-18T14:04:39.631+0000][7][gc,age      ] GC(84) - age   4:     185352 bytes,    3934504 total
[2023-10-18T14:04:39.631+0000][7][gc,age      ] GC(84) - age   5:     167440 bytes,    4101944 total
[2023-10-18T14:04:39.631+0000][7][gc,age      ] GC(84) - age   6:      70848 bytes,    4172792 total
[2023-10-18T14:04:39.631+0000][7][gc,age      ] GC(84) - age   7:      52400 bytes,    4225192 total
[2023-10-18T14:04:39.631+0000][7][gc,age      ] GC(84) - age   8:      22600 bytes,    4247792 total
[2023-10-18T14:04:39.631+0000][7][gc,age      ] GC(84) - age   9:     227472 bytes,    4475264 total
[2023-10-18T14:04:39.631+0000][7][gc,age      ] GC(84) - age  10:     391360 bytes,    4866624 total
[2023-10-18T14:04:39.631+0000][7][gc,age      ] GC(84) - age  11:     772392 bytes,    5639016 total
[2023-10-18T14:04:39.631+0000][7][gc,age      ] GC(84) - age  12:    1004136 bytes,    6643152 total
[2023-10-18T14:04:39.631+0000][7][gc,age      ] GC(84) - age  13:     200232 bytes,    6843384 total
[2023-10-18T14:04:39.631+0000][7][gc,age      ] GC(84) - age  14:     595800 bytes,    7439184 total
[2023-10-18T14:04:39.631+0000][7][gc,age      ] GC(84) - age  15:     236064 bytes,    7675248 total
[2023-10-18T14:04:39.632+0000][7][gc,phases   ] GC(84)   Pre Evacuate Collection Set: 0.2ms
[2023-10-18T14:04:39.632+0000][7][gc,phases   ] GC(84)   Merge Heap Roots: 0.1ms
[2023-10-18T14:04:39.632+0000][7][gc,phases   ] GC(84)   Evacuate Collection Set: 12.4ms
[2023-10-18T14:04:39.632+0000][7][gc,phases   ] GC(84)   Post Evacuate Collection Set: 1.3ms
[2023-10-18T14:04:39.632+0000][7][gc,phases   ] GC(84)   Other: 0.8ms
[2023-10-18T14:04:39.632+0000][7][gc,heap     ] GC(84) Eden regions: 71->0(70)
[2023-10-18T14:04:39.632+0000][7][gc,heap     ] GC(84) Survivor regions: 2->2(10)
[2023-10-18T14:04:39.632+0000][7][gc,heap     ] GC(84) Old regions: 25->26
[2023-10-18T14:04:39.632+0000][7][gc,heap     ] GC(84) Archive regions: 2->2
[2023-10-18T14:04:39.632+0000][7][gc,heap     ] GC(84) Humongous regions: 5->5
[2023-10-18T14:04:39.632+0000][7][gc,metaspace] GC(84) Metaspace: 118349K(120064K)->118349K(120064K) NonClass: 102533K(103488K)->102533K(103488K) Class: 15816K(16576K)->15816K(16576K)
[2023-10-18T14:04:39.632+0000][7][gc          ] GC(84) Pause Young (Normal) (G1 Evacuation Pause) 415M->131M(512M) 15.028ms
[2023-10-18T14:04:39.632+0000][7][gc,cpu      ] GC(84) User=0.04s Sys=0.01s Real=0.01s
[2023-10-18T14:04:39.632+0000][7][safepoint   ] Safepoint "G1CollectForAllocation", Time since last: 1451143079 ns, Reaching safepoint: 2289982 ns, At safepoint: 15321441 ns, Total: 17611423 ns
[2023-10-18T14:04:40.633+0000][7][safepoint   ] Safepoint "Cleanup", Time since last: 1000212020 ns, Reaching safepoint: 247362 ns, At safepoint: 31725 ns, Total: 279087 ns
[2023-10-18T14:04:41.636+0000][7][safepoint   ] Safepoint "Cleanup", Time since last: 1003303413 ns, Reaching safepoint: 76088 ns, At safepoint: 4434 ns, Total: 80522 ns
[2023-10-18T14:04:42.636+0000][7][safepoint   ] Safepoint "Cleanup", Time since last: 1000108243 ns, Reaching safepoint: 84618 ns, At safepoint: 4898 ns, Total: 89516 ns
[2023-10-18T14:04:44.926+0000][7][gc,start    ] GC(85) Pause Young (Normal) (G1 Evacuation Pause)
[2023-10-18T14:04:44.926+0000][7][gc,task     ] GC(85) Using 8 workers of 8 for evacuation
[2023-10-18T14:04:44.926+0000][7][gc,age      ] GC(85) Desired survivor size 18874368 bytes, new threshold 15 (max threshold 15)
[2023-10-18T14:04:44.934+0000][7][gc,age      ] GC(85) Age table with threshold 15 (max threshold 15)
[2023-10-18T14:04:44.934+0000][7][gc,age      ] GC(85) - age   1:    2619944 bytes,    2619944 total
[2023-10-18T14:04:44.934+0000][7][gc,age      ] GC(85) - age   2:     622920 bytes,    3242864 total
[2023-10-18T14:04:44.934+0000][7][gc,age      ] GC(85) - age   3:     458136 bytes,    3701000 total
[2023-10-18T14:04:44.934+0000][7][gc,age      ] GC(85) - age   4:     236384 bytes,    3937384 total
[2023-10-18T14:04:44.934+0000][7][gc,age      ] GC(85) - age   5:     177160 bytes,    4114544 total
[2023-10-18T14:04:44.934+0000][7][gc,age      ] GC(85) - age   6:     166872 bytes,    4281416 total
[2023-10-18T14:04:44.934+0000][7][gc,age      ] GC(85) - age   7:      70784 bytes,    4352200 total
[2023-10-18T14:04:44.934+0000][7][gc,age      ] GC(85) - age   8:      52400 bytes,    4404600 total
[2023-10-18T14:04:44.934+0000][7][gc,age      ] GC(85) - age   9:      22472 bytes,    4427072 total
[2023-10-18T14:04:44.934+0000][7][gc,age      ] GC(85) - age  10:     227368 bytes,    4654440 total
[2023-10-18T14:04:44.934+0000][7][gc,age      ] GC(85) - age  11:     391360 bytes,    5045800 total
[2023-10-18T14:04:44.934+0000][7][gc,age      ] GC(85) - age  12:     772360 bytes,    5818160 total
[2023-10-18T14:04:44.934+0000][7][gc,age      ] GC(85) - age  13:    1003952 bytes,    6822112 total
[2023-10-18T14:04:44.934+0000][7][gc,age      ] GC(85) - age  14:     200232 bytes,    7022344 total
[2023-10-18T14:04:44.934+0000][7][gc,age      ] GC(85) - age  15:     595800 bytes,    7618144 total
[2023-10-18T14:04:44.934+0000][7][gc,phases   ] GC(85)   Pre Evacuate Collection Set: 0.1ms
[2023-10-18T14:04:44.934+0000][7][gc,phases   ] GC(85)   Merge Heap Roots: 0.1ms
[2023-10-18T14:04:44.934+0000][7][gc,phases   ] GC(85)   Evacuate Collection Set: 6.8ms
[2023-10-18T14:04:44.934+0000][7][gc,phases   ] GC(85)   Post Evacuate Collection Set: 0.8ms
[2023-10-18T14:04:44.934+0000][7][gc,phases   ] GC(85)   Other: 0.3ms
[2023-10-18T14:04:44.934+0000][7][gc,heap     ] GC(85) Eden regions: 70->0(70)
[2023-10-18T14:04:44.934+0000][7][gc,heap     ] GC(85) Survivor regions: 2->2(9)
[2023-10-18T14:04:44.934+0000][7][gc,heap     ] GC(85) Old regions: 26->26
[2023-10-18T14:04:44.934+0000][7][gc,heap     ] GC(85) Archive regions: 2->2
[2023-10-18T14:04:44.934+0000][7][gc,heap     ] GC(85) Humongous regions: 5->5
[2023-10-18T14:04:44.934+0000][7][gc,metaspace] GC(85) Metaspace: 118374K(120128K)->118374K(120128K) NonClass: 102557K(103552K)->102557K(103552K) Class: 15816K(16576K)->15816K(16576K)
[2023-10-18T14:04:44.934+0000][7][gc          ] GC(85) Pause Young (Normal) (G1 Evacuation Pause) 411M->132M(512M) 8.062ms
[2023-10-18T14:04:44.934+0000][7][gc,cpu      ] GC(85) User=0.03s Sys=0.01s Real=0.01s
[2023-10-18T14:04:44.934+0000][7][safepoint   ] Safepoint "G1CollectForAllocation", Time since last: 2289412430 ns, Reaching safepoint: 53399 ns, At safepoint: 8134080 ns, Total: 8187479 ns
[2023-10-18T14:04:45.934+0000][7][safepoint   ] Safepoint "Cleanup", Time since last: 1000142414 ns, Reaching safepoint: 110874 ns, At safepoint: 14148 ns, Total: 125022 ns
[2023-10-18T14:04:47.935+0000][7][safepoint   ] Safepoint "Cleanup", Time since last: 2000294915 ns, Reaching safepoint: 202797 ns, At safepoint: 33551 ns, Total: 236348 ns
[2023-10-18T14:04:50.506+0000][7][gc,start    ] GC(86) Pause Young (Normal) (G1 Evacuation Pause)
[2023-10-18T14:04:50.506+0000][7][gc,task     ] GC(86) Using 8 workers of 8 for evacuation
[2023-10-18T14:04:50.506+0000][7][gc,age      ] GC(86) Desired survivor size 18874368 bytes, new threshold 15 (max threshold 15)
[2023-10-18T14:04:50.518+0000][7][gc,age      ] GC(86) Age table with threshold 15 (max threshold 15)
[2023-10-18T14:04:50.518+0000][7][gc,age      ] GC(86) - age   1:    3031112 bytes,    3031112 total
[2023-10-18T14:04:50.518+0000][7][gc,age      ] GC(86) - age   2:     845264 bytes,    3876376 total
[2023-10-18T14:04:50.518+0000][7][gc,age      ] GC(86) - age   3:     104016 bytes,    3980392 total
[2023-10-18T14:04:50.518+0000][7][gc,age      ] GC(86) - age   4:     264616 bytes,    4245008 total
[2023-10-18T14:04:50.518+0000][7][gc,age      ] GC(86) - age   5:      34680 bytes,    4279688 total
[2023-10-18T14:04:50.518+0000][7][gc,age      ] GC(86) - age   6:      76576 bytes,    4356264 total
[2023-10-18T14:04:50.518+0000][7][gc,age      ] GC(86) - age   7:       4912 bytes,    4361176 total
[2023-10-18T14:04:50.518+0000][7][gc,age      ] GC(86) - age   8:        496 bytes,    4361672 total
[2023-10-18T14:04:50.518+0000][7][gc,age      ] GC(86) - age   9:         64 bytes,    4361736 total
[2023-10-18T14:04:50.518+0000][7][gc,age      ] GC(86) - age  10:      21288 bytes,    4383024 total
[2023-10-18T14:04:50.518+0000][7][gc,age      ] GC(86) - age  11:     227368 bytes,    4610392 total
[2023-10-18T14:04:50.518+0000][7][gc,age      ] GC(86) - age  12:     391360 bytes,    5001752 total
[2023-10-18T14:04:50.518+0000][7][gc,age      ] GC(86) - age  13:     772336 bytes,    5774088 total
[2023-10-18T14:04:50.518+0000][7][gc,age      ] GC(86) - age  14:    1003952 bytes,    6778040 total
[2023-10-18T14:04:50.518+0000][7][gc,age      ] GC(86) - age  15:     200232 bytes,    6978272 total
[2023-10-18T14:04:50.518+0000][7][gc,phases   ] GC(86)   Pre Evacuate Collection Set: 0.1ms
[2023-10-18T14:04:50.518+0000][7][gc,phases   ] GC(86)   Merge Heap Roots: 0.1ms
[2023-10-18T14:04:50.518+0000][7][gc,phases   ] GC(86)   Evacuate Collection Set: 10.2ms
[2023-10-18T14:04:50.518+0000][7][gc,phases   ] GC(86)   Post Evacuate Collection Set: 1.2ms
[2023-10-18T14:04:50.518+0000][7][gc,phases   ] GC(86)   Other: 0.9ms
[2023-10-18T14:04:50.518+0000][7][gc,heap     ] GC(86) Eden regions: 70->0(70)
[2023-10-18T14:04:50.519+0000][7][gc,heap     ] GC(86) Survivor regions: 2->2(9)
[2023-10-18T14:04:50.519+0000][7][gc,heap     ] GC(86) Old regions: 26->26
[2023-10-18T14:04:50.519+0000][7][gc,heap     ] GC(86) Archive regions: 2->2
[2023-10-18T14:04:50.519+0000][7][gc,heap     ] GC(86) Humongous regions: 5->5
[2023-10-18T14:04:50.519+0000][7][gc,metaspace] GC(86) Metaspace: 118381K(120128K)->118381K(120128K) NonClass: 102564K(103552K)->102564K(103552K) Class: 15816K(16576K)->15816K(16576K)
[2023-10-18T14:04:50.519+0000][7][gc          ] GC(86) Pause Young (Normal) (G1 Evacuation Pause) 412M->132M(512M) 12.950ms
[2023-10-18T14:04:50.519+0000][7][gc,cpu      ] GC(86) User=0.04s Sys=0.00s Real=0.02s
[2023-10-18T14:04:50.519+0000][7][safepoint   ] Safepoint "G1CollectForAllocation", Time since last: 2570735494 ns, Reaching safepoint: 156527 ns, At safepoint: 13149362 ns, Total: 13305889 ns
[2023-10-18T14:04:51.519+0000][7][safepoint   ] Safepoint "Cleanup", Time since last: 1000125603 ns, Reaching safepoint: 151295 ns, At safepoint: 18598 ns, Total: 169893 ns
[2023-10-18T14:04:52.520+0000][7][safepoint   ] Safepoint "Cleanup", Time since last: 1000289021 ns, Reaching safepoint: 113543 ns, At safepoint: 6692 ns, Total: 120235 ns
[2023-10-18T14:04:54.520+0000][7][safepoint   ] Safepoint "Cleanup", Time since last: 2000386225 ns, Reaching safepoint: 123214 ns, At safepoint: 10131 ns, Total: 133345 ns
[2023-10-18T14:04:55.520+0000][7][safepoint   ] Safepoint "Cleanup", Time since last: 1000193041 ns, Reaching safepoint: 65082 ns, At safepoint: 4187 ns, Total: 69269 ns
[2023-10-18T14:04:57.521+0000][7][safepoint   ] Safepoint "Cleanup", Time since last: 2000222041 ns, Reaching safepoint: 129667 ns, At safepoint: 28955 ns, Total: 158622 ns
[2023-10-18T14:04:58.495+0000][7][gc,start    ] GC(87) Pause Young (Normal) (G1 Evacuation Pause)
[2023-10-18T14:04:58.495+0000][7][gc,task     ] GC(87) Using 8 workers of 8 for evacuation
[2023-10-18T14:04:58.495+0000][7][gc,age      ] GC(87) Desired survivor size 18874368 bytes, new threshold 15 (max threshold 15)
[2023-10-18T14:04:58.502+0000][7][gc,age      ] GC(87) Age table with threshold 15 (max threshold 15)
[2023-10-18T14:04:58.502+0000][7][gc,age      ] GC(87) - age   1:    1878240 bytes,    1878240 total
[2023-10-18T14:04:58.502+0000][7][gc,age      ] GC(87) - age   2:     757768 bytes,    2636008 total
[2023-10-18T14:04:58.502+0000][7][gc,age      ] GC(87) - age   3:     341064 bytes,    2977072 total
[2023-10-18T14:04:58.502+0000][7][gc,age      ] GC(87) - age   4:      73808 bytes,    3050880 total
[2023-10-18T14:04:58.502+0000][7][gc,age      ] GC(87) - age   5:     156376 bytes,    3207256 total
[2023-10-18T14:04:58.502+0000][7][gc,age      ] GC(87) - age   6:      34424 bytes,    3241680 total
[2023-10-18T14:04:58.502+0000][7][gc,age      ] GC(87) - age   7:      76288 bytes,    3317968 total
[2023-10-18T14:04:58.502+0000][7][gc,age      ] GC(87) - age   8:       4848 bytes,    3322816 total
[2023-10-18T14:04:58.502+0000][7][gc,age      ] GC(87) - age   9:        400 bytes,    3323216 total
[2023-10-18T14:04:58.502+0000][7][gc,age      ] GC(87) - age  11:      21224 bytes,    3344440 total
[2023-10-18T14:04:58.502+0000][7][gc,age      ] GC(87) - age  12:     227368 bytes,    3571808 total
[2023-10-18T14:04:58.502+0000][7][gc,age      ] GC(87) - age  13:     391360 bytes,    3963168 total
[2023-10-18T14:04:58.502+0000][7][gc,age      ] GC(87) - age  14:     772336 bytes,    4735504 total
[2023-10-18T14:04:58.502+0000][7][gc,age      ] GC(87) - age  15:    1003952 bytes,    5739456 total
[2023-10-18T14:04:58.502+0000][7][gc,phases   ] GC(87)   Pre Evacuate Collection Set: 0.2ms
[2023-10-18T14:04:58.503+0000][7][gc,phases   ] GC(87)   Merge Heap Roots: 0.1ms
[2023-10-18T14:04:58.503+0000][7][gc,phases   ] GC(87)   Evacuate Collection Set: 5.9ms
[2023-10-18T14:04:58.503+0000][7][gc,phases   ] GC(87)   Post Evacuate Collection Set: 0.9ms
[2023-10-18T14:04:58.503+0000][7][gc,phases   ] GC(87)   Other: 0.7ms
[2023-10-18T14:04:58.503+0000][7][gc,heap     ] GC(87) Eden regions: 70->0(70)
[2023-10-18T14:04:58.503+0000][7][gc,heap     ] GC(87) Survivor regions: 2->2(9)
[2023-10-18T14:04:58.503+0000][7][gc,heap     ] GC(87) Old regions: 26->26
[2023-10-18T14:04:58.503+0000][7][gc,heap     ] GC(87) Archive regions: 2->2
[2023-10-18T14:04:58.503+0000][7][gc,heap     ] GC(87) Humongous regions: 5->5
[2023-10-18T14:04:58.503+0000][7][gc,metaspace] GC(87) Metaspace: 118382K(120128K)->118382K(120128K) NonClass: 102565K(103552K)->102565K(103552K) Class: 15816K(16576K)->15816K(16576K)
[2023-10-18T14:04:58.503+0000][7][gc          ] GC(87) Pause Young (Normal) (G1 Evacuation Pause) 412M->131M(512M) 7.772ms
[2023-10-18T14:04:58.503+0000][7][gc,cpu      ] GC(87) User=0.03s Sys=0.00s Real=0.01s
[2023-10-18T14:04:58.503+0000][7][safepoint   ] Safepoint "G1CollectForAllocation", Time since last: 973715743 ns, Reaching safepoint: 228226 ns, At safepoint: 8021947 ns, Total: 8250173 ns
[2023-10-18T14:05:00.503+0000][7][safepoint   ] Safepoint "Cleanup", Time since last: 2000267295 ns, Reaching safepoint: 64745 ns, At safepoint: 8264 ns, Total: 73009 ns
[2023-10-18T14:05:02.503+0000][7][safepoint   ] Safepoint "Cleanup", Time since last: 2000184864 ns, Reaching safepoint: 96959 ns, At safepoint: 10595 ns, Total: 107554 ns
[2023-10-18T14:05:03.504+0000][7][safepoint   ] Safepoint "Cleanup", Time since last: 1000263258 ns, Reaching safepoint: 293478 ns, At safepoint: 30594 ns, Total: 324072 ns
[2023-10-18T14:05:04.504+0000][7][safepoint   ] Safepoint "Cleanup", Time since last: 1000264980 ns, Reaching safepoint: 73293 ns, At safepoint: 12542 ns, Total: 85835 ns
[2023-10-18T14:05:06.070+0000][7][gc,start    ] GC(88) Pause Young (Normal) (G1 Evacuation Pause)
[2023-10-18T14:05:06.070+0000][7][gc,task     ] GC(88) Using 8 workers of 8 for evacuation
[2023-10-18T14:05:06.070+0000][7][gc,age      ] GC(88) Desired survivor size 18874368 bytes, new threshold 15 (max threshold 15)
[2023-10-18T14:05:06.084+0000][7][gc,age      ] GC(88) Age table with threshold 15 (max threshold 15)
[2023-10-18T14:05:06.084+0000][7][gc,age      ] GC(88) - age   1:    1977048 bytes,    1977048 total
[2023-10-18T14:05:06.084+0000][7][gc,age      ] GC(88) - age   2:     478272 bytes,    2455320 total
[2023-10-18T14:05:06.084+0000][7][gc,age      ] GC(88) - age   3:     754720 bytes,    3210040 total
[2023-10-18T14:05:06.084+0000][7][gc,age      ] GC(88) - age   4:     340616 bytes,    3550656 total
[2023-10-18T14:05:06.084+0000][7][gc,age      ] GC(88) - age   5:      73176 bytes,    3623832 total
[2023-10-18T14:05:06.084+0000][7][gc,age      ] GC(88) - age   6:     156304 bytes,    3780136 total
[2023-10-18T14:05:06.084+0000][7][gc,age      ] GC(88) - age   7:      34296 bytes,    3814432 total
[2023-10-18T14:05:06.084+0000][7][gc,age      ] GC(88) - age   8:      76288 bytes,    3890720 total
[2023-10-18T14:05:06.084+0000][7][gc,age      ] GC(88) - age   9:       4656 bytes,    3895376 total
[2023-10-18T14:05:06.084+0000][7][gc,age      ] GC(88) - age  10:        144 bytes,    3895520 total
[2023-10-18T14:05:06.084+0000][7][gc,age      ] GC(88) - age  12:      21224 bytes,    3916744 total
[2023-10-18T14:05:06.084+0000][7][gc,age      ] GC(88) - age  13:     227368 bytes,    4144112 total
[2023-10-18T14:05:06.084+0000][7][gc,age      ] GC(88) - age  14:     391360 bytes,    4535472 total
[2023-10-18T14:05:06.084+0000][7][gc,age      ] GC(88) - age  15:     772336 bytes,    5307808 total
[2023-10-18T14:05:06.084+0000][7][gc,phases   ] GC(88)   Pre Evacuate Collection Set: 0.1ms
[2023-10-18T14:05:06.084+0000][7][gc,phases   ] GC(88)   Merge Heap Roots: 0.0ms
[2023-10-18T14:05:06.084+0000][7][gc,phases   ] GC(88)   Evacuate Collection Set: 13.1ms
[2023-10-18T14:05:06.084+0000][7][gc,phases   ] GC(88)   Post Evacuate Collection Set: 0.8ms
[2023-10-18T14:05:06.084+0000][7][gc,phases   ] GC(88)   Other: 0.3ms
[2023-10-18T14:05:06.084+0000][7][gc,heap     ] GC(88) Eden regions: 70->0(70)
[2023-10-18T14:05:06.084+0000][7][gc,heap     ] GC(88) Survivor regions: 2->2(9)
[2023-10-18T14:05:06.084+0000][7][gc,heap     ] GC(88) Old regions: 26->26
[2023-10-18T14:05:06.084+0000][7][gc,heap     ] GC(88) Archive regions: 2->2
[2023-10-18T14:05:06.084+0000][7][gc,heap     ] GC(88) Humongous regions: 5->5
[2023-10-18T14:05:06.084+0000][7][gc,metaspace] GC(88) Metaspace: 118395K(120128K)->118395K(120128K) NonClass: 102578K(103552K)->102578K(103552K) Class: 15816K(16576K)->15816K(16576K)
[2023-10-18T14:05:06.084+0000][7][gc          ] GC(88) Pause Young (Normal) (G1 Evacuation Pause) 411M->131M(512M) 14.402ms
[2023-10-18T14:05:06.084+0000][7][gc,cpu      ] GC(88) User=0.02s Sys=0.00s Real=0.01s
[2023-10-18T14:05:06.084+0000][7][safepoint   ] Safepoint "G1CollectForAllocation", Time since last: 1565592340 ns, Reaching safepoint: 47802 ns, At safepoint: 14489746 ns, Total: 14537548 ns
[2023-10-18T14:05:09.085+0000][7][safepoint   ] Safepoint "Cleanup", Time since last: 3000460863 ns, Reaching safepoint: 80441 ns, At safepoint: 6917 ns, Total: 87358 ns
[2023-10-18T14:05:12.085+0000][7][safepoint   ] Safepoint "Cleanup", Time since last: 3000299537 ns, Reaching safepoint: 66102 ns, At safepoint: 4227 ns, Total: 70329 ns
[2023-10-18T14:05:12.280+0000][7][gc,start    ] GC(89) Pause Young (Normal) (G1 Evacuation Pause)
[2023-10-18T14:05:12.280+0000][7][gc,task     ] GC(89) Using 8 workers of 8 for evacuation
[2023-10-18T14:05:12.281+0000][7][gc,age      ] GC(89) Desired survivor size 18874368 bytes, new threshold 15 (max threshold 15)
[2023-10-18T14:05:12.296+0000][7][gc,age      ] GC(89) Age table with threshold 15 (max threshold 15)
[2023-10-18T14:05:12.296+0000][7][gc,age      ] GC(89) - age   1:    2216504 bytes,    2216504 total
[2023-10-18T14:05:12.296+0000][7][gc,age      ] GC(89) - age   2:     321200 bytes,    2537704 total
[2023-10-18T14:05:12.296+0000][7][gc,age      ] GC(89) - age   3:     285896 bytes,    2823600 total
[2023-10-18T14:05:12.296+0000][7][gc,age      ] GC(89) - age   4:     727888 bytes,    3551488 total
[2023-10-18T14:05:12.296+0000][7][gc,age      ] GC(89) - age   5:     332560 bytes,    3884048 total
[2023-10-18T14:05:12.296+0000][7][gc,age      ] GC(89) - age   6:      65208 bytes,    3949256 total
[2023-10-18T14:05:12.296+0000][7][gc,age      ] GC(89) - age   7:     156112 bytes,    4105368 total
[2023-10-18T14:05:12.296+0000][7][gc,age      ] GC(89) - age   8:      34200 bytes,    4139568 total
[2023-10-18T14:05:12.296+0000][7][gc,age      ] GC(89) - age   9:      68160 bytes,    4207728 total
[2023-10-18T14:05:12.296+0000][7][gc,age      ] GC(89) - age  10:       4448 bytes,    4212176 total
[2023-10-18T14:05:12.296+0000][7][gc,age      ] GC(89) - age  11:        144 bytes,    4212320 total
[2023-10-18T14:05:12.296+0000][7][gc,age      ] GC(89) - age  13:      21224 bytes,    4233544 total
[2023-10-18T14:05:12.296+0000][7][gc,age      ] GC(89) - age  14:     227344 bytes,    4460888 total
[2023-10-18T14:05:12.296+0000][7][gc,age      ] GC(89) - age  15:     391360 bytes,    4852248 total
[2023-10-18T14:05:12.297+0000][7][gc,phases   ] GC(89)   Pre Evacuate Collection Set: 0.2ms
[2023-10-18T14:05:12.297+0000][7][gc,phases   ] GC(89)   Merge Heap Roots: 0.1ms
[2023-10-18T14:05:12.297+0000][7][gc,phases   ] GC(89)   Evacuate Collection Set: 8.9ms
[2023-10-18T14:05:12.297+0000][7][gc,phases   ] GC(89)   Post Evacuate Collection Set: 6.5ms
[2023-10-18T14:05:12.297+0000][7][gc,phases   ] GC(89)   Other: 0.8ms
[2023-10-18T14:05:12.297+0000][7][gc,heap     ] GC(89) Eden regions: 70->0(70)
[2023-10-18T14:05:12.297+0000][7][gc,heap     ] GC(89) Survivor regions: 2->2(9)
[2023-10-18T14:05:12.297+0000][7][gc,heap     ] GC(89) Old regions: 26->26
[2023-10-18T14:05:12.297+0000][7][gc,heap     ] GC(89) Archive regions: 2->2
[2023-10-18T14:05:12.297+0000][7][gc,heap     ] GC(89) Humongous regions: 5->5
[2023-10-18T14:05:12.297+0000][7][gc,metaspace] GC(89) Metaspace: 118418K(120128K)->118418K(120128K) NonClass: 102602K(103552K)->102602K(103552K) Class: 15816K(16576K)->15816K(16576K)
[2023-10-18T14:05:12.297+0000][7][gc          ] GC(89) Pause Young (Normal) (G1 Evacuation Pause) 411M->131M(512M) 16.343ms
[2023-10-18T14:05:12.297+0000][7][gc,cpu      ] GC(89) User=0.04s Sys=0.00s Real=0.02s
[2023-10-18T14:05:12.297+0000][7][safepoint   ] Safepoint "G1CollectForAllocation", Time since last: 194712172 ns, Reaching safepoint: 134736 ns, At safepoint: 16676166 ns, Total: 16810902 ns
[2023-10-18T14:05:15.297+0000][7][safepoint   ] Safepoint "Cleanup", Time since last: 3000269112 ns, Reaching safepoint: 69731 ns, At safepoint: 7525 ns, Total: 77256 ns
[2023-10-18T14:05:18.298+0000][7][safepoint   ] Safepoint "Cleanup", Time since last: 3000336086 ns, Reaching safepoint: 140932 ns, At safepoint: 26661 ns, Total: 167593 ns
[2023-10-18T14:05:19.188+0000][7][gc,start    ] GC(90) Pause Young (Normal) (G1 Evacuation Pause)
[2023-10-18T14:05:19.188+0000][7][gc,task     ] GC(90) Using 8 workers of 8 for evacuation
[2023-10-18T14:05:19.188+0000][7][gc,age      ] GC(90) Desired survivor size 18874368 bytes, new threshold 15 (max threshold 15)
[2023-10-18T14:05:19.199+0000][7][gc,age      ] GC(90) Age table with threshold 15 (max threshold 15)
[2023-10-18T14:05:19.199+0000][7][gc,age      ] GC(90) - age   1:    4133856 bytes,    4133856 total
[2023-10-18T14:05:19.199+0000][7][gc,age      ] GC(90) - age   2:     925848 bytes,    5059704 total
[2023-10-18T14:05:19.199+0000][7][gc,age      ] GC(90) - age   3:      30528 bytes,    5090232 total
[2023-10-18T14:05:19.199+0000][7][gc,age      ] GC(90) - age   4:     285568 bytes,    5375800 total
[2023-10-18T14:05:19.199+0000][7][gc,age      ] GC(90) - age   5:     574152 bytes,    5949952 total
[2023-10-18T14:05:19.199+0000][7][gc,age      ] GC(90) - age   6:     325576 bytes,    6275528 total
[2023-10-18T14:05:19.199+0000][7][gc,age      ] GC(90) - age   7:      65208 bytes,    6340736 total
[2023-10-18T14:05:19.199+0000][7][gc,age      ] GC(90) - age   8:     156048 bytes,    6496784 total
[2023-10-18T14:05:19.199+0000][7][gc,age      ] GC(90) - age   9:      34136 bytes,    6530920 total
[2023-10-18T14:05:19.199+0000][7][gc,age      ] GC(90) - age  10:      67760 bytes,    6598680 total
[2023-10-18T14:05:19.199+0000][7][gc,age      ] GC(90) - age  11:       4384 bytes,    6603064 total
[2023-10-18T14:05:19.199+0000][7][gc,age      ] GC(90) - age  12:         80 bytes,    6603144 total
[2023-10-18T14:05:19.199+0000][7][gc,age      ] GC(90) - age  14:      21224 bytes,    6624368 total
[2023-10-18T14:05:19.199+0000][7][gc,age      ] GC(90) - age  15:     227344 bytes,    6851712 total
[2023-10-18T14:05:19.199+0000][7][gc,phases   ] GC(90)   Pre Evacuate Collection Set: 0.2ms
[2023-10-18T14:05:19.199+0000][7][gc,phases   ] GC(90)   Merge Heap Roots: 0.1ms
[2023-10-18T14:05:19.199+0000][7][gc,phases   ] GC(90)   Evacuate Collection Set: 8.0ms
[2023-10-18T14:05:19.199+0000][7][gc,phases   ] GC(90)   Post Evacuate Collection Set: 2.4ms
[2023-10-18T14:05:19.199+0000][7][gc,phases   ] GC(90)   Other: 0.9ms
[2023-10-18T14:05:19.200+0000][7][gc,heap     ] GC(90) Eden regions: 70->0(70)
[2023-10-18T14:05:19.200+0000][7][gc,heap     ] GC(90) Survivor regions: 2->2(9)
[2023-10-18T14:05:19.200+0000][7][gc,heap     ] GC(90) Old regions: 26->26
[2023-10-18T14:05:19.200+0000][7][gc,heap     ] GC(90) Archive regions: 2->2
[2023-10-18T14:05:19.200+0000][7][gc,heap     ] GC(90) Humongous regions: 5->5
[2023-10-18T14:05:19.200+0000][7][gc,metaspace] GC(90) Metaspace: 118446K(120128K)->118446K(120128K) NonClass: 102629K(103552K)->102629K(103552K) Class: 15816K(16576K)->15816K(16576K)
[2023-10-18T14:05:19.200+0000][7][gc          ] GC(90) Pause Young (Normal) (G1 Evacuation Pause) 411M->134M(512M) 11.866ms
[2023-10-18T14:05:19.200+0000][7][gc,cpu      ] GC(90) User=0.04s Sys=0.00s Real=0.01s
[2023-10-18T14:05:19.200+0000][7][safepoint   ] Safepoint "G1CollectForAllocation", Time since last: 889798063 ns, Reaching safepoint: 351392 ns, At safepoint: 12093027 ns, Total: 12444419 ns
[2023-10-18T14:05:20.200+0000][7][safepoint   ] Safepoint "Cleanup", Time since last: 1000116855 ns, Reaching safepoint: 245373 ns, At safepoint: 20246 ns, Total: 265619 ns
[2023-10-18T14:05:21.201+0000][7][safepoint   ] Safepoint "Cleanup", Time since last: 1000224160 ns, Reaching safepoint: 100042 ns, At safepoint: 51244 ns, Total: 151286 ns
[2023-10-18T14:05:22.201+0000][7][safepoint   ] Safepoint "Cleanup", Time since last: 1000152602 ns, Reaching safepoint: 311528 ns, At safepoint: 48570 ns, Total: 360098 ns
[2023-10-18T14:05:22.896+0000][7][gc,start    ] GC(91) Pause Young (Normal) (G1 Evacuation Pause)
[2023-10-18T14:05:22.896+0000][7][gc,task     ] GC(91) Using 8 workers of 8 for evacuation
[2023-10-18T14:05:22.896+0000][7][gc,age      ] GC(91) Desired survivor size 18874368 bytes, new threshold 15 (max threshold 15)
[2023-10-18T14:05:22.901+0000][7][gc,age      ] GC(91) Age table with threshold 15 (max threshold 15)
[2023-10-18T14:05:22.901+0000][7][gc,age      ] GC(91) - age   1:    2753760 bytes,    2753760 total
[2023-10-18T14:05:22.901+0000][7][gc,age      ] GC(91) - age   2:     533160 bytes,    3286920 total
[2023-10-18T14:05:22.901+0000][7][gc,age      ] GC(91) - age   3:     314288 bytes,    3601208 total
[2023-10-18T14:05:22.901+0000][7][gc,age      ] GC(91) - age   4:      29952 bytes,    3631160 total
[2023-10-18T14:05:22.901+0000][7][gc,age      ] GC(91) - age   5:     284912 bytes,    3916072 total
[2023-10-18T14:05:22.901+0000][7][gc,age      ] GC(91) - age   6:     390936 bytes,    4307008 total
[2023-10-18T14:05:22.901+0000][7][gc,age      ] GC(91) - age   7:      95848 bytes,    4402856 total
[2023-10-18T14:05:22.901+0000][7][gc,age      ] GC(91) - age   8:      64568 bytes,    4467424 total
[2023-10-18T14:05:22.901+0000][7][gc,age      ] GC(91) - age   9:     140016 bytes,    4607440 total
[2023-10-18T14:05:22.901+0000][7][gc,age      ] GC(91) - age  10:      34136 bytes,    4641576 total
[2023-10-18T14:05:22.901+0000][7][gc,age      ] GC(91) - age  11:      67760 bytes,    4709336 total
[2023-10-18T14:05:22.901+0000][7][gc,age      ] GC(91) - age  12:       4384 bytes,    4713720 total
[2023-10-18T14:05:22.901+0000][7][gc,age      ] GC(91) - age  13:         80 bytes,    4713800 total
[2023-10-18T14:05:22.901+0000][7][gc,age      ] GC(91) - age  15:      21224 bytes,    4735024 total
[2023-10-18T14:05:22.901+0000][7][gc,phases   ] GC(91)   Pre Evacuate Collection Set: 0.2ms
[2023-10-18T14:05:22.901+0000][7][gc,phases   ] GC(91)   Merge Heap Roots: 0.1ms
[2023-10-18T14:05:22.901+0000][7][gc,phases   ] GC(91)   Evacuate Collection Set: 3.8ms
[2023-10-18T14:05:22.901+0000][7][gc,phases   ] GC(91)   Post Evacuate Collection Set: 0.8ms
[2023-10-18T14:05:22.901+0000][7][gc,phases   ] GC(91)   Other: 0.6ms
[2023-10-18T14:05:22.901+0000][7][gc,heap     ] GC(91) Eden regions: 70->0(70)
[2023-10-18T14:05:22.901+0000][7][gc,heap     ] GC(91) Survivor regions: 2->2(9)
[2023-10-18T14:05:22.901+0000][7][gc,heap     ] GC(91) Old regions: 26->26
[2023-10-18T14:05:22.901+0000][7][gc,heap     ] GC(91) Archive regions: 2->2
[2023-10-18T14:05:22.901+0000][7][gc,heap     ] GC(91) Humongous regions: 5->5
[2023-10-18T14:05:22.901+0000][7][gc,metaspace] GC(91) Metaspace: 118464K(120192K)->118464K(120192K) NonClass: 102647K(103616K)->102647K(103616K) Class: 15816K(16576K)->15816K(16576K)
[2023-10-18T14:05:22.901+0000][7][gc          ] GC(91) Pause Young (Normal) (G1 Evacuation Pause) 414M->132M(512M) 5.408ms
[2023-10-18T14:05:22.901+0000][7][gc,cpu      ] GC(91) User=0.02s Sys=0.00s Real=0.01s
[2023-10-18T14:05:22.901+0000][7][safepoint   ] Safepoint "G1CollectForAllocation", Time since last: 694290765 ns, Reaching safepoint: 252758 ns, At safepoint: 5574627 ns, Total: 5827385 ns
[2023-10-18T14:05:23.902+0000][7][safepoint   ] Safepoint "Cleanup", Time since last: 1000093229 ns, Reaching safepoint: 127958 ns, At safepoint: 9729 ns, Total: 137687 ns
[2023-10-18T14:05:29.904+0000][7][gc,start    ] GC(92) Pause Young (Normal) (G1 Evacuation Pause)
[2023-10-18T14:05:29.904+0000][7][gc,task     ] GC(92) Using 8 workers of 8 for evacuation
[2023-10-18T14:05:29.904+0000][7][gc,age      ] GC(92) Desired survivor size 18874368 bytes, new threshold 15 (max threshold 15)
[2023-10-18T14:05:29.919+0000][7][gc,age      ] GC(92) Age table with threshold 15 (max threshold 15)
[2023-10-18T14:05:29.919+0000][7][gc,age      ] GC(92) - age   1:    1857680 bytes,    1857680 total
[2023-10-18T14:05:29.919+0000][7][gc,age      ] GC(92) - age   2:    1040248 bytes,    2897928 total
[2023-10-18T14:05:29.919+0000][7][gc,age      ] GC(92) - age   3:     316568 bytes,    3214496 total
[2023-10-18T14:05:29.919+0000][7][gc,age      ] GC(92) - age   4:     169472 bytes,    3383968 total
[2023-10-18T14:05:29.919+0000][7][gc,age      ] GC(92) - age   5:      29216 bytes,    3413184 total
[2023-10-18T14:05:29.919+0000][7][gc,age      ] GC(92) - age   6:     108800 bytes,    3521984 total
[2023-10-18T14:05:29.919+0000][7][gc,age      ] GC(92) - age   7:      14792 bytes,    3536776 total
[2023-10-18T14:05:29.919+0000][7][gc,age      ] GC(92) - age   8:      95848 bytes,    3632624 total
[2023-10-18T14:05:29.919+0000][7][gc,age      ] GC(92) - age   9:      64568 bytes,    3697192 total
[2023-10-18T14:05:29.919+0000][7][gc,age      ] GC(92) - age  10:     140016 bytes,    3837208 total
[2023-10-18T14:05:29.919+0000][7][gc,age      ] GC(92) - age  11:      34104 bytes,    3871312 total
[2023-10-18T14:05:29.919+0000][7][gc,age      ] GC(92) - age  12:      67760 bytes,    3939072 total
[2023-10-18T14:05:29.919+0000][7][gc,age      ] GC(92) - age  13:       4384 bytes,    3943456 total
[2023-10-18T14:05:29.919+0000][7][gc,age      ] GC(92) - age  14:         80 bytes,    3943536 total
[2023-10-18T14:05:29.919+0000][7][gc,phases   ] GC(92)   Pre Evacuate Collection Set: 0.4ms
[2023-10-18T14:05:29.919+0000][7][gc,phases   ] GC(92)   Merge Heap Roots: 0.6ms
[2023-10-18T14:05:29.919+0000][7][gc,phases   ] GC(92)   Evacuate Collection Set: 11.9ms
[2023-10-18T14:05:29.919+0000][7][gc,phases   ] GC(92)   Post Evacuate Collection Set: 2.0ms
[2023-10-18T14:05:29.919+0000][7][gc,phases   ] GC(92)   Other: 0.7ms
[2023-10-18T14:05:29.919+0000][7][gc,heap     ] GC(92) Eden regions: 70->0(70)
[2023-10-18T14:05:29.919+0000][7][gc,heap     ] GC(92) Survivor regions: 2->2(9)
[2023-10-18T14:05:29.919+0000][7][gc,heap     ] GC(92) Old regions: 26->26
[2023-10-18T14:05:29.919+0000][7][gc,heap     ] GC(92) Archive regions: 2->2
[2023-10-18T14:05:29.919+0000][7][gc,heap     ] GC(92) Humongous regions: 5->5
[2023-10-18T14:05:29.919+0000][7][gc,metaspace] GC(92) Metaspace: 118488K(120192K)->118488K(120192K) NonClass: 102672K(103616K)->102672K(103616K) Class: 15816K(16576K)->15816K(16576K)
[2023-10-18T14:05:29.920+0000][7][gc          ] GC(92) Pause Young (Normal) (G1 Evacuation Pause) 412M->131M(512M) 15.685ms
[2023-10-18T14:05:29.920+0000][7][gc,cpu      ] GC(92) User=0.03s Sys=0.00s Real=0.02s
[2023-10-18T14:05:29.920+0000][7][safepoint   ] Safepoint "G1CollectForAllocation", Time since last: 6002074843 ns, Reaching safepoint: 154602 ns, At safepoint: 15857807 ns, Total: 16012409 ns
[2023-10-18T14:05:32.920+0000][7][safepoint   ] Safepoint "Cleanup", Time since last: 3000210563 ns, Reaching safepoint: 64140 ns, At safepoint: 3835 ns, Total: 67975 ns
[2023-10-18T14:05:37.085+0000][7][gc,start    ] GC(93) Pause Young (Normal) (G1 Evacuation Pause)
[2023-10-18T14:05:37.085+0000][7][gc,task     ] GC(93) Using 8 workers of 8 for evacuation
[2023-10-18T14:05:37.086+0000][7][gc,age      ] GC(93) Desired survivor size 18874368 bytes, new threshold 15 (max threshold 15)
[2023-10-18T14:05:37.088+0000][7][gc,age      ] GC(93) Age table with threshold 15 (max threshold 15)
[2023-10-18T14:05:37.088+0000][7][gc,age      ] GC(93) - age   1:    1885624 bytes,    1885624 total
[2023-10-18T14:05:37.088+0000][7][gc,age      ] GC(93) - age   2:     603664 bytes,    2489288 total
[2023-10-18T14:05:37.088+0000][7][gc,age      ] GC(93) - age   3:     819608 bytes,    3308896 total
[2023-10-18T14:05:37.088+0000][7][gc,age      ] GC(93) - age   4:     114240 bytes,    3423136 total
[2023-10-18T14:05:37.088+0000][7][gc,age      ] GC(93) - age   5:     144584 bytes,    3567720 total
[2023-10-18T14:05:37.088+0000][7][gc,age      ] GC(93) - age   6:      16672 bytes,    3584392 total
[2023-10-18T14:05:37.088+0000][7][gc,age      ] GC(93) - age   7:       1696 bytes,    3586088 total
[2023-10-18T14:05:37.088+0000][7][gc,age      ] GC(93) - age   8:      14536 bytes,    3600624 total
[2023-10-18T14:05:37.088+0000][7][gc,age      ] GC(93) - age   9:      95784 bytes,    3696408 total
[2023-10-18T14:05:37.088+0000][7][gc,age      ] GC(93) - age  10:      64568 bytes,    3760976 total
[2023-10-18T14:05:37.088+0000][7][gc,age      ] GC(93) - age  11:     140016 bytes,    3900992 total
[2023-10-18T14:05:37.088+0000][7][gc,age      ] GC(93) - age  12:      34072 bytes,    3935064 total
[2023-10-18T14:05:37.088+0000][7][gc,age      ] GC(93) - age  13:      67760 bytes,    4002824 total
[2023-10-18T14:05:37.088+0000][7][gc,age      ] GC(93) - age  14:       4384 bytes,    4007208 total
[2023-10-18T14:05:37.088+0000][7][gc,age      ] GC(93) - age  15:         80 bytes,    4007288 total
[2023-10-18T14:05:37.088+0000][7][gc,phases   ] GC(93)   Pre Evacuate Collection Set: 0.1ms
[2023-10-18T14:05:37.088+0000][7][gc,phases   ] GC(93)   Merge Heap Roots: 0.0ms
[2023-10-18T14:05:37.088+0000][7][gc,phases   ] GC(93)   Evacuate Collection Set: 1.6ms
[2023-10-18T14:05:37.088+0000][7][gc,phases   ] GC(93)   Post Evacuate Collection Set: 0.8ms
[2023-10-18T14:05:37.088+0000][7][gc,phases   ] GC(93)   Other: 0.3ms
[2023-10-18T14:05:37.088+0000][7][gc,heap     ] GC(93) Eden regions: 70->0(70)
[2023-10-18T14:05:37.088+0000][7][gc,heap     ] GC(93) Survivor regions: 2->2(9)
[2023-10-18T14:05:37.088+0000][7][gc,heap     ] GC(93) Old regions: 26->26
[2023-10-18T14:05:37.088+0000][7][gc,heap     ] GC(93) Archive regions: 2->2
[2023-10-18T14:05:37.088+0000][7][gc,heap     ] GC(93) Humongous regions: 5->5
[2023-10-18T14:05:37.088+0000][7][gc,metaspace] GC(93) Metaspace: 118490K(120192K)->118490K(120192K) NonClass: 102673K(103616K)->102673K(103616K) Class: 15816K(16576K)->15816K(16576K)
[2023-10-18T14:05:37.088+0000][7][gc          ] GC(93) Pause Young (Normal) (G1 Evacuation Pause) 411M->131M(512M) 2.870ms
[2023-10-18T14:05:37.088+0000][7][gc,cpu      ] GC(93) User=0.01s Sys=0.00s Real=0.01s
[2023-10-18T14:05:37.088+0000][7][safepoint   ] Safepoint "G1CollectForAllocation", Time since last: 4165447653 ns, Reaching safepoint: 28702 ns, At safepoint: 2977931 ns, Total: 3006633 ns
[2023-10-18T14:05:42.089+0000][7][safepoint   ] Safepoint "Cleanup", Time since last: 5000471389 ns, Reaching safepoint: 57959 ns, At safepoint: 2932 ns, Total: 60891 ns
[2023-10-18T14:05:43.089+0000][7][safepoint   ] Safepoint "Cleanup", Time since last: 1000118541 ns, Reaching safepoint: 49040 ns, At safepoint: 6795 ns, Total: 55835 ns
[2023-10-18T14:05:44.089+0000][7][safepoint   ] Safepoint "Cleanup", Time since last: 1000095393 ns, Reaching safepoint: 70104 ns, At safepoint: 5095 ns, Total: 75199 ns
[2023-10-18T14:05:45.091+0000][7][safepoint   ] Safepoint "Cleanup", Time since last: 1001499199 ns, Reaching safepoint: 80359 ns, At safepoint: 17169 ns, Total: 97528 ns
[2023-10-18T14:05:45.637+0000][7][gc,start    ] GC(94) Pause Young (Normal) (G1 Evacuation Pause)
[2023-10-18T14:05:45.638+0000][7][gc,task     ] GC(94) Using 8 workers of 8 for evacuation
[2023-10-18T14:05:45.638+0000][7][gc,age      ] GC(94) Desired survivor size 18874368 bytes, new threshold 15 (max threshold 15)
[2023-10-18T14:05:45.649+0000][7][gc,age      ] GC(94) Age table with threshold 15 (max threshold 15)
[2023-10-18T14:05:45.649+0000][7][gc,age      ] GC(94) - age   1:    2061208 bytes,    2061208 total
[2023-10-18T14:05:45.649+0000][7][gc,age      ] GC(94) - age   2:     585816 bytes,    2647024 total
[2023-10-18T14:05:45.649+0000][7][gc,age      ] GC(94) - age   3:     304248 bytes,    2951272 total
[2023-10-18T14:05:45.649+0000][7][gc,age      ] GC(94) - age   4:     819088 bytes,    3770360 total
[2023-10-18T14:05:45.649+0000][7][gc,age      ] GC(94) - age   5:     108168 bytes,    3878528 total
[2023-10-18T14:05:45.649+0000][7][gc,age      ] GC(94) - age   6:     144224 bytes,    4022752 total
[2023-10-18T14:05:45.649+0000][7][gc,age      ] GC(94) - age   7:      16672 bytes,    4039424 total
[2023-10-18T14:05:45.649+0000][7][gc,age      ] GC(94) - age   8:       1696 bytes,    4041120 total
[2023-10-18T14:05:45.649+0000][7][gc,age      ] GC(94) - age   9:      14536 bytes,    4055656 total
[2023-10-18T14:05:45.649+0000][7][gc,age      ] GC(94) - age  10:      95784 bytes,    4151440 total
[2023-10-18T14:05:45.649+0000][7][gc,age      ] GC(94) - age  11:      64568 bytes,    4216008 total
[2023-10-18T14:05:45.649+0000][7][gc,age      ] GC(94) - age  12:     140016 bytes,    4356024 total
[2023-10-18T14:05:45.649+0000][7][gc,age      ] GC(94) - age  13:      34072 bytes,    4390096 total
[2023-10-18T14:05:45.649+0000][7][gc,age      ] GC(94) - age  14:      67320 bytes,    4457416 total
[2023-10-18T14:05:45.649+0000][7][gc,age      ] GC(94) - age  15:       4384 bytes,    4461800 total
[2023-10-18T14:05:45.649+0000][7][gc,phases   ] GC(94)   Pre Evacuate Collection Set: 0.4ms
[2023-10-18T14:05:45.649+0000][7][gc,phases   ] GC(94)   Merge Heap Roots: 0.2ms
[2023-10-18T14:05:45.649+0000][7][gc,phases   ] GC(94)   Evacuate Collection Set: 9.7ms
[2023-10-18T14:05:45.649+0000][7][gc,phases   ] GC(94)   Post Evacuate Collection Set: 0.8ms
[2023-10-18T14:05:45.649+0000][7][gc,phases   ] GC(94)   Other: 0.8ms
[2023-10-18T14:05:45.649+0000][7][gc,heap     ] GC(94) Eden regions: 70->0(70)
[2023-10-18T14:05:45.649+0000][7][gc,heap     ] GC(94) Survivor regions: 2->2(9)
[2023-10-18T14:05:45.649+0000][7][gc,heap     ] GC(94) Old regions: 26->26
[2023-10-18T14:05:45.649+0000][7][gc,heap     ] GC(94) Archive regions: 2->2
[2023-10-18T14:05:45.649+0000][7][gc,heap     ] GC(94) Humongous regions: 5->5
[2023-10-18T14:05:45.649+0000][7][gc,metaspace] GC(94) Metaspace: 118498K(120192K)->118498K(120192K) NonClass: 102681K(103616K)->102681K(103616K) Class: 15817K(16576K)->15817K(16576K)
[2023-10-18T14:05:45.649+0000][7][gc          ] GC(94) Pause Young (Normal) (G1 Evacuation Pause) 411M->132M(512M) 11.800ms
[2023-10-18T14:05:45.649+0000][7][gc,cpu      ] GC(94) User=0.03s Sys=0.00s Real=0.01s
[2023-10-18T14:05:45.649+0000][7][safepoint   ] Safepoint "G1CollectForAllocation", Time since last: 546128207 ns, Reaching safepoint: 285096 ns, At safepoint: 12046735 ns, Total: 12331831 ns
[2023-10-18T14:05:46.649+0000][7][safepoint   ] Safepoint "Cleanup", Time since last: 1000123521 ns, Reaching safepoint: 36431 ns, At safepoint: 3463 ns, Total: 39894 ns
[2023-10-18T14:05:52.650+0000][7][safepoint   ] Safepoint "Cleanup", Time since last: 6000511640 ns, Reaching safepoint: 36734 ns, At safepoint: 2656 ns, Total: 39390 ns
[2023-10-18T14:05:53.650+0000][7][safepoint   ] Safepoint "Cleanup", Time since last: 1000115206 ns, Reaching safepoint: 98637 ns, At safepoint: 5627 ns, Total: 104264 ns
[2023-10-18T14:05:54.420+0000][7][gc,heap,exit] Heap
[2023-10-18T14:05:54.420+0000][7][gc,heap,exit]  garbage-first heap   total 524288K, used 352194K [0x00000000e0000000, 0x0000000100000000)
[2023-10-18T14:05:54.420+0000][7][gc,heap,exit]   region size 4096K, 55 young (225280K), 2 survivors (8192K)
[2023-10-18T14:05:54.420+0000][7][gc,heap,exit]  Metaspace       used 118659K, committed 120384K, reserved 1155072K
[2023-10-18T14:05:54.420+0000][7][gc,heap,exit]   class space    used 15853K, committed 16576K, reserved 1048576K
