[2023-10-31T03:09:08.134+0000][7][gc] Using G1
[2023-10-31T03:09:08.257+0000][7][gc,init] Version: 17.0.1+12 (release)
[2023-10-31T03:09:08.257+0000][7][gc,init] CPUs: 8 total, 8 available
[2023-10-31T03:09:08.257+0000][7][gc,init] Memory: 7659M
[2023-10-31T03:09:08.257+0000][7][gc,init] Large Page Support: Disabled
[2023-10-31T03:09:08.258+0000][7][gc,init] NUMA Support: Disabled
[2023-10-31T03:09:08.258+0000][7][gc,init] Compressed Oops: Enabled (32-bit)
[2023-10-31T03:09:08.258+0000][7][gc,init] Heap Region Size: 4M
[2023-10-31T03:09:08.258+0000][7][gc,init] Heap Min Capacity: 512M
[2023-10-31T03:09:08.258+0000][7][gc,init] Heap Initial Capacity: 512M
[2023-10-31T03:09:08.258+0000][7][gc,init] Heap Max Capacity: 512M
[2023-10-31T03:09:08.258+0000][7][gc,init] Pre-touch: Enabled
[2023-10-31T03:09:08.258+0000][7][gc,init] Parallel Workers: 8
[2023-10-31T03:09:08.258+0000][7][gc,init] Concurrent Workers: 2
[2023-10-31T03:09:08.259+0000][7][gc,init] Concurrent Refinement Workers: 8
[2023-10-31T03:09:08.259+0000][7][gc,init] Periodic GC: Disabled
[2023-10-31T03:09:08.259+0000][7][gc,metaspace] CDS archive(s) mapped at: [0x0000000800000000-0x0000000800bd1000-0x0000000800bd1000), size 12390400, SharedBaseAddress: 0x0000000800000000, ArchiveRelocationMode: 0.
[2023-10-31T03:09:08.259+0000][7][gc,metaspace] Compressed class space mapped at: 0x0000000800c00000-0x0000000840c00000, reserved size: 1073741824
[2023-10-31T03:09:08.259+0000][7][gc,metaspace] Narrow klass base: 0x0000000800000000, Narrow klass shift: 0, Narrow klass range: 0x100000000
[2023-10-31T03:09:09.101+0000][7][safepoint   ] Safepoint "ICBufferFull", Time since last: 834549060 ns, Reaching safepoint: 111920 ns, At safepoint: 4702 ns, Total: 116622 ns
[2023-10-31T03:09:09.547+0000][7][gc,start    ] GC(0) Pause Young (Normal) (G1 Evacuation Pause)
[2023-10-31T03:09:09.548+0000][7][gc,task     ] GC(0) Using 8 workers of 8 for evacuation
[2023-10-31T03:09:09.548+0000][7][gc,age      ] GC(0) Desired survivor size 2097152 bytes, new threshold 15 (max threshold 15)
[2023-10-31T03:09:09.557+0000][7][gc,age      ] GC(0) Age table with threshold 15 (max threshold 15)
[2023-10-31T03:09:09.557+0000][7][gc,age      ] GC(0) - age   1:    4069480 bytes,    4069480 total
[2023-10-31T03:09:09.557+0000][7][gc,phases   ] GC(0)   Pre Evacuate Collection Set: 0.1ms
[2023-10-31T03:09:09.557+0000][7][gc,phases   ] GC(0)   Merge Heap Roots: 0.1ms
[2023-10-31T03:09:09.557+0000][7][gc,phases   ] GC(0)   Evacuate Collection Set: 8.2ms
[2023-10-31T03:09:09.557+0000][7][gc,phases   ] GC(0)   Post Evacuate Collection Set: 0.5ms
[2023-10-31T03:09:09.557+0000][7][gc,phases   ] GC(0)   Other: 0.7ms
[2023-10-31T03:09:09.557+0000][7][gc,heap     ] GC(0) Eden regions: 6->0(6)
[2023-10-31T03:09:09.557+0000][7][gc,heap     ] GC(0) Survivor regions: 0->1(1)
[2023-10-31T03:09:09.557+0000][7][gc,heap     ] GC(0) Old regions: 0->1
[2023-10-31T03:09:09.557+0000][7][gc,heap     ] GC(0) Archive regions: 2->2
[2023-10-31T03:09:09.557+0000][7][gc,heap     ] GC(0) Humongous regions: 0->0
[2023-10-31T03:09:09.557+0000][7][gc,metaspace] GC(0) Metaspace: 7627K(7872K)->7627K(7872K) NonClass: 6744K(6848K)->6744K(6848K) Class: 883K(1024K)->883K(1024K)
[2023-10-31T03:09:09.557+0000][7][gc          ] GC(0) Pause Young (Normal) (G1 Evacuation Pause) 27M->8M(512M) 9.636ms
[2023-10-31T03:09:09.557+0000][7][gc,cpu      ] GC(0) User=0.02s Sys=0.00s Real=0.01s
[2023-10-31T03:09:09.557+0000][7][safepoint   ] Safepoint "G1CollectForAllocation", Time since last: 445763152 ns, Reaching safepoint: 98465 ns, At safepoint: 9783984 ns, Total: 9882449 ns
[2023-10-31T03:09:10.558+0000][7][safepoint   ] Safepoint "Cleanup", Time since last: 1001343013 ns, Reaching safepoint: 149730 ns, At safepoint: 3631 ns, Total: 153361 ns
[2023-10-31T03:09:11.294+0000][7][gc,start    ] GC(1) Pause Young (Normal) (G1 Evacuation Pause)
[2023-10-31T03:09:11.294+0000][7][gc,task     ] GC(1) Using 8 workers of 8 for evacuation
[2023-10-31T03:09:11.294+0000][7][gc,age      ] GC(1) Desired survivor size 2097152 bytes, new threshold 1 (max threshold 15)
[2023-10-31T03:09:11.302+0000][7][gc,age      ] GC(1) Age table with threshold 1 (max threshold 15)
[2023-10-31T03:09:11.302+0000][7][gc,age      ] GC(1) - age   1:    2343400 bytes,    2343400 total
[2023-10-31T03:09:11.302+0000][7][gc,phases   ] GC(1)   Pre Evacuate Collection Set: 0.1ms
[2023-10-31T03:09:11.302+0000][7][gc,phases   ] GC(1)   Merge Heap Roots: 0.0ms
[2023-10-31T03:09:11.302+0000][7][gc,phases   ] GC(1)   Evacuate Collection Set: 6.3ms
[2023-10-31T03:09:11.302+0000][7][gc,phases   ] GC(1)   Post Evacuate Collection Set: 1.6ms
[2023-10-31T03:09:11.302+0000][7][gc,phases   ] GC(1)   Other: 0.4ms
[2023-10-31T03:09:11.302+0000][7][gc,heap     ] GC(1) Eden regions: 6->0(16)
[2023-10-31T03:09:11.302+0000][7][gc,heap     ] GC(1) Survivor regions: 1->1(1)
[2023-10-31T03:09:11.302+0000][7][gc,heap     ] GC(1) Old regions: 1->1
[2023-10-31T03:09:11.302+0000][7][gc,heap     ] GC(1) Archive regions: 2->2
[2023-10-31T03:09:11.302+0000][7][gc,heap     ] GC(1) Humongous regions: 0->0
[2023-10-31T03:09:11.302+0000][7][gc,metaspace] GC(1) Metaspace: 12424K(12672K)->12424K(12672K) NonClass: 10918K(11072K)->10918K(11072K) Class: 1506K(1600K)->1506K(1600K)
[2023-10-31T03:09:11.302+0000][7][gc          ] GC(1) Pause Young (Normal) (G1 Evacuation Pause) 32M->10M(512M) 8.504ms
[2023-10-31T03:09:11.302+0000][7][gc,cpu      ] GC(1) User=0.03s Sys=0.00s Real=0.01s
[2023-10-31T03:09:11.302+0000][7][safepoint   ] Safepoint "G1CollectForAllocation", Time since last: 735350599 ns, Reaching safepoint: 94768 ns, At safepoint: 8594389 ns, Total: 8689157 ns
[2023-10-31T03:09:12.604+0000][7][safepoint   ] Safepoint "Cleanup", Time since last: 1285721698 ns, Reaching safepoint: 15731639 ns, At safepoint: 41511 ns, Total: 15773150 ns
[2023-10-31T03:09:13.002+0000][7][gc,start    ] GC(2) Pause Young (Normal) (G1 Evacuation Pause)
[2023-10-31T03:09:13.002+0000][7][gc,task     ] GC(2) Using 8 workers of 8 for evacuation
[2023-10-31T03:09:13.002+0000][7][gc,age      ] GC(2) Desired survivor size 6291456 bytes, new threshold 15 (max threshold 15)
[2023-10-31T03:09:13.010+0000][7][gc,age      ] GC(2) Age table with threshold 15 (max threshold 15)
[2023-10-31T03:09:13.010+0000][7][gc,age      ] GC(2) - age   1:    2925776 bytes,    2925776 total
[2023-10-31T03:09:13.010+0000][7][gc,age      ] GC(2) - age   2:    2323216 bytes,    5248992 total
[2023-10-31T03:09:13.010+0000][7][gc,phases   ] GC(2)   Pre Evacuate Collection Set: 0.1ms
[2023-10-31T03:09:13.010+0000][7][gc,phases   ] GC(2)   Merge Heap Roots: 0.0ms
[2023-10-31T03:09:13.010+0000][7][gc,phases   ] GC(2)   Evacuate Collection Set: 7.0ms
[2023-10-31T03:09:13.010+0000][7][gc,phases   ] GC(2)   Post Evacuate Collection Set: 0.5ms
[2023-10-31T03:09:13.010+0000][7][gc,phases   ] GC(2)   Other: 0.3ms
[2023-10-31T03:09:13.010+0000][7][gc,heap     ] GC(2) Eden regions: 16->0(74)
[2023-10-31T03:09:13.010+0000][7][gc,heap     ] GC(2) Survivor regions: 1->2(3)
[2023-10-31T03:09:13.010+0000][7][gc,heap     ] GC(2) Old regions: 1->1
[2023-10-31T03:09:13.010+0000][7][gc,heap     ] GC(2) Archive regions: 2->2
[2023-10-31T03:09:13.010+0000][7][gc,heap     ] GC(2) Humongous regions: 0->0
[2023-10-31T03:09:13.010+0000][7][gc,metaspace] GC(2) Metaspace: 14502K(14720K)->14502K(14720K) NonClass: 12815K(12928K)->12815K(12928K) Class: 1687K(1792K)->1687K(1792K)
[2023-10-31T03:09:13.010+0000][7][gc          ] GC(2) Pause Young (Normal) (G1 Evacuation Pause) 74M->13M(512M) 8.058ms
[2023-10-31T03:09:13.010+0000][7][gc,cpu      ] GC(2) User=0.02s Sys=0.00s Real=0.01s
[2023-10-31T03:09:13.010+0000][7][safepoint   ] Safepoint "G1CollectForAllocation", Time since last: 397720313 ns, Reaching safepoint: 144062 ns, At safepoint: 8133799 ns, Total: 8277861 ns
[2023-10-31T03:09:14.013+0000][7][safepoint   ] Safepoint "Cleanup", Time since last: 1000081833 ns, Reaching safepoint: 3253095 ns, At safepoint: 6926 ns, Total: 3260021 ns
[2023-10-31T03:09:14.127+0000][7][safepoint   ] Safepoint "ICBufferFull", Time since last: 113331774 ns, Reaching safepoint: 76669 ns, At safepoint: 5041 ns, Total: 81710 ns
[2023-10-31T03:09:14.128+0000][7][safepoint   ] Safepoint "ICBufferFull", Time since last: 1232532 ns, Reaching safepoint: 73544 ns, At safepoint: 4742 ns, Total: 78286 ns
[2023-10-31T03:09:14.132+0000][7][safepoint   ] Safepoint "ICBufferFull", Time since last: 4000267 ns, Reaching safepoint: 104145 ns, At safepoint: 5536 ns, Total: 109681 ns
[2023-10-31T03:09:14.133+0000][7][safepoint   ] Safepoint "ICBufferFull", Time since last: 918054 ns, Reaching safepoint: 39214 ns, At safepoint: 5154 ns, Total: 44368 ns
[2023-10-31T03:09:14.134+0000][7][safepoint   ] Safepoint "ICBufferFull", Time since last: 1202159 ns, Reaching safepoint: 42205 ns, At safepoint: 3350 ns, Total: 45555 ns
[2023-10-31T03:09:15.308+0000][7][gc,start    ] GC(3) Pause Young (Normal) (G1 Evacuation Pause)
[2023-10-31T03:09:15.308+0000][7][gc,task     ] GC(3) Using 8 workers of 8 for evacuation
[2023-10-31T03:09:15.308+0000][7][gc,age      ] GC(3) Desired survivor size 20971520 bytes, new threshold 15 (max threshold 15)
[2023-10-31T03:09:15.318+0000][7][gc,age      ] GC(3) Age table with threshold 15 (max threshold 15)
[2023-10-31T03:09:15.318+0000][7][gc,age      ] GC(3) - age   1:    5015336 bytes,    5015336 total
[2023-10-31T03:09:15.318+0000][7][gc,age      ] GC(3) - age   2:    1172112 bytes,    6187448 total
[2023-10-31T03:09:15.318+0000][7][gc,age      ] GC(3) - age   3:    2311912 bytes,    8499360 total
[2023-10-31T03:09:15.318+0000][7][gc,phases   ] GC(3)   Pre Evacuate Collection Set: 0.1ms
[2023-10-31T03:09:15.319+0000][7][gc,phases   ] GC(3)   Merge Heap Roots: 0.0ms
[2023-10-31T03:09:15.319+0000][7][gc,phases   ] GC(3)   Evacuate Collection Set: 9.3ms
[2023-10-31T03:09:15.319+0000][7][gc,phases   ] GC(3)   Post Evacuate Collection Set: 1.0ms
[2023-10-31T03:09:15.319+0000][7][gc,phases   ] GC(3)   Other: 0.3ms
[2023-10-31T03:09:15.319+0000][7][gc,heap     ] GC(3) Eden regions: 74->0(73)
[2023-10-31T03:09:15.319+0000][7][gc,heap     ] GC(3) Survivor regions: 2->3(10)
[2023-10-31T03:09:15.319+0000][7][gc,heap     ] GC(3) Old regions: 1->1
[2023-10-31T03:09:15.319+0000][7][gc,heap     ] GC(3) Archive regions: 2->2
[2023-10-31T03:09:15.319+0000][7][gc,heap     ] GC(3) Humongous regions: 0->0
[2023-10-31T03:09:15.319+0000][7][gc,metaspace] GC(3) Metaspace: 17682K(17984K)->17682K(17984K) NonClass: 15535K(15744K)->15535K(15744K) Class: 2147K(2240K)->2147K(2240K)
[2023-10-31T03:09:15.319+0000][7][gc          ] GC(3) Pause Young (Normal) (G1 Evacuation Pause) 309M->16M(512M) 10.863ms
[2023-10-31T03:09:15.319+0000][7][gc,cpu      ] GC(3) User=0.03s Sys=0.00s Real=0.01s
[2023-10-31T03:09:15.319+0000][7][safepoint   ] Safepoint "G1CollectForAllocation", Time since last: 1173169937 ns, Reaching safepoint: 158004 ns, At safepoint: 10953103 ns, Total: 11111107 ns
[2023-10-31T03:09:16.729+0000][7][safepoint   ] Safepoint "Cleanup", Time since last: 1410227565 ns, Reaching safepoint: 186742 ns, At safepoint: 3416 ns, Total: 190158 ns
[2023-10-31T03:09:17.180+0000][7][gc,start    ] GC(4) Pause Young (Normal) (G1 Evacuation Pause)
[2023-10-31T03:09:17.180+0000][7][gc,task     ] GC(4) Using 8 workers of 8 for evacuation
[2023-10-31T03:09:17.180+0000][7][gc,age      ] GC(4) Desired survivor size 20971520 bytes, new threshold 15 (max threshold 15)
[2023-10-31T03:09:17.197+0000][7][gc,age      ] GC(4) Age table with threshold 15 (max threshold 15)
[2023-10-31T03:09:17.197+0000][7][gc,age      ] GC(4) - age   1:    5457248 bytes,    5457248 total
[2023-10-31T03:09:17.197+0000][7][gc,age      ] GC(4) - age   2:    4236776 bytes,    9694024 total
[2023-10-31T03:09:17.197+0000][7][gc,age      ] GC(4) - age   3:    1172032 bytes,   10866056 total
[2023-10-31T03:09:17.197+0000][7][gc,age      ] GC(4) - age   4:    2311912 bytes,   13177968 total
[2023-10-31T03:09:17.197+0000][7][gc,phases   ] GC(4)   Pre Evacuate Collection Set: 0.1ms
[2023-10-31T03:09:17.197+0000][7][gc,phases   ] GC(4)   Merge Heap Roots: 0.0ms
[2023-10-31T03:09:17.197+0000][7][gc,phases   ] GC(4)   Evacuate Collection Set: 16.5ms
[2023-10-31T03:09:17.197+0000][7][gc,phases   ] GC(4)   Post Evacuate Collection Set: 1.0ms
[2023-10-31T03:09:17.197+0000][7][gc,phases   ] GC(4)   Other: 0.3ms
[2023-10-31T03:09:17.198+0000][7][gc,heap     ] GC(4) Eden regions: 73->0(72)
[2023-10-31T03:09:17.198+0000][7][gc,heap     ] GC(4) Survivor regions: 3->4(10)
[2023-10-31T03:09:17.198+0000][7][gc,heap     ] GC(4) Old regions: 1->1
[2023-10-31T03:09:17.198+0000][7][gc,heap     ] GC(4) Archive regions: 2->2
[2023-10-31T03:09:17.198+0000][7][gc,heap     ] GC(4) Humongous regions: 0->0
[2023-10-31T03:09:17.198+0000][7][gc,metaspace] GC(4) Metaspace: 18672K(19072K)->18672K(19072K) NonClass: 16416K(16640K)->16416K(16640K) Class: 2255K(2432K)->2255K(2432K)
[2023-10-31T03:09:17.198+0000][7][gc          ] GC(4) Pause Young (Normal) (G1 Evacuation Pause) 308M->21M(512M) 18.065ms
[2023-10-31T03:09:17.198+0000][7][gc,cpu      ] GC(4) User=0.04s Sys=0.00s Real=0.02s
[2023-10-31T03:09:17.198+0000][7][safepoint   ] Safepoint "G1CollectForAllocation", Time since last: 450345730 ns, Reaching safepoint: 64762 ns, At safepoint: 18169656 ns, Total: 18234418 ns
[2023-10-31T03:09:18.201+0000][7][safepoint   ] Safepoint "Cleanup", Time since last: 1000431542 ns, Reaching safepoint: 2753360 ns, At safepoint: 17925 ns, Total: 2771285 ns
[2023-10-31T03:09:18.693+0000][7][gc,start    ] GC(5) Pause Young (Normal) (G1 Evacuation Pause)
[2023-10-31T03:09:18.693+0000][7][gc,task     ] GC(5) Using 8 workers of 8 for evacuation
[2023-10-31T03:09:18.693+0000][7][gc,age      ] GC(5) Desired survivor size 20971520 bytes, new threshold 15 (max threshold 15)
[2023-10-31T03:09:18.706+0000][7][gc,age      ] GC(5) Age table with threshold 15 (max threshold 15)
[2023-10-31T03:09:18.706+0000][7][gc,age      ] GC(5) - age   1:    1136648 bytes,    1136648 total
[2023-10-31T03:09:18.706+0000][7][gc,age      ] GC(5) - age   2:    3462512 bytes,    4599160 total
[2023-10-31T03:09:18.706+0000][7][gc,age      ] GC(5) - age   3:    4235416 bytes,    8834576 total
[2023-10-31T03:09:18.706+0000][7][gc,age      ] GC(5) - age   4:    1171904 bytes,   10006480 total
[2023-10-31T03:09:18.706+0000][7][gc,age      ] GC(5) - age   5:    2309304 bytes,   12315784 total
[2023-10-31T03:09:18.707+0000][7][gc,phases   ] GC(5)   Pre Evacuate Collection Set: 0.1ms
[2023-10-31T03:09:18.707+0000][7][gc,phases   ] GC(5)   Merge Heap Roots: 0.0ms
[2023-10-31T03:09:18.707+0000][7][gc,phases   ] GC(5)   Evacuate Collection Set: 11.9ms
[2023-10-31T03:09:18.707+0000][7][gc,phases   ] GC(5)   Post Evacuate Collection Set: 0.9ms
[2023-10-31T03:09:18.707+0000][7][gc,phases   ] GC(5)   Other: 0.3ms
[2023-10-31T03:09:18.707+0000][7][gc,heap     ] GC(5) Eden regions: 72->0(72)
[2023-10-31T03:09:18.707+0000][7][gc,heap     ] GC(5) Survivor regions: 4->4(10)
[2023-10-31T03:09:18.707+0000][7][gc,heap     ] GC(5) Old regions: 1->1
[2023-10-31T03:09:18.707+0000][7][gc,heap     ] GC(5) Archive regions: 2->2
[2023-10-31T03:09:18.707+0000][7][gc,heap     ] GC(5) Humongous regions: 0->0
[2023-10-31T03:09:18.707+0000][7][gc,metaspace] GC(5) Metaspace: 19143K(19648K)->19143K(19648K) NonClass: 16803K(17088K)->16803K(17088K) Class: 2339K(2560K)->2339K(2560K)
[2023-10-31T03:09:18.707+0000][7][gc          ] GC(5) Pause Young (Normal) (G1 Evacuation Pause) 309M->20M(512M) 13.345ms
[2023-10-31T03:09:18.707+0000][7][gc,cpu      ] GC(5) User=0.03s Sys=0.00s Real=0.02s
[2023-10-31T03:09:18.707+0000][7][safepoint   ] Safepoint "G1CollectForAllocation", Time since last: 492440641 ns, Reaching safepoint: 45406 ns, At safepoint: 13429773 ns, Total: 13475179 ns
[2023-10-31T03:09:20.423+0000][7][gc,start    ] GC(6) Pause Young (Normal) (G1 Evacuation Pause)
[2023-10-31T03:09:20.423+0000][7][gc,task     ] GC(6) Using 8 workers of 8 for evacuation
[2023-10-31T03:09:20.423+0000][7][gc,age      ] GC(6) Desired survivor size 20971520 bytes, new threshold 15 (max threshold 15)
[2023-10-31T03:09:20.469+0000][7][gc,age      ] GC(6) Age table with threshold 15 (max threshold 15)
[2023-10-31T03:09:20.469+0000][7][gc,age      ] GC(6) - age   1:    2518296 bytes,    2518296 total
[2023-10-31T03:09:20.469+0000][7][gc,age      ] GC(6) - age   2:     414256 bytes,    2932552 total
[2023-10-31T03:09:20.469+0000][7][gc,age      ] GC(6) - age   3:    3461376 bytes,    6393928 total
[2023-10-31T03:09:20.469+0000][7][gc,age      ] GC(6) - age   4:    4229952 bytes,   10623880 total
[2023-10-31T03:09:20.469+0000][7][gc,age      ] GC(6) - age   5:    1171192 bytes,   11795072 total
[2023-10-31T03:09:20.469+0000][7][gc,age      ] GC(6) - age   6:    2308040 bytes,   14103112 total
[2023-10-31T03:09:20.469+0000][7][gc,phases   ] GC(6)   Pre Evacuate Collection Set: 0.1ms
[2023-10-31T03:09:20.469+0000][7][gc,phases   ] GC(6)   Merge Heap Roots: 0.1ms
[2023-10-31T03:09:20.469+0000][7][gc,phases   ] GC(6)   Evacuate Collection Set: 44.4ms
[2023-10-31T03:09:20.469+0000][7][gc,phases   ] GC(6)   Post Evacuate Collection Set: 1.3ms
[2023-10-31T03:09:20.469+0000][7][gc,phases   ] GC(6)   Other: 0.4ms
[2023-10-31T03:09:20.469+0000][7][gc,heap     ] GC(6) Eden regions: 72->0(72)
[2023-10-31T03:09:20.469+0000][7][gc,heap     ] GC(6) Survivor regions: 4->4(10)
[2023-10-31T03:09:20.469+0000][7][gc,heap     ] GC(6) Old regions: 1->1
[2023-10-31T03:09:20.469+0000][7][gc,heap     ] GC(6) Archive regions: 2->2
[2023-10-31T03:09:20.469+0000][7][gc,heap     ] GC(6) Humongous regions: 0->0
[2023-10-31T03:09:20.469+0000][7][gc,metaspace] GC(6) Metaspace: 20278K(20800K)->20278K(20800K) NonClass: 17788K(18112K)->17788K(18112K) Class: 2489K(2688K)->2489K(2688K)
[2023-10-31T03:09:20.469+0000][7][gc          ] GC(6) Pause Young (Normal) (G1 Evacuation Pause) 308M->21M(512M) 46.270ms
[2023-10-31T03:09:20.469+0000][7][gc,cpu      ] GC(6) User=0.03s Sys=0.00s Real=0.05s
[2023-10-31T03:09:20.469+0000][7][safepoint   ] Safepoint "G1CollectForAllocation", Time since last: 1716145227 ns, Reaching safepoint: 135325 ns, At safepoint: 46362077 ns, Total: 46497402 ns
[2023-10-31T03:09:21.470+0000][7][safepoint   ] Safepoint "Cleanup", Time since last: 1000387780 ns, Reaching safepoint: 348516 ns, At safepoint: 18237 ns, Total: 366753 ns
[2023-10-31T03:09:21.808+0000][7][gc,start    ] GC(7) Pause Young (Normal) (G1 Evacuation Pause)
[2023-10-31T03:09:21.808+0000][7][gc,task     ] GC(7) Using 8 workers of 8 for evacuation
[2023-10-31T03:09:21.808+0000][7][gc,age      ] GC(7) Desired survivor size 20971520 bytes, new threshold 15 (max threshold 15)
[2023-10-31T03:09:21.831+0000][7][gc,age      ] GC(7) Age table with threshold 15 (max threshold 15)
[2023-10-31T03:09:21.831+0000][7][gc,age      ] GC(7) - age   1:    1741832 bytes,    1741832 total
[2023-10-31T03:09:21.831+0000][7][gc,age      ] GC(7) - age   2:    2180592 bytes,    3922424 total
[2023-10-31T03:09:21.831+0000][7][gc,age      ] GC(7) - age   3:     413768 bytes,    4336192 total
[2023-10-31T03:09:21.831+0000][7][gc,age      ] GC(7) - age   4:    3460864 bytes,    7797056 total
[2023-10-31T03:09:21.831+0000][7][gc,age      ] GC(7) - age   5:    4229952 bytes,   12027008 total
[2023-10-31T03:09:21.831+0000][7][gc,age      ] GC(7) - age   6:    1171192 bytes,   13198200 total
[2023-10-31T03:09:21.831+0000][7][gc,age      ] GC(7) - age   7:    2308040 bytes,   15506240 total
[2023-10-31T03:09:21.831+0000][7][gc,phases   ] GC(7)   Pre Evacuate Collection Set: 0.2ms
[2023-10-31T03:09:21.831+0000][7][gc,phases   ] GC(7)   Merge Heap Roots: 0.1ms
[2023-10-31T03:09:21.831+0000][7][gc,phases   ] GC(7)   Evacuate Collection Set: 20.9ms
[2023-10-31T03:09:21.831+0000][7][gc,phases   ] GC(7)   Post Evacuate Collection Set: 1.1ms
[2023-10-31T03:09:21.831+0000][7][gc,phases   ] GC(7)   Other: 0.9ms
[2023-10-31T03:09:21.831+0000][7][gc,heap     ] GC(7) Eden regions: 72->0(72)
[2023-10-31T03:09:21.831+0000][7][gc,heap     ] GC(7) Survivor regions: 4->4(10)
[2023-10-31T03:09:21.831+0000][7][gc,heap     ] GC(7) Old regions: 1->1
[2023-10-31T03:09:21.831+0000][7][gc,heap     ] GC(7) Archive regions: 2->2
[2023-10-31T03:09:21.831+0000][7][gc,heap     ] GC(7) Humongous regions: 0->0
[2023-10-31T03:09:21.831+0000][7][gc,metaspace] GC(7) Metaspace: 20390K(20992K)->20390K(20992K) NonClass: 17878K(18240K)->17878K(18240K) Class: 2511K(2752K)->2511K(2752K)
[2023-10-31T03:09:21.831+0000][7][gc          ] GC(7) Pause Young (Normal) (G1 Evacuation Pause) 309M->23M(512M) 23.196ms
[2023-10-31T03:09:21.831+0000][7][gc,cpu      ] GC(7) User=0.05s Sys=0.00s Real=0.02s
[2023-10-31T03:09:21.831+0000][7][safepoint   ] Safepoint "G1CollectForAllocation", Time since last: 337681039 ns, Reaching safepoint: 56296 ns, At safepoint: 23304645 ns, Total: 23360941 ns
[2023-10-31T03:09:22.832+0000][7][safepoint   ] Safepoint "Cleanup", Time since last: 1000162886 ns, Reaching safepoint: 673623 ns, At safepoint: 30356 ns, Total: 703979 ns
[2023-10-31T03:09:22.858+0000][7][gc,start    ] GC(8) Pause Young (Concurrent Start) (Metadata GC Threshold)
[2023-10-31T03:09:22.858+0000][7][gc,task     ] GC(8) Using 8 workers of 8 for evacuation
[2023-10-31T03:09:22.859+0000][7][gc,age      ] GC(8) Desired survivor size 20971520 bytes, new threshold 15 (max threshold 15)
[2023-10-31T03:09:22.898+0000][7][gc,age      ] GC(8) Age table with threshold 15 (max threshold 15)
[2023-10-31T03:09:22.898+0000][7][gc,age      ] GC(8) - age   1:     390448 bytes,     390448 total
[2023-10-31T03:09:22.898+0000][7][gc,age      ] GC(8) - age   2:     668280 bytes,    1058728 total
[2023-10-31T03:09:22.898+0000][7][gc,age      ] GC(8) - age   3:    2168216 bytes,    3226944 total
[2023-10-31T03:09:22.898+0000][7][gc,age      ] GC(8) - age   4:     403184 bytes,    3630128 total
[2023-10-31T03:09:22.898+0000][7][gc,age      ] GC(8) - age   5:    3449672 bytes,    7079800 total
[2023-10-31T03:09:22.898+0000][7][gc,age      ] GC(8) - age   6:    4219624 bytes,   11299424 total
[2023-10-31T03:09:22.898+0000][7][gc,age      ] GC(8) - age   7:    1127472 bytes,   12426896 total
[2023-10-31T03:09:22.898+0000][7][gc,age      ] GC(8) - age   8:    2307864 bytes,   14734760 total
[2023-10-31T03:09:22.898+0000][7][gc,phases   ] GC(8)   Pre Evacuate Collection Set: 0.6ms
[2023-10-31T03:09:22.898+0000][7][gc,phases   ] GC(8)   Merge Heap Roots: 0.5ms
[2023-10-31T03:09:22.898+0000][7][gc,phases   ] GC(8)   Evacuate Collection Set: 35.9ms
[2023-10-31T03:09:22.898+0000][7][gc,phases   ] GC(8)   Post Evacuate Collection Set: 1.4ms
[2023-10-31T03:09:22.898+0000][7][gc,phases   ] GC(8)   Other: 2.0ms
[2023-10-31T03:09:22.898+0000][7][gc,heap     ] GC(8) Eden regions: 7->0(72)
[2023-10-31T03:09:22.898+0000][7][gc,heap     ] GC(8) Survivor regions: 4->4(10)
[2023-10-31T03:09:22.898+0000][7][gc,heap     ] GC(8) Old regions: 1->1
[2023-10-31T03:09:22.898+0000][7][gc,heap     ] GC(8) Archive regions: 2->2
[2023-10-31T03:09:22.898+0000][7][gc,heap     ] GC(8) Humongous regions: 0->0
[2023-10-31T03:09:22.898+0000][7][gc,metaspace] GC(8) Metaspace: 20983K(21504K)->20983K(21504K) NonClass: 18374K(18688K)->18374K(18688K) Class: 2609K(2816K)->2609K(2816K)
[2023-10-31T03:09:22.898+0000][7][gc          ] GC(8) Pause Young (Concurrent Start) (Metadata GC Threshold) 49M->23M(512M) 40.255ms
[2023-10-31T03:09:22.898+0000][7][gc,cpu      ] GC(8) User=0.05s Sys=0.01s Real=0.04s
[2023-10-31T03:09:22.898+0000][7][safepoint   ] Safepoint "CollectForMetadataAllocation", Time since last: 25245212 ns, Reaching safepoint: 378124 ns, At safepoint: 40694058 ns, Total: 41072182 ns
[2023-10-31T03:09:22.899+0000][7][gc          ] GC(9) Concurrent Mark Cycle
[2023-10-31T03:09:22.899+0000][7][gc,marking  ] GC(9) Concurrent Clear Claimed Marks
[2023-10-31T03:09:22.899+0000][7][gc,marking  ] GC(9) Concurrent Clear Claimed Marks 0.032ms
[2023-10-31T03:09:22.899+0000][7][gc,marking  ] GC(9) Concurrent Scan Root Regions
[2023-10-31T03:09:22.910+0000][7][gc,marking  ] GC(9) Concurrent Scan Root Regions 11.719ms
[2023-10-31T03:09:22.910+0000][7][gc,marking  ] GC(9) Concurrent Mark
[2023-10-31T03:09:22.910+0000][7][gc,marking  ] GC(9) Concurrent Mark From Roots
[2023-10-31T03:09:22.910+0000][7][gc,task     ] GC(9) Using 2 workers of 2 for marking
[2023-10-31T03:09:22.932+0000][7][gc,marking  ] GC(9) Concurrent Mark From Roots 21.915ms
[2023-10-31T03:09:22.932+0000][7][gc,marking  ] GC(9) Concurrent Preclean
[2023-10-31T03:09:22.932+0000][7][gc,marking  ] GC(9) Concurrent Preclean 0.121ms
[2023-10-31T03:09:22.935+0000][7][gc,start    ] GC(9) Pause Remark
[2023-10-31T03:09:22.960+0000][7][gc          ] GC(9) Pause Remark 25M->25M(512M) 25.190ms
[2023-10-31T03:09:22.960+0000][7][gc,cpu      ] GC(9) User=0.01s Sys=0.00s Real=0.03s
[2023-10-31T03:09:22.961+0000][7][safepoint   ] Safepoint "G1Concurrent", Time since last: 34419747 ns, Reaching safepoint: 2249300 ns, At safepoint: 25470978 ns, Total: 27720278 ns
[2023-10-31T03:09:22.961+0000][7][gc,marking  ] GC(9) Concurrent Mark 50.434ms
[2023-10-31T03:09:22.961+0000][7][gc,marking  ] GC(9) Concurrent Rebuild Remembered Sets
[2023-10-31T03:09:22.961+0000][7][gc,marking  ] GC(9) Concurrent Rebuild Remembered Sets 0.013ms
[2023-10-31T03:09:22.962+0000][7][gc,start    ] GC(9) Pause Cleanup
[2023-10-31T03:09:22.962+0000][7][gc          ] GC(9) Pause Cleanup 25M->25M(512M) 0.080ms
[2023-10-31T03:09:22.962+0000][7][gc,cpu      ] GC(9) User=0.00s Sys=0.00s Real=0.00s
[2023-10-31T03:09:22.962+0000][7][safepoint   ] Safepoint "G1Concurrent", Time since last: 376750 ns, Reaching safepoint: 763522 ns, At safepoint: 146347 ns, Total: 909869 ns
[2023-10-31T03:09:22.962+0000][7][gc,marking  ] GC(9) Concurrent Cleanup for Next Mark
[2023-10-31T03:09:22.965+0000][7][gc,marking  ] GC(9) Concurrent Cleanup for Next Mark 3.315ms
[2023-10-31T03:09:22.965+0000][7][gc          ] GC(9) Concurrent Mark Cycle 66.894ms
[2023-10-31T03:09:23.966+0000][7][safepoint   ] Safepoint "Cleanup", Time since last: 1004114211 ns, Reaching safepoint: 180029 ns, At safepoint: 13226 ns, Total: 193255 ns
[2023-10-31T03:09:24.969+0000][7][safepoint   ] Safepoint "Cleanup", Time since last: 1000348169 ns, Reaching safepoint: 2751983 ns, At safepoint: 54735 ns, Total: 2806718 ns
[2023-10-31T03:09:25.989+0000][7][safepoint   ] Safepoint "Cleanup", Time since last: 1018927657 ns, Reaching safepoint: 573117 ns, At safepoint: 42953 ns, Total: 616070 ns
[2023-10-31T03:09:26.008+0000][7][safepoint   ] Safepoint "ICBufferFull", Time since last: 19014186 ns, Reaching safepoint: 247955 ns, At safepoint: 16778 ns, Total: 264733 ns
[2023-10-31T03:09:26.014+0000][7][safepoint   ] Safepoint "ICBufferFull", Time since last: 5816886 ns, Reaching safepoint: 305906 ns, At safepoint: 22651 ns, Total: 328557 ns
[2023-10-31T03:09:26.018+0000][7][safepoint   ] Safepoint "ICBufferFull", Time since last: 3280661 ns, Reaching safepoint: 193725 ns, At safepoint: 21142 ns, Total: 214867 ns
[2023-10-31T03:09:26.288+0000][7][safepoint   ] Safepoint "ICBufferFull", Time since last: 270417754 ns, Reaching safepoint: 183919 ns, At safepoint: 8466 ns, Total: 192385 ns
[2023-10-31T03:09:26.296+0000][7][safepoint   ] Safepoint "ICBufferFull", Time since last: 6482762 ns, Reaching safepoint: 791617 ns, At safepoint: 42108 ns, Total: 833725 ns
[2023-10-31T03:09:26.643+0000][7][safepoint   ] Safepoint "ICBufferFull", Time since last: 346948791 ns, Reaching safepoint: 309220 ns, At safepoint: 12565 ns, Total: 321785 ns
[2023-10-31T03:09:26.694+0000][7][safepoint   ] Safepoint "ICBufferFull", Time since last: 51329396 ns, Reaching safepoint: 104374 ns, At safepoint: 10385 ns, Total: 114759 ns
[2023-10-31T03:09:26.758+0000][7][safepoint   ] Safepoint "ICBufferFull", Time since last: 63823639 ns, Reaching safepoint: 35752 ns, At safepoint: 4855 ns, Total: 40607 ns
[2023-10-31T03:09:27.535+0000][7][safepoint   ] Safepoint "ICBufferFull", Time since last: 776856392 ns, Reaching safepoint: 152491 ns, At safepoint: 3627 ns, Total: 156118 ns
[2023-10-31T03:09:27.537+0000][7][safepoint   ] Safepoint "ICBufferFull", Time since last: 2145294 ns, Reaching safepoint: 74645 ns, At safepoint: 3740 ns, Total: 78385 ns
[2023-10-31T03:09:27.540+0000][7][safepoint   ] Safepoint "ICBufferFull", Time since last: 1943334 ns, Reaching safepoint: 102323 ns, At safepoint: 4812 ns, Total: 107135 ns
[2023-10-31T03:09:28.545+0000][7][safepoint   ] Safepoint "Cleanup", Time since last: 1002322698 ns, Reaching safepoint: 3490633 ns, At safepoint: 18473 ns, Total: 3509106 ns
[2023-10-31T03:09:29.820+0000][7][safepoint   ] Safepoint "Cleanup", Time since last: 1264488319 ns, Reaching safepoint: 9788421 ns, At safepoint: 62610 ns, Total: 9851031 ns
[2023-10-31T03:09:30.821+0000][7][safepoint   ] Safepoint "Cleanup", Time since last: 1000803323 ns, Reaching safepoint: 657944 ns, At safepoint: 45150 ns, Total: 703094 ns
[2023-10-31T03:09:31.822+0000][7][safepoint   ] Safepoint "Cleanup", Time since last: 1000460004 ns, Reaching safepoint: 170791 ns, At safepoint: 9867 ns, Total: 180658 ns
[2023-10-31T03:09:32.823+0000][7][safepoint   ] Safepoint "Cleanup", Time since last: 1000766402 ns, Reaching safepoint: 539378 ns, At safepoint: 20335 ns, Total: 559713 ns
[2023-10-31T03:09:33.825+0000][7][safepoint   ] Safepoint "Cleanup", Time since last: 1001433977 ns, Reaching safepoint: 503894 ns, At safepoint: 68366 ns, Total: 572260 ns
[2023-10-31T03:09:34.835+0000][7][safepoint   ] Safepoint "Cleanup", Time since last: 1004637049 ns, Reaching safepoint: 5505971 ns, At safepoint: 87359 ns, Total: 5593330 ns
[2023-10-31T03:09:35.843+0000][7][safepoint   ] Safepoint "Cleanup", Time since last: 1000570792 ns, Reaching safepoint: 6769192 ns, At safepoint: 93885 ns, Total: 6863077 ns
[2023-10-31T03:09:37.850+0000][7][safepoint   ] Safepoint "Cleanup", Time since last: 2003432544 ns, Reaching safepoint: 3477996 ns, At safepoint: 44296 ns, Total: 3522292 ns
[2023-10-31T03:09:38.854+0000][7][safepoint   ] Safepoint "Cleanup", Time since last: 1002000753 ns, Reaching safepoint: 2502575 ns, At safepoint: 91872 ns, Total: 2594447 ns
[2023-10-31T03:09:39.884+0000][7][safepoint   ] Safepoint "Cleanup", Time since last: 1028143277 ns, Reaching safepoint: 1467171 ns, At safepoint: 28483 ns, Total: 1495654 ns
[2023-10-31T03:09:40.890+0000][7][safepoint   ] Safepoint "Cleanup", Time since last: 1002365954 ns, Reaching safepoint: 3452351 ns, At safepoint: 36234 ns, Total: 3488585 ns
[2023-10-31T03:09:41.891+0000][7][safepoint   ] Safepoint "Cleanup", Time since last: 1000602301 ns, Reaching safepoint: 739576 ns, At safepoint: 21636 ns, Total: 761212 ns
[2023-10-31T03:09:42.893+0000][7][safepoint   ] Safepoint "Cleanup", Time since last: 1000866383 ns, Reaching safepoint: 511263 ns, At safepoint: 15749 ns, Total: 527012 ns
[2023-10-31T03:09:43.893+0000][7][safepoint   ] Safepoint "Cleanup", Time since last: 1000400612 ns, Reaching safepoint: 320066 ns, At safepoint: 29536 ns, Total: 349602 ns
[2023-10-31T03:09:45.664+0000][7][safepoint   ] Safepoint "Cleanup", Time since last: 1770305881 ns, Reaching safepoint: 86403 ns, At safepoint: 5913 ns, Total: 92316 ns
[2023-10-31T03:09:46.016+0000][7][gc,start    ] GC(10) Pause Young (Concurrent Start) (Metadata GC Threshold)
[2023-10-31T03:09:46.016+0000][7][gc,task     ] GC(10) Using 8 workers of 8 for evacuation
[2023-10-31T03:09:46.017+0000][7][gc,age      ] GC(10) Desired survivor size 20971520 bytes, new threshold 15 (max threshold 15)
[2023-10-31T03:09:46.161+0000][7][gc,age      ] GC(10) Age table with threshold 15 (max threshold 15)
[2023-10-31T03:09:46.161+0000][7][gc,age      ] GC(10) - age   1:   26989488 bytes,   26989488 total
[2023-10-31T03:09:46.161+0000][7][gc,age      ] GC(10) - age   2:     370144 bytes,   27359632 total
[2023-10-31T03:09:46.161+0000][7][gc,age      ] GC(10) - age   3:     666280 bytes,   28025912 total
[2023-10-31T03:09:46.161+0000][7][gc,age      ] GC(10) - age   4:    2141408 bytes,   30167320 total
[2023-10-31T03:09:46.161+0000][7][gc,age      ] GC(10) - age   5:     401280 bytes,   30568600 total
[2023-10-31T03:09:46.161+0000][7][gc,age      ] GC(10) - age   6:    3445536 bytes,   34014136 total
[2023-10-31T03:09:46.161+0000][7][gc,age      ] GC(10) - age   7:    4183304 bytes,   38197440 total
[2023-10-31T03:09:46.161+0000][7][gc,age      ] GC(10) - age   8:    1098608 bytes,   39296048 total
[2023-10-31T03:09:46.161+0000][7][gc,age      ] GC(10) - age   9:    2295152 bytes,   41591200 total
[2023-10-31T03:09:46.161+0000][7][gc,phases   ] GC(10)   Pre Evacuate Collection Set: 0.3ms
[2023-10-31T03:09:46.162+0000][7][gc,phases   ] GC(10)   Merge Heap Roots: 1.2ms
[2023-10-31T03:09:46.162+0000][7][gc,phases   ] GC(10)   Evacuate Collection Set: 136.9ms
[2023-10-31T03:09:46.162+0000][7][gc,phases   ] GC(10)   Post Evacuate Collection Set: 5.7ms
[2023-10-31T03:09:46.162+0000][7][gc,phases   ] GC(10)   Other: 1.2ms
[2023-10-31T03:09:46.162+0000][7][gc,heap     ] GC(10) Eden regions: 71->0(66)
[2023-10-31T03:09:46.162+0000][7][gc,heap     ] GC(10) Survivor regions: 4->10(10)
[2023-10-31T03:09:46.162+0000][7][gc,heap     ] GC(10) Old regions: 1->2
[2023-10-31T03:09:46.162+0000][7][gc,heap     ] GC(10) Archive regions: 2->2
[2023-10-31T03:09:46.162+0000][7][gc,heap     ] GC(10) Humongous regions: 0->0
[2023-10-31T03:09:46.162+0000][7][gc,metaspace] GC(10) Metaspace: 35045K(35968K)->35045K(35968K) NonClass: 30431K(30976K)->30431K(30976K) Class: 4614K(4992K)->4614K(4992K)
[2023-10-31T03:09:46.162+0000][7][gc          ] GC(10) Pause Young (Concurrent Start) (Metadata GC Threshold) 307M->47M(512M) 145.635ms
[2023-10-31T03:09:46.162+0000][7][gc,cpu      ] GC(10) User=0.40s Sys=0.01s Real=0.14s
[2023-10-31T03:09:46.162+0000][7][gc          ] GC(11) Concurrent Mark Cycle
[2023-10-31T03:09:46.162+0000][7][gc,marking  ] GC(11) Concurrent Clear Claimed Marks
[2023-10-31T03:09:46.162+0000][7][safepoint   ] Safepoint "CollectForMetadataAllocation", Time since last: 350586678 ns, Reaching safepoint: 1600371 ns, At safepoint: 146313530 ns, Total: 147913901 ns
[2023-10-31T03:09:46.163+0000][7][gc,marking  ] GC(11) Concurrent Clear Claimed Marks 0.650ms
[2023-10-31T03:09:46.163+0000][7][gc,marking  ] GC(11) Concurrent Scan Root Regions
[2023-10-31T03:09:46.265+0000][7][gc,marking  ] GC(11) Concurrent Scan Root Regions 102.166ms
[2023-10-31T03:09:46.266+0000][7][gc,marking  ] GC(11) Concurrent Mark
[2023-10-31T03:09:46.266+0000][7][gc,marking  ] GC(11) Concurrent Mark From Roots
[2023-10-31T03:09:46.266+0000][7][gc,task     ] GC(11) Using 2 workers of 2 for marking
[2023-10-31T03:09:46.307+0000][7][gc,marking  ] GC(11) Concurrent Mark From Roots 40.641ms
[2023-10-31T03:09:46.307+0000][7][gc,marking  ] GC(11) Concurrent Preclean
[2023-10-31T03:09:46.307+0000][7][gc,marking  ] GC(11) Concurrent Preclean 0.139ms
[2023-10-31T03:09:46.308+0000][7][gc,start    ] GC(11) Pause Remark
[2023-10-31T03:09:46.341+0000][7][gc          ] GC(11) Pause Remark 49M->49M(512M) 32.274ms
[2023-10-31T03:09:46.341+0000][7][gc,cpu      ] GC(11) User=0.06s Sys=0.00s Real=0.03s
[2023-10-31T03:09:46.341+0000][7][safepoint   ] Safepoint "G1Concurrent", Time since last: 144867531 ns, Reaching safepoint: 1272867 ns, At safepoint: 33045509 ns, Total: 34318376 ns
[2023-10-31T03:09:46.342+0000][7][gc,marking  ] GC(11) Concurrent Mark 75.855ms
[2023-10-31T03:09:46.342+0000][7][gc,marking  ] GC(11) Concurrent Rebuild Remembered Sets
[2023-10-31T03:09:46.379+0000][7][gc,marking  ] GC(11) Concurrent Rebuild Remembered Sets 37.790ms
[2023-10-31T03:09:46.386+0000][7][gc,start    ] GC(11) Pause Cleanup
[2023-10-31T03:09:46.387+0000][7][gc          ] GC(11) Pause Cleanup 49M->49M(512M) 0.448ms
[2023-10-31T03:09:46.387+0000][7][gc,cpu      ] GC(11) User=0.00s Sys=0.00s Real=0.01s
[2023-10-31T03:09:46.387+0000][7][safepoint   ] Safepoint "G1Concurrent", Time since last: 38535876 ns, Reaching safepoint: 6038010 ns, At safepoint: 784817 ns, Total: 6822827 ns
[2023-10-31T03:09:46.387+0000][7][gc,marking  ] GC(11) Concurrent Cleanup for Next Mark
[2023-10-31T03:09:46.388+0000][7][gc,marking  ] GC(11) Concurrent Cleanup for Next Mark 1.303ms
[2023-10-31T03:09:46.389+0000][7][gc          ] GC(11) Concurrent Mark Cycle 226.770ms
[2023-10-31T03:09:47.390+0000][7][safepoint   ] Safepoint "Cleanup", Time since last: 1001693342 ns, Reaching safepoint: 1621206 ns, At safepoint: 37247 ns, Total: 1658453 ns
[2023-10-31T03:09:48.392+0000][7][safepoint   ] Safepoint "Cleanup", Time since last: 1000392626 ns, Reaching safepoint: 1481484 ns, At safepoint: 62742 ns, Total: 1544226 ns
[2023-10-31T03:09:49.394+0000][7][safepoint   ] Safepoint "Cleanup", Time since last: 1001352001 ns, Reaching safepoint: 593416 ns, At safepoint: 43098 ns, Total: 636514 ns
[2023-10-31T03:09:51.129+0000][7][safepoint   ] Safepoint "Cleanup", Time since last: 1735041995 ns, Reaching safepoint: 95546 ns, At safepoint: 3639 ns, Total: 99185 ns
[2023-10-31T03:09:52.147+0000][7][safepoint   ] Safepoint "Cleanup", Time since last: 1010711801 ns, Reaching safepoint: 6619077 ns, At safepoint: 17516 ns, Total: 6636593 ns
[2023-10-31T03:09:54.164+0000][7][safepoint   ] Safepoint "Cleanup", Time since last: 2005456216 ns, Reaching safepoint: 11717287 ns, At safepoint: 17850 ns, Total: 11735137 ns
[2023-10-31T03:09:55.167+0000][7][safepoint   ] Safepoint "Cleanup", Time since last: 1001661020 ns, Reaching safepoint: 1432841 ns, At safepoint: 81387 ns, Total: 1514228 ns
[2023-10-31T03:09:56.171+0000][7][safepoint   ] Safepoint "Cleanup", Time since last: 1000751050 ns, Reaching safepoint: 2762516 ns, At safepoint: 18879 ns, Total: 2781395 ns
[2023-10-31T03:09:57.171+0000][7][safepoint   ] Safepoint "Cleanup", Time since last: 1000255391 ns, Reaching safepoint: 133423 ns, At safepoint: 6197 ns, Total: 139620 ns
[2023-10-31T03:09:59.081+0000][7][safepoint   ] Safepoint "Cleanup", Time since last: 1909512695 ns, Reaching safepoint: 499038 ns, At safepoint: 56320 ns, Total: 555358 ns
[2023-10-31T03:10:00.087+0000][7][safepoint   ] Safepoint "Cleanup", Time since last: 1004842092 ns, Reaching safepoint: 986692 ns, At safepoint: 33597 ns, Total: 1020289 ns
[2023-10-31T03:10:01.147+0000][7][safepoint   ] Safepoint "Cleanup", Time since last: 1059835142 ns, Reaching safepoint: 229495 ns, At safepoint: 11128 ns, Total: 240623 ns
[2023-10-31T03:10:02.169+0000][7][gc,start    ] GC(12) Pause Young (Normal) (G1 Evacuation Pause)
[2023-10-31T03:10:02.169+0000][7][gc,task     ] GC(12) Using 8 workers of 8 for evacuation
[2023-10-31T03:10:02.169+0000][7][gc,age      ] GC(12) Desired survivor size 20971520 bytes, new threshold 1 (max threshold 15)
[2023-10-31T03:10:02.809+0000][7][gc,age      ] GC(12) Age table with threshold 1 (max threshold 15)
[2023-10-31T03:10:02.809+0000][7][gc,age      ] GC(12) - age   1:    6013680 bytes,    6013680 total
[2023-10-31T03:10:02.809+0000][7][gc,mmu      ] GC(12) MMU target violated: 201.0ms (200.0ms/201.0ms)
[2023-10-31T03:10:02.809+0000][7][gc,phases   ] GC(12)   Pre Evacuate Collection Set: 4.9ms
[2023-10-31T03:10:02.810+0000][7][gc,phases   ] GC(12)   Merge Heap Roots: 0.5ms
[2023-10-31T03:10:02.810+0000][7][gc,phases   ] GC(12)   Evacuate Collection Set: 622.1ms
[2023-10-31T03:10:02.810+0000][7][gc,phases   ] GC(12)   Post Evacuate Collection Set: 12.1ms
[2023-10-31T03:10:02.810+0000][7][gc,phases   ] GC(12)   Other: 1.2ms
[2023-10-31T03:10:02.810+0000][7][gc,heap     ] GC(12) Eden regions: 66->0(73)
[2023-10-31T03:10:02.810+0000][7][gc,heap     ] GC(12) Survivor regions: 10->3(10)
[2023-10-31T03:10:02.810+0000][7][gc,heap     ] GC(12) Old regions: 2->11
[2023-10-31T03:10:02.810+0000][7][gc,heap     ] GC(12) Archive regions: 2->2
[2023-10-31T03:10:02.810+0000][7][gc,heap     ] GC(12) Humongous regions: 0->0
[2023-10-31T03:10:02.810+0000][7][gc,metaspace] GC(12) Metaspace: 51616K(52800K)->51616K(52800K) NonClass: 44626K(45376K)->44626K(45376K) Class: 6990K(7424K)->6990K(7424K)
[2023-10-31T03:10:02.810+0000][7][gc          ] GC(12) Pause Young (Normal) (G1 Evacuation Pause) 311M->56M(512M) 641.297ms
[2023-10-31T03:10:02.810+0000][7][gc,cpu      ] GC(12) User=0.49s Sys=0.13s Real=0.64s
[2023-10-31T03:10:02.810+0000][7][safepoint   ] Safepoint "G1CollectForAllocation", Time since last: 1021567987 ns, Reaching safepoint: 123930 ns, At safepoint: 641769252 ns, Total: 641893182 ns
[2023-10-31T03:10:04.814+0000][7][safepoint   ] Safepoint "Cleanup", Time since last: 2002588024 ns, Reaching safepoint: 624718 ns, At safepoint: 58108 ns, Total: 682826 ns
[2023-10-31T03:10:05.821+0000][7][safepoint   ] Safepoint "Cleanup", Time since last: 1005226883 ns, Reaching safepoint: 2364100 ns, At safepoint: 15127 ns, Total: 2379227 ns
[2023-10-31T03:10:06.824+0000][7][safepoint   ] Safepoint "Cleanup", Time since last: 1000782016 ns, Reaching safepoint: 1522440 ns, At safepoint: 13886 ns, Total: 1536326 ns
[2023-10-31T03:10:08.317+0000][7][safepoint   ] Safepoint "Cleanup", Time since last: 1492676680 ns, Reaching safepoint: 632593 ns, At safepoint: 9684 ns, Total: 642277 ns
[2023-10-31T03:10:09.324+0000][7][safepoint   ] Safepoint "Cleanup", Time since last: 1000982177 ns, Reaching safepoint: 6188868 ns, At safepoint: 33910 ns, Total: 6222778 ns
[2023-10-31T03:10:10.335+0000][7][safepoint   ] Safepoint "Cleanup", Time since last: 1002285502 ns, Reaching safepoint: 8700549 ns, At safepoint: 29171 ns, Total: 8729720 ns
[2023-10-31T03:10:11.347+0000][7][safepoint   ] Safepoint "Cleanup", Time since last: 1008015477 ns, Reaching safepoint: 3682035 ns, At safepoint: 46754 ns, Total: 3728789 ns
[2023-10-31T03:10:11.822+0000][7][gc,start    ] GC(13) Pause Young (Concurrent Start) (Metadata GC Threshold)
[2023-10-31T03:10:11.823+0000][7][gc,task     ] GC(13) Using 8 workers of 8 for evacuation
[2023-10-31T03:10:11.823+0000][7][gc,age      ] GC(13) Desired survivor size 20971520 bytes, new threshold 15 (max threshold 15)
[2023-10-31T03:10:11.871+0000][7][gc,age      ] GC(13) Age table with threshold 15 (max threshold 15)
[2023-10-31T03:10:11.871+0000][7][gc,age      ] GC(13) - age   1:    4624952 bytes,    4624952 total
[2023-10-31T03:10:11.871+0000][7][gc,age      ] GC(13) - age   2:    5845520 bytes,   10470472 total
[2023-10-31T03:10:11.872+0000][7][gc,phases   ] GC(13)   Pre Evacuate Collection Set: 0.2ms
[2023-10-31T03:10:11.872+0000][7][gc,phases   ] GC(13)   Merge Heap Roots: 0.1ms
[2023-10-31T03:10:11.872+0000][7][gc,phases   ] GC(13)   Evacuate Collection Set: 43.6ms
[2023-10-31T03:10:11.872+0000][7][gc,phases   ] GC(13)   Post Evacuate Collection Set: 4.1ms
[2023-10-31T03:10:11.872+0000][7][gc,phases   ] GC(13)   Other: 1.0ms
[2023-10-31T03:10:11.872+0000][7][gc,heap     ] GC(13) Eden regions: 43->0(73)
[2023-10-31T03:10:11.872+0000][7][gc,heap     ] GC(13) Survivor regions: 3->3(10)
[2023-10-31T03:10:11.872+0000][7][gc,heap     ] GC(13) Old regions: 11->11
[2023-10-31T03:10:11.872+0000][7][gc,heap     ] GC(13) Archive regions: 2->2
[2023-10-31T03:10:11.872+0000][7][gc,heap     ] GC(13) Humongous regions: 0->0
[2023-10-31T03:10:11.872+0000][7][gc,metaspace] GC(13) Metaspace: 58981K(60160K)->58981K(60160K) NonClass: 50965K(51712K)->50965K(51712K) Class: 8016K(8448K)->8016K(8448K)
[2023-10-31T03:10:11.872+0000][7][gc          ] GC(13) Pause Young (Concurrent Start) (Metadata GC Threshold) 226M->58M(512M) 49.295ms
[2023-10-31T03:10:11.872+0000][7][gc,cpu      ] GC(13) User=0.08s Sys=0.00s Real=0.05s
[2023-10-31T03:10:11.872+0000][7][safepoint   ] Safepoint "CollectForMetadataAllocation", Time since last: 475465594 ns, Reaching safepoint: 101338 ns, At safepoint: 49618295 ns, Total: 49719633 ns
[2023-10-31T03:10:11.872+0000][7][gc          ] GC(14) Concurrent Mark Cycle
[2023-10-31T03:10:11.872+0000][7][gc,marking  ] GC(14) Concurrent Clear Claimed Marks
[2023-10-31T03:10:11.873+0000][7][gc,marking  ] GC(14) Concurrent Clear Claimed Marks 0.928ms
[2023-10-31T03:10:11.873+0000][7][gc,marking  ] GC(14) Concurrent Scan Root Regions
[2023-10-31T03:10:11.937+0000][7][gc,marking  ] GC(14) Concurrent Scan Root Regions 63.697ms
[2023-10-31T03:10:11.937+0000][7][gc,marking  ] GC(14) Concurrent Mark
[2023-10-31T03:10:11.937+0000][7][gc,marking  ] GC(14) Concurrent Mark From Roots
[2023-10-31T03:10:11.937+0000][7][gc,task     ] GC(14) Using 2 workers of 2 for marking
[2023-10-31T03:10:12.349+0000][7][gc,marking  ] GC(14) Concurrent Mark From Roots 411.840ms
[2023-10-31T03:10:12.349+0000][7][gc,marking  ] GC(14) Concurrent Preclean
[2023-10-31T03:10:12.351+0000][7][gc,marking  ] GC(14) Concurrent Preclean 1.582ms
[2023-10-31T03:10:12.356+0000][7][gc,start    ] GC(14) Pause Remark
[2023-10-31T03:10:12.420+0000][7][gc          ] GC(14) Pause Remark 78M->78M(512M) 63.944ms
[2023-10-31T03:10:12.421+0000][7][gc,cpu      ] GC(14) User=0.08s Sys=0.00s Real=0.06s
[2023-10-31T03:10:12.424+0000][7][safepoint   ] Safepoint "G1Concurrent", Time since last: 479305574 ns, Reaching safepoint: 5052430 ns, At safepoint: 67933451 ns, Total: 72985881 ns
[2023-10-31T03:10:12.426+0000][7][gc,marking  ] GC(14) Concurrent Mark 489.082ms
[2023-10-31T03:10:12.426+0000][7][gc,marking  ] GC(14) Concurrent Rebuild Remembered Sets
[2023-10-31T03:10:12.426+0000][7][gc,marking  ] GC(14) Concurrent Rebuild Remembered Sets 0.062ms
[2023-10-31T03:10:12.433+0000][7][gc,start    ] GC(14) Pause Cleanup
[2023-10-31T03:10:12.434+0000][7][gc          ] GC(14) Pause Cleanup 78M->78M(512M) 0.373ms
[2023-10-31T03:10:12.434+0000][7][gc,cpu      ] GC(14) User=0.00s Sys=0.00s Real=0.00s
[2023-10-31T03:10:12.434+0000][7][safepoint   ] Safepoint "G1Concurrent", Time since last: 2226290 ns, Reaching safepoint: 6732891 ns, At safepoint: 656897 ns, Total: 7389788 ns
[2023-10-31T03:10:12.434+0000][7][gc,marking  ] GC(14) Concurrent Cleanup for Next Mark
[2023-10-31T03:10:12.453+0000][7][gc,marking  ] GC(14) Concurrent Cleanup for Next Mark 19.089ms
[2023-10-31T03:10:12.453+0000][7][gc          ] GC(14) Concurrent Mark Cycle 581.147ms
[2023-10-31T03:10:14.369+0000][7][safepoint   ] Safepoint "Cleanup", Time since last: 1928718136 ns, Reaching safepoint: 6074767 ns, At safepoint: 43788 ns, Total: 6118555 ns
[2023-10-31T03:10:15.370+0000][7][safepoint   ] Safepoint "Cleanup", Time since last: 1000316883 ns, Reaching safepoint: 768298 ns, At safepoint: 52391 ns, Total: 820689 ns
[2023-10-31T03:10:16.373+0000][7][safepoint   ] Safepoint "Cleanup", Time since last: 1001802136 ns, Reaching safepoint: 967976 ns, At safepoint: 11428 ns, Total: 979404 ns
[2023-10-31T03:10:18.385+0000][7][safepoint   ] Safepoint "Cleanup", Time since last: 2007042824 ns, Reaching safepoint: 5131675 ns, At safepoint: 93686 ns, Total: 5225361 ns
[2023-10-31T03:10:19.388+0000][7][safepoint   ] Safepoint "Cleanup", Time since last: 1002363943 ns, Reaching safepoint: 314696 ns, At safepoint: 29087 ns, Total: 343783 ns
[2023-10-31T03:10:20.390+0000][7][safepoint   ] Safepoint "Cleanup", Time since last: 1000907796 ns, Reaching safepoint: 1586910 ns, At safepoint: 49664 ns, Total: 1636574 ns
[2023-10-31T03:10:21.397+0000][7][safepoint   ] Safepoint "Cleanup", Time since last: 1006133750 ns, Reaching safepoint: 498421 ns, At safepoint: 41532 ns, Total: 539953 ns
[2023-10-31T03:10:22.400+0000][7][safepoint   ] Safepoint "Cleanup", Time since last: 1002974510 ns, Reaching safepoint: 415539 ns, At safepoint: 25090 ns, Total: 440629 ns
[2023-10-31T03:10:24.055+0000][7][safepoint   ] Safepoint "Cleanup", Time since last: 1651037944 ns, Reaching safepoint: 3650399 ns, At safepoint: 62830 ns, Total: 3713229 ns
[2023-10-31T03:10:25.058+0000][7][safepoint   ] Safepoint "Cleanup", Time since last: 1001166684 ns, Reaching safepoint: 1797965 ns, At safepoint: 12914 ns, Total: 1810879 ns
[2023-10-31T03:10:26.706+0000][7][safepoint   ] Safepoint "Cleanup", Time since last: 1645479494 ns, Reaching safepoint: 2714136 ns, At safepoint: 101258 ns, Total: 2815394 ns
[2023-10-31T03:10:27.710+0000][7][safepoint   ] Safepoint "Cleanup", Time since last: 1003513698 ns, Reaching safepoint: 135262 ns, At safepoint: 4356 ns, Total: 139618 ns
[2023-10-31T03:10:28.712+0000][7][safepoint   ] Safepoint "Cleanup", Time since last: 1001773479 ns, Reaching safepoint: 366257 ns, At safepoint: 24078 ns, Total: 390335 ns
[2023-10-31T03:10:30.182+0000][7][safepoint   ] Safepoint "Cleanup", Time since last: 1469703323 ns, Reaching safepoint: 221253 ns, At safepoint: 8066 ns, Total: 229319 ns
[2023-10-31T03:10:31.188+0000][7][safepoint   ] Safepoint "Cleanup", Time since last: 1000842852 ns, Reaching safepoint: 5519267 ns, At safepoint: 11137 ns, Total: 5530404 ns
[2023-10-31T03:10:32.197+0000][7][safepoint   ] Safepoint "Cleanup", Time since last: 1004453056 ns, Reaching safepoint: 3833889 ns, At safepoint: 113750 ns, Total: 3947639 ns
[2023-10-31T03:10:33.200+0000][7][safepoint   ] Safepoint "Cleanup", Time since last: 1001242476 ns, Reaching safepoint: 2172597 ns, At safepoint: 87516 ns, Total: 2260113 ns
[2023-10-31T03:10:34.211+0000][7][safepoint   ] Safepoint "Cleanup", Time since last: 1008790356 ns, Reaching safepoint: 1752644 ns, At safepoint: 176715 ns, Total: 1929359 ns
[2023-10-31T03:10:35.224+0000][7][safepoint   ] Safepoint "Cleanup", Time since last: 1002887030 ns, Reaching safepoint: 10148887 ns, At safepoint: 79394 ns, Total: 10228281 ns
[2023-10-31T03:10:37.033+0000][7][safepoint   ] Safepoint "Cleanup", Time since last: 1808186475 ns, Reaching safepoint: 719352 ns, At safepoint: 79590 ns, Total: 798942 ns
[2023-10-31T03:10:38.793+0000][7][safepoint   ] Safepoint "Cleanup", Time since last: 1754424105 ns, Reaching safepoint: 5256268 ns, At safepoint: 37055 ns, Total: 5293323 ns
[2023-10-31T03:10:39.809+0000][7][safepoint   ] Safepoint "Cleanup", Time since last: 1015471878 ns, Reaching safepoint: 877298 ns, At safepoint: 111835 ns, Total: 989133 ns
[2023-10-31T03:10:41.777+0000][7][safepoint   ] Safepoint "Cleanup", Time since last: 1967232404 ns, Reaching safepoint: 681537 ns, At safepoint: 42711 ns, Total: 724248 ns
[2023-10-31T03:10:42.784+0000][7][safepoint   ] Safepoint "Cleanup", Time since last: 1000742835 ns, Reaching safepoint: 5924398 ns, At safepoint: 17167 ns, Total: 5941565 ns
[2023-10-31T03:10:43.848+0000][7][safepoint   ] Safepoint "Cleanup", Time since last: 1062819878 ns, Reaching safepoint: 1122284 ns, At safepoint: 55866 ns, Total: 1178150 ns
[2023-10-31T03:10:44.092+0000][7][gc,start    ] GC(15) Pause Young (Normal) (G1 Evacuation Pause)
[2023-10-31T03:10:44.092+0000][7][gc,task     ] GC(15) Using 8 workers of 8 for evacuation
[2023-10-31T03:10:44.092+0000][7][gc,age      ] GC(15) Desired survivor size 20971520 bytes, new threshold 15 (max threshold 15)
[2023-10-31T03:10:44.339+0000][7][gc,age      ] GC(15) Age table with threshold 15 (max threshold 15)
[2023-10-31T03:10:44.339+0000][7][gc,age      ] GC(15) - age   1:   13330848 bytes,   13330848 total
[2023-10-31T03:10:44.339+0000][7][gc,age      ] GC(15) - age   2:    4467008 bytes,   17797856 total
[2023-10-31T03:10:44.339+0000][7][gc,age      ] GC(15) - age   3:    5782696 bytes,   23580552 total
[2023-10-31T03:10:44.339+0000][7][gc,mmu      ] GC(15) MMU target violated: 201.0ms (200.0ms/201.0ms)
[2023-10-31T03:10:44.339+0000][7][gc,phases   ] GC(15)   Pre Evacuate Collection Set: 0.2ms
[2023-10-31T03:10:44.339+0000][7][gc,phases   ] GC(15)   Merge Heap Roots: 1.0ms
[2023-10-31T03:10:44.339+0000][7][gc,phases   ] GC(15)   Evacuate Collection Set: 189.4ms
[2023-10-31T03:10:44.339+0000][7][gc,phases   ] GC(15)   Post Evacuate Collection Set: 56.4ms
[2023-10-31T03:10:44.339+0000][7][gc,phases   ] GC(15)   Other: 0.4ms
[2023-10-31T03:10:44.339+0000][7][gc,heap     ] GC(15) Eden regions: 73->0(17)
[2023-10-31T03:10:44.339+0000][7][gc,heap     ] GC(15) Survivor regions: 3->6(10)
[2023-10-31T03:10:44.339+0000][7][gc,heap     ] GC(15) Old regions: 11->11
[2023-10-31T03:10:44.339+0000][7][gc,heap     ] GC(15) Archive regions: 2->2
[2023-10-31T03:10:44.339+0000][7][gc,heap     ] GC(15) Humongous regions: 0->0
[2023-10-31T03:10:44.339+0000][7][gc,metaspace] GC(15) Metaspace: 91357K(92800K)->91357K(92800K) NonClass: 78592K(79488K)->78592K(79488K) Class: 12764K(13312K)->12764K(13312K)
[2023-10-31T03:10:44.339+0000][7][gc          ] GC(15) Pause Young (Normal) (G1 Evacuation Pause) 350M->71M(512M) 247.488ms
[2023-10-31T03:10:44.339+0000][7][gc,cpu      ] GC(15) User=0.25s Sys=0.00s Real=0.25s
[2023-10-31T03:10:44.340+0000][7][safepoint   ] Safepoint "G1CollectForAllocation", Time since last: 243814712 ns, Reaching safepoint: 94137 ns, At safepoint: 247650383 ns, Total: 247744520 ns
[2023-10-31T03:10:45.482+0000][7][safepoint   ] Safepoint "Cleanup", Time since last: 1141572180 ns, Reaching safepoint: 606421 ns, At safepoint: 65342 ns, Total: 671763 ns
[2023-10-31T03:10:46.484+0000][7][safepoint   ] Safepoint "Cleanup", Time since last: 1001356199 ns, Reaching safepoint: 1016291 ns, At safepoint: 78401 ns, Total: 1094692 ns
[2023-10-31T03:10:47.493+0000][7][safepoint   ] Safepoint "Cleanup", Time since last: 1000779507 ns, Reaching safepoint: 7575400 ns, At safepoint: 52379 ns, Total: 7627779 ns
[2023-10-31T03:10:48.499+0000][7][safepoint   ] Safepoint "Cleanup", Time since last: 1005979079 ns, Reaching safepoint: 503306 ns, At safepoint: 23353 ns, Total: 526659 ns
[2023-10-31T03:10:49.834+0000][7][safepoint   ] Safepoint "Cleanup", Time since last: 1333987632 ns, Reaching safepoint: 451026 ns, At safepoint: 42636 ns, Total: 493662 ns
[2023-10-31T03:10:50.840+0000][7][safepoint   ] Safepoint "Cleanup", Time since last: 1000998800 ns, Reaching safepoint: 5572039 ns, At safepoint: 69817 ns, Total: 5641856 ns
[2023-10-31T03:10:51.493+0000][7][gc,start    ] GC(16) Pause Young (Normal) (G1 Evacuation Pause)
[2023-10-31T03:10:51.493+0000][7][gc,task     ] GC(16) Using 8 workers of 8 for evacuation
[2023-10-31T03:10:51.493+0000][7][gc,age      ] GC(16) Desired survivor size 6291456 bytes, new threshold 1 (max threshold 15)
[2023-10-31T03:10:51.760+0000][7][gc,age      ] GC(16) Age table with threshold 1 (max threshold 15)
[2023-10-31T03:10:51.760+0000][7][gc,age      ] GC(16) - age   1:    6086760 bytes,    6086760 total
[2023-10-31T03:10:51.760+0000][7][gc,mmu      ] GC(16) MMU target violated: 201.0ms (200.0ms/201.0ms)
[2023-10-31T03:10:51.760+0000][7][gc,phases   ] GC(16)   Pre Evacuate Collection Set: 0.3ms
[2023-10-31T03:10:51.760+0000][7][gc,phases   ] GC(16)   Merge Heap Roots: 0.3ms
[2023-10-31T03:10:51.760+0000][7][gc,phases   ] GC(16)   Evacuate Collection Set: 261.1ms
[2023-10-31T03:10:51.760+0000][7][gc,phases   ] GC(16)   Post Evacuate Collection Set: 5.4ms
[2023-10-31T03:10:51.760+0000][7][gc,phases   ] GC(16)   Other: 0.6ms
[2023-10-31T03:10:51.760+0000][7][gc,heap     ] GC(16) Eden regions: 16->0(70)
[2023-10-31T03:10:51.760+0000][7][gc,heap     ] GC(16) Survivor regions: 6->2(3)
[2023-10-31T03:10:51.760+0000][7][gc,heap     ] GC(16) Old regions: 11->17
[2023-10-31T03:10:51.760+0000][7][gc,heap     ] GC(16) Archive regions: 2->2
[2023-10-31T03:10:51.760+0000][7][gc,heap     ] GC(16) Humongous regions: 5->5
[2023-10-31T03:10:51.760+0000][7][gc,metaspace] GC(16) Metaspace: 97629K(99072K)->97629K(99072K) NonClass: 83927K(84800K)->83927K(84800K) Class: 13702K(14272K)->13702K(14272K)
[2023-10-31T03:10:51.761+0000][7][gc          ] GC(16) Pause Young (Normal) (G1 Evacuation Pause) 155M->97M(512M) 267.937ms
[2023-10-31T03:10:51.761+0000][7][gc,cpu      ] GC(16) User=0.25s Sys=0.09s Real=0.27s
[2023-10-31T03:10:51.761+0000][7][safepoint   ] Safepoint "G1CollectForAllocation", Time since last: 650572189 ns, Reaching safepoint: 1713332 ns, At safepoint: 268154436 ns, Total: 269867768 ns
[2023-10-31T03:10:52.778+0000][7][safepoint   ] Safepoint "Cleanup", Time since last: 1006685315 ns, Reaching safepoint: 10276345 ns, At safepoint: 178802 ns, Total: 10455147 ns
[2023-10-31T03:10:53.784+0000][7][safepoint   ] Safepoint "Cleanup", Time since last: 1004969434 ns, Reaching safepoint: 849715 ns, At safepoint: 57370 ns, Total: 907085 ns
[2023-10-31T03:10:54.259+0000][7][gc,start    ] GC(17) Pause Young (Concurrent Start) (Metadata GC Threshold)
[2023-10-31T03:10:54.259+0000][7][gc,task     ] GC(17) Using 8 workers of 8 for evacuation
[2023-10-31T03:10:54.259+0000][7][gc,age      ] GC(17) Desired survivor size 18874368 bytes, new threshold 15 (max threshold 15)
[2023-10-31T03:10:54.374+0000][7][gc,age      ] GC(17) Age table with threshold 15 (max threshold 15)
[2023-10-31T03:10:54.374+0000][7][gc,age      ] GC(17) - age   1:    2172800 bytes,    2172800 total
[2023-10-31T03:10:54.374+0000][7][gc,age      ] GC(17) - age   2:    5893248 bytes,    8066048 total
[2023-10-31T03:10:54.374+0000][7][gc,phases   ] GC(17)   Pre Evacuate Collection Set: 0.3ms
[2023-10-31T03:10:54.374+0000][7][gc,phases   ] GC(17)   Merge Heap Roots: 0.4ms
[2023-10-31T03:10:54.374+0000][7][gc,phases   ] GC(17)   Evacuate Collection Set: 112.4ms
[2023-10-31T03:10:54.374+0000][7][gc,phases   ] GC(17)   Post Evacuate Collection Set: 1.4ms
[2023-10-31T03:10:54.374+0000][7][gc,phases   ] GC(17)   Other: 0.8ms
[2023-10-31T03:10:54.374+0000][7][gc,heap     ] GC(17) Eden regions: 10->0(72)
[2023-10-31T03:10:54.374+0000][7][gc,heap     ] GC(17) Survivor regions: 2->3(9)
[2023-10-31T03:10:54.374+0000][7][gc,heap     ] GC(17) Old regions: 17->17
[2023-10-31T03:10:54.374+0000][7][gc,heap     ] GC(17) Archive regions: 2->2
[2023-10-31T03:10:54.374+0000][7][gc,heap     ] GC(17) Humongous regions: 5->5
[2023-10-31T03:10:54.374+0000][7][gc,metaspace] GC(17) Metaspace: 99345K(100800K)->99345K(100800K) NonClass: 85402K(86272K)->85402K(86272K) Class: 13942K(14528K)->13942K(14528K)
[2023-10-31T03:10:54.375+0000][7][gc          ] GC(17) Pause Young (Concurrent Start) (Metadata GC Threshold) 134M->98M(512M) 115.562ms
[2023-10-31T03:10:54.375+0000][7][gc,cpu      ] GC(17) User=0.09s Sys=0.00s Real=0.11s
[2023-10-31T03:10:54.375+0000][7][safepoint   ] Safepoint "CollectForMetadataAllocation", Time since last: 475029664 ns, Reaching safepoint: 153550 ns, At safepoint: 116011365 ns, Total: 116164915 ns
[2023-10-31T03:10:54.375+0000][7][gc          ] GC(18) Concurrent Mark Cycle
[2023-10-31T03:10:54.375+0000][7][gc,marking  ] GC(18) Concurrent Clear Claimed Marks
[2023-10-31T03:10:54.375+0000][7][gc,marking  ] GC(18) Concurrent Clear Claimed Marks 0.274ms
[2023-10-31T03:10:54.375+0000][7][gc,marking  ] GC(18) Concurrent Scan Root Regions
[2023-10-31T03:10:54.453+0000][7][gc,marking  ] GC(18) Concurrent Scan Root Regions 77.896ms
[2023-10-31T03:10:54.454+0000][7][gc,marking  ] GC(18) Concurrent Mark
[2023-10-31T03:10:54.454+0000][7][gc,marking  ] GC(18) Concurrent Mark From Roots
[2023-10-31T03:10:54.454+0000][7][gc,task     ] GC(18) Using 2 workers of 2 for marking
[2023-10-31T03:10:54.617+0000][7][safepoint   ] Safepoint "CollectForMetadataAllocation", Time since last: 240600978 ns, Reaching safepoint: 1055856 ns, At safepoint: 312633 ns, Total: 1368489 ns
[2023-10-31T03:10:54.985+0000][7][gc,marking  ] GC(18) Concurrent Mark From Roots 531.399ms
[2023-10-31T03:10:54.985+0000][7][gc,marking  ] GC(18) Concurrent Preclean
[2023-10-31T03:10:54.985+0000][7][gc,marking  ] GC(18) Concurrent Preclean 0.363ms
[2023-10-31T03:10:54.990+0000][7][gc,start    ] GC(18) Pause Remark
[2023-10-31T03:10:55.033+0000][7][gc          ] GC(18) Pause Remark 111M->111M(512M) 43.005ms
[2023-10-31T03:10:55.034+0000][7][gc,cpu      ] GC(18) User=0.07s Sys=0.00s Real=0.04s
[2023-10-31T03:10:55.034+0000][7][safepoint   ] Safepoint "G1Concurrent", Time since last: 368555037 ns, Reaching safepoint: 4741851 ns, At safepoint: 43692838 ns, Total: 48434689 ns
[2023-10-31T03:10:55.034+0000][7][gc,marking  ] GC(18) Concurrent Mark 580.604ms
[2023-10-31T03:10:55.035+0000][7][gc,marking  ] GC(18) Concurrent Rebuild Remembered Sets
[2023-10-31T03:10:55.208+0000][7][gc,marking  ] GC(18) Concurrent Rebuild Remembered Sets 172.926ms
[2023-10-31T03:10:55.216+0000][7][gc,start    ] GC(18) Pause Cleanup
[2023-10-31T03:10:55.217+0000][7][gc          ] GC(18) Pause Cleanup 115M->115M(512M) 0.719ms
[2023-10-31T03:10:55.218+0000][7][gc,cpu      ] GC(18) User=0.00s Sys=0.00s Real=0.01s
[2023-10-31T03:10:55.218+0000][7][safepoint   ] Safepoint "G1Concurrent", Time since last: 173801085 ns, Reaching safepoint: 8269600 ns, At safepoint: 2359466 ns, Total: 10629066 ns
[2023-10-31T03:10:55.218+0000][7][gc,marking  ] GC(18) Concurrent Cleanup for Next Mark
[2023-10-31T03:10:55.227+0000][7][gc,marking  ] GC(18) Concurrent Cleanup for Next Mark 8.401ms
[2023-10-31T03:10:55.229+0000][7][gc          ] GC(18) Concurrent Mark Cycle 853.870ms
[2023-10-31T03:10:56.280+0000][7][safepoint   ] Safepoint "Cleanup", Time since last: 1061579782 ns, Reaching safepoint: 178588 ns, At safepoint: 13481 ns, Total: 192069 ns
[2023-10-31T03:10:57.448+0000][7][safepoint   ] Safepoint "Cleanup", Time since last: 1166311568 ns, Reaching safepoint: 1744148 ns, At safepoint: 93565 ns, Total: 1837713 ns
[2023-10-31T03:10:58.463+0000][7][safepoint   ] Safepoint "Cleanup", Time since last: 1005576059 ns, Reaching safepoint: 9325072 ns, At safepoint: 121737 ns, Total: 9446809 ns
[2023-10-31T03:11:00.077+0000][7][safepoint   ] Safepoint "Cleanup", Time since last: 1613197936 ns, Reaching safepoint: 753070 ns, At safepoint: 97771 ns, Total: 850841 ns
[2023-10-31T03:11:01.079+0000][7][safepoint   ] Safepoint "Cleanup", Time since last: 1000676323 ns, Reaching safepoint: 779125 ns, At safepoint: 18321 ns, Total: 797446 ns
[2023-10-31T03:11:02.081+0000][7][safepoint   ] Safepoint "Cleanup", Time since last: 1000704372 ns, Reaching safepoint: 1240156 ns, At safepoint: 30602 ns, Total: 1270758 ns
[2023-10-31T03:11:03.248+0000][7][safepoint   ] Safepoint "Cleanup", Time since last: 1166063109 ns, Reaching safepoint: 767334 ns, At safepoint: 72224 ns, Total: 839558 ns
[2023-10-31T03:11:05.217+0000][7][safepoint   ] Safepoint "Cleanup", Time since last: 1958216567 ns, Reaching safepoint: 11454729 ns, At safepoint: 61257 ns, Total: 11515986 ns
[2023-10-31T03:11:06.221+0000][7][safepoint   ] Safepoint "Cleanup", Time since last: 1000712367 ns, Reaching safepoint: 2942683 ns, At safepoint: 122034 ns, Total: 3064717 ns
[2023-10-31T03:11:07.061+0000][7][gc,start    ] GC(19) Pause Young (Concurrent Start) (G1 Evacuation Pause)
[2023-10-31T03:11:07.062+0000][7][gc,task     ] GC(19) Using 8 workers of 8 for evacuation
[2023-10-31T03:11:07.063+0000][7][gc,age      ] GC(19) Desired survivor size 20971520 bytes, new threshold 15 (max threshold 15)
[2023-10-31T03:11:07.141+0000][7][gc,age      ] GC(19) Age table with threshold 15 (max threshold 15)
[2023-10-31T03:11:07.141+0000][7][gc,age      ] GC(19) - age   1:   10178648 bytes,   10178648 total
[2023-10-31T03:11:07.141+0000][7][gc,age      ] GC(19) - age   2:    1999200 bytes,   12177848 total
[2023-10-31T03:11:07.141+0000][7][gc,age      ] GC(19) - age   3:    5731384 bytes,   17909232 total
[2023-10-31T03:11:07.141+0000][7][gc,phases   ] GC(19)   Pre Evacuate Collection Set: 0.6ms
[2023-10-31T03:11:07.141+0000][7][gc,phases   ] GC(19)   Merge Heap Roots: 0.8ms
[2023-10-31T03:11:07.141+0000][7][gc,phases   ] GC(19)   Evacuate Collection Set: 65.5ms
[2023-10-31T03:11:07.142+0000][7][gc,phases   ] GC(19)   Post Evacuate Collection Set: 11.0ms
[2023-10-31T03:11:07.142+0000][7][gc,phases   ] GC(19)   Other: 2.9ms
[2023-10-31T03:11:07.142+0000][7][gc,heap     ] GC(19) Eden regions: 72->0(66)
[2023-10-31T03:11:07.142+0000][7][gc,heap     ] GC(19) Survivor regions: 3->5(10)
[2023-10-31T03:11:07.142+0000][7][gc,heap     ] GC(19) Old regions: 17->17
[2023-10-31T03:11:07.142+0000][7][gc,heap     ] GC(19) Archive regions: 2->2
[2023-10-31T03:11:07.142+0000][7][gc,heap     ] GC(19) Humongous regions: 5->5
[2023-10-31T03:11:07.142+0000][7][gc,metaspace] GC(19) Metaspace: 105545K(107072K)->105545K(107072K) NonClass: 90744K(91648K)->90744K(91648K) Class: 14800K(15424K)->14800K(15424K)
[2023-10-31T03:11:07.142+0000][7][gc          ] GC(19) Pause Young (Concurrent Start) (G1 Evacuation Pause) 386M->107M(512M) 81.135ms
[2023-10-31T03:11:07.142+0000][7][gc,cpu      ] GC(19) User=0.13s Sys=0.00s Real=0.08s
[2023-10-31T03:11:07.142+0000][7][gc          ] GC(20) Concurrent Mark Cycle
[2023-10-31T03:11:07.142+0000][7][gc,marking  ] GC(20) Concurrent Clear Claimed Marks
[2023-10-31T03:11:07.143+0000][7][gc,marking  ] GC(20) Concurrent Clear Claimed Marks 0.368ms
[2023-10-31T03:11:07.143+0000][7][gc,marking  ] GC(20) Concurrent Scan Root Regions
[2023-10-31T03:11:07.150+0000][7][safepoint   ] Safepoint "G1CollectForAllocation", Time since last: 750182602 ns, Reaching safepoint: 89092699 ns, At safepoint: 89498513 ns, Total: 178591212 ns
[2023-10-31T03:11:07.276+0000][7][gc,marking  ] GC(20) Concurrent Scan Root Regions 133.489ms
[2023-10-31T03:11:07.276+0000][7][gc,marking  ] GC(20) Concurrent Mark
[2023-10-31T03:11:07.276+0000][7][gc,marking  ] GC(20) Concurrent Mark From Roots
[2023-10-31T03:11:07.276+0000][7][gc,task     ] GC(20) Using 2 workers of 2 for marking
[2023-10-31T03:11:07.795+0000][7][gc,marking  ] GC(20) Concurrent Mark From Roots 518.764ms
[2023-10-31T03:11:07.795+0000][7][gc,marking  ] GC(20) Concurrent Preclean
[2023-10-31T03:11:07.795+0000][7][gc,marking  ] GC(20) Concurrent Preclean 0.209ms
[2023-10-31T03:11:07.797+0000][7][gc,start    ] GC(20) Pause Remark
[2023-10-31T03:11:07.837+0000][7][gc          ] GC(20) Pause Remark 125M->125M(512M) 39.446ms
[2023-10-31T03:11:07.837+0000][7][gc,cpu      ] GC(20) User=0.06s Sys=0.00s Real=0.04s
[2023-10-31T03:11:07.837+0000][7][safepoint   ] Safepoint "G1Concurrent", Time since last: 645496768 ns, Reaching safepoint: 2004853 ns, At safepoint: 39616884 ns, Total: 41621737 ns
[2023-10-31T03:11:07.841+0000][7][gc,marking  ] GC(20) Concurrent Mark 564.952ms
[2023-10-31T03:11:07.841+0000][7][gc,marking  ] GC(20) Concurrent Rebuild Remembered Sets
[2023-10-31T03:11:08.124+0000][7][gc,marking  ] GC(20) Concurrent Rebuild Remembered Sets 282.116ms
[2023-10-31T03:11:08.125+0000][7][gc,start    ] GC(20) Pause Cleanup
[2023-10-31T03:11:08.126+0000][7][gc          ] GC(20) Pause Cleanup 130M->130M(512M) 0.614ms
[2023-10-31T03:11:08.126+0000][7][gc,cpu      ] GC(20) User=0.00s Sys=0.00s Real=0.00s
[2023-10-31T03:11:08.126+0000][7][safepoint   ] Safepoint "G1Concurrent", Time since last: 286873646 ns, Reaching safepoint: 1033340 ns, At safepoint: 887477 ns, Total: 1920817 ns
[2023-10-31T03:11:08.126+0000][7][gc,marking  ] GC(20) Concurrent Cleanup for Next Mark
[2023-10-31T03:11:08.133+0000][7][gc,marking  ] GC(20) Concurrent Cleanup for Next Mark 7.287ms
[2023-10-31T03:11:08.134+0000][7][gc          ] GC(20) Concurrent Mark Cycle 991.339ms
[2023-10-31T03:11:09.126+0000][7][safepoint   ] Safepoint "Cleanup", Time since last: 1000099372 ns, Reaching safepoint: 256055 ns, At safepoint: 21267 ns, Total: 277322 ns
[2023-10-31T03:11:10.132+0000][7][safepoint   ] Safepoint "Cleanup", Time since last: 1000220417 ns, Reaching safepoint: 5126347 ns, At safepoint: 113972 ns, Total: 5240319 ns
[2023-10-31T03:11:11.134+0000][7][safepoint   ] Safepoint "Cleanup", Time since last: 1002178833 ns, Reaching safepoint: 128106 ns, At safepoint: 6673 ns, Total: 134779 ns
[2023-10-31T03:11:12.135+0000][7][safepoint   ] Safepoint "Cleanup", Time since last: 1000808670 ns, Reaching safepoint: 348477 ns, At safepoint: 36363 ns, Total: 384840 ns
[2023-10-31T03:11:14.137+0000][7][safepoint   ] Safepoint "Cleanup", Time since last: 2001729717 ns, Reaching safepoint: 233294 ns, At safepoint: 44951 ns, Total: 278245 ns
[2023-10-31T03:11:15.142+0000][7][safepoint   ] Safepoint "Cleanup", Time since last: 1002227325 ns, Reaching safepoint: 2450284 ns, At safepoint: 116981 ns, Total: 2567265 ns
[2023-10-31T03:11:16.144+0000][7][safepoint   ] Safepoint "Cleanup", Time since last: 1001772618 ns, Reaching safepoint: 470567 ns, At safepoint: 47577 ns, Total: 518144 ns
[2023-10-31T03:11:18.145+0000][7][safepoint   ] Safepoint "Cleanup", Time since last: 2000633520 ns, Reaching safepoint: 419475 ns, At safepoint: 45833 ns, Total: 465308 ns
[2023-10-31T03:11:19.146+0000][7][safepoint   ] Safepoint "Cleanup", Time since last: 1000456485 ns, Reaching safepoint: 76924 ns, At safepoint: 4172 ns, Total: 81096 ns
[2023-10-31T03:11:20.153+0000][7][safepoint   ] Safepoint "Cleanup", Time since last: 1000239139 ns, Reaching safepoint: 6620717 ns, At safepoint: 236082 ns, Total: 6856799 ns
[2023-10-31T03:11:21.230+0000][7][safepoint   ] Safepoint "Cleanup", Time since last: 1076276092 ns, Reaching safepoint: 326094 ns, At safepoint: 87516 ns, Total: 413610 ns
[2023-10-31T03:11:22.234+0000][7][safepoint   ] Safepoint "Cleanup", Time since last: 1003249969 ns, Reaching safepoint: 456646 ns, At safepoint: 67673 ns, Total: 524319 ns
[2023-10-31T03:11:25.235+0000][7][safepoint   ] Safepoint "Cleanup", Time since last: 3000844361 ns, Reaching safepoint: 362383 ns, At safepoint: 51149 ns, Total: 413532 ns
[2023-10-31T03:11:26.235+0000][7][safepoint   ] Safepoint "Cleanup", Time since last: 1000253209 ns, Reaching safepoint: 65851 ns, At safepoint: 11158 ns, Total: 77009 ns
[2023-10-31T03:11:27.240+0000][7][safepoint   ] Safepoint "Cleanup", Time since last: 1004322225 ns, Reaching safepoint: 501174 ns, At safepoint: 50224 ns, Total: 551398 ns
[2023-10-31T03:11:28.248+0000][7][safepoint   ] Safepoint "Cleanup", Time since last: 1001476195 ns, Reaching safepoint: 6687706 ns, At safepoint: 40233 ns, Total: 6727939 ns
[2023-10-31T03:11:30.102+0000][7][safepoint   ] Safepoint "Cleanup", Time since last: 1852717594 ns, Reaching safepoint: 1038381 ns, At safepoint: 61810 ns, Total: 1100191 ns
[2023-10-31T03:11:31.504+0000][7][safepoint   ] Safepoint "Cleanup", Time since last: 1401608405 ns, Reaching safepoint: 223281 ns, At safepoint: 9009 ns, Total: 232290 ns
[2023-10-31T03:11:32.508+0000][7][safepoint   ] Safepoint "Cleanup", Time since last: 1003507758 ns, Reaching safepoint: 574435 ns, At safepoint: 65564 ns, Total: 639999 ns
[2023-10-31T03:11:33.828+0000][7][safepoint   ] Safepoint "ICBufferFull", Time since last: 1315067685 ns, Reaching safepoint: 5225156 ns, At safepoint: 164736 ns, Total: 5389892 ns
[2023-10-31T03:11:34.853+0000][7][safepoint   ] Safepoint "Cleanup", Time since last: 1023946691 ns, Reaching safepoint: 906404 ns, At safepoint: 114449 ns, Total: 1020853 ns
[2023-10-31T03:11:36.578+0000][7][safepoint   ] Safepoint "Cleanup", Time since last: 1724488717 ns, Reaching safepoint: 233783 ns, At safepoint: 12404 ns, Total: 246187 ns
[2023-10-31T03:11:37.582+0000][7][safepoint   ] Safepoint "Cleanup", Time since last: 1001514397 ns, Reaching safepoint: 1933826 ns, At safepoint: 58611 ns, Total: 1992437 ns
[2023-10-31T03:11:38.881+0000][7][safepoint   ] Safepoint "Cleanup", Time since last: 1297910929 ns, Reaching safepoint: 1464501 ns, At safepoint: 20801 ns, Total: 1485302 ns
[2023-10-31T03:11:39.884+0000][7][safepoint   ] Safepoint "Cleanup", Time since last: 1001943641 ns, Reaching safepoint: 746902 ns, At safepoint: 80237 ns, Total: 827139 ns
[2023-10-31T03:11:40.886+0000][7][safepoint   ] Safepoint "Cleanup", Time since last: 1002427604 ns, Reaching safepoint: 165505 ns, At safepoint: 10859 ns, Total: 176364 ns
[2023-10-31T03:11:41.887+0000][7][safepoint   ] Safepoint "Cleanup", Time since last: 1000342853 ns, Reaching safepoint: 172787 ns, At safepoint: 4361 ns, Total: 177148 ns
[2023-10-31T03:11:42.887+0000][7][safepoint   ] Safepoint "Cleanup", Time since last: 1000138144 ns, Reaching safepoint: 114834 ns, At safepoint: 8323 ns, Total: 123157 ns
[2023-10-31T03:11:43.786+0000][7][gc,start    ] GC(21) Pause Young (Normal) (G1 Evacuation Pause)
[2023-10-31T03:11:43.787+0000][7][gc,task     ] GC(21) Using 8 workers of 8 for evacuation
[2023-10-31T03:11:43.788+0000][7][gc,age      ] GC(21) Desired survivor size 20971520 bytes, new threshold 15 (max threshold 15)
[2023-10-31T03:11:43.960+0000][7][gc,age      ] GC(21) Age table with threshold 15 (max threshold 15)
[2023-10-31T03:11:43.960+0000][7][gc,age      ] GC(21) - age   1:    9814968 bytes,    9814968 total
[2023-10-31T03:11:43.960+0000][7][gc,age      ] GC(21) - age   2:    5968120 bytes,   15783088 total
[2023-10-31T03:11:43.960+0000][7][gc,age      ] GC(21) - age   3:    1579992 bytes,   17363080 total
[2023-10-31T03:11:43.960+0000][7][gc,age      ] GC(21) - age   4:    5711640 bytes,   23074720 total
[2023-10-31T03:11:43.961+0000][7][gc,phases   ] GC(21)   Pre Evacuate Collection Set: 0.4ms
[2023-10-31T03:11:43.961+0000][7][gc,phases   ] GC(21)   Merge Heap Roots: 0.2ms
[2023-10-31T03:11:43.961+0000][7][gc,phases   ] GC(21)   Evacuate Collection Set: 156.8ms
[2023-10-31T03:11:43.961+0000][7][gc,phases   ] GC(21)   Post Evacuate Collection Set: 15.3ms
[2023-10-31T03:11:43.961+0000][7][gc,phases   ] GC(21)   Other: 1.9ms
[2023-10-31T03:11:43.961+0000][7][gc,heap     ] GC(21) Eden regions: 70->0(62)
[2023-10-31T03:11:43.961+0000][7][gc,heap     ] GC(21) Survivor regions: 5->6(10)
[2023-10-31T03:11:43.961+0000][7][gc,heap     ] GC(21) Old regions: 17->17
[2023-10-31T03:11:43.961+0000][7][gc,heap     ] GC(21) Archive regions: 2->2
[2023-10-31T03:11:43.961+0000][7][gc,heap     ] GC(21) Humongous regions: 5->5
[2023-10-31T03:11:43.961+0000][7][gc,metaspace] GC(21) Metaspace: 111411K(113088K)->111411K(113088K) NonClass: 95972K(97024K)->95972K(97024K) Class: 15439K(16064K)->15439K(16064K)
[2023-10-31T03:11:43.961+0000][7][gc          ] GC(21) Pause Young (Normal) (G1 Evacuation Pause) 387M->112M(512M) 174.718ms
[2023-10-31T03:11:43.961+0000][7][gc,cpu      ] GC(21) User=0.18s Sys=0.01s Real=0.18s
[2023-10-31T03:11:43.961+0000][7][safepoint   ] Safepoint "G1CollectForAllocation", Time since last: 898239155 ns, Reaching safepoint: 473171 ns, At safepoint: 175041892 ns, Total: 175515063 ns
[2023-10-31T03:11:44.962+0000][7][safepoint   ] Safepoint "Cleanup", Time since last: 1000216530 ns, Reaching safepoint: 328941 ns, At safepoint: 32756 ns, Total: 361697 ns
[2023-10-31T03:11:45.963+0000][7][safepoint   ] Safepoint "Cleanup", Time since last: 1000670750 ns, Reaching safepoint: 631767 ns, At safepoint: 100828 ns, Total: 732595 ns
[2023-10-31T03:11:46.964+0000][7][safepoint   ] Safepoint "Cleanup", Time since last: 1000501081 ns, Reaching safepoint: 572174 ns, At safepoint: 82120 ns, Total: 654294 ns
[2023-10-31T03:11:47.966+0000][7][safepoint   ] Safepoint "Cleanup", Time since last: 1000387984 ns, Reaching safepoint: 1701356 ns, At safepoint: 240797 ns, Total: 1942153 ns
[2023-10-31T03:11:48.969+0000][7][safepoint   ] Safepoint "Cleanup", Time since last: 1001021602 ns, Reaching safepoint: 1334378 ns, At safepoint: 92344 ns, Total: 1426722 ns
[2023-10-31T03:11:49.973+0000][7][safepoint   ] Safepoint "Cleanup", Time since last: 1001136139 ns, Reaching safepoint: 3333798 ns, At safepoint: 40243 ns, Total: 3374041 ns
[2023-10-31T03:11:50.984+0000][7][safepoint   ] Safepoint "Cleanup", Time since last: 1009814475 ns, Reaching safepoint: 885756 ns, At safepoint: 25441 ns, Total: 911197 ns
[2023-10-31T03:11:52.004+0000][7][safepoint   ] Safepoint "Cleanup", Time since last: 1019045634 ns, Reaching safepoint: 467208 ns, At safepoint: 32051 ns, Total: 499259 ns
[2023-10-31T03:11:53.006+0000][7][safepoint   ] Safepoint "Cleanup", Time since last: 1002299677 ns, Reaching safepoint: 402668 ns, At safepoint: 31957 ns, Total: 434625 ns
[2023-10-31T03:11:53.634+0000][7][safepoint   ] Safepoint "ICBufferFull", Time since last: 627865103 ns, Reaching safepoint: 187590 ns, At safepoint: 7304 ns, Total: 194894 ns
[2023-10-31T03:11:54.635+0000][7][safepoint   ] Safepoint "Cleanup", Time since last: 1000197583 ns, Reaching safepoint: 334971 ns, At safepoint: 32403 ns, Total: 367374 ns
[2023-10-31T03:11:55.801+0000][7][safepoint   ] Safepoint "ICBufferFull", Time since last: 1165879441 ns, Reaching safepoint: 243167 ns, At safepoint: 8787 ns, Total: 251954 ns
[2023-10-31T03:11:56.802+0000][7][safepoint   ] Safepoint "Cleanup", Time since last: 1000289331 ns, Reaching safepoint: 388610 ns, At safepoint: 9527 ns, Total: 398137 ns
[2023-10-31T03:11:57.804+0000][7][safepoint   ] Safepoint "Cleanup", Time since last: 1001224144 ns, Reaching safepoint: 466917 ns, At safepoint: 41367 ns, Total: 508284 ns
[2023-10-31T03:11:58.810+0000][7][safepoint   ] Safepoint "Cleanup", Time since last: 1006178536 ns, Reaching safepoint: 662590 ns, At safepoint: 60754 ns, Total: 723344 ns
[2023-10-31T03:11:59.811+0000][7][safepoint   ] Safepoint "Cleanup", Time since last: 1000327619 ns, Reaching safepoint: 481106 ns, At safepoint: 14544 ns, Total: 495650 ns
[2023-10-31T03:12:00.814+0000][7][safepoint   ] Safepoint "Cleanup", Time since last: 1002343849 ns, Reaching safepoint: 195750 ns, At safepoint: 10044 ns, Total: 205794 ns
[2023-10-31T03:12:01.814+0000][7][safepoint   ] Safepoint "Cleanup", Time since last: 1000457785 ns, Reaching safepoint: 196477 ns, At safepoint: 6551 ns, Total: 203028 ns
[2023-10-31T03:12:02.815+0000][7][safepoint   ] Safepoint "Cleanup", Time since last: 1000310407 ns, Reaching safepoint: 339593 ns, At safepoint: 23626 ns, Total: 363219 ns
[2023-10-31T03:12:03.817+0000][7][safepoint   ] Safepoint "Cleanup", Time since last: 1001718576 ns, Reaching safepoint: 193221 ns, At safepoint: 15052 ns, Total: 208273 ns
[2023-10-31T03:12:04.828+0000][7][safepoint   ] Safepoint "Cleanup", Time since last: 1002729243 ns, Reaching safepoint: 7798341 ns, At safepoint: 24810 ns, Total: 7823151 ns
[2023-10-31T03:12:05.829+0000][7][safepoint   ] Safepoint "Cleanup", Time since last: 1001105214 ns, Reaching safepoint: 434062 ns, At safepoint: 25362 ns, Total: 459424 ns
[2023-10-31T03:12:06.831+0000][7][safepoint   ] Safepoint "Cleanup", Time since last: 1000988409 ns, Reaching safepoint: 345916 ns, At safepoint: 87864 ns, Total: 433780 ns
[2023-10-31T03:12:07.832+0000][7][safepoint   ] Safepoint "Cleanup", Time since last: 1000441319 ns, Reaching safepoint: 709255 ns, At safepoint: 62391 ns, Total: 771646 ns
[2023-10-31T03:12:08.832+0000][7][safepoint   ] Safepoint "Cleanup", Time since last: 1000519041 ns, Reaching safepoint: 137187 ns, At safepoint: 6881 ns, Total: 144068 ns
[2023-10-31T03:12:09.833+0000][7][safepoint   ] Safepoint "Cleanup", Time since last: 1000158885 ns, Reaching safepoint: 103221 ns, At safepoint: 11309 ns, Total: 114530 ns
[2023-10-31T03:12:10.834+0000][7][safepoint   ] Safepoint "Cleanup", Time since last: 1000629448 ns, Reaching safepoint: 443881 ns, At safepoint: 50349 ns, Total: 494230 ns
[2023-10-31T03:12:11.838+0000][7][safepoint   ] Safepoint "Cleanup", Time since last: 1003845548 ns, Reaching safepoint: 446507 ns, At safepoint: 32054 ns, Total: 478561 ns
[2023-10-31T03:12:12.839+0000][7][safepoint   ] Safepoint "Cleanup", Time since last: 1000413016 ns, Reaching safepoint: 584406 ns, At safepoint: 60173 ns, Total: 644579 ns
[2023-10-31T03:12:13.842+0000][7][safepoint   ] Safepoint "Cleanup", Time since last: 1001433843 ns, Reaching safepoint: 788595 ns, At safepoint: 74622 ns, Total: 863217 ns
[2023-10-31T03:12:14.843+0000][7][safepoint   ] Safepoint "Cleanup", Time since last: 1001587509 ns, Reaching safepoint: 267676 ns, At safepoint: 10720 ns, Total: 278396 ns
[2023-10-31T03:12:15.530+0000][7][gc,start    ] GC(22) Pause Young (Normal) (G1 Evacuation Pause)
[2023-10-31T03:12:15.530+0000][7][gc,task     ] GC(22) Using 8 workers of 8 for evacuation
[2023-10-31T03:12:15.530+0000][7][gc,age      ] GC(22) Desired survivor size 18874368 bytes, new threshold 4 (max threshold 15)
[2023-10-31T03:12:15.652+0000][7][gc,age      ] GC(22) Age table with threshold 4 (max threshold 15)
[2023-10-31T03:12:15.652+0000][7][gc,age      ] GC(22) - age   1:    1418096 bytes,    1418096 total
[2023-10-31T03:12:15.652+0000][7][gc,age      ] GC(22) - age   2:    8644848 bytes,   10062944 total
[2023-10-31T03:12:15.652+0000][7][gc,age      ] GC(22) - age   3:    5965408 bytes,   16028352 total
[2023-10-31T03:12:15.652+0000][7][gc,age      ] GC(22) - age   4:    1579992 bytes,   17608344 total
[2023-10-31T03:12:15.652+0000][7][gc,phases   ] GC(22)   Pre Evacuate Collection Set: 0.4ms
[2023-10-31T03:12:15.652+0000][7][gc,phases   ] GC(22)   Merge Heap Roots: 0.9ms
[2023-10-31T03:12:15.652+0000][7][gc,phases   ] GC(22)   Evacuate Collection Set: 111.1ms
[2023-10-31T03:12:15.652+0000][7][gc,phases   ] GC(22)   Post Evacuate Collection Set: 8.9ms
[2023-10-31T03:12:15.652+0000][7][gc,phases   ] GC(22)   Other: 1.0ms
[2023-10-31T03:12:15.652+0000][7][gc,heap     ] GC(22) Eden regions: 62->0(71)
[2023-10-31T03:12:15.652+0000][7][gc,heap     ] GC(22) Survivor regions: 6->5(9)
[2023-10-31T03:12:15.652+0000][7][gc,heap     ] GC(22) Old regions: 17->18
[2023-10-31T03:12:15.652+0000][7][gc,heap     ] GC(22) Archive regions: 2->2
[2023-10-31T03:12:15.652+0000][7][gc,heap     ] GC(22) Humongous regions: 5->5
[2023-10-31T03:12:15.652+0000][7][gc,metaspace] GC(22) Metaspace: 112849K(114432K)->112849K(114432K) NonClass: 97404K(98368K)->97404K(98368K) Class: 15445K(16064K)->15445K(16064K)
[2023-10-31T03:12:15.652+0000][7][gc          ] GC(22) Pause Young (Normal) (G1 Evacuation Pause) 360M->113M(512M) 122.085ms
[2023-10-31T03:12:15.652+0000][7][gc,cpu      ] GC(22) User=0.15s Sys=0.03s Real=0.12s
[2023-10-31T03:12:15.652+0000][7][safepoint   ] Safepoint "G1CollectForAllocation", Time since last: 685491836 ns, Reaching safepoint: 768565 ns, At safepoint: 122616572 ns, Total: 123385137 ns
[2023-10-31T03:12:16.660+0000][7][safepoint   ] Safepoint "Cleanup", Time since last: 1007273167 ns, Reaching safepoint: 150850 ns, At safepoint: 9848 ns, Total: 160698 ns
[2023-10-31T03:12:17.660+0000][7][safepoint   ] Safepoint "Cleanup", Time since last: 1000139406 ns, Reaching safepoint: 162403 ns, At safepoint: 7553 ns, Total: 169956 ns
[2023-10-31T03:12:18.178+0000][7][safepoint   ] Safepoint "ICBufferFull", Time since last: 517949687 ns, Reaching safepoint: 257073 ns, At safepoint: 9645 ns, Total: 266718 ns
[2023-10-31T03:12:19.287+0000][7][safepoint   ] Safepoint "Cleanup", Time since last: 1108713934 ns, Reaching safepoint: 350547 ns, At safepoint: 12391 ns, Total: 362938 ns
[2023-10-31T03:12:20.288+0000][7][safepoint   ] Safepoint "Cleanup", Time since last: 1000196707 ns, Reaching safepoint: 181301 ns, At safepoint: 8558 ns, Total: 189859 ns
[2023-10-31T03:12:21.290+0000][7][safepoint   ] Safepoint "Cleanup", Time since last: 1001904317 ns, Reaching safepoint: 551352 ns, At safepoint: 25337 ns, Total: 576689 ns
[2023-10-31T03:12:22.558+0000][7][safepoint   ] Safepoint "Cleanup", Time since last: 1267075229 ns, Reaching safepoint: 481148 ns, At safepoint: 15879 ns, Total: 497027 ns
[2023-10-31T03:12:23.563+0000][7][safepoint   ] Safepoint "Cleanup", Time since last: 1000229635 ns, Reaching safepoint: 5313468 ns, At safepoint: 90995 ns, Total: 5404463 ns
[2023-10-31T03:12:24.565+0000][7][safepoint   ] Safepoint "Cleanup", Time since last: 1000560592 ns, Reaching safepoint: 563517 ns, At safepoint: 95408 ns, Total: 658925 ns
[2023-10-31T03:12:25.566+0000][7][safepoint   ] Safepoint "Cleanup", Time since last: 1000515947 ns, Reaching safepoint: 687218 ns, At safepoint: 101919 ns, Total: 789137 ns
[2023-10-31T03:12:26.568+0000][7][safepoint   ] Safepoint "Cleanup", Time since last: 1001595542 ns, Reaching safepoint: 547567 ns, At safepoint: 35390 ns, Total: 582957 ns
[2023-10-31T03:12:27.569+0000][7][safepoint   ] Safepoint "Cleanup", Time since last: 1000386354 ns, Reaching safepoint: 368418 ns, At safepoint: 39971 ns, Total: 408389 ns
[2023-10-31T03:12:28.570+0000][7][safepoint   ] Safepoint "Cleanup", Time since last: 1000361412 ns, Reaching safepoint: 374331 ns, At safepoint: 31995 ns, Total: 406326 ns
[2023-10-31T03:12:29.570+0000][7][safepoint   ] Safepoint "Cleanup", Time since last: 1000361407 ns, Reaching safepoint: 285754 ns, At safepoint: 33443 ns, Total: 319197 ns
[2023-10-31T03:12:30.571+0000][7][safepoint   ] Safepoint "Cleanup", Time since last: 1000311929 ns, Reaching safepoint: 264306 ns, At safepoint: 52304 ns, Total: 316610 ns
[2023-10-31T03:12:31.576+0000][7][safepoint   ] Safepoint "Cleanup", Time since last: 1004689021 ns, Reaching safepoint: 686642 ns, At safepoint: 66202 ns, Total: 752844 ns
[2023-10-31T03:12:32.577+0000][7][safepoint   ] Safepoint "Cleanup", Time since last: 1000417688 ns, Reaching safepoint: 136236 ns, At safepoint: 7762 ns, Total: 143998 ns
[2023-10-31T03:12:33.578+0000][7][safepoint   ] Safepoint "Cleanup", Time since last: 1000257992 ns, Reaching safepoint: 474137 ns, At safepoint: 77723 ns, Total: 551860 ns
[2023-10-31T03:12:34.582+0000][7][safepoint   ] Safepoint "Cleanup", Time since last: 1001190391 ns, Reaching safepoint: 3304715 ns, At safepoint: 89476 ns, Total: 3394191 ns
[2023-10-31T03:12:35.583+0000][7][safepoint   ] Safepoint "Cleanup", Time since last: 1000360852 ns, Reaching safepoint: 255752 ns, At safepoint: 13371 ns, Total: 269123 ns
[2023-10-31T03:12:36.584+0000][7][safepoint   ] Safepoint "Cleanup", Time since last: 1000193975 ns, Reaching safepoint: 265038 ns, At safepoint: 39230 ns, Total: 304268 ns
[2023-10-31T03:12:37.590+0000][7][safepoint   ] Safepoint "Cleanup", Time since last: 1000436606 ns, Reaching safepoint: 6276689 ns, At safepoint: 38851 ns, Total: 6315540 ns
[2023-10-31T03:12:38.591+0000][7][safepoint   ] Safepoint "Cleanup", Time since last: 1000272757 ns, Reaching safepoint: 275443 ns, At safepoint: 26551 ns, Total: 301994 ns
[2023-10-31T03:12:39.591+0000][7][safepoint   ] Safepoint "Cleanup", Time since last: 1000187638 ns, Reaching safepoint: 229495 ns, At safepoint: 32525 ns, Total: 262020 ns
[2023-10-31T03:12:40.592+0000][7][safepoint   ] Safepoint "Cleanup", Time since last: 1000391169 ns, Reaching safepoint: 487994 ns, At safepoint: 125025 ns, Total: 613019 ns
[2023-10-31T03:12:41.344+0000][7][safepoint   ] Safepoint "ICBufferFull", Time since last: 751735390 ns, Reaching safepoint: 258142 ns, At safepoint: 6806 ns, Total: 264948 ns
[2023-10-31T03:12:42.349+0000][7][safepoint   ] Safepoint "Cleanup", Time since last: 1000213802 ns, Reaching safepoint: 4541144 ns, At safepoint: 27743 ns, Total: 4568887 ns
[2023-10-31T03:12:43.350+0000][7][safepoint   ] Safepoint "Cleanup", Time since last: 1000180731 ns, Reaching safepoint: 270648 ns, At safepoint: 37154 ns, Total: 307802 ns
[2023-10-31T03:12:44.351+0000][7][safepoint   ] Safepoint "Cleanup", Time since last: 1000457653 ns, Reaching safepoint: 455209 ns, At safepoint: 46025 ns, Total: 501234 ns
[2023-10-31T03:12:45.352+0000][7][safepoint   ] Safepoint "Cleanup", Time since last: 1000537404 ns, Reaching safepoint: 429195 ns, At safepoint: 65515 ns, Total: 494710 ns
[2023-10-31T03:12:45.728+0000][7][gc,start    ] GC(23) Pause Young (Normal) (G1 Evacuation Pause)
[2023-10-31T03:12:45.728+0000][7][gc,task     ] GC(23) Using 8 workers of 8 for evacuation
[2023-10-31T03:12:45.728+0000][7][gc,age      ] GC(23) Desired survivor size 20971520 bytes, new threshold 15 (max threshold 15)
[2023-10-31T03:12:45.796+0000][7][gc,age      ] GC(23) Age table with threshold 15 (max threshold 15)
[2023-10-31T03:12:45.796+0000][7][gc,age      ] GC(23) - age   1:    1303824 bytes,    1303824 total
[2023-10-31T03:12:45.796+0000][7][gc,age      ] GC(23) - age   2:     550768 bytes,    1854592 total
[2023-10-31T03:12:45.796+0000][7][gc,age      ] GC(23) - age   3:    8476144 bytes,   10330736 total
[2023-10-31T03:12:45.796+0000][7][gc,age      ] GC(23) - age   4:    5965392 bytes,   16296128 total
[2023-10-31T03:12:45.796+0000][7][gc,age      ] GC(23) - age   5:    1579992 bytes,   17876120 total
[2023-10-31T03:12:45.797+0000][7][gc,phases   ] GC(23)   Pre Evacuate Collection Set: 0.3ms
[2023-10-31T03:12:45.797+0000][7][gc,phases   ] GC(23)   Merge Heap Roots: 0.1ms
[2023-10-31T03:12:45.797+0000][7][gc,phases   ] GC(23)   Evacuate Collection Set: 60.2ms
[2023-10-31T03:12:45.797+0000][7][gc,phases   ] GC(23)   Post Evacuate Collection Set: 7.5ms
[2023-10-31T03:12:45.797+0000][7][gc,phases   ] GC(23)   Other: 1.2ms
[2023-10-31T03:12:45.797+0000][7][gc,heap     ] GC(23) Eden regions: 71->0(71)
[2023-10-31T03:12:45.797+0000][7][gc,heap     ] GC(23) Survivor regions: 5->5(10)
[2023-10-31T03:12:45.797+0000][7][gc,heap     ] GC(23) Old regions: 18->18
[2023-10-31T03:12:45.797+0000][7][gc,heap     ] GC(23) Archive regions: 2->2
[2023-10-31T03:12:45.797+0000][7][gc,heap     ] GC(23) Humongous regions: 5->5
[2023-10-31T03:12:45.797+0000][7][gc,metaspace] GC(23) Metaspace: 113341K(114944K)->113341K(114944K) NonClass: 97893K(98880K)->97893K(98880K) Class: 15447K(16064K)->15447K(16064K)
[2023-10-31T03:12:45.797+0000][7][gc          ] GC(23) Pause Young (Normal) (G1 Evacuation Pause) 397M->113M(512M) 69.438ms
[2023-10-31T03:12:45.797+0000][7][gc,cpu      ] GC(23) User=0.12s Sys=0.03s Real=0.07s
[2023-10-31T03:12:45.797+0000][7][safepoint   ] Safepoint "G1CollectForAllocation", Time since last: 375509061 ns, Reaching safepoint: 310691 ns, At safepoint: 69864392 ns, Total: 70175083 ns
[2023-10-31T03:12:46.801+0000][7][safepoint   ] Safepoint "Cleanup", Time since last: 1002512945 ns, Reaching safepoint: 820338 ns, At safepoint: 125061 ns, Total: 945399 ns
[2023-10-31T03:12:47.802+0000][7][safepoint   ] Safepoint "Cleanup", Time since last: 1000540784 ns, Reaching safepoint: 281074 ns, At safepoint: 22681 ns, Total: 303755 ns
[2023-10-31T03:12:48.803+0000][7][safepoint   ] Safepoint "Cleanup", Time since last: 1001034250 ns, Reaching safepoint: 519627 ns, At safepoint: 42222 ns, Total: 561849 ns
[2023-10-31T03:12:49.804+0000][7][safepoint   ] Safepoint "Cleanup", Time since last: 1000539443 ns, Reaching safepoint: 327064 ns, At safepoint: 87714 ns, Total: 414778 ns
[2023-10-31T03:12:50.805+0000][7][safepoint   ] Safepoint "Cleanup", Time since last: 1001083476 ns, Reaching safepoint: 247097 ns, At safepoint: 29170 ns, Total: 276267 ns
[2023-10-31T03:12:51.806+0000][7][safepoint   ] Safepoint "Cleanup", Time since last: 1000258070 ns, Reaching safepoint: 98832 ns, At safepoint: 14914 ns, Total: 113746 ns
[2023-10-31T03:12:52.811+0000][7][safepoint   ] Safepoint "Cleanup", Time since last: 1005412333 ns, Reaching safepoint: 199633 ns, At safepoint: 14364 ns, Total: 213997 ns
[2023-10-31T03:12:53.813+0000][7][safepoint   ] Safepoint "Cleanup", Time since last: 1000528326 ns, Reaching safepoint: 620885 ns, At safepoint: 38430 ns, Total: 659315 ns
[2023-10-31T03:12:54.813+0000][7][safepoint   ] Safepoint "Cleanup", Time since last: 1000440926 ns, Reaching safepoint: 79563 ns, At safepoint: 6289 ns, Total: 85852 ns
[2023-10-31T03:12:55.816+0000][7][safepoint   ] Safepoint "Cleanup", Time since last: 1001796141 ns, Reaching safepoint: 1403135 ns, At safepoint: 31364 ns, Total: 1434499 ns
[2023-10-31T03:12:56.817+0000][7][safepoint   ] Safepoint "Cleanup", Time since last: 1000286662 ns, Reaching safepoint: 374971 ns, At safepoint: 51693 ns, Total: 426664 ns
[2023-10-31T03:12:57.818+0000][7][safepoint   ] Safepoint "Cleanup", Time since last: 1000370092 ns, Reaching safepoint: 408851 ns, At safepoint: 88370 ns, Total: 497221 ns
[2023-10-31T03:12:58.825+0000][7][safepoint   ] Safepoint "Cleanup", Time since last: 1004951801 ns, Reaching safepoint: 2105330 ns, At safepoint: 99827 ns, Total: 2205157 ns
[2023-10-31T03:12:59.827+0000][7][safepoint   ] Safepoint "Cleanup", Time since last: 1001231756 ns, Reaching safepoint: 374056 ns, At safepoint: 32942 ns, Total: 406998 ns
[2023-10-31T03:13:00.828+0000][7][safepoint   ] Safepoint "Cleanup", Time since last: 1000427255 ns, Reaching safepoint: 290795 ns, At safepoint: 69760 ns, Total: 360555 ns
[2023-10-31T03:13:01.838+0000][7][safepoint   ] Safepoint "Cleanup", Time since last: 1000444280 ns, Reaching safepoint: 9559943 ns, At safepoint: 85400 ns, Total: 9645343 ns
[2023-10-31T03:13:02.839+0000][7][safepoint   ] Safepoint "Cleanup", Time since last: 1001172326 ns, Reaching safepoint: 237937 ns, At safepoint: 10559 ns, Total: 248496 ns
[2023-10-31T03:13:03.840+0000][7][safepoint   ] Safepoint "Cleanup", Time since last: 1000592001 ns, Reaching safepoint: 183193 ns, At safepoint: 25682 ns, Total: 208875 ns
[2023-10-31T03:13:04.844+0000][7][safepoint   ] Safepoint "Cleanup", Time since last: 1003666589 ns, Reaching safepoint: 685474 ns, At safepoint: 68439 ns, Total: 753913 ns
[2023-10-31T03:13:05.846+0000][7][safepoint   ] Safepoint "Cleanup", Time since last: 1001799075 ns, Reaching safepoint: 226134 ns, At safepoint: 10838 ns, Total: 236972 ns
[2023-10-31T03:13:06.847+0000][7][safepoint   ] Safepoint "Cleanup", Time since last: 1000201563 ns, Reaching safepoint: 376371 ns, At safepoint: 54829 ns, Total: 431200 ns
[2023-10-31T03:13:07.847+0000][7][safepoint   ] Safepoint "Cleanup", Time since last: 1000356730 ns, Reaching safepoint: 90036 ns, At safepoint: 12051 ns, Total: 102087 ns
[2023-10-31T03:13:08.848+0000][7][safepoint   ] Safepoint "Cleanup", Time since last: 1000145932 ns, Reaching safepoint: 142399 ns, At safepoint: 16543 ns, Total: 158942 ns
[2023-10-31T03:13:09.848+0000][7][safepoint   ] Safepoint "Cleanup", Time since last: 1000305510 ns, Reaching safepoint: 267424 ns, At safepoint: 52602 ns, Total: 320026 ns
[2023-10-31T03:13:10.867+0000][7][safepoint   ] Safepoint "Cleanup", Time since last: 1011241033 ns, Reaching safepoint: 6966948 ns, At safepoint: 88137 ns, Total: 7055085 ns
[2023-10-31T03:13:11.868+0000][7][safepoint   ] Safepoint "Cleanup", Time since last: 1000323091 ns, Reaching safepoint: 1128471 ns, At safepoint: 59350 ns, Total: 1187821 ns
[2023-10-31T03:13:12.871+0000][7][safepoint   ] Safepoint "Cleanup", Time since last: 1001813282 ns, Reaching safepoint: 495029 ns, At safepoint: 50410 ns, Total: 545439 ns
[2023-10-31T03:13:14.773+0000][7][safepoint   ] Safepoint "Cleanup", Time since last: 1901818751 ns, Reaching safepoint: 278488 ns, At safepoint: 10792 ns, Total: 289280 ns
[2023-10-31T03:13:14.947+0000][7][gc,start    ] GC(24) Pause Young (Normal) (G1 Evacuation Pause)
[2023-10-31T03:13:14.947+0000][7][gc,task     ] GC(24) Using 8 workers of 8 for evacuation
[2023-10-31T03:13:14.947+0000][7][gc,age      ] GC(24) Desired survivor size 20971520 bytes, new threshold 15 (max threshold 15)
[2023-10-31T03:13:14.979+0000][7][gc,age      ] GC(24) Age table with threshold 15 (max threshold 15)
[2023-10-31T03:13:14.979+0000][7][gc,age      ] GC(24) - age   1:    1064072 bytes,    1064072 total
[2023-10-31T03:13:14.979+0000][7][gc,age      ] GC(24) - age   2:     470520 bytes,    1534592 total
[2023-10-31T03:13:14.979+0000][7][gc,age      ] GC(24) - age   3:     540088 bytes,    2074680 total
[2023-10-31T03:13:14.979+0000][7][gc,age      ] GC(24) - age   4:    8475096 bytes,   10549776 total
[2023-10-31T03:13:14.979+0000][7][gc,age      ] GC(24) - age   5:    5965328 bytes,   16515104 total
[2023-10-31T03:13:14.979+0000][7][gc,age      ] GC(24) - age   6:    1579992 bytes,   18095096 total
[2023-10-31T03:13:14.979+0000][7][gc,phases   ] GC(24)   Pre Evacuate Collection Set: 0.4ms
[2023-10-31T03:13:14.979+0000][7][gc,phases   ] GC(24)   Merge Heap Roots: 0.2ms
[2023-10-31T03:13:14.979+0000][7][gc,phases   ] GC(24)   Evacuate Collection Set: 30.3ms
[2023-10-31T03:13:14.979+0000][7][gc,phases   ] GC(24)   Post Evacuate Collection Set: 1.4ms
[2023-10-31T03:13:14.980+0000][7][gc,phases   ] GC(24)   Other: 0.8ms
[2023-10-31T03:13:14.980+0000][7][gc,heap     ] GC(24) Eden regions: 71->0(71)
[2023-10-31T03:13:14.980+0000][7][gc,heap     ] GC(24) Survivor regions: 5->5(10)
[2023-10-31T03:13:14.980+0000][7][gc,heap     ] GC(24) Old regions: 18->18
[2023-10-31T03:13:14.980+0000][7][gc,heap     ] GC(24) Archive regions: 2->2
[2023-10-31T03:13:14.980+0000][7][gc,heap     ] GC(24) Humongous regions: 5->5
[2023-10-31T03:13:14.980+0000][7][gc,metaspace] GC(24) Metaspace: 113573K(115200K)->113573K(115200K) NonClass: 98125K(99136K)->98125K(99136K) Class: 15447K(16064K)->15447K(16064K)
[2023-10-31T03:13:14.980+0000][7][gc          ] GC(24) Pause Young (Normal) (G1 Evacuation Pause) 397M->114M(512M) 33.100ms
[2023-10-31T03:13:14.980+0000][7][gc,cpu      ] GC(24) User=0.13s Sys=0.00s Real=0.03s
[2023-10-31T03:13:14.980+0000][7][safepoint   ] Safepoint "G1CollectForAllocation", Time since last: 172833107 ns, Reaching safepoint: 855272 ns, At safepoint: 33357164 ns, Total: 34212436 ns
[2023-10-31T03:13:15.980+0000][7][safepoint   ] Safepoint "Cleanup", Time since last: 1000200841 ns, Reaching safepoint: 218841 ns, At safepoint: 42621 ns, Total: 261462 ns
[2023-10-31T03:13:16.981+0000][7][safepoint   ] Safepoint "Cleanup", Time since last: 1000317915 ns, Reaching safepoint: 185993 ns, At safepoint: 8119 ns, Total: 194112 ns
[2023-10-31T03:13:17.983+0000][7][safepoint   ] Safepoint "Cleanup", Time since last: 1002108917 ns, Reaching safepoint: 450309 ns, At safepoint: 42509 ns, Total: 492818 ns
[2023-10-31T03:13:18.984+0000][7][safepoint   ] Safepoint "Cleanup", Time since last: 1000369717 ns, Reaching safepoint: 220518 ns, At safepoint: 43664 ns, Total: 264182 ns
[2023-10-31T03:13:20.639+0000][7][safepoint   ] Safepoint "Cleanup", Time since last: 1653924161 ns, Reaching safepoint: 645077 ns, At safepoint: 69885 ns, Total: 714962 ns
[2023-10-31T03:13:21.640+0000][7][safepoint   ] Safepoint "Cleanup", Time since last: 1001322484 ns, Reaching safepoint: 234189 ns, At safepoint: 13397 ns, Total: 247586 ns
[2023-10-31T03:13:22.644+0000][7][safepoint   ] Safepoint "Cleanup", Time since last: 1003597916 ns, Reaching safepoint: 216207 ns, At safepoint: 12647 ns, Total: 228854 ns
[2023-10-31T03:13:23.645+0000][7][safepoint   ] Safepoint "Cleanup", Time since last: 1000443616 ns, Reaching safepoint: 257183 ns, At safepoint: 22109 ns, Total: 279292 ns
[2023-10-31T03:13:24.645+0000][7][safepoint   ] Safepoint "Cleanup", Time since last: 1000266681 ns, Reaching safepoint: 305687 ns, At safepoint: 25292 ns, Total: 330979 ns
[2023-10-31T03:13:25.647+0000][7][safepoint   ] Safepoint "Cleanup", Time since last: 1000281591 ns, Reaching safepoint: 1533379 ns, At safepoint: 55933 ns, Total: 1589312 ns
[2023-10-31T03:13:26.648+0000][7][safepoint   ] Safepoint "Cleanup", Time since last: 1000382749 ns, Reaching safepoint: 492400 ns, At safepoint: 75046 ns, Total: 567446 ns
[2023-10-31T03:13:27.649+0000][7][safepoint   ] Safepoint "Cleanup", Time since last: 1000393485 ns, Reaching safepoint: 108171 ns, At safepoint: 6324 ns, Total: 114495 ns
[2023-10-31T03:13:28.650+0000][7][safepoint   ] Safepoint "Cleanup", Time since last: 1000265605 ns, Reaching safepoint: 768305 ns, At safepoint: 69538 ns, Total: 837843 ns
[2023-10-31T03:13:29.663+0000][7][safepoint   ] Safepoint "Cleanup", Time since last: 1013078181 ns, Reaching safepoint: 517199 ns, At safepoint: 12570 ns, Total: 529769 ns
[2023-10-31T03:13:30.664+0000][7][safepoint   ] Safepoint "Cleanup", Time since last: 1000410442 ns, Reaching safepoint: 245488 ns, At safepoint: 34302 ns, Total: 279790 ns
[2023-10-31T03:13:31.664+0000][7][safepoint   ] Safepoint "Cleanup", Time since last: 1000196979 ns, Reaching safepoint: 176646 ns, At safepoint: 9679 ns, Total: 186325 ns
[2023-10-31T03:13:32.665+0000][7][safepoint   ] Safepoint "Cleanup", Time since last: 1000533835 ns, Reaching safepoint: 413685 ns, At safepoint: 44018 ns, Total: 457703 ns
[2023-10-31T03:13:33.666+0000][7][safepoint   ] Safepoint "Cleanup", Time since last: 1000395627 ns, Reaching safepoint: 265461 ns, At safepoint: 52631 ns, Total: 318092 ns
[2023-10-31T03:13:34.670+0000][7][safepoint   ] Safepoint "Cleanup", Time since last: 1003391253 ns, Reaching safepoint: 839086 ns, At safepoint: 25009 ns, Total: 864095 ns
[2023-10-31T03:13:35.671+0000][7][safepoint   ] Safepoint "Cleanup", Time since last: 1000307021 ns, Reaching safepoint: 378067 ns, At safepoint: 31462 ns, Total: 409529 ns
[2023-10-31T03:13:36.672+0000][7][safepoint   ] Safepoint "Cleanup", Time since last: 1000312602 ns, Reaching safepoint: 273494 ns, At safepoint: 57827 ns, Total: 331321 ns
[2023-10-31T03:13:37.673+0000][7][safepoint   ] Safepoint "Cleanup", Time since last: 1001201290 ns, Reaching safepoint: 75031 ns, At safepoint: 7518 ns, Total: 82549 ns
[2023-10-31T03:13:38.673+0000][7][safepoint   ] Safepoint "Cleanup", Time since last: 1000162368 ns, Reaching safepoint: 208036 ns, At safepoint: 22917 ns, Total: 230953 ns
[2023-10-31T03:13:39.674+0000][7][safepoint   ] Safepoint "Cleanup", Time since last: 1000276575 ns, Reaching safepoint: 352531 ns, At safepoint: 55166 ns, Total: 407697 ns
[2023-10-31T03:13:40.678+0000][7][safepoint   ] Safepoint "Cleanup", Time since last: 1004140800 ns, Reaching safepoint: 86182 ns, At safepoint: 9170 ns, Total: 95352 ns
[2023-10-31T03:13:41.679+0000][7][safepoint   ] Safepoint "Cleanup", Time since last: 1000332569 ns, Reaching safepoint: 731671 ns, At safepoint: 24871 ns, Total: 756542 ns
[2023-10-31T03:13:42.680+0000][7][safepoint   ] Safepoint "Cleanup", Time since last: 1000488471 ns, Reaching safepoint: 289891 ns, At safepoint: 24007 ns, Total: 313898 ns
[2023-10-31T03:13:43.692+0000][7][safepoint   ] Safepoint "Cleanup", Time since last: 1004021298 ns, Reaching safepoint: 7313728 ns, At safepoint: 156207 ns, Total: 7469935 ns
[2023-10-31T03:13:44.117+0000][7][gc,start    ] GC(25) Pause Young (Normal) (G1 Evacuation Pause)
[2023-10-31T03:13:44.117+0000][7][gc,task     ] GC(25) Using 8 workers of 8 for evacuation
[2023-10-31T03:13:44.117+0000][7][gc,age      ] GC(25) Desired survivor size 20971520 bytes, new threshold 15 (max threshold 15)
[2023-10-31T03:13:44.198+0000][7][gc,age      ] GC(25) Age table with threshold 15 (max threshold 15)
[2023-10-31T03:13:44.199+0000][7][gc,age      ] GC(25) - age   1:    2141968 bytes,    2141968 total
[2023-10-31T03:13:44.199+0000][7][gc,age      ] GC(25) - age   2:     428176 bytes,    2570144 total
[2023-10-31T03:13:44.199+0000][7][gc,age      ] GC(25) - age   3:     468056 bytes,    3038200 total
[2023-10-31T03:13:44.199+0000][7][gc,age      ] GC(25) - age   4:     539432 bytes,    3577632 total
[2023-10-31T03:13:44.199+0000][7][gc,age      ] GC(25) - age   5:    8474728 bytes,   12052360 total
[2023-10-31T03:13:44.199+0000][7][gc,age      ] GC(25) - age   6:    5965296 bytes,   18017656 total
[2023-10-31T03:13:44.199+0000][7][gc,age      ] GC(25) - age   7:    1579992 bytes,   19597648 total
[2023-10-31T03:13:44.199+0000][7][gc,phases   ] GC(25)   Pre Evacuate Collection Set: 0.1ms
[2023-10-31T03:13:44.199+0000][7][gc,phases   ] GC(25)   Merge Heap Roots: 0.4ms
[2023-10-31T03:13:44.199+0000][7][gc,phases   ] GC(25)   Evacuate Collection Set: 74.2ms
[2023-10-31T03:13:44.200+0000][7][gc,phases   ] GC(25)   Post Evacuate Collection Set: 6.8ms
[2023-10-31T03:13:44.201+0000][7][gc,phases   ] GC(25)   Other: 1.0ms
[2023-10-31T03:13:44.201+0000][7][gc,heap     ] GC(25) Eden regions: 71->0(71)
[2023-10-31T03:13:44.201+0000][7][gc,heap     ] GC(25) Survivor regions: 5->5(10)
[2023-10-31T03:13:44.201+0000][7][gc,heap     ] GC(25) Old regions: 18->18
[2023-10-31T03:13:44.201+0000][7][gc,heap     ] GC(25) Archive regions: 2->2
[2023-10-31T03:13:44.201+0000][7][gc,heap     ] GC(25) Humongous regions: 5->5
[2023-10-31T03:13:44.201+0000][7][gc,metaspace] GC(25) Metaspace: 113791K(115392K)->113791K(115392K) NonClass: 98343K(99328K)->98343K(99328K) Class: 15447K(16064K)->15447K(16064K)
[2023-10-31T03:13:44.201+0000][7][gc          ] GC(25) Pause Young (Normal) (G1 Evacuation Pause) 398M->115M(512M) 84.574ms
[2023-10-31T03:13:44.201+0000][7][gc,cpu      ] GC(25) User=0.14s Sys=0.02s Real=0.08s
[2023-10-31T03:13:44.220+0000][7][safepoint   ] Safepoint "G1CollectForAllocation", Time since last: 424893085 ns, Reaching safepoint: 136160 ns, At safepoint: 103380651 ns, Total: 103516811 ns
[2023-10-31T03:13:45.221+0000][7][safepoint   ] Safepoint "Cleanup", Time since last: 1000455985 ns, Reaching safepoint: 123602 ns, At safepoint: 10091 ns, Total: 133693 ns
[2023-10-31T03:13:46.222+0000][7][safepoint   ] Safepoint "Cleanup", Time since last: 1000460575 ns, Reaching safepoint: 504895 ns, At safepoint: 51572 ns, Total: 556467 ns
[2023-10-31T03:13:47.223+0000][7][safepoint   ] Safepoint "Cleanup", Time since last: 1000498017 ns, Reaching safepoint: 567877 ns, At safepoint: 52868 ns, Total: 620745 ns
[2023-10-31T03:13:48.227+0000][7][safepoint   ] Safepoint "Cleanup", Time since last: 1003162805 ns, Reaching safepoint: 506297 ns, At safepoint: 45636 ns, Total: 551933 ns
[2023-10-31T03:13:49.231+0000][7][safepoint   ] Safepoint "Cleanup", Time since last: 1000493513 ns, Reaching safepoint: 3826771 ns, At safepoint: 144632 ns, Total: 3971403 ns
[2023-10-31T03:13:50.232+0000][7][safepoint   ] Safepoint "Cleanup", Time since last: 1000461350 ns, Reaching safepoint: 560315 ns, At safepoint: 35329 ns, Total: 595644 ns
[2023-10-31T03:13:51.233+0000][7][safepoint   ] Safepoint "Cleanup", Time since last: 1000335855 ns, Reaching safepoint: 509789 ns, At safepoint: 73816 ns, Total: 583605 ns
[2023-10-31T03:13:52.235+0000][7][safepoint   ] Safepoint "Cleanup", Time since last: 1001526562 ns, Reaching safepoint: 358798 ns, At safepoint: 214753 ns, Total: 573551 ns
[2023-10-31T03:13:53.236+0000][7][safepoint   ] Safepoint "Cleanup", Time since last: 1000472291 ns, Reaching safepoint: 279582 ns, At safepoint: 11146 ns, Total: 290728 ns
[2023-10-31T03:13:54.237+0000][7][safepoint   ] Safepoint "Cleanup", Time since last: 1000412154 ns, Reaching safepoint: 443686 ns, At safepoint: 45432 ns, Total: 489118 ns
[2023-10-31T03:13:55.238+0000][7][safepoint   ] Safepoint "Cleanup", Time since last: 1000374882 ns, Reaching safepoint: 388358 ns, At safepoint: 96149 ns, Total: 484507 ns
[2023-10-31T03:13:56.238+0000][7][safepoint   ] Safepoint "Cleanup", Time since last: 1000470427 ns, Reaching safepoint: 234043 ns, At safepoint: 29785 ns, Total: 263828 ns
[2023-10-31T03:13:57.242+0000][7][safepoint   ] Safepoint "Cleanup", Time since last: 1000637383 ns, Reaching safepoint: 2694398 ns, At safepoint: 116648 ns, Total: 2811046 ns
[2023-10-31T03:13:58.242+0000][7][safepoint   ] Safepoint "Cleanup", Time since last: 1000484307 ns, Reaching safepoint: 189385 ns, At safepoint: 37395 ns, Total: 226780 ns
[2023-10-31T03:13:59.243+0000][7][safepoint   ] Safepoint "Cleanup", Time since last: 1000349658 ns, Reaching safepoint: 548829 ns, At safepoint: 57078 ns, Total: 605907 ns
[2023-10-31T03:14:00.245+0000][7][safepoint   ] Safepoint "Cleanup", Time since last: 1000583792 ns, Reaching safepoint: 508753 ns, At safepoint: 24560 ns, Total: 533313 ns
[2023-10-31T03:14:02.119+0000][7][safepoint   ] Safepoint "Cleanup", Time since last: 1874362549 ns, Reaching safepoint: 121655 ns, At safepoint: 12491 ns, Total: 134146 ns
[2023-10-31T03:14:03.120+0000][7][safepoint   ] Safepoint "Cleanup", Time since last: 1000649103 ns, Reaching safepoint: 341925 ns, At safepoint: 20138 ns, Total: 362063 ns
[2023-10-31T03:14:04.124+0000][7][safepoint   ] Safepoint "Cleanup", Time since last: 1002959273 ns, Reaching safepoint: 1106294 ns, At safepoint: 22607 ns, Total: 1128901 ns
[2023-10-31T03:14:06.125+0000][7][safepoint   ] Safepoint "Cleanup", Time since last: 2000262577 ns, Reaching safepoint: 110765 ns, At safepoint: 12241 ns, Total: 123006 ns
[2023-10-31T03:14:08.127+0000][7][safepoint   ] Safepoint "Cleanup", Time since last: 2001103062 ns, Reaching safepoint: 1035275 ns, At safepoint: 61967 ns, Total: 1097242 ns
[2023-10-31T03:14:09.127+0000][7][safepoint   ] Safepoint "Cleanup", Time since last: 1000452499 ns, Reaching safepoint: 197553 ns, At safepoint: 14286 ns, Total: 211839 ns
[2023-10-31T03:14:11.128+0000][7][safepoint   ] Safepoint "Cleanup", Time since last: 2000478431 ns, Reaching safepoint: 482623 ns, At safepoint: 65592 ns, Total: 548215 ns
[2023-10-31T03:14:11.657+0000][7][gc,start    ] GC(26) Pause Young (Normal) (G1 Evacuation Pause)
[2023-10-31T03:14:11.657+0000][7][gc,task     ] GC(26) Using 8 workers of 8 for evacuation
[2023-10-31T03:14:11.657+0000][7][gc,age      ] GC(26) Desired survivor size 20971520 bytes, new threshold 15 (max threshold 15)
[2023-10-31T03:14:11.700+0000][7][gc,age      ] GC(26) Age table with threshold 15 (max threshold 15)
[2023-10-31T03:14:11.700+0000][7][gc,age      ] GC(26) - age   1:    1429032 bytes,    1429032 total
[2023-10-31T03:14:11.700+0000][7][gc,age      ] GC(26) - age   2:     370528 bytes,    1799560 total
[2023-10-31T03:14:11.700+0000][7][gc,age      ] GC(26) - age   3:     299232 bytes,    2098792 total
[2023-10-31T03:14:11.700+0000][7][gc,age      ] GC(26) - age   4:     467192 bytes,    2565984 total
[2023-10-31T03:14:11.700+0000][7][gc,age      ] GC(26) - age   5:     539136 bytes,    3105120 total
[2023-10-31T03:14:11.700+0000][7][gc,age      ] GC(26) - age   6:    8474592 bytes,   11579712 total
[2023-10-31T03:14:11.700+0000][7][gc,age      ] GC(26) - age   7:    5965192 bytes,   17544904 total
[2023-10-31T03:14:11.700+0000][7][gc,age      ] GC(26) - age   8:    1579992 bytes,   19124896 total
[2023-10-31T03:14:11.700+0000][7][gc,phases   ] GC(26)   Pre Evacuate Collection Set: 0.2ms
[2023-10-31T03:14:11.700+0000][7][gc,phases   ] GC(26)   Merge Heap Roots: 0.2ms
[2023-10-31T03:14:11.700+0000][7][gc,phases   ] GC(26)   Evacuate Collection Set: 36.6ms
[2023-10-31T03:14:11.700+0000][7][gc,phases   ] GC(26)   Post Evacuate Collection Set: 5.5ms
[2023-10-31T03:14:11.700+0000][7][gc,phases   ] GC(26)   Other: 1.1ms
[2023-10-31T03:14:11.700+0000][7][gc,heap     ] GC(26) Eden regions: 71->0(71)
[2023-10-31T03:14:11.700+0000][7][gc,heap     ] GC(26) Survivor regions: 5->5(10)
[2023-10-31T03:14:11.700+0000][7][gc,heap     ] GC(26) Old regions: 18->18
[2023-10-31T03:14:11.700+0000][7][gc,heap     ] GC(26) Archive regions: 2->2
[2023-10-31T03:14:11.700+0000][7][gc,heap     ] GC(26) Humongous regions: 5->5
[2023-10-31T03:14:11.700+0000][7][gc,metaspace] GC(26) Metaspace: 113977K(115648K)->113977K(115648K) NonClass: 98527K(99520K)->98527K(99520K) Class: 15449K(16128K)->15449K(16128K)
[2023-10-31T03:14:11.701+0000][7][gc          ] GC(26) Pause Young (Normal) (G1 Evacuation Pause) 399M->114M(512M) 43.923ms
[2023-10-31T03:14:11.701+0000][7][gc,cpu      ] GC(26) User=0.12s Sys=0.01s Real=0.04s
[2023-10-31T03:14:11.701+0000][7][safepoint   ] Safepoint "G1CollectForAllocation", Time since last: 528003382 ns, Reaching safepoint: 72689 ns, At safepoint: 44496828 ns, Total: 44569517 ns
[2023-10-31T03:14:12.702+0000][7][safepoint   ] Safepoint "Cleanup", Time since last: 1000288782 ns, Reaching safepoint: 341479 ns, At safepoint: 41823 ns, Total: 383302 ns
[2023-10-31T03:14:13.711+0000][7][safepoint   ] Safepoint "Cleanup", Time since last: 1008654963 ns, Reaching safepoint: 676100 ns, At safepoint: 44975 ns, Total: 721075 ns
[2023-10-31T03:14:14.712+0000][7][safepoint   ] Safepoint "Cleanup", Time since last: 1000301073 ns, Reaching safepoint: 302459 ns, At safepoint: 79393 ns, Total: 381852 ns
[2023-10-31T03:14:16.715+0000][7][safepoint   ] Safepoint "Cleanup", Time since last: 2003008484 ns, Reaching safepoint: 515228 ns, At safepoint: 50154 ns, Total: 565382 ns
[2023-10-31T03:14:17.716+0000][7][safepoint   ] Safepoint "Cleanup", Time since last: 1000519714 ns, Reaching safepoint: 153509 ns, At safepoint: 21570 ns, Total: 175079 ns
[2023-10-31T03:14:18.717+0000][7][safepoint   ] Safepoint "Cleanup", Time since last: 1000339637 ns, Reaching safepoint: 201940 ns, At safepoint: 62072 ns, Total: 264012 ns
[2023-10-31T03:14:19.718+0000][7][safepoint   ] Safepoint "Cleanup", Time since last: 1000335392 ns, Reaching safepoint: 660059 ns, At safepoint: 39733 ns, Total: 699792 ns
[2023-10-31T03:14:20.718+0000][7][safepoint   ] Safepoint "Cleanup", Time since last: 1000530051 ns, Reaching safepoint: 117479 ns, At safepoint: 14121 ns, Total: 131600 ns
[2023-10-31T03:14:21.719+0000][7][safepoint   ] Safepoint "Cleanup", Time since last: 1000265569 ns, Reaching safepoint: 187839 ns, At safepoint: 16442 ns, Total: 204281 ns
[2023-10-31T03:14:22.720+0000][7][safepoint   ] Safepoint "Cleanup", Time since last: 1000448584 ns, Reaching safepoint: 708590 ns, At safepoint: 121493 ns, Total: 830083 ns
[2023-10-31T03:14:23.721+0000][7][safepoint   ] Safepoint "Cleanup", Time since last: 1000432974 ns, Reaching safepoint: 340054 ns, At safepoint: 64076 ns, Total: 404130 ns
[2023-10-31T03:14:24.721+0000][7][safepoint   ] Safepoint "Cleanup", Time since last: 1000244412 ns, Reaching safepoint: 78972 ns, At safepoint: 10917 ns, Total: 89889 ns
[2023-10-31T03:14:25.721+0000][7][safepoint   ] Safepoint "Cleanup", Time since last: 1000161946 ns, Reaching safepoint: 97325 ns, At safepoint: 6824 ns, Total: 104149 ns
[2023-10-31T03:14:26.722+0000][7][safepoint   ] Safepoint "Cleanup", Time since last: 1000213942 ns, Reaching safepoint: 184964 ns, At safepoint: 16518 ns, Total: 201482 ns
[2023-10-31T03:14:27.723+0000][7][safepoint   ] Safepoint "Cleanup", Time since last: 1000387814 ns, Reaching safepoint: 519078 ns, At safepoint: 76032 ns, Total: 595110 ns
[2023-10-31T03:14:28.723+0000][7][safepoint   ] Safepoint "Cleanup", Time since last: 1000318326 ns, Reaching safepoint: 265313 ns, At safepoint: 24297 ns, Total: 289610 ns
[2023-10-31T03:14:29.724+0000][7][safepoint   ] Safepoint "Cleanup", Time since last: 1000148363 ns, Reaching safepoint: 70320 ns, At safepoint: 7983 ns, Total: 78303 ns
[2023-10-31T03:14:31.725+0000][7][safepoint   ] Safepoint "Cleanup", Time since last: 2000454049 ns, Reaching safepoint: 311880 ns, At safepoint: 17195 ns, Total: 329075 ns
[2023-10-31T03:14:32.725+0000][7][safepoint   ] Safepoint "Cleanup", Time since last: 1000415855 ns, Reaching safepoint: 370544 ns, At safepoint: 18368 ns, Total: 388912 ns
[2023-10-31T03:14:33.726+0000][7][safepoint   ] Safepoint "Cleanup", Time since last: 1000385061 ns, Reaching safepoint: 462828 ns, At safepoint: 162834 ns, Total: 625662 ns
[2023-10-31T03:14:34.728+0000][7][safepoint   ] Safepoint "Cleanup", Time since last: 1001947732 ns, Reaching safepoint: 152006 ns, At safepoint: 12814 ns, Total: 164820 ns
[2023-10-31T03:14:35.729+0000][7][safepoint   ] Safepoint "Cleanup", Time since last: 1000301951 ns, Reaching safepoint: 446377 ns, At safepoint: 99779 ns, Total: 546156 ns
[2023-10-31T03:14:36.737+0000][7][safepoint   ] Safepoint "Cleanup", Time since last: 1007049253 ns, Reaching safepoint: 495391 ns, At safepoint: 100554 ns, Total: 595945 ns
[2023-10-31T03:14:37.740+0000][7][safepoint   ] Safepoint "Cleanup", Time since last: 1002220705 ns, Reaching safepoint: 468279 ns, At safepoint: 25638 ns, Total: 493917 ns
[2023-10-31T03:14:38.631+0000][7][gc,start    ] GC(27) Pause Young (Normal) (G1 Evacuation Pause)
[2023-10-31T03:14:38.631+0000][7][gc,task     ] GC(27) Using 8 workers of 8 for evacuation
[2023-10-31T03:14:38.632+0000][7][gc,age      ] GC(27) Desired survivor size 20971520 bytes, new threshold 15 (max threshold 15)
[2023-10-31T03:14:38.676+0000][7][gc,age      ] GC(27) Age table with threshold 15 (max threshold 15)
[2023-10-31T03:14:38.676+0000][7][gc,age      ] GC(27) - age   1:    1613328 bytes,    1613328 total
[2023-10-31T03:14:38.676+0000][7][gc,age      ] GC(27) - age   2:     261224 bytes,    1874552 total
[2023-10-31T03:14:38.676+0000][7][gc,age      ] GC(27) - age   3:     192656 bytes,    2067208 total
[2023-10-31T03:14:38.676+0000][7][gc,age      ] GC(27) - age   4:     249192 bytes,    2316400 total
[2023-10-31T03:14:38.676+0000][7][gc,age      ] GC(27) - age   5:     434208 bytes,    2750608 total
[2023-10-31T03:14:38.676+0000][7][gc,age      ] GC(27) - age   6:     539136 bytes,    3289744 total
[2023-10-31T03:14:38.676+0000][7][gc,age      ] GC(27) - age   7:    8458208 bytes,   11747952 total
[2023-10-31T03:14:38.676+0000][7][gc,age      ] GC(27) - age   8:    5964840 bytes,   17712792 total
[2023-10-31T03:14:38.676+0000][7][gc,age      ] GC(27) - age   9:    1579992 bytes,   19292784 total
[2023-10-31T03:14:38.676+0000][7][gc,phases   ] GC(27)   Pre Evacuate Collection Set: 0.2ms
[2023-10-31T03:14:38.676+0000][7][gc,phases   ] GC(27)   Merge Heap Roots: 0.2ms
[2023-10-31T03:14:38.676+0000][7][gc,phases   ] GC(27)   Evacuate Collection Set: 35.9ms
[2023-10-31T03:14:38.676+0000][7][gc,phases   ] GC(27)   Post Evacuate Collection Set: 7.6ms
[2023-10-31T03:14:38.676+0000][7][gc,phases   ] GC(27)   Other: 1.1ms
[2023-10-31T03:14:38.676+0000][7][gc,heap     ] GC(27) Eden regions: 71->0(70)
[2023-10-31T03:14:38.677+0000][7][gc,heap     ] GC(27) Survivor regions: 5->6(10)
[2023-10-31T03:14:38.677+0000][7][gc,heap     ] GC(27) Old regions: 18->18
[2023-10-31T03:14:38.677+0000][7][gc,heap     ] GC(27) Archive regions: 2->2
[2023-10-31T03:14:38.677+0000][7][gc,heap     ] GC(27) Humongous regions: 5->5
[2023-10-31T03:14:38.677+0000][7][gc,metaspace] GC(27) Metaspace: 114171K(115840K)->114171K(115840K) NonClass: 98720K(99712K)->98720K(99712K) Class: 15450K(16128K)->15450K(16128K)
[2023-10-31T03:14:38.677+0000][7][gc          ] GC(27) Pause Young (Normal) (G1 Evacuation Pause) 398M->115M(512M) 45.422ms
[2023-10-31T03:14:38.677+0000][7][gc,cpu      ] GC(27) User=0.16s Sys=0.01s Real=0.05s
[2023-10-31T03:14:38.677+0000][7][safepoint   ] Safepoint "G1CollectForAllocation", Time since last: 891443478 ns, Reaching safepoint: 97685 ns, At safepoint: 45851946 ns, Total: 45949631 ns
[2023-10-31T03:14:39.677+0000][7][safepoint   ] Safepoint "Cleanup", Time since last: 1000216871 ns, Reaching safepoint: 137859 ns, At safepoint: 15063 ns, Total: 152922 ns
[2023-10-31T03:14:40.678+0000][7][safepoint   ] Safepoint "Cleanup", Time since last: 1000227947 ns, Reaching safepoint: 220710 ns, At safepoint: 9879 ns, Total: 230589 ns
[2023-10-31T03:14:41.679+0000][7][safepoint   ] Safepoint "Cleanup", Time since last: 1000338015 ns, Reaching safepoint: 419634 ns, At safepoint: 74789 ns, Total: 494423 ns
[2023-10-31T03:14:42.679+0000][7][safepoint   ] Safepoint "Cleanup", Time since last: 1000369676 ns, Reaching safepoint: 290873 ns, At safepoint: 56178 ns, Total: 347051 ns
[2023-10-31T03:14:43.681+0000][7][safepoint   ] Safepoint "Cleanup", Time since last: 1000496660 ns, Reaching safepoint: 740146 ns, At safepoint: 118354 ns, Total: 858500 ns
[2023-10-31T03:14:44.682+0000][7][safepoint   ] Safepoint "Cleanup", Time since last: 1000473641 ns, Reaching safepoint: 516939 ns, At safepoint: 100929 ns, Total: 617868 ns
[2023-10-31T03:14:45.683+0000][7][safepoint   ] Safepoint "Cleanup", Time since last: 1000422907 ns, Reaching safepoint: 221395 ns, At safepoint: 34704 ns, Total: 256099 ns
[2023-10-31T03:14:46.683+0000][7][safepoint   ] Safepoint "Cleanup", Time since last: 1000370966 ns, Reaching safepoint: 298747 ns, At safepoint: 186106 ns, Total: 484853 ns
[2023-10-31T03:14:47.686+0000][7][safepoint   ] Safepoint "Cleanup", Time since last: 1001859750 ns, Reaching safepoint: 271463 ns, At safepoint: 25363 ns, Total: 296826 ns
[2023-10-31T03:14:48.686+0000][7][safepoint   ] Safepoint "Cleanup", Time since last: 1000470548 ns, Reaching safepoint: 266721 ns, At safepoint: 42515 ns, Total: 309236 ns
[2023-10-31T03:14:49.687+0000][7][safepoint   ] Safepoint "Cleanup", Time since last: 1000294402 ns, Reaching safepoint: 303413 ns, At safepoint: 38548 ns, Total: 341961 ns
[2023-10-31T03:14:50.688+0000][7][safepoint   ] Safepoint "Cleanup", Time since last: 1000473165 ns, Reaching safepoint: 465560 ns, At safepoint: 49029 ns, Total: 514589 ns
[2023-10-31T03:14:51.689+0000][7][safepoint   ] Safepoint "Cleanup", Time since last: 1000432531 ns, Reaching safepoint: 355100 ns, At safepoint: 76198 ns, Total: 431298 ns
[2023-10-31T03:14:52.690+0000][7][safepoint   ] Safepoint "Cleanup", Time since last: 1000528745 ns, Reaching safepoint: 525006 ns, At safepoint: 42869 ns, Total: 567875 ns
[2023-10-31T03:14:53.690+0000][7][safepoint   ] Safepoint "Cleanup", Time since last: 1000274694 ns, Reaching safepoint: 148371 ns, At safepoint: 12539 ns, Total: 160910 ns
[2023-10-31T03:14:54.691+0000][7][safepoint   ] Safepoint "Cleanup", Time since last: 1000256941 ns, Reaching safepoint: 72555 ns, At safepoint: 7607 ns, Total: 80162 ns
[2023-10-31T03:14:55.791+0000][7][safepoint   ] Safepoint "Cleanup", Time since last: 1099605528 ns, Reaching safepoint: 612360 ns, At safepoint: 88465 ns, Total: 700825 ns
[2023-10-31T03:14:56.792+0000][7][safepoint   ] Safepoint "Cleanup", Time since last: 1000502246 ns, Reaching safepoint: 160882 ns, At safepoint: 24082 ns, Total: 184964 ns
[2023-10-31T03:14:58.053+0000][7][safepoint   ] Safepoint "Cleanup", Time since last: 1261042881 ns, Reaching safepoint: 197747 ns, At safepoint: 22939 ns, Total: 220686 ns
[2023-10-31T03:14:59.053+0000][7][safepoint   ] Safepoint "Cleanup", Time since last: 1000193857 ns, Reaching safepoint: 127409 ns, At safepoint: 10229 ns, Total: 137638 ns
[2023-10-31T03:15:00.054+0000][7][safepoint   ] Safepoint "Cleanup", Time since last: 1000271270 ns, Reaching safepoint: 242639 ns, At safepoint: 34737 ns, Total: 277376 ns
[2023-10-31T03:15:01.054+0000][7][safepoint   ] Safepoint "Cleanup", Time since last: 1000226629 ns, Reaching safepoint: 115987 ns, At safepoint: 11973 ns, Total: 127960 ns
[2023-10-31T03:15:02.055+0000][7][safepoint   ] Safepoint "Cleanup", Time since last: 1000270578 ns, Reaching safepoint: 210647 ns, At safepoint: 42524 ns, Total: 253171 ns
[2023-10-31T03:15:02.391+0000][7][gc,start    ] GC(28) Pause Young (Normal) (G1 Evacuation Pause)
[2023-10-31T03:15:02.391+0000][7][gc,task     ] GC(28) Using 8 workers of 8 for evacuation
[2023-10-31T03:15:02.392+0000][7][gc,age      ] GC(28) Desired survivor size 20971520 bytes, new threshold 15 (max threshold 15)
[2023-10-31T03:15:02.446+0000][7][gc,age      ] GC(28) Age table with threshold 15 (max threshold 15)
[2023-10-31T03:15:02.447+0000][7][gc,age      ] GC(28) - age   1:    1759464 bytes,    1759464 total
[2023-10-31T03:15:02.447+0000][7][gc,age      ] GC(28) - age   2:     595312 bytes,    2354776 total
[2023-10-31T03:15:02.447+0000][7][gc,age      ] GC(28) - age   3:     259008 bytes,    2613784 total
[2023-10-31T03:15:02.447+0000][7][gc,age      ] GC(28) - age   4:     191880 bytes,    2805664 total
[2023-10-31T03:15:02.447+0000][7][gc,age      ] GC(28) - age   5:     248920 bytes,    3054584 total
[2023-10-31T03:15:02.447+0000][7][gc,age      ] GC(28) - age   6:     434208 bytes,    3488792 total
[2023-10-31T03:15:02.447+0000][7][gc,age      ] GC(28) - age   7:     539072 bytes,    4027864 total
[2023-10-31T03:15:02.447+0000][7][gc,age      ] GC(28) - age   8:    8457976 bytes,   12485840 total
[2023-10-31T03:15:02.447+0000][7][gc,age      ] GC(28) - age   9:    5964840 bytes,   18450680 total
[2023-10-31T03:15:02.447+0000][7][gc,age      ] GC(28) - age  10:    1579992 bytes,   20030672 total
[2023-10-31T03:15:02.447+0000][7][gc,phases   ] GC(28)   Pre Evacuate Collection Set: 0.3ms
[2023-10-31T03:15:02.447+0000][7][gc,phases   ] GC(28)   Merge Heap Roots: 0.2ms
[2023-10-31T03:15:02.447+0000][7][gc,phases   ] GC(28)   Evacuate Collection Set: 47.6ms
[2023-10-31T03:15:02.447+0000][7][gc,phases   ] GC(28)   Post Evacuate Collection Set: 6.7ms
[2023-10-31T03:15:02.447+0000][7][gc,phases   ] GC(28)   Other: 1.2ms
[2023-10-31T03:15:02.447+0000][7][gc,heap     ] GC(28) Eden regions: 70->0(70)
[2023-10-31T03:15:02.447+0000][7][gc,heap     ] GC(28) Survivor regions: 6->6(10)
[2023-10-31T03:15:02.447+0000][7][gc,heap     ] GC(28) Old regions: 18->18
[2023-10-31T03:15:02.447+0000][7][gc,heap     ] GC(28) Archive regions: 2->2
[2023-10-31T03:15:02.447+0000][7][gc,heap     ] GC(28) Humongous regions: 5->5
[2023-10-31T03:15:02.447+0000][7][gc,metaspace] GC(28) Metaspace: 114344K(115968K)->114344K(115968K) NonClass: 98892K(99840K)->98892K(99840K) Class: 15452K(16128K)->15452K(16128K)
[2023-10-31T03:15:02.448+0000][7][gc          ] GC(28) Pause Young (Normal) (G1 Evacuation Pause) 395M->115M(512M) 56.628ms
[2023-10-31T03:15:02.448+0000][7][gc,cpu      ] GC(28) User=0.15s Sys=0.00s Real=0.06s
[2023-10-31T03:15:02.449+0000][7][safepoint   ] Safepoint "G1CollectForAllocation", Time since last: 335921164 ns, Reaching safepoint: 204128 ns, At safepoint: 58038590 ns, Total: 58242718 ns
[2023-10-31T03:15:04.450+0000][7][safepoint   ] Safepoint "Cleanup", Time since last: 2000417484 ns, Reaching safepoint: 305197 ns, At safepoint: 25563 ns, Total: 330760 ns
[2023-10-31T03:15:05.450+0000][7][safepoint   ] Safepoint "Cleanup", Time since last: 1000334143 ns, Reaching safepoint: 301890 ns, At safepoint: 74557 ns, Total: 376447 ns
[2023-10-31T03:15:06.452+0000][7][safepoint   ] Safepoint "Cleanup", Time since last: 1000539880 ns, Reaching safepoint: 634426 ns, At safepoint: 123911 ns, Total: 758337 ns
[2023-10-31T03:15:08.453+0000][7][safepoint   ] Safepoint "Cleanup", Time since last: 2000700271 ns, Reaching safepoint: 377241 ns, At safepoint: 65416 ns, Total: 442657 ns
[2023-10-31T03:15:09.454+0000][7][safepoint   ] Safepoint "Cleanup", Time since last: 1000544612 ns, Reaching safepoint: 500951 ns, At safepoint: 59098 ns, Total: 560049 ns
[2023-10-31T03:15:10.455+0000][7][safepoint   ] Safepoint "Cleanup", Time since last: 1000491905 ns, Reaching safepoint: 459816 ns, At safepoint: 27453 ns, Total: 487269 ns
[2023-10-31T03:15:11.456+0000][7][safepoint   ] Safepoint "Cleanup", Time since last: 1000393806 ns, Reaching safepoint: 455551 ns, At safepoint: 152041 ns, Total: 607592 ns
[2023-10-31T03:15:12.457+0000][7][safepoint   ] Safepoint "Cleanup", Time since last: 1000887920 ns, Reaching safepoint: 391150 ns, At safepoint: 28860 ns, Total: 420010 ns
[2023-10-31T03:15:14.458+0000][7][safepoint   ] Safepoint "Cleanup", Time since last: 2000777188 ns, Reaching safepoint: 222388 ns, At safepoint: 24385 ns, Total: 246773 ns
[2023-10-31T03:15:15.459+0000][7][safepoint   ] Safepoint "Cleanup", Time since last: 1000350045 ns, Reaching safepoint: 711636 ns, At safepoint: 75870 ns, Total: 787506 ns
[2023-10-31T03:15:16.460+0000][7][safepoint   ] Safepoint "Cleanup", Time since last: 1000467005 ns, Reaching safepoint: 273538 ns, At safepoint: 24544 ns, Total: 298082 ns
[2023-10-31T03:15:17.461+0000][7][safepoint   ] Safepoint "Cleanup", Time since last: 1000500973 ns, Reaching safepoint: 690558 ns, At safepoint: 45813 ns, Total: 736371 ns
[2023-10-31T03:15:18.466+0000][7][safepoint   ] Safepoint "Cleanup", Time since last: 1004191442 ns, Reaching safepoint: 151976 ns, At safepoint: 20667 ns, Total: 172643 ns
[2023-10-31T03:15:19.467+0000][7][safepoint   ] Safepoint "Cleanup", Time since last: 1000403374 ns, Reaching safepoint: 428282 ns, At safepoint: 56094 ns, Total: 484376 ns
[2023-10-31T03:15:20.468+0000][7][safepoint   ] Safepoint "Cleanup", Time since last: 1001073146 ns, Reaching safepoint: 442605 ns, At safepoint: 55929 ns, Total: 498534 ns
[2023-10-31T03:15:21.469+0000][7][safepoint   ] Safepoint "Cleanup", Time since last: 1000284646 ns, Reaching safepoint: 368536 ns, At safepoint: 117502 ns, Total: 486038 ns
[2023-10-31T03:15:22.470+0000][7][safepoint   ] Safepoint "Cleanup", Time since last: 1000700888 ns, Reaching safepoint: 244876 ns, At safepoint: 38894 ns, Total: 283770 ns
[2023-10-31T03:15:23.471+0000][7][safepoint   ] Safepoint "Cleanup", Time since last: 1000469392 ns, Reaching safepoint: 375876 ns, At safepoint: 54631 ns, Total: 430507 ns
[2023-10-31T03:15:24.471+0000][7][safepoint   ] Safepoint "Cleanup", Time since last: 1000316241 ns, Reaching safepoint: 206664 ns, At safepoint: 11524 ns, Total: 218188 ns
[2023-10-31T03:15:25.472+0000][7][safepoint   ] Safepoint "Cleanup", Time since last: 1000325156 ns, Reaching safepoint: 200185 ns, At safepoint: 49133 ns, Total: 249318 ns
[2023-10-31T03:15:26.473+0000][7][safepoint   ] Safepoint "Cleanup", Time since last: 1000641756 ns, Reaching safepoint: 321026 ns, At safepoint: 39125 ns, Total: 360151 ns
[2023-10-31T03:15:27.025+0000][7][gc,start    ] GC(29) Pause Young (Normal) (G1 Evacuation Pause)
[2023-10-31T03:15:27.025+0000][7][gc,task     ] GC(29) Using 8 workers of 8 for evacuation
[2023-10-31T03:15:27.025+0000][7][gc,age      ] GC(29) Desired survivor size 20971520 bytes, new threshold 15 (max threshold 15)
[2023-10-31T03:15:27.065+0000][7][gc,age      ] GC(29) Age table with threshold 15 (max threshold 15)
[2023-10-31T03:15:27.066+0000][7][gc,age      ] GC(29) - age   1:    1561304 bytes,    1561304 total
[2023-10-31T03:15:27.066+0000][7][gc,age      ] GC(29) - age   2:     390224 bytes,    1951528 total
[2023-10-31T03:15:27.066+0000][7][gc,age      ] GC(29) - age   3:     406200 bytes,    2357728 total
[2023-10-31T03:15:27.066+0000][7][gc,age      ] GC(29) - age   4:     258896 bytes,    2616624 total
[2023-10-31T03:15:27.066+0000][7][gc,age      ] GC(29) - age   5:     191752 bytes,    2808376 total
[2023-10-31T03:15:27.066+0000][7][gc,age      ] GC(29) - age   6:     248312 bytes,    3056688 total
[2023-10-31T03:15:27.066+0000][7][gc,age      ] GC(29) - age   7:     434208 bytes,    3490896 total
[2023-10-31T03:15:27.066+0000][7][gc,age      ] GC(29) - age   8:     539072 bytes,    4029968 total
[2023-10-31T03:15:27.066+0000][7][gc,age      ] GC(29) - age   9:    8457768 bytes,   12487736 total
[2023-10-31T03:15:27.066+0000][7][gc,age      ] GC(29) - age  10:    5964840 bytes,   18452576 total
[2023-10-31T03:15:27.066+0000][7][gc,age      ] GC(29) - age  11:    1579992 bytes,   20032568 total
[2023-10-31T03:15:27.067+0000][7][gc,phases   ] GC(29)   Pre Evacuate Collection Set: 0.1ms
[2023-10-31T03:15:27.067+0000][7][gc,phases   ] GC(29)   Merge Heap Roots: 0.1ms
[2023-10-31T03:15:27.067+0000][7][gc,phases   ] GC(29)   Evacuate Collection Set: 34.5ms
[2023-10-31T03:15:27.067+0000][7][gc,phases   ] GC(29)   Post Evacuate Collection Set: 5.6ms
[2023-10-31T03:15:27.067+0000][7][gc,phases   ] GC(29)   Other: 1.5ms
[2023-10-31T03:15:27.067+0000][7][gc,heap     ] GC(29) Eden regions: 70->0(70)
[2023-10-31T03:15:27.067+0000][7][gc,heap     ] GC(29) Survivor regions: 6->6(10)
[2023-10-31T03:15:27.067+0000][7][gc,heap     ] GC(29) Old regions: 18->18
[2023-10-31T03:15:27.067+0000][7][gc,heap     ] GC(29) Archive regions: 2->2
[2023-10-31T03:15:27.067+0000][7][gc,heap     ] GC(29) Humongous regions: 5->5
[2023-10-31T03:15:27.067+0000][7][gc,metaspace] GC(29) Metaspace: 114472K(116096K)->114472K(116096K) NonClass: 99020K(99968K)->99020K(99968K) Class: 15452K(16128K)->15452K(16128K)
[2023-10-31T03:15:27.067+0000][7][gc          ] GC(29) Pause Young (Normal) (G1 Evacuation Pause) 395M->116M(512M) 42.268ms
[2023-10-31T03:15:27.068+0000][7][gc,cpu      ] GC(29) User=0.17s Sys=0.00s Real=0.05s
[2023-10-31T03:15:27.071+0000][7][safepoint   ] Safepoint "G1CollectForAllocation", Time since last: 552012726 ns, Reaching safepoint: 82478 ns, At safepoint: 46260643 ns, Total: 46343121 ns
[2023-10-31T03:15:28.074+0000][7][safepoint   ] Safepoint "Cleanup", Time since last: 1001861521 ns, Reaching safepoint: 334230 ns, At safepoint: 77144 ns, Total: 411374 ns
[2023-10-31T03:15:29.074+0000][7][safepoint   ] Safepoint "Cleanup", Time since last: 1000469585 ns, Reaching safepoint: 441988 ns, At safepoint: 34100 ns, Total: 476088 ns
[2023-10-31T03:15:30.075+0000][7][safepoint   ] Safepoint "Cleanup", Time since last: 1000400022 ns, Reaching safepoint: 241525 ns, At safepoint: 11813 ns, Total: 253338 ns
[2023-10-31T03:15:31.076+0000][7][safepoint   ] Safepoint "Cleanup", Time since last: 1000285511 ns, Reaching safepoint: 178449 ns, At safepoint: 24332 ns, Total: 202781 ns
[2023-10-31T03:15:32.076+0000][7][safepoint   ] Safepoint "Cleanup", Time since last: 1000472866 ns, Reaching safepoint: 218633 ns, At safepoint: 19699 ns, Total: 238332 ns
[2023-10-31T03:15:33.077+0000][7][safepoint   ] Safepoint "Cleanup", Time since last: 1000463828 ns, Reaching safepoint: 521276 ns, At safepoint: 111390 ns, Total: 632666 ns
[2023-10-31T03:15:34.078+0000][7][safepoint   ] Safepoint "Cleanup", Time since last: 1000424937 ns, Reaching safepoint: 236972 ns, At safepoint: 7910 ns, Total: 244882 ns
[2023-10-31T03:15:35.079+0000][7][safepoint   ] Safepoint "Cleanup", Time since last: 1000337687 ns, Reaching safepoint: 410175 ns, At safepoint: 37371 ns, Total: 447546 ns
[2023-10-31T03:15:36.080+0000][7][safepoint   ] Safepoint "Cleanup", Time since last: 1000576317 ns, Reaching safepoint: 609136 ns, At safepoint: 26791 ns, Total: 635927 ns
[2023-10-31T03:15:37.080+0000][7][safepoint   ] Safepoint "Cleanup", Time since last: 1000272180 ns, Reaching safepoint: 113689 ns, At safepoint: 19044 ns, Total: 132733 ns
[2023-10-31T03:15:38.081+0000][7][safepoint   ] Safepoint "Cleanup", Time since last: 1000294622 ns, Reaching safepoint: 328750 ns, At safepoint: 43495 ns, Total: 372245 ns
[2023-10-31T03:15:39.082+0000][7][safepoint   ] Safepoint "Cleanup", Time since last: 1000436102 ns, Reaching safepoint: 421623 ns, At safepoint: 75123 ns, Total: 496746 ns
[2023-10-31T03:15:40.083+0000][7][safepoint   ] Safepoint "Cleanup", Time since last: 1000403242 ns, Reaching safepoint: 108892 ns, At safepoint: 6525 ns, Total: 115417 ns
[2023-10-31T03:15:41.083+0000][7][safepoint   ] Safepoint "Cleanup", Time since last: 1000429848 ns, Reaching safepoint: 371201 ns, At safepoint: 59773 ns, Total: 430974 ns
[2023-10-31T03:15:42.084+0000][7][safepoint   ] Safepoint "Cleanup", Time since last: 1000435536 ns, Reaching safepoint: 134898 ns, At safepoint: 8977 ns, Total: 143875 ns
[2023-10-31T03:15:43.085+0000][7][safepoint   ] Safepoint "Cleanup", Time since last: 1000301587 ns, Reaching safepoint: 383952 ns, At safepoint: 43090 ns, Total: 427042 ns
[2023-10-31T03:15:44.086+0000][7][safepoint   ] Safepoint "Cleanup", Time since last: 1000535310 ns, Reaching safepoint: 262852 ns, At safepoint: 44251 ns, Total: 307103 ns
[2023-10-31T03:15:45.086+0000][7][safepoint   ] Safepoint "Cleanup", Time since last: 1000379478 ns, Reaching safepoint: 379803 ns, At safepoint: 41057 ns, Total: 420860 ns
[2023-10-31T03:15:46.088+0000][7][safepoint   ] Safepoint "Cleanup", Time since last: 1000617804 ns, Reaching safepoint: 511813 ns, At safepoint: 32569 ns, Total: 544382 ns
[2023-10-31T03:15:47.088+0000][7][safepoint   ] Safepoint "Cleanup", Time since last: 1000234441 ns, Reaching safepoint: 65899 ns, At safepoint: 7080 ns, Total: 72979 ns
[2023-10-31T03:15:49.088+0000][7][safepoint   ] Safepoint "Cleanup", Time since last: 2000281491 ns, Reaching safepoint: 104333 ns, At safepoint: 13128 ns, Total: 117461 ns
[2023-10-31T03:15:49.663+0000][7][gc,start    ] GC(30) Pause Young (Normal) (G1 Evacuation Pause)
[2023-10-31T03:15:49.663+0000][7][gc,task     ] GC(30) Using 8 workers of 8 for evacuation
[2023-10-31T03:15:49.664+0000][7][gc,age      ] GC(30) Desired survivor size 20971520 bytes, new threshold 15 (max threshold 15)
[2023-10-31T03:15:49.707+0000][7][gc,age      ] GC(30) Age table with threshold 15 (max threshold 15)
[2023-10-31T03:15:49.707+0000][7][gc,age      ] GC(30) - age   1:    2080280 bytes,    2080280 total
[2023-10-31T03:15:49.707+0000][7][gc,age      ] GC(30) - age   2:     638256 bytes,    2718536 total
[2023-10-31T03:15:49.707+0000][7][gc,age      ] GC(30) - age   3:     253928 bytes,    2972464 total
[2023-10-31T03:15:49.707+0000][7][gc,age      ] GC(30) - age   4:     372056 bytes,    3344520 total
[2023-10-31T03:15:49.707+0000][7][gc,age      ] GC(30) - age   5:     258896 bytes,    3603416 total
[2023-10-31T03:15:49.707+0000][7][gc,age      ] GC(30) - age   6:     191688 bytes,    3795104 total
[2023-10-31T03:15:49.707+0000][7][gc,age      ] GC(30) - age   7:     247168 bytes,    4042272 total
[2023-10-31T03:15:49.707+0000][7][gc,age      ] GC(30) - age   8:     434208 bytes,    4476480 total
[2023-10-31T03:15:49.707+0000][7][gc,age      ] GC(30) - age   9:     431992 bytes,    4908472 total
[2023-10-31T03:15:49.707+0000][7][gc,age      ] GC(30) - age  10:    8457152 bytes,   13365624 total
[2023-10-31T03:15:49.707+0000][7][gc,age      ] GC(30) - age  11:    5964840 bytes,   19330464 total
[2023-10-31T03:15:49.707+0000][7][gc,age      ] GC(30) - age  12:    1579992 bytes,   20910456 total
[2023-10-31T03:15:49.708+0000][7][gc,phases   ] GC(30)   Pre Evacuate Collection Set: 0.5ms
[2023-10-31T03:15:49.708+0000][7][gc,phases   ] GC(30)   Merge Heap Roots: 0.4ms
[2023-10-31T03:15:49.708+0000][7][gc,phases   ] GC(30)   Evacuate Collection Set: 33.6ms
[2023-10-31T03:15:49.708+0000][7][gc,phases   ] GC(30)   Post Evacuate Collection Set: 8.5ms
[2023-10-31T03:15:49.708+0000][7][gc,phases   ] GC(30)   Other: 1.7ms
[2023-10-31T03:15:49.708+0000][7][gc,heap     ] GC(30) Eden regions: 70->0(70)
[2023-10-31T03:15:49.708+0000][7][gc,heap     ] GC(30) Survivor regions: 6->6(10)
[2023-10-31T03:15:49.708+0000][7][gc,heap     ] GC(30) Old regions: 18->18
[2023-10-31T03:15:49.708+0000][7][gc,heap     ] GC(30) Archive regions: 2->2
[2023-10-31T03:15:49.708+0000][7][gc,heap     ] GC(30) Humongous regions: 5->5
[2023-10-31T03:15:49.708+0000][7][gc,metaspace] GC(30) Metaspace: 114576K(116224K)->114576K(116224K) NonClass: 99122K(100096K)->99122K(100096K) Class: 15453K(16128K)->15453K(16128K)
[2023-10-31T03:15:49.708+0000][7][gc          ] GC(30) Pause Young (Normal) (G1 Evacuation Pause) 396M->117M(512M) 44.996ms
[2023-10-31T03:15:49.708+0000][7][gc,cpu      ] GC(30) User=0.17s Sys=0.01s Real=0.05s
[2023-10-31T03:15:49.708+0000][7][safepoint   ] Safepoint "G1CollectForAllocation", Time since last: 574258823 ns, Reaching safepoint: 202817 ns, At safepoint: 45600105 ns, Total: 45802922 ns
[2023-10-31T03:15:50.717+0000][7][safepoint   ] Safepoint "Cleanup", Time since last: 1007570620 ns, Reaching safepoint: 590362 ns, At safepoint: 87075 ns, Total: 677437 ns
[2023-10-31T03:15:51.717+0000][7][safepoint   ] Safepoint "Cleanup", Time since last: 1000472158 ns, Reaching safepoint: 285668 ns, At safepoint: 20521 ns, Total: 306189 ns
[2023-10-31T03:15:52.718+0000][7][safepoint   ] Safepoint "Cleanup", Time since last: 1000369721 ns, Reaching safepoint: 185460 ns, At safepoint: 12279 ns, Total: 197739 ns
[2023-10-31T03:15:53.719+0000][7][safepoint   ] Safepoint "Cleanup", Time since last: 1000722414 ns, Reaching safepoint: 289880 ns, At safepoint: 31696 ns, Total: 321576 ns
[2023-10-31T03:15:54.720+0000][7][safepoint   ] Safepoint "Cleanup", Time since last: 1000548717 ns, Reaching safepoint: 338944 ns, At safepoint: 87608 ns, Total: 426552 ns
[2023-10-31T03:15:55.721+0000][7][safepoint   ] Safepoint "Cleanup", Time since last: 1000612224 ns, Reaching safepoint: 232639 ns, At safepoint: 35422 ns, Total: 268061 ns
[2023-10-31T03:15:56.722+0000][7][safepoint   ] Safepoint "Cleanup", Time since last: 1000478157 ns, Reaching safepoint: 324187 ns, At safepoint: 22269 ns, Total: 346456 ns
[2023-10-31T03:15:58.722+0000][7][safepoint   ] Safepoint "Cleanup", Time since last: 2000431764 ns, Reaching safepoint: 266964 ns, At safepoint: 47444 ns, Total: 314408 ns
[2023-10-31T03:15:59.723+0000][7][safepoint   ] Safepoint "Cleanup", Time since last: 1000288946 ns, Reaching safepoint: 75904 ns, At safepoint: 4614 ns, Total: 80518 ns
[2023-10-31T03:16:01.724+0000][7][safepoint   ] Safepoint "Cleanup", Time since last: 2000386372 ns, Reaching safepoint: 488474 ns, At safepoint: 53141 ns, Total: 541615 ns
[2023-10-31T03:16:02.726+0000][7][safepoint   ] Safepoint "Cleanup", Time since last: 1002367579 ns, Reaching safepoint: 162241 ns, At safepoint: 20261 ns, Total: 182502 ns
[2023-10-31T03:16:03.727+0000][7][safepoint   ] Safepoint "Cleanup", Time since last: 1000406245 ns, Reaching safepoint: 393168 ns, At safepoint: 37658 ns, Total: 430826 ns
[2023-10-31T03:16:04.728+0000][7][safepoint   ] Safepoint "Cleanup", Time since last: 1000537704 ns, Reaching safepoint: 153103 ns, At safepoint: 19915 ns, Total: 173018 ns
[2023-10-31T03:16:05.728+0000][7][safepoint   ] Safepoint "Cleanup", Time since last: 1000285279 ns, Reaching safepoint: 124958 ns, At safepoint: 11276 ns, Total: 136234 ns
[2023-10-31T03:16:06.729+0000][7][safepoint   ] Safepoint "Cleanup", Time since last: 1000295502 ns, Reaching safepoint: 173314 ns, At safepoint: 12745 ns, Total: 186059 ns
[2023-10-31T03:16:07.730+0000][7][safepoint   ] Safepoint "Cleanup", Time since last: 1000450726 ns, Reaching safepoint: 302810 ns, At safepoint: 117200 ns, Total: 420010 ns
[2023-10-31T03:16:09.730+0000][7][safepoint   ] Safepoint "Cleanup", Time since last: 2000458527 ns, Reaching safepoint: 140641 ns, At safepoint: 28143 ns, Total: 168784 ns
[2023-10-31T03:16:10.731+0000][7][safepoint   ] Safepoint "Cleanup", Time since last: 1000354632 ns, Reaching safepoint: 355775 ns, At safepoint: 80385 ns, Total: 436160 ns
[2023-10-31T03:16:11.733+0000][7][safepoint   ] Safepoint "Cleanup", Time since last: 1001063888 ns, Reaching safepoint: 712924 ns, At safepoint: 138479 ns, Total: 851403 ns
[2023-10-31T03:16:11.811+0000][7][gc,start    ] GC(31) Pause Young (Normal) (G1 Evacuation Pause)
[2023-10-31T03:16:11.811+0000][7][gc,task     ] GC(31) Using 8 workers of 8 for evacuation
[2023-10-31T03:16:11.811+0000][7][gc,age      ] GC(31) Desired survivor size 20971520 bytes, new threshold 15 (max threshold 15)
[2023-10-31T03:16:11.846+0000][7][gc,age      ] GC(31) Age table with threshold 15 (max threshold 15)
[2023-10-31T03:16:11.846+0000][7][gc,age      ] GC(31) - age   1:    2278488 bytes,    2278488 total
[2023-10-31T03:16:11.846+0000][7][gc,age      ] GC(31) - age   2:     577616 bytes,    2856104 total
[2023-10-31T03:16:11.846+0000][7][gc,age      ] GC(31) - age   3:     477408 bytes,    3333512 total
[2023-10-31T03:16:11.846+0000][7][gc,age      ] GC(31) - age   4:     252944 bytes,    3586456 total
[2023-10-31T03:16:11.846+0000][7][gc,age      ] GC(31) - age   5:     306440 bytes,    3892896 total
[2023-10-31T03:16:11.846+0000][7][gc,age      ] GC(31) - age   6:     258896 bytes,    4151792 total
[2023-10-31T03:16:11.846+0000][7][gc,age      ] GC(31) - age   7:     191592 bytes,    4343384 total
[2023-10-31T03:16:11.846+0000][7][gc,age      ] GC(31) - age   8:     247104 bytes,    4590488 total
[2023-10-31T03:16:11.846+0000][7][gc,age      ] GC(31) - age   9:     434064 bytes,    5024552 total
[2023-10-31T03:16:11.846+0000][7][gc,age      ] GC(31) - age  10:     431992 bytes,    5456544 total
[2023-10-31T03:16:11.846+0000][7][gc,age      ] GC(31) - age  11:    8433128 bytes,   13889672 total
[2023-10-31T03:16:11.846+0000][7][gc,age      ] GC(31) - age  12:    5964752 bytes,   19854424 total
[2023-10-31T03:16:11.846+0000][7][gc,age      ] GC(31) - age  13:    1552736 bytes,   21407160 total
[2023-10-31T03:16:11.847+0000][7][gc,phases   ] GC(31)   Pre Evacuate Collection Set: 0.4ms
[2023-10-31T03:16:11.847+0000][7][gc,phases   ] GC(31)   Merge Heap Roots: 0.2ms
[2023-10-31T03:16:11.847+0000][7][gc,phases   ] GC(31)   Evacuate Collection Set: 29.6ms
[2023-10-31T03:16:11.847+0000][7][gc,phases   ] GC(31)   Post Evacuate Collection Set: 4.4ms
[2023-10-31T03:16:11.847+0000][7][gc,phases   ] GC(31)   Other: 1.6ms
[2023-10-31T03:16:11.847+0000][7][gc,heap     ] GC(31) Eden regions: 70->0(70)
[2023-10-31T03:16:11.847+0000][7][gc,heap     ] GC(31) Survivor regions: 6->6(10)
[2023-10-31T03:16:11.847+0000][7][gc,heap     ] GC(31) Old regions: 18->18
[2023-10-31T03:16:11.847+0000][7][gc,heap     ] GC(31) Archive regions: 2->2
[2023-10-31T03:16:11.847+0000][7][gc,heap     ] GC(31) Humongous regions: 5->5
[2023-10-31T03:16:11.847+0000][7][gc,metaspace] GC(31) Metaspace: 114677K(116352K)->114677K(116352K) NonClass: 99219K(100224K)->99219K(100224K) Class: 15457K(16128K)->15457K(16128K)
[2023-10-31T03:16:11.847+0000][7][gc          ] GC(31) Pause Young (Normal) (G1 Evacuation Pause) 397M->118M(512M) 36.534ms
[2023-10-31T03:16:11.847+0000][7][gc,cpu      ] GC(31) User=0.13s Sys=0.01s Real=0.04s
[2023-10-31T03:16:11.848+0000][7][safepoint   ] Safepoint "G1CollectForAllocation", Time since last: 77462261 ns, Reaching safepoint: 288806 ns, At safepoint: 37106899 ns, Total: 37395705 ns
[2023-10-31T03:16:12.849+0000][7][safepoint   ] Safepoint "Cleanup", Time since last: 1000338736 ns, Reaching safepoint: 289945 ns, At safepoint: 37059 ns, Total: 327004 ns
[2023-10-31T03:16:13.850+0000][7][safepoint   ] Safepoint "Cleanup", Time since last: 1001438072 ns, Reaching safepoint: 479067 ns, At safepoint: 59480 ns, Total: 538547 ns
[2023-10-31T03:16:14.851+0000][7][safepoint   ] Safepoint "Cleanup", Time since last: 1000540928 ns, Reaching safepoint: 156809 ns, At safepoint: 41955 ns, Total: 198764 ns
[2023-10-31T03:16:15.852+0000][7][safepoint   ] Safepoint "Cleanup", Time since last: 1000613573 ns, Reaching safepoint: 332253 ns, At safepoint: 39459 ns, Total: 371712 ns
[2023-10-31T03:16:16.853+0000][7][safepoint   ] Safepoint "Cleanup", Time since last: 1000475490 ns, Reaching safepoint: 330878 ns, At safepoint: 26380 ns, Total: 357258 ns
[2023-10-31T03:16:17.854+0000][7][safepoint   ] Safepoint "Cleanup", Time since last: 1000314203 ns, Reaching safepoint: 323365 ns, At safepoint: 108601 ns, Total: 431966 ns
[2023-10-31T03:16:18.854+0000][7][safepoint   ] Safepoint "Cleanup", Time since last: 1000286426 ns, Reaching safepoint: 115501 ns, At safepoint: 7771 ns, Total: 123272 ns
[2023-10-31T03:16:19.855+0000][7][safepoint   ] Safepoint "Cleanup", Time since last: 1000217234 ns, Reaching safepoint: 192719 ns, At safepoint: 12342 ns, Total: 205061 ns
[2023-10-31T03:16:21.855+0000][7][safepoint   ] Safepoint "Cleanup", Time since last: 2000490971 ns, Reaching safepoint: 221228 ns, At safepoint: 27873 ns, Total: 249101 ns
[2023-10-31T03:16:22.856+0000][7][safepoint   ] Safepoint "Cleanup", Time since last: 1000436605 ns, Reaching safepoint: 317226 ns, At safepoint: 9145 ns, Total: 326371 ns
[2023-10-31T03:16:23.857+0000][7][safepoint   ] Safepoint "Cleanup", Time since last: 1000309651 ns, Reaching safepoint: 179418 ns, At safepoint: 9395 ns, Total: 188813 ns
[2023-10-31T03:16:24.857+0000][7][safepoint   ] Safepoint "Cleanup", Time since last: 1000226509 ns, Reaching safepoint: 208100 ns, At safepoint: 10636 ns, Total: 218736 ns
[2023-10-31T03:16:25.858+0000][7][safepoint   ] Safepoint "Cleanup", Time since last: 1000400796 ns, Reaching safepoint: 431885 ns, At safepoint: 51058 ns, Total: 482943 ns
[2023-10-31T03:16:26.859+0000][7][safepoint   ] Safepoint "Cleanup", Time since last: 1000506437 ns, Reaching safepoint: 261169 ns, At safepoint: 26867 ns, Total: 288036 ns
[2023-10-31T03:16:28.861+0000][7][safepoint   ] Safepoint "Cleanup", Time since last: 2000562833 ns, Reaching safepoint: 1765875 ns, At safepoint: 90820 ns, Total: 1856695 ns
[2023-10-31T03:16:31.862+0000][7][safepoint   ] Safepoint "Cleanup", Time since last: 3000958945 ns, Reaching safepoint: 191793 ns, At safepoint: 27340 ns, Total: 219133 ns
[2023-10-31T03:16:32.863+0000][7][safepoint   ] Safepoint "Cleanup", Time since last: 1000504872 ns, Reaching safepoint: 540739 ns, At safepoint: 40461 ns, Total: 581200 ns
[2023-10-31T03:16:33.528+0000][7][gc,start    ] GC(32) Pause Young (Normal) (G1 Evacuation Pause)
[2023-10-31T03:16:33.528+0000][7][gc,task     ] GC(32) Using 8 workers of 8 for evacuation
[2023-10-31T03:16:33.528+0000][7][gc,age      ] GC(32) Desired survivor size 20971520 bytes, new threshold 13 (max threshold 15)
[2023-10-31T03:16:33.587+0000][7][gc,age      ] GC(32) Age table with threshold 13 (max threshold 15)
[2023-10-31T03:16:33.587+0000][7][gc,age      ] GC(32) - age   1:    2089416 bytes,    2089416 total
[2023-10-31T03:16:33.587+0000][7][gc,age      ] GC(32) - age   2:     733296 bytes,    2822712 total
[2023-10-31T03:16:33.587+0000][7][gc,age      ] GC(32) - age   3:     447976 bytes,    3270688 total
[2023-10-31T03:16:33.587+0000][7][gc,age      ] GC(32) - age   4:     476040 bytes,    3746728 total
[2023-10-31T03:16:33.587+0000][7][gc,age      ] GC(32) - age   5:     252464 bytes,    3999192 total
[2023-10-31T03:16:33.587+0000][7][gc,age      ] GC(32) - age   6:     306376 bytes,    4305568 total
[2023-10-31T03:16:33.587+0000][7][gc,age      ] GC(32) - age   7:     258896 bytes,    4564464 total
[2023-10-31T03:16:33.587+0000][7][gc,age      ] GC(32) - age   8:     191592 bytes,    4756056 total
[2023-10-31T03:16:33.587+0000][7][gc,age      ] GC(32) - age   9:     247104 bytes,    5003160 total
[2023-10-31T03:16:33.587+0000][7][gc,age      ] GC(32) - age  10:     434000 bytes,    5437160 total
[2023-10-31T03:16:33.587+0000][7][gc,age      ] GC(32) - age  11:     431992 bytes,    5869152 total
[2023-10-31T03:16:33.587+0000][7][gc,age      ] GC(32) - age  12:    8432856 bytes,   14302008 total
[2023-10-31T03:16:33.587+0000][7][gc,age      ] GC(32) - age  13:    5964752 bytes,   20266760 total
[2023-10-31T03:16:33.587+0000][7][gc,phases   ] GC(32)   Pre Evacuate Collection Set: 0.3ms
[2023-10-31T03:16:33.587+0000][7][gc,phases   ] GC(32)   Merge Heap Roots: 0.1ms
[2023-10-31T03:16:33.588+0000][7][gc,phases   ] GC(32)   Evacuate Collection Set: 41.1ms
[2023-10-31T03:16:33.588+0000][7][gc,phases   ] GC(32)   Post Evacuate Collection Set: 16.7ms
[2023-10-31T03:16:33.588+0000][7][gc,phases   ] GC(32)   Other: 1.3ms
[2023-10-31T03:16:33.588+0000][7][gc,heap     ] GC(32) Eden regions: 70->0(70)
[2023-10-31T03:16:33.588+0000][7][gc,heap     ] GC(32) Survivor regions: 6->6(10)
[2023-10-31T03:16:33.588+0000][7][gc,heap     ] GC(32) Old regions: 18->19
[2023-10-31T03:16:33.588+0000][7][gc,heap     ] GC(32) Archive regions: 2->2
[2023-10-31T03:16:33.588+0000][7][gc,heap     ] GC(32) Humongous regions: 5->5
[2023-10-31T03:16:33.588+0000][7][gc,metaspace] GC(32) Metaspace: 114845K(116544K)->114845K(116544K) NonClass: 99387K(100416K)->99387K(100416K) Class: 15458K(16128K)->15458K(16128K)
[2023-10-31T03:16:33.588+0000][7][gc          ] GC(32) Pause Young (Normal) (G1 Evacuation Pause) 398M->118M(512M) 59.872ms
[2023-10-31T03:16:33.588+0000][7][gc,cpu      ] GC(32) User=0.16s Sys=0.01s Real=0.06s
[2023-10-31T03:16:33.588+0000][7][safepoint   ] Safepoint "G1CollectForAllocation", Time since last: 664235649 ns, Reaching safepoint: 199466 ns, At safepoint: 60491052 ns, Total: 60690518 ns
[2023-10-31T03:16:34.589+0000][7][safepoint   ] Safepoint "Cleanup", Time since last: 1000303063 ns, Reaching safepoint: 237474 ns, At safepoint: 58752 ns, Total: 296226 ns
[2023-10-31T03:16:35.590+0000][7][safepoint   ] Safepoint "Cleanup", Time since last: 1000580994 ns, Reaching safepoint: 446296 ns, At safepoint: 60105 ns, Total: 506401 ns
[2023-10-31T03:16:36.591+0000][7][safepoint   ] Safepoint "Cleanup", Time since last: 1000515409 ns, Reaching safepoint: 127288 ns, At safepoint: 15084 ns, Total: 142372 ns
[2023-10-31T03:16:37.591+0000][7][safepoint   ] Safepoint "Cleanup", Time since last: 1000277974 ns, Reaching safepoint: 250642 ns, At safepoint: 16199 ns, Total: 266841 ns
[2023-10-31T03:16:38.593+0000][7][safepoint   ] Safepoint "Cleanup", Time since last: 1000499111 ns, Reaching safepoint: 1195158 ns, At safepoint: 154998 ns, Total: 1350156 ns
[2023-10-31T03:16:39.594+0000][7][safepoint   ] Safepoint "Cleanup", Time since last: 1000405999 ns, Reaching safepoint: 299668 ns, At safepoint: 89512 ns, Total: 389180 ns
[2023-10-31T03:16:40.595+0000][7][safepoint   ] Safepoint "Cleanup", Time since last: 1000515856 ns, Reaching safepoint: 211499 ns, At safepoint: 56377 ns, Total: 267876 ns
[2023-10-31T03:16:41.595+0000][7][safepoint   ] Safepoint "Cleanup", Time since last: 1000423703 ns, Reaching safepoint: 66603 ns, At safepoint: 13813 ns, Total: 80416 ns
[2023-10-31T03:16:42.596+0000][7][safepoint   ] Safepoint "Cleanup", Time since last: 1000226311 ns, Reaching safepoint: 168714 ns, At safepoint: 16869 ns, Total: 185583 ns
[2023-10-31T03:16:43.597+0000][7][safepoint   ] Safepoint "Cleanup", Time since last: 1000395407 ns, Reaching safepoint: 474730 ns, At safepoint: 92480 ns, Total: 567210 ns
[2023-10-31T03:16:44.597+0000][7][safepoint   ] Safepoint "Cleanup", Time since last: 1000392511 ns, Reaching safepoint: 467866 ns, At safepoint: 72673 ns, Total: 540539 ns
[2023-10-31T03:16:46.598+0000][7][safepoint   ] Safepoint "Cleanup", Time since last: 2000410251 ns, Reaching safepoint: 49302 ns, At safepoint: 5231 ns, Total: 54533 ns
[2023-10-31T03:16:49.599+0000][7][safepoint   ] Safepoint "Cleanup", Time since last: 3000573321 ns, Reaching safepoint: 291331 ns, At safepoint: 51192 ns, Total: 342523 ns
[2023-10-31T03:16:50.600+0000][7][safepoint   ] Safepoint "Cleanup", Time since last: 1000755794 ns, Reaching safepoint: 352076 ns, At safepoint: 80567 ns, Total: 432643 ns
[2023-10-31T03:16:51.601+0000][7][safepoint   ] Safepoint "Cleanup", Time since last: 1000399651 ns, Reaching safepoint: 194186 ns, At safepoint: 34617 ns, Total: 228803 ns
[2023-10-31T03:16:52.601+0000][7][safepoint   ] Safepoint "Cleanup", Time since last: 1000422794 ns, Reaching safepoint: 205753 ns, At safepoint: 24552 ns, Total: 230305 ns
[2023-10-31T03:16:52.777+0000][7][gc,start    ] GC(33) Pause Young (Normal) (G1 Evacuation Pause)
[2023-10-31T03:16:52.777+0000][7][gc,task     ] GC(33) Using 8 workers of 8 for evacuation
[2023-10-31T03:16:52.778+0000][7][gc,age      ] GC(33) Desired survivor size 20971520 bytes, new threshold 15 (max threshold 15)
[2023-10-31T03:16:52.821+0000][7][gc,age      ] GC(33) Age table with threshold 15 (max threshold 15)
[2023-10-31T03:16:52.821+0000][7][gc,age      ] GC(33) - age   1:    2800280 bytes,    2800280 total
[2023-10-31T03:16:52.821+0000][7][gc,age      ] GC(33) - age   2:     646912 bytes,    3447192 total
[2023-10-31T03:16:52.821+0000][7][gc,age      ] GC(33) - age   3:     664008 bytes,    4111200 total
[2023-10-31T03:16:52.821+0000][7][gc,age      ] GC(33) - age   4:     446936 bytes,    4558136 total
[2023-10-31T03:16:52.821+0000][7][gc,age      ] GC(33) - age   5:     475880 bytes,    5034016 total
[2023-10-31T03:16:52.821+0000][7][gc,age      ] GC(33) - age   6:     252336 bytes,    5286352 total
[2023-10-31T03:16:52.821+0000][7][gc,age      ] GC(33) - age   7:     306192 bytes,    5592544 total
[2023-10-31T03:16:52.821+0000][7][gc,age      ] GC(33) - age   8:     258896 bytes,    5851440 total
[2023-10-31T03:16:52.821+0000][7][gc,age      ] GC(33) - age   9:     191592 bytes,    6043032 total
[2023-10-31T03:16:52.821+0000][7][gc,age      ] GC(33) - age  10:     247104 bytes,    6290136 total
[2023-10-31T03:16:52.821+0000][7][gc,age      ] GC(33) - age  11:     434000 bytes,    6724136 total
[2023-10-31T03:16:52.821+0000][7][gc,age      ] GC(33) - age  12:     431992 bytes,    7156128 total
[2023-10-31T03:16:52.821+0000][7][gc,age      ] GC(33) - age  13:    7924016 bytes,   15080144 total
[2023-10-31T03:16:52.821+0000][7][gc,age      ] GC(33) - age  14:    5914480 bytes,   20994624 total
[2023-10-31T03:16:52.821+0000][7][gc,phases   ] GC(33)   Pre Evacuate Collection Set: 0.3ms
[2023-10-31T03:16:52.821+0000][7][gc,phases   ] GC(33)   Merge Heap Roots: 0.1ms
[2023-10-31T03:16:52.821+0000][7][gc,phases   ] GC(33)   Evacuate Collection Set: 37.0ms
[2023-10-31T03:16:52.821+0000][7][gc,phases   ] GC(33)   Post Evacuate Collection Set: 5.5ms
[2023-10-31T03:16:52.821+0000][7][gc,phases   ] GC(33)   Other: 1.6ms
[2023-10-31T03:16:52.821+0000][7][gc,heap     ] GC(33) Eden regions: 70->0(70)
[2023-10-31T03:16:52.821+0000][7][gc,heap     ] GC(33) Survivor regions: 6->6(10)
[2023-10-31T03:16:52.822+0000][7][gc,heap     ] GC(33) Old regions: 19->19
[2023-10-31T03:16:52.822+0000][7][gc,heap     ] GC(33) Archive regions: 2->2
[2023-10-31T03:16:52.822+0000][7][gc,heap     ] GC(33) Humongous regions: 5->5
[2023-10-31T03:16:52.822+0000][7][gc,metaspace] GC(33) Metaspace: 114928K(116608K)->114928K(116608K) NonClass: 99470K(100480K)->99470K(100480K) Class: 15458K(16128K)->15458K(16128K)
[2023-10-31T03:16:52.822+0000][7][gc          ] GC(33) Pause Young (Normal) (G1 Evacuation Pause) 398M->118M(512M) 44.824ms
[2023-10-31T03:16:52.822+0000][7][gc,cpu      ] GC(33) User=0.18s Sys=0.01s Real=0.04s
[2023-10-31T03:16:52.822+0000][7][safepoint   ] Safepoint "G1CollectForAllocation", Time since last: 174295364 ns, Reaching safepoint: 948373 ns, At safepoint: 45566883 ns, Total: 46515256 ns
[2023-10-31T03:16:53.822+0000][7][safepoint   ] Safepoint "Cleanup", Time since last: 1000171459 ns, Reaching safepoint: 58772 ns, At safepoint: 4373 ns, Total: 63145 ns
[2023-10-31T03:16:54.823+0000][7][safepoint   ] Safepoint "Cleanup", Time since last: 1000134389 ns, Reaching safepoint: 100151 ns, At safepoint: 6333 ns, Total: 106484 ns
[2023-10-31T03:16:55.823+0000][7][safepoint   ] Safepoint "Cleanup", Time since last: 1000213889 ns, Reaching safepoint: 270564 ns, At safepoint: 30710 ns, Total: 301274 ns
[2023-10-31T03:16:56.824+0000][7][safepoint   ] Safepoint "Cleanup", Time since last: 1000398133 ns, Reaching safepoint: 250022 ns, At safepoint: 48794 ns, Total: 298816 ns
[2023-10-31T03:16:58.726+0000][7][safepoint   ] Safepoint "Cleanup", Time since last: 1901601193 ns, Reaching safepoint: 302323 ns, At safepoint: 38361 ns, Total: 340684 ns
[2023-10-31T03:16:59.726+0000][7][safepoint   ] Safepoint "Cleanup", Time since last: 1000281770 ns, Reaching safepoint: 272665 ns, At safepoint: 31705 ns, Total: 304370 ns
[2023-10-31T03:17:00.727+0000][7][safepoint   ] Safepoint "Cleanup", Time since last: 1000304989 ns, Reaching safepoint: 133095 ns, At safepoint: 9132 ns, Total: 142227 ns
[2023-10-31T03:17:01.728+0000][7][safepoint   ] Safepoint "Cleanup", Time since last: 1000415410 ns, Reaching safepoint: 380961 ns, At safepoint: 114047 ns, Total: 495008 ns
[2023-10-31T03:17:04.729+0000][7][safepoint   ] Safepoint "Cleanup", Time since last: 3000709472 ns, Reaching safepoint: 234973 ns, At safepoint: 53825 ns, Total: 288798 ns
[2023-10-31T03:17:05.729+0000][7][safepoint   ] Safepoint "Cleanup", Time since last: 1000413168 ns, Reaching safepoint: 255500 ns, At safepoint: 58094 ns, Total: 313594 ns
[2023-10-31T03:17:06.784+0000][7][safepoint   ] Safepoint "Cleanup", Time since last: 1054050796 ns, Reaching safepoint: 300635 ns, At safepoint: 38577 ns, Total: 339212 ns
[2023-10-31T03:17:07.784+0000][7][safepoint   ] Safepoint "Cleanup", Time since last: 1000331999 ns, Reaching safepoint: 256764 ns, At safepoint: 28717 ns, Total: 285481 ns
[2023-10-31T03:17:08.785+0000][7][safepoint   ] Safepoint "Cleanup", Time since last: 1000582824 ns, Reaching safepoint: 309676 ns, At safepoint: 39291 ns, Total: 348967 ns
[2023-10-31T03:17:10.787+0000][7][safepoint   ] Safepoint "Cleanup", Time since last: 2000580457 ns, Reaching safepoint: 613399 ns, At safepoint: 123345 ns, Total: 736744 ns
[2023-10-31T03:17:11.788+0000][7][safepoint   ] Safepoint "Cleanup", Time since last: 1000570417 ns, Reaching safepoint: 309040 ns, At safepoint: 84756 ns, Total: 393796 ns
[2023-10-31T03:17:12.788+0000][7][safepoint   ] Safepoint "Cleanup", Time since last: 1000464921 ns, Reaching safepoint: 218843 ns, At safepoint: 42264 ns, Total: 261107 ns
[2023-10-31T03:17:13.667+0000][7][gc,start    ] GC(34) Pause Young (Normal) (G1 Evacuation Pause)
[2023-10-31T03:17:13.667+0000][7][gc,task     ] GC(34) Using 8 workers of 8 for evacuation
[2023-10-31T03:17:13.667+0000][7][gc,age      ] GC(34) Desired survivor size 20971520 bytes, new threshold 14 (max threshold 15)
[2023-10-31T03:17:13.742+0000][7][gc,age      ] GC(34) Age table with threshold 14 (max threshold 15)
[2023-10-31T03:17:13.742+0000][7][gc,age      ] GC(34) - age   1:    1821920 bytes,    1821920 total
[2023-10-31T03:17:13.742+0000][7][gc,age      ] GC(34) - age   2:     442608 bytes,    2264528 total
[2023-10-31T03:17:13.742+0000][7][gc,age      ] GC(34) - age   3:     342552 bytes,    2607080 total
[2023-10-31T03:17:13.742+0000][7][gc,age      ] GC(34) - age   4:     511336 bytes,    3118416 total
[2023-10-31T03:17:13.742+0000][7][gc,age      ] GC(34) - age   5:     446808 bytes,    3565224 total
[2023-10-31T03:17:13.742+0000][7][gc,age      ] GC(34) - age   6:     475504 bytes,    4040728 total
[2023-10-31T03:17:13.742+0000][7][gc,age      ] GC(34) - age   7:     252288 bytes,    4293016 total
[2023-10-31T03:17:13.742+0000][7][gc,age      ] GC(34) - age   8:     306192 bytes,    4599208 total
[2023-10-31T03:17:13.742+0000][7][gc,age      ] GC(34) - age   9:     258896 bytes,    4858104 total
[2023-10-31T03:17:13.742+0000][7][gc,age      ] GC(34) - age  10:     191592 bytes,    5049696 total
[2023-10-31T03:17:13.742+0000][7][gc,age      ] GC(34) - age  11:     247104 bytes,    5296800 total
[2023-10-31T03:17:13.742+0000][7][gc,age      ] GC(34) - age  12:     434000 bytes,    5730800 total
[2023-10-31T03:17:13.742+0000][7][gc,age      ] GC(34) - age  13:     431992 bytes,    6162792 total
[2023-10-31T03:17:13.742+0000][7][gc,age      ] GC(34) - age  14:    7923752 bytes,   14086544 total
[2023-10-31T03:17:13.742+0000][7][gc,phases   ] GC(34)   Pre Evacuate Collection Set: 0.3ms
[2023-10-31T03:17:13.742+0000][7][gc,phases   ] GC(34)   Merge Heap Roots: 0.3ms
[2023-10-31T03:17:13.742+0000][7][gc,phases   ] GC(34)   Evacuate Collection Set: 68.5ms
[2023-10-31T03:17:13.742+0000][7][gc,phases   ] GC(34)   Post Evacuate Collection Set: 4.9ms
[2023-10-31T03:17:13.742+0000][7][gc,phases   ] GC(34)   Other: 1.4ms
[2023-10-31T03:17:13.742+0000][7][gc,heap     ] GC(34) Eden regions: 70->0(72)
[2023-10-31T03:17:13.742+0000][7][gc,heap     ] GC(34) Survivor regions: 6->4(10)
[2023-10-31T03:17:13.742+0000][7][gc,heap     ] GC(34) Old regions: 19->20
[2023-10-31T03:17:13.742+0000][7][gc,heap     ] GC(34) Archive regions: 2->2
[2023-10-31T03:17:13.742+0000][7][gc,heap     ] GC(34) Humongous regions: 5->5
[2023-10-31T03:17:13.742+0000][7][gc,metaspace] GC(34) Metaspace: 114989K(116608K)->114989K(116608K) NonClass: 99530K(100480K)->99530K(100480K) Class: 15458K(16128K)->15458K(16128K)
[2023-10-31T03:17:13.742+0000][7][gc          ] GC(34) Pause Young (Normal) (G1 Evacuation Pause) 398M->118M(512M) 75.679ms
[2023-10-31T03:17:13.743+0000][7][gc,cpu      ] GC(34) User=0.21s Sys=0.03s Real=0.07s
[2023-10-31T03:17:13.743+0000][7][safepoint   ] Safepoint "G1CollectForAllocation", Time since last: 878230988 ns, Reaching safepoint: 122801 ns, At safepoint: 76217953 ns, Total: 76340754 ns
[2023-10-31T03:17:14.744+0000][7][safepoint   ] Safepoint "Cleanup", Time since last: 1000342817 ns, Reaching safepoint: 362401 ns, At safepoint: 58494 ns, Total: 420895 ns
[2023-10-31T03:17:16.745+0000][7][safepoint   ] Safepoint "Cleanup", Time since last: 2000693417 ns, Reaching safepoint: 307885 ns, At safepoint: 119848 ns, Total: 427733 ns
[2023-10-31T03:17:17.884+0000][7][safepoint   ] Safepoint "Cleanup", Time since last: 1139308781 ns, Reaching safepoint: 170664 ns, At safepoint: 16074 ns, Total: 186738 ns
[2023-10-31T03:17:18.885+0000][7][safepoint   ] Safepoint "Cleanup", Time since last: 1000264548 ns, Reaching safepoint: 198090 ns, At safepoint: 73605 ns, Total: 271695 ns
[2023-10-31T03:17:19.885+0000][7][safepoint   ] Safepoint "Cleanup", Time since last: 1000369412 ns, Reaching safepoint: 134583 ns, At safepoint: 12496 ns, Total: 147079 ns
[2023-10-31T03:17:20.886+0000][7][safepoint   ] Safepoint "Cleanup", Time since last: 1000203734 ns, Reaching safepoint: 128702 ns, At safepoint: 16039 ns, Total: 144741 ns
[2023-10-31T03:17:21.886+0000][7][safepoint   ] Safepoint "Cleanup", Time since last: 1000180354 ns, Reaching safepoint: 149799 ns, At safepoint: 12879 ns, Total: 162678 ns
[2023-10-31T03:17:22.887+0000][7][safepoint   ] Safepoint "Cleanup", Time since last: 1000359324 ns, Reaching safepoint: 301711 ns, At safepoint: 37482 ns, Total: 339193 ns
[2023-10-31T03:17:23.888+0000][7][safepoint   ] Safepoint "Cleanup", Time since last: 1000657095 ns, Reaching safepoint: 379375 ns, At safepoint: 16242 ns, Total: 395617 ns
[2023-10-31T03:17:24.888+0000][7][safepoint   ] Safepoint "Cleanup", Time since last: 1000335083 ns, Reaching safepoint: 278807 ns, At safepoint: 17654 ns, Total: 296461 ns
[2023-10-31T03:17:25.890+0000][7][safepoint   ] Safepoint "Cleanup", Time since last: 1000352504 ns, Reaching safepoint: 973040 ns, At safepoint: 112328 ns, Total: 1085368 ns
[2023-10-31T03:17:26.891+0000][7][safepoint   ] Safepoint "Cleanup", Time since last: 1000512659 ns, Reaching safepoint: 331316 ns, At safepoint: 43154 ns, Total: 374470 ns
[2023-10-31T03:17:28.892+0000][7][safepoint   ] Safepoint "Cleanup", Time since last: 2000556098 ns, Reaching safepoint: 224961 ns, At safepoint: 17969 ns, Total: 242930 ns
[2023-10-31T03:17:29.892+0000][7][safepoint   ] Safepoint "Cleanup", Time since last: 1000458001 ns, Reaching safepoint: 353724 ns, At safepoint: 81692 ns, Total: 435416 ns
[2023-10-31T03:17:31.893+0000][7][safepoint   ] Safepoint "Cleanup", Time since last: 2000769581 ns, Reaching safepoint: 230286 ns, At safepoint: 17229 ns, Total: 247515 ns
[2023-10-31T03:17:32.897+0000][7][safepoint   ] Safepoint "Cleanup", Time since last: 1000542837 ns, Reaching safepoint: 2790638 ns, At safepoint: 153508 ns, Total: 2944146 ns
[2023-10-31T03:17:33.905+0000][7][safepoint   ] Safepoint "Cleanup", Time since last: 1008188328 ns, Reaching safepoint: 196288 ns, At safepoint: 13429 ns, Total: 209717 ns
[2023-10-31T03:17:34.906+0000][7][safepoint   ] Safepoint "Cleanup", Time since last: 1000438365 ns, Reaching safepoint: 226806 ns, At safepoint: 20334 ns, Total: 247140 ns
[2023-10-31T03:17:35.907+0000][7][safepoint   ] Safepoint "Cleanup", Time since last: 1000676108 ns, Reaching safepoint: 271922 ns, At safepoint: 12741 ns, Total: 284663 ns
[2023-10-31T03:17:35.954+0000][7][gc,start    ] GC(35) Pause Young (Normal) (G1 Evacuation Pause)
[2023-10-31T03:17:35.955+0000][7][gc,task     ] GC(35) Using 8 workers of 8 for evacuation
[2023-10-31T03:17:35.955+0000][7][gc,age      ] GC(35) Desired survivor size 20971520 bytes, new threshold 15 (max threshold 15)
[2023-10-31T03:17:35.979+0000][7][gc,age      ] GC(35) Age table with threshold 15 (max threshold 15)
[2023-10-31T03:17:35.979+0000][7][gc,age      ] GC(35) - age   1:    1387784 bytes,    1387784 total
[2023-10-31T03:17:35.979+0000][7][gc,age      ] GC(35) - age   2:    1049032 bytes,    2436816 total
[2023-10-31T03:17:35.979+0000][7][gc,age      ] GC(35) - age   3:     407056 bytes,    2843872 total
[2023-10-31T03:17:35.979+0000][7][gc,age      ] GC(35) - age   4:     341544 bytes,    3185416 total
[2023-10-31T03:17:35.979+0000][7][gc,age      ] GC(35) - age   5:     510312 bytes,    3695728 total
[2023-10-31T03:17:35.979+0000][7][gc,age      ] GC(35) - age   6:     446528 bytes,    4142256 total
[2023-10-31T03:17:35.979+0000][7][gc,age      ] GC(35) - age   7:     475376 bytes,    4617632 total
[2023-10-31T03:17:35.979+0000][7][gc,age      ] GC(35) - age   8:     252160 bytes,    4869792 total
[2023-10-31T03:17:35.979+0000][7][gc,age      ] GC(35) - age   9:     305880 bytes,    5175672 total
[2023-10-31T03:17:35.979+0000][7][gc,age      ] GC(35) - age  10:     258896 bytes,    5434568 total
[2023-10-31T03:17:35.979+0000][7][gc,age      ] GC(35) - age  11:     191592 bytes,    5626160 total
[2023-10-31T03:17:35.979+0000][7][gc,age      ] GC(35) - age  12:     247104 bytes,    5873264 total
[2023-10-31T03:17:35.979+0000][7][gc,age      ] GC(35) - age  13:     434000 bytes,    6307264 total
[2023-10-31T03:17:35.979+0000][7][gc,age      ] GC(35) - age  14:     431992 bytes,    6739256 total
[2023-10-31T03:17:35.979+0000][7][gc,age      ] GC(35) - age  15:    7923752 bytes,   14663008 total
[2023-10-31T03:17:35.980+0000][7][gc,phases   ] GC(35)   Pre Evacuate Collection Set: 0.4ms
[2023-10-31T03:17:35.980+0000][7][gc,phases   ] GC(35)   Merge Heap Roots: 0.2ms
[2023-10-31T03:17:35.980+0000][7][gc,phases   ] GC(35)   Evacuate Collection Set: 19.4ms
[2023-10-31T03:17:35.980+0000][7][gc,phases   ] GC(35)   Post Evacuate Collection Set: 4.2ms
[2023-10-31T03:17:35.980+0000][7][gc,phases   ] GC(35)   Other: 1.3ms
[2023-10-31T03:17:35.980+0000][7][gc,heap     ] GC(35) Eden regions: 72->0(72)
[2023-10-31T03:17:35.980+0000][7][gc,heap     ] GC(35) Survivor regions: 4->4(10)
[2023-10-31T03:17:35.980+0000][7][gc,heap     ] GC(35) Old regions: 20->20
[2023-10-31T03:17:35.980+0000][7][gc,heap     ] GC(35) Archive regions: 2->2
[2023-10-31T03:17:35.980+0000][7][gc,heap     ] GC(35) Humongous regions: 5->5
[2023-10-31T03:17:35.980+0000][7][gc,metaspace] GC(35) Metaspace: 115116K(116736K)->115116K(116736K) NonClass: 99657K(100608K)->99657K(100608K) Class: 15458K(16128K)->15458K(16128K)
[2023-10-31T03:17:35.980+0000][7][gc          ] GC(35) Pause Young (Normal) (G1 Evacuation Pause) 406M->117M(512M) 25.627ms
[2023-10-31T03:17:35.980+0000][7][gc,cpu      ] GC(35) User=0.11s Sys=0.00s Real=0.03s
[2023-10-31T03:17:35.980+0000][7][safepoint   ] Safepoint "G1CollectForAllocation", Time since last: 47000137 ns, Reaching safepoint: 179987 ns, At safepoint: 26055817 ns, Total: 26235804 ns
[2023-10-31T03:17:36.981+0000][7][safepoint   ] Safepoint "Cleanup", Time since last: 1000253504 ns, Reaching safepoint: 103547 ns, At safepoint: 18857 ns, Total: 122404 ns
[2023-10-31T03:17:37.981+0000][7][safepoint   ] Safepoint "Cleanup", Time since last: 1000247436 ns, Reaching safepoint: 167679 ns, At safepoint: 19928 ns, Total: 187607 ns
[2023-10-31T03:17:38.981+0000][7][safepoint   ] Safepoint "Cleanup", Time since last: 1000166487 ns, Reaching safepoint: 175372 ns, At safepoint: 6900 ns, Total: 182272 ns
[2023-10-31T03:17:40.982+0000][7][safepoint   ] Safepoint "Cleanup", Time since last: 2000401558 ns, Reaching safepoint: 310137 ns, At safepoint: 38287 ns, Total: 348424 ns
[2023-10-31T03:17:41.983+0000][7][safepoint   ] Safepoint "Cleanup", Time since last: 1000333538 ns, Reaching safepoint: 202790 ns, At safepoint: 10025 ns, Total: 212815 ns
[2023-10-31T03:17:42.983+0000][7][safepoint   ] Safepoint "Cleanup", Time since last: 1000273884 ns, Reaching safepoint: 195351 ns, At safepoint: 15198 ns, Total: 210549 ns
[2023-10-31T03:17:43.985+0000][7][safepoint   ] Safepoint "Cleanup", Time since last: 1000361620 ns, Reaching safepoint: 869133 ns, At safepoint: 104316 ns, Total: 973449 ns
[2023-10-31T03:17:44.985+0000][7][safepoint   ] Safepoint "Cleanup", Time since last: 1000368238 ns, Reaching safepoint: 295859 ns, At safepoint: 21850 ns, Total: 317709 ns
[2023-10-31T03:17:46.986+0000][7][safepoint   ] Safepoint "Cleanup", Time since last: 2000480060 ns, Reaching safepoint: 162339 ns, At safepoint: 14623 ns, Total: 176962 ns
[2023-10-31T03:17:47.986+0000][7][safepoint   ] Safepoint "Cleanup", Time since last: 1000202164 ns, Reaching safepoint: 148746 ns, At safepoint: 14399 ns, Total: 163145 ns
[2023-10-31T03:17:48.987+0000][7][safepoint   ] Safepoint "Cleanup", Time since last: 1000323324 ns, Reaching safepoint: 368537 ns, At safepoint: 119299 ns, Total: 487836 ns
[2023-10-31T03:17:49.987+0000][7][safepoint   ] Safepoint "Cleanup", Time since last: 1000289440 ns, Reaching safepoint: 167915 ns, At safepoint: 14173 ns, Total: 182088 ns
[2023-10-31T03:17:50.988+0000][7][safepoint   ] Safepoint "Cleanup", Time since last: 1000220584 ns, Reaching safepoint: 114418 ns, At safepoint: 7839 ns, Total: 122257 ns
[2023-10-31T03:17:51.988+0000][7][safepoint   ] Safepoint "Cleanup", Time since last: 1000306871 ns, Reaching safepoint: 290388 ns, At safepoint: 47363 ns, Total: 337751 ns
[2023-10-31T03:17:52.989+0000][7][safepoint   ] Safepoint "Cleanup", Time since last: 1000581386 ns, Reaching safepoint: 191941 ns, At safepoint: 24160 ns, Total: 216101 ns
[2023-10-31T03:17:53.990+0000][7][safepoint   ] Safepoint "Cleanup", Time since last: 1000366349 ns, Reaching safepoint: 278578 ns, At safepoint: 64746 ns, Total: 343324 ns
[2023-10-31T03:17:54.990+0000][7][safepoint   ] Safepoint "Cleanup", Time since last: 1000384626 ns, Reaching safepoint: 62680 ns, At safepoint: 10976 ns, Total: 73656 ns
[2023-10-31T03:17:55.991+0000][7][safepoint   ] Safepoint "Cleanup", Time since last: 1000165096 ns, Reaching safepoint: 203129 ns, At safepoint: 20325 ns, Total: 223454 ns
[2023-10-31T03:17:56.555+0000][7][gc,start    ] GC(36) Pause Young (Normal) (G1 Evacuation Pause)
[2023-10-31T03:17:56.555+0000][7][gc,task     ] GC(36) Using 8 workers of 8 for evacuation
[2023-10-31T03:17:56.555+0000][7][gc,age      ] GC(36) Desired survivor size 20971520 bytes, new threshold 15 (max threshold 15)
[2023-10-31T03:17:56.603+0000][7][gc,age      ] GC(36) Age table with threshold 15 (max threshold 15)
[2023-10-31T03:17:56.604+0000][7][gc,age      ] GC(36) - age   1:    2753232 bytes,    2753232 total
[2023-10-31T03:17:56.604+0000][7][gc,age      ] GC(36) - age   2:     551744 bytes,    3304976 total
[2023-10-31T03:17:56.604+0000][7][gc,age      ] GC(36) - age   3:     607336 bytes,    3912312 total
[2023-10-31T03:17:56.604+0000][7][gc,age      ] GC(36) - age   4:     404592 bytes,    4316904 total
[2023-10-31T03:17:56.604+0000][7][gc,age      ] GC(36) - age   5:     308120 bytes,    4625024 total
[2023-10-31T03:17:56.604+0000][7][gc,age      ] GC(36) - age   6:     509432 bytes,    5134456 total
[2023-10-31T03:17:56.604+0000][7][gc,age      ] GC(36) - age   7:     444608 bytes,    5579064 total
[2023-10-31T03:17:56.604+0000][7][gc,age      ] GC(36) - age   8:     475376 bytes,    6054440 total
[2023-10-31T03:17:56.604+0000][7][gc,age      ] GC(36) - age   9:     251952 bytes,    6306392 total
[2023-10-31T03:17:56.604+0000][7][gc,age      ] GC(36) - age  10:     305880 bytes,    6612272 total
[2023-10-31T03:17:56.604+0000][7][gc,age      ] GC(36) - age  11:     229488 bytes,    6841760 total
[2023-10-31T03:17:56.604+0000][7][gc,age      ] GC(36) - age  12:     188816 bytes,    7030576 total
[2023-10-31T03:17:56.604+0000][7][gc,age      ] GC(36) - age  13:     217888 bytes,    7248464 total
[2023-10-31T03:17:56.604+0000][7][gc,age      ] GC(36) - age  14:     321944 bytes,    7570408 total
[2023-10-31T03:17:56.604+0000][7][gc,age      ] GC(36) - age  15:     431728 bytes,    8002136 total
[2023-10-31T03:17:56.604+0000][7][gc,phases   ] GC(36)   Pre Evacuate Collection Set: 0.1ms
[2023-10-31T03:17:56.604+0000][7][gc,phases   ] GC(36)   Merge Heap Roots: 0.1ms
[2023-10-31T03:17:56.604+0000][7][gc,phases   ] GC(36)   Evacuate Collection Set: 37.8ms
[2023-10-31T03:17:56.604+0000][7][gc,phases   ] GC(36)   Post Evacuate Collection Set: 10.1ms
[2023-10-31T03:17:56.604+0000][7][gc,phases   ] GC(36)   Other: 0.7ms
[2023-10-31T03:17:56.604+0000][7][gc,heap     ] GC(36) Eden regions: 72->0(73)
[2023-10-31T03:17:56.604+0000][7][gc,heap     ] GC(36) Survivor regions: 4->3(10)
[2023-10-31T03:17:56.604+0000][7][gc,heap     ] GC(36) Old regions: 20->22
[2023-10-31T03:17:56.604+0000][7][gc,heap     ] GC(36) Archive regions: 2->2
[2023-10-31T03:17:56.604+0000][7][gc,heap     ] GC(36) Humongous regions: 5->5
[2023-10-31T03:17:56.604+0000][7][gc,metaspace] GC(36) Metaspace: 115228K(116864K)->115228K(116864K) NonClass: 99769K(100736K)->99769K(100736K) Class: 15458K(16128K)->15458K(16128K)
[2023-10-31T03:17:56.604+0000][7][gc          ] GC(36) Pause Young (Normal) (G1 Evacuation Pause) 405M->118M(512M) 48.762ms
[2023-10-31T03:17:56.604+0000][7][gc,cpu      ] GC(36) User=0.10s Sys=0.03s Real=0.05s
[2023-10-31T03:17:56.604+0000][7][safepoint   ] Safepoint "G1CollectForAllocation", Time since last: 563829743 ns, Reaching safepoint: 353397 ns, At safepoint: 49020451 ns, Total: 49373848 ns
[2023-10-31T03:17:57.604+0000][7][safepoint   ] Safepoint "Cleanup", Time since last: 1000095184 ns, Reaching safepoint: 72052 ns, At safepoint: 5236 ns, Total: 77288 ns
[2023-10-31T03:17:58.605+0000][7][safepoint   ] Safepoint "Cleanup", Time since last: 1000228782 ns, Reaching safepoint: 351202 ns, At safepoint: 74651 ns, Total: 425853 ns
[2023-10-31T03:17:59.605+0000][7][safepoint   ] Safepoint "Cleanup", Time since last: 1000417837 ns, Reaching safepoint: 207800 ns, At safepoint: 12871 ns, Total: 220671 ns
[2023-10-31T03:18:01.606+0000][7][safepoint   ] Safepoint "Cleanup", Time since last: 2000449755 ns, Reaching safepoint: 123802 ns, At safepoint: 10099 ns, Total: 133901 ns
[2023-10-31T03:18:02.607+0000][7][safepoint   ] Safepoint "Cleanup", Time since last: 1000212857 ns, Reaching safepoint: 194053 ns, At safepoint: 28930 ns, Total: 222983 ns
[2023-10-31T03:18:04.607+0000][7][safepoint   ] Safepoint "Cleanup", Time since last: 2000489080 ns, Reaching safepoint: 345590 ns, At safepoint: 21260 ns, Total: 366850 ns
[2023-10-31T03:18:05.608+0000][7][safepoint   ] Safepoint "Cleanup", Time since last: 1000424683 ns, Reaching safepoint: 169673 ns, At safepoint: 16475 ns, Total: 186148 ns
[2023-10-31T03:18:06.608+0000][7][safepoint   ] Safepoint "Cleanup", Time since last: 1000257498 ns, Reaching safepoint: 83685 ns, At safepoint: 4689 ns, Total: 88374 ns
[2023-10-31T03:18:07.609+0000][7][safepoint   ] Safepoint "Cleanup", Time since last: 1000118253 ns, Reaching safepoint: 98800 ns, At safepoint: 7528 ns, Total: 106328 ns
[2023-10-31T03:18:09.609+0000][7][safepoint   ] Safepoint "Cleanup", Time since last: 2000378568 ns, Reaching safepoint: 315468 ns, At safepoint: 21919 ns, Total: 337387 ns
[2023-10-31T03:18:10.610+0000][7][safepoint   ] Safepoint "Cleanup", Time since last: 1000833691 ns, Reaching safepoint: 181607 ns, At safepoint: 20506 ns, Total: 202113 ns
[2023-10-31T03:18:11.611+0000][7][safepoint   ] Safepoint "Cleanup", Time since last: 1000331645 ns, Reaching safepoint: 181793 ns, At safepoint: 22624 ns, Total: 204417 ns
[2023-10-31T03:18:13.611+0000][7][safepoint   ] Safepoint "Cleanup", Time since last: 2000322726 ns, Reaching safepoint: 114486 ns, At safepoint: 7032 ns, Total: 121518 ns
[2023-10-31T03:18:14.612+0000][7][safepoint   ] Safepoint "Cleanup", Time since last: 1000228101 ns, Reaching safepoint: 275799 ns, At safepoint: 14422 ns, Total: 290221 ns
[2023-10-31T03:18:15.612+0000][7][safepoint   ] Safepoint "Cleanup", Time since last: 1000329006 ns, Reaching safepoint: 277999 ns, At safepoint: 21327 ns, Total: 299326 ns
[2023-10-31T03:18:16.613+0000][7][safepoint   ] Safepoint "Cleanup", Time since last: 1000334488 ns, Reaching safepoint: 415089 ns, At safepoint: 28497 ns, Total: 443586 ns
[2023-10-31T03:18:17.343+0000][7][safepoint   ] Safepoint "G1CollectForAllocation", Time since last: 729570274 ns, Reaching safepoint: 309233 ns, At safepoint: 52869 ns, Total: 362102 ns
[2023-10-31T03:18:17.343+0000][7][gc,start    ] GC(37) Pause Young (Normal) (GCLocker Initiated GC)
[2023-10-31T03:18:17.343+0000][7][gc,task     ] GC(37) Using 8 workers of 8 for evacuation
[2023-10-31T03:18:17.344+0000][7][gc,age      ] GC(37) Desired survivor size 20971520 bytes, new threshold 15 (max threshold 15)
[2023-10-31T03:18:17.360+0000][7][gc,age      ] GC(37) Age table with threshold 15 (max threshold 15)
[2023-10-31T03:18:17.361+0000][7][gc,age      ] GC(37) - age   1:    2374512 bytes,    2374512 total
[2023-10-31T03:18:17.361+0000][7][gc,age      ] GC(37) - age   2:     460456 bytes,    2834968 total
[2023-10-31T03:18:17.361+0000][7][gc,age      ] GC(37) - age   3:     209536 bytes,    3044504 total
[2023-10-31T03:18:17.361+0000][7][gc,age      ] GC(37) - age   4:     446984 bytes,    3491488 total
[2023-10-31T03:18:17.361+0000][7][gc,age      ] GC(37) - age   5:     404352 bytes,    3895840 total
[2023-10-31T03:18:17.361+0000][7][gc,age      ] GC(37) - age   6:     307992 bytes,    4203832 total
[2023-10-31T03:18:17.361+0000][7][gc,age      ] GC(37) - age   7:     509368 bytes,    4713200 total
[2023-10-31T03:18:17.361+0000][7][gc,age      ] GC(37) - age   8:     444608 bytes,    5157808 total
[2023-10-31T03:18:17.361+0000][7][gc,age      ] GC(37) - age   9:     344272 bytes,    5502080 total
[2023-10-31T03:18:17.361+0000][7][gc,age      ] GC(37) - age  10:     251816 bytes,    5753896 total
[2023-10-31T03:18:17.361+0000][7][gc,age      ] GC(37) - age  11:     305880 bytes,    6059776 total
[2023-10-31T03:18:17.361+0000][7][gc,age      ] GC(37) - age  12:     229424 bytes,    6289200 total
[2023-10-31T03:18:17.361+0000][7][gc,age      ] GC(37) - age  13:     188816 bytes,    6478016 total
[2023-10-31T03:18:17.361+0000][7][gc,age      ] GC(37) - age  14:     217888 bytes,    6695904 total
[2023-10-31T03:18:17.361+0000][7][gc,age      ] GC(37) - age  15:     321944 bytes,    7017848 total
[2023-10-31T03:18:17.361+0000][7][gc,phases   ] GC(37)   Pre Evacuate Collection Set: 0.1ms
[2023-10-31T03:18:17.362+0000][7][gc,phases   ] GC(37)   Merge Heap Roots: 0.1ms
[2023-10-31T03:18:17.362+0000][7][gc,phases   ] GC(37)   Evacuate Collection Set: 12.7ms
[2023-10-31T03:18:17.362+0000][7][gc,phases   ] GC(37)   Post Evacuate Collection Set: 3.7ms
[2023-10-31T03:18:17.362+0000][7][gc,phases   ] GC(37)   Other: 1.5ms
[2023-10-31T03:18:17.362+0000][7][gc,heap     ] GC(37) Eden regions: 73->0(74)
[2023-10-31T03:18:17.362+0000][7][gc,heap     ] GC(37) Survivor regions: 3->2(10)
[2023-10-31T03:18:17.362+0000][7][gc,heap     ] GC(37) Old regions: 22->22
[2023-10-31T03:18:17.362+0000][7][gc,heap     ] GC(37) Archive regions: 2->2
[2023-10-31T03:18:17.362+0000][7][gc,heap     ] GC(37) Humongous regions: 5->5
[2023-10-31T03:18:17.362+0000][7][gc,metaspace] GC(37) Metaspace: 115309K(116928K)->115309K(116928K) NonClass: 99851K(100800K)->99851K(100800K) Class: 15458K(16128K)->15458K(16128K)
[2023-10-31T03:18:17.362+0000][7][gc          ] GC(37) Pause Young (Normal) (GCLocker Initiated GC) 410M->118M(512M) 18.716ms
[2023-10-31T03:18:17.362+0000][7][gc,cpu      ] GC(37) User=0.06s Sys=0.02s Real=0.02s
[2023-10-31T03:18:17.362+0000][7][safepoint   ] Safepoint "G1CollectForAllocation", Time since last: 198870 ns, Reaching safepoint: 59346 ns, At safepoint: 18978769 ns, Total: 19038115 ns
[2023-10-31T03:18:18.363+0000][7][safepoint   ] Safepoint "Cleanup", Time since last: 1000207210 ns, Reaching safepoint: 505365 ns, At safepoint: 65042 ns, Total: 570407 ns
[2023-10-31T03:18:19.364+0000][7][safepoint   ] Safepoint "Cleanup", Time since last: 1000417116 ns, Reaching safepoint: 165913 ns, At safepoint: 125537 ns, Total: 291450 ns
[2023-10-31T03:18:20.365+0000][7][safepoint   ] Safepoint "Cleanup", Time since last: 1000273906 ns, Reaching safepoint: 243634 ns, At safepoint: 123420 ns, Total: 367054 ns
[2023-10-31T03:18:21.365+0000][7][safepoint   ] Safepoint "Cleanup", Time since last: 1000499652 ns, Reaching safepoint: 367666 ns, At safepoint: 33546 ns, Total: 401212 ns
[2023-10-31T03:18:23.366+0000][7][safepoint   ] Safepoint "Cleanup", Time since last: 2000607091 ns, Reaching safepoint: 353968 ns, At safepoint: 76811 ns, Total: 430779 ns
[2023-10-31T03:18:24.367+0000][7][safepoint   ] Safepoint "Cleanup", Time since last: 1000458378 ns, Reaching safepoint: 88865 ns, At safepoint: 6405 ns, Total: 95270 ns
[2023-10-31T03:18:25.368+0000][7][safepoint   ] Safepoint "Cleanup", Time since last: 1000273747 ns, Reaching safepoint: 386295 ns, At safepoint: 20794 ns, Total: 407089 ns
[2023-10-31T03:18:26.368+0000][7][safepoint   ] Safepoint "Cleanup", Time since last: 1000460945 ns, Reaching safepoint: 186313 ns, At safepoint: 12997 ns, Total: 199310 ns
[2023-10-31T03:18:29.369+0000][7][safepoint   ] Safepoint "Cleanup", Time since last: 3000361429 ns, Reaching safepoint: 144161 ns, At safepoint: 22936 ns, Total: 167097 ns
[2023-10-31T03:18:32.370+0000][7][safepoint   ] Safepoint "Cleanup", Time since last: 3000600607 ns, Reaching safepoint: 169504 ns, At safepoint: 25514 ns, Total: 195018 ns
[2023-10-31T03:18:33.371+0000][7][safepoint   ] Safepoint "Cleanup", Time since last: 1000454292 ns, Reaching safepoint: 465375 ns, At safepoint: 53199 ns, Total: 518574 ns
[2023-10-31T03:18:34.371+0000][7][safepoint   ] Safepoint "Cleanup", Time since last: 1000514586 ns, Reaching safepoint: 125702 ns, At safepoint: 12076 ns, Total: 137778 ns
[2023-10-31T03:18:35.372+0000][7][safepoint   ] Safepoint "Cleanup", Time since last: 1000185645 ns, Reaching safepoint: 292451 ns, At safepoint: 69432 ns, Total: 361883 ns
[2023-10-31T03:18:36.373+0000][7][safepoint   ] Safepoint "Cleanup", Time since last: 1000534055 ns, Reaching safepoint: 249043 ns, At safepoint: 40504 ns, Total: 289547 ns
[2023-10-31T03:18:38.373+0000][7][safepoint   ] Safepoint "Cleanup", Time since last: 2000571021 ns, Reaching safepoint: 123418 ns, At safepoint: 20902 ns, Total: 144320 ns
[2023-10-31T03:18:39.374+0000][7][safepoint   ] Safepoint "Cleanup", Time since last: 1000440517 ns, Reaching safepoint: 266868 ns, At safepoint: 38380 ns, Total: 305248 ns
[2023-10-31T03:18:40.249+0000][7][gc,start    ] GC(38) Pause Young (Normal) (G1 Evacuation Pause)
[2023-10-31T03:18:40.249+0000][7][gc,task     ] GC(38) Using 8 workers of 8 for evacuation
[2023-10-31T03:18:40.249+0000][7][gc,age      ] GC(38) Desired survivor size 20971520 bytes, new threshold 15 (max threshold 15)
[2023-10-31T03:18:40.260+0000][7][gc,age      ] GC(38) Age table with threshold 15 (max threshold 15)
[2023-10-31T03:18:40.260+0000][7][gc,age      ] GC(38) - age   1:    1416936 bytes,    1416936 total
[2023-10-31T03:18:40.260+0000][7][gc,age      ] GC(38) - age   2:    1270824 bytes,    2687760 total
[2023-10-31T03:18:40.260+0000][7][gc,age      ] GC(38) - age   3:     452528 bytes,    3140288 total
[2023-10-31T03:18:40.260+0000][7][gc,age      ] GC(38) - age   4:     207968 bytes,    3348256 total
[2023-10-31T03:18:40.260+0000][7][gc,age      ] GC(38) - age   5:     446696 bytes,    3794952 total
[2023-10-31T03:18:40.260+0000][7][gc,age      ] GC(38) - age   6:     403856 bytes,    4198808 total
[2023-10-31T03:18:40.260+0000][7][gc,age      ] GC(38) - age   7:     307552 bytes,    4506360 total
[2023-10-31T03:18:40.260+0000][7][gc,age      ] GC(38) - age   8:     509368 bytes,    5015728 total
[2023-10-31T03:18:40.260+0000][7][gc,age      ] GC(38) - age   9:     444608 bytes,    5460336 total
[2023-10-31T03:18:40.260+0000][7][gc,age      ] GC(38) - age  10:     344272 bytes,    5804608 total
[2023-10-31T03:18:40.260+0000][7][gc,age      ] GC(38) - age  11:     251752 bytes,    6056360 total
[2023-10-31T03:18:40.260+0000][7][gc,age      ] GC(38) - age  12:     305880 bytes,    6362240 total
[2023-10-31T03:18:40.260+0000][7][gc,age      ] GC(38) - age  13:     229424 bytes,    6591664 total
[2023-10-31T03:18:40.260+0000][7][gc,age      ] GC(38) - age  14:     188816 bytes,    6780480 total
[2023-10-31T03:18:40.260+0000][7][gc,age      ] GC(38) - age  15:     217824 bytes,    6998304 total
[2023-10-31T03:18:40.260+0000][7][gc,phases   ] GC(38)   Pre Evacuate Collection Set: 0.4ms
[2023-10-31T03:18:40.260+0000][7][gc,phases   ] GC(38)   Merge Heap Roots: 0.3ms
[2023-10-31T03:18:40.260+0000][7][gc,phases   ] GC(38)   Evacuate Collection Set: 8.9ms
[2023-10-31T03:18:40.260+0000][7][gc,phases   ] GC(38)   Post Evacuate Collection Set: 0.9ms
[2023-10-31T03:18:40.260+0000][7][gc,phases   ] GC(38)   Other: 1.2ms
[2023-10-31T03:18:40.260+0000][7][gc,heap     ] GC(38) Eden regions: 74->0(74)
[2023-10-31T03:18:40.260+0000][7][gc,heap     ] GC(38) Survivor regions: 2->2(10)
[2023-10-31T03:18:40.260+0000][7][gc,heap     ] GC(38) Old regions: 22->22
[2023-10-31T03:18:40.260+0000][7][gc,heap     ] GC(38) Archive regions: 2->2
[2023-10-31T03:18:40.260+0000][7][gc,heap     ] GC(38) Humongous regions: 5->5
[2023-10-31T03:18:40.260+0000][7][gc,metaspace] GC(38) Metaspace: 115404K(116992K)->115404K(116992K) NonClass: 99944K(100864K)->99944K(100864K) Class: 15459K(16128K)->15459K(16128K)
[2023-10-31T03:18:40.260+0000][7][gc          ] GC(38) Pause Young (Normal) (G1 Evacuation Pause) 414M->118M(512M) 11.764ms
[2023-10-31T03:18:40.261+0000][7][gc,cpu      ] GC(38) User=0.04s Sys=0.02s Real=0.01s
[2023-10-31T03:18:40.261+0000][7][safepoint   ] Safepoint "G1CollectForAllocation", Time since last: 874152754 ns, Reaching safepoint: 186997 ns, At safepoint: 12149460 ns, Total: 12336457 ns
[2023-10-31T03:18:41.261+0000][7][safepoint   ] Safepoint "Cleanup", Time since last: 1000211155 ns, Reaching safepoint: 165711 ns, At safepoint: 7078 ns, Total: 172789 ns
[2023-10-31T03:18:42.262+0000][7][safepoint   ] Safepoint "Cleanup", Time since last: 1000272042 ns, Reaching safepoint: 240613 ns, At safepoint: 57071 ns, Total: 297684 ns
[2023-10-31T03:18:44.262+0000][7][safepoint   ] Safepoint "Cleanup", Time since last: 2000577209 ns, Reaching safepoint: 256249 ns, At safepoint: 72219 ns, Total: 328468 ns
[2023-10-31T03:18:45.263+0000][7][safepoint   ] Safepoint "Cleanup", Time since last: 1000587790 ns, Reaching safepoint: 218584 ns, At safepoint: 23857 ns, Total: 242441 ns
[2023-10-31T03:18:47.265+0000][7][safepoint   ] Safepoint "Cleanup", Time since last: 2000991214 ns, Reaching safepoint: 175510 ns, At safepoint: 45298 ns, Total: 220808 ns
[2023-10-31T03:18:49.265+0000][7][safepoint   ] Safepoint "Cleanup", Time since last: 2000505793 ns, Reaching safepoint: 169190 ns, At safepoint: 13942 ns, Total: 183132 ns
[2023-10-31T03:18:50.266+0000][7][safepoint   ] Safepoint "Cleanup", Time since last: 1000346124 ns, Reaching safepoint: 490951 ns, At safepoint: 39073 ns, Total: 530024 ns
[2023-10-31T03:18:52.267+0000][7][safepoint   ] Safepoint "Cleanup", Time since last: 2000543665 ns, Reaching safepoint: 144199 ns, At safepoint: 26854 ns, Total: 171053 ns
[2023-10-31T03:18:53.267+0000][7][safepoint   ] Safepoint "Cleanup", Time since last: 1000315434 ns, Reaching safepoint: 221308 ns, At safepoint: 15624 ns, Total: 236932 ns
[2023-10-31T03:18:54.268+0000][7][safepoint   ] Safepoint "Cleanup", Time since last: 1000600304 ns, Reaching safepoint: 322671 ns, At safepoint: 18451 ns, Total: 341122 ns
[2023-10-31T03:18:55.269+0000][7][safepoint   ] Safepoint "Cleanup", Time since last: 1000485438 ns, Reaching safepoint: 188538 ns, At safepoint: 45364 ns, Total: 233902 ns
[2023-10-31T03:18:57.270+0000][7][safepoint   ] Safepoint "Cleanup", Time since last: 2000397937 ns, Reaching safepoint: 305639 ns, At safepoint: 19896 ns, Total: 325535 ns
[2023-10-31T03:18:59.271+0000][7][safepoint   ] Safepoint "Cleanup", Time since last: 2000394928 ns, Reaching safepoint: 373904 ns, At safepoint: 40048 ns, Total: 413952 ns
[2023-10-31T03:19:02.271+0000][7][safepoint   ] Safepoint "Cleanup", Time since last: 3000561096 ns, Reaching safepoint: 158408 ns, At safepoint: 15211 ns, Total: 173619 ns
[2023-10-31T03:19:02.460+0000][7][gc,start    ] GC(39) Pause Young (Normal) (G1 Evacuation Pause)
[2023-10-31T03:19:02.460+0000][7][gc,task     ] GC(39) Using 8 workers of 8 for evacuation
[2023-10-31T03:19:02.460+0000][7][gc,age      ] GC(39) Desired survivor size 20971520 bytes, new threshold 15 (max threshold 15)
[2023-10-31T03:19:02.475+0000][7][gc,age      ] GC(39) Age table with threshold 15 (max threshold 15)
[2023-10-31T03:19:02.475+0000][7][gc,age      ] GC(39) - age   1:    2599344 bytes,    2599344 total
[2023-10-31T03:19:02.475+0000][7][gc,age      ] GC(39) - age   2:     577520 bytes,    3176864 total
[2023-10-31T03:19:02.475+0000][7][gc,age      ] GC(39) - age   3:     712248 bytes,    3889112 total
[2023-10-31T03:19:02.475+0000][7][gc,age      ] GC(39) - age   4:     417792 bytes,    4306904 total
[2023-10-31T03:19:02.475+0000][7][gc,age      ] GC(39) - age   5:     206368 bytes,    4513272 total
[2023-10-31T03:19:02.475+0000][7][gc,age      ] GC(39) - age   6:     446696 bytes,    4959968 total
[2023-10-31T03:19:02.475+0000][7][gc,age      ] GC(39) - age   7:     403856 bytes,    5363824 total
[2023-10-31T03:19:02.475+0000][7][gc,age      ] GC(39) - age   8:     307552 bytes,    5671376 total
[2023-10-31T03:19:02.475+0000][7][gc,age      ] GC(39) - age   9:     378248 bytes,    6049624 total
[2023-10-31T03:19:02.475+0000][7][gc,age      ] GC(39) - age  10:     444608 bytes,    6494232 total
[2023-10-31T03:19:02.475+0000][7][gc,age      ] GC(39) - age  11:     344272 bytes,    6838504 total
[2023-10-31T03:19:02.475+0000][7][gc,age      ] GC(39) - age  12:     251752 bytes,    7090256 total
[2023-10-31T03:19:02.475+0000][7][gc,age      ] GC(39) - age  13:     305880 bytes,    7396136 total
[2023-10-31T03:19:02.475+0000][7][gc,age      ] GC(39) - age  14:     229424 bytes,    7625560 total
[2023-10-31T03:19:02.475+0000][7][gc,age      ] GC(39) - age  15:     188816 bytes,    7814376 total
[2023-10-31T03:19:02.476+0000][7][gc,phases   ] GC(39)   Pre Evacuate Collection Set: 0.1ms
[2023-10-31T03:19:02.476+0000][7][gc,phases   ] GC(39)   Merge Heap Roots: 0.1ms
[2023-10-31T03:19:02.476+0000][7][gc,phases   ] GC(39)   Evacuate Collection Set: 11.5ms
[2023-10-31T03:19:02.476+0000][7][gc,phases   ] GC(39)   Post Evacuate Collection Set: 3.5ms
[2023-10-31T03:19:02.476+0000][7][gc,phases   ] GC(39)   Other: 0.9ms
[2023-10-31T03:19:02.476+0000][7][gc,heap     ] GC(39) Eden regions: 74->0(74)
[2023-10-31T03:19:02.476+0000][7][gc,heap     ] GC(39) Survivor regions: 2->2(10)
[2023-10-31T03:19:02.476+0000][7][gc,heap     ] GC(39) Old regions: 22->22
[2023-10-31T03:19:02.476+0000][7][gc,heap     ] GC(39) Archive regions: 2->2
[2023-10-31T03:19:02.476+0000][7][gc,heap     ] GC(39) Humongous regions: 5->5
[2023-10-31T03:19:02.476+0000][7][gc,metaspace] GC(39) Metaspace: 115465K(117056K)->115465K(117056K) NonClass: 100005K(100928K)->100005K(100928K) Class: 15459K(16128K)->15459K(16128K)
[2023-10-31T03:19:02.476+0000][7][gc          ] GC(39) Pause Young (Normal) (G1 Evacuation Pause) 414M->119M(512M) 16.390ms
[2023-10-31T03:19:02.476+0000][7][gc,cpu      ] GC(39) User=0.05s Sys=0.00s Real=0.01s
[2023-10-31T03:19:02.476+0000][7][safepoint   ] Safepoint "G1CollectForAllocation", Time since last: 188240525 ns, Reaching safepoint: 38763 ns, At safepoint: 16817492 ns, Total: 16856255 ns
[2023-10-31T03:19:03.477+0000][7][safepoint   ] Safepoint "Cleanup", Time since last: 1000376018 ns, Reaching safepoint: 405329 ns, At safepoint: 40525 ns, Total: 445854 ns
[2023-10-31T03:19:04.478+0000][7][safepoint   ] Safepoint "Cleanup", Time since last: 1000568851 ns, Reaching safepoint: 287733 ns, At safepoint: 46685 ns, Total: 334418 ns
[2023-10-31T03:19:05.479+0000][7][safepoint   ] Safepoint "Cleanup", Time since last: 1000474468 ns, Reaching safepoint: 351301 ns, At safepoint: 86261 ns, Total: 437562 ns
[2023-10-31T03:19:06.480+0000][7][safepoint   ] Safepoint "Cleanup", Time since last: 1000468531 ns, Reaching safepoint: 540618 ns, At safepoint: 59845 ns, Total: 600463 ns
[2023-10-31T03:19:07.481+0000][7][safepoint   ] Safepoint "Cleanup", Time since last: 1000501132 ns, Reaching safepoint: 280927 ns, At safepoint: 27430 ns, Total: 308357 ns
[2023-10-31T03:19:08.482+0000][7][safepoint   ] Safepoint "Cleanup", Time since last: 1000478422 ns, Reaching safepoint: 245962 ns, At safepoint: 16063 ns, Total: 262025 ns
[2023-10-31T03:19:09.482+0000][7][safepoint   ] Safepoint "Cleanup", Time since last: 1000358848 ns, Reaching safepoint: 316987 ns, At safepoint: 26525 ns, Total: 343512 ns
[2023-10-31T03:19:11.483+0000][7][safepoint   ] Safepoint "Cleanup", Time since last: 2000831847 ns, Reaching safepoint: 147070 ns, At safepoint: 13611 ns, Total: 160681 ns
[2023-10-31T03:19:14.484+0000][7][safepoint   ] Safepoint "Cleanup", Time since last: 3000448870 ns, Reaching safepoint: 211929 ns, At safepoint: 28967 ns, Total: 240896 ns
[2023-10-31T03:19:15.485+0000][7][safepoint   ] Safepoint "Cleanup", Time since last: 1000268127 ns, Reaching safepoint: 281747 ns, At safepoint: 22769 ns, Total: 304516 ns
[2023-10-31T03:19:16.485+0000][7][safepoint   ] Safepoint "Cleanup", Time since last: 1000243482 ns, Reaching safepoint: 153464 ns, At safepoint: 18036 ns, Total: 171500 ns
[2023-10-31T03:19:17.485+0000][7][safepoint   ] Safepoint "Cleanup", Time since last: 1000249807 ns, Reaching safepoint: 75655 ns, At safepoint: 7760 ns, Total: 83415 ns
[2023-10-31T03:19:19.486+0000][7][safepoint   ] Safepoint "Cleanup", Time since last: 2000304491 ns, Reaching safepoint: 102638 ns, At safepoint: 8981 ns, Total: 111619 ns
[2023-10-31T03:19:20.486+0000][7][safepoint   ] Safepoint "Cleanup", Time since last: 1000174626 ns, Reaching safepoint: 78085 ns, At safepoint: 15405 ns, Total: 93490 ns
[2023-10-31T03:19:21.487+0000][7][safepoint   ] Safepoint "Cleanup", Time since last: 1000309988 ns, Reaching safepoint: 400933 ns, At safepoint: 55232 ns, Total: 456165 ns
[2023-10-31T03:19:23.488+0000][7][safepoint   ] Safepoint "Cleanup", Time since last: 2000411147 ns, Reaching safepoint: 336713 ns, At safepoint: 30977 ns, Total: 367690 ns
[2023-10-31T03:19:24.488+0000][7][safepoint   ] Safepoint "Cleanup", Time since last: 1000373249 ns, Reaching safepoint: 242423 ns, At safepoint: 12784 ns, Total: 255207 ns
[2023-10-31T03:19:24.552+0000][7][gc,start    ] GC(40) Pause Young (Normal) (G1 Evacuation Pause)
[2023-10-31T03:19:24.552+0000][7][gc,task     ] GC(40) Using 8 workers of 8 for evacuation
[2023-10-31T03:19:24.552+0000][7][gc,age      ] GC(40) Desired survivor size 20971520 bytes, new threshold 15 (max threshold 15)
[2023-10-31T03:19:24.561+0000][7][gc,age      ] GC(40) Age table with threshold 15 (max threshold 15)
[2023-10-31T03:19:24.562+0000][7][gc,age      ] GC(40) - age   1:    1122704 bytes,    1122704 total
[2023-10-31T03:19:24.562+0000][7][gc,age      ] GC(40) - age   2:    1039080 bytes,    2161784 total
[2023-10-31T03:19:24.562+0000][7][gc,age      ] GC(40) - age   3:     237424 bytes,    2399208 total
[2023-10-31T03:19:24.562+0000][7][gc,age      ] GC(40) - age   4:     711320 bytes,    3110528 total
[2023-10-31T03:19:24.562+0000][7][gc,age      ] GC(40) - age   5:     417576 bytes,    3528104 total
[2023-10-31T03:19:24.562+0000][7][gc,age      ] GC(40) - age   6:     206368 bytes,    3734472 total
[2023-10-31T03:19:24.562+0000][7][gc,age      ] GC(40) - age   7:     270920 bytes,    4005392 total
[2023-10-31T03:19:24.562+0000][7][gc,age      ] GC(40) - age   8:     403856 bytes,    4409248 total
[2023-10-31T03:19:24.562+0000][7][gc,age      ] GC(40) - age   9:     307552 bytes,    4716800 total
[2023-10-31T03:19:24.562+0000][7][gc,age      ] GC(40) - age  10:     378248 bytes,    5095048 total
[2023-10-31T03:19:24.562+0000][7][gc,age      ] GC(40) - age  11:     444608 bytes,    5539656 total
[2023-10-31T03:19:24.562+0000][7][gc,age      ] GC(40) - age  12:     344272 bytes,    5883928 total
[2023-10-31T03:19:24.562+0000][7][gc,age      ] GC(40) - age  13:     251752 bytes,    6135680 total
[2023-10-31T03:19:24.562+0000][7][gc,age      ] GC(40) - age  14:     305880 bytes,    6441560 total
[2023-10-31T03:19:24.562+0000][7][gc,age      ] GC(40) - age  15:     229424 bytes,    6670984 total
[2023-10-31T03:19:24.562+0000][7][gc,phases   ] GC(40)   Pre Evacuate Collection Set: 0.1ms
[2023-10-31T03:19:24.562+0000][7][gc,phases   ] GC(40)   Merge Heap Roots: 0.1ms
[2023-10-31T03:19:24.562+0000][7][gc,phases   ] GC(40)   Evacuate Collection Set: 7.8ms
[2023-10-31T03:19:24.562+0000][7][gc,phases   ] GC(40)   Post Evacuate Collection Set: 1.6ms
[2023-10-31T03:19:24.562+0000][7][gc,phases   ] GC(40)   Other: 1.2ms
[2023-10-31T03:19:24.562+0000][7][gc,heap     ] GC(40) Eden regions: 74->0(74)
[2023-10-31T03:19:24.562+0000][7][gc,heap     ] GC(40) Survivor regions: 2->2(10)
[2023-10-31T03:19:24.562+0000][7][gc,heap     ] GC(40) Old regions: 22->22
[2023-10-31T03:19:24.562+0000][7][gc,heap     ] GC(40) Archive regions: 2->2
[2023-10-31T03:19:24.562+0000][7][gc,heap     ] GC(40) Humongous regions: 5->5
[2023-10-31T03:19:24.562+0000][7][gc,metaspace] GC(40) Metaspace: 115538K(117184K)->115538K(117184K) NonClass: 100078K(101056K)->100078K(101056K) Class: 15459K(16128K)->15459K(16128K)
[2023-10-31T03:19:24.563+0000][7][gc          ] GC(40) Pause Young (Normal) (G1 Evacuation Pause) 415M->118M(512M) 11.062ms
[2023-10-31T03:19:24.563+0000][7][gc,cpu      ] GC(40) User=0.04s Sys=0.00s Real=0.01s
[2023-10-31T03:19:24.563+0000][7][safepoint   ] Safepoint "G1CollectForAllocation", Time since last: 63092581 ns, Reaching safepoint: 118829 ns, At safepoint: 11595005 ns, Total: 11713834 ns
[2023-10-31T03:19:26.563+0000][7][safepoint   ] Safepoint "Cleanup", Time since last: 2000267901 ns, Reaching safepoint: 86382 ns, At safepoint: 6620 ns, Total: 93002 ns
[2023-10-31T03:19:27.564+0000][7][safepoint   ] Safepoint "Cleanup", Time since last: 1000245127 ns, Reaching safepoint: 288955 ns, At safepoint: 39241 ns, Total: 328196 ns
[2023-10-31T03:19:29.565+0000][7][safepoint   ] Safepoint "Cleanup", Time since last: 2000464061 ns, Reaching safepoint: 150811 ns, At safepoint: 20095 ns, Total: 170906 ns
[2023-10-31T03:19:30.565+0000][7][safepoint   ] Safepoint "Cleanup", Time since last: 1000250399 ns, Reaching safepoint: 219777 ns, At safepoint: 36529 ns, Total: 256306 ns
[2023-10-31T03:19:32.566+0000][7][safepoint   ] Safepoint "Cleanup", Time since last: 2000531539 ns, Reaching safepoint: 251493 ns, At safepoint: 31853 ns, Total: 283346 ns
[2023-10-31T03:19:33.566+0000][7][safepoint   ] Safepoint "Cleanup", Time since last: 1000341634 ns, Reaching safepoint: 194713 ns, At safepoint: 20673 ns, Total: 215386 ns
[2023-10-31T03:19:34.567+0000][7][safepoint   ] Safepoint "Cleanup", Time since last: 1000212550 ns, Reaching safepoint: 114569 ns, At safepoint: 9942 ns, Total: 124511 ns
[2023-10-31T03:19:35.567+0000][7][safepoint   ] Safepoint "Cleanup", Time since last: 1000167943 ns, Reaching safepoint: 127860 ns, At safepoint: 16563 ns, Total: 144423 ns
[2023-10-31T03:19:36.568+0000][7][safepoint   ] Safepoint "Cleanup", Time since last: 1000208022 ns, Reaching safepoint: 192180 ns, At safepoint: 20209 ns, Total: 212389 ns
[2023-10-31T03:19:38.568+0000][7][safepoint   ] Safepoint "Cleanup", Time since last: 2000612058 ns, Reaching safepoint: 158508 ns, At safepoint: 17826 ns, Total: 176334 ns
[2023-10-31T03:19:39.569+0000][7][safepoint   ] Safepoint "Cleanup", Time since last: 1000308419 ns, Reaching safepoint: 154749 ns, At safepoint: 8525 ns, Total: 163274 ns
[2023-10-31T03:19:41.570+0000][7][safepoint   ] Safepoint "Cleanup", Time since last: 2000379232 ns, Reaching safepoint: 413231 ns, At safepoint: 84232 ns, Total: 497463 ns
[2023-10-31T03:19:42.570+0000][7][safepoint   ] Safepoint "Cleanup", Time since last: 1000301781 ns, Reaching safepoint: 311950 ns, At safepoint: 37191 ns, Total: 349141 ns
[2023-10-31T03:19:44.571+0000][7][safepoint   ] Safepoint "Cleanup", Time since last: 2000507184 ns, Reaching safepoint: 263841 ns, At safepoint: 21074 ns, Total: 284915 ns
[2023-10-31T03:19:45.572+0000][7][safepoint   ] Safepoint "Cleanup", Time since last: 1000277464 ns, Reaching safepoint: 185764 ns, At safepoint: 27568 ns, Total: 213332 ns
[2023-10-31T03:19:46.572+0000][7][safepoint   ] Safepoint "Cleanup", Time since last: 1000340736 ns, Reaching safepoint: 185064 ns, At safepoint: 19840 ns, Total: 204904 ns
[2023-10-31T03:19:46.651+0000][7][gc,start    ] GC(41) Pause Young (Normal) (G1 Evacuation Pause)
[2023-10-31T03:19:46.651+0000][7][gc,task     ] GC(41) Using 8 workers of 8 for evacuation
[2023-10-31T03:19:46.651+0000][7][gc,age      ] GC(41) Desired survivor size 20971520 bytes, new threshold 15 (max threshold 15)
[2023-10-31T03:19:46.667+0000][7][gc,age      ] GC(41) Age table with threshold 15 (max threshold 15)
[2023-10-31T03:19:46.667+0000][7][gc,age      ] GC(41) - age   1:    2111504 bytes,    2111504 total
[2023-10-31T03:19:46.667+0000][7][gc,age      ] GC(41) - age   2:     763712 bytes,    2875216 total
[2023-10-31T03:19:46.667+0000][7][gc,age      ] GC(41) - age   3:     609736 bytes,    3484952 total
[2023-10-31T03:19:46.667+0000][7][gc,age      ] GC(41) - age   4:     236136 bytes,    3721088 total
[2023-10-31T03:19:46.667+0000][7][gc,age      ] GC(41) - age   5:     532128 bytes,    4253216 total
[2023-10-31T03:19:46.667+0000][7][gc,age      ] GC(41) - age   6:     417480 bytes,    4670696 total
[2023-10-31T03:19:46.667+0000][7][gc,age      ] GC(41) - age   7:     205992 bytes,    4876688 total
[2023-10-31T03:19:46.667+0000][7][gc,age      ] GC(41) - age   8:     270792 bytes,    5147480 total
[2023-10-31T03:19:46.667+0000][7][gc,age      ] GC(41) - age   9:     403728 bytes,    5551208 total
[2023-10-31T03:19:46.667+0000][7][gc,age      ] GC(41) - age  10:     307552 bytes,    5858760 total
[2023-10-31T03:19:46.667+0000][7][gc,age      ] GC(41) - age  11:     378248 bytes,    6237008 total
[2023-10-31T03:19:46.667+0000][7][gc,age      ] GC(41) - age  12:     444608 bytes,    6681616 total
[2023-10-31T03:19:46.668+0000][7][gc,age      ] GC(41) - age  13:     344272 bytes,    7025888 total
[2023-10-31T03:19:46.668+0000][7][gc,age      ] GC(41) - age  14:     251752 bytes,    7277640 total
[2023-10-31T03:19:46.668+0000][7][gc,age      ] GC(41) - age  15:     305880 bytes,    7583520 total
[2023-10-31T03:19:46.668+0000][7][gc,phases   ] GC(41)   Pre Evacuate Collection Set: 0.2ms
[2023-10-31T03:19:46.668+0000][7][gc,phases   ] GC(41)   Merge Heap Roots: 0.2ms
[2023-10-31T03:19:46.668+0000][7][gc,phases   ] GC(41)   Evacuate Collection Set: 15.1ms
[2023-10-31T03:19:46.668+0000][7][gc,phases   ] GC(41)   Post Evacuate Collection Set: 0.9ms
[2023-10-31T03:19:46.668+0000][7][gc,phases   ] GC(41)   Other: 0.8ms
[2023-10-31T03:19:46.668+0000][7][gc,heap     ] GC(41) Eden regions: 74->0(74)
[2023-10-31T03:19:46.668+0000][7][gc,heap     ] GC(41) Survivor regions: 2->2(10)
[2023-10-31T03:19:46.668+0000][7][gc,heap     ] GC(41) Old regions: 22->23
[2023-10-31T03:19:46.668+0000][7][gc,heap     ] GC(41) Archive regions: 2->2
[2023-10-31T03:19:46.668+0000][7][gc,heap     ] GC(41) Humongous regions: 5->5
[2023-10-31T03:19:46.668+0000][7][gc,metaspace] GC(41) Metaspace: 115567K(117248K)->115567K(117248K) NonClass: 100108K(101120K)->100108K(101120K) Class: 15459K(16128K)->15459K(16128K)
[2023-10-31T03:19:46.668+0000][7][gc          ] GC(41) Pause Young (Normal) (G1 Evacuation Pause) 414M->119M(512M) 17.178ms
[2023-10-31T03:19:46.668+0000][7][gc,cpu      ] GC(41) User=0.06s Sys=0.00s Real=0.02s
[2023-10-31T03:19:46.668+0000][7][safepoint   ] Safepoint "G1CollectForAllocation", Time since last: 78107643 ns, Reaching safepoint: 143863 ns, At safepoint: 17394005 ns, Total: 17537868 ns
[2023-10-31T03:19:49.669+0000][7][safepoint   ] Safepoint "Cleanup", Time since last: 3000427415 ns, Reaching safepoint: 593852 ns, At safepoint: 93621 ns, Total: 687473 ns
[2023-10-31T03:19:50.670+0000][7][safepoint   ] Safepoint "Cleanup", Time since last: 1000547434 ns, Reaching safepoint: 543036 ns, At safepoint: 41008 ns, Total: 584044 ns
[2023-10-31T03:19:51.671+0000][7][safepoint   ] Safepoint "Cleanup", Time since last: 1000313467 ns, Reaching safepoint: 307309 ns, At safepoint: 142192 ns, Total: 449501 ns
[2023-10-31T03:19:52.672+0000][7][safepoint   ] Safepoint "Cleanup", Time since last: 1000450420 ns, Reaching safepoint: 312372 ns, At safepoint: 36545 ns, Total: 348917 ns
[2023-10-31T03:19:53.673+0000][7][safepoint   ] Safepoint "Cleanup", Time since last: 1000472338 ns, Reaching safepoint: 394271 ns, At safepoint: 53734 ns, Total: 448005 ns
[2023-10-31T03:19:54.673+0000][7][safepoint   ] Safepoint "Cleanup", Time since last: 1000353256 ns, Reaching safepoint: 226677 ns, At safepoint: 18158 ns, Total: 244835 ns
[2023-10-31T03:19:55.674+0000][7][safepoint   ] Safepoint "Cleanup", Time since last: 1000321208 ns, Reaching safepoint: 189979 ns, At safepoint: 58333 ns, Total: 248312 ns
[2023-10-31T03:19:56.675+0000][7][safepoint   ] Safepoint "Cleanup", Time since last: 1000517417 ns, Reaching safepoint: 273585 ns, At safepoint: 59589 ns, Total: 333174 ns
[2023-10-31T03:19:58.676+0000][7][safepoint   ] Safepoint "Cleanup", Time since last: 2000676313 ns, Reaching safepoint: 369254 ns, At safepoint: 44782 ns, Total: 414036 ns
[2023-10-31T03:19:59.676+0000][7][safepoint   ] Safepoint "Cleanup", Time since last: 1000411284 ns, Reaching safepoint: 230309 ns, At safepoint: 26963 ns, Total: 257272 ns
[2023-10-31T03:20:01.677+0000][7][safepoint   ] Safepoint "Cleanup", Time since last: 2000494280 ns, Reaching safepoint: 366797 ns, At safepoint: 123455 ns, Total: 490252 ns
[2023-10-31T03:20:02.678+0000][7][safepoint   ] Safepoint "Cleanup", Time since last: 1000444192 ns, Reaching safepoint: 186119 ns, At safepoint: 32759 ns, Total: 218878 ns
[2023-10-31T03:20:04.679+0000][7][safepoint   ] Safepoint "Cleanup", Time since last: 2000412898 ns, Reaching safepoint: 283588 ns, At safepoint: 68350 ns, Total: 351938 ns
[2023-10-31T03:20:05.679+0000][7][safepoint   ] Safepoint "Cleanup", Time since last: 1000343485 ns, Reaching safepoint: 204266 ns, At safepoint: 32935 ns, Total: 237201 ns
[2023-10-31T03:20:06.680+0000][7][safepoint   ] Safepoint "Cleanup", Time since last: 1000447198 ns, Reaching safepoint: 179440 ns, At safepoint: 17502 ns, Total: 196942 ns
[2023-10-31T03:20:07.681+0000][7][safepoint   ] Safepoint "Cleanup", Time since last: 1000418083 ns, Reaching safepoint: 156181 ns, At safepoint: 26476 ns, Total: 182657 ns
[2023-10-31T03:20:08.315+0000][7][gc,start    ] GC(42) Pause Young (Normal) (G1 Evacuation Pause)
[2023-10-31T03:20:08.316+0000][7][gc,task     ] GC(42) Using 8 workers of 8 for evacuation
[2023-10-31T03:20:08.316+0000][7][gc,age      ] GC(42) Desired survivor size 20971520 bytes, new threshold 15 (max threshold 15)
[2023-10-31T03:20:08.328+0000][7][gc,age      ] GC(42) Age table with threshold 15 (max threshold 15)
[2023-10-31T03:20:08.329+0000][7][gc,age      ] GC(42) - age   1:    1782616 bytes,    1782616 total
[2023-10-31T03:20:08.329+0000][7][gc,age      ] GC(42) - age   2:    1097560 bytes,    2880176 total
[2023-10-31T03:20:08.329+0000][7][gc,age      ] GC(42) - age   3:     416648 bytes,    3296824 total
[2023-10-31T03:20:08.329+0000][7][gc,age      ] GC(42) - age   4:     570744 bytes,    3867568 total
[2023-10-31T03:20:08.329+0000][7][gc,age      ] GC(42) - age   5:     235944 bytes,    4103512 total
[2023-10-31T03:20:08.329+0000][7][gc,age      ] GC(42) - age   6:     532128 bytes,    4635640 total
[2023-10-31T03:20:08.329+0000][7][gc,age      ] GC(42) - age   7:     417336 bytes,    5052976 total
[2023-10-31T03:20:08.329+0000][7][gc,age      ] GC(42) - age   8:     205992 bytes,    5258968 total
[2023-10-31T03:20:08.329+0000][7][gc,age      ] GC(42) - age   9:     270720 bytes,    5529688 total
[2023-10-31T03:20:08.329+0000][7][gc,age      ] GC(42) - age  10:     403696 bytes,    5933384 total
[2023-10-31T03:20:08.329+0000][7][gc,age      ] GC(42) - age  11:     307488 bytes,    6240872 total
[2023-10-31T03:20:08.329+0000][7][gc,age      ] GC(42) - age  12:     378248 bytes,    6619120 total
[2023-10-31T03:20:08.329+0000][7][gc,age      ] GC(42) - age  13:     444608 bytes,    7063728 total
[2023-10-31T03:20:08.329+0000][7][gc,age      ] GC(42) - age  14:     344272 bytes,    7408000 total
[2023-10-31T03:20:08.329+0000][7][gc,age      ] GC(42) - age  15:     251752 bytes,    7659752 total
[2023-10-31T03:20:08.329+0000][7][gc,phases   ] GC(42)   Pre Evacuate Collection Set: 0.5ms
[2023-10-31T03:20:08.329+0000][7][gc,phases   ] GC(42)   Merge Heap Roots: 0.3ms
[2023-10-31T03:20:08.329+0000][7][gc,phases   ] GC(42)   Evacuate Collection Set: 9.9ms
[2023-10-31T03:20:08.329+0000][7][gc,phases   ] GC(42)   Post Evacuate Collection Set: 1.7ms
[2023-10-31T03:20:08.329+0000][7][gc,phases   ] GC(42)   Other: 1.3ms
[2023-10-31T03:20:08.329+0000][7][gc,heap     ] GC(42) Eden regions: 74->0(74)
[2023-10-31T03:20:08.329+0000][7][gc,heap     ] GC(42) Survivor regions: 2->2(10)
[2023-10-31T03:20:08.329+0000][7][gc,heap     ] GC(42) Old regions: 23->23
[2023-10-31T03:20:08.329+0000][7][gc,heap     ] GC(42) Archive regions: 2->2
[2023-10-31T03:20:08.329+0000][7][gc,heap     ] GC(42) Humongous regions: 5->5
[2023-10-31T03:20:08.329+0000][7][gc,metaspace] GC(42) Metaspace: 115588K(117248K)->115588K(117248K) NonClass: 100128K(101120K)->100128K(101120K) Class: 15459K(16128K)->15459K(16128K)
[2023-10-31T03:20:08.329+0000][7][gc          ] GC(42) Pause Young (Normal) (G1 Evacuation Pause) 415M->119M(512M) 13.711ms
[2023-10-31T03:20:08.329+0000][7][gc,cpu      ] GC(42) User=0.04s Sys=0.00s Real=0.02s
[2023-10-31T03:20:08.329+0000][7][safepoint   ] Safepoint "G1CollectForAllocation", Time since last: 634654952 ns, Reaching safepoint: 140366 ns, At safepoint: 13976025 ns, Total: 14116391 ns
[2023-10-31T03:20:09.330+0000][7][safepoint   ] Safepoint "Cleanup", Time since last: 1000166879 ns, Reaching safepoint: 169487 ns, At safepoint: 10635 ns, Total: 180122 ns
[2023-10-31T03:20:10.330+0000][7][safepoint   ] Safepoint "Cleanup", Time since last: 1000226037 ns, Reaching safepoint: 356173 ns, At safepoint: 49752 ns, Total: 405925 ns
[2023-10-31T03:20:11.331+0000][7][safepoint   ] Safepoint "Cleanup", Time since last: 1000568488 ns, Reaching safepoint: 259808 ns, At safepoint: 38483 ns, Total: 298291 ns
[2023-10-31T03:20:12.332+0000][7][safepoint   ] Safepoint "Cleanup", Time since last: 1000339276 ns, Reaching safepoint: 333961 ns, At safepoint: 54833 ns, Total: 388794 ns
[2023-10-31T03:20:14.332+0000][7][safepoint   ] Safepoint "Cleanup", Time since last: 2000428111 ns, Reaching safepoint: 172422 ns, At safepoint: 28163 ns, Total: 200585 ns
[2023-10-31T03:20:15.333+0000][7][safepoint   ] Safepoint "Cleanup", Time since last: 1000551350 ns, Reaching safepoint: 353274 ns, At safepoint: 46999 ns, Total: 400273 ns
[2023-10-31T03:20:17.334+0000][7][safepoint   ] Safepoint "Cleanup", Time since last: 2000453356 ns, Reaching safepoint: 134715 ns, At safepoint: 14259 ns, Total: 148974 ns
[2023-10-31T03:20:18.337+0000][7][safepoint   ] Safepoint "Cleanup", Time since last: 1001863054 ns, Reaching safepoint: 759858 ns, At safepoint: 159736 ns, Total: 919594 ns
[2023-10-31T03:20:19.338+0000][7][safepoint   ] Safepoint "Cleanup", Time since last: 1000615928 ns, Reaching safepoint: 256961 ns, At safepoint: 22209 ns, Total: 279170 ns
[2023-10-31T03:20:20.338+0000][7][safepoint   ] Safepoint "Cleanup", Time since last: 1000375134 ns, Reaching safepoint: 174307 ns, At safepoint: 10041 ns, Total: 184348 ns
[2023-10-31T03:20:22.339+0000][7][safepoint   ] Safepoint "Cleanup", Time since last: 2000461465 ns, Reaching safepoint: 332979 ns, At safepoint: 238969 ns, Total: 571948 ns
[2023-10-31T03:20:23.340+0000][7][safepoint   ] Safepoint "Cleanup", Time since last: 1000592244 ns, Reaching safepoint: 201536 ns, At safepoint: 39495 ns, Total: 241031 ns
[2023-10-31T03:20:24.341+0000][7][safepoint   ] Safepoint "Cleanup", Time since last: 1000497228 ns, Reaching safepoint: 322809 ns, At safepoint: 35426 ns, Total: 358235 ns
[2023-10-31T03:20:25.342+0000][7][safepoint   ] Safepoint "Cleanup", Time since last: 1000321207 ns, Reaching safepoint: 190255 ns, At safepoint: 21405 ns, Total: 211660 ns
[2023-10-31T03:20:26.342+0000][7][safepoint   ] Safepoint "Cleanup", Time since last: 1000300160 ns, Reaching safepoint: 113178 ns, At safepoint: 7121 ns, Total: 120299 ns
[2023-10-31T03:20:27.343+0000][7][safepoint   ] Safepoint "Cleanup", Time since last: 1000281066 ns, Reaching safepoint: 425529 ns, At safepoint: 77578 ns, Total: 503107 ns
[2023-10-31T03:20:29.344+0000][7][safepoint   ] Safepoint "Cleanup", Time since last: 2000833561 ns, Reaching safepoint: 468530 ns, At safepoint: 70702 ns, Total: 539232 ns
[2023-10-31T03:20:30.205+0000][7][gc,start    ] GC(43) Pause Young (Normal) (G1 Evacuation Pause)
[2023-10-31T03:20:30.205+0000][7][gc,task     ] GC(43) Using 8 workers of 8 for evacuation
[2023-10-31T03:20:30.205+0000][7][gc,age      ] GC(43) Desired survivor size 20971520 bytes, new threshold 15 (max threshold 15)
[2023-10-31T03:20:30.218+0000][7][gc,age      ] GC(43) Age table with threshold 15 (max threshold 15)
[2023-10-31T03:20:30.218+0000][7][gc,age      ] GC(43) - age   1:    1635336 bytes,    1635336 total
[2023-10-31T03:20:30.218+0000][7][gc,age      ] GC(43) - age   2:     785984 bytes,    2421320 total
[2023-10-31T03:20:30.218+0000][7][gc,age      ] GC(43) - age   3:     271032 bytes,    2692352 total
[2023-10-31T03:20:30.218+0000][7][gc,age      ] GC(43) - age   4:     217368 bytes,    2909720 total
[2023-10-31T03:20:30.218+0000][7][gc,age      ] GC(43) - age   5:     530912 bytes,    3440632 total
[2023-10-31T03:20:30.218+0000][7][gc,age      ] GC(43) - age   6:     235568 bytes,    3676200 total
[2023-10-31T03:20:30.218+0000][7][gc,age      ] GC(43) - age   7:     532128 bytes,    4208328 total
[2023-10-31T03:20:30.218+0000][7][gc,age      ] GC(43) - age   8:     417336 bytes,    4625664 total
[2023-10-31T03:20:30.218+0000][7][gc,age      ] GC(43) - age   9:     205992 bytes,    4831656 total
[2023-10-31T03:20:30.218+0000][7][gc,age      ] GC(43) - age  10:     270720 bytes,    5102376 total
[2023-10-31T03:20:30.218+0000][7][gc,age      ] GC(43) - age  11:     403696 bytes,    5506072 total
[2023-10-31T03:20:30.218+0000][7][gc,age      ] GC(43) - age  12:     307488 bytes,    5813560 total
[2023-10-31T03:20:30.218+0000][7][gc,age      ] GC(43) - age  13:     377432 bytes,    6190992 total
[2023-10-31T03:20:30.218+0000][7][gc,age      ] GC(43) - age  14:     444608 bytes,    6635600 total
[2023-10-31T03:20:30.218+0000][7][gc,age      ] GC(43) - age  15:     344272 bytes,    6979872 total
[2023-10-31T03:20:30.218+0000][7][gc,phases   ] GC(43)   Pre Evacuate Collection Set: 0.2ms
[2023-10-31T03:20:30.218+0000][7][gc,phases   ] GC(43)   Merge Heap Roots: 0.2ms
[2023-10-31T03:20:30.218+0000][7][gc,phases   ] GC(43)   Evacuate Collection Set: 10.9ms
[2023-10-31T03:20:30.218+0000][7][gc,phases   ] GC(43)   Post Evacuate Collection Set: 1.3ms
[2023-10-31T03:20:30.218+0000][7][gc,phases   ] GC(43)   Other: 0.5ms
[2023-10-31T03:20:30.218+0000][7][gc,heap     ] GC(43) Eden regions: 74->0(74)
[2023-10-31T03:20:30.218+0000][7][gc,heap     ] GC(43) Survivor regions: 2->2(10)
[2023-10-31T03:20:30.218+0000][7][gc,heap     ] GC(43) Old regions: 23->23
[2023-10-31T03:20:30.218+0000][7][gc,heap     ] GC(43) Archive regions: 2->2
[2023-10-31T03:20:30.218+0000][7][gc,heap     ] GC(43) Humongous regions: 5->5
[2023-10-31T03:20:30.218+0000][7][gc,metaspace] GC(43) Metaspace: 115649K(117312K)->115649K(117312K) NonClass: 100189K(101184K)->100189K(101184K) Class: 15459K(16128K)->15459K(16128K)
[2023-10-31T03:20:30.218+0000][7][gc          ] GC(43) Pause Young (Normal) (G1 Evacuation Pause) 415M->119M(512M) 13.041ms
[2023-10-31T03:20:30.218+0000][7][gc,cpu      ] GC(43) User=0.04s Sys=0.00s Real=0.02s
[2023-10-31T03:20:30.218+0000][7][safepoint   ] Safepoint "G1CollectForAllocation", Time since last: 860702191 ns, Reaching safepoint: 271128 ns, At safepoint: 13354079 ns, Total: 13625207 ns
[2023-10-31T03:20:32.219+0000][7][safepoint   ] Safepoint "Cleanup", Time since last: 2000310857 ns, Reaching safepoint: 231937 ns, At safepoint: 17336 ns, Total: 249273 ns
[2023-10-31T03:20:33.220+0000][7][safepoint   ] Safepoint "Cleanup", Time since last: 1000261891 ns, Reaching safepoint: 372127 ns, At safepoint: 51313 ns, Total: 423440 ns
[2023-10-31T03:20:34.220+0000][7][safepoint   ] Safepoint "Cleanup", Time since last: 1000456731 ns, Reaching safepoint: 229103 ns, At safepoint: 12412 ns, Total: 241515 ns
[2023-10-31T03:20:35.221+0000][7][safepoint   ] Safepoint "Cleanup", Time since last: 1000221911 ns, Reaching safepoint: 111639 ns, At safepoint: 7893 ns, Total: 119532 ns
[2023-10-31T03:20:37.221+0000][7][safepoint   ] Safepoint "Cleanup", Time since last: 2000230900 ns, Reaching safepoint: 106530 ns, At safepoint: 20292 ns, Total: 126822 ns
[2023-10-31T03:20:38.222+0000][7][safepoint   ] Safepoint "Cleanup", Time since last: 1000254407 ns, Reaching safepoint: 388460 ns, At safepoint: 76632 ns, Total: 465092 ns
[2023-10-31T03:20:39.222+0000][7][safepoint   ] Safepoint "Cleanup", Time since last: 1000357928 ns, Reaching safepoint: 153199 ns, At safepoint: 19907 ns, Total: 173106 ns
[2023-10-31T03:20:41.223+0000][7][safepoint   ] Safepoint "Cleanup", Time since last: 2000345462 ns, Reaching safepoint: 103126 ns, At safepoint: 6657 ns, Total: 109783 ns
[2023-10-31T03:20:42.223+0000][7][safepoint   ] Safepoint "Cleanup", Time since last: 1000171925 ns, Reaching safepoint: 86094 ns, At safepoint: 5304 ns, Total: 91398 ns
[2023-10-31T03:20:44.224+0000][7][safepoint   ] Safepoint "Cleanup", Time since last: 2000347974 ns, Reaching safepoint: 248514 ns, At safepoint: 34299 ns, Total: 282813 ns
[2023-10-31T03:20:45.225+0000][7][safepoint   ] Safepoint "Cleanup", Time since last: 1000556998 ns, Reaching safepoint: 366041 ns, At safepoint: 26736 ns, Total: 392777 ns
[2023-10-31T03:20:46.866+0000][7][safepoint   ] Safepoint "Cleanup", Time since last: 1640948599 ns, Reaching safepoint: 164885 ns, At safepoint: 13753 ns, Total: 178638 ns
[2023-10-31T03:20:47.872+0000][7][safepoint   ] Safepoint "Cleanup", Time since last: 1000320889 ns, Reaching safepoint: 5462829 ns, At safepoint: 191574 ns, Total: 5654403 ns
[2023-10-31T03:20:48.872+0000][7][safepoint   ] Safepoint "Cleanup", Time since last: 1000483634 ns, Reaching safepoint: 191155 ns, At safepoint: 5178 ns, Total: 196333 ns
[2023-10-31T03:20:49.873+0000][7][safepoint   ] Safepoint "Cleanup", Time since last: 1000258683 ns, Reaching safepoint: 455427 ns, At safepoint: 73365 ns, Total: 528792 ns
[2023-10-31T03:20:51.874+0000][7][safepoint   ] Safepoint "Cleanup", Time since last: 2000493228 ns, Reaching safepoint: 119192 ns, At safepoint: 21326 ns, Total: 140518 ns
[2023-10-31T03:20:52.874+0000][7][safepoint   ] Safepoint "Cleanup", Time since last: 1000279181 ns, Reaching safepoint: 269646 ns, At safepoint: 8780 ns, Total: 278426 ns
[2023-10-31T03:20:53.875+0000][7][safepoint   ] Safepoint "Cleanup", Time since last: 1000369772 ns, Reaching safepoint: 358300 ns, At safepoint: 40553 ns, Total: 398853 ns
[2023-10-31T03:20:54.098+0000][7][gc,start    ] GC(44) Pause Young (Normal) (G1 Evacuation Pause)
[2023-10-31T03:20:54.098+0000][7][gc,task     ] GC(44) Using 8 workers of 8 for evacuation
[2023-10-31T03:20:54.098+0000][7][gc,age      ] GC(44) Desired survivor size 20971520 bytes, new threshold 15 (max threshold 15)
[2023-10-31T03:20:54.117+0000][7][gc,age      ] GC(44) Age table with threshold 15 (max threshold 15)
[2023-10-31T03:20:54.117+0000][7][gc,age      ] GC(44) - age   1:    1521096 bytes,    1521096 total
[2023-10-31T03:20:54.117+0000][7][gc,age      ] GC(44) - age   2:    1418496 bytes,    2939592 total
[2023-10-31T03:20:54.117+0000][7][gc,age      ] GC(44) - age   3:     336168 bytes,    3275760 total
[2023-10-31T03:20:54.117+0000][7][gc,age      ] GC(44) - age   4:     268808 bytes,    3544568 total
[2023-10-31T03:20:54.117+0000][7][gc,age      ] GC(44) - age   5:     217304 bytes,    3761872 total
[2023-10-31T03:20:54.117+0000][7][gc,age      ] GC(44) - age   6:     530720 bytes,    4292592 total
[2023-10-31T03:20:54.117+0000][7][gc,age      ] GC(44) - age   7:     235384 bytes,    4527976 total
[2023-10-31T03:20:54.117+0000][7][gc,age      ] GC(44) - age   8:     532096 bytes,    5060072 total
[2023-10-31T03:20:54.117+0000][7][gc,age      ] GC(44) - age   9:     417336 bytes,    5477408 total
[2023-10-31T03:20:54.117+0000][7][gc,age      ] GC(44) - age  10:     205992 bytes,    5683400 total
[2023-10-31T03:20:54.117+0000][7][gc,age      ] GC(44) - age  11:     270720 bytes,    5954120 total
[2023-10-31T03:20:54.117+0000][7][gc,age      ] GC(44) - age  12:     403696 bytes,    6357816 total
[2023-10-31T03:20:54.117+0000][7][gc,age      ] GC(44) - age  13:     307488 bytes,    6665304 total
[2023-10-31T03:20:54.117+0000][7][gc,age      ] GC(44) - age  14:     377136 bytes,    7042440 total
[2023-10-31T03:20:54.117+0000][7][gc,age      ] GC(44) - age  15:     444608 bytes,    7487048 total
[2023-10-31T03:20:54.117+0000][7][gc,phases   ] GC(44)   Pre Evacuate Collection Set: 0.1ms
[2023-10-31T03:20:54.118+0000][7][gc,phases   ] GC(44)   Merge Heap Roots: 0.2ms
[2023-10-31T03:20:54.118+0000][7][gc,phases   ] GC(44)   Evacuate Collection Set: 14.6ms
[2023-10-31T03:20:54.118+0000][7][gc,phases   ] GC(44)   Post Evacuate Collection Set: 3.5ms
[2023-10-31T03:20:54.118+0000][7][gc,phases   ] GC(44)   Other: 1.0ms
[2023-10-31T03:20:54.118+0000][7][gc,heap     ] GC(44) Eden regions: 74->0(74)
[2023-10-31T03:20:54.118+0000][7][gc,heap     ] GC(44) Survivor regions: 2->2(10)
[2023-10-31T03:20:54.118+0000][7][gc,heap     ] GC(44) Old regions: 23->23
[2023-10-31T03:20:54.118+0000][7][gc,heap     ] GC(44) Archive regions: 2->2
[2023-10-31T03:20:54.118+0000][7][gc,heap     ] GC(44) Humongous regions: 5->5
[2023-10-31T03:20:54.118+0000][7][gc,metaspace] GC(44) Metaspace: 115861K(117504K)->115861K(117504K) NonClass: 100360K(101376K)->100360K(101376K) Class: 15500K(16128K)->15500K(16128K)
[2023-10-31T03:20:54.118+0000][7][gc          ] GC(44) Pause Young (Normal) (G1 Evacuation Pause) 415M->120M(512M) 19.639ms
[2023-10-31T03:20:54.118+0000][7][gc,cpu      ] GC(44) User=0.07s Sys=0.00s Real=0.02s
[2023-10-31T03:20:54.118+0000][7][safepoint   ] Safepoint "G1CollectForAllocation", Time since last: 222715603 ns, Reaching safepoint: 110525 ns, At safepoint: 19915295 ns, Total: 20025820 ns
[2023-10-31T03:20:55.118+0000][7][safepoint   ] Safepoint "Cleanup", Time since last: 1000158860 ns, Reaching safepoint: 112157 ns, At safepoint: 9940 ns, Total: 122097 ns
[2023-10-31T03:20:57.119+0000][7][safepoint   ] Safepoint "Cleanup", Time since last: 2000502574 ns, Reaching safepoint: 237020 ns, At safepoint: 66368 ns, Total: 303388 ns
[2023-10-31T03:20:58.120+0000][7][safepoint   ] Safepoint "Cleanup", Time since last: 1000453459 ns, Reaching safepoint: 348231 ns, At safepoint: 55369 ns, Total: 403600 ns
[2023-10-31T03:20:59.120+0000][7][safepoint   ] Safepoint "Cleanup", Time since last: 1000305892 ns, Reaching safepoint: 73721 ns, At safepoint: 7700 ns, Total: 81421 ns
[2023-10-31T03:21:00.121+0000][7][safepoint   ] Safepoint "Cleanup", Time since last: 1000257813 ns, Reaching safepoint: 273438 ns, At safepoint: 83231 ns, Total: 356669 ns
[2023-10-31T03:21:02.122+0000][7][safepoint   ] Safepoint "Cleanup", Time since last: 2000622540 ns, Reaching safepoint: 237756 ns, At safepoint: 23732 ns, Total: 261488 ns
[2023-10-31T03:21:04.123+0000][7][safepoint   ] Safepoint "Cleanup", Time since last: 2000581573 ns, Reaching safepoint: 262711 ns, At safepoint: 17987 ns, Total: 280698 ns
[2023-10-31T03:21:05.124+0000][7][safepoint   ] Safepoint "Cleanup", Time since last: 1000839949 ns, Reaching safepoint: 776780 ns, At safepoint: 88368 ns, Total: 865148 ns
[2023-10-31T03:21:07.125+0000][7][safepoint   ] Safepoint "Cleanup", Time since last: 2000643828 ns, Reaching safepoint: 129402 ns, At safepoint: 25187 ns, Total: 154589 ns
[2023-10-31T03:21:08.126+0000][7][safepoint   ] Safepoint "Cleanup", Time since last: 1000535016 ns, Reaching safepoint: 279297 ns, At safepoint: 66818 ns, Total: 346115 ns
[2023-10-31T03:21:09.127+0000][7][safepoint   ] Safepoint "Cleanup", Time since last: 1000468245 ns, Reaching safepoint: 155700 ns, At safepoint: 9248 ns, Total: 164948 ns
[2023-10-31T03:21:11.127+0000][7][safepoint   ] Safepoint "Cleanup", Time since last: 2000470301 ns, Reaching safepoint: 325321 ns, At safepoint: 21093 ns, Total: 346414 ns
[2023-10-31T03:21:12.128+0000][7][safepoint   ] Safepoint "Cleanup", Time since last: 1000227959 ns, Reaching safepoint: 324805 ns, At safepoint: 132304 ns, Total: 457109 ns
[2023-10-31T03:21:14.129+0000][7][safepoint   ] Safepoint "Cleanup", Time since last: 2000762669 ns, Reaching safepoint: 402100 ns, At safepoint: 27032 ns, Total: 429132 ns
[2023-10-31T03:21:15.130+0000][7][safepoint   ] Safepoint "Cleanup", Time since last: 1000352712 ns, Reaching safepoint: 358367 ns, At safepoint: 11510 ns, Total: 369877 ns
[2023-10-31T03:21:16.641+0000][7][gc,start    ] GC(45) Pause Young (Normal) (G1 Evacuation Pause)
[2023-10-31T03:21:16.641+0000][7][gc,task     ] GC(45) Using 8 workers of 8 for evacuation
[2023-10-31T03:21:16.642+0000][7][gc,age      ] GC(45) Desired survivor size 20971520 bytes, new threshold 15 (max threshold 15)
[2023-10-31T03:21:16.663+0000][7][gc,age      ] GC(45) Age table with threshold 15 (max threshold 15)
[2023-10-31T03:21:16.663+0000][7][gc,age      ] GC(45) - age   1:    2571240 bytes,    2571240 total
[2023-10-31T03:21:16.663+0000][7][gc,age      ] GC(45) - age   2:     909744 bytes,    3480984 total
[2023-10-31T03:21:16.663+0000][7][gc,age      ] GC(45) - age   3:     394240 bytes,    3875224 total
[2023-10-31T03:21:16.663+0000][7][gc,age      ] GC(45) - age   4:     334648 bytes,    4209872 total
[2023-10-31T03:21:16.663+0000][7][gc,age      ] GC(45) - age   5:     268552 bytes,    4478424 total
[2023-10-31T03:21:16.663+0000][7][gc,age      ] GC(45) - age   6:     217112 bytes,    4695536 total
[2023-10-31T03:21:16.663+0000][7][gc,age      ] GC(45) - age   7:     530576 bytes,    5226112 total
[2023-10-31T03:21:16.663+0000][7][gc,age      ] GC(45) - age   8:     235384 bytes,    5461496 total
[2023-10-31T03:21:16.663+0000][7][gc,age      ] GC(45) - age   9:     532096 bytes,    5993592 total
[2023-10-31T03:21:16.663+0000][7][gc,age      ] GC(45) - age  10:     417336 bytes,    6410928 total
[2023-10-31T03:21:16.663+0000][7][gc,age      ] GC(45) - age  11:     205992 bytes,    6616920 total
[2023-10-31T03:21:16.663+0000][7][gc,age      ] GC(45) - age  12:     270720 bytes,    6887640 total
[2023-10-31T03:21:16.663+0000][7][gc,age      ] GC(45) - age  13:     403696 bytes,    7291336 total
[2023-10-31T03:21:16.663+0000][7][gc,age      ] GC(45) - age  14:     307488 bytes,    7598824 total
[2023-10-31T03:21:16.664+0000][7][gc,age      ] GC(45) - age  15:     376472 bytes,    7975296 total
[2023-10-31T03:21:16.664+0000][7][gc,phases   ] GC(45)   Pre Evacuate Collection Set: 0.5ms
[2023-10-31T03:21:16.664+0000][7][gc,phases   ] GC(45)   Merge Heap Roots: 0.2ms
[2023-10-31T03:21:16.664+0000][7][gc,phases   ] GC(45)   Evacuate Collection Set: 17.3ms
[2023-10-31T03:21:16.664+0000][7][gc,phases   ] GC(45)   Post Evacuate Collection Set: 3.2ms
[2023-10-31T03:21:16.664+0000][7][gc,phases   ] GC(45)   Other: 1.8ms
[2023-10-31T03:21:16.664+0000][7][gc,heap     ] GC(45) Eden regions: 74->0(74)
[2023-10-31T03:21:16.664+0000][7][gc,heap     ] GC(45) Survivor regions: 2->2(10)
[2023-10-31T03:21:16.664+0000][7][gc,heap     ] GC(45) Old regions: 23->23
[2023-10-31T03:21:16.664+0000][7][gc,heap     ] GC(45) Archive regions: 2->2
[2023-10-31T03:21:16.664+0000][7][gc,heap     ] GC(45) Humongous regions: 5->5
[2023-10-31T03:21:16.664+0000][7][gc,metaspace] GC(45) Metaspace: 115933K(117568K)->115933K(117568K) NonClass: 100432K(101440K)->100432K(101440K) Class: 15500K(16128K)->15500K(16128K)
[2023-10-31T03:21:16.664+0000][7][gc          ] GC(45) Pause Young (Normal) (G1 Evacuation Pause) 416M->121M(512M) 23.148ms
[2023-10-31T03:21:16.664+0000][7][gc,cpu      ] GC(45) User=0.06s Sys=0.00s Real=0.02s
[2023-10-31T03:21:16.664+0000][7][safepoint   ] Safepoint "G1CollectForAllocation", Time since last: 1510597806 ns, Reaching safepoint: 206514 ns, At safepoint: 23673087 ns, Total: 23879601 ns
[2023-10-31T03:21:17.665+0000][7][safepoint   ] Safepoint "Cleanup", Time since last: 1000147932 ns, Reaching safepoint: 121193 ns, At safepoint: 23328 ns, Total: 144521 ns
[2023-10-31T03:21:18.666+0000][7][safepoint   ] Safepoint "Cleanup", Time since last: 1000395446 ns, Reaching safepoint: 382891 ns, At safepoint: 64806 ns, Total: 447697 ns
[2023-10-31T03:21:19.667+0000][7][safepoint   ] Safepoint "Cleanup", Time since last: 1000668575 ns, Reaching safepoint: 314758 ns, At safepoint: 62828 ns, Total: 377586 ns
[2023-10-31T03:21:20.667+0000][7][safepoint   ] Safepoint "Cleanup", Time since last: 1000373785 ns, Reaching safepoint: 127700 ns, At safepoint: 16853 ns, Total: 144553 ns
[2023-10-31T03:21:21.668+0000][7][safepoint   ] Safepoint "Cleanup", Time since last: 1000277381 ns, Reaching safepoint: 122726 ns, At safepoint: 12193 ns, Total: 134919 ns
[2023-10-31T03:21:22.668+0000][7][safepoint   ] Safepoint "Cleanup", Time since last: 1000270569 ns, Reaching safepoint: 433530 ns, At safepoint: 14933 ns, Total: 448463 ns
[2023-10-31T03:21:24.669+0000][7][safepoint   ] Safepoint "Cleanup", Time since last: 2000348512 ns, Reaching safepoint: 198001 ns, At safepoint: 31883 ns, Total: 229884 ns
[2023-10-31T03:21:26.670+0000][7][safepoint   ] Safepoint "Cleanup", Time since last: 2000397397 ns, Reaching safepoint: 315703 ns, At safepoint: 22062 ns, Total: 337765 ns
[2023-10-31T03:21:28.670+0000][7][safepoint   ] Safepoint "Cleanup", Time since last: 2000372553 ns, Reaching safepoint: 198168 ns, At safepoint: 25249 ns, Total: 223417 ns
[2023-10-31T03:21:29.671+0000][7][safepoint   ] Safepoint "Cleanup", Time since last: 1000446128 ns, Reaching safepoint: 195475 ns, At safepoint: 39574 ns, Total: 235049 ns
[2023-10-31T03:21:31.672+0000][7][safepoint   ] Safepoint "Cleanup", Time since last: 2000473817 ns, Reaching safepoint: 266181 ns, At safepoint: 27740 ns, Total: 293921 ns
[2023-10-31T03:21:33.673+0000][7][safepoint   ] Safepoint "Cleanup", Time since last: 2000570330 ns, Reaching safepoint: 324075 ns, At safepoint: 26313 ns, Total: 350388 ns
[2023-10-31T03:21:34.673+0000][7][safepoint   ] Safepoint "Cleanup", Time since last: 1000467989 ns, Reaching safepoint: 200603 ns, At safepoint: 20492 ns, Total: 221095 ns
[2023-10-31T03:21:35.674+0000][7][safepoint   ] Safepoint "Cleanup", Time since last: 1000267337 ns, Reaching safepoint: 262347 ns, At safepoint: 37329 ns, Total: 299676 ns
[2023-10-31T03:21:36.675+0000][7][safepoint   ] Safepoint "Cleanup", Time since last: 1000450624 ns, Reaching safepoint: 218630 ns, At safepoint: 40067 ns, Total: 258697 ns
[2023-10-31T03:21:37.677+0000][7][safepoint   ] Safepoint "Cleanup", Time since last: 1000561771 ns, Reaching safepoint: 1397540 ns, At safepoint: 127630 ns, Total: 1525170 ns
[2023-10-31T03:21:38.262+0000][7][gc,start    ] GC(46) Pause Young (Normal) (G1 Evacuation Pause)
[2023-10-31T03:21:38.262+0000][7][gc,task     ] GC(46) Using 8 workers of 8 for evacuation
[2023-10-31T03:21:38.262+0000][7][gc,age      ] GC(46) Desired survivor size 20971520 bytes, new threshold 15 (max threshold 15)
[2023-10-31T03:21:38.282+0000][7][gc,age      ] GC(46) Age table with threshold 15 (max threshold 15)
[2023-10-31T03:21:38.282+0000][7][gc,age      ] GC(46) - age   1:    2042680 bytes,    2042680 total
[2023-10-31T03:21:38.283+0000][7][gc,age      ] GC(46) - age   2:    1569256 bytes,    3611936 total
[2023-10-31T03:21:38.283+0000][7][gc,age      ] GC(46) - age   3:     736328 bytes,    4348264 total
[2023-10-31T03:21:38.283+0000][7][gc,age      ] GC(46) - age   4:     322832 bytes,    4671096 total
[2023-10-31T03:21:38.283+0000][7][gc,age      ] GC(46) - age   5:     334456 bytes,    5005552 total
[2023-10-31T03:21:38.283+0000][7][gc,age      ] GC(46) - age   6:     268552 bytes,    5274104 total
[2023-10-31T03:21:38.283+0000][7][gc,age      ] GC(46) - age   7:     217112 bytes,    5491216 total
[2023-10-31T03:21:38.283+0000][7][gc,age      ] GC(46) - age   8:     530576 bytes,    6021792 total
[2023-10-31T03:21:38.283+0000][7][gc,age      ] GC(46) - age   9:     235320 bytes,    6257112 total
[2023-10-31T03:21:38.283+0000][7][gc,age      ] GC(46) - age  10:     532096 bytes,    6789208 total
[2023-10-31T03:21:38.283+0000][7][gc,age      ] GC(46) - age  11:     417336 bytes,    7206544 total
[2023-10-31T03:21:38.283+0000][7][gc,age      ] GC(46) - age  12:     205992 bytes,    7412536 total
[2023-10-31T03:21:38.283+0000][7][gc,age      ] GC(46) - age  13:     270720 bytes,    7683256 total
[2023-10-31T03:21:38.283+0000][7][gc,age      ] GC(46) - age  14:     403696 bytes,    8086952 total
[2023-10-31T03:21:38.283+0000][7][gc,age      ] GC(46) - age  15:     307488 bytes,    8394440 total
[2023-10-31T03:21:38.283+0000][7][gc,phases   ] GC(46)   Pre Evacuate Collection Set: 0.4ms
[2023-10-31T03:21:38.283+0000][7][gc,phases   ] GC(46)   Merge Heap Roots: 0.2ms
[2023-10-31T03:21:38.283+0000][7][gc,phases   ] GC(46)   Evacuate Collection Set: 17.6ms
[2023-10-31T03:21:38.283+0000][7][gc,phases   ] GC(46)   Post Evacuate Collection Set: 1.7ms
[2023-10-31T03:21:38.283+0000][7][gc,phases   ] GC(46)   Other: 1.4ms
[2023-10-31T03:21:38.283+0000][7][gc,heap     ] GC(46) Eden regions: 74->0(72)
[2023-10-31T03:21:38.283+0000][7][gc,heap     ] GC(46) Survivor regions: 2->3(10)
[2023-10-31T03:21:38.283+0000][7][gc,heap     ] GC(46) Old regions: 23->23
[2023-10-31T03:21:38.283+0000][7][gc,heap     ] GC(46) Archive regions: 2->2
[2023-10-31T03:21:38.283+0000][7][gc,heap     ] GC(46) Humongous regions: 5->5
[2023-10-31T03:21:38.283+0000][7][gc,metaspace] GC(46) Metaspace: 115973K(117568K)->115973K(117568K) NonClass: 100473K(101440K)->100473K(101440K) Class: 15500K(16128K)->15500K(16128K)
[2023-10-31T03:21:38.283+0000][7][gc          ] GC(46) Pause Young (Normal) (G1 Evacuation Pause) 417M->121M(512M) 21.380ms
[2023-10-31T03:21:38.283+0000][7][gc,cpu      ] GC(46) User=0.05s Sys=0.00s Real=0.02s
[2023-10-31T03:21:38.283+0000][7][safepoint   ] Safepoint "G1CollectForAllocation", Time since last: 584714399 ns, Reaching safepoint: 294573 ns, At safepoint: 21681079 ns, Total: 21975652 ns
[2023-10-31T03:21:39.284+0000][7][safepoint   ] Safepoint "Cleanup", Time since last: 1000233689 ns, Reaching safepoint: 240940 ns, At safepoint: 36546 ns, Total: 277486 ns
[2023-10-31T03:21:41.285+0000][7][safepoint   ] Safepoint "Cleanup", Time since last: 2000441592 ns, Reaching safepoint: 229721 ns, At safepoint: 12672 ns, Total: 242393 ns
[2023-10-31T03:21:42.285+0000][7][safepoint   ] Safepoint "Cleanup", Time since last: 1000206292 ns, Reaching safepoint: 61187 ns, At safepoint: 4164 ns, Total: 65351 ns
[2023-10-31T03:21:43.285+0000][7][safepoint   ] Safepoint "Cleanup", Time since last: 1000160702 ns, Reaching safepoint: 139568 ns, At safepoint: 6131 ns, Total: 145699 ns
[2023-10-31T03:21:44.286+0000][7][safepoint   ] Safepoint "Cleanup", Time since last: 1000203987 ns, Reaching safepoint: 280597 ns, At safepoint: 20291 ns, Total: 300888 ns
[2023-10-31T03:21:45.286+0000][7][safepoint   ] Safepoint "Cleanup", Time since last: 1000278186 ns, Reaching safepoint: 465840 ns, At safepoint: 79789 ns, Total: 545629 ns
[2023-10-31T03:21:47.287+0000][7][safepoint   ] Safepoint "Cleanup", Time since last: 2000463517 ns, Reaching safepoint: 165198 ns, At safepoint: 14579 ns, Total: 179777 ns
[2023-10-31T03:21:48.288+0000][7][safepoint   ] Safepoint "Cleanup", Time since last: 1000510944 ns, Reaching safepoint: 361728 ns, At safepoint: 38273 ns, Total: 400001 ns
[2023-10-31T03:21:49.289+0000][7][safepoint   ] Safepoint "Cleanup", Time since last: 1000401255 ns, Reaching safepoint: 176064 ns, At safepoint: 15517 ns, Total: 191581 ns
[2023-10-31T03:21:50.289+0000][7][safepoint   ] Safepoint "Cleanup", Time since last: 1000387632 ns, Reaching safepoint: 419556 ns, At safepoint: 32888 ns, Total: 452444 ns
[2023-10-31T03:21:51.290+0000][7][safepoint   ] Safepoint "Cleanup", Time since last: 1000505380 ns, Reaching safepoint: 207556 ns, At safepoint: 62772 ns, Total: 270328 ns
[2023-10-31T03:21:52.291+0000][7][safepoint   ] Safepoint "Cleanup", Time since last: 1000290393 ns, Reaching safepoint: 201600 ns, At safepoint: 18764 ns, Total: 220364 ns
[2023-10-31T03:21:53.291+0000][7][safepoint   ] Safepoint "Cleanup", Time since last: 1000315869 ns, Reaching safepoint: 300075 ns, At safepoint: 28939 ns, Total: 329014 ns
[2023-10-31T03:21:54.292+0000][7][safepoint   ] Safepoint "Cleanup", Time since last: 1000506053 ns, Reaching safepoint: 276610 ns, At safepoint: 14306 ns, Total: 290916 ns
[2023-10-31T03:21:55.293+0000][7][safepoint   ] Safepoint "Cleanup", Time since last: 1000384567 ns, Reaching safepoint: 178618 ns, At safepoint: 25316 ns, Total: 203934 ns
[2023-10-31T03:21:56.294+0000][7][safepoint   ] Safepoint "Cleanup", Time since last: 1000464762 ns, Reaching safepoint: 331858 ns, At safepoint: 73329 ns, Total: 405187 ns
[2023-10-31T03:21:57.295+0000][7][safepoint   ] Safepoint "Cleanup", Time since last: 1000575361 ns, Reaching safepoint: 327959 ns, At safepoint: 186101 ns, Total: 514060 ns
[2023-10-31T03:21:59.296+0000][7][safepoint   ] Safepoint "Cleanup", Time since last: 2000780159 ns, Reaching safepoint: 287917 ns, At safepoint: 36901 ns, Total: 324818 ns
[2023-10-31T03:21:59.790+0000][7][gc,start    ] GC(47) Pause Young (Normal) (G1 Evacuation Pause)
[2023-10-31T03:21:59.790+0000][7][gc,task     ] GC(47) Using 8 workers of 8 for evacuation
[2023-10-31T03:21:59.790+0000][7][gc,age      ] GC(47) Desired survivor size 20971520 bytes, new threshold 15 (max threshold 15)
[2023-10-31T03:21:59.806+0000][7][gc,age      ] GC(47) Age table with threshold 15 (max threshold 15)
[2023-10-31T03:21:59.806+0000][7][gc,age      ] GC(47) - age   1:    1957120 bytes,    1957120 total
[2023-10-31T03:21:59.806+0000][7][gc,age      ] GC(47) - age   2:     406600 bytes,    2363720 total
[2023-10-31T03:21:59.806+0000][7][gc,age      ] GC(47) - age   3:    1158976 bytes,    3522696 total
[2023-10-31T03:21:59.806+0000][7][gc,age      ] GC(47) - age   4:     389616 bytes,    3912312 total
[2023-10-31T03:21:59.806+0000][7][gc,age      ] GC(47) - age   5:     273576 bytes,    4185888 total
[2023-10-31T03:21:59.806+0000][7][gc,age      ] GC(47) - age   6:     334056 bytes,    4519944 total
[2023-10-31T03:21:59.806+0000][7][gc,age      ] GC(47) - age   7:     268552 bytes,    4788496 total
[2023-10-31T03:21:59.806+0000][7][gc,age      ] GC(47) - age   8:     217112 bytes,    5005608 total
[2023-10-31T03:21:59.806+0000][7][gc,age      ] GC(47) - age   9:     530576 bytes,    5536184 total
[2023-10-31T03:21:59.806+0000][7][gc,age      ] GC(47) - age  10:     235320 bytes,    5771504 total
[2023-10-31T03:21:59.806+0000][7][gc,age      ] GC(47) - age  11:     532096 bytes,    6303600 total
[2023-10-31T03:21:59.806+0000][7][gc,age      ] GC(47) - age  12:     417336 bytes,    6720936 total
[2023-10-31T03:21:59.806+0000][7][gc,age      ] GC(47) - age  13:     204936 bytes,    6925872 total
[2023-10-31T03:21:59.806+0000][7][gc,age      ] GC(47) - age  14:     270720 bytes,    7196592 total
[2023-10-31T03:21:59.806+0000][7][gc,age      ] GC(47) - age  15:     402808 bytes,    7599400 total
[2023-10-31T03:21:59.807+0000][7][gc,phases   ] GC(47)   Pre Evacuate Collection Set: 0.1ms
[2023-10-31T03:21:59.807+0000][7][gc,phases   ] GC(47)   Merge Heap Roots: 0.1ms
[2023-10-31T03:21:59.807+0000][7][gc,phases   ] GC(47)   Evacuate Collection Set: 13.0ms
[2023-10-31T03:21:59.807+0000][7][gc,phases   ] GC(47)   Post Evacuate Collection Set: 3.0ms
[2023-10-31T03:21:59.807+0000][7][gc,phases   ] GC(47)   Other: 0.8ms
[2023-10-31T03:21:59.807+0000][7][gc,heap     ] GC(47) Eden regions: 72->0(74)
[2023-10-31T03:21:59.807+0000][7][gc,heap     ] GC(47) Survivor regions: 3->2(10)
[2023-10-31T03:21:59.807+0000][7][gc,heap     ] GC(47) Old regions: 23->23
[2023-10-31T03:21:59.807+0000][7][gc,heap     ] GC(47) Archive regions: 2->2
[2023-10-31T03:21:59.807+0000][7][gc,heap     ] GC(47) Humongous regions: 5->5
[2023-10-31T03:21:59.807+0000][7][gc,metaspace] GC(47) Metaspace: 116007K(117632K)->116007K(117632K) NonClass: 100507K(101504K)->100507K(101504K) Class: 15500K(16128K)->15500K(16128K)
[2023-10-31T03:21:59.807+0000][7][gc          ] GC(47) Pause Young (Normal) (G1 Evacuation Pause) 409M->121M(512M) 17.059ms
[2023-10-31T03:21:59.807+0000][7][gc,cpu      ] GC(47) User=0.04s Sys=0.00s Real=0.02s
[2023-10-31T03:21:59.807+0000][7][safepoint   ] Safepoint "G1CollectForAllocation", Time since last: 493911746 ns, Reaching safepoint: 39578 ns, At safepoint: 17199688 ns, Total: 17239266 ns
[2023-10-31T03:22:01.808+0000][7][safepoint   ] Safepoint "Cleanup", Time since last: 2000370262 ns, Reaching safepoint: 278169 ns, At safepoint: 75552 ns, Total: 353721 ns
[2023-10-31T03:22:03.808+0000][7][safepoint   ] Safepoint "Cleanup", Time since last: 2000450932 ns, Reaching safepoint: 115078 ns, At safepoint: 22932 ns, Total: 138010 ns
[2023-10-31T03:22:04.809+0000][7][safepoint   ] Safepoint "Cleanup", Time since last: 1000369926 ns, Reaching safepoint: 89301 ns, At safepoint: 6928 ns, Total: 96229 ns
[2023-10-31T03:22:05.809+0000][7][safepoint   ] Safepoint "Cleanup", Time since last: 1000219198 ns, Reaching safepoint: 146773 ns, At safepoint: 14525 ns, Total: 161298 ns
[2023-10-31T03:22:06.810+0000][7][safepoint   ] Safepoint "Cleanup", Time since last: 1000237970 ns, Reaching safepoint: 180883 ns, At safepoint: 28764 ns, Total: 209647 ns
[2023-10-31T03:22:07.811+0000][7][safepoint   ] Safepoint "Cleanup", Time since last: 1000532982 ns, Reaching safepoint: 361785 ns, At safepoint: 75508 ns, Total: 437293 ns
[2023-10-31T03:22:08.811+0000][7][safepoint   ] Safepoint "Cleanup", Time since last: 1000331578 ns, Reaching safepoint: 151093 ns, At safepoint: 23780 ns, Total: 174873 ns
[2023-10-31T03:22:09.812+0000][7][safepoint   ] Safepoint "Cleanup", Time since last: 1000295720 ns, Reaching safepoint: 157666 ns, At safepoint: 23729 ns, Total: 181395 ns
[2023-10-31T03:22:10.812+0000][7][safepoint   ] Safepoint "Cleanup", Time since last: 1000296269 ns, Reaching safepoint: 90643 ns, At safepoint: 7270 ns, Total: 97913 ns
[2023-10-31T03:22:11.812+0000][7][safepoint   ] Safepoint "Cleanup", Time since last: 1000316500 ns, Reaching safepoint: 208993 ns, At safepoint: 19335 ns, Total: 228328 ns
[2023-10-31T03:22:13.813+0000][7][safepoint   ] Safepoint "Cleanup", Time since last: 2000515723 ns, Reaching safepoint: 229363 ns, At safepoint: 53511 ns, Total: 282874 ns
[2023-10-31T03:22:14.814+0000][7][safepoint   ] Safepoint "Cleanup", Time since last: 1000371669 ns, Reaching safepoint: 295581 ns, At safepoint: 74692 ns, Total: 370273 ns
[2023-10-31T03:22:16.815+0000][7][safepoint   ] Safepoint "Cleanup", Time since last: 2000427200 ns, Reaching safepoint: 96027 ns, At safepoint: 5446 ns, Total: 101473 ns
[2023-10-31T03:22:17.815+0000][7][safepoint   ] Safepoint "Cleanup", Time since last: 1000331675 ns, Reaching safepoint: 306770 ns, At safepoint: 46902 ns, Total: 353672 ns
[2023-10-31T03:22:19.711+0000][7][gc,start    ] GC(48) Pause Young (Normal) (G1 Evacuation Pause)
[2023-10-31T03:22:19.711+0000][7][gc,task     ] GC(48) Using 8 workers of 8 for evacuation
[2023-10-31T03:22:19.711+0000][7][gc,age      ] GC(48) Desired survivor size 20971520 bytes, new threshold 15 (max threshold 15)
[2023-10-31T03:22:19.728+0000][7][gc,age      ] GC(48) Age table with threshold 15 (max threshold 15)
[2023-10-31T03:22:19.728+0000][7][gc,age      ] GC(48) - age   1:    1119400 bytes,    1119400 total
[2023-10-31T03:22:19.728+0000][7][gc,age      ] GC(48) - age   2:    1128928 bytes,    2248328 total
[2023-10-31T03:22:19.728+0000][7][gc,age      ] GC(48) - age   3:     404120 bytes,    2652448 total
[2023-10-31T03:22:19.728+0000][7][gc,age      ] GC(48) - age   4:     637376 bytes,    3289824 total
[2023-10-31T03:22:19.728+0000][7][gc,age      ] GC(48) - age   5:     389200 bytes,    3679024 total
[2023-10-31T03:22:19.728+0000][7][gc,age      ] GC(48) - age   6:     273576 bytes,    3952600 total
[2023-10-31T03:22:19.729+0000][7][gc,age      ] GC(48) - age   7:     334056 bytes,    4286656 total
[2023-10-31T03:22:19.729+0000][7][gc,age      ] GC(48) - age   8:     268296 bytes,    4554952 total
[2023-10-31T03:22:19.729+0000][7][gc,age      ] GC(48) - age   9:     217112 bytes,    4772064 total
[2023-10-31T03:22:19.729+0000][7][gc,age      ] GC(48) - age  10:     530576 bytes,    5302640 total
[2023-10-31T03:22:19.729+0000][7][gc,age      ] GC(48) - age  11:     235320 bytes,    5537960 total
[2023-10-31T03:22:19.729+0000][7][gc,age      ] GC(48) - age  12:     532096 bytes,    6070056 total
[2023-10-31T03:22:19.729+0000][7][gc,age      ] GC(48) - age  13:     417336 bytes,    6487392 total
[2023-10-31T03:22:19.729+0000][7][gc,age      ] GC(48) - age  14:     204936 bytes,    6692328 total
[2023-10-31T03:22:19.729+0000][7][gc,age      ] GC(48) - age  15:     270528 bytes,    6962856 total
[2023-10-31T03:22:19.729+0000][7][gc,phases   ] GC(48)   Pre Evacuate Collection Set: 0.2ms
[2023-10-31T03:22:19.729+0000][7][gc,phases   ] GC(48)   Merge Heap Roots: 0.2ms
[2023-10-31T03:22:19.729+0000][7][gc,phases   ] GC(48)   Evacuate Collection Set: 15.0ms
[2023-10-31T03:22:19.729+0000][7][gc,phases   ] GC(48)   Post Evacuate Collection Set: 1.8ms
[2023-10-31T03:22:19.729+0000][7][gc,phases   ] GC(48)   Other: 0.8ms
[2023-10-31T03:22:19.729+0000][7][gc,heap     ] GC(48) Eden regions: 74->0(74)
[2023-10-31T03:22:19.729+0000][7][gc,heap     ] GC(48) Survivor regions: 2->2(10)
[2023-10-31T03:22:19.729+0000][7][gc,heap     ] GC(48) Old regions: 23->23
[2023-10-31T03:22:19.729+0000][7][gc,heap     ] GC(48) Archive regions: 2->2
[2023-10-31T03:22:19.729+0000][7][gc,heap     ] GC(48) Humongous regions: 5->5
[2023-10-31T03:22:19.729+0000][7][gc,metaspace] GC(48) Metaspace: 116059K(117696K)->116059K(117696K) NonClass: 100557K(101568K)->100557K(101568K) Class: 15501K(16128K)->15501K(16128K)
[2023-10-31T03:22:19.729+0000][7][gc          ] GC(48) Pause Young (Normal) (G1 Evacuation Pause) 417M->121M(512M) 18.137ms
[2023-10-31T03:22:19.729+0000][7][gc,cpu      ] GC(48) User=0.05s Sys=0.00s Real=0.02s
[2023-10-31T03:22:19.729+0000][7][safepoint   ] Safepoint "G1CollectForAllocation", Time since last: 1895322697 ns, Reaching safepoint: 206316 ns, At safepoint: 18342490 ns, Total: 18548806 ns
[2023-10-31T03:22:21.730+0000][7][safepoint   ] Safepoint "Cleanup", Time since last: 2000295706 ns, Reaching safepoint: 428165 ns, At safepoint: 80770 ns, Total: 508935 ns
[2023-10-31T03:22:22.731+0000][7][safepoint   ] Safepoint "Cleanup", Time since last: 1000408794 ns, Reaching safepoint: 184052 ns, At safepoint: 6804 ns, Total: 190856 ns
[2023-10-31T03:22:24.731+0000][7][safepoint   ] Safepoint "Cleanup", Time since last: 2000282536 ns, Reaching safepoint: 163381 ns, At safepoint: 15356 ns, Total: 178737 ns
[2023-10-31T03:22:26.732+0000][7][safepoint   ] Safepoint "Cleanup", Time since last: 2000416966 ns, Reaching safepoint: 199118 ns, At safepoint: 13316 ns, Total: 212434 ns
[2023-10-31T03:22:28.732+0000][7][safepoint   ] Safepoint "Cleanup", Time since last: 2000509310 ns, Reaching safepoint: 331193 ns, At safepoint: 48372 ns, Total: 379565 ns
[2023-10-31T03:22:29.734+0000][7][safepoint   ] Safepoint "Cleanup", Time since last: 1000628827 ns, Reaching safepoint: 375382 ns, At safepoint: 29302 ns, Total: 404684 ns
[2023-10-31T03:22:31.734+0000][7][safepoint   ] Safepoint "Cleanup", Time since last: 2000502763 ns, Reaching safepoint: 200382 ns, At safepoint: 13110 ns, Total: 213492 ns
[2023-10-31T03:22:33.735+0000][7][safepoint   ] Safepoint "Cleanup", Time since last: 2000393118 ns, Reaching safepoint: 387201 ns, At safepoint: 26719 ns, Total: 413920 ns
[2023-10-31T03:22:34.737+0000][7][safepoint   ] Safepoint "Cleanup", Time since last: 1000406308 ns, Reaching safepoint: 1145314 ns, At safepoint: 122660 ns, Total: 1267974 ns
[2023-10-31T03:22:35.738+0000][7][safepoint   ] Safepoint "Cleanup", Time since last: 1000525956 ns, Reaching safepoint: 399914 ns, At safepoint: 39730 ns, Total: 439644 ns
[2023-10-31T03:22:36.739+0000][7][safepoint   ] Safepoint "Cleanup", Time since last: 1000456413 ns, Reaching safepoint: 299849 ns, At safepoint: 84381 ns, Total: 384230 ns
[2023-10-31T03:22:37.739+0000][7][safepoint   ] Safepoint "Cleanup", Time since last: 1000436520 ns, Reaching safepoint: 131597 ns, At safepoint: 4693 ns, Total: 136290 ns
[2023-10-31T03:22:38.739+0000][7][safepoint   ] Safepoint "Cleanup", Time since last: 1000168535 ns, Reaching safepoint: 137456 ns, At safepoint: 19571 ns, Total: 157027 ns
[2023-10-31T03:22:39.740+0000][7][safepoint   ] Safepoint "Cleanup", Time since last: 1000253295 ns, Reaching safepoint: 150919 ns, At safepoint: 26319 ns, Total: 177238 ns
[2023-10-31T03:22:40.741+0000][7][safepoint   ] Safepoint "Cleanup", Time since last: 1000535800 ns, Reaching safepoint: 524366 ns, At safepoint: 112102 ns, Total: 636468 ns
[2023-10-31T03:22:41.634+0000][7][gc,start    ] GC(49) Pause Young (Normal) (G1 Evacuation Pause)
[2023-10-31T03:22:41.634+0000][7][gc,task     ] GC(49) Using 8 workers of 8 for evacuation
[2023-10-31T03:22:41.634+0000][7][gc,age      ] GC(49) Desired survivor size 20971520 bytes, new threshold 15 (max threshold 15)
[2023-10-31T03:22:41.648+0000][7][gc,age      ] GC(49) Age table with threshold 15 (max threshold 15)
[2023-10-31T03:22:41.648+0000][7][gc,age      ] GC(49) - age   1:    1388360 bytes,    1388360 total
[2023-10-31T03:22:41.648+0000][7][gc,age      ] GC(49) - age   2:     974120 bytes,    2362480 total
[2023-10-31T03:22:41.648+0000][7][gc,age      ] GC(49) - age   3:    1002456 bytes,    3364936 total
[2023-10-31T03:22:41.648+0000][7][gc,age      ] GC(49) - age   4:     268480 bytes,    3633416 total
[2023-10-31T03:22:41.648+0000][7][gc,age      ] GC(49) - age   5:     380504 bytes,    4013920 total
[2023-10-31T03:22:41.648+0000][7][gc,age      ] GC(49) - age   6:     388824 bytes,    4402744 total
[2023-10-31T03:22:41.648+0000][7][gc,age      ] GC(49) - age   7:     273576 bytes,    4676320 total
[2023-10-31T03:22:41.648+0000][7][gc,age      ] GC(49) - age   8:     334056 bytes,    5010376 total
[2023-10-31T03:22:41.648+0000][7][gc,age      ] GC(49) - age   9:     268296 bytes,    5278672 total
[2023-10-31T03:22:41.648+0000][7][gc,age      ] GC(49) - age  10:     217112 bytes,    5495784 total
[2023-10-31T03:22:41.648+0000][7][gc,age      ] GC(49) - age  11:     530576 bytes,    6026360 total
[2023-10-31T03:22:41.648+0000][7][gc,age      ] GC(49) - age  12:     235320 bytes,    6261680 total
[2023-10-31T03:22:41.648+0000][7][gc,age      ] GC(49) - age  13:     532096 bytes,    6793776 total
[2023-10-31T03:22:41.648+0000][7][gc,age      ] GC(49) - age  14:     417336 bytes,    7211112 total
[2023-10-31T03:22:41.648+0000][7][gc,age      ] GC(49) - age  15:     204936 bytes,    7416048 total
[2023-10-31T03:22:41.649+0000][7][gc,phases   ] GC(49)   Pre Evacuate Collection Set: 0.1ms
[2023-10-31T03:22:41.649+0000][7][gc,phases   ] GC(49)   Merge Heap Roots: 0.2ms
[2023-10-31T03:22:41.649+0000][7][gc,phases   ] GC(49)   Evacuate Collection Set: 11.9ms
[2023-10-31T03:22:41.649+0000][7][gc,phases   ] GC(49)   Post Evacuate Collection Set: 1.8ms
[2023-10-31T03:22:41.649+0000][7][gc,phases   ] GC(49)   Other: 0.6ms
[2023-10-31T03:22:41.649+0000][7][gc,heap     ] GC(49) Eden regions: 74->0(74)
[2023-10-31T03:22:41.649+0000][7][gc,heap     ] GC(49) Survivor regions: 2->2(10)
[2023-10-31T03:22:41.649+0000][7][gc,heap     ] GC(49) Old regions: 23->23
[2023-10-31T03:22:41.649+0000][7][gc,heap     ] GC(49) Archive regions: 2->2
[2023-10-31T03:22:41.649+0000][7][gc,heap     ] GC(49) Humongous regions: 5->5
[2023-10-31T03:22:41.649+0000][7][gc,metaspace] GC(49) Metaspace: 116138K(117760K)->116138K(117760K) NonClass: 100634K(101632K)->100634K(101632K) Class: 15503K(16128K)->15503K(16128K)
[2023-10-31T03:22:41.649+0000][7][gc          ] GC(49) Pause Young (Normal) (G1 Evacuation Pause) 417M->121M(512M) 14.767ms
[2023-10-31T03:22:41.649+0000][7][gc,cpu      ] GC(49) User=0.04s Sys=0.00s Real=0.02s
[2023-10-31T03:22:41.649+0000][7][safepoint   ] Safepoint "G1CollectForAllocation", Time since last: 892801932 ns, Reaching safepoint: 85725 ns, At safepoint: 15098217 ns, Total: 15183942 ns
[2023-10-31T03:22:43.650+0000][7][safepoint   ] Safepoint "Cleanup", Time since last: 2000734557 ns, Reaching safepoint: 189800 ns, At safepoint: 15122 ns, Total: 204922 ns
[2023-10-31T03:22:44.651+0000][7][safepoint   ] Safepoint "Cleanup", Time since last: 1000512394 ns, Reaching safepoint: 329659 ns, At safepoint: 62614 ns, Total: 392273 ns
[2023-10-31T03:22:45.652+0000][7][safepoint   ] Safepoint "Cleanup", Time since last: 1000548947 ns, Reaching safepoint: 245680 ns, At safepoint: 36295 ns, Total: 281975 ns
[2023-10-31T03:22:46.652+0000][7][safepoint   ] Safepoint "Cleanup", Time since last: 1000398040 ns, Reaching safepoint: 216548 ns, At safepoint: 44985 ns, Total: 261533 ns
[2023-10-31T03:22:47.653+0000][7][safepoint   ] Safepoint "Cleanup", Time since last: 1000550918 ns, Reaching safepoint: 215319 ns, At safepoint: 21311 ns, Total: 236630 ns
[2023-10-31T03:22:49.654+0000][7][safepoint   ] Safepoint "Cleanup", Time since last: 2000406268 ns, Reaching safepoint: 72502 ns, At safepoint: 8279 ns, Total: 80781 ns
[2023-10-31T03:22:50.654+0000][7][safepoint   ] Safepoint "Cleanup", Time since last: 1000163081 ns, Reaching safepoint: 130150 ns, At safepoint: 30085 ns, Total: 160235 ns
[2023-10-31T03:22:51.654+0000][7][safepoint   ] Safepoint "Cleanup", Time since last: 1000345400 ns, Reaching safepoint: 159822 ns, At safepoint: 10970 ns, Total: 170792 ns
[2023-10-31T03:22:52.655+0000][7][safepoint   ] Safepoint "Cleanup", Time since last: 1000202290 ns, Reaching safepoint: 259047 ns, At safepoint: 16832 ns, Total: 275879 ns
[2023-10-31T03:22:53.655+0000][7][safepoint   ] Safepoint "Cleanup", Time since last: 1000222220 ns, Reaching safepoint: 179817 ns, At safepoint: 14045 ns, Total: 193862 ns
[2023-10-31T03:22:54.656+0000][7][safepoint   ] Safepoint "Cleanup", Time since last: 1000219350 ns, Reaching safepoint: 160909 ns, At safepoint: 18156 ns, Total: 179065 ns
[2023-10-31T03:22:56.657+0000][7][safepoint   ] Safepoint "Cleanup", Time since last: 2000494001 ns, Reaching safepoint: 309958 ns, At safepoint: 18550 ns, Total: 328508 ns
[2023-10-31T03:22:57.657+0000][7][safepoint   ] Safepoint "Cleanup", Time since last: 1000491225 ns, Reaching safepoint: 203109 ns, At safepoint: 25131 ns, Total: 228240 ns
[2023-10-31T03:22:58.658+0000][7][safepoint   ] Safepoint "Cleanup", Time since last: 1000313924 ns, Reaching safepoint: 210860 ns, At safepoint: 24595 ns, Total: 235455 ns
[2023-10-31T03:22:59.658+0000][7][safepoint   ] Safepoint "Cleanup", Time since last: 1000406836 ns, Reaching safepoint: 200039 ns, At safepoint: 31399 ns, Total: 231438 ns
[2023-10-31T03:23:01.659+0000][7][safepoint   ] Safepoint "Cleanup", Time since last: 2000434817 ns, Reaching safepoint: 220059 ns, At safepoint: 50499 ns, Total: 270558 ns
[2023-10-31T03:23:04.660+0000][7][safepoint   ] Safepoint "Cleanup", Time since last: 3000788406 ns, Reaching safepoint: 243619 ns, At safepoint: 27646 ns, Total: 271265 ns
[2023-10-31T03:23:04.690+0000][7][gc,start    ] GC(50) Pause Young (Normal) (G1 Evacuation Pause)
[2023-10-31T03:23:04.690+0000][7][gc,task     ] GC(50) Using 8 workers of 8 for evacuation
[2023-10-31T03:23:04.690+0000][7][gc,age      ] GC(50) Desired survivor size 20971520 bytes, new threshold 15 (max threshold 15)
[2023-10-31T03:23:04.705+0000][7][gc,age      ] GC(50) Age table with threshold 15 (max threshold 15)
[2023-10-31T03:23:04.705+0000][7][gc,age      ] GC(50) - age   1:    1985664 bytes,    1985664 total
[2023-10-31T03:23:04.705+0000][7][gc,age      ] GC(50) - age   2:     875872 bytes,    2861536 total
[2023-10-31T03:23:04.705+0000][7][gc,age      ] GC(50) - age   3:     861160 bytes,    3722696 total
[2023-10-31T03:23:04.705+0000][7][gc,age      ] GC(50) - age   4:     611496 bytes,    4334192 total
[2023-10-31T03:23:04.705+0000][7][gc,age      ] GC(50) - age   5:     267968 bytes,    4602160 total
[2023-10-31T03:23:04.705+0000][7][gc,age      ] GC(50) - age   6:     380376 bytes,    4982536 total
[2023-10-31T03:23:04.705+0000][7][gc,age      ] GC(50) - age   7:     388824 bytes,    5371360 total
[2023-10-31T03:23:04.705+0000][7][gc,age      ] GC(50) - age   8:     273576 bytes,    5644936 total
[2023-10-31T03:23:04.705+0000][7][gc,age      ] GC(50) - age   9:     334056 bytes,    5978992 total
[2023-10-31T03:23:04.705+0000][7][gc,age      ] GC(50) - age  10:     268296 bytes,    6247288 total
[2023-10-31T03:23:04.705+0000][7][gc,age      ] GC(50) - age  11:     217112 bytes,    6464400 total
[2023-10-31T03:23:04.705+0000][7][gc,age      ] GC(50) - age  12:     530576 bytes,    6994976 total
[2023-10-31T03:23:04.705+0000][7][gc,age      ] GC(50) - age  13:     235320 bytes,    7230296 total
[2023-10-31T03:23:04.705+0000][7][gc,age      ] GC(50) - age  14:     532072 bytes,    7762368 total
[2023-10-31T03:23:04.705+0000][7][gc,age      ] GC(50) - age  15:     417336 bytes,    8179704 total
[2023-10-31T03:23:04.706+0000][7][gc,phases   ] GC(50)   Pre Evacuate Collection Set: 0.4ms
[2023-10-31T03:23:04.706+0000][7][gc,phases   ] GC(50)   Merge Heap Roots: 0.3ms
[2023-10-31T03:23:04.706+0000][7][gc,phases   ] GC(50)   Evacuate Collection Set: 12.8ms
[2023-10-31T03:23:04.706+0000][7][gc,phases   ] GC(50)   Post Evacuate Collection Set: 1.6ms
[2023-10-31T03:23:04.706+0000][7][gc,phases   ] GC(50)   Other: 1.0ms
[2023-10-31T03:23:04.706+0000][7][gc,heap     ] GC(50) Eden regions: 74->0(74)
[2023-10-31T03:23:04.706+0000][7][gc,heap     ] GC(50) Survivor regions: 2->2(10)
[2023-10-31T03:23:04.706+0000][7][gc,heap     ] GC(50) Old regions: 23->23
[2023-10-31T03:23:04.706+0000][7][gc,heap     ] GC(50) Archive regions: 2->2
[2023-10-31T03:23:04.706+0000][7][gc,heap     ] GC(50) Humongous regions: 5->5
[2023-10-31T03:23:04.706+0000][7][gc,metaspace] GC(50) Metaspace: 116157K(117760K)->116157K(117760K) NonClass: 100653K(101632K)->100653K(101632K) Class: 15503K(16128K)->15503K(16128K)
[2023-10-31T03:23:04.706+0000][7][gc          ] GC(50) Pause Young (Normal) (G1 Evacuation Pause) 417M->122M(512M) 16.127ms
[2023-10-31T03:23:04.706+0000][7][gc,cpu      ] GC(50) User=0.05s Sys=0.00s Real=0.01s
[2023-10-31T03:23:04.706+0000][7][safepoint   ] Safepoint "G1CollectForAllocation", Time since last: 29000863 ns, Reaching safepoint: 232998 ns, At safepoint: 16373245 ns, Total: 16606243 ns
[2023-10-31T03:23:06.706+0000][7][safepoint   ] Safepoint "Cleanup", Time since last: 2000361920 ns, Reaching safepoint: 63364 ns, At safepoint: 3826 ns, Total: 67190 ns
[2023-10-31T03:23:07.707+0000][7][safepoint   ] Safepoint "Cleanup", Time since last: 1000309446 ns, Reaching safepoint: 240251 ns, At safepoint: 29120 ns, Total: 269371 ns
[2023-10-31T03:23:09.708+0000][7][safepoint   ] Safepoint "Cleanup", Time since last: 2000475202 ns, Reaching safepoint: 194607 ns, At safepoint: 62076 ns, Total: 256683 ns
[2023-10-31T03:23:10.709+0000][7][safepoint   ] Safepoint "Cleanup", Time since last: 1000414274 ns, Reaching safepoint: 483106 ns, At safepoint: 110088 ns, Total: 593194 ns
[2023-10-31T03:23:11.709+0000][7][safepoint   ] Safepoint "Cleanup", Time since last: 1000317969 ns, Reaching safepoint: 233716 ns, At safepoint: 50174 ns, Total: 283890 ns
[2023-10-31T03:23:12.710+0000][7][safepoint   ] Safepoint "Cleanup", Time since last: 1000604711 ns, Reaching safepoint: 291780 ns, At safepoint: 103652 ns, Total: 395432 ns
[2023-10-31T03:23:13.711+0000][7][safepoint   ] Safepoint "Cleanup", Time since last: 1000247351 ns, Reaching safepoint: 474202 ns, At safepoint: 64512 ns, Total: 538714 ns
[2023-10-31T03:23:14.712+0000][7][safepoint   ] Safepoint "Cleanup", Time since last: 1000431075 ns, Reaching safepoint: 102404 ns, At safepoint: 8233 ns, Total: 110637 ns
[2023-10-31T03:23:15.712+0000][7][safepoint   ] Safepoint "Cleanup", Time since last: 1000287133 ns, Reaching safepoint: 60379 ns, At safepoint: 41095 ns, Total: 101474 ns
[2023-10-31T03:23:16.712+0000][7][safepoint   ] Safepoint "Cleanup", Time since last: 1000178796 ns, Reaching safepoint: 142129 ns, At safepoint: 15024 ns, Total: 157153 ns
[2023-10-31T03:23:19.713+0000][7][safepoint   ] Safepoint "Cleanup", Time since last: 3000569683 ns, Reaching safepoint: 361665 ns, At safepoint: 39807 ns, Total: 401472 ns
[2023-10-31T03:23:21.714+0000][7][safepoint   ] Safepoint "Cleanup", Time since last: 2000596531 ns, Reaching safepoint: 180158 ns, At safepoint: 63167 ns, Total: 243325 ns
[2023-10-31T03:23:22.715+0000][7][safepoint   ] Safepoint "Cleanup", Time since last: 1000327130 ns, Reaching safepoint: 253197 ns, At safepoint: 38488 ns, Total: 291685 ns
[2023-10-31T03:23:23.716+0000][7][safepoint   ] Safepoint "Cleanup", Time since last: 1000505338 ns, Reaching safepoint: 329395 ns, At safepoint: 46703 ns, Total: 376098 ns
[2023-10-31T03:23:24.716+0000][7][safepoint   ] Safepoint "Cleanup", Time since last: 1000437499 ns, Reaching safepoint: 73136 ns, At safepoint: 7333 ns, Total: 80469 ns
[2023-10-31T03:23:25.999+0000][7][gc,start    ] GC(51) Pause Young (Normal) (G1 Evacuation Pause)
[2023-10-31T03:23:25.999+0000][7][gc,task     ] GC(51) Using 8 workers of 8 for evacuation
[2023-10-31T03:23:25.999+0000][7][gc,age      ] GC(51) Desired survivor size 20971520 bytes, new threshold 15 (max threshold 15)
[2023-10-31T03:23:26.020+0000][7][gc,age      ] GC(51) Age table with threshold 15 (max threshold 15)
[2023-10-31T03:23:26.020+0000][7][gc,age      ] GC(51) - age   1:    2918584 bytes,    2918584 total
[2023-10-31T03:23:26.020+0000][7][gc,age      ] GC(51) - age   2:     903360 bytes,    3821944 total
[2023-10-31T03:23:26.020+0000][7][gc,age      ] GC(51) - age   3:     732824 bytes,    4554768 total
[2023-10-31T03:23:26.020+0000][7][gc,age      ] GC(51) - age   4:     275816 bytes,    4830584 total
[2023-10-31T03:23:26.020+0000][7][gc,age      ] GC(51) - age   5:     274696 bytes,    5105280 total
[2023-10-31T03:23:26.020+0000][7][gc,age      ] GC(51) - age   6:     267840 bytes,    5373120 total
[2023-10-31T03:23:26.020+0000][7][gc,age      ] GC(51) - age   7:     380376 bytes,    5753496 total
[2023-10-31T03:23:26.020+0000][7][gc,age      ] GC(51) - age   8:     388824 bytes,    6142320 total
[2023-10-31T03:23:26.020+0000][7][gc,age      ] GC(51) - age   9:     273576 bytes,    6415896 total
[2023-10-31T03:23:26.020+0000][7][gc,age      ] GC(51) - age  10:     334056 bytes,    6749952 total
[2023-10-31T03:23:26.020+0000][7][gc,age      ] GC(51) - age  11:     268296 bytes,    7018248 total
[2023-10-31T03:23:26.020+0000][7][gc,age      ] GC(51) - age  12:     217112 bytes,    7235360 total
[2023-10-31T03:23:26.020+0000][7][gc,age      ] GC(51) - age  13:     530576 bytes,    7765936 total
[2023-10-31T03:23:26.020+0000][7][gc,age      ] GC(51) - age  14:     235320 bytes,    8001256 total
[2023-10-31T03:23:26.020+0000][7][gc,age      ] GC(51) - age  15:     532072 bytes,    8533328 total
[2023-10-31T03:23:26.020+0000][7][gc,phases   ] GC(51)   Pre Evacuate Collection Set: 0.1ms
[2023-10-31T03:23:26.020+0000][7][gc,phases   ] GC(51)   Merge Heap Roots: 0.1ms
[2023-10-31T03:23:26.020+0000][7][gc,phases   ] GC(51)   Evacuate Collection Set: 17.2ms
[2023-10-31T03:23:26.020+0000][7][gc,phases   ] GC(51)   Post Evacuate Collection Set: 3.3ms
[2023-10-31T03:23:26.020+0000][7][gc,phases   ] GC(51)   Other: 0.5ms
[2023-10-31T03:23:26.020+0000][7][gc,heap     ] GC(51) Eden regions: 74->0(72)
[2023-10-31T03:23:26.020+0000][7][gc,heap     ] GC(51) Survivor regions: 2->3(10)
[2023-10-31T03:23:26.020+0000][7][gc,heap     ] GC(51) Old regions: 23->23
[2023-10-31T03:23:26.020+0000][7][gc,heap     ] GC(51) Archive regions: 2->2
[2023-10-31T03:23:26.020+0000][7][gc,heap     ] GC(51) Humongous regions: 5->5
[2023-10-31T03:23:26.020+0000][7][gc,metaspace] GC(51) Metaspace: 116170K(117760K)->116170K(117760K) NonClass: 100666K(101632K)->100666K(101632K) Class: 15503K(16128K)->15503K(16128K)
[2023-10-31T03:23:26.020+0000][7][gc          ] GC(51) Pause Young (Normal) (G1 Evacuation Pause) 418M->123M(512M) 21.240ms
[2023-10-31T03:23:26.020+0000][7][gc,cpu      ] GC(51) User=0.05s Sys=0.01s Real=0.02s
[2023-10-31T03:23:26.020+0000][7][safepoint   ] Safepoint "G1CollectForAllocation", Time since last: 1282784033 ns, Reaching safepoint: 45179 ns, At safepoint: 21386749 ns, Total: 21431928 ns
[2023-10-31T03:23:27.021+0000][7][safepoint   ] Safepoint "Cleanup", Time since last: 1000203287 ns, Reaching safepoint: 185820 ns, At safepoint: 68136 ns, Total: 253956 ns
[2023-10-31T03:23:28.021+0000][7][safepoint   ] Safepoint "Cleanup", Time since last: 1000213132 ns, Reaching safepoint: 176259 ns, At safepoint: 33442 ns, Total: 209701 ns
[2023-10-31T03:23:29.022+0000][7][safepoint   ] Safepoint "Cleanup", Time since last: 1000482736 ns, Reaching safepoint: 299003 ns, At safepoint: 22539 ns, Total: 321542 ns
[2023-10-31T03:23:32.023+0000][7][safepoint   ] Safepoint "Cleanup", Time since last: 3000829754 ns, Reaching safepoint: 178662 ns, At safepoint: 14774 ns, Total: 193436 ns
[2023-10-31T03:23:34.020+0000][7][safepoint   ] Safepoint "Cleanup", Time since last: 1996860744 ns, Reaching safepoint: 411713 ns, At safepoint: 59466 ns, Total: 471179 ns
[2023-10-31T03:23:35.021+0000][7][safepoint   ] Safepoint "Cleanup", Time since last: 1000532806 ns, Reaching safepoint: 331617 ns, At safepoint: 35864 ns, Total: 367481 ns
[2023-10-31T03:23:37.022+0000][7][safepoint   ] Safepoint "Cleanup", Time since last: 2000605338 ns, Reaching safepoint: 247960 ns, At safepoint: 61233 ns, Total: 309193 ns
[2023-10-31T03:23:38.025+0000][7][safepoint   ] Safepoint "Cleanup", Time since last: 1001640286 ns, Reaching safepoint: 1460561 ns, At safepoint: 126929 ns, Total: 1587490 ns
[2023-10-31T03:23:39.026+0000][7][safepoint   ] Safepoint "Cleanup", Time since last: 1000518054 ns, Reaching safepoint: 301050 ns, At safepoint: 99126 ns, Total: 400176 ns
[2023-10-31T03:23:41.027+0000][7][safepoint   ] Safepoint "Cleanup", Time since last: 2000421468 ns, Reaching safepoint: 285008 ns, At safepoint: 61971 ns, Total: 346979 ns
[2023-10-31T03:23:42.028+0000][7][safepoint   ] Safepoint "Cleanup", Time since last: 1000355055 ns, Reaching safepoint: 125655 ns, At safepoint: 9124 ns, Total: 134779 ns
[2023-10-31T03:23:44.028+0000][7][safepoint   ] Safepoint "Cleanup", Time since last: 2000310844 ns, Reaching safepoint: 187292 ns, At safepoint: 39771 ns, Total: 227063 ns
[2023-10-31T03:23:45.028+0000][7][safepoint   ] Safepoint "Cleanup", Time since last: 1000301717 ns, Reaching safepoint: 52252 ns, At safepoint: 14306 ns, Total: 66558 ns
[2023-10-31T03:23:47.029+0000][7][safepoint   ] Safepoint "Cleanup", Time since last: 2000430287 ns, Reaching safepoint: 190993 ns, At safepoint: 17394 ns, Total: 208387 ns
[2023-10-31T03:23:47.268+0000][7][gc,start    ] GC(52) Pause Young (Normal) (G1 Evacuation Pause)
[2023-10-31T03:23:47.268+0000][7][gc,task     ] GC(52) Using 8 workers of 8 for evacuation
[2023-10-31T03:23:47.271+0000][7][gc,age      ] GC(52) Desired survivor size 20971520 bytes, new threshold 15 (max threshold 15)
[2023-10-31T03:23:47.293+0000][7][gc,age      ] GC(52) Age table with threshold 15 (max threshold 15)
[2023-10-31T03:23:47.293+0000][7][gc,age      ] GC(52) - age   1:    2490456 bytes,    2490456 total
[2023-10-31T03:23:47.293+0000][7][gc,age      ] GC(52) - age   2:    1522136 bytes,    4012592 total
[2023-10-31T03:23:47.293+0000][7][gc,age      ] GC(52) - age   3:     745976 bytes,    4758568 total
[2023-10-31T03:23:47.293+0000][7][gc,age      ] GC(52) - age   4:     353680 bytes,    5112248 total
[2023-10-31T03:23:47.293+0000][7][gc,age      ] GC(52) - age   5:     274984 bytes,    5387232 total
[2023-10-31T03:23:47.293+0000][7][gc,age      ] GC(52) - age   6:     274088 bytes,    5661320 total
[2023-10-31T03:23:47.293+0000][7][gc,age      ] GC(52) - age   7:     267776 bytes,    5929096 total
[2023-10-31T03:23:47.293+0000][7][gc,age      ] GC(52) - age   8:     380176 bytes,    6309272 total
[2023-10-31T03:23:47.293+0000][7][gc,age      ] GC(52) - age   9:     388824 bytes,    6698096 total
[2023-10-31T03:23:47.293+0000][7][gc,age      ] GC(52) - age  10:     273512 bytes,    6971608 total
[2023-10-31T03:23:47.293+0000][7][gc,age      ] GC(52) - age  11:     334056 bytes,    7305664 total
[2023-10-31T03:23:47.293+0000][7][gc,age      ] GC(52) - age  12:     268296 bytes,    7573960 total
[2023-10-31T03:23:47.293+0000][7][gc,age      ] GC(52) - age  13:     217112 bytes,    7791072 total
[2023-10-31T03:23:47.294+0000][7][gc,age      ] GC(52) - age  14:     530576 bytes,    8321648 total
[2023-10-31T03:23:47.294+0000][7][gc,age      ] GC(52) - age  15:     235320 bytes,    8556968 total
[2023-10-31T03:23:47.294+0000][7][gc,phases   ] GC(52)   Pre Evacuate Collection Set: 3.1ms
[2023-10-31T03:23:47.294+0000][7][gc,phases   ] GC(52)   Merge Heap Roots: 0.3ms
[2023-10-31T03:23:47.294+0000][7][gc,phases   ] GC(52)   Evacuate Collection Set: 17.6ms
[2023-10-31T03:23:47.294+0000][7][gc,phases   ] GC(52)   Post Evacuate Collection Set: 2.9ms
[2023-10-31T03:23:47.294+0000][7][gc,phases   ] GC(52)   Other: 1.8ms
[2023-10-31T03:23:47.294+0000][7][gc,heap     ] GC(52) Eden regions: 72->0(72)
[2023-10-31T03:23:47.294+0000][7][gc,heap     ] GC(52) Survivor regions: 3->3(10)
[2023-10-31T03:23:47.294+0000][7][gc,heap     ] GC(52) Old regions: 23->23
[2023-10-31T03:23:47.294+0000][7][gc,heap     ] GC(52) Archive regions: 2->2
[2023-10-31T03:23:47.294+0000][7][gc,heap     ] GC(52) Humongous regions: 5->5
[2023-10-31T03:23:47.294+0000][7][gc,metaspace] GC(52) Metaspace: 116183K(117760K)->116183K(117760K) NonClass: 100679K(101632K)->100679K(101632K) Class: 15503K(16128K)->15503K(16128K)
[2023-10-31T03:23:47.294+0000][7][gc          ] GC(52) Pause Young (Normal) (G1 Evacuation Pause) 411M->124M(512M) 25.885ms
[2023-10-31T03:23:47.294+0000][7][gc,cpu      ] GC(52) User=0.08s Sys=0.00s Real=0.02s
[2023-10-31T03:23:47.294+0000][7][safepoint   ] Safepoint "G1CollectForAllocation", Time since last: 238838475 ns, Reaching safepoint: 123046 ns, At safepoint: 26219598 ns, Total: 26342644 ns
[2023-10-31T03:23:48.525+0000][7][safepoint   ] Safepoint "Cleanup", Time since last: 1230353328 ns, Reaching safepoint: 337916 ns, At safepoint: 78407 ns, Total: 416323 ns
[2023-10-31T03:23:49.526+0000][7][safepoint   ] Safepoint "Cleanup", Time since last: 1000693530 ns, Reaching safepoint: 203546 ns, At safepoint: 17145 ns, Total: 220691 ns
[2023-10-31T03:23:50.527+0000][7][safepoint   ] Safepoint "Cleanup", Time since last: 1000505260 ns, Reaching safepoint: 213245 ns, At safepoint: 19875 ns, Total: 233120 ns
[2023-10-31T03:23:51.527+0000][7][safepoint   ] Safepoint "Cleanup", Time since last: 1000322335 ns, Reaching safepoint: 202293 ns, At safepoint: 15596 ns, Total: 217889 ns
[2023-10-31T03:23:53.528+0000][7][safepoint   ] Safepoint "Cleanup", Time since last: 2000375640 ns, Reaching safepoint: 240027 ns, At safepoint: 43078 ns, Total: 283105 ns
[2023-10-31T03:23:54.529+0000][7][safepoint   ] Safepoint "Cleanup", Time since last: 1000436183 ns, Reaching safepoint: 190704 ns, At safepoint: 16829 ns, Total: 207533 ns
[2023-10-31T03:23:56.529+0000][7][safepoint   ] Safepoint "Cleanup", Time since last: 2000454226 ns, Reaching safepoint: 225319 ns, At safepoint: 20444 ns, Total: 245763 ns
[2023-10-31T03:23:59.530+0000][7][safepoint   ] Safepoint "Cleanup", Time since last: 3000573366 ns, Reaching safepoint: 324164 ns, At safepoint: 31230 ns, Total: 355394 ns
[2023-10-31T03:24:02.532+0000][7][safepoint   ] Safepoint "Cleanup", Time since last: 3001141731 ns, Reaching safepoint: 314165 ns, At safepoint: 89925 ns, Total: 404090 ns
[2023-10-31T03:24:04.533+0000][7][safepoint   ] Safepoint "Cleanup", Time since last: 2000635128 ns, Reaching safepoint: 287504 ns, At safepoint: 12411 ns, Total: 299915 ns
[2023-10-31T03:24:06.533+0000][7][safepoint   ] Safepoint "Cleanup", Time since last: 2000421953 ns, Reaching safepoint: 222159 ns, At safepoint: 46559 ns, Total: 268718 ns
[2023-10-31T03:24:08.534+0000][7][safepoint   ] Safepoint "Cleanup", Time since last: 2000560792 ns, Reaching safepoint: 100657 ns, At safepoint: 6004 ns, Total: 106661 ns
[2023-10-31T03:24:09.535+0000][7][safepoint   ] Safepoint "Cleanup", Time since last: 1000319757 ns, Reaching safepoint: 275080 ns, At safepoint: 31498 ns, Total: 306578 ns
[2023-10-31T03:24:09.570+0000][7][safepoint   ] Safepoint "G1CollectForAllocation", Time since last: 34689370 ns, Reaching safepoint: 318295 ns, At safepoint: 67138 ns, Total: 385433 ns
[2023-10-31T03:24:09.571+0000][7][gc,start    ] GC(53) Pause Young (Normal) (GCLocker Initiated GC)
[2023-10-31T03:24:09.571+0000][7][gc,task     ] GC(53) Using 8 workers of 8 for evacuation
[2023-10-31T03:24:09.571+0000][7][gc,age      ] GC(53) Desired survivor size 20971520 bytes, new threshold 15 (max threshold 15)
[2023-10-31T03:24:09.586+0000][7][gc,age      ] GC(53) Age table with threshold 15 (max threshold 15)
[2023-10-31T03:24:09.586+0000][7][gc,age      ] GC(53) - age   1:    1198592 bytes,    1198592 total
[2023-10-31T03:24:09.586+0000][7][gc,age      ] GC(53) - age   2:     915952 bytes,    2114544 total
[2023-10-31T03:24:09.586+0000][7][gc,age      ] GC(53) - age   3:    1372688 bytes,    3487232 total
[2023-10-31T03:24:09.586+0000][7][gc,age      ] GC(53) - age   4:     369448 bytes,    3856680 total
[2023-10-31T03:24:09.586+0000][7][gc,age      ] GC(53) - age   5:     353552 bytes,    4210232 total
[2023-10-31T03:24:09.587+0000][7][gc,age      ] GC(53) - age   6:     274920 bytes,    4485152 total
[2023-10-31T03:24:09.587+0000][7][gc,age      ] GC(53) - age   7:     274088 bytes,    4759240 total
[2023-10-31T03:24:09.587+0000][7][gc,age      ] GC(53) - age   8:     267776 bytes,    5027016 total
[2023-10-31T03:24:09.587+0000][7][gc,age      ] GC(53) - age   9:     379864 bytes,    5406880 total
[2023-10-31T03:24:09.587+0000][7][gc,age      ] GC(53) - age  10:     388824 bytes,    5795704 total
[2023-10-31T03:24:09.587+0000][7][gc,age      ] GC(53) - age  11:     273512 bytes,    6069216 total
[2023-10-31T03:24:09.587+0000][7][gc,age      ] GC(53) - age  12:     334056 bytes,    6403272 total
[2023-10-31T03:24:09.587+0000][7][gc,age      ] GC(53) - age  13:     268296 bytes,    6671568 total
[2023-10-31T03:24:09.587+0000][7][gc,age      ] GC(53) - age  14:     217112 bytes,    6888680 total
[2023-10-31T03:24:09.587+0000][7][gc,age      ] GC(53) - age  15:     530576 bytes,    7419256 total
[2023-10-31T03:24:09.587+0000][7][gc,phases   ] GC(53)   Pre Evacuate Collection Set: 0.5ms
[2023-10-31T03:24:09.587+0000][7][gc,phases   ] GC(53)   Merge Heap Roots: 0.3ms
[2023-10-31T03:24:09.587+0000][7][gc,phases   ] GC(53)   Evacuate Collection Set: 11.5ms
[2023-10-31T03:24:09.587+0000][7][gc,phases   ] GC(53)   Post Evacuate Collection Set: 2.5ms
[2023-10-31T03:24:09.587+0000][7][gc,phases   ] GC(53)   Other: 1.9ms
[2023-10-31T03:24:09.587+0000][7][gc,heap     ] GC(53) Eden regions: 72->0(73)
[2023-10-31T03:24:09.587+0000][7][gc,heap     ] GC(53) Survivor regions: 3->2(10)
[2023-10-31T03:24:09.587+0000][7][gc,heap     ] GC(53) Old regions: 23->24
[2023-10-31T03:24:09.587+0000][7][gc,heap     ] GC(53) Archive regions: 2->2
[2023-10-31T03:24:09.588+0000][7][gc,heap     ] GC(53) Humongous regions: 5->5
[2023-10-31T03:24:09.588+0000][7][gc,metaspace] GC(53) Metaspace: 116188K(117760K)->116188K(117760K) NonClass: 100684K(101632K)->100684K(101632K) Class: 15503K(16128K)->15503K(16128K)
[2023-10-31T03:24:09.588+0000][7][gc          ] GC(53) Pause Young (Normal) (GCLocker Initiated GC) 412M->123M(512M) 16.958ms
[2023-10-31T03:24:09.588+0000][7][gc,cpu      ] GC(53) User=0.05s Sys=0.01s Real=0.02s
[2023-10-31T03:24:09.588+0000][7][safepoint   ] Safepoint "G1CollectForAllocation", Time since last: 548841 ns, Reaching safepoint: 200746 ns, At safepoint: 17527306 ns, Total: 17728052 ns
[2023-10-31T03:24:11.589+0000][7][safepoint   ] Safepoint "Cleanup", Time since last: 2000355210 ns, Reaching safepoint: 385404 ns, At safepoint: 41018 ns, Total: 426422 ns
[2023-10-31T03:24:14.590+0000][7][safepoint   ] Safepoint "Cleanup", Time since last: 3000947065 ns, Reaching safepoint: 214613 ns, At safepoint: 26637 ns, Total: 241250 ns
[2023-10-31T03:24:15.591+0000][7][safepoint   ] Safepoint "Cleanup", Time since last: 1000468085 ns, Reaching safepoint: 191326 ns, At safepoint: 65256 ns, Total: 256582 ns
[2023-10-31T03:24:16.591+0000][7][safepoint   ] Safepoint "Cleanup", Time since last: 1000255227 ns, Reaching safepoint: 136696 ns, At safepoint: 31428 ns, Total: 168124 ns
[2023-10-31T03:24:17.592+0000][7][safepoint   ] Safepoint "Cleanup", Time since last: 1000263959 ns, Reaching safepoint: 193712 ns, At safepoint: 16169 ns, Total: 209881 ns
[2023-10-31T03:24:19.593+0000][7][safepoint   ] Safepoint "Cleanup", Time since last: 2000858435 ns, Reaching safepoint: 151828 ns, At safepoint: 18762 ns, Total: 170590 ns
[2023-10-31T03:24:20.593+0000][7][safepoint   ] Safepoint "Cleanup", Time since last: 1000307316 ns, Reaching safepoint: 134602 ns, At safepoint: 12018 ns, Total: 146620 ns
[2023-10-31T03:24:21.594+0000][7][safepoint   ] Safepoint "Cleanup", Time since last: 1000275844 ns, Reaching safepoint: 272502 ns, At safepoint: 33034 ns, Total: 305536 ns
[2023-10-31T03:24:23.595+0000][7][safepoint   ] Safepoint "Cleanup", Time since last: 2000564897 ns, Reaching safepoint: 301628 ns, At safepoint: 11427 ns, Total: 313055 ns
[2023-10-31T03:24:24.595+0000][7][safepoint   ] Safepoint "Cleanup", Time since last: 1000319940 ns, Reaching safepoint: 292320 ns, At safepoint: 37702 ns, Total: 330022 ns
[2023-10-31T03:24:26.596+0000][7][safepoint   ] Safepoint "Cleanup", Time since last: 2000468349 ns, Reaching safepoint: 256161 ns, At safepoint: 49172 ns, Total: 305333 ns
[2023-10-31T03:24:27.597+0000][7][safepoint   ] Safepoint "Cleanup", Time since last: 1000681904 ns, Reaching safepoint: 250272 ns, At safepoint: 23974 ns, Total: 274246 ns
[2023-10-31T03:24:29.598+0000][7][safepoint   ] Safepoint "Cleanup", Time since last: 2000536163 ns, Reaching safepoint: 62252 ns, At safepoint: 12905 ns, Total: 75157 ns
[2023-10-31T03:24:30.659+0000][7][gc,start    ] GC(54) Pause Young (Normal) (G1 Evacuation Pause)
[2023-10-31T03:24:30.659+0000][7][gc,task     ] GC(54) Using 8 workers of 8 for evacuation
[2023-10-31T03:24:30.659+0000][7][gc,age      ] GC(54) Desired survivor size 20971520 bytes, new threshold 15 (max threshold 15)
[2023-10-31T03:24:30.676+0000][7][gc,age      ] GC(54) Age table with threshold 15 (max threshold 15)
[2023-10-31T03:24:30.676+0000][7][gc,age      ] GC(54) - age   1:    2962808 bytes,    2962808 total
[2023-10-31T03:24:30.676+0000][7][gc,age      ] GC(54) - age   2:     725592 bytes,    3688400 total
[2023-10-31T03:24:30.676+0000][7][gc,age      ] GC(54) - age   3:     892032 bytes,    4580432 total
[2023-10-31T03:24:30.676+0000][7][gc,age      ] GC(54) - age   4:     338824 bytes,    4919256 total
[2023-10-31T03:24:30.676+0000][7][gc,age      ] GC(54) - age   5:     301544 bytes,    5220800 total
[2023-10-31T03:24:30.676+0000][7][gc,age      ] GC(54) - age   6:     350480 bytes,    5571280 total
[2023-10-31T03:24:30.676+0000][7][gc,age      ] GC(54) - age   7:     274856 bytes,    5846136 total
[2023-10-31T03:24:30.676+0000][7][gc,age      ] GC(54) - age   8:     273712 bytes,    6119848 total
[2023-10-31T03:24:30.676+0000][7][gc,age      ] GC(54) - age   9:     267776 bytes,    6387624 total
[2023-10-31T03:24:30.676+0000][7][gc,age      ] GC(54) - age  10:     379864 bytes,    6767488 total
[2023-10-31T03:24:30.676+0000][7][gc,age      ] GC(54) - age  11:     388824 bytes,    7156312 total
[2023-10-31T03:24:30.676+0000][7][gc,age      ] GC(54) - age  12:     273512 bytes,    7429824 total
[2023-10-31T03:24:30.676+0000][7][gc,age      ] GC(54) - age  13:     334056 bytes,    7763880 total
[2023-10-31T03:24:30.676+0000][7][gc,age      ] GC(54) - age  14:     268296 bytes,    8032176 total
[2023-10-31T03:24:30.676+0000][7][gc,age      ] GC(54) - age  15:     217112 bytes,    8249288 total
[2023-10-31T03:24:30.676+0000][7][gc,phases   ] GC(54)   Pre Evacuate Collection Set: 0.1ms
[2023-10-31T03:24:30.676+0000][7][gc,phases   ] GC(54)   Merge Heap Roots: 0.1ms
[2023-10-31T03:24:30.676+0000][7][gc,phases   ] GC(54)   Evacuate Collection Set: 14.0ms
[2023-10-31T03:24:30.676+0000][7][gc,phases   ] GC(54)   Post Evacuate Collection Set: 2.4ms
[2023-10-31T03:24:30.676+0000][7][gc,phases   ] GC(54)   Other: 0.7ms
[2023-10-31T03:24:30.676+0000][7][gc,heap     ] GC(54) Eden regions: 73->0(72)
[2023-10-31T03:24:30.676+0000][7][gc,heap     ] GC(54) Survivor regions: 2->2(10)
[2023-10-31T03:24:30.676+0000][7][gc,heap     ] GC(54) Old regions: 24->24
[2023-10-31T03:24:30.676+0000][7][gc,heap     ] GC(54) Archive regions: 2->2
[2023-10-31T03:24:30.676+0000][7][gc,heap     ] GC(54) Humongous regions: 5->5
[2023-10-31T03:24:30.676+0000][7][gc,metaspace] GC(54) Metaspace: 116240K(117824K)->116240K(117824K) NonClass: 100736K(101696K)->100736K(101696K) Class: 15503K(16128K)->15503K(16128K)
[2023-10-31T03:24:30.676+0000][7][gc          ] GC(54) Pause Young (Normal) (G1 Evacuation Pause) 415M->124M(512M) 17.278ms
[2023-10-31T03:24:30.676+0000][7][gc,cpu      ] GC(54) User=0.04s Sys=0.00s Real=0.02s
[2023-10-31T03:24:30.676+0000][7][safepoint   ] Safepoint "G1CollectForAllocation", Time since last: 1061271951 ns, Reaching safepoint: 139000 ns, At safepoint: 17442788 ns, Total: 17581788 ns
[2023-10-31T03:24:31.677+0000][7][safepoint   ] Safepoint "Cleanup", Time since last: 1000209393 ns, Reaching safepoint: 207024 ns, At safepoint: 24592 ns, Total: 231616 ns
[2023-10-31T03:24:34.678+0000][7][safepoint   ] Safepoint "Cleanup", Time since last: 3000602701 ns, Reaching safepoint: 142126 ns, At safepoint: 9357 ns, Total: 151483 ns
[2023-10-31T03:24:36.678+0000][7][safepoint   ] Safepoint "Cleanup", Time since last: 2000359770 ns, Reaching safepoint: 323137 ns, At safepoint: 36219 ns, Total: 359356 ns
[2023-10-31T03:24:37.679+0000][7][safepoint   ] Safepoint "Cleanup", Time since last: 1000550157 ns, Reaching safepoint: 447490 ns, At safepoint: 77978 ns, Total: 525468 ns
[2023-10-31T03:24:38.747+0000][7][safepoint   ] Safepoint "Cleanup", Time since last: 1067797529 ns, Reaching safepoint: 77334 ns, At safepoint: 4050 ns, Total: 81384 ns
[2023-10-31T03:24:39.748+0000][7][safepoint   ] Safepoint "Cleanup", Time since last: 1000159597 ns, Reaching safepoint: 102578 ns, At safepoint: 5671 ns, Total: 108249 ns
[2023-10-31T03:24:40.749+0000][7][safepoint   ] Safepoint "Cleanup", Time since last: 1000249658 ns, Reaching safepoint: 816109 ns, At safepoint: 50799 ns, Total: 866908 ns
[2023-10-31T03:24:41.749+0000][7][safepoint   ] Safepoint "Cleanup", Time since last: 1000310539 ns, Reaching safepoint: 34831 ns, At safepoint: 4611 ns, Total: 39442 ns
[2023-10-31T03:24:42.749+0000][7][safepoint   ] Safepoint "Cleanup", Time since last: 1000170588 ns, Reaching safepoint: 108820 ns, At safepoint: 7483 ns, Total: 116303 ns
[2023-10-31T03:24:43.750+0000][7][safepoint   ] Safepoint "Cleanup", Time since last: 1000349860 ns, Reaching safepoint: 38037 ns, At safepoint: 5559 ns, Total: 43596 ns
[2023-10-31T03:24:44.750+0000][7][safepoint   ] Safepoint "Cleanup", Time since last: 1000126564 ns, Reaching safepoint: 51250 ns, At safepoint: 16615 ns, Total: 67865 ns
[2023-10-31T03:24:45.750+0000][7][safepoint   ] Safepoint "Cleanup", Time since last: 1000138769 ns, Reaching safepoint: 56722 ns, At safepoint: 3763 ns, Total: 60485 ns
[2023-10-31T03:24:46.750+0000][7][safepoint   ] Safepoint "Cleanup", Time since last: 1000094497 ns, Reaching safepoint: 39625 ns, At safepoint: 4652 ns, Total: 44277 ns
[2023-10-31T03:24:47.563+0000][7][safepoint   ] Safepoint "ICBufferFull", Time since last: 812405164 ns, Reaching safepoint: 139726 ns, At safepoint: 4852 ns, Total: 144578 ns
[2023-10-31T03:24:47.617+0000][7][safepoint   ] Safepoint "ICBufferFull", Time since last: 54479479 ns, Reaching safepoint: 108080 ns, At safepoint: 7246 ns, Total: 115326 ns
[2023-10-31T03:24:47.756+0000][7][safepoint   ] Safepoint "ICBufferFull", Time since last: 138303963 ns, Reaching safepoint: 59768 ns, At safepoint: 7484 ns, Total: 67252 ns
[2023-10-31T03:24:47.891+0000][7][safepoint   ] Safepoint "ICBufferFull", Time since last: 134776790 ns, Reaching safepoint: 46930 ns, At safepoint: 5721 ns, Total: 52651 ns
[2023-10-31T03:24:47.960+0000][7][safepoint   ] Safepoint "ICBufferFull", Time since last: 69077011 ns, Reaching safepoint: 44698 ns, At safepoint: 10447 ns, Total: 55145 ns
[2023-10-31T03:24:48.025+0000][7][safepoint   ] Safepoint "ICBufferFull", Time since last: 65138424 ns, Reaching safepoint: 56776 ns, At safepoint: 6965 ns, Total: 63741 ns
[2023-10-31T03:24:48.106+0000][7][safepoint   ] Safepoint "ICBufferFull", Time since last: 81061085 ns, Reaching safepoint: 53379 ns, At safepoint: 4318 ns, Total: 57697 ns
[2023-10-31T03:24:48.172+0000][7][safepoint   ] Safepoint "ICBufferFull", Time since last: 65965967 ns, Reaching safepoint: 58605 ns, At safepoint: 18420 ns, Total: 77025 ns
[2023-10-31T03:24:48.271+0000][7][safepoint   ] Safepoint "ICBufferFull", Time since last: 98527059 ns, Reaching safepoint: 60881 ns, At safepoint: 5535 ns, Total: 66416 ns
[2023-10-31T03:24:48.365+0000][7][safepoint   ] Safepoint "ICBufferFull", Time since last: 94750415 ns, Reaching safepoint: 48710 ns, At safepoint: 4147 ns, Total: 52857 ns
[2023-10-31T03:24:48.433+0000][7][safepoint   ] Safepoint "ICBufferFull", Time since last: 67494681 ns, Reaching safepoint: 35105 ns, At safepoint: 4686 ns, Total: 39791 ns
[2023-10-31T03:24:48.502+0000][7][safepoint   ] Safepoint "ICBufferFull", Time since last: 69428371 ns, Reaching safepoint: 39374 ns, At safepoint: 6813 ns, Total: 46187 ns
[2023-10-31T03:24:48.588+0000][7][safepoint   ] Safepoint "ICBufferFull", Time since last: 85251890 ns, Reaching safepoint: 37938 ns, At safepoint: 5731 ns, Total: 43669 ns
[2023-10-31T03:24:48.660+0000][7][safepoint   ] Safepoint "ICBufferFull", Time since last: 72483266 ns, Reaching safepoint: 41202 ns, At safepoint: 4993 ns, Total: 46195 ns
[2023-10-31T03:24:49.660+0000][7][safepoint   ] Safepoint "Cleanup", Time since last: 1000124123 ns, Reaching safepoint: 51153 ns, At safepoint: 8652 ns, Total: 59805 ns
[2023-10-31T03:24:49.680+0000][7][gc,start    ] GC(55) Pause Young (Normal) (G1 Evacuation Pause)
[2023-10-31T03:24:49.680+0000][7][gc,task     ] GC(55) Using 8 workers of 8 for evacuation
[2023-10-31T03:24:49.681+0000][7][gc,age      ] GC(55) Desired survivor size 20971520 bytes, new threshold 15 (max threshold 15)
[2023-10-31T03:24:49.684+0000][7][gc,age      ] GC(55) Age table with threshold 15 (max threshold 15)
[2023-10-31T03:24:49.684+0000][7][gc,age      ] GC(55) - age   1:    1480856 bytes,    1480856 total
[2023-10-31T03:24:49.684+0000][7][gc,age      ] GC(55) - age   2:    2252080 bytes,    3732936 total
[2023-10-31T03:24:49.684+0000][7][gc,age      ] GC(55) - age   3:     723992 bytes,    4456928 total
[2023-10-31T03:24:49.684+0000][7][gc,age      ] GC(55) - age   4:     762248 bytes,    5219176 total
[2023-10-31T03:24:49.684+0000][7][gc,age      ] GC(55) - age   5:     333984 bytes,    5553160 total
[2023-10-31T03:24:49.684+0000][7][gc,age      ] GC(55) - age   6:     301352 bytes,    5854512 total
[2023-10-31T03:24:49.684+0000][7][gc,age      ] GC(55) - age   7:     350296 bytes,    6204808 total
[2023-10-31T03:24:49.684+0000][7][gc,age      ] GC(55) - age   8:     274856 bytes,    6479664 total
[2023-10-31T03:24:49.684+0000][7][gc,age      ] GC(55) - age   9:     273712 bytes,    6753376 total
[2023-10-31T03:24:49.684+0000][7][gc,age      ] GC(55) - age  10:     267776 bytes,    7021152 total
[2023-10-31T03:24:49.684+0000][7][gc,age      ] GC(55) - age  11:     379864 bytes,    7401016 total
[2023-10-31T03:24:49.684+0000][7][gc,age      ] GC(55) - age  12:     387488 bytes,    7788504 total
[2023-10-31T03:24:49.684+0000][7][gc,age      ] GC(55) - age  13:     273512 bytes,    8062016 total
[2023-10-31T03:24:49.684+0000][7][gc,age      ] GC(55) - age  14:     334056 bytes,    8396072 total
[2023-10-31T03:24:49.684+0000][7][gc,age      ] GC(55) - age  15:     268296 bytes,    8664368 total
[2023-10-31T03:24:49.684+0000][7][gc,phases   ] GC(55)   Pre Evacuate Collection Set: 0.1ms
[2023-10-31T03:24:49.684+0000][7][gc,phases   ] GC(55)   Merge Heap Roots: 0.1ms
[2023-10-31T03:24:49.684+0000][7][gc,phases   ] GC(55)   Evacuate Collection Set: 2.7ms
[2023-10-31T03:24:49.684+0000][7][gc,phases   ] GC(55)   Post Evacuate Collection Set: 0.5ms
[2023-10-31T03:24:49.684+0000][7][gc,phases   ] GC(55)   Other: 0.2ms
[2023-10-31T03:24:49.684+0000][7][gc,heap     ] GC(55) Eden regions: 72->0(71)
[2023-10-31T03:24:49.684+0000][7][gc,heap     ] GC(55) Survivor regions: 2->3(10)
[2023-10-31T03:24:49.684+0000][7][gc,heap     ] GC(55) Old regions: 24->24
[2023-10-31T03:24:49.684+0000][7][gc,heap     ] GC(55) Archive regions: 2->2
[2023-10-31T03:24:49.684+0000][7][gc,heap     ] GC(55) Humongous regions: 5->5
[2023-10-31T03:24:49.684+0000][7][gc,metaspace] GC(55) Metaspace: 116305K(117952K)->116305K(117952K) NonClass: 100791K(101760K)->100791K(101760K) Class: 15513K(16192K)->15513K(16192K)
[2023-10-31T03:24:49.684+0000][7][gc          ] GC(55) Pause Young (Normal) (G1 Evacuation Pause) 412M->125M(512M) 3.624ms
[2023-10-31T03:24:49.684+0000][7][gc,cpu      ] GC(55) User=0.03s Sys=0.00s Real=0.00s
[2023-10-31T03:24:49.684+0000][7][safepoint   ] Safepoint "G1CollectForAllocation", Time since last: 19899936 ns, Reaching safepoint: 89429 ns, At safepoint: 3683630 ns, Total: 3773059 ns
[2023-10-31T03:24:51.012+0000][7][safepoint   ] Safepoint "Cleanup", Time since last: 1327304876 ns, Reaching safepoint: 136281 ns, At safepoint: 5786 ns, Total: 142067 ns
[2023-10-31T03:24:52.152+0000][7][safepoint   ] Safepoint "Cleanup", Time since last: 1140016816 ns, Reaching safepoint: 147907 ns, At safepoint: 3532 ns, Total: 151439 ns
[2023-10-31T03:24:52.608+0000][7][gc,start    ] GC(56) Pause Young (Normal) (G1 Evacuation Pause)
[2023-10-31T03:24:52.608+0000][7][gc,task     ] GC(56) Using 8 workers of 8 for evacuation
[2023-10-31T03:24:52.608+0000][7][gc,age      ] GC(56) Desired survivor size 20971520 bytes, new threshold 15 (max threshold 15)
[2023-10-31T03:24:52.617+0000][7][gc,age      ] GC(56) Age table with threshold 15 (max threshold 15)
[2023-10-31T03:24:52.617+0000][7][gc,age      ] GC(56) - age   1:    3846872 bytes,    3846872 total
[2023-10-31T03:24:52.617+0000][7][gc,age      ] GC(56) - age   2:    1255400 bytes,    5102272 total
[2023-10-31T03:24:52.617+0000][7][gc,age      ] GC(56) - age   3:    2249536 bytes,    7351808 total
[2023-10-31T03:24:52.617+0000][7][gc,age      ] GC(56) - age   4:     723800 bytes,    8075608 total
[2023-10-31T03:24:52.617+0000][7][gc,age      ] GC(56) - age   5:     762184 bytes,    8837792 total
[2023-10-31T03:24:52.617+0000][7][gc,age      ] GC(56) - age   6:     333984 bytes,    9171776 total
[2023-10-31T03:24:52.617+0000][7][gc,age      ] GC(56) - age   7:     301328 bytes,    9473104 total
[2023-10-31T03:24:52.617+0000][7][gc,age      ] GC(56) - age   8:     350296 bytes,    9823400 total
[2023-10-31T03:24:52.617+0000][7][gc,age      ] GC(56) - age   9:     274760 bytes,   10098160 total
[2023-10-31T03:24:52.617+0000][7][gc,age      ] GC(56) - age  10:     273576 bytes,   10371736 total
[2023-10-31T03:24:52.617+0000][7][gc,age      ] GC(56) - age  11:     267776 bytes,   10639512 total
[2023-10-31T03:24:52.617+0000][7][gc,age      ] GC(56) - age  12:     379864 bytes,   11019376 total
[2023-10-31T03:24:52.617+0000][7][gc,age      ] GC(56) - age  13:     387376 bytes,   11406752 total
[2023-10-31T03:24:52.617+0000][7][gc,age      ] GC(56) - age  14:     273512 bytes,   11680264 total
[2023-10-31T03:24:52.617+0000][7][gc,age      ] GC(56) - age  15:     334056 bytes,   12014320 total
[2023-10-31T03:24:52.617+0000][7][gc,phases   ] GC(56)   Pre Evacuate Collection Set: 0.1ms
[2023-10-31T03:24:52.617+0000][7][gc,phases   ] GC(56)   Merge Heap Roots: 0.1ms
[2023-10-31T03:24:52.617+0000][7][gc,phases   ] GC(56)   Evacuate Collection Set: 7.9ms
[2023-10-31T03:24:52.617+0000][7][gc,phases   ] GC(56)   Post Evacuate Collection Set: 0.9ms
[2023-10-31T03:24:52.617+0000][7][gc,phases   ] GC(56)   Other: 0.3ms
[2023-10-31T03:24:52.617+0000][7][gc,heap     ] GC(56) Eden regions: 71->0(71)
[2023-10-31T03:24:52.617+0000][7][gc,heap     ] GC(56) Survivor regions: 3->3(10)
[2023-10-31T03:24:52.617+0000][7][gc,heap     ] GC(56) Old regions: 24->24
[2023-10-31T03:24:52.617+0000][7][gc,heap     ] GC(56) Archive regions: 2->2
[2023-10-31T03:24:52.617+0000][7][gc,heap     ] GC(56) Humongous regions: 5->5
[2023-10-31T03:24:52.617+0000][7][gc,metaspace] GC(56) Metaspace: 117856K(119552K)->117856K(119552K) NonClass: 102095K(103104K)->102095K(103104K) Class: 15760K(16448K)->15760K(16448K)
[2023-10-31T03:24:52.617+0000][7][gc          ] GC(56) Pause Young (Normal) (G1 Evacuation Pause) 409M->128M(512M) 9.149ms
[2023-10-31T03:24:52.617+0000][7][gc,cpu      ] GC(56) User=0.04s Sys=0.00s Real=0.01s
[2023-10-31T03:24:52.617+0000][7][safepoint   ] Safepoint "G1CollectForAllocation", Time since last: 456082153 ns, Reaching safepoint: 186796 ns, At safepoint: 9231060 ns, Total: 9417856 ns
[2023-10-31T03:24:53.175+0000][7][safepoint   ] Safepoint "ICBufferFull", Time since last: 557920325 ns, Reaching safepoint: 187550 ns, At safepoint: 3133 ns, Total: 190683 ns
[2023-10-31T03:24:54.176+0000][7][safepoint   ] Safepoint "Cleanup", Time since last: 1000091423 ns, Reaching safepoint: 129686 ns, At safepoint: 7214 ns, Total: 136900 ns
[2023-10-31T03:24:55.146+0000][7][safepoint   ] Safepoint "ICBufferFull", Time since last: 969631322 ns, Reaching safepoint: 344380 ns, At safepoint: 20881 ns, Total: 365261 ns
[2023-10-31T03:24:56.146+0000][7][safepoint   ] Safepoint "Cleanup", Time since last: 1000140217 ns, Reaching safepoint: 107500 ns, At safepoint: 7487 ns, Total: 114987 ns
[2023-10-31T03:24:56.506+0000][7][safepoint   ] Safepoint "ICBufferFull", Time since last: 359641530 ns, Reaching safepoint: 217842 ns, At safepoint: 11867 ns, Total: 229709 ns
[2023-10-31T03:24:57.432+0000][7][gc,start    ] GC(57) Pause Young (Normal) (G1 Evacuation Pause)
[2023-10-31T03:24:57.432+0000][7][gc,task     ] GC(57) Using 8 workers of 8 for evacuation
[2023-10-31T03:24:57.432+0000][7][gc,age      ] GC(57) Desired survivor size 20971520 bytes, new threshold 15 (max threshold 15)
[2023-10-31T03:24:57.438+0000][7][gc,age      ] GC(57) Age table with threshold 15 (max threshold 15)
[2023-10-31T03:24:57.438+0000][7][gc,age      ] GC(57) - age   1:    3534976 bytes,    3534976 total
[2023-10-31T03:24:57.438+0000][7][gc,age      ] GC(57) - age   2:    2331048 bytes,    5866024 total
[2023-10-31T03:24:57.438+0000][7][gc,age      ] GC(57) - age   3:     463880 bytes,    6329904 total
[2023-10-31T03:24:57.438+0000][7][gc,age      ] GC(57) - age   4:    2246008 bytes,    8575912 total
[2023-10-31T03:24:57.438+0000][7][gc,age      ] GC(57) - age   5:     723392 bytes,    9299304 total
[2023-10-31T03:24:57.438+0000][7][gc,age      ] GC(57) - age   6:     761896 bytes,   10061200 total
[2023-10-31T03:24:57.438+0000][7][gc,age      ] GC(57) - age   7:     333920 bytes,   10395120 total
[2023-10-31T03:24:57.438+0000][7][gc,age      ] GC(57) - age   8:     301016 bytes,   10696136 total
[2023-10-31T03:24:57.438+0000][7][gc,age      ] GC(57) - age   9:     350232 bytes,   11046368 total
[2023-10-31T03:24:57.438+0000][7][gc,age      ] GC(57) - age  10:     274760 bytes,   11321128 total
[2023-10-31T03:24:57.438+0000][7][gc,age      ] GC(57) - age  11:     273576 bytes,   11594704 total
[2023-10-31T03:24:57.438+0000][7][gc,age      ] GC(57) - age  12:     267776 bytes,   11862480 total
[2023-10-31T03:24:57.438+0000][7][gc,age      ] GC(57) - age  13:     379864 bytes,   12242344 total
[2023-10-31T03:24:57.438+0000][7][gc,age      ] GC(57) - age  14:     387376 bytes,   12629720 total
[2023-10-31T03:24:57.438+0000][7][gc,age      ] GC(57) - age  15:     273512 bytes,   12903232 total
[2023-10-31T03:24:57.438+0000][7][gc,phases   ] GC(57)   Pre Evacuate Collection Set: 0.1ms
[2023-10-31T03:24:57.438+0000][7][gc,phases   ] GC(57)   Merge Heap Roots: 0.1ms
[2023-10-31T03:24:57.438+0000][7][gc,phases   ] GC(57)   Evacuate Collection Set: 5.4ms
[2023-10-31T03:24:57.438+0000][7][gc,phases   ] GC(57)   Post Evacuate Collection Set: 0.8ms
[2023-10-31T03:24:57.438+0000][7][gc,phases   ] GC(57)   Other: 0.4ms
[2023-10-31T03:24:57.438+0000][7][gc,heap     ] GC(57) Eden regions: 71->0(69)
[2023-10-31T03:24:57.438+0000][7][gc,heap     ] GC(57) Survivor regions: 3->4(10)
[2023-10-31T03:24:57.438+0000][7][gc,heap     ] GC(57) Old regions: 24->24
[2023-10-31T03:24:57.438+0000][7][gc,heap     ] GC(57) Archive regions: 2->2
[2023-10-31T03:24:57.438+0000][7][gc,heap     ] GC(57) Humongous regions: 5->5
[2023-10-31T03:24:57.438+0000][7][gc,metaspace] GC(57) Metaspace: 118131K(119872K)->118131K(119872K) NonClass: 102340K(103360K)->102340K(103360K) Class: 15791K(16512K)->15791K(16512K)
[2023-10-31T03:24:57.438+0000][7][gc          ] GC(57) Pause Young (Normal) (G1 Evacuation Pause) 412M->130M(512M) 6.845ms
[2023-10-31T03:24:57.438+0000][7][gc,cpu      ] GC(57) User=0.04s Sys=0.00s Real=0.01s
[2023-10-31T03:24:57.438+0000][7][safepoint   ] Safepoint "G1CollectForAllocation", Time since last: 925761099 ns, Reaching safepoint: 109584 ns, At safepoint: 6933150 ns, Total: 7042734 ns
[2023-10-31T03:24:58.248+0000][7][safepoint   ] Safepoint "ICBufferFull", Time since last: 809389861 ns, Reaching safepoint: 201096 ns, At safepoint: 9368 ns, Total: 210464 ns
[2023-10-31T03:24:59.248+0000][7][safepoint   ] Safepoint "Cleanup", Time since last: 1000098477 ns, Reaching safepoint: 101245 ns, At safepoint: 6998 ns, Total: 108243 ns
[2023-10-31T03:25:00.249+0000][7][safepoint   ] Safepoint "Cleanup", Time since last: 1000130046 ns, Reaching safepoint: 79033 ns, At safepoint: 8880 ns, Total: 87913 ns
[2023-10-31T03:25:01.249+0000][7][safepoint   ] Safepoint "Cleanup", Time since last: 1000346355 ns, Reaching safepoint: 80560 ns, At safepoint: 6937 ns, Total: 87497 ns
[2023-10-31T03:25:01.293+0000][7][gc,start    ] GC(58) Pause Young (Normal) (G1 Evacuation Pause)
[2023-10-31T03:25:01.293+0000][7][gc,task     ] GC(58) Using 8 workers of 8 for evacuation
[2023-10-31T03:25:01.293+0000][7][gc,age      ] GC(58) Desired survivor size 20971520 bytes, new threshold 15 (max threshold 15)
[2023-10-31T03:25:01.301+0000][7][gc,age      ] GC(58) Age table with threshold 15 (max threshold 15)
[2023-10-31T03:25:01.301+0000][7][gc,age      ] GC(58) - age   1:    2435936 bytes,    2435936 total
[2023-10-31T03:25:01.301+0000][7][gc,age      ] GC(58) - age   2:     805536 bytes,    3241472 total
[2023-10-31T03:25:01.301+0000][7][gc,age      ] GC(58) - age   3:    2021288 bytes,    5262760 total
[2023-10-31T03:25:01.301+0000][7][gc,age      ] GC(58) - age   4:     462312 bytes,    5725072 total
[2023-10-31T03:25:01.301+0000][7][gc,age      ] GC(58) - age   5:    2243888 bytes,    7968960 total
[2023-10-31T03:25:01.301+0000][7][gc,age      ] GC(58) - age   6:     723200 bytes,    8692160 total
[2023-10-31T03:25:01.301+0000][7][gc,age      ] GC(58) - age   7:     761672 bytes,    9453832 total
[2023-10-31T03:25:01.301+0000][7][gc,age      ] GC(58) - age   8:     333920 bytes,    9787752 total
[2023-10-31T03:25:01.301+0000][7][gc,age      ] GC(58) - age   9:     301016 bytes,   10088768 total
[2023-10-31T03:25:01.301+0000][7][gc,age      ] GC(58) - age  10:     350232 bytes,   10439000 total
[2023-10-31T03:25:01.301+0000][7][gc,age      ] GC(58) - age  11:     274760 bytes,   10713760 total
[2023-10-31T03:25:01.301+0000][7][gc,age      ] GC(58) - age  12:     273576 bytes,   10987336 total
[2023-10-31T03:25:01.301+0000][7][gc,age      ] GC(58) - age  13:     267776 bytes,   11255112 total
[2023-10-31T03:25:01.301+0000][7][gc,age      ] GC(58) - age  14:     379864 bytes,   11634976 total
[2023-10-31T03:25:01.301+0000][7][gc,age      ] GC(58) - age  15:     387376 bytes,   12022352 total
[2023-10-31T03:25:01.301+0000][7][gc,phases   ] GC(58)   Pre Evacuate Collection Set: 0.1ms
[2023-10-31T03:25:01.301+0000][7][gc,phases   ] GC(58)   Merge Heap Roots: 0.1ms
[2023-10-31T03:25:01.301+0000][7][gc,phases   ] GC(58)   Evacuate Collection Set: 6.9ms
[2023-10-31T03:25:01.301+0000][7][gc,phases   ] GC(58)   Post Evacuate Collection Set: 1.1ms
[2023-10-31T03:25:01.301+0000][7][gc,phases   ] GC(58)   Other: 0.4ms
[2023-10-31T03:25:01.301+0000][7][gc,heap     ] GC(58) Eden regions: 69->0(71)
[2023-10-31T03:25:01.301+0000][7][gc,heap     ] GC(58) Survivor regions: 4->3(10)
[2023-10-31T03:25:01.301+0000][7][gc,heap     ] GC(58) Old regions: 24->24
[2023-10-31T03:25:01.301+0000][7][gc,heap     ] GC(58) Archive regions: 2->2
[2023-10-31T03:25:01.301+0000][7][gc,heap     ] GC(58) Humongous regions: 5->5
[2023-10-31T03:25:01.301+0000][7][gc,metaspace] GC(58) Metaspace: 118228K(120000K)->118228K(120000K) NonClass: 102434K(103488K)->102434K(103488K) Class: 15794K(16512K)->15794K(16512K)
[2023-10-31T03:25:01.301+0000][7][gc          ] GC(58) Pause Young (Normal) (G1 Evacuation Pause) 406M->129M(512M) 8.692ms
[2023-10-31T03:25:01.301+0000][7][gc,cpu      ] GC(58) User=0.03s Sys=0.00s Real=0.01s
[2023-10-31T03:25:01.301+0000][7][safepoint   ] Safepoint "G1CollectForAllocation", Time since last: 43529417 ns, Reaching safepoint: 55140 ns, At safepoint: 8803264 ns, Total: 8858404 ns
[2023-10-31T03:25:02.302+0000][7][safepoint   ] Safepoint "Cleanup", Time since last: 1000084819 ns, Reaching safepoint: 73146 ns, At safepoint: 3199 ns, Total: 76345 ns
[2023-10-31T03:25:03.302+0000][7][safepoint   ] Safepoint "Cleanup", Time since last: 1000181816 ns, Reaching safepoint: 163859 ns, At safepoint: 8634 ns, Total: 172493 ns
[2023-10-31T03:25:04.302+0000][7][safepoint   ] Safepoint "Cleanup", Time since last: 1000158336 ns, Reaching safepoint: 91302 ns, At safepoint: 7711 ns, Total: 99013 ns
[2023-10-31T03:25:05.302+0000][7][safepoint   ] Safepoint "Cleanup", Time since last: 1000110197 ns, Reaching safepoint: 167248 ns, At safepoint: 5665 ns, Total: 172913 ns
[2023-10-31T03:25:06.303+0000][7][safepoint   ] Safepoint "Cleanup", Time since last: 1000347478 ns, Reaching safepoint: 88650 ns, At safepoint: 11429 ns, Total: 100079 ns
[2023-10-31T03:25:06.921+0000][7][gc,start    ] GC(59) Pause Young (Normal) (G1 Evacuation Pause)
[2023-10-31T03:25:06.921+0000][7][gc,task     ] GC(59) Using 8 workers of 8 for evacuation
[2023-10-31T03:25:06.921+0000][7][gc,age      ] GC(59) Desired survivor size 20971520 bytes, new threshold 15 (max threshold 15)
[2023-10-31T03:25:06.934+0000][7][gc,age      ] GC(59) Age table with threshold 15 (max threshold 15)
[2023-10-31T03:25:06.934+0000][7][gc,age      ] GC(59) - age   1:    2781568 bytes,    2781568 total
[2023-10-31T03:25:06.934+0000][7][gc,age      ] GC(59) - age   2:    1700688 bytes,    4482256 total
[2023-10-31T03:25:06.934+0000][7][gc,age      ] GC(59) - age   3:     802960 bytes,    5285216 total
[2023-10-31T03:25:06.934+0000][7][gc,age      ] GC(59) - age   4:    2021008 bytes,    7306224 total
[2023-10-31T03:25:06.934+0000][7][gc,age      ] GC(59) - age   5:     461824 bytes,    7768048 total
[2023-10-31T03:25:06.934+0000][7][gc,age      ] GC(59) - age   6:    2243888 bytes,   10011936 total
[2023-10-31T03:25:06.934+0000][7][gc,age      ] GC(59) - age   7:     723136 bytes,   10735072 total
[2023-10-31T03:25:06.934+0000][7][gc,age      ] GC(59) - age   8:     761608 bytes,   11496680 total
[2023-10-31T03:25:06.934+0000][7][gc,age      ] GC(59) - age   9:     333920 bytes,   11830600 total
[2023-10-31T03:25:06.934+0000][7][gc,age      ] GC(59) - age  10:     301016 bytes,   12131616 total
[2023-10-31T03:25:06.934+0000][7][gc,age      ] GC(59) - age  11:     350232 bytes,   12481848 total
[2023-10-31T03:25:06.934+0000][7][gc,age      ] GC(59) - age  12:     274760 bytes,   12756608 total
[2023-10-31T03:25:06.934+0000][7][gc,age      ] GC(59) - age  13:     273576 bytes,   13030184 total
[2023-10-31T03:25:06.934+0000][7][gc,age      ] GC(59) - age  14:     267776 bytes,   13297960 total
[2023-10-31T03:25:06.934+0000][7][gc,age      ] GC(59) - age  15:     379864 bytes,   13677824 total
[2023-10-31T03:25:06.934+0000][7][gc,phases   ] GC(59)   Pre Evacuate Collection Set: 0.1ms
[2023-10-31T03:25:06.934+0000][7][gc,phases   ] GC(59)   Merge Heap Roots: 0.1ms
[2023-10-31T03:25:06.934+0000][7][gc,phases   ] GC(59)   Evacuate Collection Set: 12.2ms
[2023-10-31T03:25:06.934+0000][7][gc,phases   ] GC(59)   Post Evacuate Collection Set: 0.8ms
[2023-10-31T03:25:06.934+0000][7][gc,phases   ] GC(59)   Other: 0.4ms
[2023-10-31T03:25:06.934+0000][7][gc,heap     ] GC(59) Eden regions: 71->0(69)
[2023-10-31T03:25:06.934+0000][7][gc,heap     ] GC(59) Survivor regions: 3->4(10)
[2023-10-31T03:25:06.934+0000][7][gc,heap     ] GC(59) Old regions: 24->24
[2023-10-31T03:25:06.934+0000][7][gc,heap     ] GC(59) Archive regions: 2->2
[2023-10-31T03:25:06.934+0000][7][gc,heap     ] GC(59) Humongous regions: 5->5
[2023-10-31T03:25:06.934+0000][7][gc,metaspace] GC(59) Metaspace: 118242K(120000K)->118242K(120000K) NonClass: 102447K(103488K)->102447K(103488K) Class: 15794K(16512K)->15794K(16512K)
[2023-10-31T03:25:06.934+0000][7][gc          ] GC(59) Pause Young (Normal) (G1 Evacuation Pause) 413M->131M(512M) 13.555ms
[2023-10-31T03:25:06.934+0000][7][gc,cpu      ] GC(59) User=0.06s Sys=0.01s Real=0.01s
[2023-10-31T03:25:06.934+0000][7][safepoint   ] Safepoint "G1CollectForAllocation", Time since last: 617456399 ns, Reaching safepoint: 140613 ns, At safepoint: 13675645 ns, Total: 13816258 ns
[2023-10-31T03:25:07.934+0000][7][safepoint   ] Safepoint "Cleanup", Time since last: 1000114247 ns, Reaching safepoint: 124823 ns, At safepoint: 8005 ns, Total: 132828 ns
[2023-10-31T03:25:08.935+0000][7][safepoint   ] Safepoint "Cleanup", Time since last: 1000116901 ns, Reaching safepoint: 177521 ns, At safepoint: 12057 ns, Total: 189578 ns
[2023-10-31T03:25:09.310+0000][7][gc,start    ] GC(60) Pause Young (Normal) (G1 Evacuation Pause)
[2023-10-31T03:25:09.310+0000][7][gc,task     ] GC(60) Using 8 workers of 8 for evacuation
[2023-10-31T03:25:09.310+0000][7][gc,age      ] GC(60) Desired survivor size 20971520 bytes, new threshold 15 (max threshold 15)
[2023-10-31T03:25:09.317+0000][7][gc,age      ] GC(60) Age table with threshold 15 (max threshold 15)
[2023-10-31T03:25:09.318+0000][7][gc,age      ] GC(60) - age   1:     818752 bytes,     818752 total
[2023-10-31T03:25:09.318+0000][7][gc,age      ] GC(60) - age   2:    1260216 bytes,    2078968 total
[2023-10-31T03:25:09.318+0000][7][gc,age      ] GC(60) - age   3:    1698784 bytes,    3777752 total
[2023-10-31T03:25:09.318+0000][7][gc,age      ] GC(60) - age   4:     802616 bytes,    4580368 total
[2023-10-31T03:25:09.318+0000][7][gc,age      ] GC(60) - age   5:    2020704 bytes,    6601072 total
[2023-10-31T03:25:09.318+0000][7][gc,age      ] GC(60) - age   6:     461824 bytes,    7062896 total
[2023-10-31T03:25:09.318+0000][7][gc,age      ] GC(60) - age   7:    2243888 bytes,    9306784 total
[2023-10-31T03:25:09.318+0000][7][gc,age      ] GC(60) - age   8:     723136 bytes,   10029920 total
[2023-10-31T03:25:09.318+0000][7][gc,age      ] GC(60) - age   9:     761608 bytes,   10791528 total
[2023-10-31T03:25:09.318+0000][7][gc,age      ] GC(60) - age  10:     333920 bytes,   11125448 total
[2023-10-31T03:25:09.318+0000][7][gc,age      ] GC(60) - age  11:     301016 bytes,   11426464 total
[2023-10-31T03:25:09.318+0000][7][gc,age      ] GC(60) - age  12:     350232 bytes,   11776696 total
[2023-10-31T03:25:09.318+0000][7][gc,age      ] GC(60) - age  13:     274760 bytes,   12051456 total
[2023-10-31T03:25:09.318+0000][7][gc,age      ] GC(60) - age  14:     273576 bytes,   12325032 total
[2023-10-31T03:25:09.318+0000][7][gc,age      ] GC(60) - age  15:     267776 bytes,   12592808 total
[2023-10-31T03:25:09.318+0000][7][gc,phases   ] GC(60)   Pre Evacuate Collection Set: 0.1ms
[2023-10-31T03:25:09.318+0000][7][gc,phases   ] GC(60)   Merge Heap Roots: 0.1ms
[2023-10-31T03:25:09.318+0000][7][gc,phases   ] GC(60)   Evacuate Collection Set: 6.8ms
[2023-10-31T03:25:09.318+0000][7][gc,phases   ] GC(60)   Post Evacuate Collection Set: 0.8ms
[2023-10-31T03:25:09.318+0000][7][gc,phases   ] GC(60)   Other: 0.4ms
[2023-10-31T03:25:09.318+0000][7][gc,heap     ] GC(60) Eden regions: 69->0(69)
[2023-10-31T03:25:09.318+0000][7][gc,heap     ] GC(60) Survivor regions: 4->4(10)
[2023-10-31T03:25:09.318+0000][7][gc,heap     ] GC(60) Old regions: 24->24
[2023-10-31T03:25:09.318+0000][7][gc,heap     ] GC(60) Archive regions: 2->2
[2023-10-31T03:25:09.318+0000][7][gc,heap     ] GC(60) Humongous regions: 5->5
[2023-10-31T03:25:09.318+0000][7][gc,metaspace] GC(60) Metaspace: 118247K(120000K)->118247K(120000K) NonClass: 102452K(103488K)->102452K(103488K) Class: 15794K(16512K)->15794K(16512K)
[2023-10-31T03:25:09.318+0000][7][gc          ] GC(60) Pause Young (Normal) (G1 Evacuation Pause) 407M->130M(512M) 8.160ms
[2023-10-31T03:25:09.318+0000][7][gc,cpu      ] GC(60) User=0.04s Sys=0.00s Real=0.01s
[2023-10-31T03:25:09.318+0000][7][safepoint   ] Safepoint "G1CollectForAllocation", Time since last: 374870594 ns, Reaching safepoint: 31986 ns, At safepoint: 8266658 ns, Total: 8298644 ns
[2023-10-31T03:25:10.318+0000][7][safepoint   ] Safepoint "Cleanup", Time since last: 1000108222 ns, Reaching safepoint: 69911 ns, At safepoint: 6746 ns, Total: 76657 ns
[2023-10-31T03:25:11.318+0000][7][safepoint   ] Safepoint "Cleanup", Time since last: 1000133000 ns, Reaching safepoint: 103798 ns, At safepoint: 7389 ns, Total: 111187 ns
[2023-10-31T03:25:12.319+0000][7][safepoint   ] Safepoint "Cleanup", Time since last: 1000116744 ns, Reaching safepoint: 130433 ns, At safepoint: 5673 ns, Total: 136106 ns
[2023-10-31T03:25:14.319+0000][7][safepoint   ] Safepoint "Cleanup", Time since last: 2000446535 ns, Reaching safepoint: 93153 ns, At safepoint: 7658 ns, Total: 100811 ns
[2023-10-31T03:25:15.319+0000][7][safepoint   ] Safepoint "Cleanup", Time since last: 1000104847 ns, Reaching safepoint: 67568 ns, At safepoint: 3915 ns, Total: 71483 ns
[2023-10-31T03:25:16.242+0000][7][gc,start    ] GC(61) Pause Young (Normal) (G1 Evacuation Pause)
[2023-10-31T03:25:16.242+0000][7][gc,task     ] GC(61) Using 8 workers of 8 for evacuation
[2023-10-31T03:25:16.242+0000][7][gc,age      ] GC(61) Desired survivor size 20971520 bytes, new threshold 15 (max threshold 15)
[2023-10-31T03:25:16.248+0000][7][gc,age      ] GC(61) Age table with threshold 15 (max threshold 15)
[2023-10-31T03:25:16.248+0000][7][gc,age      ] GC(61) - age   1:    1777624 bytes,    1777624 total
[2023-10-31T03:25:16.248+0000][7][gc,age      ] GC(61) - age   2:     200672 bytes,    1978296 total
[2023-10-31T03:25:16.248+0000][7][gc,age      ] GC(61) - age   3:     267040 bytes,    2245336 total
[2023-10-31T03:25:16.248+0000][7][gc,age      ] GC(61) - age   4:    1109600 bytes,    3354936 total
[2023-10-31T03:25:16.248+0000][7][gc,age      ] GC(61) - age   5:     781632 bytes,    4136568 total
[2023-10-31T03:25:16.248+0000][7][gc,age      ] GC(61) - age   6:    1861112 bytes,    5997680 total
[2023-10-31T03:25:16.248+0000][7][gc,age      ] GC(61) - age   7:     455880 bytes,    6453560 total
[2023-10-31T03:25:16.248+0000][7][gc,age      ] GC(61) - age   8:    2103224 bytes,    8556784 total
[2023-10-31T03:25:16.248+0000][7][gc,age      ] GC(61) - age   9:     723136 bytes,    9279920 total
[2023-10-31T03:25:16.248+0000][7][gc,age      ] GC(61) - age  10:     761608 bytes,   10041528 total
[2023-10-31T03:25:16.248+0000][7][gc,age      ] GC(61) - age  11:     333920 bytes,   10375448 total
[2023-10-31T03:25:16.248+0000][7][gc,age      ] GC(61) - age  12:     301016 bytes,   10676464 total
[2023-10-31T03:25:16.248+0000][7][gc,age      ] GC(61) - age  13:     350232 bytes,   11026696 total
[2023-10-31T03:25:16.248+0000][7][gc,age      ] GC(61) - age  14:     274760 bytes,   11301456 total
[2023-10-31T03:25:16.248+0000][7][gc,age      ] GC(61) - age  15:     273576 bytes,   11575032 total
[2023-10-31T03:25:16.248+0000][7][gc,phases   ] GC(61)   Pre Evacuate Collection Set: 0.1ms
[2023-10-31T03:25:16.248+0000][7][gc,phases   ] GC(61)   Merge Heap Roots: 0.1ms
[2023-10-31T03:25:16.248+0000][7][gc,phases   ] GC(61)   Evacuate Collection Set: 5.0ms
[2023-10-31T03:25:16.248+0000][7][gc,phases   ] GC(61)   Post Evacuate Collection Set: 0.7ms
[2023-10-31T03:25:16.248+0000][7][gc,phases   ] GC(61)   Other: 0.3ms
[2023-10-31T03:25:16.248+0000][7][gc,heap     ] GC(61) Eden regions: 69->0(71)
[2023-10-31T03:25:16.248+0000][7][gc,heap     ] GC(61) Survivor regions: 4->3(10)
[2023-10-31T03:25:16.248+0000][7][gc,heap     ] GC(61) Old regions: 24->24
[2023-10-31T03:25:16.248+0000][7][gc,heap     ] GC(61) Archive regions: 2->2
[2023-10-31T03:25:16.248+0000][7][gc,heap     ] GC(61) Humongous regions: 5->5
[2023-10-31T03:25:16.248+0000][7][gc,metaspace] GC(61) Metaspace: 118249K(120000K)->118249K(120000K) NonClass: 102454K(103488K)->102454K(103488K) Class: 15794K(16512K)->15794K(16512K)
[2023-10-31T03:25:16.248+0000][7][gc          ] GC(61) Pause Young (Normal) (G1 Evacuation Pause) 406M->129M(512M) 6.267ms
[2023-10-31T03:25:16.248+0000][7][gc,cpu      ] GC(61) User=0.04s Sys=0.00s Real=0.01s
[2023-10-31T03:25:16.248+0000][7][safepoint   ] Safepoint "G1CollectForAllocation", Time since last: 922461528 ns, Reaching safepoint: 267544 ns, At safepoint: 6379192 ns, Total: 6646736 ns
[2023-10-31T03:25:17.249+0000][7][safepoint   ] Safepoint "Cleanup", Time since last: 1000095256 ns, Reaching safepoint: 57869 ns, At safepoint: 7622 ns, Total: 65491 ns
[2023-10-31T03:25:18.249+0000][7][safepoint   ] Safepoint "Cleanup", Time since last: 1000086900 ns, Reaching safepoint: 82719 ns, At safepoint: 7010 ns, Total: 89729 ns
[2023-10-31T03:25:19.249+0000][7][safepoint   ] Safepoint "Cleanup", Time since last: 1000117036 ns, Reaching safepoint: 144418 ns, At safepoint: 5470 ns, Total: 149888 ns
[2023-10-31T03:25:20.249+0000][7][safepoint   ] Safepoint "Cleanup", Time since last: 1000145526 ns, Reaching safepoint: 202189 ns, At safepoint: 8468 ns, Total: 210657 ns
[2023-10-31T03:25:21.250+0000][7][safepoint   ] Safepoint "Cleanup", Time since last: 1000391059 ns, Reaching safepoint: 38397 ns, At safepoint: 4310 ns, Total: 42707 ns
[2023-10-31T03:25:22.250+0000][7][safepoint   ] Safepoint "Cleanup", Time since last: 1000188466 ns, Reaching safepoint: 102375 ns, At safepoint: 6554 ns, Total: 108929 ns
[2023-10-31T03:25:23.250+0000][7][safepoint   ] Safepoint "Cleanup", Time since last: 1000139876 ns, Reaching safepoint: 122552 ns, At safepoint: 21694 ns, Total: 144246 ns
[2023-10-31T03:25:23.541+0000][7][gc,start    ] GC(62) Pause Young (Normal) (G1 Evacuation Pause)
[2023-10-31T03:25:23.541+0000][7][gc,task     ] GC(62) Using 8 workers of 8 for evacuation
[2023-10-31T03:25:23.541+0000][7][gc,age      ] GC(62) Desired survivor size 20971520 bytes, new threshold 15 (max threshold 15)
[2023-10-31T03:25:23.551+0000][7][gc,age      ] GC(62) Age table with threshold 15 (max threshold 15)
[2023-10-31T03:25:23.551+0000][7][gc,age      ] GC(62) - age   1:    2676552 bytes,    2676552 total
[2023-10-31T03:25:23.551+0000][7][gc,age      ] GC(62) - age   2:     583576 bytes,    3260128 total
[2023-10-31T03:25:23.551+0000][7][gc,age      ] GC(62) - age   3:       4264 bytes,    3264392 total
[2023-10-31T03:25:23.551+0000][7][gc,age      ] GC(62) - age   4:      51856 bytes,    3316248 total
[2023-10-31T03:25:23.551+0000][7][gc,age      ] GC(62) - age   5:     820512 bytes,    4136760 total
[2023-10-31T03:25:23.551+0000][7][gc,age      ] GC(62) - age   6:     763376 bytes,    4900136 total
[2023-10-31T03:25:23.551+0000][7][gc,age      ] GC(62) - age   7:    1859112 bytes,    6759248 total
[2023-10-31T03:25:23.551+0000][7][gc,age      ] GC(62) - age   8:     455168 bytes,    7214416 total
[2023-10-31T03:25:23.551+0000][7][gc,age      ] GC(62) - age   9:    2103128 bytes,    9317544 total
[2023-10-31T03:25:23.551+0000][7][gc,age      ] GC(62) - age  10:     723008 bytes,   10040552 total
[2023-10-31T03:25:23.551+0000][7][gc,age      ] GC(62) - age  11:     761608 bytes,   10802160 total
[2023-10-31T03:25:23.551+0000][7][gc,age      ] GC(62) - age  12:     333608 bytes,   11135768 total
[2023-10-31T03:25:23.551+0000][7][gc,age      ] GC(62) - age  13:     301016 bytes,   11436784 total
[2023-10-31T03:25:23.551+0000][7][gc,age      ] GC(62) - age  14:     350232 bytes,   11787016 total
[2023-10-31T03:25:23.551+0000][7][gc,age      ] GC(62) - age  15:     274760 bytes,   12061776 total
[2023-10-31T03:25:23.551+0000][7][gc,phases   ] GC(62)   Pre Evacuate Collection Set: 0.1ms
[2023-10-31T03:25:23.551+0000][7][gc,phases   ] GC(62)   Merge Heap Roots: 0.0ms
[2023-10-31T03:25:23.551+0000][7][gc,phases   ] GC(62)   Evacuate Collection Set: 9.0ms
[2023-10-31T03:25:23.551+0000][7][gc,phases   ] GC(62)   Post Evacuate Collection Set: 0.6ms
[2023-10-31T03:25:23.551+0000][7][gc,phases   ] GC(62)   Other: 0.3ms
[2023-10-31T03:25:23.551+0000][7][gc,heap     ] GC(62) Eden regions: 71->0(69)
[2023-10-31T03:25:23.551+0000][7][gc,heap     ] GC(62) Survivor regions: 3->4(10)
[2023-10-31T03:25:23.551+0000][7][gc,heap     ] GC(62) Old regions: 24->24
[2023-10-31T03:25:23.551+0000][7][gc,heap     ] GC(62) Archive regions: 2->2
[2023-10-31T03:25:23.551+0000][7][gc,heap     ] GC(62) Humongous regions: 5->5
[2023-10-31T03:25:23.551+0000][7][gc,metaspace] GC(62) Metaspace: 118302K(120000K)->118302K(120000K) NonClass: 102494K(103488K)->102494K(103488K) Class: 15807K(16512K)->15807K(16512K)
[2023-10-31T03:25:23.551+0000][7][gc          ] GC(62) Pause Young (Normal) (G1 Evacuation Pause) 413M->130M(512M) 10.076ms
[2023-10-31T03:25:23.551+0000][7][gc,cpu      ] GC(62) User=0.04s Sys=0.00s Real=0.01s
[2023-10-31T03:25:23.551+0000][7][safepoint   ] Safepoint "G1CollectForAllocation", Time since last: 290176592 ns, Reaching safepoint: 102759 ns, At safepoint: 10140970 ns, Total: 10243729 ns
[2023-10-31T03:25:24.551+0000][7][safepoint   ] Safepoint "Cleanup", Time since last: 1000136053 ns, Reaching safepoint: 57579 ns, At safepoint: 29415 ns, Total: 86994 ns
[2023-10-31T03:25:25.551+0000][7][safepoint   ] Safepoint "Cleanup", Time since last: 1000100433 ns, Reaching safepoint: 76490 ns, At safepoint: 5783 ns, Total: 82273 ns
[2023-10-31T03:25:26.551+0000][7][safepoint   ] Safepoint "Cleanup", Time since last: 1000144190 ns, Reaching safepoint: 123075 ns, At safepoint: 6313 ns, Total: 129388 ns
[2023-10-31T03:25:27.552+0000][7][safepoint   ] Safepoint "Cleanup", Time since last: 1000341931 ns, Reaching safepoint: 47247 ns, At safepoint: 25808 ns, Total: 73055 ns
[2023-10-31T03:25:29.552+0000][7][safepoint   ] Safepoint "Cleanup", Time since last: 2000250873 ns, Reaching safepoint: 66532 ns, At safepoint: 5397 ns, Total: 71929 ns
[2023-10-31T03:25:32.553+0000][7][safepoint   ] Safepoint "Cleanup", Time since last: 3000642242 ns, Reaching safepoint: 37121 ns, At safepoint: 6192 ns, Total: 43313 ns
[2023-10-31T03:25:33.553+0000][7][safepoint   ] Safepoint "Cleanup", Time since last: 1000140416 ns, Reaching safepoint: 80914 ns, At safepoint: 7069 ns, Total: 87983 ns
[2023-10-31T03:25:33.620+0000][7][gc,start    ] GC(63) Pause Young (Normal) (G1 Evacuation Pause)
[2023-10-31T03:25:33.620+0000][7][gc,task     ] GC(63) Using 8 workers of 8 for evacuation
[2023-10-31T03:25:33.620+0000][7][gc,age      ] GC(63) Desired survivor size 20971520 bytes, new threshold 15 (max threshold 15)
[2023-10-31T03:25:33.630+0000][7][gc,age      ] GC(63) Age table with threshold 15 (max threshold 15)
[2023-10-31T03:25:33.630+0000][7][gc,age      ] GC(63) - age   1:    1833120 bytes,    1833120 total
[2023-10-31T03:25:33.630+0000][7][gc,age      ] GC(63) - age   2:     545632 bytes,    2378752 total
[2023-10-31T03:25:33.630+0000][7][gc,age      ] GC(63) - age   3:     267992 bytes,    2646744 total
[2023-10-31T03:25:33.630+0000][7][gc,age      ] GC(63) - age   4:       4072 bytes,    2650816 total
[2023-10-31T03:25:33.630+0000][7][gc,age      ] GC(63) - age   5:      51336 bytes,    2702152 total
[2023-10-31T03:25:33.630+0000][7][gc,age      ] GC(63) - age   6:     817688 bytes,    3519840 total
[2023-10-31T03:25:33.630+0000][7][gc,age      ] GC(63) - age   7:     760136 bytes,    4279976 total
[2023-10-31T03:25:33.630+0000][7][gc,age      ] GC(63) - age   8:    1859112 bytes,    6139088 total
[2023-10-31T03:25:33.630+0000][7][gc,age      ] GC(63) - age   9:     454976 bytes,    6594064 total
[2023-10-31T03:25:33.630+0000][7][gc,age      ] GC(63) - age  10:    2101800 bytes,    8695864 total
[2023-10-31T03:25:33.630+0000][7][gc,age      ] GC(63) - age  11:     723008 bytes,    9418872 total
[2023-10-31T03:25:33.630+0000][7][gc,age      ] GC(63) - age  12:     761544 bytes,   10180416 total
[2023-10-31T03:25:33.630+0000][7][gc,age      ] GC(63) - age  13:     333608 bytes,   10514024 total
[2023-10-31T03:25:33.630+0000][7][gc,age      ] GC(63) - age  14:     301016 bytes,   10815040 total
[2023-10-31T03:25:33.630+0000][7][gc,age      ] GC(63) - age  15:     350232 bytes,   11165272 total
[2023-10-31T03:25:33.630+0000][7][gc,phases   ] GC(63)   Pre Evacuate Collection Set: 0.1ms
[2023-10-31T03:25:33.630+0000][7][gc,phases   ] GC(63)   Merge Heap Roots: 0.0ms
[2023-10-31T03:25:33.630+0000][7][gc,phases   ] GC(63)   Evacuate Collection Set: 9.0ms
[2023-10-31T03:25:33.630+0000][7][gc,phases   ] GC(63)   Post Evacuate Collection Set: 0.6ms
[2023-10-31T03:25:33.630+0000][7][gc,phases   ] GC(63)   Other: 0.3ms
[2023-10-31T03:25:33.630+0000][7][gc,heap     ] GC(63) Eden regions: 69->0(71)
[2023-10-31T03:25:33.630+0000][7][gc,heap     ] GC(63) Survivor regions: 4->3(10)
[2023-10-31T03:25:33.630+0000][7][gc,heap     ] GC(63) Old regions: 24->24
[2023-10-31T03:25:33.630+0000][7][gc,heap     ] GC(63) Archive regions: 2->2
[2023-10-31T03:25:33.630+0000][7][gc,heap     ] GC(63) Humongous regions: 5->5
[2023-10-31T03:25:33.630+0000][7][gc,metaspace] GC(63) Metaspace: 118318K(120064K)->118318K(120064K) NonClass: 102511K(103552K)->102511K(103552K) Class: 15807K(16512K)->15807K(16512K)
[2023-10-31T03:25:33.630+0000][7][gc          ] GC(63) Pause Young (Normal) (G1 Evacuation Pause) 406M->129M(512M) 10.102ms
[2023-10-31T03:25:33.630+0000][7][gc,cpu      ] GC(63) User=0.03s Sys=0.00s Real=0.01s
[2023-10-31T03:25:33.630+0000][7][safepoint   ] Safepoint "G1CollectForAllocation", Time since last: 67088952 ns, Reaching safepoint: 51334 ns, At safepoint: 10196417 ns, Total: 10247751 ns
[2023-10-31T03:25:34.631+0000][7][safepoint   ] Safepoint "Cleanup", Time since last: 1000072542 ns, Reaching safepoint: 35590 ns, At safepoint: 4421 ns, Total: 40011 ns
[2023-10-31T03:25:35.631+0000][7][safepoint   ] Safepoint "Cleanup", Time since last: 1000115257 ns, Reaching safepoint: 89384 ns, At safepoint: 3691 ns, Total: 93075 ns
[2023-10-31T03:25:36.631+0000][7][safepoint   ] Safepoint "Cleanup", Time since last: 1000139634 ns, Reaching safepoint: 100660 ns, At safepoint: 6074 ns, Total: 106734 ns
[2023-10-31T03:25:37.631+0000][7][safepoint   ] Safepoint "Cleanup", Time since last: 1000129675 ns, Reaching safepoint: 51334 ns, At safepoint: 7212 ns, Total: 58546 ns
[2023-10-31T03:25:38.632+0000][7][safepoint   ] Safepoint "Cleanup", Time since last: 1000239980 ns, Reaching safepoint: 95119 ns, At safepoint: 5507 ns, Total: 100626 ns
[2023-10-31T03:25:39.632+0000][7][safepoint   ] Safepoint "Cleanup", Time since last: 1000090303 ns, Reaching safepoint: 29507 ns, At safepoint: 4494 ns, Total: 34001 ns
[2023-10-31T03:25:40.632+0000][7][safepoint   ] Safepoint "Cleanup", Time since last: 1000126338 ns, Reaching safepoint: 69250 ns, At safepoint: 3404 ns, Total: 72654 ns
[2023-10-31T03:25:41.632+0000][7][safepoint   ] Safepoint "Cleanup", Time since last: 1000083915 ns, Reaching safepoint: 37234 ns, At safepoint: 4799 ns, Total: 42033 ns
[2023-10-31T03:25:43.075+0000][7][safepoint   ] Safepoint "Cleanup", Time since last: 1442695109 ns, Reaching safepoint: 227306 ns, At safepoint: 9294 ns, Total: 236600 ns
[2023-10-31T03:25:44.504+0000][7][safepoint   ] Safepoint "Cleanup", Time since last: 1428563610 ns, Reaching safepoint: 50224 ns, At safepoint: 4277 ns, Total: 54501 ns
[2023-10-31T03:25:45.504+0000][7][safepoint   ] Safepoint "Cleanup", Time since last: 1000165341 ns, Reaching safepoint: 85132 ns, At safepoint: 7550 ns, Total: 92682 ns
[2023-10-31T03:25:46.504+0000][7][safepoint   ] Safepoint "Cleanup", Time since last: 1000408669 ns, Reaching safepoint: 165772 ns, At safepoint: 4337 ns, Total: 170109 ns
[2023-10-31T03:25:47.505+0000][7][safepoint   ] Safepoint "Cleanup", Time since last: 1000140312 ns, Reaching safepoint: 34424 ns, At safepoint: 25629 ns, Total: 60053 ns
[2023-10-31T03:25:49.505+0000][7][safepoint   ] Safepoint "Cleanup", Time since last: 2000155648 ns, Reaching safepoint: 81504 ns, At safepoint: 8046 ns, Total: 89550 ns
[2023-10-31T03:25:50.180+0000][7][gc,start    ] GC(64) Pause Young (Normal) (G1 Evacuation Pause)
[2023-10-31T03:25:50.180+0000][7][gc,task     ] GC(64) Using 8 workers of 8 for evacuation
[2023-10-31T03:25:50.181+0000][7][gc,age      ] GC(64) Desired survivor size 20971520 bytes, new threshold 15 (max threshold 15)
[2023-10-31T03:25:50.190+0000][7][gc,age      ] GC(64) Age table with threshold 15 (max threshold 15)
[2023-10-31T03:25:50.190+0000][7][gc,age      ] GC(64) - age   1:    1482832 bytes,    1482832 total
[2023-10-31T03:25:50.190+0000][7][gc,age      ] GC(64) - age   2:    1342344 bytes,    2825176 total
[2023-10-31T03:25:50.190+0000][7][gc,age      ] GC(64) - age   3:     542080 bytes,    3367256 total
[2023-10-31T03:25:50.190+0000][7][gc,age      ] GC(64) - age   4:     261984 bytes,    3629240 total
[2023-10-31T03:25:50.190+0000][7][gc,age      ] GC(64) - age   5:       4072 bytes,    3633312 total
[2023-10-31T03:25:50.190+0000][7][gc,age      ] GC(64) - age   6:      26232 bytes,    3659544 total
[2023-10-31T03:25:50.190+0000][7][gc,age      ] GC(64) - age   7:     789760 bytes,    4449304 total
[2023-10-31T03:25:50.190+0000][7][gc,age      ] GC(64) - age   8:     647680 bytes,    5096984 total
[2023-10-31T03:25:50.190+0000][7][gc,age      ] GC(64) - age   9:    1854488 bytes,    6951472 total
[2023-10-31T03:25:50.190+0000][7][gc,age      ] GC(64) - age  10:     454608 bytes,    7406080 total
[2023-10-31T03:25:50.190+0000][7][gc,age      ] GC(64) - age  11:    2101800 bytes,    9507880 total
[2023-10-31T03:25:50.190+0000][7][gc,age      ] GC(64) - age  12:     723008 bytes,   10230888 total
[2023-10-31T03:25:50.190+0000][7][gc,age      ] GC(64) - age  13:     761544 bytes,   10992432 total
[2023-10-31T03:25:50.190+0000][7][gc,age      ] GC(64) - age  14:     333608 bytes,   11326040 total
[2023-10-31T03:25:50.190+0000][7][gc,age      ] GC(64) - age  15:     301016 bytes,   11627056 total
[2023-10-31T03:25:50.190+0000][7][gc,phases   ] GC(64)   Pre Evacuate Collection Set: 0.1ms
[2023-10-31T03:25:50.190+0000][7][gc,phases   ] GC(64)   Merge Heap Roots: 0.0ms
[2023-10-31T03:25:50.190+0000][7][gc,phases   ] GC(64)   Evacuate Collection Set: 8.9ms
[2023-10-31T03:25:50.190+0000][7][gc,phases   ] GC(64)   Post Evacuate Collection Set: 0.6ms
[2023-10-31T03:25:50.190+0000][7][gc,phases   ] GC(64)   Other: 0.3ms
[2023-10-31T03:25:50.190+0000][7][gc,heap     ] GC(64) Eden regions: 71->0(71)
[2023-10-31T03:25:50.190+0000][7][gc,heap     ] GC(64) Survivor regions: 3->3(10)
[2023-10-31T03:25:50.190+0000][7][gc,heap     ] GC(64) Old regions: 24->24
[2023-10-31T03:25:50.190+0000][7][gc,heap     ] GC(64) Archive regions: 2->2
[2023-10-31T03:25:50.190+0000][7][gc,heap     ] GC(64) Humongous regions: 5->5
[2023-10-31T03:25:50.190+0000][7][gc,metaspace] GC(64) Metaspace: 118344K(120064K)->118344K(120064K) NonClass: 102534K(103552K)->102534K(103552K) Class: 15810K(16512K)->15810K(16512K)
[2023-10-31T03:25:50.190+0000][7][gc          ] GC(64) Pause Young (Normal) (G1 Evacuation Pause) 413M->131M(512M) 10.012ms
[2023-10-31T03:25:50.191+0000][7][gc,cpu      ] GC(64) User=0.04s Sys=0.00s Real=0.01s
[2023-10-31T03:25:50.191+0000][7][safepoint   ] Safepoint "G1CollectForAllocation", Time since last: 675407411 ns, Reaching safepoint: 196109 ns, At safepoint: 10128989 ns, Total: 10325098 ns
[2023-10-31T03:25:51.191+0000][7][safepoint   ] Safepoint "Cleanup", Time since last: 1000239734 ns, Reaching safepoint: 152796 ns, At safepoint: 4334 ns, Total: 157130 ns
[2023-10-31T03:25:52.191+0000][7][safepoint   ] Safepoint "Cleanup", Time since last: 1000085733 ns, Reaching safepoint: 68635 ns, At safepoint: 4689 ns, Total: 73324 ns
[2023-10-31T03:25:53.732+0000][7][safepoint   ] Safepoint "Cleanup", Time since last: 1541006195 ns, Reaching safepoint: 104376 ns, At safepoint: 12289 ns, Total: 116665 ns
[2023-10-31T03:25:54.732+0000][7][safepoint   ] Safepoint "Cleanup", Time since last: 1000117557 ns, Reaching safepoint: 57430 ns, At safepoint: 21013 ns, Total: 78443 ns
[2023-10-31T03:25:55.733+0000][7][safepoint   ] Safepoint "Cleanup", Time since last: 1000090139 ns, Reaching safepoint: 66681 ns, At safepoint: 3536 ns, Total: 70217 ns
[2023-10-31T03:25:56.733+0000][7][safepoint   ] Safepoint "Cleanup", Time since last: 1000094188 ns, Reaching safepoint: 63456 ns, At safepoint: 6204 ns, Total: 69660 ns
[2023-10-31T03:25:58.733+0000][7][safepoint   ] Safepoint "Cleanup", Time since last: 2000192478 ns, Reaching safepoint: 81605 ns, At safepoint: 5623 ns, Total: 87228 ns
[2023-10-31T03:25:59.733+0000][7][safepoint   ] Safepoint "Cleanup", Time since last: 1000127036 ns, Reaching safepoint: 70632 ns, At safepoint: 5598 ns, Total: 76230 ns
[2023-10-31T03:26:01.734+0000][7][safepoint   ] Safepoint "Cleanup", Time since last: 2000167620 ns, Reaching safepoint: 167180 ns, At safepoint: 22632 ns, Total: 189812 ns
[2023-10-31T03:26:02.734+0000][7][safepoint   ] Safepoint "Cleanup", Time since last: 1000384316 ns, Reaching safepoint: 129831 ns, At safepoint: 7272 ns, Total: 137103 ns
[2023-10-31T03:26:04.735+0000][7][safepoint   ] Safepoint "Cleanup", Time since last: 2000388054 ns, Reaching safepoint: 193019 ns, At safepoint: 7440 ns, Total: 200459 ns
[2023-10-31T03:26:06.735+0000][7][safepoint   ] Safepoint "Cleanup", Time since last: 2000434172 ns, Reaching safepoint: 122330 ns, At safepoint: 7799 ns, Total: 130129 ns
[2023-10-31T03:26:06.928+0000][7][gc,start    ] GC(65) Pause Young (Normal) (G1 Evacuation Pause)
[2023-10-31T03:26:06.928+0000][7][gc,task     ] GC(65) Using 8 workers of 8 for evacuation
[2023-10-31T03:26:06.928+0000][7][gc,age      ] GC(65) Desired survivor size 20971520 bytes, new threshold 15 (max threshold 15)
[2023-10-31T03:26:06.933+0000][7][gc,age      ] GC(65) Age table with threshold 15 (max threshold 15)
[2023-10-31T03:26:06.933+0000][7][gc,age      ] GC(65) - age   1:    1243416 bytes,    1243416 total
[2023-10-31T03:26:06.933+0000][7][gc,age      ] GC(65) - age   2:     427232 bytes,    1670648 total
[2023-10-31T03:26:06.933+0000][7][gc,age      ] GC(65) - age   3:    1335576 bytes,    3006224 total
[2023-10-31T03:26:06.933+0000][7][gc,age      ] GC(65) - age   4:     540448 bytes,    3546672 total
[2023-10-31T03:26:06.933+0000][7][gc,age      ] GC(65) - age   5:     261440 bytes,    3808112 total
[2023-10-31T03:26:06.933+0000][7][gc,age      ] GC(65) - age   6:       4072 bytes,    3812184 total
[2023-10-31T03:26:06.933+0000][7][gc,age      ] GC(65) - age   7:      26168 bytes,    3838352 total
[2023-10-31T03:26:06.933+0000][7][gc,age      ] GC(65) - age   8:     789384 bytes,    4627736 total
[2023-10-31T03:26:06.933+0000][7][gc,age      ] GC(65) - age   9:     647304 bytes,    5275040 total
[2023-10-31T03:26:06.933+0000][7][gc,age      ] GC(65) - age  10:    1854488 bytes,    7129528 total
[2023-10-31T03:26:06.933+0000][7][gc,age      ] GC(65) - age  11:     454608 bytes,    7584136 total
[2023-10-31T03:26:06.934+0000][7][gc,age      ] GC(65) - age  12:    2101736 bytes,    9685872 total
[2023-10-31T03:26:06.934+0000][7][gc,age      ] GC(65) - age  13:     723008 bytes,   10408880 total
[2023-10-31T03:26:06.934+0000][7][gc,age      ] GC(65) - age  14:     761544 bytes,   11170424 total
[2023-10-31T03:26:06.934+0000][7][gc,age      ] GC(65) - age  15:     333608 bytes,   11504032 total
[2023-10-31T03:26:06.934+0000][7][gc,phases   ] GC(65)   Pre Evacuate Collection Set: 0.2ms
[2023-10-31T03:26:06.934+0000][7][gc,phases   ] GC(65)   Merge Heap Roots: 0.1ms
[2023-10-31T03:26:06.934+0000][7][gc,phases   ] GC(65)   Evacuate Collection Set: 4.5ms
[2023-10-31T03:26:06.934+0000][7][gc,phases   ] GC(65)   Post Evacuate Collection Set: 0.7ms
[2023-10-31T03:26:06.934+0000][7][gc,phases   ] GC(65)   Other: 0.6ms
[2023-10-31T03:26:06.934+0000][7][gc,heap     ] GC(65) Eden regions: 71->0(71)
[2023-10-31T03:26:06.934+0000][7][gc,heap     ] GC(65) Survivor regions: 3->3(10)
[2023-10-31T03:26:06.934+0000][7][gc,heap     ] GC(65) Old regions: 24->24
[2023-10-31T03:26:06.934+0000][7][gc,heap     ] GC(65) Archive regions: 2->2
[2023-10-31T03:26:06.934+0000][7][gc,heap     ] GC(65) Humongous regions: 5->5
[2023-10-31T03:26:06.934+0000][7][gc,metaspace] GC(65) Metaspace: 118347K(120064K)->118347K(120064K) NonClass: 102536K(103552K)->102536K(103552K) Class: 15810K(16512K)->15810K(16512K)
[2023-10-31T03:26:06.934+0000][7][gc          ] GC(65) Pause Young (Normal) (G1 Evacuation Pause) 415M->130M(512M) 6.110ms
[2023-10-31T03:26:06.934+0000][7][gc,cpu      ] GC(65) User=0.04s Sys=0.00s Real=0.00s
[2023-10-31T03:26:06.934+0000][7][safepoint   ] Safepoint "G1CollectForAllocation", Time since last: 192200342 ns, Reaching safepoint: 42688 ns, At safepoint: 6228298 ns, Total: 6270986 ns
[2023-10-31T03:26:07.934+0000][7][safepoint   ] Safepoint "Cleanup", Time since last: 1000089362 ns, Reaching safepoint: 75589 ns, At safepoint: 6762 ns, Total: 82351 ns
[2023-10-31T03:26:08.934+0000][7][safepoint   ] Safepoint "Cleanup", Time since last: 1000092458 ns, Reaching safepoint: 77163 ns, At safepoint: 4889 ns, Total: 82052 ns
[2023-10-31T03:26:10.934+0000][7][safepoint   ] Safepoint "Cleanup", Time since last: 2000214021 ns, Reaching safepoint: 53195 ns, At safepoint: 24897 ns, Total: 78092 ns
[2023-10-31T03:26:11.935+0000][7][safepoint   ] Safepoint "Cleanup", Time since last: 1000121345 ns, Reaching safepoint: 75164 ns, At safepoint: 6121 ns, Total: 81285 ns
[2023-10-31T03:26:13.935+0000][7][safepoint   ] Safepoint "Cleanup", Time since last: 2000187659 ns, Reaching safepoint: 36963 ns, At safepoint: 3675 ns, Total: 40638 ns
[2023-10-31T03:26:14.935+0000][7][safepoint   ] Safepoint "Cleanup", Time since last: 1000095611 ns, Reaching safepoint: 135141 ns, At safepoint: 34432 ns, Total: 169573 ns
[2023-10-31T03:26:16.935+0000][7][safepoint   ] Safepoint "Cleanup", Time since last: 2000316492 ns, Reaching safepoint: 64708 ns, At safepoint: 5524 ns, Total: 70232 ns
[2023-10-31T03:26:17.936+0000][7][safepoint   ] Safepoint "Cleanup", Time since last: 1000087885 ns, Reaching safepoint: 67496 ns, At safepoint: 8694 ns, Total: 76190 ns
[2023-10-31T03:26:18.936+0000][7][safepoint   ] Safepoint "Cleanup", Time since last: 1000089625 ns, Reaching safepoint: 97040 ns, At safepoint: 22299 ns, Total: 119339 ns
[2023-10-31T03:26:19.936+0000][7][safepoint   ] Safepoint "Cleanup", Time since last: 1000091027 ns, Reaching safepoint: 65896 ns, At safepoint: 11386 ns, Total: 77282 ns
[2023-10-31T03:26:20.936+0000][7][safepoint   ] Safepoint "Cleanup", Time since last: 1000396875 ns, Reaching safepoint: 45112 ns, At safepoint: 18754 ns, Total: 63866 ns
[2023-10-31T03:26:21.937+0000][7][safepoint   ] Safepoint "Cleanup", Time since last: 1000123361 ns, Reaching safepoint: 63142 ns, At safepoint: 3852 ns, Total: 66994 ns
[2023-10-31T03:26:22.665+0000][7][gc,start    ] GC(66) Pause Young (Normal) (G1 Evacuation Pause)
[2023-10-31T03:26:22.665+0000][7][gc,task     ] GC(66) Using 8 workers of 8 for evacuation
[2023-10-31T03:26:22.665+0000][7][gc,age      ] GC(66) Desired survivor size 20971520 bytes, new threshold 15 (max threshold 15)
[2023-10-31T03:26:22.677+0000][7][gc,age      ] GC(66) Age table with threshold 15 (max threshold 15)
[2023-10-31T03:26:22.677+0000][7][gc,age      ] GC(66) - age   1:    1798152 bytes,    1798152 total
[2023-10-31T03:26:22.677+0000][7][gc,age      ] GC(66) - age   2:     625984 bytes,    2424136 total
[2023-10-31T03:26:22.677+0000][7][gc,age      ] GC(66) - age   3:     389040 bytes,    2813176 total
[2023-10-31T03:26:22.677+0000][7][gc,age      ] GC(66) - age   4:    1156408 bytes,    3969584 total
[2023-10-31T03:26:22.677+0000][7][gc,age      ] GC(66) - age   5:     421592 bytes,    4391176 total
[2023-10-31T03:26:22.677+0000][7][gc,age      ] GC(66) - age   6:     261184 bytes,    4652360 total
[2023-10-31T03:26:22.677+0000][7][gc,age      ] GC(66) - age   7:       4072 bytes,    4656432 total
[2023-10-31T03:26:22.677+0000][7][gc,age      ] GC(66) - age   8:      26104 bytes,    4682536 total
[2023-10-31T03:26:22.677+0000][7][gc,age      ] GC(66) - age   9:     788592 bytes,    5471128 total
[2023-10-31T03:26:22.677+0000][7][gc,age      ] GC(66) - age  10:     647080 bytes,    6118208 total
[2023-10-31T03:26:22.677+0000][7][gc,age      ] GC(66) - age  11:    1854032 bytes,    7972240 total
[2023-10-31T03:26:22.677+0000][7][gc,age      ] GC(66) - age  12:     454608 bytes,    8426848 total
[2023-10-31T03:26:22.677+0000][7][gc,age      ] GC(66) - age  13:    2101736 bytes,   10528584 total
[2023-10-31T03:26:22.677+0000][7][gc,age      ] GC(66) - age  14:     723008 bytes,   11251592 total
[2023-10-31T03:26:22.677+0000][7][gc,age      ] GC(66) - age  15:     761544 bytes,   12013136 total
[2023-10-31T03:26:22.677+0000][7][gc,phases   ] GC(66)   Pre Evacuate Collection Set: 0.1ms
[2023-10-31T03:26:22.677+0000][7][gc,phases   ] GC(66)   Merge Heap Roots: 0.1ms
[2023-10-31T03:26:22.677+0000][7][gc,phases   ] GC(66)   Evacuate Collection Set: 11.0ms
[2023-10-31T03:26:22.677+0000][7][gc,phases   ] GC(66)   Post Evacuate Collection Set: 0.7ms
[2023-10-31T03:26:22.677+0000][7][gc,phases   ] GC(66)   Other: 0.4ms
[2023-10-31T03:26:22.677+0000][7][gc,heap     ] GC(66) Eden regions: 71->0(69)
[2023-10-31T03:26:22.677+0000][7][gc,heap     ] GC(66) Survivor regions: 3->4(10)
[2023-10-31T03:26:22.677+0000][7][gc,heap     ] GC(66) Old regions: 24->24
[2023-10-31T03:26:22.677+0000][7][gc,heap     ] GC(66) Archive regions: 2->2
[2023-10-31T03:26:22.677+0000][7][gc,heap     ] GC(66) Humongous regions: 5->5
[2023-10-31T03:26:22.677+0000][7][gc,metaspace] GC(66) Metaspace: 118358K(120064K)->118358K(120064K) NonClass: 102547K(103552K)->102547K(103552K) Class: 15810K(16512K)->15810K(16512K)
[2023-10-31T03:26:22.677+0000][7][gc          ] GC(66) Pause Young (Normal) (G1 Evacuation Pause) 414M->131M(512M) 12.338ms
[2023-10-31T03:26:22.677+0000][7][gc,cpu      ] GC(66) User=0.04s Sys=0.00s Real=0.02s
[2023-10-31T03:26:22.677+0000][7][safepoint   ] Safepoint "G1CollectForAllocation", Time since last: 728155429 ns, Reaching safepoint: 100921 ns, At safepoint: 12433191 ns, Total: 12534112 ns
[2023-10-31T03:26:23.677+0000][7][safepoint   ] Safepoint "Cleanup", Time since last: 1000093997 ns, Reaching safepoint: 67191 ns, At safepoint: 9455 ns, Total: 76646 ns
[2023-10-31T03:26:24.678+0000][7][safepoint   ] Safepoint "Cleanup", Time since last: 1000525102 ns, Reaching safepoint: 73367 ns, At safepoint: 4348 ns, Total: 77715 ns
[2023-10-31T03:26:25.678+0000][7][safepoint   ] Safepoint "Cleanup", Time since last: 1000109092 ns, Reaching safepoint: 98872 ns, At safepoint: 7659 ns, Total: 106531 ns
[2023-10-31T03:26:26.679+0000][7][safepoint   ] Safepoint "Cleanup", Time since last: 1000310479 ns, Reaching safepoint: 98046 ns, At safepoint: 6442 ns, Total: 104488 ns
[2023-10-31T03:26:28.679+0000][7][safepoint   ] Safepoint "Cleanup", Time since last: 2000217305 ns, Reaching safepoint: 70710 ns, At safepoint: 5374 ns, Total: 76084 ns
[2023-10-31T03:26:29.679+0000][7][safepoint   ] Safepoint "Cleanup", Time since last: 1000119178 ns, Reaching safepoint: 61580 ns, At safepoint: 4599 ns, Total: 66179 ns
[2023-10-31T03:26:31.679+0000][7][safepoint   ] Safepoint "Cleanup", Time since last: 2000191173 ns, Reaching safepoint: 48761 ns, At safepoint: 6334 ns, Total: 55095 ns
[2023-10-31T03:26:33.680+0000][7][safepoint   ] Safepoint "Cleanup", Time since last: 2000197683 ns, Reaching safepoint: 137892 ns, At safepoint: 21881 ns, Total: 159773 ns
[2023-10-31T03:26:34.680+0000][7][safepoint   ] Safepoint "Cleanup", Time since last: 1000104480 ns, Reaching safepoint: 83441 ns, At safepoint: 29826 ns, Total: 113267 ns
[2023-10-31T03:26:35.680+0000][7][safepoint   ] Safepoint "Cleanup", Time since last: 1000191474 ns, Reaching safepoint: 126578 ns, At safepoint: 38579 ns, Total: 165157 ns
[2023-10-31T03:26:35.801+0000][7][gc,start    ] GC(67) Pause Young (Normal) (G1 Evacuation Pause)
[2023-10-31T03:26:35.801+0000][7][gc,task     ] GC(67) Using 8 workers of 8 for evacuation
[2023-10-31T03:26:35.801+0000][7][gc,age      ] GC(67) Desired survivor size 20971520 bytes, new threshold 15 (max threshold 15)
[2023-10-31T03:26:35.817+0000][7][gc,age      ] GC(67) Age table with threshold 15 (max threshold 15)
[2023-10-31T03:26:35.817+0000][7][gc,age      ] GC(67) - age   1:    2610312 bytes,    2610312 total
[2023-10-31T03:26:35.817+0000][7][gc,age      ] GC(67) - age   2:     236336 bytes,    2846648 total
[2023-10-31T03:26:35.817+0000][7][gc,age      ] GC(67) - age   3:     145488 bytes,    2992136 total
[2023-10-31T03:26:35.817+0000][7][gc,age      ] GC(67) - age   4:       9096 bytes,    3001232 total
[2023-10-31T03:26:35.817+0000][7][gc,age      ] GC(67) - age   5:     426464 bytes,    3427696 total
[2023-10-31T03:26:35.817+0000][7][gc,age      ] GC(67) - age   6:     419864 bytes,    3847560 total
[2023-10-31T03:26:35.817+0000][7][gc,age      ] GC(67) - age   7:     261120 bytes,    4108680 total
[2023-10-31T03:26:35.817+0000][7][gc,age      ] GC(67) - age   8:       4072 bytes,    4112752 total
[2023-10-31T03:26:35.817+0000][7][gc,age      ] GC(67) - age   9:      26104 bytes,    4138856 total
[2023-10-31T03:26:35.817+0000][7][gc,age      ] GC(67) - age  10:     787600 bytes,    4926456 total
[2023-10-31T03:26:35.817+0000][7][gc,age      ] GC(67) - age  11:     646696 bytes,    5573152 total
[2023-10-31T03:26:35.817+0000][7][gc,age      ] GC(67) - age  12:    1853216 bytes,    7426368 total
[2023-10-31T03:26:35.817+0000][7][gc,age      ] GC(67) - age  13:     454424 bytes,    7880792 total
[2023-10-31T03:26:35.817+0000][7][gc,age      ] GC(67) - age  14:    2101736 bytes,    9982528 total
[2023-10-31T03:26:35.817+0000][7][gc,age      ] GC(67) - age  15:     723008 bytes,   10705536 total
[2023-10-31T03:26:35.817+0000][7][gc,phases   ] GC(67)   Pre Evacuate Collection Set: 0.1ms
[2023-10-31T03:26:35.817+0000][7][gc,phases   ] GC(67)   Merge Heap Roots: 0.1ms
[2023-10-31T03:26:35.817+0000][7][gc,phases   ] GC(67)   Evacuate Collection Set: 15.0ms
[2023-10-31T03:26:35.817+0000][7][gc,phases   ] GC(67)   Post Evacuate Collection Set: 0.7ms
[2023-10-31T03:26:35.817+0000][7][gc,phases   ] GC(67)   Other: 0.3ms
[2023-10-31T03:26:35.817+0000][7][gc,heap     ] GC(67) Eden regions: 69->0(70)
[2023-10-31T03:26:35.817+0000][7][gc,heap     ] GC(67) Survivor regions: 4->3(10)
[2023-10-31T03:26:35.817+0000][7][gc,heap     ] GC(67) Old regions: 24->25
[2023-10-31T03:26:35.817+0000][7][gc,heap     ] GC(67) Archive regions: 2->2
[2023-10-31T03:26:35.817+0000][7][gc,heap     ] GC(67) Humongous regions: 5->5
[2023-10-31T03:26:35.817+0000][7][gc,metaspace] GC(67) Metaspace: 118412K(120128K)->118412K(120128K) NonClass: 102601K(103616K)->102601K(103616K) Class: 15811K(16512K)->15811K(16512K)
[2023-10-31T03:26:35.817+0000][7][gc          ] GC(67) Pause Young (Normal) (G1 Evacuation Pause) 407M->131M(512M) 16.206ms
[2023-10-31T03:26:35.817+0000][7][gc,cpu      ] GC(67) User=0.04s Sys=0.00s Real=0.02s
[2023-10-31T03:26:35.817+0000][7][safepoint   ] Safepoint "G1CollectForAllocation", Time since last: 120463269 ns, Reaching safepoint: 155845 ns, At safepoint: 16306540 ns, Total: 16462385 ns
[2023-10-31T03:26:36.817+0000][7][safepoint   ] Safepoint "Cleanup", Time since last: 1000081248 ns, Reaching safepoint: 90675 ns, At safepoint: 7566 ns, Total: 98241 ns
[2023-10-31T03:26:37.818+0000][7][safepoint   ] Safepoint "Cleanup", Time since last: 1000253374 ns, Reaching safepoint: 271429 ns, At safepoint: 14361 ns, Total: 285790 ns
[2023-10-31T03:26:38.818+0000][7][safepoint   ] Safepoint "Cleanup", Time since last: 1000144761 ns, Reaching safepoint: 153701 ns, At safepoint: 8448 ns, Total: 162149 ns
[2023-10-31T03:26:39.819+0000][7][safepoint   ] Safepoint "Cleanup", Time since last: 1000264742 ns, Reaching safepoint: 102300 ns, At safepoint: 3754 ns, Total: 106054 ns
[2023-10-31T03:26:40.819+0000][7][safepoint   ] Safepoint "Cleanup", Time since last: 1000088739 ns, Reaching safepoint: 95118 ns, At safepoint: 8094 ns, Total: 103212 ns
[2023-10-31T03:26:41.752+0000][7][gc,start    ] GC(68) Pause Young (Normal) (G1 Evacuation Pause)
[2023-10-31T03:26:41.752+0000][7][gc,task     ] GC(68) Using 8 workers of 8 for evacuation
[2023-10-31T03:26:41.752+0000][7][gc,age      ] GC(68) Desired survivor size 20971520 bytes, new threshold 15 (max threshold 15)
[2023-10-31T03:26:41.764+0000][7][gc,age      ] GC(68) Age table with threshold 15 (max threshold 15)
[2023-10-31T03:26:41.764+0000][7][gc,age      ] GC(68) - age   1:    2414016 bytes,    2414016 total
[2023-10-31T03:26:41.764+0000][7][gc,age      ] GC(68) - age   2:     592176 bytes,    3006192 total
[2023-10-31T03:26:41.764+0000][7][gc,age      ] GC(68) - age   3:      27872 bytes,    3034064 total
[2023-10-31T03:26:41.764+0000][7][gc,age      ] GC(68) - age   4:     145328 bytes,    3179392 total
[2023-10-31T03:26:41.764+0000][7][gc,age      ] GC(68) - age   5:       8968 bytes,    3188360 total
[2023-10-31T03:26:41.764+0000][7][gc,age      ] GC(68) - age   6:     423960 bytes,    3612320 total
[2023-10-31T03:26:41.764+0000][7][gc,age      ] GC(68) - age   7:     192032 bytes,    3804352 total
[2023-10-31T03:26:41.764+0000][7][gc,age      ] GC(68) - age   8:     260496 bytes,    4064848 total
[2023-10-31T03:26:41.764+0000][7][gc,age      ] GC(68) - age   9:       4072 bytes,    4068920 total
[2023-10-31T03:26:41.764+0000][7][gc,age      ] GC(68) - age  10:      25720 bytes,    4094640 total
[2023-10-31T03:26:41.764+0000][7][gc,age      ] GC(68) - age  11:     446648 bytes,    4541288 total
[2023-10-31T03:26:41.764+0000][7][gc,age      ] GC(68) - age  12:     646696 bytes,    5187984 total
[2023-10-31T03:26:41.764+0000][7][gc,age      ] GC(68) - age  13:    1853120 bytes,    7041104 total
[2023-10-31T03:26:41.764+0000][7][gc,age      ] GC(68) - age  14:     454424 bytes,    7495528 total
[2023-10-31T03:26:41.764+0000][7][gc,age      ] GC(68) - age  15:    2101736 bytes,    9597264 total
[2023-10-31T03:26:41.764+0000][7][gc,phases   ] GC(68)   Pre Evacuate Collection Set: 0.1ms
[2023-10-31T03:26:41.764+0000][7][gc,phases   ] GC(68)   Merge Heap Roots: 0.1ms
[2023-10-31T03:26:41.764+0000][7][gc,phases   ] GC(68)   Evacuate Collection Set: 11.0ms
[2023-10-31T03:26:41.764+0000][7][gc,phases   ] GC(68)   Post Evacuate Collection Set: 0.7ms
[2023-10-31T03:26:41.764+0000][7][gc,phases   ] GC(68)   Other: 0.3ms
[2023-10-31T03:26:41.764+0000][7][gc,heap     ] GC(68) Eden regions: 70->0(70)
[2023-10-31T03:26:41.764+0000][7][gc,heap     ] GC(68) Survivor regions: 3->3(10)
[2023-10-31T03:26:41.764+0000][7][gc,heap     ] GC(68) Old regions: 25->25
[2023-10-31T03:26:41.764+0000][7][gc,heap     ] GC(68) Archive regions: 2->2
[2023-10-31T03:26:41.764+0000][7][gc,heap     ] GC(68) Humongous regions: 5->5
[2023-10-31T03:26:41.764+0000][7][gc,metaspace] GC(68) Metaspace: 118432K(120128K)->118432K(120128K) NonClass: 102620K(103616K)->102620K(103616K) Class: 15811K(16512K)->15811K(16512K)
[2023-10-31T03:26:41.764+0000][7][gc          ] GC(68) Pause Young (Normal) (G1 Evacuation Pause) 411M->131M(512M) 12.181ms
[2023-10-31T03:26:41.764+0000][7][gc,cpu      ] GC(68) User=0.04s Sys=0.00s Real=0.01s
[2023-10-31T03:26:41.764+0000][7][safepoint   ] Safepoint "G1CollectForAllocation", Time since last: 932625205 ns, Reaching safepoint: 94825 ns, At safepoint: 12257705 ns, Total: 12352530 ns
[2023-10-31T03:26:42.764+0000][7][safepoint   ] Safepoint "Cleanup", Time since last: 1000089162 ns, Reaching safepoint: 78077 ns, At safepoint: 4813 ns, Total: 82890 ns
[2023-10-31T03:26:43.764+0000][7][safepoint   ] Safepoint "Cleanup", Time since last: 1000158552 ns, Reaching safepoint: 216439 ns, At safepoint: 22290 ns, Total: 238729 ns
[2023-10-31T03:26:44.765+0000][7][safepoint   ] Safepoint "Cleanup", Time since last: 1000171739 ns, Reaching safepoint: 53258 ns, At safepoint: 3984 ns, Total: 57242 ns
[2023-10-31T03:26:45.765+0000][7][safepoint   ] Safepoint "Cleanup", Time since last: 1000158770 ns, Reaching safepoint: 123737 ns, At safepoint: 11141 ns, Total: 134878 ns
[2023-10-31T03:26:46.765+0000][7][safepoint   ] Safepoint "Cleanup", Time since last: 1000108862 ns, Reaching safepoint: 54960 ns, At safepoint: 5679 ns, Total: 60639 ns
[2023-10-31T03:26:49.765+0000][7][safepoint   ] Safepoint "Cleanup", Time since last: 3000250459 ns, Reaching safepoint: 78350 ns, At safepoint: 5237 ns, Total: 83587 ns
[2023-10-31T03:26:50.370+0000][7][gc,start    ] GC(69) Pause Young (Normal) (G1 Evacuation Pause)
[2023-10-31T03:26:50.370+0000][7][gc,task     ] GC(69) Using 8 workers of 8 for evacuation
[2023-10-31T03:26:50.370+0000][7][gc,age      ] GC(69) Desired survivor size 20971520 bytes, new threshold 15 (max threshold 15)
[2023-10-31T03:26:50.377+0000][7][gc,age      ] GC(69) Age table with threshold 15 (max threshold 15)
[2023-10-31T03:26:50.377+0000][7][gc,age      ] GC(69) - age   1:    2314464 bytes,    2314464 total
[2023-10-31T03:26:50.377+0000][7][gc,age      ] GC(69) - age   2:     988704 bytes,    3303168 total
[2023-10-31T03:26:50.377+0000][7][gc,age      ] GC(69) - age   3:     575144 bytes,    3878312 total
[2023-10-31T03:26:50.377+0000][7][gc,age      ] GC(69) - age   4:      20312 bytes,    3898624 total
[2023-10-31T03:26:50.377+0000][7][gc,age      ] GC(69) - age   5:     121504 bytes,    4020128 total
[2023-10-31T03:26:50.381+0000][7][gc,age      ] GC(69) - age   6:       8872 bytes,    4029000 total
[2023-10-31T03:26:50.381+0000][7][gc,age      ] GC(69) - age   7:     101408 bytes,    4130408 total
[2023-10-31T03:26:50.381+0000][7][gc,age      ] GC(69) - age   8:      93728 bytes,    4224136 total
[2023-10-31T03:26:50.381+0000][7][gc,age      ] GC(69) - age   9:     160240 bytes,    4384376 total
[2023-10-31T03:26:50.381+0000][7][gc,age      ] GC(69) - age  10:       3736 bytes,    4388112 total
[2023-10-31T03:26:50.381+0000][7][gc,age      ] GC(69) - age  11:      25720 bytes,    4413832 total
[2023-10-31T03:26:50.381+0000][7][gc,age      ] GC(69) - age  12:     446552 bytes,    4860384 total
[2023-10-31T03:26:50.381+0000][7][gc,age      ] GC(69) - age  13:     646696 bytes,    5507080 total
[2023-10-31T03:26:50.381+0000][7][gc,age      ] GC(69) - age  14:    1853120 bytes,    7360200 total
[2023-10-31T03:26:50.381+0000][7][gc,age      ] GC(69) - age  15:     454424 bytes,    7814624 total
[2023-10-31T03:26:50.381+0000][7][gc,phases   ] GC(69)   Pre Evacuate Collection Set: 0.1ms
[2023-10-31T03:26:50.381+0000][7][gc,phases   ] GC(69)   Merge Heap Roots: 0.1ms
[2023-10-31T03:26:50.381+0000][7][gc,phases   ] GC(69)   Evacuate Collection Set: 6.3ms
[2023-10-31T03:26:50.381+0000][7][gc,phases   ] GC(69)   Post Evacuate Collection Set: 0.6ms
[2023-10-31T03:26:50.381+0000][7][gc,phases   ] GC(69)   Other: 4.1ms
[2023-10-31T03:26:50.381+0000][7][gc,heap     ] GC(69) Eden regions: 70->0(70)
[2023-10-31T03:26:50.381+0000][7][gc,heap     ] GC(69) Survivor regions: 3->3(10)
[2023-10-31T03:26:50.381+0000][7][gc,heap     ] GC(69) Old regions: 25->25
[2023-10-31T03:26:50.381+0000][7][gc,heap     ] GC(69) Archive regions: 2->2
[2023-10-31T03:26:50.381+0000][7][gc,heap     ] GC(69) Humongous regions: 5->5
[2023-10-31T03:26:50.381+0000][7][gc,metaspace] GC(69) Metaspace: 118433K(120128K)->118433K(120128K) NonClass: 102622K(103616K)->102622K(103616K) Class: 15811K(16512K)->15811K(16512K)
[2023-10-31T03:26:50.381+0000][7][gc          ] GC(69) Pause Young (Normal) (G1 Evacuation Pause) 411M->131M(512M) 11.237ms
[2023-10-31T03:26:50.381+0000][7][gc,cpu      ] GC(69) User=0.03s Sys=0.00s Real=0.01s
[2023-10-31T03:26:50.381+0000][7][safepoint   ] Safepoint "G1CollectForAllocation", Time since last: 604067040 ns, Reaching safepoint: 56110 ns, At safepoint: 11318583 ns, Total: 11374693 ns
[2023-10-31T03:26:51.381+0000][7][safepoint   ] Safepoint "Cleanup", Time since last: 1000074090 ns, Reaching safepoint: 57558 ns, At safepoint: 3771 ns, Total: 61329 ns
[2023-10-31T03:26:52.451+0000][7][safepoint   ] Safepoint "Cleanup", Time since last: 1069801176 ns, Reaching safepoint: 63664 ns, At safepoint: 5453 ns, Total: 69117 ns
[2023-10-31T03:26:53.451+0000][7][safepoint   ] Safepoint "Cleanup", Time since last: 1000131979 ns, Reaching safepoint: 100445 ns, At safepoint: 16815 ns, Total: 117260 ns
[2023-10-31T03:26:54.451+0000][7][safepoint   ] Safepoint "Cleanup", Time since last: 1000164292 ns, Reaching safepoint: 78524 ns, At safepoint: 3801 ns, Total: 82325 ns
[2023-10-31T03:26:56.452+0000][7][safepoint   ] Safepoint "Cleanup", Time since last: 2000177940 ns, Reaching safepoint: 65984 ns, At safepoint: 7044 ns, Total: 73028 ns
[2023-10-31T03:26:57.989+0000][7][safepoint   ] Safepoint "Cleanup", Time since last: 1536804880 ns, Reaching safepoint: 177426 ns, At safepoint: 15249 ns, Total: 192675 ns
[2023-10-31T03:26:58.989+0000][7][safepoint   ] Safepoint "Cleanup", Time since last: 1000221120 ns, Reaching safepoint: 114512 ns, At safepoint: 7799 ns, Total: 122311 ns
[2023-10-31T03:26:59.053+0000][7][gc,start    ] GC(70) Pause Young (Normal) (G1 Evacuation Pause)
[2023-10-31T03:26:59.053+0000][7][gc,task     ] GC(70) Using 8 workers of 8 for evacuation
[2023-10-31T03:26:59.053+0000][7][gc,age      ] GC(70) Desired survivor size 20971520 bytes, new threshold 15 (max threshold 15)
[2023-10-31T03:26:59.063+0000][7][gc,age      ] GC(70) Age table with threshold 15 (max threshold 15)
[2023-10-31T03:26:59.063+0000][7][gc,age      ] GC(70) - age   1:    3108904 bytes,    3108904 total
[2023-10-31T03:26:59.063+0000][7][gc,age      ] GC(70) - age   2:     214624 bytes,    3323528 total
[2023-10-31T03:26:59.063+0000][7][gc,age      ] GC(70) - age   3:     562944 bytes,    3886472 total
[2023-10-31T03:26:59.063+0000][7][gc,age      ] GC(70) - age   4:     477688 bytes,    4364160 total
[2023-10-31T03:26:59.063+0000][7][gc,age      ] GC(70) - age   5:       3592 bytes,    4367752 total
[2023-10-31T03:26:59.063+0000][7][gc,age      ] GC(70) - age   6:       1344 bytes,    4369096 total
[2023-10-31T03:26:59.063+0000][7][gc,age      ] GC(70) - age   7:       8872 bytes,    4377968 total
[2023-10-31T03:26:59.063+0000][7][gc,age      ] GC(70) - age   8:       1288 bytes,    4379256 total
[2023-10-31T03:26:59.063+0000][7][gc,age      ] GC(70) - age   9:      93568 bytes,    4472824 total
[2023-10-31T03:26:59.063+0000][7][gc,age      ] GC(70) - age  10:     160240 bytes,    4633064 total
[2023-10-31T03:26:59.063+0000][7][gc,age      ] GC(70) - age  11:       3736 bytes,    4636800 total
[2023-10-31T03:26:59.063+0000][7][gc,age      ] GC(70) - age  12:      25720 bytes,    4662520 total
[2023-10-31T03:26:59.063+0000][7][gc,age      ] GC(70) - age  13:     446552 bytes,    5109072 total
[2023-10-31T03:26:59.063+0000][7][gc,age      ] GC(70) - age  14:     646696 bytes,    5755768 total
[2023-10-31T03:26:59.063+0000][7][gc,age      ] GC(70) - age  15:    1853120 bytes,    7608888 total
[2023-10-31T03:26:59.063+0000][7][gc,phases   ] GC(70)   Pre Evacuate Collection Set: 0.1ms
[2023-10-31T03:26:59.064+0000][7][gc,phases   ] GC(70)   Merge Heap Roots: 0.1ms
[2023-10-31T03:26:59.064+0000][7][gc,phases   ] GC(70)   Evacuate Collection Set: 9.4ms
[2023-10-31T03:26:59.064+0000][7][gc,phases   ] GC(70)   Post Evacuate Collection Set: 0.5ms
[2023-10-31T03:26:59.064+0000][7][gc,phases   ] GC(70)   Other: 0.3ms
[2023-10-31T03:26:59.064+0000][7][gc,heap     ] GC(70) Eden regions: 70->0(71)
[2023-10-31T03:26:59.064+0000][7][gc,heap     ] GC(70) Survivor regions: 3->2(10)
[2023-10-31T03:26:59.064+0000][7][gc,heap     ] GC(70) Old regions: 25->25
[2023-10-31T03:26:59.064+0000][7][gc,heap     ] GC(70) Archive regions: 2->2
[2023-10-31T03:26:59.064+0000][7][gc,heap     ] GC(70) Humongous regions: 5->5
[2023-10-31T03:26:59.064+0000][7][gc,metaspace] GC(70) Metaspace: 118440K(120128K)->118440K(120128K) NonClass: 102629K(103616K)->102629K(103616K) Class: 15811K(16512K)->15811K(16512K)
[2023-10-31T03:26:59.064+0000][7][gc          ] GC(70) Pause Young (Normal) (G1 Evacuation Pause) 411M->131M(512M) 10.533ms
[2023-10-31T03:26:59.064+0000][7][gc,cpu      ] GC(70) User=0.02s Sys=0.01s Real=0.01s
[2023-10-31T03:26:59.064+0000][7][safepoint   ] Safepoint "G1CollectForAllocation", Time since last: 63932310 ns, Reaching safepoint: 80204 ns, At safepoint: 10644390 ns, Total: 10724594 ns
[2023-10-31T03:27:00.064+0000][7][safepoint   ] Safepoint "Cleanup", Time since last: 1000120024 ns, Reaching safepoint: 141054 ns, At safepoint: 6844 ns, Total: 147898 ns
[2023-10-31T03:27:01.064+0000][7][safepoint   ] Safepoint "Cleanup", Time since last: 1000130779 ns, Reaching safepoint: 136203 ns, At safepoint: 5091 ns, Total: 141294 ns
[2023-10-31T03:27:02.064+0000][7][safepoint   ] Safepoint "Cleanup", Time since last: 1000138178 ns, Reaching safepoint: 54781 ns, At safepoint: 3472 ns, Total: 58253 ns
[2023-10-31T03:27:03.065+0000][7][safepoint   ] Safepoint "Cleanup", Time since last: 1000166766 ns, Reaching safepoint: 99017 ns, At safepoint: 4461 ns, Total: 103478 ns
[2023-10-31T03:27:04.065+0000][7][safepoint   ] Safepoint "Cleanup", Time since last: 1000145823 ns, Reaching safepoint: 67704 ns, At safepoint: 4038 ns, Total: 71742 ns
[2023-10-31T03:27:05.065+0000][7][safepoint   ] Safepoint "Cleanup", Time since last: 1000327256 ns, Reaching safepoint: 31559 ns, At safepoint: 4659 ns, Total: 36218 ns
[2023-10-31T03:27:07.066+0000][7][safepoint   ] Safepoint "Cleanup", Time since last: 2000191815 ns, Reaching safepoint: 81692 ns, At safepoint: 4967 ns, Total: 86659 ns
[2023-10-31T03:27:08.066+0000][7][safepoint   ] Safepoint "Cleanup", Time since last: 1000126011 ns, Reaching safepoint: 85674 ns, At safepoint: 5127 ns, Total: 90801 ns
[2023-10-31T03:27:09.066+0000][7][safepoint   ] Safepoint "Cleanup", Time since last: 1000290541 ns, Reaching safepoint: 98247 ns, At safepoint: 11013 ns, Total: 109260 ns
[2023-10-31T03:27:09.919+0000][7][gc,start    ] GC(71) Pause Young (Normal) (G1 Evacuation Pause)
[2023-10-31T03:27:09.919+0000][7][gc,task     ] GC(71) Using 8 workers of 8 for evacuation
[2023-10-31T03:27:09.919+0000][7][gc,age      ] GC(71) Desired survivor size 20971520 bytes, new threshold 15 (max threshold 15)
[2023-10-31T03:27:09.934+0000][7][gc,age      ] GC(71) Age table with threshold 15 (max threshold 15)
[2023-10-31T03:27:09.934+0000][7][gc,age      ] GC(71) - age   1:    2273072 bytes,    2273072 total
[2023-10-31T03:27:09.934+0000][7][gc,age      ] GC(71) - age   2:     481968 bytes,    2755040 total
[2023-10-31T03:27:09.934+0000][7][gc,age      ] GC(71) - age   3:     209960 bytes,    2965000 total
[2023-10-31T03:27:09.934+0000][7][gc,age      ] GC(71) - age   4:     562456 bytes,    3527456 total
[2023-10-31T03:27:09.934+0000][7][gc,age      ] GC(71) - age   5:     476752 bytes,    4004208 total
[2023-10-31T03:27:09.934+0000][7][gc,age      ] GC(71) - age   6:       3400 bytes,    4007608 total
[2023-10-31T03:27:09.934+0000][7][gc,age      ] GC(71) - age   7:       1280 bytes,    4008888 total
[2023-10-31T03:27:09.934+0000][7][gc,age      ] GC(71) - age   8:       8872 bytes,    4017760 total
[2023-10-31T03:27:09.934+0000][7][gc,age      ] GC(71) - age   9:       1256 bytes,    4019016 total
[2023-10-31T03:27:09.934+0000][7][gc,age      ] GC(71) - age  10:      93568 bytes,    4112584 total
[2023-10-31T03:27:09.934+0000][7][gc,age      ] GC(71) - age  11:     160240 bytes,    4272824 total
[2023-10-31T03:27:09.934+0000][7][gc,age      ] GC(71) - age  12:       3736 bytes,    4276560 total
[2023-10-31T03:27:09.934+0000][7][gc,age      ] GC(71) - age  13:      25720 bytes,    4302280 total
[2023-10-31T03:27:09.934+0000][7][gc,age      ] GC(71) - age  14:     446552 bytes,    4748832 total
[2023-10-31T03:27:09.934+0000][7][gc,age      ] GC(71) - age  15:     646696 bytes,    5395528 total
[2023-10-31T03:27:09.934+0000][7][gc,phases   ] GC(71)   Pre Evacuate Collection Set: 0.1ms
[2023-10-31T03:27:09.934+0000][7][gc,phases   ] GC(71)   Merge Heap Roots: 0.1ms
[2023-10-31T03:27:09.934+0000][7][gc,phases   ] GC(71)   Evacuate Collection Set: 14.2ms
[2023-10-31T03:27:09.934+0000][7][gc,phases   ] GC(71)   Post Evacuate Collection Set: 0.7ms
[2023-10-31T03:27:09.934+0000][7][gc,phases   ] GC(71)   Other: 0.5ms
[2023-10-31T03:27:09.934+0000][7][gc,heap     ] GC(71) Eden regions: 71->0(70)
[2023-10-31T03:27:09.934+0000][7][gc,heap     ] GC(71) Survivor regions: 2->2(10)
[2023-10-31T03:27:09.934+0000][7][gc,heap     ] GC(71) Old regions: 25->26
[2023-10-31T03:27:09.934+0000][7][gc,heap     ] GC(71) Archive regions: 2->2
[2023-10-31T03:27:09.934+0000][7][gc,heap     ] GC(71) Humongous regions: 5->5
[2023-10-31T03:27:09.934+0000][7][gc,metaspace] GC(71) Metaspace: 118440K(120128K)->118440K(120128K) NonClass: 102629K(103616K)->102629K(103616K) Class: 15811K(16512K)->15811K(16512K)
[2023-10-31T03:27:09.934+0000][7][gc          ] GC(71) Pause Young (Normal) (G1 Evacuation Pause) 415M->131M(512M) 15.571ms
[2023-10-31T03:27:09.934+0000][7][gc,cpu      ] GC(71) User=0.03s Sys=0.00s Real=0.01s
[2023-10-31T03:27:09.934+0000][7][safepoint   ] Safepoint "G1CollectForAllocation", Time since last: 852507107 ns, Reaching safepoint: 41169 ns, At safepoint: 15701615 ns, Total: 15742784 ns
[2023-10-31T03:27:10.935+0000][7][safepoint   ] Safepoint "Cleanup", Time since last: 1000104440 ns, Reaching safepoint: 61857 ns, At safepoint: 6066 ns, Total: 67923 ns
[2023-10-31T03:27:11.935+0000][7][safepoint   ] Safepoint "Cleanup", Time since last: 1000097043 ns, Reaching safepoint: 78455 ns, At safepoint: 8236 ns, Total: 86691 ns
[2023-10-31T03:27:13.935+0000][7][safepoint   ] Safepoint "Cleanup", Time since last: 2000192584 ns, Reaching safepoint: 66721 ns, At safepoint: 4987 ns, Total: 71708 ns
[2023-10-31T03:27:14.936+0000][7][safepoint   ] Safepoint "Cleanup", Time since last: 1000334825 ns, Reaching safepoint: 163372 ns, At safepoint: 8173 ns, Total: 171545 ns
[2023-10-31T03:27:16.936+0000][7][safepoint   ] Safepoint "Cleanup", Time since last: 2000442203 ns, Reaching safepoint: 69941 ns, At safepoint: 5330 ns, Total: 75271 ns
[2023-10-31T03:27:18.936+0000][7][safepoint   ] Safepoint "Cleanup", Time since last: 2000188144 ns, Reaching safepoint: 77014 ns, At safepoint: 10018 ns, Total: 87032 ns
[2023-10-31T03:27:19.936+0000][7][safepoint   ] Safepoint "Cleanup", Time since last: 1000128754 ns, Reaching safepoint: 42736 ns, At safepoint: 5887 ns, Total: 48623 ns
[2023-10-31T03:27:21.937+0000][7][safepoint   ] Safepoint "Cleanup", Time since last: 2000430738 ns, Reaching safepoint: 51614 ns, At safepoint: 4823 ns, Total: 56437 ns
[2023-10-31T03:27:22.937+0000][7][safepoint   ] Safepoint "Cleanup", Time since last: 1000159478 ns, Reaching safepoint: 41400 ns, At safepoint: 4122 ns, Total: 45522 ns
[2023-10-31T03:27:23.937+0000][7][safepoint   ] Safepoint "Cleanup", Time since last: 1000106533 ns, Reaching safepoint: 91003 ns, At safepoint: 14512 ns, Total: 105515 ns
[2023-10-31T03:27:24.938+0000][7][safepoint   ] Safepoint "Cleanup", Time since last: 1000370591 ns, Reaching safepoint: 88642 ns, At safepoint: 7735 ns, Total: 96377 ns
[2023-10-31T03:27:25.895+0000][7][gc,start    ] GC(72) Pause Young (Normal) (G1 Evacuation Pause)
[2023-10-31T03:27:25.895+0000][7][gc,task     ] GC(72) Using 8 workers of 8 for evacuation
[2023-10-31T03:27:25.895+0000][7][gc,age      ] GC(72) Desired survivor size 18874368 bytes, new threshold 15 (max threshold 15)
[2023-10-31T03:27:25.907+0000][7][gc,age      ] GC(72) Age table with threshold 15 (max threshold 15)
[2023-10-31T03:27:25.907+0000][7][gc,age      ] GC(72) - age   1:    2342264 bytes,    2342264 total
[2023-10-31T03:27:25.907+0000][7][gc,age      ] GC(72) - age   2:    1464784 bytes,    3807048 total
[2023-10-31T03:27:25.907+0000][7][gc,age      ] GC(72) - age   3:     147184 bytes,    3954232 total
[2023-10-31T03:27:25.907+0000][7][gc,age      ] GC(72) - age   4:     164904 bytes,    4119136 total
[2023-10-31T03:27:25.907+0000][7][gc,age      ] GC(72) - age   5:     442968 bytes,    4562104 total
[2023-10-31T03:27:25.907+0000][7][gc,age      ] GC(72) - age   6:     370496 bytes,    4932600 total
[2023-10-31T03:27:25.907+0000][7][gc,age      ] GC(72) - age   7:       2816 bytes,    4935416 total
[2023-10-31T03:27:25.907+0000][7][gc,age      ] GC(72) - age   8:       1216 bytes,    4936632 total
[2023-10-31T03:27:25.907+0000][7][gc,age      ] GC(72) - age   9:       8784 bytes,    4945416 total
[2023-10-31T03:27:25.907+0000][7][gc,age      ] GC(72) - age  10:       1192 bytes,    4946608 total
[2023-10-31T03:27:25.907+0000][7][gc,age      ] GC(72) - age  11:      93416 bytes,    5040024 total
[2023-10-31T03:27:25.907+0000][7][gc,age      ] GC(72) - age  12:     160176 bytes,    5200200 total
[2023-10-31T03:27:25.907+0000][7][gc,age      ] GC(72) - age  13:       3736 bytes,    5203936 total
[2023-10-31T03:27:25.907+0000][7][gc,age      ] GC(72) - age  14:      25720 bytes,    5229656 total
[2023-10-31T03:27:25.907+0000][7][gc,age      ] GC(72) - age  15:     446552 bytes,    5676208 total
[2023-10-31T03:27:25.907+0000][7][gc,phases   ] GC(72)   Pre Evacuate Collection Set: 0.1ms
[2023-10-31T03:27:25.907+0000][7][gc,phases   ] GC(72)   Merge Heap Roots: 0.1ms
[2023-10-31T03:27:25.907+0000][7][gc,phases   ] GC(72)   Evacuate Collection Set: 11.2ms
[2023-10-31T03:27:25.907+0000][7][gc,phases   ] GC(72)   Post Evacuate Collection Set: 0.6ms
[2023-10-31T03:27:25.907+0000][7][gc,phases   ] GC(72)   Other: 0.3ms
[2023-10-31T03:27:25.907+0000][7][gc,heap     ] GC(72) Eden regions: 70->0(70)
[2023-10-31T03:27:25.907+0000][7][gc,heap     ] GC(72) Survivor regions: 2->2(9)
[2023-10-31T03:27:25.907+0000][7][gc,heap     ] GC(72) Old regions: 26->26
[2023-10-31T03:27:25.907+0000][7][gc,heap     ] GC(72) Archive regions: 2->2
[2023-10-31T03:27:25.907+0000][7][gc,heap     ] GC(72) Humongous regions: 5->5
[2023-10-31T03:27:25.907+0000][7][gc,metaspace] GC(72) Metaspace: 118460K(120192K)->118460K(120192K) NonClass: 102649K(103680K)->102649K(103680K) Class: 15811K(16512K)->15811K(16512K)
[2023-10-31T03:27:25.907+0000][7][gc          ] GC(72) Pause Young (Normal) (G1 Evacuation Pause) 411M->132M(512M) 12.262ms
[2023-10-31T03:27:25.907+0000][7][gc,cpu      ] GC(72) User=0.03s Sys=0.00s Real=0.02s
[2023-10-31T03:27:25.907+0000][7][safepoint   ] Safepoint "G1CollectForAllocation", Time since last: 956913852 ns, Reaching safepoint: 167041 ns, At safepoint: 12344964 ns, Total: 12512005 ns
[2023-10-31T03:27:26.908+0000][7][safepoint   ] Safepoint "Cleanup", Time since last: 1000156672 ns, Reaching safepoint: 181716 ns, At safepoint: 7474 ns, Total: 189190 ns
[2023-10-31T03:27:28.908+0000][7][safepoint   ] Safepoint "Cleanup", Time since last: 2000441220 ns, Reaching safepoint: 75540 ns, At safepoint: 3689 ns, Total: 79229 ns
[2023-10-31T03:27:31.909+0000][7][safepoint   ] Safepoint "Cleanup", Time since last: 3000716220 ns, Reaching safepoint: 50571 ns, At safepoint: 4094 ns, Total: 54665 ns
[2023-10-31T03:27:32.909+0000][7][safepoint   ] Safepoint "Cleanup", Time since last: 1000244496 ns, Reaching safepoint: 167060 ns, At safepoint: 26309 ns, Total: 193369 ns
[2023-10-31T03:27:33.910+0000][7][safepoint   ] Safepoint "Cleanup", Time since last: 1000221530 ns, Reaching safepoint: 51281 ns, At safepoint: 3719 ns, Total: 55000 ns
[2023-10-31T03:27:34.910+0000][7][safepoint   ] Safepoint "Cleanup", Time since last: 1000131556 ns, Reaching safepoint: 73485 ns, At safepoint: 5855 ns, Total: 79340 ns
[2023-10-31T03:27:36.910+0000][7][safepoint   ] Safepoint "Cleanup", Time since last: 2000232479 ns, Reaching safepoint: 56459 ns, At safepoint: 4071 ns, Total: 60530 ns
[2023-10-31T03:27:37.910+0000][7][safepoint   ] Safepoint "Cleanup", Time since last: 1000194900 ns, Reaching safepoint: 88014 ns, At safepoint: 3962 ns, Total: 91976 ns
[2023-10-31T03:27:38.911+0000][7][safepoint   ] Safepoint "Cleanup", Time since last: 1000115731 ns, Reaching safepoint: 50588 ns, At safepoint: 6289 ns, Total: 56877 ns
[2023-10-31T03:27:40.911+0000][7][safepoint   ] Safepoint "Cleanup", Time since last: 2000401477 ns, Reaching safepoint: 159254 ns, At safepoint: 24989 ns, Total: 184243 ns
[2023-10-31T03:27:41.912+0000][7][safepoint   ] Safepoint "Cleanup", Time since last: 1000162171 ns, Reaching safepoint: 149791 ns, At safepoint: 26862 ns, Total: 176653 ns
[2023-10-31T03:27:43.912+0000][7][safepoint   ] Safepoint "Cleanup", Time since last: 2000266640 ns, Reaching safepoint: 66057 ns, At safepoint: 4719 ns, Total: 70776 ns
[2023-10-31T03:27:44.074+0000][7][gc,start    ] GC(73) Pause Young (Normal) (G1 Evacuation Pause)
[2023-10-31T03:27:44.074+0000][7][gc,task     ] GC(73) Using 8 workers of 8 for evacuation
[2023-10-31T03:27:44.074+0000][7][gc,age      ] GC(73) Desired survivor size 18874368 bytes, new threshold 15 (max threshold 15)
[2023-10-31T03:27:44.080+0000][7][gc,age      ] GC(73) Age table with threshold 15 (max threshold 15)
[2023-10-31T03:27:44.080+0000][7][gc,age      ] GC(73) - age   1:     950952 bytes,     950952 total
[2023-10-31T03:27:44.080+0000][7][gc,age      ] GC(73) - age   2:     587728 bytes,    1538680 total
[2023-10-31T03:27:44.080+0000][7][gc,age      ] GC(73) - age   3:    1445384 bytes,    2984064 total
[2023-10-31T03:27:44.080+0000][7][gc,age      ] GC(73) - age   4:       4944 bytes,    2989008 total
[2023-10-31T03:27:44.080+0000][7][gc,age      ] GC(73) - age   5:     164712 bytes,    3153720 total
[2023-10-31T03:27:44.080+0000][7][gc,age      ] GC(73) - age   6:     442808 bytes,    3596528 total
[2023-10-31T03:27:44.080+0000][7][gc,age      ] GC(73) - age   7:     365784 bytes,    3962312 total
[2023-10-31T03:27:44.080+0000][7][gc,age      ] GC(73) - age   8:       2688 bytes,    3965000 total
[2023-10-31T03:27:44.080+0000][7][gc,age      ] GC(73) - age   9:        896 bytes,    3965896 total
[2023-10-31T03:27:44.080+0000][7][gc,age      ] GC(73) - age  10:       8784 bytes,    3974680 total
[2023-10-31T03:27:44.080+0000][7][gc,age      ] GC(73) - age  11:       1192 bytes,    3975872 total
[2023-10-31T03:27:44.080+0000][7][gc,age      ] GC(73) - age  12:      93352 bytes,    4069224 total
[2023-10-31T03:27:44.080+0000][7][gc,age      ] GC(73) - age  13:     160176 bytes,    4229400 total
[2023-10-31T03:27:44.080+0000][7][gc,age      ] GC(73) - age  14:       3736 bytes,    4233136 total
[2023-10-31T03:27:44.080+0000][7][gc,age      ] GC(73) - age  15:      25720 bytes,    4258856 total
[2023-10-31T03:27:44.080+0000][7][gc,phases   ] GC(73)   Pre Evacuate Collection Set: 0.1ms
[2023-10-31T03:27:44.080+0000][7][gc,phases   ] GC(73)   Merge Heap Roots: 0.0ms
[2023-10-31T03:27:44.080+0000][7][gc,phases   ] GC(73)   Evacuate Collection Set: 5.2ms
[2023-10-31T03:27:44.080+0000][7][gc,phases   ] GC(73)   Post Evacuate Collection Set: 0.5ms
[2023-10-31T03:27:44.080+0000][7][gc,phases   ] GC(73)   Other: 0.4ms
[2023-10-31T03:27:44.080+0000][7][gc,heap     ] GC(73) Eden regions: 70->0(71)
[2023-10-31T03:27:44.080+0000][7][gc,heap     ] GC(73) Survivor regions: 2->2(9)
[2023-10-31T03:27:44.080+0000][7][gc,heap     ] GC(73) Old regions: 26->26
[2023-10-31T03:27:44.080+0000][7][gc,heap     ] GC(73) Archive regions: 2->2
[2023-10-31T03:27:44.080+0000][7][gc,heap     ] GC(73) Humongous regions: 5->5
[2023-10-31T03:27:44.080+0000][7][gc,metaspace] GC(73) Metaspace: 118482K(120192K)->118482K(120192K) NonClass: 102670K(103680K)->102670K(103680K) Class: 15811K(16512K)->15811K(16512K)
[2023-10-31T03:27:44.080+0000][7][gc          ] GC(73) Pause Young (Normal) (G1 Evacuation Pause) 412M->131M(512M) 6.219ms
[2023-10-31T03:27:44.080+0000][7][gc,cpu      ] GC(73) User=0.02s Sys=0.00s Real=0.01s
[2023-10-31T03:27:44.080+0000][7][safepoint   ] Safepoint "G1CollectForAllocation", Time since last: 162146083 ns, Reaching safepoint: 34293 ns, At safepoint: 6346768 ns, Total: 6381061 ns
[2023-10-31T03:27:45.081+0000][7][safepoint   ] Safepoint "Cleanup", Time since last: 1000111274 ns, Reaching safepoint: 77287 ns, At safepoint: 4865 ns, Total: 82152 ns
[2023-10-31T03:27:47.081+0000][7][safepoint   ] Safepoint "Cleanup", Time since last: 2000314999 ns, Reaching safepoint: 58561 ns, At safepoint: 7707 ns, Total: 66268 ns
[2023-10-31T03:27:49.081+0000][7][safepoint   ] Safepoint "Cleanup", Time since last: 2000348957 ns, Reaching safepoint: 166404 ns, At safepoint: 7674 ns, Total: 174078 ns
[2023-10-31T03:27:50.082+0000][7][safepoint   ] Safepoint "Cleanup", Time since last: 1000243830 ns, Reaching safepoint: 152511 ns, At safepoint: 5613 ns, Total: 158124 ns
[2023-10-31T03:27:51.082+0000][7][safepoint   ] Safepoint "Cleanup", Time since last: 1000094592 ns, Reaching safepoint: 104136 ns, At safepoint: 8608 ns, Total: 112744 ns
[2023-10-31T03:27:52.082+0000][7][safepoint   ] Safepoint "Cleanup", Time since last: 1000105680 ns, Reaching safepoint: 31935 ns, At safepoint: 2654 ns, Total: 34589 ns
[2023-10-31T03:27:53.082+0000][7][safepoint   ] Safepoint "Cleanup", Time since last: 1000145970 ns, Reaching safepoint: 77184 ns, At safepoint: 8081 ns, Total: 85265 ns
[2023-10-31T03:27:54.083+0000][7][safepoint   ] Safepoint "Cleanup", Time since last: 1000097744 ns, Reaching safepoint: 37884 ns, At safepoint: 3845 ns, Total: 41729 ns
[2023-10-31T03:27:55.083+0000][7][safepoint   ] Safepoint "Cleanup", Time since last: 1000183628 ns, Reaching safepoint: 85430 ns, At safepoint: 4141 ns, Total: 89571 ns
[2023-10-31T03:27:56.083+0000][7][safepoint   ] Safepoint "Cleanup", Time since last: 1000096137 ns, Reaching safepoint: 31917 ns, At safepoint: 3395 ns, Total: 35312 ns
[2023-10-31T03:27:57.083+0000][7][safepoint   ] Safepoint "Cleanup", Time since last: 1000155813 ns, Reaching safepoint: 65743 ns, At safepoint: 3944 ns, Total: 69687 ns
[2023-10-31T03:27:59.084+0000][7][safepoint   ] Safepoint "Cleanup", Time since last: 2000343457 ns, Reaching safepoint: 50930 ns, At safepoint: 23769 ns, Total: 74699 ns
[2023-10-31T03:28:01.683+0000][7][gc,start    ] GC(74) Pause Young (Normal) (G1 Evacuation Pause)
[2023-10-31T03:28:01.683+0000][7][gc,task     ] GC(74) Using 8 workers of 8 for evacuation
[2023-10-31T03:28:01.683+0000][7][gc,age      ] GC(74) Desired survivor size 20971520 bytes, new threshold 15 (max threshold 15)
[2023-10-31T03:28:01.686+0000][7][gc,age      ] GC(74) Age table with threshold 15 (max threshold 15)
[2023-10-31T03:28:01.686+0000][7][gc,age      ] GC(74) - age   1:    2124448 bytes,    2124448 total
[2023-10-31T03:28:01.686+0000][7][gc,age      ] GC(74) - age   2:     707392 bytes,    2831840 total
[2023-10-31T03:28:01.686+0000][7][gc,age      ] GC(74) - age   3:     453376 bytes,    3285216 total
[2023-10-31T03:28:01.686+0000][7][gc,age      ] GC(74) - age   4:    1445256 bytes,    4730472 total
[2023-10-31T03:28:01.686+0000][7][gc,age      ] GC(74) - age   5:       4464 bytes,    4734936 total
[2023-10-31T03:28:01.686+0000][7][gc,age      ] GC(74) - age   6:     164200 bytes,    4899136 total
[2023-10-31T03:28:01.686+0000][7][gc,age      ] GC(74) - age   7:     441800 bytes,    5340936 total
[2023-10-31T03:28:01.686+0000][7][gc,age      ] GC(74) - age   8:     365392 bytes,    5706328 total
[2023-10-31T03:28:01.686+0000][7][gc,age      ] GC(74) - age   9:       1648 bytes,    5707976 total
[2023-10-31T03:28:01.686+0000][7][gc,age      ] GC(74) - age  10:        832 bytes,    5708808 total
[2023-10-31T03:28:01.686+0000][7][gc,age      ] GC(74) - age  11:       8784 bytes,    5717592 total
[2023-10-31T03:28:01.686+0000][7][gc,age      ] GC(74) - age  12:        880 bytes,    5718472 total
[2023-10-31T03:28:01.686+0000][7][gc,age      ] GC(74) - age  13:      93352 bytes,    5811824 total
[2023-10-31T03:28:01.686+0000][7][gc,age      ] GC(74) - age  14:     160176 bytes,    5972000 total
[2023-10-31T03:28:01.686+0000][7][gc,age      ] GC(74) - age  15:       3736 bytes,    5975736 total
[2023-10-31T03:28:01.686+0000][7][gc,phases   ] GC(74)   Pre Evacuate Collection Set: 0.1ms
[2023-10-31T03:28:01.686+0000][7][gc,phases   ] GC(74)   Merge Heap Roots: 0.0ms
[2023-10-31T03:28:01.686+0000][7][gc,phases   ] GC(74)   Evacuate Collection Set: 2.3ms
[2023-10-31T03:28:01.686+0000][7][gc,phases   ] GC(74)   Post Evacuate Collection Set: 0.6ms
[2023-10-31T03:28:01.687+0000][7][gc,phases   ] GC(74)   Other: 0.3ms
[2023-10-31T03:28:01.687+0000][7][gc,heap     ] GC(74) Eden regions: 71->0(71)
[2023-10-31T03:28:01.687+0000][7][gc,heap     ] GC(74) Survivor regions: 2->2(10)
[2023-10-31T03:28:01.687+0000][7][gc,heap     ] GC(74) Old regions: 26->26
[2023-10-31T03:28:01.687+0000][7][gc,heap     ] GC(74) Archive regions: 2->2
[2023-10-31T03:28:01.687+0000][7][gc,heap     ] GC(74) Humongous regions: 5->5
[2023-10-31T03:28:01.687+0000][7][gc,metaspace] GC(74) Metaspace: 118505K(120192K)->118505K(120192K) NonClass: 102692K(103680K)->102692K(103680K) Class: 15812K(16512K)->15812K(16512K)
[2023-10-31T03:28:01.687+0000][7][gc          ] GC(74) Pause Young (Normal) (G1 Evacuation Pause) 415M->132M(512M) 3.387ms
[2023-10-31T03:28:01.687+0000][7][gc,cpu      ] GC(74) User=0.02s Sys=0.00s Real=0.01s
[2023-10-31T03:28:01.687+0000][7][safepoint   ] Safepoint "G1CollectForAllocation", Time since last: 2599421572 ns, Reaching safepoint: 48558 ns, At safepoint: 3447552 ns, Total: 3496110 ns
[2023-10-31T03:28:02.687+0000][7][safepoint   ] Safepoint "Cleanup", Time since last: 1000133604 ns, Reaching safepoint: 80490 ns, At safepoint: 4224 ns, Total: 84714 ns
[2023-10-31T03:28:03.687+0000][7][safepoint   ] Safepoint "Cleanup", Time since last: 1000158161 ns, Reaching safepoint: 70740 ns, At safepoint: 13095 ns, Total: 83835 ns
[2023-10-31T03:28:04.687+0000][7][safepoint   ] Safepoint "Cleanup", Time since last: 1000118116 ns, Reaching safepoint: 59805 ns, At safepoint: 4408 ns, Total: 64213 ns
[2023-10-31T03:28:06.687+0000][7][safepoint   ] Safepoint "Cleanup", Time since last: 2000172445 ns, Reaching safepoint: 51237 ns, At safepoint: 3071 ns, Total: 54308 ns
[2023-10-31T03:28:07.688+0000][7][safepoint   ] Safepoint "Cleanup", Time since last: 1000125430 ns, Reaching safepoint: 145831 ns, At safepoint: 9432 ns, Total: 155263 ns
[2023-10-31T03:28:09.688+0000][7][safepoint   ] Safepoint "Cleanup", Time since last: 2000209592 ns, Reaching safepoint: 96341 ns, At safepoint: 10391 ns, Total: 106732 ns
[2023-10-31T03:28:10.688+0000][7][safepoint   ] Safepoint "Cleanup", Time since last: 1000259178 ns, Reaching safepoint: 80980 ns, At safepoint: 6245 ns, Total: 87225 ns
[2023-10-31T03:28:11.689+0000][7][safepoint   ] Safepoint "Cleanup", Time since last: 1000155208 ns, Reaching safepoint: 75546 ns, At safepoint: 3360 ns, Total: 78906 ns
[2023-10-31T03:28:13.689+0000][7][safepoint   ] Safepoint "Cleanup", Time since last: 2000517468 ns, Reaching safepoint: 158552 ns, At safepoint: 6779 ns, Total: 165331 ns
[2023-10-31T03:28:14.690+0000][7][safepoint   ] Safepoint "Cleanup", Time since last: 1000640084 ns, Reaching safepoint: 54695 ns, At safepoint: 24532 ns, Total: 79227 ns
[2023-10-31T03:28:16.691+0000][7][safepoint   ] Safepoint "Cleanup", Time since last: 2000495732 ns, Reaching safepoint: 119138 ns, At safepoint: 7712 ns, Total: 126850 ns
[2023-10-31T03:28:17.691+0000][7][safepoint   ] Safepoint "Cleanup", Time since last: 1000088574 ns, Reaching safepoint: 77333 ns, At safepoint: 4261 ns, Total: 81594 ns
[2023-10-31T03:28:18.332+0000][7][gc,start    ] GC(75) Pause Young (Normal) (G1 Evacuation Pause)
[2023-10-31T03:28:18.332+0000][7][gc,task     ] GC(75) Using 8 workers of 8 for evacuation
[2023-10-31T03:28:18.332+0000][7][gc,age      ] GC(75) Desired survivor size 20971520 bytes, new threshold 15 (max threshold 15)
[2023-10-31T03:28:18.335+0000][7][gc,age      ] GC(75) Age table with threshold 15 (max threshold 15)
[2023-10-31T03:28:18.335+0000][7][gc,age      ] GC(75) - age   1:    2022744 bytes,    2022744 total
[2023-10-31T03:28:18.335+0000][7][gc,age      ] GC(75) - age   2:     748032 bytes,    2770776 total
[2023-10-31T03:28:18.335+0000][7][gc,age      ] GC(75) - age   3:     578008 bytes,    3348784 total
[2023-10-31T03:28:18.335+0000][7][gc,age      ] GC(75) - age   4:     401048 bytes,    3749832 total
[2023-10-31T03:28:18.335+0000][7][gc,age      ] GC(75) - age   5:    1431176 bytes,    5181008 total
[2023-10-31T03:28:18.335+0000][7][gc,age      ] GC(75) - age   6:       4336 bytes,    5185344 total
[2023-10-31T03:28:18.335+0000][7][gc,age      ] GC(75) - age   7:     164136 bytes,    5349480 total
[2023-10-31T03:28:18.335+0000][7][gc,age      ] GC(75) - age   8:     441736 bytes,    5791216 total
[2023-10-31T03:28:18.335+0000][7][gc,age      ] GC(75) - age   9:     365368 bytes,    6156584 total
[2023-10-31T03:28:18.335+0000][7][gc,age      ] GC(75) - age  10:       1584 bytes,    6158168 total
[2023-10-31T03:28:18.335+0000][7][gc,age      ] GC(75) - age  11:        832 bytes,    6159000 total
[2023-10-31T03:28:18.335+0000][7][gc,age      ] GC(75) - age  12:       8784 bytes,    6167784 total
[2023-10-31T03:28:18.335+0000][7][gc,age      ] GC(75) - age  13:        880 bytes,    6168664 total
[2023-10-31T03:28:18.335+0000][7][gc,age      ] GC(75) - age  14:      93352 bytes,    6262016 total
[2023-10-31T03:28:18.335+0000][7][gc,age      ] GC(75) - age  15:     160176 bytes,    6422192 total
[2023-10-31T03:28:18.335+0000][7][gc,phases   ] GC(75)   Pre Evacuate Collection Set: 0.1ms
[2023-10-31T03:28:18.335+0000][7][gc,phases   ] GC(75)   Merge Heap Roots: 0.0ms
[2023-10-31T03:28:18.335+0000][7][gc,phases   ] GC(75)   Evacuate Collection Set: 2.4ms
[2023-10-31T03:28:18.335+0000][7][gc,phases   ] GC(75)   Post Evacuate Collection Set: 0.6ms
[2023-10-31T03:28:18.335+0000][7][gc,phases   ] GC(75)   Other: 0.3ms
[2023-10-31T03:28:18.335+0000][7][gc,heap     ] GC(75) Eden regions: 71->0(71)
[2023-10-31T03:28:18.335+0000][7][gc,heap     ] GC(75) Survivor regions: 2->2(10)
[2023-10-31T03:28:18.335+0000][7][gc,heap     ] GC(75) Old regions: 26->26
[2023-10-31T03:28:18.335+0000][7][gc,heap     ] GC(75) Archive regions: 2->2
[2023-10-31T03:28:18.335+0000][7][gc,heap     ] GC(75) Humongous regions: 5->5
[2023-10-31T03:28:18.335+0000][7][gc,metaspace] GC(75) Metaspace: 118513K(120192K)->118513K(120192K) NonClass: 102701K(103680K)->102701K(103680K) Class: 15812K(16512K)->15812K(16512K)
[2023-10-31T03:28:18.335+0000][7][gc          ] GC(75) Pause Young (Normal) (G1 Evacuation Pause) 416M->133M(512M) 3.416ms
[2023-10-31T03:28:18.335+0000][7][gc,cpu      ] GC(75) User=0.02s Sys=0.00s Real=0.00s
[2023-10-31T03:28:18.335+0000][7][safepoint   ] Safepoint "G1CollectForAllocation", Time since last: 640908370 ns, Reaching safepoint: 38763 ns, At safepoint: 3502472 ns, Total: 3541235 ns
[2023-10-31T03:28:19.335+0000][7][safepoint   ] Safepoint "Cleanup", Time since last: 1000101208 ns, Reaching safepoint: 65865 ns, At safepoint: 10190 ns, Total: 76055 ns
[2023-10-31T03:28:20.336+0000][7][safepoint   ] Safepoint "Cleanup", Time since last: 1000201732 ns, Reaching safepoint: 80138 ns, At safepoint: 5875 ns, Total: 86013 ns
[2023-10-31T03:28:22.336+0000][7][safepoint   ] Safepoint "Cleanup", Time since last: 2000236756 ns, Reaching safepoint: 129397 ns, At safepoint: 17164 ns, Total: 146561 ns
[2023-10-31T03:28:23.336+0000][7][safepoint   ] Safepoint "Cleanup", Time since last: 1000204107 ns, Reaching safepoint: 40984 ns, At safepoint: 19462 ns, Total: 60446 ns
[2023-10-31T03:28:24.337+0000][7][safepoint   ] Safepoint "Cleanup", Time since last: 1000139078 ns, Reaching safepoint: 31212 ns, At safepoint: 2988 ns, Total: 34200 ns
[2023-10-31T03:28:25.337+0000][7][safepoint   ] Safepoint "Cleanup", Time since last: 1000340219 ns, Reaching safepoint: 77722 ns, At safepoint: 5058 ns, Total: 82780 ns
[2023-10-31T03:28:26.337+0000][7][safepoint   ] Safepoint "Cleanup", Time since last: 1000098778 ns, Reaching safepoint: 91615 ns, At safepoint: 4591 ns, Total: 96206 ns
[2023-10-31T03:28:27.337+0000][7][safepoint   ] Safepoint "Cleanup", Time since last: 1000101457 ns, Reaching safepoint: 84872 ns, At safepoint: 12044 ns, Total: 96916 ns
[2023-10-31T03:28:29.338+0000][7][safepoint   ] Safepoint "Cleanup", Time since last: 2000415372 ns, Reaching safepoint: 35824 ns, At safepoint: 3422 ns, Total: 39246 ns
[2023-10-31T03:28:32.338+0000][7][safepoint   ] Safepoint "Cleanup", Time since last: 3000242684 ns, Reaching safepoint: 49025 ns, At safepoint: 6355 ns, Total: 55380 ns
[2023-10-31T03:28:33.339+0000][7][safepoint   ] Safepoint "Cleanup", Time since last: 1000606022 ns, Reaching safepoint: 108355 ns, At safepoint: 4262 ns, Total: 112617 ns
[2023-10-31T03:28:34.340+0000][7][safepoint   ] Safepoint "Cleanup", Time since last: 1000589357 ns, Reaching safepoint: 86545 ns, At safepoint: 28466 ns, Total: 115011 ns
[2023-10-31T03:28:36.180+0000][7][gc,start    ] GC(76) Pause Young (Normal) (G1 Evacuation Pause)
[2023-10-31T03:28:36.180+0000][7][gc,task     ] GC(76) Using 8 workers of 8 for evacuation
[2023-10-31T03:28:36.180+0000][7][gc,age      ] GC(76) Desired survivor size 20971520 bytes, new threshold 15 (max threshold 15)
[2023-10-31T03:28:36.184+0000][7][gc,age      ] GC(76) Age table with threshold 15 (max threshold 15)
[2023-10-31T03:28:36.184+0000][7][gc,age      ] GC(76) - age   1:    2088280 bytes,    2088280 total
[2023-10-31T03:28:36.184+0000][7][gc,age      ] GC(76) - age   2:     639840 bytes,    2728120 total
[2023-10-31T03:28:36.184+0000][7][gc,age      ] GC(76) - age   3:     663624 bytes,    3391744 total
[2023-10-31T03:28:36.184+0000][7][gc,age      ] GC(76) - age   4:     472472 bytes,    3864216 total
[2023-10-31T03:28:36.184+0000][7][gc,age      ] GC(76) - age   5:     400232 bytes,    4264448 total
[2023-10-31T03:28:36.184+0000][7][gc,age      ] GC(76) - age   6:    1431176 bytes,    5695624 total
[2023-10-31T03:28:36.184+0000][7][gc,age      ] GC(76) - age   7:       4336 bytes,    5699960 total
[2023-10-31T03:28:36.184+0000][7][gc,age      ] GC(76) - age   8:     164136 bytes,    5864096 total
[2023-10-31T03:28:36.184+0000][7][gc,age      ] GC(76) - age   9:     441736 bytes,    6305832 total
[2023-10-31T03:28:36.184+0000][7][gc,age      ] GC(76) - age  10:     365184 bytes,    6671016 total
[2023-10-31T03:28:36.184+0000][7][gc,age      ] GC(76) - age  11:       1584 bytes,    6672600 total
[2023-10-31T03:28:36.184+0000][7][gc,age      ] GC(76) - age  12:        832 bytes,    6673432 total
[2023-10-31T03:28:36.184+0000][7][gc,age      ] GC(76) - age  13:       8784 bytes,    6682216 total
[2023-10-31T03:28:36.184+0000][7][gc,age      ] GC(76) - age  14:        568 bytes,    6682784 total
[2023-10-31T03:28:36.184+0000][7][gc,age      ] GC(76) - age  15:      93352 bytes,    6776136 total
[2023-10-31T03:28:36.184+0000][7][gc,phases   ] GC(76)   Pre Evacuate Collection Set: 0.1ms
[2023-10-31T03:28:36.184+0000][7][gc,phases   ] GC(76)   Merge Heap Roots: 0.0ms
[2023-10-31T03:28:36.184+0000][7][gc,phases   ] GC(76)   Evacuate Collection Set: 2.9ms
[2023-10-31T03:28:36.184+0000][7][gc,phases   ] GC(76)   Post Evacuate Collection Set: 0.7ms
[2023-10-31T03:28:36.184+0000][7][gc,phases   ] GC(76)   Other: 0.4ms
[2023-10-31T03:28:36.184+0000][7][gc,heap     ] GC(76) Eden regions: 71->0(71)
[2023-10-31T03:28:36.184+0000][7][gc,heap     ] GC(76) Survivor regions: 2->2(10)
[2023-10-31T03:28:36.184+0000][7][gc,heap     ] GC(76) Old regions: 26->26
[2023-10-31T03:28:36.184+0000][7][gc,heap     ] GC(76) Archive regions: 2->2
[2023-10-31T03:28:36.184+0000][7][gc,heap     ] GC(76) Humongous regions: 5->5
[2023-10-31T03:28:36.184+0000][7][gc,metaspace] GC(76) Metaspace: 118533K(120256K)->118533K(120256K) NonClass: 102720K(103744K)->102720K(103744K) Class: 15812K(16512K)->15812K(16512K)
[2023-10-31T03:28:36.184+0000][7][gc          ] GC(76) Pause Young (Normal) (G1 Evacuation Pause) 417M->133M(512M) 4.148ms
[2023-10-31T03:28:36.184+0000][7][gc,cpu      ] GC(76) User=0.02s Sys=0.00s Real=0.00s
[2023-10-31T03:28:36.184+0000][7][safepoint   ] Safepoint "G1CollectForAllocation", Time since last: 1840137952 ns, Reaching safepoint: 95791 ns, At safepoint: 4249725 ns, Total: 4345516 ns
[2023-10-31T03:28:37.184+0000][7][safepoint   ] Safepoint "Cleanup", Time since last: 1000225133 ns, Reaching safepoint: 67619 ns, At safepoint: 3753 ns, Total: 71372 ns
[2023-10-31T03:28:38.184+0000][7][safepoint   ] Safepoint "Cleanup", Time since last: 1000087559 ns, Reaching safepoint: 61298 ns, At safepoint: 23324 ns, Total: 84622 ns
[2023-10-31T03:28:39.185+0000][7][safepoint   ] Safepoint "Cleanup", Time since last: 1000136260 ns, Reaching safepoint: 76663 ns, At safepoint: 9388 ns, Total: 86051 ns
[2023-10-31T03:28:41.185+0000][7][safepoint   ] Safepoint "Cleanup", Time since last: 2000228041 ns, Reaching safepoint: 62180 ns, At safepoint: 3779 ns, Total: 65959 ns
[2023-10-31T03:28:42.185+0000][7][safepoint   ] Safepoint "Cleanup", Time since last: 1000343968 ns, Reaching safepoint: 79427 ns, At safepoint: 4422 ns, Total: 83849 ns
[2023-10-31T03:28:44.186+0000][7][safepoint   ] Safepoint "Cleanup", Time since last: 2000244638 ns, Reaching safepoint: 136667 ns, At safepoint: 21206 ns, Total: 157873 ns
[2023-10-31T03:28:45.186+0000][7][safepoint   ] Safepoint "Cleanup", Time since last: 1000382517 ns, Reaching safepoint: 37188 ns, At safepoint: 3993 ns, Total: 41181 ns
[2023-10-31T03:28:47.187+0000][7][safepoint   ] Safepoint "Cleanup", Time since last: 2000219035 ns, Reaching safepoint: 57664 ns, At safepoint: 3841 ns, Total: 61505 ns
[2023-10-31T03:28:49.187+0000][7][safepoint   ] Safepoint "Cleanup", Time since last: 2000270289 ns, Reaching safepoint: 62827 ns, At safepoint: 4013 ns, Total: 66840 ns
[2023-10-31T03:28:50.187+0000][7][safepoint   ] Safepoint "Cleanup", Time since last: 1000331579 ns, Reaching safepoint: 83833 ns, At safepoint: 5489 ns, Total: 89322 ns
[2023-10-31T03:28:52.188+0000][7][safepoint   ] Safepoint "Cleanup", Time since last: 2000183480 ns, Reaching safepoint: 69788 ns, At safepoint: 7646 ns, Total: 77434 ns
[2023-10-31T03:28:53.043+0000][7][gc,start    ] GC(77) Pause Young (Normal) (G1 Evacuation Pause)
[2023-10-31T03:28:53.043+0000][7][gc,task     ] GC(77) Using 8 workers of 8 for evacuation
[2023-10-31T03:28:53.044+0000][7][gc,age      ] GC(77) Desired survivor size 20971520 bytes, new threshold 15 (max threshold 15)
[2023-10-31T03:28:53.047+0000][7][gc,age      ] GC(77) Age table with threshold 15 (max threshold 15)
[2023-10-31T03:28:53.047+0000][7][gc,age      ] GC(77) - age   1:    2404400 bytes,    2404400 total
[2023-10-31T03:28:53.047+0000][7][gc,age      ] GC(77) - age   2:     622632 bytes,    3027032 total
[2023-10-31T03:28:53.047+0000][7][gc,age      ] GC(77) - age   3:     538992 bytes,    3566024 total
[2023-10-31T03:28:53.047+0000][7][gc,age      ] GC(77) - age   4:     611000 bytes,    4177024 total
[2023-10-31T03:28:53.047+0000][7][gc,age      ] GC(77) - age   5:     472408 bytes,    4649432 total
[2023-10-31T03:28:53.047+0000][7][gc,age      ] GC(77) - age   6:     400168 bytes,    5049600 total
[2023-10-31T03:28:53.047+0000][7][gc,age      ] GC(77) - age   7:    1431112 bytes,    6480712 total
[2023-10-31T03:28:53.047+0000][7][gc,age      ] GC(77) - age   8:       4336 bytes,    6485048 total
[2023-10-31T03:28:53.047+0000][7][gc,age      ] GC(77) - age   9:     164136 bytes,    6649184 total
[2023-10-31T03:28:53.047+0000][7][gc,age      ] GC(77) - age  10:     441736 bytes,    7090920 total
[2023-10-31T03:28:53.047+0000][7][gc,age      ] GC(77) - age  11:     365184 bytes,    7456104 total
[2023-10-31T03:28:53.047+0000][7][gc,age      ] GC(77) - age  12:       1584 bytes,    7457688 total
[2023-10-31T03:28:53.047+0000][7][gc,age      ] GC(77) - age  13:        832 bytes,    7458520 total
[2023-10-31T03:28:53.047+0000][7][gc,age      ] GC(77) - age  14:       8784 bytes,    7467304 total
[2023-10-31T03:28:53.047+0000][7][gc,age      ] GC(77) - age  15:        568 bytes,    7467872 total
[2023-10-31T03:28:53.047+0000][7][gc,phases   ] GC(77)   Pre Evacuate Collection Set: 0.1ms
[2023-10-31T03:28:53.047+0000][7][gc,phases   ] GC(77)   Merge Heap Roots: 0.0ms
[2023-10-31T03:28:53.047+0000][7][gc,phases   ] GC(77)   Evacuate Collection Set: 2.6ms
[2023-10-31T03:28:53.047+0000][7][gc,phases   ] GC(77)   Post Evacuate Collection Set: 0.8ms
[2023-10-31T03:28:53.047+0000][7][gc,phases   ] GC(77)   Other: 0.4ms
[2023-10-31T03:28:53.047+0000][7][gc,heap     ] GC(77) Eden regions: 71->0(71)
[2023-10-31T03:28:53.047+0000][7][gc,heap     ] GC(77) Survivor regions: 2->2(10)
[2023-10-31T03:28:53.047+0000][7][gc,heap     ] GC(77) Old regions: 26->26
[2023-10-31T03:28:53.047+0000][7][gc,heap     ] GC(77) Archive regions: 2->2
[2023-10-31T03:28:53.047+0000][7][gc,heap     ] GC(77) Humongous regions: 5->5
[2023-10-31T03:28:53.047+0000][7][gc,metaspace] GC(77) Metaspace: 118535K(120256K)->118535K(120256K) NonClass: 102723K(103744K)->102723K(103744K) Class: 15812K(16512K)->15812K(16512K)
[2023-10-31T03:28:53.047+0000][7][gc          ] GC(77) Pause Young (Normal) (G1 Evacuation Pause) 417M->134M(512M) 4.034ms
[2023-10-31T03:28:53.048+0000][7][gc,cpu      ] GC(77) User=0.02s Sys=0.00s Real=0.01s
[2023-10-31T03:28:53.048+0000][7][safepoint   ] Safepoint "G1CollectForAllocation", Time since last: 855753813 ns, Reaching safepoint: 58808 ns, At safepoint: 4153578 ns, Total: 4212386 ns
[2023-10-31T03:28:54.048+0000][7][safepoint   ] Safepoint "Cleanup", Time since last: 1000161215 ns, Reaching safepoint: 75301 ns, At safepoint: 4483 ns, Total: 79784 ns
[2023-10-31T03:28:55.048+0000][7][safepoint   ] Safepoint "Cleanup", Time since last: 1000106938 ns, Reaching safepoint: 75438 ns, At safepoint: 4215 ns, Total: 79653 ns
[2023-10-31T03:28:57.048+0000][7][safepoint   ] Safepoint "Cleanup", Time since last: 2000188378 ns, Reaching safepoint: 106152 ns, At safepoint: 4257 ns, Total: 110409 ns
[2023-10-31T03:28:59.049+0000][7][safepoint   ] Safepoint "Cleanup", Time since last: 2000224683 ns, Reaching safepoint: 91468 ns, At safepoint: 10386 ns, Total: 101854 ns
[2023-10-31T03:29:00.049+0000][7][safepoint   ] Safepoint "Cleanup", Time since last: 1000106520 ns, Reaching safepoint: 52550 ns, At safepoint: 16656 ns, Total: 69206 ns
[2023-10-31T03:29:02.049+0000][7][safepoint   ] Safepoint "Cleanup", Time since last: 2000185475 ns, Reaching safepoint: 105052 ns, At safepoint: 5579 ns, Total: 110631 ns
[2023-10-31T03:29:03.049+0000][7][safepoint   ] Safepoint "Cleanup", Time since last: 1000144881 ns, Reaching safepoint: 78468 ns, At safepoint: 8578 ns, Total: 87046 ns
[2023-10-31T03:29:04.050+0000][7][safepoint   ] Safepoint "Cleanup", Time since last: 1000162336 ns, Reaching safepoint: 48340 ns, At safepoint: 4201 ns, Total: 52541 ns
[2023-10-31T03:29:05.050+0000][7][safepoint   ] Safepoint "Cleanup", Time since last: 1000226700 ns, Reaching safepoint: 56988 ns, At safepoint: 11116 ns, Total: 68104 ns
[2023-10-31T03:29:07.050+0000][7][safepoint   ] Safepoint "Cleanup", Time since last: 2000201418 ns, Reaching safepoint: 78454 ns, At safepoint: 10530 ns, Total: 88984 ns
[2023-10-31T03:29:08.050+0000][7][safepoint   ] Safepoint "Cleanup", Time since last: 1000147591 ns, Reaching safepoint: 80600 ns, At safepoint: 6919 ns, Total: 87519 ns
[2023-10-31T03:29:09.051+0000][7][safepoint   ] Safepoint "Cleanup", Time since last: 1000144893 ns, Reaching safepoint: 55861 ns, At safepoint: 4168 ns, Total: 60029 ns
[2023-10-31T03:29:10.051+0000][7][safepoint   ] Safepoint "Cleanup", Time since last: 1000178024 ns, Reaching safepoint: 55185 ns, At safepoint: 5898 ns, Total: 61083 ns
[2023-10-31T03:29:10.653+0000][7][gc,start    ] GC(78) Pause Young (Normal) (G1 Evacuation Pause)
[2023-10-31T03:29:10.654+0000][7][gc,task     ] GC(78) Using 8 workers of 8 for evacuation
[2023-10-31T03:29:10.654+0000][7][gc,age      ] GC(78) Desired survivor size 20971520 bytes, new threshold 15 (max threshold 15)
[2023-10-31T03:29:10.657+0000][7][gc,age      ] GC(78) Age table with threshold 15 (max threshold 15)
[2023-10-31T03:29:10.657+0000][7][gc,age      ] GC(78) - age   1:    2595960 bytes,    2595960 total
[2023-10-31T03:29:10.657+0000][7][gc,age      ] GC(78) - age   2:     521856 bytes,    3117816 total
[2023-10-31T03:29:10.657+0000][7][gc,age      ] GC(78) - age   3:     468672 bytes,    3586488 total
[2023-10-31T03:29:10.657+0000][7][gc,age      ] GC(78) - age   4:     422600 bytes,    4009088 total
[2023-10-31T03:29:10.657+0000][7][gc,age      ] GC(78) - age   5:     610616 bytes,    4619704 total
[2023-10-31T03:29:10.657+0000][7][gc,age      ] GC(78) - age   6:     472408 bytes,    5092112 total
[2023-10-31T03:29:10.657+0000][7][gc,age      ] GC(78) - age   7:     399560 bytes,    5491672 total
[2023-10-31T03:29:10.657+0000][7][gc,age      ] GC(78) - age   8:    1431056 bytes,    6922728 total
[2023-10-31T03:29:10.657+0000][7][gc,age      ] GC(78) - age   9:       4272 bytes,    6927000 total
[2023-10-31T03:29:10.657+0000][7][gc,age      ] GC(78) - age  10:     164136 bytes,    7091136 total
[2023-10-31T03:29:10.657+0000][7][gc,age      ] GC(78) - age  11:     441736 bytes,    7532872 total
[2023-10-31T03:29:10.657+0000][7][gc,age      ] GC(78) - age  12:     365184 bytes,    7898056 total
[2023-10-31T03:29:10.657+0000][7][gc,age      ] GC(78) - age  13:       1584 bytes,    7899640 total
[2023-10-31T03:29:10.657+0000][7][gc,age      ] GC(78) - age  14:        832 bytes,    7900472 total
[2023-10-31T03:29:10.657+0000][7][gc,age      ] GC(78) - age  15:       8784 bytes,    7909256 total
[2023-10-31T03:29:10.657+0000][7][gc,phases   ] GC(78)   Pre Evacuate Collection Set: 0.1ms
[2023-10-31T03:29:10.657+0000][7][gc,phases   ] GC(78)   Merge Heap Roots: 0.0ms
[2023-10-31T03:29:10.657+0000][7][gc,phases   ] GC(78)   Evacuate Collection Set: 2.7ms
[2023-10-31T03:29:10.657+0000][7][gc,phases   ] GC(78)   Post Evacuate Collection Set: 0.5ms
[2023-10-31T03:29:10.657+0000][7][gc,phases   ] GC(78)   Other: 0.3ms
[2023-10-31T03:29:10.657+0000][7][gc,heap     ] GC(78) Eden regions: 71->0(71)
[2023-10-31T03:29:10.657+0000][7][gc,heap     ] GC(78) Survivor regions: 2->2(10)
[2023-10-31T03:29:10.657+0000][7][gc,heap     ] GC(78) Old regions: 26->26
[2023-10-31T03:29:10.657+0000][7][gc,heap     ] GC(78) Archive regions: 2->2
[2023-10-31T03:29:10.657+0000][7][gc,heap     ] GC(78) Humongous regions: 5->5
[2023-10-31T03:29:10.657+0000][7][gc,metaspace] GC(78) Metaspace: 118537K(120256K)->118537K(120256K) NonClass: 102725K(103744K)->102725K(103744K) Class: 15812K(16512K)->15812K(16512K)
[2023-10-31T03:29:10.657+0000][7][gc          ] GC(78) Pause Young (Normal) (G1 Evacuation Pause) 418M->135M(512M) 3.704ms
[2023-10-31T03:29:10.657+0000][7][gc,cpu      ] GC(78) User=0.02s Sys=0.00s Real=0.01s
[2023-10-31T03:29:10.657+0000][7][safepoint   ] Safepoint "G1CollectForAllocation", Time since last: 602638293 ns, Reaching safepoint: 60378 ns, At safepoint: 3784083 ns, Total: 3844461 ns
[2023-10-31T03:29:11.658+0000][7][safepoint   ] Safepoint "Cleanup", Time since last: 1000334482 ns, Reaching safepoint: 30542 ns, At safepoint: 3354 ns, Total: 33896 ns
[2023-10-31T03:29:13.658+0000][7][safepoint   ] Safepoint "Cleanup", Time since last: 2000222567 ns, Reaching safepoint: 95416 ns, At safepoint: 9285 ns, Total: 104701 ns
[2023-10-31T03:29:14.658+0000][7][safepoint   ] Safepoint "Cleanup", Time since last: 1000098405 ns, Reaching safepoint: 85306 ns, At safepoint: 6811 ns, Total: 92117 ns
[2023-10-31T03:29:15.658+0000][7][safepoint   ] Safepoint "Cleanup", Time since last: 1000099716 ns, Reaching safepoint: 66065 ns, At safepoint: 3210 ns, Total: 69275 ns
[2023-10-31T03:29:16.659+0000][7][safepoint   ] Safepoint "Cleanup", Time since last: 1000125703 ns, Reaching safepoint: 192284 ns, At safepoint: 24136 ns, Total: 216420 ns
[2023-10-31T03:29:17.659+0000][7][safepoint   ] Safepoint "Cleanup", Time since last: 1000188873 ns, Reaching safepoint: 143422 ns, At safepoint: 22618 ns, Total: 166040 ns
[2023-10-31T03:29:18.661+0000][7][safepoint   ] Safepoint "Cleanup", Time since last: 1001891504 ns, Reaching safepoint: 102841 ns, At safepoint: 3964 ns, Total: 106805 ns
[2023-10-31T03:29:25.662+0000][7][safepoint   ] Safepoint "Cleanup", Time since last: 7000679076 ns, Reaching safepoint: 77155 ns, At safepoint: 3845 ns, Total: 81000 ns
[2023-10-31T03:29:27.662+0000][7][safepoint   ] Safepoint "Cleanup", Time since last: 2000148882 ns, Reaching safepoint: 100688 ns, At safepoint: 6584 ns, Total: 107272 ns
[2023-10-31T03:29:28.063+0000][7][gc,start    ] GC(79) Pause Young (Normal) (G1 Evacuation Pause)
[2023-10-31T03:29:28.063+0000][7][gc,task     ] GC(79) Using 8 workers of 8 for evacuation
[2023-10-31T03:29:28.063+0000][7][gc,age      ] GC(79) Desired survivor size 20971520 bytes, new threshold 15 (max threshold 15)
[2023-10-31T03:29:28.084+0000][7][gc,age      ] GC(79) Age table with threshold 15 (max threshold 15)
[2023-10-31T03:29:28.084+0000][7][gc,age      ] GC(79) - age   1:    2403032 bytes,    2403032 total
[2023-10-31T03:29:28.084+0000][7][gc,age      ] GC(79) - age   2:     825944 bytes,    3228976 total
[2023-10-31T03:29:28.084+0000][7][gc,age      ] GC(79) - age   3:     300024 bytes,    3529000 total
[2023-10-31T03:29:28.084+0000][7][gc,age      ] GC(79) - age   4:     396904 bytes,    3925904 total
[2023-10-31T03:29:28.084+0000][7][gc,age      ] GC(79) - age   5:     386872 bytes,    4312776 total
[2023-10-31T03:29:28.084+0000][7][gc,age      ] GC(79) - age   6:     561056 bytes,    4873832 total
[2023-10-31T03:29:28.084+0000][7][gc,age      ] GC(79) - age   7:     380184 bytes,    5254016 total
[2023-10-31T03:29:28.084+0000][7][gc,age      ] GC(79) - age   8:     365864 bytes,    5619880 total
[2023-10-31T03:29:28.084+0000][7][gc,age      ] GC(79) - age   9:    1162680 bytes,    6782560 total
[2023-10-31T03:29:28.084+0000][7][gc,age      ] GC(79) - age  10:       3928 bytes,    6786488 total
[2023-10-31T03:29:28.084+0000][7][gc,age      ] GC(79) - age  11:     164136 bytes,    6950624 total
[2023-10-31T03:29:28.084+0000][7][gc,age      ] GC(79) - age  12:     420664 bytes,    7371288 total
[2023-10-31T03:29:28.084+0000][7][gc,age      ] GC(79) - age  13:     197640 bytes,    7568928 total
[2023-10-31T03:29:28.084+0000][7][gc,age      ] GC(79) - age  14:       1584 bytes,    7570512 total
[2023-10-31T03:29:28.084+0000][7][gc,age      ] GC(79) - age  15:        832 bytes,    7571344 total
[2023-10-31T03:29:28.084+0000][7][gc,phases   ] GC(79)   Pre Evacuate Collection Set: 0.1ms
[2023-10-31T03:29:28.084+0000][7][gc,phases   ] GC(79)   Merge Heap Roots: 0.1ms
[2023-10-31T03:29:28.084+0000][7][gc,phases   ] GC(79)   Evacuate Collection Set: 20.4ms
[2023-10-31T03:29:28.084+0000][7][gc,phases   ] GC(79)   Post Evacuate Collection Set: 0.5ms
[2023-10-31T03:29:28.084+0000][7][gc,phases   ] GC(79)   Other: 0.4ms
[2023-10-31T03:29:28.085+0000][7][gc,heap     ] GC(79) Eden regions: 71->0(71)
[2023-10-31T03:29:28.085+0000][7][gc,heap     ] GC(79) Survivor regions: 2->2(10)
[2023-10-31T03:29:28.085+0000][7][gc,heap     ] GC(79) Old regions: 26->26
[2023-10-31T03:29:28.085+0000][7][gc,heap     ] GC(79) Archive regions: 2->2
[2023-10-31T03:29:28.085+0000][7][gc,heap     ] GC(79) Humongous regions: 5->5
[2023-10-31T03:29:28.085+0000][7][gc,metaspace] GC(79) Metaspace: 118680K(120384K)->118680K(120384K) NonClass: 102849K(103872K)->102849K(103872K) Class: 15831K(16512K)->15831K(16512K)
[2023-10-31T03:29:28.085+0000][7][gc          ] GC(79) Pause Young (Normal) (G1 Evacuation Pause) 419M->134M(512M) 21.574ms
[2023-10-31T03:29:28.085+0000][7][gc,cpu      ] GC(79) User=0.04s Sys=0.01s Real=0.02s
[2023-10-31T03:29:28.085+0000][7][safepoint   ] Safepoint "G1CollectForAllocation", Time since last: 400798260 ns, Reaching safepoint: 114100 ns, At safepoint: 21707580 ns, Total: 21821680 ns
[2023-10-31T03:29:28.434+0000][7][gc,heap,exit] Heap
[2023-10-31T03:29:28.434+0000][7][gc,heap,exit]  garbage-first heap   total 524288K, used 164362K [0x00000000e0000000, 0x0000000100000000)
[2023-10-31T03:29:28.434+0000][7][gc,heap,exit]   region size 4096K, 9 young (36864K), 2 survivors (8192K)
[2023-10-31T03:29:28.434+0000][7][gc,heap,exit]  Metaspace       used 118768K, committed 120512K, reserved 1155072K
[2023-10-31T03:29:28.434+0000][7][gc,heap,exit]   class space    used 15850K, committed 16576K, reserved 1048576K
