[2023-11-16T04:14:14.298+0000][6][gc] Using G1
[2023-11-16T04:14:14.441+0000][6][gc,init] Version: 17.0.1+12 (release)
[2023-11-16T04:14:14.441+0000][6][gc,init] CPUs: 8 total, 8 available
[2023-11-16T04:14:14.441+0000][6][gc,init] Memory: 7659M
[2023-11-16T04:14:14.441+0000][6][gc,init] Large Page Support: Disabled
[2023-11-16T04:14:14.441+0000][6][gc,init] NUMA Support: Disabled
[2023-11-16T04:14:14.441+0000][6][gc,init] Compressed Oops: Enabled (32-bit)
[2023-11-16T04:14:14.441+0000][6][gc,init] Heap Region Size: 4M
[2023-11-16T04:14:14.441+0000][6][gc,init] Heap Min Capacity: 512M
[2023-11-16T04:14:14.441+0000][6][gc,init] Heap Initial Capacity: 512M
[2023-11-16T04:14:14.441+0000][6][gc,init] Heap Max Capacity: 512M
[2023-11-16T04:14:14.441+0000][6][gc,init] Pre-touch: Enabled
[2023-11-16T04:14:14.441+0000][6][gc,init] Parallel Workers: 8
[2023-11-16T04:14:14.441+0000][6][gc,init] Concurrent Workers: 2
[2023-11-16T04:14:14.441+0000][6][gc,init] Concurrent Refinement Workers: 8
[2023-11-16T04:14:14.441+0000][6][gc,init] Periodic GC: Disabled
[2023-11-16T04:14:14.441+0000][6][gc,metaspace] CDS archive(s) mapped at: [0x0000000800000000-0x0000000800bd1000-0x0000000800bd1000), size 12390400, SharedBaseAddress: 0x0000000800000000, ArchiveRelocationMode: 0.
[2023-11-16T04:14:14.441+0000][6][gc,metaspace] Compressed class space mapped at: 0x0000000800c00000-0x0000000840c00000, reserved size: 1073741824
[2023-11-16T04:14:14.441+0000][6][gc,metaspace] Narrow klass base: 0x0000000800000000, Narrow klass shift: 0, Narrow klass range: 0x100000000
[2023-11-16T04:14:15.252+0000][6][safepoint   ] Safepoint "ICBufferFull", Time since last: 800012764 ns, Reaching safepoint: 121056 ns, At safepoint: 3835 ns, Total: 124891 ns
[2023-11-16T04:14:15.621+0000][6][gc,start    ] GC(0) Pause Young (Normal) (G1 Evacuation Pause)
[2023-11-16T04:14:15.621+0000][6][gc,task     ] GC(0) Using 8 workers of 8 for evacuation
[2023-11-16T04:14:15.621+0000][6][gc,age      ] GC(0) Desired survivor size 2097152 bytes, new threshold 15 (max threshold 15)
[2023-11-16T04:14:15.625+0000][6][gc,age      ] GC(0) Age table with threshold 15 (max threshold 15)
[2023-11-16T04:14:15.625+0000][6][gc,age      ] GC(0) - age   1:    4080552 bytes,    4080552 total
[2023-11-16T04:14:15.625+0000][6][gc,phases   ] GC(0)   Pre Evacuate Collection Set: 0.1ms
[2023-11-16T04:14:15.625+0000][6][gc,phases   ] GC(0)   Merge Heap Roots: 0.1ms
[2023-11-16T04:14:15.625+0000][6][gc,phases   ] GC(0)   Evacuate Collection Set: 3.6ms
[2023-11-16T04:14:15.625+0000][6][gc,phases   ] GC(0)   Post Evacuate Collection Set: 1.0ms
[2023-11-16T04:14:15.625+0000][6][gc,phases   ] GC(0)   Other: 0.2ms
[2023-11-16T04:14:15.625+0000][6][gc,heap     ] GC(0) Eden regions: 6->0(6)
[2023-11-16T04:14:15.626+0000][6][gc,heap     ] GC(0) Survivor regions: 0->1(1)
[2023-11-16T04:14:15.626+0000][6][gc,heap     ] GC(0) Old regions: 0->0
[2023-11-16T04:14:15.626+0000][6][gc,heap     ] GC(0) Archive regions: 2->2
[2023-11-16T04:14:15.626+0000][6][gc,heap     ] GC(0) Humongous regions: 0->0
[2023-11-16T04:14:15.626+0000][6][gc,metaspace] GC(0) Metaspace: 7521K(7680K)->7521K(7680K) NonClass: 6650K(6720K)->6650K(6720K) Class: 870K(960K)->870K(960K)
[2023-11-16T04:14:15.626+0000][6][gc          ] GC(0) Pause Young (Normal) (G1 Evacuation Pause) 27M->7M(512M) 5.024ms
[2023-11-16T04:14:15.626+0000][6][gc,cpu      ] GC(0) User=0.01s Sys=0.00s Real=0.00s
[2023-11-16T04:14:15.626+0000][6][safepoint   ] Safepoint "G1CollectForAllocation", Time since last: 366466379 ns, Reaching safepoint: 72701 ns, At safepoint: 7425200 ns, Total: 7497901 ns
[2023-11-16T04:14:16.682+0000][6][safepoint   ] Safepoint "Cleanup", Time since last: 1056277448 ns, Reaching safepoint: 156345 ns, At safepoint: 5567 ns, Total: 161912 ns
[2023-11-16T04:14:16.816+0000][6][gc,start    ] GC(1) Pause Young (Normal) (G1 Evacuation Pause)
[2023-11-16T04:14:16.816+0000][6][gc,task     ] GC(1) Using 8 workers of 8 for evacuation
[2023-11-16T04:14:16.816+0000][6][gc,age      ] GC(1) Desired survivor size 2097152 bytes, new threshold 1 (max threshold 15)
[2023-11-16T04:14:16.821+0000][6][gc,age      ] GC(1) Age table with threshold 1 (max threshold 15)
[2023-11-16T04:14:16.821+0000][6][gc,age      ] GC(1) - age   1:    2360768 bytes,    2360768 total
[2023-11-16T04:14:16.821+0000][6][gc,phases   ] GC(1)   Pre Evacuate Collection Set: 0.0ms
[2023-11-16T04:14:16.821+0000][6][gc,phases   ] GC(1)   Merge Heap Roots: 0.0ms
[2023-11-16T04:14:16.821+0000][6][gc,phases   ] GC(1)   Evacuate Collection Set: 4.2ms
[2023-11-16T04:14:16.821+0000][6][gc,phases   ] GC(1)   Post Evacuate Collection Set: 0.8ms
[2023-11-16T04:14:16.821+0000][6][gc,phases   ] GC(1)   Other: 0.1ms
[2023-11-16T04:14:16.821+0000][6][gc,heap     ] GC(1) Eden regions: 6->0(16)
[2023-11-16T04:14:16.821+0000][6][gc,heap     ] GC(1) Survivor regions: 1->1(1)
[2023-11-16T04:14:16.821+0000][6][gc,heap     ] GC(1) Old regions: 0->1
[2023-11-16T04:14:16.821+0000][6][gc,heap     ] GC(1) Archive regions: 2->2
[2023-11-16T04:14:16.821+0000][6][gc,heap     ] GC(1) Humongous regions: 0->0
[2023-11-16T04:14:16.821+0000][6][gc,metaspace] GC(1) Metaspace: 12374K(12608K)->12374K(12608K) NonClass: 10881K(11008K)->10881K(11008K) Class: 1493K(1600K)->1493K(1600K)
[2023-11-16T04:14:16.821+0000][6][gc          ] GC(1) Pause Young (Normal) (G1 Evacuation Pause) 31M->10M(512M) 5.171ms
[2023-11-16T04:14:16.821+0000][6][gc,cpu      ] GC(1) User=0.02s Sys=0.00s Real=0.01s
[2023-11-16T04:14:16.821+0000][6][safepoint   ] Safepoint "G1CollectForAllocation", Time since last: 133929310 ns, Reaching safepoint: 64925 ns, At safepoint: 5221091 ns, Total: 5286016 ns
[2023-11-16T04:14:17.945+0000][6][safepoint   ] Safepoint "Cleanup", Time since last: 1123406056 ns, Reaching safepoint: 435382 ns, At safepoint: 7622 ns, Total: 443004 ns
[2023-11-16T04:14:17.983+0000][6][gc,start    ] GC(2) Pause Young (Normal) (G1 Evacuation Pause)
[2023-11-16T04:14:17.983+0000][6][gc,task     ] GC(2) Using 8 workers of 8 for evacuation
[2023-11-16T04:14:17.983+0000][6][gc,age      ] GC(2) Desired survivor size 6291456 bytes, new threshold 15 (max threshold 15)
[2023-11-16T04:14:17.993+0000][6][gc,age      ] GC(2) Age table with threshold 15 (max threshold 15)
[2023-11-16T04:14:17.993+0000][6][gc,age      ] GC(2) - age   1:    2954152 bytes,    2954152 total
[2023-11-16T04:14:17.993+0000][6][gc,age      ] GC(2) - age   2:    2326384 bytes,    5280536 total
[2023-11-16T04:14:17.993+0000][6][gc,phases   ] GC(2)   Pre Evacuate Collection Set: 0.1ms
[2023-11-16T04:14:17.993+0000][6][gc,phases   ] GC(2)   Merge Heap Roots: 0.0ms
[2023-11-16T04:14:17.993+0000][6][gc,phases   ] GC(2)   Evacuate Collection Set: 8.1ms
[2023-11-16T04:14:17.993+0000][6][gc,phases   ] GC(2)   Post Evacuate Collection Set: 1.1ms
[2023-11-16T04:14:17.993+0000][6][gc,phases   ] GC(2)   Other: 0.3ms
[2023-11-16T04:14:17.993+0000][6][gc,heap     ] GC(2) Eden regions: 16->0(74)
[2023-11-16T04:14:17.993+0000][6][gc,heap     ] GC(2) Survivor regions: 1->2(3)
[2023-11-16T04:14:17.993+0000][6][gc,heap     ] GC(2) Old regions: 1->1
[2023-11-16T04:14:17.993+0000][6][gc,heap     ] GC(2) Archive regions: 2->2
[2023-11-16T04:14:17.993+0000][6][gc,heap     ] GC(2) Humongous regions: 0->0
[2023-11-16T04:14:17.993+0000][6][gc,metaspace] GC(2) Metaspace: 14441K(14656K)->14441K(14656K) NonClass: 12767K(12864K)->12767K(12864K) Class: 1673K(1792K)->1673K(1792K)
[2023-11-16T04:14:17.993+0000][6][gc          ] GC(2) Pause Young (Normal) (G1 Evacuation Pause) 74M->13M(512M) 9.675ms
[2023-11-16T04:14:17.993+0000][6][gc,cpu      ] GC(2) User=0.03s Sys=0.00s Real=0.01s
[2023-11-16T04:14:17.993+0000][6][safepoint   ] Safepoint "G1CollectForAllocation", Time since last: 38152937 ns, Reaching safepoint: 41765 ns, At safepoint: 9755892 ns, Total: 9797657 ns
[2023-11-16T04:14:18.996+0000][6][safepoint   ] Safepoint "Cleanup", Time since last: 1000080492 ns, Reaching safepoint: 3298427 ns, At safepoint: 14081 ns, Total: 3312508 ns
[2023-11-16T04:14:19.084+0000][6][safepoint   ] Safepoint "ICBufferFull", Time since last: 87167067 ns, Reaching safepoint: 63473 ns, At safepoint: 3522 ns, Total: 66995 ns
[2023-11-16T04:14:19.085+0000][6][safepoint   ] Safepoint "ICBufferFull", Time since last: 981078 ns, Reaching safepoint: 55393 ns, At safepoint: 3090 ns, Total: 58483 ns
[2023-11-16T04:14:19.088+0000][6][safepoint   ] Safepoint "ICBufferFull", Time since last: 2655404 ns, Reaching safepoint: 497551 ns, At safepoint: 4505 ns, Total: 502056 ns
[2023-11-16T04:14:19.091+0000][6][safepoint   ] Safepoint "ICBufferFull", Time since last: 3321478 ns, Reaching safepoint: 35295 ns, At safepoint: 4250 ns, Total: 39545 ns
[2023-11-16T04:14:19.092+0000][6][safepoint   ] Safepoint "ICBufferFull", Time since last: 1164957 ns, Reaching safepoint: 69430 ns, At safepoint: 6766 ns, Total: 76196 ns
[2023-11-16T04:14:19.963+0000][6][gc,start    ] GC(3) Pause Young (Normal) (G1 Evacuation Pause)
[2023-11-16T04:14:19.963+0000][6][gc,task     ] GC(3) Using 8 workers of 8 for evacuation
[2023-11-16T04:14:19.963+0000][6][gc,age      ] GC(3) Desired survivor size 20971520 bytes, new threshold 15 (max threshold 15)
[2023-11-16T04:14:19.975+0000][6][gc,age      ] GC(3) Age table with threshold 15 (max threshold 15)
[2023-11-16T04:14:19.975+0000][6][gc,age      ] GC(3) - age   1:    5862048 bytes,    5862048 total
[2023-11-16T04:14:19.975+0000][6][gc,age      ] GC(3) - age   2:    1167896 bytes,    7029944 total
[2023-11-16T04:14:19.975+0000][6][gc,age      ] GC(3) - age   3:    2314984 bytes,    9344928 total
[2023-11-16T04:14:19.975+0000][6][gc,phases   ] GC(3)   Pre Evacuate Collection Set: 0.1ms
[2023-11-16T04:14:19.975+0000][6][gc,phases   ] GC(3)   Merge Heap Roots: 0.1ms
[2023-11-16T04:14:19.975+0000][6][gc,phases   ] GC(3)   Evacuate Collection Set: 10.6ms
[2023-11-16T04:14:19.975+0000][6][gc,phases   ] GC(3)   Post Evacuate Collection Set: 0.7ms
[2023-11-16T04:14:19.975+0000][6][gc,phases   ] GC(3)   Other: 0.3ms
[2023-11-16T04:14:19.975+0000][6][gc,heap     ] GC(3) Eden regions: 74->0(73)
[2023-11-16T04:14:19.975+0000][6][gc,heap     ] GC(3) Survivor regions: 2->3(10)
[2023-11-16T04:14:19.975+0000][6][gc,heap     ] GC(3) Old regions: 1->1
[2023-11-16T04:14:19.975+0000][6][gc,heap     ] GC(3) Archive regions: 2->2
[2023-11-16T04:14:19.975+0000][6][gc,heap     ] GC(3) Humongous regions: 0->0
[2023-11-16T04:14:19.975+0000][6][gc,metaspace] GC(3) Metaspace: 17218K(17536K)->17218K(17536K) NonClass: 15159K(15360K)->15159K(15360K) Class: 2059K(2176K)->2059K(2176K)
[2023-11-16T04:14:19.975+0000][6][gc          ] GC(3) Pause Young (Normal) (G1 Evacuation Pause) 309M->17M(512M) 11.955ms
[2023-11-16T04:14:19.975+0000][6][gc,cpu      ] GC(3) User=0.04s Sys=0.00s Real=0.01s
[2023-11-16T04:14:19.975+0000][6][safepoint   ] Safepoint "G1CollectForAllocation", Time since last: 869235847 ns, Reaching safepoint: 1490408 ns, At safepoint: 12070420 ns, Total: 13560828 ns
[2023-11-16T04:14:20.976+0000][6][safepoint   ] Safepoint "Cleanup", Time since last: 1000204768 ns, Reaching safepoint: 154560 ns, At safepoint: 7999 ns, Total: 162559 ns
[2023-11-16T04:14:21.046+0000][6][gc,start    ] GC(4) Pause Young (Normal) (G1 Evacuation Pause)
[2023-11-16T04:14:21.046+0000][6][gc,task     ] GC(4) Using 8 workers of 8 for evacuation
[2023-11-16T04:14:21.046+0000][6][gc,age      ] GC(4) Desired survivor size 20971520 bytes, new threshold 15 (max threshold 15)
[2023-11-16T04:14:21.074+0000][6][gc,age      ] GC(4) Age table with threshold 15 (max threshold 15)
[2023-11-16T04:14:21.074+0000][6][gc,age      ] GC(4) - age   1:    5645840 bytes,    5645840 total
[2023-11-16T04:14:21.074+0000][6][gc,age      ] GC(4) - age   2:    3581120 bytes,    9226960 total
[2023-11-16T04:14:21.074+0000][6][gc,age      ] GC(4) - age   3:    1167816 bytes,   10394776 total
[2023-11-16T04:14:21.074+0000][6][gc,age      ] GC(4) - age   4:    2314984 bytes,   12709760 total
[2023-11-16T04:14:21.074+0000][6][gc,phases   ] GC(4)   Pre Evacuate Collection Set: 0.3ms
[2023-11-16T04:14:21.074+0000][6][gc,phases   ] GC(4)   Merge Heap Roots: 0.1ms
[2023-11-16T04:14:21.074+0000][6][gc,phases   ] GC(4)   Evacuate Collection Set: 26.5ms
[2023-11-16T04:14:21.074+0000][6][gc,phases   ] GC(4)   Post Evacuate Collection Set: 1.0ms
[2023-11-16T04:14:21.074+0000][6][gc,phases   ] GC(4)   Other: 0.2ms
[2023-11-16T04:14:21.074+0000][6][gc,heap     ] GC(4) Eden regions: 73->0(72)
[2023-11-16T04:14:21.074+0000][6][gc,heap     ] GC(4) Survivor regions: 3->4(10)
[2023-11-16T04:14:21.074+0000][6][gc,heap     ] GC(4) Old regions: 1->1
[2023-11-16T04:14:21.074+0000][6][gc,heap     ] GC(4) Archive regions: 2->2
[2023-11-16T04:14:21.074+0000][6][gc,heap     ] GC(4) Humongous regions: 0->0
[2023-11-16T04:14:21.074+0000][6][gc,metaspace] GC(4) Metaspace: 18084K(18368K)->18084K(18368K) NonClass: 15901K(16064K)->15901K(16064K) Class: 2182K(2304K)->2182K(2304K)
[2023-11-16T04:14:21.074+0000][6][gc          ] GC(4) Pause Young (Normal) (G1 Evacuation Pause) 309M->20M(512M) 28.268ms
[2023-11-16T04:14:21.074+0000][6][gc,cpu      ] GC(4) User=0.06s Sys=0.00s Real=0.03s
[2023-11-16T04:14:21.074+0000][6][safepoint   ] Safepoint "G1CollectForAllocation", Time since last: 69871901 ns, Reaching safepoint: 77615 ns, At safepoint: 28355658 ns, Total: 28433273 ns
[2023-11-16T04:14:21.858+0000][6][gc,start    ] GC(5) Pause Young (Normal) (G1 Evacuation Pause)
[2023-11-16T04:14:21.858+0000][6][gc,task     ] GC(5) Using 8 workers of 8 for evacuation
[2023-11-16T04:14:21.858+0000][6][gc,age      ] GC(5) Desired survivor size 20971520 bytes, new threshold 15 (max threshold 15)
[2023-11-16T04:14:21.871+0000][6][gc,age      ] GC(5) Age table with threshold 15 (max threshold 15)
[2023-11-16T04:14:21.871+0000][6][gc,age      ] GC(5) - age   1:    1663776 bytes,    1663776 total
[2023-11-16T04:14:21.871+0000][6][gc,age      ] GC(5) - age   2:    3797600 bytes,    5461376 total
[2023-11-16T04:14:21.871+0000][6][gc,age      ] GC(5) - age   3:    3580752 bytes,    9042128 total
[2023-11-16T04:14:21.871+0000][6][gc,age      ] GC(5) - age   4:    1167816 bytes,   10209944 total
[2023-11-16T04:14:21.871+0000][6][gc,age      ] GC(5) - age   5:    2314840 bytes,   12524784 total
[2023-11-16T04:14:21.871+0000][6][gc,phases   ] GC(5)   Pre Evacuate Collection Set: 0.1ms
[2023-11-16T04:14:21.871+0000][6][gc,phases   ] GC(5)   Merge Heap Roots: 0.1ms
[2023-11-16T04:14:21.871+0000][6][gc,phases   ] GC(5)   Evacuate Collection Set: 11.8ms
[2023-11-16T04:14:21.871+0000][6][gc,phases   ] GC(5)   Post Evacuate Collection Set: 0.7ms
[2023-11-16T04:14:21.871+0000][6][gc,phases   ] GC(5)   Other: 0.3ms
[2023-11-16T04:14:21.871+0000][6][gc,heap     ] GC(5) Eden regions: 72->0(72)
[2023-11-16T04:14:21.871+0000][6][gc,heap     ] GC(5) Survivor regions: 4->4(10)
[2023-11-16T04:14:21.871+0000][6][gc,heap     ] GC(5) Old regions: 1->1
[2023-11-16T04:14:21.871+0000][6][gc,heap     ] GC(5) Archive regions: 2->2
[2023-11-16T04:14:21.871+0000][6][gc,heap     ] GC(5) Humongous regions: 0->0
[2023-11-16T04:14:21.871+0000][6][gc,metaspace] GC(5) Metaspace: 18874K(19328K)->18874K(19328K) NonClass: 16578K(16832K)->16578K(16832K) Class: 2296K(2496K)->2296K(2496K)
[2023-11-16T04:14:21.871+0000][6][gc          ] GC(5) Pause Young (Normal) (G1 Evacuation Pause) 308M->20M(512M) 12.985ms
[2023-11-16T04:14:21.871+0000][6][gc,cpu      ] GC(5) User=0.04s Sys=0.00s Real=0.02s
[2023-11-16T04:14:21.871+0000][6][safepoint   ] Safepoint "G1CollectForAllocation", Time since last: 783935532 ns, Reaching safepoint: 108461 ns, At safepoint: 13078524 ns, Total: 13186985 ns
[2023-11-16T04:14:22.906+0000][6][gc,start    ] GC(6) Pause Young (Normal) (G1 Evacuation Pause)
[2023-11-16T04:14:22.906+0000][6][gc,task     ] GC(6) Using 8 workers of 8 for evacuation
[2023-11-16T04:14:22.906+0000][6][gc,age      ] GC(6) Desired survivor size 20971520 bytes, new threshold 15 (max threshold 15)
[2023-11-16T04:14:22.919+0000][6][gc,age      ] GC(6) Age table with threshold 15 (max threshold 15)
[2023-11-16T04:14:22.919+0000][6][gc,age      ] GC(6) - age   1:    2527000 bytes,    2527000 total
[2023-11-16T04:14:22.919+0000][6][gc,age      ] GC(6) - age   2:     598296 bytes,    3125296 total
[2023-11-16T04:14:22.919+0000][6][gc,age      ] GC(6) - age   3:    3793616 bytes,    6918912 total
[2023-11-16T04:14:22.919+0000][6][gc,age      ] GC(6) - age   4:    3579256 bytes,   10498168 total
[2023-11-16T04:14:22.919+0000][6][gc,age      ] GC(6) - age   5:    1167040 bytes,   11665208 total
[2023-11-16T04:14:22.919+0000][6][gc,age      ] GC(6) - age   6:    2311544 bytes,   13976752 total
[2023-11-16T04:14:22.919+0000][6][gc,phases   ] GC(6)   Pre Evacuate Collection Set: 0.1ms
[2023-11-16T04:14:22.919+0000][6][gc,phases   ] GC(6)   Merge Heap Roots: 0.1ms
[2023-11-16T04:14:22.919+0000][6][gc,phases   ] GC(6)   Evacuate Collection Set: 11.7ms
[2023-11-16T04:14:22.919+0000][6][gc,phases   ] GC(6)   Post Evacuate Collection Set: 1.2ms
[2023-11-16T04:14:22.919+0000][6][gc,phases   ] GC(6)   Other: 0.3ms
[2023-11-16T04:14:22.919+0000][6][gc,heap     ] GC(6) Eden regions: 72->0(72)
[2023-11-16T04:14:22.919+0000][6][gc,heap     ] GC(6) Survivor regions: 4->4(10)
[2023-11-16T04:14:22.919+0000][6][gc,heap     ] GC(6) Old regions: 1->1
[2023-11-16T04:14:22.919+0000][6][gc,heap     ] GC(6) Archive regions: 2->2
[2023-11-16T04:14:22.919+0000][6][gc,heap     ] GC(6) Humongous regions: 0->0
[2023-11-16T04:14:22.919+0000][6][gc,metaspace] GC(6) Metaspace: 19895K(20416K)->19895K(20416K) NonClass: 17459K(17792K)->17459K(17792K) Class: 2435K(2624K)->2435K(2624K)
[2023-11-16T04:14:22.919+0000][6][gc          ] GC(6) Pause Young (Normal) (G1 Evacuation Pause) 308M->22M(512M) 13.381ms
[2023-11-16T04:14:22.919+0000][6][gc,cpu      ] GC(6) User=0.04s Sys=0.00s Real=0.02s
[2023-11-16T04:14:22.919+0000][6][safepoint   ] Safepoint "G1CollectForAllocation", Time since last: 1034618852 ns, Reaching safepoint: 163751 ns, At safepoint: 13470844 ns, Total: 13634595 ns
[2023-11-16T04:14:23.731+0000][6][gc,start    ] GC(7) Pause Young (Normal) (G1 Evacuation Pause)
[2023-11-16T04:14:23.731+0000][6][gc,task     ] GC(7) Using 8 workers of 8 for evacuation
[2023-11-16T04:14:23.731+0000][6][gc,age      ] GC(7) Desired survivor size 20971520 bytes, new threshold 15 (max threshold 15)
[2023-11-16T04:14:23.752+0000][6][gc,age      ] GC(7) Age table with threshold 15 (max threshold 15)
[2023-11-16T04:14:23.752+0000][6][gc,age      ] GC(7) - age   1:    2857544 bytes,    2857544 total
[2023-11-16T04:14:23.752+0000][6][gc,age      ] GC(7) - age   2:    1731648 bytes,    4589192 total
[2023-11-16T04:14:23.752+0000][6][gc,age      ] GC(7) - age   3:     596216 bytes,    5185408 total
[2023-11-16T04:14:23.752+0000][6][gc,age      ] GC(7) - age   4:    3793552 bytes,    8978960 total
[2023-11-16T04:14:23.752+0000][6][gc,age      ] GC(7) - age   5:    3577832 bytes,   12556792 total
[2023-11-16T04:14:23.752+0000][6][gc,age      ] GC(7) - age   6:    1167040 bytes,   13723832 total
[2023-11-16T04:14:23.752+0000][6][gc,age      ] GC(7) - age   7:    2311208 bytes,   16035040 total
[2023-11-16T04:14:23.752+0000][6][gc,phases   ] GC(7)   Pre Evacuate Collection Set: 0.1ms
[2023-11-16T04:14:23.752+0000][6][gc,phases   ] GC(7)   Merge Heap Roots: 0.1ms
[2023-11-16T04:14:23.752+0000][6][gc,phases   ] GC(7)   Evacuate Collection Set: 19.4ms
[2023-11-16T04:14:23.752+0000][6][gc,phases   ] GC(7)   Post Evacuate Collection Set: 1.3ms
[2023-11-16T04:14:23.752+0000][6][gc,phases   ] GC(7)   Other: 0.2ms
[2023-11-16T04:14:23.752+0000][6][gc,heap     ] GC(7) Eden regions: 72->0(71)
[2023-11-16T04:14:23.752+0000][6][gc,heap     ] GC(7) Survivor regions: 4->5(10)
[2023-11-16T04:14:23.752+0000][6][gc,heap     ] GC(7) Old regions: 1->1
[2023-11-16T04:14:23.752+0000][6][gc,heap     ] GC(7) Archive regions: 2->2
[2023-11-16T04:14:23.752+0000][6][gc,heap     ] GC(7) Humongous regions: 0->0
[2023-11-16T04:14:23.752+0000][6][gc,metaspace] GC(7) Metaspace: 20223K(20736K)->20223K(20736K) NonClass: 17738K(18048K)->17738K(18048K) Class: 2484K(2688K)->2484K(2688K)
[2023-11-16T04:14:23.752+0000][6][gc          ] GC(7) Pause Young (Normal) (G1 Evacuation Pause) 310M->24M(512M) 21.183ms
[2023-11-16T04:14:23.752+0000][6][gc,cpu      ] GC(7) User=0.07s Sys=0.00s Real=0.02s
[2023-11-16T04:14:23.752+0000][6][safepoint   ] Safepoint "G1CollectForAllocation", Time since last: 811271255 ns, Reaching safepoint: 78856 ns, At safepoint: 21264206 ns, Total: 21343062 ns
[2023-11-16T04:14:24.694+0000][6][gc,start    ] GC(8) Pause Young (Concurrent Start) (Metadata GC Threshold)
[2023-11-16T04:14:24.694+0000][6][gc,task     ] GC(8) Using 8 workers of 8 for evacuation
[2023-11-16T04:14:24.694+0000][6][gc,age      ] GC(8) Desired survivor size 20971520 bytes, new threshold 15 (max threshold 15)
[2023-11-16T04:14:24.705+0000][6][gc,age      ] GC(8) Age table with threshold 15 (max threshold 15)
[2023-11-16T04:14:24.705+0000][6][gc,age      ] GC(8) - age   1:     893096 bytes,     893096 total
[2023-11-16T04:14:24.705+0000][6][gc,age      ] GC(8) - age   2:     749224 bytes,    1642320 total
[2023-11-16T04:14:24.705+0000][6][gc,age      ] GC(8) - age   3:    1721968 bytes,    3364288 total
[2023-11-16T04:14:24.705+0000][6][gc,age      ] GC(8) - age   4:     587088 bytes,    3951376 total
[2023-11-16T04:14:24.705+0000][6][gc,age      ] GC(8) - age   5:    3783240 bytes,    7734616 total
[2023-11-16T04:14:24.705+0000][6][gc,age      ] GC(8) - age   6:    3569232 bytes,   11303848 total
[2023-11-16T04:14:24.705+0000][6][gc,age      ] GC(8) - age   7:    1123320 bytes,   12427168 total
[2023-11-16T04:14:24.705+0000][6][gc,age      ] GC(8) - age   8:    2311032 bytes,   14738200 total
[2023-11-16T04:14:24.705+0000][6][gc,phases   ] GC(8)   Pre Evacuate Collection Set: 0.2ms
[2023-11-16T04:14:24.705+0000][6][gc,phases   ] GC(8)   Merge Heap Roots: 0.1ms
[2023-11-16T04:14:24.705+0000][6][gc,phases   ] GC(8)   Evacuate Collection Set: 8.9ms
[2023-11-16T04:14:24.705+0000][6][gc,phases   ] GC(8)   Post Evacuate Collection Set: 1.1ms
[2023-11-16T04:14:24.705+0000][6][gc,phases   ] GC(8)   Other: 0.6ms
[2023-11-16T04:14:24.705+0000][6][gc,heap     ] GC(8) Eden regions: 68->0(72)
[2023-11-16T04:14:24.705+0000][6][gc,heap     ] GC(8) Survivor regions: 5->4(10)
[2023-11-16T04:14:24.705+0000][6][gc,heap     ] GC(8) Old regions: 1->1
[2023-11-16T04:14:24.705+0000][6][gc,heap     ] GC(8) Archive regions: 2->2
[2023-11-16T04:14:24.705+0000][6][gc,heap     ] GC(8) Humongous regions: 0->0
[2023-11-16T04:14:24.705+0000][6][gc,metaspace] GC(8) Metaspace: 20967K(21504K)->20967K(21504K) NonClass: 18363K(18688K)->18363K(18688K) Class: 2603K(2816K)->2603K(2816K)
[2023-11-16T04:14:24.705+0000][6][gc          ] GC(8) Pause Young (Concurrent Start) (Metadata GC Threshold) 296M->22M(512M) 10.989ms
[2023-11-16T04:14:24.705+0000][6][gc,cpu      ] GC(8) User=0.03s Sys=0.00s Real=0.01s
[2023-11-16T04:14:24.705+0000][6][safepoint   ] Safepoint "CollectForMetadataAllocation", Time since last: 941945470 ns, Reaching safepoint: 100559 ns, At safepoint: 11158430 ns, Total: 11258989 ns
[2023-11-16T04:14:24.705+0000][6][gc          ] GC(9) Concurrent Mark Cycle
[2023-11-16T04:14:24.705+0000][6][gc,marking  ] GC(9) Concurrent Clear Claimed Marks
[2023-11-16T04:14:24.705+0000][6][gc,marking  ] GC(9) Concurrent Clear Claimed Marks 0.039ms
[2023-11-16T04:14:24.705+0000][6][gc,marking  ] GC(9) Concurrent Scan Root Regions
[2023-11-16T04:14:24.710+0000][6][gc,marking  ] GC(9) Concurrent Scan Root Regions 4.961ms
[2023-11-16T04:14:24.710+0000][6][gc,marking  ] GC(9) Concurrent Mark
[2023-11-16T04:14:24.710+0000][6][gc,marking  ] GC(9) Concurrent Mark From Roots
[2023-11-16T04:14:24.710+0000][6][gc,task     ] GC(9) Using 2 workers of 2 for marking
[2023-11-16T04:14:24.720+0000][6][gc,marking  ] GC(9) Concurrent Mark From Roots 9.527ms
[2023-11-16T04:14:24.720+0000][6][gc,marking  ] GC(9) Concurrent Preclean
[2023-11-16T04:14:24.721+0000][6][gc,marking  ] GC(9) Concurrent Preclean 0.114ms
[2023-11-16T04:14:24.721+0000][6][gc,start    ] GC(9) Pause Remark
[2023-11-16T04:14:24.727+0000][6][gc          ] GC(9) Pause Remark 24M->24M(512M) 5.974ms
[2023-11-16T04:14:24.727+0000][6][gc,cpu      ] GC(9) User=0.01s Sys=0.00s Real=0.00s
[2023-11-16T04:14:24.727+0000][6][safepoint   ] Safepoint "G1Concurrent", Time since last: 15441312 ns, Reaching safepoint: 172043 ns, At safepoint: 6080494 ns, Total: 6252537 ns
[2023-11-16T04:14:24.728+0000][6][gc,marking  ] GC(9) Concurrent Mark 17.343ms
[2023-11-16T04:14:24.728+0000][6][gc,marking  ] GC(9) Concurrent Rebuild Remembered Sets
[2023-11-16T04:14:24.728+0000][6][gc,marking  ] GC(9) Concurrent Rebuild Remembered Sets 0.031ms
[2023-11-16T04:14:24.728+0000][6][gc,start    ] GC(9) Pause Cleanup
[2023-11-16T04:14:24.728+0000][6][gc          ] GC(9) Pause Cleanup 24M->24M(512M) 0.026ms
[2023-11-16T04:14:24.728+0000][6][gc,cpu      ] GC(9) User=0.00s Sys=0.00s Real=0.00s
[2023-11-16T04:14:24.728+0000][6][safepoint   ] Safepoint "G1Concurrent", Time since last: 871225 ns, Reaching safepoint: 100592 ns, At safepoint: 61666 ns, Total: 162258 ns
[2023-11-16T04:14:24.728+0000][6][gc,marking  ] GC(9) Concurrent Cleanup for Next Mark
[2023-11-16T04:14:24.729+0000][6][gc,marking  ] GC(9) Concurrent Cleanup for Next Mark 1.127ms
[2023-11-16T04:14:24.729+0000][6][gc          ] GC(9) Concurrent Mark Cycle 23.984ms
[2023-11-16T04:14:25.728+0000][6][safepoint   ] Safepoint "Cleanup", Time since last: 1000090942 ns, Reaching safepoint: 174191 ns, At safepoint: 8353 ns, Total: 182544 ns
[2023-11-16T04:14:25.850+0000][6][safepoint   ] Safepoint "ICBufferFull", Time since last: 122198827 ns, Reaching safepoint: 38661 ns, At safepoint: 3633 ns, Total: 42294 ns
[2023-11-16T04:14:25.852+0000][6][safepoint   ] Safepoint "ICBufferFull", Time since last: 1287204 ns, Reaching safepoint: 60744 ns, At safepoint: 4996 ns, Total: 65740 ns
[2023-11-16T04:14:25.853+0000][6][safepoint   ] Safepoint "ICBufferFull", Time since last: 1312532 ns, Reaching safepoint: 40052 ns, At safepoint: 4432 ns, Total: 44484 ns
[2023-11-16T04:14:25.934+0000][6][safepoint   ] Safepoint "ICBufferFull", Time since last: 80859541 ns, Reaching safepoint: 25892 ns, At safepoint: 2881 ns, Total: 28773 ns
[2023-11-16T04:14:25.935+0000][6][safepoint   ] Safepoint "ICBufferFull", Time since last: 897290 ns, Reaching safepoint: 27990 ns, At safepoint: 2315 ns, Total: 30305 ns
[2023-11-16T04:14:26.041+0000][6][safepoint   ] Safepoint "ICBufferFull", Time since last: 106216501 ns, Reaching safepoint: 55654 ns, At safepoint: 4903 ns, Total: 60557 ns
[2023-11-16T04:14:26.054+0000][6][safepoint   ] Safepoint "ICBufferFull", Time since last: 12365673 ns, Reaching safepoint: 54421 ns, At safepoint: 3871 ns, Total: 58292 ns
[2023-11-16T04:14:26.072+0000][6][safepoint   ] Safepoint "ICBufferFull", Time since last: 18198685 ns, Reaching safepoint: 52488 ns, At safepoint: 4983 ns, Total: 57471 ns
[2023-11-16T04:14:26.295+0000][6][safepoint   ] Safepoint "ICBufferFull", Time since last: 222538511 ns, Reaching safepoint: 134634 ns, At safepoint: 3988 ns, Total: 138622 ns
[2023-11-16T04:14:26.296+0000][6][safepoint   ] Safepoint "ICBufferFull", Time since last: 1316015 ns, Reaching safepoint: 51416 ns, At safepoint: 3910 ns, Total: 55326 ns
[2023-11-16T04:14:26.297+0000][6][safepoint   ] Safepoint "ICBufferFull", Time since last: 1249560 ns, Reaching safepoint: 50541 ns, At safepoint: 4906 ns, Total: 55447 ns
[2023-11-16T04:14:26.369+0000][6][safepoint   ] Safepoint "ICBufferFull", Time since last: 72142648 ns, Reaching safepoint: 31490 ns, At safepoint: 3191 ns, Total: 34681 ns
[2023-11-16T04:14:26.370+0000][6][safepoint   ] Safepoint "ICBufferFull", Time since last: 960535 ns, Reaching safepoint: 18444 ns, At safepoint: 1980 ns, Total: 20424 ns
[2023-11-16T04:14:26.607+0000][6][safepoint   ] Safepoint "ICBufferFull", Time since last: 236108932 ns, Reaching safepoint: 97787 ns, At safepoint: 5559 ns, Total: 103346 ns
[2023-11-16T04:14:27.637+0000][6][safepoint   ] Safepoint "Cleanup", Time since last: 1030052022 ns, Reaching safepoint: 166717 ns, At safepoint: 7840 ns, Total: 174557 ns
[2023-11-16T04:14:28.638+0000][6][safepoint   ] Safepoint "Cleanup", Time since last: 1000738908 ns, Reaching safepoint: 255831 ns, At safepoint: 25945 ns, Total: 281776 ns
[2023-11-16T04:14:29.638+0000][6][safepoint   ] Safepoint "Cleanup", Time since last: 1000113456 ns, Reaching safepoint: 71242 ns, At safepoint: 3238 ns, Total: 74480 ns
[2023-11-16T04:14:30.118+0000][6][gc,start    ] GC(10) Pause Young (Concurrent Start) (Metadata GC Threshold)
[2023-11-16T04:14:30.118+0000][6][gc,task     ] GC(10) Using 8 workers of 8 for evacuation
[2023-11-16T04:14:30.118+0000][6][gc,age      ] GC(10) Desired survivor size 20971520 bytes, new threshold 15 (max threshold 15)
[2023-11-16T04:14:30.140+0000][6][gc,age      ] GC(10) Age table with threshold 15 (max threshold 15)
[2023-11-16T04:14:30.140+0000][6][gc,age      ] GC(10) - age   1:   26780664 bytes,   26780664 total
[2023-11-16T04:14:30.140+0000][6][gc,age      ] GC(10) - age   2:     871352 bytes,   27652016 total
[2023-11-16T04:14:30.140+0000][6][gc,age      ] GC(10) - age   3:     741528 bytes,   28393544 total
[2023-11-16T04:14:30.140+0000][6][gc,age      ] GC(10) - age   4:    1701640 bytes,   30095184 total
[2023-11-16T04:14:30.140+0000][6][gc,age      ] GC(10) - age   5:     585488 bytes,   30680672 total
[2023-11-16T04:14:30.140+0000][6][gc,age      ] GC(10) - age   6:    3775512 bytes,   34456184 total
[2023-11-16T04:14:30.140+0000][6][gc,age      ] GC(10) - age   7:    3537464 bytes,   37993648 total
[2023-11-16T04:14:30.140+0000][6][gc,age      ] GC(10) - age   8:    1094456 bytes,   39088104 total
[2023-11-16T04:14:30.140+0000][6][gc,age      ] GC(10) - age   9:    2298000 bytes,   41386104 total
[2023-11-16T04:14:30.140+0000][6][gc,phases   ] GC(10)   Pre Evacuate Collection Set: 0.1ms
[2023-11-16T04:14:30.140+0000][6][gc,phases   ] GC(10)   Merge Heap Roots: 0.0ms
[2023-11-16T04:14:30.140+0000][6][gc,phases   ] GC(10)   Evacuate Collection Set: 20.9ms
[2023-11-16T04:14:30.140+0000][6][gc,phases   ] GC(10)   Post Evacuate Collection Set: 1.1ms
[2023-11-16T04:14:30.140+0000][6][gc,phases   ] GC(10)   Other: 0.2ms
[2023-11-16T04:14:30.140+0000][6][gc,heap     ] GC(10) Eden regions: 72->0(66)
[2023-11-16T04:14:30.140+0000][6][gc,heap     ] GC(10) Survivor regions: 4->10(10)
[2023-11-16T04:14:30.140+0000][6][gc,heap     ] GC(10) Old regions: 1->2
[2023-11-16T04:14:30.140+0000][6][gc,heap     ] GC(10) Archive regions: 2->2
[2023-11-16T04:14:30.140+0000][6][gc,heap     ] GC(10) Humongous regions: 0->0
[2023-11-16T04:14:30.140+0000][6][gc,metaspace] GC(10) Metaspace: 35081K(35968K)->35081K(35968K) NonClass: 30453K(30976K)->30453K(30976K) Class: 4628K(4992K)->4628K(4992K)
[2023-11-16T04:14:30.140+0000][6][gc          ] GC(10) Pause Young (Concurrent Start) (Metadata GC Threshold) 308M->48M(512M) 22.293ms
[2023-11-16T04:14:30.140+0000][6][gc,cpu      ] GC(10) User=0.14s Sys=0.00s Real=0.03s
[2023-11-16T04:14:30.140+0000][6][gc          ] GC(11) Concurrent Mark Cycle
[2023-11-16T04:14:30.141+0000][6][gc,marking  ] GC(11) Concurrent Clear Claimed Marks
[2023-11-16T04:14:30.141+0000][6][safepoint   ] Safepoint "CollectForMetadataAllocation", Time since last: 480042275 ns, Reaching safepoint: 62435 ns, At safepoint: 22400218 ns, Total: 22462653 ns
[2023-11-16T04:14:30.141+0000][6][gc,marking  ] GC(11) Concurrent Clear Claimed Marks 0.052ms
[2023-11-16T04:14:30.141+0000][6][gc,marking  ] GC(11) Concurrent Scan Root Regions
[2023-11-16T04:14:30.155+0000][6][gc,marking  ] GC(11) Concurrent Scan Root Regions 14.862ms
[2023-11-16T04:14:30.155+0000][6][gc,marking  ] GC(11) Concurrent Mark
[2023-11-16T04:14:30.155+0000][6][gc,marking  ] GC(11) Concurrent Mark From Roots
[2023-11-16T04:14:30.155+0000][6][gc,task     ] GC(11) Using 2 workers of 2 for marking
[2023-11-16T04:14:30.162+0000][6][gc,marking  ] GC(11) Concurrent Mark From Roots 6.697ms
[2023-11-16T04:14:30.162+0000][6][gc,marking  ] GC(11) Concurrent Preclean
[2023-11-16T04:14:30.162+0000][6][gc,marking  ] GC(11) Concurrent Preclean 0.091ms
[2023-11-16T04:14:30.162+0000][6][gc,start    ] GC(11) Pause Remark
[2023-11-16T04:14:30.166+0000][6][gc          ] GC(11) Pause Remark 50M->50M(512M) 3.289ms
[2023-11-16T04:14:30.166+0000][6][gc,cpu      ] GC(11) User=0.01s Sys=0.00s Real=0.00s
[2023-11-16T04:14:30.166+0000][6][safepoint   ] Safepoint "G1Concurrent", Time since last: 21818842 ns, Reaching safepoint: 30882 ns, At safepoint: 3363073 ns, Total: 3393955 ns
[2023-11-16T04:14:30.166+0000][6][gc,marking  ] GC(11) Concurrent Mark 10.301ms
[2023-11-16T04:14:30.166+0000][6][gc,marking  ] GC(11) Concurrent Rebuild Remembered Sets
[2023-11-16T04:14:30.169+0000][6][gc,marking  ] GC(11) Concurrent Rebuild Remembered Sets 3.057ms
[2023-11-16T04:14:30.169+0000][6][gc,start    ] GC(11) Pause Cleanup
[2023-11-16T04:14:30.170+0000][6][gc          ] GC(11) Pause Cleanup 50M->50M(512M) 0.060ms
[2023-11-16T04:14:30.170+0000][6][gc,cpu      ] GC(11) User=0.00s Sys=0.00s Real=0.00s
[2023-11-16T04:14:30.170+0000][6][safepoint   ] Safepoint "G1Concurrent", Time since last: 3224205 ns, Reaching safepoint: 475475 ns, At safepoint: 91806 ns, Total: 567281 ns
[2023-11-16T04:14:30.170+0000][6][gc,marking  ] GC(11) Concurrent Cleanup for Next Mark
[2023-11-16T04:14:30.171+0000][6][gc,marking  ] GC(11) Concurrent Cleanup for Next Mark 0.972ms
[2023-11-16T04:14:30.171+0000][6][gc          ] GC(11) Concurrent Mark Cycle 30.147ms
[2023-11-16T04:14:31.949+0000][6][safepoint   ] Safepoint "Cleanup", Time since last: 1779766804 ns, Reaching safepoint: 143802 ns, At safepoint: 5375 ns, Total: 149177 ns
[2023-11-16T04:14:33.169+0000][6][safepoint   ] Safepoint "Cleanup", Time since last: 1219854136 ns, Reaching safepoint: 70374 ns, At safepoint: 2689 ns, Total: 73063 ns
[2023-11-16T04:14:34.044+0000][6][gc,start    ] GC(12) Pause Young (Normal) (G1 Evacuation Pause)
[2023-11-16T04:14:34.044+0000][6][gc,task     ] GC(12) Using 8 workers of 8 for evacuation
[2023-11-16T04:14:34.044+0000][6][gc,age      ] GC(12) Desired survivor size 20971520 bytes, new threshold 1 (max threshold 15)
[2023-11-16T04:14:34.101+0000][6][gc,age      ] GC(12) Age table with threshold 1 (max threshold 15)
[2023-11-16T04:14:34.101+0000][6][gc,age      ] GC(12) - age   1:    6010032 bytes,    6010032 total
[2023-11-16T04:14:34.102+0000][6][gc,phases   ] GC(12)   Pre Evacuate Collection Set: 0.1ms
[2023-11-16T04:14:34.102+0000][6][gc,phases   ] GC(12)   Merge Heap Roots: 0.1ms
[2023-11-16T04:14:34.102+0000][6][gc,phases   ] GC(12)   Evacuate Collection Set: 55.2ms
[2023-11-16T04:14:34.102+0000][6][gc,phases   ] GC(12)   Post Evacuate Collection Set: 2.2ms
[2023-11-16T04:14:34.102+0000][6][gc,phases   ] GC(12)   Other: 0.3ms
[2023-11-16T04:14:34.102+0000][6][gc,heap     ] GC(12) Eden regions: 66->0(73)
[2023-11-16T04:14:34.102+0000][6][gc,heap     ] GC(12) Survivor regions: 10->3(10)
[2023-11-16T04:14:34.102+0000][6][gc,heap     ] GC(12) Old regions: 2->11
[2023-11-16T04:14:34.102+0000][6][gc,heap     ] GC(12) Archive regions: 2->2
[2023-11-16T04:14:34.102+0000][6][gc,heap     ] GC(12) Humongous regions: 0->0
[2023-11-16T04:14:34.102+0000][6][gc,metaspace] GC(12) Metaspace: 51521K(52736K)->51521K(52736K) NonClass: 44539K(45248K)->44539K(45248K) Class: 6982K(7488K)->6982K(7488K)
[2023-11-16T04:14:34.102+0000][6][gc          ] GC(12) Pause Young (Normal) (G1 Evacuation Pause) 312M->57M(512M) 57.953ms
[2023-11-16T04:14:34.102+0000][6][gc,cpu      ] GC(12) User=0.23s Sys=0.00s Real=0.06s
[2023-11-16T04:14:34.102+0000][6][safepoint   ] Safepoint "G1CollectForAllocation", Time since last: 874155155 ns, Reaching safepoint: 141352 ns, At safepoint: 58054663 ns, Total: 58196015 ns
[2023-11-16T04:14:35.102+0000][6][safepoint   ] Safepoint "Cleanup", Time since last: 1000092785 ns, Reaching safepoint: 61596 ns, At safepoint: 3413 ns, Total: 65009 ns
[2023-11-16T04:14:36.909+0000][6][safepoint   ] Safepoint "Cleanup", Time since last: 1806884278 ns, Reaching safepoint: 242616 ns, At safepoint: 3898 ns, Total: 246514 ns
[2023-11-16T04:14:37.910+0000][6][safepoint   ] Safepoint "Cleanup", Time since last: 1000113977 ns, Reaching safepoint: 430325 ns, At safepoint: 9625 ns, Total: 439950 ns
[2023-11-16T04:14:38.432+0000][6][gc,start    ] GC(13) Pause Young (Concurrent Start) (Metadata GC Threshold)
[2023-11-16T04:14:38.432+0000][6][gc,task     ] GC(13) Using 8 workers of 8 for evacuation
[2023-11-16T04:14:38.432+0000][6][gc,age      ] GC(13) Desired survivor size 20971520 bytes, new threshold 15 (max threshold 15)
[2023-11-16T04:14:38.455+0000][6][gc,age      ] GC(13) Age table with threshold 15 (max threshold 15)
[2023-11-16T04:14:38.455+0000][6][gc,age      ] GC(13) - age   1:    5355744 bytes,    5355744 total
[2023-11-16T04:14:38.455+0000][6][gc,age      ] GC(13) - age   2:    5825440 bytes,   11181184 total
[2023-11-16T04:14:38.455+0000][6][gc,phases   ] GC(13)   Pre Evacuate Collection Set: 0.2ms
[2023-11-16T04:14:38.455+0000][6][gc,phases   ] GC(13)   Merge Heap Roots: 0.2ms
[2023-11-16T04:14:38.455+0000][6][gc,phases   ] GC(13)   Evacuate Collection Set: 18.9ms
[2023-11-16T04:14:38.455+0000][6][gc,phases   ] GC(13)   Post Evacuate Collection Set: 3.6ms
[2023-11-16T04:14:38.455+0000][6][gc,phases   ] GC(13)   Other: 0.3ms
[2023-11-16T04:14:38.455+0000][6][gc,heap     ] GC(13) Eden regions: 52->0(72)
[2023-11-16T04:14:38.455+0000][6][gc,heap     ] GC(13) Survivor regions: 3->4(10)
[2023-11-16T04:14:38.455+0000][6][gc,heap     ] GC(13) Old regions: 11->11
[2023-11-16T04:14:38.455+0000][6][gc,heap     ] GC(13) Archive regions: 2->2
[2023-11-16T04:14:38.455+0000][6][gc,heap     ] GC(13) Humongous regions: 0->0
[2023-11-16T04:14:38.455+0000][6][gc,metaspace] GC(13) Metaspace: 59248K(60480K)->59248K(60480K) NonClass: 51195K(51904K)->51195K(51904K) Class: 8052K(8576K)->8052K(8576K)
[2023-11-16T04:14:38.455+0000][6][gc          ] GC(13) Pause Young (Concurrent Start) (Metadata GC Threshold) 263M->59M(512M) 23.220ms
[2023-11-16T04:14:38.455+0000][6][gc,cpu      ] GC(13) User=0.06s Sys=0.00s Real=0.02s
[2023-11-16T04:14:38.455+0000][6][safepoint   ] Safepoint "CollectForMetadataAllocation", Time since last: 521949714 ns, Reaching safepoint: 145157 ns, At safepoint: 23389808 ns, Total: 23534965 ns
[2023-11-16T04:14:38.455+0000][6][gc          ] GC(14) Concurrent Mark Cycle
[2023-11-16T04:14:38.455+0000][6][gc,marking  ] GC(14) Concurrent Clear Claimed Marks
[2023-11-16T04:14:38.455+0000][6][gc,marking  ] GC(14) Concurrent Clear Claimed Marks 0.095ms
[2023-11-16T04:14:38.455+0000][6][gc,marking  ] GC(14) Concurrent Scan Root Regions
[2023-11-16T04:14:38.470+0000][6][gc,marking  ] GC(14) Concurrent Scan Root Regions 14.672ms
[2023-11-16T04:14:38.470+0000][6][gc,marking  ] GC(14) Concurrent Mark
[2023-11-16T04:14:38.470+0000][6][gc,marking  ] GC(14) Concurrent Mark From Roots
[2023-11-16T04:14:38.470+0000][6][gc,task     ] GC(14) Using 2 workers of 2 for marking
[2023-11-16T04:14:38.574+0000][6][gc,marking  ] GC(14) Concurrent Mark From Roots 103.891ms
[2023-11-16T04:14:38.574+0000][6][gc,marking  ] GC(14) Concurrent Preclean
[2023-11-16T04:14:38.575+0000][6][gc,marking  ] GC(14) Concurrent Preclean 1.095ms
[2023-11-16T04:14:38.575+0000][6][gc,start    ] GC(14) Pause Remark
[2023-11-16T04:14:38.589+0000][6][gc          ] GC(14) Pause Remark 63M->63M(512M) 14.022ms
[2023-11-16T04:14:38.589+0000][6][gc,cpu      ] GC(14) User=0.03s Sys=0.00s Real=0.02s
[2023-11-16T04:14:38.589+0000][6][safepoint   ] Safepoint "G1Concurrent", Time since last: 120044371 ns, Reaching safepoint: 183775 ns, At safepoint: 14154579 ns, Total: 14338354 ns
[2023-11-16T04:14:38.598+0000][6][gc,marking  ] GC(14) Concurrent Mark 128.531ms
[2023-11-16T04:14:38.599+0000][6][gc,marking  ] GC(14) Concurrent Rebuild Remembered Sets
[2023-11-16T04:14:38.599+0000][6][gc,marking  ] GC(14) Concurrent Rebuild Remembered Sets 0.009ms
[2023-11-16T04:14:38.605+0000][6][gc,start    ] GC(14) Pause Cleanup
[2023-11-16T04:14:38.605+0000][6][gc          ] GC(14) Pause Cleanup 63M->63M(512M) 0.060ms
[2023-11-16T04:14:38.605+0000][6][gc,cpu      ] GC(14) User=0.00s Sys=0.00s Real=0.00s
[2023-11-16T04:14:38.605+0000][6][safepoint   ] Safepoint "G1Concurrent", Time since last: 9124834 ns, Reaching safepoint: 6076462 ns, At safepoint: 107396 ns, Total: 6183858 ns
[2023-11-16T04:14:38.605+0000][6][gc,marking  ] GC(14) Concurrent Cleanup for Next Mark
[2023-11-16T04:14:38.606+0000][6][gc,marking  ] GC(14) Concurrent Cleanup for Next Mark 1.206ms
[2023-11-16T04:14:38.606+0000][6][gc          ] GC(14) Concurrent Mark Cycle 151.015ms
[2023-11-16T04:14:39.720+0000][6][safepoint   ] Safepoint "Cleanup", Time since last: 1114388610 ns, Reaching safepoint: 1040102 ns, At safepoint: 7557 ns, Total: 1047659 ns
[2023-11-16T04:14:40.721+0000][6][safepoint   ] Safepoint "Cleanup", Time since last: 1000126492 ns, Reaching safepoint: 645791 ns, At safepoint: 8000 ns, Total: 653791 ns
[2023-11-16T04:14:42.474+0000][6][safepoint   ] Safepoint "Cleanup", Time since last: 1752911799 ns, Reaching safepoint: 285579 ns, At safepoint: 3063 ns, Total: 288642 ns
[2023-11-16T04:14:44.125+0000][6][safepoint   ] Safepoint "ICBufferFull", Time since last: 1650294240 ns, Reaching safepoint: 190975 ns, At safepoint: 4676 ns, Total: 195651 ns
[2023-11-16T04:14:45.188+0000][6][safepoint   ] Safepoint "Cleanup", Time since last: 1063186420 ns, Reaching safepoint: 328297 ns, At safepoint: 7866 ns, Total: 336163 ns
[2023-11-16T04:14:45.761+0000][6][safepoint   ] Safepoint "ICBufferFull", Time since last: 572991741 ns, Reaching safepoint: 206660 ns, At safepoint: 5520 ns, Total: 212180 ns
[2023-11-16T04:14:46.713+0000][6][safepoint   ] Safepoint "ICBufferFull", Time since last: 950857404 ns, Reaching safepoint: 313921 ns, At safepoint: 5315 ns, Total: 319236 ns
[2023-11-16T04:14:47.457+0000][6][gc,start    ] GC(15) Pause Young (Normal) (G1 Evacuation Pause)
[2023-11-16T04:14:47.457+0000][6][gc,task     ] GC(15) Using 8 workers of 8 for evacuation
[2023-11-16T04:14:47.457+0000][6][gc,age      ] GC(15) Desired survivor size 20971520 bytes, new threshold 15 (max threshold 15)
[2023-11-16T04:14:47.517+0000][6][gc,age      ] GC(15) Age table with threshold 15 (max threshold 15)
[2023-11-16T04:14:47.517+0000][6][gc,age      ] GC(15) - age   1:   13639720 bytes,   13639720 total
[2023-11-16T04:14:47.517+0000][6][gc,age      ] GC(15) - age   2:    5214672 bytes,   18854392 total
[2023-11-16T04:14:47.517+0000][6][gc,age      ] GC(15) - age   3:    5672984 bytes,   24527376 total
[2023-11-16T04:14:47.517+0000][6][gc,phases   ] GC(15)   Pre Evacuate Collection Set: 0.1ms
[2023-11-16T04:14:47.517+0000][6][gc,phases   ] GC(15)   Merge Heap Roots: 0.2ms
[2023-11-16T04:14:47.517+0000][6][gc,phases   ] GC(15)   Evacuate Collection Set: 52.5ms
[2023-11-16T04:14:47.517+0000][6][gc,phases   ] GC(15)   Post Evacuate Collection Set: 7.0ms
[2023-11-16T04:14:47.517+0000][6][gc,phases   ] GC(15)   Other: 0.2ms
[2023-11-16T04:14:47.517+0000][6][gc,heap     ] GC(15) Eden regions: 72->0(69)
[2023-11-16T04:14:47.517+0000][6][gc,heap     ] GC(15) Survivor regions: 4->7(10)
[2023-11-16T04:14:47.517+0000][6][gc,heap     ] GC(15) Old regions: 11->11
[2023-11-16T04:14:47.517+0000][6][gc,heap     ] GC(15) Archive regions: 2->2
[2023-11-16T04:14:47.517+0000][6][gc,heap     ] GC(15) Humongous regions: 0->0
[2023-11-16T04:14:47.517+0000][6][gc,metaspace] GC(15) Metaspace: 94048K(95552K)->94048K(95552K) NonClass: 80868K(81792K)->80868K(81792K) Class: 13179K(13760K)->13179K(13760K)
[2023-11-16T04:14:47.517+0000][6][gc          ] GC(15) Pause Young (Normal) (G1 Evacuation Pause) 347M->72M(512M) 60.211ms
[2023-11-16T04:14:47.517+0000][6][gc,cpu      ] GC(15) User=0.12s Sys=0.00s Real=0.06s
[2023-11-16T04:14:47.517+0000][6][safepoint   ] Safepoint "G1CollectForAllocation", Time since last: 744171707 ns, Reaching safepoint: 164496 ns, At safepoint: 60312371 ns, Total: 60476867 ns
[2023-11-16T04:14:48.798+0000][6][safepoint   ] Safepoint "ICBufferFull", Time since last: 1275421763 ns, Reaching safepoint: 5006991 ns, At safepoint: 29490 ns, Total: 5036481 ns
[2023-11-16T04:14:49.800+0000][6][safepoint   ] Safepoint "Cleanup", Time since last: 1001474169 ns, Reaching safepoint: 594336 ns, At safepoint: 17510 ns, Total: 611846 ns
[2023-11-16T04:14:49.956+0000][6][gc,start    ] GC(16) Pause Young (Concurrent Start) (Metadata GC Threshold)
[2023-11-16T04:14:49.956+0000][6][gc,task     ] GC(16) Using 8 workers of 8 for evacuation
[2023-11-16T04:14:49.957+0000][6][gc,age      ] GC(16) Desired survivor size 20971520 bytes, new threshold 3 (max threshold 15)
[2023-11-16T04:14:50.015+0000][6][gc,age      ] GC(16) Age table with threshold 3 (max threshold 15)
[2023-11-16T04:14:50.015+0000][6][gc,age      ] GC(16) - age   1:    7867816 bytes,    7867816 total
[2023-11-16T04:14:50.015+0000][6][gc,age      ] GC(16) - age   2:   13078032 bytes,   20945848 total
[2023-11-16T04:14:50.015+0000][6][gc,age      ] GC(16) - age   3:    5209648 bytes,   26155496 total
[2023-11-16T04:14:50.015+0000][6][gc,phases   ] GC(16)   Pre Evacuate Collection Set: 0.2ms
[2023-11-16T04:14:50.015+0000][6][gc,phases   ] GC(16)   Merge Heap Roots: 0.2ms
[2023-11-16T04:14:50.015+0000][6][gc,phases   ] GC(16)   Evacuate Collection Set: 54.3ms
[2023-11-16T04:14:50.015+0000][6][gc,phases   ] GC(16)   Post Evacuate Collection Set: 3.5ms
[2023-11-16T04:14:50.015+0000][6][gc,phases   ] GC(16)   Other: 0.3ms
[2023-11-16T04:14:50.015+0000][6][gc,heap     ] GC(16) Eden regions: 28->0(69)
[2023-11-16T04:14:50.015+0000][6][gc,heap     ] GC(16) Survivor regions: 7->7(10)
[2023-11-16T04:14:50.015+0000][6][gc,heap     ] GC(16) Old regions: 11->13
[2023-11-16T04:14:50.015+0000][6][gc,heap     ] GC(16) Archive regions: 2->2
[2023-11-16T04:14:50.015+0000][6][gc,heap     ] GC(16) Humongous regions: 5->5
[2023-11-16T04:14:50.015+0000][6][gc,metaspace] GC(16) Metaspace: 99881K(101376K)->99881K(101376K) NonClass: 85847K(86784K)->85847K(86784K) Class: 14033K(14592K)->14033K(14592K)
[2023-11-16T04:14:50.015+0000][6][gc          ] GC(16) Pause Young (Concurrent Start) (Metadata GC Threshold) 203M->100M(512M) 58.478ms
[2023-11-16T04:14:50.015+0000][6][gc,cpu      ] GC(16) User=0.12s Sys=0.00s Real=0.06s
[2023-11-16T04:14:50.015+0000][6][gc          ] GC(17) Concurrent Mark Cycle
[2023-11-16T04:14:50.016+0000][6][gc,marking  ] GC(17) Concurrent Clear Claimed Marks
[2023-11-16T04:14:50.016+0000][6][gc,marking  ] GC(17) Concurrent Clear Claimed Marks 0.083ms
[2023-11-16T04:14:50.016+0000][6][gc,marking  ] GC(17) Concurrent Scan Root Regions
[2023-11-16T04:14:50.025+0000][6][safepoint   ] Safepoint "CollectForMetadataAllocation", Time since last: 156596205 ns, Reaching safepoint: 53048 ns, At safepoint: 68351652 ns, Total: 68404700 ns
[2023-11-16T04:14:50.071+0000][6][gc,marking  ] GC(17) Concurrent Scan Root Regions 55.752ms
[2023-11-16T04:14:50.071+0000][6][gc,marking  ] GC(17) Concurrent Mark
[2023-11-16T04:14:50.071+0000][6][gc,marking  ] GC(17) Concurrent Mark From Roots
[2023-11-16T04:14:50.071+0000][6][gc,task     ] GC(17) Using 2 workers of 2 for marking
[2023-11-16T04:14:50.090+0000][6][safepoint   ] Safepoint "CollectForMetadataAllocation", Time since last: 61971553 ns, Reaching safepoint: 3144978 ns, At safepoint: 102594 ns, Total: 3247572 ns
[2023-11-16T04:14:50.196+0000][6][safepoint   ] Safepoint "CollectForMetadataAllocation", Time since last: 106117241 ns, Reaching safepoint: 109891 ns, At safepoint: 84656 ns, Total: 194547 ns
[2023-11-16T04:14:50.245+0000][6][gc,marking  ] GC(17) Concurrent Mark From Roots 173.540ms
[2023-11-16T04:14:50.245+0000][6][gc,marking  ] GC(17) Concurrent Preclean
[2023-11-16T04:14:50.246+0000][6][gc,marking  ] GC(17) Concurrent Preclean 0.514ms
[2023-11-16T04:14:50.251+0000][6][gc,start    ] GC(17) Pause Remark
[2023-11-16T04:14:50.264+0000][6][gc          ] GC(17) Pause Remark 111M->111M(512M) 12.738ms
[2023-11-16T04:14:50.264+0000][6][gc,cpu      ] GC(17) User=0.03s Sys=0.00s Real=0.01s
[2023-11-16T04:14:50.264+0000][6][safepoint   ] Safepoint "G1Concurrent", Time since last: 54559692 ns, Reaching safepoint: 525954 ns, At safepoint: 12837903 ns, Total: 13363857 ns
[2023-11-16T04:14:50.264+0000][6][gc,marking  ] GC(17) Concurrent Mark 192.813ms
[2023-11-16T04:14:50.264+0000][6][gc,marking  ] GC(17) Concurrent Rebuild Remembered Sets
[2023-11-16T04:14:50.342+0000][6][gc,marking  ] GC(17) Concurrent Rebuild Remembered Sets 78.219ms
[2023-11-16T04:14:50.352+0000][6][gc,start    ] GC(17) Pause Cleanup
[2023-11-16T04:14:50.352+0000][6][gc          ] GC(17) Pause Cleanup 115M->115M(512M) 0.149ms
[2023-11-16T04:14:50.352+0000][6][gc,cpu      ] GC(17) User=0.00s Sys=0.00s Real=0.00s
[2023-11-16T04:14:50.353+0000][6][safepoint   ] Safepoint "G1Concurrent", Time since last: 78498414 ns, Reaching safepoint: 9592535 ns, At safepoint: 231260 ns, Total: 9823795 ns
[2023-11-16T04:14:50.353+0000][6][gc,marking  ] GC(17) Concurrent Cleanup for Next Mark
[2023-11-16T04:14:50.354+0000][6][gc,marking  ] GC(17) Concurrent Cleanup for Next Mark 1.269ms
[2023-11-16T04:14:50.355+0000][6][gc          ] GC(17) Concurrent Mark Cycle 339.259ms
[2023-11-16T04:14:51.436+0000][6][safepoint   ] Safepoint "ICBufferFull", Time since last: 1076039788 ns, Reaching safepoint: 7260011 ns, At safepoint: 29617 ns, Total: 7289628 ns
[2023-11-16T04:14:51.439+0000][6][safepoint   ] Safepoint "ICBufferFull", Time since last: 742711 ns, Reaching safepoint: 2654041 ns, At safepoint: 33406 ns, Total: 2687447 ns
[2023-11-16T04:14:52.416+0000][6][safepoint   ] Safepoint "ICBufferFull", Time since last: 976414971 ns, Reaching safepoint: 199797 ns, At safepoint: 9029 ns, Total: 208826 ns
[2023-11-16T04:14:53.416+0000][6][safepoint   ] Safepoint "Cleanup", Time since last: 1000105738 ns, Reaching safepoint: 60099 ns, At safepoint: 6018 ns, Total: 66117 ns
[2023-11-16T04:14:54.623+0000][6][safepoint   ] Safepoint "Cleanup", Time since last: 1206683654 ns, Reaching safepoint: 79456 ns, At safepoint: 6054 ns, Total: 85510 ns
[2023-11-16T04:14:55.350+0000][6][gc,start    ] GC(18) Pause Young (Concurrent Start) (G1 Evacuation Pause)
[2023-11-16T04:14:55.350+0000][6][gc,task     ] GC(18) Using 8 workers of 8 for evacuation
[2023-11-16T04:14:55.350+0000][6][gc,age      ] GC(18) Desired survivor size 20971520 bytes, new threshold 3 (max threshold 15)
[2023-11-16T04:14:55.376+0000][6][gc,age      ] GC(18) Age table with threshold 3 (max threshold 15)
[2023-11-16T04:14:55.376+0000][6][gc,age      ] GC(18) - age   1:    8487576 bytes,    8487576 total
[2023-11-16T04:14:55.376+0000][6][gc,age      ] GC(18) - age   2:    7429680 bytes,   15917256 total
[2023-11-16T04:14:55.376+0000][6][gc,age      ] GC(18) - age   3:   12981944 bytes,   28899200 total
[2023-11-16T04:14:55.376+0000][6][gc,phases   ] GC(18)   Pre Evacuate Collection Set: 0.1ms
[2023-11-16T04:14:55.376+0000][6][gc,phases   ] GC(18)   Merge Heap Roots: 0.1ms
[2023-11-16T04:14:55.376+0000][6][gc,phases   ] GC(18)   Evacuate Collection Set: 24.8ms
[2023-11-16T04:14:55.376+0000][6][gc,phases   ] GC(18)   Post Evacuate Collection Set: 1.2ms
[2023-11-16T04:14:55.376+0000][6][gc,phases   ] GC(18)   Other: 0.2ms
[2023-11-16T04:14:55.376+0000][6][gc,heap     ] GC(18) Eden regions: 69->0(68)
[2023-11-16T04:14:55.376+0000][6][gc,heap     ] GC(18) Survivor regions: 7->8(10)
[2023-11-16T04:14:55.376+0000][6][gc,heap     ] GC(18) Old regions: 13->14
[2023-11-16T04:14:55.376+0000][6][gc,heap     ] GC(18) Archive regions: 2->2
[2023-11-16T04:14:55.376+0000][6][gc,heap     ] GC(18) Humongous regions: 5->5
[2023-11-16T04:14:55.376+0000][6][gc,metaspace] GC(18) Metaspace: 104740K(106304K)->104740K(106304K) NonClass: 90063K(91008K)->90063K(91008K) Class: 14677K(15296K)->14677K(15296K)
[2023-11-16T04:14:55.376+0000][6][gc          ] GC(18) Pause Young (Concurrent Start) (G1 Evacuation Pause) 376M->108M(512M) 26.622ms
[2023-11-16T04:14:55.376+0000][6][gc,cpu      ] GC(18) User=0.12s Sys=0.00s Real=0.02s
[2023-11-16T04:14:55.377+0000][6][gc          ] GC(19) Concurrent Mark Cycle
[2023-11-16T04:14:55.377+0000][6][gc,marking  ] GC(19) Concurrent Clear Claimed Marks
[2023-11-16T04:14:55.377+0000][6][gc,marking  ] GC(19) Concurrent Clear Claimed Marks 0.095ms
[2023-11-16T04:14:55.377+0000][6][gc,marking  ] GC(19) Concurrent Scan Root Regions
[2023-11-16T04:14:55.377+0000][6][safepoint   ] Safepoint "G1CollectForAllocation", Time since last: 726852610 ns, Reaching safepoint: 90369 ns, At safepoint: 26712276 ns, Total: 26802645 ns
[2023-11-16T04:14:55.400+0000][6][gc,marking  ] GC(19) Concurrent Scan Root Regions 23.664ms
[2023-11-16T04:14:55.400+0000][6][gc,marking  ] GC(19) Concurrent Mark
[2023-11-16T04:14:55.400+0000][6][gc,marking  ] GC(19) Concurrent Mark From Roots
[2023-11-16T04:14:55.400+0000][6][gc,task     ] GC(19) Using 2 workers of 2 for marking
[2023-11-16T04:14:55.485+0000][6][gc,marking  ] GC(19) Concurrent Mark From Roots 84.410ms
[2023-11-16T04:14:55.485+0000][6][gc,marking  ] GC(19) Concurrent Preclean
[2023-11-16T04:14:55.485+0000][6][gc,marking  ] GC(19) Concurrent Preclean 0.207ms
[2023-11-16T04:14:55.485+0000][6][gc,start    ] GC(19) Pause Remark
[2023-11-16T04:14:55.492+0000][6][gc          ] GC(19) Pause Remark 130M->130M(512M) 6.629ms
[2023-11-16T04:14:55.492+0000][6][gc,cpu      ] GC(19) User=0.02s Sys=0.00s Real=0.01s
[2023-11-16T04:14:55.492+0000][6][safepoint   ] Safepoint "G1Concurrent", Time since last: 108520564 ns, Reaching safepoint: 130981 ns, At safepoint: 6915814 ns, Total: 7046795 ns
[2023-11-16T04:14:55.492+0000][6][gc,marking  ] GC(19) Concurrent Mark 91.782ms
[2023-11-16T04:14:55.492+0000][6][gc,marking  ] GC(19) Concurrent Rebuild Remembered Sets
[2023-11-16T04:14:55.539+0000][6][gc,marking  ] GC(19) Concurrent Rebuild Remembered Sets 46.496ms
[2023-11-16T04:14:55.539+0000][6][gc,start    ] GC(19) Pause Cleanup
[2023-11-16T04:14:55.539+0000][6][gc          ] GC(19) Pause Cleanup 136M->136M(512M) 0.071ms
[2023-11-16T04:14:55.539+0000][6][gc,cpu      ] GC(19) User=0.00s Sys=0.00s Real=0.00s
[2023-11-16T04:14:55.539+0000][6][safepoint   ] Safepoint "G1Concurrent", Time since last: 46609418 ns, Reaching safepoint: 139071 ns, At safepoint: 112514 ns, Total: 251585 ns
[2023-11-16T04:14:55.539+0000][6][gc,marking  ] GC(19) Concurrent Cleanup for Next Mark
[2023-11-16T04:14:55.540+0000][6][gc,marking  ] GC(19) Concurrent Cleanup for Next Mark 0.820ms
[2023-11-16T04:14:55.540+0000][6][gc          ] GC(19) Concurrent Mark Cycle 163.336ms
[2023-11-16T04:14:55.894+0000][6][safepoint   ] Safepoint "ICBufferFull", Time since last: 354996616 ns, Reaching safepoint: 173840 ns, At safepoint: 7778 ns, Total: 181618 ns
[2023-11-16T04:14:56.531+0000][6][safepoint   ] Safepoint "ICBufferFull", Time since last: 637092023 ns, Reaching safepoint: 202051 ns, At safepoint: 14811 ns, Total: 216862 ns
[2023-11-16T04:14:57.532+0000][6][safepoint   ] Safepoint "Cleanup", Time since last: 1000103770 ns, Reaching safepoint: 45686 ns, At safepoint: 4033 ns, Total: 49719 ns
[2023-11-16T04:14:59.502+0000][6][safepoint   ] Safepoint "Cleanup", Time since last: 1970759772 ns, Reaching safepoint: 112109 ns, At safepoint: 4716 ns, Total: 116825 ns
[2023-11-16T04:15:00.273+0000][6][safepoint   ] Safepoint "ICBufferFull", Time since last: 769909540 ns, Reaching safepoint: 280124 ns, At safepoint: 26313 ns, Total: 306437 ns
[2023-11-16T04:15:00.653+0000][6][safepoint   ] Safepoint "ICBufferFull", Time since last: 380229370 ns, Reaching safepoint: 259446 ns, At safepoint: 5670 ns, Total: 265116 ns
[2023-11-16T04:15:01.920+0000][6][safepoint   ] Safepoint "Cleanup", Time since last: 1266846377 ns, Reaching safepoint: 124133 ns, At safepoint: 5789 ns, Total: 129922 ns
[2023-11-16T04:15:02.920+0000][6][safepoint   ] Safepoint "Cleanup", Time since last: 1000117233 ns, Reaching safepoint: 56642 ns, At safepoint: 3628 ns, Total: 60270 ns
[2023-11-16T04:15:03.319+0000][6][safepoint   ] Safepoint "ICBufferFull", Time since last: 398886722 ns, Reaching safepoint: 153205 ns, At safepoint: 3835 ns, Total: 157040 ns
[2023-11-16T04:15:04.320+0000][6][safepoint   ] Safepoint "Cleanup", Time since last: 1000096657 ns, Reaching safepoint: 60023 ns, At safepoint: 5943 ns, Total: 65966 ns
[2023-11-16T04:15:05.320+0000][6][safepoint   ] Safepoint "Cleanup", Time since last: 1000107961 ns, Reaching safepoint: 127018 ns, At safepoint: 4178 ns, Total: 131196 ns
[2023-11-16T04:15:06.054+0000][6][safepoint   ] Safepoint "ICBufferFull", Time since last: 733861178 ns, Reaching safepoint: 203657 ns, At safepoint: 12043 ns, Total: 215700 ns
[2023-11-16T04:15:06.414+0000][6][safepoint   ] Safepoint "ICBufferFull", Time since last: 359866740 ns, Reaching safepoint: 158930 ns, At safepoint: 7442 ns, Total: 166372 ns
[2023-11-16T04:15:06.929+0000][6][safepoint   ] Safepoint "ICBufferFull", Time since last: 515363579 ns, Reaching safepoint: 182432 ns, At safepoint: 6322 ns, Total: 188754 ns
[2023-11-16T04:15:07.758+0000][6][safepoint   ] Safepoint "ICBufferFull", Time since last: 828154782 ns, Reaching safepoint: 213924 ns, At safepoint: 7693 ns, Total: 221617 ns
[2023-11-16T04:15:07.942+0000][6][gc,start    ] GC(20) Pause Young (Normal) (G1 Evacuation Pause)
[2023-11-16T04:15:07.942+0000][6][gc,task     ] GC(20) Using 8 workers of 8 for evacuation
[2023-11-16T04:15:07.942+0000][6][gc,age      ] GC(20) Desired survivor size 20971520 bytes, new threshold 3 (max threshold 15)
[2023-11-16T04:15:07.994+0000][6][gc,age      ] GC(20) Age table with threshold 3 (max threshold 15)
[2023-11-16T04:15:07.994+0000][6][gc,age      ] GC(20) - age   1:    8351368 bytes,    8351368 total
[2023-11-16T04:15:07.994+0000][6][gc,age      ] GC(20) - age   2:    7351400 bytes,   15702768 total
[2023-11-16T04:15:07.994+0000][6][gc,age      ] GC(20) - age   3:    6553504 bytes,   22256272 total
[2023-11-16T04:15:07.994+0000][6][gc,phases   ] GC(20)   Pre Evacuate Collection Set: 0.1ms
[2023-11-16T04:15:07.995+0000][6][gc,phases   ] GC(20)   Merge Heap Roots: 0.2ms
[2023-11-16T04:15:07.995+0000][6][gc,phases   ] GC(20)   Evacuate Collection Set: 49.9ms
[2023-11-16T04:15:07.995+0000][6][gc,phases   ] GC(20)   Post Evacuate Collection Set: 2.1ms
[2023-11-16T04:15:07.995+0000][6][gc,phases   ] GC(20)   Other: 0.3ms
[2023-11-16T04:15:07.995+0000][6][gc,heap     ] GC(20) Eden regions: 68->0(70)
[2023-11-16T04:15:07.995+0000][6][gc,heap     ] GC(20) Survivor regions: 8->6(10)
[2023-11-16T04:15:07.995+0000][6][gc,heap     ] GC(20) Old regions: 14->17
[2023-11-16T04:15:07.995+0000][6][gc,heap     ] GC(20) Archive regions: 2->2
[2023-11-16T04:15:07.995+0000][6][gc,heap     ] GC(20) Humongous regions: 5->5
[2023-11-16T04:15:07.995+0000][6][gc,metaspace] GC(20) Metaspace: 110867K(112512K)->110867K(112512K) NonClass: 95532K(96512K)->95532K(96512K) Class: 15334K(16000K)->15334K(16000K)
[2023-11-16T04:15:07.995+0000][6][gc          ] GC(20) Pause Young (Normal) (G1 Evacuation Pause) 380M->115M(512M) 52.619ms
[2023-11-16T04:15:07.995+0000][6][gc,cpu      ] GC(20) User=0.15s Sys=0.03s Real=0.05s
[2023-11-16T04:15:07.995+0000][6][safepoint   ] Safepoint "G1CollectForAllocation", Time since last: 184096830 ns, Reaching safepoint: 75276 ns, At safepoint: 52718627 ns, Total: 52793903 ns
[2023-11-16T04:15:08.995+0000][6][safepoint   ] Safepoint "Cleanup", Time since last: 1000087628 ns, Reaching safepoint: 202771 ns, At safepoint: 19736 ns, Total: 222507 ns
[2023-11-16T04:15:09.083+0000][6][safepoint   ] Safepoint "ICBufferFull", Time since last: 87835629 ns, Reaching safepoint: 204852 ns, At safepoint: 23615 ns, Total: 228467 ns
[2023-11-16T04:15:09.874+0000][6][safepoint   ] Safepoint "ICBufferFull", Time since last: 790624570 ns, Reaching safepoint: 259492 ns, At safepoint: 11848 ns, Total: 271340 ns
[2023-11-16T04:15:10.328+0000][6][safepoint   ] Safepoint "ICBufferFull", Time since last: 453699584 ns, Reaching safepoint: 157190 ns, At safepoint: 4793 ns, Total: 161983 ns
[2023-11-16T04:15:11.048+0000][6][safepoint   ] Safepoint "ICBufferFull", Time since last: 720412240 ns, Reaching safepoint: 150214 ns, At safepoint: 7343 ns, Total: 157557 ns
[2023-11-16T04:15:11.127+0000][6][safepoint   ] Safepoint "ICBufferFull", Time since last: 78601531 ns, Reaching safepoint: 193978 ns, At safepoint: 14587 ns, Total: 208565 ns
[2023-11-16T04:15:12.127+0000][6][safepoint   ] Safepoint "Cleanup", Time since last: 1000113136 ns, Reaching safepoint: 103741 ns, At safepoint: 9496 ns, Total: 113237 ns
[2023-11-16T04:15:13.128+0000][6][safepoint   ] Safepoint "Cleanup", Time since last: 1000119044 ns, Reaching safepoint: 98339 ns, At safepoint: 9349 ns, Total: 107688 ns
[2023-11-16T04:15:14.034+0000][6][safepoint   ] Safepoint "ICBufferFull", Time since last: 905966041 ns, Reaching safepoint: 164475 ns, At safepoint: 6647 ns, Total: 171122 ns
[2023-11-16T04:15:14.167+0000][6][gc,start    ] GC(21) Pause Young (Normal) (G1 Evacuation Pause)
[2023-11-16T04:15:14.167+0000][6][gc,task     ] GC(21) Using 8 workers of 8 for evacuation
[2023-11-16T04:15:14.167+0000][6][gc,age      ] GC(21) Desired survivor size 20971520 bytes, new threshold 3 (max threshold 15)
[2023-11-16T04:15:14.183+0000][6][gc,age      ] GC(21) Age table with threshold 3 (max threshold 15)
[2023-11-16T04:15:14.183+0000][6][gc,age      ] GC(21) - age   1:    1446512 bytes,    1446512 total
[2023-11-16T04:15:14.183+0000][6][gc,age      ] GC(21) - age   2:    7390848 bytes,    8837360 total
[2023-11-16T04:15:14.183+0000][6][gc,age      ] GC(21) - age   3:    6722856 bytes,   15560216 total
[2023-11-16T04:15:14.183+0000][6][gc,phases   ] GC(21)   Pre Evacuate Collection Set: 0.1ms
[2023-11-16T04:15:14.183+0000][6][gc,phases   ] GC(21)   Merge Heap Roots: 0.1ms
[2023-11-16T04:15:14.183+0000][6][gc,phases   ] GC(21)   Evacuate Collection Set: 15.0ms
[2023-11-16T04:15:14.183+0000][6][gc,phases   ] GC(21)   Post Evacuate Collection Set: 0.9ms
[2023-11-16T04:15:14.183+0000][6][gc,phases   ] GC(21)   Other: 0.2ms
[2023-11-16T04:15:14.183+0000][6][gc,heap     ] GC(21) Eden regions: 70->0(70)
[2023-11-16T04:15:14.183+0000][6][gc,heap     ] GC(21) Survivor regions: 6->5(10)
[2023-11-16T04:15:14.183+0000][6][gc,heap     ] GC(21) Old regions: 17->19
[2023-11-16T04:15:14.183+0000][6][gc,heap     ] GC(21) Archive regions: 2->2
[2023-11-16T04:15:14.183+0000][6][gc,heap     ] GC(21) Humongous regions: 5->5
[2023-11-16T04:15:14.183+0000][6][gc,metaspace] GC(21) Metaspace: 112311K(113920K)->112311K(113920K) NonClass: 96955K(97920K)->96955K(97920K) Class: 15356K(16000K)->15356K(16000K)
[2023-11-16T04:15:14.183+0000][6][gc          ] GC(21) Pause Young (Normal) (G1 Evacuation Pause) 395M->115M(512M) 16.269ms
[2023-11-16T04:15:14.183+0000][6][gc,cpu      ] GC(21) User=0.07s Sys=0.00s Real=0.02s
[2023-11-16T04:15:14.183+0000][6][safepoint   ] Safepoint "G1CollectForAllocation", Time since last: 133105988 ns, Reaching safepoint: 67446 ns, At safepoint: 16342124 ns, Total: 16409570 ns
[2023-11-16T04:15:15.096+0000][6][safepoint   ] Safepoint "ICBufferFull", Time since last: 912571279 ns, Reaching safepoint: 152402 ns, At safepoint: 9808 ns, Total: 162210 ns
[2023-11-16T04:15:15.459+0000][6][safepoint   ] Safepoint "ICBufferFull", Time since last: 362694842 ns, Reaching safepoint: 202867 ns, At safepoint: 11266 ns, Total: 214133 ns
[2023-11-16T04:15:16.459+0000][6][safepoint   ] Safepoint "Cleanup", Time since last: 1000105608 ns, Reaching safepoint: 107140 ns, At safepoint: 8322 ns, Total: 115462 ns
[2023-11-16T04:15:17.591+0000][6][safepoint   ] Safepoint "ICBufferFull", Time since last: 1131302681 ns, Reaching safepoint: 142235 ns, At safepoint: 8121 ns, Total: 150356 ns
[2023-11-16T04:15:18.517+0000][6][safepoint   ] Safepoint "ICBufferFull", Time since last: 926489288 ns, Reaching safepoint: 166261 ns, At safepoint: 7830 ns, Total: 174091 ns
[2023-11-16T04:15:19.518+0000][6][safepoint   ] Safepoint "Cleanup", Time since last: 1000086688 ns, Reaching safepoint: 127789 ns, At safepoint: 6555 ns, Total: 134344 ns
[2023-11-16T04:15:20.293+0000][6][gc,start    ] GC(22) Pause Young (Normal) (G1 Evacuation Pause)
[2023-11-16T04:15:20.293+0000][6][gc,task     ] GC(22) Using 8 workers of 8 for evacuation
[2023-11-16T04:15:20.293+0000][6][gc,age      ] GC(22) Desired survivor size 20971520 bytes, new threshold 15 (max threshold 15)
[2023-11-16T04:15:20.312+0000][6][gc,age      ] GC(22) Age table with threshold 15 (max threshold 15)
[2023-11-16T04:15:20.313+0000][6][gc,age      ] GC(22) - age   1:    1501576 bytes,    1501576 total
[2023-11-16T04:15:20.313+0000][6][gc,age      ] GC(22) - age   2:     552192 bytes,    2053768 total
[2023-11-16T04:15:20.313+0000][6][gc,age      ] GC(22) - age   3:    6806288 bytes,    8860056 total
[2023-11-16T04:15:20.313+0000][6][gc,age      ] GC(22) - age   4:    6719752 bytes,   15579808 total
[2023-11-16T04:15:20.313+0000][6][gc,phases   ] GC(22)   Pre Evacuate Collection Set: 0.1ms
[2023-11-16T04:15:20.313+0000][6][gc,phases   ] GC(22)   Merge Heap Roots: 0.1ms
[2023-11-16T04:15:20.313+0000][6][gc,phases   ] GC(22)   Evacuate Collection Set: 17.1ms
[2023-11-16T04:15:20.313+0000][6][gc,phases   ] GC(22)   Post Evacuate Collection Set: 2.3ms
[2023-11-16T04:15:20.313+0000][6][gc,phases   ] GC(22)   Other: 0.2ms
[2023-11-16T04:15:20.313+0000][6][gc,heap     ] GC(22) Eden regions: 70->0(71)
[2023-11-16T04:15:20.313+0000][6][gc,heap     ] GC(22) Survivor regions: 5->5(10)
[2023-11-16T04:15:20.313+0000][6][gc,heap     ] GC(22) Old regions: 19->19
[2023-11-16T04:15:20.313+0000][6][gc,heap     ] GC(22) Archive regions: 2->2
[2023-11-16T04:15:20.313+0000][6][gc,heap     ] GC(22) Humongous regions: 5->5
[2023-11-16T04:15:20.313+0000][6][gc,metaspace] GC(22) Metaspace: 112798K(114496K)->112798K(114496K) NonClass: 97411K(98432K)->97411K(98432K) Class: 15387K(16064K)->15387K(16064K)
[2023-11-16T04:15:20.313+0000][6][gc          ] GC(22) Pause Young (Normal) (G1 Evacuation Pause) 395M->115M(512M) 19.812ms
[2023-11-16T04:15:20.313+0000][6][gc,cpu      ] GC(22) User=0.05s Sys=0.00s Real=0.02s
[2023-11-16T04:15:20.313+0000][6][safepoint   ] Safepoint "G1CollectForAllocation", Time since last: 775197262 ns, Reaching safepoint: 118494 ns, At safepoint: 19911511 ns, Total: 20030005 ns
[2023-11-16T04:15:21.313+0000][6][safepoint   ] Safepoint "Cleanup", Time since last: 1000085090 ns, Reaching safepoint: 120913 ns, At safepoint: 15091 ns, Total: 136004 ns
[2023-11-16T04:15:22.313+0000][6][safepoint   ] Safepoint "Cleanup", Time since last: 1000144897 ns, Reaching safepoint: 143882 ns, At safepoint: 5841 ns, Total: 149723 ns
[2023-11-16T04:15:23.609+0000][6][safepoint   ] Safepoint "ICBufferFull", Time since last: 1295113918 ns, Reaching safepoint: 154899 ns, At safepoint: 9615 ns, Total: 164514 ns
[2023-11-16T04:15:24.609+0000][6][safepoint   ] Safepoint "Cleanup", Time since last: 1000123281 ns, Reaching safepoint: 70940 ns, At safepoint: 3745 ns, Total: 74685 ns
[2023-11-16T04:15:25.609+0000][6][safepoint   ] Safepoint "Cleanup", Time since last: 1000092853 ns, Reaching safepoint: 75611 ns, At safepoint: 6297 ns, Total: 81908 ns
[2023-11-16T04:15:26.609+0000][6][safepoint   ] Safepoint "Cleanup", Time since last: 1000092733 ns, Reaching safepoint: 79206 ns, At safepoint: 3208 ns, Total: 82414 ns
[2023-11-16T04:15:27.609+0000][6][safepoint   ] Safepoint "Cleanup", Time since last: 1000121197 ns, Reaching safepoint: 115103 ns, At safepoint: 5993 ns, Total: 121096 ns
[2023-11-16T04:15:28.610+0000][6][safepoint   ] Safepoint "Cleanup", Time since last: 1000120228 ns, Reaching safepoint: 102102 ns, At safepoint: 7071 ns, Total: 109173 ns
[2023-11-16T04:15:29.610+0000][6][safepoint   ] Safepoint "Cleanup", Time since last: 1000097227 ns, Reaching safepoint: 72303 ns, At safepoint: 4181 ns, Total: 76484 ns
[2023-11-16T04:15:30.610+0000][6][safepoint   ] Safepoint "Cleanup", Time since last: 1000137943 ns, Reaching safepoint: 80398 ns, At safepoint: 7891 ns, Total: 88289 ns
[2023-11-16T04:15:31.610+0000][6][safepoint   ] Safepoint "Cleanup", Time since last: 1000100816 ns, Reaching safepoint: 154993 ns, At safepoint: 10503 ns, Total: 165496 ns
[2023-11-16T04:15:32.610+0000][6][safepoint   ] Safepoint "Cleanup", Time since last: 1000120553 ns, Reaching safepoint: 100075 ns, At safepoint: 4243 ns, Total: 104318 ns
[2023-11-16T04:15:33.611+0000][6][safepoint   ] Safepoint "Cleanup", Time since last: 1000118347 ns, Reaching safepoint: 126139 ns, At safepoint: 6616 ns, Total: 132755 ns
[2023-11-16T04:15:34.611+0000][6][safepoint   ] Safepoint "Cleanup", Time since last: 1000097264 ns, Reaching safepoint: 57649 ns, At safepoint: 3384 ns, Total: 61033 ns
[2023-11-16T04:15:35.106+0000][6][safepoint   ] Safepoint "ICBufferFull", Time since last: 494588035 ns, Reaching safepoint: 139253 ns, At safepoint: 4417 ns, Total: 143670 ns
[2023-11-16T04:15:36.107+0000][6][safepoint   ] Safepoint "Cleanup", Time since last: 1001759414 ns, Reaching safepoint: 134094 ns, At safepoint: 12647 ns, Total: 146741 ns
[2023-11-16T04:15:37.108+0000][6][safepoint   ] Safepoint "Cleanup", Time since last: 1000131530 ns, Reaching safepoint: 85179 ns, At safepoint: 7151 ns, Total: 92330 ns
[2023-11-16T04:15:38.108+0000][6][safepoint   ] Safepoint "Cleanup", Time since last: 1000126346 ns, Reaching safepoint: 70171 ns, At safepoint: 5514 ns, Total: 75685 ns
[2023-11-16T04:15:38.406+0000][6][gc,start    ] GC(23) Pause Young (Normal) (G1 Evacuation Pause)
[2023-11-16T04:15:38.406+0000][6][gc,task     ] GC(23) Using 8 workers of 8 for evacuation
[2023-11-16T04:15:38.406+0000][6][gc,age      ] GC(23) Desired survivor size 20971520 bytes, new threshold 15 (max threshold 15)
[2023-11-16T04:15:38.417+0000][6][gc,age      ] GC(23) Age table with threshold 15 (max threshold 15)
[2023-11-16T04:15:38.417+0000][6][gc,age      ] GC(23) - age   1:    2271400 bytes,    2271400 total
[2023-11-16T04:15:38.417+0000][6][gc,age      ] GC(23) - age   2:     357024 bytes,    2628424 total
[2023-11-16T04:15:38.417+0000][6][gc,age      ] GC(23) - age   3:     255320 bytes,    2883744 total
[2023-11-16T04:15:38.417+0000][6][gc,age      ] GC(23) - age   4:    6804480 bytes,    9688224 total
[2023-11-16T04:15:38.417+0000][6][gc,age      ] GC(23) - age   5:    6573000 bytes,   16261224 total
[2023-11-16T04:15:38.417+0000][6][gc,phases   ] GC(23)   Pre Evacuate Collection Set: 0.1ms
[2023-11-16T04:15:38.417+0000][6][gc,phases   ] GC(23)   Merge Heap Roots: 0.1ms
[2023-11-16T04:15:38.417+0000][6][gc,phases   ] GC(23)   Evacuate Collection Set: 9.9ms
[2023-11-16T04:15:38.417+0000][6][gc,phases   ] GC(23)   Post Evacuate Collection Set: 0.8ms
[2023-11-16T04:15:38.417+0000][6][gc,phases   ] GC(23)   Other: 0.2ms
[2023-11-16T04:15:38.417+0000][6][gc,heap     ] GC(23) Eden regions: 71->0(71)
[2023-11-16T04:15:38.417+0000][6][gc,heap     ] GC(23) Survivor regions: 5->5(10)
[2023-11-16T04:15:38.417+0000][6][gc,heap     ] GC(23) Old regions: 19->19
[2023-11-16T04:15:38.417+0000][6][gc,heap     ] GC(23) Archive regions: 2->2
[2023-11-16T04:15:38.417+0000][6][gc,heap     ] GC(23) Humongous regions: 5->5
[2023-11-16T04:15:38.417+0000][6][gc,metaspace] GC(23) Metaspace: 113003K(114688K)->113003K(114688K) NonClass: 97613K(98624K)->97613K(98624K) Class: 15389K(16064K)->15389K(16064K)
[2023-11-16T04:15:38.417+0000][6][gc          ] GC(23) Pause Young (Normal) (G1 Evacuation Pause) 399M->115M(512M) 11.051ms
[2023-11-16T04:15:38.417+0000][6][gc,cpu      ] GC(23) User=0.05s Sys=0.00s Real=0.01s
[2023-11-16T04:15:38.417+0000][6][safepoint   ] Safepoint "G1CollectForAllocation", Time since last: 298238946 ns, Reaching safepoint: 45315 ns, At safepoint: 11141135 ns, Total: 11186450 ns
[2023-11-16T04:15:39.418+0000][6][safepoint   ] Safepoint "Cleanup", Time since last: 1000074182 ns, Reaching safepoint: 99793 ns, At safepoint: 3307 ns, Total: 103100 ns
[2023-11-16T04:15:40.418+0000][6][safepoint   ] Safepoint "Cleanup", Time since last: 1000093195 ns, Reaching safepoint: 107048 ns, At safepoint: 5937 ns, Total: 112985 ns
[2023-11-16T04:15:41.418+0000][6][safepoint   ] Safepoint "Cleanup", Time since last: 1000094894 ns, Reaching safepoint: 50399 ns, At safepoint: 3744 ns, Total: 54143 ns
[2023-11-16T04:15:42.418+0000][6][safepoint   ] Safepoint "Cleanup", Time since last: 1000092709 ns, Reaching safepoint: 46169 ns, At safepoint: 9431 ns, Total: 55600 ns
[2023-11-16T04:15:43.418+0000][6][safepoint   ] Safepoint "Cleanup", Time since last: 1000091412 ns, Reaching safepoint: 60462 ns, At safepoint: 5993 ns, Total: 66455 ns
[2023-11-16T04:15:44.418+0000][6][safepoint   ] Safepoint "Cleanup", Time since last: 1000106118 ns, Reaching safepoint: 77335 ns, At safepoint: 4321 ns, Total: 81656 ns
[2023-11-16T04:15:46.144+0000][6][safepoint   ] Safepoint "Cleanup", Time since last: 1725485449 ns, Reaching safepoint: 159456 ns, At safepoint: 8321 ns, Total: 167777 ns
[2023-11-16T04:15:47.145+0000][6][safepoint   ] Safepoint "Cleanup", Time since last: 1000347473 ns, Reaching safepoint: 189213 ns, At safepoint: 24285 ns, Total: 213498 ns
[2023-11-16T04:15:48.145+0000][6][safepoint   ] Safepoint "Cleanup", Time since last: 1000263628 ns, Reaching safepoint: 488348 ns, At safepoint: 57468 ns, Total: 545816 ns
[2023-11-16T04:15:49.146+0000][6][safepoint   ] Safepoint "Cleanup", Time since last: 1000220375 ns, Reaching safepoint: 60034 ns, At safepoint: 3123 ns, Total: 63157 ns
[2023-11-16T04:15:50.146+0000][6][safepoint   ] Safepoint "Cleanup", Time since last: 1000193012 ns, Reaching safepoint: 98551 ns, At safepoint: 3938 ns, Total: 102489 ns
[2023-11-16T04:15:51.146+0000][6][safepoint   ] Safepoint "Cleanup", Time since last: 1000125556 ns, Reaching safepoint: 116989 ns, At safepoint: 9861 ns, Total: 126850 ns
[2023-11-16T04:15:52.149+0000][6][safepoint   ] Safepoint "Cleanup", Time since last: 1002382175 ns, Reaching safepoint: 75361 ns, At safepoint: 5953 ns, Total: 81314 ns
[2023-11-16T04:15:53.149+0000][6][safepoint   ] Safepoint "Cleanup", Time since last: 1000101127 ns, Reaching safepoint: 125293 ns, At safepoint: 5355 ns, Total: 130648 ns
[2023-11-16T04:15:54.149+0000][6][safepoint   ] Safepoint "Cleanup", Time since last: 1000117138 ns, Reaching safepoint: 113186 ns, At safepoint: 7664 ns, Total: 120850 ns
[2023-11-16T04:15:55.149+0000][6][safepoint   ] Safepoint "Cleanup", Time since last: 1000158548 ns, Reaching safepoint: 74618 ns, At safepoint: 3546 ns, Total: 78164 ns
[2023-11-16T04:15:56.663+0000][6][gc,start    ] GC(24) Pause Young (Normal) (G1 Evacuation Pause)
[2023-11-16T04:15:56.663+0000][6][gc,task     ] GC(24) Using 8 workers of 8 for evacuation
[2023-11-16T04:15:56.663+0000][6][gc,age      ] GC(24) Desired survivor size 20971520 bytes, new threshold 15 (max threshold 15)
[2023-11-16T04:15:56.676+0000][6][gc,age      ] GC(24) Age table with threshold 15 (max threshold 15)
[2023-11-16T04:15:56.676+0000][6][gc,age      ] GC(24) - age   1:    1318368 bytes,    1318368 total
[2023-11-16T04:15:56.676+0000][6][gc,age      ] GC(24) - age   2:    1301160 bytes,    2619528 total
[2023-11-16T04:15:56.676+0000][6][gc,age      ] GC(24) - age   3:     252816 bytes,    2872344 total
[2023-11-16T04:15:56.676+0000][6][gc,age      ] GC(24) - age   4:     255040 bytes,    3127384 total
[2023-11-16T04:15:56.676+0000][6][gc,age      ] GC(24) - age   5:    6691912 bytes,    9819296 total
[2023-11-16T04:15:56.676+0000][6][gc,age      ] GC(24) - age   6:    6573000 bytes,   16392296 total
[2023-11-16T04:15:56.676+0000][6][gc,phases   ] GC(24)   Pre Evacuate Collection Set: 0.1ms
[2023-11-16T04:15:56.676+0000][6][gc,phases   ] GC(24)   Merge Heap Roots: 0.1ms
[2023-11-16T04:15:56.676+0000][6][gc,phases   ] GC(24)   Evacuate Collection Set: 11.8ms
[2023-11-16T04:15:56.676+0000][6][gc,phases   ] GC(24)   Post Evacuate Collection Set: 0.8ms
[2023-11-16T04:15:56.676+0000][6][gc,phases   ] GC(24)   Other: 0.2ms
[2023-11-16T04:15:56.676+0000][6][gc,heap     ] GC(24) Eden regions: 71->0(71)
[2023-11-16T04:15:56.676+0000][6][gc,heap     ] GC(24) Survivor regions: 5->5(10)
[2023-11-16T04:15:56.676+0000][6][gc,heap     ] GC(24) Old regions: 19->19
[2023-11-16T04:15:56.676+0000][6][gc,heap     ] GC(24) Archive regions: 2->2
[2023-11-16T04:15:56.676+0000][6][gc,heap     ] GC(24) Humongous regions: 5->5
[2023-11-16T04:15:56.676+0000][6][gc,metaspace] GC(24) Metaspace: 113129K(114752K)->113129K(114752K) NonClass: 97739K(98688K)->97739K(98688K) Class: 15389K(16064K)->15389K(16064K)
[2023-11-16T04:15:56.676+0000][6][gc          ] GC(24) Pause Young (Normal) (G1 Evacuation Pause) 399M->115M(512M) 13.073ms
[2023-11-16T04:15:56.676+0000][6][gc,cpu      ] GC(24) User=0.05s Sys=0.01s Real=0.01s
[2023-11-16T04:15:56.676+0000][6][safepoint   ] Safepoint "G1CollectForAllocation", Time since last: 1513900628 ns, Reaching safepoint: 33523 ns, At safepoint: 13149873 ns, Total: 13183396 ns
[2023-11-16T04:15:57.677+0000][6][safepoint   ] Safepoint "Cleanup", Time since last: 1000078686 ns, Reaching safepoint: 105131 ns, At safepoint: 7407 ns, Total: 112538 ns
[2023-11-16T04:15:58.677+0000][6][safepoint   ] Safepoint "Cleanup", Time since last: 1000100828 ns, Reaching safepoint: 41932 ns, At safepoint: 3750 ns, Total: 45682 ns
[2023-11-16T04:15:59.677+0000][6][safepoint   ] Safepoint "Cleanup", Time since last: 1000102829 ns, Reaching safepoint: 60698 ns, At safepoint: 10267 ns, Total: 70965 ns
[2023-11-16T04:16:00.677+0000][6][safepoint   ] Safepoint "Cleanup", Time since last: 1000155560 ns, Reaching safepoint: 149889 ns, At safepoint: 8068 ns, Total: 157957 ns
[2023-11-16T04:16:01.677+0000][6][safepoint   ] Safepoint "Cleanup", Time since last: 1000098009 ns, Reaching safepoint: 43203 ns, At safepoint: 3155 ns, Total: 46358 ns
[2023-11-16T04:16:02.678+0000][6][safepoint   ] Safepoint "Cleanup", Time since last: 1000097891 ns, Reaching safepoint: 67743 ns, At safepoint: 9755 ns, Total: 77498 ns
[2023-11-16T04:16:03.780+0000][6][safepoint   ] Safepoint "Cleanup", Time since last: 1102634059 ns, Reaching safepoint: 169917 ns, At safepoint: 8047 ns, Total: 177964 ns
[2023-11-16T04:16:04.781+0000][6][safepoint   ] Safepoint "Cleanup", Time since last: 1000125830 ns, Reaching safepoint: 66692 ns, At safepoint: 6320 ns, Total: 73012 ns
[2023-11-16T04:16:05.781+0000][6][safepoint   ] Safepoint "Cleanup", Time since last: 1000132477 ns, Reaching safepoint: 52039 ns, At safepoint: 4162 ns, Total: 56201 ns
[2023-11-16T04:16:06.915+0000][6][safepoint   ] Safepoint "Cleanup", Time since last: 1134524851 ns, Reaching safepoint: 112811 ns, At safepoint: 6712 ns, Total: 119523 ns
[2023-11-16T04:16:07.916+0000][6][safepoint   ] Safepoint "Cleanup", Time since last: 1000098574 ns, Reaching safepoint: 58682 ns, At safepoint: 8650 ns, Total: 67332 ns
[2023-11-16T04:16:08.916+0000][6][safepoint   ] Safepoint "Cleanup", Time since last: 1000101141 ns, Reaching safepoint: 92270 ns, At safepoint: 9645 ns, Total: 101915 ns
[2023-11-16T04:16:09.916+0000][6][safepoint   ] Safepoint "Cleanup", Time since last: 1000099078 ns, Reaching safepoint: 72871 ns, At safepoint: 6416 ns, Total: 79287 ns
[2023-11-16T04:16:10.916+0000][6][safepoint   ] Safepoint "Cleanup", Time since last: 1000139930 ns, Reaching safepoint: 44957 ns, At safepoint: 4555 ns, Total: 49512 ns
[2023-11-16T04:16:11.916+0000][6][safepoint   ] Safepoint "Cleanup", Time since last: 1000089701 ns, Reaching safepoint: 34320 ns, At safepoint: 4822 ns, Total: 39142 ns
[2023-11-16T04:16:12.773+0000][6][gc,start    ] GC(25) Pause Young (Normal) (G1 Evacuation Pause)
[2023-11-16T04:16:12.773+0000][6][gc,task     ] GC(25) Using 8 workers of 8 for evacuation
[2023-11-16T04:16:12.773+0000][6][gc,age      ] GC(25) Desired survivor size 20971520 bytes, new threshold 15 (max threshold 15)
[2023-11-16T04:16:12.789+0000][6][gc,age      ] GC(25) Age table with threshold 15 (max threshold 15)
[2023-11-16T04:16:12.789+0000][6][gc,age      ] GC(25) - age   1:    1446552 bytes,    1446552 total
[2023-11-16T04:16:12.789+0000][6][gc,age      ] GC(25) - age   2:     575120 bytes,    2021672 total
[2023-11-16T04:16:12.789+0000][6][gc,age      ] GC(25) - age   3:    1255216 bytes,    3276888 total
[2023-11-16T04:16:12.789+0000][6][gc,age      ] GC(25) - age   4:     133928 bytes,    3410816 total
[2023-11-16T04:16:12.789+0000][6][gc,age      ] GC(25) - age   5:     254992 bytes,    3665808 total
[2023-11-16T04:16:12.789+0000][6][gc,age      ] GC(25) - age   6:    6664000 bytes,   10329808 total
[2023-11-16T04:16:12.789+0000][6][gc,age      ] GC(25) - age   7:    6564464 bytes,   16894272 total
[2023-11-16T04:16:12.789+0000][6][gc,phases   ] GC(25)   Pre Evacuate Collection Set: 0.1ms
[2023-11-16T04:16:12.789+0000][6][gc,phases   ] GC(25)   Merge Heap Roots: 0.1ms
[2023-11-16T04:16:12.789+0000][6][gc,phases   ] GC(25)   Evacuate Collection Set: 14.3ms
[2023-11-16T04:16:12.789+0000][6][gc,phases   ] GC(25)   Post Evacuate Collection Set: 1.3ms
[2023-11-16T04:16:12.789+0000][6][gc,phases   ] GC(25)   Other: 0.2ms
[2023-11-16T04:16:12.789+0000][6][gc,heap     ] GC(25) Eden regions: 71->0(71)
[2023-11-16T04:16:12.789+0000][6][gc,heap     ] GC(25) Survivor regions: 5->5(10)
[2023-11-16T04:16:12.789+0000][6][gc,heap     ] GC(25) Old regions: 19->19
[2023-11-16T04:16:12.789+0000][6][gc,heap     ] GC(25) Archive regions: 2->2
[2023-11-16T04:16:12.789+0000][6][gc,heap     ] GC(25) Humongous regions: 5->5
[2023-11-16T04:16:12.789+0000][6][gc,metaspace] GC(25) Metaspace: 113380K(115072K)->113380K(115072K) NonClass: 97984K(99008K)->97984K(99008K) Class: 15395K(16064K)->15395K(16064K)
[2023-11-16T04:16:12.789+0000][6][gc          ] GC(25) Pause Young (Normal) (G1 Evacuation Pause) 399M->116M(512M) 15.945ms
[2023-11-16T04:16:12.789+0000][6][gc,cpu      ] GC(25) User=0.05s Sys=0.00s Real=0.01s
[2023-11-16T04:16:12.789+0000][6][safepoint   ] Safepoint "G1CollectForAllocation", Time since last: 856502078 ns, Reaching safepoint: 84996 ns, At safepoint: 16024314 ns, Total: 16109310 ns
[2023-11-16T04:16:13.789+0000][6][safepoint   ] Safepoint "Cleanup", Time since last: 1000091411 ns, Reaching safepoint: 43698 ns, At safepoint: 8162 ns, Total: 51860 ns
[2023-11-16T04:16:14.789+0000][6][safepoint   ] Safepoint "Cleanup", Time since last: 1000103612 ns, Reaching safepoint: 45168 ns, At safepoint: 2908 ns, Total: 48076 ns
[2023-11-16T04:16:15.789+0000][6][safepoint   ] Safepoint "Cleanup", Time since last: 1000097083 ns, Reaching safepoint: 112893 ns, At safepoint: 6403 ns, Total: 119296 ns
[2023-11-16T04:16:16.790+0000][6][safepoint   ] Safepoint "Cleanup", Time since last: 1000103361 ns, Reaching safepoint: 39469 ns, At safepoint: 9044 ns, Total: 48513 ns
[2023-11-16T04:16:17.790+0000][6][safepoint   ] Safepoint "Cleanup", Time since last: 1000094690 ns, Reaching safepoint: 121913 ns, At safepoint: 6617 ns, Total: 128530 ns
[2023-11-16T04:16:18.790+0000][6][safepoint   ] Safepoint "Cleanup", Time since last: 1000112689 ns, Reaching safepoint: 51961 ns, At safepoint: 7856 ns, Total: 59817 ns
[2023-11-16T04:16:19.790+0000][6][safepoint   ] Safepoint "Cleanup", Time since last: 1000119656 ns, Reaching safepoint: 156176 ns, At safepoint: 11151 ns, Total: 167327 ns
[2023-11-16T04:16:20.790+0000][6][safepoint   ] Safepoint "Cleanup", Time since last: 1000109406 ns, Reaching safepoint: 66238 ns, At safepoint: 10117 ns, Total: 76355 ns
[2023-11-16T04:16:21.791+0000][6][safepoint   ] Safepoint "Cleanup", Time since last: 1000174663 ns, Reaching safepoint: 76612 ns, At safepoint: 9661 ns, Total: 86273 ns
[2023-11-16T04:16:22.791+0000][6][safepoint   ] Safepoint "Cleanup", Time since last: 1000239964 ns, Reaching safepoint: 46841 ns, At safepoint: 5301 ns, Total: 52142 ns
[2023-11-16T04:16:24.791+0000][6][safepoint   ] Safepoint "Cleanup", Time since last: 2000192750 ns, Reaching safepoint: 31983 ns, At safepoint: 3681 ns, Total: 35664 ns
[2023-11-16T04:16:25.791+0000][6][safepoint   ] Safepoint "Cleanup", Time since last: 1000100176 ns, Reaching safepoint: 37176 ns, At safepoint: 3635 ns, Total: 40811 ns
[2023-11-16T04:16:26.792+0000][6][safepoint   ] Safepoint "Cleanup", Time since last: 1000099535 ns, Reaching safepoint: 41739 ns, At safepoint: 3382 ns, Total: 45121 ns
[2023-11-16T04:16:28.083+0000][6][safepoint   ] Safepoint "Cleanup", Time since last: 1291494653 ns, Reaching safepoint: 143617 ns, At safepoint: 6904 ns, Total: 150521 ns
[2023-11-16T04:16:29.083+0000][6][safepoint   ] Safepoint "Cleanup", Time since last: 1000093394 ns, Reaching safepoint: 100946 ns, At safepoint: 3902 ns, Total: 104848 ns
[2023-11-16T04:16:29.649+0000][6][gc,start    ] GC(26) Pause Young (Normal) (G1 Evacuation Pause)
[2023-11-16T04:16:29.649+0000][6][gc,task     ] GC(26) Using 8 workers of 8 for evacuation
[2023-11-16T04:16:29.649+0000][6][gc,age      ] GC(26) Desired survivor size 20971520 bytes, new threshold 15 (max threshold 15)
[2023-11-16T04:16:29.659+0000][6][gc,age      ] GC(26) Age table with threshold 15 (max threshold 15)
[2023-11-16T04:16:29.659+0000][6][gc,age      ] GC(26) - age   1:     918552 bytes,     918552 total
[2023-11-16T04:16:29.659+0000][6][gc,age      ] GC(26) - age   2:     630784 bytes,    1549336 total
[2023-11-16T04:16:29.659+0000][6][gc,age      ] GC(26) - age   3:     511352 bytes,    2060688 total
[2023-11-16T04:16:29.659+0000][6][gc,age      ] GC(26) - age   4:    1239640 bytes,    3300328 total
[2023-11-16T04:16:29.659+0000][6][gc,age      ] GC(26) - age   5:     133144 bytes,    3433472 total
[2023-11-16T04:16:29.659+0000][6][gc,age      ] GC(26) - age   6:     254992 bytes,    3688464 total
[2023-11-16T04:16:29.659+0000][6][gc,age      ] GC(26) - age   7:    6663472 bytes,   10351936 total
[2023-11-16T04:16:29.659+0000][6][gc,age      ] GC(26) - age   8:    6564368 bytes,   16916304 total
[2023-11-16T04:16:29.659+0000][6][gc,phases   ] GC(26)   Pre Evacuate Collection Set: 0.1ms
[2023-11-16T04:16:29.659+0000][6][gc,phases   ] GC(26)   Merge Heap Roots: 0.0ms
[2023-11-16T04:16:29.659+0000][6][gc,phases   ] GC(26)   Evacuate Collection Set: 9.0ms
[2023-11-16T04:16:29.659+0000][6][gc,phases   ] GC(26)   Post Evacuate Collection Set: 0.8ms
[2023-11-16T04:16:29.659+0000][6][gc,phases   ] GC(26)   Other: 0.3ms
[2023-11-16T04:16:29.659+0000][6][gc,heap     ] GC(26) Eden regions: 71->0(71)
[2023-11-16T04:16:29.659+0000][6][gc,heap     ] GC(26) Survivor regions: 5->5(10)
[2023-11-16T04:16:29.659+0000][6][gc,heap     ] GC(26) Old regions: 19->19
[2023-11-16T04:16:29.659+0000][6][gc,heap     ] GC(26) Archive regions: 2->2
[2023-11-16T04:16:29.659+0000][6][gc,heap     ] GC(26) Humongous regions: 5->5
[2023-11-16T04:16:29.659+0000][6][gc,metaspace] GC(26) Metaspace: 113492K(115136K)->113492K(115136K) NonClass: 98095K(99072K)->98095K(99072K) Class: 15397K(16064K)->15397K(16064K)
[2023-11-16T04:16:29.659+0000][6][gc          ] GC(26) Pause Young (Normal) (G1 Evacuation Pause) 400M->115M(512M) 10.309ms
[2023-11-16T04:16:29.659+0000][6][gc,cpu      ] GC(26) User=0.04s Sys=0.00s Real=0.01s
[2023-11-16T04:16:29.659+0000][6][safepoint   ] Safepoint "G1CollectForAllocation", Time since last: 565086082 ns, Reaching safepoint: 44514 ns, At safepoint: 10398768 ns, Total: 10443282 ns
[2023-11-16T04:16:30.659+0000][6][safepoint   ] Safepoint "Cleanup", Time since last: 1000078467 ns, Reaching safepoint: 48134 ns, At safepoint: 8932 ns, Total: 57066 ns
[2023-11-16T04:16:31.659+0000][6][safepoint   ] Safepoint "Cleanup", Time since last: 1000088788 ns, Reaching safepoint: 88363 ns, At safepoint: 3312 ns, Total: 91675 ns
[2023-11-16T04:16:32.659+0000][6][safepoint   ] Safepoint "Cleanup", Time since last: 1000104950 ns, Reaching safepoint: 41292 ns, At safepoint: 3679 ns, Total: 44971 ns
[2023-11-16T04:16:33.660+0000][6][safepoint   ] Safepoint "Cleanup", Time since last: 1000101330 ns, Reaching safepoint: 50694 ns, At safepoint: 5686 ns, Total: 56380 ns
[2023-11-16T04:16:34.660+0000][6][safepoint   ] Safepoint "Cleanup", Time since last: 1000104861 ns, Reaching safepoint: 44660 ns, At safepoint: 8450 ns, Total: 53110 ns
[2023-11-16T04:16:35.660+0000][6][safepoint   ] Safepoint "Cleanup", Time since last: 1000088874 ns, Reaching safepoint: 48367 ns, At safepoint: 8532 ns, Total: 56899 ns
[2023-11-16T04:16:36.660+0000][6][safepoint   ] Safepoint "Cleanup", Time since last: 1000087710 ns, Reaching safepoint: 32942 ns, At safepoint: 3392 ns, Total: 36334 ns
[2023-11-16T04:16:37.660+0000][6][safepoint   ] Safepoint "Cleanup", Time since last: 1000126439 ns, Reaching safepoint: 131010 ns, At safepoint: 12057 ns, Total: 143067 ns
[2023-11-16T04:16:38.661+0000][6][safepoint   ] Safepoint "Cleanup", Time since last: 1000154393 ns, Reaching safepoint: 108594 ns, At safepoint: 5381 ns, Total: 113975 ns
[2023-11-16T04:16:39.661+0000][6][safepoint   ] Safepoint "Cleanup", Time since last: 1000137464 ns, Reaching safepoint: 87899 ns, At safepoint: 4442 ns, Total: 92341 ns
[2023-11-16T04:16:40.661+0000][6][safepoint   ] Safepoint "Cleanup", Time since last: 1000109919 ns, Reaching safepoint: 58147 ns, At safepoint: 10695 ns, Total: 68842 ns
[2023-11-16T04:16:41.661+0000][6][safepoint   ] Safepoint "Cleanup", Time since last: 1000100330 ns, Reaching safepoint: 201571 ns, At safepoint: 10331 ns, Total: 211902 ns
[2023-11-16T04:16:42.662+0000][6][safepoint   ] Safepoint "Cleanup", Time since last: 1000136143 ns, Reaching safepoint: 159324 ns, At safepoint: 8491 ns, Total: 167815 ns
[2023-11-16T04:16:43.662+0000][6][safepoint   ] Safepoint "Cleanup", Time since last: 1000108523 ns, Reaching safepoint: 110663 ns, At safepoint: 8417 ns, Total: 119080 ns
[2023-11-16T04:16:44.665+0000][6][safepoint   ] Safepoint "Cleanup", Time since last: 1002909586 ns, Reaching safepoint: 93344 ns, At safepoint: 5371 ns, Total: 98715 ns
[2023-11-16T04:16:45.665+0000][6][safepoint   ] Safepoint "Cleanup", Time since last: 1000111357 ns, Reaching safepoint: 67508 ns, At safepoint: 4552 ns, Total: 72060 ns
[2023-11-16T04:16:46.665+0000][6][safepoint   ] Safepoint "Cleanup", Time since last: 1000111221 ns, Reaching safepoint: 159145 ns, At safepoint: 14586 ns, Total: 173731 ns
[2023-11-16T04:16:47.665+0000][6][safepoint   ] Safepoint "Cleanup", Time since last: 1000116229 ns, Reaching safepoint: 73274 ns, At safepoint: 4146 ns, Total: 77420 ns
[2023-11-16T04:16:48.194+0000][6][safepoint   ] Safepoint "G1CollectForAllocation", Time since last: 528372514 ns, Reaching safepoint: 44820 ns, At safepoint: 11465 ns, Total: 56285 ns
[2023-11-16T04:16:48.194+0000][6][gc,start    ] GC(27) Pause Young (Normal) (GCLocker Initiated GC)
[2023-11-16T04:16:48.194+0000][6][gc,task     ] GC(27) Using 8 workers of 8 for evacuation
[2023-11-16T04:16:48.194+0000][6][gc,age      ] GC(27) Desired survivor size 20971520 bytes, new threshold 15 (max threshold 15)
[2023-11-16T04:16:48.207+0000][6][gc,age      ] GC(27) Age table with threshold 15 (max threshold 15)
[2023-11-16T04:16:48.207+0000][6][gc,age      ] GC(27) - age   1:    1663976 bytes,    1663976 total
[2023-11-16T04:16:48.207+0000][6][gc,age      ] GC(27) - age   2:     530160 bytes,    2194136 total
[2023-11-16T04:16:48.207+0000][6][gc,age      ] GC(27) - age   3:     625320 bytes,    2819456 total
[2023-11-16T04:16:48.207+0000][6][gc,age      ] GC(27) - age   4:     510056 bytes,    3329512 total
[2023-11-16T04:16:48.207+0000][6][gc,age      ] GC(27) - age   5:    1239376 bytes,    4568888 total
[2023-11-16T04:16:48.207+0000][6][gc,age      ] GC(27) - age   6:     133144 bytes,    4702032 total
[2023-11-16T04:16:48.207+0000][6][gc,age      ] GC(27) - age   7:     254992 bytes,    4957024 total
[2023-11-16T04:16:48.207+0000][6][gc,age      ] GC(27) - age   8:    6650048 bytes,   11607072 total
[2023-11-16T04:16:48.207+0000][6][gc,age      ] GC(27) - age   9:    6564064 bytes,   18171136 total
[2023-11-16T04:16:48.207+0000][6][gc,phases   ] GC(27)   Pre Evacuate Collection Set: 0.1ms
[2023-11-16T04:16:48.207+0000][6][gc,phases   ] GC(27)   Merge Heap Roots: 0.1ms
[2023-11-16T04:16:48.207+0000][6][gc,phases   ] GC(27)   Evacuate Collection Set: 11.8ms
[2023-11-16T04:16:48.207+0000][6][gc,phases   ] GC(27)   Post Evacuate Collection Set: 0.9ms
[2023-11-16T04:16:48.207+0000][6][gc,phases   ] GC(27)   Other: 0.2ms
[2023-11-16T04:16:48.207+0000][6][gc,heap     ] GC(27) Eden regions: 71->0(71)
[2023-11-16T04:16:48.207+0000][6][gc,heap     ] GC(27) Survivor regions: 5->5(10)
[2023-11-16T04:16:48.207+0000][6][gc,heap     ] GC(27) Old regions: 19->19
[2023-11-16T04:16:48.207+0000][6][gc,heap     ] GC(27) Archive regions: 2->2
[2023-11-16T04:16:48.207+0000][6][gc,heap     ] GC(27) Humongous regions: 5->5
[2023-11-16T04:16:48.207+0000][6][gc,metaspace] GC(27) Metaspace: 113581K(115200K)->113581K(115200K) NonClass: 98180K(99136K)->98180K(99136K) Class: 15401K(16064K)->15401K(16064K)
[2023-11-16T04:16:48.207+0000][6][gc          ] GC(27) Pause Young (Normal) (GCLocker Initiated GC) 399M->117M(512M) 13.143ms
[2023-11-16T04:16:48.207+0000][6][gc,cpu      ] GC(27) User=0.06s Sys=0.00s Real=0.01s
[2023-11-16T04:16:48.207+0000][6][safepoint   ] Safepoint "G1CollectForAllocation", Time since last: 278590 ns, Reaching safepoint: 24766 ns, At safepoint: 13218704 ns, Total: 13243470 ns
[2023-11-16T04:16:49.208+0000][6][safepoint   ] Safepoint "Cleanup", Time since last: 1000077755 ns, Reaching safepoint: 49988 ns, At safepoint: 5554 ns, Total: 55542 ns
[2023-11-16T04:16:50.208+0000][6][safepoint   ] Safepoint "Cleanup", Time since last: 1000092814 ns, Reaching safepoint: 38537 ns, At safepoint: 8590 ns, Total: 47127 ns
[2023-11-16T04:16:51.208+0000][6][safepoint   ] Safepoint "Cleanup", Time since last: 1000099991 ns, Reaching safepoint: 49546 ns, At safepoint: 8993 ns, Total: 58539 ns
[2023-11-16T04:16:52.208+0000][6][safepoint   ] Safepoint "Cleanup", Time since last: 1000112018 ns, Reaching safepoint: 97352 ns, At safepoint: 6454 ns, Total: 103806 ns
[2023-11-16T04:16:53.208+0000][6][safepoint   ] Safepoint "Cleanup", Time since last: 1000123061 ns, Reaching safepoint: 49252 ns, At safepoint: 8346 ns, Total: 57598 ns
[2023-11-16T04:16:55.208+0000][6][safepoint   ] Safepoint "Cleanup", Time since last: 2000158219 ns, Reaching safepoint: 48967 ns, At safepoint: 8497 ns, Total: 57464 ns
[2023-11-16T04:16:56.209+0000][6][safepoint   ] Safepoint "Cleanup", Time since last: 1000126893 ns, Reaching safepoint: 32177 ns, At safepoint: 4947 ns, Total: 37124 ns
[2023-11-16T04:16:57.209+0000][6][safepoint   ] Safepoint "Cleanup", Time since last: 1000101009 ns, Reaching safepoint: 62316 ns, At safepoint: 8585 ns, Total: 70901 ns
[2023-11-16T04:16:59.162+0000][6][safepoint   ] Safepoint "Cleanup", Time since last: 1952821424 ns, Reaching safepoint: 143566 ns, At safepoint: 3792 ns, Total: 147358 ns
[2023-11-16T04:17:01.090+0000][6][safepoint   ] Safepoint "Cleanup", Time since last: 1928492924 ns, Reaching safepoint: 69547 ns, At safepoint: 5669 ns, Total: 75216 ns
[2023-11-16T04:17:02.090+0000][6][safepoint   ] Safepoint "Cleanup", Time since last: 1000093797 ns, Reaching safepoint: 61396 ns, At safepoint: 3650 ns, Total: 65046 ns
[2023-11-16T04:17:03.091+0000][6][safepoint   ] Safepoint "Cleanup", Time since last: 1000098841 ns, Reaching safepoint: 39121 ns, At safepoint: 47859 ns, Total: 86980 ns
[2023-11-16T04:17:04.091+0000][6][safepoint   ] Safepoint "Cleanup", Time since last: 1000093712 ns, Reaching safepoint: 59873 ns, At safepoint: 3660 ns, Total: 63533 ns
[2023-11-16T04:17:04.581+0000][6][gc,start    ] GC(28) Pause Young (Normal) (G1 Evacuation Pause)
[2023-11-16T04:17:04.581+0000][6][gc,task     ] GC(28) Using 8 workers of 8 for evacuation
[2023-11-16T04:17:04.581+0000][6][gc,age      ] GC(28) Desired survivor size 20971520 bytes, new threshold 15 (max threshold 15)
[2023-11-16T04:17:04.593+0000][6][gc,age      ] GC(28) Age table with threshold 15 (max threshold 15)
[2023-11-16T04:17:04.593+0000][6][gc,age      ] GC(28) - age   1:    1732856 bytes,    1732856 total
[2023-11-16T04:17:04.593+0000][6][gc,age      ] GC(28) - age   2:     521008 bytes,    2253864 total
[2023-11-16T04:17:04.593+0000][6][gc,age      ] GC(28) - age   3:     488656 bytes,    2742520 total
[2023-11-16T04:17:04.593+0000][6][gc,age      ] GC(28) - age   4:     621616 bytes,    3364136 total
[2023-11-16T04:17:04.593+0000][6][gc,age      ] GC(28) - age   5:     375832 bytes,    3739968 total
[2023-11-16T04:17:04.593+0000][6][gc,age      ] GC(28) - age   6:    1239240 bytes,    4979208 total
[2023-11-16T04:17:04.593+0000][6][gc,age      ] GC(28) - age   7:     132832 bytes,    5112040 total
[2023-11-16T04:17:04.593+0000][6][gc,age      ] GC(28) - age   8:     254992 bytes,    5367032 total
[2023-11-16T04:17:04.593+0000][6][gc,age      ] GC(28) - age   9:    6648864 bytes,   12015896 total
[2023-11-16T04:17:04.593+0000][6][gc,age      ] GC(28) - age  10:    6563952 bytes,   18579848 total
[2023-11-16T04:17:04.593+0000][6][gc,phases   ] GC(28)   Pre Evacuate Collection Set: 0.1ms
[2023-11-16T04:17:04.593+0000][6][gc,phases   ] GC(28)   Merge Heap Roots: 0.1ms
[2023-11-16T04:17:04.593+0000][6][gc,phases   ] GC(28)   Evacuate Collection Set: 10.4ms
[2023-11-16T04:17:04.593+0000][6][gc,phases   ] GC(28)   Post Evacuate Collection Set: 0.8ms
[2023-11-16T04:17:04.593+0000][6][gc,phases   ] GC(28)   Other: 0.2ms
[2023-11-16T04:17:04.593+0000][6][gc,heap     ] GC(28) Eden regions: 71->0(71)
[2023-11-16T04:17:04.593+0000][6][gc,heap     ] GC(28) Survivor regions: 5->5(10)
[2023-11-16T04:17:04.593+0000][6][gc,heap     ] GC(28) Old regions: 19->19
[2023-11-16T04:17:04.593+0000][6][gc,heap     ] GC(28) Archive regions: 2->2
[2023-11-16T04:17:04.593+0000][6][gc,heap     ] GC(28) Humongous regions: 5->5
[2023-11-16T04:17:04.593+0000][6][gc,metaspace] GC(28) Metaspace: 113683K(115264K)->113683K(115264K) NonClass: 98282K(99200K)->98282K(99200K) Class: 15401K(16064K)->15401K(16064K)
[2023-11-16T04:17:04.593+0000][6][gc          ] GC(28) Pause Young (Normal) (G1 Evacuation Pause) 401M->118M(512M) 11.590ms
[2023-11-16T04:17:04.593+0000][6][gc,cpu      ] GC(28) User=0.05s Sys=0.00s Real=0.01s
[2023-11-16T04:17:04.593+0000][6][safepoint   ] Safepoint "G1CollectForAllocation", Time since last: 490296584 ns, Reaching safepoint: 32066 ns, At safepoint: 11668893 ns, Total: 11700959 ns
[2023-11-16T04:17:05.593+0000][6][safepoint   ] Safepoint "Cleanup", Time since last: 1000118420 ns, Reaching safepoint: 161384 ns, At safepoint: 20166 ns, Total: 181550 ns
[2023-11-16T04:17:06.594+0000][6][safepoint   ] Safepoint "Cleanup", Time since last: 1000333383 ns, Reaching safepoint: 114101 ns, At safepoint: 9895 ns, Total: 123996 ns
[2023-11-16T04:17:07.594+0000][6][safepoint   ] Safepoint "Cleanup", Time since last: 1000107913 ns, Reaching safepoint: 41243 ns, At safepoint: 5117 ns, Total: 46360 ns
[2023-11-16T04:17:08.594+0000][6][safepoint   ] Safepoint "Cleanup", Time since last: 1000141366 ns, Reaching safepoint: 29333 ns, At safepoint: 3662 ns, Total: 32995 ns
[2023-11-16T04:17:09.594+0000][6][safepoint   ] Safepoint "Cleanup", Time since last: 1000092397 ns, Reaching safepoint: 58123 ns, At safepoint: 4343 ns, Total: 62466 ns
[2023-11-16T04:17:10.594+0000][6][safepoint   ] Safepoint "Cleanup", Time since last: 1000090664 ns, Reaching safepoint: 49297 ns, At safepoint: 8152 ns, Total: 57449 ns
[2023-11-16T04:17:11.594+0000][6][safepoint   ] Safepoint "Cleanup", Time since last: 1000095722 ns, Reaching safepoint: 52551 ns, At safepoint: 7886 ns, Total: 60437 ns
[2023-11-16T04:17:12.594+0000][6][safepoint   ] Safepoint "Cleanup", Time since last: 1000093775 ns, Reaching safepoint: 51718 ns, At safepoint: 5456 ns, Total: 57174 ns
[2023-11-16T04:17:13.595+0000][6][safepoint   ] Safepoint "Cleanup", Time since last: 1000091167 ns, Reaching safepoint: 49848 ns, At safepoint: 4852 ns, Total: 54700 ns
[2023-11-16T04:17:15.595+0000][6][safepoint   ] Safepoint "Cleanup", Time since last: 2000166854 ns, Reaching safepoint: 66129 ns, At safepoint: 7821 ns, Total: 73950 ns
[2023-11-16T04:17:16.595+0000][6][safepoint   ] Safepoint "Cleanup", Time since last: 1000086619 ns, Reaching safepoint: 158882 ns, At safepoint: 7209 ns, Total: 166091 ns
[2023-11-16T04:17:17.595+0000][6][safepoint   ] Safepoint "Cleanup", Time since last: 1000110560 ns, Reaching safepoint: 166885 ns, At safepoint: 5938 ns, Total: 172823 ns
[2023-11-16T04:17:18.596+0000][6][safepoint   ] Safepoint "Cleanup", Time since last: 1000171706 ns, Reaching safepoint: 89051 ns, At safepoint: 3327 ns, Total: 92378 ns
[2023-11-16T04:17:20.596+0000][6][safepoint   ] Safepoint "Cleanup", Time since last: 2000198224 ns, Reaching safepoint: 64508 ns, At safepoint: 6425 ns, Total: 70933 ns
[2023-11-16T04:17:21.596+0000][6][safepoint   ] Safepoint "Cleanup", Time since last: 1000101512 ns, Reaching safepoint: 35586 ns, At safepoint: 4654 ns, Total: 40240 ns
[2023-11-16T04:17:22.596+0000][6][safepoint   ] Safepoint "Cleanup", Time since last: 1000171348 ns, Reaching safepoint: 78431 ns, At safepoint: 4375 ns, Total: 82806 ns
[2023-11-16T04:17:22.972+0000][6][gc,start    ] GC(29) Pause Young (Normal) (G1 Evacuation Pause)
[2023-11-16T04:17:22.972+0000][6][gc,task     ] GC(29) Using 8 workers of 8 for evacuation
[2023-11-16T04:17:22.972+0000][6][gc,age      ] GC(29) Desired survivor size 20971520 bytes, new threshold 15 (max threshold 15)
[2023-11-16T04:17:22.982+0000][6][gc,age      ] GC(29) Age table with threshold 15 (max threshold 15)
[2023-11-16T04:17:22.982+0000][6][gc,age      ] GC(29) - age   1:    1984416 bytes,    1984416 total
[2023-11-16T04:17:22.982+0000][6][gc,age      ] GC(29) - age   2:     757960 bytes,    2742376 total
[2023-11-16T04:17:22.982+0000][6][gc,age      ] GC(29) - age   3:     475384 bytes,    3217760 total
[2023-11-16T04:17:22.982+0000][6][gc,age      ] GC(29) - age   4:     321512 bytes,    3539272 total
[2023-11-16T04:17:22.982+0000][6][gc,age      ] GC(29) - age   5:     621552 bytes,    4160824 total
[2023-11-16T04:17:22.982+0000][6][gc,age      ] GC(29) - age   6:     375000 bytes,    4535824 total
[2023-11-16T04:17:22.982+0000][6][gc,age      ] GC(29) - age   7:    1238976 bytes,    5774800 total
[2023-11-16T04:17:22.982+0000][6][gc,age      ] GC(29) - age   8:     132800 bytes,    5907600 total
[2023-11-16T04:17:22.982+0000][6][gc,age      ] GC(29) - age   9:     254992 bytes,    6162592 total
[2023-11-16T04:17:22.982+0000][6][gc,age      ] GC(29) - age  10:    6648536 bytes,   12811128 total
[2023-11-16T04:17:22.982+0000][6][gc,age      ] GC(29) - age  11:    6563536 bytes,   19374664 total
[2023-11-16T04:17:22.982+0000][6][gc,phases   ] GC(29)   Pre Evacuate Collection Set: 0.2ms
[2023-11-16T04:17:22.982+0000][6][gc,phases   ] GC(29)   Merge Heap Roots: 0.1ms
[2023-11-16T04:17:22.982+0000][6][gc,phases   ] GC(29)   Evacuate Collection Set: 8.5ms
[2023-11-16T04:17:22.982+0000][6][gc,phases   ] GC(29)   Post Evacuate Collection Set: 1.3ms
[2023-11-16T04:17:22.982+0000][6][gc,phases   ] GC(29)   Other: 0.4ms
[2023-11-16T04:17:22.982+0000][6][gc,heap     ] GC(29) Eden regions: 71->0(71)
[2023-11-16T04:17:22.982+0000][6][gc,heap     ] GC(29) Survivor regions: 5->5(10)
[2023-11-16T04:17:22.982+0000][6][gc,heap     ] GC(29) Old regions: 19->19
[2023-11-16T04:17:22.982+0000][6][gc,heap     ] GC(29) Archive regions: 2->2
[2023-11-16T04:17:22.982+0000][6][gc,heap     ] GC(29) Humongous regions: 5->5
[2023-11-16T04:17:22.982+0000][6][gc,metaspace] GC(29) Metaspace: 113761K(115392K)->113761K(115392K) NonClass: 98360K(99328K)->98360K(99328K) Class: 15401K(16064K)->15401K(16064K)
[2023-11-16T04:17:22.982+0000][6][gc          ] GC(29) Pause Young (Normal) (G1 Evacuation Pause) 402M->118M(512M) 10.608ms
[2023-11-16T04:17:22.982+0000][6][gc,cpu      ] GC(29) User=0.07s Sys=0.00s Real=0.01s
[2023-11-16T04:17:22.982+0000][6][safepoint   ] Safepoint "G1CollectForAllocation", Time since last: 375176533 ns, Reaching safepoint: 64300 ns, At safepoint: 10739363 ns, Total: 10803663 ns
[2023-11-16T04:17:24.983+0000][6][safepoint   ] Safepoint "Cleanup", Time since last: 2000344379 ns, Reaching safepoint: 57513 ns, At safepoint: 22754 ns, Total: 80267 ns
[2023-11-16T04:17:25.983+0000][6][safepoint   ] Safepoint "Cleanup", Time since last: 1000152307 ns, Reaching safepoint: 53911 ns, At safepoint: 3675 ns, Total: 57586 ns
[2023-11-16T04:17:27.983+0000][6][safepoint   ] Safepoint "Cleanup", Time since last: 2000315110 ns, Reaching safepoint: 55143 ns, At safepoint: 6903 ns, Total: 62046 ns
[2023-11-16T04:17:28.984+0000][6][safepoint   ] Safepoint "Cleanup", Time since last: 1000104592 ns, Reaching safepoint: 122453 ns, At safepoint: 9755 ns, Total: 132208 ns
[2023-11-16T04:17:30.984+0000][6][safepoint   ] Safepoint "Cleanup", Time since last: 2000220187 ns, Reaching safepoint: 165675 ns, At safepoint: 8103 ns, Total: 173778 ns
[2023-11-16T04:17:31.984+0000][6][safepoint   ] Safepoint "Cleanup", Time since last: 1000096299 ns, Reaching safepoint: 168012 ns, At safepoint: 5570 ns, Total: 173582 ns
[2023-11-16T04:17:32.984+0000][6][safepoint   ] Safepoint "Cleanup", Time since last: 1000121555 ns, Reaching safepoint: 107458 ns, At safepoint: 4360 ns, Total: 111818 ns
[2023-11-16T04:17:33.985+0000][6][safepoint   ] Safepoint "Cleanup", Time since last: 1000100053 ns, Reaching safepoint: 124901 ns, At safepoint: 3266 ns, Total: 128167 ns
[2023-11-16T04:17:34.383+0000][6][gc,start    ] GC(30) Pause Young (Normal) (G1 Evacuation Pause)
[2023-11-16T04:17:34.383+0000][6][gc,task     ] GC(30) Using 8 workers of 8 for evacuation
[2023-11-16T04:17:34.383+0000][6][gc,age      ] GC(30) Desired survivor size 20971520 bytes, new threshold 15 (max threshold 15)
[2023-11-16T04:17:34.398+0000][6][gc,age      ] GC(30) Age table with threshold 15 (max threshold 15)
[2023-11-16T04:17:34.398+0000][6][gc,age      ] GC(30) - age   1:    2380008 bytes,    2380008 total
[2023-11-16T04:17:34.398+0000][6][gc,age      ] GC(30) - age   2:    1386496 bytes,    3766504 total
[2023-11-16T04:17:34.398+0000][6][gc,age      ] GC(30) - age   3:     757120 bytes,    4523624 total
[2023-11-16T04:17:34.398+0000][6][gc,age      ] GC(30) - age   4:     474544 bytes,    4998168 total
[2023-11-16T04:17:34.398+0000][6][gc,age      ] GC(30) - age   5:     321264 bytes,    5319432 total
[2023-11-16T04:17:34.398+0000][6][gc,age      ] GC(30) - age   6:     621408 bytes,    5940840 total
[2023-11-16T04:17:34.398+0000][6][gc,age      ] GC(30) - age   7:     375000 bytes,    6315840 total
[2023-11-16T04:17:34.398+0000][6][gc,age      ] GC(30) - age   8:    1238672 bytes,    7554512 total
[2023-11-16T04:17:34.398+0000][6][gc,age      ] GC(30) - age   9:     132760 bytes,    7687272 total
[2023-11-16T04:17:34.398+0000][6][gc,age      ] GC(30) - age  10:     254992 bytes,    7942264 total
[2023-11-16T04:17:34.398+0000][6][gc,age      ] GC(30) - age  11:    6648424 bytes,   14590688 total
[2023-11-16T04:17:34.398+0000][6][gc,age      ] GC(30) - age  12:    6563536 bytes,   21154224 total
[2023-11-16T04:17:34.398+0000][6][gc,phases   ] GC(30)   Pre Evacuate Collection Set: 0.1ms
[2023-11-16T04:17:34.398+0000][6][gc,phases   ] GC(30)   Merge Heap Roots: 0.1ms
[2023-11-16T04:17:34.398+0000][6][gc,phases   ] GC(30)   Evacuate Collection Set: 13.3ms
[2023-11-16T04:17:34.398+0000][6][gc,phases   ] GC(30)   Post Evacuate Collection Set: 0.8ms
[2023-11-16T04:17:34.398+0000][6][gc,phases   ] GC(30)   Other: 0.2ms
[2023-11-16T04:17:34.398+0000][6][gc,heap     ] GC(30) Eden regions: 71->0(70)
[2023-11-16T04:17:34.398+0000][6][gc,heap     ] GC(30) Survivor regions: 5->6(10)
[2023-11-16T04:17:34.398+0000][6][gc,heap     ] GC(30) Old regions: 19->19
[2023-11-16T04:17:34.398+0000][6][gc,heap     ] GC(30) Archive regions: 2->2
[2023-11-16T04:17:34.398+0000][6][gc,heap     ] GC(30) Humongous regions: 5->5
[2023-11-16T04:17:34.398+0000][6][gc,metaspace] GC(30) Metaspace: 113898K(115520K)->113898K(115520K) NonClass: 98478K(99456K)->98478K(99456K) Class: 15420K(16064K)->15420K(16064K)
[2023-11-16T04:17:34.398+0000][6][gc          ] GC(30) Pause Young (Normal) (G1 Evacuation Pause) 402M->120M(512M) 14.464ms
[2023-11-16T04:17:34.398+0000][6][gc,cpu      ] GC(30) User=0.08s Sys=0.00s Real=0.01s
[2023-11-16T04:17:34.398+0000][6][safepoint   ] Safepoint "G1CollectForAllocation", Time since last: 398435647 ns, Reaching safepoint: 79111 ns, At safepoint: 14539020 ns, Total: 14618131 ns
[2023-11-16T04:17:35.213+0000][6][safepoint   ] Safepoint "ICBufferFull", Time since last: 814907854 ns, Reaching safepoint: 149935 ns, At safepoint: 7068 ns, Total: 157003 ns
[2023-11-16T04:17:36.015+0000][6][safepoint   ] Safepoint "ICBufferFull", Time since last: 802407807 ns, Reaching safepoint: 250112 ns, At safepoint: 10308 ns, Total: 260420 ns
[2023-11-16T04:17:37.016+0000][6][safepoint   ] Safepoint "Cleanup", Time since last: 1000089365 ns, Reaching safepoint: 172150 ns, At safepoint: 5004 ns, Total: 177154 ns
[2023-11-16T04:17:37.203+0000][6][safepoint   ] Safepoint "ICBufferFull", Time since last: 187160199 ns, Reaching safepoint: 130823 ns, At safepoint: 7569 ns, Total: 138392 ns
[2023-11-16T04:17:37.699+0000][6][safepoint   ] Safepoint "ICBufferFull", Time since last: 496008754 ns, Reaching safepoint: 370939 ns, At safepoint: 18542 ns, Total: 389481 ns
[2023-11-16T04:17:38.700+0000][6][safepoint   ] Safepoint "Cleanup", Time since last: 1000109626 ns, Reaching safepoint: 111145 ns, At safepoint: 9071 ns, Total: 120216 ns
[2023-11-16T04:17:39.700+0000][6][safepoint   ] Safepoint "Cleanup", Time since last: 1000105973 ns, Reaching safepoint: 150131 ns, At safepoint: 8408 ns, Total: 158539 ns
[2023-11-16T04:17:39.870+0000][6][gc,start    ] GC(31) Pause Young (Normal) (G1 Evacuation Pause)
[2023-11-16T04:17:39.870+0000][6][gc,task     ] GC(31) Using 8 workers of 8 for evacuation
[2023-11-16T04:17:39.870+0000][6][gc,age      ] GC(31) Desired survivor size 20971520 bytes, new threshold 12 (max threshold 15)
[2023-11-16T04:17:39.900+0000][6][gc,age      ] GC(31) Age table with threshold 12 (max threshold 15)
[2023-11-16T04:17:39.901+0000][6][gc,age      ] GC(31) - age   1:    6061528 bytes,    6061528 total
[2023-11-16T04:17:39.901+0000][6][gc,age      ] GC(31) - age   2:    1158240 bytes,    7219768 total
[2023-11-16T04:17:39.901+0000][6][gc,age      ] GC(31) - age   3:     338608 bytes,    7558376 total
[2023-11-16T04:17:39.901+0000][6][gc,age      ] GC(31) - age   4:     157184 bytes,    7715560 total
[2023-11-16T04:17:39.901+0000][6][gc,age      ] GC(31) - age   5:      39392 bytes,    7754952 total
[2023-11-16T04:17:39.901+0000][6][gc,age      ] GC(31) - age   6:      40184 bytes,    7795136 total
[2023-11-16T04:17:39.901+0000][6][gc,age      ] GC(31) - age   7:     137664 bytes,    7932800 total
[2023-11-16T04:17:39.901+0000][6][gc,age      ] GC(31) - age   8:      73792 bytes,    8006592 total
[2023-11-16T04:17:39.901+0000][6][gc,age      ] GC(31) - age   9:     318592 bytes,    8325184 total
[2023-11-16T04:17:39.901+0000][6][gc,age      ] GC(31) - age  10:     131008 bytes,    8456192 total
[2023-11-16T04:17:39.901+0000][6][gc,age      ] GC(31) - age  11:     254856 bytes,    8711048 total
[2023-11-16T04:17:39.901+0000][6][gc,age      ] GC(31) - age  12:    6516144 bytes,   15227192 total
[2023-11-16T04:17:39.901+0000][6][gc,phases   ] GC(31)   Pre Evacuate Collection Set: 0.1ms
[2023-11-16T04:17:39.901+0000][6][gc,phases   ] GC(31)   Merge Heap Roots: 0.1ms
[2023-11-16T04:17:39.901+0000][6][gc,phases   ] GC(31)   Evacuate Collection Set: 28.9ms
[2023-11-16T04:17:39.901+0000][6][gc,phases   ] GC(31)   Post Evacuate Collection Set: 1.1ms
[2023-11-16T04:17:39.901+0000][6][gc,phases   ] GC(31)   Other: 0.4ms
[2023-11-16T04:17:39.901+0000][6][gc,heap     ] GC(31) Eden regions: 70->0(72)
[2023-11-16T04:17:39.901+0000][6][gc,heap     ] GC(31) Survivor regions: 6->4(10)
[2023-11-16T04:17:39.901+0000][6][gc,heap     ] GC(31) Old regions: 19->21
[2023-11-16T04:17:39.901+0000][6][gc,heap     ] GC(31) Archive regions: 2->2
[2023-11-16T04:17:39.901+0000][6][gc,heap     ] GC(31) Humongous regions: 5->5
[2023-11-16T04:17:39.901+0000][6][gc,metaspace] GC(31) Metaspace: 115406K(117120K)->115406K(117120K) NonClass: 99765K(100800K)->99765K(100800K) Class: 15641K(16320K)->15641K(16320K)
[2023-11-16T04:17:39.901+0000][6][gc          ] GC(31) Pause Young (Normal) (G1 Evacuation Pause) 400M->120M(512M) 30.615ms
[2023-11-16T04:17:39.901+0000][6][gc,cpu      ] GC(31) User=0.08s Sys=0.01s Real=0.03s
[2023-11-16T04:17:39.901+0000][6][safepoint   ] Safepoint "G1CollectForAllocation", Time since last: 170003787 ns, Reaching safepoint: 101999 ns, At safepoint: 30741071 ns, Total: 30843070 ns
[2023-11-16T04:17:40.901+0000][6][safepoint   ] Safepoint "Cleanup", Time since last: 1000152513 ns, Reaching safepoint: 316576 ns, At safepoint: 10378 ns, Total: 326954 ns
[2023-11-16T04:17:42.455+0000][6][safepoint   ] Safepoint "Cleanup", Time since last: 1553793946 ns, Reaching safepoint: 58346 ns, At safepoint: 21954 ns, Total: 80300 ns
[2023-11-16T04:17:43.574+0000][6][safepoint   ] Safepoint "ICBufferFull", Time since last: 1118590148 ns, Reaching safepoint: 187361 ns, At safepoint: 7281 ns, Total: 194642 ns
[2023-11-16T04:17:45.107+0000][6][safepoint   ] Safepoint "Cleanup", Time since last: 1532669074 ns, Reaching safepoint: 179613 ns, At safepoint: 9376 ns, Total: 188989 ns
[2023-11-16T04:17:45.686+0000][6][gc,start    ] GC(32) Pause Young (Normal) (G1 Evacuation Pause)
[2023-11-16T04:17:45.686+0000][6][gc,task     ] GC(32) Using 8 workers of 8 for evacuation
[2023-11-16T04:17:45.686+0000][6][gc,age      ] GC(32) Desired survivor size 20971520 bytes, new threshold 15 (max threshold 15)
[2023-11-16T04:17:45.694+0000][6][gc,age      ] GC(32) Age table with threshold 15 (max threshold 15)
[2023-11-16T04:17:45.694+0000][6][gc,age      ] GC(32) - age   1:    1944888 bytes,    1944888 total
[2023-11-16T04:17:45.694+0000][6][gc,age      ] GC(32) - age   2:    4220824 bytes,    6165712 total
[2023-11-16T04:17:45.694+0000][6][gc,age      ] GC(32) - age   3:    1118320 bytes,    7284032 total
[2023-11-16T04:17:45.694+0000][6][gc,age      ] GC(32) - age   4:     324920 bytes,    7608952 total
[2023-11-16T04:17:45.694+0000][6][gc,age      ] GC(32) - age   5:     142976 bytes,    7751928 total
[2023-11-16T04:17:45.694+0000][6][gc,age      ] GC(32) - age   6:      38840 bytes,    7790768 total
[2023-11-16T04:17:45.694+0000][6][gc,age      ] GC(32) - age   7:      40152 bytes,    7830920 total
[2023-11-16T04:17:45.694+0000][6][gc,age      ] GC(32) - age   8:     137440 bytes,    7968360 total
[2023-11-16T04:17:45.694+0000][6][gc,age      ] GC(32) - age   9:      73792 bytes,    8042152 total
[2023-11-16T04:17:45.694+0000][6][gc,age      ] GC(32) - age  10:      74776 bytes,    8116928 total
[2023-11-16T04:17:45.694+0000][6][gc,age      ] GC(32) - age  11:     127656 bytes,    8244584 total
[2023-11-16T04:17:45.694+0000][6][gc,age      ] GC(32) - age  12:     254856 bytes,    8499440 total
[2023-11-16T04:17:45.694+0000][6][gc,age      ] GC(32) - age  13:    6516064 bytes,   15015504 total
[2023-11-16T04:17:45.694+0000][6][gc,phases   ] GC(32)   Pre Evacuate Collection Set: 0.1ms
[2023-11-16T04:17:45.694+0000][6][gc,phases   ] GC(32)   Merge Heap Roots: 0.1ms
[2023-11-16T04:17:45.694+0000][6][gc,phases   ] GC(32)   Evacuate Collection Set: 6.5ms
[2023-11-16T04:17:45.694+0000][6][gc,phases   ] GC(32)   Post Evacuate Collection Set: 0.6ms
[2023-11-16T04:17:45.694+0000][6][gc,phases   ] GC(32)   Other: 0.3ms
[2023-11-16T04:17:45.694+0000][6][gc,heap     ] GC(32) Eden regions: 72->0(72)
[2023-11-16T04:17:45.694+0000][6][gc,heap     ] GC(32) Survivor regions: 4->4(10)
[2023-11-16T04:17:45.694+0000][6][gc,heap     ] GC(32) Old regions: 21->21
[2023-11-16T04:17:45.694+0000][6][gc,heap     ] GC(32) Archive regions: 2->2
[2023-11-16T04:17:45.694+0000][6][gc,heap     ] GC(32) Humongous regions: 5->5
[2023-11-16T04:17:45.694+0000][6][gc,metaspace] GC(32) Metaspace: 115517K(117248K)->115517K(117248K) NonClass: 99875K(100928K)->99875K(100928K) Class: 15641K(16320K)->15641K(16320K)
[2023-11-16T04:17:45.694+0000][6][gc          ] GC(32) Pause Young (Normal) (G1 Evacuation Pause) 408M->120M(512M) 7.512ms
[2023-11-16T04:17:45.694+0000][6][gc,cpu      ] GC(32) User=0.05s Sys=0.00s Real=0.01s
[2023-11-16T04:17:45.694+0000][6][safepoint   ] Safepoint "G1CollectForAllocation", Time since last: 579290082 ns, Reaching safepoint: 139910 ns, At safepoint: 7584277 ns, Total: 7724187 ns
[2023-11-16T04:17:46.694+0000][6][safepoint   ] Safepoint "Cleanup", Time since last: 1000132341 ns, Reaching safepoint: 195347 ns, At safepoint: 6373 ns, Total: 201720 ns
[2023-11-16T04:17:47.694+0000][6][safepoint   ] Safepoint "Cleanup", Time since last: 1000087928 ns, Reaching safepoint: 145419 ns, At safepoint: 4501 ns, Total: 149920 ns
[2023-11-16T04:17:48.695+0000][6][safepoint   ] Safepoint "Cleanup", Time since last: 1000138035 ns, Reaching safepoint: 153620 ns, At safepoint: 6351 ns, Total: 159971 ns
[2023-11-16T04:17:49.695+0000][6][safepoint   ] Safepoint "Cleanup", Time since last: 1000084487 ns, Reaching safepoint: 67059 ns, At safepoint: 4547 ns, Total: 71606 ns
[2023-11-16T04:17:50.695+0000][6][safepoint   ] Safepoint "Cleanup", Time since last: 1000118026 ns, Reaching safepoint: 90788 ns, At safepoint: 7890 ns, Total: 98678 ns
[2023-11-16T04:17:51.695+0000][6][safepoint   ] Safepoint "Cleanup", Time since last: 1000087278 ns, Reaching safepoint: 94619 ns, At safepoint: 4033 ns, Total: 98652 ns
[2023-11-16T04:17:52.696+0000][6][safepoint   ] Safepoint "Cleanup", Time since last: 1000389946 ns, Reaching safepoint: 46687 ns, At safepoint: 4047 ns, Total: 50734 ns
[2023-11-16T04:17:53.327+0000][6][gc,start    ] GC(33) Pause Young (Normal) (G1 Evacuation Pause)
[2023-11-16T04:17:53.327+0000][6][gc,task     ] GC(33) Using 8 workers of 8 for evacuation
[2023-11-16T04:17:53.327+0000][6][gc,age      ] GC(33) Desired survivor size 20971520 bytes, new threshold 15 (max threshold 15)
[2023-11-16T04:17:53.336+0000][6][gc,age      ] GC(33) Age table with threshold 15 (max threshold 15)
[2023-11-16T04:17:53.336+0000][6][gc,age      ] GC(33) - age   1:    2740128 bytes,    2740128 total
[2023-11-16T04:17:53.336+0000][6][gc,age      ] GC(33) - age   2:     336008 bytes,    3076136 total
[2023-11-16T04:17:53.336+0000][6][gc,age      ] GC(33) - age   3:    3431328 bytes,    6507464 total
[2023-11-16T04:17:53.336+0000][6][gc,age      ] GC(33) - age   4:     733224 bytes,    7240688 total
[2023-11-16T04:17:53.336+0000][6][gc,age      ] GC(33) - age   5:     122536 bytes,    7363224 total
[2023-11-16T04:17:53.336+0000][6][gc,age      ] GC(33) - age   6:      24240 bytes,    7387464 total
[2023-11-16T04:17:53.336+0000][6][gc,age      ] GC(33) - age   7:      38776 bytes,    7426240 total
[2023-11-16T04:17:53.336+0000][6][gc,age      ] GC(33) - age   8:      39664 bytes,    7465904 total
[2023-11-16T04:17:53.336+0000][6][gc,age      ] GC(33) - age   9:      63440 bytes,    7529344 total
[2023-11-16T04:17:53.336+0000][6][gc,age      ] GC(33) - age  10:      73792 bytes,    7603136 total
[2023-11-16T04:17:53.336+0000][6][gc,age      ] GC(33) - age  11:      74776 bytes,    7677912 total
[2023-11-16T04:17:53.336+0000][6][gc,age      ] GC(33) - age  12:     126640 bytes,    7804552 total
[2023-11-16T04:17:53.336+0000][6][gc,age      ] GC(33) - age  13:     254856 bytes,    8059408 total
[2023-11-16T04:17:53.336+0000][6][gc,age      ] GC(33) - age  14:    6514776 bytes,   14574184 total
[2023-11-16T04:17:53.336+0000][6][gc,phases   ] GC(33)   Pre Evacuate Collection Set: 0.1ms
[2023-11-16T04:17:53.336+0000][6][gc,phases   ] GC(33)   Merge Heap Roots: 0.0ms
[2023-11-16T04:17:53.336+0000][6][gc,phases   ] GC(33)   Evacuate Collection Set: 7.8ms
[2023-11-16T04:17:53.336+0000][6][gc,phases   ] GC(33)   Post Evacuate Collection Set: 1.6ms
[2023-11-16T04:17:53.336+0000][6][gc,phases   ] GC(33)   Other: 0.3ms
[2023-11-16T04:17:53.336+0000][6][gc,heap     ] GC(33) Eden regions: 72->0(72)
[2023-11-16T04:17:53.336+0000][6][gc,heap     ] GC(33) Survivor regions: 4->4(10)
[2023-11-16T04:17:53.336+0000][6][gc,heap     ] GC(33) Old regions: 21->21
[2023-11-16T04:17:53.337+0000][6][gc,heap     ] GC(33) Archive regions: 2->2
[2023-11-16T04:17:53.337+0000][6][gc,heap     ] GC(33) Humongous regions: 5->5
[2023-11-16T04:17:53.337+0000][6][gc,metaspace] GC(33) Metaspace: 115595K(117312K)->115595K(117312K) NonClass: 99952K(100992K)->99952K(100992K) Class: 15642K(16320K)->15642K(16320K)
[2023-11-16T04:17:53.337+0000][6][gc          ] GC(33) Pause Young (Normal) (G1 Evacuation Pause) 408M->120M(512M) 9.970ms
[2023-11-16T04:17:53.337+0000][6][gc,cpu      ] GC(33) User=0.05s Sys=0.00s Real=0.01s
[2023-11-16T04:17:53.337+0000][6][safepoint   ] Safepoint "G1CollectForAllocation", Time since last: 630705640 ns, Reaching safepoint: 148244 ns, At safepoint: 10062397 ns, Total: 10210641 ns
[2023-11-16T04:17:54.337+0000][6][safepoint   ] Safepoint "Cleanup", Time since last: 1000122604 ns, Reaching safepoint: 59926 ns, At safepoint: 5014 ns, Total: 64940 ns
[2023-11-16T04:17:55.337+0000][6][safepoint   ] Safepoint "Cleanup", Time since last: 1000124473 ns, Reaching safepoint: 106115 ns, At safepoint: 6749 ns, Total: 112864 ns
[2023-11-16T04:17:56.337+0000][6][safepoint   ] Safepoint "Cleanup", Time since last: 1000148953 ns, Reaching safepoint: 179576 ns, At safepoint: 3923 ns, Total: 183499 ns
[2023-11-16T04:17:57.338+0000][6][safepoint   ] Safepoint "Cleanup", Time since last: 1000143402 ns, Reaching safepoint: 59959 ns, At safepoint: 8032 ns, Total: 67991 ns
[2023-11-16T04:17:58.338+0000][6][safepoint   ] Safepoint "Cleanup", Time since last: 1000084843 ns, Reaching safepoint: 73726 ns, At safepoint: 3663 ns, Total: 77389 ns
[2023-11-16T04:17:59.338+0000][6][safepoint   ] Safepoint "Cleanup", Time since last: 1000089237 ns, Reaching safepoint: 87607 ns, At safepoint: 6781 ns, Total: 94388 ns
[2023-11-16T04:18:00.338+0000][6][safepoint   ] Safepoint "Cleanup", Time since last: 1000158789 ns, Reaching safepoint: 71732 ns, At safepoint: 20471 ns, Total: 92203 ns
[2023-11-16T04:18:00.557+0000][6][gc,start    ] GC(34) Pause Young (Normal) (G1 Evacuation Pause)
[2023-11-16T04:18:00.557+0000][6][gc,task     ] GC(34) Using 8 workers of 8 for evacuation
[2023-11-16T04:18:00.557+0000][6][gc,age      ] GC(34) Desired survivor size 20971520 bytes, new threshold 15 (max threshold 15)
[2023-11-16T04:18:00.564+0000][6][gc,age      ] GC(34) Age table with threshold 15 (max threshold 15)
[2023-11-16T04:18:00.564+0000][6][gc,age      ] GC(34) - age   1:    2204936 bytes,    2204936 total
[2023-11-16T04:18:00.564+0000][6][gc,age      ] GC(34) - age   2:     740664 bytes,    2945600 total
[2023-11-16T04:18:00.564+0000][6][gc,age      ] GC(34) - age   3:     235456 bytes,    3181056 total
[2023-11-16T04:18:00.564+0000][6][gc,age      ] GC(34) - age   4:    3430304 bytes,    6611360 total
[2023-11-16T04:18:00.564+0000][6][gc,age      ] GC(34) - age   5:     732520 bytes,    7343880 total
[2023-11-16T04:18:00.564+0000][6][gc,age      ] GC(34) - age   6:     122440 bytes,    7466320 total
[2023-11-16T04:18:00.564+0000][6][gc,age      ] GC(34) - age   7:      24208 bytes,    7490528 total
[2023-11-16T04:18:00.564+0000][6][gc,age      ] GC(34) - age   8:      38776 bytes,    7529304 total
[2023-11-16T04:18:00.564+0000][6][gc,age      ] GC(34) - age   9:      39664 bytes,    7568968 total
[2023-11-16T04:18:00.564+0000][6][gc,age      ] GC(34) - age  10:      63440 bytes,    7632408 total
[2023-11-16T04:18:00.564+0000][6][gc,age      ] GC(34) - age  11:      73792 bytes,    7706200 total
[2023-11-16T04:18:00.564+0000][6][gc,age      ] GC(34) - age  12:      74776 bytes,    7780976 total
[2023-11-16T04:18:00.564+0000][6][gc,age      ] GC(34) - age  13:     126496 bytes,    7907472 total
[2023-11-16T04:18:00.564+0000][6][gc,age      ] GC(34) - age  14:     110032 bytes,    8017504 total
[2023-11-16T04:18:00.564+0000][6][gc,age      ] GC(34) - age  15:    6514776 bytes,   14532280 total
[2023-11-16T04:18:00.565+0000][6][gc,phases   ] GC(34)   Pre Evacuate Collection Set: 0.1ms
[2023-11-16T04:18:00.565+0000][6][gc,phases   ] GC(34)   Merge Heap Roots: 0.1ms
[2023-11-16T04:18:00.565+0000][6][gc,phases   ] GC(34)   Evacuate Collection Set: 6.4ms
[2023-11-16T04:18:00.565+0000][6][gc,phases   ] GC(34)   Post Evacuate Collection Set: 0.7ms
[2023-11-16T04:18:00.565+0000][6][gc,phases   ] GC(34)   Other: 0.3ms
[2023-11-16T04:18:00.565+0000][6][gc,heap     ] GC(34) Eden regions: 72->0(72)
[2023-11-16T04:18:00.565+0000][6][gc,heap     ] GC(34) Survivor regions: 4->4(10)
[2023-11-16T04:18:00.565+0000][6][gc,heap     ] GC(34) Old regions: 21->21
[2023-11-16T04:18:00.565+0000][6][gc,heap     ] GC(34) Archive regions: 2->2
[2023-11-16T04:18:00.565+0000][6][gc,heap     ] GC(34) Humongous regions: 5->5
[2023-11-16T04:18:00.565+0000][6][gc,metaspace] GC(34) Metaspace: 115646K(117312K)->115646K(117312K) NonClass: 100003K(100992K)->100003K(100992K) Class: 15642K(16320K)->15642K(16320K)
[2023-11-16T04:18:00.565+0000][6][gc          ] GC(34) Pause Young (Normal) (G1 Evacuation Pause) 408M->120M(512M) 7.683ms
[2023-11-16T04:18:00.565+0000][6][gc,cpu      ] GC(34) User=0.04s Sys=0.00s Real=0.01s
[2023-11-16T04:18:00.565+0000][6][safepoint   ] Safepoint "G1CollectForAllocation", Time since last: 218636936 ns, Reaching safepoint: 80687 ns, At safepoint: 7746979 ns, Total: 7827666 ns
[2023-11-16T04:18:01.565+0000][6][safepoint   ] Safepoint "Cleanup", Time since last: 1000190965 ns, Reaching safepoint: 76759 ns, At safepoint: 8183 ns, Total: 84942 ns
[2023-11-16T04:18:02.565+0000][6][safepoint   ] Safepoint "Cleanup", Time since last: 1000139611 ns, Reaching safepoint: 81592 ns, At safepoint: 4226 ns, Total: 85818 ns
[2023-11-16T04:18:03.565+0000][6][safepoint   ] Safepoint "Cleanup", Time since last: 1000150582 ns, Reaching safepoint: 104329 ns, At safepoint: 10641 ns, Total: 114970 ns
[2023-11-16T04:18:05.032+0000][6][safepoint   ] Safepoint "Cleanup", Time since last: 1466919846 ns, Reaching safepoint: 125078 ns, At safepoint: 7314 ns, Total: 132392 ns
[2023-11-16T04:18:06.033+0000][6][safepoint   ] Safepoint "Cleanup", Time since last: 1000097316 ns, Reaching safepoint: 104057 ns, At safepoint: 5152 ns, Total: 109209 ns
[2023-11-16T04:18:07.033+0000][6][safepoint   ] Safepoint "Cleanup", Time since last: 1000110725 ns, Reaching safepoint: 55262 ns, At safepoint: 4026 ns, Total: 59288 ns
[2023-11-16T04:18:07.894+0000][6][gc,start    ] GC(35) Pause Young (Normal) (G1 Evacuation Pause)
[2023-11-16T04:18:07.894+0000][6][gc,task     ] GC(35) Using 8 workers of 8 for evacuation
[2023-11-16T04:18:07.894+0000][6][gc,age      ] GC(35) Desired survivor size 20971520 bytes, new threshold 15 (max threshold 15)
[2023-11-16T04:18:07.930+0000][6][gc,age      ] GC(35) Age table with threshold 15 (max threshold 15)
[2023-11-16T04:18:07.930+0000][6][gc,age      ] GC(35) - age   1:    1539920 bytes,    1539920 total
[2023-11-16T04:18:07.930+0000][6][gc,age      ] GC(35) - age   2:     177352 bytes,    1717272 total
[2023-11-16T04:18:07.930+0000][6][gc,age      ] GC(35) - age   3:     424248 bytes,    2141520 total
[2023-11-16T04:18:07.930+0000][6][gc,age      ] GC(35) - age   4:     234992 bytes,    2376512 total
[2023-11-16T04:18:07.930+0000][6][gc,age      ] GC(35) - age   5:    3430016 bytes,    5806528 total
[2023-11-16T04:18:07.930+0000][6][gc,age      ] GC(35) - age   6:     716352 bytes,    6522880 total
[2023-11-16T04:18:07.930+0000][6][gc,age      ] GC(35) - age   7:       6464 bytes,    6529344 total
[2023-11-16T04:18:07.930+0000][6][gc,age      ] GC(35) - age   8:      24144 bytes,    6553488 total
[2023-11-16T04:18:07.930+0000][6][gc,age      ] GC(35) - age   9:      38776 bytes,    6592264 total
[2023-11-16T04:18:07.930+0000][6][gc,age      ] GC(35) - age  10:      39664 bytes,    6631928 total
[2023-11-16T04:18:07.930+0000][6][gc,age      ] GC(35) - age  11:      63440 bytes,    6695368 total
[2023-11-16T04:18:07.930+0000][6][gc,age      ] GC(35) - age  12:      73792 bytes,    6769160 total
[2023-11-16T04:18:07.930+0000][6][gc,age      ] GC(35) - age  13:      74776 bytes,    6843936 total
[2023-11-16T04:18:07.930+0000][6][gc,age      ] GC(35) - age  14:     126496 bytes,    6970432 total
[2023-11-16T04:18:07.930+0000][6][gc,age      ] GC(35) - age  15:     110032 bytes,    7080464 total
[2023-11-16T04:18:07.930+0000][6][gc,phases   ] GC(35)   Pre Evacuate Collection Set: 0.1ms
[2023-11-16T04:18:07.930+0000][6][gc,phases   ] GC(35)   Merge Heap Roots: 0.1ms
[2023-11-16T04:18:07.930+0000][6][gc,phases   ] GC(35)   Evacuate Collection Set: 34.9ms
[2023-11-16T04:18:07.930+0000][6][gc,phases   ] GC(35)   Post Evacuate Collection Set: 0.8ms
[2023-11-16T04:18:07.930+0000][6][gc,phases   ] GC(35)   Other: 0.3ms
[2023-11-16T04:18:07.930+0000][6][gc,heap     ] GC(35) Eden regions: 72->0(73)
[2023-11-16T04:18:07.930+0000][6][gc,heap     ] GC(35) Survivor regions: 4->3(10)
[2023-11-16T04:18:07.930+0000][6][gc,heap     ] GC(35) Old regions: 21->22
[2023-11-16T04:18:07.930+0000][6][gc,heap     ] GC(35) Archive regions: 2->2
[2023-11-16T04:18:07.930+0000][6][gc,heap     ] GC(35) Humongous regions: 5->5
[2023-11-16T04:18:07.930+0000][6][gc,metaspace] GC(35) Metaspace: 115692K(117440K)->115692K(117440K) NonClass: 100048K(101120K)->100048K(101120K) Class: 15643K(16320K)->15643K(16320K)
[2023-11-16T04:18:07.930+0000][6][gc          ] GC(35) Pause Young (Normal) (G1 Evacuation Pause) 408M->119M(512M) 36.192ms
[2023-11-16T04:18:07.930+0000][6][gc,cpu      ] GC(35) User=0.05s Sys=0.00s Real=0.04s
[2023-11-16T04:18:07.930+0000][6][safepoint   ] Safepoint "G1CollectForAllocation", Time since last: 861218566 ns, Reaching safepoint: 77466 ns, At safepoint: 36297789 ns, Total: 36375255 ns
[2023-11-16T04:18:08.931+0000][6][safepoint   ] Safepoint "Cleanup", Time since last: 1000072001 ns, Reaching safepoint: 61742 ns, At safepoint: 11640 ns, Total: 73382 ns
[2023-11-16T04:18:09.931+0000][6][safepoint   ] Safepoint "Cleanup", Time since last: 1000340679 ns, Reaching safepoint: 114573 ns, At safepoint: 6688 ns, Total: 121261 ns
[2023-11-16T04:18:10.931+0000][6][safepoint   ] Safepoint "Cleanup", Time since last: 1000111224 ns, Reaching safepoint: 89783 ns, At safepoint: 7784 ns, Total: 97567 ns
[2023-11-16T04:18:11.931+0000][6][safepoint   ] Safepoint "Cleanup", Time since last: 1000119904 ns, Reaching safepoint: 72220 ns, At safepoint: 5611 ns, Total: 77831 ns
[2023-11-16T04:18:12.932+0000][6][safepoint   ] Safepoint "Cleanup", Time since last: 1000351156 ns, Reaching safepoint: 89666 ns, At safepoint: 6409 ns, Total: 96075 ns
[2023-11-16T04:18:13.932+0000][6][safepoint   ] Safepoint "Cleanup", Time since last: 1000086736 ns, Reaching safepoint: 45425 ns, At safepoint: 25440 ns, Total: 70865 ns
[2023-11-16T04:18:15.932+0000][6][safepoint   ] Safepoint "Cleanup", Time since last: 2000189107 ns, Reaching safepoint: 92433 ns, At safepoint: 7016 ns, Total: 99449 ns
[2023-11-16T04:18:16.933+0000][6][safepoint   ] Safepoint "Cleanup", Time since last: 1000192062 ns, Reaching safepoint: 87224 ns, At safepoint: 5228 ns, Total: 92452 ns
[2023-11-16T04:18:17.933+0000][6][safepoint   ] Safepoint "Cleanup", Time since last: 1000090859 ns, Reaching safepoint: 84285 ns, At safepoint: 6993 ns, Total: 91278 ns
[2023-11-16T04:18:18.933+0000][6][safepoint   ] Safepoint "Cleanup", Time since last: 1000110755 ns, Reaching safepoint: 47996 ns, At safepoint: 3944 ns, Total: 51940 ns
[2023-11-16T04:18:19.933+0000][6][safepoint   ] Safepoint "Cleanup", Time since last: 1000160108 ns, Reaching safepoint: 114343 ns, At safepoint: 6642 ns, Total: 120985 ns
[2023-11-16T04:18:20.933+0000][6][safepoint   ] Safepoint "Cleanup", Time since last: 1000104739 ns, Reaching safepoint: 90280 ns, At safepoint: 8533 ns, Total: 98813 ns
[2023-11-16T04:18:21.934+0000][6][safepoint   ] Safepoint "Cleanup", Time since last: 1000094365 ns, Reaching safepoint: 52925 ns, At safepoint: 3954 ns, Total: 56879 ns
[2023-11-16T04:18:22.934+0000][6][safepoint   ] Safepoint "Cleanup", Time since last: 1000114116 ns, Reaching safepoint: 58581 ns, At safepoint: 6797 ns, Total: 65378 ns
[2023-11-16T04:18:24.934+0000][6][safepoint   ] Safepoint "Cleanup", Time since last: 2000280181 ns, Reaching safepoint: 68990 ns, At safepoint: 21412 ns, Total: 90402 ns
[2023-11-16T04:18:25.934+0000][6][safepoint   ] Safepoint "Cleanup", Time since last: 1000105089 ns, Reaching safepoint: 61113 ns, At safepoint: 21568 ns, Total: 82681 ns
[2023-11-16T04:18:27.634+0000][6][gc,start    ] GC(36) Pause Young (Normal) (G1 Evacuation Pause)
[2023-11-16T04:18:27.634+0000][6][gc,task     ] GC(36) Using 8 workers of 8 for evacuation
[2023-11-16T04:18:27.634+0000][6][gc,age      ] GC(36) Desired survivor size 20971520 bytes, new threshold 15 (max threshold 15)
[2023-11-16T04:18:27.642+0000][6][gc,age      ] GC(36) Age table with threshold 15 (max threshold 15)
[2023-11-16T04:18:27.642+0000][6][gc,age      ] GC(36) - age   1:    4091864 bytes,    4091864 total
[2023-11-16T04:18:27.642+0000][6][gc,age      ] GC(36) - age   2:    1429112 bytes,    5520976 total
[2023-11-16T04:18:27.642+0000][6][gc,age      ] GC(36) - age   3:      50072 bytes,    5571048 total
[2023-11-16T04:18:27.642+0000][6][gc,age      ] GC(36) - age   4:     314528 bytes,    5885576 total
[2023-11-16T04:18:27.642+0000][6][gc,age      ] GC(36) - age   5:     234624 bytes,    6120200 total
[2023-11-16T04:18:27.642+0000][6][gc,age      ] GC(36) - age   6:    3427448 bytes,    9547648 total
[2023-11-16T04:18:27.642+0000][6][gc,age      ] GC(36) - age   7:     716104 bytes,   10263752 total
[2023-11-16T04:18:27.642+0000][6][gc,age      ] GC(36) - age   8:       6000 bytes,   10269752 total
[2023-11-16T04:18:27.642+0000][6][gc,age      ] GC(36) - age   9:      24144 bytes,   10293896 total
[2023-11-16T04:18:27.642+0000][6][gc,age      ] GC(36) - age  10:      38776 bytes,   10332672 total
[2023-11-16T04:18:27.642+0000][6][gc,age      ] GC(36) - age  11:      38992 bytes,   10371664 total
[2023-11-16T04:18:27.642+0000][6][gc,age      ] GC(36) - age  12:      63344 bytes,   10435008 total
[2023-11-16T04:18:27.642+0000][6][gc,age      ] GC(36) - age  13:      73792 bytes,   10508800 total
[2023-11-16T04:18:27.642+0000][6][gc,age      ] GC(36) - age  14:      74776 bytes,   10583576 total
[2023-11-16T04:18:27.642+0000][6][gc,age      ] GC(36) - age  15:     126360 bytes,   10709936 total
[2023-11-16T04:18:27.642+0000][6][gc,phases   ] GC(36)   Pre Evacuate Collection Set: 0.1ms
[2023-11-16T04:18:27.642+0000][6][gc,phases   ] GC(36)   Merge Heap Roots: 0.0ms
[2023-11-16T04:18:27.642+0000][6][gc,phases   ] GC(36)   Evacuate Collection Set: 6.3ms
[2023-11-16T04:18:27.642+0000][6][gc,phases   ] GC(36)   Post Evacuate Collection Set: 0.9ms
[2023-11-16T04:18:27.642+0000][6][gc,phases   ] GC(36)   Other: 0.3ms
[2023-11-16T04:18:27.642+0000][6][gc,heap     ] GC(36) Eden regions: 73->0(73)
[2023-11-16T04:18:27.642+0000][6][gc,heap     ] GC(36) Survivor regions: 3->3(10)
[2023-11-16T04:18:27.642+0000][6][gc,heap     ] GC(36) Old regions: 22->22
[2023-11-16T04:18:27.642+0000][6][gc,heap     ] GC(36) Archive regions: 2->2
[2023-11-16T04:18:27.642+0000][6][gc,heap     ] GC(36) Humongous regions: 5->5
[2023-11-16T04:18:27.642+0000][6][gc,metaspace] GC(36) Metaspace: 115896K(117696K)->115896K(117696K) NonClass: 100236K(101312K)->100236K(101312K) Class: 15660K(16384K)->15660K(16384K)
[2023-11-16T04:18:27.642+0000][6][gc          ] GC(36) Pause Young (Normal) (G1 Evacuation Pause) 411M->122M(512M) 7.694ms
[2023-11-16T04:18:27.642+0000][6][gc,cpu      ] GC(36) User=0.03s Sys=0.00s Real=0.01s
[2023-11-16T04:18:27.642+0000][6][safepoint   ] Safepoint "G1CollectForAllocation", Time since last: 1700012927 ns, Reaching safepoint: 53042 ns, At safepoint: 7786845 ns, Total: 7839887 ns
[2023-11-16T04:18:28.643+0000][6][safepoint   ] Safepoint "Cleanup", Time since last: 1000390129 ns, Reaching safepoint: 55453 ns, At safepoint: 7480 ns, Total: 62933 ns
[2023-11-16T04:18:29.643+0000][6][safepoint   ] Safepoint "Cleanup", Time since last: 1000087214 ns, Reaching safepoint: 41931 ns, At safepoint: 26601 ns, Total: 68532 ns
[2023-11-16T04:18:30.643+0000][6][safepoint   ] Safepoint "Cleanup", Time since last: 1000160538 ns, Reaching safepoint: 60932 ns, At safepoint: 7357 ns, Total: 68289 ns
[2023-11-16T04:18:32.643+0000][6][safepoint   ] Safepoint "Cleanup", Time since last: 2000309125 ns, Reaching safepoint: 82331 ns, At safepoint: 9145 ns, Total: 91476 ns
[2023-11-16T04:18:33.644+0000][6][safepoint   ] Safepoint "Cleanup", Time since last: 1000144288 ns, Reaching safepoint: 63504 ns, At safepoint: 4506 ns, Total: 68010 ns
[2023-11-16T04:18:34.644+0000][6][safepoint   ] Safepoint "Cleanup", Time since last: 1000153568 ns, Reaching safepoint: 124098 ns, At safepoint: 16314 ns, Total: 140412 ns
[2023-11-16T04:18:35.644+0000][6][safepoint   ] Safepoint "Cleanup", Time since last: 1000170380 ns, Reaching safepoint: 81688 ns, At safepoint: 7076 ns, Total: 88764 ns
[2023-11-16T04:18:36.644+0000][6][safepoint   ] Safepoint "Cleanup", Time since last: 1000118298 ns, Reaching safepoint: 50258 ns, At safepoint: 5450 ns, Total: 55708 ns
[2023-11-16T04:18:37.645+0000][6][safepoint   ] Safepoint "Cleanup", Time since last: 1000161620 ns, Reaching safepoint: 166720 ns, At safepoint: 3992 ns, Total: 170712 ns
[2023-11-16T04:18:38.645+0000][6][safepoint   ] Safepoint "Cleanup", Time since last: 1000112770 ns, Reaching safepoint: 112206 ns, At safepoint: 4725 ns, Total: 116931 ns
[2023-11-16T04:18:39.645+0000][6][safepoint   ] Safepoint "Cleanup", Time since last: 1000134721 ns, Reaching safepoint: 80287 ns, At safepoint: 7165 ns, Total: 87452 ns
[2023-11-16T04:18:40.645+0000][6][safepoint   ] Safepoint "Cleanup", Time since last: 1000147065 ns, Reaching safepoint: 105032 ns, At safepoint: 5169 ns, Total: 110201 ns
[2023-11-16T04:18:41.646+0000][6][safepoint   ] Safepoint "Cleanup", Time since last: 1000346110 ns, Reaching safepoint: 76132 ns, At safepoint: 6393 ns, Total: 82525 ns
[2023-11-16T04:18:42.646+0000][6][safepoint   ] Safepoint "Cleanup", Time since last: 1000129736 ns, Reaching safepoint: 91398 ns, At safepoint: 6450 ns, Total: 97848 ns
[2023-11-16T04:18:43.646+0000][6][safepoint   ] Safepoint "Cleanup", Time since last: 1000164243 ns, Reaching safepoint: 73280 ns, At safepoint: 6564 ns, Total: 79844 ns
[2023-11-16T04:18:44.647+0000][6][safepoint   ] Safepoint "Cleanup", Time since last: 1000155703 ns, Reaching safepoint: 157756 ns, At safepoint: 6818 ns, Total: 164574 ns
[2023-11-16T04:18:45.647+0000][6][safepoint   ] Safepoint "Cleanup", Time since last: 1000147029 ns, Reaching safepoint: 209251 ns, At safepoint: 3488 ns, Total: 212739 ns
[2023-11-16T04:18:46.647+0000][6][safepoint   ] Safepoint "Cleanup", Time since last: 1000095176 ns, Reaching safepoint: 87875 ns, At safepoint: 7679 ns, Total: 95554 ns
[2023-11-16T04:18:46.742+0000][6][gc,start    ] GC(37) Pause Young (Normal) (G1 Evacuation Pause)
[2023-11-16T04:18:46.742+0000][6][gc,task     ] GC(37) Using 8 workers of 8 for evacuation
[2023-11-16T04:18:46.742+0000][6][gc,age      ] GC(37) Desired survivor size 20971520 bytes, new threshold 15 (max threshold 15)
[2023-11-16T04:18:46.749+0000][6][gc,age      ] GC(37) Age table with threshold 15 (max threshold 15)
[2023-11-16T04:18:46.749+0000][6][gc,age      ] GC(37) - age   1:    3231416 bytes,    3231416 total
[2023-11-16T04:18:46.749+0000][6][gc,age      ] GC(37) - age   2:    2469344 bytes,    5700760 total
[2023-11-16T04:18:46.749+0000][6][gc,age      ] GC(37) - age   3:    1323560 bytes,    7024320 total
[2023-11-16T04:18:46.749+0000][6][gc,age      ] GC(37) - age   4:       6192 bytes,    7030512 total
[2023-11-16T04:18:46.749+0000][6][gc,age      ] GC(37) - age   5:     244016 bytes,    7274528 total
[2023-11-16T04:18:46.749+0000][6][gc,age      ] GC(37) - age   6:     185496 bytes,    7460024 total
[2023-11-16T04:18:46.749+0000][6][gc,age      ] GC(37) - age   7:    3406504 bytes,   10866528 total
[2023-11-16T04:18:46.749+0000][6][gc,age      ] GC(37) - age   8:     715840 bytes,   11582368 total
[2023-11-16T04:18:46.749+0000][6][gc,age      ] GC(37) - age   9:       6000 bytes,   11588368 total
[2023-11-16T04:18:46.749+0000][6][gc,age      ] GC(37) - age  10:      10440 bytes,   11598808 total
[2023-11-16T04:18:46.749+0000][6][gc,age      ] GC(37) - age  11:      38592 bytes,   11637400 total
[2023-11-16T04:18:46.749+0000][6][gc,age      ] GC(37) - age  12:      38992 bytes,   11676392 total
[2023-11-16T04:18:46.749+0000][6][gc,age      ] GC(37) - age  13:      63144 bytes,   11739536 total
[2023-11-16T04:18:46.749+0000][6][gc,age      ] GC(37) - age  14:      73792 bytes,   11813328 total
[2023-11-16T04:18:46.749+0000][6][gc,age      ] GC(37) - age  15:      74776 bytes,   11888104 total
[2023-11-16T04:18:46.750+0000][6][gc,phases   ] GC(37)   Pre Evacuate Collection Set: 0.5ms
[2023-11-16T04:18:46.750+0000][6][gc,phases   ] GC(37)   Merge Heap Roots: 0.1ms
[2023-11-16T04:18:46.750+0000][6][gc,phases   ] GC(37)   Evacuate Collection Set: 4.9ms
[2023-11-16T04:18:46.750+0000][6][gc,phases   ] GC(37)   Post Evacuate Collection Set: 0.7ms
[2023-11-16T04:18:46.750+0000][6][gc,phases   ] GC(37)   Other: 1.1ms
[2023-11-16T04:18:46.750+0000][6][gc,heap     ] GC(37) Eden regions: 73->0(71)
[2023-11-16T04:18:46.750+0000][6][gc,heap     ] GC(37) Survivor regions: 3->4(10)
[2023-11-16T04:18:46.750+0000][6][gc,heap     ] GC(37) Old regions: 22->22
[2023-11-16T04:18:46.750+0000][6][gc,heap     ] GC(37) Archive regions: 2->2
[2023-11-16T04:18:46.750+0000][6][gc,heap     ] GC(37) Humongous regions: 5->5
[2023-11-16T04:18:46.750+0000][6][gc,metaspace] GC(37) Metaspace: 115961K(117696K)->115961K(117696K) NonClass: 100300K(101312K)->100300K(101312K) Class: 15660K(16384K)->15660K(16384K)
[2023-11-16T04:18:46.750+0000][6][gc          ] GC(37) Pause Young (Normal) (G1 Evacuation Pause) 414M->124M(512M) 8.476ms
[2023-11-16T04:18:46.750+0000][6][gc,cpu      ] GC(37) User=0.03s Sys=0.01s Real=0.01s
[2023-11-16T04:18:46.750+0000][6][safepoint   ] Safepoint "G1CollectForAllocation", Time since last: 92382142 ns, Reaching safepoint: 35953 ns, At safepoint: 10546588 ns, Total: 10582541 ns
[2023-11-16T04:18:48.237+0000][6][safepoint   ] Safepoint "Cleanup", Time since last: 1486367295 ns, Reaching safepoint: 103535 ns, At safepoint: 9919 ns, Total: 113454 ns
[2023-11-16T04:18:49.237+0000][6][safepoint   ] Safepoint "Cleanup", Time since last: 1000106658 ns, Reaching safepoint: 144146 ns, At safepoint: 5493 ns, Total: 149639 ns
[2023-11-16T04:18:50.798+0000][6][safepoint   ] Safepoint "Cleanup", Time since last: 1560975892 ns, Reaching safepoint: 117973 ns, At safepoint: 8203 ns, Total: 126176 ns
[2023-11-16T04:18:51.798+0000][6][safepoint   ] Safepoint "Cleanup", Time since last: 1000107273 ns, Reaching safepoint: 54843 ns, At safepoint: 4677 ns, Total: 59520 ns
[2023-11-16T04:18:52.851+0000][6][safepoint   ] Safepoint "Cleanup", Time since last: 1052460244 ns, Reaching safepoint: 169824 ns, At safepoint: 6340 ns, Total: 176164 ns
[2023-11-16T04:18:54.851+0000][6][safepoint   ] Safepoint "Cleanup", Time since last: 2000203869 ns, Reaching safepoint: 82637 ns, At safepoint: 5852 ns, Total: 88489 ns
[2023-11-16T04:18:55.851+0000][6][safepoint   ] Safepoint "Cleanup", Time since last: 1000098409 ns, Reaching safepoint: 63733 ns, At safepoint: 5259 ns, Total: 68992 ns
[2023-11-16T04:18:56.852+0000][6][safepoint   ] Safepoint "Cleanup", Time since last: 1000230845 ns, Reaching safepoint: 140031 ns, At safepoint: 25118 ns, Total: 165149 ns
[2023-11-16T04:18:57.852+0000][6][safepoint   ] Safepoint "Cleanup", Time since last: 1000202624 ns, Reaching safepoint: 88428 ns, At safepoint: 7158 ns, Total: 95586 ns
[2023-11-16T04:18:58.852+0000][6][safepoint   ] Safepoint "Cleanup", Time since last: 1000153033 ns, Reaching safepoint: 67340 ns, At safepoint: 6215 ns, Total: 73555 ns
[2023-11-16T04:18:59.853+0000][6][safepoint   ] Safepoint "Cleanup", Time since last: 1000364055 ns, Reaching safepoint: 35910 ns, At safepoint: 5711 ns, Total: 41621 ns
[2023-11-16T04:19:00.853+0000][6][safepoint   ] Safepoint "Cleanup", Time since last: 1000311984 ns, Reaching safepoint: 86110 ns, At safepoint: 8433 ns, Total: 94543 ns
[2023-11-16T04:19:02.853+0000][6][safepoint   ] Safepoint "Cleanup", Time since last: 2000310144 ns, Reaching safepoint: 100067 ns, At safepoint: 4690 ns, Total: 104757 ns
[2023-11-16T04:19:03.854+0000][6][safepoint   ] Safepoint "Cleanup", Time since last: 1000093952 ns, Reaching safepoint: 77439 ns, At safepoint: 7914 ns, Total: 85353 ns
[2023-11-16T04:19:04.077+0000][6][gc,start    ] GC(38) Pause Young (Normal) (G1 Evacuation Pause)
[2023-11-16T04:19:04.077+0000][6][gc,task     ] GC(38) Using 8 workers of 8 for evacuation
[2023-11-16T04:19:04.077+0000][6][gc,age      ] GC(38) Desired survivor size 20971520 bytes, new threshold 15 (max threshold 15)
[2023-11-16T04:19:04.087+0000][6][gc,age      ] GC(38) Age table with threshold 15 (max threshold 15)
[2023-11-16T04:19:04.087+0000][6][gc,age      ] GC(38) - age   1:    2242000 bytes,    2242000 total
[2023-11-16T04:19:04.087+0000][6][gc,age      ] GC(38) - age   2:    1750880 bytes,    3992880 total
[2023-11-16T04:19:04.087+0000][6][gc,age      ] GC(38) - age   3:    2436648 bytes,    6429528 total
[2023-11-16T04:19:04.087+0000][6][gc,age      ] GC(38) - age   4:    1323560 bytes,    7753088 total
[2023-11-16T04:19:04.087+0000][6][gc,age      ] GC(38) - age   5:       6000 bytes,    7759088 total
[2023-11-16T04:19:04.087+0000][6][gc,age      ] GC(38) - age   6:     242968 bytes,    8002056 total
[2023-11-16T04:19:04.087+0000][6][gc,age      ] GC(38) - age   7:     185368 bytes,    8187424 total
[2023-11-16T04:19:04.087+0000][6][gc,age      ] GC(38) - age   8:    3406312 bytes,   11593736 total
[2023-11-16T04:19:04.087+0000][6][gc,age      ] GC(38) - age   9:     715648 bytes,   12309384 total
[2023-11-16T04:19:04.087+0000][6][gc,age      ] GC(38) - age  10:       6000 bytes,   12315384 total
[2023-11-16T04:19:04.087+0000][6][gc,age      ] GC(38) - age  11:      10376 bytes,   12325760 total
[2023-11-16T04:19:04.087+0000][6][gc,age      ] GC(38) - age  12:      38592 bytes,   12364352 total
[2023-11-16T04:19:04.087+0000][6][gc,age      ] GC(38) - age  13:      38992 bytes,   12403344 total
[2023-11-16T04:19:04.087+0000][6][gc,age      ] GC(38) - age  14:      63144 bytes,   12466488 total
[2023-11-16T04:19:04.087+0000][6][gc,age      ] GC(38) - age  15:      73792 bytes,   12540280 total
[2023-11-16T04:19:04.087+0000][6][gc,phases   ] GC(38)   Pre Evacuate Collection Set: 0.1ms
[2023-11-16T04:19:04.087+0000][6][gc,phases   ] GC(38)   Merge Heap Roots: 0.1ms
[2023-11-16T04:19:04.087+0000][6][gc,phases   ] GC(38)   Evacuate Collection Set: 8.9ms
[2023-11-16T04:19:04.087+0000][6][gc,phases   ] GC(38)   Post Evacuate Collection Set: 0.7ms
[2023-11-16T04:19:04.087+0000][6][gc,phases   ] GC(38)   Other: 0.3ms
[2023-11-16T04:19:04.087+0000][6][gc,heap     ] GC(38) Eden regions: 71->0(71)
[2023-11-16T04:19:04.087+0000][6][gc,heap     ] GC(38) Survivor regions: 4->4(10)
[2023-11-16T04:19:04.087+0000][6][gc,heap     ] GC(38) Old regions: 22->22
[2023-11-16T04:19:04.087+0000][6][gc,heap     ] GC(38) Archive regions: 2->2
[2023-11-16T04:19:04.087+0000][6][gc,heap     ] GC(38) Humongous regions: 5->5
[2023-11-16T04:19:04.087+0000][6][gc,metaspace] GC(38) Metaspace: 116050K(117824K)->116050K(117824K) NonClass: 100389K(101440K)->100389K(101440K) Class: 15660K(16384K)->15660K(16384K)
[2023-11-16T04:19:04.087+0000][6][gc          ] GC(38) Pause Young (Normal) (G1 Evacuation Pause) 407M->124M(512M) 9.978ms
[2023-11-16T04:19:04.087+0000][6][gc,cpu      ] GC(38) User=0.03s Sys=0.00s Real=0.01s
[2023-11-16T04:19:04.087+0000][6][safepoint   ] Safepoint "G1CollectForAllocation", Time since last: 223177579 ns, Reaching safepoint: 41976 ns, At safepoint: 10059154 ns, Total: 10101130 ns
[2023-11-16T04:19:05.087+0000][6][safepoint   ] Safepoint "Cleanup", Time since last: 1000072132 ns, Reaching safepoint: 36143 ns, At safepoint: 4865 ns, Total: 41008 ns
[2023-11-16T04:19:06.087+0000][6][safepoint   ] Safepoint "Cleanup", Time since last: 1000335327 ns, Reaching safepoint: 62207 ns, At safepoint: 5475 ns, Total: 67682 ns
[2023-11-16T04:19:07.087+0000][6][safepoint   ] Safepoint "Cleanup", Time since last: 1000093007 ns, Reaching safepoint: 28875 ns, At safepoint: 2612 ns, Total: 31487 ns
[2023-11-16T04:19:08.088+0000][6][safepoint   ] Safepoint "Cleanup", Time since last: 1000342013 ns, Reaching safepoint: 29901 ns, At safepoint: 4771 ns, Total: 34672 ns
[2023-11-16T04:19:10.088+0000][6][safepoint   ] Safepoint "Cleanup", Time since last: 2000372046 ns, Reaching safepoint: 103014 ns, At safepoint: 7380 ns, Total: 110394 ns
[2023-11-16T04:19:11.089+0000][6][safepoint   ] Safepoint "Cleanup", Time since last: 1000141200 ns, Reaching safepoint: 71841 ns, At safepoint: 6396 ns, Total: 78237 ns
[2023-11-16T04:19:13.089+0000][6][safepoint   ] Safepoint "Cleanup", Time since last: 2000427415 ns, Reaching safepoint: 64527 ns, At safepoint: 7398 ns, Total: 71925 ns
[2023-11-16T04:19:14.089+0000][6][safepoint   ] Safepoint "Cleanup", Time since last: 1000228776 ns, Reaching safepoint: 81584 ns, At safepoint: 4487 ns, Total: 86071 ns
[2023-11-16T04:19:15.090+0000][6][safepoint   ] Safepoint "Cleanup", Time since last: 1000346963 ns, Reaching safepoint: 69252 ns, At safepoint: 4258 ns, Total: 73510 ns
[2023-11-16T04:19:16.090+0000][6][safepoint   ] Safepoint "Cleanup", Time since last: 1000091293 ns, Reaching safepoint: 58633 ns, At safepoint: 4671 ns, Total: 63304 ns
[2023-11-16T04:19:17.090+0000][6][safepoint   ] Safepoint "Cleanup", Time since last: 1000132638 ns, Reaching safepoint: 117179 ns, At safepoint: 10241 ns, Total: 127420 ns
[2023-11-16T04:19:18.091+0000][6][safepoint   ] Safepoint "Cleanup", Time since last: 1000238807 ns, Reaching safepoint: 163302 ns, At safepoint: 4109 ns, Total: 167411 ns
[2023-11-16T04:19:19.093+0000][6][safepoint   ] Safepoint "Cleanup", Time since last: 1002213812 ns, Reaching safepoint: 167708 ns, At safepoint: 9539 ns, Total: 177247 ns
[2023-11-16T04:19:20.093+0000][6][safepoint   ] Safepoint "Cleanup", Time since last: 1000164314 ns, Reaching safepoint: 205874 ns, At safepoint: 24463 ns, Total: 230337 ns
[2023-11-16T04:19:20.649+0000][6][gc,start    ] GC(39) Pause Young (Normal) (G1 Evacuation Pause)
[2023-11-16T04:19:20.649+0000][6][gc,task     ] GC(39) Using 8 workers of 8 for evacuation
[2023-11-16T04:19:20.649+0000][6][gc,age      ] GC(39) Desired survivor size 20971520 bytes, new threshold 15 (max threshold 15)
[2023-11-16T04:19:20.654+0000][6][gc,age      ] GC(39) Age table with threshold 15 (max threshold 15)
[2023-11-16T04:19:20.654+0000][6][gc,age      ] GC(39) - age   1:    2351648 bytes,    2351648 total
[2023-11-16T04:19:20.654+0000][6][gc,age      ] GC(39) - age   2:     838744 bytes,    3190392 total
[2023-11-16T04:19:20.654+0000][6][gc,age      ] GC(39) - age   3:    1557976 bytes,    4748368 total
[2023-11-16T04:19:20.654+0000][6][gc,age      ] GC(39) - age   4:    2257128 bytes,    7005496 total
[2023-11-16T04:19:20.654+0000][6][gc,age      ] GC(39) - age   5:    1206224 bytes,    8211720 total
[2023-11-16T04:19:20.654+0000][6][gc,age      ] GC(39) - age   6:       6000 bytes,    8217720 total
[2023-11-16T04:19:20.654+0000][6][gc,age      ] GC(39) - age   7:     241320 bytes,    8459040 total
[2023-11-16T04:19:20.654+0000][6][gc,age      ] GC(39) - age   8:     185368 bytes,    8644408 total
[2023-11-16T04:19:20.654+0000][6][gc,age      ] GC(39) - age   9:    3385296 bytes,   12029704 total
[2023-11-16T04:19:20.654+0000][6][gc,age      ] GC(39) - age  10:     713592 bytes,   12743296 total
[2023-11-16T04:19:20.654+0000][6][gc,age      ] GC(39) - age  11:       5936 bytes,   12749232 total
[2023-11-16T04:19:20.654+0000][6][gc,age      ] GC(39) - age  12:      10376 bytes,   12759608 total
[2023-11-16T04:19:20.654+0000][6][gc,age      ] GC(39) - age  13:      38592 bytes,   12798200 total
[2023-11-16T04:19:20.654+0000][6][gc,age      ] GC(39) - age  14:      38992 bytes,   12837192 total
[2023-11-16T04:19:20.654+0000][6][gc,age      ] GC(39) - age  15:      63144 bytes,   12900336 total
[2023-11-16T04:19:20.654+0000][6][gc,phases   ] GC(39)   Pre Evacuate Collection Set: 0.1ms
[2023-11-16T04:19:20.654+0000][6][gc,phases   ] GC(39)   Merge Heap Roots: 0.1ms
[2023-11-16T04:19:20.654+0000][6][gc,phases   ] GC(39)   Evacuate Collection Set: 4.4ms
[2023-11-16T04:19:20.654+0000][6][gc,phases   ] GC(39)   Post Evacuate Collection Set: 0.6ms
[2023-11-16T04:19:20.654+0000][6][gc,phases   ] GC(39)   Other: 0.3ms
[2023-11-16T04:19:20.654+0000][6][gc,heap     ] GC(39) Eden regions: 71->0(71)
[2023-11-16T04:19:20.654+0000][6][gc,heap     ] GC(39) Survivor regions: 4->4(10)
[2023-11-16T04:19:20.654+0000][6][gc,heap     ] GC(39) Old regions: 22->22
[2023-11-16T04:19:20.654+0000][6][gc,heap     ] GC(39) Archive regions: 2->2
[2023-11-16T04:19:20.654+0000][6][gc,heap     ] GC(39) Humongous regions: 5->5
[2023-11-16T04:19:20.654+0000][6][gc,metaspace] GC(39) Metaspace: 116094K(117824K)->116094K(117824K) NonClass: 100432K(101440K)->100432K(101440K) Class: 15662K(16384K)->15662K(16384K)
[2023-11-16T04:19:20.654+0000][6][gc          ] GC(39) Pause Young (Normal) (G1 Evacuation Pause) 408M->125M(512M) 5.363ms
[2023-11-16T04:19:20.654+0000][6][gc,cpu      ] GC(39) User=0.03s Sys=0.00s Real=0.01s
[2023-11-16T04:19:20.654+0000][6][safepoint   ] Safepoint "G1CollectForAllocation", Time since last: 555212217 ns, Reaching safepoint: 48611 ns, At safepoint: 5458733 ns, Total: 5507344 ns
[2023-11-16T04:19:21.654+0000][6][safepoint   ] Safepoint "Cleanup", Time since last: 1000114234 ns, Reaching safepoint: 96587 ns, At safepoint: 8854 ns, Total: 105441 ns
[2023-11-16T04:19:24.655+0000][6][safepoint   ] Safepoint "Cleanup", Time since last: 3000340194 ns, Reaching safepoint: 90044 ns, At safepoint: 4950 ns, Total: 94994 ns
[2023-11-16T04:19:28.655+0000][6][safepoint   ] Safepoint "Cleanup", Time since last: 4000262452 ns, Reaching safepoint: 78954 ns, At safepoint: 4537 ns, Total: 83491 ns
[2023-11-16T04:19:29.655+0000][6][safepoint   ] Safepoint "Cleanup", Time since last: 1000093779 ns, Reaching safepoint: 40366 ns, At safepoint: 4183 ns, Total: 44549 ns
[2023-11-16T04:19:30.309+0000][6][gc,heap,exit] Heap
[2023-11-16T04:19:30.309+0000][6][gc,heap,exit]  garbage-first heap   total 524288K, used 321427K [0x00000000e0000000, 0x0000000100000000)
[2023-11-16T04:19:30.309+0000][6][gc,heap,exit]   region size 4096K, 52 young (212992K), 4 survivors (16384K)
[2023-11-16T04:19:30.309+0000][6][gc,heap,exit]  Metaspace       used 116292K, committed 117952K, reserved 1155072K
[2023-11-16T04:19:30.309+0000][6][gc,heap,exit]   class space    used 15699K, committed 16384K, reserved 1048576K
