[2023-10-31T00:13:24.198+0000][7][gc] Using G1
[2023-10-31T00:13:24.298+0000][7][gc,init] Version: 17.0.1+12 (release)
[2023-10-31T00:13:24.298+0000][7][gc,init] CPUs: 8 total, 8 available
[2023-10-31T00:13:24.298+0000][7][gc,init] Memory: 7659M
[2023-10-31T00:13:24.298+0000][7][gc,init] Large Page Support: Disabled
[2023-10-31T00:13:24.298+0000][7][gc,init] NUMA Support: Disabled
[2023-10-31T00:13:24.298+0000][7][gc,init] Compressed Oops: Enabled (32-bit)
[2023-10-31T00:13:24.298+0000][7][gc,init] Heap Region Size: 4M
[2023-10-31T00:13:24.298+0000][7][gc,init] Heap Min Capacity: 512M
[2023-10-31T00:13:24.298+0000][7][gc,init] Heap Initial Capacity: 512M
[2023-10-31T00:13:24.298+0000][7][gc,init] Heap Max Capacity: 512M
[2023-10-31T00:13:24.298+0000][7][gc,init] Pre-touch: Enabled
[2023-10-31T00:13:24.298+0000][7][gc,init] Parallel Workers: 8
[2023-10-31T00:13:24.298+0000][7][gc,init] Concurrent Workers: 2
[2023-10-31T00:13:24.298+0000][7][gc,init] Concurrent Refinement Workers: 8
[2023-10-31T00:13:24.298+0000][7][gc,init] Periodic GC: Disabled
[2023-10-31T00:13:24.298+0000][7][gc,metaspace] CDS archive(s) mapped at: [0x0000000800000000-0x0000000800bd1000-0x0000000800bd1000), size 12390400, SharedBaseAddress: 0x0000000800000000, ArchiveRelocationMode: 0.
[2023-10-31T00:13:24.298+0000][7][gc,metaspace] Compressed class space mapped at: 0x0000000800c00000-0x0000000840c00000, reserved size: 1073741824
[2023-10-31T00:13:24.298+0000][7][gc,metaspace] Narrow klass base: 0x0000000800000000, Narrow klass shift: 0, Narrow klass range: 0x100000000
[2023-10-31T00:13:24.912+0000][7][safepoint   ] Safepoint "ICBufferFull", Time since last: 607989033 ns, Reaching safepoint: 133339 ns, At safepoint: 5570 ns, Total: 138909 ns
[2023-10-31T00:13:25.317+0000][7][gc,start    ] GC(0) Pause Young (Normal) (G1 Evacuation Pause)
[2023-10-31T00:13:25.317+0000][7][gc,task     ] GC(0) Using 8 workers of 8 for evacuation
[2023-10-31T00:13:25.317+0000][7][gc,age      ] GC(0) Desired survivor size 2097152 bytes, new threshold 15 (max threshold 15)
[2023-10-31T00:13:25.326+0000][7][gc,age      ] GC(0) Age table with threshold 15 (max threshold 15)
[2023-10-31T00:13:25.326+0000][7][gc,age      ] GC(0) - age   1:    4080216 bytes,    4080216 total
[2023-10-31T00:13:25.326+0000][7][gc,phases   ] GC(0)   Pre Evacuate Collection Set: 0.1ms
[2023-10-31T00:13:25.326+0000][7][gc,phases   ] GC(0)   Merge Heap Roots: 0.0ms
[2023-10-31T00:13:25.327+0000][7][gc,phases   ] GC(0)   Evacuate Collection Set: 8.5ms
[2023-10-31T00:13:25.327+0000][7][gc,phases   ] GC(0)   Post Evacuate Collection Set: 0.5ms
[2023-10-31T00:13:25.327+0000][7][gc,phases   ] GC(0)   Other: 0.6ms
[2023-10-31T00:13:25.327+0000][7][gc,heap     ] GC(0) Eden regions: 6->0(6)
[2023-10-31T00:13:25.327+0000][7][gc,heap     ] GC(0) Survivor regions: 0->1(1)
[2023-10-31T00:13:25.327+0000][7][gc,heap     ] GC(0) Old regions: 0->0
[2023-10-31T00:13:25.327+0000][7][gc,heap     ] GC(0) Archive regions: 2->2
[2023-10-31T00:13:25.327+0000][7][gc,heap     ] GC(0) Humongous regions: 0->0
[2023-10-31T00:13:25.328+0000][7][gc,metaspace] GC(0) Metaspace: 7513K(7680K)->7513K(7680K) NonClass: 6642K(6720K)->6642K(6720K) Class: 870K(960K)->870K(960K)
[2023-10-31T00:13:25.328+0000][7][gc          ] GC(0) Pause Young (Normal) (G1 Evacuation Pause) 27M->7M(512M) 11.114ms
[2023-10-31T00:13:25.328+0000][7][gc,cpu      ] GC(0) User=0.03s Sys=0.00s Real=0.01s
[2023-10-31T00:13:25.328+0000][7][safepoint   ] Safepoint "G1CollectForAllocation", Time since last: 404073140 ns, Reaching safepoint: 78674 ns, At safepoint: 11471456 ns, Total: 11550130 ns
[2023-10-31T00:13:26.486+0000][7][safepoint   ] Safepoint "Cleanup", Time since last: 1157921112 ns, Reaching safepoint: 127470 ns, At safepoint: 9173 ns, Total: 136643 ns
[2023-10-31T00:13:27.614+0000][7][gc,start    ] GC(1) Pause Young (Normal) (G1 Evacuation Pause)
[2023-10-31T00:13:27.614+0000][7][gc,task     ] GC(1) Using 8 workers of 8 for evacuation
[2023-10-31T00:13:27.614+0000][7][gc,age      ] GC(1) Desired survivor size 2097152 bytes, new threshold 1 (max threshold 15)
[2023-10-31T00:13:27.623+0000][7][gc,age      ] GC(1) Age table with threshold 1 (max threshold 15)
[2023-10-31T00:13:27.623+0000][7][gc,age      ] GC(1) - age   1:    2344312 bytes,    2344312 total
[2023-10-31T00:13:27.623+0000][7][gc,phases   ] GC(1)   Pre Evacuate Collection Set: 0.1ms
[2023-10-31T00:13:27.623+0000][7][gc,phases   ] GC(1)   Merge Heap Roots: 0.0ms
[2023-10-31T00:13:27.623+0000][7][gc,phases   ] GC(1)   Evacuate Collection Set: 8.4ms
[2023-10-31T00:13:27.623+0000][7][gc,phases   ] GC(1)   Post Evacuate Collection Set: 0.7ms
[2023-10-31T00:13:27.623+0000][7][gc,phases   ] GC(1)   Other: 0.3ms
[2023-10-31T00:13:27.623+0000][7][gc,heap     ] GC(1) Eden regions: 6->0(16)
[2023-10-31T00:13:27.623+0000][7][gc,heap     ] GC(1) Survivor regions: 1->1(1)
[2023-10-31T00:13:27.623+0000][7][gc,heap     ] GC(1) Old regions: 0->1
[2023-10-31T00:13:27.623+0000][7][gc,heap     ] GC(1) Archive regions: 2->2
[2023-10-31T00:13:27.623+0000][7][gc,heap     ] GC(1) Humongous regions: 0->0
[2023-10-31T00:13:27.623+0000][7][gc,metaspace] GC(1) Metaspace: 12378K(12608K)->12378K(12608K) NonClass: 10885K(11008K)->10885K(11008K) Class: 1493K(1600K)->1493K(1600K)
[2023-10-31T00:13:27.623+0000][7][gc          ] GC(1) Pause Young (Normal) (G1 Evacuation Pause) 31M->10M(512M) 9.555ms
[2023-10-31T00:13:27.623+0000][7][gc,cpu      ] GC(1) User=0.02s Sys=0.00s Real=0.01s
[2023-10-31T00:13:27.623+0000][7][safepoint   ] Safepoint "G1CollectForAllocation", Time since last: 1127670897 ns, Reaching safepoint: 113025 ns, At safepoint: 9628917 ns, Total: 9741942 ns
[2023-10-31T00:13:29.018+0000][7][safepoint   ] Safepoint "Cleanup", Time since last: 1393950956 ns, Reaching safepoint: 244354 ns, At safepoint: 9707 ns, Total: 254061 ns
[2023-10-31T00:13:29.324+0000][7][gc,start    ] GC(2) Pause Young (Normal) (G1 Evacuation Pause)
[2023-10-31T00:13:29.324+0000][7][gc,task     ] GC(2) Using 8 workers of 8 for evacuation
[2023-10-31T00:13:29.324+0000][7][gc,age      ] GC(2) Desired survivor size 6291456 bytes, new threshold 15 (max threshold 15)
[2023-10-31T00:13:29.330+0000][7][gc,age      ] GC(2) Age table with threshold 15 (max threshold 15)
[2023-10-31T00:13:29.330+0000][7][gc,age      ] GC(2) - age   1:    2930848 bytes,    2930848 total
[2023-10-31T00:13:29.330+0000][7][gc,age      ] GC(2) - age   2:    2323248 bytes,    5254096 total
[2023-10-31T00:13:29.330+0000][7][gc,phases   ] GC(2)   Pre Evacuate Collection Set: 0.1ms
[2023-10-31T00:13:29.330+0000][7][gc,phases   ] GC(2)   Merge Heap Roots: 0.0ms
[2023-10-31T00:13:29.330+0000][7][gc,phases   ] GC(2)   Evacuate Collection Set: 4.8ms
[2023-10-31T00:13:29.330+0000][7][gc,phases   ] GC(2)   Post Evacuate Collection Set: 0.5ms
[2023-10-31T00:13:29.330+0000][7][gc,phases   ] GC(2)   Other: 0.3ms
[2023-10-31T00:13:29.330+0000][7][gc,heap     ] GC(2) Eden regions: 16->0(74)
[2023-10-31T00:13:29.330+0000][7][gc,heap     ] GC(2) Survivor regions: 1->2(3)
[2023-10-31T00:13:29.330+0000][7][gc,heap     ] GC(2) Old regions: 1->1
[2023-10-31T00:13:29.330+0000][7][gc,heap     ] GC(2) Archive regions: 2->2
[2023-10-31T00:13:29.330+0000][7][gc,heap     ] GC(2) Humongous regions: 0->0
[2023-10-31T00:13:29.330+0000][7][gc,metaspace] GC(2) Metaspace: 14499K(14720K)->14499K(14720K) NonClass: 12821K(12928K)->12821K(12928K) Class: 1677K(1792K)->1677K(1792K)
[2023-10-31T00:13:29.330+0000][7][gc          ] GC(2) Pause Young (Normal) (G1 Evacuation Pause) 74M->13M(512M) 5.696ms
[2023-10-31T00:13:29.330+0000][7][gc,cpu      ] GC(2) User=0.02s Sys=0.01s Real=0.00s
[2023-10-31T00:13:29.330+0000][7][safepoint   ] Safepoint "G1CollectForAllocation", Time since last: 306293464 ns, Reaching safepoint: 139902 ns, At safepoint: 5773853 ns, Total: 5913755 ns
[2023-10-31T00:13:30.330+0000][7][safepoint   ] Safepoint "Cleanup", Time since last: 1000095697 ns, Reaching safepoint: 189505 ns, At safepoint: 6904 ns, Total: 196409 ns
[2023-10-31T00:13:30.367+0000][7][safepoint   ] Safepoint "ICBufferFull", Time since last: 36756520 ns, Reaching safepoint: 37018 ns, At safepoint: 3221 ns, Total: 40239 ns
[2023-10-31T00:13:30.369+0000][7][safepoint   ] Safepoint "ICBufferFull", Time since last: 1484722 ns, Reaching safepoint: 37703 ns, At safepoint: 5918 ns, Total: 43621 ns
[2023-10-31T00:13:30.371+0000][7][safepoint   ] Safepoint "ICBufferFull", Time since last: 2630824 ns, Reaching safepoint: 55160 ns, At safepoint: 3354 ns, Total: 58514 ns
[2023-10-31T00:13:30.372+0000][7][safepoint   ] Safepoint "ICBufferFull", Time since last: 1220938 ns, Reaching safepoint: 35957 ns, At safepoint: 4316 ns, Total: 40273 ns
[2023-10-31T00:13:30.374+0000][7][safepoint   ] Safepoint "ICBufferFull", Time since last: 1089213 ns, Reaching safepoint: 46362 ns, At safepoint: 4552 ns, Total: 50914 ns
[2023-10-31T00:13:31.284+0000][7][gc,start    ] GC(3) Pause Young (Normal) (G1 Evacuation Pause)
[2023-10-31T00:13:31.284+0000][7][gc,task     ] GC(3) Using 8 workers of 8 for evacuation
[2023-10-31T00:13:31.284+0000][7][gc,age      ] GC(3) Desired survivor size 20971520 bytes, new threshold 15 (max threshold 15)
[2023-10-31T00:13:31.299+0000][7][gc,age      ] GC(3) Age table with threshold 15 (max threshold 15)
[2023-10-31T00:13:31.300+0000][7][gc,age      ] GC(3) - age   1:    5092952 bytes,    5092952 total
[2023-10-31T00:13:31.300+0000][7][gc,age      ] GC(3) - age   2:    1181792 bytes,    6274744 total
[2023-10-31T00:13:31.300+0000][7][gc,age      ] GC(3) - age   3:    2311880 bytes,    8586624 total
[2023-10-31T00:13:31.300+0000][7][gc,phases   ] GC(3)   Pre Evacuate Collection Set: 0.1ms
[2023-10-31T00:13:31.300+0000][7][gc,phases   ] GC(3)   Merge Heap Roots: 0.1ms
[2023-10-31T00:13:31.300+0000][7][gc,phases   ] GC(3)   Evacuate Collection Set: 13.5ms
[2023-10-31T00:13:31.300+0000][7][gc,phases   ] GC(3)   Post Evacuate Collection Set: 1.1ms
[2023-10-31T00:13:31.300+0000][7][gc,phases   ] GC(3)   Other: 1.6ms
[2023-10-31T00:13:31.301+0000][7][gc,heap     ] GC(3) Eden regions: 74->0(73)
[2023-10-31T00:13:31.301+0000][7][gc,heap     ] GC(3) Survivor regions: 2->3(10)
[2023-10-31T00:13:31.301+0000][7][gc,heap     ] GC(3) Old regions: 1->1
[2023-10-31T00:13:31.301+0000][7][gc,heap     ] GC(3) Archive regions: 2->2
[2023-10-31T00:13:31.301+0000][7][gc,heap     ] GC(3) Humongous regions: 0->0
[2023-10-31T00:13:31.301+0000][7][gc,metaspace] GC(3) Metaspace: 17677K(17984K)->17677K(17984K) NonClass: 15538K(15744K)->15538K(15744K) Class: 2138K(2240K)->2138K(2240K)
[2023-10-31T00:13:31.301+0000][7][gc          ] GC(3) Pause Young (Normal) (G1 Evacuation Pause) 309M->16M(512M) 17.619ms
[2023-10-31T00:13:31.301+0000][7][gc,cpu      ] GC(3) User=0.03s Sys=0.01s Real=0.02s
[2023-10-31T00:13:31.301+0000][7][safepoint   ] Safepoint "G1CollectForAllocation", Time since last: 909718084 ns, Reaching safepoint: 211198 ns, At safepoint: 17964127 ns, Total: 18175325 ns
[2023-10-31T00:13:32.303+0000][7][safepoint   ] Safepoint "Cleanup", Time since last: 1001446594 ns, Reaching safepoint: 160434 ns, At safepoint: 5922 ns, Total: 166356 ns
[2023-10-31T00:13:32.741+0000][7][gc,start    ] GC(4) Pause Young (Normal) (G1 Evacuation Pause)
[2023-10-31T00:13:32.741+0000][7][gc,task     ] GC(4) Using 8 workers of 8 for evacuation
[2023-10-31T00:13:32.741+0000][7][gc,age      ] GC(4) Desired survivor size 20971520 bytes, new threshold 15 (max threshold 15)
[2023-10-31T00:13:32.752+0000][7][gc,age      ] GC(4) Age table with threshold 15 (max threshold 15)
[2023-10-31T00:13:32.752+0000][7][gc,age      ] GC(4) - age   1:    3463912 bytes,    3463912 total
[2023-10-31T00:13:32.752+0000][7][gc,age      ] GC(4) - age   2:    4236408 bytes,    7700320 total
[2023-10-31T00:13:32.752+0000][7][gc,age      ] GC(4) - age   3:    1181712 bytes,    8882032 total
[2023-10-31T00:13:32.752+0000][7][gc,age      ] GC(4) - age   4:    2311880 bytes,   11193912 total
[2023-10-31T00:13:32.753+0000][7][gc,phases   ] GC(4)   Pre Evacuate Collection Set: 0.1ms
[2023-10-31T00:13:32.753+0000][7][gc,phases   ] GC(4)   Merge Heap Roots: 0.1ms
[2023-10-31T00:13:32.753+0000][7][gc,phases   ] GC(4)   Evacuate Collection Set: 10.0ms
[2023-10-31T00:13:32.753+0000][7][gc,phases   ] GC(4)   Post Evacuate Collection Set: 0.9ms
[2023-10-31T00:13:32.753+0000][7][gc,phases   ] GC(4)   Other: 0.9ms
[2023-10-31T00:13:32.753+0000][7][gc,heap     ] GC(4) Eden regions: 73->0(73)
[2023-10-31T00:13:32.753+0000][7][gc,heap     ] GC(4) Survivor regions: 3->3(10)
[2023-10-31T00:13:32.753+0000][7][gc,heap     ] GC(4) Old regions: 1->1
[2023-10-31T00:13:32.754+0000][7][gc,heap     ] GC(4) Archive regions: 2->2
[2023-10-31T00:13:32.754+0000][7][gc,heap     ] GC(4) Humongous regions: 0->0
[2023-10-31T00:13:32.754+0000][7][gc,metaspace] GC(4) Metaspace: 18608K(19008K)->18608K(19008K) NonClass: 16365K(16576K)->16365K(16576K) Class: 2242K(2432K)->2242K(2432K)
[2023-10-31T00:13:32.754+0000][7][gc          ] GC(4) Pause Young (Normal) (G1 Evacuation Pause) 308M->18M(512M) 13.165ms
[2023-10-31T00:13:32.754+0000][7][gc,cpu      ] GC(4) User=0.02s Sys=0.00s Real=0.01s
[2023-10-31T00:13:32.754+0000][7][safepoint   ] Safepoint "G1CollectForAllocation", Time since last: 437386415 ns, Reaching safepoint: 155965 ns, At safepoint: 13293750 ns, Total: 13449715 ns
[2023-10-31T00:13:33.754+0000][7][safepoint   ] Safepoint "Cleanup", Time since last: 1000101910 ns, Reaching safepoint: 108480 ns, At safepoint: 5278 ns, Total: 113758 ns
[2023-10-31T00:13:33.900+0000][7][gc,start    ] GC(5) Pause Young (Normal) (G1 Evacuation Pause)
[2023-10-31T00:13:33.900+0000][7][gc,task     ] GC(5) Using 8 workers of 8 for evacuation
[2023-10-31T00:13:33.900+0000][7][gc,age      ] GC(5) Desired survivor size 20971520 bytes, new threshold 15 (max threshold 15)
[2023-10-31T00:13:33.915+0000][7][gc,age      ] GC(5) Age table with threshold 15 (max threshold 15)
[2023-10-31T00:13:33.915+0000][7][gc,age      ] GC(5) - age   1:    2396368 bytes,    2396368 total
[2023-10-31T00:13:33.915+0000][7][gc,age      ] GC(5) - age   2:    3454968 bytes,    5851336 total
[2023-10-31T00:13:33.915+0000][7][gc,age      ] GC(5) - age   3:    4235048 bytes,   10086384 total
[2023-10-31T00:13:33.915+0000][7][gc,age      ] GC(5) - age   4:    1181584 bytes,   11267968 total
[2023-10-31T00:13:33.915+0000][7][gc,age      ] GC(5) - age   5:    2309272 bytes,   13577240 total
[2023-10-31T00:13:33.915+0000][7][gc,phases   ] GC(5)   Pre Evacuate Collection Set: 1.5ms
[2023-10-31T00:13:33.915+0000][7][gc,phases   ] GC(5)   Merge Heap Roots: 0.1ms
[2023-10-31T00:13:33.915+0000][7][gc,phases   ] GC(5)   Evacuate Collection Set: 11.7ms
[2023-10-31T00:13:33.915+0000][7][gc,phases   ] GC(5)   Post Evacuate Collection Set: 0.8ms
[2023-10-31T00:13:33.915+0000][7][gc,phases   ] GC(5)   Other: 0.3ms
[2023-10-31T00:13:33.915+0000][7][gc,heap     ] GC(5) Eden regions: 73->0(72)
[2023-10-31T00:13:33.915+0000][7][gc,heap     ] GC(5) Survivor regions: 3->4(10)
[2023-10-31T00:13:33.915+0000][7][gc,heap     ] GC(5) Old regions: 1->1
[2023-10-31T00:13:33.915+0000][7][gc,heap     ] GC(5) Archive regions: 2->2
[2023-10-31T00:13:33.915+0000][7][gc,heap     ] GC(5) Humongous regions: 0->0
[2023-10-31T00:13:33.915+0000][7][gc,metaspace] GC(5) Metaspace: 19085K(19584K)->19085K(19584K) NonClass: 16758K(17024K)->16758K(17024K) Class: 2326K(2560K)->2326K(2560K)
[2023-10-31T00:13:33.915+0000][7][gc          ] GC(5) Pause Young (Normal) (G1 Evacuation Pause) 310M->21M(512M) 14.447ms
[2023-10-31T00:13:33.915+0000][7][gc,cpu      ] GC(5) User=0.04s Sys=0.00s Real=0.02s
[2023-10-31T00:13:33.915+0000][7][safepoint   ] Safepoint "G1CollectForAllocation", Time since last: 146043841 ns, Reaching safepoint: 70191 ns, At safepoint: 14533738 ns, Total: 14603929 ns
[2023-10-31T00:13:35.541+0000][7][gc,start    ] GC(6) Pause Young (Normal) (G1 Evacuation Pause)
[2023-10-31T00:13:35.541+0000][7][gc,task     ] GC(6) Using 8 workers of 8 for evacuation
[2023-10-31T00:13:35.541+0000][7][gc,age      ] GC(6) Desired survivor size 20971520 bytes, new threshold 15 (max threshold 15)
[2023-10-31T00:13:35.562+0000][7][gc,age      ] GC(6) Age table with threshold 15 (max threshold 15)
[2023-10-31T00:13:35.563+0000][7][gc,age      ] GC(6) - age   1:    2202688 bytes,    2202688 total
[2023-10-31T00:13:35.563+0000][7][gc,age      ] GC(6) - age   2:     412048 bytes,    2614736 total
[2023-10-31T00:13:35.563+0000][7][gc,age      ] GC(6) - age   3:    3453832 bytes,    6068568 total
[2023-10-31T00:13:35.563+0000][7][gc,age      ] GC(6) - age   4:    4229552 bytes,   10298120 total
[2023-10-31T00:13:35.563+0000][7][gc,age      ] GC(6) - age   5:    1180872 bytes,   11478992 total
[2023-10-31T00:13:35.563+0000][7][gc,age      ] GC(6) - age   6:    2307848 bytes,   13786840 total
[2023-10-31T00:13:35.563+0000][7][gc,phases   ] GC(6)   Pre Evacuate Collection Set: 0.1ms
[2023-10-31T00:13:35.564+0000][7][gc,phases   ] GC(6)   Merge Heap Roots: 0.0ms
[2023-10-31T00:13:35.564+0000][7][gc,phases   ] GC(6)   Evacuate Collection Set: 20.6ms
[2023-10-31T00:13:35.564+0000][7][gc,phases   ] GC(6)   Post Evacuate Collection Set: 0.9ms
[2023-10-31T00:13:35.564+0000][7][gc,phases   ] GC(6)   Other: 1.2ms
[2023-10-31T00:13:35.564+0000][7][gc,heap     ] GC(6) Eden regions: 72->0(72)
[2023-10-31T00:13:35.565+0000][7][gc,heap     ] GC(6) Survivor regions: 4->4(10)
[2023-10-31T00:13:35.565+0000][7][gc,heap     ] GC(6) Old regions: 1->1
[2023-10-31T00:13:35.565+0000][7][gc,heap     ] GC(6) Archive regions: 2->2
[2023-10-31T00:13:35.565+0000][7][gc,heap     ] GC(6) Humongous regions: 0->0
[2023-10-31T00:13:35.565+0000][7][gc,metaspace] GC(6) Metaspace: 20222K(20800K)->20222K(20800K) NonClass: 17743K(18112K)->17743K(18112K) Class: 2479K(2688K)->2479K(2688K)
[2023-10-31T00:13:35.565+0000][7][gc          ] GC(6) Pause Young (Normal) (G1 Evacuation Pause) 309M->22M(512M) 24.464ms
[2023-10-31T00:13:35.565+0000][7][gc,cpu      ] GC(6) User=0.04s Sys=0.00s Real=0.03s
[2023-10-31T00:13:35.565+0000][7][safepoint   ] Safepoint "G1CollectForAllocation", Time since last: 1625782032 ns, Reaching safepoint: 107607 ns, At safepoint: 24753358 ns, Total: 24860965 ns
[2023-10-31T00:13:36.439+0000][7][gc,start    ] GC(7) Pause Young (Normal) (G1 Evacuation Pause)
[2023-10-31T00:13:36.439+0000][7][gc,task     ] GC(7) Using 8 workers of 8 for evacuation
[2023-10-31T00:13:36.439+0000][7][gc,age      ] GC(7) Desired survivor size 20971520 bytes, new threshold 15 (max threshold 15)
[2023-10-31T00:13:36.451+0000][7][gc,age      ] GC(7) Age table with threshold 15 (max threshold 15)
[2023-10-31T00:13:36.451+0000][7][gc,age      ] GC(7) - age   1:    1594888 bytes,    1594888 total
[2023-10-31T00:13:36.451+0000][7][gc,age      ] GC(7) - age   2:    2178040 bytes,    3772928 total
[2023-10-31T00:13:36.451+0000][7][gc,age      ] GC(7) - age   3:     411560 bytes,    4184488 total
[2023-10-31T00:13:36.451+0000][7][gc,age      ] GC(7) - age   4:    3453320 bytes,    7637808 total
[2023-10-31T00:13:36.451+0000][7][gc,age      ] GC(7) - age   5:    4229552 bytes,   11867360 total
[2023-10-31T00:13:36.451+0000][7][gc,age      ] GC(7) - age   6:    1180872 bytes,   13048232 total
[2023-10-31T00:13:36.451+0000][7][gc,age      ] GC(7) - age   7:    2307848 bytes,   15356080 total
[2023-10-31T00:13:36.451+0000][7][gc,phases   ] GC(7)   Pre Evacuate Collection Set: 0.1ms
[2023-10-31T00:13:36.451+0000][7][gc,phases   ] GC(7)   Merge Heap Roots: 0.1ms
[2023-10-31T00:13:36.451+0000][7][gc,phases   ] GC(7)   Evacuate Collection Set: 11.0ms
[2023-10-31T00:13:36.451+0000][7][gc,phases   ] GC(7)   Post Evacuate Collection Set: 0.7ms
[2023-10-31T00:13:36.451+0000][7][gc,phases   ] GC(7)   Other: 0.5ms
[2023-10-31T00:13:36.451+0000][7][gc,heap     ] GC(7) Eden regions: 72->0(72)
[2023-10-31T00:13:36.451+0000][7][gc,heap     ] GC(7) Survivor regions: 4->4(10)
[2023-10-31T00:13:36.451+0000][7][gc,heap     ] GC(7) Old regions: 1->1
[2023-10-31T00:13:36.451+0000][7][gc,heap     ] GC(7) Archive regions: 2->2
[2023-10-31T00:13:36.451+0000][7][gc,heap     ] GC(7) Humongous regions: 0->0
[2023-10-31T00:13:36.451+0000][7][gc,metaspace] GC(7) Metaspace: 20334K(20928K)->20334K(20928K) NonClass: 17833K(18176K)->17833K(18176K) Class: 2500K(2752K)->2500K(2752K)
[2023-10-31T00:13:36.451+0000][7][gc          ] GC(7) Pause Young (Normal) (G1 Evacuation Pause) 310M->23M(512M) 12.422ms
[2023-10-31T00:13:36.451+0000][7][gc,cpu      ] GC(7) User=0.05s Sys=0.00s Real=0.01s
[2023-10-31T00:13:36.451+0000][7][safepoint   ] Safepoint "G1CollectForAllocation", Time since last: 873491147 ns, Reaching safepoint: 51959 ns, At safepoint: 12495789 ns, Total: 12547748 ns
[2023-10-31T00:13:36.679+0000][7][gc,start    ] GC(8) Pause Young (Concurrent Start) (Metadata GC Threshold)
[2023-10-31T00:13:36.679+0000][7][gc,task     ] GC(8) Using 8 workers of 8 for evacuation
[2023-10-31T00:13:36.680+0000][7][gc,age      ] GC(8) Desired survivor size 20971520 bytes, new threshold 15 (max threshold 15)
[2023-10-31T00:13:36.688+0000][7][gc,age      ] GC(8) Age table with threshold 15 (max threshold 15)
[2023-10-31T00:13:36.688+0000][7][gc,age      ] GC(8) - age   1:     397616 bytes,     397616 total
[2023-10-31T00:13:36.688+0000][7][gc,age      ] GC(8) - age   2:     668280 bytes,    1065896 total
[2023-10-31T00:13:36.688+0000][7][gc,age      ] GC(8) - age   3:    2165600 bytes,    3231496 total
[2023-10-31T00:13:36.688+0000][7][gc,age      ] GC(8) - age   4:     400976 bytes,    3632472 total
[2023-10-31T00:13:36.688+0000][7][gc,age      ] GC(8) - age   5:    3442128 bytes,    7074600 total
[2023-10-31T00:13:36.688+0000][7][gc,age      ] GC(8) - age   6:    4219224 bytes,   11293824 total
[2023-10-31T00:13:36.688+0000][7][gc,age      ] GC(8) - age   7:    1137152 bytes,   12430976 total
[2023-10-31T00:13:36.688+0000][7][gc,age      ] GC(8) - age   8:    2307672 bytes,   14738648 total
[2023-10-31T00:13:36.688+0000][7][gc,phases   ] GC(8)   Pre Evacuate Collection Set: 0.1ms
[2023-10-31T00:13:36.688+0000][7][gc,phases   ] GC(8)   Merge Heap Roots: 0.1ms
[2023-10-31T00:13:36.688+0000][7][gc,phases   ] GC(8)   Evacuate Collection Set: 8.0ms
[2023-10-31T00:13:36.688+0000][7][gc,phases   ] GC(8)   Post Evacuate Collection Set: 0.5ms
[2023-10-31T00:13:36.688+0000][7][gc,phases   ] GC(8)   Other: 0.3ms
[2023-10-31T00:13:36.688+0000][7][gc,heap     ] GC(8) Eden regions: 5->0(72)
[2023-10-31T00:13:36.688+0000][7][gc,heap     ] GC(8) Survivor regions: 4->4(10)
[2023-10-31T00:13:36.688+0000][7][gc,heap     ] GC(8) Old regions: 1->1
[2023-10-31T00:13:36.689+0000][7][gc,heap     ] GC(8) Archive regions: 2->2
[2023-10-31T00:13:36.689+0000][7][gc,heap     ] GC(8) Humongous regions: 0->0
[2023-10-31T00:13:36.689+0000][7][gc,metaspace] GC(8) Metaspace: 21001K(21504K)->21001K(21504K) NonClass: 18396K(18688K)->18396K(18688K) Class: 2605K(2816K)->2605K(2816K)
[2023-10-31T00:13:36.689+0000][7][gc          ] GC(8) Pause Young (Concurrent Start) (Metadata GC Threshold) 43M->23M(512M) 9.105ms
[2023-10-31T00:13:36.689+0000][7][gc,cpu      ] GC(8) User=0.03s Sys=0.00s Real=0.01s
[2023-10-31T00:13:36.689+0000][7][safepoint   ] Safepoint "CollectForMetadataAllocation", Time since last: 227817695 ns, Reaching safepoint: 88246 ns, At safepoint: 9262451 ns, Total: 9350697 ns
[2023-10-31T00:13:36.689+0000][7][gc          ] GC(9) Concurrent Mark Cycle
[2023-10-31T00:13:36.689+0000][7][gc,marking  ] GC(9) Concurrent Clear Claimed Marks
[2023-10-31T00:13:36.689+0000][7][gc,marking  ] GC(9) Concurrent Clear Claimed Marks 0.063ms
[2023-10-31T00:13:36.689+0000][7][gc,marking  ] GC(9) Concurrent Scan Root Regions
[2023-10-31T00:13:36.696+0000][7][gc,marking  ] GC(9) Concurrent Scan Root Regions 7.052ms
[2023-10-31T00:13:36.696+0000][7][gc,marking  ] GC(9) Concurrent Mark
[2023-10-31T00:13:36.696+0000][7][gc,marking  ] GC(9) Concurrent Mark From Roots
[2023-10-31T00:13:36.696+0000][7][gc,task     ] GC(9) Using 2 workers of 2 for marking
[2023-10-31T00:13:36.703+0000][7][gc,marking  ] GC(9) Concurrent Mark From Roots 6.996ms
[2023-10-31T00:13:36.703+0000][7][gc,marking  ] GC(9) Concurrent Preclean
[2023-10-31T00:13:36.703+0000][7][gc,marking  ] GC(9) Concurrent Preclean 0.067ms
[2023-10-31T00:13:36.703+0000][7][gc,start    ] GC(9) Pause Remark
[2023-10-31T00:13:36.708+0000][7][gc          ] GC(9) Pause Remark 25M->25M(512M) 5.299ms
[2023-10-31T00:13:36.708+0000][7][gc,cpu      ] GC(9) User=0.01s Sys=0.01s Real=0.01s
[2023-10-31T00:13:36.708+0000][7][safepoint   ] Safepoint "G1Concurrent", Time since last: 14364122 ns, Reaching safepoint: 39739 ns, At safepoint: 5413721 ns, Total: 5453460 ns
[2023-10-31T00:13:36.709+0000][7][gc,marking  ] GC(9) Concurrent Mark 12.634ms
[2023-10-31T00:13:36.709+0000][7][gc,marking  ] GC(9) Concurrent Rebuild Remembered Sets
[2023-10-31T00:13:36.709+0000][7][gc,marking  ] GC(9) Concurrent Rebuild Remembered Sets 0.006ms
[2023-10-31T00:13:36.709+0000][7][gc,start    ] GC(9) Pause Cleanup
[2023-10-31T00:13:36.709+0000][7][gc          ] GC(9) Pause Cleanup 25M->25M(512M) 0.015ms
[2023-10-31T00:13:36.709+0000][7][gc,cpu      ] GC(9) User=0.00s Sys=0.00s Real=0.00s
[2023-10-31T00:13:36.709+0000][7][safepoint   ] Safepoint "G1Concurrent", Time since last: 92190 ns, Reaching safepoint: 33183 ns, At safepoint: 37450 ns, Total: 70633 ns
[2023-10-31T00:13:36.709+0000][7][gc,marking  ] GC(9) Concurrent Cleanup for Next Mark
[2023-10-31T00:13:36.712+0000][7][gc,marking  ] GC(9) Concurrent Cleanup for Next Mark 2.997ms
[2023-10-31T00:13:36.712+0000][7][gc          ] GC(9) Concurrent Mark Cycle 23.205ms
[2023-10-31T00:13:37.709+0000][7][safepoint   ] Safepoint "Cleanup", Time since last: 1000086817 ns, Reaching safepoint: 91021 ns, At safepoint: 3406 ns, Total: 94427 ns
[2023-10-31T00:13:38.247+0000][7][safepoint   ] Safepoint "ICBufferFull", Time since last: 538139267 ns, Reaching safepoint: 44819 ns, At safepoint: 2551 ns, Total: 47370 ns
[2023-10-31T00:13:38.248+0000][7][safepoint   ] Safepoint "ICBufferFull", Time since last: 952389 ns, Reaching safepoint: 17991 ns, At safepoint: 1790 ns, Total: 19781 ns
[2023-10-31T00:13:38.249+0000][7][safepoint   ] Safepoint "ICBufferFull", Time since last: 862231 ns, Reaching safepoint: 18871 ns, At safepoint: 1717 ns, Total: 20588 ns
[2023-10-31T00:13:38.438+0000][7][safepoint   ] Safepoint "ICBufferFull", Time since last: 189122531 ns, Reaching safepoint: 34905 ns, At safepoint: 2769 ns, Total: 37674 ns
[2023-10-31T00:13:38.439+0000][7][safepoint   ] Safepoint "ICBufferFull", Time since last: 881903 ns, Reaching safepoint: 24182 ns, At safepoint: 2136 ns, Total: 26318 ns
[2023-10-31T00:13:38.541+0000][7][safepoint   ] Safepoint "ICBufferFull", Time since last: 102134457 ns, Reaching safepoint: 52199 ns, At safepoint: 2929 ns, Total: 55128 ns
[2023-10-31T00:13:38.555+0000][7][safepoint   ] Safepoint "ICBufferFull", Time since last: 14013701 ns, Reaching safepoint: 25773 ns, At safepoint: 2525 ns, Total: 28298 ns
[2023-10-31T00:13:38.581+0000][7][safepoint   ] Safepoint "ICBufferFull", Time since last: 25618656 ns, Reaching safepoint: 39167 ns, At safepoint: 3028 ns, Total: 42195 ns
[2023-10-31T00:13:39.976+0000][7][safepoint   ] Safepoint "Cleanup", Time since last: 1394504710 ns, Reaching safepoint: 447502 ns, At safepoint: 11784 ns, Total: 459286 ns
[2023-10-31T00:13:41.004+0000][7][safepoint   ] Safepoint "Cleanup", Time since last: 1027923469 ns, Reaching safepoint: 182757 ns, At safepoint: 4069 ns, Total: 186826 ns
[2023-10-31T00:13:42.004+0000][7][safepoint   ] Safepoint "Cleanup", Time since last: 1000131570 ns, Reaching safepoint: 145917 ns, At safepoint: 4536 ns, Total: 150453 ns
[2023-10-31T00:13:42.377+0000][7][gc,start    ] GC(10) Pause Young (Concurrent Start) (Metadata GC Threshold)
[2023-10-31T00:13:42.377+0000][7][gc,task     ] GC(10) Using 8 workers of 8 for evacuation
[2023-10-31T00:13:42.377+0000][7][gc,age      ] GC(10) Desired survivor size 20971520 bytes, new threshold 15 (max threshold 15)
[2023-10-31T00:13:42.416+0000][7][gc,age      ] GC(10) Age table with threshold 15 (max threshold 15)
[2023-10-31T00:13:42.416+0000][7][gc,age      ] GC(10) - age   1:   26812072 bytes,   26812072 total
[2023-10-31T00:13:42.416+0000][7][gc,age      ] GC(10) - age   2:     377408 bytes,   27189480 total
[2023-10-31T00:13:42.416+0000][7][gc,age      ] GC(10) - age   3:     666216 bytes,   27855696 total
[2023-10-31T00:13:42.416+0000][7][gc,age      ] GC(10) - age   4:    2138840 bytes,   29994536 total
[2023-10-31T00:13:42.416+0000][7][gc,age      ] GC(10) - age   5:     399168 bytes,   30393704 total
[2023-10-31T00:13:42.416+0000][7][gc,age      ] GC(10) - age   6:    3437992 bytes,   33831696 total
[2023-10-31T00:13:42.416+0000][7][gc,age      ] GC(10) - age   7:    4183256 bytes,   38014952 total
[2023-10-31T00:13:42.417+0000][7][gc,age      ] GC(10) - age   8:    1108128 bytes,   39123080 total
[2023-10-31T00:13:42.417+0000][7][gc,age      ] GC(10) - age   9:    2294896 bytes,   41417976 total
[2023-10-31T00:13:42.417+0000][7][gc,phases   ] GC(10)   Pre Evacuate Collection Set: 0.1ms
[2023-10-31T00:13:42.417+0000][7][gc,phases   ] GC(10)   Merge Heap Roots: 0.0ms
[2023-10-31T00:13:42.417+0000][7][gc,phases   ] GC(10)   Evacuate Collection Set: 36.9ms
[2023-10-31T00:13:42.417+0000][7][gc,phases   ] GC(10)   Post Evacuate Collection Set: 2.3ms
[2023-10-31T00:13:42.417+0000][7][gc,phases   ] GC(10)   Other: 0.4ms
[2023-10-31T00:13:42.417+0000][7][gc,heap     ] GC(10) Eden regions: 71->0(66)
[2023-10-31T00:13:42.417+0000][7][gc,heap     ] GC(10) Survivor regions: 4->10(10)
[2023-10-31T00:13:42.417+0000][7][gc,heap     ] GC(10) Old regions: 1->2
[2023-10-31T00:13:42.417+0000][7][gc,heap     ] GC(10) Archive regions: 2->2
[2023-10-31T00:13:42.417+0000][7][gc,heap     ] GC(10) Humongous regions: 0->0
[2023-10-31T00:13:42.417+0000][7][gc,metaspace] GC(10) Metaspace: 34997K(35968K)->34997K(35968K) NonClass: 30387K(30976K)->30387K(30976K) Class: 4609K(4992K)->4609K(4992K)
[2023-10-31T00:13:42.417+0000][7][gc          ] GC(10) Pause Young (Concurrent Start) (Metadata GC Threshold) 305M->48M(512M) 39.921ms
[2023-10-31T00:13:42.417+0000][7][gc,cpu      ] GC(10) User=0.19s Sys=0.00s Real=0.04s
[2023-10-31T00:13:42.417+0000][7][gc          ] GC(11) Concurrent Mark Cycle
[2023-10-31T00:13:42.417+0000][7][gc,marking  ] GC(11) Concurrent Clear Claimed Marks
[2023-10-31T00:13:42.417+0000][7][safepoint   ] Safepoint "CollectForMetadataAllocation", Time since last: 372504530 ns, Reaching safepoint: 65060 ns, At safepoint: 40080262 ns, Total: 40145322 ns
[2023-10-31T00:13:42.417+0000][7][gc,marking  ] GC(11) Concurrent Clear Claimed Marks 0.055ms
[2023-10-31T00:13:42.417+0000][7][gc,marking  ] GC(11) Concurrent Scan Root Regions
[2023-10-31T00:13:42.443+0000][7][gc,marking  ] GC(11) Concurrent Scan Root Regions 25.965ms
[2023-10-31T00:13:42.443+0000][7][gc,marking  ] GC(11) Concurrent Mark
[2023-10-31T00:13:42.443+0000][7][gc,marking  ] GC(11) Concurrent Mark From Roots
[2023-10-31T00:13:42.443+0000][7][gc,task     ] GC(11) Using 2 workers of 2 for marking
[2023-10-31T00:13:42.449+0000][7][gc,marking  ] GC(11) Concurrent Mark From Roots 6.408ms
[2023-10-31T00:13:42.450+0000][7][gc,marking  ] GC(11) Concurrent Preclean
[2023-10-31T00:13:42.450+0000][7][gc,marking  ] GC(11) Concurrent Preclean 0.261ms
[2023-10-31T00:13:42.450+0000][7][gc,start    ] GC(11) Pause Remark
[2023-10-31T00:13:42.454+0000][7][gc          ] GC(11) Pause Remark 50M->50M(512M) 4.230ms
[2023-10-31T00:13:42.454+0000][7][gc,cpu      ] GC(11) User=0.02s Sys=0.00s Real=0.01s
[2023-10-31T00:13:42.454+0000][7][safepoint   ] Safepoint "G1Concurrent", Time since last: 33231641 ns, Reaching safepoint: 48687 ns, At safepoint: 4350879 ns, Total: 4399566 ns
[2023-10-31T00:13:42.457+0000][7][gc,marking  ] GC(11) Concurrent Mark 14.363ms
[2023-10-31T00:13:42.458+0000][7][gc,marking  ] GC(11) Concurrent Rebuild Remembered Sets
[2023-10-31T00:13:42.466+0000][7][gc,marking  ] GC(11) Concurrent Rebuild Remembered Sets 8.272ms
[2023-10-31T00:13:42.466+0000][7][gc,start    ] GC(11) Pause Cleanup
[2023-10-31T00:13:42.466+0000][7][gc          ] GC(11) Pause Cleanup 50M->50M(512M) 0.119ms
[2023-10-31T00:13:42.466+0000][7][gc,cpu      ] GC(11) User=0.00s Sys=0.00s Real=0.00s
[2023-10-31T00:13:42.466+0000][7][safepoint   ] Safepoint "G1Concurrent", Time since last: 11670925 ns, Reaching safepoint: 42512 ns, At safepoint: 187775 ns, Total: 230287 ns
[2023-10-31T00:13:42.467+0000][7][gc,marking  ] GC(11) Concurrent Cleanup for Next Mark
[2023-10-31T00:13:42.468+0000][7][gc,marking  ] GC(11) Concurrent Cleanup for Next Mark 1.646ms
[2023-10-31T00:13:42.468+0000][7][gc          ] GC(11) Concurrent Mark Cycle 51.552ms
[2023-10-31T00:13:44.185+0000][7][safepoint   ] Safepoint "Cleanup", Time since last: 1718354615 ns, Reaching safepoint: 117687 ns, At safepoint: 6265 ns, Total: 123952 ns
[2023-10-31T00:13:45.283+0000][7][safepoint   ] Safepoint "Cleanup", Time since last: 1098223604 ns, Reaching safepoint: 74464 ns, At safepoint: 4983 ns, Total: 79447 ns
[2023-10-31T00:13:46.248+0000][7][gc,start    ] GC(12) Pause Young (Normal) (G1 Evacuation Pause)
[2023-10-31T00:13:46.248+0000][7][gc,task     ] GC(12) Using 8 workers of 8 for evacuation
[2023-10-31T00:13:46.249+0000][7][gc,age      ] GC(12) Desired survivor size 20971520 bytes, new threshold 1 (max threshold 15)
[2023-10-31T00:13:46.336+0000][7][gc,age      ] GC(12) Age table with threshold 1 (max threshold 15)
[2023-10-31T00:13:46.336+0000][7][gc,age      ] GC(12) - age   1:    5999712 bytes,    5999712 total
[2023-10-31T00:13:46.336+0000][7][gc,phases   ] GC(12)   Pre Evacuate Collection Set: 0.1ms
[2023-10-31T00:13:46.336+0000][7][gc,phases   ] GC(12)   Merge Heap Roots: 0.0ms
[2023-10-31T00:13:46.336+0000][7][gc,phases   ] GC(12)   Evacuate Collection Set: 84.8ms
[2023-10-31T00:13:46.336+0000][7][gc,phases   ] GC(12)   Post Evacuate Collection Set: 2.3ms
[2023-10-31T00:13:46.336+0000][7][gc,phases   ] GC(12)   Other: 0.4ms
[2023-10-31T00:13:46.336+0000][7][gc,heap     ] GC(12) Eden regions: 66->0(73)
[2023-10-31T00:13:46.336+0000][7][gc,heap     ] GC(12) Survivor regions: 10->3(10)
[2023-10-31T00:13:46.336+0000][7][gc,heap     ] GC(12) Old regions: 2->11
[2023-10-31T00:13:46.336+0000][7][gc,heap     ] GC(12) Archive regions: 2->2
[2023-10-31T00:13:46.336+0000][7][gc,heap     ] GC(12) Humongous regions: 0->0
[2023-10-31T00:13:46.336+0000][7][gc,metaspace] GC(12) Metaspace: 51554K(52800K)->51554K(52800K) NonClass: 44566K(45312K)->44566K(45312K) Class: 6987K(7488K)->6987K(7488K)
[2023-10-31T00:13:46.336+0000][7][gc          ] GC(12) Pause Young (Normal) (G1 Evacuation Pause) 312M->57M(512M) 87.725ms
[2023-10-31T00:13:46.336+0000][7][gc,cpu      ] GC(12) User=0.24s Sys=0.02s Real=0.09s
[2023-10-31T00:13:46.336+0000][7][safepoint   ] Safepoint "G1CollectForAllocation", Time since last: 965128299 ns, Reaching safepoint: 132423 ns, At safepoint: 87809719 ns, Total: 87942142 ns
[2023-10-31T00:13:47.336+0000][7][safepoint   ] Safepoint "Cleanup", Time since last: 1000093725 ns, Reaching safepoint: 82626 ns, At safepoint: 3271 ns, Total: 85897 ns
[2023-10-31T00:13:48.790+0000][7][safepoint   ] Safepoint "Cleanup", Time since last: 1453616061 ns, Reaching safepoint: 303253 ns, At safepoint: 5011 ns, Total: 308264 ns
[2023-10-31T00:13:49.775+0000][7][gc,start    ] GC(13) Pause Young (Concurrent Start) (Metadata GC Threshold)
[2023-10-31T00:13:49.776+0000][7][gc,task     ] GC(13) Using 8 workers of 8 for evacuation
[2023-10-31T00:13:49.776+0000][7][gc,age      ] GC(13) Desired survivor size 20971520 bytes, new threshold 15 (max threshold 15)
[2023-10-31T00:13:49.799+0000][7][gc,age      ] GC(13) Age table with threshold 15 (max threshold 15)
[2023-10-31T00:13:49.799+0000][7][gc,age      ] GC(13) - age   1:    4947096 bytes,    4947096 total
[2023-10-31T00:13:49.799+0000][7][gc,age      ] GC(13) - age   2:    5848856 bytes,   10795952 total
[2023-10-31T00:13:49.800+0000][7][gc,phases   ] GC(13)   Pre Evacuate Collection Set: 0.2ms
[2023-10-31T00:13:49.800+0000][7][gc,phases   ] GC(13)   Merge Heap Roots: 0.1ms
[2023-10-31T00:13:49.800+0000][7][gc,phases   ] GC(13)   Evacuate Collection Set: 21.1ms
[2023-10-31T00:13:49.800+0000][7][gc,phases   ] GC(13)   Post Evacuate Collection Set: 1.9ms
[2023-10-31T00:13:49.800+0000][7][gc,phases   ] GC(13)   Other: 0.8ms
[2023-10-31T00:13:49.800+0000][7][gc,heap     ] GC(13) Eden regions: 51->0(73)
[2023-10-31T00:13:49.800+0000][7][gc,heap     ] GC(13) Survivor regions: 3->3(10)
[2023-10-31T00:13:49.800+0000][7][gc,heap     ] GC(13) Old regions: 11->11
[2023-10-31T00:13:49.800+0000][7][gc,heap     ] GC(13) Archive regions: 2->2
[2023-10-31T00:13:49.800+0000][7][gc,heap     ] GC(13) Humongous regions: 0->0
[2023-10-31T00:13:49.800+0000][7][gc,metaspace] GC(13) Metaspace: 59130K(60416K)->59130K(60416K) NonClass: 51093K(51840K)->51093K(51840K) Class: 8036K(8576K)->8036K(8576K)
[2023-10-31T00:13:49.800+0000][7][gc          ] GC(13) Pause Young (Concurrent Start) (Metadata GC Threshold) 259M->58M(512M) 24.292ms
[2023-10-31T00:13:49.800+0000][7][gc,cpu      ] GC(13) User=0.07s Sys=0.00s Real=0.02s
[2023-10-31T00:13:49.800+0000][7][safepoint   ] Safepoint "CollectForMetadataAllocation", Time since last: 984879297 ns, Reaching safepoint: 159568 ns, At safepoint: 24462016 ns, Total: 24621584 ns
[2023-10-31T00:13:49.800+0000][7][gc          ] GC(14) Concurrent Mark Cycle
[2023-10-31T00:13:49.800+0000][7][gc,marking  ] GC(14) Concurrent Clear Claimed Marks
[2023-10-31T00:13:49.800+0000][7][gc,marking  ] GC(14) Concurrent Clear Claimed Marks 0.078ms
[2023-10-31T00:13:49.800+0000][7][gc,marking  ] GC(14) Concurrent Scan Root Regions
[2023-10-31T00:13:49.808+0000][7][gc,marking  ] GC(14) Concurrent Scan Root Regions 8.080ms
[2023-10-31T00:13:49.808+0000][7][gc,marking  ] GC(14) Concurrent Mark
[2023-10-31T00:13:49.808+0000][7][gc,marking  ] GC(14) Concurrent Mark From Roots
[2023-10-31T00:13:49.808+0000][7][gc,task     ] GC(14) Using 2 workers of 2 for marking
[2023-10-31T00:13:49.875+0000][7][gc,marking  ] GC(14) Concurrent Mark From Roots 66.458ms
[2023-10-31T00:13:49.875+0000][7][gc,marking  ] GC(14) Concurrent Preclean
[2023-10-31T00:13:49.875+0000][7][gc,marking  ] GC(14) Concurrent Preclean 0.635ms
[2023-10-31T00:13:49.876+0000][7][gc,start    ] GC(14) Pause Remark
[2023-10-31T00:13:49.883+0000][7][gc          ] GC(14) Pause Remark 62M->62M(512M) 6.738ms
[2023-10-31T00:13:49.883+0000][7][gc,cpu      ] GC(14) User=0.02s Sys=0.00s Real=0.00s
[2023-10-31T00:13:49.883+0000][7][safepoint   ] Safepoint "G1Concurrent", Time since last: 75844044 ns, Reaching safepoint: 446800 ns, At safepoint: 6834971 ns, Total: 7281771 ns
[2023-10-31T00:13:49.883+0000][7][gc,marking  ] GC(14) Concurrent Mark 74.890ms
[2023-10-31T00:13:49.883+0000][7][gc,marking  ] GC(14) Concurrent Rebuild Remembered Sets
[2023-10-31T00:13:49.883+0000][7][gc,marking  ] GC(14) Concurrent Rebuild Remembered Sets 0.009ms
[2023-10-31T00:13:49.883+0000][7][gc,start    ] GC(14) Pause Cleanup
[2023-10-31T00:13:49.884+0000][7][gc          ] GC(14) Pause Cleanup 62M->62M(512M) 0.168ms
[2023-10-31T00:13:49.884+0000][7][gc,cpu      ] GC(14) User=0.00s Sys=0.00s Real=0.00s
[2023-10-31T00:13:49.884+0000][7][safepoint   ] Safepoint "G1Concurrent", Time since last: 75735 ns, Reaching safepoint: 313663 ns, At safepoint: 526628 ns, Total: 840291 ns
[2023-10-31T00:13:49.884+0000][7][gc,marking  ] GC(14) Concurrent Cleanup for Next Mark
[2023-10-31T00:13:49.885+0000][7][gc,marking  ] GC(14) Concurrent Cleanup for Next Mark 1.336ms
[2023-10-31T00:13:49.886+0000][7][gc          ] GC(14) Concurrent Mark Cycle 85.853ms
[2023-10-31T00:13:51.122+0000][7][safepoint   ] Safepoint "Cleanup", Time since last: 1237066051 ns, Reaching safepoint: 790774 ns, At safepoint: 6843 ns, Total: 797617 ns
[2023-10-31T00:13:52.122+0000][7][safepoint   ] Safepoint "Cleanup", Time since last: 1000122523 ns, Reaching safepoint: 183182 ns, At safepoint: 6788 ns, Total: 189970 ns
[2023-10-31T00:13:53.523+0000][7][safepoint   ] Safepoint "Cleanup", Time since last: 1400353750 ns, Reaching safepoint: 193771 ns, At safepoint: 6140 ns, Total: 199911 ns
[2023-10-31T00:13:55.114+0000][7][safepoint   ] Safepoint "ICBufferFull", Time since last: 1591474623 ns, Reaching safepoint: 155412 ns, At safepoint: 4259 ns, Total: 159671 ns
[2023-10-31T00:13:56.192+0000][7][safepoint   ] Safepoint "ICBufferFull", Time since last: 1078004890 ns, Reaching safepoint: 204453 ns, At safepoint: 7368 ns, Total: 211821 ns
[2023-10-31T00:13:57.016+0000][7][safepoint   ] Safepoint "ICBufferFull", Time since last: 823140342 ns, Reaching safepoint: 405242 ns, At safepoint: 13703 ns, Total: 418945 ns
[2023-10-31T00:13:58.041+0000][7][safepoint   ] Safepoint "ICBufferFull", Time since last: 1024336389 ns, Reaching safepoint: 214041 ns, At safepoint: 4487 ns, Total: 218528 ns
[2023-10-31T00:13:58.131+0000][7][gc,start    ] GC(15) Pause Young (Normal) (G1 Evacuation Pause)
[2023-10-31T00:13:58.131+0000][7][gc,task     ] GC(15) Using 8 workers of 8 for evacuation
[2023-10-31T00:13:58.133+0000][7][gc,age      ] GC(15) Desired survivor size 20971520 bytes, new threshold 15 (max threshold 15)
[2023-10-31T00:13:58.182+0000][7][gc,age      ] GC(15) Age table with threshold 15 (max threshold 15)
[2023-10-31T00:13:58.182+0000][7][gc,age      ] GC(15) - age   1:   14346816 bytes,   14346816 total
[2023-10-31T00:13:58.182+0000][7][gc,age      ] GC(15) - age   2:    4813600 bytes,   19160416 total
[2023-10-31T00:13:58.182+0000][7][gc,age      ] GC(15) - age   3:    5694968 bytes,   24855384 total
[2023-10-31T00:13:58.182+0000][7][gc,phases   ] GC(15)   Pre Evacuate Collection Set: 0.1ms
[2023-10-31T00:13:58.182+0000][7][gc,phases   ] GC(15)   Merge Heap Roots: 0.2ms
[2023-10-31T00:13:58.182+0000][7][gc,phases   ] GC(15)   Evacuate Collection Set: 43.9ms
[2023-10-31T00:13:58.182+0000][7][gc,phases   ] GC(15)   Post Evacuate Collection Set: 4.4ms
[2023-10-31T00:13:58.182+0000][7][gc,phases   ] GC(15)   Other: 2.0ms
[2023-10-31T00:13:58.182+0000][7][gc,heap     ] GC(15) Eden regions: 73->0(69)
[2023-10-31T00:13:58.182+0000][7][gc,heap     ] GC(15) Survivor regions: 3->7(10)
[2023-10-31T00:13:58.182+0000][7][gc,heap     ] GC(15) Old regions: 11->11
[2023-10-31T00:13:58.182+0000][7][gc,heap     ] GC(15) Archive regions: 2->2
[2023-10-31T00:13:58.182+0000][7][gc,heap     ] GC(15) Humongous regions: 0->0
[2023-10-31T00:13:58.182+0000][7][gc,metaspace] GC(15) Metaspace: 94492K(95872K)->94492K(95872K) NonClass: 81212K(82048K)->81212K(82048K) Class: 13279K(13824K)->13279K(13824K)
[2023-10-31T00:13:58.182+0000][7][gc          ] GC(15) Pause Young (Normal) (G1 Evacuation Pause) 350M->72M(512M) 50.731ms
[2023-10-31T00:13:58.182+0000][7][gc,cpu      ] GC(15) User=0.14s Sys=0.00s Real=0.05s
[2023-10-31T00:13:58.182+0000][7][safepoint   ] Safepoint "G1CollectForAllocation", Time since last: 90671512 ns, Reaching safepoint: 84843 ns, At safepoint: 50841481 ns, Total: 50926324 ns
[2023-10-31T00:13:58.994+0000][7][safepoint   ] Safepoint "ICBufferFull", Time since last: 811231627 ns, Reaching safepoint: 272522 ns, At safepoint: 8977 ns, Total: 281499 ns
[2023-10-31T00:14:00.032+0000][7][gc,start    ] GC(16) Pause Young (Concurrent Start) (Metadata GC Threshold)
[2023-10-31T00:14:00.032+0000][7][gc,task     ] GC(16) Using 8 workers of 8 for evacuation
[2023-10-31T00:14:00.033+0000][7][gc,age      ] GC(16) Desired survivor size 20971520 bytes, new threshold 3 (max threshold 15)
[2023-10-31T00:14:00.271+0000][7][gc,age      ] GC(16) Age table with threshold 3 (max threshold 15)
[2023-10-31T00:14:00.271+0000][7][gc,age      ] GC(16) - age   1:    6926616 bytes,    6926616 total
[2023-10-31T00:14:00.271+0000][7][gc,age      ] GC(16) - age   2:   13822704 bytes,   20749320 total
[2023-10-31T00:14:00.271+0000][7][gc,age      ] GC(16) - age   3:    4809256 bytes,   25558576 total
[2023-10-31T00:14:00.271+0000][7][gc,mmu      ] GC(16) MMU target violated: 201.0ms (200.0ms/201.0ms)
[2023-10-31T00:14:00.271+0000][7][gc,phases   ] GC(16)   Pre Evacuate Collection Set: 0.2ms
[2023-10-31T00:14:00.271+0000][7][gc,phases   ] GC(16)   Merge Heap Roots: 0.2ms
[2023-10-31T00:14:00.271+0000][7][gc,phases   ] GC(16)   Evacuate Collection Set: 228.1ms
[2023-10-31T00:14:00.271+0000][7][gc,phases   ] GC(16)   Post Evacuate Collection Set: 9.6ms
[2023-10-31T00:14:00.271+0000][7][gc,phases   ] GC(16)   Other: 1.2ms
[2023-10-31T00:14:00.271+0000][7][gc,heap     ] GC(16) Eden regions: 19->0(69)
[2023-10-31T00:14:00.271+0000][7][gc,heap     ] GC(16) Survivor regions: 7->7(10)
[2023-10-31T00:14:00.271+0000][7][gc,heap     ] GC(16) Old regions: 11->13
[2023-10-31T00:14:00.272+0000][7][gc,heap     ] GC(16) Archive regions: 2->2
[2023-10-31T00:14:00.272+0000][7][gc,heap     ] GC(16) Humongous regions: 5->5
[2023-10-31T00:14:00.272+0000][7][gc,metaspace] GC(16) Metaspace: 99658K(101056K)->99658K(101056K) NonClass: 85675K(86528K)->85675K(86528K) Class: 13983K(14528K)->13983K(14528K)
[2023-10-31T00:14:00.272+0000][7][gc          ] GC(16) Pause Young (Concurrent Start) (Metadata GC Threshold) 167M->99M(512M) 239.446ms
[2023-10-31T00:14:00.272+0000][7][gc,cpu      ] GC(16) User=0.16s Sys=0.15s Real=0.24s
[2023-10-31T00:14:00.272+0000][7][safepoint   ] Safepoint "CollectForMetadataAllocation", Time since last: 1036940625 ns, Reaching safepoint: 1389225 ns, At safepoint: 239725261 ns, Total: 241114486 ns
[2023-10-31T00:14:00.272+0000][7][gc          ] GC(17) Concurrent Mark Cycle
[2023-10-31T00:14:00.272+0000][7][gc,marking  ] GC(17) Concurrent Clear Claimed Marks
[2023-10-31T00:14:00.272+0000][7][gc,marking  ] GC(17) Concurrent Clear Claimed Marks 0.074ms
[2023-10-31T00:14:00.272+0000][7][gc,marking  ] GC(17) Concurrent Scan Root Regions
[2023-10-31T00:14:00.320+0000][7][gc,marking  ] GC(17) Concurrent Scan Root Regions 47.997ms
[2023-10-31T00:14:00.324+0000][7][gc,marking  ] GC(17) Concurrent Mark
[2023-10-31T00:14:00.324+0000][7][gc,marking  ] GC(17) Concurrent Mark From Roots
[2023-10-31T00:14:00.325+0000][7][gc,task     ] GC(17) Using 2 workers of 2 for marking
[2023-10-31T00:14:00.479+0000][7][gc,marking  ] GC(17) Concurrent Mark From Roots 154.102ms
[2023-10-31T00:14:00.479+0000][7][gc,marking  ] GC(17) Concurrent Preclean
[2023-10-31T00:14:00.479+0000][7][gc,marking  ] GC(17) Concurrent Preclean 0.579ms
[2023-10-31T00:14:00.485+0000][7][gc,start    ] GC(17) Pause Remark
[2023-10-31T00:14:00.501+0000][7][gc          ] GC(17) Pause Remark 106M->106M(512M) 15.732ms
[2023-10-31T00:14:00.501+0000][7][gc,cpu      ] GC(17) User=0.01s Sys=0.00s Real=0.01s
[2023-10-31T00:14:00.501+0000][7][safepoint   ] Safepoint "G1Concurrent", Time since last: 207850414 ns, Reaching safepoint: 5334428 ns, At safepoint: 16277027 ns, Total: 21611455 ns
[2023-10-31T00:14:00.503+0000][7][gc,marking  ] GC(17) Concurrent Mark 178.502ms
[2023-10-31T00:14:00.503+0000][7][gc,marking  ] GC(17) Concurrent Rebuild Remembered Sets
[2023-10-31T00:14:00.564+0000][7][gc,marking  ] GC(17) Concurrent Rebuild Remembered Sets 61.692ms
[2023-10-31T00:14:00.567+0000][7][gc,start    ] GC(17) Pause Cleanup
[2023-10-31T00:14:00.567+0000][7][gc          ] GC(17) Pause Cleanup 110M->110M(512M) 0.115ms
[2023-10-31T00:14:00.567+0000][7][gc,cpu      ] GC(17) User=0.00s Sys=0.00s Real=0.00s
[2023-10-31T00:14:00.567+0000][7][safepoint   ] Safepoint "G1Concurrent", Time since last: 63442324 ns, Reaching safepoint: 2408049 ns, At safepoint: 196898 ns, Total: 2604947 ns
[2023-10-31T00:14:00.571+0000][7][gc,marking  ] GC(17) Concurrent Cleanup for Next Mark
[2023-10-31T00:14:00.575+0000][7][gc,marking  ] GC(17) Concurrent Cleanup for Next Mark 3.736ms
[2023-10-31T00:14:00.575+0000][7][gc          ] GC(17) Concurrent Mark Cycle 302.741ms
[2023-10-31T00:14:01.464+0000][7][safepoint   ] Safepoint "ICBufferFull", Time since last: 897044593 ns, Reaching safepoint: 160946 ns, At safepoint: 6541 ns, Total: 167487 ns
[2023-10-31T00:14:02.369+0000][7][safepoint   ] Safepoint "ICBufferFull", Time since last: 900366558 ns, Reaching safepoint: 3788506 ns, At safepoint: 33732 ns, Total: 3822238 ns
[2023-10-31T00:14:03.280+0000][7][safepoint   ] Safepoint "ICBufferFull", Time since last: 900735956 ns, Reaching safepoint: 10184426 ns, At safepoint: 37002 ns, Total: 10221428 ns
[2023-10-31T00:14:05.196+0000][7][safepoint   ] Safepoint "Cleanup", Time since last: 1915786169 ns, Reaching safepoint: 138112 ns, At safepoint: 9549 ns, Total: 147661 ns
[2023-10-31T00:14:06.196+0000][7][safepoint   ] Safepoint "Cleanup", Time since last: 1000375883 ns, Reaching safepoint: 62365 ns, At safepoint: 5003 ns, Total: 67368 ns
[2023-10-31T00:14:06.673+0000][7][safepoint   ] Safepoint "ICBufferFull", Time since last: 476601571 ns, Reaching safepoint: 211583 ns, At safepoint: 7300 ns, Total: 218883 ns
[2023-10-31T00:14:06.674+0000][7][gc,start    ] GC(18) Pause Young (Normal) (G1 Evacuation Pause)
[2023-10-31T00:14:06.674+0000][7][gc,task     ] GC(18) Using 8 workers of 8 for evacuation
[2023-10-31T00:14:06.674+0000][7][gc,age      ] GC(18) Desired survivor size 20971520 bytes, new threshold 3 (max threshold 15)
[2023-10-31T00:14:06.721+0000][7][gc,age      ] GC(18) Age table with threshold 3 (max threshold 15)
[2023-10-31T00:14:06.721+0000][7][gc,age      ] GC(18) - age   1:   10371976 bytes,   10371976 total
[2023-10-31T00:14:06.721+0000][7][gc,age      ] GC(18) - age   2:    6687592 bytes,   17059568 total
[2023-10-31T00:14:06.721+0000][7][gc,age      ] GC(18) - age   3:   13639656 bytes,   30699224 total
[2023-10-31T00:14:06.721+0000][7][gc,phases   ] GC(18)   Pre Evacuate Collection Set: 0.1ms
[2023-10-31T00:14:06.721+0000][7][gc,phases   ] GC(18)   Merge Heap Roots: 0.1ms
[2023-10-31T00:14:06.721+0000][7][gc,phases   ] GC(18)   Evacuate Collection Set: 38.9ms
[2023-10-31T00:14:06.721+0000][7][gc,phases   ] GC(18)   Post Evacuate Collection Set: 7.3ms
[2023-10-31T00:14:06.721+0000][7][gc,phases   ] GC(18)   Other: 0.2ms
[2023-10-31T00:14:06.721+0000][7][gc,heap     ] GC(18) Eden regions: 69->0(67)
[2023-10-31T00:14:06.721+0000][7][gc,heap     ] GC(18) Survivor regions: 7->9(10)
[2023-10-31T00:14:06.721+0000][7][gc,heap     ] GC(18) Old regions: 13->14
[2023-10-31T00:14:06.721+0000][7][gc,heap     ] GC(18) Archive regions: 2->2
[2023-10-31T00:14:06.721+0000][7][gc,heap     ] GC(18) Humongous regions: 5->5
[2023-10-31T00:14:06.721+0000][7][gc,metaspace] GC(18) Metaspace: 105280K(106816K)->105280K(106816K) NonClass: 90504K(91392K)->90504K(91392K) Class: 14776K(15424K)->14776K(15424K)
[2023-10-31T00:14:06.721+0000][7][gc          ] GC(18) Pause Young (Normal) (G1 Evacuation Pause) 375M->110M(512M) 46.645ms
[2023-10-31T00:14:06.721+0000][7][gc,cpu      ] GC(18) User=0.16s Sys=0.02s Real=0.04s
[2023-10-31T00:14:06.721+0000][7][safepoint   ] Safepoint "G1CollectForAllocation", Time since last: 1255088 ns, Reaching safepoint: 102651 ns, At safepoint: 46726460 ns, Total: 46829111 ns
[2023-10-31T00:14:06.997+0000][7][safepoint   ] Safepoint "ICBufferFull", Time since last: 272040968 ns, Reaching safepoint: 4366067 ns, At safepoint: 23124 ns, Total: 4389191 ns
[2023-10-31T00:14:07.512+0000][7][safepoint   ] Safepoint "ICBufferFull", Time since last: 514459303 ns, Reaching safepoint: 163858 ns, At safepoint: 6657 ns, Total: 170515 ns
[2023-10-31T00:14:08.514+0000][7][safepoint   ] Safepoint "Cleanup", Time since last: 1002014389 ns, Reaching safepoint: 144088 ns, At safepoint: 12622 ns, Total: 156710 ns
[2023-10-31T00:14:09.119+0000][7][safepoint   ] Safepoint "ICBufferFull", Time since last: 604897372 ns, Reaching safepoint: 169665 ns, At safepoint: 5651 ns, Total: 175316 ns
[2023-10-31T00:14:09.555+0000][7][safepoint   ] Safepoint "ICBufferFull", Time since last: 435950025 ns, Reaching safepoint: 183275 ns, At safepoint: 10480 ns, Total: 193755 ns
[2023-10-31T00:14:09.557+0000][7][safepoint   ] Safepoint "ICBufferFull", Time since last: 2084895 ns, Reaching safepoint: 61056 ns, At safepoint: 5510 ns, Total: 66566 ns
[2023-10-31T00:14:10.575+0000][7][safepoint   ] Safepoint "ICBufferFull", Time since last: 1017073323 ns, Reaching safepoint: 193058 ns, At safepoint: 5656 ns, Total: 198714 ns
[2023-10-31T00:14:11.403+0000][7][safepoint   ] Safepoint "ICBufferFull", Time since last: 828302881 ns, Reaching safepoint: 155982 ns, At safepoint: 7063 ns, Total: 163045 ns
[2023-10-31T00:14:12.091+0000][7][safepoint   ] Safepoint "ICBufferFull", Time since last: 687885748 ns, Reaching safepoint: 184674 ns, At safepoint: 2978 ns, Total: 187652 ns
[2023-10-31T00:14:12.783+0000][7][safepoint   ] Safepoint "ICBufferFull", Time since last: 691520653 ns, Reaching safepoint: 158475 ns, At safepoint: 9478 ns, Total: 167953 ns
[2023-10-31T00:14:13.377+0000][7][gc,start    ] GC(19) Pause Young (Normal) (G1 Evacuation Pause)
[2023-10-31T00:14:13.378+0000][7][gc,task     ] GC(19) Using 8 workers of 8 for evacuation
[2023-10-31T00:14:13.378+0000][7][gc,age      ] GC(19) Desired survivor size 20971520 bytes, new threshold 3 (max threshold 15)
[2023-10-31T00:14:13.427+0000][7][gc,age      ] GC(19) Age table with threshold 3 (max threshold 15)
[2023-10-31T00:14:13.427+0000][7][gc,age      ] GC(19) - age   1:    5241056 bytes,    5241056 total
[2023-10-31T00:14:13.427+0000][7][gc,age      ] GC(19) - age   2:    6337648 bytes,   11578704 total
[2023-10-31T00:14:13.428+0000][7][gc,age      ] GC(19) - age   3:    5898240 bytes,   17476944 total
[2023-10-31T00:14:13.428+0000][7][gc,phases   ] GC(19)   Pre Evacuate Collection Set: 0.1ms
[2023-10-31T00:14:13.428+0000][7][gc,phases   ] GC(19)   Merge Heap Roots: 0.1ms
[2023-10-31T00:14:13.428+0000][7][gc,phases   ] GC(19)   Evacuate Collection Set: 46.5ms
[2023-10-31T00:14:13.428+0000][7][gc,phases   ] GC(19)   Post Evacuate Collection Set: 2.5ms
[2023-10-31T00:14:13.428+0000][7][gc,phases   ] GC(19)   Other: 0.9ms
[2023-10-31T00:14:13.428+0000][7][gc,heap     ] GC(19) Eden regions: 67->0(70)
[2023-10-31T00:14:13.428+0000][7][gc,heap     ] GC(19) Survivor regions: 9->5(10)
[2023-10-31T00:14:13.428+0000][7][gc,heap     ] GC(19) Old regions: 14->17
[2023-10-31T00:14:13.428+0000][7][gc,heap     ] GC(19) Archive regions: 2->2
[2023-10-31T00:14:13.428+0000][7][gc,heap     ] GC(19) Humongous regions: 5->5
[2023-10-31T00:14:13.428+0000][7][gc,metaspace] GC(19) Metaspace: 108450K(109952K)->108450K(109952K) NonClass: 93505K(94400K)->93505K(94400K) Class: 14945K(15552K)->14945K(15552K)
[2023-10-31T00:14:13.428+0000][7][gc          ] GC(19) Pause Young (Normal) (G1 Evacuation Pause) 378M->110M(512M) 50.196ms
[2023-10-31T00:14:13.428+0000][7][gc,cpu      ] GC(19) User=0.11s Sys=0.01s Real=0.05s
[2023-10-31T00:14:13.428+0000][7][safepoint   ] Safepoint "G1CollectForAllocation", Time since last: 594298056 ns, Reaching safepoint: 177237 ns, At safepoint: 50290419 ns, Total: 50467656 ns
[2023-10-31T00:14:13.818+0000][7][safepoint   ] Safepoint "ICBufferFull", Time since last: 389231667 ns, Reaching safepoint: 951144 ns, At safepoint: 30692 ns, Total: 981836 ns
[2023-10-31T00:14:13.826+0000][7][safepoint   ] Safepoint "ICBufferFull", Time since last: 8263102 ns, Reaching safepoint: 139770 ns, At safepoint: 15185 ns, Total: 154955 ns
[2023-10-31T00:14:13.833+0000][7][safepoint   ] Safepoint "ICBufferFull", Time since last: 6016097 ns, Reaching safepoint: 462993 ns, At safepoint: 17266 ns, Total: 480259 ns
[2023-10-31T00:14:13.834+0000][7][safepoint   ] Safepoint "ICBufferFull", Time since last: 546685 ns, Reaching safepoint: 246248 ns, At safepoint: 17547 ns, Total: 263795 ns
[2023-10-31T00:14:14.064+0000][7][safepoint   ] Safepoint "ICBufferFull", Time since last: 230444480 ns, Reaching safepoint: 222779 ns, At safepoint: 18092 ns, Total: 240871 ns
[2023-10-31T00:14:14.663+0000][7][safepoint   ] Safepoint "ICBufferFull", Time since last: 597879734 ns, Reaching safepoint: 299084 ns, At safepoint: 23815 ns, Total: 322899 ns
[2023-10-31T00:14:15.722+0000][7][safepoint   ] Safepoint "Cleanup", Time since last: 1058780408 ns, Reaching safepoint: 149614 ns, At safepoint: 9656 ns, Total: 159270 ns
[2023-10-31T00:14:16.722+0000][7][safepoint   ] Safepoint "Cleanup", Time since last: 1000355203 ns, Reaching safepoint: 215337 ns, At safepoint: 14625 ns, Total: 229962 ns
[2023-10-31T00:14:17.343+0000][7][safepoint   ] Safepoint "ICBufferFull", Time since last: 620395829 ns, Reaching safepoint: 209779 ns, At safepoint: 6092 ns, Total: 215871 ns
[2023-10-31T00:14:17.343+0000][7][safepoint   ] Safepoint "ICBufferFull", Time since last: 225666 ns, Reaching safepoint: 42588 ns, At safepoint: 4789 ns, Total: 47377 ns
[2023-10-31T00:14:18.350+0000][7][safepoint   ] Safepoint "Cleanup", Time since last: 1000095877 ns, Reaching safepoint: 6821467 ns, At safepoint: 15852 ns, Total: 6837319 ns
[2023-10-31T00:14:19.350+0000][7][safepoint   ] Safepoint "Cleanup", Time since last: 1000115790 ns, Reaching safepoint: 94679 ns, At safepoint: 5108 ns, Total: 99787 ns
[2023-10-31T00:14:20.350+0000][7][safepoint   ] Safepoint "Cleanup", Time since last: 1000120640 ns, Reaching safepoint: 139917 ns, At safepoint: 5969 ns, Total: 145886 ns
[2023-10-31T00:14:21.351+0000][7][safepoint   ] Safepoint "Cleanup", Time since last: 1000152384 ns, Reaching safepoint: 154337 ns, At safepoint: 4350 ns, Total: 158687 ns
[2023-10-31T00:14:21.603+0000][7][gc,start    ] GC(20) Pause Young (Normal) (G1 Evacuation Pause)
[2023-10-31T00:14:21.603+0000][7][gc,task     ] GC(20) Using 8 workers of 8 for evacuation
[2023-10-31T00:14:21.603+0000][7][gc,age      ] GC(20) Desired survivor size 20971520 bytes, new threshold 15 (max threshold 15)
[2023-10-31T00:14:21.620+0000][7][gc,age      ] GC(20) Age table with threshold 15 (max threshold 15)
[2023-10-31T00:14:21.620+0000][7][gc,age      ] GC(20) - age   1:    5903200 bytes,    5903200 total
[2023-10-31T00:14:21.620+0000][7][gc,age      ] GC(20) - age   2:    3599080 bytes,    9502280 total
[2023-10-31T00:14:21.620+0000][7][gc,age      ] GC(20) - age   3:    5656552 bytes,   15158832 total
[2023-10-31T00:14:21.620+0000][7][gc,age      ] GC(20) - age   4:    5891384 bytes,   21050216 total
[2023-10-31T00:14:21.620+0000][7][gc,phases   ] GC(20)   Pre Evacuate Collection Set: 0.1ms
[2023-10-31T00:14:21.620+0000][7][gc,phases   ] GC(20)   Merge Heap Roots: 0.1ms
[2023-10-31T00:14:21.620+0000][7][gc,phases   ] GC(20)   Evacuate Collection Set: 15.8ms
[2023-10-31T00:14:21.620+0000][7][gc,phases   ] GC(20)   Post Evacuate Collection Set: 0.9ms
[2023-10-31T00:14:21.620+0000][7][gc,phases   ] GC(20)   Other: 2.8ms
[2023-10-31T00:14:21.620+0000][7][gc,heap     ] GC(20) Eden regions: 70->0(70)
[2023-10-31T00:14:21.620+0000][7][gc,heap     ] GC(20) Survivor regions: 5->6(10)
[2023-10-31T00:14:21.620+0000][7][gc,heap     ] GC(20) Old regions: 17->17
[2023-10-31T00:14:21.620+0000][7][gc,heap     ] GC(20) Archive regions: 2->2
[2023-10-31T00:14:21.620+0000][7][gc,heap     ] GC(20) Humongous regions: 5->5
[2023-10-31T00:14:21.621+0000][7][gc,metaspace] GC(20) Metaspace: 112028K(113664K)->112028K(113664K) NonClass: 96629K(97600K)->96629K(97600K) Class: 15398K(16064K)->15398K(16064K)
[2023-10-31T00:14:21.621+0000][7][gc          ] GC(20) Pause Young (Normal) (G1 Evacuation Pause) 390M->113M(512M) 17.851ms
[2023-10-31T00:14:21.621+0000][7][gc,cpu      ] GC(20) User=0.06s Sys=0.00s Real=0.02s
[2023-10-31T00:14:21.621+0000][7][safepoint   ] Safepoint "G1CollectForAllocation", Time since last: 249628895 ns, Reaching safepoint: 79881 ns, At safepoint: 20178487 ns, Total: 20258368 ns
[2023-10-31T00:14:22.363+0000][7][safepoint   ] Safepoint "ICBufferFull", Time since last: 742590531 ns, Reaching safepoint: 189314 ns, At safepoint: 8577 ns, Total: 197891 ns
[2023-10-31T00:14:22.885+0000][7][safepoint   ] Safepoint "ICBufferFull", Time since last: 521860817 ns, Reaching safepoint: 144089 ns, At safepoint: 4551 ns, Total: 148640 ns
[2023-10-31T00:14:23.937+0000][7][safepoint   ] Safepoint "Cleanup", Time since last: 1051366033 ns, Reaching safepoint: 128598 ns, At safepoint: 6388 ns, Total: 134986 ns
[2023-10-31T00:14:24.937+0000][7][safepoint   ] Safepoint "Cleanup", Time since last: 1000147630 ns, Reaching safepoint: 123833 ns, At safepoint: 6628 ns, Total: 130461 ns
[2023-10-31T00:14:25.937+0000][7][safepoint   ] Safepoint "Cleanup", Time since last: 1000111753 ns, Reaching safepoint: 147640 ns, At safepoint: 4532 ns, Total: 152172 ns
[2023-10-31T00:14:26.938+0000][7][safepoint   ] Safepoint "Cleanup", Time since last: 1000119997 ns, Reaching safepoint: 88239 ns, At safepoint: 7136 ns, Total: 95375 ns
[2023-10-31T00:14:27.938+0000][7][safepoint   ] Safepoint "Cleanup", Time since last: 1000115327 ns, Reaching safepoint: 82567 ns, At safepoint: 8406 ns, Total: 90973 ns
[2023-10-31T00:14:28.938+0000][7][safepoint   ] Safepoint "Cleanup", Time since last: 1000089121 ns, Reaching safepoint: 174767 ns, At safepoint: 8271 ns, Total: 183038 ns
[2023-10-31T00:14:29.089+0000][7][gc,start    ] GC(21) Pause Young (Normal) (G1 Evacuation Pause)
[2023-10-31T00:14:29.089+0000][7][gc,task     ] GC(21) Using 8 workers of 8 for evacuation
[2023-10-31T00:14:29.090+0000][7][gc,age      ] GC(21) Desired survivor size 20971520 bytes, new threshold 4 (max threshold 15)
[2023-10-31T00:14:29.117+0000][7][gc,age      ] GC(21) Age table with threshold 4 (max threshold 15)
[2023-10-31T00:14:29.117+0000][7][gc,age      ] GC(21) - age   1:    2368696 bytes,    2368696 total
[2023-10-31T00:14:29.117+0000][7][gc,age      ] GC(21) - age   2:    4412800 bytes,    6781496 total
[2023-10-31T00:14:29.117+0000][7][gc,age      ] GC(21) - age   3:    3596320 bytes,   10377816 total
[2023-10-31T00:14:29.117+0000][7][gc,age      ] GC(21) - age   4:    5512056 bytes,   15889872 total
[2023-10-31T00:14:29.117+0000][7][gc,phases   ] GC(21)   Pre Evacuate Collection Set: 0.1ms
[2023-10-31T00:14:29.117+0000][7][gc,phases   ] GC(21)   Merge Heap Roots: 0.1ms
[2023-10-31T00:14:29.118+0000][7][gc,phases   ] GC(21)   Evacuate Collection Set: 20.2ms
[2023-10-31T00:14:29.118+0000][7][gc,phases   ] GC(21)   Post Evacuate Collection Set: 7.4ms
[2023-10-31T00:14:29.118+0000][7][gc,phases   ] GC(21)   Other: 0.5ms
[2023-10-31T00:14:29.118+0000][7][gc,heap     ] GC(21) Eden regions: 70->0(70)
[2023-10-31T00:14:29.118+0000][7][gc,heap     ] GC(21) Survivor regions: 6->5(10)
[2023-10-31T00:14:29.118+0000][7][gc,heap     ] GC(21) Old regions: 17->19
[2023-10-31T00:14:29.118+0000][7][gc,heap     ] GC(21) Archive regions: 2->2
[2023-10-31T00:14:29.118+0000][7][gc,heap     ] GC(21) Humongous regions: 5->5
[2023-10-31T00:14:29.118+0000][7][gc,metaspace] GC(21) Metaspace: 112793K(114432K)->112793K(114432K) NonClass: 97370K(98368K)->97370K(98368K) Class: 15423K(16064K)->15423K(16064K)
[2023-10-31T00:14:29.118+0000][7][gc          ] GC(21) Pause Young (Normal) (G1 Evacuation Pause) 393M->114M(512M) 28.162ms
[2023-10-31T00:14:29.118+0000][7][gc,cpu      ] GC(21) User=0.10s Sys=0.00s Real=0.03s
[2023-10-31T00:14:29.118+0000][7][safepoint   ] Safepoint "G1CollectForAllocation", Time since last: 150953605 ns, Reaching safepoint: 129571 ns, At safepoint: 28442257 ns, Total: 28571828 ns
[2023-10-31T00:14:30.118+0000][7][safepoint   ] Safepoint "Cleanup", Time since last: 1000086005 ns, Reaching safepoint: 85958 ns, At safepoint: 6748 ns, Total: 92706 ns
[2023-10-31T00:14:31.118+0000][7][safepoint   ] Safepoint "Cleanup", Time since last: 1000104506 ns, Reaching safepoint: 56676 ns, At safepoint: 5646 ns, Total: 62322 ns
[2023-10-31T00:14:32.118+0000][7][safepoint   ] Safepoint "Cleanup", Time since last: 1000129637 ns, Reaching safepoint: 181707 ns, At safepoint: 12890 ns, Total: 194597 ns
[2023-10-31T00:14:33.119+0000][7][safepoint   ] Safepoint "Cleanup", Time since last: 1000126057 ns, Reaching safepoint: 92322 ns, At safepoint: 10892 ns, Total: 103214 ns
[2023-10-31T00:14:34.119+0000][7][safepoint   ] Safepoint "Cleanup", Time since last: 1000313691 ns, Reaching safepoint: 84043 ns, At safepoint: 7060 ns, Total: 91103 ns
[2023-10-31T00:14:34.659+0000][7][safepoint   ] Safepoint "ICBufferFull", Time since last: 539564691 ns, Reaching safepoint: 275256 ns, At safepoint: 8729 ns, Total: 283985 ns
[2023-10-31T00:14:35.659+0000][7][safepoint   ] Safepoint "Cleanup", Time since last: 1000095009 ns, Reaching safepoint: 90760 ns, At safepoint: 3375 ns, Total: 94135 ns
[2023-10-31T00:14:36.659+0000][7][safepoint   ] Safepoint "Cleanup", Time since last: 1000092176 ns, Reaching safepoint: 49304 ns, At safepoint: 4281 ns, Total: 53585 ns
[2023-10-31T00:14:37.659+0000][7][safepoint   ] Safepoint "Cleanup", Time since last: 1000101354 ns, Reaching safepoint: 82516 ns, At safepoint: 3887 ns, Total: 86403 ns
[2023-10-31T00:14:38.660+0000][7][safepoint   ] Safepoint "Cleanup", Time since last: 1000150491 ns, Reaching safepoint: 189140 ns, At safepoint: 9768 ns, Total: 198908 ns
[2023-10-31T00:14:39.660+0000][7][safepoint   ] Safepoint "Cleanup", Time since last: 1000106620 ns, Reaching safepoint: 68088 ns, At safepoint: 5946 ns, Total: 74034 ns
[2023-10-31T00:14:40.660+0000][7][safepoint   ] Safepoint "Cleanup", Time since last: 1000099138 ns, Reaching safepoint: 54671 ns, At safepoint: 5210 ns, Total: 59881 ns
[2023-10-31T00:14:41.660+0000][7][safepoint   ] Safepoint "Cleanup", Time since last: 1000106929 ns, Reaching safepoint: 112313 ns, At safepoint: 3251 ns, Total: 115564 ns
[2023-10-31T00:14:42.660+0000][7][safepoint   ] Safepoint "Cleanup", Time since last: 1000120973 ns, Reaching safepoint: 68905 ns, At safepoint: 3761 ns, Total: 72666 ns
[2023-10-31T00:14:43.661+0000][7][safepoint   ] Safepoint "Cleanup", Time since last: 1000119476 ns, Reaching safepoint: 84539 ns, At safepoint: 9340 ns, Total: 93879 ns
[2023-10-31T00:14:44.177+0000][7][gc,start    ] GC(22) Pause Young (Normal) (G1 Evacuation Pause)
[2023-10-31T00:14:44.177+0000][7][gc,task     ] GC(22) Using 8 workers of 8 for evacuation
[2023-10-31T00:14:44.177+0000][7][gc,age      ] GC(22) Desired survivor size 20971520 bytes, new threshold 15 (max threshold 15)
[2023-10-31T00:14:44.191+0000][7][gc,age      ] GC(22) Age table with threshold 15 (max threshold 15)
[2023-10-31T00:14:44.191+0000][7][gc,age      ] GC(22) - age   1:    2096048 bytes,    2096048 total
[2023-10-31T00:14:44.191+0000][7][gc,age      ] GC(22) - age   2:     966232 bytes,    3062280 total
[2023-10-31T00:14:44.191+0000][7][gc,age      ] GC(22) - age   3:    3800608 bytes,    6862888 total
[2023-10-31T00:14:44.191+0000][7][gc,age      ] GC(22) - age   4:    3594440 bytes,   10457328 total
[2023-10-31T00:14:44.191+0000][7][gc,age      ] GC(22) - age   5:    5507592 bytes,   15964920 total
[2023-10-31T00:14:44.191+0000][7][gc,phases   ] GC(22)   Pre Evacuate Collection Set: 0.1ms
[2023-10-31T00:14:44.191+0000][7][gc,phases   ] GC(22)   Merge Heap Roots: 0.1ms
[2023-10-31T00:14:44.191+0000][7][gc,phases   ] GC(22)   Evacuate Collection Set: 12.7ms
[2023-10-31T00:14:44.191+0000][7][gc,phases   ] GC(22)   Post Evacuate Collection Set: 1.0ms
[2023-10-31T00:14:44.191+0000][7][gc,phases   ] GC(22)   Other: 0.3ms
[2023-10-31T00:14:44.191+0000][7][gc,heap     ] GC(22) Eden regions: 70->0(71)
[2023-10-31T00:14:44.191+0000][7][gc,heap     ] GC(22) Survivor regions: 5->5(10)
[2023-10-31T00:14:44.191+0000][7][gc,heap     ] GC(22) Old regions: 19->19
[2023-10-31T00:14:44.191+0000][7][gc,heap     ] GC(22) Archive regions: 2->2
[2023-10-31T00:14:44.191+0000][7][gc,heap     ] GC(22) Humongous regions: 5->5
[2023-10-31T00:14:44.191+0000][7][gc,metaspace] GC(22) Metaspace: 113002K(114624K)->113002K(114624K) NonClass: 97576K(98496K)->97576K(98496K) Class: 15426K(16128K)->15426K(16128K)
[2023-10-31T00:14:44.191+0000][7][gc          ] GC(22) Pause Young (Normal) (G1 Evacuation Pause) 394M->114M(512M) 14.283ms
[2023-10-31T00:14:44.191+0000][7][gc,cpu      ] GC(22) User=0.05s Sys=0.01s Real=0.01s
[2023-10-31T00:14:44.191+0000][7][safepoint   ] Safepoint "G1CollectForAllocation", Time since last: 516318587 ns, Reaching safepoint: 59340 ns, At safepoint: 14367173 ns, Total: 14426513 ns
[2023-10-31T00:14:45.192+0000][7][safepoint   ] Safepoint "Cleanup", Time since last: 1000085178 ns, Reaching safepoint: 65775 ns, At safepoint: 8516 ns, Total: 74291 ns
[2023-10-31T00:14:46.192+0000][7][safepoint   ] Safepoint "Cleanup", Time since last: 1000274411 ns, Reaching safepoint: 61171 ns, At safepoint: 6527 ns, Total: 67698 ns
[2023-10-31T00:14:47.192+0000][7][safepoint   ] Safepoint "Cleanup", Time since last: 1000104393 ns, Reaching safepoint: 88274 ns, At safepoint: 7554 ns, Total: 95828 ns
[2023-10-31T00:14:48.193+0000][7][safepoint   ] Safepoint "Cleanup", Time since last: 1000575868 ns, Reaching safepoint: 55344 ns, At safepoint: 3252 ns, Total: 58596 ns
[2023-10-31T00:14:49.193+0000][7][safepoint   ] Safepoint "Cleanup", Time since last: 1000096431 ns, Reaching safepoint: 51577 ns, At safepoint: 9166 ns, Total: 60743 ns
[2023-10-31T00:14:49.845+0000][7][safepoint   ] Safepoint "ICBufferFull", Time since last: 651721775 ns, Reaching safepoint: 151734 ns, At safepoint: 4218 ns, Total: 155952 ns
[2023-10-31T00:14:51.074+0000][7][safepoint   ] Safepoint "Cleanup", Time since last: 1229421863 ns, Reaching safepoint: 86072 ns, At safepoint: 6096 ns, Total: 92168 ns
[2023-10-31T00:14:52.074+0000][7][safepoint   ] Safepoint "Cleanup", Time since last: 1000098550 ns, Reaching safepoint: 46939 ns, At safepoint: 8132 ns, Total: 55071 ns
[2023-10-31T00:14:53.075+0000][7][safepoint   ] Safepoint "Cleanup", Time since last: 1000096329 ns, Reaching safepoint: 101220 ns, At safepoint: 3546 ns, Total: 104766 ns
[2023-10-31T00:14:54.075+0000][7][safepoint   ] Safepoint "Cleanup", Time since last: 1000101182 ns, Reaching safepoint: 143449 ns, At safepoint: 15062 ns, Total: 158511 ns
[2023-10-31T00:14:55.075+0000][7][safepoint   ] Safepoint "Cleanup", Time since last: 1000129989 ns, Reaching safepoint: 41962 ns, At safepoint: 7389 ns, Total: 49351 ns
[2023-10-31T00:14:56.075+0000][7][safepoint   ] Safepoint "Cleanup", Time since last: 1000104607 ns, Reaching safepoint: 50378 ns, At safepoint: 3186 ns, Total: 53564 ns
[2023-10-31T00:14:57.075+0000][7][safepoint   ] Safepoint "Cleanup", Time since last: 1000111565 ns, Reaching safepoint: 76916 ns, At safepoint: 3551 ns, Total: 80467 ns
[2023-10-31T00:14:58.076+0000][7][safepoint   ] Safepoint "Cleanup", Time since last: 1000132108 ns, Reaching safepoint: 43523 ns, At safepoint: 10895 ns, Total: 54418 ns
[2023-10-31T00:14:59.076+0000][7][safepoint   ] Safepoint "Cleanup", Time since last: 1000093692 ns, Reaching safepoint: 70857 ns, At safepoint: 3138 ns, Total: 73995 ns
[2023-10-31T00:15:00.076+0000][7][safepoint   ] Safepoint "Cleanup", Time since last: 1000094769 ns, Reaching safepoint: 57348 ns, At safepoint: 3698 ns, Total: 61046 ns
[2023-10-31T00:15:01.076+0000][7][safepoint   ] Safepoint "Cleanup", Time since last: 1000092195 ns, Reaching safepoint: 53063 ns, At safepoint: 3227 ns, Total: 56290 ns
[2023-10-31T00:15:02.076+0000][7][safepoint   ] Safepoint "Cleanup", Time since last: 1000100908 ns, Reaching safepoint: 76575 ns, At safepoint: 8030 ns, Total: 84605 ns
[2023-10-31T00:15:03.076+0000][7][safepoint   ] Safepoint "Cleanup", Time since last: 1000102665 ns, Reaching safepoint: 62634 ns, At safepoint: 3523 ns, Total: 66157 ns
[2023-10-31T00:15:04.077+0000][7][safepoint   ] Safepoint "Cleanup", Time since last: 1000104763 ns, Reaching safepoint: 74150 ns, At safepoint: 6158 ns, Total: 80308 ns
[2023-10-31T00:15:05.077+0000][7][safepoint   ] Safepoint "Cleanup", Time since last: 1000118011 ns, Reaching safepoint: 135026 ns, At safepoint: 6497 ns, Total: 141523 ns
[2023-10-31T00:15:05.530+0000][7][gc,start    ] GC(23) Pause Young (Normal) (G1 Evacuation Pause)
[2023-10-31T00:15:05.530+0000][7][gc,task     ] GC(23) Using 8 workers of 8 for evacuation
[2023-10-31T00:15:05.530+0000][7][gc,age      ] GC(23) Desired survivor size 20971520 bytes, new threshold 15 (max threshold 15)
[2023-10-31T00:15:05.543+0000][7][gc,age      ] GC(23) Age table with threshold 15 (max threshold 15)
[2023-10-31T00:15:05.543+0000][7][gc,age      ] GC(23) - age   1:    1353248 bytes,    1353248 total
[2023-10-31T00:15:05.543+0000][7][gc,age      ] GC(23) - age   2:    1313320 bytes,    2666568 total
[2023-10-31T00:15:05.543+0000][7][gc,age      ] GC(23) - age   3:     957240 bytes,    3623808 total
[2023-10-31T00:15:05.543+0000][7][gc,age      ] GC(23) - age   4:    3761816 bytes,    7385624 total
[2023-10-31T00:15:05.543+0000][7][gc,age      ] GC(23) - age   5:    3491064 bytes,   10876688 total
[2023-10-31T00:15:05.543+0000][7][gc,age      ] GC(23) - age   6:    5507576 bytes,   16384264 total
[2023-10-31T00:15:05.543+0000][7][gc,phases   ] GC(23)   Pre Evacuate Collection Set: 0.1ms
[2023-10-31T00:15:05.543+0000][7][gc,phases   ] GC(23)   Merge Heap Roots: 0.1ms
[2023-10-31T00:15:05.543+0000][7][gc,phases   ] GC(23)   Evacuate Collection Set: 12.0ms
[2023-10-31T00:15:05.543+0000][7][gc,phases   ] GC(23)   Post Evacuate Collection Set: 0.8ms
[2023-10-31T00:15:05.543+0000][7][gc,phases   ] GC(23)   Other: 0.2ms
[2023-10-31T00:15:05.543+0000][7][gc,heap     ] GC(23) Eden regions: 71->0(71)
[2023-10-31T00:15:05.543+0000][7][gc,heap     ] GC(23) Survivor regions: 5->5(10)
[2023-10-31T00:15:05.543+0000][7][gc,heap     ] GC(23) Old regions: 19->19
[2023-10-31T00:15:05.543+0000][7][gc,heap     ] GC(23) Archive regions: 2->2
[2023-10-31T00:15:05.543+0000][7][gc,heap     ] GC(23) Humongous regions: 5->5
[2023-10-31T00:15:05.543+0000][7][gc,metaspace] GC(23) Metaspace: 113156K(114752K)->113156K(114752K) NonClass: 97728K(98624K)->97728K(98624K) Class: 15427K(16128K)->15427K(16128K)
[2023-10-31T00:15:05.543+0000][7][gc          ] GC(23) Pause Young (Normal) (G1 Evacuation Pause) 398M->114M(512M) 13.269ms
[2023-10-31T00:15:05.543+0000][7][gc,cpu      ] GC(23) User=0.05s Sys=0.00s Real=0.01s
[2023-10-31T00:15:05.543+0000][7][safepoint   ] Safepoint "G1CollectForAllocation", Time since last: 452811106 ns, Reaching safepoint: 47724 ns, At safepoint: 13354903 ns, Total: 13402627 ns
[2023-10-31T00:15:06.543+0000][7][safepoint   ] Safepoint "Cleanup", Time since last: 1000084708 ns, Reaching safepoint: 71588 ns, At safepoint: 6099 ns, Total: 77687 ns
[2023-10-31T00:15:07.543+0000][7][safepoint   ] Safepoint "Cleanup", Time since last: 1000110268 ns, Reaching safepoint: 82276 ns, At safepoint: 4526 ns, Total: 86802 ns
[2023-10-31T00:15:09.279+0000][7][safepoint   ] Safepoint "Cleanup", Time since last: 1735455377 ns, Reaching safepoint: 124513 ns, At safepoint: 6877 ns, Total: 131390 ns
[2023-10-31T00:15:10.279+0000][7][safepoint   ] Safepoint "Cleanup", Time since last: 1000134166 ns, Reaching safepoint: 90075 ns, At safepoint: 8859 ns, Total: 98934 ns
[2023-10-31T00:15:11.280+0000][7][safepoint   ] Safepoint "Cleanup", Time since last: 1000138736 ns, Reaching safepoint: 88706 ns, At safepoint: 9897 ns, Total: 98603 ns
[2023-10-31T00:15:12.281+0000][7][safepoint   ] Safepoint "Cleanup", Time since last: 1001382653 ns, Reaching safepoint: 65046 ns, At safepoint: 8940 ns, Total: 73986 ns
[2023-10-31T00:15:13.281+0000][7][safepoint   ] Safepoint "Cleanup", Time since last: 1000123495 ns, Reaching safepoint: 71232 ns, At safepoint: 10198 ns, Total: 81430 ns
[2023-10-31T00:15:14.281+0000][7][safepoint   ] Safepoint "Cleanup", Time since last: 1000110642 ns, Reaching safepoint: 106044 ns, At safepoint: 7635 ns, Total: 113679 ns
[2023-10-31T00:15:15.282+0000][7][safepoint   ] Safepoint "Cleanup", Time since last: 1000112447 ns, Reaching safepoint: 54035 ns, At safepoint: 4230 ns, Total: 58265 ns
[2023-10-31T00:15:16.282+0000][7][safepoint   ] Safepoint "Cleanup", Time since last: 1000116595 ns, Reaching safepoint: 91509 ns, At safepoint: 7501 ns, Total: 99010 ns
[2023-10-31T00:15:17.282+0000][7][safepoint   ] Safepoint "Cleanup", Time since last: 1000146893 ns, Reaching safepoint: 103629 ns, At safepoint: 3653 ns, Total: 107282 ns
[2023-10-31T00:15:17.950+0000][7][safepoint   ] Safepoint "ICBufferFull", Time since last: 668244665 ns, Reaching safepoint: 90008 ns, At safepoint: 8853 ns, Total: 98861 ns
[2023-10-31T00:15:18.002+0000][7][safepoint   ] Safepoint "ICBufferFull", Time since last: 51556222 ns, Reaching safepoint: 72680 ns, At safepoint: 3317 ns, Total: 75997 ns
[2023-10-31T00:15:18.161+0000][7][safepoint   ] Safepoint "ICBufferFull", Time since last: 158518681 ns, Reaching safepoint: 138281 ns, At safepoint: 7646 ns, Total: 145927 ns
[2023-10-31T00:15:18.226+0000][7][safepoint   ] Safepoint "ICBufferFull", Time since last: 65605239 ns, Reaching safepoint: 65860 ns, At safepoint: 3314 ns, Total: 69174 ns
[2023-10-31T00:15:18.334+0000][7][safepoint   ] Safepoint "ICBufferFull", Time since last: 107989788 ns, Reaching safepoint: 70534 ns, At safepoint: 9451 ns, Total: 79985 ns
[2023-10-31T00:15:18.442+0000][7][safepoint   ] Safepoint "ICBufferFull", Time since last: 107735668 ns, Reaching safepoint: 46149 ns, At safepoint: 9457 ns, Total: 55606 ns
[2023-10-31T00:15:18.571+0000][7][safepoint   ] Safepoint "ICBufferFull", Time since last: 128742841 ns, Reaching safepoint: 119354 ns, At safepoint: 4747 ns, Total: 124101 ns
[2023-10-31T00:15:19.571+0000][7][safepoint   ] Safepoint "Cleanup", Time since last: 1000162780 ns, Reaching safepoint: 58795 ns, At safepoint: 9320 ns, Total: 68115 ns
[2023-10-31T00:15:20.572+0000][7][safepoint   ] Safepoint "Cleanup", Time since last: 1000118575 ns, Reaching safepoint: 347358 ns, At safepoint: 13501 ns, Total: 360859 ns
[2023-10-31T00:15:21.099+0000][7][gc,start    ] GC(24) Pause Young (Normal) (G1 Evacuation Pause)
[2023-10-31T00:15:21.099+0000][7][gc,task     ] GC(24) Using 8 workers of 8 for evacuation
[2023-10-31T00:15:21.099+0000][7][gc,age      ] GC(24) Desired survivor size 20971520 bytes, new threshold 15 (max threshold 15)
[2023-10-31T00:15:21.132+0000][7][gc,age      ] GC(24) Age table with threshold 15 (max threshold 15)
[2023-10-31T00:15:21.132+0000][7][gc,age      ] GC(24) - age   1:    1539040 bytes,    1539040 total
[2023-10-31T00:15:21.132+0000][7][gc,age      ] GC(24) - age   2:     533080 bytes,    2072120 total
[2023-10-31T00:15:21.132+0000][7][gc,age      ] GC(24) - age   3:    1241176 bytes,    3313296 total
[2023-10-31T00:15:21.132+0000][7][gc,age      ] GC(24) - age   4:     908832 bytes,    4222128 total
[2023-10-31T00:15:21.132+0000][7][gc,age      ] GC(24) - age   5:    3708488 bytes,    7930616 total
[2023-10-31T00:15:21.132+0000][7][gc,age      ] GC(24) - age   6:    3473448 bytes,   11404064 total
[2023-10-31T00:15:21.132+0000][7][gc,age      ] GC(24) - age   7:    5507472 bytes,   16911536 total
[2023-10-31T00:15:21.132+0000][7][gc,phases   ] GC(24)   Pre Evacuate Collection Set: 0.1ms
[2023-10-31T00:15:21.132+0000][7][gc,phases   ] GC(24)   Merge Heap Roots: 0.1ms
[2023-10-31T00:15:21.132+0000][7][gc,phases   ] GC(24)   Evacuate Collection Set: 30.6ms
[2023-10-31T00:15:21.132+0000][7][gc,phases   ] GC(24)   Post Evacuate Collection Set: 2.1ms
[2023-10-31T00:15:21.132+0000][7][gc,phases   ] GC(24)   Other: 2.2ms
[2023-10-31T00:15:21.132+0000][7][gc,heap     ] GC(24) Eden regions: 71->0(71)
[2023-10-31T00:15:21.132+0000][7][gc,heap     ] GC(24) Survivor regions: 5->5(10)
[2023-10-31T00:15:21.132+0000][7][gc,heap     ] GC(24) Old regions: 19->19
[2023-10-31T00:15:21.132+0000][7][gc,heap     ] GC(24) Archive regions: 2->2
[2023-10-31T00:15:21.132+0000][7][gc,heap     ] GC(24) Humongous regions: 5->5
[2023-10-31T00:15:21.133+0000][7][gc,metaspace] GC(24) Metaspace: 113476K(115072K)->113476K(115072K) NonClass: 98019K(98944K)->98019K(98944K) Class: 15456K(16128K)->15456K(16128K)
[2023-10-31T00:15:21.133+0000][7][gc          ] GC(24) Pause Young (Normal) (G1 Evacuation Pause) 398M->115M(512M) 33.624ms
[2023-10-31T00:15:21.133+0000][7][gc,cpu      ] GC(24) User=0.09s Sys=0.00s Real=0.03s
[2023-10-31T00:15:21.133+0000][7][safepoint   ] Safepoint "G1CollectForAllocation", Time since last: 525521394 ns, Reaching safepoint: 106625 ns, At safepoint: 35403724 ns, Total: 35510349 ns
[2023-10-31T00:15:22.135+0000][7][safepoint   ] Safepoint "Cleanup", Time since last: 1000096005 ns, Reaching safepoint: 2246703 ns, At safepoint: 25286 ns, Total: 2271989 ns
[2023-10-31T00:15:22.975+0000][7][safepoint   ] Safepoint "ICBufferFull", Time since last: 839429028 ns, Reaching safepoint: 181837 ns, At safepoint: 11508 ns, Total: 193345 ns
[2023-10-31T00:15:23.230+0000][7][safepoint   ] Safepoint "ICBufferFull", Time since last: 254795590 ns, Reaching safepoint: 187713 ns, At safepoint: 14677 ns, Total: 202390 ns
[2023-10-31T00:15:23.948+0000][7][safepoint   ] Safepoint "ICBufferFull", Time since last: 718234937 ns, Reaching safepoint: 215079 ns, At safepoint: 18086 ns, Total: 233165 ns
[2023-10-31T00:15:24.340+0000][7][safepoint   ] Safepoint "ICBufferFull", Time since last: 391709502 ns, Reaching safepoint: 186710 ns, At safepoint: 11748 ns, Total: 198458 ns
[2023-10-31T00:15:25.422+0000][7][safepoint   ] Safepoint "Cleanup", Time since last: 1081586243 ns, Reaching safepoint: 166061 ns, At safepoint: 4934 ns, Total: 170995 ns
[2023-10-31T00:15:26.480+0000][7][safepoint   ] Safepoint "Cleanup", Time since last: 1058282987 ns, Reaching safepoint: 184815 ns, At safepoint: 7274 ns, Total: 192089 ns
[2023-10-31T00:15:26.513+0000][7][gc,start    ] GC(25) Pause Young (Normal) (G1 Evacuation Pause)
[2023-10-31T00:15:26.513+0000][7][gc,task     ] GC(25) Using 8 workers of 8 for evacuation
[2023-10-31T00:15:26.513+0000][7][gc,age      ] GC(25) Desired survivor size 20971520 bytes, new threshold 15 (max threshold 15)
[2023-10-31T00:15:26.525+0000][7][gc,age      ] GC(25) Age table with threshold 15 (max threshold 15)
[2023-10-31T00:15:26.525+0000][7][gc,age      ] GC(25) - age   1:    4774552 bytes,    4774552 total
[2023-10-31T00:15:26.525+0000][7][gc,age      ] GC(25) - age   2:     761992 bytes,    5536544 total
[2023-10-31T00:15:26.525+0000][7][gc,age      ] GC(25) - age   3:     214672 bytes,    5751216 total
[2023-10-31T00:15:26.525+0000][7][gc,age      ] GC(25) - age   4:      74632 bytes,    5825848 total
[2023-10-31T00:15:26.525+0000][7][gc,age      ] GC(25) - age   5:     164128 bytes,    5989976 total
[2023-10-31T00:15:26.525+0000][7][gc,age      ] GC(25) - age   6:    3586048 bytes,    9576024 total
[2023-10-31T00:15:26.525+0000][7][gc,age      ] GC(25) - age   7:    3471464 bytes,   13047488 total
[2023-10-31T00:15:26.525+0000][7][gc,age      ] GC(25) - age   8:    5462112 bytes,   18509600 total
[2023-10-31T00:15:26.525+0000][7][gc,phases   ] GC(25)   Pre Evacuate Collection Set: 0.1ms
[2023-10-31T00:15:26.525+0000][7][gc,phases   ] GC(25)   Merge Heap Roots: 0.1ms
[2023-10-31T00:15:26.525+0000][7][gc,phases   ] GC(25)   Evacuate Collection Set: 11.2ms
[2023-10-31T00:15:26.525+0000][7][gc,phases   ] GC(25)   Post Evacuate Collection Set: 0.9ms
[2023-10-31T00:15:26.525+0000][7][gc,phases   ] GC(25)   Other: 0.2ms
[2023-10-31T00:15:26.525+0000][7][gc,heap     ] GC(25) Eden regions: 71->0(71)
[2023-10-31T00:15:26.525+0000][7][gc,heap     ] GC(25) Survivor regions: 5->5(10)
[2023-10-31T00:15:26.525+0000][7][gc,heap     ] GC(25) Old regions: 19->19
[2023-10-31T00:15:26.525+0000][7][gc,heap     ] GC(25) Archive regions: 2->2
[2023-10-31T00:15:26.525+0000][7][gc,heap     ] GC(25) Humongous regions: 5->5
[2023-10-31T00:15:26.525+0000][7][gc,metaspace] GC(25) Metaspace: 114984K(116736K)->114984K(116736K) NonClass: 99303K(100352K)->99303K(100352K) Class: 15680K(16384K)->15680K(16384K)
[2023-10-31T00:15:26.525+0000][7][gc          ] GC(25) Pause Young (Normal) (G1 Evacuation Pause) 399M->117M(512M) 12.751ms
[2023-10-31T00:15:26.525+0000][7][gc,cpu      ] GC(25) User=0.05s Sys=0.00s Real=0.02s
[2023-10-31T00:15:26.525+0000][7][safepoint   ] Safepoint "G1CollectForAllocation", Time since last: 32046737 ns, Reaching safepoint: 31156 ns, At safepoint: 12839249 ns, Total: 12870405 ns
[2023-10-31T00:15:27.525+0000][7][safepoint   ] Safepoint "Cleanup", Time since last: 1000114387 ns, Reaching safepoint: 46628 ns, At safepoint: 5066 ns, Total: 51694 ns
[2023-10-31T00:15:28.526+0000][7][safepoint   ] Safepoint "Cleanup", Time since last: 1000100575 ns, Reaching safepoint: 82224 ns, At safepoint: 7091 ns, Total: 89315 ns
[2023-10-31T00:15:29.532+0000][7][safepoint   ] Safepoint "Cleanup", Time since last: 1006474015 ns, Reaching safepoint: 111569 ns, At safepoint: 13090 ns, Total: 124659 ns
[2023-10-31T00:15:30.532+0000][7][safepoint   ] Safepoint "Cleanup", Time since last: 1000122061 ns, Reaching safepoint: 51441 ns, At safepoint: 8170 ns, Total: 59611 ns
[2023-10-31T00:15:31.533+0000][7][safepoint   ] Safepoint "Cleanup", Time since last: 1000138735 ns, Reaching safepoint: 72393 ns, At safepoint: 11523 ns, Total: 83916 ns
[2023-10-31T00:15:32.533+0000][7][safepoint   ] Safepoint "Cleanup", Time since last: 1000108945 ns, Reaching safepoint: 108032 ns, At safepoint: 3684 ns, Total: 111716 ns
[2023-10-31T00:15:32.662+0000][7][gc,start    ] GC(26) Pause Young (Normal) (G1 Evacuation Pause)
[2023-10-31T00:15:32.662+0000][7][gc,task     ] GC(26) Using 8 workers of 8 for evacuation
[2023-10-31T00:15:32.662+0000][7][gc,age      ] GC(26) Desired survivor size 20971520 bytes, new threshold 15 (max threshold 15)
[2023-10-31T00:15:32.688+0000][7][gc,age      ] GC(26) Age table with threshold 15 (max threshold 15)
[2023-10-31T00:15:32.689+0000][7][gc,age      ] GC(26) - age   1:    2709440 bytes,    2709440 total
[2023-10-31T00:15:32.689+0000][7][gc,age      ] GC(26) - age   2:    3576056 bytes,    6285496 total
[2023-10-31T00:15:32.689+0000][7][gc,age      ] GC(26) - age   3:     761416 bytes,    7046912 total
[2023-10-31T00:15:32.689+0000][7][gc,age      ] GC(26) - age   4:     202608 bytes,    7249520 total
[2023-10-31T00:15:32.689+0000][7][gc,age      ] GC(26) - age   5:      72424 bytes,    7321944 total
[2023-10-31T00:15:32.689+0000][7][gc,age      ] GC(26) - age   6:     162272 bytes,    7484216 total
[2023-10-31T00:15:32.689+0000][7][gc,age      ] GC(26) - age   7:    3585768 bytes,   11069984 total
[2023-10-31T00:15:32.690+0000][7][gc,age      ] GC(26) - age   8:    3471240 bytes,   14541224 total
[2023-10-31T00:15:32.690+0000][7][gc,age      ] GC(26) - age   9:    5461664 bytes,   20002888 total
[2023-10-31T00:15:32.690+0000][7][gc,phases   ] GC(26)   Pre Evacuate Collection Set: 0.1ms
[2023-10-31T00:15:32.690+0000][7][gc,phases   ] GC(26)   Merge Heap Roots: 0.1ms
[2023-10-31T00:15:32.690+0000][7][gc,phases   ] GC(26)   Evacuate Collection Set: 21.7ms
[2023-10-31T00:15:32.690+0000][7][gc,phases   ] GC(26)   Post Evacuate Collection Set: 4.1ms
[2023-10-31T00:15:32.690+0000][7][gc,phases   ] GC(26)   Other: 1.8ms
[2023-10-31T00:15:32.690+0000][7][gc,heap     ] GC(26) Eden regions: 71->0(70)
[2023-10-31T00:15:32.690+0000][7][gc,heap     ] GC(26) Survivor regions: 5->6(10)
[2023-10-31T00:15:32.690+0000][7][gc,heap     ] GC(26) Old regions: 19->19
[2023-10-31T00:15:32.690+0000][7][gc,heap     ] GC(26) Archive regions: 2->2
[2023-10-31T00:15:32.690+0000][7][gc,heap     ] GC(26) Humongous regions: 5->5
[2023-10-31T00:15:32.690+0000][7][gc,metaspace] GC(26) Metaspace: 115072K(116800K)->115072K(116800K) NonClass: 99391K(100416K)->99391K(100416K) Class: 15681K(16384K)->15681K(16384K)
[2023-10-31T00:15:32.690+0000][7][gc          ] GC(26) Pause Young (Normal) (G1 Evacuation Pause) 401M->118M(512M) 28.103ms
[2023-10-31T00:15:32.690+0000][7][gc,cpu      ] GC(26) User=0.06s Sys=0.00s Real=0.03s
[2023-10-31T00:15:32.690+0000][7][safepoint   ] Safepoint "G1CollectForAllocation", Time since last: 128492106 ns, Reaching safepoint: 803312 ns, At safepoint: 28219856 ns, Total: 29023168 ns
[2023-10-31T00:15:33.691+0000][7][safepoint   ] Safepoint "Cleanup", Time since last: 1000081692 ns, Reaching safepoint: 75065 ns, At safepoint: 6029 ns, Total: 81094 ns
[2023-10-31T00:15:34.691+0000][7][safepoint   ] Safepoint "Cleanup", Time since last: 1000096817 ns, Reaching safepoint: 58666 ns, At safepoint: 5938 ns, Total: 64604 ns
[2023-10-31T00:15:35.691+0000][7][safepoint   ] Safepoint "Cleanup", Time since last: 1000111817 ns, Reaching safepoint: 58530 ns, At safepoint: 5229 ns, Total: 63759 ns
[2023-10-31T00:15:36.691+0000][7][safepoint   ] Safepoint "Cleanup", Time since last: 1000104029 ns, Reaching safepoint: 61972 ns, At safepoint: 9225 ns, Total: 71197 ns
[2023-10-31T00:15:37.691+0000][7][safepoint   ] Safepoint "Cleanup", Time since last: 1000098689 ns, Reaching safepoint: 43787 ns, At safepoint: 2947 ns, Total: 46734 ns
[2023-10-31T00:15:38.691+0000][7][safepoint   ] Safepoint "Cleanup", Time since last: 1000111013 ns, Reaching safepoint: 105971 ns, At safepoint: 5761 ns, Total: 111732 ns
[2023-10-31T00:15:39.692+0000][7][safepoint   ] Safepoint "Cleanup", Time since last: 1000103655 ns, Reaching safepoint: 60029 ns, At safepoint: 10322 ns, Total: 70351 ns
[2023-10-31T00:15:40.692+0000][7][safepoint   ] Safepoint "Cleanup", Time since last: 1000110389 ns, Reaching safepoint: 71722 ns, At safepoint: 3562 ns, Total: 75284 ns
[2023-10-31T00:15:40.912+0000][7][gc,start    ] GC(27) Pause Young (Normal) (G1 Evacuation Pause)
[2023-10-31T00:15:40.912+0000][7][gc,task     ] GC(27) Using 8 workers of 8 for evacuation
[2023-10-31T00:15:40.912+0000][7][gc,age      ] GC(27) Desired survivor size 20971520 bytes, new threshold 15 (max threshold 15)
[2023-10-31T00:15:40.925+0000][7][gc,age      ] GC(27) Age table with threshold 15 (max threshold 15)
[2023-10-31T00:15:40.925+0000][7][gc,age      ] GC(27) - age   1:    2490224 bytes,    2490224 total
[2023-10-31T00:15:40.925+0000][7][gc,age      ] GC(27) - age   2:     301456 bytes,    2791680 total
[2023-10-31T00:15:40.925+0000][7][gc,age      ] GC(27) - age   3:    2804888 bytes,    5596568 total
[2023-10-31T00:15:40.925+0000][7][gc,age      ] GC(27) - age   4:     650152 bytes,    6246720 total
[2023-10-31T00:15:40.925+0000][7][gc,age      ] GC(27) - age   5:      67448 bytes,    6314168 total
[2023-10-31T00:15:40.925+0000][7][gc,age      ] GC(27) - age   6:      69376 bytes,    6383544 total
[2023-10-31T00:15:40.925+0000][7][gc,age      ] GC(27) - age   7:     161896 bytes,    6545440 total
[2023-10-31T00:15:40.925+0000][7][gc,age      ] GC(27) - age   8:    3585624 bytes,   10131064 total
[2023-10-31T00:15:40.925+0000][7][gc,age      ] GC(27) - age   9:    3471096 bytes,   13602160 total
[2023-10-31T00:15:40.925+0000][7][gc,age      ] GC(27) - age  10:    5461664 bytes,   19063824 total
[2023-10-31T00:15:40.926+0000][7][gc,phases   ] GC(27)   Pre Evacuate Collection Set: 0.1ms
[2023-10-31T00:15:40.926+0000][7][gc,phases   ] GC(27)   Merge Heap Roots: 0.1ms
[2023-10-31T00:15:40.926+0000][7][gc,phases   ] GC(27)   Evacuate Collection Set: 12.8ms
[2023-10-31T00:15:40.926+0000][7][gc,phases   ] GC(27)   Post Evacuate Collection Set: 0.9ms
[2023-10-31T00:15:40.926+0000][7][gc,phases   ] GC(27)   Other: 0.3ms
[2023-10-31T00:15:40.926+0000][7][gc,heap     ] GC(27) Eden regions: 70->0(71)
[2023-10-31T00:15:40.926+0000][7][gc,heap     ] GC(27) Survivor regions: 6->5(10)
[2023-10-31T00:15:40.926+0000][7][gc,heap     ] GC(27) Old regions: 19->19
[2023-10-31T00:15:40.926+0000][7][gc,heap     ] GC(27) Archive regions: 2->2
[2023-10-31T00:15:40.926+0000][7][gc,heap     ] GC(27) Humongous regions: 5->5
[2023-10-31T00:15:40.926+0000][7][gc,metaspace] GC(27) Metaspace: 115128K(116800K)->115128K(116800K) NonClass: 99446K(100416K)->99446K(100416K) Class: 15682K(16384K)->15682K(16384K)
[2023-10-31T00:15:40.926+0000][7][gc          ] GC(27) Pause Young (Normal) (G1 Evacuation Pause) 398M->117M(512M) 14.143ms
[2023-10-31T00:15:40.926+0000][7][gc,cpu      ] GC(27) User=0.05s Sys=0.01s Real=0.02s
[2023-10-31T00:15:40.926+0000][7][safepoint   ] Safepoint "G1CollectForAllocation", Time since last: 219534729 ns, Reaching safepoint: 131058 ns, At safepoint: 14221139 ns, Total: 14352197 ns
[2023-10-31T00:15:41.926+0000][7][safepoint   ] Safepoint "Cleanup", Time since last: 1000137988 ns, Reaching safepoint: 234052 ns, At safepoint: 11771 ns, Total: 245823 ns
[2023-10-31T00:15:42.926+0000][7][safepoint   ] Safepoint "Cleanup", Time since last: 1000167986 ns, Reaching safepoint: 84005 ns, At safepoint: 9367 ns, Total: 93372 ns
[2023-10-31T00:15:44.081+0000][7][safepoint   ] Safepoint "ICBufferFull", Time since last: 1154577589 ns, Reaching safepoint: 143651 ns, At safepoint: 6510 ns, Total: 150161 ns
[2023-10-31T00:15:45.081+0000][7][safepoint   ] Safepoint "Cleanup", Time since last: 1000101128 ns, Reaching safepoint: 67286 ns, At safepoint: 9771 ns, Total: 77057 ns
[2023-10-31T00:15:46.081+0000][7][safepoint   ] Safepoint "Cleanup", Time since last: 1000096800 ns, Reaching safepoint: 42935 ns, At safepoint: 4874 ns, Total: 47809 ns
[2023-10-31T00:15:47.082+0000][7][safepoint   ] Safepoint "Cleanup", Time since last: 1000107604 ns, Reaching safepoint: 70618 ns, At safepoint: 3555 ns, Total: 74173 ns
[2023-10-31T00:15:48.082+0000][7][safepoint   ] Safepoint "Cleanup", Time since last: 1000105948 ns, Reaching safepoint: 63135 ns, At safepoint: 10864 ns, Total: 73999 ns
[2023-10-31T00:15:48.975+0000][7][gc,start    ] GC(28) Pause Young (Normal) (G1 Evacuation Pause)
[2023-10-31T00:15:48.975+0000][7][gc,task     ] GC(28) Using 8 workers of 8 for evacuation
[2023-10-31T00:15:48.975+0000][7][gc,age      ] GC(28) Desired survivor size 20971520 bytes, new threshold 15 (max threshold 15)
[2023-10-31T00:15:48.992+0000][7][gc,age      ] GC(28) Age table with threshold 15 (max threshold 15)
[2023-10-31T00:15:48.992+0000][7][gc,age      ] GC(28) - age   1:    1894040 bytes,    1894040 total
[2023-10-31T00:15:48.992+0000][7][gc,age      ] GC(28) - age   2:     370712 bytes,    2264752 total
[2023-10-31T00:15:48.992+0000][7][gc,age      ] GC(28) - age   3:     296344 bytes,    2561096 total
[2023-10-31T00:15:48.992+0000][7][gc,age      ] GC(28) - age   4:    2796008 bytes,    5357104 total
[2023-10-31T00:15:48.992+0000][7][gc,age      ] GC(28) - age   5:     649888 bytes,    6006992 total
[2023-10-31T00:15:48.992+0000][7][gc,age      ] GC(28) - age   6:      67384 bytes,    6074376 total
[2023-10-31T00:15:48.992+0000][7][gc,age      ] GC(28) - age   7:      69216 bytes,    6143592 total
[2023-10-31T00:15:48.992+0000][7][gc,age      ] GC(28) - age   8:     161768 bytes,    6305360 total
[2023-10-31T00:15:48.992+0000][7][gc,age      ] GC(28) - age   9:    3585624 bytes,    9890984 total
[2023-10-31T00:15:48.992+0000][7][gc,age      ] GC(28) - age  10:    3470952 bytes,   13361936 total
[2023-10-31T00:15:48.992+0000][7][gc,age      ] GC(28) - age  11:    5461664 bytes,   18823600 total
[2023-10-31T00:15:48.992+0000][7][gc,phases   ] GC(28)   Pre Evacuate Collection Set: 0.1ms
[2023-10-31T00:15:48.992+0000][7][gc,phases   ] GC(28)   Merge Heap Roots: 0.1ms
[2023-10-31T00:15:48.992+0000][7][gc,phases   ] GC(28)   Evacuate Collection Set: 14.7ms
[2023-10-31T00:15:48.992+0000][7][gc,phases   ] GC(28)   Post Evacuate Collection Set: 2.0ms
[2023-10-31T00:15:48.992+0000][7][gc,phases   ] GC(28)   Other: 0.3ms
[2023-10-31T00:15:48.992+0000][7][gc,heap     ] GC(28) Eden regions: 71->0(71)
[2023-10-31T00:15:48.992+0000][7][gc,heap     ] GC(28) Survivor regions: 5->5(10)
[2023-10-31T00:15:48.992+0000][7][gc,heap     ] GC(28) Old regions: 19->19
[2023-10-31T00:15:48.992+0000][7][gc,heap     ] GC(28) Archive regions: 2->2
[2023-10-31T00:15:48.992+0000][7][gc,heap     ] GC(28) Humongous regions: 5->5
[2023-10-31T00:15:48.992+0000][7][gc,metaspace] GC(28) Metaspace: 115199K(116928K)->115199K(116928K) NonClass: 99517K(100544K)->99517K(100544K) Class: 15682K(16384K)->15682K(16384K)
[2023-10-31T00:15:48.992+0000][7][gc          ] GC(28) Pause Young (Normal) (G1 Evacuation Pause) 401M->117M(512M) 17.332ms
[2023-10-31T00:15:48.992+0000][7][gc,cpu      ] GC(28) User=0.05s Sys=0.00s Real=0.01s
[2023-10-31T00:15:48.992+0000][7][safepoint   ] Safepoint "G1CollectForAllocation", Time since last: 892432363 ns, Reaching safepoint: 293364 ns, At safepoint: 17423340 ns, Total: 17716704 ns
[2023-10-31T00:15:49.992+0000][7][safepoint   ] Safepoint "Cleanup", Time since last: 1000082392 ns, Reaching safepoint: 50680 ns, At safepoint: 3873 ns, Total: 54553 ns
[2023-10-31T00:15:50.992+0000][7][safepoint   ] Safepoint "Cleanup", Time since last: 1000109997 ns, Reaching safepoint: 119966 ns, At safepoint: 11513 ns, Total: 131479 ns
[2023-10-31T00:15:51.992+0000][7][safepoint   ] Safepoint "Cleanup", Time since last: 1000101740 ns, Reaching safepoint: 39382 ns, At safepoint: 4766 ns, Total: 44148 ns
[2023-10-31T00:15:52.993+0000][7][safepoint   ] Safepoint "Cleanup", Time since last: 1000272809 ns, Reaching safepoint: 90492 ns, At safepoint: 3842 ns, Total: 94334 ns
[2023-10-31T00:15:53.993+0000][7][safepoint   ] Safepoint "Cleanup", Time since last: 1000129765 ns, Reaching safepoint: 94318 ns, At safepoint: 7825 ns, Total: 102143 ns
[2023-10-31T00:15:55.993+0000][7][safepoint   ] Safepoint "Cleanup", Time since last: 2000155638 ns, Reaching safepoint: 77370 ns, At safepoint: 3352 ns, Total: 80722 ns
[2023-10-31T00:15:56.820+0000][7][gc,start    ] GC(29) Pause Young (Normal) (G1 Evacuation Pause)
[2023-10-31T00:15:56.820+0000][7][gc,task     ] GC(29) Using 8 workers of 8 for evacuation
[2023-10-31T00:15:56.820+0000][7][gc,age      ] GC(29) Desired survivor size 20971520 bytes, new threshold 15 (max threshold 15)
[2023-10-31T00:15:56.836+0000][7][gc,age      ] GC(29) Age table with threshold 15 (max threshold 15)
[2023-10-31T00:15:56.836+0000][7][gc,age      ] GC(29) - age   1:    2177392 bytes,    2177392 total
[2023-10-31T00:15:56.836+0000][7][gc,age      ] GC(29) - age   2:     188296 bytes,    2365688 total
[2023-10-31T00:15:56.836+0000][7][gc,age      ] GC(29) - age   3:     167184 bytes,    2532872 total
[2023-10-31T00:15:56.836+0000][7][gc,age      ] GC(29) - age   4:     269384 bytes,    2802256 total
[2023-10-31T00:15:56.836+0000][7][gc,age      ] GC(29) - age   5:    2772496 bytes,    5574752 total
[2023-10-31T00:15:56.836+0000][7][gc,age      ] GC(29) - age   6:     546440 bytes,    6121192 total
[2023-10-31T00:15:56.836+0000][7][gc,age      ] GC(29) - age   7:      66504 bytes,    6187696 total
[2023-10-31T00:15:56.836+0000][7][gc,age      ] GC(29) - age   8:      69216 bytes,    6256912 total
[2023-10-31T00:15:56.836+0000][7][gc,age      ] GC(29) - age   9:     161768 bytes,    6418680 total
[2023-10-31T00:15:56.836+0000][7][gc,age      ] GC(29) - age  10:    3441576 bytes,    9860256 total
[2023-10-31T00:15:56.836+0000][7][gc,age      ] GC(29) - age  11:    3469448 bytes,   13329704 total
[2023-10-31T00:15:56.836+0000][7][gc,age      ] GC(29) - age  12:    5461664 bytes,   18791368 total
[2023-10-31T00:15:56.836+0000][7][gc,phases   ] GC(29)   Pre Evacuate Collection Set: 0.1ms
[2023-10-31T00:15:56.836+0000][7][gc,phases   ] GC(29)   Merge Heap Roots: 0.1ms
[2023-10-31T00:15:56.836+0000][7][gc,phases   ] GC(29)   Evacuate Collection Set: 15.2ms
[2023-10-31T00:15:56.836+0000][7][gc,phases   ] GC(29)   Post Evacuate Collection Set: 0.8ms
[2023-10-31T00:15:56.836+0000][7][gc,phases   ] GC(29)   Other: 0.2ms
[2023-10-31T00:15:56.836+0000][7][gc,heap     ] GC(29) Eden regions: 71->0(71)
[2023-10-31T00:15:56.836+0000][7][gc,heap     ] GC(29) Survivor regions: 5->5(10)
[2023-10-31T00:15:56.836+0000][7][gc,heap     ] GC(29) Old regions: 19->19
[2023-10-31T00:15:56.836+0000][7][gc,heap     ] GC(29) Archive regions: 2->2
[2023-10-31T00:15:56.836+0000][7][gc,heap     ] GC(29) Humongous regions: 5->5
[2023-10-31T00:15:56.836+0000][7][gc,metaspace] GC(29) Metaspace: 115261K(116992K)->115261K(116992K) NonClass: 99577K(100608K)->99577K(100608K) Class: 15683K(16384K)->15683K(16384K)
[2023-10-31T00:15:56.836+0000][7][gc          ] GC(29) Pause Young (Normal) (G1 Evacuation Pause) 401M->117M(512M) 16.447ms
[2023-10-31T00:15:56.836+0000][7][gc,cpu      ] GC(29) User=0.05s Sys=0.00s Real=0.02s
[2023-10-31T00:15:56.836+0000][7][safepoint   ] Safepoint "G1CollectForAllocation", Time since last: 826632321 ns, Reaching safepoint: 42935 ns, At safepoint: 16522256 ns, Total: 16565191 ns
[2023-10-31T00:15:58.308+0000][7][safepoint   ] Safepoint "Cleanup", Time since last: 1471499607 ns, Reaching safepoint: 79348 ns, At safepoint: 5643 ns, Total: 84991 ns
[2023-10-31T00:15:59.308+0000][7][safepoint   ] Safepoint "Cleanup", Time since last: 1000093823 ns, Reaching safepoint: 35995 ns, At safepoint: 2479 ns, Total: 38474 ns
[2023-10-31T00:16:00.308+0000][7][safepoint   ] Safepoint "Cleanup", Time since last: 1000105606 ns, Reaching safepoint: 90764 ns, At safepoint: 9373 ns, Total: 100137 ns
[2023-10-31T00:16:01.309+0000][7][safepoint   ] Safepoint "Cleanup", Time since last: 1000101501 ns, Reaching safepoint: 52502 ns, At safepoint: 3563 ns, Total: 56065 ns
[2023-10-31T00:16:03.114+0000][7][safepoint   ] Safepoint "Cleanup", Time since last: 1805755857 ns, Reaching safepoint: 82269 ns, At safepoint: 4871 ns, Total: 87140 ns
[2023-10-31T00:16:04.115+0000][7][safepoint   ] Safepoint "Cleanup", Time since last: 1000100449 ns, Reaching safepoint: 45300 ns, At safepoint: 6524 ns, Total: 51824 ns
[2023-10-31T00:16:05.694+0000][7][safepoint   ] Safepoint "Cleanup", Time since last: 1579122000 ns, Reaching safepoint: 59806 ns, At safepoint: 6389 ns, Total: 66195 ns
[2023-10-31T00:16:06.694+0000][7][safepoint   ] Safepoint "Cleanup", Time since last: 1000090968 ns, Reaching safepoint: 33626 ns, At safepoint: 4170 ns, Total: 37796 ns
[2023-10-31T00:16:07.694+0000][7][safepoint   ] Safepoint "Cleanup", Time since last: 1000107936 ns, Reaching safepoint: 36218 ns, At safepoint: 3534 ns, Total: 39752 ns
[2023-10-31T00:16:08.694+0000][7][safepoint   ] Safepoint "Cleanup", Time since last: 1000165286 ns, Reaching safepoint: 106403 ns, At safepoint: 7144 ns, Total: 113547 ns
[2023-10-31T00:16:09.694+0000][7][safepoint   ] Safepoint "Cleanup", Time since last: 1000094663 ns, Reaching safepoint: 51120 ns, At safepoint: 5875 ns, Total: 56995 ns
[2023-10-31T00:16:10.695+0000][7][safepoint   ] Safepoint "Cleanup", Time since last: 1000107076 ns, Reaching safepoint: 53424 ns, At safepoint: 7744 ns, Total: 61168 ns
[2023-10-31T00:16:11.695+0000][7][safepoint   ] Safepoint "Cleanup", Time since last: 1000115506 ns, Reaching safepoint: 55736 ns, At safepoint: 8968 ns, Total: 64704 ns
[2023-10-31T00:16:12.695+0000][7][safepoint   ] Safepoint "Cleanup", Time since last: 1000111767 ns, Reaching safepoint: 82132 ns, At safepoint: 5323 ns, Total: 87455 ns
[2023-10-31T00:16:13.695+0000][7][safepoint   ] Safepoint "Cleanup", Time since last: 1000127110 ns, Reaching safepoint: 41726 ns, At safepoint: 4041 ns, Total: 45767 ns
[2023-10-31T00:16:14.695+0000][7][safepoint   ] Safepoint "Cleanup", Time since last: 1000122794 ns, Reaching safepoint: 86680 ns, At safepoint: 6641 ns, Total: 93321 ns
[2023-10-31T00:16:15.315+0000][7][gc,start    ] GC(30) Pause Young (Normal) (G1 Evacuation Pause)
[2023-10-31T00:16:15.315+0000][7][gc,task     ] GC(30) Using 8 workers of 8 for evacuation
[2023-10-31T00:16:15.315+0000][7][gc,age      ] GC(30) Desired survivor size 20971520 bytes, new threshold 15 (max threshold 15)
[2023-10-31T00:16:15.326+0000][7][gc,age      ] GC(30) Age table with threshold 15 (max threshold 15)
[2023-10-31T00:16:15.326+0000][7][gc,age      ] GC(30) - age   1:    1052464 bytes,    1052464 total
[2023-10-31T00:16:15.326+0000][7][gc,age      ] GC(30) - age   2:    1289616 bytes,    2342080 total
[2023-10-31T00:16:15.326+0000][7][gc,age      ] GC(30) - age   3:     171032 bytes,    2513112 total
[2023-10-31T00:16:15.326+0000][7][gc,age      ] GC(30) - age   4:      44008 bytes,    2557120 total
[2023-10-31T00:16:15.326+0000][7][gc,age      ] GC(30) - age   5:     255400 bytes,    2812520 total
[2023-10-31T00:16:15.326+0000][7][gc,age      ] GC(30) - age   6:    2772112 bytes,    5584632 total
[2023-10-31T00:16:15.326+0000][7][gc,age      ] GC(30) - age   7:     546280 bytes,    6130912 total
[2023-10-31T00:16:15.326+0000][7][gc,age      ] GC(30) - age   8:      66248 bytes,    6197160 total
[2023-10-31T00:16:15.326+0000][7][gc,age      ] GC(30) - age   9:      68880 bytes,    6266040 total
[2023-10-31T00:16:15.326+0000][7][gc,age      ] GC(30) - age  10:     161768 bytes,    6427808 total
[2023-10-31T00:16:15.326+0000][7][gc,age      ] GC(30) - age  11:    3441576 bytes,    9869384 total
[2023-10-31T00:16:15.326+0000][7][gc,age      ] GC(30) - age  12:    3469360 bytes,   13338744 total
[2023-10-31T00:16:15.326+0000][7][gc,age      ] GC(30) - age  13:    5461664 bytes,   18800408 total
[2023-10-31T00:16:15.326+0000][7][gc,phases   ] GC(30)   Pre Evacuate Collection Set: 0.1ms
[2023-10-31T00:16:15.326+0000][7][gc,phases   ] GC(30)   Merge Heap Roots: 0.1ms
[2023-10-31T00:16:15.326+0000][7][gc,phases   ] GC(30)   Evacuate Collection Set: 10.6ms
[2023-10-31T00:16:15.326+0000][7][gc,phases   ] GC(30)   Post Evacuate Collection Set: 0.8ms
[2023-10-31T00:16:15.326+0000][7][gc,phases   ] GC(30)   Other: 0.2ms
[2023-10-31T00:16:15.327+0000][7][gc,heap     ] GC(30) Eden regions: 71->0(70)
[2023-10-31T00:16:15.327+0000][7][gc,heap     ] GC(30) Survivor regions: 5->6(10)
[2023-10-31T00:16:15.327+0000][7][gc,heap     ] GC(30) Old regions: 19->19
[2023-10-31T00:16:15.327+0000][7][gc,heap     ] GC(30) Archive regions: 2->2
[2023-10-31T00:16:15.327+0000][7][gc,heap     ] GC(30) Humongous regions: 5->5
[2023-10-31T00:16:15.327+0000][7][gc,metaspace] GC(30) Metaspace: 115354K(117120K)->115354K(117120K) NonClass: 99669K(100672K)->99669K(100672K) Class: 15685K(16448K)->15685K(16448K)
[2023-10-31T00:16:15.327+0000][7][gc          ] GC(30) Pause Young (Normal) (G1 Evacuation Pause) 401M->118M(512M) 11.797ms
[2023-10-31T00:16:15.327+0000][7][gc,cpu      ] GC(30) User=0.05s Sys=0.00s Real=0.01s
[2023-10-31T00:16:15.327+0000][7][safepoint   ] Safepoint "G1CollectForAllocation", Time since last: 619269514 ns, Reaching safepoint: 50241 ns, At safepoint: 11875901 ns, Total: 11926142 ns
[2023-10-31T00:16:16.327+0000][7][safepoint   ] Safepoint "Cleanup", Time since last: 1000082260 ns, Reaching safepoint: 37870 ns, At safepoint: 3905 ns, Total: 41775 ns
[2023-10-31T00:16:17.327+0000][7][safepoint   ] Safepoint "Cleanup", Time since last: 1000105197 ns, Reaching safepoint: 58779 ns, At safepoint: 3675 ns, Total: 62454 ns
[2023-10-31T00:16:18.327+0000][7][safepoint   ] Safepoint "Cleanup", Time since last: 1000099960 ns, Reaching safepoint: 46498 ns, At safepoint: 2893 ns, Total: 49391 ns
[2023-10-31T00:16:19.327+0000][7][safepoint   ] Safepoint "Cleanup", Time since last: 1000117949 ns, Reaching safepoint: 35907 ns, At safepoint: 3912 ns, Total: 39819 ns
[2023-10-31T00:16:20.327+0000][7][safepoint   ] Safepoint "Cleanup", Time since last: 1000107576 ns, Reaching safepoint: 52002 ns, At safepoint: 7470 ns, Total: 59472 ns
[2023-10-31T00:16:21.328+0000][7][safepoint   ] Safepoint "Cleanup", Time since last: 1000114334 ns, Reaching safepoint: 55771 ns, At safepoint: 10109 ns, Total: 65880 ns
[2023-10-31T00:16:22.328+0000][7][safepoint   ] Safepoint "Cleanup", Time since last: 1000104494 ns, Reaching safepoint: 50254 ns, At safepoint: 2996 ns, Total: 53250 ns
[2023-10-31T00:16:23.333+0000][7][safepoint   ] Safepoint "Cleanup", Time since last: 1000098144 ns, Reaching safepoint: 5335680 ns, At safepoint: 17636 ns, Total: 5353316 ns
[2023-10-31T00:16:24.397+0000][7][safepoint   ] Safepoint "Cleanup", Time since last: 1063307526 ns, Reaching safepoint: 151006 ns, At safepoint: 11309 ns, Total: 162315 ns
[2023-10-31T00:16:25.397+0000][7][safepoint   ] Safepoint "Cleanup", Time since last: 1000102912 ns, Reaching safepoint: 133879 ns, At safepoint: 5494 ns, Total: 139373 ns
[2023-10-31T00:16:26.397+0000][7][safepoint   ] Safepoint "Cleanup", Time since last: 1000111107 ns, Reaching safepoint: 76103 ns, At safepoint: 7050 ns, Total: 83153 ns
[2023-10-31T00:16:27.397+0000][7][safepoint   ] Safepoint "Cleanup", Time since last: 1000131665 ns, Reaching safepoint: 59160 ns, At safepoint: 4341 ns, Total: 63501 ns
[2023-10-31T00:16:28.397+0000][7][safepoint   ] Safepoint "Cleanup", Time since last: 1000090602 ns, Reaching safepoint: 41068 ns, At safepoint: 14890 ns, Total: 55958 ns
[2023-10-31T00:16:28.710+0000][7][gc,start    ] GC(31) Pause Young (Normal) (G1 Evacuation Pause)
[2023-10-31T00:16:28.710+0000][7][gc,task     ] GC(31) Using 8 workers of 8 for evacuation
[2023-10-31T00:16:28.710+0000][7][gc,age      ] GC(31) Desired survivor size 20971520 bytes, new threshold 15 (max threshold 15)
[2023-10-31T00:16:28.726+0000][7][gc,age      ] GC(31) Age table with threshold 15 (max threshold 15)
[2023-10-31T00:16:28.726+0000][7][gc,age      ] GC(31) - age   1:    2467056 bytes,    2467056 total
[2023-10-31T00:16:28.726+0000][7][gc,age      ] GC(31) - age   2:     580304 bytes,    3047360 total
[2023-10-31T00:16:28.726+0000][7][gc,age      ] GC(31) - age   3:    1117776 bytes,    4165136 total
[2023-10-31T00:16:28.726+0000][7][gc,age      ] GC(31) - age   4:     170416 bytes,    4335552 total
[2023-10-31T00:16:28.726+0000][7][gc,age      ] GC(31) - age   5:      19144 bytes,    4354696 total
[2023-10-31T00:16:28.726+0000][7][gc,age      ] GC(31) - age   6:      51592 bytes,    4406288 total
[2023-10-31T00:16:28.726+0000][7][gc,age      ] GC(31) - age   7:    2291008 bytes,    6697296 total
[2023-10-31T00:16:28.726+0000][7][gc,age      ] GC(31) - age   8:     472208 bytes,    7169504 total
[2023-10-31T00:16:28.726+0000][7][gc,age      ] GC(31) - age   9:      66112 bytes,    7235616 total
[2023-10-31T00:16:28.726+0000][7][gc,age      ] GC(31) - age  10:      68880 bytes,    7304496 total
[2023-10-31T00:16:28.726+0000][7][gc,age      ] GC(31) - age  11:     161768 bytes,    7466264 total
[2023-10-31T00:16:28.726+0000][7][gc,age      ] GC(31) - age  12:    2350576 bytes,    9816840 total
[2023-10-31T00:16:28.726+0000][7][gc,age      ] GC(31) - age  13:    3394344 bytes,   13211184 total
[2023-10-31T00:16:28.726+0000][7][gc,age      ] GC(31) - age  14:    5461216 bytes,   18672400 total
[2023-10-31T00:16:28.726+0000][7][gc,phases   ] GC(31)   Pre Evacuate Collection Set: 0.1ms
[2023-10-31T00:16:28.726+0000][7][gc,phases   ] GC(31)   Merge Heap Roots: 0.1ms
[2023-10-31T00:16:28.726+0000][7][gc,phases   ] GC(31)   Evacuate Collection Set: 14.6ms
[2023-10-31T00:16:28.726+0000][7][gc,phases   ] GC(31)   Post Evacuate Collection Set: 1.1ms
[2023-10-31T00:16:28.726+0000][7][gc,phases   ] GC(31)   Other: 0.3ms
[2023-10-31T00:16:28.726+0000][7][gc,heap     ] GC(31) Eden regions: 70->0(71)
[2023-10-31T00:16:28.726+0000][7][gc,heap     ] GC(31) Survivor regions: 6->5(10)
[2023-10-31T00:16:28.726+0000][7][gc,heap     ] GC(31) Old regions: 19->19
[2023-10-31T00:16:28.726+0000][7][gc,heap     ] GC(31) Archive regions: 2->2
[2023-10-31T00:16:28.726+0000][7][gc,heap     ] GC(31) Humongous regions: 5->5
[2023-10-31T00:16:28.726+0000][7][gc,metaspace] GC(31) Metaspace: 115493K(117184K)->115493K(117184K) NonClass: 99794K(100736K)->99794K(100736K) Class: 15699K(16448K)->15699K(16448K)
[2023-10-31T00:16:28.727+0000][7][gc          ] GC(31) Pause Young (Normal) (G1 Evacuation Pause) 398M->117M(512M) 16.206ms
[2023-10-31T00:16:28.727+0000][7][gc,cpu      ] GC(31) User=0.06s Sys=0.00s Real=0.02s
[2023-10-31T00:16:28.727+0000][7][safepoint   ] Safepoint "G1CollectForAllocation", Time since last: 312847845 ns, Reaching safepoint: 28229 ns, At safepoint: 16304167 ns, Total: 16332396 ns
[2023-10-31T00:16:29.727+0000][7][safepoint   ] Safepoint "Cleanup", Time since last: 1000105012 ns, Reaching safepoint: 61786 ns, At safepoint: 5972 ns, Total: 67758 ns
[2023-10-31T00:16:30.727+0000][7][safepoint   ] Safepoint "Cleanup", Time since last: 1000143016 ns, Reaching safepoint: 92001 ns, At safepoint: 9002 ns, Total: 101003 ns
[2023-10-31T00:16:32.727+0000][7][safepoint   ] Safepoint "Cleanup", Time since last: 2000179226 ns, Reaching safepoint: 229615 ns, At safepoint: 11531 ns, Total: 241146 ns
[2023-10-31T00:16:33.728+0000][7][safepoint   ] Safepoint "Cleanup", Time since last: 1000147060 ns, Reaching safepoint: 104949 ns, At safepoint: 10748 ns, Total: 115697 ns
[2023-10-31T00:16:35.728+0000][7][safepoint   ] Safepoint "Cleanup", Time since last: 2000303360 ns, Reaching safepoint: 139437 ns, At safepoint: 6559 ns, Total: 145996 ns
[2023-10-31T00:16:36.728+0000][7][safepoint   ] Safepoint "Cleanup", Time since last: 1000318531 ns, Reaching safepoint: 29268 ns, At safepoint: 4574 ns, Total: 33842 ns
[2023-10-31T00:16:38.729+0000][7][safepoint   ] Safepoint "Cleanup", Time since last: 2000171333 ns, Reaching safepoint: 80092 ns, At safepoint: 6038 ns, Total: 86130 ns
[2023-10-31T00:16:41.729+0000][7][safepoint   ] Safepoint "Cleanup", Time since last: 3000174309 ns, Reaching safepoint: 185720 ns, At safepoint: 6502 ns, Total: 192222 ns
[2023-10-31T00:16:43.173+0000][7][safepoint   ] Safepoint "ICBufferFull", Time since last: 1443614855 ns, Reaching safepoint: 185633 ns, At safepoint: 6799 ns, Total: 192432 ns
[2023-10-31T00:16:43.304+0000][7][gc,start    ] GC(32) Pause Young (Normal) (G1 Evacuation Pause)
[2023-10-31T00:16:43.304+0000][7][gc,task     ] GC(32) Using 8 workers of 8 for evacuation
[2023-10-31T00:16:43.304+0000][7][gc,age      ] GC(32) Desired survivor size 20971520 bytes, new threshold 15 (max threshold 15)
[2023-10-31T00:16:43.317+0000][7][gc,age      ] GC(32) Age table with threshold 15 (max threshold 15)
[2023-10-31T00:16:43.317+0000][7][gc,age      ] GC(32) - age   1:    1618608 bytes,    1618608 total
[2023-10-31T00:16:43.317+0000][7][gc,age      ] GC(32) - age   2:    1607944 bytes,    3226552 total
[2023-10-31T00:16:43.317+0000][7][gc,age      ] GC(32) - age   3:      11168 bytes,    3237720 total
[2023-10-31T00:16:43.317+0000][7][gc,age      ] GC(32) - age   4:     461032 bytes,    3698752 total
[2023-10-31T00:16:43.317+0000][7][gc,age      ] GC(32) - age   5:     169936 bytes,    3868688 total
[2023-10-31T00:16:43.317+0000][7][gc,age      ] GC(32) - age   6:      18536 bytes,    3887224 total
[2023-10-31T00:16:43.317+0000][7][gc,age      ] GC(32) - age   7:      51064 bytes,    3938288 total
[2023-10-31T00:16:43.317+0000][7][gc,age      ] GC(32) - age   8:    2284560 bytes,    6222848 total
[2023-10-31T00:16:43.317+0000][7][gc,age      ] GC(32) - age   9:     472112 bytes,    6694960 total
[2023-10-31T00:16:43.317+0000][7][gc,age      ] GC(32) - age  10:      65800 bytes,    6760760 total
[2023-10-31T00:16:43.317+0000][7][gc,age      ] GC(32) - age  11:      68880 bytes,    6829640 total
[2023-10-31T00:16:43.317+0000][7][gc,age      ] GC(32) - age  12:     153752 bytes,    6983392 total
[2023-10-31T00:16:43.317+0000][7][gc,age      ] GC(32) - age  13:    2334528 bytes,    9317920 total
[2023-10-31T00:16:43.317+0000][7][gc,age      ] GC(32) - age  14:    3393480 bytes,   12711400 total
[2023-10-31T00:16:43.317+0000][7][gc,age      ] GC(32) - age  15:    5453184 bytes,   18164584 total
[2023-10-31T00:16:43.318+0000][7][gc,phases   ] GC(32)   Pre Evacuate Collection Set: 0.1ms
[2023-10-31T00:16:43.318+0000][7][gc,phases   ] GC(32)   Merge Heap Roots: 0.1ms
[2023-10-31T00:16:43.318+0000][7][gc,phases   ] GC(32)   Evacuate Collection Set: 11.0ms
[2023-10-31T00:16:43.318+0000][7][gc,phases   ] GC(32)   Post Evacuate Collection Set: 1.6ms
[2023-10-31T00:16:43.318+0000][7][gc,phases   ] GC(32)   Other: 0.6ms
[2023-10-31T00:16:43.318+0000][7][gc,heap     ] GC(32) Eden regions: 71->0(71)
[2023-10-31T00:16:43.318+0000][7][gc,heap     ] GC(32) Survivor regions: 5->5(10)
[2023-10-31T00:16:43.318+0000][7][gc,heap     ] GC(32) Old regions: 19->19
[2023-10-31T00:16:43.318+0000][7][gc,heap     ] GC(32) Archive regions: 2->2
[2023-10-31T00:16:43.318+0000][7][gc,heap     ] GC(32) Humongous regions: 5->5
[2023-10-31T00:16:43.318+0000][7][gc,metaspace] GC(32) Metaspace: 116050K(117760K)->116050K(117760K) NonClass: 100298K(101312K)->100298K(101312K) Class: 15751K(16448K)->15751K(16448K)
[2023-10-31T00:16:43.318+0000][7][gc          ] GC(32) Pause Young (Normal) (G1 Evacuation Pause) 401M->116M(512M) 13.454ms
[2023-10-31T00:16:43.318+0000][7][gc,cpu      ] GC(32) User=0.06s Sys=0.00s Real=0.01s
[2023-10-31T00:16:43.318+0000][7][safepoint   ] Safepoint "G1CollectForAllocation", Time since last: 131264326 ns, Reaching safepoint: 81026 ns, At safepoint: 13547710 ns, Total: 13628736 ns
[2023-10-31T00:16:44.318+0000][7][safepoint   ] Safepoint "Cleanup", Time since last: 1000079377 ns, Reaching safepoint: 85005 ns, At safepoint: 5110 ns, Total: 90115 ns
[2023-10-31T00:16:45.318+0000][7][safepoint   ] Safepoint "Cleanup", Time since last: 1000134020 ns, Reaching safepoint: 63912 ns, At safepoint: 4294 ns, Total: 68206 ns
[2023-10-31T00:16:46.318+0000][7][safepoint   ] Safepoint "Cleanup", Time since last: 1000102082 ns, Reaching safepoint: 40806 ns, At safepoint: 3497 ns, Total: 44303 ns
[2023-10-31T00:16:47.319+0000][7][safepoint   ] Safepoint "Cleanup", Time since last: 1000157211 ns, Reaching safepoint: 132933 ns, At safepoint: 6757 ns, Total: 139690 ns
[2023-10-31T00:16:48.319+0000][7][safepoint   ] Safepoint "Cleanup", Time since last: 1000395197 ns, Reaching safepoint: 106816 ns, At safepoint: 7954 ns, Total: 114770 ns
[2023-10-31T00:16:49.319+0000][7][safepoint   ] Safepoint "Cleanup", Time since last: 1000123035 ns, Reaching safepoint: 75623 ns, At safepoint: 4004 ns, Total: 79627 ns
[2023-10-31T00:16:50.254+0000][7][gc,start    ] GC(33) Pause Young (Normal) (G1 Evacuation Pause)
[2023-10-31T00:16:50.254+0000][7][gc,task     ] GC(33) Using 8 workers of 8 for evacuation
[2023-10-31T00:16:50.254+0000][7][gc,age      ] GC(33) Desired survivor size 20971520 bytes, new threshold 15 (max threshold 15)
[2023-10-31T00:16:50.299+0000][7][gc,age      ] GC(33) Age table with threshold 15 (max threshold 15)
[2023-10-31T00:16:50.299+0000][7][gc,age      ] GC(33) - age   1:    2087480 bytes,    2087480 total
[2023-10-31T00:16:50.299+0000][7][gc,age      ] GC(33) - age   2:     682912 bytes,    2770392 total
[2023-10-31T00:16:50.299+0000][7][gc,age      ] GC(33) - age   3:    1548552 bytes,    4318944 total
[2023-10-31T00:16:50.299+0000][7][gc,age      ] GC(33) - age   4:      10488 bytes,    4329432 total
[2023-10-31T00:16:50.299+0000][7][gc,age      ] GC(33) - age   5:      19432 bytes,    4348864 total
[2023-10-31T00:16:50.299+0000][7][gc,age      ] GC(33) - age   6:     168904 bytes,    4517768 total
[2023-10-31T00:16:50.299+0000][7][gc,age      ] GC(33) - age   7:      18472 bytes,    4536240 total
[2023-10-31T00:16:50.299+0000][7][gc,age      ] GC(33) - age   8:      51064 bytes,    4587304 total
[2023-10-31T00:16:50.299+0000][7][gc,age      ] GC(33) - age   9:    2284400 bytes,    6871704 total
[2023-10-31T00:16:50.299+0000][7][gc,age      ] GC(33) - age  10:     472112 bytes,    7343816 total
[2023-10-31T00:16:50.299+0000][7][gc,age      ] GC(33) - age  11:      65800 bytes,    7409616 total
[2023-10-31T00:16:50.299+0000][7][gc,age      ] GC(33) - age  12:      68880 bytes,    7478496 total
[2023-10-31T00:16:50.299+0000][7][gc,age      ] GC(33) - age  13:     153752 bytes,    7632248 total
[2023-10-31T00:16:50.299+0000][7][gc,age      ] GC(33) - age  14:    2334112 bytes,    9966360 total
[2023-10-31T00:16:50.299+0000][7][gc,age      ] GC(33) - age  15:    3393416 bytes,   13359776 total
[2023-10-31T00:16:50.299+0000][7][gc,phases   ] GC(33)   Pre Evacuate Collection Set: 0.1ms
[2023-10-31T00:16:50.300+0000][7][gc,phases   ] GC(33)   Merge Heap Roots: 0.1ms
[2023-10-31T00:16:50.300+0000][7][gc,phases   ] GC(33)   Evacuate Collection Set: 44.0ms
[2023-10-31T00:16:50.300+0000][7][gc,phases   ] GC(33)   Post Evacuate Collection Set: 1.1ms
[2023-10-31T00:16:50.300+0000][7][gc,phases   ] GC(33)   Other: 0.3ms
[2023-10-31T00:16:50.300+0000][7][gc,heap     ] GC(33) Eden regions: 71->0(72)
[2023-10-31T00:16:50.300+0000][7][gc,heap     ] GC(33) Survivor regions: 5->4(10)
[2023-10-31T00:16:50.300+0000][7][gc,heap     ] GC(33) Old regions: 19->20
[2023-10-31T00:16:50.300+0000][7][gc,heap     ] GC(33) Archive regions: 2->2
[2023-10-31T00:16:50.300+0000][7][gc,heap     ] GC(33) Humongous regions: 5->5
[2023-10-31T00:16:50.300+0000][7][gc,metaspace] GC(33) Metaspace: 116135K(117888K)->116135K(117888K) NonClass: 100383K(101376K)->100383K(101376K) Class: 15752K(16512K)->15752K(16512K)
[2023-10-31T00:16:50.300+0000][7][gc          ] GC(33) Pause Young (Normal) (G1 Evacuation Pause) 400M->117M(512M) 45.551ms
[2023-10-31T00:16:50.300+0000][7][gc,cpu      ] GC(33) User=0.05s Sys=0.00s Real=0.04s
[2023-10-31T00:16:50.300+0000][7][safepoint   ] Safepoint "G1CollectForAllocation", Time since last: 934562402 ns, Reaching safepoint: 80666 ns, At safepoint: 45625058 ns, Total: 45705724 ns
[2023-10-31T00:16:51.300+0000][7][safepoint   ] Safepoint "Cleanup", Time since last: 1000153273 ns, Reaching safepoint: 131798 ns, At safepoint: 27984 ns, Total: 159782 ns
[2023-10-31T00:16:52.300+0000][7][safepoint   ] Safepoint "Cleanup", Time since last: 1000098712 ns, Reaching safepoint: 107017 ns, At safepoint: 9149 ns, Total: 116166 ns
[2023-10-31T00:16:53.341+0000][7][safepoint   ] Safepoint "Cleanup", Time since last: 1041048056 ns, Reaching safepoint: 97221 ns, At safepoint: 8489 ns, Total: 105710 ns
[2023-10-31T00:16:54.342+0000][7][safepoint   ] Safepoint "Cleanup", Time since last: 1000152102 ns, Reaching safepoint: 120289 ns, At safepoint: 4927 ns, Total: 125216 ns
[2023-10-31T00:16:55.361+0000][7][safepoint   ] Safepoint "Cleanup", Time since last: 1019125557 ns, Reaching safepoint: 69106 ns, At safepoint: 6710 ns, Total: 75816 ns
[2023-10-31T00:16:56.361+0000][7][safepoint   ] Safepoint "Cleanup", Time since last: 1000108768 ns, Reaching safepoint: 128919 ns, At safepoint: 5099 ns, Total: 134018 ns
[2023-10-31T00:16:56.534+0000][7][gc,start    ] GC(34) Pause Young (Normal) (G1 Evacuation Pause)
[2023-10-31T00:16:56.534+0000][7][gc,task     ] GC(34) Using 8 workers of 8 for evacuation
[2023-10-31T00:16:56.534+0000][7][gc,age      ] GC(34) Desired survivor size 20971520 bytes, new threshold 15 (max threshold 15)
[2023-10-31T00:16:56.547+0000][7][gc,age      ] GC(34) Age table with threshold 15 (max threshold 15)
[2023-10-31T00:16:56.547+0000][7][gc,age      ] GC(34) - age   1:    3103344 bytes,    3103344 total
[2023-10-31T00:16:56.547+0000][7][gc,age      ] GC(34) - age   2:     687888 bytes,    3791232 total
[2023-10-31T00:16:56.547+0000][7][gc,age      ] GC(34) - age   3:     537808 bytes,    4329040 total
[2023-10-31T00:16:56.548+0000][7][gc,age      ] GC(34) - age   4:    1399568 bytes,    5728608 total
[2023-10-31T00:16:56.548+0000][7][gc,age      ] GC(34) - age   5:      10488 bytes,    5739096 total
[2023-10-31T00:16:56.548+0000][7][gc,age      ] GC(34) - age   6:      17992 bytes,    5757088 total
[2023-10-31T00:16:56.548+0000][7][gc,age      ] GC(34) - age   7:     168904 bytes,    5925992 total
[2023-10-31T00:16:56.548+0000][7][gc,age      ] GC(34) - age   8:      18128 bytes,    5944120 total
[2023-10-31T00:16:56.548+0000][7][gc,age      ] GC(34) - age   9:      50880 bytes,    5995000 total
[2023-10-31T00:16:56.548+0000][7][gc,age      ] GC(34) - age  10:    2284312 bytes,    8279312 total
[2023-10-31T00:16:56.548+0000][7][gc,age      ] GC(34) - age  11:     472112 bytes,    8751424 total
[2023-10-31T00:16:56.548+0000][7][gc,age      ] GC(34) - age  12:      65800 bytes,    8817224 total
[2023-10-31T00:16:56.548+0000][7][gc,age      ] GC(34) - age  13:      68856 bytes,    8886080 total
[2023-10-31T00:16:56.548+0000][7][gc,age      ] GC(34) - age  14:     153752 bytes,    9039832 total
[2023-10-31T00:16:56.548+0000][7][gc,age      ] GC(34) - age  15:    2333696 bytes,   11373528 total
[2023-10-31T00:16:56.548+0000][7][gc,phases   ] GC(34)   Pre Evacuate Collection Set: 0.1ms
[2023-10-31T00:16:56.548+0000][7][gc,phases   ] GC(34)   Merge Heap Roots: 0.1ms
[2023-10-31T00:16:56.548+0000][7][gc,phases   ] GC(34)   Evacuate Collection Set: 7.8ms
[2023-10-31T00:16:56.548+0000][7][gc,phases   ] GC(34)   Post Evacuate Collection Set: 5.5ms
[2023-10-31T00:16:56.548+0000][7][gc,phases   ] GC(34)   Other: 0.4ms
[2023-10-31T00:16:56.548+0000][7][gc,heap     ] GC(34) Eden regions: 72->0(73)
[2023-10-31T00:16:56.548+0000][7][gc,heap     ] GC(34) Survivor regions: 4->3(10)
[2023-10-31T00:16:56.548+0000][7][gc,heap     ] GC(34) Old regions: 20->21
[2023-10-31T00:16:56.548+0000][7][gc,heap     ] GC(34) Archive regions: 2->2
[2023-10-31T00:16:56.548+0000][7][gc,heap     ] GC(34) Humongous regions: 5->5
[2023-10-31T00:16:56.548+0000][7][gc,metaspace] GC(34) Metaspace: 116187K(117952K)->116187K(117952K) NonClass: 100433K(101440K)->100433K(101440K) Class: 15754K(16512K)->15754K(16512K)
[2023-10-31T00:16:56.548+0000][7][gc          ] GC(34) Pause Young (Normal) (G1 Evacuation Pause) 405M->118M(512M) 13.893ms
[2023-10-31T00:16:56.548+0000][7][gc,cpu      ] GC(34) User=0.06s Sys=0.00s Real=0.02s
[2023-10-31T00:16:56.548+0000][7][safepoint   ] Safepoint "G1CollectForAllocation", Time since last: 172756832 ns, Reaching safepoint: 52794 ns, At safepoint: 14022478 ns, Total: 14075272 ns
[2023-10-31T00:16:57.548+0000][7][safepoint   ] Safepoint "Cleanup", Time since last: 1000137354 ns, Reaching safepoint: 183333 ns, At safepoint: 4054 ns, Total: 187387 ns
[2023-10-31T00:16:58.548+0000][7][safepoint   ] Safepoint "Cleanup", Time since last: 1000141583 ns, Reaching safepoint: 174520 ns, At safepoint: 2794 ns, Total: 177314 ns
[2023-10-31T00:16:59.549+0000][7][safepoint   ] Safepoint "Cleanup", Time since last: 1000103834 ns, Reaching safepoint: 54346 ns, At safepoint: 5421 ns, Total: 59767 ns
[2023-10-31T00:17:01.549+0000][7][safepoint   ] Safepoint "Cleanup", Time since last: 2000305372 ns, Reaching safepoint: 99142 ns, At safepoint: 6523 ns, Total: 105665 ns
[2023-10-31T00:17:02.549+0000][7][safepoint   ] Safepoint "Cleanup", Time since last: 1000134715 ns, Reaching safepoint: 61665 ns, At safepoint: 6505 ns, Total: 68170 ns
[2023-10-31T00:17:03.549+0000][7][safepoint   ] Safepoint "Cleanup", Time since last: 1000097371 ns, Reaching safepoint: 73918 ns, At safepoint: 5306 ns, Total: 79224 ns
[2023-10-31T00:17:04.550+0000][7][safepoint   ] Safepoint "Cleanup", Time since last: 1000093455 ns, Reaching safepoint: 48532 ns, At safepoint: 31291 ns, Total: 79823 ns
[2023-10-31T00:17:05.462+0000][7][gc,start    ] GC(35) Pause Young (Normal) (G1 Evacuation Pause)
[2023-10-31T00:17:05.462+0000][7][gc,task     ] GC(35) Using 8 workers of 8 for evacuation
[2023-10-31T00:17:05.462+0000][7][gc,age      ] GC(35) Desired survivor size 20971520 bytes, new threshold 15 (max threshold 15)
[2023-10-31T00:17:05.475+0000][7][gc,age      ] GC(35) Age table with threshold 15 (max threshold 15)
[2023-10-31T00:17:05.475+0000][7][gc,age      ] GC(35) - age   1:    1999176 bytes,    1999176 total
[2023-10-31T00:17:05.475+0000][7][gc,age      ] GC(35) - age   2:     925520 bytes,    2924696 total
[2023-10-31T00:17:05.475+0000][7][gc,age      ] GC(35) - age   3:     488360 bytes,    3413056 total
[2023-10-31T00:17:05.475+0000][7][gc,age      ] GC(35) - age   4:     511528 bytes,    3924584 total
[2023-10-31T00:17:05.475+0000][7][gc,age      ] GC(35) - age   5:    1393656 bytes,    5318240 total
[2023-10-31T00:17:05.475+0000][7][gc,age      ] GC(35) - age   6:       9880 bytes,    5328120 total
[2023-10-31T00:17:05.475+0000][7][gc,age      ] GC(35) - age   7:      17896 bytes,    5346016 total
[2023-10-31T00:17:05.475+0000][7][gc,age      ] GC(35) - age   8:      26432 bytes,    5372448 total
[2023-10-31T00:17:05.475+0000][7][gc,age      ] GC(35) - age   9:      16768 bytes,    5389216 total
[2023-10-31T00:17:05.475+0000][7][gc,age      ] GC(35) - age  10:      50792 bytes,    5440008 total
[2023-10-31T00:17:05.475+0000][7][gc,age      ] GC(35) - age  11:    2284248 bytes,    7724256 total
[2023-10-31T00:17:05.475+0000][7][gc,age      ] GC(35) - age  12:     471984 bytes,    8196240 total
[2023-10-31T00:17:05.475+0000][7][gc,age      ] GC(35) - age  13:      65488 bytes,    8261728 total
[2023-10-31T00:17:05.475+0000][7][gc,age      ] GC(35) - age  14:      68720 bytes,    8330448 total
[2023-10-31T00:17:05.475+0000][7][gc,age      ] GC(35) - age  15:     153752 bytes,    8484200 total
[2023-10-31T00:17:05.475+0000][7][gc,phases   ] GC(35)   Pre Evacuate Collection Set: 0.1ms
[2023-10-31T00:17:05.475+0000][7][gc,phases   ] GC(35)   Merge Heap Roots: 0.1ms
[2023-10-31T00:17:05.475+0000][7][gc,phases   ] GC(35)   Evacuate Collection Set: 12.4ms
[2023-10-31T00:17:05.475+0000][7][gc,phases   ] GC(35)   Post Evacuate Collection Set: 0.7ms
[2023-10-31T00:17:05.475+0000][7][gc,phases   ] GC(35)   Other: 0.3ms
[2023-10-31T00:17:05.475+0000][7][gc,heap     ] GC(35) Eden regions: 73->0(73)
[2023-10-31T00:17:05.475+0000][7][gc,heap     ] GC(35) Survivor regions: 3->3(10)
[2023-10-31T00:17:05.475+0000][7][gc,heap     ] GC(35) Old regions: 21->22
[2023-10-31T00:17:05.475+0000][7][gc,heap     ] GC(35) Archive regions: 2->2
[2023-10-31T00:17:05.475+0000][7][gc,heap     ] GC(35) Humongous regions: 5->5
[2023-10-31T00:17:05.475+0000][7][gc,metaspace] GC(35) Metaspace: 116245K(118016K)->116245K(118016K) NonClass: 100490K(101504K)->100490K(101504K) Class: 15754K(16512K)->15754K(16512K)
[2023-10-31T00:17:05.475+0000][7][gc          ] GC(35) Pause Young (Normal) (G1 Evacuation Pause) 410M->118M(512M) 13.570ms
[2023-10-31T00:17:05.475+0000][7][gc,cpu      ] GC(35) User=0.03s Sys=0.00s Real=0.02s
[2023-10-31T00:17:05.475+0000][7][safepoint   ] Safepoint "G1CollectForAllocation", Time since last: 911789924 ns, Reaching safepoint: 84211 ns, At safepoint: 13635155 ns, Total: 13719366 ns
[2023-10-31T00:17:06.475+0000][7][safepoint   ] Safepoint "Cleanup", Time since last: 1000228387 ns, Reaching safepoint: 141710 ns, At safepoint: 18741 ns, Total: 160451 ns
[2023-10-31T00:17:07.476+0000][7][safepoint   ] Safepoint "Cleanup", Time since last: 1000257633 ns, Reaching safepoint: 80988 ns, At safepoint: 6987 ns, Total: 87975 ns
[2023-10-31T00:17:08.476+0000][7][safepoint   ] Safepoint "Cleanup", Time since last: 1000373507 ns, Reaching safepoint: 116253 ns, At safepoint: 6732 ns, Total: 122985 ns
[2023-10-31T00:17:09.477+0000][7][safepoint   ] Safepoint "Cleanup", Time since last: 1000358694 ns, Reaching safepoint: 42176 ns, At safepoint: 3701 ns, Total: 45877 ns
[2023-10-31T00:17:11.477+0000][7][safepoint   ] Safepoint "Cleanup", Time since last: 2000225304 ns, Reaching safepoint: 85845 ns, At safepoint: 7562 ns, Total: 93407 ns
[2023-10-31T00:17:12.477+0000][7][safepoint   ] Safepoint "Cleanup", Time since last: 1000116925 ns, Reaching safepoint: 74802 ns, At safepoint: 5286 ns, Total: 80088 ns
[2023-10-31T00:17:13.477+0000][7][safepoint   ] Safepoint "Cleanup", Time since last: 1000101537 ns, Reaching safepoint: 84549 ns, At safepoint: 4470 ns, Total: 89019 ns
[2023-10-31T00:17:13.759+0000][7][gc,start    ] GC(36) Pause Young (Normal) (G1 Evacuation Pause)
[2023-10-31T00:17:13.759+0000][7][gc,task     ] GC(36) Using 8 workers of 8 for evacuation
[2023-10-31T00:17:13.759+0000][7][gc,age      ] GC(36) Desired survivor size 20971520 bytes, new threshold 15 (max threshold 15)
[2023-10-31T00:17:13.765+0000][7][gc,age      ] GC(36) Age table with threshold 15 (max threshold 15)
[2023-10-31T00:17:13.765+0000][7][gc,age      ] GC(36) - age   1:    1958440 bytes,    1958440 total
[2023-10-31T00:17:13.765+0000][7][gc,age      ] GC(36) - age   2:     486376 bytes,    2444816 total
[2023-10-31T00:17:13.765+0000][7][gc,age      ] GC(36) - age   3:     922464 bytes,    3367280 total
[2023-10-31T00:17:13.765+0000][7][gc,age      ] GC(36) - age   4:     488192 bytes,    3855472 total
[2023-10-31T00:17:13.765+0000][7][gc,age      ] GC(36) - age   5:     511024 bytes,    4366496 total
[2023-10-31T00:17:13.765+0000][7][gc,age      ] GC(36) - age   6:    1393528 bytes,    5760024 total
[2023-10-31T00:17:13.765+0000][7][gc,age      ] GC(36) - age   7:       9880 bytes,    5769904 total
[2023-10-31T00:17:13.765+0000][7][gc,age      ] GC(36) - age   8:      17896 bytes,    5787800 total
[2023-10-31T00:17:13.765+0000][7][gc,age      ] GC(36) - age   9:      26336 bytes,    5814136 total
[2023-10-31T00:17:13.765+0000][7][gc,age      ] GC(36) - age  10:      16768 bytes,    5830904 total
[2023-10-31T00:17:13.765+0000][7][gc,age      ] GC(36) - age  11:      50792 bytes,    5881696 total
[2023-10-31T00:17:13.765+0000][7][gc,age      ] GC(36) - age  12:    2284248 bytes,    8165944 total
[2023-10-31T00:17:13.765+0000][7][gc,age      ] GC(36) - age  13:     471984 bytes,    8637928 total
[2023-10-31T00:17:13.765+0000][7][gc,age      ] GC(36) - age  14:      65488 bytes,    8703416 total
[2023-10-31T00:17:13.765+0000][7][gc,age      ] GC(36) - age  15:      68576 bytes,    8771992 total
[2023-10-31T00:17:13.765+0000][7][gc,phases   ] GC(36)   Pre Evacuate Collection Set: 0.1ms
[2023-10-31T00:17:13.765+0000][7][gc,phases   ] GC(36)   Merge Heap Roots: 0.1ms
[2023-10-31T00:17:13.765+0000][7][gc,phases   ] GC(36)   Evacuate Collection Set: 4.9ms
[2023-10-31T00:17:13.765+0000][7][gc,phases   ] GC(36)   Post Evacuate Collection Set: 0.7ms
[2023-10-31T00:17:13.765+0000][7][gc,phases   ] GC(36)   Other: 0.4ms
[2023-10-31T00:17:13.765+0000][7][gc,heap     ] GC(36) Eden regions: 73->0(73)
[2023-10-31T00:17:13.765+0000][7][gc,heap     ] GC(36) Survivor regions: 3->3(10)
[2023-10-31T00:17:13.765+0000][7][gc,heap     ] GC(36) Old regions: 22->22
[2023-10-31T00:17:13.765+0000][7][gc,heap     ] GC(36) Archive regions: 2->2
[2023-10-31T00:17:13.765+0000][7][gc,heap     ] GC(36) Humongous regions: 5->5
[2023-10-31T00:17:13.765+0000][7][gc,metaspace] GC(36) Metaspace: 116278K(118016K)->116278K(118016K) NonClass: 100523K(101504K)->100523K(101504K) Class: 15754K(16512K)->15754K(16512K)
[2023-10-31T00:17:13.765+0000][7][gc          ] GC(36) Pause Young (Normal) (G1 Evacuation Pause) 410M->118M(512M) 6.176ms
[2023-10-31T00:17:13.765+0000][7][gc,cpu      ] GC(36) User=0.04s Sys=0.00s Real=0.01s
[2023-10-31T00:17:13.765+0000][7][safepoint   ] Safepoint "G1CollectForAllocation", Time since last: 281239998 ns, Reaching safepoint: 62345 ns, At safepoint: 6258813 ns, Total: 6321158 ns
[2023-10-31T00:17:14.765+0000][7][safepoint   ] Safepoint "Cleanup", Time since last: 1000149535 ns, Reaching safepoint: 115831 ns, At safepoint: 7379 ns, Total: 123210 ns
[2023-10-31T00:17:15.766+0000][7][safepoint   ] Safepoint "Cleanup", Time since last: 1000155317 ns, Reaching safepoint: 71945 ns, At safepoint: 3855 ns, Total: 75800 ns
[2023-10-31T00:17:16.766+0000][7][safepoint   ] Safepoint "Cleanup", Time since last: 1000092931 ns, Reaching safepoint: 48268 ns, At safepoint: 3795 ns, Total: 52063 ns
[2023-10-31T00:17:17.766+0000][7][safepoint   ] Safepoint "Cleanup", Time since last: 1000107550 ns, Reaching safepoint: 102724 ns, At safepoint: 6950 ns, Total: 109674 ns
[2023-10-31T00:17:18.766+0000][7][safepoint   ] Safepoint "Cleanup", Time since last: 1000134347 ns, Reaching safepoint: 53653 ns, At safepoint: 5285 ns, Total: 58938 ns
[2023-10-31T00:17:20.767+0000][7][safepoint   ] Safepoint "Cleanup", Time since last: 2000478461 ns, Reaching safepoint: 276952 ns, At safepoint: 5694 ns, Total: 282646 ns
[2023-10-31T00:17:23.767+0000][7][safepoint   ] Safepoint "Cleanup", Time since last: 3000337281 ns, Reaching safepoint: 201952 ns, At safepoint: 6991 ns, Total: 208943 ns
[2023-10-31T00:17:26.768+0000][7][safepoint   ] Safepoint "Cleanup", Time since last: 3000250692 ns, Reaching safepoint: 93791 ns, At safepoint: 9792 ns, Total: 103583 ns
[2023-10-31T00:17:27.768+0000][7][safepoint   ] Safepoint "Cleanup", Time since last: 1000150916 ns, Reaching safepoint: 54001 ns, At safepoint: 30304 ns, Total: 84305 ns
[2023-10-31T00:17:28.768+0000][7][safepoint   ] Safepoint "Cleanup", Time since last: 1000212108 ns, Reaching safepoint: 54389 ns, At safepoint: 4373 ns, Total: 58762 ns
[2023-10-31T00:17:29.285+0000][7][gc,start    ] GC(37) Pause Young (Normal) (G1 Evacuation Pause)
[2023-10-31T00:17:29.285+0000][7][gc,task     ] GC(37) Using 8 workers of 8 for evacuation
[2023-10-31T00:17:29.286+0000][7][gc,age      ] GC(37) Desired survivor size 20971520 bytes, new threshold 15 (max threshold 15)
[2023-10-31T00:17:29.289+0000][7][gc,age      ] GC(37) Age table with threshold 15 (max threshold 15)
[2023-10-31T00:17:29.289+0000][7][gc,age      ] GC(37) - age   1:    1074664 bytes,    1074664 total
[2023-10-31T00:17:29.289+0000][7][gc,age      ] GC(37) - age   2:    1402328 bytes,    2476992 total
[2023-10-31T00:17:29.289+0000][7][gc,age      ] GC(37) - age   3:      14712 bytes,    2491704 total
[2023-10-31T00:17:29.289+0000][7][gc,age      ] GC(37) - age   4:     105384 bytes,    2597088 total
[2023-10-31T00:17:29.289+0000][7][gc,age      ] GC(37) - age   5:     164152 bytes,    2761240 total
[2023-10-31T00:17:29.289+0000][7][gc,age      ] GC(37) - age   6:     375232 bytes,    3136472 total
[2023-10-31T00:17:29.289+0000][7][gc,age      ] GC(37) - age   7:    1288208 bytes,    4424680 total
[2023-10-31T00:17:29.289+0000][7][gc,age      ] GC(37) - age   8:       9816 bytes,    4434496 total
[2023-10-31T00:17:29.289+0000][7][gc,age      ] GC(37) - age   9:      17760 bytes,    4452256 total
[2023-10-31T00:17:29.289+0000][7][gc,age      ] GC(37) - age  10:      26336 bytes,    4478592 total
[2023-10-31T00:17:29.289+0000][7][gc,age      ] GC(37) - age  11:      16768 bytes,    4495360 total
[2023-10-31T00:17:29.289+0000][7][gc,age      ] GC(37) - age  12:      50792 bytes,    4546152 total
[2023-10-31T00:17:29.289+0000][7][gc,age      ] GC(37) - age  13:    2284248 bytes,    6830400 total
[2023-10-31T00:17:29.289+0000][7][gc,age      ] GC(37) - age  14:     471984 bytes,    7302384 total
[2023-10-31T00:17:29.289+0000][7][gc,age      ] GC(37) - age  15:      65488 bytes,    7367872 total
[2023-10-31T00:17:29.289+0000][7][gc,phases   ] GC(37)   Pre Evacuate Collection Set: 0.1ms
[2023-10-31T00:17:29.289+0000][7][gc,phases   ] GC(37)   Merge Heap Roots: 0.1ms
[2023-10-31T00:17:29.289+0000][7][gc,phases   ] GC(37)   Evacuate Collection Set: 2.9ms
[2023-10-31T00:17:29.289+0000][7][gc,phases   ] GC(37)   Post Evacuate Collection Set: 0.6ms
[2023-10-31T00:17:29.289+0000][7][gc,phases   ] GC(37)   Other: 0.3ms
[2023-10-31T00:17:29.289+0000][7][gc,heap     ] GC(37) Eden regions: 73->0(74)
[2023-10-31T00:17:29.289+0000][7][gc,heap     ] GC(37) Survivor regions: 3->2(10)
[2023-10-31T00:17:29.289+0000][7][gc,heap     ] GC(37) Old regions: 22->22
[2023-10-31T00:17:29.289+0000][7][gc,heap     ] GC(37) Archive regions: 2->2
[2023-10-31T00:17:29.289+0000][7][gc,heap     ] GC(37) Humongous regions: 5->5
[2023-10-31T00:17:29.289+0000][7][gc,metaspace] GC(37) Metaspace: 116431K(118208K)->116431K(118208K) NonClass: 100675K(101696K)->100675K(101696K) Class: 15756K(16512K)->15756K(16512K)
[2023-10-31T00:17:29.289+0000][7][gc          ] GC(37) Pause Young (Normal) (G1 Evacuation Pause) 410M->117M(512M) 4.089ms
[2023-10-31T00:17:29.290+0000][7][gc,cpu      ] GC(37) User=0.02s Sys=0.01s Real=0.00s
[2023-10-31T00:17:29.290+0000][7][safepoint   ] Safepoint "G1CollectForAllocation", Time since last: 517037189 ns, Reaching safepoint: 102588 ns, At safepoint: 4158261 ns, Total: 4260849 ns
[2023-10-31T00:17:31.290+0000][7][safepoint   ] Safepoint "Cleanup", Time since last: 2000358444 ns, Reaching safepoint: 49931 ns, At safepoint: 4647 ns, Total: 54578 ns
[2023-10-31T00:17:32.290+0000][7][safepoint   ] Safepoint "Cleanup", Time since last: 1000090045 ns, Reaching safepoint: 75103 ns, At safepoint: 5185 ns, Total: 80288 ns
[2023-10-31T00:17:33.290+0000][7][safepoint   ] Safepoint "Cleanup", Time since last: 1000106420 ns, Reaching safepoint: 48420 ns, At safepoint: 3450 ns, Total: 51870 ns
[2023-10-31T00:17:35.291+0000][7][safepoint   ] Safepoint "Cleanup", Time since last: 2000221232 ns, Reaching safepoint: 94193 ns, At safepoint: 8537 ns, Total: 102730 ns
[2023-10-31T00:17:36.291+0000][7][safepoint   ] Safepoint "Cleanup", Time since last: 1000120933 ns, Reaching safepoint: 83336 ns, At safepoint: 26041 ns, Total: 109377 ns
[2023-10-31T00:17:37.291+0000][7][safepoint   ] Safepoint "Cleanup", Time since last: 1000175249 ns, Reaching safepoint: 70213 ns, At safepoint: 4441 ns, Total: 74654 ns
[2023-10-31T00:17:38.291+0000][7][safepoint   ] Safepoint "Cleanup", Time since last: 1000185340 ns, Reaching safepoint: 84491 ns, At safepoint: 32676 ns, Total: 117167 ns
[2023-10-31T00:17:41.292+0000][7][safepoint   ] Safepoint "Cleanup", Time since last: 3000549885 ns, Reaching safepoint: 51835 ns, At safepoint: 3567 ns, Total: 55402 ns
[2023-10-31T00:17:43.293+0000][7][safepoint   ] Safepoint "Cleanup", Time since last: 2000440888 ns, Reaching safepoint: 78229 ns, At safepoint: 6530 ns, Total: 84759 ns
[2023-10-31T00:17:44.293+0000][7][safepoint   ] Safepoint "Cleanup", Time since last: 1000155644 ns, Reaching safepoint: 197064 ns, At safepoint: 18939 ns, Total: 216003 ns
[2023-10-31T00:17:46.293+0000][7][safepoint   ] Safepoint "Cleanup", Time since last: 2000331548 ns, Reaching safepoint: 76875 ns, At safepoint: 11174 ns, Total: 88049 ns
[2023-10-31T00:17:47.294+0000][7][safepoint   ] Safepoint "Cleanup", Time since last: 1000187697 ns, Reaching safepoint: 48101 ns, At safepoint: 3994 ns, Total: 52095 ns
[2023-10-31T00:17:48.294+0000][7][safepoint   ] Safepoint "Cleanup", Time since last: 1000384258 ns, Reaching safepoint: 47063 ns, At safepoint: 5850 ns, Total: 52913 ns
[2023-10-31T00:17:50.294+0000][7][safepoint   ] Safepoint "Cleanup", Time since last: 2000167983 ns, Reaching safepoint: 109037 ns, At safepoint: 4716 ns, Total: 113753 ns
[2023-10-31T00:17:52.295+0000][7][safepoint   ] Safepoint "Cleanup", Time since last: 2000397108 ns, Reaching safepoint: 35368 ns, At safepoint: 5280 ns, Total: 40648 ns
[2023-10-31T00:17:52.812+0000][7][gc,start    ] GC(38) Pause Young (Normal) (G1 Evacuation Pause)
[2023-10-31T00:17:52.812+0000][7][gc,task     ] GC(38) Using 8 workers of 8 for evacuation
[2023-10-31T00:17:52.812+0000][7][gc,age      ] GC(38) Desired survivor size 20971520 bytes, new threshold 15 (max threshold 15)
[2023-10-31T00:17:52.818+0000][7][gc,age      ] GC(38) Age table with threshold 15 (max threshold 15)
[2023-10-31T00:17:52.818+0000][7][gc,age      ] GC(38) - age   1:    1062872 bytes,    1062872 total
[2023-10-31T00:17:52.818+0000][7][gc,age      ] GC(38) - age   2:     606224 bytes,    1669096 total
[2023-10-31T00:17:52.818+0000][7][gc,age      ] GC(38) - age   3:    1400944 bytes,    3070040 total
[2023-10-31T00:17:52.818+0000][7][gc,age      ] GC(38) - age   4:       8360 bytes,    3078400 total
[2023-10-31T00:17:52.818+0000][7][gc,age      ] GC(38) - age   5:     104552 bytes,    3182952 total
[2023-10-31T00:17:52.818+0000][7][gc,age      ] GC(38) - age   6:     163416 bytes,    3346368 total
[2023-10-31T00:17:52.818+0000][7][gc,age      ] GC(38) - age   7:     374872 bytes,    3721240 total
[2023-10-31T00:17:52.818+0000][7][gc,age      ] GC(38) - age   8:    1287824 bytes,    5009064 total
[2023-10-31T00:17:52.818+0000][7][gc,age      ] GC(38) - age   9:       9816 bytes,    5018880 total
[2023-10-31T00:17:52.818+0000][7][gc,age      ] GC(38) - age  10:      17760 bytes,    5036640 total
[2023-10-31T00:17:52.818+0000][7][gc,age      ] GC(38) - age  11:      26336 bytes,    5062976 total
[2023-10-31T00:17:52.818+0000][7][gc,age      ] GC(38) - age  12:      16768 bytes,    5079744 total
[2023-10-31T00:17:52.818+0000][7][gc,age      ] GC(38) - age  13:      50792 bytes,    5130536 total
[2023-10-31T00:17:52.818+0000][7][gc,age      ] GC(38) - age  14:    2268736 bytes,    7399272 total
[2023-10-31T00:17:52.818+0000][7][gc,age      ] GC(38) - age  15:     469896 bytes,    7869168 total
[2023-10-31T00:17:52.818+0000][7][gc,phases   ] GC(38)   Pre Evacuate Collection Set: 0.1ms
[2023-10-31T00:17:52.818+0000][7][gc,phases   ] GC(38)   Merge Heap Roots: 0.1ms
[2023-10-31T00:17:52.818+0000][7][gc,phases   ] GC(38)   Evacuate Collection Set: 4.9ms
[2023-10-31T00:17:52.818+0000][7][gc,phases   ] GC(38)   Post Evacuate Collection Set: 0.9ms
[2023-10-31T00:17:52.818+0000][7][gc,phases   ] GC(38)   Other: 0.4ms
[2023-10-31T00:17:52.818+0000][7][gc,heap     ] GC(38) Eden regions: 74->0(73)
[2023-10-31T00:17:52.818+0000][7][gc,heap     ] GC(38) Survivor regions: 2->3(10)
[2023-10-31T00:17:52.818+0000][7][gc,heap     ] GC(38) Old regions: 22->22
[2023-10-31T00:17:52.818+0000][7][gc,heap     ] GC(38) Archive regions: 2->2
[2023-10-31T00:17:52.818+0000][7][gc,heap     ] GC(38) Humongous regions: 5->5
[2023-10-31T00:17:52.818+0000][7][gc,metaspace] GC(38) Metaspace: 116533K(118272K)->116533K(118272K) NonClass: 100776K(101760K)->100776K(101760K) Class: 15756K(16512K)->15756K(16512K)
[2023-10-31T00:17:52.818+0000][7][gc          ] GC(38) Pause Young (Normal) (G1 Evacuation Pause) 413M->117M(512M) 6.511ms
[2023-10-31T00:17:52.818+0000][7][gc,cpu      ] GC(38) User=0.03s Sys=0.00s Real=0.01s
[2023-10-31T00:17:52.818+0000][7][safepoint   ] Safepoint "G1CollectForAllocation", Time since last: 516664236 ns, Reaching safepoint: 102309 ns, At safepoint: 6625730 ns, Total: 6728039 ns
[2023-10-31T00:17:55.819+0000][7][safepoint   ] Safepoint "Cleanup", Time since last: 3000272936 ns, Reaching safepoint: 151931 ns, At safepoint: 6022 ns, Total: 157953 ns
[2023-10-31T00:17:57.819+0000][7][safepoint   ] Safepoint "Cleanup", Time since last: 2000162101 ns, Reaching safepoint: 89957 ns, At safepoint: 3776 ns, Total: 93733 ns
[2023-10-31T00:18:00.819+0000][7][safepoint   ] Safepoint "Cleanup", Time since last: 3000231034 ns, Reaching safepoint: 68370 ns, At safepoint: 8055 ns, Total: 76425 ns
[2023-10-31T00:18:01.819+0000][7][safepoint   ] Safepoint "Cleanup", Time since last: 1000157053 ns, Reaching safepoint: 94487 ns, At safepoint: 15235 ns, Total: 109722 ns
[2023-10-31T00:18:03.060+0000][7][gc,heap,exit] Heap
[2023-10-31T00:18:03.060+0000][7][gc,heap,exit]  garbage-first heap   total 524288K, used 274627K [0x00000000e0000000, 0x0000000100000000)
[2023-10-31T00:18:03.060+0000][7][gc,heap,exit]   region size 4096K, 41 young (167936K), 3 survivors (12288K)
[2023-10-31T00:18:03.060+0000][7][gc,heap,exit]  Metaspace       used 116723K, committed 118464K, reserved 1155072K
[2023-10-31T00:18:03.060+0000][7][gc,heap,exit]   class space    used 15793K, committed 16512K, reserved 1048576K
