[2023-10-18T13:30:53.958+0000][7][gc] Using G1
[2023-10-18T13:30:54.045+0000][7][gc,init] Version: 17.0.1+12 (release)
[2023-10-18T13:30:54.045+0000][7][gc,init] CPUs: 8 total, 8 available
[2023-10-18T13:30:54.045+0000][7][gc,init] Memory: 7659M
[2023-10-18T13:30:54.045+0000][7][gc,init] Large Page Support: Disabled
[2023-10-18T13:30:54.045+0000][7][gc,init] NUMA Support: Disabled
[2023-10-18T13:30:54.045+0000][7][gc,init] Compressed Oops: Enabled (32-bit)
[2023-10-18T13:30:54.045+0000][7][gc,init] Heap Region Size: 4M
[2023-10-18T13:30:54.045+0000][7][gc,init] Heap Min Capacity: 512M
[2023-10-18T13:30:54.045+0000][7][gc,init] Heap Initial Capacity: 512M
[2023-10-18T13:30:54.045+0000][7][gc,init] Heap Max Capacity: 512M
[2023-10-18T13:30:54.045+0000][7][gc,init] Pre-touch: Enabled
[2023-10-18T13:30:54.045+0000][7][gc,init] Parallel Workers: 8
[2023-10-18T13:30:54.045+0000][7][gc,init] Concurrent Workers: 2
[2023-10-18T13:30:54.045+0000][7][gc,init] Concurrent Refinement Workers: 8
[2023-10-18T13:30:54.045+0000][7][gc,init] Periodic GC: Disabled
[2023-10-18T13:30:54.045+0000][7][gc,metaspace] CDS archive(s) mapped at: [0x0000000800000000-0x0000000800bd1000-0x0000000800bd1000), size 12390400, SharedBaseAddress: 0x0000000800000000, ArchiveRelocationMode: 0.
[2023-10-18T13:30:54.045+0000][7][gc,metaspace] Compressed class space mapped at: 0x0000000800c00000-0x0000000840c00000, reserved size: 1073741824
[2023-10-18T13:30:54.045+0000][7][gc,metaspace] Narrow klass base: 0x0000000800000000, Narrow klass shift: 0, Narrow klass range: 0x100000000
[2023-10-18T13:30:54.720+0000][7][safepoint   ] Safepoint "ICBufferFull", Time since last: 670440978 ns, Reaching safepoint: 129329 ns, At safepoint: 5664 ns, Total: 134993 ns
[2023-10-18T13:30:55.198+0000][7][gc,start    ] GC(0) Pause Young (Normal) (G1 Evacuation Pause)
[2023-10-18T13:30:55.198+0000][7][gc,task     ] GC(0) Using 8 workers of 8 for evacuation
[2023-10-18T13:30:55.198+0000][7][gc,age      ] GC(0) Desired survivor size 2097152 bytes, new threshold 15 (max threshold 15)
[2023-10-18T13:30:55.207+0000][7][gc,age      ] GC(0) Age table with threshold 15 (max threshold 15)
[2023-10-18T13:30:55.207+0000][7][gc,age      ] GC(0) - age   1:    4139616 bytes,    4139616 total
[2023-10-18T13:30:55.208+0000][7][gc,phases   ] GC(0)   Pre Evacuate Collection Set: 0.1ms
[2023-10-18T13:30:55.208+0000][7][gc,phases   ] GC(0)   Merge Heap Roots: 0.0ms
[2023-10-18T13:30:55.208+0000][7][gc,phases   ] GC(0)   Evacuate Collection Set: 7.7ms
[2023-10-18T13:30:55.208+0000][7][gc,phases   ] GC(0)   Post Evacuate Collection Set: 0.8ms
[2023-10-18T13:30:55.208+0000][7][gc,phases   ] GC(0)   Other: 0.9ms
[2023-10-18T13:30:55.208+0000][7][gc,heap     ] GC(0) Eden regions: 6->0(6)
[2023-10-18T13:30:55.208+0000][7][gc,heap     ] GC(0) Survivor regions: 0->1(1)
[2023-10-18T13:30:55.209+0000][7][gc,heap     ] GC(0) Old regions: 0->0
[2023-10-18T13:30:55.209+0000][7][gc,heap     ] GC(0) Archive regions: 2->2
[2023-10-18T13:30:55.209+0000][7][gc,heap     ] GC(0) Humongous regions: 0->0
[2023-10-18T13:30:55.209+0000][7][gc,metaspace] GC(0) Metaspace: 7637K(7872K)->7637K(7872K) NonClass: 6752K(6848K)->6752K(6848K) Class: 885K(1024K)->885K(1024K)
[2023-10-18T13:30:55.209+0000][7][gc          ] GC(0) Pause Young (Normal) (G1 Evacuation Pause) 27M->7M(512M) 11.083ms
[2023-10-18T13:30:55.209+0000][7][gc,cpu      ] GC(0) User=0.02s Sys=0.00s Real=0.01s
[2023-10-18T13:30:55.209+0000][7][safepoint   ] Safepoint "G1CollectForAllocation", Time since last: 477498193 ns, Reaching safepoint: 111629 ns, At safepoint: 11487561 ns, Total: 11599190 ns
[2023-10-18T13:30:56.212+0000][7][safepoint   ] Safepoint "Cleanup", Time since last: 1002007152 ns, Reaching safepoint: 142991 ns, At safepoint: 8140 ns, Total: 151131 ns
[2023-10-18T13:30:56.444+0000][7][gc,start    ] GC(1) Pause Young (Normal) (G1 Evacuation Pause)
[2023-10-18T13:30:56.444+0000][7][gc,task     ] GC(1) Using 8 workers of 8 for evacuation
[2023-10-18T13:30:56.444+0000][7][gc,age      ] GC(1) Desired survivor size 2097152 bytes, new threshold 1 (max threshold 15)
[2023-10-18T13:30:56.452+0000][7][gc,age      ] GC(1) Age table with threshold 1 (max threshold 15)
[2023-10-18T13:30:56.452+0000][7][gc,age      ] GC(1) - age   1:    2322088 bytes,    2322088 total
[2023-10-18T13:30:56.452+0000][7][gc,phases   ] GC(1)   Pre Evacuate Collection Set: 0.1ms
[2023-10-18T13:30:56.452+0000][7][gc,phases   ] GC(1)   Merge Heap Roots: 0.0ms
[2023-10-18T13:30:56.452+0000][7][gc,phases   ] GC(1)   Evacuate Collection Set: 6.5ms
[2023-10-18T13:30:56.452+0000][7][gc,phases   ] GC(1)   Post Evacuate Collection Set: 0.9ms
[2023-10-18T13:30:56.452+0000][7][gc,phases   ] GC(1)   Other: 0.2ms
[2023-10-18T13:30:56.452+0000][7][gc,heap     ] GC(1) Eden regions: 6->0(16)
[2023-10-18T13:30:56.452+0000][7][gc,heap     ] GC(1) Survivor regions: 1->1(1)
[2023-10-18T13:30:56.452+0000][7][gc,heap     ] GC(1) Old regions: 0->1
[2023-10-18T13:30:56.452+0000][7][gc,heap     ] GC(1) Archive regions: 2->2
[2023-10-18T13:30:56.452+0000][7][gc,heap     ] GC(1) Humongous regions: 0->0
[2023-10-18T13:30:56.452+0000][7][gc,metaspace] GC(1) Metaspace: 12426K(12608K)->12426K(12608K) NonClass: 10919K(11008K)->10919K(11008K) Class: 1506K(1600K)->1506K(1600K)
[2023-10-18T13:30:56.452+0000][7][gc          ] GC(1) Pause Young (Normal) (G1 Evacuation Pause) 31M->10M(512M) 7.874ms
[2023-10-18T13:30:56.452+0000][7][gc,cpu      ] GC(1) User=0.01s Sys=0.00s Real=0.01s
[2023-10-18T13:30:56.452+0000][7][safepoint   ] Safepoint "G1CollectForAllocation", Time since last: 232199630 ns, Reaching safepoint: 80837 ns, At safepoint: 7944809 ns, Total: 8025646 ns
[2023-10-18T13:30:57.582+0000][7][safepoint   ] Safepoint "Cleanup", Time since last: 1129531206 ns, Reaching safepoint: 260737 ns, At safepoint: 10306 ns, Total: 271043 ns
[2023-10-18T13:30:57.710+0000][7][gc,start    ] GC(2) Pause Young (Normal) (G1 Evacuation Pause)
[2023-10-18T13:30:57.711+0000][7][gc,task     ] GC(2) Using 8 workers of 8 for evacuation
[2023-10-18T13:30:57.711+0000][7][gc,age      ] GC(2) Desired survivor size 6291456 bytes, new threshold 15 (max threshold 15)
[2023-10-18T13:30:57.717+0000][7][gc,age      ] GC(2) Age table with threshold 15 (max threshold 15)
[2023-10-18T13:30:57.717+0000][7][gc,age      ] GC(2) - age   1:    2927416 bytes,    2927416 total
[2023-10-18T13:30:57.717+0000][7][gc,age      ] GC(2) - age   2:    2301352 bytes,    5228768 total
[2023-10-18T13:30:57.717+0000][7][gc,phases   ] GC(2)   Pre Evacuate Collection Set: 0.1ms
[2023-10-18T13:30:57.717+0000][7][gc,phases   ] GC(2)   Merge Heap Roots: 0.0ms
[2023-10-18T13:30:57.717+0000][7][gc,phases   ] GC(2)   Evacuate Collection Set: 5.6ms
[2023-10-18T13:30:57.717+0000][7][gc,phases   ] GC(2)   Post Evacuate Collection Set: 0.4ms
[2023-10-18T13:30:57.717+0000][7][gc,phases   ] GC(2)   Other: 0.9ms
[2023-10-18T13:30:57.717+0000][7][gc,heap     ] GC(2) Eden regions: 16->0(74)
[2023-10-18T13:30:57.717+0000][7][gc,heap     ] GC(2) Survivor regions: 1->2(3)
[2023-10-18T13:30:57.717+0000][7][gc,heap     ] GC(2) Old regions: 1->1
[2023-10-18T13:30:57.717+0000][7][gc,heap     ] GC(2) Archive regions: 2->2
[2023-10-18T13:30:57.717+0000][7][gc,heap     ] GC(2) Humongous regions: 0->0
[2023-10-18T13:30:57.717+0000][7][gc,metaspace] GC(2) Metaspace: 14551K(14720K)->14551K(14720K) NonClass: 12857K(12928K)->12857K(12928K) Class: 1694K(1792K)->1694K(1792K)
[2023-10-18T13:30:57.718+0000][7][gc          ] GC(2) Pause Young (Normal) (G1 Evacuation Pause) 74M->12M(512M) 7.077ms
[2023-10-18T13:30:57.718+0000][7][gc,cpu      ] GC(2) User=0.02s Sys=0.00s Real=0.01s
[2023-10-18T13:30:57.718+0000][7][safepoint   ] Safepoint "G1CollectForAllocation", Time since last: 128717269 ns, Reaching safepoint: 62155 ns, At safepoint: 7162780 ns, Total: 7224935 ns
[2023-10-18T13:30:58.213+0000][7][safepoint   ] Safepoint "ICBufferFull", Time since last: 495448120 ns, Reaching safepoint: 137545 ns, At safepoint: 9581 ns, Total: 147126 ns
[2023-10-18T13:30:58.215+0000][7][safepoint   ] Safepoint "ICBufferFull", Time since last: 2151079 ns, Reaching safepoint: 150735 ns, At safepoint: 5469 ns, Total: 156204 ns
[2023-10-18T13:30:58.221+0000][7][safepoint   ] Safepoint "ICBufferFull", Time since last: 5598648 ns, Reaching safepoint: 53903 ns, At safepoint: 3476 ns, Total: 57379 ns
[2023-10-18T13:30:58.223+0000][7][safepoint   ] Safepoint "ICBufferFull", Time since last: 1148479 ns, Reaching safepoint: 696233 ns, At safepoint: 17947 ns, Total: 714180 ns
[2023-10-18T13:30:58.226+0000][7][safepoint   ] Safepoint "ICBufferFull", Time since last: 2809902 ns, Reaching safepoint: 45059 ns, At safepoint: 3282 ns, Total: 48341 ns
[2023-10-18T13:30:58.682+0000][7][safepoint   ] Safepoint "ICBufferFull", Time since last: 452171373 ns, Reaching safepoint: 4273378 ns, At safepoint: 11527 ns, Total: 4284905 ns
[2023-10-18T13:30:59.228+0000][7][gc,start    ] GC(3) Pause Young (Normal) (G1 Evacuation Pause)
[2023-10-18T13:30:59.228+0000][7][gc,task     ] GC(3) Using 8 workers of 8 for evacuation
[2023-10-18T13:30:59.228+0000][7][gc,age      ] GC(3) Desired survivor size 20971520 bytes, new threshold 15 (max threshold 15)
[2023-10-18T13:30:59.234+0000][7][gc,age      ] GC(3) Age table with threshold 15 (max threshold 15)
[2023-10-18T13:30:59.235+0000][7][gc,age      ] GC(3) - age   1:    4266120 bytes,    4266120 total
[2023-10-18T13:30:59.235+0000][7][gc,age      ] GC(3) - age   2:    1203160 bytes,    5469280 total
[2023-10-18T13:30:59.235+0000][7][gc,age      ] GC(3) - age   3:    2290048 bytes,    7759328 total
[2023-10-18T13:30:59.235+0000][7][gc,phases   ] GC(3)   Pre Evacuate Collection Set: 0.1ms
[2023-10-18T13:30:59.235+0000][7][gc,phases   ] GC(3)   Merge Heap Roots: 0.0ms
[2023-10-18T13:30:59.235+0000][7][gc,phases   ] GC(3)   Evacuate Collection Set: 5.0ms
[2023-10-18T13:30:59.236+0000][7][gc,phases   ] GC(3)   Post Evacuate Collection Set: 0.6ms
[2023-10-18T13:30:59.236+0000][7][gc,phases   ] GC(3)   Other: 1.3ms
[2023-10-18T13:30:59.236+0000][7][gc,heap     ] GC(3) Eden regions: 74->0(74)
[2023-10-18T13:30:59.236+0000][7][gc,heap     ] GC(3) Survivor regions: 2->2(10)
[2023-10-18T13:30:59.236+0000][7][gc,heap     ] GC(3) Old regions: 1->1
[2023-10-18T13:30:59.236+0000][7][gc,heap     ] GC(3) Archive regions: 2->2
[2023-10-18T13:30:59.236+0000][7][gc,heap     ] GC(3) Humongous regions: 0->0
[2023-10-18T13:30:59.236+0000][7][gc,metaspace] GC(3) Metaspace: 17729K(18112K)->17729K(18112K) NonClass: 15575K(15744K)->15575K(15744K) Class: 2154K(2368K)->2154K(2368K)
[2023-10-18T13:30:59.236+0000][7][gc          ] GC(3) Pause Young (Normal) (G1 Evacuation Pause) 308M->15M(512M) 8.279ms
[2023-10-18T13:30:59.236+0000][7][gc,cpu      ] GC(3) User=0.04s Sys=0.00s Real=0.01s
[2023-10-18T13:30:59.236+0000][7][safepoint   ] Safepoint "G1CollectForAllocation", Time since last: 545647556 ns, Reaching safepoint: 127792 ns, At safepoint: 8353517 ns, Total: 8481309 ns
[2023-10-18T13:30:59.951+0000][7][gc,start    ] GC(4) Pause Young (Normal) (G1 Evacuation Pause)
[2023-10-18T13:30:59.952+0000][7][gc,task     ] GC(4) Using 8 workers of 8 for evacuation
[2023-10-18T13:30:59.952+0000][7][gc,age      ] GC(4) Desired survivor size 20971520 bytes, new threshold 15 (max threshold 15)
[2023-10-18T13:30:59.958+0000][7][gc,age      ] GC(4) Age table with threshold 15 (max threshold 15)
[2023-10-18T13:30:59.958+0000][7][gc,age      ] GC(4) - age   1:    5448384 bytes,    5448384 total
[2023-10-18T13:30:59.958+0000][7][gc,age      ] GC(4) - age   2:    4235504 bytes,    9683888 total
[2023-10-18T13:30:59.958+0000][7][gc,age      ] GC(4) - age   3:    1203080 bytes,   10886968 total
[2023-10-18T13:30:59.958+0000][7][gc,age      ] GC(4) - age   4:    2290048 bytes,   13177016 total
[2023-10-18T13:30:59.958+0000][7][gc,phases   ] GC(4)   Pre Evacuate Collection Set: 0.0ms
[2023-10-18T13:30:59.958+0000][7][gc,phases   ] GC(4)   Merge Heap Roots: 0.0ms
[2023-10-18T13:30:59.958+0000][7][gc,phases   ] GC(4)   Evacuate Collection Set: 5.2ms
[2023-10-18T13:30:59.958+0000][7][gc,phases   ] GC(4)   Post Evacuate Collection Set: 1.0ms
[2023-10-18T13:30:59.958+0000][7][gc,phases   ] GC(4)   Other: 0.2ms
[2023-10-18T13:30:59.958+0000][7][gc,heap     ] GC(4) Eden regions: 74->0(72)
[2023-10-18T13:30:59.958+0000][7][gc,heap     ] GC(4) Survivor regions: 2->4(10)
[2023-10-18T13:30:59.958+0000][7][gc,heap     ] GC(4) Old regions: 1->1
[2023-10-18T13:30:59.958+0000][7][gc,heap     ] GC(4) Archive regions: 2->2
[2023-10-18T13:30:59.958+0000][7][gc,heap     ] GC(4) Humongous regions: 0->0
[2023-10-18T13:30:59.958+0000][7][gc,metaspace] GC(4) Metaspace: 18661K(19072K)->18661K(19072K) NonClass: 16403K(16640K)->16403K(16640K) Class: 2258K(2432K)->2258K(2432K)
[2023-10-18T13:30:59.958+0000][7][gc          ] GC(4) Pause Young (Normal) (G1 Evacuation Pause) 311M->21M(512M) 6.653ms
[2023-10-18T13:30:59.958+0000][7][gc,cpu      ] GC(4) User=0.03s Sys=0.00s Real=0.01s
[2023-10-18T13:30:59.958+0000][7][safepoint   ] Safepoint "G1CollectForAllocation", Time since last: 714905788 ns, Reaching safepoint: 126011 ns, At safepoint: 6711658 ns, Total: 6837669 ns
[2023-10-18T13:31:00.473+0000][7][gc,start    ] GC(5) Pause Young (Normal) (G1 Evacuation Pause)
[2023-10-18T13:31:00.473+0000][7][gc,task     ] GC(5) Using 8 workers of 8 for evacuation
[2023-10-18T13:31:00.473+0000][7][gc,age      ] GC(5) Desired survivor size 20971520 bytes, new threshold 15 (max threshold 15)
[2023-10-18T13:31:00.481+0000][7][gc,age      ] GC(5) Age table with threshold 15 (max threshold 15)
[2023-10-18T13:31:00.481+0000][7][gc,age      ] GC(5) - age   1:    1151728 bytes,    1151728 total
[2023-10-18T13:31:00.481+0000][7][gc,age      ] GC(5) - age   2:    3453424 bytes,    4605152 total
[2023-10-18T13:31:00.481+0000][7][gc,age      ] GC(5) - age   3:    4234144 bytes,    8839296 total
[2023-10-18T13:31:00.481+0000][7][gc,age      ] GC(5) - age   4:    1202952 bytes,   10042248 total
[2023-10-18T13:31:00.481+0000][7][gc,age      ] GC(5) - age   5:    2287440 bytes,   12329688 total
[2023-10-18T13:31:00.481+0000][7][gc,phases   ] GC(5)   Pre Evacuate Collection Set: 0.1ms
[2023-10-18T13:31:00.481+0000][7][gc,phases   ] GC(5)   Merge Heap Roots: 0.1ms
[2023-10-18T13:31:00.481+0000][7][gc,phases   ] GC(5)   Evacuate Collection Set: 6.9ms
[2023-10-18T13:31:00.481+0000][7][gc,phases   ] GC(5)   Post Evacuate Collection Set: 0.5ms
[2023-10-18T13:31:00.481+0000][7][gc,phases   ] GC(5)   Other: 0.3ms
[2023-10-18T13:31:00.481+0000][7][gc,heap     ] GC(5) Eden regions: 72->0(72)
[2023-10-18T13:31:00.481+0000][7][gc,heap     ] GC(5) Survivor regions: 4->4(10)
[2023-10-18T13:31:00.481+0000][7][gc,heap     ] GC(5) Old regions: 1->1
[2023-10-18T13:31:00.481+0000][7][gc,heap     ] GC(5) Archive regions: 2->2
[2023-10-18T13:31:00.481+0000][7][gc,heap     ] GC(5) Humongous regions: 0->0
[2023-10-18T13:31:00.481+0000][7][gc,metaspace] GC(5) Metaspace: 19148K(19648K)->19148K(19648K) NonClass: 16805K(17088K)->16805K(17088K) Class: 2342K(2560K)->2342K(2560K)
[2023-10-18T13:31:00.481+0000][7][gc          ] GC(5) Pause Young (Normal) (G1 Evacuation Pause) 309M->20M(512M) 7.753ms
[2023-10-18T13:31:00.481+0000][7][gc,cpu      ] GC(5) User=0.03s Sys=0.00s Real=0.01s
[2023-10-18T13:31:00.481+0000][7][safepoint   ] Safepoint "G1CollectForAllocation", Time since last: 515009618 ns, Reaching safepoint: 65425 ns, At safepoint: 7809421 ns, Total: 7874846 ns
[2023-10-18T13:31:01.112+0000][7][gc,start    ] GC(6) Pause Young (Normal) (G1 Evacuation Pause)
[2023-10-18T13:31:01.112+0000][7][gc,task     ] GC(6) Using 8 workers of 8 for evacuation
[2023-10-18T13:31:01.112+0000][7][gc,age      ] GC(6) Desired survivor size 20971520 bytes, new threshold 15 (max threshold 15)
[2023-10-18T13:31:01.122+0000][7][gc,age      ] GC(6) Age table with threshold 15 (max threshold 15)
[2023-10-18T13:31:01.122+0000][7][gc,age      ] GC(6) - age   1:    2668192 bytes,    2668192 total
[2023-10-18T13:31:01.122+0000][7][gc,age      ] GC(6) - age   2:     414320 bytes,    3082512 total
[2023-10-18T13:31:01.122+0000][7][gc,age      ] GC(6) - age   3:    3452288 bytes,    6534800 total
[2023-10-18T13:31:01.123+0000][7][gc,age      ] GC(6) - age   4:    4228680 bytes,   10763480 total
[2023-10-18T13:31:01.123+0000][7][gc,age      ] GC(6) - age   5:    1202272 bytes,   11965752 total
[2023-10-18T13:31:01.123+0000][7][gc,age      ] GC(6) - age   6:    2286240 bytes,   14251992 total
[2023-10-18T13:31:01.123+0000][7][gc,phases   ] GC(6)   Pre Evacuate Collection Set: 0.1ms
[2023-10-18T13:31:01.123+0000][7][gc,phases   ] GC(6)   Merge Heap Roots: 0.1ms
[2023-10-18T13:31:01.123+0000][7][gc,phases   ] GC(6)   Evacuate Collection Set: 8.3ms
[2023-10-18T13:31:01.123+0000][7][gc,phases   ] GC(6)   Post Evacuate Collection Set: 1.3ms
[2023-10-18T13:31:01.123+0000][7][gc,phases   ] GC(6)   Other: 1.6ms
[2023-10-18T13:31:01.123+0000][7][gc,heap     ] GC(6) Eden regions: 72->0(72)
[2023-10-18T13:31:01.123+0000][7][gc,heap     ] GC(6) Survivor regions: 4->4(10)
[2023-10-18T13:31:01.123+0000][7][gc,heap     ] GC(6) Old regions: 1->1
[2023-10-18T13:31:01.123+0000][7][gc,heap     ] GC(6) Archive regions: 2->2
[2023-10-18T13:31:01.123+0000][7][gc,heap     ] GC(6) Humongous regions: 0->0
[2023-10-18T13:31:01.123+0000][7][gc,metaspace] GC(6) Metaspace: 20277K(20800K)->20277K(20800K) NonClass: 17785K(18112K)->17785K(18112K) Class: 2492K(2688K)->2492K(2688K)
[2023-10-18T13:31:01.123+0000][7][gc          ] GC(6) Pause Young (Normal) (G1 Evacuation Pause) 308M->22M(512M) 11.451ms
[2023-10-18T13:31:01.123+0000][7][gc,cpu      ] GC(6) User=0.03s Sys=0.00s Real=0.01s
[2023-10-18T13:31:01.123+0000][7][safepoint   ] Safepoint "G1CollectForAllocation", Time since last: 630301198 ns, Reaching safepoint: 108231 ns, At safepoint: 11548206 ns, Total: 11656437 ns
[2023-10-18T13:31:01.669+0000][7][gc,start    ] GC(7) Pause Young (Normal) (G1 Evacuation Pause)
[2023-10-18T13:31:01.669+0000][7][gc,task     ] GC(7) Using 8 workers of 8 for evacuation
[2023-10-18T13:31:01.669+0000][7][gc,age      ] GC(7) Desired survivor size 20971520 bytes, new threshold 15 (max threshold 15)
[2023-10-18T13:31:01.685+0000][7][gc,age      ] GC(7) Age table with threshold 15 (max threshold 15)
[2023-10-18T13:31:01.685+0000][7][gc,age      ] GC(7) - age   1:     884344 bytes,     884344 total
[2023-10-18T13:31:01.685+0000][7][gc,age      ] GC(7) - age   2:    2178096 bytes,    3062440 total
[2023-10-18T13:31:01.685+0000][7][gc,age      ] GC(7) - age   3:     413832 bytes,    3476272 total
[2023-10-18T13:31:01.685+0000][7][gc,age      ] GC(7) - age   4:    3451776 bytes,    6928048 total
[2023-10-18T13:31:01.685+0000][7][gc,age      ] GC(7) - age   5:    4228680 bytes,   11156728 total
[2023-10-18T13:31:01.685+0000][7][gc,age      ] GC(7) - age   6:    1202272 bytes,   12359000 total
[2023-10-18T13:31:01.685+0000][7][gc,age      ] GC(7) - age   7:    2286240 bytes,   14645240 total
[2023-10-18T13:31:01.685+0000][7][gc,phases   ] GC(7)   Pre Evacuate Collection Set: 0.1ms
[2023-10-18T13:31:01.685+0000][7][gc,phases   ] GC(7)   Merge Heap Roots: 0.1ms
[2023-10-18T13:31:01.685+0000][7][gc,phases   ] GC(7)   Evacuate Collection Set: 15.1ms
[2023-10-18T13:31:01.685+0000][7][gc,phases   ] GC(7)   Post Evacuate Collection Set: 0.6ms
[2023-10-18T13:31:01.685+0000][7][gc,phases   ] GC(7)   Other: 0.3ms
[2023-10-18T13:31:01.685+0000][7][gc,heap     ] GC(7) Eden regions: 72->0(72)
[2023-10-18T13:31:01.685+0000][7][gc,heap     ] GC(7) Survivor regions: 4->4(10)
[2023-10-18T13:31:01.685+0000][7][gc,heap     ] GC(7) Old regions: 1->1
[2023-10-18T13:31:01.685+0000][7][gc,heap     ] GC(7) Archive regions: 2->2
[2023-10-18T13:31:01.685+0000][7][gc,heap     ] GC(7) Humongous regions: 0->0
[2023-10-18T13:31:01.685+0000][7][gc,metaspace] GC(7) Metaspace: 20394K(20928K)->20394K(20928K) NonClass: 17880K(18176K)->17880K(18176K) Class: 2513K(2752K)->2513K(2752K)
[2023-10-18T13:31:01.685+0000][7][gc          ] GC(7) Pause Young (Normal) (G1 Evacuation Pause) 310M->22M(512M) 16.233ms
[2023-10-18T13:31:01.685+0000][7][gc,cpu      ] GC(7) User=0.05s Sys=0.01s Real=0.01s
[2023-10-18T13:31:01.686+0000][7][safepoint   ] Safepoint "G1CollectForAllocation", Time since last: 546122791 ns, Reaching safepoint: 62357 ns, At safepoint: 16337785 ns, Total: 16400142 ns
[2023-10-18T13:31:01.906+0000][7][gc,start    ] GC(8) Pause Young (Concurrent Start) (Metadata GC Threshold)
[2023-10-18T13:31:01.906+0000][7][gc,task     ] GC(8) Using 8 workers of 8 for evacuation
[2023-10-18T13:31:01.907+0000][7][gc,age      ] GC(8) Desired survivor size 20971520 bytes, new threshold 15 (max threshold 15)
[2023-10-18T13:31:01.917+0000][7][gc,age      ] GC(8) Age table with threshold 15 (max threshold 15)
[2023-10-18T13:31:01.917+0000][7][gc,age      ] GC(8) - age   1:     387880 bytes,     387880 total
[2023-10-18T13:31:01.917+0000][7][gc,age      ] GC(8) - age   2:     668280 bytes,    1056160 total
[2023-10-18T13:31:01.917+0000][7][gc,age      ] GC(8) - age   3:    2165720 bytes,    3221880 total
[2023-10-18T13:31:01.917+0000][7][gc,age      ] GC(8) - age   4:     403248 bytes,    3625128 total
[2023-10-18T13:31:01.918+0000][7][gc,age      ] GC(8) - age   5:    3439720 bytes,    7064848 total
[2023-10-18T13:31:01.918+0000][7][gc,age      ] GC(8) - age   6:    4219216 bytes,   11284064 total
[2023-10-18T13:31:01.918+0000][7][gc,age      ] GC(8) - age   7:    1158552 bytes,   12442616 total
[2023-10-18T13:31:01.918+0000][7][gc,age      ] GC(8) - age   8:    2286064 bytes,   14728680 total
[2023-10-18T13:31:01.918+0000][7][gc,phases   ] GC(8)   Pre Evacuate Collection Set: 0.1ms
[2023-10-18T13:31:01.918+0000][7][gc,phases   ] GC(8)   Merge Heap Roots: 0.0ms
[2023-10-18T13:31:01.919+0000][7][gc,phases   ] GC(8)   Evacuate Collection Set: 8.5ms
[2023-10-18T13:31:01.919+0000][7][gc,phases   ] GC(8)   Post Evacuate Collection Set: 1.1ms
[2023-10-18T13:31:01.919+0000][7][gc,phases   ] GC(8)   Other: 2.3ms
[2023-10-18T13:31:01.919+0000][7][gc,heap     ] GC(8) Eden regions: 7->0(72)
[2023-10-18T13:31:01.919+0000][7][gc,heap     ] GC(8) Survivor regions: 4->4(10)
[2023-10-18T13:31:01.919+0000][7][gc,heap     ] GC(8) Old regions: 1->1
[2023-10-18T13:31:01.919+0000][7][gc,heap     ] GC(8) Archive regions: 2->2
[2023-10-18T13:31:01.920+0000][7][gc,heap     ] GC(8) Humongous regions: 0->0
[2023-10-18T13:31:01.920+0000][7][gc,metaspace] GC(8) Metaspace: 21035K(21504K)->21035K(21504K) NonClass: 18421K(18688K)->18421K(18688K) Class: 2614K(2816K)->2614K(2816K)
[2023-10-18T13:31:01.920+0000][7][gc          ] GC(8) Pause Young (Concurrent Start) (Metadata GC Threshold) 48M->22M(512M) 13.477ms
[2023-10-18T13:31:01.920+0000][7][gc,cpu      ] GC(8) User=0.05s Sys=0.00s Real=0.01s
[2023-10-18T13:31:01.920+0000][7][gc          ] GC(9) Concurrent Mark Cycle
[2023-10-18T13:31:01.920+0000][7][gc,marking  ] GC(9) Concurrent Clear Claimed Marks
[2023-10-18T13:31:01.920+0000][7][safepoint   ] Safepoint "CollectForMetadataAllocation", Time since last: 220526194 ns, Reaching safepoint: 113729 ns, At safepoint: 13662959 ns, Total: 13776688 ns
[2023-10-18T13:31:01.920+0000][7][gc,marking  ] GC(9) Concurrent Clear Claimed Marks 0.045ms
[2023-10-18T13:31:01.920+0000][7][gc,marking  ] GC(9) Concurrent Scan Root Regions
[2023-10-18T13:31:01.925+0000][7][gc,marking  ] GC(9) Concurrent Scan Root Regions 5.518ms
[2023-10-18T13:31:01.925+0000][7][gc,marking  ] GC(9) Concurrent Mark
[2023-10-18T13:31:01.926+0000][7][gc,marking  ] GC(9) Concurrent Mark From Roots
[2023-10-18T13:31:01.926+0000][7][gc,task     ] GC(9) Using 2 workers of 2 for marking
[2023-10-18T13:31:01.932+0000][7][gc,marking  ] GC(9) Concurrent Mark From Roots 6.608ms
[2023-10-18T13:31:01.932+0000][7][gc,marking  ] GC(9) Concurrent Preclean
[2023-10-18T13:31:01.932+0000][7][gc,marking  ] GC(9) Concurrent Preclean 0.113ms
[2023-10-18T13:31:01.933+0000][7][gc,start    ] GC(9) Pause Remark
[2023-10-18T13:31:01.938+0000][7][gc          ] GC(9) Pause Remark 24M->24M(512M) 5.350ms
[2023-10-18T13:31:01.938+0000][7][gc,cpu      ] GC(9) User=0.02s Sys=0.00s Real=0.01s
[2023-10-18T13:31:01.938+0000][7][safepoint   ] Safepoint "G1Concurrent", Time since last: 12518338 ns, Reaching safepoint: 214958 ns, At safepoint: 5467376 ns, Total: 5682334 ns
[2023-10-18T13:31:01.939+0000][7][gc,marking  ] GC(9) Concurrent Mark 13.281ms
[2023-10-18T13:31:01.939+0000][7][gc,marking  ] GC(9) Concurrent Rebuild Remembered Sets
[2023-10-18T13:31:01.939+0000][7][gc,marking  ] GC(9) Concurrent Rebuild Remembered Sets 0.012ms
[2023-10-18T13:31:01.939+0000][7][gc,start    ] GC(9) Pause Cleanup
[2023-10-18T13:31:01.940+0000][7][gc          ] GC(9) Pause Cleanup 24M->24M(512M) 0.279ms
[2023-10-18T13:31:01.940+0000][7][gc,cpu      ] GC(9) User=0.01s Sys=0.00s Real=0.00s
[2023-10-18T13:31:01.940+0000][7][safepoint   ] Safepoint "G1Concurrent", Time since last: 833420 ns, Reaching safepoint: 472988 ns, At safepoint: 354318 ns, Total: 827306 ns
[2023-10-18T13:31:01.940+0000][7][gc,marking  ] GC(9) Concurrent Cleanup for Next Mark
[2023-10-18T13:31:01.941+0000][7][gc,marking  ] GC(9) Concurrent Cleanup for Next Mark 1.529ms
[2023-10-18T13:31:01.942+0000][7][gc          ] GC(9) Concurrent Mark Cycle 21.892ms
[2023-10-18T13:31:02.323+0000][7][safepoint   ] Safepoint "ICBufferFull", Time since last: 383125784 ns, Reaching safepoint: 153119 ns, At safepoint: 3116 ns, Total: 156235 ns
[2023-10-18T13:31:02.324+0000][7][safepoint   ] Safepoint "ICBufferFull", Time since last: 1125580 ns, Reaching safepoint: 33073 ns, At safepoint: 2691 ns, Total: 35764 ns
[2023-10-18T13:31:02.326+0000][7][safepoint   ] Safepoint "ICBufferFull", Time since last: 1365300 ns, Reaching safepoint: 26363 ns, At safepoint: 2154 ns, Total: 28517 ns
[2023-10-18T13:31:02.327+0000][7][safepoint   ] Safepoint "ICBufferFull", Time since last: 1086714 ns, Reaching safepoint: 32481 ns, At safepoint: 2530 ns, Total: 35011 ns
[2023-10-18T13:31:02.361+0000][7][safepoint   ] Safepoint "ICBufferFull", Time since last: 33896814 ns, Reaching safepoint: 41348 ns, At safepoint: 3394 ns, Total: 44742 ns
[2023-10-18T13:31:02.362+0000][7][safepoint   ] Safepoint "ICBufferFull", Time since last: 1315233 ns, Reaching safepoint: 48737 ns, At safepoint: 3022 ns, Total: 51759 ns
[2023-10-18T13:31:02.449+0000][7][safepoint   ] Safepoint "ICBufferFull", Time since last: 87234628 ns, Reaching safepoint: 222381 ns, At safepoint: 6636 ns, Total: 229017 ns
[2023-10-18T13:31:02.451+0000][7][safepoint   ] Safepoint "ICBufferFull", Time since last: 1471204 ns, Reaching safepoint: 59729 ns, At safepoint: 3361 ns, Total: 63090 ns
[2023-10-18T13:31:02.501+0000][7][safepoint   ] Safepoint "ICBufferFull", Time since last: 49604366 ns, Reaching safepoint: 49352 ns, At safepoint: 4047 ns, Total: 53399 ns
[2023-10-18T13:31:02.586+0000][7][safepoint   ] Safepoint "ICBufferFull", Time since last: 84734311 ns, Reaching safepoint: 165951 ns, At safepoint: 5971 ns, Total: 171922 ns
[2023-10-18T13:31:02.587+0000][7][safepoint   ] Safepoint "ICBufferFull", Time since last: 1161549 ns, Reaching safepoint: 29181 ns, At safepoint: 3232 ns, Total: 32413 ns
[2023-10-18T13:31:02.588+0000][7][safepoint   ] Safepoint "ICBufferFull", Time since last: 1189718 ns, Reaching safepoint: 114904 ns, At safepoint: 8206 ns, Total: 123110 ns
[2023-10-18T13:31:03.833+0000][7][safepoint   ] Safepoint "Cleanup", Time since last: 1241654291 ns, Reaching safepoint: 3294105 ns, At safepoint: 28090 ns, Total: 3322195 ns
[2023-10-18T13:31:04.836+0000][7][safepoint   ] Safepoint "Cleanup", Time since last: 1003189354 ns, Reaching safepoint: 137917 ns, At safepoint: 4524 ns, Total: 142441 ns
[2023-10-18T13:31:05.838+0000][7][safepoint   ] Safepoint "Cleanup", Time since last: 1001084945 ns, Reaching safepoint: 242506 ns, At safepoint: 6835 ns, Total: 249341 ns
[2023-10-18T13:31:07.054+0000][7][gc,start    ] GC(10) Pause Young (Concurrent Start) (Metadata GC Threshold)
[2023-10-18T13:31:07.054+0000][7][gc,task     ] GC(10) Using 8 workers of 8 for evacuation
[2023-10-18T13:31:07.055+0000][7][gc,age      ] GC(10) Desired survivor size 20971520 bytes, new threshold 15 (max threshold 15)
[2023-10-18T13:31:07.106+0000][7][gc,age      ] GC(10) Age table with threshold 15 (max threshold 15)
[2023-10-18T13:31:07.106+0000][7][gc,age      ] GC(10) - age   1:   26664664 bytes,   26664664 total
[2023-10-18T13:31:07.106+0000][7][gc,age      ] GC(10) - age   2:     374920 bytes,   27039584 total
[2023-10-18T13:31:07.106+0000][7][gc,age      ] GC(10) - age   3:     666280 bytes,   27705864 total
[2023-10-18T13:31:07.106+0000][7][gc,age      ] GC(10) - age   4:    2138736 bytes,   29844600 total
[2023-10-18T13:31:07.106+0000][7][gc,age      ] GC(10) - age   5:     401376 bytes,   30245976 total
[2023-10-18T13:31:07.106+0000][7][gc,age      ] GC(10) - age   6:    3435616 bytes,   33681592 total
[2023-10-18T13:31:07.106+0000][7][gc,age      ] GC(10) - age   7:    4183088 bytes,   37864680 total
[2023-10-18T13:31:07.106+0000][7][gc,age      ] GC(10) - age   8:    1129752 bytes,   38994432 total
[2023-10-18T13:31:07.106+0000][7][gc,age      ] GC(10) - age   9:    2273640 bytes,   41268072 total
[2023-10-18T13:31:07.106+0000][7][gc,phases   ] GC(10)   Pre Evacuate Collection Set: 0.1ms
[2023-10-18T13:31:07.106+0000][7][gc,phases   ] GC(10)   Merge Heap Roots: 0.1ms
[2023-10-18T13:31:07.106+0000][7][gc,phases   ] GC(10)   Evacuate Collection Set: 48.6ms
[2023-10-18T13:31:07.106+0000][7][gc,phases   ] GC(10)   Post Evacuate Collection Set: 2.8ms
[2023-10-18T13:31:07.106+0000][7][gc,phases   ] GC(10)   Other: 0.5ms
[2023-10-18T13:31:07.106+0000][7][gc,heap     ] GC(10) Eden regions: 71->0(66)
[2023-10-18T13:31:07.106+0000][7][gc,heap     ] GC(10) Survivor regions: 4->10(10)
[2023-10-18T13:31:07.106+0000][7][gc,heap     ] GC(10) Old regions: 1->2
[2023-10-18T13:31:07.106+0000][7][gc,heap     ] GC(10) Archive regions: 2->2
[2023-10-18T13:31:07.107+0000][7][gc,heap     ] GC(10) Humongous regions: 0->0
[2023-10-18T13:31:07.107+0000][7][gc,metaspace] GC(10) Metaspace: 35151K(36096K)->35151K(36096K) NonClass: 30523K(31104K)->30523K(31104K) Class: 4627K(4992K)->4627K(4992K)
[2023-10-18T13:31:07.107+0000][7][gc          ] GC(10) Pause Young (Concurrent Start) (Metadata GC Threshold) 304M->48M(512M) 52.312ms
[2023-10-18T13:31:07.107+0000][7][gc,cpu      ] GC(10) User=0.16s Sys=0.00s Real=0.06s
[2023-10-18T13:31:07.107+0000][7][safepoint   ] Safepoint "CollectForMetadataAllocation", Time since last: 1216548045 ns, Reaching safepoint: 140391 ns, At safepoint: 52718075 ns, Total: 52858466 ns
[2023-10-18T13:31:07.110+0000][7][gc          ] GC(11) Concurrent Mark Cycle
[2023-10-18T13:31:07.110+0000][7][gc,marking  ] GC(11) Concurrent Clear Claimed Marks
[2023-10-18T13:31:07.110+0000][7][gc,marking  ] GC(11) Concurrent Clear Claimed Marks 0.074ms
[2023-10-18T13:31:07.110+0000][7][gc,marking  ] GC(11) Concurrent Scan Root Regions
[2023-10-18T13:31:07.145+0000][7][gc,marking  ] GC(11) Concurrent Scan Root Regions 35.349ms
[2023-10-18T13:31:07.145+0000][7][gc,marking  ] GC(11) Concurrent Mark
[2023-10-18T13:31:07.146+0000][7][gc,marking  ] GC(11) Concurrent Mark From Roots
[2023-10-18T13:31:07.146+0000][7][gc,task     ] GC(11) Using 2 workers of 2 for marking
[2023-10-18T13:31:07.162+0000][7][gc,marking  ] GC(11) Concurrent Mark From Roots 16.410ms
[2023-10-18T13:31:07.162+0000][7][gc,marking  ] GC(11) Concurrent Preclean
[2023-10-18T13:31:07.162+0000][7][gc,marking  ] GC(11) Concurrent Preclean 0.122ms
[2023-10-18T13:31:07.167+0000][7][gc,start    ] GC(11) Pause Remark
[2023-10-18T13:31:07.174+0000][7][gc          ] GC(11) Pause Remark 51M->51M(512M) 7.310ms
[2023-10-18T13:31:07.174+0000][7][gc,cpu      ] GC(11) User=0.01s Sys=0.00s Real=0.00s
[2023-10-18T13:31:07.175+0000][7][safepoint   ] Safepoint "G1Concurrent", Time since last: 55072876 ns, Reaching safepoint: 4449807 ns, At safepoint: 7928448 ns, Total: 12378255 ns
[2023-10-18T13:31:07.177+0000][7][gc,marking  ] GC(11) Concurrent Mark 31.901ms
[2023-10-18T13:31:07.177+0000][7][gc,marking  ] GC(11) Concurrent Rebuild Remembered Sets
[2023-10-18T13:31:07.183+0000][7][gc,marking  ] GC(11) Concurrent Rebuild Remembered Sets 5.786ms
[2023-10-18T13:31:07.184+0000][7][gc,start    ] GC(11) Pause Cleanup
[2023-10-18T13:31:07.184+0000][7][gc          ] GC(11) Pause Cleanup 51M->51M(512M) 0.280ms
[2023-10-18T13:31:07.184+0000][7][gc,cpu      ] GC(11) User=0.00s Sys=0.00s Real=0.00s
[2023-10-18T13:31:07.185+0000][7][safepoint   ] Safepoint "G1Concurrent", Time since last: 8992743 ns, Reaching safepoint: 439708 ns, At safepoint: 655369 ns, Total: 1095077 ns
[2023-10-18T13:31:07.185+0000][7][gc,marking  ] GC(11) Concurrent Cleanup for Next Mark
[2023-10-18T13:31:07.186+0000][7][gc,marking  ] GC(11) Concurrent Cleanup for Next Mark 1.668ms
[2023-10-18T13:31:07.187+0000][7][gc          ] GC(11) Concurrent Mark Cycle 77.238ms
[2023-10-18T13:31:08.185+0000][7][safepoint   ] Safepoint "Cleanup", Time since last: 1000244162 ns, Reaching safepoint: 132671 ns, At safepoint: 4826 ns, Total: 137497 ns
[2023-10-18T13:31:09.305+0000][7][safepoint   ] Safepoint "Cleanup", Time since last: 1116503161 ns, Reaching safepoint: 522553 ns, At safepoint: 20203 ns, Total: 542756 ns
[2023-10-18T13:31:11.059+0000][7][safepoint   ] Safepoint "Cleanup", Time since last: 1756812361 ns, Reaching safepoint: 184455 ns, At safepoint: 6076 ns, Total: 190531 ns
[2023-10-18T13:31:11.378+0000][7][gc,start    ] GC(12) Pause Young (Normal) (G1 Evacuation Pause)
[2023-10-18T13:31:11.378+0000][7][gc,task     ] GC(12) Using 8 workers of 8 for evacuation
[2023-10-18T13:31:11.378+0000][7][gc,age      ] GC(12) Desired survivor size 20971520 bytes, new threshold 1 (max threshold 15)
[2023-10-18T13:31:11.403+0000][7][gc,age      ] GC(12) Age table with threshold 1 (max threshold 15)
[2023-10-18T13:31:11.403+0000][7][gc,age      ] GC(12) - age   1:    6013144 bytes,    6013144 total
[2023-10-18T13:31:11.403+0000][7][gc,phases   ] GC(12)   Pre Evacuate Collection Set: 0.0ms
[2023-10-18T13:31:11.403+0000][7][gc,phases   ] GC(12)   Merge Heap Roots: 0.0ms
[2023-10-18T13:31:11.403+0000][7][gc,phases   ] GC(12)   Evacuate Collection Set: 24.2ms
[2023-10-18T13:31:11.403+0000][7][gc,phases   ] GC(12)   Post Evacuate Collection Set: 1.3ms
[2023-10-18T13:31:11.403+0000][7][gc,phases   ] GC(12)   Other: 0.2ms
[2023-10-18T13:31:11.403+0000][7][gc,heap     ] GC(12) Eden regions: 66->0(73)
[2023-10-18T13:31:11.403+0000][7][gc,heap     ] GC(12) Survivor regions: 10->3(10)
[2023-10-18T13:31:11.403+0000][7][gc,heap     ] GC(12) Old regions: 2->11
[2023-10-18T13:31:11.403+0000][7][gc,heap     ] GC(12) Archive regions: 2->2
[2023-10-18T13:31:11.403+0000][7][gc,heap     ] GC(12) Humongous regions: 0->0
[2023-10-18T13:31:11.403+0000][7][gc,metaspace] GC(12) Metaspace: 51600K(52800K)->51600K(52800K) NonClass: 44617K(45312K)->44617K(45312K) Class: 6982K(7488K)->6982K(7488K)
[2023-10-18T13:31:11.403+0000][7][gc          ] GC(12) Pause Young (Normal) (G1 Evacuation Pause) 312M->57M(512M) 25.784ms
[2023-10-18T13:31:11.403+0000][7][gc,cpu      ] GC(12) User=0.16s Sys=0.00s Real=0.02s
[2023-10-18T13:31:11.403+0000][7][safepoint   ] Safepoint "G1CollectForAllocation", Time since last: 318504654 ns, Reaching safepoint: 21854 ns, At safepoint: 25843713 ns, Total: 25865567 ns
[2023-10-18T13:31:12.404+0000][7][safepoint   ] Safepoint "Cleanup", Time since last: 1000083390 ns, Reaching safepoint: 185499 ns, At safepoint: 3834 ns, Total: 189333 ns
[2023-10-18T13:31:13.517+0000][7][safepoint   ] Safepoint "Cleanup", Time since last: 1112545165 ns, Reaching safepoint: 312639 ns, At safepoint: 11010 ns, Total: 323649 ns
[2023-10-18T13:31:14.183+0000][7][gc,start    ] GC(13) Pause Young (Concurrent Start) (Metadata GC Threshold)
[2023-10-18T13:31:14.183+0000][7][gc,task     ] GC(13) Using 8 workers of 8 for evacuation
[2023-10-18T13:31:14.183+0000][7][gc,age      ] GC(13) Desired survivor size 20971520 bytes, new threshold 15 (max threshold 15)
[2023-10-18T13:31:14.206+0000][7][gc,age      ] GC(13) Age table with threshold 15 (max threshold 15)
[2023-10-18T13:31:14.206+0000][7][gc,age      ] GC(13) - age   1:    5137232 bytes,    5137232 total
[2023-10-18T13:31:14.206+0000][7][gc,age      ] GC(13) - age   2:    5830144 bytes,   10967376 total
[2023-10-18T13:31:14.206+0000][7][gc,phases   ] GC(13)   Pre Evacuate Collection Set: 0.2ms
[2023-10-18T13:31:14.207+0000][7][gc,phases   ] GC(13)   Merge Heap Roots: 0.1ms
[2023-10-18T13:31:14.207+0000][7][gc,phases   ] GC(13)   Evacuate Collection Set: 21.2ms
[2023-10-18T13:31:14.207+0000][7][gc,phases   ] GC(13)   Post Evacuate Collection Set: 1.0ms
[2023-10-18T13:31:14.207+0000][7][gc,phases   ] GC(13)   Other: 1.3ms
[2023-10-18T13:31:14.207+0000][7][gc,heap     ] GC(13) Eden regions: 51->0(73)
[2023-10-18T13:31:14.207+0000][7][gc,heap     ] GC(13) Survivor regions: 3->3(10)
[2023-10-18T13:31:14.207+0000][7][gc,heap     ] GC(13) Old regions: 11->11
[2023-10-18T13:31:14.208+0000][7][gc,heap     ] GC(13) Archive regions: 2->2
[2023-10-18T13:31:14.208+0000][7][gc,heap     ] GC(13) Humongous regions: 0->0
[2023-10-18T13:31:14.208+0000][7][gc,metaspace] GC(13) Metaspace: 59163K(60416K)->59163K(60416K) NonClass: 51139K(51840K)->51139K(51840K) Class: 8023K(8576K)->8023K(8576K)
[2023-10-18T13:31:14.208+0000][7][gc          ] GC(13) Pause Young (Concurrent Start) (Metadata GC Threshold) 261M->59M(512M) 25.610ms
[2023-10-18T13:31:14.208+0000][7][gc,cpu      ] GC(13) User=0.07s Sys=0.00s Real=0.03s
[2023-10-18T13:31:14.208+0000][7][gc          ] GC(14) Concurrent Mark Cycle
[2023-10-18T13:31:14.209+0000][7][gc,marking  ] GC(14) Concurrent Clear Claimed Marks
[2023-10-18T13:31:14.209+0000][7][gc,marking  ] GC(14) Concurrent Clear Claimed Marks 0.083ms
[2023-10-18T13:31:14.209+0000][7][gc,marking  ] GC(14) Concurrent Scan Root Regions
[2023-10-18T13:31:14.209+0000][7][safepoint   ] Safepoint "CollectForMetadataAllocation", Time since last: 665780252 ns, Reaching safepoint: 122189 ns, At safepoint: 26380860 ns, Total: 26503049 ns
[2023-10-18T13:31:14.223+0000][7][gc,marking  ] GC(14) Concurrent Scan Root Regions 14.260ms
[2023-10-18T13:31:14.223+0000][7][gc,marking  ] GC(14) Concurrent Mark
[2023-10-18T13:31:14.223+0000][7][gc,marking  ] GC(14) Concurrent Mark From Roots
[2023-10-18T13:31:14.223+0000][7][gc,task     ] GC(14) Using 2 workers of 2 for marking
[2023-10-18T13:31:14.311+0000][7][gc,marking  ] GC(14) Concurrent Mark From Roots 87.940ms
[2023-10-18T13:31:14.311+0000][7][gc,marking  ] GC(14) Concurrent Preclean
[2023-10-18T13:31:14.312+0000][7][gc,marking  ] GC(14) Concurrent Preclean 0.590ms
[2023-10-18T13:31:14.312+0000][7][gc,start    ] GC(14) Pause Remark
[2023-10-18T13:31:14.317+0000][7][gc          ] GC(14) Pause Remark 61M->61M(512M) 4.879ms
[2023-10-18T13:31:14.317+0000][7][gc,cpu      ] GC(14) User=0.02s Sys=0.00s Real=0.01s
[2023-10-18T13:31:14.317+0000][7][safepoint   ] Safepoint "G1Concurrent", Time since last: 103190098 ns, Reaching safepoint: 48117 ns, At safepoint: 5002757 ns, Total: 5050874 ns
[2023-10-18T13:31:14.318+0000][7][gc,marking  ] GC(14) Concurrent Mark 94.532ms
[2023-10-18T13:31:14.318+0000][7][gc,marking  ] GC(14) Concurrent Rebuild Remembered Sets
[2023-10-18T13:31:14.318+0000][7][gc,marking  ] GC(14) Concurrent Rebuild Remembered Sets 0.010ms
[2023-10-18T13:31:14.330+0000][7][gc,start    ] GC(14) Pause Cleanup
[2023-10-18T13:31:14.330+0000][7][gc          ] GC(14) Pause Cleanup 61M->61M(512M) 0.089ms
[2023-10-18T13:31:14.330+0000][7][gc,cpu      ] GC(14) User=0.00s Sys=0.00s Real=0.00s
[2023-10-18T13:31:14.330+0000][7][safepoint   ] Safepoint "G1Concurrent", Time since last: 479092 ns, Reaching safepoint: 12120079 ns, At safepoint: 149048 ns, Total: 12269127 ns
[2023-10-18T13:31:14.330+0000][7][gc,marking  ] GC(14) Concurrent Cleanup for Next Mark
[2023-10-18T13:31:14.331+0000][7][gc,marking  ] GC(14) Concurrent Cleanup for Next Mark 1.427ms
[2023-10-18T13:31:14.332+0000][7][gc          ] GC(14) Concurrent Mark Cycle 123.112ms
[2023-10-18T13:31:15.867+0000][7][safepoint   ] Safepoint "Cleanup", Time since last: 1536060633 ns, Reaching safepoint: 966785 ns, At safepoint: 11231 ns, Total: 978016 ns
[2023-10-18T13:31:17.296+0000][7][safepoint   ] Safepoint "Cleanup", Time since last: 1429064386 ns, Reaching safepoint: 290890 ns, At safepoint: 5831 ns, Total: 296721 ns
[2023-10-18T13:31:18.972+0000][7][safepoint   ] Safepoint "Cleanup", Time since last: 1675318380 ns, Reaching safepoint: 294473 ns, At safepoint: 8170 ns, Total: 302643 ns
[2023-10-18T13:31:20.033+0000][7][safepoint   ] Safepoint "ICBufferFull", Time since last: 1061293698 ns, Reaching safepoint: 285375 ns, At safepoint: 7915 ns, Total: 293290 ns
[2023-10-18T13:31:20.294+0000][7][safepoint   ] Safepoint "ICBufferFull", Time since last: 260740452 ns, Reaching safepoint: 163812 ns, At safepoint: 4995 ns, Total: 168807 ns
[2023-10-18T13:31:21.348+0000][7][safepoint   ] Safepoint "Cleanup", Time since last: 1053124347 ns, Reaching safepoint: 231833 ns, At safepoint: 9886 ns, Total: 241719 ns
[2023-10-18T13:31:21.913+0000][7][gc,start    ] GC(15) Pause Young (Normal) (G1 Evacuation Pause)
[2023-10-18T13:31:21.913+0000][7][gc,task     ] GC(15) Using 8 workers of 8 for evacuation
[2023-10-18T13:31:21.913+0000][7][gc,age      ] GC(15) Desired survivor size 20971520 bytes, new threshold 15 (max threshold 15)
[2023-10-18T13:31:21.957+0000][7][gc,age      ] GC(15) Age table with threshold 15 (max threshold 15)
[2023-10-18T13:31:21.957+0000][7][gc,age      ] GC(15) - age   1:   13830928 bytes,   13830928 total
[2023-10-18T13:31:21.957+0000][7][gc,age      ] GC(15) - age   2:    5003232 bytes,   18834160 total
[2023-10-18T13:31:21.957+0000][7][gc,age      ] GC(15) - age   3:    5677688 bytes,   24511848 total
[2023-10-18T13:31:21.957+0000][7][gc,phases   ] GC(15)   Pre Evacuate Collection Set: 0.1ms
[2023-10-18T13:31:21.957+0000][7][gc,phases   ] GC(15)   Merge Heap Roots: 0.1ms
[2023-10-18T13:31:21.957+0000][7][gc,phases   ] GC(15)   Evacuate Collection Set: 40.3ms
[2023-10-18T13:31:21.957+0000][7][gc,phases   ] GC(15)   Post Evacuate Collection Set: 3.5ms
[2023-10-18T13:31:21.957+0000][7][gc,phases   ] GC(15)   Other: 0.3ms
[2023-10-18T13:31:21.957+0000][7][gc,heap     ] GC(15) Eden regions: 73->0(69)
[2023-10-18T13:31:21.957+0000][7][gc,heap     ] GC(15) Survivor regions: 3->7(10)
[2023-10-18T13:31:21.957+0000][7][gc,heap     ] GC(15) Old regions: 11->11
[2023-10-18T13:31:21.957+0000][7][gc,heap     ] GC(15) Archive regions: 2->2
[2023-10-18T13:31:21.957+0000][7][gc,heap     ] GC(15) Humongous regions: 0->0
[2023-10-18T13:31:21.957+0000][7][gc,metaspace] GC(15) Metaspace: 94081K(95488K)->94081K(95488K) NonClass: 80878K(81728K)->80878K(81728K) Class: 13203K(13760K)->13203K(13760K)
[2023-10-18T13:31:21.957+0000][7][gc          ] GC(15) Pause Young (Normal) (G1 Evacuation Pause) 351M->72M(512M) 44.320ms
[2023-10-18T13:31:21.957+0000][7][gc,cpu      ] GC(15) User=0.14s Sys=0.00s Real=0.05s
[2023-10-18T13:31:21.957+0000][7][safepoint   ] Safepoint "G1CollectForAllocation", Time since last: 564986944 ns, Reaching safepoint: 137562 ns, At safepoint: 44451618 ns, Total: 44589180 ns
[2023-10-18T13:31:23.229+0000][7][safepoint   ] Safepoint "ICBufferFull", Time since last: 1266326343 ns, Reaching safepoint: 5602109 ns, At safepoint: 24791 ns, Total: 5626900 ns
[2023-10-18T13:31:24.466+0000][7][safepoint   ] Safepoint "Cleanup", Time since last: 1236261551 ns, Reaching safepoint: 158829 ns, At safepoint: 6944 ns, Total: 165773 ns
[2023-10-18T13:31:24.585+0000][7][gc,start    ] GC(16) Pause Young (Concurrent Start) (Metadata GC Threshold)
[2023-10-18T13:31:24.585+0000][7][gc,task     ] GC(16) Using 8 workers of 8 for evacuation
[2023-10-18T13:31:24.585+0000][7][gc,age      ] GC(16) Desired survivor size 20971520 bytes, new threshold 3 (max threshold 15)
[2023-10-18T13:31:24.729+0000][7][gc,age      ] GC(16) Age table with threshold 3 (max threshold 15)
[2023-10-18T13:31:24.729+0000][7][gc,age      ] GC(16) - age   1:    8549592 bytes,    8549592 total
[2023-10-18T13:31:24.729+0000][7][gc,age      ] GC(16) - age   2:   13285600 bytes,   21835192 total
[2023-10-18T13:31:24.729+0000][7][gc,age      ] GC(16) - age   3:    4998472 bytes,   26833664 total
[2023-10-18T13:31:24.730+0000][7][gc,phases   ] GC(16)   Pre Evacuate Collection Set: 0.2ms
[2023-10-18T13:31:24.730+0000][7][gc,phases   ] GC(16)   Merge Heap Roots: 0.2ms
[2023-10-18T13:31:24.730+0000][7][gc,phases   ] GC(16)   Evacuate Collection Set: 135.8ms
[2023-10-18T13:31:24.730+0000][7][gc,phases   ] GC(16)   Post Evacuate Collection Set: 7.0ms
[2023-10-18T13:31:24.730+0000][7][gc,phases   ] GC(16)   Other: 1.6ms
[2023-10-18T13:31:24.731+0000][7][gc,heap     ] GC(16) Eden regions: 27->0(69)
[2023-10-18T13:31:24.731+0000][7][gc,heap     ] GC(16) Survivor regions: 7->7(10)
[2023-10-18T13:31:24.731+0000][7][gc,heap     ] GC(16) Old regions: 11->13
[2023-10-18T13:31:24.731+0000][7][gc,heap     ] GC(16) Archive regions: 2->2
[2023-10-18T13:31:24.731+0000][7][gc,heap     ] GC(16) Humongous regions: 5->5
[2023-10-18T13:31:24.732+0000][7][gc,metaspace] GC(16) Metaspace: 99737K(101120K)->99737K(101120K) NonClass: 85719K(86528K)->85719K(86528K) Class: 14018K(14592K)->14018K(14592K)
[2023-10-18T13:31:24.732+0000][7][gc          ] GC(16) Pause Young (Concurrent Start) (Metadata GC Threshold) 199M->100M(512M) 147.028ms
[2023-10-18T13:31:24.732+0000][7][gc,cpu      ] GC(16) User=0.13s Sys=0.01s Real=0.15s
[2023-10-18T13:31:24.732+0000][7][safepoint   ] Safepoint "CollectForMetadataAllocation", Time since last: 119035481 ns, Reaching safepoint: 139778 ns, At safepoint: 147569420 ns, Total: 147709198 ns
[2023-10-18T13:31:24.736+0000][7][gc          ] GC(17) Concurrent Mark Cycle
[2023-10-18T13:31:24.736+0000][7][gc,marking  ] GC(17) Concurrent Clear Claimed Marks
[2023-10-18T13:31:24.736+0000][7][gc,marking  ] GC(17) Concurrent Clear Claimed Marks 0.106ms
[2023-10-18T13:31:24.736+0000][7][gc,marking  ] GC(17) Concurrent Scan Root Regions
[2023-10-18T13:31:24.780+0000][7][gc,marking  ] GC(17) Concurrent Scan Root Regions 43.421ms
[2023-10-18T13:31:24.780+0000][7][gc,marking  ] GC(17) Concurrent Mark
[2023-10-18T13:31:24.780+0000][7][gc,marking  ] GC(17) Concurrent Mark From Roots
[2023-10-18T13:31:24.780+0000][7][gc,task     ] GC(17) Using 2 workers of 2 for marking
[2023-10-18T13:31:24.802+0000][7][safepoint   ] Safepoint "CollectForMetadataAllocation", Time since last: 66892919 ns, Reaching safepoint: 2876967 ns, At safepoint: 122326 ns, Total: 2999293 ns
[2023-10-18T13:31:24.806+0000][7][safepoint   ] Safepoint "CollectForMetadataAllocation", Time since last: 3943107 ns, Reaching safepoint: 167144 ns, At safepoint: 20128 ns, Total: 187272 ns
[2023-10-18T13:31:24.912+0000][7][safepoint   ] Safepoint "CollectForMetadataAllocation", Time since last: 103774341 ns, Reaching safepoint: 2015520 ns, At safepoint: 103243 ns, Total: 2118763 ns
[2023-10-18T13:31:25.014+0000][7][safepoint   ] Safepoint "CollectForMetadataAllocation", Time since last: 90100179 ns, Reaching safepoint: 11394597 ns, At safepoint: 91083 ns, Total: 11485680 ns
[2023-10-18T13:31:25.031+0000][7][gc,marking  ] GC(17) Concurrent Mark From Roots 250.859ms
[2023-10-18T13:31:25.031+0000][7][gc,marking  ] GC(17) Concurrent Preclean
[2023-10-18T13:31:25.032+0000][7][gc,marking  ] GC(17) Concurrent Preclean 0.511ms
[2023-10-18T13:31:25.033+0000][7][gc,start    ] GC(17) Pause Remark
[2023-10-18T13:31:25.050+0000][7][gc          ] GC(17) Pause Remark 122M->122M(512M) 17.269ms
[2023-10-18T13:31:25.050+0000][7][gc,cpu      ] GC(17) User=0.03s Sys=0.00s Real=0.02s
[2023-10-18T13:31:25.050+0000][7][safepoint   ] Safepoint "G1Concurrent", Time since last: 18248842 ns, Reaching safepoint: 330847 ns, At safepoint: 17886669 ns, Total: 18217516 ns
[2023-10-18T13:31:25.051+0000][7][gc,marking  ] GC(17) Concurrent Mark 270.495ms
[2023-10-18T13:31:25.051+0000][7][gc,marking  ] GC(17) Concurrent Rebuild Remembered Sets
[2023-10-18T13:31:25.250+0000][7][gc,marking  ] GC(17) Concurrent Rebuild Remembered Sets 199.626ms
[2023-10-18T13:31:25.256+0000][7][gc,start    ] GC(17) Pause Cleanup
[2023-10-18T13:31:25.260+0000][7][gc          ] GC(17) Pause Cleanup 128M->128M(512M) 3.673ms
[2023-10-18T13:31:25.260+0000][7][gc,cpu      ] GC(17) User=0.01s Sys=0.00s Real=0.00s
[2023-10-18T13:31:25.260+0000][7][safepoint   ] Safepoint "G1Concurrent", Time since last: 200343559 ns, Reaching safepoint: 5587392 ns, At safepoint: 3841328 ns, Total: 9428720 ns
[2023-10-18T13:31:25.260+0000][7][gc,marking  ] GC(17) Concurrent Cleanup for Next Mark
[2023-10-18T13:31:25.264+0000][7][gc,marking  ] GC(17) Concurrent Cleanup for Next Mark 3.730ms
[2023-10-18T13:31:25.264+0000][7][gc          ] GC(17) Concurrent Mark Cycle 528.071ms
[2023-10-18T13:31:26.410+0000][7][safepoint   ] Safepoint "Cleanup", Time since last: 1149447099 ns, Reaching safepoint: 143960 ns, At safepoint: 12512 ns, Total: 156472 ns
[2023-10-18T13:31:27.417+0000][7][safepoint   ] Safepoint "Cleanup", Time since last: 1000878066 ns, Reaching safepoint: 5823987 ns, At safepoint: 53702 ns, Total: 5877689 ns
[2023-10-18T13:31:28.417+0000][7][safepoint   ] Safepoint "Cleanup", Time since last: 1000366283 ns, Reaching safepoint: 96558 ns, At safepoint: 5232 ns, Total: 101790 ns
[2023-10-18T13:31:29.417+0000][7][safepoint   ] Safepoint "Cleanup", Time since last: 1000352058 ns, Reaching safepoint: 101805 ns, At safepoint: 9819 ns, Total: 111624 ns
[2023-10-18T13:31:30.418+0000][7][safepoint   ] Safepoint "Cleanup", Time since last: 1000131460 ns, Reaching safepoint: 53475 ns, At safepoint: 4712 ns, Total: 58187 ns
[2023-10-18T13:31:32.308+0000][7][safepoint   ] Safepoint "Cleanup", Time since last: 1889955797 ns, Reaching safepoint: 35899 ns, At safepoint: 3067 ns, Total: 38966 ns
[2023-10-18T13:31:33.308+0000][7][safepoint   ] Safepoint "Cleanup", Time since last: 1000554713 ns, Reaching safepoint: 78343 ns, At safepoint: 4853 ns, Total: 83196 ns
[2023-10-18T13:31:34.309+0000][7][safepoint   ] Safepoint "Cleanup", Time since last: 1000581947 ns, Reaching safepoint: 100244 ns, At safepoint: 11453 ns, Total: 111697 ns
[2023-10-18T13:31:36.027+0000][7][safepoint   ] Safepoint "Cleanup", Time since last: 1718276549 ns, Reaching safepoint: 58880 ns, At safepoint: 2805 ns, Total: 61685 ns
[2023-10-18T13:31:37.045+0000][7][safepoint   ] Safepoint "Cleanup", Time since last: 1017706111 ns, Reaching safepoint: 179309 ns, At safepoint: 8320 ns, Total: 187629 ns
[2023-10-18T13:31:37.740+0000][7][safepoint   ] Safepoint "ICBufferFull", Time since last: 694330149 ns, Reaching safepoint: 273927 ns, At safepoint: 8667 ns, Total: 282594 ns
[2023-10-18T13:31:38.011+0000][7][gc,start    ] GC(18) Pause Young (Concurrent Start) (G1 Evacuation Pause)
[2023-10-18T13:31:38.011+0000][7][gc,task     ] GC(18) Using 8 workers of 8 for evacuation
[2023-10-18T13:31:38.011+0000][7][gc,age      ] GC(18) Desired survivor size 20971520 bytes, new threshold 2 (max threshold 15)
[2023-10-18T13:31:38.102+0000][7][gc,age      ] GC(18) Age table with threshold 2 (max threshold 15)
[2023-10-18T13:31:38.102+0000][7][gc,age      ] GC(18) - age   1:    9174232 bytes,    9174232 total
[2023-10-18T13:31:38.102+0000][7][gc,age      ] GC(18) - age   2:    8176312 bytes,   17350544 total
[2023-10-18T13:31:38.102+0000][7][gc,phases   ] GC(18)   Pre Evacuate Collection Set: 0.2ms
[2023-10-18T13:31:38.103+0000][7][gc,phases   ] GC(18)   Merge Heap Roots: 0.3ms
[2023-10-18T13:31:38.103+0000][7][gc,phases   ] GC(18)   Evacuate Collection Set: 77.7ms
[2023-10-18T13:31:38.103+0000][7][gc,phases   ] GC(18)   Post Evacuate Collection Set: 12.2ms
[2023-10-18T13:31:38.103+0000][7][gc,phases   ] GC(18)   Other: 1.4ms
[2023-10-18T13:31:38.103+0000][7][gc,heap     ] GC(18) Eden regions: 69->0(69)
[2023-10-18T13:31:38.104+0000][7][gc,heap     ] GC(18) Survivor regions: 7->5(10)
[2023-10-18T13:31:38.104+0000][7][gc,heap     ] GC(18) Old regions: 13->17
[2023-10-18T13:31:38.104+0000][7][gc,heap     ] GC(18) Archive regions: 2->2
[2023-10-18T13:31:38.104+0000][7][gc,heap     ] GC(18) Humongous regions: 5->5
[2023-10-18T13:31:38.104+0000][7][gc,metaspace] GC(18) Metaspace: 105572K(107072K)->105572K(107072K) NonClass: 90793K(91648K)->90793K(91648K) Class: 14779K(15424K)->14779K(15424K)
[2023-10-18T13:31:38.105+0000][7][gc          ] GC(18) Pause Young (Concurrent Start) (G1 Evacuation Pause) 376M->109M(512M) 93.950ms
[2023-10-18T13:31:38.105+0000][7][gc,cpu      ] GC(18) User=0.23s Sys=0.01s Real=0.09s
[2023-10-18T13:31:38.105+0000][7][gc          ] GC(19) Concurrent Mark Cycle
[2023-10-18T13:31:38.105+0000][7][gc,marking  ] GC(19) Concurrent Clear Claimed Marks
[2023-10-18T13:31:38.106+0000][7][safepoint   ] Safepoint "G1CollectForAllocation", Time since last: 267663834 ns, Reaching safepoint: 3222818 ns, At safepoint: 94962174 ns, Total: 98184992 ns
[2023-10-18T13:31:38.106+0000][7][gc,marking  ] GC(19) Concurrent Clear Claimed Marks 0.920ms
[2023-10-18T13:31:38.108+0000][7][gc,marking  ] GC(19) Concurrent Scan Root Regions
[2023-10-18T13:31:38.158+0000][7][gc,marking  ] GC(19) Concurrent Scan Root Regions 50.697ms
[2023-10-18T13:31:38.159+0000][7][gc,marking  ] GC(19) Concurrent Mark
[2023-10-18T13:31:38.159+0000][7][gc,marking  ] GC(19) Concurrent Mark From Roots
[2023-10-18T13:31:38.159+0000][7][gc,task     ] GC(19) Using 2 workers of 2 for marking
[2023-10-18T13:31:38.339+0000][7][gc,marking  ] GC(19) Concurrent Mark From Roots 180.006ms
[2023-10-18T13:31:38.339+0000][7][gc,marking  ] GC(19) Concurrent Preclean
[2023-10-18T13:31:38.340+0000][7][gc,marking  ] GC(19) Concurrent Preclean 0.680ms
[2023-10-18T13:31:38.340+0000][7][gc,start    ] GC(19) Pause Remark
[2023-10-18T13:31:38.353+0000][7][gc          ] GC(19) Pause Remark 117M->117M(512M) 12.399ms
[2023-10-18T13:31:38.353+0000][7][gc,cpu      ] GC(19) User=0.02s Sys=0.00s Real=0.01s
[2023-10-18T13:31:38.353+0000][7][safepoint   ] Safepoint "G1Concurrent", Time since last: 234504630 ns, Reaching safepoint: 113201 ns, At safepoint: 12958405 ns, Total: 13071606 ns
[2023-10-18T13:31:38.353+0000][7][gc,marking  ] GC(19) Concurrent Mark 194.704ms
[2023-10-18T13:31:38.354+0000][7][gc,marking  ] GC(19) Concurrent Rebuild Remembered Sets
[2023-10-18T13:31:38.446+0000][7][gc,marking  ] GC(19) Concurrent Rebuild Remembered Sets 92.483ms
[2023-10-18T13:31:38.446+0000][7][gc,start    ] GC(19) Pause Cleanup
[2023-10-18T13:31:38.447+0000][7][gc          ] GC(19) Pause Cleanup 119M->119M(512M) 0.134ms
[2023-10-18T13:31:38.447+0000][7][gc,cpu      ] GC(19) User=0.00s Sys=0.00s Real=0.00s
[2023-10-18T13:31:38.447+0000][7][safepoint   ] Safepoint "G1Concurrent", Time since last: 92952038 ns, Reaching safepoint: 188268 ns, At safepoint: 197415 ns, Total: 385683 ns
[2023-10-18T13:31:38.447+0000][7][gc,marking  ] GC(19) Concurrent Cleanup for Next Mark
[2023-10-18T13:31:38.449+0000][7][gc,marking  ] GC(19) Concurrent Cleanup for Next Mark 2.513ms
[2023-10-18T13:31:38.449+0000][7][gc          ] GC(19) Concurrent Mark Cycle 343.902ms
[2023-10-18T13:31:39.155+0000][7][safepoint   ] Safepoint "ICBufferFull", Time since last: 708316095 ns, Reaching safepoint: 240469 ns, At safepoint: 5158 ns, Total: 245627 ns
[2023-10-18T13:31:40.155+0000][7][safepoint   ] Safepoint "Cleanup", Time since last: 1000135756 ns, Reaching safepoint: 139700 ns, At safepoint: 6355 ns, Total: 146055 ns
[2023-10-18T13:31:41.156+0000][7][safepoint   ] Safepoint "Cleanup", Time since last: 1000341126 ns, Reaching safepoint: 48249 ns, At safepoint: 4677 ns, Total: 52926 ns
[2023-10-18T13:31:42.156+0000][7][safepoint   ] Safepoint "Cleanup", Time since last: 1000131119 ns, Reaching safepoint: 92231 ns, At safepoint: 4197 ns, Total: 96428 ns
[2023-10-18T13:31:42.774+0000][7][safepoint   ] Safepoint "ICBufferFull", Time since last: 617792968 ns, Reaching safepoint: 162415 ns, At safepoint: 7551 ns, Total: 169966 ns
[2023-10-18T13:31:43.252+0000][7][safepoint   ] Safepoint "ICBufferFull", Time since last: 477382750 ns, Reaching safepoint: 144679 ns, At safepoint: 13526 ns, Total: 158205 ns
[2023-10-18T13:31:44.264+0000][7][safepoint   ] Safepoint "ICBufferFull", Time since last: 1004411377 ns, Reaching safepoint: 8416376 ns, At safepoint: 23534 ns, Total: 8439910 ns
[2023-10-18T13:31:45.267+0000][7][safepoint   ] Safepoint "Cleanup", Time since last: 1002429360 ns, Reaching safepoint: 131226 ns, At safepoint: 7723 ns, Total: 138949 ns
[2023-10-18T13:31:45.543+0000][7][safepoint   ] Safepoint "ICBufferFull", Time since last: 275771437 ns, Reaching safepoint: 257570 ns, At safepoint: 26107 ns, Total: 283677 ns
[2023-10-18T13:31:45.683+0000][7][safepoint   ] Safepoint "ICBufferFull", Time since last: 138787707 ns, Reaching safepoint: 1061615 ns, At safepoint: 30229 ns, Total: 1091844 ns
[2023-10-18T13:31:46.474+0000][7][safepoint   ] Safepoint "ICBufferFull", Time since last: 790891169 ns, Reaching safepoint: 254554 ns, At safepoint: 9922 ns, Total: 264476 ns
[2023-10-18T13:31:47.486+0000][7][safepoint   ] Safepoint "Cleanup", Time since last: 1006904324 ns, Reaching safepoint: 5021228 ns, At safepoint: 37414 ns, Total: 5058642 ns
[2023-10-18T13:31:48.441+0000][7][gc,start    ] GC(20) Pause Young (Normal) (G1 Evacuation Pause)
[2023-10-18T13:31:48.441+0000][7][gc,task     ] GC(20) Using 8 workers of 8 for evacuation
[2023-10-18T13:31:48.441+0000][7][gc,age      ] GC(20) Desired survivor size 20971520 bytes, new threshold 15 (max threshold 15)
[2023-10-18T13:31:48.487+0000][7][gc,age      ] GC(20) Age table with threshold 15 (max threshold 15)
[2023-10-18T13:31:48.487+0000][7][gc,age      ] GC(20) - age   1:    7575544 bytes,    7575544 total
[2023-10-18T13:31:48.488+0000][7][gc,age      ] GC(20) - age   2:    4776280 bytes,   12351824 total
[2023-10-18T13:31:48.488+0000][7][gc,age      ] GC(20) - age   3:    6739008 bytes,   19090832 total
[2023-10-18T13:31:48.488+0000][7][gc,phases   ] GC(20)   Pre Evacuate Collection Set: 0.1ms
[2023-10-18T13:31:48.488+0000][7][gc,phases   ] GC(20)   Merge Heap Roots: 0.2ms
[2023-10-18T13:31:48.488+0000][7][gc,phases   ] GC(20)   Evacuate Collection Set: 42.0ms
[2023-10-18T13:31:48.489+0000][7][gc,phases   ] GC(20)   Post Evacuate Collection Set: 3.5ms
[2023-10-18T13:31:48.489+0000][7][gc,phases   ] GC(20)   Other: 1.2ms
[2023-10-18T13:31:48.489+0000][7][gc,heap     ] GC(20) Eden regions: 69->0(70)
[2023-10-18T13:31:48.489+0000][7][gc,heap     ] GC(20) Survivor regions: 5->5(10)
[2023-10-18T13:31:48.489+0000][7][gc,heap     ] GC(20) Old regions: 17->17
[2023-10-18T13:31:48.489+0000][7][gc,heap     ] GC(20) Archive regions: 2->2
[2023-10-18T13:31:48.490+0000][7][gc,heap     ] GC(20) Humongous regions: 5->5
[2023-10-18T13:31:48.490+0000][7][gc,metaspace] GC(20) Metaspace: 109975K(111488K)->109975K(111488K) NonClass: 94785K(95680K)->94785K(95680K) Class: 15190K(15808K)->15190K(15808K)
[2023-10-18T13:31:48.490+0000][7][gc          ] GC(20) Pause Young (Normal) (G1 Evacuation Pause) 385M->110M(512M) 49.129ms
[2023-10-18T13:31:48.490+0000][7][gc,cpu      ] GC(20) User=0.08s Sys=0.00s Real=0.05s
[2023-10-18T13:31:48.491+0000][7][safepoint   ] Safepoint "G1CollectForAllocation", Time since last: 954292029 ns, Reaching safepoint: 137250 ns, At safepoint: 50056202 ns, Total: 50193452 ns
[2023-10-18T13:31:49.027+0000][7][safepoint   ] Safepoint "ICBufferFull", Time since last: 536160989 ns, Reaching safepoint: 219754 ns, At safepoint: 7927 ns, Total: 227681 ns
[2023-10-18T13:31:49.456+0000][7][safepoint   ] Safepoint "ICBufferFull", Time since last: 427919134 ns, Reaching safepoint: 775296 ns, At safepoint: 31478 ns, Total: 806774 ns
[2023-10-18T13:31:50.456+0000][7][safepoint   ] Safepoint "Cleanup", Time since last: 1000130628 ns, Reaching safepoint: 146131 ns, At safepoint: 10084 ns, Total: 156215 ns
[2023-10-18T13:31:51.061+0000][7][safepoint   ] Safepoint "ICBufferFull", Time since last: 605057231 ns, Reaching safepoint: 251126 ns, At safepoint: 17480 ns, Total: 268606 ns
[2023-10-18T13:31:51.364+0000][7][gc,start    ] GC(21) Pause Young (Normal) (G1 Evacuation Pause)
[2023-10-18T13:31:51.364+0000][7][gc,task     ] GC(21) Using 8 workers of 8 for evacuation
[2023-10-18T13:31:51.365+0000][7][gc,age      ] GC(21) Desired survivor size 20971520 bytes, new threshold 15 (max threshold 15)
[2023-10-18T13:31:51.408+0000][7][gc,age      ] GC(21) Age table with threshold 15 (max threshold 15)
[2023-10-18T13:31:51.408+0000][7][gc,age      ] GC(21) - age   1:   11459944 bytes,   11459944 total
[2023-10-18T13:31:51.408+0000][7][gc,age      ] GC(21) - age   2:    5558544 bytes,   17018488 total
[2023-10-18T13:31:51.408+0000][7][gc,age      ] GC(21) - age   3:    4765264 bytes,   21783752 total
[2023-10-18T13:31:51.409+0000][7][gc,age      ] GC(21) - age   4:    6736280 bytes,   28520032 total
[2023-10-18T13:31:51.409+0000][7][gc,phases   ] GC(21)   Pre Evacuate Collection Set: 0.1ms
[2023-10-18T13:31:51.409+0000][7][gc,phases   ] GC(21)   Merge Heap Roots: 0.2ms
[2023-10-18T13:31:51.409+0000][7][gc,phases   ] GC(21)   Evacuate Collection Set: 41.2ms
[2023-10-18T13:31:51.409+0000][7][gc,phases   ] GC(21)   Post Evacuate Collection Set: 1.4ms
[2023-10-18T13:31:51.409+0000][7][gc,phases   ] GC(21)   Other: 1.7ms
[2023-10-18T13:31:51.410+0000][7][gc,heap     ] GC(21) Eden regions: 70->0(67)
[2023-10-18T13:31:51.410+0000][7][gc,heap     ] GC(21) Survivor regions: 5->8(10)
[2023-10-18T13:31:51.410+0000][7][gc,heap     ] GC(21) Old regions: 17->17
[2023-10-18T13:31:51.410+0000][7][gc,heap     ] GC(21) Archive regions: 2->2
[2023-10-18T13:31:51.410+0000][7][gc,heap     ] GC(21) Humongous regions: 5->5
[2023-10-18T13:31:51.411+0000][7][gc,metaspace] GC(21) Metaspace: 111779K(113472K)->111779K(113472K) NonClass: 96372K(97344K)->96372K(97344K) Class: 15407K(16128K)->15407K(16128K)
[2023-10-18T13:31:51.411+0000][7][gc          ] GC(21) Pause Young (Normal) (G1 Evacuation Pause) 390M->119M(512M) 46.649ms
[2023-10-18T13:31:51.411+0000][7][gc,cpu      ] GC(21) User=0.17s Sys=0.00s Real=0.05s
[2023-10-18T13:31:51.411+0000][7][safepoint   ] Safepoint "G1CollectForAllocation", Time since last: 302633518 ns, Reaching safepoint: 264374 ns, At safepoint: 47073493 ns, Total: 47337867 ns
[2023-10-18T13:31:52.201+0000][7][safepoint   ] Safepoint "ICBufferFull", Time since last: 788102305 ns, Reaching safepoint: 2049893 ns, At safepoint: 51895 ns, Total: 2101788 ns
[2023-10-18T13:31:52.971+0000][7][safepoint   ] Safepoint "ICBufferFull", Time since last: 768837696 ns, Reaching safepoint: 888754 ns, At safepoint: 15056 ns, Total: 903810 ns
[2023-10-18T13:31:53.239+0000][7][safepoint   ] Safepoint "ICBufferFull", Time since last: 267578451 ns, Reaching safepoint: 146356 ns, At safepoint: 4656 ns, Total: 151012 ns
[2023-10-18T13:31:54.005+0000][7][safepoint   ] Safepoint "ICBufferFull", Time since last: 765603085 ns, Reaching safepoint: 256613 ns, At safepoint: 14901 ns, Total: 271514 ns
[2023-10-18T13:31:54.201+0000][7][safepoint   ] Safepoint "ICBufferFull", Time since last: 195602455 ns, Reaching safepoint: 185202 ns, At safepoint: 10716 ns, Total: 195918 ns
[2023-10-18T13:31:54.515+0000][7][safepoint   ] Safepoint "ICBufferFull", Time since last: 313769966 ns, Reaching safepoint: 184545 ns, At safepoint: 9919 ns, Total: 194464 ns
[2023-10-18T13:31:55.362+0000][7][safepoint   ] Safepoint "ICBufferFull", Time since last: 846840816 ns, Reaching safepoint: 154142 ns, At safepoint: 8721 ns, Total: 162863 ns
[2023-10-18T13:31:56.362+0000][7][safepoint   ] Safepoint "Cleanup", Time since last: 1000135869 ns, Reaching safepoint: 181120 ns, At safepoint: 10938 ns, Total: 192058 ns
[2023-10-18T13:31:57.362+0000][7][safepoint   ] Safepoint "Cleanup", Time since last: 1000139468 ns, Reaching safepoint: 125419 ns, At safepoint: 10108 ns, Total: 135527 ns
[2023-10-18T13:31:58.362+0000][7][safepoint   ] Safepoint "Cleanup", Time since last: 1000116487 ns, Reaching safepoint: 140247 ns, At safepoint: 7688 ns, Total: 147935 ns
[2023-10-18T13:31:59.363+0000][7][safepoint   ] Safepoint "Cleanup", Time since last: 1000118506 ns, Reaching safepoint: 113689 ns, At safepoint: 16069 ns, Total: 129758 ns
[2023-10-18T13:32:00.003+0000][7][gc,start    ] GC(22) Pause Young (Normal) (G1 Evacuation Pause)
[2023-10-18T13:32:00.003+0000][7][gc,task     ] GC(22) Using 8 workers of 8 for evacuation
[2023-10-18T13:32:00.003+0000][7][gc,age      ] GC(22) Desired survivor size 20971520 bytes, new threshold 3 (max threshold 15)
[2023-10-18T13:32:00.035+0000][7][gc,age      ] GC(22) Age table with threshold 3 (max threshold 15)
[2023-10-18T13:32:00.035+0000][7][gc,age      ] GC(22) - age   1:    2502328 bytes,    2502328 total
[2023-10-18T13:32:00.035+0000][7][gc,age      ] GC(22) - age   2:    2496968 bytes,    4999296 total
[2023-10-18T13:32:00.035+0000][7][gc,age      ] GC(22) - age   3:    4617680 bytes,    9616976 total
[2023-10-18T13:32:00.035+0000][7][gc,phases   ] GC(22)   Pre Evacuate Collection Set: 0.1ms
[2023-10-18T13:32:00.035+0000][7][gc,phases   ] GC(22)   Merge Heap Roots: 0.1ms
[2023-10-18T13:32:00.035+0000][7][gc,phases   ] GC(22)   Evacuate Collection Set: 29.8ms
[2023-10-18T13:32:00.035+0000][7][gc,phases   ] GC(22)   Post Evacuate Collection Set: 1.4ms
[2023-10-18T13:32:00.035+0000][7][gc,phases   ] GC(22)   Other: 0.3ms
[2023-10-18T13:32:00.035+0000][7][gc,heap     ] GC(22) Eden regions: 67->0(70)
[2023-10-18T13:32:00.035+0000][7][gc,heap     ] GC(22) Survivor regions: 8->3(10)
[2023-10-18T13:32:00.035+0000][7][gc,heap     ] GC(22) Old regions: 17->20
[2023-10-18T13:32:00.035+0000][7][gc,heap     ] GC(22) Archive regions: 2->2
[2023-10-18T13:32:00.035+0000][7][gc,heap     ] GC(22) Humongous regions: 5->5
[2023-10-18T13:32:00.035+0000][7][gc,metaspace] GC(22) Metaspace: 112819K(114432K)->112819K(114432K) NonClass: 97373K(98304K)->97373K(98304K) Class: 15446K(16128K)->15446K(16128K)
[2023-10-18T13:32:00.035+0000][7][gc          ] GC(22) Pause Young (Normal) (G1 Evacuation Pause) 387M->113M(512M) 31.777ms
[2023-10-18T13:32:00.035+0000][7][gc,cpu      ] GC(22) User=0.06s Sys=0.01s Real=0.03s
[2023-10-18T13:32:00.035+0000][7][safepoint   ] Safepoint "G1CollectForAllocation", Time since last: 640520273 ns, Reaching safepoint: 160594 ns, At safepoint: 31881877 ns, Total: 32042471 ns
[2023-10-18T13:32:00.473+0000][7][safepoint   ] Safepoint "ICBufferFull", Time since last: 437883402 ns, Reaching safepoint: 140400 ns, At safepoint: 14721 ns, Total: 155121 ns
[2023-10-18T13:32:01.465+0000][7][safepoint   ] Safepoint "ICBufferFull", Time since last: 991163681 ns, Reaching safepoint: 132274 ns, At safepoint: 4640 ns, Total: 136914 ns
[2023-10-18T13:32:02.465+0000][7][safepoint   ] Safepoint "Cleanup", Time since last: 1000094967 ns, Reaching safepoint: 79011 ns, At safepoint: 6817 ns, Total: 85828 ns
[2023-10-18T13:32:03.420+0000][7][safepoint   ] Safepoint "ICBufferFull", Time since last: 955099330 ns, Reaching safepoint: 173870 ns, At safepoint: 7735 ns, Total: 181605 ns
[2023-10-18T13:32:04.420+0000][7][safepoint   ] Safepoint "Cleanup", Time since last: 1000115421 ns, Reaching safepoint: 90785 ns, At safepoint: 8059 ns, Total: 98844 ns
[2023-10-18T13:32:05.421+0000][7][safepoint   ] Safepoint "Cleanup", Time since last: 1000327580 ns, Reaching safepoint: 55010 ns, At safepoint: 6347 ns, Total: 61357 ns
[2023-10-18T13:32:06.421+0000][7][safepoint   ] Safepoint "Cleanup", Time since last: 1000090556 ns, Reaching safepoint: 91595 ns, At safepoint: 9615 ns, Total: 101210 ns
[2023-10-18T13:32:07.421+0000][7][safepoint   ] Safepoint "Cleanup", Time since last: 1000105682 ns, Reaching safepoint: 103482 ns, At safepoint: 7096 ns, Total: 110578 ns
[2023-10-18T13:32:08.421+0000][7][safepoint   ] Safepoint "Cleanup", Time since last: 1000098626 ns, Reaching safepoint: 60802 ns, At safepoint: 5001 ns, Total: 65803 ns
[2023-10-18T13:32:09.421+0000][7][safepoint   ] Safepoint "Cleanup", Time since last: 1000115799 ns, Reaching safepoint: 118695 ns, At safepoint: 7412 ns, Total: 126107 ns
[2023-10-18T13:32:10.422+0000][7][safepoint   ] Safepoint "Cleanup", Time since last: 1000111205 ns, Reaching safepoint: 114655 ns, At safepoint: 7159 ns, Total: 121814 ns
[2023-10-18T13:32:11.422+0000][7][safepoint   ] Safepoint "Cleanup", Time since last: 1000160302 ns, Reaching safepoint: 184798 ns, At safepoint: 7131 ns, Total: 191929 ns
[2023-10-18T13:32:12.422+0000][7][safepoint   ] Safepoint "Cleanup", Time since last: 1000152557 ns, Reaching safepoint: 54738 ns, At safepoint: 5629 ns, Total: 60367 ns
[2023-10-18T13:32:13.422+0000][7][safepoint   ] Safepoint "Cleanup", Time since last: 1000112736 ns, Reaching safepoint: 133885 ns, At safepoint: 7038 ns, Total: 140923 ns
[2023-10-18T13:32:14.423+0000][7][safepoint   ] Safepoint "Cleanup", Time since last: 1000109019 ns, Reaching safepoint: 59742 ns, At safepoint: 8183 ns, Total: 67925 ns
[2023-10-18T13:32:15.687+0000][7][safepoint   ] Safepoint "Cleanup", Time since last: 1264175595 ns, Reaching safepoint: 204022 ns, At safepoint: 16036 ns, Total: 220058 ns
[2023-10-18T13:32:16.687+0000][7][safepoint   ] Safepoint "Cleanup", Time since last: 1000122888 ns, Reaching safepoint: 106458 ns, At safepoint: 14021 ns, Total: 120479 ns
[2023-10-18T13:32:17.719+0000][7][safepoint   ] Safepoint "Cleanup", Time since last: 1031861734 ns, Reaching safepoint: 72201 ns, At safepoint: 4001 ns, Total: 76202 ns
[2023-10-18T13:32:18.451+0000][7][gc,start    ] GC(23) Pause Young (Normal) (G1 Evacuation Pause)
[2023-10-18T13:32:18.451+0000][7][gc,task     ] GC(23) Using 8 workers of 8 for evacuation
[2023-10-18T13:32:18.452+0000][7][gc,age      ] GC(23) Desired survivor size 20971520 bytes, new threshold 15 (max threshold 15)
[2023-10-18T13:32:18.463+0000][7][gc,age      ] GC(23) Age table with threshold 15 (max threshold 15)
[2023-10-18T13:32:18.463+0000][7][gc,age      ] GC(23) - age   1:    1819672 bytes,    1819672 total
[2023-10-18T13:32:18.463+0000][7][gc,age      ] GC(23) - age   2:    2345032 bytes,    4164704 total
[2023-10-18T13:32:18.463+0000][7][gc,age      ] GC(23) - age   3:    2495392 bytes,    6660096 total
[2023-10-18T13:32:18.463+0000][7][gc,age      ] GC(23) - age   4:    4615304 bytes,   11275400 total
[2023-10-18T13:32:18.463+0000][7][gc,phases   ] GC(23)   Pre Evacuate Collection Set: 0.1ms
[2023-10-18T13:32:18.463+0000][7][gc,phases   ] GC(23)   Merge Heap Roots: 0.1ms
[2023-10-18T13:32:18.463+0000][7][gc,phases   ] GC(23)   Evacuate Collection Set: 10.2ms
[2023-10-18T13:32:18.463+0000][7][gc,phases   ] GC(23)   Post Evacuate Collection Set: 0.8ms
[2023-10-18T13:32:18.463+0000][7][gc,phases   ] GC(23)   Other: 0.3ms
[2023-10-18T13:32:18.463+0000][7][gc,heap     ] GC(23) Eden regions: 70->0(71)
[2023-10-18T13:32:18.463+0000][7][gc,heap     ] GC(23) Survivor regions: 3->4(10)
[2023-10-18T13:32:18.463+0000][7][gc,heap     ] GC(23) Old regions: 20->20
[2023-10-18T13:32:18.463+0000][7][gc,heap     ] GC(23) Archive regions: 2->2
[2023-10-18T13:32:18.463+0000][7][gc,heap     ] GC(23) Humongous regions: 5->5
[2023-10-18T13:32:18.463+0000][7][gc,metaspace] GC(23) Metaspace: 113057K(114688K)->113057K(114688K) NonClass: 97609K(98560K)->97609K(98560K) Class: 15447K(16128K)->15447K(16128K)
[2023-10-18T13:32:18.463+0000][7][gc          ] GC(23) Pause Young (Normal) (G1 Evacuation Pause) 393M->114M(512M) 11.635ms
[2023-10-18T13:32:18.463+0000][7][gc,cpu      ] GC(23) User=0.05s Sys=0.00s Real=0.01s
[2023-10-18T13:32:18.463+0000][7][safepoint   ] Safepoint "G1CollectForAllocation", Time since last: 732068156 ns, Reaching safepoint: 134719 ns, At safepoint: 11718595 ns, Total: 11853314 ns
[2023-10-18T13:32:19.463+0000][7][safepoint   ] Safepoint "Cleanup", Time since last: 1000085339 ns, Reaching safepoint: 127989 ns, At safepoint: 6322 ns, Total: 134311 ns
[2023-10-18T13:32:20.464+0000][7][safepoint   ] Safepoint "Cleanup", Time since last: 1000104118 ns, Reaching safepoint: 48076 ns, At safepoint: 6221 ns, Total: 54297 ns
[2023-10-18T13:32:21.464+0000][7][safepoint   ] Safepoint "Cleanup", Time since last: 1000100394 ns, Reaching safepoint: 144062 ns, At safepoint: 14290 ns, Total: 158352 ns
[2023-10-18T13:32:22.464+0000][7][safepoint   ] Safepoint "Cleanup", Time since last: 1000121468 ns, Reaching safepoint: 52829 ns, At safepoint: 4191 ns, Total: 57020 ns
[2023-10-18T13:32:23.464+0000][7][safepoint   ] Safepoint "Cleanup", Time since last: 1000100155 ns, Reaching safepoint: 59938 ns, At safepoint: 3903 ns, Total: 63841 ns
[2023-10-18T13:32:24.464+0000][7][safepoint   ] Safepoint "Cleanup", Time since last: 1000107844 ns, Reaching safepoint: 72606 ns, At safepoint: 11548 ns, Total: 84154 ns
[2023-10-18T13:32:25.465+0000][7][safepoint   ] Safepoint "Cleanup", Time since last: 1000110910 ns, Reaching safepoint: 117717 ns, At safepoint: 20165 ns, Total: 137882 ns
[2023-10-18T13:32:26.465+0000][7][safepoint   ] Safepoint "Cleanup", Time since last: 1000180345 ns, Reaching safepoint: 126646 ns, At safepoint: 3536 ns, Total: 130182 ns
[2023-10-18T13:32:27.465+0000][7][safepoint   ] Safepoint "Cleanup", Time since last: 1000123339 ns, Reaching safepoint: 71407 ns, At safepoint: 6118 ns, Total: 77525 ns
[2023-10-18T13:32:28.465+0000][7][safepoint   ] Safepoint "Cleanup", Time since last: 1000111620 ns, Reaching safepoint: 49486 ns, At safepoint: 2860 ns, Total: 52346 ns
[2023-10-18T13:32:29.465+0000][7][safepoint   ] Safepoint "Cleanup", Time since last: 1000133177 ns, Reaching safepoint: 44431 ns, At safepoint: 4531 ns, Total: 48962 ns
[2023-10-18T13:32:30.466+0000][7][safepoint   ] Safepoint "Cleanup", Time since last: 1000808596 ns, Reaching safepoint: 66394 ns, At safepoint: 9037 ns, Total: 75431 ns
[2023-10-18T13:32:31.466+0000][7][safepoint   ] Safepoint "Cleanup", Time since last: 1000110716 ns, Reaching safepoint: 73632 ns, At safepoint: 3726 ns, Total: 77358 ns
[2023-10-18T13:32:32.467+0000][7][safepoint   ] Safepoint "Cleanup", Time since last: 1000120335 ns, Reaching safepoint: 78997 ns, At safepoint: 11670 ns, Total: 90667 ns
[2023-10-18T13:32:33.644+0000][7][safepoint   ] Safepoint "Cleanup", Time since last: 1176993937 ns, Reaching safepoint: 111664 ns, At safepoint: 3514 ns, Total: 115178 ns
[2023-10-18T13:32:34.644+0000][7][safepoint   ] Safepoint "Cleanup", Time since last: 1000119033 ns, Reaching safepoint: 73138 ns, At safepoint: 3764 ns, Total: 76902 ns
[2023-10-18T13:32:35.644+0000][7][safepoint   ] Safepoint "Cleanup", Time since last: 1000115073 ns, Reaching safepoint: 106899 ns, At safepoint: 4784 ns, Total: 111683 ns
[2023-10-18T13:32:36.594+0000][7][gc,start    ] GC(24) Pause Young (Normal) (G1 Evacuation Pause)
[2023-10-18T13:32:36.594+0000][7][gc,task     ] GC(24) Using 8 workers of 8 for evacuation
[2023-10-18T13:32:36.594+0000][7][gc,age      ] GC(24) Desired survivor size 20971520 bytes, new threshold 15 (max threshold 15)
[2023-10-18T13:32:36.614+0000][7][gc,age      ] GC(24) Age table with threshold 15 (max threshold 15)
[2023-10-18T13:32:36.614+0000][7][gc,age      ] GC(24) - age   1:    2154280 bytes,    2154280 total
[2023-10-18T13:32:36.614+0000][7][gc,age      ] GC(24) - age   2:     404448 bytes,    2558728 total
[2023-10-18T13:32:36.614+0000][7][gc,age      ] GC(24) - age   3:    2022360 bytes,    4581088 total
[2023-10-18T13:32:36.614+0000][7][gc,age      ] GC(24) - age   4:    2474992 bytes,    7056080 total
[2023-10-18T13:32:36.614+0000][7][gc,age      ] GC(24) - age   5:    4512536 bytes,   11568616 total
[2023-10-18T13:32:36.614+0000][7][gc,phases   ] GC(24)   Pre Evacuate Collection Set: 0.1ms
[2023-10-18T13:32:36.614+0000][7][gc,phases   ] GC(24)   Merge Heap Roots: 0.1ms
[2023-10-18T13:32:36.614+0000][7][gc,phases   ] GC(24)   Evacuate Collection Set: 18.4ms
[2023-10-18T13:32:36.614+0000][7][gc,phases   ] GC(24)   Post Evacuate Collection Set: 1.3ms
[2023-10-18T13:32:36.614+0000][7][gc,phases   ] GC(24)   Other: 0.3ms
[2023-10-18T13:32:36.614+0000][7][gc,heap     ] GC(24) Eden regions: 71->0(72)
[2023-10-18T13:32:36.614+0000][7][gc,heap     ] GC(24) Survivor regions: 4->3(10)
[2023-10-18T13:32:36.614+0000][7][gc,heap     ] GC(24) Old regions: 20->20
[2023-10-18T13:32:36.614+0000][7][gc,heap     ] GC(24) Archive regions: 2->2
[2023-10-18T13:32:36.614+0000][7][gc,heap     ] GC(24) Humongous regions: 5->5
[2023-10-18T13:32:36.614+0000][7][gc,metaspace] GC(24) Metaspace: 113208K(114816K)->113208K(114816K) NonClass: 97759K(98688K)->97759K(98688K) Class: 15448K(16128K)->15448K(16128K)
[2023-10-18T13:32:36.614+0000][7][gc          ] GC(24) Pause Young (Normal) (G1 Evacuation Pause) 398M->113M(512M) 20.265ms
[2023-10-18T13:32:36.614+0000][7][gc,cpu      ] GC(24) User=0.05s Sys=0.00s Real=0.02s
[2023-10-18T13:32:36.614+0000][7][safepoint   ] Safepoint "G1CollectForAllocation", Time since last: 949783528 ns, Reaching safepoint: 106632 ns, At safepoint: 20368166 ns, Total: 20474798 ns
[2023-10-18T13:32:37.615+0000][7][safepoint   ] Safepoint "Cleanup", Time since last: 1000097198 ns, Reaching safepoint: 66092 ns, At safepoint: 3445 ns, Total: 69537 ns
[2023-10-18T13:32:38.615+0000][7][safepoint   ] Safepoint "Cleanup", Time since last: 1000112493 ns, Reaching safepoint: 72724 ns, At safepoint: 7078 ns, Total: 79802 ns
[2023-10-18T13:32:39.615+0000][7][safepoint   ] Safepoint "Cleanup", Time since last: 1000109411 ns, Reaching safepoint: 57626 ns, At safepoint: 5893 ns, Total: 63519 ns
[2023-10-18T13:32:40.615+0000][7][safepoint   ] Safepoint "Cleanup", Time since last: 1000105452 ns, Reaching safepoint: 75867 ns, At safepoint: 6256 ns, Total: 82123 ns
[2023-10-18T13:32:41.615+0000][7][safepoint   ] Safepoint "Cleanup", Time since last: 1000097903 ns, Reaching safepoint: 45833 ns, At safepoint: 2808 ns, Total: 48641 ns
[2023-10-18T13:32:42.616+0000][7][safepoint   ] Safepoint "Cleanup", Time since last: 1000138505 ns, Reaching safepoint: 88510 ns, At safepoint: 7769 ns, Total: 96279 ns
[2023-10-18T13:32:43.616+0000][7][safepoint   ] Safepoint "Cleanup", Time since last: 1000109604 ns, Reaching safepoint: 114583 ns, At safepoint: 8178 ns, Total: 122761 ns
[2023-10-18T13:32:44.616+0000][7][safepoint   ] Safepoint "Cleanup", Time since last: 1000134894 ns, Reaching safepoint: 37310 ns, At safepoint: 6548 ns, Total: 43858 ns
[2023-10-18T13:32:45.616+0000][7][safepoint   ] Safepoint "Cleanup", Time since last: 1000117707 ns, Reaching safepoint: 131669 ns, At safepoint: 7782 ns, Total: 139451 ns
[2023-10-18T13:32:46.616+0000][7][safepoint   ] Safepoint "Cleanup", Time since last: 1000149806 ns, Reaching safepoint: 55983 ns, At safepoint: 4450 ns, Total: 60433 ns
[2023-10-18T13:32:47.617+0000][7][safepoint   ] Safepoint "Cleanup", Time since last: 1000130583 ns, Reaching safepoint: 66353 ns, At safepoint: 5783 ns, Total: 72136 ns
[2023-10-18T13:32:48.617+0000][7][safepoint   ] Safepoint "Cleanup", Time since last: 1000173512 ns, Reaching safepoint: 130374 ns, At safepoint: 3307 ns, Total: 133681 ns
[2023-10-18T13:32:49.617+0000][7][safepoint   ] Safepoint "Cleanup", Time since last: 1000104904 ns, Reaching safepoint: 57070 ns, At safepoint: 8423 ns, Total: 65493 ns
[2023-10-18T13:32:50.617+0000][7][safepoint   ] Safepoint "Cleanup", Time since last: 1000123672 ns, Reaching safepoint: 115415 ns, At safepoint: 5263 ns, Total: 120678 ns
[2023-10-18T13:32:52.510+0000][7][safepoint   ] Safepoint "Cleanup", Time since last: 1892724661 ns, Reaching safepoint: 147016 ns, At safepoint: 7295 ns, Total: 154311 ns
[2023-10-18T13:32:53.510+0000][7][safepoint   ] Safepoint "Cleanup", Time since last: 1000137678 ns, Reaching safepoint: 51107 ns, At safepoint: 8785 ns, Total: 59892 ns
[2023-10-18T13:32:54.386+0000][7][gc,start    ] GC(25) Pause Young (Normal) (G1 Evacuation Pause)
[2023-10-18T13:32:54.386+0000][7][gc,task     ] GC(25) Using 8 workers of 8 for evacuation
[2023-10-18T13:32:54.386+0000][7][gc,age      ] GC(25) Desired survivor size 20971520 bytes, new threshold 15 (max threshold 15)
[2023-10-18T13:32:54.395+0000][7][gc,age      ] GC(25) Age table with threshold 15 (max threshold 15)
[2023-10-18T13:32:54.395+0000][7][gc,age      ] GC(25) - age   1:    1785712 bytes,    1785712 total
[2023-10-18T13:32:54.395+0000][7][gc,age      ] GC(25) - age   2:     646368 bytes,    2432080 total
[2023-10-18T13:32:54.395+0000][7][gc,age      ] GC(25) - age   3:     369720 bytes,    2801800 total
[2023-10-18T13:32:54.395+0000][7][gc,age      ] GC(25) - age   4:    1929664 bytes,    4731464 total
[2023-10-18T13:32:54.395+0000][7][gc,age      ] GC(25) - age   5:    2473920 bytes,    7205384 total
[2023-10-18T13:32:54.395+0000][7][gc,age      ] GC(25) - age   6:    4512304 bytes,   11717688 total
[2023-10-18T13:32:54.395+0000][7][gc,phases   ] GC(25)   Pre Evacuate Collection Set: 0.1ms
[2023-10-18T13:32:54.395+0000][7][gc,phases   ] GC(25)   Merge Heap Roots: 0.1ms
[2023-10-18T13:32:54.395+0000][7][gc,phases   ] GC(25)   Evacuate Collection Set: 8.0ms
[2023-10-18T13:32:54.395+0000][7][gc,phases   ] GC(25)   Post Evacuate Collection Set: 0.8ms
[2023-10-18T13:32:54.395+0000][7][gc,phases   ] GC(25)   Other: 0.2ms
[2023-10-18T13:32:54.395+0000][7][gc,heap     ] GC(25) Eden regions: 72->0(72)
[2023-10-18T13:32:54.395+0000][7][gc,heap     ] GC(25) Survivor regions: 3->4(10)
[2023-10-18T13:32:54.395+0000][7][gc,heap     ] GC(25) Old regions: 20->20
[2023-10-18T13:32:54.395+0000][7][gc,heap     ] GC(25) Archive regions: 2->2
[2023-10-18T13:32:54.395+0000][7][gc,heap     ] GC(25) Humongous regions: 5->5
[2023-10-18T13:32:54.395+0000][7][gc,metaspace] GC(25) Metaspace: 113443K(115072K)->113443K(115072K) NonClass: 97989K(98944K)->97989K(98944K) Class: 15453K(16128K)->15453K(16128K)
[2023-10-18T13:32:54.395+0000][7][gc          ] GC(25) Pause Young (Normal) (G1 Evacuation Pause) 401M->113M(512M) 9.183ms
[2023-10-18T13:32:54.395+0000][7][gc,cpu      ] GC(25) User=0.04s Sys=0.01s Real=0.01s
[2023-10-18T13:32:54.395+0000][7][safepoint   ] Safepoint "G1CollectForAllocation", Time since last: 875265143 ns, Reaching safepoint: 50300 ns, At safepoint: 9253654 ns, Total: 9303954 ns
[2023-10-18T13:32:56.208+0000][7][safepoint   ] Safepoint "Cleanup", Time since last: 1812412710 ns, Reaching safepoint: 57352 ns, At safepoint: 4954 ns, Total: 62306 ns
[2023-10-18T13:32:57.208+0000][7][safepoint   ] Safepoint "Cleanup", Time since last: 1000095031 ns, Reaching safepoint: 47465 ns, At safepoint: 10053 ns, Total: 57518 ns
[2023-10-18T13:32:58.208+0000][7][safepoint   ] Safepoint "Cleanup", Time since last: 1000116486 ns, Reaching safepoint: 120542 ns, At safepoint: 7408 ns, Total: 127950 ns
[2023-10-18T13:32:59.208+0000][7][safepoint   ] Safepoint "Cleanup", Time since last: 1000133205 ns, Reaching safepoint: 51310 ns, At safepoint: 3965 ns, Total: 55275 ns
[2023-10-18T13:33:00.208+0000][7][safepoint   ] Safepoint "Cleanup", Time since last: 1000113002 ns, Reaching safepoint: 57749 ns, At safepoint: 4513 ns, Total: 62262 ns
[2023-10-18T13:33:01.209+0000][7][safepoint   ] Safepoint "Cleanup", Time since last: 1000108629 ns, Reaching safepoint: 152832 ns, At safepoint: 5190 ns, Total: 158022 ns
[2023-10-18T13:33:02.209+0000][7][safepoint   ] Safepoint "Cleanup", Time since last: 1000136958 ns, Reaching safepoint: 77382 ns, At safepoint: 4385 ns, Total: 81767 ns
[2023-10-18T13:33:03.209+0000][7][safepoint   ] Safepoint "Cleanup", Time since last: 1000127879 ns, Reaching safepoint: 111908 ns, At safepoint: 11775 ns, Total: 123683 ns
[2023-10-18T13:33:04.209+0000][7][safepoint   ] Safepoint "Cleanup", Time since last: 1000121963 ns, Reaching safepoint: 174481 ns, At safepoint: 8642 ns, Total: 183123 ns
[2023-10-18T13:33:05.210+0000][7][safepoint   ] Safepoint "Cleanup", Time since last: 1000110142 ns, Reaching safepoint: 95513 ns, At safepoint: 11417 ns, Total: 106930 ns
[2023-10-18T13:33:06.210+0000][7][safepoint   ] Safepoint "Cleanup", Time since last: 1000674758 ns, Reaching safepoint: 95574 ns, At safepoint: 4763 ns, Total: 100337 ns
[2023-10-18T13:33:07.211+0000][7][safepoint   ] Safepoint "Cleanup", Time since last: 1000127874 ns, Reaching safepoint: 97902 ns, At safepoint: 3773 ns, Total: 101675 ns
[2023-10-18T13:33:08.211+0000][7][safepoint   ] Safepoint "Cleanup", Time since last: 1000122438 ns, Reaching safepoint: 85750 ns, At safepoint: 3388 ns, Total: 89138 ns
[2023-10-18T13:33:09.211+0000][7][safepoint   ] Safepoint "Cleanup", Time since last: 1000117020 ns, Reaching safepoint: 79797 ns, At safepoint: 3716 ns, Total: 83513 ns
[2023-10-18T13:33:10.211+0000][7][safepoint   ] Safepoint "Cleanup", Time since last: 1000117013 ns, Reaching safepoint: 109693 ns, At safepoint: 5009 ns, Total: 114702 ns
[2023-10-18T13:33:11.211+0000][7][safepoint   ] Safepoint "Cleanup", Time since last: 1000119760 ns, Reaching safepoint: 82455 ns, At safepoint: 3153 ns, Total: 85608 ns
[2023-10-18T13:33:12.214+0000][7][safepoint   ] Safepoint "Cleanup", Time since last: 1000988132 ns, Reaching safepoint: 1233823 ns, At safepoint: 9509 ns, Total: 1243332 ns
[2023-10-18T13:33:12.419+0000][7][gc,start    ] GC(26) Pause Young (Normal) (G1 Evacuation Pause)
[2023-10-18T13:33:12.419+0000][7][gc,task     ] GC(26) Using 8 workers of 8 for evacuation
[2023-10-18T13:33:12.419+0000][7][gc,age      ] GC(26) Desired survivor size 20971520 bytes, new threshold 15 (max threshold 15)
[2023-10-18T13:33:12.438+0000][7][gc,age      ] GC(26) Age table with threshold 15 (max threshold 15)
[2023-10-18T13:33:12.438+0000][7][gc,age      ] GC(26) - age   1:    1381024 bytes,    1381024 total
[2023-10-18T13:33:12.438+0000][7][gc,age      ] GC(26) - age   2:     807576 bytes,    2188600 total
[2023-10-18T13:33:12.438+0000][7][gc,age      ] GC(26) - age   3:     609456 bytes,    2798056 total
[2023-10-18T13:33:12.438+0000][7][gc,age      ] GC(26) - age   4:     368912 bytes,    3166968 total
[2023-10-18T13:33:12.438+0000][7][gc,age      ] GC(26) - age   5:    1915048 bytes,    5082016 total
[2023-10-18T13:33:12.438+0000][7][gc,age      ] GC(26) - age   6:    2472976 bytes,    7554992 total
[2023-10-18T13:33:12.438+0000][7][gc,age      ] GC(26) - age   7:    4512176 bytes,   12067168 total
[2023-10-18T13:33:12.438+0000][7][gc,phases   ] GC(26)   Pre Evacuate Collection Set: 0.1ms
[2023-10-18T13:33:12.438+0000][7][gc,phases   ] GC(26)   Merge Heap Roots: 0.1ms
[2023-10-18T13:33:12.439+0000][7][gc,phases   ] GC(26)   Evacuate Collection Set: 17.2ms
[2023-10-18T13:33:12.439+0000][7][gc,phases   ] GC(26)   Post Evacuate Collection Set: 1.0ms
[2023-10-18T13:33:12.439+0000][7][gc,phases   ] GC(26)   Other: 1.0ms
[2023-10-18T13:33:12.439+0000][7][gc,heap     ] GC(26) Eden regions: 72->0(72)
[2023-10-18T13:33:12.439+0000][7][gc,heap     ] GC(26) Survivor regions: 4->4(10)
[2023-10-18T13:33:12.439+0000][7][gc,heap     ] GC(26) Old regions: 20->20
[2023-10-18T13:33:12.439+0000][7][gc,heap     ] GC(26) Archive regions: 2->2
[2023-10-18T13:33:12.439+0000][7][gc,heap     ] GC(26) Humongous regions: 5->5
[2023-10-18T13:33:12.439+0000][7][gc,metaspace] GC(26) Metaspace: 113527K(115136K)->113527K(115136K) NonClass: 98072K(99008K)->98072K(99008K) Class: 15455K(16128K)->15455K(16128K)
[2023-10-18T13:33:12.439+0000][7][gc          ] GC(26) Pause Young (Normal) (G1 Evacuation Pause) 401M->114M(512M) 19.588ms
[2023-10-18T13:33:12.439+0000][7][gc,cpu      ] GC(26) User=0.05s Sys=0.00s Real=0.02s
[2023-10-18T13:33:12.439+0000][7][safepoint   ] Safepoint "G1CollectForAllocation", Time since last: 205290536 ns, Reaching safepoint: 66413 ns, At safepoint: 19683189 ns, Total: 19749602 ns
[2023-10-18T13:33:13.439+0000][7][safepoint   ] Safepoint "Cleanup", Time since last: 1000086552 ns, Reaching safepoint: 101378 ns, At safepoint: 5424 ns, Total: 106802 ns
[2023-10-18T13:33:14.439+0000][7][safepoint   ] Safepoint "Cleanup", Time since last: 1000304455 ns, Reaching safepoint: 43439 ns, At safepoint: 9829 ns, Total: 53268 ns
[2023-10-18T13:33:15.440+0000][7][safepoint   ] Safepoint "Cleanup", Time since last: 1000146913 ns, Reaching safepoint: 146288 ns, At safepoint: 34135 ns, Total: 180423 ns
[2023-10-18T13:33:16.440+0000][7][safepoint   ] Safepoint "Cleanup", Time since last: 1000387436 ns, Reaching safepoint: 64330 ns, At safepoint: 3137 ns, Total: 67467 ns
[2023-10-18T13:33:17.440+0000][7][safepoint   ] Safepoint "Cleanup", Time since last: 1000102202 ns, Reaching safepoint: 110320 ns, At safepoint: 10112 ns, Total: 120432 ns
[2023-10-18T13:33:18.440+0000][7][safepoint   ] Safepoint "Cleanup", Time since last: 1000157860 ns, Reaching safepoint: 93153 ns, At safepoint: 9173 ns, Total: 102326 ns
[2023-10-18T13:33:20.441+0000][7][safepoint   ] Safepoint "Cleanup", Time since last: 2000643526 ns, Reaching safepoint: 55114 ns, At safepoint: 3102 ns, Total: 58216 ns
[2023-10-18T13:33:21.442+0000][7][safepoint   ] Safepoint "Cleanup", Time since last: 1000135002 ns, Reaching safepoint: 772585 ns, At safepoint: 11315 ns, Total: 783900 ns
[2023-10-18T13:33:22.515+0000][7][safepoint   ] Safepoint "Cleanup", Time since last: 1072909344 ns, Reaching safepoint: 97517 ns, At safepoint: 6320 ns, Total: 103837 ns
[2023-10-18T13:33:23.515+0000][7][safepoint   ] Safepoint "Cleanup", Time since last: 1000100197 ns, Reaching safepoint: 44178 ns, At safepoint: 3005 ns, Total: 47183 ns
[2023-10-18T13:33:24.515+0000][7][safepoint   ] Safepoint "Cleanup", Time since last: 1000098494 ns, Reaching safepoint: 59773 ns, At safepoint: 6546 ns, Total: 66319 ns
[2023-10-18T13:33:25.516+0000][7][safepoint   ] Safepoint "Cleanup", Time since last: 1000109322 ns, Reaching safepoint: 125872 ns, At safepoint: 5724 ns, Total: 131596 ns
[2023-10-18T13:33:26.516+0000][7][safepoint   ] Safepoint "Cleanup", Time since last: 1000121695 ns, Reaching safepoint: 46524 ns, At safepoint: 3591 ns, Total: 50115 ns
[2023-10-18T13:33:27.526+0000][7][safepoint   ] Safepoint "Cleanup", Time since last: 1003906579 ns, Reaching safepoint: 6461509 ns, At safepoint: 18194 ns, Total: 6479703 ns
[2023-10-18T13:33:28.338+0000][7][gc,start    ] GC(27) Pause Young (Normal) (G1 Evacuation Pause)
[2023-10-18T13:33:28.338+0000][7][gc,task     ] GC(27) Using 8 workers of 8 for evacuation
[2023-10-18T13:33:28.338+0000][7][gc,age      ] GC(27) Desired survivor size 20971520 bytes, new threshold 15 (max threshold 15)
[2023-10-18T13:33:28.360+0000][7][gc,age      ] GC(27) Age table with threshold 15 (max threshold 15)
[2023-10-18T13:33:28.360+0000][7][gc,age      ] GC(27) - age   1:    1750480 bytes,    1750480 total
[2023-10-18T13:33:28.360+0000][7][gc,age      ] GC(27) - age   2:     445624 bytes,    2196104 total
[2023-10-18T13:33:28.360+0000][7][gc,age      ] GC(27) - age   3:     793808 bytes,    2989912 total
[2023-10-18T13:33:28.360+0000][7][gc,age      ] GC(27) - age   4:     608192 bytes,    3598104 total
[2023-10-18T13:33:28.360+0000][7][gc,age      ] GC(27) - age   5:     368016 bytes,    3966120 total
[2023-10-18T13:33:28.360+0000][7][gc,age      ] GC(27) - age   6:    1914920 bytes,    5881040 total
[2023-10-18T13:33:28.360+0000][7][gc,age      ] GC(27) - age   7:    2472848 bytes,    8353888 total
[2023-10-18T13:33:28.360+0000][7][gc,age      ] GC(27) - age   8:    4512048 bytes,   12865936 total
[2023-10-18T13:33:28.360+0000][7][gc,phases   ] GC(27)   Pre Evacuate Collection Set: 0.1ms
[2023-10-18T13:33:28.360+0000][7][gc,phases   ] GC(27)   Merge Heap Roots: 0.1ms
[2023-10-18T13:33:28.360+0000][7][gc,phases   ] GC(27)   Evacuate Collection Set: 20.7ms
[2023-10-18T13:33:28.360+0000][7][gc,phases   ] GC(27)   Post Evacuate Collection Set: 1.1ms
[2023-10-18T13:33:28.360+0000][7][gc,phases   ] GC(27)   Other: 0.4ms
[2023-10-18T13:33:28.360+0000][7][gc,heap     ] GC(27) Eden regions: 72->0(72)
[2023-10-18T13:33:28.360+0000][7][gc,heap     ] GC(27) Survivor regions: 4->4(10)
[2023-10-18T13:33:28.360+0000][7][gc,heap     ] GC(27) Old regions: 20->20
[2023-10-18T13:33:28.360+0000][7][gc,heap     ] GC(27) Archive regions: 2->2
[2023-10-18T13:33:28.360+0000][7][gc,heap     ] GC(27) Humongous regions: 5->5
[2023-10-18T13:33:28.360+0000][7][gc,metaspace] GC(27) Metaspace: 113644K(115264K)->113644K(115264K) NonClass: 98188K(99136K)->98188K(99136K) Class: 15456K(16128K)->15456K(16128K)
[2023-10-18T13:33:28.360+0000][7][gc          ] GC(27) Pause Young (Normal) (G1 Evacuation Pause) 402M->115M(512M) 22.479ms
[2023-10-18T13:33:28.360+0000][7][gc,cpu      ] GC(27) User=0.04s Sys=0.00s Real=0.02s
[2023-10-18T13:33:28.360+0000][7][safepoint   ] Safepoint "G1CollectForAllocation", Time since last: 811611119 ns, Reaching safepoint: 68380 ns, At safepoint: 22573726 ns, Total: 22642106 ns
[2023-10-18T13:33:29.361+0000][7][safepoint   ] Safepoint "Cleanup", Time since last: 1000099816 ns, Reaching safepoint: 111246 ns, At safepoint: 6340 ns, Total: 117586 ns
[2023-10-18T13:33:31.361+0000][7][safepoint   ] Safepoint "Cleanup", Time since last: 2000199529 ns, Reaching safepoint: 63664 ns, At safepoint: 4065 ns, Total: 67729 ns
[2023-10-18T13:33:32.361+0000][7][safepoint   ] Safepoint "Cleanup", Time since last: 1000147613 ns, Reaching safepoint: 94793 ns, At safepoint: 5507 ns, Total: 100300 ns
[2023-10-18T13:33:33.361+0000][7][safepoint   ] Safepoint "Cleanup", Time since last: 1000138484 ns, Reaching safepoint: 138823 ns, At safepoint: 8263 ns, Total: 147086 ns
[2023-10-18T13:33:34.362+0000][7][safepoint   ] Safepoint "Cleanup", Time since last: 1000120524 ns, Reaching safepoint: 94333 ns, At safepoint: 10857 ns, Total: 105190 ns
[2023-10-18T13:33:36.362+0000][7][safepoint   ] Safepoint "Cleanup", Time since last: 2000219516 ns, Reaching safepoint: 34294 ns, At safepoint: 4359 ns, Total: 38653 ns
[2023-10-18T13:33:37.362+0000][7][safepoint   ] Safepoint "Cleanup", Time since last: 1000108212 ns, Reaching safepoint: 74616 ns, At safepoint: 10428 ns, Total: 85044 ns
[2023-10-18T13:33:38.362+0000][7][safepoint   ] Safepoint "Cleanup", Time since last: 1000203772 ns, Reaching safepoint: 66098 ns, At safepoint: 9427 ns, Total: 75525 ns
[2023-10-18T13:33:39.363+0000][7][safepoint   ] Safepoint "Cleanup", Time since last: 1000104143 ns, Reaching safepoint: 88428 ns, At safepoint: 12260 ns, Total: 100688 ns
[2023-10-18T13:33:40.363+0000][7][safepoint   ] Safepoint "Cleanup", Time since last: 1000133176 ns, Reaching safepoint: 63365 ns, At safepoint: 3440 ns, Total: 66805 ns
[2023-10-18T13:33:41.363+0000][7][safepoint   ] Safepoint "Cleanup", Time since last: 1000114828 ns, Reaching safepoint: 42946 ns, At safepoint: 4383 ns, Total: 47329 ns
[2023-10-18T13:33:42.363+0000][7][safepoint   ] Safepoint "Cleanup", Time since last: 1000126945 ns, Reaching safepoint: 48823 ns, At safepoint: 3456 ns, Total: 52279 ns
[2023-10-18T13:33:43.363+0000][7][safepoint   ] Safepoint "Cleanup", Time since last: 1000109693 ns, Reaching safepoint: 116263 ns, At safepoint: 5903 ns, Total: 122166 ns
[2023-10-18T13:33:45.364+0000][7][safepoint   ] Safepoint "Cleanup", Time since last: 2000177504 ns, Reaching safepoint: 75603 ns, At safepoint: 3693 ns, Total: 79296 ns
[2023-10-18T13:33:45.895+0000][7][gc,start    ] GC(28) Pause Young (Normal) (G1 Evacuation Pause)
[2023-10-18T13:33:45.895+0000][7][gc,task     ] GC(28) Using 8 workers of 8 for evacuation
[2023-10-18T13:33:45.895+0000][7][gc,age      ] GC(28) Desired survivor size 20971520 bytes, new threshold 15 (max threshold 15)
[2023-10-18T13:33:45.914+0000][7][gc,age      ] GC(28) Age table with threshold 15 (max threshold 15)
[2023-10-18T13:33:45.914+0000][7][gc,age      ] GC(28) - age   1:    2197976 bytes,    2197976 total
[2023-10-18T13:33:45.914+0000][7][gc,age      ] GC(28) - age   2:     356448 bytes,    2554424 total
[2023-10-18T13:33:45.914+0000][7][gc,age      ] GC(28) - age   3:     444632 bytes,    2999056 total
[2023-10-18T13:33:45.914+0000][7][gc,age      ] GC(28) - age   4:     687128 bytes,    3686184 total
[2023-10-18T13:33:45.914+0000][7][gc,age      ] GC(28) - age   5:     608128 bytes,    4294312 total
[2023-10-18T13:33:45.914+0000][7][gc,age      ] GC(28) - age   6:     367952 bytes,    4662264 total
[2023-10-18T13:33:45.914+0000][7][gc,age      ] GC(28) - age   7:    1914920 bytes,    6577184 total
[2023-10-18T13:33:45.914+0000][7][gc,age      ] GC(28) - age   8:    2472784 bytes,    9049968 total
[2023-10-18T13:33:45.914+0000][7][gc,age      ] GC(28) - age   9:    4512048 bytes,   13562016 total
[2023-10-18T13:33:45.914+0000][7][gc,phases   ] GC(28)   Pre Evacuate Collection Set: 0.1ms
[2023-10-18T13:33:45.914+0000][7][gc,phases   ] GC(28)   Merge Heap Roots: 0.1ms
[2023-10-18T13:33:45.914+0000][7][gc,phases   ] GC(28)   Evacuate Collection Set: 18.1ms
[2023-10-18T13:33:45.914+0000][7][gc,phases   ] GC(28)   Post Evacuate Collection Set: 1.0ms
[2023-10-18T13:33:45.915+0000][7][gc,phases   ] GC(28)   Other: 0.3ms
[2023-10-18T13:33:45.915+0000][7][gc,heap     ] GC(28) Eden regions: 72->0(72)
[2023-10-18T13:33:45.915+0000][7][gc,heap     ] GC(28) Survivor regions: 4->4(10)
[2023-10-18T13:33:45.915+0000][7][gc,heap     ] GC(28) Old regions: 20->20
[2023-10-18T13:33:45.915+0000][7][gc,heap     ] GC(28) Archive regions: 2->2
[2023-10-18T13:33:45.915+0000][7][gc,heap     ] GC(28) Humongous regions: 5->5
[2023-10-18T13:33:45.915+0000][7][gc,metaspace] GC(28) Metaspace: 113751K(115392K)->113751K(115392K) NonClass: 98292K(99264K)->98292K(99264K) Class: 15458K(16128K)->15458K(16128K)
[2023-10-18T13:33:45.915+0000][7][gc          ] GC(28) Pause Young (Normal) (G1 Evacuation Pause) 402M->115M(512M) 19.673ms
[2023-10-18T13:33:45.915+0000][7][gc,cpu      ] GC(28) User=0.04s Sys=0.00s Real=0.02s
[2023-10-18T13:33:45.915+0000][7][safepoint   ] Safepoint "G1CollectForAllocation", Time since last: 531079589 ns, Reaching safepoint: 108821 ns, At safepoint: 19766678 ns, Total: 19875499 ns
[2023-10-18T13:33:47.724+0000][7][safepoint   ] Safepoint "Cleanup", Time since last: 1809042293 ns, Reaching safepoint: 57977 ns, At safepoint: 10789 ns, Total: 68766 ns
[2023-10-18T13:33:48.724+0000][7][safepoint   ] Safepoint "Cleanup", Time since last: 1000297193 ns, Reaching safepoint: 73565 ns, At safepoint: 9881 ns, Total: 83446 ns
[2023-10-18T13:33:49.724+0000][7][safepoint   ] Safepoint "Cleanup", Time since last: 1000108925 ns, Reaching safepoint: 55712 ns, At safepoint: 8660 ns, Total: 64372 ns
[2023-10-18T13:33:50.724+0000][7][safepoint   ] Safepoint "Cleanup", Time since last: 1000127049 ns, Reaching safepoint: 47592 ns, At safepoint: 3505 ns, Total: 51097 ns
[2023-10-18T13:33:52.424+0000][7][safepoint   ] Safepoint "Cleanup", Time since last: 1699298003 ns, Reaching safepoint: 154881 ns, At safepoint: 10778 ns, Total: 165659 ns
[2023-10-18T13:33:53.424+0000][7][safepoint   ] Safepoint "Cleanup", Time since last: 1000113043 ns, Reaching safepoint: 91526 ns, At safepoint: 6329 ns, Total: 97855 ns
[2023-10-18T13:33:54.424+0000][7][safepoint   ] Safepoint "Cleanup", Time since last: 1000108894 ns, Reaching safepoint: 79223 ns, At safepoint: 4996 ns, Total: 84219 ns
[2023-10-18T13:33:55.425+0000][7][safepoint   ] Safepoint "Cleanup", Time since last: 1000163636 ns, Reaching safepoint: 76470 ns, At safepoint: 8266 ns, Total: 84736 ns
[2023-10-18T13:33:56.425+0000][7][safepoint   ] Safepoint "Cleanup", Time since last: 1000104588 ns, Reaching safepoint: 47722 ns, At safepoint: 7437 ns, Total: 55159 ns
[2023-10-18T13:33:57.425+0000][7][safepoint   ] Safepoint "Cleanup", Time since last: 1000370731 ns, Reaching safepoint: 52713 ns, At safepoint: 5326 ns, Total: 58039 ns
[2023-10-18T13:33:58.425+0000][7][safepoint   ] Safepoint "Cleanup", Time since last: 1000114587 ns, Reaching safepoint: 64417 ns, At safepoint: 9283 ns, Total: 73700 ns
[2023-10-18T13:34:00.426+0000][7][safepoint   ] Safepoint "Cleanup", Time since last: 2000184927 ns, Reaching safepoint: 55392 ns, At safepoint: 7633 ns, Total: 63025 ns
[2023-10-18T13:34:01.426+0000][7][safepoint   ] Safepoint "Cleanup", Time since last: 1000132577 ns, Reaching safepoint: 71926 ns, At safepoint: 10595 ns, Total: 82521 ns
[2023-10-18T13:34:03.417+0000][7][gc,start    ] GC(29) Pause Young (Normal) (G1 Evacuation Pause)
[2023-10-18T13:34:03.417+0000][7][gc,task     ] GC(29) Using 8 workers of 8 for evacuation
[2023-10-18T13:34:03.417+0000][7][gc,age      ] GC(29) Desired survivor size 20971520 bytes, new threshold 15 (max threshold 15)
[2023-10-18T13:34:03.435+0000][7][gc,age      ] GC(29) Age table with threshold 15 (max threshold 15)
[2023-10-18T13:34:03.435+0000][7][gc,age      ] GC(29) - age   1:    1996288 bytes,    1996288 total
[2023-10-18T13:34:03.435+0000][7][gc,age      ] GC(29) - age   2:     537880 bytes,    2534168 total
[2023-10-18T13:34:03.435+0000][7][gc,age      ] GC(29) - age   3:     343840 bytes,    2878008 total
[2023-10-18T13:34:03.435+0000][7][gc,age      ] GC(29) - age   4:     378240 bytes,    3256248 total
[2023-10-18T13:34:03.435+0000][7][gc,age      ] GC(29) - age   5:     686456 bytes,    3942704 total
[2023-10-18T13:34:03.435+0000][7][gc,age      ] GC(29) - age   6:     607816 bytes,    4550520 total
[2023-10-18T13:34:03.435+0000][7][gc,age      ] GC(29) - age   7:     367952 bytes,    4918472 total
[2023-10-18T13:34:03.435+0000][7][gc,age      ] GC(29) - age   8:    1914424 bytes,    6832896 total
[2023-10-18T13:34:03.435+0000][7][gc,age      ] GC(29) - age   9:    2472784 bytes,    9305680 total
[2023-10-18T13:34:03.435+0000][7][gc,age      ] GC(29) - age  10:    4511920 bytes,   13817600 total
[2023-10-18T13:34:03.435+0000][7][gc,phases   ] GC(29)   Pre Evacuate Collection Set: 0.1ms
[2023-10-18T13:34:03.435+0000][7][gc,phases   ] GC(29)   Merge Heap Roots: 0.1ms
[2023-10-18T13:34:03.435+0000][7][gc,phases   ] GC(29)   Evacuate Collection Set: 17.3ms
[2023-10-18T13:34:03.435+0000][7][gc,phases   ] GC(29)   Post Evacuate Collection Set: 0.9ms
[2023-10-18T13:34:03.435+0000][7][gc,phases   ] GC(29)   Other: 0.3ms
[2023-10-18T13:34:03.435+0000][7][gc,heap     ] GC(29) Eden regions: 72->0(72)
[2023-10-18T13:34:03.435+0000][7][gc,heap     ] GC(29) Survivor regions: 4->4(10)
[2023-10-18T13:34:03.435+0000][7][gc,heap     ] GC(29) Old regions: 20->20
[2023-10-18T13:34:03.435+0000][7][gc,heap     ] GC(29) Archive regions: 2->2
[2023-10-18T13:34:03.435+0000][7][gc,heap     ] GC(29) Humongous regions: 5->5
[2023-10-18T13:34:03.435+0000][7][gc,metaspace] GC(29) Metaspace: 113869K(115520K)->113869K(115520K) NonClass: 98409K(99392K)->98409K(99392K) Class: 15460K(16128K)->15460K(16128K)
[2023-10-18T13:34:03.435+0000][7][gc          ] GC(29) Pause Young (Normal) (G1 Evacuation Pause) 403M->116M(512M) 18.744ms
[2023-10-18T13:34:03.435+0000][7][gc,cpu      ] GC(29) User=0.04s Sys=0.00s Real=0.01s
[2023-10-18T13:34:03.435+0000][7][safepoint   ] Safepoint "G1CollectForAllocation", Time since last: 1990584790 ns, Reaching safepoint: 58424 ns, At safepoint: 18840458 ns, Total: 18898882 ns
[2023-10-18T13:34:04.435+0000][7][safepoint   ] Safepoint "Cleanup", Time since last: 1000098942 ns, Reaching safepoint: 63346 ns, At safepoint: 8559 ns, Total: 71905 ns
[2023-10-18T13:34:06.436+0000][7][safepoint   ] Safepoint "Cleanup", Time since last: 2000166293 ns, Reaching safepoint: 70382 ns, At safepoint: 6657 ns, Total: 77039 ns
[2023-10-18T13:34:07.436+0000][7][safepoint   ] Safepoint "Cleanup", Time since last: 1000112070 ns, Reaching safepoint: 62294 ns, At safepoint: 27378 ns, Total: 89672 ns
[2023-10-18T13:34:08.436+0000][7][safepoint   ] Safepoint "Cleanup", Time since last: 1000115351 ns, Reaching safepoint: 35694 ns, At safepoint: 3185 ns, Total: 38879 ns
[2023-10-18T13:34:09.437+0000][7][safepoint   ] Safepoint "Cleanup", Time since last: 1000909242 ns, Reaching safepoint: 68820 ns, At safepoint: 4537 ns, Total: 73357 ns
[2023-10-18T13:34:10.437+0000][7][safepoint   ] Safepoint "Cleanup", Time since last: 1000118137 ns, Reaching safepoint: 70064 ns, At safepoint: 10682 ns, Total: 80746 ns
[2023-10-18T13:34:11.437+0000][7][safepoint   ] Safepoint "Cleanup", Time since last: 1000138867 ns, Reaching safepoint: 56682 ns, At safepoint: 9205 ns, Total: 65887 ns
[2023-10-18T13:34:12.438+0000][7][safepoint   ] Safepoint "Cleanup", Time since last: 1000106799 ns, Reaching safepoint: 41839 ns, At safepoint: 4831 ns, Total: 46670 ns
[2023-10-18T13:34:13.438+0000][7][safepoint   ] Safepoint "Cleanup", Time since last: 1000114710 ns, Reaching safepoint: 77159 ns, At safepoint: 10892 ns, Total: 88051 ns
[2023-10-18T13:34:15.439+0000][7][safepoint   ] Safepoint "Cleanup", Time since last: 2000163463 ns, Reaching safepoint: 1416224 ns, At safepoint: 54877 ns, Total: 1471101 ns
[2023-10-18T13:34:16.440+0000][7][safepoint   ] Safepoint "Cleanup", Time since last: 1000205054 ns, Reaching safepoint: 92064 ns, At safepoint: 3859 ns, Total: 95923 ns
[2023-10-18T13:34:17.440+0000][7][safepoint   ] Safepoint "Cleanup", Time since last: 1000496312 ns, Reaching safepoint: 98850 ns, At safepoint: 7470 ns, Total: 106320 ns
[2023-10-18T13:34:18.441+0000][7][safepoint   ] Safepoint "Cleanup", Time since last: 1000147834 ns, Reaching safepoint: 55444 ns, At safepoint: 6719 ns, Total: 62163 ns
[2023-10-18T13:34:19.441+0000][7][safepoint   ] Safepoint "Cleanup", Time since last: 1000119886 ns, Reaching safepoint: 59099 ns, At safepoint: 9044 ns, Total: 68143 ns
[2023-10-18T13:34:21.441+0000][7][safepoint   ] Safepoint "Cleanup", Time since last: 2000207839 ns, Reaching safepoint: 87967 ns, At safepoint: 4805 ns, Total: 92772 ns
[2023-10-18T13:34:22.087+0000][7][gc,start    ] GC(30) Pause Young (Normal) (G1 Evacuation Pause)
[2023-10-18T13:34:22.087+0000][7][gc,task     ] GC(30) Using 8 workers of 8 for evacuation
[2023-10-18T13:34:22.087+0000][7][gc,age      ] GC(30) Desired survivor size 20971520 bytes, new threshold 15 (max threshold 15)
[2023-10-18T13:34:22.107+0000][7][gc,age      ] GC(30) Age table with threshold 15 (max threshold 15)
[2023-10-18T13:34:22.107+0000][7][gc,age      ] GC(30) - age   1:    2184208 bytes,    2184208 total
[2023-10-18T13:34:22.107+0000][7][gc,age      ] GC(30) - age   2:     574752 bytes,    2758960 total
[2023-10-18T13:34:22.107+0000][7][gc,age      ] GC(30) - age   3:     537160 bytes,    3296120 total
[2023-10-18T13:34:22.107+0000][7][gc,age      ] GC(30) - age   4:     342096 bytes,    3638216 total
[2023-10-18T13:34:22.107+0000][7][gc,age      ] GC(30) - age   5:     378176 bytes,    4016392 total
[2023-10-18T13:34:22.107+0000][7][gc,age      ] GC(30) - age   6:     686344 bytes,    4702736 total
[2023-10-18T13:34:22.107+0000][7][gc,age      ] GC(30) - age   7:     607816 bytes,    5310552 total
[2023-10-18T13:34:22.107+0000][7][gc,age      ] GC(30) - age   8:     367952 bytes,    5678504 total
[2023-10-18T13:34:22.107+0000][7][gc,age      ] GC(30) - age   9:    1914184 bytes,    7592688 total
[2023-10-18T13:34:22.107+0000][7][gc,age      ] GC(30) - age  10:    2472784 bytes,   10065472 total
[2023-10-18T13:34:22.107+0000][7][gc,age      ] GC(30) - age  11:    4511648 bytes,   14577120 total
[2023-10-18T13:34:22.107+0000][7][gc,phases   ] GC(30)   Pre Evacuate Collection Set: 0.1ms
[2023-10-18T13:34:22.107+0000][7][gc,phases   ] GC(30)   Merge Heap Roots: 0.1ms
[2023-10-18T13:34:22.107+0000][7][gc,phases   ] GC(30)   Evacuate Collection Set: 18.8ms
[2023-10-18T13:34:22.107+0000][7][gc,phases   ] GC(30)   Post Evacuate Collection Set: 1.2ms
[2023-10-18T13:34:22.107+0000][7][gc,phases   ] GC(30)   Other: 0.4ms
[2023-10-18T13:34:22.107+0000][7][gc,heap     ] GC(30) Eden regions: 72->0(72)
[2023-10-18T13:34:22.107+0000][7][gc,heap     ] GC(30) Survivor regions: 4->4(10)
[2023-10-18T13:34:22.107+0000][7][gc,heap     ] GC(30) Old regions: 20->20
[2023-10-18T13:34:22.107+0000][7][gc,heap     ] GC(30) Archive regions: 2->2
[2023-10-18T13:34:22.107+0000][7][gc,heap     ] GC(30) Humongous regions: 5->5
[2023-10-18T13:34:22.107+0000][7][gc,metaspace] GC(30) Metaspace: 113988K(115648K)->113988K(115648K) NonClass: 98528K(99520K)->98528K(99520K) Class: 15460K(16128K)->15460K(16128K)
[2023-10-18T13:34:22.108+0000][7][gc          ] GC(30) Pause Young (Normal) (G1 Evacuation Pause) 404M->116M(512M) 20.704ms
[2023-10-18T13:34:22.108+0000][7][gc,cpu      ] GC(30) User=0.04s Sys=0.00s Real=0.02s
[2023-10-18T13:34:22.108+0000][7][safepoint   ] Safepoint "G1CollectForAllocation", Time since last: 644834698 ns, Reaching safepoint: 861602 ns, At safepoint: 20813137 ns, Total: 21674739 ns
[2023-10-18T13:34:23.108+0000][7][safepoint   ] Safepoint "Cleanup", Time since last: 1000085101 ns, Reaching safepoint: 63271 ns, At safepoint: 3645 ns, Total: 66916 ns
[2023-10-18T13:34:25.108+0000][7][safepoint   ] Safepoint "Cleanup", Time since last: 2000171497 ns, Reaching safepoint: 53689 ns, At safepoint: 10136 ns, Total: 63825 ns
[2023-10-18T13:34:26.108+0000][7][safepoint   ] Safepoint "Cleanup", Time since last: 1000134229 ns, Reaching safepoint: 140802 ns, At safepoint: 5525 ns, Total: 146327 ns
[2023-10-18T13:34:27.108+0000][7][safepoint   ] Safepoint "Cleanup", Time since last: 1000116702 ns, Reaching safepoint: 90592 ns, At safepoint: 3848 ns, Total: 94440 ns
[2023-10-18T13:34:28.109+0000][7][safepoint   ] Safepoint "Cleanup", Time since last: 1000137559 ns, Reaching safepoint: 57431 ns, At safepoint: 6767 ns, Total: 64198 ns
[2023-10-18T13:34:29.109+0000][7][safepoint   ] Safepoint "Cleanup", Time since last: 1000103706 ns, Reaching safepoint: 41015 ns, At safepoint: 4782 ns, Total: 45797 ns
[2023-10-18T13:34:31.109+0000][7][safepoint   ] Safepoint "Cleanup", Time since last: 2000201612 ns, Reaching safepoint: 77257 ns, At safepoint: 9123 ns, Total: 86380 ns
[2023-10-18T13:34:33.109+0000][7][safepoint   ] Safepoint "Cleanup", Time since last: 2000172388 ns, Reaching safepoint: 67618 ns, At safepoint: 5082 ns, Total: 72700 ns
[2023-10-18T13:34:34.110+0000][7][safepoint   ] Safepoint "Cleanup", Time since last: 1000119523 ns, Reaching safepoint: 65631 ns, At safepoint: 5319 ns, Total: 70950 ns
[2023-10-18T13:34:35.110+0000][7][safepoint   ] Safepoint "Cleanup", Time since last: 1000136031 ns, Reaching safepoint: 50951 ns, At safepoint: 6403 ns, Total: 57354 ns
[2023-10-18T13:34:36.110+0000][7][safepoint   ] Safepoint "Cleanup", Time since last: 1000098211 ns, Reaching safepoint: 57622 ns, At safepoint: 8581 ns, Total: 66203 ns
[2023-10-18T13:34:37.110+0000][7][safepoint   ] Safepoint "Cleanup", Time since last: 1000132325 ns, Reaching safepoint: 46829 ns, At safepoint: 10980 ns, Total: 57809 ns
[2023-10-18T13:34:38.110+0000][7][safepoint   ] Safepoint "Cleanup", Time since last: 1000232081 ns, Reaching safepoint: 43764 ns, At safepoint: 4114 ns, Total: 47878 ns
[2023-10-18T13:34:40.111+0000][7][safepoint   ] Safepoint "Cleanup", Time since last: 2000197677 ns, Reaching safepoint: 136578 ns, At safepoint: 6308 ns, Total: 142886 ns
[2023-10-18T13:34:41.111+0000][7][safepoint   ] Safepoint "Cleanup", Time since last: 1000125612 ns, Reaching safepoint: 70856 ns, At safepoint: 6459 ns, Total: 77315 ns
[2023-10-18T13:34:41.614+0000][7][gc,start    ] GC(31) Pause Young (Normal) (G1 Evacuation Pause)
[2023-10-18T13:34:41.614+0000][7][gc,task     ] GC(31) Using 8 workers of 8 for evacuation
[2023-10-18T13:34:41.614+0000][7][gc,age      ] GC(31) Desired survivor size 20971520 bytes, new threshold 15 (max threshold 15)
[2023-10-18T13:34:41.620+0000][7][gc,age      ] GC(31) Age table with threshold 15 (max threshold 15)
[2023-10-18T13:34:41.620+0000][7][gc,age      ] GC(31) - age   1:    2035776 bytes,    2035776 total
[2023-10-18T13:34:41.620+0000][7][gc,age      ] GC(31) - age   2:     531760 bytes,    2567536 total
[2023-10-18T13:34:41.620+0000][7][gc,age      ] GC(31) - age   3:     410688 bytes,    2978224 total
[2023-10-18T13:34:41.620+0000][7][gc,age      ] GC(31) - age   4:     536288 bytes,    3514512 total
[2023-10-18T13:34:41.620+0000][7][gc,age      ] GC(31) - age   5:     341808 bytes,    3856320 total
[2023-10-18T13:34:41.620+0000][7][gc,age      ] GC(31) - age   6:     378048 bytes,    4234368 total
[2023-10-18T13:34:41.620+0000][7][gc,age      ] GC(31) - age   7:     685736 bytes,    4920104 total
[2023-10-18T13:34:41.620+0000][7][gc,age      ] GC(31) - age   8:     607816 bytes,    5527920 total
[2023-10-18T13:34:41.620+0000][7][gc,age      ] GC(31) - age   9:     367888 bytes,    5895808 total
[2023-10-18T13:34:41.620+0000][7][gc,age      ] GC(31) - age  10:    1914128 bytes,    7809936 total
[2023-10-18T13:34:41.620+0000][7][gc,age      ] GC(31) - age  11:    2472784 bytes,   10282720 total
[2023-10-18T13:34:41.620+0000][7][gc,age      ] GC(31) - age  12:    4511648 bytes,   14794368 total
[2023-10-18T13:34:41.620+0000][7][gc,phases   ] GC(31)   Pre Evacuate Collection Set: 0.1ms
[2023-10-18T13:34:41.620+0000][7][gc,phases   ] GC(31)   Merge Heap Roots: 0.1ms
[2023-10-18T13:34:41.620+0000][7][gc,phases   ] GC(31)   Evacuate Collection Set: 5.5ms
[2023-10-18T13:34:41.620+0000][7][gc,phases   ] GC(31)   Post Evacuate Collection Set: 0.7ms
[2023-10-18T13:34:41.620+0000][7][gc,phases   ] GC(31)   Other: 0.3ms
[2023-10-18T13:34:41.620+0000][7][gc,heap     ] GC(31) Eden regions: 72->0(72)
[2023-10-18T13:34:41.620+0000][7][gc,heap     ] GC(31) Survivor regions: 4->4(10)
[2023-10-18T13:34:41.620+0000][7][gc,heap     ] GC(31) Old regions: 20->20
[2023-10-18T13:34:41.620+0000][7][gc,heap     ] GC(31) Archive regions: 2->2
[2023-10-18T13:34:41.620+0000][7][gc,heap     ] GC(31) Humongous regions: 5->5
[2023-10-18T13:34:41.620+0000][7][gc,metaspace] GC(31) Metaspace: 114071K(115712K)->114071K(115712K) NonClass: 98611K(99584K)->98611K(99584K) Class: 15460K(16128K)->15460K(16128K)
[2023-10-18T13:34:41.620+0000][7][gc          ] GC(31) Pause Young (Normal) (G1 Evacuation Pause) 404M->116M(512M) 6.722ms
[2023-10-18T13:34:41.620+0000][7][gc,cpu      ] GC(31) User=0.03s Sys=0.00s Real=0.01s
[2023-10-18T13:34:41.620+0000][7][safepoint   ] Safepoint "G1CollectForAllocation", Time since last: 502550051 ns, Reaching safepoint: 35638 ns, At safepoint: 6803387 ns, Total: 6839025 ns
[2023-10-18T13:34:42.620+0000][7][safepoint   ] Safepoint "Cleanup", Time since last: 1000102836 ns, Reaching safepoint: 49543 ns, At safepoint: 4216 ns, Total: 53759 ns
[2023-10-18T13:34:43.621+0000][7][safepoint   ] Safepoint "Cleanup", Time since last: 1000102941 ns, Reaching safepoint: 37189 ns, At safepoint: 3506 ns, Total: 40695 ns
[2023-10-18T13:34:45.621+0000][7][safepoint   ] Safepoint "Cleanup", Time since last: 2000189415 ns, Reaching safepoint: 122687 ns, At safepoint: 7426 ns, Total: 130113 ns
[2023-10-18T13:34:46.621+0000][7][safepoint   ] Safepoint "Cleanup", Time since last: 1000111040 ns, Reaching safepoint: 47577 ns, At safepoint: 3467 ns, Total: 51044 ns
[2023-10-18T13:34:48.621+0000][7][safepoint   ] Safepoint "Cleanup", Time since last: 2000225658 ns, Reaching safepoint: 122660 ns, At safepoint: 10660 ns, Total: 133320 ns
[2023-10-18T13:34:50.622+0000][7][safepoint   ] Safepoint "Cleanup", Time since last: 2000186921 ns, Reaching safepoint: 44261 ns, At safepoint: 4162 ns, Total: 48423 ns
[2023-10-18T13:34:51.622+0000][7][safepoint   ] Safepoint "Cleanup", Time since last: 1000134104 ns, Reaching safepoint: 45145 ns, At safepoint: 4232 ns, Total: 49377 ns
[2023-10-18T13:34:52.622+0000][7][safepoint   ] Safepoint "Cleanup", Time since last: 1000106265 ns, Reaching safepoint: 45583 ns, At safepoint: 3117 ns, Total: 48700 ns
[2023-10-18T13:34:53.622+0000][7][safepoint   ] Safepoint "Cleanup", Time since last: 1000098435 ns, Reaching safepoint: 50100 ns, At safepoint: 7773 ns, Total: 57873 ns
[2023-10-18T13:34:54.622+0000][7][safepoint   ] Safepoint "Cleanup", Time since last: 1000095279 ns, Reaching safepoint: 47162 ns, At safepoint: 2968 ns, Total: 50130 ns
[2023-10-18T13:34:55.622+0000][7][safepoint   ] Safepoint "Cleanup", Time since last: 1000143872 ns, Reaching safepoint: 36070 ns, At safepoint: 5057 ns, Total: 41127 ns
[2023-10-18T13:34:57.623+0000][7][safepoint   ] Safepoint "Cleanup", Time since last: 2000219724 ns, Reaching safepoint: 50614 ns, At safepoint: 3857 ns, Total: 54471 ns
[2023-10-18T13:34:58.623+0000][7][safepoint   ] Safepoint "Cleanup", Time since last: 1000133184 ns, Reaching safepoint: 99368 ns, At safepoint: 7107 ns, Total: 106475 ns
[2023-10-18T13:35:00.016+0000][7][gc,start    ] GC(32) Pause Young (Normal) (G1 Evacuation Pause)
[2023-10-18T13:35:00.016+0000][7][gc,task     ] GC(32) Using 8 workers of 8 for evacuation
[2023-10-18T13:35:00.016+0000][7][gc,age      ] GC(32) Desired survivor size 20971520 bytes, new threshold 15 (max threshold 15)
[2023-10-18T13:35:00.027+0000][7][gc,age      ] GC(32) Age table with threshold 15 (max threshold 15)
[2023-10-18T13:35:00.027+0000][7][gc,age      ] GC(32) - age   1:    1707776 bytes,    1707776 total
[2023-10-18T13:35:00.027+0000][7][gc,age      ] GC(32) - age   2:     594304 bytes,    2302080 total
[2023-10-18T13:35:00.027+0000][7][gc,age      ] GC(32) - age   3:     464296 bytes,    2766376 total
[2023-10-18T13:35:00.027+0000][7][gc,age      ] GC(32) - age   4:     409248 bytes,    3175624 total
[2023-10-18T13:35:00.027+0000][7][gc,age      ] GC(32) - age   5:     528024 bytes,    3703648 total
[2023-10-18T13:35:00.027+0000][7][gc,age      ] GC(32) - age   6:     341808 bytes,    4045456 total
[2023-10-18T13:35:00.027+0000][7][gc,age      ] GC(32) - age   7:     378048 bytes,    4423504 total
[2023-10-18T13:35:00.027+0000][7][gc,age      ] GC(32) - age   8:     685616 bytes,    5109120 total
[2023-10-18T13:35:00.027+0000][7][gc,age      ] GC(32) - age   9:     607816 bytes,    5716936 total
[2023-10-18T13:35:00.027+0000][7][gc,age      ] GC(32) - age  10:     367888 bytes,    6084824 total
[2023-10-18T13:35:00.027+0000][7][gc,age      ] GC(32) - age  11:    1914128 bytes,    7998952 total
[2023-10-18T13:35:00.027+0000][7][gc,age      ] GC(32) - age  12:    2472784 bytes,   10471736 total
[2023-10-18T13:35:00.027+0000][7][gc,age      ] GC(32) - age  13:    4511648 bytes,   14983384 total
[2023-10-18T13:35:00.027+0000][7][gc,phases   ] GC(32)   Pre Evacuate Collection Set: 0.1ms
[2023-10-18T13:35:00.027+0000][7][gc,phases   ] GC(32)   Merge Heap Roots: 0.1ms
[2023-10-18T13:35:00.027+0000][7][gc,phases   ] GC(32)   Evacuate Collection Set: 9.4ms
[2023-10-18T13:35:00.027+0000][7][gc,phases   ] GC(32)   Post Evacuate Collection Set: 1.0ms
[2023-10-18T13:35:00.027+0000][7][gc,phases   ] GC(32)   Other: 0.4ms
[2023-10-18T13:35:00.027+0000][7][gc,heap     ] GC(32) Eden regions: 72->0(72)
[2023-10-18T13:35:00.027+0000][7][gc,heap     ] GC(32) Survivor regions: 4->4(10)
[2023-10-18T13:35:00.027+0000][7][gc,heap     ] GC(32) Old regions: 20->20
[2023-10-18T13:35:00.027+0000][7][gc,heap     ] GC(32) Archive regions: 2->2
[2023-10-18T13:35:00.027+0000][7][gc,heap     ] GC(32) Humongous regions: 5->5
[2023-10-18T13:35:00.027+0000][7][gc,metaspace] GC(32) Metaspace: 114204K(115840K)->114204K(115840K) NonClass: 98743K(99712K)->98743K(99712K) Class: 15461K(16128K)->15461K(16128K)
[2023-10-18T13:35:00.027+0000][7][gc          ] GC(32) Pause Young (Normal) (G1 Evacuation Pause) 404M->116M(512M) 11.023ms
[2023-10-18T13:35:00.027+0000][7][gc,cpu      ] GC(32) User=0.04s Sys=0.00s Real=0.02s
[2023-10-18T13:35:00.027+0000][7][safepoint   ] Safepoint "G1CollectForAllocation", Time since last: 1392928333 ns, Reaching safepoint: 59930 ns, At safepoint: 11147745 ns, Total: 11207675 ns
[2023-10-18T13:35:01.027+0000][7][safepoint   ] Safepoint "Cleanup", Time since last: 1000077106 ns, Reaching safepoint: 40799 ns, At safepoint: 4477 ns, Total: 45276 ns
[2023-10-18T13:35:02.027+0000][7][safepoint   ] Safepoint "Cleanup", Time since last: 1000111151 ns, Reaching safepoint: 67721 ns, At safepoint: 9647 ns, Total: 77368 ns
[2023-10-18T13:35:03.028+0000][7][safepoint   ] Safepoint "Cleanup", Time since last: 1000144825 ns, Reaching safepoint: 42274 ns, At safepoint: 5137 ns, Total: 47411 ns
[2023-10-18T13:35:04.028+0000][7][safepoint   ] Safepoint "Cleanup", Time since last: 1000114391 ns, Reaching safepoint: 151992 ns, At safepoint: 9129 ns, Total: 161121 ns
[2023-10-18T13:35:05.028+0000][7][safepoint   ] Safepoint "Cleanup", Time since last: 1000113948 ns, Reaching safepoint: 40259 ns, At safepoint: 4438 ns, Total: 44697 ns
[2023-10-18T13:35:06.028+0000][7][safepoint   ] Safepoint "Cleanup", Time since last: 1000118991 ns, Reaching safepoint: 38412 ns, At safepoint: 4810 ns, Total: 43222 ns
[2023-10-18T13:35:07.028+0000][7][safepoint   ] Safepoint "Cleanup", Time since last: 1000133287 ns, Reaching safepoint: 62925 ns, At safepoint: 7438 ns, Total: 70363 ns
[2023-10-18T13:35:08.029+0000][7][safepoint   ] Safepoint "Cleanup", Time since last: 1000152049 ns, Reaching safepoint: 41181 ns, At safepoint: 3831 ns, Total: 45012 ns
[2023-10-18T13:35:10.029+0000][7][safepoint   ] Safepoint "Cleanup", Time since last: 2000178160 ns, Reaching safepoint: 76344 ns, At safepoint: 6393 ns, Total: 82737 ns
[2023-10-18T13:35:11.029+0000][7][safepoint   ] Safepoint "Cleanup", Time since last: 1000090127 ns, Reaching safepoint: 43826 ns, At safepoint: 4241 ns, Total: 48067 ns
[2023-10-18T13:35:12.340+0000][7][safepoint   ] Safepoint "Cleanup", Time since last: 1310905525 ns, Reaching safepoint: 110729 ns, At safepoint: 8828 ns, Total: 119557 ns
[2023-10-18T13:35:13.340+0000][7][safepoint   ] Safepoint "Cleanup", Time since last: 1000120176 ns, Reaching safepoint: 47439 ns, At safepoint: 9101 ns, Total: 56540 ns
[2023-10-18T13:35:14.340+0000][7][safepoint   ] Safepoint "Cleanup", Time since last: 1000147123 ns, Reaching safepoint: 61854 ns, At safepoint: 6600 ns, Total: 68454 ns
[2023-10-18T13:35:16.341+0000][7][safepoint   ] Safepoint "Cleanup", Time since last: 2000178963 ns, Reaching safepoint: 82007 ns, At safepoint: 6475 ns, Total: 88482 ns
[2023-10-18T13:35:18.341+0000][7][safepoint   ] Safepoint "Cleanup", Time since last: 2000153509 ns, Reaching safepoint: 41585 ns, At safepoint: 8145 ns, Total: 49730 ns
[2023-10-18T13:35:18.726+0000][7][gc,start    ] GC(33) Pause Young (Normal) (G1 Evacuation Pause)
[2023-10-18T13:35:18.726+0000][7][gc,task     ] GC(33) Using 8 workers of 8 for evacuation
[2023-10-18T13:35:18.726+0000][7][gc,age      ] GC(33) Desired survivor size 20971520 bytes, new threshold 15 (max threshold 15)
[2023-10-18T13:35:18.734+0000][7][gc,age      ] GC(33) Age table with threshold 15 (max threshold 15)
[2023-10-18T13:35:18.734+0000][7][gc,age      ] GC(33) - age   1:    2074648 bytes,    2074648 total
[2023-10-18T13:35:18.734+0000][7][gc,age      ] GC(33) - age   2:     467240 bytes,    2541888 total
[2023-10-18T13:35:18.734+0000][7][gc,age      ] GC(33) - age   3:     445728 bytes,    2987616 total
[2023-10-18T13:35:18.734+0000][7][gc,age      ] GC(33) - age   4:     322256 bytes,    3309872 total
[2023-10-18T13:35:18.734+0000][7][gc,age      ] GC(33) - age   5:     409064 bytes,    3718936 total
[2023-10-18T13:35:18.734+0000][7][gc,age      ] GC(33) - age   6:     528024 bytes,    4246960 total
[2023-10-18T13:35:18.734+0000][7][gc,age      ] GC(33) - age   7:     341808 bytes,    4588768 total
[2023-10-18T13:35:18.734+0000][7][gc,age      ] GC(33) - age   8:     377984 bytes,    4966752 total
[2023-10-18T13:35:18.734+0000][7][gc,age      ] GC(33) - age   9:     650304 bytes,    5617056 total
[2023-10-18T13:35:18.734+0000][7][gc,age      ] GC(33) - age  10:     494936 bytes,    6111992 total
[2023-10-18T13:35:18.734+0000][7][gc,age      ] GC(33) - age  11:     367888 bytes,    6479880 total
[2023-10-18T13:35:18.734+0000][7][gc,age      ] GC(33) - age  12:    1914128 bytes,    8394008 total
[2023-10-18T13:35:18.734+0000][7][gc,age      ] GC(33) - age  13:    2472784 bytes,   10866792 total
[2023-10-18T13:35:18.734+0000][7][gc,age      ] GC(33) - age  14:    4511648 bytes,   15378440 total
[2023-10-18T13:35:18.734+0000][7][gc,phases   ] GC(33)   Pre Evacuate Collection Set: 0.1ms
[2023-10-18T13:35:18.734+0000][7][gc,phases   ] GC(33)   Merge Heap Roots: 0.1ms
[2023-10-18T13:35:18.734+0000][7][gc,phases   ] GC(33)   Evacuate Collection Set: 7.5ms
[2023-10-18T13:35:18.734+0000][7][gc,phases   ] GC(33)   Post Evacuate Collection Set: 0.7ms
[2023-10-18T13:35:18.734+0000][7][gc,phases   ] GC(33)   Other: 0.3ms
[2023-10-18T13:35:18.734+0000][7][gc,heap     ] GC(33) Eden regions: 72->0(72)
[2023-10-18T13:35:18.734+0000][7][gc,heap     ] GC(33) Survivor regions: 4->4(10)
[2023-10-18T13:35:18.734+0000][7][gc,heap     ] GC(33) Old regions: 20->20
[2023-10-18T13:35:18.734+0000][7][gc,heap     ] GC(33) Archive regions: 2->2
[2023-10-18T13:35:18.734+0000][7][gc,heap     ] GC(33) Humongous regions: 5->5
[2023-10-18T13:35:18.734+0000][7][gc,metaspace] GC(33) Metaspace: 114323K(115968K)->114323K(115968K) NonClass: 98861K(99840K)->98861K(99840K) Class: 15461K(16128K)->15461K(16128K)
[2023-10-18T13:35:18.734+0000][7][gc          ] GC(33) Pause Young (Normal) (G1 Evacuation Pause) 404M->117M(512M) 8.619ms
[2023-10-18T13:35:18.734+0000][7][gc,cpu      ] GC(33) User=0.04s Sys=0.00s Real=0.01s
[2023-10-18T13:35:18.734+0000][7][safepoint   ] Safepoint "G1CollectForAllocation", Time since last: 384776927 ns, Reaching safepoint: 51938 ns, At safepoint: 8690858 ns, Total: 8742796 ns
[2023-10-18T13:35:20.735+0000][7][safepoint   ] Safepoint "Cleanup", Time since last: 2000210657 ns, Reaching safepoint: 53840 ns, At safepoint: 5063 ns, Total: 58903 ns
[2023-10-18T13:35:21.735+0000][7][safepoint   ] Safepoint "Cleanup", Time since last: 1000148005 ns, Reaching safepoint: 82810 ns, At safepoint: 7851 ns, Total: 90661 ns
[2023-10-18T13:35:22.735+0000][7][safepoint   ] Safepoint "Cleanup", Time since last: 1000129292 ns, Reaching safepoint: 53273 ns, At safepoint: 6747 ns, Total: 60020 ns
[2023-10-18T13:35:23.735+0000][7][safepoint   ] Safepoint "Cleanup", Time since last: 1000108284 ns, Reaching safepoint: 81324 ns, At safepoint: 19238 ns, Total: 100562 ns
[2023-10-18T13:35:24.736+0000][7][safepoint   ] Safepoint "Cleanup", Time since last: 1000162531 ns, Reaching safepoint: 50159 ns, At safepoint: 5250 ns, Total: 55409 ns
[2023-10-18T13:35:25.736+0000][7][safepoint   ] Safepoint "Cleanup", Time since last: 1000107303 ns, Reaching safepoint: 108149 ns, At safepoint: 10865 ns, Total: 119014 ns
[2023-10-18T13:35:27.736+0000][7][safepoint   ] Safepoint "Cleanup", Time since last: 2000232321 ns, Reaching safepoint: 117470 ns, At safepoint: 21743 ns, Total: 139213 ns
[2023-10-18T13:35:28.736+0000][7][safepoint   ] Safepoint "Cleanup", Time since last: 1000150468 ns, Reaching safepoint: 68045 ns, At safepoint: 4972 ns, Total: 73017 ns
[2023-10-18T13:35:30.737+0000][7][safepoint   ] Safepoint "Cleanup", Time since last: 2000217470 ns, Reaching safepoint: 36015 ns, At safepoint: 5818 ns, Total: 41833 ns
[2023-10-18T13:35:33.737+0000][7][safepoint   ] Safepoint "Cleanup", Time since last: 3000290853 ns, Reaching safepoint: 116893 ns, At safepoint: 8457 ns, Total: 125350 ns
[2023-10-18T13:35:34.737+0000][7][safepoint   ] Safepoint "Cleanup", Time since last: 1000094456 ns, Reaching safepoint: 35339 ns, At safepoint: 3286 ns, Total: 38625 ns
[2023-10-18T13:35:35.737+0000][7][safepoint   ] Safepoint "Cleanup", Time since last: 1000096178 ns, Reaching safepoint: 53069 ns, At safepoint: 3645 ns, Total: 56714 ns
[2023-10-18T13:35:36.738+0000][7][safepoint   ] Safepoint "Cleanup", Time since last: 1000136043 ns, Reaching safepoint: 150820 ns, At safepoint: 11207 ns, Total: 162027 ns
[2023-10-18T13:35:37.461+0000][7][gc,start    ] GC(34) Pause Young (Normal) (G1 Evacuation Pause)
[2023-10-18T13:35:37.461+0000][7][gc,task     ] GC(34) Using 8 workers of 8 for evacuation
[2023-10-18T13:35:37.461+0000][7][gc,age      ] GC(34) Desired survivor size 20971520 bytes, new threshold 15 (max threshold 15)
[2023-10-18T13:35:37.469+0000][7][gc,age      ] GC(34) Age table with threshold 15 (max threshold 15)
[2023-10-18T13:35:37.469+0000][7][gc,age      ] GC(34) - age   1:    2473368 bytes,    2473368 total
[2023-10-18T13:35:37.469+0000][7][gc,age      ] GC(34) - age   2:     699288 bytes,    3172656 total
[2023-10-18T13:35:37.469+0000][7][gc,age      ] GC(34) - age   3:     245952 bytes,    3418608 total
[2023-10-18T13:35:37.469+0000][7][gc,age      ] GC(34) - age   4:     268768 bytes,    3687376 total
[2023-10-18T13:35:37.469+0000][7][gc,age      ] GC(34) - age   5:     321536 bytes,    4008912 total
[2023-10-18T13:35:37.469+0000][7][gc,age      ] GC(34) - age   6:     408904 bytes,    4417816 total
[2023-10-18T13:35:37.469+0000][7][gc,age      ] GC(34) - age   7:     527880 bytes,    4945696 total
[2023-10-18T13:35:37.469+0000][7][gc,age      ] GC(34) - age   8:     341560 bytes,    5287256 total
[2023-10-18T13:35:37.469+0000][7][gc,age      ] GC(34) - age   9:     377920 bytes,    5665176 total
[2023-10-18T13:35:37.469+0000][7][gc,age      ] GC(34) - age  10:     650096 bytes,    6315272 total
[2023-10-18T13:35:37.469+0000][7][gc,age      ] GC(34) - age  11:     494712 bytes,    6809984 total
[2023-10-18T13:35:37.469+0000][7][gc,age      ] GC(34) - age  12:     367888 bytes,    7177872 total
[2023-10-18T13:35:37.469+0000][7][gc,age      ] GC(34) - age  13:    1913640 bytes,    9091512 total
[2023-10-18T13:35:37.469+0000][7][gc,age      ] GC(34) - age  14:    2472648 bytes,   11564160 total
[2023-10-18T13:35:37.469+0000][7][gc,age      ] GC(34) - age  15:    4511648 bytes,   16075808 total
[2023-10-18T13:35:37.469+0000][7][gc,phases   ] GC(34)   Pre Evacuate Collection Set: 0.1ms
[2023-10-18T13:35:37.469+0000][7][gc,phases   ] GC(34)   Merge Heap Roots: 0.1ms
[2023-10-18T13:35:37.469+0000][7][gc,phases   ] GC(34)   Evacuate Collection Set: 7.6ms
[2023-10-18T13:35:37.469+0000][7][gc,phases   ] GC(34)   Post Evacuate Collection Set: 0.7ms
[2023-10-18T13:35:37.469+0000][7][gc,phases   ] GC(34)   Other: 0.3ms
[2023-10-18T13:35:37.469+0000][7][gc,heap     ] GC(34) Eden regions: 72->0(71)
[2023-10-18T13:35:37.469+0000][7][gc,heap     ] GC(34) Survivor regions: 4->5(10)
[2023-10-18T13:35:37.469+0000][7][gc,heap     ] GC(34) Old regions: 20->20
[2023-10-18T13:35:37.469+0000][7][gc,heap     ] GC(34) Archive regions: 2->2
[2023-10-18T13:35:37.469+0000][7][gc,heap     ] GC(34) Humongous regions: 5->5
[2023-10-18T13:35:37.469+0000][7][gc,metaspace] GC(34) Metaspace: 114459K(116032K)->114459K(116032K) NonClass: 98995K(99904K)->98995K(99904K) Class: 15464K(16128K)->15464K(16128K)
[2023-10-18T13:35:37.469+0000][7][gc          ] GC(34) Pause Young (Normal) (G1 Evacuation Pause) 405M->117M(512M) 8.766ms
[2023-10-18T13:35:37.469+0000][7][gc,cpu      ] GC(34) User=0.05s Sys=0.00s Real=0.01s
[2023-10-18T13:35:37.469+0000][7][safepoint   ] Safepoint "G1CollectForAllocation", Time since last: 722820053 ns, Reaching safepoint: 58114 ns, At safepoint: 8846773 ns, Total: 8904887 ns
[2023-10-18T13:35:38.470+0000][7][safepoint   ] Safepoint "Cleanup", Time since last: 1000078022 ns, Reaching safepoint: 32820 ns, At safepoint: 3972 ns, Total: 36792 ns
[2023-10-18T13:35:39.470+0000][7][safepoint   ] Safepoint "Cleanup", Time since last: 1000104974 ns, Reaching safepoint: 51145 ns, At safepoint: 5977 ns, Total: 57122 ns
[2023-10-18T13:35:40.470+0000][7][safepoint   ] Safepoint "Cleanup", Time since last: 1000100820 ns, Reaching safepoint: 49886 ns, At safepoint: 7928 ns, Total: 57814 ns
[2023-10-18T13:35:41.470+0000][7][safepoint   ] Safepoint "Cleanup", Time since last: 1000130360 ns, Reaching safepoint: 102907 ns, At safepoint: 13845 ns, Total: 116752 ns
[2023-10-18T13:35:42.470+0000][7][safepoint   ] Safepoint "Cleanup", Time since last: 1000251808 ns, Reaching safepoint: 92976 ns, At safepoint: 15072 ns, Total: 108048 ns
[2023-10-18T13:35:43.471+0000][7][safepoint   ] Safepoint "Cleanup", Time since last: 1000168113 ns, Reaching safepoint: 59217 ns, At safepoint: 7072 ns, Total: 66289 ns
[2023-10-18T13:35:45.471+0000][7][safepoint   ] Safepoint "Cleanup", Time since last: 2000249535 ns, Reaching safepoint: 79449 ns, At safepoint: 4732 ns, Total: 84181 ns
[2023-10-18T13:35:46.472+0000][7][safepoint   ] Safepoint "Cleanup", Time since last: 1000813744 ns, Reaching safepoint: 156710 ns, At safepoint: 6990 ns, Total: 163700 ns
[2023-10-18T13:35:47.472+0000][7][safepoint   ] Safepoint "Cleanup", Time since last: 1000098659 ns, Reaching safepoint: 80017 ns, At safepoint: 6920 ns, Total: 86937 ns
[2023-10-18T13:35:48.472+0000][7][safepoint   ] Safepoint "Cleanup", Time since last: 1000106405 ns, Reaching safepoint: 42129 ns, At safepoint: 3189 ns, Total: 45318 ns
[2023-10-18T13:35:49.472+0000][7][safepoint   ] Safepoint "Cleanup", Time since last: 1000130623 ns, Reaching safepoint: 42380 ns, At safepoint: 4933 ns, Total: 47313 ns
[2023-10-18T13:35:50.473+0000][7][safepoint   ] Safepoint "Cleanup", Time since last: 1000094808 ns, Reaching safepoint: 41868 ns, At safepoint: 7201 ns, Total: 49069 ns
[2023-10-18T13:35:51.473+0000][7][safepoint   ] Safepoint "Cleanup", Time since last: 1000094132 ns, Reaching safepoint: 34121 ns, At safepoint: 2995 ns, Total: 37116 ns
[2023-10-18T13:35:52.473+0000][7][safepoint   ] Safepoint "Cleanup", Time since last: 1000119896 ns, Reaching safepoint: 34363 ns, At safepoint: 4949 ns, Total: 39312 ns
[2023-10-18T13:35:53.473+0000][7][safepoint   ] Safepoint "Cleanup", Time since last: 1000087691 ns, Reaching safepoint: 42495 ns, At safepoint: 2664 ns, Total: 45159 ns
[2023-10-18T13:35:54.473+0000][7][safepoint   ] Safepoint "Cleanup", Time since last: 1000091032 ns, Reaching safepoint: 54339 ns, At safepoint: 3062 ns, Total: 57401 ns
[2023-10-18T13:35:56.473+0000][7][safepoint   ] Safepoint "Cleanup", Time since last: 2000183963 ns, Reaching safepoint: 36459 ns, At safepoint: 3539 ns, Total: 39998 ns
[2023-10-18T13:35:57.474+0000][7][safepoint   ] Safepoint "Cleanup", Time since last: 1000104855 ns, Reaching safepoint: 41723 ns, At safepoint: 3102 ns, Total: 44825 ns
[2023-10-18T13:35:59.248+0000][7][gc,start    ] GC(35) Pause Young (Normal) (G1 Evacuation Pause)
[2023-10-18T13:35:59.248+0000][7][gc,task     ] GC(35) Using 8 workers of 8 for evacuation
[2023-10-18T13:35:59.248+0000][7][gc,age      ] GC(35) Desired survivor size 20971520 bytes, new threshold 15 (max threshold 15)
[2023-10-18T13:35:59.276+0000][7][gc,age      ] GC(35) Age table with threshold 15 (max threshold 15)
[2023-10-18T13:35:59.276+0000][7][gc,age      ] GC(35) - age   1:    2179480 bytes,    2179480 total
[2023-10-18T13:35:59.276+0000][7][gc,age      ] GC(35) - age   2:     962920 bytes,    3142400 total
[2023-10-18T13:35:59.276+0000][7][gc,age      ] GC(35) - age   3:     365480 bytes,    3507880 total
[2023-10-18T13:35:59.276+0000][7][gc,age      ] GC(35) - age   4:     237200 bytes,    3745080 total
[2023-10-18T13:35:59.276+0000][7][gc,age      ] GC(35) - age   5:     268704 bytes,    4013784 total
[2023-10-18T13:35:59.276+0000][7][gc,age      ] GC(35) - age   6:     321472 bytes,    4335256 total
[2023-10-18T13:35:59.276+0000][7][gc,age      ] GC(35) - age   7:     408608 bytes,    4743864 total
[2023-10-18T13:35:59.276+0000][7][gc,age      ] GC(35) - age   8:     396776 bytes,    5140640 total
[2023-10-18T13:35:59.276+0000][7][gc,age      ] GC(35) - age   9:     341560 bytes,    5482200 total
[2023-10-18T13:35:59.276+0000][7][gc,age      ] GC(35) - age  10:     377576 bytes,    5859776 total
[2023-10-18T13:35:59.276+0000][7][gc,age      ] GC(35) - age  11:     650096 bytes,    6509872 total
[2023-10-18T13:35:59.276+0000][7][gc,age      ] GC(35) - age  12:     494680 bytes,    7004552 total
[2023-10-18T13:35:59.276+0000][7][gc,age      ] GC(35) - age  13:     367752 bytes,    7372304 total
[2023-10-18T13:35:59.276+0000][7][gc,age      ] GC(35) - age  14:    1913384 bytes,    9285688 total
[2023-10-18T13:35:59.276+0000][7][gc,age      ] GC(35) - age  15:    2472648 bytes,   11758336 total
[2023-10-18T13:35:59.276+0000][7][gc,phases   ] GC(35)   Pre Evacuate Collection Set: 0.1ms
[2023-10-18T13:35:59.276+0000][7][gc,phases   ] GC(35)   Merge Heap Roots: 0.1ms
[2023-10-18T13:35:59.276+0000][7][gc,phases   ] GC(35)   Evacuate Collection Set: 21.5ms
[2023-10-18T13:35:59.276+0000][7][gc,phases   ] GC(35)   Post Evacuate Collection Set: 6.6ms
[2023-10-18T13:35:59.276+0000][7][gc,phases   ] GC(35)   Other: 0.3ms
[2023-10-18T13:35:59.276+0000][7][gc,heap     ] GC(35) Eden regions: 71->0(72)
[2023-10-18T13:35:59.276+0000][7][gc,heap     ] GC(35) Survivor regions: 5->4(10)
[2023-10-18T13:35:59.276+0000][7][gc,heap     ] GC(35) Old regions: 20->21
[2023-10-18T13:35:59.276+0000][7][gc,heap     ] GC(35) Archive regions: 2->2
[2023-10-18T13:35:59.276+0000][7][gc,heap     ] GC(35) Humongous regions: 5->5
[2023-10-18T13:35:59.276+0000][7][gc,metaspace] GC(35) Metaspace: 114552K(116224K)->114552K(116224K) NonClass: 99088K(100096K)->99088K(100096K) Class: 15464K(16128K)->15464K(16128K)
[2023-10-18T13:35:59.276+0000][7][gc          ] GC(35) Pause Young (Normal) (G1 Evacuation Pause) 401M->118M(512M) 28.479ms
[2023-10-18T13:35:59.276+0000][7][gc,cpu      ] GC(35) User=0.04s Sys=0.01s Real=0.03s
[2023-10-18T13:35:59.276+0000][7][safepoint   ] Safepoint "G1CollectForAllocation", Time since last: 1774323365 ns, Reaching safepoint: 29023 ns, At safepoint: 28567352 ns, Total: 28596375 ns
[2023-10-18T13:36:00.277+0000][7][safepoint   ] Safepoint "Cleanup", Time since last: 1000075973 ns, Reaching safepoint: 42620 ns, At safepoint: 5301 ns, Total: 47921 ns
[2023-10-18T13:36:08.277+0000][7][safepoint   ] Safepoint "Cleanup", Time since last: 8000511113 ns, Reaching safepoint: 64691 ns, At safepoint: 4681 ns, Total: 69372 ns
[2023-10-18T13:36:13.279+0000][7][safepoint   ] Safepoint "Cleanup", Time since last: 5000343840 ns, Reaching safepoint: 1872556 ns, At safepoint: 24641 ns, Total: 1897197 ns
[2023-10-18T13:36:14.280+0000][7][safepoint   ] Safepoint "Cleanup", Time since last: 1000093506 ns, Reaching safepoint: 54809 ns, At safepoint: 7856 ns, Total: 62665 ns
[2023-10-18T13:36:15.280+0000][7][safepoint   ] Safepoint "Cleanup", Time since last: 1000101750 ns, Reaching safepoint: 35661 ns, At safepoint: 3802 ns, Total: 39463 ns
[2023-10-18T13:36:16.280+0000][7][safepoint   ] Safepoint "Cleanup", Time since last: 1000096746 ns, Reaching safepoint: 114464 ns, At safepoint: 9028 ns, Total: 123492 ns
[2023-10-18T13:36:17.280+0000][7][safepoint   ] Safepoint "Cleanup", Time since last: 1000105612 ns, Reaching safepoint: 46902 ns, At safepoint: 5446 ns, Total: 52348 ns
[2023-10-18T13:36:18.280+0000][7][safepoint   ] Safepoint "Cleanup", Time since last: 1000105004 ns, Reaching safepoint: 45103 ns, At safepoint: 5718 ns, Total: 50821 ns
[2023-10-18T13:36:19.280+0000][7][safepoint   ] Safepoint "Cleanup", Time since last: 1000097798 ns, Reaching safepoint: 59266 ns, At safepoint: 3341 ns, Total: 62607 ns
[2023-10-18T13:36:20.281+0000][7][safepoint   ] Safepoint "Cleanup", Time since last: 1000140217 ns, Reaching safepoint: 32387 ns, At safepoint: 3690 ns, Total: 36077 ns
[2023-10-18T13:36:21.473+0000][7][gc,start    ] GC(36) Pause Young (Normal) (G1 Evacuation Pause)
[2023-10-18T13:36:21.473+0000][7][gc,task     ] GC(36) Using 8 workers of 8 for evacuation
[2023-10-18T13:36:21.473+0000][7][gc,age      ] GC(36) Desired survivor size 20971520 bytes, new threshold 15 (max threshold 15)
[2023-10-18T13:36:21.487+0000][7][gc,age      ] GC(36) Age table with threshold 15 (max threshold 15)
[2023-10-18T13:36:21.487+0000][7][gc,age      ] GC(36) - age   1:    2055504 bytes,    2055504 total
[2023-10-18T13:36:21.487+0000][7][gc,age      ] GC(36) - age   2:     571192 bytes,    2626696 total
[2023-10-18T13:36:21.487+0000][7][gc,age      ] GC(36) - age   3:     521400 bytes,    3148096 total
[2023-10-18T13:36:21.487+0000][7][gc,age      ] GC(36) - age   4:     348608 bytes,    3496704 total
[2023-10-18T13:36:21.487+0000][7][gc,age      ] GC(36) - age   5:     236952 bytes,    3733656 total
[2023-10-18T13:36:21.487+0000][7][gc,age      ] GC(36) - age   6:     268704 bytes,    4002360 total
[2023-10-18T13:36:21.487+0000][7][gc,age      ] GC(36) - age   7:     321472 bytes,    4323832 total
[2023-10-18T13:36:21.487+0000][7][gc,age      ] GC(36) - age   8:     277520 bytes,    4601352 total
[2023-10-18T13:36:21.487+0000][7][gc,age      ] GC(36) - age   9:     396776 bytes,    4998128 total
[2023-10-18T13:36:21.487+0000][7][gc,age      ] GC(36) - age  10:     341560 bytes,    5339688 total
[2023-10-18T13:36:21.487+0000][7][gc,age      ] GC(36) - age  11:     377576 bytes,    5717264 total
[2023-10-18T13:36:21.487+0000][7][gc,age      ] GC(36) - age  12:     649960 bytes,    6367224 total
[2023-10-18T13:36:21.487+0000][7][gc,age      ] GC(36) - age  13:     494680 bytes,    6861904 total
[2023-10-18T13:36:21.487+0000][7][gc,age      ] GC(36) - age  14:     367752 bytes,    7229656 total
[2023-10-18T13:36:21.487+0000][7][gc,age      ] GC(36) - age  15:    1913384 bytes,    9143040 total
[2023-10-18T13:36:21.487+0000][7][gc,phases   ] GC(36)   Pre Evacuate Collection Set: 0.1ms
[2023-10-18T13:36:21.487+0000][7][gc,phases   ] GC(36)   Merge Heap Roots: 0.0ms
[2023-10-18T13:36:21.487+0000][7][gc,phases   ] GC(36)   Evacuate Collection Set: 13.4ms
[2023-10-18T13:36:21.487+0000][7][gc,phases   ] GC(36)   Post Evacuate Collection Set: 0.5ms
[2023-10-18T13:36:21.487+0000][7][gc,phases   ] GC(36)   Other: 0.4ms
[2023-10-18T13:36:21.487+0000][7][gc,heap     ] GC(36) Eden regions: 72->0(73)
[2023-10-18T13:36:21.487+0000][7][gc,heap     ] GC(36) Survivor regions: 4->3(10)
[2023-10-18T13:36:21.487+0000][7][gc,heap     ] GC(36) Old regions: 21->22
[2023-10-18T13:36:21.487+0000][7][gc,heap     ] GC(36) Archive regions: 2->2
[2023-10-18T13:36:21.487+0000][7][gc,heap     ] GC(36) Humongous regions: 5->5
[2023-10-18T13:36:21.487+0000][7][gc,metaspace] GC(36) Metaspace: 114607K(116224K)->114607K(116224K) NonClass: 99143K(100096K)->99143K(100096K) Class: 15464K(16128K)->15464K(16128K)
[2023-10-18T13:36:21.487+0000][7][gc          ] GC(36) Pause Young (Normal) (G1 Evacuation Pause) 406M->118M(512M) 14.454ms
[2023-10-18T13:36:21.487+0000][7][gc,cpu      ] GC(36) User=0.04s Sys=0.00s Real=0.02s
[2023-10-18T13:36:21.487+0000][7][safepoint   ] Safepoint "G1CollectForAllocation", Time since last: 1184372458 ns, Reaching safepoint: 7489795 ns, At safepoint: 14547908 ns, Total: 22037703 ns
[2023-10-18T13:36:22.487+0000][7][safepoint   ] Safepoint "Cleanup", Time since last: 1000105246 ns, Reaching safepoint: 42836 ns, At safepoint: 4475 ns, Total: 47311 ns
[2023-10-18T13:36:23.487+0000][7][safepoint   ] Safepoint "Cleanup", Time since last: 1000093962 ns, Reaching safepoint: 46891 ns, At safepoint: 4861 ns, Total: 51752 ns
[2023-10-18T13:36:25.488+0000][7][safepoint   ] Safepoint "Cleanup", Time since last: 2000236161 ns, Reaching safepoint: 162390 ns, At safepoint: 7339 ns, Total: 169729 ns
[2023-10-18T13:36:26.488+0000][7][safepoint   ] Safepoint "Cleanup", Time since last: 1000252535 ns, Reaching safepoint: 61000 ns, At safepoint: 5594 ns, Total: 66594 ns
[2023-10-18T13:36:27.488+0000][7][safepoint   ] Safepoint "Cleanup", Time since last: 1000105089 ns, Reaching safepoint: 88973 ns, At safepoint: 5351 ns, Total: 94324 ns
[2023-10-18T13:36:28.488+0000][7][safepoint   ] Safepoint "Cleanup", Time since last: 1000132130 ns, Reaching safepoint: 44832 ns, At safepoint: 8402 ns, Total: 53234 ns
[2023-10-18T13:36:29.489+0000][7][safepoint   ] Safepoint "Cleanup", Time since last: 1000122783 ns, Reaching safepoint: 65858 ns, At safepoint: 19576 ns, Total: 85434 ns
[2023-10-18T13:36:30.489+0000][7][safepoint   ] Safepoint "Cleanup", Time since last: 1000115896 ns, Reaching safepoint: 82632 ns, At safepoint: 4991 ns, Total: 87623 ns
[2023-10-18T13:36:33.489+0000][7][safepoint   ] Safepoint "Cleanup", Time since last: 3000272148 ns, Reaching safepoint: 32437 ns, At safepoint: 3696 ns, Total: 36133 ns
[2023-10-18T13:36:34.489+0000][7][safepoint   ] Safepoint "Cleanup", Time since last: 1000145833 ns, Reaching safepoint: 62858 ns, At safepoint: 5161 ns, Total: 68019 ns
[2023-10-18T13:36:35.490+0000][7][safepoint   ] Safepoint "Cleanup", Time since last: 1000133484 ns, Reaching safepoint: 78374 ns, At safepoint: 3500 ns, Total: 81874 ns
[2023-10-18T13:36:36.490+0000][7][safepoint   ] Safepoint "Cleanup", Time since last: 1000122102 ns, Reaching safepoint: 82301 ns, At safepoint: 7497 ns, Total: 89798 ns
[2023-10-18T13:36:37.490+0000][7][safepoint   ] Safepoint "Cleanup", Time since last: 1000151414 ns, Reaching safepoint: 53692 ns, At safepoint: 5574 ns, Total: 59266 ns
[2023-10-18T13:36:38.490+0000][7][safepoint   ] Safepoint "Cleanup", Time since last: 1000144455 ns, Reaching safepoint: 143044 ns, At safepoint: 11318 ns, Total: 154362 ns
[2023-10-18T13:36:39.682+0000][7][gc,start    ] GC(37) Pause Young (Normal) (G1 Evacuation Pause)
[2023-10-18T13:36:39.682+0000][7][gc,task     ] GC(37) Using 8 workers of 8 for evacuation
[2023-10-18T13:36:39.682+0000][7][gc,age      ] GC(37) Desired survivor size 20971520 bytes, new threshold 15 (max threshold 15)
[2023-10-18T13:36:39.715+0000][7][gc,age      ] GC(37) Age table with threshold 15 (max threshold 15)
[2023-10-18T13:36:39.715+0000][7][gc,age      ] GC(37) - age   1:    2014952 bytes,    2014952 total
[2023-10-18T13:36:39.715+0000][7][gc,age      ] GC(37) - age   2:    1376288 bytes,    3391240 total
[2023-10-18T13:36:39.715+0000][7][gc,age      ] GC(37) - age   3:     556920 bytes,    3948160 total
[2023-10-18T13:36:39.715+0000][7][gc,age      ] GC(37) - age   4:     342088 bytes,    4290248 total
[2023-10-18T13:36:39.715+0000][7][gc,age      ] GC(37) - age   5:     208912 bytes,    4499160 total
[2023-10-18T13:36:39.715+0000][7][gc,age      ] GC(37) - age   6:     236856 bytes,    4736016 total
[2023-10-18T13:36:39.715+0000][7][gc,age      ] GC(37) - age   7:     268504 bytes,    5004520 total
[2023-10-18T13:36:39.715+0000][7][gc,age      ] GC(37) - age   8:     321440 bytes,    5325960 total
[2023-10-18T13:36:39.715+0000][7][gc,age      ] GC(37) - age   9:     277456 bytes,    5603416 total
[2023-10-18T13:36:39.715+0000][7][gc,age      ] GC(37) - age  10:     396680 bytes,    6000096 total
[2023-10-18T13:36:39.715+0000][7][gc,age      ] GC(37) - age  11:     340696 bytes,    6340792 total
[2023-10-18T13:36:39.715+0000][7][gc,age      ] GC(37) - age  12:     377576 bytes,    6718368 total
[2023-10-18T13:36:39.715+0000][7][gc,age      ] GC(37) - age  13:     649904 bytes,    7368272 total
[2023-10-18T13:36:39.715+0000][7][gc,age      ] GC(37) - age  14:     494680 bytes,    7862952 total
[2023-10-18T13:36:39.715+0000][7][gc,age      ] GC(37) - age  15:     367752 bytes,    8230704 total
[2023-10-18T13:36:39.715+0000][7][gc,phases   ] GC(37)   Pre Evacuate Collection Set: 0.1ms
[2023-10-18T13:36:39.715+0000][7][gc,phases   ] GC(37)   Merge Heap Roots: 0.0ms
[2023-10-18T13:36:39.715+0000][7][gc,phases   ] GC(37)   Evacuate Collection Set: 21.0ms
[2023-10-18T13:36:39.715+0000][7][gc,phases   ] GC(37)   Post Evacuate Collection Set: 12.4ms
[2023-10-18T13:36:39.715+0000][7][gc,phases   ] GC(37)   Other: 0.2ms
[2023-10-18T13:36:39.716+0000][7][gc,heap     ] GC(37) Eden regions: 73->0(73)
[2023-10-18T13:36:39.716+0000][7][gc,heap     ] GC(37) Survivor regions: 3->3(10)
[2023-10-18T13:36:39.716+0000][7][gc,heap     ] GC(37) Old regions: 22->22
[2023-10-18T13:36:39.716+0000][7][gc,heap     ] GC(37) Archive regions: 2->2
[2023-10-18T13:36:39.716+0000][7][gc,heap     ] GC(37) Humongous regions: 5->5
[2023-10-18T13:36:39.716+0000][7][gc,metaspace] GC(37) Metaspace: 114699K(116416K)->114699K(116416K) NonClass: 99234K(100224K)->99234K(100224K) Class: 15465K(16192K)->15465K(16192K)
[2023-10-18T13:36:39.716+0000][7][gc          ] GC(37) Pause Young (Normal) (G1 Evacuation Pause) 410M->118M(512M) 33.777ms
[2023-10-18T13:36:39.716+0000][7][gc,cpu      ] GC(37) User=0.03s Sys=0.01s Real=0.03s
[2023-10-18T13:36:39.716+0000][7][safepoint   ] Safepoint "G1CollectForAllocation", Time since last: 1191400688 ns, Reaching safepoint: 36750 ns, At safepoint: 33841477 ns, Total: 33878227 ns
[2023-10-18T13:36:40.716+0000][7][safepoint   ] Safepoint "Cleanup", Time since last: 1000088349 ns, Reaching safepoint: 42848 ns, At safepoint: 3067 ns, Total: 45915 ns
[2023-10-18T13:36:42.716+0000][7][safepoint   ] Safepoint "Cleanup", Time since last: 2000186279 ns, Reaching safepoint: 69313 ns, At safepoint: 8862 ns, Total: 78175 ns
[2023-10-18T13:36:45.716+0000][7][safepoint   ] Safepoint "Cleanup", Time since last: 3000221121 ns, Reaching safepoint: 87931 ns, At safepoint: 6264 ns, Total: 94195 ns
[2023-10-18T13:36:46.716+0000][7][safepoint   ] Safepoint "Cleanup", Time since last: 1000119250 ns, Reaching safepoint: 43664 ns, At safepoint: 8149 ns, Total: 51813 ns
[2023-10-18T13:36:47.717+0000][7][safepoint   ] Safepoint "Cleanup", Time since last: 1000158786 ns, Reaching safepoint: 106992 ns, At safepoint: 4681 ns, Total: 111673 ns
[2023-10-18T13:36:48.718+0000][7][safepoint   ] Safepoint "Cleanup", Time since last: 1000124474 ns, Reaching safepoint: 668582 ns, At safepoint: 12506 ns, Total: 681088 ns
[2023-10-18T13:36:49.718+0000][7][safepoint   ] Safepoint "Cleanup", Time since last: 1000587973 ns, Reaching safepoint: 115265 ns, At safepoint: 5221 ns, Total: 120486 ns
[2023-10-18T13:36:50.718+0000][7][safepoint   ] Safepoint "Cleanup", Time since last: 1000131322 ns, Reaching safepoint: 54972 ns, At safepoint: 3803 ns, Total: 58775 ns
[2023-10-18T13:36:51.719+0000][7][safepoint   ] Safepoint "Cleanup", Time since last: 1000141690 ns, Reaching safepoint: 121079 ns, At safepoint: 9473 ns, Total: 130552 ns
[2023-10-18T13:36:52.719+0000][7][safepoint   ] Safepoint "Cleanup", Time since last: 1000114924 ns, Reaching safepoint: 46112 ns, At safepoint: 7571 ns, Total: 53683 ns
[2023-10-18T13:36:54.719+0000][7][safepoint   ] Safepoint "Cleanup", Time since last: 2000186755 ns, Reaching safepoint: 38879 ns, At safepoint: 3714 ns, Total: 42593 ns
[2023-10-18T13:36:55.719+0000][7][safepoint   ] Safepoint "Cleanup", Time since last: 1000101560 ns, Reaching safepoint: 48587 ns, At safepoint: 3814 ns, Total: 52401 ns
[2023-10-18T13:36:57.720+0000][7][safepoint   ] Safepoint "Cleanup", Time since last: 2000198648 ns, Reaching safepoint: 62854 ns, At safepoint: 7415 ns, Total: 70269 ns
[2023-10-18T13:36:57.766+0000][7][gc,start    ] GC(38) Pause Young (Normal) (G1 Evacuation Pause)
[2023-10-18T13:36:57.766+0000][7][gc,task     ] GC(38) Using 8 workers of 8 for evacuation
[2023-10-18T13:36:57.766+0000][7][gc,age      ] GC(38) Desired survivor size 20971520 bytes, new threshold 15 (max threshold 15)
[2023-10-18T13:36:57.770+0000][7][gc,age      ] GC(38) Age table with threshold 15 (max threshold 15)
[2023-10-18T13:36:57.770+0000][7][gc,age      ] GC(38) - age   1:    2058200 bytes,    2058200 total
[2023-10-18T13:36:57.770+0000][7][gc,age      ] GC(38) - age   2:     835680 bytes,    2893880 total
[2023-10-18T13:36:57.770+0000][7][gc,age      ] GC(38) - age   3:     915904 bytes,    3809784 total
[2023-10-18T13:36:57.770+0000][7][gc,age      ] GC(38) - age   4:     556400 bytes,    4366184 total
[2023-10-18T13:36:57.770+0000][7][gc,age      ] GC(38) - age   5:     340840 bytes,    4707024 total
[2023-10-18T13:36:57.770+0000][7][gc,age      ] GC(38) - age   6:     208880 bytes,    4915904 total
[2023-10-18T13:36:57.770+0000][7][gc,age      ] GC(38) - age   7:     236704 bytes,    5152608 total
[2023-10-18T13:36:57.770+0000][7][gc,age      ] GC(38) - age   8:     268440 bytes,    5421048 total
[2023-10-18T13:36:57.770+0000][7][gc,age      ] GC(38) - age   9:     321440 bytes,    5742488 total
[2023-10-18T13:36:57.770+0000][7][gc,age      ] GC(38) - age  10:     277456 bytes,    6019944 total
[2023-10-18T13:36:57.770+0000][7][gc,age      ] GC(38) - age  11:     396680 bytes,    6416624 total
[2023-10-18T13:36:57.770+0000][7][gc,age      ] GC(38) - age  12:     340496 bytes,    6757120 total
[2023-10-18T13:36:57.770+0000][7][gc,age      ] GC(38) - age  13:     377576 bytes,    7134696 total
[2023-10-18T13:36:57.770+0000][7][gc,age      ] GC(38) - age  14:     649904 bytes,    7784600 total
[2023-10-18T13:36:57.770+0000][7][gc,age      ] GC(38) - age  15:     494680 bytes,    8279280 total
[2023-10-18T13:36:57.770+0000][7][gc,phases   ] GC(38)   Pre Evacuate Collection Set: 0.1ms
[2023-10-18T13:36:57.770+0000][7][gc,phases   ] GC(38)   Merge Heap Roots: 0.1ms
[2023-10-18T13:36:57.770+0000][7][gc,phases   ] GC(38)   Evacuate Collection Set: 3.6ms
[2023-10-18T13:36:57.770+0000][7][gc,phases   ] GC(38)   Post Evacuate Collection Set: 0.6ms
[2023-10-18T13:36:57.770+0000][7][gc,phases   ] GC(38)   Other: 0.3ms
[2023-10-18T13:36:57.770+0000][7][gc,heap     ] GC(38) Eden regions: 73->0(73)
[2023-10-18T13:36:57.770+0000][7][gc,heap     ] GC(38) Survivor regions: 3->3(10)
[2023-10-18T13:36:57.770+0000][7][gc,heap     ] GC(38) Old regions: 22->22
[2023-10-18T13:36:57.770+0000][7][gc,heap     ] GC(38) Archive regions: 2->2
[2023-10-18T13:36:57.771+0000][7][gc,heap     ] GC(38) Humongous regions: 5->5
[2023-10-18T13:36:57.771+0000][7][gc,metaspace] GC(38) Metaspace: 114807K(116480K)->114807K(116480K) NonClass: 99340K(100288K)->99340K(100288K) Class: 15467K(16192K)->15467K(16192K)
[2023-10-18T13:36:57.771+0000][7][gc          ] GC(38) Pause Young (Normal) (G1 Evacuation Pause) 410M->119M(512M) 4.717ms
[2023-10-18T13:36:57.771+0000][7][gc,cpu      ] GC(38) User=0.02s Sys=0.00s Real=0.01s
[2023-10-18T13:36:57.771+0000][7][safepoint   ] Safepoint "G1CollectForAllocation", Time since last: 46164284 ns, Reaching safepoint: 51489 ns, At safepoint: 4827051 ns, Total: 4878540 ns
[2023-10-18T13:36:58.771+0000][7][safepoint   ] Safepoint "Cleanup", Time since last: 1000091008 ns, Reaching safepoint: 46424 ns, At safepoint: 8451 ns, Total: 54875 ns
[2023-10-18T13:37:00.771+0000][7][safepoint   ] Safepoint "Cleanup", Time since last: 2000238929 ns, Reaching safepoint: 38727 ns, At safepoint: 4074 ns, Total: 42801 ns
[2023-10-18T13:37:01.771+0000][7][safepoint   ] Safepoint "Cleanup", Time since last: 1000102073 ns, Reaching safepoint: 44461 ns, At safepoint: 4287 ns, Total: 48748 ns
[2023-10-18T13:37:02.771+0000][7][safepoint   ] Safepoint "Cleanup", Time since last: 1000126530 ns, Reaching safepoint: 38351 ns, At safepoint: 4558 ns, Total: 42909 ns
[2023-10-18T13:37:03.772+0000][7][safepoint   ] Safepoint "Cleanup", Time since last: 1000169855 ns, Reaching safepoint: 110067 ns, At safepoint: 5570 ns, Total: 115637 ns
[2023-10-18T13:37:04.772+0000][7][safepoint   ] Safepoint "Cleanup", Time since last: 1000113584 ns, Reaching safepoint: 63794 ns, At safepoint: 6449 ns, Total: 70243 ns
[2023-10-18T13:37:05.772+0000][7][safepoint   ] Safepoint "Cleanup", Time since last: 1000138516 ns, Reaching safepoint: 131918 ns, At safepoint: 12509 ns, Total: 144427 ns
[2023-10-18T13:37:06.772+0000][7][safepoint   ] Safepoint "Cleanup", Time since last: 1000127436 ns, Reaching safepoint: 53161 ns, At safepoint: 4138 ns, Total: 57299 ns
[2023-10-18T13:37:07.772+0000][7][safepoint   ] Safepoint "Cleanup", Time since last: 1000135549 ns, Reaching safepoint: 41199 ns, At safepoint: 4428 ns, Total: 45627 ns
[2023-10-18T13:37:09.773+0000][7][safepoint   ] Safepoint "Cleanup", Time since last: 2000153205 ns, Reaching safepoint: 35423 ns, At safepoint: 3388 ns, Total: 38811 ns
[2023-10-18T13:37:10.773+0000][7][safepoint   ] Safepoint "Cleanup", Time since last: 1000103514 ns, Reaching safepoint: 62717 ns, At safepoint: 10788 ns, Total: 73505 ns
[2023-10-18T13:37:12.788+0000][7][safepoint   ] Safepoint "Cleanup", Time since last: 2000186446 ns, Reaching safepoint: 15133843 ns, At safepoint: 24304 ns, Total: 15158147 ns
[2023-10-18T13:37:14.249+0000][7][gc,start    ] GC(39) Pause Young (Normal) (G1 Evacuation Pause)
[2023-10-18T13:37:14.250+0000][7][gc,task     ] GC(39) Using 8 workers of 8 for evacuation
[2023-10-18T13:37:14.250+0000][7][gc,age      ] GC(39) Desired survivor size 20971520 bytes, new threshold 15 (max threshold 15)
[2023-10-18T13:37:14.257+0000][7][gc,age      ] GC(39) Age table with threshold 15 (max threshold 15)
[2023-10-18T13:37:14.257+0000][7][gc,age      ] GC(39) - age   1:    2817976 bytes,    2817976 total
[2023-10-18T13:37:14.257+0000][7][gc,age      ] GC(39) - age   2:    1095104 bytes,    3913080 total
[2023-10-18T13:37:14.257+0000][7][gc,age      ] GC(39) - age   3:     396816 bytes,    4309896 total
[2023-10-18T13:37:14.257+0000][7][gc,age      ] GC(39) - age   4:     566320 bytes,    4876216 total
[2023-10-18T13:37:14.257+0000][7][gc,age      ] GC(39) - age   5:     555824 bytes,    5432040 total
[2023-10-18T13:37:14.257+0000][7][gc,age      ] GC(39) - age   6:     340504 bytes,    5772544 total
[2023-10-18T13:37:14.257+0000][7][gc,age      ] GC(39) - age   7:     208496 bytes,    5981040 total
[2023-10-18T13:37:14.257+0000][7][gc,age      ] GC(39) - age   8:     236640 bytes,    6217680 total
[2023-10-18T13:37:14.257+0000][7][gc,age      ] GC(39) - age   9:     268192 bytes,    6485872 total
[2023-10-18T13:37:14.257+0000][7][gc,age      ] GC(39) - age  10:     318664 bytes,    6804536 total
[2023-10-18T13:37:14.257+0000][7][gc,age      ] GC(39) - age  11:     277352 bytes,    7081888 total
[2023-10-18T13:37:14.257+0000][7][gc,age      ] GC(39) - age  12:     396680 bytes,    7478568 total
[2023-10-18T13:37:14.257+0000][7][gc,age      ] GC(39) - age  13:     313424 bytes,    7791992 total
[2023-10-18T13:37:14.257+0000][7][gc,age      ] GC(39) - age  14:     350504 bytes,    8142496 total
[2023-10-18T13:37:14.257+0000][7][gc,age      ] GC(39) - age  15:     533952 bytes,    8676448 total
[2023-10-18T13:37:14.257+0000][7][gc,phases   ] GC(39)   Pre Evacuate Collection Set: 0.1ms
[2023-10-18T13:37:14.257+0000][7][gc,phases   ] GC(39)   Merge Heap Roots: 0.1ms
[2023-10-18T13:37:14.257+0000][7][gc,phases   ] GC(39)   Evacuate Collection Set: 6.5ms
[2023-10-18T13:37:14.257+0000][7][gc,phases   ] GC(39)   Post Evacuate Collection Set: 0.5ms
[2023-10-18T13:37:14.257+0000][7][gc,phases   ] GC(39)   Other: 0.3ms
[2023-10-18T13:37:14.257+0000][7][gc,heap     ] GC(39) Eden regions: 73->0(73)
[2023-10-18T13:37:14.257+0000][7][gc,heap     ] GC(39) Survivor regions: 3->3(10)
[2023-10-18T13:37:14.257+0000][7][gc,heap     ] GC(39) Old regions: 22->22
[2023-10-18T13:37:14.257+0000][7][gc,heap     ] GC(39) Archive regions: 2->2
[2023-10-18T13:37:14.257+0000][7][gc,heap     ] GC(39) Humongous regions: 5->5
[2023-10-18T13:37:14.257+0000][7][gc,metaspace] GC(39) Metaspace: 114902K(116608K)->114902K(116608K) NonClass: 99434K(100416K)->99434K(100416K) Class: 15467K(16192K)->15467K(16192K)
[2023-10-18T13:37:14.257+0000][7][gc          ] GC(39) Pause Young (Normal) (G1 Evacuation Pause) 411M->119M(512M) 7.605ms
[2023-10-18T13:37:14.257+0000][7][gc,cpu      ] GC(39) User=0.01s Sys=0.02s Real=0.01s
[2023-10-18T13:37:14.257+0000][7][safepoint   ] Safepoint "G1CollectForAllocation", Time since last: 1459073606 ns, Reaching safepoint: 2228465 ns, At safepoint: 7687867 ns, Total: 9916332 ns
[2023-10-18T13:37:15.257+0000][7][safepoint   ] Safepoint "Cleanup", Time since last: 1000116446 ns, Reaching safepoint: 65036 ns, At safepoint: 4268 ns, Total: 69304 ns
[2023-10-18T13:37:16.258+0000][7][safepoint   ] Safepoint "Cleanup", Time since last: 1000139976 ns, Reaching safepoint: 79496 ns, At safepoint: 2316 ns, Total: 81812 ns
[2023-10-18T13:37:17.258+0000][7][safepoint   ] Safepoint "Cleanup", Time since last: 1000141830 ns, Reaching safepoint: 47369 ns, At safepoint: 4092 ns, Total: 51461 ns
[2023-10-18T13:37:18.258+0000][7][safepoint   ] Safepoint "Cleanup", Time since last: 1000120787 ns, Reaching safepoint: 49506 ns, At safepoint: 4548 ns, Total: 54054 ns
[2023-10-18T13:37:19.258+0000][7][safepoint   ] Safepoint "Cleanup", Time since last: 1000145684 ns, Reaching safepoint: 63742 ns, At safepoint: 8034 ns, Total: 71776 ns
[2023-10-18T13:37:20.258+0000][7][safepoint   ] Safepoint "Cleanup", Time since last: 1000124882 ns, Reaching safepoint: 25744 ns, At safepoint: 3592 ns, Total: 29336 ns
[2023-10-18T13:37:22.259+0000][7][safepoint   ] Safepoint "Cleanup", Time since last: 2000181594 ns, Reaching safepoint: 55090 ns, At safepoint: 4326 ns, Total: 59416 ns
[2023-10-18T13:37:23.259+0000][7][safepoint   ] Safepoint "Cleanup", Time since last: 1000130708 ns, Reaching safepoint: 35699 ns, At safepoint: 4246 ns, Total: 39945 ns
[2023-10-18T13:37:25.259+0000][7][safepoint   ] Safepoint "Cleanup", Time since last: 2000190337 ns, Reaching safepoint: 48000 ns, At safepoint: 6487 ns, Total: 54487 ns
[2023-10-18T13:37:28.259+0000][7][safepoint   ] Safepoint "Cleanup", Time since last: 3000262185 ns, Reaching safepoint: 37995 ns, At safepoint: 7154 ns, Total: 45149 ns
[2023-10-18T13:37:30.259+0000][7][safepoint   ] Safepoint "Cleanup", Time since last: 2000153926 ns, Reaching safepoint: 39572 ns, At safepoint: 3266 ns, Total: 42838 ns
[2023-10-18T13:37:31.260+0000][7][safepoint   ] Safepoint "Cleanup", Time since last: 1000086104 ns, Reaching safepoint: 63327 ns, At safepoint: 3369 ns, Total: 66696 ns
[2023-10-18T13:37:32.994+0000][7][gc,start    ] GC(40) Pause Young (Normal) (G1 Evacuation Pause)
[2023-10-18T13:37:32.994+0000][7][gc,task     ] GC(40) Using 8 workers of 8 for evacuation
[2023-10-18T13:37:32.994+0000][7][gc,age      ] GC(40) Desired survivor size 20971520 bytes, new threshold 15 (max threshold 15)
[2023-10-18T13:37:32.999+0000][7][gc,age      ] GC(40) Age table with threshold 15 (max threshold 15)
[2023-10-18T13:37:32.999+0000][7][gc,age      ] GC(40) - age   1:    1783208 bytes,    1783208 total
[2023-10-18T13:37:32.999+0000][7][gc,age      ] GC(40) - age   2:    2113632 bytes,    3896840 total
[2023-10-18T13:37:32.999+0000][7][gc,age      ] GC(40) - age   3:     546816 bytes,    4443656 total
[2023-10-18T13:37:32.999+0000][7][gc,age      ] GC(40) - age   4:     395536 bytes,    4839192 total
[2023-10-18T13:37:32.999+0000][7][gc,age      ] GC(40) - age   5:     565512 bytes,    5404704 total
[2023-10-18T13:37:32.999+0000][7][gc,age      ] GC(40) - age   6:     555528 bytes,    5960232 total
[2023-10-18T13:37:32.999+0000][7][gc,age      ] GC(40) - age   7:     340256 bytes,    6300488 total
[2023-10-18T13:37:32.999+0000][7][gc,age      ] GC(40) - age   8:     208432 bytes,    6508920 total
[2023-10-18T13:37:32.999+0000][7][gc,age      ] GC(40) - age   9:     236328 bytes,    6745248 total
[2023-10-18T13:37:32.999+0000][7][gc,age      ] GC(40) - age  10:     268192 bytes,    7013440 total
[2023-10-18T13:37:32.999+0000][7][gc,age      ] GC(40) - age  11:     318664 bytes,    7332104 total
[2023-10-18T13:37:32.999+0000][7][gc,age      ] GC(40) - age  12:     277352 bytes,    7609456 total
[2023-10-18T13:37:32.999+0000][7][gc,age      ] GC(40) - age  13:     331128 bytes,    7940584 total
[2023-10-18T13:37:32.999+0000][7][gc,age      ] GC(40) - age  14:     313424 bytes,    8254008 total
[2023-10-18T13:37:32.999+0000][7][gc,age      ] GC(40) - age  15:     350440 bytes,    8604448 total
[2023-10-18T13:37:32.999+0000][7][gc,phases   ] GC(40)   Pre Evacuate Collection Set: 0.1ms
[2023-10-18T13:37:32.999+0000][7][gc,phases   ] GC(40)   Merge Heap Roots: 0.1ms
[2023-10-18T13:37:32.999+0000][7][gc,phases   ] GC(40)   Evacuate Collection Set: 3.9ms
[2023-10-18T13:37:32.999+0000][7][gc,phases   ] GC(40)   Post Evacuate Collection Set: 0.6ms
[2023-10-18T13:37:32.999+0000][7][gc,phases   ] GC(40)   Other: 0.3ms
[2023-10-18T13:37:32.999+0000][7][gc,heap     ] GC(40) Eden regions: 73->0(72)
[2023-10-18T13:37:32.999+0000][7][gc,heap     ] GC(40) Survivor regions: 3->3(10)
[2023-10-18T13:37:32.999+0000][7][gc,heap     ] GC(40) Old regions: 22->23
[2023-10-18T13:37:32.999+0000][7][gc,heap     ] GC(40) Archive regions: 2->2
[2023-10-18T13:37:32.999+0000][7][gc,heap     ] GC(40) Humongous regions: 5->5
[2023-10-18T13:37:32.999+0000][7][gc,metaspace] GC(40) Metaspace: 114963K(116608K)->114963K(116608K) NonClass: 99496K(100416K)->99496K(100416K) Class: 15467K(16192K)->15467K(16192K)
[2023-10-18T13:37:32.999+0000][7][gc          ] GC(40) Pause Young (Normal) (G1 Evacuation Pause) 411M->120M(512M) 4.974ms
[2023-10-18T13:37:32.999+0000][7][gc,cpu      ] GC(40) User=0.02s Sys=0.00s Real=0.01s
[2023-10-18T13:37:32.999+0000][7][safepoint   ] Safepoint "G1CollectForAllocation", Time since last: 1734144837 ns, Reaching safepoint: 47086 ns, At safepoint: 5056487 ns, Total: 5103573 ns
[2023-10-18T13:37:33.999+0000][7][safepoint   ] Safepoint "Cleanup", Time since last: 1000118794 ns, Reaching safepoint: 46628 ns, At safepoint: 4162 ns, Total: 50790 ns
[2023-10-18T13:37:35.999+0000][7][safepoint   ] Safepoint "Cleanup", Time since last: 2000214927 ns, Reaching safepoint: 37678 ns, At safepoint: 4559 ns, Total: 42237 ns
[2023-10-18T13:37:36.999+0000][7][safepoint   ] Safepoint "Cleanup", Time since last: 1000096217 ns, Reaching safepoint: 55608 ns, At safepoint: 6456 ns, Total: 62064 ns
[2023-10-18T13:37:38.000+0000][7][safepoint   ] Safepoint "Cleanup", Time since last: 1000082491 ns, Reaching safepoint: 53581 ns, At safepoint: 3747 ns, Total: 57328 ns
[2023-10-18T13:37:39.000+0000][7][safepoint   ] Safepoint "Cleanup", Time since last: 1000099765 ns, Reaching safepoint: 60106 ns, At safepoint: 7209 ns, Total: 67315 ns
[2023-10-18T13:37:40.000+0000][7][safepoint   ] Safepoint "Cleanup", Time since last: 1000101624 ns, Reaching safepoint: 107843 ns, At safepoint: 6466 ns, Total: 114309 ns
[2023-10-18T13:37:41.000+0000][7][safepoint   ] Safepoint "Cleanup", Time since last: 1000140647 ns, Reaching safepoint: 47194 ns, At safepoint: 4353 ns, Total: 51547 ns
[2023-10-18T13:37:43.000+0000][7][safepoint   ] Safepoint "Cleanup", Time since last: 2000159979 ns, Reaching safepoint: 26754 ns, At safepoint: 3481 ns, Total: 30235 ns
[2023-10-18T13:37:46.001+0000][7][safepoint   ] Safepoint "Cleanup", Time since last: 3000248468 ns, Reaching safepoint: 45704 ns, At safepoint: 3585 ns, Total: 49289 ns
[2023-10-18T13:37:47.001+0000][7][safepoint   ] Safepoint "Cleanup", Time since last: 1000104784 ns, Reaching safepoint: 45560 ns, At safepoint: 5998 ns, Total: 51558 ns
[2023-10-18T13:37:48.001+0000][7][safepoint   ] Safepoint "Cleanup", Time since last: 1000095918 ns, Reaching safepoint: 33722 ns, At safepoint: 2793 ns, Total: 36515 ns
[2023-10-18T13:37:49.001+0000][7][safepoint   ] Safepoint "Cleanup", Time since last: 1000090819 ns, Reaching safepoint: 57210 ns, At safepoint: 3882 ns, Total: 61092 ns
[2023-10-18T13:37:51.001+0000][7][safepoint   ] Safepoint "Cleanup", Time since last: 2000152091 ns, Reaching safepoint: 59159 ns, At safepoint: 4248 ns, Total: 63407 ns
[2023-10-18T13:37:51.557+0000][7][gc,start    ] GC(41) Pause Young (Normal) (G1 Evacuation Pause)
[2023-10-18T13:37:51.557+0000][7][gc,task     ] GC(41) Using 8 workers of 8 for evacuation
[2023-10-18T13:37:51.557+0000][7][gc,age      ] GC(41) Desired survivor size 20971520 bytes, new threshold 15 (max threshold 15)
[2023-10-18T13:37:51.563+0000][7][gc,age      ] GC(41) Age table with threshold 15 (max threshold 15)
[2023-10-18T13:37:51.563+0000][7][gc,age      ] GC(41) - age   1:    1783336 bytes,    1783336 total
[2023-10-18T13:37:51.563+0000][7][gc,age      ] GC(41) - age   2:    1099936 bytes,    2883272 total
[2023-10-18T13:37:51.563+0000][7][gc,age      ] GC(41) - age   3:    1696048 bytes,    4579320 total
[2023-10-18T13:37:51.563+0000][7][gc,age      ] GC(41) - age   4:     439240 bytes,    5018560 total
[2023-10-18T13:37:51.563+0000][7][gc,age      ] GC(41) - age   5:     395344 bytes,    5413904 total
[2023-10-18T13:37:51.563+0000][7][gc,age      ] GC(41) - age   6:     565448 bytes,    5979352 total
[2023-10-18T13:37:51.563+0000][7][gc,age      ] GC(41) - age   7:     555432 bytes,    6534784 total
[2023-10-18T13:37:51.563+0000][7][gc,age      ] GC(41) - age   8:     340192 bytes,    6874976 total
[2023-10-18T13:37:51.563+0000][7][gc,age      ] GC(41) - age   9:     208368 bytes,    7083344 total
[2023-10-18T13:37:51.563+0000][7][gc,age      ] GC(41) - age  10:     236328 bytes,    7319672 total
[2023-10-18T13:37:51.563+0000][7][gc,age      ] GC(41) - age  11:     268192 bytes,    7587864 total
[2023-10-18T13:37:51.563+0000][7][gc,age      ] GC(41) - age  12:     318664 bytes,    7906528 total
[2023-10-18T13:37:51.563+0000][7][gc,age      ] GC(41) - age  13:     277352 bytes,    8183880 total
[2023-10-18T13:37:51.563+0000][7][gc,age      ] GC(41) - age  14:     331128 bytes,    8515008 total
[2023-10-18T13:37:51.563+0000][7][gc,age      ] GC(41) - age  15:     313360 bytes,    8828368 total
[2023-10-18T13:37:51.563+0000][7][gc,phases   ] GC(41)   Pre Evacuate Collection Set: 0.1ms
[2023-10-18T13:37:51.563+0000][7][gc,phases   ] GC(41)   Merge Heap Roots: 0.1ms
[2023-10-18T13:37:51.563+0000][7][gc,phases   ] GC(41)   Evacuate Collection Set: 4.3ms
[2023-10-18T13:37:51.563+0000][7][gc,phases   ] GC(41)   Post Evacuate Collection Set: 0.8ms
[2023-10-18T13:37:51.563+0000][7][gc,phases   ] GC(41)   Other: 0.4ms
[2023-10-18T13:37:51.563+0000][7][gc,heap     ] GC(41) Eden regions: 72->0(72)
[2023-10-18T13:37:51.563+0000][7][gc,heap     ] GC(41) Survivor regions: 3->3(10)
[2023-10-18T13:37:51.563+0000][7][gc,heap     ] GC(41) Old regions: 23->23
[2023-10-18T13:37:51.563+0000][7][gc,heap     ] GC(41) Archive regions: 2->2
[2023-10-18T13:37:51.563+0000][7][gc,heap     ] GC(41) Humongous regions: 5->5
[2023-10-18T13:37:51.563+0000][7][gc,metaspace] GC(41) Metaspace: 115050K(116736K)->115050K(116736K) NonClass: 99583K(100544K)->99583K(100544K) Class: 15467K(16192K)->15467K(16192K)
[2023-10-18T13:37:51.563+0000][7][gc          ] GC(41) Pause Young (Normal) (G1 Evacuation Pause) 408M->121M(512M) 5.688ms
[2023-10-18T13:37:51.563+0000][7][gc,cpu      ] GC(41) User=0.02s Sys=0.00s Real=0.00s
[2023-10-18T13:37:51.563+0000][7][safepoint   ] Safepoint "G1CollectForAllocation", Time since last: 555946878 ns, Reaching safepoint: 47514 ns, At safepoint: 5800522 ns, Total: 5848036 ns
[2023-10-18T13:37:52.563+0000][7][safepoint   ] Safepoint "Cleanup", Time since last: 1000087188 ns, Reaching safepoint: 62232 ns, At safepoint: 4617 ns, Total: 66849 ns
[2023-10-18T13:37:53.564+0000][7][safepoint   ] Safepoint "Cleanup", Time since last: 1000113387 ns, Reaching safepoint: 441340 ns, At safepoint: 14117 ns, Total: 455457 ns
[2023-10-18T13:37:54.564+0000][7][safepoint   ] Safepoint "Cleanup", Time since last: 1000112324 ns, Reaching safepoint: 50635 ns, At safepoint: 4248 ns, Total: 54883 ns
[2023-10-18T13:37:55.564+0000][7][safepoint   ] Safepoint "Cleanup", Time since last: 1000115759 ns, Reaching safepoint: 39298 ns, At safepoint: 7663 ns, Total: 46961 ns
[2023-10-18T13:37:57.578+0000][7][safepoint   ] Safepoint "Cleanup", Time since last: 2013759335 ns, Reaching safepoint: 33972 ns, At safepoint: 2963 ns, Total: 36935 ns
[2023-10-18T13:38:04.579+0000][7][safepoint   ] Safepoint "Cleanup", Time since last: 7000574408 ns, Reaching safepoint: 63082 ns, At safepoint: 12922 ns, Total: 76004 ns
[2023-10-18T13:38:06.589+0000][7][safepoint   ] Safepoint "Cleanup", Time since last: 2000347245 ns, Reaching safepoint: 9857800 ns, At safepoint: 18266 ns, Total: 9876066 ns
[2023-10-18T13:38:07.589+0000][7][safepoint   ] Safepoint "Cleanup", Time since last: 1000308530 ns, Reaching safepoint: 153074 ns, At safepoint: 9361 ns, Total: 162435 ns
[2023-10-18T13:38:07.784+0000][7][gc,heap,exit] Heap
[2023-10-18T13:38:07.784+0000][7][gc,heap,exit]  garbage-first heap   total 524288K, used 336937K [0x00000000e0000000, 0x0000000100000000)
[2023-10-18T13:38:07.784+0000][7][gc,heap,exit]   region size 4096K, 55 young (225280K), 3 survivors (12288K)
[2023-10-18T13:38:07.784+0000][7][gc,heap,exit]  Metaspace       used 115258K, committed 116928K, reserved 1155072K
[2023-10-18T13:38:07.784+0000][7][gc,heap,exit]   class space    used 15500K, committed 16192K, reserved 1048576K
