[2023-10-30T23:28:40.692+0000][7][gc] Using G1
[2023-10-30T23:28:40.811+0000][7][gc,init] Version: 17.0.1+12 (release)
[2023-10-30T23:28:40.811+0000][7][gc,init] CPUs: 8 total, 8 available
[2023-10-30T23:28:40.811+0000][7][gc,init] Memory: 7659M
[2023-10-30T23:28:40.811+0000][7][gc,init] Large Page Support: Disabled
[2023-10-30T23:28:40.811+0000][7][gc,init] NUMA Support: Disabled
[2023-10-30T23:28:40.811+0000][7][gc,init] Compressed Oops: Enabled (32-bit)
[2023-10-30T23:28:40.811+0000][7][gc,init] Heap Region Size: 4M
[2023-10-30T23:28:40.811+0000][7][gc,init] Heap Min Capacity: 512M
[2023-10-30T23:28:40.811+0000][7][gc,init] Heap Initial Capacity: 512M
[2023-10-30T23:28:40.811+0000][7][gc,init] Heap Max Capacity: 512M
[2023-10-30T23:28:40.811+0000][7][gc,init] Pre-touch: Enabled
[2023-10-30T23:28:40.811+0000][7][gc,init] Parallel Workers: 8
[2023-10-30T23:28:40.811+0000][7][gc,init] Concurrent Workers: 2
[2023-10-30T23:28:40.811+0000][7][gc,init] Concurrent Refinement Workers: 8
[2023-10-30T23:28:40.811+0000][7][gc,init] Periodic GC: Disabled
[2023-10-30T23:28:40.811+0000][7][gc,metaspace] CDS archive(s) mapped at: [0x0000000800000000-0x0000000800bd1000-0x0000000800bd1000), size 12390400, SharedBaseAddress: 0x0000000800000000, ArchiveRelocationMode: 0.
[2023-10-30T23:28:40.811+0000][7][gc,metaspace] Compressed class space mapped at: 0x0000000800c00000-0x0000000840c00000, reserved size: 1073741824
[2023-10-30T23:28:40.811+0000][7][gc,metaspace] Narrow klass base: 0x0000000800000000, Narrow klass shift: 0, Narrow klass range: 0x100000000
[2023-10-30T23:28:41.575+0000][7][safepoint   ] Safepoint "ICBufferFull", Time since last: 757434386 ns, Reaching safepoint: 113559 ns, At safepoint: 5860 ns, Total: 119419 ns
[2023-10-30T23:28:42.055+0000][7][gc,start    ] GC(0) Pause Young (Normal) (G1 Evacuation Pause)
[2023-10-30T23:28:42.055+0000][7][gc,task     ] GC(0) Using 8 workers of 8 for evacuation
[2023-10-30T23:28:42.055+0000][7][gc,age      ] GC(0) Desired survivor size 2097152 bytes, new threshold 15 (max threshold 15)
[2023-10-30T23:28:42.059+0000][7][gc,age      ] GC(0) Age table with threshold 15 (max threshold 15)
[2023-10-30T23:28:42.059+0000][7][gc,age      ] GC(0) - age   1:    4080336 bytes,    4080336 total
[2023-10-30T23:28:42.060+0000][7][gc,phases   ] GC(0)   Pre Evacuate Collection Set: 0.1ms
[2023-10-30T23:28:42.060+0000][7][gc,phases   ] GC(0)   Merge Heap Roots: 0.1ms
[2023-10-30T23:28:42.060+0000][7][gc,phases   ] GC(0)   Evacuate Collection Set: 3.4ms
[2023-10-30T23:28:42.061+0000][7][gc,phases   ] GC(0)   Post Evacuate Collection Set: 0.6ms
[2023-10-30T23:28:42.061+0000][7][gc,phases   ] GC(0)   Other: 1.1ms
[2023-10-30T23:28:42.061+0000][7][gc,heap     ] GC(0) Eden regions: 6->0(6)
[2023-10-30T23:28:42.061+0000][7][gc,heap     ] GC(0) Survivor regions: 0->1(1)
[2023-10-30T23:28:42.061+0000][7][gc,heap     ] GC(0) Old regions: 0->0
[2023-10-30T23:28:42.061+0000][7][gc,heap     ] GC(0) Archive regions: 2->2
[2023-10-30T23:28:42.061+0000][7][gc,heap     ] GC(0) Humongous regions: 0->0
[2023-10-30T23:28:42.061+0000][7][gc,metaspace] GC(0) Metaspace: 7531K(7680K)->7531K(7680K) NonClass: 6660K(6720K)->6660K(6720K) Class: 870K(960K)->870K(960K)
[2023-10-30T23:28:42.062+0000][7][gc          ] GC(0) Pause Young (Normal) (G1 Evacuation Pause) 27M->7M(512M) 6.643ms
[2023-10-30T23:28:42.062+0000][7][gc,cpu      ] GC(0) User=0.02s Sys=0.00s Real=0.00s
[2023-10-30T23:28:42.062+0000][7][safepoint   ] Safepoint "G1CollectForAllocation", Time since last: 480089497 ns, Reaching safepoint: 104775 ns, At safepoint: 7013144 ns, Total: 7117919 ns
[2023-10-30T23:28:43.169+0000][7][safepoint   ] Safepoint "Cleanup", Time since last: 1106797367 ns, Reaching safepoint: 123793 ns, At safepoint: 2909 ns, Total: 126702 ns
[2023-10-30T23:28:43.817+0000][7][gc,start    ] GC(1) Pause Young (Normal) (G1 Evacuation Pause)
[2023-10-30T23:28:43.817+0000][7][gc,task     ] GC(1) Using 8 workers of 8 for evacuation
[2023-10-30T23:28:43.817+0000][7][gc,age      ] GC(1) Desired survivor size 2097152 bytes, new threshold 1 (max threshold 15)
[2023-10-30T23:28:43.822+0000][7][gc,age      ] GC(1) Age table with threshold 1 (max threshold 15)
[2023-10-30T23:28:43.822+0000][7][gc,age      ] GC(1) - age   1:    2356112 bytes,    2356112 total
[2023-10-30T23:28:43.822+0000][7][gc,phases   ] GC(1)   Pre Evacuate Collection Set: 0.1ms
[2023-10-30T23:28:43.822+0000][7][gc,phases   ] GC(1)   Merge Heap Roots: 0.0ms
[2023-10-30T23:28:43.822+0000][7][gc,phases   ] GC(1)   Evacuate Collection Set: 3.9ms
[2023-10-30T23:28:43.822+0000][7][gc,phases   ] GC(1)   Post Evacuate Collection Set: 0.6ms
[2023-10-30T23:28:43.822+0000][7][gc,phases   ] GC(1)   Other: 0.2ms
[2023-10-30T23:28:43.822+0000][7][gc,heap     ] GC(1) Eden regions: 6->0(16)
[2023-10-30T23:28:43.822+0000][7][gc,heap     ] GC(1) Survivor regions: 1->1(1)
[2023-10-30T23:28:43.822+0000][7][gc,heap     ] GC(1) Old regions: 0->1
[2023-10-30T23:28:43.822+0000][7][gc,heap     ] GC(1) Archive regions: 2->2
[2023-10-30T23:28:43.822+0000][7][gc,heap     ] GC(1) Humongous regions: 0->0
[2023-10-30T23:28:43.822+0000][7][gc,metaspace] GC(1) Metaspace: 12332K(12544K)->12332K(12544K) NonClass: 10838K(10944K)->10838K(10944K) Class: 1493K(1600K)->1493K(1600K)
[2023-10-30T23:28:43.822+0000][7][gc          ] GC(1) Pause Young (Normal) (G1 Evacuation Pause) 31M->10M(512M) 4.812ms
[2023-10-30T23:28:43.822+0000][7][gc,cpu      ] GC(1) User=0.02s Sys=0.00s Real=0.00s
[2023-10-30T23:28:43.822+0000][7][safepoint   ] Safepoint "G1CollectForAllocation", Time since last: 648083283 ns, Reaching safepoint: 129477 ns, At safepoint: 4879035 ns, Total: 5008512 ns
[2023-10-30T23:28:44.785+0000][7][gc,start    ] GC(2) Pause Young (Normal) (G1 Evacuation Pause)
[2023-10-30T23:28:44.785+0000][7][gc,task     ] GC(2) Using 8 workers of 8 for evacuation
[2023-10-30T23:28:44.787+0000][7][gc,age      ] GC(2) Desired survivor size 6291456 bytes, new threshold 15 (max threshold 15)
[2023-10-30T23:28:44.801+0000][7][gc,age      ] GC(2) Age table with threshold 15 (max threshold 15)
[2023-10-30T23:28:44.801+0000][7][gc,age      ] GC(2) - age   1:    2949160 bytes,    2949160 total
[2023-10-30T23:28:44.801+0000][7][gc,age      ] GC(2) - age   2:    2325288 bytes,    5274448 total
[2023-10-30T23:28:44.801+0000][7][gc,phases   ] GC(2)   Pre Evacuate Collection Set: 0.1ms
[2023-10-30T23:28:44.801+0000][7][gc,phases   ] GC(2)   Merge Heap Roots: 0.0ms
[2023-10-30T23:28:44.801+0000][7][gc,phases   ] GC(2)   Evacuate Collection Set: 13.0ms
[2023-10-30T23:28:44.801+0000][7][gc,phases   ] GC(2)   Post Evacuate Collection Set: 0.7ms
[2023-10-30T23:28:44.801+0000][7][gc,phases   ] GC(2)   Other: 2.2ms
[2023-10-30T23:28:44.801+0000][7][gc,heap     ] GC(2) Eden regions: 16->0(74)
[2023-10-30T23:28:44.801+0000][7][gc,heap     ] GC(2) Survivor regions: 1->2(3)
[2023-10-30T23:28:44.801+0000][7][gc,heap     ] GC(2) Old regions: 1->1
[2023-10-30T23:28:44.801+0000][7][gc,heap     ] GC(2) Archive regions: 2->2
[2023-10-30T23:28:44.801+0000][7][gc,heap     ] GC(2) Humongous regions: 0->0
[2023-10-30T23:28:44.801+0000][7][gc,metaspace] GC(2) Metaspace: 14395K(14656K)->14395K(14656K) NonClass: 12721K(12864K)->12721K(12864K) Class: 1673K(1792K)->1673K(1792K)
[2023-10-30T23:28:44.801+0000][7][gc          ] GC(2) Pause Young (Normal) (G1 Evacuation Pause) 74M->13M(512M) 16.069ms
[2023-10-30T23:28:44.801+0000][7][gc,cpu      ] GC(2) User=0.04s Sys=0.00s Real=0.01s
[2023-10-30T23:28:44.801+0000][7][safepoint   ] Safepoint "G1CollectForAllocation", Time since last: 962940524 ns, Reaching safepoint: 127614 ns, At safepoint: 16136530 ns, Total: 16264144 ns
[2023-10-30T23:28:45.466+0000][7][safepoint   ] Safepoint "ICBufferFull", Time since last: 664303172 ns, Reaching safepoint: 185954 ns, At safepoint: 7865 ns, Total: 193819 ns
[2023-10-30T23:28:45.472+0000][7][safepoint   ] Safepoint "ICBufferFull", Time since last: 6579922 ns, Reaching safepoint: 266042 ns, At safepoint: 10909 ns, Total: 276951 ns
[2023-10-30T23:28:45.483+0000][7][safepoint   ] Safepoint "ICBufferFull", Time since last: 10328984 ns, Reaching safepoint: 33208 ns, At safepoint: 3900 ns, Total: 37108 ns
[2023-10-30T23:28:45.485+0000][7][safepoint   ] Safepoint "ICBufferFull", Time since last: 2062608 ns, Reaching safepoint: 35501 ns, At safepoint: 3375 ns, Total: 38876 ns
[2023-10-30T23:28:45.486+0000][7][safepoint   ] Safepoint "ICBufferFull", Time since last: 1185279 ns, Reaching safepoint: 113062 ns, At safepoint: 3309 ns, Total: 116371 ns
[2023-10-30T23:28:45.910+0000][7][safepoint   ] Safepoint "ICBufferFull", Time since last: 423955410 ns, Reaching safepoint: 90133 ns, At safepoint: 4728 ns, Total: 94861 ns
[2023-10-30T23:28:46.784+0000][7][gc,start    ] GC(3) Pause Young (Normal) (G1 Evacuation Pause)
[2023-10-30T23:28:46.784+0000][7][gc,task     ] GC(3) Using 8 workers of 8 for evacuation
[2023-10-30T23:28:46.784+0000][7][gc,age      ] GC(3) Desired survivor size 20971520 bytes, new threshold 15 (max threshold 15)
[2023-10-30T23:28:46.792+0000][7][gc,age      ] GC(3) Age table with threshold 15 (max threshold 15)
[2023-10-30T23:28:46.792+0000][7][gc,age      ] GC(3) - age   1:    4232264 bytes,    4232264 total
[2023-10-30T23:28:46.792+0000][7][gc,age      ] GC(3) - age   2:    1169144 bytes,    5401408 total
[2023-10-30T23:28:46.792+0000][7][gc,age      ] GC(3) - age   3:    2313888 bytes,    7715296 total
[2023-10-30T23:28:46.792+0000][7][gc,phases   ] GC(3)   Pre Evacuate Collection Set: 0.1ms
[2023-10-30T23:28:46.792+0000][7][gc,phases   ] GC(3)   Merge Heap Roots: 0.1ms
[2023-10-30T23:28:46.792+0000][7][gc,phases   ] GC(3)   Evacuate Collection Set: 6.9ms
[2023-10-30T23:28:46.792+0000][7][gc,phases   ] GC(3)   Post Evacuate Collection Set: 0.9ms
[2023-10-30T23:28:46.792+0000][7][gc,phases   ] GC(3)   Other: 0.4ms
[2023-10-30T23:28:46.792+0000][7][gc,heap     ] GC(3) Eden regions: 74->0(74)
[2023-10-30T23:28:46.792+0000][7][gc,heap     ] GC(3) Survivor regions: 2->2(10)
[2023-10-30T23:28:46.792+0000][7][gc,heap     ] GC(3) Old regions: 1->1
[2023-10-30T23:28:46.792+0000][7][gc,heap     ] GC(3) Archive regions: 2->2
[2023-10-30T23:28:46.792+0000][7][gc,heap     ] GC(3) Humongous regions: 0->0
[2023-10-30T23:28:46.792+0000][7][gc,metaspace] GC(3) Metaspace: 17538K(17792K)->17538K(17792K) NonClass: 15407K(15552K)->15407K(15552K) Class: 2131K(2240K)->2131K(2240K)
[2023-10-30T23:28:46.792+0000][7][gc          ] GC(3) Pause Young (Normal) (G1 Evacuation Pause) 309M->15M(512M) 8.431ms
[2023-10-30T23:28:46.792+0000][7][gc,cpu      ] GC(3) User=0.03s Sys=0.00s Real=0.01s
[2023-10-30T23:28:46.792+0000][7][safepoint   ] Safepoint "G1CollectForAllocation", Time since last: 873440594 ns, Reaching safepoint: 85601 ns, At safepoint: 8512368 ns, Total: 8597969 ns
[2023-10-30T23:28:48.362+0000][7][gc,start    ] GC(4) Pause Young (Normal) (G1 Evacuation Pause)
[2023-10-30T23:28:48.363+0000][7][gc,task     ] GC(4) Using 8 workers of 8 for evacuation
[2023-10-30T23:28:48.363+0000][7][gc,age      ] GC(4) Desired survivor size 20971520 bytes, new threshold 15 (max threshold 15)
[2023-10-30T23:28:48.374+0000][7][gc,age      ] GC(4) Age table with threshold 15 (max threshold 15)
[2023-10-30T23:28:48.374+0000][7][gc,age      ] GC(4) - age   1:    5503368 bytes,    5503368 total
[2023-10-30T23:28:48.374+0000][7][gc,age      ] GC(4) - age   2:    4208128 bytes,    9711496 total
[2023-10-30T23:28:48.375+0000][7][gc,age      ] GC(4) - age   3:    1169064 bytes,   10880560 total
[2023-10-30T23:28:48.375+0000][7][gc,age      ] GC(4) - age   4:    2313888 bytes,   13194448 total
[2023-10-30T23:28:48.375+0000][7][gc,phases   ] GC(4)   Pre Evacuate Collection Set: 0.1ms
[2023-10-30T23:28:48.375+0000][7][gc,phases   ] GC(4)   Merge Heap Roots: 0.1ms
[2023-10-30T23:28:48.375+0000][7][gc,phases   ] GC(4)   Evacuate Collection Set: 9.9ms
[2023-10-30T23:28:48.375+0000][7][gc,phases   ] GC(4)   Post Evacuate Collection Set: 0.7ms
[2023-10-30T23:28:48.375+0000][7][gc,phases   ] GC(4)   Other: 1.8ms
[2023-10-30T23:28:48.376+0000][7][gc,heap     ] GC(4) Eden regions: 74->0(72)
[2023-10-30T23:28:48.376+0000][7][gc,heap     ] GC(4) Survivor regions: 2->4(10)
[2023-10-30T23:28:48.376+0000][7][gc,heap     ] GC(4) Old regions: 1->1
[2023-10-30T23:28:48.376+0000][7][gc,heap     ] GC(4) Archive regions: 2->2
[2023-10-30T23:28:48.376+0000][7][gc,heap     ] GC(4) Humongous regions: 0->0
[2023-10-30T23:28:48.376+0000][7][gc,metaspace] GC(4) Metaspace: 18540K(18944K)->18540K(18944K) NonClass: 16297K(16512K)->16297K(16512K) Class: 2242K(2432K)->2242K(2432K)
[2023-10-30T23:28:48.376+0000][7][gc          ] GC(4) Pause Young (Normal) (G1 Evacuation Pause) 311M->20M(512M) 13.992ms
[2023-10-30T23:28:48.377+0000][7][gc,cpu      ] GC(4) User=0.03s Sys=0.00s Real=0.02s
[2023-10-30T23:28:48.377+0000][7][safepoint   ] Safepoint "G1CollectForAllocation", Time since last: 1570030469 ns, Reaching safepoint: 137761 ns, At safepoint: 14332199 ns, Total: 14469960 ns
[2023-10-30T23:28:49.088+0000][7][gc,start    ] GC(5) Pause Young (Normal) (G1 Evacuation Pause)
[2023-10-30T23:28:49.088+0000][7][gc,task     ] GC(5) Using 8 workers of 8 for evacuation
[2023-10-30T23:28:49.088+0000][7][gc,age      ] GC(5) Desired survivor size 20971520 bytes, new threshold 15 (max threshold 15)
[2023-10-30T23:28:49.102+0000][7][gc,age      ] GC(5) Age table with threshold 15 (max threshold 15)
[2023-10-30T23:28:49.102+0000][7][gc,age      ] GC(5) - age   1:    1439096 bytes,    1439096 total
[2023-10-30T23:28:49.102+0000][7][gc,age      ] GC(5) - age   2:    3490384 bytes,    4929480 total
[2023-10-30T23:28:49.102+0000][7][gc,age      ] GC(5) - age   3:    4206768 bytes,    9136248 total
[2023-10-30T23:28:49.102+0000][7][gc,age      ] GC(5) - age   4:    1168936 bytes,   10305184 total
[2023-10-30T23:28:49.102+0000][7][gc,age      ] GC(5) - age   5:    2311280 bytes,   12616464 total
[2023-10-30T23:28:49.102+0000][7][gc,phases   ] GC(5)   Pre Evacuate Collection Set: 0.1ms
[2023-10-30T23:28:49.102+0000][7][gc,phases   ] GC(5)   Merge Heap Roots: 0.0ms
[2023-10-30T23:28:49.102+0000][7][gc,phases   ] GC(5)   Evacuate Collection Set: 12.3ms
[2023-10-30T23:28:49.102+0000][7][gc,phases   ] GC(5)   Post Evacuate Collection Set: 0.8ms
[2023-10-30T23:28:49.102+0000][7][gc,phases   ] GC(5)   Other: 1.0ms
[2023-10-30T23:28:49.102+0000][7][gc,heap     ] GC(5) Eden regions: 72->0(72)
[2023-10-30T23:28:49.102+0000][7][gc,heap     ] GC(5) Survivor regions: 4->4(10)
[2023-10-30T23:28:49.102+0000][7][gc,heap     ] GC(5) Old regions: 1->1
[2023-10-30T23:28:49.102+0000][7][gc,heap     ] GC(5) Archive regions: 2->2
[2023-10-30T23:28:49.102+0000][7][gc,heap     ] GC(5) Humongous regions: 0->0
[2023-10-30T23:28:49.102+0000][7][gc,metaspace] GC(5) Metaspace: 19009K(19456K)->19009K(19456K) NonClass: 16683K(16960K)->16683K(16960K) Class: 2325K(2496K)->2325K(2496K)
[2023-10-30T23:28:49.102+0000][7][gc          ] GC(5) Pause Young (Normal) (G1 Evacuation Pause) 308M->20M(512M) 14.248ms
[2023-10-30T23:28:49.102+0000][7][gc,cpu      ] GC(5) User=0.03s Sys=0.00s Real=0.01s
[2023-10-30T23:28:49.102+0000][7][safepoint   ] Safepoint "G1CollectForAllocation", Time since last: 706955558 ns, Reaching safepoint: 3857540 ns, At safepoint: 14341867 ns, Total: 18199407 ns
[2023-10-30T23:28:50.286+0000][7][gc,start    ] GC(6) Pause Young (Normal) (G1 Evacuation Pause)
[2023-10-30T23:28:50.287+0000][7][gc,task     ] GC(6) Using 8 workers of 8 for evacuation
[2023-10-30T23:28:50.287+0000][7][gc,age      ] GC(6) Desired survivor size 20971520 bytes, new threshold 15 (max threshold 15)
[2023-10-30T23:28:50.303+0000][7][gc,age      ] GC(6) Age table with threshold 15 (max threshold 15)
[2023-10-30T23:28:50.303+0000][7][gc,age      ] GC(6) - age   1:    2943096 bytes,    2943096 total
[2023-10-30T23:28:50.303+0000][7][gc,age      ] GC(6) - age   2:     414072 bytes,    3357168 total
[2023-10-30T23:28:50.303+0000][7][gc,age      ] GC(6) - age   3:    3489248 bytes,    6846416 total
[2023-10-30T23:28:50.303+0000][7][gc,age      ] GC(6) - age   4:    4201272 bytes,   11047688 total
[2023-10-30T23:28:50.303+0000][7][gc,age      ] GC(6) - age   5:    1168288 bytes,   12215976 total
[2023-10-30T23:28:50.303+0000][7][gc,age      ] GC(6) - age   6:    2310112 bytes,   14526088 total
[2023-10-30T23:28:50.303+0000][7][gc,phases   ] GC(6)   Pre Evacuate Collection Set: 0.1ms
[2023-10-30T23:28:50.303+0000][7][gc,phases   ] GC(6)   Merge Heap Roots: 0.0ms
[2023-10-30T23:28:50.303+0000][7][gc,phases   ] GC(6)   Evacuate Collection Set: 14.2ms
[2023-10-30T23:28:50.303+0000][7][gc,phases   ] GC(6)   Post Evacuate Collection Set: 1.2ms
[2023-10-30T23:28:50.303+0000][7][gc,phases   ] GC(6)   Other: 1.4ms
[2023-10-30T23:28:50.303+0000][7][gc,heap     ] GC(6) Eden regions: 72->0(72)
[2023-10-30T23:28:50.303+0000][7][gc,heap     ] GC(6) Survivor regions: 4->4(10)
[2023-10-30T23:28:50.303+0000][7][gc,heap     ] GC(6) Old regions: 1->1
[2023-10-30T23:28:50.303+0000][7][gc,heap     ] GC(6) Archive regions: 2->2
[2023-10-30T23:28:50.303+0000][7][gc,heap     ] GC(6) Humongous regions: 0->0
[2023-10-30T23:28:50.303+0000][7][gc,metaspace] GC(6) Metaspace: 20148K(20672K)->20148K(20672K) NonClass: 17671K(17984K)->17671K(17984K) Class: 2477K(2688K)->2477K(2688K)
[2023-10-30T23:28:50.303+0000][7][gc          ] GC(6) Pause Young (Normal) (G1 Evacuation Pause) 308M->22M(512M) 17.045ms
[2023-10-30T23:28:50.303+0000][7][gc,cpu      ] GC(6) User=0.03s Sys=0.00s Real=0.01s
[2023-10-30T23:28:50.304+0000][7][safepoint   ] Safepoint "G1CollectForAllocation", Time since last: 1184307537 ns, Reaching safepoint: 167808 ns, At safepoint: 17148495 ns, Total: 17316303 ns
[2023-10-30T23:28:51.262+0000][7][gc,start    ] GC(7) Pause Young (Normal) (G1 Evacuation Pause)
[2023-10-30T23:28:51.263+0000][7][gc,task     ] GC(7) Using 8 workers of 8 for evacuation
[2023-10-30T23:28:51.263+0000][7][gc,age      ] GC(7) Desired survivor size 20971520 bytes, new threshold 15 (max threshold 15)
[2023-10-30T23:28:51.281+0000][7][gc,age      ] GC(7) Age table with threshold 15 (max threshold 15)
[2023-10-30T23:28:51.282+0000][7][gc,age      ] GC(7) - age   1:    1484552 bytes,    1484552 total
[2023-10-30T23:28:51.282+0000][7][gc,age      ] GC(7) - age   2:    2177448 bytes,    3662000 total
[2023-10-30T23:28:51.282+0000][7][gc,age      ] GC(7) - age   3:     413584 bytes,    4075584 total
[2023-10-30T23:28:51.282+0000][7][gc,age      ] GC(7) - age   4:    3488736 bytes,    7564320 total
[2023-10-30T23:28:51.282+0000][7][gc,age      ] GC(7) - age   5:    4201272 bytes,   11765592 total
[2023-10-30T23:28:51.282+0000][7][gc,age      ] GC(7) - age   6:    1168288 bytes,   12933880 total
[2023-10-30T23:28:51.282+0000][7][gc,age      ] GC(7) - age   7:    2310112 bytes,   15243992 total
[2023-10-30T23:28:51.283+0000][7][gc,phases   ] GC(7)   Pre Evacuate Collection Set: 0.1ms
[2023-10-30T23:28:51.283+0000][7][gc,phases   ] GC(7)   Merge Heap Roots: 0.1ms
[2023-10-30T23:28:51.283+0000][7][gc,phases   ] GC(7)   Evacuate Collection Set: 16.3ms
[2023-10-30T23:28:51.283+0000][7][gc,phases   ] GC(7)   Post Evacuate Collection Set: 1.5ms
[2023-10-30T23:28:51.283+0000][7][gc,phases   ] GC(7)   Other: 2.2ms
[2023-10-30T23:28:51.284+0000][7][gc,heap     ] GC(7) Eden regions: 72->0(72)
[2023-10-30T23:28:51.284+0000][7][gc,heap     ] GC(7) Survivor regions: 4->4(10)
[2023-10-30T23:28:51.284+0000][7][gc,heap     ] GC(7) Old regions: 1->1
[2023-10-30T23:28:51.284+0000][7][gc,heap     ] GC(7) Archive regions: 2->2
[2023-10-30T23:28:51.284+0000][7][gc,heap     ] GC(7) Humongous regions: 0->0
[2023-10-30T23:28:51.285+0000][7][gc,metaspace] GC(7) Metaspace: 20268K(20864K)->20268K(20864K) NonClass: 17769K(18112K)->17769K(18112K) Class: 2499K(2752K)->2499K(2752K)
[2023-10-30T23:28:51.285+0000][7][gc          ] GC(7) Pause Young (Normal) (G1 Evacuation Pause) 310M->23M(512M) 22.274ms
[2023-10-30T23:28:51.285+0000][7][gc,cpu      ] GC(7) User=0.05s Sys=0.01s Real=0.03s
[2023-10-30T23:28:51.285+0000][7][safepoint   ] Safepoint "G1CollectForAllocation", Time since last: 958807153 ns, Reaching safepoint: 96641 ns, At safepoint: 22631471 ns, Total: 22728112 ns
[2023-10-30T23:28:51.646+0000][7][gc,start    ] GC(8) Pause Young (Concurrent Start) (Metadata GC Threshold)
[2023-10-30T23:28:51.646+0000][7][gc,task     ] GC(8) Using 8 workers of 8 for evacuation
[2023-10-30T23:28:51.646+0000][7][gc,age      ] GC(8) Desired survivor size 20971520 bytes, new threshold 15 (max threshold 15)
[2023-10-30T23:28:51.665+0000][7][gc,age      ] GC(8) Age table with threshold 15 (max threshold 15)
[2023-10-30T23:28:51.665+0000][7][gc,age      ] GC(8) - age   1:     397616 bytes,     397616 total
[2023-10-30T23:28:51.665+0000][7][gc,age      ] GC(8) - age   2:     668280 bytes,    1065896 total
[2023-10-30T23:28:51.665+0000][7][gc,age      ] GC(8) - age   3:    2165016 bytes,    3230912 total
[2023-10-30T23:28:51.665+0000][7][gc,age      ] GC(8) - age   4:     403000 bytes,    3633912 total
[2023-10-30T23:28:51.665+0000][7][gc,age      ] GC(8) - age   5:    3476624 bytes,    7110536 total
[2023-10-30T23:28:51.665+0000][7][gc,age      ] GC(8) - age   6:    4191864 bytes,   11302400 total
[2023-10-30T23:28:51.665+0000][7][gc,age      ] GC(8) - age   7:    1124568 bytes,   12426968 total
[2023-10-30T23:28:51.665+0000][7][gc,age      ] GC(8) - age   8:    2309936 bytes,   14736904 total
[2023-10-30T23:28:51.665+0000][7][gc,phases   ] GC(8)   Pre Evacuate Collection Set: 0.1ms
[2023-10-30T23:28:51.665+0000][7][gc,phases   ] GC(8)   Merge Heap Roots: 0.1ms
[2023-10-30T23:28:51.665+0000][7][gc,phases   ] GC(8)   Evacuate Collection Set: 16.8ms
[2023-10-30T23:28:51.665+0000][7][gc,phases   ] GC(8)   Post Evacuate Collection Set: 2.1ms
[2023-10-30T23:28:51.665+0000][7][gc,phases   ] GC(8)   Other: 0.4ms
[2023-10-30T23:28:51.665+0000][7][gc,heap     ] GC(8) Eden regions: 6->0(72)
[2023-10-30T23:28:51.665+0000][7][gc,heap     ] GC(8) Survivor regions: 4->4(10)
[2023-10-30T23:28:51.665+0000][7][gc,heap     ] GC(8) Old regions: 1->1
[2023-10-30T23:28:51.665+0000][7][gc,heap     ] GC(8) Archive regions: 2->2
[2023-10-30T23:28:51.665+0000][7][gc,heap     ] GC(8) Humongous regions: 0->0
[2023-10-30T23:28:51.665+0000][7][gc,metaspace] GC(8) Metaspace: 20974K(21504K)->20974K(21504K) NonClass: 18371K(18688K)->18371K(18688K) Class: 2603K(2816K)->2603K(2816K)
[2023-10-30T23:28:51.665+0000][7][gc          ] GC(8) Pause Young (Concurrent Start) (Metadata GC Threshold) 45M->23M(512M) 19.535ms
[2023-10-30T23:28:51.665+0000][7][gc,cpu      ] GC(8) User=0.04s Sys=0.00s Real=0.02s
[2023-10-30T23:28:51.665+0000][7][gc          ] GC(9) Concurrent Mark Cycle
[2023-10-30T23:28:51.665+0000][7][gc,marking  ] GC(9) Concurrent Clear Claimed Marks
[2023-10-30T23:28:51.665+0000][7][safepoint   ] Safepoint "CollectForMetadataAllocation", Time since last: 360370084 ns, Reaching safepoint: 104157 ns, At safepoint: 19689626 ns, Total: 19793783 ns
[2023-10-30T23:28:51.665+0000][7][gc,marking  ] GC(9) Concurrent Clear Claimed Marks 0.040ms
[2023-10-30T23:28:51.665+0000][7][gc,marking  ] GC(9) Concurrent Scan Root Regions
[2023-10-30T23:28:51.675+0000][7][gc,marking  ] GC(9) Concurrent Scan Root Regions 10.096ms
[2023-10-30T23:28:51.675+0000][7][gc,marking  ] GC(9) Concurrent Mark
[2023-10-30T23:28:51.675+0000][7][gc,marking  ] GC(9) Concurrent Mark From Roots
[2023-10-30T23:28:51.675+0000][7][gc,task     ] GC(9) Using 2 workers of 2 for marking
[2023-10-30T23:28:51.690+0000][7][gc,marking  ] GC(9) Concurrent Mark From Roots 14.638ms
[2023-10-30T23:28:51.690+0000][7][gc,marking  ] GC(9) Concurrent Preclean
[2023-10-30T23:28:51.691+0000][7][gc,marking  ] GC(9) Concurrent Preclean 0.304ms
[2023-10-30T23:28:51.692+0000][7][gc,start    ] GC(9) Pause Remark
[2023-10-30T23:28:51.703+0000][7][gc          ] GC(9) Pause Remark 25M->25M(512M) 10.783ms
[2023-10-30T23:28:51.703+0000][7][gc,cpu      ] GC(9) User=0.02s Sys=0.00s Real=0.01s
[2023-10-30T23:28:51.703+0000][7][safepoint   ] Safepoint "G1Concurrent", Time since last: 25738085 ns, Reaching safepoint: 1011384 ns, At safepoint: 11540038 ns, Total: 12551422 ns
[2023-10-30T23:28:51.704+0000][7][gc,marking  ] GC(9) Concurrent Mark 28.591ms
[2023-10-30T23:28:51.704+0000][7][gc,marking  ] GC(9) Concurrent Rebuild Remembered Sets
[2023-10-30T23:28:51.704+0000][7][gc,marking  ] GC(9) Concurrent Rebuild Remembered Sets 0.012ms
[2023-10-30T23:28:51.705+0000][7][gc,start    ] GC(9) Pause Cleanup
[2023-10-30T23:28:51.705+0000][7][gc          ] GC(9) Pause Cleanup 25M->25M(512M) 0.038ms
[2023-10-30T23:28:51.705+0000][7][gc,cpu      ] GC(9) User=0.00s Sys=0.00s Real=0.00s
[2023-10-30T23:28:51.705+0000][7][safepoint   ] Safepoint "G1Concurrent", Time since last: 874197 ns, Reaching safepoint: 137301 ns, At safepoint: 89009 ns, Total: 226310 ns
[2023-10-30T23:28:51.706+0000][7][gc,marking  ] GC(9) Concurrent Cleanup for Next Mark
[2023-10-30T23:28:51.708+0000][7][gc,marking  ] GC(9) Concurrent Cleanup for Next Mark 1.630ms
[2023-10-30T23:28:51.708+0000][7][gc          ] GC(9) Concurrent Mark Cycle 42.740ms
[2023-10-30T23:28:52.549+0000][7][safepoint   ] Safepoint "ICBufferFull", Time since last: 844007846 ns, Reaching safepoint: 126853 ns, At safepoint: 4054 ns, Total: 130907 ns
[2023-10-30T23:28:52.550+0000][7][safepoint   ] Safepoint "ICBufferFull", Time since last: 1220065 ns, Reaching safepoint: 46687 ns, At safepoint: 4227 ns, Total: 50914 ns
[2023-10-30T23:28:52.551+0000][7][safepoint   ] Safepoint "ICBufferFull", Time since last: 1214289 ns, Reaching safepoint: 63704 ns, At safepoint: 3430 ns, Total: 67134 ns
[2023-10-30T23:28:52.552+0000][7][safepoint   ] Safepoint "ICBufferFull", Time since last: 1068336 ns, Reaching safepoint: 43593 ns, At safepoint: 3676 ns, Total: 47269 ns
[2023-10-30T23:28:52.604+0000][7][safepoint   ] Safepoint "ICBufferFull", Time since last: 51272844 ns, Reaching safepoint: 44876 ns, At safepoint: 4602 ns, Total: 49478 ns
[2023-10-30T23:28:52.694+0000][7][safepoint   ] Safepoint "ICBufferFull", Time since last: 90103453 ns, Reaching safepoint: 151284 ns, At safepoint: 7501 ns, Total: 158785 ns
[2023-10-30T23:28:52.728+0000][7][safepoint   ] Safepoint "ICBufferFull", Time since last: 34098016 ns, Reaching safepoint: 80852 ns, At safepoint: 3766 ns, Total: 84618 ns
[2023-10-30T23:28:52.731+0000][7][safepoint   ] Safepoint "ICBufferFull", Time since last: 2827944 ns, Reaching safepoint: 84644 ns, At safepoint: 4332 ns, Total: 88976 ns
[2023-10-30T23:28:53.011+0000][7][safepoint   ] Safepoint "ICBufferFull", Time since last: 280222491 ns, Reaching safepoint: 157252 ns, At safepoint: 3685 ns, Total: 160937 ns
[2023-10-30T23:28:53.109+0000][7][safepoint   ] Safepoint "ICBufferFull", Time since last: 97763301 ns, Reaching safepoint: 180506 ns, At safepoint: 37735 ns, Total: 218241 ns
[2023-10-30T23:28:53.111+0000][7][safepoint   ] Safepoint "ICBufferFull", Time since last: 1237704 ns, Reaching safepoint: 314499 ns, At safepoint: 10226 ns, Total: 324725 ns
[2023-10-30T23:28:53.113+0000][7][safepoint   ] Safepoint "ICBufferFull", Time since last: 1649009 ns, Reaching safepoint: 68182 ns, At safepoint: 5376 ns, Total: 73558 ns
[2023-10-30T23:28:53.217+0000][7][safepoint   ] Safepoint "ICBufferFull", Time since last: 103752519 ns, Reaching safepoint: 60664 ns, At safepoint: 3721 ns, Total: 64385 ns
[2023-10-30T23:28:53.218+0000][7][safepoint   ] Safepoint "ICBufferFull", Time since last: 1239121 ns, Reaching safepoint: 42128 ns, At safepoint: 3591 ns, Total: 45719 ns
[2023-10-30T23:28:54.941+0000][7][safepoint   ] Safepoint "ICBufferFull", Time since last: 1723088727 ns, Reaching safepoint: 332519 ns, At safepoint: 18798 ns, Total: 351317 ns
[2023-10-30T23:28:55.942+0000][7][safepoint   ] Safepoint "Cleanup", Time since last: 1000242149 ns, Reaching safepoint: 147048 ns, At safepoint: 5881 ns, Total: 152929 ns
[2023-10-30T23:28:56.943+0000][7][safepoint   ] Safepoint "Cleanup", Time since last: 1001041444 ns, Reaching safepoint: 212727 ns, At safepoint: 15742 ns, Total: 228469 ns
[2023-10-30T23:28:57.943+0000][7][safepoint   ] Safepoint "Cleanup", Time since last: 1000202596 ns, Reaching safepoint: 95905 ns, At safepoint: 4733 ns, Total: 100638 ns
[2023-10-30T23:28:58.508+0000][7][gc,start    ] GC(10) Pause Young (Concurrent Start) (Metadata GC Threshold)
[2023-10-30T23:28:58.509+0000][7][gc,task     ] GC(10) Using 8 workers of 8 for evacuation
[2023-10-30T23:28:58.509+0000][7][gc,age      ] GC(10) Desired survivor size 20971520 bytes, new threshold 15 (max threshold 15)
[2023-10-30T23:28:58.530+0000][7][gc,age      ] GC(10) Age table with threshold 15 (max threshold 15)
[2023-10-30T23:28:58.530+0000][7][gc,age      ] GC(10) - age   1:   26856872 bytes,   26856872 total
[2023-10-30T23:28:58.530+0000][7][gc,age      ] GC(10) - age   2:     377536 bytes,   27234408 total
[2023-10-30T23:28:58.530+0000][7][gc,age      ] GC(10) - age   3:     666216 bytes,   27900624 total
[2023-10-30T23:28:58.530+0000][7][gc,age      ] GC(10) - age   4:    2138288 bytes,   30038912 total
[2023-10-30T23:28:58.530+0000][7][gc,age      ] GC(10) - age   5:     401160 bytes,   30440072 total
[2023-10-30T23:28:58.530+0000][7][gc,age      ] GC(10) - age   6:    3472120 bytes,   33912192 total
[2023-10-30T23:28:58.530+0000][7][gc,age      ] GC(10) - age   7:    4156552 bytes,   38068744 total
[2023-10-30T23:28:58.530+0000][7][gc,age      ] GC(10) - age   8:    1095768 bytes,   39164512 total
[2023-10-30T23:28:58.530+0000][7][gc,age      ] GC(10) - age   9:    2296968 bytes,   41461480 total
[2023-10-30T23:28:58.530+0000][7][gc,phases   ] GC(10)   Pre Evacuate Collection Set: 0.1ms
[2023-10-30T23:28:58.530+0000][7][gc,phases   ] GC(10)   Merge Heap Roots: 0.0ms
[2023-10-30T23:28:58.530+0000][7][gc,phases   ] GC(10)   Evacuate Collection Set: 19.9ms
[2023-10-30T23:28:58.530+0000][7][gc,phases   ] GC(10)   Post Evacuate Collection Set: 1.0ms
[2023-10-30T23:28:58.530+0000][7][gc,phases   ] GC(10)   Other: 0.3ms
[2023-10-30T23:28:58.530+0000][7][gc,heap     ] GC(10) Eden regions: 71->0(66)
[2023-10-30T23:28:58.530+0000][7][gc,heap     ] GC(10) Survivor regions: 4->10(10)
[2023-10-30T23:28:58.530+0000][7][gc,heap     ] GC(10) Old regions: 1->2
[2023-10-30T23:28:58.530+0000][7][gc,heap     ] GC(10) Archive regions: 2->2
[2023-10-30T23:28:58.530+0000][7][gc,heap     ] GC(10) Humongous regions: 0->0
[2023-10-30T23:28:58.530+0000][7][gc,metaspace] GC(10) Metaspace: 35051K(35968K)->35051K(35968K) NonClass: 30439K(30976K)->30439K(30976K) Class: 4612K(4992K)->4612K(4992K)
[2023-10-30T23:28:58.530+0000][7][gc          ] GC(10) Pause Young (Concurrent Start) (Metadata GC Threshold) 307M->48M(512M) 21.322ms
[2023-10-30T23:28:58.530+0000][7][gc,cpu      ] GC(10) User=0.14s Sys=0.00s Real=0.02s
[2023-10-30T23:28:58.530+0000][7][gc          ] GC(11) Concurrent Mark Cycle
[2023-10-30T23:28:58.530+0000][7][gc,marking  ] GC(11) Concurrent Clear Claimed Marks
[2023-10-30T23:28:58.530+0000][7][safepoint   ] Safepoint "CollectForMetadataAllocation", Time since last: 565159358 ns, Reaching safepoint: 46017 ns, At safepoint: 21428904 ns, Total: 21474921 ns
[2023-10-30T23:28:58.530+0000][7][gc,marking  ] GC(11) Concurrent Clear Claimed Marks 0.049ms
[2023-10-30T23:28:58.530+0000][7][gc,marking  ] GC(11) Concurrent Scan Root Regions
[2023-10-30T23:28:58.545+0000][7][gc,marking  ] GC(11) Concurrent Scan Root Regions 14.695ms
[2023-10-30T23:28:58.545+0000][7][gc,marking  ] GC(11) Concurrent Mark
[2023-10-30T23:28:58.545+0000][7][gc,marking  ] GC(11) Concurrent Mark From Roots
[2023-10-30T23:28:58.545+0000][7][gc,task     ] GC(11) Using 2 workers of 2 for marking
[2023-10-30T23:28:58.548+0000][7][gc,marking  ] GC(11) Concurrent Mark From Roots 3.385ms
[2023-10-30T23:28:58.548+0000][7][gc,marking  ] GC(11) Concurrent Preclean
[2023-10-30T23:28:58.548+0000][7][gc,marking  ] GC(11) Concurrent Preclean 0.062ms
[2023-10-30T23:28:58.548+0000][7][gc,start    ] GC(11) Pause Remark
[2023-10-30T23:28:58.550+0000][7][gc          ] GC(11) Pause Remark 50M->50M(512M) 1.997ms
[2023-10-30T23:28:58.550+0000][7][gc,cpu      ] GC(11) User=0.01s Sys=0.00s Real=0.00s
[2023-10-30T23:28:58.550+0000][7][safepoint   ] Safepoint "G1Concurrent", Time since last: 18332399 ns, Reaching safepoint: 22348 ns, At safepoint: 2073953 ns, Total: 2096301 ns
[2023-10-30T23:28:58.550+0000][7][gc,marking  ] GC(11) Concurrent Mark 5.662ms
[2023-10-30T23:28:58.550+0000][7][gc,marking  ] GC(11) Concurrent Rebuild Remembered Sets
[2023-10-30T23:28:58.553+0000][7][gc,marking  ] GC(11) Concurrent Rebuild Remembered Sets 3.005ms
[2023-10-30T23:28:58.559+0000][7][gc,start    ] GC(11) Pause Cleanup
[2023-10-30T23:28:58.559+0000][7][gc          ] GC(11) Pause Cleanup 50M->50M(512M) 0.089ms
[2023-10-30T23:28:58.559+0000][7][gc,cpu      ] GC(11) User=0.00s Sys=0.00s Real=0.00s
[2023-10-30T23:28:58.559+0000][7][safepoint   ] Safepoint "G1Concurrent", Time since last: 8503611 ns, Reaching safepoint: 26315 ns, At safepoint: 144655 ns, Total: 170970 ns
[2023-10-30T23:28:58.559+0000][7][gc,marking  ] GC(11) Concurrent Cleanup for Next Mark
[2023-10-30T23:28:58.560+0000][7][gc,marking  ] GC(11) Concurrent Cleanup for Next Mark 0.837ms
[2023-10-30T23:28:58.560+0000][7][gc          ] GC(11) Concurrent Mark Cycle 30.053ms
[2023-10-30T23:29:00.329+0000][7][safepoint   ] Safepoint "Cleanup", Time since last: 1769617694 ns, Reaching safepoint: 836324 ns, At safepoint: 13158 ns, Total: 849482 ns
[2023-10-30T23:29:01.746+0000][7][safepoint   ] Safepoint "Cleanup", Time since last: 1416331178 ns, Reaching safepoint: 225065 ns, At safepoint: 9243 ns, Total: 234308 ns
[2023-10-30T23:29:01.973+0000][7][gc,start    ] GC(12) Pause Young (Normal) (G1 Evacuation Pause)
[2023-10-30T23:29:01.973+0000][7][gc,task     ] GC(12) Using 8 workers of 8 for evacuation
[2023-10-30T23:29:01.973+0000][7][gc,age      ] GC(12) Desired survivor size 20971520 bytes, new threshold 1 (max threshold 15)
[2023-10-30T23:29:02.057+0000][7][gc,age      ] GC(12) Age table with threshold 1 (max threshold 15)
[2023-10-30T23:29:02.057+0000][7][gc,age      ] GC(12) - age   1:    6008848 bytes,    6008848 total
[2023-10-30T23:29:02.058+0000][7][gc,phases   ] GC(12)   Pre Evacuate Collection Set: 0.1ms
[2023-10-30T23:29:02.058+0000][7][gc,phases   ] GC(12)   Merge Heap Roots: 0.1ms
[2023-10-30T23:29:02.058+0000][7][gc,phases   ] GC(12)   Evacuate Collection Set: 81.4ms
[2023-10-30T23:29:02.058+0000][7][gc,phases   ] GC(12)   Post Evacuate Collection Set: 3.0ms
[2023-10-30T23:29:02.058+0000][7][gc,phases   ] GC(12)   Other: 0.7ms
[2023-10-30T23:29:02.059+0000][7][gc,heap     ] GC(12) Eden regions: 66->0(73)
[2023-10-30T23:29:02.059+0000][7][gc,heap     ] GC(12) Survivor regions: 10->3(10)
[2023-10-30T23:29:02.059+0000][7][gc,heap     ] GC(12) Old regions: 2->11
[2023-10-30T23:29:02.059+0000][7][gc,heap     ] GC(12) Archive regions: 2->2
[2023-10-30T23:29:02.059+0000][7][gc,heap     ] GC(12) Humongous regions: 0->0
[2023-10-30T23:29:02.059+0000][7][gc,metaspace] GC(12) Metaspace: 51498K(52672K)->51498K(52672K) NonClass: 44521K(45248K)->44521K(45248K) Class: 6977K(7424K)->6977K(7424K)
[2023-10-30T23:29:02.059+0000][7][gc          ] GC(12) Pause Young (Normal) (G1 Evacuation Pause) 312M->57M(512M) 86.942ms
[2023-10-30T23:29:02.060+0000][7][gc,cpu      ] GC(12) User=0.31s Sys=0.02s Real=0.09s
[2023-10-30T23:29:02.060+0000][7][safepoint   ] Safepoint "G1CollectForAllocation", Time since last: 226350414 ns, Reaching safepoint: 83227 ns, At safepoint: 87322088 ns, Total: 87405315 ns
[2023-10-30T23:29:03.236+0000][7][safepoint   ] Safepoint "ICBufferFull", Time since last: 1176223878 ns, Reaching safepoint: 138666 ns, At safepoint: 3577 ns, Total: 142243 ns
[2023-10-30T23:29:04.540+0000][7][safepoint   ] Safepoint "Cleanup", Time since last: 1303995137 ns, Reaching safepoint: 260788 ns, At safepoint: 4661 ns, Total: 265449 ns
[2023-10-30T23:29:05.541+0000][7][safepoint   ] Safepoint "Cleanup", Time since last: 1000143410 ns, Reaching safepoint: 222297 ns, At safepoint: 6849 ns, Total: 229146 ns
[2023-10-30T23:29:05.799+0000][7][gc,start    ] GC(13) Pause Young (Concurrent Start) (Metadata GC Threshold)
[2023-10-30T23:29:05.799+0000][7][gc,task     ] GC(13) Using 8 workers of 8 for evacuation
[2023-10-30T23:29:05.799+0000][7][gc,age      ] GC(13) Desired survivor size 20971520 bytes, new threshold 15 (max threshold 15)
[2023-10-30T23:29:05.809+0000][7][gc,age      ] GC(13) Age table with threshold 15 (max threshold 15)
[2023-10-30T23:29:05.809+0000][7][gc,age      ] GC(13) - age   1:    4918880 bytes,    4918880 total
[2023-10-30T23:29:05.809+0000][7][gc,age      ] GC(13) - age   2:    5824832 bytes,   10743712 total
[2023-10-30T23:29:05.809+0000][7][gc,phases   ] GC(13)   Pre Evacuate Collection Set: 0.1ms
[2023-10-30T23:29:05.809+0000][7][gc,phases   ] GC(13)   Merge Heap Roots: 0.0ms
[2023-10-30T23:29:05.809+0000][7][gc,phases   ] GC(13)   Evacuate Collection Set: 8.9ms
[2023-10-30T23:29:05.809+0000][7][gc,phases   ] GC(13)   Post Evacuate Collection Set: 0.9ms
[2023-10-30T23:29:05.809+0000][7][gc,phases   ] GC(13)   Other: 0.2ms
[2023-10-30T23:29:05.809+0000][7][gc,heap     ] GC(13) Eden regions: 50->0(73)
[2023-10-30T23:29:05.809+0000][7][gc,heap     ] GC(13) Survivor regions: 3->3(10)
[2023-10-30T23:29:05.809+0000][7][gc,heap     ] GC(13) Old regions: 11->11
[2023-10-30T23:29:05.809+0000][7][gc,heap     ] GC(13) Archive regions: 2->2
[2023-10-30T23:29:05.809+0000][7][gc,heap     ] GC(13) Humongous regions: 0->0
[2023-10-30T23:29:05.809+0000][7][gc,metaspace] GC(13) Metaspace: 59022K(60288K)->59022K(60288K) NonClass: 51002K(51776K)->51002K(51776K) Class: 8019K(8512K)->8019K(8512K)
[2023-10-30T23:29:05.809+0000][7][gc          ] GC(13) Pause Young (Concurrent Start) (Metadata GC Threshold) 257M->59M(512M) 10.231ms
[2023-10-30T23:29:05.810+0000][7][gc,cpu      ] GC(13) User=0.05s Sys=0.00s Real=0.01s
[2023-10-30T23:29:05.810+0000][7][gc          ] GC(14) Concurrent Mark Cycle
[2023-10-30T23:29:05.810+0000][7][gc,marking  ] GC(14) Concurrent Clear Claimed Marks
[2023-10-30T23:29:05.810+0000][7][safepoint   ] Safepoint "CollectForMetadataAllocation", Time since last: 258276510 ns, Reaching safepoint: 178942 ns, At safepoint: 10377825 ns, Total: 10556767 ns
[2023-10-30T23:29:05.810+0000][7][gc,marking  ] GC(14) Concurrent Clear Claimed Marks 0.093ms
[2023-10-30T23:29:05.810+0000][7][gc,marking  ] GC(14) Concurrent Scan Root Regions
[2023-10-30T23:29:05.816+0000][7][gc,marking  ] GC(14) Concurrent Scan Root Regions 6.420ms
[2023-10-30T23:29:05.816+0000][7][gc,marking  ] GC(14) Concurrent Mark
[2023-10-30T23:29:05.816+0000][7][gc,marking  ] GC(14) Concurrent Mark From Roots
[2023-10-30T23:29:05.816+0000][7][gc,task     ] GC(14) Using 2 workers of 2 for marking
[2023-10-30T23:29:05.861+0000][7][gc,marking  ] GC(14) Concurrent Mark From Roots 44.995ms
[2023-10-30T23:29:05.861+0000][7][gc,marking  ] GC(14) Concurrent Preclean
[2023-10-30T23:29:05.862+0000][7][gc,marking  ] GC(14) Concurrent Preclean 0.276ms
[2023-10-30T23:29:05.862+0000][7][gc,start    ] GC(14) Pause Remark
[2023-10-30T23:29:05.865+0000][7][gc          ] GC(14) Pause Remark 61M->61M(512M) 3.523ms
[2023-10-30T23:29:05.865+0000][7][gc,cpu      ] GC(14) User=0.01s Sys=0.00s Real=0.01s
[2023-10-30T23:29:05.865+0000][7][safepoint   ] Safepoint "G1Concurrent", Time since last: 51934670 ns, Reaching safepoint: 104889 ns, At safepoint: 3613866 ns, Total: 3718755 ns
[2023-10-30T23:29:05.865+0000][7][gc,marking  ] GC(14) Concurrent Mark 49.125ms
[2023-10-30T23:29:05.865+0000][7][gc,marking  ] GC(14) Concurrent Rebuild Remembered Sets
[2023-10-30T23:29:05.865+0000][7][gc,marking  ] GC(14) Concurrent Rebuild Remembered Sets 0.008ms
[2023-10-30T23:29:05.866+0000][7][gc,start    ] GC(14) Pause Cleanup
[2023-10-30T23:29:05.866+0000][7][gc          ] GC(14) Pause Cleanup 61M->61M(512M) 0.037ms
[2023-10-30T23:29:05.866+0000][7][gc,cpu      ] GC(14) User=0.00s Sys=0.00s Real=0.00s
[2023-10-30T23:29:05.866+0000][7][safepoint   ] Safepoint "G1Concurrent", Time since last: 75215 ns, Reaching safepoint: 255289 ns, At safepoint: 73893 ns, Total: 329182 ns
[2023-10-30T23:29:05.866+0000][7][gc,marking  ] GC(14) Concurrent Cleanup for Next Mark
[2023-10-30T23:29:05.867+0000][7][gc,marking  ] GC(14) Concurrent Cleanup for Next Mark 0.958ms
[2023-10-30T23:29:05.867+0000][7][gc          ] GC(14) Concurrent Mark Cycle 57.188ms
[2023-10-30T23:29:07.314+0000][7][safepoint   ] Safepoint "Cleanup", Time since last: 1447002728 ns, Reaching safepoint: 1088305 ns, At safepoint: 11658 ns, Total: 1099963 ns
[2023-10-30T23:29:08.314+0000][7][safepoint   ] Safepoint "Cleanup", Time since last: 1000142413 ns, Reaching safepoint: 178086 ns, At safepoint: 4786 ns, Total: 182872 ns
[2023-10-30T23:29:09.423+0000][7][safepoint   ] Safepoint "ICBufferFull", Time since last: 1108143089 ns, Reaching safepoint: 265670 ns, At safepoint: 6723 ns, Total: 272393 ns
[2023-10-30T23:29:10.870+0000][7][safepoint   ] Safepoint "Cleanup", Time since last: 1447693052 ns, Reaching safepoint: 263614 ns, At safepoint: 8499 ns, Total: 272113 ns
[2023-10-30T23:29:11.917+0000][7][safepoint   ] Safepoint "Cleanup", Time since last: 1045974806 ns, Reaching safepoint: 386885 ns, At safepoint: 8636 ns, Total: 395521 ns
[2023-10-30T23:29:12.685+0000][7][safepoint   ] Safepoint "ICBufferFull", Time since last: 768102594 ns, Reaching safepoint: 180178 ns, At safepoint: 5935 ns, Total: 186113 ns
[2023-10-30T23:29:13.733+0000][7][safepoint   ] Safepoint "ICBufferFull", Time since last: 1046982504 ns, Reaching safepoint: 843205 ns, At safepoint: 10303 ns, Total: 853508 ns
[2023-10-30T23:29:14.848+0000][7][safepoint   ] Safepoint "ICBufferFull", Time since last: 1114504505 ns, Reaching safepoint: 173522 ns, At safepoint: 6802 ns, Total: 180324 ns
[2023-10-30T23:29:15.028+0000][7][gc,start    ] GC(15) Pause Young (Normal) (G1 Evacuation Pause)
[2023-10-30T23:29:15.028+0000][7][gc,task     ] GC(15) Using 8 workers of 8 for evacuation
[2023-10-30T23:29:15.028+0000][7][gc,age      ] GC(15) Desired survivor size 20971520 bytes, new threshold 15 (max threshold 15)
[2023-10-30T23:29:15.089+0000][7][gc,age      ] GC(15) Age table with threshold 15 (max threshold 15)
[2023-10-30T23:29:15.089+0000][7][gc,age      ] GC(15) - age   1:   14356624 bytes,   14356624 total
[2023-10-30T23:29:15.089+0000][7][gc,age      ] GC(15) - age   2:    4773544 bytes,   19130168 total
[2023-10-30T23:29:15.090+0000][7][gc,age      ] GC(15) - age   3:    5671264 bytes,   24801432 total
[2023-10-30T23:29:15.090+0000][7][gc,phases   ] GC(15)   Pre Evacuate Collection Set: 0.1ms
[2023-10-30T23:29:15.090+0000][7][gc,phases   ] GC(15)   Merge Heap Roots: 0.1ms
[2023-10-30T23:29:15.090+0000][7][gc,phases   ] GC(15)   Evacuate Collection Set: 56.8ms
[2023-10-30T23:29:15.090+0000][7][gc,phases   ] GC(15)   Post Evacuate Collection Set: 3.7ms
[2023-10-30T23:29:15.090+0000][7][gc,phases   ] GC(15)   Other: 1.5ms
[2023-10-30T23:29:15.090+0000][7][gc,heap     ] GC(15) Eden regions: 73->0(69)
[2023-10-30T23:29:15.090+0000][7][gc,heap     ] GC(15) Survivor regions: 3->7(10)
[2023-10-30T23:29:15.090+0000][7][gc,heap     ] GC(15) Old regions: 11->11
[2023-10-30T23:29:15.090+0000][7][gc,heap     ] GC(15) Archive regions: 2->2
[2023-10-30T23:29:15.090+0000][7][gc,heap     ] GC(15) Humongous regions: 0->0
[2023-10-30T23:29:15.090+0000][7][gc,metaspace] GC(15) Metaspace: 94348K(95808K)->94348K(95808K) NonClass: 81094K(81984K)->81094K(81984K) Class: 13254K(13824K)->13254K(13824K)
[2023-10-30T23:29:15.090+0000][7][gc          ] GC(15) Pause Young (Normal) (G1 Evacuation Pause) 351M->72M(512M) 62.606ms
[2023-10-30T23:29:15.090+0000][7][gc,cpu      ] GC(15) User=0.11s Sys=0.00s Real=0.06s
[2023-10-30T23:29:15.090+0000][7][safepoint   ] Safepoint "G1CollectForAllocation", Time since last: 179888686 ns, Reaching safepoint: 67585 ns, At safepoint: 62714112 ns, Total: 62781697 ns
[2023-10-30T23:29:16.198+0000][7][safepoint   ] Safepoint "ICBufferFull", Time since last: 1107039243 ns, Reaching safepoint: 322955 ns, At safepoint: 9739 ns, Total: 332694 ns
[2023-10-30T23:29:17.289+0000][7][gc,start    ] GC(16) Pause Young (Concurrent Start) (Metadata GC Threshold)
[2023-10-30T23:29:17.289+0000][7][gc,task     ] GC(16) Using 8 workers of 8 for evacuation
[2023-10-30T23:29:17.289+0000][7][gc,age      ] GC(16) Desired survivor size 20971520 bytes, new threshold 3 (max threshold 15)
[2023-10-30T23:29:17.376+0000][7][gc,age      ] GC(16) Age table with threshold 3 (max threshold 15)
[2023-10-30T23:29:17.376+0000][7][gc,age      ] GC(16) - age   1:    7576096 bytes,    7576096 total
[2023-10-30T23:29:17.377+0000][7][gc,age      ] GC(16) - age   2:   13762248 bytes,   21338344 total
[2023-10-30T23:29:17.377+0000][7][gc,age      ] GC(16) - age   3:    4769104 bytes,   26107448 total
[2023-10-30T23:29:17.377+0000][7][gc,phases   ] GC(16)   Pre Evacuate Collection Set: 0.2ms
[2023-10-30T23:29:17.377+0000][7][gc,phases   ] GC(16)   Merge Heap Roots: 0.2ms
[2023-10-30T23:29:17.377+0000][7][gc,phases   ] GC(16)   Evacuate Collection Set: 79.2ms
[2023-10-30T23:29:17.377+0000][7][gc,phases   ] GC(16)   Post Evacuate Collection Set: 5.6ms
[2023-10-30T23:29:17.378+0000][7][gc,phases   ] GC(16)   Other: 3.0ms
[2023-10-30T23:29:17.378+0000][7][gc,heap     ] GC(16) Eden regions: 24->0(69)
[2023-10-30T23:29:17.378+0000][7][gc,heap     ] GC(16) Survivor regions: 7->7(10)
[2023-10-30T23:29:17.378+0000][7][gc,heap     ] GC(16) Old regions: 11->13
[2023-10-30T23:29:17.378+0000][7][gc,heap     ] GC(16) Archive regions: 2->2
[2023-10-30T23:29:17.378+0000][7][gc,heap     ] GC(16) Humongous regions: 5->5
[2023-10-30T23:29:17.378+0000][7][gc,metaspace] GC(16) Metaspace: 99287K(100800K)->99287K(100800K) NonClass: 85339K(86208K)->85339K(86208K) Class: 13948K(14592K)->13948K(14592K)
[2023-10-30T23:29:17.379+0000][7][gc          ] GC(16) Pause Young (Concurrent Start) (Metadata GC Threshold) 185M->100M(512M) 90.016ms
[2023-10-30T23:29:17.379+0000][7][gc,cpu      ] GC(16) User=0.12s Sys=0.01s Real=0.09s
[2023-10-30T23:29:17.379+0000][7][safepoint   ] Safepoint "CollectForMetadataAllocation", Time since last: 1090794312 ns, Reaching safepoint: 208379 ns, At safepoint: 90681727 ns, Total: 90890106 ns
[2023-10-30T23:29:17.381+0000][7][gc          ] GC(17) Concurrent Mark Cycle
[2023-10-30T23:29:17.381+0000][7][gc,marking  ] GC(17) Concurrent Clear Claimed Marks
[2023-10-30T23:29:17.382+0000][7][gc,marking  ] GC(17) Concurrent Clear Claimed Marks 0.339ms
[2023-10-30T23:29:17.382+0000][7][gc,marking  ] GC(17) Concurrent Scan Root Regions
[2023-10-30T23:29:17.430+0000][7][gc,marking  ] GC(17) Concurrent Scan Root Regions 47.716ms
[2023-10-30T23:29:17.430+0000][7][gc,marking  ] GC(17) Concurrent Mark
[2023-10-30T23:29:17.430+0000][7][gc,marking  ] GC(17) Concurrent Mark From Roots
[2023-10-30T23:29:17.430+0000][7][gc,task     ] GC(17) Using 2 workers of 2 for marking
[2023-10-30T23:29:17.588+0000][7][safepoint   ] Safepoint "CollectForMetadataAllocation", Time since last: 193939272 ns, Reaching safepoint: 14372309 ns, At safepoint: 109382 ns, Total: 14481691 ns
[2023-10-30T23:29:17.589+0000][7][safepoint   ] Safepoint "CollectForMetadataAllocation", Time since last: 1234029 ns, Reaching safepoint: 81626 ns, At safepoint: 126945 ns, Total: 208571 ns
[2023-10-30T23:29:17.641+0000][7][gc,marking  ] GC(17) Concurrent Mark From Roots 210.921ms
[2023-10-30T23:29:17.641+0000][7][gc,marking  ] GC(17) Concurrent Preclean
[2023-10-30T23:29:17.642+0000][7][gc,marking  ] GC(17) Concurrent Preclean 0.715ms
[2023-10-30T23:29:17.646+0000][7][gc,start    ] GC(17) Pause Remark
[2023-10-30T23:29:17.665+0000][7][gc          ] GC(17) Pause Remark 108M->108M(512M) 18.506ms
[2023-10-30T23:29:17.665+0000][7][gc,cpu      ] GC(17) User=0.02s Sys=0.00s Real=0.02s
[2023-10-30T23:29:17.665+0000][7][safepoint   ] Safepoint "G1Concurrent", Time since last: 52809827 ns, Reaching safepoint: 4194804 ns, At safepoint: 18647772 ns, Total: 22842576 ns
[2023-10-30T23:29:17.665+0000][7][gc,marking  ] GC(17) Concurrent Mark 235.399ms
[2023-10-30T23:29:17.665+0000][7][gc,marking  ] GC(17) Concurrent Rebuild Remembered Sets
[2023-10-30T23:29:17.776+0000][7][gc,marking  ] GC(17) Concurrent Rebuild Remembered Sets 110.717ms
[2023-10-30T23:29:17.777+0000][7][gc,start    ] GC(17) Pause Cleanup
[2023-10-30T23:29:17.778+0000][7][gc          ] GC(17) Pause Cleanup 109M->109M(512M) 0.329ms
[2023-10-30T23:29:17.778+0000][7][gc,cpu      ] GC(17) User=0.01s Sys=0.00s Real=0.00s
[2023-10-30T23:29:17.778+0000][7][safepoint   ] Safepoint "G1Concurrent", Time since last: 111509707 ns, Reaching safepoint: 802539 ns, At safepoint: 723625 ns, Total: 1526164 ns
[2023-10-30T23:29:17.779+0000][7][gc,marking  ] GC(17) Concurrent Cleanup for Next Mark
[2023-10-30T23:29:17.780+0000][7][gc,marking  ] GC(17) Concurrent Cleanup for Next Mark 1.079ms
[2023-10-30T23:29:17.780+0000][7][gc          ] GC(17) Concurrent Mark Cycle 399.466ms
[2023-10-30T23:29:19.086+0000][7][safepoint   ] Safepoint "ICBufferFull", Time since last: 1308294172 ns, Reaching safepoint: 168401 ns, At safepoint: 14872 ns, Total: 183273 ns
[2023-10-30T23:29:20.097+0000][7][safepoint   ] Safepoint "Cleanup", Time since last: 1010404596 ns, Reaching safepoint: 199257 ns, At safepoint: 10130 ns, Total: 209387 ns
[2023-10-30T23:29:21.101+0000][7][safepoint   ] Safepoint "Cleanup", Time since last: 1003989272 ns, Reaching safepoint: 126558 ns, At safepoint: 7063 ns, Total: 133621 ns
[2023-10-30T23:29:22.735+0000][7][safepoint   ] Safepoint "Cleanup", Time since last: 1633936082 ns, Reaching safepoint: 55789 ns, At safepoint: 8532 ns, Total: 64321 ns
[2023-10-30T23:29:23.736+0000][7][safepoint   ] Safepoint "Cleanup", Time since last: 1000341834 ns, Reaching safepoint: 48387 ns, At safepoint: 7807 ns, Total: 56194 ns
[2023-10-30T23:29:24.399+0000][7][safepoint   ] Safepoint "ICBufferFull", Time since last: 663677313 ns, Reaching safepoint: 150142 ns, At safepoint: 4013 ns, Total: 154155 ns
[2023-10-30T23:29:24.428+0000][7][gc,start    ] GC(18) Pause Young (Concurrent Start) (G1 Evacuation Pause)
[2023-10-30T23:29:24.429+0000][7][gc,task     ] GC(18) Using 8 workers of 8 for evacuation
[2023-10-30T23:29:24.429+0000][7][gc,age      ] GC(18) Desired survivor size 20971520 bytes, new threshold 2 (max threshold 15)
[2023-10-30T23:29:24.480+0000][7][gc,age      ] GC(18) Age table with threshold 2 (max threshold 15)
[2023-10-30T23:29:24.480+0000][7][gc,age      ] GC(18) - age   1:    8982880 bytes,    8982880 total
[2023-10-30T23:29:24.480+0000][7][gc,age      ] GC(18) - age   2:    7284856 bytes,   16267736 total
[2023-10-30T23:29:24.480+0000][7][gc,phases   ] GC(18)   Pre Evacuate Collection Set: 0.5ms
[2023-10-30T23:29:24.480+0000][7][gc,phases   ] GC(18)   Merge Heap Roots: 0.1ms
[2023-10-30T23:29:24.480+0000][7][gc,phases   ] GC(18)   Evacuate Collection Set: 44.6ms
[2023-10-30T23:29:24.480+0000][7][gc,phases   ] GC(18)   Post Evacuate Collection Set: 2.5ms
[2023-10-30T23:29:24.480+0000][7][gc,phases   ] GC(18)   Other: 3.8ms
[2023-10-30T23:29:24.480+0000][7][gc,heap     ] GC(18) Eden regions: 69->0(70)
[2023-10-30T23:29:24.480+0000][7][gc,heap     ] GC(18) Survivor regions: 7->5(10)
[2023-10-30T23:29:24.480+0000][7][gc,heap     ] GC(18) Old regions: 13->17
[2023-10-30T23:29:24.480+0000][7][gc,heap     ] GC(18) Archive regions: 2->2
[2023-10-30T23:29:24.480+0000][7][gc,heap     ] GC(18) Humongous regions: 5->5
[2023-10-30T23:29:24.480+0000][7][gc,metaspace] GC(18) Metaspace: 105363K(106944K)->105363K(106944K) NonClass: 90589K(91520K)->90589K(91520K) Class: 14774K(15424K)->14774K(15424K)
[2023-10-30T23:29:24.480+0000][7][gc          ] GC(18) Pause Young (Concurrent Start) (G1 Evacuation Pause) 375M->108M(512M) 51.542ms
[2023-10-30T23:29:24.480+0000][7][gc,cpu      ] GC(18) User=0.15s Sys=0.03s Real=0.05s
[2023-10-30T23:29:24.480+0000][7][gc          ] GC(19) Concurrent Mark Cycle
[2023-10-30T23:29:24.480+0000][7][gc,marking  ] GC(19) Concurrent Clear Claimed Marks
[2023-10-30T23:29:24.480+0000][7][gc,marking  ] GC(19) Concurrent Clear Claimed Marks 0.105ms
[2023-10-30T23:29:24.480+0000][7][gc,marking  ] GC(19) Concurrent Scan Root Regions
[2023-10-30T23:29:24.480+0000][7][safepoint   ] Safepoint "G1CollectForAllocation", Time since last: 29020683 ns, Reaching safepoint: 58447 ns, At safepoint: 51647168 ns, Total: 51705615 ns
[2023-10-30T23:29:24.500+0000][7][gc,marking  ] GC(19) Concurrent Scan Root Regions 20.135ms
[2023-10-30T23:29:24.501+0000][7][gc,marking  ] GC(19) Concurrent Mark
[2023-10-30T23:29:24.501+0000][7][gc,marking  ] GC(19) Concurrent Mark From Roots
[2023-10-30T23:29:24.501+0000][7][gc,task     ] GC(19) Using 2 workers of 2 for marking
[2023-10-30T23:29:24.601+0000][7][gc,marking  ] GC(19) Concurrent Mark From Roots 100.225ms
[2023-10-30T23:29:24.601+0000][7][gc,marking  ] GC(19) Concurrent Preclean
[2023-10-30T23:29:24.601+0000][7][gc,marking  ] GC(19) Concurrent Preclean 0.385ms
[2023-10-30T23:29:24.602+0000][7][gc,start    ] GC(19) Pause Remark
[2023-10-30T23:29:24.608+0000][7][gc          ] GC(19) Pause Remark 119M->119M(512M) 6.336ms
[2023-10-30T23:29:24.608+0000][7][gc,cpu      ] GC(19) User=0.02s Sys=0.00s Real=0.01s
[2023-10-30T23:29:24.608+0000][7][safepoint   ] Safepoint "G1Concurrent", Time since last: 121356875 ns, Reaching safepoint: 125656 ns, At safepoint: 6420685 ns, Total: 6546341 ns
[2023-10-30T23:29:24.608+0000][7][gc,marking  ] GC(19) Concurrent Mark 107.440ms
[2023-10-30T23:29:24.608+0000][7][gc,marking  ] GC(19) Concurrent Rebuild Remembered Sets
[2023-10-30T23:29:24.686+0000][7][gc,marking  ] GC(19) Concurrent Rebuild Remembered Sets 77.678ms
[2023-10-30T23:29:24.686+0000][7][gc,start    ] GC(19) Pause Cleanup
[2023-10-30T23:29:24.686+0000][7][gc          ] GC(19) Pause Cleanup 133M->133M(512M) 0.078ms
[2023-10-30T23:29:24.686+0000][7][gc,cpu      ] GC(19) User=0.00s Sys=0.00s Real=0.00s
[2023-10-30T23:29:24.686+0000][7][safepoint   ] Safepoint "G1Concurrent", Time since last: 77814501 ns, Reaching safepoint: 163046 ns, At safepoint: 131246 ns, Total: 294292 ns
[2023-10-30T23:29:24.686+0000][7][gc,marking  ] GC(19) Concurrent Cleanup for Next Mark
[2023-10-30T23:29:24.687+0000][7][gc,marking  ] GC(19) Concurrent Cleanup for Next Mark 0.701ms
[2023-10-30T23:29:24.687+0000][7][gc          ] GC(19) Concurrent Mark Cycle 206.819ms
[2023-10-30T23:29:24.956+0000][7][safepoint   ] Safepoint "ICBufferFull", Time since last: 270015778 ns, Reaching safepoint: 130755 ns, At safepoint: 7401 ns, Total: 138156 ns
[2023-10-30T23:29:25.956+0000][7][safepoint   ] Safepoint "Cleanup", Time since last: 1000102566 ns, Reaching safepoint: 123281 ns, At safepoint: 5042 ns, Total: 128323 ns
[2023-10-30T23:29:26.957+0000][7][safepoint   ] Safepoint "Cleanup", Time since last: 1000090217 ns, Reaching safepoint: 106671 ns, At safepoint: 23415 ns, Total: 130086 ns
[2023-10-30T23:29:27.957+0000][7][safepoint   ] Safepoint "Cleanup", Time since last: 1000120959 ns, Reaching safepoint: 58538 ns, At safepoint: 8755 ns, Total: 67293 ns
[2023-10-30T23:29:29.013+0000][7][safepoint   ] Safepoint "Cleanup", Time since last: 1055704701 ns, Reaching safepoint: 121809 ns, At safepoint: 5869 ns, Total: 127678 ns
[2023-10-30T23:29:29.336+0000][7][safepoint   ] Safepoint "ICBufferFull", Time since last: 322826578 ns, Reaching safepoint: 273536 ns, At safepoint: 11904 ns, Total: 285440 ns
[2023-10-30T23:29:29.694+0000][7][safepoint   ] Safepoint "ICBufferFull", Time since last: 357637005 ns, Reaching safepoint: 217797 ns, At safepoint: 15323 ns, Total: 233120 ns
[2023-10-30T23:29:30.694+0000][7][safepoint   ] Safepoint "Cleanup", Time since last: 1000127132 ns, Reaching safepoint: 165444 ns, At safepoint: 11014 ns, Total: 176458 ns
[2023-10-30T23:29:31.694+0000][7][safepoint   ] Safepoint "Cleanup", Time since last: 1000143102 ns, Reaching safepoint: 58012 ns, At safepoint: 5739 ns, Total: 63751 ns
[2023-10-30T23:29:32.453+0000][7][safepoint   ] Safepoint "ICBufferFull", Time since last: 758574442 ns, Reaching safepoint: 182202 ns, At safepoint: 9984 ns, Total: 192186 ns
[2023-10-30T23:29:33.133+0000][7][safepoint   ] Safepoint "ICBufferFull", Time since last: 679535038 ns, Reaching safepoint: 232663 ns, At safepoint: 12168 ns, Total: 244831 ns
[2023-10-30T23:29:34.133+0000][7][safepoint   ] Safepoint "Cleanup", Time since last: 1000141893 ns, Reaching safepoint: 79328 ns, At safepoint: 8303 ns, Total: 87631 ns
[2023-10-30T23:29:35.133+0000][7][safepoint   ] Safepoint "Cleanup", Time since last: 1000103739 ns, Reaching safepoint: 49199 ns, At safepoint: 3825 ns, Total: 53024 ns
[2023-10-30T23:29:36.133+0000][7][safepoint   ] Safepoint "Cleanup", Time since last: 1000106181 ns, Reaching safepoint: 101129 ns, At safepoint: 3751 ns, Total: 104880 ns
[2023-10-30T23:29:36.969+0000][7][safepoint   ] Safepoint "ICBufferFull", Time since last: 835233600 ns, Reaching safepoint: 183822 ns, At safepoint: 8975 ns, Total: 192797 ns
[2023-10-30T23:29:37.666+0000][7][safepoint   ] Safepoint "ICBufferFull", Time since last: 697479919 ns, Reaching safepoint: 192288 ns, At safepoint: 7198 ns, Total: 199486 ns
[2023-10-30T23:29:38.231+0000][7][safepoint   ] Safepoint "ICBufferFull", Time since last: 564560508 ns, Reaching safepoint: 275650 ns, At safepoint: 16635 ns, Total: 292285 ns
[2023-10-30T23:29:38.330+0000][7][safepoint   ] Safepoint "ICBufferFull", Time since last: 98506875 ns, Reaching safepoint: 194390 ns, At safepoint: 7810 ns, Total: 202200 ns
[2023-10-30T23:29:38.759+0000][7][gc,start    ] GC(20) Pause Young (Normal) (G1 Evacuation Pause)
[2023-10-30T23:29:38.759+0000][7][gc,task     ] GC(20) Using 8 workers of 8 for evacuation
[2023-10-30T23:29:38.759+0000][7][gc,age      ] GC(20) Desired survivor size 20971520 bytes, new threshold 15 (max threshold 15)
[2023-10-30T23:29:38.780+0000][7][gc,age      ] GC(20) Age table with threshold 15 (max threshold 15)
[2023-10-30T23:29:38.781+0000][7][gc,age      ] GC(20) - age   1:    9679408 bytes,    9679408 total
[2023-10-30T23:29:38.781+0000][7][gc,age      ] GC(20) - age   2:    5637784 bytes,   15317192 total
[2023-10-30T23:29:38.781+0000][7][gc,age      ] GC(20) - age   3:    6123976 bytes,   21441168 total
[2023-10-30T23:29:38.781+0000][7][gc,phases   ] GC(20)   Pre Evacuate Collection Set: 0.1ms
[2023-10-30T23:29:38.781+0000][7][gc,phases   ] GC(20)   Merge Heap Roots: 0.1ms
[2023-10-30T23:29:38.781+0000][7][gc,phases   ] GC(20)   Evacuate Collection Set: 20.7ms
[2023-10-30T23:29:38.781+0000][7][gc,phases   ] GC(20)   Post Evacuate Collection Set: 0.9ms
[2023-10-30T23:29:38.781+0000][7][gc,phases   ] GC(20)   Other: 0.2ms
[2023-10-30T23:29:38.781+0000][7][gc,heap     ] GC(20) Eden regions: 70->0(69)
[2023-10-30T23:29:38.781+0000][7][gc,heap     ] GC(20) Survivor regions: 5->6(10)
[2023-10-30T23:29:38.781+0000][7][gc,heap     ] GC(20) Old regions: 17->17
[2023-10-30T23:29:38.781+0000][7][gc,heap     ] GC(20) Archive regions: 2->2
[2023-10-30T23:29:38.781+0000][7][gc,heap     ] GC(20) Humongous regions: 5->5
[2023-10-30T23:29:38.781+0000][7][gc,metaspace] GC(20) Metaspace: 111016K(112768K)->111016K(112768K) NonClass: 95621K(96640K)->95621K(96640K) Class: 15395K(16128K)->15395K(16128K)
[2023-10-30T23:29:38.781+0000][7][gc          ] GC(20) Pause Young (Normal) (G1 Evacuation Pause) 388M->113M(512M) 22.129ms
[2023-10-30T23:29:38.781+0000][7][gc,cpu      ] GC(20) User=0.07s Sys=0.00s Real=0.02s
[2023-10-30T23:29:38.781+0000][7][safepoint   ] Safepoint "G1CollectForAllocation", Time since last: 428295277 ns, Reaching safepoint: 199093 ns, At safepoint: 22213222 ns, Total: 22412315 ns
[2023-10-30T23:29:39.640+0000][7][safepoint   ] Safepoint "ICBufferFull", Time since last: 858461148 ns, Reaching safepoint: 287409 ns, At safepoint: 10497 ns, Total: 297906 ns
[2023-10-30T23:29:40.233+0000][7][safepoint   ] Safepoint "ICBufferFull", Time since last: 593266988 ns, Reaching safepoint: 355683 ns, At safepoint: 9160 ns, Total: 364843 ns
[2023-10-30T23:29:40.291+0000][7][safepoint   ] Safepoint "ICBufferFull", Time since last: 57409426 ns, Reaching safepoint: 235183 ns, At safepoint: 4536 ns, Total: 239719 ns
[2023-10-30T23:29:41.030+0000][7][safepoint   ] Safepoint "ICBufferFull", Time since last: 739368247 ns, Reaching safepoint: 198816 ns, At safepoint: 8366 ns, Total: 207182 ns
[2023-10-30T23:29:41.650+0000][7][safepoint   ] Safepoint "ICBufferFull", Time since last: 619801474 ns, Reaching safepoint: 230347 ns, At safepoint: 11947 ns, Total: 242294 ns
[2023-10-30T23:29:42.651+0000][7][safepoint   ] Safepoint "Cleanup", Time since last: 1000283684 ns, Reaching safepoint: 124953 ns, At safepoint: 3903 ns, Total: 128856 ns
[2023-10-30T23:29:43.651+0000][7][safepoint   ] Safepoint "Cleanup", Time since last: 1000105799 ns, Reaching safepoint: 135825 ns, At safepoint: 11616 ns, Total: 147441 ns
[2023-10-30T23:29:44.307+0000][7][safepoint   ] Safepoint "ICBufferFull", Time since last: 655845195 ns, Reaching safepoint: 144631 ns, At safepoint: 5006 ns, Total: 149637 ns
[2023-10-30T23:29:45.307+0000][7][safepoint   ] Safepoint "Cleanup", Time since last: 1000110197 ns, Reaching safepoint: 191234 ns, At safepoint: 5057 ns, Total: 196291 ns
[2023-10-30T23:29:45.400+0000][7][gc,start    ] GC(21) Pause Young (Normal) (G1 Evacuation Pause)
[2023-10-30T23:29:45.400+0000][7][gc,task     ] GC(21) Using 8 workers of 8 for evacuation
[2023-10-30T23:29:45.400+0000][7][gc,age      ] GC(21) Desired survivor size 20971520 bytes, new threshold 3 (max threshold 15)
[2023-10-30T23:29:45.416+0000][7][gc,age      ] GC(21) Age table with threshold 3 (max threshold 15)
[2023-10-30T23:29:45.416+0000][7][gc,age      ] GC(21) - age   1:    2154488 bytes,    2154488 total
[2023-10-30T23:29:45.416+0000][7][gc,age      ] GC(21) - age   2:    7336464 bytes,    9490952 total
[2023-10-30T23:29:45.416+0000][7][gc,age      ] GC(21) - age   3:    5051504 bytes,   14542456 total
[2023-10-30T23:29:45.416+0000][7][gc,phases   ] GC(21)   Pre Evacuate Collection Set: 0.1ms
[2023-10-30T23:29:45.416+0000][7][gc,phases   ] GC(21)   Merge Heap Roots: 0.1ms
[2023-10-30T23:29:45.416+0000][7][gc,phases   ] GC(21)   Evacuate Collection Set: 14.2ms
[2023-10-30T23:29:45.416+0000][7][gc,phases   ] GC(21)   Post Evacuate Collection Set: 1.2ms
[2023-10-30T23:29:45.416+0000][7][gc,phases   ] GC(21)   Other: 0.2ms
[2023-10-30T23:29:45.416+0000][7][gc,heap     ] GC(21) Eden regions: 69->0(71)
[2023-10-30T23:29:45.416+0000][7][gc,heap     ] GC(21) Survivor regions: 6->4(10)
[2023-10-30T23:29:45.416+0000][7][gc,heap     ] GC(21) Old regions: 17->19
[2023-10-30T23:29:45.416+0000][7][gc,heap     ] GC(21) Archive regions: 2->2
[2023-10-30T23:29:45.416+0000][7][gc,heap     ] GC(21) Humongous regions: 5->5
[2023-10-30T23:29:45.416+0000][7][gc,metaspace] GC(21) Metaspace: 112373K(114112K)->112373K(114112K) NonClass: 96964K(97984K)->96964K(97984K) Class: 15408K(16128K)->15408K(16128K)
[2023-10-30T23:29:45.416+0000][7][gc          ] GC(21) Pause Young (Normal) (G1 Evacuation Pause) 389M->113M(512M) 15.936ms
[2023-10-30T23:29:45.416+0000][7][gc,cpu      ] GC(21) User=0.07s Sys=0.00s Real=0.02s
[2023-10-30T23:29:45.416+0000][7][safepoint   ] Safepoint "G1CollectForAllocation", Time since last: 92807749 ns, Reaching safepoint: 65964 ns, At safepoint: 16018809 ns, Total: 16084773 ns
[2023-10-30T23:29:46.417+0000][7][safepoint   ] Safepoint "Cleanup", Time since last: 1000092783 ns, Reaching safepoint: 183628 ns, At safepoint: 9064 ns, Total: 192692 ns
[2023-10-30T23:29:47.417+0000][7][safepoint   ] Safepoint "Cleanup", Time since last: 1000311175 ns, Reaching safepoint: 136427 ns, At safepoint: 5709 ns, Total: 142136 ns
[2023-10-30T23:29:48.417+0000][7][safepoint   ] Safepoint "Cleanup", Time since last: 1000104668 ns, Reaching safepoint: 129203 ns, At safepoint: 8275 ns, Total: 137478 ns
[2023-10-30T23:29:49.695+0000][7][safepoint   ] Safepoint "ICBufferFull", Time since last: 1277560554 ns, Reaching safepoint: 177013 ns, At safepoint: 6761 ns, Total: 183774 ns
[2023-10-30T23:29:51.321+0000][7][safepoint   ] Safepoint "Cleanup", Time since last: 1626102464 ns, Reaching safepoint: 147786 ns, At safepoint: 11273 ns, Total: 159059 ns
[2023-10-30T23:29:52.321+0000][7][safepoint   ] Safepoint "Cleanup", Time since last: 1000098837 ns, Reaching safepoint: 108667 ns, At safepoint: 8580 ns, Total: 117247 ns
[2023-10-30T23:29:53.322+0000][7][safepoint   ] Safepoint "Cleanup", Time since last: 1000092891 ns, Reaching safepoint: 139223 ns, At safepoint: 8770 ns, Total: 147993 ns
[2023-10-30T23:29:54.322+0000][7][safepoint   ] Safepoint "Cleanup", Time since last: 1000143760 ns, Reaching safepoint: 161867 ns, At safepoint: 7309 ns, Total: 169176 ns
[2023-10-30T23:29:55.322+0000][7][safepoint   ] Safepoint "Cleanup", Time since last: 1000118707 ns, Reaching safepoint: 64283 ns, At safepoint: 9284 ns, Total: 73567 ns
[2023-10-30T23:29:56.322+0000][7][safepoint   ] Safepoint "Cleanup", Time since last: 1000111853 ns, Reaching safepoint: 116120 ns, At safepoint: 3729 ns, Total: 119849 ns
[2023-10-30T23:29:57.323+0000][7][safepoint   ] Safepoint "Cleanup", Time since last: 1000103725 ns, Reaching safepoint: 53602 ns, At safepoint: 6094 ns, Total: 59696 ns
[2023-10-30T23:29:58.323+0000][7][safepoint   ] Safepoint "Cleanup", Time since last: 1000097649 ns, Reaching safepoint: 54916 ns, At safepoint: 4320 ns, Total: 59236 ns
[2023-10-30T23:29:59.327+0000][7][safepoint   ] Safepoint "Cleanup", Time since last: 1000107688 ns, Reaching safepoint: 4323218 ns, At safepoint: 15805 ns, Total: 4339023 ns
[2023-10-30T23:30:00.328+0000][7][safepoint   ] Safepoint "Cleanup", Time since last: 1000194693 ns, Reaching safepoint: 449973 ns, At safepoint: 606940 ns, Total: 1056913 ns
[2023-10-30T23:30:01.329+0000][7][safepoint   ] Safepoint "Cleanup", Time since last: 1000193493 ns, Reaching safepoint: 60930 ns, At safepoint: 4187 ns, Total: 65117 ns
[2023-10-30T23:30:02.329+0000][7][safepoint   ] Safepoint "Cleanup", Time since last: 1000166096 ns, Reaching safepoint: 163838 ns, At safepoint: 17638 ns, Total: 181476 ns
[2023-10-30T23:30:03.329+0000][7][safepoint   ] Safepoint "Cleanup", Time since last: 1000162924 ns, Reaching safepoint: 107869 ns, At safepoint: 3769 ns, Total: 111638 ns
[2023-10-30T23:30:03.706+0000][7][gc,start    ] GC(22) Pause Young (Normal) (G1 Evacuation Pause)
[2023-10-30T23:30:03.706+0000][7][gc,task     ] GC(22) Using 8 workers of 8 for evacuation
[2023-10-30T23:30:03.706+0000][7][gc,age      ] GC(22) Desired survivor size 20971520 bytes, new threshold 15 (max threshold 15)
[2023-10-30T23:30:03.729+0000][7][gc,age      ] GC(22) Age table with threshold 15 (max threshold 15)
[2023-10-30T23:30:03.729+0000][7][gc,age      ] GC(22) - age   1:    2779032 bytes,    2779032 total
[2023-10-30T23:30:03.729+0000][7][gc,age      ] GC(22) - age   2:     925400 bytes,    3704432 total
[2023-10-30T23:30:03.729+0000][7][gc,age      ] GC(22) - age   3:    7330896 bytes,   11035328 total
[2023-10-30T23:30:03.729+0000][7][gc,age      ] GC(22) - age   4:    5047448 bytes,   16082776 total
[2023-10-30T23:30:03.730+0000][7][gc,phases   ] GC(22)   Pre Evacuate Collection Set: 0.1ms
[2023-10-30T23:30:03.730+0000][7][gc,phases   ] GC(22)   Merge Heap Roots: 0.1ms
[2023-10-30T23:30:03.730+0000][7][gc,phases   ] GC(22)   Evacuate Collection Set: 20.7ms
[2023-10-30T23:30:03.730+0000][7][gc,phases   ] GC(22)   Post Evacuate Collection Set: 2.1ms
[2023-10-30T23:30:03.730+0000][7][gc,phases   ] GC(22)   Other: 0.2ms
[2023-10-30T23:30:03.730+0000][7][gc,heap     ] GC(22) Eden regions: 71->0(71)
[2023-10-30T23:30:03.730+0000][7][gc,heap     ] GC(22) Survivor regions: 4->5(10)
[2023-10-30T23:30:03.730+0000][7][gc,heap     ] GC(22) Old regions: 19->19
[2023-10-30T23:30:03.730+0000][7][gc,heap     ] GC(22) Archive regions: 2->2
[2023-10-30T23:30:03.730+0000][7][gc,heap     ] GC(22) Humongous regions: 5->5
[2023-10-30T23:30:03.730+0000][7][gc,metaspace] GC(22) Metaspace: 112873K(114560K)->112873K(114560K) NonClass: 97448K(98432K)->97448K(98432K) Class: 15425K(16128K)->15425K(16128K)
[2023-10-30T23:30:03.730+0000][7][gc          ] GC(22) Pause Young (Normal) (G1 Evacuation Pause) 397M->114M(512M) 23.221ms
[2023-10-30T23:30:03.730+0000][7][gc,cpu      ] GC(22) User=0.05s Sys=0.00s Real=0.02s
[2023-10-30T23:30:03.730+0000][7][safepoint   ] Safepoint "G1CollectForAllocation", Time since last: 376972503 ns, Reaching safepoint: 49158 ns, At safepoint: 23304012 ns, Total: 23353170 ns
[2023-10-30T23:30:04.730+0000][7][safepoint   ] Safepoint "Cleanup", Time since last: 1000105925 ns, Reaching safepoint: 118778 ns, At safepoint: 12676 ns, Total: 131454 ns
[2023-10-30T23:30:05.730+0000][7][safepoint   ] Safepoint "Cleanup", Time since last: 1000160054 ns, Reaching safepoint: 135244 ns, At safepoint: 6932 ns, Total: 142176 ns
[2023-10-30T23:30:06.936+0000][7][safepoint   ] Safepoint "ICBufferFull", Time since last: 1205288350 ns, Reaching safepoint: 178723 ns, At safepoint: 6598 ns, Total: 185321 ns
[2023-10-30T23:30:07.936+0000][7][safepoint   ] Safepoint "Cleanup", Time since last: 1000102856 ns, Reaching safepoint: 100501 ns, At safepoint: 5025 ns, Total: 105526 ns
[2023-10-30T23:30:08.937+0000][7][safepoint   ] Safepoint "Cleanup", Time since last: 1000602359 ns, Reaching safepoint: 59261 ns, At safepoint: 6562 ns, Total: 65823 ns
[2023-10-30T23:30:09.937+0000][7][safepoint   ] Safepoint "Cleanup", Time since last: 1000096748 ns, Reaching safepoint: 82987 ns, At safepoint: 7534 ns, Total: 90521 ns
[2023-10-30T23:30:10.937+0000][7][safepoint   ] Safepoint "Cleanup", Time since last: 1000099929 ns, Reaching safepoint: 51467 ns, At safepoint: 3892 ns, Total: 55359 ns
[2023-10-30T23:30:11.937+0000][7][safepoint   ] Safepoint "Cleanup", Time since last: 1000127211 ns, Reaching safepoint: 44433 ns, At safepoint: 5295 ns, Total: 49728 ns
[2023-10-30T23:30:12.937+0000][7][safepoint   ] Safepoint "Cleanup", Time since last: 1000103722 ns, Reaching safepoint: 99683 ns, At safepoint: 4051 ns, Total: 103734 ns
[2023-10-30T23:30:13.937+0000][7][safepoint   ] Safepoint "Cleanup", Time since last: 1000103273 ns, Reaching safepoint: 54559 ns, At safepoint: 9724 ns, Total: 64283 ns
[2023-10-30T23:30:14.938+0000][7][safepoint   ] Safepoint "Cleanup", Time since last: 1000122909 ns, Reaching safepoint: 51533 ns, At safepoint: 7221 ns, Total: 58754 ns
[2023-10-30T23:30:15.938+0000][7][safepoint   ] Safepoint "Cleanup", Time since last: 1000113667 ns, Reaching safepoint: 60398 ns, At safepoint: 3678 ns, Total: 64076 ns
[2023-10-30T23:30:16.938+0000][7][safepoint   ] Safepoint "Cleanup", Time since last: 1000106617 ns, Reaching safepoint: 52760 ns, At safepoint: 8561 ns, Total: 61321 ns
[2023-10-30T23:30:17.938+0000][7][safepoint   ] Safepoint "Cleanup", Time since last: 1000113259 ns, Reaching safepoint: 47636 ns, At safepoint: 4675 ns, Total: 52311 ns
[2023-10-30T23:30:18.938+0000][7][safepoint   ] Safepoint "Cleanup", Time since last: 1000186709 ns, Reaching safepoint: 104987 ns, At safepoint: 12436 ns, Total: 117423 ns
[2023-10-30T23:30:19.939+0000][7][safepoint   ] Safepoint "Cleanup", Time since last: 1000281727 ns, Reaching safepoint: 52833 ns, At safepoint: 9380 ns, Total: 62213 ns
[2023-10-30T23:30:20.829+0000][7][gc,start    ] GC(23) Pause Young (Normal) (G1 Evacuation Pause)
[2023-10-30T23:30:20.829+0000][7][gc,task     ] GC(23) Using 8 workers of 8 for evacuation
[2023-10-30T23:30:20.829+0000][7][gc,age      ] GC(23) Desired survivor size 20971520 bytes, new threshold 15 (max threshold 15)
[2023-10-30T23:30:20.857+0000][7][gc,age      ] GC(23) Age table with threshold 15 (max threshold 15)
[2023-10-30T23:30:20.857+0000][7][gc,age      ] GC(23) - age   1:    1569960 bytes,    1569960 total
[2023-10-30T23:30:20.857+0000][7][gc,age      ] GC(23) - age   2:    1584320 bytes,    3154280 total
[2023-10-30T23:30:20.857+0000][7][gc,age      ] GC(23) - age   3:     826888 bytes,    3981168 total
[2023-10-30T23:30:20.857+0000][7][gc,age      ] GC(23) - age   4:    7202192 bytes,   11183360 total
[2023-10-30T23:30:20.857+0000][7][gc,age      ] GC(23) - age   5:    5047448 bytes,   16230808 total
[2023-10-30T23:30:20.857+0000][7][gc,phases   ] GC(23)   Pre Evacuate Collection Set: 0.1ms
[2023-10-30T23:30:20.857+0000][7][gc,phases   ] GC(23)   Merge Heap Roots: 0.1ms
[2023-10-30T23:30:20.857+0000][7][gc,phases   ] GC(23)   Evacuate Collection Set: 26.8ms
[2023-10-30T23:30:20.857+0000][7][gc,phases   ] GC(23)   Post Evacuate Collection Set: 0.9ms
[2023-10-30T23:30:20.857+0000][7][gc,phases   ] GC(23)   Other: 0.2ms
[2023-10-30T23:30:20.857+0000][7][gc,heap     ] GC(23) Eden regions: 71->0(71)
[2023-10-30T23:30:20.857+0000][7][gc,heap     ] GC(23) Survivor regions: 5->5(10)
[2023-10-30T23:30:20.857+0000][7][gc,heap     ] GC(23) Old regions: 19->19
[2023-10-30T23:30:20.857+0000][7][gc,heap     ] GC(23) Archive regions: 2->2
[2023-10-30T23:30:20.857+0000][7][gc,heap     ] GC(23) Humongous regions: 5->5
[2023-10-30T23:30:20.857+0000][7][gc,metaspace] GC(23) Metaspace: 113048K(114752K)->113048K(114752K) NonClass: 97621K(98624K)->97621K(98624K) Class: 15426K(16128K)->15426K(16128K)
[2023-10-30T23:30:20.857+0000][7][gc          ] GC(23) Pause Young (Normal) (G1 Evacuation Pause) 398M->114M(512M) 28.102ms
[2023-10-30T23:30:20.857+0000][7][gc,cpu      ] GC(23) User=0.08s Sys=0.00s Real=0.03s
[2023-10-30T23:30:20.857+0000][7][safepoint   ] Safepoint "G1CollectForAllocation", Time since last: 890247491 ns, Reaching safepoint: 87004 ns, At safepoint: 28177466 ns, Total: 28264470 ns
[2023-10-30T23:30:21.858+0000][7][safepoint   ] Safepoint "Cleanup", Time since last: 1000115728 ns, Reaching safepoint: 103254 ns, At safepoint: 11521 ns, Total: 114775 ns
[2023-10-30T23:30:22.858+0000][7][safepoint   ] Safepoint "Cleanup", Time since last: 1000168607 ns, Reaching safepoint: 67864 ns, At safepoint: 10293 ns, Total: 78157 ns
[2023-10-30T23:30:23.858+0000][7][safepoint   ] Safepoint "Cleanup", Time since last: 1000115750 ns, Reaching safepoint: 43574 ns, At safepoint: 13978 ns, Total: 57552 ns
[2023-10-30T23:30:24.963+0000][7][safepoint   ] Safepoint "Cleanup", Time since last: 1104662634 ns, Reaching safepoint: 224257 ns, At safepoint: 7803 ns, Total: 232060 ns
[2023-10-30T23:30:25.963+0000][7][safepoint   ] Safepoint "Cleanup", Time since last: 1000108797 ns, Reaching safepoint: 82325 ns, At safepoint: 6644 ns, Total: 88969 ns
[2023-10-30T23:30:26.963+0000][7][safepoint   ] Safepoint "Cleanup", Time since last: 1000121161 ns, Reaching safepoint: 58997 ns, At safepoint: 9983 ns, Total: 68980 ns
[2023-10-30T23:30:27.963+0000][7][safepoint   ] Safepoint "Cleanup", Time since last: 1000133424 ns, Reaching safepoint: 51392 ns, At safepoint: 8474 ns, Total: 59866 ns
[2023-10-30T23:30:28.964+0000][7][safepoint   ] Safepoint "Cleanup", Time since last: 1000099297 ns, Reaching safepoint: 50842 ns, At safepoint: 4008 ns, Total: 54850 ns
[2023-10-30T23:30:29.964+0000][7][safepoint   ] Safepoint "Cleanup", Time since last: 1000103530 ns, Reaching safepoint: 140687 ns, At safepoint: 4020 ns, Total: 144707 ns
[2023-10-30T23:30:30.964+0000][7][safepoint   ] Safepoint "Cleanup", Time since last: 1000099743 ns, Reaching safepoint: 62825 ns, At safepoint: 4193 ns, Total: 67018 ns
[2023-10-30T23:30:31.964+0000][7][safepoint   ] Safepoint "Cleanup", Time since last: 1000093228 ns, Reaching safepoint: 36915 ns, At safepoint: 8117 ns, Total: 45032 ns
[2023-10-30T23:30:32.964+0000][7][safepoint   ] Safepoint "Cleanup", Time since last: 1000117991 ns, Reaching safepoint: 53252 ns, At safepoint: 6571 ns, Total: 59823 ns
[2023-10-30T23:30:33.965+0000][7][safepoint   ] Safepoint "Cleanup", Time since last: 1000126096 ns, Reaching safepoint: 95576 ns, At safepoint: 6218 ns, Total: 101794 ns
[2023-10-30T23:30:34.965+0000][7][safepoint   ] Safepoint "Cleanup", Time since last: 1000089345 ns, Reaching safepoint: 38984 ns, At safepoint: 3621 ns, Total: 42605 ns
[2023-10-30T23:30:35.965+0000][7][safepoint   ] Safepoint "Cleanup", Time since last: 1000086145 ns, Reaching safepoint: 414508 ns, At safepoint: 12281 ns, Total: 426789 ns
[2023-10-30T23:30:36.915+0000][7][gc,start    ] GC(24) Pause Young (Normal) (G1 Evacuation Pause)
[2023-10-30T23:30:36.915+0000][7][gc,task     ] GC(24) Using 8 workers of 8 for evacuation
[2023-10-30T23:30:36.916+0000][7][gc,age      ] GC(24) Desired survivor size 20971520 bytes, new threshold 15 (max threshold 15)
[2023-10-30T23:30:36.929+0000][7][gc,age      ] GC(24) Age table with threshold 15 (max threshold 15)
[2023-10-30T23:30:36.929+0000][7][gc,age      ] GC(24) - age   1:    2235168 bytes,    2235168 total
[2023-10-30T23:30:36.929+0000][7][gc,age      ] GC(24) - age   2:     549984 bytes,    2785152 total
[2023-10-30T23:30:36.930+0000][7][gc,age      ] GC(24) - age   3:    1562176 bytes,    4347328 total
[2023-10-30T23:30:36.930+0000][7][gc,age      ] GC(24) - age   4:     687440 bytes,    5034768 total
[2023-10-30T23:30:36.930+0000][7][gc,age      ] GC(24) - age   5:    7157352 bytes,   12192120 total
[2023-10-30T23:30:36.930+0000][7][gc,age      ] GC(24) - age   6:    5047200 bytes,   17239320 total
[2023-10-30T23:30:36.930+0000][7][gc,phases   ] GC(24)   Pre Evacuate Collection Set: 0.1ms
[2023-10-30T23:30:36.930+0000][7][gc,phases   ] GC(24)   Merge Heap Roots: 0.1ms
[2023-10-30T23:30:36.930+0000][7][gc,phases   ] GC(24)   Evacuate Collection Set: 12.8ms
[2023-10-30T23:30:36.930+0000][7][gc,phases   ] GC(24)   Post Evacuate Collection Set: 1.0ms
[2023-10-30T23:30:36.930+0000][7][gc,phases   ] GC(24)   Other: 0.4ms
[2023-10-30T23:30:36.930+0000][7][gc,heap     ] GC(24) Eden regions: 71->0(71)
[2023-10-30T23:30:36.930+0000][7][gc,heap     ] GC(24) Survivor regions: 5->5(10)
[2023-10-30T23:30:36.930+0000][7][gc,heap     ] GC(24) Old regions: 19->19
[2023-10-30T23:30:36.930+0000][7][gc,heap     ] GC(24) Archive regions: 2->2
[2023-10-30T23:30:36.930+0000][7][gc,heap     ] GC(24) Humongous regions: 5->5
[2023-10-30T23:30:36.930+0000][7][gc,metaspace] GC(24) Metaspace: 113269K(114944K)->113269K(114944K) NonClass: 97839K(98816K)->97839K(98816K) Class: 15430K(16128K)->15430K(16128K)
[2023-10-30T23:30:36.930+0000][7][gc          ] GC(24) Pause Young (Normal) (G1 Evacuation Pause) 398M->115M(512M) 14.463ms
[2023-10-30T23:30:36.930+0000][7][gc,cpu      ] GC(24) User=0.05s Sys=0.00s Real=0.01s
[2023-10-30T23:30:36.930+0000][7][safepoint   ] Safepoint "G1CollectForAllocation", Time since last: 949972039 ns, Reaching safepoint: 56572 ns, At safepoint: 14544393 ns, Total: 14600965 ns
[2023-10-30T23:30:37.930+0000][7][safepoint   ] Safepoint "Cleanup", Time since last: 1000080503 ns, Reaching safepoint: 41087 ns, At safepoint: 3116 ns, Total: 44203 ns
[2023-10-30T23:30:38.930+0000][7][safepoint   ] Safepoint "Cleanup", Time since last: 1000127791 ns, Reaching safepoint: 36790 ns, At safepoint: 3736 ns, Total: 40526 ns
[2023-10-30T23:30:39.930+0000][7][safepoint   ] Safepoint "Cleanup", Time since last: 1000097651 ns, Reaching safepoint: 57396 ns, At safepoint: 7200 ns, Total: 64596 ns
[2023-10-30T23:30:40.930+0000][7][safepoint   ] Safepoint "Cleanup", Time since last: 1000144789 ns, Reaching safepoint: 74142 ns, At safepoint: 8589 ns, Total: 82731 ns
[2023-10-30T23:30:41.931+0000][7][safepoint   ] Safepoint "Cleanup", Time since last: 1000128083 ns, Reaching safepoint: 41927 ns, At safepoint: 7866 ns, Total: 49793 ns
[2023-10-30T23:30:42.931+0000][7][safepoint   ] Safepoint "Cleanup", Time since last: 1000104332 ns, Reaching safepoint: 120822 ns, At safepoint: 15058 ns, Total: 135880 ns
[2023-10-30T23:30:43.931+0000][7][safepoint   ] Safepoint "Cleanup", Time since last: 1000135170 ns, Reaching safepoint: 96428 ns, At safepoint: 10055 ns, Total: 106483 ns
[2023-10-30T23:30:44.931+0000][7][safepoint   ] Safepoint "Cleanup", Time since last: 1000104648 ns, Reaching safepoint: 70291 ns, At safepoint: 9344 ns, Total: 79635 ns
[2023-10-30T23:30:45.931+0000][7][safepoint   ] Safepoint "Cleanup", Time since last: 1000097733 ns, Reaching safepoint: 84367 ns, At safepoint: 6302 ns, Total: 90669 ns
[2023-10-30T23:30:46.932+0000][7][safepoint   ] Safepoint "Cleanup", Time since last: 1000129798 ns, Reaching safepoint: 30340 ns, At safepoint: 4333 ns, Total: 34673 ns
[2023-10-30T23:30:47.932+0000][7][safepoint   ] Safepoint "Cleanup", Time since last: 1000056098 ns, Reaching safepoint: 34382 ns, At safepoint: 5984 ns, Total: 40366 ns
[2023-10-30T23:30:48.932+0000][7][safepoint   ] Safepoint "Cleanup", Time since last: 1000138136 ns, Reaching safepoint: 105597 ns, At safepoint: 8988 ns, Total: 114585 ns
[2023-10-30T23:30:49.932+0000][7][safepoint   ] Safepoint "Cleanup", Time since last: 1000100888 ns, Reaching safepoint: 42756 ns, At safepoint: 5850 ns, Total: 48606 ns
[2023-10-30T23:30:50.932+0000][7][safepoint   ] Safepoint "Cleanup", Time since last: 1000088585 ns, Reaching safepoint: 42716 ns, At safepoint: 4196 ns, Total: 46912 ns
[2023-10-30T23:30:51.996+0000][7][safepoint   ] Safepoint "Cleanup", Time since last: 1063418833 ns, Reaching safepoint: 132813 ns, At safepoint: 8520 ns, Total: 141333 ns
[2023-10-30T23:30:52.996+0000][7][safepoint   ] Safepoint "Cleanup", Time since last: 1000139900 ns, Reaching safepoint: 47113 ns, At safepoint: 8411 ns, Total: 55524 ns
[2023-10-30T23:30:53.996+0000][7][safepoint   ] Safepoint "Cleanup", Time since last: 1000093785 ns, Reaching safepoint: 112073 ns, At safepoint: 4697 ns, Total: 116770 ns
[2023-10-30T23:30:54.022+0000][7][gc,start    ] GC(25) Pause Young (Normal) (G1 Evacuation Pause)
[2023-10-30T23:30:54.022+0000][7][gc,task     ] GC(25) Using 8 workers of 8 for evacuation
[2023-10-30T23:30:54.022+0000][7][gc,age      ] GC(25) Desired survivor size 20971520 bytes, new threshold 15 (max threshold 15)
[2023-10-30T23:30:54.033+0000][7][gc,age      ] GC(25) Age table with threshold 15 (max threshold 15)
[2023-10-30T23:30:54.033+0000][7][gc,age      ] GC(25) - age   1:    2098464 bytes,    2098464 total
[2023-10-30T23:30:54.033+0000][7][gc,age      ] GC(25) - age   2:     807544 bytes,    2906008 total
[2023-10-30T23:30:54.033+0000][7][gc,age      ] GC(25) - age   3:     370256 bytes,    3276264 total
[2023-10-30T23:30:54.033+0000][7][gc,age      ] GC(25) - age   4:    1544872 bytes,    4821136 total
[2023-10-30T23:30:54.033+0000][7][gc,age      ] GC(25) - age   5:     687112 bytes,    5508248 total
[2023-10-30T23:30:54.033+0000][7][gc,age      ] GC(25) - age   6:    7156568 bytes,   12664816 total
[2023-10-30T23:30:54.034+0000][7][gc,age      ] GC(25) - age   7:    5047200 bytes,   17712016 total
[2023-10-30T23:30:54.034+0000][7][gc,phases   ] GC(25)   Pre Evacuate Collection Set: 0.1ms
[2023-10-30T23:30:54.034+0000][7][gc,phases   ] GC(25)   Merge Heap Roots: 0.1ms
[2023-10-30T23:30:54.034+0000][7][gc,phases   ] GC(25)   Evacuate Collection Set: 10.1ms
[2023-10-30T23:30:54.034+0000][7][gc,phases   ] GC(25)   Post Evacuate Collection Set: 0.9ms
[2023-10-30T23:30:54.034+0000][7][gc,phases   ] GC(25)   Other: 0.3ms
[2023-10-30T23:30:54.034+0000][7][gc,heap     ] GC(25) Eden regions: 71->0(71)
[2023-10-30T23:30:54.034+0000][7][gc,heap     ] GC(25) Survivor regions: 5->5(10)
[2023-10-30T23:30:54.034+0000][7][gc,heap     ] GC(25) Old regions: 19->19
[2023-10-30T23:30:54.034+0000][7][gc,heap     ] GC(25) Archive regions: 2->2
[2023-10-30T23:30:54.034+0000][7][gc,heap     ] GC(25) Humongous regions: 5->5
[2023-10-30T23:30:54.034+0000][7][gc,metaspace] GC(25) Metaspace: 113380K(115072K)->113380K(115072K) NonClass: 97949K(98944K)->97949K(98944K) Class: 15431K(16128K)->15431K(16128K)
[2023-10-30T23:30:54.034+0000][7][gc          ] GC(25) Pause Young (Normal) (G1 Evacuation Pause) 399M->115M(512M) 11.514ms
[2023-10-30T23:30:54.034+0000][7][gc,cpu      ] GC(25) User=0.06s Sys=0.00s Real=0.01s
[2023-10-30T23:30:54.034+0000][7][safepoint   ] Safepoint "G1CollectForAllocation", Time since last: 25761281 ns, Reaching safepoint: 113791 ns, At safepoint: 11598200 ns, Total: 11711991 ns
[2023-10-30T23:30:55.034+0000][7][safepoint   ] Safepoint "Cleanup", Time since last: 1000086675 ns, Reaching safepoint: 69199 ns, At safepoint: 9345 ns, Total: 78544 ns
[2023-10-30T23:30:56.034+0000][7][safepoint   ] Safepoint "Cleanup", Time since last: 1000159195 ns, Reaching safepoint: 63390 ns, At safepoint: 4781 ns, Total: 68171 ns
[2023-10-30T23:30:57.034+0000][7][safepoint   ] Safepoint "Cleanup", Time since last: 1000078518 ns, Reaching safepoint: 134585 ns, At safepoint: 7155 ns, Total: 141740 ns
[2023-10-30T23:30:58.035+0000][7][safepoint   ] Safepoint "Cleanup", Time since last: 1000110389 ns, Reaching safepoint: 85744 ns, At safepoint: 5685 ns, Total: 91429 ns
[2023-10-30T23:30:59.035+0000][7][safepoint   ] Safepoint "Cleanup", Time since last: 1000191076 ns, Reaching safepoint: 155135 ns, At safepoint: 8256 ns, Total: 163391 ns
[2023-10-30T23:31:00.036+0000][7][safepoint   ] Safepoint "Cleanup", Time since last: 1000996839 ns, Reaching safepoint: 141804 ns, At safepoint: 10650 ns, Total: 152454 ns
[2023-10-30T23:31:01.036+0000][7][safepoint   ] Safepoint "Cleanup", Time since last: 1000096648 ns, Reaching safepoint: 40025 ns, At safepoint: 5321 ns, Total: 45346 ns
[2023-10-30T23:31:02.036+0000][7][safepoint   ] Safepoint "Cleanup", Time since last: 1000095307 ns, Reaching safepoint: 46925 ns, At safepoint: 8689 ns, Total: 55614 ns
[2023-10-30T23:31:03.037+0000][7][safepoint   ] Safepoint "Cleanup", Time since last: 1000140422 ns, Reaching safepoint: 56070 ns, At safepoint: 6324 ns, Total: 62394 ns
[2023-10-30T23:31:04.037+0000][7][safepoint   ] Safepoint "Cleanup", Time since last: 1000092405 ns, Reaching safepoint: 43062 ns, At safepoint: 7836 ns, Total: 50898 ns
[2023-10-30T23:31:06.037+0000][7][safepoint   ] Safepoint "Cleanup", Time since last: 2000161443 ns, Reaching safepoint: 54400 ns, At safepoint: 6679 ns, Total: 61079 ns
[2023-10-30T23:31:07.037+0000][7][safepoint   ] Safepoint "Cleanup", Time since last: 1000099637 ns, Reaching safepoint: 55945 ns, At safepoint: 8898 ns, Total: 64843 ns
[2023-10-30T23:31:08.038+0000][7][safepoint   ] Safepoint "Cleanup", Time since last: 1000430292 ns, Reaching safepoint: 149317 ns, At safepoint: 13066 ns, Total: 162383 ns
[2023-10-30T23:31:09.038+0000][7][safepoint   ] Safepoint "Cleanup", Time since last: 1000144920 ns, Reaching safepoint: 64908 ns, At safepoint: 4106 ns, Total: 69014 ns
[2023-10-30T23:31:09.381+0000][7][gc,start    ] GC(26) Pause Young (Normal) (G1 Evacuation Pause)
[2023-10-30T23:31:09.381+0000][7][gc,task     ] GC(26) Using 8 workers of 8 for evacuation
[2023-10-30T23:31:09.381+0000][7][gc,age      ] GC(26) Desired survivor size 20971520 bytes, new threshold 15 (max threshold 15)
[2023-10-30T23:31:09.398+0000][7][gc,age      ] GC(26) Age table with threshold 15 (max threshold 15)
[2023-10-30T23:31:09.398+0000][7][gc,age      ] GC(26) - age   1:    1944080 bytes,    1944080 total
[2023-10-30T23:31:09.398+0000][7][gc,age      ] GC(26) - age   2:     636600 bytes,    2580680 total
[2023-10-30T23:31:09.398+0000][7][gc,age      ] GC(26) - age   3:     674568 bytes,    3255248 total
[2023-10-30T23:31:09.398+0000][7][gc,age      ] GC(26) - age   4:     369080 bytes,    3624328 total
[2023-10-30T23:31:09.398+0000][7][gc,age      ] GC(26) - age   5:    1544376 bytes,    5168704 total
[2023-10-30T23:31:09.398+0000][7][gc,age      ] GC(26) - age   6:     687016 bytes,    5855720 total
[2023-10-30T23:31:09.398+0000][7][gc,age      ] GC(26) - age   7:    7156456 bytes,   13012176 total
[2023-10-30T23:31:09.398+0000][7][gc,age      ] GC(26) - age   8:    5047096 bytes,   18059272 total
[2023-10-30T23:31:09.398+0000][7][gc,phases   ] GC(26)   Pre Evacuate Collection Set: 0.1ms
[2023-10-30T23:31:09.398+0000][7][gc,phases   ] GC(26)   Merge Heap Roots: 0.1ms
[2023-10-30T23:31:09.398+0000][7][gc,phases   ] GC(26)   Evacuate Collection Set: 16.1ms
[2023-10-30T23:31:09.398+0000][7][gc,phases   ] GC(26)   Post Evacuate Collection Set: 0.9ms
[2023-10-30T23:31:09.398+0000][7][gc,phases   ] GC(26)   Other: 0.3ms
[2023-10-30T23:31:09.398+0000][7][gc,heap     ] GC(26) Eden regions: 71->0(71)
[2023-10-30T23:31:09.398+0000][7][gc,heap     ] GC(26) Survivor regions: 5->5(10)
[2023-10-30T23:31:09.398+0000][7][gc,heap     ] GC(26) Old regions: 19->19
[2023-10-30T23:31:09.398+0000][7][gc,heap     ] GC(26) Archive regions: 2->2
[2023-10-30T23:31:09.398+0000][7][gc,heap     ] GC(26) Humongous regions: 5->5
[2023-10-30T23:31:09.398+0000][7][gc,metaspace] GC(26) Metaspace: 113481K(115200K)->113481K(115200K) NonClass: 98048K(99072K)->98048K(99072K) Class: 15433K(16128K)->15433K(16128K)
[2023-10-30T23:31:09.398+0000][7][gc          ] GC(26) Pause Young (Normal) (G1 Evacuation Pause) 399M->116M(512M) 17.499ms
[2023-10-30T23:31:09.398+0000][7][gc,cpu      ] GC(26) User=0.07s Sys=0.00s Real=0.02s
[2023-10-30T23:31:09.398+0000][7][safepoint   ] Safepoint "G1CollectForAllocation", Time since last: 342735490 ns, Reaching safepoint: 45981 ns, At safepoint: 17597956 ns, Total: 17643937 ns
[2023-10-30T23:31:10.497+0000][7][safepoint   ] Safepoint "Cleanup", Time since last: 1098221368 ns, Reaching safepoint: 66872 ns, At safepoint: 4340 ns, Total: 71212 ns
[2023-10-30T23:31:11.612+0000][7][safepoint   ] Safepoint "Cleanup", Time since last: 1115205073 ns, Reaching safepoint: 120600 ns, At safepoint: 5424 ns, Total: 126024 ns
[2023-10-30T23:31:13.083+0000][7][safepoint   ] Safepoint "Cleanup", Time since last: 1471188691 ns, Reaching safepoint: 113565 ns, At safepoint: 5868 ns, Total: 119433 ns
[2023-10-30T23:31:15.084+0000][7][safepoint   ] Safepoint "Cleanup", Time since last: 2000398016 ns, Reaching safepoint: 69477 ns, At safepoint: 8805 ns, Total: 78282 ns
[2023-10-30T23:31:16.084+0000][7][safepoint   ] Safepoint "Cleanup", Time since last: 1000101123 ns, Reaching safepoint: 38763 ns, At safepoint: 3886 ns, Total: 42649 ns
[2023-10-30T23:31:17.084+0000][7][safepoint   ] Safepoint "Cleanup", Time since last: 1000099775 ns, Reaching safepoint: 44738 ns, At safepoint: 4124 ns, Total: 48862 ns
[2023-10-30T23:31:18.084+0000][7][safepoint   ] Safepoint "Cleanup", Time since last: 1000098560 ns, Reaching safepoint: 65112 ns, At safepoint: 3700 ns, Total: 68812 ns
[2023-10-30T23:31:19.084+0000][7][safepoint   ] Safepoint "Cleanup", Time since last: 1000124755 ns, Reaching safepoint: 48068 ns, At safepoint: 3253 ns, Total: 51321 ns
[2023-10-30T23:31:21.085+0000][7][safepoint   ] Safepoint "Cleanup", Time since last: 2000170301 ns, Reaching safepoint: 46117 ns, At safepoint: 8788 ns, Total: 54905 ns
[2023-10-30T23:31:22.085+0000][7][safepoint   ] Safepoint "Cleanup", Time since last: 1000103552 ns, Reaching safepoint: 49404 ns, At safepoint: 8926 ns, Total: 58330 ns
[2023-10-30T23:31:23.085+0000][7][safepoint   ] Safepoint "Cleanup", Time since last: 1000099007 ns, Reaching safepoint: 43759 ns, At safepoint: 8516 ns, Total: 52275 ns
[2023-10-30T23:31:24.085+0000][7][safepoint   ] Safepoint "Cleanup", Time since last: 1000100614 ns, Reaching safepoint: 68793 ns, At safepoint: 5882 ns, Total: 74675 ns
[2023-10-30T23:31:25.085+0000][7][safepoint   ] Safepoint "Cleanup", Time since last: 1000095474 ns, Reaching safepoint: 40527 ns, At safepoint: 19392 ns, Total: 59919 ns
[2023-10-30T23:31:26.085+0000][7][safepoint   ] Safepoint "Cleanup", Time since last: 1000094598 ns, Reaching safepoint: 46164 ns, At safepoint: 8632 ns, Total: 54796 ns
[2023-10-30T23:31:26.413+0000][7][gc,start    ] GC(27) Pause Young (Normal) (G1 Evacuation Pause)
[2023-10-30T23:31:26.414+0000][7][gc,task     ] GC(27) Using 8 workers of 8 for evacuation
[2023-10-30T23:31:26.414+0000][7][gc,age      ] GC(27) Desired survivor size 20971520 bytes, new threshold 15 (max threshold 15)
[2023-10-30T23:31:26.432+0000][7][gc,age      ] GC(27) Age table with threshold 15 (max threshold 15)
[2023-10-30T23:31:26.433+0000][7][gc,age      ] GC(27) - age   1:    2063704 bytes,    2063704 total
[2023-10-30T23:31:26.433+0000][7][gc,age      ] GC(27) - age   2:     475048 bytes,    2538752 total
[2023-10-30T23:31:26.433+0000][7][gc,age      ] GC(27) - age   3:     476248 bytes,    3015000 total
[2023-10-30T23:31:26.433+0000][7][gc,age      ] GC(27) - age   4:     608432 bytes,    3623432 total
[2023-10-30T23:31:26.433+0000][7][gc,age      ] GC(27) - age   5:     368040 bytes,    3991472 total
[2023-10-30T23:31:26.433+0000][7][gc,age      ] GC(27) - age   6:    1544080 bytes,    5535552 total
[2023-10-30T23:31:26.433+0000][7][gc,age      ] GC(27) - age   7:     686776 bytes,    6222328 total
[2023-10-30T23:31:26.433+0000][7][gc,age      ] GC(27) - age   8:    7156104 bytes,   13378432 total
[2023-10-30T23:31:26.433+0000][7][gc,age      ] GC(27) - age   9:    5046800 bytes,   18425232 total
[2023-10-30T23:31:26.433+0000][7][gc,phases   ] GC(27)   Pre Evacuate Collection Set: 0.2ms
[2023-10-30T23:31:26.433+0000][7][gc,phases   ] GC(27)   Merge Heap Roots: 0.1ms
[2023-10-30T23:31:26.433+0000][7][gc,phases   ] GC(27)   Evacuate Collection Set: 16.3ms
[2023-10-30T23:31:26.433+0000][7][gc,phases   ] GC(27)   Post Evacuate Collection Set: 2.0ms
[2023-10-30T23:31:26.433+0000][7][gc,phases   ] GC(27)   Other: 1.0ms
[2023-10-30T23:31:26.433+0000][7][gc,heap     ] GC(27) Eden regions: 71->0(71)
[2023-10-30T23:31:26.433+0000][7][gc,heap     ] GC(27) Survivor regions: 5->5(10)
[2023-10-30T23:31:26.433+0000][7][gc,heap     ] GC(27) Old regions: 19->19
[2023-10-30T23:31:26.433+0000][7][gc,heap     ] GC(27) Archive regions: 2->2
[2023-10-30T23:31:26.433+0000][7][gc,heap     ] GC(27) Humongous regions: 5->5
[2023-10-30T23:31:26.433+0000][7][gc,metaspace] GC(27) Metaspace: 113559K(115264K)->113559K(115264K) NonClass: 98124K(99136K)->98124K(99136K) Class: 15434K(16128K)->15434K(16128K)
[2023-10-30T23:31:26.433+0000][7][gc          ] GC(27) Pause Young (Normal) (G1 Evacuation Pause) 400M->116M(512M) 19.697ms
[2023-10-30T23:31:26.433+0000][7][gc,cpu      ] GC(27) User=0.06s Sys=0.00s Real=0.02s
[2023-10-30T23:31:26.433+0000][7][safepoint   ] Safepoint "G1CollectForAllocation", Time since last: 328008350 ns, Reaching safepoint: 85361 ns, At safepoint: 20061839 ns, Total: 20147200 ns
[2023-10-30T23:31:27.434+0000][7][safepoint   ] Safepoint "Cleanup", Time since last: 1000096125 ns, Reaching safepoint: 66592 ns, At safepoint: 12303 ns, Total: 78895 ns
[2023-10-30T23:31:28.434+0000][7][safepoint   ] Safepoint "Cleanup", Time since last: 1000117371 ns, Reaching safepoint: 126324 ns, At safepoint: 4728 ns, Total: 131052 ns
[2023-10-30T23:31:29.434+0000][7][safepoint   ] Safepoint "Cleanup", Time since last: 1000283842 ns, Reaching safepoint: 49144 ns, At safepoint: 3179 ns, Total: 52323 ns
[2023-10-30T23:31:30.434+0000][7][safepoint   ] Safepoint "Cleanup", Time since last: 1000090827 ns, Reaching safepoint: 103640 ns, At safepoint: 7390 ns, Total: 111030 ns
[2023-10-30T23:31:31.435+0000][7][safepoint   ] Safepoint "Cleanup", Time since last: 1000098770 ns, Reaching safepoint: 31470 ns, At safepoint: 3518 ns, Total: 34988 ns
[2023-10-30T23:31:32.435+0000][7][safepoint   ] Safepoint "Cleanup", Time since last: 1000102361 ns, Reaching safepoint: 29755 ns, At safepoint: 4478 ns, Total: 34233 ns
[2023-10-30T23:31:33.435+0000][7][safepoint   ] Safepoint "Cleanup", Time since last: 1000106711 ns, Reaching safepoint: 55179 ns, At safepoint: 3926 ns, Total: 59105 ns
[2023-10-30T23:31:34.435+0000][7][safepoint   ] Safepoint "Cleanup", Time since last: 1000096216 ns, Reaching safepoint: 40890 ns, At safepoint: 3713 ns, Total: 44603 ns
[2023-10-30T23:31:35.435+0000][7][safepoint   ] Safepoint "Cleanup", Time since last: 1000094289 ns, Reaching safepoint: 102147 ns, At safepoint: 8589 ns, Total: 110736 ns
[2023-10-30T23:31:36.435+0000][7][safepoint   ] Safepoint "Cleanup", Time since last: 1000110952 ns, Reaching safepoint: 73571 ns, At safepoint: 7042 ns, Total: 80613 ns
[2023-10-30T23:31:38.436+0000][7][safepoint   ] Safepoint "Cleanup", Time since last: 2000159509 ns, Reaching safepoint: 66524 ns, At safepoint: 5627 ns, Total: 72151 ns
[2023-10-30T23:31:39.436+0000][7][safepoint   ] Safepoint "Cleanup", Time since last: 1000124053 ns, Reaching safepoint: 119291 ns, At safepoint: 5940 ns, Total: 125231 ns
[2023-10-30T23:31:41.436+0000][7][safepoint   ] Safepoint "Cleanup", Time since last: 2000204471 ns, Reaching safepoint: 47456 ns, At safepoint: 4183 ns, Total: 51639 ns
[2023-10-30T23:31:42.436+0000][7][safepoint   ] Safepoint "Cleanup", Time since last: 1000106921 ns, Reaching safepoint: 42498 ns, At safepoint: 24494 ns, Total: 66992 ns
[2023-10-30T23:31:43.436+0000][7][safepoint   ] Safepoint "Cleanup", Time since last: 1000095066 ns, Reaching safepoint: 69400 ns, At safepoint: 6494 ns, Total: 75894 ns
[2023-10-30T23:31:43.557+0000][7][gc,start    ] GC(28) Pause Young (Normal) (G1 Evacuation Pause)
[2023-10-30T23:31:43.557+0000][7][gc,task     ] GC(28) Using 8 workers of 8 for evacuation
[2023-10-30T23:31:43.557+0000][7][gc,age      ] GC(28) Desired survivor size 20971520 bytes, new threshold 15 (max threshold 15)
[2023-10-30T23:31:43.570+0000][7][gc,age      ] GC(28) Age table with threshold 15 (max threshold 15)
[2023-10-30T23:31:43.570+0000][7][gc,age      ] GC(28) - age   1:    2047192 bytes,    2047192 total
[2023-10-30T23:31:43.570+0000][7][gc,age      ] GC(28) - age   2:     628712 bytes,    2675904 total
[2023-10-30T23:31:43.570+0000][7][gc,age      ] GC(28) - age   3:     340992 bytes,    3016896 total
[2023-10-30T23:31:43.570+0000][7][gc,age      ] GC(28) - age   4:     475616 bytes,    3492512 total
[2023-10-30T23:31:43.570+0000][7][gc,age      ] GC(28) - age   5:     574856 bytes,    4067368 total
[2023-10-30T23:31:43.570+0000][7][gc,age      ] GC(28) - age   6:     368040 bytes,    4435408 total
[2023-10-30T23:31:43.570+0000][7][gc,age      ] GC(28) - age   7:    1544024 bytes,    5979432 total
[2023-10-30T23:31:43.570+0000][7][gc,age      ] GC(28) - age   8:     686776 bytes,    6666208 total
[2023-10-30T23:31:43.570+0000][7][gc,age      ] GC(28) - age   9:    7155888 bytes,   13822096 total
[2023-10-30T23:31:43.570+0000][7][gc,age      ] GC(28) - age  10:    5046688 bytes,   18868784 total
[2023-10-30T23:31:43.570+0000][7][gc,phases   ] GC(28)   Pre Evacuate Collection Set: 0.2ms
[2023-10-30T23:31:43.570+0000][7][gc,phases   ] GC(28)   Merge Heap Roots: 0.1ms
[2023-10-30T23:31:43.570+0000][7][gc,phases   ] GC(28)   Evacuate Collection Set: 9.8ms
[2023-10-30T23:31:43.570+0000][7][gc,phases   ] GC(28)   Post Evacuate Collection Set: 2.9ms
[2023-10-30T23:31:43.570+0000][7][gc,phases   ] GC(28)   Other: 0.4ms
[2023-10-30T23:31:43.570+0000][7][gc,heap     ] GC(28) Eden regions: 71->0(71)
[2023-10-30T23:31:43.570+0000][7][gc,heap     ] GC(28) Survivor regions: 5->5(10)
[2023-10-30T23:31:43.570+0000][7][gc,heap     ] GC(28) Old regions: 19->19
[2023-10-30T23:31:43.570+0000][7][gc,heap     ] GC(28) Archive regions: 2->2
[2023-10-30T23:31:43.570+0000][7][gc,heap     ] GC(28) Humongous regions: 5->5
[2023-10-30T23:31:43.570+0000][7][gc,metaspace] GC(28) Metaspace: 113685K(115392K)->113685K(115392K) NonClass: 98248K(99264K)->98248K(99264K) Class: 15436K(16128K)->15436K(16128K)
[2023-10-30T23:31:43.570+0000][7][gc          ] GC(28) Pause Young (Normal) (G1 Evacuation Pause) 400M->117M(512M) 13.376ms
[2023-10-30T23:31:43.570+0000][7][gc,cpu      ] GC(28) User=0.06s Sys=0.00s Real=0.01s
[2023-10-30T23:31:43.570+0000][7][safepoint   ] Safepoint "G1CollectForAllocation", Time since last: 120253095 ns, Reaching safepoint: 129215 ns, At safepoint: 13547056 ns, Total: 13676271 ns
[2023-10-30T23:31:44.571+0000][7][safepoint   ] Safepoint "Cleanup", Time since last: 1000100949 ns, Reaching safepoint: 199187 ns, At safepoint: 15103 ns, Total: 214290 ns
[2023-10-30T23:31:45.571+0000][7][safepoint   ] Safepoint "Cleanup", Time since last: 1000146523 ns, Reaching safepoint: 139461 ns, At safepoint: 5660 ns, Total: 145121 ns
[2023-10-30T23:31:46.571+0000][7][safepoint   ] Safepoint "Cleanup", Time since last: 1000163012 ns, Reaching safepoint: 84355 ns, At safepoint: 10117 ns, Total: 94472 ns
[2023-10-30T23:31:47.572+0000][7][safepoint   ] Safepoint "Cleanup", Time since last: 1000231951 ns, Reaching safepoint: 144607 ns, At safepoint: 19371 ns, Total: 163978 ns
[2023-10-30T23:31:48.572+0000][7][safepoint   ] Safepoint "Cleanup", Time since last: 1000201380 ns, Reaching safepoint: 244781 ns, At safepoint: 54226 ns, Total: 299007 ns
[2023-10-30T23:31:49.572+0000][7][safepoint   ] Safepoint "Cleanup", Time since last: 1000164430 ns, Reaching safepoint: 73860 ns, At safepoint: 5613 ns, Total: 79473 ns
[2023-10-30T23:31:50.573+0000][7][safepoint   ] Safepoint "Cleanup", Time since last: 1000138181 ns, Reaching safepoint: 99847 ns, At safepoint: 8638 ns, Total: 108485 ns
[2023-10-30T23:31:51.573+0000][7][safepoint   ] Safepoint "Cleanup", Time since last: 1000206934 ns, Reaching safepoint: 79030 ns, At safepoint: 12625 ns, Total: 91655 ns
[2023-10-30T23:31:53.573+0000][7][safepoint   ] Safepoint "Cleanup", Time since last: 2000251255 ns, Reaching safepoint: 116218 ns, At safepoint: 9220 ns, Total: 125438 ns
[2023-10-30T23:31:54.574+0000][7][safepoint   ] Safepoint "Cleanup", Time since last: 1000198072 ns, Reaching safepoint: 119465 ns, At safepoint: 8543 ns, Total: 128008 ns
[2023-10-30T23:31:55.574+0000][7][safepoint   ] Safepoint "Cleanup", Time since last: 1000180622 ns, Reaching safepoint: 93839 ns, At safepoint: 5521 ns, Total: 99360 ns
[2023-10-30T23:31:57.574+0000][7][safepoint   ] Safepoint "Cleanup", Time since last: 2000379426 ns, Reaching safepoint: 84922 ns, At safepoint: 7232 ns, Total: 92154 ns
[2023-10-30T23:31:58.575+0000][7][safepoint   ] Safepoint "Cleanup", Time since last: 1000091325 ns, Reaching safepoint: 87191 ns, At safepoint: 7285 ns, Total: 94476 ns
[2023-10-30T23:31:59.575+0000][7][safepoint   ] Safepoint "Cleanup", Time since last: 1000119004 ns, Reaching safepoint: 98476 ns, At safepoint: 7542 ns, Total: 106018 ns
[2023-10-30T23:32:00.575+0000][7][safepoint   ] Safepoint "Cleanup", Time since last: 1000145735 ns, Reaching safepoint: 55021 ns, At safepoint: 3817 ns, Total: 58838 ns
[2023-10-30T23:32:01.575+0000][7][safepoint   ] Safepoint "Cleanup", Time since last: 1000090750 ns, Reaching safepoint: 129136 ns, At safepoint: 8572 ns, Total: 137708 ns
[2023-10-30T23:32:02.480+0000][7][gc,start    ] GC(29) Pause Young (Normal) (G1 Evacuation Pause)
[2023-10-30T23:32:02.480+0000][7][gc,task     ] GC(29) Using 8 workers of 8 for evacuation
[2023-10-30T23:32:02.480+0000][7][gc,age      ] GC(29) Desired survivor size 20971520 bytes, new threshold 15 (max threshold 15)
[2023-10-30T23:32:02.493+0000][7][gc,age      ] GC(29) Age table with threshold 15 (max threshold 15)
[2023-10-30T23:32:02.493+0000][7][gc,age      ] GC(29) - age   1:    2264160 bytes,    2264160 total
[2023-10-30T23:32:02.493+0000][7][gc,age      ] GC(29) - age   2:     478984 bytes,    2743144 total
[2023-10-30T23:32:02.493+0000][7][gc,age      ] GC(29) - age   3:     614880 bytes,    3358024 total
[2023-10-30T23:32:02.493+0000][7][gc,age      ] GC(29) - age   4:     340448 bytes,    3698472 total
[2023-10-30T23:32:02.493+0000][7][gc,age      ] GC(29) - age   5:     409408 bytes,    4107880 total
[2023-10-30T23:32:02.493+0000][7][gc,age      ] GC(29) - age   6:     574728 bytes,    4682608 total
[2023-10-30T23:32:02.493+0000][7][gc,age      ] GC(29) - age   7:     368040 bytes,    5050648 total
[2023-10-30T23:32:02.493+0000][7][gc,age      ] GC(29) - age   8:    1543192 bytes,    6593840 total
[2023-10-30T23:32:02.493+0000][7][gc,age      ] GC(29) - age   9:     686776 bytes,    7280616 total
[2023-10-30T23:32:02.493+0000][7][gc,age      ] GC(29) - age  10:    7155624 bytes,   14436240 total
[2023-10-30T23:32:02.493+0000][7][gc,age      ] GC(29) - age  11:    5046688 bytes,   19482928 total
[2023-10-30T23:32:02.493+0000][7][gc,phases   ] GC(29)   Pre Evacuate Collection Set: 0.2ms
[2023-10-30T23:32:02.493+0000][7][gc,phases   ] GC(29)   Merge Heap Roots: 0.1ms
[2023-10-30T23:32:02.493+0000][7][gc,phases   ] GC(29)   Evacuate Collection Set: 11.5ms
[2023-10-30T23:32:02.493+0000][7][gc,phases   ] GC(29)   Post Evacuate Collection Set: 0.8ms
[2023-10-30T23:32:02.493+0000][7][gc,phases   ] GC(29)   Other: 0.4ms
[2023-10-30T23:32:02.493+0000][7][gc,heap     ] GC(29) Eden regions: 71->0(70)
[2023-10-30T23:32:02.493+0000][7][gc,heap     ] GC(29) Survivor regions: 5->6(10)
[2023-10-30T23:32:02.493+0000][7][gc,heap     ] GC(29) Old regions: 19->19
[2023-10-30T23:32:02.493+0000][7][gc,heap     ] GC(29) Archive regions: 2->2
[2023-10-30T23:32:02.493+0000][7][gc,heap     ] GC(29) Humongous regions: 5->5
[2023-10-30T23:32:02.493+0000][7][gc,metaspace] GC(29) Metaspace: 113860K(115520K)->113860K(115520K) NonClass: 98423K(99392K)->98423K(99392K) Class: 15437K(16128K)->15437K(16128K)
[2023-10-30T23:32:02.493+0000][7][gc          ] GC(29) Pause Young (Normal) (G1 Evacuation Pause) 401M->117M(512M) 12.965ms
[2023-10-30T23:32:02.493+0000][7][gc,cpu      ] GC(29) User=0.07s Sys=0.01s Real=0.01s
[2023-10-30T23:32:02.493+0000][7][safepoint   ] Safepoint "G1CollectForAllocation", Time since last: 904823114 ns, Reaching safepoint: 92398 ns, At safepoint: 13133762 ns, Total: 13226160 ns
[2023-10-30T23:32:03.494+0000][7][safepoint   ] Safepoint "Cleanup", Time since last: 1000162816 ns, Reaching safepoint: 120891 ns, At safepoint: 7713 ns, Total: 128604 ns
[2023-10-30T23:32:04.494+0000][7][safepoint   ] Safepoint "Cleanup", Time since last: 1000183189 ns, Reaching safepoint: 181608 ns, At safepoint: 19462 ns, Total: 201070 ns
[2023-10-30T23:32:05.494+0000][7][safepoint   ] Safepoint "Cleanup", Time since last: 1000242600 ns, Reaching safepoint: 116014 ns, At safepoint: 19742 ns, Total: 135756 ns
[2023-10-30T23:32:06.495+0000][7][safepoint   ] Safepoint "Cleanup", Time since last: 1000222874 ns, Reaching safepoint: 579634 ns, At safepoint: 21831 ns, Total: 601465 ns
[2023-10-30T23:32:07.495+0000][7][safepoint   ] Safepoint "Cleanup", Time since last: 1000161435 ns, Reaching safepoint: 84869 ns, At safepoint: 6641 ns, Total: 91510 ns
[2023-10-30T23:32:08.496+0000][7][safepoint   ] Safepoint "Cleanup", Time since last: 1000113624 ns, Reaching safepoint: 43310 ns, At safepoint: 3514 ns, Total: 46824 ns
[2023-10-30T23:32:09.496+0000][7][safepoint   ] Safepoint "Cleanup", Time since last: 1000132369 ns, Reaching safepoint: 96578 ns, At safepoint: 7341 ns, Total: 103919 ns
[2023-10-30T23:32:10.496+0000][7][safepoint   ] Safepoint "Cleanup", Time since last: 1000101101 ns, Reaching safepoint: 76556 ns, At safepoint: 7205 ns, Total: 83761 ns
[2023-10-30T23:32:11.496+0000][7][safepoint   ] Safepoint "Cleanup", Time since last: 1000144376 ns, Reaching safepoint: 160493 ns, At safepoint: 12167 ns, Total: 172660 ns
[2023-10-30T23:32:13.414+0000][7][safepoint   ] Safepoint "Cleanup", Time since last: 1917928254 ns, Reaching safepoint: 87724 ns, At safepoint: 6621 ns, Total: 94345 ns
[2023-10-30T23:32:14.415+0000][7][safepoint   ] Safepoint "Cleanup", Time since last: 1000093015 ns, Reaching safepoint: 76080 ns, At safepoint: 8653 ns, Total: 84733 ns
[2023-10-30T23:32:15.415+0000][7][safepoint   ] Safepoint "Cleanup", Time since last: 1000314291 ns, Reaching safepoint: 139451 ns, At safepoint: 25037 ns, Total: 164488 ns
[2023-10-30T23:32:16.415+0000][7][safepoint   ] Safepoint "Cleanup", Time since last: 1000348862 ns, Reaching safepoint: 54288 ns, At safepoint: 6813 ns, Total: 61101 ns
[2023-10-30T23:32:17.416+0000][7][safepoint   ] Safepoint "Cleanup", Time since last: 1000122495 ns, Reaching safepoint: 166197 ns, At safepoint: 10635 ns, Total: 176832 ns
[2023-10-30T23:32:18.416+0000][7][safepoint   ] Safepoint "Cleanup", Time since last: 1000204040 ns, Reaching safepoint: 117231 ns, At safepoint: 8861 ns, Total: 126092 ns
[2023-10-30T23:32:19.416+0000][7][safepoint   ] Safepoint "Cleanup", Time since last: 1000171453 ns, Reaching safepoint: 123641 ns, At safepoint: 20032 ns, Total: 143673 ns
[2023-10-30T23:32:20.417+0000][7][safepoint   ] Safepoint "Cleanup", Time since last: 1000175595 ns, Reaching safepoint: 100227 ns, At safepoint: 5429 ns, Total: 105656 ns
[2023-10-30T23:32:21.100+0000][7][gc,start    ] GC(30) Pause Young (Normal) (G1 Evacuation Pause)
[2023-10-30T23:32:21.100+0000][7][gc,task     ] GC(30) Using 8 workers of 8 for evacuation
[2023-10-30T23:32:21.100+0000][7][gc,age      ] GC(30) Desired survivor size 20971520 bytes, new threshold 15 (max threshold 15)
[2023-10-30T23:32:21.115+0000][7][gc,age      ] GC(30) Age table with threshold 15 (max threshold 15)
[2023-10-30T23:32:21.115+0000][7][gc,age      ] GC(30) - age   1:    2133232 bytes,    2133232 total
[2023-10-30T23:32:21.115+0000][7][gc,age      ] GC(30) - age   2:     800800 bytes,    2934032 total
[2023-10-30T23:32:21.115+0000][7][gc,age      ] GC(30) - age   3:     447560 bytes,    3381592 total
[2023-10-30T23:32:21.115+0000][7][gc,age      ] GC(30) - age   4:     495256 bytes,    3876848 total
[2023-10-30T23:32:21.115+0000][7][gc,age      ] GC(30) - age   5:     339824 bytes,    4216672 total
[2023-10-30T23:32:21.115+0000][7][gc,age      ] GC(30) - age   6:     409312 bytes,    4625984 total
[2023-10-30T23:32:21.115+0000][7][gc,age      ] GC(30) - age   7:     574696 bytes,    5200680 total
[2023-10-30T23:32:21.115+0000][7][gc,age      ] GC(30) - age   8:     368040 bytes,    5568720 total
[2023-10-30T23:32:21.115+0000][7][gc,age      ] GC(30) - age   9:    1543128 bytes,    7111848 total
[2023-10-30T23:32:21.115+0000][7][gc,age      ] GC(30) - age  10:     686776 bytes,    7798624 total
[2023-10-30T23:32:21.115+0000][7][gc,age      ] GC(30) - age  11:    7155416 bytes,   14954040 total
[2023-10-30T23:32:21.115+0000][7][gc,age      ] GC(30) - age  12:    5046688 bytes,   20000728 total
[2023-10-30T23:32:21.115+0000][7][gc,phases   ] GC(30)   Pre Evacuate Collection Set: 0.1ms
[2023-10-30T23:32:21.115+0000][7][gc,phases   ] GC(30)   Merge Heap Roots: 0.1ms
[2023-10-30T23:32:21.115+0000][7][gc,phases   ] GC(30)   Evacuate Collection Set: 14.0ms
[2023-10-30T23:32:21.115+0000][7][gc,phases   ] GC(30)   Post Evacuate Collection Set: 1.2ms
[2023-10-30T23:32:21.116+0000][7][gc,phases   ] GC(30)   Other: 0.2ms
[2023-10-30T23:32:21.116+0000][7][gc,heap     ] GC(30) Eden regions: 70->0(70)
[2023-10-30T23:32:21.116+0000][7][gc,heap     ] GC(30) Survivor regions: 6->6(10)
[2023-10-30T23:32:21.116+0000][7][gc,heap     ] GC(30) Old regions: 19->19
[2023-10-30T23:32:21.116+0000][7][gc,heap     ] GC(30) Archive regions: 2->2
[2023-10-30T23:32:21.116+0000][7][gc,heap     ] GC(30) Humongous regions: 5->5
[2023-10-30T23:32:21.116+0000][7][gc,metaspace] GC(30) Metaspace: 113978K(115648K)->113978K(115648K) NonClass: 98540K(99520K)->98540K(99520K) Class: 15437K(16128K)->15437K(16128K)
[2023-10-30T23:32:21.116+0000][7][gc          ] GC(30) Pause Young (Normal) (G1 Evacuation Pause) 397M->118M(512M) 15.596ms
[2023-10-30T23:32:21.116+0000][7][gc,cpu      ] GC(30) User=0.08s Sys=0.00s Real=0.02s
[2023-10-30T23:32:21.116+0000][7][safepoint   ] Safepoint "G1CollectForAllocation", Time since last: 683230158 ns, Reaching safepoint: 56373 ns, At safepoint: 15676321 ns, Total: 15732694 ns
[2023-10-30T23:32:22.116+0000][7][safepoint   ] Safepoint "Cleanup", Time since last: 1000090742 ns, Reaching safepoint: 61231 ns, At safepoint: 7407 ns, Total: 68638 ns
[2023-10-30T23:32:23.116+0000][7][safepoint   ] Safepoint "Cleanup", Time since last: 1000188111 ns, Reaching safepoint: 67435 ns, At safepoint: 5706 ns, Total: 73141 ns
[2023-10-30T23:32:24.116+0000][7][safepoint   ] Safepoint "Cleanup", Time since last: 1000126030 ns, Reaching safepoint: 172963 ns, At safepoint: 7443 ns, Total: 180406 ns
[2023-10-30T23:32:25.117+0000][7][safepoint   ] Safepoint "Cleanup", Time since last: 1000151691 ns, Reaching safepoint: 131220 ns, At safepoint: 13075 ns, Total: 144295 ns
[2023-10-30T23:32:26.117+0000][7][safepoint   ] Safepoint "Cleanup", Time since last: 1000201246 ns, Reaching safepoint: 134495 ns, At safepoint: 7522 ns, Total: 142017 ns
[2023-10-30T23:32:27.117+0000][7][safepoint   ] Safepoint "Cleanup", Time since last: 1000149357 ns, Reaching safepoint: 111191 ns, At safepoint: 22246 ns, Total: 133437 ns
[2023-10-30T23:32:28.118+0000][7][safepoint   ] Safepoint "Cleanup", Time since last: 1000187760 ns, Reaching safepoint: 151659 ns, At safepoint: 8898 ns, Total: 160557 ns
[2023-10-30T23:32:30.118+0000][7][safepoint   ] Safepoint "Cleanup", Time since last: 2000252339 ns, Reaching safepoint: 107784 ns, At safepoint: 15090 ns, Total: 122874 ns
[2023-10-30T23:32:31.118+0000][7][safepoint   ] Safepoint "Cleanup", Time since last: 1000168271 ns, Reaching safepoint: 188842 ns, At safepoint: 32271 ns, Total: 221113 ns
[2023-10-30T23:32:33.119+0000][7][safepoint   ] Safepoint "Cleanup", Time since last: 2000291260 ns, Reaching safepoint: 115683 ns, At safepoint: 11194 ns, Total: 126877 ns
[2023-10-30T23:32:36.121+0000][7][safepoint   ] Safepoint "Cleanup", Time since last: 3001797840 ns, Reaching safepoint: 81751 ns, At safepoint: 5234 ns, Total: 86985 ns
[2023-10-30T23:32:37.121+0000][7][safepoint   ] Safepoint "Cleanup", Time since last: 1000120539 ns, Reaching safepoint: 98749 ns, At safepoint: 5575 ns, Total: 104324 ns
[2023-10-30T23:32:38.121+0000][7][safepoint   ] Safepoint "Cleanup", Time since last: 1000162045 ns, Reaching safepoint: 119649 ns, At safepoint: 14233 ns, Total: 133882 ns
[2023-10-30T23:32:39.028+0000][7][gc,start    ] GC(31) Pause Young (Normal) (G1 Evacuation Pause)
[2023-10-30T23:32:39.028+0000][7][gc,task     ] GC(31) Using 8 workers of 8 for evacuation
[2023-10-30T23:32:39.028+0000][7][gc,age      ] GC(31) Desired survivor size 20971520 bytes, new threshold 15 (max threshold 15)
[2023-10-30T23:32:39.041+0000][7][gc,age      ] GC(31) Age table with threshold 15 (max threshold 15)
[2023-10-30T23:32:39.041+0000][7][gc,age      ] GC(31) - age   1:    2841408 bytes,    2841408 total
[2023-10-30T23:32:39.041+0000][7][gc,age      ] GC(31) - age   2:     435600 bytes,    3277008 total
[2023-10-30T23:32:39.041+0000][7][gc,age      ] GC(31) - age   3:     642776 bytes,    3919784 total
[2023-10-30T23:32:39.041+0000][7][gc,age      ] GC(31) - age   4:     446936 bytes,    4366720 total
[2023-10-30T23:32:39.041+0000][7][gc,age      ] GC(31) - age   5:     363864 bytes,    4730584 total
[2023-10-30T23:32:39.041+0000][7][gc,age      ] GC(31) - age   6:     339760 bytes,    5070344 total
[2023-10-30T23:32:39.041+0000][7][gc,age      ] GC(31) - age   7:     409312 bytes,    5479656 total
[2023-10-30T23:32:39.041+0000][7][gc,age      ] GC(31) - age   8:     574632 bytes,    6054288 total
[2023-10-30T23:32:39.041+0000][7][gc,age      ] GC(31) - age   9:     368040 bytes,    6422328 total
[2023-10-30T23:32:39.041+0000][7][gc,age      ] GC(31) - age  10:    1543128 bytes,    7965456 total
[2023-10-30T23:32:39.041+0000][7][gc,age      ] GC(31) - age  11:     686776 bytes,    8652232 total
[2023-10-30T23:32:39.041+0000][7][gc,age      ] GC(31) - age  12:    7155416 bytes,   15807648 total
[2023-10-30T23:32:39.041+0000][7][gc,age      ] GC(31) - age  13:    5046688 bytes,   20854336 total
[2023-10-30T23:32:39.041+0000][7][gc,phases   ] GC(31)   Pre Evacuate Collection Set: 0.1ms
[2023-10-30T23:32:39.041+0000][7][gc,phases   ] GC(31)   Merge Heap Roots: 0.1ms
[2023-10-30T23:32:39.041+0000][7][gc,phases   ] GC(31)   Evacuate Collection Set: 11.1ms
[2023-10-30T23:32:39.041+0000][7][gc,phases   ] GC(31)   Post Evacuate Collection Set: 1.4ms
[2023-10-30T23:32:39.041+0000][7][gc,phases   ] GC(31)   Other: 0.3ms
[2023-10-30T23:32:39.041+0000][7][gc,heap     ] GC(31) Eden regions: 70->0(70)
[2023-10-30T23:32:39.041+0000][7][gc,heap     ] GC(31) Survivor regions: 6->6(10)
[2023-10-30T23:32:39.041+0000][7][gc,heap     ] GC(31) Old regions: 19->19
[2023-10-30T23:32:39.041+0000][7][gc,heap     ] GC(31) Archive regions: 2->2
[2023-10-30T23:32:39.041+0000][7][gc,heap     ] GC(31) Humongous regions: 5->5
[2023-10-30T23:32:39.041+0000][7][gc,metaspace] GC(31) Metaspace: 114089K(115776K)->114089K(115776K) NonClass: 98651K(99648K)->98651K(99648K) Class: 15437K(16128K)->15437K(16128K)
[2023-10-30T23:32:39.041+0000][7][gc          ] GC(31) Pause Young (Normal) (G1 Evacuation Pause) 398M->119M(512M) 13.017ms
[2023-10-30T23:32:39.041+0000][7][gc,cpu      ] GC(31) User=0.07s Sys=0.01s Real=0.01s
[2023-10-30T23:32:39.041+0000][7][safepoint   ] Safepoint "G1CollectForAllocation", Time since last: 906555785 ns, Reaching safepoint: 114416 ns, At safepoint: 13090094 ns, Total: 13204510 ns
[2023-10-30T23:32:40.041+0000][7][safepoint   ] Safepoint "Cleanup", Time since last: 1000100866 ns, Reaching safepoint: 96058 ns, At safepoint: 6511 ns, Total: 102569 ns
[2023-10-30T23:32:41.041+0000][7][safepoint   ] Safepoint "Cleanup", Time since last: 1000093369 ns, Reaching safepoint: 57268 ns, At safepoint: 5944 ns, Total: 63212 ns
[2023-10-30T23:32:42.042+0000][7][safepoint   ] Safepoint "Cleanup", Time since last: 1000316059 ns, Reaching safepoint: 30507 ns, At safepoint: 28779 ns, Total: 59286 ns
[2023-10-30T23:32:43.042+0000][7][safepoint   ] Safepoint "Cleanup", Time since last: 1000163232 ns, Reaching safepoint: 186690 ns, At safepoint: 5300 ns, Total: 191990 ns
[2023-10-30T23:32:45.042+0000][7][safepoint   ] Safepoint "Cleanup", Time since last: 2000150756 ns, Reaching safepoint: 55570 ns, At safepoint: 4123 ns, Total: 59693 ns
[2023-10-30T23:32:46.043+0000][7][safepoint   ] Safepoint "Cleanup", Time since last: 1000346448 ns, Reaching safepoint: 181552 ns, At safepoint: 7456 ns, Total: 189008 ns
[2023-10-30T23:32:48.043+0000][7][safepoint   ] Safepoint "Cleanup", Time since last: 2000224164 ns, Reaching safepoint: 65370 ns, At safepoint: 5780 ns, Total: 71150 ns
[2023-10-30T23:32:49.043+0000][7][safepoint   ] Safepoint "Cleanup", Time since last: 1000163546 ns, Reaching safepoint: 48589 ns, At safepoint: 5680 ns, Total: 54269 ns
[2023-10-30T23:32:51.044+0000][7][safepoint   ] Safepoint "Cleanup", Time since last: 2000211492 ns, Reaching safepoint: 89928 ns, At safepoint: 8541 ns, Total: 98469 ns
[2023-10-30T23:32:53.044+0000][7][safepoint   ] Safepoint "Cleanup", Time since last: 2000428318 ns, Reaching safepoint: 61000 ns, At safepoint: 5275 ns, Total: 66275 ns
[2023-10-30T23:32:54.044+0000][7][safepoint   ] Safepoint "Cleanup", Time since last: 1000254012 ns, Reaching safepoint: 44933 ns, At safepoint: 5369 ns, Total: 50302 ns
[2023-10-30T23:32:55.045+0000][7][safepoint   ] Safepoint "Cleanup", Time since last: 1000129797 ns, Reaching safepoint: 79765 ns, At safepoint: 18288 ns, Total: 98053 ns
[2023-10-30T23:32:56.045+0000][7][safepoint   ] Safepoint "Cleanup", Time since last: 1000167368 ns, Reaching safepoint: 67947 ns, At safepoint: 4381 ns, Total: 72328 ns
[2023-10-30T23:32:57.045+0000][7][safepoint   ] Safepoint "Cleanup", Time since last: 1000089804 ns, Reaching safepoint: 161462 ns, At safepoint: 7560 ns, Total: 169022 ns
[2023-10-30T23:32:57.669+0000][7][gc,start    ] GC(32) Pause Young (Normal) (G1 Evacuation Pause)
[2023-10-30T23:32:57.669+0000][7][gc,task     ] GC(32) Using 8 workers of 8 for evacuation
[2023-10-30T23:32:57.669+0000][7][gc,age      ] GC(32) Desired survivor size 20971520 bytes, new threshold 15 (max threshold 15)
[2023-10-30T23:32:57.681+0000][7][gc,age      ] GC(32) Age table with threshold 15 (max threshold 15)
[2023-10-30T23:32:57.681+0000][7][gc,age      ] GC(32) - age   1:    2468640 bytes,    2468640 total
[2023-10-30T23:32:57.681+0000][7][gc,age      ] GC(32) - age   2:    1000480 bytes,    3469120 total
[2023-10-30T23:32:57.681+0000][7][gc,age      ] GC(32) - age   3:     386664 bytes,    3855784 total
[2023-10-30T23:32:57.681+0000][7][gc,age      ] GC(32) - age   4:     504552 bytes,    4360336 total
[2023-10-30T23:32:57.681+0000][7][gc,age      ] GC(32) - age   5:     446656 bytes,    4806992 total
[2023-10-30T23:32:57.681+0000][7][gc,age      ] GC(32) - age   6:     363232 bytes,    5170224 total
[2023-10-30T23:32:57.681+0000][7][gc,age      ] GC(32) - age   7:     339552 bytes,    5509776 total
[2023-10-30T23:32:57.681+0000][7][gc,age      ] GC(32) - age   8:     409312 bytes,    5919088 total
[2023-10-30T23:32:57.681+0000][7][gc,age      ] GC(32) - age   9:     574632 bytes,    6493720 total
[2023-10-30T23:32:57.681+0000][7][gc,age      ] GC(32) - age  10:     368040 bytes,    6861760 total
[2023-10-30T23:32:57.681+0000][7][gc,age      ] GC(32) - age  11:    1542992 bytes,    8404752 total
[2023-10-30T23:32:57.681+0000][7][gc,age      ] GC(32) - age  12:     686776 bytes,    9091528 total
[2023-10-30T23:32:57.681+0000][7][gc,age      ] GC(32) - age  13:    7155144 bytes,   16246672 total
[2023-10-30T23:32:57.682+0000][7][gc,age      ] GC(32) - age  14:    5046688 bytes,   21293360 total
[2023-10-30T23:32:57.682+0000][7][gc,phases   ] GC(32)   Pre Evacuate Collection Set: 0.1ms
[2023-10-30T23:32:57.682+0000][7][gc,phases   ] GC(32)   Merge Heap Roots: 0.1ms
[2023-10-30T23:32:57.682+0000][7][gc,phases   ] GC(32)   Evacuate Collection Set: 11.2ms
[2023-10-30T23:32:57.682+0000][7][gc,phases   ] GC(32)   Post Evacuate Collection Set: 1.1ms
[2023-10-30T23:32:57.682+0000][7][gc,phases   ] GC(32)   Other: 0.3ms
[2023-10-30T23:32:57.682+0000][7][gc,heap     ] GC(32) Eden regions: 70->0(70)
[2023-10-30T23:32:57.682+0000][7][gc,heap     ] GC(32) Survivor regions: 6->6(10)
[2023-10-30T23:32:57.682+0000][7][gc,heap     ] GC(32) Old regions: 19->19
[2023-10-30T23:32:57.682+0000][7][gc,heap     ] GC(32) Archive regions: 2->2
[2023-10-30T23:32:57.682+0000][7][gc,heap     ] GC(32) Humongous regions: 5->5
[2023-10-30T23:32:57.682+0000][7][gc,metaspace] GC(32) Metaspace: 114209K(115840K)->114209K(115840K) NonClass: 98772K(99712K)->98772K(99712K) Class: 15437K(16128K)->15437K(16128K)
[2023-10-30T23:32:57.682+0000][7][gc          ] GC(32) Pause Young (Normal) (G1 Evacuation Pause) 399M->120M(512M) 12.745ms
[2023-10-30T23:32:57.682+0000][7][gc,cpu      ] GC(32) User=0.06s Sys=0.00s Real=0.01s
[2023-10-30T23:32:57.682+0000][7][safepoint   ] Safepoint "G1CollectForAllocation", Time since last: 623593414 ns, Reaching safepoint: 61183 ns, At safepoint: 12844955 ns, Total: 12906138 ns
[2023-10-30T23:32:58.682+0000][7][safepoint   ] Safepoint "Cleanup", Time since last: 1000093468 ns, Reaching safepoint: 68384 ns, At safepoint: 4933 ns, Total: 73317 ns
[2023-10-30T23:33:00.682+0000][7][safepoint   ] Safepoint "Cleanup", Time since last: 2000309510 ns, Reaching safepoint: 36967 ns, At safepoint: 30918 ns, Total: 67885 ns
[2023-10-30T23:33:03.683+0000][7][safepoint   ] Safepoint "Cleanup", Time since last: 3000607893 ns, Reaching safepoint: 87179 ns, At safepoint: 5117 ns, Total: 92296 ns
[2023-10-30T23:33:05.683+0000][7][safepoint   ] Safepoint "Cleanup", Time since last: 2000475304 ns, Reaching safepoint: 76161 ns, At safepoint: 6061 ns, Total: 82222 ns
[2023-10-30T23:33:06.684+0000][7][safepoint   ] Safepoint "Cleanup", Time since last: 1000132762 ns, Reaching safepoint: 154073 ns, At safepoint: 7442 ns, Total: 161515 ns
[2023-10-30T23:33:07.684+0000][7][safepoint   ] Safepoint "Cleanup", Time since last: 1000102919 ns, Reaching safepoint: 88915 ns, At safepoint: 6370 ns, Total: 95285 ns
[2023-10-30T23:33:08.684+0000][7][safepoint   ] Safepoint "Cleanup", Time since last: 1000109733 ns, Reaching safepoint: 57458 ns, At safepoint: 7291 ns, Total: 64749 ns
[2023-10-30T23:33:09.684+0000][7][safepoint   ] Safepoint "Cleanup", Time since last: 1000103522 ns, Reaching safepoint: 121250 ns, At safepoint: 8494 ns, Total: 129744 ns
[2023-10-30T23:33:10.685+0000][7][safepoint   ] Safepoint "Cleanup", Time since last: 1000143475 ns, Reaching safepoint: 80818 ns, At safepoint: 4425 ns, Total: 85243 ns
[2023-10-30T23:33:12.685+0000][7][safepoint   ] Safepoint "Cleanup", Time since last: 2000424094 ns, Reaching safepoint: 137359 ns, At safepoint: 20706 ns, Total: 158065 ns
[2023-10-30T23:33:13.685+0000][7][safepoint   ] Safepoint "Cleanup", Time since last: 1000141363 ns, Reaching safepoint: 126153 ns, At safepoint: 13269 ns, Total: 139422 ns
[2023-10-30T23:33:14.686+0000][7][safepoint   ] Safepoint "Cleanup", Time since last: 1000328754 ns, Reaching safepoint: 57253 ns, At safepoint: 5076 ns, Total: 62329 ns
[2023-10-30T23:33:15.686+0000][7][safepoint   ] Safepoint "Cleanup", Time since last: 1000124421 ns, Reaching safepoint: 104471 ns, At safepoint: 4165 ns, Total: 108636 ns
[2023-10-30T23:33:16.940+0000][7][gc,start    ] GC(33) Pause Young (Normal) (G1 Evacuation Pause)
[2023-10-30T23:33:16.940+0000][7][gc,task     ] GC(33) Using 8 workers of 8 for evacuation
[2023-10-30T23:33:16.940+0000][7][gc,age      ] GC(33) Desired survivor size 20971520 bytes, new threshold 14 (max threshold 15)
[2023-10-30T23:33:16.995+0000][7][gc,age      ] GC(33) Age table with threshold 14 (max threshold 15)
[2023-10-30T23:33:16.995+0000][7][gc,age      ] GC(33) - age   1:    1413488 bytes,    1413488 total
[2023-10-30T23:33:16.995+0000][7][gc,age      ] GC(33) - age   2:     559744 bytes,    1973232 total
[2023-10-30T23:33:16.995+0000][7][gc,age      ] GC(33) - age   3:     567344 bytes,    2540576 total
[2023-10-30T23:33:16.995+0000][7][gc,age      ] GC(33) - age   4:     384672 bytes,    2925248 total
[2023-10-30T23:33:16.995+0000][7][gc,age      ] GC(33) - age   5:     504296 bytes,    3429544 total
[2023-10-30T23:33:16.995+0000][7][gc,age      ] GC(33) - age   6:     446592 bytes,    3876136 total
[2023-10-30T23:33:16.995+0000][7][gc,age      ] GC(33) - age   7:     362920 bytes,    4239056 total
[2023-10-30T23:33:16.995+0000][7][gc,age      ] GC(33) - age   8:     339552 bytes,    4578608 total
[2023-10-30T23:33:16.995+0000][7][gc,age      ] GC(33) - age   9:     409312 bytes,    4987920 total
[2023-10-30T23:33:16.995+0000][7][gc,age      ] GC(33) - age  10:     574632 bytes,    5562552 total
[2023-10-30T23:33:16.995+0000][7][gc,age      ] GC(33) - age  11:     368040 bytes,    5930592 total
[2023-10-30T23:33:16.995+0000][7][gc,age      ] GC(33) - age  12:    1542992 bytes,    7473584 total
[2023-10-30T23:33:16.995+0000][7][gc,age      ] GC(33) - age  13:     686776 bytes,    8160360 total
[2023-10-30T23:33:16.995+0000][7][gc,age      ] GC(33) - age  14:    7155144 bytes,   15315504 total
[2023-10-30T23:33:16.995+0000][7][gc,phases   ] GC(33)   Pre Evacuate Collection Set: 0.1ms
[2023-10-30T23:33:16.995+0000][7][gc,phases   ] GC(33)   Merge Heap Roots: 0.0ms
[2023-10-30T23:33:16.995+0000][7][gc,phases   ] GC(33)   Evacuate Collection Set: 41.2ms
[2023-10-30T23:33:16.995+0000][7][gc,phases   ] GC(33)   Post Evacuate Collection Set: 13.5ms
[2023-10-30T23:33:16.995+0000][7][gc,phases   ] GC(33)   Other: 0.4ms
[2023-10-30T23:33:16.995+0000][7][gc,heap     ] GC(33) Eden regions: 70->0(71)
[2023-10-30T23:33:16.995+0000][7][gc,heap     ] GC(33) Survivor regions: 6->5(10)
[2023-10-30T23:33:16.995+0000][7][gc,heap     ] GC(33) Old regions: 19->20
[2023-10-30T23:33:16.995+0000][7][gc,heap     ] GC(33) Archive regions: 2->2
[2023-10-30T23:33:16.995+0000][7][gc,heap     ] GC(33) Humongous regions: 5->5
[2023-10-30T23:33:16.995+0000][7][gc,metaspace] GC(33) Metaspace: 114309K(115968K)->114309K(115968K) NonClass: 98872K(99840K)->98872K(99840K) Class: 15437K(16128K)->15437K(16128K)
[2023-10-30T23:33:16.995+0000][7][gc          ] GC(33) Pause Young (Normal) (G1 Evacuation Pause) 400M->119M(512M) 55.325ms
[2023-10-30T23:33:16.995+0000][7][gc,cpu      ] GC(33) User=0.05s Sys=0.00s Real=0.06s
[2023-10-30T23:33:16.995+0000][7][safepoint   ] Safepoint "G1CollectForAllocation", Time since last: 1253356643 ns, Reaching safepoint: 61423 ns, At safepoint: 55434429 ns, Total: 55495852 ns
[2023-10-30T23:33:17.995+0000][7][safepoint   ] Safepoint "Cleanup", Time since last: 1000142066 ns, Reaching safepoint: 32256 ns, At safepoint: 4875 ns, Total: 37131 ns
[2023-10-30T23:33:18.995+0000][7][safepoint   ] Safepoint "Cleanup", Time since last: 1000358475 ns, Reaching safepoint: 35619 ns, At safepoint: 3856 ns, Total: 39475 ns
[2023-10-30T23:33:20.996+0000][7][safepoint   ] Safepoint "Cleanup", Time since last: 2000446854 ns, Reaching safepoint: 54907 ns, At safepoint: 27009 ns, Total: 81916 ns
[2023-10-30T23:33:21.996+0000][7][safepoint   ] Safepoint "Cleanup", Time since last: 1000237085 ns, Reaching safepoint: 155730 ns, At safepoint: 7203 ns, Total: 162933 ns
[2023-10-30T23:33:22.997+0000][7][safepoint   ] Safepoint "Cleanup", Time since last: 1000154310 ns, Reaching safepoint: 182694 ns, At safepoint: 6942 ns, Total: 189636 ns
[2023-10-30T23:33:23.997+0000][7][safepoint   ] Safepoint "Cleanup", Time since last: 1000312806 ns, Reaching safepoint: 41805 ns, At safepoint: 5240 ns, Total: 47045 ns
[2023-10-30T23:33:24.997+0000][7][safepoint   ] Safepoint "Cleanup", Time since last: 1000154400 ns, Reaching safepoint: 88023 ns, At safepoint: 25406 ns, Total: 113429 ns
[2023-10-30T23:33:25.998+0000][7][safepoint   ] Safepoint "Cleanup", Time since last: 1000201591 ns, Reaching safepoint: 55742 ns, At safepoint: 4827 ns, Total: 60569 ns
[2023-10-30T23:33:27.998+0000][7][safepoint   ] Safepoint "Cleanup", Time since last: 2000248372 ns, Reaching safepoint: 71085 ns, At safepoint: 26862 ns, Total: 97947 ns
[2023-10-30T23:33:28.998+0000][7][safepoint   ] Safepoint "Cleanup", Time since last: 1000324726 ns, Reaching safepoint: 65162 ns, At safepoint: 4310 ns, Total: 69472 ns
[2023-10-30T23:33:29.999+0000][7][safepoint   ] Safepoint "Cleanup", Time since last: 1000131024 ns, Reaching safepoint: 75430 ns, At safepoint: 6244 ns, Total: 81674 ns
[2023-10-30T23:33:30.999+0000][7][safepoint   ] Safepoint "Cleanup", Time since last: 1000085673 ns, Reaching safepoint: 39167 ns, At safepoint: 3328 ns, Total: 42495 ns
[2023-10-30T23:33:32.999+0000][7][safepoint   ] Safepoint "Cleanup", Time since last: 2000488399 ns, Reaching safepoint: 85471 ns, At safepoint: 8329 ns, Total: 93800 ns
[2023-10-30T23:33:34.000+0000][7][safepoint   ] Safepoint "Cleanup", Time since last: 1000131631 ns, Reaching safepoint: 71445 ns, At safepoint: 6264 ns, Total: 77709 ns
[2023-10-30T23:33:34.920+0000][7][gc,start    ] GC(34) Pause Young (Normal) (G1 Evacuation Pause)
[2023-10-30T23:33:34.920+0000][7][gc,task     ] GC(34) Using 8 workers of 8 for evacuation
[2023-10-30T23:33:34.920+0000][7][gc,age      ] GC(34) Desired survivor size 20971520 bytes, new threshold 15 (max threshold 15)
[2023-10-30T23:33:34.926+0000][7][gc,age      ] GC(34) Age table with threshold 15 (max threshold 15)
[2023-10-30T23:33:34.926+0000][7][gc,age      ] GC(34) - age   1:    1477200 bytes,    1477200 total
[2023-10-30T23:33:34.926+0000][7][gc,age      ] GC(34) - age   2:     654960 bytes,    2132160 total
[2023-10-30T23:33:34.926+0000][7][gc,age      ] GC(34) - age   3:     389928 bytes,    2522088 total
[2023-10-30T23:33:34.927+0000][7][gc,age      ] GC(34) - age   4:     566552 bytes,    3088640 total
[2023-10-30T23:33:34.927+0000][7][gc,age      ] GC(34) - age   5:     384296 bytes,    3472936 total
[2023-10-30T23:33:34.927+0000][7][gc,age      ] GC(34) - age   6:     504296 bytes,    3977232 total
[2023-10-30T23:33:34.927+0000][7][gc,age      ] GC(34) - age   7:     446472 bytes,    4423704 total
[2023-10-30T23:33:34.927+0000][7][gc,age      ] GC(34) - age   8:     362920 bytes,    4786624 total
[2023-10-30T23:33:34.927+0000][7][gc,age      ] GC(34) - age   9:     339552 bytes,    5126176 total
[2023-10-30T23:33:34.927+0000][7][gc,age      ] GC(34) - age  10:     409312 bytes,    5535488 total
[2023-10-30T23:33:34.927+0000][7][gc,age      ] GC(34) - age  11:     574632 bytes,    6110120 total
[2023-10-30T23:33:34.927+0000][7][gc,age      ] GC(34) - age  12:     368040 bytes,    6478160 total
[2023-10-30T23:33:34.927+0000][7][gc,age      ] GC(34) - age  13:    1542992 bytes,    8021152 total
[2023-10-30T23:33:34.927+0000][7][gc,age      ] GC(34) - age  14:     686776 bytes,    8707928 total
[2023-10-30T23:33:34.927+0000][7][gc,age      ] GC(34) - age  15:    7155144 bytes,   15863072 total
[2023-10-30T23:33:34.927+0000][7][gc,phases   ] GC(34)   Pre Evacuate Collection Set: 0.1ms
[2023-10-30T23:33:34.927+0000][7][gc,phases   ] GC(34)   Merge Heap Roots: 0.0ms
[2023-10-30T23:33:34.927+0000][7][gc,phases   ] GC(34)   Evacuate Collection Set: 5.4ms
[2023-10-30T23:33:34.927+0000][7][gc,phases   ] GC(34)   Post Evacuate Collection Set: 0.9ms
[2023-10-30T23:33:34.927+0000][7][gc,phases   ] GC(34)   Other: 0.3ms
[2023-10-30T23:33:34.927+0000][7][gc,heap     ] GC(34) Eden regions: 71->0(71)
[2023-10-30T23:33:34.927+0000][7][gc,heap     ] GC(34) Survivor regions: 5->5(10)
[2023-10-30T23:33:34.927+0000][7][gc,heap     ] GC(34) Old regions: 20->20
[2023-10-30T23:33:34.927+0000][7][gc,heap     ] GC(34) Archive regions: 2->2
[2023-10-30T23:33:34.927+0000][7][gc,heap     ] GC(34) Humongous regions: 5->5
[2023-10-30T23:33:34.927+0000][7][gc,metaspace] GC(34) Metaspace: 114421K(116096K)->114421K(116096K) NonClass: 98984K(99968K)->98984K(99968K) Class: 15437K(16128K)->15437K(16128K)
[2023-10-30T23:33:34.927+0000][7][gc          ] GC(34) Pause Young (Normal) (G1 Evacuation Pause) 403M->119M(512M) 6.786ms
[2023-10-30T23:33:34.927+0000][7][gc,cpu      ] GC(34) User=0.04s Sys=0.00s Real=0.01s
[2023-10-30T23:33:34.927+0000][7][safepoint   ] Safepoint "G1CollectForAllocation", Time since last: 920253070 ns, Reaching safepoint: 31941 ns, At safepoint: 6870869 ns, Total: 6902810 ns
[2023-10-30T23:33:35.927+0000][7][safepoint   ] Safepoint "Cleanup", Time since last: 1000173641 ns, Reaching safepoint: 157064 ns, At safepoint: 8915 ns, Total: 165979 ns
[2023-10-30T23:33:36.927+0000][7][safepoint   ] Safepoint "Cleanup", Time since last: 1000110993 ns, Reaching safepoint: 68284 ns, At safepoint: 5239 ns, Total: 73523 ns
[2023-10-30T23:33:38.927+0000][7][safepoint   ] Safepoint "Cleanup", Time since last: 2000155848 ns, Reaching safepoint: 56583 ns, At safepoint: 4498 ns, Total: 61081 ns
[2023-10-30T23:33:39.928+0000][7][safepoint   ] Safepoint "Cleanup", Time since last: 1000136798 ns, Reaching safepoint: 139028 ns, At safepoint: 4313 ns, Total: 143341 ns
[2023-10-30T23:33:40.928+0000][7][safepoint   ] Safepoint "Cleanup", Time since last: 1000363819 ns, Reaching safepoint: 69262 ns, At safepoint: 4609 ns, Total: 73871 ns
[2023-10-30T23:33:42.929+0000][7][safepoint   ] Safepoint "Cleanup", Time since last: 2000355256 ns, Reaching safepoint: 56589 ns, At safepoint: 6050 ns, Total: 62639 ns
[2023-10-30T23:33:43.929+0000][7][safepoint   ] Safepoint "Cleanup", Time since last: 1000145153 ns, Reaching safepoint: 148992 ns, At safepoint: 2683 ns, Total: 151675 ns
[2023-10-30T23:33:44.929+0000][7][safepoint   ] Safepoint "Cleanup", Time since last: 1000128257 ns, Reaching safepoint: 87562 ns, At safepoint: 10861 ns, Total: 98423 ns
[2023-10-30T23:33:45.929+0000][7][safepoint   ] Safepoint "Cleanup", Time since last: 1000342688 ns, Reaching safepoint: 55117 ns, At safepoint: 5375 ns, Total: 60492 ns
[2023-10-30T23:33:46.930+0000][7][safepoint   ] Safepoint "Cleanup", Time since last: 1000156198 ns, Reaching safepoint: 178768 ns, At safepoint: 9220 ns, Total: 187988 ns
[2023-10-30T23:33:48.930+0000][7][safepoint   ] Safepoint "Cleanup", Time since last: 2000209005 ns, Reaching safepoint: 219383 ns, At safepoint: 6716 ns, Total: 226099 ns
[2023-10-30T23:33:50.931+0000][7][safepoint   ] Safepoint "Cleanup", Time since last: 2000307135 ns, Reaching safepoint: 123220 ns, At safepoint: 5226 ns, Total: 128446 ns
[2023-10-30T23:33:51.931+0000][7][safepoint   ] Safepoint "Cleanup", Time since last: 1000378677 ns, Reaching safepoint: 42982 ns, At safepoint: 6387 ns, Total: 49369 ns
[2023-10-30T23:33:53.932+0000][7][safepoint   ] Safepoint "Cleanup", Time since last: 2000445087 ns, Reaching safepoint: 31962 ns, At safepoint: 4076 ns, Total: 36038 ns
[2023-10-30T23:33:54.007+0000][7][gc,start    ] GC(35) Pause Young (Normal) (G1 Evacuation Pause)
[2023-10-30T23:33:54.007+0000][7][gc,task     ] GC(35) Using 8 workers of 8 for evacuation
[2023-10-30T23:33:54.007+0000][7][gc,age      ] GC(35) Desired survivor size 20971520 bytes, new threshold 15 (max threshold 15)
[2023-10-30T23:33:54.038+0000][7][gc,age      ] GC(35) Age table with threshold 15 (max threshold 15)
[2023-10-30T23:33:54.038+0000][7][gc,age      ] GC(35) - age   1:    1165312 bytes,    1165312 total
[2023-10-30T23:33:54.038+0000][7][gc,age      ] GC(35) - age   2:    1082536 bytes,    2247848 total
[2023-10-30T23:33:54.038+0000][7][gc,age      ] GC(35) - age   3:     306664 bytes,    2554512 total
[2023-10-30T23:33:54.038+0000][7][gc,age      ] GC(35) - age   4:     338560 bytes,    2893072 total
[2023-10-30T23:33:54.038+0000][7][gc,age      ] GC(35) - age   5:     566216 bytes,    3459288 total
[2023-10-30T23:33:54.038+0000][7][gc,age      ] GC(35) - age   6:     384296 bytes,    3843584 total
[2023-10-30T23:33:54.038+0000][7][gc,age      ] GC(35) - age   7:     504296 bytes,    4347880 total
[2023-10-30T23:33:54.038+0000][7][gc,age      ] GC(35) - age   8:     380736 bytes,    4728616 total
[2023-10-30T23:33:54.038+0000][7][gc,age      ] GC(35) - age   9:     362920 bytes,    5091536 total
[2023-10-30T23:33:54.038+0000][7][gc,age      ] GC(35) - age  10:     339552 bytes,    5431088 total
[2023-10-30T23:33:54.038+0000][7][gc,age      ] GC(35) - age  11:     409232 bytes,    5840320 total
[2023-10-30T23:33:54.038+0000][7][gc,age      ] GC(35) - age  12:     574632 bytes,    6414952 total
[2023-10-30T23:33:54.038+0000][7][gc,age      ] GC(35) - age  13:     367904 bytes,    6782856 total
[2023-10-30T23:33:54.038+0000][7][gc,age      ] GC(35) - age  14:    1542992 bytes,    8325848 total
[2023-10-30T23:33:54.038+0000][7][gc,age      ] GC(35) - age  15:     686776 bytes,    9012624 total
[2023-10-30T23:33:54.038+0000][7][gc,phases   ] GC(35)   Pre Evacuate Collection Set: 0.1ms
[2023-10-30T23:33:54.038+0000][7][gc,phases   ] GC(35)   Merge Heap Roots: 0.0ms
[2023-10-30T23:33:54.038+0000][7][gc,phases   ] GC(35)   Evacuate Collection Set: 24.3ms
[2023-10-30T23:33:54.038+0000][7][gc,phases   ] GC(35)   Post Evacuate Collection Set: 6.5ms
[2023-10-30T23:33:54.038+0000][7][gc,phases   ] GC(35)   Other: 0.3ms
[2023-10-30T23:33:54.038+0000][7][gc,heap     ] GC(35) Eden regions: 71->0(73)
[2023-10-30T23:33:54.038+0000][7][gc,heap     ] GC(35) Survivor regions: 5->3(10)
[2023-10-30T23:33:54.038+0000][7][gc,heap     ] GC(35) Old regions: 20->22
[2023-10-30T23:33:54.038+0000][7][gc,heap     ] GC(35) Archive regions: 2->2
[2023-10-30T23:33:54.038+0000][7][gc,heap     ] GC(35) Humongous regions: 5->5
[2023-10-30T23:33:54.038+0000][7][gc,metaspace] GC(35) Metaspace: 114543K(116224K)->114543K(116224K) NonClass: 99103K(100096K)->99103K(100096K) Class: 15439K(16128K)->15439K(16128K)
[2023-10-30T23:33:54.038+0000][7][gc          ] GC(35) Pause Young (Normal) (G1 Evacuation Pause) 403M->120M(512M) 31.434ms
[2023-10-30T23:33:54.038+0000][7][gc,cpu      ] GC(35) User=0.04s Sys=0.01s Real=0.03s
[2023-10-30T23:33:54.038+0000][7][safepoint   ] Safepoint "G1CollectForAllocation", Time since last: 74746879 ns, Reaching safepoint: 118508 ns, At safepoint: 31528437 ns, Total: 31646945 ns
[2023-10-30T23:33:55.038+0000][7][safepoint   ] Safepoint "Cleanup", Time since last: 1000098985 ns, Reaching safepoint: 89727 ns, At safepoint: 7662 ns, Total: 97389 ns
[2023-10-30T23:33:56.039+0000][7][safepoint   ] Safepoint "Cleanup", Time since last: 1000342687 ns, Reaching safepoint: 35424 ns, At safepoint: 5207 ns, Total: 40631 ns
[2023-10-30T23:33:57.039+0000][7][safepoint   ] Safepoint "Cleanup", Time since last: 1000155961 ns, Reaching safepoint: 53823 ns, At safepoint: 4365 ns, Total: 58188 ns
[2023-10-30T23:33:58.039+0000][7][safepoint   ] Safepoint "Cleanup", Time since last: 1000087724 ns, Reaching safepoint: 187259 ns, At safepoint: 10132 ns, Total: 197391 ns
[2023-10-30T23:34:00.040+0000][7][safepoint   ] Safepoint "Cleanup", Time since last: 2000316442 ns, Reaching safepoint: 157148 ns, At safepoint: 4708 ns, Total: 161856 ns
[2023-10-30T23:34:01.040+0000][7][safepoint   ] Safepoint "Cleanup", Time since last: 1000191491 ns, Reaching safepoint: 74245 ns, At safepoint: 7817 ns, Total: 82062 ns
[2023-10-30T23:34:03.040+0000][7][safepoint   ] Safepoint "Cleanup", Time since last: 2000296478 ns, Reaching safepoint: 146992 ns, At safepoint: 4480 ns, Total: 151472 ns
[2023-10-30T23:34:06.041+0000][7][safepoint   ] Safepoint "Cleanup", Time since last: 3000242489 ns, Reaching safepoint: 35915 ns, At safepoint: 2716 ns, Total: 38631 ns
[2023-10-30T23:34:07.509+0000][7][safepoint   ] Safepoint "Cleanup", Time since last: 1468712234 ns, Reaching safepoint: 125342 ns, At safepoint: 5596 ns, Total: 130938 ns
[2023-10-30T23:34:09.510+0000][7][safepoint   ] Safepoint "Cleanup", Time since last: 2000237305 ns, Reaching safepoint: 189795 ns, At safepoint: 6355 ns, Total: 196150 ns
[2023-10-30T23:34:12.511+0000][7][safepoint   ] Safepoint "Cleanup", Time since last: 3000950734 ns, Reaching safepoint: 50358 ns, At safepoint: 3076 ns, Total: 53434 ns
[2023-10-30T23:34:14.512+0000][7][safepoint   ] Safepoint "Cleanup", Time since last: 2000637680 ns, Reaching safepoint: 55989 ns, At safepoint: 3768 ns, Total: 59757 ns
[2023-10-30T23:34:15.823+0000][7][gc,start    ] GC(36) Pause Young (Normal) (G1 Evacuation Pause)
[2023-10-30T23:34:15.823+0000][7][gc,task     ] GC(36) Using 8 workers of 8 for evacuation
[2023-10-30T23:34:15.823+0000][7][gc,age      ] GC(36) Desired survivor size 20971520 bytes, new threshold 15 (max threshold 15)
[2023-10-30T23:34:15.835+0000][7][gc,age      ] GC(36) Age table with threshold 15 (max threshold 15)
[2023-10-30T23:34:15.835+0000][7][gc,age      ] GC(36) - age   1:    2599704 bytes,    2599704 total
[2023-10-30T23:34:15.835+0000][7][gc,age      ] GC(36) - age   2:    1100584 bytes,    3700288 total
[2023-10-30T23:34:15.835+0000][7][gc,age      ] GC(36) - age   3:     458464 bytes,    4158752 total
[2023-10-30T23:34:15.835+0000][7][gc,age      ] GC(36) - age   4:     305472 bytes,    4464224 total
[2023-10-30T23:34:15.835+0000][7][gc,age      ] GC(36) - age   5:     338176 bytes,    4802400 total
[2023-10-30T23:34:15.835+0000][7][gc,age      ] GC(36) - age   6:     566088 bytes,    5368488 total
[2023-10-30T23:34:15.835+0000][7][gc,age      ] GC(36) - age   7:     384232 bytes,    5752720 total
[2023-10-30T23:34:15.835+0000][7][gc,age      ] GC(36) - age   8:     373208 bytes,    6125928 total
[2023-10-30T23:34:15.835+0000][7][gc,age      ] GC(36) - age   9:     380640 bytes,    6506568 total
[2023-10-30T23:34:15.835+0000][7][gc,age      ] GC(36) - age  10:     362920 bytes,    6869488 total
[2023-10-30T23:34:15.835+0000][7][gc,age      ] GC(36) - age  11:     339488 bytes,    7208976 total
[2023-10-30T23:34:15.835+0000][7][gc,age      ] GC(36) - age  12:     408936 bytes,    7617912 total
[2023-10-30T23:34:15.835+0000][7][gc,age      ] GC(36) - age  13:     574632 bytes,    8192544 total
[2023-10-30T23:34:15.835+0000][7][gc,age      ] GC(36) - age  14:     367904 bytes,    8560448 total
[2023-10-30T23:34:15.835+0000][7][gc,age      ] GC(36) - age  15:    1542992 bytes,   10103440 total
[2023-10-30T23:34:15.835+0000][7][gc,phases   ] GC(36)   Pre Evacuate Collection Set: 0.1ms
[2023-10-30T23:34:15.835+0000][7][gc,phases   ] GC(36)   Merge Heap Roots: 0.0ms
[2023-10-30T23:34:15.835+0000][7][gc,phases   ] GC(36)   Evacuate Collection Set: 11.2ms
[2023-10-30T23:34:15.835+0000][7][gc,phases   ] GC(36)   Post Evacuate Collection Set: 0.5ms
[2023-10-30T23:34:15.835+0000][7][gc,phases   ] GC(36)   Other: 0.3ms
[2023-10-30T23:34:15.835+0000][7][gc,heap     ] GC(36) Eden regions: 73->0(73)
[2023-10-30T23:34:15.835+0000][7][gc,heap     ] GC(36) Survivor regions: 3->3(10)
[2023-10-30T23:34:15.835+0000][7][gc,heap     ] GC(36) Old regions: 22->22
[2023-10-30T23:34:15.835+0000][7][gc,heap     ] GC(36) Archive regions: 2->2
[2023-10-30T23:34:15.835+0000][7][gc,heap     ] GC(36) Humongous regions: 5->5
[2023-10-30T23:34:15.835+0000][7][gc,metaspace] GC(36) Metaspace: 114596K(116288K)->114596K(116288K) NonClass: 99156K(100160K)->99156K(100160K) Class: 15440K(16128K)->15440K(16128K)
[2023-10-30T23:34:15.835+0000][7][gc          ] GC(36) Pause Young (Normal) (G1 Evacuation Pause) 412M->121M(512M) 12.159ms
[2023-10-30T23:34:15.835+0000][7][gc,cpu      ] GC(36) User=0.02s Sys=0.00s Real=0.02s
[2023-10-30T23:34:15.835+0000][7][safepoint   ] Safepoint "G1CollectForAllocation", Time since last: 1311406970 ns, Reaching safepoint: 25057 ns, At safepoint: 12229648 ns, Total: 12254705 ns
[2023-10-30T23:34:16.835+0000][7][safepoint   ] Safepoint "Cleanup", Time since last: 1000093108 ns, Reaching safepoint: 80328 ns, At safepoint: 6128 ns, Total: 86456 ns
[2023-10-30T23:34:17.836+0000][7][safepoint   ] Safepoint "Cleanup", Time since last: 1000142027 ns, Reaching safepoint: 53627 ns, At safepoint: 11492 ns, Total: 65119 ns
[2023-10-30T23:34:18.946+0000][7][safepoint   ] Safepoint "ICBufferFull", Time since last: 1109890887 ns, Reaching safepoint: 319573 ns, At safepoint: 13620 ns, Total: 333193 ns
[2023-10-30T23:34:19.519+0000][7][gc,heap,exit] Heap
[2023-10-30T23:34:19.519+0000][7][gc,heap,exit]  garbage-first heap   total 524288K, used 232524K [0x00000000e0000000, 0x0000000100000000)
[2023-10-30T23:34:19.519+0000][7][gc,heap,exit]   region size 4096K, 30 young (122880K), 3 survivors (12288K)
[2023-10-30T23:34:19.519+0000][7][gc,heap,exit]  Metaspace       used 114810K, committed 116480K, reserved 1155072K
[2023-10-30T23:34:19.519+0000][7][gc,heap,exit]   class space    used 15478K, committed 16192K, reserved 1048576K
