[2023-10-31T02:42:01.141+0000][7][gc] Using G1
[2023-10-31T02:42:01.239+0000][7][gc,init] Version: 17.0.1+12 (release)
[2023-10-31T02:42:01.239+0000][7][gc,init] CPUs: 8 total, 8 available
[2023-10-31T02:42:01.239+0000][7][gc,init] Memory: 7659M
[2023-10-31T02:42:01.239+0000][7][gc,init] Large Page Support: Disabled
[2023-10-31T02:42:01.239+0000][7][gc,init] NUMA Support: Disabled
[2023-10-31T02:42:01.239+0000][7][gc,init] Compressed Oops: Enabled (32-bit)
[2023-10-31T02:42:01.239+0000][7][gc,init] Heap Region Size: 4M
[2023-10-31T02:42:01.239+0000][7][gc,init] Heap Min Capacity: 512M
[2023-10-31T02:42:01.239+0000][7][gc,init] Heap Initial Capacity: 512M
[2023-10-31T02:42:01.239+0000][7][gc,init] Heap Max Capacity: 512M
[2023-10-31T02:42:01.239+0000][7][gc,init] Pre-touch: Enabled
[2023-10-31T02:42:01.239+0000][7][gc,init] Parallel Workers: 8
[2023-10-31T02:42:01.239+0000][7][gc,init] Concurrent Workers: 2
[2023-10-31T02:42:01.239+0000][7][gc,init] Concurrent Refinement Workers: 8
[2023-10-31T02:42:01.239+0000][7][gc,init] Periodic GC: Disabled
[2023-10-31T02:42:01.239+0000][7][gc,metaspace] CDS archive(s) mapped at: [0x0000000800000000-0x0000000800bd1000-0x0000000800bd1000), size 12390400, SharedBaseAddress: 0x0000000800000000, ArchiveRelocationMode: 0.
[2023-10-31T02:42:01.239+0000][7][gc,metaspace] Compressed class space mapped at: 0x0000000800c00000-0x0000000840c00000, reserved size: 1073741824
[2023-10-31T02:42:01.239+0000][7][gc,metaspace] Narrow klass base: 0x0000000800000000, Narrow klass shift: 0, Narrow klass range: 0x100000000
[2023-10-31T02:42:01.802+0000][7][safepoint   ] Safepoint "ICBufferFull", Time since last: 556987260 ns, Reaching safepoint: 80491 ns, At safepoint: 2874 ns, Total: 83365 ns
[2023-10-31T02:42:02.196+0000][7][gc,start    ] GC(0) Pause Young (Normal) (G1 Evacuation Pause)
[2023-10-31T02:42:02.196+0000][7][gc,task     ] GC(0) Using 8 workers of 8 for evacuation
[2023-10-31T02:42:02.198+0000][7][gc,age      ] GC(0) Desired survivor size 2097152 bytes, new threshold 15 (max threshold 15)
[2023-10-31T02:42:02.208+0000][7][gc,age      ] GC(0) Age table with threshold 15 (max threshold 15)
[2023-10-31T02:42:02.208+0000][7][gc,age      ] GC(0) - age   1:    4059768 bytes,    4059768 total
[2023-10-31T02:42:02.208+0000][7][gc,phases   ] GC(0)   Pre Evacuate Collection Set: 0.1ms
[2023-10-31T02:42:02.208+0000][7][gc,phases   ] GC(0)   Merge Heap Roots: 0.0ms
[2023-10-31T02:42:02.208+0000][7][gc,phases   ] GC(0)   Evacuate Collection Set: 7.9ms
[2023-10-31T02:42:02.208+0000][7][gc,phases   ] GC(0)   Post Evacuate Collection Set: 1.1ms
[2023-10-31T02:42:02.208+0000][7][gc,phases   ] GC(0)   Other: 3.2ms
[2023-10-31T02:42:02.208+0000][7][gc,heap     ] GC(0) Eden regions: 6->0(6)
[2023-10-31T02:42:02.208+0000][7][gc,heap     ] GC(0) Survivor regions: 0->1(1)
[2023-10-31T02:42:02.208+0000][7][gc,heap     ] GC(0) Old regions: 0->1
[2023-10-31T02:42:02.208+0000][7][gc,heap     ] GC(0) Archive regions: 2->2
[2023-10-31T02:42:02.208+0000][7][gc,heap     ] GC(0) Humongous regions: 0->0
[2023-10-31T02:42:02.208+0000][7][gc,metaspace] GC(0) Metaspace: 7524K(7680K)->7524K(7680K) NonClass: 6654K(6720K)->6654K(6720K) Class: 870K(960K)->870K(960K)
[2023-10-31T02:42:02.208+0000][7][gc          ] GC(0) Pause Young (Normal) (G1 Evacuation Pause) 27M->7M(512M) 12.393ms
[2023-10-31T02:42:02.208+0000][7][gc,cpu      ] GC(0) User=0.02s Sys=0.00s Real=0.02s
[2023-10-31T02:42:02.208+0000][7][safepoint   ] Safepoint "G1CollectForAllocation", Time since last: 391182332 ns, Reaching safepoint: 88471 ns, At safepoint: 15136891 ns, Total: 15225362 ns
[2023-10-31T02:42:03.274+0000][7][safepoint   ] Safepoint "Cleanup", Time since last: 1066137454 ns, Reaching safepoint: 116843 ns, At safepoint: 5059 ns, Total: 121902 ns
[2023-10-31T02:42:03.952+0000][7][gc,start    ] GC(1) Pause Young (Normal) (G1 Evacuation Pause)
[2023-10-31T02:42:03.952+0000][7][gc,task     ] GC(1) Using 8 workers of 8 for evacuation
[2023-10-31T02:42:03.952+0000][7][gc,age      ] GC(1) Desired survivor size 2097152 bytes, new threshold 1 (max threshold 15)
[2023-10-31T02:42:03.959+0000][7][gc,age      ] GC(1) Age table with threshold 1 (max threshold 15)
[2023-10-31T02:42:03.959+0000][7][gc,age      ] GC(1) - age   1:    2234928 bytes,    2234928 total
[2023-10-31T02:42:03.959+0000][7][gc,phases   ] GC(1)   Pre Evacuate Collection Set: 0.0ms
[2023-10-31T02:42:03.959+0000][7][gc,phases   ] GC(1)   Merge Heap Roots: 0.0ms
[2023-10-31T02:42:03.959+0000][7][gc,phases   ] GC(1)   Evacuate Collection Set: 6.1ms
[2023-10-31T02:42:03.959+0000][7][gc,phases   ] GC(1)   Post Evacuate Collection Set: 0.9ms
[2023-10-31T02:42:03.959+0000][7][gc,phases   ] GC(1)   Other: 0.2ms
[2023-10-31T02:42:03.959+0000][7][gc,heap     ] GC(1) Eden regions: 6->0(16)
[2023-10-31T02:42:03.959+0000][7][gc,heap     ] GC(1) Survivor regions: 1->1(1)
[2023-10-31T02:42:03.959+0000][7][gc,heap     ] GC(1) Old regions: 1->1
[2023-10-31T02:42:03.959+0000][7][gc,heap     ] GC(1) Archive regions: 2->2
[2023-10-31T02:42:03.959+0000][7][gc,heap     ] GC(1) Humongous regions: 0->0
[2023-10-31T02:42:03.959+0000][7][gc,metaspace] GC(1) Metaspace: 12260K(12480K)->12260K(12480K) NonClass: 10776K(10880K)->10776K(10880K) Class: 1484K(1600K)->1484K(1600K)
[2023-10-31T02:42:03.959+0000][7][gc          ] GC(1) Pause Young (Normal) (G1 Evacuation Pause) 31M->10M(512M) 7.264ms
[2023-10-31T02:42:03.959+0000][7][gc,cpu      ] GC(1) User=0.02s Sys=0.00s Real=0.01s
[2023-10-31T02:42:03.959+0000][7][safepoint   ] Safepoint "G1CollectForAllocation", Time since last: 677635018 ns, Reaching safepoint: 94636 ns, At safepoint: 7320394 ns, Total: 7415030 ns
[2023-10-31T02:42:05.213+0000][7][safepoint   ] Safepoint "ICBufferFull", Time since last: 1253095631 ns, Reaching safepoint: 267873 ns, At safepoint: 5063 ns, Total: 272936 ns
[2023-10-31T02:42:05.432+0000][7][gc,start    ] GC(2) Pause Young (Normal) (G1 Evacuation Pause)
[2023-10-31T02:42:05.432+0000][7][gc,task     ] GC(2) Using 8 workers of 8 for evacuation
[2023-10-31T02:42:05.432+0000][7][gc,age      ] GC(2) Desired survivor size 6291456 bytes, new threshold 15 (max threshold 15)
[2023-10-31T02:42:05.439+0000][7][gc,age      ] GC(2) Age table with threshold 15 (max threshold 15)
[2023-10-31T02:42:05.439+0000][7][gc,age      ] GC(2) - age   1:    2954536 bytes,    2954536 total
[2023-10-31T02:42:05.439+0000][7][gc,age      ] GC(2) - age   2:    2214352 bytes,    5168888 total
[2023-10-31T02:42:05.439+0000][7][gc,phases   ] GC(2)   Pre Evacuate Collection Set: 0.1ms
[2023-10-31T02:42:05.439+0000][7][gc,phases   ] GC(2)   Merge Heap Roots: 0.1ms
[2023-10-31T02:42:05.439+0000][7][gc,phases   ] GC(2)   Evacuate Collection Set: 6.0ms
[2023-10-31T02:42:05.439+0000][7][gc,phases   ] GC(2)   Post Evacuate Collection Set: 0.8ms
[2023-10-31T02:42:05.439+0000][7][gc,phases   ] GC(2)   Other: 0.2ms
[2023-10-31T02:42:05.439+0000][7][gc,heap     ] GC(2) Eden regions: 16->0(74)
[2023-10-31T02:42:05.439+0000][7][gc,heap     ] GC(2) Survivor regions: 1->2(3)
[2023-10-31T02:42:05.439+0000][7][gc,heap     ] GC(2) Old regions: 1->1
[2023-10-31T02:42:05.439+0000][7][gc,heap     ] GC(2) Archive regions: 2->2
[2023-10-31T02:42:05.439+0000][7][gc,heap     ] GC(2) Humongous regions: 0->0
[2023-10-31T02:42:05.439+0000][7][gc,metaspace] GC(2) Metaspace: 14407K(14656K)->14407K(14656K) NonClass: 12733K(12864K)->12733K(12864K) Class: 1673K(1792K)->1673K(1792K)
[2023-10-31T02:42:05.439+0000][7][gc          ] GC(2) Pause Young (Normal) (G1 Evacuation Pause) 74M->12M(512M) 7.321ms
[2023-10-31T02:42:05.439+0000][7][gc,cpu      ] GC(2) User=0.04s Sys=0.00s Real=0.01s
[2023-10-31T02:42:05.439+0000][7][safepoint   ] Safepoint "G1CollectForAllocation", Time since last: 219303889 ns, Reaching safepoint: 57445 ns, At safepoint: 7400522 ns, Total: 7457967 ns
[2023-10-31T02:42:06.441+0000][7][safepoint   ] Safepoint "Cleanup", Time since last: 1000134508 ns, Reaching safepoint: 1131223 ns, At safepoint: 10932 ns, Total: 1142155 ns
[2023-10-31T02:42:06.580+0000][7][safepoint   ] Safepoint "ICBufferFull", Time since last: 139039732 ns, Reaching safepoint: 50235 ns, At safepoint: 3346 ns, Total: 53581 ns
[2023-10-31T02:42:06.581+0000][7][safepoint   ] Safepoint "ICBufferFull", Time since last: 1301147 ns, Reaching safepoint: 141606 ns, At safepoint: 3271 ns, Total: 144877 ns
[2023-10-31T02:42:06.584+0000][7][safepoint   ] Safepoint "ICBufferFull", Time since last: 2666551 ns, Reaching safepoint: 91049 ns, At safepoint: 4186 ns, Total: 95235 ns
[2023-10-31T02:42:06.585+0000][7][safepoint   ] Safepoint "ICBufferFull", Time since last: 802940 ns, Reaching safepoint: 26476 ns, At safepoint: 4150 ns, Total: 30626 ns
[2023-10-31T02:42:06.586+0000][7][safepoint   ] Safepoint "ICBufferFull", Time since last: 1459793 ns, Reaching safepoint: 31634 ns, At safepoint: 3010 ns, Total: 34644 ns
[2023-10-31T02:42:07.095+0000][7][safepoint   ] Safepoint "ICBufferFull", Time since last: 508653299 ns, Reaching safepoint: 220953 ns, At safepoint: 9257 ns, Total: 230210 ns
[2023-10-31T02:42:07.856+0000][7][gc,start    ] GC(3) Pause Young (Normal) (G1 Evacuation Pause)
[2023-10-31T02:42:07.856+0000][7][gc,task     ] GC(3) Using 8 workers of 8 for evacuation
[2023-10-31T02:42:07.856+0000][7][gc,age      ] GC(3) Desired survivor size 20971520 bytes, new threshold 15 (max threshold 15)
[2023-10-31T02:42:07.874+0000][7][gc,age      ] GC(3) Age table with threshold 15 (max threshold 15)
[2023-10-31T02:42:07.874+0000][7][gc,age      ] GC(3) - age   1:    5803632 bytes,    5803632 total
[2023-10-31T02:42:07.874+0000][7][gc,age      ] GC(3) - age   2:    1279896 bytes,    7083528 total
[2023-10-31T02:42:07.874+0000][7][gc,age      ] GC(3) - age   3:    2202952 bytes,    9286480 total
[2023-10-31T02:42:07.874+0000][7][gc,phases   ] GC(3)   Pre Evacuate Collection Set: 0.2ms
[2023-10-31T02:42:07.874+0000][7][gc,phases   ] GC(3)   Merge Heap Roots: 0.1ms
[2023-10-31T02:42:07.874+0000][7][gc,phases   ] GC(3)   Evacuate Collection Set: 16.4ms
[2023-10-31T02:42:07.874+0000][7][gc,phases   ] GC(3)   Post Evacuate Collection Set: 1.1ms
[2023-10-31T02:42:07.874+0000][7][gc,phases   ] GC(3)   Other: 0.5ms
[2023-10-31T02:42:07.874+0000][7][gc,heap     ] GC(3) Eden regions: 74->0(73)
[2023-10-31T02:42:07.874+0000][7][gc,heap     ] GC(3) Survivor regions: 2->3(10)
[2023-10-31T02:42:07.874+0000][7][gc,heap     ] GC(3) Old regions: 1->1
[2023-10-31T02:42:07.874+0000][7][gc,heap     ] GC(3) Archive regions: 2->2
[2023-10-31T02:42:07.874+0000][7][gc,heap     ] GC(3) Humongous regions: 0->0
[2023-10-31T02:42:07.874+0000][7][gc,metaspace] GC(3) Metaspace: 17223K(17472K)->17223K(17472K) NonClass: 15164K(15296K)->15164K(15296K) Class: 2059K(2176K)->2059K(2176K)
[2023-10-31T02:42:07.875+0000][7][gc          ] GC(3) Pause Young (Normal) (G1 Evacuation Pause) 308M->17M(512M) 18.371ms
[2023-10-31T02:42:07.875+0000][7][gc,cpu      ] GC(3) User=0.07s Sys=0.00s Real=0.02s
[2023-10-31T02:42:07.875+0000][7][safepoint   ] Safepoint "G1CollectForAllocation", Time since last: 760422993 ns, Reaching safepoint: 310445 ns, At safepoint: 18552658 ns, Total: 18863103 ns
[2023-10-31T02:42:08.875+0000][7][safepoint   ] Safepoint "Cleanup", Time since last: 1000103409 ns, Reaching safepoint: 128544 ns, At safepoint: 4698 ns, Total: 133242 ns
[2023-10-31T02:42:09.447+0000][7][gc,start    ] GC(4) Pause Young (Normal) (G1 Evacuation Pause)
[2023-10-31T02:42:09.448+0000][7][gc,task     ] GC(4) Using 8 workers of 8 for evacuation
[2023-10-31T02:42:09.448+0000][7][gc,age      ] GC(4) Desired survivor size 20971520 bytes, new threshold 15 (max threshold 15)
[2023-10-31T02:42:09.458+0000][7][gc,age      ] GC(4) Age table with threshold 15 (max threshold 15)
[2023-10-31T02:42:09.458+0000][7][gc,age      ] GC(4) - age   1:    5731104 bytes,    5731104 total
[2023-10-31T02:42:09.458+0000][7][gc,age      ] GC(4) - age   2:    3581256 bytes,    9312360 total
[2023-10-31T02:42:09.458+0000][7][gc,age      ] GC(4) - age   3:    1279816 bytes,   10592176 total
[2023-10-31T02:42:09.458+0000][7][gc,age      ] GC(4) - age   4:    2202952 bytes,   12795128 total
[2023-10-31T02:42:09.458+0000][7][gc,phases   ] GC(4)   Pre Evacuate Collection Set: 0.1ms
[2023-10-31T02:42:09.458+0000][7][gc,phases   ] GC(4)   Merge Heap Roots: 0.0ms
[2023-10-31T02:42:09.458+0000][7][gc,phases   ] GC(4)   Evacuate Collection Set: 8.7ms
[2023-10-31T02:42:09.458+0000][7][gc,phases   ] GC(4)   Post Evacuate Collection Set: 0.6ms
[2023-10-31T02:42:09.458+0000][7][gc,phases   ] GC(4)   Other: 0.9ms
[2023-10-31T02:42:09.458+0000][7][gc,heap     ] GC(4) Eden regions: 73->0(72)
[2023-10-31T02:42:09.458+0000][7][gc,heap     ] GC(4) Survivor regions: 3->4(10)
[2023-10-31T02:42:09.458+0000][7][gc,heap     ] GC(4) Old regions: 1->1
[2023-10-31T02:42:09.458+0000][7][gc,heap     ] GC(4) Archive regions: 2->2
[2023-10-31T02:42:09.458+0000][7][gc,heap     ] GC(4) Humongous regions: 0->0
[2023-10-31T02:42:09.458+0000][7][gc,metaspace] GC(4) Metaspace: 18082K(18432K)->18082K(18432K) NonClass: 15899K(16128K)->15899K(16128K) Class: 2182K(2304K)->2182K(2304K)
[2023-10-31T02:42:09.458+0000][7][gc          ] GC(4) Pause Young (Normal) (G1 Evacuation Pause) 309M->20M(512M) 10.411ms
[2023-10-31T02:42:09.458+0000][7][gc,cpu      ] GC(4) User=0.04s Sys=0.00s Real=0.01s
[2023-10-31T02:42:09.458+0000][7][safepoint   ] Safepoint "G1CollectForAllocation", Time since last: 572517423 ns, Reaching safepoint: 80117 ns, At safepoint: 10498442 ns, Total: 10578559 ns
[2023-10-31T02:42:10.458+0000][7][safepoint   ] Safepoint "Cleanup", Time since last: 1000106869 ns, Reaching safepoint: 147863 ns, At safepoint: 6637 ns, Total: 154500 ns
[2023-10-31T02:42:10.515+0000][7][gc,start    ] GC(5) Pause Young (Normal) (G1 Evacuation Pause)
[2023-10-31T02:42:10.515+0000][7][gc,task     ] GC(5) Using 8 workers of 8 for evacuation
[2023-10-31T02:42:10.515+0000][7][gc,age      ] GC(5) Desired survivor size 20971520 bytes, new threshold 15 (max threshold 15)
[2023-10-31T02:42:10.537+0000][7][gc,age      ] GC(5) Age table with threshold 15 (max threshold 15)
[2023-10-31T02:42:10.537+0000][7][gc,age      ] GC(5) - age   1:     947152 bytes,     947152 total
[2023-10-31T02:42:10.537+0000][7][gc,age      ] GC(5) - age   2:    3797784 bytes,    4744936 total
[2023-10-31T02:42:10.537+0000][7][gc,age      ] GC(5) - age   3:    3580888 bytes,    8325824 total
[2023-10-31T02:42:10.537+0000][7][gc,age      ] GC(5) - age   4:    1279816 bytes,    9605640 total
[2023-10-31T02:42:10.537+0000][7][gc,age      ] GC(5) - age   5:    2202808 bytes,   11808448 total
[2023-10-31T02:42:10.537+0000][7][gc,phases   ] GC(5)   Pre Evacuate Collection Set: 0.1ms
[2023-10-31T02:42:10.537+0000][7][gc,phases   ] GC(5)   Merge Heap Roots: 0.1ms
[2023-10-31T02:42:10.537+0000][7][gc,phases   ] GC(5)   Evacuate Collection Set: 19.8ms
[2023-10-31T02:42:10.537+0000][7][gc,phases   ] GC(5)   Post Evacuate Collection Set: 1.6ms
[2023-10-31T02:42:10.537+0000][7][gc,phases   ] GC(5)   Other: 0.4ms
[2023-10-31T02:42:10.537+0000][7][gc,heap     ] GC(5) Eden regions: 72->0(73)
[2023-10-31T02:42:10.537+0000][7][gc,heap     ] GC(5) Survivor regions: 4->3(10)
[2023-10-31T02:42:10.537+0000][7][gc,heap     ] GC(5) Old regions: 1->1
[2023-10-31T02:42:10.537+0000][7][gc,heap     ] GC(5) Archive regions: 2->2
[2023-10-31T02:42:10.537+0000][7][gc,heap     ] GC(5) Humongous regions: 0->0
[2023-10-31T02:42:10.537+0000][7][gc,metaspace] GC(5) Metaspace: 18889K(19328K)->18889K(19328K) NonClass: 16592K(16832K)->16592K(16832K) Class: 2296K(2496K)->2296K(2496K)
[2023-10-31T02:42:10.537+0000][7][gc          ] GC(5) Pause Young (Normal) (G1 Evacuation Pause) 308M->19M(512M) 22.078ms
[2023-10-31T02:42:10.537+0000][7][gc,cpu      ] GC(5) User=0.04s Sys=0.01s Real=0.03s
[2023-10-31T02:42:10.537+0000][7][safepoint   ] Safepoint "G1CollectForAllocation", Time since last: 56772099 ns, Reaching safepoint: 120116 ns, At safepoint: 22230619 ns, Total: 22350735 ns
[2023-10-31T02:42:11.537+0000][7][safepoint   ] Safepoint "Cleanup", Time since last: 1000097060 ns, Reaching safepoint: 91777 ns, At safepoint: 4529 ns, Total: 96306 ns
[2023-10-31T02:42:11.728+0000][7][gc,start    ] GC(6) Pause Young (Normal) (G1 Evacuation Pause)
[2023-10-31T02:42:11.728+0000][7][gc,task     ] GC(6) Using 8 workers of 8 for evacuation
[2023-10-31T02:42:11.728+0000][7][gc,age      ] GC(6) Desired survivor size 20971520 bytes, new threshold 15 (max threshold 15)
[2023-10-31T02:42:11.739+0000][7][gc,age      ] GC(6) Age table with threshold 15 (max threshold 15)
[2023-10-31T02:42:11.739+0000][7][gc,age      ] GC(6) - age   1:    2486840 bytes,    2486840 total
[2023-10-31T02:42:11.739+0000][7][gc,age      ] GC(6) - age   2:     598368 bytes,    3085208 total
[2023-10-31T02:42:11.739+0000][7][gc,age      ] GC(6) - age   3:    3793800 bytes,    6879008 total
[2023-10-31T02:42:11.739+0000][7][gc,age      ] GC(6) - age   4:    3579392 bytes,   10458400 total
[2023-10-31T02:42:11.739+0000][7][gc,age      ] GC(6) - age   5:    1279040 bytes,   11737440 total
[2023-10-31T02:42:11.739+0000][7][gc,age      ] GC(6) - age   6:    2199512 bytes,   13936952 total
[2023-10-31T02:42:11.739+0000][7][gc,phases   ] GC(6)   Pre Evacuate Collection Set: 0.1ms
[2023-10-31T02:42:11.739+0000][7][gc,phases   ] GC(6)   Merge Heap Roots: 0.1ms
[2023-10-31T02:42:11.739+0000][7][gc,phases   ] GC(6)   Evacuate Collection Set: 9.8ms
[2023-10-31T02:42:11.739+0000][7][gc,phases   ] GC(6)   Post Evacuate Collection Set: 0.8ms
[2023-10-31T02:42:11.739+0000][7][gc,phases   ] GC(6)   Other: 0.3ms
[2023-10-31T02:42:11.739+0000][7][gc,heap     ] GC(6) Eden regions: 73->0(72)
[2023-10-31T02:42:11.739+0000][7][gc,heap     ] GC(6) Survivor regions: 3->4(10)
[2023-10-31T02:42:11.739+0000][7][gc,heap     ] GC(6) Old regions: 1->1
[2023-10-31T02:42:11.739+0000][7][gc,heap     ] GC(6) Archive regions: 2->2
[2023-10-31T02:42:11.739+0000][7][gc,heap     ] GC(6) Humongous regions: 0->0
[2023-10-31T02:42:11.739+0000][7][gc,metaspace] GC(6) Metaspace: 19915K(20416K)->19915K(20416K) NonClass: 17480K(17792K)->17480K(17792K) Class: 2435K(2624K)->2435K(2624K)
[2023-10-31T02:42:11.739+0000][7][gc          ] GC(6) Pause Young (Normal) (G1 Evacuation Pause) 311M->22M(512M) 11.079ms
[2023-10-31T02:42:11.739+0000][7][gc,cpu      ] GC(6) User=0.03s Sys=0.00s Real=0.01s
[2023-10-31T02:42:11.739+0000][7][safepoint   ] Safepoint "G1CollectForAllocation", Time since last: 190345755 ns, Reaching safepoint: 68350 ns, At safepoint: 11165933 ns, Total: 11234283 ns
[2023-10-31T02:42:12.539+0000][7][gc,start    ] GC(7) Pause Young (Normal) (G1 Evacuation Pause)
[2023-10-31T02:42:12.539+0000][7][gc,task     ] GC(7) Using 8 workers of 8 for evacuation
[2023-10-31T02:42:12.539+0000][7][gc,age      ] GC(7) Desired survivor size 20971520 bytes, new threshold 15 (max threshold 15)
[2023-10-31T02:42:12.552+0000][7][gc,age      ] GC(7) Age table with threshold 15 (max threshold 15)
[2023-10-31T02:42:12.552+0000][7][gc,age      ] GC(7) - age   1:    1528280 bytes,    1528280 total
[2023-10-31T02:42:12.552+0000][7][gc,age      ] GC(7) - age   2:    1731304 bytes,    3259584 total
[2023-10-31T02:42:12.552+0000][7][gc,age      ] GC(7) - age   3:     596288 bytes,    3855872 total
[2023-10-31T02:42:12.552+0000][7][gc,age      ] GC(7) - age   4:    3793736 bytes,    7649608 total
[2023-10-31T02:42:12.553+0000][7][gc,age      ] GC(7) - age   5:    3577968 bytes,   11227576 total
[2023-10-31T02:42:12.553+0000][7][gc,age      ] GC(7) - age   6:    1279040 bytes,   12506616 total
[2023-10-31T02:42:12.553+0000][7][gc,age      ] GC(7) - age   7:    2199176 bytes,   14705792 total
[2023-10-31T02:42:12.553+0000][7][gc,phases   ] GC(7)   Pre Evacuate Collection Set: 0.0ms
[2023-10-31T02:42:12.553+0000][7][gc,phases   ] GC(7)   Merge Heap Roots: 0.0ms
[2023-10-31T02:42:12.553+0000][7][gc,phases   ] GC(7)   Evacuate Collection Set: 11.5ms
[2023-10-31T02:42:12.553+0000][7][gc,phases   ] GC(7)   Post Evacuate Collection Set: 1.7ms
[2023-10-31T02:42:12.553+0000][7][gc,phases   ] GC(7)   Other: 0.3ms
[2023-10-31T02:42:12.553+0000][7][gc,heap     ] GC(7) Eden regions: 72->0(72)
[2023-10-31T02:42:12.553+0000][7][gc,heap     ] GC(7) Survivor regions: 4->4(10)
[2023-10-31T02:42:12.553+0000][7][gc,heap     ] GC(7) Old regions: 1->1
[2023-10-31T02:42:12.553+0000][7][gc,heap     ] GC(7) Archive regions: 2->2
[2023-10-31T02:42:12.553+0000][7][gc,heap     ] GC(7) Humongous regions: 0->0
[2023-10-31T02:42:12.553+0000][7][gc,metaspace] GC(7) Metaspace: 20247K(20736K)->20247K(20736K) NonClass: 17761K(18048K)->17761K(18048K) Class: 2485K(2688K)->2485K(2688K)
[2023-10-31T02:42:12.553+0000][7][gc          ] GC(7) Pause Young (Normal) (G1 Evacuation Pause) 310M->23M(512M) 13.742ms
[2023-10-31T02:42:12.553+0000][7][gc,cpu      ] GC(7) User=0.04s Sys=0.00s Real=0.01s
[2023-10-31T02:42:12.553+0000][7][safepoint   ] Safepoint "G1CollectForAllocation", Time since last: 799836887 ns, Reaching safepoint: 70392 ns, At safepoint: 13833133 ns, Total: 13903525 ns
[2023-10-31T02:42:13.554+0000][7][safepoint   ] Safepoint "Cleanup", Time since last: 1001470693 ns, Reaching safepoint: 154691 ns, At safepoint: 6170 ns, Total: 160861 ns
[2023-10-31T02:42:13.931+0000][7][gc,start    ] GC(8) Pause Young (Concurrent Start) (Metadata GC Threshold)
[2023-10-31T02:42:13.932+0000][7][gc,task     ] GC(8) Using 8 workers of 8 for evacuation
[2023-10-31T02:42:13.932+0000][7][gc,age      ] GC(8) Desired survivor size 20971520 bytes, new threshold 15 (max threshold 15)
[2023-10-31T02:42:13.957+0000][7][gc,age      ] GC(8) Age table with threshold 15 (max threshold 15)
[2023-10-31T02:42:13.957+0000][7][gc,age      ] GC(8) - age   1:     878384 bytes,     878384 total
[2023-10-31T02:42:13.957+0000][7][gc,age      ] GC(8) - age   2:     762584 bytes,    1640968 total
[2023-10-31T02:42:13.957+0000][7][gc,age      ] GC(8) - age   3:    1721528 bytes,    3362496 total
[2023-10-31T02:42:13.957+0000][7][gc,age      ] GC(8) - age   4:     587160 bytes,    3949656 total
[2023-10-31T02:42:13.957+0000][7][gc,age      ] GC(8) - age   5:    3783424 bytes,    7733080 total
[2023-10-31T02:42:13.957+0000][7][gc,age      ] GC(8) - age   6:    3569368 bytes,   11302448 total
[2023-10-31T02:42:13.957+0000][7][gc,age      ] GC(8) - age   7:    1235320 bytes,   12537768 total
[2023-10-31T02:42:13.957+0000][7][gc,age      ] GC(8) - age   8:    2199000 bytes,   14736768 total
[2023-10-31T02:42:13.958+0000][7][gc,phases   ] GC(8)   Pre Evacuate Collection Set: 0.1ms
[2023-10-31T02:42:13.958+0000][7][gc,phases   ] GC(8)   Merge Heap Roots: 0.0ms
[2023-10-31T02:42:13.958+0000][7][gc,phases   ] GC(8)   Evacuate Collection Set: 23.4ms
[2023-10-31T02:42:13.958+0000][7][gc,phases   ] GC(8)   Post Evacuate Collection Set: 1.8ms
[2023-10-31T02:42:13.958+0000][7][gc,phases   ] GC(8)   Other: 0.8ms
[2023-10-31T02:42:13.958+0000][7][gc,heap     ] GC(8) Eden regions: 66->0(72)
[2023-10-31T02:42:13.958+0000][7][gc,heap     ] GC(8) Survivor regions: 4->4(10)
[2023-10-31T02:42:13.958+0000][7][gc,heap     ] GC(8) Old regions: 1->1
[2023-10-31T02:42:13.958+0000][7][gc,heap     ] GC(8) Archive regions: 2->2
[2023-10-31T02:42:13.958+0000][7][gc,heap     ] GC(8) Humongous regions: 0->0
[2023-10-31T02:42:13.958+0000][7][gc,metaspace] GC(8) Metaspace: 20988K(21504K)->20988K(21504K) NonClass: 18381K(18688K)->18381K(18688K) Class: 2606K(2816K)->2606K(2816K)
[2023-10-31T02:42:13.958+0000][7][gc          ] GC(8) Pause Young (Concurrent Start) (Metadata GC Threshold) 287M->23M(512M) 26.269ms
[2023-10-31T02:42:13.958+0000][7][gc,cpu      ] GC(8) User=0.05s Sys=0.00s Real=0.03s
[2023-10-31T02:42:13.958+0000][7][safepoint   ] Safepoint "CollectForMetadataAllocation", Time since last: 376822431 ns, Reaching safepoint: 72290 ns, At safepoint: 26445546 ns, Total: 26517836 ns
[2023-10-31T02:42:13.958+0000][7][gc          ] GC(9) Concurrent Mark Cycle
[2023-10-31T02:42:13.958+0000][7][gc,marking  ] GC(9) Concurrent Clear Claimed Marks
[2023-10-31T02:42:13.958+0000][7][gc,marking  ] GC(9) Concurrent Clear Claimed Marks 0.042ms
[2023-10-31T02:42:13.958+0000][7][gc,marking  ] GC(9) Concurrent Scan Root Regions
[2023-10-31T02:42:13.965+0000][7][gc,marking  ] GC(9) Concurrent Scan Root Regions 7.387ms
[2023-10-31T02:42:13.965+0000][7][gc,marking  ] GC(9) Concurrent Mark
[2023-10-31T02:42:13.965+0000][7][gc,marking  ] GC(9) Concurrent Mark From Roots
[2023-10-31T02:42:13.965+0000][7][gc,task     ] GC(9) Using 2 workers of 2 for marking
[2023-10-31T02:42:13.974+0000][7][gc,marking  ] GC(9) Concurrent Mark From Roots 8.509ms
[2023-10-31T02:42:13.974+0000][7][gc,marking  ] GC(9) Concurrent Preclean
[2023-10-31T02:42:13.974+0000][7][gc,marking  ] GC(9) Concurrent Preclean 0.122ms
[2023-10-31T02:42:13.974+0000][7][gc,start    ] GC(9) Pause Remark
[2023-10-31T02:42:13.985+0000][7][gc          ] GC(9) Pause Remark 25M->25M(512M) 10.913ms
[2023-10-31T02:42:13.985+0000][7][gc,cpu      ] GC(9) User=0.01s Sys=0.00s Real=0.01s
[2023-10-31T02:42:13.985+0000][7][safepoint   ] Safepoint "G1Concurrent", Time since last: 16258957 ns, Reaching safepoint: 47430 ns, At safepoint: 11072591 ns, Total: 11120021 ns
[2023-10-31T02:42:13.985+0000][7][gc,marking  ] GC(9) Concurrent Mark 19.860ms
[2023-10-31T02:42:13.985+0000][7][gc,marking  ] GC(9) Concurrent Rebuild Remembered Sets
[2023-10-31T02:42:13.985+0000][7][gc,marking  ] GC(9) Concurrent Rebuild Remembered Sets 0.007ms
[2023-10-31T02:42:13.985+0000][7][gc,start    ] GC(9) Pause Cleanup
[2023-10-31T02:42:13.985+0000][7][gc          ] GC(9) Pause Cleanup 25M->25M(512M) 0.022ms
[2023-10-31T02:42:13.986+0000][7][gc,cpu      ] GC(9) User=0.00s Sys=0.00s Real=0.00s
[2023-10-31T02:42:13.986+0000][7][safepoint   ] Safepoint "G1Concurrent", Time since last: 62840 ns, Reaching safepoint: 252186 ns, At safepoint: 754406 ns, Total: 1006592 ns
[2023-10-31T02:42:13.986+0000][7][gc,marking  ] GC(9) Concurrent Cleanup for Next Mark
[2023-10-31T02:42:13.987+0000][7][gc,marking  ] GC(9) Concurrent Cleanup for Next Mark 1.185ms
[2023-10-31T02:42:13.988+0000][7][gc          ] GC(9) Concurrent Mark Cycle 29.712ms
[2023-10-31T02:42:14.986+0000][7][safepoint   ] Safepoint "Cleanup", Time since last: 1000093648 ns, Reaching safepoint: 163892 ns, At safepoint: 8654 ns, Total: 172546 ns
[2023-10-31T02:42:15.460+0000][7][safepoint   ] Safepoint "ICBufferFull", Time since last: 472955265 ns, Reaching safepoint: 52174 ns, At safepoint: 3324 ns, Total: 55498 ns
[2023-10-31T02:42:15.460+0000][7][safepoint   ] Safepoint "ICBufferFull", Time since last: 665109 ns, Reaching safepoint: 21248 ns, At safepoint: 2017 ns, Total: 23265 ns
[2023-10-31T02:42:15.461+0000][7][safepoint   ] Safepoint "ICBufferFull", Time since last: 577720 ns, Reaching safepoint: 30665 ns, At safepoint: 2106 ns, Total: 32771 ns
[2023-10-31T02:42:15.631+0000][7][safepoint   ] Safepoint "ICBufferFull", Time since last: 170032285 ns, Reaching safepoint: 43761 ns, At safepoint: 4639 ns, Total: 48400 ns
[2023-10-31T02:42:15.632+0000][7][safepoint   ] Safepoint "ICBufferFull", Time since last: 662974 ns, Reaching safepoint: 33044 ns, At safepoint: 1772 ns, Total: 34816 ns
[2023-10-31T02:42:15.722+0000][7][safepoint   ] Safepoint "ICBufferFull", Time since last: 90306360 ns, Reaching safepoint: 32536 ns, At safepoint: 3788 ns, Total: 36324 ns
[2023-10-31T02:42:15.735+0000][7][safepoint   ] Safepoint "ICBufferFull", Time since last: 13267585 ns, Reaching safepoint: 40602 ns, At safepoint: 3158 ns, Total: 43760 ns
[2023-10-31T02:42:15.753+0000][7][safepoint   ] Safepoint "ICBufferFull", Time since last: 17380578 ns, Reaching safepoint: 26684 ns, At safepoint: 3665 ns, Total: 30349 ns
[2023-10-31T02:42:16.753+0000][7][safepoint   ] Safepoint "Cleanup", Time since last: 1000127150 ns, Reaching safepoint: 236180 ns, At safepoint: 5013 ns, Total: 241193 ns
[2023-10-31T02:42:18.077+0000][7][safepoint   ] Safepoint "Cleanup", Time since last: 1323502541 ns, Reaching safepoint: 206425 ns, At safepoint: 8611 ns, Total: 215036 ns
[2023-10-31T02:42:19.078+0000][7][safepoint   ] Safepoint "Cleanup", Time since last: 1000687594 ns, Reaching safepoint: 136594 ns, At safepoint: 7532 ns, Total: 144126 ns
[2023-10-31T02:42:20.078+0000][7][safepoint   ] Safepoint "Cleanup", Time since last: 1000160622 ns, Reaching safepoint: 222171 ns, At safepoint: 13885 ns, Total: 236056 ns
[2023-10-31T02:42:21.554+0000][7][gc,start    ] GC(10) Pause Young (Concurrent Start) (Metadata GC Threshold)
[2023-10-31T02:42:21.554+0000][7][gc,task     ] GC(10) Using 8 workers of 8 for evacuation
[2023-10-31T02:42:21.554+0000][7][gc,age      ] GC(10) Desired survivor size 20971520 bytes, new threshold 15 (max threshold 15)
[2023-10-31T02:42:21.579+0000][7][gc,age      ] GC(10) Age table with threshold 15 (max threshold 15)
[2023-10-31T02:42:21.579+0000][7][gc,age      ] GC(10) - age   1:   26859736 bytes,   26859736 total
[2023-10-31T02:42:21.579+0000][7][gc,age      ] GC(10) - age   2:     862008 bytes,   27721744 total
[2023-10-31T02:42:21.579+0000][7][gc,age      ] GC(10) - age   3:     754888 bytes,   28476632 total
[2023-10-31T02:42:21.579+0000][7][gc,age      ] GC(10) - age   4:    1701200 bytes,   30177832 total
[2023-10-31T02:42:21.579+0000][7][gc,age      ] GC(10) - age   5:     585560 bytes,   30763392 total
[2023-10-31T02:42:21.579+0000][7][gc,age      ] GC(10) - age   6:    3775696 bytes,   34539088 total
[2023-10-31T02:42:21.579+0000][7][gc,age      ] GC(10) - age   7:    3537600 bytes,   38076688 total
[2023-10-31T02:42:21.579+0000][7][gc,age      ] GC(10) - age   8:    1206168 bytes,   39282856 total
[2023-10-31T02:42:21.579+0000][7][gc,age      ] GC(10) - age   9:    2186256 bytes,   41469112 total
[2023-10-31T02:42:21.580+0000][7][gc,phases   ] GC(10)   Pre Evacuate Collection Set: 0.1ms
[2023-10-31T02:42:21.580+0000][7][gc,phases   ] GC(10)   Merge Heap Roots: 0.0ms
[2023-10-31T02:42:21.580+0000][7][gc,phases   ] GC(10)   Evacuate Collection Set: 23.7ms
[2023-10-31T02:42:21.580+0000][7][gc,phases   ] GC(10)   Post Evacuate Collection Set: 1.1ms
[2023-10-31T02:42:21.580+0000][7][gc,phases   ] GC(10)   Other: 0.2ms
[2023-10-31T02:42:21.580+0000][7][gc,heap     ] GC(10) Eden regions: 72->0(66)
[2023-10-31T02:42:21.580+0000][7][gc,heap     ] GC(10) Survivor regions: 4->10(10)
[2023-10-31T02:42:21.580+0000][7][gc,heap     ] GC(10) Old regions: 1->2
[2023-10-31T02:42:21.580+0000][7][gc,heap     ] GC(10) Archive regions: 2->2
[2023-10-31T02:42:21.580+0000][7][gc,heap     ] GC(10) Humongous regions: 0->0
[2023-10-31T02:42:21.580+0000][7][gc,metaspace] GC(10) Metaspace: 35095K(35968K)->35095K(35968K) NonClass: 30473K(30976K)->30473K(30976K) Class: 4622K(4992K)->4622K(4992K)
[2023-10-31T02:42:21.580+0000][7][gc          ] GC(10) Pause Young (Concurrent Start) (Metadata GC Threshold) 309M->48M(512M) 25.274ms
[2023-10-31T02:42:21.580+0000][7][gc,cpu      ] GC(10) User=0.14s Sys=0.00s Real=0.03s
[2023-10-31T02:42:21.580+0000][7][gc          ] GC(11) Concurrent Mark Cycle
[2023-10-31T02:42:21.580+0000][7][gc,marking  ] GC(11) Concurrent Clear Claimed Marks
[2023-10-31T02:42:21.580+0000][7][safepoint   ] Safepoint "CollectForMetadataAllocation", Time since last: 1476237327 ns, Reaching safepoint: 132232 ns, At safepoint: 25412129 ns, Total: 25544361 ns
[2023-10-31T02:42:21.580+0000][7][gc,marking  ] GC(11) Concurrent Clear Claimed Marks 0.051ms
[2023-10-31T02:42:21.580+0000][7][gc,marking  ] GC(11) Concurrent Scan Root Regions
[2023-10-31T02:42:21.600+0000][7][gc,marking  ] GC(11) Concurrent Scan Root Regions 19.943ms
[2023-10-31T02:42:21.600+0000][7][gc,marking  ] GC(11) Concurrent Mark
[2023-10-31T02:42:21.600+0000][7][gc,marking  ] GC(11) Concurrent Mark From Roots
[2023-10-31T02:42:21.600+0000][7][gc,task     ] GC(11) Using 2 workers of 2 for marking
[2023-10-31T02:42:21.604+0000][7][gc,marking  ] GC(11) Concurrent Mark From Roots 3.983ms
[2023-10-31T02:42:21.604+0000][7][gc,marking  ] GC(11) Concurrent Preclean
[2023-10-31T02:42:21.604+0000][7][gc,marking  ] GC(11) Concurrent Preclean 0.097ms
[2023-10-31T02:42:21.604+0000][7][gc,start    ] GC(11) Pause Remark
[2023-10-31T02:42:21.607+0000][7][gc          ] GC(11) Pause Remark 50M->50M(512M) 2.424ms
[2023-10-31T02:42:21.607+0000][7][gc,cpu      ] GC(11) User=0.01s Sys=0.00s Real=0.01s
[2023-10-31T02:42:21.607+0000][7][safepoint   ] Safepoint "G1Concurrent", Time since last: 24206179 ns, Reaching safepoint: 426774 ns, At safepoint: 2496634 ns, Total: 2923408 ns
[2023-10-31T02:42:21.607+0000][7][gc,marking  ] GC(11) Concurrent Mark 7.110ms
[2023-10-31T02:42:21.607+0000][7][gc,marking  ] GC(11) Concurrent Rebuild Remembered Sets
[2023-10-31T02:42:21.610+0000][7][gc,marking  ] GC(11) Concurrent Rebuild Remembered Sets 3.384ms
[2023-10-31T02:42:21.612+0000][7][gc,start    ] GC(11) Pause Cleanup
[2023-10-31T02:42:21.612+0000][7][gc          ] GC(11) Pause Cleanup 50M->50M(512M) 0.095ms
[2023-10-31T02:42:21.612+0000][7][gc,cpu      ] GC(11) User=0.00s Sys=0.00s Real=0.00s
[2023-10-31T02:42:21.612+0000][7][safepoint   ] Safepoint "G1Concurrent", Time since last: 3654099 ns, Reaching safepoint: 1065189 ns, At safepoint: 211162 ns, Total: 1276351 ns
[2023-10-31T02:42:21.612+0000][7][gc,marking  ] GC(11) Concurrent Cleanup for Next Mark
[2023-10-31T02:42:21.613+0000][7][gc,marking  ] GC(11) Concurrent Cleanup for Next Mark 0.824ms
[2023-10-31T02:42:21.613+0000][7][gc          ] GC(11) Concurrent Mark Cycle 33.293ms
[2023-10-31T02:42:22.612+0000][7][safepoint   ] Safepoint "Cleanup", Time since last: 1000105505 ns, Reaching safepoint: 149991 ns, At safepoint: 4295 ns, Total: 154286 ns
[2023-10-31T02:42:23.768+0000][7][safepoint   ] Safepoint "Cleanup", Time since last: 1155441345 ns, Reaching safepoint: 140913 ns, At safepoint: 5945 ns, Total: 146858 ns
[2023-10-31T02:42:24.771+0000][7][safepoint   ] Safepoint "Cleanup", Time since last: 1002637768 ns, Reaching safepoint: 348979 ns, At safepoint: 7947 ns, Total: 356926 ns
[2023-10-31T02:42:26.266+0000][7][safepoint   ] Safepoint "Cleanup", Time since last: 1495565759 ns, Reaching safepoint: 220483 ns, At safepoint: 7094 ns, Total: 227577 ns
[2023-10-31T02:42:26.671+0000][7][gc,start    ] GC(12) Pause Young (Normal) (G1 Evacuation Pause)
[2023-10-31T02:42:26.671+0000][7][gc,task     ] GC(12) Using 8 workers of 8 for evacuation
[2023-10-31T02:42:26.671+0000][7][gc,age      ] GC(12) Desired survivor size 20971520 bytes, new threshold 1 (max threshold 15)
[2023-10-31T02:42:26.843+0000][7][gc,age      ] GC(12) Age table with threshold 1 (max threshold 15)
[2023-10-31T02:42:26.844+0000][7][gc,age      ] GC(12) - age   1:    6007984 bytes,    6007984 total
[2023-10-31T02:42:26.844+0000][7][gc,phases   ] GC(12)   Pre Evacuate Collection Set: 0.1ms
[2023-10-31T02:42:26.844+0000][7][gc,phases   ] GC(12)   Merge Heap Roots: 0.1ms
[2023-10-31T02:42:26.844+0000][7][gc,phases   ] GC(12)   Evacuate Collection Set: 168.7ms
[2023-10-31T02:42:26.844+0000][7][gc,phases   ] GC(12)   Post Evacuate Collection Set: 3.1ms
[2023-10-31T02:42:26.844+0000][7][gc,phases   ] GC(12)   Other: 0.9ms
[2023-10-31T02:42:26.845+0000][7][gc,heap     ] GC(12) Eden regions: 66->0(73)
[2023-10-31T02:42:26.845+0000][7][gc,heap     ] GC(12) Survivor regions: 10->3(10)
[2023-10-31T02:42:26.845+0000][7][gc,heap     ] GC(12) Old regions: 2->11
[2023-10-31T02:42:26.845+0000][7][gc,heap     ] GC(12) Archive regions: 2->2
[2023-10-31T02:42:26.845+0000][7][gc,heap     ] GC(12) Humongous regions: 0->0
[2023-10-31T02:42:26.845+0000][7][gc,metaspace] GC(12) Metaspace: 51533K(52672K)->51533K(52672K) NonClass: 44554K(45248K)->44554K(45248K) Class: 6978K(7424K)->6978K(7424K)
[2023-10-31T02:42:26.846+0000][7][gc          ] GC(12) Pause Young (Normal) (G1 Evacuation Pause) 312M->57M(512M) 174.490ms
[2023-10-31T02:42:26.846+0000][7][gc,cpu      ] GC(12) User=0.34s Sys=0.03s Real=0.17s
[2023-10-31T02:42:26.846+0000][7][safepoint   ] Safepoint "G1CollectForAllocation", Time since last: 404350588 ns, Reaching safepoint: 63292 ns, At safepoint: 175142191 ns, Total: 175205483 ns
[2023-10-31T02:42:27.847+0000][7][safepoint   ] Safepoint "Cleanup", Time since last: 1000251663 ns, Reaching safepoint: 819003 ns, At safepoint: 10125 ns, Total: 829128 ns
[2023-10-31T02:42:29.289+0000][7][safepoint   ] Safepoint "Cleanup", Time since last: 1441304236 ns, Reaching safepoint: 286824 ns, At safepoint: 5949 ns, Total: 292773 ns
[2023-10-31T02:42:30.293+0000][7][safepoint   ] Safepoint "Cleanup", Time since last: 1003956735 ns, Reaching safepoint: 192731 ns, At safepoint: 8555 ns, Total: 201286 ns
[2023-10-31T02:42:30.309+0000][7][gc,start    ] GC(13) Pause Young (Concurrent Start) (Metadata GC Threshold)
[2023-10-31T02:42:30.309+0000][7][gc,task     ] GC(13) Using 8 workers of 8 for evacuation
[2023-10-31T02:42:30.310+0000][7][gc,age      ] GC(13) Desired survivor size 20971520 bytes, new threshold 15 (max threshold 15)
[2023-10-31T02:42:30.324+0000][7][gc,age      ] GC(13) Age table with threshold 15 (max threshold 15)
[2023-10-31T02:42:30.324+0000][7][gc,age      ] GC(13) - age   1:    4702472 bytes,    4702472 total
[2023-10-31T02:42:30.324+0000][7][gc,age      ] GC(13) - age   2:    5825360 bytes,   10527832 total
[2023-10-31T02:42:30.324+0000][7][gc,phases   ] GC(13)   Pre Evacuate Collection Set: 0.1ms
[2023-10-31T02:42:30.324+0000][7][gc,phases   ] GC(13)   Merge Heap Roots: 0.1ms
[2023-10-31T02:42:30.324+0000][7][gc,phases   ] GC(13)   Evacuate Collection Set: 12.5ms
[2023-10-31T02:42:30.324+0000][7][gc,phases   ] GC(13)   Post Evacuate Collection Set: 1.5ms
[2023-10-31T02:42:30.324+0000][7][gc,phases   ] GC(13)   Other: 0.4ms
[2023-10-31T02:42:30.324+0000][7][gc,heap     ] GC(13) Eden regions: 45->0(73)
[2023-10-31T02:42:30.324+0000][7][gc,heap     ] GC(13) Survivor regions: 3->3(10)
[2023-10-31T02:42:30.324+0000][7][gc,heap     ] GC(13) Old regions: 11->11
[2023-10-31T02:42:30.324+0000][7][gc,heap     ] GC(13) Archive regions: 2->2
[2023-10-31T02:42:30.324+0000][7][gc,heap     ] GC(13) Humongous regions: 0->0
[2023-10-31T02:42:30.324+0000][7][gc,metaspace] GC(13) Metaspace: 58990K(60160K)->58990K(60160K) NonClass: 50974K(51712K)->50974K(51712K) Class: 8016K(8448K)->8016K(8448K)
[2023-10-31T02:42:30.324+0000][7][gc          ] GC(13) Pause Young (Concurrent Start) (Metadata GC Threshold) 237M->59M(512M) 14.659ms
[2023-10-31T02:42:30.324+0000][7][gc,cpu      ] GC(13) User=0.06s Sys=0.00s Real=0.01s
[2023-10-31T02:42:30.324+0000][7][safepoint   ] Safepoint "CollectForMetadataAllocation", Time since last: 16342477 ns, Reaching safepoint: 48878 ns, At safepoint: 14776885 ns, Total: 14825763 ns
[2023-10-31T02:42:30.324+0000][7][gc          ] GC(14) Concurrent Mark Cycle
[2023-10-31T02:42:30.324+0000][7][gc,marking  ] GC(14) Concurrent Clear Claimed Marks
[2023-10-31T02:42:30.324+0000][7][gc,marking  ] GC(14) Concurrent Clear Claimed Marks 0.056ms
[2023-10-31T02:42:30.324+0000][7][gc,marking  ] GC(14) Concurrent Scan Root Regions
[2023-10-31T02:42:30.337+0000][7][gc,marking  ] GC(14) Concurrent Scan Root Regions 12.814ms
[2023-10-31T02:42:30.337+0000][7][gc,marking  ] GC(14) Concurrent Mark
[2023-10-31T02:42:30.337+0000][7][gc,marking  ] GC(14) Concurrent Mark From Roots
[2023-10-31T02:42:30.337+0000][7][gc,task     ] GC(14) Using 2 workers of 2 for marking
[2023-10-31T02:42:30.437+0000][7][gc,marking  ] GC(14) Concurrent Mark From Roots 100.450ms
[2023-10-31T02:42:30.438+0000][7][gc,marking  ] GC(14) Concurrent Preclean
[2023-10-31T02:42:30.438+0000][7][gc,marking  ] GC(14) Concurrent Preclean 0.660ms
[2023-10-31T02:42:30.439+0000][7][gc,start    ] GC(14) Pause Remark
[2023-10-31T02:42:30.446+0000][7][gc          ] GC(14) Pause Remark 75M->75M(512M) 7.813ms
[2023-10-31T02:42:30.447+0000][7][gc,cpu      ] GC(14) User=0.02s Sys=0.00s Real=0.01s
[2023-10-31T02:42:30.447+0000][7][safepoint   ] Safepoint "G1Concurrent", Time since last: 114564951 ns, Reaching safepoint: 102418 ns, At safepoint: 7884585 ns, Total: 7987003 ns
[2023-10-31T02:42:30.447+0000][7][gc,marking  ] GC(14) Concurrent Mark 109.625ms
[2023-10-31T02:42:30.447+0000][7][gc,marking  ] GC(14) Concurrent Rebuild Remembered Sets
[2023-10-31T02:42:30.447+0000][7][gc,marking  ] GC(14) Concurrent Rebuild Remembered Sets 0.010ms
[2023-10-31T02:42:30.447+0000][7][gc,start    ] GC(14) Pause Cleanup
[2023-10-31T02:42:30.447+0000][7][gc          ] GC(14) Pause Cleanup 75M->75M(512M) 0.022ms
[2023-10-31T02:42:30.447+0000][7][gc,cpu      ] GC(14) User=0.00s Sys=0.00s Real=0.00s
[2023-10-31T02:42:30.447+0000][7][safepoint   ] Safepoint "G1Concurrent", Time since last: 95165 ns, Reaching safepoint: 101617 ns, At safepoint: 52591 ns, Total: 154208 ns
[2023-10-31T02:42:30.447+0000][7][gc,marking  ] GC(14) Concurrent Cleanup for Next Mark
[2023-10-31T02:42:30.448+0000][7][gc,marking  ] GC(14) Concurrent Cleanup for Next Mark 0.704ms
[2023-10-31T02:42:30.448+0000][7][gc          ] GC(14) Concurrent Mark Cycle 123.567ms
[2023-10-31T02:42:31.687+0000][7][safepoint   ] Safepoint "Cleanup", Time since last: 1238597114 ns, Reaching safepoint: 1429465 ns, At safepoint: 15939 ns, Total: 1445404 ns
[2023-10-31T02:42:32.687+0000][7][safepoint   ] Safepoint "Cleanup", Time since last: 1000135354 ns, Reaching safepoint: 59970 ns, At safepoint: 7811 ns, Total: 67781 ns
[2023-10-31T02:42:33.687+0000][7][safepoint   ] Safepoint "Cleanup", Time since last: 1000128178 ns, Reaching safepoint: 201417 ns, At safepoint: 4466 ns, Total: 205883 ns
[2023-10-31T02:42:34.977+0000][7][safepoint   ] Safepoint "Cleanup", Time since last: 1289768143 ns, Reaching safepoint: 218901 ns, At safepoint: 5657 ns, Total: 224558 ns
[2023-10-31T02:42:35.978+0000][7][safepoint   ] Safepoint "Cleanup", Time since last: 1000496390 ns, Reaching safepoint: 90341 ns, At safepoint: 4214 ns, Total: 94555 ns
[2023-10-31T02:42:36.839+0000][7][safepoint   ] Safepoint "ICBufferFull", Time since last: 860836100 ns, Reaching safepoint: 158702 ns, At safepoint: 3191 ns, Total: 161893 ns
[2023-10-31T02:42:37.367+0000][7][safepoint   ] Safepoint "ICBufferFull", Time since last: 527865911 ns, Reaching safepoint: 156394 ns, At safepoint: 7085 ns, Total: 163479 ns
[2023-10-31T02:42:38.355+0000][7][safepoint   ] Safepoint "ICBufferFull", Time since last: 988028914 ns, Reaching safepoint: 173002 ns, At safepoint: 6063 ns, Total: 179065 ns
[2023-10-31T02:42:38.500+0000][7][gc,start    ] GC(15) Pause Young (Normal) (G1 Evacuation Pause)
[2023-10-31T02:42:38.500+0000][7][gc,task     ] GC(15) Using 8 workers of 8 for evacuation
[2023-10-31T02:42:38.500+0000][7][gc,age      ] GC(15) Desired survivor size 20971520 bytes, new threshold 15 (max threshold 15)
[2023-10-31T02:42:38.539+0000][7][gc,age      ] GC(15) Age table with threshold 15 (max threshold 15)
[2023-10-31T02:42:38.539+0000][7][gc,age      ] GC(15) - age   1:   13334248 bytes,   13334248 total
[2023-10-31T02:42:38.539+0000][7][gc,age      ] GC(15) - age   2:    4544640 bytes,   17878888 total
[2023-10-31T02:42:38.539+0000][7][gc,age      ] GC(15) - age   3:    5763016 bytes,   23641904 total
[2023-10-31T02:42:38.539+0000][7][gc,phases   ] GC(15)   Pre Evacuate Collection Set: 0.1ms
[2023-10-31T02:42:38.539+0000][7][gc,phases   ] GC(15)   Merge Heap Roots: 0.2ms
[2023-10-31T02:42:38.539+0000][7][gc,phases   ] GC(15)   Evacuate Collection Set: 36.8ms
[2023-10-31T02:42:38.539+0000][7][gc,phases   ] GC(15)   Post Evacuate Collection Set: 2.0ms
[2023-10-31T02:42:38.539+0000][7][gc,phases   ] GC(15)   Other: 0.4ms
[2023-10-31T02:42:38.539+0000][7][gc,heap     ] GC(15) Eden regions: 73->0(70)
[2023-10-31T02:42:38.539+0000][7][gc,heap     ] GC(15) Survivor regions: 3->6(10)
[2023-10-31T02:42:38.539+0000][7][gc,heap     ] GC(15) Old regions: 11->11
[2023-10-31T02:42:38.539+0000][7][gc,heap     ] GC(15) Archive regions: 2->2
[2023-10-31T02:42:38.539+0000][7][gc,heap     ] GC(15) Humongous regions: 0->0
[2023-10-31T02:42:38.539+0000][7][gc,metaspace] GC(15) Metaspace: 91720K(93120K)->91720K(93120K) NonClass: 78910K(79744K)->78910K(79744K) Class: 12809K(13376K)->12809K(13376K)
[2023-10-31T02:42:38.539+0000][7][gc          ] GC(15) Pause Young (Normal) (G1 Evacuation Pause) 351M->71M(512M) 39.532ms
[2023-10-31T02:42:38.539+0000][7][gc,cpu      ] GC(15) User=0.10s Sys=0.00s Real=0.04s
[2023-10-31T02:42:38.539+0000][7][safepoint   ] Safepoint "G1CollectForAllocation", Time since last: 144385760 ns, Reaching safepoint: 79878 ns, At safepoint: 39625767 ns, Total: 39705645 ns
[2023-10-31T02:42:39.681+0000][7][safepoint   ] Safepoint "ICBufferFull", Time since last: 1141856457 ns, Reaching safepoint: 175681 ns, At safepoint: 8147 ns, Total: 183828 ns
[2023-10-31T02:42:40.658+0000][7][safepoint   ] Safepoint "ICBufferFull", Time since last: 972571908 ns, Reaching safepoint: 4428498 ns, At safepoint: 23989 ns, Total: 4452487 ns
[2023-10-31T02:42:41.010+0000][7][gc,start    ] GC(16) Pause Young (Concurrent Start) (Metadata GC Threshold)
[2023-10-31T02:42:41.010+0000][7][gc,task     ] GC(16) Using 8 workers of 8 for evacuation
[2023-10-31T02:42:41.010+0000][7][gc,age      ] GC(16) Desired survivor size 20971520 bytes, new threshold 3 (max threshold 15)
[2023-10-31T02:42:41.068+0000][7][gc,age      ] GC(16) Age table with threshold 3 (max threshold 15)
[2023-10-31T02:42:41.069+0000][7][gc,age      ] GC(16) - age   1:    9136152 bytes,    9136152 total
[2023-10-31T02:42:41.069+0000][7][gc,age      ] GC(16) - age   2:   12810784 bytes,   21946936 total
[2023-10-31T02:42:41.069+0000][7][gc,age      ] GC(16) - age   3:    4537160 bytes,   26484096 total
[2023-10-31T02:42:41.069+0000][7][gc,phases   ] GC(16)   Pre Evacuate Collection Set: 0.2ms
[2023-10-31T02:42:41.069+0000][7][gc,phases   ] GC(16)   Merge Heap Roots: 0.2ms
[2023-10-31T02:42:41.069+0000][7][gc,phases   ] GC(16)   Evacuate Collection Set: 55.8ms
[2023-10-31T02:42:41.069+0000][7][gc,phases   ] GC(16)   Post Evacuate Collection Set: 2.1ms
[2023-10-31T02:42:41.069+0000][7][gc,phases   ] GC(16)   Other: 1.3ms
[2023-10-31T02:42:41.070+0000][7][gc,heap     ] GC(16) Eden regions: 31->0(69)
[2023-10-31T02:42:41.070+0000][7][gc,heap     ] GC(16) Survivor regions: 6->7(10)
[2023-10-31T02:42:41.070+0000][7][gc,heap     ] GC(16) Old regions: 11->13
[2023-10-31T02:42:41.070+0000][7][gc,heap     ] GC(16) Archive regions: 2->2
[2023-10-31T02:42:41.070+0000][7][gc,heap     ] GC(16) Humongous regions: 5->5
[2023-10-31T02:42:41.070+0000][7][gc,metaspace] GC(16) Metaspace: 99028K(100416K)->99028K(100416K) NonClass: 85124K(85952K)->85124K(85952K) Class: 13904K(14464K)->13904K(14464K)
[2023-10-31T02:42:41.070+0000][7][gc          ] GC(16) Pause Young (Concurrent Start) (Metadata GC Threshold) 211M->100M(512M) 60.225ms
[2023-10-31T02:42:41.070+0000][7][gc,cpu      ] GC(16) User=0.14s Sys=0.00s Real=0.06s
[2023-10-31T02:42:41.070+0000][7][safepoint   ] Safepoint "CollectForMetadataAllocation", Time since last: 351083714 ns, Reaching safepoint: 83143 ns, At safepoint: 60403715 ns, Total: 60486858 ns
[2023-10-31T02:42:41.070+0000][7][gc          ] GC(17) Concurrent Mark Cycle
[2023-10-31T02:42:41.071+0000][7][gc,marking  ] GC(17) Concurrent Clear Claimed Marks
[2023-10-31T02:42:41.071+0000][7][gc,marking  ] GC(17) Concurrent Clear Claimed Marks 0.295ms
[2023-10-31T02:42:41.073+0000][7][gc,marking  ] GC(17) Concurrent Scan Root Regions
[2023-10-31T02:42:41.133+0000][7][gc,marking  ] GC(17) Concurrent Scan Root Regions 59.303ms
[2023-10-31T02:42:41.146+0000][7][gc,marking  ] GC(17) Concurrent Mark
[2023-10-31T02:42:41.147+0000][7][gc,marking  ] GC(17) Concurrent Mark From Roots
[2023-10-31T02:42:41.147+0000][7][gc,task     ] GC(17) Using 2 workers of 2 for marking
[2023-10-31T02:42:41.261+0000][7][safepoint   ] Safepoint "CollectForMetadataAllocation", Time since last: 176626254 ns, Reaching safepoint: 14547426 ns, At safepoint: 89345 ns, Total: 14636771 ns
[2023-10-31T02:42:41.267+0000][7][safepoint   ] Safepoint "CollectForMetadataAllocation", Time since last: 5190162 ns, Reaching safepoint: 705641 ns, At safepoint: 12049 ns, Total: 717690 ns
[2023-10-31T02:42:41.286+0000][7][gc,marking  ] GC(17) Concurrent Mark From Roots 138.967ms
[2023-10-31T02:42:41.286+0000][7][gc,marking  ] GC(17) Concurrent Preclean
[2023-10-31T02:42:41.287+0000][7][gc,marking  ] GC(17) Concurrent Preclean 0.689ms
[2023-10-31T02:42:41.288+0000][7][gc,start    ] GC(17) Pause Remark
[2023-10-31T02:42:41.304+0000][7][gc          ] GC(17) Pause Remark 108M->108M(512M) 16.122ms
[2023-10-31T02:42:41.304+0000][7][gc,cpu      ] GC(17) User=0.02s Sys=0.00s Real=0.01s
[2023-10-31T02:42:41.305+0000][7][safepoint   ] Safepoint "G1Concurrent", Time since last: 20037526 ns, Reaching safepoint: 938822 ns, At safepoint: 16604806 ns, Total: 17543628 ns
[2023-10-31T02:42:41.305+0000][7][gc,marking  ] GC(17) Concurrent Mark 158.449ms
[2023-10-31T02:42:41.305+0000][7][gc,marking  ] GC(17) Concurrent Rebuild Remembered Sets
[2023-10-31T02:42:41.357+0000][7][gc,marking  ] GC(17) Concurrent Rebuild Remembered Sets 52.235ms
[2023-10-31T02:42:41.358+0000][7][gc,start    ] GC(17) Pause Cleanup
[2023-10-31T02:42:41.358+0000][7][gc          ] GC(17) Pause Cleanup 112M->112M(512M) 0.271ms
[2023-10-31T02:42:41.358+0000][7][gc,cpu      ] GC(17) User=0.00s Sys=0.00s Real=0.00s
[2023-10-31T02:42:41.358+0000][7][safepoint   ] Safepoint "G1Concurrent", Time since last: 52755145 ns, Reaching safepoint: 219306 ns, At safepoint: 647195 ns, Total: 866501 ns
[2023-10-31T02:42:41.359+0000][7][gc,marking  ] GC(17) Concurrent Cleanup for Next Mark
[2023-10-31T02:42:41.360+0000][7][gc,marking  ] GC(17) Concurrent Cleanup for Next Mark 1.177ms
[2023-10-31T02:42:41.360+0000][7][gc          ] GC(17) Concurrent Mark Cycle 290.010ms
[2023-10-31T02:42:42.005+0000][7][safepoint   ] Safepoint "ICBufferFull", Time since last: 643528126 ns, Reaching safepoint: 2796358 ns, At safepoint: 13326 ns, Total: 2809684 ns
[2023-10-31T02:42:42.005+0000][7][safepoint   ] Safepoint "ICBufferFull", Time since last: 93752 ns, Reaching safepoint: 93578 ns, At safepoint: 10837 ns, Total: 104415 ns
[2023-10-31T02:42:42.006+0000][7][safepoint   ] Safepoint "ICBufferFull", Time since last: 828571 ns, Reaching safepoint: 94156 ns, At safepoint: 10943 ns, Total: 105099 ns
[2023-10-31T02:42:42.827+0000][7][safepoint   ] Safepoint "ICBufferFull", Time since last: 820666346 ns, Reaching safepoint: 148849 ns, At safepoint: 6428 ns, Total: 155277 ns
[2023-10-31T02:42:43.836+0000][7][safepoint   ] Safepoint "Cleanup", Time since last: 1003131498 ns, Reaching safepoint: 6647514 ns, At safepoint: 14941 ns, Total: 6662455 ns
[2023-10-31T02:42:44.838+0000][7][safepoint   ] Safepoint "Cleanup", Time since last: 1001155272 ns, Reaching safepoint: 114614 ns, At safepoint: 12285 ns, Total: 126899 ns
[2023-10-31T02:42:45.838+0000][7][safepoint   ] Safepoint "Cleanup", Time since last: 1000541945 ns, Reaching safepoint: 78175 ns, At safepoint: 4310 ns, Total: 82485 ns
[2023-10-31T02:42:46.852+0000][7][safepoint   ] Safepoint "Cleanup", Time since last: 1003268059 ns, Reaching safepoint: 10147539 ns, At safepoint: 34168 ns, Total: 10181707 ns
[2023-10-31T02:42:47.335+0000][7][safepoint   ] Safepoint "ICBufferFull", Time since last: 483497974 ns, Reaching safepoint: 188364 ns, At safepoint: 9478 ns, Total: 197842 ns
[2023-10-31T02:42:47.582+0000][7][gc,start    ] GC(18) Pause Young (Concurrent Start) (G1 Evacuation Pause)
[2023-10-31T02:42:47.582+0000][7][gc,task     ] GC(18) Using 8 workers of 8 for evacuation
[2023-10-31T02:42:47.582+0000][7][gc,age      ] GC(18) Desired survivor size 20971520 bytes, new threshold 2 (max threshold 15)
[2023-10-31T02:42:47.643+0000][7][gc,age      ] GC(18) Age table with threshold 2 (max threshold 15)
[2023-10-31T02:42:47.643+0000][7][gc,age      ] GC(18) - age   1:    9048000 bytes,    9048000 total
[2023-10-31T02:42:47.643+0000][7][gc,age      ] GC(18) - age   2:    8716840 bytes,   17764840 total
[2023-10-31T02:42:47.643+0000][7][gc,phases   ] GC(18)   Pre Evacuate Collection Set: 0.5ms
[2023-10-31T02:42:47.643+0000][7][gc,phases   ] GC(18)   Merge Heap Roots: 0.3ms
[2023-10-31T02:42:47.643+0000][7][gc,phases   ] GC(18)   Evacuate Collection Set: 58.8ms
[2023-10-31T02:42:47.643+0000][7][gc,phases   ] GC(18)   Post Evacuate Collection Set: 1.3ms
[2023-10-31T02:42:47.643+0000][7][gc,phases   ] GC(18)   Other: 0.3ms
[2023-10-31T02:42:47.643+0000][7][gc,heap     ] GC(18) Eden regions: 69->0(70)
[2023-10-31T02:42:47.643+0000][7][gc,heap     ] GC(18) Survivor regions: 7->5(10)
[2023-10-31T02:42:47.643+0000][7][gc,heap     ] GC(18) Old regions: 13->17
[2023-10-31T02:42:47.643+0000][7][gc,heap     ] GC(18) Archive regions: 2->2
[2023-10-31T02:42:47.643+0000][7][gc,heap     ] GC(18) Humongous regions: 5->5
[2023-10-31T02:42:47.643+0000][7][gc,metaspace] GC(18) Metaspace: 105228K(106752K)->105228K(106752K) NonClass: 90462K(91392K)->90462K(91392K) Class: 14765K(15360K)->14765K(15360K)
[2023-10-31T02:42:47.643+0000][7][gc          ] GC(18) Pause Young (Concurrent Start) (G1 Evacuation Pause) 376M->109M(512M) 61.189ms
[2023-10-31T02:42:47.643+0000][7][gc,cpu      ] GC(18) User=0.13s Sys=0.02s Real=0.06s
[2023-10-31T02:42:47.643+0000][7][safepoint   ] Safepoint "G1CollectForAllocation", Time since last: 246032918 ns, Reaching safepoint: 223289 ns, At safepoint: 61284191 ns, Total: 61507480 ns
[2023-10-31T02:42:47.643+0000][7][gc          ] GC(19) Concurrent Mark Cycle
[2023-10-31T02:42:47.643+0000][7][gc,marking  ] GC(19) Concurrent Clear Claimed Marks
[2023-10-31T02:42:47.643+0000][7][gc,marking  ] GC(19) Concurrent Clear Claimed Marks 0.076ms
[2023-10-31T02:42:47.643+0000][7][gc,marking  ] GC(19) Concurrent Scan Root Regions
[2023-10-31T02:42:47.690+0000][7][gc,marking  ] GC(19) Concurrent Scan Root Regions 46.494ms
[2023-10-31T02:42:47.690+0000][7][gc,marking  ] GC(19) Concurrent Mark
[2023-10-31T02:42:47.690+0000][7][gc,marking  ] GC(19) Concurrent Mark From Roots
[2023-10-31T02:42:47.690+0000][7][gc,task     ] GC(19) Using 2 workers of 2 for marking
[2023-10-31T02:42:47.807+0000][7][gc,marking  ] GC(19) Concurrent Mark From Roots 116.549ms
[2023-10-31T02:42:47.807+0000][7][gc,marking  ] GC(19) Concurrent Preclean
[2023-10-31T02:42:47.807+0000][7][gc,marking  ] GC(19) Concurrent Preclean 0.277ms
[2023-10-31T02:42:47.808+0000][7][gc,start    ] GC(19) Pause Remark
[2023-10-31T02:42:47.819+0000][7][gc          ] GC(19) Pause Remark 149M->149M(512M) 11.039ms
[2023-10-31T02:42:47.819+0000][7][gc,cpu      ] GC(19) User=0.02s Sys=0.00s Real=0.01s
[2023-10-31T02:42:47.819+0000][7][safepoint   ] Safepoint "G1Concurrent", Time since last: 164016432 ns, Reaching safepoint: 574753 ns, At safepoint: 11162358 ns, Total: 11737111 ns
[2023-10-31T02:42:47.819+0000][7][gc,marking  ] GC(19) Concurrent Mark 128.891ms
[2023-10-31T02:42:47.819+0000][7][gc,marking  ] GC(19) Concurrent Rebuild Remembered Sets
[2023-10-31T02:42:47.964+0000][7][gc,marking  ] GC(19) Concurrent Rebuild Remembered Sets 145.581ms
[2023-10-31T02:42:47.969+0000][7][gc,start    ] GC(19) Pause Cleanup
[2023-10-31T02:42:47.970+0000][7][gc          ] GC(19) Pause Cleanup 164M->164M(512M) 0.323ms
[2023-10-31T02:42:47.970+0000][7][gc,cpu      ] GC(19) User=0.00s Sys=0.00s Real=0.00s
[2023-10-31T02:42:47.970+0000][7][safepoint   ] Safepoint "G1Concurrent", Time since last: 145713111 ns, Reaching safepoint: 4895372 ns, At safepoint: 769274 ns, Total: 5664646 ns
[2023-10-31T02:42:47.972+0000][7][gc,marking  ] GC(19) Concurrent Cleanup for Next Mark
[2023-10-31T02:42:47.976+0000][7][gc,marking  ] GC(19) Concurrent Cleanup for Next Mark 4.093ms
[2023-10-31T02:42:47.976+0000][7][gc          ] GC(19) Concurrent Mark Cycle 332.883ms
[2023-10-31T02:42:48.370+0000][7][safepoint   ] Safepoint "ICBufferFull", Time since last: 391550161 ns, Reaching safepoint: 8205526 ns, At safepoint: 18064 ns, Total: 8223590 ns
[2023-10-31T02:42:48.830+0000][7][safepoint   ] Safepoint "ICBufferFull", Time since last: 458348338 ns, Reaching safepoint: 2122622 ns, At safepoint: 23072 ns, Total: 2145694 ns
[2023-10-31T02:42:49.805+0000][7][safepoint   ] Safepoint "ICBufferFull", Time since last: 971180629 ns, Reaching safepoint: 3026650 ns, At safepoint: 24311 ns, Total: 3050961 ns
[2023-10-31T02:42:50.633+0000][7][safepoint   ] Safepoint "ICBufferFull", Time since last: 828726612 ns, Reaching safepoint: 162137 ns, At safepoint: 5444 ns, Total: 167581 ns
[2023-10-31T02:42:51.174+0000][7][safepoint   ] Safepoint "ICBufferFull", Time since last: 540479020 ns, Reaching safepoint: 163869 ns, At safepoint: 13871 ns, Total: 177740 ns
[2023-10-31T02:42:52.175+0000][7][safepoint   ] Safepoint "Cleanup", Time since last: 1000337452 ns, Reaching safepoint: 172654 ns, At safepoint: 5613 ns, Total: 178267 ns
[2023-10-31T02:42:52.724+0000][7][safepoint   ] Safepoint "ICBufferFull", Time since last: 546795818 ns, Reaching safepoint: 2333181 ns, At safepoint: 18065 ns, Total: 2351246 ns
[2023-10-31T02:42:53.725+0000][7][safepoint   ] Safepoint "Cleanup", Time since last: 1000664945 ns, Reaching safepoint: 219369 ns, At safepoint: 7747 ns, Total: 227116 ns
[2023-10-31T02:42:54.271+0000][7][gc,start    ] GC(20) Pause Young (Normal) (G1 Evacuation Pause)
[2023-10-31T02:42:54.271+0000][7][gc,task     ] GC(20) Using 8 workers of 8 for evacuation
[2023-10-31T02:42:54.271+0000][7][gc,age      ] GC(20) Desired survivor size 20971520 bytes, new threshold 15 (max threshold 15)
[2023-10-31T02:42:54.289+0000][7][gc,age      ] GC(20) Age table with threshold 15 (max threshold 15)
[2023-10-31T02:42:54.289+0000][7][gc,age      ] GC(20) - age   1:    5252864 bytes,    5252864 total
[2023-10-31T02:42:54.289+0000][7][gc,age      ] GC(20) - age   2:    6369608 bytes,   11622472 total
[2023-10-31T02:42:54.289+0000][7][gc,age      ] GC(20) - age   3:    7392304 bytes,   19014776 total
[2023-10-31T02:42:54.290+0000][7][gc,phases   ] GC(20)   Pre Evacuate Collection Set: 0.1ms
[2023-10-31T02:42:54.290+0000][7][gc,phases   ] GC(20)   Merge Heap Roots: 0.1ms
[2023-10-31T02:42:54.290+0000][7][gc,phases   ] GC(20)   Evacuate Collection Set: 16.4ms
[2023-10-31T02:42:54.290+0000][7][gc,phases   ] GC(20)   Post Evacuate Collection Set: 1.5ms
[2023-10-31T02:42:54.290+0000][7][gc,phases   ] GC(20)   Other: 0.3ms
[2023-10-31T02:42:54.290+0000][7][gc,heap     ] GC(20) Eden regions: 70->0(71)
[2023-10-31T02:42:54.290+0000][7][gc,heap     ] GC(20) Survivor regions: 5->5(10)
[2023-10-31T02:42:54.290+0000][7][gc,heap     ] GC(20) Old regions: 17->17
[2023-10-31T02:42:54.290+0000][7][gc,heap     ] GC(20) Archive regions: 2->2
[2023-10-31T02:42:54.290+0000][7][gc,heap     ] GC(20) Humongous regions: 5->5
[2023-10-31T02:42:54.290+0000][7][gc,metaspace] GC(20) Metaspace: 108255K(109760K)->108255K(109760K) NonClass: 93339K(94272K)->93339K(94272K) Class: 14915K(15488K)->14915K(15488K)
[2023-10-31T02:42:54.291+0000][7][gc          ] GC(20) Pause Young (Normal) (G1 Evacuation Pause) 389M->109M(512M) 19.568ms
[2023-10-31T02:42:54.291+0000][7][gc,cpu      ] GC(20) User=0.06s Sys=0.00s Real=0.02s
[2023-10-31T02:42:54.291+0000][7][safepoint   ] Safepoint "G1CollectForAllocation", Time since last: 546001827 ns, Reaching safepoint: 200648 ns, At safepoint: 19673206 ns, Total: 19873854 ns
[2023-10-31T02:42:54.606+0000][7][safepoint   ] Safepoint "ICBufferFull", Time since last: 314692543 ns, Reaching safepoint: 361851 ns, At safepoint: 19772 ns, Total: 381623 ns
[2023-10-31T02:42:54.611+0000][7][safepoint   ] Safepoint "ICBufferFull", Time since last: 4994562 ns, Reaching safepoint: 213992 ns, At safepoint: 27256 ns, Total: 241248 ns
[2023-10-31T02:42:54.687+0000][7][safepoint   ] Safepoint "ICBufferFull", Time since last: 75719573 ns, Reaching safepoint: 238219 ns, At safepoint: 14126 ns, Total: 252345 ns
[2023-10-31T02:42:55.001+0000][7][safepoint   ] Safepoint "ICBufferFull", Time since last: 298057881 ns, Reaching safepoint: 15630951 ns, At safepoint: 31377 ns, Total: 15662328 ns
[2023-10-31T02:42:55.669+0000][7][safepoint   ] Safepoint "ICBufferFull", Time since last: 668539555 ns, Reaching safepoint: 278764 ns, At safepoint: 8056 ns, Total: 286820 ns
[2023-10-31T02:42:56.054+0000][7][safepoint   ] Safepoint "ICBufferFull", Time since last: 381772772 ns, Reaching safepoint: 2362997 ns, At safepoint: 17707 ns, Total: 2380704 ns
[2023-10-31T02:42:57.054+0000][7][safepoint   ] Safepoint "Cleanup", Time since last: 1000482258 ns, Reaching safepoint: 219729 ns, At safepoint: 8904 ns, Total: 228633 ns
[2023-10-31T02:42:57.835+0000][7][safepoint   ] Safepoint "ICBufferFull", Time since last: 780382977 ns, Reaching safepoint: 265210 ns, At safepoint: 7740 ns, Total: 272950 ns
[2023-10-31T02:42:58.457+0000][7][safepoint   ] Safepoint "ICBufferFull", Time since last: 621963538 ns, Reaching safepoint: 161335 ns, At safepoint: 23717 ns, Total: 185052 ns
[2023-10-31T02:42:58.790+0000][7][gc,start    ] GC(21) Pause Young (Normal) (G1 Evacuation Pause)
[2023-10-31T02:42:58.790+0000][7][gc,task     ] GC(21) Using 8 workers of 8 for evacuation
[2023-10-31T02:42:58.790+0000][7][gc,age      ] GC(21) Desired survivor size 20971520 bytes, new threshold 15 (max threshold 15)
[2023-10-31T02:42:58.813+0000][7][gc,age      ] GC(21) Age table with threshold 15 (max threshold 15)
[2023-10-31T02:42:58.813+0000][7][gc,age      ] GC(21) - age   1:    5647712 bytes,    5647712 total
[2023-10-31T02:42:58.813+0000][7][gc,age      ] GC(21) - age   2:    3751248 bytes,    9398960 total
[2023-10-31T02:42:58.813+0000][7][gc,age      ] GC(21) - age   3:    5604592 bytes,   15003552 total
[2023-10-31T02:42:58.813+0000][7][gc,age      ] GC(21) - age   4:    7371248 bytes,   22374800 total
[2023-10-31T02:42:58.814+0000][7][gc,phases   ] GC(21)   Pre Evacuate Collection Set: 0.1ms
[2023-10-31T02:42:58.814+0000][7][gc,phases   ] GC(21)   Merge Heap Roots: 0.1ms
[2023-10-31T02:42:58.814+0000][7][gc,phases   ] GC(21)   Evacuate Collection Set: 21.8ms
[2023-10-31T02:42:58.814+0000][7][gc,phases   ] GC(21)   Post Evacuate Collection Set: 1.3ms
[2023-10-31T02:42:58.814+0000][7][gc,phases   ] GC(21)   Other: 0.5ms
[2023-10-31T02:42:58.814+0000][7][gc,heap     ] GC(21) Eden regions: 71->0(70)
[2023-10-31T02:42:58.814+0000][7][gc,heap     ] GC(21) Survivor regions: 5->6(10)
[2023-10-31T02:42:58.814+0000][7][gc,heap     ] GC(21) Old regions: 17->17
[2023-10-31T02:42:58.814+0000][7][gc,heap     ] GC(21) Archive regions: 2->2
[2023-10-31T02:42:58.814+0000][7][gc,heap     ] GC(21) Humongous regions: 5->5
[2023-10-31T02:42:58.814+0000][7][gc,metaspace] GC(21) Metaspace: 111759K(113408K)->111759K(113408K) NonClass: 96387K(97344K)->96387K(97344K) Class: 15372K(16064K)->15372K(16064K)
[2023-10-31T02:42:58.814+0000][7][gc          ] GC(21) Pause Young (Normal) (G1 Evacuation Pause) 393M->113M(512M) 23.898ms
[2023-10-31T02:42:58.814+0000][7][gc,cpu      ] GC(21) User=0.08s Sys=0.00s Real=0.02s
[2023-10-31T02:42:58.814+0000][7][safepoint   ] Safepoint "G1CollectForAllocation", Time since last: 332702853 ns, Reaching safepoint: 77584 ns, At safepoint: 24111997 ns, Total: 24189581 ns
[2023-10-31T02:42:59.816+0000][7][safepoint   ] Safepoint "Cleanup", Time since last: 1001990441 ns, Reaching safepoint: 278113 ns, At safepoint: 12472 ns, Total: 290585 ns
[2023-10-31T02:43:00.568+0000][7][safepoint   ] Safepoint "ICBufferFull", Time since last: 751109662 ns, Reaching safepoint: 221462 ns, At safepoint: 9937 ns, Total: 231399 ns
[2023-10-31T02:43:01.568+0000][7][safepoint   ] Safepoint "Cleanup", Time since last: 1000193360 ns, Reaching safepoint: 105378 ns, At safepoint: 6888 ns, Total: 112266 ns
[2023-10-31T02:43:02.572+0000][7][safepoint   ] Safepoint "Cleanup", Time since last: 1000099783 ns, Reaching safepoint: 4173354 ns, At safepoint: 23415 ns, Total: 4196769 ns
[2023-10-31T02:43:03.503+0000][7][safepoint   ] Safepoint "ICBufferFull", Time since last: 930153748 ns, Reaching safepoint: 226601 ns, At safepoint: 15097 ns, Total: 241698 ns
[2023-10-31T02:43:03.671+0000][7][safepoint   ] Safepoint "ICBufferFull", Time since last: 168068535 ns, Reaching safepoint: 636630 ns, At safepoint: 27677 ns, Total: 664307 ns
[2023-10-31T02:43:04.520+0000][7][safepoint   ] Safepoint "ICBufferFull", Time since last: 845052244 ns, Reaching safepoint: 3320650 ns, At safepoint: 31868 ns, Total: 3352518 ns
[2023-10-31T02:43:05.467+0000][7][gc,start    ] GC(22) Pause Young (Normal) (G1 Evacuation Pause)
[2023-10-31T02:43:05.467+0000][7][gc,task     ] GC(22) Using 8 workers of 8 for evacuation
[2023-10-31T02:43:05.468+0000][7][gc,age      ] GC(22) Desired survivor size 20971520 bytes, new threshold 4 (max threshold 15)
[2023-10-31T02:43:05.511+0000][7][gc,age      ] GC(22) Age table with threshold 4 (max threshold 15)
[2023-10-31T02:43:05.511+0000][7][gc,age      ] GC(22) - age   1:    1562808 bytes,    1562808 total
[2023-10-31T02:43:05.511+0000][7][gc,age      ] GC(22) - age   2:    3971872 bytes,    5534680 total
[2023-10-31T02:43:05.511+0000][7][gc,age      ] GC(22) - age   3:    3558768 bytes,    9093448 total
[2023-10-31T02:43:05.511+0000][7][gc,age      ] GC(22) - age   4:    5603760 bytes,   14697208 total
[2023-10-31T02:43:05.511+0000][7][gc,phases   ] GC(22)   Pre Evacuate Collection Set: 0.1ms
[2023-10-31T02:43:05.511+0000][7][gc,phases   ] GC(22)   Merge Heap Roots: 0.1ms
[2023-10-31T02:43:05.511+0000][7][gc,phases   ] GC(22)   Evacuate Collection Set: 41.0ms
[2023-10-31T02:43:05.511+0000][7][gc,phases   ] GC(22)   Post Evacuate Collection Set: 2.1ms
[2023-10-31T02:43:05.511+0000][7][gc,phases   ] GC(22)   Other: 0.3ms
[2023-10-31T02:43:05.511+0000][7][gc,heap     ] GC(22) Eden regions: 70->0(71)
[2023-10-31T02:43:05.511+0000][7][gc,heap     ] GC(22) Survivor regions: 6->5(10)
[2023-10-31T02:43:05.511+0000][7][gc,heap     ] GC(22) Old regions: 17->19
[2023-10-31T02:43:05.511+0000][7][gc,heap     ] GC(22) Archive regions: 2->2
[2023-10-31T02:43:05.511+0000][7][gc,heap     ] GC(22) Humongous regions: 5->5
[2023-10-31T02:43:05.511+0000][7][gc,metaspace] GC(22) Metaspace: 112463K(114112K)->112463K(114112K) NonClass: 97086K(98048K)->97086K(98048K) Class: 15376K(16064K)->15376K(16064K)
[2023-10-31T02:43:05.511+0000][7][gc          ] GC(22) Pause Young (Normal) (G1 Evacuation Pause) 393M->113M(512M) 43.663ms
[2023-10-31T02:43:05.511+0000][7][gc,cpu      ] GC(22) User=0.11s Sys=0.02s Real=0.04s
[2023-10-31T02:43:05.511+0000][7][safepoint   ] Safepoint "G1CollectForAllocation", Time since last: 947527455 ns, Reaching safepoint: 77106 ns, At safepoint: 43798527 ns, Total: 43875633 ns
[2023-10-31T02:43:06.511+0000][7][safepoint   ] Safepoint "Cleanup", Time since last: 1000089941 ns, Reaching safepoint: 61375 ns, At safepoint: 4226 ns, Total: 65601 ns
[2023-10-31T02:43:07.512+0000][7][safepoint   ] Safepoint "Cleanup", Time since last: 1000332587 ns, Reaching safepoint: 177466 ns, At safepoint: 27240 ns, Total: 204706 ns
[2023-10-31T02:43:08.512+0000][7][safepoint   ] Safepoint "Cleanup", Time since last: 1000188980 ns, Reaching safepoint: 105412 ns, At safepoint: 7773 ns, Total: 113185 ns
[2023-10-31T02:43:09.519+0000][7][safepoint   ] Safepoint "Cleanup", Time since last: 1000424143 ns, Reaching safepoint: 6563095 ns, At safepoint: 39948 ns, Total: 6603043 ns
[2023-10-31T02:43:10.519+0000][7][safepoint   ] Safepoint "Cleanup", Time since last: 1000144449 ns, Reaching safepoint: 143140 ns, At safepoint: 24787 ns, Total: 167927 ns
[2023-10-31T02:43:11.520+0000][7][safepoint   ] Safepoint "Cleanup", Time since last: 1000181407 ns, Reaching safepoint: 141334 ns, At safepoint: 11205 ns, Total: 152539 ns
[2023-10-31T02:43:12.705+0000][7][safepoint   ] Safepoint "ICBufferFull", Time since last: 1184726796 ns, Reaching safepoint: 146742 ns, At safepoint: 4610 ns, Total: 151352 ns
[2023-10-31T02:43:12.705+0000][7][safepoint   ] Safepoint "ICBufferFull", Time since last: 62271 ns, Reaching safepoint: 27596 ns, At safepoint: 8123 ns, Total: 35719 ns
[2023-10-31T02:43:13.705+0000][7][safepoint   ] Safepoint "Cleanup", Time since last: 1000102800 ns, Reaching safepoint: 140977 ns, At safepoint: 10729 ns, Total: 151706 ns
[2023-10-31T02:43:14.705+0000][7][safepoint   ] Safepoint "Cleanup", Time since last: 1000114787 ns, Reaching safepoint: 86278 ns, At safepoint: 6873 ns, Total: 93151 ns
[2023-10-31T02:43:15.706+0000][7][safepoint   ] Safepoint "Cleanup", Time since last: 1000423076 ns, Reaching safepoint: 114131 ns, At safepoint: 9894 ns, Total: 124025 ns
[2023-10-31T02:43:16.706+0000][7][safepoint   ] Safepoint "Cleanup", Time since last: 1000305032 ns, Reaching safepoint: 73512 ns, At safepoint: 13445 ns, Total: 86957 ns
[2023-10-31T02:43:17.706+0000][7][safepoint   ] Safepoint "Cleanup", Time since last: 1000136358 ns, Reaching safepoint: 86371 ns, At safepoint: 5412 ns, Total: 91783 ns
[2023-10-31T02:43:18.697+0000][7][gc,start    ] GC(23) Pause Young (Normal) (G1 Evacuation Pause)
[2023-10-31T02:43:18.697+0000][7][gc,task     ] GC(23) Using 8 workers of 8 for evacuation
[2023-10-31T02:43:18.697+0000][7][gc,age      ] GC(23) Desired survivor size 20971520 bytes, new threshold 15 (max threshold 15)
[2023-10-31T02:43:18.709+0000][7][gc,age      ] GC(23) Age table with threshold 15 (max threshold 15)
[2023-10-31T02:43:18.709+0000][7][gc,age      ] GC(23) - age   1:    2261216 bytes,    2261216 total
[2023-10-31T02:43:18.709+0000][7][gc,age      ] GC(23) - age   2:     435408 bytes,    2696624 total
[2023-10-31T02:43:18.709+0000][7][gc,age      ] GC(23) - age   3:    3578448 bytes,    6275072 total
[2023-10-31T02:43:18.709+0000][7][gc,age      ] GC(23) - age   4:    3557136 bytes,    9832208 total
[2023-10-31T02:43:18.709+0000][7][gc,age      ] GC(23) - age   5:    5484448 bytes,   15316656 total
[2023-10-31T02:43:18.709+0000][7][gc,phases   ] GC(23)   Pre Evacuate Collection Set: 0.1ms
[2023-10-31T02:43:18.709+0000][7][gc,phases   ] GC(23)   Merge Heap Roots: 0.1ms
[2023-10-31T02:43:18.709+0000][7][gc,phases   ] GC(23)   Evacuate Collection Set: 11.2ms
[2023-10-31T02:43:18.709+0000][7][gc,phases   ] GC(23)   Post Evacuate Collection Set: 0.7ms
[2023-10-31T02:43:18.709+0000][7][gc,phases   ] GC(23)   Other: 0.2ms
[2023-10-31T02:43:18.709+0000][7][gc,heap     ] GC(23) Eden regions: 71->0(72)
[2023-10-31T02:43:18.709+0000][7][gc,heap     ] GC(23) Survivor regions: 5->4(10)
[2023-10-31T02:43:18.709+0000][7][gc,heap     ] GC(23) Old regions: 19->19
[2023-10-31T02:43:18.709+0000][7][gc,heap     ] GC(23) Archive regions: 2->2
[2023-10-31T02:43:18.709+0000][7][gc,heap     ] GC(23) Humongous regions: 5->5
[2023-10-31T02:43:18.709+0000][7][gc,metaspace] GC(23) Metaspace: 112811K(114496K)->112811K(114496K) NonClass: 97414K(98368K)->97414K(98368K) Class: 15397K(16128K)->15397K(16128K)
[2023-10-31T02:43:18.709+0000][7][gc          ] GC(23) Pause Young (Normal) (G1 Evacuation Pause) 397M->113M(512M) 12.250ms
[2023-10-31T02:43:18.710+0000][7][gc,cpu      ] GC(23) User=0.05s Sys=0.00s Real=0.01s
[2023-10-31T02:43:18.710+0000][7][safepoint   ] Safepoint "G1CollectForAllocation", Time since last: 990671969 ns, Reaching safepoint: 127813 ns, At safepoint: 12316182 ns, Total: 12443995 ns
[2023-10-31T02:43:19.710+0000][7][safepoint   ] Safepoint "Cleanup", Time since last: 1000078329 ns, Reaching safepoint: 59203 ns, At safepoint: 10555 ns, Total: 69758 ns
[2023-10-31T02:43:20.710+0000][7][safepoint   ] Safepoint "Cleanup", Time since last: 1000120022 ns, Reaching safepoint: 67822 ns, At safepoint: 6638 ns, Total: 74460 ns
[2023-10-31T02:43:21.711+0000][7][safepoint   ] Safepoint "Cleanup", Time since last: 1001279016 ns, Reaching safepoint: 125887 ns, At safepoint: 8229 ns, Total: 134116 ns
[2023-10-31T02:43:22.711+0000][7][safepoint   ] Safepoint "Cleanup", Time since last: 1000125083 ns, Reaching safepoint: 76177 ns, At safepoint: 6144 ns, Total: 82321 ns
[2023-10-31T02:43:23.712+0000][7][safepoint   ] Safepoint "Cleanup", Time since last: 1000094596 ns, Reaching safepoint: 53429 ns, At safepoint: 3310 ns, Total: 56739 ns
[2023-10-31T02:43:24.712+0000][7][safepoint   ] Safepoint "Cleanup", Time since last: 1000094212 ns, Reaching safepoint: 72416 ns, At safepoint: 6521 ns, Total: 78937 ns
[2023-10-31T02:43:25.840+0000][7][safepoint   ] Safepoint "Cleanup", Time since last: 1127918810 ns, Reaching safepoint: 142390 ns, At safepoint: 7266 ns, Total: 149656 ns
[2023-10-31T02:43:26.840+0000][7][safepoint   ] Safepoint "Cleanup", Time since last: 1000137624 ns, Reaching safepoint: 143853 ns, At safepoint: 26175 ns, Total: 170028 ns
[2023-10-31T02:43:27.841+0000][7][safepoint   ] Safepoint "Cleanup", Time since last: 1000379024 ns, Reaching safepoint: 135799 ns, At safepoint: 10447 ns, Total: 146246 ns
[2023-10-31T02:43:28.841+0000][7][safepoint   ] Safepoint "Cleanup", Time since last: 1000562252 ns, Reaching safepoint: 70132 ns, At safepoint: 4089 ns, Total: 74221 ns
[2023-10-31T02:43:29.842+0000][7][safepoint   ] Safepoint "Cleanup", Time since last: 1000116666 ns, Reaching safepoint: 107144 ns, At safepoint: 5432 ns, Total: 112576 ns
[2023-10-31T02:43:30.842+0000][7][safepoint   ] Safepoint "Cleanup", Time since last: 1000109035 ns, Reaching safepoint: 100396 ns, At safepoint: 8514 ns, Total: 108910 ns
[2023-10-31T02:43:31.842+0000][7][safepoint   ] Safepoint "Cleanup", Time since last: 1000104952 ns, Reaching safepoint: 161299 ns, At safepoint: 6203 ns, Total: 167502 ns
[2023-10-31T02:43:32.842+0000][7][safepoint   ] Safepoint "Cleanup", Time since last: 1000186968 ns, Reaching safepoint: 153395 ns, At safepoint: 19124 ns, Total: 172519 ns
[2023-10-31T02:43:33.843+0000][7][safepoint   ] Safepoint "Cleanup", Time since last: 1000158906 ns, Reaching safepoint: 138574 ns, At safepoint: 9053 ns, Total: 147627 ns
[2023-10-31T02:43:34.735+0000][7][safepoint   ] Safepoint "ICBufferFull", Time since last: 892157359 ns, Reaching safepoint: 152047 ns, At safepoint: 6237 ns, Total: 158284 ns
[2023-10-31T02:43:34.756+0000][7][safepoint   ] Safepoint "ICBufferFull", Time since last: 20972673 ns, Reaching safepoint: 47434 ns, At safepoint: 9517 ns, Total: 56951 ns
[2023-10-31T02:43:34.866+0000][7][safepoint   ] Safepoint "ICBufferFull", Time since last: 109371349 ns, Reaching safepoint: 80524 ns, At safepoint: 4980 ns, Total: 85504 ns
[2023-10-31T02:43:34.953+0000][7][safepoint   ] Safepoint "ICBufferFull", Time since last: 87182564 ns, Reaching safepoint: 43886 ns, At safepoint: 9252 ns, Total: 53138 ns
[2023-10-31T02:43:35.007+0000][7][safepoint   ] Safepoint "ICBufferFull", Time since last: 54035002 ns, Reaching safepoint: 73407 ns, At safepoint: 4358 ns, Total: 77765 ns
[2023-10-31T02:43:35.113+0000][7][safepoint   ] Safepoint "ICBufferFull", Time since last: 106030784 ns, Reaching safepoint: 120604 ns, At safepoint: 5936 ns, Total: 126540 ns
[2023-10-31T02:43:35.200+0000][7][safepoint   ] Safepoint "ICBufferFull", Time since last: 87124626 ns, Reaching safepoint: 82546 ns, At safepoint: 5163 ns, Total: 87709 ns
[2023-10-31T02:43:35.287+0000][7][safepoint   ] Safepoint "ICBufferFull", Time since last: 86659473 ns, Reaching safepoint: 47616 ns, At safepoint: 4735 ns, Total: 52351 ns
[2023-10-31T02:43:35.416+0000][7][safepoint   ] Safepoint "ICBufferFull", Time since last: 128970723 ns, Reaching safepoint: 76283 ns, At safepoint: 4071 ns, Total: 80354 ns
[2023-10-31T02:43:35.521+0000][7][safepoint   ] Safepoint "ICBufferFull", Time since last: 104720425 ns, Reaching safepoint: 47779 ns, At safepoint: 6924 ns, Total: 54703 ns
[2023-10-31T02:43:36.522+0000][7][safepoint   ] Safepoint "Cleanup", Time since last: 1000629920 ns, Reaching safepoint: 101274 ns, At safepoint: 7743 ns, Total: 109017 ns
[2023-10-31T02:43:36.962+0000][7][gc,start    ] GC(24) Pause Young (Normal) (G1 Evacuation Pause)
[2023-10-31T02:43:36.962+0000][7][gc,task     ] GC(24) Using 8 workers of 8 for evacuation
[2023-10-31T02:43:36.962+0000][7][gc,age      ] GC(24) Desired survivor size 20971520 bytes, new threshold 15 (max threshold 15)
[2023-10-31T02:43:36.978+0000][7][gc,age      ] GC(24) Age table with threshold 15 (max threshold 15)
[2023-10-31T02:43:36.978+0000][7][gc,age      ] GC(24) - age   1:    1170616 bytes,    1170616 total
[2023-10-31T02:43:36.978+0000][7][gc,age      ] GC(24) - age   2:    1610896 bytes,    2781512 total
[2023-10-31T02:43:36.978+0000][7][gc,age      ] GC(24) - age   3:     333112 bytes,    3114624 total
[2023-10-31T02:43:36.978+0000][7][gc,age      ] GC(24) - age   4:    3558984 bytes,    6673608 total
[2023-10-31T02:43:36.978+0000][7][gc,age      ] GC(24) - age   5:    3463376 bytes,   10136984 total
[2023-10-31T02:43:36.978+0000][7][gc,age      ] GC(24) - age   6:    5484208 bytes,   15621192 total
[2023-10-31T02:43:36.978+0000][7][gc,phases   ] GC(24)   Pre Evacuate Collection Set: 0.1ms
[2023-10-31T02:43:36.978+0000][7][gc,phases   ] GC(24)   Merge Heap Roots: 0.1ms
[2023-10-31T02:43:36.978+0000][7][gc,phases   ] GC(24)   Evacuate Collection Set: 14.6ms
[2023-10-31T02:43:36.978+0000][7][gc,phases   ] GC(24)   Post Evacuate Collection Set: 1.0ms
[2023-10-31T02:43:36.978+0000][7][gc,phases   ] GC(24)   Other: 0.4ms
[2023-10-31T02:43:36.978+0000][7][gc,heap     ] GC(24) Eden regions: 72->0(72)
[2023-10-31T02:43:36.978+0000][7][gc,heap     ] GC(24) Survivor regions: 4->4(10)
[2023-10-31T02:43:36.978+0000][7][gc,heap     ] GC(24) Old regions: 19->19
[2023-10-31T02:43:36.978+0000][7][gc,heap     ] GC(24) Archive regions: 2->2
[2023-10-31T02:43:36.978+0000][7][gc,heap     ] GC(24) Humongous regions: 5->5
[2023-10-31T02:43:36.978+0000][7][gc,metaspace] GC(24) Metaspace: 113066K(114752K)->113066K(114752K) NonClass: 97650K(98624K)->97650K(98624K) Class: 15415K(16128K)->15415K(16128K)
[2023-10-31T02:43:36.978+0000][7][gc          ] GC(24) Pause Young (Normal) (G1 Evacuation Pause) 401M->113M(512M) 16.206ms
[2023-10-31T02:43:36.979+0000][7][gc,cpu      ] GC(24) User=0.06s Sys=0.00s Real=0.02s
[2023-10-31T02:43:36.979+0000][7][safepoint   ] Safepoint "G1CollectForAllocation", Time since last: 440631262 ns, Reaching safepoint: 44190 ns, At safepoint: 16316250 ns, Total: 16360440 ns
[2023-10-31T02:43:37.979+0000][7][safepoint   ] Safepoint "Cleanup", Time since last: 1000092486 ns, Reaching safepoint: 126368 ns, At safepoint: 12155 ns, Total: 138523 ns
[2023-10-31T02:43:38.596+0000][7][safepoint   ] Safepoint "ICBufferFull", Time since last: 617095789 ns, Reaching safepoint: 238240 ns, At safepoint: 5647 ns, Total: 243887 ns
[2023-10-31T02:43:39.185+0000][7][safepoint   ] Safepoint "ICBufferFull", Time since last: 588349998 ns, Reaching safepoint: 485583 ns, At safepoint: 9889 ns, Total: 495472 ns
[2023-10-31T02:43:39.611+0000][7][safepoint   ] Safepoint "ICBufferFull", Time since last: 426194292 ns, Reaching safepoint: 195945 ns, At safepoint: 14649 ns, Total: 210594 ns
[2023-10-31T02:43:39.614+0000][7][safepoint   ] Safepoint "ICBufferFull", Time since last: 2122394 ns, Reaching safepoint: 58508 ns, At safepoint: 5033 ns, Total: 63541 ns
[2023-10-31T02:43:39.792+0000][7][safepoint   ] Safepoint "ICBufferFull", Time since last: 178415018 ns, Reaching safepoint: 114571 ns, At safepoint: 5270 ns, Total: 119841 ns
[2023-10-31T02:43:40.282+0000][7][gc,start    ] GC(25) Pause Young (Normal) (G1 Evacuation Pause)
[2023-10-31T02:43:40.282+0000][7][gc,task     ] GC(25) Using 8 workers of 8 for evacuation
[2023-10-31T02:43:40.282+0000][7][gc,age      ] GC(25) Desired survivor size 20971520 bytes, new threshold 15 (max threshold 15)
[2023-10-31T02:43:40.302+0000][7][gc,age      ] GC(25) Age table with threshold 15 (max threshold 15)
[2023-10-31T02:43:40.302+0000][7][gc,age      ] GC(25) - age   1:    3995848 bytes,    3995848 total
[2023-10-31T02:43:40.302+0000][7][gc,age      ] GC(25) - age   2:     520520 bytes,    4516368 total
[2023-10-31T02:43:40.302+0000][7][gc,age      ] GC(25) - age   3:     870904 bytes,    5387272 total
[2023-10-31T02:43:40.302+0000][7][gc,age      ] GC(25) - age   4:     208408 bytes,    5595680 total
[2023-10-31T02:43:40.302+0000][7][gc,age      ] GC(25) - age   5:    3515216 bytes,    9110896 total
[2023-10-31T02:43:40.302+0000][7][gc,age      ] GC(25) - age   6:    3355880 bytes,   12466776 total
[2023-10-31T02:43:40.302+0000][7][gc,age      ] GC(25) - age   7:    5467984 bytes,   17934760 total
[2023-10-31T02:43:40.302+0000][7][gc,phases   ] GC(25)   Pre Evacuate Collection Set: 0.1ms
[2023-10-31T02:43:40.302+0000][7][gc,phases   ] GC(25)   Merge Heap Roots: 0.1ms
[2023-10-31T02:43:40.302+0000][7][gc,phases   ] GC(25)   Evacuate Collection Set: 18.6ms
[2023-10-31T02:43:40.302+0000][7][gc,phases   ] GC(25)   Post Evacuate Collection Set: 1.2ms
[2023-10-31T02:43:40.302+0000][7][gc,phases   ] GC(25)   Other: 0.4ms
[2023-10-31T02:43:40.302+0000][7][gc,heap     ] GC(25) Eden regions: 72->0(71)
[2023-10-31T02:43:40.302+0000][7][gc,heap     ] GC(25) Survivor regions: 4->5(10)
[2023-10-31T02:43:40.302+0000][7][gc,heap     ] GC(25) Old regions: 19->19
[2023-10-31T02:43:40.302+0000][7][gc,heap     ] GC(25) Archive regions: 2->2
[2023-10-31T02:43:40.302+0000][7][gc,heap     ] GC(25) Humongous regions: 5->5
[2023-10-31T02:43:40.302+0000][7][gc,metaspace] GC(25) Metaspace: 114813K(116544K)->114813K(116544K) NonClass: 99153K(100160K)->99153K(100160K) Class: 15660K(16384K)->15660K(16384K)
[2023-10-31T02:43:40.302+0000][7][gc          ] GC(25) Pause Young (Normal) (G1 Evacuation Pause) 401M->115M(512M) 20.537ms
[2023-10-31T02:43:40.302+0000][7][gc,cpu      ] GC(25) User=0.06s Sys=0.00s Real=0.02s
[2023-10-31T02:43:40.302+0000][7][safepoint   ] Safepoint "G1CollectForAllocation", Time since last: 489291685 ns, Reaching safepoint: 114324 ns, At safepoint: 20654692 ns, Total: 20769016 ns
[2023-10-31T02:43:41.302+0000][7][safepoint   ] Safepoint "Cleanup", Time since last: 1000089657 ns, Reaching safepoint: 165854 ns, At safepoint: 10905 ns, Total: 176759 ns
[2023-10-31T02:43:42.303+0000][7][safepoint   ] Safepoint "Cleanup", Time since last: 1000109589 ns, Reaching safepoint: 73429 ns, At safepoint: 7076 ns, Total: 80505 ns
[2023-10-31T02:43:43.303+0000][7][safepoint   ] Safepoint "Cleanup", Time since last: 1000112671 ns, Reaching safepoint: 94240 ns, At safepoint: 10401 ns, Total: 104641 ns
[2023-10-31T02:43:44.303+0000][7][safepoint   ] Safepoint "Cleanup", Time since last: 1000105627 ns, Reaching safepoint: 164553 ns, At safepoint: 5945 ns, Total: 170498 ns
[2023-10-31T02:43:45.303+0000][7][safepoint   ] Safepoint "Cleanup", Time since last: 1000119478 ns, Reaching safepoint: 120208 ns, At safepoint: 11196 ns, Total: 131404 ns
[2023-10-31T02:43:45.765+0000][7][safepoint   ] Safepoint "ICBufferFull", Time since last: 461933754 ns, Reaching safepoint: 202933 ns, At safepoint: 7267 ns, Total: 210200 ns
[2023-10-31T02:43:46.447+0000][7][gc,start    ] GC(26) Pause Young (Normal) (G1 Evacuation Pause)
[2023-10-31T02:43:46.447+0000][7][gc,task     ] GC(26) Using 8 workers of 8 for evacuation
[2023-10-31T02:43:46.447+0000][7][gc,age      ] GC(26) Desired survivor size 20971520 bytes, new threshold 15 (max threshold 15)
[2023-10-31T02:43:46.469+0000][7][gc,age      ] GC(26) Age table with threshold 15 (max threshold 15)
[2023-10-31T02:43:46.469+0000][7][gc,age      ] GC(26) - age   1:    2904568 bytes,    2904568 total
[2023-10-31T02:43:46.469+0000][7][gc,age      ] GC(26) - age   2:    1936680 bytes,    4841248 total
[2023-10-31T02:43:46.469+0000][7][gc,age      ] GC(26) - age   3:     518976 bytes,    5360224 total
[2023-10-31T02:43:46.469+0000][7][gc,age      ] GC(26) - age   4:     274544 bytes,    5634768 total
[2023-10-31T02:43:46.469+0000][7][gc,age      ] GC(26) - age   5:      93576 bytes,    5728344 total
[2023-10-31T02:43:46.469+0000][7][gc,age      ] GC(26) - age   6:    3482504 bytes,    9210848 total
[2023-10-31T02:43:46.469+0000][7][gc,age      ] GC(26) - age   7:    3354616 bytes,   12565464 total
[2023-10-31T02:43:46.469+0000][7][gc,age      ] GC(26) - age   8:    5352264 bytes,   17917728 total
[2023-10-31T02:43:46.469+0000][7][gc,phases   ] GC(26)   Pre Evacuate Collection Set: 0.1ms
[2023-10-31T02:43:46.469+0000][7][gc,phases   ] GC(26)   Merge Heap Roots: 0.2ms
[2023-10-31T02:43:46.469+0000][7][gc,phases   ] GC(26)   Evacuate Collection Set: 19.6ms
[2023-10-31T02:43:46.469+0000][7][gc,phases   ] GC(26)   Post Evacuate Collection Set: 1.6ms
[2023-10-31T02:43:46.469+0000][7][gc,phases   ] GC(26)   Other: 0.3ms
[2023-10-31T02:43:46.469+0000][7][gc,heap     ] GC(26) Eden regions: 71->0(71)
[2023-10-31T02:43:46.469+0000][7][gc,heap     ] GC(26) Survivor regions: 5->5(10)
[2023-10-31T02:43:46.469+0000][7][gc,heap     ] GC(26) Old regions: 19->19
[2023-10-31T02:43:46.469+0000][7][gc,heap     ] GC(26) Archive regions: 2->2
[2023-10-31T02:43:46.469+0000][7][gc,heap     ] GC(26) Humongous regions: 5->5
[2023-10-31T02:43:46.469+0000][7][gc,metaspace] GC(26) Metaspace: 115101K(116864K)->115101K(116864K) NonClass: 99416K(100416K)->99416K(100416K) Class: 15684K(16448K)->15684K(16448K)
[2023-10-31T02:43:46.469+0000][7][gc          ] GC(26) Pause Young (Normal) (G1 Evacuation Pause) 399M->115M(512M) 21.793ms
[2023-10-31T02:43:46.469+0000][7][gc,cpu      ] GC(26) User=0.06s Sys=0.00s Real=0.02s
[2023-10-31T02:43:46.469+0000][7][safepoint   ] Safepoint "G1CollectForAllocation", Time since last: 681455925 ns, Reaching safepoint: 94890 ns, At safepoint: 21885697 ns, Total: 21980587 ns
[2023-10-31T02:43:47.469+0000][7][safepoint   ] Safepoint "Cleanup", Time since last: 1000146475 ns, Reaching safepoint: 154313 ns, At safepoint: 6987 ns, Total: 161300 ns
[2023-10-31T02:43:48.694+0000][7][safepoint   ] Safepoint "Cleanup", Time since last: 1224638645 ns, Reaching safepoint: 152391 ns, At safepoint: 4803 ns, Total: 157194 ns
[2023-10-31T02:43:49.695+0000][7][safepoint   ] Safepoint "Cleanup", Time since last: 1000352789 ns, Reaching safepoint: 166832 ns, At safepoint: 11939 ns, Total: 178771 ns
[2023-10-31T02:43:50.695+0000][7][safepoint   ] Safepoint "Cleanup", Time since last: 1000151321 ns, Reaching safepoint: 236563 ns, At safepoint: 9973 ns, Total: 246536 ns
[2023-10-31T02:43:51.695+0000][7][safepoint   ] Safepoint "Cleanup", Time since last: 1000106161 ns, Reaching safepoint: 129596 ns, At safepoint: 5798 ns, Total: 135394 ns
[2023-10-31T02:43:52.695+0000][7][safepoint   ] Safepoint "Cleanup", Time since last: 1000108328 ns, Reaching safepoint: 72426 ns, At safepoint: 6897 ns, Total: 79323 ns
[2023-10-31T02:43:53.384+0000][7][gc,start    ] GC(27) Pause Young (Normal) (G1 Evacuation Pause)
[2023-10-31T02:43:53.384+0000][7][gc,task     ] GC(27) Using 8 workers of 8 for evacuation
[2023-10-31T02:43:53.384+0000][7][gc,age      ] GC(27) Desired survivor size 20971520 bytes, new threshold 15 (max threshold 15)
[2023-10-31T02:43:53.405+0000][7][gc,age      ] GC(27) Age table with threshold 15 (max threshold 15)
[2023-10-31T02:43:53.405+0000][7][gc,age      ] GC(27) - age   1:    1802080 bytes,    1802080 total
[2023-10-31T02:43:53.405+0000][7][gc,age      ] GC(27) - age   2:    1131616 bytes,    2933696 total
[2023-10-31T02:43:53.405+0000][7][gc,age      ] GC(27) - age   3:    1750144 bytes,    4683840 total
[2023-10-31T02:43:53.405+0000][7][gc,age      ] GC(27) - age   4:     518592 bytes,    5202432 total
[2023-10-31T02:43:53.405+0000][7][gc,age      ] GC(27) - age   5:     159184 bytes,    5361616 total
[2023-10-31T02:43:53.405+0000][7][gc,age      ] GC(27) - age   6:      91120 bytes,    5452736 total
[2023-10-31T02:43:53.405+0000][7][gc,age      ] GC(27) - age   7:    3481968 bytes,    8934704 total
[2023-10-31T02:43:53.405+0000][7][gc,age      ] GC(27) - age   8:    3276216 bytes,   12210920 total
[2023-10-31T02:43:53.405+0000][7][gc,age      ] GC(27) - age   9:    5352128 bytes,   17563048 total
[2023-10-31T02:43:53.405+0000][7][gc,phases   ] GC(27)   Pre Evacuate Collection Set: 0.1ms
[2023-10-31T02:43:53.405+0000][7][gc,phases   ] GC(27)   Merge Heap Roots: 0.1ms
[2023-10-31T02:43:53.405+0000][7][gc,phases   ] GC(27)   Evacuate Collection Set: 19.9ms
[2023-10-31T02:43:53.405+0000][7][gc,phases   ] GC(27)   Post Evacuate Collection Set: 1.1ms
[2023-10-31T02:43:53.405+0000][7][gc,phases   ] GC(27)   Other: 0.3ms
[2023-10-31T02:43:53.405+0000][7][gc,heap     ] GC(27) Eden regions: 71->0(71)
[2023-10-31T02:43:53.405+0000][7][gc,heap     ] GC(27) Survivor regions: 5->5(10)
[2023-10-31T02:43:53.405+0000][7][gc,heap     ] GC(27) Old regions: 19->19
[2023-10-31T02:43:53.405+0000][7][gc,heap     ] GC(27) Archive regions: 2->2
[2023-10-31T02:43:53.405+0000][7][gc,heap     ] GC(27) Humongous regions: 5->5
[2023-10-31T02:43:53.405+0000][7][gc,metaspace] GC(27) Metaspace: 115184K(116928K)->115184K(116928K) NonClass: 99500K(100480K)->99500K(100480K) Class: 15684K(16448K)->15684K(16448K)
[2023-10-31T02:43:53.405+0000][7][gc          ] GC(27) Pause Young (Normal) (G1 Evacuation Pause) 399M->116M(512M) 21.620ms
[2023-10-31T02:43:53.405+0000][7][gc,cpu      ] GC(27) User=0.08s Sys=0.00s Real=0.02s
[2023-10-31T02:43:53.405+0000][7][safepoint   ] Safepoint "G1CollectForAllocation", Time since last: 688065465 ns, Reaching safepoint: 69193 ns, At safepoint: 21712302 ns, Total: 21781495 ns
[2023-10-31T02:43:54.405+0000][7][safepoint   ] Safepoint "Cleanup", Time since last: 1000082500 ns, Reaching safepoint: 59361 ns, At safepoint: 3516 ns, Total: 62877 ns
[2023-10-31T02:43:55.406+0000][7][safepoint   ] Safepoint "Cleanup", Time since last: 1000245168 ns, Reaching safepoint: 110233 ns, At safepoint: 6496 ns, Total: 116729 ns
[2023-10-31T02:43:56.406+0000][7][safepoint   ] Safepoint "Cleanup", Time since last: 1000099947 ns, Reaching safepoint: 132801 ns, At safepoint: 6867 ns, Total: 139668 ns
[2023-10-31T02:43:57.406+0000][7][safepoint   ] Safepoint "Cleanup", Time since last: 1000127137 ns, Reaching safepoint: 59109 ns, At safepoint: 4535 ns, Total: 63644 ns
[2023-10-31T02:43:58.406+0000][7][safepoint   ] Safepoint "Cleanup", Time since last: 1000120905 ns, Reaching safepoint: 87125 ns, At safepoint: 4174 ns, Total: 91299 ns
[2023-10-31T02:43:59.622+0000][7][gc,start    ] GC(28) Pause Young (Normal) (G1 Evacuation Pause)
[2023-10-31T02:43:59.622+0000][7][gc,task     ] GC(28) Using 8 workers of 8 for evacuation
[2023-10-31T02:43:59.622+0000][7][gc,age      ] GC(28) Desired survivor size 20971520 bytes, new threshold 15 (max threshold 15)
[2023-10-31T02:43:59.634+0000][7][gc,age      ] GC(28) Age table with threshold 15 (max threshold 15)
[2023-10-31T02:43:59.634+0000][7][gc,age      ] GC(28) - age   1:    2272824 bytes,    2272824 total
[2023-10-31T02:43:59.634+0000][7][gc,age      ] GC(28) - age   2:     817224 bytes,    3090048 total
[2023-10-31T02:43:59.634+0000][7][gc,age      ] GC(28) - age   3:     836160 bytes,    3926208 total
[2023-10-31T02:43:59.634+0000][7][gc,age      ] GC(28) - age   4:    1653248 bytes,    5579456 total
[2023-10-31T02:43:59.634+0000][7][gc,age      ] GC(28) - age   5:     315248 bytes,    5894704 total
[2023-10-31T02:43:59.634+0000][7][gc,age      ] GC(28) - age   6:     158400 bytes,    6053104 total
[2023-10-31T02:43:59.634+0000][7][gc,age      ] GC(28) - age   7:      91120 bytes,    6144224 total
[2023-10-31T02:43:59.634+0000][7][gc,age      ] GC(28) - age   8:    3481904 bytes,    9626128 total
[2023-10-31T02:43:59.635+0000][7][gc,age      ] GC(28) - age   9:    3276216 bytes,   12902344 total
[2023-10-31T02:43:59.635+0000][7][gc,age      ] GC(28) - age  10:    5343592 bytes,   18245936 total
[2023-10-31T02:43:59.635+0000][7][gc,phases   ] GC(28)   Pre Evacuate Collection Set: 0.1ms
[2023-10-31T02:43:59.635+0000][7][gc,phases   ] GC(28)   Merge Heap Roots: 0.1ms
[2023-10-31T02:43:59.635+0000][7][gc,phases   ] GC(28)   Evacuate Collection Set: 11.0ms
[2023-10-31T02:43:59.635+0000][7][gc,phases   ] GC(28)   Post Evacuate Collection Set: 0.8ms
[2023-10-31T02:43:59.635+0000][7][gc,phases   ] GC(28)   Other: 0.3ms
[2023-10-31T02:43:59.635+0000][7][gc,heap     ] GC(28) Eden regions: 71->0(71)
[2023-10-31T02:43:59.635+0000][7][gc,heap     ] GC(28) Survivor regions: 5->5(10)
[2023-10-31T02:43:59.635+0000][7][gc,heap     ] GC(28) Old regions: 19->19
[2023-10-31T02:43:59.635+0000][7][gc,heap     ] GC(28) Archive regions: 2->2
[2023-10-31T02:43:59.635+0000][7][gc,heap     ] GC(28) Humongous regions: 5->5
[2023-10-31T02:43:59.635+0000][7][gc,metaspace] GC(28) Metaspace: 115318K(117056K)->115318K(117056K) NonClass: 99629K(100608K)->99629K(100608K) Class: 15689K(16448K)->15689K(16448K)
[2023-10-31T02:43:59.635+0000][7][gc          ] GC(28) Pause Young (Normal) (G1 Evacuation Pause) 400M->116M(512M) 12.244ms
[2023-10-31T02:43:59.635+0000][7][gc,cpu      ] GC(28) User=0.05s Sys=0.00s Real=0.01s
[2023-10-31T02:43:59.635+0000][7][safepoint   ] Safepoint "G1CollectForAllocation", Time since last: 1215865962 ns, Reaching safepoint: 157061 ns, At safepoint: 12324376 ns, Total: 12481437 ns
[2023-10-31T02:44:00.635+0000][7][safepoint   ] Safepoint "Cleanup", Time since last: 1000083752 ns, Reaching safepoint: 114172 ns, At safepoint: 6628 ns, Total: 120800 ns
[2023-10-31T02:44:01.635+0000][7][safepoint   ] Safepoint "Cleanup", Time since last: 1000137846 ns, Reaching safepoint: 90836 ns, At safepoint: 9499 ns, Total: 100335 ns
[2023-10-31T02:44:02.635+0000][7][safepoint   ] Safepoint "Cleanup", Time since last: 1000100001 ns, Reaching safepoint: 50770 ns, At safepoint: 4931 ns, Total: 55701 ns
[2023-10-31T02:44:03.635+0000][7][safepoint   ] Safepoint "Cleanup", Time since last: 1000135381 ns, Reaching safepoint: 44211 ns, At safepoint: 4812 ns, Total: 49023 ns
[2023-10-31T02:44:04.636+0000][7][safepoint   ] Safepoint "Cleanup", Time since last: 1000122521 ns, Reaching safepoint: 36798 ns, At safepoint: 4729 ns, Total: 41527 ns
[2023-10-31T02:44:05.636+0000][7][safepoint   ] Safepoint "Cleanup", Time since last: 1000090851 ns, Reaching safepoint: 57151 ns, At safepoint: 3497 ns, Total: 60648 ns
[2023-10-31T02:44:06.636+0000][7][safepoint   ] Safepoint "Cleanup", Time since last: 1000155636 ns, Reaching safepoint: 147824 ns, At safepoint: 7497 ns, Total: 155321 ns
[2023-10-31T02:44:07.285+0000][7][gc,start    ] GC(29) Pause Young (Normal) (G1 Evacuation Pause)
[2023-10-31T02:44:07.285+0000][7][gc,task     ] GC(29) Using 8 workers of 8 for evacuation
[2023-10-31T02:44:07.285+0000][7][gc,age      ] GC(29) Desired survivor size 20971520 bytes, new threshold 15 (max threshold 15)
[2023-10-31T02:44:07.297+0000][7][gc,age      ] GC(29) Age table with threshold 15 (max threshold 15)
[2023-10-31T02:44:07.297+0000][7][gc,age      ] GC(29) - age   1:    2791792 bytes,    2791792 total
[2023-10-31T02:44:07.297+0000][7][gc,age      ] GC(29) - age   2:     334744 bytes,    3126536 total
[2023-10-31T02:44:07.297+0000][7][gc,age      ] GC(29) - age   3:     248864 bytes,    3375400 total
[2023-10-31T02:44:07.297+0000][7][gc,age      ] GC(29) - age   4:     834280 bytes,    4209680 total
[2023-10-31T02:44:07.297+0000][7][gc,age      ] GC(29) - age   5:    1652544 bytes,    5862224 total
[2023-10-31T02:44:07.297+0000][7][gc,age      ] GC(29) - age   6:     313984 bytes,    6176208 total
[2023-10-31T02:44:07.297+0000][7][gc,age      ] GC(29) - age   7:     158400 bytes,    6334608 total
[2023-10-31T02:44:07.297+0000][7][gc,age      ] GC(29) - age   8:      91120 bytes,    6425728 total
[2023-10-31T02:44:07.297+0000][7][gc,age      ] GC(29) - age   9:    3481600 bytes,    9907328 total
[2023-10-31T02:44:07.297+0000][7][gc,age      ] GC(29) - age  10:    3275712 bytes,   13183040 total
[2023-10-31T02:44:07.297+0000][7][gc,age      ] GC(29) - age  11:    5343320 bytes,   18526360 total
[2023-10-31T02:44:07.298+0000][7][gc,phases   ] GC(29)   Pre Evacuate Collection Set: 0.1ms
[2023-10-31T02:44:07.298+0000][7][gc,phases   ] GC(29)   Merge Heap Roots: 0.1ms
[2023-10-31T02:44:07.298+0000][7][gc,phases   ] GC(29)   Evacuate Collection Set: 11.6ms
[2023-10-31T02:44:07.298+0000][7][gc,phases   ] GC(29)   Post Evacuate Collection Set: 0.8ms
[2023-10-31T02:44:07.298+0000][7][gc,phases   ] GC(29)   Other: 0.2ms
[2023-10-31T02:44:07.298+0000][7][gc,heap     ] GC(29) Eden regions: 71->0(71)
[2023-10-31T02:44:07.298+0000][7][gc,heap     ] GC(29) Survivor regions: 5->5(10)
[2023-10-31T02:44:07.298+0000][7][gc,heap     ] GC(29) Old regions: 19->19
[2023-10-31T02:44:07.298+0000][7][gc,heap     ] GC(29) Archive regions: 2->2
[2023-10-31T02:44:07.298+0000][7][gc,heap     ] GC(29) Humongous regions: 5->5
[2023-10-31T02:44:07.298+0000][7][gc,metaspace] GC(29) Metaspace: 115423K(117184K)->115423K(117184K) NonClass: 99729K(100736K)->99729K(100736K) Class: 15693K(16448K)->15693K(16448K)
[2023-10-31T02:44:07.298+0000][7][gc          ] GC(29) Pause Young (Normal) (G1 Evacuation Pause) 400M->117M(512M) 12.826ms
[2023-10-31T02:44:07.298+0000][7][gc,cpu      ] GC(29) User=0.06s Sys=0.00s Real=0.02s
[2023-10-31T02:44:07.298+0000][7][safepoint   ] Safepoint "G1CollectForAllocation", Time since last: 648543393 ns, Reaching safepoint: 45515 ns, At safepoint: 12901839 ns, Total: 12947354 ns
[2023-10-31T02:44:08.301+0000][7][safepoint   ] Safepoint "Cleanup", Time since last: 1003633681 ns, Reaching safepoint: 213167 ns, At safepoint: 16574 ns, Total: 229741 ns
[2023-10-31T02:44:09.302+0000][7][safepoint   ] Safepoint "Cleanup", Time since last: 1000132692 ns, Reaching safepoint: 51569 ns, At safepoint: 9983 ns, Total: 61552 ns
[2023-10-31T02:44:10.302+0000][7][safepoint   ] Safepoint "Cleanup", Time since last: 1000106710 ns, Reaching safepoint: 79373 ns, At safepoint: 7164 ns, Total: 86537 ns
[2023-10-31T02:44:11.302+0000][7][safepoint   ] Safepoint "Cleanup", Time since last: 1000099767 ns, Reaching safepoint: 44242 ns, At safepoint: 9731 ns, Total: 53973 ns
[2023-10-31T02:44:12.302+0000][7][safepoint   ] Safepoint "Cleanup", Time since last: 1000122439 ns, Reaching safepoint: 38041 ns, At safepoint: 5563 ns, Total: 43604 ns
[2023-10-31T02:44:12.859+0000][7][gc,start    ] GC(30) Pause Young (Normal) (G1 Evacuation Pause)
[2023-10-31T02:44:12.860+0000][7][gc,task     ] GC(30) Using 8 workers of 8 for evacuation
[2023-10-31T02:44:12.860+0000][7][gc,age      ] GC(30) Desired survivor size 20971520 bytes, new threshold 15 (max threshold 15)
[2023-10-31T02:44:12.873+0000][7][gc,age      ] GC(30) Age table with threshold 15 (max threshold 15)
[2023-10-31T02:44:12.873+0000][7][gc,age      ] GC(30) - age   1:    2169360 bytes,    2169360 total
[2023-10-31T02:44:12.873+0000][7][gc,age      ] GC(30) - age   2:     738488 bytes,    2907848 total
[2023-10-31T02:44:12.873+0000][7][gc,age      ] GC(30) - age   3:     301768 bytes,    3209616 total
[2023-10-31T02:44:12.873+0000][7][gc,age      ] GC(30) - age   4:     248320 bytes,    3457936 total
[2023-10-31T02:44:12.873+0000][7][gc,age      ] GC(30) - age   5:     828040 bytes,    4285976 total
[2023-10-31T02:44:12.873+0000][7][gc,age      ] GC(30) - age   6:    1644504 bytes,    5930480 total
[2023-10-31T02:44:12.873+0000][7][gc,age      ] GC(30) - age   7:     313984 bytes,    6244464 total
[2023-10-31T02:44:12.873+0000][7][gc,age      ] GC(30) - age   8:     157376 bytes,    6401840 total
[2023-10-31T02:44:12.873+0000][7][gc,age      ] GC(30) - age   9:      91120 bytes,    6492960 total
[2023-10-31T02:44:12.873+0000][7][gc,age      ] GC(30) - age  10:    3481600 bytes,    9974560 total
[2023-10-31T02:44:12.873+0000][7][gc,age      ] GC(30) - age  11:    3275680 bytes,   13250240 total
[2023-10-31T02:44:12.873+0000][7][gc,age      ] GC(30) - age  12:    5343176 bytes,   18593416 total
[2023-10-31T02:44:12.873+0000][7][gc,phases   ] GC(30)   Pre Evacuate Collection Set: 0.1ms
[2023-10-31T02:44:12.873+0000][7][gc,phases   ] GC(30)   Merge Heap Roots: 0.1ms
[2023-10-31T02:44:12.873+0000][7][gc,phases   ] GC(30)   Evacuate Collection Set: 12.7ms
[2023-10-31T02:44:12.873+0000][7][gc,phases   ] GC(30)   Post Evacuate Collection Set: 0.8ms
[2023-10-31T02:44:12.873+0000][7][gc,phases   ] GC(30)   Other: 0.3ms
[2023-10-31T02:44:12.873+0000][7][gc,heap     ] GC(30) Eden regions: 71->0(71)
[2023-10-31T02:44:12.873+0000][7][gc,heap     ] GC(30) Survivor regions: 5->5(10)
[2023-10-31T02:44:12.873+0000][7][gc,heap     ] GC(30) Old regions: 19->19
[2023-10-31T02:44:12.873+0000][7][gc,heap     ] GC(30) Archive regions: 2->2
[2023-10-31T02:44:12.873+0000][7][gc,heap     ] GC(30) Humongous regions: 5->5
[2023-10-31T02:44:12.873+0000][7][gc,metaspace] GC(30) Metaspace: 115484K(117248K)->115484K(117248K) NonClass: 99790K(100800K)->99790K(100800K) Class: 15694K(16448K)->15694K(16448K)
[2023-10-31T02:44:12.873+0000][7][gc          ] GC(30) Pause Young (Normal) (G1 Evacuation Pause) 400M->116M(512M) 13.983ms
[2023-10-31T02:44:12.873+0000][7][gc,cpu      ] GC(30) User=0.06s Sys=0.00s Real=0.01s
[2023-10-31T02:44:12.873+0000][7][safepoint   ] Safepoint "G1CollectForAllocation", Time since last: 557169293 ns, Reaching safepoint: 81209 ns, At safepoint: 14059065 ns, Total: 14140274 ns
[2023-10-31T02:44:13.874+0000][7][safepoint   ] Safepoint "Cleanup", Time since last: 1000073465 ns, Reaching safepoint: 62868 ns, At safepoint: 4017 ns, Total: 66885 ns
[2023-10-31T02:44:14.889+0000][7][safepoint   ] Safepoint "Cleanup", Time since last: 1015567614 ns, Reaching safepoint: 200470 ns, At safepoint: 12987 ns, Total: 213457 ns
[2023-10-31T02:44:15.890+0000][7][safepoint   ] Safepoint "Cleanup", Time since last: 1000134601 ns, Reaching safepoint: 57195 ns, At safepoint: 5356 ns, Total: 62551 ns
[2023-10-31T02:44:16.890+0000][7][safepoint   ] Safepoint "Cleanup", Time since last: 1000102767 ns, Reaching safepoint: 28429 ns, At safepoint: 7913 ns, Total: 36342 ns
[2023-10-31T02:44:18.062+0000][7][safepoint   ] Safepoint "Cleanup", Time since last: 1172042355 ns, Reaching safepoint: 36887 ns, At safepoint: 4224 ns, Total: 41111 ns
[2023-10-31T02:44:19.062+0000][7][safepoint   ] Safepoint "Cleanup", Time since last: 1000114612 ns, Reaching safepoint: 66138 ns, At safepoint: 5628 ns, Total: 71766 ns
[2023-10-31T02:44:20.062+0000][7][safepoint   ] Safepoint "Cleanup", Time since last: 1000144524 ns, Reaching safepoint: 41691 ns, At safepoint: 4769 ns, Total: 46460 ns
[2023-10-31T02:44:21.062+0000][7][safepoint   ] Safepoint "Cleanup", Time since last: 1000116718 ns, Reaching safepoint: 48475 ns, At safepoint: 7811 ns, Total: 56286 ns
[2023-10-31T02:44:22.063+0000][7][safepoint   ] Safepoint "Cleanup", Time since last: 1000091913 ns, Reaching safepoint: 85696 ns, At safepoint: 6786 ns, Total: 92482 ns
[2023-10-31T02:44:23.063+0000][7][safepoint   ] Safepoint "Cleanup", Time since last: 1000090824 ns, Reaching safepoint: 32545 ns, At safepoint: 4108 ns, Total: 36653 ns
[2023-10-31T02:44:25.063+0000][7][safepoint   ] Safepoint "Cleanup", Time since last: 2000154533 ns, Reaching safepoint: 91585 ns, At safepoint: 6501 ns, Total: 98086 ns
[2023-10-31T02:44:26.063+0000][7][safepoint   ] Safepoint "Cleanup", Time since last: 1000075367 ns, Reaching safepoint: 50456 ns, At safepoint: 3677 ns, Total: 54133 ns
[2023-10-31T02:44:27.063+0000][7][safepoint   ] Safepoint "Cleanup", Time since last: 1000124458 ns, Reaching safepoint: 33851 ns, At safepoint: 3896 ns, Total: 37747 ns
[2023-10-31T02:44:28.063+0000][7][safepoint   ] Safepoint "Cleanup", Time since last: 1000105989 ns, Reaching safepoint: 47400 ns, At safepoint: 4444 ns, Total: 51844 ns
[2023-10-31T02:44:28.396+0000][7][gc,start    ] GC(31) Pause Young (Normal) (G1 Evacuation Pause)
[2023-10-31T02:44:28.396+0000][7][gc,task     ] GC(31) Using 8 workers of 8 for evacuation
[2023-10-31T02:44:28.397+0000][7][gc,age      ] GC(31) Desired survivor size 20971520 bytes, new threshold 15 (max threshold 15)
[2023-10-31T02:44:28.413+0000][7][gc,age      ] GC(31) Age table with threshold 15 (max threshold 15)
[2023-10-31T02:44:28.414+0000][7][gc,age      ] GC(31) - age   1:    2273848 bytes,    2273848 total
[2023-10-31T02:44:28.414+0000][7][gc,age      ] GC(31) - age   2:     582880 bytes,    2856728 total
[2023-10-31T02:44:28.414+0000][7][gc,age      ] GC(31) - age   3:     428072 bytes,    3284800 total
[2023-10-31T02:44:28.414+0000][7][gc,age      ] GC(31) - age   4:      15472 bytes,    3300272 total
[2023-10-31T02:44:28.414+0000][7][gc,age      ] GC(31) - age   5:     247848 bytes,    3548120 total
[2023-10-31T02:44:28.414+0000][7][gc,age      ] GC(31) - age   6:     827728 bytes,    4375848 total
[2023-10-31T02:44:28.414+0000][7][gc,age      ] GC(31) - age   7:    1644376 bytes,    6020224 total
[2023-10-31T02:44:28.414+0000][7][gc,age      ] GC(31) - age   8:     313984 bytes,    6334208 total
[2023-10-31T02:44:28.414+0000][7][gc,age      ] GC(31) - age   9:     157192 bytes,    6491400 total
[2023-10-31T02:44:28.414+0000][7][gc,age      ] GC(31) - age  10:      91120 bytes,    6582520 total
[2023-10-31T02:44:28.414+0000][7][gc,age      ] GC(31) - age  11:    3481600 bytes,   10064120 total
[2023-10-31T02:44:28.414+0000][7][gc,age      ] GC(31) - age  12:    3275312 bytes,   13339432 total
[2023-10-31T02:44:28.414+0000][7][gc,age      ] GC(31) - age  13:    5343176 bytes,   18682608 total
[2023-10-31T02:44:28.414+0000][7][gc,phases   ] GC(31)   Pre Evacuate Collection Set: 0.1ms
[2023-10-31T02:44:28.414+0000][7][gc,phases   ] GC(31)   Merge Heap Roots: 0.1ms
[2023-10-31T02:44:28.414+0000][7][gc,phases   ] GC(31)   Evacuate Collection Set: 15.8ms
[2023-10-31T02:44:28.414+0000][7][gc,phases   ] GC(31)   Post Evacuate Collection Set: 1.0ms
[2023-10-31T02:44:28.414+0000][7][gc,phases   ] GC(31)   Other: 0.4ms
[2023-10-31T02:44:28.414+0000][7][gc,heap     ] GC(31) Eden regions: 71->0(71)
[2023-10-31T02:44:28.414+0000][7][gc,heap     ] GC(31) Survivor regions: 5->5(10)
[2023-10-31T02:44:28.414+0000][7][gc,heap     ] GC(31) Old regions: 19->19
[2023-10-31T02:44:28.414+0000][7][gc,heap     ] GC(31) Archive regions: 2->2
[2023-10-31T02:44:28.414+0000][7][gc,heap     ] GC(31) Humongous regions: 5->5
[2023-10-31T02:44:28.414+0000][7][gc,metaspace] GC(31) Metaspace: 115558K(117312K)->115558K(117312K) NonClass: 99862K(100864K)->99862K(100864K) Class: 15695K(16448K)->15695K(16448K)
[2023-10-31T02:44:28.414+0000][7][gc          ] GC(31) Pause Young (Normal) (G1 Evacuation Pause) 400M->116M(512M) 17.378ms
[2023-10-31T02:44:28.414+0000][7][gc,cpu      ] GC(31) User=0.06s Sys=0.00s Real=0.01s
[2023-10-31T02:44:28.414+0000][7][safepoint   ] Safepoint "G1CollectForAllocation", Time since last: 332808456 ns, Reaching safepoint: 56605 ns, At safepoint: 17537433 ns, Total: 17594038 ns
[2023-10-31T02:44:29.414+0000][7][safepoint   ] Safepoint "Cleanup", Time since last: 1000082721 ns, Reaching safepoint: 42397 ns, At safepoint: 5164 ns, Total: 47561 ns
[2023-10-31T02:44:30.414+0000][7][safepoint   ] Safepoint "Cleanup", Time since last: 1000157243 ns, Reaching safepoint: 57748 ns, At safepoint: 4708 ns, Total: 62456 ns
[2023-10-31T02:44:31.414+0000][7][safepoint   ] Safepoint "Cleanup", Time since last: 1000117344 ns, Reaching safepoint: 70533 ns, At safepoint: 5684 ns, Total: 76217 ns
[2023-10-31T02:44:32.416+0000][7][safepoint   ] Safepoint "Cleanup", Time since last: 1001714609 ns, Reaching safepoint: 99380 ns, At safepoint: 5321 ns, Total: 104701 ns
[2023-10-31T02:44:33.416+0000][7][safepoint   ] Safepoint "Cleanup", Time since last: 1000263285 ns, Reaching safepoint: 47980 ns, At safepoint: 9914 ns, Total: 57894 ns
[2023-10-31T02:44:34.417+0000][7][safepoint   ] Safepoint "Cleanup", Time since last: 1000103629 ns, Reaching safepoint: 70053 ns, At safepoint: 8855 ns, Total: 78908 ns
[2023-10-31T02:44:35.417+0000][7][safepoint   ] Safepoint "Cleanup", Time since last: 1000110390 ns, Reaching safepoint: 47722 ns, At safepoint: 3691 ns, Total: 51413 ns
[2023-10-31T02:44:36.417+0000][7][safepoint   ] Safepoint "Cleanup", Time since last: 1000112201 ns, Reaching safepoint: 49796 ns, At safepoint: 4682 ns, Total: 54478 ns
[2023-10-31T02:44:37.417+0000][7][safepoint   ] Safepoint "Cleanup", Time since last: 1000113200 ns, Reaching safepoint: 56375 ns, At safepoint: 6590 ns, Total: 62965 ns
[2023-10-31T02:44:39.286+0000][7][safepoint   ] Safepoint "Cleanup", Time since last: 1868608618 ns, Reaching safepoint: 88996 ns, At safepoint: 4206 ns, Total: 93202 ns
[2023-10-31T02:44:40.286+0000][7][safepoint   ] Safepoint "Cleanup", Time since last: 1000101128 ns, Reaching safepoint: 61969 ns, At safepoint: 4168 ns, Total: 66137 ns
[2023-10-31T02:44:42.286+0000][7][safepoint   ] Safepoint "Cleanup", Time since last: 2000163496 ns, Reaching safepoint: 50169 ns, At safepoint: 21075 ns, Total: 71244 ns
[2023-10-31T02:44:43.286+0000][7][safepoint   ] Safepoint "Cleanup", Time since last: 1000080968 ns, Reaching safepoint: 50627 ns, At safepoint: 3781 ns, Total: 54408 ns
[2023-10-31T02:44:44.290+0000][7][safepoint   ] Safepoint "Cleanup", Time since last: 1000098415 ns, Reaching safepoint: 3105910 ns, At safepoint: 4566 ns, Total: 3110476 ns
[2023-10-31T02:44:45.290+0000][7][safepoint   ] Safepoint "Cleanup", Time since last: 1000083397 ns, Reaching safepoint: 53698 ns, At safepoint: 3587 ns, Total: 57285 ns
[2023-10-31T02:44:45.326+0000][7][gc,start    ] GC(32) Pause Young (Normal) (G1 Evacuation Pause)
[2023-10-31T02:44:45.326+0000][7][gc,task     ] GC(32) Using 8 workers of 8 for evacuation
[2023-10-31T02:44:45.326+0000][7][gc,age      ] GC(32) Desired survivor size 20971520 bytes, new threshold 15 (max threshold 15)
[2023-10-31T02:44:45.340+0000][7][gc,age      ] GC(32) Age table with threshold 15 (max threshold 15)
[2023-10-31T02:44:45.340+0000][7][gc,age      ] GC(32) - age   1:    1857048 bytes,    1857048 total
[2023-10-31T02:44:45.340+0000][7][gc,age      ] GC(32) - age   2:    1144400 bytes,    3001448 total
[2023-10-31T02:44:45.340+0000][7][gc,age      ] GC(32) - age   3:     522000 bytes,    3523448 total
[2023-10-31T02:44:45.340+0000][7][gc,age      ] GC(32) - age   4:     427624 bytes,    3951072 total
[2023-10-31T02:44:45.340+0000][7][gc,age      ] GC(32) - age   5:      14864 bytes,    3965936 total
[2023-10-31T02:44:45.340+0000][7][gc,age      ] GC(32) - age   6:     247784 bytes,    4213720 total
[2023-10-31T02:44:45.340+0000][7][gc,age      ] GC(32) - age   7:     821640 bytes,    5035360 total
[2023-10-31T02:44:45.340+0000][7][gc,age      ] GC(32) - age   8:    1638328 bytes,    6673688 total
[2023-10-31T02:44:45.340+0000][7][gc,age      ] GC(32) - age   9:     312976 bytes,    6986664 total
[2023-10-31T02:44:45.340+0000][7][gc,age      ] GC(32) - age  10:     157192 bytes,    7143856 total
[2023-10-31T02:44:45.340+0000][7][gc,age      ] GC(32) - age  11:      91104 bytes,    7234960 total
[2023-10-31T02:44:45.340+0000][7][gc,age      ] GC(32) - age  12:    3481328 bytes,   10716288 total
[2023-10-31T02:44:45.340+0000][7][gc,age      ] GC(32) - age  13:    3275176 bytes,   13991464 total
[2023-10-31T02:44:45.340+0000][7][gc,age      ] GC(32) - age  14:    5343072 bytes,   19334536 total
[2023-10-31T02:44:45.340+0000][7][gc,phases   ] GC(32)   Pre Evacuate Collection Set: 0.1ms
[2023-10-31T02:44:45.340+0000][7][gc,phases   ] GC(32)   Merge Heap Roots: 0.1ms
[2023-10-31T02:44:45.340+0000][7][gc,phases   ] GC(32)   Evacuate Collection Set: 12.1ms
[2023-10-31T02:44:45.340+0000][7][gc,phases   ] GC(32)   Post Evacuate Collection Set: 1.1ms
[2023-10-31T02:44:45.340+0000][7][gc,phases   ] GC(32)   Other: 0.2ms
[2023-10-31T02:44:45.340+0000][7][gc,heap     ] GC(32) Eden regions: 71->0(71)
[2023-10-31T02:44:45.340+0000][7][gc,heap     ] GC(32) Survivor regions: 5->5(10)
[2023-10-31T02:44:45.340+0000][7][gc,heap     ] GC(32) Old regions: 19->19
[2023-10-31T02:44:45.340+0000][7][gc,heap     ] GC(32) Archive regions: 2->2
[2023-10-31T02:44:45.340+0000][7][gc,heap     ] GC(32) Humongous regions: 5->5
[2023-10-31T02:44:45.340+0000][7][gc,metaspace] GC(32) Metaspace: 115628K(117376K)->115628K(117376K) NonClass: 99930K(100928K)->99930K(100928K) Class: 15697K(16448K)->15697K(16448K)
[2023-10-31T02:44:45.340+0000][7][gc          ] GC(32) Pause Young (Normal) (G1 Evacuation Pause) 400M->117M(512M) 13.570ms
[2023-10-31T02:44:45.340+0000][7][gc,cpu      ] GC(32) User=0.05s Sys=0.01s Real=0.01s
[2023-10-31T02:44:45.340+0000][7][safepoint   ] Safepoint "G1CollectForAllocation", Time since last: 36589908 ns, Reaching safepoint: 27309 ns, At safepoint: 13643478 ns, Total: 13670787 ns
[2023-10-31T02:44:46.340+0000][7][safepoint   ] Safepoint "Cleanup", Time since last: 1000078066 ns, Reaching safepoint: 74694 ns, At safepoint: 6353 ns, Total: 81047 ns
[2023-10-31T02:44:47.340+0000][7][safepoint   ] Safepoint "Cleanup", Time since last: 1000100852 ns, Reaching safepoint: 69705 ns, At safepoint: 7256 ns, Total: 76961 ns
[2023-10-31T02:44:48.341+0000][7][safepoint   ] Safepoint "Cleanup", Time since last: 1000098621 ns, Reaching safepoint: 61726 ns, At safepoint: 10710 ns, Total: 72436 ns
[2023-10-31T02:44:49.341+0000][7][safepoint   ] Safepoint "Cleanup", Time since last: 1000141441 ns, Reaching safepoint: 56971 ns, At safepoint: 3957 ns, Total: 60928 ns
[2023-10-31T02:44:50.341+0000][7][safepoint   ] Safepoint "Cleanup", Time since last: 1000098803 ns, Reaching safepoint: 36319 ns, At safepoint: 3855 ns, Total: 40174 ns
[2023-10-31T02:44:52.341+0000][7][safepoint   ] Safepoint "Cleanup", Time since last: 2000208745 ns, Reaching safepoint: 126772 ns, At safepoint: 15475 ns, Total: 142247 ns
[2023-10-31T02:44:55.342+0000][7][safepoint   ] Safepoint "Cleanup", Time since last: 3000305410 ns, Reaching safepoint: 133557 ns, At safepoint: 14371 ns, Total: 147928 ns
[2023-10-31T02:44:57.342+0000][7][safepoint   ] Safepoint "Cleanup", Time since last: 2000448508 ns, Reaching safepoint: 79982 ns, At safepoint: 4619 ns, Total: 84601 ns
[2023-10-31T02:44:58.343+0000][7][safepoint   ] Safepoint "Cleanup", Time since last: 1000247832 ns, Reaching safepoint: 45593 ns, At safepoint: 7447 ns, Total: 53040 ns
[2023-10-31T02:44:59.343+0000][7][safepoint   ] Safepoint "Cleanup", Time since last: 1000088350 ns, Reaching safepoint: 48030 ns, At safepoint: 9518 ns, Total: 57548 ns
[2023-10-31T02:45:00.343+0000][7][safepoint   ] Safepoint "Cleanup", Time since last: 1000103642 ns, Reaching safepoint: 69578 ns, At safepoint: 8465 ns, Total: 78043 ns
[2023-10-31T02:45:01.207+0000][7][gc,start    ] GC(33) Pause Young (Normal) (G1 Evacuation Pause)
[2023-10-31T02:45:01.207+0000][7][gc,task     ] GC(33) Using 8 workers of 8 for evacuation
[2023-10-31T02:45:01.207+0000][7][gc,age      ] GC(33) Desired survivor size 20971520 bytes, new threshold 15 (max threshold 15)
[2023-10-31T02:45:01.228+0000][7][gc,age      ] GC(33) Age table with threshold 15 (max threshold 15)
[2023-10-31T02:45:01.229+0000][7][gc,age      ] GC(33) - age   1:    1980504 bytes,    1980504 total
[2023-10-31T02:45:01.229+0000][7][gc,age      ] GC(33) - age   2:     497872 bytes,    2478376 total
[2023-10-31T02:45:01.229+0000][7][gc,age      ] GC(33) - age   3:    1142888 bytes,    3621264 total
[2023-10-31T02:45:01.229+0000][7][gc,age      ] GC(33) - age   4:     521616 bytes,    4142880 total
[2023-10-31T02:45:01.229+0000][7][gc,age      ] GC(33) - age   5:     427192 bytes,    4570072 total
[2023-10-31T02:45:01.229+0000][7][gc,age      ] GC(33) - age   6:      14552 bytes,    4584624 total
[2023-10-31T02:45:01.229+0000][7][gc,age      ] GC(33) - age   7:     239768 bytes,    4824392 total
[2023-10-31T02:45:01.229+0000][7][gc,age      ] GC(33) - age   8:     821440 bytes,    5645832 total
[2023-10-31T02:45:01.229+0000][7][gc,age      ] GC(33) - age   9:    1638328 bytes,    7284160 total
[2023-10-31T02:45:01.229+0000][7][gc,age      ] GC(33) - age  10:     312912 bytes,    7597072 total
[2023-10-31T02:45:01.229+0000][7][gc,age      ] GC(33) - age  11:     157192 bytes,    7754264 total
[2023-10-31T02:45:01.229+0000][7][gc,age      ] GC(33) - age  12:      90968 bytes,    7845232 total
[2023-10-31T02:45:01.229+0000][7][gc,age      ] GC(33) - age  13:    3481328 bytes,   11326560 total
[2023-10-31T02:45:01.229+0000][7][gc,age      ] GC(33) - age  14:    3275176 bytes,   14601736 total
[2023-10-31T02:45:01.229+0000][7][gc,age      ] GC(33) - age  15:    5343072 bytes,   19944808 total
[2023-10-31T02:45:01.229+0000][7][gc,phases   ] GC(33)   Pre Evacuate Collection Set: 0.1ms
[2023-10-31T02:45:01.229+0000][7][gc,phases   ] GC(33)   Merge Heap Roots: 0.1ms
[2023-10-31T02:45:01.229+0000][7][gc,phases   ] GC(33)   Evacuate Collection Set: 19.5ms
[2023-10-31T02:45:01.229+0000][7][gc,phases   ] GC(33)   Post Evacuate Collection Set: 1.5ms
[2023-10-31T02:45:01.229+0000][7][gc,phases   ] GC(33)   Other: 0.4ms
[2023-10-31T02:45:01.229+0000][7][gc,heap     ] GC(33) Eden regions: 71->0(70)
[2023-10-31T02:45:01.229+0000][7][gc,heap     ] GC(33) Survivor regions: 5->6(10)
[2023-10-31T02:45:01.229+0000][7][gc,heap     ] GC(33) Old regions: 19->19
[2023-10-31T02:45:01.229+0000][7][gc,heap     ] GC(33) Archive regions: 2->2
[2023-10-31T02:45:01.229+0000][7][gc,heap     ] GC(33) Humongous regions: 5->5
[2023-10-31T02:45:01.229+0000][7][gc,metaspace] GC(33) Metaspace: 115758K(117504K)->115758K(117504K) NonClass: 100059K(101056K)->100059K(101056K) Class: 15699K(16448K)->15699K(16448K)
[2023-10-31T02:45:01.229+0000][7][gc          ] GC(33) Pause Young (Normal) (G1 Evacuation Pause) 401M->119M(512M) 21.740ms
[2023-10-31T02:45:01.229+0000][7][gc,cpu      ] GC(33) User=0.05s Sys=0.01s Real=0.02s
[2023-10-31T02:45:01.229+0000][7][safepoint   ] Safepoint "G1CollectForAllocation", Time since last: 864094867 ns, Reaching safepoint: 131233 ns, At safepoint: 21846414 ns, Total: 21977647 ns
[2023-10-31T02:45:02.229+0000][7][safepoint   ] Safepoint "Cleanup", Time since last: 1000071358 ns, Reaching safepoint: 43165 ns, At safepoint: 4039 ns, Total: 47204 ns
[2023-10-31T02:45:03.229+0000][7][safepoint   ] Safepoint "Cleanup", Time since last: 1000090784 ns, Reaching safepoint: 35038 ns, At safepoint: 3952 ns, Total: 38990 ns
[2023-10-31T02:45:04.230+0000][7][safepoint   ] Safepoint "Cleanup", Time since last: 1000540198 ns, Reaching safepoint: 190168 ns, At safepoint: 6592 ns, Total: 196760 ns
[2023-10-31T02:45:05.830+0000][7][safepoint   ] Safepoint "Cleanup", Time since last: 1600262530 ns, Reaching safepoint: 109579 ns, At safepoint: 5232 ns, Total: 114811 ns
[2023-10-31T02:45:06.830+0000][7][safepoint   ] Safepoint "Cleanup", Time since last: 1000109792 ns, Reaching safepoint: 76460 ns, At safepoint: 8189 ns, Total: 84649 ns
[2023-10-31T02:45:07.833+0000][7][safepoint   ] Safepoint "Cleanup", Time since last: 1001201836 ns, Reaching safepoint: 1710432 ns, At safepoint: 21318 ns, Total: 1731750 ns
[2023-10-31T02:45:08.865+0000][7][safepoint   ] Safepoint "Cleanup", Time since last: 1031419598 ns, Reaching safepoint: 104797 ns, At safepoint: 4630 ns, Total: 109427 ns
[2023-10-31T02:45:09.865+0000][7][safepoint   ] Safepoint "Cleanup", Time since last: 1000117608 ns, Reaching safepoint: 63441 ns, At safepoint: 11458 ns, Total: 74899 ns
[2023-10-31T02:45:10.865+0000][7][safepoint   ] Safepoint "Cleanup", Time since last: 1000105899 ns, Reaching safepoint: 76199 ns, At safepoint: 5401 ns, Total: 81600 ns
[2023-10-31T02:45:11.865+0000][7][safepoint   ] Safepoint "Cleanup", Time since last: 1000103344 ns, Reaching safepoint: 60480 ns, At safepoint: 7860 ns, Total: 68340 ns
[2023-10-31T02:45:12.866+0000][7][safepoint   ] Safepoint "Cleanup", Time since last: 1000142458 ns, Reaching safepoint: 106550 ns, At safepoint: 6506 ns, Total: 113056 ns
[2023-10-31T02:45:13.866+0000][7][safepoint   ] Safepoint "Cleanup", Time since last: 1000179220 ns, Reaching safepoint: 65148 ns, At safepoint: 10513 ns, Total: 75661 ns
[2023-10-31T02:45:14.866+0000][7][safepoint   ] Safepoint "Cleanup", Time since last: 1000119925 ns, Reaching safepoint: 68654 ns, At safepoint: 4577 ns, Total: 73231 ns
[2023-10-31T02:45:15.866+0000][7][safepoint   ] Safepoint "Cleanup", Time since last: 1000125891 ns, Reaching safepoint: 82282 ns, At safepoint: 6117 ns, Total: 88399 ns
[2023-10-31T02:45:16.867+0000][7][safepoint   ] Safepoint "Cleanup", Time since last: 1000104909 ns, Reaching safepoint: 51735 ns, At safepoint: 9899 ns, Total: 61634 ns
[2023-10-31T02:45:17.867+0000][7][safepoint   ] Safepoint "Cleanup", Time since last: 1000119614 ns, Reaching safepoint: 149669 ns, At safepoint: 13792 ns, Total: 163461 ns
[2023-10-31T02:45:18.867+0000][7][safepoint   ] Safepoint "Cleanup", Time since last: 1000177156 ns, Reaching safepoint: 123931 ns, At safepoint: 22614 ns, Total: 146545 ns
[2023-10-31T02:45:19.083+0000][7][gc,start    ] GC(34) Pause Young (Normal) (G1 Evacuation Pause)
[2023-10-31T02:45:19.084+0000][7][gc,task     ] GC(34) Using 8 workers of 8 for evacuation
[2023-10-31T02:45:19.084+0000][7][gc,age      ] GC(34) Desired survivor size 20971520 bytes, new threshold 15 (max threshold 15)
[2023-10-31T02:45:19.193+0000][7][gc,age      ] GC(34) Age table with threshold 15 (max threshold 15)
[2023-10-31T02:45:19.193+0000][7][gc,age      ] GC(34) - age   1:    2714088 bytes,    2714088 total
[2023-10-31T02:45:19.193+0000][7][gc,age      ] GC(34) - age   2:     515760 bytes,    3229848 total
[2023-10-31T02:45:19.193+0000][7][gc,age      ] GC(34) - age   3:     462888 bytes,    3692736 total
[2023-10-31T02:45:19.193+0000][7][gc,age      ] GC(34) - age   4:    1142032 bytes,    4834768 total
[2023-10-31T02:45:19.193+0000][7][gc,age      ] GC(34) - age   5:     519816 bytes,    5354584 total
[2023-10-31T02:45:19.193+0000][7][gc,age      ] GC(34) - age   6:     324640 bytes,    5679224 total
[2023-10-31T02:45:19.193+0000][7][gc,age      ] GC(34) - age   7:      14488 bytes,    5693712 total
[2023-10-31T02:45:19.193+0000][7][gc,age      ] GC(34) - age   8:     238888 bytes,    5932600 total
[2023-10-31T02:45:19.193+0000][7][gc,age      ] GC(34) - age   9:     776392 bytes,    6708992 total
[2023-10-31T02:45:19.193+0000][7][gc,age      ] GC(34) - age  10:    1637392 bytes,    8346384 total
[2023-10-31T02:45:19.193+0000][7][gc,age      ] GC(34) - age  11:     312896 bytes,    8659280 total
[2023-10-31T02:45:19.193+0000][7][gc,age      ] GC(34) - age  12:     157192 bytes,    8816472 total
[2023-10-31T02:45:19.193+0000][7][gc,age      ] GC(34) - age  13:      90968 bytes,    8907440 total
[2023-10-31T02:45:19.193+0000][7][gc,age      ] GC(34) - age  14:    2390712 bytes,   11298152 total
[2023-10-31T02:45:19.193+0000][7][gc,age      ] GC(34) - age  15:    3275128 bytes,   14573280 total
[2023-10-31T02:45:19.194+0000][7][gc,phases   ] GC(34)   Pre Evacuate Collection Set: 0.7ms
[2023-10-31T02:45:19.194+0000][7][gc,phases   ] GC(34)   Merge Heap Roots: 0.6ms
[2023-10-31T02:45:19.194+0000][7][gc,phases   ] GC(34)   Evacuate Collection Set: 104.5ms
[2023-10-31T02:45:19.194+0000][7][gc,phases   ] GC(34)   Post Evacuate Collection Set: 2.9ms
[2023-10-31T02:45:19.194+0000][7][gc,phases   ] GC(34)   Other: 1.7ms
[2023-10-31T02:45:19.194+0000][7][gc,heap     ] GC(34) Eden regions: 70->0(72)
[2023-10-31T02:45:19.194+0000][7][gc,heap     ] GC(34) Survivor regions: 6->4(10)
[2023-10-31T02:45:19.194+0000][7][gc,heap     ] GC(34) Old regions: 19->20
[2023-10-31T02:45:19.194+0000][7][gc,heap     ] GC(34) Archive regions: 2->2
[2023-10-31T02:45:19.194+0000][7][gc,heap     ] GC(34) Humongous regions: 5->5
[2023-10-31T02:45:19.194+0000][7][gc,metaspace] GC(34) Metaspace: 115907K(117632K)->115907K(117632K) NonClass: 100202K(101184K)->100202K(101184K) Class: 15705K(16448K)->15705K(16448K)
[2023-10-31T02:45:19.194+0000][7][gc          ] GC(34) Pause Young (Normal) (G1 Evacuation Pause) 398M->118M(512M) 110.775ms
[2023-10-31T02:45:19.195+0000][7][gc,cpu      ] GC(34) User=0.24s Sys=0.05s Real=0.11s
[2023-10-31T02:45:19.197+0000][7][safepoint   ] Safepoint "G1CollectForAllocation", Time since last: 215660332 ns, Reaching safepoint: 394472 ns, At safepoint: 113729178 ns, Total: 114123650 ns
[2023-10-31T02:45:20.198+0000][7][safepoint   ] Safepoint "Cleanup", Time since last: 1000537869 ns, Reaching safepoint: 420390 ns, At safepoint: 27330 ns, Total: 447720 ns
[2023-10-31T02:45:22.199+0000][7][safepoint   ] Safepoint "Cleanup", Time since last: 2000972955 ns, Reaching safepoint: 136550 ns, At safepoint: 14693 ns, Total: 151243 ns
[2023-10-31T02:45:23.200+0000][7][safepoint   ] Safepoint "Cleanup", Time since last: 1000220453 ns, Reaching safepoint: 321429 ns, At safepoint: 184087 ns, Total: 505516 ns
[2023-10-31T02:45:25.201+0000][7][safepoint   ] Safepoint "Cleanup", Time since last: 2000665671 ns, Reaching safepoint: 216586 ns, At safepoint: 22241 ns, Total: 238827 ns
[2023-10-31T02:45:26.201+0000][7][safepoint   ] Safepoint "Cleanup", Time since last: 1000415048 ns, Reaching safepoint: 77497 ns, At safepoint: 6961 ns, Total: 84458 ns
[2023-10-31T02:45:28.202+0000][7][safepoint   ] Safepoint "Cleanup", Time since last: 2000224721 ns, Reaching safepoint: 159769 ns, At safepoint: 24574 ns, Total: 184343 ns
[2023-10-31T02:45:30.202+0000][7][safepoint   ] Safepoint "Cleanup", Time since last: 2000331892 ns, Reaching safepoint: 62768 ns, At safepoint: 4710 ns, Total: 67478 ns
[2023-10-31T02:45:31.202+0000][7][safepoint   ] Safepoint "Cleanup", Time since last: 1000101663 ns, Reaching safepoint: 76576 ns, At safepoint: 10319 ns, Total: 86895 ns
[2023-10-31T02:45:33.203+0000][7][safepoint   ] Safepoint "Cleanup", Time since last: 2000339490 ns, Reaching safepoint: 301396 ns, At safepoint: 42240 ns, Total: 343636 ns
[2023-10-31T02:45:34.204+0000][7][safepoint   ] Safepoint "Cleanup", Time since last: 1000481397 ns, Reaching safepoint: 127426 ns, At safepoint: 25823 ns, Total: 153249 ns
[2023-10-31T02:45:35.204+0000][7][safepoint   ] Safepoint "Cleanup", Time since last: 1000237786 ns, Reaching safepoint: 358953 ns, At safepoint: 27189 ns, Total: 386142 ns
[2023-10-31T02:45:37.205+0000][7][safepoint   ] Safepoint "Cleanup", Time since last: 2000594515 ns, Reaching safepoint: 333948 ns, At safepoint: 92751 ns, Total: 426699 ns
[2023-10-31T02:45:38.206+0000][7][safepoint   ] Safepoint "Cleanup", Time since last: 1000547884 ns, Reaching safepoint: 360065 ns, At safepoint: 57779 ns, Total: 417844 ns
[2023-10-31T02:45:39.207+0000][7][safepoint   ] Safepoint "Cleanup", Time since last: 1000595016 ns, Reaching safepoint: 330743 ns, At safepoint: 79196 ns, Total: 409939 ns
[2023-10-31T02:45:40.208+0000][7][safepoint   ] Safepoint "Cleanup", Time since last: 1000294941 ns, Reaching safepoint: 86934 ns, At safepoint: 10590 ns, Total: 97524 ns
[2023-10-31T02:45:41.431+0000][7][gc,start    ] GC(35) Pause Young (Normal) (G1 Evacuation Pause)
[2023-10-31T02:45:41.432+0000][7][gc,task     ] GC(35) Using 8 workers of 8 for evacuation
[2023-10-31T02:45:41.432+0000][7][gc,age      ] GC(35) Desired survivor size 20971520 bytes, new threshold 15 (max threshold 15)
[2023-10-31T02:45:41.467+0000][7][gc,age      ] GC(35) Age table with threshold 15 (max threshold 15)
[2023-10-31T02:45:41.467+0000][7][gc,age      ] GC(35) - age   1:    1401528 bytes,    1401528 total
[2023-10-31T02:45:41.467+0000][7][gc,age      ] GC(35) - age   2:    1873344 bytes,    3274872 total
[2023-10-31T02:45:41.467+0000][7][gc,age      ] GC(35) - age   3:     445768 bytes,    3720640 total
[2023-10-31T02:45:41.467+0000][7][gc,age      ] GC(35) - age   4:     428712 bytes,    4149352 total
[2023-10-31T02:45:41.467+0000][7][gc,age      ] GC(35) - age   5:    1127632 bytes,    5276984 total
[2023-10-31T02:45:41.467+0000][7][gc,age      ] GC(35) - age   6:     519504 bytes,    5796488 total
[2023-10-31T02:45:41.467+0000][7][gc,age      ] GC(35) - age   7:     288720 bytes,    6085208 total
[2023-10-31T02:45:41.467+0000][7][gc,age      ] GC(35) - age   8:      14488 bytes,    6099696 total
[2023-10-31T02:45:41.467+0000][7][gc,age      ] GC(35) - age   9:     238888 bytes,    6338584 total
[2023-10-31T02:45:41.467+0000][7][gc,age      ] GC(35) - age  10:     776392 bytes,    7114976 total
[2023-10-31T02:45:41.467+0000][7][gc,age      ] GC(35) - age  11:    1637392 bytes,    8752368 total
[2023-10-31T02:45:41.467+0000][7][gc,age      ] GC(35) - age  12:     210824 bytes,    8963192 total
[2023-10-31T02:45:41.467+0000][7][gc,age      ] GC(35) - age  13:     157056 bytes,    9120248 total
[2023-10-31T02:45:41.467+0000][7][gc,age      ] GC(35) - age  14:      90968 bytes,    9211216 total
[2023-10-31T02:45:41.467+0000][7][gc,age      ] GC(35) - age  15:    2390712 bytes,   11601928 total
[2023-10-31T02:45:41.468+0000][7][gc,phases   ] GC(35)   Pre Evacuate Collection Set: 0.2ms
[2023-10-31T02:45:41.468+0000][7][gc,phases   ] GC(35)   Merge Heap Roots: 0.1ms
[2023-10-31T02:45:41.468+0000][7][gc,phases   ] GC(35)   Evacuate Collection Set: 21.5ms
[2023-10-31T02:45:41.468+0000][7][gc,phases   ] GC(35)   Post Evacuate Collection Set: 13.4ms
[2023-10-31T02:45:41.468+0000][7][gc,phases   ] GC(35)   Other: 1.0ms
[2023-10-31T02:45:41.468+0000][7][gc,heap     ] GC(35) Eden regions: 72->0(72)
[2023-10-31T02:45:41.468+0000][7][gc,heap     ] GC(35) Survivor regions: 4->4(10)
[2023-10-31T02:45:41.468+0000][7][gc,heap     ] GC(35) Old regions: 20->21
[2023-10-31T02:45:41.468+0000][7][gc,heap     ] GC(35) Archive regions: 2->2
[2023-10-31T02:45:41.468+0000][7][gc,heap     ] GC(35) Humongous regions: 5->5
[2023-10-31T02:45:41.468+0000][7][gc,metaspace] GC(35) Metaspace: 115990K(117696K)->115990K(117696K) NonClass: 100283K(101248K)->100283K(101248K) Class: 15707K(16448K)->15707K(16448K)
[2023-10-31T02:45:41.468+0000][7][gc          ] GC(35) Pause Young (Normal) (G1 Evacuation Pause) 406M->118M(512M) 36.444ms
[2023-10-31T02:45:41.468+0000][7][gc,cpu      ] GC(35) User=0.13s Sys=0.02s Real=0.04s
[2023-10-31T02:45:41.468+0000][7][safepoint   ] Safepoint "G1CollectForAllocation", Time since last: 1223600069 ns, Reaching safepoint: 179909 ns, At safepoint: 36696011 ns, Total: 36875920 ns
[2023-10-31T02:45:43.468+0000][7][safepoint   ] Safepoint "Cleanup", Time since last: 2000283741 ns, Reaching safepoint: 117692 ns, At safepoint: 20320 ns, Total: 138012 ns
[2023-10-31T02:45:45.469+0000][7][safepoint   ] Safepoint "Cleanup", Time since last: 2000428554 ns, Reaching safepoint: 276396 ns, At safepoint: 45348 ns, Total: 321744 ns
[2023-10-31T02:45:46.470+0000][7][safepoint   ] Safepoint "Cleanup", Time since last: 1000346908 ns, Reaching safepoint: 120305 ns, At safepoint: 10550 ns, Total: 130855 ns
[2023-10-31T02:45:47.470+0000][7][safepoint   ] Safepoint "Cleanup", Time since last: 1000283826 ns, Reaching safepoint: 310275 ns, At safepoint: 34732 ns, Total: 345007 ns
[2023-10-31T02:45:48.471+0000][7][safepoint   ] Safepoint "Cleanup", Time since last: 1000442174 ns, Reaching safepoint: 154622 ns, At safepoint: 7843 ns, Total: 162465 ns
[2023-10-31T02:45:49.471+0000][7][safepoint   ] Safepoint "Cleanup", Time since last: 1000290356 ns, Reaching safepoint: 181599 ns, At safepoint: 28624 ns, Total: 210223 ns
[2023-10-31T02:45:50.472+0000][7][safepoint   ] Safepoint "Cleanup", Time since last: 1000316835 ns, Reaching safepoint: 221667 ns, At safepoint: 33436 ns, Total: 255103 ns
[2023-10-31T02:45:51.472+0000][7][safepoint   ] Safepoint "Cleanup", Time since last: 1000311779 ns, Reaching safepoint: 141690 ns, At safepoint: 30236 ns, Total: 171926 ns
[2023-10-31T02:45:52.473+0000][7][safepoint   ] Safepoint "Cleanup", Time since last: 1000234160 ns, Reaching safepoint: 159646 ns, At safepoint: 24157 ns, Total: 183803 ns
[2023-10-31T02:45:55.474+0000][7][safepoint   ] Safepoint "Cleanup", Time since last: 3000505599 ns, Reaching safepoint: 230821 ns, At safepoint: 12588 ns, Total: 243409 ns
[2023-10-31T02:45:56.476+0000][7][safepoint   ] Safepoint "Cleanup", Time since last: 1002089536 ns, Reaching safepoint: 254192 ns, At safepoint: 26460 ns, Total: 280652 ns
[2023-10-31T02:45:57.477+0000][7][safepoint   ] Safepoint "Cleanup", Time since last: 1000496693 ns, Reaching safepoint: 206007 ns, At safepoint: 39101 ns, Total: 245108 ns
[2023-10-31T02:45:58.478+0000][7][safepoint   ] Safepoint "Cleanup", Time since last: 1000407567 ns, Reaching safepoint: 338703 ns, At safepoint: 65748 ns, Total: 404451 ns
[2023-10-31T02:46:00.478+0000][7][safepoint   ] Safepoint "Cleanup", Time since last: 2000346694 ns, Reaching safepoint: 71636 ns, At safepoint: 6352 ns, Total: 77988 ns
[2023-10-31T02:46:01.480+0000][7][safepoint   ] Safepoint "Cleanup", Time since last: 1001479498 ns, Reaching safepoint: 502538 ns, At safepoint: 54215 ns, Total: 556753 ns
[2023-10-31T02:46:02.277+0000][7][gc,start    ] GC(36) Pause Young (Normal) (G1 Evacuation Pause)
[2023-10-31T02:46:02.277+0000][7][gc,task     ] GC(36) Using 8 workers of 8 for evacuation
[2023-10-31T02:46:02.278+0000][7][gc,age      ] GC(36) Desired survivor size 20971520 bytes, new threshold 15 (max threshold 15)
[2023-10-31T02:46:02.315+0000][7][gc,age      ] GC(36) Age table with threshold 15 (max threshold 15)
[2023-10-31T02:46:02.315+0000][7][gc,age      ] GC(36) - age   1:    1934360 bytes,    1934360 total
[2023-10-31T02:46:02.315+0000][7][gc,age      ] GC(36) - age   2:     576400 bytes,    2510760 total
[2023-10-31T02:46:02.316+0000][7][gc,age      ] GC(36) - age   3:    1730104 bytes,    4240864 total
[2023-10-31T02:46:02.316+0000][7][gc,age      ] GC(36) - age   4:     371360 bytes,    4612224 total
[2023-10-31T02:46:02.316+0000][7][gc,age      ] GC(36) - age   5:     428648 bytes,    5040872 total
[2023-10-31T02:46:02.316+0000][7][gc,age      ] GC(36) - age   6:    1127632 bytes,    6168504 total
[2023-10-31T02:46:02.316+0000][7][gc,age      ] GC(36) - age   7:     519504 bytes,    6688008 total
[2023-10-31T02:46:02.316+0000][7][gc,age      ] GC(36) - age   8:     288464 bytes,    6976472 total
[2023-10-31T02:46:02.316+0000][7][gc,age      ] GC(36) - age   9:      14488 bytes,    6990960 total
[2023-10-31T02:46:02.316+0000][7][gc,age      ] GC(36) - age  10:     238888 bytes,    7229848 total
[2023-10-31T02:46:02.316+0000][7][gc,age      ] GC(36) - age  11:     776392 bytes,    8006240 total
[2023-10-31T02:46:02.316+0000][7][gc,age      ] GC(36) - age  12:    1637392 bytes,    9643632 total
[2023-10-31T02:46:02.316+0000][7][gc,age      ] GC(36) - age  13:     210824 bytes,    9854456 total
[2023-10-31T02:46:02.316+0000][7][gc,age      ] GC(36) - age  14:     157056 bytes,   10011512 total
[2023-10-31T02:46:02.316+0000][7][gc,age      ] GC(36) - age  15:      90968 bytes,   10102480 total
[2023-10-31T02:46:02.316+0000][7][gc,phases   ] GC(36)   Pre Evacuate Collection Set: 0.5ms
[2023-10-31T02:46:02.316+0000][7][gc,phases   ] GC(36)   Merge Heap Roots: 0.2ms
[2023-10-31T02:46:02.316+0000][7][gc,phases   ] GC(36)   Evacuate Collection Set: 32.1ms
[2023-10-31T02:46:02.316+0000][7][gc,phases   ] GC(36)   Post Evacuate Collection Set: 4.6ms
[2023-10-31T02:46:02.316+0000][7][gc,phases   ] GC(36)   Other: 1.9ms
[2023-10-31T02:46:02.316+0000][7][gc,heap     ] GC(36) Eden regions: 72->0(73)
[2023-10-31T02:46:02.316+0000][7][gc,heap     ] GC(36) Survivor regions: 4->3(10)
[2023-10-31T02:46:02.316+0000][7][gc,heap     ] GC(36) Old regions: 21->22
[2023-10-31T02:46:02.316+0000][7][gc,heap     ] GC(36) Archive regions: 2->2
[2023-10-31T02:46:02.316+0000][7][gc,heap     ] GC(36) Humongous regions: 5->5
[2023-10-31T02:46:02.316+0000][7][gc,metaspace] GC(36) Metaspace: 116113K(117824K)->116113K(117824K) NonClass: 100405K(101376K)->100405K(101376K) Class: 15707K(16448K)->15707K(16448K)
[2023-10-31T02:46:02.317+0000][7][gc          ] GC(36) Pause Young (Normal) (G1 Evacuation Pause) 406M->119M(512M) 39.590ms
[2023-10-31T02:46:02.317+0000][7][gc,cpu      ] GC(36) User=0.09s Sys=0.02s Real=0.04s
[2023-10-31T02:46:02.317+0000][7][safepoint   ] Safepoint "G1CollectForAllocation", Time since last: 796428764 ns, Reaching safepoint: 220829 ns, At safepoint: 40169256 ns, Total: 40390085 ns
[2023-10-31T02:46:03.317+0000][7][safepoint   ] Safepoint "Cleanup", Time since last: 1000199748 ns, Reaching safepoint: 188590 ns, At safepoint: 13508 ns, Total: 202098 ns
[2023-10-31T02:46:04.318+0000][7][safepoint   ] Safepoint "Cleanup", Time since last: 1000328411 ns, Reaching safepoint: 517143 ns, At safepoint: 96176 ns, Total: 613319 ns
[2023-10-31T02:46:05.319+0000][7][safepoint   ] Safepoint "Cleanup", Time since last: 1000540175 ns, Reaching safepoint: 427235 ns, At safepoint: 66364 ns, Total: 493599 ns
[2023-10-31T02:46:06.320+0000][7][safepoint   ] Safepoint "Cleanup", Time since last: 1000326768 ns, Reaching safepoint: 296961 ns, At safepoint: 88140 ns, Total: 385101 ns
[2023-10-31T02:46:07.321+0000][7][safepoint   ] Safepoint "Cleanup", Time since last: 1000438965 ns, Reaching safepoint: 458765 ns, At safepoint: 94737 ns, Total: 553502 ns
[2023-10-31T02:46:08.322+0000][7][safepoint   ] Safepoint "Cleanup", Time since last: 1000472842 ns, Reaching safepoint: 210753 ns, At safepoint: 21974 ns, Total: 232727 ns
[2023-10-31T02:46:09.322+0000][7][safepoint   ] Safepoint "Cleanup", Time since last: 1000304578 ns, Reaching safepoint: 140541 ns, At safepoint: 10879 ns, Total: 151420 ns
[2023-10-31T02:46:10.323+0000][7][safepoint   ] Safepoint "Cleanup", Time since last: 1000387386 ns, Reaching safepoint: 377820 ns, At safepoint: 48090 ns, Total: 425910 ns
[2023-10-31T02:46:11.324+0000][7][safepoint   ] Safepoint "Cleanup", Time since last: 1000585833 ns, Reaching safepoint: 286947 ns, At safepoint: 71102 ns, Total: 358049 ns
[2023-10-31T02:46:13.325+0000][7][safepoint   ] Safepoint "Cleanup", Time since last: 2000460998 ns, Reaching safepoint: 296616 ns, At safepoint: 67143 ns, Total: 363759 ns
[2023-10-31T02:46:14.325+0000][7][safepoint   ] Safepoint "Cleanup", Time since last: 1000538538 ns, Reaching safepoint: 203438 ns, At safepoint: 25452 ns, Total: 228890 ns
[2023-10-31T02:46:15.326+0000][7][safepoint   ] Safepoint "Cleanup", Time since last: 1000514346 ns, Reaching safepoint: 361891 ns, At safepoint: 140613 ns, Total: 502504 ns
[2023-10-31T02:46:16.328+0000][7][safepoint   ] Safepoint "Cleanup", Time since last: 1000560086 ns, Reaching safepoint: 433703 ns, At safepoint: 107247 ns, Total: 540950 ns
[2023-10-31T02:46:17.329+0000][7][safepoint   ] Safepoint "Cleanup", Time since last: 1000553547 ns, Reaching safepoint: 325338 ns, At safepoint: 113848 ns, Total: 439186 ns
[2023-10-31T02:46:19.329+0000][7][safepoint   ] Safepoint "Cleanup", Time since last: 2000427259 ns, Reaching safepoint: 250094 ns, At safepoint: 71981 ns, Total: 322075 ns
[2023-10-31T02:46:20.330+0000][7][safepoint   ] Safepoint "Cleanup", Time since last: 1000363929 ns, Reaching safepoint: 150603 ns, At safepoint: 14166 ns, Total: 164769 ns
[2023-10-31T02:46:22.330+0000][7][safepoint   ] Safepoint "Cleanup", Time since last: 2000256579 ns, Reaching safepoint: 96084 ns, At safepoint: 32106 ns, Total: 128190 ns
[2023-10-31T02:46:23.331+0000][7][safepoint   ] Safepoint "Cleanup", Time since last: 1000218743 ns, Reaching safepoint: 190863 ns, At safepoint: 15174 ns, Total: 206037 ns
[2023-10-31T02:46:24.387+0000][7][gc,start    ] GC(37) Pause Young (Normal) (G1 Evacuation Pause)
[2023-10-31T02:46:24.387+0000][7][gc,task     ] GC(37) Using 8 workers of 8 for evacuation
[2023-10-31T02:46:24.387+0000][7][gc,age      ] GC(37) Desired survivor size 20971520 bytes, new threshold 15 (max threshold 15)
[2023-10-31T02:46:24.401+0000][7][gc,age      ] GC(37) Age table with threshold 15 (max threshold 15)
[2023-10-31T02:46:24.401+0000][7][gc,age      ] GC(37) - age   1:    1085464 bytes,    1085464 total
[2023-10-31T02:46:24.401+0000][7][gc,age      ] GC(37) - age   2:     446816 bytes,    1532280 total
[2023-10-31T02:46:24.401+0000][7][gc,age      ] GC(37) - age   3:     414944 bytes,    1947224 total
[2023-10-31T02:46:24.401+0000][7][gc,age      ] GC(37) - age   4:    1728416 bytes,    3675640 total
[2023-10-31T02:46:24.401+0000][7][gc,age      ] GC(37) - age   5:     370880 bytes,    4046520 total
[2023-10-31T02:46:24.401+0000][7][gc,age      ] GC(37) - age   6:     428032 bytes,    4474552 total
[2023-10-31T02:46:24.401+0000][7][gc,age      ] GC(37) - age   7:    1127632 bytes,    5602184 total
[2023-10-31T02:46:24.401+0000][7][gc,age      ] GC(37) - age   8:     519192 bytes,    6121376 total
[2023-10-31T02:46:24.401+0000][7][gc,age      ] GC(37) - age   9:     288464 bytes,    6409840 total
[2023-10-31T02:46:24.401+0000][7][gc,age      ] GC(37) - age  10:      14488 bytes,    6424328 total
[2023-10-31T02:46:24.401+0000][7][gc,age      ] GC(37) - age  11:     238888 bytes,    6663216 total
[2023-10-31T02:46:24.401+0000][7][gc,age      ] GC(37) - age  12:     776392 bytes,    7439608 total
[2023-10-31T02:46:24.401+0000][7][gc,age      ] GC(37) - age  13:    1637392 bytes,    9077000 total
[2023-10-31T02:46:24.401+0000][7][gc,age      ] GC(37) - age  14:     210824 bytes,    9287824 total
[2023-10-31T02:46:24.401+0000][7][gc,age      ] GC(37) - age  15:     157056 bytes,    9444880 total
[2023-10-31T02:46:24.401+0000][7][gc,phases   ] GC(37)   Pre Evacuate Collection Set: 0.2ms
[2023-10-31T02:46:24.401+0000][7][gc,phases   ] GC(37)   Merge Heap Roots: 0.1ms
[2023-10-31T02:46:24.401+0000][7][gc,phases   ] GC(37)   Evacuate Collection Set: 11.0ms
[2023-10-31T02:46:24.401+0000][7][gc,phases   ] GC(37)   Post Evacuate Collection Set: 2.0ms
[2023-10-31T02:46:24.401+0000][7][gc,phases   ] GC(37)   Other: 1.1ms
[2023-10-31T02:46:24.401+0000][7][gc,heap     ] GC(37) Eden regions: 73->0(73)
[2023-10-31T02:46:24.401+0000][7][gc,heap     ] GC(37) Survivor regions: 3->3(10)
[2023-10-31T02:46:24.401+0000][7][gc,heap     ] GC(37) Old regions: 22->22
[2023-10-31T02:46:24.401+0000][7][gc,heap     ] GC(37) Archive regions: 2->2
[2023-10-31T02:46:24.401+0000][7][gc,heap     ] GC(37) Humongous regions: 5->5
[2023-10-31T02:46:24.401+0000][7][gc,metaspace] GC(37) Metaspace: 116265K(118016K)->116265K(118016K) NonClass: 100556K(101568K)->100556K(101568K) Class: 15708K(16448K)->15708K(16448K)
[2023-10-31T02:46:24.401+0000][7][gc          ] GC(37) Pause Young (Normal) (G1 Evacuation Pause) 411M->118M(512M) 14.436ms
[2023-10-31T02:46:24.401+0000][7][gc,cpu      ] GC(37) User=0.06s Sys=0.00s Real=0.01s
[2023-10-31T02:46:24.401+0000][7][safepoint   ] Safepoint "G1CollectForAllocation", Time since last: 1055657643 ns, Reaching safepoint: 451460 ns, At safepoint: 14726963 ns, Total: 15178423 ns
[2023-10-31T02:46:25.402+0000][7][safepoint   ] Safepoint "Cleanup", Time since last: 1000137944 ns, Reaching safepoint: 199898 ns, At safepoint: 9445 ns, Total: 209343 ns
[2023-10-31T02:46:27.402+0000][7][safepoint   ] Safepoint "Cleanup", Time since last: 2000344251 ns, Reaching safepoint: 108032 ns, At safepoint: 8129 ns, Total: 116161 ns
[2023-10-31T02:46:28.403+0000][7][safepoint   ] Safepoint "Cleanup", Time since last: 1000269827 ns, Reaching safepoint: 280208 ns, At safepoint: 31572 ns, Total: 311780 ns
[2023-10-31T02:46:30.404+0000][7][safepoint   ] Safepoint "Cleanup", Time since last: 2000531307 ns, Reaching safepoint: 234340 ns, At safepoint: 38985 ns, Total: 273325 ns
[2023-10-31T02:46:31.404+0000][7][safepoint   ] Safepoint "Cleanup", Time since last: 1000473189 ns, Reaching safepoint: 197661 ns, At safepoint: 15353 ns, Total: 213014 ns
[2023-10-31T02:46:32.405+0000][7][safepoint   ] Safepoint "Cleanup", Time since last: 1000256976 ns, Reaching safepoint: 66097 ns, At safepoint: 6663 ns, Total: 72760 ns
[2023-10-31T02:46:34.405+0000][7][safepoint   ] Safepoint "Cleanup", Time since last: 2000298954 ns, Reaching safepoint: 165875 ns, At safepoint: 13105 ns, Total: 178980 ns
[2023-10-31T02:46:35.406+0000][7][safepoint   ] Safepoint "Cleanup", Time since last: 1000326093 ns, Reaching safepoint: 296083 ns, At safepoint: 40452 ns, Total: 336535 ns
[2023-10-31T02:46:36.407+0000][7][safepoint   ] Safepoint "Cleanup", Time since last: 1000745507 ns, Reaching safepoint: 382623 ns, At safepoint: 128698 ns, Total: 511321 ns
[2023-10-31T02:46:37.408+0000][7][safepoint   ] Safepoint "Cleanup", Time since last: 1000589688 ns, Reaching safepoint: 157894 ns, At safepoint: 9465 ns, Total: 167359 ns
[2023-10-31T02:46:39.408+0000][7][safepoint   ] Safepoint "Cleanup", Time since last: 2000350116 ns, Reaching safepoint: 205290 ns, At safepoint: 24933 ns, Total: 230223 ns
[2023-10-31T02:46:40.409+0000][7][safepoint   ] Safepoint "Cleanup", Time since last: 1000316642 ns, Reaching safepoint: 282231 ns, At safepoint: 40957 ns, Total: 323188 ns
[2023-10-31T02:46:42.410+0000][7][safepoint   ] Safepoint "Cleanup", Time since last: 2000432777 ns, Reaching safepoint: 78843 ns, At safepoint: 5451 ns, Total: 84294 ns
[2023-10-31T02:46:43.410+0000][7][safepoint   ] Safepoint "Cleanup", Time since last: 1000145895 ns, Reaching safepoint: 91973 ns, At safepoint: 6858 ns, Total: 98831 ns
[2023-10-31T02:46:45.411+0000][7][safepoint   ] Safepoint "Cleanup", Time since last: 2000381157 ns, Reaching safepoint: 340887 ns, At safepoint: 38222 ns, Total: 379109 ns
[2023-10-31T02:46:45.672+0000][7][gc,start    ] GC(38) Pause Young (Normal) (G1 Evacuation Pause)
[2023-10-31T02:46:45.672+0000][7][gc,task     ] GC(38) Using 8 workers of 8 for evacuation
[2023-10-31T02:46:45.672+0000][7][gc,age      ] GC(38) Desired survivor size 20971520 bytes, new threshold 15 (max threshold 15)
[2023-10-31T02:46:45.694+0000][7][gc,age      ] GC(38) Age table with threshold 15 (max threshold 15)
[2023-10-31T02:46:45.695+0000][7][gc,age      ] GC(38) - age   1:    1769408 bytes,    1769408 total
[2023-10-31T02:46:45.695+0000][7][gc,age      ] GC(38) - age   2:     386368 bytes,    2155776 total
[2023-10-31T02:46:45.695+0000][7][gc,age      ] GC(38) - age   3:     444952 bytes,    2600728 total
[2023-10-31T02:46:45.695+0000][7][gc,age      ] GC(38) - age   4:     347816 bytes,    2948544 total
[2023-10-31T02:46:45.695+0000][7][gc,age      ] GC(38) - age   5:    1727488 bytes,    4676032 total
[2023-10-31T02:46:45.695+0000][7][gc,age      ] GC(38) - age   6:     337840 bytes,    5013872 total
[2023-10-31T02:46:45.695+0000][7][gc,age      ] GC(38) - age   7:     427784 bytes,    5441656 total
[2023-10-31T02:46:45.695+0000][7][gc,age      ] GC(38) - age   8:    1127568 bytes,    6569224 total
[2023-10-31T02:46:45.695+0000][7][gc,age      ] GC(38) - age   9:     519192 bytes,    7088416 total
[2023-10-31T02:46:45.695+0000][7][gc,age      ] GC(38) - age  10:     288464 bytes,    7376880 total
[2023-10-31T02:46:45.695+0000][7][gc,age      ] GC(38) - age  11:      14488 bytes,    7391368 total
[2023-10-31T02:46:45.695+0000][7][gc,age      ] GC(38) - age  12:     238824 bytes,    7630192 total
[2023-10-31T02:46:45.695+0000][7][gc,age      ] GC(38) - age  13:     776256 bytes,    8406448 total
[2023-10-31T02:46:45.695+0000][7][gc,age      ] GC(38) - age  14:    1637392 bytes,   10043840 total
[2023-10-31T02:46:45.695+0000][7][gc,age      ] GC(38) - age  15:     210688 bytes,   10254528 total
[2023-10-31T02:46:45.695+0000][7][gc,phases   ] GC(38)   Pre Evacuate Collection Set: 0.3ms
[2023-10-31T02:46:45.696+0000][7][gc,phases   ] GC(38)   Merge Heap Roots: 0.2ms
[2023-10-31T02:46:45.696+0000][7][gc,phases   ] GC(38)   Evacuate Collection Set: 21.0ms
[2023-10-31T02:46:45.696+0000][7][gc,phases   ] GC(38)   Post Evacuate Collection Set: 1.0ms
[2023-10-31T02:46:45.696+0000][7][gc,phases   ] GC(38)   Other: 1.5ms
[2023-10-31T02:46:45.696+0000][7][gc,heap     ] GC(38) Eden regions: 73->0(73)
[2023-10-31T02:46:45.696+0000][7][gc,heap     ] GC(38) Survivor regions: 3->3(10)
[2023-10-31T02:46:45.696+0000][7][gc,heap     ] GC(38) Old regions: 22->22
[2023-10-31T02:46:45.696+0000][7][gc,heap     ] GC(38) Archive regions: 2->2
[2023-10-31T02:46:45.696+0000][7][gc,heap     ] GC(38) Humongous regions: 5->5
[2023-10-31T02:46:45.696+0000][7][gc,metaspace] GC(38) Metaspace: 116360K(118144K)->116360K(118144K) NonClass: 100651K(101696K)->100651K(101696K) Class: 15708K(16448K)->15708K(16448K)
[2023-10-31T02:46:45.696+0000][7][gc          ] GC(38) Pause Young (Normal) (G1 Evacuation Pause) 410M->119M(512M) 24.619ms
[2023-10-31T02:46:45.697+0000][7][gc,cpu      ] GC(38) User=0.11s Sys=0.00s Real=0.03s
[2023-10-31T02:46:45.697+0000][7][safepoint   ] Safepoint "G1CollectForAllocation", Time since last: 260712023 ns, Reaching safepoint: 188741 ns, At safepoint: 25477227 ns, Total: 25665968 ns
[2023-10-31T02:46:46.697+0000][7][safepoint   ] Safepoint "Cleanup", Time since last: 1000300028 ns, Reaching safepoint: 162029 ns, At safepoint: 19712 ns, Total: 181741 ns
[2023-10-31T02:46:47.698+0000][7][safepoint   ] Safepoint "Cleanup", Time since last: 1000198669 ns, Reaching safepoint: 141324 ns, At safepoint: 13234 ns, Total: 154558 ns
[2023-10-31T02:46:48.698+0000][7][safepoint   ] Safepoint "Cleanup", Time since last: 1000245570 ns, Reaching safepoint: 73746 ns, At safepoint: 5286 ns, Total: 79032 ns
[2023-10-31T02:46:49.699+0000][7][safepoint   ] Safepoint "Cleanup", Time since last: 1000199336 ns, Reaching safepoint: 387511 ns, At safepoint: 116218 ns, Total: 503729 ns
[2023-10-31T02:46:50.699+0000][7][safepoint   ] Safepoint "Cleanup", Time since last: 1000406826 ns, Reaching safepoint: 203349 ns, At safepoint: 8683 ns, Total: 212032 ns
[2023-10-31T02:46:51.700+0000][7][safepoint   ] Safepoint "Cleanup", Time since last: 1000473785 ns, Reaching safepoint: 221692 ns, At safepoint: 58629 ns, Total: 280321 ns
[2023-10-31T02:46:52.701+0000][7][safepoint   ] Safepoint "Cleanup", Time since last: 1000308284 ns, Reaching safepoint: 394857 ns, At safepoint: 47599 ns, Total: 442456 ns
[2023-10-31T02:46:54.702+0000][7][safepoint   ] Safepoint "Cleanup", Time since last: 2000617507 ns, Reaching safepoint: 305506 ns, At safepoint: 20743 ns, Total: 326249 ns
[2023-10-31T02:46:55.703+0000][7][safepoint   ] Safepoint "Cleanup", Time since last: 1000453083 ns, Reaching safepoint: 324302 ns, At safepoint: 33836 ns, Total: 358138 ns
[2023-10-31T02:46:57.704+0000][7][safepoint   ] Safepoint "Cleanup", Time since last: 2000729744 ns, Reaching safepoint: 246494 ns, At safepoint: 37151 ns, Total: 283645 ns
[2023-10-31T02:46:58.705+0000][7][safepoint   ] Safepoint "Cleanup", Time since last: 1000584816 ns, Reaching safepoint: 506719 ns, At safepoint: 69088 ns, Total: 575807 ns
[2023-10-31T02:46:59.705+0000][7][safepoint   ] Safepoint "Cleanup", Time since last: 1000229065 ns, Reaching safepoint: 107675 ns, At safepoint: 22579 ns, Total: 130254 ns
[2023-10-31T02:47:00.706+0000][7][safepoint   ] Safepoint "Cleanup", Time since last: 1000388590 ns, Reaching safepoint: 142886 ns, At safepoint: 8107 ns, Total: 150993 ns
[2023-10-31T02:47:02.707+0000][7][safepoint   ] Safepoint "Cleanup", Time since last: 2000677766 ns, Reaching safepoint: 363130 ns, At safepoint: 43477 ns, Total: 406607 ns
[2023-10-31T02:47:04.708+0000][7][safepoint   ] Safepoint "Cleanup", Time since last: 2000559217 ns, Reaching safepoint: 206343 ns, At safepoint: 29112 ns, Total: 235455 ns
[2023-10-31T02:47:05.709+0000][7][safepoint   ] Safepoint "Cleanup", Time since last: 1000513383 ns, Reaching safepoint: 367141 ns, At safepoint: 55092 ns, Total: 422233 ns
[2023-10-31T02:47:06.709+0000][7][safepoint   ] Safepoint "Cleanup", Time since last: 1000528642 ns, Reaching safepoint: 260401 ns, At safepoint: 62890 ns, Total: 323291 ns
[2023-10-31T02:47:07.710+0000][7][safepoint   ] Safepoint "Cleanup", Time since last: 1000250383 ns, Reaching safepoint: 171142 ns, At safepoint: 7968 ns, Total: 179110 ns
[2023-10-31T02:47:08.711+0000][7][safepoint   ] Safepoint "Cleanup", Time since last: 1000318903 ns, Reaching safepoint: 404863 ns, At safepoint: 20506 ns, Total: 425369 ns
[2023-10-31T02:47:09.293+0000][7][gc,start    ] GC(39) Pause Young (Normal) (G1 Evacuation Pause)
[2023-10-31T02:47:09.293+0000][7][gc,task     ] GC(39) Using 8 workers of 8 for evacuation
[2023-10-31T02:47:09.293+0000][7][gc,age      ] GC(39) Desired survivor size 20971520 bytes, new threshold 15 (max threshold 15)
[2023-10-31T02:47:09.306+0000][7][gc,age      ] GC(39) Age table with threshold 15 (max threshold 15)
[2023-10-31T02:47:09.307+0000][7][gc,age      ] GC(39) - age   1:    1745168 bytes,    1745168 total
[2023-10-31T02:47:09.307+0000][7][gc,age      ] GC(39) - age   2:     694416 bytes,    2439584 total
[2023-10-31T02:47:09.307+0000][7][gc,age      ] GC(39) - age   3:     258744 bytes,    2698328 total
[2023-10-31T02:47:09.307+0000][7][gc,age      ] GC(39) - age   4:     436400 bytes,    3134728 total
[2023-10-31T02:47:09.307+0000][7][gc,age      ] GC(39) - age   5:     347752 bytes,    3482480 total
[2023-10-31T02:47:09.307+0000][7][gc,age      ] GC(39) - age   6:    1727296 bytes,    5209776 total
[2023-10-31T02:47:09.307+0000][7][gc,age      ] GC(39) - age   7:     337704 bytes,    5547480 total
[2023-10-31T02:47:09.307+0000][7][gc,age      ] GC(39) - age   8:     427648 bytes,    5975128 total
[2023-10-31T02:47:09.307+0000][7][gc,age      ] GC(39) - age   9:    1127328 bytes,    7102456 total
[2023-10-31T02:47:09.307+0000][7][gc,age      ] GC(39) - age  10:     519192 bytes,    7621648 total
[2023-10-31T02:47:09.307+0000][7][gc,age      ] GC(39) - age  11:     288464 bytes,    7910112 total
[2023-10-31T02:47:09.307+0000][7][gc,age      ] GC(39) - age  12:      14488 bytes,    7924600 total
[2023-10-31T02:47:09.307+0000][7][gc,age      ] GC(39) - age  13:     238824 bytes,    8163424 total
[2023-10-31T02:47:09.307+0000][7][gc,age      ] GC(39) - age  14:     776256 bytes,    8939680 total
[2023-10-31T02:47:09.307+0000][7][gc,age      ] GC(39) - age  15:    1637392 bytes,   10577072 total
[2023-10-31T02:47:09.307+0000][7][gc,phases   ] GC(39)   Pre Evacuate Collection Set: 0.2ms
[2023-10-31T02:47:09.307+0000][7][gc,phases   ] GC(39)   Merge Heap Roots: 0.1ms
[2023-10-31T02:47:09.307+0000][7][gc,phases   ] GC(39)   Evacuate Collection Set: 9.0ms
[2023-10-31T02:47:09.307+0000][7][gc,phases   ] GC(39)   Post Evacuate Collection Set: 3.0ms
[2023-10-31T02:47:09.307+0000][7][gc,phases   ] GC(39)   Other: 1.6ms
[2023-10-31T02:47:09.307+0000][7][gc,heap     ] GC(39) Eden regions: 73->0(73)
[2023-10-31T02:47:09.307+0000][7][gc,heap     ] GC(39) Survivor regions: 3->3(10)
[2023-10-31T02:47:09.307+0000][7][gc,heap     ] GC(39) Old regions: 22->22
[2023-10-31T02:47:09.307+0000][7][gc,heap     ] GC(39) Archive regions: 2->2
[2023-10-31T02:47:09.307+0000][7][gc,heap     ] GC(39) Humongous regions: 5->5
[2023-10-31T02:47:09.307+0000][7][gc,metaspace] GC(39) Metaspace: 116482K(118272K)->116482K(118272K) NonClass: 100773K(101824K)->100773K(101824K) Class: 15708K(16448K)->15708K(16448K)
[2023-10-31T02:47:09.307+0000][7][gc          ] GC(39) Pause Young (Normal) (G1 Evacuation Pause) 411M->119M(512M) 13.874ms
[2023-10-31T02:47:09.307+0000][7][gc,cpu      ] GC(39) User=0.06s Sys=0.01s Real=0.02s
[2023-10-31T02:47:09.307+0000][7][safepoint   ] Safepoint "G1CollectForAllocation", Time since last: 582506580 ns, Reaching safepoint: 65431 ns, At safepoint: 14091142 ns, Total: 14156573 ns
[2023-10-31T02:47:10.308+0000][7][safepoint   ] Safepoint "Cleanup", Time since last: 1000201735 ns, Reaching safepoint: 391924 ns, At safepoint: 84681 ns, Total: 476605 ns
[2023-10-31T02:47:11.309+0000][7][safepoint   ] Safepoint "Cleanup", Time since last: 1000663761 ns, Reaching safepoint: 341591 ns, At safepoint: 56842 ns, Total: 398433 ns
[2023-10-31T02:47:13.310+0000][7][safepoint   ] Safepoint "Cleanup", Time since last: 2000778494 ns, Reaching safepoint: 375916 ns, At safepoint: 35486 ns, Total: 411402 ns
[2023-10-31T02:47:14.368+0000][7][safepoint   ] Safepoint "Cleanup", Time since last: 1057466779 ns, Reaching safepoint: 212827 ns, At safepoint: 11483 ns, Total: 224310 ns
[2023-10-31T02:47:15.368+0000][7][safepoint   ] Safepoint "Cleanup", Time since last: 1000242809 ns, Reaching safepoint: 157973 ns, At safepoint: 25504 ns, Total: 183477 ns
[2023-10-31T02:47:16.369+0000][7][safepoint   ] Safepoint "Cleanup", Time since last: 1000334942 ns, Reaching safepoint: 285538 ns, At safepoint: 99018 ns, Total: 384556 ns
[2023-10-31T02:47:18.370+0000][7][safepoint   ] Safepoint "Cleanup", Time since last: 2000722338 ns, Reaching safepoint: 401200 ns, At safepoint: 94274 ns, Total: 495474 ns
[2023-10-31T02:47:19.371+0000][7][safepoint   ] Safepoint "Cleanup", Time since last: 1000667530 ns, Reaching safepoint: 432343 ns, At safepoint: 126709 ns, Total: 559052 ns
[2023-10-31T02:47:20.372+0000][7][safepoint   ] Safepoint "Cleanup", Time since last: 1000367003 ns, Reaching safepoint: 62134 ns, At safepoint: 6578 ns, Total: 68712 ns
[2023-10-31T02:47:22.373+0000][7][safepoint   ] Safepoint "Cleanup", Time since last: 2000309209 ns, Reaching safepoint: 240202 ns, At safepoint: 75349 ns, Total: 315551 ns
[2023-10-31T02:47:23.373+0000][7][safepoint   ] Safepoint "Cleanup", Time since last: 1000645974 ns, Reaching safepoint: 188672 ns, At safepoint: 10137 ns, Total: 198809 ns
[2023-10-31T02:47:25.374+0000][7][safepoint   ] Safepoint "Cleanup", Time since last: 2000309248 ns, Reaching safepoint: 147750 ns, At safepoint: 22401 ns, Total: 170151 ns
[2023-10-31T02:47:26.374+0000][7][safepoint   ] Safepoint "Cleanup", Time since last: 1000149644 ns, Reaching safepoint: 129982 ns, At safepoint: 9259 ns, Total: 139241 ns
[2023-10-31T02:47:27.375+0000][7][safepoint   ] Safepoint "Cleanup", Time since last: 1000277992 ns, Reaching safepoint: 215170 ns, At safepoint: 36696 ns, Total: 251866 ns
[2023-10-31T02:47:28.375+0000][7][safepoint   ] Safepoint "Cleanup", Time since last: 1000277517 ns, Reaching safepoint: 198852 ns, At safepoint: 26014 ns, Total: 224866 ns
[2023-10-31T02:47:30.376+0000][7][safepoint   ] Safepoint "Cleanup", Time since last: 2000354623 ns, Reaching safepoint: 193289 ns, At safepoint: 15578 ns, Total: 208867 ns
[2023-10-31T02:47:31.174+0000][7][gc,start    ] GC(40) Pause Young (Normal) (G1 Evacuation Pause)
[2023-10-31T02:47:31.175+0000][7][gc,task     ] GC(40) Using 8 workers of 8 for evacuation
[2023-10-31T02:47:31.175+0000][7][gc,age      ] GC(40) Desired survivor size 20971520 bytes, new threshold 15 (max threshold 15)
[2023-10-31T02:47:31.206+0000][7][gc,age      ] GC(40) Age table with threshold 15 (max threshold 15)
[2023-10-31T02:47:31.206+0000][7][gc,age      ] GC(40) - age   1:    2235880 bytes,    2235880 total
[2023-10-31T02:47:31.206+0000][7][gc,age      ] GC(40) - age   2:     669112 bytes,    2904992 total
[2023-10-31T02:47:31.206+0000][7][gc,age      ] GC(40) - age   3:     643392 bytes,    3548384 total
[2023-10-31T02:47:31.206+0000][7][gc,age      ] GC(40) - age   4:     257632 bytes,    3806016 total
[2023-10-31T02:47:31.206+0000][7][gc,age      ] GC(40) - age   5:     436080 bytes,    4242096 total
[2023-10-31T02:47:31.206+0000][7][gc,age      ] GC(40) - age   6:     347616 bytes,    4589712 total
[2023-10-31T02:47:31.206+0000][7][gc,age      ] GC(40) - age   7:    1725400 bytes,    6315112 total
[2023-10-31T02:47:31.206+0000][7][gc,age      ] GC(40) - age   8:     337704 bytes,    6652816 total
[2023-10-31T02:47:31.206+0000][7][gc,age      ] GC(40) - age   9:     427648 bytes,    7080464 total
[2023-10-31T02:47:31.206+0000][7][gc,age      ] GC(40) - age  10:    1127328 bytes,    8207792 total
[2023-10-31T02:47:31.206+0000][7][gc,age      ] GC(40) - age  11:     519192 bytes,    8726984 total
[2023-10-31T02:47:31.206+0000][7][gc,age      ] GC(40) - age  12:     288464 bytes,    9015448 total
[2023-10-31T02:47:31.206+0000][7][gc,age      ] GC(40) - age  13:      14488 bytes,    9029936 total
[2023-10-31T02:47:31.206+0000][7][gc,age      ] GC(40) - age  14:     238824 bytes,    9268760 total
[2023-10-31T02:47:31.206+0000][7][gc,age      ] GC(40) - age  15:     776256 bytes,   10045016 total
[2023-10-31T02:47:31.206+0000][7][gc,phases   ] GC(40)   Pre Evacuate Collection Set: 0.1ms
[2023-10-31T02:47:31.206+0000][7][gc,phases   ] GC(40)   Merge Heap Roots: 0.1ms
[2023-10-31T02:47:31.206+0000][7][gc,phases   ] GC(40)   Evacuate Collection Set: 28.5ms
[2023-10-31T02:47:31.206+0000][7][gc,phases   ] GC(40)   Post Evacuate Collection Set: 2.4ms
[2023-10-31T02:47:31.207+0000][7][gc,phases   ] GC(40)   Other: 0.7ms
[2023-10-31T02:47:31.207+0000][7][gc,heap     ] GC(40) Eden regions: 73->0(73)
[2023-10-31T02:47:31.207+0000][7][gc,heap     ] GC(40) Survivor regions: 3->3(10)
[2023-10-31T02:47:31.207+0000][7][gc,heap     ] GC(40) Old regions: 22->22
[2023-10-31T02:47:31.207+0000][7][gc,heap     ] GC(40) Archive regions: 2->2
[2023-10-31T02:47:31.207+0000][7][gc,heap     ] GC(40) Humongous regions: 5->5
[2023-10-31T02:47:31.207+0000][7][gc,metaspace] GC(40) Metaspace: 116585K(118336K)->116585K(118336K) NonClass: 100876K(101888K)->100876K(101888K) Class: 15708K(16448K)->15708K(16448K)
[2023-10-31T02:47:31.207+0000][7][gc          ] GC(40) Pause Young (Normal) (G1 Evacuation Pause) 411M->121M(512M) 32.425ms
[2023-10-31T02:47:31.207+0000][7][gc,cpu      ] GC(40) User=0.07s Sys=0.02s Real=0.04s
[2023-10-31T02:47:31.207+0000][7][safepoint   ] Safepoint "G1CollectForAllocation", Time since last: 798542620 ns, Reaching safepoint: 147526 ns, At safepoint: 32946583 ns, Total: 33094109 ns
[2023-10-31T02:47:33.208+0000][7][safepoint   ] Safepoint "Cleanup", Time since last: 2000447114 ns, Reaching safepoint: 241932 ns, At safepoint: 47725 ns, Total: 289657 ns
[2023-10-31T02:47:34.209+0000][7][safepoint   ] Safepoint "Cleanup", Time since last: 1000385947 ns, Reaching safepoint: 311588 ns, At safepoint: 59964 ns, Total: 371552 ns
[2023-10-31T02:47:35.210+0000][7][safepoint   ] Safepoint "Cleanup", Time since last: 1000362411 ns, Reaching safepoint: 340832 ns, At safepoint: 36467 ns, Total: 377299 ns
[2023-10-31T02:47:37.210+0000][7][safepoint   ] Safepoint "Cleanup", Time since last: 2000421710 ns, Reaching safepoint: 87558 ns, At safepoint: 6862 ns, Total: 94420 ns
[2023-10-31T02:47:38.210+0000][7][safepoint   ] Safepoint "Cleanup", Time since last: 1000151674 ns, Reaching safepoint: 84493 ns, At safepoint: 15724 ns, Total: 100217 ns
[2023-10-31T02:47:39.211+0000][7][safepoint   ] Safepoint "Cleanup", Time since last: 1000276292 ns, Reaching safepoint: 205195 ns, At safepoint: 23722 ns, Total: 228917 ns
[2023-10-31T02:47:40.212+0000][7][safepoint   ] Safepoint "Cleanup", Time since last: 1000318498 ns, Reaching safepoint: 495355 ns, At safepoint: 102686 ns, Total: 598041 ns
[2023-10-31T02:47:41.213+0000][7][safepoint   ] Safepoint "Cleanup", Time since last: 1000525356 ns, Reaching safepoint: 340891 ns, At safepoint: 42234 ns, Total: 383125 ns
[2023-10-31T02:47:43.214+0000][7][safepoint   ] Safepoint "Cleanup", Time since last: 2000715989 ns, Reaching safepoint: 383339 ns, At safepoint: 82002 ns, Total: 465341 ns
[2023-10-31T02:47:45.215+0000][7][safepoint   ] Safepoint "Cleanup", Time since last: 2000582271 ns, Reaching safepoint: 327405 ns, At safepoint: 40331 ns, Total: 367736 ns
[2023-10-31T02:47:46.215+0000][7][safepoint   ] Safepoint "Cleanup", Time since last: 1000413036 ns, Reaching safepoint: 86094 ns, At safepoint: 8036 ns, Total: 94130 ns
[2023-10-31T02:47:47.216+0000][7][safepoint   ] Safepoint "Cleanup", Time since last: 1000405674 ns, Reaching safepoint: 253276 ns, At safepoint: 14931 ns, Total: 268207 ns
[2023-10-31T02:47:48.217+0000][7][safepoint   ] Safepoint "Cleanup", Time since last: 1000474211 ns, Reaching safepoint: 209300 ns, At safepoint: 10636 ns, Total: 219936 ns
[2023-10-31T02:47:49.217+0000][7][safepoint   ] Safepoint "Cleanup", Time since last: 1000456934 ns, Reaching safepoint: 237388 ns, At safepoint: 69026 ns, Total: 306414 ns
[2023-10-31T02:47:50.218+0000][7][safepoint   ] Safepoint "Cleanup", Time since last: 1000295135 ns, Reaching safepoint: 306015 ns, At safepoint: 97487 ns, Total: 403502 ns
[2023-10-31T02:47:52.219+0000][7][safepoint   ] Safepoint "Cleanup", Time since last: 2000676602 ns, Reaching safepoint: 161357 ns, At safepoint: 8795 ns, Total: 170152 ns
[2023-10-31T02:47:52.984+0000][7][gc,start    ] GC(41) Pause Young (Normal) (G1 Evacuation Pause)
[2023-10-31T02:47:52.984+0000][7][gc,task     ] GC(41) Using 8 workers of 8 for evacuation
[2023-10-31T02:47:52.984+0000][7][gc,age      ] GC(41) Desired survivor size 20971520 bytes, new threshold 15 (max threshold 15)
[2023-10-31T02:47:53.003+0000][7][gc,age      ] GC(41) Age table with threshold 15 (max threshold 15)
[2023-10-31T02:47:53.004+0000][7][gc,age      ] GC(41) - age   1:     966128 bytes,     966128 total
[2023-10-31T02:47:53.004+0000][7][gc,age      ] GC(41) - age   2:     683792 bytes,    1649920 total
[2023-10-31T02:47:53.004+0000][7][gc,age      ] GC(41) - age   3:     520384 bytes,    2170304 total
[2023-10-31T02:47:53.004+0000][7][gc,age      ] GC(41) - age   4:     520528 bytes,    2690832 total
[2023-10-31T02:47:53.004+0000][7][gc,age      ] GC(41) - age   5:     257288 bytes,    2948120 total
[2023-10-31T02:47:53.004+0000][7][gc,age      ] GC(41) - age   6:     435472 bytes,    3383592 total
[2023-10-31T02:47:53.004+0000][7][gc,age      ] GC(41) - age   7:     346512 bytes,    3730104 total
[2023-10-31T02:47:53.004+0000][7][gc,age      ] GC(41) - age   8:    1724760 bytes,    5454864 total
[2023-10-31T02:47:53.004+0000][7][gc,age      ] GC(41) - age   9:     337704 bytes,    5792568 total
[2023-10-31T02:47:53.004+0000][7][gc,age      ] GC(41) - age  10:     427648 bytes,    6220216 total
[2023-10-31T02:47:53.004+0000][7][gc,age      ] GC(41) - age  11:    1127272 bytes,    7347488 total
[2023-10-31T02:47:53.004+0000][7][gc,age      ] GC(41) - age  12:     519192 bytes,    7866680 total
[2023-10-31T02:47:53.004+0000][7][gc,age      ] GC(41) - age  13:     180832 bytes,    8047512 total
[2023-10-31T02:47:53.004+0000][7][gc,age      ] GC(41) - age  14:      14488 bytes,    8062000 total
[2023-10-31T02:47:53.004+0000][7][gc,age      ] GC(41) - age  15:     238824 bytes,    8300824 total
[2023-10-31T02:47:53.004+0000][7][gc,phases   ] GC(41)   Pre Evacuate Collection Set: 0.1ms
[2023-10-31T02:47:53.004+0000][7][gc,phases   ] GC(41)   Merge Heap Roots: 0.1ms
[2023-10-31T02:47:53.004+0000][7][gc,phases   ] GC(41)   Evacuate Collection Set: 15.6ms
[2023-10-31T02:47:53.004+0000][7][gc,phases   ] GC(41)   Post Evacuate Collection Set: 3.0ms
[2023-10-31T02:47:53.004+0000][7][gc,phases   ] GC(41)   Other: 1.2ms
[2023-10-31T02:47:53.004+0000][7][gc,heap     ] GC(41) Eden regions: 73->0(73)
[2023-10-31T02:47:53.004+0000][7][gc,heap     ] GC(41) Survivor regions: 3->3(10)
[2023-10-31T02:47:53.004+0000][7][gc,heap     ] GC(41) Old regions: 22->22
[2023-10-31T02:47:53.004+0000][7][gc,heap     ] GC(41) Archive regions: 2->2
[2023-10-31T02:47:53.004+0000][7][gc,heap     ] GC(41) Humongous regions: 5->5
[2023-10-31T02:47:53.004+0000][7][gc,metaspace] GC(41) Metaspace: 116734K(118464K)->116734K(118464K) NonClass: 101024K(102016K)->101024K(102016K) Class: 15709K(16448K)->15709K(16448K)
[2023-10-31T02:47:53.004+0000][7][gc          ] GC(41) Pause Young (Normal) (G1 Evacuation Pause) 413M->120M(512M) 20.100ms
[2023-10-31T02:47:53.005+0000][7][gc,cpu      ] GC(41) User=0.04s Sys=0.02s Real=0.02s
[2023-10-31T02:47:53.005+0000][7][safepoint   ] Safepoint "G1CollectForAllocation", Time since last: 765188427 ns, Reaching safepoint: 159513 ns, At safepoint: 20206289 ns, Total: 20365802 ns
[2023-10-31T02:47:55.005+0000][7][safepoint   ] Safepoint "Cleanup", Time since last: 2000186119 ns, Reaching safepoint: 319181 ns, At safepoint: 44441 ns, Total: 363622 ns
[2023-10-31T02:47:56.006+0000][7][safepoint   ] Safepoint "Cleanup", Time since last: 1000267375 ns, Reaching safepoint: 155736 ns, At safepoint: 19653 ns, Total: 175389 ns
[2023-10-31T02:47:57.006+0000][7][safepoint   ] Safepoint "Cleanup", Time since last: 1000348124 ns, Reaching safepoint: 253186 ns, At safepoint: 307136 ns, Total: 560322 ns
[2023-10-31T02:47:58.007+0000][7][safepoint   ] Safepoint "Cleanup", Time since last: 1000291399 ns, Reaching safepoint: 251583 ns, At safepoint: 82000 ns, Total: 333583 ns
[2023-10-31T02:47:59.008+0000][7][safepoint   ] Safepoint "Cleanup", Time since last: 1000310235 ns, Reaching safepoint: 196166 ns, At safepoint: 11730 ns, Total: 207896 ns
[2023-10-31T02:48:01.008+0000][7][safepoint   ] Safepoint "Cleanup", Time since last: 2000363331 ns, Reaching safepoint: 240636 ns, At safepoint: 30441 ns, Total: 271077 ns
[2023-10-31T02:48:02.009+0000][7][safepoint   ] Safepoint "Cleanup", Time since last: 1000417925 ns, Reaching safepoint: 323362 ns, At safepoint: 20673 ns, Total: 344035 ns
[2023-10-31T02:48:03.010+0000][7][safepoint   ] Safepoint "Cleanup", Time since last: 1000434599 ns, Reaching safepoint: 389470 ns, At safepoint: 42686 ns, Total: 432156 ns
[2023-10-31T02:48:04.010+0000][7][safepoint   ] Safepoint "Cleanup", Time since last: 1000321350 ns, Reaching safepoint: 251352 ns, At safepoint: 41909 ns, Total: 293261 ns
[2023-10-31T02:48:06.012+0000][7][safepoint   ] Safepoint "Cleanup", Time since last: 2000780998 ns, Reaching safepoint: 286284 ns, At safepoint: 34246 ns, Total: 320530 ns
[2023-10-31T02:48:07.012+0000][7][safepoint   ] Safepoint "Cleanup", Time since last: 1000514420 ns, Reaching safepoint: 231249 ns, At safepoint: 69378 ns, Total: 300627 ns
[2023-10-31T02:48:08.013+0000][7][safepoint   ] Safepoint "Cleanup", Time since last: 1000460838 ns, Reaching safepoint: 223500 ns, At safepoint: 30007 ns, Total: 253507 ns
[2023-10-31T02:48:09.014+0000][7][safepoint   ] Safepoint "Cleanup", Time since last: 1000467903 ns, Reaching safepoint: 368953 ns, At safepoint: 54689 ns, Total: 423642 ns
[2023-10-31T02:48:10.015+0000][7][safepoint   ] Safepoint "Cleanup", Time since last: 1000397169 ns, Reaching safepoint: 92482 ns, At safepoint: 12842 ns, Total: 105324 ns
[2023-10-31T02:48:11.015+0000][7][safepoint   ] Safepoint "Cleanup", Time since last: 1000106372 ns, Reaching safepoint: 103695 ns, At safepoint: 8568 ns, Total: 112263 ns
[2023-10-31T02:48:13.016+0000][7][safepoint   ] Safepoint "Cleanup", Time since last: 2000509334 ns, Reaching safepoint: 284336 ns, At safepoint: 39034 ns, Total: 323370 ns
[2023-10-31T02:48:13.725+0000][7][gc,start    ] GC(42) Pause Young (Normal) (G1 Evacuation Pause)
[2023-10-31T02:48:13.725+0000][7][gc,task     ] GC(42) Using 8 workers of 8 for evacuation
[2023-10-31T02:48:13.725+0000][7][gc,age      ] GC(42) Desired survivor size 20971520 bytes, new threshold 15 (max threshold 15)
[2023-10-31T02:48:13.743+0000][7][gc,age      ] GC(42) Age table with threshold 15 (max threshold 15)
[2023-10-31T02:48:13.743+0000][7][gc,age      ] GC(42) - age   1:    2148536 bytes,    2148536 total
[2023-10-31T02:48:13.743+0000][7][gc,age      ] GC(42) - age   2:     567896 bytes,    2716432 total
[2023-10-31T02:48:13.743+0000][7][gc,age      ] GC(42) - age   3:     275184 bytes,    2991616 total
[2023-10-31T02:48:13.743+0000][7][gc,age      ] GC(42) - age   4:     344184 bytes,    3335800 total
[2023-10-31T02:48:13.743+0000][7][gc,age      ] GC(42) - age   5:     519960 bytes,    3855760 total
[2023-10-31T02:48:13.743+0000][7][gc,age      ] GC(42) - age   6:     257224 bytes,    4112984 total
[2023-10-31T02:48:13.743+0000][7][gc,age      ] GC(42) - age   7:     435408 bytes,    4548392 total
[2023-10-31T02:48:13.743+0000][7][gc,age      ] GC(42) - age   8:     346512 bytes,    4894904 total
[2023-10-31T02:48:13.743+0000][7][gc,age      ] GC(42) - age   9:    1724760 bytes,    6619664 total
[2023-10-31T02:48:13.743+0000][7][gc,age      ] GC(42) - age  10:     337704 bytes,    6957368 total
[2023-10-31T02:48:13.743+0000][7][gc,age      ] GC(42) - age  11:     427584 bytes,    7384952 total
[2023-10-31T02:48:13.743+0000][7][gc,age      ] GC(42) - age  12:    1127272 bytes,    8512224 total
[2023-10-31T02:48:13.743+0000][7][gc,age      ] GC(42) - age  13:     519192 bytes,    9031416 total
[2023-10-31T02:48:13.743+0000][7][gc,age      ] GC(42) - age  14:     180832 bytes,    9212248 total
[2023-10-31T02:48:13.743+0000][7][gc,age      ] GC(42) - age  15:      14488 bytes,    9226736 total
[2023-10-31T02:48:13.744+0000][7][gc,phases   ] GC(42)   Pre Evacuate Collection Set: 0.1ms
[2023-10-31T02:48:13.744+0000][7][gc,phases   ] GC(42)   Merge Heap Roots: 0.1ms
[2023-10-31T02:48:13.744+0000][7][gc,phases   ] GC(42)   Evacuate Collection Set: 15.5ms
[2023-10-31T02:48:13.744+0000][7][gc,phases   ] GC(42)   Post Evacuate Collection Set: 2.4ms
[2023-10-31T02:48:13.744+0000][7][gc,phases   ] GC(42)   Other: 1.3ms
[2023-10-31T02:48:13.744+0000][7][gc,heap     ] GC(42) Eden regions: 73->0(73)
[2023-10-31T02:48:13.744+0000][7][gc,heap     ] GC(42) Survivor regions: 3->3(10)
[2023-10-31T02:48:13.744+0000][7][gc,heap     ] GC(42) Old regions: 22->22
[2023-10-31T02:48:13.744+0000][7][gc,heap     ] GC(42) Archive regions: 2->2
[2023-10-31T02:48:13.744+0000][7][gc,heap     ] GC(42) Humongous regions: 5->5
[2023-10-31T02:48:13.744+0000][7][gc,metaspace] GC(42) Metaspace: 116861K(118592K)->116861K(118592K) NonClass: 101151K(102144K)->101151K(102144K) Class: 15710K(16448K)->15710K(16448K)
[2023-10-31T02:48:13.744+0000][7][gc          ] GC(42) Pause Young (Normal) (G1 Evacuation Pause) 412M->121M(512M) 19.600ms
[2023-10-31T02:48:13.744+0000][7][gc,cpu      ] GC(42) User=0.06s Sys=0.00s Real=0.02s
[2023-10-31T02:48:13.745+0000][7][safepoint   ] Safepoint "G1CollectForAllocation", Time since last: 708875821 ns, Reaching safepoint: 92851 ns, At safepoint: 20162523 ns, Total: 20255374 ns
[2023-10-31T02:48:14.745+0000][7][safepoint   ] Safepoint "Cleanup", Time since last: 1000176526 ns, Reaching safepoint: 164341 ns, At safepoint: 40018 ns, Total: 204359 ns
[2023-10-31T02:48:15.746+0000][7][safepoint   ] Safepoint "Cleanup", Time since last: 1000277366 ns, Reaching safepoint: 328533 ns, At safepoint: 36720 ns, Total: 365253 ns
[2023-10-31T02:48:17.747+0000][7][safepoint   ] Safepoint "Cleanup", Time since last: 2000589263 ns, Reaching safepoint: 333210 ns, At safepoint: 34721 ns, Total: 367931 ns
[2023-10-31T02:48:18.751+0000][7][safepoint   ] Safepoint "Cleanup", Time since last: 1003777278 ns, Reaching safepoint: 235950 ns, At safepoint: 70282 ns, Total: 306232 ns
[2023-10-31T02:48:20.752+0000][7][safepoint   ] Safepoint "Cleanup", Time since last: 2000635606 ns, Reaching safepoint: 276206 ns, At safepoint: 60602 ns, Total: 336808 ns
[2023-10-31T02:48:21.753+0000][7][safepoint   ] Safepoint "Cleanup", Time since last: 1000598325 ns, Reaching safepoint: 230566 ns, At safepoint: 40705 ns, Total: 271271 ns
[2023-10-31T02:48:22.753+0000][7][safepoint   ] Safepoint "Cleanup", Time since last: 1000304311 ns, Reaching safepoint: 253341 ns, At safepoint: 24914 ns, Total: 278255 ns
[2023-10-31T02:48:24.754+0000][7][safepoint   ] Safepoint "Cleanup", Time since last: 2000461493 ns, Reaching safepoint: 155828 ns, At safepoint: 8977 ns, Total: 164805 ns
[2023-10-31T02:48:25.754+0000][7][safepoint   ] Safepoint "Cleanup", Time since last: 1000294597 ns, Reaching safepoint: 289016 ns, At safepoint: 54218 ns, Total: 343234 ns
[2023-10-31T02:48:26.755+0000][7][safepoint   ] Safepoint "Cleanup", Time since last: 1000383722 ns, Reaching safepoint: 358206 ns, At safepoint: 73076 ns, Total: 431282 ns
[2023-10-31T02:48:27.756+0000][7][safepoint   ] Safepoint "Cleanup", Time since last: 1000296797 ns, Reaching safepoint: 80095 ns, At safepoint: 15093 ns, Total: 95188 ns
[2023-10-31T02:48:30.756+0000][7][safepoint   ] Safepoint "Cleanup", Time since last: 3000550416 ns, Reaching safepoint: 229622 ns, At safepoint: 29418 ns, Total: 259040 ns
[2023-10-31T02:48:31.757+0000][7][safepoint   ] Safepoint "Cleanup", Time since last: 1000383089 ns, Reaching safepoint: 172176 ns, At safepoint: 32363 ns, Total: 204539 ns
[2023-10-31T02:48:32.762+0000][7][safepoint   ] Safepoint "Cleanup", Time since last: 1004435324 ns, Reaching safepoint: 405253 ns, At safepoint: 20507 ns, Total: 425760 ns
[2023-10-31T02:48:33.762+0000][7][safepoint   ] Safepoint "Cleanup", Time since last: 1000196666 ns, Reaching safepoint: 289334 ns, At safepoint: 33257 ns, Total: 322591 ns
[2023-10-31T02:48:35.412+0000][7][gc,start    ] GC(43) Pause Young (Normal) (G1 Evacuation Pause)
[2023-10-31T02:48:35.412+0000][7][gc,task     ] GC(43) Using 8 workers of 8 for evacuation
[2023-10-31T02:48:35.412+0000][7][gc,age      ] GC(43) Desired survivor size 20971520 bytes, new threshold 15 (max threshold 15)
[2023-10-31T02:48:35.422+0000][7][gc,age      ] GC(43) Age table with threshold 15 (max threshold 15)
[2023-10-31T02:48:35.422+0000][7][gc,age      ] GC(43) - age   1:    1693224 bytes,    1693224 total
[2023-10-31T02:48:35.422+0000][7][gc,age      ] GC(43) - age   2:     951400 bytes,    2644624 total
[2023-10-31T02:48:35.422+0000][7][gc,age      ] GC(43) - age   3:     525760 bytes,    3170384 total
[2023-10-31T02:48:35.422+0000][7][gc,age      ] GC(43) - age   4:     274072 bytes,    3444456 total
[2023-10-31T02:48:35.422+0000][7][gc,age      ] GC(43) - age   5:     344120 bytes,    3788576 total
[2023-10-31T02:48:35.422+0000][7][gc,age      ] GC(43) - age   6:     519640 bytes,    4308216 total
[2023-10-31T02:48:35.422+0000][7][gc,age      ] GC(43) - age   7:     257224 bytes,    4565440 total
[2023-10-31T02:48:35.422+0000][7][gc,age      ] GC(43) - age   8:     304240 bytes,    4869680 total
[2023-10-31T02:48:35.422+0000][7][gc,age      ] GC(43) - age   9:     346512 bytes,    5216192 total
[2023-10-31T02:48:35.422+0000][7][gc,age      ] GC(43) - age  10:    1724760 bytes,    6940952 total
[2023-10-31T02:48:35.422+0000][7][gc,age      ] GC(43) - age  11:     337704 bytes,    7278656 total
[2023-10-31T02:48:35.422+0000][7][gc,age      ] GC(43) - age  12:     427584 bytes,    7706240 total
[2023-10-31T02:48:35.422+0000][7][gc,age      ] GC(43) - age  13:    1127272 bytes,    8833512 total
[2023-10-31T02:48:35.422+0000][7][gc,age      ] GC(43) - age  14:     519160 bytes,    9352672 total
[2023-10-31T02:48:35.422+0000][7][gc,age      ] GC(43) - age  15:     180832 bytes,    9533504 total
[2023-10-31T02:48:35.423+0000][7][gc,phases   ] GC(43)   Pre Evacuate Collection Set: 0.1ms
[2023-10-31T02:48:35.423+0000][7][gc,phases   ] GC(43)   Merge Heap Roots: 0.1ms
[2023-10-31T02:48:35.423+0000][7][gc,phases   ] GC(43)   Evacuate Collection Set: 6.8ms
[2023-10-31T02:48:35.423+0000][7][gc,phases   ] GC(43)   Post Evacuate Collection Set: 2.9ms
[2023-10-31T02:48:35.423+0000][7][gc,phases   ] GC(43)   Other: 1.0ms
[2023-10-31T02:48:35.423+0000][7][gc,heap     ] GC(43) Eden regions: 73->0(73)
[2023-10-31T02:48:35.423+0000][7][gc,heap     ] GC(43) Survivor regions: 3->3(10)
[2023-10-31T02:48:35.423+0000][7][gc,heap     ] GC(43) Old regions: 22->22
[2023-10-31T02:48:35.423+0000][7][gc,heap     ] GC(43) Archive regions: 2->2
[2023-10-31T02:48:35.423+0000][7][gc,heap     ] GC(43) Humongous regions: 5->5
[2023-10-31T02:48:35.423+0000][7][gc,metaspace] GC(43) Metaspace: 116876K(118592K)->116876K(118592K) NonClass: 101166K(102144K)->101166K(102144K) Class: 15710K(16448K)->15710K(16448K)
[2023-10-31T02:48:35.423+0000][7][gc          ] GC(43) Pause Young (Normal) (G1 Evacuation Pause) 413M->121M(512M) 11.139ms
[2023-10-31T02:48:35.423+0000][7][gc,cpu      ] GC(43) User=0.05s Sys=0.00s Real=0.01s
[2023-10-31T02:48:35.423+0000][7][safepoint   ] Safepoint "G1CollectForAllocation", Time since last: 1649225269 ns, Reaching safepoint: 57939 ns, At safepoint: 11543751 ns, Total: 11601690 ns
[2023-10-31T02:48:36.423+0000][7][safepoint   ] Safepoint "Cleanup", Time since last: 1000129974 ns, Reaching safepoint: 95926 ns, At safepoint: 6126 ns, Total: 102052 ns
[2023-10-31T02:48:37.424+0000][7][safepoint   ] Safepoint "Cleanup", Time since last: 1000308471 ns, Reaching safepoint: 201465 ns, At safepoint: 71667 ns, Total: 273132 ns
[2023-10-31T02:48:38.425+0000][7][safepoint   ] Safepoint "Cleanup", Time since last: 1000345269 ns, Reaching safepoint: 95869 ns, At safepoint: 8115 ns, Total: 103984 ns
[2023-10-31T02:48:39.425+0000][7][safepoint   ] Safepoint "Cleanup", Time since last: 1000284184 ns, Reaching safepoint: 364797 ns, At safepoint: 56904 ns, Total: 421701 ns
[2023-10-31T02:48:40.426+0000][7][safepoint   ] Safepoint "Cleanup", Time since last: 1000545036 ns, Reaching safepoint: 281733 ns, At safepoint: 10457 ns, Total: 292190 ns
[2023-10-31T02:48:43.427+0000][7][safepoint   ] Safepoint "Cleanup", Time since last: 3000641401 ns, Reaching safepoint: 205375 ns, At safepoint: 21463 ns, Total: 226838 ns
[2023-10-31T02:48:45.428+0000][7][safepoint   ] Safepoint "Cleanup", Time since last: 2000404302 ns, Reaching safepoint: 260721 ns, At safepoint: 39087 ns, Total: 299808 ns
[2023-10-31T02:48:46.429+0000][7][safepoint   ] Safepoint "Cleanup", Time since last: 1000486244 ns, Reaching safepoint: 451774 ns, At safepoint: 36308 ns, Total: 488082 ns
[2023-10-31T02:48:48.429+0000][7][safepoint   ] Safepoint "Cleanup", Time since last: 2000436972 ns, Reaching safepoint: 366929 ns, At safepoint: 29240 ns, Total: 396169 ns
[2023-10-31T02:48:49.430+0000][7][safepoint   ] Safepoint "Cleanup", Time since last: 1000589056 ns, Reaching safepoint: 263740 ns, At safepoint: 71204 ns, Total: 334944 ns
[2023-10-31T02:48:50.431+0000][7][safepoint   ] Safepoint "Cleanup", Time since last: 1000294073 ns, Reaching safepoint: 84574 ns, At safepoint: 10134 ns, Total: 94708 ns
[2023-10-31T02:48:52.431+0000][7][safepoint   ] Safepoint "Cleanup", Time since last: 2000287856 ns, Reaching safepoint: 383510 ns, At safepoint: 64605 ns, Total: 448115 ns
[2023-10-31T02:48:53.432+0000][7][safepoint   ] Safepoint "Cleanup", Time since last: 1000347162 ns, Reaching safepoint: 126922 ns, At safepoint: 13202 ns, Total: 140124 ns
[2023-10-31T02:48:55.433+0000][7][safepoint   ] Safepoint "Cleanup", Time since last: 2000375278 ns, Reaching safepoint: 273087 ns, At safepoint: 29216 ns, Total: 302303 ns
[2023-10-31T02:48:56.434+0000][7][safepoint   ] Safepoint "Cleanup", Time since last: 1000444164 ns, Reaching safepoint: 372941 ns, At safepoint: 31175 ns, Total: 404116 ns
[2023-10-31T02:48:56.486+0000][7][safepoint   ] Safepoint "G1CollectForAllocation", Time since last: 52419038 ns, Reaching safepoint: 188503 ns, At safepoint: 50801 ns, Total: 239304 ns
[2023-10-31T02:48:56.487+0000][7][gc,start    ] GC(44) Pause Young (Normal) (GCLocker Initiated GC)
[2023-10-31T02:48:56.487+0000][7][gc,task     ] GC(44) Using 8 workers of 8 for evacuation
[2023-10-31T02:48:56.487+0000][7][gc,age      ] GC(44) Desired survivor size 20971520 bytes, new threshold 15 (max threshold 15)
[2023-10-31T02:48:56.498+0000][7][gc,age      ] GC(44) Age table with threshold 15 (max threshold 15)
[2023-10-31T02:48:56.499+0000][7][gc,age      ] GC(44) - age   1:    2219904 bytes,    2219904 total
[2023-10-31T02:48:56.499+0000][7][gc,age      ] GC(44) - age   2:     801432 bytes,    3021336 total
[2023-10-31T02:48:56.499+0000][7][gc,age      ] GC(44) - age   3:     361752 bytes,    3383088 total
[2023-10-31T02:48:56.499+0000][7][gc,age      ] GC(44) - age   4:     403632 bytes,    3786720 total
[2023-10-31T02:48:56.499+0000][7][gc,age      ] GC(44) - age   5:     273360 bytes,    4060080 total
[2023-10-31T02:48:56.499+0000][7][gc,age      ] GC(44) - age   6:     343992 bytes,    4404072 total
[2023-10-31T02:48:56.499+0000][7][gc,age      ] GC(44) - age   7:     519424 bytes,    4923496 total
[2023-10-31T02:48:56.499+0000][7][gc,age      ] GC(44) - age   8:     257160 bytes,    5180656 total
[2023-10-31T02:48:56.499+0000][7][gc,age      ] GC(44) - age   9:     304176 bytes,    5484832 total
[2023-10-31T02:48:56.499+0000][7][gc,age      ] GC(44) - age  10:     346200 bytes,    5831032 total
[2023-10-31T02:48:56.499+0000][7][gc,age      ] GC(44) - age  11:    1724760 bytes,    7555792 total
[2023-10-31T02:48:56.499+0000][7][gc,age      ] GC(44) - age  12:     337704 bytes,    7893496 total
[2023-10-31T02:48:56.499+0000][7][gc,age      ] GC(44) - age  13:     427584 bytes,    8321080 total
[2023-10-31T02:48:56.499+0000][7][gc,age      ] GC(44) - age  14:    1127272 bytes,    9448352 total
[2023-10-31T02:48:56.499+0000][7][gc,age      ] GC(44) - age  15:     519160 bytes,    9967512 total
[2023-10-31T02:48:56.499+0000][7][gc,phases   ] GC(44)   Pre Evacuate Collection Set: 0.3ms
[2023-10-31T02:48:56.499+0000][7][gc,phases   ] GC(44)   Merge Heap Roots: 0.1ms
[2023-10-31T02:48:56.499+0000][7][gc,phases   ] GC(44)   Evacuate Collection Set: 9.9ms
[2023-10-31T02:48:56.499+0000][7][gc,phases   ] GC(44)   Post Evacuate Collection Set: 0.9ms
[2023-10-31T02:48:56.499+0000][7][gc,phases   ] GC(44)   Other: 0.5ms
[2023-10-31T02:48:56.499+0000][7][gc,heap     ] GC(44) Eden regions: 73->0(72)
[2023-10-31T02:48:56.499+0000][7][gc,heap     ] GC(44) Survivor regions: 3->3(10)
[2023-10-31T02:48:56.499+0000][7][gc,heap     ] GC(44) Old regions: 22->23
[2023-10-31T02:48:56.499+0000][7][gc,heap     ] GC(44) Archive regions: 2->2
[2023-10-31T02:48:56.499+0000][7][gc,heap     ] GC(44) Humongous regions: 5->5
[2023-10-31T02:48:56.499+0000][7][gc,metaspace] GC(44) Metaspace: 116951K(118656K)->116951K(118656K) NonClass: 101240K(102208K)->101240K(102208K) Class: 15710K(16448K)->15710K(16448K)
[2023-10-31T02:48:56.499+0000][7][gc          ] GC(44) Pause Young (Normal) (GCLocker Initiated GC) 413M->122M(512M) 11.624ms
[2023-10-31T02:48:56.499+0000][7][gc,cpu      ] GC(44) User=0.06s Sys=0.00s Real=0.01s
[2023-10-31T02:48:56.499+0000][7][safepoint   ] Safepoint "G1CollectForAllocation", Time since last: 644074 ns, Reaching safepoint: 119950 ns, At safepoint: 11838978 ns, Total: 11958928 ns
[2023-10-31T02:48:58.500+0000][7][safepoint   ] Safepoint "Cleanup", Time since last: 2000494182 ns, Reaching safepoint: 195567 ns, At safepoint: 47461 ns, Total: 243028 ns
[2023-10-31T02:49:00.500+0000][7][safepoint   ] Safepoint "Cleanup", Time since last: 2000406960 ns, Reaching safepoint: 124010 ns, At safepoint: 21710 ns, Total: 145720 ns
[2023-10-31T02:49:01.500+0000][7][safepoint   ] Safepoint "Cleanup", Time since last: 1000203333 ns, Reaching safepoint: 119863 ns, At safepoint: 9488 ns, Total: 129351 ns
[2023-10-31T02:49:03.501+0000][7][safepoint   ] Safepoint "Cleanup", Time since last: 2000423946 ns, Reaching safepoint: 310478 ns, At safepoint: 34713 ns, Total: 345191 ns
[2023-10-31T02:49:04.502+0000][7][safepoint   ] Safepoint "Cleanup", Time since last: 1000540299 ns, Reaching safepoint: 259430 ns, At safepoint: 17082 ns, Total: 276512 ns
[2023-10-31T02:49:05.502+0000][7][safepoint   ] Safepoint "Cleanup", Time since last: 1000409210 ns, Reaching safepoint: 73121 ns, At safepoint: 7877 ns, Total: 80998 ns
[2023-10-31T02:49:06.503+0000][7][safepoint   ] Safepoint "Cleanup", Time since last: 1000269764 ns, Reaching safepoint: 205512 ns, At safepoint: 37869 ns, Total: 243381 ns
[2023-10-31T02:49:07.504+0000][7][safepoint   ] Safepoint "Cleanup", Time since last: 1000474161 ns, Reaching safepoint: 239996 ns, At safepoint: 28661 ns, Total: 268657 ns
[2023-10-31T02:49:08.505+0000][7][safepoint   ] Safepoint "Cleanup", Time since last: 1000342901 ns, Reaching safepoint: 428890 ns, At safepoint: 54318 ns, Total: 483208 ns
[2023-10-31T02:49:09.505+0000][7][safepoint   ] Safepoint "Cleanup", Time since last: 1000486325 ns, Reaching safepoint: 194649 ns, At safepoint: 46396 ns, Total: 241045 ns
[2023-10-31T02:49:10.506+0000][7][safepoint   ] Safepoint "Cleanup", Time since last: 1000308452 ns, Reaching safepoint: 233601 ns, At safepoint: 54231 ns, Total: 287832 ns
[2023-10-31T02:49:11.507+0000][7][safepoint   ] Safepoint "Cleanup", Time since last: 1000416096 ns, Reaching safepoint: 298523 ns, At safepoint: 113895 ns, Total: 412418 ns
[2023-10-31T02:49:13.508+0000][7][safepoint   ] Safepoint "Cleanup", Time since last: 2000527281 ns, Reaching safepoint: 310168 ns, At safepoint: 11444 ns, Total: 321612 ns
[2023-10-31T02:49:14.508+0000][7][safepoint   ] Safepoint "Cleanup", Time since last: 1000356833 ns, Reaching safepoint: 301535 ns, At safepoint: 46680 ns, Total: 348215 ns
[2023-10-31T02:49:15.509+0000][7][safepoint   ] Safepoint "Cleanup", Time since last: 1000427003 ns, Reaching safepoint: 263942 ns, At safepoint: 35300 ns, Total: 299242 ns
[2023-10-31T02:49:16.107+0000][7][gc,start    ] GC(45) Pause Young (Normal) (G1 Evacuation Pause)
[2023-10-31T02:49:16.107+0000][7][gc,task     ] GC(45) Using 8 workers of 8 for evacuation
[2023-10-31T02:49:16.107+0000][7][gc,age      ] GC(45) Desired survivor size 20971520 bytes, new threshold 15 (max threshold 15)
[2023-10-31T02:49:16.125+0000][7][gc,age      ] GC(45) Age table with threshold 15 (max threshold 15)
[2023-10-31T02:49:16.125+0000][7][gc,age      ] GC(45) - age   1:    2361312 bytes,    2361312 total
[2023-10-31T02:49:16.125+0000][7][gc,age      ] GC(45) - age   2:    1038800 bytes,    3400112 total
[2023-10-31T02:49:16.125+0000][7][gc,age      ] GC(45) - age   3:     778800 bytes,    4178912 total
[2023-10-31T02:49:16.125+0000][7][gc,age      ] GC(45) - age   4:     360232 bytes,    4539144 total
[2023-10-31T02:49:16.125+0000][7][gc,age      ] GC(45) - age   5:     403344 bytes,    4942488 total
[2023-10-31T02:49:16.125+0000][7][gc,age      ] GC(45) - age   6:     272984 bytes,    5215472 total
[2023-10-31T02:49:16.125+0000][7][gc,age      ] GC(45) - age   7:     343992 bytes,    5559464 total
[2023-10-31T02:49:16.125+0000][7][gc,age      ] GC(45) - age   8:     519424 bytes,    6078888 total
[2023-10-31T02:49:16.125+0000][7][gc,age      ] GC(45) - age   9:     257160 bytes,    6336048 total
[2023-10-31T02:49:16.125+0000][7][gc,age      ] GC(45) - age  10:     304176 bytes,    6640224 total
[2023-10-31T02:49:16.125+0000][7][gc,age      ] GC(45) - age  11:     346200 bytes,    6986424 total
[2023-10-31T02:49:16.125+0000][7][gc,age      ] GC(45) - age  12:    1724040 bytes,    8710464 total
[2023-10-31T02:49:16.125+0000][7][gc,age      ] GC(45) - age  13:     337704 bytes,    9048168 total
[2023-10-31T02:49:16.125+0000][7][gc,age      ] GC(45) - age  14:     427584 bytes,    9475752 total
[2023-10-31T02:49:16.125+0000][7][gc,age      ] GC(45) - age  15:    1127272 bytes,   10603024 total
[2023-10-31T02:49:16.125+0000][7][gc,phases   ] GC(45)   Pre Evacuate Collection Set: 0.3ms
[2023-10-31T02:49:16.125+0000][7][gc,phases   ] GC(45)   Merge Heap Roots: 0.2ms
[2023-10-31T02:49:16.125+0000][7][gc,phases   ] GC(45)   Evacuate Collection Set: 15.7ms
[2023-10-31T02:49:16.125+0000][7][gc,phases   ] GC(45)   Post Evacuate Collection Set: 0.8ms
[2023-10-31T02:49:16.125+0000][7][gc,phases   ] GC(45)   Other: 0.5ms
[2023-10-31T02:49:16.125+0000][7][gc,heap     ] GC(45) Eden regions: 72->0(72)
[2023-10-31T02:49:16.125+0000][7][gc,heap     ] GC(45) Survivor regions: 3->3(10)
[2023-10-31T02:49:16.125+0000][7][gc,heap     ] GC(45) Old regions: 23->23
[2023-10-31T02:49:16.125+0000][7][gc,heap     ] GC(45) Archive regions: 2->2
[2023-10-31T02:49:16.125+0000][7][gc,heap     ] GC(45) Humongous regions: 5->5
[2023-10-31T02:49:16.125+0000][7][gc,metaspace] GC(45) Metaspace: 117016K(118720K)->117016K(118720K) NonClass: 101306K(102272K)->101306K(102272K) Class: 15710K(16448K)->15710K(16448K)
[2023-10-31T02:49:16.125+0000][7][gc          ] GC(45) Pause Young (Normal) (G1 Evacuation Pause) 410M->122M(512M) 17.591ms
[2023-10-31T02:49:16.125+0000][7][gc,cpu      ] GC(45) User=0.08s Sys=0.00s Real=0.01s
[2023-10-31T02:49:16.125+0000][7][safepoint   ] Safepoint "G1CollectForAllocation", Time since last: 597887542 ns, Reaching safepoint: 281945 ns, At safepoint: 17714021 ns, Total: 17995966 ns
[2023-10-31T02:49:17.126+0000][7][safepoint   ] Safepoint "Cleanup", Time since last: 1000247637 ns, Reaching safepoint: 635383 ns, At safepoint: 43254 ns, Total: 678637 ns
[2023-10-31T02:49:19.127+0000][7][safepoint   ] Safepoint "Cleanup", Time since last: 2000553541 ns, Reaching safepoint: 173699 ns, At safepoint: 46999 ns, Total: 220698 ns
[2023-10-31T02:49:20.127+0000][7][safepoint   ] Safepoint "Cleanup", Time since last: 1000346952 ns, Reaching safepoint: 92556 ns, At safepoint: 4971 ns, Total: 97527 ns
[2023-10-31T02:49:22.128+0000][7][safepoint   ] Safepoint "Cleanup", Time since last: 2000339201 ns, Reaching safepoint: 215348 ns, At safepoint: 51613 ns, Total: 266961 ns
[2023-10-31T02:49:23.128+0000][7][safepoint   ] Safepoint "Cleanup", Time since last: 1000440783 ns, Reaching safepoint: 199957 ns, At safepoint: 33958 ns, Total: 233915 ns
[2023-10-31T02:49:25.129+0000][7][safepoint   ] Safepoint "Cleanup", Time since last: 2000561710 ns, Reaching safepoint: 477998 ns, At safepoint: 137391 ns, Total: 615389 ns
[2023-10-31T02:49:26.131+0000][7][safepoint   ] Safepoint "Cleanup", Time since last: 1000605142 ns, Reaching safepoint: 425645 ns, At safepoint: 112525 ns, Total: 538170 ns
[2023-10-31T02:49:28.131+0000][7][safepoint   ] Safepoint "Cleanup", Time since last: 2000609568 ns, Reaching safepoint: 75053 ns, At safepoint: 5498 ns, Total: 80551 ns
[2023-10-31T02:49:30.132+0000][7][safepoint   ] Safepoint "Cleanup", Time since last: 2000198863 ns, Reaching safepoint: 111794 ns, At safepoint: 28146 ns, Total: 139940 ns
[2023-10-31T02:49:31.132+0000][7][safepoint   ] Safepoint "Cleanup", Time since last: 1000258203 ns, Reaching safepoint: 340945 ns, At safepoint: 41478 ns, Total: 382423 ns
[2023-10-31T02:49:32.134+0000][7][safepoint   ] Safepoint "Cleanup", Time since last: 1000517978 ns, Reaching safepoint: 927518 ns, At safepoint: 66575 ns, Total: 994093 ns
[2023-10-31T02:49:33.134+0000][7][safepoint   ] Safepoint "Cleanup", Time since last: 1000325223 ns, Reaching safepoint: 175759 ns, At safepoint: 16336 ns, Total: 192095 ns
[2023-10-31T02:49:34.135+0000][7][safepoint   ] Safepoint "Cleanup", Time since last: 1000498012 ns, Reaching safepoint: 468773 ns, At safepoint: 49580 ns, Total: 518353 ns
[2023-10-31T02:49:35.137+0000][7][safepoint   ] Safepoint "Cleanup", Time since last: 1001276068 ns, Reaching safepoint: 245470 ns, At safepoint: 43417 ns, Total: 288887 ns
[2023-10-31T02:49:36.548+0000][7][gc,start    ] GC(46) Pause Young (Normal) (G1 Evacuation Pause)
[2023-10-31T02:49:36.548+0000][7][gc,task     ] GC(46) Using 8 workers of 8 for evacuation
[2023-10-31T02:49:36.549+0000][7][gc,age      ] GC(46) Desired survivor size 20971520 bytes, new threshold 15 (max threshold 15)
[2023-10-31T02:49:36.565+0000][7][gc,age      ] GC(46) Age table with threshold 15 (max threshold 15)
[2023-10-31T02:49:36.565+0000][7][gc,age      ] GC(46) - age   1:    1488824 bytes,    1488824 total
[2023-10-31T02:49:36.565+0000][7][gc,age      ] GC(46) - age   2:     575440 bytes,    2064264 total
[2023-10-31T02:49:36.565+0000][7][gc,age      ] GC(46) - age   3:     662584 bytes,    2726848 total
[2023-10-31T02:49:36.565+0000][7][gc,age      ] GC(46) - age   4:     651944 bytes,    3378792 total
[2023-10-31T02:49:36.565+0000][7][gc,age      ] GC(46) - age   5:     360168 bytes,    3738960 total
[2023-10-31T02:49:36.565+0000][7][gc,age      ] GC(46) - age   6:     401536 bytes,    4140496 total
[2023-10-31T02:49:36.565+0000][7][gc,age      ] GC(46) - age   7:     270768 bytes,    4411264 total
[2023-10-31T02:49:36.565+0000][7][gc,age      ] GC(46) - age   8:     343992 bytes,    4755256 total
[2023-10-31T02:49:36.565+0000][7][gc,age      ] GC(46) - age   9:     388336 bytes,    5143592 total
[2023-10-31T02:49:36.565+0000][7][gc,age      ] GC(46) - age  10:     225384 bytes,    5368976 total
[2023-10-31T02:49:36.565+0000][7][gc,age      ] GC(46) - age  11:     304176 bytes,    5673152 total
[2023-10-31T02:49:36.565+0000][7][gc,age      ] GC(46) - age  12:     318472 bytes,    5991624 total
[2023-10-31T02:49:36.565+0000][7][gc,age      ] GC(46) - age  13:    1628408 bytes,    7620032 total
[2023-10-31T02:49:36.565+0000][7][gc,age      ] GC(46) - age  14:     337704 bytes,    7957736 total
[2023-10-31T02:49:36.565+0000][7][gc,age      ] GC(46) - age  15:     427584 bytes,    8385320 total
[2023-10-31T02:49:36.565+0000][7][gc,phases   ] GC(46)   Pre Evacuate Collection Set: 0.4ms
[2023-10-31T02:49:36.566+0000][7][gc,phases   ] GC(46)   Merge Heap Roots: 0.2ms
[2023-10-31T02:49:36.566+0000][7][gc,phases   ] GC(46)   Evacuate Collection Set: 14.0ms
[2023-10-31T02:49:36.566+0000][7][gc,phases   ] GC(46)   Post Evacuate Collection Set: 1.6ms
[2023-10-31T02:49:36.566+0000][7][gc,phases   ] GC(46)   Other: 1.0ms
[2023-10-31T02:49:36.566+0000][7][gc,heap     ] GC(46) Eden regions: 72->0(72)
[2023-10-31T02:49:36.566+0000][7][gc,heap     ] GC(46) Survivor regions: 3->3(10)
[2023-10-31T02:49:36.566+0000][7][gc,heap     ] GC(46) Old regions: 23->23
[2023-10-31T02:49:36.566+0000][7][gc,heap     ] GC(46) Archive regions: 2->2
[2023-10-31T02:49:36.566+0000][7][gc,heap     ] GC(46) Humongous regions: 5->5
[2023-10-31T02:49:36.566+0000][7][gc,metaspace] GC(46) Metaspace: 117099K(118784K)->117099K(118784K) NonClass: 101388K(102336K)->101388K(102336K) Class: 15710K(16448K)->15710K(16448K)
[2023-10-31T02:49:36.566+0000][7][gc          ] GC(46) Pause Young (Normal) (G1 Evacuation Pause) 410M->122M(512M) 17.765ms
[2023-10-31T02:49:36.566+0000][7][gc,cpu      ] GC(46) User=0.05s Sys=0.00s Real=0.01s
[2023-10-31T02:49:36.566+0000][7][safepoint   ] Safepoint "G1CollectForAllocation", Time since last: 1411175557 ns, Reaching safepoint: 101348 ns, At safepoint: 18140887 ns, Total: 18242235 ns
[2023-10-31T02:49:37.567+0000][7][safepoint   ] Safepoint "Cleanup", Time since last: 1000435850 ns, Reaching safepoint: 325710 ns, At safepoint: 32183 ns, Total: 357893 ns
[2023-10-31T02:49:39.568+0000][7][safepoint   ] Safepoint "Cleanup", Time since last: 2000547757 ns, Reaching safepoint: 147599 ns, At safepoint: 10200 ns, Total: 157799 ns
[2023-10-31T02:49:40.568+0000][7][safepoint   ] Safepoint "Cleanup", Time since last: 1000188817 ns, Reaching safepoint: 303854 ns, At safepoint: 28882 ns, Total: 332736 ns
[2023-10-31T02:49:43.569+0000][7][safepoint   ] Safepoint "Cleanup", Time since last: 3000744870 ns, Reaching safepoint: 315911 ns, At safepoint: 57389 ns, Total: 373300 ns
[2023-10-31T02:49:45.570+0000][7][safepoint   ] Safepoint "Cleanup", Time since last: 2000539915 ns, Reaching safepoint: 229083 ns, At safepoint: 66463 ns, Total: 295546 ns
[2023-10-31T02:49:46.571+0000][7][safepoint   ] Safepoint "Cleanup", Time since last: 1000405375 ns, Reaching safepoint: 244707 ns, At safepoint: 18594 ns, Total: 263301 ns
[2023-10-31T02:49:47.572+0000][7][safepoint   ] Safepoint "Cleanup", Time since last: 1001359403 ns, Reaching safepoint: 135303 ns, At safepoint: 14143 ns, Total: 149446 ns
[2023-10-31T02:49:49.573+0000][7][safepoint   ] Safepoint "Cleanup", Time since last: 2000417563 ns, Reaching safepoint: 69754 ns, At safepoint: 5949 ns, Total: 75703 ns
[2023-10-31T02:49:50.573+0000][7][safepoint   ] Safepoint "Cleanup", Time since last: 1000226158 ns, Reaching safepoint: 212536 ns, At safepoint: 71311 ns, Total: 283847 ns
[2023-10-31T02:49:52.574+0000][7][safepoint   ] Safepoint "Cleanup", Time since last: 2000433071 ns, Reaching safepoint: 357424 ns, At safepoint: 81942 ns, Total: 439366 ns
[2023-10-31T02:49:54.575+0000][7][safepoint   ] Safepoint "Cleanup", Time since last: 2000518349 ns, Reaching safepoint: 183815 ns, At safepoint: 21066 ns, Total: 204881 ns
[2023-10-31T02:49:55.576+0000][7][safepoint   ] Safepoint "Cleanup", Time since last: 1000356088 ns, Reaching safepoint: 349688 ns, At safepoint: 44568 ns, Total: 394256 ns
[2023-10-31T02:49:56.576+0000][7][safepoint   ] Safepoint "Cleanup", Time since last: 1000252027 ns, Reaching safepoint: 114540 ns, At safepoint: 13060 ns, Total: 127600 ns
[2023-10-31T02:49:57.068+0000][7][gc,start    ] GC(47) Pause Young (Normal) (G1 Evacuation Pause)
[2023-10-31T02:49:57.068+0000][7][gc,task     ] GC(47) Using 8 workers of 8 for evacuation
[2023-10-31T02:49:57.068+0000][7][gc,age      ] GC(47) Desired survivor size 20971520 bytes, new threshold 15 (max threshold 15)
[2023-10-31T02:49:57.082+0000][7][gc,age      ] GC(47) Age table with threshold 15 (max threshold 15)
[2023-10-31T02:49:57.082+0000][7][gc,age      ] GC(47) - age   1:    1457904 bytes,    1457904 total
[2023-10-31T02:49:57.082+0000][7][gc,age      ] GC(47) - age   2:    1149088 bytes,    2606992 total
[2023-10-31T02:49:57.082+0000][7][gc,age      ] GC(47) - age   3:     206152 bytes,    2813144 total
[2023-10-31T02:49:57.082+0000][7][gc,age      ] GC(47) - age   4:     661232 bytes,    3474376 total
[2023-10-31T02:49:57.082+0000][7][gc,age      ] GC(47) - age   5:     651544 bytes,    4125920 total
[2023-10-31T02:49:57.082+0000][7][gc,age      ] GC(47) - age   6:     359744 bytes,    4485664 total
[2023-10-31T02:49:57.082+0000][7][gc,age      ] GC(47) - age   7:     401408 bytes,    4887072 total
[2023-10-31T02:49:57.082+0000][7][gc,age      ] GC(47) - age   8:     270768 bytes,    5157840 total
[2023-10-31T02:49:57.082+0000][7][gc,age      ] GC(47) - age   9:     343928 bytes,    5501768 total
[2023-10-31T02:49:57.082+0000][7][gc,age      ] GC(47) - age  10:     388336 bytes,    5890104 total
[2023-10-31T02:49:57.082+0000][7][gc,age      ] GC(47) - age  11:     225384 bytes,    6115488 total
[2023-10-31T02:49:57.082+0000][7][gc,age      ] GC(47) - age  12:     304176 bytes,    6419664 total
[2023-10-31T02:49:57.082+0000][7][gc,age      ] GC(47) - age  13:     318048 bytes,    6737712 total
[2023-10-31T02:49:57.082+0000][7][gc,age      ] GC(47) - age  14:    1583616 bytes,    8321328 total
[2023-10-31T02:49:57.082+0000][7][gc,age      ] GC(47) - age  15:     337568 bytes,    8658896 total
[2023-10-31T02:49:57.082+0000][7][gc,phases   ] GC(47)   Pre Evacuate Collection Set: 0.3ms
[2023-10-31T02:49:57.082+0000][7][gc,phases   ] GC(47)   Merge Heap Roots: 0.1ms
[2023-10-31T02:49:57.083+0000][7][gc,phases   ] GC(47)   Evacuate Collection Set: 11.5ms
[2023-10-31T02:49:57.083+0000][7][gc,phases   ] GC(47)   Post Evacuate Collection Set: 1.9ms
[2023-10-31T02:49:57.083+0000][7][gc,phases   ] GC(47)   Other: 1.1ms
[2023-10-31T02:49:57.083+0000][7][gc,heap     ] GC(47) Eden regions: 72->0(72)
[2023-10-31T02:49:57.083+0000][7][gc,heap     ] GC(47) Survivor regions: 3->3(10)
[2023-10-31T02:49:57.083+0000][7][gc,heap     ] GC(47) Old regions: 23->23
[2023-10-31T02:49:57.083+0000][7][gc,heap     ] GC(47) Archive regions: 2->2
[2023-10-31T02:49:57.083+0000][7][gc,heap     ] GC(47) Humongous regions: 5->5
[2023-10-31T02:49:57.083+0000][7][gc,metaspace] GC(47) Metaspace: 117199K(118976K)->117199K(118976K) NonClass: 101488K(102528K)->101488K(102528K) Class: 15710K(16448K)->15710K(16448K)
[2023-10-31T02:49:57.083+0000][7][gc          ] GC(47) Pause Young (Normal) (G1 Evacuation Pause) 410M->122M(512M) 15.648ms
[2023-10-31T02:49:57.083+0000][7][gc,cpu      ] GC(47) User=0.04s Sys=0.00s Real=0.01s
[2023-10-31T02:49:57.084+0000][7][safepoint   ] Safepoint "G1CollectForAllocation", Time since last: 490929149 ns, Reaching safepoint: 276288 ns, At safepoint: 16232630 ns, Total: 16508918 ns
[2023-10-31T02:49:58.084+0000][7][safepoint   ] Safepoint "Cleanup", Time since last: 1000306610 ns, Reaching safepoint: 296764 ns, At safepoint: 41186 ns, Total: 337950 ns
[2023-10-31T02:50:00.086+0000][7][safepoint   ] Safepoint "Cleanup", Time since last: 2001486836 ns, Reaching safepoint: 313899 ns, At safepoint: 215761 ns, Total: 529660 ns
[2023-10-31T02:50:01.087+0000][7][safepoint   ] Safepoint "Cleanup", Time since last: 1000424993 ns, Reaching safepoint: 153778 ns, At safepoint: 14587 ns, Total: 168365 ns
[2023-10-31T02:50:02.087+0000][7][safepoint   ] Safepoint "Cleanup", Time since last: 1000183433 ns, Reaching safepoint: 152113 ns, At safepoint: 18883 ns, Total: 170996 ns
[2023-10-31T02:50:03.088+0000][7][safepoint   ] Safepoint "Cleanup", Time since last: 1000745179 ns, Reaching safepoint: 110317 ns, At safepoint: 18531 ns, Total: 128848 ns
[2023-10-31T02:50:04.088+0000][7][safepoint   ] Safepoint "Cleanup", Time since last: 1000239008 ns, Reaching safepoint: 133597 ns, At safepoint: 15612 ns, Total: 149209 ns
[2023-10-31T02:50:05.089+0000][7][safepoint   ] Safepoint "Cleanup", Time since last: 1000310473 ns, Reaching safepoint: 310238 ns, At safepoint: 54133 ns, Total: 364371 ns
[2023-10-31T02:50:07.090+0000][7][safepoint   ] Safepoint "Cleanup", Time since last: 2000614807 ns, Reaching safepoint: 436695 ns, At safepoint: 58942 ns, Total: 495637 ns
[2023-10-31T02:50:08.091+0000][7][safepoint   ] Safepoint "Cleanup", Time since last: 1000444437 ns, Reaching safepoint: 146185 ns, At safepoint: 27680 ns, Total: 173865 ns
[2023-10-31T02:50:09.091+0000][7][safepoint   ] Safepoint "Cleanup", Time since last: 1000264612 ns, Reaching safepoint: 112818 ns, At safepoint: 9211 ns, Total: 122029 ns
[2023-10-31T02:50:10.092+0000][7][safepoint   ] Safepoint "Cleanup", Time since last: 1000159031 ns, Reaching safepoint: 160413 ns, At safepoint: 16468 ns, Total: 176881 ns
[2023-10-31T02:50:11.092+0000][7][safepoint   ] Safepoint "Cleanup", Time since last: 1000263695 ns, Reaching safepoint: 147888 ns, At safepoint: 39267 ns, Total: 187155 ns
[2023-10-31T02:50:13.093+0000][7][safepoint   ] Safepoint "Cleanup", Time since last: 2000485093 ns, Reaching safepoint: 126782 ns, At safepoint: 14357 ns, Total: 141139 ns
[2023-10-31T02:50:14.093+0000][7][safepoint   ] Safepoint "Cleanup", Time since last: 1000383845 ns, Reaching safepoint: 258413 ns, At safepoint: 51386 ns, Total: 309799 ns
[2023-10-31T02:50:15.094+0000][7][safepoint   ] Safepoint "Cleanup", Time since last: 1000352749 ns, Reaching safepoint: 186830 ns, At safepoint: 29894 ns, Total: 216724 ns
[2023-10-31T02:50:16.095+0000][7][safepoint   ] Safepoint "Cleanup", Time since last: 1000453579 ns, Reaching safepoint: 545408 ns, At safepoint: 53123 ns, Total: 598531 ns
[2023-10-31T02:50:18.096+0000][7][safepoint   ] Safepoint "Cleanup", Time since last: 2000782521 ns, Reaching safepoint: 100346 ns, At safepoint: 12307 ns, Total: 112653 ns
[2023-10-31T02:50:18.704+0000][7][gc,start    ] GC(48) Pause Young (Normal) (G1 Evacuation Pause)
[2023-10-31T02:50:18.704+0000][7][gc,task     ] GC(48) Using 8 workers of 8 for evacuation
[2023-10-31T02:50:18.705+0000][7][gc,age      ] GC(48) Desired survivor size 20971520 bytes, new threshold 15 (max threshold 15)
[2023-10-31T02:50:18.724+0000][7][gc,age      ] GC(48) Age table with threshold 15 (max threshold 15)
[2023-10-31T02:50:18.724+0000][7][gc,age      ] GC(48) - age   1:    2226680 bytes,    2226680 total
[2023-10-31T02:50:18.724+0000][7][gc,age      ] GC(48) - age   2:     949104 bytes,    3175784 total
[2023-10-31T02:50:18.724+0000][7][gc,age      ] GC(48) - age   3:     619432 bytes,    3795216 total
[2023-10-31T02:50:18.724+0000][7][gc,age      ] GC(48) - age   4:     203824 bytes,    3999040 total
[2023-10-31T02:50:18.724+0000][7][gc,age      ] GC(48) - age   5:     237024 bytes,    4236064 total
[2023-10-31T02:50:18.724+0000][7][gc,age      ] GC(48) - age   6:     612704 bytes,    4848768 total
[2023-10-31T02:50:18.724+0000][7][gc,age      ] GC(48) - age   7:     359744 bytes,    5208512 total
[2023-10-31T02:50:18.724+0000][7][gc,age      ] GC(48) - age   8:     401336 bytes,    5609848 total
[2023-10-31T02:50:18.724+0000][7][gc,age      ] GC(48) - age   9:     270768 bytes,    5880616 total
[2023-10-31T02:50:18.724+0000][7][gc,age      ] GC(48) - age  10:     343928 bytes,    6224544 total
[2023-10-31T02:50:18.724+0000][7][gc,age      ] GC(48) - age  11:     388336 bytes,    6612880 total
[2023-10-31T02:50:18.724+0000][7][gc,age      ] GC(48) - age  12:     225384 bytes,    6838264 total
[2023-10-31T02:50:18.724+0000][7][gc,age      ] GC(48) - age  13:     304176 bytes,    7142440 total
[2023-10-31T02:50:18.724+0000][7][gc,age      ] GC(48) - age  14:     317984 bytes,    7460424 total
[2023-10-31T02:50:18.724+0000][7][gc,age      ] GC(48) - age  15:    1583552 bytes,    9043976 total
[2023-10-31T02:50:18.725+0000][7][gc,phases   ] GC(48)   Pre Evacuate Collection Set: 0.5ms
[2023-10-31T02:50:18.725+0000][7][gc,phases   ] GC(48)   Merge Heap Roots: 0.3ms
[2023-10-31T02:50:18.725+0000][7][gc,phases   ] GC(48)   Evacuate Collection Set: 17.6ms
[2023-10-31T02:50:18.725+0000][7][gc,phases   ] GC(48)   Post Evacuate Collection Set: 0.9ms
[2023-10-31T02:50:18.725+0000][7][gc,phases   ] GC(48)   Other: 1.3ms
[2023-10-31T02:50:18.725+0000][7][gc,heap     ] GC(48) Eden regions: 72->0(72)
[2023-10-31T02:50:18.725+0000][7][gc,heap     ] GC(48) Survivor regions: 3->3(10)
[2023-10-31T02:50:18.725+0000][7][gc,heap     ] GC(48) Old regions: 23->23
[2023-10-31T02:50:18.725+0000][7][gc,heap     ] GC(48) Archive regions: 2->2
[2023-10-31T02:50:18.725+0000][7][gc,heap     ] GC(48) Humongous regions: 5->5
[2023-10-31T02:50:18.725+0000][7][gc,metaspace] GC(48) Metaspace: 117224K(118976K)->117224K(118976K) NonClass: 101513K(102528K)->101513K(102528K) Class: 15710K(16448K)->15710K(16448K)
[2023-10-31T02:50:18.725+0000][7][gc          ] GC(48) Pause Young (Normal) (G1 Evacuation Pause) 410M->123M(512M) 20.655ms
[2023-10-31T02:50:18.725+0000][7][gc,cpu      ] GC(48) User=0.07s Sys=0.00s Real=0.02s
[2023-10-31T02:50:18.725+0000][7][safepoint   ] Safepoint "G1CollectForAllocation", Time since last: 607945447 ns, Reaching safepoint: 238375 ns, At safepoint: 20983987 ns, Total: 21222362 ns
[2023-10-31T02:50:19.725+0000][7][safepoint   ] Safepoint "Cleanup", Time since last: 1000177564 ns, Reaching safepoint: 127563 ns, At safepoint: 15564 ns, Total: 143127 ns
[2023-10-31T02:50:20.726+0000][7][safepoint   ] Safepoint "Cleanup", Time since last: 1000363784 ns, Reaching safepoint: 409835 ns, At safepoint: 29411 ns, Total: 439246 ns
[2023-10-31T02:50:21.727+0000][7][safepoint   ] Safepoint "Cleanup", Time since last: 1000309656 ns, Reaching safepoint: 362882 ns, At safepoint: 111391 ns, Total: 474273 ns
[2023-10-31T02:50:22.728+0000][7][safepoint   ] Safepoint "Cleanup", Time since last: 1000518221 ns, Reaching safepoint: 218661 ns, At safepoint: 39729 ns, Total: 258390 ns
[2023-10-31T02:50:23.728+0000][7][safepoint   ] Safepoint "Cleanup", Time since last: 1000282832 ns, Reaching safepoint: 235772 ns, At safepoint: 18073 ns, Total: 253845 ns
[2023-10-31T02:50:24.729+0000][7][safepoint   ] Safepoint "Cleanup", Time since last: 1000451746 ns, Reaching safepoint: 198515 ns, At safepoint: 30322 ns, Total: 228837 ns
[2023-10-31T02:50:25.730+0000][7][safepoint   ] Safepoint "Cleanup", Time since last: 1000547456 ns, Reaching safepoint: 446236 ns, At safepoint: 26313 ns, Total: 472549 ns
[2023-10-31T02:50:27.731+0000][7][safepoint   ] Safepoint "Cleanup", Time since last: 2000478987 ns, Reaching safepoint: 254718 ns, At safepoint: 72156 ns, Total: 326874 ns
[2023-10-31T02:50:30.732+0000][7][safepoint   ] Safepoint "Cleanup", Time since last: 3000682324 ns, Reaching safepoint: 337579 ns, At safepoint: 99838 ns, Total: 437417 ns
[2023-10-31T02:50:32.733+0000][7][safepoint   ] Safepoint "Cleanup", Time since last: 2000686841 ns, Reaching safepoint: 221376 ns, At safepoint: 49509 ns, Total: 270885 ns
[2023-10-31T02:50:33.734+0000][7][safepoint   ] Safepoint "Cleanup", Time since last: 1001042627 ns, Reaching safepoint: 253281 ns, At safepoint: 118575 ns, Total: 371856 ns
[2023-10-31T02:50:34.735+0000][7][safepoint   ] Safepoint "Cleanup", Time since last: 1000614904 ns, Reaching safepoint: 121828 ns, At safepoint: 12684 ns, Total: 134512 ns
[2023-10-31T02:50:35.736+0000][7][safepoint   ] Safepoint "Cleanup", Time since last: 1000285835 ns, Reaching safepoint: 268576 ns, At safepoint: 33863 ns, Total: 302439 ns
[2023-10-31T02:50:36.737+0000][7][safepoint   ] Safepoint "Cleanup", Time since last: 1000543170 ns, Reaching safepoint: 387182 ns, At safepoint: 37360 ns, Total: 424542 ns
[2023-10-31T02:50:37.737+0000][7][safepoint   ] Safepoint "Cleanup", Time since last: 1000513897 ns, Reaching safepoint: 244039 ns, At safepoint: 85430 ns, Total: 329469 ns
[2023-10-31T02:50:38.682+0000][7][gc,start    ] GC(49) Pause Young (Normal) (G1 Evacuation Pause)
[2023-10-31T02:50:38.682+0000][7][gc,task     ] GC(49) Using 8 workers of 8 for evacuation
[2023-10-31T02:50:38.682+0000][7][gc,age      ] GC(49) Desired survivor size 20971520 bytes, new threshold 15 (max threshold 15)
[2023-10-31T02:50:38.712+0000][7][gc,age      ] GC(49) Age table with threshold 15 (max threshold 15)
[2023-10-31T02:50:38.712+0000][7][gc,age      ] GC(49) - age   1:    1836384 bytes,    1836384 total
[2023-10-31T02:50:38.712+0000][7][gc,age      ] GC(49) - age   2:    1496608 bytes,    3332992 total
[2023-10-31T02:50:38.712+0000][7][gc,age      ] GC(49) - age   3:     601744 bytes,    3934736 total
[2023-10-31T02:50:38.712+0000][7][gc,age      ] GC(49) - age   4:     617096 bytes,    4551832 total
[2023-10-31T02:50:38.712+0000][7][gc,age      ] GC(49) - age   5:     203024 bytes,    4754856 total
[2023-10-31T02:50:38.712+0000][7][gc,age      ] GC(49) - age   6:     236840 bytes,    4991696 total
[2023-10-31T02:50:38.712+0000][7][gc,age      ] GC(49) - age   7:     612448 bytes,    5604144 total
[2023-10-31T02:50:38.712+0000][7][gc,age      ] GC(49) - age   8:     359744 bytes,    5963888 total
[2023-10-31T02:50:38.712+0000][7][gc,age      ] GC(49) - age   9:     401336 bytes,    6365224 total
[2023-10-31T02:50:38.712+0000][7][gc,age      ] GC(49) - age  10:     270768 bytes,    6635992 total
[2023-10-31T02:50:38.712+0000][7][gc,age      ] GC(49) - age  11:     343928 bytes,    6979920 total
[2023-10-31T02:50:38.712+0000][7][gc,age      ] GC(49) - age  12:     322784 bytes,    7302704 total
[2023-10-31T02:50:38.712+0000][7][gc,age      ] GC(49) - age  13:     225320 bytes,    7528024 total
[2023-10-31T02:50:38.712+0000][7][gc,age      ] GC(49) - age  14:     304176 bytes,    7832200 total
[2023-10-31T02:50:38.712+0000][7][gc,age      ] GC(49) - age  15:     317984 bytes,    8150184 total
[2023-10-31T02:50:38.712+0000][7][gc,phases   ] GC(49)   Pre Evacuate Collection Set: 0.6ms
[2023-10-31T02:50:38.712+0000][7][gc,phases   ] GC(49)   Merge Heap Roots: 0.3ms
[2023-10-31T02:50:38.712+0000][7][gc,phases   ] GC(49)   Evacuate Collection Set: 26.9ms
[2023-10-31T02:50:38.712+0000][7][gc,phases   ] GC(49)   Post Evacuate Collection Set: 1.9ms
[2023-10-31T02:50:38.712+0000][7][gc,phases   ] GC(49)   Other: 1.2ms
[2023-10-31T02:50:38.712+0000][7][gc,heap     ] GC(49) Eden regions: 72->0(73)
[2023-10-31T02:50:38.713+0000][7][gc,heap     ] GC(49) Survivor regions: 3->2(10)
[2023-10-31T02:50:38.713+0000][7][gc,heap     ] GC(49) Old regions: 23->24
[2023-10-31T02:50:38.713+0000][7][gc,heap     ] GC(49) Archive regions: 2->2
[2023-10-31T02:50:38.713+0000][7][gc,heap     ] GC(49) Humongous regions: 5->5
[2023-10-31T02:50:38.713+0000][7][gc,metaspace] GC(49) Metaspace: 117257K(119040K)->117257K(119040K) NonClass: 101547K(102592K)->101547K(102592K) Class: 15710K(16448K)->15710K(16448K)
[2023-10-31T02:50:38.713+0000][7][gc          ] GC(49) Pause Young (Normal) (G1 Evacuation Pause) 411M->124M(512M) 31.180ms
[2023-10-31T02:50:38.713+0000][7][gc,cpu      ] GC(49) User=0.07s Sys=0.01s Real=0.03s
[2023-10-31T02:50:38.713+0000][7][safepoint   ] Safepoint "G1CollectForAllocation", Time since last: 943614913 ns, Reaching safepoint: 254425 ns, At safepoint: 31648532 ns, Total: 31902957 ns
[2023-10-31T02:50:39.714+0000][7][safepoint   ] Safepoint "Cleanup", Time since last: 1000321828 ns, Reaching safepoint: 313388 ns, At safepoint: 31525 ns, Total: 344913 ns
[2023-10-31T02:50:40.714+0000][7][safepoint   ] Safepoint "Cleanup", Time since last: 1000506810 ns, Reaching safepoint: 228534 ns, At safepoint: 52158 ns, Total: 280692 ns
[2023-10-31T02:50:42.715+0000][7][safepoint   ] Safepoint "Cleanup", Time since last: 2000553802 ns, Reaching safepoint: 350965 ns, At safepoint: 73761 ns, Total: 424726 ns
[2023-10-31T02:50:43.716+0000][7][safepoint   ] Safepoint "Cleanup", Time since last: 1000431704 ns, Reaching safepoint: 278738 ns, At safepoint: 37732 ns, Total: 316470 ns
[2023-10-31T02:50:44.718+0000][7][safepoint   ] Safepoint "Cleanup", Time since last: 1001196989 ns, Reaching safepoint: 214485 ns, At safepoint: 25114 ns, Total: 239599 ns
[2023-10-31T02:50:45.718+0000][7][safepoint   ] Safepoint "Cleanup", Time since last: 1000351035 ns, Reaching safepoint: 123328 ns, At safepoint: 5692 ns, Total: 129020 ns
[2023-10-31T02:50:46.719+0000][7][safepoint   ] Safepoint "Cleanup", Time since last: 1000286075 ns, Reaching safepoint: 236139 ns, At safepoint: 18163 ns, Total: 254302 ns
[2023-10-31T02:50:47.720+0000][7][safepoint   ] Safepoint "Cleanup", Time since last: 1000678188 ns, Reaching safepoint: 343064 ns, At safepoint: 91769 ns, Total: 434833 ns
[2023-10-31T02:50:48.720+0000][7][safepoint   ] Safepoint "Cleanup", Time since last: 1000523801 ns, Reaching safepoint: 114409 ns, At safepoint: 15031 ns, Total: 129440 ns
[2023-10-31T02:50:49.721+0000][7][safepoint   ] Safepoint "Cleanup", Time since last: 1000177039 ns, Reaching safepoint: 97312 ns, At safepoint: 10908 ns, Total: 108220 ns
[2023-10-31T02:50:50.721+0000][7][safepoint   ] Safepoint "Cleanup", Time since last: 1000154148 ns, Reaching safepoint: 171207 ns, At safepoint: 11372 ns, Total: 182579 ns
[2023-10-31T02:50:51.722+0000][7][safepoint   ] Safepoint "Cleanup", Time since last: 1000312363 ns, Reaching safepoint: 305433 ns, At safepoint: 31109 ns, Total: 336542 ns
[2023-10-31T02:50:52.722+0000][7][safepoint   ] Safepoint "Cleanup", Time since last: 1000410059 ns, Reaching safepoint: 149314 ns, At safepoint: 44912 ns, Total: 194226 ns
[2023-10-31T02:50:54.723+0000][7][safepoint   ] Safepoint "Cleanup", Time since last: 2000465808 ns, Reaching safepoint: 163654 ns, At safepoint: 21755 ns, Total: 185409 ns
[2023-10-31T02:50:55.724+0000][7][safepoint   ] Safepoint "Cleanup", Time since last: 1000326681 ns, Reaching safepoint: 292009 ns, At safepoint: 86131 ns, Total: 378140 ns
[2023-10-31T02:50:56.724+0000][7][safepoint   ] Safepoint "Cleanup", Time since last: 1000384906 ns, Reaching safepoint: 271429 ns, At safepoint: 20248 ns, Total: 291677 ns
[2023-10-31T02:50:57.725+0000][7][safepoint   ] Safepoint "Cleanup", Time since last: 1000433305 ns, Reaching safepoint: 450565 ns, At safepoint: 51750 ns, Total: 502315 ns
[2023-10-31T02:50:58.726+0000][7][safepoint   ] Safepoint "Cleanup", Time since last: 1000419883 ns, Reaching safepoint: 153077 ns, At safepoint: 17700 ns, Total: 170777 ns
[2023-10-31T02:51:00.654+0000][7][gc,start    ] GC(50) Pause Young (Normal) (G1 Evacuation Pause)
[2023-10-31T02:51:00.654+0000][7][gc,task     ] GC(50) Using 8 workers of 8 for evacuation
[2023-10-31T02:51:00.654+0000][7][gc,age      ] GC(50) Desired survivor size 20971520 bytes, new threshold 15 (max threshold 15)
[2023-10-31T02:51:00.666+0000][7][gc,age      ] GC(50) Age table with threshold 15 (max threshold 15)
[2023-10-31T02:51:00.666+0000][7][gc,age      ] GC(50) - age   1:    2238744 bytes,    2238744 total
[2023-10-31T02:51:00.666+0000][7][gc,age      ] GC(50) - age   2:     858272 bytes,    3097016 total
[2023-10-31T02:51:00.666+0000][7][gc,age      ] GC(50) - age   3:     690496 bytes,    3787512 total
[2023-10-31T02:51:00.666+0000][7][gc,age      ] GC(50) - age   4:     599728 bytes,    4387240 total
[2023-10-31T02:51:00.666+0000][7][gc,age      ] GC(50) - age   5:     616904 bytes,    5004144 total
[2023-10-31T02:51:00.666+0000][7][gc,age      ] GC(50) - age   6:     202896 bytes,    5207040 total
[2023-10-31T02:51:00.666+0000][7][gc,age      ] GC(50) - age   7:     236776 bytes,    5443816 total
[2023-10-31T02:51:00.666+0000][7][gc,age      ] GC(50) - age   8:     612448 bytes,    6056264 total
[2023-10-31T02:51:00.666+0000][7][gc,age      ] GC(50) - age   9:     359744 bytes,    6416008 total
[2023-10-31T02:51:00.666+0000][7][gc,age      ] GC(50) - age  10:     401336 bytes,    6817344 total
[2023-10-31T02:51:00.666+0000][7][gc,age      ] GC(50) - age  11:     270768 bytes,    7088112 total
[2023-10-31T02:51:00.666+0000][7][gc,age      ] GC(50) - age  12:     343928 bytes,    7432040 total
[2023-10-31T02:51:00.666+0000][7][gc,age      ] GC(50) - age  13:     322784 bytes,    7754824 total
[2023-10-31T02:51:00.666+0000][7][gc,age      ] GC(50) - age  14:     225320 bytes,    7980144 total
[2023-10-31T02:51:00.666+0000][7][gc,age      ] GC(50) - age  15:     304176 bytes,    8284320 total
[2023-10-31T02:51:00.666+0000][7][gc,phases   ] GC(50)   Pre Evacuate Collection Set: 0.1ms
[2023-10-31T02:51:00.666+0000][7][gc,phases   ] GC(50)   Merge Heap Roots: 0.1ms
[2023-10-31T02:51:00.666+0000][7][gc,phases   ] GC(50)   Evacuate Collection Set: 9.7ms
[2023-10-31T02:51:00.666+0000][7][gc,phases   ] GC(50)   Post Evacuate Collection Set: 2.1ms
[2023-10-31T02:51:00.666+0000][7][gc,phases   ] GC(50)   Other: 0.4ms
[2023-10-31T02:51:00.666+0000][7][gc,heap     ] GC(50) Eden regions: 73->0(71)
[2023-10-31T02:51:00.666+0000][7][gc,heap     ] GC(50) Survivor regions: 2->3(10)
[2023-10-31T02:51:00.666+0000][7][gc,heap     ] GC(50) Old regions: 24->24
[2023-10-31T02:51:00.666+0000][7][gc,heap     ] GC(50) Archive regions: 2->2
[2023-10-31T02:51:00.666+0000][7][gc,heap     ] GC(50) Humongous regions: 5->5
[2023-10-31T02:51:00.666+0000][7][gc,metaspace] GC(50) Metaspace: 117325K(119104K)->117325K(119104K) NonClass: 101615K(102656K)->101615K(102656K) Class: 15710K(16448K)->15710K(16448K)
[2023-10-31T02:51:00.666+0000][7][gc          ] GC(50) Pause Young (Normal) (G1 Evacuation Pause) 416M->124M(512M) 12.537ms
[2023-10-31T02:51:00.666+0000][7][gc,cpu      ] GC(50) User=0.04s Sys=0.02s Real=0.01s
[2023-10-31T02:51:00.666+0000][7][safepoint   ] Safepoint "G1CollectForAllocation", Time since last: 1927548066 ns, Reaching safepoint: 89254 ns, At safepoint: 13016101 ns, Total: 13105355 ns
[2023-10-31T02:51:01.667+0000][7][safepoint   ] Safepoint "Cleanup", Time since last: 1000378726 ns, Reaching safepoint: 477699 ns, At safepoint: 54283 ns, Total: 531982 ns
[2023-10-31T02:51:02.668+0000][7][safepoint   ] Safepoint "Cleanup", Time since last: 1000314024 ns, Reaching safepoint: 389441 ns, At safepoint: 113301 ns, Total: 502742 ns
[2023-10-31T02:51:04.669+0000][7][safepoint   ] Safepoint "Cleanup", Time since last: 2000564071 ns, Reaching safepoint: 117847 ns, At safepoint: 9094 ns, Total: 126941 ns
[2023-10-31T02:51:05.670+0000][7][safepoint   ] Safepoint "Cleanup", Time since last: 1000310329 ns, Reaching safepoint: 285738 ns, At safepoint: 31239 ns, Total: 316977 ns
[2023-10-31T02:51:06.671+0000][7][safepoint   ] Safepoint "Cleanup", Time since last: 1000657881 ns, Reaching safepoint: 310126 ns, At safepoint: 56129 ns, Total: 366255 ns
[2023-10-31T02:51:07.671+0000][7][safepoint   ] Safepoint "Cleanup", Time since last: 1000595240 ns, Reaching safepoint: 197786 ns, At safepoint: 25766 ns, Total: 223552 ns
[2023-10-31T02:51:08.672+0000][7][safepoint   ] Safepoint "Cleanup", Time since last: 1000410998 ns, Reaching safepoint: 251858 ns, At safepoint: 36326 ns, Total: 288184 ns
[2023-10-31T02:51:09.673+0000][7][safepoint   ] Safepoint "Cleanup", Time since last: 1000418794 ns, Reaching safepoint: 71046 ns, At safepoint: 7178 ns, Total: 78224 ns
[2023-10-31T02:51:10.673+0000][7][safepoint   ] Safepoint "Cleanup", Time since last: 1000197441 ns, Reaching safepoint: 132193 ns, At safepoint: 10617 ns, Total: 142810 ns
[2023-10-31T02:51:12.673+0000][7][safepoint   ] Safepoint "Cleanup", Time since last: 2000391362 ns, Reaching safepoint: 104085 ns, At safepoint: 6284 ns, Total: 110369 ns
[2023-10-31T02:51:13.675+0000][7][safepoint   ] Safepoint "Cleanup", Time since last: 1000898674 ns, Reaching safepoint: 293215 ns, At safepoint: 110389 ns, Total: 403604 ns
[2023-10-31T02:51:15.675+0000][7][safepoint   ] Safepoint "Cleanup", Time since last: 2000574488 ns, Reaching safepoint: 84499 ns, At safepoint: 8756 ns, Total: 93255 ns
[2023-10-31T02:51:16.676+0000][7][safepoint   ] Safepoint "Cleanup", Time since last: 1000570719 ns, Reaching safepoint: 369878 ns, At safepoint: 119276 ns, Total: 489154 ns
[2023-10-31T02:51:17.677+0000][7][safepoint   ] Safepoint "Cleanup", Time since last: 1000245840 ns, Reaching safepoint: 113574 ns, At safepoint: 6492 ns, Total: 120066 ns
[2023-10-31T02:51:18.882+0000][7][safepoint   ] Safepoint "Cleanup", Time since last: 1204827384 ns, Reaching safepoint: 387299 ns, At safepoint: 90998 ns, Total: 478297 ns
[2023-10-31T02:51:19.883+0000][7][safepoint   ] Safepoint "Cleanup", Time since last: 1000517263 ns, Reaching safepoint: 608351 ns, At safepoint: 87039 ns, Total: 695390 ns
[2023-10-31T02:51:20.087+0000][7][gc,start    ] GC(51) Pause Young (Normal) (G1 Evacuation Pause)
[2023-10-31T02:51:20.087+0000][7][gc,task     ] GC(51) Using 8 workers of 8 for evacuation
[2023-10-31T02:51:20.087+0000][7][gc,age      ] GC(51) Desired survivor size 20971520 bytes, new threshold 15 (max threshold 15)
[2023-10-31T02:51:20.092+0000][7][gc,age      ] GC(51) Age table with threshold 15 (max threshold 15)
[2023-10-31T02:51:20.092+0000][7][gc,age      ] GC(51) - age   1:     609088 bytes,     609088 total
[2023-10-31T02:51:20.092+0000][7][gc,age      ] GC(51) - age   2:     993464 bytes,    1602552 total
[2023-10-31T02:51:20.092+0000][7][gc,age      ] GC(51) - age   3:     853672 bytes,    2456224 total
[2023-10-31T02:51:20.092+0000][7][gc,age      ] GC(51) - age   4:     626632 bytes,    3082856 total
[2023-10-31T02:51:20.092+0000][7][gc,age      ] GC(51) - age   5:     599728 bytes,    3682584 total
[2023-10-31T02:51:20.092+0000][7][gc,age      ] GC(51) - age   6:     616904 bytes,    4299488 total
[2023-10-31T02:51:20.092+0000][7][gc,age      ] GC(51) - age   7:     202896 bytes,    4502384 total
[2023-10-31T02:51:20.092+0000][7][gc,age      ] GC(51) - age   8:     236776 bytes,    4739160 total
[2023-10-31T02:51:20.092+0000][7][gc,age      ] GC(51) - age   9:     612384 bytes,    5351544 total
[2023-10-31T02:51:20.092+0000][7][gc,age      ] GC(51) - age  10:     359432 bytes,    5710976 total
[2023-10-31T02:51:20.092+0000][7][gc,age      ] GC(51) - age  11:     401336 bytes,    6112312 total
[2023-10-31T02:51:20.092+0000][7][gc,age      ] GC(51) - age  12:     270768 bytes,    6383080 total
[2023-10-31T02:51:20.092+0000][7][gc,age      ] GC(51) - age  13:     343928 bytes,    6727008 total
[2023-10-31T02:51:20.092+0000][7][gc,age      ] GC(51) - age  14:     322784 bytes,    7049792 total
[2023-10-31T02:51:20.092+0000][7][gc,age      ] GC(51) - age  15:     225320 bytes,    7275112 total
[2023-10-31T02:51:20.093+0000][7][gc,phases   ] GC(51)   Pre Evacuate Collection Set: 0.1ms
[2023-10-31T02:51:20.093+0000][7][gc,phases   ] GC(51)   Merge Heap Roots: 0.1ms
[2023-10-31T02:51:20.093+0000][7][gc,phases   ] GC(51)   Evacuate Collection Set: 3.2ms
[2023-10-31T02:51:20.093+0000][7][gc,phases   ] GC(51)   Post Evacuate Collection Set: 1.8ms
[2023-10-31T02:51:20.093+0000][7][gc,phases   ] GC(51)   Other: 0.6ms
[2023-10-31T02:51:20.093+0000][7][gc,heap     ] GC(51) Eden regions: 71->0(73)
[2023-10-31T02:51:20.093+0000][7][gc,heap     ] GC(51) Survivor regions: 3->2(10)
[2023-10-31T02:51:20.093+0000][7][gc,heap     ] GC(51) Old regions: 24->24
[2023-10-31T02:51:20.093+0000][7][gc,heap     ] GC(51) Archive regions: 2->2
[2023-10-31T02:51:20.093+0000][7][gc,heap     ] GC(51) Humongous regions: 5->5
[2023-10-31T02:51:20.093+0000][7][gc,metaspace] GC(51) Metaspace: 117361K(119104K)->117361K(119104K) NonClass: 101650K(102656K)->101650K(102656K) Class: 15710K(16448K)->15710K(16448K)
[2023-10-31T02:51:20.093+0000][7][gc          ] GC(51) Pause Young (Normal) (G1 Evacuation Pause) 408M->124M(512M) 6.396ms
[2023-10-31T02:51:20.093+0000][7][gc,cpu      ] GC(51) User=0.02s Sys=0.01s Real=0.00s
[2023-10-31T02:51:20.094+0000][7][safepoint   ] Safepoint "G1CollectForAllocation", Time since last: 203178673 ns, Reaching safepoint: 139144 ns, At safepoint: 6963678 ns, Total: 7102822 ns
[2023-10-31T02:51:21.749+0000][7][safepoint   ] Safepoint "Cleanup", Time since last: 1655185898 ns, Reaching safepoint: 203866 ns, At safepoint: 25427 ns, Total: 229293 ns
[2023-10-31T02:51:22.749+0000][7][safepoint   ] Safepoint "Cleanup", Time since last: 1000239838 ns, Reaching safepoint: 132042 ns, At safepoint: 8879 ns, Total: 140921 ns
[2023-10-31T02:51:24.750+0000][7][safepoint   ] Safepoint "Cleanup", Time since last: 2000385904 ns, Reaching safepoint: 237078 ns, At safepoint: 57153 ns, Total: 294231 ns
[2023-10-31T02:51:25.750+0000][7][safepoint   ] Safepoint "Cleanup", Time since last: 1000276185 ns, Reaching safepoint: 89644 ns, At safepoint: 15843 ns, Total: 105487 ns
[2023-10-31T02:51:26.751+0000][7][safepoint   ] Safepoint "Cleanup", Time since last: 1000333922 ns, Reaching safepoint: 94628 ns, At safepoint: 7845 ns, Total: 102473 ns
[2023-10-31T02:51:27.751+0000][7][safepoint   ] Safepoint "Cleanup", Time since last: 1000158529 ns, Reaching safepoint: 81057 ns, At safepoint: 9895 ns, Total: 90952 ns
[2023-10-31T02:51:30.752+0000][7][safepoint   ] Safepoint "Cleanup", Time since last: 3000597531 ns, Reaching safepoint: 202249 ns, At safepoint: 27001 ns, Total: 229250 ns
[2023-10-31T02:51:31.752+0000][7][safepoint   ] Safepoint "Cleanup", Time since last: 1000399707 ns, Reaching safepoint: 115011 ns, At safepoint: 8448 ns, Total: 123459 ns
[2023-10-31T02:51:32.753+0000][7][safepoint   ] Safepoint "Cleanup", Time since last: 1000311583 ns, Reaching safepoint: 384743 ns, At safepoint: 20013 ns, Total: 404756 ns
[2023-10-31T02:51:33.753+0000][7][safepoint   ] Safepoint "Cleanup", Time since last: 1000198743 ns, Reaching safepoint: 64410 ns, At safepoint: 10665 ns, Total: 75075 ns
[2023-10-31T02:51:35.417+0000][7][safepoint   ] Safepoint "Cleanup", Time since last: 1662971121 ns, Reaching safepoint: 367832 ns, At safepoint: 60396 ns, Total: 428228 ns
[2023-10-31T02:51:36.418+0000][7][safepoint   ] Safepoint "Cleanup", Time since last: 1000402571 ns, Reaching safepoint: 292060 ns, At safepoint: 29885 ns, Total: 321945 ns
[2023-10-31T02:51:37.418+0000][7][safepoint   ] Safepoint "Cleanup", Time since last: 1000323308 ns, Reaching safepoint: 109233 ns, At safepoint: 9862 ns, Total: 119095 ns
[2023-10-31T02:51:38.418+0000][7][safepoint   ] Safepoint "Cleanup", Time since last: 1000257748 ns, Reaching safepoint: 164508 ns, At safepoint: 10445 ns, Total: 174953 ns
[2023-10-31T02:51:39.419+0000][7][safepoint   ] Safepoint "Cleanup", Time since last: 1000359198 ns, Reaching safepoint: 334463 ns, At safepoint: 37089 ns, Total: 371552 ns
[2023-10-31T02:51:40.420+0000][7][safepoint   ] Safepoint "Cleanup", Time since last: 1000317347 ns, Reaching safepoint: 198233 ns, At safepoint: 18241 ns, Total: 216474 ns
[2023-10-31T02:51:41.581+0000][7][gc,start    ] GC(52) Pause Young (Normal) (G1 Evacuation Pause)
[2023-10-31T02:51:41.581+0000][7][gc,task     ] GC(52) Using 8 workers of 8 for evacuation
[2023-10-31T02:51:41.581+0000][7][gc,age      ] GC(52) Desired survivor size 20971520 bytes, new threshold 15 (max threshold 15)
[2023-10-31T02:51:41.596+0000][7][gc,age      ] GC(52) Age table with threshold 15 (max threshold 15)
[2023-10-31T02:51:41.596+0000][7][gc,age      ] GC(52) - age   1:    1054896 bytes,    1054896 total
[2023-10-31T02:51:41.596+0000][7][gc,age      ] GC(52) - age   2:     280760 bytes,    1335656 total
[2023-10-31T02:51:41.596+0000][7][gc,age      ] GC(52) - age   3:     992008 bytes,    2327664 total
[2023-10-31T02:51:41.596+0000][7][gc,age      ] GC(52) - age   4:     572096 bytes,    2899760 total
[2023-10-31T02:51:41.596+0000][7][gc,age      ] GC(52) - age   5:     624608 bytes,    3524368 total
[2023-10-31T02:51:41.596+0000][7][gc,age      ] GC(52) - age   6:     599600 bytes,    4123968 total
[2023-10-31T02:51:41.596+0000][7][gc,age      ] GC(52) - age   7:     616840 bytes,    4740808 total
[2023-10-31T02:51:41.596+0000][7][gc,age      ] GC(52) - age   8:     202896 bytes,    4943704 total
[2023-10-31T02:51:41.596+0000][7][gc,age      ] GC(52) - age   9:     236776 bytes,    5180480 total
[2023-10-31T02:51:41.596+0000][7][gc,age      ] GC(52) - age  10:     612384 bytes,    5792864 total
[2023-10-31T02:51:41.596+0000][7][gc,age      ] GC(52) - age  11:     359432 bytes,    6152296 total
[2023-10-31T02:51:41.596+0000][7][gc,age      ] GC(52) - age  12:     401336 bytes,    6553632 total
[2023-10-31T02:51:41.596+0000][7][gc,age      ] GC(52) - age  13:     270768 bytes,    6824400 total
[2023-10-31T02:51:41.596+0000][7][gc,age      ] GC(52) - age  14:     343928 bytes,    7168328 total
[2023-10-31T02:51:41.596+0000][7][gc,age      ] GC(52) - age  15:     322784 bytes,    7491112 total
[2023-10-31T02:51:41.597+0000][7][gc,phases   ] GC(52)   Pre Evacuate Collection Set: 0.4ms
[2023-10-31T02:51:41.597+0000][7][gc,phases   ] GC(52)   Merge Heap Roots: 0.2ms
[2023-10-31T02:51:41.597+0000][7][gc,phases   ] GC(52)   Evacuate Collection Set: 11.5ms
[2023-10-31T02:51:41.597+0000][7][gc,phases   ] GC(52)   Post Evacuate Collection Set: 2.3ms
[2023-10-31T02:51:41.597+0000][7][gc,phases   ] GC(52)   Other: 1.5ms
[2023-10-31T02:51:41.597+0000][7][gc,heap     ] GC(52) Eden regions: 73->0(73)
[2023-10-31T02:51:41.597+0000][7][gc,heap     ] GC(52) Survivor regions: 2->2(10)
[2023-10-31T02:51:41.597+0000][7][gc,heap     ] GC(52) Old regions: 24->24
[2023-10-31T02:51:41.597+0000][7][gc,heap     ] GC(52) Archive regions: 2->2
[2023-10-31T02:51:41.597+0000][7][gc,heap     ] GC(52) Humongous regions: 5->5
[2023-10-31T02:51:41.597+0000][7][gc,metaspace] GC(52) Metaspace: 117399K(119168K)->117399K(119168K) NonClass: 101688K(102720K)->101688K(102720K) Class: 15710K(16448K)->15710K(16448K)
[2023-10-31T02:51:41.597+0000][7][gc          ] GC(52) Pause Young (Normal) (G1 Evacuation Pause) 416M->124M(512M) 15.938ms
[2023-10-31T02:51:41.597+0000][7][gc,cpu      ] GC(52) User=0.06s Sys=0.01s Real=0.02s
[2023-10-31T02:51:41.597+0000][7][safepoint   ] Safepoint "G1CollectForAllocation", Time since last: 1160738906 ns, Reaching safepoint: 218446 ns, At safepoint: 16441162 ns, Total: 16659608 ns
[2023-10-31T02:51:42.598+0000][7][safepoint   ] Safepoint "Cleanup", Time since last: 1000255129 ns, Reaching safepoint: 200653 ns, At safepoint: 66386 ns, Total: 267039 ns
[2023-10-31T02:51:43.598+0000][7][safepoint   ] Safepoint "Cleanup", Time since last: 1000380510 ns, Reaching safepoint: 122303 ns, At safepoint: 5719 ns, Total: 128022 ns
[2023-10-31T02:51:45.599+0000][7][safepoint   ] Safepoint "Cleanup", Time since last: 2000341145 ns, Reaching safepoint: 172137 ns, At safepoint: 50831 ns, Total: 222968 ns
[2023-10-31T02:51:46.599+0000][7][safepoint   ] Safepoint "Cleanup", Time since last: 1000372702 ns, Reaching safepoint: 308798 ns, At safepoint: 60070 ns, Total: 368868 ns
[2023-10-31T02:51:47.600+0000][7][safepoint   ] Safepoint "Cleanup", Time since last: 1000493567 ns, Reaching safepoint: 165841 ns, At safepoint: 8607 ns, Total: 174448 ns
[2023-10-31T02:51:49.601+0000][7][safepoint   ] Safepoint "Cleanup", Time since last: 2000648106 ns, Reaching safepoint: 312753 ns, At safepoint: 60704 ns, Total: 373457 ns
[2023-10-31T02:51:50.602+0000][7][safepoint   ] Safepoint "Cleanup", Time since last: 1000497413 ns, Reaching safepoint: 389841 ns, At safepoint: 82114 ns, Total: 471955 ns
[2023-10-31T02:51:52.603+0000][7][safepoint   ] Safepoint "Cleanup", Time since last: 2000413942 ns, Reaching safepoint: 253215 ns, At safepoint: 48215 ns, Total: 301430 ns
[2023-10-31T02:51:54.604+0000][7][safepoint   ] Safepoint "Cleanup", Time since last: 2000725278 ns, Reaching safepoint: 434407 ns, At safepoint: 53910 ns, Total: 488317 ns
[2023-10-31T02:51:55.605+0000][7][safepoint   ] Safepoint "Cleanup", Time since last: 1000429095 ns, Reaching safepoint: 331973 ns, At safepoint: 64899 ns, Total: 396872 ns
[2023-10-31T02:51:56.606+0000][7][safepoint   ] Safepoint "Cleanup", Time since last: 1000342099 ns, Reaching safepoint: 341081 ns, At safepoint: 45468 ns, Total: 386549 ns
[2023-10-31T02:51:58.606+0000][7][safepoint   ] Safepoint "Cleanup", Time since last: 2000587258 ns, Reaching safepoint: 89533 ns, At safepoint: 6810 ns, Total: 96343 ns
[2023-10-31T02:51:59.606+0000][7][safepoint   ] Safepoint "Cleanup", Time since last: 1000153934 ns, Reaching safepoint: 49171 ns, At safepoint: 5775 ns, Total: 54946 ns
[2023-10-31T02:52:00.607+0000][7][safepoint   ] Safepoint "Cleanup", Time since last: 1000284220 ns, Reaching safepoint: 173230 ns, At safepoint: 23189 ns, Total: 196419 ns
[2023-10-31T02:52:01.607+0000][7][safepoint   ] Safepoint "Cleanup", Time since last: 1000259265 ns, Reaching safepoint: 121945 ns, At safepoint: 29748 ns, Total: 151693 ns
[2023-10-31T02:52:01.704+0000][7][gc,start    ] GC(53) Pause Young (Normal) (G1 Evacuation Pause)
[2023-10-31T02:52:01.704+0000][7][gc,task     ] GC(53) Using 8 workers of 8 for evacuation
[2023-10-31T02:52:01.704+0000][7][gc,age      ] GC(53) Desired survivor size 20971520 bytes, new threshold 15 (max threshold 15)
[2023-10-31T02:52:01.713+0000][7][gc,age      ] GC(53) Age table with threshold 15 (max threshold 15)
[2023-10-31T02:52:01.714+0000][7][gc,age      ] GC(53) - age   1:    1801872 bytes,    1801872 total
[2023-10-31T02:52:01.714+0000][7][gc,age      ] GC(53) - age   2:     698088 bytes,    2499960 total
[2023-10-31T02:52:01.714+0000][7][gc,age      ] GC(53) - age   3:     277336 bytes,    2777296 total
[2023-10-31T02:52:01.714+0000][7][gc,age      ] GC(53) - age   4:     528496 bytes,    3305792 total
[2023-10-31T02:52:01.714+0000][7][gc,age      ] GC(53) - age   5:     403888 bytes,    3709680 total
[2023-10-31T02:52:01.714+0000][7][gc,age      ] GC(53) - age   6:     624576 bytes,    4334256 total
[2023-10-31T02:52:01.714+0000][7][gc,age      ] GC(53) - age   7:     599176 bytes,    4933432 total
[2023-10-31T02:52:01.714+0000][7][gc,age      ] GC(53) - age   8:     616704 bytes,    5550136 total
[2023-10-31T02:52:01.714+0000][7][gc,age      ] GC(53) - age   9:     202896 bytes,    5753032 total
[2023-10-31T02:52:01.714+0000][7][gc,age      ] GC(53) - age  10:     236776 bytes,    5989808 total
[2023-10-31T02:52:01.714+0000][7][gc,age      ] GC(53) - age  11:     612384 bytes,    6602192 total
[2023-10-31T02:52:01.714+0000][7][gc,age      ] GC(53) - age  12:     359432 bytes,    6961624 total
[2023-10-31T02:52:01.714+0000][7][gc,age      ] GC(53) - age  13:     293936 bytes,    7255560 total
[2023-10-31T02:52:01.714+0000][7][gc,age      ] GC(53) - age  14:     270768 bytes,    7526328 total
[2023-10-31T02:52:01.714+0000][7][gc,age      ] GC(53) - age  15:     343928 bytes,    7870256 total
[2023-10-31T02:52:01.715+0000][7][gc,phases   ] GC(53)   Pre Evacuate Collection Set: 0.1ms
[2023-10-31T02:52:01.715+0000][7][gc,phases   ] GC(53)   Merge Heap Roots: 0.1ms
[2023-10-31T02:52:01.715+0000][7][gc,phases   ] GC(53)   Evacuate Collection Set: 6.2ms
[2023-10-31T02:52:01.715+0000][7][gc,phases   ] GC(53)   Post Evacuate Collection Set: 3.2ms
[2023-10-31T02:52:01.715+0000][7][gc,phases   ] GC(53)   Other: 1.4ms
[2023-10-31T02:52:01.715+0000][7][gc,heap     ] GC(53) Eden regions: 73->0(73)
[2023-10-31T02:52:01.715+0000][7][gc,heap     ] GC(53) Survivor regions: 2->2(10)
[2023-10-31T02:52:01.715+0000][7][gc,heap     ] GC(53) Old regions: 24->24
[2023-10-31T02:52:01.715+0000][7][gc,heap     ] GC(53) Archive regions: 2->2
[2023-10-31T02:52:01.715+0000][7][gc,heap     ] GC(53) Humongous regions: 5->5
[2023-10-31T02:52:01.715+0000][7][gc,metaspace] GC(53) Metaspace: 117506K(119232K)->117506K(119232K) NonClass: 101791K(102784K)->101791K(102784K) Class: 15714K(16448K)->15714K(16448K)
[2023-10-31T02:52:01.715+0000][7][gc          ] GC(53) Pause Young (Normal) (G1 Evacuation Pause) 416M->125M(512M) 11.199ms
[2023-10-31T02:52:01.715+0000][7][gc,cpu      ] GC(53) User=0.04s Sys=0.00s Real=0.01s
[2023-10-31T02:52:01.715+0000][7][safepoint   ] Safepoint "G1CollectForAllocation", Time since last: 96048288 ns, Reaching safepoint: 58948 ns, At safepoint: 11447493 ns, Total: 11506441 ns
[2023-10-31T02:52:02.716+0000][7][safepoint   ] Safepoint "Cleanup", Time since last: 1000197975 ns, Reaching safepoint: 614363 ns, At safepoint: 136877 ns, Total: 751240 ns
[2023-10-31T02:52:03.717+0000][7][safepoint   ] Safepoint "Cleanup", Time since last: 1000578365 ns, Reaching safepoint: 321173 ns, At safepoint: 53170 ns, Total: 374343 ns
[2023-10-31T02:52:05.718+0000][7][safepoint   ] Safepoint "Cleanup", Time since last: 2000590225 ns, Reaching safepoint: 213296 ns, At safepoint: 20796 ns, Total: 234092 ns
[2023-10-31T02:52:06.718+0000][7][safepoint   ] Safepoint "Cleanup", Time since last: 1000497791 ns, Reaching safepoint: 268846 ns, At safepoint: 42809 ns, Total: 311655 ns
[2023-10-31T02:52:07.719+0000][7][safepoint   ] Safepoint "Cleanup", Time since last: 1000477367 ns, Reaching safepoint: 364587 ns, At safepoint: 58148 ns, Total: 422735 ns
[2023-10-31T02:52:09.720+0000][7][safepoint   ] Safepoint "Cleanup", Time since last: 2000589887 ns, Reaching safepoint: 229680 ns, At safepoint: 28749 ns, Total: 258429 ns
[2023-10-31T02:52:10.721+0000][7][safepoint   ] Safepoint "Cleanup", Time since last: 1000399316 ns, Reaching safepoint: 390766 ns, At safepoint: 54358 ns, Total: 445124 ns
[2023-10-31T02:52:11.722+0000][7][safepoint   ] Safepoint "Cleanup", Time since last: 1000493047 ns, Reaching safepoint: 414513 ns, At safepoint: 58676 ns, Total: 473189 ns
[2023-10-31T02:52:12.723+0000][7][safepoint   ] Safepoint "Cleanup", Time since last: 1000462945 ns, Reaching safepoint: 345229 ns, At safepoint: 25650 ns, Total: 370879 ns
[2023-10-31T02:52:13.724+0000][7][safepoint   ] Safepoint "Cleanup", Time since last: 1000543267 ns, Reaching safepoint: 174711 ns, At safepoint: 65738 ns, Total: 240449 ns
[2023-10-31T02:52:15.724+0000][7][safepoint   ] Safepoint "Cleanup", Time since last: 2000678133 ns, Reaching safepoint: 119941 ns, At safepoint: 13134 ns, Total: 133075 ns
[2023-10-31T02:52:17.725+0000][7][safepoint   ] Safepoint "Cleanup", Time since last: 2000365112 ns, Reaching safepoint: 309860 ns, At safepoint: 33246 ns, Total: 343106 ns
[2023-10-31T02:52:18.726+0000][7][safepoint   ] Safepoint "Cleanup", Time since last: 1000435991 ns, Reaching safepoint: 172287 ns, At safepoint: 14545 ns, Total: 186832 ns
[2023-10-31T02:52:20.727+0000][7][safepoint   ] Safepoint "Cleanup", Time since last: 2000614103 ns, Reaching safepoint: 313426 ns, At safepoint: 39643 ns, Total: 353069 ns
[2023-10-31T02:52:21.727+0000][7][safepoint   ] Safepoint "Cleanup", Time since last: 1000379705 ns, Reaching safepoint: 296457 ns, At safepoint: 26265 ns, Total: 322722 ns
[2023-10-31T02:52:22.728+0000][7][safepoint   ] Safepoint "Cleanup", Time since last: 1000410742 ns, Reaching safepoint: 92197 ns, At safepoint: 12943 ns, Total: 105140 ns
[2023-10-31T02:52:23.729+0000][7][safepoint   ] Safepoint "Cleanup", Time since last: 1000225406 ns, Reaching safepoint: 287913 ns, At safepoint: 25618 ns, Total: 313531 ns
[2023-10-31T02:52:23.887+0000][7][gc,start    ] GC(54) Pause Young (Normal) (G1 Evacuation Pause)
[2023-10-31T02:52:23.887+0000][7][gc,task     ] GC(54) Using 8 workers of 8 for evacuation
[2023-10-31T02:52:23.887+0000][7][gc,age      ] GC(54) Desired survivor size 20971520 bytes, new threshold 15 (max threshold 15)
[2023-10-31T02:52:23.899+0000][7][gc,age      ] GC(54) Age table with threshold 15 (max threshold 15)
[2023-10-31T02:52:23.899+0000][7][gc,age      ] GC(54) - age   1:    1622624 bytes,    1622624 total
[2023-10-31T02:52:23.899+0000][7][gc,age      ] GC(54) - age   2:    1083536 bytes,    2706160 total
[2023-10-31T02:52:23.899+0000][7][gc,age      ] GC(54) - age   3:     238712 bytes,    2944872 total
[2023-10-31T02:52:23.899+0000][7][gc,age      ] GC(54) - age   4:     203656 bytes,    3148528 total
[2023-10-31T02:52:23.899+0000][7][gc,age      ] GC(54) - age   5:     527832 bytes,    3676360 total
[2023-10-31T02:52:23.899+0000][7][gc,age      ] GC(54) - age   6:     403696 bytes,    4080056 total
[2023-10-31T02:52:23.899+0000][7][gc,age      ] GC(54) - age   7:     624576 bytes,    4704632 total
[2023-10-31T02:52:23.899+0000][7][gc,age      ] GC(54) - age   8:     599176 bytes,    5303808 total
[2023-10-31T02:52:23.899+0000][7][gc,age      ] GC(54) - age   9:     616704 bytes,    5920512 total
[2023-10-31T02:52:23.899+0000][7][gc,age      ] GC(54) - age  10:     202896 bytes,    6123408 total
[2023-10-31T02:52:23.900+0000][7][gc,age      ] GC(54) - age  11:     236776 bytes,    6360184 total
[2023-10-31T02:52:23.900+0000][7][gc,age      ] GC(54) - age  12:     612352 bytes,    6972536 total
[2023-10-31T02:52:23.900+0000][7][gc,age      ] GC(54) - age  13:     359432 bytes,    7331968 total
[2023-10-31T02:52:23.900+0000][7][gc,age      ] GC(54) - age  14:     293936 bytes,    7625904 total
[2023-10-31T02:52:23.900+0000][7][gc,age      ] GC(54) - age  15:     270736 bytes,    7896640 total
[2023-10-31T02:52:23.900+0000][7][gc,phases   ] GC(54)   Pre Evacuate Collection Set: 0.1ms
[2023-10-31T02:52:23.900+0000][7][gc,phases   ] GC(54)   Merge Heap Roots: 0.1ms
[2023-10-31T02:52:23.900+0000][7][gc,phases   ] GC(54)   Evacuate Collection Set: 9.9ms
[2023-10-31T02:52:23.900+0000][7][gc,phases   ] GC(54)   Post Evacuate Collection Set: 2.3ms
[2023-10-31T02:52:23.900+0000][7][gc,phases   ] GC(54)   Other: 1.2ms
[2023-10-31T02:52:23.900+0000][7][gc,heap     ] GC(54) Eden regions: 73->0(73)
[2023-10-31T02:52:23.900+0000][7][gc,heap     ] GC(54) Survivor regions: 2->2(10)
[2023-10-31T02:52:23.900+0000][7][gc,heap     ] GC(54) Old regions: 24->24
[2023-10-31T02:52:23.900+0000][7][gc,heap     ] GC(54) Archive regions: 2->2
[2023-10-31T02:52:23.900+0000][7][gc,heap     ] GC(54) Humongous regions: 5->5
[2023-10-31T02:52:23.900+0000][7][gc,metaspace] GC(54) Metaspace: 117578K(119296K)->117578K(119296K) NonClass: 101863K(102848K)->101863K(102848K) Class: 15714K(16448K)->15714K(16448K)
[2023-10-31T02:52:23.900+0000][7][gc          ] GC(54) Pause Young (Normal) (G1 Evacuation Pause) 417M->125M(512M) 13.673ms
[2023-10-31T02:52:23.900+0000][7][gc,cpu      ] GC(54) User=0.05s Sys=0.00s Real=0.01s
[2023-10-31T02:52:23.900+0000][7][safepoint   ] Safepoint "G1CollectForAllocation", Time since last: 157847902 ns, Reaching safepoint: 56815 ns, At safepoint: 13897307 ns, Total: 13954122 ns
[2023-10-31T02:52:24.901+0000][7][safepoint   ] Safepoint "Cleanup", Time since last: 1000193689 ns, Reaching safepoint: 628925 ns, At safepoint: 48859 ns, Total: 677784 ns
[2023-10-31T02:52:25.902+0000][7][safepoint   ] Safepoint "Cleanup", Time since last: 1000337737 ns, Reaching safepoint: 452979 ns, At safepoint: 104157 ns, Total: 557136 ns
[2023-10-31T02:52:26.903+0000][7][safepoint   ] Safepoint "Cleanup", Time since last: 1000358146 ns, Reaching safepoint: 138973 ns, At safepoint: 15695 ns, Total: 154668 ns
[2023-10-31T02:52:27.903+0000][7][safepoint   ] Safepoint "Cleanup", Time since last: 1000235649 ns, Reaching safepoint: 93076 ns, At safepoint: 88221 ns, Total: 181297 ns
[2023-10-31T02:52:30.904+0000][7][safepoint   ] Safepoint "Cleanup", Time since last: 3000525978 ns, Reaching safepoint: 565642 ns, At safepoint: 98906 ns, Total: 664548 ns
[2023-10-31T02:52:31.906+0000][7][safepoint   ] Safepoint "Cleanup", Time since last: 1001094649 ns, Reaching safepoint: 321267 ns, At safepoint: 155710 ns, Total: 476977 ns
[2023-10-31T02:52:32.907+0000][7][safepoint   ] Safepoint "Cleanup", Time since last: 1000956267 ns, Reaching safepoint: 290121 ns, At safepoint: 158802 ns, Total: 448923 ns
[2023-10-31T02:52:33.908+0000][7][safepoint   ] Safepoint "Cleanup", Time since last: 1000310614 ns, Reaching safepoint: 231687 ns, At safepoint: 27134 ns, Total: 258821 ns
[2023-10-31T02:52:35.908+0000][7][safepoint   ] Safepoint "Cleanup", Time since last: 2000376240 ns, Reaching safepoint: 53352 ns, At safepoint: 6310 ns, Total: 59662 ns
[2023-10-31T02:52:36.910+0000][7][safepoint   ] Safepoint "Cleanup", Time since last: 1001496083 ns, Reaching safepoint: 587045 ns, At safepoint: 159176 ns, Total: 746221 ns
[2023-10-31T02:52:37.913+0000][7][safepoint   ] Safepoint "Cleanup", Time since last: 1002058857 ns, Reaching safepoint: 100920 ns, At safepoint: 3607 ns, Total: 104527 ns
[2023-10-31T02:52:38.913+0000][7][safepoint   ] Safepoint "Cleanup", Time since last: 1000104030 ns, Reaching safepoint: 614375 ns, At safepoint: 11402 ns, Total: 625777 ns
[2023-10-31T02:52:39.914+0000][7][safepoint   ] Safepoint "Cleanup", Time since last: 1000109969 ns, Reaching safepoint: 153817 ns, At safepoint: 10197 ns, Total: 164014 ns
[2023-10-31T02:52:40.914+0000][7][safepoint   ] Safepoint "Cleanup", Time since last: 1000317674 ns, Reaching safepoint: 89504 ns, At safepoint: 4617 ns, Total: 94121 ns
[2023-10-31T02:52:42.819+0000][7][gc,start    ] GC(55) Pause Young (Normal) (G1 Evacuation Pause)
[2023-10-31T02:52:42.819+0000][7][gc,task     ] GC(55) Using 8 workers of 8 for evacuation
[2023-10-31T02:52:42.819+0000][7][gc,age      ] GC(55) Desired survivor size 20971520 bytes, new threshold 15 (max threshold 15)
[2023-10-31T02:52:42.823+0000][7][gc,age      ] GC(55) Age table with threshold 15 (max threshold 15)
[2023-10-31T02:52:42.823+0000][7][gc,age      ] GC(55) - age   1:    2452504 bytes,    2452504 total
[2023-10-31T02:52:42.823+0000][7][gc,age      ] GC(55) - age   2:     784568 bytes,    3237072 total
[2023-10-31T02:52:42.823+0000][7][gc,age      ] GC(55) - age   3:     417288 bytes,    3654360 total
[2023-10-31T02:52:42.823+0000][7][gc,age      ] GC(55) - age   4:     236784 bytes,    3891144 total
[2023-10-31T02:52:42.823+0000][7][gc,age      ] GC(55) - age   5:     203408 bytes,    4094552 total
[2023-10-31T02:52:42.823+0000][7][gc,age      ] GC(55) - age   6:     272856 bytes,    4367408 total
[2023-10-31T02:52:42.823+0000][7][gc,age      ] GC(55) - age   7:     403448 bytes,    4770856 total
[2023-10-31T02:52:42.823+0000][7][gc,age      ] GC(55) - age   8:     624232 bytes,    5395088 total
[2023-10-31T02:52:42.823+0000][7][gc,age      ] GC(55) - age   9:     599176 bytes,    5994264 total
[2023-10-31T02:52:42.823+0000][7][gc,age      ] GC(55) - age  10:     616704 bytes,    6610968 total
[2023-10-31T02:52:42.823+0000][7][gc,age      ] GC(55) - age  11:     202896 bytes,    6813864 total
[2023-10-31T02:52:42.823+0000][7][gc,age      ] GC(55) - age  12:     236776 bytes,    7050640 total
[2023-10-31T02:52:42.823+0000][7][gc,age      ] GC(55) - age  13:     612352 bytes,    7662992 total
[2023-10-31T02:52:42.823+0000][7][gc,age      ] GC(55) - age  14:     359432 bytes,    8022424 total
[2023-10-31T02:52:42.823+0000][7][gc,age      ] GC(55) - age  15:     293832 bytes,    8316256 total
[2023-10-31T02:52:42.823+0000][7][gc,phases   ] GC(55)   Pre Evacuate Collection Set: 0.1ms
[2023-10-31T02:52:42.823+0000][7][gc,phases   ] GC(55)   Merge Heap Roots: 0.0ms
[2023-10-31T02:52:42.823+0000][7][gc,phases   ] GC(55)   Evacuate Collection Set: 3.1ms
[2023-10-31T02:52:42.823+0000][7][gc,phases   ] GC(55)   Post Evacuate Collection Set: 0.6ms
[2023-10-31T02:52:42.823+0000][7][gc,phases   ] GC(55)   Other: 0.2ms
[2023-10-31T02:52:42.823+0000][7][gc,heap     ] GC(55) Eden regions: 73->0(71)
[2023-10-31T02:52:42.823+0000][7][gc,heap     ] GC(55) Survivor regions: 2->3(10)
[2023-10-31T02:52:42.823+0000][7][gc,heap     ] GC(55) Old regions: 24->24
[2023-10-31T02:52:42.823+0000][7][gc,heap     ] GC(55) Archive regions: 2->2
[2023-10-31T02:52:42.823+0000][7][gc,heap     ] GC(55) Humongous regions: 5->5
[2023-10-31T02:52:42.823+0000][7][gc,metaspace] GC(55) Metaspace: 117749K(119488K)->117749K(119488K) NonClass: 102002K(103040K)->102002K(103040K) Class: 15747K(16448K)->15747K(16448K)
[2023-10-31T02:52:42.823+0000][7][gc          ] GC(55) Pause Young (Normal) (G1 Evacuation Pause) 417M->126M(512M) 4.065ms
[2023-10-31T02:52:42.823+0000][7][gc,cpu      ] GC(55) User=0.02s Sys=0.00s Real=0.00s
[2023-10-31T02:52:42.823+0000][7][safepoint   ] Safepoint "G1CollectForAllocation", Time since last: 1904868853 ns, Reaching safepoint: 73308 ns, At safepoint: 4132649 ns, Total: 4205957 ns
[2023-10-31T02:52:43.823+0000][7][safepoint   ] Safepoint "Cleanup", Time since last: 1000090161 ns, Reaching safepoint: 70784 ns, At safepoint: 6606 ns, Total: 77390 ns
[2023-10-31T02:52:45.824+0000][7][safepoint   ] Safepoint "Cleanup", Time since last: 2000192347 ns, Reaching safepoint: 67529 ns, At safepoint: 6785 ns, Total: 74314 ns
[2023-10-31T02:52:46.824+0000][7][safepoint   ] Safepoint "Cleanup", Time since last: 1000113430 ns, Reaching safepoint: 131175 ns, At safepoint: 10054 ns, Total: 141229 ns
[2023-10-31T02:52:47.824+0000][7][safepoint   ] Safepoint "Cleanup", Time since last: 1000114907 ns, Reaching safepoint: 73681 ns, At safepoint: 10864 ns, Total: 84545 ns
[2023-10-31T02:52:48.824+0000][7][safepoint   ] Safepoint "Cleanup", Time since last: 1000119829 ns, Reaching safepoint: 69195 ns, At safepoint: 7775 ns, Total: 76970 ns
[2023-10-31T02:52:49.490+0000][7][safepoint   ] Safepoint "ICBufferFull", Time since last: 665619572 ns, Reaching safepoint: 220833 ns, At safepoint: 8510 ns, Total: 229343 ns
[2023-10-31T02:52:50.490+0000][7][safepoint   ] Safepoint "Cleanup", Time since last: 1000119177 ns, Reaching safepoint: 139071 ns, At safepoint: 18071 ns, Total: 157142 ns
[2023-10-31T02:52:50.553+0000][7][gc,start    ] GC(56) Pause Young (Normal) (G1 Evacuation Pause)
[2023-10-31T02:52:50.553+0000][7][gc,task     ] GC(56) Using 8 workers of 8 for evacuation
[2023-10-31T02:52:50.553+0000][7][gc,age      ] GC(56) Desired survivor size 20971520 bytes, new threshold 15 (max threshold 15)
[2023-10-31T02:52:50.573+0000][7][gc,age      ] GC(56) Age table with threshold 15 (max threshold 15)
[2023-10-31T02:52:50.573+0000][7][gc,age      ] GC(56) - age   1:    3572712 bytes,    3572712 total
[2023-10-31T02:52:50.573+0000][7][gc,age      ] GC(56) - age   2:    1313256 bytes,    4885968 total
[2023-10-31T02:52:50.573+0000][7][gc,age      ] GC(56) - age   3:     652120 bytes,    5538088 total
[2023-10-31T02:52:50.573+0000][7][gc,age      ] GC(56) - age   4:     305312 bytes,    5843400 total
[2023-10-31T02:52:50.573+0000][7][gc,age      ] GC(56) - age   5:     234504 bytes,    6077904 total
[2023-10-31T02:52:50.573+0000][7][gc,age      ] GC(56) - age   6:     203152 bytes,    6281056 total
[2023-10-31T02:52:50.573+0000][7][gc,age      ] GC(56) - age   7:     272792 bytes,    6553848 total
[2023-10-31T02:52:50.573+0000][7][gc,age      ] GC(56) - age   8:     399888 bytes,    6953736 total
[2023-10-31T02:52:50.573+0000][7][gc,age      ] GC(56) - age   9:     304904 bytes,    7258640 total
[2023-10-31T02:52:50.573+0000][7][gc,age      ] GC(56) - age  10:     446720 bytes,    7705360 total
[2023-10-31T02:52:50.573+0000][7][gc,age      ] GC(56) - age  11:     615760 bytes,    8321120 total
[2023-10-31T02:52:50.573+0000][7][gc,age      ] GC(56) - age  12:     202896 bytes,    8524016 total
[2023-10-31T02:52:50.573+0000][7][gc,age      ] GC(56) - age  13:     236776 bytes,    8760792 total
[2023-10-31T02:52:50.573+0000][7][gc,age      ] GC(56) - age  14:     612312 bytes,    9373104 total
[2023-10-31T02:52:50.573+0000][7][gc,age      ] GC(56) - age  15:     359432 bytes,    9732536 total
[2023-10-31T02:52:50.573+0000][7][gc,phases   ] GC(56)   Pre Evacuate Collection Set: 0.1ms
[2023-10-31T02:52:50.573+0000][7][gc,phases   ] GC(56)   Merge Heap Roots: 0.1ms
[2023-10-31T02:52:50.573+0000][7][gc,phases   ] GC(56)   Evacuate Collection Set: 13.5ms
[2023-10-31T02:52:50.573+0000][7][gc,phases   ] GC(56)   Post Evacuate Collection Set: 6.8ms
[2023-10-31T02:52:50.573+0000][7][gc,phases   ] GC(56)   Other: 0.3ms
[2023-10-31T02:52:50.573+0000][7][gc,heap     ] GC(56) Eden regions: 71->0(71)
[2023-10-31T02:52:50.573+0000][7][gc,heap     ] GC(56) Survivor regions: 3->3(10)
[2023-10-31T02:52:50.573+0000][7][gc,heap     ] GC(56) Old regions: 24->24
[2023-10-31T02:52:50.573+0000][7][gc,heap     ] GC(56) Archive regions: 2->2
[2023-10-31T02:52:50.573+0000][7][gc,heap     ] GC(56) Humongous regions: 5->5
[2023-10-31T02:52:50.573+0000][7][gc,metaspace] GC(56) Metaspace: 117841K(119616K)->117841K(119616K) NonClass: 102088K(103104K)->102088K(103104K) Class: 15753K(16512K)->15753K(16512K)
[2023-10-31T02:52:50.573+0000][7][gc          ] GC(56) Pause Young (Normal) (G1 Evacuation Pause) 410M->127M(512M) 20.841ms
[2023-10-31T02:52:50.573+0000][7][gc,cpu      ] GC(56) User=0.05s Sys=0.00s Real=0.02s
[2023-10-31T02:52:50.573+0000][7][safepoint   ] Safepoint "G1CollectForAllocation", Time since last: 62041416 ns, Reaching safepoint: 139799 ns, At safepoint: 20959844 ns, Total: 21099643 ns
[2023-10-31T02:52:51.574+0000][7][safepoint   ] Safepoint "Cleanup", Time since last: 1000101224 ns, Reaching safepoint: 142183 ns, At safepoint: 9677 ns, Total: 151860 ns
[2023-10-31T02:52:52.574+0000][7][safepoint   ] Safepoint "Cleanup", Time since last: 1000129696 ns, Reaching safepoint: 36166 ns, At safepoint: 5096 ns, Total: 41262 ns
[2023-10-31T02:52:54.574+0000][7][safepoint   ] Safepoint "Cleanup", Time since last: 2000369900 ns, Reaching safepoint: 187854 ns, At safepoint: 6841 ns, Total: 194695 ns
[2023-10-31T02:52:55.575+0000][7][safepoint   ] Safepoint "Cleanup", Time since last: 1000097434 ns, Reaching safepoint: 79011 ns, At safepoint: 4456 ns, Total: 83467 ns
[2023-10-31T02:52:56.410+0000][7][gc,start    ] GC(57) Pause Young (Normal) (G1 Evacuation Pause)
[2023-10-31T02:52:56.410+0000][7][gc,task     ] GC(57) Using 8 workers of 8 for evacuation
[2023-10-31T02:52:56.410+0000][7][gc,age      ] GC(57) Desired survivor size 20971520 bytes, new threshold 15 (max threshold 15)
[2023-10-31T02:52:56.420+0000][7][gc,age      ] GC(57) Age table with threshold 15 (max threshold 15)
[2023-10-31T02:52:56.420+0000][7][gc,age      ] GC(57) - age   1:    2024816 bytes,    2024816 total
[2023-10-31T02:52:56.420+0000][7][gc,age      ] GC(57) - age   2:    1441096 bytes,    3465912 total
[2023-10-31T02:52:56.420+0000][7][gc,age      ] GC(57) - age   3:    1312128 bytes,    4778040 total
[2023-10-31T02:52:56.420+0000][7][gc,age      ] GC(57) - age   4:     651832 bytes,    5429872 total
[2023-10-31T02:52:56.420+0000][7][gc,age      ] GC(57) - age   5:     304928 bytes,    5734800 total
[2023-10-31T02:52:56.420+0000][7][gc,age      ] GC(57) - age   6:     234440 bytes,    5969240 total
[2023-10-31T02:52:56.420+0000][7][gc,age      ] GC(57) - age   7:     203152 bytes,    6172392 total
[2023-10-31T02:52:56.420+0000][7][gc,age      ] GC(57) - age   8:     272728 bytes,    6445120 total
[2023-10-31T02:52:56.420+0000][7][gc,age      ] GC(57) - age   9:     399888 bytes,    6845008 total
[2023-10-31T02:52:56.420+0000][7][gc,age      ] GC(57) - age  10:     304840 bytes,    7149848 total
[2023-10-31T02:52:56.420+0000][7][gc,age      ] GC(57) - age  11:     295248 bytes,    7445096 total
[2023-10-31T02:52:56.420+0000][7][gc,age      ] GC(57) - age  12:     532840 bytes,    7977936 total
[2023-10-31T02:52:56.420+0000][7][gc,age      ] GC(57) - age  13:     202560 bytes,    8180496 total
[2023-10-31T02:52:56.420+0000][7][gc,age      ] GC(57) - age  14:     236776 bytes,    8417272 total
[2023-10-31T02:52:56.420+0000][7][gc,age      ] GC(57) - age  15:     612312 bytes,    9029584 total
[2023-10-31T02:52:56.420+0000][7][gc,phases   ] GC(57)   Pre Evacuate Collection Set: 0.1ms
[2023-10-31T02:52:56.420+0000][7][gc,phases   ] GC(57)   Merge Heap Roots: 0.0ms
[2023-10-31T02:52:56.420+0000][7][gc,phases   ] GC(57)   Evacuate Collection Set: 9.3ms
[2023-10-31T02:52:56.420+0000][7][gc,phases   ] GC(57)   Post Evacuate Collection Set: 0.6ms
[2023-10-31T02:52:56.420+0000][7][gc,phases   ] GC(57)   Other: 0.3ms
[2023-10-31T02:52:56.420+0000][7][gc,heap     ] GC(57) Eden regions: 71->0(71)
[2023-10-31T02:52:56.420+0000][7][gc,heap     ] GC(57) Survivor regions: 3->3(10)
[2023-10-31T02:52:56.420+0000][7][gc,heap     ] GC(57) Old regions: 24->24
[2023-10-31T02:52:56.420+0000][7][gc,heap     ] GC(57) Archive regions: 2->2
[2023-10-31T02:52:56.420+0000][7][gc,heap     ] GC(57) Humongous regions: 5->5
[2023-10-31T02:52:56.420+0000][7][gc,metaspace] GC(57) Metaspace: 117857K(119616K)->117857K(119616K) NonClass: 102103K(103104K)->102103K(103104K) Class: 15753K(16512K)->15753K(16512K)
[2023-10-31T02:52:56.421+0000][7][gc          ] GC(57) Pause Young (Normal) (G1 Evacuation Pause) 411M->127M(512M) 10.373ms
[2023-10-31T02:52:56.421+0000][7][gc,cpu      ] GC(57) User=0.02s Sys=0.01s Real=0.01s
[2023-10-31T02:52:56.421+0000][7][safepoint   ] Safepoint "G1CollectForAllocation", Time since last: 835325886 ns, Reaching safepoint: 159071 ns, At safepoint: 10453386 ns, Total: 10612457 ns
[2023-10-31T02:52:58.421+0000][7][safepoint   ] Safepoint "Cleanup", Time since last: 2000183223 ns, Reaching safepoint: 83827 ns, At safepoint: 6872 ns, Total: 90699 ns
[2023-10-31T02:52:59.421+0000][7][safepoint   ] Safepoint "Cleanup", Time since last: 1000104359 ns, Reaching safepoint: 93985 ns, At safepoint: 6717 ns, Total: 100702 ns
[2023-10-31T02:53:00.493+0000][7][safepoint   ] Safepoint "Cleanup", Time since last: 1071450738 ns, Reaching safepoint: 171832 ns, At safepoint: 9608 ns, Total: 181440 ns
[2023-10-31T02:53:01.493+0000][7][safepoint   ] Safepoint "Cleanup", Time since last: 1000132720 ns, Reaching safepoint: 95866 ns, At safepoint: 7154 ns, Total: 103020 ns
[2023-10-31T02:53:02.479+0000][7][gc,start    ] GC(58) Pause Young (Normal) (G1 Evacuation Pause)
[2023-10-31T02:53:02.479+0000][7][gc,task     ] GC(58) Using 8 workers of 8 for evacuation
[2023-10-31T02:53:02.479+0000][7][gc,age      ] GC(58) Desired survivor size 20971520 bytes, new threshold 15 (max threshold 15)
[2023-10-31T02:53:02.490+0000][7][gc,age      ] GC(58) Age table with threshold 15 (max threshold 15)
[2023-10-31T02:53:02.490+0000][7][gc,age      ] GC(58) - age   1:     926264 bytes,     926264 total
[2023-10-31T02:53:02.490+0000][7][gc,age      ] GC(58) - age   2:     552328 bytes,    1478592 total
[2023-10-31T02:53:02.490+0000][7][gc,age      ] GC(58) - age   3:    1130912 bytes,    2609504 total
[2023-10-31T02:53:02.491+0000][7][gc,age      ] GC(58) - age   4:    1172400 bytes,    3781904 total
[2023-10-31T02:53:02.491+0000][7][gc,age      ] GC(58) - age   5:     651704 bytes,    4433608 total
[2023-10-31T02:53:02.491+0000][7][gc,age      ] GC(58) - age   6:     304736 bytes,    4738344 total
[2023-10-31T02:53:02.491+0000][7][gc,age      ] GC(58) - age   7:     234440 bytes,    4972784 total
[2023-10-31T02:53:02.491+0000][7][gc,age      ] GC(58) - age   8:     203152 bytes,    5175936 total
[2023-10-31T02:53:02.491+0000][7][gc,age      ] GC(58) - age   9:     272728 bytes,    5448664 total
[2023-10-31T02:53:02.491+0000][7][gc,age      ] GC(58) - age  10:     399888 bytes,    5848552 total
[2023-10-31T02:53:02.491+0000][7][gc,age      ] GC(58) - age  11:     304840 bytes,    6153392 total
[2023-10-31T02:53:02.491+0000][7][gc,age      ] GC(58) - age  12:     295152 bytes,    6448544 total
[2023-10-31T02:53:02.491+0000][7][gc,age      ] GC(58) - age  13:     532840 bytes,    6981384 total
[2023-10-31T02:53:02.491+0000][7][gc,age      ] GC(58) - age  14:     202560 bytes,    7183944 total
[2023-10-31T02:53:02.491+0000][7][gc,age      ] GC(58) - age  15:     236776 bytes,    7420720 total
[2023-10-31T02:53:02.491+0000][7][gc,phases   ] GC(58)   Pre Evacuate Collection Set: 0.1ms
[2023-10-31T02:53:02.491+0000][7][gc,phases   ] GC(58)   Merge Heap Roots: 0.1ms
[2023-10-31T02:53:02.491+0000][7][gc,phases   ] GC(58)   Evacuate Collection Set: 10.3ms
[2023-10-31T02:53:02.491+0000][7][gc,phases   ] GC(58)   Post Evacuate Collection Set: 0.7ms
[2023-10-31T02:53:02.491+0000][7][gc,phases   ] GC(58)   Other: 0.4ms
[2023-10-31T02:53:02.491+0000][7][gc,heap     ] GC(58) Eden regions: 71->0(73)
[2023-10-31T02:53:02.491+0000][7][gc,heap     ] GC(58) Survivor regions: 3->2(10)
[2023-10-31T02:53:02.491+0000][7][gc,heap     ] GC(58) Old regions: 24->24
[2023-10-31T02:53:02.491+0000][7][gc,heap     ] GC(58) Archive regions: 2->2
[2023-10-31T02:53:02.491+0000][7][gc,heap     ] GC(58) Humongous regions: 5->5
[2023-10-31T02:53:02.491+0000][7][gc,metaspace] GC(58) Metaspace: 117863K(119616K)->117863K(119616K) NonClass: 102109K(103104K)->102109K(103104K) Class: 15753K(16512K)->15753K(16512K)
[2023-10-31T02:53:02.491+0000][7][gc          ] GC(58) Pause Young (Normal) (G1 Evacuation Pause) 411M->126M(512M) 11.627ms
[2023-10-31T02:53:02.491+0000][7][gc,cpu      ] GC(58) User=0.03s Sys=0.00s Real=0.01s
[2023-10-31T02:53:02.491+0000][7][safepoint   ] Safepoint "G1CollectForAllocation", Time since last: 986116839 ns, Reaching safepoint: 49776 ns, At safepoint: 11757419 ns, Total: 11807195 ns
[2023-10-31T02:53:03.491+0000][7][safepoint   ] Safepoint "Cleanup", Time since last: 1000095453 ns, Reaching safepoint: 62230 ns, At safepoint: 4083 ns, Total: 66313 ns
[2023-10-31T02:53:04.491+0000][7][safepoint   ] Safepoint "Cleanup", Time since last: 1000390210 ns, Reaching safepoint: 47518 ns, At safepoint: 4216 ns, Total: 51734 ns
[2023-10-31T02:53:05.492+0000][7][safepoint   ] Safepoint "Cleanup", Time since last: 1000223046 ns, Reaching safepoint: 69337 ns, At safepoint: 8031 ns, Total: 77368 ns
[2023-10-31T02:53:06.492+0000][7][safepoint   ] Safepoint "Cleanup", Time since last: 1000284645 ns, Reaching safepoint: 155866 ns, At safepoint: 4663 ns, Total: 160529 ns
[2023-10-31T02:53:07.492+0000][7][safepoint   ] Safepoint "Cleanup", Time since last: 1000127389 ns, Reaching safepoint: 83145 ns, At safepoint: 7916 ns, Total: 91061 ns
[2023-10-31T02:53:08.493+0000][7][safepoint   ] Safepoint "Cleanup", Time since last: 1000309654 ns, Reaching safepoint: 93489 ns, At safepoint: 6757 ns, Total: 100246 ns
[2023-10-31T02:53:09.493+0000][7][safepoint   ] Safepoint "Cleanup", Time since last: 1000145405 ns, Reaching safepoint: 109840 ns, At safepoint: 3547 ns, Total: 113387 ns
[2023-10-31T02:53:09.556+0000][7][gc,start    ] GC(59) Pause Young (Normal) (G1 Evacuation Pause)
[2023-10-31T02:53:09.556+0000][7][gc,task     ] GC(59) Using 8 workers of 8 for evacuation
[2023-10-31T02:53:09.556+0000][7][gc,age      ] GC(59) Desired survivor size 20971520 bytes, new threshold 15 (max threshold 15)
[2023-10-31T02:53:09.560+0000][7][gc,age      ] GC(59) Age table with threshold 15 (max threshold 15)
[2023-10-31T02:53:09.560+0000][7][gc,age      ] GC(59) - age   1:    1688080 bytes,    1688080 total
[2023-10-31T02:53:09.560+0000][7][gc,age      ] GC(59) - age   2:     445728 bytes,    2133808 total
[2023-10-31T02:53:09.560+0000][7][gc,age      ] GC(59) - age   3:     550664 bytes,    2684472 total
[2023-10-31T02:53:09.560+0000][7][gc,age      ] GC(59) - age   4:    1130176 bytes,    3814648 total
[2023-10-31T02:53:09.560+0000][7][gc,age      ] GC(59) - age   5:    1165536 bytes,    4980184 total
[2023-10-31T02:53:09.560+0000][7][gc,age      ] GC(59) - age   6:     651224 bytes,    5631408 total
[2023-10-31T02:53:09.560+0000][7][gc,age      ] GC(59) - age   7:     304672 bytes,    5936080 total
[2023-10-31T02:53:09.560+0000][7][gc,age      ] GC(59) - age   8:     234440 bytes,    6170520 total
[2023-10-31T02:53:09.560+0000][7][gc,age      ] GC(59) - age   9:     203088 bytes,    6373608 total
[2023-10-31T02:53:09.560+0000][7][gc,age      ] GC(59) - age  10:     272728 bytes,    6646336 total
[2023-10-31T02:53:09.560+0000][7][gc,age      ] GC(59) - age  11:     399888 bytes,    7046224 total
[2023-10-31T02:53:09.560+0000][7][gc,age      ] GC(59) - age  12:     304808 bytes,    7351032 total
[2023-10-31T02:53:09.560+0000][7][gc,age      ] GC(59) - age  13:     295088 bytes,    7646120 total
[2023-10-31T02:53:09.560+0000][7][gc,age      ] GC(59) - age  14:     532840 bytes,    8178960 total
[2023-10-31T02:53:09.560+0000][7][gc,age      ] GC(59) - age  15:     202560 bytes,    8381520 total
[2023-10-31T02:53:09.560+0000][7][gc,phases   ] GC(59)   Pre Evacuate Collection Set: 0.1ms
[2023-10-31T02:53:09.560+0000][7][gc,phases   ] GC(59)   Merge Heap Roots: 0.1ms
[2023-10-31T02:53:09.560+0000][7][gc,phases   ] GC(59)   Evacuate Collection Set: 3.2ms
[2023-10-31T02:53:09.560+0000][7][gc,phases   ] GC(59)   Post Evacuate Collection Set: 0.5ms
[2023-10-31T02:53:09.560+0000][7][gc,phases   ] GC(59)   Other: 0.3ms
[2023-10-31T02:53:09.560+0000][7][gc,heap     ] GC(59) Eden regions: 73->0(71)
[2023-10-31T02:53:09.560+0000][7][gc,heap     ] GC(59) Survivor regions: 2->3(10)
[2023-10-31T02:53:09.560+0000][7][gc,heap     ] GC(59) Old regions: 24->24
[2023-10-31T02:53:09.560+0000][7][gc,heap     ] GC(59) Archive regions: 2->2
[2023-10-31T02:53:09.560+0000][7][gc,heap     ] GC(59) Humongous regions: 5->5
[2023-10-31T02:53:09.560+0000][7][gc,metaspace] GC(59) Metaspace: 117871K(119616K)->117871K(119616K) NonClass: 102117K(103104K)->102117K(103104K) Class: 15753K(16512K)->15753K(16512K)
[2023-10-31T02:53:09.560+0000][7][gc          ] GC(59) Pause Young (Normal) (G1 Evacuation Pause) 418M->127M(512M) 4.207ms
[2023-10-31T02:53:09.560+0000][7][gc,cpu      ] GC(59) User=0.03s Sys=0.00s Real=0.01s
[2023-10-31T02:53:09.560+0000][7][safepoint   ] Safepoint "G1CollectForAllocation", Time since last: 62868041 ns, Reaching safepoint: 58240 ns, At safepoint: 4296141 ns, Total: 4354381 ns
[2023-10-31T02:53:10.561+0000][7][safepoint   ] Safepoint "Cleanup", Time since last: 1000217119 ns, Reaching safepoint: 163547 ns, At safepoint: 7300 ns, Total: 170847 ns
[2023-10-31T02:53:13.561+0000][7][safepoint   ] Safepoint "Cleanup", Time since last: 3000511823 ns, Reaching safepoint: 35697 ns, At safepoint: 4463 ns, Total: 40160 ns
[2023-10-31T02:53:15.562+0000][7][safepoint   ] Safepoint "Cleanup", Time since last: 2000233415 ns, Reaching safepoint: 90403 ns, At safepoint: 5398 ns, Total: 95801 ns
[2023-10-31T02:53:16.562+0000][7][safepoint   ] Safepoint "Cleanup", Time since last: 1000139141 ns, Reaching safepoint: 88364 ns, At safepoint: 7749 ns, Total: 96113 ns
[2023-10-31T02:53:17.562+0000][7][safepoint   ] Safepoint "Cleanup", Time since last: 1000115683 ns, Reaching safepoint: 52440 ns, At safepoint: 6384 ns, Total: 58824 ns
[2023-10-31T02:53:17.642+0000][7][gc,start    ] GC(60) Pause Young (Normal) (G1 Evacuation Pause)
[2023-10-31T02:53:17.642+0000][7][gc,task     ] GC(60) Using 8 workers of 8 for evacuation
[2023-10-31T02:53:17.643+0000][7][gc,age      ] GC(60) Desired survivor size 20971520 bytes, new threshold 15 (max threshold 15)
[2023-10-31T02:53:17.647+0000][7][gc,age      ] GC(60) Age table with threshold 15 (max threshold 15)
[2023-10-31T02:53:17.647+0000][7][gc,age      ] GC(60) - age   1:    2097656 bytes,    2097656 total
[2023-10-31T02:53:17.647+0000][7][gc,age      ] GC(60) - age   2:     266472 bytes,    2364128 total
[2023-10-31T02:53:17.647+0000][7][gc,age      ] GC(60) - age   3:     130312 bytes,    2494440 total
[2023-10-31T02:53:17.647+0000][7][gc,age      ] GC(60) - age   4:     549456 bytes,    3043896 total
[2023-10-31T02:53:17.647+0000][7][gc,age      ] GC(60) - age   5:    1128688 bytes,    4172584 total
[2023-10-31T02:53:17.647+0000][7][gc,age      ] GC(60) - age   6:    1159024 bytes,    5331608 total
[2023-10-31T02:53:17.647+0000][7][gc,age      ] GC(60) - age   7:     650352 bytes,    5981960 total
[2023-10-31T02:53:17.647+0000][7][gc,age      ] GC(60) - age   8:     304672 bytes,    6286632 total
[2023-10-31T02:53:17.647+0000][7][gc,age      ] GC(60) - age   9:     234440 bytes,    6521072 total
[2023-10-31T02:53:17.647+0000][7][gc,age      ] GC(60) - age  10:     203088 bytes,    6724160 total
[2023-10-31T02:53:17.647+0000][7][gc,age      ] GC(60) - age  11:     272728 bytes,    6996888 total
[2023-10-31T02:53:17.647+0000][7][gc,age      ] GC(60) - age  12:     399888 bytes,    7396776 total
[2023-10-31T02:53:17.647+0000][7][gc,age      ] GC(60) - age  13:     304416 bytes,    7701192 total
[2023-10-31T02:53:17.647+0000][7][gc,age      ] GC(60) - age  14:     294664 bytes,    7995856 total
[2023-10-31T02:53:17.647+0000][7][gc,age      ] GC(60) - age  15:     532744 bytes,    8528600 total
[2023-10-31T02:53:17.647+0000][7][gc,phases   ] GC(60)   Pre Evacuate Collection Set: 0.1ms
[2023-10-31T02:53:17.647+0000][7][gc,phases   ] GC(60)   Merge Heap Roots: 0.0ms
[2023-10-31T02:53:17.647+0000][7][gc,phases   ] GC(60)   Evacuate Collection Set: 3.2ms
[2023-10-31T02:53:17.647+0000][7][gc,phases   ] GC(60)   Post Evacuate Collection Set: 1.0ms
[2023-10-31T02:53:17.647+0000][7][gc,phases   ] GC(60)   Other: 0.3ms
[2023-10-31T02:53:17.647+0000][7][gc,heap     ] GC(60) Eden regions: 71->0(71)
[2023-10-31T02:53:17.647+0000][7][gc,heap     ] GC(60) Survivor regions: 3->3(10)
[2023-10-31T02:53:17.647+0000][7][gc,heap     ] GC(60) Old regions: 24->24
[2023-10-31T02:53:17.647+0000][7][gc,heap     ] GC(60) Archive regions: 2->2
[2023-10-31T02:53:17.647+0000][7][gc,heap     ] GC(60) Humongous regions: 5->5
[2023-10-31T02:53:17.647+0000][7][gc,metaspace] GC(60) Metaspace: 117877K(119616K)->117877K(119616K) NonClass: 102123K(103104K)->102123K(103104K) Class: 15753K(16512K)->15753K(16512K)
[2023-10-31T02:53:17.647+0000][7][gc          ] GC(60) Pause Young (Normal) (G1 Evacuation Pause) 411M->128M(512M) 4.737ms
[2023-10-31T02:53:17.647+0000][7][gc,cpu      ] GC(60) User=0.02s Sys=0.00s Real=0.01s
[2023-10-31T02:53:17.647+0000][7][safepoint   ] Safepoint "G1CollectForAllocation", Time since last: 80383232 ns, Reaching safepoint: 29229 ns, At safepoint: 4855558 ns, Total: 4884787 ns
[2023-10-31T02:53:18.647+0000][7][safepoint   ] Safepoint "Cleanup", Time since last: 1000083588 ns, Reaching safepoint: 68595 ns, At safepoint: 4130 ns, Total: 72725 ns
[2023-10-31T02:53:19.648+0000][7][safepoint   ] Safepoint "Cleanup", Time since last: 1000121135 ns, Reaching safepoint: 71860 ns, At safepoint: 7120 ns, Total: 78980 ns
[2023-10-31T02:53:20.648+0000][7][safepoint   ] Safepoint "Cleanup", Time since last: 1000335082 ns, Reaching safepoint: 80044 ns, At safepoint: 6505 ns, Total: 86549 ns
[2023-10-31T02:53:22.649+0000][7][safepoint   ] Safepoint "Cleanup", Time since last: 2000648200 ns, Reaching safepoint: 47194 ns, At safepoint: 4147 ns, Total: 51341 ns
[2023-10-31T02:53:25.650+0000][7][safepoint   ] Safepoint "Cleanup", Time since last: 3000724440 ns, Reaching safepoint: 137679 ns, At safepoint: 8869 ns, Total: 146548 ns
[2023-10-31T02:53:26.650+0000][7][safepoint   ] Safepoint "Cleanup", Time since last: 1000231743 ns, Reaching safepoint: 125770 ns, At safepoint: 8948 ns, Total: 134718 ns
[2023-10-31T02:53:27.650+0000][7][safepoint   ] Safepoint "Cleanup", Time since last: 1000172930 ns, Reaching safepoint: 37043 ns, At safepoint: 3825 ns, Total: 40868 ns
[2023-10-31T02:53:27.733+0000][7][gc,start    ] GC(61) Pause Young (Normal) (G1 Evacuation Pause)
[2023-10-31T02:53:27.733+0000][7][gc,task     ] GC(61) Using 8 workers of 8 for evacuation
[2023-10-31T02:53:27.733+0000][7][gc,age      ] GC(61) Desired survivor size 20971520 bytes, new threshold 15 (max threshold 15)
[2023-10-31T02:53:27.744+0000][7][gc,age      ] GC(61) Age table with threshold 15 (max threshold 15)
[2023-10-31T02:53:27.744+0000][7][gc,age      ] GC(61) - age   1:    1978512 bytes,    1978512 total
[2023-10-31T02:53:27.744+0000][7][gc,age      ] GC(61) - age   2:      15272 bytes,    1993784 total
[2023-10-31T02:53:27.744+0000][7][gc,age      ] GC(61) - age   3:      61144 bytes,    2054928 total
[2023-10-31T02:53:27.744+0000][7][gc,age      ] GC(61) - age   4:     129960 bytes,    2184888 total
[2023-10-31T02:53:27.744+0000][7][gc,age      ] GC(61) - age   5:     540616 bytes,    2725504 total
[2023-10-31T02:53:27.744+0000][7][gc,age      ] GC(61) - age   6:     984240 bytes,    3709744 total
[2023-10-31T02:53:27.744+0000][7][gc,age      ] GC(61) - age   7:    1158448 bytes,    4868192 total
[2023-10-31T02:53:27.744+0000][7][gc,age      ] GC(61) - age   8:     650032 bytes,    5518224 total
[2023-10-31T02:53:27.744+0000][7][gc,age      ] GC(61) - age   9:     304672 bytes,    5822896 total
[2023-10-31T02:53:27.744+0000][7][gc,age      ] GC(61) - age  10:     234376 bytes,    6057272 total
[2023-10-31T02:53:27.744+0000][7][gc,age      ] GC(61) - age  11:     203088 bytes,    6260360 total
[2023-10-31T02:53:27.744+0000][7][gc,age      ] GC(61) - age  12:     272664 bytes,    6533024 total
[2023-10-31T02:53:27.744+0000][7][gc,age      ] GC(61) - age  13:     399888 bytes,    6932912 total
[2023-10-31T02:53:27.744+0000][7][gc,age      ] GC(61) - age  14:     304416 bytes,    7237328 total
[2023-10-31T02:53:27.744+0000][7][gc,age      ] GC(61) - age  15:     294664 bytes,    7531992 total
[2023-10-31T02:53:27.744+0000][7][gc,phases   ] GC(61)   Pre Evacuate Collection Set: 0.1ms
[2023-10-31T02:53:27.744+0000][7][gc,phases   ] GC(61)   Merge Heap Roots: 0.0ms
[2023-10-31T02:53:27.744+0000][7][gc,phases   ] GC(61)   Evacuate Collection Set: 10.5ms
[2023-10-31T02:53:27.744+0000][7][gc,phases   ] GC(61)   Post Evacuate Collection Set: 0.5ms
[2023-10-31T02:53:27.744+0000][7][gc,phases   ] GC(61)   Other: 0.3ms
[2023-10-31T02:53:27.744+0000][7][gc,heap     ] GC(61) Eden regions: 71->0(72)
[2023-10-31T02:53:27.744+0000][7][gc,heap     ] GC(61) Survivor regions: 3->2(10)
[2023-10-31T02:53:27.744+0000][7][gc,heap     ] GC(61) Old regions: 24->25
[2023-10-31T02:53:27.744+0000][7][gc,heap     ] GC(61) Archive regions: 2->2
[2023-10-31T02:53:27.744+0000][7][gc,heap     ] GC(61) Humongous regions: 5->5
[2023-10-31T02:53:27.744+0000][7][gc,metaspace] GC(61) Metaspace: 117902K(119680K)->117902K(119680K) NonClass: 102148K(103168K)->102148K(103168K) Class: 15753K(16512K)->15753K(16512K)
[2023-10-31T02:53:27.744+0000][7][gc          ] GC(61) Pause Young (Normal) (G1 Evacuation Pause) 412M->127M(512M) 11.499ms
[2023-10-31T02:53:27.744+0000][7][gc,cpu      ] GC(61) User=0.02s Sys=0.00s Real=0.01s
[2023-10-31T02:53:27.744+0000][7][safepoint   ] Safepoint "G1CollectForAllocation", Time since last: 82379787 ns, Reaching safepoint: 77462 ns, At safepoint: 11571416 ns, Total: 11648878 ns
[2023-10-31T02:53:28.744+0000][7][safepoint   ] Safepoint "Cleanup", Time since last: 1000075914 ns, Reaching safepoint: 68717 ns, At safepoint: 6626 ns, Total: 75343 ns
[2023-10-31T02:53:30.745+0000][7][safepoint   ] Safepoint "Cleanup", Time since last: 2000184999 ns, Reaching safepoint: 77226 ns, At safepoint: 9875 ns, Total: 87101 ns
[2023-10-31T02:53:32.745+0000][7][safepoint   ] Safepoint "Cleanup", Time since last: 2000409380 ns, Reaching safepoint: 52528 ns, At safepoint: 27294 ns, Total: 79822 ns
[2023-10-31T02:53:33.746+0000][7][safepoint   ] Safepoint "Cleanup", Time since last: 1000353110 ns, Reaching safepoint: 51927 ns, At safepoint: 42192 ns, Total: 94119 ns
[2023-10-31T02:53:34.746+0000][7][safepoint   ] Safepoint "Cleanup", Time since last: 1000159919 ns, Reaching safepoint: 124745 ns, At safepoint: 8320 ns, Total: 133065 ns
[2023-10-31T02:53:35.746+0000][7][safepoint   ] Safepoint "Cleanup", Time since last: 1000179009 ns, Reaching safepoint: 145095 ns, At safepoint: 24123 ns, Total: 169218 ns
[2023-10-31T02:53:36.746+0000][7][safepoint   ] Safepoint "Cleanup", Time since last: 1000128652 ns, Reaching safepoint: 116722 ns, At safepoint: 31500 ns, Total: 148222 ns
[2023-10-31T02:53:37.747+0000][7][safepoint   ] Safepoint "Cleanup", Time since last: 1000142517 ns, Reaching safepoint: 100778 ns, At safepoint: 5541 ns, Total: 106319 ns
[2023-10-31T02:53:39.747+0000][7][safepoint   ] Safepoint "Cleanup", Time since last: 2000444442 ns, Reaching safepoint: 81167 ns, At safepoint: 11861 ns, Total: 93028 ns
[2023-10-31T02:53:40.747+0000][7][safepoint   ] Safepoint "Cleanup", Time since last: 1000101856 ns, Reaching safepoint: 89756 ns, At safepoint: 5795 ns, Total: 95551 ns
[2023-10-31T02:53:42.748+0000][7][safepoint   ] Safepoint "Cleanup", Time since last: 2000341255 ns, Reaching safepoint: 145036 ns, At safepoint: 4622 ns, Total: 149658 ns
[2023-10-31T02:53:43.748+0000][7][safepoint   ] Safepoint "Cleanup", Time since last: 1000142931 ns, Reaching safepoint: 75332 ns, At safepoint: 12207 ns, Total: 87539 ns
[2023-10-31T02:53:44.630+0000][7][gc,start    ] GC(62) Pause Young (Normal) (G1 Evacuation Pause)
[2023-10-31T02:53:44.630+0000][7][gc,task     ] GC(62) Using 8 workers of 8 for evacuation
[2023-10-31T02:53:44.630+0000][7][gc,age      ] GC(62) Desired survivor size 20971520 bytes, new threshold 15 (max threshold 15)
[2023-10-31T02:53:44.641+0000][7][gc,age      ] GC(62) Age table with threshold 15 (max threshold 15)
[2023-10-31T02:53:44.641+0000][7][gc,age      ] GC(62) - age   1:    1528208 bytes,    1528208 total
[2023-10-31T02:53:44.641+0000][7][gc,age      ] GC(62) - age   2:    1133936 bytes,    2662144 total
[2023-10-31T02:53:44.641+0000][7][gc,age      ] GC(62) - age   3:       6336 bytes,    2668480 total
[2023-10-31T02:53:44.641+0000][7][gc,age      ] GC(62) - age   4:        760 bytes,    2669240 total
[2023-10-31T02:53:44.641+0000][7][gc,age      ] GC(62) - age   5:      20584 bytes,    2689824 total
[2023-10-31T02:53:44.641+0000][7][gc,age      ] GC(62) - age   6:     450144 bytes,    3139968 total
[2023-10-31T02:53:44.641+0000][7][gc,age      ] GC(62) - age   7:     953688 bytes,    4093656 total
[2023-10-31T02:53:44.641+0000][7][gc,age      ] GC(62) - age   8:    1157264 bytes,    5250920 total
[2023-10-31T02:53:44.641+0000][7][gc,age      ] GC(62) - age   9:     650032 bytes,    5900952 total
[2023-10-31T02:53:44.641+0000][7][gc,age      ] GC(62) - age  10:     304672 bytes,    6205624 total
[2023-10-31T02:53:44.641+0000][7][gc,age      ] GC(62) - age  11:     234376 bytes,    6440000 total
[2023-10-31T02:53:44.641+0000][7][gc,age      ] GC(62) - age  12:     203088 bytes,    6643088 total
[2023-10-31T02:53:44.641+0000][7][gc,age      ] GC(62) - age  13:     272664 bytes,    6915752 total
[2023-10-31T02:53:44.641+0000][7][gc,age      ] GC(62) - age  14:     399864 bytes,    7315616 total
[2023-10-31T02:53:44.641+0000][7][gc,age      ] GC(62) - age  15:     304352 bytes,    7619968 total
[2023-10-31T02:53:44.641+0000][7][gc,phases   ] GC(62)   Pre Evacuate Collection Set: 0.1ms
[2023-10-31T02:53:44.641+0000][7][gc,phases   ] GC(62)   Merge Heap Roots: 0.0ms
[2023-10-31T02:53:44.641+0000][7][gc,phases   ] GC(62)   Evacuate Collection Set: 9.7ms
[2023-10-31T02:53:44.641+0000][7][gc,phases   ] GC(62)   Post Evacuate Collection Set: 0.6ms
[2023-10-31T02:53:44.641+0000][7][gc,phases   ] GC(62)   Other: 0.4ms
[2023-10-31T02:53:44.641+0000][7][gc,heap     ] GC(62) Eden regions: 72->0(72)
[2023-10-31T02:53:44.641+0000][7][gc,heap     ] GC(62) Survivor regions: 2->2(10)
[2023-10-31T02:53:44.641+0000][7][gc,heap     ] GC(62) Old regions: 25->25
[2023-10-31T02:53:44.641+0000][7][gc,heap     ] GC(62) Archive regions: 2->2
[2023-10-31T02:53:44.641+0000][7][gc,heap     ] GC(62) Humongous regions: 5->5
[2023-10-31T02:53:44.641+0000][7][gc,metaspace] GC(62) Metaspace: 117947K(119680K)->117947K(119680K) NonClass: 102193K(103168K)->102193K(103168K) Class: 15753K(16512K)->15753K(16512K)
[2023-10-31T02:53:44.641+0000][7][gc          ] GC(62) Pause Young (Normal) (G1 Evacuation Pause) 415M->128M(512M) 10.797ms
[2023-10-31T02:53:44.641+0000][7][gc,cpu      ] GC(62) User=0.03s Sys=0.01s Real=0.01s
[2023-10-31T02:53:44.641+0000][7][safepoint   ] Safepoint "G1CollectForAllocation", Time since last: 881838266 ns, Reaching safepoint: 27443 ns, At safepoint: 10906985 ns, Total: 10934428 ns
[2023-10-31T02:53:45.641+0000][7][safepoint   ] Safepoint "Cleanup", Time since last: 1000086981 ns, Reaching safepoint: 97866 ns, At safepoint: 7459 ns, Total: 105325 ns
[2023-10-31T02:53:46.641+0000][7][safepoint   ] Safepoint "Cleanup", Time since last: 1000151615 ns, Reaching safepoint: 165580 ns, At safepoint: 30218 ns, Total: 195798 ns
[2023-10-31T02:53:47.642+0000][7][safepoint   ] Safepoint "Cleanup", Time since last: 1000186736 ns, Reaching safepoint: 33318 ns, At safepoint: 3487 ns, Total: 36805 ns
[2023-10-31T02:53:49.643+0000][7][safepoint   ] Safepoint "Cleanup", Time since last: 2000737567 ns, Reaching safepoint: 44821 ns, At safepoint: 3979 ns, Total: 48800 ns
[2023-10-31T02:53:50.643+0000][7][safepoint   ] Safepoint "Cleanup", Time since last: 1000757945 ns, Reaching safepoint: 125117 ns, At safepoint: 27128 ns, Total: 152245 ns
[2023-10-31T02:53:52.644+0000][7][safepoint   ] Safepoint "Cleanup", Time since last: 2000322316 ns, Reaching safepoint: 113964 ns, At safepoint: 7712 ns, Total: 121676 ns
[2023-10-31T02:53:54.644+0000][7][safepoint   ] Safepoint "Cleanup", Time since last: 2000147248 ns, Reaching safepoint: 79209 ns, At safepoint: 5700 ns, Total: 84909 ns
[2023-10-31T02:53:55.644+0000][7][safepoint   ] Safepoint "Cleanup", Time since last: 1000182506 ns, Reaching safepoint: 78730 ns, At safepoint: 5933 ns, Total: 84663 ns
[2023-10-31T02:53:56.645+0000][7][safepoint   ] Safepoint "Cleanup", Time since last: 1000168940 ns, Reaching safepoint: 75293 ns, At safepoint: 7503 ns, Total: 82796 ns
[2023-10-31T02:53:58.645+0000][7][safepoint   ] Safepoint "Cleanup", Time since last: 2000193473 ns, Reaching safepoint: 93654 ns, At safepoint: 6747 ns, Total: 100401 ns
[2023-10-31T02:54:00.646+0000][7][safepoint   ] Safepoint "Cleanup", Time since last: 2000524683 ns, Reaching safepoint: 105811 ns, At safepoint: 7683 ns, Total: 113494 ns
[2023-10-31T02:54:01.646+0000][7][safepoint   ] Safepoint "Cleanup", Time since last: 1000165359 ns, Reaching safepoint: 97934 ns, At safepoint: 6445 ns, Total: 104379 ns
[2023-10-31T02:54:01.976+0000][7][gc,start    ] GC(63) Pause Young (Normal) (G1 Evacuation Pause)
[2023-10-31T02:54:01.976+0000][7][gc,task     ] GC(63) Using 8 workers of 8 for evacuation
[2023-10-31T02:54:01.976+0000][7][gc,age      ] GC(63) Desired survivor size 20971520 bytes, new threshold 15 (max threshold 15)
[2023-10-31T02:54:01.984+0000][7][gc,age      ] GC(63) Age table with threshold 15 (max threshold 15)
[2023-10-31T02:54:01.984+0000][7][gc,age      ] GC(63) - age   1:    1509480 bytes,    1509480 total
[2023-10-31T02:54:01.984+0000][7][gc,age      ] GC(63) - age   2:     771200 bytes,    2280680 total
[2023-10-31T02:54:01.984+0000][7][gc,age      ] GC(63) - age   3:     985712 bytes,    3266392 total
[2023-10-31T02:54:01.984+0000][7][gc,age      ] GC(63) - age   4:       5952 bytes,    3272344 total
[2023-10-31T02:54:01.984+0000][7][gc,age      ] GC(63) - age   5:        440 bytes,    3272784 total
[2023-10-31T02:54:01.984+0000][7][gc,age      ] GC(63) - age   6:      20424 bytes,    3293208 total
[2023-10-31T02:54:01.984+0000][7][gc,age      ] GC(63) - age   7:     450080 bytes,    3743288 total
[2023-10-31T02:54:01.984+0000][7][gc,age      ] GC(63) - age   8:     953464 bytes,    4696752 total
[2023-10-31T02:54:01.984+0000][7][gc,age      ] GC(63) - age   9:    1157264 bytes,    5854016 total
[2023-10-31T02:54:01.984+0000][7][gc,age      ] GC(63) - age  10:     650032 bytes,    6504048 total
[2023-10-31T02:54:01.984+0000][7][gc,age      ] GC(63) - age  11:     304672 bytes,    6808720 total
[2023-10-31T02:54:01.984+0000][7][gc,age      ] GC(63) - age  12:     234376 bytes,    7043096 total
[2023-10-31T02:54:01.984+0000][7][gc,age      ] GC(63) - age  13:     203088 bytes,    7246184 total
[2023-10-31T02:54:01.984+0000][7][gc,age      ] GC(63) - age  14:     272664 bytes,    7518848 total
[2023-10-31T02:54:01.984+0000][7][gc,age      ] GC(63) - age  15:     399864 bytes,    7918712 total
[2023-10-31T02:54:01.985+0000][7][gc,phases   ] GC(63)   Pre Evacuate Collection Set: 0.1ms
[2023-10-31T02:54:01.985+0000][7][gc,phases   ] GC(63)   Merge Heap Roots: 0.1ms
[2023-10-31T02:54:01.985+0000][7][gc,phases   ] GC(63)   Evacuate Collection Set: 7.3ms
[2023-10-31T02:54:01.985+0000][7][gc,phases   ] GC(63)   Post Evacuate Collection Set: 0.9ms
[2023-10-31T02:54:01.985+0000][7][gc,phases   ] GC(63)   Other: 0.4ms
[2023-10-31T02:54:01.985+0000][7][gc,heap     ] GC(63) Eden regions: 72->0(72)
[2023-10-31T02:54:01.985+0000][7][gc,heap     ] GC(63) Survivor regions: 2->2(10)
[2023-10-31T02:54:01.985+0000][7][gc,heap     ] GC(63) Old regions: 25->25
[2023-10-31T02:54:01.985+0000][7][gc,heap     ] GC(63) Archive regions: 2->2
[2023-10-31T02:54:01.985+0000][7][gc,heap     ] GC(63) Humongous regions: 5->5
[2023-10-31T02:54:01.985+0000][7][gc,metaspace] GC(63) Metaspace: 117977K(119744K)->117977K(119744K) NonClass: 102223K(103232K)->102223K(103232K) Class: 15753K(16512K)->15753K(16512K)
[2023-10-31T02:54:01.985+0000][7][gc          ] GC(63) Pause Young (Normal) (G1 Evacuation Pause) 416M->128M(512M) 8.804ms
[2023-10-31T02:54:01.985+0000][7][gc,cpu      ] GC(63) User=0.02s Sys=0.00s Real=0.01s
[2023-10-31T02:54:01.985+0000][7][safepoint   ] Safepoint "G1CollectForAllocation", Time since last: 329890921 ns, Reaching safepoint: 125646 ns, At safepoint: 8916203 ns, Total: 9041849 ns
[2023-10-31T02:54:02.985+0000][7][safepoint   ] Safepoint "Cleanup", Time since last: 1000124419 ns, Reaching safepoint: 103613 ns, At safepoint: 4801 ns, Total: 108414 ns
[2023-10-31T02:54:03.985+0000][7][safepoint   ] Safepoint "Cleanup", Time since last: 1000133638 ns, Reaching safepoint: 86185 ns, At safepoint: 4172 ns, Total: 90357 ns
[2023-10-31T02:54:05.986+0000][7][safepoint   ] Safepoint "Cleanup", Time since last: 2000212873 ns, Reaching safepoint: 194865 ns, At safepoint: 9638 ns, Total: 204503 ns
[2023-10-31T02:54:06.986+0000][7][safepoint   ] Safepoint "Cleanup", Time since last: 1000143049 ns, Reaching safepoint: 156026 ns, At safepoint: 3874 ns, Total: 159900 ns
[2023-10-31T02:54:07.986+0000][7][safepoint   ] Safepoint "Cleanup", Time since last: 1000120848 ns, Reaching safepoint: 103570 ns, At safepoint: 14577 ns, Total: 118147 ns
[2023-10-31T02:54:08.986+0000][7][safepoint   ] Safepoint "Cleanup", Time since last: 1000179314 ns, Reaching safepoint: 93105 ns, At safepoint: 8340 ns, Total: 101445 ns
[2023-10-31T02:54:09.987+0000][7][safepoint   ] Safepoint "Cleanup", Time since last: 1000100601 ns, Reaching safepoint: 48979 ns, At safepoint: 5573 ns, Total: 54552 ns
[2023-10-31T02:54:10.987+0000][7][safepoint   ] Safepoint "Cleanup", Time since last: 1000130563 ns, Reaching safepoint: 44242 ns, At safepoint: 4753 ns, Total: 48995 ns
[2023-10-31T02:54:11.987+0000][7][safepoint   ] Safepoint "Cleanup", Time since last: 1000110648 ns, Reaching safepoint: 65070 ns, At safepoint: 4199 ns, Total: 69269 ns
[2023-10-31T02:54:12.987+0000][7][safepoint   ] Safepoint "Cleanup", Time since last: 1000142112 ns, Reaching safepoint: 78832 ns, At safepoint: 6134 ns, Total: 84966 ns
[2023-10-31T02:54:13.987+0000][7][safepoint   ] Safepoint "Cleanup", Time since last: 1000092397 ns, Reaching safepoint: 33050 ns, At safepoint: 26450 ns, Total: 59500 ns
[2023-10-31T02:54:15.849+0000][7][gc,start    ] GC(64) Pause Young (Normal) (G1 Evacuation Pause)
[2023-10-31T02:54:15.849+0000][7][gc,task     ] GC(64) Using 8 workers of 8 for evacuation
[2023-10-31T02:54:15.849+0000][7][gc,age      ] GC(64) Desired survivor size 20971520 bytes, new threshold 15 (max threshold 15)
[2023-10-31T02:54:15.860+0000][7][gc,age      ] GC(64) Age table with threshold 15 (max threshold 15)
[2023-10-31T02:54:15.861+0000][7][gc,age      ] GC(64) - age   1:    3460240 bytes,    3460240 total
[2023-10-31T02:54:15.861+0000][7][gc,age      ] GC(64) - age   2:      19400 bytes,    3479640 total
[2023-10-31T02:54:15.861+0000][7][gc,age      ] GC(64) - age   3:     299608 bytes,    3779248 total
[2023-10-31T02:54:15.861+0000][7][gc,age      ] GC(64) - age   4:     217224 bytes,    3996472 total
[2023-10-31T02:54:15.861+0000][7][gc,age      ] GC(64) - age   5:       4256 bytes,    4000728 total
[2023-10-31T02:54:15.861+0000][7][gc,age      ] GC(64) - age   6:        344 bytes,    4001072 total
[2023-10-31T02:54:15.861+0000][7][gc,age      ] GC(64) - age   7:      20424 bytes,    4021496 total
[2023-10-31T02:54:15.861+0000][7][gc,age      ] GC(64) - age   8:     429856 bytes,    4451352 total
[2023-10-31T02:54:15.861+0000][7][gc,age      ] GC(64) - age   9:     951112 bytes,    5402464 total
[2023-10-31T02:54:15.861+0000][7][gc,age      ] GC(64) - age  10:    1157264 bytes,    6559728 total
[2023-10-31T02:54:15.861+0000][7][gc,age      ] GC(64) - age  11:     650032 bytes,    7209760 total
[2023-10-31T02:54:15.861+0000][7][gc,age      ] GC(64) - age  12:     304672 bytes,    7514432 total
[2023-10-31T02:54:15.861+0000][7][gc,age      ] GC(64) - age  13:     234376 bytes,    7748808 total
[2023-10-31T02:54:15.861+0000][7][gc,age      ] GC(64) - age  14:     202776 bytes,    7951584 total
[2023-10-31T02:54:15.861+0000][7][gc,age      ] GC(64) - age  15:     272664 bytes,    8224248 total
[2023-10-31T02:54:15.861+0000][7][gc,phases   ] GC(64)   Pre Evacuate Collection Set: 0.3ms
[2023-10-31T02:54:15.861+0000][7][gc,phases   ] GC(64)   Merge Heap Roots: 0.2ms
[2023-10-31T02:54:15.861+0000][7][gc,phases   ] GC(64)   Evacuate Collection Set: 10.0ms
[2023-10-31T02:54:15.861+0000][7][gc,phases   ] GC(64)   Post Evacuate Collection Set: 0.7ms
[2023-10-31T02:54:15.861+0000][7][gc,phases   ] GC(64)   Other: 0.6ms
[2023-10-31T02:54:15.861+0000][7][gc,heap     ] GC(64) Eden regions: 72->0(70)
[2023-10-31T02:54:15.861+0000][7][gc,heap     ] GC(64) Survivor regions: 2->3(10)
[2023-10-31T02:54:15.861+0000][7][gc,heap     ] GC(64) Old regions: 25->25
[2023-10-31T02:54:15.861+0000][7][gc,heap     ] GC(64) Archive regions: 2->2
[2023-10-31T02:54:15.861+0000][7][gc,heap     ] GC(64) Humongous regions: 5->5
[2023-10-31T02:54:15.861+0000][7][gc,metaspace] GC(64) Metaspace: 118014K(119744K)->118014K(119744K) NonClass: 102260K(103232K)->102260K(103232K) Class: 15753K(16512K)->15753K(16512K)
[2023-10-31T02:54:15.861+0000][7][gc          ] GC(64) Pause Young (Normal) (G1 Evacuation Pause) 416M->129M(512M) 11.786ms
[2023-10-31T02:54:15.861+0000][7][gc,cpu      ] GC(64) User=0.06s Sys=0.00s Real=0.01s
[2023-10-31T02:54:15.861+0000][7][safepoint   ] Safepoint "G1CollectForAllocation", Time since last: 1861381200 ns, Reaching safepoint: 241734 ns, At safepoint: 11972676 ns, Total: 12214410 ns
[2023-10-31T02:54:16.861+0000][7][safepoint   ] Safepoint "Cleanup", Time since last: 1000082171 ns, Reaching safepoint: 80112 ns, At safepoint: 9651 ns, Total: 89763 ns
[2023-10-31T02:54:17.861+0000][7][safepoint   ] Safepoint "Cleanup", Time since last: 1000239014 ns, Reaching safepoint: 130601 ns, At safepoint: 23602 ns, Total: 154203 ns
[2023-10-31T02:54:18.862+0000][7][safepoint   ] Safepoint "Cleanup", Time since last: 1000123764 ns, Reaching safepoint: 32451 ns, At safepoint: 5114 ns, Total: 37565 ns
[2023-10-31T02:54:19.862+0000][7][safepoint   ] Safepoint "Cleanup", Time since last: 1000657197 ns, Reaching safepoint: 112526 ns, At safepoint: 8513 ns, Total: 121039 ns
[2023-10-31T02:54:20.863+0000][7][safepoint   ] Safepoint "Cleanup", Time since last: 1000113137 ns, Reaching safepoint: 80924 ns, At safepoint: 5264 ns, Total: 86188 ns
[2023-10-31T02:54:21.863+0000][7][safepoint   ] Safepoint "Cleanup", Time since last: 1000123796 ns, Reaching safepoint: 54411 ns, At safepoint: 5104 ns, Total: 59515 ns
[2023-10-31T02:54:22.858+0000][7][gc,start    ] GC(65) Pause Young (Normal) (G1 Evacuation Pause)
[2023-10-31T02:54:22.858+0000][7][gc,task     ] GC(65) Using 8 workers of 8 for evacuation
[2023-10-31T02:54:22.858+0000][7][gc,age      ] GC(65) Desired survivor size 20971520 bytes, new threshold 15 (max threshold 15)
[2023-10-31T02:54:22.862+0000][7][gc,age      ] GC(65) Age table with threshold 15 (max threshold 15)
[2023-10-31T02:54:22.862+0000][7][gc,age      ] GC(65) - age   1:    3111632 bytes,    3111632 total
[2023-10-31T02:54:22.862+0000][7][gc,age      ] GC(65) - age   2:    1211384 bytes,    4323016 total
[2023-10-31T02:54:22.862+0000][7][gc,age      ] GC(65) - age   3:      18368 bytes,    4341384 total
[2023-10-31T02:54:22.862+0000][7][gc,age      ] GC(65) - age   4:     287248 bytes,    4628632 total
[2023-10-31T02:54:22.862+0000][7][gc,age      ] GC(65) - age   5:     216160 bytes,    4844792 total
[2023-10-31T02:54:22.862+0000][7][gc,age      ] GC(65) - age   6:       3160 bytes,    4847952 total
[2023-10-31T02:54:22.862+0000][7][gc,age      ] GC(65) - age   8:      20424 bytes,    4868376 total
[2023-10-31T02:54:22.862+0000][7][gc,age      ] GC(65) - age   9:     428296 bytes,    5296672 total
[2023-10-31T02:54:22.862+0000][7][gc,age      ] GC(65) - age  10:     843648 bytes,    6140320 total
[2023-10-31T02:54:22.862+0000][7][gc,age      ] GC(65) - age  11:    1157264 bytes,    7297584 total
[2023-10-31T02:54:22.862+0000][7][gc,age      ] GC(65) - age  12:     650032 bytes,    7947616 total
[2023-10-31T02:54:22.863+0000][7][gc,age      ] GC(65) - age  13:     304608 bytes,    8252224 total
[2023-10-31T02:54:22.863+0000][7][gc,age      ] GC(65) - age  14:     234376 bytes,    8486600 total
[2023-10-31T02:54:22.863+0000][7][gc,age      ] GC(65) - age  15:     202776 bytes,    8689376 total
[2023-10-31T02:54:22.863+0000][7][gc,phases   ] GC(65)   Pre Evacuate Collection Set: 0.1ms
[2023-10-31T02:54:22.863+0000][7][gc,phases   ] GC(65)   Merge Heap Roots: 0.1ms
[2023-10-31T02:54:22.863+0000][7][gc,phases   ] GC(65)   Evacuate Collection Set: 3.6ms
[2023-10-31T02:54:22.863+0000][7][gc,phases   ] GC(65)   Post Evacuate Collection Set: 0.6ms
[2023-10-31T02:54:22.863+0000][7][gc,phases   ] GC(65)   Other: 0.3ms
[2023-10-31T02:54:22.863+0000][7][gc,heap     ] GC(65) Eden regions: 70->0(70)
[2023-10-31T02:54:22.863+0000][7][gc,heap     ] GC(65) Survivor regions: 3->3(10)
[2023-10-31T02:54:22.863+0000][7][gc,heap     ] GC(65) Old regions: 25->25
[2023-10-31T02:54:22.863+0000][7][gc,heap     ] GC(65) Archive regions: 2->2
[2023-10-31T02:54:22.863+0000][7][gc,heap     ] GC(65) Humongous regions: 5->5
[2023-10-31T02:54:22.863+0000][7][gc,metaspace] GC(65) Metaspace: 118026K(119744K)->118026K(119744K) NonClass: 102272K(103232K)->102272K(103232K) Class: 15753K(16512K)->15753K(16512K)
[2023-10-31T02:54:22.863+0000][7][gc          ] GC(65) Pause Young (Normal) (G1 Evacuation Pause) 409M->130M(512M) 4.628ms
[2023-10-31T02:54:22.863+0000][7][gc,cpu      ] GC(65) User=0.02s Sys=0.00s Real=0.00s
[2023-10-31T02:54:22.863+0000][7][safepoint   ] Safepoint "G1CollectForAllocation", Time since last: 995124611 ns, Reaching safepoint: 93256 ns, At safepoint: 4694530 ns, Total: 4787786 ns
[2023-10-31T02:54:23.863+0000][7][safepoint   ] Safepoint "Cleanup", Time since last: 1000134037 ns, Reaching safepoint: 66784 ns, At safepoint: 4085 ns, Total: 70869 ns
[2023-10-31T02:54:24.863+0000][7][safepoint   ] Safepoint "Cleanup", Time since last: 1000136863 ns, Reaching safepoint: 86587 ns, At safepoint: 6686 ns, Total: 93273 ns
[2023-10-31T02:54:25.863+0000][7][safepoint   ] Safepoint "Cleanup", Time since last: 1000108222 ns, Reaching safepoint: 91178 ns, At safepoint: 8632 ns, Total: 99810 ns
[2023-10-31T02:54:26.864+0000][7][safepoint   ] Safepoint "Cleanup", Time since last: 1000371501 ns, Reaching safepoint: 85098 ns, At safepoint: 5280 ns, Total: 90378 ns
[2023-10-31T02:54:27.864+0000][7][safepoint   ] Safepoint "Cleanup", Time since last: 1000109202 ns, Reaching safepoint: 70642 ns, At safepoint: 4065 ns, Total: 74707 ns
[2023-10-31T02:54:30.208+0000][7][gc,start    ] GC(66) Pause Young (Normal) (G1 Evacuation Pause)
[2023-10-31T02:54:30.208+0000][7][gc,task     ] GC(66) Using 8 workers of 8 for evacuation
[2023-10-31T02:54:30.208+0000][7][gc,age      ] GC(66) Desired survivor size 20971520 bytes, new threshold 15 (max threshold 15)
[2023-10-31T02:54:30.211+0000][7][gc,age      ] GC(66) Age table with threshold 15 (max threshold 15)
[2023-10-31T02:54:30.211+0000][7][gc,age      ] GC(66) - age   1:    1780192 bytes,    1780192 total
[2023-10-31T02:54:30.211+0000][7][gc,age      ] GC(66) - age   2:     248056 bytes,    2028248 total
[2023-10-31T02:54:30.211+0000][7][gc,age      ] GC(66) - age   3:     436320 bytes,    2464568 total
[2023-10-31T02:54:30.211+0000][7][gc,age      ] GC(66) - age   4:       1888 bytes,    2466456 total
[2023-10-31T02:54:30.211+0000][7][gc,age      ] GC(66) - age   5:      42456 bytes,    2508912 total
[2023-10-31T02:54:30.211+0000][7][gc,age      ] GC(66) - age   6:        616 bytes,    2509528 total
[2023-10-31T02:54:30.211+0000][7][gc,age      ] GC(66) - age   7:       2136 bytes,    2511664 total
[2023-10-31T02:54:30.211+0000][7][gc,age      ] GC(66) - age   9:      20040 bytes,    2531704 total
[2023-10-31T02:54:30.211+0000][7][gc,age      ] GC(66) - age  10:     142592 bytes,    2674296 total
[2023-10-31T02:54:30.211+0000][7][gc,age      ] GC(66) - age  11:     843648 bytes,    3517944 total
[2023-10-31T02:54:30.211+0000][7][gc,age      ] GC(66) - age  12:    1157264 bytes,    4675208 total
[2023-10-31T02:54:30.211+0000][7][gc,age      ] GC(66) - age  13:     650032 bytes,    5325240 total
[2023-10-31T02:54:30.211+0000][7][gc,age      ] GC(66) - age  14:     304608 bytes,    5629848 total
[2023-10-31T02:54:30.211+0000][7][gc,age      ] GC(66) - age  15:     234376 bytes,    5864224 total
[2023-10-31T02:54:30.211+0000][7][gc,phases   ] GC(66)   Pre Evacuate Collection Set: 0.1ms
[2023-10-31T02:54:30.211+0000][7][gc,phases   ] GC(66)   Merge Heap Roots: 0.1ms
[2023-10-31T02:54:30.211+0000][7][gc,phases   ] GC(66)   Evacuate Collection Set: 2.5ms
[2023-10-31T02:54:30.211+0000][7][gc,phases   ] GC(66)   Post Evacuate Collection Set: 0.7ms
[2023-10-31T02:54:30.211+0000][7][gc,phases   ] GC(66)   Other: 0.3ms
[2023-10-31T02:54:30.211+0000][7][gc,heap     ] GC(66) Eden regions: 70->0(71)
[2023-10-31T02:54:30.211+0000][7][gc,heap     ] GC(66) Survivor regions: 3->2(10)
[2023-10-31T02:54:30.211+0000][7][gc,heap     ] GC(66) Old regions: 25->25
[2023-10-31T02:54:30.211+0000][7][gc,heap     ] GC(66) Archive regions: 2->2
[2023-10-31T02:54:30.211+0000][7][gc,heap     ] GC(66) Humongous regions: 5->5
[2023-10-31T02:54:30.211+0000][7][gc,metaspace] GC(66) Metaspace: 118041K(119808K)->118041K(119808K) NonClass: 102288K(103296K)->102288K(103296K) Class: 15753K(16512K)->15753K(16512K)
[2023-10-31T02:54:30.211+0000][7][gc          ] GC(66) Pause Young (Normal) (G1 Evacuation Pause) 410M->128M(512M) 3.779ms
[2023-10-31T02:54:30.211+0000][7][gc,cpu      ] GC(66) User=0.02s Sys=0.00s Real=0.00s
[2023-10-31T02:54:30.211+0000][7][safepoint   ] Safepoint "G1CollectForAllocation", Time since last: 2343466554 ns, Reaching safepoint: 114167 ns, At safepoint: 3869582 ns, Total: 3983749 ns
[2023-10-31T02:54:31.212+0000][7][safepoint   ] Safepoint "Cleanup", Time since last: 1000096946 ns, Reaching safepoint: 203452 ns, At safepoint: 8368 ns, Total: 211820 ns
[2023-10-31T02:54:32.212+0000][7][safepoint   ] Safepoint "Cleanup", Time since last: 1000111900 ns, Reaching safepoint: 80954 ns, At safepoint: 9646 ns, Total: 90600 ns
[2023-10-31T02:54:33.470+0000][7][safepoint   ] Safepoint "Cleanup", Time since last: 1257815215 ns, Reaching safepoint: 102315 ns, At safepoint: 8556 ns, Total: 110871 ns
[2023-10-31T02:54:34.470+0000][7][safepoint   ] Safepoint "Cleanup", Time since last: 1000119533 ns, Reaching safepoint: 71093 ns, At safepoint: 5387 ns, Total: 76480 ns
[2023-10-31T02:54:35.471+0000][7][safepoint   ] Safepoint "Cleanup", Time since last: 1000330804 ns, Reaching safepoint: 95421 ns, At safepoint: 4150 ns, Total: 99571 ns
[2023-10-31T02:54:35.917+0000][7][gc,start    ] GC(67) Pause Young (Normal) (G1 Evacuation Pause)
[2023-10-31T02:54:35.917+0000][7][gc,task     ] GC(67) Using 8 workers of 8 for evacuation
[2023-10-31T02:54:35.917+0000][7][gc,age      ] GC(67) Desired survivor size 20971520 bytes, new threshold 15 (max threshold 15)
[2023-10-31T02:54:35.927+0000][7][gc,age      ] GC(67) Age table with threshold 15 (max threshold 15)
[2023-10-31T02:54:35.927+0000][7][gc,age      ] GC(67) - age   1:    1870664 bytes,    1870664 total
[2023-10-31T02:54:35.928+0000][7][gc,age      ] GC(67) - age   2:     277328 bytes,    2147992 total
[2023-10-31T02:54:35.928+0000][7][gc,age      ] GC(67) - age   3:     241680 bytes,    2389672 total
[2023-10-31T02:54:35.928+0000][7][gc,age      ] GC(67) - age   4:     435992 bytes,    2825664 total
[2023-10-31T02:54:35.928+0000][7][gc,age      ] GC(67) - age   5:       1600 bytes,    2827264 total
[2023-10-31T02:54:35.928+0000][7][gc,age      ] GC(67) - age   6:      42024 bytes,    2869288 total
[2023-10-31T02:54:35.928+0000][7][gc,age      ] GC(67) - age   7:        520 bytes,    2869808 total
[2023-10-31T02:54:35.928+0000][7][gc,age      ] GC(67) - age   8:       2136 bytes,    2871944 total
[2023-10-31T02:54:35.928+0000][7][gc,age      ] GC(67) - age  10:      20040 bytes,    2891984 total
[2023-10-31T02:54:35.928+0000][7][gc,age      ] GC(67) - age  11:     142464 bytes,    3034448 total
[2023-10-31T02:54:35.928+0000][7][gc,age      ] GC(67) - age  12:     843648 bytes,    3878096 total
[2023-10-31T02:54:35.928+0000][7][gc,age      ] GC(67) - age  13:    1157144 bytes,    5035240 total
[2023-10-31T02:54:35.928+0000][7][gc,age      ] GC(67) - age  14:     650032 bytes,    5685272 total
[2023-10-31T02:54:35.928+0000][7][gc,age      ] GC(67) - age  15:     304608 bytes,    5989880 total
[2023-10-31T02:54:35.928+0000][7][gc,phases   ] GC(67)   Pre Evacuate Collection Set: 0.2ms
[2023-10-31T02:54:35.928+0000][7][gc,phases   ] GC(67)   Merge Heap Roots: 0.1ms
[2023-10-31T02:54:35.928+0000][7][gc,phases   ] GC(67)   Evacuate Collection Set: 9.4ms
[2023-10-31T02:54:35.928+0000][7][gc,phases   ] GC(67)   Post Evacuate Collection Set: 0.9ms
[2023-10-31T02:54:35.928+0000][7][gc,phases   ] GC(67)   Other: 0.4ms
[2023-10-31T02:54:35.928+0000][7][gc,heap     ] GC(67) Eden regions: 71->0(71)
[2023-10-31T02:54:35.928+0000][7][gc,heap     ] GC(67) Survivor regions: 2->2(10)
[2023-10-31T02:54:35.928+0000][7][gc,heap     ] GC(67) Old regions: 25->25
[2023-10-31T02:54:35.928+0000][7][gc,heap     ] GC(67) Archive regions: 2->2
[2023-10-31T02:54:35.928+0000][7][gc,heap     ] GC(67) Humongous regions: 5->5
[2023-10-31T02:54:35.928+0000][7][gc,metaspace] GC(67) Metaspace: 118044K(119808K)->118044K(119808K) NonClass: 102290K(103296K)->102290K(103296K) Class: 15753K(16512K)->15753K(16512K)
[2023-10-31T02:54:35.928+0000][7][gc          ] GC(67) Pause Young (Normal) (G1 Evacuation Pause) 411M->128M(512M) 10.806ms
[2023-10-31T02:54:35.928+0000][7][gc,cpu      ] GC(67) User=0.04s Sys=0.00s Real=0.01s
[2023-10-31T02:54:35.928+0000][7][safepoint   ] Safepoint "G1CollectForAllocation", Time since last: 446150681 ns, Reaching safepoint: 110700 ns, At safepoint: 10979567 ns, Total: 11090267 ns
[2023-10-31T02:54:36.928+0000][7][safepoint   ] Safepoint "Cleanup", Time since last: 1000116627 ns, Reaching safepoint: 96203 ns, At safepoint: 7471 ns, Total: 103674 ns
[2023-10-31T02:54:37.928+0000][7][safepoint   ] Safepoint "Cleanup", Time since last: 1000137489 ns, Reaching safepoint: 90140 ns, At safepoint: 6368 ns, Total: 96508 ns
[2023-10-31T02:54:38.928+0000][7][safepoint   ] Safepoint "Cleanup", Time since last: 1000146450 ns, Reaching safepoint: 89229 ns, At safepoint: 6727 ns, Total: 95956 ns
[2023-10-31T02:54:39.929+0000][7][safepoint   ] Safepoint "Cleanup", Time since last: 1000170256 ns, Reaching safepoint: 64384 ns, At safepoint: 4057 ns, Total: 68441 ns
[2023-10-31T02:54:40.929+0000][7][safepoint   ] Safepoint "Cleanup", Time since last: 1000383329 ns, Reaching safepoint: 57449 ns, At safepoint: 5559 ns, Total: 63008 ns
[2023-10-31T02:54:42.137+0000][7][safepoint   ] Safepoint "Cleanup", Time since last: 1207860558 ns, Reaching safepoint: 123729 ns, At safepoint: 12438 ns, Total: 136167 ns
[2023-10-31T02:54:42.497+0000][7][gc,start    ] GC(68) Pause Young (Normal) (G1 Evacuation Pause)
[2023-10-31T02:54:42.497+0000][7][gc,task     ] GC(68) Using 8 workers of 8 for evacuation
[2023-10-31T02:54:42.497+0000][7][gc,age      ] GC(68) Desired survivor size 20971520 bytes, new threshold 15 (max threshold 15)
[2023-10-31T02:54:42.511+0000][7][gc,age      ] GC(68) Age table with threshold 15 (max threshold 15)
[2023-10-31T02:54:42.511+0000][7][gc,age      ] GC(68) - age   1:    1191024 bytes,    1191024 total
[2023-10-31T02:54:42.511+0000][7][gc,age      ] GC(68) - age   2:     721416 bytes,    1912440 total
[2023-10-31T02:54:42.511+0000][7][gc,age      ] GC(68) - age   3:     275288 bytes,    2187728 total
[2023-10-31T02:54:42.511+0000][7][gc,age      ] GC(68) - age   4:     241200 bytes,    2428928 total
[2023-10-31T02:54:42.511+0000][7][gc,age      ] GC(68) - age   5:     419312 bytes,    2848240 total
[2023-10-31T02:54:42.511+0000][7][gc,age      ] GC(68) - age   6:       1504 bytes,    2849744 total
[2023-10-31T02:54:42.511+0000][7][gc,age      ] GC(68) - age   7:      40560 bytes,    2890304 total
[2023-10-31T02:54:42.511+0000][7][gc,age      ] GC(68) - age   8:        520 bytes,    2890824 total
[2023-10-31T02:54:42.511+0000][7][gc,age      ] GC(68) - age   9:        824 bytes,    2891648 total
[2023-10-31T02:54:42.511+0000][7][gc,age      ] GC(68) - age  11:      19976 bytes,    2911624 total
[2023-10-31T02:54:42.511+0000][7][gc,age      ] GC(68) - age  12:     142464 bytes,    3054088 total
[2023-10-31T02:54:42.511+0000][7][gc,age      ] GC(68) - age  13:     843648 bytes,    3897736 total
[2023-10-31T02:54:42.511+0000][7][gc,age      ] GC(68) - age  14:    1156832 bytes,    5054568 total
[2023-10-31T02:54:42.511+0000][7][gc,age      ] GC(68) - age  15:     650032 bytes,    5704600 total
[2023-10-31T02:54:42.511+0000][7][gc,phases   ] GC(68)   Pre Evacuate Collection Set: 0.1ms
[2023-10-31T02:54:42.511+0000][7][gc,phases   ] GC(68)   Merge Heap Roots: 0.0ms
[2023-10-31T02:54:42.511+0000][7][gc,phases   ] GC(68)   Evacuate Collection Set: 12.8ms
[2023-10-31T02:54:42.511+0000][7][gc,phases   ] GC(68)   Post Evacuate Collection Set: 0.7ms
[2023-10-31T02:54:42.511+0000][7][gc,phases   ] GC(68)   Other: 0.4ms
[2023-10-31T02:54:42.511+0000][7][gc,heap     ] GC(68) Eden regions: 71->0(72)
[2023-10-31T02:54:42.511+0000][7][gc,heap     ] GC(68) Survivor regions: 2->2(10)
[2023-10-31T02:54:42.511+0000][7][gc,heap     ] GC(68) Old regions: 25->25
[2023-10-31T02:54:42.511+0000][7][gc,heap     ] GC(68) Archive regions: 2->2
[2023-10-31T02:54:42.511+0000][7][gc,heap     ] GC(68) Humongous regions: 5->5
[2023-10-31T02:54:42.511+0000][7][gc,metaspace] GC(68) Metaspace: 118047K(119808K)->118047K(119808K) NonClass: 102294K(103296K)->102294K(103296K) Class: 15753K(16512K)->15753K(16512K)
[2023-10-31T02:54:42.511+0000][7][gc          ] GC(68) Pause Young (Normal) (G1 Evacuation Pause) 412M->128M(512M) 14.125ms
[2023-10-31T02:54:42.511+0000][7][gc,cpu      ] GC(68) User=0.02s Sys=0.00s Real=0.01s
[2023-10-31T02:54:42.511+0000][7][safepoint   ] Safepoint "G1CollectForAllocation", Time since last: 359406998 ns, Reaching safepoint: 35356 ns, At safepoint: 14263112 ns, Total: 14298468 ns
[2023-10-31T02:54:43.511+0000][7][safepoint   ] Safepoint "Cleanup", Time since last: 1000117550 ns, Reaching safepoint: 134978 ns, At safepoint: 11213 ns, Total: 146191 ns
[2023-10-31T02:54:45.512+0000][7][safepoint   ] Safepoint "Cleanup", Time since last: 2000335828 ns, Reaching safepoint: 159767 ns, At safepoint: 5007 ns, Total: 164774 ns
[2023-10-31T02:54:46.979+0000][7][safepoint   ] Safepoint "Cleanup", Time since last: 1467166431 ns, Reaching safepoint: 62592 ns, At safepoint: 6731 ns, Total: 69323 ns
[2023-10-31T02:54:47.979+0000][7][safepoint   ] Safepoint "Cleanup", Time since last: 1000122659 ns, Reaching safepoint: 65136 ns, At safepoint: 5041 ns, Total: 70177 ns
[2023-10-31T02:54:48.979+0000][7][safepoint   ] Safepoint "Cleanup", Time since last: 1000118442 ns, Reaching safepoint: 93181 ns, At safepoint: 3939 ns, Total: 97120 ns
[2023-10-31T02:54:50.980+0000][7][safepoint   ] Safepoint "Cleanup", Time since last: 2000501521 ns, Reaching safepoint: 74216 ns, At safepoint: 7215 ns, Total: 81431 ns
[2023-10-31T02:54:51.980+0000][7][safepoint   ] Safepoint "Cleanup", Time since last: 1000129882 ns, Reaching safepoint: 57899 ns, At safepoint: 4527 ns, Total: 62426 ns
[2023-10-31T02:54:52.980+0000][7][safepoint   ] Safepoint "Cleanup", Time since last: 1000130466 ns, Reaching safepoint: 59560 ns, At safepoint: 6047 ns, Total: 65607 ns
[2023-10-31T02:54:54.981+0000][7][safepoint   ] Safepoint "Cleanup", Time since last: 2000393033 ns, Reaching safepoint: 48690 ns, At safepoint: 33302 ns, Total: 81992 ns
[2023-10-31T02:54:55.684+0000][7][gc,start    ] GC(69) Pause Young (Normal) (G1 Evacuation Pause)
[2023-10-31T02:54:55.684+0000][7][gc,task     ] GC(69) Using 8 workers of 8 for evacuation
[2023-10-31T02:54:55.684+0000][7][gc,age      ] GC(69) Desired survivor size 20971520 bytes, new threshold 15 (max threshold 15)
[2023-10-31T02:54:55.700+0000][7][gc,age      ] GC(69) Age table with threshold 15 (max threshold 15)
[2023-10-31T02:54:55.700+0000][7][gc,age      ] GC(69) - age   1:    2181032 bytes,    2181032 total
[2023-10-31T02:54:55.700+0000][7][gc,age      ] GC(69) - age   2:     258920 bytes,    2439952 total
[2023-10-31T02:54:55.700+0000][7][gc,age      ] GC(69) - age   3:     203000 bytes,    2642952 total
[2023-10-31T02:54:55.700+0000][7][gc,age      ] GC(69) - age   4:      73408 bytes,    2716360 total
[2023-10-31T02:54:55.700+0000][7][gc,age      ] GC(69) - age   5:     240128 bytes,    2956488 total
[2023-10-31T02:54:55.700+0000][7][gc,age      ] GC(69) - age   6:     417688 bytes,    3374176 total
[2023-10-31T02:54:55.700+0000][7][gc,age      ] GC(69) - age   7:       1248 bytes,    3375424 total
[2023-10-31T02:54:55.700+0000][7][gc,age      ] GC(69) - age   8:      40240 bytes,    3415664 total
[2023-10-31T02:54:55.700+0000][7][gc,age      ] GC(69) - age   9:        360 bytes,    3416024 total
[2023-10-31T02:54:55.700+0000][7][gc,age      ] GC(69) - age  10:        824 bytes,    3416848 total
[2023-10-31T02:54:55.700+0000][7][gc,age      ] GC(69) - age  12:      19976 bytes,    3436824 total
[2023-10-31T02:54:55.700+0000][7][gc,age      ] GC(69) - age  13:     142464 bytes,    3579288 total
[2023-10-31T02:54:55.701+0000][7][gc,age      ] GC(69) - age  14:     843552 bytes,    4422840 total
[2023-10-31T02:54:55.701+0000][7][gc,age      ] GC(69) - age  15:    1156832 bytes,    5579672 total
[2023-10-31T02:54:55.701+0000][7][gc,phases   ] GC(69)   Pre Evacuate Collection Set: 0.1ms
[2023-10-31T02:54:55.701+0000][7][gc,phases   ] GC(69)   Merge Heap Roots: 0.0ms
[2023-10-31T02:54:55.701+0000][7][gc,phases   ] GC(69)   Evacuate Collection Set: 15.8ms
[2023-10-31T02:54:55.701+0000][7][gc,phases   ] GC(69)   Post Evacuate Collection Set: 0.5ms
[2023-10-31T02:54:55.701+0000][7][gc,phases   ] GC(69)   Other: 0.3ms
[2023-10-31T02:54:55.701+0000][7][gc,heap     ] GC(69) Eden regions: 72->0(72)
[2023-10-31T02:54:55.701+0000][7][gc,heap     ] GC(69) Survivor regions: 2->2(10)
[2023-10-31T02:54:55.701+0000][7][gc,heap     ] GC(69) Old regions: 25->25
[2023-10-31T02:54:55.701+0000][7][gc,heap     ] GC(69) Archive regions: 2->2
[2023-10-31T02:54:55.701+0000][7][gc,heap     ] GC(69) Humongous regions: 5->5
[2023-10-31T02:54:55.701+0000][7][gc,metaspace] GC(69) Metaspace: 118077K(119872K)->118077K(119872K) NonClass: 102323K(103360K)->102323K(103360K) Class: 15754K(16512K)->15754K(16512K)
[2023-10-31T02:54:55.701+0000][7][gc          ] GC(69) Pause Young (Normal) (G1 Evacuation Pause) 416M->128M(512M) 16.861ms
[2023-10-31T02:54:55.701+0000][7][gc,cpu      ] GC(69) User=0.02s Sys=0.01s Real=0.02s
[2023-10-31T02:54:55.701+0000][7][safepoint   ] Safepoint "G1CollectForAllocation", Time since last: 703002778 ns, Reaching safepoint: 67740 ns, At safepoint: 16929962 ns, Total: 16997702 ns
[2023-10-31T02:54:56.701+0000][7][safepoint   ] Safepoint "Cleanup", Time since last: 1000120017 ns, Reaching safepoint: 60876 ns, At safepoint: 6622 ns, Total: 67498 ns
[2023-10-31T02:54:58.701+0000][7][safepoint   ] Safepoint "Cleanup", Time since last: 2000371147 ns, Reaching safepoint: 32338 ns, At safepoint: 29552 ns, Total: 61890 ns
[2023-10-31T02:55:00.702+0000][7][safepoint   ] Safepoint "Cleanup", Time since last: 2000400887 ns, Reaching safepoint: 50002 ns, At safepoint: 5555 ns, Total: 55557 ns
[2023-10-31T02:55:01.702+0000][7][safepoint   ] Safepoint "Cleanup", Time since last: 1000332753 ns, Reaching safepoint: 156864 ns, At safepoint: 6869 ns, Total: 163733 ns
[2023-10-31T02:55:02.703+0000][7][safepoint   ] Safepoint "Cleanup", Time since last: 1000226925 ns, Reaching safepoint: 104355 ns, At safepoint: 4177 ns, Total: 108532 ns
[2023-10-31T02:55:04.703+0000][7][safepoint   ] Safepoint "Cleanup", Time since last: 2000182324 ns, Reaching safepoint: 57261 ns, At safepoint: 5130 ns, Total: 62391 ns
[2023-10-31T02:55:05.703+0000][7][safepoint   ] Safepoint "Cleanup", Time since last: 1000187807 ns, Reaching safepoint: 86120 ns, At safepoint: 4590 ns, Total: 90710 ns
[2023-10-31T02:55:06.704+0000][7][safepoint   ] Safepoint "Cleanup", Time since last: 1000264748 ns, Reaching safepoint: 94328 ns, At safepoint: 31304 ns, Total: 125632 ns
[2023-10-31T02:55:07.704+0000][7][safepoint   ] Safepoint "Cleanup", Time since last: 1000162775 ns, Reaching safepoint: 59314 ns, At safepoint: 8287 ns, Total: 67601 ns
[2023-10-31T02:55:08.704+0000][7][safepoint   ] Safepoint "Cleanup", Time since last: 1000102744 ns, Reaching safepoint: 56414 ns, At safepoint: 3684 ns, Total: 60098 ns
[2023-10-31T02:55:09.704+0000][7][safepoint   ] Safepoint "Cleanup", Time since last: 1000095624 ns, Reaching safepoint: 72704 ns, At safepoint: 12961 ns, Total: 85665 ns
[2023-10-31T02:55:10.707+0000][7][safepoint   ] Safepoint "Cleanup", Time since last: 1002360859 ns, Reaching safepoint: 60924 ns, At safepoint: 8585 ns, Total: 69509 ns
[2023-10-31T02:55:11.707+0000][7][safepoint   ] Safepoint "Cleanup", Time since last: 1000173520 ns, Reaching safepoint: 43138 ns, At safepoint: 3665 ns, Total: 46803 ns
[2023-10-31T02:55:12.707+0000][7][safepoint   ] Safepoint "Cleanup", Time since last: 1000119037 ns, Reaching safepoint: 93041 ns, At safepoint: 9860 ns, Total: 102901 ns
[2023-10-31T02:55:14.087+0000][7][gc,start    ] GC(70) Pause Young (Normal) (G1 Evacuation Pause)
[2023-10-31T02:55:14.087+0000][7][gc,task     ] GC(70) Using 8 workers of 8 for evacuation
[2023-10-31T02:55:14.087+0000][7][gc,age      ] GC(70) Desired survivor size 20971520 bytes, new threshold 15 (max threshold 15)
[2023-10-31T02:55:14.094+0000][7][gc,age      ] GC(70) Age table with threshold 15 (max threshold 15)
[2023-10-31T02:55:14.094+0000][7][gc,age      ] GC(70) - age   1:    1485624 bytes,    1485624 total
[2023-10-31T02:55:14.094+0000][7][gc,age      ] GC(70) - age   2:    1092736 bytes,    2578360 total
[2023-10-31T02:55:14.094+0000][7][gc,age      ] GC(70) - age   3:     247056 bytes,    2825416 total
[2023-10-31T02:55:14.094+0000][7][gc,age      ] GC(70) - age   4:     202616 bytes,    3028032 total
[2023-10-31T02:55:14.094+0000][7][gc,age      ] GC(70) - age   5:      73408 bytes,    3101440 total
[2023-10-31T02:55:14.094+0000][7][gc,age      ] GC(70) - age   6:     239656 bytes,    3341096 total
[2023-10-31T02:55:14.094+0000][7][gc,age      ] GC(70) - age   7:     416640 bytes,    3757736 total
[2023-10-31T02:55:14.094+0000][7][gc,age      ] GC(70) - age   8:       1056 bytes,    3758792 total
[2023-10-31T02:55:14.094+0000][7][gc,age      ] GC(70) - age   9:      40176 bytes,    3798968 total
[2023-10-31T02:55:14.094+0000][7][gc,age      ] GC(70) - age  10:        296 bytes,    3799264 total
[2023-10-31T02:55:14.094+0000][7][gc,age      ] GC(70) - age  11:        824 bytes,    3800088 total
[2023-10-31T02:55:14.094+0000][7][gc,age      ] GC(70) - age  13:      19976 bytes,    3820064 total
[2023-10-31T02:55:14.094+0000][7][gc,age      ] GC(70) - age  14:     142464 bytes,    3962528 total
[2023-10-31T02:55:14.094+0000][7][gc,age      ] GC(70) - age  15:     843320 bytes,    4805848 total
[2023-10-31T02:55:14.094+0000][7][gc,phases   ] GC(70)   Pre Evacuate Collection Set: 0.1ms
[2023-10-31T02:55:14.094+0000][7][gc,phases   ] GC(70)   Merge Heap Roots: 0.0ms
[2023-10-31T02:55:14.094+0000][7][gc,phases   ] GC(70)   Evacuate Collection Set: 6.3ms
[2023-10-31T02:55:14.094+0000][7][gc,phases   ] GC(70)   Post Evacuate Collection Set: 0.5ms
[2023-10-31T02:55:14.094+0000][7][gc,phases   ] GC(70)   Other: 0.2ms
[2023-10-31T02:55:14.094+0000][7][gc,heap     ] GC(70) Eden regions: 72->0(71)
[2023-10-31T02:55:14.094+0000][7][gc,heap     ] GC(70) Survivor regions: 2->2(10)
[2023-10-31T02:55:14.094+0000][7][gc,heap     ] GC(70) Old regions: 25->26
[2023-10-31T02:55:14.094+0000][7][gc,heap     ] GC(70) Archive regions: 2->2
[2023-10-31T02:55:14.094+0000][7][gc,heap     ] GC(70) Humongous regions: 5->5
[2023-10-31T02:55:14.094+0000][7][gc,metaspace] GC(70) Metaspace: 118088K(119872K)->118088K(119872K) NonClass: 102333K(103360K)->102333K(103360K) Class: 15754K(16512K)->15754K(16512K)
[2023-10-31T02:55:14.094+0000][7][gc          ] GC(70) Pause Young (Normal) (G1 Evacuation Pause) 416M->129M(512M) 7.322ms
[2023-10-31T02:55:14.094+0000][7][gc,cpu      ] GC(70) User=0.02s Sys=0.00s Real=0.00s
[2023-10-31T02:55:14.094+0000][7][safepoint   ] Safepoint "G1CollectForAllocation", Time since last: 1379518766 ns, Reaching safepoint: 69573 ns, At safepoint: 7386552 ns, Total: 7456125 ns
[2023-10-31T02:55:20.095+0000][7][safepoint   ] Safepoint "Cleanup", Time since last: 6000517508 ns, Reaching safepoint: 76333 ns, At safepoint: 9760 ns, Total: 86093 ns
[2023-10-31T02:55:21.025+0000][7][gc,heap,exit] Heap
[2023-10-31T02:55:21.026+0000][7][gc,heap,exit]  garbage-first heap   total 524288K, used 259342K [0x00000000e0000000, 0x0000000100000000)
[2023-10-31T02:55:21.026+0000][7][gc,heap,exit]   region size 4096K, 33 young (135168K), 2 survivors (8192K)
[2023-10-31T02:55:21.026+0000][7][gc,heap,exit]  Metaspace       used 118253K, committed 120000K, reserved 1155072K
[2023-10-31T02:55:21.026+0000][7][gc,heap,exit]   class space    used 15791K, committed 16512K, reserved 1048576K
