[2023-10-18T14:06:46.671+0000][7][gc] Using G1
[2023-10-18T14:06:46.829+0000][7][gc,init] Version: 17.0.1+12 (release)
[2023-10-18T14:06:46.830+0000][7][gc,init] CPUs: 8 total, 8 available
[2023-10-18T14:06:46.830+0000][7][gc,init] Memory: 7659M
[2023-10-18T14:06:46.830+0000][7][gc,init] Large Page Support: Disabled
[2023-10-18T14:06:46.830+0000][7][gc,init] NUMA Support: Disabled
[2023-10-18T14:06:46.831+0000][7][gc,init] Compressed Oops: Enabled (32-bit)
[2023-10-18T14:06:46.831+0000][7][gc,init] Heap Region Size: 4M
[2023-10-18T14:06:46.831+0000][7][gc,init] Heap Min Capacity: 512M
[2023-10-18T14:06:46.831+0000][7][gc,init] Heap Initial Capacity: 512M
[2023-10-18T14:06:46.831+0000][7][gc,init] Heap Max Capacity: 512M
[2023-10-18T14:06:46.831+0000][7][gc,init] Pre-touch: Enabled
[2023-10-18T14:06:46.831+0000][7][gc,init] Parallel Workers: 8
[2023-10-18T14:06:46.831+0000][7][gc,init] Concurrent Workers: 2
[2023-10-18T14:06:46.832+0000][7][gc,init] Concurrent Refinement Workers: 8
[2023-10-18T14:06:46.832+0000][7][gc,init] Periodic GC: Disabled
[2023-10-18T14:06:46.832+0000][7][gc,metaspace] CDS archive(s) mapped at: [0x0000000800000000-0x0000000800bd1000-0x0000000800bd1000), size 12390400, SharedBaseAddress: 0x0000000800000000, ArchiveRelocationMode: 0.
[2023-10-18T14:06:46.832+0000][7][gc,metaspace] Compressed class space mapped at: 0x0000000800c00000-0x0000000840c00000, reserved size: 1073741824
[2023-10-18T14:06:46.832+0000][7][gc,metaspace] Narrow klass base: 0x0000000800000000, Narrow klass shift: 0, Narrow klass range: 0x100000000
[2023-10-18T14:06:47.799+0000][7][safepoint   ] Safepoint "ICBufferFull", Time since last: 957975522 ns, Reaching safepoint: 122644 ns, At safepoint: 3148 ns, Total: 125792 ns
[2023-10-18T14:06:48.613+0000][7][gc,start    ] GC(0) Pause Young (Normal) (G1 Evacuation Pause)
[2023-10-18T14:06:48.613+0000][7][gc,task     ] GC(0) Using 8 workers of 8 for evacuation
[2023-10-18T14:06:48.613+0000][7][gc,age      ] GC(0) Desired survivor size 2097152 bytes, new threshold 15 (max threshold 15)
[2023-10-18T14:06:48.622+0000][7][gc,age      ] GC(0) Age table with threshold 15 (max threshold 15)
[2023-10-18T14:06:48.622+0000][7][gc,age      ] GC(0) - age   1:    4114088 bytes,    4114088 total
[2023-10-18T14:06:48.623+0000][7][gc,phases   ] GC(0)   Pre Evacuate Collection Set: 0.3ms
[2023-10-18T14:06:48.623+0000][7][gc,phases   ] GC(0)   Merge Heap Roots: 0.1ms
[2023-10-18T14:06:48.623+0000][7][gc,phases   ] GC(0)   Evacuate Collection Set: 7.2ms
[2023-10-18T14:06:48.623+0000][7][gc,phases   ] GC(0)   Post Evacuate Collection Set: 1.0ms
[2023-10-18T14:06:48.623+0000][7][gc,phases   ] GC(0)   Other: 1.4ms
[2023-10-18T14:06:48.624+0000][7][gc,heap     ] GC(0) Eden regions: 6->0(6)
[2023-10-18T14:06:48.624+0000][7][gc,heap     ] GC(0) Survivor regions: 0->1(1)
[2023-10-18T14:06:48.624+0000][7][gc,heap     ] GC(0) Old regions: 0->1
[2023-10-18T14:06:48.624+0000][7][gc,heap     ] GC(0) Archive regions: 2->2
[2023-10-18T14:06:48.624+0000][7][gc,heap     ] GC(0) Humongous regions: 0->0
[2023-10-18T14:06:48.624+0000][7][gc,metaspace] GC(0) Metaspace: 7636K(7808K)->7636K(7808K) NonClass: 6752K(6848K)->6752K(6848K) Class: 884K(960K)->884K(960K)
[2023-10-18T14:06:48.624+0000][7][gc          ] GC(0) Pause Young (Normal) (G1 Evacuation Pause) 27M->8M(512M) 11.243ms
[2023-10-18T14:06:48.624+0000][7][gc,cpu      ] GC(0) User=0.03s Sys=0.00s Real=0.01s
[2023-10-18T14:06:48.624+0000][7][safepoint   ] Safepoint "G1CollectForAllocation", Time since last: 813060843 ns, Reaching safepoint: 445636 ns, At safepoint: 11454280 ns, Total: 11899916 ns
[2023-10-18T14:06:49.872+0000][7][safepoint   ] Safepoint "Cleanup", Time since last: 1247410869 ns, Reaching safepoint: 101027 ns, At safepoint: 3915 ns, Total: 104942 ns
[2023-10-18T14:06:50.909+0000][7][safepoint   ] Safepoint "Cleanup", Time since last: 1037434945 ns, Reaching safepoint: 80481 ns, At safepoint: 4282 ns, Total: 84763 ns
[2023-10-18T14:06:51.041+0000][7][gc,start    ] GC(1) Pause Young (Normal) (G1 Evacuation Pause)
[2023-10-18T14:06:51.041+0000][7][gc,task     ] GC(1) Using 8 workers of 8 for evacuation
[2023-10-18T14:06:51.041+0000][7][gc,age      ] GC(1) Desired survivor size 2097152 bytes, new threshold 1 (max threshold 15)
[2023-10-18T14:06:51.050+0000][7][gc,age      ] GC(1) Age table with threshold 1 (max threshold 15)
[2023-10-18T14:06:51.051+0000][7][gc,age      ] GC(1) - age   1:    2367648 bytes,    2367648 total
[2023-10-18T14:06:51.051+0000][7][gc,phases   ] GC(1)   Pre Evacuate Collection Set: 0.0ms
[2023-10-18T14:06:51.051+0000][7][gc,phases   ] GC(1)   Merge Heap Roots: 0.0ms
[2023-10-18T14:06:51.051+0000][7][gc,phases   ] GC(1)   Evacuate Collection Set: 7.9ms
[2023-10-18T14:06:51.051+0000][7][gc,phases   ] GC(1)   Post Evacuate Collection Set: 1.5ms
[2023-10-18T14:06:51.051+0000][7][gc,phases   ] GC(1)   Other: 0.2ms
[2023-10-18T14:06:51.051+0000][7][gc,heap     ] GC(1) Eden regions: 6->0(15)
[2023-10-18T14:06:51.051+0000][7][gc,heap     ] GC(1) Survivor regions: 1->1(1)
[2023-10-18T14:06:51.051+0000][7][gc,heap     ] GC(1) Old regions: 1->1
[2023-10-18T14:06:51.051+0000][7][gc,heap     ] GC(1) Archive regions: 2->2
[2023-10-18T14:06:51.051+0000][7][gc,heap     ] GC(1) Humongous regions: 0->0
[2023-10-18T14:06:51.051+0000][7][gc,metaspace] GC(1) Metaspace: 12498K(12800K)->12498K(12800K) NonClass: 10989K(11136K)->10989K(11136K) Class: 1509K(1664K)->1509K(1664K)
[2023-10-18T14:06:51.051+0000][7][gc          ] GC(1) Pause Young (Normal) (G1 Evacuation Pause) 32M->10M(512M) 9.796ms
[2023-10-18T14:06:51.051+0000][7][gc,cpu      ] GC(1) User=0.04s Sys=0.00s Real=0.01s
[2023-10-18T14:06:51.051+0000][7][safepoint   ] Safepoint "G1CollectForAllocation", Time since last: 131791120 ns, Reaching safepoint: 52638 ns, At safepoint: 9873886 ns, Total: 9926524 ns
[2023-10-18T14:06:52.053+0000][7][safepoint   ] Safepoint "Cleanup", Time since last: 1001755519 ns, Reaching safepoint: 204114 ns, At safepoint: 6423 ns, Total: 210537 ns
[2023-10-18T14:06:52.882+0000][7][gc,start    ] GC(2) Pause Young (Normal) (G1 Evacuation Pause)
[2023-10-18T14:06:52.882+0000][7][gc,task     ] GC(2) Using 8 workers of 8 for evacuation
[2023-10-18T14:06:52.882+0000][7][gc,age      ] GC(2) Desired survivor size 4194304 bytes, new threshold 15 (max threshold 15)
[2023-10-18T14:06:52.888+0000][7][gc,age      ] GC(2) Age table with threshold 15 (max threshold 15)
[2023-10-18T14:06:52.888+0000][7][gc,age      ] GC(2) - age   1:    1967376 bytes,    1967376 total
[2023-10-18T14:06:52.888+0000][7][gc,age      ] GC(2) - age   2:    2336624 bytes,    4304000 total
[2023-10-18T14:06:52.888+0000][7][gc,phases   ] GC(2)   Pre Evacuate Collection Set: 0.1ms
[2023-10-18T14:06:52.888+0000][7][gc,phases   ] GC(2)   Merge Heap Roots: 0.0ms
[2023-10-18T14:06:52.888+0000][7][gc,phases   ] GC(2)   Evacuate Collection Set: 5.2ms
[2023-10-18T14:06:52.888+0000][7][gc,phases   ] GC(2)   Post Evacuate Collection Set: 0.5ms
[2023-10-18T14:06:52.888+0000][7][gc,phases   ] GC(2)   Other: 0.6ms
[2023-10-18T14:06:52.888+0000][7][gc,heap     ] GC(2) Eden regions: 15->0(74)
[2023-10-18T14:06:52.888+0000][7][gc,heap     ] GC(2) Survivor regions: 1->2(2)
[2023-10-18T14:06:52.888+0000][7][gc,heap     ] GC(2) Old regions: 1->1
[2023-10-18T14:06:52.888+0000][7][gc,heap     ] GC(2) Archive regions: 2->2
[2023-10-18T14:06:52.888+0000][7][gc,heap     ] GC(2) Humongous regions: 0->0
[2023-10-18T14:06:52.888+0000][7][gc,metaspace] GC(2) Metaspace: 14545K(14784K)->14545K(14784K) NonClass: 12856K(12992K)->12856K(12992K) Class: 1689K(1792K)->1689K(1792K)
[2023-10-18T14:06:52.889+0000][7][gc          ] GC(2) Pause Young (Normal) (G1 Evacuation Pause) 70M->12M(512M) 6.246ms
[2023-10-18T14:06:52.889+0000][7][gc,cpu      ] GC(2) User=0.01s Sys=0.00s Real=0.01s
[2023-10-18T14:06:52.889+0000][7][safepoint   ] Safepoint "G1CollectForAllocation", Time since last: 829105325 ns, Reaching safepoint: 108405 ns, At safepoint: 6633508 ns, Total: 6741913 ns
[2023-10-18T14:06:53.893+0000][7][safepoint   ] Safepoint "Cleanup", Time since last: 1002846475 ns, Reaching safepoint: 1119700 ns, At safepoint: 22610 ns, Total: 1142310 ns
[2023-10-18T14:06:53.956+0000][7][safepoint   ] Safepoint "ICBufferFull", Time since last: 62797966 ns, Reaching safepoint: 227686 ns, At safepoint: 7452 ns, Total: 235138 ns
[2023-10-18T14:06:53.957+0000][7][safepoint   ] Safepoint "ICBufferFull", Time since last: 1504770 ns, Reaching safepoint: 84415 ns, At safepoint: 7486 ns, Total: 91901 ns
[2023-10-18T14:06:53.969+0000][7][safepoint   ] Safepoint "ICBufferFull", Time since last: 11747842 ns, Reaching safepoint: 68682 ns, At safepoint: 6204 ns, Total: 74886 ns
[2023-10-18T14:06:53.970+0000][7][safepoint   ] Safepoint "ICBufferFull", Time since last: 1309193 ns, Reaching safepoint: 65545 ns, At safepoint: 5047 ns, Total: 70592 ns
[2023-10-18T14:06:53.972+0000][7][safepoint   ] Safepoint "ICBufferFull", Time since last: 1551237 ns, Reaching safepoint: 68478 ns, At safepoint: 19192 ns, Total: 87670 ns
[2023-10-18T14:06:55.596+0000][7][safepoint   ] Safepoint "Cleanup", Time since last: 1622136200 ns, Reaching safepoint: 2032704 ns, At safepoint: 19392 ns, Total: 2052096 ns
[2023-10-18T14:06:55.795+0000][7][gc,start    ] GC(3) Pause Young (Normal) (G1 Evacuation Pause)
[2023-10-18T14:06:55.795+0000][7][gc,task     ] GC(3) Using 8 workers of 8 for evacuation
[2023-10-18T14:06:55.795+0000][7][gc,age      ] GC(3) Desired survivor size 20971520 bytes, new threshold 15 (max threshold 15)
[2023-10-18T14:06:55.837+0000][7][gc,age      ] GC(3) Age table with threshold 15 (max threshold 15)
[2023-10-18T14:06:55.837+0000][7][gc,age      ] GC(3) - age   1:    4956376 bytes,    4956376 total
[2023-10-18T14:06:55.837+0000][7][gc,age      ] GC(3) - age   2:    1169432 bytes,    6125808 total
[2023-10-18T14:06:55.837+0000][7][gc,age      ] GC(3) - age   3:    2325320 bytes,    8451128 total
[2023-10-18T14:06:55.837+0000][7][gc,phases   ] GC(3)   Pre Evacuate Collection Set: 0.1ms
[2023-10-18T14:06:55.837+0000][7][gc,phases   ] GC(3)   Merge Heap Roots: 0.1ms
[2023-10-18T14:06:55.837+0000][7][gc,phases   ] GC(3)   Evacuate Collection Set: 39.6ms
[2023-10-18T14:06:55.837+0000][7][gc,phases   ] GC(3)   Post Evacuate Collection Set: 1.7ms
[2023-10-18T14:06:55.837+0000][7][gc,phases   ] GC(3)   Other: 0.4ms
[2023-10-18T14:06:55.837+0000][7][gc,heap     ] GC(3) Eden regions: 74->0(73)
[2023-10-18T14:06:55.837+0000][7][gc,heap     ] GC(3) Survivor regions: 2->3(10)
[2023-10-18T14:06:55.837+0000][7][gc,heap     ] GC(3) Old regions: 1->1
[2023-10-18T14:06:55.837+0000][7][gc,heap     ] GC(3) Archive regions: 2->2
[2023-10-18T14:06:55.837+0000][7][gc,heap     ] GC(3) Humongous regions: 0->0
[2023-10-18T14:06:55.837+0000][7][gc,metaspace] GC(3) Metaspace: 17704K(17984K)->17704K(17984K) NonClass: 15553K(15744K)->15553K(15744K) Class: 2150K(2240K)->2150K(2240K)
[2023-10-18T14:06:55.837+0000][7][gc          ] GC(3) Pause Young (Normal) (G1 Evacuation Pause) 308M->16M(512M) 41.980ms
[2023-10-18T14:06:55.837+0000][7][gc,cpu      ] GC(3) User=0.08s Sys=0.00s Real=0.05s
[2023-10-18T14:06:55.837+0000][7][safepoint   ] Safepoint "G1CollectForAllocation", Time since last: 198465151 ns, Reaching safepoint: 116679 ns, At safepoint: 42079520 ns, Total: 42196199 ns
[2023-10-18T14:06:56.837+0000][7][safepoint   ] Safepoint "Cleanup", Time since last: 1000099443 ns, Reaching safepoint: 194435 ns, At safepoint: 6740 ns, Total: 201175 ns
[2023-10-18T14:06:57.837+0000][7][safepoint   ] Safepoint "Cleanup", Time since last: 1000161562 ns, Reaching safepoint: 141464 ns, At safepoint: 9240 ns, Total: 150704 ns
[2023-10-18T14:06:58.002+0000][7][gc,start    ] GC(4) Pause Young (Normal) (G1 Evacuation Pause)
[2023-10-18T14:06:58.002+0000][7][gc,task     ] GC(4) Using 8 workers of 8 for evacuation
[2023-10-18T14:06:58.002+0000][7][gc,age      ] GC(4) Desired survivor size 20971520 bytes, new threshold 15 (max threshold 15)
[2023-10-18T14:06:58.015+0000][7][gc,age      ] GC(4) Age table with threshold 15 (max threshold 15)
[2023-10-18T14:06:58.015+0000][7][gc,age      ] GC(4) - age   1:    5596792 bytes,    5596792 total
[2023-10-18T14:06:58.015+0000][7][gc,age      ] GC(4) - age   2:    4236048 bytes,    9832840 total
[2023-10-18T14:06:58.015+0000][7][gc,age      ] GC(4) - age   3:    1169352 bytes,   11002192 total
[2023-10-18T14:06:58.015+0000][7][gc,age      ] GC(4) - age   4:    2325320 bytes,   13327512 total
[2023-10-18T14:06:58.015+0000][7][gc,phases   ] GC(4)   Pre Evacuate Collection Set: 0.2ms
[2023-10-18T14:06:58.015+0000][7][gc,phases   ] GC(4)   Merge Heap Roots: 0.0ms
[2023-10-18T14:06:58.015+0000][7][gc,phases   ] GC(4)   Evacuate Collection Set: 11.7ms
[2023-10-18T14:06:58.015+0000][7][gc,phases   ] GC(4)   Post Evacuate Collection Set: 0.9ms
[2023-10-18T14:06:58.015+0000][7][gc,phases   ] GC(4)   Other: 0.3ms
[2023-10-18T14:06:58.015+0000][7][gc,heap     ] GC(4) Eden regions: 73->0(72)
[2023-10-18T14:06:58.015+0000][7][gc,heap     ] GC(4) Survivor regions: 3->4(10)
[2023-10-18T14:06:58.015+0000][7][gc,heap     ] GC(4) Old regions: 1->1
[2023-10-18T14:06:58.015+0000][7][gc,heap     ] GC(4) Archive regions: 2->2
[2023-10-18T14:06:58.015+0000][7][gc,heap     ] GC(4) Humongous regions: 0->0
[2023-10-18T14:06:58.015+0000][7][gc,metaspace] GC(4) Metaspace: 18693K(19072K)->18693K(19072K) NonClass: 16434K(16640K)->16434K(16640K) Class: 2258K(2432K)->2258K(2432K)
[2023-10-18T14:06:58.015+0000][7][gc          ] GC(4) Pause Young (Normal) (G1 Evacuation Pause) 308M->21M(512M) 13.297ms
[2023-10-18T14:06:58.015+0000][7][gc,cpu      ] GC(4) User=0.03s Sys=0.00s Real=0.01s
[2023-10-18T14:06:58.015+0000][7][safepoint   ] Safepoint "G1CollectForAllocation", Time since last: 164030084 ns, Reaching safepoint: 42515 ns, At safepoint: 13386650 ns, Total: 13429165 ns
[2023-10-18T14:06:59.206+0000][7][gc,start    ] GC(5) Pause Young (Normal) (G1 Evacuation Pause)
[2023-10-18T14:06:59.206+0000][7][gc,task     ] GC(5) Using 8 workers of 8 for evacuation
[2023-10-18T14:06:59.206+0000][7][gc,age      ] GC(5) Desired survivor size 20971520 bytes, new threshold 15 (max threshold 15)
[2023-10-18T14:06:59.223+0000][7][gc,age      ] GC(5) Age table with threshold 15 (max threshold 15)
[2023-10-18T14:06:59.223+0000][7][gc,age      ] GC(5) - age   1:    1418704 bytes,    1418704 total
[2023-10-18T14:06:59.223+0000][7][gc,age      ] GC(5) - age   2:    3462120 bytes,    4880824 total
[2023-10-18T14:06:59.223+0000][7][gc,age      ] GC(5) - age   3:    4234688 bytes,    9115512 total
[2023-10-18T14:06:59.223+0000][7][gc,age      ] GC(5) - age   4:    1169224 bytes,   10284736 total
[2023-10-18T14:06:59.223+0000][7][gc,age      ] GC(5) - age   5:    2322712 bytes,   12607448 total
[2023-10-18T14:06:59.223+0000][7][gc,phases   ] GC(5)   Pre Evacuate Collection Set: 0.1ms
[2023-10-18T14:06:59.223+0000][7][gc,phases   ] GC(5)   Merge Heap Roots: 0.1ms
[2023-10-18T14:06:59.223+0000][7][gc,phases   ] GC(5)   Evacuate Collection Set: 15.3ms
[2023-10-18T14:06:59.223+0000][7][gc,phases   ] GC(5)   Post Evacuate Collection Set: 1.1ms
[2023-10-18T14:06:59.223+0000][7][gc,phases   ] GC(5)   Other: 0.4ms
[2023-10-18T14:06:59.223+0000][7][gc,heap     ] GC(5) Eden regions: 72->0(72)
[2023-10-18T14:06:59.223+0000][7][gc,heap     ] GC(5) Survivor regions: 4->4(10)
[2023-10-18T14:06:59.223+0000][7][gc,heap     ] GC(5) Old regions: 1->1
[2023-10-18T14:06:59.223+0000][7][gc,heap     ] GC(5) Archive regions: 2->2
[2023-10-18T14:06:59.223+0000][7][gc,heap     ] GC(5) Humongous regions: 0->0
[2023-10-18T14:06:59.223+0000][7][gc,metaspace] GC(5) Metaspace: 19170K(19648K)->19170K(19648K) NonClass: 16826K(17088K)->16826K(17088K) Class: 2343K(2560K)->2343K(2560K)
[2023-10-18T14:06:59.223+0000][7][gc          ] GC(5) Pause Young (Normal) (G1 Evacuation Pause) 309M->21M(512M) 17.064ms
[2023-10-18T14:06:59.223+0000][7][gc,cpu      ] GC(5) User=0.03s Sys=0.00s Real=0.01s
[2023-10-18T14:06:59.223+0000][7][safepoint   ] Safepoint "G1CollectForAllocation", Time since last: 1191205614 ns, Reaching safepoint: 129923 ns, At safepoint: 17212815 ns, Total: 17342738 ns
[2023-10-18T14:07:00.224+0000][7][safepoint   ] Safepoint "Cleanup", Time since last: 1000576928 ns, Reaching safepoint: 93221 ns, At safepoint: 4939 ns, Total: 98160 ns
[2023-10-18T14:07:01.504+0000][7][safepoint   ] Safepoint "Cleanup", Time since last: 1279439256 ns, Reaching safepoint: 75580 ns, At safepoint: 4712 ns, Total: 80292 ns
[2023-10-18T14:07:01.859+0000][7][gc,start    ] GC(6) Pause Young (Normal) (G1 Evacuation Pause)
[2023-10-18T14:07:01.859+0000][7][gc,task     ] GC(6) Using 8 workers of 8 for evacuation
[2023-10-18T14:07:01.859+0000][7][gc,age      ] GC(6) Desired survivor size 20971520 bytes, new threshold 15 (max threshold 15)
[2023-10-18T14:07:01.891+0000][7][gc,age      ] GC(6) Age table with threshold 15 (max threshold 15)
[2023-10-18T14:07:01.891+0000][7][gc,age      ] GC(6) - age   1:    2936888 bytes,    2936888 total
[2023-10-18T14:07:01.891+0000][7][gc,age      ] GC(6) - age   2:     414064 bytes,    3350952 total
[2023-10-18T14:07:01.891+0000][7][gc,age      ] GC(6) - age   3:    3460984 bytes,    6811936 total
[2023-10-18T14:07:01.891+0000][7][gc,age      ] GC(6) - age   4:    4229224 bytes,   11041160 total
[2023-10-18T14:07:01.891+0000][7][gc,age      ] GC(6) - age   5:    1168544 bytes,   12209704 total
[2023-10-18T14:07:01.891+0000][7][gc,age      ] GC(6) - age   6:    2321544 bytes,   14531248 total
[2023-10-18T14:07:01.892+0000][7][gc,phases   ] GC(6)   Pre Evacuate Collection Set: 0.1ms
[2023-10-18T14:07:01.892+0000][7][gc,phases   ] GC(6)   Merge Heap Roots: 0.1ms
[2023-10-18T14:07:01.892+0000][7][gc,phases   ] GC(6)   Evacuate Collection Set: 28.0ms
[2023-10-18T14:07:01.892+0000][7][gc,phases   ] GC(6)   Post Evacuate Collection Set: 3.6ms
[2023-10-18T14:07:01.892+0000][7][gc,phases   ] GC(6)   Other: 0.8ms
[2023-10-18T14:07:01.892+0000][7][gc,heap     ] GC(6) Eden regions: 72->0(72)
[2023-10-18T14:07:01.892+0000][7][gc,heap     ] GC(6) Survivor regions: 4->4(10)
[2023-10-18T14:07:01.892+0000][7][gc,heap     ] GC(6) Old regions: 1->1
[2023-10-18T14:07:01.892+0000][7][gc,heap     ] GC(6) Archive regions: 2->2
[2023-10-18T14:07:01.892+0000][7][gc,heap     ] GC(6) Humongous regions: 0->0
[2023-10-18T14:07:01.892+0000][7][gc,metaspace] GC(6) Metaspace: 20285K(20800K)->20285K(20800K) NonClass: 17789K(18112K)->17789K(18112K) Class: 2495K(2688K)->2495K(2688K)
[2023-10-18T14:07:01.892+0000][7][gc          ] GC(6) Pause Young (Normal) (G1 Evacuation Pause) 309M->22M(512M) 32.686ms
[2023-10-18T14:07:01.892+0000][7][gc,cpu      ] GC(6) User=0.07s Sys=0.00s Real=0.03s
[2023-10-18T14:07:01.892+0000][7][safepoint   ] Safepoint "G1CollectForAllocation", Time since last: 355461578 ns, Reaching safepoint: 109971 ns, At safepoint: 32793853 ns, Total: 32903824 ns
[2023-10-18T14:07:02.901+0000][7][safepoint   ] Safepoint "Cleanup", Time since last: 1007331055 ns, Reaching safepoint: 1397212 ns, At safepoint: 10070 ns, Total: 1407282 ns
[2023-10-18T14:07:03.403+0000][7][gc,start    ] GC(7) Pause Young (Normal) (G1 Evacuation Pause)
[2023-10-18T14:07:03.403+0000][7][gc,task     ] GC(7) Using 8 workers of 8 for evacuation
[2023-10-18T14:07:03.403+0000][7][gc,age      ] GC(7) Desired survivor size 20971520 bytes, new threshold 15 (max threshold 15)
[2023-10-18T14:07:03.453+0000][7][gc,age      ] GC(7) Age table with threshold 15 (max threshold 15)
[2023-10-18T14:07:03.453+0000][7][gc,age      ] GC(7) - age   1:    1473136 bytes,    1473136 total
[2023-10-18T14:07:03.453+0000][7][gc,age      ] GC(7) - age   2:    2177808 bytes,    3650944 total
[2023-10-18T14:07:03.453+0000][7][gc,age      ] GC(7) - age   3:     413576 bytes,    4064520 total
[2023-10-18T14:07:03.453+0000][7][gc,age      ] GC(7) - age   4:    3460472 bytes,    7524992 total
[2023-10-18T14:07:03.453+0000][7][gc,age      ] GC(7) - age   5:    4229224 bytes,   11754216 total
[2023-10-18T14:07:03.453+0000][7][gc,age      ] GC(7) - age   6:    1168544 bytes,   12922760 total
[2023-10-18T14:07:03.453+0000][7][gc,age      ] GC(7) - age   7:    2321544 bytes,   15244304 total
[2023-10-18T14:07:03.453+0000][7][gc,phases   ] GC(7)   Pre Evacuate Collection Set: 0.1ms
[2023-10-18T14:07:03.453+0000][7][gc,phases   ] GC(7)   Merge Heap Roots: 0.1ms
[2023-10-18T14:07:03.453+0000][7][gc,phases   ] GC(7)   Evacuate Collection Set: 48.1ms
[2023-10-18T14:07:03.453+0000][7][gc,phases   ] GC(7)   Post Evacuate Collection Set: 1.5ms
[2023-10-18T14:07:03.453+0000][7][gc,phases   ] GC(7)   Other: 0.5ms
[2023-10-18T14:07:03.453+0000][7][gc,heap     ] GC(7) Eden regions: 72->0(72)
[2023-10-18T14:07:03.453+0000][7][gc,heap     ] GC(7) Survivor regions: 4->4(10)
[2023-10-18T14:07:03.453+0000][7][gc,heap     ] GC(7) Old regions: 1->1
[2023-10-18T14:07:03.453+0000][7][gc,heap     ] GC(7) Archive regions: 2->2
[2023-10-18T14:07:03.453+0000][7][gc,heap     ] GC(7) Humongous regions: 0->0
[2023-10-18T14:07:03.453+0000][7][gc,metaspace] GC(7) Metaspace: 20399K(20928K)->20399K(20928K) NonClass: 17882K(18176K)->17882K(18176K) Class: 2516K(2752K)->2516K(2752K)
[2023-10-18T14:07:03.453+0000][7][gc          ] GC(7) Pause Young (Normal) (G1 Evacuation Pause) 310M->23M(512M) 50.453ms
[2023-10-18T14:07:03.453+0000][7][gc,cpu      ] GC(7) User=0.04s Sys=0.00s Real=0.05s
[2023-10-18T14:07:03.453+0000][7][safepoint   ] Safepoint "G1CollectForAllocation", Time since last: 501622001 ns, Reaching safepoint: 76513 ns, At safepoint: 50554218 ns, Total: 50630731 ns
[2023-10-18T14:07:04.142+0000][7][gc,start    ] GC(8) Pause Young (Concurrent Start) (Metadata GC Threshold)
[2023-10-18T14:07:04.142+0000][7][gc,task     ] GC(8) Using 8 workers of 8 for evacuation
[2023-10-18T14:07:04.142+0000][7][gc,age      ] GC(8) Desired survivor size 20971520 bytes, new threshold 15 (max threshold 15)
[2023-10-18T14:07:04.156+0000][7][gc,age      ] GC(8) Age table with threshold 15 (max threshold 15)
[2023-10-18T14:07:04.156+0000][7][gc,age      ] GC(8) - age   1:     390448 bytes,     390448 total
[2023-10-18T14:07:04.156+0000][7][gc,age      ] GC(8) - age   2:     668408 bytes,    1058856 total
[2023-10-18T14:07:04.156+0000][7][gc,age      ] GC(8) - age   3:    2165376 bytes,    3224232 total
[2023-10-18T14:07:04.156+0000][7][gc,age      ] GC(8) - age   4:     402992 bytes,    3627224 total
[2023-10-18T14:07:04.156+0000][7][gc,age      ] GC(8) - age   5:    3449280 bytes,    7076504 total
[2023-10-18T14:07:04.156+0000][7][gc,age      ] GC(8) - age   6:    4218896 bytes,   11295400 total
[2023-10-18T14:07:04.156+0000][7][gc,age      ] GC(8) - age   7:    1124824 bytes,   12420224 total
[2023-10-18T14:07:04.156+0000][7][gc,age      ] GC(8) - age   8:    2321368 bytes,   14741592 total
[2023-10-18T14:07:04.156+0000][7][gc,phases   ] GC(8)   Pre Evacuate Collection Set: 0.1ms
[2023-10-18T14:07:04.156+0000][7][gc,phases   ] GC(8)   Merge Heap Roots: 0.0ms
[2023-10-18T14:07:04.156+0000][7][gc,phases   ] GC(8)   Evacuate Collection Set: 13.4ms
[2023-10-18T14:07:04.156+0000][7][gc,phases   ] GC(8)   Post Evacuate Collection Set: 0.8ms
[2023-10-18T14:07:04.156+0000][7][gc,phases   ] GC(8)   Other: 0.3ms
[2023-10-18T14:07:04.156+0000][7][gc,heap     ] GC(8) Eden regions: 6->0(72)
[2023-10-18T14:07:04.156+0000][7][gc,heap     ] GC(8) Survivor regions: 4->4(10)
[2023-10-18T14:07:04.156+0000][7][gc,heap     ] GC(8) Old regions: 1->1
[2023-10-18T14:07:04.156+0000][7][gc,heap     ] GC(8) Archive regions: 2->2
[2023-10-18T14:07:04.156+0000][7][gc,heap     ] GC(8) Humongous regions: 0->0
[2023-10-18T14:07:04.156+0000][7][gc,metaspace] GC(8) Metaspace: 21027K(21504K)->21027K(21504K) NonClass: 18414K(18688K)->18414K(18688K) Class: 2613K(2816K)->2613K(2816K)
[2023-10-18T14:07:04.156+0000][7][gc          ] GC(8) Pause Young (Concurrent Start) (Metadata GC Threshold) 45M->23M(512M) 14.636ms
[2023-10-18T14:07:04.156+0000][7][gc,cpu      ] GC(8) User=0.04s Sys=0.00s Real=0.02s
[2023-10-18T14:07:04.156+0000][7][gc          ] GC(9) Concurrent Mark Cycle
[2023-10-18T14:07:04.156+0000][7][gc,marking  ] GC(9) Concurrent Clear Claimed Marks
[2023-10-18T14:07:04.156+0000][7][safepoint   ] Safepoint "CollectForMetadataAllocation", Time since last: 688382136 ns, Reaching safepoint: 79663 ns, At safepoint: 14753700 ns, Total: 14833363 ns
[2023-10-18T14:07:04.156+0000][7][gc,marking  ] GC(9) Concurrent Clear Claimed Marks 0.039ms
[2023-10-18T14:07:04.156+0000][7][gc,marking  ] GC(9) Concurrent Scan Root Regions
[2023-10-18T14:07:04.161+0000][7][gc,marking  ] GC(9) Concurrent Scan Root Regions 5.069ms
[2023-10-18T14:07:04.161+0000][7][gc,marking  ] GC(9) Concurrent Mark
[2023-10-18T14:07:04.162+0000][7][gc,marking  ] GC(9) Concurrent Mark From Roots
[2023-10-18T14:07:04.162+0000][7][gc,task     ] GC(9) Using 2 workers of 2 for marking
[2023-10-18T14:07:04.179+0000][7][gc,marking  ] GC(9) Concurrent Mark From Roots 17.773ms
[2023-10-18T14:07:04.179+0000][7][gc,marking  ] GC(9) Concurrent Preclean
[2023-10-18T14:07:04.180+0000][7][gc,marking  ] GC(9) Concurrent Preclean 0.186ms
[2023-10-18T14:07:04.180+0000][7][gc,start    ] GC(9) Pause Remark
[2023-10-18T14:07:04.183+0000][7][gc          ] GC(9) Pause Remark 25M->25M(512M) 3.397ms
[2023-10-18T14:07:04.183+0000][7][gc,cpu      ] GC(9) User=0.00s Sys=0.00s Real=0.00s
[2023-10-18T14:07:04.183+0000][7][safepoint   ] Safepoint "G1Concurrent", Time since last: 23463116 ns, Reaching safepoint: 260434 ns, At safepoint: 3473866 ns, Total: 3734300 ns
[2023-10-18T14:07:04.183+0000][7][gc,marking  ] GC(9) Concurrent Mark 22.017ms
[2023-10-18T14:07:04.184+0000][7][gc,marking  ] GC(9) Concurrent Rebuild Remembered Sets
[2023-10-18T14:07:04.184+0000][7][gc,marking  ] GC(9) Concurrent Rebuild Remembered Sets 0.011ms
[2023-10-18T14:07:04.184+0000][7][gc,start    ] GC(9) Pause Cleanup
[2023-10-18T14:07:04.184+0000][7][gc          ] GC(9) Pause Cleanup 25M->25M(512M) 0.014ms
[2023-10-18T14:07:04.184+0000][7][gc,cpu      ] GC(9) User=0.00s Sys=0.00s Real=0.00s
[2023-10-18T14:07:04.184+0000][7][safepoint   ] Safepoint "G1Concurrent", Time since last: 82368 ns, Reaching safepoint: 86710 ns, At safepoint: 36617 ns, Total: 123327 ns
[2023-10-18T14:07:04.184+0000][7][gc,marking  ] GC(9) Concurrent Cleanup for Next Mark
[2023-10-18T14:07:04.185+0000][7][gc,marking  ] GC(9) Concurrent Cleanup for Next Mark 0.978ms
[2023-10-18T14:07:04.185+0000][7][gc          ] GC(9) Concurrent Mark Cycle 28.527ms
[2023-10-18T14:07:05.185+0000][7][safepoint   ] Safepoint "Cleanup", Time since last: 1001264420 ns, Reaching safepoint: 175830 ns, At safepoint: 30821 ns, Total: 206651 ns
[2023-10-18T14:07:06.188+0000][7][safepoint   ] Safepoint "Cleanup", Time since last: 1000302014 ns, Reaching safepoint: 2594913 ns, At safepoint: 19249 ns, Total: 2614162 ns
[2023-10-18T14:07:06.657+0000][7][safepoint   ] Safepoint "ICBufferFull", Time since last: 468291430 ns, Reaching safepoint: 380264 ns, At safepoint: 20011 ns, Total: 400275 ns
[2023-10-18T14:07:06.660+0000][7][safepoint   ] Safepoint "ICBufferFull", Time since last: 2795150 ns, Reaching safepoint: 227356 ns, At safepoint: 14084 ns, Total: 241440 ns
[2023-10-18T14:07:06.662+0000][7][safepoint   ] Safepoint "ICBufferFull", Time since last: 1808323 ns, Reaching safepoint: 89672 ns, At safepoint: 4883 ns, Total: 94555 ns
[2023-10-18T14:07:07.016+0000][7][safepoint   ] Safepoint "ICBufferFull", Time since last: 354373716 ns, Reaching safepoint: 86530 ns, At safepoint: 5994 ns, Total: 92524 ns
[2023-10-18T14:07:07.018+0000][7][safepoint   ] Safepoint "ICBufferFull", Time since last: 1444297 ns, Reaching safepoint: 71765 ns, At safepoint: 4570 ns, Total: 76335 ns
[2023-10-18T14:07:07.404+0000][7][safepoint   ] Safepoint "ICBufferFull", Time since last: 386564056 ns, Reaching safepoint: 114969 ns, At safepoint: 5602 ns, Total: 120571 ns
[2023-10-18T14:07:07.448+0000][7][safepoint   ] Safepoint "ICBufferFull", Time since last: 43153322 ns, Reaching safepoint: 89445 ns, At safepoint: 8403 ns, Total: 97848 ns
[2023-10-18T14:07:07.516+0000][7][safepoint   ] Safepoint "ICBufferFull", Time since last: 68596298 ns, Reaching safepoint: 117253 ns, At safepoint: 6633 ns, Total: 123886 ns
[2023-10-18T14:07:08.266+0000][7][safepoint   ] Safepoint "ICBufferFull", Time since last: 749140284 ns, Reaching safepoint: 690925 ns, At safepoint: 34487 ns, Total: 725412 ns
[2023-10-18T14:07:08.271+0000][7][safepoint   ] Safepoint "ICBufferFull", Time since last: 4083306 ns, Reaching safepoint: 624980 ns, At safepoint: 15620 ns, Total: 640600 ns
[2023-10-18T14:07:08.275+0000][7][safepoint   ] Safepoint "ICBufferFull", Time since last: 3903274 ns, Reaching safepoint: 188052 ns, At safepoint: 10326 ns, Total: 198378 ns
[2023-10-18T14:07:08.425+0000][7][safepoint   ] Safepoint "ICBufferFull", Time since last: 149893320 ns, Reaching safepoint: 109561 ns, At safepoint: 5532 ns, Total: 115093 ns
[2023-10-18T14:07:08.437+0000][7][safepoint   ] Safepoint "ICBufferFull", Time since last: 1600579 ns, Reaching safepoint: 10219502 ns, At safepoint: 34243 ns, Total: 10253745 ns
[2023-10-18T14:07:09.437+0000][7][safepoint   ] Safepoint "Cleanup", Time since last: 1000224871 ns, Reaching safepoint: 303883 ns, At safepoint: 12854 ns, Total: 316737 ns
[2023-10-18T14:07:10.807+0000][7][safepoint   ] Safepoint "Cleanup", Time since last: 1368354068 ns, Reaching safepoint: 1266554 ns, At safepoint: 14472 ns, Total: 1281026 ns
[2023-10-18T14:07:11.808+0000][7][safepoint   ] Safepoint "Cleanup", Time since last: 1000665058 ns, Reaching safepoint: 462596 ns, At safepoint: 14272 ns, Total: 476868 ns
[2023-10-18T14:07:13.661+0000][7][safepoint   ] Safepoint "Cleanup", Time since last: 1852057752 ns, Reaching safepoint: 763824 ns, At safepoint: 19137 ns, Total: 782961 ns
[2023-10-18T14:07:14.661+0000][7][safepoint   ] Safepoint "Cleanup", Time since last: 1000196428 ns, Reaching safepoint: 168702 ns, At safepoint: 8981 ns, Total: 177683 ns
[2023-10-18T14:07:15.662+0000][7][safepoint   ] Safepoint "Cleanup", Time since last: 1000162478 ns, Reaching safepoint: 371973 ns, At safepoint: 13900 ns, Total: 385873 ns
[2023-10-18T14:07:16.851+0000][7][gc,start    ] GC(10) Pause Young (Concurrent Start) (Metadata GC Threshold)
[2023-10-18T14:07:16.851+0000][7][gc,task     ] GC(10) Using 8 workers of 8 for evacuation
[2023-10-18T14:07:16.851+0000][7][gc,age      ] GC(10) Desired survivor size 20971520 bytes, new threshold 15 (max threshold 15)
[2023-10-18T14:07:16.924+0000][7][gc,age      ] GC(10) Age table with threshold 15 (max threshold 15)
[2023-10-18T14:07:16.924+0000][7][gc,age      ] GC(10) - age   1:   26930096 bytes,   26930096 total
[2023-10-18T14:07:16.924+0000][7][gc,age      ] GC(10) - age   2:     370048 bytes,   27300144 total
[2023-10-18T14:07:16.924+0000][7][gc,age      ] GC(10) - age   3:     666408 bytes,   27966552 total
[2023-10-18T14:07:16.924+0000][7][gc,age      ] GC(10) - age   4:    2138616 bytes,   30105168 total
[2023-10-18T14:07:16.924+0000][7][gc,age      ] GC(10) - age   5:     401120 bytes,   30506288 total
[2023-10-18T14:07:16.924+0000][7][gc,age      ] GC(10) - age   6:    3445080 bytes,   33951368 total
[2023-10-18T14:07:16.924+0000][7][gc,age      ] GC(10) - age   7:    4182672 bytes,   38134040 total
[2023-10-18T14:07:16.924+0000][7][gc,age      ] GC(10) - age   8:    1095832 bytes,   39229872 total
[2023-10-18T14:07:16.924+0000][7][gc,age      ] GC(10) - age   9:    2308976 bytes,   41538848 total
[2023-10-18T14:07:16.924+0000][7][gc,phases   ] GC(10)   Pre Evacuate Collection Set: 0.2ms
[2023-10-18T14:07:16.924+0000][7][gc,phases   ] GC(10)   Merge Heap Roots: 0.1ms
[2023-10-18T14:07:16.924+0000][7][gc,phases   ] GC(10)   Evacuate Collection Set: 71.6ms
[2023-10-18T14:07:16.924+0000][7][gc,phases   ] GC(10)   Post Evacuate Collection Set: 1.4ms
[2023-10-18T14:07:16.924+0000][7][gc,phases   ] GC(10)   Other: 0.4ms
[2023-10-18T14:07:16.924+0000][7][gc,heap     ] GC(10) Eden regions: 72->0(66)
[2023-10-18T14:07:16.924+0000][7][gc,heap     ] GC(10) Survivor regions: 4->10(10)
[2023-10-18T14:07:16.924+0000][7][gc,heap     ] GC(10) Old regions: 1->2
[2023-10-18T14:07:16.924+0000][7][gc,heap     ] GC(10) Archive regions: 2->2
[2023-10-18T14:07:16.924+0000][7][gc,heap     ] GC(10) Humongous regions: 0->0
[2023-10-18T14:07:16.924+0000][7][gc,metaspace] GC(10) Metaspace: 35158K(36096K)->35158K(36096K) NonClass: 30526K(31104K)->30526K(31104K) Class: 4631K(4992K)->4631K(4992K)
[2023-10-18T14:07:16.924+0000][7][gc          ] GC(10) Pause Young (Concurrent Start) (Metadata GC Threshold) 309M->48M(512M) 73.673ms
[2023-10-18T14:07:16.924+0000][7][gc,cpu      ] GC(10) User=0.18s Sys=0.08s Real=0.07s
[2023-10-18T14:07:16.925+0000][7][safepoint   ] Safepoint "CollectForMetadataAllocation", Time since last: 1188531610 ns, Reaching safepoint: 133893 ns, At safepoint: 73887464 ns, Total: 74021357 ns
[2023-10-18T14:07:16.925+0000][7][gc          ] GC(11) Concurrent Mark Cycle
[2023-10-18T14:07:16.925+0000][7][gc,marking  ] GC(11) Concurrent Clear Claimed Marks
[2023-10-18T14:07:16.925+0000][7][gc,marking  ] GC(11) Concurrent Clear Claimed Marks 0.092ms
[2023-10-18T14:07:16.925+0000][7][gc,marking  ] GC(11) Concurrent Scan Root Regions
[2023-10-18T14:07:16.954+0000][7][gc,marking  ] GC(11) Concurrent Scan Root Regions 29.414ms
[2023-10-18T14:07:16.955+0000][7][gc,marking  ] GC(11) Concurrent Mark
[2023-10-18T14:07:16.955+0000][7][gc,marking  ] GC(11) Concurrent Mark From Roots
[2023-10-18T14:07:16.955+0000][7][gc,task     ] GC(11) Using 2 workers of 2 for marking
[2023-10-18T14:07:16.964+0000][7][gc,marking  ] GC(11) Concurrent Mark From Roots 9.676ms
[2023-10-18T14:07:16.965+0000][7][gc,marking  ] GC(11) Concurrent Preclean
[2023-10-18T14:07:16.965+0000][7][gc,marking  ] GC(11) Concurrent Preclean 0.109ms
[2023-10-18T14:07:16.966+0000][7][gc,start    ] GC(11) Pause Remark
[2023-10-18T14:07:16.970+0000][7][gc          ] GC(11) Pause Remark 50M->50M(512M) 4.100ms
[2023-10-18T14:07:16.970+0000][7][gc,cpu      ] GC(11) User=0.01s Sys=0.00s Real=0.01s
[2023-10-18T14:07:16.970+0000][7][safepoint   ] Safepoint "G1Concurrent", Time since last: 40141265 ns, Reaching safepoint: 1001278 ns, At safepoint: 4213649 ns, Total: 5214927 ns
[2023-10-18T14:07:16.970+0000][7][gc,marking  ] GC(11) Concurrent Mark 15.314ms
[2023-10-18T14:07:16.970+0000][7][gc,marking  ] GC(11) Concurrent Rebuild Remembered Sets
[2023-10-18T14:07:16.975+0000][7][gc,marking  ] GC(11) Concurrent Rebuild Remembered Sets 5.050ms
[2023-10-18T14:07:16.975+0000][7][gc,start    ] GC(11) Pause Cleanup
[2023-10-18T14:07:16.975+0000][7][gc          ] GC(11) Pause Cleanup 50M->50M(512M) 0.077ms
[2023-10-18T14:07:16.975+0000][7][gc,cpu      ] GC(11) User=0.00s Sys=0.00s Real=0.00s
[2023-10-18T14:07:16.975+0000][7][safepoint   ] Safepoint "G1Concurrent", Time since last: 5189770 ns, Reaching safepoint: 49461 ns, At safepoint: 123574 ns, Total: 173035 ns
[2023-10-18T14:07:16.975+0000][7][gc,marking  ] GC(11) Concurrent Cleanup for Next Mark
[2023-10-18T14:07:16.977+0000][7][gc,marking  ] GC(11) Concurrent Cleanup for Next Mark 1.660ms
[2023-10-18T14:07:16.978+0000][7][gc          ] GC(11) Concurrent Mark Cycle 52.958ms
[2023-10-18T14:07:17.980+0000][7][safepoint   ] Safepoint "Cleanup", Time since last: 1000185898 ns, Reaching safepoint: 4689958 ns, At safepoint: 23151 ns, Total: 4713109 ns
[2023-10-18T14:07:19.305+0000][7][safepoint   ] Safepoint "Cleanup", Time since last: 1324804055 ns, Reaching safepoint: 98068 ns, At safepoint: 7350 ns, Total: 105418 ns
[2023-10-18T14:07:20.306+0000][7][safepoint   ] Safepoint "Cleanup", Time since last: 1000555531 ns, Reaching safepoint: 84390 ns, At safepoint: 3360 ns, Total: 87750 ns
[2023-10-18T14:07:21.800+0000][7][safepoint   ] Safepoint "Cleanup", Time since last: 1490357495 ns, Reaching safepoint: 3446777 ns, At safepoint: 11663 ns, Total: 3458440 ns
[2023-10-18T14:07:22.800+0000][7][safepoint   ] Safepoint "Cleanup", Time since last: 1000573244 ns, Reaching safepoint: 140313 ns, At safepoint: 6275 ns, Total: 146588 ns
[2023-10-18T14:07:22.894+0000][7][gc,start    ] GC(12) Pause Young (Normal) (G1 Evacuation Pause)
[2023-10-18T14:07:22.894+0000][7][gc,task     ] GC(12) Using 8 workers of 8 for evacuation
[2023-10-18T14:07:22.895+0000][7][gc,age      ] GC(12) Desired survivor size 20971520 bytes, new threshold 1 (max threshold 15)
[2023-10-18T14:07:23.124+0000][7][gc,age      ] GC(12) Age table with threshold 1 (max threshold 15)
[2023-10-18T14:07:23.125+0000][7][gc,age      ] GC(12) - age   1:    6022232 bytes,    6022232 total
[2023-10-18T14:07:23.125+0000][7][gc,mmu      ] GC(12) MMU target violated: 201.0ms (200.0ms/201.0ms)
[2023-10-18T14:07:23.125+0000][7][gc,phases   ] GC(12)   Pre Evacuate Collection Set: 0.3ms
[2023-10-18T14:07:23.125+0000][7][gc,phases   ] GC(12)   Merge Heap Roots: 0.3ms
[2023-10-18T14:07:23.125+0000][7][gc,phases   ] GC(12)   Evacuate Collection Set: 224.5ms
[2023-10-18T14:07:23.126+0000][7][gc,phases   ] GC(12)   Post Evacuate Collection Set: 4.8ms
[2023-10-18T14:07:23.126+0000][7][gc,phases   ] GC(12)   Other: 1.0ms
[2023-10-18T14:07:23.126+0000][7][gc,heap     ] GC(12) Eden regions: 66->0(73)
[2023-10-18T14:07:23.126+0000][7][gc,heap     ] GC(12) Survivor regions: 10->3(10)
[2023-10-18T14:07:23.126+0000][7][gc,heap     ] GC(12) Old regions: 2->11
[2023-10-18T14:07:23.126+0000][7][gc,heap     ] GC(12) Archive regions: 2->2
[2023-10-18T14:07:23.127+0000][7][gc,heap     ] GC(12) Humongous regions: 0->0
[2023-10-18T14:07:23.127+0000][7][gc,metaspace] GC(12) Metaspace: 51649K(52864K)->51649K(52864K) NonClass: 44656K(45376K)->44656K(45376K) Class: 6993K(7488K)->6993K(7488K)
[2023-10-18T14:07:23.127+0000][7][gc          ] GC(12) Pause Young (Normal) (G1 Evacuation Pause) 312M->58M(512M) 232.586ms
[2023-10-18T14:07:23.127+0000][7][gc,cpu      ] GC(12) User=0.29s Sys=0.04s Real=0.24s
[2023-10-18T14:07:23.127+0000][7][safepoint   ] Safepoint "G1CollectForAllocation", Time since last: 93926192 ns, Reaching safepoint: 99401 ns, At safepoint: 233180978 ns, Total: 233280379 ns
[2023-10-18T14:07:24.130+0000][7][safepoint   ] Safepoint "Cleanup", Time since last: 1000454325 ns, Reaching safepoint: 2543276 ns, At safepoint: 11883 ns, Total: 2555159 ns
[2023-10-18T14:07:25.930+0000][7][safepoint   ] Safepoint "Cleanup", Time since last: 1793827667 ns, Reaching safepoint: 5338731 ns, At safepoint: 19381 ns, Total: 5358112 ns
[2023-10-18T14:07:26.931+0000][7][safepoint   ] Safepoint "Cleanup", Time since last: 1000212835 ns, Reaching safepoint: 704568 ns, At safepoint: 6383 ns, Total: 710951 ns
[2023-10-18T14:07:27.706+0000][7][gc,start    ] GC(13) Pause Young (Concurrent Start) (Metadata GC Threshold)
[2023-10-18T14:07:27.707+0000][7][gc,task     ] GC(13) Using 8 workers of 8 for evacuation
[2023-10-18T14:07:27.707+0000][7][gc,age      ] GC(13) Desired survivor size 20971520 bytes, new threshold 15 (max threshold 15)
[2023-10-18T14:07:27.737+0000][7][gc,age      ] GC(13) Age table with threshold 15 (max threshold 15)
[2023-10-18T14:07:27.737+0000][7][gc,age      ] GC(13) - age   1:    5340112 bytes,    5340112 total
[2023-10-18T14:07:27.737+0000][7][gc,age      ] GC(13) - age   2:    5840016 bytes,   11180128 total
[2023-10-18T14:07:27.737+0000][7][gc,phases   ] GC(13)   Pre Evacuate Collection Set: 0.1ms
[2023-10-18T14:07:27.737+0000][7][gc,phases   ] GC(13)   Merge Heap Roots: 0.1ms
[2023-10-18T14:07:27.737+0000][7][gc,phases   ] GC(13)   Evacuate Collection Set: 27.4ms
[2023-10-18T14:07:27.737+0000][7][gc,phases   ] GC(13)   Post Evacuate Collection Set: 2.1ms
[2023-10-18T14:07:27.737+0000][7][gc,phases   ] GC(13)   Other: 0.8ms
[2023-10-18T14:07:27.737+0000][7][gc,heap     ] GC(13) Eden regions: 51->0(73)
[2023-10-18T14:07:27.737+0000][7][gc,heap     ] GC(13) Survivor regions: 3->3(10)
[2023-10-18T14:07:27.737+0000][7][gc,heap     ] GC(13) Old regions: 11->11
[2023-10-18T14:07:27.737+0000][7][gc,heap     ] GC(13) Archive regions: 2->2
[2023-10-18T14:07:27.737+0000][7][gc,heap     ] GC(13) Humongous regions: 0->0
[2023-10-18T14:07:27.737+0000][7][gc,metaspace] GC(13) Metaspace: 59269K(60480K)->59269K(60480K) NonClass: 51219K(51904K)->51219K(51904K) Class: 8049K(8576K)->8049K(8576K)
[2023-10-18T14:07:27.737+0000][7][gc          ] GC(13) Pause Young (Concurrent Start) (Metadata GC Threshold) 260M->59M(512M) 30.619ms
[2023-10-18T14:07:27.737+0000][7][gc,cpu      ] GC(13) User=0.05s Sys=0.00s Real=0.03s
[2023-10-18T14:07:27.737+0000][7][safepoint   ] Safepoint "CollectForMetadataAllocation", Time since last: 775508744 ns, Reaching safepoint: 171959 ns, At safepoint: 30769528 ns, Total: 30941487 ns
[2023-10-18T14:07:27.737+0000][7][gc          ] GC(14) Concurrent Mark Cycle
[2023-10-18T14:07:27.737+0000][7][gc,marking  ] GC(14) Concurrent Clear Claimed Marks
[2023-10-18T14:07:27.737+0000][7][gc,marking  ] GC(14) Concurrent Clear Claimed Marks 0.059ms
[2023-10-18T14:07:27.737+0000][7][gc,marking  ] GC(14) Concurrent Scan Root Regions
[2023-10-18T14:07:27.753+0000][7][gc,marking  ] GC(14) Concurrent Scan Root Regions 15.845ms
[2023-10-18T14:07:27.753+0000][7][gc,marking  ] GC(14) Concurrent Mark
[2023-10-18T14:07:27.754+0000][7][gc,marking  ] GC(14) Concurrent Mark From Roots
[2023-10-18T14:07:27.754+0000][7][gc,task     ] GC(14) Using 2 workers of 2 for marking
[2023-10-18T14:07:27.878+0000][7][gc,marking  ] GC(14) Concurrent Mark From Roots 124.656ms
[2023-10-18T14:07:27.879+0000][7][gc,marking  ] GC(14) Concurrent Preclean
[2023-10-18T14:07:27.880+0000][7][gc,marking  ] GC(14) Concurrent Preclean 1.334ms
[2023-10-18T14:07:27.880+0000][7][gc,start    ] GC(14) Pause Remark
[2023-10-18T14:07:27.888+0000][7][gc          ] GC(14) Pause Remark 63M->63M(512M) 7.627ms
[2023-10-18T14:07:27.888+0000][7][gc,cpu      ] GC(14) User=0.01s Sys=0.00s Real=0.01s
[2023-10-18T14:07:27.888+0000][7][safepoint   ] Safepoint "G1Concurrent", Time since last: 143358267 ns, Reaching safepoint: 81117 ns, At safepoint: 7932472 ns, Total: 8013589 ns
[2023-10-18T14:07:27.889+0000][7][gc,marking  ] GC(14) Concurrent Mark 135.191ms
[2023-10-18T14:07:27.889+0000][7][gc,marking  ] GC(14) Concurrent Rebuild Remembered Sets
[2023-10-18T14:07:27.889+0000][7][gc,marking  ] GC(14) Concurrent Rebuild Remembered Sets 0.141ms
[2023-10-18T14:07:27.898+0000][7][gc,start    ] GC(14) Pause Cleanup
[2023-10-18T14:07:27.898+0000][7][gc          ] GC(14) Pause Cleanup 63M->63M(512M) 0.235ms
[2023-10-18T14:07:27.898+0000][7][gc,cpu      ] GC(14) User=0.00s Sys=0.00s Real=0.00s
[2023-10-18T14:07:27.898+0000][7][safepoint   ] Safepoint "G1Concurrent", Time since last: 608964 ns, Reaching safepoint: 8754358 ns, At safepoint: 603299 ns, Total: 9357657 ns
[2023-10-18T14:07:27.899+0000][7][gc,marking  ] GC(14) Concurrent Cleanup for Next Mark
[2023-10-18T14:07:27.900+0000][7][gc,marking  ] GC(14) Concurrent Cleanup for Next Mark 1.033ms
[2023-10-18T14:07:27.900+0000][7][gc          ] GC(14) Concurrent Mark Cycle 163.269ms
[2023-10-18T14:07:29.044+0000][7][safepoint   ] Safepoint "Cleanup", Time since last: 1143814666 ns, Reaching safepoint: 1582087 ns, At safepoint: 39723 ns, Total: 1621810 ns
[2023-10-18T14:07:30.056+0000][7][safepoint   ] Safepoint "Cleanup", Time since last: 1001732800 ns, Reaching safepoint: 10170547 ns, At safepoint: 14052 ns, Total: 10184599 ns
[2023-10-18T14:07:31.058+0000][7][safepoint   ] Safepoint "Cleanup", Time since last: 1000550300 ns, Reaching safepoint: 1291952 ns, At safepoint: 8419 ns, Total: 1300371 ns
[2023-10-18T14:07:32.135+0000][7][safepoint   ] Safepoint "Cleanup", Time since last: 1076849883 ns, Reaching safepoint: 258282 ns, At safepoint: 4847 ns, Total: 263129 ns
[2023-10-18T14:07:33.143+0000][7][safepoint   ] Safepoint "Cleanup", Time since last: 1008042945 ns, Reaching safepoint: 178460 ns, At safepoint: 5036 ns, Total: 183496 ns
[2023-10-18T14:07:34.542+0000][7][safepoint   ] Safepoint "Cleanup", Time since last: 1398367867 ns, Reaching safepoint: 901190 ns, At safepoint: 12214 ns, Total: 913404 ns
[2023-10-18T14:07:35.547+0000][7][safepoint   ] Safepoint "Cleanup", Time since last: 1000528605 ns, Reaching safepoint: 3796082 ns, At safepoint: 12355 ns, Total: 3808437 ns
[2023-10-18T14:07:36.549+0000][7][safepoint   ] Safepoint "Cleanup", Time since last: 1002042044 ns, Reaching safepoint: 416380 ns, At safepoint: 8146 ns, Total: 424526 ns
[2023-10-18T14:07:37.693+0000][7][safepoint   ] Safepoint "Cleanup", Time since last: 1143987222 ns, Reaching safepoint: 308086 ns, At safepoint: 35558 ns, Total: 343644 ns
[2023-10-18T14:07:38.700+0000][7][safepoint   ] Safepoint "Cleanup", Time since last: 1006288990 ns, Reaching safepoint: 260311 ns, At safepoint: 8740 ns, Total: 269051 ns
[2023-10-18T14:07:40.061+0000][7][safepoint   ] Safepoint "Cleanup", Time since last: 1360426157 ns, Reaching safepoint: 674743 ns, At safepoint: 31025 ns, Total: 705768 ns
[2023-10-18T14:07:41.243+0000][7][safepoint   ] Safepoint "Cleanup", Time since last: 1181812101 ns, Reaching safepoint: 139203 ns, At safepoint: 4584 ns, Total: 143787 ns
[2023-10-18T14:07:42.309+0000][7][safepoint   ] Safepoint "ICBufferFull", Time since last: 1066055395 ns, Reaching safepoint: 336510 ns, At safepoint: 9647 ns, Total: 346157 ns
[2023-10-18T14:07:42.441+0000][7][gc,start    ] GC(15) Pause Young (Normal) (G1 Evacuation Pause)
[2023-10-18T14:07:42.441+0000][7][gc,task     ] GC(15) Using 8 workers of 8 for evacuation
[2023-10-18T14:07:42.441+0000][7][gc,age      ] GC(15) Desired survivor size 20971520 bytes, new threshold 15 (max threshold 15)
[2023-10-18T14:07:42.521+0000][7][gc,age      ] GC(15) Age table with threshold 15 (max threshold 15)
[2023-10-18T14:07:42.521+0000][7][gc,age      ] GC(15) - age   1:   13776472 bytes,   13776472 total
[2023-10-18T14:07:42.521+0000][7][gc,age      ] GC(15) - age   2:    5182736 bytes,   18959208 total
[2023-10-18T14:07:42.521+0000][7][gc,age      ] GC(15) - age   3:    5686280 bytes,   24645488 total
[2023-10-18T14:07:42.522+0000][7][gc,phases   ] GC(15)   Pre Evacuate Collection Set: 0.1ms
[2023-10-18T14:07:42.522+0000][7][gc,phases   ] GC(15)   Merge Heap Roots: 4.4ms
[2023-10-18T14:07:42.522+0000][7][gc,phases   ] GC(15)   Evacuate Collection Set: 69.2ms
[2023-10-18T14:07:42.522+0000][7][gc,phases   ] GC(15)   Post Evacuate Collection Set: 6.0ms
[2023-10-18T14:07:42.522+0000][7][gc,phases   ] GC(15)   Other: 1.2ms
[2023-10-18T14:07:42.522+0000][7][gc,heap     ] GC(15) Eden regions: 73->0(69)
[2023-10-18T14:07:42.522+0000][7][gc,heap     ] GC(15) Survivor regions: 3->7(10)
[2023-10-18T14:07:42.522+0000][7][gc,heap     ] GC(15) Old regions: 11->11
[2023-10-18T14:07:42.522+0000][7][gc,heap     ] GC(15) Archive regions: 2->2
[2023-10-18T14:07:42.522+0000][7][gc,heap     ] GC(15) Humongous regions: 0->0
[2023-10-18T14:07:42.522+0000][7][gc,metaspace] GC(15) Metaspace: 94961K(96384K)->94961K(96384K) NonClass: 81639K(82496K)->81639K(82496K) Class: 13321K(13888K)->13321K(13888K)
[2023-10-18T14:07:42.522+0000][7][gc          ] GC(15) Pause Young (Normal) (G1 Evacuation Pause) 351M->72M(512M) 81.172ms
[2023-10-18T14:07:42.522+0000][7][gc,cpu      ] GC(15) User=0.16s Sys=0.00s Real=0.08s
[2023-10-18T14:07:42.522+0000][7][safepoint   ] Safepoint "G1CollectForAllocation", Time since last: 131191296 ns, Reaching safepoint: 97587 ns, At safepoint: 81274440 ns, Total: 81372027 ns
[2023-10-18T14:07:44.176+0000][7][safepoint   ] Safepoint "Cleanup", Time since last: 1653627137 ns, Reaching safepoint: 148263 ns, At safepoint: 9158 ns, Total: 157421 ns
[2023-10-18T14:07:45.204+0000][7][safepoint   ] Safepoint "ICBufferFull", Time since last: 1025758609 ns, Reaching safepoint: 2696986 ns, At safepoint: 39353 ns, Total: 2736339 ns
[2023-10-18T14:07:45.298+0000][7][gc,start    ] GC(16) Pause Young (Concurrent Start) (Metadata GC Threshold)
[2023-10-18T14:07:45.299+0000][7][gc,task     ] GC(16) Using 8 workers of 8 for evacuation
[2023-10-18T14:07:45.299+0000][7][gc,age      ] GC(16) Desired survivor size 20971520 bytes, new threshold 3 (max threshold 15)
[2023-10-18T14:07:45.381+0000][7][gc,age      ] GC(16) Age table with threshold 3 (max threshold 15)
[2023-10-18T14:07:45.382+0000][7][gc,age      ] GC(16) - age   1:    7654304 bytes,    7654304 total
[2023-10-18T14:07:45.382+0000][7][gc,age      ] GC(16) - age   2:   13319104 bytes,   20973408 total
[2023-10-18T14:07:45.383+0000][7][gc,age      ] GC(16) - age   3:    5177752 bytes,   26151160 total
[2023-10-18T14:07:45.383+0000][7][gc,phases   ] GC(16)   Pre Evacuate Collection Set: 0.2ms
[2023-10-18T14:07:45.384+0000][7][gc,phases   ] GC(16)   Merge Heap Roots: 0.2ms
[2023-10-18T14:07:45.384+0000][7][gc,phases   ] GC(16)   Evacuate Collection Set: 72.4ms
[2023-10-18T14:07:45.384+0000][7][gc,phases   ] GC(16)   Post Evacuate Collection Set: 8.8ms
[2023-10-18T14:07:45.384+0000][7][gc,phases   ] GC(16)   Other: 3.1ms
[2023-10-18T14:07:45.384+0000][7][gc,heap     ] GC(16) Eden regions: 23->0(69)
[2023-10-18T14:07:45.384+0000][7][gc,heap     ] GC(16) Survivor regions: 7->7(10)
[2023-10-18T14:07:45.384+0000][7][gc,heap     ] GC(16) Old regions: 11->13
[2023-10-18T14:07:45.384+0000][7][gc,heap     ] GC(16) Archive regions: 2->2
[2023-10-18T14:07:45.384+0000][7][gc,heap     ] GC(16) Humongous regions: 5->5
[2023-10-18T14:07:45.384+0000][7][gc,metaspace] GC(16) Metaspace: 99985K(101376K)->99985K(101376K) NonClass: 85952K(86784K)->85952K(86784K) Class: 14032K(14592K)->14032K(14592K)
[2023-10-18T14:07:45.384+0000][7][gc          ] GC(16) Pause Young (Concurrent Start) (Metadata GC Threshold) 181M->100M(512M) 85.336ms
[2023-10-18T14:07:45.384+0000][7][gc,cpu      ] GC(16) User=0.22s Sys=0.00s Real=0.08s
[2023-10-18T14:07:45.384+0000][7][gc          ] GC(17) Concurrent Mark Cycle
[2023-10-18T14:07:45.384+0000][7][gc,marking  ] GC(17) Concurrent Clear Claimed Marks
[2023-10-18T14:07:45.384+0000][7][safepoint   ] Safepoint "CollectForMetadataAllocation", Time since last: 93797530 ns, Reaching safepoint: 409359 ns, At safepoint: 86008522 ns, Total: 86417881 ns
[2023-10-18T14:07:45.384+0000][7][gc,marking  ] GC(17) Concurrent Clear Claimed Marks 0.087ms
[2023-10-18T14:07:45.384+0000][7][gc,marking  ] GC(17) Concurrent Scan Root Regions
[2023-10-18T14:07:45.412+0000][7][gc,marking  ] GC(17) Concurrent Scan Root Regions 27.525ms
[2023-10-18T14:07:45.412+0000][7][gc,marking  ] GC(17) Concurrent Mark
[2023-10-18T14:07:45.413+0000][7][gc,marking  ] GC(17) Concurrent Mark From Roots
[2023-10-18T14:07:45.413+0000][7][gc,task     ] GC(17) Using 2 workers of 2 for marking
[2023-10-18T14:07:45.496+0000][7][safepoint   ] Safepoint "CollectForMetadataAllocation", Time since last: 106609357 ns, Reaching safepoint: 4469419 ns, At safepoint: 207507 ns, Total: 4676926 ns
[2023-10-18T14:07:45.596+0000][7][gc,marking  ] GC(17) Concurrent Mark From Roots 182.939ms
[2023-10-18T14:07:45.596+0000][7][gc,marking  ] GC(17) Concurrent Preclean
[2023-10-18T14:07:45.597+0000][7][gc,marking  ] GC(17) Concurrent Preclean 0.840ms
[2023-10-18T14:07:45.603+0000][7][gc,start    ] GC(17) Pause Remark
[2023-10-18T14:07:45.655+0000][7][gc          ] GC(17) Pause Remark 107M->107M(512M) 51.894ms
[2023-10-18T14:07:45.655+0000][7][gc,cpu      ] GC(17) User=0.02s Sys=0.00s Real=0.05s
[2023-10-18T14:07:45.655+0000][7][safepoint   ] Safepoint "G1Concurrent", Time since last: 101138422 ns, Reaching safepoint: 6124241 ns, At safepoint: 52321826 ns, Total: 58446067 ns
[2023-10-18T14:07:45.657+0000][7][gc,marking  ] GC(17) Concurrent Mark 244.076ms
[2023-10-18T14:07:45.657+0000][7][gc,marking  ] GC(17) Concurrent Rebuild Remembered Sets
[2023-10-18T14:07:45.761+0000][7][gc,marking  ] GC(17) Concurrent Rebuild Remembered Sets 103.785ms
[2023-10-18T14:07:45.768+0000][7][gc,start    ] GC(17) Pause Cleanup
[2023-10-18T14:07:45.768+0000][7][gc          ] GC(17) Pause Cleanup 112M->112M(512M) 0.130ms
[2023-10-18T14:07:45.768+0000][7][gc,cpu      ] GC(17) User=0.00s Sys=0.00s Real=0.00s
[2023-10-18T14:07:45.768+0000][7][safepoint   ] Safepoint "G1Concurrent", Time since last: 112841207 ns, Reaching safepoint: 166443 ns, At safepoint: 191231 ns, Total: 357674 ns
[2023-10-18T14:07:45.769+0000][7][gc,marking  ] GC(17) Concurrent Cleanup for Next Mark
[2023-10-18T14:07:45.772+0000][7][gc,marking  ] GC(17) Concurrent Cleanup for Next Mark 3.429ms
[2023-10-18T14:07:45.772+0000][7][gc          ] GC(17) Concurrent Mark Cycle 387.883ms
[2023-10-18T14:07:46.951+0000][7][safepoint   ] Safepoint "ICBufferFull", Time since last: 1181245711 ns, Reaching safepoint: 1009697 ns, At safepoint: 17852 ns, Total: 1027549 ns
[2023-10-18T14:07:47.971+0000][7][safepoint   ] Safepoint "Cleanup", Time since last: 1011563413 ns, Reaching safepoint: 8565752 ns, At safepoint: 26342 ns, Total: 8592094 ns
[2023-10-18T14:07:48.975+0000][7][safepoint   ] Safepoint "Cleanup", Time since last: 1004221210 ns, Reaching safepoint: 267638 ns, At safepoint: 19142 ns, Total: 286780 ns
[2023-10-18T14:07:49.990+0000][7][safepoint   ] Safepoint "Cleanup", Time since last: 1000696001 ns, Reaching safepoint: 13724492 ns, At safepoint: 96561 ns, Total: 13821053 ns
[2023-10-18T14:07:51.797+0000][7][safepoint   ] Safepoint "Cleanup", Time since last: 1806444163 ns, Reaching safepoint: 175373 ns, At safepoint: 22944 ns, Total: 198317 ns
[2023-10-18T14:07:52.800+0000][7][safepoint   ] Safepoint "Cleanup", Time since last: 1002782672 ns, Reaching safepoint: 150661 ns, At safepoint: 11268 ns, Total: 161929 ns
[2023-10-18T14:07:53.801+0000][7][safepoint   ] Safepoint "Cleanup", Time since last: 1000981217 ns, Reaching safepoint: 405327 ns, At safepoint: 40394 ns, Total: 445721 ns
[2023-10-18T14:07:54.803+0000][7][safepoint   ] Safepoint "Cleanup", Time since last: 1001658247 ns, Reaching safepoint: 628754 ns, At safepoint: 25960 ns, Total: 654714 ns
[2023-10-18T14:07:55.525+0000][7][gc,start    ] GC(18) Pause Young (Concurrent Start) (G1 Evacuation Pause)
[2023-10-18T14:07:55.525+0000][7][gc,task     ] GC(18) Using 8 workers of 8 for evacuation
[2023-10-18T14:07:55.525+0000][7][gc,age      ] GC(18) Desired survivor size 20971520 bytes, new threshold 2 (max threshold 15)
[2023-10-18T14:07:55.721+0000][7][gc,age      ] GC(18) Age table with threshold 2 (max threshold 15)
[2023-10-18T14:07:55.721+0000][7][gc,age      ] GC(18) - age   1:    9651472 bytes,    9651472 total
[2023-10-18T14:07:55.721+0000][7][gc,age      ] GC(18) - age   2:    7372632 bytes,   17024104 total
[2023-10-18T14:07:55.723+0000][7][gc,phases   ] GC(18)   Pre Evacuate Collection Set: 0.3ms
[2023-10-18T14:07:55.723+0000][7][gc,phases   ] GC(18)   Merge Heap Roots: 0.3ms
[2023-10-18T14:07:55.723+0000][7][gc,phases   ] GC(18)   Evacuate Collection Set: 190.7ms
[2023-10-18T14:07:55.723+0000][7][gc,phases   ] GC(18)   Post Evacuate Collection Set: 4.8ms
[2023-10-18T14:07:55.723+0000][7][gc,phases   ] GC(18)   Other: 1.6ms
[2023-10-18T14:07:55.723+0000][7][gc,heap     ] GC(18) Eden regions: 69->0(70)
[2023-10-18T14:07:55.723+0000][7][gc,heap     ] GC(18) Survivor regions: 7->5(10)
[2023-10-18T14:07:55.723+0000][7][gc,heap     ] GC(18) Old regions: 13->17
[2023-10-18T14:07:55.723+0000][7][gc,heap     ] GC(18) Archive regions: 2->2
[2023-10-18T14:07:55.723+0000][7][gc,heap     ] GC(18) Humongous regions: 5->5
[2023-10-18T14:07:55.723+0000][7][gc,metaspace] GC(18) Metaspace: 105451K(106944K)->105451K(106944K) NonClass: 90684K(91520K)->90684K(91520K) Class: 14767K(15424K)->14767K(15424K)
[2023-10-18T14:07:55.723+0000][7][gc          ] GC(18) Pause Young (Concurrent Start) (G1 Evacuation Pause) 376M->109M(512M) 197.963ms
[2023-10-18T14:07:55.723+0000][7][gc,cpu      ] GC(18) User=0.18s Sys=0.06s Real=0.20s
[2023-10-18T14:07:55.723+0000][7][gc          ] GC(19) Concurrent Mark Cycle
[2023-10-18T14:07:55.723+0000][7][gc,marking  ] GC(19) Concurrent Clear Claimed Marks
[2023-10-18T14:07:55.724+0000][7][gc,marking  ] GC(19) Concurrent Clear Claimed Marks 0.692ms
[2023-10-18T14:07:55.724+0000][7][gc,marking  ] GC(19) Concurrent Scan Root Regions
[2023-10-18T14:07:55.736+0000][7][safepoint   ] Safepoint "G1CollectForAllocation", Time since last: 721514513 ns, Reaching safepoint: 207016 ns, At safepoint: 211120968 ns, Total: 211327984 ns
[2023-10-18T14:07:55.863+0000][7][gc,marking  ] GC(19) Concurrent Scan Root Regions 138.573ms
[2023-10-18T14:07:55.863+0000][7][gc,marking  ] GC(19) Concurrent Mark
[2023-10-18T14:07:55.863+0000][7][gc,marking  ] GC(19) Concurrent Mark From Roots
[2023-10-18T14:07:55.863+0000][7][gc,task     ] GC(19) Using 2 workers of 2 for marking
[2023-10-18T14:07:56.235+0000][7][gc,marking  ] GC(19) Concurrent Mark From Roots 372.203ms
[2023-10-18T14:07:56.235+0000][7][gc,marking  ] GC(19) Concurrent Preclean
[2023-10-18T14:07:56.236+0000][7][gc,marking  ] GC(19) Concurrent Preclean 0.633ms
[2023-10-18T14:07:56.245+0000][7][gc,start    ] GC(19) Pause Remark
[2023-10-18T14:07:56.305+0000][7][gc          ] GC(19) Pause Remark 121M->121M(512M) 59.296ms
[2023-10-18T14:07:56.305+0000][7][gc,cpu      ] GC(19) User=0.05s Sys=0.00s Real=0.06s
[2023-10-18T14:07:56.305+0000][7][safepoint   ] Safepoint "G1Concurrent", Time since last: 500141104 ns, Reaching safepoint: 8941642 ns, At safepoint: 59861021 ns, Total: 68802663 ns
[2023-10-18T14:07:56.307+0000][7][gc,marking  ] GC(19) Concurrent Mark 444.164ms
[2023-10-18T14:07:56.307+0000][7][gc,marking  ] GC(19) Concurrent Rebuild Remembered Sets
[2023-10-18T14:07:56.457+0000][7][gc,marking  ] GC(19) Concurrent Rebuild Remembered Sets 150.156ms
[2023-10-18T14:07:56.469+0000][7][gc,start    ] GC(19) Pause Cleanup
[2023-10-18T14:07:56.469+0000][7][gc          ] GC(19) Pause Cleanup 132M->132M(512M) 0.581ms
[2023-10-18T14:07:56.469+0000][7][gc,cpu      ] GC(19) User=0.00s Sys=0.00s Real=0.00s
[2023-10-18T14:07:56.469+0000][7][safepoint   ] Safepoint "G1Concurrent", Time since last: 152313561 ns, Reaching safepoint: 11100968 ns, At safepoint: 932308 ns, Total: 12033276 ns
[2023-10-18T14:07:56.469+0000][7][gc,marking  ] GC(19) Concurrent Cleanup for Next Mark
[2023-10-18T14:07:56.477+0000][7][gc,marking  ] GC(19) Concurrent Cleanup for Next Mark 7.402ms
[2023-10-18T14:07:56.477+0000][7][gc          ] GC(19) Concurrent Mark Cycle 753.829ms
[2023-10-18T14:07:57.509+0000][7][safepoint   ] Safepoint "Cleanup", Time since last: 1039126676 ns, Reaching safepoint: 561594 ns, At safepoint: 33035 ns, Total: 594629 ns
[2023-10-18T14:07:58.513+0000][7][safepoint   ] Safepoint "Cleanup", Time since last: 1002591733 ns, Reaching safepoint: 781901 ns, At safepoint: 49130 ns, Total: 831031 ns
[2023-10-18T14:08:00.265+0000][7][safepoint   ] Safepoint "Cleanup", Time since last: 1751368798 ns, Reaching safepoint: 709756 ns, At safepoint: 63567 ns, Total: 773323 ns
[2023-10-18T14:08:02.265+0000][7][safepoint   ] Safepoint "Cleanup", Time since last: 2000530571 ns, Reaching safepoint: 198290 ns, At safepoint: 28358 ns, Total: 226648 ns
[2023-10-18T14:08:03.266+0000][7][safepoint   ] Safepoint "Cleanup", Time since last: 1000479595 ns, Reaching safepoint: 99057 ns, At safepoint: 5003 ns, Total: 104060 ns
[2023-10-18T14:08:04.266+0000][7][safepoint   ] Safepoint "Cleanup", Time since last: 1000207782 ns, Reaching safepoint: 146644 ns, At safepoint: 18931 ns, Total: 165575 ns
[2023-10-18T14:08:05.883+0000][7][safepoint   ] Safepoint "Cleanup", Time since last: 1615913898 ns, Reaching safepoint: 798425 ns, At safepoint: 100173 ns, Total: 898598 ns
[2023-10-18T14:08:06.884+0000][7][safepoint   ] Safepoint "Cleanup", Time since last: 1000432201 ns, Reaching safepoint: 117463 ns, At safepoint: 5874 ns, Total: 123337 ns
[2023-10-18T14:08:09.891+0000][7][safepoint   ] Safepoint "Cleanup", Time since last: 3001096467 ns, Reaching safepoint: 5603225 ns, At safepoint: 58677 ns, Total: 5661902 ns
[2023-10-18T14:08:10.895+0000][7][safepoint   ] Safepoint "Cleanup", Time since last: 1004375149 ns, Reaching safepoint: 231267 ns, At safepoint: 6186 ns, Total: 237453 ns
[2023-10-18T14:08:11.899+0000][7][safepoint   ] Safepoint "Cleanup", Time since last: 1003494749 ns, Reaching safepoint: 691067 ns, At safepoint: 106429 ns, Total: 797496 ns
[2023-10-18T14:08:12.909+0000][7][safepoint   ] Safepoint "Cleanup", Time since last: 1009386185 ns, Reaching safepoint: 417165 ns, At safepoint: 43739 ns, Total: 460904 ns
[2023-10-18T14:08:14.171+0000][7][safepoint   ] Safepoint "Cleanup", Time since last: 1261120181 ns, Reaching safepoint: 377619 ns, At safepoint: 20889 ns, Total: 398508 ns
[2023-10-18T14:08:15.491+0000][7][safepoint   ] Safepoint "ICBufferFull", Time since last: 1320296071 ns, Reaching safepoint: 370872 ns, At safepoint: 24309 ns, Total: 395181 ns
[2023-10-18T14:08:15.575+0000][7][safepoint   ] Safepoint "ICBufferFull", Time since last: 55625456 ns, Reaching safepoint: 27605378 ns, At safepoint: 49401 ns, Total: 27654779 ns
[2023-10-18T14:08:15.579+0000][7][safepoint   ] Safepoint "ICBufferFull", Time since last: 912175 ns, Reaching safepoint: 3241557 ns, At safepoint: 54524 ns, Total: 3296081 ns
[2023-10-18T14:08:16.192+0000][7][gc,start    ] GC(20) Pause Young (Normal) (G1 Evacuation Pause)
[2023-10-18T14:08:16.192+0000][7][gc,task     ] GC(20) Using 8 workers of 8 for evacuation
[2023-10-18T14:08:16.192+0000][7][gc,age      ] GC(20) Desired survivor size 20971520 bytes, new threshold 15 (max threshold 15)
[2023-10-18T14:08:16.322+0000][7][gc,age      ] GC(20) Age table with threshold 15 (max threshold 15)
[2023-10-18T14:08:16.323+0000][7][gc,age      ] GC(20) - age   1:   10453480 bytes,   10453480 total
[2023-10-18T14:08:16.323+0000][7][gc,age      ] GC(20) - age   2:    4427720 bytes,   14881200 total
[2023-10-18T14:08:16.323+0000][7][gc,age      ] GC(20) - age   3:    6635784 bytes,   21516984 total
[2023-10-18T14:08:16.323+0000][7][gc,phases   ] GC(20)   Pre Evacuate Collection Set: 0.6ms
[2023-10-18T14:08:16.323+0000][7][gc,phases   ] GC(20)   Merge Heap Roots: 0.4ms
[2023-10-18T14:08:16.324+0000][7][gc,phases   ] GC(20)   Evacuate Collection Set: 120.2ms
[2023-10-18T14:08:16.324+0000][7][gc,phases   ] GC(20)   Post Evacuate Collection Set: 8.7ms
[2023-10-18T14:08:16.324+0000][7][gc,phases   ] GC(20)   Other: 1.3ms
[2023-10-18T14:08:16.324+0000][7][gc,heap     ] GC(20) Eden regions: 70->0(69)
[2023-10-18T14:08:16.324+0000][7][gc,heap     ] GC(20) Survivor regions: 5->6(10)
[2023-10-18T14:08:16.324+0000][7][gc,heap     ] GC(20) Old regions: 17->17
[2023-10-18T14:08:16.324+0000][7][gc,heap     ] GC(20) Archive regions: 2->2
[2023-10-18T14:08:16.324+0000][7][gc,heap     ] GC(20) Humongous regions: 5->5
[2023-10-18T14:08:16.324+0000][7][gc,metaspace] GC(20) Metaspace: 110439K(112064K)->110439K(112064K) NonClass: 95017K(95936K)->95017K(95936K) Class: 15421K(16128K)->15421K(16128K)
[2023-10-18T14:08:16.324+0000][7][gc          ] GC(20) Pause Young (Normal) (G1 Evacuation Pause) 389M->113M(512M) 132.082ms
[2023-10-18T14:08:16.324+0000][7][gc,cpu      ] GC(20) User=0.28s Sys=0.00s Real=0.13s
[2023-10-18T14:08:16.324+0000][7][safepoint   ] Safepoint "G1CollectForAllocation", Time since last: 612806753 ns, Reaching safepoint: 210209 ns, At safepoint: 132368453 ns, Total: 132578662 ns
[2023-10-18T14:08:17.325+0000][7][safepoint   ] Safepoint "Cleanup", Time since last: 1000264594 ns, Reaching safepoint: 201599 ns, At safepoint: 15146 ns, Total: 216745 ns
[2023-10-18T14:08:18.327+0000][7][safepoint   ] Safepoint "Cleanup", Time since last: 1000972218 ns, Reaching safepoint: 884116 ns, At safepoint: 89765 ns, Total: 973881 ns
[2023-10-18T14:08:19.330+0000][7][safepoint   ] Safepoint "Cleanup", Time since last: 1002630044 ns, Reaching safepoint: 825047 ns, At safepoint: 112847 ns, Total: 937894 ns
[2023-10-18T14:08:19.881+0000][7][safepoint   ] Safepoint "ICBufferFull", Time since last: 550105801 ns, Reaching safepoint: 324243 ns, At safepoint: 22969 ns, Total: 347212 ns
[2023-10-18T14:08:20.769+0000][7][safepoint   ] Safepoint "ICBufferFull", Time since last: 887861901 ns, Reaching safepoint: 285789 ns, At safepoint: 11665 ns, Total: 297454 ns
[2023-10-18T14:08:21.224+0000][7][safepoint   ] Safepoint "ICBufferFull", Time since last: 450682646 ns, Reaching safepoint: 4416830 ns, At safepoint: 95370 ns, Total: 4512200 ns
[2023-10-18T14:08:22.251+0000][7][safepoint   ] Safepoint "ICBufferFull", Time since last: 1026705779 ns, Reaching safepoint: 223877 ns, At safepoint: 13746 ns, Total: 237623 ns
[2023-10-18T14:08:22.731+0000][7][safepoint   ] Safepoint "ICBufferFull", Time since last: 479380870 ns, Reaching safepoint: 797770 ns, At safepoint: 71889 ns, Total: 869659 ns
[2023-10-18T14:08:23.734+0000][7][safepoint   ] Safepoint "Cleanup", Time since last: 1002002887 ns, Reaching safepoint: 202508 ns, At safepoint: 16786 ns, Total: 219294 ns
[2023-10-18T14:08:24.734+0000][7][safepoint   ] Safepoint "Cleanup", Time since last: 1000433753 ns, Reaching safepoint: 258530 ns, At safepoint: 25709 ns, Total: 284239 ns
[2023-10-18T14:08:25.740+0000][7][safepoint   ] Safepoint "Cleanup", Time since last: 1001815692 ns, Reaching safepoint: 3508526 ns, At safepoint: 33299 ns, Total: 3541825 ns
[2023-10-18T14:08:26.718+0000][7][safepoint   ] Safepoint "ICBufferFull", Time since last: 978047967 ns, Reaching safepoint: 430585 ns, At safepoint: 27674 ns, Total: 458259 ns
[2023-10-18T14:08:27.720+0000][7][safepoint   ] Safepoint "Cleanup", Time since last: 1001520913 ns, Reaching safepoint: 207611 ns, At safepoint: 15422 ns, Total: 223033 ns
[2023-10-18T14:08:28.722+0000][7][safepoint   ] Safepoint "Cleanup", Time since last: 1001128756 ns, Reaching safepoint: 485894 ns, At safepoint: 38325 ns, Total: 524219 ns
[2023-10-18T14:08:29.723+0000][7][safepoint   ] Safepoint "Cleanup", Time since last: 1000611496 ns, Reaching safepoint: 351994 ns, At safepoint: 17925 ns, Total: 369919 ns
[2023-10-18T14:08:30.723+0000][7][safepoint   ] Safepoint "Cleanup", Time since last: 1000294953 ns, Reaching safepoint: 310499 ns, At safepoint: 48549 ns, Total: 359048 ns
[2023-10-18T14:08:31.724+0000][7][safepoint   ] Safepoint "Cleanup", Time since last: 1000293759 ns, Reaching safepoint: 239135 ns, At safepoint: 12359 ns, Total: 251494 ns
[2023-10-18T14:08:32.738+0000][7][safepoint   ] Safepoint "Cleanup", Time since last: 1010738887 ns, Reaching safepoint: 3593595 ns, At safepoint: 39068 ns, Total: 3632663 ns
[2023-10-18T14:08:33.742+0000][7][safepoint   ] Safepoint "Cleanup", Time since last: 1003389979 ns, Reaching safepoint: 252924 ns, At safepoint: 22735 ns, Total: 275659 ns
[2023-10-18T14:08:34.205+0000][7][safepoint   ] Safepoint "ICBufferFull", Time since last: 463300523 ns, Reaching safepoint: 316393 ns, At safepoint: 5963 ns, Total: 322356 ns
[2023-10-18T14:08:35.206+0000][7][safepoint   ] Safepoint "Cleanup", Time since last: 1000196737 ns, Reaching safepoint: 275750 ns, At safepoint: 15704 ns, Total: 291454 ns
[2023-10-18T14:08:36.206+0000][7][safepoint   ] Safepoint "Cleanup", Time since last: 1000258764 ns, Reaching safepoint: 260131 ns, At safepoint: 36359 ns, Total: 296490 ns
[2023-10-18T14:08:37.207+0000][7][safepoint   ] Safepoint "Cleanup", Time since last: 1000276101 ns, Reaching safepoint: 144005 ns, At safepoint: 13035 ns, Total: 157040 ns
[2023-10-18T14:08:37.753+0000][7][safepoint   ] Safepoint "ICBufferFull", Time since last: 545722507 ns, Reaching safepoint: 278920 ns, At safepoint: 25727 ns, Total: 304647 ns
[2023-10-18T14:08:38.756+0000][7][safepoint   ] Safepoint "Cleanup", Time since last: 1002877457 ns, Reaching safepoint: 246120 ns, At safepoint: 16689 ns, Total: 262809 ns
[2023-10-18T14:08:39.756+0000][7][safepoint   ] Safepoint "Cleanup", Time since last: 1000142118 ns, Reaching safepoint: 79366 ns, At safepoint: 9173 ns, Total: 88539 ns
[2023-10-18T14:08:40.757+0000][7][safepoint   ] Safepoint "Cleanup", Time since last: 1000134992 ns, Reaching safepoint: 200523 ns, At safepoint: 21692 ns, Total: 222215 ns
[2023-10-18T14:08:41.757+0000][7][safepoint   ] Safepoint "Cleanup", Time since last: 1000433925 ns, Reaching safepoint: 173863 ns, At safepoint: 9933 ns, Total: 183796 ns
[2023-10-18T14:08:42.758+0000][7][safepoint   ] Safepoint "Cleanup", Time since last: 1000157702 ns, Reaching safepoint: 272148 ns, At safepoint: 7282 ns, Total: 279430 ns
[2023-10-18T14:08:42.834+0000][7][gc,start    ] GC(21) Pause Young (Normal) (G1 Evacuation Pause)
[2023-10-18T14:08:42.834+0000][7][gc,task     ] GC(21) Using 8 workers of 8 for evacuation
[2023-10-18T14:08:42.834+0000][7][gc,age      ] GC(21) Desired survivor size 20971520 bytes, new threshold 3 (max threshold 15)
[2023-10-18T14:08:42.903+0000][7][gc,age      ] GC(21) Age table with threshold 3 (max threshold 15)
[2023-10-18T14:08:42.903+0000][7][gc,age      ] GC(21) - age   1:    1699912 bytes,    1699912 total
[2023-10-18T14:08:42.903+0000][7][gc,age      ] GC(21) - age   2:    8227216 bytes,    9927128 total
[2023-10-18T14:08:42.903+0000][7][gc,age      ] GC(21) - age   3:    4383624 bytes,   14310752 total
[2023-10-18T14:08:42.903+0000][7][gc,phases   ] GC(21)   Pre Evacuate Collection Set: 0.3ms
[2023-10-18T14:08:42.903+0000][7][gc,phases   ] GC(21)   Merge Heap Roots: 0.2ms
[2023-10-18T14:08:42.903+0000][7][gc,phases   ] GC(21)   Evacuate Collection Set: 62.1ms
[2023-10-18T14:08:42.903+0000][7][gc,phases   ] GC(21)   Post Evacuate Collection Set: 5.9ms
[2023-10-18T14:08:42.903+0000][7][gc,phases   ] GC(21)   Other: 0.7ms
[2023-10-18T14:08:42.903+0000][7][gc,heap     ] GC(21) Eden regions: 69->0(70)
[2023-10-18T14:08:42.903+0000][7][gc,heap     ] GC(21) Survivor regions: 6->4(10)
[2023-10-18T14:08:42.903+0000][7][gc,heap     ] GC(21) Old regions: 17->19
[2023-10-18T14:08:42.903+0000][7][gc,heap     ] GC(21) Archive regions: 2->2
[2023-10-18T14:08:42.903+0000][7][gc,heap     ] GC(21) Humongous regions: 5->5
[2023-10-18T14:08:42.903+0000][7][gc,metaspace] GC(21) Metaspace: 112787K(114368K)->112787K(114368K) NonClass: 97355K(98240K)->97355K(98240K) Class: 15431K(16128K)->15431K(16128K)
[2023-10-18T14:08:42.903+0000][7][gc          ] GC(21) Pause Young (Normal) (G1 Evacuation Pause) 389M->113M(512M) 69.356ms
[2023-10-18T14:08:42.903+0000][7][gc,cpu      ] GC(21) User=0.11s Sys=0.00s Real=0.07s
[2023-10-18T14:08:42.903+0000][7][safepoint   ] Safepoint "G1CollectForAllocation", Time since last: 75746195 ns, Reaching safepoint: 171953 ns, At safepoint: 69475573 ns, Total: 69647526 ns
[2023-10-18T14:08:43.904+0000][7][safepoint   ] Safepoint "Cleanup", Time since last: 1000096087 ns, Reaching safepoint: 518771 ns, At safepoint: 13442 ns, Total: 532213 ns
[2023-10-18T14:08:44.904+0000][7][safepoint   ] Safepoint "Cleanup", Time since last: 1000158111 ns, Reaching safepoint: 311587 ns, At safepoint: 25982 ns, Total: 337569 ns
[2023-10-18T14:08:45.904+0000][7][safepoint   ] Safepoint "Cleanup", Time since last: 1000143715 ns, Reaching safepoint: 109565 ns, At safepoint: 7343 ns, Total: 116908 ns
[2023-10-18T14:08:46.905+0000][7][safepoint   ] Safepoint "Cleanup", Time since last: 1000707634 ns, Reaching safepoint: 226472 ns, At safepoint: 12290 ns, Total: 238762 ns
[2023-10-18T14:08:47.906+0000][7][safepoint   ] Safepoint "Cleanup", Time since last: 1000158397 ns, Reaching safepoint: 66688 ns, At safepoint: 11501 ns, Total: 78189 ns
[2023-10-18T14:08:48.906+0000][7][safepoint   ] Safepoint "Cleanup", Time since last: 1000131176 ns, Reaching safepoint: 66835 ns, At safepoint: 12733 ns, Total: 79568 ns
[2023-10-18T14:08:49.906+0000][7][safepoint   ] Safepoint "Cleanup", Time since last: 1000157703 ns, Reaching safepoint: 370012 ns, At safepoint: 16809 ns, Total: 386821 ns
[2023-10-18T14:08:50.907+0000][7][safepoint   ] Safepoint "Cleanup", Time since last: 1000278430 ns, Reaching safepoint: 114404 ns, At safepoint: 11759 ns, Total: 126163 ns
[2023-10-18T14:08:52.018+0000][7][safepoint   ] Safepoint "Cleanup", Time since last: 1109505833 ns, Reaching safepoint: 1259066 ns, At safepoint: 35332 ns, Total: 1294398 ns
[2023-10-18T14:08:52.743+0000][7][gc,start    ] GC(22) Pause Young (Normal) (G1 Evacuation Pause)
[2023-10-18T14:08:52.743+0000][7][gc,task     ] GC(22) Using 8 workers of 8 for evacuation
[2023-10-18T14:08:52.746+0000][7][gc,age      ] GC(22) Desired survivor size 20971520 bytes, new threshold 15 (max threshold 15)
[2023-10-18T14:08:52.786+0000][7][gc,age      ] GC(22) Age table with threshold 15 (max threshold 15)
[2023-10-18T14:08:52.786+0000][7][gc,age      ] GC(22) - age   1:    2630320 bytes,    2630320 total
[2023-10-18T14:08:52.786+0000][7][gc,age      ] GC(22) - age   2:    1248304 bytes,    3878624 total
[2023-10-18T14:08:52.786+0000][7][gc,age      ] GC(22) - age   3:    8214272 bytes,   12092896 total
[2023-10-18T14:08:52.786+0000][7][gc,age      ] GC(22) - age   4:    4383592 bytes,   16476488 total
[2023-10-18T14:08:52.786+0000][7][gc,phases   ] GC(22)   Pre Evacuate Collection Set: 0.4ms
[2023-10-18T14:08:52.786+0000][7][gc,phases   ] GC(22)   Merge Heap Roots: 0.2ms
[2023-10-18T14:08:52.786+0000][7][gc,phases   ] GC(22)   Evacuate Collection Set: 35.2ms
[2023-10-18T14:08:52.786+0000][7][gc,phases   ] GC(22)   Post Evacuate Collection Set: 4.3ms
[2023-10-18T14:08:52.786+0000][7][gc,phases   ] GC(22)   Other: 3.5ms
[2023-10-18T14:08:52.787+0000][7][gc,heap     ] GC(22) Eden regions: 70->0(70)
[2023-10-18T14:08:52.787+0000][7][gc,heap     ] GC(22) Survivor regions: 4->5(10)
[2023-10-18T14:08:52.787+0000][7][gc,heap     ] GC(22) Old regions: 19->19
[2023-10-18T14:08:52.787+0000][7][gc,heap     ] GC(22) Archive regions: 2->2
[2023-10-18T14:08:52.787+0000][7][gc,heap     ] GC(22) Humongous regions: 5->5
[2023-10-18T14:08:52.787+0000][7][gc,metaspace] GC(22) Metaspace: 113506K(115200K)->113506K(115200K) NonClass: 97983K(98944K)->97983K(98944K) Class: 15523K(16256K)->15523K(16256K)
[2023-10-18T14:08:52.787+0000][7][gc          ] GC(22) Pause Young (Normal) (G1 Evacuation Pause) 393M->115M(512M) 44.262ms
[2023-10-18T14:08:52.787+0000][7][gc,cpu      ] GC(22) User=0.09s Sys=0.01s Real=0.05s
[2023-10-18T14:08:52.787+0000][7][safepoint   ] Safepoint "G1CollectForAllocation", Time since last: 717711433 ns, Reaching safepoint: 7181654 ns, At safepoint: 44470783 ns, Total: 51652437 ns
[2023-10-18T14:08:53.507+0000][7][safepoint   ] Safepoint "ICBufferFull", Time since last: 720088603 ns, Reaching safepoint: 322676 ns, At safepoint: 15828 ns, Total: 338504 ns
[2023-10-18T14:08:54.222+0000][7][safepoint   ] Safepoint "ICBufferFull", Time since last: 714664186 ns, Reaching safepoint: 240184 ns, At safepoint: 13857 ns, Total: 254041 ns
[2023-10-18T14:08:55.223+0000][7][safepoint   ] Safepoint "Cleanup", Time since last: 1000305238 ns, Reaching safepoint: 253218 ns, At safepoint: 20504 ns, Total: 273722 ns
[2023-10-18T14:08:55.917+0000][7][safepoint   ] Safepoint "ICBufferFull", Time since last: 694060395 ns, Reaching safepoint: 232649 ns, At safepoint: 7070 ns, Total: 239719 ns
[2023-10-18T14:08:56.047+0000][7][gc,start    ] GC(23) Pause Young (Normal) (G1 Evacuation Pause)
[2023-10-18T14:08:56.047+0000][7][gc,task     ] GC(23) Using 8 workers of 8 for evacuation
[2023-10-18T14:08:56.047+0000][7][gc,age      ] GC(23) Desired survivor size 20971520 bytes, new threshold 15 (max threshold 15)
[2023-10-18T14:08:56.071+0000][7][gc,age      ] GC(23) Age table with threshold 15 (max threshold 15)
[2023-10-18T14:08:56.071+0000][7][gc,age      ] GC(23) - age   1:    3463200 bytes,    3463200 total
[2023-10-18T14:08:56.071+0000][7][gc,age      ] GC(23) - age   2:    1296448 bytes,    4759648 total
[2023-10-18T14:08:56.071+0000][7][gc,age      ] GC(23) - age   3:     485408 bytes,    5245056 total
[2023-10-18T14:08:56.071+0000][7][gc,age      ] GC(23) - age   4:    7404024 bytes,   12649080 total
[2023-10-18T14:08:56.071+0000][7][gc,age      ] GC(23) - age   5:    3786680 bytes,   16435760 total
[2023-10-18T14:08:56.071+0000][7][gc,phases   ] GC(23)   Pre Evacuate Collection Set: 0.6ms
[2023-10-18T14:08:56.071+0000][7][gc,phases   ] GC(23)   Merge Heap Roots: 1.1ms
[2023-10-18T14:08:56.071+0000][7][gc,phases   ] GC(23)   Evacuate Collection Set: 20.8ms
[2023-10-18T14:08:56.071+0000][7][gc,phases   ] GC(23)   Post Evacuate Collection Set: 1.0ms
[2023-10-18T14:08:56.071+0000][7][gc,phases   ] GC(23)   Other: 1.3ms
[2023-10-18T14:08:56.071+0000][7][gc,heap     ] GC(23) Eden regions: 70->0(71)
[2023-10-18T14:08:56.071+0000][7][gc,heap     ] GC(23) Survivor regions: 5->5(10)
[2023-10-18T14:08:56.071+0000][7][gc,heap     ] GC(23) Old regions: 19->19
[2023-10-18T14:08:56.071+0000][7][gc,heap     ] GC(23) Archive regions: 2->2
[2023-10-18T14:08:56.071+0000][7][gc,heap     ] GC(23) Humongous regions: 5->5
[2023-10-18T14:08:56.071+0000][7][gc,metaspace] GC(23) Metaspace: 115071K(116800K)->115071K(116800K) NonClass: 99371K(100352K)->99371K(100352K) Class: 15699K(16448K)->15699K(16448K)
[2023-10-18T14:08:56.071+0000][7][gc          ] GC(23) Pause Young (Normal) (G1 Evacuation Pause) 395M->115M(512M) 24.906ms
[2023-10-18T14:08:56.071+0000][7][gc,cpu      ] GC(23) User=0.06s Sys=0.01s Real=0.02s
[2023-10-18T14:08:56.071+0000][7][safepoint   ] Safepoint "G1CollectForAllocation", Time since last: 129126934 ns, Reaching safepoint: 169441 ns, At safepoint: 25016896 ns, Total: 25186337 ns
[2023-10-18T14:08:57.072+0000][7][safepoint   ] Safepoint "Cleanup", Time since last: 1000086955 ns, Reaching safepoint: 135322 ns, At safepoint: 8989 ns, Total: 144311 ns
[2023-10-18T14:08:58.073+0000][7][safepoint   ] Safepoint "Cleanup", Time since last: 1000825967 ns, Reaching safepoint: 179301 ns, At safepoint: 19606 ns, Total: 198907 ns
[2023-10-18T14:08:59.073+0000][7][safepoint   ] Safepoint "Cleanup", Time since last: 1000530479 ns, Reaching safepoint: 112875 ns, At safepoint: 13494 ns, Total: 126369 ns
[2023-10-18T14:09:00.074+0000][7][safepoint   ] Safepoint "Cleanup", Time since last: 1000138599 ns, Reaching safepoint: 56486 ns, At safepoint: 3075 ns, Total: 59561 ns
[2023-10-18T14:09:01.074+0000][7][safepoint   ] Safepoint "Cleanup", Time since last: 1000133917 ns, Reaching safepoint: 127532 ns, At safepoint: 9840 ns, Total: 137372 ns
[2023-10-18T14:09:01.641+0000][7][safepoint   ] Safepoint "ICBufferFull", Time since last: 567181186 ns, Reaching safepoint: 151290 ns, At safepoint: 10515 ns, Total: 161805 ns
[2023-10-18T14:09:02.642+0000][7][safepoint   ] Safepoint "Cleanup", Time since last: 1000464398 ns, Reaching safepoint: 231099 ns, At safepoint: 14234 ns, Total: 245333 ns
[2023-10-18T14:09:02.743+0000][7][gc,start    ] GC(24) Pause Young (Normal) (G1 Evacuation Pause)
[2023-10-18T14:09:02.743+0000][7][gc,task     ] GC(24) Using 8 workers of 8 for evacuation
[2023-10-18T14:09:02.743+0000][7][gc,age      ] GC(24) Desired survivor size 20971520 bytes, new threshold 15 (max threshold 15)
[2023-10-18T14:09:02.781+0000][7][gc,age      ] GC(24) Age table with threshold 15 (max threshold 15)
[2023-10-18T14:09:02.782+0000][7][gc,age      ] GC(24) - age   1:    5299792 bytes,    5299792 total
[2023-10-18T14:09:02.782+0000][7][gc,age      ] GC(24) - age   2:    2559600 bytes,    7859392 total
[2023-10-18T14:09:02.782+0000][7][gc,age      ] GC(24) - age   3:    1274464 bytes,    9133856 total
[2023-10-18T14:09:02.782+0000][7][gc,age      ] GC(24) - age   4:     476472 bytes,    9610328 total
[2023-10-18T14:09:02.782+0000][7][gc,age      ] GC(24) - age   5:    6295768 bytes,   15906096 total
[2023-10-18T14:09:02.782+0000][7][gc,age      ] GC(24) - age   6:    3785744 bytes,   19691840 total
[2023-10-18T14:09:02.782+0000][7][gc,phases   ] GC(24)   Pre Evacuate Collection Set: 0.1ms
[2023-10-18T14:09:02.782+0000][7][gc,phases   ] GC(24)   Merge Heap Roots: 0.2ms
[2023-10-18T14:09:02.782+0000][7][gc,phases   ] GC(24)   Evacuate Collection Set: 36.1ms
[2023-10-18T14:09:02.782+0000][7][gc,phases   ] GC(24)   Post Evacuate Collection Set: 2.2ms
[2023-10-18T14:09:02.783+0000][7][gc,phases   ] GC(24)   Other: 1.0ms
[2023-10-18T14:09:02.783+0000][7][gc,heap     ] GC(24) Eden regions: 71->0(70)
[2023-10-18T14:09:02.783+0000][7][gc,heap     ] GC(24) Survivor regions: 5->6(10)
[2023-10-18T14:09:02.783+0000][7][gc,heap     ] GC(24) Old regions: 19->19
[2023-10-18T14:09:02.783+0000][7][gc,heap     ] GC(24) Archive regions: 2->2
[2023-10-18T14:09:02.783+0000][7][gc,heap     ] GC(24) Humongous regions: 5->5
[2023-10-18T14:09:02.783+0000][7][gc,metaspace] GC(24) Metaspace: 115221K(116928K)->115221K(116928K) NonClass: 99517K(100480K)->99517K(100480K) Class: 15703K(16448K)->15703K(16448K)
[2023-10-18T14:09:02.783+0000][7][gc          ] GC(24) Pause Young (Normal) (G1 Evacuation Pause) 399M->118M(512M) 40.225ms
[2023-10-18T14:09:02.783+0000][7][gc,cpu      ] GC(24) User=0.09s Sys=0.01s Real=0.04s
[2023-10-18T14:09:02.783+0000][7][safepoint   ] Safepoint "G1CollectForAllocation", Time since last: 100489625 ns, Reaching safepoint: 109206 ns, At safepoint: 40373927 ns, Total: 40483133 ns
[2023-10-18T14:09:03.704+0000][7][safepoint   ] Safepoint "ICBufferFull", Time since last: 920666821 ns, Reaching safepoint: 327143 ns, At safepoint: 21076 ns, Total: 348219 ns
[2023-10-18T14:09:04.704+0000][7][safepoint   ] Safepoint "Cleanup", Time since last: 1000137256 ns, Reaching safepoint: 125541 ns, At safepoint: 15304 ns, Total: 140845 ns
[2023-10-18T14:09:05.705+0000][7][safepoint   ] Safepoint "Cleanup", Time since last: 1000153960 ns, Reaching safepoint: 144380 ns, At safepoint: 11757 ns, Total: 156137 ns
[2023-10-18T14:09:06.705+0000][7][safepoint   ] Safepoint "Cleanup", Time since last: 1000136294 ns, Reaching safepoint: 50345 ns, At safepoint: 5281 ns, Total: 55626 ns
[2023-10-18T14:09:07.705+0000][7][safepoint   ] Safepoint "Cleanup", Time since last: 1000098743 ns, Reaching safepoint: 81492 ns, At safepoint: 4408 ns, Total: 85900 ns
[2023-10-18T14:09:08.706+0000][7][safepoint   ] Safepoint "Cleanup", Time since last: 1000137685 ns, Reaching safepoint: 473034 ns, At safepoint: 20915 ns, Total: 493949 ns
[2023-10-18T14:09:09.706+0000][7][safepoint   ] Safepoint "Cleanup", Time since last: 1000139179 ns, Reaching safepoint: 195558 ns, At safepoint: 5571 ns, Total: 201129 ns
[2023-10-18T14:09:10.706+0000][7][safepoint   ] Safepoint "Cleanup", Time since last: 1000139484 ns, Reaching safepoint: 130094 ns, At safepoint: 7119 ns, Total: 137213 ns
[2023-10-18T14:09:10.814+0000][7][gc,start    ] GC(25) Pause Young (Normal) (G1 Evacuation Pause)
[2023-10-18T14:09:10.814+0000][7][gc,task     ] GC(25) Using 8 workers of 8 for evacuation
[2023-10-18T14:09:10.814+0000][7][gc,age      ] GC(25) Desired survivor size 20971520 bytes, new threshold 15 (max threshold 15)
[2023-10-18T14:09:10.848+0000][7][gc,age      ] GC(25) Age table with threshold 15 (max threshold 15)
[2023-10-18T14:09:10.848+0000][7][gc,age      ] GC(25) - age   1:    2845256 bytes,    2845256 total
[2023-10-18T14:09:10.848+0000][7][gc,age      ] GC(25) - age   2:    3125504 bytes,    5970760 total
[2023-10-18T14:09:10.848+0000][7][gc,age      ] GC(25) - age   3:    2191472 bytes,    8162232 total
[2023-10-18T14:09:10.848+0000][7][gc,age      ] GC(25) - age   4:    1273528 bytes,    9435760 total
[2023-10-18T14:09:10.848+0000][7][gc,age      ] GC(25) - age   5:     476088 bytes,    9911848 total
[2023-10-18T14:09:10.848+0000][7][gc,age      ] GC(25) - age   6:    6278120 bytes,   16189968 total
[2023-10-18T14:09:10.848+0000][7][gc,age      ] GC(25) - age   7:    3785744 bytes,   19975712 total
[2023-10-18T14:09:10.848+0000][7][gc,phases   ] GC(25)   Pre Evacuate Collection Set: 0.2ms
[2023-10-18T14:09:10.848+0000][7][gc,phases   ] GC(25)   Merge Heap Roots: 0.1ms
[2023-10-18T14:09:10.848+0000][7][gc,phases   ] GC(25)   Evacuate Collection Set: 28.8ms
[2023-10-18T14:09:10.848+0000][7][gc,phases   ] GC(25)   Post Evacuate Collection Set: 5.1ms
[2023-10-18T14:09:10.848+0000][7][gc,phases   ] GC(25)   Other: 0.5ms
[2023-10-18T14:09:10.848+0000][7][gc,heap     ] GC(25) Eden regions: 70->0(70)
[2023-10-18T14:09:10.848+0000][7][gc,heap     ] GC(25) Survivor regions: 6->6(10)
[2023-10-18T14:09:10.848+0000][7][gc,heap     ] GC(25) Old regions: 19->19
[2023-10-18T14:09:10.848+0000][7][gc,heap     ] GC(25) Archive regions: 2->2
[2023-10-18T14:09:10.848+0000][7][gc,heap     ] GC(25) Humongous regions: 5->5
[2023-10-18T14:09:10.848+0000][7][gc,metaspace] GC(25) Metaspace: 115418K(117120K)->115418K(117120K) NonClass: 99712K(100672K)->99712K(100672K) Class: 15706K(16448K)->15706K(16448K)
[2023-10-18T14:09:10.848+0000][7][gc          ] GC(25) Pause Young (Normal) (G1 Evacuation Pause) 398M->119M(512M) 34.644ms
[2023-10-18T14:09:10.848+0000][7][gc,cpu      ] GC(25) User=0.10s Sys=0.00s Real=0.04s
[2023-10-18T14:09:10.848+0000][7][safepoint   ] Safepoint "G1CollectForAllocation", Time since last: 106621163 ns, Reaching safepoint: 788675 ns, At safepoint: 34762256 ns, Total: 35550931 ns
[2023-10-18T14:09:11.849+0000][7][safepoint   ] Safepoint "Cleanup", Time since last: 1000090878 ns, Reaching safepoint: 163672 ns, At safepoint: 41980 ns, Total: 205652 ns
[2023-10-18T14:09:12.849+0000][7][safepoint   ] Safepoint "Cleanup", Time since last: 1000116798 ns, Reaching safepoint: 106758 ns, At safepoint: 11999 ns, Total: 118757 ns
[2023-10-18T14:09:13.849+0000][7][safepoint   ] Safepoint "Cleanup", Time since last: 1000157080 ns, Reaching safepoint: 116679 ns, At safepoint: 11861 ns, Total: 128540 ns
[2023-10-18T14:09:15.637+0000][7][safepoint   ] Safepoint "Cleanup", Time since last: 1787358806 ns, Reaching safepoint: 125408 ns, At safepoint: 9771 ns, Total: 135179 ns
[2023-10-18T14:09:16.113+0000][7][gc,start    ] GC(26) Pause Young (Normal) (G1 Evacuation Pause)
[2023-10-18T14:09:16.113+0000][7][gc,task     ] GC(26) Using 8 workers of 8 for evacuation
[2023-10-18T14:09:16.113+0000][7][gc,age      ] GC(26) Desired survivor size 20971520 bytes, new threshold 15 (max threshold 15)
[2023-10-18T14:09:16.125+0000][7][gc,age      ] GC(26) Age table with threshold 15 (max threshold 15)
[2023-10-18T14:09:16.125+0000][7][gc,age      ] GC(26) - age   1:    2229072 bytes,    2229072 total
[2023-10-18T14:09:16.125+0000][7][gc,age      ] GC(26) - age   2:     337064 bytes,    2566136 total
[2023-10-18T14:09:16.125+0000][7][gc,age      ] GC(26) - age   3:    2246848 bytes,    4812984 total
[2023-10-18T14:09:16.125+0000][7][gc,age      ] GC(26) - age   4:    1845648 bytes,    6658632 total
[2023-10-18T14:09:16.125+0000][7][gc,age      ] GC(26) - age   5:    1020688 bytes,    7679320 total
[2023-10-18T14:09:16.125+0000][7][gc,age      ] GC(26) - age   6:     369000 bytes,    8048320 total
[2023-10-18T14:09:16.125+0000][7][gc,age      ] GC(26) - age   7:    5856848 bytes,   13905168 total
[2023-10-18T14:09:16.125+0000][7][gc,age      ] GC(26) - age   8:    3785640 bytes,   17690808 total
[2023-10-18T14:09:16.125+0000][7][gc,phases   ] GC(26)   Pre Evacuate Collection Set: 0.1ms
[2023-10-18T14:09:16.125+0000][7][gc,phases   ] GC(26)   Merge Heap Roots: 0.1ms
[2023-10-18T14:09:16.125+0000][7][gc,phases   ] GC(26)   Evacuate Collection Set: 11.2ms
[2023-10-18T14:09:16.125+0000][7][gc,phases   ] GC(26)   Post Evacuate Collection Set: 0.9ms
[2023-10-18T14:09:16.125+0000][7][gc,phases   ] GC(26)   Other: 0.2ms
[2023-10-18T14:09:16.125+0000][7][gc,heap     ] GC(26) Eden regions: 70->0(71)
[2023-10-18T14:09:16.125+0000][7][gc,heap     ] GC(26) Survivor regions: 6->5(10)
[2023-10-18T14:09:16.125+0000][7][gc,heap     ] GC(26) Old regions: 19->19
[2023-10-18T14:09:16.125+0000][7][gc,heap     ] GC(26) Archive regions: 2->2
[2023-10-18T14:09:16.125+0000][7][gc,heap     ] GC(26) Humongous regions: 5->5
[2023-10-18T14:09:16.125+0000][7][gc,metaspace] GC(26) Metaspace: 115501K(117184K)->115501K(117184K) NonClass: 99793K(100736K)->99793K(100736K) Class: 15707K(16448K)->15707K(16448K)
[2023-10-18T14:09:16.125+0000][7][gc          ] GC(26) Pause Young (Normal) (G1 Evacuation Pause) 399M->116M(512M) 12.500ms
[2023-10-18T14:09:16.125+0000][7][gc,cpu      ] GC(26) User=0.05s Sys=0.00s Real=0.01s
[2023-10-18T14:09:16.125+0000][7][safepoint   ] Safepoint "G1CollectForAllocation", Time since last: 475952333 ns, Reaching safepoint: 73652 ns, At safepoint: 12589631 ns, Total: 12663283 ns
[2023-10-18T14:09:17.125+0000][7][safepoint   ] Safepoint "Cleanup", Time since last: 1000080309 ns, Reaching safepoint: 142928 ns, At safepoint: 3771 ns, Total: 146699 ns
[2023-10-18T14:09:18.126+0000][7][safepoint   ] Safepoint "Cleanup", Time since last: 1000112863 ns, Reaching safepoint: 66243 ns, At safepoint: 4962 ns, Total: 71205 ns
[2023-10-18T14:09:19.126+0000][7][safepoint   ] Safepoint "Cleanup", Time since last: 1000092786 ns, Reaching safepoint: 83346 ns, At safepoint: 7690 ns, Total: 91036 ns
[2023-10-18T14:09:20.126+0000][7][safepoint   ] Safepoint "Cleanup", Time since last: 1000276679 ns, Reaching safepoint: 138323 ns, At safepoint: 6826 ns, Total: 145149 ns
[2023-10-18T14:09:21.127+0000][7][safepoint   ] Safepoint "Cleanup", Time since last: 1000204103 ns, Reaching safepoint: 108738 ns, At safepoint: 9674 ns, Total: 118412 ns
[2023-10-18T14:09:22.128+0000][7][safepoint   ] Safepoint "Cleanup", Time since last: 1000199895 ns, Reaching safepoint: 803977 ns, At safepoint: 119508 ns, Total: 923485 ns
[2023-10-18T14:09:22.308+0000][7][gc,start    ] GC(27) Pause Young (Normal) (G1 Evacuation Pause)
[2023-10-18T14:09:22.308+0000][7][gc,task     ] GC(27) Using 8 workers of 8 for evacuation
[2023-10-18T14:09:22.308+0000][7][gc,age      ] GC(27) Desired survivor size 20971520 bytes, new threshold 15 (max threshold 15)
[2023-10-18T14:09:22.324+0000][7][gc,age      ] GC(27) Age table with threshold 15 (max threshold 15)
[2023-10-18T14:09:22.324+0000][7][gc,age      ] GC(27) - age   1:    2354088 bytes,    2354088 total
[2023-10-18T14:09:22.324+0000][7][gc,age      ] GC(27) - age   2:    1062584 bytes,    3416672 total
[2023-10-18T14:09:22.324+0000][7][gc,age      ] GC(27) - age   3:     223368 bytes,    3640040 total
[2023-10-18T14:09:22.324+0000][7][gc,age      ] GC(27) - age   4:    2207152 bytes,    5847192 total
[2023-10-18T14:09:22.324+0000][7][gc,age      ] GC(27) - age   5:    1843240 bytes,    7690432 total
[2023-10-18T14:09:22.324+0000][7][gc,age      ] GC(27) - age   6:    1017152 bytes,    8707584 total
[2023-10-18T14:09:22.324+0000][7][gc,age      ] GC(27) - age   7:     352464 bytes,    9060048 total
[2023-10-18T14:09:22.324+0000][7][gc,age      ] GC(27) - age   8:    5819496 bytes,   14879544 total
[2023-10-18T14:09:22.324+0000][7][gc,age      ] GC(27) - age   9:    3785640 bytes,   18665184 total
[2023-10-18T14:09:22.324+0000][7][gc,phases   ] GC(27)   Pre Evacuate Collection Set: 0.1ms
[2023-10-18T14:09:22.324+0000][7][gc,phases   ] GC(27)   Merge Heap Roots: 0.1ms
[2023-10-18T14:09:22.324+0000][7][gc,phases   ] GC(27)   Evacuate Collection Set: 15.4ms
[2023-10-18T14:09:22.324+0000][7][gc,phases   ] GC(27)   Post Evacuate Collection Set: 0.8ms
[2023-10-18T14:09:22.324+0000][7][gc,phases   ] GC(27)   Other: 0.2ms
[2023-10-18T14:09:22.324+0000][7][gc,heap     ] GC(27) Eden regions: 71->0(71)
[2023-10-18T14:09:22.324+0000][7][gc,heap     ] GC(27) Survivor regions: 5->5(10)
[2023-10-18T14:09:22.324+0000][7][gc,heap     ] GC(27) Old regions: 19->19
[2023-10-18T14:09:22.324+0000][7][gc,heap     ] GC(27) Archive regions: 2->2
[2023-10-18T14:09:22.324+0000][7][gc,heap     ] GC(27) Humongous regions: 5->5
[2023-10-18T14:09:22.324+0000][7][gc,metaspace] GC(27) Metaspace: 115660K(117376K)->115660K(117376K) NonClass: 99950K(100928K)->99950K(100928K) Class: 15709K(16448K)->15709K(16448K)
[2023-10-18T14:09:22.324+0000][7][gc          ] GC(27) Pause Young (Normal) (G1 Evacuation Pause) 400M->117M(512M) 16.663ms
[2023-10-18T14:09:22.324+0000][7][gc,cpu      ] GC(27) User=0.05s Sys=0.00s Real=0.01s
[2023-10-18T14:09:22.324+0000][7][safepoint   ] Safepoint "G1CollectForAllocation", Time since last: 179913502 ns, Reaching safepoint: 65241 ns, At safepoint: 16740851 ns, Total: 16806092 ns
[2023-10-18T14:09:23.325+0000][7][safepoint   ] Safepoint "Cleanup", Time since last: 1000125692 ns, Reaching safepoint: 92437 ns, At safepoint: 9965 ns, Total: 102402 ns
[2023-10-18T14:09:24.325+0000][7][safepoint   ] Safepoint "Cleanup", Time since last: 1000105648 ns, Reaching safepoint: 66565 ns, At safepoint: 7335 ns, Total: 73900 ns
[2023-10-18T14:09:25.325+0000][7][safepoint   ] Safepoint "Cleanup", Time since last: 1000240831 ns, Reaching safepoint: 260721 ns, At safepoint: 20738 ns, Total: 281459 ns
[2023-10-18T14:09:26.326+0000][7][safepoint   ] Safepoint "Cleanup", Time since last: 1000199679 ns, Reaching safepoint: 102382 ns, At safepoint: 7979 ns, Total: 110361 ns
[2023-10-18T14:09:27.353+0000][7][safepoint   ] Safepoint "Cleanup", Time since last: 1026779595 ns, Reaching safepoint: 139187 ns, At safepoint: 5157 ns, Total: 144344 ns
[2023-10-18T14:09:28.353+0000][7][safepoint   ] Safepoint "Cleanup", Time since last: 1000260691 ns, Reaching safepoint: 122570 ns, At safepoint: 6654 ns, Total: 129224 ns
[2023-10-18T14:09:29.353+0000][7][safepoint   ] Safepoint "Cleanup", Time since last: 1000311896 ns, Reaching safepoint: 86290 ns, At safepoint: 9910 ns, Total: 96200 ns
[2023-10-18T14:09:30.354+0000][7][safepoint   ] Safepoint "Cleanup", Time since last: 1000109243 ns, Reaching safepoint: 122217 ns, At safepoint: 10974 ns, Total: 133191 ns
[2023-10-18T14:09:30.487+0000][7][gc,start    ] GC(28) Pause Young (Normal) (G1 Evacuation Pause)
[2023-10-18T14:09:30.487+0000][7][gc,task     ] GC(28) Using 8 workers of 8 for evacuation
[2023-10-18T14:09:30.487+0000][7][gc,age      ] GC(28) Desired survivor size 20971520 bytes, new threshold 15 (max threshold 15)
[2023-10-18T14:09:30.514+0000][7][gc,age      ] GC(28) Age table with threshold 15 (max threshold 15)
[2023-10-18T14:09:30.514+0000][7][gc,age      ] GC(28) - age   1:    2538776 bytes,    2538776 total
[2023-10-18T14:09:30.515+0000][7][gc,age      ] GC(28) - age   2:     558384 bytes,    3097160 total
[2023-10-18T14:09:30.515+0000][7][gc,age      ] GC(28) - age   3:     434984 bytes,    3532144 total
[2023-10-18T14:09:30.515+0000][7][gc,age      ] GC(28) - age   4:     222408 bytes,    3754552 total
[2023-10-18T14:09:30.515+0000][7][gc,age      ] GC(28) - age   5:    2206384 bytes,    5960936 total
[2023-10-18T14:09:30.515+0000][7][gc,age      ] GC(28) - age   6:    1843208 bytes,    7804144 total
[2023-10-18T14:09:30.515+0000][7][gc,age      ] GC(28) - age   7:    1017024 bytes,    8821168 total
[2023-10-18T14:09:30.516+0000][7][gc,age      ] GC(28) - age   8:     234504 bytes,    9055672 total
[2023-10-18T14:09:30.516+0000][7][gc,age      ] GC(28) - age   9:    5818920 bytes,   14874592 total
[2023-10-18T14:09:30.516+0000][7][gc,age      ] GC(28) - age  10:    3785640 bytes,   18660232 total
[2023-10-18T14:09:30.516+0000][7][gc,phases   ] GC(28)   Pre Evacuate Collection Set: 0.5ms
[2023-10-18T14:09:30.516+0000][7][gc,phases   ] GC(28)   Merge Heap Roots: 0.2ms
[2023-10-18T14:09:30.516+0000][7][gc,phases   ] GC(28)   Evacuate Collection Set: 23.6ms
[2023-10-18T14:09:30.516+0000][7][gc,phases   ] GC(28)   Post Evacuate Collection Set: 2.6ms
[2023-10-18T14:09:30.516+0000][7][gc,phases   ] GC(28)   Other: 2.3ms
[2023-10-18T14:09:30.516+0000][7][gc,heap     ] GC(28) Eden regions: 71->0(71)
[2023-10-18T14:09:30.516+0000][7][gc,heap     ] GC(28) Survivor regions: 5->5(10)
[2023-10-18T14:09:30.516+0000][7][gc,heap     ] GC(28) Old regions: 19->19
[2023-10-18T14:09:30.516+0000][7][gc,heap     ] GC(28) Archive regions: 2->2
[2023-10-18T14:09:30.516+0000][7][gc,heap     ] GC(28) Humongous regions: 5->5
[2023-10-18T14:09:30.516+0000][7][gc,metaspace] GC(28) Metaspace: 115750K(117440K)->115750K(117440K) NonClass: 100040K(100992K)->100040K(100992K) Class: 15709K(16448K)->15709K(16448K)
[2023-10-18T14:09:30.516+0000][7][gc          ] GC(28) Pause Young (Normal) (G1 Evacuation Pause) 401M->117M(512M) 29.239ms
[2023-10-18T14:09:30.516+0000][7][gc,cpu      ] GC(28) User=0.09s Sys=0.01s Real=0.02s
[2023-10-18T14:09:30.516+0000][7][safepoint   ] Safepoint "G1CollectForAllocation", Time since last: 132530910 ns, Reaching safepoint: 238393 ns, At safepoint: 29533492 ns, Total: 29771885 ns
[2023-10-18T14:09:31.516+0000][7][safepoint   ] Safepoint "Cleanup", Time since last: 1000086011 ns, Reaching safepoint: 78407 ns, At safepoint: 7041 ns, Total: 85448 ns
[2023-10-18T14:09:32.516+0000][7][safepoint   ] Safepoint "Cleanup", Time since last: 1000102488 ns, Reaching safepoint: 87566 ns, At safepoint: 5799 ns, Total: 93365 ns
[2023-10-18T14:09:33.517+0000][7][safepoint   ] Safepoint "Cleanup", Time since last: 1000118821 ns, Reaching safepoint: 151974 ns, At safepoint: 14919 ns, Total: 166893 ns
[2023-10-18T14:09:34.517+0000][7][safepoint   ] Safepoint "Cleanup", Time since last: 1000186284 ns, Reaching safepoint: 142023 ns, At safepoint: 5295 ns, Total: 147318 ns
[2023-10-18T14:09:35.517+0000][7][safepoint   ] Safepoint "Cleanup", Time since last: 1000141542 ns, Reaching safepoint: 190786 ns, At safepoint: 8485 ns, Total: 199271 ns
[2023-10-18T14:09:36.518+0000][7][safepoint   ] Safepoint "Cleanup", Time since last: 1000358380 ns, Reaching safepoint: 47246 ns, At safepoint: 9465 ns, Total: 56711 ns
[2023-10-18T14:09:37.518+0000][7][safepoint   ] Safepoint "Cleanup", Time since last: 1000110341 ns, Reaching safepoint: 69742 ns, At safepoint: 5090 ns, Total: 74832 ns
[2023-10-18T14:09:37.660+0000][7][gc,start    ] GC(29) Pause Young (Normal) (G1 Evacuation Pause)
[2023-10-18T14:09:37.660+0000][7][gc,task     ] GC(29) Using 8 workers of 8 for evacuation
[2023-10-18T14:09:37.660+0000][7][gc,age      ] GC(29) Desired survivor size 20971520 bytes, new threshold 15 (max threshold 15)
[2023-10-18T14:09:37.685+0000][7][gc,age      ] GC(29) Age table with threshold 15 (max threshold 15)
[2023-10-18T14:09:37.685+0000][7][gc,age      ] GC(29) - age   1:    3000320 bytes,    3000320 total
[2023-10-18T14:09:37.685+0000][7][gc,age      ] GC(29) - age   2:     532624 bytes,    3532944 total
[2023-10-18T14:09:37.685+0000][7][gc,age      ] GC(29) - age   3:     473568 bytes,    4006512 total
[2023-10-18T14:09:37.685+0000][7][gc,age      ] GC(29) - age   4:     434472 bytes,    4440984 total
[2023-10-18T14:09:37.685+0000][7][gc,age      ] GC(29) - age   5:     219472 bytes,    4660456 total
[2023-10-18T14:09:37.685+0000][7][gc,age      ] GC(29) - age   6:    2194504 bytes,    6854960 total
[2023-10-18T14:09:37.685+0000][7][gc,age      ] GC(29) - age   7:    1831744 bytes,    8686704 total
[2023-10-18T14:09:37.685+0000][7][gc,age      ] GC(29) - age   8:    1016896 bytes,    9703600 total
[2023-10-18T14:09:37.685+0000][7][gc,age      ] GC(29) - age   9:     233600 bytes,    9937200 total
[2023-10-18T14:09:37.685+0000][7][gc,age      ] GC(29) - age  10:    5818576 bytes,   15755776 total
[2023-10-18T14:09:37.685+0000][7][gc,age      ] GC(29) - age  11:    3785640 bytes,   19541416 total
[2023-10-18T14:09:37.685+0000][7][gc,phases   ] GC(29)   Pre Evacuate Collection Set: 1.2ms
[2023-10-18T14:09:37.685+0000][7][gc,phases   ] GC(29)   Merge Heap Roots: 0.2ms
[2023-10-18T14:09:37.685+0000][7][gc,phases   ] GC(29)   Evacuate Collection Set: 22.6ms
[2023-10-18T14:09:37.685+0000][7][gc,phases   ] GC(29)   Post Evacuate Collection Set: 1.0ms
[2023-10-18T14:09:37.685+0000][7][gc,phases   ] GC(29)   Other: 0.5ms
[2023-10-18T14:09:37.685+0000][7][gc,heap     ] GC(29) Eden regions: 71->0(70)
[2023-10-18T14:09:37.685+0000][7][gc,heap     ] GC(29) Survivor regions: 5->6(10)
[2023-10-18T14:09:37.685+0000][7][gc,heap     ] GC(29) Old regions: 19->19
[2023-10-18T14:09:37.685+0000][7][gc,heap     ] GC(29) Archive regions: 2->2
[2023-10-18T14:09:37.685+0000][7][gc,heap     ] GC(29) Humongous regions: 5->5
[2023-10-18T14:09:37.685+0000][7][gc,metaspace] GC(29) Metaspace: 115834K(117504K)->115834K(117504K) NonClass: 100123K(101056K)->100123K(101056K) Class: 15710K(16448K)->15710K(16448K)
[2023-10-18T14:09:37.685+0000][7][gc          ] GC(29) Pause Young (Normal) (G1 Evacuation Pause) 401M->119M(512M) 25.561ms
[2023-10-18T14:09:37.685+0000][7][gc,cpu      ] GC(29) User=0.06s Sys=0.00s Real=0.02s
[2023-10-18T14:09:37.685+0000][7][safepoint   ] Safepoint "G1CollectForAllocation", Time since last: 141222121 ns, Reaching safepoint: 323144 ns, At safepoint: 25742051 ns, Total: 26065195 ns
[2023-10-18T14:09:38.685+0000][7][safepoint   ] Safepoint "Cleanup", Time since last: 1000083562 ns, Reaching safepoint: 64867 ns, At safepoint: 10339 ns, Total: 75206 ns
[2023-10-18T14:09:39.686+0000][7][safepoint   ] Safepoint "Cleanup", Time since last: 1000129535 ns, Reaching safepoint: 92422 ns, At safepoint: 3538 ns, Total: 95960 ns
[2023-10-18T14:09:40.686+0000][7][safepoint   ] Safepoint "Cleanup", Time since last: 1000133329 ns, Reaching safepoint: 171367 ns, At safepoint: 7801 ns, Total: 179168 ns
[2023-10-18T14:09:41.965+0000][7][safepoint   ] Safepoint "Cleanup", Time since last: 1278836459 ns, Reaching safepoint: 111213 ns, At safepoint: 7685 ns, Total: 118898 ns
[2023-10-18T14:09:42.965+0000][7][safepoint   ] Safepoint "Cleanup", Time since last: 1000106418 ns, Reaching safepoint: 66800 ns, At safepoint: 14381 ns, Total: 81181 ns
[2023-10-18T14:09:44.756+0000][7][safepoint   ] Safepoint "Cleanup", Time since last: 1790350696 ns, Reaching safepoint: 373985 ns, At safepoint: 52464 ns, Total: 426449 ns
[2023-10-18T14:09:44.889+0000][7][gc,start    ] GC(30) Pause Young (Normal) (G1 Evacuation Pause)
[2023-10-18T14:09:44.889+0000][7][gc,task     ] GC(30) Using 8 workers of 8 for evacuation
[2023-10-18T14:09:44.889+0000][7][gc,age      ] GC(30) Desired survivor size 20971520 bytes, new threshold 15 (max threshold 15)
[2023-10-18T14:09:44.915+0000][7][gc,age      ] GC(30) Age table with threshold 15 (max threshold 15)
[2023-10-18T14:09:44.915+0000][7][gc,age      ] GC(30) - age   1:    2419528 bytes,    2419528 total
[2023-10-18T14:09:44.915+0000][7][gc,age      ] GC(30) - age   2:     655192 bytes,    3074720 total
[2023-10-18T14:09:44.915+0000][7][gc,age      ] GC(30) - age   3:     527728 bytes,    3602448 total
[2023-10-18T14:09:44.915+0000][7][gc,age      ] GC(30) - age   4:     465760 bytes,    4068208 total
[2023-10-18T14:09:44.915+0000][7][gc,age      ] GC(30) - age   5:     425008 bytes,    4493216 total
[2023-10-18T14:09:44.915+0000][7][gc,age      ] GC(30) - age   6:     203312 bytes,    4696528 total
[2023-10-18T14:09:44.915+0000][7][gc,age      ] GC(30) - age   7:    2193920 bytes,    6890448 total
[2023-10-18T14:09:44.915+0000][7][gc,age      ] GC(30) - age   8:    1831744 bytes,    8722192 total
[2023-10-18T14:09:44.915+0000][7][gc,age      ] GC(30) - age   9:    1016896 bytes,    9739088 total
[2023-10-18T14:09:44.915+0000][7][gc,age      ] GC(30) - age  10:     233600 bytes,    9972688 total
[2023-10-18T14:09:44.915+0000][7][gc,age      ] GC(30) - age  11:    5818024 bytes,   15790712 total
[2023-10-18T14:09:44.915+0000][7][gc,age      ] GC(30) - age  12:    3785640 bytes,   19576352 total
[2023-10-18T14:09:44.915+0000][7][gc,phases   ] GC(30)   Pre Evacuate Collection Set: 0.1ms
[2023-10-18T14:09:44.915+0000][7][gc,phases   ] GC(30)   Merge Heap Roots: 0.1ms
[2023-10-18T14:09:44.915+0000][7][gc,phases   ] GC(30)   Evacuate Collection Set: 23.9ms
[2023-10-18T14:09:44.915+0000][7][gc,phases   ] GC(30)   Post Evacuate Collection Set: 1.9ms
[2023-10-18T14:09:44.916+0000][7][gc,phases   ] GC(30)   Other: 0.4ms
[2023-10-18T14:09:44.916+0000][7][gc,heap     ] GC(30) Eden regions: 70->0(70)
[2023-10-18T14:09:44.916+0000][7][gc,heap     ] GC(30) Survivor regions: 6->6(10)
[2023-10-18T14:09:44.916+0000][7][gc,heap     ] GC(30) Old regions: 19->19
[2023-10-18T14:09:44.916+0000][7][gc,heap     ] GC(30) Archive regions: 2->2
[2023-10-18T14:09:44.916+0000][7][gc,heap     ] GC(30) Humongous regions: 5->5
[2023-10-18T14:09:44.916+0000][7][gc,metaspace] GC(30) Metaspace: 115884K(117568K)->115884K(117568K) NonClass: 100172K(101120K)->100172K(101120K) Class: 15711K(16448K)->15711K(16448K)
[2023-10-18T14:09:44.916+0000][7][gc          ] GC(30) Pause Young (Normal) (G1 Evacuation Pause) 399M->118M(512M) 26.523ms
[2023-10-18T14:09:44.916+0000][7][gc,cpu      ] GC(30) User=0.07s Sys=0.00s Real=0.02s
[2023-10-18T14:09:44.916+0000][7][safepoint   ] Safepoint "G1CollectForAllocation", Time since last: 133182558 ns, Reaching safepoint: 86859 ns, At safepoint: 26645478 ns, Total: 26732337 ns
[2023-10-18T14:09:45.916+0000][7][safepoint   ] Safepoint "Cleanup", Time since last: 1000115034 ns, Reaching safepoint: 107577 ns, At safepoint: 10175 ns, Total: 117752 ns
[2023-10-18T14:09:46.916+0000][7][safepoint   ] Safepoint "Cleanup", Time since last: 1000378294 ns, Reaching safepoint: 163892 ns, At safepoint: 6399 ns, Total: 170291 ns
[2023-10-18T14:09:47.919+0000][7][safepoint   ] Safepoint "Cleanup", Time since last: 1002904730 ns, Reaching safepoint: 127806 ns, At safepoint: 8879 ns, Total: 136685 ns
[2023-10-18T14:09:48.920+0000][7][safepoint   ] Safepoint "Cleanup", Time since last: 1000870506 ns, Reaching safepoint: 90987 ns, At safepoint: 5809 ns, Total: 96796 ns
[2023-10-18T14:09:49.921+0000][7][safepoint   ] Safepoint "Cleanup", Time since last: 1000151096 ns, Reaching safepoint: 495495 ns, At safepoint: 51561 ns, Total: 547056 ns
[2023-10-18T14:09:50.923+0000][7][safepoint   ] Safepoint "Cleanup", Time since last: 1001472948 ns, Reaching safepoint: 133132 ns, At safepoint: 9941 ns, Total: 143073 ns
[2023-10-18T14:09:51.413+0000][7][gc,start    ] GC(31) Pause Young (Normal) (G1 Evacuation Pause)
[2023-10-18T14:09:51.413+0000][7][gc,task     ] GC(31) Using 8 workers of 8 for evacuation
[2023-10-18T14:09:51.413+0000][7][gc,age      ] GC(31) Desired survivor size 20971520 bytes, new threshold 15 (max threshold 15)
[2023-10-18T14:09:51.450+0000][7][gc,age      ] GC(31) Age table with threshold 15 (max threshold 15)
[2023-10-18T14:09:51.450+0000][7][gc,age      ] GC(31) - age   1:    1579464 bytes,    1579464 total
[2023-10-18T14:09:51.450+0000][7][gc,age      ] GC(31) - age   2:     188904 bytes,    1768368 total
[2023-10-18T14:09:51.450+0000][7][gc,age      ] GC(31) - age   3:     210416 bytes,    1978784 total
[2023-10-18T14:09:51.450+0000][7][gc,age      ] GC(31) - age   4:      28400 bytes,    2007184 total
[2023-10-18T14:09:51.450+0000][7][gc,age      ] GC(31) - age   5:     298056 bytes,    2305240 total
[2023-10-18T14:09:51.450+0000][7][gc,age      ] GC(31) - age   6:     334104 bytes,    2639344 total
[2023-10-18T14:09:51.450+0000][7][gc,age      ] GC(31) - age   7:     203040 bytes,    2842384 total
[2023-10-18T14:09:51.450+0000][7][gc,age      ] GC(31) - age   8:    2116144 bytes,    4958528 total
[2023-10-18T14:09:51.450+0000][7][gc,age      ] GC(31) - age   9:    1831744 bytes,    6790272 total
[2023-10-18T14:09:51.450+0000][7][gc,age      ] GC(31) - age  10:    1016584 bytes,    7806856 total
[2023-10-18T14:09:51.450+0000][7][gc,age      ] GC(31) - age  11:     233600 bytes,    8040456 total
[2023-10-18T14:09:51.450+0000][7][gc,age      ] GC(31) - age  12:    5817400 bytes,   13857856 total
[2023-10-18T14:09:51.450+0000][7][gc,age      ] GC(31) - age  13:    3785640 bytes,   17643496 total
[2023-10-18T14:09:51.450+0000][7][gc,phases   ] GC(31)   Pre Evacuate Collection Set: 0.2ms
[2023-10-18T14:09:51.450+0000][7][gc,phases   ] GC(31)   Merge Heap Roots: 0.1ms
[2023-10-18T14:09:51.450+0000][7][gc,phases   ] GC(31)   Evacuate Collection Set: 33.7ms
[2023-10-18T14:09:51.450+0000][7][gc,phases   ] GC(31)   Post Evacuate Collection Set: 2.5ms
[2023-10-18T14:09:51.450+0000][7][gc,phases   ] GC(31)   Other: 0.7ms
[2023-10-18T14:09:51.450+0000][7][gc,heap     ] GC(31) Eden regions: 70->0(71)
[2023-10-18T14:09:51.450+0000][7][gc,heap     ] GC(31) Survivor regions: 6->5(10)
[2023-10-18T14:09:51.450+0000][7][gc,heap     ] GC(31) Old regions: 19->19
[2023-10-18T14:09:51.450+0000][7][gc,heap     ] GC(31) Archive regions: 2->2
[2023-10-18T14:09:51.450+0000][7][gc,heap     ] GC(31) Humongous regions: 5->5
[2023-10-18T14:09:51.450+0000][7][gc,metaspace] GC(31) Metaspace: 115939K(117632K)->115939K(117632K) NonClass: 100227K(101184K)->100227K(101184K) Class: 15711K(16448K)->15711K(16448K)
[2023-10-18T14:09:51.450+0000][7][gc          ] GC(31) Pause Young (Normal) (G1 Evacuation Pause) 398M->116M(512M) 37.308ms
[2023-10-18T14:09:51.450+0000][7][gc,cpu      ] GC(31) User=0.10s Sys=0.00s Real=0.04s
[2023-10-18T14:09:51.450+0000][7][safepoint   ] Safepoint "G1CollectForAllocation", Time since last: 489596036 ns, Reaching safepoint: 410084 ns, At safepoint: 37558545 ns, Total: 37968629 ns
[2023-10-18T14:09:52.468+0000][7][safepoint   ] Safepoint "Cleanup", Time since last: 1017549125 ns, Reaching safepoint: 104738 ns, At safepoint: 4871 ns, Total: 109609 ns
[2023-10-18T14:09:53.469+0000][7][safepoint   ] Safepoint "Cleanup", Time since last: 1000271396 ns, Reaching safepoint: 579662 ns, At safepoint: 40909 ns, Total: 620571 ns
[2023-10-18T14:09:54.470+0000][7][safepoint   ] Safepoint "Cleanup", Time since last: 1000612165 ns, Reaching safepoint: 373144 ns, At safepoint: 24781 ns, Total: 397925 ns
[2023-10-18T14:09:55.471+0000][7][safepoint   ] Safepoint "Cleanup", Time since last: 1000648030 ns, Reaching safepoint: 190295 ns, At safepoint: 34276 ns, Total: 224571 ns
[2023-10-18T14:09:56.474+0000][7][safepoint   ] Safepoint "Cleanup", Time since last: 1001933298 ns, Reaching safepoint: 1696329 ns, At safepoint: 29618 ns, Total: 1725947 ns
[2023-10-18T14:09:57.475+0000][7][safepoint   ] Safepoint "Cleanup", Time since last: 1000630638 ns, Reaching safepoint: 170108 ns, At safepoint: 65009 ns, Total: 235117 ns
[2023-10-18T14:09:58.476+0000][7][safepoint   ] Safepoint "Cleanup", Time since last: 1000239915 ns, Reaching safepoint: 350970 ns, At safepoint: 38956 ns, Total: 389926 ns
[2023-10-18T14:09:59.477+0000][7][safepoint   ] Safepoint "Cleanup", Time since last: 1000375257 ns, Reaching safepoint: 252846 ns, At safepoint: 48317 ns, Total: 301163 ns
[2023-10-18T14:09:59.612+0000][7][gc,start    ] GC(32) Pause Young (Normal) (G1 Evacuation Pause)
[2023-10-18T14:09:59.612+0000][7][gc,task     ] GC(32) Using 8 workers of 8 for evacuation
[2023-10-18T14:09:59.612+0000][7][gc,age      ] GC(32) Desired survivor size 20971520 bytes, new threshold 15 (max threshold 15)
[2023-10-18T14:09:59.650+0000][7][gc,age      ] GC(32) Age table with threshold 15 (max threshold 15)
[2023-10-18T14:09:59.651+0000][7][gc,age      ] GC(32) - age   1:    2160496 bytes,    2160496 total
[2023-10-18T14:09:59.651+0000][7][gc,age      ] GC(32) - age   2:     948560 bytes,    3109056 total
[2023-10-18T14:09:59.651+0000][7][gc,age      ] GC(32) - age   3:     187560 bytes,    3296616 total
[2023-10-18T14:09:59.651+0000][7][gc,age      ] GC(32) - age   4:     210064 bytes,    3506680 total
[2023-10-18T14:09:59.651+0000][7][gc,age      ] GC(32) - age   5:      28144 bytes,    3534824 total
[2023-10-18T14:09:59.651+0000][7][gc,age      ] GC(32) - age   6:     297960 bytes,    3832784 total
[2023-10-18T14:09:59.651+0000][7][gc,age      ] GC(32) - age   7:     334008 bytes,    4166792 total
[2023-10-18T14:09:59.651+0000][7][gc,age      ] GC(32) - age   8:     203040 bytes,    4369832 total
[2023-10-18T14:09:59.651+0000][7][gc,age      ] GC(32) - age   9:    2116048 bytes,    6485880 total
[2023-10-18T14:09:59.651+0000][7][gc,age      ] GC(32) - age  10:    1831744 bytes,    8317624 total
[2023-10-18T14:09:59.651+0000][7][gc,age      ] GC(32) - age  11:    1016584 bytes,    9334208 total
[2023-10-18T14:09:59.651+0000][7][gc,age      ] GC(32) - age  12:     233600 bytes,    9567808 total
[2023-10-18T14:09:59.651+0000][7][gc,age      ] GC(32) - age  13:    5816536 bytes,   15384344 total
[2023-10-18T14:09:59.651+0000][7][gc,age      ] GC(32) - age  14:    3785640 bytes,   19169984 total
[2023-10-18T14:09:59.651+0000][7][gc,phases   ] GC(32)   Pre Evacuate Collection Set: 0.2ms
[2023-10-18T14:09:59.651+0000][7][gc,phases   ] GC(32)   Merge Heap Roots: 0.2ms
[2023-10-18T14:09:59.651+0000][7][gc,phases   ] GC(32)   Evacuate Collection Set: 34.1ms
[2023-10-18T14:09:59.651+0000][7][gc,phases   ] GC(32)   Post Evacuate Collection Set: 3.8ms
[2023-10-18T14:09:59.651+0000][7][gc,phases   ] GC(32)   Other: 0.7ms
[2023-10-18T14:09:59.651+0000][7][gc,heap     ] GC(32) Eden regions: 71->0(70)
[2023-10-18T14:09:59.651+0000][7][gc,heap     ] GC(32) Survivor regions: 5->6(10)
[2023-10-18T14:09:59.651+0000][7][gc,heap     ] GC(32) Old regions: 19->19
[2023-10-18T14:09:59.651+0000][7][gc,heap     ] GC(32) Archive regions: 2->2
[2023-10-18T14:09:59.651+0000][7][gc,heap     ] GC(32) Humongous regions: 5->5
[2023-10-18T14:09:59.651+0000][7][gc,metaspace] GC(32) Metaspace: 115975K(117632K)->115975K(117632K) NonClass: 100263K(101184K)->100263K(101184K) Class: 15711K(16448K)->15711K(16448K)
[2023-10-18T14:09:59.651+0000][7][gc          ] GC(32) Pause Young (Normal) (G1 Evacuation Pause) 400M->118M(512M) 39.282ms
[2023-10-18T14:09:59.651+0000][7][gc,cpu      ] GC(32) User=0.09s Sys=0.01s Real=0.04s
[2023-10-18T14:09:59.651+0000][7][safepoint   ] Safepoint "G1CollectForAllocation", Time since last: 135117310 ns, Reaching safepoint: 125064 ns, At safepoint: 39496662 ns, Total: 39621726 ns
[2023-10-18T14:10:00.652+0000][7][safepoint   ] Safepoint "Cleanup", Time since last: 1000122641 ns, Reaching safepoint: 131000 ns, At safepoint: 14469 ns, Total: 145469 ns
[2023-10-18T14:10:01.652+0000][7][safepoint   ] Safepoint "Cleanup", Time since last: 1000273746 ns, Reaching safepoint: 369613 ns, At safepoint: 27057 ns, Total: 396670 ns
[2023-10-18T14:10:02.653+0000][7][safepoint   ] Safepoint "Cleanup", Time since last: 1000391430 ns, Reaching safepoint: 318994 ns, At safepoint: 15659 ns, Total: 334653 ns
[2023-10-18T14:10:03.653+0000][7][safepoint   ] Safepoint "Cleanup", Time since last: 1000405651 ns, Reaching safepoint: 72782 ns, At safepoint: 6209 ns, Total: 78991 ns
[2023-10-18T14:10:04.654+0000][7][safepoint   ] Safepoint "Cleanup", Time since last: 1000564711 ns, Reaching safepoint: 344272 ns, At safepoint: 25406 ns, Total: 369678 ns
[2023-10-18T14:10:05.655+0000][7][safepoint   ] Safepoint "Cleanup", Time since last: 1000277038 ns, Reaching safepoint: 197308 ns, At safepoint: 15785 ns, Total: 213093 ns
[2023-10-18T14:10:06.655+0000][7][safepoint   ] Safepoint "Cleanup", Time since last: 1000164126 ns, Reaching safepoint: 78489 ns, At safepoint: 11448 ns, Total: 89937 ns
[2023-10-18T14:10:07.655+0000][7][safepoint   ] Safepoint "Cleanup", Time since last: 1000122344 ns, Reaching safepoint: 106684 ns, At safepoint: 5616 ns, Total: 112300 ns
[2023-10-18T14:10:09.007+0000][7][gc,start    ] GC(33) Pause Young (Normal) (G1 Evacuation Pause)
[2023-10-18T14:10:09.007+0000][7][gc,task     ] GC(33) Using 8 workers of 8 for evacuation
[2023-10-18T14:10:09.007+0000][7][gc,age      ] GC(33) Desired survivor size 20971520 bytes, new threshold 15 (max threshold 15)
[2023-10-18T14:10:09.023+0000][7][gc,age      ] GC(33) Age table with threshold 15 (max threshold 15)
[2023-10-18T14:10:09.023+0000][7][gc,age      ] GC(33) - age   1:    2561200 bytes,    2561200 total
[2023-10-18T14:10:09.023+0000][7][gc,age      ] GC(33) - age   2:      37624 bytes,    2598824 total
[2023-10-18T14:10:09.023+0000][7][gc,age      ] GC(33) - age   3:     308480 bytes,    2907304 total
[2023-10-18T14:10:09.023+0000][7][gc,age      ] GC(33) - age   4:     186248 bytes,    3093552 total
[2023-10-18T14:10:09.023+0000][7][gc,age      ] GC(33) - age   5:     209584 bytes,    3303136 total
[2023-10-18T14:10:09.023+0000][7][gc,age      ] GC(33) - age   6:      27544 bytes,    3330680 total
[2023-10-18T14:10:09.023+0000][7][gc,age      ] GC(33) - age   7:     273624 bytes,    3604304 total
[2023-10-18T14:10:09.023+0000][7][gc,age      ] GC(33) - age   8:     212344 bytes,    3816648 total
[2023-10-18T14:10:09.023+0000][7][gc,age      ] GC(33) - age   9:     202856 bytes,    4019504 total
[2023-10-18T14:10:09.023+0000][7][gc,age      ] GC(33) - age  10:    2116048 bytes,    6135552 total
[2023-10-18T14:10:09.023+0000][7][gc,age      ] GC(33) - age  11:    1831744 bytes,    7967296 total
[2023-10-18T14:10:09.023+0000][7][gc,age      ] GC(33) - age  12:    1016584 bytes,    8983880 total
[2023-10-18T14:10:09.023+0000][7][gc,age      ] GC(33) - age  13:     233600 bytes,    9217480 total
[2023-10-18T14:10:09.023+0000][7][gc,age      ] GC(33) - age  14:    5816536 bytes,   15034016 total
[2023-10-18T14:10:09.023+0000][7][gc,age      ] GC(33) - age  15:    3785640 bytes,   18819656 total
[2023-10-18T14:10:09.023+0000][7][gc,phases   ] GC(33)   Pre Evacuate Collection Set: 0.1ms
[2023-10-18T14:10:09.023+0000][7][gc,phases   ] GC(33)   Merge Heap Roots: 0.1ms
[2023-10-18T14:10:09.023+0000][7][gc,phases   ] GC(33)   Evacuate Collection Set: 14.4ms
[2023-10-18T14:10:09.023+0000][7][gc,phases   ] GC(33)   Post Evacuate Collection Set: 0.9ms
[2023-10-18T14:10:09.023+0000][7][gc,phases   ] GC(33)   Other: 0.2ms
[2023-10-18T14:10:09.023+0000][7][gc,heap     ] GC(33) Eden regions: 70->0(71)
[2023-10-18T14:10:09.023+0000][7][gc,heap     ] GC(33) Survivor regions: 6->5(10)
[2023-10-18T14:10:09.023+0000][7][gc,heap     ] GC(33) Old regions: 19->19
[2023-10-18T14:10:09.023+0000][7][gc,heap     ] GC(33) Archive regions: 2->2
[2023-10-18T14:10:09.023+0000][7][gc,heap     ] GC(33) Humongous regions: 5->5
[2023-10-18T14:10:09.023+0000][7][gc,metaspace] GC(33) Metaspace: 116069K(117760K)->116069K(117760K) NonClass: 100354K(101312K)->100354K(101312K) Class: 15715K(16448K)->15715K(16448K)
[2023-10-18T14:10:09.023+0000][7][gc          ] GC(33) Pause Young (Normal) (G1 Evacuation Pause) 398M->117M(512M) 15.695ms
[2023-10-18T14:10:09.023+0000][7][gc,cpu      ] GC(33) User=0.06s Sys=0.01s Real=0.01s
[2023-10-18T14:10:09.023+0000][7][safepoint   ] Safepoint "G1CollectForAllocation", Time since last: 1351805063 ns, Reaching safepoint: 105651 ns, At safepoint: 15770789 ns, Total: 15876440 ns
[2023-10-18T14:10:10.023+0000][7][safepoint   ] Safepoint "Cleanup", Time since last: 1000084816 ns, Reaching safepoint: 111639 ns, At safepoint: 4590 ns, Total: 116229 ns
[2023-10-18T14:10:11.023+0000][7][safepoint   ] Safepoint "Cleanup", Time since last: 1000116017 ns, Reaching safepoint: 68387 ns, At safepoint: 6902 ns, Total: 75289 ns
[2023-10-18T14:10:12.024+0000][7][safepoint   ] Safepoint "Cleanup", Time since last: 1000218446 ns, Reaching safepoint: 260923 ns, At safepoint: 58095 ns, Total: 319018 ns
[2023-10-18T14:10:13.025+0000][7][safepoint   ] Safepoint "Cleanup", Time since last: 1000758730 ns, Reaching safepoint: 90008 ns, At safepoint: 6972 ns, Total: 96980 ns
[2023-10-18T14:10:14.025+0000][7][safepoint   ] Safepoint "Cleanup", Time since last: 1000300128 ns, Reaching safepoint: 136547 ns, At safepoint: 16803 ns, Total: 153350 ns
[2023-10-18T14:10:15.028+0000][7][safepoint   ] Safepoint "Cleanup", Time since last: 1001511108 ns, Reaching safepoint: 795281 ns, At safepoint: 45936 ns, Total: 841217 ns
[2023-10-18T14:10:16.028+0000][7][safepoint   ] Safepoint "Cleanup", Time since last: 1000299917 ns, Reaching safepoint: 222334 ns, At safepoint: 36292 ns, Total: 258626 ns
[2023-10-18T14:10:17.030+0000][7][safepoint   ] Safepoint "Cleanup", Time since last: 1001136824 ns, Reaching safepoint: 148333 ns, At safepoint: 8705 ns, Total: 157038 ns
[2023-10-18T14:10:18.030+0000][7][safepoint   ] Safepoint "Cleanup", Time since last: 1000178281 ns, Reaching safepoint: 131197 ns, At safepoint: 21658 ns, Total: 152855 ns
[2023-10-18T14:10:19.031+0000][7][safepoint   ] Safepoint "Cleanup", Time since last: 1000342719 ns, Reaching safepoint: 462602 ns, At safepoint: 54310 ns, Total: 516912 ns
[2023-10-18T14:10:20.037+0000][7][safepoint   ] Safepoint "Cleanup", Time since last: 1002063068 ns, Reaching safepoint: 3627926 ns, At safepoint: 74000 ns, Total: 3701926 ns
[2023-10-18T14:10:21.037+0000][7][safepoint   ] Safepoint "Cleanup", Time since last: 1000315366 ns, Reaching safepoint: 75719 ns, At safepoint: 11483 ns, Total: 87202 ns
[2023-10-18T14:10:22.038+0000][7][safepoint   ] Safepoint "Cleanup", Time since last: 1000133543 ns, Reaching safepoint: 786812 ns, At safepoint: 30155 ns, Total: 816967 ns
[2023-10-18T14:10:23.038+0000][7][safepoint   ] Safepoint "Cleanup", Time since last: 1000178881 ns, Reaching safepoint: 151483 ns, At safepoint: 10414 ns, Total: 161897 ns
[2023-10-18T14:10:24.039+0000][7][safepoint   ] Safepoint "Cleanup", Time since last: 1000201502 ns, Reaching safepoint: 171391 ns, At safepoint: 10816 ns, Total: 182207 ns
[2023-10-18T14:10:25.039+0000][7][safepoint   ] Safepoint "Cleanup", Time since last: 1000186946 ns, Reaching safepoint: 139366 ns, At safepoint: 10397 ns, Total: 149763 ns
[2023-10-18T14:10:26.039+0000][7][safepoint   ] Safepoint "Cleanup", Time since last: 1000136608 ns, Reaching safepoint: 89088 ns, At safepoint: 32236 ns, Total: 121324 ns
[2023-10-18T14:10:26.071+0000][7][gc,start    ] GC(34) Pause Young (Normal) (G1 Evacuation Pause)
[2023-10-18T14:10:26.071+0000][7][gc,task     ] GC(34) Using 8 workers of 8 for evacuation
[2023-10-18T14:10:26.071+0000][7][gc,age      ] GC(34) Desired survivor size 20971520 bytes, new threshold 15 (max threshold 15)
[2023-10-18T14:10:26.142+0000][7][gc,age      ] GC(34) Age table with threshold 15 (max threshold 15)
[2023-10-18T14:10:26.142+0000][7][gc,age      ] GC(34) - age   1:    2656784 bytes,    2656784 total
[2023-10-18T14:10:26.142+0000][7][gc,age      ] GC(34) - age   2:    1610496 bytes,    4267280 total
[2023-10-18T14:10:26.142+0000][7][gc,age      ] GC(34) - age   3:      21976 bytes,    4289256 total
[2023-10-18T14:10:26.142+0000][7][gc,age      ] GC(34) - age   4:     108744 bytes,    4398000 total
[2023-10-18T14:10:26.142+0000][7][gc,age      ] GC(34) - age   5:     174440 bytes,    4572440 total
[2023-10-18T14:10:26.142+0000][7][gc,age      ] GC(34) - age   6:     208136 bytes,    4780576 total
[2023-10-18T14:10:26.142+0000][7][gc,age      ] GC(34) - age   7:      26816 bytes,    4807392 total
[2023-10-18T14:10:26.142+0000][7][gc,age      ] GC(34) - age   8:     227296 bytes,    5034688 total
[2023-10-18T14:10:26.142+0000][7][gc,age      ] GC(34) - age   9:     212216 bytes,    5246904 total
[2023-10-18T14:10:26.142+0000][7][gc,age      ] GC(34) - age  10:     202792 bytes,    5449696 total
[2023-10-18T14:10:26.142+0000][7][gc,age      ] GC(34) - age  11:    2116048 bytes,    7565744 total
[2023-10-18T14:10:26.142+0000][7][gc,age      ] GC(34) - age  12:    1831680 bytes,    9397424 total
[2023-10-18T14:10:26.142+0000][7][gc,age      ] GC(34) - age  13:    1016176 bytes,   10413600 total
[2023-10-18T14:10:26.142+0000][7][gc,age      ] GC(34) - age  14:     233600 bytes,   10647200 total
[2023-10-18T14:10:26.142+0000][7][gc,age      ] GC(34) - age  15:    5813024 bytes,   16460224 total
[2023-10-18T14:10:26.142+0000][7][gc,phases   ] GC(34)   Pre Evacuate Collection Set: 0.1ms
[2023-10-18T14:10:26.142+0000][7][gc,phases   ] GC(34)   Merge Heap Roots: 0.2ms
[2023-10-18T14:10:26.142+0000][7][gc,phases   ] GC(34)   Evacuate Collection Set: 68.6ms
[2023-10-18T14:10:26.142+0000][7][gc,phases   ] GC(34)   Post Evacuate Collection Set: 1.5ms
[2023-10-18T14:10:26.142+0000][7][gc,phases   ] GC(34)   Other: 0.4ms
[2023-10-18T14:10:26.142+0000][7][gc,heap     ] GC(34) Eden regions: 71->0(71)
[2023-10-18T14:10:26.142+0000][7][gc,heap     ] GC(34) Survivor regions: 5->5(10)
[2023-10-18T14:10:26.142+0000][7][gc,heap     ] GC(34) Old regions: 19->20
[2023-10-18T14:10:26.142+0000][7][gc,heap     ] GC(34) Archive regions: 2->2
[2023-10-18T14:10:26.142+0000][7][gc,heap     ] GC(34) Humongous regions: 5->5
[2023-10-18T14:10:26.142+0000][7][gc,metaspace] GC(34) Metaspace: 116238K(117952K)->116238K(117952K) NonClass: 100521K(101504K)->100521K(101504K) Class: 15717K(16448K)->15717K(16448K)
[2023-10-18T14:10:26.142+0000][7][gc          ] GC(34) Pause Young (Normal) (G1 Evacuation Pause) 401M->118M(512M) 71.062ms
[2023-10-18T14:10:26.142+0000][7][gc,cpu      ] GC(34) User=0.15s Sys=0.02s Real=0.07s
[2023-10-18T14:10:26.142+0000][7][safepoint   ] Safepoint "G1CollectForAllocation", Time since last: 31514840 ns, Reaching safepoint: 89809 ns, At safepoint: 71186968 ns, Total: 71276777 ns
[2023-10-18T14:10:27.142+0000][7][safepoint   ] Safepoint "Cleanup", Time since last: 1000162163 ns, Reaching safepoint: 257613 ns, At safepoint: 12326 ns, Total: 269939 ns
[2023-10-18T14:10:28.143+0000][7][safepoint   ] Safepoint "Cleanup", Time since last: 1000517239 ns, Reaching safepoint: 99613 ns, At safepoint: 5694 ns, Total: 105307 ns
[2023-10-18T14:10:29.144+0000][7][safepoint   ] Safepoint "Cleanup", Time since last: 1000237856 ns, Reaching safepoint: 340653 ns, At safepoint: 48860 ns, Total: 389513 ns
[2023-10-18T14:10:30.145+0000][7][safepoint   ] Safepoint "Cleanup", Time since last: 1000673134 ns, Reaching safepoint: 943458 ns, At safepoint: 55219 ns, Total: 998677 ns
[2023-10-18T14:10:32.071+0000][7][safepoint   ] Safepoint "Cleanup", Time since last: 1925568599 ns, Reaching safepoint: 301020 ns, At safepoint: 16096 ns, Total: 317116 ns
[2023-10-18T14:10:33.072+0000][7][safepoint   ] Safepoint "Cleanup", Time since last: 1000274867 ns, Reaching safepoint: 252107 ns, At safepoint: 39733 ns, Total: 291840 ns
[2023-10-18T14:10:34.123+0000][7][safepoint   ] Safepoint "Cleanup", Time since last: 1050753330 ns, Reaching safepoint: 406244 ns, At safepoint: 7515 ns, Total: 413759 ns
[2023-10-18T14:10:35.123+0000][7][safepoint   ] Safepoint "Cleanup", Time since last: 1000284550 ns, Reaching safepoint: 190839 ns, At safepoint: 30547 ns, Total: 221386 ns
[2023-10-18T14:10:36.124+0000][7][safepoint   ] Safepoint "Cleanup", Time since last: 1000311338 ns, Reaching safepoint: 188488 ns, At safepoint: 30456 ns, Total: 218944 ns
[2023-10-18T14:10:37.125+0000][7][safepoint   ] Safepoint "Cleanup", Time since last: 1000303492 ns, Reaching safepoint: 252071 ns, At safepoint: 76012 ns, Total: 328083 ns
[2023-10-18T14:10:38.125+0000][7][safepoint   ] Safepoint "Cleanup", Time since last: 1000298949 ns, Reaching safepoint: 109103 ns, At safepoint: 15869 ns, Total: 124972 ns
[2023-10-18T14:10:39.125+0000][7][safepoint   ] Safepoint "Cleanup", Time since last: 1000204730 ns, Reaching safepoint: 141589 ns, At safepoint: 13285 ns, Total: 154874 ns
[2023-10-18T14:10:40.447+0000][7][safepoint   ] Safepoint "Cleanup", Time since last: 1321508928 ns, Reaching safepoint: 263591 ns, At safepoint: 8750 ns, Total: 272341 ns
[2023-10-18T14:10:41.448+0000][7][safepoint   ] Safepoint "Cleanup", Time since last: 1000243699 ns, Reaching safepoint: 180355 ns, At safepoint: 12105 ns, Total: 192460 ns
[2023-10-18T14:10:42.448+0000][7][safepoint   ] Safepoint "Cleanup", Time since last: 1000327733 ns, Reaching safepoint: 66911 ns, At safepoint: 13781 ns, Total: 80692 ns
[2023-10-18T14:10:44.448+0000][7][safepoint   ] Safepoint "Cleanup", Time since last: 2000201715 ns, Reaching safepoint: 65272 ns, At safepoint: 4584 ns, Total: 69856 ns
[2023-10-18T14:10:45.448+0000][7][safepoint   ] Safepoint "Cleanup", Time since last: 1000152193 ns, Reaching safepoint: 56235 ns, At safepoint: 5401 ns, Total: 61636 ns
[2023-10-18T14:10:47.449+0000][7][safepoint   ] Safepoint "Cleanup", Time since last: 2000162398 ns, Reaching safepoint: 96511 ns, At safepoint: 12840 ns, Total: 109351 ns
[2023-10-18T14:10:48.141+0000][7][gc,start    ] GC(35) Pause Young (Normal) (G1 Evacuation Pause)
[2023-10-18T14:10:48.141+0000][7][gc,task     ] GC(35) Using 8 workers of 8 for evacuation
[2023-10-18T14:10:48.142+0000][7][gc,age      ] GC(35) Desired survivor size 20971520 bytes, new threshold 15 (max threshold 15)
[2023-10-18T14:10:48.196+0000][7][gc,age      ] GC(35) Age table with threshold 15 (max threshold 15)
[2023-10-18T14:10:48.196+0000][7][gc,age      ] GC(35) - age   1:    2302544 bytes,    2302544 total
[2023-10-18T14:10:48.196+0000][7][gc,age      ] GC(35) - age   2:    1076624 bytes,    3379168 total
[2023-10-18T14:10:48.196+0000][7][gc,age      ] GC(35) - age   3:    1374136 bytes,    4753304 total
[2023-10-18T14:10:48.196+0000][7][gc,age      ] GC(35) - age   4:      21944 bytes,    4775248 total
[2023-10-18T14:10:48.196+0000][7][gc,age      ] GC(35) - age   5:     107816 bytes,    4883064 total
[2023-10-18T14:10:48.196+0000][7][gc,age      ] GC(35) - age   6:     171464 bytes,    5054528 total
[2023-10-18T14:10:48.196+0000][7][gc,age      ] GC(35) - age   7:     207584 bytes,    5262112 total
[2023-10-18T14:10:48.196+0000][7][gc,age      ] GC(35) - age   8:      26592 bytes,    5288704 total
[2023-10-18T14:10:48.196+0000][7][gc,age      ] GC(35) - age   9:     227120 bytes,    5515824 total
[2023-10-18T14:10:48.196+0000][7][gc,age      ] GC(35) - age  10:     211792 bytes,    5727616 total
[2023-10-18T14:10:48.196+0000][7][gc,age      ] GC(35) - age  11:     202792 bytes,    5930408 total
[2023-10-18T14:10:48.196+0000][7][gc,age      ] GC(35) - age  12:    2115984 bytes,    8046392 total
[2023-10-18T14:10:48.196+0000][7][gc,age      ] GC(35) - age  13:    1831680 bytes,    9878072 total
[2023-10-18T14:10:48.196+0000][7][gc,age      ] GC(35) - age  14:    1016176 bytes,   10894248 total
[2023-10-18T14:10:48.196+0000][7][gc,age      ] GC(35) - age  15:     217296 bytes,   11111544 total
[2023-10-18T14:10:48.196+0000][7][gc,phases   ] GC(35)   Pre Evacuate Collection Set: 0.2ms
[2023-10-18T14:10:48.196+0000][7][gc,phases   ] GC(35)   Merge Heap Roots: 0.1ms
[2023-10-18T14:10:48.196+0000][7][gc,phases   ] GC(35)   Evacuate Collection Set: 37.8ms
[2023-10-18T14:10:48.196+0000][7][gc,phases   ] GC(35)   Post Evacuate Collection Set: 16.5ms
[2023-10-18T14:10:48.196+0000][7][gc,phases   ] GC(35)   Other: 0.7ms
[2023-10-18T14:10:48.196+0000][7][gc,heap     ] GC(35) Eden regions: 71->0(73)
[2023-10-18T14:10:48.196+0000][7][gc,heap     ] GC(35) Survivor regions: 5->3(10)
[2023-10-18T14:10:48.196+0000][7][gc,heap     ] GC(35) Old regions: 20->21
[2023-10-18T14:10:48.196+0000][7][gc,heap     ] GC(35) Archive regions: 2->2
[2023-10-18T14:10:48.196+0000][7][gc,heap     ] GC(35) Humongous regions: 5->5
[2023-10-18T14:10:48.196+0000][7][gc,metaspace] GC(35) Metaspace: 116327K(118016K)->116327K(118016K) NonClass: 100607K(101568K)->100607K(101568K) Class: 15720K(16448K)->15720K(16448K)
[2023-10-18T14:10:48.196+0000][7][gc          ] GC(35) Pause Young (Normal) (G1 Evacuation Pause) 402M->119M(512M) 55.354ms
[2023-10-18T14:10:48.197+0000][7][gc,cpu      ] GC(35) User=0.07s Sys=0.02s Real=0.06s
[2023-10-18T14:10:48.197+0000][7][safepoint   ] Safepoint "G1CollectForAllocation", Time since last: 691970524 ns, Reaching safepoint: 235895 ns, At safepoint: 55604125 ns, Total: 55840020 ns
[2023-10-18T14:10:49.197+0000][7][safepoint   ] Safepoint "Cleanup", Time since last: 1000124295 ns, Reaching safepoint: 136004 ns, At safepoint: 7578 ns, Total: 143582 ns
[2023-10-18T14:10:50.197+0000][7][safepoint   ] Safepoint "Cleanup", Time since last: 1000112064 ns, Reaching safepoint: 95984 ns, At safepoint: 4864 ns, Total: 100848 ns
[2023-10-18T14:10:51.197+0000][7][safepoint   ] Safepoint "Cleanup", Time since last: 1000119471 ns, Reaching safepoint: 73095 ns, At safepoint: 5051 ns, Total: 78146 ns
[2023-10-18T14:10:52.198+0000][7][safepoint   ] Safepoint "Cleanup", Time since last: 1000320391 ns, Reaching safepoint: 59251 ns, At safepoint: 4601 ns, Total: 63852 ns
[2023-10-18T14:10:53.198+0000][7][safepoint   ] Safepoint "Cleanup", Time since last: 1000116216 ns, Reaching safepoint: 68674 ns, At safepoint: 10273 ns, Total: 78947 ns
[2023-10-18T14:10:54.198+0000][7][safepoint   ] Safepoint "Cleanup", Time since last: 1000224262 ns, Reaching safepoint: 103966 ns, At safepoint: 19728 ns, Total: 123694 ns
[2023-10-18T14:10:55.199+0000][7][safepoint   ] Safepoint "Cleanup", Time since last: 1000163808 ns, Reaching safepoint: 377380 ns, At safepoint: 13827 ns, Total: 391207 ns
[2023-10-18T14:10:56.199+0000][7][safepoint   ] Safepoint "Cleanup", Time since last: 1000104487 ns, Reaching safepoint: 56747 ns, At safepoint: 9564 ns, Total: 66311 ns
[2023-10-18T14:10:56.413+0000][7][gc,start    ] GC(36) Pause Young (Normal) (G1 Evacuation Pause)
[2023-10-18T14:10:56.413+0000][7][gc,task     ] GC(36) Using 8 workers of 8 for evacuation
[2023-10-18T14:10:56.413+0000][7][gc,age      ] GC(36) Desired survivor size 20971520 bytes, new threshold 15 (max threshold 15)
[2023-10-18T14:10:56.423+0000][7][gc,age      ] GC(36) Age table with threshold 15 (max threshold 15)
[2023-10-18T14:10:56.423+0000][7][gc,age      ] GC(36) - age   1:    2460720 bytes,    2460720 total
[2023-10-18T14:10:56.423+0000][7][gc,age      ] GC(36) - age   2:     184328 bytes,    2645048 total
[2023-10-18T14:10:56.423+0000][7][gc,age      ] GC(36) - age   3:     634976 bytes,    3280024 total
[2023-10-18T14:10:56.423+0000][7][gc,age      ] GC(36) - age   4:     111112 bytes,    3391136 total
[2023-10-18T14:10:56.423+0000][7][gc,age      ] GC(36) - age   5:      19096 bytes,    3410232 total
[2023-10-18T14:10:56.423+0000][7][gc,age      ] GC(36) - age   6:     107592 bytes,    3517824 total
[2023-10-18T14:10:56.423+0000][7][gc,age      ] GC(36) - age   7:      64384 bytes,    3582208 total
[2023-10-18T14:10:56.423+0000][7][gc,age      ] GC(36) - age   8:     207192 bytes,    3789400 total
[2023-10-18T14:10:56.423+0000][7][gc,age      ] GC(36) - age   9:      26464 bytes,    3815864 total
[2023-10-18T14:10:56.423+0000][7][gc,age      ] GC(36) - age  10:     227056 bytes,    4042920 total
[2023-10-18T14:10:56.423+0000][7][gc,age      ] GC(36) - age  11:     211760 bytes,    4254680 total
[2023-10-18T14:10:56.423+0000][7][gc,age      ] GC(36) - age  12:     202512 bytes,    4457192 total
[2023-10-18T14:10:56.423+0000][7][gc,age      ] GC(36) - age  13:    2115984 bytes,    6573176 total
[2023-10-18T14:10:56.423+0000][7][gc,age      ] GC(36) - age  14:    1831680 bytes,    8404856 total
[2023-10-18T14:10:56.423+0000][7][gc,age      ] GC(36) - age  15:    1015984 bytes,    9420840 total
[2023-10-18T14:10:56.423+0000][7][gc,phases   ] GC(36)   Pre Evacuate Collection Set: 0.1ms
[2023-10-18T14:10:56.423+0000][7][gc,phases   ] GC(36)   Merge Heap Roots: 0.1ms
[2023-10-18T14:10:56.423+0000][7][gc,phases   ] GC(36)   Evacuate Collection Set: 8.0ms
[2023-10-18T14:10:56.423+0000][7][gc,phases   ] GC(36)   Post Evacuate Collection Set: 1.2ms
[2023-10-18T14:10:56.423+0000][7][gc,phases   ] GC(36)   Other: 0.3ms
[2023-10-18T14:10:56.423+0000][7][gc,heap     ] GC(36) Eden regions: 73->0(73)
[2023-10-18T14:10:56.423+0000][7][gc,heap     ] GC(36) Survivor regions: 3->3(10)
[2023-10-18T14:10:56.423+0000][7][gc,heap     ] GC(36) Old regions: 21->21
[2023-10-18T14:10:56.423+0000][7][gc,heap     ] GC(36) Archive regions: 2->2
[2023-10-18T14:10:56.423+0000][7][gc,heap     ] GC(36) Humongous regions: 5->5
[2023-10-18T14:10:56.423+0000][7][gc,metaspace] GC(36) Metaspace: 116405K(118080K)->116405K(118080K) NonClass: 100684K(101632K)->100684K(101632K) Class: 15721K(16448K)->15721K(16448K)
[2023-10-18T14:10:56.423+0000][7][gc          ] GC(36) Pause Young (Normal) (G1 Evacuation Pause) 411M->117M(512M) 9.613ms
[2023-10-18T14:10:56.423+0000][7][gc,cpu      ] GC(36) User=0.05s Sys=0.00s Real=0.01s
[2023-10-18T14:10:56.423+0000][7][safepoint   ] Safepoint "G1CollectForAllocation", Time since last: 214411313 ns, Reaching safepoint: 49866 ns, At safepoint: 9692727 ns, Total: 9742593 ns
[2023-10-18T14:10:57.423+0000][7][safepoint   ] Safepoint "Cleanup", Time since last: 1000081141 ns, Reaching safepoint: 51794 ns, At safepoint: 3835 ns, Total: 55629 ns
[2023-10-18T14:10:59.423+0000][7][safepoint   ] Safepoint "Cleanup", Time since last: 2000195796 ns, Reaching safepoint: 67323 ns, At safepoint: 6757 ns, Total: 74080 ns
[2023-10-18T14:11:00.424+0000][7][safepoint   ] Safepoint "Cleanup", Time since last: 1000155051 ns, Reaching safepoint: 88873 ns, At safepoint: 9839 ns, Total: 98712 ns
[2023-10-18T14:11:02.424+0000][7][safepoint   ] Safepoint "Cleanup", Time since last: 2000200691 ns, Reaching safepoint: 112268 ns, At safepoint: 15241 ns, Total: 127509 ns
[2023-10-18T14:11:03.425+0000][7][safepoint   ] Safepoint "Cleanup", Time since last: 1000481807 ns, Reaching safepoint: 148944 ns, At safepoint: 34978 ns, Total: 183922 ns
[2023-10-18T14:11:04.425+0000][7][safepoint   ] Safepoint "Cleanup", Time since last: 1000189719 ns, Reaching safepoint: 152881 ns, At safepoint: 14993 ns, Total: 167874 ns
[2023-10-18T14:11:05.426+0000][7][safepoint   ] Safepoint "Cleanup", Time since last: 1000302644 ns, Reaching safepoint: 182432 ns, At safepoint: 6956 ns, Total: 189388 ns
[2023-10-18T14:11:05.595+0000][7][gc,start    ] GC(37) Pause Young (Normal) (G1 Evacuation Pause)
[2023-10-18T14:11:05.595+0000][7][gc,task     ] GC(37) Using 8 workers of 8 for evacuation
[2023-10-18T14:11:05.595+0000][7][gc,age      ] GC(37) Desired survivor size 20971520 bytes, new threshold 15 (max threshold 15)
[2023-10-18T14:11:05.613+0000][7][gc,age      ] GC(37) Age table with threshold 15 (max threshold 15)
[2023-10-18T14:11:05.613+0000][7][gc,age      ] GC(37) - age   1:    2571240 bytes,    2571240 total
[2023-10-18T14:11:05.613+0000][7][gc,age      ] GC(37) - age   2:     792488 bytes,    3363728 total
[2023-10-18T14:11:05.613+0000][7][gc,age      ] GC(37) - age   3:     182944 bytes,    3546672 total
[2023-10-18T14:11:05.613+0000][7][gc,age      ] GC(37) - age   4:     631800 bytes,    4178472 total
[2023-10-18T14:11:05.613+0000][7][gc,age      ] GC(37) - age   5:     109232 bytes,    4287704 total
[2023-10-18T14:11:05.613+0000][7][gc,age      ] GC(37) - age   6:      19032 bytes,    4306736 total
[2023-10-18T14:11:05.613+0000][7][gc,age      ] GC(37) - age   7:     107560 bytes,    4414296 total
[2023-10-18T14:11:05.613+0000][7][gc,age      ] GC(37) - age   8:      64384 bytes,    4478680 total
[2023-10-18T14:11:05.613+0000][7][gc,age      ] GC(37) - age   9:     207192 bytes,    4685872 total
[2023-10-18T14:11:05.613+0000][7][gc,age      ] GC(37) - age  10:      26464 bytes,    4712336 total
[2023-10-18T14:11:05.613+0000][7][gc,age      ] GC(37) - age  11:     227056 bytes,    4939392 total
[2023-10-18T14:11:05.613+0000][7][gc,age      ] GC(37) - age  12:     211760 bytes,    5151152 total
[2023-10-18T14:11:05.613+0000][7][gc,age      ] GC(37) - age  13:     202512 bytes,    5353664 total
[2023-10-18T14:11:05.613+0000][7][gc,age      ] GC(37) - age  14:    2115984 bytes,    7469648 total
[2023-10-18T14:11:05.613+0000][7][gc,age      ] GC(37) - age  15:    1831680 bytes,    9301328 total
[2023-10-18T14:11:05.613+0000][7][gc,phases   ] GC(37)   Pre Evacuate Collection Set: 0.2ms
[2023-10-18T14:11:05.613+0000][7][gc,phases   ] GC(37)   Merge Heap Roots: 0.1ms
[2023-10-18T14:11:05.613+0000][7][gc,phases   ] GC(37)   Evacuate Collection Set: 8.5ms
[2023-10-18T14:11:05.613+0000][7][gc,phases   ] GC(37)   Post Evacuate Collection Set: 9.3ms
[2023-10-18T14:11:05.613+0000][7][gc,phases   ] GC(37)   Other: 0.5ms
[2023-10-18T14:11:05.613+0000][7][gc,heap     ] GC(37) Eden regions: 73->0(73)
[2023-10-18T14:11:05.613+0000][7][gc,heap     ] GC(37) Survivor regions: 3->3(10)
[2023-10-18T14:11:05.613+0000][7][gc,heap     ] GC(37) Old regions: 21->22
[2023-10-18T14:11:05.613+0000][7][gc,heap     ] GC(37) Archive regions: 2->2
[2023-10-18T14:11:05.613+0000][7][gc,heap     ] GC(37) Humongous regions: 5->5
[2023-10-18T14:11:05.613+0000][7][gc,metaspace] GC(37) Metaspace: 116500K(118144K)->116500K(118144K) NonClass: 100779K(101696K)->100779K(101696K) Class: 15721K(16448K)->15721K(16448K)
[2023-10-18T14:11:05.613+0000][7][gc          ] GC(37) Pause Young (Normal) (G1 Evacuation Pause) 409M->118M(512M) 18.524ms
[2023-10-18T14:11:05.613+0000][7][gc,cpu      ] GC(37) User=0.04s Sys=0.00s Real=0.02s
[2023-10-18T14:11:05.613+0000][7][safepoint   ] Safepoint "G1CollectForAllocation", Time since last: 168676228 ns, Reaching safepoint: 182497 ns, At safepoint: 18679080 ns, Total: 18861577 ns
[2023-10-18T14:11:06.613+0000][7][safepoint   ] Safepoint "Cleanup", Time since last: 1000180288 ns, Reaching safepoint: 88450 ns, At safepoint: 7767 ns, Total: 96217 ns
[2023-10-18T14:11:08.565+0000][7][safepoint   ] Safepoint "Cleanup", Time since last: 1951950555 ns, Reaching safepoint: 106752 ns, At safepoint: 9074 ns, Total: 115826 ns
[2023-10-18T14:11:09.566+0000][7][safepoint   ] Safepoint "Cleanup", Time since last: 1000148862 ns, Reaching safepoint: 69269 ns, At safepoint: 6073 ns, Total: 75342 ns
[2023-10-18T14:11:10.566+0000][7][safepoint   ] Safepoint "Cleanup", Time since last: 1000156519 ns, Reaching safepoint: 114802 ns, At safepoint: 11986 ns, Total: 126788 ns
[2023-10-18T14:11:11.566+0000][7][safepoint   ] Safepoint "Cleanup", Time since last: 1000279311 ns, Reaching safepoint: 69940 ns, At safepoint: 8795 ns, Total: 78735 ns
[2023-10-18T14:11:12.566+0000][7][safepoint   ] Safepoint "Cleanup", Time since last: 1000103548 ns, Reaching safepoint: 66632 ns, At safepoint: 13258 ns, Total: 79890 ns
[2023-10-18T14:11:13.567+0000][7][safepoint   ] Safepoint "Cleanup", Time since last: 1000143578 ns, Reaching safepoint: 80608 ns, At safepoint: 5016 ns, Total: 85624 ns
[2023-10-18T14:11:14.454+0000][7][gc,start    ] GC(38) Pause Young (Normal) (G1 Evacuation Pause)
[2023-10-18T14:11:14.455+0000][7][gc,task     ] GC(38) Using 8 workers of 8 for evacuation
[2023-10-18T14:11:14.455+0000][7][gc,age      ] GC(38) Desired survivor size 20971520 bytes, new threshold 15 (max threshold 15)
[2023-10-18T14:11:14.474+0000][7][gc,age      ] GC(38) Age table with threshold 15 (max threshold 15)
[2023-10-18T14:11:14.474+0000][7][gc,age      ] GC(38) - age   1:    2960832 bytes,    2960832 total
[2023-10-18T14:11:14.474+0000][7][gc,age      ] GC(38) - age   2:     372776 bytes,    3333608 total
[2023-10-18T14:11:14.474+0000][7][gc,age      ] GC(38) - age   3:     704536 bytes,    4038144 total
[2023-10-18T14:11:14.474+0000][7][gc,age      ] GC(38) - age   4:     174280 bytes,    4212424 total
[2023-10-18T14:11:14.474+0000][7][gc,age      ] GC(38) - age   5:     629352 bytes,    4841776 total
[2023-10-18T14:11:14.474+0000][7][gc,age      ] GC(38) - age   6:     109040 bytes,    4950816 total
[2023-10-18T14:11:14.474+0000][7][gc,age      ] GC(38) - age   7:      19032 bytes,    4969848 total
[2023-10-18T14:11:14.474+0000][7][gc,age      ] GC(38) - age   8:     107560 bytes,    5077408 total
[2023-10-18T14:11:14.474+0000][7][gc,age      ] GC(38) - age   9:      64384 bytes,    5141792 total
[2023-10-18T14:11:14.474+0000][7][gc,age      ] GC(38) - age  10:     207192 bytes,    5348984 total
[2023-10-18T14:11:14.474+0000][7][gc,age      ] GC(38) - age  11:      26464 bytes,    5375448 total
[2023-10-18T14:11:14.474+0000][7][gc,age      ] GC(38) - age  12:     227056 bytes,    5602504 total
[2023-10-18T14:11:14.474+0000][7][gc,age      ] GC(38) - age  13:     211448 bytes,    5813952 total
[2023-10-18T14:11:14.474+0000][7][gc,age      ] GC(38) - age  14:     202512 bytes,    6016464 total
[2023-10-18T14:11:14.474+0000][7][gc,age      ] GC(38) - age  15:    2115984 bytes,    8132448 total
[2023-10-18T14:11:14.474+0000][7][gc,phases   ] GC(38)   Pre Evacuate Collection Set: 0.1ms
[2023-10-18T14:11:14.474+0000][7][gc,phases   ] GC(38)   Merge Heap Roots: 0.1ms
[2023-10-18T14:11:14.474+0000][7][gc,phases   ] GC(38)   Evacuate Collection Set: 18.1ms
[2023-10-18T14:11:14.474+0000][7][gc,phases   ] GC(38)   Post Evacuate Collection Set: 0.7ms
[2023-10-18T14:11:14.474+0000][7][gc,phases   ] GC(38)   Other: 0.4ms
[2023-10-18T14:11:14.474+0000][7][gc,heap     ] GC(38) Eden regions: 73->0(73)
[2023-10-18T14:11:14.474+0000][7][gc,heap     ] GC(38) Survivor regions: 3->3(10)
[2023-10-18T14:11:14.474+0000][7][gc,heap     ] GC(38) Old regions: 22->22
[2023-10-18T14:11:14.474+0000][7][gc,heap     ] GC(38) Archive regions: 2->2
[2023-10-18T14:11:14.474+0000][7][gc,heap     ] GC(38) Humongous regions: 5->5
[2023-10-18T14:11:14.474+0000][7][gc,metaspace] GC(38) Metaspace: 116627K(118272K)->116627K(118272K) NonClass: 100905K(101824K)->100905K(101824K) Class: 15721K(16448K)->15721K(16448K)
[2023-10-18T14:11:14.474+0000][7][gc          ] GC(38) Pause Young (Normal) (G1 Evacuation Pause) 410M->119M(512M) 19.393ms
[2023-10-18T14:11:14.474+0000][7][gc,cpu      ] GC(38) User=0.04s Sys=0.02s Real=0.02s
[2023-10-18T14:11:14.474+0000][7][safepoint   ] Safepoint "G1CollectForAllocation", Time since last: 887507201 ns, Reaching safepoint: 123256 ns, At safepoint: 19477536 ns, Total: 19600792 ns
[2023-10-18T14:11:15.474+0000][7][safepoint   ] Safepoint "Cleanup", Time since last: 1000099382 ns, Reaching safepoint: 85140 ns, At safepoint: 8616 ns, Total: 93756 ns
[2023-10-18T14:11:16.474+0000][7][safepoint   ] Safepoint "Cleanup", Time since last: 1000133731 ns, Reaching safepoint: 195328 ns, At safepoint: 9325 ns, Total: 204653 ns
[2023-10-18T14:11:17.475+0000][7][safepoint   ] Safepoint "Cleanup", Time since last: 1000111482 ns, Reaching safepoint: 114415 ns, At safepoint: 20815 ns, Total: 135230 ns
[2023-10-18T14:11:18.475+0000][7][safepoint   ] Safepoint "Cleanup", Time since last: 1000130988 ns, Reaching safepoint: 96733 ns, At safepoint: 12960 ns, Total: 109693 ns
[2023-10-18T14:11:19.475+0000][7][safepoint   ] Safepoint "Cleanup", Time since last: 1000115118 ns, Reaching safepoint: 101158 ns, At safepoint: 6650 ns, Total: 107808 ns
[2023-10-18T14:11:20.475+0000][7][safepoint   ] Safepoint "Cleanup", Time since last: 1000223287 ns, Reaching safepoint: 169664 ns, At safepoint: 11568 ns, Total: 181232 ns
[2023-10-18T14:11:20.790+0000][7][gc,start    ] GC(39) Pause Young (Normal) (G1 Evacuation Pause)
[2023-10-18T14:11:20.790+0000][7][gc,task     ] GC(39) Using 8 workers of 8 for evacuation
[2023-10-18T14:11:20.790+0000][7][gc,age      ] GC(39) Desired survivor size 20971520 bytes, new threshold 15 (max threshold 15)
[2023-10-18T14:11:20.804+0000][7][gc,age      ] GC(39) Age table with threshold 15 (max threshold 15)
[2023-10-18T14:11:20.804+0000][7][gc,age      ] GC(39) - age   1:    2237024 bytes,    2237024 total
[2023-10-18T14:11:20.804+0000][7][gc,age      ] GC(39) - age   2:      16528 bytes,    2253552 total
[2023-10-18T14:11:20.804+0000][7][gc,age      ] GC(39) - age   3:      21912 bytes,    2275464 total
[2023-10-18T14:11:20.804+0000][7][gc,age      ] GC(39) - age   4:      91280 bytes,    2366744 total
[2023-10-18T14:11:20.804+0000][7][gc,age      ] GC(39) - age   5:     167968 bytes,    2534712 total
[2023-10-18T14:11:20.804+0000][7][gc,age      ] GC(39) - age   6:     236600 bytes,    2771312 total
[2023-10-18T14:11:20.804+0000][7][gc,age      ] GC(39) - age   7:     108896 bytes,    2880208 total
[2023-10-18T14:11:20.804+0000][7][gc,age      ] GC(39) - age   8:      18968 bytes,    2899176 total
[2023-10-18T14:11:20.804+0000][7][gc,age      ] GC(39) - age   9:     107560 bytes,    3006736 total
[2023-10-18T14:11:20.804+0000][7][gc,age      ] GC(39) - age  10:      48224 bytes,    3054960 total
[2023-10-18T14:11:20.804+0000][7][gc,age      ] GC(39) - age  11:     190952 bytes,    3245912 total
[2023-10-18T14:11:20.804+0000][7][gc,age      ] GC(39) - age  12:      26464 bytes,    3272376 total
[2023-10-18T14:11:20.804+0000][7][gc,age      ] GC(39) - age  13:     210928 bytes,    3483304 total
[2023-10-18T14:11:20.804+0000][7][gc,age      ] GC(39) - age  14:     211448 bytes,    3694752 total
[2023-10-18T14:11:20.804+0000][7][gc,age      ] GC(39) - age  15:     186344 bytes,    3881096 total
[2023-10-18T14:11:20.804+0000][7][gc,phases   ] GC(39)   Pre Evacuate Collection Set: 0.1ms
[2023-10-18T14:11:20.804+0000][7][gc,phases   ] GC(39)   Merge Heap Roots: 0.1ms
[2023-10-18T14:11:20.804+0000][7][gc,phases   ] GC(39)   Evacuate Collection Set: 13.0ms
[2023-10-18T14:11:20.804+0000][7][gc,phases   ] GC(39)   Post Evacuate Collection Set: 0.7ms
[2023-10-18T14:11:20.804+0000][7][gc,phases   ] GC(39)   Other: 0.4ms
[2023-10-18T14:11:20.804+0000][7][gc,heap     ] GC(39) Eden regions: 73->0(73)
[2023-10-18T14:11:20.804+0000][7][gc,heap     ] GC(39) Survivor regions: 3->2(10)
[2023-10-18T14:11:20.804+0000][7][gc,heap     ] GC(39) Old regions: 22->23
[2023-10-18T14:11:20.804+0000][7][gc,heap     ] GC(39) Archive regions: 2->2
[2023-10-18T14:11:20.804+0000][7][gc,heap     ] GC(39) Humongous regions: 5->5
[2023-10-18T14:11:20.804+0000][7][gc,metaspace] GC(39) Metaspace: 116680K(118336K)->116680K(118336K) NonClass: 100958K(101888K)->100958K(101888K) Class: 15721K(16448K)->15721K(16448K)
[2023-10-18T14:11:20.804+0000][7][gc          ] GC(39) Pause Young (Normal) (G1 Evacuation Pause) 411M->117M(512M) 14.240ms
[2023-10-18T14:11:20.804+0000][7][gc,cpu      ] GC(39) User=0.03s Sys=0.00s Real=0.01s
[2023-10-18T14:11:20.804+0000][7][safepoint   ] Safepoint "G1CollectForAllocation", Time since last: 313774986 ns, Reaching safepoint: 259716 ns, At safepoint: 14354221 ns, Total: 14613937 ns
[2023-10-18T14:11:21.804+0000][7][safepoint   ] Safepoint "Cleanup", Time since last: 1000337338 ns, Reaching safepoint: 52832 ns, At safepoint: 26362 ns, Total: 79194 ns
[2023-10-18T14:11:22.804+0000][7][safepoint   ] Safepoint "Cleanup", Time since last: 1000130332 ns, Reaching safepoint: 77231 ns, At safepoint: 7981 ns, Total: 85212 ns
[2023-10-18T14:11:24.805+0000][7][safepoint   ] Safepoint "Cleanup", Time since last: 2000262682 ns, Reaching safepoint: 215448 ns, At safepoint: 8909 ns, Total: 224357 ns
[2023-10-18T14:11:25.806+0000][7][safepoint   ] Safepoint "Cleanup", Time since last: 1000567342 ns, Reaching safepoint: 64394 ns, At safepoint: 5284 ns, Total: 69678 ns
[2023-10-18T14:11:26.806+0000][7][safepoint   ] Safepoint "Cleanup", Time since last: 1000152085 ns, Reaching safepoint: 45967 ns, At safepoint: 7236 ns, Total: 53203 ns
[2023-10-18T14:11:27.806+0000][7][safepoint   ] Safepoint "Cleanup", Time since last: 1000193153 ns, Reaching safepoint: 34020 ns, At safepoint: 13880 ns, Total: 47900 ns
[2023-10-18T14:11:28.668+0000][7][gc,start    ] GC(40) Pause Young (Normal) (G1 Evacuation Pause)
[2023-10-18T14:11:28.668+0000][7][gc,task     ] GC(40) Using 8 workers of 8 for evacuation
[2023-10-18T14:11:28.668+0000][7][gc,age      ] GC(40) Desired survivor size 20971520 bytes, new threshold 15 (max threshold 15)
[2023-10-18T14:11:28.672+0000][7][gc,age      ] GC(40) Age table with threshold 15 (max threshold 15)
[2023-10-18T14:11:28.672+0000][7][gc,age      ] GC(40) - age   1:    2209592 bytes,    2209592 total
[2023-10-18T14:11:28.672+0000][7][gc,age      ] GC(40) - age   2:     898176 bytes,    3107768 total
[2023-10-18T14:11:28.672+0000][7][gc,age      ] GC(40) - age   3:      13032 bytes,    3120800 total
[2023-10-18T14:11:28.672+0000][7][gc,age      ] GC(40) - age   4:      20888 bytes,    3141688 total
[2023-10-18T14:11:28.672+0000][7][gc,age      ] GC(40) - age   5:      90352 bytes,    3232040 total
[2023-10-18T14:11:28.672+0000][7][gc,age      ] GC(40) - age   6:     151576 bytes,    3383616 total
[2023-10-18T14:11:28.672+0000][7][gc,age      ] GC(40) - age   7:     230296 bytes,    3613912 total
[2023-10-18T14:11:28.672+0000][7][gc,age      ] GC(40) - age   8:     108768 bytes,    3722680 total
[2023-10-18T14:11:28.672+0000][7][gc,age      ] GC(40) - age   9:      18904 bytes,    3741584 total
[2023-10-18T14:11:28.672+0000][7][gc,age      ] GC(40) - age  10:     107560 bytes,    3849144 total
[2023-10-18T14:11:28.672+0000][7][gc,age      ] GC(40) - age  11:      48224 bytes,    3897368 total
[2023-10-18T14:11:28.672+0000][7][gc,age      ] GC(40) - age  12:     190952 bytes,    4088320 total
[2023-10-18T14:11:28.672+0000][7][gc,age      ] GC(40) - age  13:      26464 bytes,    4114784 total
[2023-10-18T14:11:28.672+0000][7][gc,age      ] GC(40) - age  14:     210880 bytes,    4325664 total
[2023-10-18T14:11:28.672+0000][7][gc,age      ] GC(40) - age  15:     211448 bytes,    4537112 total
[2023-10-18T14:11:28.672+0000][7][gc,phases   ] GC(40)   Pre Evacuate Collection Set: 0.2ms
[2023-10-18T14:11:28.672+0000][7][gc,phases   ] GC(40)   Merge Heap Roots: 0.1ms
[2023-10-18T14:11:28.672+0000][7][gc,phases   ] GC(40)   Evacuate Collection Set: 2.7ms
[2023-10-18T14:11:28.672+0000][7][gc,phases   ] GC(40)   Post Evacuate Collection Set: 0.5ms
[2023-10-18T14:11:28.672+0000][7][gc,phases   ] GC(40)   Other: 0.4ms
[2023-10-18T14:11:28.672+0000][7][gc,heap     ] GC(40) Eden regions: 73->0(73)
[2023-10-18T14:11:28.672+0000][7][gc,heap     ] GC(40) Survivor regions: 2->2(10)
[2023-10-18T14:11:28.672+0000][7][gc,heap     ] GC(40) Old regions: 23->23
[2023-10-18T14:11:28.672+0000][7][gc,heap     ] GC(40) Archive regions: 2->2
[2023-10-18T14:11:28.672+0000][7][gc,heap     ] GC(40) Humongous regions: 5->5
[2023-10-18T14:11:28.672+0000][7][gc,metaspace] GC(40) Metaspace: 116716K(118400K)->116716K(118400K) NonClass: 100994K(101952K)->100994K(101952K) Class: 15721K(16448K)->15721K(16448K)
[2023-10-18T14:11:28.672+0000][7][gc          ] GC(40) Pause Young (Normal) (G1 Evacuation Pause) 409M->117M(512M) 3.894ms
[2023-10-18T14:11:28.672+0000][7][gc,cpu      ] GC(40) User=0.02s Sys=0.00s Real=0.00s
[2023-10-18T14:11:28.672+0000][7][safepoint   ] Safepoint "G1CollectForAllocation", Time since last: 861850118 ns, Reaching safepoint: 59803 ns, At safepoint: 3978473 ns, Total: 4038276 ns
[2023-10-18T14:11:30.672+0000][7][safepoint   ] Safepoint "Cleanup", Time since last: 2000250463 ns, Reaching safepoint: 224634 ns, At safepoint: 20063 ns, Total: 244697 ns
[2023-10-18T14:11:31.673+0000][7][safepoint   ] Safepoint "Cleanup", Time since last: 1000223710 ns, Reaching safepoint: 115933 ns, At safepoint: 4598 ns, Total: 120531 ns
[2023-10-18T14:11:32.673+0000][7][safepoint   ] Safepoint "Cleanup", Time since last: 1000140476 ns, Reaching safepoint: 179836 ns, At safepoint: 7845 ns, Total: 187681 ns
[2023-10-18T14:11:33.673+0000][7][safepoint   ] Safepoint "Cleanup", Time since last: 1000131396 ns, Reaching safepoint: 85177 ns, At safepoint: 7064 ns, Total: 92241 ns
[2023-10-18T14:11:34.674+0000][7][safepoint   ] Safepoint "Cleanup", Time since last: 1000314797 ns, Reaching safepoint: 63654 ns, At safepoint: 5458 ns, Total: 69112 ns
[2023-10-18T14:11:35.674+0000][7][safepoint   ] Safepoint "Cleanup", Time since last: 1000115540 ns, Reaching safepoint: 106995 ns, At safepoint: 6728 ns, Total: 113723 ns
[2023-10-18T14:11:36.674+0000][7][safepoint   ] Safepoint "Cleanup", Time since last: 1000129638 ns, Reaching safepoint: 175266 ns, At safepoint: 10483 ns, Total: 185749 ns
[2023-10-18T14:11:36.959+0000][7][gc,start    ] GC(41) Pause Young (Normal) (G1 Evacuation Pause)
[2023-10-18T14:11:36.959+0000][7][gc,task     ] GC(41) Using 8 workers of 8 for evacuation
[2023-10-18T14:11:36.959+0000][7][gc,age      ] GC(41) Desired survivor size 20971520 bytes, new threshold 15 (max threshold 15)
[2023-10-18T14:11:36.967+0000][7][gc,age      ] GC(41) Age table with threshold 15 (max threshold 15)
[2023-10-18T14:11:36.967+0000][7][gc,age      ] GC(41) - age   1:    1758080 bytes,    1758080 total
[2023-10-18T14:11:36.967+0000][7][gc,age      ] GC(41) - age   2:     863808 bytes,    2621888 total
[2023-10-18T14:11:36.967+0000][7][gc,age      ] GC(41) - age   3:     869200 bytes,    3491088 total
[2023-10-18T14:11:36.967+0000][7][gc,age      ] GC(41) - age   4:      12664 bytes,    3503752 total
[2023-10-18T14:11:36.967+0000][7][gc,age      ] GC(41) - age   5:      20632 bytes,    3524384 total
[2023-10-18T14:11:36.967+0000][7][gc,age      ] GC(41) - age   6:      87264 bytes,    3611648 total
[2023-10-18T14:11:36.967+0000][7][gc,age      ] GC(41) - age   7:     150960 bytes,    3762608 total
[2023-10-18T14:11:36.967+0000][7][gc,age      ] GC(41) - age   8:     229032 bytes,    3991640 total
[2023-10-18T14:11:36.967+0000][7][gc,age      ] GC(41) - age   9:     108768 bytes,    4100408 total
[2023-10-18T14:11:36.967+0000][7][gc,age      ] GC(41) - age  10:      18904 bytes,    4119312 total
[2023-10-18T14:11:36.967+0000][7][gc,age      ] GC(41) - age  11:     107560 bytes,    4226872 total
[2023-10-18T14:11:36.967+0000][7][gc,age      ] GC(41) - age  12:      36824 bytes,    4263696 total
[2023-10-18T14:11:36.967+0000][7][gc,age      ] GC(41) - age  13:     190768 bytes,    4454464 total
[2023-10-18T14:11:36.967+0000][7][gc,age      ] GC(41) - age  14:      26464 bytes,    4480928 total
[2023-10-18T14:11:36.967+0000][7][gc,age      ] GC(41) - age  15:     210880 bytes,    4691808 total
[2023-10-18T14:11:36.967+0000][7][gc,phases   ] GC(41)   Pre Evacuate Collection Set: 0.1ms
[2023-10-18T14:11:36.967+0000][7][gc,phases   ] GC(41)   Merge Heap Roots: 0.0ms
[2023-10-18T14:11:36.967+0000][7][gc,phases   ] GC(41)   Evacuate Collection Set: 7.4ms
[2023-10-18T14:11:36.968+0000][7][gc,phases   ] GC(41)   Post Evacuate Collection Set: 0.9ms
[2023-10-18T14:11:36.968+0000][7][gc,phases   ] GC(41)   Other: 0.5ms
[2023-10-18T14:11:36.968+0000][7][gc,heap     ] GC(41) Eden regions: 73->0(73)
[2023-10-18T14:11:36.968+0000][7][gc,heap     ] GC(41) Survivor regions: 2->2(10)
[2023-10-18T14:11:36.968+0000][7][gc,heap     ] GC(41) Old regions: 23->23
[2023-10-18T14:11:36.968+0000][7][gc,heap     ] GC(41) Archive regions: 2->2
[2023-10-18T14:11:36.968+0000][7][gc,heap     ] GC(41) Humongous regions: 5->5
[2023-10-18T14:11:36.968+0000][7][gc,metaspace] GC(41) Metaspace: 116754K(118464K)->116754K(118464K) NonClass: 101032K(102016K)->101032K(102016K) Class: 15721K(16448K)->15721K(16448K)
[2023-10-18T14:11:36.968+0000][7][gc          ] GC(41) Pause Young (Normal) (G1 Evacuation Pause) 409M->118M(512M) 8.922ms
[2023-10-18T14:11:36.968+0000][7][gc,cpu      ] GC(41) User=0.03s Sys=0.00s Real=0.01s
[2023-10-18T14:11:36.968+0000][7][safepoint   ] Safepoint "G1CollectForAllocation", Time since last: 284266666 ns, Reaching safepoint: 88951 ns, At safepoint: 9030581 ns, Total: 9119532 ns
[2023-10-18T14:11:38.598+0000][7][safepoint   ] Safepoint "Cleanup", Time since last: 1630672918 ns, Reaching safepoint: 161763 ns, At safepoint: 7426 ns, Total: 169189 ns
[2023-10-18T14:11:39.599+0000][7][safepoint   ] Safepoint "Cleanup", Time since last: 1000181905 ns, Reaching safepoint: 166862 ns, At safepoint: 6935 ns, Total: 173797 ns
[2023-10-18T14:11:40.599+0000][7][safepoint   ] Safepoint "Cleanup", Time since last: 1000092958 ns, Reaching safepoint: 35621 ns, At safepoint: 5354 ns, Total: 40975 ns
[2023-10-18T14:11:41.599+0000][7][safepoint   ] Safepoint "Cleanup", Time since last: 1000132288 ns, Reaching safepoint: 75716 ns, At safepoint: 4211 ns, Total: 79927 ns
[2023-10-18T14:11:43.218+0000][7][gc,start    ] GC(42) Pause Young (Normal) (G1 Evacuation Pause)
[2023-10-18T14:11:43.218+0000][7][gc,task     ] GC(42) Using 8 workers of 8 for evacuation
[2023-10-18T14:11:43.218+0000][7][gc,age      ] GC(42) Desired survivor size 20971520 bytes, new threshold 15 (max threshold 15)
[2023-10-18T14:11:43.227+0000][7][gc,age      ] GC(42) Age table with threshold 15 (max threshold 15)
[2023-10-18T14:11:43.227+0000][7][gc,age      ] GC(42) - age   1:    1779368 bytes,    1779368 total
[2023-10-18T14:11:43.227+0000][7][gc,age      ] GC(42) - age   2:     200800 bytes,    1980168 total
[2023-10-18T14:11:43.227+0000][7][gc,age      ] GC(42) - age   3:     275832 bytes,    2256000 total
[2023-10-18T14:11:43.227+0000][7][gc,age      ] GC(42) - age   4:     574312 bytes,    2830312 total
[2023-10-18T14:11:43.227+0000][7][gc,age      ] GC(42) - age   5:       6744 bytes,    2837056 total
[2023-10-18T14:11:43.227+0000][7][gc,age      ] GC(42) - age   6:      20568 bytes,    2857624 total
[2023-10-18T14:11:43.227+0000][7][gc,age      ] GC(42) - age   7:      77056 bytes,    2934680 total
[2023-10-18T14:11:43.227+0000][7][gc,age      ] GC(42) - age   8:      14208 bytes,    2948888 total
[2023-10-18T14:11:43.227+0000][7][gc,age      ] GC(42) - age   9:     228968 bytes,    3177856 total
[2023-10-18T14:11:43.227+0000][7][gc,age      ] GC(42) - age  10:     108768 bytes,    3286624 total
[2023-10-18T14:11:43.227+0000][7][gc,age      ] GC(42) - age  11:      18872 bytes,    3305496 total
[2023-10-18T14:11:43.227+0000][7][gc,age      ] GC(42) - age  12:     107560 bytes,    3413056 total
[2023-10-18T14:11:43.228+0000][7][gc,age      ] GC(42) - age  13:      25384 bytes,    3438440 total
[2023-10-18T14:11:43.228+0000][7][gc,age      ] GC(42) - age  14:     188576 bytes,    3627016 total
[2023-10-18T14:11:43.228+0000][7][gc,age      ] GC(42) - age  15:      26464 bytes,    3653480 total
[2023-10-18T14:11:43.228+0000][7][gc,phases   ] GC(42)   Pre Evacuate Collection Set: 0.1ms
[2023-10-18T14:11:43.228+0000][7][gc,phases   ] GC(42)   Merge Heap Roots: 0.0ms
[2023-10-18T14:11:43.228+0000][7][gc,phases   ] GC(42)   Evacuate Collection Set: 8.0ms
[2023-10-18T14:11:43.228+0000][7][gc,phases   ] GC(42)   Post Evacuate Collection Set: 0.9ms
[2023-10-18T14:11:43.228+0000][7][gc,phases   ] GC(42)   Other: 0.5ms
[2023-10-18T14:11:43.228+0000][7][gc,heap     ] GC(42) Eden regions: 73->0(74)
[2023-10-18T14:11:43.228+0000][7][gc,heap     ] GC(42) Survivor regions: 2->1(10)
[2023-10-18T14:11:43.228+0000][7][gc,heap     ] GC(42) Old regions: 23->23
[2023-10-18T14:11:43.228+0000][7][gc,heap     ] GC(42) Archive regions: 2->2
[2023-10-18T14:11:43.228+0000][7][gc,heap     ] GC(42) Humongous regions: 5->5
[2023-10-18T14:11:43.228+0000][7][gc,metaspace] GC(42) Metaspace: 116834K(118592K)->116834K(118592K) NonClass: 101112K(102144K)->101112K(102144K) Class: 15721K(16448K)->15721K(16448K)
[2023-10-18T14:11:43.228+0000][7][gc          ] GC(42) Pause Young (Normal) (G1 Evacuation Pause) 410M->117M(512M) 9.728ms
[2023-10-18T14:11:43.228+0000][7][gc,cpu      ] GC(42) User=0.03s Sys=0.00s Real=0.01s
[2023-10-18T14:11:43.228+0000][7][safepoint   ] Safepoint "G1CollectForAllocation", Time since last: 1618812283 ns, Reaching safepoint: 42954 ns, At safepoint: 9876650 ns, Total: 9919604 ns
[2023-10-18T14:11:44.229+0000][7][safepoint   ] Safepoint "Cleanup", Time since last: 1000234805 ns, Reaching safepoint: 307612 ns, At safepoint: 87411 ns, Total: 395023 ns
[2023-10-18T14:11:45.229+0000][7][safepoint   ] Safepoint "Cleanup", Time since last: 1000524543 ns, Reaching safepoint: 95445 ns, At safepoint: 10226 ns, Total: 105671 ns
[2023-10-18T14:11:46.229+0000][7][safepoint   ] Safepoint "Cleanup", Time since last: 1000145503 ns, Reaching safepoint: 65631 ns, At safepoint: 22362 ns, Total: 87993 ns
[2023-10-18T14:11:47.230+0000][7][safepoint   ] Safepoint "Cleanup", Time since last: 1000138975 ns, Reaching safepoint: 60482 ns, At safepoint: 7391 ns, Total: 67873 ns
[2023-10-18T14:11:48.230+0000][7][safepoint   ] Safepoint "Cleanup", Time since last: 1000104963 ns, Reaching safepoint: 62172 ns, At safepoint: 5286 ns, Total: 67458 ns
[2023-10-18T14:11:50.230+0000][7][safepoint   ] Safepoint "Cleanup", Time since last: 2000191458 ns, Reaching safepoint: 80617 ns, At safepoint: 5407 ns, Total: 86024 ns
[2023-10-18T14:11:51.316+0000][7][gc,start    ] GC(43) Pause Young (Normal) (G1 Evacuation Pause)
[2023-10-18T14:11:51.316+0000][7][gc,task     ] GC(43) Using 8 workers of 8 for evacuation
[2023-10-18T14:11:51.316+0000][7][gc,age      ] GC(43) Desired survivor size 20971520 bytes, new threshold 15 (max threshold 15)
[2023-10-18T14:11:51.319+0000][7][gc,age      ] GC(43) Age table with threshold 15 (max threshold 15)
[2023-10-18T14:11:51.319+0000][7][gc,age      ] GC(43) - age   1:    2758072 bytes,    2758072 total
[2023-10-18T14:11:51.319+0000][7][gc,age      ] GC(43) - age   2:    1183392 bytes,    3941464 total
[2023-10-18T14:11:51.319+0000][7][gc,age      ] GC(43) - age   3:     199008 bytes,    4140472 total
[2023-10-18T14:11:51.319+0000][7][gc,age      ] GC(43) - age   4:     275000 bytes,    4415472 total
[2023-10-18T14:11:51.319+0000][7][gc,age      ] GC(43) - age   5:     569000 bytes,    4984472 total
[2023-10-18T14:11:51.319+0000][7][gc,age      ] GC(43) - age   6:       4688 bytes,    4989160 total
[2023-10-18T14:11:51.319+0000][7][gc,age      ] GC(43) - age   7:      20568 bytes,    5009728 total
[2023-10-18T14:11:51.319+0000][7][gc,age      ] GC(43) - age   8:      76992 bytes,    5086720 total
[2023-10-18T14:11:51.319+0000][7][gc,age      ] GC(43) - age   9:      12752 bytes,    5099472 total
[2023-10-18T14:11:51.319+0000][7][gc,age      ] GC(43) - age  10:     228904 bytes,    5328376 total
[2023-10-18T14:11:51.319+0000][7][gc,age      ] GC(43) - age  11:     108768 bytes,    5437144 total
[2023-10-18T14:11:51.319+0000][7][gc,age      ] GC(43) - age  12:      18872 bytes,    5456016 total
[2023-10-18T14:11:51.319+0000][7][gc,age      ] GC(43) - age  13:     107560 bytes,    5563576 total
[2023-10-18T14:11:51.319+0000][7][gc,age      ] GC(43) - age  14:      25384 bytes,    5588960 total
[2023-10-18T14:11:51.319+0000][7][gc,age      ] GC(43) - age  15:     188576 bytes,    5777536 total
[2023-10-18T14:11:51.319+0000][7][gc,phases   ] GC(43)   Pre Evacuate Collection Set: 0.1ms
[2023-10-18T14:11:51.319+0000][7][gc,phases   ] GC(43)   Merge Heap Roots: 0.0ms
[2023-10-18T14:11:51.319+0000][7][gc,phases   ] GC(43)   Evacuate Collection Set: 2.5ms
[2023-10-18T14:11:51.319+0000][7][gc,phases   ] GC(43)   Post Evacuate Collection Set: 0.6ms
[2023-10-18T14:11:51.319+0000][7][gc,phases   ] GC(43)   Other: 0.2ms
[2023-10-18T14:11:51.319+0000][7][gc,heap     ] GC(43) Eden regions: 74->0(73)
[2023-10-18T14:11:51.319+0000][7][gc,heap     ] GC(43) Survivor regions: 1->2(10)
[2023-10-18T14:11:51.319+0000][7][gc,heap     ] GC(43) Old regions: 23->23
[2023-10-18T14:11:51.319+0000][7][gc,heap     ] GC(43) Archive regions: 2->2
[2023-10-18T14:11:51.319+0000][7][gc,heap     ] GC(43) Humongous regions: 5->5
[2023-10-18T14:11:51.319+0000][7][gc,metaspace] GC(43) Metaspace: 116860K(118592K)->116860K(118592K) NonClass: 101138K(102144K)->101138K(102144K) Class: 15721K(16448K)->15721K(16448K)
[2023-10-18T14:11:51.319+0000][7][gc          ] GC(43) Pause Young (Normal) (G1 Evacuation Pause) 413M->119M(512M) 3.436ms
[2023-10-18T14:11:51.319+0000][7][gc,cpu      ] GC(43) User=0.02s Sys=0.00s Real=0.01s
[2023-10-18T14:11:51.319+0000][7][safepoint   ] Safepoint "G1CollectForAllocation", Time since last: 1085706480 ns, Reaching safepoint: 77586 ns, At safepoint: 3499950 ns, Total: 3577536 ns
[2023-10-18T14:11:52.320+0000][7][safepoint   ] Safepoint "Cleanup", Time since last: 1000134873 ns, Reaching safepoint: 226939 ns, At safepoint: 15848 ns, Total: 242787 ns
[2023-10-18T14:11:53.637+0000][7][safepoint   ] Safepoint "Cleanup", Time since last: 1317114710 ns, Reaching safepoint: 184666 ns, At safepoint: 7360 ns, Total: 192026 ns
[2023-10-18T14:11:55.637+0000][7][safepoint   ] Safepoint "Cleanup", Time since last: 2000381278 ns, Reaching safepoint: 55442 ns, At safepoint: 4100 ns, Total: 59542 ns
[2023-10-18T14:11:56.638+0000][7][safepoint   ] Safepoint "Cleanup", Time since last: 1000109632 ns, Reaching safepoint: 43975 ns, At safepoint: 6500 ns, Total: 50475 ns
[2023-10-18T14:11:57.638+0000][7][safepoint   ] Safepoint "Cleanup", Time since last: 1000139694 ns, Reaching safepoint: 69346 ns, At safepoint: 5231 ns, Total: 74577 ns
[2023-10-18T14:11:58.638+0000][7][safepoint   ] Safepoint "Cleanup", Time since last: 1000207930 ns, Reaching safepoint: 125473 ns, At safepoint: 10237 ns, Total: 135710 ns
[2023-10-18T14:12:00.336+0000][7][gc,start    ] GC(44) Pause Young (Normal) (G1 Evacuation Pause)
[2023-10-18T14:12:00.336+0000][7][gc,task     ] GC(44) Using 8 workers of 8 for evacuation
[2023-10-18T14:12:00.336+0000][7][gc,age      ] GC(44) Desired survivor size 20971520 bytes, new threshold 15 (max threshold 15)
[2023-10-18T14:12:00.346+0000][7][gc,age      ] GC(44) Age table with threshold 15 (max threshold 15)
[2023-10-18T14:12:00.346+0000][7][gc,age      ] GC(44) - age   1:    1917160 bytes,    1917160 total
[2023-10-18T14:12:00.346+0000][7][gc,age      ] GC(44) - age   2:      19784 bytes,    1936944 total
[2023-10-18T14:12:00.346+0000][7][gc,age      ] GC(44) - age   3:     530464 bytes,    2467408 total
[2023-10-18T14:12:00.346+0000][7][gc,age      ] GC(44) - age   4:      83760 bytes,    2551168 total
[2023-10-18T14:12:00.346+0000][7][gc,age      ] GC(44) - age   5:      18288 bytes,    2569456 total
[2023-10-18T14:12:00.346+0000][7][gc,age      ] GC(44) - age   6:     172272 bytes,    2741728 total
[2023-10-18T14:12:00.346+0000][7][gc,age      ] GC(44) - age   7:       3328 bytes,    2745056 total
[2023-10-18T14:12:00.346+0000][7][gc,age      ] GC(44) - age   8:      20504 bytes,    2765560 total
[2023-10-18T14:12:00.346+0000][7][gc,age      ] GC(44) - age   9:      59208 bytes,    2824768 total
[2023-10-18T14:12:00.346+0000][7][gc,age      ] GC(44) - age  10:      12688 bytes,    2837456 total
[2023-10-18T14:12:00.346+0000][7][gc,age      ] GC(44) - age  11:     222992 bytes,    3060448 total
[2023-10-18T14:12:00.346+0000][7][gc,age      ] GC(44) - age  12:     108768 bytes,    3169216 total
[2023-10-18T14:12:00.346+0000][7][gc,age      ] GC(44) - age  13:      18872 bytes,    3188088 total
[2023-10-18T14:12:00.346+0000][7][gc,age      ] GC(44) - age  14:       7136 bytes,    3195224 total
[2023-10-18T14:12:00.346+0000][7][gc,age      ] GC(44) - age  15:      25384 bytes,    3220608 total
[2023-10-18T14:12:00.346+0000][7][gc,phases   ] GC(44)   Pre Evacuate Collection Set: 0.1ms
[2023-10-18T14:12:00.346+0000][7][gc,phases   ] GC(44)   Merge Heap Roots: 0.1ms
[2023-10-18T14:12:00.346+0000][7][gc,phases   ] GC(44)   Evacuate Collection Set: 7.5ms
[2023-10-18T14:12:00.346+0000][7][gc,phases   ] GC(44)   Post Evacuate Collection Set: 2.1ms
[2023-10-18T14:12:00.346+0000][7][gc,phases   ] GC(44)   Other: 0.4ms
[2023-10-18T14:12:00.346+0000][7][gc,heap     ] GC(44) Eden regions: 73->0(74)
[2023-10-18T14:12:00.346+0000][7][gc,heap     ] GC(44) Survivor regions: 2->1(10)
[2023-10-18T14:12:00.346+0000][7][gc,heap     ] GC(44) Old regions: 23->23
[2023-10-18T14:12:00.346+0000][7][gc,heap     ] GC(44) Archive regions: 2->2
[2023-10-18T14:12:00.346+0000][7][gc,heap     ] GC(44) Humongous regions: 5->5
[2023-10-18T14:12:00.346+0000][7][gc,metaspace] GC(44) Metaspace: 116894K(118592K)->116894K(118592K) NonClass: 101172K(102144K)->101172K(102144K) Class: 15721K(16448K)->15721K(16448K)
[2023-10-18T14:12:00.346+0000][7][gc          ] GC(44) Pause Young (Normal) (G1 Evacuation Pause) 411M->117M(512M) 10.178ms
[2023-10-18T14:12:00.346+0000][7][gc,cpu      ] GC(44) User=0.02s Sys=0.00s Real=0.02s
[2023-10-18T14:12:00.346+0000][7][safepoint   ] Safepoint "G1CollectForAllocation", Time since last: 1697545069 ns, Reaching safepoint: 74950 ns, At safepoint: 10253588 ns, Total: 10328538 ns
[2023-10-18T14:12:01.346+0000][7][safepoint   ] Safepoint "Cleanup", Time since last: 1000084089 ns, Reaching safepoint: 104072 ns, At safepoint: 5788 ns, Total: 109860 ns
[2023-10-18T14:12:02.347+0000][7][safepoint   ] Safepoint "Cleanup", Time since last: 1000112901 ns, Reaching safepoint: 102613 ns, At safepoint: 24703 ns, Total: 127316 ns
[2023-10-18T14:12:03.347+0000][7][safepoint   ] Safepoint "Cleanup", Time since last: 1000147366 ns, Reaching safepoint: 79417 ns, At safepoint: 11228 ns, Total: 90645 ns
[2023-10-18T14:12:04.347+0000][7][safepoint   ] Safepoint "Cleanup", Time since last: 1000348390 ns, Reaching safepoint: 37457 ns, At safepoint: 34705 ns, Total: 72162 ns
[2023-10-18T14:12:05.347+0000][7][safepoint   ] Safepoint "Cleanup", Time since last: 1000106002 ns, Reaching safepoint: 114428 ns, At safepoint: 12424 ns, Total: 126852 ns
[2023-10-18T14:12:07.348+0000][7][safepoint   ] Safepoint "Cleanup", Time since last: 2000191796 ns, Reaching safepoint: 79744 ns, At safepoint: 4377 ns, Total: 84121 ns
[2023-10-18T14:12:08.348+0000][7][safepoint   ] Safepoint "Cleanup", Time since last: 1000121672 ns, Reaching safepoint: 133803 ns, At safepoint: 7597 ns, Total: 141400 ns
[2023-10-18T14:12:09.244+0000][7][gc,start    ] GC(45) Pause Young (Normal) (G1 Evacuation Pause)
[2023-10-18T14:12:09.244+0000][7][gc,task     ] GC(45) Using 8 workers of 8 for evacuation
[2023-10-18T14:12:09.244+0000][7][gc,age      ] GC(45) Desired survivor size 20971520 bytes, new threshold 15 (max threshold 15)
[2023-10-18T14:12:09.248+0000][7][gc,age      ] GC(45) Age table with threshold 15 (max threshold 15)
[2023-10-18T14:12:09.248+0000][7][gc,age      ] GC(45) - age   1:    2318856 bytes,    2318856 total
[2023-10-18T14:12:09.248+0000][7][gc,age      ] GC(45) - age   2:     350944 bytes,    2669800 total
[2023-10-18T14:12:09.248+0000][7][gc,age      ] GC(45) - age   3:      16008 bytes,    2685808 total
[2023-10-18T14:12:09.248+0000][7][gc,age      ] GC(45) - age   4:     529880 bytes,    3215688 total
[2023-10-18T14:12:09.248+0000][7][gc,age      ] GC(45) - age   5:      82712 bytes,    3298400 total
[2023-10-18T14:12:09.248+0000][7][gc,age      ] GC(45) - age   6:      17744 bytes,    3316144 total
[2023-10-18T14:12:09.248+0000][7][gc,age      ] GC(45) - age   7:     172144 bytes,    3488288 total
[2023-10-18T14:12:09.248+0000][7][gc,age      ] GC(45) - age   8:       3328 bytes,    3491616 total
[2023-10-18T14:12:09.248+0000][7][gc,age      ] GC(45) - age   9:      20256 bytes,    3511872 total
[2023-10-18T14:12:09.248+0000][7][gc,age      ] GC(45) - age  10:      59016 bytes,    3570888 total
[2023-10-18T14:12:09.248+0000][7][gc,age      ] GC(45) - age  11:      12688 bytes,    3583576 total
[2023-10-18T14:12:09.248+0000][7][gc,age      ] GC(45) - age  12:     222928 bytes,    3806504 total
[2023-10-18T14:12:09.248+0000][7][gc,age      ] GC(45) - age  13:     108768 bytes,    3915272 total
[2023-10-18T14:12:09.248+0000][7][gc,age      ] GC(45) - age  14:      18872 bytes,    3934144 total
[2023-10-18T14:12:09.248+0000][7][gc,age      ] GC(45) - age  15:       7136 bytes,    3941280 total
[2023-10-18T14:12:09.248+0000][7][gc,phases   ] GC(45)   Pre Evacuate Collection Set: 0.2ms
[2023-10-18T14:12:09.248+0000][7][gc,phases   ] GC(45)   Merge Heap Roots: 0.2ms
[2023-10-18T14:12:09.248+0000][7][gc,phases   ] GC(45)   Evacuate Collection Set: 2.7ms
[2023-10-18T14:12:09.248+0000][7][gc,phases   ] GC(45)   Post Evacuate Collection Set: 0.6ms
[2023-10-18T14:12:09.248+0000][7][gc,phases   ] GC(45)   Other: 0.4ms
[2023-10-18T14:12:09.248+0000][7][gc,heap     ] GC(45) Eden regions: 74->0(73)
[2023-10-18T14:12:09.248+0000][7][gc,heap     ] GC(45) Survivor regions: 1->2(10)
[2023-10-18T14:12:09.248+0000][7][gc,heap     ] GC(45) Old regions: 23->23
[2023-10-18T14:12:09.248+0000][7][gc,heap     ] GC(45) Archive regions: 2->2
[2023-10-18T14:12:09.248+0000][7][gc,heap     ] GC(45) Humongous regions: 5->5
[2023-10-18T14:12:09.248+0000][7][gc,metaspace] GC(45) Metaspace: 116942K(118656K)->116942K(118656K) NonClass: 101221K(102208K)->101221K(102208K) Class: 15721K(16448K)->15721K(16448K)
[2023-10-18T14:12:09.248+0000][7][gc          ] GC(45) Pause Young (Normal) (G1 Evacuation Pause) 413M->117M(512M) 3.993ms
[2023-10-18T14:12:09.248+0000][7][gc,cpu      ] GC(45) User=0.02s Sys=0.01s Real=0.01s
[2023-10-18T14:12:09.248+0000][7][safepoint   ] Safepoint "G1CollectForAllocation", Time since last: 896151484 ns, Reaching safepoint: 129431 ns, At safepoint: 4157407 ns, Total: 4286838 ns
[2023-10-18T14:12:10.249+0000][7][safepoint   ] Safepoint "Cleanup", Time since last: 1000078014 ns, Reaching safepoint: 64664 ns, At safepoint: 4297 ns, Total: 68961 ns
[2023-10-18T14:12:11.249+0000][7][safepoint   ] Safepoint "Cleanup", Time since last: 1000103063 ns, Reaching safepoint: 103038 ns, At safepoint: 24124 ns, Total: 127162 ns
[2023-10-18T14:12:12.249+0000][7][safepoint   ] Safepoint "Cleanup", Time since last: 1000133680 ns, Reaching safepoint: 94582 ns, At safepoint: 9213 ns, Total: 103795 ns
[2023-10-18T14:12:13.249+0000][7][safepoint   ] Safepoint "Cleanup", Time since last: 1000162746 ns, Reaching safepoint: 59424 ns, At safepoint: 4453 ns, Total: 63877 ns
[2023-10-18T14:12:14.249+0000][7][safepoint   ] Safepoint "Cleanup", Time since last: 1000118871 ns, Reaching safepoint: 122590 ns, At safepoint: 9050 ns, Total: 131640 ns
[2023-10-18T14:12:15.250+0000][7][safepoint   ] Safepoint "Cleanup", Time since last: 1000124721 ns, Reaching safepoint: 40244 ns, At safepoint: 2607 ns, Total: 42851 ns
[2023-10-18T14:12:16.250+0000][7][safepoint   ] Safepoint "Cleanup", Time since last: 1000117804 ns, Reaching safepoint: 34348 ns, At safepoint: 3930 ns, Total: 38278 ns
[2023-10-18T14:12:19.250+0000][7][safepoint   ] Safepoint "Cleanup", Time since last: 3000352523 ns, Reaching safepoint: 41392 ns, At safepoint: 4951 ns, Total: 46343 ns
[2023-10-18T14:12:22.251+0000][7][safepoint   ] Safepoint "Cleanup", Time since last: 3000296934 ns, Reaching safepoint: 515741 ns, At safepoint: 23929 ns, Total: 539670 ns
[2023-10-18T14:12:23.104+0000][7][gc,heap,exit] Heap
[2023-10-18T14:12:23.105+0000][7][gc,heap,exit]  garbage-first heap   total 524288K, used 357509K [0x00000000e0000000, 0x0000000100000000)
[2023-10-18T14:12:23.105+0000][7][gc,heap,exit]   region size 4096K, 60 young (245760K), 2 survivors (8192K)
[2023-10-18T14:12:23.105+0000][7][gc,heap,exit]  Metaspace       used 117133K, committed 118848K, reserved 1155072K
[2023-10-18T14:12:23.105+0000][7][gc,heap,exit]   class space    used 15759K, committed 16512K, reserved 1048576K
