[2023-11-16T04:58:20.032+0000][7][gc] Using G1
[2023-11-16T04:58:20.134+0000][7][gc,init] Version: 17.0.1+12 (release)
[2023-11-16T04:58:20.134+0000][7][gc,init] CPUs: 8 total, 8 available
[2023-11-16T04:58:20.134+0000][7][gc,init] Memory: 7659M
[2023-11-16T04:58:20.135+0000][7][gc,init] Large Page Support: Disabled
[2023-11-16T04:58:20.135+0000][7][gc,init] NUMA Support: Disabled
[2023-11-16T04:58:20.135+0000][7][gc,init] Compressed Oops: Enabled (32-bit)
[2023-11-16T04:58:20.135+0000][7][gc,init] Heap Region Size: 4M
[2023-11-16T04:58:20.135+0000][7][gc,init] Heap Min Capacity: 512M
[2023-11-16T04:58:20.135+0000][7][gc,init] Heap Initial Capacity: 512M
[2023-11-16T04:58:20.135+0000][7][gc,init] Heap Max Capacity: 512M
[2023-11-16T04:58:20.135+0000][7][gc,init] Pre-touch: Enabled
[2023-11-16T04:58:20.135+0000][7][gc,init] Parallel Workers: 8
[2023-11-16T04:58:20.135+0000][7][gc,init] Concurrent Workers: 2
[2023-11-16T04:58:20.135+0000][7][gc,init] Concurrent Refinement Workers: 8
[2023-11-16T04:58:20.135+0000][7][gc,init] Periodic GC: Disabled
[2023-11-16T04:58:20.135+0000][7][gc,metaspace] CDS archive(s) mapped at: [0x0000000800000000-0x0000000800bd1000-0x0000000800bd1000), size 12390400, SharedBaseAddress: 0x0000000800000000, ArchiveRelocationMode: 0.
[2023-11-16T04:58:20.135+0000][7][gc,metaspace] Compressed class space mapped at: 0x0000000800c00000-0x0000000840c00000, reserved size: 1073741824
[2023-11-16T04:58:20.135+0000][7][gc,metaspace] Narrow klass base: 0x0000000800000000, Narrow klass shift: 0, Narrow klass range: 0x100000000
[2023-11-16T04:58:20.811+0000][7][safepoint   ] Safepoint "ICBufferFull", Time since last: 669154332 ns, Reaching safepoint: 156406 ns, At safepoint: 6135 ns, Total: 162541 ns
[2023-11-16T04:58:21.217+0000][7][gc,start    ] GC(0) Pause Young (Normal) (G1 Evacuation Pause)
[2023-11-16T04:58:21.217+0000][7][gc,task     ] GC(0) Using 8 workers of 8 for evacuation
[2023-11-16T04:58:21.217+0000][7][gc,age      ] GC(0) Desired survivor size 2097152 bytes, new threshold 15 (max threshold 15)
[2023-11-16T04:58:21.223+0000][7][gc,age      ] GC(0) Age table with threshold 15 (max threshold 15)
[2023-11-16T04:58:21.223+0000][7][gc,age      ] GC(0) - age   1:    4128992 bytes,    4128992 total
[2023-11-16T04:58:21.223+0000][7][gc,phases   ] GC(0)   Pre Evacuate Collection Set: 0.1ms
[2023-11-16T04:58:21.223+0000][7][gc,phases   ] GC(0)   Merge Heap Roots: 0.0ms
[2023-11-16T04:58:21.223+0000][7][gc,phases   ] GC(0)   Evacuate Collection Set: 5.3ms
[2023-11-16T04:58:21.223+0000][7][gc,phases   ] GC(0)   Post Evacuate Collection Set: 0.8ms
[2023-11-16T04:58:21.223+0000][7][gc,phases   ] GC(0)   Other: 0.2ms
[2023-11-16T04:58:21.223+0000][7][gc,heap     ] GC(0) Eden regions: 6->0(6)
[2023-11-16T04:58:21.223+0000][7][gc,heap     ] GC(0) Survivor regions: 0->1(1)
[2023-11-16T04:58:21.223+0000][7][gc,heap     ] GC(0) Old regions: 0->1
[2023-11-16T04:58:21.223+0000][7][gc,heap     ] GC(0) Archive regions: 2->2
[2023-11-16T04:58:21.223+0000][7][gc,heap     ] GC(0) Humongous regions: 0->0
[2023-11-16T04:58:21.223+0000][7][gc,metaspace] GC(0) Metaspace: 7630K(7872K)->7630K(7872K) NonClass: 6746K(6848K)->6746K(6848K) Class: 884K(1024K)->884K(1024K)
[2023-11-16T04:58:21.223+0000][7][gc          ] GC(0) Pause Young (Normal) (G1 Evacuation Pause) 27M->7M(512M) 6.510ms
[2023-11-16T04:58:21.223+0000][7][gc,cpu      ] GC(0) User=0.02s Sys=0.01s Real=0.01s
[2023-11-16T04:58:21.223+0000][7][safepoint   ] Safepoint "G1CollectForAllocation", Time since last: 404911988 ns, Reaching safepoint: 78821 ns, At safepoint: 6613951 ns, Total: 6692772 ns
[2023-11-16T04:58:22.266+0000][7][safepoint   ] Safepoint "Cleanup", Time since last: 1042252735 ns, Reaching safepoint: 163054 ns, At safepoint: 23624 ns, Total: 186678 ns
[2023-11-16T04:58:22.550+0000][7][gc,start    ] GC(1) Pause Young (Normal) (G1 Evacuation Pause)
[2023-11-16T04:58:22.550+0000][7][gc,task     ] GC(1) Using 8 workers of 8 for evacuation
[2023-11-16T04:58:22.550+0000][7][gc,age      ] GC(1) Desired survivor size 2097152 bytes, new threshold 1 (max threshold 15)
[2023-11-16T04:58:22.557+0000][7][gc,age      ] GC(1) Age table with threshold 1 (max threshold 15)
[2023-11-16T04:58:22.558+0000][7][gc,age      ] GC(1) - age   1:    2342672 bytes,    2342672 total
[2023-11-16T04:58:22.558+0000][7][gc,phases   ] GC(1)   Pre Evacuate Collection Set: 0.1ms
[2023-11-16T04:58:22.558+0000][7][gc,phases   ] GC(1)   Merge Heap Roots: 0.1ms
[2023-11-16T04:58:22.558+0000][7][gc,phases   ] GC(1)   Evacuate Collection Set: 6.9ms
[2023-11-16T04:58:22.558+0000][7][gc,phases   ] GC(1)   Post Evacuate Collection Set: 0.6ms
[2023-11-16T04:58:22.558+0000][7][gc,phases   ] GC(1)   Other: 0.2ms
[2023-11-16T04:58:22.558+0000][7][gc,heap     ] GC(1) Eden regions: 6->0(16)
[2023-11-16T04:58:22.558+0000][7][gc,heap     ] GC(1) Survivor regions: 1->1(1)
[2023-11-16T04:58:22.558+0000][7][gc,heap     ] GC(1) Old regions: 1->1
[2023-11-16T04:58:22.558+0000][7][gc,heap     ] GC(1) Archive regions: 2->2
[2023-11-16T04:58:22.558+0000][7][gc,heap     ] GC(1) Humongous regions: 0->0
[2023-11-16T04:58:22.558+0000][7][gc,metaspace] GC(1) Metaspace: 12420K(12672K)->12420K(12672K) NonClass: 10914K(11072K)->10914K(11072K) Class: 1506K(1600K)->1506K(1600K)
[2023-11-16T04:58:22.558+0000][7][gc          ] GC(1) Pause Young (Normal) (G1 Evacuation Pause) 31M->10M(512M) 7.811ms
[2023-11-16T04:58:22.558+0000][7][gc,cpu      ] GC(1) User=0.02s Sys=0.00s Real=0.00s
[2023-11-16T04:58:22.558+0000][7][safepoint   ] Safepoint "G1CollectForAllocation", Time since last: 284149834 ns, Reaching safepoint: 107205 ns, At safepoint: 7874903 ns, Total: 7982108 ns
[2023-11-16T04:58:23.723+0000][7][safepoint   ] Safepoint "Cleanup", Time since last: 1164548580 ns, Reaching safepoint: 902918 ns, At safepoint: 18660 ns, Total: 921578 ns
[2023-11-16T04:58:23.928+0000][7][gc,start    ] GC(2) Pause Young (Normal) (G1 Evacuation Pause)
[2023-11-16T04:58:23.928+0000][7][gc,task     ] GC(2) Using 8 workers of 8 for evacuation
[2023-11-16T04:58:23.928+0000][7][gc,age      ] GC(2) Desired survivor size 6291456 bytes, new threshold 15 (max threshold 15)
[2023-11-16T04:58:23.937+0000][7][gc,age      ] GC(2) Age table with threshold 15 (max threshold 15)
[2023-11-16T04:58:23.937+0000][7][gc,age      ] GC(2) - age   1:    2934920 bytes,    2934920 total
[2023-11-16T04:58:23.937+0000][7][gc,age      ] GC(2) - age   2:    2322296 bytes,    5257216 total
[2023-11-16T04:58:23.938+0000][7][gc,phases   ] GC(2)   Pre Evacuate Collection Set: 0.1ms
[2023-11-16T04:58:23.938+0000][7][gc,phases   ] GC(2)   Merge Heap Roots: 0.1ms
[2023-11-16T04:58:23.938+0000][7][gc,phases   ] GC(2)   Evacuate Collection Set: 8.5ms
[2023-11-16T04:58:23.938+0000][7][gc,phases   ] GC(2)   Post Evacuate Collection Set: 0.6ms
[2023-11-16T04:58:23.938+0000][7][gc,phases   ] GC(2)   Other: 0.2ms
[2023-11-16T04:58:23.938+0000][7][gc,heap     ] GC(2) Eden regions: 16->0(74)
[2023-11-16T04:58:23.938+0000][7][gc,heap     ] GC(2) Survivor regions: 1->2(3)
[2023-11-16T04:58:23.938+0000][7][gc,heap     ] GC(2) Old regions: 1->1
[2023-11-16T04:58:23.938+0000][7][gc,heap     ] GC(2) Archive regions: 2->2
[2023-11-16T04:58:23.938+0000][7][gc,heap     ] GC(2) Humongous regions: 0->0
[2023-11-16T04:58:23.938+0000][7][gc,metaspace] GC(2) Metaspace: 14502K(14720K)->14502K(14720K) NonClass: 12815K(12928K)->12815K(12928K) Class: 1687K(1792K)->1687K(1792K)
[2023-11-16T04:58:23.938+0000][7][gc          ] GC(2) Pause Young (Normal) (G1 Evacuation Pause) 74M->13M(512M) 9.577ms
[2023-11-16T04:58:23.938+0000][7][gc,cpu      ] GC(2) User=0.04s Sys=0.00s Real=0.01s
[2023-11-16T04:58:23.938+0000][7][safepoint   ] Safepoint "G1CollectForAllocation", Time since last: 204796190 ns, Reaching safepoint: 113562 ns, At safepoint: 9661912 ns, Total: 9775474 ns
[2023-11-16T04:58:24.405+0000][7][safepoint   ] Safepoint "ICBufferFull", Time since last: 467540685 ns, Reaching safepoint: 141673 ns, At safepoint: 5292 ns, Total: 146965 ns
[2023-11-16T04:58:24.407+0000][7][safepoint   ] Safepoint "ICBufferFull", Time since last: 1271201 ns, Reaching safepoint: 69292 ns, At safepoint: 4030 ns, Total: 73322 ns
[2023-11-16T04:58:24.409+0000][7][safepoint   ] Safepoint "ICBufferFull", Time since last: 2183879 ns, Reaching safepoint: 100743 ns, At safepoint: 4732 ns, Total: 105475 ns
[2023-11-16T04:58:24.410+0000][7][safepoint   ] Safepoint "ICBufferFull", Time since last: 1111700 ns, Reaching safepoint: 63477 ns, At safepoint: 2738 ns, Total: 66215 ns
[2023-11-16T04:58:24.411+0000][7][safepoint   ] Safepoint "ICBufferFull", Time since last: 1050085 ns, Reaching safepoint: 39869 ns, At safepoint: 3172 ns, Total: 43041 ns
[2023-11-16T04:58:24.466+0000][7][safepoint   ] Safepoint "ICBufferFull", Time since last: 54558837 ns, Reaching safepoint: 140822 ns, At safepoint: 4039 ns, Total: 144861 ns
[2023-11-16T04:58:25.020+0000][7][gc,start    ] GC(3) Pause Young (Normal) (G1 Evacuation Pause)
[2023-11-16T04:58:25.020+0000][7][gc,task     ] GC(3) Using 8 workers of 8 for evacuation
[2023-11-16T04:58:25.020+0000][7][gc,age      ] GC(3) Desired survivor size 20971520 bytes, new threshold 15 (max threshold 15)
[2023-11-16T04:58:25.027+0000][7][gc,age      ] GC(3) Age table with threshold 15 (max threshold 15)
[2023-11-16T04:58:25.027+0000][7][gc,age      ] GC(3) - age   1:    5846120 bytes,    5846120 total
[2023-11-16T04:58:25.027+0000][7][gc,age      ] GC(3) - age   2:    1171984 bytes,    7018104 total
[2023-11-16T04:58:25.027+0000][7][gc,age      ] GC(3) - age   3:    2310992 bytes,    9329096 total
[2023-11-16T04:58:25.027+0000][7][gc,phases   ] GC(3)   Pre Evacuate Collection Set: 0.1ms
[2023-11-16T04:58:25.027+0000][7][gc,phases   ] GC(3)   Merge Heap Roots: 0.1ms
[2023-11-16T04:58:25.027+0000][7][gc,phases   ] GC(3)   Evacuate Collection Set: 6.3ms
[2023-11-16T04:58:25.027+0000][7][gc,phases   ] GC(3)   Post Evacuate Collection Set: 0.5ms
[2023-11-16T04:58:25.027+0000][7][gc,phases   ] GC(3)   Other: 0.2ms
[2023-11-16T04:58:25.027+0000][7][gc,heap     ] GC(3) Eden regions: 74->0(73)
[2023-11-16T04:58:25.027+0000][7][gc,heap     ] GC(3) Survivor regions: 2->3(10)
[2023-11-16T04:58:25.027+0000][7][gc,heap     ] GC(3) Old regions: 1->1
[2023-11-16T04:58:25.027+0000][7][gc,heap     ] GC(3) Archive regions: 2->2
[2023-11-16T04:58:25.027+0000][7][gc,heap     ] GC(3) Humongous regions: 0->0
[2023-11-16T04:58:25.027+0000][7][gc,metaspace] GC(3) Metaspace: 17276K(17600K)->17276K(17600K) NonClass: 15204K(15424K)->15204K(15424K) Class: 2072K(2176K)->2072K(2176K)
[2023-11-16T04:58:25.027+0000][7][gc          ] GC(3) Pause Young (Normal) (G1 Evacuation Pause) 309M->17M(512M) 7.256ms
[2023-11-16T04:58:25.027+0000][7][gc,cpu      ] GC(3) User=0.04s Sys=0.00s Real=0.00s
[2023-11-16T04:58:25.027+0000][7][safepoint   ] Safepoint "G1CollectForAllocation", Time since last: 553305170 ns, Reaching safepoint: 196337 ns, At safepoint: 7321392 ns, Total: 7517729 ns
[2023-11-16T04:58:25.658+0000][7][gc,start    ] GC(4) Pause Young (Normal) (G1 Evacuation Pause)
[2023-11-16T04:58:25.658+0000][7][gc,task     ] GC(4) Using 8 workers of 8 for evacuation
[2023-11-16T04:58:25.658+0000][7][gc,age      ] GC(4) Desired survivor size 20971520 bytes, new threshold 15 (max threshold 15)
[2023-11-16T04:58:25.669+0000][7][gc,age      ] GC(4) Age table with threshold 15 (max threshold 15)
[2023-11-16T04:58:25.669+0000][7][gc,age      ] GC(4) - age   1:    5645544 bytes,    5645544 total
[2023-11-16T04:58:25.669+0000][7][gc,age      ] GC(4) - age   2:    3581360 bytes,    9226904 total
[2023-11-16T04:58:25.669+0000][7][gc,age      ] GC(4) - age   3:    1171904 bytes,   10398808 total
[2023-11-16T04:58:25.669+0000][7][gc,age      ] GC(4) - age   4:    2310992 bytes,   12709800 total
[2023-11-16T04:58:25.669+0000][7][gc,phases   ] GC(4)   Pre Evacuate Collection Set: 0.1ms
[2023-11-16T04:58:25.669+0000][7][gc,phases   ] GC(4)   Merge Heap Roots: 0.0ms
[2023-11-16T04:58:25.669+0000][7][gc,phases   ] GC(4)   Evacuate Collection Set: 8.4ms
[2023-11-16T04:58:25.669+0000][7][gc,phases   ] GC(4)   Post Evacuate Collection Set: 2.3ms
[2023-11-16T04:58:25.669+0000][7][gc,phases   ] GC(4)   Other: 0.2ms
[2023-11-16T04:58:25.669+0000][7][gc,heap     ] GC(4) Eden regions: 73->0(72)
[2023-11-16T04:58:25.669+0000][7][gc,heap     ] GC(4) Survivor regions: 3->4(10)
[2023-11-16T04:58:25.669+0000][7][gc,heap     ] GC(4) Old regions: 1->1
[2023-11-16T04:58:25.669+0000][7][gc,heap     ] GC(4) Archive regions: 2->2
[2023-11-16T04:58:25.669+0000][7][gc,heap     ] GC(4) Humongous regions: 0->0
[2023-11-16T04:58:25.669+0000][7][gc,metaspace] GC(4) Metaspace: 18142K(18560K)->18142K(18560K) NonClass: 15946K(16192K)->15946K(16192K) Class: 2195K(2368K)->2195K(2368K)
[2023-11-16T04:58:25.670+0000][7][gc          ] GC(4) Pause Young (Normal) (G1 Evacuation Pause) 309M->20M(512M) 11.116ms
[2023-11-16T04:58:25.670+0000][7][gc,cpu      ] GC(4) User=0.05s Sys=0.00s Real=0.02s
[2023-11-16T04:58:25.670+0000][7][safepoint   ] Safepoint "G1CollectForAllocation", Time since last: 631466204 ns, Reaching safepoint: 70091 ns, At safepoint: 11196341 ns, Total: 11266432 ns
[2023-11-16T04:58:26.320+0000][7][gc,start    ] GC(5) Pause Young (Normal) (G1 Evacuation Pause)
[2023-11-16T04:58:26.321+0000][7][gc,task     ] GC(5) Using 8 workers of 8 for evacuation
[2023-11-16T04:58:26.321+0000][7][gc,age      ] GC(5) Desired survivor size 20971520 bytes, new threshold 15 (max threshold 15)
[2023-11-16T04:58:26.335+0000][7][gc,age      ] GC(5) Age table with threshold 15 (max threshold 15)
[2023-11-16T04:58:26.335+0000][7][gc,age      ] GC(5) - age   1:    1715584 bytes,    1715584 total
[2023-11-16T04:58:26.335+0000][7][gc,age      ] GC(5) - age   2:    3797392 bytes,    5512976 total
[2023-11-16T04:58:26.335+0000][7][gc,age      ] GC(5) - age   3:    3580992 bytes,    9093968 total
[2023-11-16T04:58:26.335+0000][7][gc,age      ] GC(5) - age   4:    1171904 bytes,   10265872 total
[2023-11-16T04:58:26.335+0000][7][gc,age      ] GC(5) - age   5:    2310848 bytes,   12576720 total
[2023-11-16T04:58:26.335+0000][7][gc,phases   ] GC(5)   Pre Evacuate Collection Set: 0.1ms
[2023-11-16T04:58:26.335+0000][7][gc,phases   ] GC(5)   Merge Heap Roots: 0.0ms
[2023-11-16T04:58:26.335+0000][7][gc,phases   ] GC(5)   Evacuate Collection Set: 13.1ms
[2023-11-16T04:58:26.335+0000][7][gc,phases   ] GC(5)   Post Evacuate Collection Set: 1.1ms
[2023-11-16T04:58:26.335+0000][7][gc,phases   ] GC(5)   Other: 0.3ms
[2023-11-16T04:58:26.335+0000][7][gc,heap     ] GC(5) Eden regions: 72->0(72)
[2023-11-16T04:58:26.335+0000][7][gc,heap     ] GC(5) Survivor regions: 4->4(10)
[2023-11-16T04:58:26.335+0000][7][gc,heap     ] GC(5) Old regions: 1->1
[2023-11-16T04:58:26.335+0000][7][gc,heap     ] GC(5) Archive regions: 2->2
[2023-11-16T04:58:26.335+0000][7][gc,heap     ] GC(5) Humongous regions: 0->0
[2023-11-16T04:58:26.335+0000][7][gc,metaspace] GC(5) Metaspace: 18950K(19392K)->18950K(19392K) NonClass: 16641K(16896K)->16641K(16896K) Class: 2309K(2496K)->2309K(2496K)
[2023-11-16T04:58:26.335+0000][7][gc          ] GC(5) Pause Young (Normal) (G1 Evacuation Pause) 308M->20M(512M) 14.720ms
[2023-11-16T04:58:26.335+0000][7][gc,cpu      ] GC(5) User=0.04s Sys=0.00s Real=0.01s
[2023-11-16T04:58:26.335+0000][7][safepoint   ] Safepoint "G1CollectForAllocation", Time since last: 650754009 ns, Reaching safepoint: 129428 ns, At safepoint: 14819806 ns, Total: 14949234 ns
[2023-11-16T04:58:26.965+0000][7][gc,start    ] GC(6) Pause Young (Normal) (G1 Evacuation Pause)
[2023-11-16T04:58:26.965+0000][7][gc,task     ] GC(6) Using 8 workers of 8 for evacuation
[2023-11-16T04:58:26.965+0000][7][gc,age      ] GC(6) Desired survivor size 20971520 bytes, new threshold 15 (max threshold 15)
[2023-11-16T04:58:26.978+0000][7][gc,age      ] GC(6) Age table with threshold 15 (max threshold 15)
[2023-11-16T04:58:26.978+0000][7][gc,age      ] GC(6) - age   1:    2555200 bytes,    2555200 total
[2023-11-16T04:58:26.978+0000][7][gc,age      ] GC(6) - age   2:     598816 bytes,    3154016 total
[2023-11-16T04:58:26.978+0000][7][gc,age      ] GC(6) - age   3:    3793408 bytes,    6947424 total
[2023-11-16T04:58:26.978+0000][7][gc,age      ] GC(6) - age   4:    3579528 bytes,   10526952 total
[2023-11-16T04:58:26.978+0000][7][gc,age      ] GC(6) - age   5:    1171064 bytes,   11698016 total
[2023-11-16T04:58:26.978+0000][7][gc,age      ] GC(6) - age   6:    2307488 bytes,   14005504 total
[2023-11-16T04:58:26.978+0000][7][gc,phases   ] GC(6)   Pre Evacuate Collection Set: 0.1ms
[2023-11-16T04:58:26.978+0000][7][gc,phases   ] GC(6)   Merge Heap Roots: 0.1ms
[2023-11-16T04:58:26.978+0000][7][gc,phases   ] GC(6)   Evacuate Collection Set: 11.4ms
[2023-11-16T04:58:26.978+0000][7][gc,phases   ] GC(6)   Post Evacuate Collection Set: 1.0ms
[2023-11-16T04:58:26.978+0000][7][gc,phases   ] GC(6)   Other: 0.3ms
[2023-11-16T04:58:26.978+0000][7][gc,heap     ] GC(6) Eden regions: 72->0(72)
[2023-11-16T04:58:26.978+0000][7][gc,heap     ] GC(6) Survivor regions: 4->4(10)
[2023-11-16T04:58:26.978+0000][7][gc,heap     ] GC(6) Old regions: 1->1
[2023-11-16T04:58:26.978+0000][7][gc,heap     ] GC(6) Archive regions: 2->2
[2023-11-16T04:58:26.978+0000][7][gc,heap     ] GC(6) Humongous regions: 0->0
[2023-11-16T04:58:26.978+0000][7][gc,metaspace] GC(6) Metaspace: 19967K(20416K)->19967K(20416K) NonClass: 17518K(17792K)->17518K(17792K) Class: 2448K(2624K)->2448K(2624K)
[2023-11-16T04:58:26.978+0000][7][gc          ] GC(6) Pause Young (Normal) (G1 Evacuation Pause) 308M->22M(512M) 12.930ms
[2023-11-16T04:58:26.978+0000][7][gc,cpu      ] GC(6) User=0.03s Sys=0.00s Real=0.01s
[2023-11-16T04:58:26.978+0000][7][safepoint   ] Safepoint "G1CollectForAllocation", Time since last: 629489808 ns, Reaching safepoint: 88446 ns, At safepoint: 13010764 ns, Total: 13099210 ns
[2023-11-16T04:58:27.705+0000][7][gc,start    ] GC(7) Pause Young (Normal) (G1 Evacuation Pause)
[2023-11-16T04:58:27.705+0000][7][gc,task     ] GC(7) Using 8 workers of 8 for evacuation
[2023-11-16T04:58:27.705+0000][7][gc,age      ] GC(7) Desired survivor size 20971520 bytes, new threshold 15 (max threshold 15)
[2023-11-16T04:58:27.725+0000][7][gc,age      ] GC(7) Age table with threshold 15 (max threshold 15)
[2023-11-16T04:58:27.725+0000][7][gc,age      ] GC(7) - age   1:     767304 bytes,     767304 total
[2023-11-16T04:58:27.725+0000][7][gc,age      ] GC(7) - age   2:    1731312 bytes,    2498616 total
[2023-11-16T04:58:27.725+0000][7][gc,age      ] GC(7) - age   3:     596736 bytes,    3095352 total
[2023-11-16T04:58:27.725+0000][7][gc,age      ] GC(7) - age   4:    3793344 bytes,    6888696 total
[2023-11-16T04:58:27.725+0000][7][gc,age      ] GC(7) - age   5:    3578104 bytes,   10466800 total
[2023-11-16T04:58:27.725+0000][7][gc,age      ] GC(7) - age   6:    1171064 bytes,   11637864 total
[2023-11-16T04:58:27.725+0000][7][gc,age      ] GC(7) - age   7:    2307120 bytes,   13944984 total
[2023-11-16T04:58:27.725+0000][7][gc,phases   ] GC(7)   Pre Evacuate Collection Set: 0.1ms
[2023-11-16T04:58:27.725+0000][7][gc,phases   ] GC(7)   Merge Heap Roots: 0.1ms
[2023-11-16T04:58:27.725+0000][7][gc,phases   ] GC(7)   Evacuate Collection Set: 17.7ms
[2023-11-16T04:58:27.725+0000][7][gc,phases   ] GC(7)   Post Evacuate Collection Set: 1.7ms
[2023-11-16T04:58:27.725+0000][7][gc,phases   ] GC(7)   Other: 0.4ms
[2023-11-16T04:58:27.725+0000][7][gc,heap     ] GC(7) Eden regions: 72->0(72)
[2023-11-16T04:58:27.725+0000][7][gc,heap     ] GC(7) Survivor regions: 4->4(10)
[2023-11-16T04:58:27.725+0000][7][gc,heap     ] GC(7) Old regions: 1->1
[2023-11-16T04:58:27.725+0000][7][gc,heap     ] GC(7) Archive regions: 2->2
[2023-11-16T04:58:27.725+0000][7][gc,heap     ] GC(7) Humongous regions: 0->0
[2023-11-16T04:58:27.725+0000][7][gc,metaspace] GC(7) Metaspace: 20294K(20800K)->20294K(20800K) NonClass: 17797K(18112K)->17797K(18112K) Class: 2497K(2688K)->2497K(2688K)
[2023-11-16T04:58:27.725+0000][7][gc          ] GC(7) Pause Young (Normal) (G1 Evacuation Pause) 310M->22M(512M) 20.140ms
[2023-11-16T04:58:27.725+0000][7][gc,cpu      ] GC(7) User=0.05s Sys=0.00s Real=0.02s
[2023-11-16T04:58:27.725+0000][7][safepoint   ] Safepoint "G1CollectForAllocation", Time since last: 727111293 ns, Reaching safepoint: 65788 ns, At safepoint: 20216450 ns, Total: 20282238 ns
[2023-11-16T04:58:28.366+0000][7][gc,start    ] GC(8) Pause Young (Concurrent Start) (Metadata GC Threshold)
[2023-11-16T04:58:28.366+0000][7][gc,task     ] GC(8) Using 8 workers of 8 for evacuation
[2023-11-16T04:58:28.366+0000][7][gc,age      ] GC(8) Desired survivor size 20971520 bytes, new threshold 15 (max threshold 15)
[2023-11-16T04:58:28.381+0000][7][gc,age      ] GC(8) Age table with threshold 15 (max threshold 15)
[2023-11-16T04:58:28.381+0000][7][gc,age      ] GC(8) - age   1:     880768 bytes,     880768 total
[2023-11-16T04:58:28.381+0000][7][gc,age      ] GC(8) - age   2:     751808 bytes,    1632576 total
[2023-11-16T04:58:28.381+0000][7][gc,age      ] GC(8) - age   3:    1721632 bytes,    3354208 total
[2023-11-16T04:58:28.381+0000][7][gc,age      ] GC(8) - age   4:     587608 bytes,    3941816 total
[2023-11-16T04:58:28.381+0000][7][gc,age      ] GC(8) - age   5:    3783032 bytes,    7724848 total
[2023-11-16T04:58:28.381+0000][7][gc,age      ] GC(8) - age   6:    3569504 bytes,   11294352 total
[2023-11-16T04:58:28.381+0000][7][gc,age      ] GC(8) - age   7:    1127344 bytes,   12421696 total
[2023-11-16T04:58:28.381+0000][7][gc,age      ] GC(8) - age   8:    2306944 bytes,   14728640 total
[2023-11-16T04:58:28.382+0000][7][gc,phases   ] GC(8)   Pre Evacuate Collection Set: 0.1ms
[2023-11-16T04:58:28.382+0000][7][gc,phases   ] GC(8)   Merge Heap Roots: 0.1ms
[2023-11-16T04:58:28.382+0000][7][gc,phases   ] GC(8)   Evacuate Collection Set: 12.9ms
[2023-11-16T04:58:28.382+0000][7][gc,phases   ] GC(8)   Post Evacuate Collection Set: 2.0ms
[2023-11-16T04:58:28.382+0000][7][gc,phases   ] GC(8)   Other: 0.6ms
[2023-11-16T04:58:28.382+0000][7][gc,heap     ] GC(8) Eden regions: 68->0(72)
[2023-11-16T04:58:28.382+0000][7][gc,heap     ] GC(8) Survivor regions: 4->4(10)
[2023-11-16T04:58:28.382+0000][7][gc,heap     ] GC(8) Old regions: 1->1
[2023-11-16T04:58:28.382+0000][7][gc,heap     ] GC(8) Archive regions: 2->2
[2023-11-16T04:58:28.382+0000][7][gc,heap     ] GC(8) Humongous regions: 0->0
[2023-11-16T04:58:28.382+0000][7][gc,metaspace] GC(8) Metaspace: 21000K(21504K)->21000K(21504K) NonClass: 18386K(18688K)->18386K(18688K) Class: 2614K(2816K)->2614K(2816K)
[2023-11-16T04:58:28.382+0000][7][gc          ] GC(8) Pause Young (Concurrent Start) (Metadata GC Threshold) 292M->22M(512M) 15.800ms
[2023-11-16T04:58:28.382+0000][7][gc,cpu      ] GC(8) User=0.03s Sys=0.00s Real=0.02s
[2023-11-16T04:58:28.382+0000][7][gc          ] GC(9) Concurrent Mark Cycle
[2023-11-16T04:58:28.385+0000][7][safepoint   ] Safepoint "CollectForMetadataAllocation", Time since last: 640424631 ns, Reaching safepoint: 132924 ns, At safepoint: 18980771 ns, Total: 19113695 ns
[2023-11-16T04:58:28.385+0000][7][gc,marking  ] GC(9) Concurrent Clear Claimed Marks
[2023-11-16T04:58:28.385+0000][7][gc,marking  ] GC(9) Concurrent Clear Claimed Marks 0.143ms
[2023-11-16T04:58:28.385+0000][7][gc,marking  ] GC(9) Concurrent Scan Root Regions
[2023-11-16T04:58:28.392+0000][7][gc,marking  ] GC(9) Concurrent Scan Root Regions 7.101ms
[2023-11-16T04:58:28.392+0000][7][gc,marking  ] GC(9) Concurrent Mark
[2023-11-16T04:58:28.392+0000][7][gc,marking  ] GC(9) Concurrent Mark From Roots
[2023-11-16T04:58:28.392+0000][7][gc,task     ] GC(9) Using 2 workers of 2 for marking
[2023-11-16T04:58:28.399+0000][7][gc,marking  ] GC(9) Concurrent Mark From Roots 6.719ms
[2023-11-16T04:58:28.399+0000][7][gc,marking  ] GC(9) Concurrent Preclean
[2023-11-16T04:58:28.399+0000][7][gc,marking  ] GC(9) Concurrent Preclean 0.109ms
[2023-11-16T04:58:28.400+0000][7][gc,start    ] GC(9) Pause Remark
[2023-11-16T04:58:28.406+0000][7][gc          ] GC(9) Pause Remark 24M->24M(512M) 5.717ms
[2023-11-16T04:58:28.406+0000][7][gc,cpu      ] GC(9) User=0.01s Sys=0.00s Real=0.00s
[2023-11-16T04:58:28.406+0000][7][safepoint   ] Safepoint "G1Concurrent", Time since last: 14438388 ns, Reaching safepoint: 1235238 ns, At safepoint: 5882599 ns, Total: 7117837 ns
[2023-11-16T04:58:28.409+0000][7][gc,marking  ] GC(9) Concurrent Mark 16.612ms
[2023-11-16T04:58:28.409+0000][7][gc,marking  ] GC(9) Concurrent Rebuild Remembered Sets
[2023-11-16T04:58:28.409+0000][7][gc,marking  ] GC(9) Concurrent Rebuild Remembered Sets 0.009ms
[2023-11-16T04:58:28.409+0000][7][gc,start    ] GC(9) Pause Cleanup
[2023-11-16T04:58:28.409+0000][7][gc          ] GC(9) Pause Cleanup 24M->24M(512M) 0.049ms
[2023-11-16T04:58:28.409+0000][7][gc,cpu      ] GC(9) User=0.00s Sys=0.00s Real=0.00s
[2023-11-16T04:58:28.409+0000][7][safepoint   ] Safepoint "G1Concurrent", Time since last: 2642438 ns, Reaching safepoint: 61786 ns, At safepoint: 89131 ns, Total: 150917 ns
[2023-11-16T04:58:28.411+0000][7][gc,marking  ] GC(9) Concurrent Cleanup for Next Mark
[2023-11-16T04:58:28.412+0000][7][gc,marking  ] GC(9) Concurrent Cleanup for Next Mark 1.738ms
[2023-11-16T04:58:28.415+0000][7][gc          ] GC(9) Concurrent Mark Cycle 33.528ms
[2023-11-16T04:58:28.897+0000][7][safepoint   ] Safepoint "ICBufferFull", Time since last: 487985363 ns, Reaching safepoint: 113493 ns, At safepoint: 4143 ns, Total: 117636 ns
[2023-11-16T04:58:28.898+0000][7][safepoint   ] Safepoint "ICBufferFull", Time since last: 1132288 ns, Reaching safepoint: 38734 ns, At safepoint: 4704 ns, Total: 43438 ns
[2023-11-16T04:58:28.900+0000][7][safepoint   ] Safepoint "ICBufferFull", Time since last: 1421800 ns, Reaching safepoint: 39571 ns, At safepoint: 3809 ns, Total: 43380 ns
[2023-11-16T04:58:28.901+0000][7][safepoint   ] Safepoint "ICBufferFull", Time since last: 1102295 ns, Reaching safepoint: 52021 ns, At safepoint: 4565 ns, Total: 56586 ns
[2023-11-16T04:58:28.938+0000][7][safepoint   ] Safepoint "ICBufferFull", Time since last: 36502981 ns, Reaching safepoint: 66610 ns, At safepoint: 4640 ns, Total: 71250 ns
[2023-11-16T04:58:29.024+0000][7][safepoint   ] Safepoint "ICBufferFull", Time since last: 86578531 ns, Reaching safepoint: 218514 ns, At safepoint: 6462 ns, Total: 224976 ns
[2023-11-16T04:58:29.057+0000][7][safepoint   ] Safepoint "ICBufferFull", Time since last: 32027086 ns, Reaching safepoint: 76209 ns, At safepoint: 4275 ns, Total: 80484 ns
[2023-11-16T04:58:29.069+0000][7][safepoint   ] Safepoint "ICBufferFull", Time since last: 12029068 ns, Reaching safepoint: 44386 ns, At safepoint: 3728 ns, Total: 48114 ns
[2023-11-16T04:58:29.213+0000][7][safepoint   ] Safepoint "ICBufferFull", Time since last: 142381645 ns, Reaching safepoint: 1874444 ns, At safepoint: 24097 ns, Total: 1898541 ns
[2023-11-16T04:58:29.240+0000][7][safepoint   ] Safepoint "ICBufferFull", Time since last: 26591048 ns, Reaching safepoint: 57016 ns, At safepoint: 5097 ns, Total: 62113 ns
[2023-11-16T04:58:29.242+0000][7][safepoint   ] Safepoint "ICBufferFull", Time since last: 2052911 ns, Reaching safepoint: 54093 ns, At safepoint: 4669 ns, Total: 58762 ns
[2023-11-16T04:58:29.247+0000][7][safepoint   ] Safepoint "ICBufferFull", Time since last: 5201447 ns, Reaching safepoint: 132066 ns, At safepoint: 5759 ns, Total: 137825 ns
[2023-11-16T04:58:29.286+0000][7][safepoint   ] Safepoint "ICBufferFull", Time since last: 38524685 ns, Reaching safepoint: 70954 ns, At safepoint: 4949 ns, Total: 75903 ns
[2023-11-16T04:58:30.451+0000][7][safepoint   ] Safepoint "ICBufferFull", Time since last: 1165480710 ns, Reaching safepoint: 198495 ns, At safepoint: 10388 ns, Total: 208883 ns
[2023-11-16T04:58:31.456+0000][7][safepoint   ] Safepoint "Cleanup", Time since last: 1000136569 ns, Reaching safepoint: 4351660 ns, At safepoint: 11480 ns, Total: 4363140 ns
[2023-11-16T04:58:32.456+0000][7][safepoint   ] Safepoint "Cleanup", Time since last: 1000200139 ns, Reaching safepoint: 111881 ns, At safepoint: 8242 ns, Total: 120123 ns
[2023-11-16T04:58:33.456+0000][7][safepoint   ] Safepoint "Cleanup", Time since last: 1000111474 ns, Reaching safepoint: 215448 ns, At safepoint: 8683 ns, Total: 224131 ns
[2023-11-16T04:58:33.992+0000][7][gc,start    ] GC(10) Pause Young (Concurrent Start) (Metadata GC Threshold)
[2023-11-16T04:58:33.992+0000][7][gc,task     ] GC(10) Using 8 workers of 8 for evacuation
[2023-11-16T04:58:33.992+0000][7][gc,age      ] GC(10) Desired survivor size 20971520 bytes, new threshold 15 (max threshold 15)
[2023-11-16T04:58:34.100+0000][7][gc,age      ] GC(10) Age table with threshold 15 (max threshold 15)
[2023-11-16T04:58:34.100+0000][7][gc,age      ] GC(10) - age   1:   26686064 bytes,   26686064 total
[2023-11-16T04:58:34.100+0000][7][gc,age      ] GC(10) - age   2:     860768 bytes,   27546832 total
[2023-11-16T04:58:34.101+0000][7][gc,age      ] GC(10) - age   3:     743920 bytes,   28290752 total
[2023-11-16T04:58:34.101+0000][7][gc,age      ] GC(10) - age   4:    1701048 bytes,   29991800 total
[2023-11-16T04:58:34.101+0000][7][gc,age      ] GC(10) - age   5:     582840 bytes,   30574640 total
[2023-11-16T04:58:34.101+0000][7][gc,age      ] GC(10) - age   6:    3774816 bytes,   34349456 total
[2023-11-16T04:58:34.101+0000][7][gc,age      ] GC(10) - age   7:    3488704 bytes,   37838160 total
[2023-11-16T04:58:34.101+0000][7][gc,age      ] GC(10) - age   8:    1088744 bytes,   38926904 total
[2023-11-16T04:58:34.101+0000][7][gc,age      ] GC(10) - age   9:    2224888 bytes,   41151792 total
[2023-11-16T04:58:34.101+0000][7][gc,phases   ] GC(10)   Pre Evacuate Collection Set: 0.2ms
[2023-11-16T04:58:34.101+0000][7][gc,phases   ] GC(10)   Merge Heap Roots: 0.1ms
[2023-11-16T04:58:34.101+0000][7][gc,phases   ] GC(10)   Evacuate Collection Set: 103.6ms
[2023-11-16T04:58:34.101+0000][7][gc,phases   ] GC(10)   Post Evacuate Collection Set: 3.9ms
[2023-11-16T04:58:34.101+0000][7][gc,phases   ] GC(10)   Other: 0.8ms
[2023-11-16T04:58:34.101+0000][7][gc,heap     ] GC(10) Eden regions: 70->0(66)
[2023-11-16T04:58:34.101+0000][7][gc,heap     ] GC(10) Survivor regions: 4->10(10)
[2023-11-16T04:58:34.101+0000][7][gc,heap     ] GC(10) Old regions: 1->2
[2023-11-16T04:58:34.101+0000][7][gc,heap     ] GC(10) Archive regions: 2->2
[2023-11-16T04:58:34.101+0000][7][gc,heap     ] GC(10) Humongous regions: 0->0
[2023-11-16T04:58:34.101+0000][7][gc,metaspace] GC(10) Metaspace: 35047K(35968K)->35047K(35968K) NonClass: 30434K(30976K)->30434K(30976K) Class: 4612K(4992K)->4612K(4992K)
[2023-11-16T04:58:34.101+0000][7][gc          ] GC(10) Pause Young (Concurrent Start) (Metadata GC Threshold) 302M->48M(512M) 108.696ms
[2023-11-16T04:58:34.101+0000][7][gc,cpu      ] GC(10) User=0.25s Sys=0.00s Real=0.11s
[2023-11-16T04:58:34.101+0000][7][safepoint   ] Safepoint "CollectForMetadataAllocation", Time since last: 535409163 ns, Reaching safepoint: 151375 ns, At safepoint: 108911026 ns, Total: 109062401 ns
[2023-11-16T04:58:34.101+0000][7][gc          ] GC(11) Concurrent Mark Cycle
[2023-11-16T04:58:34.101+0000][7][gc,marking  ] GC(11) Concurrent Clear Claimed Marks
[2023-11-16T04:58:34.101+0000][7][gc,marking  ] GC(11) Concurrent Clear Claimed Marks 0.080ms
[2023-11-16T04:58:34.101+0000][7][gc,marking  ] GC(11) Concurrent Scan Root Regions
[2023-11-16T04:58:34.146+0000][7][safepoint   ] Safepoint "CollectForMetadataAllocation", Time since last: 44680634 ns, Reaching safepoint: 34695 ns, At safepoint: 83628 ns, Total: 118323 ns
[2023-11-16T04:58:34.146+0000][7][gc,marking  ] GC(11) Concurrent Scan Root Regions 45.134ms
[2023-11-16T04:58:34.146+0000][7][gc,marking  ] GC(11) Concurrent Mark
[2023-11-16T04:58:34.146+0000][7][gc,marking  ] GC(11) Concurrent Mark From Roots
[2023-11-16T04:58:34.146+0000][7][gc,task     ] GC(11) Using 2 workers of 2 for marking
[2023-11-16T04:58:34.161+0000][7][gc,marking  ] GC(11) Concurrent Mark From Roots 15.201ms
[2023-11-16T04:58:34.161+0000][7][gc,marking  ] GC(11) Concurrent Preclean
[2023-11-16T04:58:34.162+0000][7][gc,marking  ] GC(11) Concurrent Preclean 0.103ms
[2023-11-16T04:58:34.162+0000][7][gc,start    ] GC(11) Pause Remark
[2023-11-16T04:58:34.191+0000][7][gc          ] GC(11) Pause Remark 50M->50M(512M) 28.802ms
[2023-11-16T04:58:34.191+0000][7][gc,cpu      ] GC(11) User=0.05s Sys=0.00s Real=0.03s
[2023-11-16T04:58:34.191+0000][7][safepoint   ] Safepoint "G1Concurrent", Time since last: 15915201 ns, Reaching safepoint: 637565 ns, At safepoint: 28933703 ns, Total: 29571268 ns
[2023-11-16T04:58:34.194+0000][7][gc,marking  ] GC(11) Concurrent Mark 48.172ms
[2023-11-16T04:58:34.194+0000][7][gc,marking  ] GC(11) Concurrent Rebuild Remembered Sets
[2023-11-16T04:58:34.200+0000][7][gc,marking  ] GC(11) Concurrent Rebuild Remembered Sets 5.613ms
[2023-11-16T04:58:34.207+0000][7][gc,start    ] GC(11) Pause Cleanup
[2023-11-16T04:58:34.211+0000][7][gc          ] GC(11) Pause Cleanup 50M->50M(512M) 3.572ms
[2023-11-16T04:58:34.211+0000][7][gc,cpu      ] GC(11) User=0.01s Sys=0.00s Real=0.01s
[2023-11-16T04:58:34.211+0000][7][safepoint   ] Safepoint "G1Concurrent", Time since last: 9002718 ns, Reaching safepoint: 6838141 ns, At safepoint: 3670289 ns, Total: 10508430 ns
[2023-11-16T04:58:34.213+0000][7][gc,marking  ] GC(11) Concurrent Cleanup for Next Mark
[2023-11-16T04:58:34.215+0000][7][gc,marking  ] GC(11) Concurrent Cleanup for Next Mark 1.480ms
[2023-11-16T04:58:34.215+0000][7][gc          ] GC(11) Concurrent Mark Cycle 114.107ms
[2023-11-16T04:58:36.088+0000][7][safepoint   ] Safepoint "Cleanup", Time since last: 1867112429 ns, Reaching safepoint: 9789324 ns, At safepoint: 16527 ns, Total: 9805851 ns
[2023-11-16T04:58:37.492+0000][7][safepoint   ] Safepoint "Cleanup", Time since last: 1404610002 ns, Reaching safepoint: 192991 ns, At safepoint: 9066 ns, Total: 202057 ns
[2023-11-16T04:58:38.016+0000][7][gc,start    ] GC(12) Pause Young (Concurrent Start) (G1 Evacuation Pause)
[2023-11-16T04:58:38.016+0000][7][gc,task     ] GC(12) Using 8 workers of 8 for evacuation
[2023-11-16T04:58:38.016+0000][7][gc,age      ] GC(12) Desired survivor size 20971520 bytes, new threshold 1 (max threshold 15)
[2023-11-16T04:58:38.083+0000][7][gc,age      ] GC(12) Age table with threshold 1 (max threshold 15)
[2023-11-16T04:58:38.083+0000][7][gc,age      ] GC(12) - age   1:    5996568 bytes,    5996568 total
[2023-11-16T04:58:38.084+0000][7][gc,phases   ] GC(12)   Pre Evacuate Collection Set: 0.3ms
[2023-11-16T04:58:38.084+0000][7][gc,phases   ] GC(12)   Merge Heap Roots: 0.2ms
[2023-11-16T04:58:38.084+0000][7][gc,phases   ] GC(12)   Evacuate Collection Set: 64.5ms
[2023-11-16T04:58:38.084+0000][7][gc,phases   ] GC(12)   Post Evacuate Collection Set: 1.9ms
[2023-11-16T04:58:38.084+0000][7][gc,phases   ] GC(12)   Other: 0.3ms
[2023-11-16T04:58:38.084+0000][7][gc,heap     ] GC(12) Eden regions: 66->0(73)
[2023-11-16T04:58:38.084+0000][7][gc,heap     ] GC(12) Survivor regions: 10->3(10)
[2023-11-16T04:58:38.084+0000][7][gc,heap     ] GC(12) Old regions: 2->11
[2023-11-16T04:58:38.084+0000][7][gc,heap     ] GC(12) Archive regions: 2->2
[2023-11-16T04:58:38.084+0000][7][gc,heap     ] GC(12) Humongous regions: 0->0
[2023-11-16T04:58:38.084+0000][7][gc,metaspace] GC(12) Metaspace: 51580K(52736K)->51580K(52736K) NonClass: 44592K(45312K)->44592K(45312K) Class: 6988K(7424K)->6988K(7424K)
[2023-11-16T04:58:38.084+0000][7][gc          ] GC(12) Pause Young (Concurrent Start) (G1 Evacuation Pause) 312M->56M(512M) 67.339ms
[2023-11-16T04:58:38.084+0000][7][gc,cpu      ] GC(12) User=0.24s Sys=0.01s Real=0.07s
[2023-11-16T04:58:38.084+0000][7][safepoint   ] Safepoint "G1CollectForAllocation", Time since last: 523679656 ns, Reaching safepoint: 98301 ns, At safepoint: 67433826 ns, Total: 67532127 ns
[2023-11-16T04:58:38.084+0000][7][gc          ] GC(13) Concurrent Mark Cycle
[2023-11-16T04:58:38.084+0000][7][gc,marking  ] GC(13) Concurrent Clear Claimed Marks
[2023-11-16T04:58:38.084+0000][7][gc,marking  ] GC(13) Concurrent Clear Claimed Marks 0.089ms
[2023-11-16T04:58:38.084+0000][7][gc,marking  ] GC(13) Concurrent Scan Root Regions
[2023-11-16T04:58:38.123+0000][7][gc,marking  ] GC(13) Concurrent Scan Root Regions 39.572ms
[2023-11-16T04:58:38.123+0000][7][gc,marking  ] GC(13) Concurrent Mark
[2023-11-16T04:58:38.123+0000][7][gc,marking  ] GC(13) Concurrent Mark From Roots
[2023-11-16T04:58:38.123+0000][7][gc,task     ] GC(13) Using 2 workers of 2 for marking
[2023-11-16T04:58:38.141+0000][7][gc,marking  ] GC(13) Concurrent Mark From Roots 17.162ms
[2023-11-16T04:58:38.141+0000][7][gc,marking  ] GC(13) Concurrent Preclean
[2023-11-16T04:58:38.141+0000][7][gc,marking  ] GC(13) Concurrent Preclean 0.104ms
[2023-11-16T04:58:38.141+0000][7][gc,start    ] GC(13) Pause Remark
[2023-11-16T04:58:38.148+0000][7][gc          ] GC(13) Pause Remark 58M->58M(512M) 7.284ms
[2023-11-16T04:58:38.149+0000][7][gc,cpu      ] GC(13) User=0.02s Sys=0.00s Real=0.00s
[2023-11-16T04:58:38.149+0000][7][safepoint   ] Safepoint "G1Concurrent", Time since last: 57147626 ns, Reaching safepoint: 378696 ns, At safepoint: 7417345 ns, Total: 7796041 ns
[2023-11-16T04:58:38.149+0000][7][gc,marking  ] GC(13) Concurrent Mark 25.201ms
[2023-11-16T04:58:38.149+0000][7][gc,marking  ] GC(13) Concurrent Rebuild Remembered Sets
[2023-11-16T04:58:38.149+0000][7][gc,marking  ] GC(13) Concurrent Rebuild Remembered Sets 0.006ms
[2023-11-16T04:58:38.149+0000][7][gc,start    ] GC(13) Pause Cleanup
[2023-11-16T04:58:38.149+0000][7][gc          ] GC(13) Pause Cleanup 58M->58M(512M) 0.019ms
[2023-11-16T04:58:38.149+0000][7][gc,cpu      ] GC(13) User=0.00s Sys=0.00s Real=0.00s
[2023-11-16T04:58:38.149+0000][7][safepoint   ] Safepoint "G1Concurrent", Time since last: 76255 ns, Reaching safepoint: 104317 ns, At safepoint: 45995 ns, Total: 150312 ns
[2023-11-16T04:58:38.149+0000][7][gc,marking  ] GC(13) Concurrent Cleanup for Next Mark
[2023-11-16T04:58:38.150+0000][7][gc,marking  ] GC(13) Concurrent Cleanup for Next Mark 1.081ms
[2023-11-16T04:58:38.150+0000][7][gc          ] GC(13) Concurrent Mark Cycle 66.352ms
[2023-11-16T04:58:39.149+0000][7][safepoint   ] Safepoint "Cleanup", Time since last: 1000102001 ns, Reaching safepoint: 213561 ns, At safepoint: 8050 ns, Total: 221611 ns
[2023-11-16T04:58:40.763+0000][7][safepoint   ] Safepoint "Cleanup", Time since last: 1612931417 ns, Reaching safepoint: 1041862 ns, At safepoint: 15773 ns, Total: 1057635 ns
[2023-11-16T04:58:42.013+0000][7][safepoint   ] Safepoint "Cleanup", Time since last: 1250017325 ns, Reaching safepoint: 238361 ns, At safepoint: 5612 ns, Total: 243973 ns
[2023-11-16T04:58:43.778+0000][7][safepoint   ] Safepoint "Cleanup", Time since last: 1762201388 ns, Reaching safepoint: 1999078 ns, At safepoint: 19523 ns, Total: 2018601 ns
[2023-11-16T04:58:44.172+0000][7][gc,start    ] GC(14) Pause Young (Normal) (G1 Evacuation Pause)
[2023-11-16T04:58:44.172+0000][7][gc,task     ] GC(14) Using 8 workers of 8 for evacuation
[2023-11-16T04:58:44.172+0000][7][gc,age      ] GC(14) Desired survivor size 20971520 bytes, new threshold 15 (max threshold 15)
[2023-11-16T04:58:44.212+0000][7][gc,age      ] GC(14) Age table with threshold 15 (max threshold 15)
[2023-11-16T04:58:44.212+0000][7][gc,age      ] GC(14) - age   1:    9716944 bytes,    9716944 total
[2023-11-16T04:58:44.212+0000][7][gc,age      ] GC(14) - age   2:    5836200 bytes,   15553144 total
[2023-11-16T04:58:44.212+0000][7][gc,phases   ] GC(14)   Pre Evacuate Collection Set: 0.1ms
[2023-11-16T04:58:44.212+0000][7][gc,phases   ] GC(14)   Merge Heap Roots: 0.2ms
[2023-11-16T04:58:44.212+0000][7][gc,phases   ] GC(14)   Evacuate Collection Set: 36.9ms
[2023-11-16T04:58:44.212+0000][7][gc,phases   ] GC(14)   Post Evacuate Collection Set: 2.8ms
[2023-11-16T04:58:44.212+0000][7][gc,phases   ] GC(14)   Other: 0.2ms
[2023-11-16T04:58:44.212+0000][7][gc,heap     ] GC(14) Eden regions: 73->0(72)
[2023-11-16T04:58:44.212+0000][7][gc,heap     ] GC(14) Survivor regions: 3->4(10)
[2023-11-16T04:58:44.212+0000][7][gc,heap     ] GC(14) Old regions: 11->11
[2023-11-16T04:58:44.212+0000][7][gc,heap     ] GC(14) Archive regions: 2->2
[2023-11-16T04:58:44.212+0000][7][gc,heap     ] GC(14) Humongous regions: 0->0
[2023-11-16T04:58:44.212+0000][7][gc,metaspace] GC(14) Metaspace: 73696K(75072K)->73696K(75072K) NonClass: 63435K(64256K)->63435K(64256K) Class: 10261K(10816K)->10261K(10816K)
[2023-11-16T04:58:44.212+0000][7][gc          ] GC(14) Pause Young (Normal) (G1 Evacuation Pause) 348M->63M(512M) 40.300ms
[2023-11-16T04:58:44.212+0000][7][gc,cpu      ] GC(14) User=0.11s Sys=0.00s Real=0.04s
[2023-11-16T04:58:44.212+0000][7][safepoint   ] Safepoint "G1CollectForAllocation", Time since last: 393987641 ns, Reaching safepoint: 246989 ns, At safepoint: 40417852 ns, Total: 40664841 ns
[2023-11-16T04:58:45.348+0000][7][safepoint   ] Safepoint "ICBufferFull", Time since last: 1135123722 ns, Reaching safepoint: 143460 ns, At safepoint: 4142 ns, Total: 147602 ns
[2023-11-16T04:58:46.352+0000][7][safepoint   ] Safepoint "Cleanup", Time since last: 1003321696 ns, Reaching safepoint: 1588320 ns, At safepoint: 13909 ns, Total: 1602229 ns
[2023-11-16T04:58:46.642+0000][7][gc,start    ] GC(15) Pause Young (Concurrent Start) (Metadata GC Threshold)
[2023-11-16T04:58:46.642+0000][7][gc,task     ] GC(15) Using 8 workers of 8 for evacuation
[2023-11-16T04:58:46.642+0000][7][gc,age      ] GC(15) Desired survivor size 20971520 bytes, new threshold 15 (max threshold 15)
[2023-11-16T04:58:46.697+0000][7][gc,age      ] GC(15) Age table with threshold 15 (max threshold 15)
[2023-11-16T04:58:46.697+0000][7][gc,age      ] GC(15) - age   1:    6305928 bytes,    6305928 total
[2023-11-16T04:58:46.697+0000][7][gc,age      ] GC(15) - age   2:    9466448 bytes,   15772376 total
[2023-11-16T04:58:46.697+0000][7][gc,age      ] GC(15) - age   3:    5812432 bytes,   21584808 total
[2023-11-16T04:58:46.697+0000][7][gc,phases   ] GC(15)   Pre Evacuate Collection Set: 0.1ms
[2023-11-16T04:58:46.697+0000][7][gc,phases   ] GC(15)   Merge Heap Roots: 0.1ms
[2023-11-16T04:58:46.697+0000][7][gc,phases   ] GC(15)   Evacuate Collection Set: 50.2ms
[2023-11-16T04:58:46.697+0000][7][gc,phases   ] GC(15)   Post Evacuate Collection Set: 4.3ms
[2023-11-16T04:58:46.697+0000][7][gc,phases   ] GC(15)   Other: 0.3ms
[2023-11-16T04:58:46.697+0000][7][gc,heap     ] GC(15) Eden regions: 24->0(70)
[2023-11-16T04:58:46.697+0000][7][gc,heap     ] GC(15) Survivor regions: 4->6(10)
[2023-11-16T04:58:46.697+0000][7][gc,heap     ] GC(15) Old regions: 11->11
[2023-11-16T04:58:46.697+0000][7][gc,heap     ] GC(15) Archive regions: 2->2
[2023-11-16T04:58:46.697+0000][7][gc,heap     ] GC(15) Humongous regions: 0->0
[2023-11-16T04:58:46.697+0000][7][gc,metaspace] GC(15) Metaspace: 86511K(87936K)->86511K(87936K) NonClass: 74501K(75328K)->74501K(75328K) Class: 12010K(12608K)->12010K(12608K)
[2023-11-16T04:58:46.697+0000][7][gc          ] GC(15) Pause Young (Concurrent Start) (Metadata GC Threshold) 157M->69M(512M) 55.003ms
[2023-11-16T04:58:46.697+0000][7][gc,cpu      ] GC(15) User=0.14s Sys=0.00s Real=0.05s
[2023-11-16T04:58:46.697+0000][7][safepoint   ] Safepoint "CollectForMetadataAllocation", Time since last: 280638351 ns, Reaching safepoint: 9115732 ns, At safepoint: 55179573 ns, Total: 64295305 ns
[2023-11-16T04:58:46.697+0000][7][gc          ] GC(16) Concurrent Mark Cycle
[2023-11-16T04:58:46.697+0000][7][gc,marking  ] GC(16) Concurrent Clear Claimed Marks
[2023-11-16T04:58:46.697+0000][7][gc,marking  ] GC(16) Concurrent Clear Claimed Marks 0.074ms
[2023-11-16T04:58:46.698+0000][7][gc,marking  ] GC(16) Concurrent Scan Root Regions
[2023-11-16T04:58:46.723+0000][7][gc,marking  ] GC(16) Concurrent Scan Root Regions 25.531ms
[2023-11-16T04:58:46.723+0000][7][gc,marking  ] GC(16) Concurrent Mark
[2023-11-16T04:58:46.723+0000][7][gc,marking  ] GC(16) Concurrent Mark From Roots
[2023-11-16T04:58:46.723+0000][7][gc,task     ] GC(16) Using 2 workers of 2 for marking
[2023-11-16T04:58:46.804+0000][7][gc,marking  ] GC(16) Concurrent Mark From Roots 80.849ms
[2023-11-16T04:58:46.804+0000][7][gc,marking  ] GC(16) Concurrent Preclean
[2023-11-16T04:58:46.804+0000][7][gc,marking  ] GC(16) Concurrent Preclean 0.355ms
[2023-11-16T04:58:46.806+0000][7][gc,start    ] GC(16) Pause Remark
[2023-11-16T04:58:46.821+0000][7][gc          ] GC(16) Pause Remark 73M->73M(512M) 15.236ms
[2023-11-16T04:58:46.821+0000][7][gc,cpu      ] GC(16) User=0.02s Sys=0.00s Real=0.02s
[2023-11-16T04:58:46.821+0000][7][safepoint   ] Safepoint "G1Concurrent", Time since last: 106985366 ns, Reaching safepoint: 1269460 ns, At safepoint: 15397921 ns, Total: 16667381 ns
[2023-11-16T04:58:46.838+0000][7][gc,marking  ] GC(16) Concurrent Mark 114.958ms
[2023-11-16T04:58:46.838+0000][7][gc,marking  ] GC(16) Concurrent Rebuild Remembered Sets
[2023-11-16T04:58:46.838+0000][7][gc,marking  ] GC(16) Concurrent Rebuild Remembered Sets 0.011ms
[2023-11-16T04:58:46.841+0000][7][gc,start    ] GC(16) Pause Cleanup
[2023-11-16T04:58:46.841+0000][7][gc          ] GC(16) Pause Cleanup 73M->73M(512M) 0.070ms
[2023-11-16T04:58:46.841+0000][7][gc,cpu      ] GC(16) User=0.00s Sys=0.00s Real=0.00s
[2023-11-16T04:58:46.841+0000][7][safepoint   ] Safepoint "G1Concurrent", Time since last: 17754321 ns, Reaching safepoint: 2270899 ns, At safepoint: 148758 ns, Total: 2419657 ns
[2023-11-16T04:58:46.844+0000][7][gc,marking  ] GC(16) Concurrent Cleanup for Next Mark
[2023-11-16T04:58:46.846+0000][7][gc,marking  ] GC(16) Concurrent Cleanup for Next Mark 2.492ms
[2023-11-16T04:58:46.846+0000][7][gc          ] GC(16) Concurrent Mark Cycle 149.073ms
[2023-11-16T04:58:47.593+0000][7][safepoint   ] Safepoint "ICBufferFull", Time since last: 751190218 ns, Reaching safepoint: 312669 ns, At safepoint: 5660 ns, Total: 318329 ns
[2023-11-16T04:58:48.799+0000][7][safepoint   ] Safepoint "Cleanup", Time since last: 1206261745 ns, Reaching safepoint: 130705 ns, At safepoint: 8755 ns, Total: 139460 ns
[2023-11-16T04:58:50.195+0000][7][safepoint   ] Safepoint "ICBufferFull", Time since last: 1395820617 ns, Reaching safepoint: 208300 ns, At safepoint: 4713 ns, Total: 213013 ns
[2023-11-16T04:58:51.558+0000][7][safepoint   ] Safepoint "Cleanup", Time since last: 1354001211 ns, Reaching safepoint: 8716650 ns, At safepoint: 33756 ns, Total: 8750406 ns
[2023-11-16T04:58:52.794+0000][7][safepoint   ] Safepoint "Cleanup", Time since last: 1235501072 ns, Reaching safepoint: 199053 ns, At safepoint: 4511 ns, Total: 203564 ns
[2023-11-16T04:58:53.612+0000][7][safepoint   ] Safepoint "ICBufferFull", Time since last: 818605049 ns, Reaching safepoint: 239511 ns, At safepoint: 12361 ns, Total: 251872 ns
[2023-11-16T04:58:54.388+0000][7][safepoint   ] Safepoint "ICBufferFull", Time since last: 760344112 ns, Reaching safepoint: 15283628 ns, At safepoint: 25782 ns, Total: 15309410 ns
[2023-11-16T04:58:54.390+0000][7][safepoint   ] Safepoint "ICBufferFull", Time since last: 1307648 ns, Reaching safepoint: 173529 ns, At safepoint: 17232 ns, Total: 190761 ns
[2023-11-16T04:58:54.431+0000][7][safepoint   ] Safepoint "G1CollectForAllocation", Time since last: 40830752 ns, Reaching safepoint: 146262 ns, At safepoint: 19862 ns, Total: 166124 ns
[2023-11-16T04:58:54.435+0000][7][gc,start    ] GC(17) Pause Young (Normal) (GCLocker Initiated GC)
[2023-11-16T04:58:54.435+0000][7][gc,task     ] GC(17) Using 8 workers of 8 for evacuation
[2023-11-16T04:58:54.435+0000][7][gc,age      ] GC(17) Desired survivor size 20971520 bytes, new threshold 3 (max threshold 15)
[2023-11-16T04:58:54.541+0000][7][gc,age      ] GC(17) Age table with threshold 3 (max threshold 15)
[2023-11-16T04:58:54.542+0000][7][gc,age      ] GC(17) - age   1:   15295320 bytes,   15295320 total
[2023-11-16T04:58:54.542+0000][7][gc,age      ] GC(17) - age   2:    5982536 bytes,   21277856 total
[2023-11-16T04:58:54.542+0000][7][gc,age      ] GC(17) - age   3:    9385112 bytes,   30662968 total
[2023-11-16T04:58:54.542+0000][7][gc,phases   ] GC(17)   Pre Evacuate Collection Set: 0.1ms
[2023-11-16T04:58:54.542+0000][7][gc,phases   ] GC(17)   Merge Heap Roots: 0.2ms
[2023-11-16T04:58:54.542+0000][7][gc,phases   ] GC(17)   Evacuate Collection Set: 98.7ms
[2023-11-16T04:58:54.542+0000][7][gc,phases   ] GC(17)   Post Evacuate Collection Set: 7.0ms
[2023-11-16T04:58:54.542+0000][7][gc,phases   ] GC(17)   Other: 0.3ms
[2023-11-16T04:58:54.542+0000][7][gc,heap     ] GC(17) Eden regions: 71->0(68)
[2023-11-16T04:58:54.542+0000][7][gc,heap     ] GC(17) Survivor regions: 6->8(10)
[2023-11-16T04:58:54.542+0000][7][gc,heap     ] GC(17) Old regions: 11->13
[2023-11-16T04:58:54.542+0000][7][gc,heap     ] GC(17) Archive regions: 2->2
[2023-11-16T04:58:54.542+0000][7][gc,heap     ] GC(17) Humongous regions: 5->5
[2023-11-16T04:58:54.542+0000][7][gc,metaspace] GC(17) Metaspace: 101133K(102656K)->101133K(102656K) NonClass: 86911K(87808K)->86911K(87808K) Class: 14222K(14848K)->14222K(14848K)
[2023-11-16T04:58:54.542+0000][7][gc          ] GC(17) Pause Young (Normal) (GCLocker Initiated GC) 369M->104M(512M) 106.524ms
[2023-11-16T04:58:54.542+0000][7][gc,cpu      ] GC(17) User=0.16s Sys=0.01s Real=0.11s
[2023-11-16T04:58:54.542+0000][7][safepoint   ] Safepoint "G1CollectForAllocation", Time since last: 4342612 ns, Reaching safepoint: 209525 ns, At safepoint: 106651661 ns, Total: 106861186 ns
[2023-11-16T04:58:55.543+0000][7][safepoint   ] Safepoint "Cleanup", Time since last: 1000107899 ns, Reaching safepoint: 617505 ns, At safepoint: 16567 ns, Total: 634072 ns
[2023-11-16T04:58:56.546+0000][7][safepoint   ] Safepoint "Cleanup", Time since last: 1002802350 ns, Reaching safepoint: 248483 ns, At safepoint: 10446 ns, Total: 258929 ns
[2023-11-16T04:58:57.546+0000][7][safepoint   ] Safepoint "Cleanup", Time since last: 1000153673 ns, Reaching safepoint: 76101 ns, At safepoint: 3680 ns, Total: 79781 ns
[2023-11-16T04:58:59.001+0000][7][safepoint   ] Safepoint "Cleanup", Time since last: 1455153985 ns, Reaching safepoint: 102723 ns, At safepoint: 4428 ns, Total: 107151 ns
[2023-11-16T04:59:00.003+0000][7][safepoint   ] Safepoint "Cleanup", Time since last: 1001432072 ns, Reaching safepoint: 97044 ns, At safepoint: 5359 ns, Total: 102403 ns
[2023-11-16T04:59:01.003+0000][7][safepoint   ] Safepoint "Cleanup", Time since last: 1000117222 ns, Reaching safepoint: 86225 ns, At safepoint: 3558 ns, Total: 89783 ns
[2023-11-16T04:59:02.086+0000][7][safepoint   ] Safepoint "Cleanup", Time since last: 1082701214 ns, Reaching safepoint: 410511 ns, At safepoint: 11653 ns, Total: 422164 ns
[2023-11-16T04:59:02.704+0000][7][safepoint   ] Safepoint "ICBufferFull", Time since last: 617642808 ns, Reaching safepoint: 829046 ns, At safepoint: 19071 ns, Total: 848117 ns
[2023-11-16T04:59:03.425+0000][7][safepoint   ] Safepoint "ICBufferFull", Time since last: 719522022 ns, Reaching safepoint: 1421767 ns, At safepoint: 17951 ns, Total: 1439718 ns
[2023-11-16T04:59:03.673+0000][7][gc,start    ] GC(18) Pause Young (Normal) (G1 Evacuation Pause)
[2023-11-16T04:59:03.673+0000][7][gc,task     ] GC(18) Using 8 workers of 8 for evacuation
[2023-11-16T04:59:03.673+0000][7][gc,age      ] GC(18) Desired survivor size 20971520 bytes, new threshold 2 (max threshold 15)
[2023-11-16T04:59:03.725+0000][7][gc,age      ] GC(18) Age table with threshold 2 (max threshold 15)
[2023-11-16T04:59:03.725+0000][7][gc,age      ] GC(18) - age   1:    8078224 bytes,    8078224 total
[2023-11-16T04:59:03.725+0000][7][gc,age      ] GC(18) - age   2:   12337280 bytes,   20415504 total
[2023-11-16T04:59:03.725+0000][7][gc,phases   ] GC(18)   Pre Evacuate Collection Set: 0.1ms
[2023-11-16T04:59:03.725+0000][7][gc,phases   ] GC(18)   Merge Heap Roots: 0.1ms
[2023-11-16T04:59:03.725+0000][7][gc,phases   ] GC(18)   Evacuate Collection Set: 49.6ms
[2023-11-16T04:59:03.725+0000][7][gc,phases   ] GC(18)   Post Evacuate Collection Set: 1.9ms
[2023-11-16T04:59:03.725+0000][7][gc,phases   ] GC(18)   Other: 0.2ms
[2023-11-16T04:59:03.725+0000][7][gc,heap     ] GC(18) Eden regions: 68->0(68)
[2023-11-16T04:59:03.725+0000][7][gc,heap     ] GC(18) Survivor regions: 8->6(10)
[2023-11-16T04:59:03.725+0000][7][gc,heap     ] GC(18) Old regions: 13->17
[2023-11-16T04:59:03.725+0000][7][gc,heap     ] GC(18) Archive regions: 2->2
[2023-11-16T04:59:03.725+0000][7][gc,heap     ] GC(18) Humongous regions: 5->5
[2023-11-16T04:59:03.725+0000][7][gc,metaspace] GC(18) Metaspace: 105926K(107456K)->105926K(107456K) NonClass: 91131K(92032K)->91131K(92032K) Class: 14794K(15424K)->14794K(15424K)
[2023-11-16T04:59:03.725+0000][7][gc          ] GC(18) Pause Young (Normal) (G1 Evacuation Pause) 376M->109M(512M) 51.982ms
[2023-11-16T04:59:03.725+0000][7][gc,cpu      ] GC(18) User=0.12s Sys=0.00s Real=0.05s
[2023-11-16T04:59:03.725+0000][7][safepoint   ] Safepoint "G1CollectForAllocation", Time since last: 246327352 ns, Reaching safepoint: 1218464 ns, At safepoint: 52084711 ns, Total: 53303175 ns
[2023-11-16T04:59:04.726+0000][7][safepoint   ] Safepoint "Cleanup", Time since last: 1000640914 ns, Reaching safepoint: 97286 ns, At safepoint: 4283 ns, Total: 101569 ns
[2023-11-16T04:59:05.726+0000][7][safepoint   ] Safepoint "Cleanup", Time since last: 1000136308 ns, Reaching safepoint: 157380 ns, At safepoint: 5547 ns, Total: 162927 ns
[2023-11-16T04:59:06.726+0000][7][safepoint   ] Safepoint "Cleanup", Time since last: 1000157033 ns, Reaching safepoint: 118831 ns, At safepoint: 7256 ns, Total: 126087 ns
[2023-11-16T04:59:07.727+0000][7][safepoint   ] Safepoint "Cleanup", Time since last: 1000158784 ns, Reaching safepoint: 78331 ns, At safepoint: 22284 ns, Total: 100615 ns
[2023-11-16T04:59:09.066+0000][7][safepoint   ] Safepoint "Cleanup", Time since last: 1338984806 ns, Reaching safepoint: 151008 ns, At safepoint: 9158 ns, Total: 160166 ns
[2023-11-16T04:59:10.066+0000][7][safepoint   ] Safepoint "Cleanup", Time since last: 1000122229 ns, Reaching safepoint: 124134 ns, At safepoint: 5349 ns, Total: 129483 ns
[2023-11-16T04:59:11.167+0000][7][safepoint   ] Safepoint "Cleanup", Time since last: 1101106153 ns, Reaching safepoint: 277505 ns, At safepoint: 9524 ns, Total: 287029 ns
[2023-11-16T04:59:12.418+0000][7][safepoint   ] Safepoint "ICBufferFull", Time since last: 1250191855 ns, Reaching safepoint: 246151 ns, At safepoint: 6210 ns, Total: 252361 ns
[2023-11-16T04:59:12.421+0000][7][safepoint   ] Safepoint "ICBufferFull", Time since last: 2831155 ns, Reaching safepoint: 88043 ns, At safepoint: 6802 ns, Total: 94845 ns
[2023-11-16T04:59:13.421+0000][7][safepoint   ] Safepoint "Cleanup", Time since last: 1000094497 ns, Reaching safepoint: 118629 ns, At safepoint: 5621 ns, Total: 124250 ns
[2023-11-16T04:59:14.075+0000][7][safepoint   ] Safepoint "ICBufferFull", Time since last: 654020462 ns, Reaching safepoint: 286373 ns, At safepoint: 15060 ns, Total: 301433 ns
[2023-11-16T04:59:15.076+0000][7][safepoint   ] Safepoint "Cleanup", Time since last: 1000431028 ns, Reaching safepoint: 212354 ns, At safepoint: 10763 ns, Total: 223117 ns
[2023-11-16T04:59:16.077+0000][7][safepoint   ] Safepoint "Cleanup", Time since last: 1000764261 ns, Reaching safepoint: 99381 ns, At safepoint: 5917 ns, Total: 105298 ns
[2023-11-16T04:59:17.540+0000][7][safepoint   ] Safepoint "Cleanup", Time since last: 1462390361 ns, Reaching safepoint: 230356 ns, At safepoint: 12222 ns, Total: 242578 ns
[2023-11-16T04:59:18.540+0000][7][safepoint   ] Safepoint "Cleanup", Time since last: 1000108825 ns, Reaching safepoint: 59387 ns, At safepoint: 5338 ns, Total: 64725 ns
[2023-11-16T04:59:19.540+0000][7][safepoint   ] Safepoint "Cleanup", Time since last: 1000115219 ns, Reaching safepoint: 201678 ns, At safepoint: 15682 ns, Total: 217360 ns
[2023-11-16T04:59:20.546+0000][7][safepoint   ] Safepoint "Cleanup", Time since last: 1005594636 ns, Reaching safepoint: 622271 ns, At safepoint: 18785 ns, Total: 641056 ns
[2023-11-16T04:59:21.547+0000][7][safepoint   ] Safepoint "Cleanup", Time since last: 1000140074 ns, Reaching safepoint: 152469 ns, At safepoint: 5984 ns, Total: 158453 ns
[2023-11-16T04:59:22.547+0000][7][safepoint   ] Safepoint "Cleanup", Time since last: 1000117432 ns, Reaching safepoint: 95878 ns, At safepoint: 6186 ns, Total: 102064 ns
[2023-11-16T04:59:23.547+0000][7][safepoint   ] Safepoint "Cleanup", Time since last: 1000125857 ns, Reaching safepoint: 64752 ns, At safepoint: 5434 ns, Total: 70186 ns
[2023-11-16T04:59:24.547+0000][7][safepoint   ] Safepoint "Cleanup", Time since last: 1000111262 ns, Reaching safepoint: 76219 ns, At safepoint: 3392 ns, Total: 79611 ns
[2023-11-16T04:59:25.548+0000][7][safepoint   ] Safepoint "Cleanup", Time since last: 1000997122 ns, Reaching safepoint: 120929 ns, At safepoint: 7035 ns, Total: 127964 ns
[2023-11-16T04:59:26.549+0000][7][safepoint   ] Safepoint "Cleanup", Time since last: 1000181462 ns, Reaching safepoint: 320660 ns, At safepoint: 16325 ns, Total: 336985 ns
[2023-11-16T04:59:27.549+0000][7][safepoint   ] Safepoint "Cleanup", Time since last: 1000230398 ns, Reaching safepoint: 183950 ns, At safepoint: 16116 ns, Total: 200066 ns
[2023-11-16T04:59:28.550+0000][7][safepoint   ] Safepoint "Cleanup", Time since last: 1000237368 ns, Reaching safepoint: 223094 ns, At safepoint: 14766 ns, Total: 237860 ns
[2023-11-16T04:59:29.550+0000][7][safepoint   ] Safepoint "Cleanup", Time since last: 1000126115 ns, Reaching safepoint: 81805 ns, At safepoint: 4233 ns, Total: 86038 ns
[2023-11-16T04:59:31.552+0000][7][safepoint   ] Safepoint "Cleanup", Time since last: 2001555922 ns, Reaching safepoint: 335319 ns, At safepoint: 8684 ns, Total: 344003 ns
[2023-11-16T04:59:32.552+0000][7][safepoint   ] Safepoint "Cleanup", Time since last: 1000143688 ns, Reaching safepoint: 117244 ns, At safepoint: 4260 ns, Total: 121504 ns
[2023-11-16T04:59:33.552+0000][7][safepoint   ] Safepoint "Cleanup", Time since last: 1000121383 ns, Reaching safepoint: 62918 ns, At safepoint: 3367 ns, Total: 66285 ns
[2023-11-16T04:59:34.553+0000][7][safepoint   ] Safepoint "Cleanup", Time since last: 1000116130 ns, Reaching safepoint: 134767 ns, At safepoint: 11197 ns, Total: 145964 ns
[2023-11-16T04:59:35.553+0000][7][safepoint   ] Safepoint "Cleanup", Time since last: 1000132448 ns, Reaching safepoint: 76914 ns, At safepoint: 4360 ns, Total: 81274 ns
[2023-11-16T04:59:36.553+0000][7][safepoint   ] Safepoint "Cleanup", Time since last: 1000106313 ns, Reaching safepoint: 56030 ns, At safepoint: 8643 ns, Total: 64673 ns
[2023-11-16T04:59:37.553+0000][7][safepoint   ] Safepoint "Cleanup", Time since last: 1000157576 ns, Reaching safepoint: 120144 ns, At safepoint: 9846 ns, Total: 129990 ns
[2023-11-16T04:59:38.553+0000][7][safepoint   ] Safepoint "Cleanup", Time since last: 1000120126 ns, Reaching safepoint: 57597 ns, At safepoint: 8796 ns, Total: 66393 ns
[2023-11-16T04:59:39.554+0000][7][safepoint   ] Safepoint "Cleanup", Time since last: 1000133160 ns, Reaching safepoint: 177654 ns, At safepoint: 26927 ns, Total: 204581 ns
[2023-11-16T04:59:40.555+0000][7][safepoint   ] Safepoint "Cleanup", Time since last: 1001192235 ns, Reaching safepoint: 78304 ns, At safepoint: 12563 ns, Total: 90867 ns
[2023-11-16T04:59:41.555+0000][7][safepoint   ] Safepoint "Cleanup", Time since last: 1000116399 ns, Reaching safepoint: 59546 ns, At safepoint: 8768 ns, Total: 68314 ns
[2023-11-16T04:59:43.556+0000][7][safepoint   ] Safepoint "Cleanup", Time since last: 2000468152 ns, Reaching safepoint: 139163 ns, At safepoint: 8452 ns, Total: 147615 ns
[2023-11-16T04:59:44.556+0000][7][safepoint   ] Safepoint "Cleanup", Time since last: 1000104774 ns, Reaching safepoint: 94046 ns, At safepoint: 6290 ns, Total: 100336 ns
[2023-11-16T04:59:45.556+0000][7][safepoint   ] Safepoint "Cleanup", Time since last: 1000146710 ns, Reaching safepoint: 55139 ns, At safepoint: 8814 ns, Total: 63953 ns
[2023-11-16T04:59:46.556+0000][7][safepoint   ] Safepoint "Cleanup", Time since last: 1000101663 ns, Reaching safepoint: 61437 ns, At safepoint: 5454 ns, Total: 66891 ns
[2023-11-16T04:59:47.557+0000][7][safepoint   ] Safepoint "Cleanup", Time since last: 1000104133 ns, Reaching safepoint: 53781 ns, At safepoint: 5712 ns, Total: 59493 ns
[2023-11-16T04:59:48.557+0000][7][safepoint   ] Safepoint "Cleanup", Time since last: 1000098370 ns, Reaching safepoint: 91560 ns, At safepoint: 5933 ns, Total: 97493 ns
[2023-11-16T04:59:49.557+0000][7][safepoint   ] Safepoint "Cleanup", Time since last: 1000119639 ns, Reaching safepoint: 90117 ns, At safepoint: 6085 ns, Total: 96202 ns
[2023-11-16T04:59:50.557+0000][7][safepoint   ] Safepoint "Cleanup", Time since last: 1000106152 ns, Reaching safepoint: 111673 ns, At safepoint: 7488 ns, Total: 119161 ns
[2023-11-16T04:59:51.557+0000][7][safepoint   ] Safepoint "Cleanup", Time since last: 1000101216 ns, Reaching safepoint: 53116 ns, At safepoint: 8371 ns, Total: 61487 ns
[2023-11-16T04:59:52.558+0000][7][safepoint   ] Safepoint "Cleanup", Time since last: 1000102060 ns, Reaching safepoint: 95471 ns, At safepoint: 13176 ns, Total: 108647 ns
[2023-11-16T04:59:53.558+0000][7][safepoint   ] Safepoint "Cleanup", Time since last: 1000110958 ns, Reaching safepoint: 59337 ns, At safepoint: 2868 ns, Total: 62205 ns
[2023-11-16T04:59:55.558+0000][7][safepoint   ] Safepoint "Cleanup", Time since last: 2000169496 ns, Reaching safepoint: 133074 ns, At safepoint: 10735 ns, Total: 143809 ns
[2023-11-16T04:59:56.558+0000][7][safepoint   ] Safepoint "Cleanup", Time since last: 1000106023 ns, Reaching safepoint: 83733 ns, At safepoint: 6763 ns, Total: 90496 ns
[2023-11-16T04:59:56.787+0000][7][gc,start    ] GC(19) Pause Young (Normal) (G1 Evacuation Pause)
[2023-11-16T04:59:56.787+0000][7][gc,task     ] GC(19) Using 8 workers of 8 for evacuation
[2023-11-16T04:59:56.787+0000][7][gc,age      ] GC(19) Desired survivor size 20971520 bytes, new threshold 15 (max threshold 15)
[2023-11-16T04:59:56.848+0000][7][gc,age      ] GC(19) Age table with threshold 15 (max threshold 15)
[2023-11-16T04:59:56.848+0000][7][gc,age      ] GC(19) - age   1:    5370904 bytes,    5370904 total
[2023-11-16T04:59:56.848+0000][7][gc,age      ] GC(19) - age   2:    7534280 bytes,   12905184 total
[2023-11-16T04:59:56.848+0000][7][gc,age      ] GC(19) - age   3:   11926568 bytes,   24831752 total
[2023-11-16T04:59:56.848+0000][7][gc,phases   ] GC(19)   Pre Evacuate Collection Set: 0.1ms
[2023-11-16T04:59:56.849+0000][7][gc,phases   ] GC(19)   Merge Heap Roots: 0.1ms
[2023-11-16T04:59:56.849+0000][7][gc,phases   ] GC(19)   Evacuate Collection Set: 58.0ms
[2023-11-16T04:59:56.849+0000][7][gc,phases   ] GC(19)   Post Evacuate Collection Set: 1.7ms
[2023-11-16T04:59:56.849+0000][7][gc,phases   ] GC(19)   Other: 1.9ms
[2023-11-16T04:59:56.849+0000][7][gc,heap     ] GC(19) Eden regions: 68->0(68)
[2023-11-16T04:59:56.849+0000][7][gc,heap     ] GC(19) Survivor regions: 6->7(10)
[2023-11-16T04:59:56.849+0000][7][gc,heap     ] GC(19) Old regions: 17->17
[2023-11-16T04:59:56.849+0000][7][gc,heap     ] GC(19) Archive regions: 2->2
[2023-11-16T04:59:56.849+0000][7][gc,heap     ] GC(19) Humongous regions: 5->5
[2023-11-16T04:59:56.849+0000][7][gc,metaspace] GC(19) Metaspace: 111015K(112640K)->111015K(112640K) NonClass: 95624K(96576K)->95624K(96576K) Class: 15391K(16064K)->15391K(16064K)
[2023-11-16T04:59:56.849+0000][7][gc          ] GC(19) Pause Young (Normal) (G1 Evacuation Pause) 381M->114M(512M) 61.656ms
[2023-11-16T04:59:56.849+0000][7][gc,cpu      ] GC(19) User=0.07s Sys=0.12s Real=0.07s
[2023-11-16T04:59:56.849+0000][7][safepoint   ] Safepoint "G1CollectForAllocation", Time since last: 227376974 ns, Reaching safepoint: 32946 ns, At safepoint: 63360156 ns, Total: 63393102 ns
[2023-11-16T04:59:57.676+0000][7][safepoint   ] Safepoint "ICBufferFull", Time since last: 827231542 ns, Reaching safepoint: 204565 ns, At safepoint: 9696 ns, Total: 214261 ns
[2023-11-16T04:59:58.212+0000][7][safepoint   ] Safepoint "ICBufferFull", Time since last: 535797620 ns, Reaching safepoint: 220773 ns, At safepoint: 5685 ns, Total: 226458 ns
[2023-11-16T04:59:59.213+0000][7][safepoint   ] Safepoint "Cleanup", Time since last: 1000117514 ns, Reaching safepoint: 199116 ns, At safepoint: 7822 ns, Total: 206938 ns
[2023-11-16T05:00:00.213+0000][7][safepoint   ] Safepoint "Cleanup", Time since last: 1000112218 ns, Reaching safepoint: 148262 ns, At safepoint: 11338 ns, Total: 159600 ns
[2023-11-16T05:00:01.214+0000][7][safepoint   ] Safepoint "Cleanup", Time since last: 1000234907 ns, Reaching safepoint: 199222 ns, At safepoint: 10972 ns, Total: 210194 ns
[2023-11-16T05:00:01.985+0000][7][safepoint   ] Safepoint "ICBufferFull", Time since last: 771752596 ns, Reaching safepoint: 181808 ns, At safepoint: 4349 ns, Total: 186157 ns
[2023-11-16T05:00:03.323+0000][7][safepoint   ] Safepoint "ICBufferFull", Time since last: 1337826003 ns, Reaching safepoint: 171666 ns, At safepoint: 8867 ns, Total: 180533 ns
[2023-11-16T05:00:04.324+0000][7][safepoint   ] Safepoint "Cleanup", Time since last: 1000115110 ns, Reaching safepoint: 162396 ns, At safepoint: 10971 ns, Total: 173367 ns
[2023-11-16T05:00:04.799+0000][7][safepoint   ] Safepoint "ICBufferFull", Time since last: 474691797 ns, Reaching safepoint: 137848 ns, At safepoint: 5832 ns, Total: 143680 ns
[2023-11-16T05:00:05.799+0000][7][safepoint   ] Safepoint "Cleanup", Time since last: 1000100366 ns, Reaching safepoint: 175967 ns, At safepoint: 7815 ns, Total: 183782 ns
[2023-11-16T05:00:06.799+0000][7][safepoint   ] Safepoint "Cleanup", Time since last: 1000102503 ns, Reaching safepoint: 196214 ns, At safepoint: 9714 ns, Total: 205928 ns
[2023-11-16T05:00:07.799+0000][7][safepoint   ] Safepoint "Cleanup", Time since last: 1000179523 ns, Reaching safepoint: 66103 ns, At safepoint: 4378 ns, Total: 70481 ns
[2023-11-16T05:00:08.800+0000][7][safepoint   ] Safepoint "Cleanup", Time since last: 1000120920 ns, Reaching safepoint: 74913 ns, At safepoint: 2805 ns, Total: 77718 ns
[2023-11-16T05:00:09.800+0000][7][safepoint   ] Safepoint "Cleanup", Time since last: 1000095726 ns, Reaching safepoint: 51648 ns, At safepoint: 3602 ns, Total: 55250 ns
[2023-11-16T05:00:10.769+0000][7][safepoint   ] Safepoint "ICBufferFull", Time since last: 968708701 ns, Reaching safepoint: 193787 ns, At safepoint: 11156 ns, Total: 204943 ns
[2023-11-16T05:00:10.900+0000][7][gc,start    ] GC(20) Pause Young (Normal) (G1 Evacuation Pause)
[2023-11-16T05:00:10.900+0000][7][gc,task     ] GC(20) Using 8 workers of 8 for evacuation
[2023-11-16T05:00:10.900+0000][7][gc,age      ] GC(20) Desired survivor size 20971520 bytes, new threshold 3 (max threshold 15)
[2023-11-16T05:00:10.927+0000][7][gc,age      ] GC(20) Age table with threshold 3 (max threshold 15)
[2023-11-16T05:00:10.927+0000][7][gc,age      ] GC(20) - age   1:    2666168 bytes,    2666168 total
[2023-11-16T05:00:10.927+0000][7][gc,age      ] GC(20) - age   2:    4570984 bytes,    7237152 total
[2023-11-16T05:00:10.927+0000][7][gc,age      ] GC(20) - age   3:    7528728 bytes,   14765880 total
[2023-11-16T05:00:10.927+0000][7][gc,phases   ] GC(20)   Pre Evacuate Collection Set: 0.1ms
[2023-11-16T05:00:10.927+0000][7][gc,phases   ] GC(20)   Merge Heap Roots: 0.1ms
[2023-11-16T05:00:10.927+0000][7][gc,phases   ] GC(20)   Evacuate Collection Set: 25.3ms
[2023-11-16T05:00:10.927+0000][7][gc,phases   ] GC(20)   Post Evacuate Collection Set: 1.1ms
[2023-11-16T05:00:10.927+0000][7][gc,phases   ] GC(20)   Other: 0.3ms
[2023-11-16T05:00:10.927+0000][7][gc,heap     ] GC(20) Eden regions: 68->0(69)
[2023-11-16T05:00:10.927+0000][7][gc,heap     ] GC(20) Survivor regions: 7->5(10)
[2023-11-16T05:00:10.927+0000][7][gc,heap     ] GC(20) Old regions: 17->19
[2023-11-16T05:00:10.927+0000][7][gc,heap     ] GC(20) Archive regions: 2->2
[2023-11-16T05:00:10.927+0000][7][gc,heap     ] GC(20) Humongous regions: 5->5
[2023-11-16T05:00:10.927+0000][7][gc,metaspace] GC(20) Metaspace: 112833K(114432K)->112833K(114432K) NonClass: 97432K(98368K)->97432K(98368K) Class: 15401K(16064K)->15401K(16064K)
[2023-11-16T05:00:10.927+0000][7][gc          ] GC(20) Pause Young (Normal) (G1 Evacuation Pause) 386M->116M(512M) 27.007ms
[2023-11-16T05:00:10.927+0000][7][gc,cpu      ] GC(20) User=0.09s Sys=0.02s Real=0.02s
[2023-11-16T05:00:10.927+0000][7][safepoint   ] Safepoint "G1CollectForAllocation", Time since last: 131142076 ns, Reaching safepoint: 68890 ns, At safepoint: 27102733 ns, Total: 27171623 ns
[2023-11-16T05:00:11.927+0000][7][safepoint   ] Safepoint "Cleanup", Time since last: 1000077459 ns, Reaching safepoint: 65825 ns, At safepoint: 3856 ns, Total: 69681 ns
[2023-11-16T05:00:12.927+0000][7][safepoint   ] Safepoint "Cleanup", Time since last: 1000099800 ns, Reaching safepoint: 143939 ns, At safepoint: 3910 ns, Total: 147849 ns
[2023-11-16T05:00:13.928+0000][7][safepoint   ] Safepoint "Cleanup", Time since last: 1000141861 ns, Reaching safepoint: 119726 ns, At safepoint: 5615 ns, Total: 125341 ns
[2023-11-16T05:00:14.928+0000][7][safepoint   ] Safepoint "Cleanup", Time since last: 1000120770 ns, Reaching safepoint: 46751 ns, At safepoint: 4198 ns, Total: 50949 ns
[2023-11-16T05:00:15.928+0000][7][safepoint   ] Safepoint "Cleanup", Time since last: 1000089005 ns, Reaching safepoint: 83559 ns, At safepoint: 6108 ns, Total: 89667 ns
[2023-11-16T05:00:16.928+0000][7][safepoint   ] Safepoint "Cleanup", Time since last: 1000095265 ns, Reaching safepoint: 183917 ns, At safepoint: 8677 ns, Total: 192594 ns
[2023-11-16T05:00:17.929+0000][7][safepoint   ] Safepoint "Cleanup", Time since last: 1000109347 ns, Reaching safepoint: 111411 ns, At safepoint: 8134 ns, Total: 119545 ns
[2023-11-16T05:00:18.929+0000][7][safepoint   ] Safepoint "Cleanup", Time since last: 1000122228 ns, Reaching safepoint: 64715 ns, At safepoint: 5529 ns, Total: 70244 ns
[2023-11-16T05:00:19.929+0000][7][safepoint   ] Safepoint "Cleanup", Time since last: 1000115419 ns, Reaching safepoint: 131128 ns, At safepoint: 4607 ns, Total: 135735 ns
[2023-11-16T05:00:20.929+0000][7][safepoint   ] Safepoint "Cleanup", Time since last: 1000125438 ns, Reaching safepoint: 100703 ns, At safepoint: 4116 ns, Total: 104819 ns
[2023-11-16T05:00:21.929+0000][7][safepoint   ] Safepoint "Cleanup", Time since last: 1000142073 ns, Reaching safepoint: 123609 ns, At safepoint: 7621 ns, Total: 131230 ns
[2023-11-16T05:00:22.930+0000][7][safepoint   ] Safepoint "Cleanup", Time since last: 1000152227 ns, Reaching safepoint: 207196 ns, At safepoint: 17226 ns, Total: 224422 ns
[2023-11-16T05:00:23.930+0000][7][safepoint   ] Safepoint "Cleanup", Time since last: 1000182341 ns, Reaching safepoint: 128047 ns, At safepoint: 7751 ns, Total: 135798 ns
[2023-11-16T05:00:24.930+0000][7][safepoint   ] Safepoint "Cleanup", Time since last: 1000095755 ns, Reaching safepoint: 43129 ns, At safepoint: 3468 ns, Total: 46597 ns
[2023-11-16T05:00:25.433+0000][7][gc,start    ] GC(21) Pause Young (Normal) (G1 Evacuation Pause)
[2023-11-16T05:00:25.433+0000][7][gc,task     ] GC(21) Using 8 workers of 8 for evacuation
[2023-11-16T05:00:25.433+0000][7][gc,age      ] GC(21) Desired survivor size 20971520 bytes, new threshold 15 (max threshold 15)
[2023-11-16T05:00:25.454+0000][7][gc,age      ] GC(21) Age table with threshold 15 (max threshold 15)
[2023-11-16T05:00:25.454+0000][7][gc,age      ] GC(21) - age   1:    1211472 bytes,    1211472 total
[2023-11-16T05:00:25.454+0000][7][gc,age      ] GC(21) - age   2:    1690840 bytes,    2902312 total
[2023-11-16T05:00:25.454+0000][7][gc,age      ] GC(21) - age   3:    4552776 bytes,    7455088 total
[2023-11-16T05:00:25.454+0000][7][gc,age      ] GC(21) - age   4:    7528568 bytes,   14983656 total
[2023-11-16T05:00:25.454+0000][7][gc,phases   ] GC(21)   Pre Evacuate Collection Set: 0.1ms
[2023-11-16T05:00:25.454+0000][7][gc,phases   ] GC(21)   Merge Heap Roots: 0.1ms
[2023-11-16T05:00:25.454+0000][7][gc,phases   ] GC(21)   Evacuate Collection Set: 19.4ms
[2023-11-16T05:00:25.454+0000][7][gc,phases   ] GC(21)   Post Evacuate Collection Set: 0.9ms
[2023-11-16T05:00:25.454+0000][7][gc,phases   ] GC(21)   Other: 0.3ms
[2023-11-16T05:00:25.454+0000][7][gc,heap     ] GC(21) Eden regions: 69->0(70)
[2023-11-16T05:00:25.454+0000][7][gc,heap     ] GC(21) Survivor regions: 5->5(10)
[2023-11-16T05:00:25.454+0000][7][gc,heap     ] GC(21) Old regions: 19->19
[2023-11-16T05:00:25.454+0000][7][gc,heap     ] GC(21) Archive regions: 2->2
[2023-11-16T05:00:25.454+0000][7][gc,heap     ] GC(21) Humongous regions: 5->5
[2023-11-16T05:00:25.454+0000][7][gc,metaspace] GC(21) Metaspace: 113096K(114752K)->113096K(114752K) NonClass: 97676K(98624K)->97676K(98624K) Class: 15419K(16128K)->15419K(16128K)
[2023-11-16T05:00:25.454+0000][7][gc          ] GC(21) Pause Young (Normal) (G1 Evacuation Pause) 392M->116M(512M) 20.853ms
[2023-11-16T05:00:25.454+0000][7][gc,cpu      ] GC(21) User=0.08s Sys=0.00s Real=0.02s
[2023-11-16T05:00:25.454+0000][7][safepoint   ] Safepoint "G1CollectForAllocation", Time since last: 502331222 ns, Reaching safepoint: 135628 ns, At safepoint: 20961756 ns, Total: 21097384 ns
[2023-11-16T05:00:25.607+0000][7][safepoint   ] Safepoint "ICBufferFull", Time since last: 153384729 ns, Reaching safepoint: 158666 ns, At safepoint: 7131 ns, Total: 165797 ns
[2023-11-16T05:00:26.611+0000][7][safepoint   ] Safepoint "Cleanup", Time since last: 1000113285 ns, Reaching safepoint: 3060981 ns, At safepoint: 42254 ns, Total: 3103235 ns
[2023-11-16T05:00:27.611+0000][7][safepoint   ] Safepoint "Cleanup", Time since last: 1000149701 ns, Reaching safepoint: 88359 ns, At safepoint: 6157 ns, Total: 94516 ns
[2023-11-16T05:00:28.612+0000][7][safepoint   ] Safepoint "Cleanup", Time since last: 1001303625 ns, Reaching safepoint: 287785 ns, At safepoint: 14824 ns, Total: 302609 ns
[2023-11-16T05:00:29.613+0000][7][safepoint   ] Safepoint "Cleanup", Time since last: 1000111016 ns, Reaching safepoint: 177227 ns, At safepoint: 8852 ns, Total: 186079 ns
[2023-11-16T05:00:31.455+0000][7][safepoint   ] Safepoint "Cleanup", Time since last: 1842664737 ns, Reaching safepoint: 100016 ns, At safepoint: 5247 ns, Total: 105263 ns
[2023-11-16T05:00:31.544+0000][7][gc,start    ] GC(22) Pause Young (Normal) (G1 Evacuation Pause)
[2023-11-16T05:00:31.544+0000][7][gc,task     ] GC(22) Using 8 workers of 8 for evacuation
[2023-11-16T05:00:31.544+0000][7][gc,age      ] GC(22) Desired survivor size 20971520 bytes, new threshold 15 (max threshold 15)
[2023-11-16T05:00:31.556+0000][7][gc,age      ] GC(22) Age table with threshold 15 (max threshold 15)
[2023-11-16T05:00:31.556+0000][7][gc,age      ] GC(22) - age   1:    3265992 bytes,    3265992 total
[2023-11-16T05:00:31.556+0000][7][gc,age      ] GC(22) - age   2:     498912 bytes,    3764904 total
[2023-11-16T05:00:31.556+0000][7][gc,age      ] GC(22) - age   3:     455992 bytes,    4220896 total
[2023-11-16T05:00:31.556+0000][7][gc,age      ] GC(22) - age   4:    4544832 bytes,    8765728 total
[2023-11-16T05:00:31.556+0000][7][gc,age      ] GC(22) - age   5:    7511344 bytes,   16277072 total
[2023-11-16T05:00:31.556+0000][7][gc,phases   ] GC(22)   Pre Evacuate Collection Set: 0.1ms
[2023-11-16T05:00:31.556+0000][7][gc,phases   ] GC(22)   Merge Heap Roots: 0.1ms
[2023-11-16T05:00:31.556+0000][7][gc,phases   ] GC(22)   Evacuate Collection Set: 10.5ms
[2023-11-16T05:00:31.556+0000][7][gc,phases   ] GC(22)   Post Evacuate Collection Set: 0.9ms
[2023-11-16T05:00:31.556+0000][7][gc,phases   ] GC(22)   Other: 0.2ms
[2023-11-16T05:00:31.556+0000][7][gc,heap     ] GC(22) Eden regions: 70->0(71)
[2023-11-16T05:00:31.556+0000][7][gc,heap     ] GC(22) Survivor regions: 5->5(10)
[2023-11-16T05:00:31.556+0000][7][gc,heap     ] GC(22) Old regions: 19->19
[2023-11-16T05:00:31.556+0000][7][gc,heap     ] GC(22) Archive regions: 2->2
[2023-11-16T05:00:31.556+0000][7][gc,heap     ] GC(22) Humongous regions: 5->5
[2023-11-16T05:00:31.556+0000][7][gc,metaspace] GC(22) Metaspace: 113633K(115328K)->113633K(115328K) NonClass: 98140K(99136K)->98140K(99136K) Class: 15493K(16192K)->15493K(16192K)
[2023-11-16T05:00:31.556+0000][7][gc          ] GC(22) Pause Young (Normal) (G1 Evacuation Pause) 396M->117M(512M) 11.802ms
[2023-11-16T05:00:31.556+0000][7][gc,cpu      ] GC(22) User=0.06s Sys=0.00s Real=0.01s
[2023-11-16T05:00:31.556+0000][7][safepoint   ] Safepoint "G1CollectForAllocation", Time since last: 88724401 ns, Reaching safepoint: 129350 ns, At safepoint: 11875555 ns, Total: 12004905 ns
[2023-11-16T05:00:32.541+0000][7][safepoint   ] Safepoint "ICBufferFull", Time since last: 984104668 ns, Reaching safepoint: 971557 ns, At safepoint: 12055 ns, Total: 983612 ns
[2023-11-16T05:00:33.546+0000][7][safepoint   ] Safepoint "ICBufferFull", Time since last: 1004843857 ns, Reaching safepoint: 207732 ns, At safepoint: 9237 ns, Total: 216969 ns
[2023-11-16T05:00:34.556+0000][7][safepoint   ] Safepoint "Cleanup", Time since last: 1009378897 ns, Reaching safepoint: 146864 ns, At safepoint: 16802 ns, Total: 163666 ns
[2023-11-16T05:00:35.338+0000][7][gc,start    ] GC(23) Pause Young (Normal) (G1 Evacuation Pause)
[2023-11-16T05:00:35.338+0000][7][gc,task     ] GC(23) Using 8 workers of 8 for evacuation
[2023-11-16T05:00:35.338+0000][7][gc,age      ] GC(23) Desired survivor size 20971520 bytes, new threshold 15 (max threshold 15)
[2023-11-16T05:00:35.381+0000][7][gc,age      ] GC(23) Age table with threshold 15 (max threshold 15)
[2023-11-16T05:00:35.381+0000][7][gc,age      ] GC(23) - age   1:    3257344 bytes,    3257344 total
[2023-11-16T05:00:35.381+0000][7][gc,age      ] GC(23) - age   2:    1888496 bytes,    5145840 total
[2023-11-16T05:00:35.381+0000][7][gc,age      ] GC(23) - age   3:     498664 bytes,    5644504 total
[2023-11-16T05:00:35.381+0000][7][gc,age      ] GC(23) - age   4:     455480 bytes,    6099984 total
[2023-11-16T05:00:35.381+0000][7][gc,age      ] GC(23) - age   5:    4528232 bytes,   10628216 total
[2023-11-16T05:00:35.381+0000][7][gc,age      ] GC(23) - age   6:    7501448 bytes,   18129664 total
[2023-11-16T05:00:35.381+0000][7][gc,phases   ] GC(23)   Pre Evacuate Collection Set: 0.1ms
[2023-11-16T05:00:35.381+0000][7][gc,phases   ] GC(23)   Merge Heap Roots: 0.1ms
[2023-11-16T05:00:35.381+0000][7][gc,phases   ] GC(23)   Evacuate Collection Set: 40.0ms
[2023-11-16T05:00:35.381+0000][7][gc,phases   ] GC(23)   Post Evacuate Collection Set: 2.7ms
[2023-11-16T05:00:35.381+0000][7][gc,phases   ] GC(23)   Other: 0.2ms
[2023-11-16T05:00:35.381+0000][7][gc,heap     ] GC(23) Eden regions: 71->0(71)
[2023-11-16T05:00:35.381+0000][7][gc,heap     ] GC(23) Survivor regions: 5->5(10)
[2023-11-16T05:00:35.381+0000][7][gc,heap     ] GC(23) Old regions: 19->19
[2023-11-16T05:00:35.381+0000][7][gc,heap     ] GC(23) Archive regions: 2->2
[2023-11-16T05:00:35.381+0000][7][gc,heap     ] GC(23) Humongous regions: 5->5
[2023-11-16T05:00:35.381+0000][7][gc,metaspace] GC(23) Metaspace: 114638K(116352K)->114638K(116352K) NonClass: 99026K(100032K)->99026K(100032K) Class: 15611K(16320K)->15611K(16320K)
[2023-11-16T05:00:35.381+0000][7][gc          ] GC(23) Pause Young (Normal) (G1 Evacuation Pause) 401M->118M(512M) 43.359ms
[2023-11-16T05:00:35.381+0000][7][gc,cpu      ] GC(23) User=0.14s Sys=0.01s Real=0.05s
[2023-11-16T05:00:35.381+0000][7][safepoint   ] Safepoint "G1CollectForAllocation", Time since last: 781745946 ns, Reaching safepoint: 126534 ns, At safepoint: 43458714 ns, Total: 43585248 ns
[2023-11-16T05:00:36.382+0000][7][safepoint   ] Safepoint "Cleanup", Time since last: 1000094231 ns, Reaching safepoint: 210056 ns, At safepoint: 13333 ns, Total: 223389 ns
[2023-11-16T05:00:37.382+0000][7][safepoint   ] Safepoint "Cleanup", Time since last: 1000683826 ns, Reaching safepoint: 135137 ns, At safepoint: 5428 ns, Total: 140565 ns
[2023-11-16T05:00:38.383+0000][7][safepoint   ] Safepoint "Cleanup", Time since last: 1000111812 ns, Reaching safepoint: 114851 ns, At safepoint: 7610 ns, Total: 122461 ns
[2023-11-16T05:00:39.434+0000][7][safepoint   ] Safepoint "Cleanup", Time since last: 1051505121 ns, Reaching safepoint: 121050 ns, At safepoint: 6988 ns, Total: 128038 ns
[2023-11-16T05:00:40.434+0000][7][safepoint   ] Safepoint "Cleanup", Time since last: 1000091564 ns, Reaching safepoint: 63813 ns, At safepoint: 5636 ns, Total: 69449 ns
[2023-11-16T05:00:41.435+0000][7][safepoint   ] Safepoint "Cleanup", Time since last: 1000105383 ns, Reaching safepoint: 138623 ns, At safepoint: 3633 ns, Total: 142256 ns
[2023-11-16T05:00:41.805+0000][7][gc,start    ] GC(24) Pause Young (Normal) (G1 Evacuation Pause)
[2023-11-16T05:00:41.805+0000][7][gc,task     ] GC(24) Using 8 workers of 8 for evacuation
[2023-11-16T05:00:41.805+0000][7][gc,age      ] GC(24) Desired survivor size 20971520 bytes, new threshold 15 (max threshold 15)
[2023-11-16T05:00:41.822+0000][7][gc,age      ] GC(24) Age table with threshold 15 (max threshold 15)
[2023-11-16T05:00:41.822+0000][7][gc,age      ] GC(24) - age   1:    2758600 bytes,    2758600 total
[2023-11-16T05:00:41.822+0000][7][gc,age      ] GC(24) - age   2:     961952 bytes,    3720552 total
[2023-11-16T05:00:41.822+0000][7][gc,age      ] GC(24) - age   3:    1094544 bytes,    4815096 total
[2023-11-16T05:00:41.822+0000][7][gc,age      ] GC(24) - age   4:     497768 bytes,    5312864 total
[2023-11-16T05:00:41.822+0000][7][gc,age      ] GC(24) - age   5:     419296 bytes,    5732160 total
[2023-11-16T05:00:41.822+0000][7][gc,age      ] GC(24) - age   6:    4425200 bytes,   10157360 total
[2023-11-16T05:00:41.822+0000][7][gc,age      ] GC(24) - age   7:    6948248 bytes,   17105608 total
[2023-11-16T05:00:41.822+0000][7][gc,phases   ] GC(24)   Pre Evacuate Collection Set: 0.1ms
[2023-11-16T05:00:41.822+0000][7][gc,phases   ] GC(24)   Merge Heap Roots: 0.1ms
[2023-11-16T05:00:41.822+0000][7][gc,phases   ] GC(24)   Evacuate Collection Set: 16.3ms
[2023-11-16T05:00:41.822+0000][7][gc,phases   ] GC(24)   Post Evacuate Collection Set: 1.0ms
[2023-11-16T05:00:41.822+0000][7][gc,phases   ] GC(24)   Other: 0.2ms
[2023-11-16T05:00:41.822+0000][7][gc,heap     ] GC(24) Eden regions: 71->0(71)
[2023-11-16T05:00:41.822+0000][7][gc,heap     ] GC(24) Survivor regions: 5->5(10)
[2023-11-16T05:00:41.822+0000][7][gc,heap     ] GC(24) Old regions: 19->19
[2023-11-16T05:00:41.822+0000][7][gc,heap     ] GC(24) Archive regions: 2->2
[2023-11-16T05:00:41.822+0000][7][gc,heap     ] GC(24) Humongous regions: 5->5
[2023-11-16T05:00:41.822+0000][7][gc,metaspace] GC(24) Metaspace: 114885K(116672K)->114885K(116672K) NonClass: 99253K(100288K)->99253K(100288K) Class: 15632K(16384K)->15632K(16384K)
[2023-11-16T05:00:41.822+0000][7][gc          ] GC(24) Pause Young (Normal) (G1 Evacuation Pause) 402M->117M(512M) 17.843ms
[2023-11-16T05:00:41.822+0000][7][gc,cpu      ] GC(24) User=0.08s Sys=0.00s Real=0.02s
[2023-11-16T05:00:41.823+0000][7][safepoint   ] Safepoint "G1CollectForAllocation", Time since last: 369932934 ns, Reaching safepoint: 39682 ns, At safepoint: 17929460 ns, Total: 17969142 ns
[2023-11-16T05:00:42.823+0000][7][safepoint   ] Safepoint "Cleanup", Time since last: 1000082969 ns, Reaching safepoint: 60013 ns, At safepoint: 5999 ns, Total: 66012 ns
[2023-11-16T05:00:44.016+0000][7][safepoint   ] Safepoint "Cleanup", Time since last: 1192749125 ns, Reaching safepoint: 100368 ns, At safepoint: 6247 ns, Total: 106615 ns
[2023-11-16T05:00:45.016+0000][7][safepoint   ] Safepoint "Cleanup", Time since last: 1000098468 ns, Reaching safepoint: 97916 ns, At safepoint: 11827 ns, Total: 109743 ns
[2023-11-16T05:00:46.030+0000][7][safepoint   ] Safepoint "Cleanup", Time since last: 1014257774 ns, Reaching safepoint: 99197 ns, At safepoint: 7109 ns, Total: 106306 ns
[2023-11-16T05:00:47.030+0000][7][safepoint   ] Safepoint "Cleanup", Time since last: 1000124035 ns, Reaching safepoint: 66137 ns, At safepoint: 5121 ns, Total: 71258 ns
[2023-11-16T05:00:47.921+0000][7][gc,start    ] GC(25) Pause Young (Normal) (G1 Evacuation Pause)
[2023-11-16T05:00:47.921+0000][7][gc,task     ] GC(25) Using 8 workers of 8 for evacuation
[2023-11-16T05:00:47.921+0000][7][gc,age      ] GC(25) Desired survivor size 20971520 bytes, new threshold 15 (max threshold 15)
[2023-11-16T05:00:47.939+0000][7][gc,age      ] GC(25) Age table with threshold 15 (max threshold 15)
[2023-11-16T05:00:47.939+0000][7][gc,age      ] GC(25) - age   1:    2097320 bytes,    2097320 total
[2023-11-16T05:00:47.939+0000][7][gc,age      ] GC(25) - age   2:    1557184 bytes,    3654504 total
[2023-11-16T05:00:47.939+0000][7][gc,age      ] GC(25) - age   3:     850000 bytes,    4504504 total
[2023-11-16T05:00:47.939+0000][7][gc,age      ] GC(25) - age   4:    1093112 bytes,    5597616 total
[2023-11-16T05:00:47.939+0000][7][gc,age      ] GC(25) - age   5:     497640 bytes,    6095256 total
[2023-11-16T05:00:47.939+0000][7][gc,age      ] GC(25) - age   6:     419040 bytes,    6514296 total
[2023-11-16T05:00:47.939+0000][7][gc,age      ] GC(25) - age   7:    4423952 bytes,   10938248 total
[2023-11-16T05:00:47.939+0000][7][gc,age      ] GC(25) - age   8:    6805240 bytes,   17743488 total
[2023-11-16T05:00:47.939+0000][7][gc,phases   ] GC(25)   Pre Evacuate Collection Set: 0.1ms
[2023-11-16T05:00:47.939+0000][7][gc,phases   ] GC(25)   Merge Heap Roots: 0.1ms
[2023-11-16T05:00:47.939+0000][7][gc,phases   ] GC(25)   Evacuate Collection Set: 16.6ms
[2023-11-16T05:00:47.939+0000][7][gc,phases   ] GC(25)   Post Evacuate Collection Set: 0.9ms
[2023-11-16T05:00:47.939+0000][7][gc,phases   ] GC(25)   Other: 0.2ms
[2023-11-16T05:00:47.939+0000][7][gc,heap     ] GC(25) Eden regions: 71->0(71)
[2023-11-16T05:00:47.939+0000][7][gc,heap     ] GC(25) Survivor regions: 5->5(10)
[2023-11-16T05:00:47.939+0000][7][gc,heap     ] GC(25) Old regions: 19->19
[2023-11-16T05:00:47.939+0000][7][gc,heap     ] GC(25) Archive regions: 2->2
[2023-11-16T05:00:47.939+0000][7][gc,heap     ] GC(25) Humongous regions: 5->5
[2023-11-16T05:00:47.939+0000][7][gc,metaspace] GC(25) Metaspace: 114953K(116736K)->114953K(116736K) NonClass: 99319K(100352K)->99319K(100352K) Class: 15634K(16384K)->15634K(16384K)
[2023-11-16T05:00:47.939+0000][7][gc          ] GC(25) Pause Young (Normal) (G1 Evacuation Pause) 401M->119M(512M) 17.979ms
[2023-11-16T05:00:47.939+0000][7][gc,cpu      ] GC(25) User=0.06s Sys=0.00s Real=0.02s
[2023-11-16T05:00:47.939+0000][7][safepoint   ] Safepoint "G1CollectForAllocation", Time since last: 890925391 ns, Reaching safepoint: 58864 ns, At safepoint: 18070413 ns, Total: 18129277 ns
[2023-11-16T05:00:48.940+0000][7][safepoint   ] Safepoint "Cleanup", Time since last: 1000079721 ns, Reaching safepoint: 69747 ns, At safepoint: 5509 ns, Total: 75256 ns
[2023-11-16T05:00:49.940+0000][7][safepoint   ] Safepoint "Cleanup", Time since last: 1000094072 ns, Reaching safepoint: 58589 ns, At safepoint: 5724 ns, Total: 64313 ns
[2023-11-16T05:00:51.490+0000][7][safepoint   ] Safepoint "Cleanup", Time since last: 1550501702 ns, Reaching safepoint: 125603 ns, At safepoint: 8902 ns, Total: 134505 ns
[2023-11-16T05:00:52.491+0000][7][safepoint   ] Safepoint "Cleanup", Time since last: 1000110201 ns, Reaching safepoint: 227245 ns, At safepoint: 16921 ns, Total: 244166 ns
[2023-11-16T05:00:53.142+0000][7][gc,start    ] GC(26) Pause Young (Normal) (G1 Evacuation Pause)
[2023-11-16T05:00:53.142+0000][7][gc,task     ] GC(26) Using 8 workers of 8 for evacuation
[2023-11-16T05:00:53.142+0000][7][gc,age      ] GC(26) Desired survivor size 20971520 bytes, new threshold 15 (max threshold 15)
[2023-11-16T05:00:53.154+0000][7][gc,age      ] GC(26) Age table with threshold 15 (max threshold 15)
[2023-11-16T05:00:53.154+0000][7][gc,age      ] GC(26) - age   1:    1724128 bytes,    1724128 total
[2023-11-16T05:00:53.154+0000][7][gc,age      ] GC(26) - age   2:     474496 bytes,    2198624 total
[2023-11-16T05:00:53.154+0000][7][gc,age      ] GC(26) - age   3:    1539664 bytes,    3738288 total
[2023-11-16T05:00:53.154+0000][7][gc,age      ] GC(26) - age   4:     849904 bytes,    4588192 total
[2023-11-16T05:00:53.154+0000][7][gc,age      ] GC(26) - age   5:    1092824 bytes,    5681016 total
[2023-11-16T05:00:53.154+0000][7][gc,age      ] GC(26) - age   6:     486152 bytes,    6167168 total
[2023-11-16T05:00:53.154+0000][7][gc,age      ] GC(26) - age   7:     419040 bytes,    6586208 total
[2023-11-16T05:00:53.154+0000][7][gc,age      ] GC(26) - age   8:    4423888 bytes,   11010096 total
[2023-11-16T05:00:53.154+0000][7][gc,age      ] GC(26) - age   9:    6805112 bytes,   17815208 total
[2023-11-16T05:00:53.154+0000][7][gc,phases   ] GC(26)   Pre Evacuate Collection Set: 0.1ms
[2023-11-16T05:00:53.154+0000][7][gc,phases   ] GC(26)   Merge Heap Roots: 0.0ms
[2023-11-16T05:00:53.154+0000][7][gc,phases   ] GC(26)   Evacuate Collection Set: 11.0ms
[2023-11-16T05:00:53.154+0000][7][gc,phases   ] GC(26)   Post Evacuate Collection Set: 0.9ms
[2023-11-16T05:00:53.154+0000][7][gc,phases   ] GC(26)   Other: 0.2ms
[2023-11-16T05:00:53.154+0000][7][gc,heap     ] GC(26) Eden regions: 71->0(71)
[2023-11-16T05:00:53.154+0000][7][gc,heap     ] GC(26) Survivor regions: 5->5(10)
[2023-11-16T05:00:53.154+0000][7][gc,heap     ] GC(26) Old regions: 19->19
[2023-11-16T05:00:53.154+0000][7][gc,heap     ] GC(26) Archive regions: 2->2
[2023-11-16T05:00:53.154+0000][7][gc,heap     ] GC(26) Humongous regions: 5->5
[2023-11-16T05:00:53.154+0000][7][gc,metaspace] GC(26) Metaspace: 115049K(116800K)->115049K(116800K) NonClass: 99414K(100416K)->99414K(100416K) Class: 15634K(16384K)->15634K(16384K)
[2023-11-16T05:00:53.154+0000][7][gc          ] GC(26) Pause Young (Normal) (G1 Evacuation Pause) 403M->119M(512M) 12.253ms
[2023-11-16T05:00:53.154+0000][7][gc,cpu      ] GC(26) User=0.05s Sys=0.00s Real=0.01s
[2023-11-16T05:00:53.154+0000][7][safepoint   ] Safepoint "G1CollectForAllocation", Time since last: 651182963 ns, Reaching safepoint: 76186 ns, At safepoint: 12329371 ns, Total: 12405557 ns
[2023-11-16T05:00:54.154+0000][7][safepoint   ] Safepoint "Cleanup", Time since last: 1000085834 ns, Reaching safepoint: 63119 ns, At safepoint: 4073 ns, Total: 67192 ns
[2023-11-16T05:00:55.155+0000][7][safepoint   ] Safepoint "Cleanup", Time since last: 1000106931 ns, Reaching safepoint: 51904 ns, At safepoint: 3071 ns, Total: 54975 ns
[2023-11-16T05:00:56.155+0000][7][safepoint   ] Safepoint "Cleanup", Time since last: 1000108304 ns, Reaching safepoint: 63060 ns, At safepoint: 11183 ns, Total: 74243 ns
[2023-11-16T05:00:57.155+0000][7][safepoint   ] Safepoint "Cleanup", Time since last: 1000129775 ns, Reaching safepoint: 30281 ns, At safepoint: 4278 ns, Total: 34559 ns
[2023-11-16T05:00:58.155+0000][7][safepoint   ] Safepoint "Cleanup", Time since last: 1000103724 ns, Reaching safepoint: 78792 ns, At safepoint: 5192 ns, Total: 83984 ns
[2023-11-16T05:00:59.155+0000][7][safepoint   ] Safepoint "Cleanup", Time since last: 1000107529 ns, Reaching safepoint: 65976 ns, At safepoint: 7080 ns, Total: 73056 ns
[2023-11-16T05:01:00.156+0000][7][safepoint   ] Safepoint "Cleanup", Time since last: 1000117927 ns, Reaching safepoint: 103861 ns, At safepoint: 4334 ns, Total: 108195 ns
[2023-11-16T05:01:01.156+0000][7][safepoint   ] Safepoint "Cleanup", Time since last: 1000101091 ns, Reaching safepoint: 59283 ns, At safepoint: 11255 ns, Total: 70538 ns
[2023-11-16T05:01:01.158+0000][7][gc,start    ] GC(27) Pause Young (Normal) (G1 Evacuation Pause)
[2023-11-16T05:01:01.158+0000][7][gc,task     ] GC(27) Using 8 workers of 8 for evacuation
[2023-11-16T05:01:01.158+0000][7][gc,age      ] GC(27) Desired survivor size 20971520 bytes, new threshold 15 (max threshold 15)
[2023-11-16T05:01:01.172+0000][7][gc,age      ] GC(27) Age table with threshold 15 (max threshold 15)
[2023-11-16T05:01:01.172+0000][7][gc,age      ] GC(27) - age   1:    2693024 bytes,    2693024 total
[2023-11-16T05:01:01.172+0000][7][gc,age      ] GC(27) - age   2:     345896 bytes,    3038920 total
[2023-11-16T05:01:01.172+0000][7][gc,age      ] GC(27) - age   3:     250496 bytes,    3289416 total
[2023-11-16T05:01:01.172+0000][7][gc,age      ] GC(27) - age   4:    1343928 bytes,    4633344 total
[2023-11-16T05:01:01.172+0000][7][gc,age      ] GC(27) - age   5:     849808 bytes,    5483152 total
[2023-11-16T05:01:01.172+0000][7][gc,age      ] GC(27) - age   6:    1092192 bytes,    6575344 total
[2023-11-16T05:01:01.172+0000][7][gc,age      ] GC(27) - age   7:     482688 bytes,    7058032 total
[2023-11-16T05:01:01.172+0000][7][gc,age      ] GC(27) - age   8:     418000 bytes,    7476032 total
[2023-11-16T05:01:01.172+0000][7][gc,age      ] GC(27) - age   9:    4423888 bytes,   11899920 total
[2023-11-16T05:01:01.172+0000][7][gc,age      ] GC(27) - age  10:    6805112 bytes,   18705032 total
[2023-11-16T05:01:01.172+0000][7][gc,phases   ] GC(27)   Pre Evacuate Collection Set: 0.1ms
[2023-11-16T05:01:01.172+0000][7][gc,phases   ] GC(27)   Merge Heap Roots: 0.1ms
[2023-11-16T05:01:01.172+0000][7][gc,phases   ] GC(27)   Evacuate Collection Set: 12.5ms
[2023-11-16T05:01:01.172+0000][7][gc,phases   ] GC(27)   Post Evacuate Collection Set: 0.8ms
[2023-11-16T05:01:01.172+0000][7][gc,phases   ] GC(27)   Other: 0.2ms
[2023-11-16T05:01:01.172+0000][7][gc,heap     ] GC(27) Eden regions: 71->0(71)
[2023-11-16T05:01:01.172+0000][7][gc,heap     ] GC(27) Survivor regions: 5->5(10)
[2023-11-16T05:01:01.172+0000][7][gc,heap     ] GC(27) Old regions: 19->19
[2023-11-16T05:01:01.172+0000][7][gc,heap     ] GC(27) Archive regions: 2->2
[2023-11-16T05:01:01.172+0000][7][gc,heap     ] GC(27) Humongous regions: 5->5
[2023-11-16T05:01:01.172+0000][7][gc,metaspace] GC(27) Metaspace: 115096K(116864K)->115096K(116864K) NonClass: 99462K(100480K)->99462K(100480K) Class: 15634K(16384K)->15634K(16384K)
[2023-11-16T05:01:01.172+0000][7][gc          ] GC(27) Pause Young (Normal) (G1 Evacuation Pause) 403M->119M(512M) 13.639ms
[2023-11-16T05:01:01.172+0000][7][gc,cpu      ] GC(27) User=0.06s Sys=0.00s Real=0.02s
[2023-11-16T05:01:01.172+0000][7][safepoint   ] Safepoint "G1CollectForAllocation", Time since last: 2481821 ns, Reaching safepoint: 34391 ns, At safepoint: 13721612 ns, Total: 13756003 ns
[2023-11-16T05:01:02.172+0000][7][safepoint   ] Safepoint "Cleanup", Time since last: 1000085205 ns, Reaching safepoint: 137337 ns, At safepoint: 4712 ns, Total: 142049 ns
[2023-11-16T05:01:03.172+0000][7][safepoint   ] Safepoint "Cleanup", Time since last: 1000168083 ns, Reaching safepoint: 67593 ns, At safepoint: 4431 ns, Total: 72024 ns
[2023-11-16T05:01:04.173+0000][7][safepoint   ] Safepoint "Cleanup", Time since last: 1000177314 ns, Reaching safepoint: 181858 ns, At safepoint: 19786 ns, Total: 201644 ns
[2023-11-16T05:01:05.173+0000][7][safepoint   ] Safepoint "Cleanup", Time since last: 1000187423 ns, Reaching safepoint: 46526 ns, At safepoint: 3667 ns, Total: 50193 ns
[2023-11-16T05:01:06.173+0000][7][safepoint   ] Safepoint "Cleanup", Time since last: 1000117484 ns, Reaching safepoint: 43142 ns, At safepoint: 8860 ns, Total: 52002 ns
[2023-11-16T05:01:07.173+0000][7][safepoint   ] Safepoint "Cleanup", Time since last: 1000103437 ns, Reaching safepoint: 55906 ns, At safepoint: 3682 ns, Total: 59588 ns
[2023-11-16T05:01:08.174+0000][7][safepoint   ] Safepoint "Cleanup", Time since last: 1000147911 ns, Reaching safepoint: 81466 ns, At safepoint: 5974 ns, Total: 87440 ns
[2023-11-16T05:01:09.174+0000][7][safepoint   ] Safepoint "Cleanup", Time since last: 1000115840 ns, Reaching safepoint: 65390 ns, At safepoint: 3412 ns, Total: 68802 ns
[2023-11-16T05:01:10.998+0000][7][safepoint   ] Safepoint "Cleanup", Time since last: 1823687900 ns, Reaching safepoint: 175169 ns, At safepoint: 8025 ns, Total: 183194 ns
[2023-11-16T05:01:11.998+0000][7][safepoint   ] Safepoint "Cleanup", Time since last: 1000106309 ns, Reaching safepoint: 65519 ns, At safepoint: 3741 ns, Total: 69260 ns
[2023-11-16T05:01:12.998+0000][7][safepoint   ] Safepoint "Cleanup", Time since last: 1000159335 ns, Reaching safepoint: 57705 ns, At safepoint: 4410 ns, Total: 62115 ns
[2023-11-16T05:01:13.998+0000][7][safepoint   ] Safepoint "Cleanup", Time since last: 1000091533 ns, Reaching safepoint: 51485 ns, At safepoint: 3224 ns, Total: 54709 ns
[2023-11-16T05:01:14.227+0000][7][gc,start    ] GC(28) Pause Young (Normal) (G1 Evacuation Pause)
[2023-11-16T05:01:14.227+0000][7][gc,task     ] GC(28) Using 8 workers of 8 for evacuation
[2023-11-16T05:01:14.227+0000][7][gc,age      ] GC(28) Desired survivor size 20971520 bytes, new threshold 15 (max threshold 15)
[2023-11-16T05:01:14.242+0000][7][gc,age      ] GC(28) Age table with threshold 15 (max threshold 15)
[2023-11-16T05:01:14.242+0000][7][gc,age      ] GC(28) - age   1:    2754272 bytes,    2754272 total
[2023-11-16T05:01:14.242+0000][7][gc,age      ] GC(28) - age   2:     117032 bytes,    2871304 total
[2023-11-16T05:01:14.242+0000][7][gc,age      ] GC(28) - age   3:      98752 bytes,    2970056 total
[2023-11-16T05:01:14.242+0000][7][gc,age      ] GC(28) - age   4:     249288 bytes,    3219344 total
[2023-11-16T05:01:14.242+0000][7][gc,age      ] GC(28) - age   5:    1343264 bytes,    4562608 total
[2023-11-16T05:01:14.242+0000][7][gc,age      ] GC(28) - age   6:     849552 bytes,    5412160 total
[2023-11-16T05:01:14.242+0000][7][gc,age      ] GC(28) - age   7:    1091880 bytes,    6504040 total
[2023-11-16T05:01:14.242+0000][7][gc,age      ] GC(28) - age   8:     482560 bytes,    6986600 total
[2023-11-16T05:01:14.242+0000][7][gc,age      ] GC(28) - age   9:     417176 bytes,    7403776 total
[2023-11-16T05:01:14.242+0000][7][gc,age      ] GC(28) - age  10:    4423760 bytes,   11827536 total
[2023-11-16T05:01:14.242+0000][7][gc,age      ] GC(28) - age  11:    6805112 bytes,   18632648 total
[2023-11-16T05:01:14.242+0000][7][gc,phases   ] GC(28)   Pre Evacuate Collection Set: 0.1ms
[2023-11-16T05:01:14.242+0000][7][gc,phases   ] GC(28)   Merge Heap Roots: 0.1ms
[2023-11-16T05:01:14.242+0000][7][gc,phases   ] GC(28)   Evacuate Collection Set: 13.4ms
[2023-11-16T05:01:14.242+0000][7][gc,phases   ] GC(28)   Post Evacuate Collection Set: 1.4ms
[2023-11-16T05:01:14.242+0000][7][gc,phases   ] GC(28)   Other: 0.8ms
[2023-11-16T05:01:14.242+0000][7][gc,heap     ] GC(28) Eden regions: 71->0(71)
[2023-11-16T05:01:14.242+0000][7][gc,heap     ] GC(28) Survivor regions: 5->5(10)
[2023-11-16T05:01:14.242+0000][7][gc,heap     ] GC(28) Old regions: 19->19
[2023-11-16T05:01:14.242+0000][7][gc,heap     ] GC(28) Archive regions: 2->2
[2023-11-16T05:01:14.242+0000][7][gc,heap     ] GC(28) Humongous regions: 5->5
[2023-11-16T05:01:14.242+0000][7][gc,metaspace] GC(28) Metaspace: 115184K(116928K)->115184K(116928K) NonClass: 99549K(100544K)->99549K(100544K) Class: 15635K(16384K)->15635K(16384K)
[2023-11-16T05:01:14.242+0000][7][gc          ] GC(28) Pause Young (Normal) (G1 Evacuation Pause) 403M->119M(512M) 15.951ms
[2023-11-16T05:01:14.242+0000][7][gc,cpu      ] GC(28) User=0.05s Sys=0.00s Real=0.02s
[2023-11-16T05:01:14.243+0000][7][safepoint   ] Safepoint "G1CollectForAllocation", Time since last: 228271441 ns, Reaching safepoint: 51276 ns, At safepoint: 16046063 ns, Total: 16097339 ns
[2023-11-16T05:01:15.243+0000][7][safepoint   ] Safepoint "Cleanup", Time since last: 1000085687 ns, Reaching safepoint: 55259 ns, At safepoint: 3762 ns, Total: 59021 ns
[2023-11-16T05:01:16.243+0000][7][safepoint   ] Safepoint "Cleanup", Time since last: 1000128891 ns, Reaching safepoint: 135136 ns, At safepoint: 13712 ns, Total: 148848 ns
[2023-11-16T05:01:17.244+0000][7][safepoint   ] Safepoint "Cleanup", Time since last: 1001024695 ns, Reaching safepoint: 184390 ns, At safepoint: 16974 ns, Total: 201364 ns
[2023-11-16T05:01:18.244+0000][7][safepoint   ] Safepoint "Cleanup", Time since last: 1000118653 ns, Reaching safepoint: 57271 ns, At safepoint: 3599 ns, Total: 60870 ns
[2023-11-16T05:01:20.159+0000][7][safepoint   ] Safepoint "Cleanup", Time since last: 1914720739 ns, Reaching safepoint: 130003 ns, At safepoint: 8204 ns, Total: 138207 ns
[2023-11-16T05:01:21.159+0000][7][safepoint   ] Safepoint "Cleanup", Time since last: 1000156584 ns, Reaching safepoint: 113257 ns, At safepoint: 5413 ns, Total: 118670 ns
[2023-11-16T05:01:22.160+0000][7][safepoint   ] Safepoint "Cleanup", Time since last: 1000104796 ns, Reaching safepoint: 50446 ns, At safepoint: 6490 ns, Total: 56936 ns
[2023-11-16T05:01:23.160+0000][7][safepoint   ] Safepoint "Cleanup", Time since last: 1000089820 ns, Reaching safepoint: 50868 ns, At safepoint: 8426 ns, Total: 59294 ns
[2023-11-16T05:01:24.160+0000][7][safepoint   ] Safepoint "Cleanup", Time since last: 1000133268 ns, Reaching safepoint: 76592 ns, At safepoint: 12537 ns, Total: 89129 ns
[2023-11-16T05:01:25.809+0000][7][safepoint   ] Safepoint "Cleanup", Time since last: 1648467645 ns, Reaching safepoint: 66311 ns, At safepoint: 3790 ns, Total: 70101 ns
[2023-11-16T05:01:26.809+0000][7][safepoint   ] Safepoint "Cleanup", Time since last: 1000164797 ns, Reaching safepoint: 68919 ns, At safepoint: 5005 ns, Total: 73924 ns
[2023-11-16T05:01:28.661+0000][7][gc,start    ] GC(29) Pause Young (Normal) (G1 Evacuation Pause)
[2023-11-16T05:01:28.662+0000][7][gc,task     ] GC(29) Using 8 workers of 8 for evacuation
[2023-11-16T05:01:28.662+0000][7][gc,age      ] GC(29) Desired survivor size 20971520 bytes, new threshold 15 (max threshold 15)
[2023-11-16T05:01:28.675+0000][7][gc,age      ] GC(29) Age table with threshold 15 (max threshold 15)
[2023-11-16T05:01:28.675+0000][7][gc,age      ] GC(29) - age   1:    2202032 bytes,    2202032 total
[2023-11-16T05:01:28.675+0000][7][gc,age      ] GC(29) - age   2:    1140968 bytes,    3343000 total
[2023-11-16T05:01:28.675+0000][7][gc,age      ] GC(29) - age   3:     111936 bytes,    3454936 total
[2023-11-16T05:01:28.675+0000][7][gc,age      ] GC(29) - age   4:      52520 bytes,    3507456 total
[2023-11-16T05:01:28.675+0000][7][gc,age      ] GC(29) - age   5:      45656 bytes,    3553112 total
[2023-11-16T05:01:28.675+0000][7][gc,age      ] GC(29) - age   6:    1069856 bytes,    4622968 total
[2023-11-16T05:01:28.675+0000][7][gc,age      ] GC(29) - age   7:     652296 bytes,    5275264 total
[2023-11-16T05:01:28.675+0000][7][gc,age      ] GC(29) - age   8:     757040 bytes,    6032304 total
[2023-11-16T05:01:28.675+0000][7][gc,age      ] GC(29) - age   9:     349992 bytes,    6382296 total
[2023-11-16T05:01:28.675+0000][7][gc,age      ] GC(29) - age  10:     343112 bytes,    6725408 total
[2023-11-16T05:01:28.675+0000][7][gc,age      ] GC(29) - age  11:    4336792 bytes,   11062200 total
[2023-11-16T05:01:28.675+0000][7][gc,age      ] GC(29) - age  12:    6712976 bytes,   17775176 total
[2023-11-16T05:01:28.675+0000][7][gc,phases   ] GC(29)   Pre Evacuate Collection Set: 0.1ms
[2023-11-16T05:01:28.675+0000][7][gc,phases   ] GC(29)   Merge Heap Roots: 0.1ms
[2023-11-16T05:01:28.675+0000][7][gc,phases   ] GC(29)   Evacuate Collection Set: 12.5ms
[2023-11-16T05:01:28.675+0000][7][gc,phases   ] GC(29)   Post Evacuate Collection Set: 0.9ms
[2023-11-16T05:01:28.675+0000][7][gc,phases   ] GC(29)   Other: 0.3ms
[2023-11-16T05:01:28.675+0000][7][gc,heap     ] GC(29) Eden regions: 71->0(71)
[2023-11-16T05:01:28.675+0000][7][gc,heap     ] GC(29) Survivor regions: 5->5(10)
[2023-11-16T05:01:28.675+0000][7][gc,heap     ] GC(29) Old regions: 19->19
[2023-11-16T05:01:28.675+0000][7][gc,heap     ] GC(29) Archive regions: 2->2
[2023-11-16T05:01:28.675+0000][7][gc,heap     ] GC(29) Humongous regions: 5->5
[2023-11-16T05:01:28.675+0000][7][gc,metaspace] GC(29) Metaspace: 115345K(117120K)->115345K(117120K) NonClass: 99702K(100736K)->99702K(100736K) Class: 15643K(16384K)->15643K(16384K)
[2023-11-16T05:01:28.675+0000][7][gc          ] GC(29) Pause Young (Normal) (G1 Evacuation Pause) 403M->118M(512M) 13.944ms
[2023-11-16T05:01:28.675+0000][7][gc,cpu      ] GC(29) User=0.06s Sys=0.00s Real=0.01s
[2023-11-16T05:01:28.675+0000][7][safepoint   ] Safepoint "G1CollectForAllocation", Time since last: 1852604903 ns, Reaching safepoint: 59735 ns, At safepoint: 14028787 ns, Total: 14088522 ns
[2023-11-16T05:01:29.676+0000][7][safepoint   ] Safepoint "Cleanup", Time since last: 1000096667 ns, Reaching safepoint: 55385 ns, At safepoint: 4646 ns, Total: 60031 ns
[2023-11-16T05:01:30.676+0000][7][safepoint   ] Safepoint "Cleanup", Time since last: 1000107539 ns, Reaching safepoint: 42711 ns, At safepoint: 4358 ns, Total: 47069 ns
[2023-11-16T05:01:31.676+0000][7][safepoint   ] Safepoint "Cleanup", Time since last: 1000117041 ns, Reaching safepoint: 75355 ns, At safepoint: 6089 ns, Total: 81444 ns
[2023-11-16T05:01:32.676+0000][7][safepoint   ] Safepoint "Cleanup", Time since last: 1000159087 ns, Reaching safepoint: 207826 ns, At safepoint: 6554 ns, Total: 214380 ns
[2023-11-16T05:01:33.677+0000][7][safepoint   ] Safepoint "Cleanup", Time since last: 1000172027 ns, Reaching safepoint: 173078 ns, At safepoint: 13890 ns, Total: 186968 ns
[2023-11-16T05:01:34.677+0000][7][safepoint   ] Safepoint "Cleanup", Time since last: 1000105788 ns, Reaching safepoint: 97176 ns, At safepoint: 7769 ns, Total: 104945 ns
[2023-11-16T05:01:35.728+0000][7][safepoint   ] Safepoint "Cleanup", Time since last: 1050614100 ns, Reaching safepoint: 101981 ns, At safepoint: 8256 ns, Total: 110237 ns
[2023-11-16T05:01:36.728+0000][7][safepoint   ] Safepoint "Cleanup", Time since last: 1000093982 ns, Reaching safepoint: 65328 ns, At safepoint: 4703 ns, Total: 70031 ns
[2023-11-16T05:01:37.728+0000][7][safepoint   ] Safepoint "Cleanup", Time since last: 1000091691 ns, Reaching safepoint: 77800 ns, At safepoint: 6432 ns, Total: 84232 ns
[2023-11-16T05:01:38.728+0000][7][safepoint   ] Safepoint "Cleanup", Time since last: 1000106052 ns, Reaching safepoint: 41001 ns, At safepoint: 4062 ns, Total: 45063 ns
[2023-11-16T05:01:39.728+0000][7][safepoint   ] Safepoint "Cleanup", Time since last: 1000126721 ns, Reaching safepoint: 37951 ns, At safepoint: 9416 ns, Total: 47367 ns
[2023-11-16T05:01:40.729+0000][7][safepoint   ] Safepoint "Cleanup", Time since last: 1000100935 ns, Reaching safepoint: 72757 ns, At safepoint: 6514 ns, Total: 79271 ns
[2023-11-16T05:01:41.729+0000][7][safepoint   ] Safepoint "Cleanup", Time since last: 1000095377 ns, Reaching safepoint: 84535 ns, At safepoint: 10808 ns, Total: 95343 ns
[2023-11-16T05:01:43.729+0000][7][safepoint   ] Safepoint "Cleanup", Time since last: 2000168212 ns, Reaching safepoint: 114583 ns, At safepoint: 7239 ns, Total: 121822 ns
[2023-11-16T05:01:44.729+0000][7][safepoint   ] Safepoint "Cleanup", Time since last: 1000095911 ns, Reaching safepoint: 79956 ns, At safepoint: 4371 ns, Total: 84327 ns
[2023-11-16T05:01:46.730+0000][7][safepoint   ] Safepoint "Cleanup", Time since last: 2000358388 ns, Reaching safepoint: 110168 ns, At safepoint: 11667 ns, Total: 121835 ns
[2023-11-16T05:01:47.643+0000][7][gc,start    ] GC(30) Pause Young (Normal) (G1 Evacuation Pause)
[2023-11-16T05:01:47.643+0000][7][gc,task     ] GC(30) Using 8 workers of 8 for evacuation
[2023-11-16T05:01:47.643+0000][7][gc,age      ] GC(30) Desired survivor size 20971520 bytes, new threshold 15 (max threshold 15)
[2023-11-16T05:01:47.652+0000][7][gc,age      ] GC(30) Age table with threshold 15 (max threshold 15)
[2023-11-16T05:01:47.652+0000][7][gc,age      ] GC(30) - age   1:    1958528 bytes,    1958528 total
[2023-11-16T05:01:47.652+0000][7][gc,age      ] GC(30) - age   2:     839920 bytes,    2798448 total
[2023-11-16T05:01:47.652+0000][7][gc,age      ] GC(30) - age   3:    1092864 bytes,    3891312 total
[2023-11-16T05:01:47.652+0000][7][gc,age      ] GC(30) - age   4:      10368 bytes,    3901680 total
[2023-11-16T05:01:47.652+0000][7][gc,age      ] GC(30) - age   5:      52328 bytes,    3954008 total
[2023-11-16T05:01:47.652+0000][7][gc,age      ] GC(30) - age   6:      44456 bytes,    3998464 total
[2023-11-16T05:01:47.652+0000][7][gc,age      ] GC(30) - age   7:    1068728 bytes,    5067192 total
[2023-11-16T05:01:47.652+0000][7][gc,age      ] GC(30) - age   8:     652136 bytes,    5719328 total
[2023-11-16T05:01:47.652+0000][7][gc,age      ] GC(30) - age   9:     756128 bytes,    6475456 total
[2023-11-16T05:01:47.652+0000][7][gc,age      ] GC(30) - age  10:     349760 bytes,    6825216 total
[2023-11-16T05:01:47.652+0000][7][gc,age      ] GC(30) - age  11:     339248 bytes,    7164464 total
[2023-11-16T05:01:47.652+0000][7][gc,age      ] GC(30) - age  12:    4336456 bytes,   11500920 total
[2023-11-16T05:01:47.652+0000][7][gc,age      ] GC(30) - age  13:    6712928 bytes,   18213848 total
[2023-11-16T05:01:47.652+0000][7][gc,phases   ] GC(30)   Pre Evacuate Collection Set: 0.1ms
[2023-11-16T05:01:47.652+0000][7][gc,phases   ] GC(30)   Merge Heap Roots: 0.1ms
[2023-11-16T05:01:47.652+0000][7][gc,phases   ] GC(30)   Evacuate Collection Set: 8.4ms
[2023-11-16T05:01:47.653+0000][7][gc,phases   ] GC(30)   Post Evacuate Collection Set: 1.2ms
[2023-11-16T05:01:47.653+0000][7][gc,phases   ] GC(30)   Other: 0.2ms
[2023-11-16T05:01:47.653+0000][7][gc,heap     ] GC(30) Eden regions: 71->0(71)
[2023-11-16T05:01:47.653+0000][7][gc,heap     ] GC(30) Survivor regions: 5->5(10)
[2023-11-16T05:01:47.653+0000][7][gc,heap     ] GC(30) Old regions: 19->19
[2023-11-16T05:01:47.653+0000][7][gc,heap     ] GC(30) Archive regions: 2->2
[2023-11-16T05:01:47.653+0000][7][gc,heap     ] GC(30) Humongous regions: 5->5
[2023-11-16T05:01:47.653+0000][7][gc,metaspace] GC(30) Metaspace: 115443K(117184K)->115443K(117184K) NonClass: 99797K(100800K)->99797K(100800K) Class: 15645K(16384K)->15645K(16384K)
[2023-11-16T05:01:47.653+0000][7][gc          ] GC(30) Pause Young (Normal) (G1 Evacuation Pause) 402M->119M(512M) 10.090ms
[2023-11-16T05:01:47.653+0000][7][gc,cpu      ] GC(30) User=0.07s Sys=0.00s Real=0.01s
[2023-11-16T05:01:47.653+0000][7][safepoint   ] Safepoint "G1CollectForAllocation", Time since last: 912773989 ns, Reaching safepoint: 39830 ns, At safepoint: 10200592 ns, Total: 10240422 ns
[2023-11-16T05:01:48.653+0000][7][safepoint   ] Safepoint "Cleanup", Time since last: 1000100521 ns, Reaching safepoint: 65949 ns, At safepoint: 4724 ns, Total: 70673 ns
[2023-11-16T05:01:49.653+0000][7][safepoint   ] Safepoint "Cleanup", Time since last: 1000124442 ns, Reaching safepoint: 83664 ns, At safepoint: 7516 ns, Total: 91180 ns
[2023-11-16T05:01:50.653+0000][7][safepoint   ] Safepoint "Cleanup", Time since last: 1000112294 ns, Reaching safepoint: 105838 ns, At safepoint: 18051 ns, Total: 123889 ns
[2023-11-16T05:01:51.654+0000][7][safepoint   ] Safepoint "Cleanup", Time since last: 1000252347 ns, Reaching safepoint: 71279 ns, At safepoint: 4261 ns, Total: 75540 ns
[2023-11-16T05:01:52.654+0000][7][safepoint   ] Safepoint "Cleanup", Time since last: 1000088348 ns, Reaching safepoint: 80265 ns, At safepoint: 10827 ns, Total: 91092 ns
[2023-11-16T05:01:53.654+0000][7][safepoint   ] Safepoint "Cleanup", Time since last: 1000401196 ns, Reaching safepoint: 101915 ns, At safepoint: 6581 ns, Total: 108496 ns
[2023-11-16T05:01:55.655+0000][7][safepoint   ] Safepoint "Cleanup", Time since last: 2000696977 ns, Reaching safepoint: 99702 ns, At safepoint: 36013 ns, Total: 135715 ns
[2023-11-16T05:01:56.655+0000][7][safepoint   ] Safepoint "Cleanup", Time since last: 1000153956 ns, Reaching safepoint: 102494 ns, At safepoint: 5540 ns, Total: 108034 ns
[2023-11-16T05:01:58.656+0000][7][safepoint   ] Safepoint "Cleanup", Time since last: 2000759645 ns, Reaching safepoint: 75718 ns, At safepoint: 7490 ns, Total: 83208 ns
[2023-11-16T05:01:59.656+0000][7][safepoint   ] Safepoint "Cleanup", Time since last: 1000092264 ns, Reaching safepoint: 38361 ns, At safepoint: 29411 ns, Total: 67772 ns
[2023-11-16T05:02:00.657+0000][7][safepoint   ] Safepoint "Cleanup", Time since last: 1000101092 ns, Reaching safepoint: 60995 ns, At safepoint: 4987 ns, Total: 65982 ns
[2023-11-16T05:02:01.657+0000][7][safepoint   ] Safepoint "Cleanup", Time since last: 1000139322 ns, Reaching safepoint: 131570 ns, At safepoint: 21006 ns, Total: 152576 ns
[2023-11-16T05:02:02.657+0000][7][safepoint   ] Safepoint "Cleanup", Time since last: 1000165440 ns, Reaching safepoint: 88185 ns, At safepoint: 6489 ns, Total: 94674 ns
[2023-11-16T05:02:03.657+0000][7][safepoint   ] Safepoint "Cleanup", Time since last: 1000167423 ns, Reaching safepoint: 97257 ns, At safepoint: 5238 ns, Total: 102495 ns
[2023-11-16T05:02:04.658+0000][7][safepoint   ] Safepoint "Cleanup", Time since last: 1000171910 ns, Reaching safepoint: 56265 ns, At safepoint: 5779 ns, Total: 62044 ns
[2023-11-16T05:02:05.658+0000][7][safepoint   ] Safepoint "Cleanup", Time since last: 1000219196 ns, Reaching safepoint: 136222 ns, At safepoint: 23859 ns, Total: 160081 ns
[2023-11-16T05:02:06.004+0000][7][gc,start    ] GC(31) Pause Young (Normal) (G1 Evacuation Pause)
[2023-11-16T05:02:06.004+0000][7][gc,task     ] GC(31) Using 8 workers of 8 for evacuation
[2023-11-16T05:02:06.004+0000][7][gc,age      ] GC(31) Desired survivor size 20971520 bytes, new threshold 15 (max threshold 15)
[2023-11-16T05:02:06.013+0000][7][gc,age      ] GC(31) Age table with threshold 15 (max threshold 15)
[2023-11-16T05:02:06.014+0000][7][gc,age      ] GC(31) - age   1:    1042840 bytes,    1042840 total
[2023-11-16T05:02:06.014+0000][7][gc,age      ] GC(31) - age   2:     573872 bytes,    1616712 total
[2023-11-16T05:02:06.014+0000][7][gc,age      ] GC(31) - age   3:     647512 bytes,    2264224 total
[2023-11-16T05:02:06.014+0000][7][gc,age      ] GC(31) - age   4:    1091760 bytes,    3355984 total
[2023-11-16T05:02:06.014+0000][7][gc,age      ] GC(31) - age   5:      10112 bytes,    3366096 total
[2023-11-16T05:02:06.014+0000][7][gc,age      ] GC(31) - age   6:      52016 bytes,    3418112 total
[2023-11-16T05:02:06.014+0000][7][gc,age      ] GC(31) - age   7:      44392 bytes,    3462504 total
[2023-11-16T05:02:06.014+0000][7][gc,age      ] GC(31) - age   8:    1068696 bytes,    4531200 total
[2023-11-16T05:02:06.014+0000][7][gc,age      ] GC(31) - age   9:     652136 bytes,    5183336 total
[2023-11-16T05:02:06.014+0000][7][gc,age      ] GC(31) - age  10:     755904 bytes,    5939240 total
[2023-11-16T05:02:06.014+0000][7][gc,age      ] GC(31) - age  11:     348832 bytes,    6288072 total
[2023-11-16T05:02:06.014+0000][7][gc,age      ] GC(31) - age  12:     335520 bytes,    6623592 total
[2023-11-16T05:02:06.014+0000][7][gc,age      ] GC(31) - age  13:    4336296 bytes,   10959888 total
[2023-11-16T05:02:06.014+0000][7][gc,age      ] GC(31) - age  14:    6712816 bytes,   17672704 total
[2023-11-16T05:02:06.014+0000][7][gc,phases   ] GC(31)   Pre Evacuate Collection Set: 0.1ms
[2023-11-16T05:02:06.014+0000][7][gc,phases   ] GC(31)   Merge Heap Roots: 0.1ms
[2023-11-16T05:02:06.014+0000][7][gc,phases   ] GC(31)   Evacuate Collection Set: 8.4ms
[2023-11-16T05:02:06.014+0000][7][gc,phases   ] GC(31)   Post Evacuate Collection Set: 1.0ms
[2023-11-16T05:02:06.014+0000][7][gc,phases   ] GC(31)   Other: 0.3ms
[2023-11-16T05:02:06.014+0000][7][gc,heap     ] GC(31) Eden regions: 71->0(71)
[2023-11-16T05:02:06.014+0000][7][gc,heap     ] GC(31) Survivor regions: 5->5(10)
[2023-11-16T05:02:06.014+0000][7][gc,heap     ] GC(31) Old regions: 19->19
[2023-11-16T05:02:06.014+0000][7][gc,heap     ] GC(31) Archive regions: 2->2
[2023-11-16T05:02:06.014+0000][7][gc,heap     ] GC(31) Humongous regions: 5->5
[2023-11-16T05:02:06.014+0000][7][gc,metaspace] GC(31) Metaspace: 115511K(117248K)->115511K(117248K) NonClass: 99863K(100864K)->99863K(100864K) Class: 15647K(16384K)->15647K(16384K)
[2023-11-16T05:02:06.014+0000][7][gc          ] GC(31) Pause Young (Normal) (G1 Evacuation Pause) 403M->118M(512M) 9.946ms
[2023-11-16T05:02:06.014+0000][7][gc,cpu      ] GC(31) User=0.06s Sys=0.00s Real=0.01s
[2023-11-16T05:02:06.014+0000][7][safepoint   ] Safepoint "G1CollectForAllocation", Time since last: 345641597 ns, Reaching safepoint: 96576 ns, At safepoint: 10017718 ns, Total: 10114294 ns
[2023-11-16T05:02:08.014+0000][7][safepoint   ] Safepoint "Cleanup", Time since last: 2000181517 ns, Reaching safepoint: 54622 ns, At safepoint: 6146 ns, Total: 60768 ns
[2023-11-16T05:02:09.014+0000][7][safepoint   ] Safepoint "Cleanup", Time since last: 1000379430 ns, Reaching safepoint: 100328 ns, At safepoint: 8583 ns, Total: 108911 ns
[2023-11-16T05:02:11.015+0000][7][safepoint   ] Safepoint "Cleanup", Time since last: 2000168568 ns, Reaching safepoint: 119766 ns, At safepoint: 6285 ns, Total: 126051 ns
[2023-11-16T05:02:13.015+0000][7][safepoint   ] Safepoint "Cleanup", Time since last: 2000217482 ns, Reaching safepoint: 54575 ns, At safepoint: 7275 ns, Total: 61850 ns
[2023-11-16T05:02:14.015+0000][7][safepoint   ] Safepoint "Cleanup", Time since last: 1000103054 ns, Reaching safepoint: 72352 ns, At safepoint: 11928 ns, Total: 84280 ns
[2023-11-16T05:02:16.016+0000][7][safepoint   ] Safepoint "Cleanup", Time since last: 2000471107 ns, Reaching safepoint: 51450 ns, At safepoint: 3457 ns, Total: 54907 ns
[2023-11-16T05:02:17.016+0000][7][safepoint   ] Safepoint "Cleanup", Time since last: 1000301234 ns, Reaching safepoint: 159846 ns, At safepoint: 5790 ns, Total: 165636 ns
[2023-11-16T05:02:19.016+0000][7][safepoint   ] Safepoint "Cleanup", Time since last: 2000158595 ns, Reaching safepoint: 50144 ns, At safepoint: 5675 ns, Total: 55819 ns
[2023-11-16T05:02:20.017+0000][7][safepoint   ] Safepoint "Cleanup", Time since last: 1000284237 ns, Reaching safepoint: 109114 ns, At safepoint: 8511 ns, Total: 117625 ns
[2023-11-16T05:02:21.017+0000][7][safepoint   ] Safepoint "Cleanup", Time since last: 1000270508 ns, Reaching safepoint: 91499 ns, At safepoint: 9198 ns, Total: 100697 ns
[2023-11-16T05:02:22.017+0000][7][safepoint   ] Safepoint "Cleanup", Time since last: 1000100906 ns, Reaching safepoint: 30128 ns, At safepoint: 3081 ns, Total: 33209 ns
[2023-11-16T05:02:23.018+0000][7][safepoint   ] Safepoint "Cleanup", Time since last: 1000116790 ns, Reaching safepoint: 65321 ns, At safepoint: 7621 ns, Total: 72942 ns
[2023-11-16T05:02:23.249+0000][7][gc,start    ] GC(32) Pause Young (Normal) (G1 Evacuation Pause)
[2023-11-16T05:02:23.249+0000][7][gc,task     ] GC(32) Using 8 workers of 8 for evacuation
[2023-11-16T05:02:23.249+0000][7][gc,age      ] GC(32) Desired survivor size 20971520 bytes, new threshold 15 (max threshold 15)
[2023-11-16T05:02:23.259+0000][7][gc,age      ] GC(32) Age table with threshold 15 (max threshold 15)
[2023-11-16T05:02:23.259+0000][7][gc,age      ] GC(32) - age   1:    1469040 bytes,    1469040 total
[2023-11-16T05:02:23.259+0000][7][gc,age      ] GC(32) - age   2:     490352 bytes,    1959392 total
[2023-11-16T05:02:23.259+0000][7][gc,age      ] GC(32) - age   3:     490272 bytes,    2449664 total
[2023-11-16T05:02:23.259+0000][7][gc,age      ] GC(32) - age   4:     646480 bytes,    3096144 total
[2023-11-16T05:02:23.259+0000][7][gc,age      ] GC(32) - age   5:    1077488 bytes,    4173632 total
[2023-11-16T05:02:23.259+0000][7][gc,age      ] GC(32) - age   6:       9920 bytes,    4183552 total
[2023-11-16T05:02:23.259+0000][7][gc,age      ] GC(32) - age   7:      51952 bytes,    4235504 total
[2023-11-16T05:02:23.259+0000][7][gc,age      ] GC(32) - age   8:      44392 bytes,    4279896 total
[2023-11-16T05:02:23.259+0000][7][gc,age      ] GC(32) - age   9:    1068664 bytes,    5348560 total
[2023-11-16T05:02:23.259+0000][7][gc,age      ] GC(32) - age  10:     652136 bytes,    6000696 total
[2023-11-16T05:02:23.259+0000][7][gc,age      ] GC(32) - age  11:     755840 bytes,    6756536 total
[2023-11-16T05:02:23.259+0000][7][gc,age      ] GC(32) - age  12:     348832 bytes,    7105368 total
[2023-11-16T05:02:23.259+0000][7][gc,age      ] GC(32) - age  13:     335520 bytes,    7440888 total
[2023-11-16T05:02:23.259+0000][7][gc,age      ] GC(32) - age  14:    4336296 bytes,   11777184 total
[2023-11-16T05:02:23.259+0000][7][gc,age      ] GC(32) - age  15:    6712816 bytes,   18490000 total
[2023-11-16T05:02:23.259+0000][7][gc,phases   ] GC(32)   Pre Evacuate Collection Set: 0.1ms
[2023-11-16T05:02:23.259+0000][7][gc,phases   ] GC(32)   Merge Heap Roots: 0.0ms
[2023-11-16T05:02:23.259+0000][7][gc,phases   ] GC(32)   Evacuate Collection Set: 9.0ms
[2023-11-16T05:02:23.259+0000][7][gc,phases   ] GC(32)   Post Evacuate Collection Set: 1.0ms
[2023-11-16T05:02:23.259+0000][7][gc,phases   ] GC(32)   Other: 0.3ms
[2023-11-16T05:02:23.259+0000][7][gc,heap     ] GC(32) Eden regions: 71->0(71)
[2023-11-16T05:02:23.259+0000][7][gc,heap     ] GC(32) Survivor regions: 5->5(10)
[2023-11-16T05:02:23.259+0000][7][gc,heap     ] GC(32) Old regions: 19->19
[2023-11-16T05:02:23.259+0000][7][gc,heap     ] GC(32) Archive regions: 2->2
[2023-11-16T05:02:23.259+0000][7][gc,heap     ] GC(32) Humongous regions: 5->5
[2023-11-16T05:02:23.259+0000][7][gc,metaspace] GC(32) Metaspace: 115679K(117376K)->115679K(117376K) NonClass: 100030K(100992K)->100030K(100992K) Class: 15648K(16384K)->15648K(16384K)
[2023-11-16T05:02:23.259+0000][7][gc          ] GC(32) Pause Young (Normal) (G1 Evacuation Pause) 402M->119M(512M) 10.439ms
[2023-11-16T05:02:23.259+0000][7][gc,cpu      ] GC(32) User=0.05s Sys=0.00s Real=0.02s
[2023-11-16T05:02:23.259+0000][7][safepoint   ] Safepoint "G1CollectForAllocation", Time since last: 231083789 ns, Reaching safepoint: 34167 ns, At safepoint: 10552863 ns, Total: 10587030 ns
[2023-11-16T05:02:24.259+0000][7][safepoint   ] Safepoint "Cleanup", Time since last: 1000088519 ns, Reaching safepoint: 68653 ns, At safepoint: 7185 ns, Total: 75838 ns
[2023-11-16T05:02:25.260+0000][7][safepoint   ] Safepoint "Cleanup", Time since last: 1000220928 ns, Reaching safepoint: 159175 ns, At safepoint: 4797 ns, Total: 163972 ns
[2023-11-16T05:02:26.260+0000][7][safepoint   ] Safepoint "Cleanup", Time since last: 1000113216 ns, Reaching safepoint: 84239 ns, At safepoint: 7220 ns, Total: 91459 ns
[2023-11-16T05:02:27.260+0000][7][safepoint   ] Safepoint "Cleanup", Time since last: 1000341535 ns, Reaching safepoint: 77524 ns, At safepoint: 4183 ns, Total: 81707 ns
[2023-11-16T05:02:29.261+0000][7][safepoint   ] Safepoint "Cleanup", Time since last: 2000208373 ns, Reaching safepoint: 88537 ns, At safepoint: 4804 ns, Total: 93341 ns
[2023-11-16T05:02:30.261+0000][7][safepoint   ] Safepoint "Cleanup", Time since last: 1000117554 ns, Reaching safepoint: 115978 ns, At safepoint: 19119 ns, Total: 135097 ns
[2023-11-16T05:02:31.427+0000][7][safepoint   ] Safepoint "Cleanup", Time since last: 1166173572 ns, Reaching safepoint: 175700 ns, At safepoint: 7545 ns, Total: 183245 ns
[2023-11-16T05:02:32.429+0000][7][safepoint   ] Safepoint "Cleanup", Time since last: 1001411678 ns, Reaching safepoint: 49977 ns, At safepoint: 6493 ns, Total: 56470 ns
[2023-11-16T05:02:33.429+0000][7][safepoint   ] Safepoint "Cleanup", Time since last: 1000108847 ns, Reaching safepoint: 75222 ns, At safepoint: 3105 ns, Total: 78327 ns
[2023-11-16T05:02:35.429+0000][7][safepoint   ] Safepoint "Cleanup", Time since last: 2000174392 ns, Reaching safepoint: 61354 ns, At safepoint: 4177 ns, Total: 65531 ns
[2023-11-16T05:02:36.429+0000][7][safepoint   ] Safepoint "Cleanup", Time since last: 1000131865 ns, Reaching safepoint: 29105 ns, At safepoint: 5134 ns, Total: 34239 ns
[2023-11-16T05:02:38.303+0000][7][safepoint   ] Safepoint "Cleanup", Time since last: 1873810379 ns, Reaching safepoint: 187799 ns, At safepoint: 12697 ns, Total: 200496 ns
[2023-11-16T05:02:39.304+0000][7][safepoint   ] Safepoint "Cleanup", Time since last: 1000353130 ns, Reaching safepoint: 69933 ns, At safepoint: 4153 ns, Total: 74086 ns
[2023-11-16T05:02:39.806+0000][7][gc,start    ] GC(33) Pause Young (Normal) (G1 Evacuation Pause)
[2023-11-16T05:02:39.806+0000][7][gc,task     ] GC(33) Using 8 workers of 8 for evacuation
[2023-11-16T05:02:39.806+0000][7][gc,age      ] GC(33) Desired survivor size 20971520 bytes, new threshold 15 (max threshold 15)
[2023-11-16T05:02:39.820+0000][7][gc,age      ] GC(33) Age table with threshold 15 (max threshold 15)
[2023-11-16T05:02:39.820+0000][7][gc,age      ] GC(33) - age   1:    2615192 bytes,    2615192 total
[2023-11-16T05:02:39.820+0000][7][gc,age      ] GC(33) - age   2:     503216 bytes,    3118408 total
[2023-11-16T05:02:39.820+0000][7][gc,age      ] GC(33) - age   3:     359040 bytes,    3477448 total
[2023-11-16T05:02:39.820+0000][7][gc,age      ] GC(33) - age   4:     381376 bytes,    3858824 total
[2023-11-16T05:02:39.820+0000][7][gc,age      ] GC(33) - age   5:     539776 bytes,    4398600 total
[2023-11-16T05:02:39.820+0000][7][gc,age      ] GC(33) - age   6:    1077088 bytes,    5475688 total
[2023-11-16T05:02:39.820+0000][7][gc,age      ] GC(33) - age   7:       9920 bytes,    5485608 total
[2023-11-16T05:02:39.820+0000][7][gc,age      ] GC(33) - age   8:      51952 bytes,    5537560 total
[2023-11-16T05:02:39.820+0000][7][gc,age      ] GC(33) - age   9:      44392 bytes,    5581952 total
[2023-11-16T05:02:39.820+0000][7][gc,age      ] GC(33) - age  10:    1068664 bytes,    6650616 total
[2023-11-16T05:02:39.820+0000][7][gc,age      ] GC(33) - age  11:     651872 bytes,    7302488 total
[2023-11-16T05:02:39.820+0000][7][gc,age      ] GC(33) - age  12:     755264 bytes,    8057752 total
[2023-11-16T05:02:39.820+0000][7][gc,age      ] GC(33) - age  13:     348816 bytes,    8406568 total
[2023-11-16T05:02:39.820+0000][7][gc,age      ] GC(33) - age  14:     335520 bytes,    8742088 total
[2023-11-16T05:02:39.820+0000][7][gc,age      ] GC(33) - age  15:    3245712 bytes,   11987800 total
[2023-11-16T05:02:39.820+0000][7][gc,phases   ] GC(33)   Pre Evacuate Collection Set: 0.1ms
[2023-11-16T05:02:39.820+0000][7][gc,phases   ] GC(33)   Merge Heap Roots: 0.1ms
[2023-11-16T05:02:39.820+0000][7][gc,phases   ] GC(33)   Evacuate Collection Set: 12.7ms
[2023-11-16T05:02:39.820+0000][7][gc,phases   ] GC(33)   Post Evacuate Collection Set: 0.9ms
[2023-11-16T05:02:39.820+0000][7][gc,phases   ] GC(33)   Other: 0.3ms
[2023-11-16T05:02:39.820+0000][7][gc,heap     ] GC(33) Eden regions: 71->0(72)
[2023-11-16T05:02:39.820+0000][7][gc,heap     ] GC(33) Survivor regions: 5->4(10)
[2023-11-16T05:02:39.820+0000][7][gc,heap     ] GC(33) Old regions: 19->21
[2023-11-16T05:02:39.820+0000][7][gc,heap     ] GC(33) Archive regions: 2->2
[2023-11-16T05:02:39.820+0000][7][gc,heap     ] GC(33) Humongous regions: 5->5
[2023-11-16T05:02:39.820+0000][7][gc,metaspace] GC(33) Metaspace: 115866K(117568K)->115866K(117568K) NonClass: 100197K(101184K)->100197K(101184K) Class: 15668K(16384K)->15668K(16384K)
[2023-11-16T05:02:39.820+0000][7][gc          ] GC(33) Pause Young (Normal) (G1 Evacuation Pause) 403M->119M(512M) 14.125ms
[2023-11-16T05:02:39.820+0000][7][gc,cpu      ] GC(33) User=0.06s Sys=0.00s Real=0.02s
[2023-11-16T05:02:39.820+0000][7][safepoint   ] Safepoint "G1CollectForAllocation", Time since last: 502022841 ns, Reaching safepoint: 51389 ns, At safepoint: 14217143 ns, Total: 14268532 ns
[2023-11-16T05:02:40.820+0000][7][safepoint   ] Safepoint "Cleanup", Time since last: 1000076507 ns, Reaching safepoint: 83026 ns, At safepoint: 7542 ns, Total: 90568 ns
[2023-11-16T05:02:41.821+0000][7][safepoint   ] Safepoint "Cleanup", Time since last: 1000154375 ns, Reaching safepoint: 101525 ns, At safepoint: 9731 ns, Total: 111256 ns
[2023-11-16T05:02:43.821+0000][7][safepoint   ] Safepoint "Cleanup", Time since last: 2000176619 ns, Reaching safepoint: 73719 ns, At safepoint: 5916 ns, Total: 79635 ns
[2023-11-16T05:02:44.821+0000][7][safepoint   ] Safepoint "Cleanup", Time since last: 1000199442 ns, Reaching safepoint: 159882 ns, At safepoint: 4492 ns, Total: 164374 ns
[2023-11-16T05:02:45.821+0000][7][safepoint   ] Safepoint "Cleanup", Time since last: 1000144610 ns, Reaching safepoint: 70892 ns, At safepoint: 3597 ns, Total: 74489 ns
[2023-11-16T05:02:46.822+0000][7][safepoint   ] Safepoint "Cleanup", Time since last: 1000123891 ns, Reaching safepoint: 86382 ns, At safepoint: 6591 ns, Total: 92973 ns
[2023-11-16T05:02:47.822+0000][7][safepoint   ] Safepoint "Cleanup", Time since last: 1000083341 ns, Reaching safepoint: 66315 ns, At safepoint: 4586 ns, Total: 70901 ns
[2023-11-16T05:02:48.822+0000][7][safepoint   ] Safepoint "Cleanup", Time since last: 1000231775 ns, Reaching safepoint: 156959 ns, At safepoint: 3646 ns, Total: 160605 ns
[2023-11-16T05:02:49.822+0000][7][safepoint   ] Safepoint "Cleanup", Time since last: 1000116853 ns, Reaching safepoint: 58060 ns, At safepoint: 6875 ns, Total: 64935 ns
[2023-11-16T05:02:50.823+0000][7][safepoint   ] Safepoint "Cleanup", Time since last: 1000115263 ns, Reaching safepoint: 74716 ns, At safepoint: 5159 ns, Total: 79875 ns
[2023-11-16T05:02:52.823+0000][7][safepoint   ] Safepoint "Cleanup", Time since last: 2000384700 ns, Reaching safepoint: 70541 ns, At safepoint: 4227 ns, Total: 74768 ns
[2023-11-16T05:02:53.918+0000][7][safepoint   ] Safepoint "Cleanup", Time since last: 1094563572 ns, Reaching safepoint: 137600 ns, At safepoint: 19364 ns, Total: 156964 ns
[2023-11-16T05:02:54.918+0000][7][safepoint   ] Safepoint "Cleanup", Time since last: 1000117638 ns, Reaching safepoint: 90562 ns, At safepoint: 3481 ns, Total: 94043 ns
[2023-11-16T05:02:55.918+0000][7][safepoint   ] Safepoint "Cleanup", Time since last: 1000117683 ns, Reaching safepoint: 93872 ns, At safepoint: 4604 ns, Total: 98476 ns
[2023-11-16T05:02:56.914+0000][7][gc,start    ] GC(34) Pause Young (Normal) (G1 Evacuation Pause)
[2023-11-16T05:02:56.914+0000][7][gc,task     ] GC(34) Using 8 workers of 8 for evacuation
[2023-11-16T05:02:56.914+0000][7][gc,age      ] GC(34) Desired survivor size 20971520 bytes, new threshold 15 (max threshold 15)
[2023-11-16T05:02:56.921+0000][7][gc,age      ] GC(34) Age table with threshold 15 (max threshold 15)
[2023-11-16T05:02:56.921+0000][7][gc,age      ] GC(34) - age   1:    1712136 bytes,    1712136 total
[2023-11-16T05:02:56.921+0000][7][gc,age      ] GC(34) - age   2:    1854488 bytes,    3566624 total
[2023-11-16T05:02:56.921+0000][7][gc,age      ] GC(34) - age   3:     356816 bytes,    3923440 total
[2023-11-16T05:02:56.921+0000][7][gc,age      ] GC(34) - age   4:     341088 bytes,    4264528 total
[2023-11-16T05:02:56.921+0000][7][gc,age      ] GC(34) - age   5:     379992 bytes,    4644520 total
[2023-11-16T05:02:56.921+0000][7][gc,age      ] GC(34) - age   6:     539312 bytes,    5183832 total
[2023-11-16T05:02:56.921+0000][7][gc,age      ] GC(34) - age   7:    1076888 bytes,    6260720 total
[2023-11-16T05:02:56.921+0000][7][gc,age      ] GC(34) - age   8:       9920 bytes,    6270640 total
[2023-11-16T05:02:56.921+0000][7][gc,age      ] GC(34) - age   9:      51952 bytes,    6322592 total
[2023-11-16T05:02:56.921+0000][7][gc,age      ] GC(34) - age  10:      44208 bytes,    6366800 total
[2023-11-16T05:02:56.921+0000][7][gc,age      ] GC(34) - age  11:    1068664 bytes,    7435464 total
[2023-11-16T05:02:56.921+0000][7][gc,age      ] GC(34) - age  12:     651872 bytes,    8087336 total
[2023-11-16T05:02:56.921+0000][7][gc,age      ] GC(34) - age  13:     753912 bytes,    8841248 total
[2023-11-16T05:02:56.921+0000][7][gc,age      ] GC(34) - age  14:     348704 bytes,    9189952 total
[2023-11-16T05:02:56.921+0000][7][gc,age      ] GC(34) - age  15:     332968 bytes,    9522920 total
[2023-11-16T05:02:56.921+0000][7][gc,phases   ] GC(34)   Pre Evacuate Collection Set: 0.1ms
[2023-11-16T05:02:56.921+0000][7][gc,phases   ] GC(34)   Merge Heap Roots: 0.0ms
[2023-11-16T05:02:56.922+0000][7][gc,phases   ] GC(34)   Evacuate Collection Set: 5.9ms
[2023-11-16T05:02:56.922+0000][7][gc,phases   ] GC(34)   Post Evacuate Collection Set: 0.8ms
[2023-11-16T05:02:56.922+0000][7][gc,phases   ] GC(34)   Other: 0.3ms
[2023-11-16T05:02:56.922+0000][7][gc,heap     ] GC(34) Eden regions: 72->0(73)
[2023-11-16T05:02:56.922+0000][7][gc,heap     ] GC(34) Survivor regions: 4->3(10)
[2023-11-16T05:02:56.922+0000][7][gc,heap     ] GC(34) Old regions: 21->22
[2023-11-16T05:02:56.922+0000][7][gc,heap     ] GC(34) Archive regions: 2->2
[2023-11-16T05:02:56.922+0000][7][gc,heap     ] GC(34) Humongous regions: 5->5
[2023-11-16T05:02:56.922+0000][7][gc,metaspace] GC(34) Metaspace: 116261K(118016K)->116261K(118016K) NonClass: 100544K(101568K)->100544K(101568K) Class: 15717K(16448K)->15717K(16448K)
[2023-11-16T05:02:56.922+0000][7][gc          ] GC(34) Pause Young (Normal) (G1 Evacuation Pause) 407M->119M(512M) 7.184ms
[2023-11-16T05:02:56.922+0000][7][gc,cpu      ] GC(34) User=0.05s Sys=0.00s Real=0.01s
[2023-11-16T05:02:56.922+0000][7][safepoint   ] Safepoint "G1CollectForAllocation", Time since last: 996134672 ns, Reaching safepoint: 34573 ns, At safepoint: 7280369 ns, Total: 7314942 ns
[2023-11-16T05:02:57.791+0000][7][safepoint   ] Safepoint "ICBufferFull", Time since last: 869218530 ns, Reaching safepoint: 219229 ns, At safepoint: 6918 ns, Total: 226147 ns
[2023-11-16T05:02:58.791+0000][7][safepoint   ] Safepoint "Cleanup", Time since last: 1000166060 ns, Reaching safepoint: 176959 ns, At safepoint: 6174 ns, Total: 183133 ns
[2023-11-16T05:03:00.792+0000][7][safepoint   ] Safepoint "Cleanup", Time since last: 2000143737 ns, Reaching safepoint: 70718 ns, At safepoint: 3908 ns, Total: 74626 ns
[2023-11-16T05:03:01.792+0000][7][safepoint   ] Safepoint "Cleanup", Time since last: 1000155804 ns, Reaching safepoint: 54188 ns, At safepoint: 30229 ns, Total: 84417 ns
[2023-11-16T05:03:02.792+0000][7][safepoint   ] Safepoint "Cleanup", Time since last: 1000162924 ns, Reaching safepoint: 76044 ns, At safepoint: 7199 ns, Total: 83243 ns
[2023-11-16T05:03:03.792+0000][7][safepoint   ] Safepoint "Cleanup", Time since last: 1000302151 ns, Reaching safepoint: 38018 ns, At safepoint: 17712 ns, Total: 55730 ns
[2023-11-16T05:03:04.793+0000][7][safepoint   ] Safepoint "Cleanup", Time since last: 1000343214 ns, Reaching safepoint: 76146 ns, At safepoint: 6212 ns, Total: 82358 ns
[2023-11-16T05:03:05.793+0000][7][safepoint   ] Safepoint "Cleanup", Time since last: 1000323465 ns, Reaching safepoint: 74250 ns, At safepoint: 7805 ns, Total: 82055 ns
[2023-11-16T05:03:06.794+0000][7][safepoint   ] Safepoint "Cleanup", Time since last: 1000325071 ns, Reaching safepoint: 31523 ns, At safepoint: 5191 ns, Total: 36714 ns
[2023-11-16T05:03:07.794+0000][7][safepoint   ] Safepoint "Cleanup", Time since last: 1000120636 ns, Reaching safepoint: 45865 ns, At safepoint: 4718 ns, Total: 50583 ns
[2023-11-16T05:03:08.794+0000][7][safepoint   ] Safepoint "Cleanup", Time since last: 1000126652 ns, Reaching safepoint: 146635 ns, At safepoint: 27159 ns, Total: 173794 ns
[2023-11-16T05:03:12.795+0000][7][safepoint   ] Safepoint "Cleanup", Time since last: 4000401757 ns, Reaching safepoint: 62635 ns, At safepoint: 3134 ns, Total: 65769 ns
[2023-11-16T05:03:16.636+0000][7][gc,start    ] GC(35) Pause Young (Normal) (G1 Evacuation Pause)
[2023-11-16T05:03:16.636+0000][7][gc,task     ] GC(35) Using 8 workers of 8 for evacuation
[2023-11-16T05:03:16.636+0000][7][gc,age      ] GC(35) Desired survivor size 20971520 bytes, new threshold 15 (max threshold 15)
[2023-11-16T05:03:16.642+0000][7][gc,age      ] GC(35) Age table with threshold 15 (max threshold 15)
[2023-11-16T05:03:16.642+0000][7][gc,age      ] GC(35) - age   1:    2848168 bytes,    2848168 total
[2023-11-16T05:03:16.642+0000][7][gc,age      ] GC(35) - age   2:    1078640 bytes,    3926808 total
[2023-11-16T05:03:16.642+0000][7][gc,age      ] GC(35) - age   3:    1830112 bytes,    5756920 total
[2023-11-16T05:03:16.642+0000][7][gc,age      ] GC(35) - age   4:     290944 bytes,    6047864 total
[2023-11-16T05:03:16.642+0000][7][gc,age      ] GC(35) - age   5:     275392 bytes,    6323256 total
[2023-11-16T05:03:16.642+0000][7][gc,age      ] GC(35) - age   6:     379776 bytes,    6703032 total
[2023-11-16T05:03:16.642+0000][7][gc,age      ] GC(35) - age   7:     539176 bytes,    7242208 total
[2023-11-16T05:03:16.642+0000][7][gc,age      ] GC(35) - age   8:    1076648 bytes,    8318856 total
[2023-11-16T05:03:16.642+0000][7][gc,age      ] GC(35) - age   9:       9232 bytes,    8328088 total
[2023-11-16T05:03:16.643+0000][7][gc,age      ] GC(35) - age  10:      51952 bytes,    8380040 total
[2023-11-16T05:03:16.643+0000][7][gc,age      ] GC(35) - age  11:      44208 bytes,    8424248 total
[2023-11-16T05:03:16.643+0000][7][gc,age      ] GC(35) - age  12:    1068664 bytes,    9492912 total
[2023-11-16T05:03:16.643+0000][7][gc,age      ] GC(35) - age  13:     649864 bytes,   10142776 total
[2023-11-16T05:03:16.643+0000][7][gc,age      ] GC(35) - age  14:     738464 bytes,   10881240 total
[2023-11-16T05:03:16.643+0000][7][gc,age      ] GC(35) - age  15:     346664 bytes,   11227904 total
[2023-11-16T05:03:16.643+0000][7][gc,phases   ] GC(35)   Pre Evacuate Collection Set: 0.1ms
[2023-11-16T05:03:16.643+0000][7][gc,phases   ] GC(35)   Merge Heap Roots: 0.1ms
[2023-11-16T05:03:16.643+0000][7][gc,phases   ] GC(35)   Evacuate Collection Set: 5.7ms
[2023-11-16T05:03:16.643+0000][7][gc,phases   ] GC(35)   Post Evacuate Collection Set: 0.6ms
[2023-11-16T05:03:16.643+0000][7][gc,phases   ] GC(35)   Other: 0.3ms
[2023-11-16T05:03:16.643+0000][7][gc,heap     ] GC(35) Eden regions: 73->0(73)
[2023-11-16T05:03:16.643+0000][7][gc,heap     ] GC(35) Survivor regions: 3->3(10)
[2023-11-16T05:03:16.643+0000][7][gc,heap     ] GC(35) Old regions: 22->22
[2023-11-16T05:03:16.643+0000][7][gc,heap     ] GC(35) Archive regions: 2->2
[2023-11-16T05:03:16.643+0000][7][gc,heap     ] GC(35) Humongous regions: 5->5
[2023-11-16T05:03:16.643+0000][7][gc,metaspace] GC(35) Metaspace: 116405K(118080K)->116405K(118080K) NonClass: 100677K(101632K)->100677K(101632K) Class: 15727K(16448K)->15727K(16448K)
[2023-11-16T05:03:16.643+0000][7][gc          ] GC(35) Pause Young (Normal) (G1 Evacuation Pause) 411M->121M(512M) 6.798ms
[2023-11-16T05:03:16.643+0000][7][gc,cpu      ] GC(35) User=0.02s Sys=0.01s Real=0.01s
[2023-11-16T05:03:16.643+0000][7][safepoint   ] Safepoint "G1CollectForAllocation", Time since last: 3841206765 ns, Reaching safepoint: 47456 ns, At safepoint: 6878760 ns, Total: 6926216 ns
[2023-11-16T05:03:19.643+0000][7][safepoint   ] Safepoint "Cleanup", Time since last: 3000272183 ns, Reaching safepoint: 224142 ns, At safepoint: 6163 ns, Total: 230305 ns
[2023-11-16T05:03:20.240+0000][7][gc,heap,exit] Heap
[2023-11-16T05:03:20.240+0000][7][gc,heap,exit]  garbage-first heap   total 524288K, used 235061K [0x00000000e0000000, 0x0000000100000000)
[2023-11-16T05:03:20.240+0000][7][gc,heap,exit]   region size 4096K, 30 young (122880K), 3 survivors (12288K)
[2023-11-16T05:03:20.240+0000][7][gc,heap,exit]  Metaspace       used 116609K, committed 118336K, reserved 1155072K
[2023-11-16T05:03:20.241+0000][7][gc,heap,exit]   class space    used 15764K, committed 16512K, reserved 1048576K
