[2023-10-31T02:07:49.307+0000][7][gc] Using G1
[2023-10-31T02:07:49.392+0000][7][gc,init] Version: 17.0.1+12 (release)
[2023-10-31T02:07:49.392+0000][7][gc,init] CPUs: 8 total, 8 available
[2023-10-31T02:07:49.392+0000][7][gc,init] Memory: 7659M
[2023-10-31T02:07:49.392+0000][7][gc,init] Large Page Support: Disabled
[2023-10-31T02:07:49.392+0000][7][gc,init] NUMA Support: Disabled
[2023-10-31T02:07:49.392+0000][7][gc,init] Compressed Oops: Enabled (32-bit)
[2023-10-31T02:07:49.392+0000][7][gc,init] Heap Region Size: 4M
[2023-10-31T02:07:49.392+0000][7][gc,init] Heap Min Capacity: 512M
[2023-10-31T02:07:49.392+0000][7][gc,init] Heap Initial Capacity: 512M
[2023-10-31T02:07:49.392+0000][7][gc,init] Heap Max Capacity: 512M
[2023-10-31T02:07:49.392+0000][7][gc,init] Pre-touch: Enabled
[2023-10-31T02:07:49.392+0000][7][gc,init] Parallel Workers: 8
[2023-10-31T02:07:49.392+0000][7][gc,init] Concurrent Workers: 2
[2023-10-31T02:07:49.392+0000][7][gc,init] Concurrent Refinement Workers: 8
[2023-10-31T02:07:49.392+0000][7][gc,init] Periodic GC: Disabled
[2023-10-31T02:07:49.393+0000][7][gc,metaspace] CDS archive(s) mapped at: [0x0000000800000000-0x0000000800bd1000-0x0000000800bd1000), size 12390400, SharedBaseAddress: 0x0000000800000000, ArchiveRelocationMode: 0.
[2023-10-31T02:07:49.393+0000][7][gc,metaspace] Compressed class space mapped at: 0x0000000800c00000-0x0000000840c00000, reserved size: 1073741824
[2023-10-31T02:07:49.393+0000][7][gc,metaspace] Narrow klass base: 0x0000000800000000, Narrow klass shift: 0, Narrow klass range: 0x100000000
[2023-10-31T02:07:50.068+0000][7][safepoint   ] Safepoint "ICBufferFull", Time since last: 669307056 ns, Reaching safepoint: 90522 ns, At safepoint: 5533 ns, Total: 96055 ns
[2023-10-31T02:07:50.520+0000][7][gc,start    ] GC(0) Pause Young (Normal) (G1 Evacuation Pause)
[2023-10-31T02:07:50.521+0000][7][gc,task     ] GC(0) Using 8 workers of 8 for evacuation
[2023-10-31T02:07:50.521+0000][7][gc,age      ] GC(0) Desired survivor size 2097152 bytes, new threshold 15 (max threshold 15)
[2023-10-31T02:07:50.532+0000][7][gc,age      ] GC(0) Age table with threshold 15 (max threshold 15)
[2023-10-31T02:07:50.532+0000][7][gc,age      ] GC(0) - age   1:    4102488 bytes,    4102488 total
[2023-10-31T02:07:50.532+0000][7][gc,phases   ] GC(0)   Pre Evacuate Collection Set: 0.1ms
[2023-10-31T02:07:50.532+0000][7][gc,phases   ] GC(0)   Merge Heap Roots: 0.1ms
[2023-10-31T02:07:50.532+0000][7][gc,phases   ] GC(0)   Evacuate Collection Set: 5.9ms
[2023-10-31T02:07:50.532+0000][7][gc,phases   ] GC(0)   Post Evacuate Collection Set: 4.4ms
[2023-10-31T02:07:50.532+0000][7][gc,phases   ] GC(0)   Other: 1.0ms
[2023-10-31T02:07:50.532+0000][7][gc,heap     ] GC(0) Eden regions: 6->0(6)
[2023-10-31T02:07:50.532+0000][7][gc,heap     ] GC(0) Survivor regions: 0->1(1)
[2023-10-31T02:07:50.532+0000][7][gc,heap     ] GC(0) Old regions: 0->0
[2023-10-31T02:07:50.532+0000][7][gc,heap     ] GC(0) Archive regions: 2->2
[2023-10-31T02:07:50.532+0000][7][gc,heap     ] GC(0) Humongous regions: 0->0
[2023-10-31T02:07:50.532+0000][7][gc,metaspace] GC(0) Metaspace: 7552K(7744K)->7552K(7744K) NonClass: 6673K(6784K)->6673K(6784K) Class: 878K(960K)->878K(960K)
[2023-10-31T02:07:50.532+0000][7][gc          ] GC(0) Pause Young (Normal) (G1 Evacuation Pause) 27M->7M(512M) 11.628ms
[2023-10-31T02:07:50.532+0000][7][gc,cpu      ] GC(0) User=0.02s Sys=0.00s Real=0.01s
[2023-10-31T02:07:50.532+0000][7][safepoint   ] Safepoint "G1CollectForAllocation", Time since last: 451614481 ns, Reaching safepoint: 115420 ns, At safepoint: 12058196 ns, Total: 12173616 ns
[2023-10-31T02:07:51.571+0000][7][safepoint   ] Safepoint "Cleanup", Time since last: 1038363318 ns, Reaching safepoint: 133143 ns, At safepoint: 3898 ns, Total: 137041 ns
[2023-10-31T02:07:52.427+0000][7][gc,start    ] GC(1) Pause Young (Normal) (G1 Evacuation Pause)
[2023-10-31T02:07:52.427+0000][7][gc,task     ] GC(1) Using 8 workers of 8 for evacuation
[2023-10-31T02:07:52.428+0000][7][gc,age      ] GC(1) Desired survivor size 2097152 bytes, new threshold 1 (max threshold 15)
[2023-10-31T02:07:52.436+0000][7][gc,age      ] GC(1) Age table with threshold 1 (max threshold 15)
[2023-10-31T02:07:52.436+0000][7][gc,age      ] GC(1) - age   1:    2349608 bytes,    2349608 total
[2023-10-31T02:07:52.437+0000][7][gc,phases   ] GC(1)   Pre Evacuate Collection Set: 0.1ms
[2023-10-31T02:07:52.437+0000][7][gc,phases   ] GC(1)   Merge Heap Roots: 0.1ms
[2023-10-31T02:07:52.437+0000][7][gc,phases   ] GC(1)   Evacuate Collection Set: 6.9ms
[2023-10-31T02:07:52.437+0000][7][gc,phases   ] GC(1)   Post Evacuate Collection Set: 1.8ms
[2023-10-31T02:07:52.437+0000][7][gc,phases   ] GC(1)   Other: 0.3ms
[2023-10-31T02:07:52.437+0000][7][gc,heap     ] GC(1) Eden regions: 6->0(16)
[2023-10-31T02:07:52.437+0000][7][gc,heap     ] GC(1) Survivor regions: 1->1(1)
[2023-10-31T02:07:52.437+0000][7][gc,heap     ] GC(1) Old regions: 0->1
[2023-10-31T02:07:52.437+0000][7][gc,heap     ] GC(1) Archive regions: 2->2
[2023-10-31T02:07:52.437+0000][7][gc,heap     ] GC(1) Humongous regions: 0->0
[2023-10-31T02:07:52.437+0000][7][gc,metaspace] GC(1) Metaspace: 12352K(12608K)->12352K(12608K) NonClass: 10851K(10944K)->10851K(10944K) Class: 1501K(1664K)->1501K(1664K)
[2023-10-31T02:07:52.437+0000][7][gc          ] GC(1) Pause Young (Normal) (G1 Evacuation Pause) 31M->10M(512M) 9.337ms
[2023-10-31T02:07:52.437+0000][7][gc,cpu      ] GC(1) User=0.02s Sys=0.00s Real=0.01s
[2023-10-31T02:07:52.437+0000][7][safepoint   ] Safepoint "G1CollectForAllocation", Time since last: 856599948 ns, Reaching safepoint: 129810 ns, At safepoint: 9415552 ns, Total: 9545362 ns
[2023-10-31T02:07:53.698+0000][7][safepoint   ] Safepoint "Cleanup", Time since last: 1260663443 ns, Reaching safepoint: 218673 ns, At safepoint: 3135 ns, Total: 221808 ns
[2023-10-31T02:07:53.768+0000][7][gc,start    ] GC(2) Pause Young (Normal) (G1 Evacuation Pause)
[2023-10-31T02:07:53.768+0000][7][gc,task     ] GC(2) Using 8 workers of 8 for evacuation
[2023-10-31T02:07:53.768+0000][7][gc,age      ] GC(2) Desired survivor size 6291456 bytes, new threshold 15 (max threshold 15)
[2023-10-31T02:07:53.773+0000][7][gc,age      ] GC(2) Age table with threshold 15 (max threshold 15)
[2023-10-31T02:07:53.773+0000][7][gc,age      ] GC(2) - age   1:    2571272 bytes,    2571272 total
[2023-10-31T02:07:53.773+0000][7][gc,age      ] GC(2) - age   2:    2307512 bytes,    4878784 total
[2023-10-31T02:07:53.773+0000][7][gc,phases   ] GC(2)   Pre Evacuate Collection Set: 0.1ms
[2023-10-31T02:07:53.773+0000][7][gc,phases   ] GC(2)   Merge Heap Roots: 0.0ms
[2023-10-31T02:07:53.773+0000][7][gc,phases   ] GC(2)   Evacuate Collection Set: 3.8ms
[2023-10-31T02:07:53.773+0000][7][gc,phases   ] GC(2)   Post Evacuate Collection Set: 0.6ms
[2023-10-31T02:07:53.773+0000][7][gc,phases   ] GC(2)   Other: 0.3ms
[2023-10-31T02:07:53.773+0000][7][gc,heap     ] GC(2) Eden regions: 16->0(74)
[2023-10-31T02:07:53.773+0000][7][gc,heap     ] GC(2) Survivor regions: 1->2(3)
[2023-10-31T02:07:53.773+0000][7][gc,heap     ] GC(2) Old regions: 1->1
[2023-10-31T02:07:53.773+0000][7][gc,heap     ] GC(2) Archive regions: 2->2
[2023-10-31T02:07:53.773+0000][7][gc,heap     ] GC(2) Humongous regions: 0->0
[2023-10-31T02:07:53.773+0000][7][gc,metaspace] GC(2) Metaspace: 14473K(14720K)->14473K(14720K) NonClass: 12785K(12928K)->12785K(12928K) Class: 1687K(1792K)->1687K(1792K)
[2023-10-31T02:07:53.773+0000][7][gc          ] GC(2) Pause Young (Normal) (G1 Evacuation Pause) 74M->12M(512M) 4.880ms
[2023-10-31T02:07:53.773+0000][7][gc,cpu      ] GC(2) User=0.03s Sys=0.00s Real=0.01s
[2023-10-31T02:07:53.773+0000][7][safepoint   ] Safepoint "G1CollectForAllocation", Time since last: 70656978 ns, Reaching safepoint: 38067 ns, At safepoint: 4964463 ns, Total: 5002530 ns
[2023-10-31T02:07:54.647+0000][7][safepoint   ] Safepoint "ICBufferFull", Time since last: 873114119 ns, Reaching safepoint: 172003 ns, At safepoint: 4642 ns, Total: 176645 ns
[2023-10-31T02:07:54.648+0000][7][safepoint   ] Safepoint "ICBufferFull", Time since last: 1622281 ns, Reaching safepoint: 62671 ns, At safepoint: 6381 ns, Total: 69052 ns
[2023-10-31T02:07:54.651+0000][7][safepoint   ] Safepoint "ICBufferFull", Time since last: 3134897 ns, Reaching safepoint: 40644 ns, At safepoint: 5073 ns, Total: 45717 ns
[2023-10-31T02:07:54.653+0000][7][safepoint   ] Safepoint "ICBufferFull", Time since last: 1575720 ns, Reaching safepoint: 210954 ns, At safepoint: 5952 ns, Total: 216906 ns
[2023-10-31T02:07:54.655+0000][7][safepoint   ] Safepoint "ICBufferFull", Time since last: 1405934 ns, Reaching safepoint: 347633 ns, At safepoint: 7906 ns, Total: 355539 ns
[2023-10-31T02:07:54.659+0000][7][safepoint   ] Safepoint "ICBufferFull", Time since last: 1597030 ns, Reaching safepoint: 1889434 ns, At safepoint: 16742 ns, Total: 1906176 ns
[2023-10-31T02:07:55.665+0000][7][gc,start    ] GC(3) Pause Young (Normal) (G1 Evacuation Pause)
[2023-10-31T02:07:55.665+0000][7][gc,task     ] GC(3) Using 8 workers of 8 for evacuation
[2023-10-31T02:07:55.665+0000][7][gc,age      ] GC(3) Desired survivor size 20971520 bytes, new threshold 15 (max threshold 15)
[2023-10-31T02:07:55.676+0000][7][gc,age      ] GC(3) Age table with threshold 15 (max threshold 15)
[2023-10-31T02:07:55.676+0000][7][gc,age      ] GC(3) - age   1:    5389920 bytes,    5389920 total
[2023-10-31T02:07:55.676+0000][7][gc,age      ] GC(3) - age   2:    1196664 bytes,    6586584 total
[2023-10-31T02:07:55.676+0000][7][gc,age      ] GC(3) - age   3:    2296176 bytes,    8882760 total
[2023-10-31T02:07:55.676+0000][7][gc,phases   ] GC(3)   Pre Evacuate Collection Set: 0.1ms
[2023-10-31T02:07:55.676+0000][7][gc,phases   ] GC(3)   Merge Heap Roots: 0.7ms
[2023-10-31T02:07:55.676+0000][7][gc,phases   ] GC(3)   Evacuate Collection Set: 8.8ms
[2023-10-31T02:07:55.676+0000][7][gc,phases   ] GC(3)   Post Evacuate Collection Set: 0.9ms
[2023-10-31T02:07:55.676+0000][7][gc,phases   ] GC(3)   Other: 0.3ms
[2023-10-31T02:07:55.676+0000][7][gc,heap     ] GC(3) Eden regions: 74->0(73)
[2023-10-31T02:07:55.676+0000][7][gc,heap     ] GC(3) Survivor regions: 2->3(10)
[2023-10-31T02:07:55.676+0000][7][gc,heap     ] GC(3) Old regions: 1->1
[2023-10-31T02:07:55.676+0000][7][gc,heap     ] GC(3) Archive regions: 2->2
[2023-10-31T02:07:55.676+0000][7][gc,heap     ] GC(3) Humongous regions: 0->0
[2023-10-31T02:07:55.676+0000][7][gc,metaspace] GC(3) Metaspace: 17304K(17600K)->17304K(17600K) NonClass: 15231K(15424K)->15231K(15424K) Class: 2073K(2176K)->2073K(2176K)
[2023-10-31T02:07:55.676+0000][7][gc          ] GC(3) Pause Young (Normal) (G1 Evacuation Pause) 308M->16M(512M) 10.860ms
[2023-10-31T02:07:55.676+0000][7][gc,cpu      ] GC(3) User=0.03s Sys=0.00s Real=0.01s
[2023-10-31T02:07:55.676+0000][7][safepoint   ] Safepoint "G1CollectForAllocation", Time since last: 1004991963 ns, Reaching safepoint: 1812994 ns, At safepoint: 10960639 ns, Total: 12773633 ns
[2023-10-31T02:07:56.676+0000][7][safepoint   ] Safepoint "Cleanup", Time since last: 1000088107 ns, Reaching safepoint: 64678 ns, At safepoint: 4233 ns, Total: 68911 ns
[2023-10-31T02:07:57.175+0000][7][gc,start    ] GC(4) Pause Young (Normal) (G1 Evacuation Pause)
[2023-10-31T02:07:57.175+0000][7][gc,task     ] GC(4) Using 8 workers of 8 for evacuation
[2023-10-31T02:07:57.175+0000][7][gc,age      ] GC(4) Desired survivor size 20971520 bytes, new threshold 15 (max threshold 15)
[2023-10-31T02:07:57.182+0000][7][gc,age      ] GC(4) Age table with threshold 15 (max threshold 15)
[2023-10-31T02:07:57.182+0000][7][gc,age      ] GC(4) - age   1:    4775392 bytes,    4775392 total
[2023-10-31T02:07:57.182+0000][7][gc,age      ] GC(4) - age   2:    3580816 bytes,    8356208 total
[2023-10-31T02:07:57.182+0000][7][gc,age      ] GC(4) - age   3:    1196584 bytes,    9552792 total
[2023-10-31T02:07:57.182+0000][7][gc,age      ] GC(4) - age   4:    2296176 bytes,   11848968 total
[2023-10-31T02:07:57.182+0000][7][gc,phases   ] GC(4)   Pre Evacuate Collection Set: 0.0ms
[2023-10-31T02:07:57.182+0000][7][gc,phases   ] GC(4)   Merge Heap Roots: 0.1ms
[2023-10-31T02:07:57.182+0000][7][gc,phases   ] GC(4)   Evacuate Collection Set: 5.7ms
[2023-10-31T02:07:57.182+0000][7][gc,phases   ] GC(4)   Post Evacuate Collection Set: 0.7ms
[2023-10-31T02:07:57.182+0000][7][gc,phases   ] GC(4)   Other: 0.3ms
[2023-10-31T02:07:57.182+0000][7][gc,heap     ] GC(4) Eden regions: 73->0(72)
[2023-10-31T02:07:57.182+0000][7][gc,heap     ] GC(4) Survivor regions: 3->4(10)
[2023-10-31T02:07:57.182+0000][7][gc,heap     ] GC(4) Old regions: 1->1
[2023-10-31T02:07:57.182+0000][7][gc,heap     ] GC(4) Archive regions: 2->2
[2023-10-31T02:07:57.182+0000][7][gc,heap     ] GC(4) Humongous regions: 0->0
[2023-10-31T02:07:57.182+0000][7][gc,metaspace] GC(4) Metaspace: 18165K(18432K)->18165K(18432K) NonClass: 15969K(16128K)->15969K(16128K) Class: 2196K(2304K)->2196K(2304K)
[2023-10-31T02:07:57.182+0000][7][gc          ] GC(4) Pause Young (Normal) (G1 Evacuation Pause) 308M->20M(512M) 6.834ms
[2023-10-31T02:07:57.182+0000][7][gc,cpu      ] GC(4) User=0.03s Sys=0.00s Real=0.00s
[2023-10-31T02:07:57.182+0000][7][safepoint   ] Safepoint "G1CollectForAllocation", Time since last: 498783060 ns, Reaching safepoint: 62348 ns, At safepoint: 6926334 ns, Total: 6988682 ns
[2023-10-31T02:07:58.054+0000][7][gc,start    ] GC(5) Pause Young (Normal) (G1 Evacuation Pause)
[2023-10-31T02:07:58.054+0000][7][gc,task     ] GC(5) Using 8 workers of 8 for evacuation
[2023-10-31T02:07:58.054+0000][7][gc,age      ] GC(5) Desired survivor size 20971520 bytes, new threshold 15 (max threshold 15)
[2023-10-31T02:07:58.069+0000][7][gc,age      ] GC(5) Age table with threshold 15 (max threshold 15)
[2023-10-31T02:07:58.069+0000][7][gc,age      ] GC(5) - age   1:    1371848 bytes,    1371848 total
[2023-10-31T02:07:58.069+0000][7][gc,age      ] GC(5) - age   2:    3797528 bytes,    5169376 total
[2023-10-31T02:07:58.069+0000][7][gc,age      ] GC(5) - age   3:    3580448 bytes,    8749824 total
[2023-10-31T02:07:58.069+0000][7][gc,age      ] GC(5) - age   4:    1196584 bytes,    9946408 total
[2023-10-31T02:07:58.069+0000][7][gc,age      ] GC(5) - age   5:    2296032 bytes,   12242440 total
[2023-10-31T02:07:58.069+0000][7][gc,phases   ] GC(5)   Pre Evacuate Collection Set: 0.1ms
[2023-10-31T02:07:58.069+0000][7][gc,phases   ] GC(5)   Merge Heap Roots: 0.1ms
[2023-10-31T02:07:58.069+0000][7][gc,phases   ] GC(5)   Evacuate Collection Set: 14.0ms
[2023-10-31T02:07:58.069+0000][7][gc,phases   ] GC(5)   Post Evacuate Collection Set: 0.7ms
[2023-10-31T02:07:58.069+0000][7][gc,phases   ] GC(5)   Other: 0.3ms
[2023-10-31T02:07:58.069+0000][7][gc,heap     ] GC(5) Eden regions: 72->0(72)
[2023-10-31T02:07:58.069+0000][7][gc,heap     ] GC(5) Survivor regions: 4->4(10)
[2023-10-31T02:07:58.069+0000][7][gc,heap     ] GC(5) Old regions: 1->1
[2023-10-31T02:07:58.069+0000][7][gc,heap     ] GC(5) Archive regions: 2->2
[2023-10-31T02:07:58.069+0000][7][gc,heap     ] GC(5) Humongous regions: 0->0
[2023-10-31T02:07:58.069+0000][7][gc,metaspace] GC(5) Metaspace: 18906K(19328K)->18906K(19328K) NonClass: 16601K(16832K)->16601K(16832K) Class: 2305K(2496K)->2305K(2496K)
[2023-10-31T02:07:58.069+0000][7][gc          ] GC(5) Pause Young (Normal) (G1 Evacuation Pause) 308M->20M(512M) 15.174ms
[2023-10-31T02:07:58.069+0000][7][gc,cpu      ] GC(5) User=0.06s Sys=0.00s Real=0.01s
[2023-10-31T02:07:58.069+0000][7][safepoint   ] Safepoint "G1CollectForAllocation", Time since last: 871324830 ns, Reaching safepoint: 100618 ns, At safepoint: 15279101 ns, Total: 15379719 ns
[2023-10-31T02:07:58.893+0000][7][gc,start    ] GC(6) Pause Young (Normal) (G1 Evacuation Pause)
[2023-10-31T02:07:58.894+0000][7][gc,task     ] GC(6) Using 8 workers of 8 for evacuation
[2023-10-31T02:07:58.894+0000][7][gc,age      ] GC(6) Desired survivor size 20971520 bytes, new threshold 15 (max threshold 15)
[2023-10-31T02:07:58.903+0000][7][gc,age      ] GC(6) Age table with threshold 15 (max threshold 15)
[2023-10-31T02:07:58.903+0000][7][gc,age      ] GC(6) - age   1:    2483000 bytes,    2483000 total
[2023-10-31T02:07:58.903+0000][7][gc,age      ] GC(6) - age   2:     588880 bytes,    3071880 total
[2023-10-31T02:07:58.903+0000][7][gc,age      ] GC(6) - age   3:    3793544 bytes,    6865424 total
[2023-10-31T02:07:58.903+0000][7][gc,age      ] GC(6) - age   4:    3578920 bytes,   10444344 total
[2023-10-31T02:07:58.903+0000][7][gc,age      ] GC(6) - age   5:    1195776 bytes,   11640120 total
[2023-10-31T02:07:58.903+0000][7][gc,age      ] GC(6) - age   6:    2292704 bytes,   13932824 total
[2023-10-31T02:07:58.903+0000][7][gc,phases   ] GC(6)   Pre Evacuate Collection Set: 0.1ms
[2023-10-31T02:07:58.903+0000][7][gc,phases   ] GC(6)   Merge Heap Roots: 0.0ms
[2023-10-31T02:07:58.903+0000][7][gc,phases   ] GC(6)   Evacuate Collection Set: 7.8ms
[2023-10-31T02:07:58.903+0000][7][gc,phases   ] GC(6)   Post Evacuate Collection Set: 1.2ms
[2023-10-31T02:07:58.903+0000][7][gc,phases   ] GC(6)   Other: 0.8ms
[2023-10-31T02:07:58.903+0000][7][gc,heap     ] GC(6) Eden regions: 72->0(72)
[2023-10-31T02:07:58.903+0000][7][gc,heap     ] GC(6) Survivor regions: 4->4(10)
[2023-10-31T02:07:58.903+0000][7][gc,heap     ] GC(6) Old regions: 1->1
[2023-10-31T02:07:58.903+0000][7][gc,heap     ] GC(6) Archive regions: 2->2
[2023-10-31T02:07:58.903+0000][7][gc,heap     ] GC(6) Humongous regions: 0->0
[2023-10-31T02:07:58.903+0000][7][gc,metaspace] GC(6) Metaspace: 19930K(20352K)->19930K(20352K) NonClass: 17485K(17728K)->17485K(17728K) Class: 2444K(2624K)->2444K(2624K)
[2023-10-31T02:07:58.903+0000][7][gc          ] GC(6) Pause Young (Normal) (G1 Evacuation Pause) 308M->21M(512M) 9.956ms
[2023-10-31T02:07:58.903+0000][7][gc,cpu      ] GC(6) User=0.03s Sys=0.00s Real=0.01s
[2023-10-31T02:07:58.903+0000][7][safepoint   ] Safepoint "G1CollectForAllocation", Time since last: 824322353 ns, Reaching safepoint: 96505 ns, At safepoint: 10033961 ns, Total: 10130466 ns
[2023-10-31T02:07:59.372+0000][7][gc,start    ] GC(7) Pause Young (Normal) (G1 Evacuation Pause)
[2023-10-31T02:07:59.372+0000][7][gc,task     ] GC(7) Using 8 workers of 8 for evacuation
[2023-10-31T02:07:59.372+0000][7][gc,age      ] GC(7) Desired survivor size 20971520 bytes, new threshold 15 (max threshold 15)
[2023-10-31T02:07:59.382+0000][7][gc,age      ] GC(7) Age table with threshold 15 (max threshold 15)
[2023-10-31T02:07:59.382+0000][7][gc,age      ] GC(7) - age   1:    2681696 bytes,    2681696 total
[2023-10-31T02:07:59.382+0000][7][gc,age      ] GC(7) - age   2:    1731592 bytes,    4413288 total
[2023-10-31T02:07:59.382+0000][7][gc,age      ] GC(7) - age   3:     586744 bytes,    5000032 total
[2023-10-31T02:07:59.382+0000][7][gc,age      ] GC(7) - age   4:    3793480 bytes,    8793512 total
[2023-10-31T02:07:59.382+0000][7][gc,age      ] GC(7) - age   5:    3577496 bytes,   12371008 total
[2023-10-31T02:07:59.382+0000][7][gc,age      ] GC(7) - age   6:    1195776 bytes,   13566784 total
[2023-10-31T02:07:59.382+0000][7][gc,age      ] GC(7) - age   7:    2292368 bytes,   15859152 total
[2023-10-31T02:07:59.382+0000][7][gc,phases   ] GC(7)   Pre Evacuate Collection Set: 0.1ms
[2023-10-31T02:07:59.382+0000][7][gc,phases   ] GC(7)   Merge Heap Roots: 0.1ms
[2023-10-31T02:07:59.382+0000][7][gc,phases   ] GC(7)   Evacuate Collection Set: 8.9ms
[2023-10-31T02:07:59.382+0000][7][gc,phases   ] GC(7)   Post Evacuate Collection Set: 0.8ms
[2023-10-31T02:07:59.382+0000][7][gc,phases   ] GC(7)   Other: 0.4ms
[2023-10-31T02:07:59.382+0000][7][gc,heap     ] GC(7) Eden regions: 72->0(72)
[2023-10-31T02:07:59.382+0000][7][gc,heap     ] GC(7) Survivor regions: 4->4(10)
[2023-10-31T02:07:59.382+0000][7][gc,heap     ] GC(7) Old regions: 1->1
[2023-10-31T02:07:59.382+0000][7][gc,heap     ] GC(7) Archive regions: 2->2
[2023-10-31T02:07:59.382+0000][7][gc,heap     ] GC(7) Humongous regions: 0->0
[2023-10-31T02:07:59.382+0000][7][gc,metaspace] GC(7) Metaspace: 20260K(20800K)->20260K(20800K) NonClass: 17766K(18112K)->17766K(18112K) Class: 2494K(2688K)->2494K(2688K)
[2023-10-31T02:07:59.382+0000][7][gc          ] GC(7) Pause Young (Normal) (G1 Evacuation Pause) 309M->23M(512M) 10.281ms
[2023-10-31T02:07:59.382+0000][7][gc,cpu      ] GC(7) User=0.04s Sys=0.01s Real=0.01s
[2023-10-31T02:07:59.382+0000][7][safepoint   ] Safepoint "G1CollectForAllocation", Time since last: 468331995 ns, Reaching safepoint: 59492 ns, At safepoint: 10388188 ns, Total: 10447680 ns
[2023-10-31T02:08:00.185+0000][7][gc,start    ] GC(8) Pause Young (Concurrent Start) (Metadata GC Threshold)
[2023-10-31T02:08:00.185+0000][7][gc,task     ] GC(8) Using 8 workers of 8 for evacuation
[2023-10-31T02:08:00.185+0000][7][gc,age      ] GC(8) Desired survivor size 20971520 bytes, new threshold 15 (max threshold 15)
[2023-10-31T02:08:00.203+0000][7][gc,age      ] GC(8) Age table with threshold 15 (max threshold 15)
[2023-10-31T02:08:00.203+0000][7][gc,age      ] GC(8) - age   1:     889832 bytes,     889832 total
[2023-10-31T02:08:00.203+0000][7][gc,age      ] GC(8) - age   2:     749096 bytes,    1638928 total
[2023-10-31T02:08:00.203+0000][7][gc,age      ] GC(8) - age   3:    1721912 bytes,    3360840 total
[2023-10-31T02:08:00.203+0000][7][gc,age      ] GC(8) - age   4:     577616 bytes,    3938456 total
[2023-10-31T02:08:00.203+0000][7][gc,age      ] GC(8) - age   5:    3783168 bytes,    7721624 total
[2023-10-31T02:08:00.203+0000][7][gc,age      ] GC(8) - age   6:    3568896 bytes,   11290520 total
[2023-10-31T02:08:00.204+0000][7][gc,age      ] GC(8) - age   7:    1152056 bytes,   12442576 total
[2023-10-31T02:08:00.204+0000][7][gc,age      ] GC(8) - age   8:    2292192 bytes,   14734768 total
[2023-10-31T02:08:00.204+0000][7][gc,phases   ] GC(8)   Pre Evacuate Collection Set: 0.1ms
[2023-10-31T02:08:00.204+0000][7][gc,phases   ] GC(8)   Merge Heap Roots: 0.1ms
[2023-10-31T02:08:00.204+0000][7][gc,phases   ] GC(8)   Evacuate Collection Set: 13.7ms
[2023-10-31T02:08:00.204+0000][7][gc,phases   ] GC(8)   Post Evacuate Collection Set: 3.3ms
[2023-10-31T02:08:00.204+0000][7][gc,phases   ] GC(8)   Other: 1.3ms
[2023-10-31T02:08:00.204+0000][7][gc,heap     ] GC(8) Eden regions: 69->0(72)
[2023-10-31T02:08:00.204+0000][7][gc,heap     ] GC(8) Survivor regions: 4->4(10)
[2023-10-31T02:08:00.204+0000][7][gc,heap     ] GC(8) Old regions: 1->1
[2023-10-31T02:08:00.204+0000][7][gc,heap     ] GC(8) Archive regions: 2->2
[2023-10-31T02:08:00.204+0000][7][gc,heap     ] GC(8) Humongous regions: 0->0
[2023-10-31T02:08:00.204+0000][7][gc,metaspace] GC(8) Metaspace: 21019K(21504K)->21019K(21504K) NonClass: 18403K(18688K)->18403K(18688K) Class: 2616K(2816K)->2616K(2816K)
[2023-10-31T02:08:00.204+0000][7][gc          ] GC(8) Pause Young (Concurrent Start) (Metadata GC Threshold) 297M->23M(512M) 18.544ms
[2023-10-31T02:08:00.204+0000][7][gc,cpu      ] GC(8) User=0.04s Sys=0.00s Real=0.02s
[2023-10-31T02:08:00.204+0000][7][safepoint   ] Safepoint "CollectForMetadataAllocation", Time since last: 802800011 ns, Reaching safepoint: 139624 ns, At safepoint: 18683673 ns, Total: 18823297 ns
[2023-10-31T02:08:00.204+0000][7][gc          ] GC(9) Concurrent Mark Cycle
[2023-10-31T02:08:00.204+0000][7][gc,marking  ] GC(9) Concurrent Clear Claimed Marks
[2023-10-31T02:08:00.204+0000][7][gc,marking  ] GC(9) Concurrent Clear Claimed Marks 0.040ms
[2023-10-31T02:08:00.204+0000][7][gc,marking  ] GC(9) Concurrent Scan Root Regions
[2023-10-31T02:08:00.204+0000][7][safepoint   ] Safepoint "CollectForMetadataAllocation", Time since last: 310093 ns, Reaching safepoint: 101022 ns, At safepoint: 4321 ns, Total: 105343 ns
[2023-10-31T02:08:00.212+0000][7][gc,marking  ] GC(9) Concurrent Scan Root Regions 7.898ms
[2023-10-31T02:08:00.212+0000][7][gc,marking  ] GC(9) Concurrent Mark
[2023-10-31T02:08:00.212+0000][7][gc,marking  ] GC(9) Concurrent Mark From Roots
[2023-10-31T02:08:00.212+0000][7][gc,task     ] GC(9) Using 2 workers of 2 for marking
[2023-10-31T02:08:00.216+0000][7][gc,marking  ] GC(9) Concurrent Mark From Roots 4.031ms
[2023-10-31T02:08:00.216+0000][7][gc,marking  ] GC(9) Concurrent Preclean
[2023-10-31T02:08:00.216+0000][7][gc,marking  ] GC(9) Concurrent Preclean 0.169ms
[2023-10-31T02:08:00.216+0000][7][gc,start    ] GC(9) Pause Remark
[2023-10-31T02:08:00.228+0000][7][gc          ] GC(9) Pause Remark 25M->25M(512M) 11.551ms
[2023-10-31T02:08:00.228+0000][7][gc,cpu      ] GC(9) User=0.02s Sys=0.01s Real=0.01s
[2023-10-31T02:08:00.228+0000][7][safepoint   ] Safepoint "G1Concurrent", Time since last: 12125577 ns, Reaching safepoint: 122893 ns, At safepoint: 11678466 ns, Total: 11801359 ns
[2023-10-31T02:08:00.228+0000][7][gc,marking  ] GC(9) Concurrent Mark 16.357ms
[2023-10-31T02:08:00.228+0000][7][gc,marking  ] GC(9) Concurrent Rebuild Remembered Sets
[2023-10-31T02:08:00.228+0000][7][gc,marking  ] GC(9) Concurrent Rebuild Remembered Sets 0.006ms
[2023-10-31T02:08:00.229+0000][7][gc,start    ] GC(9) Pause Cleanup
[2023-10-31T02:08:00.229+0000][7][gc          ] GC(9) Pause Cleanup 25M->25M(512M) 0.043ms
[2023-10-31T02:08:00.229+0000][7][gc,cpu      ] GC(9) User=0.00s Sys=0.00s Real=0.00s
[2023-10-31T02:08:00.229+0000][7][safepoint   ] Safepoint "G1Concurrent", Time since last: 82867 ns, Reaching safepoint: 427805 ns, At safepoint: 88084 ns, Total: 515889 ns
[2023-10-31T02:08:00.229+0000][7][gc,marking  ] GC(9) Concurrent Cleanup for Next Mark
[2023-10-31T02:08:00.230+0000][7][gc,marking  ] GC(9) Concurrent Cleanup for Next Mark 1.139ms
[2023-10-31T02:08:00.230+0000][7][gc          ] GC(9) Concurrent Mark Cycle 26.640ms
[2023-10-31T02:08:00.720+0000][7][safepoint   ] Safepoint "ICBufferFull", Time since last: 490950125 ns, Reaching safepoint: 81764 ns, At safepoint: 3720 ns, Total: 85484 ns
[2023-10-31T02:08:00.721+0000][7][safepoint   ] Safepoint "ICBufferFull", Time since last: 1030352 ns, Reaching safepoint: 22658 ns, At safepoint: 2604 ns, Total: 25262 ns
[2023-10-31T02:08:00.722+0000][7][safepoint   ] Safepoint "ICBufferFull", Time since last: 1045681 ns, Reaching safepoint: 30182 ns, At safepoint: 3361 ns, Total: 33543 ns
[2023-10-31T02:08:00.723+0000][7][safepoint   ] Safepoint "ICBufferFull", Time since last: 980254 ns, Reaching safepoint: 28216 ns, At safepoint: 2663 ns, Total: 30879 ns
[2023-10-31T02:08:00.764+0000][7][safepoint   ] Safepoint "ICBufferFull", Time since last: 41375669 ns, Reaching safepoint: 32298 ns, At safepoint: 3068 ns, Total: 35366 ns
[2023-10-31T02:08:00.827+0000][7][safepoint   ] Safepoint "ICBufferFull", Time since last: 62871417 ns, Reaching safepoint: 34823 ns, At safepoint: 3402 ns, Total: 38225 ns
[2023-10-31T02:08:00.850+0000][7][safepoint   ] Safepoint "ICBufferFull", Time since last: 22701962 ns, Reaching safepoint: 40573 ns, At safepoint: 4035 ns, Total: 44608 ns
[2023-10-31T02:08:00.858+0000][7][safepoint   ] Safepoint "ICBufferFull", Time since last: 8063858 ns, Reaching safepoint: 26940 ns, At safepoint: 3322 ns, Total: 30262 ns
[2023-10-31T02:08:01.046+0000][7][safepoint   ] Safepoint "ICBufferFull", Time since last: 187529240 ns, Reaching safepoint: 115687 ns, At safepoint: 3297 ns, Total: 118984 ns
[2023-10-31T02:08:02.397+0000][7][safepoint   ] Safepoint "Cleanup", Time since last: 1351066572 ns, Reaching safepoint: 93914 ns, At safepoint: 4052 ns, Total: 97966 ns
[2023-10-31T02:08:03.397+0000][7][safepoint   ] Safepoint "Cleanup", Time since last: 1000150436 ns, Reaching safepoint: 157061 ns, At safepoint: 7441 ns, Total: 164502 ns
[2023-10-31T02:08:04.397+0000][7][safepoint   ] Safepoint "Cleanup", Time since last: 1000144122 ns, Reaching safepoint: 58185 ns, At safepoint: 5685 ns, Total: 63870 ns
[2023-10-31T02:08:05.095+0000][7][gc,start    ] GC(10) Pause Young (Concurrent Start) (Metadata GC Threshold)
[2023-10-31T02:08:05.095+0000][7][gc,task     ] GC(10) Using 8 workers of 8 for evacuation
[2023-10-31T02:08:05.095+0000][7][gc,age      ] GC(10) Desired survivor size 20971520 bytes, new threshold 15 (max threshold 15)
[2023-10-31T02:08:05.129+0000][7][gc,age      ] GC(10) Age table with threshold 15 (max threshold 15)
[2023-10-31T02:08:05.130+0000][7][gc,age      ] GC(10) - age   1:   26798560 bytes,   26798560 total
[2023-10-31T02:08:05.130+0000][7][gc,age      ] GC(10) - age   2:     875688 bytes,   27674248 total
[2023-10-31T02:08:05.130+0000][7][gc,age      ] GC(10) - age   3:     741464 bytes,   28415712 total
[2023-10-31T02:08:05.130+0000][7][gc,age      ] GC(10) - age   4:    1701296 bytes,   30117008 total
[2023-10-31T02:08:05.130+0000][7][gc,age      ] GC(10) - age   5:     575984 bytes,   30692992 total
[2023-10-31T02:08:05.130+0000][7][gc,age      ] GC(10) - age   6:    3775408 bytes,   34468400 total
[2023-10-31T02:08:05.130+0000][7][gc,age      ] GC(10) - age   7:    3537064 bytes,   38005464 total
[2023-10-31T02:08:05.130+0000][7][gc,age      ] GC(10) - age   8:    1123288 bytes,   39128752 total
[2023-10-31T02:08:05.130+0000][7][gc,age      ] GC(10) - age   9:    2279480 bytes,   41408232 total
[2023-10-31T02:08:05.130+0000][7][gc,phases   ] GC(10)   Pre Evacuate Collection Set: 0.2ms
[2023-10-31T02:08:05.130+0000][7][gc,phases   ] GC(10)   Merge Heap Roots: 0.1ms
[2023-10-31T02:08:05.130+0000][7][gc,phases   ] GC(10)   Evacuate Collection Set: 32.7ms
[2023-10-31T02:08:05.130+0000][7][gc,phases   ] GC(10)   Post Evacuate Collection Set: 1.3ms
[2023-10-31T02:08:05.130+0000][7][gc,phases   ] GC(10)   Other: 0.4ms
[2023-10-31T02:08:05.130+0000][7][gc,heap     ] GC(10) Eden regions: 72->0(66)
[2023-10-31T02:08:05.130+0000][7][gc,heap     ] GC(10) Survivor regions: 4->10(10)
[2023-10-31T02:08:05.130+0000][7][gc,heap     ] GC(10) Old regions: 1->2
[2023-10-31T02:08:05.130+0000][7][gc,heap     ] GC(10) Archive regions: 2->2
[2023-10-31T02:08:05.130+0000][7][gc,heap     ] GC(10) Humongous regions: 0->0
[2023-10-31T02:08:05.130+0000][7][gc,metaspace] GC(10) Metaspace: 35067K(35968K)->35067K(35968K) NonClass: 30445K(30976K)->30445K(30976K) Class: 4621K(4992K)->4621K(4992K)
[2023-10-31T02:08:05.130+0000][7][gc          ] GC(10) Pause Young (Concurrent Start) (Metadata GC Threshold) 311M->48M(512M) 34.755ms
[2023-10-31T02:08:05.130+0000][7][gc,cpu      ] GC(10) User=0.16s Sys=0.00s Real=0.03s
[2023-10-31T02:08:05.130+0000][7][gc          ] GC(11) Concurrent Mark Cycle
[2023-10-31T02:08:05.130+0000][7][gc,marking  ] GC(11) Concurrent Clear Claimed Marks
[2023-10-31T02:08:05.130+0000][7][safepoint   ] Safepoint "CollectForMetadataAllocation", Time since last: 697397409 ns, Reaching safepoint: 158108 ns, At safepoint: 34907744 ns, Total: 35065852 ns
[2023-10-31T02:08:05.130+0000][7][gc,marking  ] GC(11) Concurrent Clear Claimed Marks 0.110ms
[2023-10-31T02:08:05.130+0000][7][gc,marking  ] GC(11) Concurrent Scan Root Regions
[2023-10-31T02:08:05.148+0000][7][gc,marking  ] GC(11) Concurrent Scan Root Regions 18.496ms
[2023-10-31T02:08:05.149+0000][7][gc,marking  ] GC(11) Concurrent Mark
[2023-10-31T02:08:05.149+0000][7][gc,marking  ] GC(11) Concurrent Mark From Roots
[2023-10-31T02:08:05.149+0000][7][gc,task     ] GC(11) Using 2 workers of 2 for marking
[2023-10-31T02:08:05.154+0000][7][gc,marking  ] GC(11) Concurrent Mark From Roots 5.646ms
[2023-10-31T02:08:05.154+0000][7][gc,marking  ] GC(11) Concurrent Preclean
[2023-10-31T02:08:05.154+0000][7][gc,marking  ] GC(11) Concurrent Preclean 0.106ms
[2023-10-31T02:08:05.154+0000][7][gc,start    ] GC(11) Pause Remark
[2023-10-31T02:08:05.157+0000][7][gc          ] GC(11) Pause Remark 50M->50M(512M) 2.656ms
[2023-10-31T02:08:05.157+0000][7][gc,cpu      ] GC(11) User=0.02s Sys=0.00s Real=0.00s
[2023-10-31T02:08:05.157+0000][7][safepoint   ] Safepoint "G1Concurrent", Time since last: 24557072 ns, Reaching safepoint: 40191 ns, At safepoint: 2775892 ns, Total: 2816083 ns
[2023-10-31T02:08:05.157+0000][7][gc,marking  ] GC(11) Concurrent Mark 8.874ms
[2023-10-31T02:08:05.157+0000][7][gc,marking  ] GC(11) Concurrent Rebuild Remembered Sets
[2023-10-31T02:08:05.161+0000][7][gc,marking  ] GC(11) Concurrent Rebuild Remembered Sets 3.925ms
[2023-10-31T02:08:05.162+0000][7][gc,start    ] GC(11) Pause Cleanup
[2023-10-31T02:08:05.162+0000][7][gc          ] GC(11) Pause Cleanup 50M->50M(512M) 0.186ms
[2023-10-31T02:08:05.162+0000][7][gc,cpu      ] GC(11) User=0.00s Sys=0.00s Real=0.00s
[2023-10-31T02:08:05.162+0000][7][safepoint   ] Safepoint "G1Concurrent", Time since last: 4314252 ns, Reaching safepoint: 61354 ns, At safepoint: 252264 ns, Total: 313618 ns
[2023-10-31T02:08:05.162+0000][7][gc,marking  ] GC(11) Concurrent Cleanup for Next Mark
[2023-10-31T02:08:05.163+0000][7][gc,marking  ] GC(11) Concurrent Cleanup for Next Mark 1.401ms
[2023-10-31T02:08:05.163+0000][7][gc          ] GC(11) Concurrent Mark Cycle 33.621ms
[2023-10-31T02:08:07.024+0000][7][safepoint   ] Safepoint "Cleanup", Time since last: 1862465008 ns, Reaching safepoint: 103344 ns, At safepoint: 2644 ns, Total: 105988 ns
[2023-10-31T02:08:08.617+0000][7][safepoint   ] Safepoint "Cleanup", Time since last: 1592541244 ns, Reaching safepoint: 441502 ns, At safepoint: 28932 ns, Total: 470434 ns
[2023-10-31T02:08:08.712+0000][7][gc,start    ] GC(12) Pause Young (Normal) (G1 Evacuation Pause)
[2023-10-31T02:08:08.712+0000][7][gc,task     ] GC(12) Using 8 workers of 8 for evacuation
[2023-10-31T02:08:08.712+0000][7][gc,age      ] GC(12) Desired survivor size 20971520 bytes, new threshold 1 (max threshold 15)
[2023-10-31T02:08:08.785+0000][7][gc,age      ] GC(12) Age table with threshold 1 (max threshold 15)
[2023-10-31T02:08:08.785+0000][7][gc,age      ] GC(12) - age   1:    6022624 bytes,    6022624 total
[2023-10-31T02:08:08.785+0000][7][gc,phases   ] GC(12)   Pre Evacuate Collection Set: 0.1ms
[2023-10-31T02:08:08.785+0000][7][gc,phases   ] GC(12)   Merge Heap Roots: 0.1ms
[2023-10-31T02:08:08.785+0000][7][gc,phases   ] GC(12)   Evacuate Collection Set: 69.3ms
[2023-10-31T02:08:08.786+0000][7][gc,phases   ] GC(12)   Post Evacuate Collection Set: 2.9ms
[2023-10-31T02:08:08.786+0000][7][gc,phases   ] GC(12)   Other: 1.1ms
[2023-10-31T02:08:08.786+0000][7][gc,heap     ] GC(12) Eden regions: 66->0(73)
[2023-10-31T02:08:08.786+0000][7][gc,heap     ] GC(12) Survivor regions: 10->3(10)
[2023-10-31T02:08:08.786+0000][7][gc,heap     ] GC(12) Old regions: 2->11
[2023-10-31T02:08:08.786+0000][7][gc,heap     ] GC(12) Archive regions: 2->2
[2023-10-31T02:08:08.786+0000][7][gc,heap     ] GC(12) Humongous regions: 0->0
[2023-10-31T02:08:08.787+0000][7][gc,metaspace] GC(12) Metaspace: 51543K(52736K)->51543K(52736K) NonClass: 44555K(45248K)->44555K(45248K) Class: 6987K(7488K)->6987K(7488K)
[2023-10-31T02:08:08.787+0000][7][gc          ] GC(12) Pause Young (Normal) (G1 Evacuation Pause) 312M->56M(512M) 75.139ms
[2023-10-31T02:08:08.787+0000][7][gc,cpu      ] GC(12) User=0.24s Sys=0.00s Real=0.08s
[2023-10-31T02:08:08.787+0000][7][safepoint   ] Safepoint "G1CollectForAllocation", Time since last: 94107617 ns, Reaching safepoint: 65536 ns, At safepoint: 75564200 ns, Total: 75629736 ns
[2023-10-31T02:08:09.928+0000][7][safepoint   ] Safepoint "ICBufferFull", Time since last: 1140550354 ns, Reaching safepoint: 160923 ns, At safepoint: 4504 ns, Total: 165427 ns
[2023-10-31T02:08:11.015+0000][7][safepoint   ] Safepoint "Cleanup", Time since last: 1086728807 ns, Reaching safepoint: 274961 ns, At safepoint: 6136 ns, Total: 281097 ns
[2023-10-31T02:08:11.945+0000][7][gc,start    ] GC(13) Pause Young (Concurrent Start) (Metadata GC Threshold)
[2023-10-31T02:08:11.945+0000][7][gc,task     ] GC(13) Using 8 workers of 8 for evacuation
[2023-10-31T02:08:11.945+0000][7][gc,age      ] GC(13) Desired survivor size 20971520 bytes, new threshold 15 (max threshold 15)
[2023-10-31T02:08:11.970+0000][7][gc,age      ] GC(13) Age table with threshold 15 (max threshold 15)
[2023-10-31T02:08:11.970+0000][7][gc,age      ] GC(13) - age   1:    5247960 bytes,    5247960 total
[2023-10-31T02:08:11.970+0000][7][gc,age      ] GC(13) - age   2:    5839416 bytes,   11087376 total
[2023-10-31T02:08:11.970+0000][7][gc,phases   ] GC(13)   Pre Evacuate Collection Set: 0.1ms
[2023-10-31T02:08:11.970+0000][7][gc,phases   ] GC(13)   Merge Heap Roots: 0.1ms
[2023-10-31T02:08:11.970+0000][7][gc,phases   ] GC(13)   Evacuate Collection Set: 20.6ms
[2023-10-31T02:08:11.970+0000][7][gc,phases   ] GC(13)   Post Evacuate Collection Set: 4.1ms
[2023-10-31T02:08:11.970+0000][7][gc,phases   ] GC(13)   Other: 0.3ms
[2023-10-31T02:08:11.970+0000][7][gc,heap     ] GC(13) Eden regions: 52->0(73)
[2023-10-31T02:08:11.970+0000][7][gc,heap     ] GC(13) Survivor regions: 3->3(10)
[2023-10-31T02:08:11.970+0000][7][gc,heap     ] GC(13) Old regions: 11->11
[2023-10-31T02:08:11.970+0000][7][gc,heap     ] GC(13) Archive regions: 2->2
[2023-10-31T02:08:11.970+0000][7][gc,heap     ] GC(13) Humongous regions: 0->0
[2023-10-31T02:08:11.970+0000][7][gc,metaspace] GC(13) Metaspace: 59190K(60416K)->59190K(60416K) NonClass: 51147K(51840K)->51147K(51840K) Class: 8043K(8576K)->8043K(8576K)
[2023-10-31T02:08:11.970+0000][7][gc          ] GC(13) Pause Young (Concurrent Start) (Metadata GC Threshold) 264M->59M(512M) 25.250ms
[2023-10-31T02:08:11.970+0000][7][gc,cpu      ] GC(13) User=0.07s Sys=0.01s Real=0.02s
[2023-10-31T02:08:11.971+0000][7][gc          ] GC(14) Concurrent Mark Cycle
[2023-10-31T02:08:11.971+0000][7][gc,marking  ] GC(14) Concurrent Clear Claimed Marks
[2023-10-31T02:08:11.971+0000][7][safepoint   ] Safepoint "CollectForMetadataAllocation", Time since last: 930179426 ns, Reaching safepoint: 109136 ns, At safepoint: 25416682 ns, Total: 25525818 ns
[2023-10-31T02:08:11.971+0000][7][gc,marking  ] GC(14) Concurrent Clear Claimed Marks 0.084ms
[2023-10-31T02:08:11.971+0000][7][gc,marking  ] GC(14) Concurrent Scan Root Regions
[2023-10-31T02:08:11.979+0000][7][gc,marking  ] GC(14) Concurrent Scan Root Regions 8.411ms
[2023-10-31T02:08:11.979+0000][7][gc,marking  ] GC(14) Concurrent Mark
[2023-10-31T02:08:11.980+0000][7][gc,marking  ] GC(14) Concurrent Mark From Roots
[2023-10-31T02:08:11.980+0000][7][gc,task     ] GC(14) Using 2 workers of 2 for marking
[2023-10-31T02:08:12.041+0000][7][gc,marking  ] GC(14) Concurrent Mark From Roots 61.197ms
[2023-10-31T02:08:12.041+0000][7][gc,marking  ] GC(14) Concurrent Preclean
[2023-10-31T02:08:12.041+0000][7][gc,marking  ] GC(14) Concurrent Preclean 0.359ms
[2023-10-31T02:08:12.042+0000][7][gc,start    ] GC(14) Pause Remark
[2023-10-31T02:08:12.046+0000][7][gc          ] GC(14) Pause Remark 61M->61M(512M) 4.231ms
[2023-10-31T02:08:12.046+0000][7][gc,cpu      ] GC(14) User=0.02s Sys=0.00s Real=0.01s
[2023-10-31T02:08:12.046+0000][7][safepoint   ] Safepoint "G1Concurrent", Time since last: 70602226 ns, Reaching safepoint: 589133 ns, At safepoint: 4320466 ns, Total: 4909599 ns
[2023-10-31T02:08:12.046+0000][7][gc,marking  ] GC(14) Concurrent Mark 67.032ms
[2023-10-31T02:08:12.047+0000][7][gc,marking  ] GC(14) Concurrent Rebuild Remembered Sets
[2023-10-31T02:08:12.047+0000][7][gc,marking  ] GC(14) Concurrent Rebuild Remembered Sets 0.167ms
[2023-10-31T02:08:12.052+0000][7][gc,start    ] GC(14) Pause Cleanup
[2023-10-31T02:08:12.052+0000][7][gc          ] GC(14) Pause Cleanup 61M->61M(512M) 0.070ms
[2023-10-31T02:08:12.052+0000][7][gc,cpu      ] GC(14) User=0.00s Sys=0.00s Real=0.00s
[2023-10-31T02:08:12.052+0000][7][safepoint   ] Safepoint "G1Concurrent", Time since last: 762804 ns, Reaching safepoint: 5337723 ns, At safepoint: 126393 ns, Total: 5464116 ns
[2023-10-31T02:08:12.052+0000][7][gc,marking  ] GC(14) Concurrent Cleanup for Next Mark
[2023-10-31T02:08:12.053+0000][7][gc,marking  ] GC(14) Concurrent Cleanup for Next Mark 1.077ms
[2023-10-31T02:08:12.054+0000][7][gc          ] GC(14) Concurrent Mark Cycle 83.003ms
[2023-10-31T02:08:13.269+0000][7][safepoint   ] Safepoint "Cleanup", Time since last: 1215482802 ns, Reaching safepoint: 854977 ns, At safepoint: 10508 ns, Total: 865485 ns
[2023-10-31T02:08:15.246+0000][7][safepoint   ] Safepoint "Cleanup", Time since last: 1976883755 ns, Reaching safepoint: 233105 ns, At safepoint: 4482 ns, Total: 237587 ns
[2023-10-31T02:08:16.246+0000][7][safepoint   ] Safepoint "Cleanup", Time since last: 1000120030 ns, Reaching safepoint: 186288 ns, At safepoint: 3959 ns, Total: 190247 ns
[2023-10-31T02:08:17.253+0000][7][safepoint   ] Safepoint "Cleanup", Time since last: 1006307523 ns, Reaching safepoint: 158640 ns, At safepoint: 3832 ns, Total: 162472 ns
[2023-10-31T02:08:18.253+0000][7][safepoint   ] Safepoint "Cleanup", Time since last: 1000649583 ns, Reaching safepoint: 120135 ns, At safepoint: 3806 ns, Total: 123941 ns
[2023-10-31T02:08:19.255+0000][7][safepoint   ] Safepoint "Cleanup", Time since last: 1000517919 ns, Reaching safepoint: 827197 ns, At safepoint: 3702 ns, Total: 830899 ns
[2023-10-31T02:08:20.275+0000][7][safepoint   ] Safepoint "ICBufferFull", Time since last: 1020233835 ns, Reaching safepoint: 217140 ns, At safepoint: 5824 ns, Total: 222964 ns
[2023-10-31T02:08:21.121+0000][7][safepoint   ] Safepoint "ICBufferFull", Time since last: 845736560 ns, Reaching safepoint: 179256 ns, At safepoint: 8509 ns, Total: 187765 ns
[2023-10-31T02:08:22.267+0000][7][safepoint   ] Safepoint "Cleanup", Time since last: 1142313774 ns, Reaching safepoint: 3154023 ns, At safepoint: 10768 ns, Total: 3164791 ns
[2023-10-31T02:08:23.415+0000][7][safepoint   ] Safepoint "Cleanup", Time since last: 1148216569 ns, Reaching safepoint: 193601 ns, At safepoint: 4823 ns, Total: 198424 ns
[2023-10-31T02:08:23.493+0000][7][gc,start    ] GC(15) Pause Young (Normal) (G1 Evacuation Pause)
[2023-10-31T02:08:23.498+0000][7][gc,task     ] GC(15) Using 8 workers of 8 for evacuation
[2023-10-31T02:08:23.499+0000][7][gc,age      ] GC(15) Desired survivor size 20971520 bytes, new threshold 15 (max threshold 15)
[2023-10-31T02:08:23.574+0000][7][gc,age      ] GC(15) Age table with threshold 15 (max threshold 15)
[2023-10-31T02:08:23.575+0000][7][gc,age      ] GC(15) - age   1:   14069584 bytes,   14069584 total
[2023-10-31T02:08:23.575+0000][7][gc,age      ] GC(15) - age   2:    5106104 bytes,   19175688 total
[2023-10-31T02:08:23.575+0000][7][gc,age      ] GC(15) - age   3:    5685528 bytes,   24861216 total
[2023-10-31T02:08:23.575+0000][7][gc,phases   ] GC(15)   Pre Evacuate Collection Set: 0.1ms
[2023-10-31T02:08:23.575+0000][7][gc,phases   ] GC(15)   Merge Heap Roots: 0.2ms
[2023-10-31T02:08:23.576+0000][7][gc,phases   ] GC(15)   Evacuate Collection Set: 64.5ms
[2023-10-31T02:08:23.576+0000][7][gc,phases   ] GC(15)   Post Evacuate Collection Set: 10.8ms
[2023-10-31T02:08:23.576+0000][7][gc,phases   ] GC(15)   Other: 6.4ms
[2023-10-31T02:08:23.576+0000][7][gc,heap     ] GC(15) Eden regions: 73->0(69)
[2023-10-31T02:08:23.576+0000][7][gc,heap     ] GC(15) Survivor regions: 3->7(10)
[2023-10-31T02:08:23.576+0000][7][gc,heap     ] GC(15) Old regions: 11->11
[2023-10-31T02:08:23.577+0000][7][gc,heap     ] GC(15) Archive regions: 2->2
[2023-10-31T02:08:23.577+0000][7][gc,heap     ] GC(15) Humongous regions: 0->0
[2023-10-31T02:08:23.577+0000][7][gc,metaspace] GC(15) Metaspace: 95147K(96640K)->95147K(96640K) NonClass: 81756K(82624K)->81756K(82624K) Class: 13391K(14016K)->13391K(14016K)
[2023-10-31T02:08:23.577+0000][7][gc          ] GC(15) Pause Young (Normal) (G1 Evacuation Pause) 351M->72M(512M) 83.757ms
[2023-10-31T02:08:23.577+0000][7][gc,cpu      ] GC(15) User=0.19s Sys=0.00s Real=0.08s
[2023-10-31T02:08:23.577+0000][7][safepoint   ] Safepoint "G1CollectForAllocation", Time since last: 78131342 ns, Reaching safepoint: 68717 ns, At safepoint: 84172004 ns, Total: 84240721 ns
[2023-10-31T02:08:24.632+0000][7][safepoint   ] Safepoint "Cleanup", Time since last: 1002546978 ns, Reaching safepoint: 51765841 ns, At safepoint: 27068 ns, Total: 51792909 ns
[2023-10-31T02:08:25.617+0000][7][gc,start    ] GC(16) Pause Young (Concurrent Start) (Metadata GC Threshold)
[2023-10-31T02:08:25.617+0000][7][gc,task     ] GC(16) Using 8 workers of 8 for evacuation
[2023-10-31T02:08:25.617+0000][7][gc,age      ] GC(16) Desired survivor size 20971520 bytes, new threshold 3 (max threshold 15)
[2023-10-31T02:08:25.735+0000][7][gc,age      ] GC(16) Age table with threshold 3 (max threshold 15)
[2023-10-31T02:08:25.735+0000][7][gc,age      ] GC(16) - age   1:    7983504 bytes,    7983504 total
[2023-10-31T02:08:25.735+0000][7][gc,age      ] GC(16) - age   2:   13638128 bytes,   21621632 total
[2023-10-31T02:08:25.736+0000][7][gc,age      ] GC(16) - age   3:    5101552 bytes,   26723184 total
[2023-10-31T02:08:25.736+0000][7][gc,phases   ] GC(16)   Pre Evacuate Collection Set: 0.2ms
[2023-10-31T02:08:25.736+0000][7][gc,phases   ] GC(16)   Merge Heap Roots: 0.1ms
[2023-10-31T02:08:25.736+0000][7][gc,phases   ] GC(16)   Evacuate Collection Set: 114.2ms
[2023-10-31T02:08:25.736+0000][7][gc,phases   ] GC(16)   Post Evacuate Collection Set: 3.0ms
[2023-10-31T02:08:25.736+0000][7][gc,phases   ] GC(16)   Other: 1.6ms
[2023-10-31T02:08:25.737+0000][7][gc,heap     ] GC(16) Eden regions: 25->0(69)
[2023-10-31T02:08:25.737+0000][7][gc,heap     ] GC(16) Survivor regions: 7->7(10)
[2023-10-31T02:08:25.737+0000][7][gc,heap     ] GC(16) Old regions: 11->13
[2023-10-31T02:08:25.737+0000][7][gc,heap     ] GC(16) Archive regions: 2->2
[2023-10-31T02:08:25.737+0000][7][gc,heap     ] GC(16) Humongous regions: 5->5
[2023-10-31T02:08:25.737+0000][7][gc,metaspace] GC(16) Metaspace: 99720K(101248K)->99720K(101248K) NonClass: 85687K(86592K)->85687K(86592K) Class: 14032K(14656K)->14032K(14656K)
[2023-10-31T02:08:25.738+0000][7][gc          ] GC(16) Pause Young (Concurrent Start) (Metadata GC Threshold) 190M->100M(512M) 121.003ms
[2023-10-31T02:08:25.738+0000][7][gc,cpu      ] GC(16) User=0.21s Sys=0.00s Real=0.12s
[2023-10-31T02:08:25.738+0000][7][safepoint   ] Safepoint "CollectForMetadataAllocation", Time since last: 982502621 ns, Reaching safepoint: 2379412 ns, At safepoint: 121545442 ns, Total: 123924854 ns
[2023-10-31T02:08:25.740+0000][7][gc          ] GC(17) Concurrent Mark Cycle
[2023-10-31T02:08:25.744+0000][7][gc,marking  ] GC(17) Concurrent Clear Claimed Marks
[2023-10-31T02:08:25.744+0000][7][gc,marking  ] GC(17) Concurrent Clear Claimed Marks 0.087ms
[2023-10-31T02:08:25.744+0000][7][gc,marking  ] GC(17) Concurrent Scan Root Regions
[2023-10-31T02:08:25.780+0000][7][gc,marking  ] GC(17) Concurrent Scan Root Regions 36.399ms
[2023-10-31T02:08:25.785+0000][7][gc,marking  ] GC(17) Concurrent Mark
[2023-10-31T02:08:25.786+0000][7][gc,marking  ] GC(17) Concurrent Mark From Roots
[2023-10-31T02:08:25.786+0000][7][gc,task     ] GC(17) Using 2 workers of 2 for marking
[2023-10-31T02:08:25.848+0000][7][safepoint   ] Safepoint "CollectForMetadataAllocation", Time since last: 99521068 ns, Reaching safepoint: 10176533 ns, At safepoint: 188353 ns, Total: 10364886 ns
[2023-10-31T02:08:25.852+0000][7][safepoint   ] Safepoint "CollectForMetadataAllocation", Time since last: 1592749 ns, Reaching safepoint: 2681785 ns, At safepoint: 19832 ns, Total: 2701617 ns
[2023-10-31T02:08:25.931+0000][7][safepoint   ] Safepoint "CollectForMetadataAllocation", Time since last: 73095838 ns, Reaching safepoint: 5373593 ns, At safepoint: 158991 ns, Total: 5532584 ns
[2023-10-31T02:08:26.021+0000][7][gc,marking  ] GC(17) Concurrent Mark From Roots 235.786ms
[2023-10-31T02:08:26.021+0000][7][gc,marking  ] GC(17) Concurrent Preclean
[2023-10-31T02:08:26.022+0000][7][gc,marking  ] GC(17) Concurrent Preclean 0.239ms
[2023-10-31T02:08:26.022+0000][7][gc,start    ] GC(17) Pause Remark
[2023-10-31T02:08:26.033+0000][7][gc          ] GC(17) Pause Remark 118M->118M(512M) 10.923ms
[2023-10-31T02:08:26.033+0000][7][gc,cpu      ] GC(17) User=0.02s Sys=0.00s Real=0.01s
[2023-10-31T02:08:26.033+0000][7][safepoint   ] Safepoint "G1Concurrent", Time since last: 90682822 ns, Reaching safepoint: 149058 ns, At safepoint: 11494778 ns, Total: 11643836 ns
[2023-10-31T02:08:26.037+0000][7][gc,marking  ] GC(17) Concurrent Mark 251.131ms
[2023-10-31T02:08:26.037+0000][7][gc,marking  ] GC(17) Concurrent Rebuild Remembered Sets
[2023-10-31T02:08:26.153+0000][7][gc,marking  ] GC(17) Concurrent Rebuild Remembered Sets 116.836ms
[2023-10-31T02:08:26.154+0000][7][gc,start    ] GC(17) Pause Cleanup
[2023-10-31T02:08:26.154+0000][7][gc          ] GC(17) Pause Cleanup 123M->123M(512M) 0.114ms
[2023-10-31T02:08:26.154+0000][7][gc,cpu      ] GC(17) User=0.00s Sys=0.00s Real=0.00s
[2023-10-31T02:08:26.154+0000][7][safepoint   ] Safepoint "G1Concurrent", Time since last: 120527471 ns, Reaching safepoint: 150305 ns, At safepoint: 171376 ns, Total: 321681 ns
[2023-10-31T02:08:26.154+0000][7][gc,marking  ] GC(17) Concurrent Cleanup for Next Mark
[2023-10-31T02:08:26.155+0000][7][gc,marking  ] GC(17) Concurrent Cleanup for Next Mark 1.336ms
[2023-10-31T02:08:26.156+0000][7][gc          ] GC(17) Concurrent Mark Cycle 415.893ms
[2023-10-31T02:08:27.592+0000][7][safepoint   ] Safepoint "ICBufferFull", Time since last: 1437405667 ns, Reaching safepoint: 291144 ns, At safepoint: 18123 ns, Total: 309267 ns
[2023-10-31T02:08:28.593+0000][7][safepoint   ] Safepoint "Cleanup", Time since last: 1001449658 ns, Reaching safepoint: 154217 ns, At safepoint: 14102 ns, Total: 168319 ns
[2023-10-31T02:08:30.133+0000][7][safepoint   ] Safepoint "Cleanup", Time since last: 1539286755 ns, Reaching safepoint: 140738 ns, At safepoint: 4920 ns, Total: 145658 ns
[2023-10-31T02:08:31.133+0000][7][safepoint   ] Safepoint "Cleanup", Time since last: 1000376080 ns, Reaching safepoint: 67869 ns, At safepoint: 8948 ns, Total: 76817 ns
[2023-10-31T02:08:32.134+0000][7][safepoint   ] Safepoint "Cleanup", Time since last: 1000319814 ns, Reaching safepoint: 97718 ns, At safepoint: 6610 ns, Total: 104328 ns
[2023-10-31T02:08:32.570+0000][7][safepoint   ] Safepoint "ICBufferFull", Time since last: 432821957 ns, Reaching safepoint: 3516865 ns, At safepoint: 13300 ns, Total: 3530165 ns
[2023-10-31T02:08:32.591+0000][7][gc,start    ] GC(18) Pause Young (Concurrent Start) (G1 Evacuation Pause)
[2023-10-31T02:08:32.591+0000][7][gc,task     ] GC(18) Using 8 workers of 8 for evacuation
[2023-10-31T02:08:32.591+0000][7][gc,age      ] GC(18) Desired survivor size 20971520 bytes, new threshold 2 (max threshold 15)
[2023-10-31T02:08:32.672+0000][7][gc,age      ] GC(18) Age table with threshold 2 (max threshold 15)
[2023-10-31T02:08:32.672+0000][7][gc,age      ] GC(18) - age   1:    6817208 bytes,    6817208 total
[2023-10-31T02:08:32.672+0000][7][gc,age      ] GC(18) - age   2:    7701344 bytes,   14518552 total
[2023-10-31T02:08:32.673+0000][7][gc,phases   ] GC(18)   Pre Evacuate Collection Set: 0.2ms
[2023-10-31T02:08:32.673+0000][7][gc,phases   ] GC(18)   Merge Heap Roots: 0.3ms
[2023-10-31T02:08:32.673+0000][7][gc,phases   ] GC(18)   Evacuate Collection Set: 78.7ms
[2023-10-31T02:08:32.673+0000][7][gc,phases   ] GC(18)   Post Evacuate Collection Set: 1.6ms
[2023-10-31T02:08:32.673+0000][7][gc,phases   ] GC(18)   Other: 1.4ms
[2023-10-31T02:08:32.674+0000][7][gc,heap     ] GC(18) Eden regions: 69->0(70)
[2023-10-31T02:08:32.674+0000][7][gc,heap     ] GC(18) Survivor regions: 7->4(10)
[2023-10-31T02:08:32.674+0000][7][gc,heap     ] GC(18) Old regions: 13->17
[2023-10-31T02:08:32.674+0000][7][gc,heap     ] GC(18) Archive regions: 2->2
[2023-10-31T02:08:32.674+0000][7][gc,heap     ] GC(18) Humongous regions: 5->5
[2023-10-31T02:08:32.674+0000][7][gc,metaspace] GC(18) Metaspace: 104755K(106240K)->104755K(106240K) NonClass: 90067K(90944K)->90067K(90944K) Class: 14687K(15296K)->14687K(15296K)
[2023-10-31T02:08:32.675+0000][7][gc          ] GC(18) Pause Young (Concurrent Start) (G1 Evacuation Pause) 376M->107M(512M) 83.983ms
[2023-10-31T02:08:32.675+0000][7][gc,cpu      ] GC(18) User=0.19s Sys=0.04s Real=0.09s
[2023-10-31T02:08:32.675+0000][7][safepoint   ] Safepoint "G1CollectForAllocation", Time since last: 18210871 ns, Reaching safepoint: 2207163 ns, At safepoint: 84416373 ns, Total: 86623536 ns
[2023-10-31T02:08:32.675+0000][7][gc          ] GC(19) Concurrent Mark Cycle
[2023-10-31T02:08:32.676+0000][7][gc,marking  ] GC(19) Concurrent Clear Claimed Marks
[2023-10-31T02:08:32.676+0000][7][gc,marking  ] GC(19) Concurrent Clear Claimed Marks 0.293ms
[2023-10-31T02:08:32.676+0000][7][gc,marking  ] GC(19) Concurrent Scan Root Regions
[2023-10-31T02:08:32.699+0000][7][gc,marking  ] GC(19) Concurrent Scan Root Regions 22.546ms
[2023-10-31T02:08:32.699+0000][7][gc,marking  ] GC(19) Concurrent Mark
[2023-10-31T02:08:32.699+0000][7][gc,marking  ] GC(19) Concurrent Mark From Roots
[2023-10-31T02:08:32.699+0000][7][gc,task     ] GC(19) Using 2 workers of 2 for marking
[2023-10-31T02:08:32.783+0000][7][gc,marking  ] GC(19) Concurrent Mark From Roots 84.475ms
[2023-10-31T02:08:32.784+0000][7][gc,marking  ] GC(19) Concurrent Preclean
[2023-10-31T02:08:32.784+0000][7][gc,marking  ] GC(19) Concurrent Preclean 0.343ms
[2023-10-31T02:08:32.784+0000][7][gc,start    ] GC(19) Pause Remark
[2023-10-31T02:08:32.800+0000][7][gc          ] GC(19) Pause Remark 117M->117M(512M) 15.312ms
[2023-10-31T02:08:32.800+0000][7][gc,cpu      ] GC(19) User=0.04s Sys=0.00s Real=0.01s
[2023-10-31T02:08:32.800+0000][7][safepoint   ] Safepoint "G1Concurrent", Time since last: 109310413 ns, Reaching safepoint: 38575 ns, At safepoint: 15434552 ns, Total: 15473127 ns
[2023-10-31T02:08:32.800+0000][7][gc,marking  ] GC(19) Concurrent Mark 100.929ms
[2023-10-31T02:08:32.800+0000][7][gc,marking  ] GC(19) Concurrent Rebuild Remembered Sets
[2023-10-31T02:08:32.870+0000][7][gc,marking  ] GC(19) Concurrent Rebuild Remembered Sets 69.811ms
[2023-10-31T02:08:32.870+0000][7][gc,start    ] GC(19) Pause Cleanup
[2023-10-31T02:08:32.870+0000][7][gc          ] GC(19) Pause Cleanup 119M->119M(512M) 0.081ms
[2023-10-31T02:08:32.870+0000][7][gc,cpu      ] GC(19) User=0.00s Sys=0.00s Real=0.00s
[2023-10-31T02:08:32.870+0000][7][safepoint   ] Safepoint "G1Concurrent", Time since last: 70245534 ns, Reaching safepoint: 62288 ns, At safepoint: 138224 ns, Total: 200512 ns
[2023-10-31T02:08:32.870+0000][7][gc,marking  ] GC(19) Concurrent Cleanup for Next Mark
[2023-10-31T02:08:32.871+0000][7][gc,marking  ] GC(19) Concurrent Cleanup for Next Mark 0.937ms
[2023-10-31T02:08:32.872+0000][7][gc          ] GC(19) Concurrent Mark Cycle 196.471ms
[2023-10-31T02:08:33.179+0000][7][safepoint   ] Safepoint "ICBufferFull", Time since last: 308965335 ns, Reaching safepoint: 232151 ns, At safepoint: 11841 ns, Total: 243992 ns
[2023-10-31T02:08:34.070+0000][7][safepoint   ] Safepoint "ICBufferFull", Time since last: 890774519 ns, Reaching safepoint: 225497 ns, At safepoint: 5062 ns, Total: 230559 ns
[2023-10-31T02:08:34.688+0000][7][safepoint   ] Safepoint "ICBufferFull", Time since last: 617762718 ns, Reaching safepoint: 147653 ns, At safepoint: 7061 ns, Total: 154714 ns
[2023-10-31T02:08:36.520+0000][7][safepoint   ] Safepoint "Cleanup", Time since last: 1831168378 ns, Reaching safepoint: 112122 ns, At safepoint: 8882 ns, Total: 121004 ns
[2023-10-31T02:08:37.520+0000][7][safepoint   ] Safepoint "Cleanup", Time since last: 1000135335 ns, Reaching safepoint: 93627 ns, At safepoint: 5274 ns, Total: 98901 ns
[2023-10-31T02:08:38.459+0000][7][safepoint   ] Safepoint "ICBufferFull", Time since last: 939113855 ns, Reaching safepoint: 263251 ns, At safepoint: 10564 ns, Total: 273815 ns
[2023-10-31T02:08:38.460+0000][7][safepoint   ] Safepoint "ICBufferFull", Time since last: 461947 ns, Reaching safepoint: 193784 ns, At safepoint: 23806 ns, Total: 217590 ns
[2023-10-31T02:08:39.045+0000][7][safepoint   ] Safepoint "ICBufferFull", Time since last: 584819404 ns, Reaching safepoint: 283689 ns, At safepoint: 11802 ns, Total: 295491 ns
[2023-10-31T02:08:39.628+0000][7][safepoint   ] Safepoint "ICBufferFull", Time since last: 583081409 ns, Reaching safepoint: 168179 ns, At safepoint: 11277 ns, Total: 179456 ns
[2023-10-31T02:08:40.209+0000][7][safepoint   ] Safepoint "ICBufferFull", Time since last: 574416262 ns, Reaching safepoint: 6190267 ns, At safepoint: 26558 ns, Total: 6216825 ns
[2023-10-31T02:08:40.835+0000][7][safepoint   ] Safepoint "ICBufferFull", Time since last: 625502303 ns, Reaching safepoint: 204089 ns, At safepoint: 8685 ns, Total: 212774 ns
[2023-10-31T02:08:41.299+0000][7][safepoint   ] Safepoint "ICBufferFull", Time since last: 464527668 ns, Reaching safepoint: 239951 ns, At safepoint: 14186 ns, Total: 254137 ns
[2023-10-31T02:08:41.622+0000][7][gc,start    ] GC(20) Pause Young (Normal) (G1 Evacuation Pause)
[2023-10-31T02:08:41.622+0000][7][gc,task     ] GC(20) Using 8 workers of 8 for evacuation
[2023-10-31T02:08:41.622+0000][7][gc,age      ] GC(20) Desired survivor size 20971520 bytes, new threshold 15 (max threshold 15)
[2023-10-31T02:08:41.657+0000][7][gc,age      ] GC(20) Age table with threshold 15 (max threshold 15)
[2023-10-31T02:08:41.657+0000][7][gc,age      ] GC(20) - age   1:    8790536 bytes,    8790536 total
[2023-10-31T02:08:41.657+0000][7][gc,age      ] GC(20) - age   2:    5287464 bytes,   14078000 total
[2023-10-31T02:08:41.657+0000][7][gc,age      ] GC(20) - age   3:    6308184 bytes,   20386184 total
[2023-10-31T02:08:41.657+0000][7][gc,phases   ] GC(20)   Pre Evacuate Collection Set: 0.1ms
[2023-10-31T02:08:41.657+0000][7][gc,phases   ] GC(20)   Merge Heap Roots: 0.1ms
[2023-10-31T02:08:41.657+0000][7][gc,phases   ] GC(20)   Evacuate Collection Set: 31.1ms
[2023-10-31T02:08:41.657+0000][7][gc,phases   ] GC(20)   Post Evacuate Collection Set: 2.7ms
[2023-10-31T02:08:41.657+0000][7][gc,phases   ] GC(20)   Other: 0.8ms
[2023-10-31T02:08:41.657+0000][7][gc,heap     ] GC(20) Eden regions: 70->0(68)
[2023-10-31T02:08:41.657+0000][7][gc,heap     ] GC(20) Survivor regions: 4->6(10)
[2023-10-31T02:08:41.657+0000][7][gc,heap     ] GC(20) Old regions: 17->17
[2023-10-31T02:08:41.657+0000][7][gc,heap     ] GC(20) Archive regions: 2->2
[2023-10-31T02:08:41.657+0000][7][gc,heap     ] GC(20) Humongous regions: 5->5
[2023-10-31T02:08:41.657+0000][7][gc,metaspace] GC(20) Metaspace: 110530K(112128K)->110530K(112128K) NonClass: 95180K(96128K)->95180K(96128K) Class: 15350K(16000K)->15350K(16000K)
[2023-10-31T02:08:41.657+0000][7][gc          ] GC(20) Pause Young (Normal) (G1 Evacuation Pause) 386M->111M(512M) 34.914ms
[2023-10-31T02:08:41.657+0000][7][gc,cpu      ] GC(20) User=0.09s Sys=0.01s Real=0.04s
[2023-10-31T02:08:41.657+0000][7][safepoint   ] Safepoint "G1CollectForAllocation", Time since last: 322414703 ns, Reaching safepoint: 150656 ns, At safepoint: 35025929 ns, Total: 35176585 ns
[2023-10-31T02:08:42.470+0000][7][safepoint   ] Safepoint "ICBufferFull", Time since last: 812248145 ns, Reaching safepoint: 249247 ns, At safepoint: 9152 ns, Total: 258399 ns
[2023-10-31T02:08:43.222+0000][7][safepoint   ] Safepoint "ICBufferFull", Time since last: 752042858 ns, Reaching safepoint: 201835 ns, At safepoint: 13643 ns, Total: 215478 ns
[2023-10-31T02:08:44.148+0000][7][safepoint   ] Safepoint "ICBufferFull", Time since last: 926473163 ns, Reaching safepoint: 171223 ns, At safepoint: 10773 ns, Total: 181996 ns
[2023-10-31T02:08:44.149+0000][7][safepoint   ] Safepoint "ICBufferFull", Time since last: 72891 ns, Reaching safepoint: 424631 ns, At safepoint: 16779 ns, Total: 441410 ns
[2023-10-31T02:08:45.149+0000][7][safepoint   ] Safepoint "Cleanup", Time since last: 1000103541 ns, Reaching safepoint: 156709 ns, At safepoint: 13065 ns, Total: 169774 ns
[2023-10-31T02:08:45.678+0000][7][safepoint   ] Safepoint "ICBufferFull", Time since last: 528464781 ns, Reaching safepoint: 194892 ns, At safepoint: 13928 ns, Total: 208820 ns
[2023-10-31T02:08:46.446+0000][7][safepoint   ] Safepoint "ICBufferFull", Time since last: 768478086 ns, Reaching safepoint: 128458 ns, At safepoint: 5300 ns, Total: 133758 ns
[2023-10-31T02:08:47.097+0000][7][safepoint   ] Safepoint "ICBufferFull", Time since last: 650283534 ns, Reaching safepoint: 159394 ns, At safepoint: 25264 ns, Total: 184658 ns
[2023-10-31T02:08:47.263+0000][7][safepoint   ] Safepoint "ICBufferFull", Time since last: 166063663 ns, Reaching safepoint: 171661 ns, At safepoint: 6428 ns, Total: 178089 ns
[2023-10-31T02:08:47.408+0000][7][gc,start    ] GC(21) Pause Young (Normal) (G1 Evacuation Pause)
[2023-10-31T02:08:47.408+0000][7][gc,task     ] GC(21) Using 8 workers of 8 for evacuation
[2023-10-31T02:08:47.408+0000][7][gc,age      ] GC(21) Desired survivor size 20971520 bytes, new threshold 15 (max threshold 15)
[2023-10-31T02:08:47.435+0000][7][gc,age      ] GC(21) Age table with threshold 15 (max threshold 15)
[2023-10-31T02:08:47.435+0000][7][gc,age      ] GC(21) - age   1:    4517824 bytes,    4517824 total
[2023-10-31T02:08:47.435+0000][7][gc,age      ] GC(21) - age   2:    6505184 bytes,   11023008 total
[2023-10-31T02:08:47.435+0000][7][gc,age      ] GC(21) - age   3:    5235712 bytes,   16258720 total
[2023-10-31T02:08:47.435+0000][7][gc,age      ] GC(21) - age   4:    6203848 bytes,   22462568 total
[2023-10-31T02:08:47.435+0000][7][gc,phases   ] GC(21)   Pre Evacuate Collection Set: 0.1ms
[2023-10-31T02:08:47.435+0000][7][gc,phases   ] GC(21)   Merge Heap Roots: 0.2ms
[2023-10-31T02:08:47.435+0000][7][gc,phases   ] GC(21)   Evacuate Collection Set: 24.9ms
[2023-10-31T02:08:47.435+0000][7][gc,phases   ] GC(21)   Post Evacuate Collection Set: 1.8ms
[2023-10-31T02:08:47.435+0000][7][gc,phases   ] GC(21)   Other: 0.2ms
[2023-10-31T02:08:47.435+0000][7][gc,heap     ] GC(21) Eden regions: 68->0(69)
[2023-10-31T02:08:47.435+0000][7][gc,heap     ] GC(21) Survivor regions: 6->6(10)
[2023-10-31T02:08:47.435+0000][7][gc,heap     ] GC(21) Old regions: 17->17
[2023-10-31T02:08:47.435+0000][7][gc,heap     ] GC(21) Archive regions: 2->2
[2023-10-31T02:08:47.435+0000][7][gc,heap     ] GC(21) Humongous regions: 5->5
[2023-10-31T02:08:47.435+0000][7][gc,metaspace] GC(21) Metaspace: 112263K(113920K)->112263K(113920K) NonClass: 96848K(97856K)->96848K(97856K) Class: 15415K(16064K)->15415K(16064K)
[2023-10-31T02:08:47.435+0000][7][gc          ] GC(21) Pause Young (Normal) (G1 Evacuation Pause) 383M->114M(512M) 27.371ms
[2023-10-31T02:08:47.435+0000][7][gc,cpu      ] GC(21) User=0.08s Sys=0.01s Real=0.03s
[2023-10-31T02:08:47.435+0000][7][safepoint   ] Safepoint "G1CollectForAllocation", Time since last: 144540553 ns, Reaching safepoint: 166003 ns, At safepoint: 27468453 ns, Total: 27634456 ns
[2023-10-31T02:08:48.120+0000][7][safepoint   ] Safepoint "ICBufferFull", Time since last: 684142541 ns, Reaching safepoint: 166449 ns, At safepoint: 10427 ns, Total: 176876 ns
[2023-10-31T02:08:48.604+0000][7][safepoint   ] Safepoint "ICBufferFull", Time since last: 484106578 ns, Reaching safepoint: 190178 ns, At safepoint: 4469 ns, Total: 194647 ns
[2023-10-31T02:08:49.604+0000][7][safepoint   ] Safepoint "Cleanup", Time since last: 1000117276 ns, Reaching safepoint: 99105 ns, At safepoint: 6021 ns, Total: 105126 ns
[2023-10-31T02:08:50.604+0000][7][safepoint   ] Safepoint "Cleanup", Time since last: 1000115325 ns, Reaching safepoint: 121518 ns, At safepoint: 7323 ns, Total: 128841 ns
[2023-10-31T02:08:51.605+0000][7][safepoint   ] Safepoint "Cleanup", Time since last: 1000098653 ns, Reaching safepoint: 91850 ns, At safepoint: 5570 ns, Total: 97420 ns
[2023-10-31T02:08:52.231+0000][7][safepoint   ] Safepoint "ICBufferFull", Time since last: 626340429 ns, Reaching safepoint: 169764 ns, At safepoint: 4915 ns, Total: 174679 ns
[2023-10-31T02:08:53.232+0000][7][safepoint   ] Safepoint "Cleanup", Time since last: 1000243099 ns, Reaching safepoint: 125963 ns, At safepoint: 6345 ns, Total: 132308 ns
[2023-10-31T02:08:53.708+0000][7][gc,start    ] GC(22) Pause Young (Normal) (G1 Evacuation Pause)
[2023-10-31T02:08:53.708+0000][7][gc,task     ] GC(22) Using 8 workers of 8 for evacuation
[2023-10-31T02:08:53.708+0000][7][gc,age      ] GC(22) Desired survivor size 20971520 bytes, new threshold 4 (max threshold 15)
[2023-10-31T02:08:53.738+0000][7][gc,age      ] GC(22) Age table with threshold 4 (max threshold 15)
[2023-10-31T02:08:53.738+0000][7][gc,age      ] GC(22) - age   1:    1691096 bytes,    1691096 total
[2023-10-31T02:08:53.738+0000][7][gc,age      ] GC(22) - age   2:    2083864 bytes,    3774960 total
[2023-10-31T02:08:53.738+0000][7][gc,age      ] GC(22) - age   3:    5923000 bytes,    9697960 total
[2023-10-31T02:08:53.738+0000][7][gc,age      ] GC(22) - age   4:    5120216 bytes,   14818176 total
[2023-10-31T02:08:53.738+0000][7][gc,phases   ] GC(22)   Pre Evacuate Collection Set: 0.1ms
[2023-10-31T02:08:53.738+0000][7][gc,phases   ] GC(22)   Merge Heap Roots: 0.1ms
[2023-10-31T02:08:53.738+0000][7][gc,phases   ] GC(22)   Evacuate Collection Set: 28.5ms
[2023-10-31T02:08:53.738+0000][7][gc,phases   ] GC(22)   Post Evacuate Collection Set: 1.1ms
[2023-10-31T02:08:53.738+0000][7][gc,phases   ] GC(22)   Other: 0.2ms
[2023-10-31T02:08:53.738+0000][7][gc,heap     ] GC(22) Eden regions: 69->0(71)
[2023-10-31T02:08:53.738+0000][7][gc,heap     ] GC(22) Survivor regions: 6->4(10)
[2023-10-31T02:08:53.738+0000][7][gc,heap     ] GC(22) Old regions: 17->19
[2023-10-31T02:08:53.738+0000][7][gc,heap     ] GC(22) Archive regions: 2->2
[2023-10-31T02:08:53.738+0000][7][gc,heap     ] GC(22) Humongous regions: 5->5
[2023-10-31T02:08:53.738+0000][7][gc,metaspace] GC(22) Metaspace: 112781K(114368K)->112781K(114368K) NonClass: 97352K(98304K)->97352K(98304K) Class: 15429K(16064K)->15429K(16064K)
[2023-10-31T02:08:53.738+0000][7][gc          ] GC(22) Pause Young (Normal) (G1 Evacuation Pause) 390M->113M(512M) 30.084ms
[2023-10-31T02:08:53.738+0000][7][gc,cpu      ] GC(22) User=0.08s Sys=0.00s Real=0.03s
[2023-10-31T02:08:53.738+0000][7][safepoint   ] Safepoint "G1CollectForAllocation", Time since last: 476274579 ns, Reaching safepoint: 84718 ns, At safepoint: 30170670 ns, Total: 30255388 ns
[2023-10-31T02:08:54.738+0000][7][safepoint   ] Safepoint "Cleanup", Time since last: 1000158148 ns, Reaching safepoint: 130593 ns, At safepoint: 8242 ns, Total: 138835 ns
[2023-10-31T02:08:55.739+0000][7][safepoint   ] Safepoint "Cleanup", Time since last: 1000146317 ns, Reaching safepoint: 127147 ns, At safepoint: 8796 ns, Total: 135943 ns
[2023-10-31T02:08:56.214+0000][7][safepoint   ] Safepoint "ICBufferFull", Time since last: 475162761 ns, Reaching safepoint: 132921 ns, At safepoint: 4578 ns, Total: 137499 ns
[2023-10-31T02:08:56.214+0000][7][safepoint   ] Safepoint "ICBufferFull", Time since last: 53892 ns, Reaching safepoint: 88672 ns, At safepoint: 2721 ns, Total: 91393 ns
[2023-10-31T02:08:57.214+0000][7][safepoint   ] Safepoint "Cleanup", Time since last: 1000115265 ns, Reaching safepoint: 97025 ns, At safepoint: 6766 ns, Total: 103791 ns
[2023-10-31T02:08:58.215+0000][7][safepoint   ] Safepoint "Cleanup", Time since last: 1000119931 ns, Reaching safepoint: 128156 ns, At safepoint: 8078 ns, Total: 136234 ns
[2023-10-31T02:08:59.215+0000][7][safepoint   ] Safepoint "Cleanup", Time since last: 1000313902 ns, Reaching safepoint: 190391 ns, At safepoint: 4754 ns, Total: 195145 ns
[2023-10-31T02:09:00.216+0000][7][safepoint   ] Safepoint "Cleanup", Time since last: 1000451465 ns, Reaching safepoint: 213592 ns, At safepoint: 29653 ns, Total: 243245 ns
[2023-10-31T02:09:01.216+0000][7][safepoint   ] Safepoint "Cleanup", Time since last: 1000237083 ns, Reaching safepoint: 72392 ns, At safepoint: 4146 ns, Total: 76538 ns
[2023-10-31T02:09:02.216+0000][7][safepoint   ] Safepoint "Cleanup", Time since last: 1000093124 ns, Reaching safepoint: 77838 ns, At safepoint: 10466 ns, Total: 88304 ns
[2023-10-31T02:09:03.231+0000][7][safepoint   ] Safepoint "Cleanup", Time since last: 1014581621 ns, Reaching safepoint: 152306 ns, At safepoint: 9002 ns, Total: 161308 ns
[2023-10-31T02:09:04.231+0000][7][safepoint   ] Safepoint "Cleanup", Time since last: 1000117951 ns, Reaching safepoint: 64592 ns, At safepoint: 8887 ns, Total: 73479 ns
[2023-10-31T02:09:05.233+0000][7][safepoint   ] Safepoint "Cleanup", Time since last: 1001630347 ns, Reaching safepoint: 172917 ns, At safepoint: 11483 ns, Total: 184400 ns
[2023-10-31T02:09:06.234+0000][7][safepoint   ] Safepoint "Cleanup", Time since last: 1000308066 ns, Reaching safepoint: 184351 ns, At safepoint: 14225 ns, Total: 198576 ns
[2023-10-31T02:09:07.234+0000][7][safepoint   ] Safepoint "Cleanup", Time since last: 1000176384 ns, Reaching safepoint: 72690 ns, At safepoint: 7965 ns, Total: 80655 ns
[2023-10-31T02:09:08.234+0000][7][safepoint   ] Safepoint "Cleanup", Time since last: 1000100516 ns, Reaching safepoint: 105786 ns, At safepoint: 12401 ns, Total: 118187 ns
[2023-10-31T02:09:09.234+0000][7][safepoint   ] Safepoint "Cleanup", Time since last: 1000180394 ns, Reaching safepoint: 118393 ns, At safepoint: 11531 ns, Total: 129924 ns
[2023-10-31T02:09:10.235+0000][7][safepoint   ] Safepoint "Cleanup", Time since last: 1000111834 ns, Reaching safepoint: 94502 ns, At safepoint: 12001 ns, Total: 106503 ns
[2023-10-31T02:09:11.116+0000][7][gc,start    ] GC(23) Pause Young (Normal) (G1 Evacuation Pause)
[2023-10-31T02:09:11.116+0000][7][gc,task     ] GC(23) Using 8 workers of 8 for evacuation
[2023-10-31T02:09:11.116+0000][7][gc,age      ] GC(23) Desired survivor size 20971520 bytes, new threshold 15 (max threshold 15)
[2023-10-31T02:09:11.159+0000][7][gc,age      ] GC(23) Age table with threshold 15 (max threshold 15)
[2023-10-31T02:09:11.159+0000][7][gc,age      ] GC(23) - age   1:    2193000 bytes,    2193000 total
[2023-10-31T02:09:11.159+0000][7][gc,age      ] GC(23) - age   2:    1134024 bytes,    3327024 total
[2023-10-31T02:09:11.159+0000][7][gc,age      ] GC(23) - age   3:    2080432 bytes,    5407456 total
[2023-10-31T02:09:11.159+0000][7][gc,age      ] GC(23) - age   4:    5919984 bytes,   11327440 total
[2023-10-31T02:09:11.159+0000][7][gc,age      ] GC(23) - age   5:    5116208 bytes,   16443648 total
[2023-10-31T02:09:11.160+0000][7][gc,phases   ] GC(23)   Pre Evacuate Collection Set: 0.4ms
[2023-10-31T02:09:11.160+0000][7][gc,phases   ] GC(23)   Merge Heap Roots: 0.1ms
[2023-10-31T02:09:11.160+0000][7][gc,phases   ] GC(23)   Evacuate Collection Set: 35.4ms
[2023-10-31T02:09:11.160+0000][7][gc,phases   ] GC(23)   Post Evacuate Collection Set: 7.5ms
[2023-10-31T02:09:11.160+0000][7][gc,phases   ] GC(23)   Other: 0.7ms
[2023-10-31T02:09:11.160+0000][7][gc,heap     ] GC(23) Eden regions: 71->0(71)
[2023-10-31T02:09:11.160+0000][7][gc,heap     ] GC(23) Survivor regions: 4->5(10)
[2023-10-31T02:09:11.160+0000][7][gc,heap     ] GC(23) Old regions: 19->19
[2023-10-31T02:09:11.160+0000][7][gc,heap     ] GC(23) Archive regions: 2->2
[2023-10-31T02:09:11.160+0000][7][gc,heap     ] GC(23) Humongous regions: 5->5
[2023-10-31T02:09:11.160+0000][7][gc,metaspace] GC(23) Metaspace: 113054K(114688K)->113054K(114688K) NonClass: 97601K(98560K)->97601K(98560K) Class: 15452K(16128K)->15452K(16128K)
[2023-10-31T02:09:11.160+0000][7][gc          ] GC(23) Pause Young (Normal) (G1 Evacuation Pause) 397M->114M(512M) 44.251ms
[2023-10-31T02:09:11.160+0000][7][gc,cpu      ] GC(23) User=0.06s Sys=0.00s Real=0.04s
[2023-10-31T02:09:11.160+0000][7][safepoint   ] Safepoint "G1CollectForAllocation", Time since last: 880843745 ns, Reaching safepoint: 103033 ns, At safepoint: 44385650 ns, Total: 44488683 ns
[2023-10-31T02:09:11.561+0000][7][safepoint   ] Safepoint "ICBufferFull", Time since last: 400655960 ns, Reaching safepoint: 214524 ns, At safepoint: 12488 ns, Total: 227012 ns
[2023-10-31T02:09:13.046+0000][7][safepoint   ] Safepoint "ICBufferFull", Time since last: 1484860847 ns, Reaching safepoint: 146579 ns, At safepoint: 4598 ns, Total: 151177 ns
[2023-10-31T02:09:14.053+0000][7][safepoint   ] Safepoint "Cleanup", Time since last: 1006708309 ns, Reaching safepoint: 118464 ns, At safepoint: 13879 ns, Total: 132343 ns
[2023-10-31T02:09:15.053+0000][7][safepoint   ] Safepoint "Cleanup", Time since last: 1000153655 ns, Reaching safepoint: 236016 ns, At safepoint: 11148 ns, Total: 247164 ns
[2023-10-31T02:09:15.568+0000][7][gc,start    ] GC(24) Pause Young (Normal) (G1 Evacuation Pause)
[2023-10-31T02:09:15.568+0000][7][gc,task     ] GC(24) Using 8 workers of 8 for evacuation
[2023-10-31T02:09:15.568+0000][7][gc,age      ] GC(24) Desired survivor size 20971520 bytes, new threshold 15 (max threshold 15)
[2023-10-31T02:09:15.586+0000][7][gc,age      ] GC(24) Age table with threshold 15 (max threshold 15)
[2023-10-31T02:09:15.586+0000][7][gc,age      ] GC(24) - age   1:    4218264 bytes,    4218264 total
[2023-10-31T02:09:15.586+0000][7][gc,age      ] GC(24) - age   2:     571216 bytes,    4789480 total
[2023-10-31T02:09:15.586+0000][7][gc,age      ] GC(24) - age   3:     801192 bytes,    5590672 total
[2023-10-31T02:09:15.586+0000][7][gc,age      ] GC(24) - age   4:    1872392 bytes,    7463064 total
[2023-10-31T02:09:15.586+0000][7][gc,age      ] GC(24) - age   5:    5775592 bytes,   13238656 total
[2023-10-31T02:09:15.586+0000][7][gc,age      ] GC(24) - age   6:    5116080 bytes,   18354736 total
[2023-10-31T02:09:15.586+0000][7][gc,phases   ] GC(24)   Pre Evacuate Collection Set: 0.1ms
[2023-10-31T02:09:15.586+0000][7][gc,phases   ] GC(24)   Merge Heap Roots: 0.2ms
[2023-10-31T02:09:15.586+0000][7][gc,phases   ] GC(24)   Evacuate Collection Set: 16.0ms
[2023-10-31T02:09:15.586+0000][7][gc,phases   ] GC(24)   Post Evacuate Collection Set: 1.4ms
[2023-10-31T02:09:15.586+0000][7][gc,phases   ] GC(24)   Other: 0.3ms
[2023-10-31T02:09:15.586+0000][7][gc,heap     ] GC(24) Eden regions: 71->0(71)
[2023-10-31T02:09:15.586+0000][7][gc,heap     ] GC(24) Survivor regions: 5->5(10)
[2023-10-31T02:09:15.586+0000][7][gc,heap     ] GC(24) Old regions: 19->19
[2023-10-31T02:09:15.586+0000][7][gc,heap     ] GC(24) Archive regions: 2->2
[2023-10-31T02:09:15.586+0000][7][gc,heap     ] GC(24) Humongous regions: 5->5
[2023-10-31T02:09:15.586+0000][7][gc,metaspace] GC(24) Metaspace: 114412K(116224K)->114412K(116224K) NonClass: 98759K(99776K)->98759K(99776K) Class: 15652K(16448K)->15652K(16448K)
[2023-10-31T02:09:15.586+0000][7][gc          ] GC(24) Pause Young (Normal) (G1 Evacuation Pause) 398M->116M(512M) 18.074ms
[2023-10-31T02:09:15.586+0000][7][gc,cpu      ] GC(24) User=0.06s Sys=0.00s Real=0.02s
[2023-10-31T02:09:15.586+0000][7][safepoint   ] Safepoint "G1CollectForAllocation", Time since last: 513583349 ns, Reaching safepoint: 1343227 ns, At safepoint: 18174222 ns, Total: 19517449 ns
[2023-10-31T02:09:16.633+0000][7][safepoint   ] Safepoint "Cleanup", Time since last: 1046273117 ns, Reaching safepoint: 229800 ns, At safepoint: 8193 ns, Total: 237993 ns
[2023-10-31T02:09:17.197+0000][7][safepoint   ] Safepoint "ICBufferFull", Time since last: 560388816 ns, Reaching safepoint: 3798051 ns, At safepoint: 44117 ns, Total: 3842168 ns
[2023-10-31T02:09:18.197+0000][7][safepoint   ] Safepoint "Cleanup", Time since last: 1000163840 ns, Reaching safepoint: 155878 ns, At safepoint: 7137 ns, Total: 163015 ns
[2023-10-31T02:09:19.197+0000][7][safepoint   ] Safepoint "Cleanup", Time since last: 1000105114 ns, Reaching safepoint: 107298 ns, At safepoint: 9676 ns, Total: 116974 ns
[2023-10-31T02:09:20.337+0000][7][safepoint   ] Safepoint "ICBufferFull", Time since last: 1139852451 ns, Reaching safepoint: 163364 ns, At safepoint: 13755 ns, Total: 177119 ns
[2023-10-31T02:09:21.338+0000][7][safepoint   ] Safepoint "Cleanup", Time since last: 1000111531 ns, Reaching safepoint: 171968 ns, At safepoint: 11690 ns, Total: 183658 ns
[2023-10-31T02:09:22.149+0000][7][gc,start    ] GC(25) Pause Young (Normal) (G1 Evacuation Pause)
[2023-10-31T02:09:22.149+0000][7][gc,task     ] GC(25) Using 8 workers of 8 for evacuation
[2023-10-31T02:09:22.149+0000][7][gc,age      ] GC(25) Desired survivor size 20971520 bytes, new threshold 15 (max threshold 15)
[2023-10-31T02:09:22.165+0000][7][gc,age      ] GC(25) Age table with threshold 15 (max threshold 15)
[2023-10-31T02:09:22.165+0000][7][gc,age      ] GC(25) - age   1:    3272352 bytes,    3272352 total
[2023-10-31T02:09:22.165+0000][7][gc,age      ] GC(25) - age   2:    2008392 bytes,    5280744 total
[2023-10-31T02:09:22.165+0000][7][gc,age      ] GC(25) - age   3:     272336 bytes,    5553080 total
[2023-10-31T02:09:22.165+0000][7][gc,age      ] GC(25) - age   4:     307640 bytes,    5860720 total
[2023-10-31T02:09:22.165+0000][7][gc,age      ] GC(25) - age   5:    1860248 bytes,    7720968 total
[2023-10-31T02:09:22.165+0000][7][gc,age      ] GC(25) - age   6:    5757896 bytes,   13478864 total
[2023-10-31T02:09:22.165+0000][7][gc,age      ] GC(25) - age   7:    5001312 bytes,   18480176 total
[2023-10-31T02:09:22.166+0000][7][gc,phases   ] GC(25)   Pre Evacuate Collection Set: 0.1ms
[2023-10-31T02:09:22.166+0000][7][gc,phases   ] GC(25)   Merge Heap Roots: 0.1ms
[2023-10-31T02:09:22.166+0000][7][gc,phases   ] GC(25)   Evacuate Collection Set: 14.8ms
[2023-10-31T02:09:22.166+0000][7][gc,phases   ] GC(25)   Post Evacuate Collection Set: 0.9ms
[2023-10-31T02:09:22.166+0000][7][gc,phases   ] GC(25)   Other: 0.3ms
[2023-10-31T02:09:22.166+0000][7][gc,heap     ] GC(25) Eden regions: 71->0(71)
[2023-10-31T02:09:22.166+0000][7][gc,heap     ] GC(25) Survivor regions: 5->5(10)
[2023-10-31T02:09:22.166+0000][7][gc,heap     ] GC(25) Old regions: 19->19
[2023-10-31T02:09:22.166+0000][7][gc,heap     ] GC(25) Archive regions: 2->2
[2023-10-31T02:09:22.166+0000][7][gc,heap     ] GC(25) Humongous regions: 5->5
[2023-10-31T02:09:22.166+0000][7][gc,metaspace] GC(25) Metaspace: 114996K(116736K)->114996K(116736K) NonClass: 99296K(100288K)->99296K(100288K) Class: 15700K(16448K)->15700K(16448K)
[2023-10-31T02:09:22.166+0000][7][gc          ] GC(25) Pause Young (Normal) (G1 Evacuation Pause) 400M->116M(512M) 16.239ms
[2023-10-31T02:09:22.166+0000][7][gc,cpu      ] GC(25) User=0.07s Sys=0.00s Real=0.02s
[2023-10-31T02:09:22.166+0000][7][safepoint   ] Safepoint "G1CollectForAllocation", Time since last: 811498800 ns, Reaching safepoint: 137343 ns, At safepoint: 16326764 ns, Total: 16464107 ns
[2023-10-31T02:09:23.166+0000][7][safepoint   ] Safepoint "Cleanup", Time since last: 1000100852 ns, Reaching safepoint: 115448 ns, At safepoint: 7784 ns, Total: 123232 ns
[2023-10-31T02:09:24.166+0000][7][safepoint   ] Safepoint "Cleanup", Time since last: 1000161625 ns, Reaching safepoint: 157718 ns, At safepoint: 18427 ns, Total: 176145 ns
[2023-10-31T02:09:25.166+0000][7][safepoint   ] Safepoint "Cleanup", Time since last: 1000159624 ns, Reaching safepoint: 67832 ns, At safepoint: 5571 ns, Total: 73403 ns
[2023-10-31T02:09:26.167+0000][7][safepoint   ] Safepoint "Cleanup", Time since last: 1000128891 ns, Reaching safepoint: 97428 ns, At safepoint: 10018 ns, Total: 107446 ns
[2023-10-31T02:09:27.167+0000][7][safepoint   ] Safepoint "Cleanup", Time since last: 1000120001 ns, Reaching safepoint: 109711 ns, At safepoint: 8825 ns, Total: 118536 ns
[2023-10-31T02:09:27.415+0000][7][gc,start    ] GC(26) Pause Young (Normal) (G1 Evacuation Pause)
[2023-10-31T02:09:27.415+0000][7][gc,task     ] GC(26) Using 8 workers of 8 for evacuation
[2023-10-31T02:09:27.415+0000][7][gc,age      ] GC(26) Desired survivor size 20971520 bytes, new threshold 15 (max threshold 15)
[2023-10-31T02:09:27.428+0000][7][gc,age      ] GC(26) Age table with threshold 15 (max threshold 15)
[2023-10-31T02:09:27.428+0000][7][gc,age      ] GC(26) - age   1:    1778616 bytes,    1778616 total
[2023-10-31T02:09:27.428+0000][7][gc,age      ] GC(26) - age   2:    1017264 bytes,    2795880 total
[2023-10-31T02:09:27.428+0000][7][gc,age      ] GC(26) - age   3:    1781016 bytes,    4576896 total
[2023-10-31T02:09:27.428+0000][7][gc,age      ] GC(26) - age   4:     264432 bytes,    4841328 total
[2023-10-31T02:09:27.428+0000][7][gc,age      ] GC(26) - age   5:     301888 bytes,    5143216 total
[2023-10-31T02:09:27.428+0000][7][gc,age      ] GC(26) - age   6:    1630248 bytes,    6773464 total
[2023-10-31T02:09:27.428+0000][7][gc,age      ] GC(26) - age   7:    5631448 bytes,   12404912 total
[2023-10-31T02:09:27.428+0000][7][gc,age      ] GC(26) - age   8:    4886104 bytes,   17291016 total
[2023-10-31T02:09:27.428+0000][7][gc,phases   ] GC(26)   Pre Evacuate Collection Set: 0.1ms
[2023-10-31T02:09:27.428+0000][7][gc,phases   ] GC(26)   Merge Heap Roots: 0.1ms
[2023-10-31T02:09:27.428+0000][7][gc,phases   ] GC(26)   Evacuate Collection Set: 11.7ms
[2023-10-31T02:09:27.428+0000][7][gc,phases   ] GC(26)   Post Evacuate Collection Set: 0.8ms
[2023-10-31T02:09:27.428+0000][7][gc,phases   ] GC(26)   Other: 0.3ms
[2023-10-31T02:09:27.428+0000][7][gc,heap     ] GC(26) Eden regions: 71->0(71)
[2023-10-31T02:09:27.428+0000][7][gc,heap     ] GC(26) Survivor regions: 5->5(10)
[2023-10-31T02:09:27.428+0000][7][gc,heap     ] GC(26) Old regions: 19->19
[2023-10-31T02:09:27.428+0000][7][gc,heap     ] GC(26) Archive regions: 2->2
[2023-10-31T02:09:27.428+0000][7][gc,heap     ] GC(26) Humongous regions: 5->5
[2023-10-31T02:09:27.428+0000][7][gc,metaspace] GC(26) Metaspace: 115098K(116864K)->115098K(116864K) NonClass: 99398K(100416K)->99398K(100416K) Class: 15700K(16448K)->15700K(16448K)
[2023-10-31T02:09:27.428+0000][7][gc          ] GC(26) Pause Young (Normal) (G1 Evacuation Pause) 400M->115M(512M) 13.026ms
[2023-10-31T02:09:27.428+0000][7][gc,cpu      ] GC(26) User=0.06s Sys=0.00s Real=0.01s
[2023-10-31T02:09:27.428+0000][7][safepoint   ] Safepoint "G1CollectForAllocation", Time since last: 247780224 ns, Reaching safepoint: 38843 ns, At safepoint: 13109456 ns, Total: 13148299 ns
[2023-10-31T02:09:28.428+0000][7][safepoint   ] Safepoint "Cleanup", Time since last: 1000080428 ns, Reaching safepoint: 77157 ns, At safepoint: 6652 ns, Total: 83809 ns
[2023-10-31T02:09:29.428+0000][7][safepoint   ] Safepoint "Cleanup", Time since last: 1000107295 ns, Reaching safepoint: 138856 ns, At safepoint: 7281 ns, Total: 146137 ns
[2023-10-31T02:09:30.428+0000][7][safepoint   ] Safepoint "Cleanup", Time since last: 1000111605 ns, Reaching safepoint: 55243 ns, At safepoint: 4043 ns, Total: 59286 ns
[2023-10-31T02:09:31.429+0000][7][safepoint   ] Safepoint "Cleanup", Time since last: 1000097467 ns, Reaching safepoint: 76829 ns, At safepoint: 6136 ns, Total: 82965 ns
[2023-10-31T02:09:32.429+0000][7][safepoint   ] Safepoint "Cleanup", Time since last: 1000110411 ns, Reaching safepoint: 113075 ns, At safepoint: 5123 ns, Total: 118198 ns
[2023-10-31T02:09:33.639+0000][7][safepoint   ] Safepoint "Cleanup", Time since last: 1210164225 ns, Reaching safepoint: 107508 ns, At safepoint: 10847 ns, Total: 118355 ns
[2023-10-31T02:09:34.376+0000][7][gc,start    ] GC(27) Pause Young (Normal) (G1 Evacuation Pause)
[2023-10-31T02:09:34.376+0000][7][gc,task     ] GC(27) Using 8 workers of 8 for evacuation
[2023-10-31T02:09:34.376+0000][7][gc,age      ] GC(27) Desired survivor size 20971520 bytes, new threshold 15 (max threshold 15)
[2023-10-31T02:09:34.389+0000][7][gc,age      ] GC(27) Age table with threshold 15 (max threshold 15)
[2023-10-31T02:09:34.389+0000][7][gc,age      ] GC(27) - age   1:    1877440 bytes,    1877440 total
[2023-10-31T02:09:34.389+0000][7][gc,age      ] GC(27) - age   2:     827488 bytes,    2704928 total
[2023-10-31T02:09:34.389+0000][7][gc,age      ] GC(27) - age   3:     533296 bytes,    3238224 total
[2023-10-31T02:09:34.389+0000][7][gc,age      ] GC(27) - age   4:    1484784 bytes,    4723008 total
[2023-10-31T02:09:34.389+0000][7][gc,age      ] GC(27) - age   5:     263032 bytes,    4986040 total
[2023-10-31T02:09:34.389+0000][7][gc,age      ] GC(27) - age   6:     301888 bytes,    5287928 total
[2023-10-31T02:09:34.389+0000][7][gc,age      ] GC(27) - age   7:    1630248 bytes,    6918176 total
[2023-10-31T02:09:34.389+0000][7][gc,age      ] GC(27) - age   8:    5630944 bytes,   12549120 total
[2023-10-31T02:09:34.389+0000][7][gc,age      ] GC(27) - age   9:    4886104 bytes,   17435224 total
[2023-10-31T02:09:34.389+0000][7][gc,phases   ] GC(27)   Pre Evacuate Collection Set: 0.1ms
[2023-10-31T02:09:34.389+0000][7][gc,phases   ] GC(27)   Merge Heap Roots: 0.1ms
[2023-10-31T02:09:34.389+0000][7][gc,phases   ] GC(27)   Evacuate Collection Set: 12.0ms
[2023-10-31T02:09:34.389+0000][7][gc,phases   ] GC(27)   Post Evacuate Collection Set: 0.9ms
[2023-10-31T02:09:34.389+0000][7][gc,phases   ] GC(27)   Other: 0.2ms
[2023-10-31T02:09:34.389+0000][7][gc,heap     ] GC(27) Eden regions: 71->0(71)
[2023-10-31T02:09:34.389+0000][7][gc,heap     ] GC(27) Survivor regions: 5->5(10)
[2023-10-31T02:09:34.389+0000][7][gc,heap     ] GC(27) Old regions: 19->19
[2023-10-31T02:09:34.389+0000][7][gc,heap     ] GC(27) Archive regions: 2->2
[2023-10-31T02:09:34.389+0000][7][gc,heap     ] GC(27) Humongous regions: 5->5
[2023-10-31T02:09:34.389+0000][7][gc,metaspace] GC(27) Metaspace: 115179K(116928K)->115179K(116928K) NonClass: 99478K(100480K)->99478K(100480K) Class: 15700K(16448K)->15700K(16448K)
[2023-10-31T02:09:34.389+0000][7][gc          ] GC(27) Pause Young (Normal) (G1 Evacuation Pause) 399M->115M(512M) 13.344ms
[2023-10-31T02:09:34.389+0000][7][gc,cpu      ] GC(27) User=0.05s Sys=0.00s Real=0.01s
[2023-10-31T02:09:34.389+0000][7][safepoint   ] Safepoint "G1CollectForAllocation", Time since last: 736246062 ns, Reaching safepoint: 99584 ns, At safepoint: 13424679 ns, Total: 13524263 ns
[2023-10-31T02:09:35.397+0000][7][safepoint   ] Safepoint "Cleanup", Time since last: 1008245187 ns, Reaching safepoint: 67562 ns, At safepoint: 11395 ns, Total: 78957 ns
[2023-10-31T02:09:36.397+0000][7][safepoint   ] Safepoint "Cleanup", Time since last: 1000101423 ns, Reaching safepoint: 47399 ns, At safepoint: 7297 ns, Total: 54696 ns
[2023-10-31T02:09:37.398+0000][7][safepoint   ] Safepoint "Cleanup", Time since last: 1000092228 ns, Reaching safepoint: 52665 ns, At safepoint: 3780 ns, Total: 56445 ns
[2023-10-31T02:09:38.398+0000][7][safepoint   ] Safepoint "Cleanup", Time since last: 1000095305 ns, Reaching safepoint: 79053 ns, At safepoint: 7160 ns, Total: 86213 ns
[2023-10-31T02:09:39.398+0000][7][safepoint   ] Safepoint "Cleanup", Time since last: 1000096142 ns, Reaching safepoint: 81023 ns, At safepoint: 7325 ns, Total: 88348 ns
[2023-10-31T02:09:40.398+0000][7][safepoint   ] Safepoint "Cleanup", Time since last: 1000114491 ns, Reaching safepoint: 122119 ns, At safepoint: 9592 ns, Total: 131711 ns
[2023-10-31T02:09:41.398+0000][7][safepoint   ] Safepoint "Cleanup", Time since last: 1000142157 ns, Reaching safepoint: 89745 ns, At safepoint: 7187 ns, Total: 96932 ns
[2023-10-31T02:09:42.399+0000][7][safepoint   ] Safepoint "Cleanup", Time since last: 1000094132 ns, Reaching safepoint: 57926 ns, At safepoint: 6229 ns, Total: 64155 ns
[2023-10-31T02:09:42.505+0000][7][gc,start    ] GC(28) Pause Young (Normal) (G1 Evacuation Pause)
[2023-10-31T02:09:42.505+0000][7][gc,task     ] GC(28) Using 8 workers of 8 for evacuation
[2023-10-31T02:09:42.505+0000][7][gc,age      ] GC(28) Desired survivor size 20971520 bytes, new threshold 15 (max threshold 15)
[2023-10-31T02:09:42.519+0000][7][gc,age      ] GC(28) Age table with threshold 15 (max threshold 15)
[2023-10-31T02:09:42.519+0000][7][gc,age      ] GC(28) - age   1:    2105504 bytes,    2105504 total
[2023-10-31T02:09:42.519+0000][7][gc,age      ] GC(28) - age   2:     653728 bytes,    2759232 total
[2023-10-31T02:09:42.519+0000][7][gc,age      ] GC(28) - age   3:     414416 bytes,    3173648 total
[2023-10-31T02:09:42.519+0000][7][gc,age      ] GC(28) - age   4:     532128 bytes,    3705776 total
[2023-10-31T02:09:42.519+0000][7][gc,age      ] GC(28) - age   5:    1475872 bytes,    5181648 total
[2023-10-31T02:09:42.519+0000][7][gc,age      ] GC(28) - age   6:     262896 bytes,    5444544 total
[2023-10-31T02:09:42.519+0000][7][gc,age      ] GC(28) - age   7:     301824 bytes,    5746368 total
[2023-10-31T02:09:42.519+0000][7][gc,age      ] GC(28) - age   8:    1630056 bytes,    7376424 total
[2023-10-31T02:09:42.519+0000][7][gc,age      ] GC(28) - age   9:    5630880 bytes,   13007304 total
[2023-10-31T02:09:42.519+0000][7][gc,age      ] GC(28) - age  10:    4886104 bytes,   17893408 total
[2023-10-31T02:09:42.519+0000][7][gc,phases   ] GC(28)   Pre Evacuate Collection Set: 0.1ms
[2023-10-31T02:09:42.519+0000][7][gc,phases   ] GC(28)   Merge Heap Roots: 0.1ms
[2023-10-31T02:09:42.519+0000][7][gc,phases   ] GC(28)   Evacuate Collection Set: 12.4ms
[2023-10-31T02:09:42.519+0000][7][gc,phases   ] GC(28)   Post Evacuate Collection Set: 1.0ms
[2023-10-31T02:09:42.519+0000][7][gc,phases   ] GC(28)   Other: 0.2ms
[2023-10-31T02:09:42.519+0000][7][gc,heap     ] GC(28) Eden regions: 71->0(71)
[2023-10-31T02:09:42.519+0000][7][gc,heap     ] GC(28) Survivor regions: 5->5(10)
[2023-10-31T02:09:42.519+0000][7][gc,heap     ] GC(28) Old regions: 19->19
[2023-10-31T02:09:42.519+0000][7][gc,heap     ] GC(28) Archive regions: 2->2
[2023-10-31T02:09:42.519+0000][7][gc,heap     ] GC(28) Humongous regions: 5->5
[2023-10-31T02:09:42.519+0000][7][gc,metaspace] GC(28) Metaspace: 115302K(117056K)->115302K(117056K) NonClass: 99598K(100608K)->99598K(100608K) Class: 15704K(16448K)->15704K(16448K)
[2023-10-31T02:09:42.519+0000][7][gc          ] GC(28) Pause Young (Normal) (G1 Evacuation Pause) 399M->116M(512M) 13.829ms
[2023-10-31T02:09:42.519+0000][7][gc,cpu      ] GC(28) User=0.05s Sys=0.00s Real=0.01s
[2023-10-31T02:09:42.519+0000][7][safepoint   ] Safepoint "G1CollectForAllocation", Time since last: 106696655 ns, Reaching safepoint: 66837 ns, At safepoint: 13907078 ns, Total: 13973915 ns
[2023-10-31T02:09:43.519+0000][7][safepoint   ] Safepoint "Cleanup", Time since last: 1000091615 ns, Reaching safepoint: 90189 ns, At safepoint: 11750 ns, Total: 101939 ns
[2023-10-31T02:09:44.271+0000][7][safepoint   ] Safepoint "ICBufferFull", Time since last: 751419590 ns, Reaching safepoint: 241614 ns, At safepoint: 9068 ns, Total: 250682 ns
[2023-10-31T02:09:45.272+0000][7][safepoint   ] Safepoint "Cleanup", Time since last: 1000444623 ns, Reaching safepoint: 120516 ns, At safepoint: 10496 ns, Total: 131012 ns
[2023-10-31T02:09:46.272+0000][7][safepoint   ] Safepoint "Cleanup", Time since last: 1000100759 ns, Reaching safepoint: 62895 ns, At safepoint: 6491 ns, Total: 69386 ns
[2023-10-31T02:09:47.272+0000][7][safepoint   ] Safepoint "Cleanup", Time since last: 1000107894 ns, Reaching safepoint: 95944 ns, At safepoint: 6475 ns, Total: 102419 ns
[2023-10-31T02:09:47.667+0000][7][gc,start    ] GC(29) Pause Young (Normal) (G1 Evacuation Pause)
[2023-10-31T02:09:47.667+0000][7][gc,task     ] GC(29) Using 8 workers of 8 for evacuation
[2023-10-31T02:09:47.667+0000][7][gc,age      ] GC(29) Desired survivor size 20971520 bytes, new threshold 15 (max threshold 15)
[2023-10-31T02:09:47.682+0000][7][gc,age      ] GC(29) Age table with threshold 15 (max threshold 15)
[2023-10-31T02:09:47.682+0000][7][gc,age      ] GC(29) - age   1:    2135752 bytes,    2135752 total
[2023-10-31T02:09:47.682+0000][7][gc,age      ] GC(29) - age   2:     150808 bytes,    2286560 total
[2023-10-31T02:09:47.682+0000][7][gc,age      ] GC(29) - age   3:     206608 bytes,    2493168 total
[2023-10-31T02:09:47.682+0000][7][gc,age      ] GC(29) - age   4:     374208 bytes,    2867376 total
[2023-10-31T02:09:47.682+0000][7][gc,age      ] GC(29) - age   5:     495320 bytes,    3362696 total
[2023-10-31T02:09:47.682+0000][7][gc,age      ] GC(29) - age   6:    1456568 bytes,    4819264 total
[2023-10-31T02:09:47.682+0000][7][gc,age      ] GC(29) - age   7:     262600 bytes,    5081864 total
[2023-10-31T02:09:47.682+0000][7][gc,age      ] GC(29) - age   8:      59688 bytes,    5141552 total
[2023-10-31T02:09:47.682+0000][7][gc,age      ] GC(29) - age   9:    1627328 bytes,    6768880 total
[2023-10-31T02:09:47.682+0000][7][gc,age      ] GC(29) - age  10:    5628752 bytes,   12397632 total
[2023-10-31T02:09:47.682+0000][7][gc,age      ] GC(29) - age  11:    4885864 bytes,   17283496 total
[2023-10-31T02:09:47.682+0000][7][gc,phases   ] GC(29)   Pre Evacuate Collection Set: 0.1ms
[2023-10-31T02:09:47.682+0000][7][gc,phases   ] GC(29)   Merge Heap Roots: 0.1ms
[2023-10-31T02:09:47.682+0000][7][gc,phases   ] GC(29)   Evacuate Collection Set: 14.2ms
[2023-10-31T02:09:47.682+0000][7][gc,phases   ] GC(29)   Post Evacuate Collection Set: 0.9ms
[2023-10-31T02:09:47.682+0000][7][gc,phases   ] GC(29)   Other: 0.3ms
[2023-10-31T02:09:47.682+0000][7][gc,heap     ] GC(29) Eden regions: 71->0(71)
[2023-10-31T02:09:47.682+0000][7][gc,heap     ] GC(29) Survivor regions: 5->5(10)
[2023-10-31T02:09:47.682+0000][7][gc,heap     ] GC(29) Old regions: 19->19
[2023-10-31T02:09:47.682+0000][7][gc,heap     ] GC(29) Archive regions: 2->2
[2023-10-31T02:09:47.682+0000][7][gc,heap     ] GC(29) Humongous regions: 5->5
[2023-10-31T02:09:47.682+0000][7][gc,metaspace] GC(29) Metaspace: 115395K(117184K)->115395K(117184K) NonClass: 99689K(100736K)->99689K(100736K) Class: 15705K(16448K)->15705K(16448K)
[2023-10-31T02:09:47.682+0000][7][gc          ] GC(29) Pause Young (Normal) (G1 Evacuation Pause) 400M->114M(512M) 15.637ms
[2023-10-31T02:09:47.682+0000][7][gc,cpu      ] GC(29) User=0.07s Sys=0.01s Real=0.01s
[2023-10-31T02:09:47.682+0000][7][safepoint   ] Safepoint "G1CollectForAllocation", Time since last: 394359233 ns, Reaching safepoint: 47186 ns, At safepoint: 15718117 ns, Total: 15765303 ns
[2023-10-31T02:09:48.682+0000][7][safepoint   ] Safepoint "Cleanup", Time since last: 1000084869 ns, Reaching safepoint: 53598 ns, At safepoint: 4038 ns, Total: 57636 ns
[2023-10-31T02:09:49.683+0000][7][safepoint   ] Safepoint "Cleanup", Time since last: 1000145240 ns, Reaching safepoint: 49984 ns, At safepoint: 4866 ns, Total: 54850 ns
[2023-10-31T02:09:50.683+0000][7][safepoint   ] Safepoint "Cleanup", Time since last: 1000097057 ns, Reaching safepoint: 74138 ns, At safepoint: 7583 ns, Total: 81721 ns
[2023-10-31T02:09:51.683+0000][7][safepoint   ] Safepoint "Cleanup", Time since last: 1000120833 ns, Reaching safepoint: 68548 ns, At safepoint: 7615 ns, Total: 76163 ns
[2023-10-31T02:09:52.683+0000][7][safepoint   ] Safepoint "Cleanup", Time since last: 1000142783 ns, Reaching safepoint: 44827 ns, At safepoint: 9854 ns, Total: 54681 ns
[2023-10-31T02:09:53.683+0000][7][safepoint   ] Safepoint "Cleanup", Time since last: 1000121448 ns, Reaching safepoint: 149369 ns, At safepoint: 7155 ns, Total: 156524 ns
[2023-10-31T02:09:54.684+0000][7][safepoint   ] Safepoint "Cleanup", Time since last: 1000113741 ns, Reaching safepoint: 46943 ns, At safepoint: 3153 ns, Total: 50096 ns
[2023-10-31T02:09:55.684+0000][7][safepoint   ] Safepoint "Cleanup", Time since last: 1000102630 ns, Reaching safepoint: 74553 ns, At safepoint: 6117 ns, Total: 80670 ns
[2023-10-31T02:09:56.684+0000][7][safepoint   ] Safepoint "Cleanup", Time since last: 1000161483 ns, Reaching safepoint: 57641 ns, At safepoint: 6234 ns, Total: 63875 ns
[2023-10-31T02:09:57.684+0000][7][safepoint   ] Safepoint "Cleanup", Time since last: 1000094489 ns, Reaching safepoint: 52198 ns, At safepoint: 3385 ns, Total: 55583 ns
[2023-10-31T02:09:58.955+0000][7][safepoint   ] Safepoint "Cleanup", Time since last: 1271269569 ns, Reaching safepoint: 83971 ns, At safepoint: 6808 ns, Total: 90779 ns
[2023-10-31T02:09:59.956+0000][7][safepoint   ] Safepoint "Cleanup", Time since last: 1000100779 ns, Reaching safepoint: 54128 ns, At safepoint: 9502 ns, Total: 63630 ns
[2023-10-31T02:10:00.956+0000][7][safepoint   ] Safepoint "Cleanup", Time since last: 1000095506 ns, Reaching safepoint: 65148 ns, At safepoint: 8247 ns, Total: 73395 ns
[2023-10-31T02:10:01.082+0000][7][gc,start    ] GC(30) Pause Young (Normal) (G1 Evacuation Pause)
[2023-10-31T02:10:01.082+0000][7][gc,task     ] GC(30) Using 8 workers of 8 for evacuation
[2023-10-31T02:10:01.082+0000][7][gc,age      ] GC(30) Desired survivor size 20971520 bytes, new threshold 15 (max threshold 15)
[2023-10-31T02:10:01.096+0000][7][gc,age      ] GC(30) Age table with threshold 15 (max threshold 15)
[2023-10-31T02:10:01.096+0000][7][gc,age      ] GC(30) - age   1:    2151064 bytes,    2151064 total
[2023-10-31T02:10:01.096+0000][7][gc,age      ] GC(30) - age   2:    1520168 bytes,    3671232 total
[2023-10-31T02:10:01.096+0000][7][gc,age      ] GC(30) - age   3:     148640 bytes,    3819872 total
[2023-10-31T02:10:01.097+0000][7][gc,age      ] GC(30) - age   4:     204992 bytes,    4024864 total
[2023-10-31T02:10:01.097+0000][7][gc,age      ] GC(30) - age   5:     363456 bytes,    4388320 total
[2023-10-31T02:10:01.097+0000][7][gc,age      ] GC(30) - age   6:     493248 bytes,    4881568 total
[2023-10-31T02:10:01.097+0000][7][gc,age      ] GC(30) - age   7:    1456504 bytes,    6338072 total
[2023-10-31T02:10:01.097+0000][7][gc,age      ] GC(30) - age   8:     260960 bytes,    6599032 total
[2023-10-31T02:10:01.097+0000][7][gc,age      ] GC(30) - age   9:      59528 bytes,    6658560 total
[2023-10-31T02:10:01.097+0000][7][gc,age      ] GC(30) - age  10:    1625848 bytes,    8284408 total
[2023-10-31T02:10:01.097+0000][7][gc,age      ] GC(30) - age  11:    5628752 bytes,   13913160 total
[2023-10-31T02:10:01.097+0000][7][gc,age      ] GC(30) - age  12:    4885864 bytes,   18799024 total
[2023-10-31T02:10:01.097+0000][7][gc,phases   ] GC(30)   Pre Evacuate Collection Set: 0.1ms
[2023-10-31T02:10:01.097+0000][7][gc,phases   ] GC(30)   Merge Heap Roots: 0.1ms
[2023-10-31T02:10:01.097+0000][7][gc,phases   ] GC(30)   Evacuate Collection Set: 13.5ms
[2023-10-31T02:10:01.097+0000][7][gc,phases   ] GC(30)   Post Evacuate Collection Set: 1.0ms
[2023-10-31T02:10:01.097+0000][7][gc,phases   ] GC(30)   Other: 0.3ms
[2023-10-31T02:10:01.097+0000][7][gc,heap     ] GC(30) Eden regions: 71->0(71)
[2023-10-31T02:10:01.097+0000][7][gc,heap     ] GC(30) Survivor regions: 5->5(10)
[2023-10-31T02:10:01.097+0000][7][gc,heap     ] GC(30) Old regions: 19->19
[2023-10-31T02:10:01.097+0000][7][gc,heap     ] GC(30) Archive regions: 2->2
[2023-10-31T02:10:01.097+0000][7][gc,heap     ] GC(30) Humongous regions: 5->5
[2023-10-31T02:10:01.097+0000][7][gc,metaspace] GC(30) Metaspace: 115446K(117248K)->115446K(117248K) NonClass: 99740K(100800K)->99740K(100800K) Class: 15706K(16448K)->15706K(16448K)
[2023-10-31T02:10:01.097+0000][7][gc          ] GC(30) Pause Young (Normal) (G1 Evacuation Pause) 398M->116M(512M) 15.016ms
[2023-10-31T02:10:01.097+0000][7][gc,cpu      ] GC(30) User=0.06s Sys=0.01s Real=0.02s
[2023-10-31T02:10:01.097+0000][7][safepoint   ] Safepoint "G1CollectForAllocation", Time since last: 125875340 ns, Reaching safepoint: 32505 ns, At safepoint: 15100549 ns, Total: 15133054 ns
[2023-10-31T02:10:02.184+0000][7][safepoint   ] Safepoint "Cleanup", Time since last: 1087170722 ns, Reaching safepoint: 104783 ns, At safepoint: 9908 ns, Total: 114691 ns
[2023-10-31T02:10:03.184+0000][7][safepoint   ] Safepoint "Cleanup", Time since last: 1000111983 ns, Reaching safepoint: 212086 ns, At safepoint: 12410 ns, Total: 224496 ns
[2023-10-31T02:10:04.185+0000][7][safepoint   ] Safepoint "Cleanup", Time since last: 1000148149 ns, Reaching safepoint: 36328 ns, At safepoint: 4926 ns, Total: 41254 ns
[2023-10-31T02:10:05.186+0000][7][safepoint   ] Safepoint "Cleanup", Time since last: 1000796704 ns, Reaching safepoint: 81461 ns, At safepoint: 12464 ns, Total: 93925 ns
[2023-10-31T02:10:06.187+0000][7][safepoint   ] Safepoint "Cleanup", Time since last: 1001147336 ns, Reaching safepoint: 54235 ns, At safepoint: 12471 ns, Total: 66706 ns
[2023-10-31T02:10:07.187+0000][7][safepoint   ] Safepoint "Cleanup", Time since last: 1000143806 ns, Reaching safepoint: 131912 ns, At safepoint: 5180 ns, Total: 137092 ns
[2023-10-31T02:10:08.187+0000][7][safepoint   ] Safepoint "Cleanup", Time since last: 1000099289 ns, Reaching safepoint: 46703 ns, At safepoint: 4719 ns, Total: 51422 ns
[2023-10-31T02:10:09.187+0000][7][safepoint   ] Safepoint "Cleanup", Time since last: 1000105041 ns, Reaching safepoint: 80049 ns, At safepoint: 8407 ns, Total: 88456 ns
[2023-10-31T02:10:10.188+0000][7][safepoint   ] Safepoint "Cleanup", Time since last: 1000110951 ns, Reaching safepoint: 44931 ns, At safepoint: 3648 ns, Total: 48579 ns
[2023-10-31T02:10:11.188+0000][7][safepoint   ] Safepoint "Cleanup", Time since last: 1000106453 ns, Reaching safepoint: 63321 ns, At safepoint: 10681 ns, Total: 74002 ns
[2023-10-31T02:10:12.188+0000][7][safepoint   ] Safepoint "Cleanup", Time since last: 1000323292 ns, Reaching safepoint: 56361 ns, At safepoint: 3819 ns, Total: 60180 ns
[2023-10-31T02:10:13.188+0000][7][safepoint   ] Safepoint "Cleanup", Time since last: 1000106281 ns, Reaching safepoint: 60824 ns, At safepoint: 10149 ns, Total: 70973 ns
[2023-10-31T02:10:14.189+0000][7][safepoint   ] Safepoint "Cleanup", Time since last: 1000139078 ns, Reaching safepoint: 122533 ns, At safepoint: 5902 ns, Total: 128435 ns
[2023-10-31T02:10:15.189+0000][7][safepoint   ] Safepoint "Cleanup", Time since last: 1000113922 ns, Reaching safepoint: 56588 ns, At safepoint: 9672 ns, Total: 66260 ns
[2023-10-31T02:10:16.933+0000][7][gc,start    ] GC(31) Pause Young (Normal) (G1 Evacuation Pause)
[2023-10-31T02:10:16.933+0000][7][gc,task     ] GC(31) Using 8 workers of 8 for evacuation
[2023-10-31T02:10:16.933+0000][7][gc,age      ] GC(31) Desired survivor size 20971520 bytes, new threshold 15 (max threshold 15)
[2023-10-31T02:10:16.945+0000][7][gc,age      ] GC(31) Age table with threshold 15 (max threshold 15)
[2023-10-31T02:10:16.945+0000][7][gc,age      ] GC(31) - age   1:    1672936 bytes,    1672936 total
[2023-10-31T02:10:16.945+0000][7][gc,age      ] GC(31) - age   2:    1195328 bytes,    2868264 total
[2023-10-31T02:10:16.945+0000][7][gc,age      ] GC(31) - age   3:    1229168 bytes,    4097432 total
[2023-10-31T02:10:16.945+0000][7][gc,age      ] GC(31) - age   4:     148000 bytes,    4245432 total
[2023-10-31T02:10:16.945+0000][7][gc,age      ] GC(31) - age   5:     204864 bytes,    4450296 total
[2023-10-31T02:10:16.945+0000][7][gc,age      ] GC(31) - age   6:     363392 bytes,    4813688 total
[2023-10-31T02:10:16.945+0000][7][gc,age      ] GC(31) - age   7:     493064 bytes,    5306752 total
[2023-10-31T02:10:16.945+0000][7][gc,age      ] GC(31) - age   8:    1456248 bytes,    6763000 total
[2023-10-31T02:10:16.945+0000][7][gc,age      ] GC(31) - age   9:     260688 bytes,    7023688 total
[2023-10-31T02:10:16.945+0000][7][gc,age      ] GC(31) - age  10:      59368 bytes,    7083056 total
[2023-10-31T02:10:16.945+0000][7][gc,age      ] GC(31) - age  11:    1625848 bytes,    8708904 total
[2023-10-31T02:10:16.946+0000][7][gc,age      ] GC(31) - age  12:    5628296 bytes,   14337200 total
[2023-10-31T02:10:16.946+0000][7][gc,age      ] GC(31) - age  13:    4885768 bytes,   19222968 total
[2023-10-31T02:10:16.946+0000][7][gc,phases   ] GC(31)   Pre Evacuate Collection Set: 0.1ms
[2023-10-31T02:10:16.946+0000][7][gc,phases   ] GC(31)   Merge Heap Roots: 0.1ms
[2023-10-31T02:10:16.946+0000][7][gc,phases   ] GC(31)   Evacuate Collection Set: 11.8ms
[2023-10-31T02:10:16.946+0000][7][gc,phases   ] GC(31)   Post Evacuate Collection Set: 0.9ms
[2023-10-31T02:10:16.946+0000][7][gc,phases   ] GC(31)   Other: 0.3ms
[2023-10-31T02:10:16.946+0000][7][gc,heap     ] GC(31) Eden regions: 71->0(71)
[2023-10-31T02:10:16.946+0000][7][gc,heap     ] GC(31) Survivor regions: 5->5(10)
[2023-10-31T02:10:16.946+0000][7][gc,heap     ] GC(31) Old regions: 19->19
[2023-10-31T02:10:16.946+0000][7][gc,heap     ] GC(31) Archive regions: 2->2
[2023-10-31T02:10:16.946+0000][7][gc,heap     ] GC(31) Humongous regions: 5->5
[2023-10-31T02:10:16.946+0000][7][gc,metaspace] GC(31) Metaspace: 115536K(117312K)->115536K(117312K) NonClass: 99827K(100864K)->99827K(100864K) Class: 15709K(16448K)->15709K(16448K)
[2023-10-31T02:10:16.946+0000][7][gc          ] GC(31) Pause Young (Normal) (G1 Evacuation Pause) 400M->117M(512M) 13.166ms
[2023-10-31T02:10:16.946+0000][7][gc,cpu      ] GC(31) User=0.05s Sys=0.01s Real=0.02s
[2023-10-31T02:10:16.946+0000][7][safepoint   ] Safepoint "G1CollectForAllocation", Time since last: 1743718960 ns, Reaching safepoint: 62279 ns, At safepoint: 13249756 ns, Total: 13312035 ns
[2023-10-31T02:10:17.946+0000][7][safepoint   ] Safepoint "Cleanup", Time since last: 1000074148 ns, Reaching safepoint: 59702 ns, At safepoint: 5991 ns, Total: 65693 ns
[2023-10-31T02:10:18.946+0000][7][safepoint   ] Safepoint "Cleanup", Time since last: 1000092404 ns, Reaching safepoint: 41247 ns, At safepoint: 3272 ns, Total: 44519 ns
[2023-10-31T02:10:19.946+0000][7][safepoint   ] Safepoint "Cleanup", Time since last: 1000098467 ns, Reaching safepoint: 56300 ns, At safepoint: 7359 ns, Total: 63659 ns
[2023-10-31T02:10:20.946+0000][7][safepoint   ] Safepoint "Cleanup", Time since last: 1000099230 ns, Reaching safepoint: 61533 ns, At safepoint: 4879 ns, Total: 66412 ns
[2023-10-31T02:10:22.947+0000][7][safepoint   ] Safepoint "Cleanup", Time since last: 2000150063 ns, Reaching safepoint: 48844 ns, At safepoint: 3030 ns, Total: 51874 ns
[2023-10-31T02:10:23.947+0000][7][safepoint   ] Safepoint "Cleanup", Time since last: 1000096044 ns, Reaching safepoint: 49435 ns, At safepoint: 3432 ns, Total: 52867 ns
[2023-10-31T02:10:25.947+0000][7][safepoint   ] Safepoint "Cleanup", Time since last: 2000158034 ns, Reaching safepoint: 53239 ns, At safepoint: 3209 ns, Total: 56448 ns
[2023-10-31T02:10:26.947+0000][7][safepoint   ] Safepoint "Cleanup", Time since last: 1000097473 ns, Reaching safepoint: 68010 ns, At safepoint: 6772 ns, Total: 74782 ns
[2023-10-31T02:10:28.947+0000][7][safepoint   ] Safepoint "Cleanup", Time since last: 2000156451 ns, Reaching safepoint: 43729 ns, At safepoint: 3695 ns, Total: 47424 ns
[2023-10-31T02:10:29.947+0000][7][safepoint   ] Safepoint "Cleanup", Time since last: 1000097322 ns, Reaching safepoint: 52881 ns, At safepoint: 6106 ns, Total: 58987 ns
[2023-10-31T02:10:30.948+0000][7][safepoint   ] Safepoint "Cleanup", Time since last: 1000117736 ns, Reaching safepoint: 137119 ns, At safepoint: 14643 ns, Total: 151762 ns
[2023-10-31T02:10:31.948+0000][7][safepoint   ] Safepoint "Cleanup", Time since last: 1000101399 ns, Reaching safepoint: 136243 ns, At safepoint: 5498 ns, Total: 141741 ns
[2023-10-31T02:10:32.253+0000][7][gc,start    ] GC(32) Pause Young (Normal) (G1 Evacuation Pause)
[2023-10-31T02:10:32.253+0000][7][gc,task     ] GC(32) Using 8 workers of 8 for evacuation
[2023-10-31T02:10:32.253+0000][7][gc,age      ] GC(32) Desired survivor size 20971520 bytes, new threshold 15 (max threshold 15)
[2023-10-31T02:10:32.279+0000][7][gc,age      ] GC(32) Age table with threshold 15 (max threshold 15)
[2023-10-31T02:10:32.279+0000][7][gc,age      ] GC(32) - age   1:    2011360 bytes,    2011360 total
[2023-10-31T02:10:32.279+0000][7][gc,age      ] GC(32) - age   2:     546816 bytes,    2558176 total
[2023-10-31T02:10:32.279+0000][7][gc,age      ] GC(32) - age   3:    1181976 bytes,    3740152 total
[2023-10-31T02:10:32.279+0000][7][gc,age      ] GC(32) - age   4:    1228944 bytes,    4969096 total
[2023-10-31T02:10:32.279+0000][7][gc,age      ] GC(32) - age   5:     147808 bytes,    5116904 total
[2023-10-31T02:10:32.279+0000][7][gc,age      ] GC(32) - age   6:     108904 bytes,    5225808 total
[2023-10-31T02:10:32.279+0000][7][gc,age      ] GC(32) - age   7:     314640 bytes,    5540448 total
[2023-10-31T02:10:32.279+0000][7][gc,age      ] GC(32) - age   8:     489184 bytes,    6029632 total
[2023-10-31T02:10:32.279+0000][7][gc,age      ] GC(32) - age   9:    1456248 bytes,    7485880 total
[2023-10-31T02:10:32.279+0000][7][gc,age      ] GC(32) - age  10:     260688 bytes,    7746568 total
[2023-10-31T02:10:32.279+0000][7][gc,age      ] GC(32) - age  11:      59368 bytes,    7805936 total
[2023-10-31T02:10:32.279+0000][7][gc,age      ] GC(32) - age  12:    1625848 bytes,    9431784 total
[2023-10-31T02:10:32.279+0000][7][gc,age      ] GC(32) - age  13:    5628296 bytes,   15060080 total
[2023-10-31T02:10:32.280+0000][7][gc,age      ] GC(32) - age  14:    4885568 bytes,   19945648 total
[2023-10-31T02:10:32.280+0000][7][gc,phases   ] GC(32)   Pre Evacuate Collection Set: 0.1ms
[2023-10-31T02:10:32.280+0000][7][gc,phases   ] GC(32)   Merge Heap Roots: 0.2ms
[2023-10-31T02:10:32.280+0000][7][gc,phases   ] GC(32)   Evacuate Collection Set: 25.2ms
[2023-10-31T02:10:32.280+0000][7][gc,phases   ] GC(32)   Post Evacuate Collection Set: 1.2ms
[2023-10-31T02:10:32.280+0000][7][gc,phases   ] GC(32)   Other: 0.4ms
[2023-10-31T02:10:32.280+0000][7][gc,heap     ] GC(32) Eden regions: 71->0(70)
[2023-10-31T02:10:32.280+0000][7][gc,heap     ] GC(32) Survivor regions: 5->6(10)
[2023-10-31T02:10:32.280+0000][7][gc,heap     ] GC(32) Old regions: 19->19
[2023-10-31T02:10:32.280+0000][7][gc,heap     ] GC(32) Archive regions: 2->2
[2023-10-31T02:10:32.280+0000][7][gc,heap     ] GC(32) Humongous regions: 5->5
[2023-10-31T02:10:32.280+0000][7][gc,metaspace] GC(32) Metaspace: 115624K(117376K)->115624K(117376K) NonClass: 99914K(100928K)->99914K(100928K) Class: 15709K(16448K)->15709K(16448K)
[2023-10-31T02:10:32.280+0000][7][gc          ] GC(32) Pause Young (Normal) (G1 Evacuation Pause) 401M->117M(512M) 27.157ms
[2023-10-31T02:10:32.280+0000][7][gc,cpu      ] GC(32) User=0.06s Sys=0.00s Real=0.03s
[2023-10-31T02:10:32.280+0000][7][safepoint   ] Safepoint "G1CollectForAllocation", Time since last: 304373236 ns, Reaching safepoint: 170543 ns, At safepoint: 27253801 ns, Total: 27424344 ns
[2023-10-31T02:10:33.280+0000][7][safepoint   ] Safepoint "Cleanup", Time since last: 1000114174 ns, Reaching safepoint: 85886 ns, At safepoint: 10533 ns, Total: 96419 ns
[2023-10-31T02:10:35.280+0000][7][safepoint   ] Safepoint "Cleanup", Time since last: 2000164551 ns, Reaching safepoint: 49095 ns, At safepoint: 4948 ns, Total: 54043 ns
[2023-10-31T02:10:36.280+0000][7][safepoint   ] Safepoint "Cleanup", Time since last: 1000087494 ns, Reaching safepoint: 38091 ns, At safepoint: 8619 ns, Total: 46710 ns
[2023-10-31T02:10:37.280+0000][7][safepoint   ] Safepoint "Cleanup", Time since last: 1000099034 ns, Reaching safepoint: 33865 ns, At safepoint: 3322 ns, Total: 37187 ns
[2023-10-31T02:10:38.281+0000][7][safepoint   ] Safepoint "Cleanup", Time since last: 1000097696 ns, Reaching safepoint: 77598 ns, At safepoint: 8068 ns, Total: 85666 ns
[2023-10-31T02:10:39.281+0000][7][safepoint   ] Safepoint "Cleanup", Time since last: 1000092521 ns, Reaching safepoint: 51427 ns, At safepoint: 8271 ns, Total: 59698 ns
[2023-10-31T02:10:41.281+0000][7][safepoint   ] Safepoint "Cleanup", Time since last: 2000157708 ns, Reaching safepoint: 44487 ns, At safepoint: 10249 ns, Total: 54736 ns
[2023-10-31T02:10:42.281+0000][7][safepoint   ] Safepoint "Cleanup", Time since last: 1000104809 ns, Reaching safepoint: 102036 ns, At safepoint: 5610 ns, Total: 107646 ns
[2023-10-31T02:10:43.281+0000][7][safepoint   ] Safepoint "Cleanup", Time since last: 1000146761 ns, Reaching safepoint: 37880 ns, At safepoint: 4355 ns, Total: 42235 ns
[2023-10-31T02:10:44.282+0000][7][safepoint   ] Safepoint "Cleanup", Time since last: 1000095004 ns, Reaching safepoint: 64985 ns, At safepoint: 9348 ns, Total: 74333 ns
[2023-10-31T02:10:45.282+0000][7][safepoint   ] Safepoint "Cleanup", Time since last: 1000112042 ns, Reaching safepoint: 53236 ns, At safepoint: 4386 ns, Total: 57622 ns
[2023-10-31T02:10:46.282+0000][7][safepoint   ] Safepoint "Cleanup", Time since last: 1000091463 ns, Reaching safepoint: 37451 ns, At safepoint: 4620 ns, Total: 42071 ns
[2023-10-31T02:10:46.942+0000][7][gc,start    ] GC(33) Pause Young (Normal) (G1 Evacuation Pause)
[2023-10-31T02:10:46.942+0000][7][gc,task     ] GC(33) Using 8 workers of 8 for evacuation
[2023-10-31T02:10:46.942+0000][7][gc,age      ] GC(33) Desired survivor size 20971520 bytes, new threshold 15 (max threshold 15)
[2023-10-31T02:10:46.955+0000][7][gc,age      ] GC(33) Age table with threshold 15 (max threshold 15)
[2023-10-31T02:10:46.955+0000][7][gc,age      ] GC(33) - age   1:    1867904 bytes,    1867904 total
[2023-10-31T02:10:46.955+0000][7][gc,age      ] GC(33) - age   2:     570496 bytes,    2438400 total
[2023-10-31T02:10:46.955+0000][7][gc,age      ] GC(33) - age   3:     395592 bytes,    2833992 total
[2023-10-31T02:10:46.955+0000][7][gc,age      ] GC(33) - age   4:    1129384 bytes,    3963376 total
[2023-10-31T02:10:46.955+0000][7][gc,age      ] GC(33) - age   5:    1117160 bytes,    5080536 total
[2023-10-31T02:10:46.955+0000][7][gc,age      ] GC(33) - age   6:     139640 bytes,    5220176 total
[2023-10-31T02:10:46.955+0000][7][gc,age      ] GC(33) - age   7:     108544 bytes,    5328720 total
[2023-10-31T02:10:46.955+0000][7][gc,age      ] GC(33) - age   8:     314360 bytes,    5643080 total
[2023-10-31T02:10:46.955+0000][7][gc,age      ] GC(33) - age   9:     487904 bytes,    6130984 total
[2023-10-31T02:10:46.955+0000][7][gc,age      ] GC(33) - age  10:    1455840 bytes,    7586824 total
[2023-10-31T02:10:46.955+0000][7][gc,age      ] GC(33) - age  11:     260688 bytes,    7847512 total
[2023-10-31T02:10:46.955+0000][7][gc,age      ] GC(33) - age  12:      59368 bytes,    7906880 total
[2023-10-31T02:10:46.955+0000][7][gc,age      ] GC(33) - age  13:    1625824 bytes,    9532704 total
[2023-10-31T02:10:46.955+0000][7][gc,age      ] GC(33) - age  14:    5627152 bytes,   15159856 total
[2023-10-31T02:10:46.955+0000][7][gc,age      ] GC(33) - age  15:    4885568 bytes,   20045424 total
[2023-10-31T02:10:46.955+0000][7][gc,phases   ] GC(33)   Pre Evacuate Collection Set: 0.1ms
[2023-10-31T02:10:46.955+0000][7][gc,phases   ] GC(33)   Merge Heap Roots: 0.1ms
[2023-10-31T02:10:46.955+0000][7][gc,phases   ] GC(33)   Evacuate Collection Set: 11.7ms
[2023-10-31T02:10:46.955+0000][7][gc,phases   ] GC(33)   Post Evacuate Collection Set: 0.9ms
[2023-10-31T02:10:46.955+0000][7][gc,phases   ] GC(33)   Other: 0.3ms
[2023-10-31T02:10:46.955+0000][7][gc,heap     ] GC(33) Eden regions: 70->0(70)
[2023-10-31T02:10:46.955+0000][7][gc,heap     ] GC(33) Survivor regions: 6->6(10)
[2023-10-31T02:10:46.955+0000][7][gc,heap     ] GC(33) Old regions: 19->19
[2023-10-31T02:10:46.955+0000][7][gc,heap     ] GC(33) Archive regions: 2->2
[2023-10-31T02:10:46.955+0000][7][gc,heap     ] GC(33) Humongous regions: 5->5
[2023-10-31T02:10:46.955+0000][7][gc,metaspace] GC(33) Metaspace: 115716K(117568K)->115716K(117568K) NonClass: 100004K(101056K)->100004K(101056K) Class: 15711K(16512K)->15711K(16512K)
[2023-10-31T02:10:46.955+0000][7][gc          ] GC(33) Pause Young (Normal) (G1 Evacuation Pause) 397M->117M(512M) 13.184ms
[2023-10-31T02:10:46.955+0000][7][gc,cpu      ] GC(33) User=0.05s Sys=0.00s Real=0.02s
[2023-10-31T02:10:46.955+0000][7][safepoint   ] Safepoint "G1CollectForAllocation", Time since last: 660230531 ns, Reaching safepoint: 44770 ns, At safepoint: 13264354 ns, Total: 13309124 ns
[2023-10-31T02:10:47.956+0000][7][safepoint   ] Safepoint "Cleanup", Time since last: 1000089740 ns, Reaching safepoint: 103560 ns, At safepoint: 6545 ns, Total: 110105 ns
[2023-10-31T02:10:48.956+0000][7][safepoint   ] Safepoint "Cleanup", Time since last: 1000264874 ns, Reaching safepoint: 56288 ns, At safepoint: 9646 ns, Total: 65934 ns
[2023-10-31T02:10:49.956+0000][7][safepoint   ] Safepoint "Cleanup", Time since last: 1000112629 ns, Reaching safepoint: 110681 ns, At safepoint: 4587 ns, Total: 115268 ns
[2023-10-31T02:10:50.956+0000][7][safepoint   ] Safepoint "Cleanup", Time since last: 1000127498 ns, Reaching safepoint: 179497 ns, At safepoint: 6828 ns, Total: 186325 ns
[2023-10-31T02:10:51.957+0000][7][safepoint   ] Safepoint "Cleanup", Time since last: 1000168069 ns, Reaching safepoint: 53041 ns, At safepoint: 4545 ns, Total: 57586 ns
[2023-10-31T02:10:52.957+0000][7][safepoint   ] Safepoint "Cleanup", Time since last: 1000091073 ns, Reaching safepoint: 81842 ns, At safepoint: 7469 ns, Total: 89311 ns
[2023-10-31T02:10:53.957+0000][7][safepoint   ] Safepoint "Cleanup", Time since last: 1000099045 ns, Reaching safepoint: 68177 ns, At safepoint: 3682 ns, Total: 71859 ns
[2023-10-31T02:10:54.957+0000][7][safepoint   ] Safepoint "Cleanup", Time since last: 1000095231 ns, Reaching safepoint: 66567 ns, At safepoint: 4685 ns, Total: 71252 ns
[2023-10-31T02:10:55.957+0000][7][safepoint   ] Safepoint "Cleanup", Time since last: 1000091277 ns, Reaching safepoint: 50754 ns, At safepoint: 4869 ns, Total: 55623 ns
[2023-10-31T02:10:56.958+0000][7][safepoint   ] Safepoint "Cleanup", Time since last: 1000095007 ns, Reaching safepoint: 97033 ns, At safepoint: 5110 ns, Total: 102143 ns
[2023-10-31T02:10:58.958+0000][7][safepoint   ] Safepoint "Cleanup", Time since last: 2000244673 ns, Reaching safepoint: 95782 ns, At safepoint: 4431 ns, Total: 100213 ns
[2023-10-31T02:10:59.958+0000][7][safepoint   ] Safepoint "Cleanup", Time since last: 1000134200 ns, Reaching safepoint: 70745 ns, At safepoint: 4142 ns, Total: 74887 ns
[2023-10-31T02:11:00.958+0000][7][safepoint   ] Safepoint "Cleanup", Time since last: 1000085165 ns, Reaching safepoint: 52006 ns, At safepoint: 3607 ns, Total: 55613 ns
[2023-10-31T02:11:02.959+0000][7][safepoint   ] Safepoint "Cleanup", Time since last: 2000256521 ns, Reaching safepoint: 129693 ns, At safepoint: 9117 ns, Total: 138810 ns
[2023-10-31T02:11:03.012+0000][7][gc,start    ] GC(34) Pause Young (Normal) (G1 Evacuation Pause)
[2023-10-31T02:11:03.013+0000][7][gc,task     ] GC(34) Using 8 workers of 8 for evacuation
[2023-10-31T02:11:03.013+0000][7][gc,age      ] GC(34) Desired survivor size 20971520 bytes, new threshold 15 (max threshold 15)
[2023-10-31T02:11:03.038+0000][7][gc,age      ] GC(34) Age table with threshold 15 (max threshold 15)
[2023-10-31T02:11:03.038+0000][7][gc,age      ] GC(34) - age   1:    2194520 bytes,    2194520 total
[2023-10-31T02:11:03.038+0000][7][gc,age      ] GC(34) - age   2:     873272 bytes,    3067792 total
[2023-10-31T02:11:03.038+0000][7][gc,age      ] GC(34) - age   3:     417448 bytes,    3485240 total
[2023-10-31T02:11:03.038+0000][7][gc,age      ] GC(34) - age   4:     394920 bytes,    3880160 total
[2023-10-31T02:11:03.038+0000][7][gc,age      ] GC(34) - age   5:    1113296 bytes,    4993456 total
[2023-10-31T02:11:03.038+0000][7][gc,age      ] GC(34) - age   6:    1116920 bytes,    6110376 total
[2023-10-31T02:11:03.038+0000][7][gc,age      ] GC(34) - age   7:     139280 bytes,    6249656 total
[2023-10-31T02:11:03.038+0000][7][gc,age      ] GC(34) - age   8:     108352 bytes,    6358008 total
[2023-10-31T02:11:03.038+0000][7][gc,age      ] GC(34) - age   9:     314360 bytes,    6672368 total
[2023-10-31T02:11:03.038+0000][7][gc,age      ] GC(34) - age  10:     487904 bytes,    7160272 total
[2023-10-31T02:11:03.038+0000][7][gc,age      ] GC(34) - age  11:    1455840 bytes,    8616112 total
[2023-10-31T02:11:03.038+0000][7][gc,age      ] GC(34) - age  12:     260560 bytes,    8876672 total
[2023-10-31T02:11:03.038+0000][7][gc,age      ] GC(34) - age  13:      59368 bytes,    8936040 total
[2023-10-31T02:11:03.038+0000][7][gc,age      ] GC(34) - age  14:    1625824 bytes,   10561864 total
[2023-10-31T02:11:03.038+0000][7][gc,age      ] GC(34) - age  15:    5627152 bytes,   16189016 total
[2023-10-31T02:11:03.038+0000][7][gc,phases   ] GC(34)   Pre Evacuate Collection Set: 0.1ms
[2023-10-31T02:11:03.038+0000][7][gc,phases   ] GC(34)   Merge Heap Roots: 0.1ms
[2023-10-31T02:11:03.038+0000][7][gc,phases   ] GC(34)   Evacuate Collection Set: 24.0ms
[2023-10-31T02:11:03.038+0000][7][gc,phases   ] GC(34)   Post Evacuate Collection Set: 1.0ms
[2023-10-31T02:11:03.038+0000][7][gc,phases   ] GC(34)   Other: 0.3ms
[2023-10-31T02:11:03.038+0000][7][gc,heap     ] GC(34) Eden regions: 70->0(71)
[2023-10-31T02:11:03.038+0000][7][gc,heap     ] GC(34) Survivor regions: 6->5(10)
[2023-10-31T02:11:03.038+0000][7][gc,heap     ] GC(34) Old regions: 19->20
[2023-10-31T02:11:03.038+0000][7][gc,heap     ] GC(34) Archive regions: 2->2
[2023-10-31T02:11:03.038+0000][7][gc,heap     ] GC(34) Humongous regions: 5->5
[2023-10-31T02:11:03.038+0000][7][gc,metaspace] GC(34) Metaspace: 115831K(117632K)->115831K(117632K) NonClass: 100118K(101120K)->100118K(101120K) Class: 15712K(16512K)->15712K(16512K)
[2023-10-31T02:11:03.038+0000][7][gc          ] GC(34) Pause Young (Normal) (G1 Evacuation Pause) 397M->119M(512M) 25.582ms
[2023-10-31T02:11:03.038+0000][7][gc,cpu      ] GC(34) User=0.04s Sys=0.01s Real=0.03s
[2023-10-31T02:11:03.038+0000][7][safepoint   ] Safepoint "G1CollectForAllocation", Time since last: 53735248 ns, Reaching safepoint: 38492 ns, At safepoint: 25673814 ns, Total: 25712306 ns
[2023-10-31T02:11:04.038+0000][7][safepoint   ] Safepoint "Cleanup", Time since last: 1000100830 ns, Reaching safepoint: 98786 ns, At safepoint: 4786 ns, Total: 103572 ns
[2023-10-31T02:11:06.039+0000][7][safepoint   ] Safepoint "Cleanup", Time since last: 2000185173 ns, Reaching safepoint: 94463 ns, At safepoint: 27603 ns, Total: 122066 ns
[2023-10-31T02:11:07.039+0000][7][safepoint   ] Safepoint "Cleanup", Time since last: 1000191335 ns, Reaching safepoint: 75980 ns, At safepoint: 4562 ns, Total: 80542 ns
[2023-10-31T02:11:08.246+0000][7][safepoint   ] Safepoint "Cleanup", Time since last: 1206992790 ns, Reaching safepoint: 56886 ns, At safepoint: 4992 ns, Total: 61878 ns
[2023-10-31T02:11:09.246+0000][7][safepoint   ] Safepoint "Cleanup", Time since last: 1000373233 ns, Reaching safepoint: 160478 ns, At safepoint: 7974 ns, Total: 168452 ns
[2023-10-31T02:11:11.247+0000][7][safepoint   ] Safepoint "Cleanup", Time since last: 2000282906 ns, Reaching safepoint: 37991 ns, At safepoint: 4127 ns, Total: 42118 ns
[2023-10-31T02:11:12.247+0000][7][safepoint   ] Safepoint "Cleanup", Time since last: 1000147470 ns, Reaching safepoint: 61274 ns, At safepoint: 6316 ns, Total: 67590 ns
[2023-10-31T02:11:13.247+0000][7][safepoint   ] Safepoint "Cleanup", Time since last: 1000089716 ns, Reaching safepoint: 77588 ns, At safepoint: 10249 ns, Total: 87837 ns
[2023-10-31T02:11:14.247+0000][7][safepoint   ] Safepoint "Cleanup", Time since last: 1000124663 ns, Reaching safepoint: 77622 ns, At safepoint: 8238 ns, Total: 85860 ns
[2023-10-31T02:11:16.248+0000][7][safepoint   ] Safepoint "Cleanup", Time since last: 2000680971 ns, Reaching safepoint: 84115 ns, At safepoint: 11596 ns, Total: 95711 ns
[2023-10-31T02:11:17.248+0000][7][safepoint   ] Safepoint "Cleanup", Time since last: 1000098987 ns, Reaching safepoint: 114128 ns, At safepoint: 4840 ns, Total: 118968 ns
[2023-10-31T02:11:18.249+0000][7][safepoint   ] Safepoint "Cleanup", Time since last: 1000146705 ns, Reaching safepoint: 76090 ns, At safepoint: 6637 ns, Total: 82727 ns
[2023-10-31T02:11:19.249+0000][7][safepoint   ] Safepoint "Cleanup", Time since last: 1000130071 ns, Reaching safepoint: 49844 ns, At safepoint: 6157 ns, Total: 56001 ns
[2023-10-31T02:11:19.662+0000][7][gc,start    ] GC(35) Pause Young (Normal) (G1 Evacuation Pause)
[2023-10-31T02:11:19.662+0000][7][gc,task     ] GC(35) Using 8 workers of 8 for evacuation
[2023-10-31T02:11:19.662+0000][7][gc,age      ] GC(35) Desired survivor size 20971520 bytes, new threshold 15 (max threshold 15)
[2023-10-31T02:11:19.674+0000][7][gc,age      ] GC(35) Age table with threshold 15 (max threshold 15)
[2023-10-31T02:11:19.674+0000][7][gc,age      ] GC(35) - age   1:    1319256 bytes,    1319256 total
[2023-10-31T02:11:19.674+0000][7][gc,age      ] GC(35) - age   2:     723264 bytes,    2042520 total
[2023-10-31T02:11:19.674+0000][7][gc,age      ] GC(35) - age   3:     753360 bytes,    2795880 total
[2023-10-31T02:11:19.674+0000][7][gc,age      ] GC(35) - age   4:     416632 bytes,    3212512 total
[2023-10-31T02:11:19.674+0000][7][gc,age      ] GC(35) - age   5:     394416 bytes,    3606928 total
[2023-10-31T02:11:19.674+0000][7][gc,age      ] GC(35) - age   6:    1113296 bytes,    4720224 total
[2023-10-31T02:11:19.674+0000][7][gc,age      ] GC(35) - age   7:    1116920 bytes,    5837144 total
[2023-10-31T02:11:19.674+0000][7][gc,age      ] GC(35) - age   8:     139280 bytes,    5976424 total
[2023-10-31T02:11:19.674+0000][7][gc,age      ] GC(35) - age   9:     108352 bytes,    6084776 total
[2023-10-31T02:11:19.674+0000][7][gc,age      ] GC(35) - age  10:     314360 bytes,    6399136 total
[2023-10-31T02:11:19.674+0000][7][gc,age      ] GC(35) - age  11:     487904 bytes,    6887040 total
[2023-10-31T02:11:19.674+0000][7][gc,age      ] GC(35) - age  12:    1455840 bytes,    8342880 total
[2023-10-31T02:11:19.674+0000][7][gc,age      ] GC(35) - age  13:     260560 bytes,    8603440 total
[2023-10-31T02:11:19.674+0000][7][gc,age      ] GC(35) - age  14:      59368 bytes,    8662808 total
[2023-10-31T02:11:19.674+0000][7][gc,age      ] GC(35) - age  15:    1625824 bytes,   10288632 total
[2023-10-31T02:11:19.674+0000][7][gc,phases   ] GC(35)   Pre Evacuate Collection Set: 0.1ms
[2023-10-31T02:11:19.674+0000][7][gc,phases   ] GC(35)   Merge Heap Roots: 0.1ms
[2023-10-31T02:11:19.674+0000][7][gc,phases   ] GC(35)   Evacuate Collection Set: 10.9ms
[2023-10-31T02:11:19.674+0000][7][gc,phases   ] GC(35)   Post Evacuate Collection Set: 0.8ms
[2023-10-31T02:11:19.674+0000][7][gc,phases   ] GC(35)   Other: 0.4ms
[2023-10-31T02:11:19.675+0000][7][gc,heap     ] GC(35) Eden regions: 71->0(73)
[2023-10-31T02:11:19.675+0000][7][gc,heap     ] GC(35) Survivor regions: 5->3(10)
[2023-10-31T02:11:19.675+0000][7][gc,heap     ] GC(35) Old regions: 20->21
[2023-10-31T02:11:19.675+0000][7][gc,heap     ] GC(35) Archive regions: 2->2
[2023-10-31T02:11:19.675+0000][7][gc,heap     ] GC(35) Humongous regions: 5->5
[2023-10-31T02:11:19.675+0000][7][gc,metaspace] GC(35) Metaspace: 115909K(117696K)->115909K(117696K) NonClass: 100196K(101184K)->100196K(101184K) Class: 15712K(16512K)->15712K(16512K)
[2023-10-31T02:11:19.675+0000][7][gc          ] GC(35) Pause Young (Normal) (G1 Evacuation Pause) 403M->118M(512M) 12.414ms
[2023-10-31T02:11:19.675+0000][7][gc,cpu      ] GC(35) User=0.05s Sys=0.00s Real=0.02s
[2023-10-31T02:11:19.675+0000][7][safepoint   ] Safepoint "G1CollectForAllocation", Time since last: 413237348 ns, Reaching safepoint: 80435 ns, At safepoint: 12521515 ns, Total: 12601950 ns
[2023-10-31T02:11:20.675+0000][7][safepoint   ] Safepoint "Cleanup", Time since last: 1000140813 ns, Reaching safepoint: 138437 ns, At safepoint: 8398 ns, Total: 146835 ns
[2023-10-31T02:11:21.675+0000][7][safepoint   ] Safepoint "Cleanup", Time since last: 1000127119 ns, Reaching safepoint: 65456 ns, At safepoint: 4666 ns, Total: 70122 ns
[2023-10-31T02:11:22.676+0000][7][safepoint   ] Safepoint "Cleanup", Time since last: 1000172179 ns, Reaching safepoint: 199703 ns, At safepoint: 4156 ns, Total: 203859 ns
[2023-10-31T02:11:23.676+0000][7][safepoint   ] Safepoint "Cleanup", Time since last: 1000142130 ns, Reaching safepoint: 67408 ns, At safepoint: 5449 ns, Total: 72857 ns
[2023-10-31T02:11:26.676+0000][7][safepoint   ] Safepoint "Cleanup", Time since last: 3000281784 ns, Reaching safepoint: 93227 ns, At safepoint: 7726 ns, Total: 100953 ns
[2023-10-31T02:11:27.676+0000][7][safepoint   ] Safepoint "Cleanup", Time since last: 1000142069 ns, Reaching safepoint: 68824 ns, At safepoint: 6007 ns, Total: 74831 ns
[2023-10-31T02:11:28.677+0000][7][safepoint   ] Safepoint "Cleanup", Time since last: 1000403472 ns, Reaching safepoint: 59040 ns, At safepoint: 26263 ns, Total: 85303 ns
[2023-10-31T02:11:30.245+0000][7][safepoint   ] Safepoint "Cleanup", Time since last: 1568283183 ns, Reaching safepoint: 116840 ns, At safepoint: 8338 ns, Total: 125178 ns
[2023-10-31T02:11:31.246+0000][7][safepoint   ] Safepoint "Cleanup", Time since last: 1000443986 ns, Reaching safepoint: 83809 ns, At safepoint: 10231 ns, Total: 94040 ns
[2023-10-31T02:11:32.246+0000][7][safepoint   ] Safepoint "Cleanup", Time since last: 1000098228 ns, Reaching safepoint: 78259 ns, At safepoint: 5981 ns, Total: 84240 ns
[2023-10-31T02:11:33.246+0000][7][safepoint   ] Safepoint "Cleanup", Time since last: 1000151428 ns, Reaching safepoint: 187081 ns, At safepoint: 7151 ns, Total: 194232 ns
[2023-10-31T02:11:35.247+0000][7][safepoint   ] Safepoint "Cleanup", Time since last: 2000182271 ns, Reaching safepoint: 108784 ns, At safepoint: 8788 ns, Total: 117572 ns
[2023-10-31T02:11:36.247+0000][7][safepoint   ] Safepoint "Cleanup", Time since last: 1000201230 ns, Reaching safepoint: 46589 ns, At safepoint: 21787 ns, Total: 68376 ns
[2023-10-31T02:11:38.184+0000][7][gc,start    ] GC(36) Pause Young (Normal) (G1 Evacuation Pause)
[2023-10-31T02:11:38.184+0000][7][gc,task     ] GC(36) Using 8 workers of 8 for evacuation
[2023-10-31T02:11:38.184+0000][7][gc,age      ] GC(36) Desired survivor size 20971520 bytes, new threshold 15 (max threshold 15)
[2023-10-31T02:11:38.190+0000][7][gc,age      ] GC(36) Age table with threshold 15 (max threshold 15)
[2023-10-31T02:11:38.190+0000][7][gc,age      ] GC(36) - age   1:    1794040 bytes,    1794040 total
[2023-10-31T02:11:38.190+0000][7][gc,age      ] GC(36) - age   2:     376944 bytes,    2170984 total
[2023-10-31T02:11:38.190+0000][7][gc,age      ] GC(36) - age   3:     387008 bytes,    2557992 total
[2023-10-31T02:11:38.190+0000][7][gc,age      ] GC(36) - age   4:     752872 bytes,    3310864 total
[2023-10-31T02:11:38.190+0000][7][gc,age      ] GC(36) - age   5:     350840 bytes,    3661704 total
[2023-10-31T02:11:38.190+0000][7][gc,age      ] GC(36) - age   6:     393792 bytes,    4055496 total
[2023-10-31T02:11:38.190+0000][7][gc,age      ] GC(36) - age   7:    1112688 bytes,    5168184 total
[2023-10-31T02:11:38.190+0000][7][gc,age      ] GC(36) - age   8:    1116920 bytes,    6285104 total
[2023-10-31T02:11:38.190+0000][7][gc,age      ] GC(36) - age   9:     139280 bytes,    6424384 total
[2023-10-31T02:11:38.190+0000][7][gc,age      ] GC(36) - age  10:     108352 bytes,    6532736 total
[2023-10-31T02:11:38.190+0000][7][gc,age      ] GC(36) - age  11:     314360 bytes,    6847096 total
[2023-10-31T02:11:38.190+0000][7][gc,age      ] GC(36) - age  12:     487904 bytes,    7335000 total
[2023-10-31T02:11:38.190+0000][7][gc,age      ] GC(36) - age  13:    1455704 bytes,    8790704 total
[2023-10-31T02:11:38.190+0000][7][gc,age      ] GC(36) - age  14:     260288 bytes,    9050992 total
[2023-10-31T02:11:38.190+0000][7][gc,age      ] GC(36) - age  15:      59368 bytes,    9110360 total
[2023-10-31T02:11:38.190+0000][7][gc,phases   ] GC(36)   Pre Evacuate Collection Set: 0.1ms
[2023-10-31T02:11:38.190+0000][7][gc,phases   ] GC(36)   Merge Heap Roots: 0.0ms
[2023-10-31T02:11:38.190+0000][7][gc,phases   ] GC(36)   Evacuate Collection Set: 4.9ms
[2023-10-31T02:11:38.190+0000][7][gc,phases   ] GC(36)   Post Evacuate Collection Set: 0.7ms
[2023-10-31T02:11:38.190+0000][7][gc,phases   ] GC(36)   Other: 0.3ms
[2023-10-31T02:11:38.190+0000][7][gc,heap     ] GC(36) Eden regions: 73->0(73)
[2023-10-31T02:11:38.190+0000][7][gc,heap     ] GC(36) Survivor regions: 3->3(10)
[2023-10-31T02:11:38.190+0000][7][gc,heap     ] GC(36) Old regions: 21->22
[2023-10-31T02:11:38.190+0000][7][gc,heap     ] GC(36) Archive regions: 2->2
[2023-10-31T02:11:38.190+0000][7][gc,heap     ] GC(36) Humongous regions: 5->5
[2023-10-31T02:11:38.190+0000][7][gc,metaspace] GC(36) Metaspace: 115986K(117760K)->115986K(117760K) NonClass: 100273K(101248K)->100273K(101248K) Class: 15713K(16512K)->15713K(16512K)
[2023-10-31T02:11:38.190+0000][7][gc          ] GC(36) Pause Young (Normal) (G1 Evacuation Pause) 410M->118M(512M) 6.084ms
[2023-10-31T02:11:38.190+0000][7][gc,cpu      ] GC(36) User=0.03s Sys=0.01s Real=0.00s
[2023-10-31T02:11:38.190+0000][7][safepoint   ] Safepoint "G1CollectForAllocation", Time since last: 1936840202 ns, Reaching safepoint: 65671 ns, At safepoint: 6163494 ns, Total: 6229165 ns
[2023-10-31T02:11:39.190+0000][7][safepoint   ] Safepoint "Cleanup", Time since last: 1000163957 ns, Reaching safepoint: 157652 ns, At safepoint: 6734 ns, Total: 164386 ns
[2023-10-31T02:11:41.191+0000][7][safepoint   ] Safepoint "Cleanup", Time since last: 2000182625 ns, Reaching safepoint: 66089 ns, At safepoint: 4564 ns, Total: 70653 ns
[2023-10-31T02:11:42.191+0000][7][safepoint   ] Safepoint "Cleanup", Time since last: 1000192642 ns, Reaching safepoint: 34481 ns, At safepoint: 4435 ns, Total: 38916 ns
[2023-10-31T02:11:44.191+0000][7][safepoint   ] Safepoint "Cleanup", Time since last: 2000311638 ns, Reaching safepoint: 85231 ns, At safepoint: 8479 ns, Total: 93710 ns
[2023-10-31T02:11:45.191+0000][7][safepoint   ] Safepoint "Cleanup", Time since last: 1000104634 ns, Reaching safepoint: 101645 ns, At safepoint: 7671 ns, Total: 109316 ns
[2023-10-31T02:11:46.192+0000][7][safepoint   ] Safepoint "Cleanup", Time since last: 1000253766 ns, Reaching safepoint: 146114 ns, At safepoint: 4303 ns, Total: 150417 ns
[2023-10-31T02:11:48.192+0000][7][safepoint   ] Safepoint "Cleanup", Time since last: 2000171079 ns, Reaching safepoint: 105849 ns, At safepoint: 15598 ns, Total: 121447 ns
[2023-10-31T02:11:49.196+0000][7][safepoint   ] Safepoint "Cleanup", Time since last: 1003582596 ns, Reaching safepoint: 99601 ns, At safepoint: 8054 ns, Total: 107655 ns
[2023-10-31T02:11:50.196+0000][7][safepoint   ] Safepoint "Cleanup", Time since last: 1000113009 ns, Reaching safepoint: 119346 ns, At safepoint: 30256 ns, Total: 149602 ns
[2023-10-31T02:11:51.196+0000][7][safepoint   ] Safepoint "Cleanup", Time since last: 1000114611 ns, Reaching safepoint: 99161 ns, At safepoint: 10929 ns, Total: 110090 ns
[2023-10-31T02:11:53.197+0000][7][safepoint   ] Safepoint "Cleanup", Time since last: 2000265535 ns, Reaching safepoint: 123647 ns, At safepoint: 4857 ns, Total: 128504 ns
[2023-10-31T02:11:54.197+0000][7][safepoint   ] Safepoint "Cleanup", Time since last: 1000080619 ns, Reaching safepoint: 63619 ns, At safepoint: 7153 ns, Total: 70772 ns
[2023-10-31T02:11:56.197+0000][7][safepoint   ] Safepoint "Cleanup", Time since last: 2000173098 ns, Reaching safepoint: 53596 ns, At safepoint: 10157 ns, Total: 63753 ns
[2023-10-31T02:11:56.290+0000][7][gc,start    ] GC(37) Pause Young (Normal) (G1 Evacuation Pause)
[2023-10-31T02:11:56.290+0000][7][gc,task     ] GC(37) Using 8 workers of 8 for evacuation
[2023-10-31T02:11:56.290+0000][7][gc,age      ] GC(37) Desired survivor size 20971520 bytes, new threshold 15 (max threshold 15)
[2023-10-31T02:11:56.295+0000][7][gc,age      ] GC(37) Age table with threshold 15 (max threshold 15)
[2023-10-31T02:11:56.295+0000][7][gc,age      ] GC(37) - age   1:    2364312 bytes,    2364312 total
[2023-10-31T02:11:56.295+0000][7][gc,age      ] GC(37) - age   2:     645672 bytes,    3009984 total
[2023-10-31T02:11:56.295+0000][7][gc,age      ] GC(37) - age   3:     239312 bytes,    3249296 total
[2023-10-31T02:11:56.295+0000][7][gc,age      ] GC(37) - age   4:     384680 bytes,    3633976 total
[2023-10-31T02:11:56.295+0000][7][gc,age      ] GC(37) - age   5:     678416 bytes,    4312392 total
[2023-10-31T02:11:56.295+0000][7][gc,age      ] GC(37) - age   6:     350712 bytes,    4663104 total
[2023-10-31T02:11:56.295+0000][7][gc,age      ] GC(37) - age   7:     393792 bytes,    5056896 total
[2023-10-31T02:11:56.295+0000][7][gc,age      ] GC(37) - age   8:    1112448 bytes,    6169344 total
[2023-10-31T02:11:56.295+0000][7][gc,age      ] GC(37) - age   9:    1116920 bytes,    7286264 total
[2023-10-31T02:11:56.295+0000][7][gc,age      ] GC(37) - age  10:     139216 bytes,    7425480 total
[2023-10-31T02:11:56.295+0000][7][gc,age      ] GC(37) - age  11:     108352 bytes,    7533832 total
[2023-10-31T02:11:56.295+0000][7][gc,age      ] GC(37) - age  12:     314360 bytes,    7848192 total
[2023-10-31T02:11:56.295+0000][7][gc,age      ] GC(37) - age  13:     487904 bytes,    8336096 total
[2023-10-31T02:11:56.295+0000][7][gc,age      ] GC(37) - age  14:    1455704 bytes,    9791800 total
[2023-10-31T02:11:56.295+0000][7][gc,age      ] GC(37) - age  15:     260288 bytes,   10052088 total
[2023-10-31T02:11:56.295+0000][7][gc,phases   ] GC(37)   Pre Evacuate Collection Set: 0.1ms
[2023-10-31T02:11:56.295+0000][7][gc,phases   ] GC(37)   Merge Heap Roots: 0.0ms
[2023-10-31T02:11:56.295+0000][7][gc,phases   ] GC(37)   Evacuate Collection Set: 3.9ms
[2023-10-31T02:11:56.295+0000][7][gc,phases   ] GC(37)   Post Evacuate Collection Set: 0.7ms
[2023-10-31T02:11:56.295+0000][7][gc,phases   ] GC(37)   Other: 0.4ms
[2023-10-31T02:11:56.295+0000][7][gc,heap     ] GC(37) Eden regions: 73->0(73)
[2023-10-31T02:11:56.295+0000][7][gc,heap     ] GC(37) Survivor regions: 3->3(10)
[2023-10-31T02:11:56.295+0000][7][gc,heap     ] GC(37) Old regions: 22->22
[2023-10-31T02:11:56.295+0000][7][gc,heap     ] GC(37) Archive regions: 2->2
[2023-10-31T02:11:56.295+0000][7][gc,heap     ] GC(37) Humongous regions: 5->5
[2023-10-31T02:11:56.295+0000][7][gc,metaspace] GC(37) Metaspace: 116173K(118016K)->116173K(118016K) NonClass: 100458K(101504K)->100458K(101504K) Class: 15714K(16512K)->15714K(16512K)
[2023-10-31T02:11:56.296+0000][7][gc          ] GC(37) Pause Young (Normal) (G1 Evacuation Pause) 410M->119M(512M) 5.293ms
[2023-10-31T02:11:56.296+0000][7][gc,cpu      ] GC(37) User=0.03s Sys=0.00s Real=0.01s
[2023-10-31T02:11:56.296+0000][7][safepoint   ] Safepoint "G1CollectForAllocation", Time since last: 93079989 ns, Reaching safepoint: 93088 ns, At safepoint: 5383401 ns, Total: 5476489 ns
[2023-10-31T02:11:57.296+0000][7][safepoint   ] Safepoint "Cleanup", Time since last: 1000078111 ns, Reaching safepoint: 134480 ns, At safepoint: 5879 ns, Total: 140359 ns
[2023-10-31T02:11:58.296+0000][7][safepoint   ] Safepoint "Cleanup", Time since last: 1000159781 ns, Reaching safepoint: 70577 ns, At safepoint: 4406 ns, Total: 74983 ns
[2023-10-31T02:11:59.296+0000][7][safepoint   ] Safepoint "Cleanup", Time since last: 1000089677 ns, Reaching safepoint: 51952 ns, At safepoint: 4615 ns, Total: 56567 ns
[2023-10-31T02:12:01.297+0000][7][safepoint   ] Safepoint "Cleanup", Time since last: 2000439990 ns, Reaching safepoint: 42404 ns, At safepoint: 3801 ns, Total: 46205 ns
[2023-10-31T02:12:02.297+0000][7][safepoint   ] Safepoint "Cleanup", Time since last: 1000152334 ns, Reaching safepoint: 54306 ns, At safepoint: 4058 ns, Total: 58364 ns
[2023-10-31T02:12:03.297+0000][7][safepoint   ] Safepoint "Cleanup", Time since last: 1000112180 ns, Reaching safepoint: 124464 ns, At safepoint: 7386 ns, Total: 131850 ns
[2023-10-31T02:12:05.298+0000][7][safepoint   ] Safepoint "Cleanup", Time since last: 2000368387 ns, Reaching safepoint: 70801 ns, At safepoint: 8991 ns, Total: 79792 ns
[2023-10-31T02:12:06.298+0000][7][safepoint   ] Safepoint "Cleanup", Time since last: 1000120247 ns, Reaching safepoint: 53337 ns, At safepoint: 3758 ns, Total: 57095 ns
[2023-10-31T02:12:08.298+0000][7][safepoint   ] Safepoint "Cleanup", Time since last: 2000300927 ns, Reaching safepoint: 81326 ns, At safepoint: 6588 ns, Total: 87914 ns
[2023-10-31T02:12:09.299+0000][7][safepoint   ] Safepoint "Cleanup", Time since last: 1000337702 ns, Reaching safepoint: 78914 ns, At safepoint: 3934 ns, Total: 82848 ns
[2023-10-31T02:12:11.299+0000][7][safepoint   ] Safepoint "Cleanup", Time since last: 2000425470 ns, Reaching safepoint: 69546 ns, At safepoint: 4745 ns, Total: 74291 ns
[2023-10-31T02:12:12.299+0000][7][safepoint   ] Safepoint "Cleanup", Time since last: 1000336261 ns, Reaching safepoint: 31757 ns, At safepoint: 4302 ns, Total: 36059 ns
[2023-10-31T02:12:13.300+0000][7][safepoint   ] Safepoint "Cleanup", Time since last: 1000182137 ns, Reaching safepoint: 71597 ns, At safepoint: 5922 ns, Total: 77519 ns
[2023-10-31T02:12:14.300+0000][7][safepoint   ] Safepoint "Cleanup", Time since last: 1000125274 ns, Reaching safepoint: 149229 ns, At safepoint: 9311 ns, Total: 158540 ns
[2023-10-31T02:12:15.300+0000][7][safepoint   ] Safepoint "Cleanup", Time since last: 1000166654 ns, Reaching safepoint: 84422 ns, At safepoint: 27301 ns, Total: 111723 ns
[2023-10-31T02:12:16.100+0000][7][gc,start    ] GC(38) Pause Young (Normal) (G1 Evacuation Pause)
[2023-10-31T02:12:16.100+0000][7][gc,task     ] GC(38) Using 8 workers of 8 for evacuation
[2023-10-31T02:12:16.100+0000][7][gc,age      ] GC(38) Desired survivor size 20971520 bytes, new threshold 15 (max threshold 15)
[2023-10-31T02:12:16.111+0000][7][gc,age      ] GC(38) Age table with threshold 15 (max threshold 15)
[2023-10-31T02:12:16.111+0000][7][gc,age      ] GC(38) - age   1:    1975896 bytes,    1975896 total
[2023-10-31T02:12:16.111+0000][7][gc,age      ] GC(38) - age   2:     591624 bytes,    2567520 total
[2023-10-31T02:12:16.111+0000][7][gc,age      ] GC(38) - age   3:     501208 bytes,    3068728 total
[2023-10-31T02:12:16.111+0000][7][gc,age      ] GC(38) - age   4:     238616 bytes,    3307344 total
[2023-10-31T02:12:16.111+0000][7][gc,age      ] GC(38) - age   5:     384368 bytes,    3691712 total
[2023-10-31T02:12:16.111+0000][7][gc,age      ] GC(38) - age   6:     645504 bytes,    4337216 total
[2023-10-31T02:12:16.111+0000][7][gc,age      ] GC(38) - age   7:     350712 bytes,    4687928 total
[2023-10-31T02:12:16.111+0000][7][gc,age      ] GC(38) - age   8:     393792 bytes,    5081720 total
[2023-10-31T02:12:16.111+0000][7][gc,age      ] GC(38) - age   9:    1112448 bytes,    6194168 total
[2023-10-31T02:12:16.111+0000][7][gc,age      ] GC(38) - age  10:    1116920 bytes,    7311088 total
[2023-10-31T02:12:16.111+0000][7][gc,age      ] GC(38) - age  11:     139216 bytes,    7450304 total
[2023-10-31T02:12:16.111+0000][7][gc,age      ] GC(38) - age  12:     108352 bytes,    7558656 total
[2023-10-31T02:12:16.111+0000][7][gc,age      ] GC(38) - age  13:     314360 bytes,    7873016 total
[2023-10-31T02:12:16.111+0000][7][gc,age      ] GC(38) - age  14:     487904 bytes,    8360920 total
[2023-10-31T02:12:16.111+0000][7][gc,age      ] GC(38) - age  15:    1455704 bytes,    9816624 total
[2023-10-31T02:12:16.111+0000][7][gc,phases   ] GC(38)   Pre Evacuate Collection Set: 0.1ms
[2023-10-31T02:12:16.111+0000][7][gc,phases   ] GC(38)   Merge Heap Roots: 0.1ms
[2023-10-31T02:12:16.111+0000][7][gc,phases   ] GC(38)   Evacuate Collection Set: 9.6ms
[2023-10-31T02:12:16.111+0000][7][gc,phases   ] GC(38)   Post Evacuate Collection Set: 0.6ms
[2023-10-31T02:12:16.111+0000][7][gc,phases   ] GC(38)   Other: 0.3ms
[2023-10-31T02:12:16.111+0000][7][gc,heap     ] GC(38) Eden regions: 73->0(73)
[2023-10-31T02:12:16.111+0000][7][gc,heap     ] GC(38) Survivor regions: 3->3(10)
[2023-10-31T02:12:16.111+0000][7][gc,heap     ] GC(38) Old regions: 22->22
[2023-10-31T02:12:16.111+0000][7][gc,heap     ] GC(38) Archive regions: 2->2
[2023-10-31T02:12:16.111+0000][7][gc,heap     ] GC(38) Humongous regions: 5->5
[2023-10-31T02:12:16.111+0000][7][gc,metaspace] GC(38) Metaspace: 116258K(118080K)->116258K(118080K) NonClass: 100543K(101568K)->100543K(101568K) Class: 15714K(16512K)->15714K(16512K)
[2023-10-31T02:12:16.111+0000][7][gc          ] GC(38) Pause Young (Normal) (G1 Evacuation Pause) 411M->120M(512M) 10.571ms
[2023-10-31T02:12:16.111+0000][7][gc,cpu      ] GC(38) User=0.04s Sys=0.00s Real=0.01s
[2023-10-31T02:12:16.111+0000][7][safepoint   ] Safepoint "G1CollectForAllocation", Time since last: 799981773 ns, Reaching safepoint: 36187 ns, At safepoint: 10656915 ns, Total: 10693102 ns
[2023-10-31T02:12:18.111+0000][7][safepoint   ] Safepoint "Cleanup", Time since last: 2000286663 ns, Reaching safepoint: 165415 ns, At safepoint: 6820 ns, Total: 172235 ns
[2023-10-31T02:12:19.112+0000][7][safepoint   ] Safepoint "Cleanup", Time since last: 1000336475 ns, Reaching safepoint: 38458 ns, At safepoint: 4755 ns, Total: 43213 ns
[2023-10-31T02:12:20.112+0000][7][safepoint   ] Safepoint "Cleanup", Time since last: 1000270165 ns, Reaching safepoint: 122717 ns, At safepoint: 5184 ns, Total: 127901 ns
[2023-10-31T02:12:21.112+0000][7][safepoint   ] Safepoint "Cleanup", Time since last: 1000213732 ns, Reaching safepoint: 77159 ns, At safepoint: 7444 ns, Total: 84603 ns
[2023-10-31T02:12:23.113+0000][7][safepoint   ] Safepoint "Cleanup", Time since last: 2000651529 ns, Reaching safepoint: 33191 ns, At safepoint: 4636 ns, Total: 37827 ns
[2023-10-31T02:12:24.113+0000][7][safepoint   ] Safepoint "Cleanup", Time since last: 1000270404 ns, Reaching safepoint: 36532 ns, At safepoint: 4322 ns, Total: 40854 ns
[2023-10-31T02:12:26.114+0000][7][safepoint   ] Safepoint "Cleanup", Time since last: 2000202727 ns, Reaching safepoint: 90651 ns, At safepoint: 4704 ns, Total: 95355 ns
[2023-10-31T02:12:27.114+0000][7][safepoint   ] Safepoint "Cleanup", Time since last: 1000320000 ns, Reaching safepoint: 48872 ns, At safepoint: 25899 ns, Total: 74771 ns
[2023-10-31T02:12:28.115+0000][7][safepoint   ] Safepoint "Cleanup", Time since last: 1000337462 ns, Reaching safepoint: 34058 ns, At safepoint: 5716 ns, Total: 39774 ns
[2023-10-31T02:12:29.115+0000][7][safepoint   ] Safepoint "Cleanup", Time since last: 1000372438 ns, Reaching safepoint: 34635 ns, At safepoint: 5368 ns, Total: 40003 ns
[2023-10-31T02:12:30.115+0000][7][safepoint   ] Safepoint "Cleanup", Time since last: 1000178518 ns, Reaching safepoint: 81447 ns, At safepoint: 7635 ns, Total: 89082 ns
[2023-10-31T02:12:31.115+0000][7][safepoint   ] Safepoint "Cleanup", Time since last: 1000119899 ns, Reaching safepoint: 37646 ns, At safepoint: 3626 ns, Total: 41272 ns
[2023-10-31T02:12:33.116+0000][7][safepoint   ] Safepoint "Cleanup", Time since last: 2000260188 ns, Reaching safepoint: 74908 ns, At safepoint: 6303 ns, Total: 81211 ns
[2023-10-31T02:12:33.997+0000][7][gc,start    ] GC(39) Pause Young (Normal) (G1 Evacuation Pause)
[2023-10-31T02:12:33.997+0000][7][gc,task     ] GC(39) Using 8 workers of 8 for evacuation
[2023-10-31T02:12:33.997+0000][7][gc,age      ] GC(39) Desired survivor size 20971520 bytes, new threshold 15 (max threshold 15)
[2023-10-31T02:12:34.002+0000][7][gc,age      ] GC(39) Age table with threshold 15 (max threshold 15)
[2023-10-31T02:12:34.002+0000][7][gc,age      ] GC(39) - age   1:    2007840 bytes,    2007840 total
[2023-10-31T02:12:34.002+0000][7][gc,age      ] GC(39) - age   2:     677776 bytes,    2685616 total
[2023-10-31T02:12:34.002+0000][7][gc,age      ] GC(39) - age   3:     439328 bytes,    3124944 total
[2023-10-31T02:12:34.002+0000][7][gc,age      ] GC(39) - age   4:     500208 bytes,    3625152 total
[2023-10-31T02:12:34.002+0000][7][gc,age      ] GC(39) - age   5:     237896 bytes,    3863048 total
[2023-10-31T02:12:34.002+0000][7][gc,age      ] GC(39) - age   6:     384176 bytes,    4247224 total
[2023-10-31T02:12:34.002+0000][7][gc,age      ] GC(39) - age   7:     645368 bytes,    4892592 total
[2023-10-31T02:12:34.002+0000][7][gc,age      ] GC(39) - age   8:     350392 bytes,    5242984 total
[2023-10-31T02:12:34.002+0000][7][gc,age      ] GC(39) - age   9:     393792 bytes,    5636776 total
[2023-10-31T02:12:34.002+0000][7][gc,age      ] GC(39) - age  10:    1112448 bytes,    6749224 total
[2023-10-31T02:12:34.002+0000][7][gc,age      ] GC(39) - age  11:    1116920 bytes,    7866144 total
[2023-10-31T02:12:34.002+0000][7][gc,age      ] GC(39) - age  12:     139216 bytes,    8005360 total
[2023-10-31T02:12:34.002+0000][7][gc,age      ] GC(39) - age  13:     108352 bytes,    8113712 total
[2023-10-31T02:12:34.002+0000][7][gc,age      ] GC(39) - age  14:     314360 bytes,    8428072 total
[2023-10-31T02:12:34.002+0000][7][gc,age      ] GC(39) - age  15:     487904 bytes,    8915976 total
[2023-10-31T02:12:34.002+0000][7][gc,phases   ] GC(39)   Pre Evacuate Collection Set: 0.1ms
[2023-10-31T02:12:34.002+0000][7][gc,phases   ] GC(39)   Merge Heap Roots: 0.0ms
[2023-10-31T02:12:34.002+0000][7][gc,phases   ] GC(39)   Evacuate Collection Set: 3.6ms
[2023-10-31T02:12:34.002+0000][7][gc,phases   ] GC(39)   Post Evacuate Collection Set: 0.7ms
[2023-10-31T02:12:34.002+0000][7][gc,phases   ] GC(39)   Other: 0.3ms
[2023-10-31T02:12:34.002+0000][7][gc,heap     ] GC(39) Eden regions: 73->0(73)
[2023-10-31T02:12:34.002+0000][7][gc,heap     ] GC(39) Survivor regions: 3->3(10)
[2023-10-31T02:12:34.002+0000][7][gc,heap     ] GC(39) Old regions: 22->22
[2023-10-31T02:12:34.002+0000][7][gc,heap     ] GC(39) Archive regions: 2->2
[2023-10-31T02:12:34.002+0000][7][gc,heap     ] GC(39) Humongous regions: 5->5
[2023-10-31T02:12:34.002+0000][7][gc,metaspace] GC(39) Metaspace: 116314K(118144K)->116314K(118144K) NonClass: 100599K(101632K)->100599K(101632K) Class: 15714K(16512K)->15714K(16512K)
[2023-10-31T02:12:34.002+0000][7][gc          ] GC(39) Pause Young (Normal) (G1 Evacuation Pause) 412M->120M(512M) 4.910ms
[2023-10-31T02:12:34.002+0000][7][gc,cpu      ] GC(39) User=0.03s Sys=0.00s Real=0.00s
[2023-10-31T02:12:34.002+0000][7][safepoint   ] Safepoint "G1CollectForAllocation", Time since last: 881247804 ns, Reaching safepoint: 76554 ns, At safepoint: 4976298 ns, Total: 5052852 ns
[2023-10-31T02:12:36.002+0000][7][safepoint   ] Safepoint "Cleanup", Time since last: 2000137492 ns, Reaching safepoint: 97400 ns, At safepoint: 5886 ns, Total: 103286 ns
[2023-10-31T02:12:39.003+0000][7][safepoint   ] Safepoint "Cleanup", Time since last: 3000512604 ns, Reaching safepoint: 105669 ns, At safepoint: 7128 ns, Total: 112797 ns
[2023-10-31T02:12:40.003+0000][7][safepoint   ] Safepoint "Cleanup", Time since last: 1000144099 ns, Reaching safepoint: 144067 ns, At safepoint: 8790 ns, Total: 152857 ns
[2023-10-31T02:12:41.003+0000][7][safepoint   ] Safepoint "Cleanup", Time since last: 1000180227 ns, Reaching safepoint: 56964 ns, At safepoint: 4180 ns, Total: 61144 ns
[2023-10-31T02:12:42.004+0000][7][safepoint   ] Safepoint "Cleanup", Time since last: 1000129146 ns, Reaching safepoint: 83441 ns, At safepoint: 8735 ns, Total: 92176 ns
[2023-10-31T02:12:44.004+0000][7][safepoint   ] Safepoint "Cleanup", Time since last: 2000288415 ns, Reaching safepoint: 111767 ns, At safepoint: 8614 ns, Total: 120381 ns
[2023-10-31T02:12:45.004+0000][7][safepoint   ] Safepoint "Cleanup", Time since last: 1000355066 ns, Reaching safepoint: 41672 ns, At safepoint: 5516 ns, Total: 47188 ns
[2023-10-31T02:12:46.005+0000][7][safepoint   ] Safepoint "Cleanup", Time since last: 1000215387 ns, Reaching safepoint: 146269 ns, At safepoint: 28250 ns, Total: 174519 ns
[2023-10-31T02:12:48.005+0000][7][safepoint   ] Safepoint "Cleanup", Time since last: 2000202947 ns, Reaching safepoint: 58897 ns, At safepoint: 6653 ns, Total: 65550 ns
[2023-10-31T02:12:49.005+0000][7][safepoint   ] Safepoint "Cleanup", Time since last: 1000135814 ns, Reaching safepoint: 137889 ns, At safepoint: 4840 ns, Total: 142729 ns
[2023-10-31T02:12:50.006+0000][7][safepoint   ] Safepoint "Cleanup", Time since last: 1000391655 ns, Reaching safepoint: 86127 ns, At safepoint: 7617 ns, Total: 93744 ns
[2023-10-31T02:12:50.874+0000][7][gc,start    ] GC(40) Pause Young (Normal) (G1 Evacuation Pause)
[2023-10-31T02:12:50.875+0000][7][gc,task     ] GC(40) Using 8 workers of 8 for evacuation
[2023-10-31T02:12:50.875+0000][7][gc,age      ] GC(40) Desired survivor size 20971520 bytes, new threshold 15 (max threshold 15)
[2023-10-31T02:12:50.884+0000][7][gc,age      ] GC(40) Age table with threshold 15 (max threshold 15)
[2023-10-31T02:12:50.884+0000][7][gc,age      ] GC(40) - age   1:    1449640 bytes,    1449640 total
[2023-10-31T02:12:50.884+0000][7][gc,age      ] GC(40) - age   2:     463648 bytes,    1913288 total
[2023-10-31T02:12:50.884+0000][7][gc,age      ] GC(40) - age   3:     501016 bytes,    2414304 total
[2023-10-31T02:12:50.884+0000][7][gc,age      ] GC(40) - age   4:     438880 bytes,    2853184 total
[2023-10-31T02:12:50.884+0000][7][gc,age      ] GC(40) - age   5:     500008 bytes,    3353192 total
[2023-10-31T02:12:50.884+0000][7][gc,age      ] GC(40) - age   6:     237896 bytes,    3591088 total
[2023-10-31T02:12:50.884+0000][7][gc,age      ] GC(40) - age   7:     384112 bytes,    3975200 total
[2023-10-31T02:12:50.884+0000][7][gc,age      ] GC(40) - age   8:     645336 bytes,    4620536 total
[2023-10-31T02:12:50.884+0000][7][gc,age      ] GC(40) - age   9:     350392 bytes,    4970928 total
[2023-10-31T02:12:50.884+0000][7][gc,age      ] GC(40) - age  10:     393656 bytes,    5364584 total
[2023-10-31T02:12:50.884+0000][7][gc,age      ] GC(40) - age  11:    1112448 bytes,    6477032 total
[2023-10-31T02:12:50.884+0000][7][gc,age      ] GC(40) - age  12:    1116920 bytes,    7593952 total
[2023-10-31T02:12:50.884+0000][7][gc,age      ] GC(40) - age  13:     139216 bytes,    7733168 total
[2023-10-31T02:12:50.884+0000][7][gc,age      ] GC(40) - age  14:     108272 bytes,    7841440 total
[2023-10-31T02:12:50.884+0000][7][gc,age      ] GC(40) - age  15:     314360 bytes,    8155800 total
[2023-10-31T02:12:50.884+0000][7][gc,phases   ] GC(40)   Pre Evacuate Collection Set: 0.1ms
[2023-10-31T02:12:50.884+0000][7][gc,phases   ] GC(40)   Merge Heap Roots: 0.0ms
[2023-10-31T02:12:50.884+0000][7][gc,phases   ] GC(40)   Evacuate Collection Set: 8.6ms
[2023-10-31T02:12:50.884+0000][7][gc,phases   ] GC(40)   Post Evacuate Collection Set: 0.5ms
[2023-10-31T02:12:50.884+0000][7][gc,phases   ] GC(40)   Other: 0.3ms
[2023-10-31T02:12:50.884+0000][7][gc,heap     ] GC(40) Eden regions: 73->0(73)
[2023-10-31T02:12:50.884+0000][7][gc,heap     ] GC(40) Survivor regions: 3->3(10)
[2023-10-31T02:12:50.884+0000][7][gc,heap     ] GC(40) Old regions: 22->22
[2023-10-31T02:12:50.884+0000][7][gc,heap     ] GC(40) Archive regions: 2->2
[2023-10-31T02:12:50.884+0000][7][gc,heap     ] GC(40) Humongous regions: 5->5
[2023-10-31T02:12:50.884+0000][7][gc,metaspace] GC(40) Metaspace: 116437K(118272K)->116437K(118272K) NonClass: 100721K(101760K)->100721K(101760K) Class: 15715K(16512K)->15715K(16512K)
[2023-10-31T02:12:50.884+0000][7][gc          ] GC(40) Pause Young (Normal) (G1 Evacuation Pause) 412M->120M(512M) 9.557ms
[2023-10-31T02:12:50.884+0000][7][gc,cpu      ] GC(40) User=0.03s Sys=0.00s Real=0.01s
[2023-10-31T02:12:50.884+0000][7][safepoint   ] Safepoint "G1CollectForAllocation", Time since last: 868358864 ns, Reaching safepoint: 173526 ns, At safepoint: 9619406 ns, Total: 9792932 ns
[2023-10-31T02:12:52.885+0000][7][safepoint   ] Safepoint "Cleanup", Time since last: 2000457448 ns, Reaching safepoint: 39083 ns, At safepoint: 4080 ns, Total: 43163 ns
[2023-10-31T02:12:53.885+0000][7][safepoint   ] Safepoint "Cleanup", Time since last: 1000371279 ns, Reaching safepoint: 92837 ns, At safepoint: 8079 ns, Total: 100916 ns
[2023-10-31T02:12:54.885+0000][7][safepoint   ] Safepoint "Cleanup", Time since last: 1000180013 ns, Reaching safepoint: 164657 ns, At safepoint: 28212 ns, Total: 192869 ns
[2023-10-31T02:12:55.886+0000][7][safepoint   ] Safepoint "Cleanup", Time since last: 1000353844 ns, Reaching safepoint: 61857 ns, At safepoint: 26515 ns, Total: 88372 ns
[2023-10-31T02:12:56.886+0000][7][safepoint   ] Safepoint "Cleanup", Time since last: 1000112454 ns, Reaching safepoint: 52381 ns, At safepoint: 33707 ns, Total: 86088 ns
[2023-10-31T02:12:58.886+0000][7][safepoint   ] Safepoint "Cleanup", Time since last: 2000240140 ns, Reaching safepoint: 110192 ns, At safepoint: 3969 ns, Total: 114161 ns
[2023-10-31T02:12:59.887+0000][7][safepoint   ] Safepoint "Cleanup", Time since last: 1000354898 ns, Reaching safepoint: 40620 ns, At safepoint: 4210 ns, Total: 44830 ns
[2023-10-31T02:13:00.887+0000][7][safepoint   ] Safepoint "Cleanup", Time since last: 1000133517 ns, Reaching safepoint: 87863 ns, At safepoint: 7030 ns, Total: 94893 ns
[2023-10-31T02:13:02.887+0000][7][safepoint   ] Safepoint "Cleanup", Time since last: 2000221545 ns, Reaching safepoint: 149344 ns, At safepoint: 6701 ns, Total: 156045 ns
[2023-10-31T02:13:03.888+0000][7][safepoint   ] Safepoint "Cleanup", Time since last: 1000116832 ns, Reaching safepoint: 46203 ns, At safepoint: 4001 ns, Total: 50204 ns
[2023-10-31T02:13:05.888+0000][7][safepoint   ] Safepoint "Cleanup", Time since last: 2000299943 ns, Reaching safepoint: 85637 ns, At safepoint: 7378 ns, Total: 93015 ns
[2023-10-31T02:13:08.424+0000][7][gc,start    ] GC(41) Pause Young (Normal) (G1 Evacuation Pause)
[2023-10-31T02:13:08.424+0000][7][gc,task     ] GC(41) Using 8 workers of 8 for evacuation
[2023-10-31T02:13:08.425+0000][7][gc,age      ] GC(41) Desired survivor size 20971520 bytes, new threshold 15 (max threshold 15)
[2023-10-31T02:13:08.434+0000][7][gc,age      ] GC(41) Age table with threshold 15 (max threshold 15)
[2023-10-31T02:13:08.434+0000][7][gc,age      ] GC(41) - age   1:    1725216 bytes,    1725216 total
[2023-10-31T02:13:08.434+0000][7][gc,age      ] GC(41) - age   2:     544560 bytes,    2269776 total
[2023-10-31T02:13:08.434+0000][7][gc,age      ] GC(41) - age   3:     410136 bytes,    2679912 total
[2023-10-31T02:13:08.434+0000][7][gc,age      ] GC(41) - age   4:     374336 bytes,    3054248 total
[2023-10-31T02:13:08.434+0000][7][gc,age      ] GC(41) - age   5:     437976 bytes,    3492224 total
[2023-10-31T02:13:08.434+0000][7][gc,age      ] GC(41) - age   6:     499808 bytes,    3992032 total
[2023-10-31T02:13:08.434+0000][7][gc,age      ] GC(41) - age   7:     237832 bytes,    4229864 total
[2023-10-31T02:13:08.434+0000][7][gc,age      ] GC(41) - age   8:     383968 bytes,    4613832 total
[2023-10-31T02:13:08.434+0000][7][gc,age      ] GC(41) - age   9:     645336 bytes,    5259168 total
[2023-10-31T02:13:08.434+0000][7][gc,age      ] GC(41) - age  10:     350392 bytes,    5609560 total
[2023-10-31T02:13:08.434+0000][7][gc,age      ] GC(41) - age  11:     393600 bytes,    6003160 total
[2023-10-31T02:13:08.434+0000][7][gc,age      ] GC(41) - age  12:    1112448 bytes,    7115608 total
[2023-10-31T02:13:08.434+0000][7][gc,age      ] GC(41) - age  13:    1116920 bytes,    8232528 total
[2023-10-31T02:13:08.434+0000][7][gc,age      ] GC(41) - age  14:     139216 bytes,    8371744 total
[2023-10-31T02:13:08.434+0000][7][gc,age      ] GC(41) - age  15:     108272 bytes,    8480016 total
[2023-10-31T02:13:08.434+0000][7][gc,phases   ] GC(41)   Pre Evacuate Collection Set: 0.1ms
[2023-10-31T02:13:08.434+0000][7][gc,phases   ] GC(41)   Merge Heap Roots: 0.0ms
[2023-10-31T02:13:08.434+0000][7][gc,phases   ] GC(41)   Evacuate Collection Set: 8.8ms
[2023-10-31T02:13:08.434+0000][7][gc,phases   ] GC(41)   Post Evacuate Collection Set: 0.5ms
[2023-10-31T02:13:08.434+0000][7][gc,phases   ] GC(41)   Other: 0.3ms
[2023-10-31T02:13:08.434+0000][7][gc,heap     ] GC(41) Eden regions: 73->0(72)
[2023-10-31T02:13:08.434+0000][7][gc,heap     ] GC(41) Survivor regions: 3->3(10)
[2023-10-31T02:13:08.434+0000][7][gc,heap     ] GC(41) Old regions: 22->23
[2023-10-31T02:13:08.434+0000][7][gc,heap     ] GC(41) Archive regions: 2->2
[2023-10-31T02:13:08.434+0000][7][gc,heap     ] GC(41) Humongous regions: 5->5
[2023-10-31T02:13:08.434+0000][7][gc,metaspace] GC(41) Metaspace: 116550K(118336K)->116550K(118336K) NonClass: 100834K(101824K)->100834K(101824K) Class: 15715K(16512K)->15715K(16512K)
[2023-10-31T02:13:08.434+0000][7][gc          ] GC(41) Pause Young (Normal) (G1 Evacuation Pause) 412M->120M(512M) 9.755ms
[2023-10-31T02:13:08.434+0000][7][gc,cpu      ] GC(41) User=0.02s Sys=0.00s Real=0.01s
[2023-10-31T02:13:08.434+0000][7][safepoint   ] Safepoint "G1CollectForAllocation", Time since last: 2536426978 ns, Reaching safepoint: 50765 ns, At safepoint: 9820993 ns, Total: 9871758 ns
[2023-10-31T02:13:09.434+0000][7][safepoint   ] Safepoint "Cleanup", Time since last: 1000184858 ns, Reaching safepoint: 40382 ns, At safepoint: 4527 ns, Total: 44909 ns
[2023-10-31T02:13:10.435+0000][7][safepoint   ] Safepoint "Cleanup", Time since last: 1000171320 ns, Reaching safepoint: 69539 ns, At safepoint: 4194 ns, Total: 73733 ns
[2023-10-31T02:13:11.435+0000][7][safepoint   ] Safepoint "Cleanup", Time since last: 1000131520 ns, Reaching safepoint: 101241 ns, At safepoint: 9367 ns, Total: 110608 ns
[2023-10-31T02:13:13.435+0000][7][safepoint   ] Safepoint "Cleanup", Time since last: 2000222014 ns, Reaching safepoint: 135633 ns, At safepoint: 6462 ns, Total: 142095 ns
[2023-10-31T02:13:14.436+0000][7][safepoint   ] Safepoint "Cleanup", Time since last: 1000161301 ns, Reaching safepoint: 76676 ns, At safepoint: 4271 ns, Total: 80947 ns
[2023-10-31T02:13:16.436+0000][7][safepoint   ] Safepoint "Cleanup", Time since last: 2000819920 ns, Reaching safepoint: 77166 ns, At safepoint: 7932 ns, Total: 85098 ns
[2023-10-31T02:13:17.437+0000][7][safepoint   ] Safepoint "Cleanup", Time since last: 1000187683 ns, Reaching safepoint: 111589 ns, At safepoint: 3315 ns, Total: 114904 ns
[2023-10-31T02:13:18.437+0000][7][safepoint   ] Safepoint "Cleanup", Time since last: 1000178679 ns, Reaching safepoint: 70398 ns, At safepoint: 5884 ns, Total: 76282 ns
[2023-10-31T02:13:20.437+0000][7][safepoint   ] Safepoint "Cleanup", Time since last: 2000204215 ns, Reaching safepoint: 130266 ns, At safepoint: 13790 ns, Total: 144056 ns
[2023-10-31T02:13:21.438+0000][7][safepoint   ] Safepoint "Cleanup", Time since last: 1000244409 ns, Reaching safepoint: 95588 ns, At safepoint: 9756 ns, Total: 105344 ns
[2023-10-31T02:13:22.438+0000][7][safepoint   ] Safepoint "Cleanup", Time since last: 1000248360 ns, Reaching safepoint: 155798 ns, At safepoint: 4330 ns, Total: 160128 ns
[2023-10-31T02:13:23.438+0000][7][safepoint   ] Safepoint "Cleanup", Time since last: 1000104651 ns, Reaching safepoint: 79377 ns, At safepoint: 4113 ns, Total: 83490 ns
[2023-10-31T02:13:24.439+0000][7][safepoint   ] Safepoint "Cleanup", Time since last: 1000361184 ns, Reaching safepoint: 103114 ns, At safepoint: 8775 ns, Total: 111889 ns
[2023-10-31T02:13:25.439+0000][7][safepoint   ] Safepoint "Cleanup", Time since last: 1000587504 ns, Reaching safepoint: 105729 ns, At safepoint: 6113 ns, Total: 111842 ns
[2023-10-31T02:13:26.243+0000][7][gc,start    ] GC(42) Pause Young (Normal) (G1 Evacuation Pause)
[2023-10-31T02:13:26.243+0000][7][gc,task     ] GC(42) Using 8 workers of 8 for evacuation
[2023-10-31T02:13:26.243+0000][7][gc,age      ] GC(42) Desired survivor size 20971520 bytes, new threshold 15 (max threshold 15)
[2023-10-31T02:13:26.247+0000][7][gc,age      ] GC(42) Age table with threshold 15 (max threshold 15)
[2023-10-31T02:13:26.247+0000][7][gc,age      ] GC(42) - age   1:    1971432 bytes,    1971432 total
[2023-10-31T02:13:26.247+0000][7][gc,age      ] GC(42) - age   2:     291520 bytes,    2262952 total
[2023-10-31T02:13:26.247+0000][7][gc,age      ] GC(42) - age   3:     351592 bytes,    2614544 total
[2023-10-31T02:13:26.247+0000][7][gc,age      ] GC(42) - age   4:     270448 bytes,    2884992 total
[2023-10-31T02:13:26.247+0000][7][gc,age      ] GC(42) - age   5:     373832 bytes,    3258824 total
[2023-10-31T02:13:26.247+0000][7][gc,age      ] GC(42) - age   6:     437976 bytes,    3696800 total
[2023-10-31T02:13:26.247+0000][7][gc,age      ] GC(42) - age   7:     499808 bytes,    4196608 total
[2023-10-31T02:13:26.247+0000][7][gc,age      ] GC(42) - age   8:     237832 bytes,    4434440 total
[2023-10-31T02:13:26.247+0000][7][gc,age      ] GC(42) - age   9:     383672 bytes,    4818112 total
[2023-10-31T02:13:26.247+0000][7][gc,age      ] GC(42) - age  10:     645232 bytes,    5463344 total
[2023-10-31T02:13:26.247+0000][7][gc,age      ] GC(42) - age  11:     350080 bytes,    5813424 total
[2023-10-31T02:13:26.247+0000][7][gc,age      ] GC(42) - age  12:     393600 bytes,    6207024 total
[2023-10-31T02:13:26.247+0000][7][gc,age      ] GC(42) - age  13:    1112448 bytes,    7319472 total
[2023-10-31T02:13:26.247+0000][7][gc,age      ] GC(42) - age  14:    1116920 bytes,    8436392 total
[2023-10-31T02:13:26.247+0000][7][gc,age      ] GC(42) - age  15:     139216 bytes,    8575608 total
[2023-10-31T02:13:26.247+0000][7][gc,phases   ] GC(42)   Pre Evacuate Collection Set: 0.1ms
[2023-10-31T02:13:26.247+0000][7][gc,phases   ] GC(42)   Merge Heap Roots: 0.0ms
[2023-10-31T02:13:26.247+0000][7][gc,phases   ] GC(42)   Evacuate Collection Set: 3.0ms
[2023-10-31T02:13:26.247+0000][7][gc,phases   ] GC(42)   Post Evacuate Collection Set: 0.7ms
[2023-10-31T02:13:26.247+0000][7][gc,phases   ] GC(42)   Other: 0.2ms
[2023-10-31T02:13:26.247+0000][7][gc,heap     ] GC(42) Eden regions: 72->0(72)
[2023-10-31T02:13:26.247+0000][7][gc,heap     ] GC(42) Survivor regions: 3->3(10)
[2023-10-31T02:13:26.247+0000][7][gc,heap     ] GC(42) Old regions: 23->23
[2023-10-31T02:13:26.247+0000][7][gc,heap     ] GC(42) Archive regions: 2->2
[2023-10-31T02:13:26.247+0000][7][gc,heap     ] GC(42) Humongous regions: 5->5
[2023-10-31T02:13:26.247+0000][7][gc,metaspace] GC(42) Metaspace: 116632K(118464K)->116632K(118464K) NonClass: 100916K(101952K)->100916K(101952K) Class: 15715K(16512K)->15715K(16512K)
[2023-10-31T02:13:26.247+0000][7][gc          ] GC(42) Pause Young (Normal) (G1 Evacuation Pause) 408M->120M(512M) 4.100ms
[2023-10-31T02:13:26.247+0000][7][gc,cpu      ] GC(42) User=0.03s Sys=0.00s Real=0.01s
[2023-10-31T02:13:26.247+0000][7][safepoint   ] Safepoint "G1CollectForAllocation", Time since last: 803416923 ns, Reaching safepoint: 40445 ns, At safepoint: 4187295 ns, Total: 4227740 ns
[2023-10-31T02:13:27.247+0000][7][safepoint   ] Safepoint "Cleanup", Time since last: 1000115927 ns, Reaching safepoint: 100862 ns, At safepoint: 5932 ns, Total: 106794 ns
[2023-10-31T02:13:28.248+0000][7][safepoint   ] Safepoint "Cleanup", Time since last: 1000333450 ns, Reaching safepoint: 35929 ns, At safepoint: 5065 ns, Total: 40994 ns
[2023-10-31T02:13:29.248+0000][7][safepoint   ] Safepoint "Cleanup", Time since last: 1000117099 ns, Reaching safepoint: 47898 ns, At safepoint: 5089 ns, Total: 52987 ns
[2023-10-31T02:13:30.248+0000][7][safepoint   ] Safepoint "Cleanup", Time since last: 1000351183 ns, Reaching safepoint: 81689 ns, At safepoint: 8632 ns, Total: 90321 ns
[2023-10-31T02:13:31.249+0000][7][safepoint   ] Safepoint "Cleanup", Time since last: 1000141571 ns, Reaching safepoint: 82494 ns, At safepoint: 7917 ns, Total: 90411 ns
[2023-10-31T02:13:32.249+0000][7][safepoint   ] Safepoint "Cleanup", Time since last: 1000102662 ns, Reaching safepoint: 39658 ns, At safepoint: 3768 ns, Total: 43426 ns
[2023-10-31T02:13:33.513+0000][7][safepoint   ] Safepoint "Cleanup", Time since last: 1263666835 ns, Reaching safepoint: 111957 ns, At safepoint: 10391 ns, Total: 122348 ns
[2023-10-31T02:13:35.513+0000][7][safepoint   ] Safepoint "Cleanup", Time since last: 2000275136 ns, Reaching safepoint: 222731 ns, At safepoint: 7692 ns, Total: 230423 ns
[2023-10-31T02:13:36.513+0000][7][safepoint   ] Safepoint "Cleanup", Time since last: 1000293561 ns, Reaching safepoint: 81641 ns, At safepoint: 4413 ns, Total: 86054 ns
[2023-10-31T02:13:38.514+0000][7][safepoint   ] Safepoint "Cleanup", Time since last: 2000153556 ns, Reaching safepoint: 83275 ns, At safepoint: 8287 ns, Total: 91562 ns
[2023-10-31T02:13:39.514+0000][7][safepoint   ] Safepoint "Cleanup", Time since last: 1000127331 ns, Reaching safepoint: 46556 ns, At safepoint: 8053 ns, Total: 54609 ns
[2023-10-31T02:13:41.514+0000][7][safepoint   ] Safepoint "Cleanup", Time since last: 2000228632 ns, Reaching safepoint: 51249 ns, At safepoint: 6237 ns, Total: 57486 ns
[2023-10-31T02:13:42.376+0000][7][gc,start    ] GC(43) Pause Young (Normal) (G1 Evacuation Pause)
[2023-10-31T02:13:42.376+0000][7][gc,task     ] GC(43) Using 8 workers of 8 for evacuation
[2023-10-31T02:13:42.376+0000][7][gc,age      ] GC(43) Desired survivor size 20971520 bytes, new threshold 15 (max threshold 15)
[2023-10-31T02:13:42.384+0000][7][gc,age      ] GC(43) Age table with threshold 15 (max threshold 15)
[2023-10-31T02:13:42.384+0000][7][gc,age      ] GC(43) - age   1:    1168048 bytes,    1168048 total
[2023-10-31T02:13:42.384+0000][7][gc,age      ] GC(43) - age   2:    1143992 bytes,    2312040 total
[2023-10-31T02:13:42.384+0000][7][gc,age      ] GC(43) - age   3:     250776 bytes,    2562816 total
[2023-10-31T02:13:42.384+0000][7][gc,age      ] GC(43) - age   4:     246144 bytes,    2808960 total
[2023-10-31T02:13:42.384+0000][7][gc,age      ] GC(43) - age   5:     270112 bytes,    3079072 total
[2023-10-31T02:13:42.384+0000][7][gc,age      ] GC(43) - age   6:     373704 bytes,    3452776 total
[2023-10-31T02:13:42.384+0000][7][gc,age      ] GC(43) - age   7:     437848 bytes,    3890624 total
[2023-10-31T02:13:42.384+0000][7][gc,age      ] GC(43) - age   8:     499680 bytes,    4390304 total
[2023-10-31T02:13:42.384+0000][7][gc,age      ] GC(43) - age   9:     236680 bytes,    4626984 total
[2023-10-31T02:13:42.384+0000][7][gc,age      ] GC(43) - age  10:     383672 bytes,    5010656 total
[2023-10-31T02:13:42.384+0000][7][gc,age      ] GC(43) - age  11:     645112 bytes,    5655768 total
[2023-10-31T02:13:42.384+0000][7][gc,age      ] GC(43) - age  12:     350080 bytes,    6005848 total
[2023-10-31T02:13:42.384+0000][7][gc,age      ] GC(43) - age  13:     393600 bytes,    6399448 total
[2023-10-31T02:13:42.384+0000][7][gc,age      ] GC(43) - age  14:    1112224 bytes,    7511672 total
[2023-10-31T02:13:42.384+0000][7][gc,age      ] GC(43) - age  15:    1116920 bytes,    8628592 total
[2023-10-31T02:13:42.384+0000][7][gc,phases   ] GC(43)   Pre Evacuate Collection Set: 0.1ms
[2023-10-31T02:13:42.384+0000][7][gc,phases   ] GC(43)   Merge Heap Roots: 0.0ms
[2023-10-31T02:13:42.384+0000][7][gc,phases   ] GC(43)   Evacuate Collection Set: 6.8ms
[2023-10-31T02:13:42.384+0000][7][gc,phases   ] GC(43)   Post Evacuate Collection Set: 0.6ms
[2023-10-31T02:13:42.384+0000][7][gc,phases   ] GC(43)   Other: 0.3ms
[2023-10-31T02:13:42.384+0000][7][gc,heap     ] GC(43) Eden regions: 72->0(72)
[2023-10-31T02:13:42.384+0000][7][gc,heap     ] GC(43) Survivor regions: 3->3(10)
[2023-10-31T02:13:42.384+0000][7][gc,heap     ] GC(43) Old regions: 23->23
[2023-10-31T02:13:42.384+0000][7][gc,heap     ] GC(43) Archive regions: 2->2
[2023-10-31T02:13:42.384+0000][7][gc,heap     ] GC(43) Humongous regions: 5->5
[2023-10-31T02:13:42.384+0000][7][gc,metaspace] GC(43) Metaspace: 116828K(118656K)->116828K(118656K) NonClass: 101109K(102144K)->101109K(102144K) Class: 15719K(16512K)->15719K(16512K)
[2023-10-31T02:13:42.384+0000][7][gc          ] GC(43) Pause Young (Normal) (G1 Evacuation Pause) 408M->121M(512M) 7.875ms
[2023-10-31T02:13:42.384+0000][7][gc,cpu      ] GC(43) User=0.02s Sys=0.01s Real=0.01s
[2023-10-31T02:13:42.384+0000][7][safepoint   ] Safepoint "G1CollectForAllocation", Time since last: 862124431 ns, Reaching safepoint: 64082 ns, At safepoint: 7945889 ns, Total: 8009971 ns
[2023-10-31T02:13:43.385+0000][7][safepoint   ] Safepoint "Cleanup", Time since last: 1000293540 ns, Reaching safepoint: 84786 ns, At safepoint: 4478 ns, Total: 89264 ns
[2023-10-31T02:13:44.385+0000][7][safepoint   ] Safepoint "Cleanup", Time since last: 1000124837 ns, Reaching safepoint: 152555 ns, At safepoint: 9200 ns, Total: 161755 ns
[2023-10-31T02:13:45.385+0000][7][safepoint   ] Safepoint "Cleanup", Time since last: 1000216402 ns, Reaching safepoint: 58752 ns, At safepoint: 6332 ns, Total: 65084 ns
[2023-10-31T02:13:46.386+0000][7][safepoint   ] Safepoint "Cleanup", Time since last: 1000251360 ns, Reaching safepoint: 152985 ns, At safepoint: 4509 ns, Total: 157494 ns
[2023-10-31T02:13:47.386+0000][7][safepoint   ] Safepoint "Cleanup", Time since last: 1000120649 ns, Reaching safepoint: 61341 ns, At safepoint: 4763 ns, Total: 66104 ns
[2023-10-31T02:13:48.386+0000][7][safepoint   ] Safepoint "Cleanup", Time since last: 1000215866 ns, Reaching safepoint: 124951 ns, At safepoint: 21721 ns, Total: 146672 ns
[2023-10-31T02:13:50.387+0000][7][safepoint   ] Safepoint "Cleanup", Time since last: 2000294731 ns, Reaching safepoint: 120101 ns, At safepoint: 6323 ns, Total: 126424 ns
[2023-10-31T02:13:51.387+0000][7][safepoint   ] Safepoint "Cleanup", Time since last: 1000119849 ns, Reaching safepoint: 49327 ns, At safepoint: 4043 ns, Total: 53370 ns
[2023-10-31T02:13:52.387+0000][7][safepoint   ] Safepoint "Cleanup", Time since last: 1000089256 ns, Reaching safepoint: 69311 ns, At safepoint: 6661 ns, Total: 75972 ns
[2023-10-31T02:13:53.387+0000][7][safepoint   ] Safepoint "Cleanup", Time since last: 1000136341 ns, Reaching safepoint: 86340 ns, At safepoint: 9058 ns, Total: 95398 ns
[2023-10-31T02:13:56.388+0000][7][safepoint   ] Safepoint "Cleanup", Time since last: 3000765478 ns, Reaching safepoint: 115545 ns, At safepoint: 8995 ns, Total: 124540 ns
[2023-10-31T02:13:57.183+0000][7][gc,start    ] GC(44) Pause Young (Normal) (G1 Evacuation Pause)
[2023-10-31T02:13:57.183+0000][7][gc,task     ] GC(44) Using 8 workers of 8 for evacuation
[2023-10-31T02:13:57.183+0000][7][gc,age      ] GC(44) Desired survivor size 20971520 bytes, new threshold 15 (max threshold 15)
[2023-10-31T02:13:57.194+0000][7][gc,age      ] GC(44) Age table with threshold 15 (max threshold 15)
[2023-10-31T02:13:57.194+0000][7][gc,age      ] GC(44) - age   1:    2027448 bytes,    2027448 total
[2023-10-31T02:13:57.194+0000][7][gc,age      ] GC(44) - age   2:     678712 bytes,    2706160 total
[2023-10-31T02:13:57.194+0000][7][gc,age      ] GC(44) - age   3:     571984 bytes,    3278144 total
[2023-10-31T02:13:57.194+0000][7][gc,age      ] GC(44) - age   4:     249640 bytes,    3527784 total
[2023-10-31T02:13:57.194+0000][7][gc,age      ] GC(44) - age   5:     245824 bytes,    3773608 total
[2023-10-31T02:13:57.194+0000][7][gc,age      ] GC(44) - age   6:     270048 bytes,    4043656 total
[2023-10-31T02:13:57.194+0000][7][gc,age      ] GC(44) - age   7:     373592 bytes,    4417248 total
[2023-10-31T02:13:57.194+0000][7][gc,age      ] GC(44) - age   8:     306552 bytes,    4723800 total
[2023-10-31T02:13:57.194+0000][7][gc,age      ] GC(44) - age   9:     461288 bytes,    5185088 total
[2023-10-31T02:13:57.194+0000][7][gc,age      ] GC(44) - age  10:     236616 bytes,    5421704 total
[2023-10-31T02:13:57.194+0000][7][gc,age      ] GC(44) - age  11:     278848 bytes,    5700552 total
[2023-10-31T02:13:57.194+0000][7][gc,age      ] GC(44) - age  12:     569960 bytes,    6270512 total
[2023-10-31T02:13:57.194+0000][7][gc,age      ] GC(44) - age  13:     349952 bytes,    6620464 total
[2023-10-31T02:13:57.194+0000][7][gc,age      ] GC(44) - age  14:     393600 bytes,    7014064 total
[2023-10-31T02:13:57.194+0000][7][gc,age      ] GC(44) - age  15:    1112168 bytes,    8126232 total
[2023-10-31T02:13:57.194+0000][7][gc,phases   ] GC(44)   Pre Evacuate Collection Set: 0.1ms
[2023-10-31T02:13:57.194+0000][7][gc,phases   ] GC(44)   Merge Heap Roots: 0.0ms
[2023-10-31T02:13:57.194+0000][7][gc,phases   ] GC(44)   Evacuate Collection Set: 10.1ms
[2023-10-31T02:13:57.194+0000][7][gc,phases   ] GC(44)   Post Evacuate Collection Set: 0.6ms
[2023-10-31T02:13:57.194+0000][7][gc,phases   ] GC(44)   Other: 0.3ms
[2023-10-31T02:13:57.194+0000][7][gc,heap     ] GC(44) Eden regions: 72->0(72)
[2023-10-31T02:13:57.194+0000][7][gc,heap     ] GC(44) Survivor regions: 3->3(10)
[2023-10-31T02:13:57.194+0000][7][gc,heap     ] GC(44) Old regions: 23->23
[2023-10-31T02:13:57.194+0000][7][gc,heap     ] GC(44) Archive regions: 2->2
[2023-10-31T02:13:57.194+0000][7][gc,heap     ] GC(44) Humongous regions: 5->5
[2023-10-31T02:13:57.194+0000][7][gc,metaspace] GC(44) Metaspace: 116861K(118656K)->116861K(118656K) NonClass: 101142K(102144K)->101142K(102144K) Class: 15719K(16512K)->15719K(16512K)
[2023-10-31T02:13:57.194+0000][7][gc          ] GC(44) Pause Young (Normal) (G1 Evacuation Pause) 409M->121M(512M) 11.199ms
[2023-10-31T02:13:57.194+0000][7][gc,cpu      ] GC(44) User=0.03s Sys=0.00s Real=0.01s
[2023-10-31T02:13:57.194+0000][7][safepoint   ] Safepoint "G1CollectForAllocation", Time since last: 794863110 ns, Reaching safepoint: 99547 ns, At safepoint: 11265985 ns, Total: 11365532 ns
[2023-10-31T02:13:58.195+0000][7][safepoint   ] Safepoint "Cleanup", Time since last: 1000332656 ns, Reaching safepoint: 75788 ns, At safepoint: 7164 ns, Total: 82952 ns
[2023-10-31T02:14:00.195+0000][7][safepoint   ] Safepoint "Cleanup", Time since last: 2000393081 ns, Reaching safepoint: 64288 ns, At safepoint: 5894 ns, Total: 70182 ns
[2023-10-31T02:14:01.195+0000][7][safepoint   ] Safepoint "Cleanup", Time since last: 1000137806 ns, Reaching safepoint: 87406 ns, At safepoint: 4650 ns, Total: 92056 ns
[2023-10-31T02:14:03.196+0000][7][safepoint   ] Safepoint "Cleanup", Time since last: 2000433354 ns, Reaching safepoint: 65308 ns, At safepoint: 10974 ns, Total: 76282 ns
[2023-10-31T02:14:04.196+0000][7][safepoint   ] Safepoint "Cleanup", Time since last: 1000142868 ns, Reaching safepoint: 62006 ns, At safepoint: 7069 ns, Total: 69075 ns
[2023-10-31T02:14:06.196+0000][7][safepoint   ] Safepoint "Cleanup", Time since last: 2000191145 ns, Reaching safepoint: 83632 ns, At safepoint: 5441 ns, Total: 89073 ns
[2023-10-31T02:14:09.197+0000][7][safepoint   ] Safepoint "Cleanup", Time since last: 3000547387 ns, Reaching safepoint: 149766 ns, At safepoint: 8254 ns, Total: 158020 ns
[2023-10-31T02:14:11.198+0000][7][safepoint   ] Safepoint "Cleanup", Time since last: 2000418012 ns, Reaching safepoint: 66834 ns, At safepoint: 5908 ns, Total: 72742 ns
[2023-10-31T02:14:12.198+0000][7][safepoint   ] Safepoint "Cleanup", Time since last: 1000343706 ns, Reaching safepoint: 36149 ns, At safepoint: 4262 ns, Total: 40411 ns
[2023-10-31T02:14:13.198+0000][7][safepoint   ] Safepoint "Cleanup", Time since last: 1000126664 ns, Reaching safepoint: 69109 ns, At safepoint: 4745 ns, Total: 73854 ns
[2023-10-31T02:14:14.198+0000][7][safepoint   ] Safepoint "Cleanup", Time since last: 1000091201 ns, Reaching safepoint: 79642 ns, At safepoint: 8855 ns, Total: 88497 ns
[2023-10-31T02:14:14.590+0000][7][gc,start    ] GC(45) Pause Young (Normal) (G1 Evacuation Pause)
[2023-10-31T02:14:14.590+0000][7][gc,task     ] GC(45) Using 8 workers of 8 for evacuation
[2023-10-31T02:14:14.590+0000][7][gc,age      ] GC(45) Desired survivor size 20971520 bytes, new threshold 15 (max threshold 15)
[2023-10-31T02:14:14.604+0000][7][gc,age      ] GC(45) Age table with threshold 15 (max threshold 15)
[2023-10-31T02:14:14.604+0000][7][gc,age      ] GC(45) - age   1:    3094824 bytes,    3094824 total
[2023-10-31T02:14:14.604+0000][7][gc,age      ] GC(45) - age   2:    1418656 bytes,    4513480 total
[2023-10-31T02:14:14.604+0000][7][gc,age      ] GC(45) - age   3:     464120 bytes,    4977600 total
[2023-10-31T02:14:14.604+0000][7][gc,age      ] GC(45) - age   4:     412800 bytes,    5390400 total
[2023-10-31T02:14:14.604+0000][7][gc,age      ] GC(45) - age   5:     249328 bytes,    5639728 total
[2023-10-31T02:14:14.604+0000][7][gc,age      ] GC(45) - age   6:     245824 bytes,    5885552 total
[2023-10-31T02:14:14.604+0000][7][gc,age      ] GC(45) - age   7:     270048 bytes,    6155600 total
[2023-10-31T02:14:14.604+0000][7][gc,age      ] GC(45) - age   8:     373592 bytes,    6529192 total
[2023-10-31T02:14:14.604+0000][7][gc,age      ] GC(45) - age   9:     306552 bytes,    6835744 total
[2023-10-31T02:14:14.604+0000][7][gc,age      ] GC(45) - age  10:     330184 bytes,    7165928 total
[2023-10-31T02:14:14.604+0000][7][gc,age      ] GC(45) - age  11:     236616 bytes,    7402544 total
[2023-10-31T02:14:14.604+0000][7][gc,age      ] GC(45) - age  12:     278432 bytes,    7680976 total
[2023-10-31T02:14:14.604+0000][7][gc,age      ] GC(45) - age  13:     343576 bytes,    8024552 total
[2023-10-31T02:14:14.604+0000][7][gc,age      ] GC(45) - age  14:     349952 bytes,    8374504 total
[2023-10-31T02:14:14.604+0000][7][gc,age      ] GC(45) - age  15:     393600 bytes,    8768104 total
[2023-10-31T02:14:14.604+0000][7][gc,phases   ] GC(45)   Pre Evacuate Collection Set: 0.1ms
[2023-10-31T02:14:14.604+0000][7][gc,phases   ] GC(45)   Merge Heap Roots: 0.0ms
[2023-10-31T02:14:14.604+0000][7][gc,phases   ] GC(45)   Evacuate Collection Set: 13.0ms
[2023-10-31T02:14:14.604+0000][7][gc,phases   ] GC(45)   Post Evacuate Collection Set: 0.5ms
[2023-10-31T02:14:14.604+0000][7][gc,phases   ] GC(45)   Other: 0.2ms
[2023-10-31T02:14:14.604+0000][7][gc,heap     ] GC(45) Eden regions: 72->0(72)
[2023-10-31T02:14:14.604+0000][7][gc,heap     ] GC(45) Survivor regions: 3->3(10)
[2023-10-31T02:14:14.604+0000][7][gc,heap     ] GC(45) Old regions: 23->23
[2023-10-31T02:14:14.604+0000][7][gc,heap     ] GC(45) Archive regions: 2->2
[2023-10-31T02:14:14.604+0000][7][gc,heap     ] GC(45) Humongous regions: 5->5
[2023-10-31T02:14:14.604+0000][7][gc,metaspace] GC(45) Metaspace: 116886K(118656K)->116886K(118656K) NonClass: 101166K(102144K)->101166K(102144K) Class: 15719K(16512K)->15719K(16512K)
[2023-10-31T02:14:14.604+0000][7][gc          ] GC(45) Pause Young (Normal) (G1 Evacuation Pause) 409M->123M(512M) 13.841ms
[2023-10-31T02:14:14.604+0000][7][gc,cpu      ] GC(45) User=0.03s Sys=0.00s Real=0.01s
[2023-10-31T02:14:14.604+0000][7][safepoint   ] Safepoint "G1CollectForAllocation", Time since last: 391782963 ns, Reaching safepoint: 115324 ns, At safepoint: 13910115 ns, Total: 14025439 ns
[2023-10-31T02:14:15.605+0000][7][safepoint   ] Safepoint "Cleanup", Time since last: 1000313736 ns, Reaching safepoint: 39176 ns, At safepoint: 33975 ns, Total: 73151 ns
[2023-10-31T02:14:16.605+0000][7][safepoint   ] Safepoint "Cleanup", Time since last: 1000160684 ns, Reaching safepoint: 152255 ns, At safepoint: 3058 ns, Total: 155313 ns
[2023-10-31T02:14:17.605+0000][7][safepoint   ] Safepoint "Cleanup", Time since last: 1000120854 ns, Reaching safepoint: 66601 ns, At safepoint: 6067 ns, Total: 72668 ns
[2023-10-31T02:14:18.605+0000][7][safepoint   ] Safepoint "Cleanup", Time since last: 1000330938 ns, Reaching safepoint: 30898 ns, At safepoint: 5252 ns, Total: 36150 ns
[2023-10-31T02:14:20.606+0000][7][safepoint   ] Safepoint "Cleanup", Time since last: 2000324752 ns, Reaching safepoint: 65868 ns, At safepoint: 5513 ns, Total: 71381 ns
[2023-10-31T02:14:21.606+0000][7][safepoint   ] Safepoint "Cleanup", Time since last: 1000140773 ns, Reaching safepoint: 81311 ns, At safepoint: 5751 ns, Total: 87062 ns
[2023-10-31T02:14:22.606+0000][7][safepoint   ] Safepoint "Cleanup", Time since last: 1000217346 ns, Reaching safepoint: 59574 ns, At safepoint: 8634 ns, Total: 68208 ns
[2023-10-31T02:14:23.607+0000][7][safepoint   ] Safepoint "Cleanup", Time since last: 1000126923 ns, Reaching safepoint: 107519 ns, At safepoint: 18809 ns, Total: 126328 ns
[2023-10-31T02:14:24.607+0000][7][safepoint   ] Safepoint "Cleanup", Time since last: 1000212133 ns, Reaching safepoint: 41037 ns, At safepoint: 7781 ns, Total: 48818 ns
[2023-10-31T02:14:26.608+0000][7][safepoint   ] Safepoint "Cleanup", Time since last: 2000711355 ns, Reaching safepoint: 82263 ns, At safepoint: 9561 ns, Total: 91824 ns
[2023-10-31T02:14:27.608+0000][7][safepoint   ] Safepoint "Cleanup", Time since last: 1000159169 ns, Reaching safepoint: 88618 ns, At safepoint: 27038 ns, Total: 115656 ns
[2023-10-31T02:14:28.608+0000][7][safepoint   ] Safepoint "Cleanup", Time since last: 1000267629 ns, Reaching safepoint: 158880 ns, At safepoint: 4308 ns, Total: 163188 ns
[2023-10-31T02:14:29.609+0000][7][safepoint   ] Safepoint "Cleanup", Time since last: 1000230066 ns, Reaching safepoint: 103774 ns, At safepoint: 5255 ns, Total: 109029 ns
[2023-10-31T02:14:31.609+0000][7][safepoint   ] Safepoint "Cleanup", Time since last: 2000462764 ns, Reaching safepoint: 34441 ns, At safepoint: 25864 ns, Total: 60305 ns
[2023-10-31T02:14:31.631+0000][7][gc,start    ] GC(46) Pause Young (Normal) (G1 Evacuation Pause)
[2023-10-31T02:14:31.631+0000][7][gc,task     ] GC(46) Using 8 workers of 8 for evacuation
[2023-10-31T02:14:31.631+0000][7][gc,age      ] GC(46) Desired survivor size 20971520 bytes, new threshold 15 (max threshold 15)
[2023-10-31T02:14:31.635+0000][7][gc,age      ] GC(46) Age table with threshold 15 (max threshold 15)
[2023-10-31T02:14:31.635+0000][7][gc,age      ] GC(46) - age   1:    2528072 bytes,    2528072 total
[2023-10-31T02:14:31.635+0000][7][gc,age      ] GC(46) - age   2:    1043056 bytes,    3571128 total
[2023-10-31T02:14:31.635+0000][7][gc,age      ] GC(46) - age   3:     811464 bytes,    4382592 total
[2023-10-31T02:14:31.635+0000][7][gc,age      ] GC(46) - age   4:     440664 bytes,    4823256 total
[2023-10-31T02:14:31.635+0000][7][gc,age      ] GC(46) - age   5:     304880 bytes,    5128136 total
[2023-10-31T02:14:31.635+0000][7][gc,age      ] GC(46) - age   6:     248952 bytes,    5377088 total
[2023-10-31T02:14:31.635+0000][7][gc,age      ] GC(46) - age   7:     245824 bytes,    5622912 total
[2023-10-31T02:14:31.635+0000][7][gc,age      ] GC(46) - age   8:     269800 bytes,    5892712 total
[2023-10-31T02:14:31.635+0000][7][gc,age      ] GC(46) - age   9:     373592 bytes,    6266304 total
[2023-10-31T02:14:31.635+0000][7][gc,age      ] GC(46) - age  10:     306552 bytes,    6572856 total
[2023-10-31T02:14:31.635+0000][7][gc,age      ] GC(46) - age  11:     330184 bytes,    6903040 total
[2023-10-31T02:14:31.635+0000][7][gc,age      ] GC(46) - age  12:     236616 bytes,    7139656 total
[2023-10-31T02:14:31.635+0000][7][gc,age      ] GC(46) - age  13:     277880 bytes,    7417536 total
[2023-10-31T02:14:31.635+0000][7][gc,age      ] GC(46) - age  14:     343416 bytes,    7760952 total
[2023-10-31T02:14:31.635+0000][7][gc,age      ] GC(46) - age  15:     349952 bytes,    8110904 total
[2023-10-31T02:14:31.635+0000][7][gc,phases   ] GC(46)   Pre Evacuate Collection Set: 0.1ms
[2023-10-31T02:14:31.635+0000][7][gc,phases   ] GC(46)   Merge Heap Roots: 0.1ms
[2023-10-31T02:14:31.635+0000][7][gc,phases   ] GC(46)   Evacuate Collection Set: 3.1ms
[2023-10-31T02:14:31.635+0000][7][gc,phases   ] GC(46)   Post Evacuate Collection Set: 0.5ms
[2023-10-31T02:14:31.635+0000][7][gc,phases   ] GC(46)   Other: 0.3ms
[2023-10-31T02:14:31.635+0000][7][gc,heap     ] GC(46) Eden regions: 72->0(72)
[2023-10-31T02:14:31.635+0000][7][gc,heap     ] GC(46) Survivor regions: 3->3(10)
[2023-10-31T02:14:31.635+0000][7][gc,heap     ] GC(46) Old regions: 23->23
[2023-10-31T02:14:31.635+0000][7][gc,heap     ] GC(46) Archive regions: 2->2
[2023-10-31T02:14:31.635+0000][7][gc,heap     ] GC(46) Humongous regions: 5->5
[2023-10-31T02:14:31.635+0000][7][gc,metaspace] GC(46) Metaspace: 116952K(118784K)->116952K(118784K) NonClass: 101233K(102272K)->101233K(102272K) Class: 15719K(16512K)->15719K(16512K)
[2023-10-31T02:14:31.635+0000][7][gc          ] GC(46) Pause Young (Normal) (G1 Evacuation Pause) 411M->123M(512M) 3.929ms
[2023-10-31T02:14:31.635+0000][7][gc,cpu      ] GC(46) User=0.02s Sys=0.00s Real=0.00s
[2023-10-31T02:14:31.635+0000][7][safepoint   ] Safepoint "G1CollectForAllocation", Time since last: 22023987 ns, Reaching safepoint: 63494 ns, At safepoint: 4040070 ns, Total: 4103564 ns
[2023-10-31T02:14:32.635+0000][7][safepoint   ] Safepoint "Cleanup", Time since last: 1000092272 ns, Reaching safepoint: 63228 ns, At safepoint: 6487 ns, Total: 69715 ns
[2023-10-31T02:14:33.636+0000][7][safepoint   ] Safepoint "Cleanup", Time since last: 1000132507 ns, Reaching safepoint: 91164 ns, At safepoint: 3984 ns, Total: 95148 ns
[2023-10-31T02:14:35.636+0000][7][safepoint   ] Safepoint "Cleanup", Time since last: 2000522787 ns, Reaching safepoint: 90856 ns, At safepoint: 8585 ns, Total: 99441 ns
[2023-10-31T02:14:36.637+0000][7][safepoint   ] Safepoint "Cleanup", Time since last: 1000119400 ns, Reaching safepoint: 93156 ns, At safepoint: 9340 ns, Total: 102496 ns
[2023-10-31T02:14:38.637+0000][7][safepoint   ] Safepoint "Cleanup", Time since last: 2000159206 ns, Reaching safepoint: 46195 ns, At safepoint: 6200 ns, Total: 52395 ns
[2023-10-31T02:14:41.637+0000][7][safepoint   ] Safepoint "Cleanup", Time since last: 3000497842 ns, Reaching safepoint: 62541 ns, At safepoint: 30024 ns, Total: 92565 ns
[2023-10-31T02:14:43.638+0000][7][safepoint   ] Safepoint "Cleanup", Time since last: 2000190868 ns, Reaching safepoint: 53190 ns, At safepoint: 4701 ns, Total: 57891 ns
[2023-10-31T02:14:44.638+0000][7][safepoint   ] Safepoint "Cleanup", Time since last: 1000207462 ns, Reaching safepoint: 124102 ns, At safepoint: 8419 ns, Total: 132521 ns
[2023-10-31T02:14:45.638+0000][7][safepoint   ] Safepoint "Cleanup", Time since last: 1000340106 ns, Reaching safepoint: 61679 ns, At safepoint: 25787 ns, Total: 87466 ns
[2023-10-31T02:14:46.639+0000][7][safepoint   ] Safepoint "Cleanup", Time since last: 1000125518 ns, Reaching safepoint: 52042 ns, At safepoint: 24726 ns, Total: 76768 ns
[2023-10-31T02:14:47.639+0000][7][safepoint   ] Safepoint "Cleanup", Time since last: 1000086602 ns, Reaching safepoint: 68195 ns, At safepoint: 13776 ns, Total: 81971 ns
[2023-10-31T02:14:48.590+0000][7][gc,start    ] GC(47) Pause Young (Normal) (G1 Evacuation Pause)
[2023-10-31T02:14:48.590+0000][7][gc,task     ] GC(47) Using 8 workers of 8 for evacuation
[2023-10-31T02:14:48.590+0000][7][gc,age      ] GC(47) Desired survivor size 20971520 bytes, new threshold 15 (max threshold 15)
[2023-10-31T02:14:48.601+0000][7][gc,age      ] GC(47) Age table with threshold 15 (max threshold 15)
[2023-10-31T02:14:48.601+0000][7][gc,age      ] GC(47) - age   1:    1899088 bytes,    1899088 total
[2023-10-31T02:14:48.601+0000][7][gc,age      ] GC(47) - age   2:    1127504 bytes,    3026592 total
[2023-10-31T02:14:48.601+0000][7][gc,age      ] GC(47) - age   3:     804720 bytes,    3831312 total
[2023-10-31T02:14:48.601+0000][7][gc,age      ] GC(47) - age   4:     810368 bytes,    4641680 total
[2023-10-31T02:14:48.601+0000][7][gc,age      ] GC(47) - age   5:     440312 bytes,    5081992 total
[2023-10-31T02:14:48.601+0000][7][gc,age      ] GC(47) - age   6:     304784 bytes,    5386776 total
[2023-10-31T02:14:48.601+0000][7][gc,age      ] GC(47) - age   7:     248952 bytes,    5635728 total
[2023-10-31T02:14:48.601+0000][7][gc,age      ] GC(47) - age   8:     245824 bytes,    5881552 total
[2023-10-31T02:14:48.601+0000][7][gc,age      ] GC(47) - age   9:     269800 bytes,    6151352 total
[2023-10-31T02:14:48.601+0000][7][gc,age      ] GC(47) - age  10:     373592 bytes,    6524944 total
[2023-10-31T02:14:48.601+0000][7][gc,age      ] GC(47) - age  11:     306488 bytes,    6831432 total
[2023-10-31T02:14:48.601+0000][7][gc,age      ] GC(47) - age  12:     330120 bytes,    7161552 total
[2023-10-31T02:14:48.601+0000][7][gc,age      ] GC(47) - age  13:     236616 bytes,    7398168 total
[2023-10-31T02:14:48.601+0000][7][gc,age      ] GC(47) - age  14:     277880 bytes,    7676048 total
[2023-10-31T02:14:48.601+0000][7][gc,age      ] GC(47) - age  15:     343384 bytes,    8019432 total
[2023-10-31T02:14:48.601+0000][7][gc,phases   ] GC(47)   Pre Evacuate Collection Set: 0.1ms
[2023-10-31T02:14:48.601+0000][7][gc,phases   ] GC(47)   Merge Heap Roots: 0.1ms
[2023-10-31T02:14:48.601+0000][7][gc,phases   ] GC(47)   Evacuate Collection Set: 10.1ms
[2023-10-31T02:14:48.601+0000][7][gc,phases   ] GC(47)   Post Evacuate Collection Set: 0.6ms
[2023-10-31T02:14:48.601+0000][7][gc,phases   ] GC(47)   Other: 0.3ms
[2023-10-31T02:14:48.601+0000][7][gc,heap     ] GC(47) Eden regions: 72->0(73)
[2023-10-31T02:14:48.601+0000][7][gc,heap     ] GC(47) Survivor regions: 3->2(10)
[2023-10-31T02:14:48.601+0000][7][gc,heap     ] GC(47) Old regions: 23->23
[2023-10-31T02:14:48.601+0000][7][gc,heap     ] GC(47) Archive regions: 2->2
[2023-10-31T02:14:48.601+0000][7][gc,heap     ] GC(47) Humongous regions: 5->5
[2023-10-31T02:14:48.601+0000][7][gc,metaspace] GC(47) Metaspace: 116997K(118848K)->116997K(118848K) NonClass: 101278K(102336K)->101278K(102336K) Class: 15719K(16512K)->15719K(16512K)
[2023-10-31T02:14:48.601+0000][7][gc          ] GC(47) Pause Young (Normal) (G1 Evacuation Pause) 411M->123M(512M) 11.281ms
[2023-10-31T02:14:48.601+0000][7][gc,cpu      ] GC(47) User=0.03s Sys=0.00s Real=0.01s
[2023-10-31T02:14:48.601+0000][7][safepoint   ] Safepoint "G1CollectForAllocation", Time since last: 950786382 ns, Reaching safepoint: 63205 ns, At safepoint: 11369074 ns, Total: 11432279 ns
[2023-10-31T02:14:50.601+0000][7][safepoint   ] Safepoint "Cleanup", Time since last: 2000180790 ns, Reaching safepoint: 161691 ns, At safepoint: 5557 ns, Total: 167248 ns
[2023-10-31T02:14:51.602+0000][7][safepoint   ] Safepoint "Cleanup", Time since last: 1000350555 ns, Reaching safepoint: 32858 ns, At safepoint: 4400 ns, Total: 37258 ns
[2023-10-31T02:14:52.602+0000][7][safepoint   ] Safepoint "Cleanup", Time since last: 1000139862 ns, Reaching safepoint: 39989 ns, At safepoint: 4183 ns, Total: 44172 ns
[2023-10-31T02:14:53.602+0000][7][safepoint   ] Safepoint "Cleanup", Time since last: 1000155681 ns, Reaching safepoint: 78346 ns, At safepoint: 8998 ns, Total: 87344 ns
[2023-10-31T02:14:54.602+0000][7][safepoint   ] Safepoint "Cleanup", Time since last: 1000090677 ns, Reaching safepoint: 76644 ns, At safepoint: 6581 ns, Total: 83225 ns
[2023-10-31T02:14:56.603+0000][7][safepoint   ] Safepoint "Cleanup", Time since last: 2000411606 ns, Reaching safepoint: 38917 ns, At safepoint: 4377 ns, Total: 43294 ns
[2023-10-31T02:14:58.603+0000][7][safepoint   ] Safepoint "Cleanup", Time since last: 2000285952 ns, Reaching safepoint: 82995 ns, At safepoint: 9045 ns, Total: 92040 ns
[2023-10-31T02:14:59.603+0000][7][safepoint   ] Safepoint "Cleanup", Time since last: 1000071927 ns, Reaching safepoint: 134084 ns, At safepoint: 7062 ns, Total: 141146 ns
[2023-10-31T02:15:00.603+0000][7][safepoint   ] Safepoint "Cleanup", Time since last: 1000098232 ns, Reaching safepoint: 51548 ns, At safepoint: 3699 ns, Total: 55247 ns
[2023-10-31T02:15:01.604+0000][7][safepoint   ] Safepoint "Cleanup", Time since last: 1000221740 ns, Reaching safepoint: 47099 ns, At safepoint: 6700 ns, Total: 53799 ns
[2023-10-31T02:15:02.604+0000][7][safepoint   ] Safepoint "Cleanup", Time since last: 1000201604 ns, Reaching safepoint: 70896 ns, At safepoint: 3963 ns, Total: 74859 ns
[2023-10-31T02:15:03.604+0000][7][safepoint   ] Safepoint "Cleanup", Time since last: 1000324833 ns, Reaching safepoint: 35627 ns, At safepoint: 4170 ns, Total: 39797 ns
[2023-10-31T02:15:04.262+0000][7][gc,start    ] GC(48) Pause Young (Normal) (G1 Evacuation Pause)
[2023-10-31T02:15:04.262+0000][7][gc,task     ] GC(48) Using 8 workers of 8 for evacuation
[2023-10-31T02:15:04.262+0000][7][gc,age      ] GC(48) Desired survivor size 20971520 bytes, new threshold 15 (max threshold 15)
[2023-10-31T02:15:04.274+0000][7][gc,age      ] GC(48) Age table with threshold 15 (max threshold 15)
[2023-10-31T02:15:04.274+0000][7][gc,age      ] GC(48) - age   1:    2659456 bytes,    2659456 total
[2023-10-31T02:15:04.274+0000][7][gc,age      ] GC(48) - age   2:     924800 bytes,    3584256 total
[2023-10-31T02:15:04.274+0000][7][gc,age      ] GC(48) - age   3:     355032 bytes,    3939288 total
[2023-10-31T02:15:04.274+0000][7][gc,age      ] GC(48) - age   4:     718960 bytes,    4658248 total
[2023-10-31T02:15:04.274+0000][7][gc,age      ] GC(48) - age   5:     699448 bytes,    5357696 total
[2023-10-31T02:15:04.274+0000][7][gc,age      ] GC(48) - age   6:     440056 bytes,    5797752 total
[2023-10-31T02:15:04.274+0000][7][gc,age      ] GC(48) - age   7:     304784 bytes,    6102536 total
[2023-10-31T02:15:04.274+0000][7][gc,age      ] GC(48) - age   8:     248688 bytes,    6351224 total
[2023-10-31T02:15:04.274+0000][7][gc,age      ] GC(48) - age   9:     245824 bytes,    6597048 total
[2023-10-31T02:15:04.274+0000][7][gc,age      ] GC(48) - age  10:     269424 bytes,    6866472 total
[2023-10-31T02:15:04.274+0000][7][gc,age      ] GC(48) - age  11:     373592 bytes,    7240064 total
[2023-10-31T02:15:04.274+0000][7][gc,age      ] GC(48) - age  12:     306488 bytes,    7546552 total
[2023-10-31T02:15:04.274+0000][7][gc,age      ] GC(48) - age  13:     330120 bytes,    7876672 total
[2023-10-31T02:15:04.274+0000][7][gc,age      ] GC(48) - age  14:     236616 bytes,    8113288 total
[2023-10-31T02:15:04.274+0000][7][gc,age      ] GC(48) - age  15:     277880 bytes,    8391168 total
[2023-10-31T02:15:04.274+0000][7][gc,phases   ] GC(48)   Pre Evacuate Collection Set: 0.1ms
[2023-10-31T02:15:04.274+0000][7][gc,phases   ] GC(48)   Merge Heap Roots: 0.0ms
[2023-10-31T02:15:04.274+0000][7][gc,phases   ] GC(48)   Evacuate Collection Set: 11.3ms
[2023-10-31T02:15:04.274+0000][7][gc,phases   ] GC(48)   Post Evacuate Collection Set: 0.6ms
[2023-10-31T02:15:04.274+0000][7][gc,phases   ] GC(48)   Other: 0.4ms
[2023-10-31T02:15:04.274+0000][7][gc,heap     ] GC(48) Eden regions: 73->0(72)
[2023-10-31T02:15:04.274+0000][7][gc,heap     ] GC(48) Survivor regions: 2->3(10)
[2023-10-31T02:15:04.274+0000][7][gc,heap     ] GC(48) Old regions: 23->23
[2023-10-31T02:15:04.274+0000][7][gc,heap     ] GC(48) Archive regions: 2->2
[2023-10-31T02:15:04.274+0000][7][gc,heap     ] GC(48) Humongous regions: 5->5
[2023-10-31T02:15:04.274+0000][7][gc,metaspace] GC(48) Metaspace: 117061K(118912K)->117061K(118912K) NonClass: 101341K(102400K)->101341K(102400K) Class: 15719K(16512K)->15719K(16512K)
[2023-10-31T02:15:04.274+0000][7][gc          ] GC(48) Pause Young (Normal) (G1 Evacuation Pause) 415M->124M(512M) 12.372ms
[2023-10-31T02:15:04.274+0000][7][gc,cpu      ] GC(48) User=0.02s Sys=0.01s Real=0.01s
[2023-10-31T02:15:04.274+0000][7][safepoint   ] Safepoint "G1CollectForAllocation", Time since last: 657251998 ns, Reaching safepoint: 51313 ns, At safepoint: 12468220 ns, Total: 12519533 ns
[2023-10-31T02:15:05.274+0000][7][safepoint   ] Safepoint "Cleanup", Time since last: 1000075172 ns, Reaching safepoint: 119685 ns, At safepoint: 5516 ns, Total: 125201 ns
[2023-10-31T02:15:06.275+0000][7][safepoint   ] Safepoint "Cleanup", Time since last: 1000220131 ns, Reaching safepoint: 87422 ns, At safepoint: 7798 ns, Total: 95220 ns
[2023-10-31T02:15:08.275+0000][7][safepoint   ] Safepoint "Cleanup", Time since last: 2000273647 ns, Reaching safepoint: 50950 ns, At safepoint: 4079 ns, Total: 55029 ns
[2023-10-31T02:15:09.275+0000][7][safepoint   ] Safepoint "Cleanup", Time since last: 1000097091 ns, Reaching safepoint: 34707 ns, At safepoint: 4643 ns, Total: 39350 ns
[2023-10-31T02:15:11.276+0000][7][safepoint   ] Safepoint "Cleanup", Time since last: 2000408940 ns, Reaching safepoint: 86191 ns, At safepoint: 10519 ns, Total: 96710 ns
[2023-10-31T02:15:13.276+0000][7][safepoint   ] Safepoint "Cleanup", Time since last: 2000236302 ns, Reaching safepoint: 34143 ns, At safepoint: 28097 ns, Total: 62240 ns
[2023-10-31T02:15:14.276+0000][7][safepoint   ] Safepoint "Cleanup", Time since last: 1000148985 ns, Reaching safepoint: 53828 ns, At safepoint: 4004 ns, Total: 57832 ns
[2023-10-31T02:15:15.277+0000][7][safepoint   ] Safepoint "Cleanup", Time since last: 1000145659 ns, Reaching safepoint: 178186 ns, At safepoint: 3901 ns, Total: 182087 ns
[2023-10-31T02:15:16.277+0000][7][safepoint   ] Safepoint "Cleanup", Time since last: 1000220824 ns, Reaching safepoint: 36260 ns, At safepoint: 4597 ns, Total: 40857 ns
[2023-10-31T02:15:17.277+0000][7][safepoint   ] Safepoint "Cleanup", Time since last: 1000126534 ns, Reaching safepoint: 55961 ns, At safepoint: 4493 ns, Total: 60454 ns
[2023-10-31T02:15:18.277+0000][7][safepoint   ] Safepoint "Cleanup", Time since last: 1000098919 ns, Reaching safepoint: 70303 ns, At safepoint: 5167 ns, Total: 75470 ns
[2023-10-31T02:15:20.273+0000][7][gc,start    ] GC(49) Pause Young (Normal) (G1 Evacuation Pause)
[2023-10-31T02:15:20.273+0000][7][gc,task     ] GC(49) Using 8 workers of 8 for evacuation
[2023-10-31T02:15:20.273+0000][7][gc,age      ] GC(49) Desired survivor size 20971520 bytes, new threshold 15 (max threshold 15)
[2023-10-31T02:15:20.277+0000][7][gc,age      ] GC(49) Age table with threshold 15 (max threshold 15)
[2023-10-31T02:15:20.277+0000][7][gc,age      ] GC(49) - age   1:    2770600 bytes,    2770600 total
[2023-10-31T02:15:20.277+0000][7][gc,age      ] GC(49) - age   2:    1332008 bytes,    4102608 total
[2023-10-31T02:15:20.277+0000][7][gc,age      ] GC(49) - age   3:     433520 bytes,    4536128 total
[2023-10-31T02:15:20.277+0000][7][gc,age      ] GC(49) - age   4:     351456 bytes,    4887584 total
[2023-10-31T02:15:20.277+0000][7][gc,age      ] GC(49) - age   5:     718536 bytes,    5606120 total
[2023-10-31T02:15:20.277+0000][7][gc,age      ] GC(49) - age   6:     698760 bytes,    6304880 total
[2023-10-31T02:15:20.277+0000][7][gc,age      ] GC(49) - age   7:     440056 bytes,    6744936 total
[2023-10-31T02:15:20.277+0000][7][gc,age      ] GC(49) - age   8:     304784 bytes,    7049720 total
[2023-10-31T02:15:20.277+0000][7][gc,age      ] GC(49) - age   9:     248688 bytes,    7298408 total
[2023-10-31T02:15:20.277+0000][7][gc,age      ] GC(49) - age  10:     245824 bytes,    7544232 total
[2023-10-31T02:15:20.277+0000][7][gc,age      ] GC(49) - age  11:     269424 bytes,    7813656 total
[2023-10-31T02:15:20.277+0000][7][gc,age      ] GC(49) - age  12:     308040 bytes,    8121696 total
[2023-10-31T02:15:20.277+0000][7][gc,age      ] GC(49) - age  13:     306488 bytes,    8428184 total
[2023-10-31T02:15:20.277+0000][7][gc,age      ] GC(49) - age  14:     330120 bytes,    8758304 total
[2023-10-31T02:15:20.277+0000][7][gc,age      ] GC(49) - age  15:     236616 bytes,    8994920 total
[2023-10-31T02:15:20.277+0000][7][gc,phases   ] GC(49)   Pre Evacuate Collection Set: 0.1ms
[2023-10-31T02:15:20.277+0000][7][gc,phases   ] GC(49)   Merge Heap Roots: 0.0ms
[2023-10-31T02:15:20.277+0000][7][gc,phases   ] GC(49)   Evacuate Collection Set: 3.1ms
[2023-10-31T02:15:20.277+0000][7][gc,phases   ] GC(49)   Post Evacuate Collection Set: 0.5ms
[2023-10-31T02:15:20.277+0000][7][gc,phases   ] GC(49)   Other: 0.2ms
[2023-10-31T02:15:20.277+0000][7][gc,heap     ] GC(49) Eden regions: 72->0(71)
[2023-10-31T02:15:20.277+0000][7][gc,heap     ] GC(49) Survivor regions: 3->3(10)
[2023-10-31T02:15:20.277+0000][7][gc,heap     ] GC(49) Old regions: 23->24
[2023-10-31T02:15:20.277+0000][7][gc,heap     ] GC(49) Archive regions: 2->2
[2023-10-31T02:15:20.277+0000][7][gc,heap     ] GC(49) Humongous regions: 5->5
[2023-10-31T02:15:20.277+0000][7][gc,metaspace] GC(49) Metaspace: 117109K(118976K)->117109K(118976K) NonClass: 101390K(102464K)->101390K(102464K) Class: 15719K(16512K)->15719K(16512K)
[2023-10-31T02:15:20.277+0000][7][gc          ] GC(49) Pause Young (Normal) (G1 Evacuation Pause) 412M->125M(512M) 3.938ms
[2023-10-31T02:15:20.277+0000][7][gc,cpu      ] GC(49) User=0.02s Sys=0.01s Real=0.01s
[2023-10-31T02:15:20.277+0000][7][safepoint   ] Safepoint "G1CollectForAllocation", Time since last: 1995904498 ns, Reaching safepoint: 36240 ns, At safepoint: 3997204 ns, Total: 4033444 ns
[2023-10-31T02:15:21.277+0000][7][safepoint   ] Safepoint "Cleanup", Time since last: 1000089500 ns, Reaching safepoint: 85169 ns, At safepoint: 5380 ns, Total: 90549 ns
[2023-10-31T02:15:22.278+0000][7][safepoint   ] Safepoint "Cleanup", Time since last: 1000144070 ns, Reaching safepoint: 162214 ns, At safepoint: 28188 ns, Total: 190402 ns
[2023-10-31T02:15:23.278+0000][7][safepoint   ] Safepoint "Cleanup", Time since last: 1000107691 ns, Reaching safepoint: 63558 ns, At safepoint: 8379 ns, Total: 71937 ns
[2023-10-31T02:15:25.278+0000][7][safepoint   ] Safepoint "Cleanup", Time since last: 2000166706 ns, Reaching safepoint: 44781 ns, At safepoint: 4850 ns, Total: 49631 ns
[2023-10-31T02:15:26.278+0000][7][safepoint   ] Safepoint "Cleanup", Time since last: 1000102839 ns, Reaching safepoint: 40493 ns, At safepoint: 6889 ns, Total: 47382 ns
[2023-10-31T02:15:27.279+0000][7][safepoint   ] Safepoint "Cleanup", Time since last: 1000264080 ns, Reaching safepoint: 133478 ns, At safepoint: 12218 ns, Total: 145696 ns
[2023-10-31T02:15:28.279+0000][7][safepoint   ] Safepoint "Cleanup", Time since last: 1000138210 ns, Reaching safepoint: 44246 ns, At safepoint: 6530 ns, Total: 50776 ns
[2023-10-31T02:15:29.279+0000][7][safepoint   ] Safepoint "Cleanup", Time since last: 1000102971 ns, Reaching safepoint: 81468 ns, At safepoint: 9083 ns, Total: 90551 ns
[2023-10-31T02:15:31.279+0000][7][safepoint   ] Safepoint "Cleanup", Time since last: 2000152872 ns, Reaching safepoint: 36556 ns, At safepoint: 3870 ns, Total: 40426 ns
[2023-10-31T02:15:32.279+0000][7][safepoint   ] Safepoint "Cleanup", Time since last: 1000123884 ns, Reaching safepoint: 73584 ns, At safepoint: 4572 ns, Total: 78156 ns
[2023-10-31T02:15:33.280+0000][7][safepoint   ] Safepoint "Cleanup", Time since last: 1000278595 ns, Reaching safepoint: 36232 ns, At safepoint: 4159 ns, Total: 40391 ns
[2023-10-31T02:15:35.280+0000][7][safepoint   ] Safepoint "Cleanup", Time since last: 2000429203 ns, Reaching safepoint: 118469 ns, At safepoint: 17447 ns, Total: 135916 ns
[2023-10-31T02:15:36.280+0000][7][safepoint   ] Safepoint "Cleanup", Time since last: 1000175995 ns, Reaching safepoint: 55802 ns, At safepoint: 4706 ns, Total: 60508 ns
[2023-10-31T02:15:37.384+0000][7][gc,start    ] GC(50) Pause Young (Normal) (G1 Evacuation Pause)
[2023-10-31T02:15:37.384+0000][7][gc,task     ] GC(50) Using 8 workers of 8 for evacuation
[2023-10-31T02:15:37.384+0000][7][gc,age      ] GC(50) Desired survivor size 20971520 bytes, new threshold 15 (max threshold 15)
[2023-10-31T02:15:37.394+0000][7][gc,age      ] GC(50) Age table with threshold 15 (max threshold 15)
[2023-10-31T02:15:37.394+0000][7][gc,age      ] GC(50) - age   1:    1838712 bytes,    1838712 total
[2023-10-31T02:15:37.394+0000][7][gc,age      ] GC(50) - age   2:    1501400 bytes,    3340112 total
[2023-10-31T02:15:37.394+0000][7][gc,age      ] GC(50) - age   3:     783648 bytes,    4123760 total
[2023-10-31T02:15:37.394+0000][7][gc,age      ] GC(50) - age   4:     313864 bytes,    4437624 total
[2023-10-31T02:15:37.394+0000][7][gc,age      ] GC(50) - age   5:     349704 bytes,    4787328 total
[2023-10-31T02:15:37.394+0000][7][gc,age      ] GC(50) - age   6:     718472 bytes,    5505800 total
[2023-10-31T02:15:37.394+0000][7][gc,age      ] GC(50) - age   7:     698384 bytes,    6204184 total
[2023-10-31T02:15:37.394+0000][7][gc,age      ] GC(50) - age   8:     439928 bytes,    6644112 total
[2023-10-31T02:15:37.394+0000][7][gc,age      ] GC(50) - age   9:     304648 bytes,    6948760 total
[2023-10-31T02:15:37.394+0000][7][gc,age      ] GC(50) - age  10:     248688 bytes,    7197448 total
[2023-10-31T02:15:37.394+0000][7][gc,age      ] GC(50) - age  11:     245824 bytes,    7443272 total
[2023-10-31T02:15:37.394+0000][7][gc,age      ] GC(50) - age  12:     269424 bytes,    7712696 total
[2023-10-31T02:15:37.394+0000][7][gc,age      ] GC(50) - age  13:     308040 bytes,    8020736 total
[2023-10-31T02:15:37.394+0000][7][gc,age      ] GC(50) - age  14:     306488 bytes,    8327224 total
[2023-10-31T02:15:37.394+0000][7][gc,age      ] GC(50) - age  15:     330120 bytes,    8657344 total
[2023-10-31T02:15:37.394+0000][7][gc,phases   ] GC(50)   Pre Evacuate Collection Set: 0.1ms
[2023-10-31T02:15:37.394+0000][7][gc,phases   ] GC(50)   Merge Heap Roots: 0.0ms
[2023-10-31T02:15:37.394+0000][7][gc,phases   ] GC(50)   Evacuate Collection Set: 9.0ms
[2023-10-31T02:15:37.394+0000][7][gc,phases   ] GC(50)   Post Evacuate Collection Set: 0.6ms
[2023-10-31T02:15:37.394+0000][7][gc,phases   ] GC(50)   Other: 0.3ms
[2023-10-31T02:15:37.394+0000][7][gc,heap     ] GC(50) Eden regions: 71->0(71)
[2023-10-31T02:15:37.394+0000][7][gc,heap     ] GC(50) Survivor regions: 3->3(10)
[2023-10-31T02:15:37.394+0000][7][gc,heap     ] GC(50) Old regions: 24->24
[2023-10-31T02:15:37.394+0000][7][gc,heap     ] GC(50) Archive regions: 2->2
[2023-10-31T02:15:37.394+0000][7][gc,heap     ] GC(50) Humongous regions: 5->5
[2023-10-31T02:15:37.394+0000][7][gc,metaspace] GC(50) Metaspace: 117189K(119040K)->117189K(119040K) NonClass: 101470K(102528K)->101470K(102528K) Class: 15719K(16512K)->15719K(16512K)
[2023-10-31T02:15:37.394+0000][7][gc          ] GC(50) Pause Young (Normal) (G1 Evacuation Pause) 409M->125M(512M) 10.068ms
[2023-10-31T02:15:37.394+0000][7][gc,cpu      ] GC(50) User=0.03s Sys=0.00s Real=0.01s
[2023-10-31T02:15:37.394+0000][7][safepoint   ] Safepoint "G1CollectForAllocation", Time since last: 1103787394 ns, Reaching safepoint: 53614 ns, At safepoint: 10189956 ns, Total: 10243570 ns
[2023-10-31T02:15:38.395+0000][7][safepoint   ] Safepoint "Cleanup", Time since last: 1000299953 ns, Reaching safepoint: 73767 ns, At safepoint: 6889 ns, Total: 80656 ns
[2023-10-31T02:15:39.395+0000][7][safepoint   ] Safepoint "Cleanup", Time since last: 1000322725 ns, Reaching safepoint: 30135 ns, At safepoint: 5441 ns, Total: 35576 ns
[2023-10-31T02:15:41.396+0000][7][safepoint   ] Safepoint "Cleanup", Time since last: 2000619403 ns, Reaching safepoint: 86628 ns, At safepoint: 8826 ns, Total: 95454 ns
[2023-10-31T02:15:43.397+0000][7][safepoint   ] Safepoint "Cleanup", Time since last: 2000503899 ns, Reaching safepoint: 181790 ns, At safepoint: 17719 ns, Total: 199509 ns
[2023-10-31T02:15:44.397+0000][7][safepoint   ] Safepoint "Cleanup", Time since last: 1000124165 ns, Reaching safepoint: 168811 ns, At safepoint: 9906 ns, Total: 178717 ns
[2023-10-31T02:15:45.397+0000][7][safepoint   ] Safepoint "Cleanup", Time since last: 1000134451 ns, Reaching safepoint: 91264 ns, At safepoint: 4964 ns, Total: 96228 ns
[2023-10-31T02:15:46.398+0000][7][safepoint   ] Safepoint "Cleanup", Time since last: 1000315994 ns, Reaching safepoint: 35613 ns, At safepoint: 5127 ns, Total: 40740 ns
[2023-10-31T02:15:47.398+0000][7][safepoint   ] Safepoint "Cleanup", Time since last: 1000161237 ns, Reaching safepoint: 50721 ns, At safepoint: 4837 ns, Total: 55558 ns
[2023-10-31T02:15:48.398+0000][7][safepoint   ] Safepoint "Cleanup", Time since last: 1000144846 ns, Reaching safepoint: 82390 ns, At safepoint: 8555 ns, Total: 90945 ns
[2023-10-31T02:15:50.399+0000][7][safepoint   ] Safepoint "Cleanup", Time since last: 2000627734 ns, Reaching safepoint: 70436 ns, At safepoint: 9052 ns, Total: 79488 ns
[2023-10-31T02:15:51.399+0000][7][safepoint   ] Safepoint "Cleanup", Time since last: 1000102248 ns, Reaching safepoint: 63243 ns, At safepoint: 30916 ns, Total: 94159 ns
[2023-10-31T02:15:52.399+0000][7][safepoint   ] Safepoint "Cleanup", Time since last: 1000154409 ns, Reaching safepoint: 73260 ns, At safepoint: 7913 ns, Total: 81173 ns
[2023-10-31T02:15:53.399+0000][7][safepoint   ] Safepoint "Cleanup", Time since last: 1000104866 ns, Reaching safepoint: 50779 ns, At safepoint: 21847 ns, Total: 72626 ns
[2023-10-31T02:15:53.409+0000][7][gc,start    ] GC(51) Pause Young (Normal) (G1 Evacuation Pause)
[2023-10-31T02:15:53.409+0000][7][gc,task     ] GC(51) Using 8 workers of 8 for evacuation
[2023-10-31T02:15:53.409+0000][7][gc,age      ] GC(51) Desired survivor size 20971520 bytes, new threshold 15 (max threshold 15)
[2023-10-31T02:15:53.414+0000][7][gc,age      ] GC(51) Age table with threshold 15 (max threshold 15)
[2023-10-31T02:15:53.414+0000][7][gc,age      ] GC(51) - age   1:    2367936 bytes,    2367936 total
[2023-10-31T02:15:53.414+0000][7][gc,age      ] GC(51) - age   2:    1029168 bytes,    3397104 total
[2023-10-31T02:15:53.414+0000][7][gc,age      ] GC(51) - age   3:    1054200 bytes,    4451304 total
[2023-10-31T02:15:53.414+0000][7][gc,age      ] GC(51) - age   4:     460600 bytes,    4911904 total
[2023-10-31T02:15:53.414+0000][7][gc,age      ] GC(51) - age   5:     313352 bytes,    5225256 total
[2023-10-31T02:15:53.414+0000][7][gc,age      ] GC(51) - age   6:     349512 bytes,    5574768 total
[2023-10-31T02:15:53.414+0000][7][gc,age      ] GC(51) - age   7:     718472 bytes,    6293240 total
[2023-10-31T02:15:53.414+0000][7][gc,age      ] GC(51) - age   8:     698256 bytes,    6991496 total
[2023-10-31T02:15:53.414+0000][7][gc,age      ] GC(51) - age   9:     439928 bytes,    7431424 total
[2023-10-31T02:15:53.414+0000][7][gc,age      ] GC(51) - age  10:     304648 bytes,    7736072 total
[2023-10-31T02:15:53.414+0000][7][gc,age      ] GC(51) - age  11:     248688 bytes,    7984760 total
[2023-10-31T02:15:53.414+0000][7][gc,age      ] GC(51) - age  12:     245824 bytes,    8230584 total
[2023-10-31T02:15:53.414+0000][7][gc,age      ] GC(51) - age  13:     269424 bytes,    8500008 total
[2023-10-31T02:15:53.414+0000][7][gc,age      ] GC(51) - age  14:     308040 bytes,    8808048 total
[2023-10-31T02:15:53.414+0000][7][gc,age      ] GC(51) - age  15:     306488 bytes,    9114536 total
[2023-10-31T02:15:53.414+0000][7][gc,phases   ] GC(51)   Pre Evacuate Collection Set: 0.1ms
[2023-10-31T02:15:53.414+0000][7][gc,phases   ] GC(51)   Merge Heap Roots: 0.0ms
[2023-10-31T02:15:53.414+0000][7][gc,phases   ] GC(51)   Evacuate Collection Set: 4.0ms
[2023-10-31T02:15:53.414+0000][7][gc,phases   ] GC(51)   Post Evacuate Collection Set: 0.6ms
[2023-10-31T02:15:53.414+0000][7][gc,phases   ] GC(51)   Other: 0.3ms
[2023-10-31T02:15:53.414+0000][7][gc,heap     ] GC(51) Eden regions: 71->0(71)
[2023-10-31T02:15:53.414+0000][7][gc,heap     ] GC(51) Survivor regions: 3->3(10)
[2023-10-31T02:15:53.414+0000][7][gc,heap     ] GC(51) Old regions: 24->24
[2023-10-31T02:15:53.414+0000][7][gc,heap     ] GC(51) Archive regions: 2->2
[2023-10-31T02:15:53.414+0000][7][gc,heap     ] GC(51) Humongous regions: 5->5
[2023-10-31T02:15:53.414+0000][7][gc,metaspace] GC(51) Metaspace: 117249K(119104K)->117249K(119104K) NonClass: 101530K(102592K)->101530K(102592K) Class: 15719K(16512K)->15719K(16512K)
[2023-10-31T02:15:53.415+0000][7][gc          ] GC(51) Pause Young (Normal) (G1 Evacuation Pause) 409M->125M(512M) 5.128ms
[2023-10-31T02:15:53.415+0000][7][gc,cpu      ] GC(51) User=0.03s Sys=0.00s Real=0.00s
[2023-10-31T02:15:53.415+0000][7][safepoint   ] Safepoint "G1CollectForAllocation", Time since last: 10012717 ns, Reaching safepoint: 44789 ns, At safepoint: 5213713 ns, Total: 5258502 ns
[2023-10-31T02:15:56.415+0000][7][safepoint   ] Safepoint "Cleanup", Time since last: 3000399934 ns, Reaching safepoint: 71885 ns, At safepoint: 3680 ns, Total: 75565 ns
[2023-10-31T02:15:58.416+0000][7][safepoint   ] Safepoint "Cleanup", Time since last: 2000428371 ns, Reaching safepoint: 43341 ns, At safepoint: 27681 ns, Total: 71022 ns
[2023-10-31T02:15:59.416+0000][7][safepoint   ] Safepoint "Cleanup", Time since last: 1000251624 ns, Reaching safepoint: 161417 ns, At safepoint: 5874 ns, Total: 167291 ns
[2023-10-31T02:16:00.416+0000][7][safepoint   ] Safepoint "Cleanup", Time since last: 1000142370 ns, Reaching safepoint: 65849 ns, At safepoint: 5405 ns, Total: 71254 ns
[2023-10-31T02:16:01.416+0000][7][safepoint   ] Safepoint "Cleanup", Time since last: 1000121031 ns, Reaching safepoint: 80199 ns, At safepoint: 12953 ns, Total: 93152 ns
[2023-10-31T02:16:02.417+0000][7][safepoint   ] Safepoint "Cleanup", Time since last: 1000125825 ns, Reaching safepoint: 168661 ns, At safepoint: 6215 ns, Total: 174876 ns
[2023-10-31T02:16:03.417+0000][7][safepoint   ] Safepoint "Cleanup", Time since last: 1000136188 ns, Reaching safepoint: 66816 ns, At safepoint: 4873 ns, Total: 71689 ns
[2023-10-31T02:16:05.417+0000][7][safepoint   ] Safepoint "Cleanup", Time since last: 2000187992 ns, Reaching safepoint: 97998 ns, At safepoint: 7001 ns, Total: 104999 ns
[2023-10-31T02:16:06.417+0000][7][safepoint   ] Safepoint "Cleanup", Time since last: 1000091526 ns, Reaching safepoint: 91782 ns, At safepoint: 5949 ns, Total: 97731 ns
[2023-10-31T02:16:08.418+0000][7][safepoint   ] Safepoint "Cleanup", Time since last: 2000432901 ns, Reaching safepoint: 83698 ns, At safepoint: 6725 ns, Total: 90423 ns
[2023-10-31T02:16:09.418+0000][7][safepoint   ] Safepoint "Cleanup", Time since last: 1000134056 ns, Reaching safepoint: 73342 ns, At safepoint: 6437 ns, Total: 79779 ns
[2023-10-31T02:16:09.730+0000][7][gc,start    ] GC(52) Pause Young (Normal) (G1 Evacuation Pause)
[2023-10-31T02:16:09.730+0000][7][gc,task     ] GC(52) Using 8 workers of 8 for evacuation
[2023-10-31T02:16:09.730+0000][7][gc,age      ] GC(52) Desired survivor size 20971520 bytes, new threshold 15 (max threshold 15)
[2023-10-31T02:16:09.737+0000][7][gc,age      ] GC(52) Age table with threshold 15 (max threshold 15)
[2023-10-31T02:16:09.737+0000][7][gc,age      ] GC(52) - age   1:    2159656 bytes,    2159656 total
[2023-10-31T02:16:09.737+0000][7][gc,age      ] GC(52) - age   2:    1167408 bytes,    3327064 total
[2023-10-31T02:16:09.737+0000][7][gc,age      ] GC(52) - age   3:     355872 bytes,    3682936 total
[2023-10-31T02:16:09.737+0000][7][gc,age      ] GC(52) - age   4:     797800 bytes,    4480736 total
[2023-10-31T02:16:09.737+0000][7][gc,age      ] GC(52) - age   5:     459640 bytes,    4940376 total
[2023-10-31T02:16:09.737+0000][7][gc,age      ] GC(52) - age   6:     313128 bytes,    5253504 total
[2023-10-31T02:16:09.737+0000][7][gc,age      ] GC(52) - age   7:     349512 bytes,    5603016 total
[2023-10-31T02:16:09.737+0000][7][gc,age      ] GC(52) - age   8:     718472 bytes,    6321488 total
[2023-10-31T02:16:09.737+0000][7][gc,age      ] GC(52) - age   9:     698232 bytes,    7019720 total
[2023-10-31T02:16:09.737+0000][7][gc,age      ] GC(52) - age  10:     439928 bytes,    7459648 total
[2023-10-31T02:16:09.737+0000][7][gc,age      ] GC(52) - age  11:     304648 bytes,    7764296 total
[2023-10-31T02:16:09.737+0000][7][gc,age      ] GC(52) - age  12:     248688 bytes,    8012984 total
[2023-10-31T02:16:09.737+0000][7][gc,age      ] GC(52) - age  13:     245824 bytes,    8258808 total
[2023-10-31T02:16:09.737+0000][7][gc,age      ] GC(52) - age  14:     269424 bytes,    8528232 total
[2023-10-31T02:16:09.737+0000][7][gc,age      ] GC(52) - age  15:     308040 bytes,    8836272 total
[2023-10-31T02:16:09.737+0000][7][gc,phases   ] GC(52)   Pre Evacuate Collection Set: 0.1ms
[2023-10-31T02:16:09.737+0000][7][gc,phases   ] GC(52)   Merge Heap Roots: 0.0ms
[2023-10-31T02:16:09.737+0000][7][gc,phases   ] GC(52)   Evacuate Collection Set: 6.1ms
[2023-10-31T02:16:09.737+0000][7][gc,phases   ] GC(52)   Post Evacuate Collection Set: 0.5ms
[2023-10-31T02:16:09.737+0000][7][gc,phases   ] GC(52)   Other: 0.3ms
[2023-10-31T02:16:09.737+0000][7][gc,heap     ] GC(52) Eden regions: 71->0(71)
[2023-10-31T02:16:09.737+0000][7][gc,heap     ] GC(52) Survivor regions: 3->3(10)
[2023-10-31T02:16:09.737+0000][7][gc,heap     ] GC(52) Old regions: 24->24
[2023-10-31T02:16:09.737+0000][7][gc,heap     ] GC(52) Archive regions: 2->2
[2023-10-31T02:16:09.737+0000][7][gc,heap     ] GC(52) Humongous regions: 5->5
[2023-10-31T02:16:09.737+0000][7][gc,metaspace] GC(52) Metaspace: 117270K(119104K)->117270K(119104K) NonClass: 101551K(102592K)->101551K(102592K) Class: 15719K(16512K)->15719K(16512K)
[2023-10-31T02:16:09.737+0000][7][gc          ] GC(52) Pause Young (Normal) (G1 Evacuation Pause) 409M->125M(512M) 7.064ms
[2023-10-31T02:16:09.737+0000][7][gc,cpu      ] GC(52) User=0.03s Sys=0.00s Real=0.01s
[2023-10-31T02:16:09.737+0000][7][safepoint   ] Safepoint "G1CollectForAllocation", Time since last: 312133267 ns, Reaching safepoint: 27244 ns, At safepoint: 7168501 ns, Total: 7195745 ns
[2023-10-31T02:16:11.738+0000][7][safepoint   ] Safepoint "Cleanup", Time since last: 2000140450 ns, Reaching safepoint: 75157 ns, At safepoint: 4739 ns, Total: 79896 ns
[2023-10-31T02:16:13.738+0000][7][safepoint   ] Safepoint "Cleanup", Time since last: 2000527440 ns, Reaching safepoint: 166800 ns, At safepoint: 19025 ns, Total: 185825 ns
[2023-10-31T02:16:14.739+0000][7][safepoint   ] Safepoint "Cleanup", Time since last: 1000154965 ns, Reaching safepoint: 42511 ns, At safepoint: 8011 ns, Total: 50522 ns
[2023-10-31T02:16:16.739+0000][7][safepoint   ] Safepoint "Cleanup", Time since last: 2000444136 ns, Reaching safepoint: 158593 ns, At safepoint: 6580 ns, Total: 165173 ns
[2023-10-31T02:16:17.739+0000][7][safepoint   ] Safepoint "Cleanup", Time since last: 1000108757 ns, Reaching safepoint: 87335 ns, At safepoint: 9757 ns, Total: 97092 ns
[2023-10-31T02:16:18.740+0000][7][safepoint   ] Safepoint "Cleanup", Time since last: 1000377261 ns, Reaching safepoint: 103677 ns, At safepoint: 14659 ns, Total: 118336 ns
[2023-10-31T02:16:20.740+0000][7][safepoint   ] Safepoint "Cleanup", Time since last: 2000162463 ns, Reaching safepoint: 98277 ns, At safepoint: 7250 ns, Total: 105527 ns
[2023-10-31T02:16:21.740+0000][7][safepoint   ] Safepoint "Cleanup", Time since last: 1000109949 ns, Reaching safepoint: 77223 ns, At safepoint: 6175 ns, Total: 83398 ns
[2023-10-31T02:16:22.741+0000][7][safepoint   ] Safepoint "Cleanup", Time since last: 1000250471 ns, Reaching safepoint: 150956 ns, At safepoint: 4060 ns, Total: 155016 ns
[2023-10-31T02:16:23.741+0000][7][safepoint   ] Safepoint "Cleanup", Time since last: 1000313840 ns, Reaching safepoint: 57371 ns, At safepoint: 5176 ns, Total: 62547 ns
[2023-10-31T02:16:25.742+0000][7][safepoint   ] Safepoint "Cleanup", Time since last: 2000398191 ns, Reaching safepoint: 54728 ns, At safepoint: 7929 ns, Total: 62657 ns
[2023-10-31T02:16:26.533+0000][7][gc,start    ] GC(53) Pause Young (Normal) (G1 Evacuation Pause)
[2023-10-31T02:16:26.533+0000][7][gc,task     ] GC(53) Using 8 workers of 8 for evacuation
[2023-10-31T02:16:26.533+0000][7][gc,age      ] GC(53) Desired survivor size 20971520 bytes, new threshold 15 (max threshold 15)
[2023-10-31T02:16:26.541+0000][7][gc,age      ] GC(53) Age table with threshold 15 (max threshold 15)
[2023-10-31T02:16:26.541+0000][7][gc,age      ] GC(53) - age   1:    1411328 bytes,    1411328 total
[2023-10-31T02:16:26.541+0000][7][gc,age      ] GC(53) - age   2:    1309080 bytes,    2720408 total
[2023-10-31T02:16:26.541+0000][7][gc,age      ] GC(53) - age   3:     946144 bytes,    3666552 total
[2023-10-31T02:16:26.541+0000][7][gc,age      ] GC(53) - age   4:     354512 bytes,    4021064 total
[2023-10-31T02:16:26.541+0000][7][gc,age      ] GC(53) - age   5:     796672 bytes,    4817736 total
[2023-10-31T02:16:26.541+0000][7][gc,age      ] GC(53) - age   6:     458976 bytes,    5276712 total
[2023-10-31T02:16:26.541+0000][7][gc,age      ] GC(53) - age   7:     312976 bytes,    5589688 total
[2023-10-31T02:16:26.541+0000][7][gc,age      ] GC(53) - age   8:     349328 bytes,    5939016 total
[2023-10-31T02:16:26.541+0000][7][gc,age      ] GC(53) - age   9:     718472 bytes,    6657488 total
[2023-10-31T02:16:26.541+0000][7][gc,age      ] GC(53) - age  10:     698232 bytes,    7355720 total
[2023-10-31T02:16:26.541+0000][7][gc,age      ] GC(53) - age  11:     439928 bytes,    7795648 total
[2023-10-31T02:16:26.541+0000][7][gc,age      ] GC(53) - age  12:     304352 bytes,    8100000 total
[2023-10-31T02:16:26.541+0000][7][gc,age      ] GC(53) - age  13:     248688 bytes,    8348688 total
[2023-10-31T02:16:26.541+0000][7][gc,age      ] GC(53) - age  14:     245824 bytes,    8594512 total
[2023-10-31T02:16:26.541+0000][7][gc,age      ] GC(53) - age  15:     269424 bytes,    8863936 total
[2023-10-31T02:16:26.541+0000][7][gc,phases   ] GC(53)   Pre Evacuate Collection Set: 0.1ms
[2023-10-31T02:16:26.541+0000][7][gc,phases   ] GC(53)   Merge Heap Roots: 0.0ms
[2023-10-31T02:16:26.541+0000][7][gc,phases   ] GC(53)   Evacuate Collection Set: 7.2ms
[2023-10-31T02:16:26.541+0000][7][gc,phases   ] GC(53)   Post Evacuate Collection Set: 0.6ms
[2023-10-31T02:16:26.541+0000][7][gc,phases   ] GC(53)   Other: 0.3ms
[2023-10-31T02:16:26.541+0000][7][gc,heap     ] GC(53) Eden regions: 71->0(71)
[2023-10-31T02:16:26.541+0000][7][gc,heap     ] GC(53) Survivor regions: 3->3(10)
[2023-10-31T02:16:26.541+0000][7][gc,heap     ] GC(53) Old regions: 24->24
[2023-10-31T02:16:26.541+0000][7][gc,heap     ] GC(53) Archive regions: 2->2
[2023-10-31T02:16:26.541+0000][7][gc,heap     ] GC(53) Humongous regions: 5->5
[2023-10-31T02:16:26.541+0000][7][gc,metaspace] GC(53) Metaspace: 117300K(119168K)->117300K(119168K) NonClass: 101581K(102656K)->101581K(102656K) Class: 15719K(16512K)->15719K(16512K)
[2023-10-31T02:16:26.541+0000][7][gc          ] GC(53) Pause Young (Normal) (G1 Evacuation Pause) 409M->126M(512M) 8.332ms
[2023-10-31T02:16:26.541+0000][7][gc,cpu      ] GC(53) User=0.03s Sys=0.00s Real=0.01s
[2023-10-31T02:16:26.541+0000][7][safepoint   ] Safepoint "G1CollectForAllocation", Time since last: 790775386 ns, Reaching safepoint: 101620 ns, At safepoint: 8399723 ns, Total: 8501343 ns
[2023-10-31T02:16:27.541+0000][7][safepoint   ] Safepoint "Cleanup", Time since last: 1000232903 ns, Reaching safepoint: 154277 ns, At safepoint: 6652 ns, Total: 160929 ns
[2023-10-31T02:16:28.541+0000][7][safepoint   ] Safepoint "Cleanup", Time since last: 1000085858 ns, Reaching safepoint: 54900 ns, At safepoint: 3937 ns, Total: 58837 ns
[2023-10-31T02:16:29.542+0000][7][safepoint   ] Safepoint "Cleanup", Time since last: 1000129441 ns, Reaching safepoint: 85882 ns, At safepoint: 4461 ns, Total: 90343 ns
[2023-10-31T02:16:30.542+0000][7][safepoint   ] Safepoint "Cleanup", Time since last: 1000128180 ns, Reaching safepoint: 55364 ns, At safepoint: 24058 ns, Total: 79422 ns
[2023-10-31T02:16:31.542+0000][7][safepoint   ] Safepoint "Cleanup", Time since last: 1000351492 ns, Reaching safepoint: 51797 ns, At safepoint: 5653 ns, Total: 57450 ns
[2023-10-31T02:16:32.542+0000][7][safepoint   ] Safepoint "Cleanup", Time since last: 1000148739 ns, Reaching safepoint: 70093 ns, At safepoint: 5215 ns, Total: 75308 ns
[2023-10-31T02:16:33.543+0000][7][safepoint   ] Safepoint "Cleanup", Time since last: 1000150263 ns, Reaching safepoint: 76559 ns, At safepoint: 8075 ns, Total: 84634 ns
[2023-10-31T02:16:35.543+0000][7][safepoint   ] Safepoint "Cleanup", Time since last: 2000665021 ns, Reaching safepoint: 37398 ns, At safepoint: 4343 ns, Total: 41741 ns
[2023-10-31T02:16:36.544+0000][7][safepoint   ] Safepoint "Cleanup", Time since last: 1000139908 ns, Reaching safepoint: 121531 ns, At safepoint: 5686 ns, Total: 127217 ns
[2023-10-31T02:16:38.544+0000][7][safepoint   ] Safepoint "Cleanup", Time since last: 2000505225 ns, Reaching safepoint: 65164 ns, At safepoint: 33642 ns, Total: 98806 ns
[2023-10-31T02:16:41.545+0000][7][safepoint   ] Safepoint "Cleanup", Time since last: 3000574489 ns, Reaching safepoint: 165673 ns, At safepoint: 30193 ns, Total: 195866 ns
[2023-10-31T02:16:42.784+0000][7][gc,start    ] GC(54) Pause Young (Normal) (G1 Evacuation Pause)
[2023-10-31T02:16:42.784+0000][7][gc,task     ] GC(54) Using 8 workers of 8 for evacuation
[2023-10-31T02:16:42.784+0000][7][gc,age      ] GC(54) Desired survivor size 20971520 bytes, new threshold 15 (max threshold 15)
[2023-10-31T02:16:42.791+0000][7][gc,age      ] GC(54) Age table with threshold 15 (max threshold 15)
[2023-10-31T02:16:42.791+0000][7][gc,age      ] GC(54) - age   1:    1341392 bytes,    1341392 total
[2023-10-31T02:16:42.791+0000][7][gc,age      ] GC(54) - age   2:     497344 bytes,    1838736 total
[2023-10-31T02:16:42.791+0000][7][gc,age      ] GC(54) - age   3:    1153496 bytes,    2992232 total
[2023-10-31T02:16:42.791+0000][7][gc,age      ] GC(54) - age   4:     608256 bytes,    3600488 total
[2023-10-31T02:16:42.791+0000][7][gc,age      ] GC(54) - age   5:     354160 bytes,    3954648 total
[2023-10-31T02:16:42.791+0000][7][gc,age      ] GC(54) - age   6:     796544 bytes,    4751192 total
[2023-10-31T02:16:42.791+0000][7][gc,age      ] GC(54) - age   7:     458912 bytes,    5210104 total
[2023-10-31T02:16:42.791+0000][7][gc,age      ] GC(54) - age   8:     312944 bytes,    5523048 total
[2023-10-31T02:16:42.791+0000][7][gc,age      ] GC(54) - age   9:     349328 bytes,    5872376 total
[2023-10-31T02:16:42.791+0000][7][gc,age      ] GC(54) - age  10:     718472 bytes,    6590848 total
[2023-10-31T02:16:42.791+0000][7][gc,age      ] GC(54) - age  11:     698232 bytes,    7289080 total
[2023-10-31T02:16:42.791+0000][7][gc,age      ] GC(54) - age  12:     439928 bytes,    7729008 total
[2023-10-31T02:16:42.791+0000][7][gc,age      ] GC(54) - age  13:     304352 bytes,    8033360 total
[2023-10-31T02:16:42.791+0000][7][gc,age      ] GC(54) - age  14:     248688 bytes,    8282048 total
[2023-10-31T02:16:42.791+0000][7][gc,age      ] GC(54) - age  15:     245824 bytes,    8527872 total
[2023-10-31T02:16:42.791+0000][7][gc,phases   ] GC(54)   Pre Evacuate Collection Set: 0.1ms
[2023-10-31T02:16:42.791+0000][7][gc,phases   ] GC(54)   Merge Heap Roots: 0.0ms
[2023-10-31T02:16:42.791+0000][7][gc,phases   ] GC(54)   Evacuate Collection Set: 6.4ms
[2023-10-31T02:16:42.791+0000][7][gc,phases   ] GC(54)   Post Evacuate Collection Set: 0.5ms
[2023-10-31T02:16:42.791+0000][7][gc,phases   ] GC(54)   Other: 0.4ms
[2023-10-31T02:16:42.791+0000][7][gc,heap     ] GC(54) Eden regions: 71->0(71)
[2023-10-31T02:16:42.791+0000][7][gc,heap     ] GC(54) Survivor regions: 3->3(10)
[2023-10-31T02:16:42.791+0000][7][gc,heap     ] GC(54) Old regions: 24->24
[2023-10-31T02:16:42.791+0000][7][gc,heap     ] GC(54) Archive regions: 2->2
[2023-10-31T02:16:42.791+0000][7][gc,heap     ] GC(54) Humongous regions: 5->5
[2023-10-31T02:16:42.791+0000][7][gc,metaspace] GC(54) Metaspace: 117331K(119168K)->117331K(119168K) NonClass: 101612K(102656K)->101612K(102656K) Class: 15719K(16512K)->15719K(16512K)
[2023-10-31T02:16:42.791+0000][7][gc          ] GC(54) Pause Young (Normal) (G1 Evacuation Pause) 410M->125M(512M) 7.411ms
[2023-10-31T02:16:42.791+0000][7][gc,cpu      ] GC(54) User=0.02s Sys=0.00s Real=0.01s
[2023-10-31T02:16:42.791+0000][7][safepoint   ] Safepoint "G1CollectForAllocation", Time since last: 1238376789 ns, Reaching safepoint: 24170 ns, At safepoint: 7511707 ns, Total: 7535877 ns
[2023-10-31T02:16:43.791+0000][7][safepoint   ] Safepoint "Cleanup", Time since last: 1000127448 ns, Reaching safepoint: 52376 ns, At safepoint: 25008 ns, Total: 77384 ns
[2023-10-31T02:16:44.792+0000][7][safepoint   ] Safepoint "Cleanup", Time since last: 1000371463 ns, Reaching safepoint: 82660 ns, At safepoint: 8921 ns, Total: 91581 ns
[2023-10-31T02:16:45.792+0000][7][safepoint   ] Safepoint "Cleanup", Time since last: 1000352583 ns, Reaching safepoint: 53779 ns, At safepoint: 27655 ns, Total: 81434 ns
[2023-10-31T02:16:47.792+0000][7][safepoint   ] Safepoint "Cleanup", Time since last: 2000324398 ns, Reaching safepoint: 54917 ns, At safepoint: 6206 ns, Total: 61123 ns
[2023-10-31T02:16:48.793+0000][7][safepoint   ] Safepoint "Cleanup", Time since last: 1000184538 ns, Reaching safepoint: 116125 ns, At safepoint: 11416 ns, Total: 127541 ns
[2023-10-31T02:16:50.793+0000][7][safepoint   ] Safepoint "Cleanup", Time since last: 2000215748 ns, Reaching safepoint: 117172 ns, At safepoint: 21019 ns, Total: 138191 ns
[2023-10-31T02:16:52.793+0000][7][safepoint   ] Safepoint "Cleanup", Time since last: 2000254820 ns, Reaching safepoint: 65885 ns, At safepoint: 8737 ns, Total: 74622 ns
[2023-10-31T02:16:53.794+0000][7][safepoint   ] Safepoint "Cleanup", Time since last: 1000337897 ns, Reaching safepoint: 36870 ns, At safepoint: 5280 ns, Total: 42150 ns
[2023-10-31T02:16:55.794+0000][7][safepoint   ] Safepoint "Cleanup", Time since last: 2000427448 ns, Reaching safepoint: 35365 ns, At safepoint: 29318 ns, Total: 64683 ns
[2023-10-31T02:16:56.795+0000][7][safepoint   ] Safepoint "Cleanup", Time since last: 1000161614 ns, Reaching safepoint: 80776 ns, At safepoint: 3691 ns, Total: 84467 ns
[2023-10-31T02:16:58.795+0000][7][safepoint   ] Safepoint "Cleanup", Time since last: 2000248791 ns, Reaching safepoint: 94476 ns, At safepoint: 9520 ns, Total: 103996 ns
[2023-10-31T02:16:59.298+0000][7][gc,start    ] GC(55) Pause Young (Normal) (G1 Evacuation Pause)
[2023-10-31T02:16:59.298+0000][7][gc,task     ] GC(55) Using 8 workers of 8 for evacuation
[2023-10-31T02:16:59.298+0000][7][gc,age      ] GC(55) Desired survivor size 20971520 bytes, new threshold 15 (max threshold 15)
[2023-10-31T02:16:59.304+0000][7][gc,age      ] GC(55) Age table with threshold 15 (max threshold 15)
[2023-10-31T02:16:59.304+0000][7][gc,age      ] GC(55) - age   1:    1623776 bytes,    1623776 total
[2023-10-31T02:16:59.304+0000][7][gc,age      ] GC(55) - age   2:     775128 bytes,    2398904 total
[2023-10-31T02:16:59.304+0000][7][gc,age      ] GC(55) - age   3:     330848 bytes,    2729752 total
[2023-10-31T02:16:59.304+0000][7][gc,age      ] GC(55) - age   4:     571624 bytes,    3301376 total
[2023-10-31T02:16:59.304+0000][7][gc,age      ] GC(55) - age   5:     608192 bytes,    3909568 total
[2023-10-31T02:16:59.304+0000][7][gc,age      ] GC(55) - age   6:     299312 bytes,    4208880 total
[2023-10-31T02:16:59.304+0000][7][gc,age      ] GC(55) - age   7:     796480 bytes,    5005360 total
[2023-10-31T02:16:59.304+0000][7][gc,age      ] GC(55) - age   8:     458912 bytes,    5464272 total
[2023-10-31T02:16:59.304+0000][7][gc,age      ] GC(55) - age   9:     312944 bytes,    5777216 total
[2023-10-31T02:16:59.304+0000][7][gc,age      ] GC(55) - age  10:     349328 bytes,    6126544 total
[2023-10-31T02:16:59.304+0000][7][gc,age      ] GC(55) - age  11:     718472 bytes,    6845016 total
[2023-10-31T02:16:59.304+0000][7][gc,age      ] GC(55) - age  12:     698232 bytes,    7543248 total
[2023-10-31T02:16:59.304+0000][7][gc,age      ] GC(55) - age  13:     439928 bytes,    7983176 total
[2023-10-31T02:16:59.304+0000][7][gc,age      ] GC(55) - age  14:     304040 bytes,    8287216 total
[2023-10-31T02:16:59.304+0000][7][gc,age      ] GC(55) - age  15:     248688 bytes,    8535904 total
[2023-10-31T02:16:59.304+0000][7][gc,phases   ] GC(55)   Pre Evacuate Collection Set: 0.1ms
[2023-10-31T02:16:59.304+0000][7][gc,phases   ] GC(55)   Merge Heap Roots: 0.0ms
[2023-10-31T02:16:59.304+0000][7][gc,phases   ] GC(55)   Evacuate Collection Set: 5.3ms
[2023-10-31T02:16:59.304+0000][7][gc,phases   ] GC(55)   Post Evacuate Collection Set: 0.6ms
[2023-10-31T02:16:59.304+0000][7][gc,phases   ] GC(55)   Other: 0.3ms
[2023-10-31T02:16:59.304+0000][7][gc,heap     ] GC(55) Eden regions: 71->0(71)
[2023-10-31T02:16:59.304+0000][7][gc,heap     ] GC(55) Survivor regions: 3->3(10)
[2023-10-31T02:16:59.304+0000][7][gc,heap     ] GC(55) Old regions: 24->24
[2023-10-31T02:16:59.304+0000][7][gc,heap     ] GC(55) Archive regions: 2->2
[2023-10-31T02:16:59.304+0000][7][gc,heap     ] GC(55) Humongous regions: 5->5
[2023-10-31T02:16:59.304+0000][7][gc,metaspace] GC(55) Metaspace: 117363K(119168K)->117363K(119168K) NonClass: 101644K(102656K)->101644K(102656K) Class: 15719K(16512K)->15719K(16512K)
[2023-10-31T02:16:59.304+0000][7][gc          ] GC(55) Pause Young (Normal) (G1 Evacuation Pause) 409M->126M(512M) 6.383ms
[2023-10-31T02:16:59.304+0000][7][gc,cpu      ] GC(55) User=0.03s Sys=0.00s Real=0.00s
[2023-10-31T02:16:59.304+0000][7][safepoint   ] Safepoint "G1CollectForAllocation", Time since last: 502854208 ns, Reaching safepoint: 73569 ns, At safepoint: 6457973 ns, Total: 6531542 ns
[2023-10-31T02:17:01.305+0000][7][safepoint   ] Safepoint "Cleanup", Time since last: 2000225562 ns, Reaching safepoint: 153402 ns, At safepoint: 27440 ns, Total: 180842 ns
[2023-10-31T02:17:02.305+0000][7][safepoint   ] Safepoint "Cleanup", Time since last: 1000097103 ns, Reaching safepoint: 69440 ns, At safepoint: 5568 ns, Total: 75008 ns
[2023-10-31T02:17:03.305+0000][7][safepoint   ] Safepoint "Cleanup", Time since last: 1000332698 ns, Reaching safepoint: 73064 ns, At safepoint: 9283 ns, Total: 82347 ns
[2023-10-31T02:17:05.306+0000][7][safepoint   ] Safepoint "Cleanup", Time since last: 2000386703 ns, Reaching safepoint: 54744 ns, At safepoint: 22889 ns, Total: 77633 ns
[2023-10-31T02:17:06.306+0000][7][safepoint   ] Safepoint "Cleanup", Time since last: 1000323821 ns, Reaching safepoint: 40023 ns, At safepoint: 31401 ns, Total: 71424 ns
[2023-10-31T02:17:08.307+0000][7][safepoint   ] Safepoint "Cleanup", Time since last: 2000600533 ns, Reaching safepoint: 79708 ns, At safepoint: 4675 ns, Total: 84383 ns
[2023-10-31T02:17:09.307+0000][7][safepoint   ] Safepoint "Cleanup", Time since last: 1000379280 ns, Reaching safepoint: 56906 ns, At safepoint: 4966 ns, Total: 61872 ns
[2023-10-31T02:17:11.308+0000][7][safepoint   ] Safepoint "Cleanup", Time since last: 2000393221 ns, Reaching safepoint: 76660 ns, At safepoint: 6162 ns, Total: 82822 ns
[2023-10-31T02:17:13.308+0000][7][safepoint   ] Safepoint "Cleanup", Time since last: 2000238489 ns, Reaching safepoint: 63483 ns, At safepoint: 18363 ns, Total: 81846 ns
[2023-10-31T02:17:14.308+0000][7][safepoint   ] Safepoint "Cleanup", Time since last: 1000087348 ns, Reaching safepoint: 46881 ns, At safepoint: 50005 ns, Total: 96886 ns
[2023-10-31T02:17:15.958+0000][7][gc,start    ] GC(56) Pause Young (Normal) (G1 Evacuation Pause)
[2023-10-31T02:17:15.959+0000][7][gc,task     ] GC(56) Using 8 workers of 8 for evacuation
[2023-10-31T02:17:15.959+0000][7][gc,age      ] GC(56) Desired survivor size 20971520 bytes, new threshold 15 (max threshold 15)
[2023-10-31T02:17:15.962+0000][7][gc,age      ] GC(56) Age table with threshold 15 (max threshold 15)
[2023-10-31T02:17:15.962+0000][7][gc,age      ] GC(56) - age   1:    1250288 bytes,    1250288 total
[2023-10-31T02:17:15.962+0000][7][gc,age      ] GC(56) - age   2:    1171344 bytes,    2421632 total
[2023-10-31T02:17:15.962+0000][7][gc,age      ] GC(56) - age   3:     614336 bytes,    3035968 total
[2023-10-31T02:17:15.963+0000][7][gc,age      ] GC(56) - age   4:     239672 bytes,    3275640 total
[2023-10-31T02:17:15.963+0000][7][gc,age      ] GC(56) - age   5:     284024 bytes,    3559664 total
[2023-10-31T02:17:15.963+0000][7][gc,age      ] GC(56) - age   6:     608000 bytes,    4167664 total
[2023-10-31T02:17:15.963+0000][7][gc,age      ] GC(56) - age   7:     299248 bytes,    4466912 total
[2023-10-31T02:17:15.963+0000][7][gc,age      ] GC(56) - age   8:     796416 bytes,    5263328 total
[2023-10-31T02:17:15.963+0000][7][gc,age      ] GC(56) - age   9:     458912 bytes,    5722240 total
[2023-10-31T02:17:15.963+0000][7][gc,age      ] GC(56) - age  10:     312944 bytes,    6035184 total
[2023-10-31T02:17:15.963+0000][7][gc,age      ] GC(56) - age  11:     349328 bytes,    6384512 total
[2023-10-31T02:17:15.963+0000][7][gc,age      ] GC(56) - age  12:     718472 bytes,    7102984 total
[2023-10-31T02:17:15.963+0000][7][gc,age      ] GC(56) - age  13:     698232 bytes,    7801216 total
[2023-10-31T02:17:15.963+0000][7][gc,age      ] GC(56) - age  14:     439928 bytes,    8241144 total
[2023-10-31T02:17:15.963+0000][7][gc,age      ] GC(56) - age  15:     304040 bytes,    8545184 total
[2023-10-31T02:17:15.963+0000][7][gc,phases   ] GC(56)   Pre Evacuate Collection Set: 0.1ms
[2023-10-31T02:17:15.963+0000][7][gc,phases   ] GC(56)   Merge Heap Roots: 0.0ms
[2023-10-31T02:17:15.963+0000][7][gc,phases   ] GC(56)   Evacuate Collection Set: 2.4ms
[2023-10-31T02:17:15.963+0000][7][gc,phases   ] GC(56)   Post Evacuate Collection Set: 0.6ms
[2023-10-31T02:17:15.963+0000][7][gc,phases   ] GC(56)   Other: 1.8ms
[2023-10-31T02:17:15.963+0000][7][gc,heap     ] GC(56) Eden regions: 71->0(71)
[2023-10-31T02:17:15.963+0000][7][gc,heap     ] GC(56) Survivor regions: 3->3(10)
[2023-10-31T02:17:15.963+0000][7][gc,heap     ] GC(56) Old regions: 24->24
[2023-10-31T02:17:15.963+0000][7][gc,heap     ] GC(56) Archive regions: 2->2
[2023-10-31T02:17:15.963+0000][7][gc,heap     ] GC(56) Humongous regions: 5->5
[2023-10-31T02:17:15.963+0000][7][gc,metaspace] GC(56) Metaspace: 117383K(119232K)->117383K(119232K) NonClass: 101664K(102720K)->101664K(102720K) Class: 15719K(16512K)->15719K(16512K)
[2023-10-31T02:17:15.963+0000][7][gc          ] GC(56) Pause Young (Normal) (G1 Evacuation Pause) 410M->126M(512M) 4.977ms
[2023-10-31T02:17:15.963+0000][7][gc,cpu      ] GC(56) User=0.02s Sys=0.00s Real=0.00s
[2023-10-31T02:17:15.963+0000][7][safepoint   ] Safepoint "G1CollectForAllocation", Time since last: 1649365224 ns, Reaching safepoint: 31877 ns, At safepoint: 5063066 ns, Total: 5094943 ns
[2023-10-31T02:17:17.963+0000][7][safepoint   ] Safepoint "Cleanup", Time since last: 2000410919 ns, Reaching safepoint: 87579 ns, At safepoint: 5983 ns, Total: 93562 ns
[2023-10-31T02:17:19.263+0000][7][safepoint   ] Safepoint "Cleanup", Time since last: 1299576332 ns, Reaching safepoint: 217771 ns, At safepoint: 7626 ns, Total: 225397 ns
[2023-10-31T02:17:20.263+0000][7][safepoint   ] Safepoint "Cleanup", Time since last: 1000230019 ns, Reaching safepoint: 129279 ns, At safepoint: 4348 ns, Total: 133627 ns
[2023-10-31T02:17:21.264+0000][7][safepoint   ] Safepoint "Cleanup", Time since last: 1000095139 ns, Reaching safepoint: 36328 ns, At safepoint: 4759 ns, Total: 41087 ns
[2023-10-31T02:17:23.264+0000][7][safepoint   ] Safepoint "Cleanup", Time since last: 2000233219 ns, Reaching safepoint: 89319 ns, At safepoint: 3696 ns, Total: 93015 ns
[2023-10-31T02:17:25.264+0000][7][safepoint   ] Safepoint "Cleanup", Time since last: 2000427710 ns, Reaching safepoint: 33609 ns, At safepoint: 4028 ns, Total: 37637 ns
[2023-10-31T02:17:26.264+0000][7][safepoint   ] Safepoint "Cleanup", Time since last: 1000114090 ns, Reaching safepoint: 65590 ns, At safepoint: 4685 ns, Total: 70275 ns
[2023-10-31T02:17:27.265+0000][7][safepoint   ] Safepoint "Cleanup", Time since last: 1000152733 ns, Reaching safepoint: 63679 ns, At safepoint: 4553 ns, Total: 68232 ns
[2023-10-31T02:17:28.265+0000][7][safepoint   ] Safepoint "Cleanup", Time since last: 1000125592 ns, Reaching safepoint: 36817 ns, At safepoint: 5222 ns, Total: 42039 ns
[2023-10-31T02:17:29.265+0000][7][safepoint   ] Safepoint "Cleanup", Time since last: 1000088728 ns, Reaching safepoint: 122871 ns, At safepoint: 29394 ns, Total: 152265 ns
[2023-10-31T02:17:30.265+0000][7][safepoint   ] Safepoint "Cleanup", Time since last: 1000204273 ns, Reaching safepoint: 82363 ns, At safepoint: 6246 ns, Total: 88609 ns
[2023-10-31T02:17:31.266+0000][7][safepoint   ] Safepoint "Cleanup", Time since last: 1000236580 ns, Reaching safepoint: 149784 ns, At safepoint: 4732 ns, Total: 154516 ns
[2023-10-31T02:17:32.254+0000][7][gc,start    ] GC(57) Pause Young (Normal) (G1 Evacuation Pause)
[2023-10-31T02:17:32.255+0000][7][gc,task     ] GC(57) Using 8 workers of 8 for evacuation
[2023-10-31T02:17:32.255+0000][7][gc,age      ] GC(57) Desired survivor size 20971520 bytes, new threshold 15 (max threshold 15)
[2023-10-31T02:17:32.264+0000][7][gc,age      ] GC(57) Age table with threshold 15 (max threshold 15)
[2023-10-31T02:17:32.264+0000][7][gc,age      ] GC(57) - age   1:    1342440 bytes,    1342440 total
[2023-10-31T02:17:32.264+0000][7][gc,age      ] GC(57) - age   2:     892136 bytes,    2234576 total
[2023-10-31T02:17:32.264+0000][7][gc,age      ] GC(57) - age   3:    1016736 bytes,    3251312 total
[2023-10-31T02:17:32.264+0000][7][gc,age      ] GC(57) - age   4:     237856 bytes,    3489168 total
[2023-10-31T02:17:32.264+0000][7][gc,age      ] GC(57) - age   5:     236840 bytes,    3726008 total
[2023-10-31T02:17:32.264+0000][7][gc,age      ] GC(57) - age   6:     283960 bytes,    4009968 total
[2023-10-31T02:17:32.264+0000][7][gc,age      ] GC(57) - age   7:     326248 bytes,    4336216 total
[2023-10-31T02:17:32.264+0000][7][gc,age      ] GC(57) - age   8:     298952 bytes,    4635168 total
[2023-10-31T02:17:32.264+0000][7][gc,age      ] GC(57) - age   9:     796416 bytes,    5431584 total
[2023-10-31T02:17:32.264+0000][7][gc,age      ] GC(57) - age  10:     458912 bytes,    5890496 total
[2023-10-31T02:17:32.264+0000][7][gc,age      ] GC(57) - age  11:     312944 bytes,    6203440 total
[2023-10-31T02:17:32.264+0000][7][gc,age      ] GC(57) - age  12:     349328 bytes,    6552768 total
[2023-10-31T02:17:32.264+0000][7][gc,age      ] GC(57) - age  13:     718472 bytes,    7271240 total
[2023-10-31T02:17:32.264+0000][7][gc,age      ] GC(57) - age  14:     698232 bytes,    7969472 total
[2023-10-31T02:17:32.264+0000][7][gc,age      ] GC(57) - age  15:     439928 bytes,    8409400 total
[2023-10-31T02:17:32.264+0000][7][gc,phases   ] GC(57)   Pre Evacuate Collection Set: 0.1ms
[2023-10-31T02:17:32.264+0000][7][gc,phases   ] GC(57)   Merge Heap Roots: 0.0ms
[2023-10-31T02:17:32.264+0000][7][gc,phases   ] GC(57)   Evacuate Collection Set: 8.5ms
[2023-10-31T02:17:32.264+0000][7][gc,phases   ] GC(57)   Post Evacuate Collection Set: 0.5ms
[2023-10-31T02:17:32.264+0000][7][gc,phases   ] GC(57)   Other: 0.3ms
[2023-10-31T02:17:32.264+0000][7][gc,heap     ] GC(57) Eden regions: 71->0(71)
[2023-10-31T02:17:32.264+0000][7][gc,heap     ] GC(57) Survivor regions: 3->3(10)
[2023-10-31T02:17:32.264+0000][7][gc,heap     ] GC(57) Old regions: 24->24
[2023-10-31T02:17:32.264+0000][7][gc,heap     ] GC(57) Archive regions: 2->2
[2023-10-31T02:17:32.264+0000][7][gc,heap     ] GC(57) Humongous regions: 5->5
[2023-10-31T02:17:32.264+0000][7][gc,metaspace] GC(57) Metaspace: 117441K(119296K)->117441K(119296K) NonClass: 101722K(102784K)->101722K(102784K) Class: 15719K(16512K)->15719K(16512K)
[2023-10-31T02:17:32.264+0000][7][gc          ] GC(57) Pause Young (Normal) (G1 Evacuation Pause) 410M->126M(512M) 9.478ms
[2023-10-31T02:17:32.264+0000][7][gc,cpu      ] GC(57) User=0.02s Sys=0.00s Real=0.01s
[2023-10-31T02:17:32.264+0000][7][safepoint   ] Safepoint "G1CollectForAllocation", Time since last: 988593530 ns, Reaching safepoint: 44285 ns, At safepoint: 9543598 ns, Total: 9587883 ns
[2023-10-31T02:17:33.264+0000][7][safepoint   ] Safepoint "Cleanup", Time since last: 1000153338 ns, Reaching safepoint: 195796 ns, At safepoint: 5245 ns, Total: 201041 ns
[2023-10-31T02:17:35.265+0000][7][safepoint   ] Safepoint "Cleanup", Time since last: 2000183644 ns, Reaching safepoint: 28302 ns, At safepoint: 28232 ns, Total: 56534 ns
[2023-10-31T02:17:36.265+0000][7][safepoint   ] Safepoint "Cleanup", Time since last: 1000570739 ns, Reaching safepoint: 123246 ns, At safepoint: 7670 ns, Total: 130916 ns
[2023-10-31T02:17:38.266+0000][7][safepoint   ] Safepoint "Cleanup", Time since last: 2000531291 ns, Reaching safepoint: 127421 ns, At safepoint: 7279 ns, Total: 134700 ns
[2023-10-31T02:17:41.267+0000][7][safepoint   ] Safepoint "Cleanup", Time since last: 3000536312 ns, Reaching safepoint: 163481 ns, At safepoint: 8700 ns, Total: 172181 ns
[2023-10-31T02:17:43.267+0000][7][safepoint   ] Safepoint "Cleanup", Time since last: 2000157903 ns, Reaching safepoint: 53734 ns, At safepoint: 2986 ns, Total: 56720 ns
[2023-10-31T02:17:44.267+0000][7][safepoint   ] Safepoint "Cleanup", Time since last: 1000185617 ns, Reaching safepoint: 51955 ns, At safepoint: 4713 ns, Total: 56668 ns
[2023-10-31T02:17:46.267+0000][7][safepoint   ] Safepoint "Cleanup", Time since last: 2000154284 ns, Reaching safepoint: 57632 ns, At safepoint: 21079 ns, Total: 78711 ns
[2023-10-31T02:17:47.267+0000][7][safepoint   ] Safepoint "Cleanup", Time since last: 1000095258 ns, Reaching safepoint: 38551 ns, At safepoint: 4048 ns, Total: 42599 ns
[2023-10-31T02:17:48.268+0000][7][safepoint   ] Safepoint "Cleanup", Time since last: 1000169628 ns, Reaching safepoint: 72863 ns, At safepoint: 3985 ns, Total: 76848 ns
[2023-10-31T02:17:49.121+0000][7][gc,start    ] GC(58) Pause Young (Normal) (G1 Evacuation Pause)
[2023-10-31T02:17:49.121+0000][7][gc,task     ] GC(58) Using 8 workers of 8 for evacuation
[2023-10-31T02:17:49.121+0000][7][gc,age      ] GC(58) Desired survivor size 20971520 bytes, new threshold 15 (max threshold 15)
[2023-10-31T02:17:49.131+0000][7][gc,age      ] GC(58) Age table with threshold 15 (max threshold 15)
[2023-10-31T02:17:49.131+0000][7][gc,age      ] GC(58) - age   1:    1706000 bytes,    1706000 total
[2023-10-31T02:17:49.131+0000][7][gc,age      ] GC(58) - age   2:    1009920 bytes,    2715920 total
[2023-10-31T02:17:49.131+0000][7][gc,age      ] GC(58) - age   3:     891264 bytes,    3607184 total
[2023-10-31T02:17:49.131+0000][7][gc,age      ] GC(58) - age   4:     363040 bytes,    3970224 total
[2023-10-31T02:17:49.131+0000][7][gc,age      ] GC(58) - age   5:     237792 bytes,    4208016 total
[2023-10-31T02:17:49.131+0000][7][gc,age      ] GC(58) - age   6:     236744 bytes,    4444760 total
[2023-10-31T02:17:49.131+0000][7][gc,age      ] GC(58) - age   7:     283768 bytes,    4728528 total
[2023-10-31T02:17:49.131+0000][7][gc,age      ] GC(58) - age   8:     326184 bytes,    5054712 total
[2023-10-31T02:17:49.131+0000][7][gc,age      ] GC(58) - age   9:     298952 bytes,    5353664 total
[2023-10-31T02:17:49.131+0000][7][gc,age      ] GC(58) - age  10:     796416 bytes,    6150080 total
[2023-10-31T02:17:49.131+0000][7][gc,age      ] GC(58) - age  11:     458912 bytes,    6608992 total
[2023-10-31T02:17:49.131+0000][7][gc,age      ] GC(58) - age  12:     312944 bytes,    6921936 total
[2023-10-31T02:17:49.131+0000][7][gc,age      ] GC(58) - age  13:     349328 bytes,    7271264 total
[2023-10-31T02:17:49.131+0000][7][gc,age      ] GC(58) - age  14:     718472 bytes,    7989736 total
[2023-10-31T02:17:49.131+0000][7][gc,age      ] GC(58) - age  15:     436072 bytes,    8425808 total
[2023-10-31T02:17:49.131+0000][7][gc,phases   ] GC(58)   Pre Evacuate Collection Set: 0.1ms
[2023-10-31T02:17:49.131+0000][7][gc,phases   ] GC(58)   Merge Heap Roots: 0.0ms
[2023-10-31T02:17:49.131+0000][7][gc,phases   ] GC(58)   Evacuate Collection Set: 8.9ms
[2023-10-31T02:17:49.131+0000][7][gc,phases   ] GC(58)   Post Evacuate Collection Set: 0.5ms
[2023-10-31T02:17:49.131+0000][7][gc,phases   ] GC(58)   Other: 0.3ms
[2023-10-31T02:17:49.131+0000][7][gc,heap     ] GC(58) Eden regions: 71->0(71)
[2023-10-31T02:17:49.131+0000][7][gc,heap     ] GC(58) Survivor regions: 3->3(10)
[2023-10-31T02:17:49.131+0000][7][gc,heap     ] GC(58) Old regions: 24->24
[2023-10-31T02:17:49.131+0000][7][gc,heap     ] GC(58) Archive regions: 2->2
[2023-10-31T02:17:49.131+0000][7][gc,heap     ] GC(58) Humongous regions: 5->5
[2023-10-31T02:17:49.131+0000][7][gc,metaspace] GC(58) Metaspace: 117477K(119296K)->117477K(119296K) NonClass: 101758K(102784K)->101758K(102784K) Class: 15719K(16512K)->15719K(16512K)
[2023-10-31T02:17:49.131+0000][7][gc          ] GC(58) Pause Young (Normal) (G1 Evacuation Pause) 410M->127M(512M) 9.806ms
[2023-10-31T02:17:49.131+0000][7][gc,cpu      ] GC(58) User=0.02s Sys=0.00s Real=0.01s
[2023-10-31T02:17:49.131+0000][7][safepoint   ] Safepoint "G1CollectForAllocation", Time since last: 853103220 ns, Reaching safepoint: 44197 ns, At safepoint: 9898669 ns, Total: 9942866 ns
[2023-10-31T02:17:50.131+0000][7][safepoint   ] Safepoint "Cleanup", Time since last: 1000142386 ns, Reaching safepoint: 160197 ns, At safepoint: 27991 ns, Total: 188188 ns
[2023-10-31T02:17:51.131+0000][7][safepoint   ] Safepoint "Cleanup", Time since last: 1000146719 ns, Reaching safepoint: 186905 ns, At safepoint: 6468 ns, Total: 193373 ns
[2023-10-31T02:17:53.132+0000][7][safepoint   ] Safepoint "Cleanup", Time since last: 2000276551 ns, Reaching safepoint: 37510 ns, At safepoint: 5780 ns, Total: 43290 ns
[2023-10-31T02:17:54.132+0000][7][safepoint   ] Safepoint "Cleanup", Time since last: 1000216768 ns, Reaching safepoint: 87543 ns, At safepoint: 5384 ns, Total: 92927 ns
[2023-10-31T02:17:56.133+0000][7][safepoint   ] Safepoint "Cleanup", Time since last: 2000432255 ns, Reaching safepoint: 151148 ns, At safepoint: 7124 ns, Total: 158272 ns
[2023-10-31T02:17:57.133+0000][7][safepoint   ] Safepoint "Cleanup", Time since last: 1000107185 ns, Reaching safepoint: 84220 ns, At safepoint: 3418 ns, Total: 87638 ns
[2023-10-31T02:17:59.133+0000][7][safepoint   ] Safepoint "Cleanup", Time since last: 2000408580 ns, Reaching safepoint: 55945 ns, At safepoint: 21662 ns, Total: 77607 ns
[2023-10-31T02:18:00.134+0000][7][safepoint   ] Safepoint "Cleanup", Time since last: 1000127334 ns, Reaching safepoint: 76158 ns, At safepoint: 5290 ns, Total: 81448 ns
[2023-10-31T02:18:01.134+0000][7][safepoint   ] Safepoint "Cleanup", Time since last: 1000135829 ns, Reaching safepoint: 133899 ns, At safepoint: 6535 ns, Total: 140434 ns
[2023-10-31T02:18:03.134+0000][7][safepoint   ] Safepoint "Cleanup", Time since last: 2000226331 ns, Reaching safepoint: 120009 ns, At safepoint: 12025 ns, Total: 132034 ns
[2023-10-31T02:18:04.135+0000][7][safepoint   ] Safepoint "Cleanup", Time since last: 1000269604 ns, Reaching safepoint: 152015 ns, At safepoint: 6761 ns, Total: 158776 ns
[2023-10-31T02:18:06.135+0000][7][safepoint   ] Safepoint "Cleanup", Time since last: 2000182257 ns, Reaching safepoint: 67515 ns, At safepoint: 7544 ns, Total: 75059 ns
[2023-10-31T02:18:06.136+0000][7][gc,start    ] GC(59) Pause Young (Normal) (G1 Evacuation Pause)
[2023-10-31T02:18:06.136+0000][7][gc,task     ] GC(59) Using 8 workers of 8 for evacuation
[2023-10-31T02:18:06.136+0000][7][gc,age      ] GC(59) Desired survivor size 20971520 bytes, new threshold 15 (max threshold 15)
[2023-10-31T02:18:06.148+0000][7][gc,age      ] GC(59) Age table with threshold 15 (max threshold 15)
[2023-10-31T02:18:06.148+0000][7][gc,age      ] GC(59) - age   1:    1959408 bytes,    1959408 total
[2023-10-31T02:18:06.148+0000][7][gc,age      ] GC(59) - age   2:    1637184 bytes,    3596592 total
[2023-10-31T02:18:06.148+0000][7][gc,age      ] GC(59) - age   3:     996344 bytes,    4592936 total
[2023-10-31T02:18:06.148+0000][7][gc,age      ] GC(59) - age   4:     890016 bytes,    5482952 total
[2023-10-31T02:18:06.148+0000][7][gc,age      ] GC(59) - age   5:     301208 bytes,    5784160 total
[2023-10-31T02:18:06.148+0000][7][gc,age      ] GC(59) - age   6:     237600 bytes,    6021760 total
[2023-10-31T02:18:06.148+0000][7][gc,age      ] GC(59) - age   7:     236552 bytes,    6258312 total
[2023-10-31T02:18:06.148+0000][7][gc,age      ] GC(59) - age   8:     283704 bytes,    6542016 total
[2023-10-31T02:18:06.148+0000][7][gc,age      ] GC(59) - age   9:     326136 bytes,    6868152 total
[2023-10-31T02:18:06.148+0000][7][gc,age      ] GC(59) - age  10:     298952 bytes,    7167104 total
[2023-10-31T02:18:06.148+0000][7][gc,age      ] GC(59) - age  11:     796416 bytes,    7963520 total
[2023-10-31T02:18:06.148+0000][7][gc,age      ] GC(59) - age  12:     458912 bytes,    8422432 total
[2023-10-31T02:18:06.148+0000][7][gc,age      ] GC(59) - age  13:     312944 bytes,    8735376 total
[2023-10-31T02:18:06.148+0000][7][gc,age      ] GC(59) - age  14:     349328 bytes,    9084704 total
[2023-10-31T02:18:06.148+0000][7][gc,age      ] GC(59) - age  15:     718472 bytes,    9803176 total
[2023-10-31T02:18:06.148+0000][7][gc,phases   ] GC(59)   Pre Evacuate Collection Set: 0.1ms
[2023-10-31T02:18:06.148+0000][7][gc,phases   ] GC(59)   Merge Heap Roots: 0.0ms
[2023-10-31T02:18:06.148+0000][7][gc,phases   ] GC(59)   Evacuate Collection Set: 10.7ms
[2023-10-31T02:18:06.148+0000][7][gc,phases   ] GC(59)   Post Evacuate Collection Set: 0.8ms
[2023-10-31T02:18:06.148+0000][7][gc,phases   ] GC(59)   Other: 0.3ms
[2023-10-31T02:18:06.148+0000][7][gc,heap     ] GC(59) Eden regions: 71->0(71)
[2023-10-31T02:18:06.148+0000][7][gc,heap     ] GC(59) Survivor regions: 3->3(10)
[2023-10-31T02:18:06.148+0000][7][gc,heap     ] GC(59) Old regions: 24->24
[2023-10-31T02:18:06.148+0000][7][gc,heap     ] GC(59) Archive regions: 2->2
[2023-10-31T02:18:06.148+0000][7][gc,heap     ] GC(59) Humongous regions: 5->5
[2023-10-31T02:18:06.148+0000][7][gc,metaspace] GC(59) Metaspace: 117525K(119360K)->117525K(119360K) NonClass: 101806K(102848K)->101806K(102848K) Class: 15719K(16512K)->15719K(16512K)
[2023-10-31T02:18:06.148+0000][7][gc          ] GC(59) Pause Young (Normal) (G1 Evacuation Pause) 411M->129M(512M) 11.984ms
[2023-10-31T02:18:06.148+0000][7][gc,cpu      ] GC(59) User=0.03s Sys=0.00s Real=0.02s
[2023-10-31T02:18:06.148+0000][7][safepoint   ] Safepoint "G1CollectForAllocation", Time since last: 906706 ns, Reaching safepoint: 61742 ns, At safepoint: 12056664 ns, Total: 12118406 ns
[2023-10-31T02:18:09.149+0000][7][safepoint   ] Safepoint "Cleanup", Time since last: 3000548336 ns, Reaching safepoint: 77638 ns, At safepoint: 7128 ns, Total: 84766 ns
[2023-10-31T02:18:11.149+0000][7][safepoint   ] Safepoint "Cleanup", Time since last: 2000467071 ns, Reaching safepoint: 112210 ns, At safepoint: 7509 ns, Total: 119719 ns
[2023-10-31T02:18:12.150+0000][7][safepoint   ] Safepoint "Cleanup", Time since last: 1000325674 ns, Reaching safepoint: 71231 ns, At safepoint: 8121 ns, Total: 79352 ns
[2023-10-31T02:18:14.150+0000][7][safepoint   ] Safepoint "Cleanup", Time since last: 2000547743 ns, Reaching safepoint: 65714 ns, At safepoint: 6639 ns, Total: 72353 ns
[2023-10-31T02:18:15.150+0000][7][safepoint   ] Safepoint "Cleanup", Time since last: 1000111506 ns, Reaching safepoint: 92565 ns, At safepoint: 5939 ns, Total: 98504 ns
[2023-10-31T02:18:16.151+0000][7][safepoint   ] Safepoint "Cleanup", Time since last: 1000356787 ns, Reaching safepoint: 35373 ns, At safepoint: 4974 ns, Total: 40347 ns
[2023-10-31T02:18:18.151+0000][7][safepoint   ] Safepoint "Cleanup", Time since last: 2000453658 ns, Reaching safepoint: 76278 ns, At safepoint: 32997 ns, Total: 109275 ns
[2023-10-31T02:18:19.152+0000][7][safepoint   ] Safepoint "Cleanup", Time since last: 1000143955 ns, Reaching safepoint: 160891 ns, At safepoint: 3047 ns, Total: 163938 ns
[2023-10-31T02:18:20.152+0000][7][safepoint   ] Safepoint "Cleanup", Time since last: 1000198868 ns, Reaching safepoint: 67518 ns, At safepoint: 5314 ns, Total: 72832 ns
[2023-10-31T02:18:21.152+0000][7][safepoint   ] Safepoint "Cleanup", Time since last: 1000174492 ns, Reaching safepoint: 51873 ns, At safepoint: 24526 ns, Total: 76399 ns
[2023-10-31T02:18:22.153+0000][7][safepoint   ] Safepoint "Cleanup", Time since last: 1000378389 ns, Reaching safepoint: 108278 ns, At safepoint: 5468 ns, Total: 113746 ns
[2023-10-31T02:18:24.036+0000][7][safepoint   ] Safepoint "Cleanup", Time since last: 1883397142 ns, Reaching safepoint: 243057 ns, At safepoint: 6592 ns, Total: 249649 ns
[2023-10-31T02:18:24.164+0000][7][gc,start    ] GC(60) Pause Young (Normal) (G1 Evacuation Pause)
[2023-10-31T02:18:24.164+0000][7][gc,task     ] GC(60) Using 8 workers of 8 for evacuation
[2023-10-31T02:18:24.165+0000][7][gc,age      ] GC(60) Desired survivor size 20971520 bytes, new threshold 15 (max threshold 15)
[2023-10-31T02:18:24.174+0000][7][gc,age      ] GC(60) Age table with threshold 15 (max threshold 15)
[2023-10-31T02:18:24.174+0000][7][gc,age      ] GC(60) - age   1:    1120024 bytes,    1120024 total
[2023-10-31T02:18:24.174+0000][7][gc,age      ] GC(60) - age   2:     342632 bytes,    1462656 total
[2023-10-31T02:18:24.174+0000][7][gc,age      ] GC(60) - age   3:    1529088 bytes,    2991744 total
[2023-10-31T02:18:24.174+0000][7][gc,age      ] GC(60) - age   4:     555256 bytes,    3547000 total
[2023-10-31T02:18:24.174+0000][7][gc,age      ] GC(60) - age   5:     782560 bytes,    4329560 total
[2023-10-31T02:18:24.174+0000][7][gc,age      ] GC(60) - age   6:     300632 bytes,    4630192 total
[2023-10-31T02:18:24.174+0000][7][gc,age      ] GC(60) - age   7:     237472 bytes,    4867664 total
[2023-10-31T02:18:24.174+0000][7][gc,age      ] GC(60) - age   8:     236264 bytes,    5103928 total
[2023-10-31T02:18:24.174+0000][7][gc,age      ] GC(60) - age   9:     283704 bytes,    5387632 total
[2023-10-31T02:18:24.174+0000][7][gc,age      ] GC(60) - age  10:     325992 bytes,    5713624 total
[2023-10-31T02:18:24.174+0000][7][gc,age      ] GC(60) - age  11:     298928 bytes,    6012552 total
[2023-10-31T02:18:24.174+0000][7][gc,age      ] GC(60) - age  12:     796416 bytes,    6808968 total
[2023-10-31T02:18:24.174+0000][7][gc,age      ] GC(60) - age  13:     458912 bytes,    7267880 total
[2023-10-31T02:18:24.174+0000][7][gc,age      ] GC(60) - age  14:     312944 bytes,    7580824 total
[2023-10-31T02:18:24.174+0000][7][gc,age      ] GC(60) - age  15:     349328 bytes,    7930152 total
[2023-10-31T02:18:24.174+0000][7][gc,phases   ] GC(60)   Pre Evacuate Collection Set: 0.1ms
[2023-10-31T02:18:24.174+0000][7][gc,phases   ] GC(60)   Merge Heap Roots: 0.1ms
[2023-10-31T02:18:24.174+0000][7][gc,phases   ] GC(60)   Evacuate Collection Set: 8.6ms
[2023-10-31T02:18:24.174+0000][7][gc,phases   ] GC(60)   Post Evacuate Collection Set: 0.7ms
[2023-10-31T02:18:24.174+0000][7][gc,phases   ] GC(60)   Other: 0.3ms
[2023-10-31T02:18:24.174+0000][7][gc,heap     ] GC(60) Eden regions: 71->0(70)
[2023-10-31T02:18:24.174+0000][7][gc,heap     ] GC(60) Survivor regions: 3->3(10)
[2023-10-31T02:18:24.174+0000][7][gc,heap     ] GC(60) Old regions: 24->25
[2023-10-31T02:18:24.174+0000][7][gc,heap     ] GC(60) Archive regions: 2->2
[2023-10-31T02:18:24.174+0000][7][gc,heap     ] GC(60) Humongous regions: 5->5
[2023-10-31T02:18:24.174+0000][7][gc,metaspace] GC(60) Metaspace: 117715K(119488K)->117715K(119488K) NonClass: 101951K(102976K)->101951K(102976K) Class: 15764K(16512K)->15764K(16512K)
[2023-10-31T02:18:24.174+0000][7][gc          ] GC(60) Pause Young (Normal) (G1 Evacuation Pause) 413M->128M(512M) 9.862ms
[2023-10-31T02:18:24.174+0000][7][gc,cpu      ] GC(60) User=0.03s Sys=0.00s Real=0.01s
[2023-10-31T02:18:24.174+0000][7][safepoint   ] Safepoint "G1CollectForAllocation", Time since last: 128015318 ns, Reaching safepoint: 29218 ns, At safepoint: 9972640 ns, Total: 10001858 ns
[2023-10-31T02:18:26.175+0000][7][safepoint   ] Safepoint "Cleanup", Time since last: 2000423504 ns, Reaching safepoint: 156443 ns, At safepoint: 4682 ns, Total: 161125 ns
[2023-10-31T02:18:27.175+0000][7][safepoint   ] Safepoint "Cleanup", Time since last: 1000332567 ns, Reaching safepoint: 80643 ns, At safepoint: 8067 ns, Total: 88710 ns
[2023-10-31T02:18:29.176+0000][7][safepoint   ] Safepoint "Cleanup", Time since last: 2000605661 ns, Reaching safepoint: 101212 ns, At safepoint: 8338 ns, Total: 109550 ns
[2023-10-31T02:18:30.177+0000][7][safepoint   ] Safepoint "Cleanup", Time since last: 1000400651 ns, Reaching safepoint: 113131 ns, At safepoint: 5766 ns, Total: 118897 ns
[2023-10-31T02:18:31.177+0000][7][safepoint   ] Safepoint "Cleanup", Time since last: 1000131826 ns, Reaching safepoint: 163480 ns, At safepoint: 11432 ns, Total: 174912 ns
[2023-10-31T02:18:33.177+0000][7][safepoint   ] Safepoint "Cleanup", Time since last: 2000215118 ns, Reaching safepoint: 121269 ns, At safepoint: 4836 ns, Total: 126105 ns
[2023-10-31T02:18:34.177+0000][7][safepoint   ] Safepoint "Cleanup", Time since last: 1000145984 ns, Reaching safepoint: 74883 ns, At safepoint: 10553 ns, Total: 85436 ns
[2023-10-31T02:18:36.178+0000][7][safepoint   ] Safepoint "Cleanup", Time since last: 2000349483 ns, Reaching safepoint: 96676 ns, At safepoint: 5823 ns, Total: 102499 ns
[2023-10-31T02:18:37.178+0000][7][safepoint   ] Safepoint "Cleanup", Time since last: 1000094635 ns, Reaching safepoint: 54992 ns, At safepoint: 3401 ns, Total: 58393 ns
[2023-10-31T02:18:39.178+0000][7][safepoint   ] Safepoint "Cleanup", Time since last: 2000246617 ns, Reaching safepoint: 118115 ns, At safepoint: 17431 ns, Total: 135546 ns
[2023-10-31T02:18:41.179+0000][7][safepoint   ] Safepoint "Cleanup", Time since last: 2000514522 ns, Reaching safepoint: 81070 ns, At safepoint: 4811 ns, Total: 85881 ns
[2023-10-31T02:18:41.341+0000][7][gc,start    ] GC(61) Pause Young (Normal) (G1 Evacuation Pause)
[2023-10-31T02:18:41.341+0000][7][gc,task     ] GC(61) Using 8 workers of 8 for evacuation
[2023-10-31T02:18:41.341+0000][7][gc,age      ] GC(61) Desired survivor size 20971520 bytes, new threshold 15 (max threshold 15)
[2023-10-31T02:18:41.344+0000][7][gc,age      ] GC(61) Age table with threshold 15 (max threshold 15)
[2023-10-31T02:18:41.344+0000][7][gc,age      ] GC(61) - age   1:     858208 bytes,     858208 total
[2023-10-31T02:18:41.344+0000][7][gc,age      ] GC(61) - age   2:     938664 bytes,    1796872 total
[2023-10-31T02:18:41.344+0000][7][gc,age      ] GC(61) - age   3:     335872 bytes,    2132744 total
[2023-10-31T02:18:41.344+0000][7][gc,age      ] GC(61) - age   4:    1528896 bytes,    3661640 total
[2023-10-31T02:18:41.344+0000][7][gc,age      ] GC(61) - age   5:     553832 bytes,    4215472 total
[2023-10-31T02:18:41.344+0000][7][gc,age      ] GC(61) - age   6:     782496 bytes,    4997968 total
[2023-10-31T02:18:41.344+0000][7][gc,age      ] GC(61) - age   7:     300192 bytes,    5298160 total
[2023-10-31T02:18:41.344+0000][7][gc,age      ] GC(61) - age   8:     237472 bytes,    5535632 total
[2023-10-31T02:18:41.344+0000][7][gc,age      ] GC(61) - age   9:     236264 bytes,    5771896 total
[2023-10-31T02:18:41.344+0000][7][gc,age      ] GC(61) - age  10:     283704 bytes,    6055600 total
[2023-10-31T02:18:41.344+0000][7][gc,age      ] GC(61) - age  11:     325992 bytes,    6381592 total
[2023-10-31T02:18:41.344+0000][7][gc,age      ] GC(61) - age  12:     298928 bytes,    6680520 total
[2023-10-31T02:18:41.344+0000][7][gc,age      ] GC(61) - age  13:     796416 bytes,    7476936 total
[2023-10-31T02:18:41.344+0000][7][gc,age      ] GC(61) - age  14:     458912 bytes,    7935848 total
[2023-10-31T02:18:41.344+0000][7][gc,age      ] GC(61) - age  15:     312944 bytes,    8248792 total
[2023-10-31T02:18:41.344+0000][7][gc,phases   ] GC(61)   Pre Evacuate Collection Set: 0.1ms
[2023-10-31T02:18:41.344+0000][7][gc,phases   ] GC(61)   Merge Heap Roots: 0.0ms
[2023-10-31T02:18:41.344+0000][7][gc,phases   ] GC(61)   Evacuate Collection Set: 2.5ms
[2023-10-31T02:18:41.344+0000][7][gc,phases   ] GC(61)   Post Evacuate Collection Set: 0.6ms
[2023-10-31T02:18:41.344+0000][7][gc,phases   ] GC(61)   Other: 0.3ms
[2023-10-31T02:18:41.344+0000][7][gc,heap     ] GC(61) Eden regions: 70->0(72)
[2023-10-31T02:18:41.344+0000][7][gc,heap     ] GC(61) Survivor regions: 3->2(10)
[2023-10-31T02:18:41.344+0000][7][gc,heap     ] GC(61) Old regions: 25->25
[2023-10-31T02:18:41.344+0000][7][gc,heap     ] GC(61) Archive regions: 2->2
[2023-10-31T02:18:41.344+0000][7][gc,heap     ] GC(61) Humongous regions: 5->5
[2023-10-31T02:18:41.344+0000][7][gc,metaspace] GC(61) Metaspace: 117734K(119488K)->117734K(119488K) NonClass: 101970K(102976K)->101970K(102976K) Class: 15764K(16512K)->15764K(16512K)
[2023-10-31T02:18:41.344+0000][7][gc          ] GC(61) Pause Young (Normal) (G1 Evacuation Pause) 408M->128M(512M) 3.583ms
[2023-10-31T02:18:41.344+0000][7][gc,cpu      ] GC(61) User=0.01s Sys=0.00s Real=0.00s
[2023-10-31T02:18:41.344+0000][7][safepoint   ] Safepoint "G1CollectForAllocation", Time since last: 161467597 ns, Reaching safepoint: 71609 ns, At safepoint: 3645057 ns, Total: 3716666 ns
[2023-10-31T02:18:43.345+0000][7][safepoint   ] Safepoint "Cleanup", Time since last: 2000411105 ns, Reaching safepoint: 77718 ns, At safepoint: 8039 ns, Total: 85757 ns
[2023-10-31T02:18:44.345+0000][7][safepoint   ] Safepoint "Cleanup", Time since last: 1000092248 ns, Reaching safepoint: 69832 ns, At safepoint: 7629 ns, Total: 77461 ns
[2023-10-31T02:18:46.345+0000][7][safepoint   ] Safepoint "Cleanup", Time since last: 2000158147 ns, Reaching safepoint: 81709 ns, At safepoint: 4236 ns, Total: 85945 ns
[2023-10-31T02:18:47.345+0000][7][safepoint   ] Safepoint "Cleanup", Time since last: 1000102015 ns, Reaching safepoint: 47777 ns, At safepoint: 5327 ns, Total: 53104 ns
[2023-10-31T02:18:48.346+0000][7][safepoint   ] Safepoint "Cleanup", Time since last: 1000174291 ns, Reaching safepoint: 189227 ns, At safepoint: 6457 ns, Total: 195684 ns
[2023-10-31T02:18:50.346+0000][7][safepoint   ] Safepoint "Cleanup", Time since last: 2000623531 ns, Reaching safepoint: 49947 ns, At safepoint: 27448 ns, Total: 77395 ns
[2023-10-31T02:18:51.347+0000][7][safepoint   ] Safepoint "Cleanup", Time since last: 1000604960 ns, Reaching safepoint: 108047 ns, At safepoint: 10135 ns, Total: 118182 ns
[2023-10-31T02:18:52.347+0000][7][safepoint   ] Safepoint "Cleanup", Time since last: 1000389802 ns, Reaching safepoint: 31320 ns, At safepoint: 3582 ns, Total: 34902 ns
[2023-10-31T02:18:53.348+0000][7][safepoint   ] Safepoint "Cleanup", Time since last: 1000148331 ns, Reaching safepoint: 52707 ns, At safepoint: 7072 ns, Total: 59779 ns
[2023-10-31T02:18:54.348+0000][7][safepoint   ] Safepoint "Cleanup", Time since last: 1000137375 ns, Reaching safepoint: 82439 ns, At safepoint: 6130 ns, Total: 88569 ns
[2023-10-31T02:18:56.348+0000][7][safepoint   ] Safepoint "Cleanup", Time since last: 2000196270 ns, Reaching safepoint: 59921 ns, At safepoint: 4577 ns, Total: 64498 ns
[2023-10-31T02:18:58.348+0000][7][safepoint   ] Safepoint "Cleanup", Time since last: 2000247919 ns, Reaching safepoint: 33226 ns, At safepoint: 3546 ns, Total: 36772 ns
[2023-10-31T02:18:58.508+0000][7][gc,start    ] GC(62) Pause Young (Normal) (G1 Evacuation Pause)
[2023-10-31T02:18:58.508+0000][7][gc,task     ] GC(62) Using 8 workers of 8 for evacuation
[2023-10-31T02:18:58.508+0000][7][gc,age      ] GC(62) Desired survivor size 20971520 bytes, new threshold 15 (max threshold 15)
[2023-10-31T02:18:58.517+0000][7][gc,age      ] GC(62) Age table with threshold 15 (max threshold 15)
[2023-10-31T02:18:58.517+0000][7][gc,age      ] GC(62) - age   1:    1592504 bytes,    1592504 total
[2023-10-31T02:18:58.517+0000][7][gc,age      ] GC(62) - age   2:     394552 bytes,    1987056 total
[2023-10-31T02:18:58.517+0000][7][gc,age      ] GC(62) - age   3:     913568 bytes,    2900624 total
[2023-10-31T02:18:58.517+0000][7][gc,age      ] GC(62) - age   4:     320384 bytes,    3221008 total
[2023-10-31T02:18:58.517+0000][7][gc,age      ] GC(62) - age   5:     794040 bytes,    4015048 total
[2023-10-31T02:18:58.517+0000][7][gc,age      ] GC(62) - age   6:     553648 bytes,    4568696 total
[2023-10-31T02:18:58.517+0000][7][gc,age      ] GC(62) - age   7:     638144 bytes,    5206840 total
[2023-10-31T02:18:58.517+0000][7][gc,age      ] GC(62) - age   8:     299880 bytes,    5506720 total
[2023-10-31T02:18:58.517+0000][7][gc,age      ] GC(62) - age   9:     237472 bytes,    5744192 total
[2023-10-31T02:18:58.517+0000][7][gc,age      ] GC(62) - age  10:     236264 bytes,    5980456 total
[2023-10-31T02:18:58.517+0000][7][gc,age      ] GC(62) - age  11:     283704 bytes,    6264160 total
[2023-10-31T02:18:58.517+0000][7][gc,age      ] GC(62) - age  12:     325992 bytes,    6590152 total
[2023-10-31T02:18:58.517+0000][7][gc,age      ] GC(62) - age  13:     298928 bytes,    6889080 total
[2023-10-31T02:18:58.517+0000][7][gc,age      ] GC(62) - age  14:     796416 bytes,    7685496 total
[2023-10-31T02:18:58.517+0000][7][gc,age      ] GC(62) - age  15:     458912 bytes,    8144408 total
[2023-10-31T02:18:58.517+0000][7][gc,phases   ] GC(62)   Pre Evacuate Collection Set: 0.1ms
[2023-10-31T02:18:58.517+0000][7][gc,phases   ] GC(62)   Merge Heap Roots: 0.0ms
[2023-10-31T02:18:58.517+0000][7][gc,phases   ] GC(62)   Evacuate Collection Set: 8.1ms
[2023-10-31T02:18:58.517+0000][7][gc,phases   ] GC(62)   Post Evacuate Collection Set: 0.7ms
[2023-10-31T02:18:58.517+0000][7][gc,phases   ] GC(62)   Other: 0.3ms
[2023-10-31T02:18:58.517+0000][7][gc,heap     ] GC(62) Eden regions: 72->0(72)
[2023-10-31T02:18:58.518+0000][7][gc,heap     ] GC(62) Survivor regions: 2->2(10)
[2023-10-31T02:18:58.518+0000][7][gc,heap     ] GC(62) Old regions: 25->25
[2023-10-31T02:18:58.518+0000][7][gc,heap     ] GC(62) Archive regions: 2->2
[2023-10-31T02:18:58.518+0000][7][gc,heap     ] GC(62) Humongous regions: 5->5
[2023-10-31T02:18:58.518+0000][7][gc,metaspace] GC(62) Metaspace: 117761K(119552K)->117761K(119552K) NonClass: 101997K(103040K)->101997K(103040K) Class: 15764K(16512K)->15764K(16512K)
[2023-10-31T02:18:58.518+0000][7][gc          ] GC(62) Pause Young (Normal) (G1 Evacuation Pause) 416M->128M(512M) 9.183ms
[2023-10-31T02:18:58.518+0000][7][gc,cpu      ] GC(62) User=0.02s Sys=0.00s Real=0.01s
[2023-10-31T02:18:58.518+0000][7][safepoint   ] Safepoint "G1CollectForAllocation", Time since last: 159784218 ns, Reaching safepoint: 32277 ns, At safepoint: 9282859 ns, Total: 9315136 ns
[2023-10-31T02:18:59.518+0000][7][safepoint   ] Safepoint "Cleanup", Time since last: 1000129404 ns, Reaching safepoint: 156155 ns, At safepoint: 28033 ns, Total: 184188 ns
[2023-10-31T02:19:01.518+0000][7][safepoint   ] Safepoint "Cleanup", Time since last: 2000189083 ns, Reaching safepoint: 82629 ns, At safepoint: 6404 ns, Total: 89033 ns
[2023-10-31T02:19:02.519+0000][7][safepoint   ] Safepoint "Cleanup", Time since last: 1000228676 ns, Reaching safepoint: 162354 ns, At safepoint: 5955 ns, Total: 168309 ns
[2023-10-31T02:19:03.519+0000][7][safepoint   ] Safepoint "Cleanup", Time since last: 1000203252 ns, Reaching safepoint: 72550 ns, At safepoint: 4751 ns, Total: 77301 ns
[2023-10-31T02:19:05.519+0000][7][safepoint   ] Safepoint "Cleanup", Time since last: 2000392416 ns, Reaching safepoint: 112392 ns, At safepoint: 20083 ns, Total: 132475 ns
[2023-10-31T02:19:06.520+0000][7][safepoint   ] Safepoint "Cleanup", Time since last: 1000129278 ns, Reaching safepoint: 75929 ns, At safepoint: 4500 ns, Total: 80429 ns
[2023-10-31T02:19:08.520+0000][7][safepoint   ] Safepoint "Cleanup", Time since last: 2000226408 ns, Reaching safepoint: 64758 ns, At safepoint: 5181 ns, Total: 69939 ns
[2023-10-31T02:19:11.521+0000][7][safepoint   ] Safepoint "Cleanup", Time since last: 3000546074 ns, Reaching safepoint: 61421 ns, At safepoint: 27584 ns, Total: 89005 ns
[2023-10-31T02:19:12.521+0000][7][safepoint   ] Safepoint "Cleanup", Time since last: 1000135375 ns, Reaching safepoint: 101953 ns, At safepoint: 5721 ns, Total: 107674 ns
[2023-10-31T02:19:13.521+0000][7][safepoint   ] Safepoint "Cleanup", Time since last: 1000136993 ns, Reaching safepoint: 43150 ns, At safepoint: 3100 ns, Total: 46250 ns
[2023-10-31T02:19:14.342+0000][7][gc,start    ] GC(63) Pause Young (Normal) (G1 Evacuation Pause)
[2023-10-31T02:19:14.342+0000][7][gc,task     ] GC(63) Using 8 workers of 8 for evacuation
[2023-10-31T02:19:14.342+0000][7][gc,age      ] GC(63) Desired survivor size 20971520 bytes, new threshold 15 (max threshold 15)
[2023-10-31T02:19:14.354+0000][7][gc,age      ] GC(63) Age table with threshold 15 (max threshold 15)
[2023-10-31T02:19:14.354+0000][7][gc,age      ] GC(63) - age   1:    1240368 bytes,    1240368 total
[2023-10-31T02:19:14.354+0000][7][gc,age      ] GC(63) - age   2:    1104600 bytes,    2344968 total
[2023-10-31T02:19:14.354+0000][7][gc,age      ] GC(63) - age   3:     393376 bytes,    2738344 total
[2023-10-31T02:19:14.354+0000][7][gc,age      ] GC(63) - age   4:     913120 bytes,    3651464 total
[2023-10-31T02:19:14.354+0000][7][gc,age      ] GC(63) - age   5:     319720 bytes,    3971184 total
[2023-10-31T02:19:14.354+0000][7][gc,age      ] GC(63) - age   6:     793976 bytes,    4765160 total
[2023-10-31T02:19:14.354+0000][7][gc,age      ] GC(63) - age   7:     553568 bytes,    5318728 total
[2023-10-31T02:19:14.354+0000][7][gc,age      ] GC(63) - age   8:     315560 bytes,    5634288 total
[2023-10-31T02:19:14.354+0000][7][gc,age      ] GC(63) - age   9:     299880 bytes,    5934168 total
[2023-10-31T02:19:14.354+0000][7][gc,age      ] GC(63) - age  10:     237408 bytes,    6171576 total
[2023-10-31T02:19:14.354+0000][7][gc,age      ] GC(63) - age  11:     236136 bytes,    6407712 total
[2023-10-31T02:19:14.354+0000][7][gc,age      ] GC(63) - age  12:     283672 bytes,    6691384 total
[2023-10-31T02:19:14.354+0000][7][gc,age      ] GC(63) - age  13:     325992 bytes,    7017376 total
[2023-10-31T02:19:14.354+0000][7][gc,age      ] GC(63) - age  14:     298784 bytes,    7316160 total
[2023-10-31T02:19:14.354+0000][7][gc,age      ] GC(63) - age  15:     796416 bytes,    8112576 total
[2023-10-31T02:19:14.354+0000][7][gc,phases   ] GC(63)   Pre Evacuate Collection Set: 0.1ms
[2023-10-31T02:19:14.354+0000][7][gc,phases   ] GC(63)   Merge Heap Roots: 0.0ms
[2023-10-31T02:19:14.354+0000][7][gc,phases   ] GC(63)   Evacuate Collection Set: 11.6ms
[2023-10-31T02:19:14.354+0000][7][gc,phases   ] GC(63)   Post Evacuate Collection Set: 0.5ms
[2023-10-31T02:19:14.354+0000][7][gc,phases   ] GC(63)   Other: 0.2ms
[2023-10-31T02:19:14.354+0000][7][gc,heap     ] GC(63) Eden regions: 72->0(72)
[2023-10-31T02:19:14.354+0000][7][gc,heap     ] GC(63) Survivor regions: 2->2(10)
[2023-10-31T02:19:14.354+0000][7][gc,heap     ] GC(63) Old regions: 25->25
[2023-10-31T02:19:14.354+0000][7][gc,heap     ] GC(63) Archive regions: 2->2
[2023-10-31T02:19:14.354+0000][7][gc,heap     ] GC(63) Humongous regions: 5->5
[2023-10-31T02:19:14.354+0000][7][gc,metaspace] GC(63) Metaspace: 117780K(119552K)->117780K(119552K) NonClass: 102016K(103040K)->102016K(103040K) Class: 15764K(16512K)->15764K(16512K)
[2023-10-31T02:19:14.354+0000][7][gc          ] GC(63) Pause Young (Normal) (G1 Evacuation Pause) 416M->128M(512M) 12.481ms
[2023-10-31T02:19:14.354+0000][7][gc,cpu      ] GC(63) User=0.02s Sys=0.00s Real=0.01s
[2023-10-31T02:19:14.354+0000][7][safepoint   ] Safepoint "G1CollectForAllocation", Time since last: 820447169 ns, Reaching safepoint: 116809 ns, At safepoint: 12540542 ns, Total: 12657351 ns
[2023-10-31T02:19:15.354+0000][7][safepoint   ] Safepoint "Cleanup", Time since last: 1000183664 ns, Reaching safepoint: 74222 ns, At safepoint: 4275 ns, Total: 78497 ns
[2023-10-31T02:19:16.355+0000][7][safepoint   ] Safepoint "Cleanup", Time since last: 1000267446 ns, Reaching safepoint: 144117 ns, At safepoint: 9254 ns, Total: 153371 ns
[2023-10-31T02:19:17.355+0000][7][safepoint   ] Safepoint "Cleanup", Time since last: 1000092097 ns, Reaching safepoint: 76257 ns, At safepoint: 7533 ns, Total: 83790 ns
[2023-10-31T02:19:18.355+0000][7][safepoint   ] Safepoint "Cleanup", Time since last: 1000242559 ns, Reaching safepoint: 112473 ns, At safepoint: 3979 ns, Total: 116452 ns
[2023-10-31T02:19:20.356+0000][7][safepoint   ] Safepoint "Cleanup", Time since last: 2000240367 ns, Reaching safepoint: 61630 ns, At safepoint: 7027 ns, Total: 68657 ns
[2023-10-31T02:19:21.356+0000][7][safepoint   ] Safepoint "Cleanup", Time since last: 1000136384 ns, Reaching safepoint: 81046 ns, At safepoint: 6409 ns, Total: 87455 ns
[2023-10-31T02:19:22.356+0000][7][safepoint   ] Safepoint "Cleanup", Time since last: 1000342207 ns, Reaching safepoint: 65832 ns, At safepoint: 24903 ns, Total: 90735 ns
[2023-10-31T02:19:23.357+0000][7][safepoint   ] Safepoint "Cleanup", Time since last: 1000250501 ns, Reaching safepoint: 178891 ns, At safepoint: 8520 ns, Total: 187411 ns
[2023-10-31T02:19:26.357+0000][7][safepoint   ] Safepoint "Cleanup", Time since last: 3000587511 ns, Reaching safepoint: 90919 ns, At safepoint: 8053 ns, Total: 98972 ns
[2023-10-31T02:19:28.358+0000][7][safepoint   ] Safepoint "Cleanup", Time since last: 2000308193 ns, Reaching safepoint: 30293 ns, At safepoint: 4900 ns, Total: 35193 ns
[2023-10-31T02:19:29.358+0000][7][safepoint   ] Safepoint "Cleanup", Time since last: 1000165997 ns, Reaching safepoint: 79990 ns, At safepoint: 4466 ns, Total: 84456 ns
[2023-10-31T02:19:29.426+0000][7][gc,start    ] GC(64) Pause Young (Normal) (G1 Evacuation Pause)
[2023-10-31T02:19:29.426+0000][7][gc,task     ] GC(64) Using 8 workers of 8 for evacuation
[2023-10-31T02:19:29.427+0000][7][gc,age      ] GC(64) Desired survivor size 20971520 bytes, new threshold 15 (max threshold 15)
[2023-10-31T02:19:29.434+0000][7][gc,age      ] GC(64) Age table with threshold 15 (max threshold 15)
[2023-10-31T02:19:29.434+0000][7][gc,age      ] GC(64) - age   1:    2478624 bytes,    2478624 total
[2023-10-31T02:19:29.434+0000][7][gc,age      ] GC(64) - age   2:     633648 bytes,    3112272 total
[2023-10-31T02:19:29.434+0000][7][gc,age      ] GC(64) - age   3:    1090824 bytes,    4203096 total
[2023-10-31T02:19:29.434+0000][7][gc,age      ] GC(64) - age   4:     392616 bytes,    4595712 total
[2023-10-31T02:19:29.434+0000][7][gc,age      ] GC(64) - age   5:     314968 bytes,    4910680 total
[2023-10-31T02:19:29.434+0000][7][gc,age      ] GC(64) - age   6:     318600 bytes,    5229280 total
[2023-10-31T02:19:29.434+0000][7][gc,age      ] GC(64) - age   7:     793944 bytes,    6023224 total
[2023-10-31T02:19:29.434+0000][7][gc,age      ] GC(64) - age   8:     553568 bytes,    6576792 total
[2023-10-31T02:19:29.434+0000][7][gc,age      ] GC(64) - age   9:     315560 bytes,    6892352 total
[2023-10-31T02:19:29.434+0000][7][gc,age      ] GC(64) - age  10:     299880 bytes,    7192232 total
[2023-10-31T02:19:29.434+0000][7][gc,age      ] GC(64) - age  11:     237408 bytes,    7429640 total
[2023-10-31T02:19:29.434+0000][7][gc,age      ] GC(64) - age  12:     236136 bytes,    7665776 total
[2023-10-31T02:19:29.434+0000][7][gc,age      ] GC(64) - age  13:     283672 bytes,    7949448 total
[2023-10-31T02:19:29.434+0000][7][gc,age      ] GC(64) - age  14:     325992 bytes,    8275440 total
[2023-10-31T02:19:29.434+0000][7][gc,age      ] GC(64) - age  15:     298784 bytes,    8574224 total
[2023-10-31T02:19:29.434+0000][7][gc,phases   ] GC(64)   Pre Evacuate Collection Set: 0.1ms
[2023-10-31T02:19:29.434+0000][7][gc,phases   ] GC(64)   Merge Heap Roots: 0.0ms
[2023-10-31T02:19:29.434+0000][7][gc,phases   ] GC(64)   Evacuate Collection Set: 7.1ms
[2023-10-31T02:19:29.434+0000][7][gc,phases   ] GC(64)   Post Evacuate Collection Set: 0.6ms
[2023-10-31T02:19:29.434+0000][7][gc,phases   ] GC(64)   Other: 0.3ms
[2023-10-31T02:19:29.434+0000][7][gc,heap     ] GC(64) Eden regions: 72->0(70)
[2023-10-31T02:19:29.435+0000][7][gc,heap     ] GC(64) Survivor regions: 2->3(10)
[2023-10-31T02:19:29.435+0000][7][gc,heap     ] GC(64) Old regions: 25->25
[2023-10-31T02:19:29.435+0000][7][gc,heap     ] GC(64) Archive regions: 2->2
[2023-10-31T02:19:29.435+0000][7][gc,heap     ] GC(64) Humongous regions: 5->5
[2023-10-31T02:19:29.435+0000][7][gc,metaspace] GC(64) Metaspace: 117807K(119552K)->117807K(119552K) NonClass: 102043K(103040K)->102043K(103040K) Class: 15764K(16512K)->15764K(16512K)
[2023-10-31T02:19:29.435+0000][7][gc          ] GC(64) Pause Young (Normal) (G1 Evacuation Pause) 416M->130M(512M) 8.070ms
[2023-10-31T02:19:29.435+0000][7][gc,cpu      ] GC(64) User=0.02s Sys=0.00s Real=0.01s
[2023-10-31T02:19:29.435+0000][7][safepoint   ] Safepoint "G1CollectForAllocation", Time since last: 68448970 ns, Reaching safepoint: 35997 ns, At safepoint: 8137689 ns, Total: 8173686 ns
[2023-10-31T02:19:31.435+0000][7][safepoint   ] Safepoint "Cleanup", Time since last: 2000144671 ns, Reaching safepoint: 50009 ns, At safepoint: 25129 ns, Total: 75138 ns
[2023-10-31T02:19:32.435+0000][7][safepoint   ] Safepoint "Cleanup", Time since last: 1000198237 ns, Reaching safepoint: 33001 ns, At safepoint: 5133 ns, Total: 38134 ns
[2023-10-31T02:19:33.435+0000][7][safepoint   ] Safepoint "Cleanup", Time since last: 1000292873 ns, Reaching safepoint: 66069 ns, At safepoint: 6864 ns, Total: 72933 ns
[2023-10-31T02:19:35.436+0000][7][safepoint   ] Safepoint "Cleanup", Time since last: 2000243406 ns, Reaching safepoint: 107696 ns, At safepoint: 11474 ns, Total: 119170 ns
[2023-10-31T02:19:36.436+0000][7][safepoint   ] Safepoint "Cleanup", Time since last: 1000213296 ns, Reaching safepoint: 71366 ns, At safepoint: 4871 ns, Total: 76237 ns
[2023-10-31T02:19:38.437+0000][7][safepoint   ] Safepoint "Cleanup", Time since last: 2000497357 ns, Reaching safepoint: 73694 ns, At safepoint: 22943 ns, Total: 96637 ns
[2023-10-31T02:19:41.437+0000][7][safepoint   ] Safepoint "Cleanup", Time since last: 3000700499 ns, Reaching safepoint: 35377 ns, At safepoint: 3571 ns, Total: 38948 ns
[2023-10-31T02:19:43.438+0000][7][safepoint   ] Safepoint "Cleanup", Time since last: 2000180269 ns, Reaching safepoint: 72173 ns, At safepoint: 4546 ns, Total: 76719 ns
[2023-10-31T02:19:44.438+0000][7][safepoint   ] Safepoint "Cleanup", Time since last: 1000123087 ns, Reaching safepoint: 76216 ns, At safepoint: 7202 ns, Total: 83418 ns
[2023-10-31T02:19:45.975+0000][7][gc,start    ] GC(65) Pause Young (Normal) (G1 Evacuation Pause)
[2023-10-31T02:19:45.975+0000][7][gc,task     ] GC(65) Using 8 workers of 8 for evacuation
[2023-10-31T02:19:45.975+0000][7][gc,age      ] GC(65) Desired survivor size 20971520 bytes, new threshold 15 (max threshold 15)
[2023-10-31T02:19:45.981+0000][7][gc,age      ] GC(65) Age table with threshold 15 (max threshold 15)
[2023-10-31T02:19:45.981+0000][7][gc,age      ] GC(65) - age   1:    1277840 bytes,    1277840 total
[2023-10-31T02:19:45.981+0000][7][gc,age      ] GC(65) - age   2:    1544944 bytes,    2822784 total
[2023-10-31T02:19:45.981+0000][7][gc,age      ] GC(65) - age   3:     598808 bytes,    3421592 total
[2023-10-31T02:19:45.981+0000][7][gc,age      ] GC(65) - age   4:    1066880 bytes,    4488472 total
[2023-10-31T02:19:45.981+0000][7][gc,age      ] GC(65) - age   5:     270376 bytes,    4758848 total
[2023-10-31T02:19:45.981+0000][7][gc,age      ] GC(65) - age   6:     314968 bytes,    5073816 total
[2023-10-31T02:19:45.981+0000][7][gc,age      ] GC(65) - age   7:     318600 bytes,    5392416 total
[2023-10-31T02:19:45.981+0000][7][gc,age      ] GC(65) - age   8:     793944 bytes,    6186360 total
[2023-10-31T02:19:45.981+0000][7][gc,age      ] GC(65) - age   9:     553568 bytes,    6739928 total
[2023-10-31T02:19:45.981+0000][7][gc,age      ] GC(65) - age  10:     315560 bytes,    7055488 total
[2023-10-31T02:19:45.981+0000][7][gc,age      ] GC(65) - age  11:     299880 bytes,    7355368 total
[2023-10-31T02:19:45.981+0000][7][gc,age      ] GC(65) - age  12:     237408 bytes,    7592776 total
[2023-10-31T02:19:45.981+0000][7][gc,age      ] GC(65) - age  13:     236136 bytes,    7828912 total
[2023-10-31T02:19:45.981+0000][7][gc,age      ] GC(65) - age  14:     283672 bytes,    8112584 total
[2023-10-31T02:19:45.981+0000][7][gc,age      ] GC(65) - age  15:     325992 bytes,    8438576 total
[2023-10-31T02:19:45.981+0000][7][gc,phases   ] GC(65)   Pre Evacuate Collection Set: 0.1ms
[2023-10-31T02:19:45.981+0000][7][gc,phases   ] GC(65)   Merge Heap Roots: 0.1ms
[2023-10-31T02:19:45.981+0000][7][gc,phases   ] GC(65)   Evacuate Collection Set: 4.6ms
[2023-10-31T02:19:45.981+0000][7][gc,phases   ] GC(65)   Post Evacuate Collection Set: 0.5ms
[2023-10-31T02:19:45.981+0000][7][gc,phases   ] GC(65)   Other: 0.3ms
[2023-10-31T02:19:45.981+0000][7][gc,heap     ] GC(65) Eden regions: 70->0(70)
[2023-10-31T02:19:45.981+0000][7][gc,heap     ] GC(65) Survivor regions: 3->3(10)
[2023-10-31T02:19:45.981+0000][7][gc,heap     ] GC(65) Old regions: 25->25
[2023-10-31T02:19:45.981+0000][7][gc,heap     ] GC(65) Archive regions: 2->2
[2023-10-31T02:19:45.981+0000][7][gc,heap     ] GC(65) Humongous regions: 5->5
[2023-10-31T02:19:45.981+0000][7][gc,metaspace] GC(65) Metaspace: 117836K(119616K)->117836K(119616K) NonClass: 102071K(103104K)->102071K(103104K) Class: 15764K(16512K)->15764K(16512K)
[2023-10-31T02:19:45.981+0000][7][gc          ] GC(65) Pause Young (Normal) (G1 Evacuation Pause) 410M->130M(512M) 5.624ms
[2023-10-31T02:19:45.981+0000][7][gc,cpu      ] GC(65) User=0.02s Sys=0.00s Real=0.01s
[2023-10-31T02:19:45.981+0000][7][safepoint   ] Safepoint "G1CollectForAllocation", Time since last: 1537467179 ns, Reaching safepoint: 53663 ns, At safepoint: 5693566 ns, Total: 5747229 ns
[2023-10-31T02:19:47.982+0000][7][safepoint   ] Safepoint "Cleanup", Time since last: 2000329664 ns, Reaching safepoint: 128928 ns, At safepoint: 25459 ns, Total: 154387 ns
[2023-10-31T02:19:48.982+0000][7][safepoint   ] Safepoint "Cleanup", Time since last: 1000176541 ns, Reaching safepoint: 65031 ns, At safepoint: 19336 ns, Total: 84367 ns
[2023-10-31T02:19:49.982+0000][7][safepoint   ] Safepoint "Cleanup", Time since last: 1000194308 ns, Reaching safepoint: 68296 ns, At safepoint: 27437 ns, Total: 95733 ns
[2023-10-31T02:19:50.983+0000][7][safepoint   ] Safepoint "Cleanup", Time since last: 1000274665 ns, Reaching safepoint: 162379 ns, At safepoint: 6741 ns, Total: 169120 ns
[2023-10-31T02:19:52.983+0000][7][safepoint   ] Safepoint "Cleanup", Time since last: 2000322489 ns, Reaching safepoint: 177957 ns, At safepoint: 7239 ns, Total: 185196 ns
[2023-10-31T02:19:53.983+0000][7][safepoint   ] Safepoint "Cleanup", Time since last: 1000087363 ns, Reaching safepoint: 37923 ns, At safepoint: 29559 ns, Total: 67482 ns
[2023-10-31T02:19:55.983+0000][7][safepoint   ] Safepoint "Cleanup", Time since last: 2000189824 ns, Reaching safepoint: 41552 ns, At safepoint: 4373 ns, Total: 45925 ns
[2023-10-31T02:19:56.984+0000][7][safepoint   ] Safepoint "Cleanup", Time since last: 1000338460 ns, Reaching safepoint: 70285 ns, At safepoint: 21680 ns, Total: 91965 ns
[2023-10-31T02:19:58.984+0000][7][safepoint   ] Safepoint "Cleanup", Time since last: 2000374875 ns, Reaching safepoint: 141365 ns, At safepoint: 4448 ns, Total: 145813 ns
[2023-10-31T02:19:59.985+0000][7][safepoint   ] Safepoint "Cleanup", Time since last: 1000150570 ns, Reaching safepoint: 122968 ns, At safepoint: 9595 ns, Total: 132563 ns
[2023-10-31T02:20:00.985+0000][7][safepoint   ] Safepoint "Cleanup", Time since last: 1000105097 ns, Reaching safepoint: 102307 ns, At safepoint: 7559 ns, Total: 109866 ns
[2023-10-31T02:20:02.291+0000][7][gc,start    ] GC(66) Pause Young (Normal) (G1 Evacuation Pause)
[2023-10-31T02:20:02.291+0000][7][gc,task     ] GC(66) Using 8 workers of 8 for evacuation
[2023-10-31T02:20:02.291+0000][7][gc,age      ] GC(66) Desired survivor size 20971520 bytes, new threshold 15 (max threshold 15)
[2023-10-31T02:20:02.301+0000][7][gc,age      ] GC(66) Age table with threshold 15 (max threshold 15)
[2023-10-31T02:20:02.301+0000][7][gc,age      ] GC(66) - age   1:    2184768 bytes,    2184768 total
[2023-10-31T02:20:02.301+0000][7][gc,age      ] GC(66) - age   2:     319192 bytes,    2503960 total
[2023-10-31T02:20:02.301+0000][7][gc,age      ] GC(66) - age   3:    1531448 bytes,    4035408 total
[2023-10-31T02:20:02.301+0000][7][gc,age      ] GC(66) - age   4:     598368 bytes,    4633776 total
[2023-10-31T02:20:02.301+0000][7][gc,age      ] GC(66) - age   5:     239640 bytes,    4873416 total
[2023-10-31T02:20:02.301+0000][7][gc,age      ] GC(66) - age   6:     270040 bytes,    5143456 total
[2023-10-31T02:20:02.301+0000][7][gc,age      ] GC(66) - age   7:     314856 bytes,    5458312 total
[2023-10-31T02:20:02.301+0000][7][gc,age      ] GC(66) - age   8:     318512 bytes,    5776824 total
[2023-10-31T02:20:02.301+0000][7][gc,age      ] GC(66) - age   9:     793944 bytes,    6570768 total
[2023-10-31T02:20:02.301+0000][7][gc,age      ] GC(66) - age  10:     553568 bytes,    7124336 total
[2023-10-31T02:20:02.301+0000][7][gc,age      ] GC(66) - age  11:     315560 bytes,    7439896 total
[2023-10-31T02:20:02.301+0000][7][gc,age      ] GC(66) - age  12:     299880 bytes,    7739776 total
[2023-10-31T02:20:02.301+0000][7][gc,age      ] GC(66) - age  13:     237408 bytes,    7977184 total
[2023-10-31T02:20:02.301+0000][7][gc,age      ] GC(66) - age  14:     236136 bytes,    8213320 total
[2023-10-31T02:20:02.301+0000][7][gc,age      ] GC(66) - age  15:     283672 bytes,    8496992 total
[2023-10-31T02:20:02.301+0000][7][gc,phases   ] GC(66)   Pre Evacuate Collection Set: 0.1ms
[2023-10-31T02:20:02.301+0000][7][gc,phases   ] GC(66)   Merge Heap Roots: 0.0ms
[2023-10-31T02:20:02.301+0000][7][gc,phases   ] GC(66)   Evacuate Collection Set: 9.4ms
[2023-10-31T02:20:02.301+0000][7][gc,phases   ] GC(66)   Post Evacuate Collection Set: 0.5ms
[2023-10-31T02:20:02.301+0000][7][gc,phases   ] GC(66)   Other: 0.3ms
[2023-10-31T02:20:02.301+0000][7][gc,heap     ] GC(66) Eden regions: 70->0(70)
[2023-10-31T02:20:02.301+0000][7][gc,heap     ] GC(66) Survivor regions: 3->3(10)
[2023-10-31T02:20:02.301+0000][7][gc,heap     ] GC(66) Old regions: 25->25
[2023-10-31T02:20:02.301+0000][7][gc,heap     ] GC(66) Archive regions: 2->2
[2023-10-31T02:20:02.301+0000][7][gc,heap     ] GC(66) Humongous regions: 5->5
[2023-10-31T02:20:02.301+0000][7][gc,metaspace] GC(66) Metaspace: 117857K(119616K)->117857K(119616K) NonClass: 102092K(103104K)->102092K(103104K) Class: 15764K(16512K)->15764K(16512K)
[2023-10-31T02:20:02.301+0000][7][gc          ] GC(66) Pause Young (Normal) (G1 Evacuation Pause) 410M->131M(512M) 10.353ms
[2023-10-31T02:20:02.301+0000][7][gc,cpu      ] GC(66) User=0.03s Sys=0.00s Real=0.01s
[2023-10-31T02:20:02.301+0000][7][safepoint   ] Safepoint "G1CollectForAllocation", Time since last: 1305594422 ns, Reaching safepoint: 62709 ns, At safepoint: 10459119 ns, Total: 10521828 ns
[2023-10-31T02:20:03.301+0000][7][safepoint   ] Safepoint "Cleanup", Time since last: 1000109574 ns, Reaching safepoint: 78187 ns, At safepoint: 5916 ns, Total: 84103 ns
[2023-10-31T02:20:05.301+0000][7][safepoint   ] Safepoint "Cleanup", Time since last: 2000207335 ns, Reaching safepoint: 71791 ns, At safepoint: 5777 ns, Total: 77568 ns
[2023-10-31T02:20:06.302+0000][7][safepoint   ] Safepoint "Cleanup", Time since last: 1000244894 ns, Reaching safepoint: 160701 ns, At safepoint: 7512 ns, Total: 168213 ns
[2023-10-31T02:20:08.302+0000][7][safepoint   ] Safepoint "Cleanup", Time since last: 2000197229 ns, Reaching safepoint: 190476 ns, At safepoint: 3612 ns, Total: 194088 ns
[2023-10-31T02:20:09.303+0000][7][safepoint   ] Safepoint "Cleanup", Time since last: 1000290703 ns, Reaching safepoint: 72439 ns, At safepoint: 4275 ns, Total: 76714 ns
[2023-10-31T02:20:11.303+0000][7][safepoint   ] Safepoint "Cleanup", Time since last: 2000145458 ns, Reaching safepoint: 30498 ns, At safepoint: 25342 ns, Total: 55840 ns
[2023-10-31T02:20:13.303+0000][7][safepoint   ] Safepoint "Cleanup", Time since last: 2000244342 ns, Reaching safepoint: 30666 ns, At safepoint: 5515 ns, Total: 36181 ns
[2023-10-31T02:20:14.303+0000][7][safepoint   ] Safepoint "Cleanup", Time since last: 1000090882 ns, Reaching safepoint: 36181 ns, At safepoint: 4044 ns, Total: 40225 ns
[2023-10-31T02:20:15.303+0000][7][safepoint   ] Safepoint "Cleanup", Time since last: 1000134287 ns, Reaching safepoint: 91849 ns, At safepoint: 7070 ns, Total: 98919 ns
[2023-10-31T02:20:16.304+0000][7][safepoint   ] Safepoint "Cleanup", Time since last: 1000087848 ns, Reaching safepoint: 67958 ns, At safepoint: 4904 ns, Total: 72862 ns
[2023-10-31T02:20:17.304+0000][7][safepoint   ] Safepoint "Cleanup", Time since last: 1000122826 ns, Reaching safepoint: 59775 ns, At safepoint: 10243 ns, Total: 70018 ns
[2023-10-31T02:20:18.063+0000][7][gc,start    ] GC(67) Pause Young (Normal) (G1 Evacuation Pause)
[2023-10-31T02:20:18.063+0000][7][gc,task     ] GC(67) Using 8 workers of 8 for evacuation
[2023-10-31T02:20:18.063+0000][7][gc,age      ] GC(67) Desired survivor size 20971520 bytes, new threshold 15 (max threshold 15)
[2023-10-31T02:20:18.066+0000][7][gc,age      ] GC(67) Age table with threshold 15 (max threshold 15)
[2023-10-31T02:20:18.066+0000][7][gc,age      ] GC(67) - age   1:    1488664 bytes,    1488664 total
[2023-10-31T02:20:18.066+0000][7][gc,age      ] GC(67) - age   2:    1379680 bytes,    2868344 total
[2023-10-31T02:20:18.066+0000][7][gc,age      ] GC(67) - age   3:     318288 bytes,    3186632 total
[2023-10-31T02:20:18.066+0000][7][gc,age      ] GC(67) - age   4:    1401616 bytes,    4588248 total
[2023-10-31T02:20:18.066+0000][7][gc,age      ] GC(67) - age   5:     597736 bytes,    5185984 total
[2023-10-31T02:20:18.066+0000][7][gc,age      ] GC(67) - age   6:     239512 bytes,    5425496 total
[2023-10-31T02:20:18.067+0000][7][gc,age      ] GC(67) - age   7:     269976 bytes,    5695472 total
[2023-10-31T02:20:18.067+0000][7][gc,age      ] GC(67) - age   8:     314648 bytes,    6010120 total
[2023-10-31T02:20:18.067+0000][7][gc,age      ] GC(67) - age   9:     249128 bytes,    6259248 total
[2023-10-31T02:20:18.067+0000][7][gc,age      ] GC(67) - age  10:     793944 bytes,    7053192 total
[2023-10-31T02:20:18.067+0000][7][gc,age      ] GC(67) - age  11:     236840 bytes,    7290032 total
[2023-10-31T02:20:18.067+0000][7][gc,age      ] GC(67) - age  12:     315560 bytes,    7605592 total
[2023-10-31T02:20:18.067+0000][7][gc,age      ] GC(67) - age  13:     299880 bytes,    7905472 total
[2023-10-31T02:20:18.067+0000][7][gc,age      ] GC(67) - age  14:     237408 bytes,    8142880 total
[2023-10-31T02:20:18.067+0000][7][gc,age      ] GC(67) - age  15:     236136 bytes,    8379016 total
[2023-10-31T02:20:18.067+0000][7][gc,phases   ] GC(67)   Pre Evacuate Collection Set: 0.1ms
[2023-10-31T02:20:18.067+0000][7][gc,phases   ] GC(67)   Merge Heap Roots: 0.0ms
[2023-10-31T02:20:18.067+0000][7][gc,phases   ] GC(67)   Evacuate Collection Set: 2.6ms
[2023-10-31T02:20:18.067+0000][7][gc,phases   ] GC(67)   Post Evacuate Collection Set: 0.5ms
[2023-10-31T02:20:18.067+0000][7][gc,phases   ] GC(67)   Other: 0.3ms
[2023-10-31T02:20:18.067+0000][7][gc,heap     ] GC(67) Eden regions: 70->0(70)
[2023-10-31T02:20:18.067+0000][7][gc,heap     ] GC(67) Survivor regions: 3->3(10)
[2023-10-31T02:20:18.067+0000][7][gc,heap     ] GC(67) Old regions: 25->25
[2023-10-31T02:20:18.067+0000][7][gc,heap     ] GC(67) Archive regions: 2->2
[2023-10-31T02:20:18.067+0000][7][gc,heap     ] GC(67) Humongous regions: 5->5
[2023-10-31T02:20:18.067+0000][7][gc,metaspace] GC(67) Metaspace: 117865K(119616K)->117865K(119616K) NonClass: 102100K(103104K)->102100K(103104K) Class: 15764K(16512K)->15764K(16512K)
[2023-10-31T02:20:18.067+0000][7][gc          ] GC(67) Pause Young (Normal) (G1 Evacuation Pause) 411M->130M(512M) 3.520ms
[2023-10-31T02:20:18.067+0000][7][gc,cpu      ] GC(67) User=0.01s Sys=0.00s Real=0.01s
[2023-10-31T02:20:18.067+0000][7][safepoint   ] Safepoint "G1CollectForAllocation", Time since last: 759218959 ns, Reaching safepoint: 43426 ns, At safepoint: 3581547 ns, Total: 3624973 ns
[2023-10-31T02:20:19.067+0000][7][safepoint   ] Safepoint "Cleanup", Time since last: 1000069503 ns, Reaching safepoint: 47918 ns, At safepoint: 3837 ns, Total: 51755 ns
[2023-10-31T02:20:20.067+0000][7][safepoint   ] Safepoint "Cleanup", Time since last: 1000086949 ns, Reaching safepoint: 38759 ns, At safepoint: 4993 ns, Total: 43752 ns
[2023-10-31T02:20:21.067+0000][7][safepoint   ] Safepoint "Cleanup", Time since last: 1000362152 ns, Reaching safepoint: 54806 ns, At safepoint: 23936 ns, Total: 78742 ns
[2023-10-31T02:20:23.068+0000][7][safepoint   ] Safepoint "Cleanup", Time since last: 2000251876 ns, Reaching safepoint: 33806 ns, At safepoint: 5443 ns, Total: 39249 ns
[2023-10-31T02:20:24.068+0000][7][safepoint   ] Safepoint "Cleanup", Time since last: 1000366194 ns, Reaching safepoint: 75402 ns, At safepoint: 5117 ns, Total: 80519 ns
[2023-10-31T02:20:27.069+0000][7][safepoint   ] Safepoint "Cleanup", Time since last: 3000573386 ns, Reaching safepoint: 78231 ns, At safepoint: 7268 ns, Total: 85499 ns
[2023-10-31T02:20:29.069+0000][7][safepoint   ] Safepoint "Cleanup", Time since last: 2000211882 ns, Reaching safepoint: 78886 ns, At safepoint: 6727 ns, Total: 85613 ns
[2023-10-31T02:20:30.069+0000][7][safepoint   ] Safepoint "Cleanup", Time since last: 1000136666 ns, Reaching safepoint: 79760 ns, At safepoint: 4772 ns, Total: 84532 ns
[2023-10-31T02:20:31.069+0000][7][safepoint   ] Safepoint "Cleanup", Time since last: 1000094441 ns, Reaching safepoint: 61200 ns, At safepoint: 25756 ns, Total: 86956 ns
[2023-10-31T02:20:33.070+0000][7][safepoint   ] Safepoint "Cleanup", Time since last: 2000200619 ns, Reaching safepoint: 217993 ns, At safepoint: 29941 ns, Total: 247934 ns
[2023-10-31T02:20:34.070+0000][7][safepoint   ] Safepoint "Cleanup", Time since last: 1000107365 ns, Reaching safepoint: 59981 ns, At safepoint: 5292 ns, Total: 65273 ns
[2023-10-31T02:20:34.356+0000][7][gc,start    ] GC(68) Pause Young (Normal) (G1 Evacuation Pause)
[2023-10-31T02:20:34.356+0000][7][gc,task     ] GC(68) Using 8 workers of 8 for evacuation
[2023-10-31T02:20:34.356+0000][7][gc,age      ] GC(68) Desired survivor size 20971520 bytes, new threshold 15 (max threshold 15)
[2023-10-31T02:20:34.367+0000][7][gc,age      ] GC(68) Age table with threshold 15 (max threshold 15)
[2023-10-31T02:20:34.367+0000][7][gc,age      ] GC(68) - age   1:    1561920 bytes,    1561920 total
[2023-10-31T02:20:34.367+0000][7][gc,age      ] GC(68) - age   2:     739896 bytes,    2301816 total
[2023-10-31T02:20:34.367+0000][7][gc,age      ] GC(68) - age   3:    1365112 bytes,    3666928 total
[2023-10-31T02:20:34.367+0000][7][gc,age      ] GC(68) - age   4:     317808 bytes,    3984736 total
[2023-10-31T02:20:34.367+0000][7][gc,age      ] GC(68) - age   5:     861184 bytes,    4845920 total
[2023-10-31T02:20:34.367+0000][7][gc,age      ] GC(68) - age   6:     597416 bytes,    5443336 total
[2023-10-31T02:20:34.367+0000][7][gc,age      ] GC(68) - age   7:     239192 bytes,    5682528 total
[2023-10-31T02:20:34.367+0000][7][gc,age      ] GC(68) - age   8:     269912 bytes,    5952440 total
[2023-10-31T02:20:34.367+0000][7][gc,age      ] GC(68) - age   9:     314464 bytes,    6266904 total
[2023-10-31T02:20:34.367+0000][7][gc,age      ] GC(68) - age  10:     249128 bytes,    6516032 total
[2023-10-31T02:20:34.367+0000][7][gc,age      ] GC(68) - age  11:     793944 bytes,    7309976 total
[2023-10-31T02:20:34.367+0000][7][gc,age      ] GC(68) - age  12:     236840 bytes,    7546816 total
[2023-10-31T02:20:34.367+0000][7][gc,age      ] GC(68) - age  13:     315560 bytes,    7862376 total
[2023-10-31T02:20:34.367+0000][7][gc,age      ] GC(68) - age  14:     299880 bytes,    8162256 total
[2023-10-31T02:20:34.367+0000][7][gc,age      ] GC(68) - age  15:     237344 bytes,    8399600 total
[2023-10-31T02:20:34.367+0000][7][gc,phases   ] GC(68)   Pre Evacuate Collection Set: 0.1ms
[2023-10-31T02:20:34.367+0000][7][gc,phases   ] GC(68)   Merge Heap Roots: 0.0ms
[2023-10-31T02:20:34.367+0000][7][gc,phases   ] GC(68)   Evacuate Collection Set: 10.4ms
[2023-10-31T02:20:34.367+0000][7][gc,phases   ] GC(68)   Post Evacuate Collection Set: 0.5ms
[2023-10-31T02:20:34.367+0000][7][gc,phases   ] GC(68)   Other: 0.3ms
[2023-10-31T02:20:34.367+0000][7][gc,heap     ] GC(68) Eden regions: 70->0(70)
[2023-10-31T02:20:34.367+0000][7][gc,heap     ] GC(68) Survivor regions: 3->3(10)
[2023-10-31T02:20:34.367+0000][7][gc,heap     ] GC(68) Old regions: 25->25
[2023-10-31T02:20:34.367+0000][7][gc,heap     ] GC(68) Archive regions: 2->2
[2023-10-31T02:20:34.367+0000][7][gc,heap     ] GC(68) Humongous regions: 5->5
[2023-10-31T02:20:34.367+0000][7][gc,metaspace] GC(68) Metaspace: 117874K(119616K)->117874K(119616K) NonClass: 102109K(103104K)->102109K(103104K) Class: 15764K(16512K)->15764K(16512K)
[2023-10-31T02:20:34.367+0000][7][gc          ] GC(68) Pause Young (Normal) (G1 Evacuation Pause) 410M->131M(512M) 11.472ms
[2023-10-31T02:20:34.367+0000][7][gc,cpu      ] GC(68) User=0.03s Sys=0.00s Real=0.02s
[2023-10-31T02:20:34.367+0000][7][safepoint   ] Safepoint "G1CollectForAllocation", Time since last: 285666527 ns, Reaching safepoint: 72564 ns, At safepoint: 11622012 ns, Total: 11694576 ns
[2023-10-31T02:20:35.368+0000][7][safepoint   ] Safepoint "Cleanup", Time since last: 1000098605 ns, Reaching safepoint: 128247 ns, At safepoint: 30629 ns, Total: 158876 ns
[2023-10-31T02:20:36.368+0000][7][safepoint   ] Safepoint "Cleanup", Time since last: 1000150101 ns, Reaching safepoint: 51001 ns, At safepoint: 3782 ns, Total: 54783 ns
[2023-10-31T02:20:38.369+0000][7][safepoint   ] Safepoint "Cleanup", Time since last: 2000453971 ns, Reaching safepoint: 190440 ns, At safepoint: 7507 ns, Total: 197947 ns
[2023-10-31T02:20:41.369+0000][7][safepoint   ] Safepoint "Cleanup", Time since last: 3000527157 ns, Reaching safepoint: 71091 ns, At safepoint: 4784 ns, Total: 75875 ns
[2023-10-31T02:20:43.369+0000][7][safepoint   ] Safepoint "Cleanup", Time since last: 2000210637 ns, Reaching safepoint: 75292 ns, At safepoint: 5062 ns, Total: 80354 ns
[2023-10-31T02:20:44.370+0000][7][safepoint   ] Safepoint "Cleanup", Time since last: 1000332621 ns, Reaching safepoint: 65990 ns, At safepoint: 9072 ns, Total: 75062 ns
[2023-10-31T02:20:45.370+0000][7][safepoint   ] Safepoint "Cleanup", Time since last: 1000082051 ns, Reaching safepoint: 42779 ns, At safepoint: 26736 ns, Total: 69515 ns
[2023-10-31T02:20:46.370+0000][7][safepoint   ] Safepoint "Cleanup", Time since last: 1000161083 ns, Reaching safepoint: 136626 ns, At safepoint: 11177 ns, Total: 147803 ns
[2023-10-31T02:20:47.371+0000][7][safepoint   ] Safepoint "Cleanup", Time since last: 1000152843 ns, Reaching safepoint: 73359 ns, At safepoint: 4229 ns, Total: 77588 ns
[2023-10-31T02:20:48.371+0000][7][safepoint   ] Safepoint "Cleanup", Time since last: 1000138032 ns, Reaching safepoint: 117211 ns, At safepoint: 9424 ns, Total: 126635 ns
[2023-10-31T02:20:50.371+0000][7][safepoint   ] Safepoint "Cleanup", Time since last: 2000222754 ns, Reaching safepoint: 68043 ns, At safepoint: 6764 ns, Total: 74807 ns
[2023-10-31T02:20:50.776+0000][7][gc,start    ] GC(69) Pause Young (Normal) (G1 Evacuation Pause)
[2023-10-31T02:20:50.776+0000][7][gc,task     ] GC(69) Using 8 workers of 8 for evacuation
[2023-10-31T02:20:50.776+0000][7][gc,age      ] GC(69) Desired survivor size 20971520 bytes, new threshold 15 (max threshold 15)
[2023-10-31T02:20:50.784+0000][7][gc,age      ] GC(69) Age table with threshold 15 (max threshold 15)
[2023-10-31T02:20:50.784+0000][7][gc,age      ] GC(69) - age   1:     933760 bytes,     933760 total
[2023-10-31T02:20:50.784+0000][7][gc,age      ] GC(69) - age   2:    1123928 bytes,    2057688 total
[2023-10-31T02:20:50.784+0000][7][gc,age      ] GC(69) - age   3:     738768 bytes,    2796456 total
[2023-10-31T02:20:50.784+0000][7][gc,age      ] GC(69) - age   4:    1220584 bytes,    4017040 total
[2023-10-31T02:20:50.784+0000][7][gc,age      ] GC(69) - age   5:     317360 bytes,    4334400 total
[2023-10-31T02:20:50.784+0000][7][gc,age      ] GC(69) - age   6:     727232 bytes,    5061632 total
[2023-10-31T02:20:50.784+0000][7][gc,age      ] GC(69) - age   7:     597384 bytes,    5659016 total
[2023-10-31T02:20:50.784+0000][7][gc,age      ] GC(69) - age   8:     239192 bytes,    5898208 total
[2023-10-31T02:20:50.784+0000][7][gc,age      ] GC(69) - age   9:     269880 bytes,    6168088 total
[2023-10-31T02:20:50.784+0000][7][gc,age      ] GC(69) - age  10:     314344 bytes,    6482432 total
[2023-10-31T02:20:50.784+0000][7][gc,age      ] GC(69) - age  11:     249128 bytes,    6731560 total
[2023-10-31T02:20:50.784+0000][7][gc,age      ] GC(69) - age  12:     793944 bytes,    7525504 total
[2023-10-31T02:20:50.784+0000][7][gc,age      ] GC(69) - age  13:     236840 bytes,    7762344 total
[2023-10-31T02:20:50.784+0000][7][gc,age      ] GC(69) - age  14:     315560 bytes,    8077904 total
[2023-10-31T02:20:50.784+0000][7][gc,age      ] GC(69) - age  15:     299880 bytes,    8377784 total
[2023-10-31T02:20:50.784+0000][7][gc,phases   ] GC(69)   Pre Evacuate Collection Set: 0.1ms
[2023-10-31T02:20:50.784+0000][7][gc,phases   ] GC(69)   Merge Heap Roots: 0.0ms
[2023-10-31T02:20:50.784+0000][7][gc,phases   ] GC(69)   Evacuate Collection Set: 7.2ms
[2023-10-31T02:20:50.784+0000][7][gc,phases   ] GC(69)   Post Evacuate Collection Set: 0.6ms
[2023-10-31T02:20:50.784+0000][7][gc,phases   ] GC(69)   Other: 0.3ms
[2023-10-31T02:20:50.784+0000][7][gc,heap     ] GC(69) Eden regions: 70->0(70)
[2023-10-31T02:20:50.784+0000][7][gc,heap     ] GC(69) Survivor regions: 3->3(10)
[2023-10-31T02:20:50.784+0000][7][gc,heap     ] GC(69) Old regions: 25->25
[2023-10-31T02:20:50.784+0000][7][gc,heap     ] GC(69) Archive regions: 2->2
[2023-10-31T02:20:50.784+0000][7][gc,heap     ] GC(69) Humongous regions: 5->5
[2023-10-31T02:20:50.784+0000][7][gc,metaspace] GC(69) Metaspace: 117891K(119680K)->117891K(119680K) NonClass: 102126K(103168K)->102126K(103168K) Class: 15764K(16512K)->15764K(16512K)
[2023-10-31T02:20:50.784+0000][7][gc          ] GC(69) Pause Young (Normal) (G1 Evacuation Pause) 411M->131M(512M) 8.164ms
[2023-10-31T02:20:50.784+0000][7][gc,cpu      ] GC(69) User=0.02s Sys=0.00s Real=0.01s
[2023-10-31T02:20:50.784+0000][7][safepoint   ] Safepoint "G1CollectForAllocation", Time since last: 404750362 ns, Reaching safepoint: 83760 ns, At safepoint: 8230033 ns, Total: 8313793 ns
[2023-10-31T02:20:51.784+0000][7][safepoint   ] Safepoint "Cleanup", Time since last: 1000089895 ns, Reaching safepoint: 53691 ns, At safepoint: 27904 ns, Total: 81595 ns
[2023-10-31T02:20:52.785+0000][7][safepoint   ] Safepoint "Cleanup", Time since last: 1000244165 ns, Reaching safepoint: 163839 ns, At safepoint: 4946 ns, Total: 168785 ns
[2023-10-31T02:20:53.785+0000][7][safepoint   ] Safepoint "Cleanup", Time since last: 1000094980 ns, Reaching safepoint: 49776 ns, At safepoint: 5520 ns, Total: 55296 ns
[2023-10-31T02:20:55.785+0000][7][safepoint   ] Safepoint "Cleanup", Time since last: 2000403847 ns, Reaching safepoint: 27509 ns, At safepoint: 3866 ns, Total: 31375 ns
[2023-10-31T02:20:56.786+0000][7][safepoint   ] Safepoint "Cleanup", Time since last: 1000379917 ns, Reaching safepoint: 61877 ns, At safepoint: 31561 ns, Total: 93438 ns
[2023-10-31T02:20:58.787+0000][7][safepoint   ] Safepoint "Cleanup", Time since last: 2000654887 ns, Reaching safepoint: 81492 ns, At safepoint: 7269 ns, Total: 88761 ns
[2023-10-31T02:20:59.787+0000][7][safepoint   ] Safepoint "Cleanup", Time since last: 1000121268 ns, Reaching safepoint: 76810 ns, At safepoint: 4674 ns, Total: 81484 ns
[2023-10-31T02:21:00.787+0000][7][safepoint   ] Safepoint "Cleanup", Time since last: 1000158475 ns, Reaching safepoint: 68626 ns, At safepoint: 5025 ns, Total: 73651 ns
[2023-10-31T02:21:02.787+0000][7][safepoint   ] Safepoint "Cleanup", Time since last: 2000425120 ns, Reaching safepoint: 30598 ns, At safepoint: 5952 ns, Total: 36550 ns
[2023-10-31T02:21:03.788+0000][7][safepoint   ] Safepoint "Cleanup", Time since last: 1000395987 ns, Reaching safepoint: 38881 ns, At safepoint: 23953 ns, Total: 62834 ns
[2023-10-31T02:21:05.788+0000][7][safepoint   ] Safepoint "Cleanup", Time since last: 2000417822 ns, Reaching safepoint: 76708 ns, At safepoint: 5220 ns, Total: 81928 ns
[2023-10-31T02:21:07.349+0000][7][gc,start    ] GC(70) Pause Young (Normal) (G1 Evacuation Pause)
[2023-10-31T02:21:07.349+0000][7][gc,task     ] GC(70) Using 8 workers of 8 for evacuation
[2023-10-31T02:21:07.349+0000][7][gc,age      ] GC(70) Desired survivor size 20971520 bytes, new threshold 15 (max threshold 15)
[2023-10-31T02:21:07.353+0000][7][gc,age      ] GC(70) Age table with threshold 15 (max threshold 15)
[2023-10-31T02:21:07.353+0000][7][gc,age      ] GC(70) - age   1:    2152896 bytes,    2152896 total
[2023-10-31T02:21:07.353+0000][7][gc,age      ] GC(70) - age   2:     459392 bytes,    2612288 total
[2023-10-31T02:21:07.353+0000][7][gc,age      ] GC(70) - age   3:    1110704 bytes,    3722992 total
[2023-10-31T02:21:07.353+0000][7][gc,age      ] GC(70) - age   4:     738544 bytes,    4461536 total
[2023-10-31T02:21:07.353+0000][7][gc,age      ] GC(70) - age   5:     290424 bytes,    4751960 total
[2023-10-31T02:21:07.353+0000][7][gc,age      ] GC(70) - age   6:     315728 bytes,    5067688 total
[2023-10-31T02:21:07.353+0000][7][gc,age      ] GC(70) - age   7:     726608 bytes,    5794296 total
[2023-10-31T02:21:07.353+0000][7][gc,age      ] GC(70) - age   8:     234944 bytes,    6029240 total
[2023-10-31T02:21:07.353+0000][7][gc,age      ] GC(70) - age   9:     239192 bytes,    6268432 total
[2023-10-31T02:21:07.353+0000][7][gc,age      ] GC(70) - age  10:     269880 bytes,    6538312 total
[2023-10-31T02:21:07.353+0000][7][gc,age      ] GC(70) - age  11:     314344 bytes,    6852656 total
[2023-10-31T02:21:07.353+0000][7][gc,age      ] GC(70) - age  12:     249128 bytes,    7101784 total
[2023-10-31T02:21:07.353+0000][7][gc,age      ] GC(70) - age  13:     793944 bytes,    7895728 total
[2023-10-31T02:21:07.353+0000][7][gc,age      ] GC(70) - age  14:     236840 bytes,    8132568 total
[2023-10-31T02:21:07.353+0000][7][gc,age      ] GC(70) - age  15:     315560 bytes,    8448128 total
[2023-10-31T02:21:07.353+0000][7][gc,phases   ] GC(70)   Pre Evacuate Collection Set: 0.1ms
[2023-10-31T02:21:07.353+0000][7][gc,phases   ] GC(70)   Merge Heap Roots: 0.0ms
[2023-10-31T02:21:07.353+0000][7][gc,phases   ] GC(70)   Evacuate Collection Set: 3.3ms
[2023-10-31T02:21:07.353+0000][7][gc,phases   ] GC(70)   Post Evacuate Collection Set: 0.6ms
[2023-10-31T02:21:07.353+0000][7][gc,phases   ] GC(70)   Other: 0.3ms
[2023-10-31T02:21:07.353+0000][7][gc,heap     ] GC(70) Eden regions: 70->0(70)
[2023-10-31T02:21:07.353+0000][7][gc,heap     ] GC(70) Survivor regions: 3->3(10)
[2023-10-31T02:21:07.353+0000][7][gc,heap     ] GC(70) Old regions: 25->25
[2023-10-31T02:21:07.353+0000][7][gc,heap     ] GC(70) Archive regions: 2->2
[2023-10-31T02:21:07.353+0000][7][gc,heap     ] GC(70) Humongous regions: 5->5
[2023-10-31T02:21:07.353+0000][7][gc,metaspace] GC(70) Metaspace: 117892K(119680K)->117892K(119680K) NonClass: 102127K(103168K)->102127K(103168K) Class: 15764K(16512K)->15764K(16512K)
[2023-10-31T02:21:07.353+0000][7][gc          ] GC(70) Pause Young (Normal) (G1 Evacuation Pause) 411M->132M(512M) 4.324ms
[2023-10-31T02:21:07.353+0000][7][gc,cpu      ] GC(70) User=0.02s Sys=0.01s Real=0.00s
[2023-10-31T02:21:07.353+0000][7][safepoint   ] Safepoint "G1CollectForAllocation", Time since last: 1560422225 ns, Reaching safepoint: 107211 ns, At safepoint: 4424325 ns, Total: 4531536 ns
[2023-10-31T02:21:08.354+0000][7][safepoint   ] Safepoint "Cleanup", Time since last: 1000327943 ns, Reaching safepoint: 60162 ns, At safepoint: 22166 ns, Total: 82328 ns
[2023-10-31T02:21:11.354+0000][7][safepoint   ] Safepoint "Cleanup", Time since last: 3000537533 ns, Reaching safepoint: 54978 ns, At safepoint: 6556 ns, Total: 61534 ns
[2023-10-31T02:21:13.355+0000][7][safepoint   ] Safepoint "Cleanup", Time since last: 2000201173 ns, Reaching safepoint: 67434 ns, At safepoint: 22858 ns, Total: 90292 ns
[2023-10-31T02:21:14.355+0000][7][safepoint   ] Safepoint "Cleanup", Time since last: 1000332030 ns, Reaching safepoint: 36841 ns, At safepoint: 3888 ns, Total: 40729 ns
[2023-10-31T02:21:16.355+0000][7][safepoint   ] Safepoint "Cleanup", Time since last: 2000335247 ns, Reaching safepoint: 47271 ns, At safepoint: 6250 ns, Total: 53521 ns
[2023-10-31T02:21:17.356+0000][7][safepoint   ] Safepoint "Cleanup", Time since last: 1000087302 ns, Reaching safepoint: 52093 ns, At safepoint: 4676 ns, Total: 56769 ns
[2023-10-31T02:21:18.356+0000][7][safepoint   ] Safepoint "Cleanup", Time since last: 1000105336 ns, Reaching safepoint: 73920 ns, At safepoint: 5986 ns, Total: 79906 ns
[2023-10-31T02:21:20.356+0000][7][safepoint   ] Safepoint "Cleanup", Time since last: 2000233600 ns, Reaching safepoint: 87448 ns, At safepoint: 9820 ns, Total: 97268 ns
[2023-10-31T02:21:21.357+0000][7][safepoint   ] Safepoint "Cleanup", Time since last: 1000343688 ns, Reaching safepoint: 111571 ns, At safepoint: 26345 ns, Total: 137916 ns
[2023-10-31T02:21:22.357+0000][7][safepoint   ] Safepoint "Cleanup", Time since last: 1000142158 ns, Reaching safepoint: 57745 ns, At safepoint: 8399 ns, Total: 66144 ns
[2023-10-31T02:21:23.245+0000][7][gc,start    ] GC(71) Pause Young (Normal) (G1 Evacuation Pause)
[2023-10-31T02:21:23.245+0000][7][gc,task     ] GC(71) Using 8 workers of 8 for evacuation
[2023-10-31T02:21:23.245+0000][7][gc,age      ] GC(71) Desired survivor size 20971520 bytes, new threshold 15 (max threshold 15)
[2023-10-31T02:21:23.251+0000][7][gc,age      ] GC(71) Age table with threshold 15 (max threshold 15)
[2023-10-31T02:21:23.251+0000][7][gc,age      ] GC(71) - age   1:    1311272 bytes,    1311272 total
[2023-10-31T02:21:23.251+0000][7][gc,age      ] GC(71) - age   2:    1826040 bytes,    3137312 total
[2023-10-31T02:21:23.251+0000][7][gc,age      ] GC(71) - age   3:     458184 bytes,    3595496 total
[2023-10-31T02:21:23.251+0000][7][gc,age      ] GC(71) - age   4:    1093208 bytes,    4688704 total
[2023-10-31T02:21:23.251+0000][7][gc,age      ] GC(71) - age   5:     381288 bytes,    5069992 total
[2023-10-31T02:21:23.251+0000][7][gc,age      ] GC(71) - age   6:     290040 bytes,    5360032 total
[2023-10-31T02:21:23.251+0000][7][gc,age      ] GC(71) - age   7:     315664 bytes,    5675696 total
[2023-10-31T02:21:23.251+0000][7][gc,age      ] GC(71) - age   8:     726320 bytes,    6402016 total
[2023-10-31T02:21:23.251+0000][7][gc,age      ] GC(71) - age   9:     234944 bytes,    6636960 total
[2023-10-31T02:21:23.251+0000][7][gc,age      ] GC(71) - age  10:     239192 bytes,    6876152 total
[2023-10-31T02:21:23.251+0000][7][gc,age      ] GC(71) - age  11:     269880 bytes,    7146032 total
[2023-10-31T02:21:23.251+0000][7][gc,age      ] GC(71) - age  12:     314344 bytes,    7460376 total
[2023-10-31T02:21:23.251+0000][7][gc,age      ] GC(71) - age  13:     249128 bytes,    7709504 total
[2023-10-31T02:21:23.251+0000][7][gc,age      ] GC(71) - age  14:     793944 bytes,    8503448 total
[2023-10-31T02:21:23.251+0000][7][gc,age      ] GC(71) - age  15:     236840 bytes,    8740288 total
[2023-10-31T02:21:23.251+0000][7][gc,phases   ] GC(71)   Pre Evacuate Collection Set: 0.1ms
[2023-10-31T02:21:23.251+0000][7][gc,phases   ] GC(71)   Merge Heap Roots: 0.0ms
[2023-10-31T02:21:23.251+0000][7][gc,phases   ] GC(71)   Evacuate Collection Set: 5.1ms
[2023-10-31T02:21:23.251+0000][7][gc,phases   ] GC(71)   Post Evacuate Collection Set: 0.7ms
[2023-10-31T02:21:23.251+0000][7][gc,phases   ] GC(71)   Other: 0.2ms
[2023-10-31T02:21:23.251+0000][7][gc,heap     ] GC(71) Eden regions: 70->0(70)
[2023-10-31T02:21:23.251+0000][7][gc,heap     ] GC(71) Survivor regions: 3->3(10)
[2023-10-31T02:21:23.251+0000][7][gc,heap     ] GC(71) Old regions: 25->25
[2023-10-31T02:21:23.251+0000][7][gc,heap     ] GC(71) Archive regions: 2->2
[2023-10-31T02:21:23.251+0000][7][gc,heap     ] GC(71) Humongous regions: 5->5
[2023-10-31T02:21:23.251+0000][7][gc,metaspace] GC(71) Metaspace: 117911K(119680K)->117911K(119680K) NonClass: 102146K(103168K)->102146K(103168K) Class: 15764K(16512K)->15764K(16512K)
[2023-10-31T02:21:23.251+0000][7][gc          ] GC(71) Pause Young (Normal) (G1 Evacuation Pause) 412M->132M(512M) 6.197ms
[2023-10-31T02:21:23.251+0000][7][gc,cpu      ] GC(71) User=0.02s Sys=0.00s Real=0.01s
[2023-10-31T02:21:23.251+0000][7][safepoint   ] Safepoint "G1CollectForAllocation", Time since last: 887666956 ns, Reaching safepoint: 39534 ns, At safepoint: 6290100 ns, Total: 6329634 ns
[2023-10-31T02:21:24.251+0000][7][safepoint   ] Safepoint "Cleanup", Time since last: 1000233072 ns, Reaching safepoint: 152074 ns, At safepoint: 4584 ns, Total: 156658 ns
[2023-10-31T02:21:26.251+0000][7][safepoint   ] Safepoint "Cleanup", Time since last: 2000162005 ns, Reaching safepoint: 63079 ns, At safepoint: 9825 ns, Total: 72904 ns
[2023-10-31T02:21:27.252+0000][7][safepoint   ] Safepoint "Cleanup", Time since last: 1000148575 ns, Reaching safepoint: 80210 ns, At safepoint: 6316 ns, Total: 86526 ns
[2023-10-31T02:21:29.252+0000][7][safepoint   ] Safepoint "Cleanup", Time since last: 2000306282 ns, Reaching safepoint: 46117 ns, At safepoint: 4111 ns, Total: 50228 ns
[2023-10-31T02:21:31.252+0000][7][safepoint   ] Safepoint "Cleanup", Time since last: 2000245569 ns, Reaching safepoint: 86096 ns, At safepoint: 5904 ns, Total: 92000 ns
[2023-10-31T02:21:32.253+0000][7][safepoint   ] Safepoint "Cleanup", Time since last: 1000106087 ns, Reaching safepoint: 61052 ns, At safepoint: 5217 ns, Total: 66269 ns
[2023-10-31T02:21:33.253+0000][7][safepoint   ] Safepoint "Cleanup", Time since last: 1000348525 ns, Reaching safepoint: 34969 ns, At safepoint: 3890 ns, Total: 38859 ns
[2023-10-31T02:21:34.253+0000][7][safepoint   ] Safepoint "Cleanup", Time since last: 1000122424 ns, Reaching safepoint: 78569 ns, At safepoint: 3854 ns, Total: 82423 ns
[2023-10-31T02:21:35.254+0000][7][safepoint   ] Safepoint "Cleanup", Time since last: 1000330076 ns, Reaching safepoint: 67653 ns, At safepoint: 4513 ns, Total: 72166 ns
[2023-10-31T02:21:36.254+0000][7][safepoint   ] Safepoint "Cleanup", Time since last: 1000196696 ns, Reaching safepoint: 46923 ns, At safepoint: 26535 ns, Total: 73458 ns
[2023-10-31T02:21:38.254+0000][7][safepoint   ] Safepoint "Cleanup", Time since last: 2000620306 ns, Reaching safepoint: 32534 ns, At safepoint: 3245 ns, Total: 35779 ns
[2023-10-31T02:21:39.255+0000][7][safepoint   ] Safepoint "Cleanup", Time since last: 1000115878 ns, Reaching safepoint: 76086 ns, At safepoint: 8476 ns, Total: 84562 ns
[2023-10-31T02:21:39.883+0000][7][gc,start    ] GC(72) Pause Young (Normal) (G1 Evacuation Pause)
[2023-10-31T02:21:39.883+0000][7][gc,task     ] GC(72) Using 8 workers of 8 for evacuation
[2023-10-31T02:21:39.883+0000][7][gc,age      ] GC(72) Desired survivor size 20971520 bytes, new threshold 15 (max threshold 15)
[2023-10-31T02:21:39.890+0000][7][gc,age      ] GC(72) Age table with threshold 15 (max threshold 15)
[2023-10-31T02:21:39.891+0000][7][gc,age      ] GC(72) - age   1:    2607952 bytes,    2607952 total
[2023-10-31T02:21:39.891+0000][7][gc,age      ] GC(72) - age   2:     762872 bytes,    3370824 total
[2023-10-31T02:21:39.891+0000][7][gc,age      ] GC(72) - age   3:    1817624 bytes,    5188448 total
[2023-10-31T02:21:39.891+0000][7][gc,age      ] GC(72) - age   4:     456768 bytes,    5645216 total
[2023-10-31T02:21:39.891+0000][7][gc,age      ] GC(72) - age   5:    1092736 bytes,    6737952 total
[2023-10-31T02:21:39.891+0000][7][gc,age      ] GC(72) - age   6:     381128 bytes,    7119080 total
[2023-10-31T02:21:39.891+0000][7][gc,age      ] GC(72) - age   7:     290040 bytes,    7409120 total
[2023-10-31T02:21:39.891+0000][7][gc,age      ] GC(72) - age   8:     315336 bytes,    7724456 total
[2023-10-31T02:21:39.891+0000][7][gc,age      ] GC(72) - age   9:     726320 bytes,    8450776 total
[2023-10-31T02:21:39.891+0000][7][gc,age      ] GC(72) - age  10:     234944 bytes,    8685720 total
[2023-10-31T02:21:39.891+0000][7][gc,age      ] GC(72) - age  11:     239192 bytes,    8924912 total
[2023-10-31T02:21:39.891+0000][7][gc,age      ] GC(72) - age  12:     269552 bytes,    9194464 total
[2023-10-31T02:21:39.891+0000][7][gc,age      ] GC(72) - age  13:     314344 bytes,    9508808 total
[2023-10-31T02:21:39.891+0000][7][gc,age      ] GC(72) - age  14:     249128 bytes,    9757936 total
[2023-10-31T02:21:39.891+0000][7][gc,age      ] GC(72) - age  15:     793944 bytes,   10551880 total
[2023-10-31T02:21:39.891+0000][7][gc,phases   ] GC(72)   Pre Evacuate Collection Set: 0.1ms
[2023-10-31T02:21:39.891+0000][7][gc,phases   ] GC(72)   Merge Heap Roots: 0.0ms
[2023-10-31T02:21:39.891+0000][7][gc,phases   ] GC(72)   Evacuate Collection Set: 6.8ms
[2023-10-31T02:21:39.891+0000][7][gc,phases   ] GC(72)   Post Evacuate Collection Set: 0.4ms
[2023-10-31T02:21:39.891+0000][7][gc,phases   ] GC(72)   Other: 0.3ms
[2023-10-31T02:21:39.891+0000][7][gc,heap     ] GC(72) Eden regions: 70->0(69)
[2023-10-31T02:21:39.891+0000][7][gc,heap     ] GC(72) Survivor regions: 3->3(10)
[2023-10-31T02:21:39.891+0000][7][gc,heap     ] GC(72) Old regions: 25->26
[2023-10-31T02:21:39.891+0000][7][gc,heap     ] GC(72) Archive regions: 2->2
[2023-10-31T02:21:39.891+0000][7][gc,heap     ] GC(72) Humongous regions: 5->5
[2023-10-31T02:21:39.891+0000][7][gc,metaspace] GC(72) Metaspace: 117954K(119744K)->117954K(119744K) NonClass: 102189K(103232K)->102189K(103232K) Class: 15764K(16512K)->15764K(16512K)
[2023-10-31T02:21:39.891+0000][7][gc          ] GC(72) Pause Young (Normal) (G1 Evacuation Pause) 412M->134M(512M) 7.721ms
[2023-10-31T02:21:39.891+0000][7][gc,cpu      ] GC(72) User=0.03s Sys=0.00s Real=0.01s
[2023-10-31T02:21:39.891+0000][7][safepoint   ] Safepoint "G1CollectForAllocation", Time since last: 628196681 ns, Reaching safepoint: 51943 ns, At safepoint: 7815136 ns, Total: 7867079 ns
[2023-10-31T02:21:40.891+0000][7][safepoint   ] Safepoint "Cleanup", Time since last: 1000230758 ns, Reaching safepoint: 118859 ns, At safepoint: 5757 ns, Total: 124616 ns
[2023-10-31T02:21:41.891+0000][7][safepoint   ] Safepoint "Cleanup", Time since last: 1000173465 ns, Reaching safepoint: 54243 ns, At safepoint: 5490 ns, Total: 59733 ns
[2023-10-31T02:21:43.892+0000][7][safepoint   ] Safepoint "Cleanup", Time since last: 2000436684 ns, Reaching safepoint: 74710 ns, At safepoint: 7830 ns, Total: 82540 ns
[2023-10-31T02:21:44.892+0000][7][safepoint   ] Safepoint "Cleanup", Time since last: 1000131852 ns, Reaching safepoint: 98592 ns, At safepoint: 6930 ns, Total: 105522 ns
[2023-10-31T02:21:45.892+0000][7][safepoint   ] Safepoint "Cleanup", Time since last: 1000096496 ns, Reaching safepoint: 57580 ns, At safepoint: 7582 ns, Total: 65162 ns
[2023-10-31T02:21:47.892+0000][7][safepoint   ] Safepoint "Cleanup", Time since last: 2000150887 ns, Reaching safepoint: 46256 ns, At safepoint: 16947 ns, Total: 63203 ns
[2023-10-31T02:21:48.893+0000][7][safepoint   ] Safepoint "Cleanup", Time since last: 1000228151 ns, Reaching safepoint: 156973 ns, At safepoint: 4191 ns, Total: 161164 ns
[2023-10-31T02:21:49.893+0000][7][safepoint   ] Safepoint "Cleanup", Time since last: 1000118513 ns, Reaching safepoint: 52720 ns, At safepoint: 7551 ns, Total: 60271 ns
[2023-10-31T02:21:50.893+0000][7][safepoint   ] Safepoint "Cleanup", Time since last: 1000278500 ns, Reaching safepoint: 42606 ns, At safepoint: 18832 ns, Total: 61438 ns
[2023-10-31T02:21:52.894+0000][7][safepoint   ] Safepoint "Cleanup", Time since last: 2000216565 ns, Reaching safepoint: 45997 ns, At safepoint: 24106 ns, Total: 70103 ns
[2023-10-31T02:21:53.894+0000][7][safepoint   ] Safepoint "Cleanup", Time since last: 1000329214 ns, Reaching safepoint: 36193 ns, At safepoint: 26745 ns, Total: 62938 ns
[2023-10-31T02:21:55.634+0000][7][gc,start    ] GC(73) Pause Young (Normal) (G1 Evacuation Pause)
[2023-10-31T02:21:55.634+0000][7][gc,task     ] GC(73) Using 8 workers of 8 for evacuation
[2023-10-31T02:21:55.634+0000][7][gc,age      ] GC(73) Desired survivor size 18874368 bytes, new threshold 15 (max threshold 15)
[2023-10-31T02:21:55.641+0000][7][gc,age      ] GC(73) Age table with threshold 15 (max threshold 15)
[2023-10-31T02:21:55.641+0000][7][gc,age      ] GC(73) - age   1:    3164344 bytes,    3164344 total
[2023-10-31T02:21:55.641+0000][7][gc,age      ] GC(73) - age   2:     963936 bytes,    4128280 total
[2023-10-31T02:21:55.641+0000][7][gc,age      ] GC(73) - age   3:     719664 bytes,    4847944 total
[2023-10-31T02:21:55.641+0000][7][gc,age      ] GC(73) - age   4:    1817240 bytes,    6665184 total
[2023-10-31T02:21:55.641+0000][7][gc,age      ] GC(73) - age   5:     311600 bytes,    6976784 total
[2023-10-31T02:21:55.641+0000][7][gc,age      ] GC(73) - age   6:     365712 bytes,    7342496 total
[2023-10-31T02:21:55.641+0000][7][gc,age      ] GC(73) - age   7:     381064 bytes,    7723560 total
[2023-10-31T02:21:55.641+0000][7][gc,age      ] GC(73) - age   8:     290040 bytes,    8013600 total
[2023-10-31T02:21:55.641+0000][7][gc,age      ] GC(73) - age   9:     315336 bytes,    8328936 total
[2023-10-31T02:21:55.641+0000][7][gc,age      ] GC(73) - age  10:     726320 bytes,    9055256 total
[2023-10-31T02:21:55.641+0000][7][gc,age      ] GC(73) - age  11:     234944 bytes,    9290200 total
[2023-10-31T02:21:55.641+0000][7][gc,age      ] GC(73) - age  12:     239128 bytes,    9529328 total
[2023-10-31T02:21:55.641+0000][7][gc,age      ] GC(73) - age  13:     269552 bytes,    9798880 total
[2023-10-31T02:21:55.641+0000][7][gc,age      ] GC(73) - age  14:     314344 bytes,   10113224 total
[2023-10-31T02:21:55.641+0000][7][gc,age      ] GC(73) - age  15:     249128 bytes,   10362352 total
[2023-10-31T02:21:55.641+0000][7][gc,phases   ] GC(73)   Pre Evacuate Collection Set: 0.1ms
[2023-10-31T02:21:55.641+0000][7][gc,phases   ] GC(73)   Merge Heap Roots: 0.0ms
[2023-10-31T02:21:55.641+0000][7][gc,phases   ] GC(73)   Evacuate Collection Set: 6.1ms
[2023-10-31T02:21:55.641+0000][7][gc,phases   ] GC(73)   Post Evacuate Collection Set: 0.7ms
[2023-10-31T02:21:55.641+0000][7][gc,phases   ] GC(73)   Other: 0.2ms
[2023-10-31T02:21:55.641+0000][7][gc,heap     ] GC(73) Eden regions: 69->0(69)
[2023-10-31T02:21:55.641+0000][7][gc,heap     ] GC(73) Survivor regions: 3->3(9)
[2023-10-31T02:21:55.641+0000][7][gc,heap     ] GC(73) Old regions: 26->26
[2023-10-31T02:21:55.641+0000][7][gc,heap     ] GC(73) Archive regions: 2->2
[2023-10-31T02:21:55.641+0000][7][gc,heap     ] GC(73) Humongous regions: 5->5
[2023-10-31T02:21:55.641+0000][7][gc,metaspace] GC(73) Metaspace: 117958K(119744K)->117958K(119744K) NonClass: 102193K(103232K)->102193K(103232K) Class: 15764K(16512K)->15764K(16512K)
[2023-10-31T02:21:55.641+0000][7][gc          ] GC(73) Pause Young (Normal) (G1 Evacuation Pause) 410M->134M(512M) 7.130ms
[2023-10-31T02:21:55.641+0000][7][gc,cpu      ] GC(73) User=0.02s Sys=0.01s Real=0.01s
[2023-10-31T02:21:55.641+0000][7][safepoint   ] Safepoint "G1CollectForAllocation", Time since last: 1740161862 ns, Reaching safepoint: 43428 ns, At safepoint: 7211122 ns, Total: 7254550 ns
[2023-10-31T02:21:56.642+0000][7][safepoint   ] Safepoint "Cleanup", Time since last: 1000200971 ns, Reaching safepoint: 150219 ns, At safepoint: 4021 ns, Total: 154240 ns
[2023-10-31T02:21:57.642+0000][7][safepoint   ] Safepoint "Cleanup", Time since last: 1000127891 ns, Reaching safepoint: 51514 ns, At safepoint: 5691 ns, Total: 57205 ns
[2023-10-31T02:21:58.642+0000][7][safepoint   ] Safepoint "Cleanup", Time since last: 1000230842 ns, Reaching safepoint: 159842 ns, At safepoint: 3905 ns, Total: 163747 ns
[2023-10-31T02:21:59.643+0000][7][safepoint   ] Safepoint "Cleanup", Time since last: 1000142353 ns, Reaching safepoint: 99450 ns, At safepoint: 21117 ns, Total: 120567 ns
[2023-10-31T02:22:01.643+0000][7][safepoint   ] Safepoint "Cleanup", Time since last: 2000432908 ns, Reaching safepoint: 98538 ns, At safepoint: 10350 ns, Total: 108888 ns
[2023-10-31T02:22:02.643+0000][7][safepoint   ] Safepoint "Cleanup", Time since last: 1000225956 ns, Reaching safepoint: 98077 ns, At safepoint: 4574 ns, Total: 102651 ns
[2023-10-31T02:22:03.644+0000][7][safepoint   ] Safepoint "Cleanup", Time since last: 1000282133 ns, Reaching safepoint: 67674 ns, At safepoint: 25199 ns, Total: 92873 ns
[2023-10-31T02:22:05.644+0000][7][safepoint   ] Safepoint "Cleanup", Time since last: 2000198948 ns, Reaching safepoint: 171693 ns, At safepoint: 29533 ns, Total: 201226 ns
[2023-10-31T02:22:06.645+0000][7][safepoint   ] Safepoint "Cleanup", Time since last: 1000271969 ns, Reaching safepoint: 96704 ns, At safepoint: 7911 ns, Total: 104615 ns
[2023-10-31T02:22:08.645+0000][7][safepoint   ] Safepoint "Cleanup", Time since last: 2000351141 ns, Reaching safepoint: 174546 ns, At safepoint: 6093 ns, Total: 180639 ns
[2023-10-31T02:22:11.188+0000][7][gc,start    ] GC(74) Pause Young (Normal) (G1 Evacuation Pause)
[2023-10-31T02:22:11.188+0000][7][gc,task     ] GC(74) Using 8 workers of 8 for evacuation
[2023-10-31T02:22:11.188+0000][7][gc,age      ] GC(74) Desired survivor size 18874368 bytes, new threshold 15 (max threshold 15)
[2023-10-31T02:22:11.197+0000][7][gc,age      ] GC(74) Age table with threshold 15 (max threshold 15)
[2023-10-31T02:22:11.197+0000][7][gc,age      ] GC(74) - age   1:    2410944 bytes,    2410944 total
[2023-10-31T02:22:11.197+0000][7][gc,age      ] GC(74) - age   2:    1430720 bytes,    3841664 total
[2023-10-31T02:22:11.197+0000][7][gc,age      ] GC(74) - age   3:     958496 bytes,    4800160 total
[2023-10-31T02:22:11.197+0000][7][gc,age      ] GC(74) - age   4:     719552 bytes,    5519712 total
[2023-10-31T02:22:11.197+0000][7][gc,age      ] GC(74) - age   5:    1816648 bytes,    7336360 total
[2023-10-31T02:22:11.197+0000][7][gc,age      ] GC(74) - age   6:     310312 bytes,    7646672 total
[2023-10-31T02:22:11.197+0000][7][gc,age      ] GC(74) - age   7:     359400 bytes,    8006072 total
[2023-10-31T02:22:11.197+0000][7][gc,age      ] GC(74) - age   8:     381000 bytes,    8387072 total
[2023-10-31T02:22:11.198+0000][7][gc,age      ] GC(74) - age   9:     290040 bytes,    8677112 total
[2023-10-31T02:22:11.198+0000][7][gc,age      ] GC(74) - age  10:     315336 bytes,    8992448 total
[2023-10-31T02:22:11.198+0000][7][gc,age      ] GC(74) - age  11:     726320 bytes,    9718768 total
[2023-10-31T02:22:11.198+0000][7][gc,age      ] GC(74) - age  12:     234944 bytes,    9953712 total
[2023-10-31T02:22:11.198+0000][7][gc,age      ] GC(74) - age  13:     239128 bytes,   10192840 total
[2023-10-31T02:22:11.198+0000][7][gc,age      ] GC(74) - age  14:     269552 bytes,   10462392 total
[2023-10-31T02:22:11.198+0000][7][gc,age      ] GC(74) - age  15:     314344 bytes,   10776736 total
[2023-10-31T02:22:11.198+0000][7][gc,phases   ] GC(74)   Pre Evacuate Collection Set: 0.1ms
[2023-10-31T02:22:11.198+0000][7][gc,phases   ] GC(74)   Merge Heap Roots: 0.1ms
[2023-10-31T02:22:11.198+0000][7][gc,phases   ] GC(74)   Evacuate Collection Set: 8.6ms
[2023-10-31T02:22:11.198+0000][7][gc,phases   ] GC(74)   Post Evacuate Collection Set: 0.5ms
[2023-10-31T02:22:11.198+0000][7][gc,phases   ] GC(74)   Other: 0.3ms
[2023-10-31T02:22:11.198+0000][7][gc,heap     ] GC(74) Eden regions: 69->0(69)
[2023-10-31T02:22:11.198+0000][7][gc,heap     ] GC(74) Survivor regions: 3->3(9)
[2023-10-31T02:22:11.198+0000][7][gc,heap     ] GC(74) Old regions: 26->26
[2023-10-31T02:22:11.198+0000][7][gc,heap     ] GC(74) Archive regions: 2->2
[2023-10-31T02:22:11.198+0000][7][gc,heap     ] GC(74) Humongous regions: 5->5
[2023-10-31T02:22:11.198+0000][7][gc,metaspace] GC(74) Metaspace: 117966K(119744K)->117966K(119744K) NonClass: 102201K(103232K)->102201K(103232K) Class: 15764K(16512K)->15764K(16512K)
[2023-10-31T02:22:11.198+0000][7][gc          ] GC(74) Pause Young (Normal) (G1 Evacuation Pause) 410M->135M(512M) 9.673ms
[2023-10-31T02:22:11.198+0000][7][gc,cpu      ] GC(74) User=0.02s Sys=0.00s Real=0.01s
[2023-10-31T02:22:11.198+0000][7][safepoint   ] Safepoint "G1CollectForAllocation", Time since last: 2542736288 ns, Reaching safepoint: 50188 ns, At safepoint: 9763433 ns, Total: 9813621 ns
[2023-10-31T02:22:12.198+0000][7][safepoint   ] Safepoint "Cleanup", Time since last: 1000099579 ns, Reaching safepoint: 69108 ns, At safepoint: 4336 ns, Total: 73444 ns
[2023-10-31T02:22:14.198+0000][7][safepoint   ] Safepoint "Cleanup", Time since last: 2000436108 ns, Reaching safepoint: 102416 ns, At safepoint: 10432 ns, Total: 112848 ns
[2023-10-31T02:22:15.199+0000][7][safepoint   ] Safepoint "Cleanup", Time since last: 1000250388 ns, Reaching safepoint: 76979 ns, At safepoint: 7301 ns, Total: 84280 ns
[2023-10-31T02:22:16.199+0000][7][safepoint   ] Safepoint "Cleanup", Time since last: 1000341161 ns, Reaching safepoint: 62199 ns, At safepoint: 4751 ns, Total: 66950 ns
[2023-10-31T02:22:18.200+0000][7][safepoint   ] Safepoint "Cleanup", Time since last: 2000161612 ns, Reaching safepoint: 146929 ns, At safepoint: 12809 ns, Total: 159738 ns
[2023-10-31T02:22:19.200+0000][7][safepoint   ] Safepoint "Cleanup", Time since last: 1000131224 ns, Reaching safepoint: 114784 ns, At safepoint: 15508 ns, Total: 130292 ns
[2023-10-31T02:22:20.200+0000][7][safepoint   ] Safepoint "Cleanup", Time since last: 1000148083 ns, Reaching safepoint: 62375 ns, At safepoint: 4183 ns, Total: 66558 ns
[2023-10-31T02:22:21.200+0000][7][safepoint   ] Safepoint "Cleanup", Time since last: 1000142924 ns, Reaching safepoint: 73617 ns, At safepoint: 5920 ns, Total: 79537 ns
[2023-10-31T02:22:23.201+0000][7][safepoint   ] Safepoint "Cleanup", Time since last: 2000412761 ns, Reaching safepoint: 60646 ns, At safepoint: 29230 ns, Total: 89876 ns
[2023-10-31T02:22:24.201+0000][7][safepoint   ] Safepoint "Cleanup", Time since last: 1000096345 ns, Reaching safepoint: 54378 ns, At safepoint: 5986 ns, Total: 60364 ns
[2023-10-31T02:22:26.201+0000][7][safepoint   ] Safepoint "Cleanup", Time since last: 2000177359 ns, Reaching safepoint: 27064 ns, At safepoint: 3277 ns, Total: 30341 ns
[2023-10-31T02:22:26.819+0000][7][gc,start    ] GC(75) Pause Young (Normal) (G1 Evacuation Pause)
[2023-10-31T02:22:26.819+0000][7][gc,task     ] GC(75) Using 8 workers of 8 for evacuation
[2023-10-31T02:22:26.819+0000][7][gc,age      ] GC(75) Desired survivor size 18874368 bytes, new threshold 15 (max threshold 15)
[2023-10-31T02:22:26.827+0000][7][gc,age      ] GC(75) Age table with threshold 15 (max threshold 15)
[2023-10-31T02:22:26.827+0000][7][gc,age      ] GC(75) - age   1:    3833152 bytes,    3833152 total
[2023-10-31T02:22:26.827+0000][7][gc,age      ] GC(75) - age   2:     788896 bytes,    4622048 total
[2023-10-31T02:22:26.827+0000][7][gc,age      ] GC(75) - age   3:    1415344 bytes,    6037392 total
[2023-10-31T02:22:26.827+0000][7][gc,age      ] GC(75) - age   4:     910144 bytes,    6947536 total
[2023-10-31T02:22:26.827+0000][7][gc,age      ] GC(75) - age   5:     597640 bytes,    7545176 total
[2023-10-31T02:22:26.827+0000][7][gc,age      ] GC(75) - age   6:     768832 bytes,    8314008 total
[2023-10-31T02:22:26.827+0000][7][gc,age      ] GC(75) - age   7:     310144 bytes,    8624152 total
[2023-10-31T02:22:26.827+0000][7][gc,age      ] GC(75) - age   8:     358512 bytes,    8982664 total
[2023-10-31T02:22:26.827+0000][7][gc,age      ] GC(75) - age   9:     380920 bytes,    9363584 total
[2023-10-31T02:22:26.827+0000][7][gc,age      ] GC(75) - age  10:     289976 bytes,    9653560 total
[2023-10-31T02:22:26.827+0000][7][gc,age      ] GC(75) - age  11:     315336 bytes,    9968896 total
[2023-10-31T02:22:26.827+0000][7][gc,age      ] GC(75) - age  12:     726256 bytes,   10695152 total
[2023-10-31T02:22:26.827+0000][7][gc,age      ] GC(75) - age  13:     234944 bytes,   10930096 total
[2023-10-31T02:22:26.827+0000][7][gc,age      ] GC(75) - age  14:     239128 bytes,   11169224 total
[2023-10-31T02:22:26.827+0000][7][gc,age      ] GC(75) - age  15:     269552 bytes,   11438776 total
[2023-10-31T02:22:26.827+0000][7][gc,phases   ] GC(75)   Pre Evacuate Collection Set: 0.1ms
[2023-10-31T02:22:26.827+0000][7][gc,phases   ] GC(75)   Merge Heap Roots: 0.0ms
[2023-10-31T02:22:26.827+0000][7][gc,phases   ] GC(75)   Evacuate Collection Set: 7.4ms
[2023-10-31T02:22:26.827+0000][7][gc,phases   ] GC(75)   Post Evacuate Collection Set: 0.6ms
[2023-10-31T02:22:26.827+0000][7][gc,phases   ] GC(75)   Other: 0.3ms
[2023-10-31T02:22:26.827+0000][7][gc,heap     ] GC(75) Eden regions: 69->0(69)
[2023-10-31T02:22:26.827+0000][7][gc,heap     ] GC(75) Survivor regions: 3->3(9)
[2023-10-31T02:22:26.827+0000][7][gc,heap     ] GC(75) Old regions: 26->26
[2023-10-31T02:22:26.827+0000][7][gc,heap     ] GC(75) Archive regions: 2->2
[2023-10-31T02:22:26.827+0000][7][gc,heap     ] GC(75) Humongous regions: 5->5
[2023-10-31T02:22:26.827+0000][7][gc,metaspace] GC(75) Metaspace: 117992K(119744K)->117992K(119744K) NonClass: 102227K(103232K)->102227K(103232K) Class: 15764K(16512K)->15764K(16512K)
[2023-10-31T02:22:26.827+0000][7][gc          ] GC(75) Pause Young (Normal) (G1 Evacuation Pause) 411M->136M(512M) 8.423ms
[2023-10-31T02:22:26.827+0000][7][gc,cpu      ] GC(75) User=0.02s Sys=0.01s Real=0.01s
[2023-10-31T02:22:26.828+0000][7][safepoint   ] Safepoint "G1CollectForAllocation", Time since last: 617824261 ns, Reaching safepoint: 124736 ns, At safepoint: 8488098 ns, Total: 8612834 ns
[2023-10-31T02:22:28.539+0000][7][safepoint   ] Safepoint "Cleanup", Time since last: 1711179005 ns, Reaching safepoint: 220248 ns, At safepoint: 8615 ns, Total: 228863 ns
[2023-10-31T02:22:29.539+0000][7][safepoint   ] Safepoint "Cleanup", Time since last: 1000089952 ns, Reaching safepoint: 42804 ns, At safepoint: 34593 ns, Total: 77397 ns
[2023-10-31T02:22:30.539+0000][7][safepoint   ] Safepoint "Cleanup", Time since last: 1000106091 ns, Reaching safepoint: 101669 ns, At safepoint: 6972 ns, Total: 108641 ns
[2023-10-31T02:22:31.540+0000][7][safepoint   ] Safepoint "Cleanup", Time since last: 1000154372 ns, Reaching safepoint: 81065 ns, At safepoint: 7428 ns, Total: 88493 ns
[2023-10-31T02:22:32.540+0000][7][safepoint   ] Safepoint "Cleanup", Time since last: 1000262829 ns, Reaching safepoint: 196489 ns, At safepoint: 7682 ns, Total: 204171 ns
[2023-10-31T02:22:33.540+0000][7][safepoint   ] Safepoint "Cleanup", Time since last: 1000109770 ns, Reaching safepoint: 151306 ns, At safepoint: 6919 ns, Total: 158225 ns
[2023-10-31T02:22:34.541+0000][7][safepoint   ] Safepoint "Cleanup", Time since last: 1000368258 ns, Reaching safepoint: 150881 ns, At safepoint: 21949 ns, Total: 172830 ns
[2023-10-31T02:22:35.541+0000][7][safepoint   ] Safepoint "Cleanup", Time since last: 1000148683 ns, Reaching safepoint: 158006 ns, At safepoint: 29489 ns, Total: 187495 ns
[2023-10-31T02:22:36.541+0000][7][safepoint   ] Safepoint "Cleanup", Time since last: 1000098876 ns, Reaching safepoint: 48404 ns, At safepoint: 6426 ns, Total: 54830 ns
[2023-10-31T02:22:38.542+0000][7][safepoint   ] Safepoint "Cleanup", Time since last: 2000457099 ns, Reaching safepoint: 51254 ns, At safepoint: 36216 ns, Total: 87470 ns
[2023-10-31T02:22:40.542+0000][7][safepoint   ] Safepoint "Cleanup", Time since last: 2000202087 ns, Reaching safepoint: 159002 ns, At safepoint: 9106 ns, Total: 168108 ns
[2023-10-31T02:22:41.542+0000][7][safepoint   ] Safepoint "Cleanup", Time since last: 1000109471 ns, Reaching safepoint: 72713 ns, At safepoint: 7791 ns, Total: 80504 ns
[2023-10-31T02:22:41.861+0000][7][gc,start    ] GC(76) Pause Young (Normal) (G1 Evacuation Pause)
[2023-10-31T02:22:41.861+0000][7][gc,task     ] GC(76) Using 8 workers of 8 for evacuation
[2023-10-31T02:22:41.861+0000][7][gc,age      ] GC(76) Desired survivor size 18874368 bytes, new threshold 15 (max threshold 15)
[2023-10-31T02:22:41.867+0000][7][gc,age      ] GC(76) Age table with threshold 15 (max threshold 15)
[2023-10-31T02:22:41.867+0000][7][gc,age      ] GC(76) - age   1:    3857016 bytes,    3857016 total
[2023-10-31T02:22:41.867+0000][7][gc,age      ] GC(76) - age   2:    1861744 bytes,    5718760 total
[2023-10-31T02:22:41.867+0000][7][gc,age      ] GC(76) - age   3:     785600 bytes,    6504360 total
[2023-10-31T02:22:41.867+0000][7][gc,age      ] GC(76) - age   4:    1399784 bytes,    7904144 total
[2023-10-31T02:22:41.867+0000][7][gc,age      ] GC(76) - age   5:     647728 bytes,    8551872 total
[2023-10-31T02:22:41.867+0000][7][gc,age      ] GC(76) - age   6:     596384 bytes,    9148256 total
[2023-10-31T02:22:41.867+0000][7][gc,age      ] GC(76) - age   7:     768832 bytes,    9917088 total
[2023-10-31T02:22:41.867+0000][7][gc,age      ] GC(76) - age   8:     310144 bytes,   10227232 total
[2023-10-31T02:22:41.867+0000][7][gc,age      ] GC(76) - age   9:     358448 bytes,   10585680 total
[2023-10-31T02:22:41.867+0000][7][gc,age      ] GC(76) - age  10:     380920 bytes,   10966600 total
[2023-10-31T02:22:41.867+0000][7][gc,age      ] GC(76) - age  11:     289856 bytes,   11256456 total
[2023-10-31T02:22:41.867+0000][7][gc,age      ] GC(76) - age  12:     315336 bytes,   11571792 total
[2023-10-31T02:22:41.867+0000][7][gc,age      ] GC(76) - age  13:     726256 bytes,   12298048 total
[2023-10-31T02:22:41.867+0000][7][gc,age      ] GC(76) - age  14:     234944 bytes,   12532992 total
[2023-10-31T02:22:41.867+0000][7][gc,age      ] GC(76) - age  15:     239128 bytes,   12772120 total
[2023-10-31T02:22:41.867+0000][7][gc,phases   ] GC(76)   Pre Evacuate Collection Set: 0.1ms
[2023-10-31T02:22:41.867+0000][7][gc,phases   ] GC(76)   Merge Heap Roots: 0.0ms
[2023-10-31T02:22:41.867+0000][7][gc,phases   ] GC(76)   Evacuate Collection Set: 5.5ms
[2023-10-31T02:22:41.867+0000][7][gc,phases   ] GC(76)   Post Evacuate Collection Set: 0.5ms
[2023-10-31T02:22:41.867+0000][7][gc,phases   ] GC(76)   Other: 0.2ms
[2023-10-31T02:22:41.867+0000][7][gc,heap     ] GC(76) Eden regions: 69->0(67)
[2023-10-31T02:22:41.867+0000][7][gc,heap     ] GC(76) Survivor regions: 3->4(9)
[2023-10-31T02:22:41.867+0000][7][gc,heap     ] GC(76) Old regions: 26->26
[2023-10-31T02:22:41.867+0000][7][gc,heap     ] GC(76) Archive regions: 2->2
[2023-10-31T02:22:41.867+0000][7][gc,heap     ] GC(76) Humongous regions: 5->5
[2023-10-31T02:22:41.867+0000][7][gc,metaspace] GC(76) Metaspace: 118008K(119744K)->118008K(119744K) NonClass: 102243K(103232K)->102243K(103232K) Class: 15765K(16512K)->15765K(16512K)
[2023-10-31T02:22:41.867+0000][7][gc          ] GC(76) Pause Young (Normal) (G1 Evacuation Pause) 412M->138M(512M) 6.434ms
[2023-10-31T02:22:41.867+0000][7][gc,cpu      ] GC(76) User=0.02s Sys=0.00s Real=0.01s
[2023-10-31T02:22:41.867+0000][7][safepoint   ] Safepoint "G1CollectForAllocation", Time since last: 318430324 ns, Reaching safepoint: 43883 ns, At safepoint: 6515279 ns, Total: 6559162 ns
[2023-10-31T02:22:43.868+0000][7][safepoint   ] Safepoint "Cleanup", Time since last: 2000163564 ns, Reaching safepoint: 61655 ns, At safepoint: 3978 ns, Total: 65633 ns
[2023-10-31T02:22:44.868+0000][7][safepoint   ] Safepoint "Cleanup", Time since last: 1000220999 ns, Reaching safepoint: 156876 ns, At safepoint: 6253 ns, Total: 163129 ns
[2023-10-31T02:22:45.868+0000][7][safepoint   ] Safepoint "Cleanup", Time since last: 1000087484 ns, Reaching safepoint: 50742 ns, At safepoint: 2772 ns, Total: 53514 ns
[2023-10-31T02:22:47.869+0000][7][safepoint   ] Safepoint "Cleanup", Time since last: 2000629171 ns, Reaching safepoint: 38650 ns, At safepoint: 4062 ns, Total: 42712 ns
[2023-10-31T02:22:48.869+0000][7][safepoint   ] Safepoint "Cleanup", Time since last: 1000253568 ns, Reaching safepoint: 62745 ns, At safepoint: 6035 ns, Total: 68780 ns
[2023-10-31T02:22:49.869+0000][7][safepoint   ] Safepoint "Cleanup", Time since last: 1000144348 ns, Reaching safepoint: 71287 ns, At safepoint: 9951 ns, Total: 81238 ns
[2023-10-31T02:22:50.870+0000][7][safepoint   ] Safepoint "Cleanup", Time since last: 1000200078 ns, Reaching safepoint: 118210 ns, At safepoint: 7909 ns, Total: 126119 ns
[2023-10-31T02:22:51.870+0000][7][safepoint   ] Safepoint "Cleanup", Time since last: 1000161072 ns, Reaching safepoint: 40710 ns, At safepoint: 4842 ns, Total: 45552 ns
[2023-10-31T02:22:52.870+0000][7][safepoint   ] Safepoint "Cleanup", Time since last: 1000102069 ns, Reaching safepoint: 72935 ns, At safepoint: 18331 ns, Total: 91266 ns
[2023-10-31T02:22:53.870+0000][7][safepoint   ] Safepoint "Cleanup", Time since last: 1000083243 ns, Reaching safepoint: 33063 ns, At safepoint: 3815 ns, Total: 36878 ns
[2023-10-31T02:22:55.870+0000][7][safepoint   ] Safepoint "Cleanup", Time since last: 2000229711 ns, Reaching safepoint: 31708 ns, At safepoint: 4696 ns, Total: 36404 ns
[2023-10-31T02:22:56.871+0000][7][safepoint   ] Safepoint "Cleanup", Time since last: 1000105040 ns, Reaching safepoint: 61399 ns, At safepoint: 9056 ns, Total: 70455 ns
[2023-10-31T02:22:57.104+0000][7][gc,start    ] GC(77) Pause Young (Normal) (G1 Evacuation Pause)
[2023-10-31T02:22:57.104+0000][7][gc,task     ] GC(77) Using 8 workers of 8 for evacuation
[2023-10-31T02:22:57.104+0000][7][gc,age      ] GC(77) Desired survivor size 18874368 bytes, new threshold 15 (max threshold 15)
[2023-10-31T02:22:57.109+0000][7][gc,age      ] GC(77) Age table with threshold 15 (max threshold 15)
[2023-10-31T02:22:57.109+0000][7][gc,age      ] GC(77) - age   1:    1230464 bytes,    1230464 total
[2023-10-31T02:22:57.109+0000][7][gc,age      ] GC(77) - age   2:    3216432 bytes,    4446896 total
[2023-10-31T02:22:57.109+0000][7][gc,age      ] GC(77) - age   3:    1848624 bytes,    6295520 total
[2023-10-31T02:22:57.109+0000][7][gc,age      ] GC(77) - age   4:     785216 bytes,    7080736 total
[2023-10-31T02:22:57.109+0000][7][gc,age      ] GC(77) - age   5:    1399176 bytes,    8479912 total
[2023-10-31T02:22:57.109+0000][7][gc,age      ] GC(77) - age   6:     647664 bytes,    9127576 total
[2023-10-31T02:22:57.109+0000][7][gc,age      ] GC(77) - age   7:     596320 bytes,    9723896 total
[2023-10-31T02:22:57.109+0000][7][gc,age      ] GC(77) - age   8:     768832 bytes,   10492728 total
[2023-10-31T02:22:57.109+0000][7][gc,age      ] GC(77) - age   9:     310008 bytes,   10802736 total
[2023-10-31T02:22:57.109+0000][7][gc,age      ] GC(77) - age  10:     358448 bytes,   11161184 total
[2023-10-31T02:22:57.109+0000][7][gc,age      ] GC(77) - age  11:     302864 bytes,   11464048 total
[2023-10-31T02:22:57.109+0000][7][gc,age      ] GC(77) - age  12:     289856 bytes,   11753904 total
[2023-10-31T02:22:57.109+0000][7][gc,age      ] GC(77) - age  13:     315336 bytes,   12069240 total
[2023-10-31T02:22:57.109+0000][7][gc,age      ] GC(77) - age  14:     726256 bytes,   12795496 total
[2023-10-31T02:22:57.109+0000][7][gc,age      ] GC(77) - age  15:     234944 bytes,   13030440 total
[2023-10-31T02:22:57.109+0000][7][gc,phases   ] GC(77)   Pre Evacuate Collection Set: 0.1ms
[2023-10-31T02:22:57.109+0000][7][gc,phases   ] GC(77)   Merge Heap Roots: 0.0ms
[2023-10-31T02:22:57.109+0000][7][gc,phases   ] GC(77)   Evacuate Collection Set: 4.0ms
[2023-10-31T02:22:57.109+0000][7][gc,phases   ] GC(77)   Post Evacuate Collection Set: 0.5ms
[2023-10-31T02:22:57.109+0000][7][gc,phases   ] GC(77)   Other: 0.3ms
[2023-10-31T02:22:57.109+0000][7][gc,heap     ] GC(77) Eden regions: 67->0(67)
[2023-10-31T02:22:57.109+0000][7][gc,heap     ] GC(77) Survivor regions: 4->4(9)
[2023-10-31T02:22:57.109+0000][7][gc,heap     ] GC(77) Old regions: 26->26
[2023-10-31T02:22:57.109+0000][7][gc,heap     ] GC(77) Archive regions: 2->2
[2023-10-31T02:22:57.109+0000][7][gc,heap     ] GC(77) Humongous regions: 5->5
[2023-10-31T02:22:57.109+0000][7][gc,metaspace] GC(77) Metaspace: 118033K(119872K)->118033K(119872K) NonClass: 102267K(103360K)->102267K(103360K) Class: 15766K(16512K)->15766K(16512K)
[2023-10-31T02:22:57.109+0000][7][gc          ] GC(77) Pause Young (Normal) (G1 Evacuation Pause) 406M->138M(512M) 5.119ms
[2023-10-31T02:22:57.109+0000][7][gc,cpu      ] GC(77) User=0.03s Sys=0.00s Real=0.01s
[2023-10-31T02:22:57.109+0000][7][safepoint   ] Safepoint "G1CollectForAllocation", Time since last: 233198477 ns, Reaching safepoint: 96861 ns, At safepoint: 5233472 ns, Total: 5330333 ns
[2023-10-31T02:22:59.109+0000][7][safepoint   ] Safepoint "Cleanup", Time since last: 2000192651 ns, Reaching safepoint: 65869 ns, At safepoint: 4398 ns, Total: 70267 ns
[2023-10-31T02:23:00.110+0000][7][safepoint   ] Safepoint "Cleanup", Time since last: 1000232998 ns, Reaching safepoint: 37222 ns, At safepoint: 6042 ns, Total: 43264 ns
[2023-10-31T02:23:01.110+0000][7][safepoint   ] Safepoint "Cleanup", Time since last: 1000126400 ns, Reaching safepoint: 81627 ns, At safepoint: 3910 ns, Total: 85537 ns
[2023-10-31T02:23:03.110+0000][7][safepoint   ] Safepoint "Cleanup", Time since last: 2000417958 ns, Reaching safepoint: 28885 ns, At safepoint: 26527 ns, Total: 55412 ns
[2023-10-31T02:23:04.111+0000][7][safepoint   ] Safepoint "Cleanup", Time since last: 1000088834 ns, Reaching safepoint: 74866 ns, At safepoint: 6015 ns, Total: 80881 ns
[2023-10-31T02:23:06.111+0000][7][safepoint   ] Safepoint "Cleanup", Time since last: 2000461286 ns, Reaching safepoint: 149229 ns, At safepoint: 25134 ns, Total: 174363 ns
[2023-10-31T02:23:09.112+0000][7][safepoint   ] Safepoint "Cleanup", Time since last: 3000624392 ns, Reaching safepoint: 169056 ns, At safepoint: 3466 ns, Total: 172522 ns
[2023-10-31T02:23:11.112+0000][7][safepoint   ] Safepoint "Cleanup", Time since last: 2000376124 ns, Reaching safepoint: 29917 ns, At safepoint: 5072 ns, Total: 34989 ns
[2023-10-31T02:23:12.113+0000][7][safepoint   ] Safepoint "Cleanup", Time since last: 1000130281 ns, Reaching safepoint: 58394 ns, At safepoint: 5556 ns, Total: 63950 ns
[2023-10-31T02:23:13.936+0000][7][gc,start    ] GC(78) Pause Young (Normal) (G1 Evacuation Pause)
[2023-10-31T02:23:13.936+0000][7][gc,task     ] GC(78) Using 8 workers of 8 for evacuation
[2023-10-31T02:23:13.936+0000][7][gc,age      ] GC(78) Desired survivor size 18874368 bytes, new threshold 15 (max threshold 15)
[2023-10-31T02:23:13.944+0000][7][gc,age      ] GC(78) Age table with threshold 15 (max threshold 15)
[2023-10-31T02:23:13.944+0000][7][gc,age      ] GC(78) - age   1:    2540008 bytes,    2540008 total
[2023-10-31T02:23:13.944+0000][7][gc,age      ] GC(78) - age   2:     794136 bytes,    3334144 total
[2023-10-31T02:23:13.944+0000][7][gc,age      ] GC(78) - age   3:    2057760 bytes,    5391904 total
[2023-10-31T02:23:13.944+0000][7][gc,age      ] GC(78) - age   4:    1848240 bytes,    7240144 total
[2023-10-31T02:23:13.944+0000][7][gc,age      ] GC(78) - age   5:     635992 bytes,    7876136 total
[2023-10-31T02:23:13.944+0000][7][gc,age      ] GC(78) - age   6:    1398792 bytes,    9274928 total
[2023-10-31T02:23:13.944+0000][7][gc,age      ] GC(78) - age   7:     647280 bytes,    9922208 total
[2023-10-31T02:23:13.944+0000][7][gc,age      ] GC(78) - age   8:     596320 bytes,   10518528 total
[2023-10-31T02:23:13.944+0000][7][gc,age      ] GC(78) - age   9:     361104 bytes,   10879632 total
[2023-10-31T02:23:13.944+0000][7][gc,age      ] GC(78) - age  10:     310008 bytes,   11189640 total
[2023-10-31T02:23:13.944+0000][7][gc,age      ] GC(78) - age  11:     358384 bytes,   11548024 total
[2023-10-31T02:23:13.944+0000][7][gc,age      ] GC(78) - age  12:     302864 bytes,   11850888 total
[2023-10-31T02:23:13.944+0000][7][gc,age      ] GC(78) - age  13:     289856 bytes,   12140744 total
[2023-10-31T02:23:13.944+0000][7][gc,age      ] GC(78) - age  14:     315336 bytes,   12456080 total
[2023-10-31T02:23:13.944+0000][7][gc,age      ] GC(78) - age  15:     726256 bytes,   13182336 total
[2023-10-31T02:23:13.944+0000][7][gc,phases   ] GC(78)   Pre Evacuate Collection Set: 0.1ms
[2023-10-31T02:23:13.944+0000][7][gc,phases   ] GC(78)   Merge Heap Roots: 0.0ms
[2023-10-31T02:23:13.944+0000][7][gc,phases   ] GC(78)   Evacuate Collection Set: 7.3ms
[2023-10-31T02:23:13.944+0000][7][gc,phases   ] GC(78)   Post Evacuate Collection Set: 0.4ms
[2023-10-31T02:23:13.944+0000][7][gc,phases   ] GC(78)   Other: 0.3ms
[2023-10-31T02:23:13.944+0000][7][gc,heap     ] GC(78) Eden regions: 67->0(67)
[2023-10-31T02:23:13.944+0000][7][gc,heap     ] GC(78) Survivor regions: 4->4(9)
[2023-10-31T02:23:13.944+0000][7][gc,heap     ] GC(78) Old regions: 26->26
[2023-10-31T02:23:13.944+0000][7][gc,heap     ] GC(78) Archive regions: 2->2
[2023-10-31T02:23:13.944+0000][7][gc,heap     ] GC(78) Humongous regions: 5->5
[2023-10-31T02:23:13.944+0000][7][gc,metaspace] GC(78) Metaspace: 118038K(119872K)->118038K(119872K) NonClass: 102271K(103360K)->102271K(103360K) Class: 15766K(16512K)->15766K(16512K)
[2023-10-31T02:23:13.944+0000][7][gc          ] GC(78) Pause Young (Normal) (G1 Evacuation Pause) 406M->139M(512M) 8.197ms
[2023-10-31T02:23:13.944+0000][7][gc,cpu      ] GC(78) User=0.02s Sys=0.01s Real=0.01s
[2023-10-31T02:23:13.944+0000][7][safepoint   ] Safepoint "G1CollectForAllocation", Time since last: 1822958372 ns, Reaching safepoint: 155659 ns, At safepoint: 8266581 ns, Total: 8422240 ns
[2023-10-31T02:23:14.945+0000][7][safepoint   ] Safepoint "Cleanup", Time since last: 1000352104 ns, Reaching safepoint: 113872 ns, At safepoint: 26737 ns, Total: 140609 ns
[2023-10-31T02:23:15.945+0000][7][safepoint   ] Safepoint "Cleanup", Time since last: 1000123743 ns, Reaching safepoint: 151765 ns, At safepoint: 5978 ns, Total: 157743 ns
[2023-10-31T02:23:17.945+0000][7][safepoint   ] Safepoint "Cleanup", Time since last: 2000589029 ns, Reaching safepoint: 84572 ns, At safepoint: 13432 ns, Total: 98004 ns
[2023-10-31T02:23:18.946+0000][7][safepoint   ] Safepoint "Cleanup", Time since last: 1000358563 ns, Reaching safepoint: 81737 ns, At safepoint: 22463 ns, Total: 104200 ns
[2023-10-31T02:23:19.946+0000][7][safepoint   ] Safepoint "Cleanup", Time since last: 1000176579 ns, Reaching safepoint: 128642 ns, At safepoint: 7213 ns, Total: 135855 ns
[2023-10-31T02:23:20.946+0000][7][safepoint   ] Safepoint "Cleanup", Time since last: 1000101671 ns, Reaching safepoint: 67591 ns, At safepoint: 3606 ns, Total: 71197 ns
[2023-10-31T02:23:22.947+0000][7][safepoint   ] Safepoint "Cleanup", Time since last: 2000116336 ns, Reaching safepoint: 63283 ns, At safepoint: 28183 ns, Total: 91466 ns
[2023-10-31T02:23:23.947+0000][7][safepoint   ] Safepoint "Cleanup", Time since last: 1000290611 ns, Reaching safepoint: 46453 ns, At safepoint: 34126 ns, Total: 80579 ns
[2023-10-31T02:23:25.948+0000][7][safepoint   ] Safepoint "Cleanup", Time since last: 2000423065 ns, Reaching safepoint: 120459 ns, At safepoint: 5355 ns, Total: 125814 ns
[2023-10-31T02:23:26.948+0000][7][safepoint   ] Safepoint "Cleanup", Time since last: 1000134518 ns, Reaching safepoint: 71632 ns, At safepoint: 4181 ns, Total: 75813 ns
[2023-10-31T02:23:28.948+0000][7][safepoint   ] Safepoint "Cleanup", Time since last: 2000380452 ns, Reaching safepoint: 148267 ns, At safepoint: 6344 ns, Total: 154611 ns
[2023-10-31T02:23:29.252+0000][7][gc,start    ] GC(79) Pause Young (Normal) (G1 Evacuation Pause)
[2023-10-31T02:23:29.252+0000][7][gc,task     ] GC(79) Using 8 workers of 8 for evacuation
[2023-10-31T02:23:29.252+0000][7][gc,age      ] GC(79) Desired survivor size 18874368 bytes, new threshold 15 (max threshold 15)
[2023-10-31T02:23:29.257+0000][7][gc,age      ] GC(79) Age table with threshold 15 (max threshold 15)
[2023-10-31T02:23:29.257+0000][7][gc,age      ] GC(79) - age   1:    2041120 bytes,    2041120 total
[2023-10-31T02:23:29.257+0000][7][gc,age      ] GC(79) - age   2:    2480424 bytes,    4521544 total
[2023-10-31T02:23:29.257+0000][7][gc,age      ] GC(79) - age   3:     618280 bytes,    5139824 total
[2023-10-31T02:23:29.257+0000][7][gc,age      ] GC(79) - age   4:    2057312 bytes,    7197136 total
[2023-10-31T02:23:29.257+0000][7][gc,age      ] GC(79) - age   5:    1847408 bytes,    9044544 total
[2023-10-31T02:23:29.257+0000][7][gc,age      ] GC(79) - age   6:     635512 bytes,    9680056 total
[2023-10-31T02:23:29.257+0000][7][gc,age      ] GC(79) - age   7:     559680 bytes,   10239736 total
[2023-10-31T02:23:29.257+0000][7][gc,age      ] GC(79) - age   8:     647232 bytes,   10886968 total
[2023-10-31T02:23:29.257+0000][7][gc,age      ] GC(79) - age   9:     596320 bytes,   11483288 total
[2023-10-31T02:23:29.257+0000][7][gc,age      ] GC(79) - age  10:     361104 bytes,   11844392 total
[2023-10-31T02:23:29.257+0000][7][gc,age      ] GC(79) - age  11:     306832 bytes,   12151224 total
[2023-10-31T02:23:29.257+0000][7][gc,age      ] GC(79) - age  12:     358120 bytes,   12509344 total
[2023-10-31T02:23:29.257+0000][7][gc,age      ] GC(79) - age  13:     302864 bytes,   12812208 total
[2023-10-31T02:23:29.257+0000][7][gc,age      ] GC(79) - age  14:     289856 bytes,   13102064 total
[2023-10-31T02:23:29.257+0000][7][gc,age      ] GC(79) - age  15:     315336 bytes,   13417400 total
[2023-10-31T02:23:29.257+0000][7][gc,phases   ] GC(79)   Pre Evacuate Collection Set: 0.1ms
[2023-10-31T02:23:29.257+0000][7][gc,phases   ] GC(79)   Merge Heap Roots: 0.0ms
[2023-10-31T02:23:29.257+0000][7][gc,phases   ] GC(79)   Evacuate Collection Set: 3.7ms
[2023-10-31T02:23:29.257+0000][7][gc,phases   ] GC(79)   Post Evacuate Collection Set: 0.6ms
[2023-10-31T02:23:29.257+0000][7][gc,phases   ] GC(79)   Other: 0.3ms
[2023-10-31T02:23:29.257+0000][7][gc,heap     ] GC(79) Eden regions: 67->0(67)
[2023-10-31T02:23:29.257+0000][7][gc,heap     ] GC(79) Survivor regions: 4->4(9)
[2023-10-31T02:23:29.257+0000][7][gc,heap     ] GC(79) Old regions: 26->26
[2023-10-31T02:23:29.257+0000][7][gc,heap     ] GC(79) Archive regions: 2->2
[2023-10-31T02:23:29.257+0000][7][gc,heap     ] GC(79) Humongous regions: 5->5
[2023-10-31T02:23:29.257+0000][7][gc,metaspace] GC(79) Metaspace: 118062K(119872K)->118062K(119872K) NonClass: 102294K(103360K)->102294K(103360K) Class: 15768K(16512K)->15768K(16512K)
[2023-10-31T02:23:29.257+0000][7][gc          ] GC(79) Pause Young (Normal) (G1 Evacuation Pause) 407M->140M(512M) 4.764ms
[2023-10-31T02:23:29.257+0000][7][gc,cpu      ] GC(79) User=0.03s Sys=0.00s Real=0.01s
[2023-10-31T02:23:29.257+0000][7][safepoint   ] Safepoint "G1CollectForAllocation", Time since last: 303928053 ns, Reaching safepoint: 53750 ns, At safepoint: 4831042 ns, Total: 4884792 ns
[2023-10-31T02:23:30.257+0000][7][safepoint   ] Safepoint "Cleanup", Time since last: 1000165830 ns, Reaching safepoint: 64707 ns, At safepoint: 4289 ns, Total: 68996 ns
[2023-10-31T02:23:31.258+0000][7][safepoint   ] Safepoint "Cleanup", Time since last: 1000171047 ns, Reaching safepoint: 162801 ns, At safepoint: 6570 ns, Total: 169371 ns
[2023-10-31T02:23:32.258+0000][7][safepoint   ] Safepoint "Cleanup", Time since last: 1000108796 ns, Reaching safepoint: 76582 ns, At safepoint: 6633 ns, Total: 83215 ns
[2023-10-31T02:23:34.258+0000][7][safepoint   ] Safepoint "Cleanup", Time since last: 2000491866 ns, Reaching safepoint: 56253 ns, At safepoint: 25690 ns, Total: 81943 ns
[2023-10-31T02:23:35.259+0000][7][safepoint   ] Safepoint "Cleanup", Time since last: 1000335500 ns, Reaching safepoint: 73262 ns, At safepoint: 8152 ns, Total: 81414 ns
[2023-10-31T02:23:36.259+0000][7][safepoint   ] Safepoint "Cleanup", Time since last: 1000345712 ns, Reaching safepoint: 79513 ns, At safepoint: 9008 ns, Total: 88521 ns
[2023-10-31T02:23:37.259+0000][7][safepoint   ] Safepoint "Cleanup", Time since last: 1000125784 ns, Reaching safepoint: 40327 ns, At safepoint: 6069 ns, Total: 46396 ns
[2023-10-31T02:23:38.260+0000][7][safepoint   ] Safepoint "Cleanup", Time since last: 1000263058 ns, Reaching safepoint: 200033 ns, At safepoint: 8574 ns, Total: 208607 ns
[2023-10-31T02:23:39.260+0000][7][safepoint   ] Safepoint "Cleanup", Time since last: 1000103422 ns, Reaching safepoint: 74912 ns, At safepoint: 3943 ns, Total: 78855 ns
[2023-10-31T02:23:40.261+0000][7][safepoint   ] Safepoint "Cleanup", Time since last: 1000324643 ns, Reaching safepoint: 93080 ns, At safepoint: 4393 ns, Total: 97473 ns
[2023-10-31T02:23:41.261+0000][7][safepoint   ] Safepoint "Cleanup", Time since last: 1000084965 ns, Reaching safepoint: 29432 ns, At safepoint: 4887 ns, Total: 34319 ns
[2023-10-31T02:23:42.261+0000][7][safepoint   ] Safepoint "Cleanup", Time since last: 1000282693 ns, Reaching safepoint: 87170 ns, At safepoint: 24133 ns, Total: 111303 ns
[2023-10-31T02:23:44.261+0000][7][safepoint   ] Safepoint "Cleanup", Time since last: 2000236445 ns, Reaching safepoint: 52918 ns, At safepoint: 6646 ns, Total: 59564 ns
[2023-10-31T02:23:45.262+0000][7][safepoint   ] Safepoint "Cleanup", Time since last: 1000156752 ns, Reaching safepoint: 52864 ns, At safepoint: 19987 ns, Total: 72851 ns
[2023-10-31T02:23:45.391+0000][7][gc,start    ] GC(80) Pause Young (Normal) (G1 Evacuation Pause)
[2023-10-31T02:23:45.391+0000][7][gc,task     ] GC(80) Using 8 workers of 8 for evacuation
[2023-10-31T02:23:45.391+0000][7][gc,age      ] GC(80) Desired survivor size 18874368 bytes, new threshold 15 (max threshold 15)
[2023-10-31T02:23:45.395+0000][7][gc,age      ] GC(80) Age table with threshold 15 (max threshold 15)
[2023-10-31T02:23:45.395+0000][7][gc,age      ] GC(80) - age   1:     855472 bytes,     855472 total
[2023-10-31T02:23:45.395+0000][7][gc,age      ] GC(80) - age   2:    1461952 bytes,    2317424 total
[2023-10-31T02:23:45.395+0000][7][gc,age      ] GC(80) - age   3:    2371992 bytes,    4689416 total
[2023-10-31T02:23:45.395+0000][7][gc,age      ] GC(80) - age   4:     529984 bytes,    5219400 total
[2023-10-31T02:23:45.395+0000][7][gc,age      ] GC(80) - age   5:    2056768 bytes,    7276168 total
[2023-10-31T02:23:45.395+0000][7][gc,age      ] GC(80) - age   6:    1847256 bytes,    9123424 total
[2023-10-31T02:23:45.395+0000][7][gc,age      ] GC(80) - age   7:     626944 bytes,    9750368 total
[2023-10-31T02:23:45.395+0000][7][gc,age      ] GC(80) - age   8:     559680 bytes,   10310048 total
[2023-10-31T02:23:45.395+0000][7][gc,age      ] GC(80) - age   9:     647168 bytes,   10957216 total
[2023-10-31T02:23:45.395+0000][7][gc,age      ] GC(80) - age  10:     596320 bytes,   11553536 total
[2023-10-31T02:23:45.395+0000][7][gc,age      ] GC(80) - age  11:     361104 bytes,   11914640 total
[2023-10-31T02:23:45.395+0000][7][gc,age      ] GC(80) - age  12:     306832 bytes,   12221472 total
[2023-10-31T02:23:45.395+0000][7][gc,age      ] GC(80) - age  13:     358120 bytes,   12579592 total
[2023-10-31T02:23:45.395+0000][7][gc,age      ] GC(80) - age  14:     302864 bytes,   12882456 total
[2023-10-31T02:23:45.395+0000][7][gc,age      ] GC(80) - age  15:     289856 bytes,   13172312 total
[2023-10-31T02:23:45.395+0000][7][gc,phases   ] GC(80)   Pre Evacuate Collection Set: 0.1ms
[2023-10-31T02:23:45.395+0000][7][gc,phases   ] GC(80)   Merge Heap Roots: 0.0ms
[2023-10-31T02:23:45.395+0000][7][gc,phases   ] GC(80)   Evacuate Collection Set: 3.5ms
[2023-10-31T02:23:45.395+0000][7][gc,phases   ] GC(80)   Post Evacuate Collection Set: 0.6ms
[2023-10-31T02:23:45.395+0000][7][gc,phases   ] GC(80)   Other: 0.3ms
[2023-10-31T02:23:45.395+0000][7][gc,heap     ] GC(80) Eden regions: 67->0(67)
[2023-10-31T02:23:45.395+0000][7][gc,heap     ] GC(80) Survivor regions: 4->4(9)
[2023-10-31T02:23:45.395+0000][7][gc,heap     ] GC(80) Old regions: 26->26
[2023-10-31T02:23:45.395+0000][7][gc,heap     ] GC(80) Archive regions: 2->2
[2023-10-31T02:23:45.395+0000][7][gc,heap     ] GC(80) Humongous regions: 5->5
[2023-10-31T02:23:45.395+0000][7][gc,metaspace] GC(80) Metaspace: 118092K(119872K)->118092K(119872K) NonClass: 102324K(103360K)->102324K(103360K) Class: 15768K(16512K)->15768K(16512K)
[2023-10-31T02:23:45.395+0000][7][gc          ] GC(80) Pause Young (Normal) (G1 Evacuation Pause) 408M->140M(512M) 4.546ms
[2023-10-31T02:23:45.395+0000][7][gc,cpu      ] GC(80) User=0.03s Sys=0.00s Real=0.00s
[2023-10-31T02:23:45.396+0000][7][safepoint   ] Safepoint "G1CollectForAllocation", Time since last: 129188103 ns, Reaching safepoint: 112278 ns, At safepoint: 4616780 ns, Total: 4729058 ns
[2023-10-31T02:23:46.396+0000][7][safepoint   ] Safepoint "Cleanup", Time since last: 1000116484 ns, Reaching safepoint: 96324 ns, At safepoint: 4577 ns, Total: 100901 ns
[2023-10-31T02:23:47.396+0000][7][safepoint   ] Safepoint "Cleanup", Time since last: 1000256749 ns, Reaching safepoint: 53258 ns, At safepoint: 5049 ns, Total: 58307 ns
[2023-10-31T02:23:48.396+0000][7][safepoint   ] Safepoint "Cleanup", Time since last: 1000260768 ns, Reaching safepoint: 190086 ns, At safepoint: 10206 ns, Total: 200292 ns
[2023-10-31T02:23:50.397+0000][7][safepoint   ] Safepoint "Cleanup", Time since last: 2000212129 ns, Reaching safepoint: 118614 ns, At safepoint: 21833 ns, Total: 140447 ns
[2023-10-31T02:23:51.397+0000][7][safepoint   ] Safepoint "Cleanup", Time since last: 1000178047 ns, Reaching safepoint: 70141 ns, At safepoint: 4033 ns, Total: 74174 ns
[2023-10-31T02:23:52.398+0000][7][safepoint   ] Safepoint "Cleanup", Time since last: 1000341811 ns, Reaching safepoint: 90814 ns, At safepoint: 9465 ns, Total: 100279 ns
[2023-10-31T02:23:53.398+0000][7][safepoint   ] Safepoint "Cleanup", Time since last: 1000161019 ns, Reaching safepoint: 34270 ns, At safepoint: 5642 ns, Total: 39912 ns
[2023-10-31T02:23:54.398+0000][7][safepoint   ] Safepoint "Cleanup", Time since last: 1000180214 ns, Reaching safepoint: 70326 ns, At safepoint: 139966 ns, Total: 210292 ns
[2023-10-31T02:23:56.399+0000][7][safepoint   ] Safepoint "Cleanup", Time since last: 2000312757 ns, Reaching safepoint: 78705 ns, At safepoint: 8179 ns, Total: 86884 ns
[2023-10-31T02:23:58.399+0000][7][safepoint   ] Safepoint "Cleanup", Time since last: 2000215780 ns, Reaching safepoint: 53533 ns, At safepoint: 5333 ns, Total: 58866 ns
[2023-10-31T02:23:59.399+0000][7][safepoint   ] Safepoint "Cleanup", Time since last: 1000119486 ns, Reaching safepoint: 31264 ns, At safepoint: 21273 ns, Total: 52537 ns
[2023-10-31T02:24:00.399+0000][7][safepoint   ] Safepoint "Cleanup", Time since last: 1000115106 ns, Reaching safepoint: 34266 ns, At safepoint: 3669 ns, Total: 37935 ns
[2023-10-31T02:24:01.399+0000][7][safepoint   ] Safepoint "Cleanup", Time since last: 1000162139 ns, Reaching safepoint: 167090 ns, At safepoint: 14103 ns, Total: 181193 ns
[2023-10-31T02:24:02.309+0000][7][gc,start    ] GC(81) Pause Young (Normal) (G1 Evacuation Pause)
[2023-10-31T02:24:02.309+0000][7][gc,task     ] GC(81) Using 8 workers of 8 for evacuation
[2023-10-31T02:24:02.309+0000][7][gc,age      ] GC(81) Desired survivor size 18874368 bytes, new threshold 15 (max threshold 15)
[2023-10-31T02:24:02.321+0000][7][gc,age      ] GC(81) Age table with threshold 15 (max threshold 15)
[2023-10-31T02:24:02.321+0000][7][gc,age      ] GC(81) - age   1:    3530888 bytes,    3530888 total
[2023-10-31T02:24:02.321+0000][7][gc,age      ] GC(81) - age   2:     714472 bytes,    4245360 total
[2023-10-31T02:24:02.321+0000][7][gc,age      ] GC(81) - age   3:    1449304 bytes,    5694664 total
[2023-10-31T02:24:02.321+0000][7][gc,age      ] GC(81) - age   4:    1912896 bytes,    7607560 total
[2023-10-31T02:24:02.321+0000][7][gc,age      ] GC(81) - age   5:     529496 bytes,    8137056 total
[2023-10-31T02:24:02.321+0000][7][gc,age      ] GC(81) - age   6:    2055064 bytes,   10192120 total
[2023-10-31T02:24:02.321+0000][7][gc,age      ] GC(81) - age   7:     667816 bytes,   10859936 total
[2023-10-31T02:24:02.321+0000][7][gc,age      ] GC(81) - age   8:     626944 bytes,   11486880 total
[2023-10-31T02:24:02.321+0000][7][gc,age      ] GC(81) - age   9:     559648 bytes,   12046528 total
[2023-10-31T02:24:02.321+0000][7][gc,age      ] GC(81) - age  10:     647168 bytes,   12693696 total
[2023-10-31T02:24:02.321+0000][7][gc,age      ] GC(81) - age  11:     596320 bytes,   13290016 total
[2023-10-31T02:24:02.321+0000][7][gc,age      ] GC(81) - age  12:     361104 bytes,   13651120 total
[2023-10-31T02:24:02.321+0000][7][gc,age      ] GC(81) - age  13:     306832 bytes,   13957952 total
[2023-10-31T02:24:02.321+0000][7][gc,age      ] GC(81) - age  14:     358120 bytes,   14316072 total
[2023-10-31T02:24:02.321+0000][7][gc,age      ] GC(81) - age  15:     302864 bytes,   14618936 total
[2023-10-31T02:24:02.321+0000][7][gc,phases   ] GC(81)   Pre Evacuate Collection Set: 0.1ms
[2023-10-31T02:24:02.321+0000][7][gc,phases   ] GC(81)   Merge Heap Roots: 0.0ms
[2023-10-31T02:24:02.321+0000][7][gc,phases   ] GC(81)   Evacuate Collection Set: 10.7ms
[2023-10-31T02:24:02.321+0000][7][gc,phases   ] GC(81)   Post Evacuate Collection Set: 0.6ms
[2023-10-31T02:24:02.321+0000][7][gc,phases   ] GC(81)   Other: 0.3ms
[2023-10-31T02:24:02.321+0000][7][gc,heap     ] GC(81) Eden regions: 67->0(67)
[2023-10-31T02:24:02.321+0000][7][gc,heap     ] GC(81) Survivor regions: 4->4(9)
[2023-10-31T02:24:02.321+0000][7][gc,heap     ] GC(81) Old regions: 26->26
[2023-10-31T02:24:02.321+0000][7][gc,heap     ] GC(81) Archive regions: 2->2
[2023-10-31T02:24:02.321+0000][7][gc,heap     ] GC(81) Humongous regions: 5->5
[2023-10-31T02:24:02.321+0000][7][gc,metaspace] GC(81) Metaspace: 118105K(119872K)->118105K(119872K) NonClass: 102337K(103360K)->102337K(103360K) Class: 15768K(16512K)->15768K(16512K)
[2023-10-31T02:24:02.321+0000][7][gc          ] GC(81) Pause Young (Normal) (G1 Evacuation Pause) 407M->141M(512M) 11.650ms
[2023-10-31T02:24:02.321+0000][7][gc,cpu      ] GC(81) User=0.03s Sys=0.00s Real=0.01s
[2023-10-31T02:24:02.321+0000][7][safepoint   ] Safepoint "G1CollectForAllocation", Time since last: 909772642 ns, Reaching safepoint: 49474 ns, At safepoint: 11719780 ns, Total: 11769254 ns
[2023-10-31T02:24:03.321+0000][7][safepoint   ] Safepoint "Cleanup", Time since last: 1000152378 ns, Reaching safepoint: 198654 ns, At safepoint: 8355 ns, Total: 207009 ns
[2023-10-31T02:24:05.322+0000][7][safepoint   ] Safepoint "Cleanup", Time since last: 2000245065 ns, Reaching safepoint: 73099 ns, At safepoint: 4120 ns, Total: 77219 ns
[2023-10-31T02:24:06.322+0000][7][safepoint   ] Safepoint "Cleanup", Time since last: 1000340474 ns, Reaching safepoint: 96968 ns, At safepoint: 6022 ns, Total: 102990 ns
[2023-10-31T02:24:08.323+0000][7][safepoint   ] Safepoint "Cleanup", Time since last: 2000275212 ns, Reaching safepoint: 94308 ns, At safepoint: 9692 ns, Total: 104000 ns
[2023-10-31T02:24:11.323+0000][7][safepoint   ] Safepoint "Cleanup", Time since last: 3000421732 ns, Reaching safepoint: 176178 ns, At safepoint: 32400 ns, Total: 208578 ns
[2023-10-31T02:24:13.323+0000][7][safepoint   ] Safepoint "Cleanup", Time since last: 2000165682 ns, Reaching safepoint: 56656 ns, At safepoint: 5191 ns, Total: 61847 ns
[2023-10-31T02:24:14.324+0000][7][safepoint   ] Safepoint "Cleanup", Time since last: 1000207324 ns, Reaching safepoint: 102145 ns, At safepoint: 4575 ns, Total: 106720 ns
[2023-10-31T02:24:15.324+0000][7][safepoint   ] Safepoint "Cleanup", Time since last: 1000162176 ns, Reaching safepoint: 81284 ns, At safepoint: 5267 ns, Total: 86551 ns
[2023-10-31T02:24:16.324+0000][7][safepoint   ] Safepoint "Cleanup", Time since last: 1000251561 ns, Reaching safepoint: 159451 ns, At safepoint: 6499 ns, Total: 165950 ns
[2023-10-31T02:24:17.325+0000][7][safepoint   ] Safepoint "Cleanup", Time since last: 1000126802 ns, Reaching safepoint: 53340 ns, At safepoint: 7878 ns, Total: 61218 ns
[2023-10-31T02:24:18.084+0000][7][gc,start    ] GC(82) Pause Young (Normal) (G1 Evacuation Pause)
[2023-10-31T02:24:18.085+0000][7][gc,task     ] GC(82) Using 8 workers of 8 for evacuation
[2023-10-31T02:24:18.085+0000][7][gc,age      ] GC(82) Desired survivor size 18874368 bytes, new threshold 15 (max threshold 15)
[2023-10-31T02:24:18.089+0000][7][gc,age      ] GC(82) Age table with threshold 15 (max threshold 15)
[2023-10-31T02:24:18.089+0000][7][gc,age      ] GC(82) - age   1:    1890952 bytes,    1890952 total
[2023-10-31T02:24:18.089+0000][7][gc,age      ] GC(82) - age   2:    2183480 bytes,    4074432 total
[2023-10-31T02:24:18.089+0000][7][gc,age      ] GC(82) - age   3:     475176 bytes,    4549608 total
[2023-10-31T02:24:18.089+0000][7][gc,age      ] GC(82) - age   4:    1322712 bytes,    5872320 total
[2023-10-31T02:24:18.089+0000][7][gc,age      ] GC(82) - age   5:    1912640 bytes,    7784960 total
[2023-10-31T02:24:18.089+0000][7][gc,age      ] GC(82) - age   6:     529304 bytes,    8314264 total
[2023-10-31T02:24:18.089+0000][7][gc,age      ] GC(82) - age   7:    2055000 bytes,   10369264 total
[2023-10-31T02:24:18.089+0000][7][gc,age      ] GC(82) - age   8:     667816 bytes,   11037080 total
[2023-10-31T02:24:18.089+0000][7][gc,age      ] GC(82) - age   9:     626880 bytes,   11663960 total
[2023-10-31T02:24:18.089+0000][7][gc,age      ] GC(82) - age  10:     559648 bytes,   12223608 total
[2023-10-31T02:24:18.089+0000][7][gc,age      ] GC(82) - age  11:     647168 bytes,   12870776 total
[2023-10-31T02:24:18.089+0000][7][gc,age      ] GC(82) - age  12:     596320 bytes,   13467096 total
[2023-10-31T02:24:18.089+0000][7][gc,age      ] GC(82) - age  13:     361104 bytes,   13828200 total
[2023-10-31T02:24:18.089+0000][7][gc,age      ] GC(82) - age  14:     306832 bytes,   14135032 total
[2023-10-31T02:24:18.089+0000][7][gc,age      ] GC(82) - age  15:     358120 bytes,   14493152 total
[2023-10-31T02:24:18.089+0000][7][gc,phases   ] GC(82)   Pre Evacuate Collection Set: 0.1ms
[2023-10-31T02:24:18.089+0000][7][gc,phases   ] GC(82)   Merge Heap Roots: 0.0ms
[2023-10-31T02:24:18.089+0000][7][gc,phases   ] GC(82)   Evacuate Collection Set: 3.8ms
[2023-10-31T02:24:18.089+0000][7][gc,phases   ] GC(82)   Post Evacuate Collection Set: 0.5ms
[2023-10-31T02:24:18.089+0000][7][gc,phases   ] GC(82)   Other: 0.3ms
[2023-10-31T02:24:18.089+0000][7][gc,heap     ] GC(82) Eden regions: 67->0(67)
[2023-10-31T02:24:18.089+0000][7][gc,heap     ] GC(82) Survivor regions: 4->4(9)
[2023-10-31T02:24:18.089+0000][7][gc,heap     ] GC(82) Old regions: 26->26
[2023-10-31T02:24:18.089+0000][7][gc,heap     ] GC(82) Archive regions: 2->2
[2023-10-31T02:24:18.089+0000][7][gc,heap     ] GC(82) Humongous regions: 5->5
[2023-10-31T02:24:18.089+0000][7][gc,metaspace] GC(82) Metaspace: 118109K(119872K)->118109K(119872K) NonClass: 102340K(103360K)->102340K(103360K) Class: 15768K(16512K)->15768K(16512K)
[2023-10-31T02:24:18.089+0000][7][gc          ] GC(82) Pause Young (Normal) (G1 Evacuation Pause) 409M->141M(512M) 4.710ms
[2023-10-31T02:24:18.089+0000][7][gc,cpu      ] GC(82) User=0.03s Sys=0.01s Real=0.01s
[2023-10-31T02:24:18.089+0000][7][safepoint   ] Safepoint "G1CollectForAllocation", Time since last: 759844807 ns, Reaching safepoint: 48789 ns, At safepoint: 4776587 ns, Total: 4825376 ns
[2023-10-31T02:24:19.090+0000][7][safepoint   ] Safepoint "Cleanup", Time since last: 1000215850 ns, Reaching safepoint: 143666 ns, At safepoint: 25216 ns, Total: 168882 ns
[2023-10-31T02:24:20.090+0000][7][safepoint   ] Safepoint "Cleanup", Time since last: 1000141025 ns, Reaching safepoint: 92501 ns, At safepoint: 9395 ns, Total: 101896 ns
[2023-10-31T02:24:21.090+0000][7][safepoint   ] Safepoint "Cleanup", Time since last: 1000101079 ns, Reaching safepoint: 52168 ns, At safepoint: 7707 ns, Total: 59875 ns
[2023-10-31T02:24:23.090+0000][7][safepoint   ] Safepoint "Cleanup", Time since last: 2000426449 ns, Reaching safepoint: 42229 ns, At safepoint: 4206 ns, Total: 46435 ns
[2023-10-31T02:24:24.091+0000][7][safepoint   ] Safepoint "Cleanup", Time since last: 1000262138 ns, Reaching safepoint: 68522 ns, At safepoint: 5939 ns, Total: 74461 ns
[2023-10-31T02:24:27.092+0000][7][safepoint   ] Safepoint "Cleanup", Time since last: 3000723537 ns, Reaching safepoint: 85320 ns, At safepoint: 29949 ns, Total: 115269 ns
[2023-10-31T02:24:29.092+0000][7][safepoint   ] Safepoint "Cleanup", Time since last: 2000450868 ns, Reaching safepoint: 86357 ns, At safepoint: 17399 ns, Total: 103756 ns
[2023-10-31T02:24:30.093+0000][7][safepoint   ] Safepoint "Cleanup", Time since last: 1000264410 ns, Reaching safepoint: 130924 ns, At safepoint: 25582 ns, Total: 156506 ns
[2023-10-31T02:24:31.093+0000][7][safepoint   ] Safepoint "Cleanup", Time since last: 1000152884 ns, Reaching safepoint: 96208 ns, At safepoint: 8975 ns, Total: 105183 ns
[2023-10-31T02:24:33.093+0000][7][safepoint   ] Safepoint "Cleanup", Time since last: 2000184353 ns, Reaching safepoint: 68673 ns, At safepoint: 4411 ns, Total: 73084 ns
[2023-10-31T02:24:34.093+0000][7][safepoint   ] Safepoint "Cleanup", Time since last: 1000095594 ns, Reaching safepoint: 85739 ns, At safepoint: 7097 ns, Total: 92836 ns
[2023-10-31T02:24:34.190+0000][7][gc,start    ] GC(83) Pause Young (Normal) (G1 Evacuation Pause)
[2023-10-31T02:24:34.190+0000][7][gc,task     ] GC(83) Using 8 workers of 8 for evacuation
[2023-10-31T02:24:34.190+0000][7][gc,age      ] GC(83) Desired survivor size 18874368 bytes, new threshold 15 (max threshold 15)
[2023-10-31T02:24:34.200+0000][7][gc,age      ] GC(83) Age table with threshold 15 (max threshold 15)
[2023-10-31T02:24:34.200+0000][7][gc,age      ] GC(83) - age   1:    1655824 bytes,    1655824 total
[2023-10-31T02:24:34.201+0000][7][gc,age      ] GC(83) - age   2:     436656 bytes,    2092480 total
[2023-10-31T02:24:34.201+0000][7][gc,age      ] GC(83) - age   3:    2116664 bytes,    4209144 total
[2023-10-31T02:24:34.201+0000][7][gc,age      ] GC(83) - age   4:     344312 bytes,    4553456 total
[2023-10-31T02:24:34.201+0000][7][gc,age      ] GC(83) - age   5:    1321152 bytes,    5874608 total
[2023-10-31T02:24:34.201+0000][7][gc,age      ] GC(83) - age   6:    1912512 bytes,    7787120 total
[2023-10-31T02:24:34.201+0000][7][gc,age      ] GC(83) - age   7:     529304 bytes,    8316424 total
[2023-10-31T02:24:34.201+0000][7][gc,age      ] GC(83) - age   8:    2054968 bytes,   10371392 total
[2023-10-31T02:24:34.201+0000][7][gc,age      ] GC(83) - age   9:     667432 bytes,   11038824 total
[2023-10-31T02:24:34.201+0000][7][gc,age      ] GC(83) - age  10:     626816 bytes,   11665640 total
[2023-10-31T02:24:34.201+0000][7][gc,age      ] GC(83) - age  11:     559552 bytes,   12225192 total
[2023-10-31T02:24:34.201+0000][7][gc,age      ] GC(83) - age  12:     646856 bytes,   12872048 total
[2023-10-31T02:24:34.201+0000][7][gc,age      ] GC(83) - age  13:     596320 bytes,   13468368 total
[2023-10-31T02:24:34.201+0000][7][gc,age      ] GC(83) - age  14:     361104 bytes,   13829472 total
[2023-10-31T02:24:34.201+0000][7][gc,age      ] GC(83) - age  15:     306832 bytes,   14136304 total
[2023-10-31T02:24:34.201+0000][7][gc,phases   ] GC(83)   Pre Evacuate Collection Set: 0.1ms
[2023-10-31T02:24:34.201+0000][7][gc,phases   ] GC(83)   Merge Heap Roots: 0.1ms
[2023-10-31T02:24:34.201+0000][7][gc,phases   ] GC(83)   Evacuate Collection Set: 9.9ms
[2023-10-31T02:24:34.201+0000][7][gc,phases   ] GC(83)   Post Evacuate Collection Set: 0.5ms
[2023-10-31T02:24:34.201+0000][7][gc,phases   ] GC(83)   Other: 0.4ms
[2023-10-31T02:24:34.201+0000][7][gc,heap     ] GC(83) Eden regions: 67->0(66)
[2023-10-31T02:24:34.201+0000][7][gc,heap     ] GC(83) Survivor regions: 4->4(9)
[2023-10-31T02:24:34.201+0000][7][gc,heap     ] GC(83) Old regions: 26->27
[2023-10-31T02:24:34.201+0000][7][gc,heap     ] GC(83) Archive regions: 2->2
[2023-10-31T02:24:34.201+0000][7][gc,heap     ] GC(83) Humongous regions: 5->5
[2023-10-31T02:24:34.201+0000][7][gc,metaspace] GC(83) Metaspace: 118115K(119872K)->118115K(119872K) NonClass: 102346K(103360K)->102346K(103360K) Class: 15768K(16512K)->15768K(16512K)
[2023-10-31T02:24:34.201+0000][7][gc          ] GC(83) Pause Young (Normal) (G1 Evacuation Pause) 409M->141M(512M) 10.932ms
[2023-10-31T02:24:34.201+0000][7][gc,cpu      ] GC(83) User=0.04s Sys=0.00s Real=0.01s
[2023-10-31T02:24:34.201+0000][7][safepoint   ] Safepoint "G1CollectForAllocation", Time since last: 96370607 ns, Reaching safepoint: 32154 ns, At safepoint: 11049807 ns, Total: 11081961 ns
[2023-10-31T02:24:36.201+0000][7][safepoint   ] Safepoint "Cleanup", Time since last: 2000420869 ns, Reaching safepoint: 79192 ns, At safepoint: 7296 ns, Total: 86488 ns
[2023-10-31T02:24:38.202+0000][7][safepoint   ] Safepoint "Cleanup", Time since last: 2000297391 ns, Reaching safepoint: 37678 ns, At safepoint: 5628 ns, Total: 43306 ns
[2023-10-31T02:24:39.202+0000][7][safepoint   ] Safepoint "Cleanup", Time since last: 1000125535 ns, Reaching safepoint: 74977 ns, At safepoint: 3877 ns, Total: 78854 ns
[2023-10-31T02:24:41.202+0000][7][safepoint   ] Safepoint "Cleanup", Time since last: 2000504948 ns, Reaching safepoint: 37697 ns, At safepoint: 4306 ns, Total: 42003 ns
[2023-10-31T02:24:42.203+0000][7][safepoint   ] Safepoint "Cleanup", Time since last: 1000351272 ns, Reaching safepoint: 48450 ns, At safepoint: 5108 ns, Total: 53558 ns
[2023-10-31T02:24:44.203+0000][7][safepoint   ] Safepoint "Cleanup", Time since last: 2000343799 ns, Reaching safepoint: 91807 ns, At safepoint: 4971 ns, Total: 96778 ns
[2023-10-31T02:24:45.203+0000][7][safepoint   ] Safepoint "Cleanup", Time since last: 1000123253 ns, Reaching safepoint: 74727 ns, At safepoint: 3397 ns, Total: 78124 ns
[2023-10-31T02:24:46.204+0000][7][safepoint   ] Safepoint "Cleanup", Time since last: 1000115440 ns, Reaching safepoint: 34611 ns, At safepoint: 4161 ns, Total: 38772 ns
[2023-10-31T02:24:48.204+0000][7][safepoint   ] Safepoint "Cleanup", Time since last: 2000199050 ns, Reaching safepoint: 70581 ns, At safepoint: 8327 ns, Total: 78908 ns
[2023-10-31T02:24:49.204+0000][7][safepoint   ] Safepoint "Cleanup", Time since last: 1000140775 ns, Reaching safepoint: 75257 ns, At safepoint: 6223 ns, Total: 81480 ns
[2023-10-31T02:24:50.200+0000][7][gc,start    ] GC(84) Pause Young (Normal) (G1 Evacuation Pause)
[2023-10-31T02:24:50.200+0000][7][gc,task     ] GC(84) Using 8 workers of 8 for evacuation
[2023-10-31T02:24:50.200+0000][7][gc,age      ] GC(84) Desired survivor size 18874368 bytes, new threshold 15 (max threshold 15)
[2023-10-31T02:24:50.204+0000][7][gc,age      ] GC(84) Age table with threshold 15 (max threshold 15)
[2023-10-31T02:24:50.204+0000][7][gc,age      ] GC(84) - age   1:    1068480 bytes,    1068480 total
[2023-10-31T02:24:50.205+0000][7][gc,age      ] GC(84) - age   2:     429240 bytes,    1497720 total
[2023-10-31T02:24:50.205+0000][7][gc,age      ] GC(84) - age   3:     434328 bytes,    1932048 total
[2023-10-31T02:24:50.205+0000][7][gc,age      ] GC(84) - age   4:    2116424 bytes,    4048472 total
[2023-10-31T02:24:50.205+0000][7][gc,age      ] GC(84) - age   5:     344024 bytes,    4392496 total
[2023-10-31T02:24:50.205+0000][7][gc,age      ] GC(84) - age   6:    1321152 bytes,    5713648 total
[2023-10-31T02:24:50.205+0000][7][gc,age      ] GC(84) - age   7:    1912512 bytes,    7626160 total
[2023-10-31T02:24:50.205+0000][7][gc,age      ] GC(84) - age   8:     529272 bytes,    8155432 total
[2023-10-31T02:24:50.205+0000][7][gc,age      ] GC(84) - age   9:    2054904 bytes,   10210336 total
[2023-10-31T02:24:50.205+0000][7][gc,age      ] GC(84) - age  10:     667432 bytes,   10877768 total
[2023-10-31T02:24:50.205+0000][7][gc,age      ] GC(84) - age  11:     626816 bytes,   11504584 total
[2023-10-31T02:24:50.205+0000][7][gc,age      ] GC(84) - age  12:     559488 bytes,   12064072 total
[2023-10-31T02:24:50.205+0000][7][gc,age      ] GC(84) - age  13:     646856 bytes,   12710928 total
[2023-10-31T02:24:50.205+0000][7][gc,age      ] GC(84) - age  14:     596320 bytes,   13307248 total
[2023-10-31T02:24:50.205+0000][7][gc,age      ] GC(84) - age  15:     361104 bytes,   13668352 total
[2023-10-31T02:24:50.205+0000][7][gc,phases   ] GC(84)   Pre Evacuate Collection Set: 0.1ms
[2023-10-31T02:24:50.205+0000][7][gc,phases   ] GC(84)   Merge Heap Roots: 0.1ms
[2023-10-31T02:24:50.205+0000][7][gc,phases   ] GC(84)   Evacuate Collection Set: 3.6ms
[2023-10-31T02:24:50.205+0000][7][gc,phases   ] GC(84)   Post Evacuate Collection Set: 0.5ms
[2023-10-31T02:24:50.205+0000][7][gc,phases   ] GC(84)   Other: 0.4ms
[2023-10-31T02:24:50.205+0000][7][gc,heap     ] GC(84) Eden regions: 66->0(66)
[2023-10-31T02:24:50.205+0000][7][gc,heap     ] GC(84) Survivor regions: 4->4(9)
[2023-10-31T02:24:50.205+0000][7][gc,heap     ] GC(84) Old regions: 27->27
[2023-10-31T02:24:50.205+0000][7][gc,heap     ] GC(84) Archive regions: 2->2
[2023-10-31T02:24:50.205+0000][7][gc,heap     ] GC(84) Humongous regions: 5->5
[2023-10-31T02:24:50.205+0000][7][gc,metaspace] GC(84) Metaspace: 118134K(119936K)->118134K(119936K) NonClass: 102366K(103424K)->102366K(103424K) Class: 15768K(16512K)->15768K(16512K)
[2023-10-31T02:24:50.205+0000][7][gc          ] GC(84) Pause Young (Normal) (G1 Evacuation Pause) 405M->141M(512M) 4.587ms
[2023-10-31T02:24:50.205+0000][7][gc,cpu      ] GC(84) User=0.02s Sys=0.00s Real=0.00s
[2023-10-31T02:24:50.205+0000][7][safepoint   ] Safepoint "G1CollectForAllocation", Time since last: 995864007 ns, Reaching safepoint: 40834 ns, At safepoint: 4695619 ns, Total: 4736453 ns
[2023-10-31T02:24:51.205+0000][7][safepoint   ] Safepoint "Cleanup", Time since last: 1000323981 ns, Reaching safepoint: 40377 ns, At safepoint: 30923 ns, Total: 71300 ns
[2023-10-31T02:24:53.205+0000][7][safepoint   ] Safepoint "Cleanup", Time since last: 2000198366 ns, Reaching safepoint: 53424 ns, At safepoint: 23054 ns, Total: 76478 ns
[2023-10-31T02:24:54.206+0000][7][safepoint   ] Safepoint "Cleanup", Time since last: 1000115329 ns, Reaching safepoint: 62666 ns, At safepoint: 5838 ns, Total: 68504 ns
[2023-10-31T02:24:56.206+0000][7][safepoint   ] Safepoint "Cleanup", Time since last: 2000426531 ns, Reaching safepoint: 111300 ns, At safepoint: 30596 ns, Total: 141896 ns
[2023-10-31T02:24:57.206+0000][7][safepoint   ] Safepoint "Cleanup", Time since last: 1000122648 ns, Reaching safepoint: 73056 ns, At safepoint: 5252 ns, Total: 78308 ns
[2023-10-31T02:24:59.207+0000][7][safepoint   ] Safepoint "Cleanup", Time since last: 2000213696 ns, Reaching safepoint: 60898 ns, At safepoint: 6395 ns, Total: 67293 ns
[2023-10-31T02:25:00.207+0000][7][safepoint   ] Safepoint "Cleanup", Time since last: 1000346559 ns, Reaching safepoint: 66887 ns, At safepoint: 5306 ns, Total: 72193 ns
[2023-10-31T02:25:01.208+0000][7][safepoint   ] Safepoint "Cleanup", Time since last: 1000305854 ns, Reaching safepoint: 150439 ns, At safepoint: 30324 ns, Total: 180763 ns
[2023-10-31T02:25:03.208+0000][7][safepoint   ] Safepoint "Cleanup", Time since last: 2000175454 ns, Reaching safepoint: 63750 ns, At safepoint: 8921 ns, Total: 72671 ns
[2023-10-31T02:25:04.208+0000][7][safepoint   ] Safepoint "Cleanup", Time since last: 1000238504 ns, Reaching safepoint: 116659 ns, At safepoint: 31990 ns, Total: 148649 ns
[2023-10-31T02:25:05.256+0000][7][gc,start    ] GC(85) Pause Young (Normal) (G1 Evacuation Pause)
[2023-10-31T02:25:05.257+0000][7][gc,task     ] GC(85) Using 8 workers of 8 for evacuation
[2023-10-31T02:25:05.257+0000][7][gc,age      ] GC(85) Desired survivor size 18874368 bytes, new threshold 15 (max threshold 15)
[2023-10-31T02:25:05.267+0000][7][gc,age      ] GC(85) Age table with threshold 15 (max threshold 15)
[2023-10-31T02:25:05.267+0000][7][gc,age      ] GC(85) - age   1:    2050408 bytes,    2050408 total
[2023-10-31T02:25:05.267+0000][7][gc,age      ] GC(85) - age   2:     238552 bytes,    2288960 total
[2023-10-31T02:25:05.267+0000][7][gc,age      ] GC(85) - age   3:     415560 bytes,    2704520 total
[2023-10-31T02:25:05.267+0000][7][gc,age      ] GC(85) - age   4:     433832 bytes,    3138352 total
[2023-10-31T02:25:05.267+0000][7][gc,age      ] GC(85) - age   5:    2115352 bytes,    5253704 total
[2023-10-31T02:25:05.267+0000][7][gc,age      ] GC(85) - age   6:     343832 bytes,    5597536 total
[2023-10-31T02:25:05.267+0000][7][gc,age      ] GC(85) - age   7:     556760 bytes,    6154296 total
[2023-10-31T02:25:05.267+0000][7][gc,age      ] GC(85) - age   8:    1912512 bytes,    8066808 total
[2023-10-31T02:25:05.267+0000][7][gc,age      ] GC(85) - age   9:     529272 bytes,    8596080 total
[2023-10-31T02:25:05.267+0000][7][gc,age      ] GC(85) - age  10:    2054904 bytes,   10650984 total
[2023-10-31T02:25:05.267+0000][7][gc,age      ] GC(85) - age  11:     667432 bytes,   11318416 total
[2023-10-31T02:25:05.267+0000][7][gc,age      ] GC(85) - age  12:     626816 bytes,   11945232 total
[2023-10-31T02:25:05.267+0000][7][gc,age      ] GC(85) - age  13:     559488 bytes,   12504720 total
[2023-10-31T02:25:05.267+0000][7][gc,age      ] GC(85) - age  14:     646856 bytes,   13151576 total
[2023-10-31T02:25:05.267+0000][7][gc,age      ] GC(85) - age  15:     596320 bytes,   13747896 total
[2023-10-31T02:25:05.267+0000][7][gc,phases   ] GC(85)   Pre Evacuate Collection Set: 0.1ms
[2023-10-31T02:25:05.267+0000][7][gc,phases   ] GC(85)   Merge Heap Roots: 0.0ms
[2023-10-31T02:25:05.267+0000][7][gc,phases   ] GC(85)   Evacuate Collection Set: 10.1ms
[2023-10-31T02:25:05.267+0000][7][gc,phases   ] GC(85)   Post Evacuate Collection Set: 0.5ms
[2023-10-31T02:25:05.267+0000][7][gc,phases   ] GC(85)   Other: 0.2ms
[2023-10-31T02:25:05.267+0000][7][gc,heap     ] GC(85) Eden regions: 66->0(66)
[2023-10-31T02:25:05.267+0000][7][gc,heap     ] GC(85) Survivor regions: 4->4(9)
[2023-10-31T02:25:05.267+0000][7][gc,heap     ] GC(85) Old regions: 27->27
[2023-10-31T02:25:05.267+0000][7][gc,heap     ] GC(85) Archive regions: 2->2
[2023-10-31T02:25:05.267+0000][7][gc,heap     ] GC(85) Humongous regions: 5->5
[2023-10-31T02:25:05.267+0000][7][gc,metaspace] GC(85) Metaspace: 118136K(119936K)->118136K(119936K) NonClass: 102368K(103424K)->102368K(103424K) Class: 15768K(16512K)->15768K(16512K)
[2023-10-31T02:25:05.268+0000][7][gc          ] GC(85) Pause Young (Normal) (G1 Evacuation Pause) 405M->142M(512M) 11.025ms
[2023-10-31T02:25:05.268+0000][7][gc,cpu      ] GC(85) User=0.03s Sys=0.00s Real=0.01s
[2023-10-31T02:25:05.268+0000][7][safepoint   ] Safepoint "G1CollectForAllocation", Time since last: 1048256350 ns, Reaching safepoint: 48858 ns, At safepoint: 11110796 ns, Total: 11159654 ns
[2023-10-31T02:25:06.268+0000][7][safepoint   ] Safepoint "Cleanup", Time since last: 1000095974 ns, Reaching safepoint: 113775 ns, At safepoint: 8277 ns, Total: 122052 ns
[2023-10-31T02:25:08.268+0000][7][safepoint   ] Safepoint "Cleanup", Time since last: 2000188154 ns, Reaching safepoint: 47829 ns, At safepoint: 17913 ns, Total: 65742 ns
[2023-10-31T02:25:09.268+0000][7][safepoint   ] Safepoint "Cleanup", Time since last: 1000137576 ns, Reaching safepoint: 63821 ns, At safepoint: 5498 ns, Total: 69319 ns
[2023-10-31T02:25:11.269+0000][7][safepoint   ] Safepoint "Cleanup", Time since last: 2000410255 ns, Reaching safepoint: 35283 ns, At safepoint: 5042 ns, Total: 40325 ns
[2023-10-31T02:25:14.269+0000][7][safepoint   ] Safepoint "Cleanup", Time since last: 3000451243 ns, Reaching safepoint: 53452 ns, At safepoint: 5511 ns, Total: 58963 ns
[2023-10-31T02:25:15.269+0000][7][safepoint   ] Safepoint "Cleanup", Time since last: 1000087194 ns, Reaching safepoint: 57192 ns, At safepoint: 3289 ns, Total: 60481 ns
[2023-10-31T02:25:16.270+0000][7][safepoint   ] Safepoint "Cleanup", Time since last: 1000090384 ns, Reaching safepoint: 67434 ns, At safepoint: 5316 ns, Total: 72750 ns
[2023-10-31T02:25:17.270+0000][7][safepoint   ] Safepoint "Cleanup", Time since last: 1000108128 ns, Reaching safepoint: 59276 ns, At safepoint: 6384 ns, Total: 65660 ns
[2023-10-31T02:25:18.270+0000][7][safepoint   ] Safepoint "Cleanup", Time since last: 1000379433 ns, Reaching safepoint: 46279 ns, At safepoint: 3570 ns, Total: 49849 ns
[2023-10-31T02:25:19.270+0000][7][safepoint   ] Safepoint "Cleanup", Time since last: 1000123337 ns, Reaching safepoint: 87459 ns, At safepoint: 32162 ns, Total: 119621 ns
[2023-10-31T02:25:20.253+0000][7][gc,start    ] GC(86) Pause Young (Normal) (G1 Evacuation Pause)
[2023-10-31T02:25:20.253+0000][7][gc,task     ] GC(86) Using 8 workers of 8 for evacuation
[2023-10-31T02:25:20.253+0000][7][gc,age      ] GC(86) Desired survivor size 18874368 bytes, new threshold 15 (max threshold 15)
[2023-10-31T02:25:20.260+0000][7][gc,age      ] GC(86) Age table with threshold 15 (max threshold 15)
[2023-10-31T02:25:20.260+0000][7][gc,age      ] GC(86) - age   1:    1208880 bytes,    1208880 total
[2023-10-31T02:25:20.260+0000][7][gc,age      ] GC(86) - age   2:    1276480 bytes,    2485360 total
[2023-10-31T02:25:20.260+0000][7][gc,age      ] GC(86) - age   3:     237888 bytes,    2723248 total
[2023-10-31T02:25:20.260+0000][7][gc,age      ] GC(86) - age   4:     359824 bytes,    3083072 total
[2023-10-31T02:25:20.261+0000][7][gc,age      ] GC(86) - age   5:     323064 bytes,    3406136 total
[2023-10-31T02:25:20.261+0000][7][gc,age      ] GC(86) - age   6:    2113800 bytes,    5519936 total
[2023-10-31T02:25:20.261+0000][7][gc,age      ] GC(86) - age   7:     236584 bytes,    5756520 total
[2023-10-31T02:25:20.261+0000][7][gc,age      ] GC(86) - age   8:     373160 bytes,    6129680 total
[2023-10-31T02:25:20.261+0000][7][gc,age      ] GC(86) - age   9:    1912512 bytes,    8042192 total
[2023-10-31T02:25:20.261+0000][7][gc,age      ] GC(86) - age  10:     529272 bytes,    8571464 total
[2023-10-31T02:25:20.261+0000][7][gc,age      ] GC(86) - age  11:    2054904 bytes,   10626368 total
[2023-10-31T02:25:20.261+0000][7][gc,age      ] GC(86) - age  12:     667432 bytes,   11293800 total
[2023-10-31T02:25:20.261+0000][7][gc,age      ] GC(86) - age  13:     626752 bytes,   11920552 total
[2023-10-31T02:25:20.261+0000][7][gc,age      ] GC(86) - age  14:     559488 bytes,   12480040 total
[2023-10-31T02:25:20.261+0000][7][gc,age      ] GC(86) - age  15:     646856 bytes,   13126896 total
[2023-10-31T02:25:20.261+0000][7][gc,phases   ] GC(86)   Pre Evacuate Collection Set: 0.1ms
[2023-10-31T02:25:20.261+0000][7][gc,phases   ] GC(86)   Merge Heap Roots: 0.0ms
[2023-10-31T02:25:20.261+0000][7][gc,phases   ] GC(86)   Evacuate Collection Set: 6.8ms
[2023-10-31T02:25:20.261+0000][7][gc,phases   ] GC(86)   Post Evacuate Collection Set: 0.6ms
[2023-10-31T02:25:20.261+0000][7][gc,phases   ] GC(86)   Other: 0.3ms
[2023-10-31T02:25:20.261+0000][7][gc,heap     ] GC(86) Eden regions: 66->0(66)
[2023-10-31T02:25:20.261+0000][7][gc,heap     ] GC(86) Survivor regions: 4->4(9)
[2023-10-31T02:25:20.261+0000][7][gc,heap     ] GC(86) Old regions: 27->27
[2023-10-31T02:25:20.261+0000][7][gc,heap     ] GC(86) Archive regions: 2->2
[2023-10-31T02:25:20.261+0000][7][gc,heap     ] GC(86) Humongous regions: 5->5
[2023-10-31T02:25:20.261+0000][7][gc,metaspace] GC(86) Metaspace: 118145K(119936K)->118145K(119936K) NonClass: 102377K(103424K)->102377K(103424K) Class: 15768K(16512K)->15768K(16512K)
[2023-10-31T02:25:20.261+0000][7][gc          ] GC(86) Pause Young (Normal) (G1 Evacuation Pause) 406M->142M(512M) 7.823ms
[2023-10-31T02:25:20.261+0000][7][gc,cpu      ] GC(86) User=0.03s Sys=0.00s Real=0.01s
[2023-10-31T02:25:20.261+0000][7][safepoint   ] Safepoint "G1CollectForAllocation", Time since last: 982342202 ns, Reaching safepoint: 90378 ns, At safepoint: 7883058 ns, Total: 7973436 ns
[2023-10-31T02:25:21.261+0000][7][safepoint   ] Safepoint "Cleanup", Time since last: 1000205833 ns, Reaching safepoint: 90722 ns, At safepoint: 6875 ns, Total: 97597 ns
[2023-10-31T02:25:23.261+0000][7][safepoint   ] Safepoint "Cleanup", Time since last: 2000205954 ns, Reaching safepoint: 55414 ns, At safepoint: 4383 ns, Total: 59797 ns
[2023-10-31T02:25:24.262+0000][7][safepoint   ] Safepoint "Cleanup", Time since last: 1000337273 ns, Reaching safepoint: 30599 ns, At safepoint: 23514 ns, Total: 54113 ns
[2023-10-31T02:25:26.262+0000][7][safepoint   ] Safepoint "Cleanup", Time since last: 2000542239 ns, Reaching safepoint: 56348 ns, At safepoint: 5518 ns, Total: 61866 ns
[2023-10-31T02:25:27.263+0000][7][safepoint   ] Safepoint "Cleanup", Time since last: 1000347189 ns, Reaching safepoint: 35152 ns, At safepoint: 46041 ns, Total: 81193 ns
[2023-10-31T02:25:29.263+0000][7][safepoint   ] Safepoint "Cleanup", Time since last: 2000268304 ns, Reaching safepoint: 42361 ns, At safepoint: 4756 ns, Total: 47117 ns
[2023-10-31T02:25:30.263+0000][7][safepoint   ] Safepoint "Cleanup", Time since last: 1000134591 ns, Reaching safepoint: 99245 ns, At safepoint: 7466 ns, Total: 106711 ns
[2023-10-31T02:25:31.263+0000][7][safepoint   ] Safepoint "Cleanup", Time since last: 1000157157 ns, Reaching safepoint: 34725 ns, At safepoint: 4730 ns, Total: 39455 ns
[2023-10-31T02:25:32.264+0000][7][safepoint   ] Safepoint "Cleanup", Time since last: 1000121918 ns, Reaching safepoint: 125574 ns, At safepoint: 10080 ns, Total: 135654 ns
[2023-10-31T02:25:33.264+0000][7][safepoint   ] Safepoint "Cleanup", Time since last: 1000103325 ns, Reaching safepoint: 70049 ns, At safepoint: 7020 ns, Total: 77069 ns
[2023-10-31T02:25:34.264+0000][7][safepoint   ] Safepoint "Cleanup", Time since last: 1000134300 ns, Reaching safepoint: 44309 ns, At safepoint: 4992 ns, Total: 49301 ns
[2023-10-31T02:25:35.058+0000][7][gc,start    ] GC(87) Pause Young (Normal) (G1 Evacuation Pause)
[2023-10-31T02:25:35.058+0000][7][gc,task     ] GC(87) Using 8 workers of 8 for evacuation
[2023-10-31T02:25:35.058+0000][7][gc,age      ] GC(87) Desired survivor size 18874368 bytes, new threshold 15 (max threshold 15)
[2023-10-31T02:25:35.067+0000][7][gc,age      ] GC(87) Age table with threshold 15 (max threshold 15)
[2023-10-31T02:25:35.067+0000][7][gc,age      ] GC(87) - age   1:    1895576 bytes,    1895576 total
[2023-10-31T02:25:35.067+0000][7][gc,age      ] GC(87) - age   2:     759016 bytes,    2654592 total
[2023-10-31T02:25:35.067+0000][7][gc,age      ] GC(87) - age   3:    1097176 bytes,    3751768 total
[2023-10-31T02:25:35.067+0000][7][gc,age      ] GC(87) - age   4:     237824 bytes,    3989592 total
[2023-10-31T02:25:35.067+0000][7][gc,age      ] GC(87) - age   5:     359384 bytes,    4348976 total
[2023-10-31T02:25:35.067+0000][7][gc,age      ] GC(87) - age   6:     322840 bytes,    4671816 total
[2023-10-31T02:25:35.067+0000][7][gc,age      ] GC(87) - age   7:    2111744 bytes,    6783560 total
[2023-10-31T02:25:35.067+0000][7][gc,age      ] GC(87) - age   8:     236384 bytes,    7019944 total
[2023-10-31T02:25:35.067+0000][7][gc,age      ] GC(87) - age   9:     373160 bytes,    7393104 total
[2023-10-31T02:25:35.067+0000][7][gc,age      ] GC(87) - age  10:    1912512 bytes,    9305616 total
[2023-10-31T02:25:35.067+0000][7][gc,age      ] GC(87) - age  11:     528960 bytes,    9834576 total
[2023-10-31T02:25:35.067+0000][7][gc,age      ] GC(87) - age  12:    2054904 bytes,   11889480 total
[2023-10-31T02:25:35.067+0000][7][gc,age      ] GC(87) - age  13:     667328 bytes,   12556808 total
[2023-10-31T02:25:35.067+0000][7][gc,age      ] GC(87) - age  14:     626752 bytes,   13183560 total
[2023-10-31T02:25:35.067+0000][7][gc,age      ] GC(87) - age  15:     559488 bytes,   13743048 total
[2023-10-31T02:25:35.067+0000][7][gc,phases   ] GC(87)   Pre Evacuate Collection Set: 0.1ms
[2023-10-31T02:25:35.067+0000][7][gc,phases   ] GC(87)   Merge Heap Roots: 0.1ms
[2023-10-31T02:25:35.067+0000][7][gc,phases   ] GC(87)   Evacuate Collection Set: 8.5ms
[2023-10-31T02:25:35.067+0000][7][gc,phases   ] GC(87)   Post Evacuate Collection Set: 0.5ms
[2023-10-31T02:25:35.067+0000][7][gc,phases   ] GC(87)   Other: 0.4ms
[2023-10-31T02:25:35.067+0000][7][gc,heap     ] GC(87) Eden regions: 66->0(66)
[2023-10-31T02:25:35.067+0000][7][gc,heap     ] GC(87) Survivor regions: 4->4(9)
[2023-10-31T02:25:35.067+0000][7][gc,heap     ] GC(87) Old regions: 27->27
[2023-10-31T02:25:35.067+0000][7][gc,heap     ] GC(87) Archive regions: 2->2
[2023-10-31T02:25:35.067+0000][7][gc,heap     ] GC(87) Humongous regions: 5->5
[2023-10-31T02:25:35.067+0000][7][gc,metaspace] GC(87) Metaspace: 118162K(119936K)->118162K(119936K) NonClass: 102394K(103424K)->102394K(103424K) Class: 15768K(16512K)->15768K(16512K)
[2023-10-31T02:25:35.067+0000][7][gc          ] GC(87) Pause Young (Normal) (G1 Evacuation Pause) 406M->143M(512M) 9.546ms
[2023-10-31T02:25:35.067+0000][7][gc,cpu      ] GC(87) User=0.03s Sys=0.00s Real=0.01s
[2023-10-31T02:25:35.067+0000][7][safepoint   ] Safepoint "G1CollectForAllocation", Time since last: 793747157 ns, Reaching safepoint: 45829 ns, At safepoint: 9646692 ns, Total: 9692521 ns
[2023-10-31T02:25:36.068+0000][7][safepoint   ] Safepoint "Cleanup", Time since last: 1000087675 ns, Reaching safepoint: 82586 ns, At safepoint: 5200 ns, Total: 87786 ns
[2023-10-31T02:25:39.068+0000][7][safepoint   ] Safepoint "Cleanup", Time since last: 3000280714 ns, Reaching safepoint: 172777 ns, At safepoint: 7121 ns, Total: 179898 ns
[2023-10-31T02:25:41.069+0000][7][safepoint   ] Safepoint "Cleanup", Time since last: 2000472115 ns, Reaching safepoint: 77760 ns, At safepoint: 4547 ns, Total: 82307 ns
[2023-10-31T02:25:42.069+0000][7][safepoint   ] Safepoint "Cleanup", Time since last: 1000287709 ns, Reaching safepoint: 39241 ns, At safepoint: 26359 ns, Total: 65600 ns
[2023-10-31T02:25:43.069+0000][7][safepoint   ] Safepoint "Cleanup", Time since last: 1000176468 ns, Reaching safepoint: 54427 ns, At safepoint: 26925 ns, Total: 81352 ns
[2023-10-31T02:25:44.070+0000][7][safepoint   ] Safepoint "Cleanup", Time since last: 1000166956 ns, Reaching safepoint: 163006 ns, At safepoint: 5830 ns, Total: 168836 ns
[2023-10-31T02:25:45.070+0000][7][safepoint   ] Safepoint "Cleanup", Time since last: 1000426812 ns, Reaching safepoint: 78392 ns, At safepoint: 6615 ns, Total: 85007 ns
[2023-10-31T02:25:46.070+0000][7][safepoint   ] Safepoint "Cleanup", Time since last: 1000135779 ns, Reaching safepoint: 92784 ns, At safepoint: 4746 ns, Total: 97530 ns
[2023-10-31T02:25:48.072+0000][7][safepoint   ] Safepoint "Cleanup", Time since last: 2001655804 ns, Reaching safepoint: 91694 ns, At safepoint: 5672 ns, Total: 97366 ns
[2023-10-31T02:25:49.073+0000][7][safepoint   ] Safepoint "Cleanup", Time since last: 1000542164 ns, Reaching safepoint: 54468 ns, At safepoint: 5800 ns, Total: 60268 ns
[2023-10-31T02:25:50.073+0000][7][safepoint   ] Safepoint "Cleanup", Time since last: 1000134264 ns, Reaching safepoint: 45520 ns, At safepoint: 24221 ns, Total: 69741 ns
[2023-10-31T02:25:50.317+0000][7][gc,start    ] GC(88) Pause Young (Normal) (G1 Evacuation Pause)
[2023-10-31T02:25:50.317+0000][7][gc,task     ] GC(88) Using 8 workers of 8 for evacuation
[2023-10-31T02:25:50.318+0000][7][gc,age      ] GC(88) Desired survivor size 18874368 bytes, new threshold 15 (max threshold 15)
[2023-10-31T02:25:50.327+0000][7][gc,age      ] GC(88) Age table with threshold 15 (max threshold 15)
[2023-10-31T02:25:50.327+0000][7][gc,age      ] GC(88) - age   1:    3604336 bytes,    3604336 total
[2023-10-31T02:25:50.327+0000][7][gc,age      ] GC(88) - age   2:    1766208 bytes,    5370544 total
[2023-10-31T02:25:50.327+0000][7][gc,age      ] GC(88) - age   3:     758432 bytes,    6128976 total
[2023-10-31T02:25:50.327+0000][7][gc,age      ] GC(88) - age   4:    1096600 bytes,    7225576 total
[2023-10-31T02:25:50.327+0000][7][gc,age      ] GC(88) - age   5:     237520 bytes,    7463096 total
[2023-10-31T02:25:50.327+0000][7][gc,age      ] GC(88) - age   6:     359144 bytes,    7822240 total
[2023-10-31T02:25:50.327+0000][7][gc,age      ] GC(88) - age   7:     322648 bytes,    8144888 total
[2023-10-31T02:25:50.327+0000][7][gc,age      ] GC(88) - age   8:     271768 bytes,    8416656 total
[2023-10-31T02:25:50.327+0000][7][gc,age      ] GC(88) - age   9:     234800 bytes,    8651456 total
[2023-10-31T02:25:50.327+0000][7][gc,age      ] GC(88) - age  10:     373096 bytes,    9024552 total
[2023-10-31T02:25:50.327+0000][7][gc,age      ] GC(88) - age  11:    1912512 bytes,   10937064 total
[2023-10-31T02:25:50.327+0000][7][gc,age      ] GC(88) - age  12:     528960 bytes,   11466024 total
[2023-10-31T02:25:50.327+0000][7][gc,age      ] GC(88) - age  13:    2054800 bytes,   13520824 total
[2023-10-31T02:25:50.327+0000][7][gc,age      ] GC(88) - age  14:     667328 bytes,   14188152 total
[2023-10-31T02:25:50.327+0000][7][gc,age      ] GC(88) - age  15:     626752 bytes,   14814904 total
[2023-10-31T02:25:50.327+0000][7][gc,phases   ] GC(88)   Pre Evacuate Collection Set: 0.1ms
[2023-10-31T02:25:50.327+0000][7][gc,phases   ] GC(88)   Merge Heap Roots: 0.0ms
[2023-10-31T02:25:50.327+0000][7][gc,phases   ] GC(88)   Evacuate Collection Set: 9.1ms
[2023-10-31T02:25:50.327+0000][7][gc,phases   ] GC(88)   Post Evacuate Collection Set: 0.5ms
[2023-10-31T02:25:50.327+0000][7][gc,phases   ] GC(88)   Other: 0.3ms
[2023-10-31T02:25:50.327+0000][7][gc,heap     ] GC(88) Eden regions: 66->0(66)
[2023-10-31T02:25:50.327+0000][7][gc,heap     ] GC(88) Survivor regions: 4->4(9)
[2023-10-31T02:25:50.327+0000][7][gc,heap     ] GC(88) Old regions: 27->27
[2023-10-31T02:25:50.327+0000][7][gc,heap     ] GC(88) Archive regions: 2->2
[2023-10-31T02:25:50.327+0000][7][gc,heap     ] GC(88) Humongous regions: 5->5
[2023-10-31T02:25:50.327+0000][7][gc,metaspace] GC(88) Metaspace: 118174K(120000K)->118174K(120000K) NonClass: 102405K(103424K)->102405K(103424K) Class: 15768K(16576K)->15768K(16576K)
[2023-10-31T02:25:50.328+0000][7][gc          ] GC(88) Pause Young (Normal) (G1 Evacuation Pause) 407M->145M(512M) 10.096ms
[2023-10-31T02:25:50.328+0000][7][gc,cpu      ] GC(88) User=0.03s Sys=0.00s Real=0.01s
[2023-10-31T02:25:50.328+0000][7][safepoint   ] Safepoint "G1CollectForAllocation", Time since last: 244431466 ns, Reaching safepoint: 39221 ns, At safepoint: 10155554 ns, Total: 10194775 ns
[2023-10-31T02:25:51.328+0000][7][safepoint   ] Safepoint "Cleanup", Time since last: 1000251217 ns, Reaching safepoint: 62185 ns, At safepoint: 21828 ns, Total: 84013 ns
[2023-10-31T02:25:53.328+0000][7][safepoint   ] Safepoint "Cleanup", Time since last: 2000409562 ns, Reaching safepoint: 106214 ns, At safepoint: 4177 ns, Total: 110391 ns
[2023-10-31T02:25:54.329+0000][7][safepoint   ] Safepoint "Cleanup", Time since last: 1000234382 ns, Reaching safepoint: 160722 ns, At safepoint: 16774 ns, Total: 177496 ns
[2023-10-31T02:25:56.329+0000][7][safepoint   ] Safepoint "Cleanup", Time since last: 2000403821 ns, Reaching safepoint: 45344 ns, At safepoint: 4701 ns, Total: 50045 ns
[2023-10-31T02:25:58.330+0000][7][safepoint   ] Safepoint "Cleanup", Time since last: 2000302847 ns, Reaching safepoint: 151044 ns, At safepoint: 29541 ns, Total: 180585 ns
[2023-10-31T02:25:59.330+0000][7][safepoint   ] Safepoint "Cleanup", Time since last: 1000159120 ns, Reaching safepoint: 85351 ns, At safepoint: 6163 ns, Total: 91514 ns
[2023-10-31T02:26:01.331+0000][7][safepoint   ] Safepoint "Cleanup", Time since last: 2000513879 ns, Reaching safepoint: 85324 ns, At safepoint: 5132 ns, Total: 90456 ns
[2023-10-31T02:26:02.331+0000][7][safepoint   ] Safepoint "Cleanup", Time since last: 1000124793 ns, Reaching safepoint: 69924 ns, At safepoint: 4528 ns, Total: 74452 ns
[2023-10-31T02:26:03.331+0000][7][safepoint   ] Safepoint "Cleanup", Time since last: 1000092168 ns, Reaching safepoint: 29765 ns, At safepoint: 28515 ns, Total: 58280 ns
[2023-10-31T02:26:05.331+0000][7][safepoint   ] Safepoint "Cleanup", Time since last: 2000408484 ns, Reaching safepoint: 104958 ns, At safepoint: 11362 ns, Total: 116320 ns
[2023-10-31T02:26:05.800+0000][7][gc,start    ] GC(89) Pause Young (Normal) (G1 Evacuation Pause)
[2023-10-31T02:26:05.800+0000][7][gc,task     ] GC(89) Using 8 workers of 8 for evacuation
[2023-10-31T02:26:05.800+0000][7][gc,age      ] GC(89) Desired survivor size 18874368 bytes, new threshold 15 (max threshold 15)
[2023-10-31T02:26:05.807+0000][7][gc,age      ] GC(89) Age table with threshold 15 (max threshold 15)
[2023-10-31T02:26:05.807+0000][7][gc,age      ] GC(89) - age   1:    1872048 bytes,    1872048 total
[2023-10-31T02:26:05.807+0000][7][gc,age      ] GC(89) - age   2:    2379824 bytes,    4251872 total
[2023-10-31T02:26:05.807+0000][7][gc,age      ] GC(89) - age   3:    1551544 bytes,    5803416 total
[2023-10-31T02:26:05.807+0000][7][gc,age      ] GC(89) - age   4:     627928 bytes,    6431344 total
[2023-10-31T02:26:05.807+0000][7][gc,age      ] GC(89) - age   5:    1096160 bytes,    7527504 total
[2023-10-31T02:26:05.807+0000][7][gc,age      ] GC(89) - age   6:     237392 bytes,    7764896 total
[2023-10-31T02:26:05.807+0000][7][gc,age      ] GC(89) - age   7:     358216 bytes,    8123112 total
[2023-10-31T02:26:05.807+0000][7][gc,age      ] GC(89) - age   8:     322648 bytes,    8445760 total
[2023-10-31T02:26:05.807+0000][7][gc,age      ] GC(89) - age   9:     269912 bytes,    8715672 total
[2023-10-31T02:26:05.807+0000][7][gc,age      ] GC(89) - age  10:     234736 bytes,    8950408 total
[2023-10-31T02:26:05.807+0000][7][gc,age      ] GC(89) - age  11:     373096 bytes,    9323504 total
[2023-10-31T02:26:05.807+0000][7][gc,age      ] GC(89) - age  12:    1912512 bytes,   11236016 total
[2023-10-31T02:26:05.807+0000][7][gc,age      ] GC(89) - age  13:     528960 bytes,   11764976 total
[2023-10-31T02:26:05.807+0000][7][gc,age      ] GC(89) - age  14:    2054800 bytes,   13819776 total
[2023-10-31T02:26:05.807+0000][7][gc,age      ] GC(89) - age  15:     667328 bytes,   14487104 total
[2023-10-31T02:26:05.807+0000][7][gc,phases   ] GC(89)   Pre Evacuate Collection Set: 0.1ms
[2023-10-31T02:26:05.807+0000][7][gc,phases   ] GC(89)   Merge Heap Roots: 0.0ms
[2023-10-31T02:26:05.807+0000][7][gc,phases   ] GC(89)   Evacuate Collection Set: 6.2ms
[2023-10-31T02:26:05.807+0000][7][gc,phases   ] GC(89)   Post Evacuate Collection Set: 0.5ms
[2023-10-31T02:26:05.807+0000][7][gc,phases   ] GC(89)   Other: 0.3ms
[2023-10-31T02:26:05.807+0000][7][gc,heap     ] GC(89) Eden regions: 66->0(66)
[2023-10-31T02:26:05.807+0000][7][gc,heap     ] GC(89) Survivor regions: 4->4(9)
[2023-10-31T02:26:05.807+0000][7][gc,heap     ] GC(89) Old regions: 27->27
[2023-10-31T02:26:05.807+0000][7][gc,heap     ] GC(89) Archive regions: 2->2
[2023-10-31T02:26:05.807+0000][7][gc,heap     ] GC(89) Humongous regions: 5->5
[2023-10-31T02:26:05.807+0000][7][gc,metaspace] GC(89) Metaspace: 118174K(120000K)->118174K(120000K) NonClass: 102405K(103424K)->102405K(103424K) Class: 15768K(16576K)->15768K(16576K)
[2023-10-31T02:26:05.807+0000][7][gc          ] GC(89) Pause Young (Normal) (G1 Evacuation Pause) 409M->145M(512M) 7.258ms
[2023-10-31T02:26:05.808+0000][7][gc,cpu      ] GC(89) User=0.02s Sys=0.01s Real=0.01s
[2023-10-31T02:26:05.808+0000][7][safepoint   ] Safepoint "G1CollectForAllocation", Time since last: 468676350 ns, Reaching safepoint: 26781 ns, At safepoint: 7347251 ns, Total: 7374032 ns
[2023-10-31T02:26:07.301+0000][7][safepoint   ] Safepoint "Cleanup", Time since last: 1493049458 ns, Reaching safepoint: 77799 ns, At safepoint: 2864 ns, Total: 80663 ns
[2023-10-31T02:26:08.301+0000][7][safepoint   ] Safepoint "Cleanup", Time since last: 1000130953 ns, Reaching safepoint: 101008 ns, At safepoint: 9118 ns, Total: 110126 ns
[2023-10-31T02:26:09.301+0000][7][safepoint   ] Safepoint "Cleanup", Time since last: 1000099478 ns, Reaching safepoint: 78708 ns, At safepoint: 4731 ns, Total: 83439 ns
[2023-10-31T02:26:11.302+0000][7][safepoint   ] Safepoint "Cleanup", Time since last: 2000394136 ns, Reaching safepoint: 28223 ns, At safepoint: 27386 ns, Total: 55609 ns
[2023-10-31T02:26:13.302+0000][7][safepoint   ] Safepoint "Cleanup", Time since last: 2000401286 ns, Reaching safepoint: 68373 ns, At safepoint: 8237 ns, Total: 76610 ns
[2023-10-31T02:26:14.302+0000][7][safepoint   ] Safepoint "Cleanup", Time since last: 1000134028 ns, Reaching safepoint: 41478 ns, At safepoint: 16679 ns, Total: 58157 ns
[2023-10-31T02:26:16.303+0000][7][safepoint   ] Safepoint "Cleanup", Time since last: 2000425773 ns, Reaching safepoint: 64032 ns, At safepoint: 4153 ns, Total: 68185 ns
[2023-10-31T02:26:17.303+0000][7][safepoint   ] Safepoint "Cleanup", Time since last: 1000119894 ns, Reaching safepoint: 53442 ns, At safepoint: 22197 ns, Total: 75639 ns
[2023-10-31T02:26:18.303+0000][7][safepoint   ] Safepoint "Cleanup", Time since last: 1000122001 ns, Reaching safepoint: 72966 ns, At safepoint: 7730 ns, Total: 80696 ns
[2023-10-31T02:26:20.304+0000][7][safepoint   ] Safepoint "Cleanup", Time since last: 2000367646 ns, Reaching safepoint: 57207 ns, At safepoint: 3928 ns, Total: 61135 ns
[2023-10-31T02:26:21.304+0000][7][safepoint   ] Safepoint "Cleanup", Time since last: 1000146363 ns, Reaching safepoint: 30488 ns, At safepoint: 3042 ns, Total: 33530 ns
[2023-10-31T02:26:21.310+0000][7][gc,start    ] GC(90) Pause Young (Normal) (G1 Evacuation Pause)
[2023-10-31T02:26:21.310+0000][7][gc,task     ] GC(90) Using 8 workers of 8 for evacuation
[2023-10-31T02:26:21.310+0000][7][gc,age      ] GC(90) Desired survivor size 18874368 bytes, new threshold 15 (max threshold 15)
[2023-10-31T02:26:21.320+0000][7][gc,age      ] GC(90) Age table with threshold 15 (max threshold 15)
[2023-10-31T02:26:21.321+0000][7][gc,age      ] GC(90) - age   1:    1750304 bytes,    1750304 total
[2023-10-31T02:26:21.321+0000][7][gc,age      ] GC(90) - age   2:     449608 bytes,    2199912 total
[2023-10-31T02:26:21.321+0000][7][gc,age      ] GC(90) - age   3:    2343152 bytes,    4543064 total
[2023-10-31T02:26:21.321+0000][7][gc,age      ] GC(90) - age   4:    1403552 bytes,    5946616 total
[2023-10-31T02:26:21.321+0000][7][gc,age      ] GC(90) - age   5:     626928 bytes,    6573544 total
[2023-10-31T02:26:21.321+0000][7][gc,age      ] GC(90) - age   6:    1095968 bytes,    7669512 total
[2023-10-31T02:26:21.321+0000][7][gc,age      ] GC(90) - age   7:     237392 bytes,    7906904 total
[2023-10-31T02:26:21.321+0000][7][gc,age      ] GC(90) - age   8:     358032 bytes,    8264936 total
[2023-10-31T02:26:21.321+0000][7][gc,age      ] GC(90) - age   9:     322552 bytes,    8587488 total
[2023-10-31T02:26:21.321+0000][7][gc,age      ] GC(90) - age  10:     269912 bytes,    8857400 total
[2023-10-31T02:26:21.321+0000][7][gc,age      ] GC(90) - age  11:     234736 bytes,    9092136 total
[2023-10-31T02:26:21.321+0000][7][gc,age      ] GC(90) - age  12:     373096 bytes,    9465232 total
[2023-10-31T02:26:21.321+0000][7][gc,age      ] GC(90) - age  13:    1912512 bytes,   11377744 total
[2023-10-31T02:26:21.321+0000][7][gc,age      ] GC(90) - age  14:     528960 bytes,   11906704 total
[2023-10-31T02:26:21.321+0000][7][gc,age      ] GC(90) - age  15:    2054800 bytes,   13961504 total
[2023-10-31T02:26:21.321+0000][7][gc,phases   ] GC(90)   Pre Evacuate Collection Set: 0.1ms
[2023-10-31T02:26:21.321+0000][7][gc,phases   ] GC(90)   Merge Heap Roots: 0.0ms
[2023-10-31T02:26:21.321+0000][7][gc,phases   ] GC(90)   Evacuate Collection Set: 9.6ms
[2023-10-31T02:26:21.321+0000][7][gc,phases   ] GC(90)   Post Evacuate Collection Set: 0.5ms
[2023-10-31T02:26:21.321+0000][7][gc,phases   ] GC(90)   Other: 0.3ms
[2023-10-31T02:26:21.321+0000][7][gc,heap     ] GC(90) Eden regions: 66->0(66)
[2023-10-31T02:26:21.321+0000][7][gc,heap     ] GC(90) Survivor regions: 4->4(9)
[2023-10-31T02:26:21.321+0000][7][gc,heap     ] GC(90) Old regions: 27->27
[2023-10-31T02:26:21.321+0000][7][gc,heap     ] GC(90) Archive regions: 2->2
[2023-10-31T02:26:21.321+0000][7][gc,heap     ] GC(90) Humongous regions: 5->5
[2023-10-31T02:26:21.321+0000][7][gc,metaspace] GC(90) Metaspace: 118176K(120000K)->118176K(120000K) NonClass: 102407K(103424K)->102407K(103424K) Class: 15768K(16576K)->15768K(16576K)
[2023-10-31T02:26:21.321+0000][7][gc          ] GC(90) Pause Young (Normal) (G1 Evacuation Pause) 409M->145M(512M) 10.616ms
[2023-10-31T02:26:21.321+0000][7][gc,cpu      ] GC(90) User=0.03s Sys=0.00s Real=0.01s
[2023-10-31T02:26:21.321+0000][7][safepoint   ] Safepoint "G1CollectForAllocation", Time since last: 6358431 ns, Reaching safepoint: 39091 ns, At safepoint: 10677830 ns, Total: 10716921 ns
[2023-10-31T02:26:23.321+0000][7][safepoint   ] Safepoint "Cleanup", Time since last: 2000325582 ns, Reaching safepoint: 159885 ns, At safepoint: 8088 ns, Total: 167973 ns
[2023-10-31T02:26:26.322+0000][7][safepoint   ] Safepoint "Cleanup", Time since last: 3000470696 ns, Reaching safepoint: 71916 ns, At safepoint: 4565 ns, Total: 76481 ns
[2023-10-31T02:26:27.322+0000][7][safepoint   ] Safepoint "Cleanup", Time since last: 1000141824 ns, Reaching safepoint: 91080 ns, At safepoint: 6040 ns, Total: 97120 ns
[2023-10-31T02:26:28.322+0000][7][safepoint   ] Safepoint "Cleanup", Time since last: 1000340728 ns, Reaching safepoint: 33311 ns, At safepoint: 43050 ns, Total: 76361 ns
[2023-10-31T02:26:29.323+0000][7][safepoint   ] Safepoint "Cleanup", Time since last: 1000359257 ns, Reaching safepoint: 55317 ns, At safepoint: 26828 ns, Total: 82145 ns
[2023-10-31T02:26:31.323+0000][7][safepoint   ] Safepoint "Cleanup", Time since last: 2000189598 ns, Reaching safepoint: 73195 ns, At safepoint: 6470 ns, Total: 79665 ns
[2023-10-31T02:26:32.323+0000][7][safepoint   ] Safepoint "Cleanup", Time since last: 1000095407 ns, Reaching safepoint: 57548 ns, At safepoint: 4597 ns, Total: 62145 ns
[2023-10-31T02:26:33.324+0000][7][safepoint   ] Safepoint "Cleanup", Time since last: 1000131483 ns, Reaching safepoint: 58067 ns, At safepoint: 7054 ns, Total: 65121 ns
[2023-10-31T02:26:34.324+0000][7][safepoint   ] Safepoint "Cleanup", Time since last: 1000307456 ns, Reaching safepoint: 29578 ns, At safepoint: 28458 ns, Total: 58036 ns
[2023-10-31T02:26:35.324+0000][7][safepoint   ] Safepoint "Cleanup", Time since last: 1000129295 ns, Reaching safepoint: 33354 ns, At safepoint: 25303 ns, Total: 58657 ns
[2023-10-31T02:26:36.324+0000][7][safepoint   ] Safepoint "Cleanup", Time since last: 1000109405 ns, Reaching safepoint: 91901 ns, At safepoint: 8191 ns, Total: 100092 ns
[2023-10-31T02:26:36.771+0000][7][gc,start    ] GC(91) Pause Young (Normal) (G1 Evacuation Pause)
[2023-10-31T02:26:36.771+0000][7][gc,task     ] GC(91) Using 8 workers of 8 for evacuation
[2023-10-31T02:26:36.771+0000][7][gc,age      ] GC(91) Desired survivor size 18874368 bytes, new threshold 15 (max threshold 15)
[2023-10-31T02:26:36.784+0000][7][gc,age      ] GC(91) Age table with threshold 15 (max threshold 15)
[2023-10-31T02:26:36.784+0000][7][gc,age      ] GC(91) - age   1:    1309280 bytes,    1309280 total
[2023-10-31T02:26:36.784+0000][7][gc,age      ] GC(91) - age   2:     438960 bytes,    1748240 total
[2023-10-31T02:26:36.784+0000][7][gc,age      ] GC(91) - age   3:     304992 bytes,    2053232 total
[2023-10-31T02:26:36.784+0000][7][gc,age      ] GC(91) - age   4:    2341280 bytes,    4394512 total
[2023-10-31T02:26:36.784+0000][7][gc,age      ] GC(91) - age   5:    1402136 bytes,    5796648 total
[2023-10-31T02:26:36.784+0000][7][gc,age      ] GC(91) - age   6:     515784 bytes,    6312432 total
[2023-10-31T02:26:36.784+0000][7][gc,age      ] GC(91) - age   7:    1091888 bytes,    7404320 total
[2023-10-31T02:26:36.784+0000][7][gc,age      ] GC(91) - age   8:     237392 bytes,    7641712 total
[2023-10-31T02:26:36.784+0000][7][gc,age      ] GC(91) - age   9:     358008 bytes,    7999720 total
[2023-10-31T02:26:36.784+0000][7][gc,age      ] GC(91) - age  10:     322552 bytes,    8322272 total
[2023-10-31T02:26:36.784+0000][7][gc,age      ] GC(91) - age  11:     269848 bytes,    8592120 total
[2023-10-31T02:26:36.784+0000][7][gc,age      ] GC(91) - age  12:     234736 bytes,    8826856 total
[2023-10-31T02:26:36.784+0000][7][gc,age      ] GC(91) - age  13:     373096 bytes,    9199952 total
[2023-10-31T02:26:36.784+0000][7][gc,age      ] GC(91) - age  14:    1912512 bytes,   11112464 total
[2023-10-31T02:26:36.784+0000][7][gc,age      ] GC(91) - age  15:     528960 bytes,   11641424 total
[2023-10-31T02:26:36.784+0000][7][gc,phases   ] GC(91)   Pre Evacuate Collection Set: 0.1ms
[2023-10-31T02:26:36.784+0000][7][gc,phases   ] GC(91)   Merge Heap Roots: 0.0ms
[2023-10-31T02:26:36.784+0000][7][gc,phases   ] GC(91)   Evacuate Collection Set: 12.1ms
[2023-10-31T02:26:36.784+0000][7][gc,phases   ] GC(91)   Post Evacuate Collection Set: 0.6ms
[2023-10-31T02:26:36.784+0000][7][gc,phases   ] GC(91)   Other: 0.4ms
[2023-10-31T02:26:36.784+0000][7][gc,heap     ] GC(91) Eden regions: 66->0(67)
[2023-10-31T02:26:36.784+0000][7][gc,heap     ] GC(91) Survivor regions: 4->3(9)
[2023-10-31T02:26:36.784+0000][7][gc,heap     ] GC(91) Old regions: 27->28
[2023-10-31T02:26:36.784+0000][7][gc,heap     ] GC(91) Archive regions: 2->2
[2023-10-31T02:26:36.784+0000][7][gc,heap     ] GC(91) Humongous regions: 5->5
[2023-10-31T02:26:36.784+0000][7][gc,metaspace] GC(91) Metaspace: 118176K(120000K)->118176K(120000K) NonClass: 102407K(103424K)->102407K(103424K) Class: 15768K(16576K)->15768K(16576K)
[2023-10-31T02:26:36.784+0000][7][gc          ] GC(91) Pause Young (Normal) (G1 Evacuation Pause) 409M->145M(512M) 13.284ms
[2023-10-31T02:26:36.784+0000][7][gc,cpu      ] GC(91) User=0.02s Sys=0.01s Real=0.01s
[2023-10-31T02:26:36.784+0000][7][safepoint   ] Safepoint "G1CollectForAllocation", Time since last: 446384345 ns, Reaching safepoint: 33129 ns, At safepoint: 13385044 ns, Total: 13418173 ns
[2023-10-31T02:26:38.784+0000][7][safepoint   ] Safepoint "Cleanup", Time since last: 2000293168 ns, Reaching safepoint: 83045 ns, At safepoint: 7807 ns, Total: 90852 ns
[2023-10-31T02:26:41.785+0000][7][safepoint   ] Safepoint "Cleanup", Time since last: 3000285538 ns, Reaching safepoint: 109953 ns, At safepoint: 4572 ns, Total: 114525 ns
[2023-10-31T02:26:43.786+0000][7][safepoint   ] Safepoint "Cleanup", Time since last: 2000506729 ns, Reaching safepoint: 103011 ns, At safepoint: 5931 ns, Total: 108942 ns
[2023-10-31T02:26:44.786+0000][7][safepoint   ] Safepoint "Cleanup", Time since last: 1000154494 ns, Reaching safepoint: 35737 ns, At safepoint: 3744 ns, Total: 39481 ns
[2023-10-31T02:26:46.786+0000][7][safepoint   ] Safepoint "Cleanup", Time since last: 2000459588 ns, Reaching safepoint: 79384 ns, At safepoint: 8444 ns, Total: 87828 ns
[2023-10-31T02:26:47.787+0000][7][safepoint   ] Safepoint "Cleanup", Time since last: 1000166151 ns, Reaching safepoint: 98525 ns, At safepoint: 10661 ns, Total: 109186 ns
[2023-10-31T02:26:48.787+0000][7][safepoint   ] Safepoint "Cleanup", Time since last: 1000093813 ns, Reaching safepoint: 66265 ns, At safepoint: 4017 ns, Total: 70282 ns
[2023-10-31T02:26:50.787+0000][7][safepoint   ] Safepoint "Cleanup", Time since last: 2000205482 ns, Reaching safepoint: 84873 ns, At safepoint: 4349 ns, Total: 89222 ns
[2023-10-31T02:26:51.233+0000][7][gc,start    ] GC(92) Pause Young (Normal) (G1 Evacuation Pause)
[2023-10-31T02:26:51.233+0000][7][gc,task     ] GC(92) Using 8 workers of 8 for evacuation
[2023-10-31T02:26:51.233+0000][7][gc,age      ] GC(92) Desired survivor size 18874368 bytes, new threshold 15 (max threshold 15)
[2023-10-31T02:26:51.244+0000][7][gc,age      ] GC(92) Age table with threshold 15 (max threshold 15)
[2023-10-31T02:26:51.244+0000][7][gc,age      ] GC(92) - age   1:    3084456 bytes,    3084456 total
[2023-10-31T02:26:51.244+0000][7][gc,age      ] GC(92) - age   2:     484320 bytes,    3568776 total
[2023-10-31T02:26:51.244+0000][7][gc,age      ] GC(92) - age   3:     437392 bytes,    4006168 total
[2023-10-31T02:26:51.244+0000][7][gc,age      ] GC(92) - age   4:     304544 bytes,    4310712 total
[2023-10-31T02:26:51.244+0000][7][gc,age      ] GC(92) - age   5:    2341152 bytes,    6651864 total
[2023-10-31T02:26:51.244+0000][7][gc,age      ] GC(92) - age   6:    1401752 bytes,    8053616 total
[2023-10-31T02:26:51.244+0000][7][gc,age      ] GC(92) - age   7:     515688 bytes,    8569304 total
[2023-10-31T02:26:51.244+0000][7][gc,age      ] GC(92) - age   8:    1091888 bytes,    9661192 total
[2023-10-31T02:26:51.244+0000][7][gc,age      ] GC(92) - age   9:     237392 bytes,    9898584 total
[2023-10-31T02:26:51.244+0000][7][gc,age      ] GC(92) - age  10:     357944 bytes,   10256528 total
[2023-10-31T02:26:51.244+0000][7][gc,age      ] GC(92) - age  11:     322552 bytes,   10579080 total
[2023-10-31T02:26:51.244+0000][7][gc,age      ] GC(92) - age  12:     269848 bytes,   10848928 total
[2023-10-31T02:26:51.244+0000][7][gc,age      ] GC(92) - age  13:     234736 bytes,   11083664 total
[2023-10-31T02:26:51.244+0000][7][gc,age      ] GC(92) - age  14:     373096 bytes,   11456760 total
[2023-10-31T02:26:51.244+0000][7][gc,age      ] GC(92) - age  15:     610688 bytes,   12067448 total
[2023-10-31T02:26:51.244+0000][7][gc,phases   ] GC(92)   Pre Evacuate Collection Set: 0.1ms
[2023-10-31T02:26:51.244+0000][7][gc,phases   ] GC(92)   Merge Heap Roots: 0.0ms
[2023-10-31T02:26:51.244+0000][7][gc,phases   ] GC(92)   Evacuate Collection Set: 9.9ms
[2023-10-31T02:26:51.244+0000][7][gc,phases   ] GC(92)   Post Evacuate Collection Set: 0.6ms
[2023-10-31T02:26:51.244+0000][7][gc,phases   ] GC(92)   Other: 0.3ms
[2023-10-31T02:26:51.244+0000][7][gc,heap     ] GC(92) Eden regions: 67->0(67)
[2023-10-31T02:26:51.244+0000][7][gc,heap     ] GC(92) Survivor regions: 3->3(9)
[2023-10-31T02:26:51.244+0000][7][gc,heap     ] GC(92) Old regions: 28->28
[2023-10-31T02:26:51.244+0000][7][gc,heap     ] GC(92) Archive regions: 2->2
[2023-10-31T02:26:51.244+0000][7][gc,heap     ] GC(92) Humongous regions: 5->5
[2023-10-31T02:26:51.244+0000][7][gc,metaspace] GC(92) Metaspace: 118194K(120064K)->118194K(120064K) NonClass: 102424K(103488K)->102424K(103488K) Class: 15769K(16576K)->15769K(16576K)
[2023-10-31T02:26:51.244+0000][7][gc          ] GC(92) Pause Young (Normal) (G1 Evacuation Pause) 413M->146M(512M) 11.007ms
[2023-10-31T02:26:51.244+0000][7][gc,cpu      ] GC(92) User=0.03s Sys=0.00s Real=0.01s
[2023-10-31T02:26:51.244+0000][7][safepoint   ] Safepoint "G1CollectForAllocation", Time since last: 446110850 ns, Reaching safepoint: 69551 ns, At safepoint: 11081180 ns, Total: 11150731 ns
[2023-10-31T02:26:53.245+0000][7][safepoint   ] Safepoint "Cleanup", Time since last: 2000401129 ns, Reaching safepoint: 29014 ns, At safepoint: 4034 ns, Total: 33048 ns
[2023-10-31T02:26:54.245+0000][7][safepoint   ] Safepoint "Cleanup", Time since last: 1000393088 ns, Reaching safepoint: 96570 ns, At safepoint: 7545 ns, Total: 104115 ns
[2023-10-31T02:26:56.246+0000][7][safepoint   ] Safepoint "Cleanup", Time since last: 2000411638 ns, Reaching safepoint: 51512 ns, At safepoint: 5831 ns, Total: 57343 ns
[2023-10-31T02:26:57.246+0000][7][safepoint   ] Safepoint "Cleanup", Time since last: 1000117617 ns, Reaching safepoint: 59064 ns, At safepoint: 18701 ns, Total: 77765 ns
[2023-10-31T02:26:59.246+0000][7][safepoint   ] Safepoint "Cleanup", Time since last: 2000423540 ns, Reaching safepoint: 157194 ns, At safepoint: 24705 ns, Total: 181899 ns
[2023-10-31T02:27:00.247+0000][7][safepoint   ] Safepoint "Cleanup", Time since last: 1000260483 ns, Reaching safepoint: 89565 ns, At safepoint: 6802 ns, Total: 96367 ns
[2023-10-31T02:27:01.247+0000][7][safepoint   ] Safepoint "Cleanup", Time since last: 1000104499 ns, Reaching safepoint: 70503 ns, At safepoint: 8098 ns, Total: 78601 ns
[2023-10-31T02:27:03.247+0000][7][safepoint   ] Safepoint "Cleanup", Time since last: 2000280191 ns, Reaching safepoint: 93680 ns, At safepoint: 12893 ns, Total: 106573 ns
[2023-10-31T02:27:04.248+0000][7][safepoint   ] Safepoint "Cleanup", Time since last: 1000115684 ns, Reaching safepoint: 58067 ns, At safepoint: 26111 ns, Total: 84178 ns
[2023-10-31T02:27:05.294+0000][7][gc,start    ] GC(93) Pause Young (Normal) (G1 Evacuation Pause)
[2023-10-31T02:27:05.294+0000][7][gc,task     ] GC(93) Using 8 workers of 8 for evacuation
[2023-10-31T02:27:05.294+0000][7][gc,age      ] GC(93) Desired survivor size 18874368 bytes, new threshold 15 (max threshold 15)
[2023-10-31T02:27:05.300+0000][7][gc,age      ] GC(93) Age table with threshold 15 (max threshold 15)
[2023-10-31T02:27:05.301+0000][7][gc,age      ] GC(93) - age   1:    3343536 bytes,    3343536 total
[2023-10-31T02:27:05.301+0000][7][gc,age      ] GC(93) - age   2:    1734128 bytes,    5077664 total
[2023-10-31T02:27:05.301+0000][7][gc,age      ] GC(93) - age   3:     471632 bytes,    5549296 total
[2023-10-31T02:27:05.301+0000][7][gc,age      ] GC(93) - age   4:     437072 bytes,    5986368 total
[2023-10-31T02:27:05.301+0000][7][gc,age      ] GC(93) - age   5:     303504 bytes,    6289872 total
[2023-10-31T02:27:05.301+0000][7][gc,age      ] GC(93) - age   6:    2341152 bytes,    8631024 total
[2023-10-31T02:27:05.301+0000][7][gc,age      ] GC(93) - age   7:    1401624 bytes,   10032648 total
[2023-10-31T02:27:05.301+0000][7][gc,age      ] GC(93) - age   8:     308600 bytes,   10341248 total
[2023-10-31T02:27:05.301+0000][7][gc,age      ] GC(93) - age   9:     236312 bytes,   10577560 total
[2023-10-31T02:27:05.301+0000][7][gc,age      ] GC(93) - age  10:     237392 bytes,   10814952 total
[2023-10-31T02:27:05.301+0000][7][gc,age      ] GC(93) - age  11:     357632 bytes,   11172584 total
[2023-10-31T02:27:05.301+0000][7][gc,age      ] GC(93) - age  12:     322552 bytes,   11495136 total
[2023-10-31T02:27:05.301+0000][7][gc,age      ] GC(93) - age  13:     269848 bytes,   11764984 total
[2023-10-31T02:27:05.301+0000][7][gc,age      ] GC(93) - age  14:     234736 bytes,   11999720 total
[2023-10-31T02:27:05.301+0000][7][gc,age      ] GC(93) - age  15:     373096 bytes,   12372816 total
[2023-10-31T02:27:05.301+0000][7][gc,phases   ] GC(93)   Pre Evacuate Collection Set: 0.2ms
[2023-10-31T02:27:05.301+0000][7][gc,phases   ] GC(93)   Merge Heap Roots: 0.1ms
[2023-10-31T02:27:05.301+0000][7][gc,phases   ] GC(93)   Evacuate Collection Set: 6.1ms
[2023-10-31T02:27:05.301+0000][7][gc,phases   ] GC(93)   Post Evacuate Collection Set: 0.5ms
[2023-10-31T02:27:05.301+0000][7][gc,phases   ] GC(93)   Other: 0.4ms
[2023-10-31T02:27:05.301+0000][7][gc,heap     ] GC(93) Eden regions: 67->0(65)
[2023-10-31T02:27:05.301+0000][7][gc,heap     ] GC(93) Survivor regions: 3->4(9)
[2023-10-31T02:27:05.301+0000][7][gc,heap     ] GC(93) Old regions: 28->28
[2023-10-31T02:27:05.301+0000][7][gc,heap     ] GC(93) Archive regions: 2->2
[2023-10-31T02:27:05.301+0000][7][gc,heap     ] GC(93) Humongous regions: 5->5
[2023-10-31T02:27:05.301+0000][7][gc,metaspace] GC(93) Metaspace: 118233K(120064K)->118233K(120064K) NonClass: 102464K(103488K)->102464K(103488K) Class: 15769K(16576K)->15769K(16576K)
[2023-10-31T02:27:05.301+0000][7][gc          ] GC(93) Pause Young (Normal) (G1 Evacuation Pause) 414M->147M(512M) 7.252ms
[2023-10-31T02:27:05.301+0000][7][gc,cpu      ] GC(93) User=0.03s Sys=0.00s Real=0.01s
[2023-10-31T02:27:05.301+0000][7][safepoint   ] Safepoint "G1CollectForAllocation", Time since last: 1045834340 ns, Reaching safepoint: 94467 ns, At safepoint: 7367547 ns, Total: 7462014 ns
[2023-10-31T02:27:06.301+0000][7][safepoint   ] Safepoint "Cleanup", Time since last: 1000075510 ns, Reaching safepoint: 54329 ns, At safepoint: 4406 ns, Total: 58735 ns
[2023-10-31T02:27:08.301+0000][7][safepoint   ] Safepoint "Cleanup", Time since last: 2000190448 ns, Reaching safepoint: 69600 ns, At safepoint: 22254 ns, Total: 91854 ns
[2023-10-31T02:27:09.301+0000][7][safepoint   ] Safepoint "Cleanup", Time since last: 1000094901 ns, Reaching safepoint: 59046 ns, At safepoint: 25580 ns, Total: 84626 ns
[2023-10-31T02:27:11.302+0000][7][safepoint   ] Safepoint "Cleanup", Time since last: 2000163974 ns, Reaching safepoint: 61116 ns, At safepoint: 9815 ns, Total: 70931 ns
[2023-10-31T02:27:14.302+0000][7][safepoint   ] Safepoint "Cleanup", Time since last: 3000413546 ns, Reaching safepoint: 161872 ns, At safepoint: 9052 ns, Total: 170924 ns
[2023-10-31T02:27:16.303+0000][7][safepoint   ] Safepoint "Cleanup", Time since last: 2000369901 ns, Reaching safepoint: 154824 ns, At safepoint: 4540 ns, Total: 159364 ns
[2023-10-31T02:27:17.303+0000][7][safepoint   ] Safepoint "Cleanup", Time since last: 1000125815 ns, Reaching safepoint: 50891 ns, At safepoint: 5335 ns, Total: 56226 ns
[2023-10-31T02:27:19.303+0000][7][safepoint   ] Safepoint "Cleanup", Time since last: 2000281288 ns, Reaching safepoint: 114372 ns, At safepoint: 6407 ns, Total: 120779 ns
[2023-10-31T02:27:20.304+0000][7][safepoint   ] Safepoint "Cleanup", Time since last: 1000093630 ns, Reaching safepoint: 71644 ns, At safepoint: 5563 ns, Total: 77207 ns
[2023-10-31T02:27:20.471+0000][7][gc,start    ] GC(94) Pause Young (Normal) (G1 Evacuation Pause)
[2023-10-31T02:27:20.471+0000][7][gc,task     ] GC(94) Using 8 workers of 8 for evacuation
[2023-10-31T02:27:20.471+0000][7][gc,age      ] GC(94) Desired survivor size 18874368 bytes, new threshold 15 (max threshold 15)
[2023-10-31T02:27:20.476+0000][7][gc,age      ] GC(94) Age table with threshold 15 (max threshold 15)
[2023-10-31T02:27:20.476+0000][7][gc,age      ] GC(94) - age   1:    2652928 bytes,    2652928 total
[2023-10-31T02:27:20.476+0000][7][gc,age      ] GC(94) - age   2:    1613400 bytes,    4266328 total
[2023-10-31T02:27:20.476+0000][7][gc,age      ] GC(94) - age   3:    1732728 bytes,    5999056 total
[2023-10-31T02:27:20.476+0000][7][gc,age      ] GC(94) - age   4:     434376 bytes,    6433432 total
[2023-10-31T02:27:20.476+0000][7][gc,age      ] GC(94) - age   5:     300192 bytes,    6733624 total
[2023-10-31T02:27:20.476+0000][7][gc,age      ] GC(94) - age   6:     303120 bytes,    7036744 total
[2023-10-31T02:27:20.476+0000][7][gc,age      ] GC(94) - age   7:    1760560 bytes,    8797304 total
[2023-10-31T02:27:20.476+0000][7][gc,age      ] GC(94) - age   8:    1401560 bytes,   10198864 total
[2023-10-31T02:27:20.476+0000][7][gc,age      ] GC(94) - age   9:     299520 bytes,   10498384 total
[2023-10-31T02:27:20.476+0000][7][gc,age      ] GC(94) - age  10:     236312 bytes,   10734696 total
[2023-10-31T02:27:20.476+0000][7][gc,age      ] GC(94) - age  11:     237392 bytes,   10972088 total
[2023-10-31T02:27:20.476+0000][7][gc,age      ] GC(94) - age  12:     357632 bytes,   11329720 total
[2023-10-31T02:27:20.476+0000][7][gc,age      ] GC(94) - age  13:     322552 bytes,   11652272 total
[2023-10-31T02:27:20.476+0000][7][gc,age      ] GC(94) - age  14:     269848 bytes,   11922120 total
[2023-10-31T02:27:20.476+0000][7][gc,age      ] GC(94) - age  15:     234736 bytes,   12156856 total
[2023-10-31T02:27:20.476+0000][7][gc,phases   ] GC(94)   Pre Evacuate Collection Set: 0.1ms
[2023-10-31T02:27:20.476+0000][7][gc,phases   ] GC(94)   Merge Heap Roots: 0.0ms
[2023-10-31T02:27:20.476+0000][7][gc,phases   ] GC(94)   Evacuate Collection Set: 4.2ms
[2023-10-31T02:27:20.476+0000][7][gc,phases   ] GC(94)   Post Evacuate Collection Set: 0.5ms
[2023-10-31T02:27:20.476+0000][7][gc,phases   ] GC(94)   Other: 0.3ms
[2023-10-31T02:27:20.476+0000][7][gc,heap     ] GC(94) Eden regions: 65->0(67)
[2023-10-31T02:27:20.476+0000][7][gc,heap     ] GC(94) Survivor regions: 4->3(9)
[2023-10-31T02:27:20.476+0000][7][gc,heap     ] GC(94) Old regions: 28->28
[2023-10-31T02:27:20.476+0000][7][gc,heap     ] GC(94) Archive regions: 2->2
[2023-10-31T02:27:20.476+0000][7][gc,heap     ] GC(94) Humongous regions: 5->5
[2023-10-31T02:27:20.476+0000][7][gc,metaspace] GC(94) Metaspace: 118235K(120064K)->118235K(120064K) NonClass: 102465K(103488K)->102465K(103488K) Class: 15769K(16576K)->15769K(16576K)
[2023-10-31T02:27:20.476+0000][7][gc          ] GC(94) Pause Young (Normal) (G1 Evacuation Pause) 407M->147M(512M) 5.119ms
[2023-10-31T02:27:20.476+0000][7][gc,cpu      ] GC(94) User=0.02s Sys=0.00s Real=0.00s
[2023-10-31T02:27:20.476+0000][7][safepoint   ] Safepoint "G1CollectForAllocation", Time since last: 167105108 ns, Reaching safepoint: 27015 ns, At safepoint: 5226007 ns, Total: 5253022 ns
[2023-10-31T02:27:21.476+0000][7][safepoint   ] Safepoint "Cleanup", Time since last: 1000364897 ns, Reaching safepoint: 39114 ns, At safepoint: 3573 ns, Total: 42687 ns
[2023-10-31T02:27:22.477+0000][7][safepoint   ] Safepoint "Cleanup", Time since last: 1000170174 ns, Reaching safepoint: 45434 ns, At safepoint: 4348 ns, Total: 49782 ns
[2023-10-31T02:27:23.477+0000][7][safepoint   ] Safepoint "Cleanup", Time since last: 1000120991 ns, Reaching safepoint: 37908 ns, At safepoint: 5258 ns, Total: 43166 ns
[2023-10-31T02:27:26.477+0000][7][safepoint   ] Safepoint "Cleanup", Time since last: 3000504213 ns, Reaching safepoint: 153142 ns, At safepoint: 5465 ns, Total: 158607 ns
[2023-10-31T02:27:28.478+0000][7][safepoint   ] Safepoint "Cleanup", Time since last: 2000254514 ns, Reaching safepoint: 71601 ns, At safepoint: 4830 ns, Total: 76431 ns
[2023-10-31T02:27:29.478+0000][7][safepoint   ] Safepoint "Cleanup", Time since last: 1000139369 ns, Reaching safepoint: 78044 ns, At safepoint: 6515 ns, Total: 84559 ns
[2023-10-31T02:27:31.479+0000][7][safepoint   ] Safepoint "Cleanup", Time since last: 2000420913 ns, Reaching safepoint: 165770 ns, At safepoint: 20971 ns, Total: 186741 ns
[2023-10-31T02:27:32.479+0000][7][safepoint   ] Safepoint "Cleanup", Time since last: 1000233005 ns, Reaching safepoint: 80530 ns, At safepoint: 15402 ns, Total: 95932 ns
[2023-10-31T02:27:33.479+0000][7][safepoint   ] Safepoint "Cleanup", Time since last: 1000245232 ns, Reaching safepoint: 147293 ns, At safepoint: 5554 ns, Total: 152847 ns
[2023-10-31T02:27:35.480+0000][7][safepoint   ] Safepoint "Cleanup", Time since last: 2000310355 ns, Reaching safepoint: 89876 ns, At safepoint: 4705 ns, Total: 94581 ns
[2023-10-31T02:27:35.707+0000][7][gc,start    ] GC(95) Pause Young (Normal) (G1 Evacuation Pause)
[2023-10-31T02:27:35.707+0000][7][gc,task     ] GC(95) Using 8 workers of 8 for evacuation
[2023-10-31T02:27:35.707+0000][7][gc,age      ] GC(95) Desired survivor size 18874368 bytes, new threshold 15 (max threshold 15)
[2023-10-31T02:27:35.711+0000][7][gc,age      ] GC(95) Age table with threshold 15 (max threshold 15)
[2023-10-31T02:27:35.711+0000][7][gc,age      ] GC(95) - age   1:    1546760 bytes,    1546760 total
[2023-10-31T02:27:35.711+0000][7][gc,age      ] GC(95) - age   2:    1031608 bytes,    2578368 total
[2023-10-31T02:27:35.711+0000][7][gc,age      ] GC(95) - age   3:    1467392 bytes,    4045760 total
[2023-10-31T02:27:35.711+0000][7][gc,age      ] GC(95) - age   4:    1732472 bytes,    5778232 total
[2023-10-31T02:27:35.711+0000][7][gc,age      ] GC(95) - age   5:     433928 bytes,    6212160 total
[2023-10-31T02:27:35.711+0000][7][gc,age      ] GC(95) - age   6:     300096 bytes,    6512256 total
[2023-10-31T02:27:35.712+0000][7][gc,age      ] GC(95) - age   7:     303056 bytes,    6815312 total
[2023-10-31T02:27:35.712+0000][7][gc,age      ] GC(95) - age   8:    1760560 bytes,    8575872 total
[2023-10-31T02:27:35.712+0000][7][gc,age      ] GC(95) - age   9:    1399248 bytes,    9975120 total
[2023-10-31T02:27:35.712+0000][7][gc,age      ] GC(95) - age  10:     299520 bytes,   10274640 total
[2023-10-31T02:27:35.712+0000][7][gc,age      ] GC(95) - age  11:     235968 bytes,   10510608 total
[2023-10-31T02:27:35.712+0000][7][gc,age      ] GC(95) - age  12:     237392 bytes,   10748000 total
[2023-10-31T02:27:35.712+0000][7][gc,age      ] GC(95) - age  13:     357632 bytes,   11105632 total
[2023-10-31T02:27:35.712+0000][7][gc,age      ] GC(95) - age  14:     322552 bytes,   11428184 total
[2023-10-31T02:27:35.712+0000][7][gc,age      ] GC(95) - age  15:     269848 bytes,   11698032 total
[2023-10-31T02:27:35.712+0000][7][gc,phases   ] GC(95)   Pre Evacuate Collection Set: 0.1ms
[2023-10-31T02:27:35.712+0000][7][gc,phases   ] GC(95)   Merge Heap Roots: 0.1ms
[2023-10-31T02:27:35.712+0000][7][gc,phases   ] GC(95)   Evacuate Collection Set: 3.5ms
[2023-10-31T02:27:35.712+0000][7][gc,phases   ] GC(95)   Post Evacuate Collection Set: 0.5ms
[2023-10-31T02:27:35.712+0000][7][gc,phases   ] GC(95)   Other: 0.3ms
[2023-10-31T02:27:35.712+0000][7][gc,heap     ] GC(95) Eden regions: 67->0(67)
[2023-10-31T02:27:35.712+0000][7][gc,heap     ] GC(95) Survivor regions: 3->3(9)
[2023-10-31T02:27:35.712+0000][7][gc,heap     ] GC(95) Old regions: 28->28
[2023-10-31T02:27:35.712+0000][7][gc,heap     ] GC(95) Archive regions: 2->2
[2023-10-31T02:27:35.712+0000][7][gc,heap     ] GC(95) Humongous regions: 5->5
[2023-10-31T02:27:35.712+0000][7][gc,metaspace] GC(95) Metaspace: 118236K(120064K)->118236K(120064K) NonClass: 102467K(103488K)->102467K(103488K) Class: 15769K(16576K)->15769K(16576K)
[2023-10-31T02:27:35.712+0000][7][gc          ] GC(95) Pause Young (Normal) (G1 Evacuation Pause) 415M->146M(512M) 4.500ms
[2023-10-31T02:27:35.712+0000][7][gc,cpu      ] GC(95) User=0.03s Sys=0.00s Real=0.00s
[2023-10-31T02:27:35.712+0000][7][safepoint   ] Safepoint "G1CollectForAllocation", Time since last: 227398793 ns, Reaching safepoint: 30085 ns, At safepoint: 4601029 ns, Total: 4631114 ns
[2023-10-31T02:27:36.712+0000][7][safepoint   ] Safepoint "Cleanup", Time since last: 1000121163 ns, Reaching safepoint: 180723 ns, At safepoint: 3743 ns, Total: 184466 ns
[2023-10-31T02:27:38.558+0000][7][safepoint   ] Safepoint "Cleanup", Time since last: 1845632716 ns, Reaching safepoint: 63590 ns, At safepoint: 3499 ns, Total: 67089 ns
[2023-10-31T02:27:39.558+0000][7][safepoint   ] Safepoint "Cleanup", Time since last: 1000235562 ns, Reaching safepoint: 153792 ns, At safepoint: 5741 ns, Total: 159533 ns
[2023-10-31T02:27:41.559+0000][7][safepoint   ] Safepoint "Cleanup", Time since last: 2000499607 ns, Reaching safepoint: 85118 ns, At safepoint: 5545 ns, Total: 90663 ns
[2023-10-31T02:27:43.559+0000][7][safepoint   ] Safepoint "Cleanup", Time since last: 2000372625 ns, Reaching safepoint: 80350 ns, At safepoint: 4634 ns, Total: 84984 ns
[2023-10-31T02:27:44.559+0000][7][safepoint   ] Safepoint "Cleanup", Time since last: 1000089406 ns, Reaching safepoint: 74334 ns, At safepoint: 7902 ns, Total: 82236 ns
[2023-10-31T02:27:46.560+0000][7][safepoint   ] Safepoint "Cleanup", Time since last: 2000188656 ns, Reaching safepoint: 46064 ns, At safepoint: 3647 ns, Total: 49711 ns
[2023-10-31T02:27:47.560+0000][7][safepoint   ] Safepoint "Cleanup", Time since last: 1000193252 ns, Reaching safepoint: 180385 ns, At safepoint: 7772 ns, Total: 188157 ns
[2023-10-31T02:27:48.560+0000][7][safepoint   ] Safepoint "Cleanup", Time since last: 1000107137 ns, Reaching safepoint: 53231 ns, At safepoint: 5171 ns, Total: 58402 ns
[2023-10-31T02:27:50.561+0000][7][safepoint   ] Safepoint "Cleanup", Time since last: 2000440962 ns, Reaching safepoint: 57127 ns, At safepoint: 5463 ns, Total: 62590 ns
[2023-10-31T02:27:50.773+0000][7][gc,start    ] GC(96) Pause Young (Normal) (G1 Evacuation Pause)
[2023-10-31T02:27:50.773+0000][7][gc,task     ] GC(96) Using 8 workers of 8 for evacuation
[2023-10-31T02:27:50.773+0000][7][gc,age      ] GC(96) Desired survivor size 18874368 bytes, new threshold 15 (max threshold 15)
[2023-10-31T02:27:50.781+0000][7][gc,age      ] GC(96) Age table with threshold 15 (max threshold 15)
[2023-10-31T02:27:50.781+0000][7][gc,age      ] GC(96) - age   1:    2991504 bytes,    2991504 total
[2023-10-31T02:27:50.781+0000][7][gc,age      ] GC(96) - age   2:     318936 bytes,    3310440 total
[2023-10-31T02:27:50.781+0000][7][gc,age      ] GC(96) - age   3:    1030120 bytes,    4340560 total
[2023-10-31T02:27:50.781+0000][7][gc,age      ] GC(96) - age   4:    1466464 bytes,    5807024 total
[2023-10-31T02:27:50.781+0000][7][gc,age      ] GC(96) - age   5:    1731960 bytes,    7538984 total
[2023-10-31T02:27:50.781+0000][7][gc,age      ] GC(96) - age   6:     433512 bytes,    7972496 total
[2023-10-31T02:27:50.781+0000][7][gc,age      ] GC(96) - age   7:     299904 bytes,    8272400 total
[2023-10-31T02:27:50.781+0000][7][gc,age      ] GC(96) - age   8:     302896 bytes,    8575296 total
[2023-10-31T02:27:50.781+0000][7][gc,age      ] GC(96) - age   9:     271072 bytes,    8846368 total
[2023-10-31T02:27:50.781+0000][7][gc,age      ] GC(96) - age  10:    1399136 bytes,   10245504 total
[2023-10-31T02:27:50.781+0000][7][gc,age      ] GC(96) - age  11:     299424 bytes,   10544928 total
[2023-10-31T02:27:50.781+0000][7][gc,age      ] GC(96) - age  12:     235968 bytes,   10780896 total
[2023-10-31T02:27:50.781+0000][7][gc,age      ] GC(96) - age  13:     237392 bytes,   11018288 total
[2023-10-31T02:27:50.781+0000][7][gc,age      ] GC(96) - age  14:     357632 bytes,   11375920 total
[2023-10-31T02:27:50.781+0000][7][gc,age      ] GC(96) - age  15:     322552 bytes,   11698472 total
[2023-10-31T02:27:50.781+0000][7][gc,phases   ] GC(96)   Pre Evacuate Collection Set: 0.1ms
[2023-10-31T02:27:50.781+0000][7][gc,phases   ] GC(96)   Merge Heap Roots: 0.0ms
[2023-10-31T02:27:50.781+0000][7][gc,phases   ] GC(96)   Evacuate Collection Set: 6.5ms
[2023-10-31T02:27:50.781+0000][7][gc,phases   ] GC(96)   Post Evacuate Collection Set: 0.6ms
[2023-10-31T02:27:50.781+0000][7][gc,phases   ] GC(96)   Other: 0.4ms
[2023-10-31T02:27:50.781+0000][7][gc,heap     ] GC(96) Eden regions: 67->0(67)
[2023-10-31T02:27:50.781+0000][7][gc,heap     ] GC(96) Survivor regions: 3->3(9)
[2023-10-31T02:27:50.781+0000][7][gc,heap     ] GC(96) Old regions: 28->28
[2023-10-31T02:27:50.781+0000][7][gc,heap     ] GC(96) Archive regions: 2->2
[2023-10-31T02:27:50.781+0000][7][gc,heap     ] GC(96) Humongous regions: 5->5
[2023-10-31T02:27:50.781+0000][7][gc,metaspace] GC(96) Metaspace: 118256K(120064K)->118256K(120064K) NonClass: 102487K(103488K)->102487K(103488K) Class: 15769K(16576K)->15769K(16576K)
[2023-10-31T02:27:50.781+0000][7][gc          ] GC(96) Pause Young (Normal) (G1 Evacuation Pause) 414M->147M(512M) 7.697ms
[2023-10-31T02:27:50.781+0000][7][gc,cpu      ] GC(96) User=0.02s Sys=0.01s Real=0.01s
[2023-10-31T02:27:50.781+0000][7][safepoint   ] Safepoint "G1CollectForAllocation", Time since last: 212406004 ns, Reaching safepoint: 40081 ns, At safepoint: 7820476 ns, Total: 7860557 ns
[2023-10-31T02:27:51.781+0000][7][safepoint   ] Safepoint "Cleanup", Time since last: 1000120750 ns, Reaching safepoint: 80400 ns, At safepoint: 8803 ns, Total: 89203 ns
[2023-10-31T02:27:52.781+0000][7][safepoint   ] Safepoint "Cleanup", Time since last: 1000096079 ns, Reaching safepoint: 55516 ns, At safepoint: 4448 ns, Total: 59964 ns
[2023-10-31T02:27:53.782+0000][7][safepoint   ] Safepoint "Cleanup", Time since last: 1000271657 ns, Reaching safepoint: 153247 ns, At safepoint: 4688 ns, Total: 157935 ns
[2023-10-31T02:27:56.782+0000][7][safepoint   ] Safepoint "Cleanup", Time since last: 3000424547 ns, Reaching safepoint: 163221 ns, At safepoint: 5180 ns, Total: 168401 ns
[2023-10-31T02:27:58.783+0000][7][safepoint   ] Safepoint "Cleanup", Time since last: 2000304625 ns, Reaching safepoint: 68281 ns, At safepoint: 22896 ns, Total: 91177 ns
[2023-10-31T02:27:59.783+0000][7][safepoint   ] Safepoint "Cleanup", Time since last: 1000112168 ns, Reaching safepoint: 37631 ns, At safepoint: 5136 ns, Total: 42767 ns
[2023-10-31T02:28:01.783+0000][7][safepoint   ] Safepoint "Cleanup", Time since last: 2000303181 ns, Reaching safepoint: 107272 ns, At safepoint: 40190 ns, Total: 147462 ns
[2023-10-31T02:28:02.783+0000][7][safepoint   ] Safepoint "Cleanup", Time since last: 1000128796 ns, Reaching safepoint: 83720 ns, At safepoint: 4962 ns, Total: 88682 ns
[2023-10-31T02:28:03.784+0000][7][safepoint   ] Safepoint "Cleanup", Time since last: 1000156903 ns, Reaching safepoint: 56091 ns, At safepoint: 4908 ns, Total: 60999 ns
[2023-10-31T02:28:05.784+0000][7][safepoint   ] Safepoint "Cleanup", Time since last: 2000263634 ns, Reaching safepoint: 98760 ns, At safepoint: 8673 ns, Total: 107433 ns
[2023-10-31T02:28:06.280+0000][7][gc,start    ] GC(97) Pause Young (Normal) (G1 Evacuation Pause)
[2023-10-31T02:28:06.280+0000][7][gc,task     ] GC(97) Using 8 workers of 8 for evacuation
[2023-10-31T02:28:06.280+0000][7][gc,age      ] GC(97) Desired survivor size 18874368 bytes, new threshold 15 (max threshold 15)
[2023-10-31T02:28:06.287+0000][7][gc,age      ] GC(97) Age table with threshold 15 (max threshold 15)
[2023-10-31T02:28:06.287+0000][7][gc,age      ] GC(97) - age   1:    1261744 bytes,    1261744 total
[2023-10-31T02:28:06.287+0000][7][gc,age      ] GC(97) - age   2:    2052064 bytes,    3313808 total
[2023-10-31T02:28:06.287+0000][7][gc,age      ] GC(97) - age   3:     305224 bytes,    3619032 total
[2023-10-31T02:28:06.287+0000][7][gc,age      ] GC(97) - age   4:     897888 bytes,    4516920 total
[2023-10-31T02:28:06.287+0000][7][gc,age      ] GC(97) - age   5:    1464368 bytes,    5981288 total
[2023-10-31T02:28:06.287+0000][7][gc,age      ] GC(97) - age   6:    1731800 bytes,    7713088 total
[2023-10-31T02:28:06.287+0000][7][gc,age      ] GC(97) - age   7:     432744 bytes,    8145832 total
[2023-10-31T02:28:06.287+0000][7][gc,age      ] GC(97) - age   8:     299776 bytes,    8445608 total
[2023-10-31T02:28:06.287+0000][7][gc,age      ] GC(97) - age   9:     302896 bytes,    8748504 total
[2023-10-31T02:28:06.287+0000][7][gc,age      ] GC(97) - age  10:     269272 bytes,    9017776 total
[2023-10-31T02:28:06.287+0000][7][gc,age      ] GC(97) - age  11:    1399136 bytes,   10416912 total
[2023-10-31T02:28:06.287+0000][7][gc,age      ] GC(97) - age  12:     299424 bytes,   10716336 total
[2023-10-31T02:28:06.287+0000][7][gc,age      ] GC(97) - age  13:     235968 bytes,   10952304 total
[2023-10-31T02:28:06.287+0000][7][gc,age      ] GC(97) - age  14:     237392 bytes,   11189696 total
[2023-10-31T02:28:06.287+0000][7][gc,age      ] GC(97) - age  15:     357632 bytes,   11547328 total
[2023-10-31T02:28:06.287+0000][7][gc,phases   ] GC(97)   Pre Evacuate Collection Set: 0.1ms
[2023-10-31T02:28:06.287+0000][7][gc,phases   ] GC(97)   Merge Heap Roots: 0.0ms
[2023-10-31T02:28:06.287+0000][7][gc,phases   ] GC(97)   Evacuate Collection Set: 6.7ms
[2023-10-31T02:28:06.287+0000][7][gc,phases   ] GC(97)   Post Evacuate Collection Set: 0.4ms
[2023-10-31T02:28:06.287+0000][7][gc,phases   ] GC(97)   Other: 0.3ms
[2023-10-31T02:28:06.287+0000][7][gc,heap     ] GC(97) Eden regions: 67->0(66)
[2023-10-31T02:28:06.287+0000][7][gc,heap     ] GC(97) Survivor regions: 3->3(9)
[2023-10-31T02:28:06.287+0000][7][gc,heap     ] GC(97) Old regions: 28->29
[2023-10-31T02:28:06.287+0000][7][gc,heap     ] GC(97) Archive regions: 2->2
[2023-10-31T02:28:06.287+0000][7][gc,heap     ] GC(97) Humongous regions: 5->5
[2023-10-31T02:28:06.287+0000][7][gc,metaspace] GC(97) Metaspace: 118258K(120064K)->118258K(120064K) NonClass: 102488K(103488K)->102488K(103488K) Class: 15769K(16576K)->15769K(16576K)
[2023-10-31T02:28:06.287+0000][7][gc          ] GC(97) Pause Young (Normal) (G1 Evacuation Pause) 415M->147M(512M) 7.637ms
[2023-10-31T02:28:06.287+0000][7][gc,cpu      ] GC(97) User=0.02s Sys=0.00s Real=0.01s
[2023-10-31T02:28:06.287+0000][7][safepoint   ] Safepoint "G1CollectForAllocation", Time since last: 495547259 ns, Reaching safepoint: 64694 ns, At safepoint: 7701632 ns, Total: 7766326 ns
[2023-10-31T02:28:08.288+0000][7][safepoint   ] Safepoint "Cleanup", Time since last: 2000220304 ns, Reaching safepoint: 64728 ns, At safepoint: 8259 ns, Total: 72987 ns
[2023-10-31T02:28:09.288+0000][7][safepoint   ] Safepoint "Cleanup", Time since last: 1000103518 ns, Reaching safepoint: 54966 ns, At safepoint: 9031 ns, Total: 63997 ns
[2023-10-31T02:28:11.288+0000][7][safepoint   ] Safepoint "Cleanup", Time since last: 2000440878 ns, Reaching safepoint: 151414 ns, At safepoint: 7616 ns, Total: 159030 ns
[2023-10-31T02:28:14.289+0000][7][safepoint   ] Safepoint "Cleanup", Time since last: 3000298901 ns, Reaching safepoint: 37466 ns, At safepoint: 31811 ns, Total: 69277 ns
[2023-10-31T02:28:16.289+0000][7][safepoint   ] Safepoint "Cleanup", Time since last: 2000149838 ns, Reaching safepoint: 76721 ns, At safepoint: 4092 ns, Total: 80813 ns
[2023-10-31T02:28:17.289+0000][7][safepoint   ] Safepoint "Cleanup", Time since last: 1000090739 ns, Reaching safepoint: 51974 ns, At safepoint: 4267 ns, Total: 56241 ns
[2023-10-31T02:28:18.289+0000][7][safepoint   ] Safepoint "Cleanup", Time since last: 1000100664 ns, Reaching safepoint: 34637 ns, At safepoint: 4480 ns, Total: 39117 ns
[2023-10-31T02:28:19.290+0000][7][safepoint   ] Safepoint "Cleanup", Time since last: 1000376723 ns, Reaching safepoint: 51991 ns, At safepoint: 4015 ns, Total: 56006 ns
[2023-10-31T02:28:20.290+0000][7][safepoint   ] Safepoint "Cleanup", Time since last: 1000140605 ns, Reaching safepoint: 120486 ns, At safepoint: 6886 ns, Total: 127372 ns
[2023-10-31T02:28:21.291+0000][7][safepoint   ] Safepoint "Cleanup", Time since last: 1000376654 ns, Reaching safepoint: 157267 ns, At safepoint: 6136 ns, Total: 163403 ns
[2023-10-31T02:28:21.295+0000][7][gc,start    ] GC(98) Pause Young (Normal) (G1 Evacuation Pause)
[2023-10-31T02:28:21.295+0000][7][gc,task     ] GC(98) Using 8 workers of 8 for evacuation
[2023-10-31T02:28:21.295+0000][7][gc,age      ] GC(98) Desired survivor size 18874368 bytes, new threshold 15 (max threshold 15)
[2023-10-31T02:28:21.304+0000][7][gc,age      ] GC(98) Age table with threshold 15 (max threshold 15)
[2023-10-31T02:28:21.304+0000][7][gc,age      ] GC(98) - age   1:    1063096 bytes,    1063096 total
[2023-10-31T02:28:21.304+0000][7][gc,age      ] GC(98) - age   2:     300760 bytes,    1363856 total
[2023-10-31T02:28:21.304+0000][7][gc,age      ] GC(98) - age   3:    2050856 bytes,    3414712 total
[2023-10-31T02:28:21.304+0000][7][gc,age      ] GC(98) - age   4:     304424 bytes,    3719136 total
[2023-10-31T02:28:21.304+0000][7][gc,age      ] GC(98) - age   5:     896568 bytes,    4615704 total
[2023-10-31T02:28:21.304+0000][7][gc,age      ] GC(98) - age   6:    1464112 bytes,    6079816 total
[2023-10-31T02:28:21.304+0000][7][gc,age      ] GC(98) - age   7:    1731736 bytes,    7811552 total
[2023-10-31T02:28:21.304+0000][7][gc,age      ] GC(98) - age   8:     432744 bytes,    8244296 total
[2023-10-31T02:28:21.304+0000][7][gc,age      ] GC(98) - age   9:     299592 bytes,    8543888 total
[2023-10-31T02:28:21.304+0000][7][gc,age      ] GC(98) - age  10:     300880 bytes,    8844768 total
[2023-10-31T02:28:21.304+0000][7][gc,age      ] GC(98) - age  11:     269272 bytes,    9114040 total
[2023-10-31T02:28:21.304+0000][7][gc,age      ] GC(98) - age  12:    1399136 bytes,   10513176 total
[2023-10-31T02:28:21.304+0000][7][gc,age      ] GC(98) - age  13:     299424 bytes,   10812600 total
[2023-10-31T02:28:21.304+0000][7][gc,age      ] GC(98) - age  14:     235968 bytes,   11048568 total
[2023-10-31T02:28:21.304+0000][7][gc,age      ] GC(98) - age  15:     237392 bytes,   11285960 total
[2023-10-31T02:28:21.304+0000][7][gc,phases   ] GC(98)   Pre Evacuate Collection Set: 0.1ms
[2023-10-31T02:28:21.304+0000][7][gc,phases   ] GC(98)   Merge Heap Roots: 0.0ms
[2023-10-31T02:28:21.304+0000][7][gc,phases   ] GC(98)   Evacuate Collection Set: 8.0ms
[2023-10-31T02:28:21.304+0000][7][gc,phases   ] GC(98)   Post Evacuate Collection Set: 0.6ms
[2023-10-31T02:28:21.304+0000][7][gc,phases   ] GC(98)   Other: 0.3ms
[2023-10-31T02:28:21.304+0000][7][gc,heap     ] GC(98) Eden regions: 66->0(66)
[2023-10-31T02:28:21.304+0000][7][gc,heap     ] GC(98) Survivor regions: 3->3(9)
[2023-10-31T02:28:21.304+0000][7][gc,heap     ] GC(98) Old regions: 29->29
[2023-10-31T02:28:21.304+0000][7][gc,heap     ] GC(98) Archive regions: 2->2
[2023-10-31T02:28:21.304+0000][7][gc,heap     ] GC(98) Humongous regions: 5->5
[2023-10-31T02:28:21.304+0000][7][gc,metaspace] GC(98) Metaspace: 118260K(120064K)->118260K(120064K) NonClass: 102491K(103488K)->102491K(103488K) Class: 15769K(16576K)->15769K(16576K)
[2023-10-31T02:28:21.304+0000][7][gc          ] GC(98) Pause Young (Normal) (G1 Evacuation Pause) 411M->147M(512M) 9.061ms
[2023-10-31T02:28:21.304+0000][7][gc,cpu      ] GC(98) User=0.03s Sys=0.00s Real=0.01s
[2023-10-31T02:28:21.304+0000][7][safepoint   ] Safepoint "G1CollectForAllocation", Time since last: 4256045 ns, Reaching safepoint: 60165 ns, At safepoint: 9142325 ns, Total: 9202490 ns
[2023-10-31T02:28:23.304+0000][7][safepoint   ] Safepoint "Cleanup", Time since last: 2000324254 ns, Reaching safepoint: 116243 ns, At safepoint: 6636 ns, Total: 122879 ns
[2023-10-31T02:28:24.305+0000][7][safepoint   ] Safepoint "Cleanup", Time since last: 1000188604 ns, Reaching safepoint: 140349 ns, At safepoint: 3140 ns, Total: 143489 ns
[2023-10-31T02:28:25.305+0000][7][safepoint   ] Safepoint "Cleanup", Time since last: 1000117915 ns, Reaching safepoint: 90240 ns, At safepoint: 18058 ns, Total: 108298 ns
[2023-10-31T02:28:26.305+0000][7][safepoint   ] Safepoint "Cleanup", Time since last: 1000347331 ns, Reaching safepoint: 28678 ns, At safepoint: 3642 ns, Total: 32320 ns
[2023-10-31T02:28:27.306+0000][7][safepoint   ] Safepoint "Cleanup", Time since last: 1000355654 ns, Reaching safepoint: 55695 ns, At safepoint: 4734 ns, Total: 60429 ns
[2023-10-31T02:28:28.767+0000][7][safepoint   ] Safepoint "Cleanup", Time since last: 1460729750 ns, Reaching safepoint: 34115 ns, At safepoint: 3059 ns, Total: 37174 ns
[2023-10-31T02:28:29.767+0000][7][safepoint   ] Safepoint "Cleanup", Time since last: 1000115876 ns, Reaching safepoint: 90004 ns, At safepoint: 11798 ns, Total: 101802 ns
[2023-10-31T02:28:31.768+0000][7][safepoint   ] Safepoint "Cleanup", Time since last: 2000599850 ns, Reaching safepoint: 148929 ns, At safepoint: 18765 ns, Total: 167694 ns
[2023-10-31T02:28:32.768+0000][7][safepoint   ] Safepoint "Cleanup", Time since last: 1000369093 ns, Reaching safepoint: 97400 ns, At safepoint: 9235 ns, Total: 106635 ns
[2023-10-31T02:28:33.768+0000][7][safepoint   ] Safepoint "Cleanup", Time since last: 1000201212 ns, Reaching safepoint: 67404 ns, At safepoint: 26817 ns, Total: 94221 ns
[2023-10-31T02:28:35.769+0000][7][safepoint   ] Safepoint "Cleanup", Time since last: 2000563568 ns, Reaching safepoint: 146063 ns, At safepoint: 28336 ns, Total: 174399 ns
[2023-10-31T02:28:36.769+0000][7][safepoint   ] Safepoint "Cleanup", Time since last: 1000115355 ns, Reaching safepoint: 121275 ns, At safepoint: 27275 ns, Total: 148550 ns
[2023-10-31T02:28:38.269+0000][7][gc,start    ] GC(99) Pause Young (Normal) (G1 Evacuation Pause)
[2023-10-31T02:28:38.270+0000][7][gc,task     ] GC(99) Using 8 workers of 8 for evacuation
[2023-10-31T02:28:38.270+0000][7][gc,age      ] GC(99) Desired survivor size 18874368 bytes, new threshold 15 (max threshold 15)
[2023-10-31T02:28:38.273+0000][7][gc,age      ] GC(99) Age table with threshold 15 (max threshold 15)
[2023-10-31T02:28:38.273+0000][7][gc,age      ] GC(99) - age   1:    1042008 bytes,    1042008 total
[2023-10-31T02:28:38.273+0000][7][gc,age      ] GC(99) - age   2:     374816 bytes,    1416824 total
[2023-10-31T02:28:38.273+0000][7][gc,age      ] GC(99) - age   3:     287048 bytes,    1703872 total
[2023-10-31T02:28:38.273+0000][7][gc,age      ] GC(99) - age   4:    1910720 bytes,    3614592 total
[2023-10-31T02:28:38.273+0000][7][gc,age      ] GC(99) - age   5:     303712 bytes,    3918304 total
[2023-10-31T02:28:38.273+0000][7][gc,age      ] GC(99) - age   6:     896536 bytes,    4814840 total
[2023-10-31T02:28:38.273+0000][7][gc,age      ] GC(99) - age   7:    1463736 bytes,    6278576 total
[2023-10-31T02:28:38.273+0000][7][gc,age      ] GC(99) - age   8:    1731736 bytes,    8010312 total
[2023-10-31T02:28:38.273+0000][7][gc,age      ] GC(99) - age   9:     302864 bytes,    8313176 total
[2023-10-31T02:28:38.273+0000][7][gc,age      ] GC(99) - age  10:     299592 bytes,    8612768 total
[2023-10-31T02:28:38.273+0000][7][gc,age      ] GC(99) - age  11:     300816 bytes,    8913584 total
[2023-10-31T02:28:38.273+0000][7][gc,age      ] GC(99) - age  12:     269272 bytes,    9182856 total
[2023-10-31T02:28:38.273+0000][7][gc,age      ] GC(99) - age  13:    1399136 bytes,   10581992 total
[2023-10-31T02:28:38.273+0000][7][gc,age      ] GC(99) - age  14:     299424 bytes,   10881416 total
[2023-10-31T02:28:38.273+0000][7][gc,age      ] GC(99) - age  15:     235968 bytes,   11117384 total
[2023-10-31T02:28:38.273+0000][7][gc,phases   ] GC(99)   Pre Evacuate Collection Set: 0.1ms
[2023-10-31T02:28:38.273+0000][7][gc,phases   ] GC(99)   Merge Heap Roots: 0.0ms
[2023-10-31T02:28:38.273+0000][7][gc,phases   ] GC(99)   Evacuate Collection Set: 3.0ms
[2023-10-31T02:28:38.273+0000][7][gc,phases   ] GC(99)   Post Evacuate Collection Set: 0.6ms
[2023-10-31T02:28:38.273+0000][7][gc,phases   ] GC(99)   Other: 0.2ms
[2023-10-31T02:28:38.273+0000][7][gc,heap     ] GC(99) Eden regions: 66->0(66)
[2023-10-31T02:28:38.273+0000][7][gc,heap     ] GC(99) Survivor regions: 3->3(9)
[2023-10-31T02:28:38.273+0000][7][gc,heap     ] GC(99) Old regions: 29->29
[2023-10-31T02:28:38.273+0000][7][gc,heap     ] GC(99) Archive regions: 2->2
[2023-10-31T02:28:38.273+0000][7][gc,heap     ] GC(99) Humongous regions: 5->5
[2023-10-31T02:28:38.273+0000][7][gc,metaspace] GC(99) Metaspace: 118286K(120128K)->118286K(120128K) NonClass: 102517K(103552K)->102517K(103552K) Class: 15769K(16576K)->15769K(16576K)
[2023-10-31T02:28:38.273+0000][7][gc          ] GC(99) Pause Young (Normal) (G1 Evacuation Pause) 411M->147M(512M) 3.996ms
[2023-10-31T02:28:38.273+0000][7][gc,cpu      ] GC(99) User=0.02s Sys=0.00s Real=0.00s
[2023-10-31T02:28:38.274+0000][7][safepoint   ] Safepoint "G1CollectForAllocation", Time since last: 1500004258 ns, Reaching safepoint: 80717 ns, At safepoint: 4059535 ns, Total: 4140252 ns
[2023-10-31T02:28:39.274+0000][7][safepoint   ] Safepoint "Cleanup", Time since last: 1000141488 ns, Reaching safepoint: 55426 ns, At safepoint: 28459 ns, Total: 83885 ns
[2023-10-31T02:28:41.274+0000][7][safepoint   ] Safepoint "Cleanup", Time since last: 2000177838 ns, Reaching safepoint: 45591 ns, At safepoint: 4741 ns, Total: 50332 ns
[2023-10-31T02:28:44.275+0000][7][safepoint   ] Safepoint "Cleanup", Time since last: 3000932688 ns, Reaching safepoint: 58339 ns, At safepoint: 4560 ns, Total: 62899 ns
[2023-10-31T02:28:45.275+0000][7][safepoint   ] Safepoint "Cleanup", Time since last: 1000335830 ns, Reaching safepoint: 51759 ns, At safepoint: 3888 ns, Total: 55647 ns
[2023-10-31T02:28:46.276+0000][7][safepoint   ] Safepoint "Cleanup", Time since last: 1000353057 ns, Reaching safepoint: 37571 ns, At safepoint: 6352 ns, Total: 43923 ns
[2023-10-31T02:28:47.276+0000][7][safepoint   ] Safepoint "Cleanup", Time since last: 1000146402 ns, Reaching safepoint: 52982 ns, At safepoint: 4944 ns, Total: 57926 ns
[2023-10-31T02:28:49.276+0000][7][safepoint   ] Safepoint "Cleanup", Time since last: 2000418806 ns, Reaching safepoint: 49473 ns, At safepoint: 31340 ns, Total: 80813 ns
[2023-10-31T02:28:50.277+0000][7][safepoint   ] Safepoint "Cleanup", Time since last: 1000103552 ns, Reaching safepoint: 72046 ns, At safepoint: 4613 ns, Total: 76659 ns
[2023-10-31T02:28:51.277+0000][7][safepoint   ] Safepoint "Cleanup", Time since last: 1000089871 ns, Reaching safepoint: 32561 ns, At safepoint: 4342 ns, Total: 36903 ns
[2023-10-31T02:28:53.278+0000][7][safepoint   ] Safepoint "Cleanup", Time since last: 2000649618 ns, Reaching safepoint: 179057 ns, At safepoint: 6483 ns, Total: 185540 ns
[2023-10-31T02:28:53.670+0000][7][gc,start    ] GC(100) Pause Young (Normal) (G1 Evacuation Pause)
[2023-10-31T02:28:53.670+0000][7][gc,task     ] GC(100) Using 8 workers of 8 for evacuation
[2023-10-31T02:28:53.670+0000][7][gc,age      ] GC(100) Desired survivor size 18874368 bytes, new threshold 15 (max threshold 15)
[2023-10-31T02:28:53.677+0000][7][gc,age      ] GC(100) Age table with threshold 15 (max threshold 15)
[2023-10-31T02:28:53.677+0000][7][gc,age      ] GC(100) - age   1:    1144064 bytes,    1144064 total
[2023-10-31T02:28:53.677+0000][7][gc,age      ] GC(100) - age   2:     424952 bytes,    1569016 total
[2023-10-31T02:28:53.677+0000][7][gc,age      ] GC(100) - age   3:     373296 bytes,    1942312 total
[2023-10-31T02:28:53.677+0000][7][gc,age      ] GC(100) - age   4:     286408 bytes,    2228720 total
[2023-10-31T02:28:53.677+0000][7][gc,age      ] GC(100) - age   5:    1910336 bytes,    4139056 total
[2023-10-31T02:28:53.677+0000][7][gc,age      ] GC(100) - age   6:     303304 bytes,    4442360 total
[2023-10-31T02:28:53.677+0000][7][gc,age      ] GC(100) - age   7:     896296 bytes,    5338656 total
[2023-10-31T02:28:53.677+0000][7][gc,age      ] GC(100) - age   8:    1463736 bytes,    6802392 total
[2023-10-31T02:28:53.677+0000][7][gc,age      ] GC(100) - age   9:    1731672 bytes,    8534064 total
[2023-10-31T02:28:53.677+0000][7][gc,age      ] GC(100) - age  10:     302744 bytes,    8836808 total
[2023-10-31T02:28:53.677+0000][7][gc,age      ] GC(100) - age  11:     299592 bytes,    9136400 total
[2023-10-31T02:28:53.677+0000][7][gc,age      ] GC(100) - age  12:     300816 bytes,    9437216 total
[2023-10-31T02:28:53.677+0000][7][gc,age      ] GC(100) - age  13:     269272 bytes,    9706488 total
[2023-10-31T02:28:53.677+0000][7][gc,age      ] GC(100) - age  14:    1399136 bytes,   11105624 total
[2023-10-31T02:28:53.677+0000][7][gc,age      ] GC(100) - age  15:     299424 bytes,   11405048 total
[2023-10-31T02:28:53.677+0000][7][gc,phases   ] GC(100)   Pre Evacuate Collection Set: 0.1ms
[2023-10-31T02:28:53.677+0000][7][gc,phases   ] GC(100)   Merge Heap Roots: 0.0ms
[2023-10-31T02:28:53.677+0000][7][gc,phases   ] GC(100)   Evacuate Collection Set: 6.6ms
[2023-10-31T02:28:53.677+0000][7][gc,phases   ] GC(100)   Post Evacuate Collection Set: 0.6ms
[2023-10-31T02:28:53.677+0000][7][gc,phases   ] GC(100)   Other: 0.2ms
[2023-10-31T02:28:53.677+0000][7][gc,heap     ] GC(100) Eden regions: 66->0(66)
[2023-10-31T02:28:53.677+0000][7][gc,heap     ] GC(100) Survivor regions: 3->3(9)
[2023-10-31T02:28:53.677+0000][7][gc,heap     ] GC(100) Old regions: 29->29
[2023-10-31T02:28:53.677+0000][7][gc,heap     ] GC(100) Archive regions: 2->2
[2023-10-31T02:28:53.677+0000][7][gc,heap     ] GC(100) Humongous regions: 5->5
[2023-10-31T02:28:53.677+0000][7][gc,metaspace] GC(100) Metaspace: 118305K(120128K)->118305K(120128K) NonClass: 102535K(103552K)->102535K(103552K) Class: 15769K(16576K)->15769K(16576K)
[2023-10-31T02:28:53.677+0000][7][gc          ] GC(100) Pause Young (Normal) (G1 Evacuation Pause) 411M->148M(512M) 7.612ms
[2023-10-31T02:28:53.677+0000][7][gc,cpu      ] GC(100) User=0.02s Sys=0.00s Real=0.01s
[2023-10-31T02:28:53.677+0000][7][safepoint   ] Safepoint "G1CollectForAllocation", Time since last: 392077830 ns, Reaching safepoint: 112921 ns, At safepoint: 7696188 ns, Total: 7809109 ns
[2023-10-31T02:28:56.678+0000][7][safepoint   ] Safepoint "Cleanup", Time since last: 3000322811 ns, Reaching safepoint: 78906 ns, At safepoint: 4954 ns, Total: 83860 ns
[2023-10-31T02:28:57.678+0000][7][safepoint   ] Safepoint "Cleanup", Time since last: 1000123121 ns, Reaching safepoint: 62435 ns, At safepoint: 5097 ns, Total: 67532 ns
[2023-10-31T02:28:58.679+0000][7][safepoint   ] Safepoint "Cleanup", Time since last: 1000353976 ns, Reaching safepoint: 93400 ns, At safepoint: 9282 ns, Total: 102682 ns
[2023-10-31T02:28:59.679+0000][7][safepoint   ] Safepoint "Cleanup", Time since last: 1000189362 ns, Reaching safepoint: 145228 ns, At safepoint: 11115 ns, Total: 156343 ns
[2023-10-31T02:29:01.679+0000][7][safepoint   ] Safepoint "Cleanup", Time since last: 2000427380 ns, Reaching safepoint: 88021 ns, At safepoint: 51038 ns, Total: 139059 ns
[2023-10-31T02:29:02.680+0000][7][safepoint   ] Safepoint "Cleanup", Time since last: 1000355311 ns, Reaching safepoint: 99540 ns, At safepoint: 5370 ns, Total: 104910 ns
[2023-10-31T02:29:03.680+0000][7][safepoint   ] Safepoint "Cleanup", Time since last: 1000119353 ns, Reaching safepoint: 73497 ns, At safepoint: 7231 ns, Total: 80728 ns
[2023-10-31T02:29:05.681+0000][7][safepoint   ] Safepoint "Cleanup", Time since last: 2000471738 ns, Reaching safepoint: 79336 ns, At safepoint: 5421 ns, Total: 84757 ns
[2023-10-31T02:29:06.681+0000][7][safepoint   ] Safepoint "Cleanup", Time since last: 1000119420 ns, Reaching safepoint: 79448 ns, At safepoint: 12071 ns, Total: 91519 ns
[2023-10-31T02:29:08.682+0000][7][safepoint   ] Safepoint "Cleanup", Time since last: 2000494460 ns, Reaching safepoint: 162090 ns, At safepoint: 27470 ns, Total: 189560 ns
[2023-10-31T02:29:10.339+0000][7][gc,start    ] GC(101) Pause Young (Normal) (G1 Evacuation Pause)
[2023-10-31T02:29:10.339+0000][7][gc,task     ] GC(101) Using 8 workers of 8 for evacuation
[2023-10-31T02:29:10.339+0000][7][gc,age      ] GC(101) Desired survivor size 18874368 bytes, new threshold 15 (max threshold 15)
[2023-10-31T02:29:10.350+0000][7][gc,age      ] GC(101) Age table with threshold 15 (max threshold 15)
[2023-10-31T02:29:10.350+0000][7][gc,age      ] GC(101) - age   1:    1753936 bytes,    1753936 total
[2023-10-31T02:29:10.350+0000][7][gc,age      ] GC(101) - age   2:     387336 bytes,    2141272 total
[2023-10-31T02:29:10.350+0000][7][gc,age      ] GC(101) - age   3:     417208 bytes,    2558480 total
[2023-10-31T02:29:10.350+0000][7][gc,age      ] GC(101) - age   4:     239688 bytes,    2798168 total
[2023-10-31T02:29:10.350+0000][7][gc,age      ] GC(101) - age   5:     285816 bytes,    3083984 total
[2023-10-31T02:29:10.350+0000][7][gc,age      ] GC(101) - age   6:    1910208 bytes,    4994192 total
[2023-10-31T02:29:10.350+0000][7][gc,age      ] GC(101) - age   7:     303304 bytes,    5297496 total
[2023-10-31T02:29:10.350+0000][7][gc,age      ] GC(101) - age   8:     896296 bytes,    6193792 total
[2023-10-31T02:29:10.350+0000][7][gc,age      ] GC(101) - age   9:     501216 bytes,    6695008 total
[2023-10-31T02:29:10.350+0000][7][gc,age      ] GC(101) - age  10:    1731672 bytes,    8426680 total
[2023-10-31T02:29:10.351+0000][7][gc,age      ] GC(101) - age  11:     302744 bytes,    8729424 total
[2023-10-31T02:29:10.351+0000][7][gc,age      ] GC(101) - age  12:     299592 bytes,    9029016 total
[2023-10-31T02:29:10.351+0000][7][gc,age      ] GC(101) - age  13:     300816 bytes,    9329832 total
[2023-10-31T02:29:10.351+0000][7][gc,age      ] GC(101) - age  14:     269272 bytes,    9599104 total
[2023-10-31T02:29:10.351+0000][7][gc,age      ] GC(101) - age  15:    1399136 bytes,   10998240 total
[2023-10-31T02:29:10.351+0000][7][gc,phases   ] GC(101)   Pre Evacuate Collection Set: 0.1ms
[2023-10-31T02:29:10.351+0000][7][gc,phases   ] GC(101)   Merge Heap Roots: 0.0ms
[2023-10-31T02:29:10.351+0000][7][gc,phases   ] GC(101)   Evacuate Collection Set: 10.6ms
[2023-10-31T02:29:10.351+0000][7][gc,phases   ] GC(101)   Post Evacuate Collection Set: 0.5ms
[2023-10-31T02:29:10.351+0000][7][gc,phases   ] GC(101)   Other: 0.3ms
[2023-10-31T02:29:10.351+0000][7][gc,heap     ] GC(101) Eden regions: 66->0(66)
[2023-10-31T02:29:10.351+0000][7][gc,heap     ] GC(101) Survivor regions: 3->3(9)
[2023-10-31T02:29:10.351+0000][7][gc,heap     ] GC(101) Old regions: 29->29
[2023-10-31T02:29:10.351+0000][7][gc,heap     ] GC(101) Archive regions: 2->2
[2023-10-31T02:29:10.351+0000][7][gc,heap     ] GC(101) Humongous regions: 5->5
[2023-10-31T02:29:10.351+0000][7][gc,metaspace] GC(101) Metaspace: 118305K(120128K)->118305K(120128K) NonClass: 102535K(103552K)->102535K(103552K) Class: 15769K(16576K)->15769K(16576K)
[2023-10-31T02:29:10.351+0000][7][gc          ] GC(101) Pause Young (Normal) (G1 Evacuation Pause) 412M->148M(512M) 11.558ms
[2023-10-31T02:29:10.351+0000][7][gc,cpu      ] GC(101) User=0.02s Sys=0.01s Real=0.01s
[2023-10-31T02:29:10.351+0000][7][safepoint   ] Safepoint "G1CollectForAllocation", Time since last: 1657400519 ns, Reaching safepoint: 48716 ns, At safepoint: 11648427 ns, Total: 11697143 ns
[2023-10-31T02:29:11.351+0000][7][safepoint   ] Safepoint "Cleanup", Time since last: 1000069006 ns, Reaching safepoint: 38231 ns, At safepoint: 5869 ns, Total: 44100 ns
[2023-10-31T02:29:13.351+0000][7][safepoint   ] Safepoint "Cleanup", Time since last: 2000420641 ns, Reaching safepoint: 76336 ns, At safepoint: 4137 ns, Total: 80473 ns
[2023-10-31T02:29:14.351+0000][7][safepoint   ] Safepoint "Cleanup", Time since last: 1000093973 ns, Reaching safepoint: 55996 ns, At safepoint: 5038 ns, Total: 61034 ns
[2023-10-31T02:29:16.352+0000][7][safepoint   ] Safepoint "Cleanup", Time since last: 2000432418 ns, Reaching safepoint: 34427 ns, At safepoint: 5531 ns, Total: 39958 ns
[2023-10-31T02:29:17.352+0000][7][safepoint   ] Safepoint "Cleanup", Time since last: 1000126150 ns, Reaching safepoint: 46234 ns, At safepoint: 4180 ns, Total: 50414 ns
[2023-10-31T02:29:18.353+0000][7][safepoint   ] Safepoint "Cleanup", Time since last: 1000326282 ns, Reaching safepoint: 144876 ns, At safepoint: 4526 ns, Total: 149402 ns
[2023-10-31T02:29:20.353+0000][7][safepoint   ] Safepoint "Cleanup", Time since last: 2000702753 ns, Reaching safepoint: 37380 ns, At safepoint: 6489 ns, Total: 43869 ns
[2023-10-31T02:29:21.354+0000][7][safepoint   ] Safepoint "Cleanup", Time since last: 1000301648 ns, Reaching safepoint: 58272 ns, At safepoint: 4215 ns, Total: 62487 ns
[2023-10-31T02:29:23.354+0000][7][safepoint   ] Safepoint "Cleanup", Time since last: 2000736732 ns, Reaching safepoint: 80140 ns, At safepoint: 7112 ns, Total: 87252 ns
[2023-10-31T02:29:26.355+0000][7][safepoint   ] Safepoint "Cleanup", Time since last: 3000357607 ns, Reaching safepoint: 52183 ns, At safepoint: 25215 ns, Total: 77398 ns
[2023-10-31T02:29:26.736+0000][7][gc,start    ] GC(102) Pause Young (Normal) (G1 Evacuation Pause)
[2023-10-31T02:29:26.736+0000][7][gc,task     ] GC(102) Using 8 workers of 8 for evacuation
[2023-10-31T02:29:26.736+0000][7][gc,age      ] GC(102) Desired survivor size 18874368 bytes, new threshold 15 (max threshold 15)
[2023-10-31T02:29:26.747+0000][7][gc,age      ] GC(102) Age table with threshold 15 (max threshold 15)
[2023-10-31T02:29:26.747+0000][7][gc,age      ] GC(102) - age   1:    1948536 bytes,    1948536 total
[2023-10-31T02:29:26.747+0000][7][gc,age      ] GC(102) - age   2:    1608072 bytes,    3556608 total
[2023-10-31T02:29:26.747+0000][7][gc,age      ] GC(102) - age   3:     366672 bytes,    3923280 total
[2023-10-31T02:29:26.747+0000][7][gc,age      ] GC(102) - age   4:     416592 bytes,    4339872 total
[2023-10-31T02:29:26.747+0000][7][gc,age      ] GC(102) - age   5:     238544 bytes,    4578416 total
[2023-10-31T02:29:26.747+0000][7][gc,age      ] GC(102) - age   6:     285328 bytes,    4863744 total
[2023-10-31T02:29:26.747+0000][7][gc,age      ] GC(102) - age   7:    1910208 bytes,    6773952 total
[2023-10-31T02:29:26.747+0000][7][gc,age      ] GC(102) - age   8:     303304 bytes,    7077256 total
[2023-10-31T02:29:26.747+0000][7][gc,age      ] GC(102) - age   9:     886080 bytes,    7963336 total
[2023-10-31T02:29:26.747+0000][7][gc,age      ] GC(102) - age  10:     267816 bytes,    8231152 total
[2023-10-31T02:29:26.747+0000][7][gc,age      ] GC(102) - age  11:    1731672 bytes,    9962824 total
[2023-10-31T02:29:26.747+0000][7][gc,age      ] GC(102) - age  12:     302744 bytes,   10265568 total
[2023-10-31T02:29:26.747+0000][7][gc,age      ] GC(102) - age  13:     299592 bytes,   10565160 total
[2023-10-31T02:29:26.747+0000][7][gc,age      ] GC(102) - age  14:     300816 bytes,   10865976 total
[2023-10-31T02:29:26.747+0000][7][gc,age      ] GC(102) - age  15:     269272 bytes,   11135248 total
[2023-10-31T02:29:26.747+0000][7][gc,phases   ] GC(102)   Pre Evacuate Collection Set: 0.1ms
[2023-10-31T02:29:26.747+0000][7][gc,phases   ] GC(102)   Merge Heap Roots: 0.0ms
[2023-10-31T02:29:26.747+0000][7][gc,phases   ] GC(102)   Evacuate Collection Set: 10.0ms
[2023-10-31T02:29:26.747+0000][7][gc,phases   ] GC(102)   Post Evacuate Collection Set: 0.5ms
[2023-10-31T02:29:26.747+0000][7][gc,phases   ] GC(102)   Other: 0.3ms
[2023-10-31T02:29:26.747+0000][7][gc,heap     ] GC(102) Eden regions: 66->0(66)
[2023-10-31T02:29:26.747+0000][7][gc,heap     ] GC(102) Survivor regions: 3->3(9)
[2023-10-31T02:29:26.747+0000][7][gc,heap     ] GC(102) Old regions: 29->29
[2023-10-31T02:29:26.747+0000][7][gc,heap     ] GC(102) Archive regions: 2->2
[2023-10-31T02:29:26.747+0000][7][gc,heap     ] GC(102) Humongous regions: 5->5
[2023-10-31T02:29:26.747+0000][7][gc,metaspace] GC(102) Metaspace: 118305K(120128K)->118305K(120128K) NonClass: 102535K(103552K)->102535K(103552K) Class: 15769K(16576K)->15769K(16576K)
[2023-10-31T02:29:26.747+0000][7][gc          ] GC(102) Pause Young (Normal) (G1 Evacuation Pause) 412M->149M(512M) 11.019ms
[2023-10-31T02:29:26.747+0000][7][gc,cpu      ] GC(102) User=0.04s Sys=0.00s Real=0.02s
[2023-10-31T02:29:26.747+0000][7][safepoint   ] Safepoint "G1CollectForAllocation", Time since last: 381409709 ns, Reaching safepoint: 65589 ns, At safepoint: 11087017 ns, Total: 11152606 ns
[2023-10-31T02:29:28.748+0000][7][safepoint   ] Safepoint "Cleanup", Time since last: 2000412490 ns, Reaching safepoint: 72751 ns, At safepoint: 8940 ns, Total: 81691 ns
[2023-10-31T02:29:29.748+0000][7][safepoint   ] Safepoint "Cleanup", Time since last: 1000159260 ns, Reaching safepoint: 188383 ns, At safepoint: 7128 ns, Total: 195511 ns
[2023-10-31T02:29:31.749+0000][7][safepoint   ] Safepoint "Cleanup", Time since last: 2000409841 ns, Reaching safepoint: 98547 ns, At safepoint: 13647 ns, Total: 112194 ns
[2023-10-31T02:29:32.749+0000][7][safepoint   ] Safepoint "Cleanup", Time since last: 1000096348 ns, Reaching safepoint: 48773 ns, At safepoint: 3468 ns, Total: 52241 ns
[2023-10-31T02:29:33.749+0000][7][safepoint   ] Safepoint "Cleanup", Time since last: 1000153571 ns, Reaching safepoint: 39740 ns, At safepoint: 5635 ns, Total: 45375 ns
[2023-10-31T02:29:35.750+0000][7][safepoint   ] Safepoint "Cleanup", Time since last: 2000350970 ns, Reaching safepoint: 165848 ns, At safepoint: 4817 ns, Total: 170665 ns
[2023-10-31T02:29:36.750+0000][7][safepoint   ] Safepoint "Cleanup", Time since last: 1000151798 ns, Reaching safepoint: 39236 ns, At safepoint: 4441 ns, Total: 43677 ns
[2023-10-31T02:29:38.750+0000][7][safepoint   ] Safepoint "Cleanup", Time since last: 2000209852 ns, Reaching safepoint: 76840 ns, At safepoint: 9539 ns, Total: 86379 ns
[2023-10-31T02:29:41.751+0000][7][safepoint   ] Safepoint "Cleanup", Time since last: 3000692343 ns, Reaching safepoint: 47438 ns, At safepoint: 26751 ns, Total: 74189 ns
[2023-10-31T02:29:41.791+0000][7][gc,start    ] GC(103) Pause Young (Normal) (G1 Evacuation Pause)
[2023-10-31T02:29:41.791+0000][7][gc,task     ] GC(103) Using 8 workers of 8 for evacuation
[2023-10-31T02:29:41.791+0000][7][gc,age      ] GC(103) Desired survivor size 18874368 bytes, new threshold 15 (max threshold 15)
[2023-10-31T02:29:41.795+0000][7][gc,age      ] GC(103) Age table with threshold 15 (max threshold 15)
[2023-10-31T02:29:41.795+0000][7][gc,age      ] GC(103) - age   1:    1811760 bytes,    1811760 total
[2023-10-31T02:29:41.795+0000][7][gc,age      ] GC(103) - age   2:     621000 bytes,    2432760 total
[2023-10-31T02:29:41.795+0000][7][gc,age      ] GC(103) - age   3:    1418816 bytes,    3851576 total
[2023-10-31T02:29:41.795+0000][7][gc,age      ] GC(103) - age   4:     237952 bytes,    4089528 total
[2023-10-31T02:29:41.795+0000][7][gc,age      ] GC(103) - age   5:     416400 bytes,    4505928 total
[2023-10-31T02:29:41.795+0000][7][gc,age      ] GC(103) - age   6:     238480 bytes,    4744408 total
[2023-10-31T02:29:41.795+0000][7][gc,age      ] GC(103) - age   7:     285328 bytes,    5029736 total
[2023-10-31T02:29:41.795+0000][7][gc,age      ] GC(103) - age   8:    1910160 bytes,    6939896 total
[2023-10-31T02:29:41.795+0000][7][gc,age      ] GC(103) - age   9:     303304 bytes,    7243200 total
[2023-10-31T02:29:41.795+0000][7][gc,age      ] GC(103) - age  10:     886080 bytes,    8129280 total
[2023-10-31T02:29:41.795+0000][7][gc,age      ] GC(103) - age  11:     267784 bytes,    8397064 total
[2023-10-31T02:29:41.795+0000][7][gc,age      ] GC(103) - age  12:    1731672 bytes,   10128736 total
[2023-10-31T02:29:41.795+0000][7][gc,age      ] GC(103) - age  13:     302744 bytes,   10431480 total
[2023-10-31T02:29:41.795+0000][7][gc,age      ] GC(103) - age  14:     299592 bytes,   10731072 total
[2023-10-31T02:29:41.795+0000][7][gc,age      ] GC(103) - age  15:     300816 bytes,   11031888 total
[2023-10-31T02:29:41.795+0000][7][gc,phases   ] GC(103)   Pre Evacuate Collection Set: 0.1ms
[2023-10-31T02:29:41.795+0000][7][gc,phases   ] GC(103)   Merge Heap Roots: 0.0ms
[2023-10-31T02:29:41.795+0000][7][gc,phases   ] GC(103)   Evacuate Collection Set: 3.3ms
[2023-10-31T02:29:41.795+0000][7][gc,phases   ] GC(103)   Post Evacuate Collection Set: 0.5ms
[2023-10-31T02:29:41.795+0000][7][gc,phases   ] GC(103)   Other: 0.2ms
[2023-10-31T02:29:41.795+0000][7][gc,heap     ] GC(103) Eden regions: 66->0(66)
[2023-10-31T02:29:41.795+0000][7][gc,heap     ] GC(103) Survivor regions: 3->3(9)
[2023-10-31T02:29:41.795+0000][7][gc,heap     ] GC(103) Old regions: 29->29
[2023-10-31T02:29:41.795+0000][7][gc,heap     ] GC(103) Archive regions: 2->2
[2023-10-31T02:29:41.795+0000][7][gc,heap     ] GC(103) Humongous regions: 5->5
[2023-10-31T02:29:41.795+0000][7][gc,metaspace] GC(103) Metaspace: 118317K(120128K)->118317K(120128K) NonClass: 102547K(103552K)->102547K(103552K) Class: 15769K(16576K)->15769K(16576K)
[2023-10-31T02:29:41.795+0000][7][gc          ] GC(103) Pause Young (Normal) (G1 Evacuation Pause) 413M->149M(512M) 4.226ms
[2023-10-31T02:29:41.795+0000][7][gc,cpu      ] GC(103) User=0.02s Sys=0.00s Real=0.00s
[2023-10-31T02:29:41.795+0000][7][safepoint   ] Safepoint "G1CollectForAllocation", Time since last: 39517450 ns, Reaching safepoint: 27547 ns, At safepoint: 4288935 ns, Total: 4316482 ns
[2023-10-31T02:29:43.795+0000][7][safepoint   ] Safepoint "Cleanup", Time since last: 2000337811 ns, Reaching safepoint: 134376 ns, At safepoint: 5936 ns, Total: 140312 ns
[2023-10-31T02:29:44.795+0000][7][safepoint   ] Safepoint "Cleanup", Time since last: 1000126264 ns, Reaching safepoint: 66541 ns, At safepoint: 4989 ns, Total: 71530 ns
[2023-10-31T02:29:46.796+0000][7][safepoint   ] Safepoint "Cleanup", Time since last: 2000349126 ns, Reaching safepoint: 165256 ns, At safepoint: 6959 ns, Total: 172215 ns
[2023-10-31T02:29:47.796+0000][7][safepoint   ] Safepoint "Cleanup", Time since last: 1000069447 ns, Reaching safepoint: 80504 ns, At safepoint: 5039 ns, Total: 85543 ns
[2023-10-31T02:29:48.799+0000][7][safepoint   ] Safepoint "Cleanup", Time since last: 1003224586 ns, Reaching safepoint: 88548 ns, At safepoint: 7296 ns, Total: 95844 ns
[2023-10-31T02:29:50.800+0000][7][safepoint   ] Safepoint "Cleanup", Time since last: 2000218269 ns, Reaching safepoint: 71624 ns, At safepoint: 6890 ns, Total: 78514 ns
[2023-10-31T02:29:51.800+0000][7][safepoint   ] Safepoint "Cleanup", Time since last: 1000098573 ns, Reaching safepoint: 62729 ns, At safepoint: 3803 ns, Total: 66532 ns
[2023-10-31T02:29:52.800+0000][7][safepoint   ] Safepoint "Cleanup", Time since last: 1000094066 ns, Reaching safepoint: 71119 ns, At safepoint: 4249 ns, Total: 75368 ns
[2023-10-31T02:29:53.800+0000][7][safepoint   ] Safepoint "Cleanup", Time since last: 1000105033 ns, Reaching safepoint: 77859 ns, At safepoint: 7398 ns, Total: 85257 ns
[2023-10-31T02:29:56.801+0000][7][safepoint   ] Safepoint "Cleanup", Time since last: 3000329892 ns, Reaching safepoint: 51301 ns, At safepoint: 4807 ns, Total: 56108 ns
[2023-10-31T02:29:57.619+0000][7][gc,start    ] GC(104) Pause Young (Normal) (G1 Evacuation Pause)
[2023-10-31T02:29:57.619+0000][7][gc,task     ] GC(104) Using 8 workers of 8 for evacuation
[2023-10-31T02:29:57.619+0000][7][gc,age      ] GC(104) Desired survivor size 18874368 bytes, new threshold 15 (max threshold 15)
[2023-10-31T02:29:57.627+0000][7][gc,age      ] GC(104) Age table with threshold 15 (max threshold 15)
[2023-10-31T02:29:57.627+0000][7][gc,age      ] GC(104) - age   1:    3298056 bytes,    3298056 total
[2023-10-31T02:29:57.627+0000][7][gc,age      ] GC(104) - age   2:     356112 bytes,    3654168 total
[2023-10-31T02:29:57.627+0000][7][gc,age      ] GC(104) - age   3:     591792 bytes,    4245960 total
[2023-10-31T02:29:57.627+0000][7][gc,age      ] GC(104) - age   4:    1284720 bytes,    5530680 total
[2023-10-31T02:29:57.627+0000][7][gc,age      ] GC(104) - age   5:     237528 bytes,    5768208 total
[2023-10-31T02:29:57.627+0000][7][gc,age      ] GC(104) - age   6:     416144 bytes,    6184352 total
[2023-10-31T02:29:57.627+0000][7][gc,age      ] GC(104) - age   7:     238480 bytes,    6422832 total
[2023-10-31T02:29:57.627+0000][7][gc,age      ] GC(104) - age   8:     285016 bytes,    6707848 total
[2023-10-31T02:29:57.627+0000][7][gc,age      ] GC(104) - age   9:    1910160 bytes,    8618008 total
[2023-10-31T02:29:57.627+0000][7][gc,age      ] GC(104) - age  10:     300328 bytes,    8918336 total
[2023-10-31T02:29:57.627+0000][7][gc,age      ] GC(104) - age  11:     232992 bytes,    9151328 total
[2023-10-31T02:29:57.627+0000][7][gc,age      ] GC(104) - age  12:     267784 bytes,    9419112 total
[2023-10-31T02:29:57.627+0000][7][gc,age      ] GC(104) - age  13:    1731672 bytes,   11150784 total
[2023-10-31T02:29:57.627+0000][7][gc,age      ] GC(104) - age  14:     302744 bytes,   11453528 total
[2023-10-31T02:29:57.627+0000][7][gc,age      ] GC(104) - age  15:     299592 bytes,   11753120 total
[2023-10-31T02:29:57.628+0000][7][gc,phases   ] GC(104)   Pre Evacuate Collection Set: 0.1ms
[2023-10-31T02:29:57.628+0000][7][gc,phases   ] GC(104)   Merge Heap Roots: 0.0ms
[2023-10-31T02:29:57.628+0000][7][gc,phases   ] GC(104)   Evacuate Collection Set: 7.7ms
[2023-10-31T02:29:57.628+0000][7][gc,phases   ] GC(104)   Post Evacuate Collection Set: 0.6ms
[2023-10-31T02:29:57.628+0000][7][gc,phases   ] GC(104)   Other: 0.3ms
[2023-10-31T02:29:57.628+0000][7][gc,heap     ] GC(104) Eden regions: 66->0(66)
[2023-10-31T02:29:57.628+0000][7][gc,heap     ] GC(104) Survivor regions: 3->3(9)
[2023-10-31T02:29:57.628+0000][7][gc,heap     ] GC(104) Old regions: 29->29
[2023-10-31T02:29:57.628+0000][7][gc,heap     ] GC(104) Archive regions: 2->2
[2023-10-31T02:29:57.628+0000][7][gc,heap     ] GC(104) Humongous regions: 5->5
[2023-10-31T02:29:57.628+0000][7][gc,metaspace] GC(104) Metaspace: 118326K(120128K)->118326K(120128K) NonClass: 102557K(103552K)->102557K(103552K) Class: 15769K(16576K)->15769K(16576K)
[2023-10-31T02:29:57.628+0000][7][gc          ] GC(104) Pause Young (Normal) (G1 Evacuation Pause) 413M->150M(512M) 8.784ms
[2023-10-31T02:29:57.628+0000][7][gc,cpu      ] GC(104) User=0.03s Sys=0.00s Real=0.01s
[2023-10-31T02:29:57.628+0000][7][safepoint   ] Safepoint "G1CollectForAllocation", Time since last: 817981442 ns, Reaching safepoint: 46345 ns, At safepoint: 8875511 ns, Total: 8921856 ns
[2023-10-31T02:29:58.628+0000][7][safepoint   ] Safepoint "Cleanup", Time since last: 1000070180 ns, Reaching safepoint: 51893 ns, At safepoint: 27337 ns, Total: 79230 ns
[2023-10-31T02:29:59.628+0000][7][safepoint   ] Safepoint "Cleanup", Time since last: 1000331920 ns, Reaching safepoint: 27598 ns, At safepoint: 26215 ns, Total: 53813 ns
[2023-10-31T02:30:01.629+0000][7][safepoint   ] Safepoint "Cleanup", Time since last: 2000409718 ns, Reaching safepoint: 79669 ns, At safepoint: 8066 ns, Total: 87735 ns
[2023-10-31T02:30:02.629+0000][7][safepoint   ] Safepoint "Cleanup", Time since last: 1000352244 ns, Reaching safepoint: 57076 ns, At safepoint: 26476 ns, Total: 83552 ns
[2023-10-31T02:30:03.630+0000][7][safepoint   ] Safepoint "Cleanup", Time since last: 1000385624 ns, Reaching safepoint: 68525 ns, At safepoint: 48758 ns, Total: 117283 ns
[2023-10-31T02:30:05.630+0000][7][safepoint   ] Safepoint "Cleanup", Time since last: 2000152594 ns, Reaching safepoint: 84752 ns, At safepoint: 9669 ns, Total: 94421 ns
[2023-10-31T02:30:06.630+0000][7][safepoint   ] Safepoint "Cleanup", Time since last: 1000105426 ns, Reaching safepoint: 65285 ns, At safepoint: 23339 ns, Total: 88624 ns
[2023-10-31T02:30:08.630+0000][7][safepoint   ] Safepoint "Cleanup", Time since last: 2000286292 ns, Reaching safepoint: 87676 ns, At safepoint: 8500 ns, Total: 96176 ns
[2023-10-31T02:30:11.631+0000][7][safepoint   ] Safepoint "Cleanup", Time since last: 3000394986 ns, Reaching safepoint: 75289 ns, At safepoint: 4233 ns, Total: 79522 ns
[2023-10-31T02:30:13.631+0000][7][safepoint   ] Safepoint "Cleanup", Time since last: 2000164041 ns, Reaching safepoint: 104854 ns, At safepoint: 6740 ns, Total: 111594 ns
[2023-10-31T02:30:13.682+0000][7][gc,start    ] GC(105) Pause Young (Normal) (G1 Evacuation Pause)
[2023-10-31T02:30:13.682+0000][7][gc,task     ] GC(105) Using 8 workers of 8 for evacuation
[2023-10-31T02:30:13.682+0000][7][gc,age      ] GC(105) Desired survivor size 18874368 bytes, new threshold 15 (max threshold 15)
[2023-10-31T02:30:13.690+0000][7][gc,age      ] GC(105) Age table with threshold 15 (max threshold 15)
[2023-10-31T02:30:13.691+0000][7][gc,age      ] GC(105) - age   1:    2933344 bytes,    2933344 total
[2023-10-31T02:30:13.691+0000][7][gc,age      ] GC(105) - age   2:    2238640 bytes,    5171984 total
[2023-10-31T02:30:13.691+0000][7][gc,age      ] GC(105) - age   3:     238248 bytes,    5410232 total
[2023-10-31T02:30:13.691+0000][7][gc,age      ] GC(105) - age   4:     543184 bytes,    5953416 total
[2023-10-31T02:30:13.691+0000][7][gc,age      ] GC(105) - age   5:    1284024 bytes,    7237440 total
[2023-10-31T02:30:13.691+0000][7][gc,age      ] GC(105) - age   6:     237464 bytes,    7474904 total
[2023-10-31T02:30:13.691+0000][7][gc,age      ] GC(105) - age   7:     416144 bytes,    7891048 total
[2023-10-31T02:30:13.691+0000][7][gc,age      ] GC(105) - age   8:     238480 bytes,    8129528 total
[2023-10-31T02:30:13.691+0000][7][gc,age      ] GC(105) - age   9:     284952 bytes,    8414480 total
[2023-10-31T02:30:13.691+0000][7][gc,age      ] GC(105) - age  10:     234512 bytes,    8648992 total
[2023-10-31T02:30:13.691+0000][7][gc,age      ] GC(105) - age  11:     300328 bytes,    8949320 total
[2023-10-31T02:30:13.691+0000][7][gc,age      ] GC(105) - age  12:     232992 bytes,    9182312 total
[2023-10-31T02:30:13.691+0000][7][gc,age      ] GC(105) - age  13:     267720 bytes,    9450032 total
[2023-10-31T02:30:13.691+0000][7][gc,age      ] GC(105) - age  14:    1731672 bytes,   11181704 total
[2023-10-31T02:30:13.691+0000][7][gc,age      ] GC(105) - age  15:     302744 bytes,   11484448 total
[2023-10-31T02:30:13.691+0000][7][gc,phases   ] GC(105)   Pre Evacuate Collection Set: 0.1ms
[2023-10-31T02:30:13.691+0000][7][gc,phases   ] GC(105)   Merge Heap Roots: 0.0ms
[2023-10-31T02:30:13.691+0000][7][gc,phases   ] GC(105)   Evacuate Collection Set: 7.2ms
[2023-10-31T02:30:13.691+0000][7][gc,phases   ] GC(105)   Post Evacuate Collection Set: 0.7ms
[2023-10-31T02:30:13.691+0000][7][gc,phases   ] GC(105)   Other: 0.3ms
[2023-10-31T02:30:13.691+0000][7][gc,heap     ] GC(105) Eden regions: 66->0(66)
[2023-10-31T02:30:13.691+0000][7][gc,heap     ] GC(105) Survivor regions: 3->3(9)
[2023-10-31T02:30:13.691+0000][7][gc,heap     ] GC(105) Old regions: 29->29
[2023-10-31T02:30:13.691+0000][7][gc,heap     ] GC(105) Archive regions: 2->2
[2023-10-31T02:30:13.691+0000][7][gc,heap     ] GC(105) Humongous regions: 5->5
[2023-10-31T02:30:13.691+0000][7][gc,metaspace] GC(105) Metaspace: 118328K(120128K)->118328K(120128K) NonClass: 102558K(103552K)->102558K(103552K) Class: 15769K(16576K)->15769K(16576K)
[2023-10-31T02:30:13.691+0000][7][gc          ] GC(105) Pause Young (Normal) (G1 Evacuation Pause) 414M->150M(512M) 8.385ms
[2023-10-31T02:30:13.691+0000][7][gc,cpu      ] GC(105) User=0.03s Sys=0.00s Real=0.01s
[2023-10-31T02:30:13.691+0000][7][safepoint   ] Safepoint "G1CollectForAllocation", Time since last: 51176839 ns, Reaching safepoint: 29206 ns, At safepoint: 8488624 ns, Total: 8517830 ns
[2023-10-31T02:30:14.691+0000][7][safepoint   ] Safepoint "Cleanup", Time since last: 1000100200 ns, Reaching safepoint: 59362 ns, At safepoint: 4093 ns, Total: 63455 ns
[2023-10-31T02:30:16.691+0000][7][safepoint   ] Safepoint "Cleanup", Time since last: 2000236519 ns, Reaching safepoint: 88741 ns, At safepoint: 25076 ns, Total: 113817 ns
[2023-10-31T02:30:17.692+0000][7][safepoint   ] Safepoint "Cleanup", Time since last: 1000318735 ns, Reaching safepoint: 81865 ns, At safepoint: 6730 ns, Total: 88595 ns
[2023-10-31T02:30:18.692+0000][7][safepoint   ] Safepoint "Cleanup", Time since last: 1000188711 ns, Reaching safepoint: 183846 ns, At safepoint: 9717 ns, Total: 193563 ns
[2023-10-31T02:30:20.693+0000][7][safepoint   ] Safepoint "Cleanup", Time since last: 2000459315 ns, Reaching safepoint: 81978 ns, At safepoint: 27823 ns, Total: 109801 ns
[2023-10-31T02:30:21.693+0000][7][safepoint   ] Safepoint "Cleanup", Time since last: 1000316559 ns, Reaching safepoint: 53851 ns, At safepoint: 5301 ns, Total: 59152 ns
[2023-10-31T02:30:22.693+0000][7][safepoint   ] Safepoint "Cleanup", Time since last: 1000253291 ns, Reaching safepoint: 99505 ns, At safepoint: 4748 ns, Total: 104253 ns
[2023-10-31T02:30:23.694+0000][7][safepoint   ] Safepoint "Cleanup", Time since last: 1000184876 ns, Reaching safepoint: 84534 ns, At safepoint: 26049 ns, Total: 110583 ns
[2023-10-31T02:30:26.694+0000][7][safepoint   ] Safepoint "Cleanup", Time since last: 3000453230 ns, Reaching safepoint: 144527 ns, At safepoint: 29208 ns, Total: 173735 ns
[2023-10-31T02:30:28.695+0000][7][safepoint   ] Safepoint "Cleanup", Time since last: 2000217569 ns, Reaching safepoint: 142375 ns, At safepoint: 8630 ns, Total: 151005 ns
[2023-10-31T02:30:29.034+0000][7][gc,start    ] GC(106) Pause Young (Normal) (G1 Evacuation Pause)
[2023-10-31T02:30:29.034+0000][7][gc,task     ] GC(106) Using 8 workers of 8 for evacuation
[2023-10-31T02:30:29.034+0000][7][gc,age      ] GC(106) Desired survivor size 18874368 bytes, new threshold 15 (max threshold 15)
[2023-10-31T02:30:29.041+0000][7][gc,age      ] GC(106) Age table with threshold 15 (max threshold 15)
[2023-10-31T02:30:29.041+0000][7][gc,age      ] GC(106) - age   1:     925328 bytes,     925328 total
[2023-10-31T02:30:29.041+0000][7][gc,age      ] GC(106) - age   2:    2120552 bytes,    3045880 total
[2023-10-31T02:30:29.041+0000][7][gc,age      ] GC(106) - age   3:    2225232 bytes,    5271112 total
[2023-10-31T02:30:29.041+0000][7][gc,age      ] GC(106) - age   4:     237384 bytes,    5508496 total
[2023-10-31T02:30:29.041+0000][7][gc,age      ] GC(106) - age   5:     541536 bytes,    6050032 total
[2023-10-31T02:30:29.041+0000][7][gc,age      ] GC(106) - age   6:    1283896 bytes,    7333928 total
[2023-10-31T02:30:29.041+0000][7][gc,age      ] GC(106) - age   7:     237336 bytes,    7571264 total
[2023-10-31T02:30:29.041+0000][7][gc,age      ] GC(106) - age   8:     416144 bytes,    7987408 total
[2023-10-31T02:30:29.041+0000][7][gc,age      ] GC(106) - age   9:     238296 bytes,    8225704 total
[2023-10-31T02:30:29.041+0000][7][gc,age      ] GC(106) - age  10:     282912 bytes,    8508616 total
[2023-10-31T02:30:29.041+0000][7][gc,age      ] GC(106) - age  11:     234512 bytes,    8743128 total
[2023-10-31T02:30:29.041+0000][7][gc,age      ] GC(106) - age  12:     300328 bytes,    9043456 total
[2023-10-31T02:30:29.041+0000][7][gc,age      ] GC(106) - age  13:     232992 bytes,    9276448 total
[2023-10-31T02:30:29.041+0000][7][gc,age      ] GC(106) - age  14:     267720 bytes,    9544168 total
[2023-10-31T02:30:29.041+0000][7][gc,age      ] GC(106) - age  15:    1731672 bytes,   11275840 total
[2023-10-31T02:30:29.041+0000][7][gc,phases   ] GC(106)   Pre Evacuate Collection Set: 0.1ms
[2023-10-31T02:30:29.041+0000][7][gc,phases   ] GC(106)   Merge Heap Roots: 0.0ms
[2023-10-31T02:30:29.041+0000][7][gc,phases   ] GC(106)   Evacuate Collection Set: 6.2ms
[2023-10-31T02:30:29.041+0000][7][gc,phases   ] GC(106)   Post Evacuate Collection Set: 0.6ms
[2023-10-31T02:30:29.041+0000][7][gc,phases   ] GC(106)   Other: 0.3ms
[2023-10-31T02:30:29.041+0000][7][gc,heap     ] GC(106) Eden regions: 66->0(66)
[2023-10-31T02:30:29.041+0000][7][gc,heap     ] GC(106) Survivor regions: 3->3(9)
[2023-10-31T02:30:29.041+0000][7][gc,heap     ] GC(106) Old regions: 29->29
[2023-10-31T02:30:29.041+0000][7][gc,heap     ] GC(106) Archive regions: 2->2
[2023-10-31T02:30:29.041+0000][7][gc,heap     ] GC(106) Humongous regions: 5->5
[2023-10-31T02:30:29.041+0000][7][gc,metaspace] GC(106) Metaspace: 118328K(120128K)->118328K(120128K) NonClass: 102559K(103552K)->102559K(103552K) Class: 15769K(16576K)->15769K(16576K)
[2023-10-31T02:30:29.041+0000][7][gc          ] GC(106) Pause Young (Normal) (G1 Evacuation Pause) 414M->150M(512M) 7.317ms
[2023-10-31T02:30:29.041+0000][7][gc,cpu      ] GC(106) User=0.03s Sys=0.00s Real=0.01s
[2023-10-31T02:30:29.041+0000][7][safepoint   ] Safepoint "G1CollectForAllocation", Time since last: 338691950 ns, Reaching safepoint: 27068 ns, At safepoint: 7412788 ns, Total: 7439856 ns
[2023-10-31T02:30:30.041+0000][7][safepoint   ] Safepoint "Cleanup", Time since last: 1000296421 ns, Reaching safepoint: 78491 ns, At safepoint: 7129 ns, Total: 85620 ns
[2023-10-31T02:30:31.042+0000][7][safepoint   ] Safepoint "Cleanup", Time since last: 1000384004 ns, Reaching safepoint: 86075 ns, At safepoint: 16814 ns, Total: 102889 ns
[2023-10-31T02:30:33.042+0000][7][safepoint   ] Safepoint "Cleanup", Time since last: 2000414580 ns, Reaching safepoint: 31421 ns, At safepoint: 3110 ns, Total: 34531 ns
[2023-10-31T02:30:34.043+0000][7][safepoint   ] Safepoint "Cleanup", Time since last: 1000373642 ns, Reaching safepoint: 50619 ns, At safepoint: 42530 ns, Total: 93149 ns
[2023-10-31T02:30:36.043+0000][7][safepoint   ] Safepoint "Cleanup", Time since last: 2000427047 ns, Reaching safepoint: 62006 ns, At safepoint: 4689 ns, Total: 66695 ns
[2023-10-31T02:30:39.044+0000][7][safepoint   ] Safepoint "Cleanup", Time since last: 3000327798 ns, Reaching safepoint: 95532 ns, At safepoint: 8897 ns, Total: 104429 ns
[2023-10-31T02:30:41.044+0000][7][safepoint   ] Safepoint "Cleanup", Time since last: 2000241651 ns, Reaching safepoint: 94073 ns, At safepoint: 5738 ns, Total: 99811 ns
[2023-10-31T02:30:42.044+0000][7][safepoint   ] Safepoint "Cleanup", Time since last: 1000138623 ns, Reaching safepoint: 105771 ns, At safepoint: 6729 ns, Total: 112500 ns
[2023-10-31T02:30:44.045+0000][7][safepoint   ] Safepoint "Cleanup", Time since last: 2000402508 ns, Reaching safepoint: 85399 ns, At safepoint: 4321 ns, Total: 89720 ns
[2023-10-31T02:30:44.209+0000][7][gc,start    ] GC(107) Pause Young (Normal) (G1 Evacuation Pause)
[2023-10-31T02:30:44.209+0000][7][gc,task     ] GC(107) Using 8 workers of 8 for evacuation
[2023-10-31T02:30:44.209+0000][7][gc,age      ] GC(107) Desired survivor size 18874368 bytes, new threshold 15 (max threshold 15)
[2023-10-31T02:30:44.217+0000][7][gc,age      ] GC(107) Age table with threshold 15 (max threshold 15)
[2023-10-31T02:30:44.218+0000][7][gc,age      ] GC(107) - age   1:     859696 bytes,     859696 total
[2023-10-31T02:30:44.218+0000][7][gc,age      ] GC(107) - age   2:     220984 bytes,    1080680 total
[2023-10-31T02:30:44.218+0000][7][gc,age      ] GC(107) - age   3:    2119512 bytes,    3200192 total
[2023-10-31T02:30:44.218+0000][7][gc,age      ] GC(107) - age   4:    2224616 bytes,    5424808 total
[2023-10-31T02:30:44.218+0000][7][gc,age      ] GC(107) - age   5:     236888 bytes,    5661696 total
[2023-10-31T02:30:44.218+0000][7][gc,age      ] GC(107) - age   6:     541472 bytes,    6203168 total
[2023-10-31T02:30:44.218+0000][7][gc,age      ] GC(107) - age   7:    1283832 bytes,    7487000 total
[2023-10-31T02:30:44.218+0000][7][gc,age      ] GC(107) - age   8:     237336 bytes,    7724336 total
[2023-10-31T02:30:44.218+0000][7][gc,age      ] GC(107) - age   9:     416144 bytes,    8140480 total
[2023-10-31T02:30:44.218+0000][7][gc,age      ] GC(107) - age  10:     238296 bytes,    8378776 total
[2023-10-31T02:30:44.218+0000][7][gc,age      ] GC(107) - age  11:     282912 bytes,    8661688 total
[2023-10-31T02:30:44.218+0000][7][gc,age      ] GC(107) - age  12:     234512 bytes,    8896200 total
[2023-10-31T02:30:44.218+0000][7][gc,age      ] GC(107) - age  13:     300328 bytes,    9196528 total
[2023-10-31T02:30:44.218+0000][7][gc,age      ] GC(107) - age  14:     232992 bytes,    9429520 total
[2023-10-31T02:30:44.218+0000][7][gc,age      ] GC(107) - age  15:     267720 bytes,    9697240 total
[2023-10-31T02:30:44.218+0000][7][gc,phases   ] GC(107)   Pre Evacuate Collection Set: 0.1ms
[2023-10-31T02:30:44.218+0000][7][gc,phases   ] GC(107)   Merge Heap Roots: 0.1ms
[2023-10-31T02:30:44.218+0000][7][gc,phases   ] GC(107)   Evacuate Collection Set: 7.1ms
[2023-10-31T02:30:44.218+0000][7][gc,phases   ] GC(107)   Post Evacuate Collection Set: 0.8ms
[2023-10-31T02:30:44.218+0000][7][gc,phases   ] GC(107)   Other: 0.4ms
[2023-10-31T02:30:44.218+0000][7][gc,heap     ] GC(107) Eden regions: 66->0(65)
[2023-10-31T02:30:44.218+0000][7][gc,heap     ] GC(107) Survivor regions: 3->3(9)
[2023-10-31T02:30:44.218+0000][7][gc,heap     ] GC(107) Old regions: 29->30
[2023-10-31T02:30:44.218+0000][7][gc,heap     ] GC(107) Archive regions: 2->2
[2023-10-31T02:30:44.218+0000][7][gc,heap     ] GC(107) Humongous regions: 5->5
[2023-10-31T02:30:44.218+0000][7][gc,metaspace] GC(107) Metaspace: 118333K(120128K)->118333K(120128K) NonClass: 102564K(103552K)->102564K(103552K) Class: 15769K(16576K)->15769K(16576K)
[2023-10-31T02:30:44.218+0000][7][gc          ] GC(107) Pause Young (Normal) (G1 Evacuation Pause) 414M->151M(512M) 8.520ms
[2023-10-31T02:30:44.218+0000][7][gc,cpu      ] GC(107) User=0.03s Sys=0.00s Real=0.01s
[2023-10-31T02:30:44.218+0000][7][safepoint   ] Safepoint "G1CollectForAllocation", Time since last: 164447388 ns, Reaching safepoint: 38999 ns, At safepoint: 8650502 ns, Total: 8689501 ns
[2023-10-31T02:30:45.218+0000][7][safepoint   ] Safepoint "Cleanup", Time since last: 1000136302 ns, Reaching safepoint: 72839 ns, At safepoint: 6167 ns, Total: 79006 ns
[2023-10-31T02:30:46.218+0000][7][safepoint   ] Safepoint "Cleanup", Time since last: 1000107059 ns, Reaching safepoint: 66940 ns, At safepoint: 22649 ns, Total: 89589 ns
[2023-10-31T02:30:48.219+0000][7][safepoint   ] Safepoint "Cleanup", Time since last: 2000430193 ns, Reaching safepoint: 76577 ns, At safepoint: 7249 ns, Total: 83826 ns
[2023-10-31T02:30:49.219+0000][7][safepoint   ] Safepoint "Cleanup", Time since last: 1000249398 ns, Reaching safepoint: 148047 ns, At safepoint: 4667 ns, Total: 152714 ns
[2023-10-31T02:30:50.219+0000][7][safepoint   ] Safepoint "Cleanup", Time since last: 1000090529 ns, Reaching safepoint: 33834 ns, At safepoint: 3089 ns, Total: 36923 ns
[2023-10-31T02:30:51.220+0000][7][safepoint   ] Safepoint "Cleanup", Time since last: 1000218366 ns, Reaching safepoint: 86119 ns, At safepoint: 4868 ns, Total: 90987 ns
[2023-10-31T02:30:53.220+0000][7][safepoint   ] Safepoint "Cleanup", Time since last: 2000216293 ns, Reaching safepoint: 45270 ns, At safepoint: 4460 ns, Total: 49730 ns
[2023-10-31T02:30:54.220+0000][7][safepoint   ] Safepoint "Cleanup", Time since last: 1000155311 ns, Reaching safepoint: 68813 ns, At safepoint: 6502 ns, Total: 75315 ns
[2023-10-31T02:30:56.221+0000][7][safepoint   ] Safepoint "Cleanup", Time since last: 2000385361 ns, Reaching safepoint: 143022 ns, At safepoint: 7922 ns, Total: 150944 ns
[2023-10-31T02:30:57.221+0000][7][safepoint   ] Safepoint "Cleanup", Time since last: 1000333440 ns, Reaching safepoint: 38265 ns, At safepoint: 5588 ns, Total: 43853 ns
[2023-10-31T02:30:58.614+0000][7][gc,start    ] GC(108) Pause Young (Normal) (G1 Evacuation Pause)
[2023-10-31T02:30:58.614+0000][7][gc,task     ] GC(108) Using 8 workers of 8 for evacuation
[2023-10-31T02:30:58.614+0000][7][gc,age      ] GC(108) Desired survivor size 18874368 bytes, new threshold 15 (max threshold 15)
[2023-10-31T02:30:58.620+0000][7][gc,age      ] GC(108) Age table with threshold 15 (max threshold 15)
[2023-10-31T02:30:58.621+0000][7][gc,age      ] GC(108) - age   1:     801856 bytes,     801856 total
[2023-10-31T02:30:58.621+0000][7][gc,age      ] GC(108) - age   2:     413776 bytes,    1215632 total
[2023-10-31T02:30:58.621+0000][7][gc,age      ] GC(108) - age   3:     207696 bytes,    1423328 total
[2023-10-31T02:30:58.621+0000][7][gc,age      ] GC(108) - age   4:    2119000 bytes,    3542328 total
[2023-10-31T02:30:58.621+0000][7][gc,age      ] GC(108) - age   5:    2057128 bytes,    5599456 total
[2023-10-31T02:30:58.621+0000][7][gc,age      ] GC(108) - age   6:     234912 bytes,    5834368 total
[2023-10-31T02:30:58.621+0000][7][gc,age      ] GC(108) - age   7:     541064 bytes,    6375432 total
[2023-10-31T02:30:58.621+0000][7][gc,age      ] GC(108) - age   8:    1283832 bytes,    7659264 total
[2023-10-31T02:30:58.621+0000][7][gc,age      ] GC(108) - age   9:     237288 bytes,    7896552 total
[2023-10-31T02:30:58.621+0000][7][gc,age      ] GC(108) - age  10:     411040 bytes,    8307592 total
[2023-10-31T02:30:58.621+0000][7][gc,age      ] GC(108) - age  11:     238296 bytes,    8545888 total
[2023-10-31T02:30:58.621+0000][7][gc,age      ] GC(108) - age  12:     282912 bytes,    8828800 total
[2023-10-31T02:30:58.621+0000][7][gc,age      ] GC(108) - age  13:     234512 bytes,    9063312 total
[2023-10-31T02:30:58.621+0000][7][gc,age      ] GC(108) - age  14:     300328 bytes,    9363640 total
[2023-10-31T02:30:58.621+0000][7][gc,age      ] GC(108) - age  15:     232992 bytes,    9596632 total
[2023-10-31T02:30:58.621+0000][7][gc,phases   ] GC(108)   Pre Evacuate Collection Set: 0.1ms
[2023-10-31T02:30:58.621+0000][7][gc,phases   ] GC(108)   Merge Heap Roots: 0.0ms
[2023-10-31T02:30:58.621+0000][7][gc,phases   ] GC(108)   Evacuate Collection Set: 5.6ms
[2023-10-31T02:30:58.621+0000][7][gc,phases   ] GC(108)   Post Evacuate Collection Set: 0.5ms
[2023-10-31T02:30:58.621+0000][7][gc,phases   ] GC(108)   Other: 0.4ms
[2023-10-31T02:30:58.621+0000][7][gc,heap     ] GC(108) Eden regions: 65->0(65)
[2023-10-31T02:30:58.621+0000][7][gc,heap     ] GC(108) Survivor regions: 3->3(9)
[2023-10-31T02:30:58.621+0000][7][gc,heap     ] GC(108) Old regions: 30->30
[2023-10-31T02:30:58.621+0000][7][gc,heap     ] GC(108) Archive regions: 2->2
[2023-10-31T02:30:58.621+0000][7][gc,heap     ] GC(108) Humongous regions: 5->5
[2023-10-31T02:30:58.621+0000][7][gc,metaspace] GC(108) Metaspace: 118336K(120128K)->118336K(120128K) NonClass: 102567K(103552K)->102567K(103552K) Class: 15769K(16576K)->15769K(16576K)
[2023-10-31T02:30:58.621+0000][7][gc          ] GC(108) Pause Young (Normal) (G1 Evacuation Pause) 411M->150M(512M) 6.714ms
[2023-10-31T02:30:58.621+0000][7][gc,cpu      ] GC(108) User=0.02s Sys=0.00s Real=0.01s
[2023-10-31T02:30:58.621+0000][7][safepoint   ] Safepoint "G1CollectForAllocation", Time since last: 1393015811 ns, Reaching safepoint: 40176 ns, At safepoint: 6811973 ns, Total: 6852149 ns
[2023-10-31T02:30:59.621+0000][7][safepoint   ] Safepoint "Cleanup", Time since last: 1000356288 ns, Reaching safepoint: 96679 ns, At safepoint: 5696 ns, Total: 102375 ns
[2023-10-31T02:31:01.622+0000][7][safepoint   ] Safepoint "Cleanup", Time since last: 2000253586 ns, Reaching safepoint: 148231 ns, At safepoint: 3484 ns, Total: 151715 ns
[2023-10-31T02:31:02.622+0000][7][safepoint   ] Safepoint "Cleanup", Time since last: 1000153172 ns, Reaching safepoint: 51092 ns, At safepoint: 24466 ns, Total: 75558 ns
[2023-10-31T02:31:03.623+0000][7][safepoint   ] Safepoint "Cleanup", Time since last: 1000603358 ns, Reaching safepoint: 38025 ns, At safepoint: 3293 ns, Total: 41318 ns
[2023-10-31T02:31:05.623+0000][7][safepoint   ] Safepoint "Cleanup", Time since last: 2000461499 ns, Reaching safepoint: 119352 ns, At safepoint: 6271 ns, Total: 125623 ns
[2023-10-31T02:31:06.623+0000][7][safepoint   ] Safepoint "Cleanup", Time since last: 1000172195 ns, Reaching safepoint: 50935 ns, At safepoint: 5120 ns, Total: 56055 ns
[2023-10-31T02:31:08.624+0000][7][safepoint   ] Safepoint "Cleanup", Time since last: 2000230314 ns, Reaching safepoint: 72995 ns, At safepoint: 6899 ns, Total: 79894 ns
[2023-10-31T02:31:11.624+0000][7][safepoint   ] Safepoint "Cleanup", Time since last: 3000582325 ns, Reaching safepoint: 63096 ns, At safepoint: 9550 ns, Total: 72646 ns
[2023-10-31T02:31:13.625+0000][7][safepoint   ] Safepoint "Cleanup", Time since last: 2000630858 ns, Reaching safepoint: 87870 ns, At safepoint: 10280 ns, Total: 98150 ns
[2023-10-31T02:31:14.340+0000][7][gc,start    ] GC(109) Pause Young (Normal) (G1 Evacuation Pause)
[2023-10-31T02:31:14.340+0000][7][gc,task     ] GC(109) Using 8 workers of 8 for evacuation
[2023-10-31T02:31:14.341+0000][7][gc,age      ] GC(109) Desired survivor size 18874368 bytes, new threshold 15 (max threshold 15)
[2023-10-31T02:31:14.344+0000][7][gc,age      ] GC(109) Age table with threshold 15 (max threshold 15)
[2023-10-31T02:31:14.344+0000][7][gc,age      ] GC(109) - age   1:    1588112 bytes,    1588112 total
[2023-10-31T02:31:14.344+0000][7][gc,age      ] GC(109) - age   2:     665080 bytes,    2253192 total
[2023-10-31T02:31:14.344+0000][7][gc,age      ] GC(109) - age   3:     413344 bytes,    2666536 total
[2023-10-31T02:31:14.344+0000][7][gc,age      ] GC(109) - age   4:     207248 bytes,    2873784 total
[2023-10-31T02:31:14.344+0000][7][gc,age      ] GC(109) - age   5:    2118496 bytes,    4992280 total
[2023-10-31T02:31:14.344+0000][7][gc,age      ] GC(109) - age   6:    2056744 bytes,    7049024 total
[2023-10-31T02:31:14.344+0000][7][gc,age      ] GC(109) - age   7:     234824 bytes,    7283848 total
[2023-10-31T02:31:14.344+0000][7][gc,age      ] GC(109) - age   8:     541064 bytes,    7824912 total
[2023-10-31T02:31:14.344+0000][7][gc,age      ] GC(109) - age   9:    1283832 bytes,    9108744 total
[2023-10-31T02:31:14.344+0000][7][gc,age      ] GC(109) - age  10:     237288 bytes,    9346032 total
[2023-10-31T02:31:14.344+0000][7][gc,age      ] GC(109) - age  11:     270368 bytes,    9616400 total
[2023-10-31T02:31:14.344+0000][7][gc,age      ] GC(109) - age  12:     236024 bytes,    9852424 total
[2023-10-31T02:31:14.344+0000][7][gc,age      ] GC(109) - age  13:     282912 bytes,   10135336 total
[2023-10-31T02:31:14.344+0000][7][gc,age      ] GC(109) - age  14:     234512 bytes,   10369848 total
[2023-10-31T02:31:14.344+0000][7][gc,age      ] GC(109) - age  15:     300328 bytes,   10670176 total
[2023-10-31T02:31:14.344+0000][7][gc,phases   ] GC(109)   Pre Evacuate Collection Set: 0.1ms
[2023-10-31T02:31:14.344+0000][7][gc,phases   ] GC(109)   Merge Heap Roots: 0.0ms
[2023-10-31T02:31:14.344+0000][7][gc,phases   ] GC(109)   Evacuate Collection Set: 2.9ms
[2023-10-31T02:31:14.344+0000][7][gc,phases   ] GC(109)   Post Evacuate Collection Set: 0.7ms
[2023-10-31T02:31:14.344+0000][7][gc,phases   ] GC(109)   Other: 0.2ms
[2023-10-31T02:31:14.344+0000][7][gc,heap     ] GC(109) Eden regions: 65->0(65)
[2023-10-31T02:31:14.344+0000][7][gc,heap     ] GC(109) Survivor regions: 3->3(9)
[2023-10-31T02:31:14.344+0000][7][gc,heap     ] GC(109) Old regions: 30->30
[2023-10-31T02:31:14.344+0000][7][gc,heap     ] GC(109) Archive regions: 2->2
[2023-10-31T02:31:14.344+0000][7][gc,heap     ] GC(109) Humongous regions: 5->5
[2023-10-31T02:31:14.344+0000][7][gc,metaspace] GC(109) Metaspace: 118338K(120192K)->118338K(120192K) NonClass: 102569K(103616K)->102569K(103616K) Class: 15769K(16576K)->15769K(16576K)
[2023-10-31T02:31:14.344+0000][7][gc          ] GC(109) Pause Young (Normal) (G1 Evacuation Pause) 410M->152M(512M) 3.945ms
[2023-10-31T02:31:14.344+0000][7][gc,cpu      ] GC(109) User=0.02s Sys=0.00s Real=0.00s
[2023-10-31T02:31:14.344+0000][7][safepoint   ] Safepoint "G1CollectForAllocation", Time since last: 715280583 ns, Reaching safepoint: 57723 ns, At safepoint: 4013162 ns, Total: 4070885 ns
[2023-10-31T02:31:16.345+0000][7][safepoint   ] Safepoint "Cleanup", Time since last: 2000554897 ns, Reaching safepoint: 78024 ns, At safepoint: 10054 ns, Total: 88078 ns
[2023-10-31T02:31:17.345+0000][7][safepoint   ] Safepoint "Cleanup", Time since last: 1000112284 ns, Reaching safepoint: 80019 ns, At safepoint: 13403 ns, Total: 93422 ns
[2023-10-31T02:31:18.346+0000][7][safepoint   ] Safepoint "Cleanup", Time since last: 1000155636 ns, Reaching safepoint: 119581 ns, At safepoint: 10621 ns, Total: 130202 ns
[2023-10-31T02:31:20.346+0000][7][safepoint   ] Safepoint "Cleanup", Time since last: 2000267861 ns, Reaching safepoint: 51171 ns, At safepoint: 6649 ns, Total: 57820 ns
[2023-10-31T02:31:21.346+0000][7][safepoint   ] Safepoint "Cleanup", Time since last: 1000253301 ns, Reaching safepoint: 132207 ns, At safepoint: 26425 ns, Total: 158632 ns
[2023-10-31T02:31:23.347+0000][7][safepoint   ] Safepoint "Cleanup", Time since last: 2000164623 ns, Reaching safepoint: 89819 ns, At safepoint: 5266 ns, Total: 95085 ns
[2023-10-31T02:31:26.347+0000][7][safepoint   ] Safepoint "Cleanup", Time since last: 3000263940 ns, Reaching safepoint: 78355 ns, At safepoint: 9979 ns, Total: 88334 ns
[2023-10-31T02:31:27.347+0000][7][safepoint   ] Safepoint "Cleanup", Time since last: 1000187812 ns, Reaching safepoint: 91392 ns, At safepoint: 8174 ns, Total: 99566 ns
[2023-10-31T02:31:28.347+0000][7][safepoint   ] Safepoint "Cleanup", Time since last: 1000107561 ns, Reaching safepoint: 112998 ns, At safepoint: 7330 ns, Total: 120328 ns
[2023-10-31T02:31:29.300+0000][7][gc,start    ] GC(110) Pause Young (Normal) (G1 Evacuation Pause)
[2023-10-31T02:31:29.300+0000][7][gc,task     ] GC(110) Using 8 workers of 8 for evacuation
[2023-10-31T02:31:29.300+0000][7][gc,age      ] GC(110) Desired survivor size 18874368 bytes, new threshold 15 (max threshold 15)
[2023-10-31T02:31:29.311+0000][7][gc,age      ] GC(110) Age table with threshold 15 (max threshold 15)
[2023-10-31T02:31:29.311+0000][7][gc,age      ] GC(110) - age   1:    3217112 bytes,    3217112 total
[2023-10-31T02:31:29.311+0000][7][gc,age      ] GC(110) - age   2:     463080 bytes,    3680192 total
[2023-10-31T02:31:29.311+0000][7][gc,age      ] GC(110) - age   3:     451160 bytes,    4131352 total
[2023-10-31T02:31:29.311+0000][7][gc,age      ] GC(110) - age   4:     281944 bytes,    4413296 total
[2023-10-31T02:31:29.311+0000][7][gc,age      ] GC(110) - age   5:     206448 bytes,    4619744 total
[2023-10-31T02:31:29.311+0000][7][gc,age      ] GC(110) - age   6:    2118464 bytes,    6738208 total
[2023-10-31T02:31:29.311+0000][7][gc,age      ] GC(110) - age   7:    2056712 bytes,    8794920 total
[2023-10-31T02:31:29.311+0000][7][gc,age      ] GC(110) - age   8:     234824 bytes,    9029744 total
[2023-10-31T02:31:29.311+0000][7][gc,age      ] GC(110) - age   9:     541064 bytes,    9570808 total
[2023-10-31T02:31:29.311+0000][7][gc,age      ] GC(110) - age  10:     201000 bytes,    9771808 total
[2023-10-31T02:31:29.311+0000][7][gc,age      ] GC(110) - age  11:     237288 bytes,   10009096 total
[2023-10-31T02:31:29.311+0000][7][gc,age      ] GC(110) - age  12:     270368 bytes,   10279464 total
[2023-10-31T02:31:29.311+0000][7][gc,age      ] GC(110) - age  13:     236024 bytes,   10515488 total
[2023-10-31T02:31:29.311+0000][7][gc,age      ] GC(110) - age  14:     282912 bytes,   10798400 total
[2023-10-31T02:31:29.311+0000][7][gc,age      ] GC(110) - age  15:     234512 bytes,   11032912 total
[2023-10-31T02:31:29.311+0000][7][gc,phases   ] GC(110)   Pre Evacuate Collection Set: 0.1ms
[2023-10-31T02:31:29.311+0000][7][gc,phases   ] GC(110)   Merge Heap Roots: 0.0ms
[2023-10-31T02:31:29.311+0000][7][gc,phases   ] GC(110)   Evacuate Collection Set: 10.4ms
[2023-10-31T02:31:29.311+0000][7][gc,phases   ] GC(110)   Post Evacuate Collection Set: 0.6ms
[2023-10-31T02:31:29.311+0000][7][gc,phases   ] GC(110)   Other: 0.2ms
[2023-10-31T02:31:29.311+0000][7][gc,heap     ] GC(110) Eden regions: 65->0(65)
[2023-10-31T02:31:29.311+0000][7][gc,heap     ] GC(110) Survivor regions: 3->3(9)
[2023-10-31T02:31:29.311+0000][7][gc,heap     ] GC(110) Old regions: 30->30
[2023-10-31T02:31:29.311+0000][7][gc,heap     ] GC(110) Archive regions: 2->2
[2023-10-31T02:31:29.311+0000][7][gc,heap     ] GC(110) Humongous regions: 5->5
[2023-10-31T02:31:29.311+0000][7][gc,metaspace] GC(110) Metaspace: 118362K(120192K)->118362K(120192K) NonClass: 102592K(103616K)->102592K(103616K) Class: 15769K(16576K)->15769K(16576K)
[2023-10-31T02:31:29.311+0000][7][gc          ] GC(110) Pause Young (Normal) (G1 Evacuation Pause) 412M->152M(512M) 11.347ms
[2023-10-31T02:31:29.311+0000][7][gc,cpu      ] GC(110) User=0.02s Sys=0.00s Real=0.01s
[2023-10-31T02:31:29.311+0000][7][safepoint   ] Safepoint "G1CollectForAllocation", Time since last: 951993899 ns, Reaching safepoint: 58821 ns, At safepoint: 11410528 ns, Total: 11469349 ns
[2023-10-31T02:31:31.311+0000][7][safepoint   ] Safepoint "Cleanup", Time since last: 2000440056 ns, Reaching safepoint: 128787 ns, At safepoint: 22880 ns, Total: 151667 ns
[2023-10-31T02:31:32.312+0000][7][safepoint   ] Safepoint "Cleanup", Time since last: 1000194218 ns, Reaching safepoint: 37815 ns, At safepoint: 3702 ns, Total: 41517 ns
[2023-10-31T02:31:33.312+0000][7][safepoint   ] Safepoint "Cleanup", Time since last: 1000109553 ns, Reaching safepoint: 44706 ns, At safepoint: 3770 ns, Total: 48476 ns
[2023-10-31T02:31:35.312+0000][7][safepoint   ] Safepoint "Cleanup", Time since last: 2000233461 ns, Reaching safepoint: 100374 ns, At safepoint: 30994 ns, Total: 131368 ns
[2023-10-31T02:31:38.313+0000][7][safepoint   ] Safepoint "Cleanup", Time since last: 3000314406 ns, Reaching safepoint: 160117 ns, At safepoint: 8983 ns, Total: 169100 ns
[2023-10-31T02:31:39.313+0000][7][safepoint   ] Safepoint "Cleanup", Time since last: 1000118656 ns, Reaching safepoint: 78162 ns, At safepoint: 7300 ns, Total: 85462 ns
[2023-10-31T02:31:41.313+0000][7][safepoint   ] Safepoint "Cleanup", Time since last: 2000220313 ns, Reaching safepoint: 98209 ns, At safepoint: 5980 ns, Total: 104189 ns
[2023-10-31T02:31:44.329+0000][7][gc,start    ] GC(111) Pause Young (Normal) (G1 Evacuation Pause)
[2023-10-31T02:31:44.329+0000][7][gc,task     ] GC(111) Using 8 workers of 8 for evacuation
[2023-10-31T02:31:44.329+0000][7][gc,age      ] GC(111) Desired survivor size 18874368 bytes, new threshold 15 (max threshold 15)
[2023-10-31T02:31:44.333+0000][7][gc,age      ] GC(111) Age table with threshold 15 (max threshold 15)
[2023-10-31T02:31:44.333+0000][7][gc,age      ] GC(111) - age   1:    1509408 bytes,    1509408 total
[2023-10-31T02:31:44.333+0000][7][gc,age      ] GC(111) - age   2:    1501600 bytes,    3011008 total
[2023-10-31T02:31:44.333+0000][7][gc,age      ] GC(111) - age   3:     460488 bytes,    3471496 total
[2023-10-31T02:31:44.333+0000][7][gc,age      ] GC(111) - age   4:     450936 bytes,    3922432 total
[2023-10-31T02:31:44.333+0000][7][gc,age      ] GC(111) - age   5:     281768 bytes,    4204200 total
[2023-10-31T02:31:44.333+0000][7][gc,age      ] GC(111) - age   6:     206256 bytes,    4410456 total
[2023-10-31T02:31:44.333+0000][7][gc,age      ] GC(111) - age   7:    2118400 bytes,    6528856 total
[2023-10-31T02:31:44.333+0000][7][gc,age      ] GC(111) - age   8:    2056648 bytes,    8585504 total
[2023-10-31T02:31:44.333+0000][7][gc,age      ] GC(111) - age   9:     234824 bytes,    8820328 total
[2023-10-31T02:31:44.333+0000][7][gc,age      ] GC(111) - age  10:     541064 bytes,    9361392 total
[2023-10-31T02:31:44.333+0000][7][gc,age      ] GC(111) - age  11:     201000 bytes,    9562392 total
[2023-10-31T02:31:44.333+0000][7][gc,age      ] GC(111) - age  12:     237288 bytes,    9799680 total
[2023-10-31T02:31:44.333+0000][7][gc,age      ] GC(111) - age  13:     270304 bytes,   10069984 total
[2023-10-31T02:31:44.333+0000][7][gc,age      ] GC(111) - age  14:     236024 bytes,   10306008 total
[2023-10-31T02:31:44.333+0000][7][gc,age      ] GC(111) - age  15:     282912 bytes,   10588920 total
[2023-10-31T02:31:44.333+0000][7][gc,phases   ] GC(111)   Pre Evacuate Collection Set: 0.1ms
[2023-10-31T02:31:44.333+0000][7][gc,phases   ] GC(111)   Merge Heap Roots: 0.0ms
[2023-10-31T02:31:44.333+0000][7][gc,phases   ] GC(111)   Evacuate Collection Set: 3.1ms
[2023-10-31T02:31:44.333+0000][7][gc,phases   ] GC(111)   Post Evacuate Collection Set: 0.6ms
[2023-10-31T02:31:44.333+0000][7][gc,phases   ] GC(111)   Other: 0.3ms
[2023-10-31T02:31:44.333+0000][7][gc,heap     ] GC(111) Eden regions: 65->0(65)
[2023-10-31T02:31:44.333+0000][7][gc,heap     ] GC(111) Survivor regions: 3->3(9)
[2023-10-31T02:31:44.333+0000][7][gc,heap     ] GC(111) Old regions: 30->30
[2023-10-31T02:31:44.333+0000][7][gc,heap     ] GC(111) Archive regions: 2->2
[2023-10-31T02:31:44.333+0000][7][gc,heap     ] GC(111) Humongous regions: 5->5
[2023-10-31T02:31:44.333+0000][7][gc,metaspace] GC(111) Metaspace: 118386K(120192K)->118386K(120192K) NonClass: 102617K(103616K)->102617K(103616K) Class: 15769K(16576K)->15769K(16576K)
[2023-10-31T02:31:44.333+0000][7][gc          ] GC(111) Pause Young (Normal) (G1 Evacuation Pause) 412M->153M(512M) 4.131ms
[2023-10-31T02:31:44.333+0000][7][gc,cpu      ] GC(111) User=0.03s Sys=0.00s Real=0.00s
[2023-10-31T02:31:44.333+0000][7][safepoint   ] Safepoint "G1CollectForAllocation", Time since last: 3015302906 ns, Reaching safepoint: 122803 ns, At safepoint: 4204433 ns, Total: 4327236 ns
[2023-10-31T02:31:56.334+0000][7][safepoint   ] Safepoint "Cleanup", Time since last: 12001575688 ns, Reaching safepoint: 30620 ns, At safepoint: 4048 ns, Total: 34668 ns
[2023-10-31T02:31:58.346+0000][7][gc,start    ] GC(112) Pause Young (Normal) (G1 Evacuation Pause)
[2023-10-31T02:31:58.346+0000][7][gc,task     ] GC(112) Using 8 workers of 8 for evacuation
[2023-10-31T02:31:58.346+0000][7][gc,age      ] GC(112) Desired survivor size 18874368 bytes, new threshold 15 (max threshold 15)
[2023-10-31T02:31:58.349+0000][7][gc,age      ] GC(112) Age table with threshold 15 (max threshold 15)
[2023-10-31T02:31:58.349+0000][7][gc,age      ] GC(112) - age   1:    1663280 bytes,    1663280 total
[2023-10-31T02:31:58.349+0000][7][gc,age      ] GC(112) - age   2:     430920 bytes,    2094200 total
[2023-10-31T02:31:58.349+0000][7][gc,age      ] GC(112) - age   3:    1489032 bytes,    3583232 total
[2023-10-31T02:31:58.349+0000][7][gc,age      ] GC(112) - age   4:     427872 bytes,    4011104 total
[2023-10-31T02:31:58.349+0000][7][gc,age      ] GC(112) - age   5:     307064 bytes,    4318168 total
[2023-10-31T02:31:58.349+0000][7][gc,age      ] GC(112) - age   6:     281672 bytes,    4599840 total
[2023-10-31T02:31:58.349+0000][7][gc,age      ] GC(112) - age   7:     205584 bytes,    4805424 total
[2023-10-31T02:31:58.349+0000][7][gc,age      ] GC(112) - age   8:    2118400 bytes,    6923824 total
[2023-10-31T02:31:58.349+0000][7][gc,age      ] GC(112) - age   9:    2056648 bytes,    8980472 total
[2023-10-31T02:31:58.349+0000][7][gc,age      ] GC(112) - age  10:     234760 bytes,    9215232 total
[2023-10-31T02:31:58.349+0000][7][gc,age      ] GC(112) - age  11:     266912 bytes,    9482144 total
[2023-10-31T02:31:58.349+0000][7][gc,age      ] GC(112) - age  12:     200936 bytes,    9683080 total
[2023-10-31T02:31:58.349+0000][7][gc,age      ] GC(112) - age  13:     237224 bytes,    9920304 total
[2023-10-31T02:31:58.349+0000][7][gc,age      ] GC(112) - age  14:     270304 bytes,   10190608 total
[2023-10-31T02:31:58.349+0000][7][gc,age      ] GC(112) - age  15:     236024 bytes,   10426632 total
[2023-10-31T02:31:58.349+0000][7][gc,phases   ] GC(112)   Pre Evacuate Collection Set: 0.1ms
[2023-10-31T02:31:58.349+0000][7][gc,phases   ] GC(112)   Merge Heap Roots: 0.0ms
[2023-10-31T02:31:58.349+0000][7][gc,phases   ] GC(112)   Evacuate Collection Set: 2.7ms
[2023-10-31T02:31:58.349+0000][7][gc,phases   ] GC(112)   Post Evacuate Collection Set: 0.5ms
[2023-10-31T02:31:58.349+0000][7][gc,phases   ] GC(112)   Other: 0.3ms
[2023-10-31T02:31:58.349+0000][7][gc,heap     ] GC(112) Eden regions: 65->0(65)
[2023-10-31T02:31:58.349+0000][7][gc,heap     ] GC(112) Survivor regions: 3->3(9)
[2023-10-31T02:31:58.349+0000][7][gc,heap     ] GC(112) Old regions: 30->30
[2023-10-31T02:31:58.349+0000][7][gc,heap     ] GC(112) Archive regions: 2->2
[2023-10-31T02:31:58.349+0000][7][gc,heap     ] GC(112) Humongous regions: 5->5
[2023-10-31T02:31:58.349+0000][7][gc,metaspace] GC(112) Metaspace: 118393K(120192K)->118393K(120192K) NonClass: 102623K(103616K)->102623K(103616K) Class: 15769K(16576K)->15769K(16576K)
[2023-10-31T02:31:58.349+0000][7][gc          ] GC(112) Pause Young (Normal) (G1 Evacuation Pause) 413M->153M(512M) 3.645ms
[2023-10-31T02:31:58.349+0000][7][gc,cpu      ] GC(112) User=0.02s Sys=0.00s Real=0.01s
[2023-10-31T02:31:58.349+0000][7][safepoint   ] Safepoint "G1CollectForAllocation", Time since last: 2010930519 ns, Reaching safepoint: 63959 ns, At safepoint: 3712585 ns, Total: 3776544 ns
[2023-10-31T02:32:06.350+0000][7][safepoint   ] Safepoint "Cleanup", Time since last: 8000813387 ns, Reaching safepoint: 68865 ns, At safepoint: 16748 ns, Total: 85613 ns
[2023-10-31T02:32:14.319+0000][7][gc,start    ] GC(113) Pause Young (Normal) (G1 Evacuation Pause)
[2023-10-31T02:32:14.319+0000][7][gc,task     ] GC(113) Using 8 workers of 8 for evacuation
[2023-10-31T02:32:14.319+0000][7][gc,age      ] GC(113) Desired survivor size 18874368 bytes, new threshold 15 (max threshold 15)
[2023-10-31T02:32:14.327+0000][7][gc,age      ] GC(113) Age table with threshold 15 (max threshold 15)
[2023-10-31T02:32:14.327+0000][7][gc,age      ] GC(113) - age   1:    1429432 bytes,    1429432 total
[2023-10-31T02:32:14.327+0000][7][gc,age      ] GC(113) - age   2:     721496 bytes,    2150928 total
[2023-10-31T02:32:14.327+0000][7][gc,age      ] GC(113) - age   3:     268512 bytes,    2419440 total
[2023-10-31T02:32:14.327+0000][7][gc,age      ] GC(113) - age   4:    1488552 bytes,    3907992 total
[2023-10-31T02:32:14.327+0000][7][gc,age      ] GC(113) - age   5:     427176 bytes,    4335168 total
[2023-10-31T02:32:14.327+0000][7][gc,age      ] GC(113) - age   6:     306808 bytes,    4641976 total
[2023-10-31T02:32:14.327+0000][7][gc,age      ] GC(113) - age   7:     281352 bytes,    4923328 total
[2023-10-31T02:32:14.327+0000][7][gc,age      ] GC(113) - age   8:     205584 bytes,    5128912 total
[2023-10-31T02:32:14.327+0000][7][gc,age      ] GC(113) - age   9:    2118400 bytes,    7247312 total
[2023-10-31T02:32:14.327+0000][7][gc,age      ] GC(113) - age  10:    2053728 bytes,    9301040 total
[2023-10-31T02:32:14.327+0000][7][gc,age      ] GC(113) - age  11:     234760 bytes,    9535800 total
[2023-10-31T02:32:14.327+0000][7][gc,age      ] GC(113) - age  12:     266912 bytes,    9802712 total
[2023-10-31T02:32:14.327+0000][7][gc,age      ] GC(113) - age  13:     200936 bytes,   10003648 total
[2023-10-31T02:32:14.327+0000][7][gc,age      ] GC(113) - age  14:     237224 bytes,   10240872 total
[2023-10-31T02:32:14.327+0000][7][gc,age      ] GC(113) - age  15:     270304 bytes,   10511176 total
[2023-10-31T02:32:14.327+0000][7][gc,phases   ] GC(113)   Pre Evacuate Collection Set: 0.1ms
[2023-10-31T02:32:14.327+0000][7][gc,phases   ] GC(113)   Merge Heap Roots: 0.0ms
[2023-10-31T02:32:14.327+0000][7][gc,phases   ] GC(113)   Evacuate Collection Set: 7.5ms
[2023-10-31T02:32:14.327+0000][7][gc,phases   ] GC(113)   Post Evacuate Collection Set: 0.5ms
[2023-10-31T02:32:14.327+0000][7][gc,phases   ] GC(113)   Other: 0.2ms
[2023-10-31T02:32:14.327+0000][7][gc,heap     ] GC(113) Eden regions: 65->0(65)
[2023-10-31T02:32:14.327+0000][7][gc,heap     ] GC(113) Survivor regions: 3->3(9)
[2023-10-31T02:32:14.327+0000][7][gc,heap     ] GC(113) Old regions: 30->30
[2023-10-31T02:32:14.327+0000][7][gc,heap     ] GC(113) Archive regions: 2->2
[2023-10-31T02:32:14.327+0000][7][gc,heap     ] GC(113) Humongous regions: 5->5
[2023-10-31T02:32:14.327+0000][7][gc,metaspace] GC(113) Metaspace: 118396K(120192K)->118396K(120192K) NonClass: 102626K(103616K)->102626K(103616K) Class: 15769K(16576K)->15769K(16576K)
[2023-10-31T02:32:14.327+0000][7][gc          ] GC(113) Pause Young (Normal) (G1 Evacuation Pause) 413M->153M(512M) 8.427ms
[2023-10-31T02:32:14.327+0000][7][gc,cpu      ] GC(113) User=0.03s Sys=0.00s Real=0.01s
[2023-10-31T02:32:14.327+0000][7][safepoint   ] Safepoint "G1CollectForAllocation", Time since last: 7968728163 ns, Reaching safepoint: 69236 ns, At safepoint: 8493983 ns, Total: 8563219 ns
[2023-10-31T02:32:21.328+0000][7][safepoint   ] Safepoint "Cleanup", Time since last: 7000991444 ns, Reaching safepoint: 62084 ns, At safepoint: 26506 ns, Total: 88590 ns
[2023-10-31T02:32:27.329+0000][7][safepoint   ] Safepoint "Cleanup", Time since last: 6000737154 ns, Reaching safepoint: 123643 ns, At safepoint: 4186 ns, Total: 127829 ns
[2023-10-31T02:32:29.029+0000][7][gc,start    ] GC(114) Pause Young (Normal) (G1 Evacuation Pause)
[2023-10-31T02:32:29.029+0000][7][gc,task     ] GC(114) Using 8 workers of 8 for evacuation
[2023-10-31T02:32:29.029+0000][7][gc,age      ] GC(114) Desired survivor size 18874368 bytes, new threshold 15 (max threshold 15)
[2023-10-31T02:32:29.033+0000][7][gc,age      ] GC(114) Age table with threshold 15 (max threshold 15)
[2023-10-31T02:32:29.033+0000][7][gc,age      ] GC(114) - age   1:    3797312 bytes,    3797312 total
[2023-10-31T02:32:29.033+0000][7][gc,age      ] GC(114) - age   2:     241104 bytes,    4038416 total
[2023-10-31T02:32:29.033+0000][7][gc,age      ] GC(114) - age   3:     708136 bytes,    4746552 total
[2023-10-31T02:32:29.033+0000][7][gc,age      ] GC(114) - age   4:     267936 bytes,    5014488 total
[2023-10-31T02:32:29.033+0000][7][gc,age      ] GC(114) - age   5:    1486848 bytes,    6501336 total
[2023-10-31T02:32:29.033+0000][7][gc,age      ] GC(114) - age   6:     426952 bytes,    6928288 total
[2023-10-31T02:32:29.033+0000][7][gc,age      ] GC(114) - age   7:     306744 bytes,    7235032 total
[2023-10-31T02:32:29.033+0000][7][gc,age      ] GC(114) - age   8:     281352 bytes,    7516384 total
[2023-10-31T02:32:29.033+0000][7][gc,age      ] GC(114) - age   9:     205088 bytes,    7721472 total
[2023-10-31T02:32:29.033+0000][7][gc,age      ] GC(114) - age  10:     233272 bytes,    7954744 total
[2023-10-31T02:32:29.033+0000][7][gc,age      ] GC(114) - age  11:    1319000 bytes,    9273744 total
[2023-10-31T02:32:29.033+0000][7][gc,age      ] GC(114) - age  12:     234696 bytes,    9508440 total
[2023-10-31T02:32:29.033+0000][7][gc,age      ] GC(114) - age  13:     266912 bytes,    9775352 total
[2023-10-31T02:32:29.033+0000][7][gc,age      ] GC(114) - age  14:     200936 bytes,    9976288 total
[2023-10-31T02:32:29.033+0000][7][gc,age      ] GC(114) - age  15:     237224 bytes,   10213512 total
[2023-10-31T02:32:29.033+0000][7][gc,phases   ] GC(114)   Pre Evacuate Collection Set: 0.1ms
[2023-10-31T02:32:29.033+0000][7][gc,phases   ] GC(114)   Merge Heap Roots: 0.0ms
[2023-10-31T02:32:29.033+0000][7][gc,phases   ] GC(114)   Evacuate Collection Set: 2.8ms
[2023-10-31T02:32:29.033+0000][7][gc,phases   ] GC(114)   Post Evacuate Collection Set: 0.5ms
[2023-10-31T02:32:29.033+0000][7][gc,phases   ] GC(114)   Other: 0.4ms
[2023-10-31T02:32:29.033+0000][7][gc,heap     ] GC(114) Eden regions: 65->0(65)
[2023-10-31T02:32:29.033+0000][7][gc,heap     ] GC(114) Survivor regions: 3->3(9)
[2023-10-31T02:32:29.033+0000][7][gc,heap     ] GC(114) Old regions: 30->30
[2023-10-31T02:32:29.033+0000][7][gc,heap     ] GC(114) Archive regions: 2->2
[2023-10-31T02:32:29.033+0000][7][gc,heap     ] GC(114) Humongous regions: 5->5
[2023-10-31T02:32:29.033+0000][7][gc,metaspace] GC(114) Metaspace: 118396K(120192K)->118396K(120192K) NonClass: 102626K(103616K)->102626K(103616K) Class: 15769K(16576K)->15769K(16576K)
[2023-10-31T02:32:29.033+0000][7][gc          ] GC(114) Pause Young (Normal) (G1 Evacuation Pause) 413M->153M(512M) 3.880ms
[2023-10-31T02:32:29.033+0000][7][gc,cpu      ] GC(114) User=0.02s Sys=0.00s Real=0.00s
[2023-10-31T02:32:29.033+0000][7][safepoint   ] Safepoint "G1CollectForAllocation", Time since last: 1699796850 ns, Reaching safepoint: 31527 ns, At safepoint: 3994364 ns, Total: 4025891 ns
[2023-10-31T02:32:30.033+0000][7][safepoint   ] Safepoint "Cleanup", Time since last: 1000072980 ns, Reaching safepoint: 70063 ns, At safepoint: 20326 ns, Total: 90389 ns
[2023-10-31T02:32:32.034+0000][7][safepoint   ] Safepoint "Cleanup", Time since last: 2000174330 ns, Reaching safepoint: 33853 ns, At safepoint: 4032 ns, Total: 37885 ns
[2023-10-31T02:32:39.035+0000][7][safepoint   ] Safepoint "Cleanup", Time since last: 7001330608 ns, Reaching safepoint: 184895 ns, At safepoint: 7291 ns, Total: 192186 ns
[2023-10-31T02:32:43.770+0000][7][safepoint   ] Safepoint "G1CollectForAllocation", Time since last: 4734948797 ns, Reaching safepoint: 48917 ns, At safepoint: 9689 ns, Total: 58606 ns
[2023-10-31T02:32:43.771+0000][7][gc,start    ] GC(115) Pause Young (Normal) (GCLocker Initiated GC)
[2023-10-31T02:32:43.771+0000][7][gc,task     ] GC(115) Using 8 workers of 8 for evacuation
[2023-10-31T02:32:43.771+0000][7][gc,age      ] GC(115) Desired survivor size 18874368 bytes, new threshold 15 (max threshold 15)
[2023-10-31T02:32:43.775+0000][7][gc,age      ] GC(115) Age table with threshold 15 (max threshold 15)
[2023-10-31T02:32:43.775+0000][7][gc,age      ] GC(115) - age   1:     684472 bytes,     684472 total
[2023-10-31T02:32:43.775+0000][7][gc,age      ] GC(115) - age   2:    3334752 bytes,    4019224 total
[2023-10-31T02:32:43.775+0000][7][gc,age      ] GC(115) - age   3:     240064 bytes,    4259288 total
[2023-10-31T02:32:43.775+0000][7][gc,age      ] GC(115) - age   4:     546728 bytes,    4806016 total
[2023-10-31T02:32:43.775+0000][7][gc,age      ] GC(115) - age   5:     267536 bytes,    5073552 total
[2023-10-31T02:32:43.775+0000][7][gc,age      ] GC(115) - age   6:    1486848 bytes,    6560400 total
[2023-10-31T02:32:43.775+0000][7][gc,age      ] GC(115) - age   7:     426888 bytes,    6987288 total
[2023-10-31T02:32:43.775+0000][7][gc,age      ] GC(115) - age   8:     306712 bytes,    7294000 total
[2023-10-31T02:32:43.775+0000][7][gc,age      ] GC(115) - age   9:     281352 bytes,    7575352 total
[2023-10-31T02:32:43.775+0000][7][gc,age      ] GC(115) - age  10:     205088 bytes,    7780440 total
[2023-10-31T02:32:43.775+0000][7][gc,age      ] GC(115) - age  11:     233272 bytes,    8013712 total
[2023-10-31T02:32:43.775+0000][7][gc,age      ] GC(115) - age  12:    1319000 bytes,    9332712 total
[2023-10-31T02:32:43.775+0000][7][gc,age      ] GC(115) - age  13:     234696 bytes,    9567408 total
[2023-10-31T02:32:43.775+0000][7][gc,age      ] GC(115) - age  14:     266912 bytes,    9834320 total
[2023-10-31T02:32:43.775+0000][7][gc,age      ] GC(115) - age  15:     200936 bytes,   10035256 total
[2023-10-31T02:32:43.775+0000][7][gc,phases   ] GC(115)   Pre Evacuate Collection Set: 0.1ms
[2023-10-31T02:32:43.775+0000][7][gc,phases   ] GC(115)   Merge Heap Roots: 0.0ms
[2023-10-31T02:32:43.775+0000][7][gc,phases   ] GC(115)   Evacuate Collection Set: 3.4ms
[2023-10-31T02:32:43.775+0000][7][gc,phases   ] GC(115)   Post Evacuate Collection Set: 0.7ms
[2023-10-31T02:32:43.775+0000][7][gc,phases   ] GC(115)   Other: 0.3ms
[2023-10-31T02:32:43.775+0000][7][gc,heap     ] GC(115) Eden regions: 65->0(65)
[2023-10-31T02:32:43.775+0000][7][gc,heap     ] GC(115) Survivor regions: 3->3(9)
[2023-10-31T02:32:43.775+0000][7][gc,heap     ] GC(115) Old regions: 30->30
[2023-10-31T02:32:43.775+0000][7][gc,heap     ] GC(115) Archive regions: 2->2
[2023-10-31T02:32:43.775+0000][7][gc,heap     ] GC(115) Humongous regions: 5->5
[2023-10-31T02:32:43.775+0000][7][gc,metaspace] GC(115) Metaspace: 118399K(120192K)->118399K(120192K) NonClass: 102630K(103616K)->102630K(103616K) Class: 15769K(16576K)->15769K(16576K)
[2023-10-31T02:32:43.775+0000][7][gc          ] GC(115) Pause Young (Normal) (GCLocker Initiated GC) 413M->153M(512M) 4.525ms
[2023-10-31T02:32:43.775+0000][7][gc,cpu      ] GC(115) User=0.02s Sys=0.00s Real=0.00s
[2023-10-31T02:32:43.775+0000][7][safepoint   ] Safepoint "G1CollectForAllocation", Time since last: 472046 ns, Reaching safepoint: 21512 ns, At safepoint: 4630903 ns, Total: 4652415 ns
[2023-10-31T02:32:50.776+0000][7][safepoint   ] Safepoint "Cleanup", Time since last: 7000879440 ns, Reaching safepoint: 157737 ns, At safepoint: 4528 ns, Total: 162265 ns
[2023-10-31T02:32:58.327+0000][7][gc,start    ] GC(116) Pause Young (Normal) (G1 Evacuation Pause)
[2023-10-31T02:32:58.327+0000][7][gc,task     ] GC(116) Using 8 workers of 8 for evacuation
[2023-10-31T02:32:58.328+0000][7][gc,age      ] GC(116) Desired survivor size 18874368 bytes, new threshold 15 (max threshold 15)
[2023-10-31T02:32:58.334+0000][7][gc,age      ] GC(116) Age table with threshold 15 (max threshold 15)
[2023-10-31T02:32:58.334+0000][7][gc,age      ] GC(116) - age   1:     637240 bytes,     637240 total
[2023-10-31T02:32:58.334+0000][7][gc,age      ] GC(116) - age   2:     219816 bytes,     857056 total
[2023-10-31T02:32:58.334+0000][7][gc,age      ] GC(116) - age   3:    3321056 bytes,    4178112 total
[2023-10-31T02:32:58.334+0000][7][gc,age      ] GC(116) - age   4:     239296 bytes,    4417408 total
[2023-10-31T02:32:58.334+0000][7][gc,age      ] GC(116) - age   5:     545736 bytes,    4963144 total
[2023-10-31T02:32:58.334+0000][7][gc,age      ] GC(116) - age   6:     267472 bytes,    5230616 total
[2023-10-31T02:32:58.334+0000][7][gc,age      ] GC(116) - age   7:    1486688 bytes,    6717304 total
[2023-10-31T02:32:58.334+0000][7][gc,age      ] GC(116) - age   8:     426888 bytes,    7144192 total
[2023-10-31T02:32:58.334+0000][7][gc,age      ] GC(116) - age   9:     306568 bytes,    7450760 total
[2023-10-31T02:32:58.334+0000][7][gc,age      ] GC(116) - age  10:     281352 bytes,    7732112 total
[2023-10-31T02:32:58.334+0000][7][gc,age      ] GC(116) - age  11:     205088 bytes,    7937200 total
[2023-10-31T02:32:58.334+0000][7][gc,age      ] GC(116) - age  12:     233224 bytes,    8170424 total
[2023-10-31T02:32:58.334+0000][7][gc,age      ] GC(116) - age  13:    1319000 bytes,    9489424 total
[2023-10-31T02:32:58.334+0000][7][gc,age      ] GC(116) - age  14:     234696 bytes,    9724120 total
[2023-10-31T02:32:58.334+0000][7][gc,age      ] GC(116) - age  15:     266912 bytes,    9991032 total
[2023-10-31T02:32:58.334+0000][7][gc,phases   ] GC(116)   Pre Evacuate Collection Set: 0.1ms
[2023-10-31T02:32:58.334+0000][7][gc,phases   ] GC(116)   Merge Heap Roots: 0.0ms
[2023-10-31T02:32:58.334+0000][7][gc,phases   ] GC(116)   Evacuate Collection Set: 5.7ms
[2023-10-31T02:32:58.334+0000][7][gc,phases   ] GC(116)   Post Evacuate Collection Set: 0.6ms
[2023-10-31T02:32:58.334+0000][7][gc,phases   ] GC(116)   Other: 0.3ms
[2023-10-31T02:32:58.334+0000][7][gc,heap     ] GC(116) Eden regions: 65->0(65)
[2023-10-31T02:32:58.334+0000][7][gc,heap     ] GC(116) Survivor regions: 3->3(9)
[2023-10-31T02:32:58.334+0000][7][gc,heap     ] GC(116) Old regions: 30->30
[2023-10-31T02:32:58.334+0000][7][gc,heap     ] GC(116) Archive regions: 2->2
[2023-10-31T02:32:58.334+0000][7][gc,heap     ] GC(116) Humongous regions: 5->5
[2023-10-31T02:32:58.334+0000][7][gc,metaspace] GC(116) Metaspace: 118400K(120192K)->118400K(120192K) NonClass: 102630K(103616K)->102630K(103616K) Class: 15769K(16576K)->15769K(16576K)
[2023-10-31T02:32:58.334+0000][7][gc          ] GC(116) Pause Young (Normal) (G1 Evacuation Pause) 413M->153M(512M) 6.761ms
[2023-10-31T02:32:58.334+0000][7][gc,cpu      ] GC(116) User=0.02s Sys=0.00s Real=0.00s
[2023-10-31T02:32:58.334+0000][7][safepoint   ] Safepoint "G1CollectForAllocation", Time since last: 7551110994 ns, Reaching safepoint: 70273 ns, At safepoint: 6852047 ns, Total: 6922320 ns
[2023-10-31T02:33:02.335+0000][7][safepoint   ] Safepoint "Cleanup", Time since last: 4000524647 ns, Reaching safepoint: 92282 ns, At safepoint: 10742 ns, Total: 103024 ns
[2023-10-31T02:33:08.336+0000][7][safepoint   ] Safepoint "Cleanup", Time since last: 6000861734 ns, Reaching safepoint: 74774 ns, At safepoint: 3389 ns, Total: 78163 ns
[2023-10-31T02:33:14.337+0000][7][gc,start    ] GC(117) Pause Young (Normal) (G1 Evacuation Pause)
[2023-10-31T02:33:14.337+0000][7][gc,task     ] GC(117) Using 8 workers of 8 for evacuation
[2023-10-31T02:33:14.337+0000][7][gc,age      ] GC(117) Desired survivor size 18874368 bytes, new threshold 15 (max threshold 15)
[2023-10-31T02:33:14.344+0000][7][gc,age      ] GC(117) Age table with threshold 15 (max threshold 15)
[2023-10-31T02:33:14.344+0000][7][gc,age      ] GC(117) - age   1:    1420976 bytes,    1420976 total
[2023-10-31T02:33:14.344+0000][7][gc,age      ] GC(117) - age   2:     511744 bytes,    1932720 total
[2023-10-31T02:33:14.344+0000][7][gc,age      ] GC(117) - age   3:     218976 bytes,    2151696 total
[2023-10-31T02:33:14.344+0000][7][gc,age      ] GC(117) - age   4:    3320608 bytes,    5472304 total
[2023-10-31T02:33:14.344+0000][7][gc,age      ] GC(117) - age   5:     238792 bytes,    5711096 total
[2023-10-31T02:33:14.344+0000][7][gc,age      ] GC(117) - age   6:     545264 bytes,    6256360 total
[2023-10-31T02:33:14.344+0000][7][gc,age      ] GC(117) - age   7:     267472 bytes,    6523832 total
[2023-10-31T02:33:14.344+0000][7][gc,age      ] GC(117) - age   8:    1486624 bytes,    8010456 total
[2023-10-31T02:33:14.344+0000][7][gc,age      ] GC(117) - age   9:     426888 bytes,    8437344 total
[2023-10-31T02:33:14.344+0000][7][gc,age      ] GC(117) - age  10:     300824 bytes,    8738168 total
[2023-10-31T02:33:14.344+0000][7][gc,age      ] GC(117) - age  11:     281352 bytes,    9019520 total
[2023-10-31T02:33:14.344+0000][7][gc,age      ] GC(117) - age  12:     202784 bytes,    9222304 total
[2023-10-31T02:33:14.344+0000][7][gc,age      ] GC(117) - age  13:     233224 bytes,    9455528 total
[2023-10-31T02:33:14.344+0000][7][gc,age      ] GC(117) - age  14:    1319000 bytes,   10774528 total
[2023-10-31T02:33:14.344+0000][7][gc,age      ] GC(117) - age  15:     234696 bytes,   11009224 total
[2023-10-31T02:33:14.344+0000][7][gc,phases   ] GC(117)   Pre Evacuate Collection Set: 0.1ms
[2023-10-31T02:33:14.344+0000][7][gc,phases   ] GC(117)   Merge Heap Roots: 0.0ms
[2023-10-31T02:33:14.344+0000][7][gc,phases   ] GC(117)   Evacuate Collection Set: 6.4ms
[2023-10-31T02:33:14.344+0000][7][gc,phases   ] GC(117)   Post Evacuate Collection Set: 0.6ms
[2023-10-31T02:33:14.344+0000][7][gc,phases   ] GC(117)   Other: 0.2ms
[2023-10-31T02:33:14.344+0000][7][gc,heap     ] GC(117) Eden regions: 65->0(65)
[2023-10-31T02:33:14.344+0000][7][gc,heap     ] GC(117) Survivor regions: 3->3(9)
[2023-10-31T02:33:14.344+0000][7][gc,heap     ] GC(117) Old regions: 30->30
[2023-10-31T02:33:14.344+0000][7][gc,heap     ] GC(117) Archive regions: 2->2
[2023-10-31T02:33:14.344+0000][7][gc,heap     ] GC(117) Humongous regions: 5->5
[2023-10-31T02:33:14.344+0000][7][gc,metaspace] GC(117) Metaspace: 118401K(120192K)->118401K(120192K) NonClass: 102631K(103616K)->102631K(103616K) Class: 15769K(16576K)->15769K(16576K)
[2023-10-31T02:33:14.344+0000][7][gc          ] GC(117) Pause Young (Normal) (G1 Evacuation Pause) 413M->154M(512M) 7.400ms
[2023-10-31T02:33:14.344+0000][7][gc,cpu      ] GC(117) User=0.02s Sys=0.00s Real=0.00s
[2023-10-31T02:33:14.344+0000][7][safepoint   ] Safepoint "G1CollectForAllocation", Time since last: 6000746904 ns, Reaching safepoint: 56115 ns, At safepoint: 7462625 ns, Total: 7518740 ns
[2023-10-31T02:33:18.345+0000][7][safepoint   ] Safepoint "Cleanup", Time since last: 4000677025 ns, Reaching safepoint: 144018 ns, At safepoint: 3970 ns, Total: 147988 ns
[2023-10-31T02:33:21.346+0000][7][safepoint   ] Safepoint "Cleanup", Time since last: 3000676810 ns, Reaching safepoint: 166645 ns, At safepoint: 20425 ns, Total: 187070 ns
[2023-10-31T02:33:23.346+0000][7][safepoint   ] Safepoint "Cleanup", Time since last: 2000394468 ns, Reaching safepoint: 89819 ns, At safepoint: 10639 ns, Total: 100458 ns
[2023-10-31T02:33:26.347+0000][7][safepoint   ] Safepoint "Cleanup", Time since last: 3000264805 ns, Reaching safepoint: 72590 ns, At safepoint: 6656 ns, Total: 79246 ns
[2023-10-31T02:33:29.319+0000][7][gc,start    ] GC(118) Pause Young (Normal) (G1 Evacuation Pause)
[2023-10-31T02:33:29.319+0000][7][gc,task     ] GC(118) Using 8 workers of 8 for evacuation
[2023-10-31T02:33:29.319+0000][7][gc,age      ] GC(118) Desired survivor size 18874368 bytes, new threshold 15 (max threshold 15)
[2023-10-31T02:33:29.331+0000][7][gc,age      ] GC(118) Age table with threshold 15 (max threshold 15)
[2023-10-31T02:33:29.331+0000][7][gc,age      ] GC(118) - age   1:    1438928 bytes,    1438928 total
[2023-10-31T02:33:29.331+0000][7][gc,age      ] GC(118) - age   2:     252408 bytes,    1691336 total
[2023-10-31T02:33:29.331+0000][7][gc,age      ] GC(118) - age   3:     373136 bytes,    2064472 total
[2023-10-31T02:33:29.331+0000][7][gc,age      ] GC(118) - age   4:     200952 bytes,    2265424 total
[2023-10-31T02:33:29.331+0000][7][gc,age      ] GC(118) - age   5:    3215712 bytes,    5481136 total
[2023-10-31T02:33:29.331+0000][7][gc,age      ] GC(118) - age   6:     238792 bytes,    5719928 total
[2023-10-31T02:33:29.331+0000][7][gc,age      ] GC(118) - age   7:     544952 bytes,    6264880 total
[2023-10-31T02:33:29.331+0000][7][gc,age      ] GC(118) - age   8:     267472 bytes,    6532352 total
[2023-10-31T02:33:29.331+0000][7][gc,age      ] GC(118) - age   9:    1486536 bytes,    8018888 total
[2023-10-31T02:33:29.331+0000][7][gc,age      ] GC(118) - age  10:     426888 bytes,    8445776 total
[2023-10-31T02:33:29.331+0000][7][gc,age      ] GC(118) - age  11:     300824 bytes,    8746600 total
[2023-10-31T02:33:29.331+0000][7][gc,age      ] GC(118) - age  12:     281352 bytes,    9027952 total
[2023-10-31T02:33:29.331+0000][7][gc,age      ] GC(118) - age  13:     202784 bytes,    9230736 total
[2023-10-31T02:33:29.331+0000][7][gc,age      ] GC(118) - age  14:     233224 bytes,    9463960 total
[2023-10-31T02:33:29.331+0000][7][gc,age      ] GC(118) - age  15:    1319000 bytes,   10782960 total
[2023-10-31T02:33:29.331+0000][7][gc,phases   ] GC(118)   Pre Evacuate Collection Set: 0.1ms
[2023-10-31T02:33:29.331+0000][7][gc,phases   ] GC(118)   Merge Heap Roots: 0.0ms
[2023-10-31T02:33:29.331+0000][7][gc,phases   ] GC(118)   Evacuate Collection Set: 10.8ms
[2023-10-31T02:33:29.331+0000][7][gc,phases   ] GC(118)   Post Evacuate Collection Set: 0.6ms
[2023-10-31T02:33:29.331+0000][7][gc,phases   ] GC(118)   Other: 0.3ms
[2023-10-31T02:33:29.331+0000][7][gc,heap     ] GC(118) Eden regions: 65->0(64)
[2023-10-31T02:33:29.331+0000][7][gc,heap     ] GC(118) Survivor regions: 3->3(9)
[2023-10-31T02:33:29.331+0000][7][gc,heap     ] GC(118) Old regions: 30->31
[2023-10-31T02:33:29.331+0000][7][gc,heap     ] GC(118) Archive regions: 2->2
[2023-10-31T02:33:29.331+0000][7][gc,heap     ] GC(118) Humongous regions: 5->5
[2023-10-31T02:33:29.331+0000][7][gc,metaspace] GC(118) Metaspace: 118402K(120192K)->118402K(120192K) NonClass: 102632K(103616K)->102632K(103616K) Class: 15769K(16576K)->15769K(16576K)
[2023-10-31T02:33:29.331+0000][7][gc          ] GC(118) Pause Young (Normal) (G1 Evacuation Pause) 414M->154M(512M) 11.921ms
[2023-10-31T02:33:29.331+0000][7][gc,cpu      ] GC(118) User=0.03s Sys=0.00s Real=0.01s
[2023-10-31T02:33:29.331+0000][7][safepoint   ] Safepoint "G1CollectForAllocation", Time since last: 2972067771 ns, Reaching safepoint: 38386 ns, At safepoint: 12008774 ns, Total: 12047160 ns
[2023-10-31T02:33:30.331+0000][7][safepoint   ] Safepoint "Cleanup", Time since last: 1000348630 ns, Reaching safepoint: 69247 ns, At safepoint: 6151 ns, Total: 75398 ns
[2023-10-31T02:33:33.332+0000][7][safepoint   ] Safepoint "Cleanup", Time since last: 3000764042 ns, Reaching safepoint: 86166 ns, At safepoint: 4840 ns, Total: 91006 ns
[2023-10-31T02:33:38.333+0000][7][safepoint   ] Safepoint "Cleanup", Time since last: 5000774761 ns, Reaching safepoint: 60433 ns, At safepoint: 21042 ns, Total: 81475 ns
[2023-10-31T02:33:44.336+0000][7][gc,start    ] GC(119) Pause Young (Normal) (G1 Evacuation Pause)
[2023-10-31T02:33:44.336+0000][7][gc,task     ] GC(119) Using 8 workers of 8 for evacuation
[2023-10-31T02:33:44.336+0000][7][gc,age      ] GC(119) Desired survivor size 18874368 bytes, new threshold 15 (max threshold 15)
[2023-10-31T02:33:44.340+0000][7][gc,age      ] GC(119) Age table with threshold 15 (max threshold 15)
[2023-10-31T02:33:44.340+0000][7][gc,age      ] GC(119) - age   1:    1497328 bytes,    1497328 total
[2023-10-31T02:33:44.340+0000][7][gc,age      ] GC(119) - age   2:     266704 bytes,    1764032 total
[2023-10-31T02:33:44.340+0000][7][gc,age      ] GC(119) - age   3:     251408 bytes,    2015440 total
[2023-10-31T02:33:44.340+0000][7][gc,age      ] GC(119) - age   4:     372880 bytes,    2388320 total
[2023-10-31T02:33:44.340+0000][7][gc,age      ] GC(119) - age   5:     200760 bytes,    2589080 total
[2023-10-31T02:33:44.340+0000][7][gc,age      ] GC(119) - age   6:    3215648 bytes,    5804728 total
[2023-10-31T02:33:44.340+0000][7][gc,age      ] GC(119) - age   7:     238792 bytes,    6043520 total
[2023-10-31T02:33:44.340+0000][7][gc,age      ] GC(119) - age   8:     544952 bytes,    6588472 total
[2023-10-31T02:33:44.340+0000][7][gc,age      ] GC(119) - age   9:     267472 bytes,    6855944 total
[2023-10-31T02:33:44.340+0000][7][gc,age      ] GC(119) - age  10:    1486536 bytes,    8342480 total
[2023-10-31T02:33:44.340+0000][7][gc,age      ] GC(119) - age  11:     426824 bytes,    8769304 total
[2023-10-31T02:33:44.340+0000][7][gc,age      ] GC(119) - age  12:     300824 bytes,    9070128 total
[2023-10-31T02:33:44.340+0000][7][gc,age      ] GC(119) - age  13:     281288 bytes,    9351416 total
[2023-10-31T02:33:44.340+0000][7][gc,age      ] GC(119) - age  14:     202784 bytes,    9554200 total
[2023-10-31T02:33:44.340+0000][7][gc,age      ] GC(119) - age  15:     233224 bytes,    9787424 total
[2023-10-31T02:33:44.340+0000][7][gc,phases   ] GC(119)   Pre Evacuate Collection Set: 0.1ms
[2023-10-31T02:33:44.340+0000][7][gc,phases   ] GC(119)   Merge Heap Roots: 0.0ms
[2023-10-31T02:33:44.340+0000][7][gc,phases   ] GC(119)   Evacuate Collection Set: 3.3ms
[2023-10-31T02:33:44.340+0000][7][gc,phases   ] GC(119)   Post Evacuate Collection Set: 0.4ms
[2023-10-31T02:33:44.340+0000][7][gc,phases   ] GC(119)   Other: 0.2ms
[2023-10-31T02:33:44.340+0000][7][gc,heap     ] GC(119) Eden regions: 64->0(64)
[2023-10-31T02:33:44.340+0000][7][gc,heap     ] GC(119) Survivor regions: 3->3(9)
[2023-10-31T02:33:44.340+0000][7][gc,heap     ] GC(119) Old regions: 31->31
[2023-10-31T02:33:44.340+0000][7][gc,heap     ] GC(119) Archive regions: 2->2
[2023-10-31T02:33:44.340+0000][7][gc,heap     ] GC(119) Humongous regions: 5->5
[2023-10-31T02:33:44.340+0000][7][gc,metaspace] GC(119) Metaspace: 118411K(120192K)->118411K(120192K) NonClass: 102641K(103616K)->102641K(103616K) Class: 15769K(16576K)->15769K(16576K)
[2023-10-31T02:33:44.340+0000][7][gc          ] GC(119) Pause Young (Normal) (G1 Evacuation Pause) 410M->154M(512M) 4.151ms
[2023-10-31T02:33:44.340+0000][7][gc,cpu      ] GC(119) User=0.02s Sys=0.00s Real=0.01s
[2023-10-31T02:33:44.340+0000][7][safepoint   ] Safepoint "G1CollectForAllocation", Time since last: 6002847843 ns, Reaching safepoint: 119110 ns, At safepoint: 4219317 ns, Total: 4338427 ns
[2023-10-31T02:33:45.340+0000][7][safepoint   ] Safepoint "Cleanup", Time since last: 1000115315 ns, Reaching safepoint: 88589 ns, At safepoint: 9981 ns, Total: 98570 ns
[2023-10-31T02:33:47.341+0000][7][safepoint   ] Safepoint "Cleanup", Time since last: 2000168746 ns, Reaching safepoint: 57729 ns, At safepoint: 6528 ns, Total: 64257 ns
[2023-10-31T02:33:50.341+0000][7][safepoint   ] Safepoint "Cleanup", Time since last: 3000347000 ns, Reaching safepoint: 70657 ns, At safepoint: 7193 ns, Total: 77850 ns
[2023-10-31T02:33:53.342+0000][7][safepoint   ] Safepoint "Cleanup", Time since last: 3000542194 ns, Reaching safepoint: 36617 ns, At safepoint: 4433 ns, Total: 41050 ns
[2023-10-31T02:33:57.342+0000][7][safepoint   ] Safepoint "Cleanup", Time since last: 4000839567 ns, Reaching safepoint: 80281 ns, At safepoint: 7668 ns, Total: 87949 ns
[2023-10-31T02:33:58.343+0000][7][safepoint   ] Safepoint "Cleanup", Time since last: 1000101553 ns, Reaching safepoint: 93073 ns, At safepoint: 5254 ns, Total: 98327 ns
[2023-10-31T02:33:59.018+0000][7][gc,start    ] GC(120) Pause Young (Normal) (G1 Evacuation Pause)
[2023-10-31T02:33:59.018+0000][7][gc,task     ] GC(120) Using 8 workers of 8 for evacuation
[2023-10-31T02:33:59.018+0000][7][gc,age      ] GC(120) Desired survivor size 18874368 bytes, new threshold 15 (max threshold 15)
[2023-10-31T02:33:59.027+0000][7][gc,age      ] GC(120) Age table with threshold 15 (max threshold 15)
[2023-10-31T02:33:59.027+0000][7][gc,age      ] GC(120) - age   1:    2644328 bytes,    2644328 total
[2023-10-31T02:33:59.027+0000][7][gc,age      ] GC(120) - age   2:     431608 bytes,    3075936 total
[2023-10-31T02:33:59.027+0000][7][gc,age      ] GC(120) - age   3:     253552 bytes,    3329488 total
[2023-10-31T02:33:59.027+0000][7][gc,age      ] GC(120) - age   4:     211936 bytes,    3541424 total
[2023-10-31T02:33:59.027+0000][7][gc,age      ] GC(120) - age   5:     268016 bytes,    3809440 total
[2023-10-31T02:33:59.027+0000][7][gc,age      ] GC(120) - age   6:     200456 bytes,    4009896 total
[2023-10-31T02:33:59.027+0000][7][gc,age      ] GC(120) - age   7:    3215648 bytes,    7225544 total
[2023-10-31T02:33:59.027+0000][7][gc,age      ] GC(120) - age   8:     238792 bytes,    7464336 total
[2023-10-31T02:33:59.027+0000][7][gc,age      ] GC(120) - age   9:     544544 bytes,    8008880 total
[2023-10-31T02:33:59.027+0000][7][gc,age      ] GC(120) - age  10:     267408 bytes,    8276288 total
[2023-10-31T02:33:59.027+0000][7][gc,age      ] GC(120) - age  11:    1486472 bytes,    9762760 total
[2023-10-31T02:33:59.027+0000][7][gc,age      ] GC(120) - age  12:     426760 bytes,   10189520 total
[2023-10-31T02:33:59.027+0000][7][gc,age      ] GC(120) - age  13:     300760 bytes,   10490280 total
[2023-10-31T02:33:59.027+0000][7][gc,age      ] GC(120) - age  14:     281000 bytes,   10771280 total
[2023-10-31T02:33:59.027+0000][7][gc,age      ] GC(120) - age  15:     202784 bytes,   10974064 total
[2023-10-31T02:33:59.027+0000][7][gc,phases   ] GC(120)   Pre Evacuate Collection Set: 0.1ms
[2023-10-31T02:33:59.027+0000][7][gc,phases   ] GC(120)   Merge Heap Roots: 0.0ms
[2023-10-31T02:33:59.027+0000][7][gc,phases   ] GC(120)   Evacuate Collection Set: 8.5ms
[2023-10-31T02:33:59.027+0000][7][gc,phases   ] GC(120)   Post Evacuate Collection Set: 0.6ms
[2023-10-31T02:33:59.027+0000][7][gc,phases   ] GC(120)   Other: 0.2ms
[2023-10-31T02:33:59.027+0000][7][gc,heap     ] GC(120) Eden regions: 64->0(64)
[2023-10-31T02:33:59.027+0000][7][gc,heap     ] GC(120) Survivor regions: 3->3(9)
[2023-10-31T02:33:59.027+0000][7][gc,heap     ] GC(120) Old regions: 31->31
[2023-10-31T02:33:59.027+0000][7][gc,heap     ] GC(120) Archive regions: 2->2
[2023-10-31T02:33:59.027+0000][7][gc,heap     ] GC(120) Humongous regions: 5->5
[2023-10-31T02:33:59.027+0000][7][gc,metaspace] GC(120) Metaspace: 118428K(120256K)->118428K(120256K) NonClass: 102658K(103680K)->102658K(103680K) Class: 15769K(16576K)->15769K(16576K)
[2023-10-31T02:33:59.027+0000][7][gc          ] GC(120) Pause Young (Normal) (G1 Evacuation Pause) 410M->156M(512M) 9.457ms
[2023-10-31T02:33:59.027+0000][7][gc,cpu      ] GC(120) User=0.03s Sys=0.00s Real=0.01s
[2023-10-31T02:33:59.027+0000][7][safepoint   ] Safepoint "G1CollectForAllocation", Time since last: 675126166 ns, Reaching safepoint: 60277 ns, At safepoint: 9541221 ns, Total: 9601498 ns
[2023-10-31T02:34:00.028+0000][7][safepoint   ] Safepoint "Cleanup", Time since last: 1000145539 ns, Reaching safepoint: 160950 ns, At safepoint: 4257 ns, Total: 165207 ns
[2023-10-31T02:34:03.028+0000][7][safepoint   ] Safepoint "Cleanup", Time since last: 3000445902 ns, Reaching safepoint: 112144 ns, At safepoint: 7995 ns, Total: 120139 ns
[2023-10-31T02:34:04.029+0000][7][safepoint   ] Safepoint "Cleanup", Time since last: 1000351849 ns, Reaching safepoint: 102549 ns, At safepoint: 5147 ns, Total: 107696 ns
[2023-10-31T02:34:15.321+0000][7][gc,start    ] GC(121) Pause Young (Normal) (G1 Evacuation Pause)
[2023-10-31T02:34:15.321+0000][7][gc,task     ] GC(121) Using 8 workers of 8 for evacuation
[2023-10-31T02:34:15.321+0000][7][gc,age      ] GC(121) Desired survivor size 18874368 bytes, new threshold 15 (max threshold 15)
[2023-10-31T02:34:15.334+0000][7][gc,age      ] GC(121) Age table with threshold 15 (max threshold 15)
[2023-10-31T02:34:15.334+0000][7][gc,age      ] GC(121) - age   1:    2457808 bytes,    2457808 total
[2023-10-31T02:34:15.334+0000][7][gc,age      ] GC(121) - age   2:    2063320 bytes,    4521128 total
[2023-10-31T02:34:15.334+0000][7][gc,age      ] GC(121) - age   3:     269992 bytes,    4791120 total
[2023-10-31T02:34:15.334+0000][7][gc,age      ] GC(121) - age   4:     253104 bytes,    5044224 total
[2023-10-31T02:34:15.334+0000][7][gc,age      ] GC(121) - age   5:     211240 bytes,    5255464 total
[2023-10-31T02:34:15.334+0000][7][gc,age      ] GC(121) - age   6:     268016 bytes,    5523480 total
[2023-10-31T02:34:15.334+0000][7][gc,age      ] GC(121) - age   7:     200392 bytes,    5723872 total
[2023-10-31T02:34:15.334+0000][7][gc,age      ] GC(121) - age   8:    3215616 bytes,    8939488 total
[2023-10-31T02:34:15.334+0000][7][gc,age      ] GC(121) - age   9:     238792 bytes,    9178280 total
[2023-10-31T02:34:15.334+0000][7][gc,age      ] GC(121) - age  10:     544544 bytes,    9722824 total
[2023-10-31T02:34:15.334+0000][7][gc,age      ] GC(121) - age  11:     267408 bytes,    9990232 total
[2023-10-31T02:34:15.334+0000][7][gc,age      ] GC(121) - age  12:     268280 bytes,   10258512 total
[2023-10-31T02:34:15.334+0000][7][gc,age      ] GC(121) - age  13:     426760 bytes,   10685272 total
[2023-10-31T02:34:15.334+0000][7][gc,age      ] GC(121) - age  14:     300760 bytes,   10986032 total
[2023-10-31T02:34:15.334+0000][7][gc,age      ] GC(121) - age  15:     281000 bytes,   11267032 total
[2023-10-31T02:34:15.334+0000][7][gc,phases   ] GC(121)   Pre Evacuate Collection Set: 0.1ms
[2023-10-31T02:34:15.334+0000][7][gc,phases   ] GC(121)   Merge Heap Roots: 0.0ms
[2023-10-31T02:34:15.334+0000][7][gc,phases   ] GC(121)   Evacuate Collection Set: 12.0ms
[2023-10-31T02:34:15.334+0000][7][gc,phases   ] GC(121)   Post Evacuate Collection Set: 0.6ms
[2023-10-31T02:34:15.334+0000][7][gc,phases   ] GC(121)   Other: 0.3ms
[2023-10-31T02:34:15.334+0000][7][gc,heap     ] GC(121) Eden regions: 64->0(64)
[2023-10-31T02:34:15.334+0000][7][gc,heap     ] GC(121) Survivor regions: 3->3(9)
[2023-10-31T02:34:15.334+0000][7][gc,heap     ] GC(121) Old regions: 31->31
[2023-10-31T02:34:15.334+0000][7][gc,heap     ] GC(121) Archive regions: 2->2
[2023-10-31T02:34:15.334+0000][7][gc,heap     ] GC(121) Humongous regions: 5->5
[2023-10-31T02:34:15.334+0000][7][gc,metaspace] GC(121) Metaspace: 118429K(120256K)->118429K(120256K) NonClass: 102659K(103680K)->102659K(103680K) Class: 15769K(16576K)->15769K(16576K)
[2023-10-31T02:34:15.334+0000][7][gc          ] GC(121) Pause Young (Normal) (G1 Evacuation Pause) 412M->157M(512M) 13.042ms
[2023-10-31T02:34:15.334+0000][7][gc,cpu      ] GC(121) User=0.01s Sys=0.02s Real=0.01s
[2023-10-31T02:34:15.334+0000][7][safepoint   ] Safepoint "G1CollectForAllocation", Time since last: 11292290191 ns, Reaching safepoint: 24530 ns, At safepoint: 13135355 ns, Total: 13159885 ns
[2023-10-31T02:34:20.335+0000][7][safepoint   ] Safepoint "Cleanup", Time since last: 5000639941 ns, Reaching safepoint: 42753 ns, At safepoint: 7503 ns, Total: 50256 ns
[2023-10-31T02:34:29.336+0000][7][safepoint   ] Safepoint "Cleanup", Time since last: 9001263804 ns, Reaching safepoint: 129156 ns, At safepoint: 4734 ns, Total: 133890 ns
[2023-10-31T02:34:31.395+0000][7][gc,start    ] GC(122) Pause Young (Normal) (G1 Evacuation Pause)
[2023-10-31T02:34:31.395+0000][7][gc,task     ] GC(122) Using 8 workers of 8 for evacuation
[2023-10-31T02:34:31.395+0000][7][gc,age      ] GC(122) Desired survivor size 18874368 bytes, new threshold 15 (max threshold 15)
[2023-10-31T02:34:31.399+0000][7][gc,age      ] GC(122) Age table with threshold 15 (max threshold 15)
[2023-10-31T02:34:31.399+0000][7][gc,age      ] GC(122) - age   1:    1025280 bytes,    1025280 total
[2023-10-31T02:34:31.399+0000][7][gc,age      ] GC(122) - age   2:    1710504 bytes,    2735784 total
[2023-10-31T02:34:31.399+0000][7][gc,age      ] GC(122) - age   3:    1884096 bytes,    4619880 total
[2023-10-31T02:34:31.399+0000][7][gc,age      ] GC(122) - age   4:     269272 bytes,    4889152 total
[2023-10-31T02:34:31.399+0000][7][gc,age      ] GC(122) - age   5:     251424 bytes,    5140576 total
[2023-10-31T02:34:31.399+0000][7][gc,age      ] GC(122) - age   6:     210856 bytes,    5351432 total
[2023-10-31T02:34:31.399+0000][7][gc,age      ] GC(122) - age   7:     267792 bytes,    5619224 total
[2023-10-31T02:34:31.399+0000][7][gc,age      ] GC(122) - age   8:     200328 bytes,    5819552 total
[2023-10-31T02:34:31.399+0000][7][gc,age      ] GC(122) - age   9:    3215120 bytes,    9034672 total
[2023-10-31T02:34:31.399+0000][7][gc,age      ] GC(122) - age  10:     238792 bytes,    9273464 total
[2023-10-31T02:34:31.399+0000][7][gc,age      ] GC(122) - age  11:     248648 bytes,    9522112 total
[2023-10-31T02:34:31.399+0000][7][gc,age      ] GC(122) - age  12:     267408 bytes,    9789520 total
[2023-10-31T02:34:31.399+0000][7][gc,age      ] GC(122) - age  13:     268280 bytes,   10057800 total
[2023-10-31T02:34:31.399+0000][7][gc,age      ] GC(122) - age  14:     424200 bytes,   10482000 total
[2023-10-31T02:34:31.399+0000][7][gc,age      ] GC(122) - age  15:     300760 bytes,   10782760 total
[2023-10-31T02:34:31.399+0000][7][gc,phases   ] GC(122)   Pre Evacuate Collection Set: 0.1ms
[2023-10-31T02:34:31.399+0000][7][gc,phases   ] GC(122)   Merge Heap Roots: 0.0ms
[2023-10-31T02:34:31.399+0000][7][gc,phases   ] GC(122)   Evacuate Collection Set: 2.9ms
[2023-10-31T02:34:31.399+0000][7][gc,phases   ] GC(122)   Post Evacuate Collection Set: 0.4ms
[2023-10-31T02:34:31.399+0000][7][gc,phases   ] GC(122)   Other: 0.3ms
[2023-10-31T02:34:31.399+0000][7][gc,heap     ] GC(122) Eden regions: 64->0(64)
[2023-10-31T02:34:31.399+0000][7][gc,heap     ] GC(122) Survivor regions: 3->3(9)
[2023-10-31T02:34:31.399+0000][7][gc,heap     ] GC(122) Old regions: 31->31
[2023-10-31T02:34:31.399+0000][7][gc,heap     ] GC(122) Archive regions: 2->2
[2023-10-31T02:34:31.399+0000][7][gc,heap     ] GC(122) Humongous regions: 5->5
[2023-10-31T02:34:31.399+0000][7][gc,metaspace] GC(122) Metaspace: 118436K(120320K)->118436K(120320K) NonClass: 102666K(103744K)->102666K(103744K) Class: 15769K(16576K)->15769K(16576K)
[2023-10-31T02:34:31.399+0000][7][gc          ] GC(122) Pause Young (Normal) (G1 Evacuation Pause) 413M->156M(512M) 3.776ms
[2023-10-31T02:34:31.399+0000][7][gc,cpu      ] GC(122) User=0.02s Sys=0.00s Real=0.01s
[2023-10-31T02:34:31.399+0000][7][safepoint   ] Safepoint "G1CollectForAllocation", Time since last: 2058784496 ns, Reaching safepoint: 23858 ns, At safepoint: 3900093 ns, Total: 3923951 ns
[2023-10-31T02:34:38.400+0000][7][safepoint   ] Safepoint "Cleanup", Time since last: 7000918890 ns, Reaching safepoint: 33811 ns, At safepoint: 33535 ns, Total: 67346 ns
[2023-10-31T02:34:41.401+0000][7][safepoint   ] Safepoint "Cleanup", Time since last: 3000511308 ns, Reaching safepoint: 81923 ns, At safepoint: 9969 ns, Total: 91892 ns
[2023-10-31T02:34:42.401+0000][7][safepoint   ] Safepoint "Cleanup", Time since last: 1000146762 ns, Reaching safepoint: 36075 ns, At safepoint: 3887 ns, Total: 39962 ns
[2023-10-31T02:34:47.150+0000][7][gc,start    ] GC(123) Pause Young (Normal) (G1 Evacuation Pause)
[2023-10-31T02:34:47.150+0000][7][gc,task     ] GC(123) Using 8 workers of 8 for evacuation
[2023-10-31T02:34:47.150+0000][7][gc,age      ] GC(123) Desired survivor size 18874368 bytes, new threshold 15 (max threshold 15)
[2023-10-31T02:34:47.160+0000][7][gc,age      ] GC(123) Age table with threshold 15 (max threshold 15)
[2023-10-31T02:34:47.160+0000][7][gc,age      ] GC(123) - age   1:     523032 bytes,     523032 total
[2023-10-31T02:34:47.160+0000][7][gc,age      ] GC(123) - age   2:     591696 bytes,    1114728 total
[2023-10-31T02:34:47.160+0000][7][gc,age      ] GC(123) - age   3:    1709792 bytes,    2824520 total
[2023-10-31T02:34:47.160+0000][7][gc,age      ] GC(123) - age   4:    1883504 bytes,    4708024 total
[2023-10-31T02:34:47.160+0000][7][gc,age      ] GC(123) - age   5:     269144 bytes,    4977168 total
[2023-10-31T02:34:47.160+0000][7][gc,age      ] GC(123) - age   6:     251200 bytes,    5228368 total
[2023-10-31T02:34:47.160+0000][7][gc,age      ] GC(123) - age   7:     210696 bytes,    5439064 total
[2023-10-31T02:34:47.160+0000][7][gc,age      ] GC(123) - age   8:     267760 bytes,    5706824 total
[2023-10-31T02:34:47.160+0000][7][gc,age      ] GC(123) - age   9:     200328 bytes,    5907152 total
[2023-10-31T02:34:47.160+0000][7][gc,age      ] GC(123) - age  10:    3215120 bytes,    9122272 total
[2023-10-31T02:34:47.160+0000][7][gc,age      ] GC(123) - age  11:     238792 bytes,    9361064 total
[2023-10-31T02:34:47.160+0000][7][gc,age      ] GC(123) - age  12:     235712 bytes,    9596776 total
[2023-10-31T02:34:47.160+0000][7][gc,age      ] GC(123) - age  13:     267408 bytes,    9864184 total
[2023-10-31T02:34:47.160+0000][7][gc,age      ] GC(123) - age  14:     268280 bytes,   10132464 total
[2023-10-31T02:34:47.160+0000][7][gc,age      ] GC(123) - age  15:     424200 bytes,   10556664 total
[2023-10-31T02:34:47.160+0000][7][gc,phases   ] GC(123)   Pre Evacuate Collection Set: 0.1ms
[2023-10-31T02:34:47.160+0000][7][gc,phases   ] GC(123)   Merge Heap Roots: 0.0ms
[2023-10-31T02:34:47.160+0000][7][gc,phases   ] GC(123)   Evacuate Collection Set: 9.8ms
[2023-10-31T02:34:47.160+0000][7][gc,phases   ] GC(123)   Post Evacuate Collection Set: 0.4ms
[2023-10-31T02:34:47.160+0000][7][gc,phases   ] GC(123)   Other: 0.2ms
[2023-10-31T02:34:47.160+0000][7][gc,heap     ] GC(123) Eden regions: 64->0(64)
[2023-10-31T02:34:47.160+0000][7][gc,heap     ] GC(123) Survivor regions: 3->3(9)
[2023-10-31T02:34:47.160+0000][7][gc,heap     ] GC(123) Old regions: 31->31
[2023-10-31T02:34:47.160+0000][7][gc,heap     ] GC(123) Archive regions: 2->2
[2023-10-31T02:34:47.160+0000][7][gc,heap     ] GC(123) Humongous regions: 5->5
[2023-10-31T02:34:47.160+0000][7][gc,metaspace] GC(123) Metaspace: 118445K(120320K)->118445K(120320K) NonClass: 102674K(103744K)->102674K(103744K) Class: 15770K(16576K)->15770K(16576K)
[2023-10-31T02:34:47.160+0000][7][gc          ] GC(123) Pause Young (Normal) (G1 Evacuation Pause) 412M->157M(512M) 10.607ms
[2023-10-31T02:34:47.160+0000][7][gc,cpu      ] GC(123) User=0.03s Sys=0.01s Real=0.01s
[2023-10-31T02:34:47.161+0000][7][safepoint   ] Safepoint "G1CollectForAllocation", Time since last: 4749065823 ns, Reaching safepoint: 35813 ns, At safepoint: 10677726 ns, Total: 10713539 ns
[2023-10-31T02:34:50.161+0000][7][safepoint   ] Safepoint "Cleanup", Time since last: 3000420129 ns, Reaching safepoint: 49545 ns, At safepoint: 4260 ns, Total: 53805 ns
[2023-10-31T02:34:51.161+0000][7][safepoint   ] Safepoint "Cleanup", Time since last: 1000303321 ns, Reaching safepoint: 50861 ns, At safepoint: 28071 ns, Total: 78932 ns
[2023-10-31T02:34:53.162+0000][7][safepoint   ] Safepoint "Cleanup", Time since last: 2000220057 ns, Reaching safepoint: 72322 ns, At safepoint: 6945 ns, Total: 79267 ns
[2023-10-31T02:34:54.162+0000][7][safepoint   ] Safepoint "Cleanup", Time since last: 1000166251 ns, Reaching safepoint: 37048 ns, At safepoint: 4356 ns, Total: 41404 ns
[2023-10-31T02:34:57.162+0000][7][safepoint   ] Safepoint "Cleanup", Time since last: 3000343231 ns, Reaching safepoint: 67749 ns, At safepoint: 27870 ns, Total: 95619 ns
[2023-10-31T02:35:01.565+0000][7][gc,start    ] GC(124) Pause Young (Normal) (G1 Evacuation Pause)
[2023-10-31T02:35:01.565+0000][7][gc,task     ] GC(124) Using 8 workers of 8 for evacuation
[2023-10-31T02:35:01.565+0000][7][gc,age      ] GC(124) Desired survivor size 18874368 bytes, new threshold 15 (max threshold 15)
[2023-10-31T02:35:01.574+0000][7][gc,age      ] GC(124) Age table with threshold 15 (max threshold 15)
[2023-10-31T02:35:01.574+0000][7][gc,age      ] GC(124) - age   1:     594416 bytes,     594416 total
[2023-10-31T02:35:01.574+0000][7][gc,age      ] GC(124) - age   2:     203936 bytes,     798352 total
[2023-10-31T02:35:01.574+0000][7][gc,age      ] GC(124) - age   3:     562056 bytes,    1360408 total
[2023-10-31T02:35:01.574+0000][7][gc,age      ] GC(124) - age   4:    1709176 bytes,    3069584 total
[2023-10-31T02:35:01.574+0000][7][gc,age      ] GC(124) - age   5:    1882896 bytes,    4952480 total
[2023-10-31T02:35:01.574+0000][7][gc,age      ] GC(124) - age   6:     268920 bytes,    5221400 total
[2023-10-31T02:35:01.574+0000][7][gc,age      ] GC(124) - age   7:     251200 bytes,    5472600 total
[2023-10-31T02:35:01.574+0000][7][gc,age      ] GC(124) - age   8:     210696 bytes,    5683296 total
[2023-10-31T02:35:01.574+0000][7][gc,age      ] GC(124) - age   9:     267760 bytes,    5951056 total
[2023-10-31T02:35:01.574+0000][7][gc,age      ] GC(124) - age  10:     200328 bytes,    6151384 total
[2023-10-31T02:35:01.574+0000][7][gc,age      ] GC(124) - age  11:    3215120 bytes,    9366504 total
[2023-10-31T02:35:01.574+0000][7][gc,age      ] GC(124) - age  12:     235504 bytes,    9602008 total
[2023-10-31T02:35:01.574+0000][7][gc,age      ] GC(124) - age  13:     235712 bytes,    9837720 total
[2023-10-31T02:35:01.574+0000][7][gc,age      ] GC(124) - age  14:     267408 bytes,   10105128 total
[2023-10-31T02:35:01.574+0000][7][gc,age      ] GC(124) - age  15:     268280 bytes,   10373408 total
[2023-10-31T02:35:01.574+0000][7][gc,phases   ] GC(124)   Pre Evacuate Collection Set: 0.1ms
[2023-10-31T02:35:01.574+0000][7][gc,phases   ] GC(124)   Merge Heap Roots: 0.0ms
[2023-10-31T02:35:01.574+0000][7][gc,phases   ] GC(124)   Evacuate Collection Set: 8.5ms
[2023-10-31T02:35:01.574+0000][7][gc,phases   ] GC(124)   Post Evacuate Collection Set: 0.4ms
[2023-10-31T02:35:01.574+0000][7][gc,phases   ] GC(124)   Other: 0.3ms
[2023-10-31T02:35:01.574+0000][7][gc,heap     ] GC(124) Eden regions: 64->0(64)
[2023-10-31T02:35:01.574+0000][7][gc,heap     ] GC(124) Survivor regions: 3->3(9)
[2023-10-31T02:35:01.574+0000][7][gc,heap     ] GC(124) Old regions: 31->31
[2023-10-31T02:35:01.574+0000][7][gc,heap     ] GC(124) Archive regions: 2->2
[2023-10-31T02:35:01.574+0000][7][gc,heap     ] GC(124) Humongous regions: 5->5
[2023-10-31T02:35:01.574+0000][7][gc,metaspace] GC(124) Metaspace: 118457K(120320K)->118457K(120320K) NonClass: 102686K(103744K)->102686K(103744K) Class: 15770K(16576K)->15770K(16576K)
[2023-10-31T02:35:01.574+0000][7][gc          ] GC(124) Pause Young (Normal) (G1 Evacuation Pause) 413M->156M(512M) 9.415ms
[2023-10-31T02:35:01.574+0000][7][gc,cpu      ] GC(124) User=0.02s Sys=0.00s Real=0.01s
[2023-10-31T02:35:01.574+0000][7][safepoint   ] Safepoint "G1CollectForAllocation", Time since last: 4402100330 ns, Reaching safepoint: 34348 ns, At safepoint: 9507373 ns, Total: 9541721 ns
[2023-10-31T02:35:02.574+0000][7][safepoint   ] Safepoint "Cleanup", Time since last: 1000334266 ns, Reaching safepoint: 55685 ns, At safepoint: 25489 ns, Total: 81174 ns
[2023-10-31T02:35:09.576+0000][7][safepoint   ] Safepoint "Cleanup", Time since last: 7001314019 ns, Reaching safepoint: 110599 ns, At safepoint: 24639 ns, Total: 135238 ns
[2023-10-31T02:35:14.576+0000][7][safepoint   ] Safepoint "Cleanup", Time since last: 5000582653 ns, Reaching safepoint: 81213 ns, At safepoint: 4113 ns, Total: 85326 ns
[2023-10-31T02:35:16.008+0000][7][gc,start    ] GC(125) Pause Young (Normal) (G1 Evacuation Pause)
[2023-10-31T02:35:16.008+0000][7][gc,task     ] GC(125) Using 8 workers of 8 for evacuation
[2023-10-31T02:35:16.008+0000][7][gc,age      ] GC(125) Desired survivor size 18874368 bytes, new threshold 15 (max threshold 15)
[2023-10-31T02:35:16.017+0000][7][gc,age      ] GC(125) Age table with threshold 15 (max threshold 15)
[2023-10-31T02:35:16.017+0000][7][gc,age      ] GC(125) - age   1:     541544 bytes,     541544 total
[2023-10-31T02:35:16.017+0000][7][gc,age      ] GC(125) - age   2:     359752 bytes,     901296 total
[2023-10-31T02:35:16.017+0000][7][gc,age      ] GC(125) - age   3:     202816 bytes,    1104112 total
[2023-10-31T02:35:16.017+0000][7][gc,age      ] GC(125) - age   4:     538712 bytes,    1642824 total
[2023-10-31T02:35:16.017+0000][7][gc,age      ] GC(125) - age   5:    1604960 bytes,    3247784 total
[2023-10-31T02:35:16.017+0000][7][gc,age      ] GC(125) - age   6:    1882704 bytes,    5130488 total
[2023-10-31T02:35:16.017+0000][7][gc,age      ] GC(125) - age   7:     268856 bytes,    5399344 total
[2023-10-31T02:35:16.017+0000][7][gc,age      ] GC(125) - age   8:     251200 bytes,    5650544 total
[2023-10-31T02:35:16.017+0000][7][gc,age      ] GC(125) - age   9:     210696 bytes,    5861240 total
[2023-10-31T02:35:16.017+0000][7][gc,age      ] GC(125) - age  10:     267760 bytes,    6129000 total
[2023-10-31T02:35:16.017+0000][7][gc,age      ] GC(125) - age  11:     200328 bytes,    6329328 total
[2023-10-31T02:35:16.017+0000][7][gc,age      ] GC(125) - age  12:    3215120 bytes,    9544448 total
[2023-10-31T02:35:16.017+0000][7][gc,age      ] GC(125) - age  13:     235504 bytes,    9779952 total
[2023-10-31T02:35:16.017+0000][7][gc,age      ] GC(125) - age  14:     235712 bytes,   10015664 total
[2023-10-31T02:35:16.017+0000][7][gc,age      ] GC(125) - age  15:     267408 bytes,   10283072 total
[2023-10-31T02:35:16.017+0000][7][gc,phases   ] GC(125)   Pre Evacuate Collection Set: 0.1ms
[2023-10-31T02:35:16.017+0000][7][gc,phases   ] GC(125)   Merge Heap Roots: 0.0ms
[2023-10-31T02:35:16.017+0000][7][gc,phases   ] GC(125)   Evacuate Collection Set: 7.9ms
[2023-10-31T02:35:16.017+0000][7][gc,phases   ] GC(125)   Post Evacuate Collection Set: 0.5ms
[2023-10-31T02:35:16.017+0000][7][gc,phases   ] GC(125)   Other: 0.3ms
[2023-10-31T02:35:16.017+0000][7][gc,heap     ] GC(125) Eden regions: 64->0(64)
[2023-10-31T02:35:16.017+0000][7][gc,heap     ] GC(125) Survivor regions: 3->3(9)
[2023-10-31T02:35:16.017+0000][7][gc,heap     ] GC(125) Old regions: 31->31
[2023-10-31T02:35:16.017+0000][7][gc,heap     ] GC(125) Archive regions: 2->2
[2023-10-31T02:35:16.017+0000][7][gc,heap     ] GC(125) Humongous regions: 5->5
[2023-10-31T02:35:16.017+0000][7][gc,metaspace] GC(125) Metaspace: 118465K(120320K)->118465K(120320K) NonClass: 102694K(103744K)->102694K(103744K) Class: 15770K(16576K)->15770K(16576K)
[2023-10-31T02:35:16.017+0000][7][gc          ] GC(125) Pause Young (Normal) (G1 Evacuation Pause) 412M->157M(512M) 8.825ms
[2023-10-31T02:35:16.017+0000][7][gc,cpu      ] GC(125) User=0.02s Sys=0.00s Real=0.01s
[2023-10-31T02:35:16.017+0000][7][safepoint   ] Safepoint "G1CollectForAllocation", Time since last: 1431729733 ns, Reaching safepoint: 33470 ns, At safepoint: 8920999 ns, Total: 8954469 ns
[2023-10-31T02:35:21.018+0000][7][safepoint   ] Safepoint "Cleanup", Time since last: 5000953423 ns, Reaching safepoint: 43700 ns, At safepoint: 23926 ns, Total: 67626 ns
[2023-10-31T02:35:27.020+0000][7][safepoint   ] Safepoint "Cleanup", Time since last: 6001409296 ns, Reaching safepoint: 52806 ns, At safepoint: 4441 ns, Total: 57247 ns
[2023-10-31T02:35:30.020+0000][7][safepoint   ] Safepoint "Cleanup", Time since last: 3000227484 ns, Reaching safepoint: 174328 ns, At safepoint: 12863 ns, Total: 187191 ns
[2023-10-31T02:35:30.349+0000][7][gc,start    ] GC(126) Pause Young (Normal) (G1 Evacuation Pause)
[2023-10-31T02:35:30.350+0000][7][gc,task     ] GC(126) Using 8 workers of 8 for evacuation
[2023-10-31T02:35:30.350+0000][7][gc,age      ] GC(126) Desired survivor size 18874368 bytes, new threshold 15 (max threshold 15)
[2023-10-31T02:35:30.358+0000][7][gc,age      ] GC(126) Age table with threshold 15 (max threshold 15)
[2023-10-31T02:35:30.358+0000][7][gc,age      ] GC(126) - age   1:    3817760 bytes,    3817760 total
[2023-10-31T02:35:30.358+0000][7][gc,age      ] GC(126) - age   2:     420120 bytes,    4237880 total
[2023-10-31T02:35:30.358+0000][7][gc,age      ] GC(126) - age   3:     346256 bytes,    4584136 total
[2023-10-31T02:35:30.358+0000][7][gc,age      ] GC(126) - age   4:     202496 bytes,    4786632 total
[2023-10-31T02:35:30.358+0000][7][gc,age      ] GC(126) - age   5:     537712 bytes,    5324344 total
[2023-10-31T02:35:30.358+0000][7][gc,age      ] GC(126) - age   6:    1604960 bytes,    6929304 total
[2023-10-31T02:35:30.358+0000][7][gc,age      ] GC(126) - age   7:    1882704 bytes,    8812008 total
[2023-10-31T02:35:30.358+0000][7][gc,age      ] GC(126) - age   8:     268856 bytes,    9080864 total
[2023-10-31T02:35:30.358+0000][7][gc,age      ] GC(126) - age   9:     250592 bytes,    9331456 total
[2023-10-31T02:35:30.358+0000][7][gc,age      ] GC(126) - age  10:     210696 bytes,    9542152 total
[2023-10-31T02:35:30.358+0000][7][gc,age      ] GC(126) - age  11:     267760 bytes,    9809912 total
[2023-10-31T02:35:30.358+0000][7][gc,age      ] GC(126) - age  12:     200328 bytes,   10010240 total
[2023-10-31T02:35:30.358+0000][7][gc,age      ] GC(126) - age  13:    1094352 bytes,   11104592 total
[2023-10-31T02:35:30.358+0000][7][gc,age      ] GC(126) - age  14:     235504 bytes,   11340096 total
[2023-10-31T02:35:30.358+0000][7][gc,age      ] GC(126) - age  15:     235712 bytes,   11575808 total
[2023-10-31T02:35:30.358+0000][7][gc,phases   ] GC(126)   Pre Evacuate Collection Set: 0.1ms
[2023-10-31T02:35:30.358+0000][7][gc,phases   ] GC(126)   Merge Heap Roots: 0.1ms
[2023-10-31T02:35:30.358+0000][7][gc,phases   ] GC(126)   Evacuate Collection Set: 7.2ms
[2023-10-31T02:35:30.358+0000][7][gc,phases   ] GC(126)   Post Evacuate Collection Set: 0.7ms
[2023-10-31T02:35:30.358+0000][7][gc,phases   ] GC(126)   Other: 0.4ms
[2023-10-31T02:35:30.358+0000][7][gc,heap     ] GC(126) Eden regions: 64->0(64)
[2023-10-31T02:35:30.358+0000][7][gc,heap     ] GC(126) Survivor regions: 3->3(9)
[2023-10-31T02:35:30.358+0000][7][gc,heap     ] GC(126) Old regions: 31->31
[2023-10-31T02:35:30.358+0000][7][gc,heap     ] GC(126) Archive regions: 2->2
[2023-10-31T02:35:30.358+0000][7][gc,heap     ] GC(126) Humongous regions: 5->5
[2023-10-31T02:35:30.358+0000][7][gc,metaspace] GC(126) Metaspace: 118466K(120320K)->118466K(120320K) NonClass: 102695K(103744K)->102695K(103744K) Class: 15770K(16576K)->15770K(16576K)
[2023-10-31T02:35:30.358+0000][7][gc          ] GC(126) Pause Young (Normal) (G1 Evacuation Pause) 413M->159M(512M) 8.452ms
[2023-10-31T02:35:30.358+0000][7][gc,cpu      ] GC(126) User=0.03s Sys=0.00s Real=0.01s
[2023-10-31T02:35:30.358+0000][7][safepoint   ] Safepoint "G1CollectForAllocation", Time since last: 329208729 ns, Reaching safepoint: 97293 ns, At safepoint: 8542118 ns, Total: 8639411 ns
[2023-10-31T02:35:32.358+0000][7][safepoint   ] Safepoint "Cleanup", Time since last: 2000164885 ns, Reaching safepoint: 79261 ns, At safepoint: 8504 ns, Total: 87765 ns
[2023-10-31T02:35:38.359+0000][7][safepoint   ] Safepoint "Cleanup", Time since last: 6000892715 ns, Reaching safepoint: 47704 ns, At safepoint: 30166 ns, Total: 77870 ns
[2023-10-31T02:35:45.360+0000][7][safepoint   ] Safepoint "Cleanup", Time since last: 7000778639 ns, Reaching safepoint: 33498 ns, At safepoint: 5022 ns, Total: 38520 ns
[2023-10-31T02:35:45.868+0000][7][gc,start    ] GC(127) Pause Young (Normal) (G1 Evacuation Pause)
[2023-10-31T02:35:45.868+0000][7][gc,task     ] GC(127) Using 8 workers of 8 for evacuation
[2023-10-31T02:35:45.868+0000][7][gc,age      ] GC(127) Desired survivor size 18874368 bytes, new threshold 15 (max threshold 15)
[2023-10-31T02:35:45.880+0000][7][gc,age      ] GC(127) Age table with threshold 15 (max threshold 15)
[2023-10-31T02:35:45.880+0000][7][gc,age      ] GC(127) - age   1:    1416376 bytes,    1416376 total
[2023-10-31T02:35:45.880+0000][7][gc,age      ] GC(127) - age   2:    2833120 bytes,    4249496 total
[2023-10-31T02:35:45.880+0000][7][gc,age      ] GC(127) - age   3:     224056 bytes,    4473552 total
[2023-10-31T02:35:45.881+0000][7][gc,age      ] GC(127) - age   4:     345912 bytes,    4819464 total
[2023-10-31T02:35:45.881+0000][7][gc,age      ] GC(127) - age   5:     202496 bytes,    5021960 total
[2023-10-31T02:35:45.881+0000][7][gc,age      ] GC(127) - age   6:     537360 bytes,    5559320 total
[2023-10-31T02:35:45.881+0000][7][gc,age      ] GC(127) - age   7:    1604800 bytes,    7164120 total
[2023-10-31T02:35:45.881+0000][7][gc,age      ] GC(127) - age   8:    1882672 bytes,    9046792 total
[2023-10-31T02:35:45.881+0000][7][gc,age      ] GC(127) - age   9:     268856 bytes,    9315648 total
[2023-10-31T02:35:45.881+0000][7][gc,age      ] GC(127) - age  10:     250592 bytes,    9566240 total
[2023-10-31T02:35:45.881+0000][7][gc,age      ] GC(127) - age  11:     210696 bytes,    9776936 total
[2023-10-31T02:35:45.881+0000][7][gc,age      ] GC(127) - age  12:     267760 bytes,   10044696 total
[2023-10-31T02:35:45.881+0000][7][gc,age      ] GC(127) - age  13:     200328 bytes,   10245024 total
[2023-10-31T02:35:45.881+0000][7][gc,age      ] GC(127) - age  14:    1094352 bytes,   11339376 total
[2023-10-31T02:35:45.881+0000][7][gc,age      ] GC(127) - age  15:     235504 bytes,   11574880 total
[2023-10-31T02:35:45.881+0000][7][gc,phases   ] GC(127)   Pre Evacuate Collection Set: 0.1ms
[2023-10-31T02:35:45.881+0000][7][gc,phases   ] GC(127)   Merge Heap Roots: 0.0ms
[2023-10-31T02:35:45.881+0000][7][gc,phases   ] GC(127)   Evacuate Collection Set: 11.6ms
[2023-10-31T02:35:45.881+0000][7][gc,phases   ] GC(127)   Post Evacuate Collection Set: 0.5ms
[2023-10-31T02:35:45.881+0000][7][gc,phases   ] GC(127)   Other: 0.3ms
[2023-10-31T02:35:45.881+0000][7][gc,heap     ] GC(127) Eden regions: 64->0(64)
[2023-10-31T02:35:45.881+0000][7][gc,heap     ] GC(127) Survivor regions: 3->3(9)
[2023-10-31T02:35:45.881+0000][7][gc,heap     ] GC(127) Old regions: 31->31
[2023-10-31T02:35:45.881+0000][7][gc,heap     ] GC(127) Archive regions: 2->2
[2023-10-31T02:35:45.881+0000][7][gc,heap     ] GC(127) Humongous regions: 5->5
[2023-10-31T02:35:45.881+0000][7][gc,metaspace] GC(127) Metaspace: 118467K(120320K)->118467K(120320K) NonClass: 102696K(103744K)->102696K(103744K) Class: 15770K(16576K)->15770K(16576K)
[2023-10-31T02:35:45.881+0000][7][gc          ] GC(127) Pause Young (Normal) (G1 Evacuation Pause) 415M->158M(512M) 12.565ms
[2023-10-31T02:35:45.881+0000][7][gc,cpu      ] GC(127) User=0.03s Sys=0.00s Real=0.01s
[2023-10-31T02:35:45.881+0000][7][safepoint   ] Safepoint "G1CollectForAllocation", Time since last: 508015794 ns, Reaching safepoint: 69753 ns, At safepoint: 12635653 ns, Total: 12705406 ns
[2023-10-31T02:35:50.882+0000][7][safepoint   ] Safepoint "Cleanup", Time since last: 5001068787 ns, Reaching safepoint: 56244 ns, At safepoint: 28402 ns, Total: 84646 ns
[2023-10-31T02:35:56.883+0000][7][safepoint   ] Safepoint "Cleanup", Time since last: 6001209467 ns, Reaching safepoint: 95663 ns, At safepoint: 11325 ns, Total: 106988 ns
[2023-10-31T02:36:00.261+0000][7][gc,start    ] GC(128) Pause Young (Normal) (G1 Evacuation Pause)
[2023-10-31T02:36:00.261+0000][7][gc,task     ] GC(128) Using 8 workers of 8 for evacuation
[2023-10-31T02:36:00.261+0000][7][gc,age      ] GC(128) Desired survivor size 18874368 bytes, new threshold 15 (max threshold 15)
[2023-10-31T02:36:00.265+0000][7][gc,age      ] GC(128) Age table with threshold 15 (max threshold 15)
[2023-10-31T02:36:00.265+0000][7][gc,age      ] GC(128) - age   1:    1332856 bytes,    1332856 total
[2023-10-31T02:36:00.265+0000][7][gc,age      ] GC(128) - age   2:     251880 bytes,    1584736 total
[2023-10-31T02:36:00.265+0000][7][gc,age      ] GC(128) - age   3:    2770808 bytes,    4355544 total
[2023-10-31T02:36:00.265+0000][7][gc,age      ] GC(128) - age   4:     223680 bytes,    4579224 total
[2023-10-31T02:36:00.265+0000][7][gc,age      ] GC(128) - age   5:     344592 bytes,    4923816 total
[2023-10-31T02:36:00.265+0000][7][gc,age      ] GC(128) - age   6:     202384 bytes,    5126200 total
[2023-10-31T02:36:00.265+0000][7][gc,age      ] GC(128) - age   7:     537232 bytes,    5663432 total
[2023-10-31T02:36:00.265+0000][7][gc,age      ] GC(128) - age   8:    1604800 bytes,    7268232 total
[2023-10-31T02:36:00.265+0000][7][gc,age      ] GC(128) - age   9:    1882672 bytes,    9150904 total
[2023-10-31T02:36:00.265+0000][7][gc,age      ] GC(128) - age  10:     268856 bytes,    9419760 total
[2023-10-31T02:36:00.265+0000][7][gc,age      ] GC(128) - age  11:     250592 bytes,    9670352 total
[2023-10-31T02:36:00.265+0000][7][gc,age      ] GC(128) - age  12:     201584 bytes,    9871936 total
[2023-10-31T02:36:00.265+0000][7][gc,age      ] GC(128) - age  13:     267760 bytes,   10139696 total
[2023-10-31T02:36:00.265+0000][7][gc,age      ] GC(128) - age  14:     200328 bytes,   10340024 total
[2023-10-31T02:36:00.265+0000][7][gc,age      ] GC(128) - age  15:    1094352 bytes,   11434376 total
[2023-10-31T02:36:00.265+0000][7][gc,phases   ] GC(128)   Pre Evacuate Collection Set: 0.1ms
[2023-10-31T02:36:00.265+0000][7][gc,phases   ] GC(128)   Merge Heap Roots: 0.0ms
[2023-10-31T02:36:00.265+0000][7][gc,phases   ] GC(128)   Evacuate Collection Set: 3.2ms
[2023-10-31T02:36:00.265+0000][7][gc,phases   ] GC(128)   Post Evacuate Collection Set: 0.5ms
[2023-10-31T02:36:00.265+0000][7][gc,phases   ] GC(128)   Other: 0.3ms
[2023-10-31T02:36:00.265+0000][7][gc,heap     ] GC(128) Eden regions: 64->0(64)
[2023-10-31T02:36:00.265+0000][7][gc,heap     ] GC(128) Survivor regions: 3->3(9)
[2023-10-31T02:36:00.265+0000][7][gc,heap     ] GC(128) Old regions: 31->31
[2023-10-31T02:36:00.265+0000][7][gc,heap     ] GC(128) Archive regions: 2->2
[2023-10-31T02:36:00.265+0000][7][gc,heap     ] GC(128) Humongous regions: 5->5
[2023-10-31T02:36:00.265+0000][7][gc,metaspace] GC(128) Metaspace: 118471K(120320K)->118471K(120320K) NonClass: 102700K(103744K)->102700K(103744K) Class: 15770K(16576K)->15770K(16576K)
[2023-10-31T02:36:00.265+0000][7][gc          ] GC(128) Pause Young (Normal) (G1 Evacuation Pause) 414M->158M(512M) 4.044ms
[2023-10-31T02:36:00.265+0000][7][gc,cpu      ] GC(128) User=0.02s Sys=0.00s Real=0.00s
[2023-10-31T02:36:00.265+0000][7][safepoint   ] Safepoint "G1CollectForAllocation", Time since last: 3378013605 ns, Reaching safepoint: 28375 ns, At safepoint: 4152162 ns, Total: 4180537 ns
[2023-10-31T02:36:03.266+0000][7][safepoint   ] Safepoint "Cleanup", Time since last: 3000411154 ns, Reaching safepoint: 75610 ns, At safepoint: 5885 ns, Total: 81495 ns
[2023-10-31T02:36:09.267+0000][7][safepoint   ] Safepoint "Cleanup", Time since last: 6000723935 ns, Reaching safepoint: 45296 ns, At safepoint: 2901 ns, Total: 48197 ns
[2023-10-31T02:36:14.891+0000][7][gc,start    ] GC(129) Pause Young (Normal) (G1 Evacuation Pause)
[2023-10-31T02:36:14.891+0000][7][gc,task     ] GC(129) Using 8 workers of 8 for evacuation
[2023-10-31T02:36:14.891+0000][7][gc,age      ] GC(129) Desired survivor size 18874368 bytes, new threshold 15 (max threshold 15)
[2023-10-31T02:36:14.897+0000][7][gc,age      ] GC(129) Age table with threshold 15 (max threshold 15)
[2023-10-31T02:36:14.897+0000][7][gc,age      ] GC(129) - age   1:    1197824 bytes,    1197824 total
[2023-10-31T02:36:14.897+0000][7][gc,age      ] GC(129) - age   2:     403520 bytes,    1601344 total
[2023-10-31T02:36:14.897+0000][7][gc,age      ] GC(129) - age   3:     250176 bytes,    1851520 total
[2023-10-31T02:36:14.897+0000][7][gc,age      ] GC(129) - age   4:    2770200 bytes,    4621720 total
[2023-10-31T02:36:14.897+0000][7][gc,age      ] GC(129) - age   5:     201432 bytes,    4823152 total
[2023-10-31T02:36:14.897+0000][7][gc,age      ] GC(129) - age   6:     239896 bytes,    5063048 total
[2023-10-31T02:36:14.897+0000][7][gc,age      ] GC(129) - age   7:     202384 bytes,    5265432 total
[2023-10-31T02:36:14.897+0000][7][gc,age      ] GC(129) - age   8:     537232 bytes,    5802664 total
[2023-10-31T02:36:14.897+0000][7][gc,age      ] GC(129) - age   9:    1604800 bytes,    7407464 total
[2023-10-31T02:36:14.897+0000][7][gc,age      ] GC(129) - age  10:    1882672 bytes,    9290136 total
[2023-10-31T02:36:14.897+0000][7][gc,age      ] GC(129) - age  11:     268856 bytes,    9558992 total
[2023-10-31T02:36:14.897+0000][7][gc,age      ] GC(129) - age  12:     250592 bytes,    9809584 total
[2023-10-31T02:36:14.897+0000][7][gc,age      ] GC(129) - age  13:     201584 bytes,   10011168 total
[2023-10-31T02:36:14.897+0000][7][gc,age      ] GC(129) - age  14:     267760 bytes,   10278928 total
[2023-10-31T02:36:14.897+0000][7][gc,age      ] GC(129) - age  15:     200328 bytes,   10479256 total
[2023-10-31T02:36:14.897+0000][7][gc,phases   ] GC(129)   Pre Evacuate Collection Set: 0.1ms
[2023-10-31T02:36:14.897+0000][7][gc,phases   ] GC(129)   Merge Heap Roots: 0.0ms
[2023-10-31T02:36:14.897+0000][7][gc,phases   ] GC(129)   Evacuate Collection Set: 5.0ms
[2023-10-31T02:36:14.897+0000][7][gc,phases   ] GC(129)   Post Evacuate Collection Set: 0.7ms
[2023-10-31T02:36:14.897+0000][7][gc,phases   ] GC(129)   Other: 0.2ms
[2023-10-31T02:36:14.897+0000][7][gc,heap     ] GC(129) Eden regions: 64->0(63)
[2023-10-31T02:36:14.897+0000][7][gc,heap     ] GC(129) Survivor regions: 3->3(9)
[2023-10-31T02:36:14.897+0000][7][gc,heap     ] GC(129) Old regions: 31->32
[2023-10-31T02:36:14.897+0000][7][gc,heap     ] GC(129) Archive regions: 2->2
[2023-10-31T02:36:14.897+0000][7][gc,heap     ] GC(129) Humongous regions: 5->5
[2023-10-31T02:36:14.897+0000][7][gc,metaspace] GC(129) Metaspace: 118472K(120320K)->118472K(120320K) NonClass: 102701K(103744K)->102701K(103744K) Class: 15770K(16576K)->15770K(16576K)
[2023-10-31T02:36:14.897+0000][7][gc          ] GC(129) Pause Young (Normal) (G1 Evacuation Pause) 414M->159M(512M) 6.050ms
[2023-10-31T02:36:14.897+0000][7][gc,cpu      ] GC(129) User=0.02s Sys=0.00s Real=0.01s
[2023-10-31T02:36:14.897+0000][7][safepoint   ] Safepoint "G1CollectForAllocation", Time since last: 5624579829 ns, Reaching safepoint: 52262 ns, At safepoint: 6137063 ns, Total: 6189325 ns
[2023-10-31T02:36:20.898+0000][7][safepoint   ] Safepoint "Cleanup", Time since last: 6000783454 ns, Reaching safepoint: 87734 ns, At safepoint: 4250 ns, Total: 91984 ns
[2023-10-31T02:36:29.381+0000][7][gc,start    ] GC(130) Pause Young (Concurrent Start) (G1 Evacuation Pause)
[2023-10-31T02:36:29.381+0000][7][gc,task     ] GC(130) Using 8 workers of 8 for evacuation
[2023-10-31T02:36:29.381+0000][7][gc,age      ] GC(130) Desired survivor size 18874368 bytes, new threshold 15 (max threshold 15)
[2023-10-31T02:36:29.394+0000][7][gc,age      ] GC(130) Age table with threshold 15 (max threshold 15)
[2023-10-31T02:36:29.394+0000][7][gc,age      ] GC(130) - age   1:    1056232 bytes,    1056232 total
[2023-10-31T02:36:29.394+0000][7][gc,age      ] GC(130) - age   2:     237104 bytes,    1293336 total
[2023-10-31T02:36:29.394+0000][7][gc,age      ] GC(130) - age   3:     390720 bytes,    1684056 total
[2023-10-31T02:36:29.394+0000][7][gc,age      ] GC(130) - age   4:     249520 bytes,    1933576 total
[2023-10-31T02:36:29.394+0000][7][gc,age      ] GC(130) - age   5:    2769024 bytes,    4702600 total
[2023-10-31T02:36:29.394+0000][7][gc,age      ] GC(130) - age   6:     201056 bytes,    4903656 total
[2023-10-31T02:36:29.394+0000][7][gc,age      ] GC(130) - age   7:     239896 bytes,    5143552 total
[2023-10-31T02:36:29.394+0000][7][gc,age      ] GC(130) - age   8:     202384 bytes,    5345936 total
[2023-10-31T02:36:29.394+0000][7][gc,age      ] GC(130) - age   9:     537048 bytes,    5882984 total
[2023-10-31T02:36:29.394+0000][7][gc,age      ] GC(130) - age  10:    1604800 bytes,    7487784 total
[2023-10-31T02:36:29.394+0000][7][gc,age      ] GC(130) - age  11:    1882360 bytes,    9370144 total
[2023-10-31T02:36:29.394+0000][7][gc,age      ] GC(130) - age  12:     268856 bytes,    9639000 total
[2023-10-31T02:36:29.394+0000][7][gc,age      ] GC(130) - age  13:     250592 bytes,    9889592 total
[2023-10-31T02:36:29.394+0000][7][gc,age      ] GC(130) - age  14:     201584 bytes,   10091176 total
[2023-10-31T02:36:29.394+0000][7][gc,age      ] GC(130) - age  15:     267760 bytes,   10358936 total
[2023-10-31T02:36:29.394+0000][7][gc,phases   ] GC(130)   Pre Evacuate Collection Set: 0.2ms
[2023-10-31T02:36:29.394+0000][7][gc,phases   ] GC(130)   Merge Heap Roots: 0.1ms
[2023-10-31T02:36:29.394+0000][7][gc,phases   ] GC(130)   Evacuate Collection Set: 9.3ms
[2023-10-31T02:36:29.394+0000][7][gc,phases   ] GC(130)   Post Evacuate Collection Set: 0.5ms
[2023-10-31T02:36:29.394+0000][7][gc,phases   ] GC(130)   Other: 3.3ms
[2023-10-31T02:36:29.394+0000][7][gc,heap     ] GC(130) Eden regions: 63->0(63)
[2023-10-31T02:36:29.394+0000][7][gc,heap     ] GC(130) Survivor regions: 3->3(9)
[2023-10-31T02:36:29.394+0000][7][gc,heap     ] GC(130) Old regions: 32->32
[2023-10-31T02:36:29.394+0000][7][gc,heap     ] GC(130) Archive regions: 2->2
[2023-10-31T02:36:29.394+0000][7][gc,heap     ] GC(130) Humongous regions: 5->5
[2023-10-31T02:36:29.394+0000][7][gc,metaspace] GC(130) Metaspace: 118476K(120320K)->118476K(120320K) NonClass: 102705K(103744K)->102705K(103744K) Class: 15770K(16576K)->15770K(16576K)
[2023-10-31T02:36:29.394+0000][7][gc          ] GC(130) Pause Young (Concurrent Start) (G1 Evacuation Pause) 411M->159M(512M) 13.296ms
[2023-10-31T02:36:29.394+0000][7][gc,cpu      ] GC(130) User=0.03s Sys=0.00s Real=0.01s
[2023-10-31T02:36:29.394+0000][7][safepoint   ] Safepoint "G1CollectForAllocation", Time since last: 8482179892 ns, Reaching safepoint: 102240 ns, At safepoint: 13405349 ns, Total: 13507589 ns
[2023-10-31T02:36:29.394+0000][7][gc          ] GC(131) Concurrent Mark Cycle
[2023-10-31T02:36:29.394+0000][7][gc,marking  ] GC(131) Concurrent Clear Claimed Marks
[2023-10-31T02:36:29.395+0000][7][gc,marking  ] GC(131) Concurrent Clear Claimed Marks 0.786ms
[2023-10-31T02:36:29.395+0000][7][gc,marking  ] GC(131) Concurrent Scan Root Regions
[2023-10-31T02:36:29.397+0000][7][gc,marking  ] GC(131) Concurrent Scan Root Regions 2.047ms
[2023-10-31T02:36:29.397+0000][7][gc,marking  ] GC(131) Concurrent Mark
[2023-10-31T02:36:29.397+0000][7][gc,marking  ] GC(131) Concurrent Mark From Roots
[2023-10-31T02:36:29.397+0000][7][gc,task     ] GC(131) Using 2 workers of 2 for marking
[2023-10-31T02:36:29.486+0000][7][gc,marking  ] GC(131) Concurrent Mark From Roots 89.374ms
[2023-10-31T02:36:29.486+0000][7][gc,marking  ] GC(131) Concurrent Preclean
[2023-10-31T02:36:29.490+0000][7][gc,marking  ] GC(131) Concurrent Preclean 3.872ms
[2023-10-31T02:36:29.490+0000][7][gc,start    ] GC(131) Pause Remark
[2023-10-31T02:36:29.511+0000][7][gc          ] GC(131) Pause Remark 163M->163M(512M) 20.793ms
[2023-10-31T02:36:29.511+0000][7][gc,cpu      ] GC(131) User=0.10s Sys=0.00s Real=0.02s
[2023-10-31T02:36:29.511+0000][7][safepoint   ] Safepoint "G1Concurrent", Time since last: 96329805 ns, Reaching safepoint: 65830 ns, At safepoint: 20948820 ns, Total: 21014650 ns
[2023-10-31T02:36:29.511+0000][7][gc,marking  ] GC(131) Concurrent Mark 114.455ms
[2023-10-31T02:36:29.511+0000][7][gc,marking  ] GC(131) Concurrent Rebuild Remembered Sets
[2023-10-31T02:36:29.552+0000][7][gc,marking  ] GC(131) Concurrent Rebuild Remembered Sets 41.114ms
[2023-10-31T02:36:29.557+0000][7][gc,start    ] GC(131) Pause Cleanup
[2023-10-31T02:36:29.557+0000][7][gc          ] GC(131) Pause Cleanup 163M->163M(512M) 0.105ms
[2023-10-31T02:36:29.557+0000][7][gc,cpu      ] GC(131) User=0.00s Sys=0.00s Real=0.00s
[2023-10-31T02:36:29.557+0000][7][safepoint   ] Safepoint "G1Concurrent", Time since last: 41308931 ns, Reaching safepoint: 4485974 ns, At safepoint: 181733 ns, Total: 4667707 ns
[2023-10-31T02:36:29.557+0000][7][gc,marking  ] GC(131) Concurrent Cleanup for Next Mark
[2023-10-31T02:36:29.559+0000][7][gc,marking  ] GC(131) Concurrent Cleanup for Next Mark 1.137ms
[2023-10-31T02:36:29.559+0000][7][gc          ] GC(131) Concurrent Mark Cycle 164.605ms
[2023-10-31T02:36:30.558+0000][7][safepoint   ] Safepoint "Cleanup", Time since last: 1000078701 ns, Reaching safepoint: 210205 ns, At safepoint: 4374 ns, Total: 214579 ns
[2023-10-31T02:36:31.558+0000][7][safepoint   ] Safepoint "Cleanup", Time since last: 1000179286 ns, Reaching safepoint: 139458 ns, At safepoint: 10096 ns, Total: 149554 ns
[2023-10-31T02:36:32.558+0000][7][safepoint   ] Safepoint "Cleanup", Time since last: 1000243397 ns, Reaching safepoint: 268147 ns, At safepoint: 6512 ns, Total: 274659 ns
[2023-10-31T02:36:35.559+0000][7][safepoint   ] Safepoint "Cleanup", Time since last: 3000274631 ns, Reaching safepoint: 74532 ns, At safepoint: 4860 ns, Total: 79392 ns
[2023-10-31T02:36:38.560+0000][7][safepoint   ] Safepoint "Cleanup", Time since last: 3000608596 ns, Reaching safepoint: 276086 ns, At safepoint: 6483 ns, Total: 282569 ns
[2023-10-31T02:36:38.650+0000][7][safepoint   ] Safepoint "ICBufferFull", Time since last: 89989135 ns, Reaching safepoint: 194104 ns, At safepoint: 7467 ns, Total: 201571 ns
[2023-10-31T02:36:39.650+0000][7][safepoint   ] Safepoint "Cleanup", Time since last: 1000083194 ns, Reaching safepoint: 115589 ns, At safepoint: 4200 ns, Total: 119789 ns
[2023-10-31T02:36:41.650+0000][7][safepoint   ] Safepoint "Cleanup", Time since last: 2000218594 ns, Reaching safepoint: 89363 ns, At safepoint: 5143 ns, Total: 94506 ns
[2023-10-31T02:36:44.200+0000][7][gc,start    ] GC(132) Pause Young (Normal) (G1 Evacuation Pause)
[2023-10-31T02:36:44.200+0000][7][gc,task     ] GC(132) Using 8 workers of 8 for evacuation
[2023-10-31T02:36:44.200+0000][7][gc,age      ] GC(132) Desired survivor size 18874368 bytes, new threshold 15 (max threshold 15)
[2023-10-31T02:36:44.207+0000][7][gc,age      ] GC(132) Age table with threshold 15 (max threshold 15)
[2023-10-31T02:36:44.207+0000][7][gc,age      ] GC(132) - age   1:     691672 bytes,     691672 total
[2023-10-31T02:36:44.207+0000][7][gc,age      ] GC(132) - age   2:     354320 bytes,    1045992 total
[2023-10-31T02:36:44.207+0000][7][gc,age      ] GC(132) - age   3:     235608 bytes,    1281600 total
[2023-10-31T02:36:44.207+0000][7][gc,age      ] GC(132) - age   4:     246904 bytes,    1528504 total
[2023-10-31T02:36:44.207+0000][7][gc,age      ] GC(132) - age   5:     249200 bytes,    1777704 total
[2023-10-31T02:36:44.207+0000][7][gc,age      ] GC(132) - age   6:    2768960 bytes,    4546664 total
[2023-10-31T02:36:44.207+0000][7][gc,age      ] GC(132) - age   7:     201056 bytes,    4747720 total
[2023-10-31T02:36:44.207+0000][7][gc,age      ] GC(132) - age   8:     239832 bytes,    4987552 total
[2023-10-31T02:36:44.207+0000][7][gc,age      ] GC(132) - age   9:     202384 bytes,    5189936 total
[2023-10-31T02:36:44.207+0000][7][gc,age      ] GC(132) - age  10:     537048 bytes,    5726984 total
[2023-10-31T02:36:44.207+0000][7][gc,age      ] GC(132) - age  11:    1604800 bytes,    7331784 total
[2023-10-31T02:36:44.207+0000][7][gc,age      ] GC(132) - age  12:    1882360 bytes,    9214144 total
[2023-10-31T02:36:44.207+0000][7][gc,age      ] GC(132) - age  13:     268856 bytes,    9483000 total
[2023-10-31T02:36:44.207+0000][7][gc,age      ] GC(132) - age  14:     250592 bytes,    9733592 total
[2023-10-31T02:36:44.207+0000][7][gc,age      ] GC(132) - age  15:     201584 bytes,    9935176 total
[2023-10-31T02:36:44.207+0000][7][gc,phases   ] GC(132)   Pre Evacuate Collection Set: 0.1ms
[2023-10-31T02:36:44.207+0000][7][gc,phases   ] GC(132)   Merge Heap Roots: 0.1ms
[2023-10-31T02:36:44.207+0000][7][gc,phases   ] GC(132)   Evacuate Collection Set: 6.1ms
[2023-10-31T02:36:44.207+0000][7][gc,phases   ] GC(132)   Post Evacuate Collection Set: 0.6ms
[2023-10-31T02:36:44.207+0000][7][gc,phases   ] GC(132)   Other: 0.3ms
[2023-10-31T02:36:44.207+0000][7][gc,heap     ] GC(132) Eden regions: 63->0(63)
[2023-10-31T02:36:44.207+0000][7][gc,heap     ] GC(132) Survivor regions: 3->3(9)
[2023-10-31T02:36:44.207+0000][7][gc,heap     ] GC(132) Old regions: 32->32
[2023-10-31T02:36:44.207+0000][7][gc,heap     ] GC(132) Archive regions: 2->2
[2023-10-31T02:36:44.207+0000][7][gc,heap     ] GC(132) Humongous regions: 5->5
[2023-10-31T02:36:44.207+0000][7][gc,metaspace] GC(132) Metaspace: 118312K(120320K)->118312K(120320K) NonClass: 102581K(103744K)->102581K(103744K) Class: 15730K(16576K)->15730K(16576K)
[2023-10-31T02:36:44.207+0000][7][gc          ] GC(132) Pause Young (Normal) (G1 Evacuation Pause) 411M->158M(512M) 7.205ms
[2023-10-31T02:36:44.207+0000][7][gc,cpu      ] GC(132) User=0.02s Sys=0.01s Real=0.01s
[2023-10-31T02:36:44.207+0000][7][safepoint   ] Safepoint "G1CollectForAllocation", Time since last: 2549589275 ns, Reaching safepoint: 37883 ns, At safepoint: 7330268 ns, Total: 7368151 ns
[2023-10-31T02:36:45.207+0000][7][safepoint   ] Safepoint "Cleanup", Time since last: 1000075235 ns, Reaching safepoint: 45492 ns, At safepoint: 5110 ns, Total: 50602 ns
[2023-10-31T02:36:51.208+0000][7][safepoint   ] Safepoint "Cleanup", Time since last: 6000663220 ns, Reaching safepoint: 97639 ns, At safepoint: 7387 ns, Total: 105026 ns
[2023-10-31T02:36:53.209+0000][7][safepoint   ] Safepoint "Cleanup", Time since last: 2000372310 ns, Reaching safepoint: 50148 ns, At safepoint: 35094 ns, Total: 85242 ns
[2023-10-31T02:36:54.209+0000][7][safepoint   ] Safepoint "Cleanup", Time since last: 1000318925 ns, Reaching safepoint: 73363 ns, At safepoint: 6632 ns, Total: 79995 ns
[2023-10-31T02:36:55.209+0000][7][safepoint   ] Safepoint "Cleanup", Time since last: 1000091418 ns, Reaching safepoint: 63835 ns, At safepoint: 4153 ns, Total: 67988 ns
[2023-10-31T02:36:57.210+0000][7][safepoint   ] Safepoint "Cleanup", Time since last: 2000370371 ns, Reaching safepoint: 94318 ns, At safepoint: 4511 ns, Total: 98829 ns
[2023-10-31T02:36:58.642+0000][7][gc,start    ] GC(133) Pause Young (Concurrent Start) (G1 Evacuation Pause)
[2023-10-31T02:36:58.642+0000][7][gc,task     ] GC(133) Using 8 workers of 8 for evacuation
[2023-10-31T02:36:58.642+0000][7][gc,age      ] GC(133) Desired survivor size 18874368 bytes, new threshold 15 (max threshold 15)
[2023-10-31T02:36:58.654+0000][7][gc,age      ] GC(133) Age table with threshold 15 (max threshold 15)
[2023-10-31T02:36:58.654+0000][7][gc,age      ] GC(133) - age   1:     569688 bytes,     569688 total
[2023-10-31T02:36:58.654+0000][7][gc,age      ] GC(133) - age   2:     236832 bytes,     806520 total
[2023-10-31T02:36:58.654+0000][7][gc,age      ] GC(133) - age   3:     340912 bytes,    1147432 total
[2023-10-31T02:36:58.654+0000][7][gc,age      ] GC(133) - age   4:     235160 bytes,    1382592 total
[2023-10-31T02:36:58.654+0000][7][gc,age      ] GC(133) - age   5:     246000 bytes,    1628592 total
[2023-10-31T02:36:58.654+0000][7][gc,age      ] GC(133) - age   6:     248944 bytes,    1877536 total
[2023-10-31T02:36:58.654+0000][7][gc,age      ] GC(133) - age   7:    2768600 bytes,    4646136 total
[2023-10-31T02:36:58.654+0000][7][gc,age      ] GC(133) - age   8:     201056 bytes,    4847192 total
[2023-10-31T02:36:58.654+0000][7][gc,age      ] GC(133) - age   9:     239520 bytes,    5086712 total
[2023-10-31T02:36:58.654+0000][7][gc,age      ] GC(133) - age  10:     202384 bytes,    5289096 total
[2023-10-31T02:36:58.654+0000][7][gc,age      ] GC(133) - age  11:     537048 bytes,    5826144 total
[2023-10-31T02:36:58.654+0000][7][gc,age      ] GC(133) - age  12:    1604736 bytes,    7430880 total
[2023-10-31T02:36:58.654+0000][7][gc,age      ] GC(133) - age  13:    1882360 bytes,    9313240 total
[2023-10-31T02:36:58.654+0000][7][gc,age      ] GC(133) - age  14:     268856 bytes,    9582096 total
[2023-10-31T02:36:58.654+0000][7][gc,age      ] GC(133) - age  15:     250592 bytes,    9832688 total
[2023-10-31T02:36:58.654+0000][7][gc,phases   ] GC(133)   Pre Evacuate Collection Set: 0.2ms
[2023-10-31T02:36:58.654+0000][7][gc,phases   ] GC(133)   Merge Heap Roots: 0.1ms
[2023-10-31T02:36:58.654+0000][7][gc,phases   ] GC(133)   Evacuate Collection Set: 10.7ms
[2023-10-31T02:36:58.654+0000][7][gc,phases   ] GC(133)   Post Evacuate Collection Set: 0.4ms
[2023-10-31T02:36:58.654+0000][7][gc,phases   ] GC(133)   Other: 0.3ms
[2023-10-31T02:36:58.654+0000][7][gc,heap     ] GC(133) Eden regions: 63->0(63)
[2023-10-31T02:36:58.654+0000][7][gc,heap     ] GC(133) Survivor regions: 3->3(9)
[2023-10-31T02:36:58.654+0000][7][gc,heap     ] GC(133) Old regions: 32->32
[2023-10-31T02:36:58.654+0000][7][gc,heap     ] GC(133) Archive regions: 2->2
[2023-10-31T02:36:58.654+0000][7][gc,heap     ] GC(133) Humongous regions: 5->5
[2023-10-31T02:36:58.654+0000][7][gc,metaspace] GC(133) Metaspace: 118313K(120320K)->118313K(120320K) NonClass: 102582K(103744K)->102582K(103744K) Class: 15730K(16576K)->15730K(16576K)
[2023-10-31T02:36:58.654+0000][7][gc          ] GC(133) Pause Young (Concurrent Start) (G1 Evacuation Pause) 410M->159M(512M) 11.657ms
[2023-10-31T02:36:58.654+0000][7][gc,cpu      ] GC(133) User=0.03s Sys=0.01s Real=0.01s
[2023-10-31T02:36:58.654+0000][7][safepoint   ] Safepoint "G1CollectForAllocation", Time since last: 1432458477 ns, Reaching safepoint: 24471 ns, At safepoint: 11763862 ns, Total: 11788333 ns
[2023-10-31T02:36:58.654+0000][7][gc          ] GC(134) Concurrent Mark Cycle
[2023-10-31T02:36:58.654+0000][7][gc,marking  ] GC(134) Concurrent Clear Claimed Marks
[2023-10-31T02:36:58.654+0000][7][gc,marking  ] GC(134) Concurrent Clear Claimed Marks 0.090ms
[2023-10-31T02:36:58.654+0000][7][gc,marking  ] GC(134) Concurrent Scan Root Regions
[2023-10-31T02:36:58.656+0000][7][gc,marking  ] GC(134) Concurrent Scan Root Regions 1.513ms
[2023-10-31T02:36:58.656+0000][7][gc,marking  ] GC(134) Concurrent Mark
[2023-10-31T02:36:58.656+0000][7][gc,marking  ] GC(134) Concurrent Mark From Roots
[2023-10-31T02:36:58.656+0000][7][gc,task     ] GC(134) Using 2 workers of 2 for marking
[2023-10-31T02:36:58.714+0000][7][gc,marking  ] GC(134) Concurrent Mark From Roots 58.447ms
[2023-10-31T02:36:58.714+0000][7][gc,marking  ] GC(134) Concurrent Preclean
[2023-10-31T02:36:58.714+0000][7][gc,marking  ] GC(134) Concurrent Preclean 0.199ms
[2023-10-31T02:36:58.714+0000][7][gc,start    ] GC(134) Pause Remark
[2023-10-31T02:36:58.720+0000][7][gc          ] GC(134) Pause Remark 162M->162M(512M) 5.216ms
[2023-10-31T02:36:58.720+0000][7][gc,cpu      ] GC(134) User=0.03s Sys=0.00s Real=0.01s
[2023-10-31T02:36:58.720+0000][7][safepoint   ] Safepoint "G1Concurrent", Time since last: 60380838 ns, Reaching safepoint: 56740 ns, At safepoint: 5322435 ns, Total: 5379175 ns
[2023-10-31T02:36:58.720+0000][7][gc,marking  ] GC(134) Concurrent Mark 64.143ms
[2023-10-31T02:36:58.720+0000][7][gc,marking  ] GC(134) Concurrent Rebuild Remembered Sets
[2023-10-31T02:36:58.752+0000][7][gc,marking  ] GC(134) Concurrent Rebuild Remembered Sets 32.378ms
[2023-10-31T02:36:58.752+0000][7][gc,start    ] GC(134) Pause Cleanup
[2023-10-31T02:36:58.752+0000][7][gc          ] GC(134) Pause Cleanup 162M->162M(512M) 0.086ms
[2023-10-31T02:36:58.752+0000][7][gc,cpu      ] GC(134) User=0.00s Sys=0.00s Real=0.00s
[2023-10-31T02:36:58.752+0000][7][safepoint   ] Safepoint "G1Concurrent", Time since last: 32514630 ns, Reaching safepoint: 86448 ns, At safepoint: 185927 ns, Total: 272375 ns
[2023-10-31T02:36:58.753+0000][7][gc,marking  ] GC(134) Concurrent Cleanup for Next Mark
[2023-10-31T02:36:58.753+0000][7][gc,marking  ] GC(134) Concurrent Cleanup for Next Mark 0.620ms
[2023-10-31T02:36:58.753+0000][7][gc          ] GC(134) Concurrent Mark Cycle 99.242ms
[2023-10-31T02:37:02.753+0000][7][safepoint   ] Safepoint "Cleanup", Time since last: 4000500095 ns, Reaching safepoint: 92915 ns, At safepoint: 8598 ns, Total: 101513 ns
[2023-10-31T02:37:14.341+0000][7][gc,start    ] GC(135) Pause Young (Normal) (G1 Evacuation Pause)
[2023-10-31T02:37:14.341+0000][7][gc,task     ] GC(135) Using 8 workers of 8 for evacuation
[2023-10-31T02:37:14.341+0000][7][gc,age      ] GC(135) Desired survivor size 18874368 bytes, new threshold 15 (max threshold 15)
[2023-10-31T02:37:14.344+0000][7][gc,age      ] GC(135) Age table with threshold 15 (max threshold 15)
[2023-10-31T02:37:14.344+0000][7][gc,age      ] GC(135) - age   1:    3217352 bytes,    3217352 total
[2023-10-31T02:37:14.344+0000][7][gc,age      ] GC(135) - age   2:     444952 bytes,    3662304 total
[2023-10-31T02:37:14.344+0000][7][gc,age      ] GC(135) - age   3:     236000 bytes,    3898304 total
[2023-10-31T02:37:14.344+0000][7][gc,age      ] GC(135) - age   4:     324528 bytes,    4222832 total
[2023-10-31T02:37:14.344+0000][7][gc,age      ] GC(135) - age   5:     234528 bytes,    4457360 total
[2023-10-31T02:37:14.344+0000][7][gc,age      ] GC(135) - age   6:     245688 bytes,    4703048 total
[2023-10-31T02:37:14.344+0000][7][gc,age      ] GC(135) - age   7:     248896 bytes,    4951944 total
[2023-10-31T02:37:14.344+0000][7][gc,age      ] GC(135) - age   8:    2768600 bytes,    7720544 total
[2023-10-31T02:37:14.344+0000][7][gc,age      ] GC(135) - age   9:     201056 bytes,    7921600 total
[2023-10-31T02:37:14.344+0000][7][gc,age      ] GC(135) - age  10:     239400 bytes,    8161000 total
[2023-10-31T02:37:14.344+0000][7][gc,age      ] GC(135) - age  11:     202384 bytes,    8363384 total
[2023-10-31T02:37:14.344+0000][7][gc,age      ] GC(135) - age  12:     537048 bytes,    8900432 total
[2023-10-31T02:37:14.344+0000][7][gc,age      ] GC(135) - age  13:     234264 bytes,    9134696 total
[2023-10-31T02:37:14.344+0000][7][gc,age      ] GC(135) - age  14:    1882360 bytes,   11017056 total
[2023-10-31T02:37:14.344+0000][7][gc,age      ] GC(135) - age  15:     268856 bytes,   11285912 total
[2023-10-31T02:37:14.345+0000][7][gc,phases   ] GC(135)   Pre Evacuate Collection Set: 0.1ms
[2023-10-31T02:37:14.345+0000][7][gc,phases   ] GC(135)   Merge Heap Roots: 0.0ms
[2023-10-31T02:37:14.345+0000][7][gc,phases   ] GC(135)   Evacuate Collection Set: 3.0ms
[2023-10-31T02:37:14.345+0000][7][gc,phases   ] GC(135)   Post Evacuate Collection Set: 0.6ms
[2023-10-31T02:37:14.345+0000][7][gc,phases   ] GC(135)   Other: 0.2ms
[2023-10-31T02:37:14.345+0000][7][gc,heap     ] GC(135) Eden regions: 63->0(63)
[2023-10-31T02:37:14.345+0000][7][gc,heap     ] GC(135) Survivor regions: 3->3(9)
[2023-10-31T02:37:14.345+0000][7][gc,heap     ] GC(135) Old regions: 32->32
[2023-10-31T02:37:14.345+0000][7][gc,heap     ] GC(135) Archive regions: 2->2
[2023-10-31T02:37:14.345+0000][7][gc,heap     ] GC(135) Humongous regions: 5->5
[2023-10-31T02:37:14.345+0000][7][gc,metaspace] GC(135) Metaspace: 118314K(120320K)->118314K(120320K) NonClass: 102584K(103744K)->102584K(103744K) Class: 15730K(16576K)->15730K(16576K)
[2023-10-31T02:37:14.345+0000][7][gc          ] GC(135) Pause Young (Normal) (G1 Evacuation Pause) 411M->160M(512M) 3.985ms
[2023-10-31T02:37:14.345+0000][7][gc,cpu      ] GC(135) User=0.02s Sys=0.01s Real=0.00s
[2023-10-31T02:37:14.345+0000][7][safepoint   ] Safepoint "G1CollectForAllocation", Time since last: 11587401641 ns, Reaching safepoint: 69441 ns, At safepoint: 4047372 ns, Total: 4116813 ns
[2023-10-31T02:37:15.345+0000][7][safepoint   ] Safepoint "Cleanup", Time since last: 1000120870 ns, Reaching safepoint: 87258 ns, At safepoint: 6882 ns, Total: 94140 ns
[2023-10-31T02:37:17.345+0000][7][safepoint   ] Safepoint "Cleanup", Time since last: 2000165856 ns, Reaching safepoint: 73711 ns, At safepoint: 6877 ns, Total: 80588 ns
[2023-10-31T02:37:21.346+0000][7][safepoint   ] Safepoint "Cleanup", Time since last: 4000681551 ns, Reaching safepoint: 63340 ns, At safepoint: 9116 ns, Total: 72456 ns
[2023-10-31T02:37:28.716+0000][7][safepoint   ] Safepoint "G1CollectForAllocation", Time since last: 7369635464 ns, Reaching safepoint: 23994 ns, At safepoint: 27576 ns, Total: 51570 ns
[2023-10-31T02:37:28.716+0000][7][gc,start    ] GC(136) Pause Young (Concurrent Start) (GCLocker Initiated GC)
[2023-10-31T02:37:28.716+0000][7][gc,task     ] GC(136) Using 8 workers of 8 for evacuation
[2023-10-31T02:37:28.716+0000][7][gc,age      ] GC(136) Desired survivor size 18874368 bytes, new threshold 15 (max threshold 15)
[2023-10-31T02:37:28.724+0000][7][gc,age      ] GC(136) Age table with threshold 15 (max threshold 15)
[2023-10-31T02:37:28.724+0000][7][gc,age      ] GC(136) - age   1:    1162576 bytes,    1162576 total
[2023-10-31T02:37:28.724+0000][7][gc,age      ] GC(136) - age   2:    1875040 bytes,    3037616 total
[2023-10-31T02:37:28.724+0000][7][gc,age      ] GC(136) - age   3:     339048 bytes,    3376664 total
[2023-10-31T02:37:28.724+0000][7][gc,age      ] GC(136) - age   4:     235576 bytes,    3612240 total
[2023-10-31T02:37:28.724+0000][7][gc,age      ] GC(136) - age   5:     202432 bytes,    3814672 total
[2023-10-31T02:37:28.724+0000][7][gc,age      ] GC(136) - age   6:     234336 bytes,    4049008 total
[2023-10-31T02:37:28.724+0000][7][gc,age      ] GC(136) - age   7:     245592 bytes,    4294600 total
[2023-10-31T02:37:28.724+0000][7][gc,age      ] GC(136) - age   8:     248832 bytes,    4543432 total
[2023-10-31T02:37:28.724+0000][7][gc,age      ] GC(136) - age   9:    2768600 bytes,    7312032 total
[2023-10-31T02:37:28.724+0000][7][gc,age      ] GC(136) - age  10:     201056 bytes,    7513088 total
[2023-10-31T02:37:28.724+0000][7][gc,age      ] GC(136) - age  11:     239400 bytes,    7752488 total
[2023-10-31T02:37:28.724+0000][7][gc,age      ] GC(136) - age  12:     202384 bytes,    7954872 total
[2023-10-31T02:37:28.724+0000][7][gc,age      ] GC(136) - age  13:     537048 bytes,    8491920 total
[2023-10-31T02:37:28.724+0000][7][gc,age      ] GC(136) - age  14:     234264 bytes,    8726184 total
[2023-10-31T02:37:28.724+0000][7][gc,age      ] GC(136) - age  15:    1882360 bytes,   10608544 total
[2023-10-31T02:37:28.724+0000][7][gc,phases   ] GC(136)   Pre Evacuate Collection Set: 0.2ms
[2023-10-31T02:37:28.724+0000][7][gc,phases   ] GC(136)   Merge Heap Roots: 0.1ms
[2023-10-31T02:37:28.724+0000][7][gc,phases   ] GC(136)   Evacuate Collection Set: 7.1ms
[2023-10-31T02:37:28.724+0000][7][gc,phases   ] GC(136)   Post Evacuate Collection Set: 0.5ms
[2023-10-31T02:37:28.724+0000][7][gc,phases   ] GC(136)   Other: 0.4ms
[2023-10-31T02:37:28.724+0000][7][gc,heap     ] GC(136) Eden regions: 63->0(63)
[2023-10-31T02:37:28.724+0000][7][gc,heap     ] GC(136) Survivor regions: 3->3(9)
[2023-10-31T02:37:28.724+0000][7][gc,heap     ] GC(136) Old regions: 32->32
[2023-10-31T02:37:28.724+0000][7][gc,heap     ] GC(136) Archive regions: 2->2
[2023-10-31T02:37:28.724+0000][7][gc,heap     ] GC(136) Humongous regions: 5->5
[2023-10-31T02:37:28.724+0000][7][gc,metaspace] GC(136) Metaspace: 118314K(120320K)->118314K(120320K) NonClass: 102584K(103744K)->102584K(103744K) Class: 15730K(16576K)->15730K(16576K)
[2023-10-31T02:37:28.724+0000][7][gc          ] GC(136) Pause Young (Concurrent Start) (GCLocker Initiated GC) 412M->160M(512M) 8.271ms
[2023-10-31T02:37:28.724+0000][7][gc,cpu      ] GC(136) User=0.03s Sys=0.00s Real=0.01s
[2023-10-31T02:37:28.724+0000][7][safepoint   ] Safepoint "G1CollectForAllocation", Time since last: 252280 ns, Reaching safepoint: 13176 ns, At safepoint: 8377942 ns, Total: 8391118 ns
[2023-10-31T02:37:28.724+0000][7][gc          ] GC(137) Concurrent Mark Cycle
[2023-10-31T02:37:28.724+0000][7][gc,marking  ] GC(137) Concurrent Clear Claimed Marks
[2023-10-31T02:37:28.724+0000][7][gc,marking  ] GC(137) Concurrent Clear Claimed Marks 0.110ms
[2023-10-31T02:37:28.724+0000][7][gc,marking  ] GC(137) Concurrent Scan Root Regions
[2023-10-31T02:37:28.726+0000][7][gc,marking  ] GC(137) Concurrent Scan Root Regions 1.855ms
[2023-10-31T02:37:28.726+0000][7][gc,marking  ] GC(137) Concurrent Mark
[2023-10-31T02:37:28.726+0000][7][gc,marking  ] GC(137) Concurrent Mark From Roots
[2023-10-31T02:37:28.726+0000][7][gc,task     ] GC(137) Using 2 workers of 2 for marking
[2023-10-31T02:37:28.790+0000][7][gc,marking  ] GC(137) Concurrent Mark From Roots 63.784ms
[2023-10-31T02:37:28.790+0000][7][gc,marking  ] GC(137) Concurrent Preclean
[2023-10-31T02:37:28.790+0000][7][gc,marking  ] GC(137) Concurrent Preclean 0.300ms
[2023-10-31T02:37:28.790+0000][7][gc,start    ] GC(137) Pause Remark
[2023-10-31T02:37:28.796+0000][7][gc          ] GC(137) Pause Remark 163M->163M(512M) 5.655ms
[2023-10-31T02:37:28.796+0000][7][gc,cpu      ] GC(137) User=0.03s Sys=0.01s Real=0.00s
[2023-10-31T02:37:28.796+0000][7][safepoint   ] Safepoint "G1Concurrent", Time since last: 66210072 ns, Reaching safepoint: 72934 ns, At safepoint: 5782209 ns, Total: 5855143 ns
[2023-10-31T02:37:28.796+0000][7][gc,marking  ] GC(137) Concurrent Mark 70.033ms
[2023-10-31T02:37:28.796+0000][7][gc,marking  ] GC(137) Concurrent Rebuild Remembered Sets
[2023-10-31T02:37:28.829+0000][7][gc,marking  ] GC(137) Concurrent Rebuild Remembered Sets 32.722ms
[2023-10-31T02:37:28.829+0000][7][gc,start    ] GC(137) Pause Cleanup
[2023-10-31T02:37:28.829+0000][7][gc          ] GC(137) Pause Cleanup 164M->164M(512M) 0.075ms
[2023-10-31T02:37:28.829+0000][7][gc,cpu      ] GC(137) User=0.00s Sys=0.00s Real=0.00s
[2023-10-31T02:37:28.829+0000][7][safepoint   ] Safepoint "G1Concurrent", Time since last: 32884453 ns, Reaching safepoint: 36680 ns, At safepoint: 160657 ns, Total: 197337 ns
[2023-10-31T02:37:28.829+0000][7][gc,marking  ] GC(137) Concurrent Cleanup for Next Mark
[2023-10-31T02:37:28.830+0000][7][gc,marking  ] GC(137) Concurrent Cleanup for Next Mark 0.381ms
[2023-10-31T02:37:28.830+0000][7][gc          ] GC(137) Concurrent Mark Cycle 105.595ms
[2023-10-31T02:37:38.830+0000][7][safepoint   ] Safepoint "Cleanup", Time since last: 10000785078 ns, Reaching safepoint: 79895 ns, At safepoint: 5902 ns, Total: 85797 ns
[2023-10-31T02:37:42.890+0000][7][gc,start    ] GC(138) Pause Young (Normal) (G1 Evacuation Pause)
[2023-10-31T02:37:42.890+0000][7][gc,task     ] GC(138) Using 8 workers of 8 for evacuation
[2023-10-31T02:37:42.890+0000][7][gc,age      ] GC(138) Desired survivor size 18874368 bytes, new threshold 15 (max threshold 15)
[2023-10-31T02:37:42.894+0000][7][gc,age      ] GC(138) Age table with threshold 15 (max threshold 15)
[2023-10-31T02:37:42.894+0000][7][gc,age      ] GC(138) - age   1:    1456984 bytes,    1456984 total
[2023-10-31T02:37:42.894+0000][7][gc,age      ] GC(138) - age   2:     358784 bytes,    1815768 total
[2023-10-31T02:37:42.894+0000][7][gc,age      ] GC(138) - age   3:    1843664 bytes,    3659432 total
[2023-10-31T02:37:42.894+0000][7][gc,age      ] GC(138) - age   4:     234728 bytes,    3894160 total
[2023-10-31T02:37:42.894+0000][7][gc,age      ] GC(138) - age   5:     235384 bytes,    4129544 total
[2023-10-31T02:37:42.894+0000][7][gc,age      ] GC(138) - age   6:     202176 bytes,    4331720 total
[2023-10-31T02:37:42.894+0000][7][gc,age      ] GC(138) - age   7:     234336 bytes,    4566056 total
[2023-10-31T02:37:42.894+0000][7][gc,age      ] GC(138) - age   8:     245592 bytes,    4811648 total
[2023-10-31T02:37:42.894+0000][7][gc,age      ] GC(138) - age   9:     248832 bytes,    5060480 total
[2023-10-31T02:37:42.894+0000][7][gc,age      ] GC(138) - age  10:    2768600 bytes,    7829080 total
[2023-10-31T02:37:42.894+0000][7][gc,age      ] GC(138) - age  11:     201056 bytes,    8030136 total
[2023-10-31T02:37:42.894+0000][7][gc,age      ] GC(138) - age  12:     239400 bytes,    8269536 total
[2023-10-31T02:37:42.894+0000][7][gc,age      ] GC(138) - age  13:     187832 bytes,    8457368 total
[2023-10-31T02:37:42.894+0000][7][gc,age      ] GC(138) - age  14:     204120 bytes,    8661488 total
[2023-10-31T02:37:42.894+0000][7][gc,age      ] GC(138) - age  15:     234264 bytes,    8895752 total
[2023-10-31T02:37:42.894+0000][7][gc,phases   ] GC(138)   Pre Evacuate Collection Set: 0.1ms
[2023-10-31T02:37:42.894+0000][7][gc,phases   ] GC(138)   Merge Heap Roots: 0.0ms
[2023-10-31T02:37:42.894+0000][7][gc,phases   ] GC(138)   Evacuate Collection Set: 3.1ms
[2023-10-31T02:37:42.894+0000][7][gc,phases   ] GC(138)   Post Evacuate Collection Set: 0.5ms
[2023-10-31T02:37:42.894+0000][7][gc,phases   ] GC(138)   Other: 0.3ms
[2023-10-31T02:37:42.894+0000][7][gc,heap     ] GC(138) Eden regions: 63->0(63)
[2023-10-31T02:37:42.894+0000][7][gc,heap     ] GC(138) Survivor regions: 3->3(9)
[2023-10-31T02:37:42.894+0000][7][gc,heap     ] GC(138) Old regions: 32->32
[2023-10-31T02:37:42.894+0000][7][gc,heap     ] GC(138) Archive regions: 2->2
[2023-10-31T02:37:42.894+0000][7][gc,heap     ] GC(138) Humongous regions: 5->5
[2023-10-31T02:37:42.894+0000][7][gc,metaspace] GC(138) Metaspace: 118320K(120320K)->118320K(120320K) NonClass: 102590K(103744K)->102590K(103744K) Class: 15730K(16576K)->15730K(16576K)
[2023-10-31T02:37:42.894+0000][7][gc          ] GC(138) Pause Young (Normal) (G1 Evacuation Pause) 412M->160M(512M) 4.103ms
[2023-10-31T02:37:42.894+0000][7][gc,cpu      ] GC(138) User=0.01s Sys=0.00s Real=0.00s
[2023-10-31T02:37:42.894+0000][7][safepoint   ] Safepoint "G1CollectForAllocation", Time since last: 4059879253 ns, Reaching safepoint: 29301 ns, At safepoint: 4194743 ns, Total: 4224044 ns
[2023-10-31T02:37:50.896+0000][7][safepoint   ] Safepoint "Cleanup", Time since last: 8001547762 ns, Reaching safepoint: 81209 ns, At safepoint: 12806 ns, Total: 94015 ns
[2023-10-31T02:37:51.896+0000][7][safepoint   ] Safepoint "Cleanup", Time since last: 1000177884 ns, Reaching safepoint: 147095 ns, At safepoint: 28329 ns, Total: 175424 ns
[2023-10-31T02:37:53.897+0000][7][safepoint   ] Safepoint "Cleanup", Time since last: 2000286194 ns, Reaching safepoint: 114309 ns, At safepoint: 7559 ns, Total: 121868 ns
[2023-10-31T02:37:56.936+0000][7][gc,start    ] GC(139) Pause Young (Concurrent Start) (G1 Evacuation Pause)
[2023-10-31T02:37:56.936+0000][7][gc,task     ] GC(139) Using 8 workers of 8 for evacuation
[2023-10-31T02:37:56.936+0000][7][gc,age      ] GC(139) Desired survivor size 18874368 bytes, new threshold 15 (max threshold 15)
[2023-10-31T02:37:56.947+0000][7][gc,age      ] GC(139) Age table with threshold 15 (max threshold 15)
[2023-10-31T02:37:56.947+0000][7][gc,age      ] GC(139) - age   1:    1963120 bytes,    1963120 total
[2023-10-31T02:37:56.947+0000][7][gc,age      ] GC(139) - age   2:     626856 bytes,    2589976 total
[2023-10-31T02:37:56.947+0000][7][gc,age      ] GC(139) - age   3:     346424 bytes,    2936400 total
[2023-10-31T02:37:56.947+0000][7][gc,age      ] GC(139) - age   4:    1843152 bytes,    4779552 total
[2023-10-31T02:37:56.947+0000][7][gc,age      ] GC(139) - age   5:     234256 bytes,    5013808 total
[2023-10-31T02:37:56.947+0000][7][gc,age      ] GC(139) - age   6:     235192 bytes,    5249000 total
[2023-10-31T02:37:56.947+0000][7][gc,age      ] GC(139) - age   7:     202048 bytes,    5451048 total
[2023-10-31T02:37:56.947+0000][7][gc,age      ] GC(139) - age   8:     234304 bytes,    5685352 total
[2023-10-31T02:37:56.947+0000][7][gc,age      ] GC(139) - age   9:     245184 bytes,    5930536 total
[2023-10-31T02:37:56.947+0000][7][gc,age      ] GC(139) - age  10:     248832 bytes,    6179368 total
[2023-10-31T02:37:56.947+0000][7][gc,age      ] GC(139) - age  11:    2768600 bytes,    8947968 total
[2023-10-31T02:37:56.947+0000][7][gc,age      ] GC(139) - age  12:     201056 bytes,    9149024 total
[2023-10-31T02:37:56.947+0000][7][gc,age      ] GC(139) - age  13:     239400 bytes,    9388424 total
[2023-10-31T02:37:56.947+0000][7][gc,age      ] GC(139) - age  14:     187832 bytes,    9576256 total
[2023-10-31T02:37:56.947+0000][7][gc,age      ] GC(139) - age  15:     204120 bytes,    9780376 total
[2023-10-31T02:37:56.947+0000][7][gc,phases   ] GC(139)   Pre Evacuate Collection Set: 0.2ms
[2023-10-31T02:37:56.947+0000][7][gc,phases   ] GC(139)   Merge Heap Roots: 0.1ms
[2023-10-31T02:37:56.947+0000][7][gc,phases   ] GC(139)   Evacuate Collection Set: 10.3ms
[2023-10-31T02:37:56.947+0000][7][gc,phases   ] GC(139)   Post Evacuate Collection Set: 0.5ms
[2023-10-31T02:37:56.947+0000][7][gc,phases   ] GC(139)   Other: 0.4ms
[2023-10-31T02:37:56.947+0000][7][gc,heap     ] GC(139) Eden regions: 63->0(62)
[2023-10-31T02:37:56.947+0000][7][gc,heap     ] GC(139) Survivor regions: 3->3(9)
[2023-10-31T02:37:56.947+0000][7][gc,heap     ] GC(139) Old regions: 32->33
[2023-10-31T02:37:56.947+0000][7][gc,heap     ] GC(139) Archive regions: 2->2
[2023-10-31T02:37:56.947+0000][7][gc,heap     ] GC(139) Humongous regions: 5->5
[2023-10-31T02:37:56.947+0000][7][gc,metaspace] GC(139) Metaspace: 118322K(120320K)->118322K(120320K) NonClass: 102592K(103744K)->102592K(103744K) Class: 15730K(16576K)->15730K(16576K)
[2023-10-31T02:37:56.947+0000][7][gc          ] GC(139) Pause Young (Concurrent Start) (G1 Evacuation Pause) 412M->161M(512M) 11.549ms
[2023-10-31T02:37:56.948+0000][7][gc,cpu      ] GC(139) User=0.03s Sys=0.00s Real=0.02s
[2023-10-31T02:37:56.948+0000][7][safepoint   ] Safepoint "G1CollectForAllocation", Time since last: 3039158045 ns, Reaching safepoint: 40281 ns, At safepoint: 11650803 ns, Total: 11691084 ns
[2023-10-31T02:37:56.948+0000][7][gc          ] GC(140) Concurrent Mark Cycle
[2023-10-31T02:37:56.948+0000][7][gc,marking  ] GC(140) Concurrent Clear Claimed Marks
[2023-10-31T02:37:56.948+0000][7][gc,marking  ] GC(140) Concurrent Clear Claimed Marks 0.098ms
[2023-10-31T02:37:56.948+0000][7][gc,marking  ] GC(140) Concurrent Scan Root Regions
[2023-10-31T02:37:56.949+0000][7][gc,marking  ] GC(140) Concurrent Scan Root Regions 1.624ms
[2023-10-31T02:37:56.949+0000][7][gc,marking  ] GC(140) Concurrent Mark
[2023-10-31T02:37:56.949+0000][7][gc,marking  ] GC(140) Concurrent Mark From Roots
[2023-10-31T02:37:56.949+0000][7][gc,task     ] GC(140) Using 2 workers of 2 for marking
[2023-10-31T02:37:57.007+0000][7][gc,marking  ] GC(140) Concurrent Mark From Roots 58.042ms
[2023-10-31T02:37:57.007+0000][7][gc,marking  ] GC(140) Concurrent Preclean
[2023-10-31T02:37:57.008+0000][7][gc,marking  ] GC(140) Concurrent Preclean 0.158ms
[2023-10-31T02:37:57.008+0000][7][gc,start    ] GC(140) Pause Remark
[2023-10-31T02:37:57.013+0000][7][gc          ] GC(140) Pause Remark 164M->164M(512M) 5.307ms
[2023-10-31T02:37:57.013+0000][7][gc,cpu      ] GC(140) User=0.04s Sys=0.00s Real=0.00s
[2023-10-31T02:37:57.013+0000][7][safepoint   ] Safepoint "G1Concurrent", Time since last: 60114241 ns, Reaching safepoint: 42226 ns, At safepoint: 5441614 ns, Total: 5483840 ns
[2023-10-31T02:37:57.013+0000][7][gc,marking  ] GC(140) Concurrent Mark 63.851ms
[2023-10-31T02:37:57.013+0000][7][gc,marking  ] GC(140) Concurrent Rebuild Remembered Sets
[2023-10-31T02:37:57.045+0000][7][gc,marking  ] GC(140) Concurrent Rebuild Remembered Sets 32.110ms
[2023-10-31T02:37:57.046+0000][7][gc,start    ] GC(140) Pause Cleanup
[2023-10-31T02:37:57.046+0000][7][gc          ] GC(140) Pause Cleanup 164M->164M(512M) 0.063ms
[2023-10-31T02:37:57.046+0000][7][gc,cpu      ] GC(140) User=0.00s Sys=0.00s Real=0.00s
[2023-10-31T02:37:57.046+0000][7][safepoint   ] Safepoint "G1Concurrent", Time since last: 32302684 ns, Reaching safepoint: 41659 ns, At safepoint: 131585 ns, Total: 173244 ns
[2023-10-31T02:37:57.046+0000][7][gc,marking  ] GC(140) Concurrent Cleanup for Next Mark
[2023-10-31T02:37:57.046+0000][7][gc,marking  ] GC(140) Concurrent Cleanup for Next Mark 0.401ms
[2023-10-31T02:37:57.046+0000][7][gc          ] GC(140) Concurrent Mark Cycle 98.521ms
[2023-10-31T02:38:06.047+0000][7][safepoint   ] Safepoint "Cleanup", Time since last: 9001106157 ns, Reaching safepoint: 75344 ns, At safepoint: 7691 ns, Total: 83035 ns
[2023-10-31T02:38:10.048+0000][7][safepoint   ] Safepoint "Cleanup", Time since last: 4001007408 ns, Reaching safepoint: 38180 ns, At safepoint: 4333 ns, Total: 42513 ns
[2023-10-31T02:38:11.582+0000][7][gc,start    ] GC(141) Pause Young (Normal) (G1 Evacuation Pause)
[2023-10-31T02:38:11.582+0000][7][gc,task     ] GC(141) Using 8 workers of 8 for evacuation
[2023-10-31T02:38:11.582+0000][7][gc,age      ] GC(141) Desired survivor size 18874368 bytes, new threshold 15 (max threshold 15)
[2023-10-31T02:38:11.591+0000][7][gc,age      ] GC(141) Age table with threshold 15 (max threshold 15)
[2023-10-31T02:38:11.591+0000][7][gc,age      ] GC(141) - age   1:     518240 bytes,     518240 total
[2023-10-31T02:38:11.591+0000][7][gc,age      ] GC(141) - age   2:    1398520 bytes,    1916760 total
[2023-10-31T02:38:11.591+0000][7][gc,age      ] GC(141) - age   3:     626128 bytes,    2542888 total
[2023-10-31T02:38:11.591+0000][7][gc,age      ] GC(141) - age   4:     171456 bytes,    2714344 total
[2023-10-31T02:38:11.591+0000][7][gc,age      ] GC(141) - age   5:    1842440 bytes,    4556784 total
[2023-10-31T02:38:11.591+0000][7][gc,age      ] GC(141) - age   6:     234128 bytes,    4790912 total
[2023-10-31T02:38:11.591+0000][7][gc,age      ] GC(141) - age   7:     235016 bytes,    5025928 total
[2023-10-31T02:38:11.591+0000][7][gc,age      ] GC(141) - age   8:     202048 bytes,    5227976 total
[2023-10-31T02:38:11.591+0000][7][gc,age      ] GC(141) - age   9:     234304 bytes,    5462280 total
[2023-10-31T02:38:11.591+0000][7][gc,age      ] GC(141) - age  10:     245120 bytes,    5707400 total
[2023-10-31T02:38:11.591+0000][7][gc,age      ] GC(141) - age  11:     248832 bytes,    5956232 total
[2023-10-31T02:38:11.591+0000][7][gc,age      ] GC(141) - age  12:    2768600 bytes,    8724832 total
[2023-10-31T02:38:11.591+0000][7][gc,age      ] GC(141) - age  13:     201056 bytes,    8925888 total
[2023-10-31T02:38:11.591+0000][7][gc,age      ] GC(141) - age  14:     235704 bytes,    9161592 total
[2023-10-31T02:38:11.591+0000][7][gc,age      ] GC(141) - age  15:     187832 bytes,    9349424 total
[2023-10-31T02:38:11.591+0000][7][gc,phases   ] GC(141)   Pre Evacuate Collection Set: 0.1ms
[2023-10-31T02:38:11.591+0000][7][gc,phases   ] GC(141)   Merge Heap Roots: 0.0ms
[2023-10-31T02:38:11.591+0000][7][gc,phases   ] GC(141)   Evacuate Collection Set: 7.5ms
[2023-10-31T02:38:11.591+0000][7][gc,phases   ] GC(141)   Post Evacuate Collection Set: 0.6ms
[2023-10-31T02:38:11.591+0000][7][gc,phases   ] GC(141)   Other: 0.2ms
[2023-10-31T02:38:11.591+0000][7][gc,heap     ] GC(141) Eden regions: 62->0(62)
[2023-10-31T02:38:11.591+0000][7][gc,heap     ] GC(141) Survivor regions: 3->3(9)
[2023-10-31T02:38:11.591+0000][7][gc,heap     ] GC(141) Old regions: 33->33
[2023-10-31T02:38:11.591+0000][7][gc,heap     ] GC(141) Archive regions: 2->2
[2023-10-31T02:38:11.591+0000][7][gc,heap     ] GC(141) Humongous regions: 5->5
[2023-10-31T02:38:11.591+0000][7][gc,metaspace] GC(141) Metaspace: 118322K(120320K)->118322K(120320K) NonClass: 102592K(103744K)->102592K(103744K) Class: 15730K(16576K)->15730K(16576K)
[2023-10-31T02:38:11.591+0000][7][gc          ] GC(141) Pause Young (Normal) (G1 Evacuation Pause) 409M->161M(512M) 8.572ms
[2023-10-31T02:38:11.591+0000][7][gc,cpu      ] GC(141) User=0.03s Sys=0.00s Real=0.01s
[2023-10-31T02:38:11.591+0000][7][safepoint   ] Safepoint "G1CollectForAllocation", Time since last: 1534219280 ns, Reaching safepoint: 63606 ns, At safepoint: 8640469 ns, Total: 8704075 ns
[2023-10-31T02:38:20.593+0000][7][safepoint   ] Safepoint "Cleanup", Time since last: 9001919585 ns, Reaching safepoint: 92986 ns, At safepoint: 7425 ns, Total: 100411 ns
[2023-10-31T02:38:22.593+0000][7][safepoint   ] Safepoint "Cleanup", Time since last: 2000155911 ns, Reaching safepoint: 32413 ns, At safepoint: 28866 ns, Total: 61279 ns
[2023-10-31T02:38:23.593+0000][7][safepoint   ] Safepoint "Cleanup", Time since last: 1000088624 ns, Reaching safepoint: 178945 ns, At safepoint: 12093 ns, Total: 191038 ns
[2023-10-31T02:38:26.594+0000][7][safepoint   ] Safepoint "Cleanup", Time since last: 3000454003 ns, Reaching safepoint: 98023 ns, At safepoint: 9921 ns, Total: 107944 ns
[2023-10-31T02:38:26.597+0000][7][gc,start    ] GC(142) Pause Young (Concurrent Start) (G1 Evacuation Pause)
[2023-10-31T02:38:26.597+0000][7][gc,task     ] GC(142) Using 8 workers of 8 for evacuation
[2023-10-31T02:38:26.597+0000][7][gc,age      ] GC(142) Desired survivor size 18874368 bytes, new threshold 15 (max threshold 15)
[2023-10-31T02:38:26.604+0000][7][gc,age      ] GC(142) Age table with threshold 15 (max threshold 15)
[2023-10-31T02:38:26.604+0000][7][gc,age      ] GC(142) - age   1:    4269104 bytes,    4269104 total
[2023-10-31T02:38:26.604+0000][7][gc,age      ] GC(142) - age   2:     405680 bytes,    4674784 total
[2023-10-31T02:38:26.604+0000][7][gc,age      ] GC(142) - age   3:    1385760 bytes,    6060544 total
[2023-10-31T02:38:26.604+0000][7][gc,age      ] GC(142) - age   4:     625360 bytes,    6685904 total
[2023-10-31T02:38:26.604+0000][7][gc,age      ] GC(142) - age   5:     170288 bytes,    6856192 total
[2023-10-31T02:38:26.604+0000][7][gc,age      ] GC(142) - age   6:    1841992 bytes,    8698184 total
[2023-10-31T02:38:26.604+0000][7][gc,age      ] GC(142) - age   7:     233816 bytes,    8932000 total
[2023-10-31T02:38:26.604+0000][7][gc,age      ] GC(142) - age   8:     234984 bytes,    9166984 total
[2023-10-31T02:38:26.604+0000][7][gc,age      ] GC(142) - age   9:     201832 bytes,    9368816 total
[2023-10-31T02:38:26.604+0000][7][gc,age      ] GC(142) - age  10:     234240 bytes,    9603056 total
[2023-10-31T02:38:26.604+0000][7][gc,age      ] GC(142) - age  11:     245056 bytes,    9848112 total
[2023-10-31T02:38:26.604+0000][7][gc,age      ] GC(142) - age  12:     248832 bytes,   10096944 total
[2023-10-31T02:38:26.604+0000][7][gc,age      ] GC(142) - age  13:     382752 bytes,   10479696 total
[2023-10-31T02:38:26.604+0000][7][gc,age      ] GC(142) - age  14:     201056 bytes,   10680752 total
[2023-10-31T02:38:26.604+0000][7][gc,age      ] GC(142) - age  15:     235704 bytes,   10916456 total
[2023-10-31T02:38:26.604+0000][7][gc,phases   ] GC(142)   Pre Evacuate Collection Set: 0.2ms
[2023-10-31T02:38:26.604+0000][7][gc,phases   ] GC(142)   Merge Heap Roots: 0.1ms
[2023-10-31T02:38:26.604+0000][7][gc,phases   ] GC(142)   Evacuate Collection Set: 5.5ms
[2023-10-31T02:38:26.604+0000][7][gc,phases   ] GC(142)   Post Evacuate Collection Set: 0.6ms
[2023-10-31T02:38:26.604+0000][7][gc,phases   ] GC(142)   Other: 0.3ms
[2023-10-31T02:38:26.604+0000][7][gc,heap     ] GC(142) Eden regions: 62->0(62)
[2023-10-31T02:38:26.604+0000][7][gc,heap     ] GC(142) Survivor regions: 3->3(9)
[2023-10-31T02:38:26.604+0000][7][gc,heap     ] GC(142) Old regions: 33->33
[2023-10-31T02:38:26.604+0000][7][gc,heap     ] GC(142) Archive regions: 2->2
[2023-10-31T02:38:26.604+0000][7][gc,heap     ] GC(142) Humongous regions: 5->5
[2023-10-31T02:38:26.604+0000][7][gc,metaspace] GC(142) Metaspace: 118325K(120320K)->118325K(120320K) NonClass: 102595K(103744K)->102595K(103744K) Class: 15730K(16576K)->15730K(16576K)
[2023-10-31T02:38:26.604+0000][7][gc          ] GC(142) Pause Young (Concurrent Start) (G1 Evacuation Pause) 409M->163M(512M) 6.749ms
[2023-10-31T02:38:26.604+0000][7][gc,cpu      ] GC(142) User=0.03s Sys=0.00s Real=0.00s
[2023-10-31T02:38:26.604+0000][7][gc          ] GC(143) Concurrent Mark Cycle
[2023-10-31T02:38:26.604+0000][7][safepoint   ] Safepoint "G1CollectForAllocation", Time since last: 3462015 ns, Reaching safepoint: 38321 ns, At safepoint: 6844569 ns, Total: 6882890 ns
[2023-10-31T02:38:26.604+0000][7][gc,marking  ] GC(143) Concurrent Clear Claimed Marks
[2023-10-31T02:38:26.604+0000][7][gc,marking  ] GC(143) Concurrent Clear Claimed Marks 0.120ms
[2023-10-31T02:38:26.604+0000][7][gc,marking  ] GC(143) Concurrent Scan Root Regions
[2023-10-31T02:38:26.606+0000][7][gc,marking  ] GC(143) Concurrent Scan Root Regions 1.957ms
[2023-10-31T02:38:26.606+0000][7][gc,marking  ] GC(143) Concurrent Mark
[2023-10-31T02:38:26.606+0000][7][gc,marking  ] GC(143) Concurrent Mark From Roots
[2023-10-31T02:38:26.606+0000][7][gc,task     ] GC(143) Using 2 workers of 2 for marking
[2023-10-31T02:38:26.665+0000][7][gc,marking  ] GC(143) Concurrent Mark From Roots 58.450ms
[2023-10-31T02:38:26.665+0000][7][gc,marking  ] GC(143) Concurrent Preclean
[2023-10-31T02:38:26.665+0000][7][gc,marking  ] GC(143) Concurrent Preclean 0.209ms
[2023-10-31T02:38:26.665+0000][7][gc,start    ] GC(143) Pause Remark
[2023-10-31T02:38:26.671+0000][7][gc          ] GC(143) Pause Remark 169M->169M(512M) 5.656ms
[2023-10-31T02:38:26.671+0000][7][gc,cpu      ] GC(143) User=0.04s Sys=0.00s Real=0.01s
[2023-10-31T02:38:26.671+0000][7][safepoint   ] Safepoint "G1Concurrent", Time since last: 60882753 ns, Reaching safepoint: 57455 ns, At safepoint: 5780140 ns, Total: 5837595 ns
[2023-10-31T02:38:26.671+0000][7][gc,marking  ] GC(143) Concurrent Mark 64.670ms
[2023-10-31T02:38:26.671+0000][7][gc,marking  ] GC(143) Concurrent Rebuild Remembered Sets
[2023-10-31T02:38:26.702+0000][7][gc,marking  ] GC(143) Concurrent Rebuild Remembered Sets 31.310ms
[2023-10-31T02:38:26.702+0000][7][gc,start    ] GC(143) Pause Cleanup
[2023-10-31T02:38:26.703+0000][7][gc          ] GC(143) Pause Cleanup 170M->170M(512M) 0.075ms
[2023-10-31T02:38:26.703+0000][7][gc,cpu      ] GC(143) User=0.00s Sys=0.00s Real=0.00s
[2023-10-31T02:38:26.703+0000][7][safepoint   ] Safepoint "G1Concurrent", Time since last: 31492295 ns, Reaching safepoint: 41964 ns, At safepoint: 182382 ns, Total: 224346 ns
[2023-10-31T02:38:26.703+0000][7][gc,marking  ] GC(143) Concurrent Cleanup for Next Mark
[2023-10-31T02:38:26.704+0000][7][gc,marking  ] GC(143) Concurrent Cleanup for Next Mark 1.143ms
[2023-10-31T02:38:26.704+0000][7][gc          ] GC(143) Concurrent Mark Cycle 99.696ms
[2023-10-31T02:38:32.704+0000][7][safepoint   ] Safepoint "Cleanup", Time since last: 6000987682 ns, Reaching safepoint: 87197 ns, At safepoint: 8384 ns, Total: 95581 ns
[2023-10-31T02:38:38.705+0000][7][safepoint   ] Safepoint "Cleanup", Time since last: 6000790183 ns, Reaching safepoint: 67856 ns, At safepoint: 5452 ns, Total: 73308 ns
[2023-10-31T02:38:41.304+0000][7][gc,start    ] GC(144) Pause Young (Normal) (G1 Evacuation Pause)
[2023-10-31T02:38:41.304+0000][7][gc,task     ] GC(144) Using 8 workers of 8 for evacuation
[2023-10-31T02:38:41.304+0000][7][gc,age      ] GC(144) Desired survivor size 18874368 bytes, new threshold 15 (max threshold 15)
[2023-10-31T02:38:41.308+0000][7][gc,age      ] GC(144) Age table with threshold 15 (max threshold 15)
[2023-10-31T02:38:41.308+0000][7][gc,age      ] GC(144) - age   1:    1400568 bytes,    1400568 total
[2023-10-31T02:38:41.308+0000][7][gc,age      ] GC(144) - age   2:    2936504 bytes,    4337072 total
[2023-10-31T02:38:41.308+0000][7][gc,age      ] GC(144) - age   3:     311208 bytes,    4648280 total
[2023-10-31T02:38:41.308+0000][7][gc,age      ] GC(144) - age   4:    1230552 bytes,    5878832 total
[2023-10-31T02:38:41.308+0000][7][gc,age      ] GC(144) - age   5:     625136 bytes,    6503968 total
[2023-10-31T02:38:41.308+0000][7][gc,age      ] GC(144) - age   6:     170064 bytes,    6674032 total
[2023-10-31T02:38:41.308+0000][7][gc,age      ] GC(144) - age   7:    1841928 bytes,    8515960 total
[2023-10-31T02:38:41.308+0000][7][gc,age      ] GC(144) - age   8:     233784 bytes,    8749744 total
[2023-10-31T02:38:41.308+0000][7][gc,age      ] GC(144) - age   9:     234984 bytes,    8984728 total
[2023-10-31T02:38:41.308+0000][7][gc,age      ] GC(144) - age  10:     201832 bytes,    9186560 total
[2023-10-31T02:38:41.308+0000][7][gc,age      ] GC(144) - age  11:     234176 bytes,    9420736 total
[2023-10-31T02:38:41.308+0000][7][gc,age      ] GC(144) - age  12:     245056 bytes,    9665792 total
[2023-10-31T02:38:41.308+0000][7][gc,age      ] GC(144) - age  13:     248832 bytes,    9914624 total
[2023-10-31T02:38:41.308+0000][7][gc,age      ] GC(144) - age  14:     382752 bytes,   10297376 total
[2023-10-31T02:38:41.308+0000][7][gc,age      ] GC(144) - age  15:     201056 bytes,   10498432 total
[2023-10-31T02:38:41.308+0000][7][gc,phases   ] GC(144)   Pre Evacuate Collection Set: 0.1ms
[2023-10-31T02:38:41.308+0000][7][gc,phases   ] GC(144)   Merge Heap Roots: 0.1ms
[2023-10-31T02:38:41.308+0000][7][gc,phases   ] GC(144)   Evacuate Collection Set: 3.2ms
[2023-10-31T02:38:41.308+0000][7][gc,phases   ] GC(144)   Post Evacuate Collection Set: 0.5ms
[2023-10-31T02:38:41.308+0000][7][gc,phases   ] GC(144)   Other: 0.2ms
[2023-10-31T02:38:41.308+0000][7][gc,heap     ] GC(144) Eden regions: 62->0(62)
[2023-10-31T02:38:41.308+0000][7][gc,heap     ] GC(144) Survivor regions: 3->3(9)
[2023-10-31T02:38:41.308+0000][7][gc,heap     ] GC(144) Old regions: 33->33
[2023-10-31T02:38:41.308+0000][7][gc,heap     ] GC(144) Archive regions: 2->2
[2023-10-31T02:38:41.308+0000][7][gc,heap     ] GC(144) Humongous regions: 5->5
[2023-10-31T02:38:41.308+0000][7][gc,metaspace] GC(144) Metaspace: 118331K(120320K)->118331K(120320K) NonClass: 102601K(103744K)->102601K(103744K) Class: 15730K(16576K)->15730K(16576K)
[2023-10-31T02:38:41.308+0000][7][gc          ] GC(144) Pause Young (Normal) (G1 Evacuation Pause) 411M->162M(512M) 4.085ms
[2023-10-31T02:38:41.308+0000][7][gc,cpu      ] GC(144) User=0.02s Sys=0.00s Real=0.01s
[2023-10-31T02:38:41.308+0000][7][safepoint   ] Safepoint "G1CollectForAllocation", Time since last: 2599297663 ns, Reaching safepoint: 66945 ns, At safepoint: 4142909 ns, Total: 4209854 ns
[2023-10-31T02:38:44.309+0000][7][safepoint   ] Safepoint "Cleanup", Time since last: 3000374364 ns, Reaching safepoint: 92766 ns, At safepoint: 10512 ns, Total: 103278 ns
[2023-10-31T02:38:45.309+0000][7][safepoint   ] Safepoint "Cleanup", Time since last: 1000094557 ns, Reaching safepoint: 44870 ns, At safepoint: 33519 ns, Total: 78389 ns
[2023-10-31T02:38:50.310+0000][7][safepoint   ] Safepoint "Cleanup", Time since last: 5000816844 ns, Reaching safepoint: 70671 ns, At safepoint: 4871 ns, Total: 75542 ns
[2023-10-31T02:38:51.310+0000][7][safepoint   ] Safepoint "Cleanup", Time since last: 1000158093 ns, Reaching safepoint: 50065 ns, At safepoint: 3818 ns, Total: 53883 ns
[2023-10-31T02:38:52.310+0000][7][safepoint   ] Safepoint "Cleanup", Time since last: 1000149438 ns, Reaching safepoint: 205303 ns, At safepoint: 7200 ns, Total: 212503 ns
[2023-10-31T02:38:53.310+0000][7][safepoint   ] Safepoint "Cleanup", Time since last: 1000109957 ns, Reaching safepoint: 115011 ns, At safepoint: 8519 ns, Total: 123530 ns
[2023-10-31T02:38:53.328+0000][7][gc,start    ] GC(145) Pause Young (Concurrent Start) (G1 Evacuation Pause)
[2023-10-31T02:38:53.328+0000][7][gc,task     ] GC(145) Using 8 workers of 8 for evacuation
[2023-10-31T02:38:53.328+0000][7][gc,age      ] GC(145) Desired survivor size 18874368 bytes, new threshold 15 (max threshold 15)
[2023-10-31T02:38:53.334+0000][7][gc,age      ] GC(145) Age table with threshold 15 (max threshold 15)
[2023-10-31T02:38:53.334+0000][7][gc,age      ] GC(145) - age   1:    3019832 bytes,    3019832 total
[2023-10-31T02:38:53.334+0000][7][gc,age      ] GC(145) - age   2:     303376 bytes,    3323208 total
[2023-10-31T02:38:53.334+0000][7][gc,age      ] GC(145) - age   3:    2929184 bytes,    6252392 total
[2023-10-31T02:38:53.334+0000][7][gc,age      ] GC(145) - age   4:     310952 bytes,    6563344 total
[2023-10-31T02:38:53.334+0000][7][gc,age      ] GC(145) - age   5:    1230392 bytes,    7793736 total
[2023-10-31T02:38:53.334+0000][7][gc,age      ] GC(145) - age   6:     625024 bytes,    8418760 total
[2023-10-31T02:38:53.334+0000][7][gc,age      ] GC(145) - age   7:     169968 bytes,    8588728 total
[2023-10-31T02:38:53.334+0000][7][gc,age      ] GC(145) - age   8:    1841928 bytes,   10430656 total
[2023-10-31T02:38:53.334+0000][7][gc,age      ] GC(145) - age   9:     233784 bytes,   10664440 total
[2023-10-31T02:38:53.334+0000][7][gc,age      ] GC(145) - age  10:     234984 bytes,   10899424 total
[2023-10-31T02:38:53.334+0000][7][gc,age      ] GC(145) - age  11:     201832 bytes,   11101256 total
[2023-10-31T02:38:53.334+0000][7][gc,age      ] GC(145) - age  12:     234176 bytes,   11335432 total
[2023-10-31T02:38:53.334+0000][7][gc,age      ] GC(145) - age  13:     245056 bytes,   11580488 total
[2023-10-31T02:38:53.334+0000][7][gc,age      ] GC(145) - age  14:     248832 bytes,   11829320 total
[2023-10-31T02:38:53.334+0000][7][gc,age      ] GC(145) - age  15:     382752 bytes,   12212072 total
[2023-10-31T02:38:53.334+0000][7][gc,phases   ] GC(145)   Pre Evacuate Collection Set: 0.2ms
[2023-10-31T02:38:53.334+0000][7][gc,phases   ] GC(145)   Merge Heap Roots: 0.1ms
[2023-10-31T02:38:53.334+0000][7][gc,phases   ] GC(145)   Evacuate Collection Set: 5.1ms
[2023-10-31T02:38:53.334+0000][7][gc,phases   ] GC(145)   Post Evacuate Collection Set: 0.9ms
[2023-10-31T02:38:53.334+0000][7][gc,phases   ] GC(145)   Other: 0.5ms
[2023-10-31T02:38:53.334+0000][7][gc,heap     ] GC(145) Eden regions: 62->0(60)
[2023-10-31T02:38:53.334+0000][7][gc,heap     ] GC(145) Survivor regions: 3->4(9)
[2023-10-31T02:38:53.334+0000][7][gc,heap     ] GC(145) Old regions: 33->33
[2023-10-31T02:38:53.334+0000][7][gc,heap     ] GC(145) Archive regions: 2->2
[2023-10-31T02:38:53.334+0000][7][gc,heap     ] GC(145) Humongous regions: 5->5
[2023-10-31T02:38:53.334+0000][7][gc,metaspace] GC(145) Metaspace: 118363K(120320K)->118363K(120320K) NonClass: 102630K(103744K)->102630K(103744K) Class: 15733K(16576K)->15733K(16576K)
[2023-10-31T02:38:53.334+0000][7][gc          ] GC(145) Pause Young (Concurrent Start) (G1 Evacuation Pause) 410M->165M(512M) 6.859ms
[2023-10-31T02:38:53.334+0000][7][gc,cpu      ] GC(145) User=0.03s Sys=0.00s Real=0.00s
[2023-10-31T02:38:53.334+0000][7][gc          ] GC(146) Concurrent Mark Cycle
[2023-10-31T02:38:53.334+0000][7][safepoint   ] Safepoint "G1CollectForAllocation", Time since last: 16979027 ns, Reaching safepoint: 103717 ns, At safepoint: 6981389 ns, Total: 7085106 ns
[2023-10-31T02:38:53.335+0000][7][gc,marking  ] GC(146) Concurrent Clear Claimed Marks
[2023-10-31T02:38:53.335+0000][7][gc,marking  ] GC(146) Concurrent Clear Claimed Marks 0.219ms
[2023-10-31T02:38:53.335+0000][7][gc,marking  ] GC(146) Concurrent Scan Root Regions
[2023-10-31T02:38:53.341+0000][7][gc,marking  ] GC(146) Concurrent Scan Root Regions 5.851ms
[2023-10-31T02:38:53.341+0000][7][gc,marking  ] GC(146) Concurrent Mark
[2023-10-31T02:38:53.341+0000][7][gc,marking  ] GC(146) Concurrent Mark From Roots
[2023-10-31T02:38:53.341+0000][7][gc,task     ] GC(146) Using 2 workers of 2 for marking
[2023-10-31T02:38:53.466+0000][7][gc,marking  ] GC(146) Concurrent Mark From Roots 125.314ms
[2023-10-31T02:38:53.466+0000][7][gc,marking  ] GC(146) Concurrent Preclean
[2023-10-31T02:38:53.466+0000][7][gc,marking  ] GC(146) Concurrent Preclean 0.387ms
[2023-10-31T02:38:53.467+0000][7][gc,start    ] GC(146) Pause Remark
[2023-10-31T02:38:53.475+0000][7][gc          ] GC(146) Pause Remark 211M->211M(512M) 8.484ms
[2023-10-31T02:38:53.475+0000][7][gc,cpu      ] GC(146) User=0.05s Sys=0.00s Real=0.00s
[2023-10-31T02:38:53.475+0000][7][safepoint   ] Safepoint "G1Concurrent", Time since last: 132008851 ns, Reaching safepoint: 122488 ns, At safepoint: 8603831 ns, Total: 8726319 ns
[2023-10-31T02:38:53.475+0000][7][gc,marking  ] GC(146) Concurrent Mark 134.591ms
[2023-10-31T02:38:53.475+0000][7][gc,marking  ] GC(146) Concurrent Rebuild Remembered Sets
[2023-10-31T02:38:53.516+0000][7][gc,marking  ] GC(146) Concurrent Rebuild Remembered Sets 40.949ms
[2023-10-31T02:38:53.516+0000][7][gc,start    ] GC(146) Pause Cleanup
[2023-10-31T02:38:53.516+0000][7][gc          ] GC(146) Pause Cleanup 213M->213M(512M) 0.067ms
[2023-10-31T02:38:53.516+0000][7][gc,cpu      ] GC(146) User=0.00s Sys=0.00s Real=0.00s
[2023-10-31T02:38:53.517+0000][7][safepoint   ] Safepoint "G1Concurrent", Time since last: 41100239 ns, Reaching safepoint: 50727 ns, At safepoint: 134514 ns, Total: 185241 ns
[2023-10-31T02:38:53.517+0000][7][gc,marking  ] GC(146) Concurrent Cleanup for Next Mark
[2023-10-31T02:38:53.517+0000][7][gc,marking  ] GC(146) Concurrent Cleanup for Next Mark 0.523ms
[2023-10-31T02:38:53.517+0000][7][gc          ] GC(146) Concurrent Mark Cycle 182.665ms
[2023-10-31T02:38:54.383+0000][7][safepoint   ] Safepoint "ICBufferFull", Time since last: 866395550 ns, Reaching safepoint: 252510 ns, At safepoint: 11378 ns, Total: 263888 ns
[2023-10-31T02:38:54.383+0000][7][safepoint   ] Safepoint "ICBufferFull", Time since last: 58183 ns, Reaching safepoint: 131885 ns, At safepoint: 3248 ns, Total: 135133 ns
[2023-10-31T02:38:54.575+0000][7][safepoint   ] Safepoint "ICBufferFull", Time since last: 191588188 ns, Reaching safepoint: 213723 ns, At safepoint: 29936 ns, Total: 243659 ns
[2023-10-31T02:38:54.758+0000][7][gc,start    ] GC(147) Pause Young (Prepare Mixed) (G1 Evacuation Pause)
[2023-10-31T02:38:54.758+0000][7][gc,task     ] GC(147) Using 8 workers of 8 for evacuation
[2023-10-31T02:38:54.758+0000][7][gc,age      ] GC(147) Desired survivor size 16777216 bytes, new threshold 15 (max threshold 15)
[2023-10-31T02:38:54.763+0000][7][gc,age      ] GC(147) Age table with threshold 15 (max threshold 15)
[2023-10-31T02:38:54.763+0000][7][gc,age      ] GC(147) - age   1:    1229368 bytes,    1229368 total
[2023-10-31T02:38:54.763+0000][7][gc,age      ] GC(147) - age   2:    1842128 bytes,    3071496 total
[2023-10-31T02:38:54.763+0000][7][gc,age      ] GC(147) - age   3:     267520 bytes,    3339016 total
[2023-10-31T02:38:54.763+0000][7][gc,age      ] GC(147) - age   4:    2892064 bytes,    6231080 total
[2023-10-31T02:38:54.763+0000][7][gc,age      ] GC(147) - age   5:     271328 bytes,    6502408 total
[2023-10-31T02:38:54.763+0000][7][gc,age      ] GC(147) - age   6:    1195456 bytes,    7697864 total
[2023-10-31T02:38:54.763+0000][7][gc,age      ] GC(147) - age   7:     340328 bytes,    8038192 total
[2023-10-31T02:38:54.763+0000][7][gc,age      ] GC(147) - age   8:     134296 bytes,    8172488 total
[2023-10-31T02:38:54.763+0000][7][gc,age      ] GC(147) - age   9:     264816 bytes,    8437304 total
[2023-10-31T02:38:54.763+0000][7][gc,age      ] GC(147) - age  10:     198920 bytes,    8636224 total
[2023-10-31T02:38:54.763+0000][7][gc,age      ] GC(147) - age  11:     199656 bytes,    8835880 total
[2023-10-31T02:38:54.763+0000][7][gc,age      ] GC(147) - age  12:     167040 bytes,    9002920 total
[2023-10-31T02:38:54.763+0000][7][gc,age      ] GC(147) - age  13:     198920 bytes,    9201840 total
[2023-10-31T02:38:54.763+0000][7][gc,age      ] GC(147) - age  14:     200008 bytes,    9401848 total
[2023-10-31T02:38:54.763+0000][7][gc,age      ] GC(147) - age  15:     199512 bytes,    9601360 total
[2023-10-31T02:38:54.763+0000][7][gc,phases   ] GC(147)   Pre Evacuate Collection Set: 0.1ms
[2023-10-31T02:38:54.763+0000][7][gc,phases   ] GC(147)   Merge Heap Roots: 0.1ms
[2023-10-31T02:38:54.763+0000][7][gc,phases   ] GC(147)   Evacuate Collection Set: 3.8ms
[2023-10-31T02:38:54.763+0000][7][gc,phases   ] GC(147)   Post Evacuate Collection Set: 0.6ms
[2023-10-31T02:38:54.763+0000][7][gc,phases   ] GC(147)   Other: 0.6ms
[2023-10-31T02:38:54.763+0000][7][gc,heap     ] GC(147) Eden regions: 60->0(3)
[2023-10-31T02:38:54.763+0000][7][gc,heap     ] GC(147) Survivor regions: 4->3(8)
[2023-10-31T02:38:54.763+0000][7][gc,heap     ] GC(147) Old regions: 33->33
[2023-10-31T02:38:54.763+0000][7][gc,heap     ] GC(147) Archive regions: 2->2
[2023-10-31T02:38:54.763+0000][7][gc,heap     ] GC(147) Humongous regions: 5->5
[2023-10-31T02:38:54.763+0000][7][gc,metaspace] GC(147) Metaspace: 118656K(120448K)->118656K(120448K) NonClass: 102866K(103872K)->102866K(103872K) Class: 15789K(16576K)->15789K(16576K)
[2023-10-31T02:38:54.763+0000][7][gc          ] GC(147) Pause Young (Prepare Mixed) (G1 Evacuation Pause) 405M->162M(512M) 5.302ms
[2023-10-31T02:38:54.763+0000][7][gc,cpu      ] GC(147) User=0.03s Sys=0.01s Real=0.00s
[2023-10-31T02:38:54.763+0000][7][safepoint   ] Safepoint "G1CollectForAllocation", Time since last: 182318386 ns, Reaching safepoint: 94088 ns, At safepoint: 5490636 ns, Total: 5584724 ns
[2023-10-31T02:38:55.118+0000][7][gc,start    ] GC(148) Pause Young (Mixed) (G1 Evacuation Pause)
[2023-10-31T02:38:55.118+0000][7][gc,task     ] GC(148) Using 8 workers of 8 for evacuation
[2023-10-31T02:38:55.118+0000][7][gc,age      ] GC(148) Desired survivor size 2097152 bytes, new threshold 2 (max threshold 15)
[2023-10-31T02:38:55.151+0000][7][gc,age      ] GC(148) Age table with threshold 2 (max threshold 15)
[2023-10-31T02:38:55.151+0000][7][gc,age      ] GC(148) - age   1:    1102512 bytes,    1102512 total
[2023-10-31T02:38:55.151+0000][7][gc,age      ] GC(148) - age   2:    1198008 bytes,    2300520 total
[2023-10-31T02:38:55.151+0000][7][gc,phases   ] GC(148)   Pre Evacuate Collection Set: 0.1ms
[2023-10-31T02:38:55.151+0000][7][gc,phases   ] GC(148)   Merge Heap Roots: 0.1ms
[2023-10-31T02:38:55.151+0000][7][gc,phases   ] GC(148)   Evacuate Collection Set: 31.5ms
[2023-10-31T02:38:55.151+0000][7][gc,phases   ] GC(148)   Post Evacuate Collection Set: 0.7ms
[2023-10-31T02:38:55.151+0000][7][gc,phases   ] GC(148)   Other: 0.2ms
[2023-10-31T02:38:55.151+0000][7][gc,heap     ] GC(148) Eden regions: 3->0(62)
[2023-10-31T02:38:55.151+0000][7][gc,heap     ] GC(148) Survivor regions: 3->1(1)
[2023-10-31T02:38:55.151+0000][7][gc,heap     ] GC(148) Old regions: 33->35
[2023-10-31T02:38:55.151+0000][7][gc,heap     ] GC(148) Archive regions: 2->2
[2023-10-31T02:38:55.151+0000][7][gc,heap     ] GC(148) Humongous regions: 5->5
[2023-10-31T02:38:55.151+0000][7][gc,metaspace] GC(148) Metaspace: 118666K(120448K)->118666K(120448K) NonClass: 102877K(103872K)->102877K(103872K) Class: 15789K(16576K)->15789K(16576K)
[2023-10-31T02:38:55.151+0000][7][gc          ] GC(148) Pause Young (Mixed) (G1 Evacuation Pause) 174M->162M(512M) 32.543ms
[2023-10-31T02:38:55.151+0000][7][gc,cpu      ] GC(148) User=0.04s Sys=0.00s Real=0.03s
[2023-10-31T02:38:55.151+0000][7][safepoint   ] Safepoint "G1CollectForAllocation", Time since last: 354869291 ns, Reaching safepoint: 133843 ns, At safepoint: 32613495 ns, Total: 32747338 ns
[2023-10-31T02:38:56.871+0000][7][safepoint   ] Safepoint "Cleanup", Time since last: 1720066170 ns, Reaching safepoint: 318383 ns, At safepoint: 7077 ns, Total: 325460 ns
[2023-10-31T02:38:57.871+0000][7][safepoint   ] Safepoint "Cleanup", Time since last: 1000227358 ns, Reaching safepoint: 150469 ns, At safepoint: 5165 ns, Total: 155634 ns
[2023-10-31T02:38:59.449+0000][7][gc,start    ] GC(149) Pause Young (Concurrent Start) (G1 Evacuation Pause)
[2023-10-31T02:38:59.450+0000][7][gc,task     ] GC(149) Using 8 workers of 8 for evacuation
[2023-10-31T02:38:59.450+0000][7][gc,age      ] GC(149) Desired survivor size 16777216 bytes, new threshold 15 (max threshold 15)
[2023-10-31T02:38:59.453+0000][7][gc,age      ] GC(149) Age table with threshold 15 (max threshold 15)
[2023-10-31T02:38:59.453+0000][7][gc,age      ] GC(149) - age   1:    2320456 bytes,    2320456 total
[2023-10-31T02:38:59.453+0000][7][gc,age      ] GC(149) - age   2:     567952 bytes,    2888408 total
[2023-10-31T02:38:59.453+0000][7][gc,age      ] GC(149) - age   3:    1017712 bytes,    3906120 total
[2023-10-31T02:38:59.453+0000][7][gc,phases   ] GC(149)   Pre Evacuate Collection Set: 0.2ms
[2023-10-31T02:38:59.453+0000][7][gc,phases   ] GC(149)   Merge Heap Roots: 0.1ms
[2023-10-31T02:38:59.453+0000][7][gc,phases   ] GC(149)   Evacuate Collection Set: 2.5ms
[2023-10-31T02:38:59.453+0000][7][gc,phases   ] GC(149)   Post Evacuate Collection Set: 0.7ms
[2023-10-31T02:38:59.453+0000][7][gc,phases   ] GC(149)   Other: 0.2ms
[2023-10-31T02:38:59.453+0000][7][gc,heap     ] GC(149) Eden regions: 62->0(62)
[2023-10-31T02:38:59.453+0000][7][gc,heap     ] GC(149) Survivor regions: 1->1(8)
[2023-10-31T02:38:59.453+0000][7][gc,heap     ] GC(149) Old regions: 35->35
[2023-10-31T02:38:59.453+0000][7][gc,heap     ] GC(149) Archive regions: 2->2
[2023-10-31T02:38:59.453+0000][7][gc,heap     ] GC(149) Humongous regions: 5->5
[2023-10-31T02:38:59.453+0000][7][gc,metaspace] GC(149) Metaspace: 118668K(120448K)->118668K(120448K) NonClass: 102878K(103872K)->102878K(103872K) Class: 15789K(16576K)->15789K(16576K)
[2023-10-31T02:38:59.453+0000][7][gc          ] GC(149) Pause Young (Concurrent Start) (G1 Evacuation Pause) 410M->163M(512M) 3.719ms
[2023-10-31T02:38:59.453+0000][7][gc,cpu      ] GC(149) User=0.02s Sys=0.01s Real=0.00s
[2023-10-31T02:38:59.453+0000][7][safepoint   ] Safepoint "G1CollectForAllocation", Time since last: 1577876666 ns, Reaching safepoint: 92006 ns, At safepoint: 3794732 ns, Total: 3886738 ns
[2023-10-31T02:38:59.453+0000][7][gc          ] GC(150) Concurrent Mark Cycle
[2023-10-31T02:38:59.453+0000][7][gc,marking  ] GC(150) Concurrent Clear Claimed Marks
[2023-10-31T02:38:59.453+0000][7][gc,marking  ] GC(150) Concurrent Clear Claimed Marks 0.127ms
[2023-10-31T02:38:59.453+0000][7][gc,marking  ] GC(150) Concurrent Scan Root Regions
[2023-10-31T02:38:59.456+0000][7][gc,marking  ] GC(150) Concurrent Scan Root Regions 2.960ms
[2023-10-31T02:38:59.456+0000][7][gc,marking  ] GC(150) Concurrent Mark
[2023-10-31T02:38:59.457+0000][7][gc,marking  ] GC(150) Concurrent Mark From Roots
[2023-10-31T02:38:59.457+0000][7][gc,task     ] GC(150) Using 2 workers of 2 for marking
[2023-10-31T02:38:59.544+0000][7][gc,marking  ] GC(150) Concurrent Mark From Roots 87.187ms
[2023-10-31T02:38:59.544+0000][7][gc,marking  ] GC(150) Concurrent Preclean
[2023-10-31T02:38:59.544+0000][7][gc,marking  ] GC(150) Concurrent Preclean 0.565ms
[2023-10-31T02:38:59.544+0000][7][gc,start    ] GC(150) Pause Remark
[2023-10-31T02:38:59.550+0000][7][gc          ] GC(150) Pause Remark 165M->165M(512M) 5.214ms
[2023-10-31T02:38:59.550+0000][7][gc,cpu      ] GC(150) User=0.03s Sys=0.00s Real=0.01s
[2023-10-31T02:38:59.550+0000][7][safepoint   ] Safepoint "G1Concurrent", Time since last: 91101185 ns, Reaching safepoint: 41034 ns, At safepoint: 5346551 ns, Total: 5387585 ns
[2023-10-31T02:38:59.550+0000][7][gc,marking  ] GC(150) Concurrent Mark 93.265ms
[2023-10-31T02:38:59.550+0000][7][gc,marking  ] GC(150) Concurrent Rebuild Remembered Sets
[2023-10-31T02:38:59.582+0000][7][gc,marking  ] GC(150) Concurrent Rebuild Remembered Sets 32.265ms
[2023-10-31T02:38:59.582+0000][7][gc,start    ] GC(150) Pause Cleanup
[2023-10-31T02:38:59.582+0000][7][gc          ] GC(150) Pause Cleanup 165M->165M(512M) 0.096ms
[2023-10-31T02:38:59.582+0000][7][gc,cpu      ] GC(150) User=0.00s Sys=0.00s Real=0.00s
[2023-10-31T02:38:59.582+0000][7][safepoint   ] Safepoint "G1Concurrent", Time since last: 32433022 ns, Reaching safepoint: 45611 ns, At safepoint: 154053 ns, Total: 199664 ns
[2023-10-31T02:38:59.582+0000][7][gc,marking  ] GC(150) Concurrent Cleanup for Next Mark
[2023-10-31T02:38:59.583+0000][7][gc,marking  ] GC(150) Concurrent Cleanup for Next Mark 0.620ms
[2023-10-31T02:38:59.583+0000][7][gc          ] GC(150) Concurrent Mark Cycle 129.844ms
[2023-10-31T02:39:00.583+0000][7][safepoint   ] Safepoint "Cleanup", Time since last: 1000076118 ns, Reaching safepoint: 70227 ns, At safepoint: 6618 ns, Total: 76845 ns
[2023-10-31T02:39:01.583+0000][7][safepoint   ] Safepoint "Cleanup", Time since last: 1000167889 ns, Reaching safepoint: 78445 ns, At safepoint: 3663 ns, Total: 82108 ns
[2023-10-31T02:39:02.583+0000][7][safepoint   ] Safepoint "Cleanup", Time since last: 1000125215 ns, Reaching safepoint: 70322 ns, At safepoint: 5481 ns, Total: 75803 ns
[2023-10-31T02:39:03.583+0000][7][safepoint   ] Safepoint "Cleanup", Time since last: 1000102611 ns, Reaching safepoint: 73242 ns, At safepoint: 33957 ns, Total: 107199 ns
[2023-10-31T02:39:05.336+0000][7][gc,start    ] GC(151) Pause Young (Prepare Mixed) (G1 Evacuation Pause)
[2023-10-31T02:39:05.336+0000][7][gc,task     ] GC(151) Using 8 workers of 8 for evacuation
[2023-10-31T02:39:05.336+0000][7][gc,age      ] GC(151) Desired survivor size 16777216 bytes, new threshold 15 (max threshold 15)
[2023-10-31T02:39:05.339+0000][7][gc,age      ] GC(151) Age table with threshold 15 (max threshold 15)
[2023-10-31T02:39:05.339+0000][7][gc,age      ] GC(151) - age   1:    2131424 bytes,    2131424 total
[2023-10-31T02:39:05.339+0000][7][gc,age      ] GC(151) - age   2:     859144 bytes,    2990568 total
[2023-10-31T02:39:05.339+0000][7][gc,age      ] GC(151) - age   3:     567296 bytes,    3557864 total
[2023-10-31T02:39:05.339+0000][7][gc,age      ] GC(151) - age   4:     676496 bytes,    4234360 total
[2023-10-31T02:39:05.339+0000][7][gc,phases   ] GC(151)   Pre Evacuate Collection Set: 0.1ms
[2023-10-31T02:39:05.339+0000][7][gc,phases   ] GC(151)   Merge Heap Roots: 0.0ms
[2023-10-31T02:39:05.339+0000][7][gc,phases   ] GC(151)   Evacuate Collection Set: 2.3ms
[2023-10-31T02:39:05.339+0000][7][gc,phases   ] GC(151)   Post Evacuate Collection Set: 0.5ms
[2023-10-31T02:39:05.339+0000][7][gc,phases   ] GC(151)   Other: 0.2ms
[2023-10-31T02:39:05.339+0000][7][gc,heap     ] GC(151) Eden regions: 62->0(4)
[2023-10-31T02:39:05.339+0000][7][gc,heap     ] GC(151) Survivor regions: 1->2(8)
[2023-10-31T02:39:05.339+0000][7][gc,heap     ] GC(151) Old regions: 35->35
[2023-10-31T02:39:05.339+0000][7][gc,heap     ] GC(151) Archive regions: 2->2
[2023-10-31T02:39:05.339+0000][7][gc,heap     ] GC(151) Humongous regions: 5->5
[2023-10-31T02:39:05.339+0000][7][gc,metaspace] GC(151) Metaspace: 118674K(120448K)->118674K(120448K) NonClass: 102884K(103872K)->102884K(103872K) Class: 15789K(16576K)->15789K(16576K)
[2023-10-31T02:39:05.339+0000][7][gc          ] GC(151) Pause Young (Prepare Mixed) (G1 Evacuation Pause) 411M->164M(512M) 3.146ms
[2023-10-31T02:39:05.339+0000][7][gc,cpu      ] GC(151) User=0.01s Sys=0.00s Real=0.01s
[2023-10-31T02:39:05.339+0000][7][safepoint   ] Safepoint "G1CollectForAllocation", Time since last: 1752843270 ns, Reaching safepoint: 70219 ns, At safepoint: 3205590 ns, Total: 3275809 ns
[2023-10-31T02:39:05.480+0000][7][gc,start    ] GC(152) Pause Young (Mixed) (G1 Evacuation Pause)
[2023-10-31T02:39:05.480+0000][7][gc,task     ] GC(152) Using 8 workers of 8 for evacuation
[2023-10-31T02:39:05.480+0000][7][gc,age      ] GC(152) Desired survivor size 2097152 bytes, new threshold 1 (max threshold 15)
[2023-10-31T02:39:05.500+0000][7][gc,age      ] GC(152) Age table with threshold 1 (max threshold 15)
[2023-10-31T02:39:05.500+0000][7][gc,age      ] GC(152) - age   1:     725104 bytes,     725104 total
[2023-10-31T02:39:05.500+0000][7][gc,phases   ] GC(152)   Pre Evacuate Collection Set: 0.1ms
[2023-10-31T02:39:05.500+0000][7][gc,phases   ] GC(152)   Merge Heap Roots: 0.0ms
[2023-10-31T02:39:05.500+0000][7][gc,phases   ] GC(152)   Evacuate Collection Set: 19.3ms
[2023-10-31T02:39:05.500+0000][7][gc,phases   ] GC(152)   Post Evacuate Collection Set: 0.5ms
[2023-10-31T02:39:05.500+0000][7][gc,phases   ] GC(152)   Other: 0.2ms
[2023-10-31T02:39:05.500+0000][7][gc,heap     ] GC(152) Eden regions: 4->0(68)
[2023-10-31T02:39:05.500+0000][7][gc,heap     ] GC(152) Survivor regions: 2->1(1)
[2023-10-31T02:39:05.500+0000][7][gc,heap     ] GC(152) Old regions: 35->29
[2023-10-31T02:39:05.500+0000][7][gc,heap     ] GC(152) Archive regions: 2->2
[2023-10-31T02:39:05.500+0000][7][gc,heap     ] GC(152) Humongous regions: 5->5
[2023-10-31T02:39:05.500+0000][7][gc,metaspace] GC(152) Metaspace: 118675K(120448K)->118675K(120448K) NonClass: 102885K(103872K)->102885K(103872K) Class: 15790K(16576K)->15790K(16576K)
[2023-10-31T02:39:05.500+0000][7][gc          ] GC(152) Pause Young (Mixed) (G1 Evacuation Pause) 180M->141M(512M) 20.163ms
[2023-10-31T02:39:05.501+0000][7][gc,cpu      ] GC(152) User=0.02s Sys=0.01s Real=0.02s
[2023-10-31T02:39:05.501+0000][7][safepoint   ] Safepoint "G1CollectForAllocation", Time since last: 140913944 ns, Reaching safepoint: 67038 ns, At safepoint: 20242899 ns, Total: 20309937 ns
[2023-10-31T02:39:08.501+0000][7][safepoint   ] Safepoint "Cleanup", Time since last: 3000551450 ns, Reaching safepoint: 55316 ns, At safepoint: 5754 ns, Total: 61070 ns
[2023-10-31T02:39:09.501+0000][7][safepoint   ] Safepoint "Cleanup", Time since last: 1000108172 ns, Reaching safepoint: 37660 ns, At safepoint: 5309 ns, Total: 42969 ns
[2023-10-31T02:39:10.502+0000][7][safepoint   ] Safepoint "Cleanup", Time since last: 1000282750 ns, Reaching safepoint: 154850 ns, At safepoint: 7058 ns, Total: 161908 ns
[2023-10-31T02:39:11.502+0000][7][safepoint   ] Safepoint "Cleanup", Time since last: 1000161432 ns, Reaching safepoint: 86912 ns, At safepoint: 7094 ns, Total: 94006 ns
[2023-10-31T02:39:13.582+0000][7][gc,start    ] GC(153) Pause Young (Normal) (G1 Evacuation Pause)
[2023-10-31T02:39:13.582+0000][7][gc,task     ] GC(153) Using 8 workers of 8 for evacuation
[2023-10-31T02:39:13.582+0000][7][gc,age      ] GC(153) Desired survivor size 18874368 bytes, new threshold 15 (max threshold 15)
[2023-10-31T02:39:13.584+0000][7][gc,age      ] GC(153) Age table with threshold 15 (max threshold 15)
[2023-10-31T02:39:13.584+0000][7][gc,age      ] GC(153) - age   1:    2220816 bytes,    2220816 total
[2023-10-31T02:39:13.584+0000][7][gc,age      ] GC(153) - age   2:      68296 bytes,    2289112 total
[2023-10-31T02:39:13.584+0000][7][gc,phases   ] GC(153)   Pre Evacuate Collection Set: 0.1ms
[2023-10-31T02:39:13.584+0000][7][gc,phases   ] GC(153)   Merge Heap Roots: 0.0ms
[2023-10-31T02:39:13.584+0000][7][gc,phases   ] GC(153)   Evacuate Collection Set: 1.4ms
[2023-10-31T02:39:13.584+0000][7][gc,phases   ] GC(153)   Post Evacuate Collection Set: 0.6ms
[2023-10-31T02:39:13.584+0000][7][gc,phases   ] GC(153)   Other: 0.2ms
[2023-10-31T02:39:13.584+0000][7][gc,heap     ] GC(153) Eden regions: 68->0(68)
[2023-10-31T02:39:13.584+0000][7][gc,heap     ] GC(153) Survivor regions: 1->1(9)
[2023-10-31T02:39:13.584+0000][7][gc,heap     ] GC(153) Old regions: 29->29
[2023-10-31T02:39:13.584+0000][7][gc,heap     ] GC(153) Archive regions: 2->2
[2023-10-31T02:39:13.584+0000][7][gc,heap     ] GC(153) Humongous regions: 5->5
[2023-10-31T02:39:13.584+0000][7][gc,metaspace] GC(153) Metaspace: 118676K(120448K)->118676K(120448K) NonClass: 102886K(103872K)->102886K(103872K) Class: 15790K(16576K)->15790K(16576K)
[2023-10-31T02:39:13.584+0000][7][gc          ] GC(153) Pause Young (Normal) (G1 Evacuation Pause) 412M->142M(512M) 2.440ms
[2023-10-31T02:39:13.584+0000][7][gc,cpu      ] GC(153) User=0.01s Sys=0.00s Real=0.00s
[2023-10-31T02:39:13.584+0000][7][safepoint   ] Safepoint "G1CollectForAllocation", Time since last: 2079557231 ns, Reaching safepoint: 102429 ns, At safepoint: 2510678 ns, Total: 2613107 ns
[2023-10-31T02:39:14.585+0000][7][safepoint   ] Safepoint "Cleanup", Time since last: 1000203733 ns, Reaching safepoint: 161283 ns, At safepoint: 6339 ns, Total: 167622 ns
[2023-10-31T02:39:17.585+0000][7][safepoint   ] Safepoint "Cleanup", Time since last: 3000288777 ns, Reaching safepoint: 124999 ns, At safepoint: 8323 ns, Total: 133322 ns
[2023-10-31T02:39:18.586+0000][7][safepoint   ] Safepoint "Cleanup", Time since last: 1000648954 ns, Reaching safepoint: 76542 ns, At safepoint: 6892 ns, Total: 83434 ns
[2023-10-31T02:39:18.684+0000][7][gc,start    ] GC(154) Pause Young (Normal) (G1 Evacuation Pause)
[2023-10-31T02:39:18.684+0000][7][gc,task     ] GC(154) Using 8 workers of 8 for evacuation
[2023-10-31T02:39:18.684+0000][7][gc,age      ] GC(154) Desired survivor size 18874368 bytes, new threshold 15 (max threshold 15)
[2023-10-31T02:39:18.686+0000][7][gc,age      ] GC(154) Age table with threshold 15 (max threshold 15)
[2023-10-31T02:39:18.686+0000][7][gc,age      ] GC(154) - age   1:    1628016 bytes,    1628016 total
[2023-10-31T02:39:18.686+0000][7][gc,age      ] GC(154) - age   2:     196616 bytes,    1824632 total
[2023-10-31T02:39:18.686+0000][7][gc,age      ] GC(154) - age   3:      67832 bytes,    1892464 total
[2023-10-31T02:39:18.686+0000][7][gc,phases   ] GC(154)   Pre Evacuate Collection Set: 0.1ms
[2023-10-31T02:39:18.686+0000][7][gc,phases   ] GC(154)   Merge Heap Roots: 0.0ms
[2023-10-31T02:39:18.686+0000][7][gc,phases   ] GC(154)   Evacuate Collection Set: 1.3ms
[2023-10-31T02:39:18.686+0000][7][gc,phases   ] GC(154)   Post Evacuate Collection Set: 0.4ms
[2023-10-31T02:39:18.686+0000][7][gc,phases   ] GC(154)   Other: 0.2ms
[2023-10-31T02:39:18.686+0000][7][gc,heap     ] GC(154) Eden regions: 68->0(68)
[2023-10-31T02:39:18.686+0000][7][gc,heap     ] GC(154) Survivor regions: 1->1(9)
[2023-10-31T02:39:18.686+0000][7][gc,heap     ] GC(154) Old regions: 29->29
[2023-10-31T02:39:18.686+0000][7][gc,heap     ] GC(154) Archive regions: 2->2
[2023-10-31T02:39:18.686+0000][7][gc,heap     ] GC(154) Humongous regions: 5->5
[2023-10-31T02:39:18.686+0000][7][gc,metaspace] GC(154) Metaspace: 118677K(120448K)->118677K(120448K) NonClass: 102887K(103872K)->102887K(103872K) Class: 15790K(16576K)->15790K(16576K)
[2023-10-31T02:39:18.686+0000][7][gc          ] GC(154) Pause Young (Normal) (G1 Evacuation Pause) 414M->141M(512M) 2.208ms
[2023-10-31T02:39:18.686+0000][7][gc,cpu      ] GC(154) User=0.02s Sys=0.00s Real=0.01s
[2023-10-31T02:39:18.687+0000][7][safepoint   ] Safepoint "G1CollectForAllocation", Time since last: 98470720 ns, Reaching safepoint: 30741 ns, At safepoint: 2303519 ns, Total: 2334260 ns
[2023-10-31T02:39:19.687+0000][7][safepoint   ] Safepoint "Cleanup", Time since last: 1000085460 ns, Reaching safepoint: 82399 ns, At safepoint: 4425 ns, Total: 86824 ns
[2023-10-31T02:39:20.687+0000][7][safepoint   ] Safepoint "Cleanup", Time since last: 1000119061 ns, Reaching safepoint: 94616 ns, At safepoint: 5608 ns, Total: 100224 ns
[2023-10-31T02:39:21.687+0000][7][safepoint   ] Safepoint "Cleanup", Time since last: 1000109372 ns, Reaching safepoint: 115274 ns, At safepoint: 8598 ns, Total: 123872 ns
[2023-10-31T02:39:22.687+0000][7][safepoint   ] Safepoint "Cleanup", Time since last: 1000115645 ns, Reaching safepoint: 84963 ns, At safepoint: 4379 ns, Total: 89342 ns
[2023-10-31T02:39:23.688+0000][7][safepoint   ] Safepoint "Cleanup", Time since last: 1000143606 ns, Reaching safepoint: 106723 ns, At safepoint: 6884 ns, Total: 113607 ns
[2023-10-31T02:39:25.688+0000][7][safepoint   ] Safepoint "Cleanup", Time since last: 2000376272 ns, Reaching safepoint: 85974 ns, At safepoint: 10183 ns, Total: 96157 ns
[2023-10-31T02:39:26.639+0000][7][gc,start    ] GC(155) Pause Young (Normal) (G1 Evacuation Pause)
[2023-10-31T02:39:26.639+0000][7][gc,task     ] GC(155) Using 8 workers of 8 for evacuation
[2023-10-31T02:39:26.639+0000][7][gc,age      ] GC(155) Desired survivor size 18874368 bytes, new threshold 15 (max threshold 15)
[2023-10-31T02:39:26.641+0000][7][gc,age      ] GC(155) Age table with threshold 15 (max threshold 15)
[2023-10-31T02:39:26.641+0000][7][gc,age      ] GC(155) - age   1:    1977736 bytes,    1977736 total
[2023-10-31T02:39:26.641+0000][7][gc,age      ] GC(155) - age   2:     489888 bytes,    2467624 total
[2023-10-31T02:39:26.641+0000][7][gc,age      ] GC(155) - age   3:      80056 bytes,    2547680 total
[2023-10-31T02:39:26.641+0000][7][gc,age      ] GC(155) - age   4:      67832 bytes,    2615512 total
[2023-10-31T02:39:26.641+0000][7][gc,phases   ] GC(155)   Pre Evacuate Collection Set: 0.1ms
[2023-10-31T02:39:26.641+0000][7][gc,phases   ] GC(155)   Merge Heap Roots: 0.0ms
[2023-10-31T02:39:26.641+0000][7][gc,phases   ] GC(155)   Evacuate Collection Set: 1.4ms
[2023-10-31T02:39:26.641+0000][7][gc,phases   ] GC(155)   Post Evacuate Collection Set: 0.4ms
[2023-10-31T02:39:26.641+0000][7][gc,phases   ] GC(155)   Other: 0.2ms
[2023-10-31T02:39:26.641+0000][7][gc,heap     ] GC(155) Eden regions: 68->0(68)
[2023-10-31T02:39:26.641+0000][7][gc,heap     ] GC(155) Survivor regions: 1->1(9)
[2023-10-31T02:39:26.641+0000][7][gc,heap     ] GC(155) Old regions: 29->29
[2023-10-31T02:39:26.642+0000][7][gc,heap     ] GC(155) Archive regions: 2->2
[2023-10-31T02:39:26.642+0000][7][gc,heap     ] GC(155) Humongous regions: 5->5
[2023-10-31T02:39:26.642+0000][7][gc,metaspace] GC(155) Metaspace: 118687K(120448K)->118687K(120448K) NonClass: 102897K(103872K)->102897K(103872K) Class: 15790K(16576K)->15790K(16576K)
[2023-10-31T02:39:26.642+0000][7][gc          ] GC(155) Pause Young (Normal) (G1 Evacuation Pause) 413M->142M(512M) 2.236ms
[2023-10-31T02:39:26.642+0000][7][gc,cpu      ] GC(155) User=0.01s Sys=0.00s Real=0.00s
[2023-10-31T02:39:26.642+0000][7][safepoint   ] Safepoint "G1CollectForAllocation", Time since last: 951089121 ns, Reaching safepoint: 84526 ns, At safepoint: 2321903 ns, Total: 2406429 ns
[2023-10-31T02:39:27.642+0000][7][safepoint   ] Safepoint "Cleanup", Time since last: 1000099030 ns, Reaching safepoint: 78372 ns, At safepoint: 7400 ns, Total: 85772 ns
[2023-10-31T02:39:29.643+0000][7][safepoint   ] Safepoint "Cleanup", Time since last: 2000841695 ns, Reaching safepoint: 83503 ns, At safepoint: 9792 ns, Total: 93295 ns
[2023-10-31T02:39:30.643+0000][7][safepoint   ] Safepoint "Cleanup", Time since last: 1000162715 ns, Reaching safepoint: 67420 ns, At safepoint: 11992 ns, Total: 79412 ns
[2023-10-31T02:39:33.643+0000][7][safepoint   ] Safepoint "Cleanup", Time since last: 3000472655 ns, Reaching safepoint: 95246 ns, At safepoint: 5166 ns, Total: 100412 ns
[2023-10-31T02:39:38.645+0000][7][safepoint   ] Safepoint "Cleanup", Time since last: 5001236844 ns, Reaching safepoint: 202271 ns, At safepoint: 7993 ns, Total: 210264 ns
[2023-10-31T02:39:39.645+0000][7][safepoint   ] Safepoint "Cleanup", Time since last: 1000101092 ns, Reaching safepoint: 43925 ns, At safepoint: 4481 ns, Total: 48406 ns
[2023-10-31T02:39:44.266+0000][7][gc,start    ] GC(156) Pause Young (Normal) (G1 Evacuation Pause)
[2023-10-31T02:39:44.267+0000][7][gc,task     ] GC(156) Using 8 workers of 8 for evacuation
[2023-10-31T02:39:44.267+0000][7][gc,age      ] GC(156) Desired survivor size 18874368 bytes, new threshold 15 (max threshold 15)
[2023-10-31T02:39:44.274+0000][7][gc,age      ] GC(156) Age table with threshold 15 (max threshold 15)
[2023-10-31T02:39:44.274+0000][7][gc,age      ] GC(156) - age   1:    1114320 bytes,    1114320 total
[2023-10-31T02:39:44.274+0000][7][gc,age      ] GC(156) - age   2:    1142664 bytes,    2256984 total
[2023-10-31T02:39:44.274+0000][7][gc,age      ] GC(156) - age   3:     381064 bytes,    2638048 total
[2023-10-31T02:39:44.274+0000][7][gc,age      ] GC(156) - age   4:      64072 bytes,    2702120 total
[2023-10-31T02:39:44.274+0000][7][gc,age      ] GC(156) - age   5:      67832 bytes,    2769952 total
[2023-10-31T02:39:44.274+0000][7][gc,phases   ] GC(156)   Pre Evacuate Collection Set: 0.1ms
[2023-10-31T02:39:44.274+0000][7][gc,phases   ] GC(156)   Merge Heap Roots: 0.6ms
[2023-10-31T02:39:44.274+0000][7][gc,phases   ] GC(156)   Evacuate Collection Set: 3.7ms
[2023-10-31T02:39:44.274+0000][7][gc,phases   ] GC(156)   Post Evacuate Collection Set: 2.7ms
[2023-10-31T02:39:44.274+0000][7][gc,phases   ] GC(156)   Other: 2.8ms
[2023-10-31T02:39:44.274+0000][7][gc,heap     ] GC(156) Eden regions: 68->0(69)
[2023-10-31T02:39:44.274+0000][7][gc,heap     ] GC(156) Survivor regions: 1->1(9)
[2023-10-31T02:39:44.274+0000][7][gc,heap     ] GC(156) Old regions: 29->29
[2023-10-31T02:39:44.274+0000][7][gc,heap     ] GC(156) Archive regions: 2->2
[2023-10-31T02:39:44.274+0000][7][gc,heap     ] GC(156) Humongous regions: 5->5
[2023-10-31T02:39:44.275+0000][7][gc,metaspace] GC(156) Metaspace: 118695K(120448K)->118695K(120448K) NonClass: 102905K(103872K)->102905K(103872K) Class: 15790K(16576K)->15790K(16576K)
[2023-10-31T02:39:44.275+0000][7][gc          ] GC(156) Pause Young (Normal) (G1 Evacuation Pause) 414M->142M(512M) 8.737ms
[2023-10-31T02:39:44.275+0000][7][gc,cpu      ] GC(156) User=0.02s Sys=0.00s Real=0.01s
[2023-10-31T02:39:44.275+0000][7][safepoint   ] Safepoint "G1CollectForAllocation", Time since last: 4616088656 ns, Reaching safepoint: 2604577 ns, At safepoint: 10995187 ns, Total: 13599764 ns
[2023-10-31T02:39:55.277+0000][7][safepoint   ] Safepoint "Cleanup", Time since last: 11001879345 ns, Reaching safepoint: 79404 ns, At safepoint: 11770 ns, Total: 91174 ns
[2023-10-31T02:39:56.277+0000][7][safepoint   ] Safepoint "Cleanup", Time since last: 1000095461 ns, Reaching safepoint: 35965 ns, At safepoint: 6087 ns, Total: 42052 ns
[2023-10-31T02:40:01.727+0000][7][gc,start    ] GC(157) Pause Young (Normal) (G1 Evacuation Pause)
[2023-10-31T02:40:01.727+0000][7][gc,task     ] GC(157) Using 8 workers of 8 for evacuation
[2023-10-31T02:40:01.727+0000][7][gc,age      ] GC(157) Desired survivor size 18874368 bytes, new threshold 15 (max threshold 15)
[2023-10-31T02:40:01.729+0000][7][gc,age      ] GC(157) Age table with threshold 15 (max threshold 15)
[2023-10-31T02:40:01.729+0000][7][gc,age      ] GC(157) - age   1:    1171304 bytes,    1171304 total
[2023-10-31T02:40:01.729+0000][7][gc,age      ] GC(157) - age   2:     436312 bytes,    1607616 total
[2023-10-31T02:40:01.729+0000][7][gc,age      ] GC(157) - age   3:    1069872 bytes,    2677488 total
[2023-10-31T02:40:01.729+0000][7][gc,age      ] GC(157) - age   4:     276736 bytes,    2954224 total
[2023-10-31T02:40:01.729+0000][7][gc,age      ] GC(157) - age   5:      63880 bytes,    3018104 total
[2023-10-31T02:40:01.729+0000][7][gc,age      ] GC(157) - age   6:      67768 bytes,    3085872 total
[2023-10-31T02:40:01.729+0000][7][gc,phases   ] GC(157)   Pre Evacuate Collection Set: 0.1ms
[2023-10-31T02:40:01.729+0000][7][gc,phases   ] GC(157)   Merge Heap Roots: 0.0ms
[2023-10-31T02:40:01.729+0000][7][gc,phases   ] GC(157)   Evacuate Collection Set: 1.5ms
[2023-10-31T02:40:01.729+0000][7][gc,phases   ] GC(157)   Post Evacuate Collection Set: 0.5ms
[2023-10-31T02:40:01.729+0000][7][gc,phases   ] GC(157)   Other: 0.3ms
[2023-10-31T02:40:01.729+0000][7][gc,heap     ] GC(157) Eden regions: 69->0(69)
[2023-10-31T02:40:01.729+0000][7][gc,heap     ] GC(157) Survivor regions: 1->1(9)
[2023-10-31T02:40:01.730+0000][7][gc,heap     ] GC(157) Old regions: 29->29
[2023-10-31T02:40:01.730+0000][7][gc,heap     ] GC(157) Archive regions: 2->2
[2023-10-31T02:40:01.730+0000][7][gc,heap     ] GC(157) Humongous regions: 5->5
[2023-10-31T02:40:01.730+0000][7][gc,metaspace] GC(157) Metaspace: 118696K(120448K)->118696K(120448K) NonClass: 102906K(103872K)->102906K(103872K) Class: 15790K(16576K)->15790K(16576K)
[2023-10-31T02:40:01.730+0000][7][gc          ] GC(157) Pause Young (Normal) (G1 Evacuation Pause) 418M->142M(512M) 2.456ms
[2023-10-31T02:40:01.730+0000][7][gc,cpu      ] GC(157) User=0.01s Sys=0.00s Real=0.00s
[2023-10-31T02:40:01.730+0000][7][safepoint   ] Safepoint "G1CollectForAllocation", Time since last: 5450103877 ns, Reaching safepoint: 33645 ns, At safepoint: 2554069 ns, Total: 2587714 ns
[2023-10-31T02:40:02.767+0000][7][safepoint   ] Safepoint "Cleanup", Time since last: 1037524724 ns, Reaching safepoint: 23321 ns, At safepoint: 9089 ns, Total: 32410 ns
[2023-10-31T02:40:03.767+0000][7][safepoint   ] Safepoint "Cleanup", Time since last: 1000104968 ns, Reaching safepoint: 130481 ns, At safepoint: 33004 ns, Total: 163485 ns
[2023-10-31T02:40:04.768+0000][7][safepoint   ] Safepoint "Cleanup", Time since last: 1000129695 ns, Reaching safepoint: 59468 ns, At safepoint: 9064 ns, Total: 68532 ns
[2023-10-31T02:40:09.775+0000][7][safepoint   ] Safepoint "Cleanup", Time since last: 5007227508 ns, Reaching safepoint: 65593 ns, At safepoint: 6877 ns, Total: 72470 ns
[2023-10-31T02:40:14.776+0000][7][safepoint   ] Safepoint "Cleanup", Time since last: 5000778400 ns, Reaching safepoint: 100941 ns, At safepoint: 7361 ns, Total: 108302 ns
[2023-10-31T02:40:15.404+0000][7][gc,heap,exit] Heap
[2023-10-31T02:40:15.404+0000][7][gc,heap,exit]  garbage-first heap   total 524288K, used 317838K [0x00000000e0000000, 0x0000000100000000)
[2023-10-31T02:40:15.404+0000][7][gc,heap,exit]   region size 4096K, 43 young (176128K), 1 survivors (4096K)
[2023-10-31T02:40:15.404+0000][7][gc,heap,exit]  Metaspace       used 118869K, committed 120576K, reserved 1155072K
[2023-10-31T02:40:15.404+0000][7][gc,heap,exit]   class space    used 15836K, committed 16576K, reserved 1048576K
