[2023-11-16T05:20:12.583+0000][7][gc] Using G1
[2023-11-16T05:20:12.694+0000][7][gc,init] Version: 17.0.1+12 (release)
[2023-11-16T05:20:12.694+0000][7][gc,init] CPUs: 8 total, 8 available
[2023-11-16T05:20:12.694+0000][7][gc,init] Memory: 7659M
[2023-11-16T05:20:12.694+0000][7][gc,init] Large Page Support: Disabled
[2023-11-16T05:20:12.694+0000][7][gc,init] NUMA Support: Disabled
[2023-11-16T05:20:12.695+0000][7][gc,init] Compressed Oops: Enabled (32-bit)
[2023-11-16T05:20:12.695+0000][7][gc,init] Heap Region Size: 4M
[2023-11-16T05:20:12.695+0000][7][gc,init] Heap Min Capacity: 512M
[2023-11-16T05:20:12.695+0000][7][gc,init] Heap Initial Capacity: 512M
[2023-11-16T05:20:12.695+0000][7][gc,init] Heap Max Capacity: 512M
[2023-11-16T05:20:12.695+0000][7][gc,init] Pre-touch: Enabled
[2023-11-16T05:20:12.695+0000][7][gc,init] Parallel Workers: 8
[2023-11-16T05:20:12.695+0000][7][gc,init] Concurrent Workers: 2
[2023-11-16T05:20:12.695+0000][7][gc,init] Concurrent Refinement Workers: 8
[2023-11-16T05:20:12.695+0000][7][gc,init] Periodic GC: Disabled
[2023-11-16T05:20:12.695+0000][7][gc,metaspace] CDS archive(s) mapped at: [0x0000000800000000-0x0000000800bd1000-0x0000000800bd1000), size 12390400, SharedBaseAddress: 0x0000000800000000, ArchiveRelocationMode: 0.
[2023-11-16T05:20:12.695+0000][7][gc,metaspace] Compressed class space mapped at: 0x0000000800c00000-0x0000000840c00000, reserved size: 1073741824
[2023-11-16T05:20:12.695+0000][7][gc,metaspace] Narrow klass base: 0x0000000800000000, Narrow klass shift: 0, Narrow klass range: 0x100000000
[2023-11-16T05:20:13.936+0000][7][safepoint   ] Safepoint "Cleanup", Time since last: 1233566882 ns, Reaching safepoint: 138163 ns, At safepoint: 9131 ns, Total: 147294 ns
[2023-11-16T05:20:14.609+0000][7][gc,start    ] GC(0) Pause Young (Normal) (G1 Evacuation Pause)
[2023-11-16T05:20:14.609+0000][7][gc,task     ] GC(0) Using 8 workers of 8 for evacuation
[2023-11-16T05:20:14.609+0000][7][gc,age      ] GC(0) Desired survivor size 2097152 bytes, new threshold 15 (max threshold 15)
[2023-11-16T05:20:14.623+0000][7][gc,age      ] GC(0) Age table with threshold 15 (max threshold 15)
[2023-11-16T05:20:14.623+0000][7][gc,age      ] GC(0) - age   1:    4077912 bytes,    4077912 total
[2023-11-16T05:20:14.623+0000][7][gc,phases   ] GC(0)   Pre Evacuate Collection Set: 0.1ms
[2023-11-16T05:20:14.623+0000][7][gc,phases   ] GC(0)   Merge Heap Roots: 0.1ms
[2023-11-16T05:20:14.623+0000][7][gc,phases   ] GC(0)   Evacuate Collection Set: 12.7ms
[2023-11-16T05:20:14.623+0000][7][gc,phases   ] GC(0)   Post Evacuate Collection Set: 0.9ms
[2023-11-16T05:20:14.623+0000][7][gc,phases   ] GC(0)   Other: 0.3ms
[2023-11-16T05:20:14.623+0000][7][gc,heap     ] GC(0) Eden regions: 6->0(6)
[2023-11-16T05:20:14.623+0000][7][gc,heap     ] GC(0) Survivor regions: 0->1(1)
[2023-11-16T05:20:14.623+0000][7][gc,heap     ] GC(0) Old regions: 0->0
[2023-11-16T05:20:14.623+0000][7][gc,heap     ] GC(0) Archive regions: 2->2
[2023-11-16T05:20:14.623+0000][7][gc,heap     ] GC(0) Humongous regions: 0->0
[2023-11-16T05:20:14.623+0000][7][gc,metaspace] GC(0) Metaspace: 7516K(7680K)->7516K(7680K) NonClass: 6647K(6720K)->6647K(6720K) Class: 868K(960K)->868K(960K)
[2023-11-16T05:20:14.623+0000][7][gc          ] GC(0) Pause Young (Normal) (G1 Evacuation Pause) 27M->7M(512M) 14.050ms
[2023-11-16T05:20:14.623+0000][7][gc,cpu      ] GC(0) User=0.02s Sys=0.00s Real=0.01s
[2023-11-16T05:20:14.623+0000][7][safepoint   ] Safepoint "G1CollectForAllocation", Time since last: 655815834 ns, Reaching safepoint: 223583 ns, At safepoint: 31320036 ns, Total: 31543619 ns
[2023-11-16T05:20:16.066+0000][7][safepoint   ] Safepoint "Cleanup", Time since last: 1442994225 ns, Reaching safepoint: 177443 ns, At safepoint: 9137 ns, Total: 186580 ns
[2023-11-16T05:20:17.140+0000][7][gc,start    ] GC(1) Pause Young (Normal) (G1 Evacuation Pause)
[2023-11-16T05:20:17.140+0000][7][gc,task     ] GC(1) Using 8 workers of 8 for evacuation
[2023-11-16T05:20:17.140+0000][7][gc,age      ] GC(1) Desired survivor size 2097152 bytes, new threshold 1 (max threshold 15)
[2023-11-16T05:20:17.155+0000][7][gc,age      ] GC(1) Age table with threshold 1 (max threshold 15)
[2023-11-16T05:20:17.155+0000][7][gc,age      ] GC(1) - age   1:    2360624 bytes,    2360624 total
[2023-11-16T05:20:17.156+0000][7][gc,phases   ] GC(1)   Pre Evacuate Collection Set: 0.1ms
[2023-11-16T05:20:17.156+0000][7][gc,phases   ] GC(1)   Merge Heap Roots: 0.1ms
[2023-11-16T05:20:17.156+0000][7][gc,phases   ] GC(1)   Evacuate Collection Set: 14.0ms
[2023-11-16T05:20:17.156+0000][7][gc,phases   ] GC(1)   Post Evacuate Collection Set: 1.0ms
[2023-11-16T05:20:17.156+0000][7][gc,phases   ] GC(1)   Other: 0.5ms
[2023-11-16T05:20:17.156+0000][7][gc,heap     ] GC(1) Eden regions: 6->0(16)
[2023-11-16T05:20:17.156+0000][7][gc,heap     ] GC(1) Survivor regions: 1->1(1)
[2023-11-16T05:20:17.156+0000][7][gc,heap     ] GC(1) Old regions: 0->1
[2023-11-16T05:20:17.156+0000][7][gc,heap     ] GC(1) Archive regions: 2->2
[2023-11-16T05:20:17.156+0000][7][gc,heap     ] GC(1) Humongous regions: 0->0
[2023-11-16T05:20:17.156+0000][7][gc,metaspace] GC(1) Metaspace: 12313K(12544K)->12313K(12544K) NonClass: 10819K(10944K)->10819K(10944K) Class: 1494K(1600K)->1494K(1600K)
[2023-11-16T05:20:17.156+0000][7][gc          ] GC(1) Pause Young (Normal) (G1 Evacuation Pause) 31M->10M(512M) 15.716ms
[2023-11-16T05:20:17.156+0000][7][gc,cpu      ] GC(1) User=0.03s Sys=0.00s Real=0.01s
[2023-11-16T05:20:17.156+0000][7][safepoint   ] Safepoint "G1CollectForAllocation", Time since last: 1073552164 ns, Reaching safepoint: 170902 ns, At safepoint: 15818013 ns, Total: 15988915 ns
[2023-11-16T05:20:18.513+0000][7][safepoint   ] Safepoint "Cleanup", Time since last: 1355982254 ns, Reaching safepoint: 1747103 ns, At safepoint: 31741 ns, Total: 1778844 ns
[2023-11-16T05:20:19.514+0000][7][safepoint   ] Safepoint "Cleanup", Time since last: 1000159377 ns, Reaching safepoint: 232769 ns, At safepoint: 10945 ns, Total: 243714 ns
[2023-11-16T05:20:19.576+0000][7][gc,start    ] GC(2) Pause Young (Normal) (G1 Evacuation Pause)
[2023-11-16T05:20:19.576+0000][7][gc,task     ] GC(2) Using 8 workers of 8 for evacuation
[2023-11-16T05:20:19.576+0000][7][gc,age      ] GC(2) Desired survivor size 6291456 bytes, new threshold 15 (max threshold 15)
[2023-11-16T05:20:19.617+0000][7][gc,age      ] GC(2) Age table with threshold 15 (max threshold 15)
[2023-11-16T05:20:19.617+0000][7][gc,age      ] GC(2) - age   1:    2793224 bytes,    2793224 total
[2023-11-16T05:20:19.617+0000][7][gc,age      ] GC(2) - age   2:    2326240 bytes,    5119464 total
[2023-11-16T05:20:19.617+0000][7][gc,phases   ] GC(2)   Pre Evacuate Collection Set: 2.0ms
[2023-11-16T05:20:19.618+0000][7][gc,phases   ] GC(2)   Merge Heap Roots: 0.1ms
[2023-11-16T05:20:19.618+0000][7][gc,phases   ] GC(2)   Evacuate Collection Set: 37.7ms
[2023-11-16T05:20:19.618+0000][7][gc,phases   ] GC(2)   Post Evacuate Collection Set: 0.9ms
[2023-11-16T05:20:19.618+0000][7][gc,phases   ] GC(2)   Other: 4.1ms
[2023-11-16T05:20:19.618+0000][7][gc,heap     ] GC(2) Eden regions: 16->0(74)
[2023-11-16T05:20:19.618+0000][7][gc,heap     ] GC(2) Survivor regions: 1->2(3)
[2023-11-16T05:20:19.618+0000][7][gc,heap     ] GC(2) Old regions: 1->1
[2023-11-16T05:20:19.618+0000][7][gc,heap     ] GC(2) Archive regions: 2->2
[2023-11-16T05:20:19.618+0000][7][gc,heap     ] GC(2) Humongous regions: 0->0
[2023-11-16T05:20:19.618+0000][7][gc,metaspace] GC(2) Metaspace: 14367K(14592K)->14367K(14592K) NonClass: 12693K(12800K)->12693K(12800K) Class: 1673K(1792K)->1673K(1792K)
[2023-11-16T05:20:19.618+0000][7][gc          ] GC(2) Pause Young (Normal) (G1 Evacuation Pause) 74M->12M(512M) 41.525ms
[2023-11-16T05:20:19.618+0000][7][gc,cpu      ] GC(2) User=0.10s Sys=0.00s Real=0.04s
[2023-11-16T05:20:19.618+0000][7][safepoint   ] Safepoint "G1CollectForAllocation", Time since last: 58663454 ns, Reaching safepoint: 91276 ns, At safepoint: 45529684 ns, Total: 45620960 ns
[2023-11-16T05:20:21.091+0000][7][safepoint   ] Safepoint "Cleanup", Time since last: 1467694380 ns, Reaching safepoint: 4649327 ns, At safepoint: 13605 ns, Total: 4662932 ns
[2023-11-16T05:20:21.365+0000][7][safepoint   ] Safepoint "ICBufferFull", Time since last: 271612080 ns, Reaching safepoint: 3316637 ns, At safepoint: 16037 ns, Total: 3332674 ns
[2023-11-16T05:20:21.370+0000][7][safepoint   ] Safepoint "ICBufferFull", Time since last: 4262757 ns, Reaching safepoint: 92139 ns, At safepoint: 6633 ns, Total: 98772 ns
[2023-11-16T05:20:21.373+0000][7][safepoint   ] Safepoint "ICBufferFull", Time since last: 3069565 ns, Reaching safepoint: 79683 ns, At safepoint: 4787 ns, Total: 84470 ns
[2023-11-16T05:20:21.374+0000][7][safepoint   ] Safepoint "ICBufferFull", Time since last: 1211858 ns, Reaching safepoint: 81294 ns, At safepoint: 7933 ns, Total: 89227 ns
[2023-11-16T05:20:21.377+0000][7][safepoint   ] Safepoint "ICBufferFull", Time since last: 2844530 ns, Reaching safepoint: 91187 ns, At safepoint: 5562 ns, Total: 96749 ns
[2023-11-16T05:20:23.225+0000][7][safepoint   ] Safepoint "Cleanup", Time since last: 1840217283 ns, Reaching safepoint: 7703292 ns, At safepoint: 48742 ns, Total: 7752034 ns
[2023-11-16T05:20:24.226+0000][7][safepoint   ] Safepoint "Cleanup", Time since last: 1000268739 ns, Reaching safepoint: 112237 ns, At safepoint: 6876 ns, Total: 119113 ns
[2023-11-16T05:20:24.401+0000][7][gc,start    ] GC(3) Pause Young (Normal) (G1 Evacuation Pause)
[2023-11-16T05:20:24.401+0000][7][gc,task     ] GC(3) Using 8 workers of 8 for evacuation
[2023-11-16T05:20:24.401+0000][7][gc,age      ] GC(3) Desired survivor size 20971520 bytes, new threshold 15 (max threshold 15)
[2023-11-16T05:20:24.426+0000][7][gc,age      ] GC(3) Age table with threshold 15 (max threshold 15)
[2023-11-16T05:20:24.426+0000][7][gc,age      ] GC(3) - age   1:    5243488 bytes,    5243488 total
[2023-11-16T05:20:24.426+0000][7][gc,age      ] GC(3) - age   2:    1168512 bytes,    6412000 total
[2023-11-16T05:20:24.426+0000][7][gc,age      ] GC(3) - age   3:    2314760 bytes,    8726760 total
[2023-11-16T05:20:24.426+0000][7][gc,phases   ] GC(3)   Pre Evacuate Collection Set: 0.1ms
[2023-11-16T05:20:24.426+0000][7][gc,phases   ] GC(3)   Merge Heap Roots: 0.1ms
[2023-11-16T05:20:24.426+0000][7][gc,phases   ] GC(3)   Evacuate Collection Set: 23.7ms
[2023-11-16T05:20:24.426+0000][7][gc,phases   ] GC(3)   Post Evacuate Collection Set: 0.9ms
[2023-11-16T05:20:24.426+0000][7][gc,phases   ] GC(3)   Other: 0.3ms
[2023-11-16T05:20:24.426+0000][7][gc,heap     ] GC(3) Eden regions: 74->0(73)
[2023-11-16T05:20:24.426+0000][7][gc,heap     ] GC(3) Survivor regions: 2->3(10)
[2023-11-16T05:20:24.426+0000][7][gc,heap     ] GC(3) Old regions: 1->1
[2023-11-16T05:20:24.426+0000][7][gc,heap     ] GC(3) Archive regions: 2->2
[2023-11-16T05:20:24.426+0000][7][gc,heap     ] GC(3) Humongous regions: 0->0
[2023-11-16T05:20:24.426+0000][7][gc,metaspace] GC(3) Metaspace: 17577K(17856K)->17577K(17856K) NonClass: 15443K(15616K)->15443K(15616K) Class: 2134K(2240K)->2134K(2240K)
[2023-11-16T05:20:24.426+0000][7][gc          ] GC(3) Pause Young (Normal) (G1 Evacuation Pause) 308M->16M(512M) 25.165ms
[2023-11-16T05:20:24.426+0000][7][gc,cpu      ] GC(3) User=0.03s Sys=0.00s Real=0.02s
[2023-11-16T05:20:24.426+0000][7][safepoint   ] Safepoint "G1CollectForAllocation", Time since last: 175505088 ns, Reaching safepoint: 141138 ns, At safepoint: 25261112 ns, Total: 25402250 ns
[2023-11-16T05:20:25.429+0000][7][safepoint   ] Safepoint "Cleanup", Time since last: 1000101262 ns, Reaching safepoint: 2719120 ns, At safepoint: 11866 ns, Total: 2730986 ns
[2023-11-16T05:20:26.430+0000][7][safepoint   ] Safepoint "Cleanup", Time since last: 1000121849 ns, Reaching safepoint: 179908 ns, At safepoint: 8585 ns, Total: 188493 ns
[2023-11-16T05:20:26.636+0000][7][gc,start    ] GC(4) Pause Young (Normal) (G1 Evacuation Pause)
[2023-11-16T05:20:26.636+0000][7][gc,task     ] GC(4) Using 8 workers of 8 for evacuation
[2023-11-16T05:20:26.636+0000][7][gc,age      ] GC(4) Desired survivor size 20971520 bytes, new threshold 15 (max threshold 15)
[2023-11-16T05:20:26.668+0000][7][gc,age      ] GC(4) Age table with threshold 15 (max threshold 15)
[2023-11-16T05:20:26.668+0000][7][gc,age      ] GC(4) - age   1:    3498616 bytes,    3498616 total
[2023-11-16T05:20:26.668+0000][7][gc,age      ] GC(4) - age   2:    4236288 bytes,    7734904 total
[2023-11-16T05:20:26.668+0000][7][gc,age      ] GC(4) - age   3:    1168432 bytes,    8903336 total
[2023-11-16T05:20:26.668+0000][7][gc,age      ] GC(4) - age   4:    2314760 bytes,   11218096 total
[2023-11-16T05:20:26.668+0000][7][gc,phases   ] GC(4)   Pre Evacuate Collection Set: 0.1ms
[2023-11-16T05:20:26.668+0000][7][gc,phases   ] GC(4)   Merge Heap Roots: 0.1ms
[2023-11-16T05:20:26.668+0000][7][gc,phases   ] GC(4)   Evacuate Collection Set: 28.4ms
[2023-11-16T05:20:26.668+0000][7][gc,phases   ] GC(4)   Post Evacuate Collection Set: 3.1ms
[2023-11-16T05:20:26.668+0000][7][gc,phases   ] GC(4)   Other: 0.3ms
[2023-11-16T05:20:26.668+0000][7][gc,heap     ] GC(4) Eden regions: 73->0(73)
[2023-11-16T05:20:26.668+0000][7][gc,heap     ] GC(4) Survivor regions: 3->3(10)
[2023-11-16T05:20:26.668+0000][7][gc,heap     ] GC(4) Old regions: 1->1
[2023-11-16T05:20:26.668+0000][7][gc,heap     ] GC(4) Archive regions: 2->2
[2023-11-16T05:20:26.668+0000][7][gc,heap     ] GC(4) Humongous regions: 0->0
[2023-11-16T05:20:26.668+0000][7][gc,metaspace] GC(4) Metaspace: 18571K(18944K)->18571K(18944K) NonClass: 16327K(16512K)->16327K(16512K) Class: 2244K(2432K)->2244K(2432K)
[2023-11-16T05:20:26.668+0000][7][gc          ] GC(4) Pause Young (Normal) (G1 Evacuation Pause) 308M->19M(512M) 32.118ms
[2023-11-16T05:20:26.668+0000][7][gc,cpu      ] GC(4) User=0.06s Sys=0.00s Real=0.03s
[2023-11-16T05:20:26.668+0000][7][safepoint   ] Safepoint "G1CollectForAllocation", Time since last: 206382350 ns, Reaching safepoint: 91415 ns, At safepoint: 32217739 ns, Total: 32309154 ns
[2023-11-16T05:20:27.669+0000][7][safepoint   ] Safepoint "Cleanup", Time since last: 1000139183 ns, Reaching safepoint: 406693 ns, At safepoint: 8667 ns, Total: 415360 ns
[2023-11-16T05:20:28.058+0000][7][gc,start    ] GC(5) Pause Young (Normal) (G1 Evacuation Pause)
[2023-11-16T05:20:28.058+0000][7][gc,task     ] GC(5) Using 8 workers of 8 for evacuation
[2023-11-16T05:20:28.058+0000][7][gc,age      ] GC(5) Desired survivor size 20971520 bytes, new threshold 15 (max threshold 15)
[2023-11-16T05:20:28.079+0000][7][gc,age      ] GC(5) Age table with threshold 15 (max threshold 15)
[2023-11-16T05:20:28.079+0000][7][gc,age      ] GC(5) - age   1:    2395536 bytes,    2395536 total
[2023-11-16T05:20:28.079+0000][7][gc,age      ] GC(5) - age   2:    3479872 bytes,    5875408 total
[2023-11-16T05:20:28.079+0000][7][gc,age      ] GC(5) - age   3:    4234928 bytes,   10110336 total
[2023-11-16T05:20:28.079+0000][7][gc,age      ] GC(5) - age   4:    1168304 bytes,   11278640 total
[2023-11-16T05:20:28.079+0000][7][gc,age      ] GC(5) - age   5:    2312152 bytes,   13590792 total
[2023-11-16T05:20:28.079+0000][7][gc,phases   ] GC(5)   Pre Evacuate Collection Set: 0.1ms
[2023-11-16T05:20:28.079+0000][7][gc,phases   ] GC(5)   Merge Heap Roots: 0.1ms
[2023-11-16T05:20:28.079+0000][7][gc,phases   ] GC(5)   Evacuate Collection Set: 19.9ms
[2023-11-16T05:20:28.079+0000][7][gc,phases   ] GC(5)   Post Evacuate Collection Set: 0.9ms
[2023-11-16T05:20:28.079+0000][7][gc,phases   ] GC(5)   Other: 0.3ms
[2023-11-16T05:20:28.079+0000][7][gc,heap     ] GC(5) Eden regions: 73->0(72)
[2023-11-16T05:20:28.079+0000][7][gc,heap     ] GC(5) Survivor regions: 3->4(10)
[2023-11-16T05:20:28.079+0000][7][gc,heap     ] GC(5) Old regions: 1->1
[2023-11-16T05:20:28.079+0000][7][gc,heap     ] GC(5) Archive regions: 2->2
[2023-11-16T05:20:28.079+0000][7][gc,heap     ] GC(5) Humongous regions: 0->0
[2023-11-16T05:20:28.079+0000][7][gc,metaspace] GC(5) Metaspace: 19048K(19584K)->19048K(19584K) NonClass: 16721K(17024K)->16721K(17024K) Class: 2327K(2560K)->2327K(2560K)
[2023-11-16T05:20:28.079+0000][7][gc          ] GC(5) Pause Young (Normal) (G1 Evacuation Pause) 311M->21M(512M) 21.384ms
[2023-11-16T05:20:28.079+0000][7][gc,cpu      ] GC(5) User=0.03s Sys=0.00s Real=0.03s
[2023-11-16T05:20:28.079+0000][7][safepoint   ] Safepoint "G1CollectForAllocation", Time since last: 388587746 ns, Reaching safepoint: 81710 ns, At safepoint: 21484957 ns, Total: 21566667 ns
[2023-11-16T05:20:29.533+0000][7][gc,start    ] GC(6) Pause Young (Normal) (G1 Evacuation Pause)
[2023-11-16T05:20:29.533+0000][7][gc,task     ] GC(6) Using 8 workers of 8 for evacuation
[2023-11-16T05:20:29.533+0000][7][gc,age      ] GC(6) Desired survivor size 20971520 bytes, new threshold 15 (max threshold 15)
[2023-11-16T05:20:29.548+0000][7][gc,age      ] GC(6) Age table with threshold 15 (max threshold 15)
[2023-11-16T05:20:29.548+0000][7][gc,age      ] GC(6) - age   1:    2414600 bytes,    2414600 total
[2023-11-16T05:20:29.548+0000][7][gc,age      ] GC(6) - age   2:     396792 bytes,    2811392 total
[2023-11-16T05:20:29.548+0000][7][gc,age      ] GC(6) - age   3:    3478736 bytes,    6290128 total
[2023-11-16T05:20:29.548+0000][7][gc,age      ] GC(6) - age   4:    4229432 bytes,   10519560 total
[2023-11-16T05:20:29.548+0000][7][gc,age      ] GC(6) - age   5:    1167624 bytes,   11687184 total
[2023-11-16T05:20:29.548+0000][7][gc,age      ] GC(6) - age   6:    2310952 bytes,   13998136 total
[2023-11-16T05:20:29.548+0000][7][gc,phases   ] GC(6)   Pre Evacuate Collection Set: 0.1ms
[2023-11-16T05:20:29.549+0000][7][gc,phases   ] GC(6)   Merge Heap Roots: 0.1ms
[2023-11-16T05:20:29.549+0000][7][gc,phases   ] GC(6)   Evacuate Collection Set: 12.1ms
[2023-11-16T05:20:29.549+0000][7][gc,phases   ] GC(6)   Post Evacuate Collection Set: 2.9ms
[2023-11-16T05:20:29.549+0000][7][gc,phases   ] GC(6)   Other: 0.4ms
[2023-11-16T05:20:29.549+0000][7][gc,heap     ] GC(6) Eden regions: 72->0(72)
[2023-11-16T05:20:29.549+0000][7][gc,heap     ] GC(6) Survivor regions: 4->4(10)
[2023-11-16T05:20:29.549+0000][7][gc,heap     ] GC(6) Old regions: 1->1
[2023-11-16T05:20:29.549+0000][7][gc,heap     ] GC(6) Archive regions: 2->2
[2023-11-16T05:20:29.549+0000][7][gc,heap     ] GC(6) Humongous regions: 0->0
[2023-11-16T05:20:29.549+0000][7][gc,metaspace] GC(6) Metaspace: 20175K(20672K)->20175K(20672K) NonClass: 17698K(17984K)->17698K(17984K) Class: 2477K(2688K)->2477K(2688K)
[2023-11-16T05:20:29.549+0000][7][gc          ] GC(6) Pause Young (Normal) (G1 Evacuation Pause) 309M->22M(512M) 15.728ms
[2023-11-16T05:20:29.549+0000][7][gc,cpu      ] GC(6) User=0.03s Sys=0.00s Real=0.01s
[2023-11-16T05:20:29.549+0000][7][safepoint   ] Safepoint "G1CollectForAllocation", Time since last: 1453766265 ns, Reaching safepoint: 107334 ns, At safepoint: 15873928 ns, Total: 15981262 ns
[2023-11-16T05:20:30.509+0000][7][gc,start    ] GC(7) Pause Young (Normal) (G1 Evacuation Pause)
[2023-11-16T05:20:30.509+0000][7][gc,task     ] GC(7) Using 8 workers of 8 for evacuation
[2023-11-16T05:20:30.509+0000][7][gc,age      ] GC(7) Desired survivor size 20971520 bytes, new threshold 15 (max threshold 15)
[2023-11-16T05:20:30.538+0000][7][gc,age      ] GC(7) Age table with threshold 15 (max threshold 15)
[2023-11-16T05:20:30.538+0000][7][gc,age      ] GC(7) - age   1:    1718400 bytes,    1718400 total
[2023-11-16T05:20:30.538+0000][7][gc,age      ] GC(7) - age   2:    2177648 bytes,    3896048 total
[2023-11-16T05:20:30.538+0000][7][gc,age      ] GC(7) - age   3:     396576 bytes,    4292624 total
[2023-11-16T05:20:30.538+0000][7][gc,age      ] GC(7) - age   4:    3477952 bytes,    7770576 total
[2023-11-16T05:20:30.538+0000][7][gc,age      ] GC(7) - age   5:    4229432 bytes,   12000008 total
[2023-11-16T05:20:30.538+0000][7][gc,age      ] GC(7) - age   6:    1167624 bytes,   13167632 total
[2023-11-16T05:20:30.538+0000][7][gc,age      ] GC(7) - age   7:    2310952 bytes,   15478584 total
[2023-11-16T05:20:30.538+0000][7][gc,phases   ] GC(7)   Pre Evacuate Collection Set: 0.1ms
[2023-11-16T05:20:30.538+0000][7][gc,phases   ] GC(7)   Merge Heap Roots: 0.1ms
[2023-11-16T05:20:30.538+0000][7][gc,phases   ] GC(7)   Evacuate Collection Set: 26.8ms
[2023-11-16T05:20:30.538+0000][7][gc,phases   ] GC(7)   Post Evacuate Collection Set: 1.5ms
[2023-11-16T05:20:30.538+0000][7][gc,phases   ] GC(7)   Other: 0.3ms
[2023-11-16T05:20:30.538+0000][7][gc,heap     ] GC(7) Eden regions: 72->0(72)
[2023-11-16T05:20:30.538+0000][7][gc,heap     ] GC(7) Survivor regions: 4->4(10)
[2023-11-16T05:20:30.538+0000][7][gc,heap     ] GC(7) Old regions: 1->1
[2023-11-16T05:20:30.538+0000][7][gc,heap     ] GC(7) Archive regions: 2->2
[2023-11-16T05:20:30.538+0000][7][gc,heap     ] GC(7) Humongous regions: 0->0
[2023-11-16T05:20:30.538+0000][7][gc,metaspace] GC(7) Metaspace: 20290K(20864K)->20290K(20864K) NonClass: 17791K(18112K)->17791K(18112K) Class: 2499K(2752K)->2499K(2752K)
[2023-11-16T05:20:30.538+0000][7][gc          ] GC(7) Pause Young (Normal) (G1 Evacuation Pause) 310M->23M(512M) 28.861ms
[2023-11-16T05:20:30.538+0000][7][gc,cpu      ] GC(7) User=0.04s Sys=0.00s Real=0.02s
[2023-11-16T05:20:30.538+0000][7][safepoint   ] Safepoint "G1CollectForAllocation", Time since last: 960324037 ns, Reaching safepoint: 108377 ns, At safepoint: 28947159 ns, Total: 29055536 ns
[2023-11-16T05:20:31.200+0000][7][gc,start    ] GC(8) Pause Young (Concurrent Start) (Metadata GC Threshold)
[2023-11-16T05:20:31.200+0000][7][gc,task     ] GC(8) Using 8 workers of 8 for evacuation
[2023-11-16T05:20:31.200+0000][7][gc,age      ] GC(8) Desired survivor size 20971520 bytes, new threshold 15 (max threshold 15)
[2023-11-16T05:20:31.239+0000][7][gc,age      ] GC(8) Age table with threshold 15 (max threshold 15)
[2023-11-16T05:20:31.239+0000][7][gc,age      ] GC(8) - age   1:     413504 bytes,     413504 total
[2023-11-16T05:20:31.239+0000][7][gc,age      ] GC(8) - age   2:     668280 bytes,    1081784 total
[2023-11-16T05:20:31.239+0000][7][gc,age      ] GC(8) - age   3:    2165208 bytes,    3246992 total
[2023-11-16T05:20:31.239+0000][7][gc,age      ] GC(8) - age   4:     386048 bytes,    3633040 total
[2023-11-16T05:20:31.239+0000][7][gc,age      ] GC(8) - age   5:    3466704 bytes,    7099744 total
[2023-11-16T05:20:31.239+0000][7][gc,age      ] GC(8) - age   6:    4219104 bytes,   11318848 total
[2023-11-16T05:20:31.239+0000][7][gc,age      ] GC(8) - age   7:    1123904 bytes,   12442752 total
[2023-11-16T05:20:31.239+0000][7][gc,age      ] GC(8) - age   8:    2310776 bytes,   14753528 total
[2023-11-16T05:20:31.239+0000][7][gc,phases   ] GC(8)   Pre Evacuate Collection Set: 0.1ms
[2023-11-16T05:20:31.239+0000][7][gc,phases   ] GC(8)   Merge Heap Roots: 0.1ms
[2023-11-16T05:20:31.239+0000][7][gc,phases   ] GC(8)   Evacuate Collection Set: 36.3ms
[2023-11-16T05:20:31.239+0000][7][gc,phases   ] GC(8)   Post Evacuate Collection Set: 1.6ms
[2023-11-16T05:20:31.239+0000][7][gc,phases   ] GC(8)   Other: 0.5ms
[2023-11-16T05:20:31.239+0000][7][gc,heap     ] GC(8) Eden regions: 5->0(72)
[2023-11-16T05:20:31.239+0000][7][gc,heap     ] GC(8) Survivor regions: 4->4(10)
[2023-11-16T05:20:31.239+0000][7][gc,heap     ] GC(8) Old regions: 1->1
[2023-11-16T05:20:31.239+0000][7][gc,heap     ] GC(8) Archive regions: 2->2
[2023-11-16T05:20:31.239+0000][7][gc,heap     ] GC(8) Humongous regions: 0->0
[2023-11-16T05:20:31.239+0000][7][gc,metaspace] GC(8) Metaspace: 21023K(21504K)->21023K(21504K) NonClass: 18409K(18688K)->18409K(18688K) Class: 2613K(2816K)->2613K(2816K)
[2023-11-16T05:20:31.239+0000][7][gc          ] GC(8) Pause Young (Concurrent Start) (Metadata GC Threshold) 43M->23M(512M) 38.781ms
[2023-11-16T05:20:31.239+0000][7][gc,cpu      ] GC(8) User=0.03s Sys=0.01s Real=0.04s
[2023-11-16T05:20:31.239+0000][7][safepoint   ] Safepoint "CollectForMetadataAllocation", Time since last: 661966180 ns, Reaching safepoint: 224185 ns, At safepoint: 38971575 ns, Total: 39195760 ns
[2023-11-16T05:20:31.239+0000][7][gc          ] GC(9) Concurrent Mark Cycle
[2023-11-16T05:20:31.239+0000][7][gc,marking  ] GC(9) Concurrent Clear Claimed Marks
[2023-11-16T05:20:31.239+0000][7][gc,marking  ] GC(9) Concurrent Clear Claimed Marks 0.046ms
[2023-11-16T05:20:31.239+0000][7][gc,marking  ] GC(9) Concurrent Scan Root Regions
[2023-11-16T05:20:31.257+0000][7][gc,marking  ] GC(9) Concurrent Scan Root Regions 17.545ms
[2023-11-16T05:20:31.257+0000][7][gc,marking  ] GC(9) Concurrent Mark
[2023-11-16T05:20:31.257+0000][7][gc,marking  ] GC(9) Concurrent Mark From Roots
[2023-11-16T05:20:31.257+0000][7][gc,task     ] GC(9) Using 2 workers of 2 for marking
[2023-11-16T05:20:31.291+0000][7][gc,marking  ] GC(9) Concurrent Mark From Roots 33.557ms
[2023-11-16T05:20:31.291+0000][7][gc,marking  ] GC(9) Concurrent Preclean
[2023-11-16T05:20:31.291+0000][7][gc,marking  ] GC(9) Concurrent Preclean 0.118ms
[2023-11-16T05:20:31.299+0000][7][gc,start    ] GC(9) Pause Remark
[2023-11-16T05:20:31.309+0000][7][gc          ] GC(9) Pause Remark 25M->25M(512M) 10.070ms
[2023-11-16T05:20:31.310+0000][7][gc,cpu      ] GC(9) User=0.01s Sys=0.00s Real=0.01s
[2023-11-16T05:20:31.310+0000][7][safepoint   ] Safepoint "G1Concurrent", Time since last: 51562468 ns, Reaching safepoint: 8479449 ns, At safepoint: 10199042 ns, Total: 18678491 ns
[2023-11-16T05:20:31.310+0000][7][gc,marking  ] GC(9) Concurrent Mark 52.538ms
[2023-11-16T05:20:31.310+0000][7][gc,marking  ] GC(9) Concurrent Rebuild Remembered Sets
[2023-11-16T05:20:31.310+0000][7][gc,marking  ] GC(9) Concurrent Rebuild Remembered Sets 0.008ms
[2023-11-16T05:20:31.310+0000][7][gc,start    ] GC(9) Pause Cleanup
[2023-11-16T05:20:31.310+0000][7][gc          ] GC(9) Pause Cleanup 25M->25M(512M) 0.023ms
[2023-11-16T05:20:31.310+0000][7][gc,cpu      ] GC(9) User=0.00s Sys=0.00s Real=0.00s
[2023-11-16T05:20:31.310+0000][7][safepoint   ] Safepoint "G1Concurrent", Time since last: 116235 ns, Reaching safepoint: 233881 ns, At safepoint: 49964 ns, Total: 283845 ns
[2023-11-16T05:20:31.310+0000][7][gc,marking  ] GC(9) Concurrent Cleanup for Next Mark
[2023-11-16T05:20:31.311+0000][7][gc,marking  ] GC(9) Concurrent Cleanup for Next Mark 1.045ms
[2023-11-16T05:20:31.311+0000][7][gc          ] GC(9) Concurrent Mark Cycle 71.771ms
[2023-11-16T05:20:32.342+0000][7][safepoint   ] Safepoint "ICBufferFull", Time since last: 1031463210 ns, Reaching safepoint: 112559 ns, At safepoint: 5667 ns, Total: 118226 ns
[2023-11-16T05:20:32.347+0000][7][safepoint   ] Safepoint "ICBufferFull", Time since last: 5174595 ns, Reaching safepoint: 75388 ns, At safepoint: 3910 ns, Total: 79298 ns
[2023-11-16T05:20:32.348+0000][7][safepoint   ] Safepoint "ICBufferFull", Time since last: 1227330 ns, Reaching safepoint: 73742 ns, At safepoint: 4294 ns, Total: 78036 ns
[2023-11-16T05:20:32.416+0000][7][safepoint   ] Safepoint "ICBufferFull", Time since last: 67764336 ns, Reaching safepoint: 74899 ns, At safepoint: 5195 ns, Total: 80094 ns
[2023-11-16T05:20:32.417+0000][7][safepoint   ] Safepoint "ICBufferFull", Time since last: 955541 ns, Reaching safepoint: 68564 ns, At safepoint: 21802 ns, Total: 90366 ns
[2023-11-16T05:20:32.505+0000][7][safepoint   ] Safepoint "ICBufferFull", Time since last: 87846589 ns, Reaching safepoint: 61182 ns, At safepoint: 3598 ns, Total: 64780 ns
[2023-11-16T05:20:32.541+0000][7][safepoint   ] Safepoint "ICBufferFull", Time since last: 36366471 ns, Reaching safepoint: 93780 ns, At safepoint: 7244 ns, Total: 101024 ns
[2023-11-16T05:20:32.566+0000][7][safepoint   ] Safepoint "ICBufferFull", Time since last: 24197623 ns, Reaching safepoint: 43340 ns, At safepoint: 5372 ns, Total: 48712 ns
[2023-11-16T05:20:32.746+0000][7][safepoint   ] Safepoint "ICBufferFull", Time since last: 180459661 ns, Reaching safepoint: 225263 ns, At safepoint: 5607 ns, Total: 230870 ns
[2023-11-16T05:20:32.768+0000][7][safepoint   ] Safepoint "ICBufferFull", Time since last: 21992030 ns, Reaching safepoint: 83017 ns, At safepoint: 5206 ns, Total: 88223 ns
[2023-11-16T05:20:32.770+0000][7][safepoint   ] Safepoint "ICBufferFull", Time since last: 1304750 ns, Reaching safepoint: 50518 ns, At safepoint: 4724 ns, Total: 55242 ns
[2023-11-16T05:20:32.789+0000][7][safepoint   ] Safepoint "ICBufferFull", Time since last: 19072339 ns, Reaching safepoint: 143263 ns, At safepoint: 9855 ns, Total: 153118 ns
[2023-11-16T05:20:34.196+0000][7][safepoint   ] Safepoint "Cleanup", Time since last: 1406467974 ns, Reaching safepoint: 190922 ns, At safepoint: 9912 ns, Total: 200834 ns
[2023-11-16T05:20:35.196+0000][7][safepoint   ] Safepoint "Cleanup", Time since last: 1000134114 ns, Reaching safepoint: 154800 ns, At safepoint: 7730 ns, Total: 162530 ns
[2023-11-16T05:20:36.196+0000][7][safepoint   ] Safepoint "Cleanup", Time since last: 1000159674 ns, Reaching safepoint: 182842 ns, At safepoint: 9255 ns, Total: 192097 ns
[2023-11-16T05:20:37.197+0000][7][safepoint   ] Safepoint "Cleanup", Time since last: 1000276544 ns, Reaching safepoint: 115554 ns, At safepoint: 5325 ns, Total: 120879 ns
[2023-11-16T05:20:37.920+0000][7][gc,start    ] GC(10) Pause Young (Concurrent Start) (Metadata GC Threshold)
[2023-11-16T05:20:37.920+0000][7][gc,task     ] GC(10) Using 8 workers of 8 for evacuation
[2023-11-16T05:20:37.920+0000][7][gc,age      ] GC(10) Desired survivor size 20971520 bytes, new threshold 15 (max threshold 15)
[2023-11-16T05:20:37.946+0000][7][gc,age      ] GC(10) Age table with threshold 15 (max threshold 15)
[2023-11-16T05:20:37.946+0000][7][gc,age      ] GC(10) - age   1:   26937096 bytes,   26937096 total
[2023-11-16T05:20:37.946+0000][7][gc,age      ] GC(10) - age   2:     390712 bytes,   27327808 total
[2023-11-16T05:20:37.946+0000][7][gc,age      ] GC(10) - age   3:     666312 bytes,   27994120 total
[2023-11-16T05:20:37.946+0000][7][gc,age      ] GC(10) - age   4:    2138384 bytes,   30132504 total
[2023-11-16T05:20:37.946+0000][7][gc,age      ] GC(10) - age   5:     384080 bytes,   30516584 total
[2023-11-16T05:20:37.946+0000][7][gc,age      ] GC(10) - age   6:    3462504 bytes,   33979088 total
[2023-11-16T05:20:37.946+0000][7][gc,age      ] GC(10) - age   7:    4183200 bytes,   38162288 total
[2023-11-16T05:20:37.946+0000][7][gc,age      ] GC(10) - age   8:    1095136 bytes,   39257424 total
[2023-11-16T05:20:37.946+0000][7][gc,age      ] GC(10) - age   9:    2297808 bytes,   41555232 total
[2023-11-16T05:20:37.946+0000][7][gc,phases   ] GC(10)   Pre Evacuate Collection Set: 0.1ms
[2023-11-16T05:20:37.946+0000][7][gc,phases   ] GC(10)   Merge Heap Roots: 0.0ms
[2023-11-16T05:20:37.946+0000][7][gc,phases   ] GC(10)   Evacuate Collection Set: 24.5ms
[2023-11-16T05:20:37.946+0000][7][gc,phases   ] GC(10)   Post Evacuate Collection Set: 1.2ms
[2023-11-16T05:20:37.946+0000][7][gc,phases   ] GC(10)   Other: 0.2ms
[2023-11-16T05:20:37.946+0000][7][gc,heap     ] GC(10) Eden regions: 70->0(66)
[2023-11-16T05:20:37.946+0000][7][gc,heap     ] GC(10) Survivor regions: 4->10(10)
[2023-11-16T05:20:37.946+0000][7][gc,heap     ] GC(10) Old regions: 1->2
[2023-11-16T05:20:37.946+0000][7][gc,heap     ] GC(10) Archive regions: 2->2
[2023-11-16T05:20:37.946+0000][7][gc,heap     ] GC(10) Humongous regions: 0->0
[2023-11-16T05:20:37.946+0000][7][gc,metaspace] GC(10) Metaspace: 35195K(36096K)->35195K(36096K) NonClass: 30560K(31104K)->30560K(31104K) Class: 4635K(4992K)->4635K(4992K)
[2023-11-16T05:20:37.946+0000][7][gc          ] GC(10) Pause Young (Concurrent Start) (Metadata GC Threshold) 303M->47M(512M) 26.088ms
[2023-11-16T05:20:37.946+0000][7][gc,cpu      ] GC(10) User=0.15s Sys=0.00s Real=0.02s
[2023-11-16T05:20:37.946+0000][7][gc          ] GC(11) Concurrent Mark Cycle
[2023-11-16T05:20:37.946+0000][7][gc,marking  ] GC(11) Concurrent Clear Claimed Marks
[2023-11-16T05:20:37.946+0000][7][safepoint   ] Safepoint "CollectForMetadataAllocation", Time since last: 723173848 ns, Reaching safepoint: 80858 ns, At safepoint: 26197165 ns, Total: 26278023 ns
[2023-11-16T05:20:37.946+0000][7][gc,marking  ] GC(11) Concurrent Clear Claimed Marks 0.056ms
[2023-11-16T05:20:37.946+0000][7][gc,marking  ] GC(11) Concurrent Scan Root Regions
[2023-11-16T05:20:37.965+0000][7][gc,marking  ] GC(11) Concurrent Scan Root Regions 18.342ms
[2023-11-16T05:20:37.965+0000][7][gc,marking  ] GC(11) Concurrent Mark
[2023-11-16T05:20:37.965+0000][7][gc,marking  ] GC(11) Concurrent Mark From Roots
[2023-11-16T05:20:37.965+0000][7][gc,task     ] GC(11) Using 2 workers of 2 for marking
[2023-11-16T05:20:37.971+0000][7][gc,marking  ] GC(11) Concurrent Mark From Roots 6.077ms
[2023-11-16T05:20:37.971+0000][7][gc,marking  ] GC(11) Concurrent Preclean
[2023-11-16T05:20:37.971+0000][7][gc,marking  ] GC(11) Concurrent Preclean 0.074ms
[2023-11-16T05:20:37.971+0000][7][gc,start    ] GC(11) Pause Remark
[2023-11-16T05:20:37.973+0000][7][gc          ] GC(11) Pause Remark 49M->49M(512M) 2.023ms
[2023-11-16T05:20:37.973+0000][7][gc,cpu      ] GC(11) User=0.02s Sys=0.00s Real=0.00s
[2023-11-16T05:20:37.973+0000][7][safepoint   ] Safepoint "G1Concurrent", Time since last: 24703983 ns, Reaching safepoint: 36647 ns, At safepoint: 2080657 ns, Total: 2117304 ns
[2023-11-16T05:20:37.973+0000][7][gc,marking  ] GC(11) Concurrent Mark 8.389ms
[2023-11-16T05:20:37.973+0000][7][gc,marking  ] GC(11) Concurrent Rebuild Remembered Sets
[2023-11-16T05:20:37.976+0000][7][gc,marking  ] GC(11) Concurrent Rebuild Remembered Sets 2.919ms
[2023-11-16T05:20:37.976+0000][7][gc,start    ] GC(11) Pause Cleanup
[2023-11-16T05:20:37.976+0000][7][gc          ] GC(11) Pause Cleanup 49M->49M(512M) 0.060ms
[2023-11-16T05:20:37.976+0000][7][gc,cpu      ] GC(11) User=0.00s Sys=0.00s Real=0.00s
[2023-11-16T05:20:37.976+0000][7][safepoint   ] Safepoint "G1Concurrent", Time since last: 3034002 ns, Reaching safepoint: 24843 ns, At safepoint: 92071 ns, Total: 116914 ns
[2023-11-16T05:20:37.976+0000][7][gc,marking  ] GC(11) Concurrent Cleanup for Next Mark
[2023-11-16T05:20:37.977+0000][7][gc,marking  ] GC(11) Concurrent Cleanup for Next Mark 1.184ms
[2023-11-16T05:20:37.977+0000][7][gc          ] GC(11) Concurrent Mark Cycle 31.303ms
[2023-11-16T05:20:38.976+0000][7][safepoint   ] Safepoint "Cleanup", Time since last: 1000088740 ns, Reaching safepoint: 176992 ns, At safepoint: 5524 ns, Total: 182516 ns
[2023-11-16T05:20:40.022+0000][7][safepoint   ] Safepoint "Cleanup", Time since last: 1045088112 ns, Reaching safepoint: 59821 ns, At safepoint: 5672 ns, Total: 65493 ns
[2023-11-16T05:20:41.829+0000][7][safepoint   ] Safepoint "Cleanup", Time since last: 1807545375 ns, Reaching safepoint: 177355 ns, At safepoint: 5164 ns, Total: 182519 ns
[2023-11-16T05:20:41.907+0000][7][gc,start    ] GC(12) Pause Young (Normal) (G1 Evacuation Pause)
[2023-11-16T05:20:41.907+0000][7][gc,task     ] GC(12) Using 8 workers of 8 for evacuation
[2023-11-16T05:20:41.907+0000][7][gc,age      ] GC(12) Desired survivor size 20971520 bytes, new threshold 1 (max threshold 15)
[2023-11-16T05:20:41.959+0000][7][gc,age      ] GC(12) Age table with threshold 1 (max threshold 15)
[2023-11-16T05:20:41.959+0000][7][gc,age      ] GC(12) - age   1:    5999992 bytes,    5999992 total
[2023-11-16T05:20:41.959+0000][7][gc,phases   ] GC(12)   Pre Evacuate Collection Set: 0.1ms
[2023-11-16T05:20:41.959+0000][7][gc,phases   ] GC(12)   Merge Heap Roots: 0.1ms
[2023-11-16T05:20:41.959+0000][7][gc,phases   ] GC(12)   Evacuate Collection Set: 51.1ms
[2023-11-16T05:20:41.959+0000][7][gc,phases   ] GC(12)   Post Evacuate Collection Set: 1.3ms
[2023-11-16T05:20:41.959+0000][7][gc,phases   ] GC(12)   Other: 0.2ms
[2023-11-16T05:20:41.959+0000][7][gc,heap     ] GC(12) Eden regions: 66->0(73)
[2023-11-16T05:20:41.959+0000][7][gc,heap     ] GC(12) Survivor regions: 10->3(10)
[2023-11-16T05:20:41.959+0000][7][gc,heap     ] GC(12) Old regions: 2->11
[2023-11-16T05:20:41.959+0000][7][gc,heap     ] GC(12) Archive regions: 2->2
[2023-11-16T05:20:41.959+0000][7][gc,heap     ] GC(12) Humongous regions: 0->0
[2023-11-16T05:20:41.959+0000][7][gc,metaspace] GC(12) Metaspace: 51500K(52672K)->51500K(52672K) NonClass: 44518K(45248K)->44518K(45248K) Class: 6982K(7424K)->6982K(7424K)
[2023-11-16T05:20:41.959+0000][7][gc          ] GC(12) Pause Young (Normal) (G1 Evacuation Pause) 311M->58M(512M) 52.852ms
[2023-11-16T05:20:41.959+0000][7][gc,cpu      ] GC(12) User=0.18s Sys=0.00s Real=0.06s
[2023-11-16T05:20:41.959+0000][7][safepoint   ] Safepoint "G1CollectForAllocation", Time since last: 77194203 ns, Reaching safepoint: 34110 ns, At safepoint: 52917443 ns, Total: 52951553 ns
[2023-11-16T05:20:42.963+0000][7][safepoint   ] Safepoint "Cleanup", Time since last: 1003190606 ns, Reaching safepoint: 103660 ns, At safepoint: 4028 ns, Total: 107688 ns
[2023-11-16T05:20:43.988+0000][7][safepoint   ] Safepoint "Cleanup", Time since last: 1024730360 ns, Reaching safepoint: 250976 ns, At safepoint: 7477 ns, Total: 258453 ns
[2023-11-16T05:20:44.885+0000][7][gc,start    ] GC(13) Pause Young (Concurrent Start) (Metadata GC Threshold)
[2023-11-16T05:20:44.885+0000][7][gc,task     ] GC(13) Using 8 workers of 8 for evacuation
[2023-11-16T05:20:44.885+0000][7][gc,age      ] GC(13) Desired survivor size 20971520 bytes, new threshold 15 (max threshold 15)
[2023-11-16T05:20:44.904+0000][7][gc,age      ] GC(13) Age table with threshold 15 (max threshold 15)
[2023-11-16T05:20:44.904+0000][7][gc,age      ] GC(13) - age   1:    5202240 bytes,    5202240 total
[2023-11-16T05:20:44.904+0000][7][gc,age      ] GC(13) - age   2:    5818896 bytes,   11021136 total
[2023-11-16T05:20:44.904+0000][7][gc,phases   ] GC(13)   Pre Evacuate Collection Set: 0.1ms
[2023-11-16T05:20:44.904+0000][7][gc,phases   ] GC(13)   Merge Heap Roots: 0.1ms
[2023-11-16T05:20:44.904+0000][7][gc,phases   ] GC(13)   Evacuate Collection Set: 16.5ms
[2023-11-16T05:20:44.904+0000][7][gc,phases   ] GC(13)   Post Evacuate Collection Set: 2.2ms
[2023-11-16T05:20:44.904+0000][7][gc,phases   ] GC(13)   Other: 0.2ms
[2023-11-16T05:20:44.904+0000][7][gc,heap     ] GC(13) Eden regions: 51->0(73)
[2023-11-16T05:20:44.904+0000][7][gc,heap     ] GC(13) Survivor regions: 3->3(10)
[2023-11-16T05:20:44.904+0000][7][gc,heap     ] GC(13) Old regions: 11->11
[2023-11-16T05:20:44.904+0000][7][gc,heap     ] GC(13) Archive regions: 2->2
[2023-11-16T05:20:44.904+0000][7][gc,heap     ] GC(13) Humongous regions: 0->0
[2023-11-16T05:20:44.904+0000][7][gc,metaspace] GC(13) Metaspace: 59128K(60416K)->59128K(60416K) NonClass: 51091K(51840K)->51091K(51840K) Class: 8036K(8576K)->8036K(8576K)
[2023-11-16T05:20:44.904+0000][7][gc          ] GC(13) Pause Young (Concurrent Start) (Metadata GC Threshold) 260M->59M(512M) 19.277ms
[2023-11-16T05:20:44.904+0000][7][gc,cpu      ] GC(13) User=0.07s Sys=0.00s Real=0.02s
[2023-11-16T05:20:44.904+0000][7][safepoint   ] Safepoint "CollectForMetadataAllocation", Time since last: 896903111 ns, Reaching safepoint: 104773 ns, At safepoint: 19420835 ns, Total: 19525608 ns
[2023-11-16T05:20:44.904+0000][7][gc          ] GC(14) Concurrent Mark Cycle
[2023-11-16T05:20:44.904+0000][7][gc,marking  ] GC(14) Concurrent Clear Claimed Marks
[2023-11-16T05:20:44.904+0000][7][gc,marking  ] GC(14) Concurrent Clear Claimed Marks 0.087ms
[2023-11-16T05:20:44.904+0000][7][gc,marking  ] GC(14) Concurrent Scan Root Regions
[2023-11-16T05:20:44.920+0000][7][gc,marking  ] GC(14) Concurrent Scan Root Regions 15.665ms
[2023-11-16T05:20:44.920+0000][7][gc,marking  ] GC(14) Concurrent Mark
[2023-11-16T05:20:44.920+0000][7][gc,marking  ] GC(14) Concurrent Mark From Roots
[2023-11-16T05:20:44.920+0000][7][gc,task     ] GC(14) Using 2 workers of 2 for marking
[2023-11-16T05:20:45.002+0000][7][gc,marking  ] GC(14) Concurrent Mark From Roots 82.327ms
[2023-11-16T05:20:45.002+0000][7][gc,marking  ] GC(14) Concurrent Preclean
[2023-11-16T05:20:45.003+0000][7][gc,marking  ] GC(14) Concurrent Preclean 0.533ms
[2023-11-16T05:20:45.006+0000][7][gc,start    ] GC(14) Pause Remark
[2023-11-16T05:20:45.012+0000][7][gc          ] GC(14) Pause Remark 63M->63M(512M) 6.341ms
[2023-11-16T05:20:45.013+0000][7][gc,cpu      ] GC(14) User=0.02s Sys=0.00s Real=0.01s
[2023-11-16T05:20:45.013+0000][7][safepoint   ] Safepoint "G1Concurrent", Time since last: 98807611 ns, Reaching safepoint: 3202316 ns, At safepoint: 6403048 ns, Total: 9605364 ns
[2023-11-16T05:20:45.013+0000][7][gc,marking  ] GC(14) Concurrent Mark 92.587ms
[2023-11-16T05:20:45.013+0000][7][gc,marking  ] GC(14) Concurrent Rebuild Remembered Sets
[2023-11-16T05:20:45.013+0000][7][gc,marking  ] GC(14) Concurrent Rebuild Remembered Sets 0.005ms
[2023-11-16T05:20:45.013+0000][7][gc,start    ] GC(14) Pause Cleanup
[2023-11-16T05:20:45.013+0000][7][gc          ] GC(14) Pause Cleanup 63M->63M(512M) 0.016ms
[2023-11-16T05:20:45.013+0000][7][gc,cpu      ] GC(14) User=0.00s Sys=0.00s Real=0.00s
[2023-11-16T05:20:45.013+0000][7][safepoint   ] Safepoint "G1Concurrent", Time since last: 57862 ns, Reaching safepoint: 89341 ns, At safepoint: 37098 ns, Total: 126439 ns
[2023-11-16T05:20:45.013+0000][7][gc,marking  ] GC(14) Concurrent Cleanup for Next Mark
[2023-11-16T05:20:45.014+0000][7][gc,marking  ] GC(14) Concurrent Cleanup for Next Mark 0.852ms
[2023-11-16T05:20:45.014+0000][7][gc          ] GC(14) Concurrent Mark Cycle 109.497ms
[2023-11-16T05:20:46.457+0000][7][safepoint   ] Safepoint "Cleanup", Time since last: 1443561765 ns, Reaching safepoint: 819432 ns, At safepoint: 6593 ns, Total: 826025 ns
[2023-11-16T05:20:48.422+0000][7][safepoint   ] Safepoint "Cleanup", Time since last: 1964688299 ns, Reaching safepoint: 259420 ns, At safepoint: 18020 ns, Total: 277440 ns
[2023-11-16T05:20:49.566+0000][7][safepoint   ] Safepoint "Cleanup", Time since last: 1143969971 ns, Reaching safepoint: 180057 ns, At safepoint: 2934 ns, Total: 182991 ns
[2023-11-16T05:20:51.260+0000][7][safepoint   ] Safepoint "Cleanup", Time since last: 1693306660 ns, Reaching safepoint: 662275 ns, At safepoint: 11441 ns, Total: 673716 ns
[2023-11-16T05:20:52.374+0000][7][safepoint   ] Safepoint "ICBufferFull", Time since last: 1113150911 ns, Reaching safepoint: 889352 ns, At safepoint: 9137 ns, Total: 898489 ns
[2023-11-16T05:20:52.979+0000][7][safepoint   ] Safepoint "ICBufferFull", Time since last: 604086690 ns, Reaching safepoint: 280890 ns, At safepoint: 6011 ns, Total: 286901 ns
[2023-11-16T05:20:54.209+0000][7][safepoint   ] Safepoint "Cleanup", Time since last: 1230714322 ns, Reaching safepoint: 131985 ns, At safepoint: 4271 ns, Total: 136256 ns
[2023-11-16T05:20:54.430+0000][7][gc,start    ] GC(15) Pause Young (Normal) (G1 Evacuation Pause)
[2023-11-16T05:20:54.430+0000][7][gc,task     ] GC(15) Using 8 workers of 8 for evacuation
[2023-11-16T05:20:54.430+0000][7][gc,age      ] GC(15) Desired survivor size 20971520 bytes, new threshold 15 (max threshold 15)
[2023-11-16T05:20:54.481+0000][7][gc,age      ] GC(15) Age table with threshold 15 (max threshold 15)
[2023-11-16T05:20:54.481+0000][7][gc,age      ] GC(15) - age   1:   13830944 bytes,   13830944 total
[2023-11-16T05:20:54.481+0000][7][gc,age      ] GC(15) - age   2:    5035592 bytes,   18866536 total
[2023-11-16T05:20:54.481+0000][7][gc,age      ] GC(15) - age   3:    5666624 bytes,   24533160 total
[2023-11-16T05:20:54.482+0000][7][gc,phases   ] GC(15)   Pre Evacuate Collection Set: 0.1ms
[2023-11-16T05:20:54.482+0000][7][gc,phases   ] GC(15)   Merge Heap Roots: 0.2ms
[2023-11-16T05:20:54.482+0000][7][gc,phases   ] GC(15)   Evacuate Collection Set: 44.5ms
[2023-11-16T05:20:54.482+0000][7][gc,phases   ] GC(15)   Post Evacuate Collection Set: 6.3ms
[2023-11-16T05:20:54.482+0000][7][gc,phases   ] GC(15)   Other: 0.2ms
[2023-11-16T05:20:54.482+0000][7][gc,heap     ] GC(15) Eden regions: 73->0(69)
[2023-11-16T05:20:54.482+0000][7][gc,heap     ] GC(15) Survivor regions: 3->7(10)
[2023-11-16T05:20:54.482+0000][7][gc,heap     ] GC(15) Old regions: 11->11
[2023-11-16T05:20:54.482+0000][7][gc,heap     ] GC(15) Archive regions: 2->2
[2023-11-16T05:20:54.482+0000][7][gc,heap     ] GC(15) Humongous regions: 0->0
[2023-11-16T05:20:54.482+0000][7][gc,metaspace] GC(15) Metaspace: 93984K(95360K)->93984K(95360K) NonClass: 80803K(81600K)->80803K(81600K) Class: 13181K(13760K)->13181K(13760K)
[2023-11-16T05:20:54.482+0000][7][gc          ] GC(15) Pause Young (Normal) (G1 Evacuation Pause) 351M->72M(512M) 51.301ms
[2023-11-16T05:20:54.482+0000][7][gc,cpu      ] GC(15) User=0.10s Sys=0.00s Real=0.05s
[2023-11-16T05:20:54.482+0000][7][safepoint   ] Safepoint "G1CollectForAllocation", Time since last: 220739337 ns, Reaching safepoint: 92992 ns, At safepoint: 51384990 ns, Total: 51477982 ns
[2023-11-16T05:20:55.648+0000][7][safepoint   ] Safepoint "ICBufferFull", Time since last: 1166406957 ns, Reaching safepoint: 268356 ns, At safepoint: 8532 ns, Total: 276888 ns
[2023-11-16T05:20:56.347+0000][7][safepoint   ] Safepoint "ICBufferFull", Time since last: 698784402 ns, Reaching safepoint: 209143 ns, At safepoint: 8356 ns, Total: 217499 ns
[2023-11-16T05:20:56.898+0000][7][gc,start    ] GC(16) Pause Young (Concurrent Start) (Metadata GC Threshold)
[2023-11-16T05:20:56.898+0000][7][gc,task     ] GC(16) Using 8 workers of 8 for evacuation
[2023-11-16T05:20:56.898+0000][7][gc,age      ] GC(16) Desired survivor size 20971520 bytes, new threshold 3 (max threshold 15)
[2023-11-16T05:20:56.952+0000][7][gc,age      ] GC(16) Age table with threshold 3 (max threshold 15)
[2023-11-16T05:20:56.952+0000][7][gc,age      ] GC(16) - age   1:    7930088 bytes,    7930088 total
[2023-11-16T05:20:56.952+0000][7][gc,age      ] GC(16) - age   2:   13266576 bytes,   21196664 total
[2023-11-16T05:20:56.952+0000][7][gc,age      ] GC(16) - age   3:    5030688 bytes,   26227352 total
[2023-11-16T05:20:56.952+0000][7][gc,phases   ] GC(16)   Pre Evacuate Collection Set: 0.2ms
[2023-11-16T05:20:56.952+0000][7][gc,phases   ] GC(16)   Merge Heap Roots: 3.4ms
[2023-11-16T05:20:56.952+0000][7][gc,phases   ] GC(16)   Evacuate Collection Set: 48.6ms
[2023-11-16T05:20:56.952+0000][7][gc,phases   ] GC(16)   Post Evacuate Collection Set: 1.6ms
[2023-11-16T05:20:56.952+0000][7][gc,phases   ] GC(16)   Other: 0.3ms
[2023-11-16T05:20:56.952+0000][7][gc,heap     ] GC(16) Eden regions: 29->0(69)
[2023-11-16T05:20:56.952+0000][7][gc,heap     ] GC(16) Survivor regions: 7->7(10)
[2023-11-16T05:20:56.952+0000][7][gc,heap     ] GC(16) Old regions: 11->13
[2023-11-16T05:20:56.952+0000][7][gc,heap     ] GC(16) Archive regions: 2->2
[2023-11-16T05:20:56.952+0000][7][gc,heap     ] GC(16) Humongous regions: 5->5
[2023-11-16T05:20:56.952+0000][7][gc,metaspace] GC(16) Metaspace: 99728K(101120K)->99728K(101120K) NonClass: 85715K(86528K)->85715K(86528K) Class: 14013K(14592K)->14013K(14592K)
[2023-11-16T05:20:56.952+0000][7][gc          ] GC(16) Pause Young (Concurrent Start) (Metadata GC Threshold) 206M->100M(512M) 54.157ms
[2023-11-16T05:20:56.952+0000][7][gc,cpu      ] GC(16) User=0.14s Sys=0.00s Real=0.06s
[2023-11-16T05:20:56.952+0000][7][gc          ] GC(17) Concurrent Mark Cycle
[2023-11-16T05:20:56.952+0000][7][gc,marking  ] GC(17) Concurrent Clear Claimed Marks
[2023-11-16T05:20:56.952+0000][7][safepoint   ] Safepoint "CollectForMetadataAllocation", Time since last: 550679580 ns, Reaching safepoint: 118398 ns, At safepoint: 54323776 ns, Total: 54442174 ns
[2023-11-16T05:20:56.953+0000][7][gc,marking  ] GC(17) Concurrent Clear Claimed Marks 0.070ms
[2023-11-16T05:20:56.953+0000][7][gc,marking  ] GC(17) Concurrent Scan Root Regions
[2023-11-16T05:20:57.020+0000][7][gc,marking  ] GC(17) Concurrent Scan Root Regions 67.302ms
[2023-11-16T05:20:57.020+0000][7][gc,marking  ] GC(17) Concurrent Mark
[2023-11-16T05:20:57.020+0000][7][gc,marking  ] GC(17) Concurrent Mark From Roots
[2023-11-16T05:20:57.020+0000][7][gc,task     ] GC(17) Using 2 workers of 2 for marking
[2023-11-16T05:20:57.035+0000][7][safepoint   ] Safepoint "CollectForMetadataAllocation", Time since last: 75217899 ns, Reaching safepoint: 7138813 ns, At safepoint: 99803 ns, Total: 7238616 ns
[2023-11-16T05:20:57.189+0000][7][gc,marking  ] GC(17) Concurrent Mark From Roots 169.102ms
[2023-11-16T05:20:57.189+0000][7][gc,marking  ] GC(17) Concurrent Preclean
[2023-11-16T05:20:57.189+0000][7][gc,marking  ] GC(17) Concurrent Preclean 0.451ms
[2023-11-16T05:20:57.194+0000][7][gc,start    ] GC(17) Pause Remark
[2023-11-16T05:20:57.203+0000][7][gc          ] GC(17) Pause Remark 113M->113M(512M) 8.883ms
[2023-11-16T05:20:57.203+0000][7][gc,cpu      ] GC(17) User=0.03s Sys=0.00s Real=0.01s
[2023-11-16T05:20:57.203+0000][7][safepoint   ] Safepoint "G1Concurrent", Time since last: 154600334 ns, Reaching safepoint: 4929683 ns, At safepoint: 8975504 ns, Total: 13905187 ns
[2023-11-16T05:20:57.204+0000][7][gc,marking  ] GC(17) Concurrent Mark 183.942ms
[2023-11-16T05:20:57.204+0000][7][gc,marking  ] GC(17) Concurrent Rebuild Remembered Sets
[2023-11-16T05:20:57.267+0000][7][gc,marking  ] GC(17) Concurrent Rebuild Remembered Sets 62.842ms
[2023-11-16T05:20:57.274+0000][7][gc,start    ] GC(17) Pause Cleanup
[2023-11-16T05:20:57.274+0000][7][gc          ] GC(17) Pause Cleanup 116M->116M(512M) 0.130ms
[2023-11-16T05:20:57.274+0000][7][gc,cpu      ] GC(17) User=0.00s Sys=0.00s Real=0.00s
[2023-11-16T05:20:57.275+0000][7][safepoint   ] Safepoint "G1Concurrent", Time since last: 68640322 ns, Reaching safepoint: 2226468 ns, At safepoint: 193166 ns, Total: 2419634 ns
[2023-11-16T05:20:57.279+0000][7][gc,marking  ] GC(17) Concurrent Cleanup for Next Mark
[2023-11-16T05:20:57.280+0000][7][gc,marking  ] GC(17) Concurrent Cleanup for Next Mark 0.804ms
[2023-11-16T05:20:57.280+0000][7][gc          ] GC(17) Concurrent Mark Cycle 327.202ms
[2023-11-16T05:20:58.272+0000][7][safepoint   ] Safepoint "ICBufferFull", Time since last: 996295018 ns, Reaching safepoint: 1296951 ns, At safepoint: 24907 ns, Total: 1321858 ns
[2023-11-16T05:20:59.379+0000][7][safepoint   ] Safepoint "ICBufferFull", Time since last: 1100483908 ns, Reaching safepoint: 6565558 ns, At safepoint: 25363 ns, Total: 6590921 ns
[2023-11-16T05:21:00.382+0000][7][safepoint   ] Safepoint "Cleanup", Time since last: 1002870419 ns, Reaching safepoint: 138405 ns, At safepoint: 4884 ns, Total: 143289 ns
[2023-11-16T05:21:01.387+0000][7][safepoint   ] Safepoint "Cleanup", Time since last: 1004490196 ns, Reaching safepoint: 99537 ns, At safepoint: 5885 ns, Total: 105422 ns
[2023-11-16T05:21:01.810+0000][7][gc,start    ] GC(18) Pause Young (Concurrent Start) (G1 Evacuation Pause)
[2023-11-16T05:21:01.810+0000][7][gc,task     ] GC(18) Using 8 workers of 8 for evacuation
[2023-11-16T05:21:01.810+0000][7][gc,age      ] GC(18) Desired survivor size 20971520 bytes, new threshold 2 (max threshold 15)
[2023-11-16T05:21:01.858+0000][7][gc,age      ] GC(18) Age table with threshold 2 (max threshold 15)
[2023-11-16T05:21:01.858+0000][7][gc,age      ] GC(18) - age   1:   10696456 bytes,   10696456 total
[2023-11-16T05:21:01.858+0000][7][gc,age      ] GC(18) - age   2:    7506184 bytes,   18202640 total
[2023-11-16T05:21:01.858+0000][7][gc,phases   ] GC(18)   Pre Evacuate Collection Set: 0.2ms
[2023-11-16T05:21:01.858+0000][7][gc,phases   ] GC(18)   Merge Heap Roots: 0.2ms
[2023-11-16T05:21:01.858+0000][7][gc,phases   ] GC(18)   Evacuate Collection Set: 45.9ms
[2023-11-16T05:21:01.858+0000][7][gc,phases   ] GC(18)   Post Evacuate Collection Set: 1.8ms
[2023-11-16T05:21:01.858+0000][7][gc,phases   ] GC(18)   Other: 0.3ms
[2023-11-16T05:21:01.858+0000][7][gc,heap     ] GC(18) Eden regions: 69->0(70)
[2023-11-16T05:21:01.858+0000][7][gc,heap     ] GC(18) Survivor regions: 7->5(10)
[2023-11-16T05:21:01.858+0000][7][gc,heap     ] GC(18) Old regions: 13->17
[2023-11-16T05:21:01.858+0000][7][gc,heap     ] GC(18) Archive regions: 2->2
[2023-11-16T05:21:01.858+0000][7][gc,heap     ] GC(18) Humongous regions: 5->5
[2023-11-16T05:21:01.858+0000][7][gc,metaspace] GC(18) Metaspace: 104042K(105472K)->104042K(105472K) NonClass: 89457K(90304K)->89457K(90304K) Class: 14585K(15168K)->14585K(15168K)
[2023-11-16T05:21:01.858+0000][7][gc          ] GC(18) Pause Young (Concurrent Start) (G1 Evacuation Pause) 376M->110M(512M) 48.611ms
[2023-11-16T05:21:01.859+0000][7][gc,cpu      ] GC(18) User=0.14s Sys=0.03s Real=0.04s
[2023-11-16T05:21:01.859+0000][7][safepoint   ] Safepoint "G1CollectForAllocation", Time since last: 422855535 ns, Reaching safepoint: 162423 ns, At safepoint: 48714360 ns, Total: 48876783 ns
[2023-11-16T05:21:01.859+0000][7][gc          ] GC(19) Concurrent Mark Cycle
[2023-11-16T05:21:01.861+0000][7][gc,marking  ] GC(19) Concurrent Clear Claimed Marks
[2023-11-16T05:21:01.861+0000][7][gc,marking  ] GC(19) Concurrent Clear Claimed Marks 0.078ms
[2023-11-16T05:21:01.861+0000][7][gc,marking  ] GC(19) Concurrent Scan Root Regions
[2023-11-16T05:21:01.890+0000][7][gc,marking  ] GC(19) Concurrent Scan Root Regions 28.722ms
[2023-11-16T05:21:01.890+0000][7][gc,marking  ] GC(19) Concurrent Mark
[2023-11-16T05:21:01.890+0000][7][gc,marking  ] GC(19) Concurrent Mark From Roots
[2023-11-16T05:21:01.890+0000][7][gc,task     ] GC(19) Using 2 workers of 2 for marking
[2023-11-16T05:21:02.028+0000][7][gc,marking  ] GC(19) Concurrent Mark From Roots 137.802ms
[2023-11-16T05:21:02.028+0000][7][gc,marking  ] GC(19) Concurrent Preclean
[2023-11-16T05:21:02.028+0000][7][gc,marking  ] GC(19) Concurrent Preclean 0.243ms
[2023-11-16T05:21:02.028+0000][7][gc,start    ] GC(19) Pause Remark
[2023-11-16T05:21:02.035+0000][7][gc          ] GC(19) Pause Remark 131M->131M(512M) 7.131ms
[2023-11-16T05:21:02.035+0000][7][gc,cpu      ] GC(19) User=0.02s Sys=0.00s Real=0.01s
[2023-11-16T05:21:02.035+0000][7][safepoint   ] Safepoint "G1Concurrent", Time since last: 169458430 ns, Reaching safepoint: 145949 ns, At safepoint: 7223240 ns, Total: 7369189 ns
[2023-11-16T05:21:02.035+0000][7][gc,marking  ] GC(19) Concurrent Mark 145.570ms
[2023-11-16T05:21:02.035+0000][7][gc,marking  ] GC(19) Concurrent Rebuild Remembered Sets
[2023-11-16T05:21:02.119+0000][7][gc,marking  ] GC(19) Concurrent Rebuild Remembered Sets 83.566ms
[2023-11-16T05:21:02.119+0000][7][gc,start    ] GC(19) Pause Cleanup
[2023-11-16T05:21:02.119+0000][7][gc          ] GC(19) Pause Cleanup 142M->142M(512M) 0.094ms
[2023-11-16T05:21:02.119+0000][7][gc,cpu      ] GC(19) User=0.00s Sys=0.00s Real=0.00s
[2023-11-16T05:21:02.119+0000][7][safepoint   ] Safepoint "G1Concurrent", Time since last: 83753496 ns, Reaching safepoint: 59891 ns, At safepoint: 147303 ns, Total: 207194 ns
[2023-11-16T05:21:02.120+0000][7][gc,marking  ] GC(19) Concurrent Cleanup for Next Mark
[2023-11-16T05:21:02.125+0000][7][gc,marking  ] GC(19) Concurrent Cleanup for Next Mark 4.564ms
[2023-11-16T05:21:02.125+0000][7][gc          ] GC(19) Concurrent Mark Cycle 266.434ms
[2023-11-16T05:21:02.699+0000][7][safepoint   ] Safepoint "ICBufferFull", Time since last: 579678104 ns, Reaching safepoint: 219141 ns, At safepoint: 9237 ns, Total: 228378 ns
[2023-11-16T05:21:03.152+0000][7][safepoint   ] Safepoint "ICBufferFull", Time since last: 449653823 ns, Reaching safepoint: 3392464 ns, At safepoint: 25565 ns, Total: 3418029 ns
[2023-11-16T05:21:04.153+0000][7][safepoint   ] Safepoint "Cleanup", Time since last: 1000152043 ns, Reaching safepoint: 78909 ns, At safepoint: 10742 ns, Total: 89651 ns
[2023-11-16T05:21:06.153+0000][7][safepoint   ] Safepoint "Cleanup", Time since last: 2000189552 ns, Reaching safepoint: 74954 ns, At safepoint: 3864 ns, Total: 78818 ns
[2023-11-16T05:21:07.153+0000][7][safepoint   ] Safepoint "Cleanup", Time since last: 1000112758 ns, Reaching safepoint: 93705 ns, At safepoint: 4762 ns, Total: 98467 ns
[2023-11-16T05:21:08.005+0000][7][safepoint   ] Safepoint "ICBufferFull", Time since last: 851822043 ns, Reaching safepoint: 589011 ns, At safepoint: 18304 ns, Total: 607315 ns
[2023-11-16T05:21:08.006+0000][7][safepoint   ] Safepoint "ICBufferFull", Time since last: 719457 ns, Reaching safepoint: 148674 ns, At safepoint: 16768 ns, Total: 165442 ns
[2023-11-16T05:21:08.007+0000][7][safepoint   ] Safepoint "ICBufferFull", Time since last: 402256 ns, Reaching safepoint: 142333 ns, At safepoint: 15179 ns, Total: 157512 ns
[2023-11-16T05:21:08.007+0000][7][safepoint   ] Safepoint "ICBufferFull", Time since last: 274682 ns, Reaching safepoint: 127003 ns, At safepoint: 13363 ns, Total: 140366 ns
[2023-11-16T05:21:08.514+0000][7][safepoint   ] Safepoint "ICBufferFull", Time since last: 506525100 ns, Reaching safepoint: 143948 ns, At safepoint: 7371 ns, Total: 151319 ns
[2023-11-16T05:21:09.514+0000][7][safepoint   ] Safepoint "Cleanup", Time since last: 1000108870 ns, Reaching safepoint: 134237 ns, At safepoint: 8187 ns, Total: 142424 ns
[2023-11-16T05:21:10.514+0000][7][safepoint   ] Safepoint "Cleanup", Time since last: 1000125205 ns, Reaching safepoint: 82068 ns, At safepoint: 6161 ns, Total: 88229 ns
[2023-11-16T05:21:11.009+0000][7][safepoint   ] Safepoint "ICBufferFull", Time since last: 493916985 ns, Reaching safepoint: 538765 ns, At safepoint: 18038 ns, Total: 556803 ns
[2023-11-16T05:21:12.009+0000][7][safepoint   ] Safepoint "Cleanup", Time since last: 1000138261 ns, Reaching safepoint: 119399 ns, At safepoint: 6350 ns, Total: 125749 ns
[2023-11-16T05:21:13.010+0000][7][safepoint   ] Safepoint "Cleanup", Time since last: 1000337549 ns, Reaching safepoint: 102514 ns, At safepoint: 7085 ns, Total: 109599 ns
[2023-11-16T05:21:14.010+0000][7][safepoint   ] Safepoint "Cleanup", Time since last: 1000126139 ns, Reaching safepoint: 194782 ns, At safepoint: 11458 ns, Total: 206240 ns
[2023-11-16T05:21:16.010+0000][7][safepoint   ] Safepoint "Cleanup", Time since last: 2000239105 ns, Reaching safepoint: 59157 ns, At safepoint: 9049 ns, Total: 68206 ns
[2023-11-16T05:21:17.011+0000][7][safepoint   ] Safepoint "Cleanup", Time since last: 1000139424 ns, Reaching safepoint: 91248 ns, At safepoint: 6978 ns, Total: 98226 ns
[2023-11-16T05:21:18.011+0000][7][safepoint   ] Safepoint "Cleanup", Time since last: 1000134703 ns, Reaching safepoint: 153053 ns, At safepoint: 8391 ns, Total: 161444 ns
[2023-11-16T05:21:19.011+0000][7][safepoint   ] Safepoint "Cleanup", Time since last: 1000136169 ns, Reaching safepoint: 48737 ns, At safepoint: 5390 ns, Total: 54127 ns
[2023-11-16T05:21:20.011+0000][7][safepoint   ] Safepoint "Cleanup", Time since last: 1000098683 ns, Reaching safepoint: 91945 ns, At safepoint: 6714 ns, Total: 98659 ns
[2023-11-16T05:21:21.011+0000][7][safepoint   ] Safepoint "Cleanup", Time since last: 1000102411 ns, Reaching safepoint: 53138 ns, At safepoint: 3375 ns, Total: 56513 ns
[2023-11-16T05:21:22.874+0000][7][safepoint   ] Safepoint "Cleanup", Time since last: 1862929808 ns, Reaching safepoint: 50616 ns, At safepoint: 3669 ns, Total: 54285 ns
[2023-11-16T05:21:22.983+0000][7][gc,start    ] GC(20) Pause Young (Normal) (G1 Evacuation Pause)
[2023-11-16T05:21:22.983+0000][7][gc,task     ] GC(20) Using 8 workers of 8 for evacuation
[2023-11-16T05:21:22.983+0000][7][gc,age      ] GC(20) Desired survivor size 20971520 bytes, new threshold 15 (max threshold 15)
[2023-11-16T05:21:22.998+0000][7][gc,age      ] GC(20) Age table with threshold 15 (max threshold 15)
[2023-11-16T05:21:22.998+0000][7][gc,age      ] GC(20) - age   1:    8608760 bytes,    8608760 total
[2023-11-16T05:21:22.998+0000][7][gc,age      ] GC(20) - age   2:    7422392 bytes,   16031152 total
[2023-11-16T05:21:22.998+0000][7][gc,age      ] GC(20) - age   3:    6617224 bytes,   22648376 total
[2023-11-16T05:21:22.998+0000][7][gc,phases   ] GC(20)   Pre Evacuate Collection Set: 0.1ms
[2023-11-16T05:21:22.998+0000][7][gc,phases   ] GC(20)   Merge Heap Roots: 0.1ms
[2023-11-16T05:21:22.998+0000][7][gc,phases   ] GC(20)   Evacuate Collection Set: 13.5ms
[2023-11-16T05:21:22.998+0000][7][gc,phases   ] GC(20)   Post Evacuate Collection Set: 1.0ms
[2023-11-16T05:21:22.998+0000][7][gc,phases   ] GC(20)   Other: 0.2ms
[2023-11-16T05:21:22.998+0000][7][gc,heap     ] GC(20) Eden regions: 70->0(69)
[2023-11-16T05:21:22.998+0000][7][gc,heap     ] GC(20) Survivor regions: 5->6(10)
[2023-11-16T05:21:22.998+0000][7][gc,heap     ] GC(20) Old regions: 17->17
[2023-11-16T05:21:22.998+0000][7][gc,heap     ] GC(20) Archive regions: 2->2
[2023-11-16T05:21:22.998+0000][7][gc,heap     ] GC(20) Humongous regions: 5->5
[2023-11-16T05:21:22.998+0000][7][gc,metaspace] GC(20) Metaspace: 110533K(112192K)->110533K(112192K) NonClass: 95169K(96128K)->95169K(96128K) Class: 15364K(16064K)->15364K(16064K)
[2023-11-16T05:21:22.998+0000][7][gc          ] GC(20) Pause Young (Normal) (G1 Evacuation Pause) 390M->113M(512M) 14.955ms
[2023-11-16T05:21:22.998+0000][7][gc,cpu      ] GC(20) User=0.07s Sys=0.00s Real=0.01s
[2023-11-16T05:21:22.998+0000][7][safepoint   ] Safepoint "G1CollectForAllocation", Time since last: 108388882 ns, Reaching safepoint: 134574 ns, At safepoint: 15040697 ns, Total: 15175271 ns
[2023-11-16T05:21:23.998+0000][7][safepoint   ] Safepoint "Cleanup", Time since last: 1000077754 ns, Reaching safepoint: 105909 ns, At safepoint: 5798 ns, Total: 111707 ns
[2023-11-16T05:21:24.998+0000][7][safepoint   ] Safepoint "Cleanup", Time since last: 1000100421 ns, Reaching safepoint: 47136 ns, At safepoint: 4128 ns, Total: 51264 ns
[2023-11-16T05:21:25.998+0000][7][safepoint   ] Safepoint "Cleanup", Time since last: 1000095059 ns, Reaching safepoint: 74708 ns, At safepoint: 5454 ns, Total: 80162 ns
[2023-11-16T05:21:26.999+0000][7][safepoint   ] Safepoint "Cleanup", Time since last: 1000106061 ns, Reaching safepoint: 146547 ns, At safepoint: 4481 ns, Total: 151028 ns
[2023-11-16T05:21:27.548+0000][7][safepoint   ] Safepoint "ICBufferFull", Time since last: 548661820 ns, Reaching safepoint: 189507 ns, At safepoint: 9715 ns, Total: 199222 ns
[2023-11-16T05:21:27.604+0000][7][safepoint   ] Safepoint "ICBufferFull", Time since last: 56453241 ns, Reaching safepoint: 178549 ns, At safepoint: 4603 ns, Total: 183152 ns
[2023-11-16T05:21:28.069+0000][7][safepoint   ] Safepoint "ICBufferFull", Time since last: 464787887 ns, Reaching safepoint: 158173 ns, At safepoint: 4841 ns, Total: 163014 ns
[2023-11-16T05:21:28.897+0000][7][safepoint   ] Safepoint "ICBufferFull", Time since last: 827927077 ns, Reaching safepoint: 213888 ns, At safepoint: 11948 ns, Total: 225836 ns
[2023-11-16T05:21:29.898+0000][7][safepoint   ] Safepoint "Cleanup", Time since last: 1000091442 ns, Reaching safepoint: 129543 ns, At safepoint: 4459 ns, Total: 134002 ns
[2023-11-16T05:21:30.898+0000][7][safepoint   ] Safepoint "Cleanup", Time since last: 1000093269 ns, Reaching safepoint: 123693 ns, At safepoint: 3478 ns, Total: 127171 ns
[2023-11-16T05:21:31.895+0000][7][safepoint   ] Safepoint "ICBufferFull", Time since last: 997114041 ns, Reaching safepoint: 281323 ns, At safepoint: 10176 ns, Total: 291499 ns
[2023-11-16T05:21:32.895+0000][7][safepoint   ] Safepoint "Cleanup", Time since last: 1000143176 ns, Reaching safepoint: 118904 ns, At safepoint: 9027 ns, Total: 127931 ns
[2023-11-16T05:21:33.896+0000][7][safepoint   ] Safepoint "Cleanup", Time since last: 1000093164 ns, Reaching safepoint: 133163 ns, At safepoint: 10502 ns, Total: 143665 ns
[2023-11-16T05:21:34.896+0000][7][safepoint   ] Safepoint "Cleanup", Time since last: 1000643401 ns, Reaching safepoint: 114915 ns, At safepoint: 5138 ns, Total: 120053 ns
[2023-11-16T05:21:35.671+0000][7][safepoint   ] Safepoint "ICBufferFull", Time since last: 773942237 ns, Reaching safepoint: 157035 ns, At safepoint: 9927 ns, Total: 166962 ns
[2023-11-16T05:21:36.430+0000][7][safepoint   ] Safepoint "ICBufferFull", Time since last: 759382994 ns, Reaching safepoint: 230364 ns, At safepoint: 8279 ns, Total: 238643 ns
[2023-11-16T05:21:37.444+0000][7][safepoint   ] Safepoint "Cleanup", Time since last: 1013811047 ns, Reaching safepoint: 85466 ns, At safepoint: 11575 ns, Total: 97041 ns
[2023-11-16T05:21:38.444+0000][7][safepoint   ] Safepoint "Cleanup", Time since last: 1000114780 ns, Reaching safepoint: 122831 ns, At safepoint: 15474 ns, Total: 138305 ns
[2023-11-16T05:21:39.445+0000][7][safepoint   ] Safepoint "Cleanup", Time since last: 1000117634 ns, Reaching safepoint: 81368 ns, At safepoint: 8170 ns, Total: 89538 ns
[2023-11-16T05:21:40.445+0000][7][safepoint   ] Safepoint "Cleanup", Time since last: 1000099814 ns, Reaching safepoint: 67833 ns, At safepoint: 5891 ns, Total: 73724 ns
[2023-11-16T05:21:41.445+0000][7][safepoint   ] Safepoint "Cleanup", Time since last: 1000091463 ns, Reaching safepoint: 80563 ns, At safepoint: 8065 ns, Total: 88628 ns
[2023-11-16T05:21:42.445+0000][7][safepoint   ] Safepoint "Cleanup", Time since last: 1000098224 ns, Reaching safepoint: 94219 ns, At safepoint: 8210 ns, Total: 102429 ns
[2023-11-16T05:21:43.222+0000][7][gc,start    ] GC(21) Pause Young (Normal) (G1 Evacuation Pause)
[2023-11-16T05:21:43.222+0000][7][gc,task     ] GC(21) Using 8 workers of 8 for evacuation
[2023-11-16T05:21:43.222+0000][7][gc,age      ] GC(21) Desired survivor size 20971520 bytes, new threshold 3 (max threshold 15)
[2023-11-16T05:21:43.238+0000][7][gc,age      ] GC(21) Age table with threshold 3 (max threshold 15)
[2023-11-16T05:21:43.238+0000][7][gc,age      ] GC(21) - age   1:    2966648 bytes,    2966648 total
[2023-11-16T05:21:43.238+0000][7][gc,age      ] GC(21) - age   2:    7355176 bytes,   10321824 total
[2023-11-16T05:21:43.238+0000][7][gc,age      ] GC(21) - age   3:    7358472 bytes,   17680296 total
[2023-11-16T05:21:43.238+0000][7][gc,phases   ] GC(21)   Pre Evacuate Collection Set: 0.1ms
[2023-11-16T05:21:43.238+0000][7][gc,phases   ] GC(21)   Merge Heap Roots: 0.1ms
[2023-11-16T05:21:43.238+0000][7][gc,phases   ] GC(21)   Evacuate Collection Set: 15.4ms
[2023-11-16T05:21:43.238+0000][7][gc,phases   ] GC(21)   Post Evacuate Collection Set: 1.0ms
[2023-11-16T05:21:43.238+0000][7][gc,phases   ] GC(21)   Other: 0.2ms
[2023-11-16T05:21:43.238+0000][7][gc,heap     ] GC(21) Eden regions: 69->0(70)
[2023-11-16T05:21:43.238+0000][7][gc,heap     ] GC(21) Survivor regions: 6->5(10)
[2023-11-16T05:21:43.238+0000][7][gc,heap     ] GC(21) Old regions: 17->19
[2023-11-16T05:21:43.238+0000][7][gc,heap     ] GC(21) Archive regions: 2->2
[2023-11-16T05:21:43.238+0000][7][gc,heap     ] GC(21) Humongous regions: 5->5
[2023-11-16T05:21:43.238+0000][7][gc,metaspace] GC(21) Metaspace: 112690K(114304K)->112690K(114304K) NonClass: 97296K(98240K)->97296K(98240K) Class: 15393K(16064K)->15393K(16064K)
[2023-11-16T05:21:43.238+0000][7][gc          ] GC(21) Pause Young (Normal) (G1 Evacuation Pause) 389M->116M(512M) 16.799ms
[2023-11-16T05:21:43.238+0000][7][gc,cpu      ] GC(21) User=0.08s Sys=0.00s Real=0.01s
[2023-11-16T05:21:43.238+0000][7][safepoint   ] Safepoint "G1CollectForAllocation", Time since last: 776497068 ns, Reaching safepoint: 47014 ns, At safepoint: 16874839 ns, Total: 16921853 ns
[2023-11-16T05:21:44.239+0000][7][safepoint   ] Safepoint "Cleanup", Time since last: 1000121082 ns, Reaching safepoint: 141756 ns, At safepoint: 11125 ns, Total: 152881 ns
[2023-11-16T05:21:45.239+0000][7][safepoint   ] Safepoint "Cleanup", Time since last: 1000103661 ns, Reaching safepoint: 172881 ns, At safepoint: 13116 ns, Total: 185997 ns
[2023-11-16T05:21:46.239+0000][7][safepoint   ] Safepoint "Cleanup", Time since last: 1000112621 ns, Reaching safepoint: 75960 ns, At safepoint: 5444 ns, Total: 81404 ns
[2023-11-16T05:21:47.239+0000][7][safepoint   ] Safepoint "Cleanup", Time since last: 1000123998 ns, Reaching safepoint: 109577 ns, At safepoint: 8606 ns, Total: 118183 ns
[2023-11-16T05:21:48.240+0000][7][safepoint   ] Safepoint "Cleanup", Time since last: 1000142936 ns, Reaching safepoint: 53671 ns, At safepoint: 4838 ns, Total: 58509 ns
[2023-11-16T05:21:49.240+0000][7][safepoint   ] Safepoint "Cleanup", Time since last: 1000098085 ns, Reaching safepoint: 67953 ns, At safepoint: 5860 ns, Total: 73813 ns
[2023-11-16T05:21:50.240+0000][7][safepoint   ] Safepoint "Cleanup", Time since last: 1000138955 ns, Reaching safepoint: 108137 ns, At safepoint: 8949 ns, Total: 117086 ns
[2023-11-16T05:21:52.189+0000][7][safepoint   ] Safepoint "Cleanup", Time since last: 1948719862 ns, Reaching safepoint: 147809 ns, At safepoint: 8969 ns, Total: 156778 ns
[2023-11-16T05:21:53.189+0000][7][safepoint   ] Safepoint "Cleanup", Time since last: 1000108883 ns, Reaching safepoint: 86140 ns, At safepoint: 7122 ns, Total: 93262 ns
[2023-11-16T05:21:54.189+0000][7][safepoint   ] Safepoint "Cleanup", Time since last: 1000109349 ns, Reaching safepoint: 121090 ns, At safepoint: 6346 ns, Total: 127436 ns
[2023-11-16T05:21:55.190+0000][7][safepoint   ] Safepoint "Cleanup", Time since last: 1000109709 ns, Reaching safepoint: 55700 ns, At safepoint: 8467 ns, Total: 64167 ns
[2023-11-16T05:21:56.190+0000][7][safepoint   ] Safepoint "Cleanup", Time since last: 1000098635 ns, Reaching safepoint: 69081 ns, At safepoint: 7181 ns, Total: 76262 ns
[2023-11-16T05:21:57.190+0000][7][safepoint   ] Safepoint "Cleanup", Time since last: 1000120351 ns, Reaching safepoint: 204501 ns, At safepoint: 20620 ns, Total: 225121 ns
[2023-11-16T05:21:58.190+0000][7][safepoint   ] Safepoint "Cleanup", Time since last: 1000128038 ns, Reaching safepoint: 170820 ns, At safepoint: 21841 ns, Total: 192661 ns
[2023-11-16T05:21:58.988+0000][7][gc,start    ] GC(22) Pause Young (Normal) (G1 Evacuation Pause)
[2023-11-16T05:21:58.988+0000][7][gc,task     ] GC(22) Using 8 workers of 8 for evacuation
[2023-11-16T05:21:58.988+0000][7][gc,age      ] GC(22) Desired survivor size 20971520 bytes, new threshold 15 (max threshold 15)
[2023-11-16T05:21:59.001+0000][7][gc,age      ] GC(22) Age table with threshold 15 (max threshold 15)
[2023-11-16T05:21:59.001+0000][7][gc,age      ] GC(22) - age   1:    1681080 bytes,    1681080 total
[2023-11-16T05:21:59.001+0000][7][gc,age      ] GC(22) - age   2:    1900192 bytes,    3581272 total
[2023-11-16T05:21:59.001+0000][7][gc,age      ] GC(22) - age   3:    7240336 bytes,   10821608 total
[2023-11-16T05:21:59.001+0000][7][gc,age      ] GC(22) - age   4:    7358472 bytes,   18180080 total
[2023-11-16T05:21:59.001+0000][7][gc,phases   ] GC(22)   Pre Evacuate Collection Set: 0.1ms
[2023-11-16T05:21:59.001+0000][7][gc,phases   ] GC(22)   Merge Heap Roots: 0.1ms
[2023-11-16T05:21:59.001+0000][7][gc,phases   ] GC(22)   Evacuate Collection Set: 11.6ms
[2023-11-16T05:21:59.001+0000][7][gc,phases   ] GC(22)   Post Evacuate Collection Set: 0.9ms
[2023-11-16T05:21:59.001+0000][7][gc,phases   ] GC(22)   Other: 0.2ms
[2023-11-16T05:21:59.001+0000][7][gc,heap     ] GC(22) Eden regions: 70->0(71)
[2023-11-16T05:21:59.001+0000][7][gc,heap     ] GC(22) Survivor regions: 5->5(10)
[2023-11-16T05:21:59.001+0000][7][gc,heap     ] GC(22) Old regions: 19->19
[2023-11-16T05:21:59.001+0000][7][gc,heap     ] GC(22) Archive regions: 2->2
[2023-11-16T05:21:59.001+0000][7][gc,heap     ] GC(22) Humongous regions: 5->5
[2023-11-16T05:21:59.001+0000][7][gc,metaspace] GC(22) Metaspace: 112916K(114560K)->112916K(114560K) NonClass: 97521K(98496K)->97521K(98496K) Class: 15394K(16064K)->15394K(16064K)
[2023-11-16T05:21:59.001+0000][7][gc          ] GC(22) Pause Young (Normal) (G1 Evacuation Pause) 396M->116M(512M) 12.903ms
[2023-11-16T05:21:59.001+0000][7][gc,cpu      ] GC(22) User=0.05s Sys=0.00s Real=0.02s
[2023-11-16T05:21:59.001+0000][7][safepoint   ] Safepoint "G1CollectForAllocation", Time since last: 797777163 ns, Reaching safepoint: 66682 ns, At safepoint: 12992149 ns, Total: 13058831 ns
[2023-11-16T05:22:00.002+0000][7][safepoint   ] Safepoint "Cleanup", Time since last: 1000080560 ns, Reaching safepoint: 135240 ns, At safepoint: 7560 ns, Total: 142800 ns
[2023-11-16T05:22:01.002+0000][7][safepoint   ] Safepoint "Cleanup", Time since last: 1000102735 ns, Reaching safepoint: 60772 ns, At safepoint: 4769 ns, Total: 65541 ns
[2023-11-16T05:22:02.002+0000][7][safepoint   ] Safepoint "Cleanup", Time since last: 1000095965 ns, Reaching safepoint: 76172 ns, At safepoint: 8316 ns, Total: 84488 ns
[2023-11-16T05:22:03.002+0000][7][safepoint   ] Safepoint "Cleanup", Time since last: 1000106119 ns, Reaching safepoint: 176584 ns, At safepoint: 4596 ns, Total: 181180 ns
[2023-11-16T05:22:04.002+0000][7][safepoint   ] Safepoint "Cleanup", Time since last: 1000191563 ns, Reaching safepoint: 65276 ns, At safepoint: 9297 ns, Total: 74573 ns
[2023-11-16T05:22:05.003+0000][7][safepoint   ] Safepoint "Cleanup", Time since last: 1000112019 ns, Reaching safepoint: 83921 ns, At safepoint: 5020 ns, Total: 88941 ns
[2023-11-16T05:22:06.003+0000][7][safepoint   ] Safepoint "Cleanup", Time since last: 1000091475 ns, Reaching safepoint: 53862 ns, At safepoint: 9975 ns, Total: 63837 ns
[2023-11-16T05:22:07.102+0000][7][safepoint   ] Safepoint "Cleanup", Time since last: 1098968013 ns, Reaching safepoint: 90882 ns, At safepoint: 3004 ns, Total: 93886 ns
[2023-11-16T05:22:08.870+0000][7][safepoint   ] Safepoint "Cleanup", Time since last: 1768146288 ns, Reaching safepoint: 184352 ns, At safepoint: 10566 ns, Total: 194918 ns
[2023-11-16T05:22:09.870+0000][7][safepoint   ] Safepoint "Cleanup", Time since last: 1000125828 ns, Reaching safepoint: 43003 ns, At safepoint: 8891 ns, Total: 51894 ns
[2023-11-16T05:22:10.870+0000][7][safepoint   ] Safepoint "Cleanup", Time since last: 1000103716 ns, Reaching safepoint: 46038 ns, At safepoint: 3586 ns, Total: 49624 ns
[2023-11-16T05:22:11.871+0000][7][safepoint   ] Safepoint "Cleanup", Time since last: 1000087143 ns, Reaching safepoint: 81166 ns, At safepoint: 9517 ns, Total: 90683 ns
[2023-11-16T05:22:12.871+0000][7][safepoint   ] Safepoint "Cleanup", Time since last: 1000095927 ns, Reaching safepoint: 51497 ns, At safepoint: 3812 ns, Total: 55309 ns
[2023-11-16T05:22:13.871+0000][7][safepoint   ] Safepoint "Cleanup", Time since last: 1000094320 ns, Reaching safepoint: 45102 ns, At safepoint: 5586 ns, Total: 50688 ns
[2023-11-16T05:22:14.677+0000][7][gc,start    ] GC(23) Pause Young (Normal) (G1 Evacuation Pause)
[2023-11-16T05:22:14.677+0000][7][gc,task     ] GC(23) Using 8 workers of 8 for evacuation
[2023-11-16T05:22:14.677+0000][7][gc,age      ] GC(23) Desired survivor size 20971520 bytes, new threshold 15 (max threshold 15)
[2023-11-16T05:22:14.689+0000][7][gc,age      ] GC(23) Age table with threshold 15 (max threshold 15)
[2023-11-16T05:22:14.689+0000][7][gc,age      ] GC(23) - age   1:    2087960 bytes,    2087960 total
[2023-11-16T05:22:14.689+0000][7][gc,age      ] GC(23) - age   2:     558680 bytes,    2646640 total
[2023-11-16T05:22:14.689+0000][7][gc,age      ] GC(23) - age   3:    1811192 bytes,    4457832 total
[2023-11-16T05:22:14.689+0000][7][gc,age      ] GC(23) - age   4:    7137280 bytes,   11595112 total
[2023-11-16T05:22:14.689+0000][7][gc,age      ] GC(23) - age   5:    7358368 bytes,   18953480 total
[2023-11-16T05:22:14.689+0000][7][gc,phases   ] GC(23)   Pre Evacuate Collection Set: 0.1ms
[2023-11-16T05:22:14.689+0000][7][gc,phases   ] GC(23)   Merge Heap Roots: 0.1ms
[2023-11-16T05:22:14.689+0000][7][gc,phases   ] GC(23)   Evacuate Collection Set: 10.5ms
[2023-11-16T05:22:14.689+0000][7][gc,phases   ] GC(23)   Post Evacuate Collection Set: 0.9ms
[2023-11-16T05:22:14.689+0000][7][gc,phases   ] GC(23)   Other: 0.2ms
[2023-11-16T05:22:14.689+0000][7][gc,heap     ] GC(23) Eden regions: 71->0(71)
[2023-11-16T05:22:14.689+0000][7][gc,heap     ] GC(23) Survivor regions: 5->5(10)
[2023-11-16T05:22:14.689+0000][7][gc,heap     ] GC(23) Old regions: 19->19
[2023-11-16T05:22:14.689+0000][7][gc,heap     ] GC(23) Archive regions: 2->2
[2023-11-16T05:22:14.689+0000][7][gc,heap     ] GC(23) Humongous regions: 5->5
[2023-11-16T05:22:14.689+0000][7][gc,metaspace] GC(23) Metaspace: 113201K(114816K)->113201K(114816K) NonClass: 97801K(98752K)->97801K(98752K) Class: 15399K(16064K)->15399K(16064K)
[2023-11-16T05:22:14.689+0000][7][gc          ] GC(23) Pause Young (Normal) (G1 Evacuation Pause) 400M->117M(512M) 11.670ms
[2023-11-16T05:22:14.689+0000][7][gc,cpu      ] GC(23) User=0.06s Sys=0.00s Real=0.02s
[2023-11-16T05:22:14.689+0000][7][safepoint   ] Safepoint "G1CollectForAllocation", Time since last: 806295933 ns, Reaching safepoint: 80301 ns, At safepoint: 11734005 ns, Total: 11814306 ns
[2023-11-16T05:22:15.689+0000][7][safepoint   ] Safepoint "Cleanup", Time since last: 1000077396 ns, Reaching safepoint: 62022 ns, At safepoint: 10380 ns, Total: 72402 ns
[2023-11-16T05:22:16.689+0000][7][safepoint   ] Safepoint "Cleanup", Time since last: 1000108385 ns, Reaching safepoint: 65731 ns, At safepoint: 11157 ns, Total: 76888 ns
[2023-11-16T05:22:17.690+0000][7][safepoint   ] Safepoint "Cleanup", Time since last: 1000127074 ns, Reaching safepoint: 43210 ns, At safepoint: 8586 ns, Total: 51796 ns
[2023-11-16T05:22:18.690+0000][7][safepoint   ] Safepoint "Cleanup", Time since last: 1000091608 ns, Reaching safepoint: 46043 ns, At safepoint: 6344 ns, Total: 52387 ns
[2023-11-16T05:22:19.690+0000][7][safepoint   ] Safepoint "Cleanup", Time since last: 1000094625 ns, Reaching safepoint: 49343 ns, At safepoint: 4316 ns, Total: 53659 ns
[2023-11-16T05:22:20.690+0000][7][safepoint   ] Safepoint "Cleanup", Time since last: 1000128042 ns, Reaching safepoint: 98464 ns, At safepoint: 7411 ns, Total: 105875 ns
[2023-11-16T05:22:21.690+0000][7][safepoint   ] Safepoint "Cleanup", Time since last: 1000096732 ns, Reaching safepoint: 87674 ns, At safepoint: 10464 ns, Total: 98138 ns
[2023-11-16T05:22:22.691+0000][7][safepoint   ] Safepoint "Cleanup", Time since last: 1000103660 ns, Reaching safepoint: 121187 ns, At safepoint: 5031 ns, Total: 126218 ns
[2023-11-16T05:22:23.691+0000][7][safepoint   ] Safepoint "Cleanup", Time since last: 1000109117 ns, Reaching safepoint: 57825 ns, At safepoint: 4048 ns, Total: 61873 ns
[2023-11-16T05:22:24.691+0000][7][safepoint   ] Safepoint "Cleanup", Time since last: 1000088428 ns, Reaching safepoint: 60138 ns, At safepoint: 5009 ns, Total: 65147 ns
[2023-11-16T05:22:25.691+0000][7][safepoint   ] Safepoint "Cleanup", Time since last: 1000099043 ns, Reaching safepoint: 45758 ns, At safepoint: 3349 ns, Total: 49107 ns
[2023-11-16T05:22:26.691+0000][7][safepoint   ] Safepoint "Cleanup", Time since last: 1000109064 ns, Reaching safepoint: 58829 ns, At safepoint: 6216 ns, Total: 65045 ns
[2023-11-16T05:22:27.691+0000][7][safepoint   ] Safepoint "Cleanup", Time since last: 1000100875 ns, Reaching safepoint: 67646 ns, At safepoint: 4670 ns, Total: 72316 ns
[2023-11-16T05:22:28.692+0000][7][safepoint   ] Safepoint "Cleanup", Time since last: 1000095453 ns, Reaching safepoint: 39217 ns, At safepoint: 8202 ns, Total: 47419 ns
[2023-11-16T05:22:29.692+0000][7][safepoint   ] Safepoint "Cleanup", Time since last: 1000089525 ns, Reaching safepoint: 50998 ns, At safepoint: 8004 ns, Total: 59002 ns
[2023-11-16T05:22:30.692+0000][7][safepoint   ] Safepoint "Cleanup", Time since last: 1000088978 ns, Reaching safepoint: 46256 ns, At safepoint: 3824 ns, Total: 50080 ns
[2023-11-16T05:22:31.045+0000][7][gc,start    ] GC(24) Pause Young (Normal) (G1 Evacuation Pause)
[2023-11-16T05:22:31.045+0000][7][gc,task     ] GC(24) Using 8 workers of 8 for evacuation
[2023-11-16T05:22:31.045+0000][7][gc,age      ] GC(24) Desired survivor size 20971520 bytes, new threshold 15 (max threshold 15)
[2023-11-16T05:22:31.056+0000][7][gc,age      ] GC(24) Age table with threshold 15 (max threshold 15)
[2023-11-16T05:22:31.056+0000][7][gc,age      ] GC(24) - age   1:    1542200 bytes,    1542200 total
[2023-11-16T05:22:31.056+0000][7][gc,age      ] GC(24) - age   2:     530232 bytes,    2072432 total
[2023-11-16T05:22:31.056+0000][7][gc,age      ] GC(24) - age   3:     477920 bytes,    2550352 total
[2023-11-16T05:22:31.056+0000][7][gc,age      ] GC(24) - age   4:    1795240 bytes,    4345592 total
[2023-11-16T05:22:31.056+0000][7][gc,age      ] GC(24) - age   5:    7137056 bytes,   11482648 total
[2023-11-16T05:22:31.056+0000][7][gc,age      ] GC(24) - age   6:    7358368 bytes,   18841016 total
[2023-11-16T05:22:31.056+0000][7][gc,phases   ] GC(24)   Pre Evacuate Collection Set: 0.1ms
[2023-11-16T05:22:31.056+0000][7][gc,phases   ] GC(24)   Merge Heap Roots: 0.1ms
[2023-11-16T05:22:31.056+0000][7][gc,phases   ] GC(24)   Evacuate Collection Set: 10.0ms
[2023-11-16T05:22:31.056+0000][7][gc,phases   ] GC(24)   Post Evacuate Collection Set: 0.8ms
[2023-11-16T05:22:31.056+0000][7][gc,phases   ] GC(24)   Other: 0.2ms
[2023-11-16T05:22:31.056+0000][7][gc,heap     ] GC(24) Eden regions: 71->0(71)
[2023-11-16T05:22:31.056+0000][7][gc,heap     ] GC(24) Survivor regions: 5->5(10)
[2023-11-16T05:22:31.056+0000][7][gc,heap     ] GC(24) Old regions: 19->19
[2023-11-16T05:22:31.056+0000][7][gc,heap     ] GC(24) Archive regions: 2->2
[2023-11-16T05:22:31.056+0000][7][gc,heap     ] GC(24) Humongous regions: 5->5
[2023-11-16T05:22:31.056+0000][7][gc,metaspace] GC(24) Metaspace: 113320K(114944K)->113320K(114944K) NonClass: 97919K(98880K)->97919K(98880K) Class: 15400K(16064K)->15400K(16064K)
[2023-11-16T05:22:31.056+0000][7][gc          ] GC(24) Pause Young (Normal) (G1 Evacuation Pause) 401M->117M(512M) 11.062ms
[2023-11-16T05:22:31.056+0000][7][gc,cpu      ] GC(24) User=0.05s Sys=0.00s Real=0.01s
[2023-11-16T05:22:31.056+0000][7][safepoint   ] Safepoint "G1CollectForAllocation", Time since last: 353180336 ns, Reaching safepoint: 56599 ns, At safepoint: 11131446 ns, Total: 11188045 ns
[2023-11-16T05:22:32.979+0000][7][safepoint   ] Safepoint "Cleanup", Time since last: 1922213301 ns, Reaching safepoint: 113210 ns, At safepoint: 7740 ns, Total: 120950 ns
[2023-11-16T05:22:33.979+0000][7][safepoint   ] Safepoint "Cleanup", Time since last: 1000091343 ns, Reaching safepoint: 40662 ns, At safepoint: 8942 ns, Total: 49604 ns
[2023-11-16T05:22:34.979+0000][7][safepoint   ] Safepoint "Cleanup", Time since last: 1000087607 ns, Reaching safepoint: 50158 ns, At safepoint: 3753 ns, Total: 53911 ns
[2023-11-16T05:22:35.979+0000][7][safepoint   ] Safepoint "Cleanup", Time since last: 1000099105 ns, Reaching safepoint: 44890 ns, At safepoint: 8870 ns, Total: 53760 ns
[2023-11-16T05:22:36.979+0000][7][safepoint   ] Safepoint "Cleanup", Time since last: 1000094677 ns, Reaching safepoint: 43107 ns, At safepoint: 4067 ns, Total: 47174 ns
[2023-11-16T05:22:37.979+0000][7][safepoint   ] Safepoint "Cleanup", Time since last: 1000102764 ns, Reaching safepoint: 57679 ns, At safepoint: 7496 ns, Total: 65175 ns
[2023-11-16T05:22:38.980+0000][7][safepoint   ] Safepoint "Cleanup", Time since last: 1000134919 ns, Reaching safepoint: 132896 ns, At safepoint: 9364 ns, Total: 142260 ns
[2023-11-16T05:22:39.980+0000][7][safepoint   ] Safepoint "Cleanup", Time since last: 1000106308 ns, Reaching safepoint: 51737 ns, At safepoint: 3532 ns, Total: 55269 ns
[2023-11-16T05:22:40.980+0000][7][safepoint   ] Safepoint "Cleanup", Time since last: 1000092658 ns, Reaching safepoint: 47801 ns, At safepoint: 3777 ns, Total: 51578 ns
[2023-11-16T05:22:41.980+0000][7][safepoint   ] Safepoint "Cleanup", Time since last: 1000084417 ns, Reaching safepoint: 32841 ns, At safepoint: 3135 ns, Total: 35976 ns
[2023-11-16T05:22:42.980+0000][7][safepoint   ] Safepoint "Cleanup", Time since last: 1000122528 ns, Reaching safepoint: 48568 ns, At safepoint: 4928 ns, Total: 53496 ns
[2023-11-16T05:22:43.980+0000][7][safepoint   ] Safepoint "Cleanup", Time since last: 1000113356 ns, Reaching safepoint: 63799 ns, At safepoint: 11629 ns, Total: 75428 ns
[2023-11-16T05:22:44.980+0000][7][safepoint   ] Safepoint "Cleanup", Time since last: 1000105800 ns, Reaching safepoint: 53073 ns, At safepoint: 5969 ns, Total: 59042 ns
[2023-11-16T05:22:45.981+0000][7][safepoint   ] Safepoint "Cleanup", Time since last: 1000089609 ns, Reaching safepoint: 61563 ns, At safepoint: 3855 ns, Total: 65418 ns
[2023-11-16T05:22:46.959+0000][7][gc,start    ] GC(25) Pause Young (Normal) (G1 Evacuation Pause)
[2023-11-16T05:22:46.959+0000][7][gc,task     ] GC(25) Using 8 workers of 8 for evacuation
[2023-11-16T05:22:46.959+0000][7][gc,age      ] GC(25) Desired survivor size 20971520 bytes, new threshold 15 (max threshold 15)
[2023-11-16T05:22:46.972+0000][7][gc,age      ] GC(25) Age table with threshold 15 (max threshold 15)
[2023-11-16T05:22:46.972+0000][7][gc,age      ] GC(25) - age   1:    1736576 bytes,    1736576 total
[2023-11-16T05:22:46.972+0000][7][gc,age      ] GC(25) - age   2:     651920 bytes,    2388496 total
[2023-11-16T05:22:46.972+0000][7][gc,age      ] GC(25) - age   3:     527592 bytes,    2916088 total
[2023-11-16T05:22:46.972+0000][7][gc,age      ] GC(25) - age   4:     339496 bytes,    3255584 total
[2023-11-16T05:22:46.972+0000][7][gc,age      ] GC(25) - age   5:    1794688 bytes,    5050272 total
[2023-11-16T05:22:46.972+0000][7][gc,age      ] GC(25) - age   6:    7136336 bytes,   12186608 total
[2023-11-16T05:22:46.972+0000][7][gc,age      ] GC(25) - age   7:    7358368 bytes,   19544976 total
[2023-11-16T05:22:46.972+0000][7][gc,phases   ] GC(25)   Pre Evacuate Collection Set: 0.1ms
[2023-11-16T05:22:46.972+0000][7][gc,phases   ] GC(25)   Merge Heap Roots: 0.1ms
[2023-11-16T05:22:46.972+0000][7][gc,phases   ] GC(25)   Evacuate Collection Set: 11.4ms
[2023-11-16T05:22:46.972+0000][7][gc,phases   ] GC(25)   Post Evacuate Collection Set: 0.9ms
[2023-11-16T05:22:46.972+0000][7][gc,phases   ] GC(25)   Other: 0.2ms
[2023-11-16T05:22:46.972+0000][7][gc,heap     ] GC(25) Eden regions: 71->0(70)
[2023-11-16T05:22:46.972+0000][7][gc,heap     ] GC(25) Survivor regions: 5->6(10)
[2023-11-16T05:22:46.972+0000][7][gc,heap     ] GC(25) Old regions: 19->19
[2023-11-16T05:22:46.972+0000][7][gc,heap     ] GC(25) Archive regions: 2->2
[2023-11-16T05:22:46.972+0000][7][gc,heap     ] GC(25) Humongous regions: 5->5
[2023-11-16T05:22:46.972+0000][7][gc,metaspace] GC(25) Metaspace: 113434K(115008K)->113434K(115008K) NonClass: 98030K(98944K)->98030K(98944K) Class: 15403K(16064K)->15403K(16064K)
[2023-11-16T05:22:46.972+0000][7][gc          ] GC(25) Pause Young (Normal) (G1 Evacuation Pause) 401M->118M(512M) 12.680ms
[2023-11-16T05:22:46.972+0000][7][gc,cpu      ] GC(25) User=0.05s Sys=0.01s Real=0.01s
[2023-11-16T05:22:46.972+0000][7][safepoint   ] Safepoint "G1CollectForAllocation", Time since last: 978493136 ns, Reaching safepoint: 67619 ns, At safepoint: 12759215 ns, Total: 12826834 ns
[2023-11-16T05:22:47.972+0000][7][safepoint   ] Safepoint "Cleanup", Time since last: 1000103084 ns, Reaching safepoint: 94091 ns, At safepoint: 4916 ns, Total: 99007 ns
[2023-11-16T05:22:48.972+0000][7][safepoint   ] Safepoint "Cleanup", Time since last: 1000106905 ns, Reaching safepoint: 33871 ns, At safepoint: 3135 ns, Total: 37006 ns
[2023-11-16T05:22:49.972+0000][7][safepoint   ] Safepoint "Cleanup", Time since last: 1000095366 ns, Reaching safepoint: 87119 ns, At safepoint: 5032 ns, Total: 92151 ns
[2023-11-16T05:22:50.973+0000][7][safepoint   ] Safepoint "Cleanup", Time since last: 1000095812 ns, Reaching safepoint: 52456 ns, At safepoint: 3848 ns, Total: 56304 ns
[2023-11-16T05:22:52.400+0000][7][safepoint   ] Safepoint "Cleanup", Time since last: 1427263144 ns, Reaching safepoint: 83403 ns, At safepoint: 4098 ns, Total: 87501 ns
[2023-11-16T05:22:53.400+0000][7][safepoint   ] Safepoint "Cleanup", Time since last: 1000138368 ns, Reaching safepoint: 56096 ns, At safepoint: 5365 ns, Total: 61461 ns
[2023-11-16T05:22:54.448+0000][7][safepoint   ] Safepoint "Cleanup", Time since last: 1047615539 ns, Reaching safepoint: 60312 ns, At safepoint: 10439 ns, Total: 70751 ns
[2023-11-16T05:22:55.448+0000][7][safepoint   ] Safepoint "Cleanup", Time since last: 1000095114 ns, Reaching safepoint: 62942 ns, At safepoint: 9883 ns, Total: 72825 ns
[2023-11-16T05:22:56.448+0000][7][safepoint   ] Safepoint "Cleanup", Time since last: 1000131132 ns, Reaching safepoint: 112349 ns, At safepoint: 6916 ns, Total: 119265 ns
[2023-11-16T05:22:57.448+0000][7][safepoint   ] Safepoint "Cleanup", Time since last: 1000089830 ns, Reaching safepoint: 65003 ns, At safepoint: 6815 ns, Total: 71818 ns
[2023-11-16T05:22:58.449+0000][7][safepoint   ] Safepoint "Cleanup", Time since last: 1000132267 ns, Reaching safepoint: 28453 ns, At safepoint: 4489 ns, Total: 32942 ns
[2023-11-16T05:22:59.449+0000][7][safepoint   ] Safepoint "Cleanup", Time since last: 1000112098 ns, Reaching safepoint: 71330 ns, At safepoint: 10267 ns, Total: 81597 ns
[2023-11-16T05:23:00.449+0000][7][safepoint   ] Safepoint "Cleanup", Time since last: 1000112388 ns, Reaching safepoint: 76864 ns, At safepoint: 8814 ns, Total: 85678 ns
[2023-11-16T05:23:02.019+0000][7][gc,start    ] GC(26) Pause Young (Normal) (G1 Evacuation Pause)
[2023-11-16T05:23:02.019+0000][7][gc,task     ] GC(26) Using 8 workers of 8 for evacuation
[2023-11-16T05:23:02.019+0000][7][gc,age      ] GC(26) Desired survivor size 20971520 bytes, new threshold 15 (max threshold 15)
[2023-11-16T05:23:02.032+0000][7][gc,age      ] GC(26) Age table with threshold 15 (max threshold 15)
[2023-11-16T05:23:02.032+0000][7][gc,age      ] GC(26) - age   1:    1601096 bytes,    1601096 total
[2023-11-16T05:23:02.032+0000][7][gc,age      ] GC(26) - age   2:     563832 bytes,    2164928 total
[2023-11-16T05:23:02.032+0000][7][gc,age      ] GC(26) - age   3:     496608 bytes,    2661536 total
[2023-11-16T05:23:02.032+0000][7][gc,age      ] GC(26) - age   4:     526600 bytes,    3188136 total
[2023-11-16T05:23:02.032+0000][7][gc,age      ] GC(26) - age   5:     338400 bytes,    3526536 total
[2023-11-16T05:23:02.032+0000][7][gc,age      ] GC(26) - age   6:    1793400 bytes,    5319936 total
[2023-11-16T05:23:02.032+0000][7][gc,age      ] GC(26) - age   7:    7136176 bytes,   12456112 total
[2023-11-16T05:23:02.032+0000][7][gc,age      ] GC(26) - age   8:    7358088 bytes,   19814200 total
[2023-11-16T05:23:02.032+0000][7][gc,phases   ] GC(26)   Pre Evacuate Collection Set: 0.1ms
[2023-11-16T05:23:02.032+0000][7][gc,phases   ] GC(26)   Merge Heap Roots: 0.1ms
[2023-11-16T05:23:02.032+0000][7][gc,phases   ] GC(26)   Evacuate Collection Set: 12.1ms
[2023-11-16T05:23:02.032+0000][7][gc,phases   ] GC(26)   Post Evacuate Collection Set: 0.8ms
[2023-11-16T05:23:02.032+0000][7][gc,phases   ] GC(26)   Other: 0.2ms
[2023-11-16T05:23:02.032+0000][7][gc,heap     ] GC(26) Eden regions: 70->0(71)
[2023-11-16T05:23:02.032+0000][7][gc,heap     ] GC(26) Survivor regions: 6->5(10)
[2023-11-16T05:23:02.032+0000][7][gc,heap     ] GC(26) Old regions: 19->19
[2023-11-16T05:23:02.032+0000][7][gc,heap     ] GC(26) Archive regions: 2->2
[2023-11-16T05:23:02.032+0000][7][gc,heap     ] GC(26) Humongous regions: 5->5
[2023-11-16T05:23:02.032+0000][7][gc,metaspace] GC(26) Metaspace: 113521K(115200K)->113521K(115200K) NonClass: 98116K(99072K)->98116K(99072K) Class: 15404K(16128K)->15404K(16128K)
[2023-11-16T05:23:02.032+0000][7][gc          ] GC(26) Pause Young (Normal) (G1 Evacuation Pause) 398M->117M(512M) 13.284ms
[2023-11-16T05:23:02.032+0000][7][gc,cpu      ] GC(26) User=0.05s Sys=0.01s Real=0.02s
[2023-11-16T05:23:02.032+0000][7][safepoint   ] Safepoint "G1CollectForAllocation", Time since last: 1569439662 ns, Reaching safepoint: 63359 ns, At safepoint: 13371818 ns, Total: 13435177 ns
[2023-11-16T05:23:03.032+0000][7][safepoint   ] Safepoint "Cleanup", Time since last: 1000076839 ns, Reaching safepoint: 45361 ns, At safepoint: 4294 ns, Total: 49655 ns
[2023-11-16T05:23:04.032+0000][7][safepoint   ] Safepoint "Cleanup", Time since last: 1000105278 ns, Reaching safepoint: 35978 ns, At safepoint: 3215 ns, Total: 39193 ns
[2023-11-16T05:23:05.032+0000][7][safepoint   ] Safepoint "Cleanup", Time since last: 1000093820 ns, Reaching safepoint: 47826 ns, At safepoint: 4125 ns, Total: 51951 ns
[2023-11-16T05:23:06.032+0000][7][safepoint   ] Safepoint "Cleanup", Time since last: 1000091038 ns, Reaching safepoint: 44518 ns, At safepoint: 3410 ns, Total: 47928 ns
[2023-11-16T05:23:07.033+0000][7][safepoint   ] Safepoint "Cleanup", Time since last: 1000096374 ns, Reaching safepoint: 41882 ns, At safepoint: 3900 ns, Total: 45782 ns
[2023-11-16T05:23:08.033+0000][7][safepoint   ] Safepoint "Cleanup", Time since last: 1000101959 ns, Reaching safepoint: 91161 ns, At safepoint: 8741 ns, Total: 99902 ns
[2023-11-16T05:23:09.033+0000][7][safepoint   ] Safepoint "Cleanup", Time since last: 1000102493 ns, Reaching safepoint: 49404 ns, At safepoint: 4471 ns, Total: 53875 ns
[2023-11-16T05:23:10.033+0000][7][safepoint   ] Safepoint "Cleanup", Time since last: 1000090564 ns, Reaching safepoint: 60123 ns, At safepoint: 10651 ns, Total: 70774 ns
[2023-11-16T05:23:11.033+0000][7][safepoint   ] Safepoint "Cleanup", Time since last: 1000120948 ns, Reaching safepoint: 59028 ns, At safepoint: 7132 ns, Total: 66160 ns
[2023-11-16T05:23:12.033+0000][7][safepoint   ] Safepoint "Cleanup", Time since last: 1000094787 ns, Reaching safepoint: 72345 ns, At safepoint: 5412 ns, Total: 77757 ns
[2023-11-16T05:23:13.034+0000][7][safepoint   ] Safepoint "Cleanup", Time since last: 1000125285 ns, Reaching safepoint: 53521 ns, At safepoint: 8155 ns, Total: 61676 ns
[2023-11-16T05:23:14.034+0000][7][safepoint   ] Safepoint "Cleanup", Time since last: 1000097039 ns, Reaching safepoint: 89693 ns, At safepoint: 20573 ns, Total: 110266 ns
[2023-11-16T05:23:15.034+0000][7][safepoint   ] Safepoint "Cleanup", Time since last: 1000108234 ns, Reaching safepoint: 76932 ns, At safepoint: 17770 ns, Total: 94702 ns
[2023-11-16T05:23:16.034+0000][7][safepoint   ] Safepoint "Cleanup", Time since last: 1000122707 ns, Reaching safepoint: 62346 ns, At safepoint: 6839 ns, Total: 69185 ns
[2023-11-16T05:23:17.034+0000][7][safepoint   ] Safepoint "Cleanup", Time since last: 1000084958 ns, Reaching safepoint: 48762 ns, At safepoint: 31125 ns, Total: 79887 ns
[2023-11-16T05:23:18.035+0000][7][safepoint   ] Safepoint "Cleanup", Time since last: 1000130919 ns, Reaching safepoint: 74697 ns, At safepoint: 4441 ns, Total: 79138 ns
[2023-11-16T05:23:18.071+0000][7][gc,start    ] GC(27) Pause Young (Normal) (G1 Evacuation Pause)
[2023-11-16T05:23:18.071+0000][7][gc,task     ] GC(27) Using 8 workers of 8 for evacuation
[2023-11-16T05:23:18.071+0000][7][gc,age      ] GC(27) Desired survivor size 20971520 bytes, new threshold 15 (max threshold 15)
[2023-11-16T05:23:18.079+0000][7][gc,age      ] GC(27) Age table with threshold 15 (max threshold 15)
[2023-11-16T05:23:18.079+0000][7][gc,age      ] GC(27) - age   1:    1932760 bytes,    1932760 total
[2023-11-16T05:23:18.079+0000][7][gc,age      ] GC(27) - age   2:     435184 bytes,    2367944 total
[2023-11-16T05:23:18.079+0000][7][gc,age      ] GC(27) - age   3:     334784 bytes,    2702728 total
[2023-11-16T05:23:18.079+0000][7][gc,age      ] GC(27) - age   4:     430520 bytes,    3133248 total
[2023-11-16T05:23:18.079+0000][7][gc,age      ] GC(27) - age   5:     526224 bytes,    3659472 total
[2023-11-16T05:23:18.079+0000][7][gc,age      ] GC(27) - age   6:     338400 bytes,    3997872 total
[2023-11-16T05:23:18.079+0000][7][gc,age      ] GC(27) - age   7:    1793336 bytes,    5791208 total
[2023-11-16T05:23:18.079+0000][7][gc,age      ] GC(27) - age   8:    7135984 bytes,   12927192 total
[2023-11-16T05:23:18.079+0000][7][gc,age      ] GC(27) - age   9:    7358088 bytes,   20285280 total
[2023-11-16T05:23:18.079+0000][7][gc,phases   ] GC(27)   Pre Evacuate Collection Set: 0.1ms
[2023-11-16T05:23:18.079+0000][7][gc,phases   ] GC(27)   Merge Heap Roots: 0.1ms
[2023-11-16T05:23:18.079+0000][7][gc,phases   ] GC(27)   Evacuate Collection Set: 7.1ms
[2023-11-16T05:23:18.079+0000][7][gc,phases   ] GC(27)   Post Evacuate Collection Set: 0.9ms
[2023-11-16T05:23:18.079+0000][7][gc,phases   ] GC(27)   Other: 0.3ms
[2023-11-16T05:23:18.080+0000][7][gc,heap     ] GC(27) Eden regions: 71->0(70)
[2023-11-16T05:23:18.080+0000][7][gc,heap     ] GC(27) Survivor regions: 5->6(10)
[2023-11-16T05:23:18.080+0000][7][gc,heap     ] GC(27) Old regions: 19->19
[2023-11-16T05:23:18.080+0000][7][gc,heap     ] GC(27) Archive regions: 2->2
[2023-11-16T05:23:18.080+0000][7][gc,heap     ] GC(27) Humongous regions: 5->5
[2023-11-16T05:23:18.080+0000][7][gc,metaspace] GC(27) Metaspace: 113643K(115328K)->113643K(115328K) NonClass: 98238K(99200K)->98238K(99200K) Class: 15405K(16128K)->15405K(16128K)
[2023-11-16T05:23:18.080+0000][7][gc          ] GC(27) Pause Young (Normal) (G1 Evacuation Pause) 401M->119M(512M) 8.404ms
[2023-11-16T05:23:18.080+0000][7][gc,cpu      ] GC(27) User=0.06s Sys=0.00s Real=0.01s
[2023-11-16T05:23:18.080+0000][7][safepoint   ] Safepoint "G1CollectForAllocation", Time since last: 36399216 ns, Reaching safepoint: 52785 ns, At safepoint: 8479742 ns, Total: 8532527 ns
[2023-11-16T05:23:19.080+0000][7][safepoint   ] Safepoint "Cleanup", Time since last: 1000470587 ns, Reaching safepoint: 103685 ns, At safepoint: 9509 ns, Total: 113194 ns
[2023-11-16T05:23:20.080+0000][7][safepoint   ] Safepoint "Cleanup", Time since last: 1000125858 ns, Reaching safepoint: 131785 ns, At safepoint: 6535 ns, Total: 138320 ns
[2023-11-16T05:23:21.081+0000][7][safepoint   ] Safepoint "Cleanup", Time since last: 1000151750 ns, Reaching safepoint: 136312 ns, At safepoint: 5211 ns, Total: 141523 ns
[2023-11-16T05:23:22.081+0000][7][safepoint   ] Safepoint "Cleanup", Time since last: 1000121310 ns, Reaching safepoint: 81891 ns, At safepoint: 9386 ns, Total: 91277 ns
[2023-11-16T05:23:23.081+0000][7][safepoint   ] Safepoint "Cleanup", Time since last: 1000239857 ns, Reaching safepoint: 165726 ns, At safepoint: 4023 ns, Total: 169749 ns
[2023-11-16T05:23:24.082+0000][7][safepoint   ] Safepoint "Cleanup", Time since last: 1000110283 ns, Reaching safepoint: 104916 ns, At safepoint: 6335 ns, Total: 111251 ns
[2023-11-16T05:23:25.082+0000][7][safepoint   ] Safepoint "Cleanup", Time since last: 1000348305 ns, Reaching safepoint: 65822 ns, At safepoint: 3892 ns, Total: 69714 ns
[2023-11-16T05:23:26.082+0000][7][safepoint   ] Safepoint "Cleanup", Time since last: 1000111112 ns, Reaching safepoint: 210723 ns, At safepoint: 7229 ns, Total: 217952 ns
[2023-11-16T05:23:27.083+0000][7][safepoint   ] Safepoint "Cleanup", Time since last: 1000100596 ns, Reaching safepoint: 192083 ns, At safepoint: 13446 ns, Total: 205529 ns
[2023-11-16T05:23:28.083+0000][7][safepoint   ] Safepoint "Cleanup", Time since last: 1000148609 ns, Reaching safepoint: 92071 ns, At safepoint: 20791 ns, Total: 112862 ns
[2023-11-16T05:23:29.083+0000][7][safepoint   ] Safepoint "Cleanup", Time since last: 1000342470 ns, Reaching safepoint: 83161 ns, At safepoint: 7345 ns, Total: 90506 ns
[2023-11-16T05:23:31.083+0000][7][safepoint   ] Safepoint "Cleanup", Time since last: 2000139414 ns, Reaching safepoint: 50779 ns, At safepoint: 3779 ns, Total: 54558 ns
[2023-11-16T05:23:32.084+0000][7][safepoint   ] Safepoint "Cleanup", Time since last: 1000153550 ns, Reaching safepoint: 142632 ns, At safepoint: 24565 ns, Total: 167197 ns
[2023-11-16T05:23:33.162+0000][7][safepoint   ] Safepoint "Cleanup", Time since last: 1078482353 ns, Reaching safepoint: 96950 ns, At safepoint: 6290 ns, Total: 103240 ns
[2023-11-16T05:23:33.344+0000][7][gc,start    ] GC(28) Pause Young (Normal) (G1 Evacuation Pause)
[2023-11-16T05:23:33.345+0000][7][gc,task     ] GC(28) Using 8 workers of 8 for evacuation
[2023-11-16T05:23:33.345+0000][7][gc,age      ] GC(28) Desired survivor size 20971520 bytes, new threshold 15 (max threshold 15)
[2023-11-16T05:23:33.356+0000][7][gc,age      ] GC(28) Age table with threshold 15 (max threshold 15)
[2023-11-16T05:23:33.356+0000][7][gc,age      ] GC(28) - age   1:    2165536 bytes,    2165536 total
[2023-11-16T05:23:33.356+0000][7][gc,age      ] GC(28) - age   2:     530912 bytes,    2696448 total
[2023-11-16T05:23:33.356+0000][7][gc,age      ] GC(28) - age   3:     285272 bytes,    2981720 total
[2023-11-16T05:23:33.356+0000][7][gc,age      ] GC(28) - age   4:     334120 bytes,    3315840 total
[2023-11-16T05:23:33.356+0000][7][gc,age      ] GC(28) - age   5:     364360 bytes,    3680200 total
[2023-11-16T05:23:33.356+0000][7][gc,age      ] GC(28) - age   6:     493288 bytes,    4173488 total
[2023-11-16T05:23:33.356+0000][7][gc,age      ] GC(28) - age   7:     338104 bytes,    4511592 total
[2023-11-16T05:23:33.356+0000][7][gc,age      ] GC(28) - age   8:    1792960 bytes,    6304552 total
[2023-11-16T05:23:33.356+0000][7][gc,age      ] GC(28) - age   9:    7135984 bytes,   13440536 total
[2023-11-16T05:23:33.356+0000][7][gc,age      ] GC(28) - age  10:    7357976 bytes,   20798512 total
[2023-11-16T05:23:33.356+0000][7][gc,phases   ] GC(28)   Pre Evacuate Collection Set: 0.1ms
[2023-11-16T05:23:33.356+0000][7][gc,phases   ] GC(28)   Merge Heap Roots: 0.2ms
[2023-11-16T05:23:33.356+0000][7][gc,phases   ] GC(28)   Evacuate Collection Set: 9.9ms
[2023-11-16T05:23:33.356+0000][7][gc,phases   ] GC(28)   Post Evacuate Collection Set: 1.1ms
[2023-11-16T05:23:33.356+0000][7][gc,phases   ] GC(28)   Other: 0.2ms
[2023-11-16T05:23:33.356+0000][7][gc,heap     ] GC(28) Eden regions: 70->0(70)
[2023-11-16T05:23:33.356+0000][7][gc,heap     ] GC(28) Survivor regions: 6->6(10)
[2023-11-16T05:23:33.356+0000][7][gc,heap     ] GC(28) Old regions: 19->19
[2023-11-16T05:23:33.356+0000][7][gc,heap     ] GC(28) Archive regions: 2->2
[2023-11-16T05:23:33.356+0000][7][gc,heap     ] GC(28) Humongous regions: 5->5
[2023-11-16T05:23:33.356+0000][7][gc,metaspace] GC(28) Metaspace: 113800K(115456K)->113800K(115456K) NonClass: 98394K(99328K)->98394K(99328K) Class: 15406K(16128K)->15406K(16128K)
[2023-11-16T05:23:33.356+0000][7][gc          ] GC(28) Pause Young (Normal) (G1 Evacuation Pause) 399M->119M(512M) 11.456ms
[2023-11-16T05:23:33.356+0000][7][gc,cpu      ] GC(28) User=0.06s Sys=0.00s Real=0.01s
[2023-11-16T05:23:33.356+0000][7][safepoint   ] Safepoint "G1CollectForAllocation", Time since last: 182007271 ns, Reaching safepoint: 64820 ns, At safepoint: 11523240 ns, Total: 11588060 ns
[2023-11-16T05:23:34.660+0000][7][safepoint   ] Safepoint "Cleanup", Time since last: 1303459953 ns, Reaching safepoint: 97693 ns, At safepoint: 7684 ns, Total: 105377 ns
[2023-11-16T05:23:35.660+0000][7][safepoint   ] Safepoint "Cleanup", Time since last: 1000163319 ns, Reaching safepoint: 123456 ns, At safepoint: 7529 ns, Total: 130985 ns
[2023-11-16T05:23:36.660+0000][7][safepoint   ] Safepoint "Cleanup", Time since last: 1000142685 ns, Reaching safepoint: 51931 ns, At safepoint: 5032 ns, Total: 56963 ns
[2023-11-16T05:23:37.660+0000][7][safepoint   ] Safepoint "Cleanup", Time since last: 1000089042 ns, Reaching safepoint: 64014 ns, At safepoint: 5612 ns, Total: 69626 ns
[2023-11-16T05:23:38.661+0000][7][safepoint   ] Safepoint "Cleanup", Time since last: 1000354756 ns, Reaching safepoint: 92640 ns, At safepoint: 4954 ns, Total: 97594 ns
[2023-11-16T05:23:40.661+0000][7][safepoint   ] Safepoint "Cleanup", Time since last: 2000304901 ns, Reaching safepoint: 53694 ns, At safepoint: 4105 ns, Total: 57799 ns
[2023-11-16T05:23:41.661+0000][7][safepoint   ] Safepoint "Cleanup", Time since last: 1000083423 ns, Reaching safepoint: 44344 ns, At safepoint: 6427 ns, Total: 50771 ns
[2023-11-16T05:23:43.662+0000][7][safepoint   ] Safepoint "Cleanup", Time since last: 2000256856 ns, Reaching safepoint: 85065 ns, At safepoint: 7941 ns, Total: 93006 ns
[2023-11-16T05:23:44.662+0000][7][safepoint   ] Safepoint "Cleanup", Time since last: 1000139566 ns, Reaching safepoint: 128924 ns, At safepoint: 11344 ns, Total: 140268 ns
[2023-11-16T05:23:45.662+0000][7][safepoint   ] Safepoint "Cleanup", Time since last: 1000400522 ns, Reaching safepoint: 42057 ns, At safepoint: 4296 ns, Total: 46353 ns
[2023-11-16T05:23:47.663+0000][7][safepoint   ] Safepoint "Cleanup", Time since last: 2000371753 ns, Reaching safepoint: 54981 ns, At safepoint: 4998 ns, Total: 59979 ns
[2023-11-16T05:23:48.663+0000][7][safepoint   ] Safepoint "Cleanup", Time since last: 1000132951 ns, Reaching safepoint: 74075 ns, At safepoint: 19292 ns, Total: 93367 ns
[2023-11-16T05:23:49.663+0000][7][safepoint   ] Safepoint "Cleanup", Time since last: 1000100428 ns, Reaching safepoint: 82519 ns, At safepoint: 3662 ns, Total: 86181 ns
[2023-11-16T05:23:49.961+0000][7][gc,start    ] GC(29) Pause Young (Normal) (G1 Evacuation Pause)
[2023-11-16T05:23:49.961+0000][7][gc,task     ] GC(29) Using 8 workers of 8 for evacuation
[2023-11-16T05:23:49.961+0000][7][gc,age      ] GC(29) Desired survivor size 20971520 bytes, new threshold 15 (max threshold 15)
[2023-11-16T05:23:49.974+0000][7][gc,age      ] GC(29) Age table with threshold 15 (max threshold 15)
[2023-11-16T05:23:49.974+0000][7][gc,age      ] GC(29) - age   1:    2074776 bytes,    2074776 total
[2023-11-16T05:23:49.974+0000][7][gc,age      ] GC(29) - age   2:     657440 bytes,    2732216 total
[2023-11-16T05:23:49.974+0000][7][gc,age      ] GC(29) - age   3:     427064 bytes,    3159280 total
[2023-11-16T05:23:49.974+0000][7][gc,age      ] GC(29) - age   4:     284760 bytes,    3444040 total
[2023-11-16T05:23:49.974+0000][7][gc,age      ] GC(29) - age   5:     333736 bytes,    3777776 total
[2023-11-16T05:23:49.974+0000][7][gc,age      ] GC(29) - age   6:     364296 bytes,    4142072 total
[2023-11-16T05:23:49.974+0000][7][gc,age      ] GC(29) - age   7:     493288 bytes,    4635360 total
[2023-11-16T05:23:49.974+0000][7][gc,age      ] GC(29) - age   8:     338104 bytes,    4973464 total
[2023-11-16T05:23:49.974+0000][7][gc,age      ] GC(29) - age   9:    1792896 bytes,    6766360 total
[2023-11-16T05:23:49.974+0000][7][gc,age      ] GC(29) - age  10:    7135840 bytes,   13902200 total
[2023-11-16T05:23:49.974+0000][7][gc,age      ] GC(29) - age  11:    7357976 bytes,   21260176 total
[2023-11-16T05:23:49.974+0000][7][gc,phases   ] GC(29)   Pre Evacuate Collection Set: 0.1ms
[2023-11-16T05:23:49.974+0000][7][gc,phases   ] GC(29)   Merge Heap Roots: 0.1ms
[2023-11-16T05:23:49.975+0000][7][gc,phases   ] GC(29)   Evacuate Collection Set: 11.4ms
[2023-11-16T05:23:49.975+0000][7][gc,phases   ] GC(29)   Post Evacuate Collection Set: 2.0ms
[2023-11-16T05:23:49.975+0000][7][gc,phases   ] GC(29)   Other: 0.3ms
[2023-11-16T05:23:49.975+0000][7][gc,heap     ] GC(29) Eden regions: 70->0(70)
[2023-11-16T05:23:49.975+0000][7][gc,heap     ] GC(29) Survivor regions: 6->6(10)
[2023-11-16T05:23:49.975+0000][7][gc,heap     ] GC(29) Old regions: 19->19
[2023-11-16T05:23:49.975+0000][7][gc,heap     ] GC(29) Archive regions: 2->2
[2023-11-16T05:23:49.975+0000][7][gc,heap     ] GC(29) Humongous regions: 5->5
[2023-11-16T05:23:49.975+0000][7][gc,metaspace] GC(29) Metaspace: 113914K(115584K)->113914K(115584K) NonClass: 98501K(99456K)->98501K(99456K) Class: 15413K(16128K)->15413K(16128K)
[2023-11-16T05:23:49.975+0000][7][gc          ] GC(29) Pause Young (Normal) (G1 Evacuation Pause) 399M->121M(512M) 13.896ms
[2023-11-16T05:23:49.975+0000][7][gc,cpu      ] GC(29) User=0.06s Sys=0.00s Real=0.01s
[2023-11-16T05:23:49.975+0000][7][safepoint   ] Safepoint "G1CollectForAllocation", Time since last: 297497328 ns, Reaching safepoint: 49298 ns, At safepoint: 14023100 ns, Total: 14072398 ns
[2023-11-16T05:23:51.009+0000][7][safepoint   ] Safepoint "Cleanup", Time since last: 1022192149 ns, Reaching safepoint: 8464821 ns, At safepoint: 46503 ns, Total: 8511324 ns
[2023-11-16T05:23:52.013+0000][7][safepoint   ] Safepoint "Cleanup", Time since last: 1005505147 ns, Reaching safepoint: 2189315 ns, At safepoint: 34637 ns, Total: 2223952 ns
[2023-11-16T05:23:54.014+0000][7][safepoint   ] Safepoint "Cleanup", Time since last: 2000212508 ns, Reaching safepoint: 280406 ns, At safepoint: 25729 ns, Total: 306135 ns
[2023-11-16T05:23:54.872+0000][7][safepoint   ] Safepoint "ICBufferFull", Time since last: 858364157 ns, Reaching safepoint: 263401 ns, At safepoint: 7365 ns, Total: 270766 ns
[2023-11-16T05:23:55.873+0000][7][safepoint   ] Safepoint "Cleanup", Time since last: 1000098671 ns, Reaching safepoint: 149828 ns, At safepoint: 21113 ns, Total: 170941 ns
[2023-11-16T05:23:57.027+0000][7][gc,start    ] GC(30) Pause Young (Normal) (G1 Evacuation Pause)
[2023-11-16T05:23:57.027+0000][7][gc,task     ] GC(30) Using 8 workers of 8 for evacuation
[2023-11-16T05:23:57.027+0000][7][gc,age      ] GC(30) Desired survivor size 20971520 bytes, new threshold 11 (max threshold 15)
[2023-11-16T05:23:57.060+0000][7][gc,age      ] GC(30) Age table with threshold 11 (max threshold 15)
[2023-11-16T05:23:57.060+0000][7][gc,age      ] GC(30) - age   1:    2259296 bytes,    2259296 total
[2023-11-16T05:23:57.060+0000][7][gc,age      ] GC(30) - age   2:      22712 bytes,    2282008 total
[2023-11-16T05:23:57.060+0000][7][gc,age      ] GC(30) - age   3:     146528 bytes,    2428536 total
[2023-11-16T05:23:57.060+0000][7][gc,age      ] GC(30) - age   4:      29448 bytes,    2457984 total
[2023-11-16T05:23:57.060+0000][7][gc,age      ] GC(30) - age   5:      10680 bytes,    2468664 total
[2023-11-16T05:23:57.060+0000][7][gc,age      ] GC(30) - age   6:      19528 bytes,    2488192 total
[2023-11-16T05:23:57.060+0000][7][gc,age      ] GC(30) - age   7:      24544 bytes,    2512736 total
[2023-11-16T05:23:57.060+0000][7][gc,age      ] GC(30) - age   8:     161664 bytes,    2674400 total
[2023-11-16T05:23:57.060+0000][7][gc,age      ] GC(30) - age   9:      90328 bytes,    2764728 total
[2023-11-16T05:23:57.060+0000][7][gc,age      ] GC(30) - age  10:     487424 bytes,    3252152 total
[2023-11-16T05:23:57.060+0000][7][gc,age      ] GC(30) - age  11:    7134088 bytes,   10386240 total
[2023-11-16T05:23:57.060+0000][7][gc,phases   ] GC(30)   Pre Evacuate Collection Set: 0.1ms
[2023-11-16T05:23:57.060+0000][7][gc,phases   ] GC(30)   Merge Heap Roots: 0.1ms
[2023-11-16T05:23:57.060+0000][7][gc,phases   ] GC(30)   Evacuate Collection Set: 31.3ms
[2023-11-16T05:23:57.060+0000][7][gc,phases   ] GC(30)   Post Evacuate Collection Set: 0.8ms
[2023-11-16T05:23:57.060+0000][7][gc,phases   ] GC(30)   Other: 0.2ms
[2023-11-16T05:23:57.060+0000][7][gc,heap     ] GC(30) Eden regions: 70->0(73)
[2023-11-16T05:23:57.060+0000][7][gc,heap     ] GC(30) Survivor regions: 6->3(10)
[2023-11-16T05:23:57.060+0000][7][gc,heap     ] GC(30) Old regions: 19->21
[2023-11-16T05:23:57.060+0000][7][gc,heap     ] GC(30) Archive regions: 2->2
[2023-11-16T05:23:57.060+0000][7][gc,heap     ] GC(30) Humongous regions: 5->5
[2023-11-16T05:23:57.060+0000][7][gc,metaspace] GC(30) Metaspace: 114338K(115968K)->114338K(115968K) NonClass: 98890K(99840K)->98890K(99840K) Class: 15448K(16128K)->15448K(16128K)
[2023-11-16T05:23:57.060+0000][7][gc          ] GC(30) Pause Young (Normal) (G1 Evacuation Pause) 401M->116M(512M) 32.545ms
[2023-11-16T05:23:57.060+0000][7][gc,cpu      ] GC(30) User=0.09s Sys=0.00s Real=0.04s
[2023-11-16T05:23:57.060+0000][7][safepoint   ] Safepoint "G1CollectForAllocation", Time since last: 1154173132 ns, Reaching safepoint: 245934 ns, At safepoint: 33002228 ns, Total: 33248162 ns
[2023-11-16T05:23:58.409+0000][7][safepoint   ] Safepoint "Cleanup", Time since last: 1349190004 ns, Reaching safepoint: 66293 ns, At safepoint: 13139 ns, Total: 79432 ns
[2023-11-16T05:23:59.409+0000][7][safepoint   ] Safepoint "Cleanup", Time since last: 1000158286 ns, Reaching safepoint: 72736 ns, At safepoint: 3916 ns, Total: 76652 ns
[2023-11-16T05:24:00.410+0000][7][safepoint   ] Safepoint "Cleanup", Time since last: 1000088213 ns, Reaching safepoint: 82030 ns, At safepoint: 7029 ns, Total: 89059 ns
[2023-11-16T05:24:01.410+0000][7][safepoint   ] Safepoint "Cleanup", Time since last: 1000092486 ns, Reaching safepoint: 74763 ns, At safepoint: 3802 ns, Total: 78565 ns
[2023-11-16T05:24:02.410+0000][7][safepoint   ] Safepoint "Cleanup", Time since last: 1000102008 ns, Reaching safepoint: 85594 ns, At safepoint: 14220 ns, Total: 99814 ns
[2023-11-16T05:24:03.410+0000][7][safepoint   ] Safepoint "Cleanup", Time since last: 1000148414 ns, Reaching safepoint: 111374 ns, At safepoint: 7242 ns, Total: 118616 ns
[2023-11-16T05:24:04.397+0000][7][safepoint   ] Safepoint "G1CollectForAllocation", Time since last: 986565810 ns, Reaching safepoint: 104379 ns, At safepoint: 8424 ns, Total: 112803 ns
[2023-11-16T05:24:04.397+0000][7][gc,start    ] GC(31) Pause Young (Normal) (GCLocker Initiated GC)
[2023-11-16T05:24:04.397+0000][7][gc,task     ] GC(31) Using 8 workers of 8 for evacuation
[2023-11-16T05:24:04.397+0000][7][gc,age      ] GC(31) Desired survivor size 20971520 bytes, new threshold 15 (max threshold 15)
[2023-11-16T05:24:04.404+0000][7][gc,age      ] GC(31) Age table with threshold 15 (max threshold 15)
[2023-11-16T05:24:04.404+0000][7][gc,age      ] GC(31) - age   1:    1859112 bytes,    1859112 total
[2023-11-16T05:24:04.404+0000][7][gc,age      ] GC(31) - age   2:     948288 bytes,    2807400 total
[2023-11-16T05:24:04.404+0000][7][gc,age      ] GC(31) - age   3:      19744 bytes,    2827144 total
[2023-11-16T05:24:04.404+0000][7][gc,age      ] GC(31) - age   4:     141408 bytes,    2968552 total
[2023-11-16T05:24:04.404+0000][7][gc,age      ] GC(31) - age   5:      29064 bytes,    2997616 total
[2023-11-16T05:24:04.404+0000][7][gc,age      ] GC(31) - age   6:      10616 bytes,    3008232 total
[2023-11-16T05:24:04.404+0000][7][gc,age      ] GC(31) - age   7:      19208 bytes,    3027440 total
[2023-11-16T05:24:04.404+0000][7][gc,age      ] GC(31) - age   8:      24360 bytes,    3051800 total
[2023-11-16T05:24:04.404+0000][7][gc,age      ] GC(31) - age   9:     161280 bytes,    3213080 total
[2023-11-16T05:24:04.404+0000][7][gc,age      ] GC(31) - age  10:      90328 bytes,    3303408 total
[2023-11-16T05:24:04.404+0000][7][gc,age      ] GC(31) - age  11:     485568 bytes,    3788976 total
[2023-11-16T05:24:04.404+0000][7][gc,age      ] GC(31) - age  12:    7133976 bytes,   10922952 total
[2023-11-16T05:24:04.404+0000][7][gc,phases   ] GC(31)   Pre Evacuate Collection Set: 0.1ms
[2023-11-16T05:24:04.404+0000][7][gc,phases   ] GC(31)   Merge Heap Roots: 0.0ms
[2023-11-16T05:24:04.404+0000][7][gc,phases   ] GC(31)   Evacuate Collection Set: 6.1ms
[2023-11-16T05:24:04.404+0000][7][gc,phases   ] GC(31)   Post Evacuate Collection Set: 0.8ms
[2023-11-16T05:24:04.404+0000][7][gc,phases   ] GC(31)   Other: 0.2ms
[2023-11-16T05:24:04.404+0000][7][gc,heap     ] GC(31) Eden regions: 73->0(73)
[2023-11-16T05:24:04.404+0000][7][gc,heap     ] GC(31) Survivor regions: 3->3(10)
[2023-11-16T05:24:04.404+0000][7][gc,heap     ] GC(31) Old regions: 21->21
[2023-11-16T05:24:04.404+0000][7][gc,heap     ] GC(31) Archive regions: 2->2
[2023-11-16T05:24:04.404+0000][7][gc,heap     ] GC(31) Humongous regions: 5->5
[2023-11-16T05:24:04.404+0000][7][gc,metaspace] GC(31) Metaspace: 114413K(116032K)->114413K(116032K) NonClass: 98963K(99904K)->98963K(99904K) Class: 15450K(16128K)->15450K(16128K)
[2023-11-16T05:24:04.405+0000][7][gc          ] GC(31) Pause Young (Normal) (GCLocker Initiated GC) 408M->116M(512M) 7.382ms
[2023-11-16T05:24:04.405+0000][7][gc,cpu      ] GC(31) User=0.03s Sys=0.00s Real=0.01s
[2023-11-16T05:24:04.405+0000][7][safepoint   ] Safepoint "G1CollectForAllocation", Time since last: 139089 ns, Reaching safepoint: 27262 ns, At safepoint: 7458552 ns, Total: 7485814 ns
[2023-11-16T05:24:05.405+0000][7][safepoint   ] Safepoint "Cleanup", Time since last: 1000140243 ns, Reaching safepoint: 117457 ns, At safepoint: 19952 ns, Total: 137409 ns
[2023-11-16T05:24:06.405+0000][7][safepoint   ] Safepoint "Cleanup", Time since last: 1000186572 ns, Reaching safepoint: 112746 ns, At safepoint: 18697 ns, Total: 131443 ns
[2023-11-16T05:24:07.406+0000][7][safepoint   ] Safepoint "Cleanup", Time since last: 1000129901 ns, Reaching safepoint: 332774 ns, At safepoint: 11879 ns, Total: 344653 ns
[2023-11-16T05:24:07.742+0000][7][safepoint   ] Safepoint "ICBufferFull", Time since last: 336156902 ns, Reaching safepoint: 152835 ns, At safepoint: 4651 ns, Total: 157486 ns
[2023-11-16T05:24:08.429+0000][7][safepoint   ] Safepoint "ICBufferFull", Time since last: 687325531 ns, Reaching safepoint: 172651 ns, At safepoint: 7171 ns, Total: 179822 ns
[2023-11-16T05:24:09.122+0000][7][gc,start    ] GC(32) Pause Young (Normal) (G1 Evacuation Pause)
[2023-11-16T05:24:09.122+0000][7][gc,task     ] GC(32) Using 8 workers of 8 for evacuation
[2023-11-16T05:24:09.122+0000][7][gc,age      ] GC(32) Desired survivor size 20971520 bytes, new threshold 15 (max threshold 15)
[2023-11-16T05:24:09.131+0000][7][gc,age      ] GC(32) Age table with threshold 15 (max threshold 15)
[2023-11-16T05:24:09.131+0000][7][gc,age      ] GC(32) - age   1:    3155400 bytes,    3155400 total
[2023-11-16T05:24:09.131+0000][7][gc,age      ] GC(32) - age   2:     850856 bytes,    4006256 total
[2023-11-16T05:24:09.131+0000][7][gc,age      ] GC(32) - age   3:     946464 bytes,    4952720 total
[2023-11-16T05:24:09.131+0000][7][gc,age      ] GC(32) - age   4:      19320 bytes,    4972040 total
[2023-11-16T05:24:09.131+0000][7][gc,age      ] GC(32) - age   5:     138328 bytes,    5110368 total
[2023-11-16T05:24:09.131+0000][7][gc,age      ] GC(32) - age   6:      11032 bytes,    5121400 total
[2023-11-16T05:24:09.131+0000][7][gc,age      ] GC(32) - age   7:      10184 bytes,    5131584 total
[2023-11-16T05:24:09.131+0000][7][gc,age      ] GC(32) - age   8:      19208 bytes,    5150792 total
[2023-11-16T05:24:09.131+0000][7][gc,age      ] GC(32) - age   9:       9296 bytes,    5160088 total
[2023-11-16T05:24:09.131+0000][7][gc,age      ] GC(32) - age  10:     122568 bytes,    5282656 total
[2023-11-16T05:24:09.131+0000][7][gc,age      ] GC(32) - age  11:      90328 bytes,    5372984 total
[2023-11-16T05:24:09.131+0000][7][gc,age      ] GC(32) - age  12:     485032 bytes,    5858016 total
[2023-11-16T05:24:09.131+0000][7][gc,age      ] GC(32) - age  13:    7114704 bytes,   12972720 total
[2023-11-16T05:24:09.131+0000][7][gc,phases   ] GC(32)   Pre Evacuate Collection Set: 0.1ms
[2023-11-16T05:24:09.131+0000][7][gc,phases   ] GC(32)   Merge Heap Roots: 0.0ms
[2023-11-16T05:24:09.131+0000][7][gc,phases   ] GC(32)   Evacuate Collection Set: 7.0ms
[2023-11-16T05:24:09.131+0000][7][gc,phases   ] GC(32)   Post Evacuate Collection Set: 1.3ms
[2023-11-16T05:24:09.131+0000][7][gc,phases   ] GC(32)   Other: 0.2ms
[2023-11-16T05:24:09.131+0000][7][gc,heap     ] GC(32) Eden regions: 73->0(72)
[2023-11-16T05:24:09.131+0000][7][gc,heap     ] GC(32) Survivor regions: 3->4(10)
[2023-11-16T05:24:09.131+0000][7][gc,heap     ] GC(32) Old regions: 21->21
[2023-11-16T05:24:09.131+0000][7][gc,heap     ] GC(32) Archive regions: 2->2
[2023-11-16T05:24:09.131+0000][7][gc,heap     ] GC(32) Humongous regions: 5->5
[2023-11-16T05:24:09.131+0000][7][gc,metaspace] GC(32) Metaspace: 115117K(116800K)->115117K(116800K) NonClass: 99557K(100544K)->99557K(100544K) Class: 15559K(16256K)->15559K(16256K)
[2023-11-16T05:24:09.131+0000][7][gc          ] GC(32) Pause Young (Normal) (G1 Evacuation Pause) 408M->117M(512M) 8.716ms
[2023-11-16T05:24:09.131+0000][7][gc,cpu      ] GC(32) User=0.05s Sys=0.00s Real=0.01s
[2023-11-16T05:24:09.131+0000][7][safepoint   ] Safepoint "G1CollectForAllocation", Time since last: 692816877 ns, Reaching safepoint: 62141 ns, At safepoint: 8791884 ns, Total: 8854025 ns
[2023-11-16T05:24:10.132+0000][7][safepoint   ] Safepoint "Cleanup", Time since last: 1000334871 ns, Reaching safepoint: 75035 ns, At safepoint: 7360 ns, Total: 82395 ns
[2023-11-16T05:24:11.132+0000][7][safepoint   ] Safepoint "Cleanup", Time since last: 1000318155 ns, Reaching safepoint: 35160 ns, At safepoint: 5081 ns, Total: 40241 ns
[2023-11-16T05:24:12.132+0000][7][safepoint   ] Safepoint "Cleanup", Time since last: 1000204109 ns, Reaching safepoint: 211810 ns, At safepoint: 6920 ns, Total: 218730 ns
[2023-11-16T05:24:12.874+0000][7][safepoint   ] Safepoint "ICBufferFull", Time since last: 741553523 ns, Reaching safepoint: 194469 ns, At safepoint: 8708 ns, Total: 203177 ns
[2023-11-16T05:24:13.874+0000][7][safepoint   ] Safepoint "Cleanup", Time since last: 1000115148 ns, Reaching safepoint: 118059 ns, At safepoint: 5895 ns, Total: 123954 ns
[2023-11-16T05:24:14.230+0000][7][gc,start    ] GC(33) Pause Young (Normal) (G1 Evacuation Pause)
[2023-11-16T05:24:14.230+0000][7][gc,task     ] GC(33) Using 8 workers of 8 for evacuation
[2023-11-16T05:24:14.230+0000][7][gc,age      ] GC(33) Desired survivor size 20971520 bytes, new threshold 15 (max threshold 15)
[2023-11-16T05:24:14.242+0000][7][gc,age      ] GC(33) Age table with threshold 15 (max threshold 15)
[2023-11-16T05:24:14.242+0000][7][gc,age      ] GC(33) - age   1:    3725384 bytes,    3725384 total
[2023-11-16T05:24:14.242+0000][7][gc,age      ] GC(33) - age   2:    1335304 bytes,    5060688 total
[2023-11-16T05:24:14.242+0000][7][gc,age      ] GC(33) - age   3:     204728 bytes,    5265416 total
[2023-11-16T05:24:14.242+0000][7][gc,age      ] GC(33) - age   4:     851448 bytes,    6116864 total
[2023-11-16T05:24:14.242+0000][7][gc,age      ] GC(33) - age   5:      19128 bytes,    6135992 total
[2023-11-16T05:24:14.242+0000][7][gc,age      ] GC(33) - age   6:       7440 bytes,    6143432 total
[2023-11-16T05:24:14.242+0000][7][gc,age      ] GC(33) - age   7:      10968 bytes,    6154400 total
[2023-11-16T05:24:14.242+0000][7][gc,age      ] GC(33) - age   8:      10120 bytes,    6164520 total
[2023-11-16T05:24:14.242+0000][7][gc,age      ] GC(33) - age   9:      19208 bytes,    6183728 total
[2023-11-16T05:24:14.242+0000][7][gc,age      ] GC(33) - age  10:       9232 bytes,    6192960 total
[2023-11-16T05:24:14.242+0000][7][gc,age      ] GC(33) - age  11:     122384 bytes,    6315344 total
[2023-11-16T05:24:14.242+0000][7][gc,age      ] GC(33) - age  12:      90056 bytes,    6405400 total
[2023-11-16T05:24:14.242+0000][7][gc,age      ] GC(33) - age  13:     484888 bytes,    6890288 total
[2023-11-16T05:24:14.242+0000][7][gc,age      ] GC(33) - age  14:    7088112 bytes,   13978400 total
[2023-11-16T05:24:14.242+0000][7][gc,phases   ] GC(33)   Pre Evacuate Collection Set: 0.1ms
[2023-11-16T05:24:14.242+0000][7][gc,phases   ] GC(33)   Merge Heap Roots: 0.1ms
[2023-11-16T05:24:14.242+0000][7][gc,phases   ] GC(33)   Evacuate Collection Set: 10.6ms
[2023-11-16T05:24:14.242+0000][7][gc,phases   ] GC(33)   Post Evacuate Collection Set: 1.2ms
[2023-11-16T05:24:14.242+0000][7][gc,phases   ] GC(33)   Other: 0.3ms
[2023-11-16T05:24:14.242+0000][7][gc,heap     ] GC(33) Eden regions: 72->0(72)
[2023-11-16T05:24:14.242+0000][7][gc,heap     ] GC(33) Survivor regions: 4->4(10)
[2023-11-16T05:24:14.242+0000][7][gc,heap     ] GC(33) Old regions: 21->21
[2023-11-16T05:24:14.242+0000][7][gc,heap     ] GC(33) Archive regions: 2->2
[2023-11-16T05:24:14.242+0000][7][gc,heap     ] GC(33) Humongous regions: 5->5
[2023-11-16T05:24:14.242+0000][7][gc,metaspace] GC(33) Metaspace: 116221K(117952K)->116221K(117952K) NonClass: 100505K(101504K)->100505K(101504K) Class: 15716K(16448K)->15716K(16448K)
[2023-11-16T05:24:14.242+0000][7][gc          ] GC(33) Pause Young (Normal) (G1 Evacuation Pause) 405M->119M(512M) 12.328ms
[2023-11-16T05:24:14.242+0000][7][gc,cpu      ] GC(33) User=0.06s Sys=0.01s Real=0.01s
[2023-11-16T05:24:14.242+0000][7][safepoint   ] Safepoint "G1CollectForAllocation", Time since last: 355483424 ns, Reaching safepoint: 70357 ns, At safepoint: 12415904 ns, Total: 12486261 ns
[2023-11-16T05:24:15.243+0000][7][safepoint   ] Safepoint "Cleanup", Time since last: 1000106822 ns, Reaching safepoint: 119370 ns, At safepoint: 20111 ns, Total: 139481 ns
[2023-11-16T05:24:16.243+0000][7][safepoint   ] Safepoint "Cleanup", Time since last: 1000135307 ns, Reaching safepoint: 116975 ns, At safepoint: 9818 ns, Total: 126793 ns
[2023-11-16T05:24:17.243+0000][7][safepoint   ] Safepoint "Cleanup", Time since last: 1000099527 ns, Reaching safepoint: 57984 ns, At safepoint: 8076 ns, Total: 66060 ns
[2023-11-16T05:24:18.903+0000][7][safepoint   ] Safepoint "Cleanup", Time since last: 1660134175 ns, Reaching safepoint: 163507 ns, At safepoint: 6988 ns, Total: 170495 ns
[2023-11-16T05:24:19.903+0000][7][safepoint   ] Safepoint "Cleanup", Time since last: 1000113353 ns, Reaching safepoint: 80992 ns, At safepoint: 4409 ns, Total: 85401 ns
[2023-11-16T05:24:20.904+0000][7][safepoint   ] Safepoint "Cleanup", Time since last: 1000104726 ns, Reaching safepoint: 116026 ns, At safepoint: 4209 ns, Total: 120235 ns
[2023-11-16T05:24:21.390+0000][7][gc,start    ] GC(34) Pause Young (Normal) (G1 Evacuation Pause)
[2023-11-16T05:24:21.390+0000][7][gc,task     ] GC(34) Using 8 workers of 8 for evacuation
[2023-11-16T05:24:21.390+0000][7][gc,age      ] GC(34) Desired survivor size 20971520 bytes, new threshold 15 (max threshold 15)
[2023-11-16T05:24:21.403+0000][7][gc,age      ] GC(34) Age table with threshold 15 (max threshold 15)
[2023-11-16T05:24:21.403+0000][7][gc,age      ] GC(34) - age   1:    3525768 bytes,    3525768 total
[2023-11-16T05:24:21.403+0000][7][gc,age      ] GC(34) - age   2:    2528000 bytes,    6053768 total
[2023-11-16T05:24:21.403+0000][7][gc,age      ] GC(34) - age   3:    1295280 bytes,    7349048 total
[2023-11-16T05:24:21.403+0000][7][gc,age      ] GC(34) - age   4:     203280 bytes,    7552328 total
[2023-11-16T05:24:21.403+0000][7][gc,age      ] GC(34) - age   5:     851192 bytes,    8403520 total
[2023-11-16T05:24:21.403+0000][7][gc,age      ] GC(34) - age   6:      18680 bytes,    8422200 total
[2023-11-16T05:24:21.403+0000][7][gc,age      ] GC(34) - age   7:       7024 bytes,    8429224 total
[2023-11-16T05:24:21.403+0000][7][gc,age      ] GC(34) - age   8:      10904 bytes,    8440128 total
[2023-11-16T05:24:21.403+0000][7][gc,age      ] GC(34) - age   9:      10056 bytes,    8450184 total
[2023-11-16T05:24:21.403+0000][7][gc,age      ] GC(34) - age  10:      19208 bytes,    8469392 total
[2023-11-16T05:24:21.403+0000][7][gc,age      ] GC(34) - age  11:       9232 bytes,    8478624 total
[2023-11-16T05:24:21.403+0000][7][gc,age      ] GC(34) - age  12:     122320 bytes,    8600944 total
[2023-11-16T05:24:21.403+0000][7][gc,age      ] GC(34) - age  13:      90056 bytes,    8691000 total
[2023-11-16T05:24:21.403+0000][7][gc,age      ] GC(34) - age  14:     484888 bytes,    9175888 total
[2023-11-16T05:24:21.403+0000][7][gc,age      ] GC(34) - age  15:    7087616 bytes,   16263504 total
[2023-11-16T05:24:21.403+0000][7][gc,phases   ] GC(34)   Pre Evacuate Collection Set: 0.1ms
[2023-11-16T05:24:21.403+0000][7][gc,phases   ] GC(34)   Merge Heap Roots: 0.1ms
[2023-11-16T05:24:21.403+0000][7][gc,phases   ] GC(34)   Evacuate Collection Set: 11.3ms
[2023-11-16T05:24:21.403+0000][7][gc,phases   ] GC(34)   Post Evacuate Collection Set: 1.0ms
[2023-11-16T05:24:21.403+0000][7][gc,phases   ] GC(34)   Other: 0.4ms
[2023-11-16T05:24:21.403+0000][7][gc,heap     ] GC(34) Eden regions: 72->0(70)
[2023-11-16T05:24:21.403+0000][7][gc,heap     ] GC(34) Survivor regions: 4->5(10)
[2023-11-16T05:24:21.403+0000][7][gc,heap     ] GC(34) Old regions: 21->21
[2023-11-16T05:24:21.403+0000][7][gc,heap     ] GC(34) Archive regions: 2->2
[2023-11-16T05:24:21.403+0000][7][gc,heap     ] GC(34) Humongous regions: 5->5
[2023-11-16T05:24:21.403+0000][7][gc,metaspace] GC(34) Metaspace: 116358K(118080K)->116358K(118080K) NonClass: 100633K(101632K)->100633K(101632K) Class: 15724K(16448K)->15724K(16448K)
[2023-11-16T05:24:21.403+0000][7][gc          ] GC(34) Pause Young (Normal) (G1 Evacuation Pause) 406M->121M(512M) 12.892ms
[2023-11-16T05:24:21.403+0000][7][gc,cpu      ] GC(34) User=0.07s Sys=0.00s Real=0.01s
[2023-11-16T05:24:21.403+0000][7][safepoint   ] Safepoint "G1CollectForAllocation", Time since last: 486415788 ns, Reaching safepoint: 89628 ns, At safepoint: 12986661 ns, Total: 13076289 ns
[2023-11-16T05:24:22.403+0000][7][safepoint   ] Safepoint "Cleanup", Time since last: 1000098815 ns, Reaching safepoint: 56687 ns, At safepoint: 4124 ns, Total: 60811 ns
[2023-11-16T05:24:23.404+0000][7][safepoint   ] Safepoint "Cleanup", Time since last: 1000204723 ns, Reaching safepoint: 101725 ns, At safepoint: 21241 ns, Total: 122966 ns
[2023-11-16T05:24:24.404+0000][7][safepoint   ] Safepoint "Cleanup", Time since last: 1000129408 ns, Reaching safepoint: 89419 ns, At safepoint: 7977 ns, Total: 97396 ns
[2023-11-16T05:24:25.404+0000][7][safepoint   ] Safepoint "Cleanup", Time since last: 1000137765 ns, Reaching safepoint: 60435 ns, At safepoint: 6838 ns, Total: 67273 ns
[2023-11-16T05:24:27.135+0000][7][safepoint   ] Safepoint "Cleanup", Time since last: 1731135508 ns, Reaching safepoint: 96877 ns, At safepoint: 5055 ns, Total: 101932 ns
[2023-11-16T05:24:27.890+0000][7][gc,start    ] GC(35) Pause Young (Normal) (G1 Evacuation Pause)
[2023-11-16T05:24:27.890+0000][7][gc,task     ] GC(35) Using 8 workers of 8 for evacuation
[2023-11-16T05:24:27.890+0000][7][gc,age      ] GC(35) Desired survivor size 20971520 bytes, new threshold 15 (max threshold 15)
[2023-11-16T05:24:27.920+0000][7][gc,age      ] GC(35) Age table with threshold 15 (max threshold 15)
[2023-11-16T05:24:27.920+0000][7][gc,age      ] GC(35) - age   1:    1998224 bytes,    1998224 total
[2023-11-16T05:24:27.920+0000][7][gc,age      ] GC(35) - age   2:     852200 bytes,    2850424 total
[2023-11-16T05:24:27.920+0000][7][gc,age      ] GC(35) - age   3:    2320416 bytes,    5170840 total
[2023-11-16T05:24:27.920+0000][7][gc,age      ] GC(35) - age   4:    1294008 bytes,    6464848 total
[2023-11-16T05:24:27.920+0000][7][gc,age      ] GC(35) - age   5:     139544 bytes,    6604392 total
[2023-11-16T05:24:27.920+0000][7][gc,age      ] GC(35) - age   6:     737400 bytes,    7341792 total
[2023-11-16T05:24:27.920+0000][7][gc,age      ] GC(35) - age   7:      18616 bytes,    7360408 total
[2023-11-16T05:24:27.920+0000][7][gc,age      ] GC(35) - age   8:       7024 bytes,    7367432 total
[2023-11-16T05:24:27.920+0000][7][gc,age      ] GC(35) - age   9:      10840 bytes,    7378272 total
[2023-11-16T05:24:27.920+0000][7][gc,age      ] GC(35) - age  10:       9992 bytes,    7388264 total
[2023-11-16T05:24:27.920+0000][7][gc,age      ] GC(35) - age  11:      19208 bytes,    7407472 total
[2023-11-16T05:24:27.920+0000][7][gc,age      ] GC(35) - age  12:       8840 bytes,    7416312 total
[2023-11-16T05:24:27.920+0000][7][gc,age      ] GC(35) - age  13:     122184 bytes,    7538496 total
[2023-11-16T05:24:27.920+0000][7][gc,age      ] GC(35) - age  14:      89744 bytes,    7628240 total
[2023-11-16T05:24:27.920+0000][7][gc,age      ] GC(35) - age  15:     484272 bytes,    8112512 total
[2023-11-16T05:24:27.920+0000][7][gc,phases   ] GC(35)   Pre Evacuate Collection Set: 0.1ms
[2023-11-16T05:24:27.920+0000][7][gc,phases   ] GC(35)   Merge Heap Roots: 0.1ms
[2023-11-16T05:24:27.920+0000][7][gc,phases   ] GC(35)   Evacuate Collection Set: 28.4ms
[2023-11-16T05:24:27.920+0000][7][gc,phases   ] GC(35)   Post Evacuate Collection Set: 0.8ms
[2023-11-16T05:24:27.920+0000][7][gc,phases   ] GC(35)   Other: 0.3ms
[2023-11-16T05:24:27.920+0000][7][gc,heap     ] GC(35) Eden regions: 70->0(73)
[2023-11-16T05:24:27.920+0000][7][gc,heap     ] GC(35) Survivor regions: 5->3(10)
[2023-11-16T05:24:27.920+0000][7][gc,heap     ] GC(35) Old regions: 21->22
[2023-11-16T05:24:27.920+0000][7][gc,heap     ] GC(35) Archive regions: 2->2
[2023-11-16T05:24:27.920+0000][7][gc,heap     ] GC(35) Humongous regions: 5->5
[2023-11-16T05:24:27.920+0000][7][gc,metaspace] GC(35) Metaspace: 116430K(118144K)->116430K(118144K) NonClass: 100705K(101696K)->100705K(101696K) Class: 15724K(16448K)->15724K(16448K)
[2023-11-16T05:24:27.920+0000][7][gc          ] GC(35) Pause Young (Normal) (G1 Evacuation Pause) 401M->120M(512M) 29.635ms
[2023-11-16T05:24:27.920+0000][7][gc,cpu      ] GC(35) User=0.08s Sys=0.01s Real=0.03s
[2023-11-16T05:24:27.920+0000][7][safepoint   ] Safepoint "G1CollectForAllocation", Time since last: 754670984 ns, Reaching safepoint: 80059 ns, At safepoint: 29740604 ns, Total: 29820663 ns
[2023-11-16T05:24:28.920+0000][7][safepoint   ] Safepoint "Cleanup", Time since last: 1000070108 ns, Reaching safepoint: 77798 ns, At safepoint: 5765 ns, Total: 83563 ns
[2023-11-16T05:24:29.920+0000][7][safepoint   ] Safepoint "Cleanup", Time since last: 1000094122 ns, Reaching safepoint: 73179 ns, At safepoint: 6588 ns, Total: 79767 ns
[2023-11-16T05:24:30.921+0000][7][safepoint   ] Safepoint "Cleanup", Time since last: 1000333312 ns, Reaching safepoint: 119962 ns, At safepoint: 10378 ns, Total: 130340 ns
[2023-11-16T05:24:31.921+0000][7][safepoint   ] Safepoint "Cleanup", Time since last: 1000096429 ns, Reaching safepoint: 64300 ns, At safepoint: 7123 ns, Total: 71423 ns
[2023-11-16T05:24:32.921+0000][7][safepoint   ] Safepoint "Cleanup", Time since last: 1000141640 ns, Reaching safepoint: 80161 ns, At safepoint: 7347 ns, Total: 87508 ns
[2023-11-16T05:24:33.921+0000][7][safepoint   ] Safepoint "Cleanup", Time since last: 1000131465 ns, Reaching safepoint: 45381 ns, At safepoint: 4671 ns, Total: 50052 ns
[2023-11-16T05:24:35.417+0000][7][gc,start    ] GC(36) Pause Young (Normal) (G1 Evacuation Pause)
[2023-11-16T05:24:35.417+0000][7][gc,task     ] GC(36) Using 8 workers of 8 for evacuation
[2023-11-16T05:24:35.417+0000][7][gc,age      ] GC(36) Desired survivor size 20971520 bytes, new threshold 15 (max threshold 15)
[2023-11-16T05:24:35.430+0000][7][gc,age      ] GC(36) Age table with threshold 15 (max threshold 15)
[2023-11-16T05:24:35.430+0000][7][gc,age      ] GC(36) - age   1:    2135144 bytes,    2135144 total
[2023-11-16T05:24:35.430+0000][7][gc,age      ] GC(36) - age   2:     567584 bytes,    2702728 total
[2023-11-16T05:24:35.430+0000][7][gc,age      ] GC(36) - age   3:     847424 bytes,    3550152 total
[2023-11-16T05:24:35.430+0000][7][gc,age      ] GC(36) - age   4:    2320320 bytes,    5870472 total
[2023-11-16T05:24:35.430+0000][7][gc,age      ] GC(36) - age   5:    1293848 bytes,    7164320 total
[2023-11-16T05:24:35.430+0000][7][gc,age      ] GC(36) - age   6:     136328 bytes,    7300648 total
[2023-11-16T05:24:35.430+0000][7][gc,age      ] GC(36) - age   7:     737304 bytes,    8037952 total
[2023-11-16T05:24:35.430+0000][7][gc,age      ] GC(36) - age   8:      18616 bytes,    8056568 total
[2023-11-16T05:24:35.430+0000][7][gc,age      ] GC(36) - age   9:       6840 bytes,    8063408 total
[2023-11-16T05:24:35.430+0000][7][gc,age      ] GC(36) - age  10:      10840 bytes,    8074248 total
[2023-11-16T05:24:35.430+0000][7][gc,age      ] GC(36) - age  11:       9928 bytes,    8084176 total
[2023-11-16T05:24:35.430+0000][7][gc,age      ] GC(36) - age  12:      19208 bytes,    8103384 total
[2023-11-16T05:24:35.430+0000][7][gc,age      ] GC(36) - age  13:       8840 bytes,    8112224 total
[2023-11-16T05:24:35.430+0000][7][gc,age      ] GC(36) - age  14:     122184 bytes,    8234408 total
[2023-11-16T05:24:35.430+0000][7][gc,age      ] GC(36) - age  15:      89744 bytes,    8324152 total
[2023-11-16T05:24:35.430+0000][7][gc,phases   ] GC(36)   Pre Evacuate Collection Set: 0.1ms
[2023-11-16T05:24:35.430+0000][7][gc,phases   ] GC(36)   Merge Heap Roots: 0.1ms
[2023-11-16T05:24:35.430+0000][7][gc,phases   ] GC(36)   Evacuate Collection Set: 11.5ms
[2023-11-16T05:24:35.430+0000][7][gc,phases   ] GC(36)   Post Evacuate Collection Set: 0.7ms
[2023-11-16T05:24:35.430+0000][7][gc,phases   ] GC(36)   Other: 0.3ms
[2023-11-16T05:24:35.430+0000][7][gc,heap     ] GC(36) Eden regions: 73->0(73)
[2023-11-16T05:24:35.430+0000][7][gc,heap     ] GC(36) Survivor regions: 3->3(10)
[2023-11-16T05:24:35.430+0000][7][gc,heap     ] GC(36) Old regions: 22->22
[2023-11-16T05:24:35.430+0000][7][gc,heap     ] GC(36) Archive regions: 2->2
[2023-11-16T05:24:35.430+0000][7][gc,heap     ] GC(36) Humongous regions: 5->5
[2023-11-16T05:24:35.430+0000][7][gc,metaspace] GC(36) Metaspace: 116477K(118208K)->116477K(118208K) NonClass: 100751K(101760K)->100751K(101760K) Class: 15725K(16448K)->15725K(16448K)
[2023-11-16T05:24:35.430+0000][7][gc          ] GC(36) Pause Young (Normal) (G1 Evacuation Pause) 412M->121M(512M) 12.637ms
[2023-11-16T05:24:35.430+0000][7][gc,cpu      ] GC(36) User=0.04s Sys=0.01s Real=0.02s
[2023-11-16T05:24:35.430+0000][7][safepoint   ] Safepoint "G1CollectForAllocation", Time since last: 1495813409 ns, Reaching safepoint: 80357 ns, At safepoint: 12724433 ns, Total: 12804790 ns
[2023-11-16T05:24:36.430+0000][7][safepoint   ] Safepoint "Cleanup", Time since last: 1000157835 ns, Reaching safepoint: 86262 ns, At safepoint: 5480 ns, Total: 91742 ns
[2023-11-16T05:24:37.430+0000][7][safepoint   ] Safepoint "Cleanup", Time since last: 1000108327 ns, Reaching safepoint: 96318 ns, At safepoint: 11594 ns, Total: 107912 ns
[2023-11-16T05:24:38.431+0000][7][safepoint   ] Safepoint "Cleanup", Time since last: 1000117675 ns, Reaching safepoint: 121271 ns, At safepoint: 11861 ns, Total: 133132 ns
[2023-11-16T05:24:39.431+0000][7][safepoint   ] Safepoint "Cleanup", Time since last: 1000108357 ns, Reaching safepoint: 90621 ns, At safepoint: 12098 ns, Total: 102719 ns
[2023-11-16T05:24:40.431+0000][7][safepoint   ] Safepoint "Cleanup", Time since last: 1000124033 ns, Reaching safepoint: 157849 ns, At safepoint: 7636 ns, Total: 165485 ns
[2023-11-16T05:24:41.431+0000][7][safepoint   ] Safepoint "Cleanup", Time since last: 1000104348 ns, Reaching safepoint: 93247 ns, At safepoint: 14520 ns, Total: 107767 ns
[2023-11-16T05:24:42.431+0000][7][safepoint   ] Safepoint "Cleanup", Time since last: 1000109621 ns, Reaching safepoint: 62430 ns, At safepoint: 7629 ns, Total: 70059 ns
[2023-11-16T05:24:43.432+0000][7][safepoint   ] Safepoint "Cleanup", Time since last: 1000235010 ns, Reaching safepoint: 163274 ns, At safepoint: 8137 ns, Total: 171411 ns
[2023-11-16T05:24:44.263+0000][7][gc,start    ] GC(37) Pause Young (Normal) (G1 Evacuation Pause)
[2023-11-16T05:24:44.264+0000][7][gc,task     ] GC(37) Using 8 workers of 8 for evacuation
[2023-11-16T05:24:44.264+0000][7][gc,age      ] GC(37) Desired survivor size 20971520 bytes, new threshold 15 (max threshold 15)
[2023-11-16T05:24:44.269+0000][7][gc,age      ] GC(37) Age table with threshold 15 (max threshold 15)
[2023-11-16T05:24:44.269+0000][7][gc,age      ] GC(37) - age   1:    1561184 bytes,    1561184 total
[2023-11-16T05:24:44.269+0000][7][gc,age      ] GC(37) - age   2:     186616 bytes,    1747800 total
[2023-11-16T05:24:44.269+0000][7][gc,age      ] GC(37) - age   3:     174840 bytes,    1922640 total
[2023-11-16T05:24:44.269+0000][7][gc,age      ] GC(37) - age   4:     779720 bytes,    2702360 total
[2023-11-16T05:24:44.269+0000][7][gc,age      ] GC(37) - age   5:    2211072 bytes,    4913432 total
[2023-11-16T05:24:44.269+0000][7][gc,age      ] GC(37) - age   6:    1292120 bytes,    6205552 total
[2023-11-16T05:24:44.269+0000][7][gc,age      ] GC(37) - age   7:     136184 bytes,    6341736 total
[2023-11-16T05:24:44.269+0000][7][gc,age      ] GC(37) - age   8:     593368 bytes,    6935104 total
[2023-11-16T05:24:44.269+0000][7][gc,age      ] GC(37) - age   9:      18616 bytes,    6953720 total
[2023-11-16T05:24:44.269+0000][7][gc,age      ] GC(37) - age  10:       6712 bytes,    6960432 total
[2023-11-16T05:24:44.269+0000][7][gc,age      ] GC(37) - age  11:      10840 bytes,    6971272 total
[2023-11-16T05:24:44.269+0000][7][gc,age      ] GC(37) - age  12:       9928 bytes,    6981200 total
[2023-11-16T05:24:44.269+0000][7][gc,age      ] GC(37) - age  13:      19208 bytes,    7000408 total
[2023-11-16T05:24:44.269+0000][7][gc,age      ] GC(37) - age  14:       8840 bytes,    7009248 total
[2023-11-16T05:24:44.269+0000][7][gc,age      ] GC(37) - age  15:     122184 bytes,    7131432 total
[2023-11-16T05:24:44.269+0000][7][gc,phases   ] GC(37)   Pre Evacuate Collection Set: 0.1ms
[2023-11-16T05:24:44.269+0000][7][gc,phases   ] GC(37)   Merge Heap Roots: 0.1ms
[2023-11-16T05:24:44.269+0000][7][gc,phases   ] GC(37)   Evacuate Collection Set: 4.2ms
[2023-11-16T05:24:44.269+0000][7][gc,phases   ] GC(37)   Post Evacuate Collection Set: 0.5ms
[2023-11-16T05:24:44.269+0000][7][gc,phases   ] GC(37)   Other: 0.3ms
[2023-11-16T05:24:44.269+0000][7][gc,heap     ] GC(37) Eden regions: 73->0(73)
[2023-11-16T05:24:44.269+0000][7][gc,heap     ] GC(37) Survivor regions: 3->2(10)
[2023-11-16T05:24:44.269+0000][7][gc,heap     ] GC(37) Old regions: 22->23
[2023-11-16T05:24:44.269+0000][7][gc,heap     ] GC(37) Archive regions: 2->2
[2023-11-16T05:24:44.269+0000][7][gc,heap     ] GC(37) Humongous regions: 5->5
[2023-11-16T05:24:44.269+0000][7][gc,metaspace] GC(37) Metaspace: 116526K(118272K)->116526K(118272K) NonClass: 100801K(101824K)->100801K(101824K) Class: 15725K(16448K)->15725K(16448K)
[2023-11-16T05:24:44.269+0000][7][gc          ] GC(37) Pause Young (Normal) (G1 Evacuation Pause) 413M->119M(512M) 5.201ms
[2023-11-16T05:24:44.269+0000][7][gc,cpu      ] GC(37) User=0.02s Sys=0.00s Real=0.01s
[2023-11-16T05:24:44.269+0000][7][safepoint   ] Safepoint "G1CollectForAllocation", Time since last: 831478257 ns, Reaching safepoint: 104374 ns, At safepoint: 5315066 ns, Total: 5419440 ns
[2023-11-16T05:24:45.269+0000][7][safepoint   ] Safepoint "Cleanup", Time since last: 1000139915 ns, Reaching safepoint: 115151 ns, At safepoint: 7556 ns, Total: 122707 ns
[2023-11-16T05:24:46.269+0000][7][safepoint   ] Safepoint "Cleanup", Time since last: 1000099279 ns, Reaching safepoint: 47172 ns, At safepoint: 4223 ns, Total: 51395 ns
[2023-11-16T05:24:47.269+0000][7][safepoint   ] Safepoint "Cleanup", Time since last: 1000155915 ns, Reaching safepoint: 68567 ns, At safepoint: 7478 ns, Total: 76045 ns
[2023-11-16T05:24:48.270+0000][7][safepoint   ] Safepoint "Cleanup", Time since last: 1000147761 ns, Reaching safepoint: 121465 ns, At safepoint: 9234 ns, Total: 130699 ns
[2023-11-16T05:24:50.256+0000][7][safepoint   ] Safepoint "Cleanup", Time since last: 1986223451 ns, Reaching safepoint: 57068 ns, At safepoint: 3764 ns, Total: 60832 ns
[2023-11-16T05:24:51.256+0000][7][safepoint   ] Safepoint "Cleanup", Time since last: 1000140142 ns, Reaching safepoint: 205209 ns, At safepoint: 7265 ns, Total: 212474 ns
[2023-11-16T05:24:52.257+0000][7][safepoint   ] Safepoint "Cleanup", Time since last: 1000114121 ns, Reaching safepoint: 109239 ns, At safepoint: 11673 ns, Total: 120912 ns
[2023-11-16T05:24:53.257+0000][7][safepoint   ] Safepoint "Cleanup", Time since last: 1000145042 ns, Reaching safepoint: 224246 ns, At safepoint: 16085 ns, Total: 240331 ns
[2023-11-16T05:24:54.257+0000][7][safepoint   ] Safepoint "Cleanup", Time since last: 1000185408 ns, Reaching safepoint: 215738 ns, At safepoint: 4924 ns, Total: 220662 ns
[2023-11-16T05:24:56.258+0000][7][safepoint   ] Safepoint "Cleanup", Time since last: 2000629310 ns, Reaching safepoint: 65536 ns, At safepoint: 5587 ns, Total: 71123 ns
[2023-11-16T05:24:57.258+0000][7][safepoint   ] Safepoint "Cleanup", Time since last: 1000131143 ns, Reaching safepoint: 111122 ns, At safepoint: 10362 ns, Total: 121484 ns
[2023-11-16T05:24:58.259+0000][7][safepoint   ] Safepoint "Cleanup", Time since last: 1000175959 ns, Reaching safepoint: 75834 ns, At safepoint: 5750 ns, Total: 81584 ns
[2023-11-16T05:24:59.259+0000][7][safepoint   ] Safepoint "Cleanup", Time since last: 1000107555 ns, Reaching safepoint: 56382 ns, At safepoint: 4714 ns, Total: 61096 ns
[2023-11-16T05:25:00.259+0000][7][safepoint   ] Safepoint "Cleanup", Time since last: 1000126881 ns, Reaching safepoint: 87050 ns, At safepoint: 6364 ns, Total: 93414 ns
[2023-11-16T05:25:01.259+0000][7][safepoint   ] Safepoint "Cleanup", Time since last: 1000083763 ns, Reaching safepoint: 65347 ns, At safepoint: 5920 ns, Total: 71267 ns
[2023-11-16T05:25:01.901+0000][7][gc,start    ] GC(38) Pause Young (Normal) (G1 Evacuation Pause)
[2023-11-16T05:25:01.901+0000][7][gc,task     ] GC(38) Using 8 workers of 8 for evacuation
[2023-11-16T05:25:01.901+0000][7][gc,age      ] GC(38) Desired survivor size 20971520 bytes, new threshold 15 (max threshold 15)
[2023-11-16T05:25:01.905+0000][7][gc,age      ] GC(38) Age table with threshold 15 (max threshold 15)
[2023-11-16T05:25:01.905+0000][7][gc,age      ] GC(38) - age   1:    1401552 bytes,    1401552 total
[2023-11-16T05:25:01.905+0000][7][gc,age      ] GC(38) - age   2:    1121504 bytes,    2523056 total
[2023-11-16T05:25:01.905+0000][7][gc,age      ] GC(38) - age   3:     181416 bytes,    2704472 total
[2023-11-16T05:25:01.905+0000][7][gc,age      ] GC(38) - age   4:       7400 bytes,    2711872 total
[2023-11-16T05:25:01.905+0000][7][gc,age      ] GC(38) - age   5:     778696 bytes,    3490568 total
[2023-11-16T05:25:01.905+0000][7][gc,age      ] GC(38) - age   6:    2199696 bytes,    5690264 total
[2023-11-16T05:25:01.905+0000][7][gc,age      ] GC(38) - age   7:    1291992 bytes,    6982256 total
[2023-11-16T05:25:01.905+0000][7][gc,age      ] GC(38) - age   8:     136120 bytes,    7118376 total
[2023-11-16T05:25:01.905+0000][7][gc,age      ] GC(38) - age   9:     586120 bytes,    7704496 total
[2023-11-16T05:25:01.905+0000][7][gc,age      ] GC(38) - age  10:      18176 bytes,    7722672 total
[2023-11-16T05:25:01.905+0000][7][gc,age      ] GC(38) - age  11:       6272 bytes,    7728944 total
[2023-11-16T05:25:01.905+0000][7][gc,age      ] GC(38) - age  12:      10840 bytes,    7739784 total
[2023-11-16T05:25:01.905+0000][7][gc,age      ] GC(38) - age  13:       9608 bytes,    7749392 total
[2023-11-16T05:25:01.905+0000][7][gc,age      ] GC(38) - age  14:      19208 bytes,    7768600 total
[2023-11-16T05:25:01.905+0000][7][gc,age      ] GC(38) - age  15:       8840 bytes,    7777440 total
[2023-11-16T05:25:01.906+0000][7][gc,phases   ] GC(38)   Pre Evacuate Collection Set: 0.1ms
[2023-11-16T05:25:01.906+0000][7][gc,phases   ] GC(38)   Merge Heap Roots: 0.0ms
[2023-11-16T05:25:01.906+0000][7][gc,phases   ] GC(38)   Evacuate Collection Set: 3.8ms
[2023-11-16T05:25:01.906+0000][7][gc,phases   ] GC(38)   Post Evacuate Collection Set: 0.6ms
[2023-11-16T05:25:01.906+0000][7][gc,phases   ] GC(38)   Other: 0.3ms
[2023-11-16T05:25:01.906+0000][7][gc,heap     ] GC(38) Eden regions: 73->0(72)
[2023-11-16T05:25:01.906+0000][7][gc,heap     ] GC(38) Survivor regions: 2->3(10)
[2023-11-16T05:25:01.906+0000][7][gc,heap     ] GC(38) Old regions: 23->23
[2023-11-16T05:25:01.906+0000][7][gc,heap     ] GC(38) Archive regions: 2->2
[2023-11-16T05:25:01.906+0000][7][gc,heap     ] GC(38) Humongous regions: 5->5
[2023-11-16T05:25:01.906+0000][7][gc,metaspace] GC(38) Metaspace: 116635K(118400K)->116635K(118400K) NonClass: 100909K(101952K)->100909K(101952K) Class: 15726K(16448K)->15726K(16448K)
[2023-11-16T05:25:01.906+0000][7][gc          ] GC(38) Pause Young (Normal) (G1 Evacuation Pause) 411M->120M(512M) 4.827ms
[2023-11-16T05:25:01.906+0000][7][gc,cpu      ] GC(38) User=0.03s Sys=0.01s Real=0.00s
[2023-11-16T05:25:01.906+0000][7][safepoint   ] Safepoint "G1CollectForAllocation", Time since last: 641601727 ns, Reaching safepoint: 26132 ns, At safepoint: 4921333 ns, Total: 4947465 ns
[2023-11-16T05:25:02.906+0000][7][safepoint   ] Safepoint "Cleanup", Time since last: 1000122272 ns, Reaching safepoint: 51581 ns, At safepoint: 4760 ns, Total: 56341 ns
[2023-11-16T05:25:03.906+0000][7][safepoint   ] Safepoint "Cleanup", Time since last: 1000089870 ns, Reaching safepoint: 92913 ns, At safepoint: 10387 ns, Total: 103300 ns
[2023-11-16T05:25:05.906+0000][7][safepoint   ] Safepoint "Cleanup", Time since last: 2000221331 ns, Reaching safepoint: 164215 ns, At safepoint: 26609 ns, Total: 190824 ns
[2023-11-16T05:25:07.907+0000][7][safepoint   ] Safepoint "Cleanup", Time since last: 2000405166 ns, Reaching safepoint: 139377 ns, At safepoint: 7594 ns, Total: 146971 ns
[2023-11-16T05:25:08.907+0000][7][safepoint   ] Safepoint "Cleanup", Time since last: 1000152994 ns, Reaching safepoint: 198571 ns, At safepoint: 20753 ns, Total: 219324 ns
[2023-11-16T05:25:10.908+0000][7][safepoint   ] Safepoint "Cleanup", Time since last: 2000189433 ns, Reaching safepoint: 51514 ns, At safepoint: 5887 ns, Total: 57401 ns
[2023-11-16T05:25:11.908+0000][7][safepoint   ] Safepoint "Cleanup", Time since last: 1000100809 ns, Reaching safepoint: 91465 ns, At safepoint: 3609 ns, Total: 95074 ns
[2023-11-16T05:25:13.908+0000][7][safepoint   ] Safepoint "Cleanup", Time since last: 2000403964 ns, Reaching safepoint: 98258 ns, At safepoint: 8923 ns, Total: 107181 ns
[2023-11-16T05:25:14.909+0000][7][safepoint   ] Safepoint "Cleanup", Time since last: 1000171601 ns, Reaching safepoint: 140195 ns, At safepoint: 21016 ns, Total: 161211 ns
[2023-11-16T05:25:15.909+0000][7][safepoint   ] Safepoint "Cleanup", Time since last: 1000146582 ns, Reaching safepoint: 125597 ns, At safepoint: 13638 ns, Total: 139235 ns
[2023-11-16T05:25:17.909+0000][7][safepoint   ] Safepoint "Cleanup", Time since last: 2000195312 ns, Reaching safepoint: 90926 ns, At safepoint: 16736 ns, Total: 107662 ns
[2023-11-16T05:25:18.910+0000][7][safepoint   ] Safepoint "Cleanup", Time since last: 1000219133 ns, Reaching safepoint: 167577 ns, At safepoint: 30739 ns, Total: 198316 ns
[2023-11-16T05:25:18.983+0000][7][gc,start    ] GC(39) Pause Young (Normal) (G1 Evacuation Pause)
[2023-11-16T05:25:18.983+0000][7][gc,task     ] GC(39) Using 8 workers of 8 for evacuation
[2023-11-16T05:25:18.983+0000][7][gc,age      ] GC(39) Desired survivor size 20971520 bytes, new threshold 15 (max threshold 15)
[2023-11-16T05:25:18.990+0000][7][gc,age      ] GC(39) Age table with threshold 15 (max threshold 15)
[2023-11-16T05:25:18.990+0000][7][gc,age      ] GC(39) - age   1:    1230104 bytes,    1230104 total
[2023-11-16T05:25:18.990+0000][7][gc,age      ] GC(39) - age   2:     641632 bytes,    1871736 total
[2023-11-16T05:25:18.990+0000][7][gc,age      ] GC(39) - age   3:    1007312 bytes,    2879048 total
[2023-11-16T05:25:18.990+0000][7][gc,age      ] GC(39) - age   4:     179512 bytes,    3058560 total
[2023-11-16T05:25:18.990+0000][7][gc,age      ] GC(39) - age   5:       6280 bytes,    3064840 total
[2023-11-16T05:25:18.990+0000][7][gc,age      ] GC(39) - age   6:     778184 bytes,    3843024 total
[2023-11-16T05:25:18.990+0000][7][gc,age      ] GC(39) - age   7:    2199632 bytes,    6042656 total
[2023-11-16T05:25:18.990+0000][7][gc,age      ] GC(39) - age   8:    1291992 bytes,    7334648 total
[2023-11-16T05:25:18.990+0000][7][gc,age      ] GC(39) - age   9:     135864 bytes,    7470512 total
[2023-11-16T05:25:18.990+0000][7][gc,age      ] GC(39) - age  10:     586056 bytes,    8056568 total
[2023-11-16T05:25:18.990+0000][7][gc,age      ] GC(39) - age  11:      18176 bytes,    8074744 total
[2023-11-16T05:25:18.990+0000][7][gc,age      ] GC(39) - age  12:       6272 bytes,    8081016 total
[2023-11-16T05:25:18.990+0000][7][gc,age      ] GC(39) - age  13:      10840 bytes,    8091856 total
[2023-11-16T05:25:18.990+0000][7][gc,age      ] GC(39) - age  14:       9608 bytes,    8101464 total
[2023-11-16T05:25:18.990+0000][7][gc,age      ] GC(39) - age  15:      19208 bytes,    8120672 total
[2023-11-16T05:25:18.990+0000][7][gc,phases   ] GC(39)   Pre Evacuate Collection Set: 0.1ms
[2023-11-16T05:25:18.990+0000][7][gc,phases   ] GC(39)   Merge Heap Roots: 0.1ms
[2023-11-16T05:25:18.990+0000][7][gc,phases   ] GC(39)   Evacuate Collection Set: 5.2ms
[2023-11-16T05:25:18.990+0000][7][gc,phases   ] GC(39)   Post Evacuate Collection Set: 0.7ms
[2023-11-16T05:25:18.990+0000][7][gc,phases   ] GC(39)   Other: 0.3ms
[2023-11-16T05:25:18.990+0000][7][gc,heap     ] GC(39) Eden regions: 72->0(72)
[2023-11-16T05:25:18.990+0000][7][gc,heap     ] GC(39) Survivor regions: 3->3(10)
[2023-11-16T05:25:18.990+0000][7][gc,heap     ] GC(39) Old regions: 23->23
[2023-11-16T05:25:18.990+0000][7][gc,heap     ] GC(39) Archive regions: 2->2
[2023-11-16T05:25:18.990+0000][7][gc,heap     ] GC(39) Humongous regions: 5->5
[2023-11-16T05:25:18.990+0000][7][gc,metaspace] GC(39) Metaspace: 116717K(118464K)->116717K(118464K) NonClass: 100991K(102016K)->100991K(102016K) Class: 15726K(16448K)->15726K(16448K)
[2023-11-16T05:25:18.990+0000][7][gc          ] GC(39) Pause Young (Normal) (G1 Evacuation Pause) 408M->120M(512M) 6.358ms
[2023-11-16T05:25:18.990+0000][7][gc,cpu      ] GC(39) User=0.03s Sys=0.00s Real=0.01s
[2023-11-16T05:25:18.990+0000][7][safepoint   ] Safepoint "G1CollectForAllocation", Time since last: 73675337 ns, Reaching safepoint: 58070 ns, At safepoint: 6453152 ns, Total: 6511222 ns
[2023-11-16T05:25:19.990+0000][7][safepoint   ] Safepoint "Cleanup", Time since last: 1000079119 ns, Reaching safepoint: 106892 ns, At safepoint: 9725 ns, Total: 116617 ns
[2023-11-16T05:25:20.990+0000][7][safepoint   ] Safepoint "Cleanup", Time since last: 1000357910 ns, Reaching safepoint: 114155 ns, At safepoint: 5530 ns, Total: 119685 ns
[2023-11-16T05:25:21.991+0000][7][safepoint   ] Safepoint "Cleanup", Time since last: 1000342446 ns, Reaching safepoint: 84542 ns, At safepoint: 11883 ns, Total: 96425 ns
[2023-11-16T05:25:23.991+0000][7][safepoint   ] Safepoint "Cleanup", Time since last: 2000271541 ns, Reaching safepoint: 115435 ns, At safepoint: 23809 ns, Total: 139244 ns
[2023-11-16T05:25:24.992+0000][7][safepoint   ] Safepoint "Cleanup", Time since last: 1000185235 ns, Reaching safepoint: 187506 ns, At safepoint: 9186 ns, Total: 196692 ns
[2023-11-16T05:25:25.992+0000][7][safepoint   ] Safepoint "Cleanup", Time since last: 1000268150 ns, Reaching safepoint: 71028 ns, At safepoint: 28138 ns, Total: 99166 ns
[2023-11-16T05:25:26.992+0000][7][safepoint   ] Safepoint "Cleanup", Time since last: 1000101118 ns, Reaching safepoint: 94441 ns, At safepoint: 11693 ns, Total: 106134 ns
[2023-11-16T05:25:28.993+0000][7][safepoint   ] Safepoint "Cleanup", Time since last: 2000227702 ns, Reaching safepoint: 148332 ns, At safepoint: 7469 ns, Total: 155801 ns
[2023-11-16T05:25:29.993+0000][7][safepoint   ] Safepoint "Cleanup", Time since last: 1000335959 ns, Reaching safepoint: 38519 ns, At safepoint: 6549 ns, Total: 45068 ns
[2023-11-16T05:25:30.993+0000][7][safepoint   ] Safepoint "Cleanup", Time since last: 1000136378 ns, Reaching safepoint: 52858 ns, At safepoint: 5645 ns, Total: 58503 ns
[2023-11-16T05:25:32.994+0000][7][safepoint   ] Safepoint "Cleanup", Time since last: 2000348985 ns, Reaching safepoint: 272116 ns, At safepoint: 6893 ns, Total: 279009 ns
[2023-11-16T05:25:33.994+0000][7][safepoint   ] Safepoint "Cleanup", Time since last: 1000092155 ns, Reaching safepoint: 54837 ns, At safepoint: 25708 ns, Total: 80545 ns
[2023-11-16T05:25:35.274+0000][7][gc,start    ] GC(40) Pause Young (Normal) (G1 Evacuation Pause)
[2023-11-16T05:25:35.274+0000][7][gc,task     ] GC(40) Using 8 workers of 8 for evacuation
[2023-11-16T05:25:35.274+0000][7][gc,age      ] GC(40) Desired survivor size 20971520 bytes, new threshold 15 (max threshold 15)
[2023-11-16T05:25:35.283+0000][7][gc,age      ] GC(40) Age table with threshold 15 (max threshold 15)
[2023-11-16T05:25:35.283+0000][7][gc,age      ] GC(40) - age   1:    1206336 bytes,    1206336 total
[2023-11-16T05:25:35.283+0000][7][gc,age      ] GC(40) - age   2:     590832 bytes,    1797168 total
[2023-11-16T05:25:35.283+0000][7][gc,age      ] GC(40) - age   3:     461296 bytes,    2258464 total
[2023-11-16T05:25:35.283+0000][7][gc,age      ] GC(40) - age   4:    1006992 bytes,    3265456 total
[2023-11-16T05:25:35.283+0000][7][gc,age      ] GC(40) - age   5:     178880 bytes,    3444336 total
[2023-11-16T05:25:35.283+0000][7][gc,age      ] GC(40) - age   6:       5688 bytes,    3450024 total
[2023-11-16T05:25:35.283+0000][7][gc,age      ] GC(40) - age   7:     777200 bytes,    4227224 total
[2023-11-16T05:25:35.283+0000][7][gc,age      ] GC(40) - age   8:    2199440 bytes,    6426664 total
[2023-11-16T05:25:35.283+0000][7][gc,age      ] GC(40) - age   9:    1291912 bytes,    7718576 total
[2023-11-16T05:25:35.283+0000][7][gc,age      ] GC(40) - age  10:     135800 bytes,    7854376 total
[2023-11-16T05:25:35.283+0000][7][gc,age      ] GC(40) - age  11:     585976 bytes,    8440352 total
[2023-11-16T05:25:35.283+0000][7][gc,age      ] GC(40) - age  12:      14088 bytes,    8454440 total
[2023-11-16T05:25:35.283+0000][7][gc,age      ] GC(40) - age  13:       6272 bytes,    8460712 total
[2023-11-16T05:25:35.283+0000][7][gc,age      ] GC(40) - age  14:      10840 bytes,    8471552 total
[2023-11-16T05:25:35.283+0000][7][gc,age      ] GC(40) - age  15:       9472 bytes,    8481024 total
[2023-11-16T05:25:35.283+0000][7][gc,phases   ] GC(40)   Pre Evacuate Collection Set: 0.1ms
[2023-11-16T05:25:35.283+0000][7][gc,phases   ] GC(40)   Merge Heap Roots: 0.0ms
[2023-11-16T05:25:35.283+0000][7][gc,phases   ] GC(40)   Evacuate Collection Set: 8.3ms
[2023-11-16T05:25:35.283+0000][7][gc,phases   ] GC(40)   Post Evacuate Collection Set: 0.6ms
[2023-11-16T05:25:35.283+0000][7][gc,phases   ] GC(40)   Other: 0.2ms
[2023-11-16T05:25:35.283+0000][7][gc,heap     ] GC(40) Eden regions: 72->0(72)
[2023-11-16T05:25:35.283+0000][7][gc,heap     ] GC(40) Survivor regions: 3->3(10)
[2023-11-16T05:25:35.283+0000][7][gc,heap     ] GC(40) Old regions: 23->23
[2023-11-16T05:25:35.283+0000][7][gc,heap     ] GC(40) Archive regions: 2->2
[2023-11-16T05:25:35.283+0000][7][gc,heap     ] GC(40) Humongous regions: 5->5
[2023-11-16T05:25:35.283+0000][7][gc,metaspace] GC(40) Metaspace: 116841K(118592K)->116841K(118592K) NonClass: 101111K(102144K)->101111K(102144K) Class: 15729K(16448K)->15729K(16448K)
[2023-11-16T05:25:35.283+0000][7][gc          ] GC(40) Pause Young (Normal) (G1 Evacuation Pause) 408M->121M(512M) 9.339ms
[2023-11-16T05:25:35.283+0000][7][gc,cpu      ] GC(40) User=0.03s Sys=0.00s Real=0.01s
[2023-11-16T05:25:35.283+0000][7][safepoint   ] Safepoint "G1CollectForAllocation", Time since last: 1279581164 ns, Reaching safepoint: 74518 ns, At safepoint: 9397454 ns, Total: 9471972 ns
[2023-11-16T05:25:36.283+0000][7][safepoint   ] Safepoint "Cleanup", Time since last: 1000124093 ns, Reaching safepoint: 187786 ns, At safepoint: 8352 ns, Total: 196138 ns
[2023-11-16T05:25:37.323+0000][7][safepoint   ] Safepoint "Cleanup", Time since last: 1000102866 ns, Reaching safepoint: 39898802 ns, At safepoint: 44352 ns, Total: 39943154 ns
[2023-11-16T05:25:38.324+0000][7][safepoint   ] Safepoint "Cleanup", Time since last: 1000168981 ns, Reaching safepoint: 198190 ns, At safepoint: 6719 ns, Total: 204909 ns
[2023-11-16T05:25:39.324+0000][7][safepoint   ] Safepoint "Cleanup", Time since last: 1000170409 ns, Reaching safepoint: 191586 ns, At safepoint: 7828 ns, Total: 199414 ns
[2023-11-16T05:25:40.325+0000][7][safepoint   ] Safepoint "Cleanup", Time since last: 1000287102 ns, Reaching safepoint: 122807 ns, At safepoint: 7238 ns, Total: 130045 ns
[2023-11-16T05:25:41.325+0000][7][safepoint   ] Safepoint "Cleanup", Time since last: 1000353818 ns, Reaching safepoint: 118903 ns, At safepoint: 7164 ns, Total: 126067 ns
[2023-11-16T05:25:42.325+0000][7][safepoint   ] Safepoint "Cleanup", Time since last: 1000225056 ns, Reaching safepoint: 132309 ns, At safepoint: 29883 ns, Total: 162192 ns
[2023-11-16T05:25:43.326+0000][7][safepoint   ] Safepoint "Cleanup", Time since last: 1000091003 ns, Reaching safepoint: 76875 ns, At safepoint: 7679 ns, Total: 84554 ns
[2023-11-16T05:25:44.326+0000][7][safepoint   ] Safepoint "Cleanup", Time since last: 1000117502 ns, Reaching safepoint: 72542 ns, At safepoint: 4820 ns, Total: 77362 ns
[2023-11-16T05:25:45.326+0000][7][safepoint   ] Safepoint "Cleanup", Time since last: 1000104071 ns, Reaching safepoint: 58567 ns, At safepoint: 4520 ns, Total: 63087 ns
[2023-11-16T05:25:46.326+0000][7][safepoint   ] Safepoint "Cleanup", Time since last: 1000118150 ns, Reaching safepoint: 76360 ns, At safepoint: 4440 ns, Total: 80800 ns
[2023-11-16T05:25:47.326+0000][7][safepoint   ] Safepoint "Cleanup", Time since last: 1000172405 ns, Reaching safepoint: 82874 ns, At safepoint: 10711 ns, Total: 93585 ns
[2023-11-16T05:25:48.327+0000][7][safepoint   ] Safepoint "Cleanup", Time since last: 1000159725 ns, Reaching safepoint: 145473 ns, At safepoint: 3659 ns, Total: 149132 ns
[2023-11-16T05:25:50.326+0000][7][gc,start    ] GC(41) Pause Young (Normal) (G1 Evacuation Pause)
[2023-11-16T05:25:50.326+0000][7][gc,task     ] GC(41) Using 8 workers of 8 for evacuation
[2023-11-16T05:25:50.326+0000][7][gc,age      ] GC(41) Desired survivor size 20971520 bytes, new threshold 15 (max threshold 15)
[2023-11-16T05:25:50.334+0000][7][gc,age      ] GC(41) Age table with threshold 15 (max threshold 15)
[2023-11-16T05:25:50.334+0000][7][gc,age      ] GC(41) - age   1:    2235056 bytes,    2235056 total
[2023-11-16T05:25:50.334+0000][7][gc,age      ] GC(41) - age   2:     518632 bytes,    2753688 total
[2023-11-16T05:25:50.334+0000][7][gc,age      ] GC(41) - age   3:     366824 bytes,    3120512 total
[2023-11-16T05:25:50.334+0000][7][gc,age      ] GC(41) - age   4:     460056 bytes,    3580568 total
[2023-11-16T05:25:50.334+0000][7][gc,age      ] GC(41) - age   5:     992784 bytes,    4573352 total
[2023-11-16T05:25:50.334+0000][7][gc,age      ] GC(41) - age   6:     150232 bytes,    4723584 total
[2023-11-16T05:25:50.334+0000][7][gc,age      ] GC(41) - age   7:       5432 bytes,    4729016 total
[2023-11-16T05:25:50.334+0000][7][gc,age      ] GC(41) - age   8:     335432 bytes,    5064448 total
[2023-11-16T05:25:50.334+0000][7][gc,age      ] GC(41) - age   9:    2010376 bytes,    7074824 total
[2023-11-16T05:25:50.334+0000][7][gc,age      ] GC(41) - age  10:    1212776 bytes,    8287600 total
[2023-11-16T05:25:50.334+0000][7][gc,age      ] GC(41) - age  11:     135736 bytes,    8423336 total
[2023-11-16T05:25:50.334+0000][7][gc,age      ] GC(41) - age  12:     585832 bytes,    9009168 total
[2023-11-16T05:25:50.334+0000][7][gc,age      ] GC(41) - age  13:      14088 bytes,    9023256 total
[2023-11-16T05:25:50.334+0000][7][gc,age      ] GC(41) - age  14:       6272 bytes,    9029528 total
[2023-11-16T05:25:50.334+0000][7][gc,age      ] GC(41) - age  15:      10840 bytes,    9040368 total
[2023-11-16T05:25:50.334+0000][7][gc,phases   ] GC(41)   Pre Evacuate Collection Set: 0.1ms
[2023-11-16T05:25:50.334+0000][7][gc,phases   ] GC(41)   Merge Heap Roots: 0.1ms
[2023-11-16T05:25:50.334+0000][7][gc,phases   ] GC(41)   Evacuate Collection Set: 4.0ms
[2023-11-16T05:25:50.334+0000][7][gc,phases   ] GC(41)   Post Evacuate Collection Set: 3.2ms
[2023-11-16T05:25:50.334+0000][7][gc,phases   ] GC(41)   Other: 0.3ms
[2023-11-16T05:25:50.334+0000][7][gc,heap     ] GC(41) Eden regions: 72->0(72)
[2023-11-16T05:25:50.334+0000][7][gc,heap     ] GC(41) Survivor regions: 3->3(10)
[2023-11-16T05:25:50.334+0000][7][gc,heap     ] GC(41) Old regions: 23->23
[2023-11-16T05:25:50.334+0000][7][gc,heap     ] GC(41) Archive regions: 2->2
[2023-11-16T05:25:50.334+0000][7][gc,heap     ] GC(41) Humongous regions: 5->5
[2023-11-16T05:25:50.334+0000][7][gc,metaspace] GC(41) Metaspace: 116979K(118656K)->116979K(118656K) NonClass: 101246K(102208K)->101246K(102208K) Class: 15732K(16448K)->15732K(16448K)
[2023-11-16T05:25:50.334+0000][7][gc          ] GC(41) Pause Young (Normal) (G1 Evacuation Pause) 409M->121M(512M) 7.766ms
[2023-11-16T05:25:50.334+0000][7][gc,cpu      ] GC(41) User=0.03s Sys=0.01s Real=0.01s
[2023-11-16T05:25:50.334+0000][7][safepoint   ] Safepoint "G1CollectForAllocation", Time since last: 1999263447 ns, Reaching safepoint: 67331 ns, At safepoint: 7847703 ns, Total: 7915034 ns
[2023-11-16T05:25:51.334+0000][7][safepoint   ] Safepoint "Cleanup", Time since last: 1000114876 ns, Reaching safepoint: 36806 ns, At safepoint: 3843 ns, Total: 40649 ns
[2023-11-16T05:25:53.334+0000][7][safepoint   ] Safepoint "Cleanup", Time since last: 2000214340 ns, Reaching safepoint: 52712 ns, At safepoint: 6672 ns, Total: 59384 ns
[2023-11-16T05:25:54.335+0000][7][safepoint   ] Safepoint "Cleanup", Time since last: 1000151145 ns, Reaching safepoint: 74772 ns, At safepoint: 4732 ns, Total: 79504 ns
[2023-11-16T05:25:56.301+0000][7][safepoint   ] Safepoint "Cleanup", Time since last: 1966451370 ns, Reaching safepoint: 66159 ns, At safepoint: 14794 ns, Total: 80953 ns
[2023-11-16T05:25:57.314+0000][7][safepoint   ] Safepoint "Cleanup", Time since last: 1012366039 ns, Reaching safepoint: 153661 ns, At safepoint: 15985 ns, Total: 169646 ns
[2023-11-16T05:25:58.314+0000][7][safepoint   ] Safepoint "Cleanup", Time since last: 1000128536 ns, Reaching safepoint: 82207 ns, At safepoint: 5801 ns, Total: 88008 ns
[2023-11-16T05:25:59.314+0000][7][safepoint   ] Safepoint "Cleanup", Time since last: 1000122553 ns, Reaching safepoint: 87878 ns, At safepoint: 36973 ns, Total: 124851 ns
[2023-11-16T05:26:00.314+0000][7][safepoint   ] Safepoint "Cleanup", Time since last: 1000172052 ns, Reaching safepoint: 97337 ns, At safepoint: 7773 ns, Total: 105110 ns
[2023-11-16T05:26:01.315+0000][7][safepoint   ] Safepoint "Cleanup", Time since last: 1000119534 ns, Reaching safepoint: 57921 ns, At safepoint: 7568 ns, Total: 65489 ns
[2023-11-16T05:26:02.325+0000][7][safepoint   ] Safepoint "Cleanup", Time since last: 1000178186 ns, Reaching safepoint: 9968239 ns, At safepoint: 33142 ns, Total: 10001381 ns
[2023-11-16T05:26:03.325+0000][7][safepoint   ] Safepoint "Cleanup", Time since last: 1000136420 ns, Reaching safepoint: 65108 ns, At safepoint: 13956 ns, Total: 79064 ns
[2023-11-16T05:26:05.325+0000][7][safepoint   ] Safepoint "Cleanup", Time since last: 2000195470 ns, Reaching safepoint: 77281 ns, At safepoint: 4952 ns, Total: 82233 ns
[2023-11-16T05:26:06.325+0000][7][safepoint   ] Safepoint "Cleanup", Time since last: 1000082590 ns, Reaching safepoint: 37975 ns, At safepoint: 5234 ns, Total: 43209 ns
[2023-11-16T05:26:08.326+0000][7][safepoint   ] Safepoint "Cleanup", Time since last: 2000259236 ns, Reaching safepoint: 102622 ns, At safepoint: 8516 ns, Total: 111138 ns
[2023-11-16T05:26:08.734+0000][7][gc,start    ] GC(42) Pause Young (Normal) (G1 Evacuation Pause)
[2023-11-16T05:26:08.734+0000][7][gc,task     ] GC(42) Using 8 workers of 8 for evacuation
[2023-11-16T05:26:08.734+0000][7][gc,age      ] GC(42) Desired survivor size 20971520 bytes, new threshold 15 (max threshold 15)
[2023-11-16T05:26:08.741+0000][7][gc,age      ] GC(42) Age table with threshold 15 (max threshold 15)
[2023-11-16T05:26:08.741+0000][7][gc,age      ] GC(42) - age   1:    1606688 bytes,    1606688 total
[2023-11-16T05:26:08.741+0000][7][gc,age      ] GC(42) - age   2:    1447672 bytes,    3054360 total
[2023-11-16T05:26:08.741+0000][7][gc,age      ] GC(42) - age   3:     290864 bytes,    3345224 total
[2023-11-16T05:26:08.741+0000][7][gc,age      ] GC(42) - age   4:     365928 bytes,    3711152 total
[2023-11-16T05:26:08.741+0000][7][gc,age      ] GC(42) - age   5:     458240 bytes,    4169392 total
[2023-11-16T05:26:08.741+0000][7][gc,age      ] GC(42) - age   6:     992784 bytes,    5162176 total
[2023-11-16T05:26:08.741+0000][7][gc,age      ] GC(42) - age   7:     150232 bytes,    5312408 total
[2023-11-16T05:26:08.741+0000][7][gc,age      ] GC(42) - age   8:       4696 bytes,    5317104 total
[2023-11-16T05:26:08.741+0000][7][gc,age      ] GC(42) - age   9:     227968 bytes,    5545072 total
[2023-11-16T05:26:08.741+0000][7][gc,age      ] GC(42) - age  10:    2010336 bytes,    7555408 total
[2023-11-16T05:26:08.741+0000][7][gc,age      ] GC(42) - age  11:    1212352 bytes,    8767760 total
[2023-11-16T05:26:08.741+0000][7][gc,age      ] GC(42) - age  12:     135736 bytes,    8903496 total
[2023-11-16T05:26:08.741+0000][7][gc,age      ] GC(42) - age  13:     585832 bytes,    9489328 total
[2023-11-16T05:26:08.741+0000][7][gc,age      ] GC(42) - age  14:      14088 bytes,    9503416 total
[2023-11-16T05:26:08.741+0000][7][gc,age      ] GC(42) - age  15:       6272 bytes,    9509688 total
[2023-11-16T05:26:08.741+0000][7][gc,phases   ] GC(42)   Pre Evacuate Collection Set: 0.1ms
[2023-11-16T05:26:08.741+0000][7][gc,phases   ] GC(42)   Merge Heap Roots: 0.1ms
[2023-11-16T05:26:08.741+0000][7][gc,phases   ] GC(42)   Evacuate Collection Set: 5.9ms
[2023-11-16T05:26:08.741+0000][7][gc,phases   ] GC(42)   Post Evacuate Collection Set: 0.9ms
[2023-11-16T05:26:08.741+0000][7][gc,phases   ] GC(42)   Other: 0.3ms
[2023-11-16T05:26:08.741+0000][7][gc,heap     ] GC(42) Eden regions: 72->0(72)
[2023-11-16T05:26:08.741+0000][7][gc,heap     ] GC(42) Survivor regions: 3->3(10)
[2023-11-16T05:26:08.741+0000][7][gc,heap     ] GC(42) Old regions: 23->23
[2023-11-16T05:26:08.741+0000][7][gc,heap     ] GC(42) Archive regions: 2->2
[2023-11-16T05:26:08.741+0000][7][gc,heap     ] GC(42) Humongous regions: 5->5
[2023-11-16T05:26:08.741+0000][7][gc,metaspace] GC(42) Metaspace: 117128K(118848K)->117128K(118848K) NonClass: 101394K(102400K)->101394K(102400K) Class: 15733K(16448K)->15733K(16448K)
[2023-11-16T05:26:08.741+0000][7][gc          ] GC(42) Pause Young (Normal) (G1 Evacuation Pause) 409M->122M(512M) 7.324ms
[2023-11-16T05:26:08.741+0000][7][gc,cpu      ] GC(42) User=0.04s Sys=0.00s Real=0.01s
[2023-11-16T05:26:08.741+0000][7][safepoint   ] Safepoint "G1CollectForAllocation", Time since last: 407648873 ns, Reaching safepoint: 82078 ns, At safepoint: 7440611 ns, Total: 7522689 ns
[2023-11-16T05:26:10.742+0000][7][safepoint   ] Safepoint "Cleanup", Time since last: 2000720140 ns, Reaching safepoint: 41812 ns, At safepoint: 6081 ns, Total: 47893 ns
[2023-11-16T05:26:11.742+0000][7][safepoint   ] Safepoint "Cleanup", Time since last: 1000119399 ns, Reaching safepoint: 80458 ns, At safepoint: 4682 ns, Total: 85140 ns
[2023-11-16T05:26:13.743+0000][7][safepoint   ] Safepoint "Cleanup", Time since last: 2000755967 ns, Reaching safepoint: 65788 ns, At safepoint: 3701 ns, Total: 69489 ns
[2023-11-16T05:26:14.743+0000][7][safepoint   ] Safepoint "Cleanup", Time since last: 1000119806 ns, Reaching safepoint: 76247 ns, At safepoint: 6325 ns, Total: 82572 ns
[2023-11-16T05:26:15.743+0000][7][safepoint   ] Safepoint "Cleanup", Time since last: 1000103941 ns, Reaching safepoint: 52960 ns, At safepoint: 3546 ns, Total: 56506 ns
[2023-11-16T05:26:17.743+0000][7][safepoint   ] Safepoint "Cleanup", Time since last: 2000158523 ns, Reaching safepoint: 45748 ns, At safepoint: 4745 ns, Total: 50493 ns
[2023-11-16T05:26:19.548+0000][7][safepoint   ] Safepoint "Cleanup", Time since last: 1804537502 ns, Reaching safepoint: 136702 ns, At safepoint: 15683 ns, Total: 152385 ns
[2023-11-16T05:26:20.548+0000][7][safepoint   ] Safepoint "Cleanup", Time since last: 1000178331 ns, Reaching safepoint: 121727 ns, At safepoint: 7868 ns, Total: 129595 ns
[2023-11-16T05:26:21.549+0000][7][safepoint   ] Safepoint "Cleanup", Time since last: 1000154131 ns, Reaching safepoint: 97589 ns, At safepoint: 6628 ns, Total: 104217 ns
[2023-11-16T05:26:21.770+0000][7][gc,start    ] GC(43) Pause Young (Normal) (G1 Evacuation Pause)
[2023-11-16T05:26:21.770+0000][7][gc,task     ] GC(43) Using 8 workers of 8 for evacuation
[2023-11-16T05:26:21.770+0000][7][gc,age      ] GC(43) Desired survivor size 20971520 bytes, new threshold 15 (max threshold 15)
[2023-11-16T05:26:21.775+0000][7][gc,age      ] GC(43) Age table with threshold 15 (max threshold 15)
[2023-11-16T05:26:21.775+0000][7][gc,age      ] GC(43) - age   1:    1842552 bytes,    1842552 total
[2023-11-16T05:26:21.775+0000][7][gc,age      ] GC(43) - age   2:     568136 bytes,    2410688 total
[2023-11-16T05:26:21.775+0000][7][gc,age      ] GC(43) - age   3:    1148368 bytes,    3559056 total
[2023-11-16T05:26:21.775+0000][7][gc,age      ] GC(43) - age   4:       6768 bytes,    3565824 total
[2023-11-16T05:26:21.775+0000][7][gc,age      ] GC(43) - age   5:       1480 bytes,    3567304 total
[2023-11-16T05:26:21.775+0000][7][gc,age      ] GC(43) - age   6:      11328 bytes,    3578632 total
[2023-11-16T05:26:21.775+0000][7][gc,age      ] GC(43) - age   7:     345512 bytes,    3924144 total
[2023-11-16T05:26:21.775+0000][7][gc,age      ] GC(43) - age   8:     148584 bytes,    4072728 total
[2023-11-16T05:26:21.775+0000][7][gc,age      ] GC(43) - age   9:       4632 bytes,    4077360 total
[2023-11-16T05:26:21.775+0000][7][gc,age      ] GC(43) - age  10:     227808 bytes,    4305168 total
[2023-11-16T05:26:21.775+0000][7][gc,age      ] GC(43) - age  11:    2010240 bytes,    6315408 total
[2023-11-16T05:26:21.775+0000][7][gc,age      ] GC(43) - age  12:    1212056 bytes,    7527464 total
[2023-11-16T05:26:21.775+0000][7][gc,age      ] GC(43) - age  13:     135736 bytes,    7663200 total
[2023-11-16T05:26:21.775+0000][7][gc,age      ] GC(43) - age  14:     585832 bytes,    8249032 total
[2023-11-16T05:26:21.775+0000][7][gc,age      ] GC(43) - age  15:      14088 bytes,    8263120 total
[2023-11-16T05:26:21.775+0000][7][gc,phases   ] GC(43)   Pre Evacuate Collection Set: 0.1ms
[2023-11-16T05:26:21.775+0000][7][gc,phases   ] GC(43)   Merge Heap Roots: 0.1ms
[2023-11-16T05:26:21.775+0000][7][gc,phases   ] GC(43)   Evacuate Collection Set: 3.9ms
[2023-11-16T05:26:21.775+0000][7][gc,phases   ] GC(43)   Post Evacuate Collection Set: 0.7ms
[2023-11-16T05:26:21.775+0000][7][gc,phases   ] GC(43)   Other: 0.2ms
[2023-11-16T05:26:21.775+0000][7][gc,heap     ] GC(43) Eden regions: 72->0(72)
[2023-11-16T05:26:21.775+0000][7][gc,heap     ] GC(43) Survivor regions: 3->3(10)
[2023-11-16T05:26:21.775+0000][7][gc,heap     ] GC(43) Old regions: 23->23
[2023-11-16T05:26:21.775+0000][7][gc,heap     ] GC(43) Archive regions: 2->2
[2023-11-16T05:26:21.775+0000][7][gc,heap     ] GC(43) Humongous regions: 5->5
[2023-11-16T05:26:21.775+0000][7][gc,metaspace] GC(43) Metaspace: 117249K(118976K)->117249K(118976K) NonClass: 101514K(102528K)->101514K(102528K) Class: 15735K(16448K)->15735K(16448K)
[2023-11-16T05:26:21.775+0000][7][gc          ] GC(43) Pause Young (Normal) (G1 Evacuation Pause) 410M->121M(512M) 5.035ms
[2023-11-16T05:26:21.775+0000][7][gc,cpu      ] GC(43) User=0.03s Sys=0.00s Real=0.00s
[2023-11-16T05:26:21.775+0000][7][safepoint   ] Safepoint "G1CollectForAllocation", Time since last: 221504515 ns, Reaching safepoint: 159264 ns, At safepoint: 5129761 ns, Total: 5289025 ns
[2023-11-16T05:26:22.776+0000][7][safepoint   ] Safepoint "Cleanup", Time since last: 1000240848 ns, Reaching safepoint: 173568 ns, At safepoint: 6508 ns, Total: 180076 ns
[2023-11-16T05:26:23.776+0000][7][safepoint   ] Safepoint "Cleanup", Time since last: 1000122012 ns, Reaching safepoint: 78515 ns, At safepoint: 5128 ns, Total: 83643 ns
[2023-11-16T05:26:24.776+0000][7][safepoint   ] Safepoint "Cleanup", Time since last: 1000103539 ns, Reaching safepoint: 75422 ns, At safepoint: 5144 ns, Total: 80566 ns
[2023-11-16T05:26:25.776+0000][7][safepoint   ] Safepoint "Cleanup", Time since last: 1000095018 ns, Reaching safepoint: 94991 ns, At safepoint: 4840 ns, Total: 99831 ns
[2023-11-16T05:26:26.777+0000][7][safepoint   ] Safepoint "Cleanup", Time since last: 1000089112 ns, Reaching safepoint: 59080 ns, At safepoint: 6116 ns, Total: 65196 ns
[2023-11-16T05:26:27.777+0000][7][safepoint   ] Safepoint "Cleanup", Time since last: 1000112754 ns, Reaching safepoint: 74559 ns, At safepoint: 7322 ns, Total: 81881 ns
[2023-11-16T05:26:28.777+0000][7][safepoint   ] Safepoint "Cleanup", Time since last: 1000103490 ns, Reaching safepoint: 76555 ns, At safepoint: 10361 ns, Total: 86916 ns
[2023-11-16T05:26:28.938+0000][7][gc,start    ] GC(44) Pause Young (Normal) (G1 Evacuation Pause)
[2023-11-16T05:26:28.938+0000][7][gc,task     ] GC(44) Using 8 workers of 8 for evacuation
[2023-11-16T05:26:28.938+0000][7][gc,age      ] GC(44) Desired survivor size 20971520 bytes, new threshold 15 (max threshold 15)
[2023-11-16T05:26:28.943+0000][7][gc,age      ] GC(44) Age table with threshold 15 (max threshold 15)
[2023-11-16T05:26:28.943+0000][7][gc,age      ] GC(44) - age   1:    1653072 bytes,    1653072 total
[2023-11-16T05:26:28.943+0000][7][gc,age      ] GC(44) - age   2:     270344 bytes,    1923416 total
[2023-11-16T05:26:28.943+0000][7][gc,age      ] GC(44) - age   3:     330280 bytes,    2253696 total
[2023-11-16T05:26:28.943+0000][7][gc,age      ] GC(44) - age   4:     997936 bytes,    3251632 total
[2023-11-16T05:26:28.943+0000][7][gc,age      ] GC(44) - age   5:       6376 bytes,    3258008 total
[2023-11-16T05:26:28.943+0000][7][gc,age      ] GC(44) - age   6:       1384 bytes,    3259392 total
[2023-11-16T05:26:28.943+0000][7][gc,age      ] GC(44) - age   7:      11328 bytes,    3270720 total
[2023-11-16T05:26:28.943+0000][7][gc,age      ] GC(44) - age   8:     145984 bytes,    3416704 total
[2023-11-16T05:26:28.943+0000][7][gc,age      ] GC(44) - age   9:     148520 bytes,    3565224 total
[2023-11-16T05:26:28.943+0000][7][gc,age      ] GC(44) - age  10:       4632 bytes,    3569856 total
[2023-11-16T05:26:28.943+0000][7][gc,age      ] GC(44) - age  11:     227600 bytes,    3797456 total
[2023-11-16T05:26:28.943+0000][7][gc,age      ] GC(44) - age  12:    1865952 bytes,    5663408 total
[2023-11-16T05:26:28.943+0000][7][gc,age      ] GC(44) - age  13:    1210496 bytes,    6873904 total
[2023-11-16T05:26:28.943+0000][7][gc,age      ] GC(44) - age  14:      18448 bytes,    6892352 total
[2023-11-16T05:26:28.943+0000][7][gc,age      ] GC(44) - age  15:     585832 bytes,    7478184 total
[2023-11-16T05:26:28.943+0000][7][gc,phases   ] GC(44)   Pre Evacuate Collection Set: 0.1ms
[2023-11-16T05:26:28.943+0000][7][gc,phases   ] GC(44)   Merge Heap Roots: 0.0ms
[2023-11-16T05:26:28.943+0000][7][gc,phases   ] GC(44)   Evacuate Collection Set: 4.5ms
[2023-11-16T05:26:28.943+0000][7][gc,phases   ] GC(44)   Post Evacuate Collection Set: 0.6ms
[2023-11-16T05:26:28.943+0000][7][gc,phases   ] GC(44)   Other: 0.3ms
[2023-11-16T05:26:28.943+0000][7][gc,heap     ] GC(44) Eden regions: 72->0(74)
[2023-11-16T05:26:28.943+0000][7][gc,heap     ] GC(44) Survivor regions: 3->2(10)
[2023-11-16T05:26:28.943+0000][7][gc,heap     ] GC(44) Old regions: 23->23
[2023-11-16T05:26:28.943+0000][7][gc,heap     ] GC(44) Archive regions: 2->2
[2023-11-16T05:26:28.943+0000][7][gc,heap     ] GC(44) Humongous regions: 5->5
[2023-11-16T05:26:28.943+0000][7][gc,metaspace] GC(44) Metaspace: 117289K(119040K)->117289K(119040K) NonClass: 101553K(102592K)->101553K(102592K) Class: 15736K(16448K)->15736K(16448K)
[2023-11-16T05:26:28.943+0000][7][gc          ] GC(44) Pause Young (Normal) (G1 Evacuation Pause) 409M->120M(512M) 5.446ms
[2023-11-16T05:26:28.943+0000][7][gc,cpu      ] GC(44) User=0.03s Sys=0.00s Real=0.01s
[2023-11-16T05:26:28.943+0000][7][safepoint   ] Safepoint "G1CollectForAllocation", Time since last: 160910227 ns, Reaching safepoint: 89699 ns, At safepoint: 5544472 ns, Total: 5634171 ns
[2023-11-16T05:26:29.944+0000][7][safepoint   ] Safepoint "Cleanup", Time since last: 1000078558 ns, Reaching safepoint: 81585 ns, At safepoint: 4700 ns, Total: 86285 ns
[2023-11-16T05:26:30.944+0000][7][safepoint   ] Safepoint "Cleanup", Time since last: 1000215653 ns, Reaching safepoint: 172774 ns, At safepoint: 6782 ns, Total: 179556 ns
[2023-11-16T05:26:31.944+0000][7][safepoint   ] Safepoint "Cleanup", Time since last: 1000122385 ns, Reaching safepoint: 70037 ns, At safepoint: 9829 ns, Total: 79866 ns
[2023-11-16T05:26:32.944+0000][7][safepoint   ] Safepoint "Cleanup", Time since last: 1000135506 ns, Reaching safepoint: 98246 ns, At safepoint: 12033 ns, Total: 110279 ns
[2023-11-16T05:26:33.945+0000][7][safepoint   ] Safepoint "Cleanup", Time since last: 1000105357 ns, Reaching safepoint: 106749 ns, At safepoint: 8072 ns, Total: 114821 ns
[2023-11-16T05:26:34.945+0000][7][safepoint   ] Safepoint "Cleanup", Time since last: 1000167822 ns, Reaching safepoint: 228119 ns, At safepoint: 7505 ns, Total: 235624 ns
[2023-11-16T05:26:36.946+0000][7][safepoint   ] Safepoint "Cleanup", Time since last: 2000341265 ns, Reaching safepoint: 59377 ns, At safepoint: 4122 ns, Total: 63499 ns
[2023-11-16T05:26:36.965+0000][7][gc,start    ] GC(45) Pause Young (Normal) (G1 Evacuation Pause)
[2023-11-16T05:26:36.965+0000][7][gc,task     ] GC(45) Using 8 workers of 8 for evacuation
[2023-11-16T05:26:36.965+0000][7][gc,age      ] GC(45) Desired survivor size 20971520 bytes, new threshold 15 (max threshold 15)
[2023-11-16T05:26:36.980+0000][7][gc,age      ] GC(45) Age table with threshold 15 (max threshold 15)
[2023-11-16T05:26:36.980+0000][7][gc,age      ] GC(45) - age   1:    1563168 bytes,    1563168 total
[2023-11-16T05:26:36.980+0000][7][gc,age      ] GC(45) - age   2:     613792 bytes,    2176960 total
[2023-11-16T05:26:36.980+0000][7][gc,age      ] GC(45) - age   3:     266952 bytes,    2443912 total
[2023-11-16T05:26:36.980+0000][7][gc,age      ] GC(45) - age   4:     329168 bytes,    2773080 total
[2023-11-16T05:26:36.980+0000][7][gc,age      ] GC(45) - age   5:     997584 bytes,    3770664 total
[2023-11-16T05:26:36.980+0000][7][gc,age      ] GC(45) - age   6:       6064 bytes,    3776728 total
[2023-11-16T05:26:36.980+0000][7][gc,age      ] GC(45) - age   7:       1384 bytes,    3778112 total
[2023-11-16T05:26:36.980+0000][7][gc,age      ] GC(45) - age   8:      11232 bytes,    3789344 total
[2023-11-16T05:26:36.980+0000][7][gc,age      ] GC(45) - age   9:     145808 bytes,    3935152 total
[2023-11-16T05:26:36.980+0000][7][gc,age      ] GC(45) - age  10:       4296 bytes,    3939448 total
[2023-11-16T05:26:36.980+0000][7][gc,age      ] GC(45) - age  11:       4288 bytes,    3943736 total
[2023-11-16T05:26:36.980+0000][7][gc,age      ] GC(45) - age  12:     227472 bytes,    4171208 total
[2023-11-16T05:26:36.980+0000][7][gc,age      ] GC(45) - age  13:    1865856 bytes,    6037064 total
[2023-11-16T05:26:36.980+0000][7][gc,age      ] GC(45) - age  14:    1210496 bytes,    7247560 total
[2023-11-16T05:26:36.980+0000][7][gc,age      ] GC(45) - age  15:      18416 bytes,    7265976 total
[2023-11-16T05:26:36.980+0000][7][gc,phases   ] GC(45)   Pre Evacuate Collection Set: 0.1ms
[2023-11-16T05:26:36.980+0000][7][gc,phases   ] GC(45)   Merge Heap Roots: 0.1ms
[2023-11-16T05:26:36.980+0000][7][gc,phases   ] GC(45)   Evacuate Collection Set: 13.6ms
[2023-11-16T05:26:36.980+0000][7][gc,phases   ] GC(45)   Post Evacuate Collection Set: 0.7ms
[2023-11-16T05:26:36.980+0000][7][gc,phases   ] GC(45)   Other: 0.3ms
[2023-11-16T05:26:36.980+0000][7][gc,heap     ] GC(45) Eden regions: 74->0(74)
[2023-11-16T05:26:36.980+0000][7][gc,heap     ] GC(45) Survivor regions: 2->2(10)
[2023-11-16T05:26:36.980+0000][7][gc,heap     ] GC(45) Old regions: 23->23
[2023-11-16T05:26:36.980+0000][7][gc,heap     ] GC(45) Archive regions: 2->2
[2023-11-16T05:26:36.980+0000][7][gc,heap     ] GC(45) Humongous regions: 5->5
[2023-11-16T05:26:36.980+0000][7][gc,metaspace] GC(45) Metaspace: 117298K(119040K)->117298K(119040K) NonClass: 101562K(102592K)->101562K(102592K) Class: 15736K(16448K)->15736K(16448K)
[2023-11-16T05:26:36.980+0000][7][gc          ] GC(45) Pause Young (Normal) (G1 Evacuation Pause) 416M->120M(512M) 14.810ms
[2023-11-16T05:26:36.980+0000][7][gc,cpu      ] GC(45) User=0.04s Sys=0.01s Real=0.02s
[2023-11-16T05:26:36.980+0000][7][safepoint   ] Safepoint "G1CollectForAllocation", Time since last: 19483884 ns, Reaching safepoint: 38679 ns, At safepoint: 14891592 ns, Total: 14930271 ns
[2023-11-16T05:26:37.980+0000][7][safepoint   ] Safepoint "Cleanup", Time since last: 1000093779 ns, Reaching safepoint: 62451 ns, At safepoint: 6393 ns, Total: 68844 ns
[2023-11-16T05:26:38.980+0000][7][safepoint   ] Safepoint "Cleanup", Time since last: 1000150142 ns, Reaching safepoint: 92435 ns, At safepoint: 5601 ns, Total: 98036 ns
[2023-11-16T05:26:40.981+0000][7][safepoint   ] Safepoint "Cleanup", Time since last: 2000204735 ns, Reaching safepoint: 92897 ns, At safepoint: 5075 ns, Total: 97972 ns
[2023-11-16T05:26:41.981+0000][7][safepoint   ] Safepoint "Cleanup", Time since last: 1000130232 ns, Reaching safepoint: 81762 ns, At safepoint: 9155 ns, Total: 90917 ns
[2023-11-16T05:26:43.981+0000][7][safepoint   ] Safepoint "Cleanup", Time since last: 2000425399 ns, Reaching safepoint: 66288 ns, At safepoint: 7204 ns, Total: 73492 ns
[2023-11-16T05:26:44.982+0000][7][safepoint   ] Safepoint "Cleanup", Time since last: 1000328212 ns, Reaching safepoint: 34701 ns, At safepoint: 5617 ns, Total: 40318 ns
[2023-11-16T05:26:45.071+0000][7][gc,start    ] GC(46) Pause Young (Normal) (G1 Evacuation Pause)
[2023-11-16T05:26:45.071+0000][7][gc,task     ] GC(46) Using 8 workers of 8 for evacuation
[2023-11-16T05:26:45.071+0000][7][gc,age      ] GC(46) Desired survivor size 20971520 bytes, new threshold 15 (max threshold 15)
[2023-11-16T05:26:45.075+0000][7][gc,age      ] GC(46) Age table with threshold 15 (max threshold 15)
[2023-11-16T05:26:45.075+0000][7][gc,age      ] GC(46) - age   1:    1001112 bytes,    1001112 total
[2023-11-16T05:26:45.075+0000][7][gc,age      ] GC(46) - age   2:     167912 bytes,    1169024 total
[2023-11-16T05:26:45.075+0000][7][gc,age      ] GC(46) - age   3:     367424 bytes,    1536448 total
[2023-11-16T05:26:45.075+0000][7][gc,age      ] GC(46) - age   4:     244464 bytes,    1780912 total
[2023-11-16T05:26:45.075+0000][7][gc,age      ] GC(46) - age   5:     201664 bytes,    1982576 total
[2023-11-16T05:26:45.075+0000][7][gc,age      ] GC(46) - age   6:     997456 bytes,    2980032 total
[2023-11-16T05:26:45.075+0000][7][gc,age      ] GC(46) - age   7:       6064 bytes,    2986096 total
[2023-11-16T05:26:45.075+0000][7][gc,age      ] GC(46) - age   8:       1384 bytes,    2987480 total
[2023-11-16T05:26:45.075+0000][7][gc,age      ] GC(46) - age   9:      11232 bytes,    2998712 total
[2023-11-16T05:26:45.075+0000][7][gc,age      ] GC(46) - age  10:       1720 bytes,    3000432 total
[2023-11-16T05:26:45.075+0000][7][gc,age      ] GC(46) - age  11:       3952 bytes,    3004384 total
[2023-11-16T05:26:45.075+0000][7][gc,age      ] GC(46) - age  12:       4288 bytes,    3008672 total
[2023-11-16T05:26:45.075+0000][7][gc,age      ] GC(46) - age  13:     227408 bytes,    3236080 total
[2023-11-16T05:26:45.076+0000][7][gc,age      ] GC(46) - age  14:    1865856 bytes,    5101936 total
[2023-11-16T05:26:45.076+0000][7][gc,age      ] GC(46) - age  15:    1210496 bytes,    6312432 total
[2023-11-16T05:26:45.076+0000][7][gc,phases   ] GC(46)   Pre Evacuate Collection Set: 0.1ms
[2023-11-16T05:26:45.076+0000][7][gc,phases   ] GC(46)   Merge Heap Roots: 0.1ms
[2023-11-16T05:26:45.076+0000][7][gc,phases   ] GC(46)   Evacuate Collection Set: 3.6ms
[2023-11-16T05:26:45.076+0000][7][gc,phases   ] GC(46)   Post Evacuate Collection Set: 0.9ms
[2023-11-16T05:26:45.076+0000][7][gc,phases   ] GC(46)   Other: 0.5ms
[2023-11-16T05:26:45.076+0000][7][gc,heap     ] GC(46) Eden regions: 74->0(74)
[2023-11-16T05:26:45.076+0000][7][gc,heap     ] GC(46) Survivor regions: 2->2(10)
[2023-11-16T05:26:45.076+0000][7][gc,heap     ] GC(46) Old regions: 23->23
[2023-11-16T05:26:45.076+0000][7][gc,heap     ] GC(46) Archive regions: 2->2
[2023-11-16T05:26:45.076+0000][7][gc,heap     ] GC(46) Humongous regions: 5->5
[2023-11-16T05:26:45.076+0000][7][gc,metaspace] GC(46) Metaspace: 117323K(119040K)->117323K(119040K) NonClass: 101587K(102592K)->101587K(102592K) Class: 15736K(16448K)->15736K(16448K)
[2023-11-16T05:26:45.076+0000][7][gc          ] GC(46) Pause Young (Normal) (G1 Evacuation Pause) 416M->119M(512M) 5.122ms
[2023-11-16T05:26:45.076+0000][7][gc,cpu      ] GC(46) User=0.02s Sys=0.01s Real=0.00s
[2023-11-16T05:26:45.076+0000][7][safepoint   ] Safepoint "G1CollectForAllocation", Time since last: 88738057 ns, Reaching safepoint: 39270 ns, At safepoint: 5269728 ns, Total: 5308998 ns
[2023-11-16T05:26:47.076+0000][7][safepoint   ] Safepoint "Cleanup", Time since last: 2000173088 ns, Reaching safepoint: 58860 ns, At safepoint: 3929 ns, Total: 62789 ns
[2023-11-16T05:26:49.076+0000][7][safepoint   ] Safepoint "Cleanup", Time since last: 2000215416 ns, Reaching safepoint: 147555 ns, At safepoint: 9447 ns, Total: 157002 ns
[2023-11-16T05:26:50.077+0000][7][safepoint   ] Safepoint "Cleanup", Time since last: 1000094577 ns, Reaching safepoint: 57010 ns, At safepoint: 4811 ns, Total: 61821 ns
[2023-11-16T05:26:51.077+0000][7][safepoint   ] Safepoint "Cleanup", Time since last: 1000094705 ns, Reaching safepoint: 54396 ns, At safepoint: 3402 ns, Total: 57798 ns
[2023-11-16T05:26:53.077+0000][7][safepoint   ] Safepoint "Cleanup", Time since last: 2000197199 ns, Reaching safepoint: 97482 ns, At safepoint: 5897 ns, Total: 103379 ns
[2023-11-16T05:26:54.077+0000][7][safepoint   ] Safepoint "Cleanup", Time since last: 1000110851 ns, Reaching safepoint: 46464 ns, At safepoint: 6104 ns, Total: 52568 ns
[2023-11-16T05:26:56.077+0000][7][safepoint   ] Safepoint "Cleanup", Time since last: 2000154475 ns, Reaching safepoint: 57238 ns, At safepoint: 4125 ns, Total: 61363 ns
[2023-11-16T05:26:57.078+0000][7][safepoint   ] Safepoint "Cleanup", Time since last: 1000110672 ns, Reaching safepoint: 123363 ns, At safepoint: 7619 ns, Total: 130982 ns
[2023-11-16T05:26:59.078+0000][7][safepoint   ] Safepoint "Cleanup", Time since last: 2000182882 ns, Reaching safepoint: 218101 ns, At safepoint: 11034 ns, Total: 229135 ns
[2023-11-16T05:27:01.079+0000][7][safepoint   ] Safepoint "Cleanup", Time since last: 2000442753 ns, Reaching safepoint: 95628 ns, At safepoint: 10184 ns, Total: 105812 ns
[2023-11-16T05:27:02.079+0000][7][safepoint   ] Safepoint "Cleanup", Time since last: 1000388261 ns, Reaching safepoint: 117058 ns, At safepoint: 5382 ns, Total: 122440 ns
[2023-11-16T05:27:02.143+0000][7][gc,start    ] GC(47) Pause Young (Normal) (G1 Evacuation Pause)
[2023-11-16T05:27:02.143+0000][7][gc,task     ] GC(47) Using 8 workers of 8 for evacuation
[2023-11-16T05:27:02.143+0000][7][gc,age      ] GC(47) Desired survivor size 20971520 bytes, new threshold 15 (max threshold 15)
[2023-11-16T05:27:02.165+0000][7][gc,age      ] GC(47) Age table with threshold 15 (max threshold 15)
[2023-11-16T05:27:02.166+0000][7][gc,age      ] GC(47) - age   1:    2300248 bytes,    2300248 total
[2023-11-16T05:27:02.166+0000][7][gc,age      ] GC(47) - age   2:     352704 bytes,    2652952 total
[2023-11-16T05:27:02.166+0000][7][gc,age      ] GC(47) - age   3:     163704 bytes,    2816656 total
[2023-11-16T05:27:02.166+0000][7][gc,age      ] GC(47) - age   4:     353032 bytes,    3169688 total
[2023-11-16T05:27:02.166+0000][7][gc,age      ] GC(47) - age   5:     244112 bytes,    3413800 total
[2023-11-16T05:27:02.166+0000][7][gc,age      ] GC(47) - age   6:     200456 bytes,    3614256 total
[2023-11-16T05:27:02.166+0000][7][gc,age      ] GC(47) - age   7:     997080 bytes,    4611336 total
[2023-11-16T05:27:02.166+0000][7][gc,age      ] GC(47) - age   8:       5752 bytes,    4617088 total
[2023-11-16T05:27:02.166+0000][7][gc,age      ] GC(47) - age   9:       1384 bytes,    4618472 total
[2023-11-16T05:27:02.166+0000][7][gc,age      ] GC(47) - age  10:      11048 bytes,    4629520 total
[2023-11-16T05:27:02.166+0000][7][gc,age      ] GC(47) - age  11:       1688 bytes,    4631208 total
[2023-11-16T05:27:02.166+0000][7][gc,age      ] GC(47) - age  12:       3952 bytes,    4635160 total
[2023-11-16T05:27:02.166+0000][7][gc,age      ] GC(47) - age  13:       4288 bytes,    4639448 total
[2023-11-16T05:27:02.166+0000][7][gc,age      ] GC(47) - age  14:     227408 bytes,    4866856 total
[2023-11-16T05:27:02.166+0000][7][gc,age      ] GC(47) - age  15:    1865856 bytes,    6732712 total
[2023-11-16T05:27:02.166+0000][7][gc,phases   ] GC(47)   Pre Evacuate Collection Set: 0.1ms
[2023-11-16T05:27:02.166+0000][7][gc,phases   ] GC(47)   Merge Heap Roots: 0.1ms
[2023-11-16T05:27:02.166+0000][7][gc,phases   ] GC(47)   Evacuate Collection Set: 15.3ms
[2023-11-16T05:27:02.166+0000][7][gc,phases   ] GC(47)   Post Evacuate Collection Set: 6.7ms
[2023-11-16T05:27:02.166+0000][7][gc,phases   ] GC(47)   Other: 0.3ms
[2023-11-16T05:27:02.166+0000][7][gc,heap     ] GC(47) Eden regions: 74->0(74)
[2023-11-16T05:27:02.166+0000][7][gc,heap     ] GC(47) Survivor regions: 2->2(10)
[2023-11-16T05:27:02.166+0000][7][gc,heap     ] GC(47) Old regions: 23->23
[2023-11-16T05:27:02.166+0000][7][gc,heap     ] GC(47) Archive regions: 2->2
[2023-11-16T05:27:02.166+0000][7][gc,heap     ] GC(47) Humongous regions: 5->5
[2023-11-16T05:27:02.166+0000][7][gc,metaspace] GC(47) Metaspace: 117343K(119040K)->117343K(119040K) NonClass: 101607K(102592K)->101607K(102592K) Class: 15736K(16448K)->15736K(16448K)
[2023-11-16T05:27:02.166+0000][7][gc          ] GC(47) Pause Young (Normal) (G1 Evacuation Pause) 415M->121M(512M) 22.493ms
[2023-11-16T05:27:02.166+0000][7][gc,cpu      ] GC(47) User=0.04s Sys=0.00s Real=0.02s
[2023-11-16T05:27:02.166+0000][7][safepoint   ] Safepoint "G1CollectForAllocation", Time since last: 64069009 ns, Reaching safepoint: 75193 ns, At safepoint: 22609323 ns, Total: 22684516 ns
[2023-11-16T05:27:04.166+0000][7][safepoint   ] Safepoint "Cleanup", Time since last: 2000161076 ns, Reaching safepoint: 62422 ns, At safepoint: 5640 ns, Total: 68062 ns
[2023-11-16T05:27:05.166+0000][7][safepoint   ] Safepoint "Cleanup", Time since last: 1000121121 ns, Reaching safepoint: 111208 ns, At safepoint: 9272 ns, Total: 120480 ns
[2023-11-16T05:27:06.167+0000][7][safepoint   ] Safepoint "Cleanup", Time since last: 1000137757 ns, Reaching safepoint: 74016 ns, At safepoint: 5441 ns, Total: 79457 ns
[2023-11-16T05:27:08.167+0000][7][safepoint   ] Safepoint "Cleanup", Time since last: 2000202611 ns, Reaching safepoint: 87536 ns, At safepoint: 6276 ns, Total: 93812 ns
[2023-11-16T05:27:09.167+0000][7][safepoint   ] Safepoint "Cleanup", Time since last: 1000161955 ns, Reaching safepoint: 174402 ns, At safepoint: 30022 ns, Total: 204424 ns
[2023-11-16T05:27:11.167+0000][7][safepoint   ] Safepoint "Cleanup", Time since last: 2000190420 ns, Reaching safepoint: 85624 ns, At safepoint: 6373 ns, Total: 91997 ns
[2023-11-16T05:27:14.168+0000][7][safepoint   ] Safepoint "Cleanup", Time since last: 3000335729 ns, Reaching safepoint: 69931 ns, At safepoint: 9154 ns, Total: 79085 ns
[2023-11-16T05:27:17.169+0000][7][safepoint   ] Safepoint "Cleanup", Time since last: 3000554074 ns, Reaching safepoint: 68397 ns, At safepoint: 11056 ns, Total: 79453 ns
[2023-11-16T05:27:18.166+0000][7][gc,start    ] GC(48) Pause Young (Normal) (G1 Evacuation Pause)
[2023-11-16T05:27:18.166+0000][7][gc,task     ] GC(48) Using 8 workers of 8 for evacuation
[2023-11-16T05:27:18.167+0000][7][gc,age      ] GC(48) Desired survivor size 20971520 bytes, new threshold 15 (max threshold 15)
[2023-11-16T05:27:18.180+0000][7][gc,age      ] GC(48) Age table with threshold 15 (max threshold 15)
[2023-11-16T05:27:18.180+0000][7][gc,age      ] GC(48) - age   1:    1449120 bytes,    1449120 total
[2023-11-16T05:27:18.180+0000][7][gc,age      ] GC(48) - age   2:     450424 bytes,    1899544 total
[2023-11-16T05:27:18.180+0000][7][gc,age      ] GC(48) - age   3:     351104 bytes,    2250648 total
[2023-11-16T05:27:18.180+0000][7][gc,age      ] GC(48) - age   4:     147480 bytes,    2398128 total
[2023-11-16T05:27:18.180+0000][7][gc,age      ] GC(48) - age   5:     179672 bytes,    2577800 total
[2023-11-16T05:27:18.180+0000][7][gc,age      ] GC(48) - age   6:     243936 bytes,    2821736 total
[2023-11-16T05:27:18.180+0000][7][gc,age      ] GC(48) - age   7:     200200 bytes,    3021936 total
[2023-11-16T05:27:18.180+0000][7][gc,age      ] GC(48) - age   8:     997016 bytes,    4018952 total
[2023-11-16T05:27:18.180+0000][7][gc,age      ] GC(48) - age   9:       5624 bytes,    4024576 total
[2023-11-16T05:27:18.180+0000][7][gc,age      ] GC(48) - age  10:       1384 bytes,    4025960 total
[2023-11-16T05:27:18.180+0000][7][gc,age      ] GC(48) - age  11:      11048 bytes,    4037008 total
[2023-11-16T05:27:18.180+0000][7][gc,age      ] GC(48) - age  12:       1688 bytes,    4038696 total
[2023-11-16T05:27:18.180+0000][7][gc,age      ] GC(48) - age  13:       3952 bytes,    4042648 total
[2023-11-16T05:27:18.180+0000][7][gc,age      ] GC(48) - age  14:       4288 bytes,    4046936 total
[2023-11-16T05:27:18.180+0000][7][gc,age      ] GC(48) - age  15:     227408 bytes,    4274344 total
[2023-11-16T05:27:18.180+0000][7][gc,phases   ] GC(48)   Pre Evacuate Collection Set: 0.1ms
[2023-11-16T05:27:18.180+0000][7][gc,phases   ] GC(48)   Merge Heap Roots: 0.0ms
[2023-11-16T05:27:18.180+0000][7][gc,phases   ] GC(48)   Evacuate Collection Set: 12.3ms
[2023-11-16T05:27:18.180+0000][7][gc,phases   ] GC(48)   Post Evacuate Collection Set: 0.7ms
[2023-11-16T05:27:18.180+0000][7][gc,phases   ] GC(48)   Other: 0.3ms
[2023-11-16T05:27:18.180+0000][7][gc,heap     ] GC(48) Eden regions: 74->0(73)
[2023-11-16T05:27:18.180+0000][7][gc,heap     ] GC(48) Survivor regions: 2->2(10)
[2023-11-16T05:27:18.180+0000][7][gc,heap     ] GC(48) Old regions: 23->24
[2023-11-16T05:27:18.180+0000][7][gc,heap     ] GC(48) Archive regions: 2->2
[2023-11-16T05:27:18.180+0000][7][gc,heap     ] GC(48) Humongous regions: 5->5
[2023-11-16T05:27:18.180+0000][7][gc,metaspace] GC(48) Metaspace: 117412K(119104K)->117412K(119104K) NonClass: 101674K(102656K)->101674K(102656K) Class: 15737K(16448K)->15737K(16448K)
[2023-11-16T05:27:18.180+0000][7][gc          ] GC(48) Pause Young (Normal) (G1 Evacuation Pause) 417M->120M(512M) 13.324ms
[2023-11-16T05:27:18.180+0000][7][gc,cpu      ] GC(48) User=0.03s Sys=0.00s Real=0.02s
[2023-11-16T05:27:18.180+0000][7][safepoint   ] Safepoint "G1CollectForAllocation", Time since last: 997672317 ns, Reaching safepoint: 207761 ns, At safepoint: 13402513 ns, Total: 13610274 ns
[2023-11-16T05:27:19.180+0000][7][safepoint   ] Safepoint "Cleanup", Time since last: 1000119885 ns, Reaching safepoint: 71582 ns, At safepoint: 7286 ns, Total: 78868 ns
[2023-11-16T05:27:20.180+0000][7][safepoint   ] Safepoint "Cleanup", Time since last: 1000105833 ns, Reaching safepoint: 105487 ns, At safepoint: 5128 ns, Total: 110615 ns
[2023-11-16T05:27:21.180+0000][7][safepoint   ] Safepoint "Cleanup", Time since last: 1000116013 ns, Reaching safepoint: 109947 ns, At safepoint: 19147 ns, Total: 129094 ns
[2023-11-16T05:27:22.181+0000][7][safepoint   ] Safepoint "Cleanup", Time since last: 1000233253 ns, Reaching safepoint: 84338 ns, At safepoint: 5900 ns, Total: 90238 ns
[2023-11-16T05:27:23.181+0000][7][safepoint   ] Safepoint "Cleanup", Time since last: 1000112710 ns, Reaching safepoint: 47476 ns, At safepoint: 7024 ns, Total: 54500 ns
[2023-11-16T05:27:24.181+0000][7][safepoint   ] Safepoint "Cleanup", Time since last: 1000101365 ns, Reaching safepoint: 80559 ns, At safepoint: 10503 ns, Total: 91062 ns
[2023-11-16T05:27:25.181+0000][7][safepoint   ] Safepoint "Cleanup", Time since last: 1000089441 ns, Reaching safepoint: 61271 ns, At safepoint: 6989 ns, Total: 68260 ns
[2023-11-16T05:27:25.496+0000][7][gc,start    ] GC(49) Pause Young (Normal) (G1 Evacuation Pause)
[2023-11-16T05:27:25.496+0000][7][gc,task     ] GC(49) Using 8 workers of 8 for evacuation
[2023-11-16T05:27:25.496+0000][7][gc,age      ] GC(49) Desired survivor size 20971520 bytes, new threshold 15 (max threshold 15)
[2023-11-16T05:27:25.503+0000][7][gc,age      ] GC(49) Age table with threshold 15 (max threshold 15)
[2023-11-16T05:27:25.503+0000][7][gc,age      ] GC(49) - age   1:    2182480 bytes,    2182480 total
[2023-11-16T05:27:25.503+0000][7][gc,age      ] GC(49) - age   2:     474416 bytes,    2656896 total
[2023-11-16T05:27:25.503+0000][7][gc,age      ] GC(49) - age   3:      46200 bytes,    2703096 total
[2023-11-16T05:27:25.503+0000][7][gc,age      ] GC(49) - age   4:     252328 bytes,    2955424 total
[2023-11-16T05:27:25.503+0000][7][gc,age      ] GC(49) - age   5:     147040 bytes,    3102464 total
[2023-11-16T05:27:25.503+0000][7][gc,age      ] GC(49) - age   6:     179280 bytes,    3281744 total
[2023-11-16T05:27:25.503+0000][7][gc,age      ] GC(49) - age   7:     243776 bytes,    3525520 total
[2023-11-16T05:27:25.503+0000][7][gc,age      ] GC(49) - age   8:     200064 bytes,    3725584 total
[2023-11-16T05:27:25.503+0000][7][gc,age      ] GC(49) - age   9:     997016 bytes,    4722600 total
[2023-11-16T05:27:25.503+0000][7][gc,age      ] GC(49) - age  10:       5328 bytes,    4727928 total
[2023-11-16T05:27:25.503+0000][7][gc,age      ] GC(49) - age  11:       1384 bytes,    4729312 total
[2023-11-16T05:27:25.503+0000][7][gc,age      ] GC(49) - age  12:      10912 bytes,    4740224 total
[2023-11-16T05:27:25.503+0000][7][gc,age      ] GC(49) - age  13:       1688 bytes,    4741912 total
[2023-11-16T05:27:25.503+0000][7][gc,age      ] GC(49) - age  14:       3952 bytes,    4745864 total
[2023-11-16T05:27:25.503+0000][7][gc,age      ] GC(49) - age  15:       4288 bytes,    4750152 total
[2023-11-16T05:27:25.503+0000][7][gc,phases   ] GC(49)   Pre Evacuate Collection Set: 0.1ms
[2023-11-16T05:27:25.503+0000][7][gc,phases   ] GC(49)   Merge Heap Roots: 0.0ms
[2023-11-16T05:27:25.503+0000][7][gc,phases   ] GC(49)   Evacuate Collection Set: 6.2ms
[2023-11-16T05:27:25.503+0000][7][gc,phases   ] GC(49)   Post Evacuate Collection Set: 0.5ms
[2023-11-16T05:27:25.503+0000][7][gc,phases   ] GC(49)   Other: 0.2ms
[2023-11-16T05:27:25.503+0000][7][gc,heap     ] GC(49) Eden regions: 73->0(73)
[2023-11-16T05:27:25.503+0000][7][gc,heap     ] GC(49) Survivor regions: 2->2(10)
[2023-11-16T05:27:25.503+0000][7][gc,heap     ] GC(49) Old regions: 24->24
[2023-11-16T05:27:25.503+0000][7][gc,heap     ] GC(49) Archive regions: 2->2
[2023-11-16T05:27:25.503+0000][7][gc,heap     ] GC(49) Humongous regions: 5->5
[2023-11-16T05:27:25.503+0000][7][gc,metaspace] GC(49) Metaspace: 117441K(119168K)->117441K(119168K) NonClass: 101702K(102720K)->101702K(102720K) Class: 15738K(16448K)->15738K(16448K)
[2023-11-16T05:27:25.503+0000][7][gc          ] GC(49) Pause Young (Normal) (G1 Evacuation Pause) 412M->121M(512M) 7.204ms
[2023-11-16T05:27:25.503+0000][7][gc,cpu      ] GC(49) User=0.02s Sys=0.00s Real=0.01s
[2023-11-16T05:27:25.503+0000][7][safepoint   ] Safepoint "G1CollectForAllocation", Time since last: 314665771 ns, Reaching safepoint: 46258 ns, At safepoint: 7302062 ns, Total: 7348320 ns
[2023-11-16T05:27:26.503+0000][7][safepoint   ] Safepoint "Cleanup", Time since last: 1000104396 ns, Reaching safepoint: 52692 ns, At safepoint: 7180 ns, Total: 59872 ns
[2023-11-16T05:27:27.504+0000][7][safepoint   ] Safepoint "Cleanup", Time since last: 1000342845 ns, Reaching safepoint: 38732 ns, At safepoint: 4871 ns, Total: 43603 ns
[2023-11-16T05:27:28.504+0000][7][safepoint   ] Safepoint "Cleanup", Time since last: 1000151885 ns, Reaching safepoint: 148933 ns, At safepoint: 7871 ns, Total: 156804 ns
[2023-11-16T05:27:29.505+0000][7][safepoint   ] Safepoint "Cleanup", Time since last: 1000230698 ns, Reaching safepoint: 190436 ns, At safepoint: 6887 ns, Total: 197323 ns
[2023-11-16T05:27:30.505+0000][7][safepoint   ] Safepoint "Cleanup", Time since last: 1000092197 ns, Reaching safepoint: 96442 ns, At safepoint: 4665 ns, Total: 101107 ns
[2023-11-16T05:27:31.510+0000][7][safepoint   ] Safepoint "Cleanup", Time since last: 1000099116 ns, Reaching safepoint: 5371206 ns, At safepoint: 56174 ns, Total: 5427380 ns
[2023-11-16T05:27:32.511+0000][7][safepoint   ] Safepoint "Cleanup", Time since last: 1000214238 ns, Reaching safepoint: 47969 ns, At safepoint: 6527 ns, Total: 54496 ns
[2023-11-16T05:27:32.593+0000][7][gc,start    ] GC(50) Pause Young (Normal) (G1 Evacuation Pause)
[2023-11-16T05:27:32.593+0000][7][gc,task     ] GC(50) Using 8 workers of 8 for evacuation
[2023-11-16T05:27:32.593+0000][7][gc,age      ] GC(50) Desired survivor size 20971520 bytes, new threshold 15 (max threshold 15)
[2023-11-16T05:27:32.597+0000][7][gc,age      ] GC(50) Age table with threshold 15 (max threshold 15)
[2023-11-16T05:27:32.597+0000][7][gc,age      ] GC(50) - age   1:    1432208 bytes,    1432208 total
[2023-11-16T05:27:32.597+0000][7][gc,age      ] GC(50) - age   2:     633040 bytes,    2065248 total
[2023-11-16T05:27:32.597+0000][7][gc,age      ] GC(50) - age   3:     172520 bytes,    2237768 total
[2023-11-16T05:27:32.597+0000][7][gc,age      ] GC(50) - age   4:       5976 bytes,    2243744 total
[2023-11-16T05:27:32.597+0000][7][gc,age      ] GC(50) - age   5:     145432 bytes,    2389176 total
[2023-11-16T05:27:32.597+0000][7][gc,age      ] GC(50) - age   6:       2128 bytes,    2391304 total
[2023-11-16T05:27:32.597+0000][7][gc,age      ] GC(50) - age   7:     179232 bytes,    2570536 total
[2023-11-16T05:27:32.597+0000][7][gc,age      ] GC(50) - age   8:     243712 bytes,    2814248 total
[2023-11-16T05:27:32.597+0000][7][gc,age      ] GC(50) - age   9:     200064 bytes,    3014312 total
[2023-11-16T05:27:32.597+0000][7][gc,age      ] GC(50) - age  10:     996984 bytes,    4011296 total
[2023-11-16T05:27:32.597+0000][7][gc,age      ] GC(50) - age  11:       5328 bytes,    4016624 total
[2023-11-16T05:27:32.597+0000][7][gc,age      ] GC(50) - age  12:       1384 bytes,    4018008 total
[2023-11-16T05:27:32.597+0000][7][gc,age      ] GC(50) - age  13:      10912 bytes,    4028920 total
[2023-11-16T05:27:32.597+0000][7][gc,age      ] GC(50) - age  14:       1624 bytes,    4030544 total
[2023-11-16T05:27:32.597+0000][7][gc,age      ] GC(50) - age  15:       3952 bytes,    4034496 total
[2023-11-16T05:27:32.597+0000][7][gc,phases   ] GC(50)   Pre Evacuate Collection Set: 0.1ms
[2023-11-16T05:27:32.597+0000][7][gc,phases   ] GC(50)   Merge Heap Roots: 0.0ms
[2023-11-16T05:27:32.597+0000][7][gc,phases   ] GC(50)   Evacuate Collection Set: 2.5ms
[2023-11-16T05:27:32.597+0000][7][gc,phases   ] GC(50)   Post Evacuate Collection Set: 0.6ms
[2023-11-16T05:27:32.597+0000][7][gc,phases   ] GC(50)   Other: 0.2ms
[2023-11-16T05:27:32.597+0000][7][gc,heap     ] GC(50) Eden regions: 73->0(73)
[2023-11-16T05:27:32.597+0000][7][gc,heap     ] GC(50) Survivor regions: 2->2(10)
[2023-11-16T05:27:32.597+0000][7][gc,heap     ] GC(50) Old regions: 24->24
[2023-11-16T05:27:32.597+0000][7][gc,heap     ] GC(50) Archive regions: 2->2
[2023-11-16T05:27:32.597+0000][7][gc,heap     ] GC(50) Humongous regions: 5->5
[2023-11-16T05:27:32.597+0000][7][gc,metaspace] GC(50) Metaspace: 117482K(119168K)->117482K(119168K) NonClass: 101743K(102720K)->101743K(102720K) Class: 15738K(16448K)->15738K(16448K)
[2023-11-16T05:27:32.597+0000][7][gc          ] GC(50) Pause Young (Normal) (G1 Evacuation Pause) 413M->120M(512M) 3.435ms
[2023-11-16T05:27:32.597+0000][7][gc,cpu      ] GC(50) User=0.02s Sys=0.00s Real=0.00s
[2023-11-16T05:27:32.597+0000][7][safepoint   ] Safepoint "G1CollectForAllocation", Time since last: 82561598 ns, Reaching safepoint: 42489 ns, At safepoint: 3524115 ns, Total: 3566604 ns
[2023-11-16T05:27:33.597+0000][7][safepoint   ] Safepoint "Cleanup", Time since last: 1000126154 ns, Reaching safepoint: 61827 ns, At safepoint: 6213 ns, Total: 68040 ns
[2023-11-16T05:27:34.597+0000][7][safepoint   ] Safepoint "Cleanup", Time since last: 1000094089 ns, Reaching safepoint: 93821 ns, At safepoint: 5463 ns, Total: 99284 ns
[2023-11-16T05:27:35.597+0000][7][safepoint   ] Safepoint "Cleanup", Time since last: 1000140820 ns, Reaching safepoint: 53559 ns, At safepoint: 7939 ns, Total: 61498 ns
[2023-11-16T05:27:36.598+0000][7][safepoint   ] Safepoint "Cleanup", Time since last: 1000128968 ns, Reaching safepoint: 172368 ns, At safepoint: 6140 ns, Total: 178508 ns
[2023-11-16T05:27:37.598+0000][7][safepoint   ] Safepoint "Cleanup", Time since last: 1000195011 ns, Reaching safepoint: 80177 ns, At safepoint: 5751 ns, Total: 85928 ns
[2023-11-16T05:27:38.598+0000][7][safepoint   ] Safepoint "Cleanup", Time since last: 1000094617 ns, Reaching safepoint: 64366 ns, At safepoint: 6550 ns, Total: 70916 ns
[2023-11-16T05:27:40.470+0000][7][gc,start    ] GC(51) Pause Young (Normal) (G1 Evacuation Pause)
[2023-11-16T05:27:40.471+0000][7][gc,task     ] GC(51) Using 8 workers of 8 for evacuation
[2023-11-16T05:27:40.471+0000][7][gc,age      ] GC(51) Desired survivor size 20971520 bytes, new threshold 15 (max threshold 15)
[2023-11-16T05:27:40.476+0000][7][gc,age      ] GC(51) Age table with threshold 15 (max threshold 15)
[2023-11-16T05:27:40.476+0000][7][gc,age      ] GC(51) - age   1:    1309544 bytes,    1309544 total
[2023-11-16T05:27:40.476+0000][7][gc,age      ] GC(51) - age   2:     498184 bytes,    1807728 total
[2023-11-16T05:27:40.476+0000][7][gc,age      ] GC(51) - age   3:     630864 bytes,    2438592 total
[2023-11-16T05:27:40.476+0000][7][gc,age      ] GC(51) - age   4:     171968 bytes,    2610560 total
[2023-11-16T05:27:40.476+0000][7][gc,age      ] GC(51) - age   5:       5912 bytes,    2616472 total
[2023-11-16T05:27:40.476+0000][7][gc,age      ] GC(51) - age   6:        536 bytes,    2617008 total
[2023-11-16T05:27:40.476+0000][7][gc,age      ] GC(51) - age   7:       2064 bytes,    2619072 total
[2023-11-16T05:27:40.476+0000][7][gc,age      ] GC(51) - age   8:     179208 bytes,    2798280 total
[2023-11-16T05:27:40.476+0000][7][gc,age      ] GC(51) - age   9:     243712 bytes,    3041992 total
[2023-11-16T05:27:40.476+0000][7][gc,age      ] GC(51) - age  10:     200000 bytes,    3241992 total
[2023-11-16T05:27:40.476+0000][7][gc,age      ] GC(51) - age  11:     996984 bytes,    4238976 total
[2023-11-16T05:27:40.476+0000][7][gc,age      ] GC(51) - age  12:       5328 bytes,    4244304 total
[2023-11-16T05:27:40.476+0000][7][gc,age      ] GC(51) - age  13:       1384 bytes,    4245688 total
[2023-11-16T05:27:40.476+0000][7][gc,age      ] GC(51) - age  14:      10912 bytes,    4256600 total
[2023-11-16T05:27:40.476+0000][7][gc,age      ] GC(51) - age  15:       1624 bytes,    4258224 total
[2023-11-16T05:27:40.476+0000][7][gc,phases   ] GC(51)   Pre Evacuate Collection Set: 0.1ms
[2023-11-16T05:27:40.476+0000][7][gc,phases   ] GC(51)   Merge Heap Roots: 0.0ms
[2023-11-16T05:27:40.476+0000][7][gc,phases   ] GC(51)   Evacuate Collection Set: 4.6ms
[2023-11-16T05:27:40.476+0000][7][gc,phases   ] GC(51)   Post Evacuate Collection Set: 0.8ms
[2023-11-16T05:27:40.476+0000][7][gc,phases   ] GC(51)   Other: 0.4ms
[2023-11-16T05:27:40.477+0000][7][gc,heap     ] GC(51) Eden regions: 73->0(73)
[2023-11-16T05:27:40.477+0000][7][gc,heap     ] GC(51) Survivor regions: 2->2(10)
[2023-11-16T05:27:40.477+0000][7][gc,heap     ] GC(51) Old regions: 24->24
[2023-11-16T05:27:40.477+0000][7][gc,heap     ] GC(51) Archive regions: 2->2
[2023-11-16T05:27:40.477+0000][7][gc,heap     ] GC(51) Humongous regions: 5->5
[2023-11-16T05:27:40.477+0000][7][gc,metaspace] GC(51) Metaspace: 117524K(119232K)->117524K(119232K) NonClass: 101785K(102784K)->101785K(102784K) Class: 15738K(16448K)->15738K(16448K)
[2023-11-16T05:27:40.477+0000][7][gc          ] GC(51) Pause Young (Normal) (G1 Evacuation Pause) 412M->120M(512M) 6.089ms
[2023-11-16T05:27:40.477+0000][7][gc,cpu      ] GC(51) User=0.02s Sys=0.00s Real=0.00s
[2023-11-16T05:27:40.477+0000][7][safepoint   ] Safepoint "G1CollectForAllocation", Time since last: 1872336040 ns, Reaching safepoint: 43612 ns, At safepoint: 6189726 ns, Total: 6233338 ns
[2023-11-16T05:27:41.477+0000][7][safepoint   ] Safepoint "Cleanup", Time since last: 1000094275 ns, Reaching safepoint: 97175 ns, At safepoint: 6980 ns, Total: 104155 ns
[2023-11-16T05:27:43.477+0000][7][safepoint   ] Safepoint "Cleanup", Time since last: 2000163548 ns, Reaching safepoint: 58318 ns, At safepoint: 4081 ns, Total: 62399 ns
[2023-11-16T05:27:46.477+0000][7][safepoint   ] Safepoint "Cleanup", Time since last: 3000298439 ns, Reaching safepoint: 74041 ns, At safepoint: 12134 ns, Total: 86175 ns
[2023-11-16T05:27:48.478+0000][7][safepoint   ] Safepoint "Cleanup", Time since last: 2000171817 ns, Reaching safepoint: 65117 ns, At safepoint: 6979 ns, Total: 72096 ns
[2023-11-16T05:27:49.193+0000][7][gc,start    ] GC(52) Pause Young (Normal) (G1 Evacuation Pause)
[2023-11-16T05:27:49.193+0000][7][gc,task     ] GC(52) Using 8 workers of 8 for evacuation
[2023-11-16T05:27:49.193+0000][7][gc,age      ] GC(52) Desired survivor size 20971520 bytes, new threshold 15 (max threshold 15)
[2023-11-16T05:27:49.197+0000][7][gc,age      ] GC(52) Age table with threshold 15 (max threshold 15)
[2023-11-16T05:27:49.197+0000][7][gc,age      ] GC(52) - age   1:    1991800 bytes,    1991800 total
[2023-11-16T05:27:49.197+0000][7][gc,age      ] GC(52) - age   2:     574760 bytes,    2566560 total
[2023-11-16T05:27:49.197+0000][7][gc,age      ] GC(52) - age   3:     495432 bytes,    3061992 total
[2023-11-16T05:27:49.197+0000][7][gc,age      ] GC(52) - age   4:     630544 bytes,    3692536 total
[2023-11-16T05:27:49.197+0000][7][gc,age      ] GC(52) - age   5:     171648 bytes,    3864184 total
[2023-11-16T05:27:49.197+0000][7][gc,age      ] GC(52) - age   6:       4648 bytes,    3868832 total
[2023-11-16T05:27:49.197+0000][7][gc,age      ] GC(52) - age   7:        376 bytes,    3869208 total
[2023-11-16T05:27:49.197+0000][7][gc,age      ] GC(52) - age   8:       2000 bytes,    3871208 total
[2023-11-16T05:27:49.197+0000][7][gc,age      ] GC(52) - age   9:     178632 bytes,    4049840 total
[2023-11-16T05:27:49.197+0000][7][gc,age      ] GC(52) - age  10:     243712 bytes,    4293552 total
[2023-11-16T05:27:49.197+0000][7][gc,age      ] GC(52) - age  11:     199976 bytes,    4493528 total
[2023-11-16T05:27:49.197+0000][7][gc,age      ] GC(52) - age  12:     996984 bytes,    5490512 total
[2023-11-16T05:27:49.197+0000][7][gc,age      ] GC(52) - age  13:       5328 bytes,    5495840 total
[2023-11-16T05:27:49.197+0000][7][gc,age      ] GC(52) - age  14:       1384 bytes,    5497224 total
[2023-11-16T05:27:49.197+0000][7][gc,age      ] GC(52) - age  15:      10912 bytes,    5508136 total
[2023-11-16T05:27:49.197+0000][7][gc,phases   ] GC(52)   Pre Evacuate Collection Set: 0.1ms
[2023-11-16T05:27:49.197+0000][7][gc,phases   ] GC(52)   Merge Heap Roots: 0.0ms
[2023-11-16T05:27:49.197+0000][7][gc,phases   ] GC(52)   Evacuate Collection Set: 2.8ms
[2023-11-16T05:27:49.197+0000][7][gc,phases   ] GC(52)   Post Evacuate Collection Set: 0.7ms
[2023-11-16T05:27:49.197+0000][7][gc,phases   ] GC(52)   Other: 0.3ms
[2023-11-16T05:27:49.197+0000][7][gc,heap     ] GC(52) Eden regions: 73->0(73)
[2023-11-16T05:27:49.197+0000][7][gc,heap     ] GC(52) Survivor regions: 2->2(10)
[2023-11-16T05:27:49.197+0000][7][gc,heap     ] GC(52) Old regions: 24->24
[2023-11-16T05:27:49.197+0000][7][gc,heap     ] GC(52) Archive regions: 2->2
[2023-11-16T05:27:49.197+0000][7][gc,heap     ] GC(52) Humongous regions: 5->5
[2023-11-16T05:27:49.197+0000][7][gc,metaspace] GC(52) Metaspace: 117566K(119296K)->117566K(119296K) NonClass: 101828K(102848K)->101828K(102848K) Class: 15738K(16448K)->15738K(16448K)
[2023-11-16T05:27:49.197+0000][7][gc          ] GC(52) Pause Young (Normal) (G1 Evacuation Pause) 412M->122M(512M) 4.022ms
[2023-11-16T05:27:49.197+0000][7][gc,cpu      ] GC(52) User=0.02s Sys=0.00s Real=0.00s
[2023-11-16T05:27:49.197+0000][7][safepoint   ] Safepoint "G1CollectForAllocation", Time since last: 715009742 ns, Reaching safepoint: 50297 ns, At safepoint: 4108684 ns, Total: 4158981 ns
[2023-11-16T05:27:50.197+0000][7][safepoint   ] Safepoint "Cleanup", Time since last: 1000087726 ns, Reaching safepoint: 65587 ns, At safepoint: 5449 ns, Total: 71036 ns
[2023-11-16T05:27:51.197+0000][7][safepoint   ] Safepoint "Cleanup", Time since last: 1000246449 ns, Reaching safepoint: 157860 ns, At safepoint: 5995 ns, Total: 163855 ns
[2023-11-16T05:27:53.198+0000][7][safepoint   ] Safepoint "Cleanup", Time since last: 2000443843 ns, Reaching safepoint: 170040 ns, At safepoint: 7172 ns, Total: 177212 ns
[2023-11-16T05:27:54.198+0000][7][safepoint   ] Safepoint "Cleanup", Time since last: 1000090060 ns, Reaching safepoint: 42964 ns, At safepoint: 4555 ns, Total: 47519 ns
[2023-11-16T05:27:56.199+0000][7][safepoint   ] Safepoint "Cleanup", Time since last: 2000409835 ns, Reaching safepoint: 69848 ns, At safepoint: 9928 ns, Total: 79776 ns
[2023-11-16T05:27:57.199+0000][7][safepoint   ] Safepoint "Cleanup", Time since last: 1000164911 ns, Reaching safepoint: 135382 ns, At safepoint: 27741 ns, Total: 163123 ns
[2023-11-16T05:27:59.199+0000][7][safepoint   ] Safepoint "Cleanup", Time since last: 2000195467 ns, Reaching safepoint: 74686 ns, At safepoint: 8690 ns, Total: 83376 ns
[2023-11-16T05:28:00.199+0000][7][safepoint   ] Safepoint "Cleanup", Time since last: 1000085969 ns, Reaching safepoint: 67514 ns, At safepoint: 3678 ns, Total: 71192 ns
[2023-11-16T05:28:01.200+0000][7][safepoint   ] Safepoint "Cleanup", Time since last: 1000124738 ns, Reaching safepoint: 62496 ns, At safepoint: 7222 ns, Total: 69718 ns
[2023-11-16T05:28:02.200+0000][7][safepoint   ] Safepoint "Cleanup", Time since last: 1000093348 ns, Reaching safepoint: 74515 ns, At safepoint: 4759 ns, Total: 79274 ns
[2023-11-16T05:28:03.200+0000][7][safepoint   ] Safepoint "Cleanup", Time since last: 1000154172 ns, Reaching safepoint: 169463 ns, At safepoint: 6274 ns, Total: 175737 ns
[2023-11-16T05:28:04.200+0000][7][safepoint   ] Safepoint "Cleanup", Time since last: 1000098555 ns, Reaching safepoint: 83919 ns, At safepoint: 8301 ns, Total: 92220 ns
[2023-11-16T05:28:04.522+0000][7][gc,start    ] GC(53) Pause Young (Normal) (G1 Evacuation Pause)
[2023-11-16T05:28:04.522+0000][7][gc,task     ] GC(53) Using 8 workers of 8 for evacuation
[2023-11-16T05:28:04.522+0000][7][gc,age      ] GC(53) Desired survivor size 20971520 bytes, new threshold 15 (max threshold 15)
[2023-11-16T05:28:04.525+0000][7][gc,age      ] GC(53) Age table with threshold 15 (max threshold 15)
[2023-11-16T05:28:04.525+0000][7][gc,age      ] GC(53) - age   1:    2850072 bytes,    2850072 total
[2023-11-16T05:28:04.525+0000][7][gc,age      ] GC(53) - age   2:       9536 bytes,    2859608 total
[2023-11-16T05:28:04.525+0000][7][gc,age      ] GC(53) - age   3:     173304 bytes,    3032912 total
[2023-11-16T05:28:04.525+0000][7][gc,age      ] GC(53) - age   4:     267344 bytes,    3300256 total
[2023-11-16T05:28:04.525+0000][7][gc,age      ] GC(53) - age   5:     622328 bytes,    3922584 total
[2023-11-16T05:28:04.525+0000][7][gc,age      ] GC(53) - age   6:      47912 bytes,    3970496 total
[2023-11-16T05:28:04.525+0000][7][gc,age      ] GC(53) - age   7:       3952 bytes,    3974448 total
[2023-11-16T05:28:04.525+0000][7][gc,age      ] GC(53) - age   8:        248 bytes,    3974696 total
[2023-11-16T05:28:04.525+0000][7][gc,age      ] GC(53) - age   9:       1792 bytes,    3976488 total
[2023-11-16T05:28:04.525+0000][7][gc,age      ] GC(53) - age  10:      34240 bytes,    4010728 total
[2023-11-16T05:28:04.525+0000][7][gc,age      ] GC(53) - age  11:     243712 bytes,    4254440 total
[2023-11-16T05:28:04.525+0000][7][gc,age      ] GC(53) - age  12:     199976 bytes,    4454416 total
[2023-11-16T05:28:04.525+0000][7][gc,age      ] GC(53) - age  13:     996856 bytes,    5451272 total
[2023-11-16T05:28:04.525+0000][7][gc,age      ] GC(53) - age  14:       5328 bytes,    5456600 total
[2023-11-16T05:28:04.525+0000][7][gc,age      ] GC(53) - age  15:       1384 bytes,    5457984 total
[2023-11-16T05:28:04.525+0000][7][gc,phases   ] GC(53)   Pre Evacuate Collection Set: 0.1ms
[2023-11-16T05:28:04.525+0000][7][gc,phases   ] GC(53)   Merge Heap Roots: 0.1ms
[2023-11-16T05:28:04.525+0000][7][gc,phases   ] GC(53)   Evacuate Collection Set: 2.5ms
[2023-11-16T05:28:04.525+0000][7][gc,phases   ] GC(53)   Post Evacuate Collection Set: 0.5ms
[2023-11-16T05:28:04.525+0000][7][gc,phases   ] GC(53)   Other: 0.3ms
[2023-11-16T05:28:04.525+0000][7][gc,heap     ] GC(53) Eden regions: 73->0(73)
[2023-11-16T05:28:04.525+0000][7][gc,heap     ] GC(53) Survivor regions: 2->2(10)
[2023-11-16T05:28:04.525+0000][7][gc,heap     ] GC(53) Old regions: 24->24
[2023-11-16T05:28:04.525+0000][7][gc,heap     ] GC(53) Archive regions: 2->2
[2023-11-16T05:28:04.525+0000][7][gc,heap     ] GC(53) Humongous regions: 5->5
[2023-11-16T05:28:04.525+0000][7][gc,metaspace] GC(53) Metaspace: 117621K(119296K)->117621K(119296K) NonClass: 101882K(102848K)->101882K(102848K) Class: 15738K(16448K)->15738K(16448K)
[2023-11-16T05:28:04.525+0000][7][gc          ] GC(53) Pause Young (Normal) (G1 Evacuation Pause) 414M->122M(512M) 3.462ms
[2023-11-16T05:28:04.525+0000][7][gc,cpu      ] GC(53) User=0.01s Sys=0.01s Real=0.00s
[2023-11-16T05:28:04.525+0000][7][safepoint   ] Safepoint "G1CollectForAllocation", Time since last: 321349183 ns, Reaching safepoint: 100032 ns, At safepoint: 3527775 ns, Total: 3627807 ns
[2023-11-16T05:28:05.525+0000][7][safepoint   ] Safepoint "Cleanup", Time since last: 1000096316 ns, Reaching safepoint: 42593 ns, At safepoint: 10341 ns, Total: 52934 ns
[2023-11-16T05:28:06.526+0000][7][safepoint   ] Safepoint "Cleanup", Time since last: 1000207983 ns, Reaching safepoint: 95939 ns, At safepoint: 4127 ns, Total: 100066 ns
[2023-11-16T05:28:07.526+0000][7][safepoint   ] Safepoint "Cleanup", Time since last: 1000097531 ns, Reaching safepoint: 76243 ns, At safepoint: 6333 ns, Total: 82576 ns
[2023-11-16T05:28:08.526+0000][7][safepoint   ] Safepoint "Cleanup", Time since last: 1000392232 ns, Reaching safepoint: 112583 ns, At safepoint: 7134 ns, Total: 119717 ns
[2023-11-16T05:28:10.527+0000][7][safepoint   ] Safepoint "Cleanup", Time since last: 2000399508 ns, Reaching safepoint: 118815 ns, At safepoint: 6360 ns, Total: 125175 ns
[2023-11-16T05:28:10.855+0000][7][gc,start    ] GC(54) Pause Young (Normal) (G1 Evacuation Pause)
[2023-11-16T05:28:10.855+0000][7][gc,task     ] GC(54) Using 8 workers of 8 for evacuation
[2023-11-16T05:28:10.855+0000][7][gc,age      ] GC(54) Desired survivor size 20971520 bytes, new threshold 15 (max threshold 15)
[2023-11-16T05:28:10.858+0000][7][gc,age      ] GC(54) Age table with threshold 15 (max threshold 15)
[2023-11-16T05:28:10.858+0000][7][gc,age      ] GC(54) - age   1:    2779848 bytes,    2779848 total
[2023-11-16T05:28:10.858+0000][7][gc,age      ] GC(54) - age   2:    1350872 bytes,    4130720 total
[2023-11-16T05:28:10.858+0000][7][gc,age      ] GC(54) - age   3:       6992 bytes,    4137712 total
[2023-11-16T05:28:10.858+0000][7][gc,age      ] GC(54) - age   4:     172976 bytes,    4310688 total
[2023-11-16T05:28:10.858+0000][7][gc,age      ] GC(54) - age   5:     266392 bytes,    4577080 total
[2023-11-16T05:28:10.858+0000][7][gc,age      ] GC(54) - age   6:     622296 bytes,    5199376 total
[2023-11-16T05:28:10.858+0000][7][gc,age      ] GC(54) - age   7:      47848 bytes,    5247224 total
[2023-11-16T05:28:10.858+0000][7][gc,age      ] GC(54) - age   8:       3952 bytes,    5251176 total
[2023-11-16T05:28:10.858+0000][7][gc,age      ] GC(54) - age   9:        192 bytes,    5251368 total
[2023-11-16T05:28:10.858+0000][7][gc,age      ] GC(54) - age  10:       1792 bytes,    5253160 total
[2023-11-16T05:28:10.858+0000][7][gc,age      ] GC(54) - age  11:      34144 bytes,    5287304 total
[2023-11-16T05:28:10.858+0000][7][gc,age      ] GC(54) - age  12:     243712 bytes,    5531016 total
[2023-11-16T05:28:10.858+0000][7][gc,age      ] GC(54) - age  13:     199976 bytes,    5730992 total
[2023-11-16T05:28:10.858+0000][7][gc,age      ] GC(54) - age  14:     996792 bytes,    6727784 total
[2023-11-16T05:28:10.858+0000][7][gc,age      ] GC(54) - age  15:       5328 bytes,    6733112 total
[2023-11-16T05:28:10.858+0000][7][gc,phases   ] GC(54)   Pre Evacuate Collection Set: 0.1ms
[2023-11-16T05:28:10.858+0000][7][gc,phases   ] GC(54)   Merge Heap Roots: 0.0ms
[2023-11-16T05:28:10.858+0000][7][gc,phases   ] GC(54)   Evacuate Collection Set: 2.5ms
[2023-11-16T05:28:10.858+0000][7][gc,phases   ] GC(54)   Post Evacuate Collection Set: 0.6ms
[2023-11-16T05:28:10.858+0000][7][gc,phases   ] GC(54)   Other: 0.3ms
[2023-11-16T05:28:10.858+0000][7][gc,heap     ] GC(54) Eden regions: 73->0(72)
[2023-11-16T05:28:10.858+0000][7][gc,heap     ] GC(54) Survivor regions: 2->2(10)
[2023-11-16T05:28:10.858+0000][7][gc,heap     ] GC(54) Old regions: 24->24
[2023-11-16T05:28:10.858+0000][7][gc,heap     ] GC(54) Archive regions: 2->2
[2023-11-16T05:28:10.858+0000][7][gc,heap     ] GC(54) Humongous regions: 5->5
[2023-11-16T05:28:10.858+0000][7][gc,metaspace] GC(54) Metaspace: 117692K(119360K)->117692K(119360K) NonClass: 101950K(102912K)->101950K(102912K) Class: 15741K(16448K)->15741K(16448K)
[2023-11-16T05:28:10.858+0000][7][gc          ] GC(54) Pause Young (Normal) (G1 Evacuation Pause) 414M->123M(512M) 3.508ms
[2023-11-16T05:28:10.858+0000][7][gc,cpu      ] GC(54) User=0.02s Sys=0.00s Real=0.00s
[2023-11-16T05:28:10.858+0000][7][safepoint   ] Safepoint "G1CollectForAllocation", Time since last: 327509456 ns, Reaching safepoint: 92338 ns, At safepoint: 3588920 ns, Total: 3681258 ns
[2023-11-16T05:28:11.858+0000][7][safepoint   ] Safepoint "Cleanup", Time since last: 1000148615 ns, Reaching safepoint: 36185 ns, At safepoint: 27126 ns, Total: 63311 ns
[2023-11-16T05:28:12.859+0000][7][safepoint   ] Safepoint "Cleanup", Time since last: 1000104222 ns, Reaching safepoint: 33153 ns, At safepoint: 5038 ns, Total: 38191 ns
[2023-11-16T05:28:13.859+0000][7][safepoint   ] Safepoint "Cleanup", Time since last: 1000089470 ns, Reaching safepoint: 84327 ns, At safepoint: 7260 ns, Total: 91587 ns
[2023-11-16T05:28:14.859+0000][7][safepoint   ] Safepoint "Cleanup", Time since last: 1000088457 ns, Reaching safepoint: 33467 ns, At safepoint: 5141 ns, Total: 38608 ns
[2023-11-16T05:28:15.859+0000][7][safepoint   ] Safepoint "Cleanup", Time since last: 1000110903 ns, Reaching safepoint: 74956 ns, At safepoint: 4468 ns, Total: 79424 ns
[2023-11-16T05:28:16.859+0000][7][safepoint   ] Safepoint "Cleanup", Time since last: 1000085211 ns, Reaching safepoint: 36637 ns, At safepoint: 3702 ns, Total: 40339 ns
[2023-11-16T05:28:17.860+0000][7][safepoint   ] Safepoint "Cleanup", Time since last: 1000334403 ns, Reaching safepoint: 80064 ns, At safepoint: 7022 ns, Total: 87086 ns
[2023-11-16T05:28:18.860+0000][7][safepoint   ] Safepoint "Cleanup", Time since last: 1000094552 ns, Reaching safepoint: 50314 ns, At safepoint: 24078 ns, Total: 74392 ns
[2023-11-16T05:28:19.661+0000][7][gc,start    ] GC(55) Pause Young (Normal) (G1 Evacuation Pause)
[2023-11-16T05:28:19.661+0000][7][gc,task     ] GC(55) Using 8 workers of 8 for evacuation
[2023-11-16T05:28:19.661+0000][7][gc,age      ] GC(55) Desired survivor size 20971520 bytes, new threshold 15 (max threshold 15)
[2023-11-16T05:28:19.664+0000][7][gc,age      ] GC(55) Age table with threshold 15 (max threshold 15)
[2023-11-16T05:28:19.664+0000][7][gc,age      ] GC(55) - age   1:    1539464 bytes,    1539464 total
[2023-11-16T05:28:19.664+0000][7][gc,age      ] GC(55) - age   2:     559488 bytes,    2098952 total
[2023-11-16T05:28:19.664+0000][7][gc,age      ] GC(55) - age   3:     826896 bytes,    2925848 total
[2023-11-16T05:28:19.664+0000][7][gc,age      ] GC(55) - age   4:       6120 bytes,    2931968 total
[2023-11-16T05:28:19.664+0000][7][gc,age      ] GC(55) - age   5:     146632 bytes,    3078600 total
[2023-11-16T05:28:19.664+0000][7][gc,age      ] GC(55) - age   6:       3392 bytes,    3081992 total
[2023-11-16T05:28:19.664+0000][7][gc,age      ] GC(55) - age   7:     622136 bytes,    3704128 total
[2023-11-16T05:28:19.664+0000][7][gc,age      ] GC(55) - age   8:      47752 bytes,    3751880 total
[2023-11-16T05:28:19.664+0000][7][gc,age      ] GC(55) - age   9:       3888 bytes,    3755768 total
[2023-11-16T05:28:19.664+0000][7][gc,age      ] GC(55) - age  10:        128 bytes,    3755896 total
[2023-11-16T05:28:19.664+0000][7][gc,age      ] GC(55) - age  11:       1696 bytes,    3757592 total
[2023-11-16T05:28:19.664+0000][7][gc,age      ] GC(55) - age  12:      34144 bytes,    3791736 total
[2023-11-16T05:28:19.664+0000][7][gc,age      ] GC(55) - age  13:     243712 bytes,    4035448 total
[2023-11-16T05:28:19.664+0000][7][gc,age      ] GC(55) - age  14:     199976 bytes,    4235424 total
[2023-11-16T05:28:19.664+0000][7][gc,age      ] GC(55) - age  15:     996792 bytes,    5232216 total
[2023-11-16T05:28:19.664+0000][7][gc,phases   ] GC(55)   Pre Evacuate Collection Set: 0.1ms
[2023-11-16T05:28:19.664+0000][7][gc,phases   ] GC(55)   Merge Heap Roots: 0.0ms
[2023-11-16T05:28:19.664+0000][7][gc,phases   ] GC(55)   Evacuate Collection Set: 2.0ms
[2023-11-16T05:28:19.664+0000][7][gc,phases   ] GC(55)   Post Evacuate Collection Set: 0.5ms
[2023-11-16T05:28:19.664+0000][7][gc,phases   ] GC(55)   Other: 0.2ms
[2023-11-16T05:28:19.664+0000][7][gc,heap     ] GC(55) Eden regions: 72->0(72)
[2023-11-16T05:28:19.664+0000][7][gc,heap     ] GC(55) Survivor regions: 2->2(10)
[2023-11-16T05:28:19.664+0000][7][gc,heap     ] GC(55) Old regions: 24->24
[2023-11-16T05:28:19.664+0000][7][gc,heap     ] GC(55) Archive regions: 2->2
[2023-11-16T05:28:19.664+0000][7][gc,heap     ] GC(55) Humongous regions: 5->5
[2023-11-16T05:28:19.664+0000][7][gc,metaspace] GC(55) Metaspace: 117744K(119424K)->117744K(119424K) NonClass: 102003K(102976K)->102003K(102976K) Class: 15741K(16448K)->15741K(16448K)
[2023-11-16T05:28:19.664+0000][7][gc          ] GC(55) Pause Young (Normal) (G1 Evacuation Pause) 411M->121M(512M) 2.963ms
[2023-11-16T05:28:19.664+0000][7][gc,cpu      ] GC(55) User=0.02s Sys=0.00s Real=0.00s
[2023-11-16T05:28:19.664+0000][7][safepoint   ] Safepoint "G1CollectForAllocation", Time since last: 800912125 ns, Reaching safepoint: 83460 ns, At safepoint: 3025579 ns, Total: 3109039 ns
[2023-11-16T05:28:20.664+0000][7][safepoint   ] Safepoint "Cleanup", Time since last: 1000315537 ns, Reaching safepoint: 61881 ns, At safepoint: 6384 ns, Total: 68265 ns
[2023-11-16T05:28:21.664+0000][7][safepoint   ] Safepoint "Cleanup", Time since last: 1000167632 ns, Reaching safepoint: 56865 ns, At safepoint: 29688 ns, Total: 86553 ns
[2023-11-16T05:28:22.665+0000][7][safepoint   ] Safepoint "Cleanup", Time since last: 1000110054 ns, Reaching safepoint: 46366 ns, At safepoint: 6858 ns, Total: 53224 ns
[2023-11-16T05:28:23.665+0000][7][safepoint   ] Safepoint "Cleanup", Time since last: 1000284701 ns, Reaching safepoint: 70556 ns, At safepoint: 4790 ns, Total: 75346 ns
[2023-11-16T05:28:24.665+0000][7][safepoint   ] Safepoint "Cleanup", Time since last: 1000116075 ns, Reaching safepoint: 76457 ns, At safepoint: 4678 ns, Total: 81135 ns
[2023-11-16T05:28:25.665+0000][7][safepoint   ] Safepoint "Cleanup", Time since last: 1000088240 ns, Reaching safepoint: 76180 ns, At safepoint: 4030 ns, Total: 80210 ns
[2023-11-16T05:28:26.666+0000][7][safepoint   ] Safepoint "Cleanup", Time since last: 1000159766 ns, Reaching safepoint: 108755 ns, At safepoint: 18389 ns, Total: 127144 ns
[2023-11-16T05:28:27.253+0000][7][gc,start    ] GC(56) Pause Young (Normal) (G1 Evacuation Pause)
[2023-11-16T05:28:27.253+0000][7][gc,task     ] GC(56) Using 8 workers of 8 for evacuation
[2023-11-16T05:28:27.253+0000][7][gc,age      ] GC(56) Desired survivor size 20971520 bytes, new threshold 15 (max threshold 15)
[2023-11-16T05:28:27.263+0000][7][gc,age      ] GC(56) Age table with threshold 15 (max threshold 15)
[2023-11-16T05:28:27.263+0000][7][gc,age      ] GC(56) - age   1:    1748664 bytes,    1748664 total
[2023-11-16T05:28:27.263+0000][7][gc,age      ] GC(56) - age   2:     254552 bytes,    2003216 total
[2023-11-16T05:28:27.263+0000][7][gc,age      ] GC(56) - age   3:     555216 bytes,    2558432 total
[2023-11-16T05:28:27.263+0000][7][gc,age      ] GC(56) - age   4:     815776 bytes,    3374208 total
[2023-11-16T05:28:27.263+0000][7][gc,age      ] GC(56) - age   5:       5976 bytes,    3380184 total
[2023-11-16T05:28:27.263+0000][7][gc,age      ] GC(56) - age   6:       1688 bytes,    3381872 total
[2023-11-16T05:28:27.263+0000][7][gc,age      ] GC(56) - age   7:       2944 bytes,    3384816 total
[2023-11-16T05:28:27.263+0000][7][gc,age      ] GC(56) - age   8:     621920 bytes,    4006736 total
[2023-11-16T05:28:27.263+0000][7][gc,age      ] GC(56) - age   9:      47688 bytes,    4054424 total
[2023-11-16T05:28:27.263+0000][7][gc,age      ] GC(56) - age  10:       3888 bytes,    4058312 total
[2023-11-16T05:28:27.263+0000][7][gc,age      ] GC(56) - age  11:        128 bytes,    4058440 total
[2023-11-16T05:28:27.263+0000][7][gc,age      ] GC(56) - age  12:       1632 bytes,    4060072 total
[2023-11-16T05:28:27.263+0000][7][gc,age      ] GC(56) - age  13:      34144 bytes,    4094216 total
[2023-11-16T05:28:27.263+0000][7][gc,age      ] GC(56) - age  14:     243712 bytes,    4337928 total
[2023-11-16T05:28:27.263+0000][7][gc,age      ] GC(56) - age  15:     199976 bytes,    4537904 total
[2023-11-16T05:28:27.263+0000][7][gc,phases   ] GC(56)   Pre Evacuate Collection Set: 0.1ms
[2023-11-16T05:28:27.263+0000][7][gc,phases   ] GC(56)   Merge Heap Roots: 0.0ms
[2023-11-16T05:28:27.263+0000][7][gc,phases   ] GC(56)   Evacuate Collection Set: 8.7ms
[2023-11-16T05:28:27.263+0000][7][gc,phases   ] GC(56)   Post Evacuate Collection Set: 0.6ms
[2023-11-16T05:28:27.263+0000][7][gc,phases   ] GC(56)   Other: 0.2ms
[2023-11-16T05:28:27.263+0000][7][gc,heap     ] GC(56) Eden regions: 72->0(73)
[2023-11-16T05:28:27.263+0000][7][gc,heap     ] GC(56) Survivor regions: 2->2(10)
[2023-11-16T05:28:27.263+0000][7][gc,heap     ] GC(56) Old regions: 24->24
[2023-11-16T05:28:27.263+0000][7][gc,heap     ] GC(56) Archive regions: 2->2
[2023-11-16T05:28:27.263+0000][7][gc,heap     ] GC(56) Humongous regions: 5->5
[2023-11-16T05:28:27.263+0000][7][gc,metaspace] GC(56) Metaspace: 117761K(119424K)->117761K(119424K) NonClass: 102020K(102976K)->102020K(102976K) Class: 15741K(16448K)->15741K(16448K)
[2023-11-16T05:28:27.263+0000][7][gc          ] GC(56) Pause Young (Normal) (G1 Evacuation Pause) 409M->122M(512M) 9.672ms
[2023-11-16T05:28:27.263+0000][7][gc,cpu      ] GC(56) User=0.02s Sys=0.00s Real=0.01s
[2023-11-16T05:28:27.263+0000][7][safepoint   ] Safepoint "G1CollectForAllocation", Time since last: 587599678 ns, Reaching safepoint: 55861 ns, At safepoint: 9729961 ns, Total: 9785822 ns
[2023-11-16T05:28:29.263+0000][7][safepoint   ] Safepoint "Cleanup", Time since last: 2000247149 ns, Reaching safepoint: 96904 ns, At safepoint: 6071 ns, Total: 102975 ns
[2023-11-16T05:28:31.264+0000][7][safepoint   ] Safepoint "Cleanup", Time since last: 2000413376 ns, Reaching safepoint: 77766 ns, At safepoint: 8228 ns, Total: 85994 ns
[2023-11-16T05:28:32.264+0000][7][safepoint   ] Safepoint "Cleanup", Time since last: 1000106785 ns, Reaching safepoint: 73001 ns, At safepoint: 4933 ns, Total: 77934 ns
[2023-11-16T05:28:34.265+0000][7][safepoint   ] Safepoint "Cleanup", Time since last: 2000444868 ns, Reaching safepoint: 61069 ns, At safepoint: 4178 ns, Total: 65247 ns
[2023-11-16T05:28:34.792+0000][7][gc,start    ] GC(57) Pause Young (Normal) (G1 Evacuation Pause)
[2023-11-16T05:28:34.792+0000][7][gc,task     ] GC(57) Using 8 workers of 8 for evacuation
[2023-11-16T05:28:34.792+0000][7][gc,age      ] GC(57) Desired survivor size 20971520 bytes, new threshold 15 (max threshold 15)
[2023-11-16T05:28:34.795+0000][7][gc,age      ] GC(57) Age table with threshold 15 (max threshold 15)
[2023-11-16T05:28:34.795+0000][7][gc,age      ] GC(57) - age   1:    2030800 bytes,    2030800 total
[2023-11-16T05:28:34.795+0000][7][gc,age      ] GC(57) - age   2:     388800 bytes,    2419600 total
[2023-11-16T05:28:34.795+0000][7][gc,age      ] GC(57) - age   3:     252352 bytes,    2671952 total
[2023-11-16T05:28:34.795+0000][7][gc,age      ] GC(57) - age   4:     553360 bytes,    3225312 total
[2023-11-16T05:28:34.795+0000][7][gc,age      ] GC(57) - age   5:     652688 bytes,    3878000 total
[2023-11-16T05:28:34.795+0000][7][gc,age      ] GC(57) - age   6:       3432 bytes,    3881432 total
[2023-11-16T05:28:34.795+0000][7][gc,age      ] GC(57) - age   7:       1560 bytes,    3882992 total
[2023-11-16T05:28:34.795+0000][7][gc,age      ] GC(57) - age   8:       2696 bytes,    3885688 total
[2023-11-16T05:28:34.795+0000][7][gc,age      ] GC(57) - age   9:     621920 bytes,    4507608 total
[2023-11-16T05:28:34.795+0000][7][gc,age      ] GC(57) - age  10:      47688 bytes,    4555296 total
[2023-11-16T05:28:34.795+0000][7][gc,age      ] GC(57) - age  11:       3768 bytes,    4559064 total
[2023-11-16T05:28:34.795+0000][7][gc,age      ] GC(57) - age  12:         64 bytes,    4559128 total
[2023-11-16T05:28:34.795+0000][7][gc,age      ] GC(57) - age  13:       1632 bytes,    4560760 total
[2023-11-16T05:28:34.795+0000][7][gc,age      ] GC(57) - age  14:      34072 bytes,    4594832 total
[2023-11-16T05:28:34.795+0000][7][gc,age      ] GC(57) - age  15:     243712 bytes,    4838544 total
[2023-11-16T05:28:34.795+0000][7][gc,phases   ] GC(57)   Pre Evacuate Collection Set: 0.1ms
[2023-11-16T05:28:34.795+0000][7][gc,phases   ] GC(57)   Merge Heap Roots: 0.1ms
[2023-11-16T05:28:34.795+0000][7][gc,phases   ] GC(57)   Evacuate Collection Set: 2.7ms
[2023-11-16T05:28:34.795+0000][7][gc,phases   ] GC(57)   Post Evacuate Collection Set: 0.4ms
[2023-11-16T05:28:34.795+0000][7][gc,phases   ] GC(57)   Other: 0.3ms
[2023-11-16T05:28:34.795+0000][7][gc,heap     ] GC(57) Eden regions: 73->0(73)
[2023-11-16T05:28:34.795+0000][7][gc,heap     ] GC(57) Survivor regions: 2->2(10)
[2023-11-16T05:28:34.795+0000][7][gc,heap     ] GC(57) Old regions: 24->24
[2023-11-16T05:28:34.795+0000][7][gc,heap     ] GC(57) Archive regions: 2->2
[2023-11-16T05:28:34.795+0000][7][gc,heap     ] GC(57) Humongous regions: 5->5
[2023-11-16T05:28:34.795+0000][7][gc,metaspace] GC(57) Metaspace: 117768K(119424K)->117768K(119424K) NonClass: 102027K(102976K)->102027K(102976K) Class: 15741K(16448K)->15741K(16448K)
[2023-11-16T05:28:34.795+0000][7][gc          ] GC(57) Pause Young (Normal) (G1 Evacuation Pause) 414M->122M(512M) 3.574ms
[2023-11-16T05:28:34.796+0000][7][gc,cpu      ] GC(57) User=0.02s Sys=0.00s Real=0.00s
[2023-11-16T05:28:34.796+0000][7][safepoint   ] Safepoint "G1CollectForAllocation", Time since last: 527307167 ns, Reaching safepoint: 55950 ns, At safepoint: 3660063 ns, Total: 3716013 ns
[2023-11-16T05:28:36.796+0000][7][safepoint   ] Safepoint "Cleanup", Time since last: 2000181780 ns, Reaching safepoint: 70654 ns, At safepoint: 8406 ns, Total: 79060 ns
[2023-11-16T05:28:37.796+0000][7][safepoint   ] Safepoint "Cleanup", Time since last: 1000240262 ns, Reaching safepoint: 67261 ns, At safepoint: 5064 ns, Total: 72325 ns
[2023-11-16T05:28:38.796+0000][7][safepoint   ] Safepoint "Cleanup", Time since last: 1000094938 ns, Reaching safepoint: 45095 ns, At safepoint: 5593 ns, Total: 50688 ns
[2023-11-16T05:28:40.797+0000][7][safepoint   ] Safepoint "Cleanup", Time since last: 2000155243 ns, Reaching safepoint: 104121 ns, At safepoint: 6868 ns, Total: 110989 ns
[2023-11-16T05:28:41.797+0000][7][safepoint   ] Safepoint "Cleanup", Time since last: 1000149209 ns, Reaching safepoint: 66348 ns, At safepoint: 5945 ns, Total: 72293 ns
[2023-11-16T05:28:43.797+0000][7][safepoint   ] Safepoint "Cleanup", Time since last: 2000650070 ns, Reaching safepoint: 70465 ns, At safepoint: 22240 ns, Total: 92705 ns
[2023-11-16T05:28:46.798+0000][7][safepoint   ] Safepoint "Cleanup", Time since last: 3000334856 ns, Reaching safepoint: 107710 ns, At safepoint: 28381 ns, Total: 136091 ns
[2023-11-16T05:28:47.798+0000][7][safepoint   ] Safepoint "Cleanup", Time since last: 1000281617 ns, Reaching safepoint: 135037 ns, At safepoint: 25136 ns, Total: 160173 ns
[2023-11-16T05:28:48.799+0000][7][safepoint   ] Safepoint "Cleanup", Time since last: 1000100913 ns, Reaching safepoint: 47446 ns, At safepoint: 4795 ns, Total: 52241 ns
[2023-11-16T05:28:49.799+0000][7][safepoint   ] Safepoint "Cleanup", Time since last: 1000483714 ns, Reaching safepoint: 68725 ns, At safepoint: 25840 ns, Total: 94565 ns
[2023-11-16T05:28:51.800+0000][7][safepoint   ] Safepoint "Cleanup", Time since last: 2000322845 ns, Reaching safepoint: 156113 ns, At safepoint: 4482 ns, Total: 160595 ns
[2023-11-16T05:28:52.286+0000][7][gc,start    ] GC(58) Pause Young (Normal) (G1 Evacuation Pause)
[2023-11-16T05:28:52.286+0000][7][gc,task     ] GC(58) Using 8 workers of 8 for evacuation
[2023-11-16T05:28:52.286+0000][7][gc,age      ] GC(58) Desired survivor size 20971520 bytes, new threshold 15 (max threshold 15)
[2023-11-16T05:28:52.293+0000][7][gc,age      ] GC(58) Age table with threshold 15 (max threshold 15)
[2023-11-16T05:28:52.293+0000][7][gc,age      ] GC(58) - age   1:    1466480 bytes,    1466480 total
[2023-11-16T05:28:52.293+0000][7][gc,age      ] GC(58) - age   2:     718176 bytes,    2184656 total
[2023-11-16T05:28:52.293+0000][7][gc,age      ] GC(58) - age   3:     184336 bytes,    2368992 total
[2023-11-16T05:28:52.293+0000][7][gc,age      ] GC(58) - age   4:     252160 bytes,    2621152 total
[2023-11-16T05:28:52.293+0000][7][gc,age      ] GC(58) - age   5:     553136 bytes,    3174288 total
[2023-11-16T05:28:52.293+0000][7][gc,age      ] GC(58) - age   6:     520984 bytes,    3695272 total
[2023-11-16T05:28:52.293+0000][7][gc,age      ] GC(58) - age   7:       3056 bytes,    3698328 total
[2023-11-16T05:28:52.293+0000][7][gc,age      ] GC(58) - age   8:       1560 bytes,    3699888 total
[2023-11-16T05:28:52.293+0000][7][gc,age      ] GC(58) - age   9:       2632 bytes,    3702520 total
[2023-11-16T05:28:52.293+0000][7][gc,age      ] GC(58) - age  10:     621920 bytes,    4324440 total
[2023-11-16T05:28:52.293+0000][7][gc,age      ] GC(58) - age  11:      47560 bytes,    4372000 total
[2023-11-16T05:28:52.293+0000][7][gc,age      ] GC(58) - age  12:       3584 bytes,    4375584 total
[2023-11-16T05:28:52.293+0000][7][gc,age      ] GC(58) - age  13:         64 bytes,    4375648 total
[2023-11-16T05:28:52.293+0000][7][gc,age      ] GC(58) - age  14:       1568 bytes,    4377216 total
[2023-11-16T05:28:52.293+0000][7][gc,age      ] GC(58) - age  15:      34008 bytes,    4411224 total
[2023-11-16T05:28:52.293+0000][7][gc,phases   ] GC(58)   Pre Evacuate Collection Set: 0.1ms
[2023-11-16T05:28:52.293+0000][7][gc,phases   ] GC(58)   Merge Heap Roots: 0.0ms
[2023-11-16T05:28:52.293+0000][7][gc,phases   ] GC(58)   Evacuate Collection Set: 5.8ms
[2023-11-16T05:28:52.293+0000][7][gc,phases   ] GC(58)   Post Evacuate Collection Set: 0.7ms
[2023-11-16T05:28:52.293+0000][7][gc,phases   ] GC(58)   Other: 0.3ms
[2023-11-16T05:28:52.293+0000][7][gc,heap     ] GC(58) Eden regions: 73->0(73)
[2023-11-16T05:28:52.293+0000][7][gc,heap     ] GC(58) Survivor regions: 2->2(10)
[2023-11-16T05:28:52.293+0000][7][gc,heap     ] GC(58) Old regions: 24->24
[2023-11-16T05:28:52.293+0000][7][gc,heap     ] GC(58) Archive regions: 2->2
[2023-11-16T05:28:52.293+0000][7][gc,heap     ] GC(58) Humongous regions: 5->5
[2023-11-16T05:28:52.293+0000][7][gc,metaspace] GC(58) Metaspace: 117783K(119488K)->117783K(119488K) NonClass: 102042K(103040K)->102042K(103040K) Class: 15741K(16448K)->15741K(16448K)
[2023-11-16T05:28:52.293+0000][7][gc          ] GC(58) Pause Young (Normal) (G1 Evacuation Pause) 414M->122M(512M) 6.892ms
[2023-11-16T05:28:52.293+0000][7][gc,cpu      ] GC(58) User=0.02s Sys=0.00s Real=0.01s
[2023-11-16T05:28:52.293+0000][7][safepoint   ] Safepoint "G1CollectForAllocation", Time since last: 486477853 ns, Reaching safepoint: 23735 ns, At safepoint: 6995944 ns, Total: 7019679 ns
[2023-11-16T05:28:53.293+0000][7][safepoint   ] Safepoint "Cleanup", Time since last: 1000075027 ns, Reaching safepoint: 140432 ns, At safepoint: 7615 ns, Total: 148047 ns
[2023-11-16T05:28:54.293+0000][7][safepoint   ] Safepoint "Cleanup", Time since last: 1000089673 ns, Reaching safepoint: 63800 ns, At safepoint: 5359 ns, Total: 69159 ns
[2023-11-16T05:28:56.294+0000][7][safepoint   ] Safepoint "Cleanup", Time since last: 2000501431 ns, Reaching safepoint: 59155 ns, At safepoint: 5518 ns, Total: 64673 ns
[2023-11-16T05:28:59.295+0000][7][safepoint   ] Safepoint "Cleanup", Time since last: 3000685485 ns, Reaching safepoint: 57851 ns, At safepoint: 7114 ns, Total: 64965 ns
[2023-11-16T05:29:01.295+0000][7][safepoint   ] Safepoint "Cleanup", Time since last: 2000490651 ns, Reaching safepoint: 85942 ns, At safepoint: 5978 ns, Total: 91920 ns
[2023-11-16T05:29:02.296+0000][7][safepoint   ] Safepoint "Cleanup", Time since last: 1000088970 ns, Reaching safepoint: 73686 ns, At safepoint: 4619 ns, Total: 78305 ns
[2023-11-16T05:29:04.296+0000][7][safepoint   ] Safepoint "Cleanup", Time since last: 2000225308 ns, Reaching safepoint: 80895 ns, At safepoint: 8197 ns, Total: 89092 ns
[2023-11-16T05:29:05.296+0000][7][safepoint   ] Safepoint "Cleanup", Time since last: 1000092168 ns, Reaching safepoint: 61133 ns, At safepoint: 6969 ns, Total: 68102 ns
[2023-11-16T05:29:06.296+0000][7][safepoint   ] Safepoint "Cleanup", Time since last: 1000250422 ns, Reaching safepoint: 149402 ns, At safepoint: 21903 ns, Total: 171305 ns
[2023-11-16T05:29:08.297+0000][7][safepoint   ] Safepoint "Cleanup", Time since last: 2000439060 ns, Reaching safepoint: 126503 ns, At safepoint: 7050 ns, Total: 133553 ns
[2023-11-16T05:29:09.297+0000][7][safepoint   ] Safepoint "Cleanup", Time since last: 1000114771 ns, Reaching safepoint: 117438 ns, At safepoint: 13074 ns, Total: 130512 ns
[2023-11-16T05:29:10.503+0000][7][gc,start    ] GC(59) Pause Young (Normal) (G1 Evacuation Pause)
[2023-11-16T05:29:10.503+0000][7][gc,task     ] GC(59) Using 8 workers of 8 for evacuation
[2023-11-16T05:29:10.503+0000][7][gc,age      ] GC(59) Desired survivor size 20971520 bytes, new threshold 15 (max threshold 15)
[2023-11-16T05:29:10.516+0000][7][gc,age      ] GC(59) Age table with threshold 15 (max threshold 15)
[2023-11-16T05:29:10.516+0000][7][gc,age      ] GC(59) - age   1:    1736864 bytes,    1736864 total
[2023-11-16T05:29:10.516+0000][7][gc,age      ] GC(59) - age   2:    1234520 bytes,    2971384 total
[2023-11-16T05:29:10.516+0000][7][gc,age      ] GC(59) - age   3:     712848 bytes,    3684232 total
[2023-11-16T05:29:10.516+0000][7][gc,age      ] GC(59) - age   4:     174008 bytes,    3858240 total
[2023-11-16T05:29:10.516+0000][7][gc,age      ] GC(59) - age   5:     252160 bytes,    4110400 total
[2023-11-16T05:29:10.516+0000][7][gc,age      ] GC(59) - age   6:     553136 bytes,    4663536 total
[2023-11-16T05:29:10.516+0000][7][gc,age      ] GC(59) - age   7:     520856 bytes,    5184392 total
[2023-11-16T05:29:10.516+0000][7][gc,age      ] GC(59) - age   8:       2608 bytes,    5187000 total
[2023-11-16T05:29:10.516+0000][7][gc,age      ] GC(59) - age   9:       1496 bytes,    5188496 total
[2023-11-16T05:29:10.516+0000][7][gc,age      ] GC(59) - age  10:       2632 bytes,    5191128 total
[2023-11-16T05:29:10.516+0000][7][gc,age      ] GC(59) - age  11:     621920 bytes,    5813048 total
[2023-11-16T05:29:10.516+0000][7][gc,age      ] GC(59) - age  12:      47360 bytes,    5860408 total
[2023-11-16T05:29:10.516+0000][7][gc,age      ] GC(59) - age  13:       3288 bytes,    5863696 total
[2023-11-16T05:29:10.516+0000][7][gc,age      ] GC(59) - age  15:       1568 bytes,    5865264 total
[2023-11-16T05:29:10.516+0000][7][gc,phases   ] GC(59)   Pre Evacuate Collection Set: 0.1ms
[2023-11-16T05:29:10.516+0000][7][gc,phases   ] GC(59)   Merge Heap Roots: 0.1ms
[2023-11-16T05:29:10.516+0000][7][gc,phases   ] GC(59)   Evacuate Collection Set: 2.4ms
[2023-11-16T05:29:10.516+0000][7][gc,phases   ] GC(59)   Post Evacuate Collection Set: 10.1ms
[2023-11-16T05:29:10.516+0000][7][gc,phases   ] GC(59)   Other: 0.3ms
[2023-11-16T05:29:10.516+0000][7][gc,heap     ] GC(59) Eden regions: 73->0(73)
[2023-11-16T05:29:10.516+0000][7][gc,heap     ] GC(59) Survivor regions: 2->2(10)
[2023-11-16T05:29:10.516+0000][7][gc,heap     ] GC(59) Old regions: 24->24
[2023-11-16T05:29:10.516+0000][7][gc,heap     ] GC(59) Archive regions: 2->2
[2023-11-16T05:29:10.516+0000][7][gc,heap     ] GC(59) Humongous regions: 5->5
[2023-11-16T05:29:10.516+0000][7][gc,metaspace] GC(59) Metaspace: 117819K(119488K)->117819K(119488K) NonClass: 102078K(103040K)->102078K(103040K) Class: 15741K(16448K)->15741K(16448K)
[2023-11-16T05:29:10.516+0000][7][gc          ] GC(59) Pause Young (Normal) (G1 Evacuation Pause) 414M->123M(512M) 12.927ms
[2023-11-16T05:29:10.516+0000][7][gc,cpu      ] GC(59) User=0.02s Sys=0.00s Real=0.01s
[2023-11-16T05:29:10.516+0000][7][safepoint   ] Safepoint "G1CollectForAllocation", Time since last: 1205534841 ns, Reaching safepoint: 49266 ns, At safepoint: 13009187 ns, Total: 13058453 ns
[2023-11-16T05:29:11.516+0000][7][safepoint   ] Safepoint "Cleanup", Time since last: 1000132008 ns, Reaching safepoint: 57961 ns, At safepoint: 7019 ns, Total: 64980 ns
[2023-11-16T05:29:13.517+0000][7][safepoint   ] Safepoint "Cleanup", Time since last: 2000515968 ns, Reaching safepoint: 167304 ns, At safepoint: 7884 ns, Total: 175188 ns
[2023-11-16T05:29:16.517+0000][7][safepoint   ] Safepoint "Cleanup", Time since last: 3000528390 ns, Reaching safepoint: 31985 ns, At safepoint: 34673 ns, Total: 66658 ns
[2023-11-16T05:29:17.518+0000][7][safepoint   ] Safepoint "Cleanup", Time since last: 1000125406 ns, Reaching safepoint: 101322 ns, At safepoint: 5271 ns, Total: 106593 ns
[2023-11-16T05:29:18.894+0000][7][safepoint   ] Safepoint "Cleanup", Time since last: 1376066920 ns, Reaching safepoint: 143450 ns, At safepoint: 8350 ns, Total: 151800 ns
[2023-11-16T05:29:19.894+0000][7][safepoint   ] Safepoint "Cleanup", Time since last: 1000136259 ns, Reaching safepoint: 115738 ns, At safepoint: 5081 ns, Total: 120819 ns
[2023-11-16T05:29:21.894+0000][7][safepoint   ] Safepoint "Cleanup", Time since last: 2000185871 ns, Reaching safepoint: 48678 ns, At safepoint: 6905 ns, Total: 55583 ns
[2023-11-16T05:29:22.895+0000][7][safepoint   ] Safepoint "Cleanup", Time since last: 1000162513 ns, Reaching safepoint: 187156 ns, At safepoint: 4867 ns, Total: 192023 ns
[2023-11-16T05:29:23.895+0000][7][safepoint   ] Safepoint "Cleanup", Time since last: 1000163584 ns, Reaching safepoint: 92745 ns, At safepoint: 6415 ns, Total: 99160 ns
[2023-11-16T05:29:24.895+0000][7][safepoint   ] Safepoint "Cleanup", Time since last: 1000084356 ns, Reaching safepoint: 38235 ns, At safepoint: 25935 ns, Total: 64170 ns
[2023-11-16T05:29:25.895+0000][7][safepoint   ] Safepoint "Cleanup", Time since last: 1000086311 ns, Reaching safepoint: 50086 ns, At safepoint: 4679 ns, Total: 54765 ns
[2023-11-16T05:29:26.895+0000][7][safepoint   ] Safepoint "Cleanup", Time since last: 1000099910 ns, Reaching safepoint: 107766 ns, At safepoint: 8614 ns, Total: 116380 ns
[2023-11-16T05:29:28.478+0000][7][gc,start    ] GC(60) Pause Young (Normal) (G1 Evacuation Pause)
[2023-11-16T05:29:28.478+0000][7][gc,task     ] GC(60) Using 8 workers of 8 for evacuation
[2023-11-16T05:29:28.478+0000][7][gc,age      ] GC(60) Desired survivor size 20971520 bytes, new threshold 15 (max threshold 15)
[2023-11-16T05:29:28.482+0000][7][gc,age      ] GC(60) Age table with threshold 15 (max threshold 15)
[2023-11-16T05:29:28.482+0000][7][gc,age      ] GC(60) - age   1:    1615568 bytes,    1615568 total
[2023-11-16T05:29:28.482+0000][7][gc,age      ] GC(60) - age   2:     544472 bytes,    2160040 total
[2023-11-16T05:29:28.482+0000][7][gc,age      ] GC(60) - age   3:    1141864 bytes,    3301904 total
[2023-11-16T05:29:28.482+0000][7][gc,age      ] GC(60) - age   4:     675816 bytes,    3977720 total
[2023-11-16T05:29:28.482+0000][7][gc,age      ] GC(60) - age   5:     147640 bytes,    4125360 total
[2023-11-16T05:29:28.482+0000][7][gc,age      ] GC(60) - age   6:     144552 bytes,    4269912 total
[2023-11-16T05:29:28.482+0000][7][gc,age      ] GC(60) - age   7:     553072 bytes,    4822984 total
[2023-11-16T05:29:28.482+0000][7][gc,age      ] GC(60) - age   8:     520728 bytes,    5343712 total
[2023-11-16T05:29:28.482+0000][7][gc,age      ] GC(60) - age   9:       2544 bytes,    5346256 total
[2023-11-16T05:29:28.482+0000][7][gc,age      ] GC(60) - age  10:       1496 bytes,    5347752 total
[2023-11-16T05:29:28.482+0000][7][gc,age      ] GC(60) - age  11:       2632 bytes,    5350384 total
[2023-11-16T05:29:28.482+0000][7][gc,age      ] GC(60) - age  12:     621832 bytes,    5972216 total
[2023-11-16T05:29:28.482+0000][7][gc,age      ] GC(60) - age  13:      47360 bytes,    6019576 total
[2023-11-16T05:29:28.482+0000][7][gc,age      ] GC(60) - age  14:       2976 bytes,    6022552 total
[2023-11-16T05:29:28.482+0000][7][gc,phases   ] GC(60)   Pre Evacuate Collection Set: 0.1ms
[2023-11-16T05:29:28.482+0000][7][gc,phases   ] GC(60)   Merge Heap Roots: 0.0ms
[2023-11-16T05:29:28.482+0000][7][gc,phases   ] GC(60)   Evacuate Collection Set: 3.1ms
[2023-11-16T05:29:28.482+0000][7][gc,phases   ] GC(60)   Post Evacuate Collection Set: 0.4ms
[2023-11-16T05:29:28.482+0000][7][gc,phases   ] GC(60)   Other: 0.3ms
[2023-11-16T05:29:28.482+0000][7][gc,heap     ] GC(60) Eden regions: 73->0(73)
[2023-11-16T05:29:28.482+0000][7][gc,heap     ] GC(60) Survivor regions: 2->2(10)
[2023-11-16T05:29:28.482+0000][7][gc,heap     ] GC(60) Old regions: 24->24
[2023-11-16T05:29:28.482+0000][7][gc,heap     ] GC(60) Archive regions: 2->2
[2023-11-16T05:29:28.482+0000][7][gc,heap     ] GC(60) Humongous regions: 5->5
[2023-11-16T05:29:28.482+0000][7][gc,metaspace] GC(60) Metaspace: 117858K(119552K)->117858K(119552K) NonClass: 102116K(103104K)->102116K(103104K) Class: 15741K(16448K)->15741K(16448K)
[2023-11-16T05:29:28.482+0000][7][gc          ] GC(60) Pause Young (Normal) (G1 Evacuation Pause) 415M->124M(512M) 3.994ms
[2023-11-16T05:29:28.482+0000][7][gc,cpu      ] GC(60) User=0.01s Sys=0.00s Real=0.01s
[2023-11-16T05:29:28.482+0000][7][safepoint   ] Safepoint "G1CollectForAllocation", Time since last: 1582668798 ns, Reaching safepoint: 127179 ns, At safepoint: 4080231 ns, Total: 4207410 ns
[2023-11-16T05:29:29.482+0000][7][safepoint   ] Safepoint "Cleanup", Time since last: 1000078578 ns, Reaching safepoint: 86210 ns, At safepoint: 12099 ns, Total: 98309 ns
[2023-11-16T05:29:31.483+0000][7][safepoint   ] Safepoint "Cleanup", Time since last: 2000158229 ns, Reaching safepoint: 77687 ns, At safepoint: 3806 ns, Total: 81493 ns
[2023-11-16T05:29:32.483+0000][7][safepoint   ] Safepoint "Cleanup", Time since last: 1000090396 ns, Reaching safepoint: 112903 ns, At safepoint: 10384 ns, Total: 123287 ns
[2023-11-16T05:29:33.483+0000][7][safepoint   ] Safepoint "Cleanup", Time since last: 1000174100 ns, Reaching safepoint: 57378 ns, At safepoint: 5220 ns, Total: 62598 ns
[2023-11-16T05:29:34.483+0000][7][safepoint   ] Safepoint "Cleanup", Time since last: 1000181129 ns, Reaching safepoint: 87126 ns, At safepoint: 7444 ns, Total: 94570 ns
[2023-11-16T05:29:35.484+0000][7][safepoint   ] Safepoint "Cleanup", Time since last: 1000103370 ns, Reaching safepoint: 107936 ns, At safepoint: 9571 ns, Total: 117507 ns
[2023-11-16T05:29:36.484+0000][7][safepoint   ] Safepoint "Cleanup", Time since last: 1000344326 ns, Reaching safepoint: 47533 ns, At safepoint: 6151 ns, Total: 53684 ns
[2023-11-16T05:29:37.484+0000][7][safepoint   ] Safepoint "Cleanup", Time since last: 1000257782 ns, Reaching safepoint: 172172 ns, At safepoint: 5274 ns, Total: 177446 ns
[2023-11-16T05:29:38.485+0000][7][safepoint   ] Safepoint "Cleanup", Time since last: 1000105830 ns, Reaching safepoint: 114135 ns, At safepoint: 15867 ns, Total: 130002 ns
[2023-11-16T05:29:39.485+0000][7][safepoint   ] Safepoint "Cleanup", Time since last: 1000151474 ns, Reaching safepoint: 84861 ns, At safepoint: 5032 ns, Total: 89893 ns
[2023-11-16T05:29:40.485+0000][7][safepoint   ] Safepoint "Cleanup", Time since last: 1000087177 ns, Reaching safepoint: 58283 ns, At safepoint: 6168 ns, Total: 64451 ns
[2023-11-16T05:29:41.485+0000][7][safepoint   ] Safepoint "Cleanup", Time since last: 1000091864 ns, Reaching safepoint: 56410 ns, At safepoint: 7861 ns, Total: 64271 ns
[2023-11-16T05:29:42.485+0000][7][safepoint   ] Safepoint "Cleanup", Time since last: 1000087602 ns, Reaching safepoint: 42814 ns, At safepoint: 4771 ns, Total: 47585 ns
[2023-11-16T05:29:43.486+0000][7][safepoint   ] Safepoint "Cleanup", Time since last: 1000149279 ns, Reaching safepoint: 32380 ns, At safepoint: 4886 ns, Total: 37266 ns
[2023-11-16T05:29:43.518+0000][7][gc,start    ] GC(61) Pause Young (Normal) (G1 Evacuation Pause)
[2023-11-16T05:29:43.518+0000][7][gc,task     ] GC(61) Using 8 workers of 8 for evacuation
[2023-11-16T05:29:43.518+0000][7][gc,age      ] GC(61) Desired survivor size 20971520 bytes, new threshold 15 (max threshold 15)
[2023-11-16T05:29:43.521+0000][7][gc,age      ] GC(61) Age table with threshold 15 (max threshold 15)
[2023-11-16T05:29:43.522+0000][7][gc,age      ] GC(61) - age   1:    3332760 bytes,    3332760 total
[2023-11-16T05:29:43.522+0000][7][gc,age      ] GC(61) - age   2:     613328 bytes,    3946088 total
[2023-11-16T05:29:43.522+0000][7][gc,age      ] GC(61) - age   3:     484728 bytes,    4430816 total
[2023-11-16T05:29:43.522+0000][7][gc,age      ] GC(61) - age   4:    1127152 bytes,    5557968 total
[2023-11-16T05:29:43.522+0000][7][gc,age      ] GC(61) - age   5:     675440 bytes,    6233408 total
[2023-11-16T05:29:43.522+0000][7][gc,age      ] GC(61) - age   6:     146520 bytes,    6379928 total
[2023-11-16T05:29:43.522+0000][7][gc,age      ] GC(61) - age   7:     144392 bytes,    6524320 total
[2023-11-16T05:29:43.522+0000][7][gc,age      ] GC(61) - age   8:     553072 bytes,    7077392 total
[2023-11-16T05:29:43.522+0000][7][gc,age      ] GC(61) - age   9:     520536 bytes,    7597928 total
[2023-11-16T05:29:43.522+0000][7][gc,age      ] GC(61) - age  10:       2544 bytes,    7600472 total
[2023-11-16T05:29:43.522+0000][7][gc,age      ] GC(61) - age  11:       1464 bytes,    7601936 total
[2023-11-16T05:29:43.522+0000][7][gc,age      ] GC(61) - age  12:       2632 bytes,    7604568 total
[2023-11-16T05:29:43.522+0000][7][gc,age      ] GC(61) - age  13:     621832 bytes,    8226400 total
[2023-11-16T05:29:43.522+0000][7][gc,age      ] GC(61) - age  14:      47296 bytes,    8273696 total
[2023-11-16T05:29:43.522+0000][7][gc,age      ] GC(61) - age  15:       2976 bytes,    8276672 total
[2023-11-16T05:29:43.522+0000][7][gc,phases   ] GC(61)   Pre Evacuate Collection Set: 0.1ms
[2023-11-16T05:29:43.522+0000][7][gc,phases   ] GC(61)   Merge Heap Roots: 0.1ms
[2023-11-16T05:29:43.522+0000][7][gc,phases   ] GC(61)   Evacuate Collection Set: 3.1ms
[2023-11-16T05:29:43.522+0000][7][gc,phases   ] GC(61)   Post Evacuate Collection Set: 0.6ms
[2023-11-16T05:29:43.522+0000][7][gc,phases   ] GC(61)   Other: 0.3ms
[2023-11-16T05:29:43.522+0000][7][gc,heap     ] GC(61) Eden regions: 73->0(71)
[2023-11-16T05:29:43.522+0000][7][gc,heap     ] GC(61) Survivor regions: 2->3(10)
[2023-11-16T05:29:43.522+0000][7][gc,heap     ] GC(61) Old regions: 24->24
[2023-11-16T05:29:43.522+0000][7][gc,heap     ] GC(61) Archive regions: 2->2
[2023-11-16T05:29:43.522+0000][7][gc,heap     ] GC(61) Humongous regions: 5->5
[2023-11-16T05:29:43.522+0000][7][gc,metaspace] GC(61) Metaspace: 117924K(119680K)->117924K(119680K) NonClass: 102174K(103168K)->102174K(103168K) Class: 15750K(16512K)->15750K(16512K)
[2023-11-16T05:29:43.522+0000][7][gc          ] GC(61) Pause Young (Normal) (G1 Evacuation Pause) 416M->126M(512M) 4.113ms
[2023-11-16T05:29:43.522+0000][7][gc,cpu      ] GC(61) User=0.02s Sys=0.00s Real=0.01s
[2023-11-16T05:29:43.522+0000][7][safepoint   ] Safepoint "G1CollectForAllocation", Time since last: 31871508 ns, Reaching safepoint: 37184 ns, At safepoint: 4218033 ns, Total: 4255217 ns
[2023-11-16T05:29:45.522+0000][7][safepoint   ] Safepoint "Cleanup", Time since last: 2000128855 ns, Reaching safepoint: 68034 ns, At safepoint: 8628 ns, Total: 76662 ns
[2023-11-16T05:29:46.522+0000][7][safepoint   ] Safepoint "Cleanup", Time since last: 1000124612 ns, Reaching safepoint: 42709 ns, At safepoint: 4559 ns, Total: 47268 ns
[2023-11-16T05:29:48.522+0000][7][safepoint   ] Safepoint "Cleanup", Time since last: 2000164936 ns, Reaching safepoint: 52430 ns, At safepoint: 27104 ns, Total: 79534 ns
[2023-11-16T05:29:49.929+0000][7][safepoint   ] Safepoint "Cleanup", Time since last: 1406169058 ns, Reaching safepoint: 77577 ns, At safepoint: 5805 ns, Total: 83382 ns
[2023-11-16T05:29:50.929+0000][7][safepoint   ] Safepoint "Cleanup", Time since last: 1000283010 ns, Reaching safepoint: 44182 ns, At safepoint: 5018 ns, Total: 49200 ns
[2023-11-16T05:29:51.929+0000][7][safepoint   ] Safepoint "Cleanup", Time since last: 1000372126 ns, Reaching safepoint: 169579 ns, At safepoint: 6455 ns, Total: 176034 ns
[2023-11-16T05:29:52.930+0000][7][safepoint   ] Safepoint "Cleanup", Time since last: 1000163362 ns, Reaching safepoint: 89703 ns, At safepoint: 11673 ns, Total: 101376 ns
[2023-11-16T05:29:53.930+0000][7][safepoint   ] Safepoint "Cleanup", Time since last: 1000153898 ns, Reaching safepoint: 103275 ns, At safepoint: 8334 ns, Total: 111609 ns
[2023-11-16T05:29:54.930+0000][7][safepoint   ] Safepoint "Cleanup", Time since last: 1000362395 ns, Reaching safepoint: 85192 ns, At safepoint: 7046 ns, Total: 92238 ns
[2023-11-16T05:29:55.931+0000][7][safepoint   ] Safepoint "Cleanup", Time since last: 1000089492 ns, Reaching safepoint: 87319 ns, At safepoint: 8336 ns, Total: 95655 ns
[2023-11-16T05:29:56.931+0000][7][safepoint   ] Safepoint "Cleanup", Time since last: 1000154402 ns, Reaching safepoint: 69426 ns, At safepoint: 5608 ns, Total: 75034 ns
[2023-11-16T05:29:58.931+0000][7][safepoint   ] Safepoint "Cleanup", Time since last: 2000209252 ns, Reaching safepoint: 190832 ns, At safepoint: 6333 ns, Total: 197165 ns
[2023-11-16T05:30:00.932+0000][7][safepoint   ] Safepoint "Cleanup", Time since last: 2000441888 ns, Reaching safepoint: 58746 ns, At safepoint: 30674 ns, Total: 89420 ns
[2023-11-16T05:30:01.201+0000][7][gc,start    ] GC(62) Pause Young (Normal) (G1 Evacuation Pause)
[2023-11-16T05:30:01.201+0000][7][gc,task     ] GC(62) Using 8 workers of 8 for evacuation
[2023-11-16T05:30:01.201+0000][7][gc,age      ] GC(62) Desired survivor size 20971520 bytes, new threshold 15 (max threshold 15)
[2023-11-16T05:30:01.205+0000][7][gc,age      ] GC(62) Age table with threshold 15 (max threshold 15)
[2023-11-16T05:30:01.205+0000][7][gc,age      ] GC(62) - age   1:    1326240 bytes,    1326240 total
[2023-11-16T05:30:01.205+0000][7][gc,age      ] GC(62) - age   2:    2270152 bytes,    3596392 total
[2023-11-16T05:30:01.205+0000][7][gc,age      ] GC(62) - age   3:     584400 bytes,    4180792 total
[2023-11-16T05:30:01.205+0000][7][gc,age      ] GC(62) - age   4:     438328 bytes,    4619120 total
[2023-11-16T05:30:01.205+0000][7][gc,age      ] GC(62) - age   5:    1017400 bytes,    5636520 total
[2023-11-16T05:30:01.205+0000][7][gc,age      ] GC(62) - age   6:     675248 bytes,    6311768 total
[2023-11-16T05:30:01.205+0000][7][gc,age      ] GC(62) - age   7:     146424 bytes,    6458192 total
[2023-11-16T05:30:01.205+0000][7][gc,age      ] GC(62) - age   8:     144392 bytes,    6602584 total
[2023-11-16T05:30:01.205+0000][7][gc,age      ] GC(62) - age   9:     553048 bytes,    7155632 total
[2023-11-16T05:30:01.205+0000][7][gc,age      ] GC(62) - age  10:     520224 bytes,    7675856 total
[2023-11-16T05:30:01.205+0000][7][gc,age      ] GC(62) - age  11:       2544 bytes,    7678400 total
[2023-11-16T05:30:01.205+0000][7][gc,age      ] GC(62) - age  12:       1464 bytes,    7679864 total
[2023-11-16T05:30:01.205+0000][7][gc,age      ] GC(62) - age  13:       2568 bytes,    7682432 total
[2023-11-16T05:30:01.205+0000][7][gc,age      ] GC(62) - age  14:     621832 bytes,    8304264 total
[2023-11-16T05:30:01.205+0000][7][gc,age      ] GC(62) - age  15:      47296 bytes,    8351560 total
[2023-11-16T05:30:01.205+0000][7][gc,phases   ] GC(62)   Pre Evacuate Collection Set: 0.1ms
[2023-11-16T05:30:01.205+0000][7][gc,phases   ] GC(62)   Merge Heap Roots: 0.2ms
[2023-11-16T05:30:01.205+0000][7][gc,phases   ] GC(62)   Evacuate Collection Set: 3.2ms
[2023-11-16T05:30:01.205+0000][7][gc,phases   ] GC(62)   Post Evacuate Collection Set: 0.5ms
[2023-11-16T05:30:01.205+0000][7][gc,phases   ] GC(62)   Other: 0.3ms
[2023-11-16T05:30:01.205+0000][7][gc,heap     ] GC(62) Eden regions: 71->0(71)
[2023-11-16T05:30:01.205+0000][7][gc,heap     ] GC(62) Survivor regions: 3->3(10)
[2023-11-16T05:30:01.205+0000][7][gc,heap     ] GC(62) Old regions: 24->24
[2023-11-16T05:30:01.205+0000][7][gc,heap     ] GC(62) Archive regions: 2->2
[2023-11-16T05:30:01.205+0000][7][gc,heap     ] GC(62) Humongous regions: 5->5
[2023-11-16T05:30:01.205+0000][7][gc,metaspace] GC(62) Metaspace: 117941K(119680K)->117941K(119680K) NonClass: 102191K(103168K)->102191K(103168K) Class: 15750K(16512K)->15750K(16512K)
[2023-11-16T05:30:01.205+0000][7][gc          ] GC(62) Pause Young (Normal) (G1 Evacuation Pause) 410M->126M(512M) 4.325ms
[2023-11-16T05:30:01.206+0000][7][gc,cpu      ] GC(62) User=0.02s Sys=0.01s Real=0.00s
[2023-11-16T05:30:01.206+0000][7][safepoint   ] Safepoint "G1CollectForAllocation", Time since last: 269192076 ns, Reaching safepoint: 108607 ns, At safepoint: 4406214 ns, Total: 4514821 ns
[2023-11-16T05:30:02.206+0000][7][safepoint   ] Safepoint "Cleanup", Time since last: 1000075653 ns, Reaching safepoint: 60551 ns, At safepoint: 4301 ns, Total: 64852 ns
[2023-11-16T05:30:04.206+0000][7][safepoint   ] Safepoint "Cleanup", Time since last: 2000416062 ns, Reaching safepoint: 96576 ns, At safepoint: 8009 ns, Total: 104585 ns
[2023-11-16T05:30:05.206+0000][7][safepoint   ] Safepoint "Cleanup", Time since last: 1000127664 ns, Reaching safepoint: 68977 ns, At safepoint: 4521 ns, Total: 73498 ns
[2023-11-16T05:30:06.207+0000][7][safepoint   ] Safepoint "Cleanup", Time since last: 1000147635 ns, Reaching safepoint: 126617 ns, At safepoint: 25908 ns, Total: 152525 ns
[2023-11-16T05:30:07.527+0000][7][safepoint   ] Safepoint "Cleanup", Time since last: 1319857965 ns, Reaching safepoint: 41705 ns, At safepoint: 3151 ns, Total: 44856 ns
[2023-11-16T05:30:08.527+0000][7][safepoint   ] Safepoint "Cleanup", Time since last: 1000164881 ns, Reaching safepoint: 73281 ns, At safepoint: 7279 ns, Total: 80560 ns
[2023-11-16T05:30:09.527+0000][7][safepoint   ] Safepoint "Cleanup", Time since last: 1000126097 ns, Reaching safepoint: 106184 ns, At safepoint: 10464 ns, Total: 116648 ns
[2023-11-16T05:30:10.527+0000][7][safepoint   ] Safepoint "Cleanup", Time since last: 1000148278 ns, Reaching safepoint: 70532 ns, At safepoint: 4564 ns, Total: 75096 ns
[2023-11-16T05:30:11.528+0000][7][safepoint   ] Safepoint "Cleanup", Time since last: 1000109811 ns, Reaching safepoint: 100630 ns, At safepoint: 5019 ns, Total: 105649 ns
[2023-11-16T05:30:13.528+0000][7][safepoint   ] Safepoint "Cleanup", Time since last: 2000247884 ns, Reaching safepoint: 100596 ns, At safepoint: 10424 ns, Total: 111020 ns
[2023-11-16T05:30:14.528+0000][7][safepoint   ] Safepoint "Cleanup", Time since last: 1000090239 ns, Reaching safepoint: 73465 ns, At safepoint: 4100 ns, Total: 77565 ns
[2023-11-16T05:30:16.528+0000][7][safepoint   ] Safepoint "Cleanup", Time since last: 2000148762 ns, Reaching safepoint: 45596 ns, At safepoint: 4041 ns, Total: 49637 ns
[2023-11-16T05:30:18.529+0000][7][safepoint   ] Safepoint "Cleanup", Time since last: 2000408834 ns, Reaching safepoint: 69684 ns, At safepoint: 5362 ns, Total: 75046 ns
[2023-11-16T05:30:18.938+0000][7][gc,start    ] GC(63) Pause Young (Normal) (G1 Evacuation Pause)
[2023-11-16T05:30:18.938+0000][7][gc,task     ] GC(63) Using 8 workers of 8 for evacuation
[2023-11-16T05:30:18.938+0000][7][gc,age      ] GC(63) Desired survivor size 20971520 bytes, new threshold 15 (max threshold 15)
[2023-11-16T05:30:18.946+0000][7][gc,age      ] GC(63) Age table with threshold 15 (max threshold 15)
[2023-11-16T05:30:18.946+0000][7][gc,age      ] GC(63) - age   1:    2201368 bytes,    2201368 total
[2023-11-16T05:30:18.946+0000][7][gc,age      ] GC(63) - age   2:     752104 bytes,    2953472 total
[2023-11-16T05:30:18.946+0000][7][gc,age      ] GC(63) - age   3:    2135616 bytes,    5089088 total
[2023-11-16T05:30:18.946+0000][7][gc,age      ] GC(63) - age   4:     518320 bytes,    5607408 total
[2023-11-16T05:30:18.946+0000][7][gc,age      ] GC(63) - age   5:     438184 bytes,    6045592 total
[2023-11-16T05:30:18.946+0000][7][gc,age      ] GC(63) - age   6:    1017240 bytes,    7062832 total
[2023-11-16T05:30:18.946+0000][7][gc,age      ] GC(63) - age   7:     675248 bytes,    7738080 total
[2023-11-16T05:30:18.946+0000][7][gc,age      ] GC(63) - age   8:     146360 bytes,    7884440 total
[2023-11-16T05:30:18.946+0000][7][gc,age      ] GC(63) - age   9:     144392 bytes,    8028832 total
[2023-11-16T05:30:18.946+0000][7][gc,age      ] GC(63) - age  10:     552984 bytes,    8581816 total
[2023-11-16T05:30:18.946+0000][7][gc,age      ] GC(63) - age  11:     520160 bytes,    9101976 total
[2023-11-16T05:30:18.946+0000][7][gc,age      ] GC(63) - age  12:       2480 bytes,    9104456 total
[2023-11-16T05:30:18.946+0000][7][gc,age      ] GC(63) - age  13:       1464 bytes,    9105920 total
[2023-11-16T05:30:18.946+0000][7][gc,age      ] GC(63) - age  14:       2568 bytes,    9108488 total
[2023-11-16T05:30:18.946+0000][7][gc,age      ] GC(63) - age  15:     621832 bytes,    9730320 total
[2023-11-16T05:30:18.946+0000][7][gc,phases   ] GC(63)   Pre Evacuate Collection Set: 0.1ms
[2023-11-16T05:30:18.946+0000][7][gc,phases   ] GC(63)   Merge Heap Roots: 0.1ms
[2023-11-16T05:30:18.946+0000][7][gc,phases   ] GC(63)   Evacuate Collection Set: 7.1ms
[2023-11-16T05:30:18.946+0000][7][gc,phases   ] GC(63)   Post Evacuate Collection Set: 0.6ms
[2023-11-16T05:30:18.946+0000][7][gc,phases   ] GC(63)   Other: 0.3ms
[2023-11-16T05:30:18.946+0000][7][gc,heap     ] GC(63) Eden regions: 71->0(71)
[2023-11-16T05:30:18.946+0000][7][gc,heap     ] GC(63) Survivor regions: 3->3(10)
[2023-11-16T05:30:18.946+0000][7][gc,heap     ] GC(63) Old regions: 24->24
[2023-11-16T05:30:18.946+0000][7][gc,heap     ] GC(63) Archive regions: 2->2
[2023-11-16T05:30:18.946+0000][7][gc,heap     ] GC(63) Humongous regions: 5->5
[2023-11-16T05:30:18.946+0000][7][gc,metaspace] GC(63) Metaspace: 118001K(119744K)->118001K(119744K) NonClass: 102251K(103232K)->102251K(103232K) Class: 15750K(16512K)->15750K(16512K)
[2023-11-16T05:30:18.946+0000][7][gc          ] GC(63) Pause Young (Normal) (G1 Evacuation Pause) 410M->127M(512M) 8.291ms
[2023-11-16T05:30:18.946+0000][7][gc,cpu      ] GC(63) User=0.03s Sys=0.00s Real=0.01s
[2023-11-16T05:30:18.946+0000][7][safepoint   ] Safepoint "G1CollectForAllocation", Time since last: 409184552 ns, Reaching safepoint: 56402 ns, At safepoint: 8386429 ns, Total: 8442831 ns
[2023-11-16T05:30:19.947+0000][7][safepoint   ] Safepoint "Cleanup", Time since last: 1000105494 ns, Reaching safepoint: 65528 ns, At safepoint: 7660 ns, Total: 73188 ns
[2023-11-16T05:30:21.947+0000][7][safepoint   ] Safepoint "Cleanup", Time since last: 2000384128 ns, Reaching safepoint: 170308 ns, At safepoint: 22186 ns, Total: 192494 ns
[2023-11-16T05:30:22.947+0000][7][safepoint   ] Safepoint "Cleanup", Time since last: 1000331110 ns, Reaching safepoint: 55622 ns, At safepoint: 6822 ns, Total: 62444 ns
[2023-11-16T05:30:23.948+0000][7][safepoint   ] Safepoint "Cleanup", Time since last: 1000095791 ns, Reaching safepoint: 48209 ns, At safepoint: 4940 ns, Total: 53149 ns
[2023-11-16T05:30:24.948+0000][7][safepoint   ] Safepoint "Cleanup", Time since last: 1000092123 ns, Reaching safepoint: 62050 ns, At safepoint: 8813 ns, Total: 70863 ns
[2023-11-16T05:30:25.948+0000][7][safepoint   ] Safepoint "Cleanup", Time since last: 1000086073 ns, Reaching safepoint: 84704 ns, At safepoint: 5480 ns, Total: 90184 ns
[2023-11-16T05:30:26.948+0000][7][safepoint   ] Safepoint "Cleanup", Time since last: 1000326648 ns, Reaching safepoint: 34577 ns, At safepoint: 44116 ns, Total: 78693 ns
[2023-11-16T05:30:28.949+0000][7][safepoint   ] Safepoint "Cleanup", Time since last: 2000252926 ns, Reaching safepoint: 53488 ns, At safepoint: 25913 ns, Total: 79401 ns
[2023-11-16T05:30:31.949+0000][7][safepoint   ] Safepoint "Cleanup", Time since last: 3000196478 ns, Reaching safepoint: 32212 ns, At safepoint: 5004 ns, Total: 37216 ns
[2023-11-16T05:30:33.950+0000][7][safepoint   ] Safepoint "Cleanup", Time since last: 2000492494 ns, Reaching safepoint: 58206 ns, At safepoint: 8608 ns, Total: 66814 ns
[2023-11-16T05:30:34.950+0000][7][safepoint   ] Safepoint "Cleanup", Time since last: 1000230489 ns, Reaching safepoint: 162953 ns, At safepoint: 4696 ns, Total: 167649 ns
[2023-11-16T05:30:36.475+0000][7][gc,start    ] GC(64) Pause Young (Normal) (G1 Evacuation Pause)
[2023-11-16T05:30:36.475+0000][7][gc,task     ] GC(64) Using 8 workers of 8 for evacuation
[2023-11-16T05:30:36.475+0000][7][gc,age      ] GC(64) Desired survivor size 20971520 bytes, new threshold 15 (max threshold 15)
[2023-11-16T05:30:36.483+0000][7][gc,age      ] GC(64) Age table with threshold 15 (max threshold 15)
[2023-11-16T05:30:36.483+0000][7][gc,age      ] GC(64) - age   1:    2015352 bytes,    2015352 total
[2023-11-16T05:30:36.483+0000][7][gc,age      ] GC(64) - age   2:     841912 bytes,    2857264 total
[2023-11-16T05:30:36.483+0000][7][gc,age      ] GC(64) - age   3:     361608 bytes,    3218872 total
[2023-11-16T05:30:36.483+0000][7][gc,age      ] GC(64) - age   4:    2053384 bytes,    5272256 total
[2023-11-16T05:30:36.483+0000][7][gc,age      ] GC(64) - age   5:     517800 bytes,    5790056 total
[2023-11-16T05:30:36.483+0000][7][gc,age      ] GC(64) - age   6:     437848 bytes,    6227904 total
[2023-11-16T05:30:36.483+0000][7][gc,age      ] GC(64) - age   7:    1017000 bytes,    7244904 total
[2023-11-16T05:30:36.483+0000][7][gc,age      ] GC(64) - age   8:     674936 bytes,    7919840 total
[2023-11-16T05:30:36.483+0000][7][gc,age      ] GC(64) - age   9:     146360 bytes,    8066200 total
[2023-11-16T05:30:36.483+0000][7][gc,age      ] GC(64) - age  10:     144392 bytes,    8210592 total
[2023-11-16T05:30:36.483+0000][7][gc,age      ] GC(64) - age  11:     552984 bytes,    8763576 total
[2023-11-16T05:30:36.483+0000][7][gc,age      ] GC(64) - age  12:     520096 bytes,    9283672 total
[2023-11-16T05:30:36.483+0000][7][gc,age      ] GC(64) - age  13:       2480 bytes,    9286152 total
[2023-11-16T05:30:36.483+0000][7][gc,age      ] GC(64) - age  14:       1464 bytes,    9287616 total
[2023-11-16T05:30:36.483+0000][7][gc,age      ] GC(64) - age  15:       2568 bytes,    9290184 total
[2023-11-16T05:30:36.483+0000][7][gc,phases   ] GC(64)   Pre Evacuate Collection Set: 0.1ms
[2023-11-16T05:30:36.483+0000][7][gc,phases   ] GC(64)   Merge Heap Roots: 0.0ms
[2023-11-16T05:30:36.483+0000][7][gc,phases   ] GC(64)   Evacuate Collection Set: 7.4ms
[2023-11-16T05:30:36.483+0000][7][gc,phases   ] GC(64)   Post Evacuate Collection Set: 0.6ms
[2023-11-16T05:30:36.483+0000][7][gc,phases   ] GC(64)   Other: 0.2ms
[2023-11-16T05:30:36.483+0000][7][gc,heap     ] GC(64) Eden regions: 71->0(71)
[2023-11-16T05:30:36.483+0000][7][gc,heap     ] GC(64) Survivor regions: 3->3(10)
[2023-11-16T05:30:36.483+0000][7][gc,heap     ] GC(64) Old regions: 24->24
[2023-11-16T05:30:36.483+0000][7][gc,heap     ] GC(64) Archive regions: 2->2
[2023-11-16T05:30:36.483+0000][7][gc,heap     ] GC(64) Humongous regions: 5->5
[2023-11-16T05:30:36.483+0000][7][gc,metaspace] GC(64) Metaspace: 118010K(119744K)->118010K(119744K) NonClass: 102260K(103232K)->102260K(103232K) Class: 15750K(16512K)->15750K(16512K)
[2023-11-16T05:30:36.483+0000][7][gc          ] GC(64) Pause Young (Normal) (G1 Evacuation Pause) 411M->128M(512M) 8.375ms
[2023-11-16T05:30:36.483+0000][7][gc,cpu      ] GC(64) User=0.03s Sys=0.00s Real=0.01s
[2023-11-16T05:30:36.483+0000][7][safepoint   ] Safepoint "G1CollectForAllocation", Time since last: 1524565405 ns, Reaching safepoint: 51499 ns, At safepoint: 8485811 ns, Total: 8537310 ns
[2023-11-16T05:30:37.483+0000][7][safepoint   ] Safepoint "Cleanup", Time since last: 1000077318 ns, Reaching safepoint: 56348 ns, At safepoint: 6305 ns, Total: 62653 ns
[2023-11-16T05:30:39.484+0000][7][safepoint   ] Safepoint "Cleanup", Time since last: 2000461975 ns, Reaching safepoint: 51899 ns, At safepoint: 4802 ns, Total: 56701 ns
[2023-11-16T05:30:40.484+0000][7][safepoint   ] Safepoint "Cleanup", Time since last: 1000106449 ns, Reaching safepoint: 98355 ns, At safepoint: 9633 ns, Total: 107988 ns
[2023-11-16T05:30:41.484+0000][7][safepoint   ] Safepoint "Cleanup", Time since last: 1000127894 ns, Reaching safepoint: 71708 ns, At safepoint: 8872 ns, Total: 80580 ns
[2023-11-16T05:30:42.484+0000][7][safepoint   ] Safepoint "Cleanup", Time since last: 1000234699 ns, Reaching safepoint: 77112 ns, At safepoint: 5504 ns, Total: 82616 ns
[2023-11-16T05:30:43.486+0000][7][safepoint   ] Safepoint "Cleanup", Time since last: 1000223795 ns, Reaching safepoint: 1104958 ns, At safepoint: 15957 ns, Total: 1120915 ns
[2023-11-16T05:30:44.486+0000][7][safepoint   ] Safepoint "Cleanup", Time since last: 1000106991 ns, Reaching safepoint: 101506 ns, At safepoint: 13081 ns, Total: 114587 ns
[2023-11-16T05:30:46.486+0000][7][safepoint   ] Safepoint "Cleanup", Time since last: 2000245022 ns, Reaching safepoint: 53703 ns, At safepoint: 4431 ns, Total: 58134 ns
[2023-11-16T05:30:47.486+0000][7][safepoint   ] Safepoint "Cleanup", Time since last: 1000085725 ns, Reaching safepoint: 60826 ns, At safepoint: 4533 ns, Total: 65359 ns
[2023-11-16T05:30:49.487+0000][7][safepoint   ] Safepoint "Cleanup", Time since last: 2000274785 ns, Reaching safepoint: 238135 ns, At safepoint: 6194 ns, Total: 244329 ns
[2023-11-16T05:30:51.487+0000][7][safepoint   ] Safepoint "Cleanup", Time since last: 2000133416 ns, Reaching safepoint: 53718 ns, At safepoint: 8210 ns, Total: 61928 ns
[2023-11-16T05:30:52.487+0000][7][safepoint   ] Safepoint "Cleanup", Time since last: 1000125771 ns, Reaching safepoint: 74492 ns, At safepoint: 10305 ns, Total: 84797 ns
[2023-11-16T05:30:53.488+0000][7][safepoint   ] Safepoint "Cleanup", Time since last: 1000150152 ns, Reaching safepoint: 118564 ns, At safepoint: 7112 ns, Total: 125676 ns
[2023-11-16T05:30:53.764+0000][7][gc,start    ] GC(65) Pause Young (Normal) (G1 Evacuation Pause)
[2023-11-16T05:30:53.764+0000][7][gc,task     ] GC(65) Using 8 workers of 8 for evacuation
[2023-11-16T05:30:53.764+0000][7][gc,age      ] GC(65) Desired survivor size 20971520 bytes, new threshold 15 (max threshold 15)
[2023-11-16T05:30:53.769+0000][7][gc,age      ] GC(65) Age table with threshold 15 (max threshold 15)
[2023-11-16T05:30:53.769+0000][7][gc,age      ] GC(65) - age   1:    1414984 bytes,    1414984 total
[2023-11-16T05:30:53.769+0000][7][gc,age      ] GC(65) - age   2:     724736 bytes,    2139720 total
[2023-11-16T05:30:53.769+0000][7][gc,age      ] GC(65) - age   3:     840256 bytes,    2979976 total
[2023-11-16T05:30:53.769+0000][7][gc,age      ] GC(65) - age   4:     327144 bytes,    3307120 total
[2023-11-16T05:30:53.769+0000][7][gc,age      ] GC(65) - age   5:    2053048 bytes,    5360168 total
[2023-11-16T05:30:53.769+0000][7][gc,age      ] GC(65) - age   6:     517736 bytes,    5877904 total
[2023-11-16T05:30:53.769+0000][7][gc,age      ] GC(65) - age   7:     437752 bytes,    6315656 total
[2023-11-16T05:30:53.769+0000][7][gc,age      ] GC(65) - age   8:    1016816 bytes,    7332472 total
[2023-11-16T05:30:53.769+0000][7][gc,age      ] GC(65) - age   9:     674872 bytes,    8007344 total
[2023-11-16T05:30:53.769+0000][7][gc,age      ] GC(65) - age  10:     146360 bytes,    8153704 total
[2023-11-16T05:30:53.769+0000][7][gc,age      ] GC(65) - age  11:     144392 bytes,    8298096 total
[2023-11-16T05:30:53.769+0000][7][gc,age      ] GC(65) - age  12:     552984 bytes,    8851080 total
[2023-11-16T05:30:53.769+0000][7][gc,age      ] GC(65) - age  13:     520096 bytes,    9371176 total
[2023-11-16T05:30:53.769+0000][7][gc,age      ] GC(65) - age  14:       2480 bytes,    9373656 total
[2023-11-16T05:30:53.769+0000][7][gc,age      ] GC(65) - age  15:       1464 bytes,    9375120 total
[2023-11-16T05:30:53.770+0000][7][gc,phases   ] GC(65)   Pre Evacuate Collection Set: 0.1ms
[2023-11-16T05:30:53.770+0000][7][gc,phases   ] GC(65)   Merge Heap Roots: 0.1ms
[2023-11-16T05:30:53.770+0000][7][gc,phases   ] GC(65)   Evacuate Collection Set: 4.4ms
[2023-11-16T05:30:53.770+0000][7][gc,phases   ] GC(65)   Post Evacuate Collection Set: 0.8ms
[2023-11-16T05:30:53.770+0000][7][gc,phases   ] GC(65)   Other: 0.4ms
[2023-11-16T05:30:53.770+0000][7][gc,heap     ] GC(65) Eden regions: 71->0(71)
[2023-11-16T05:30:53.770+0000][7][gc,heap     ] GC(65) Survivor regions: 3->3(10)
[2023-11-16T05:30:53.770+0000][7][gc,heap     ] GC(65) Old regions: 24->24
[2023-11-16T05:30:53.770+0000][7][gc,heap     ] GC(65) Archive regions: 2->2
[2023-11-16T05:30:53.770+0000][7][gc,heap     ] GC(65) Humongous regions: 5->5
[2023-11-16T05:30:53.770+0000][7][gc,metaspace] GC(65) Metaspace: 118058K(119808K)->118058K(119808K) NonClass: 102308K(103296K)->102308K(103296K) Class: 15750K(16512K)->15750K(16512K)
[2023-11-16T05:30:53.770+0000][7][gc          ] GC(65) Pause Young (Normal) (G1 Evacuation Pause) 412M->127M(512M) 5.730ms
[2023-11-16T05:30:53.770+0000][7][gc,cpu      ] GC(65) User=0.02s Sys=0.00s Real=0.01s
[2023-11-16T05:30:53.770+0000][7][safepoint   ] Safepoint "G1CollectForAllocation", Time since last: 276206509 ns, Reaching safepoint: 32891 ns, At safepoint: 5840693 ns, Total: 5873584 ns
[2023-11-16T05:30:54.779+0000][7][safepoint   ] Safepoint "Cleanup", Time since last: 1000074973 ns, Reaching safepoint: 9610078 ns, At safepoint: 18739 ns, Total: 9628817 ns
[2023-11-16T05:30:55.780+0000][7][safepoint   ] Safepoint "Cleanup", Time since last: 1000113904 ns, Reaching safepoint: 127402 ns, At safepoint: 8750 ns, Total: 136152 ns
[2023-11-16T05:30:56.780+0000][7][safepoint   ] Safepoint "Cleanup", Time since last: 1000109794 ns, Reaching safepoint: 81383 ns, At safepoint: 12654 ns, Total: 94037 ns
[2023-11-16T05:30:58.780+0000][7][safepoint   ] Safepoint "Cleanup", Time since last: 2000205282 ns, Reaching safepoint: 70472 ns, At safepoint: 5044 ns, Total: 75516 ns
[2023-11-16T05:31:01.781+0000][7][safepoint   ] Safepoint "Cleanup", Time since last: 3000575068 ns, Reaching safepoint: 111993 ns, At safepoint: 9022 ns, Total: 121015 ns
[2023-11-16T05:31:02.781+0000][7][safepoint   ] Safepoint "Cleanup", Time since last: 1000226079 ns, Reaching safepoint: 159195 ns, At safepoint: 5178 ns, Total: 164373 ns
[2023-11-16T05:31:03.782+0000][7][safepoint   ] Safepoint "Cleanup", Time since last: 1000168362 ns, Reaching safepoint: 158816 ns, At safepoint: 4930 ns, Total: 163746 ns
[2023-11-16T05:31:04.782+0000][7][safepoint   ] Safepoint "Cleanup", Time since last: 1000356573 ns, Reaching safepoint: 71091 ns, At safepoint: 5803 ns, Total: 76894 ns
[2023-11-16T05:31:06.782+0000][7][safepoint   ] Safepoint "Cleanup", Time since last: 2000159061 ns, Reaching safepoint: 35963 ns, At safepoint: 4420 ns, Total: 40383 ns
[2023-11-16T05:31:07.782+0000][7][safepoint   ] Safepoint "Cleanup", Time since last: 1000114271 ns, Reaching safepoint: 34297 ns, At safepoint: 25697 ns, Total: 59994 ns
[2023-11-16T05:31:08.783+0000][7][safepoint   ] Safepoint "Cleanup", Time since last: 1000110686 ns, Reaching safepoint: 46023 ns, At safepoint: 5955 ns, Total: 51978 ns
[2023-11-16T05:31:10.783+0000][7][safepoint   ] Safepoint "Cleanup", Time since last: 2000213798 ns, Reaching safepoint: 81311 ns, At safepoint: 8872 ns, Total: 90183 ns
[2023-11-16T05:31:11.630+0000][7][gc,start    ] GC(66) Pause Young (Normal) (G1 Evacuation Pause)
[2023-11-16T05:31:11.630+0000][7][gc,task     ] GC(66) Using 8 workers of 8 for evacuation
[2023-11-16T05:31:11.630+0000][7][gc,age      ] GC(66) Desired survivor size 20971520 bytes, new threshold 15 (max threshold 15)
[2023-11-16T05:31:11.634+0000][7][gc,age      ] GC(66) Age table with threshold 15 (max threshold 15)
[2023-11-16T05:31:11.634+0000][7][gc,age      ] GC(66) - age   1:    2223872 bytes,    2223872 total
[2023-11-16T05:31:11.634+0000][7][gc,age      ] GC(66) - age   2:     761728 bytes,    2985600 total
[2023-11-16T05:31:11.634+0000][7][gc,age      ] GC(66) - age   3:     566328 bytes,    3551928 total
[2023-11-16T05:31:11.634+0000][7][gc,age      ] GC(66) - age   4:     840256 bytes,    4392184 total
[2023-11-16T05:31:11.634+0000][7][gc,age      ] GC(66) - age   5:     325984 bytes,    4718168 total
[2023-11-16T05:31:11.634+0000][7][gc,age      ] GC(66) - age   6:    2052056 bytes,    6770224 total
[2023-11-16T05:31:11.634+0000][7][gc,age      ] GC(66) - age   7:     517616 bytes,    7287840 total
[2023-11-16T05:31:11.634+0000][7][gc,age      ] GC(66) - age   8:     437688 bytes,    7725528 total
[2023-11-16T05:31:11.634+0000][7][gc,age      ] GC(66) - age   9:    1016760 bytes,    8742288 total
[2023-11-16T05:31:11.634+0000][7][gc,age      ] GC(66) - age  10:     674872 bytes,    9417160 total
[2023-11-16T05:31:11.634+0000][7][gc,age      ] GC(66) - age  11:     146296 bytes,    9563456 total
[2023-11-16T05:31:11.634+0000][7][gc,age      ] GC(66) - age  12:     144328 bytes,    9707784 total
[2023-11-16T05:31:11.634+0000][7][gc,age      ] GC(66) - age  13:     552984 bytes,   10260768 total
[2023-11-16T05:31:11.634+0000][7][gc,age      ] GC(66) - age  14:     520096 bytes,   10780864 total
[2023-11-16T05:31:11.634+0000][7][gc,age      ] GC(66) - age  15:       2480 bytes,   10783344 total
[2023-11-16T05:31:11.634+0000][7][gc,phases   ] GC(66)   Pre Evacuate Collection Set: 0.1ms
[2023-11-16T05:31:11.634+0000][7][gc,phases   ] GC(66)   Merge Heap Roots: 0.0ms
[2023-11-16T05:31:11.634+0000][7][gc,phases   ] GC(66)   Evacuate Collection Set: 3.5ms
[2023-11-16T05:31:11.634+0000][7][gc,phases   ] GC(66)   Post Evacuate Collection Set: 0.5ms
[2023-11-16T05:31:11.634+0000][7][gc,phases   ] GC(66)   Other: 0.3ms
[2023-11-16T05:31:11.634+0000][7][gc,heap     ] GC(66) Eden regions: 71->0(71)
[2023-11-16T05:31:11.634+0000][7][gc,heap     ] GC(66) Survivor regions: 3->3(10)
[2023-11-16T05:31:11.634+0000][7][gc,heap     ] GC(66) Old regions: 24->24
[2023-11-16T05:31:11.634+0000][7][gc,heap     ] GC(66) Archive regions: 2->2
[2023-11-16T05:31:11.634+0000][7][gc,heap     ] GC(66) Humongous regions: 5->5
[2023-11-16T05:31:11.634+0000][7][gc,metaspace] GC(66) Metaspace: 118191K(119872K)->118191K(119872K) NonClass: 102406K(103360K)->102406K(103360K) Class: 15785K(16512K)->15785K(16512K)
[2023-11-16T05:31:11.634+0000][7][gc          ] GC(66) Pause Young (Normal) (G1 Evacuation Pause) 411M->129M(512M) 4.505ms
[2023-11-16T05:31:11.634+0000][7][gc,cpu      ] GC(66) User=0.03s Sys=0.00s Real=0.00s
[2023-11-16T05:31:11.634+0000][7][safepoint   ] Safepoint "G1CollectForAllocation", Time since last: 846740231 ns, Reaching safepoint: 79169 ns, At safepoint: 4567032 ns, Total: 4646201 ns
[2023-11-16T05:31:13.634+0000][7][safepoint   ] Safepoint "Cleanup", Time since last: 2000189720 ns, Reaching safepoint: 69902 ns, At safepoint: 5090 ns, Total: 74992 ns
[2023-11-16T05:31:16.635+0000][7][safepoint   ] Safepoint "Cleanup", Time since last: 3000265696 ns, Reaching safepoint: 150907 ns, At safepoint: 27506 ns, Total: 178413 ns
[2023-11-16T05:31:17.635+0000][7][safepoint   ] Safepoint "Cleanup", Time since last: 1000265270 ns, Reaching safepoint: 174153 ns, At safepoint: 29361 ns, Total: 203514 ns
[2023-11-16T05:31:18.636+0000][7][safepoint   ] Safepoint "Cleanup", Time since last: 1000192865 ns, Reaching safepoint: 74081 ns, At safepoint: 6877 ns, Total: 80958 ns
[2023-11-16T05:31:19.636+0000][7][safepoint   ] Safepoint "Cleanup", Time since last: 1000110759 ns, Reaching safepoint: 99845 ns, At safepoint: 4793 ns, Total: 104638 ns
[2023-11-16T05:31:21.636+0000][7][safepoint   ] Safepoint "Cleanup", Time since last: 2000420577 ns, Reaching safepoint: 32134 ns, At safepoint: 4130 ns, Total: 36264 ns
[2023-11-16T05:31:22.637+0000][7][safepoint   ] Safepoint "Cleanup", Time since last: 1000388380 ns, Reaching safepoint: 174236 ns, At safepoint: 5024 ns, Total: 179260 ns
[2023-11-16T05:31:23.637+0000][7][safepoint   ] Safepoint "Cleanup", Time since last: 1000142380 ns, Reaching safepoint: 66501 ns, At safepoint: 5932 ns, Total: 72433 ns
[2023-11-16T05:31:24.637+0000][7][safepoint   ] Safepoint "Cleanup", Time since last: 1000174669 ns, Reaching safepoint: 172882 ns, At safepoint: 7225 ns, Total: 180107 ns
[2023-11-16T05:31:25.638+0000][7][safepoint   ] Safepoint "Cleanup", Time since last: 1000144028 ns, Reaching safepoint: 158863 ns, At safepoint: 7129 ns, Total: 165992 ns
[2023-11-16T05:31:26.638+0000][7][safepoint   ] Safepoint "Cleanup", Time since last: 1000153403 ns, Reaching safepoint: 61002 ns, At safepoint: 5982 ns, Total: 66984 ns
[2023-11-16T05:31:28.638+0000][7][safepoint   ] Safepoint "Cleanup", Time since last: 2000178467 ns, Reaching safepoint: 56764 ns, At safepoint: 23796 ns, Total: 80560 ns
[2023-11-16T05:31:29.459+0000][7][gc,start    ] GC(67) Pause Young (Normal) (G1 Evacuation Pause)
[2023-11-16T05:31:29.459+0000][7][gc,task     ] GC(67) Using 8 workers of 8 for evacuation
[2023-11-16T05:31:29.459+0000][7][gc,age      ] GC(67) Desired survivor size 20971520 bytes, new threshold 15 (max threshold 15)
[2023-11-16T05:31:29.463+0000][7][gc,age      ] GC(67) Age table with threshold 15 (max threshold 15)
[2023-11-16T05:31:29.463+0000][7][gc,age      ] GC(67) - age   1:    1943904 bytes,    1943904 total
[2023-11-16T05:31:29.463+0000][7][gc,age      ] GC(67) - age   2:     721240 bytes,    2665144 total
[2023-11-16T05:31:29.463+0000][7][gc,age      ] GC(67) - age   3:     561032 bytes,    3226176 total
[2023-11-16T05:31:29.463+0000][7][gc,age      ] GC(67) - age   4:     513464 bytes,    3739640 total
[2023-11-16T05:31:29.463+0000][7][gc,age      ] GC(67) - age   5:     839648 bytes,    4579288 total
[2023-11-16T05:31:29.463+0000][7][gc,age      ] GC(67) - age   6:     325920 bytes,    4905208 total
[2023-11-16T05:31:29.463+0000][7][gc,age      ] GC(67) - age   7:    1942448 bytes,    6847656 total
[2023-11-16T05:31:29.463+0000][7][gc,age      ] GC(67) - age   8:     517616 bytes,    7365272 total
[2023-11-16T05:31:29.463+0000][7][gc,age      ] GC(67) - age   9:     437592 bytes,    7802864 total
[2023-11-16T05:31:29.464+0000][7][gc,age      ] GC(67) - age  10:    1016760 bytes,    8819624 total
[2023-11-16T05:31:29.464+0000][7][gc,age      ] GC(67) - age  11:     674872 bytes,    9494496 total
[2023-11-16T05:31:29.464+0000][7][gc,age      ] GC(67) - age  12:     146296 bytes,    9640792 total
[2023-11-16T05:31:29.464+0000][7][gc,age      ] GC(67) - age  13:     144328 bytes,    9785120 total
[2023-11-16T05:31:29.464+0000][7][gc,age      ] GC(67) - age  14:     552984 bytes,   10338104 total
[2023-11-16T05:31:29.464+0000][7][gc,age      ] GC(67) - age  15:     520096 bytes,   10858200 total
[2023-11-16T05:31:29.464+0000][7][gc,phases   ] GC(67)   Pre Evacuate Collection Set: 0.1ms
[2023-11-16T05:31:29.464+0000][7][gc,phases   ] GC(67)   Merge Heap Roots: 0.1ms
[2023-11-16T05:31:29.464+0000][7][gc,phases   ] GC(67)   Evacuate Collection Set: 3.2ms
[2023-11-16T05:31:29.464+0000][7][gc,phases   ] GC(67)   Post Evacuate Collection Set: 0.6ms
[2023-11-16T05:31:29.464+0000][7][gc,phases   ] GC(67)   Other: 0.3ms
[2023-11-16T05:31:29.464+0000][7][gc,heap     ] GC(67) Eden regions: 71->0(71)
[2023-11-16T05:31:29.464+0000][7][gc,heap     ] GC(67) Survivor regions: 3->3(10)
[2023-11-16T05:31:29.464+0000][7][gc,heap     ] GC(67) Old regions: 24->24
[2023-11-16T05:31:29.464+0000][7][gc,heap     ] GC(67) Archive regions: 2->2
[2023-11-16T05:31:29.464+0000][7][gc,heap     ] GC(67) Humongous regions: 5->5
[2023-11-16T05:31:29.464+0000][7][gc,metaspace] GC(67) Metaspace: 118194K(119872K)->118194K(119872K) NonClass: 102409K(103360K)->102409K(103360K) Class: 15785K(16512K)->15785K(16512K)
[2023-11-16T05:31:29.464+0000][7][gc          ] GC(67) Pause Young (Normal) (G1 Evacuation Pause) 413M->129M(512M) 4.305ms
[2023-11-16T05:31:29.464+0000][7][gc,cpu      ] GC(67) User=0.02s Sys=0.00s Real=0.00s
[2023-11-16T05:31:29.464+0000][7][safepoint   ] Safepoint "G1CollectForAllocation", Time since last: 820979393 ns, Reaching safepoint: 30329 ns, At safepoint: 4398877 ns, Total: 4429206 ns
[2023-11-16T05:31:31.464+0000][7][safepoint   ] Safepoint "Cleanup", Time since last: 2000510754 ns, Reaching safepoint: 142759 ns, At safepoint: 4655 ns, Total: 147414 ns
[2023-11-16T05:31:32.465+0000][7][safepoint   ] Safepoint "Cleanup", Time since last: 1000115701 ns, Reaching safepoint: 57315 ns, At safepoint: 10457 ns, Total: 67772 ns
[2023-11-16T05:31:34.465+0000][7][safepoint   ] Safepoint "Cleanup", Time since last: 2000575311 ns, Reaching safepoint: 38453 ns, At safepoint: 4925 ns, Total: 43378 ns
[2023-11-16T05:31:35.465+0000][7][safepoint   ] Safepoint "Cleanup", Time since last: 1000094266 ns, Reaching safepoint: 67084 ns, At safepoint: 19560 ns, Total: 86644 ns
[2023-11-16T05:31:36.466+0000][7][safepoint   ] Safepoint "Cleanup", Time since last: 1000211255 ns, Reaching safepoint: 38469 ns, At safepoint: 7148 ns, Total: 45617 ns
[2023-11-16T05:31:38.466+0000][7][safepoint   ] Safepoint "Cleanup", Time since last: 2000226545 ns, Reaching safepoint: 51068 ns, At safepoint: 3853 ns, Total: 54921 ns
[2023-11-16T05:31:39.466+0000][7][safepoint   ] Safepoint "Cleanup", Time since last: 1000087612 ns, Reaching safepoint: 84886 ns, At safepoint: 7017 ns, Total: 91903 ns
[2023-11-16T05:31:41.467+0000][7][safepoint   ] Safepoint "Cleanup", Time since last: 2000411315 ns, Reaching safepoint: 86548 ns, At safepoint: 13119 ns, Total: 99667 ns
[2023-11-16T05:31:42.467+0000][7][safepoint   ] Safepoint "Cleanup", Time since last: 1000092953 ns, Reaching safepoint: 51581 ns, At safepoint: 3485 ns, Total: 55066 ns
[2023-11-16T05:31:44.467+0000][7][safepoint   ] Safepoint "Cleanup", Time since last: 2000206469 ns, Reaching safepoint: 75299 ns, At safepoint: 5694 ns, Total: 80993 ns
[2023-11-16T05:31:45.467+0000][7][safepoint   ] Safepoint "Cleanup", Time since last: 1000099579 ns, Reaching safepoint: 63780 ns, At safepoint: 7396 ns, Total: 71176 ns
[2023-11-16T05:31:46.020+0000][7][gc,start    ] GC(68) Pause Young (Normal) (G1 Evacuation Pause)
[2023-11-16T05:31:46.020+0000][7][gc,task     ] GC(68) Using 8 workers of 8 for evacuation
[2023-11-16T05:31:46.020+0000][7][gc,age      ] GC(68) Desired survivor size 20971520 bytes, new threshold 15 (max threshold 15)
[2023-11-16T05:31:46.024+0000][7][gc,age      ] GC(68) Age table with threshold 15 (max threshold 15)
[2023-11-16T05:31:46.024+0000][7][gc,age      ] GC(68) - age   1:    2110168 bytes,    2110168 total
[2023-11-16T05:31:46.024+0000][7][gc,age      ] GC(68) - age   2:     472560 bytes,    2582728 total
[2023-11-16T05:31:46.024+0000][7][gc,age      ] GC(68) - age   3:     506672 bytes,    3089400 total
[2023-11-16T05:31:46.024+0000][7][gc,age      ] GC(68) - age   4:     560248 bytes,    3649648 total
[2023-11-16T05:31:46.024+0000][7][gc,age      ] GC(68) - age   5:     512640 bytes,    4162288 total
[2023-11-16T05:31:46.024+0000][7][gc,age      ] GC(68) - age   6:     708416 bytes,    4870704 total
[2023-11-16T05:31:46.024+0000][7][gc,age      ] GC(68) - age   7:     325856 bytes,    5196560 total
[2023-11-16T05:31:46.024+0000][7][gc,age      ] GC(68) - age   8:    1942384 bytes,    7138944 total
[2023-11-16T05:31:46.024+0000][7][gc,age      ] GC(68) - age   9:     517616 bytes,    7656560 total
[2023-11-16T05:31:46.024+0000][7][gc,age      ] GC(68) - age  10:     437592 bytes,    8094152 total
[2023-11-16T05:31:46.024+0000][7][gc,age      ] GC(68) - age  11:    1016760 bytes,    9110912 total
[2023-11-16T05:31:46.024+0000][7][gc,age      ] GC(68) - age  12:     674808 bytes,    9785720 total
[2023-11-16T05:31:46.024+0000][7][gc,age      ] GC(68) - age  13:     146296 bytes,    9932016 total
[2023-11-16T05:31:46.024+0000][7][gc,age      ] GC(68) - age  14:     144328 bytes,   10076344 total
[2023-11-16T05:31:46.024+0000][7][gc,age      ] GC(68) - age  15:     552984 bytes,   10629328 total
[2023-11-16T05:31:46.024+0000][7][gc,phases   ] GC(68)   Pre Evacuate Collection Set: 0.1ms
[2023-11-16T05:31:46.024+0000][7][gc,phases   ] GC(68)   Merge Heap Roots: 0.0ms
[2023-11-16T05:31:46.024+0000][7][gc,phases   ] GC(68)   Evacuate Collection Set: 3.5ms
[2023-11-16T05:31:46.024+0000][7][gc,phases   ] GC(68)   Post Evacuate Collection Set: 0.5ms
[2023-11-16T05:31:46.024+0000][7][gc,phases   ] GC(68)   Other: 0.3ms
[2023-11-16T05:31:46.024+0000][7][gc,heap     ] GC(68) Eden regions: 71->0(71)
[2023-11-16T05:31:46.024+0000][7][gc,heap     ] GC(68) Survivor regions: 3->3(10)
[2023-11-16T05:31:46.024+0000][7][gc,heap     ] GC(68) Old regions: 24->24
[2023-11-16T05:31:46.024+0000][7][gc,heap     ] GC(68) Archive regions: 2->2
[2023-11-16T05:31:46.024+0000][7][gc,heap     ] GC(68) Humongous regions: 5->5
[2023-11-16T05:31:46.024+0000][7][gc,metaspace] GC(68) Metaspace: 118203K(119872K)->118203K(119872K) NonClass: 102417K(103360K)->102417K(103360K) Class: 15785K(16512K)->15785K(16512K)
[2023-11-16T05:31:46.024+0000][7][gc          ] GC(68) Pause Young (Normal) (G1 Evacuation Pause) 413M->130M(512M) 4.432ms
[2023-11-16T05:31:46.024+0000][7][gc,cpu      ] GC(68) User=0.03s Sys=0.00s Real=0.00s
[2023-11-16T05:31:46.024+0000][7][safepoint   ] Safepoint "G1CollectForAllocation", Time since last: 552489480 ns, Reaching safepoint: 36320 ns, At safepoint: 4547041 ns, Total: 4583361 ns
[2023-11-16T05:31:47.025+0000][7][safepoint   ] Safepoint "Cleanup", Time since last: 1000241215 ns, Reaching safepoint: 82182 ns, At safepoint: 4876 ns, Total: 87058 ns
[2023-11-16T05:31:49.025+0000][7][safepoint   ] Safepoint "Cleanup", Time since last: 2000232589 ns, Reaching safepoint: 89821 ns, At safepoint: 11464 ns, Total: 101285 ns
[2023-11-16T05:31:50.025+0000][7][safepoint   ] Safepoint "Cleanup", Time since last: 1000145703 ns, Reaching safepoint: 48346 ns, At safepoint: 3705 ns, Total: 52051 ns
[2023-11-16T05:31:51.025+0000][7][safepoint   ] Safepoint "Cleanup", Time since last: 1000103846 ns, Reaching safepoint: 35118 ns, At safepoint: 7113 ns, Total: 42231 ns
[2023-11-16T05:31:53.026+0000][7][safepoint   ] Safepoint "Cleanup", Time since last: 2000203979 ns, Reaching safepoint: 76849 ns, At safepoint: 8693 ns, Total: 85542 ns
[2023-11-16T05:31:54.026+0000][7][safepoint   ] Safepoint "Cleanup", Time since last: 1000066242 ns, Reaching safepoint: 57565 ns, At safepoint: 5425 ns, Total: 62990 ns
[2023-11-16T05:31:55.026+0000][7][safepoint   ] Safepoint "Cleanup", Time since last: 1000191107 ns, Reaching safepoint: 146378 ns, At safepoint: 12702 ns, Total: 159080 ns
[2023-11-16T05:31:56.026+0000][7][safepoint   ] Safepoint "Cleanup", Time since last: 1000151340 ns, Reaching safepoint: 51564 ns, At safepoint: 6576 ns, Total: 58140 ns
[2023-11-16T05:31:57.027+0000][7][safepoint   ] Safepoint "Cleanup", Time since last: 1000328044 ns, Reaching safepoint: 41200 ns, At safepoint: 4477 ns, Total: 45677 ns
[2023-11-16T05:31:59.027+0000][7][safepoint   ] Safepoint "Cleanup", Time since last: 2000187201 ns, Reaching safepoint: 213820 ns, At safepoint: 67943 ns, Total: 281763 ns
[2023-11-16T05:32:01.027+0000][7][safepoint   ] Safepoint "Cleanup", Time since last: 2000183808 ns, Reaching safepoint: 34154 ns, At safepoint: 3447 ns, Total: 37601 ns
[2023-11-16T05:32:02.028+0000][7][safepoint   ] Safepoint "Cleanup", Time since last: 1000359219 ns, Reaching safepoint: 33267 ns, At safepoint: 5519 ns, Total: 38786 ns
[2023-11-16T05:32:03.139+0000][7][gc,start    ] GC(69) Pause Young (Normal) (G1 Evacuation Pause)
[2023-11-16T05:32:03.139+0000][7][gc,task     ] GC(69) Using 8 workers of 8 for evacuation
[2023-11-16T05:32:03.139+0000][7][gc,age      ] GC(69) Desired survivor size 20971520 bytes, new threshold 15 (max threshold 15)
[2023-11-16T05:32:03.143+0000][7][gc,age      ] GC(69) Age table with threshold 15 (max threshold 15)
[2023-11-16T05:32:03.143+0000][7][gc,age      ] GC(69) - age   1:    1478904 bytes,    1478904 total
[2023-11-16T05:32:03.143+0000][7][gc,age      ] GC(69) - age   2:     864016 bytes,    2342920 total
[2023-11-16T05:32:03.143+0000][7][gc,age      ] GC(69) - age   3:     252440 bytes,    2595360 total
[2023-11-16T05:32:03.143+0000][7][gc,age      ] GC(69) - age   4:     506024 bytes,    3101384 total
[2023-11-16T05:32:03.143+0000][7][gc,age      ] GC(69) - age   5:     559696 bytes,    3661080 total
[2023-11-16T05:32:03.143+0000][7][gc,age      ] GC(69) - age   6:     512448 bytes,    4173528 total
[2023-11-16T05:32:03.143+0000][7][gc,age      ] GC(69) - age   7:     708288 bytes,    4881816 total
[2023-11-16T05:32:03.143+0000][7][gc,age      ] GC(69) - age   8:     325672 bytes,    5207488 total
[2023-11-16T05:32:03.143+0000][7][gc,age      ] GC(69) - age   9:    1941800 bytes,    7149288 total
[2023-11-16T05:32:03.143+0000][7][gc,age      ] GC(69) - age  10:     517616 bytes,    7666904 total
[2023-11-16T05:32:03.143+0000][7][gc,age      ] GC(69) - age  11:     437592 bytes,    8104496 total
[2023-11-16T05:32:03.143+0000][7][gc,age      ] GC(69) - age  12:    1016760 bytes,    9121256 total
[2023-11-16T05:32:03.143+0000][7][gc,age      ] GC(69) - age  13:     674808 bytes,    9796064 total
[2023-11-16T05:32:03.143+0000][7][gc,age      ] GC(69) - age  14:     146296 bytes,    9942360 total
[2023-11-16T05:32:03.143+0000][7][gc,age      ] GC(69) - age  15:     144328 bytes,   10086688 total
[2023-11-16T05:32:03.143+0000][7][gc,phases   ] GC(69)   Pre Evacuate Collection Set: 0.1ms
[2023-11-16T05:32:03.143+0000][7][gc,phases   ] GC(69)   Merge Heap Roots: 0.0ms
[2023-11-16T05:32:03.143+0000][7][gc,phases   ] GC(69)   Evacuate Collection Set: 3.5ms
[2023-11-16T05:32:03.143+0000][7][gc,phases   ] GC(69)   Post Evacuate Collection Set: 0.6ms
[2023-11-16T05:32:03.143+0000][7][gc,phases   ] GC(69)   Other: 0.3ms
[2023-11-16T05:32:03.143+0000][7][gc,heap     ] GC(69) Eden regions: 71->0(71)
[2023-11-16T05:32:03.143+0000][7][gc,heap     ] GC(69) Survivor regions: 3->3(10)
[2023-11-16T05:32:03.143+0000][7][gc,heap     ] GC(69) Old regions: 24->24
[2023-11-16T05:32:03.143+0000][7][gc,heap     ] GC(69) Archive regions: 2->2
[2023-11-16T05:32:03.143+0000][7][gc,heap     ] GC(69) Humongous regions: 5->5
[2023-11-16T05:32:03.143+0000][7][gc,metaspace] GC(69) Metaspace: 118233K(119936K)->118233K(119936K) NonClass: 102447K(103424K)->102447K(103424K) Class: 15785K(16512K)->15785K(16512K)
[2023-11-16T05:32:03.143+0000][7][gc          ] GC(69) Pause Young (Normal) (G1 Evacuation Pause) 414M->129M(512M) 4.610ms
[2023-11-16T05:32:03.143+0000][7][gc,cpu      ] GC(69) User=0.03s Sys=0.00s Real=0.00s
[2023-11-16T05:32:03.143+0000][7][safepoint   ] Safepoint "G1CollectForAllocation", Time since last: 1110929114 ns, Reaching safepoint: 106937 ns, At safepoint: 4673916 ns, Total: 4780853 ns
[2023-11-16T05:32:04.144+0000][7][safepoint   ] Safepoint "Cleanup", Time since last: 1000085587 ns, Reaching safepoint: 91524 ns, At safepoint: 5289 ns, Total: 96813 ns
[2023-11-16T05:32:05.144+0000][7][safepoint   ] Safepoint "Cleanup", Time since last: 1000213646 ns, Reaching safepoint: 132137 ns, At safepoint: 6590 ns, Total: 138727 ns
[2023-11-16T05:32:06.144+0000][7][safepoint   ] Safepoint "Cleanup", Time since last: 1000116245 ns, Reaching safepoint: 76511 ns, At safepoint: 11782 ns, Total: 88293 ns
[2023-11-16T05:32:08.145+0000][7][safepoint   ] Safepoint "Cleanup", Time since last: 2000295614 ns, Reaching safepoint: 87098 ns, At safepoint: 10537 ns, Total: 97635 ns
[2023-11-16T05:32:09.145+0000][7][safepoint   ] Safepoint "Cleanup", Time since last: 1000144991 ns, Reaching safepoint: 40668 ns, At safepoint: 7414 ns, Total: 48082 ns
[2023-11-16T05:32:11.145+0000][7][safepoint   ] Safepoint "Cleanup", Time since last: 2000368657 ns, Reaching safepoint: 118909 ns, At safepoint: 4529 ns, Total: 123438 ns
[2023-11-16T05:32:13.146+0000][7][safepoint   ] Safepoint "Cleanup", Time since last: 2000208158 ns, Reaching safepoint: 129138 ns, At safepoint: 7043 ns, Total: 136181 ns
[2023-11-16T05:32:14.146+0000][7][safepoint   ] Safepoint "Cleanup", Time since last: 1000118886 ns, Reaching safepoint: 78248 ns, At safepoint: 7101 ns, Total: 85349 ns
[2023-11-16T05:32:17.146+0000][7][safepoint   ] Safepoint "Cleanup", Time since last: 3000313458 ns, Reaching safepoint: 54478 ns, At safepoint: 6953 ns, Total: 61431 ns
[2023-11-16T05:32:19.146+0000][7][safepoint   ] Safepoint "Cleanup", Time since last: 2000190699 ns, Reaching safepoint: 100959 ns, At safepoint: 11957 ns, Total: 112916 ns
[2023-11-16T05:32:20.147+0000][7][safepoint   ] Safepoint "Cleanup", Time since last: 1000129011 ns, Reaching safepoint: 111383 ns, At safepoint: 12720 ns, Total: 124103 ns
[2023-11-16T05:32:21.147+0000][7][safepoint   ] Safepoint "Cleanup", Time since last: 1000197485 ns, Reaching safepoint: 81948 ns, At safepoint: 8075 ns, Total: 90023 ns
[2023-11-16T05:32:21.605+0000][7][gc,start    ] GC(70) Pause Young (Normal) (G1 Evacuation Pause)
[2023-11-16T05:32:21.605+0000][7][gc,task     ] GC(70) Using 8 workers of 8 for evacuation
[2023-11-16T05:32:21.605+0000][7][gc,age      ] GC(70) Desired survivor size 20971520 bytes, new threshold 15 (max threshold 15)
[2023-11-16T05:32:21.609+0000][7][gc,age      ] GC(70) Age table with threshold 15 (max threshold 15)
[2023-11-16T05:32:21.609+0000][7][gc,age      ] GC(70) - age   1:    2265192 bytes,    2265192 total
[2023-11-16T05:32:21.609+0000][7][gc,age      ] GC(70) - age   2:     664080 bytes,    2929272 total
[2023-11-16T05:32:21.609+0000][7][gc,age      ] GC(70) - age   3:     638872 bytes,    3568144 total
[2023-11-16T05:32:21.609+0000][7][gc,age      ] GC(70) - age   4:     252152 bytes,    3820296 total
[2023-11-16T05:32:21.609+0000][7][gc,age      ] GC(70) - age   5:     505896 bytes,    4326192 total
[2023-11-16T05:32:21.609+0000][7][gc,age      ] GC(70) - age   6:     559696 bytes,    4885888 total
[2023-11-16T05:32:21.609+0000][7][gc,age      ] GC(70) - age   7:     512392 bytes,    5398280 total
[2023-11-16T05:32:21.609+0000][7][gc,age      ] GC(70) - age   8:     708032 bytes,    6106312 total
[2023-11-16T05:32:21.609+0000][7][gc,age      ] GC(70) - age   9:     321560 bytes,    6427872 total
[2023-11-16T05:32:21.609+0000][7][gc,age      ] GC(70) - age  10:    1941736 bytes,    8369608 total
[2023-11-16T05:32:21.609+0000][7][gc,age      ] GC(70) - age  11:     517616 bytes,    8887224 total
[2023-11-16T05:32:21.609+0000][7][gc,age      ] GC(70) - age  12:     437592 bytes,    9324816 total
[2023-11-16T05:32:21.609+0000][7][gc,age      ] GC(70) - age  13:    1016760 bytes,   10341576 total
[2023-11-16T05:32:21.609+0000][7][gc,age      ] GC(70) - age  14:     674808 bytes,   11016384 total
[2023-11-16T05:32:21.609+0000][7][gc,age      ] GC(70) - age  15:     146296 bytes,   11162680 total
[2023-11-16T05:32:21.609+0000][7][gc,phases   ] GC(70)   Pre Evacuate Collection Set: 0.1ms
[2023-11-16T05:32:21.609+0000][7][gc,phases   ] GC(70)   Merge Heap Roots: 0.0ms
[2023-11-16T05:32:21.609+0000][7][gc,phases   ] GC(70)   Evacuate Collection Set: 3.4ms
[2023-11-16T05:32:21.609+0000][7][gc,phases   ] GC(70)   Post Evacuate Collection Set: 0.6ms
[2023-11-16T05:32:21.609+0000][7][gc,phases   ] GC(70)   Other: 0.3ms
[2023-11-16T05:32:21.609+0000][7][gc,heap     ] GC(70) Eden regions: 71->0(70)
[2023-11-16T05:32:21.609+0000][7][gc,heap     ] GC(70) Survivor regions: 3->3(10)
[2023-11-16T05:32:21.609+0000][7][gc,heap     ] GC(70) Old regions: 24->25
[2023-11-16T05:32:21.609+0000][7][gc,heap     ] GC(70) Archive regions: 2->2
[2023-11-16T05:32:21.609+0000][7][gc,heap     ] GC(70) Humongous regions: 5->5
[2023-11-16T05:32:21.609+0000][7][gc,metaspace] GC(70) Metaspace: 118257K(119936K)->118257K(119936K) NonClass: 102471K(103424K)->102471K(103424K) Class: 15785K(16512K)->15785K(16512K)
[2023-11-16T05:32:21.609+0000][7][gc          ] GC(70) Pause Young (Normal) (G1 Evacuation Pause) 413M->130M(512M) 4.531ms
[2023-11-16T05:32:21.609+0000][7][gc,cpu      ] GC(70) User=0.03s Sys=0.00s Real=0.01s
[2023-11-16T05:32:21.609+0000][7][safepoint   ] Safepoint "G1CollectForAllocation", Time since last: 457540357 ns, Reaching safepoint: 55248 ns, At safepoint: 4647188 ns, Total: 4702436 ns
[2023-11-16T05:32:22.610+0000][7][safepoint   ] Safepoint "Cleanup", Time since last: 1000356587 ns, Reaching safepoint: 94000 ns, At safepoint: 7016 ns, Total: 101016 ns
[2023-11-16T05:32:23.610+0000][7][safepoint   ] Safepoint "Cleanup", Time since last: 1000090329 ns, Reaching safepoint: 81004 ns, At safepoint: 4278 ns, Total: 85282 ns
[2023-11-16T05:32:24.610+0000][7][safepoint   ] Safepoint "Cleanup", Time since last: 1000231642 ns, Reaching safepoint: 78515 ns, At safepoint: 3894 ns, Total: 82409 ns
[2023-11-16T05:32:25.610+0000][7][safepoint   ] Safepoint "Cleanup", Time since last: 1000167876 ns, Reaching safepoint: 104541 ns, At safepoint: 14357 ns, Total: 118898 ns
[2023-11-16T05:32:26.611+0000][7][safepoint   ] Safepoint "Cleanup", Time since last: 1000153834 ns, Reaching safepoint: 115898 ns, At safepoint: 5270 ns, Total: 121168 ns
[2023-11-16T05:32:28.612+0000][7][safepoint   ] Safepoint "Cleanup", Time since last: 2000772678 ns, Reaching safepoint: 70074 ns, At safepoint: 6220 ns, Total: 76294 ns
[2023-11-16T05:32:29.612+0000][7][safepoint   ] Safepoint "Cleanup", Time since last: 1000192092 ns, Reaching safepoint: 34290 ns, At safepoint: 5962 ns, Total: 40252 ns
[2023-11-16T05:32:31.612+0000][7][safepoint   ] Safepoint "Cleanup", Time since last: 2000234447 ns, Reaching safepoint: 29039 ns, At safepoint: 32043 ns, Total: 61082 ns
[2023-11-16T05:32:33.612+0000][7][safepoint   ] Safepoint "Cleanup", Time since last: 2000209691 ns, Reaching safepoint: 78419 ns, At safepoint: 4087 ns, Total: 82506 ns
[2023-11-16T05:32:34.613+0000][7][safepoint   ] Safepoint "Cleanup", Time since last: 1000120964 ns, Reaching safepoint: 66962 ns, At safepoint: 4681 ns, Total: 71643 ns
[2023-11-16T05:32:36.613+0000][7][safepoint   ] Safepoint "Cleanup", Time since last: 2000173232 ns, Reaching safepoint: 53138 ns, At safepoint: 21224 ns, Total: 74362 ns
[2023-11-16T05:32:37.613+0000][7][safepoint   ] Safepoint "Cleanup", Time since last: 1000137555 ns, Reaching safepoint: 74236 ns, At safepoint: 11408 ns, Total: 85644 ns
[2023-11-16T05:32:38.613+0000][7][safepoint   ] Safepoint "Cleanup", Time since last: 1000109152 ns, Reaching safepoint: 61081 ns, At safepoint: 3139 ns, Total: 64220 ns
[2023-11-16T05:32:40.312+0000][7][gc,start    ] GC(71) Pause Young (Normal) (G1 Evacuation Pause)
[2023-11-16T05:32:40.312+0000][7][gc,task     ] GC(71) Using 8 workers of 8 for evacuation
[2023-11-16T05:32:40.312+0000][7][gc,age      ] GC(71) Desired survivor size 20971520 bytes, new threshold 15 (max threshold 15)
[2023-11-16T05:32:40.317+0000][7][gc,age      ] GC(71) Age table with threshold 15 (max threshold 15)
[2023-11-16T05:32:40.317+0000][7][gc,age      ] GC(71) - age   1:    1644568 bytes,    1644568 total
[2023-11-16T05:32:40.317+0000][7][gc,age      ] GC(71) - age   2:    1191576 bytes,    2836144 total
[2023-11-16T05:32:40.317+0000][7][gc,age      ] GC(71) - age   3:     472232 bytes,    3308376 total
[2023-11-16T05:32:40.317+0000][7][gc,age      ] GC(71) - age   4:     604312 bytes,    3912688 total
[2023-11-16T05:32:40.317+0000][7][gc,age      ] GC(71) - age   5:     251928 bytes,    4164616 total
[2023-11-16T05:32:40.317+0000][7][gc,age      ] GC(71) - age   6:     505760 bytes,    4670376 total
[2023-11-16T05:32:40.317+0000][7][gc,age      ] GC(71) - age   7:     412744 bytes,    5083120 total
[2023-11-16T05:32:40.317+0000][7][gc,age      ] GC(71) - age   8:     381176 bytes,    5464296 total
[2023-11-16T05:32:40.317+0000][7][gc,age      ] GC(71) - age   9:     708032 bytes,    6172328 total
[2023-11-16T05:32:40.317+0000][7][gc,age      ] GC(71) - age  10:     321560 bytes,    6493888 total
[2023-11-16T05:32:40.317+0000][7][gc,age      ] GC(71) - age  11:    1941672 bytes,    8435560 total
[2023-11-16T05:32:40.317+0000][7][gc,age      ] GC(71) - age  12:     517616 bytes,    8953176 total
[2023-11-16T05:32:40.317+0000][7][gc,age      ] GC(71) - age  13:     437592 bytes,    9390768 total
[2023-11-16T05:32:40.317+0000][7][gc,age      ] GC(71) - age  14:    1016760 bytes,   10407528 total
[2023-11-16T05:32:40.317+0000][7][gc,age      ] GC(71) - age  15:     674808 bytes,   11082336 total
[2023-11-16T05:32:40.317+0000][7][gc,phases   ] GC(71)   Pre Evacuate Collection Set: 0.1ms
[2023-11-16T05:32:40.317+0000][7][gc,phases   ] GC(71)   Merge Heap Roots: 0.0ms
[2023-11-16T05:32:40.317+0000][7][gc,phases   ] GC(71)   Evacuate Collection Set: 4.1ms
[2023-11-16T05:32:40.317+0000][7][gc,phases   ] GC(71)   Post Evacuate Collection Set: 0.7ms
[2023-11-16T05:32:40.317+0000][7][gc,phases   ] GC(71)   Other: 0.3ms
[2023-11-16T05:32:40.317+0000][7][gc,heap     ] GC(71) Eden regions: 70->0(70)
[2023-11-16T05:32:40.317+0000][7][gc,heap     ] GC(71) Survivor regions: 3->3(10)
[2023-11-16T05:32:40.317+0000][7][gc,heap     ] GC(71) Old regions: 25->25
[2023-11-16T05:32:40.317+0000][7][gc,heap     ] GC(71) Archive regions: 2->2
[2023-11-16T05:32:40.317+0000][7][gc,heap     ] GC(71) Humongous regions: 5->5
[2023-11-16T05:32:40.317+0000][7][gc,metaspace] GC(71) Metaspace: 118291K(120000K)->118291K(120000K) NonClass: 102505K(103488K)->102505K(103488K) Class: 15785K(16512K)->15785K(16512K)
[2023-11-16T05:32:40.317+0000][7][gc          ] GC(71) Pause Young (Normal) (G1 Evacuation Pause) 410M->131M(512M) 5.260ms
[2023-11-16T05:32:40.317+0000][7][gc,cpu      ] GC(71) User=0.04s Sys=0.00s Real=0.00s
[2023-11-16T05:32:40.317+0000][7][safepoint   ] Safepoint "G1CollectForAllocation", Time since last: 1698283536 ns, Reaching safepoint: 58016 ns, At safepoint: 5350619 ns, Total: 5408635 ns
[2023-11-16T05:32:41.317+0000][7][safepoint   ] Safepoint "Cleanup", Time since last: 1000315889 ns, Reaching safepoint: 74033 ns, At safepoint: 6174 ns, Total: 80207 ns
[2023-11-16T05:32:44.318+0000][7][safepoint   ] Safepoint "Cleanup", Time since last: 3000528791 ns, Reaching safepoint: 62368 ns, At safepoint: 5030 ns, Total: 67398 ns
[2023-11-16T05:32:47.318+0000][7][safepoint   ] Safepoint "Cleanup", Time since last: 3000462933 ns, Reaching safepoint: 88060 ns, At safepoint: 6589 ns, Total: 94649 ns
[2023-11-16T05:32:48.319+0000][7][safepoint   ] Safepoint "Cleanup", Time since last: 1000394899 ns, Reaching safepoint: 51385 ns, At safepoint: 7733 ns, Total: 59118 ns
[2023-11-16T05:32:49.319+0000][7][safepoint   ] Safepoint "Cleanup", Time since last: 1000170015 ns, Reaching safepoint: 87485 ns, At safepoint: 5144 ns, Total: 92629 ns
[2023-11-16T05:32:50.319+0000][7][safepoint   ] Safepoint "Cleanup", Time since last: 1000094976 ns, Reaching safepoint: 37267 ns, At safepoint: 4105 ns, Total: 41372 ns
[2023-11-16T05:32:51.319+0000][7][safepoint   ] Safepoint "Cleanup", Time since last: 1000109315 ns, Reaching safepoint: 42060 ns, At safepoint: 4480 ns, Total: 46540 ns
[2023-11-16T05:32:53.320+0000][7][safepoint   ] Safepoint "Cleanup", Time since last: 2000574238 ns, Reaching safepoint: 157701 ns, At safepoint: 10231 ns, Total: 167932 ns
[2023-11-16T05:32:54.321+0000][7][safepoint   ] Safepoint "Cleanup", Time since last: 1000379038 ns, Reaching safepoint: 164125 ns, At safepoint: 7322 ns, Total: 171447 ns
[2023-11-16T05:32:56.322+0000][7][safepoint   ] Safepoint "Cleanup", Time since last: 2000438447 ns, Reaching safepoint: 258368 ns, At safepoint: 17583 ns, Total: 275951 ns
[2023-11-16T05:32:58.527+0000][7][gc,start    ] GC(72) Pause Young (Normal) (G1 Evacuation Pause)
[2023-11-16T05:32:58.527+0000][7][gc,task     ] GC(72) Using 8 workers of 8 for evacuation
[2023-11-16T05:32:58.527+0000][7][gc,age      ] GC(72) Desired survivor size 20971520 bytes, new threshold 15 (max threshold 15)
[2023-11-16T05:32:58.539+0000][7][gc,age      ] GC(72) Age table with threshold 15 (max threshold 15)
[2023-11-16T05:32:58.539+0000][7][gc,age      ] GC(72) - age   1:    1567576 bytes,    1567576 total
[2023-11-16T05:32:58.539+0000][7][gc,age      ] GC(72) - age   2:    1066624 bytes,    2634200 total
[2023-11-16T05:32:58.539+0000][7][gc,age      ] GC(72) - age   3:     827472 bytes,    3461672 total
[2023-11-16T05:32:58.539+0000][7][gc,age      ] GC(72) - age   4:     350168 bytes,    3811840 total
[2023-11-16T05:32:58.539+0000][7][gc,age      ] GC(72) - age   5:     603752 bytes,    4415592 total
[2023-11-16T05:32:58.539+0000][7][gc,age      ] GC(72) - age   6:     250680 bytes,    4666272 total
[2023-11-16T05:32:58.539+0000][7][gc,age      ] GC(72) - age   7:     505088 bytes,    5171360 total
[2023-11-16T05:32:58.539+0000][7][gc,age      ] GC(72) - age   8:     412240 bytes,    5583600 total
[2023-11-16T05:32:58.539+0000][7][gc,age      ] GC(72) - age   9:     380768 bytes,    5964368 total
[2023-11-16T05:32:58.539+0000][7][gc,age      ] GC(72) - age  10:     708032 bytes,    6672400 total
[2023-11-16T05:32:58.539+0000][7][gc,age      ] GC(72) - age  11:     321560 bytes,    6993960 total
[2023-11-16T05:32:58.539+0000][7][gc,age      ] GC(72) - age  12:    1941672 bytes,    8935632 total
[2023-11-16T05:32:58.539+0000][7][gc,age      ] GC(72) - age  13:     517616 bytes,    9453248 total
[2023-11-16T05:32:58.539+0000][7][gc,age      ] GC(72) - age  14:     437448 bytes,    9890696 total
[2023-11-16T05:32:58.539+0000][7][gc,age      ] GC(72) - age  15:    1016760 bytes,   10907456 total
[2023-11-16T05:32:58.540+0000][7][gc,phases   ] GC(72)   Pre Evacuate Collection Set: 0.1ms
[2023-11-16T05:32:58.540+0000][7][gc,phases   ] GC(72)   Merge Heap Roots: 0.0ms
[2023-11-16T05:32:58.540+0000][7][gc,phases   ] GC(72)   Evacuate Collection Set: 11.6ms
[2023-11-16T05:32:58.540+0000][7][gc,phases   ] GC(72)   Post Evacuate Collection Set: 0.5ms
[2023-11-16T05:32:58.540+0000][7][gc,phases   ] GC(72)   Other: 0.2ms
[2023-11-16T05:32:58.540+0000][7][gc,heap     ] GC(72) Eden regions: 70->0(70)
[2023-11-16T05:32:58.540+0000][7][gc,heap     ] GC(72) Survivor regions: 3->3(10)
[2023-11-16T05:32:58.540+0000][7][gc,heap     ] GC(72) Old regions: 25->25
[2023-11-16T05:32:58.540+0000][7][gc,heap     ] GC(72) Archive regions: 2->2
[2023-11-16T05:32:58.540+0000][7][gc,heap     ] GC(72) Humongous regions: 5->5
[2023-11-16T05:32:58.540+0000][7][gc,metaspace] GC(72) Metaspace: 118297K(120000K)->118297K(120000K) NonClass: 102512K(103488K)->102512K(103488K) Class: 15785K(16512K)->15785K(16512K)
[2023-11-16T05:32:58.540+0000][7][gc          ] GC(72) Pause Young (Normal) (G1 Evacuation Pause) 411M->131M(512M) 12.508ms
[2023-11-16T05:32:58.540+0000][7][gc,cpu      ] GC(72) User=0.03s Sys=0.00s Real=0.02s
[2023-11-16T05:32:58.540+0000][7][safepoint   ] Safepoint "G1CollectForAllocation", Time since last: 2205505143 ns, Reaching safepoint: 50850 ns, At safepoint: 12569995 ns, Total: 12620845 ns
[2023-11-16T05:32:59.540+0000][7][safepoint   ] Safepoint "Cleanup", Time since last: 1000088510 ns, Reaching safepoint: 35433 ns, At safepoint: 3621 ns, Total: 39054 ns
[2023-11-16T05:33:01.540+0000][7][safepoint   ] Safepoint "Cleanup", Time since last: 2000177111 ns, Reaching safepoint: 56154 ns, At safepoint: 50052 ns, Total: 106206 ns
[2023-11-16T05:33:03.540+0000][7][safepoint   ] Safepoint "Cleanup", Time since last: 2000227801 ns, Reaching safepoint: 40978 ns, At safepoint: 5582 ns, Total: 46560 ns
[2023-11-16T05:33:04.541+0000][7][safepoint   ] Safepoint "Cleanup", Time since last: 1000114302 ns, Reaching safepoint: 100677 ns, At safepoint: 23370 ns, Total: 124047 ns
[2023-11-16T05:33:06.541+0000][7][safepoint   ] Safepoint "Cleanup", Time since last: 2000406250 ns, Reaching safepoint: 54750 ns, At safepoint: 29337 ns, Total: 84087 ns
[2023-11-16T05:33:07.541+0000][7][safepoint   ] Safepoint "Cleanup", Time since last: 1000235623 ns, Reaching safepoint: 40311 ns, At safepoint: 26798 ns, Total: 67109 ns
[2023-11-16T05:33:08.542+0000][7][safepoint   ] Safepoint "Cleanup", Time since last: 1000216910 ns, Reaching safepoint: 137812 ns, At safepoint: 11292 ns, Total: 149104 ns
[2023-11-16T05:33:10.542+0000][7][safepoint   ] Safepoint "Cleanup", Time since last: 2000231728 ns, Reaching safepoint: 106347 ns, At safepoint: 8661 ns, Total: 115008 ns
[2023-11-16T05:33:11.542+0000][7][safepoint   ] Safepoint "Cleanup", Time since last: 1000159009 ns, Reaching safepoint: 84047 ns, At safepoint: 7217 ns, Total: 91264 ns
[2023-11-16T05:33:13.543+0000][7][safepoint   ] Safepoint "Cleanup", Time since last: 2000167020 ns, Reaching safepoint: 33274 ns, At safepoint: 5157 ns, Total: 38431 ns
[2023-11-16T05:33:16.543+0000][7][safepoint   ] Safepoint "Cleanup", Time since last: 3000525250 ns, Reaching safepoint: 75703 ns, At safepoint: 8317 ns, Total: 84020 ns
[2023-11-16T05:33:16.553+0000][7][gc,start    ] GC(73) Pause Young (Normal) (G1 Evacuation Pause)
[2023-11-16T05:33:16.554+0000][7][gc,task     ] GC(73) Using 8 workers of 8 for evacuation
[2023-11-16T05:33:16.554+0000][7][gc,age      ] GC(73) Desired survivor size 20971520 bytes, new threshold 15 (max threshold 15)
[2023-11-16T05:33:16.566+0000][7][gc,age      ] GC(73) Age table with threshold 15 (max threshold 15)
[2023-11-16T05:33:16.566+0000][7][gc,age      ] GC(73) - age   1:    1477312 bytes,    1477312 total
[2023-11-16T05:33:16.566+0000][7][gc,age      ] GC(73) - age   2:     667432 bytes,    2144744 total
[2023-11-16T05:33:16.566+0000][7][gc,age      ] GC(73) - age   3:     772512 bytes,    2917256 total
[2023-11-16T05:33:16.566+0000][7][gc,age      ] GC(73) - age   4:     783984 bytes,    3701240 total
[2023-11-16T05:33:16.566+0000][7][gc,age      ] GC(73) - age   5:     349736 bytes,    4050976 total
[2023-11-16T05:33:16.566+0000][7][gc,age      ] GC(73) - age   6:     603464 bytes,    4654440 total
[2023-11-16T05:33:16.566+0000][7][gc,age      ] GC(73) - age   7:     250352 bytes,    4904792 total
[2023-11-16T05:33:16.566+0000][7][gc,age      ] GC(73) - age   8:     504712 bytes,    5409504 total
[2023-11-16T05:33:16.566+0000][7][gc,age      ] GC(73) - age   9:     412176 bytes,    5821680 total
[2023-11-16T05:33:16.566+0000][7][gc,age      ] GC(73) - age  10:     380768 bytes,    6202448 total
[2023-11-16T05:33:16.566+0000][7][gc,age      ] GC(73) - age  11:     708032 bytes,    6910480 total
[2023-11-16T05:33:16.566+0000][7][gc,age      ] GC(73) - age  12:     321560 bytes,    7232040 total
[2023-11-16T05:33:16.566+0000][7][gc,age      ] GC(73) - age  13:    1941608 bytes,    9173648 total
[2023-11-16T05:33:16.566+0000][7][gc,age      ] GC(73) - age  14:     517616 bytes,    9691264 total
[2023-11-16T05:33:16.566+0000][7][gc,age      ] GC(73) - age  15:     437448 bytes,   10128712 total
[2023-11-16T05:33:16.566+0000][7][gc,phases   ] GC(73)   Pre Evacuate Collection Set: 0.1ms
[2023-11-16T05:33:16.567+0000][7][gc,phases   ] GC(73)   Merge Heap Roots: 0.1ms
[2023-11-16T05:33:16.567+0000][7][gc,phases   ] GC(73)   Evacuate Collection Set: 12.0ms
[2023-11-16T05:33:16.567+0000][7][gc,phases   ] GC(73)   Post Evacuate Collection Set: 0.6ms
[2023-11-16T05:33:16.567+0000][7][gc,phases   ] GC(73)   Other: 0.3ms
[2023-11-16T05:33:16.567+0000][7][gc,heap     ] GC(73) Eden regions: 70->0(70)
[2023-11-16T05:33:16.567+0000][7][gc,heap     ] GC(73) Survivor regions: 3->3(10)
[2023-11-16T05:33:16.567+0000][7][gc,heap     ] GC(73) Old regions: 25->25
[2023-11-16T05:33:16.567+0000][7][gc,heap     ] GC(73) Archive regions: 2->2
[2023-11-16T05:33:16.567+0000][7][gc,heap     ] GC(73) Humongous regions: 5->5
[2023-11-16T05:33:16.567+0000][7][gc,metaspace] GC(73) Metaspace: 118310K(120000K)->118310K(120000K) NonClass: 102524K(103488K)->102524K(103488K) Class: 15785K(16512K)->15785K(16512K)
[2023-11-16T05:33:16.567+0000][7][gc          ] GC(73) Pause Young (Normal) (G1 Evacuation Pause) 411M->131M(512M) 13.159ms
[2023-11-16T05:33:16.567+0000][7][gc,cpu      ] GC(73) User=0.04s Sys=0.00s Real=0.01s
[2023-11-16T05:33:16.567+0000][7][safepoint   ] Safepoint "G1CollectForAllocation", Time since last: 10230139 ns, Reaching safepoint: 43167 ns, At safepoint: 13252033 ns, Total: 13295200 ns
[2023-11-16T05:33:17.567+0000][7][safepoint   ] Safepoint "Cleanup", Time since last: 1000328222 ns, Reaching safepoint: 83486 ns, At safepoint: 23487 ns, Total: 106973 ns
[2023-11-16T05:33:18.567+0000][7][safepoint   ] Safepoint "Cleanup", Time since last: 1000342262 ns, Reaching safepoint: 37177 ns, At safepoint: 6303 ns, Total: 43480 ns
[2023-11-16T05:33:20.223+0000][7][safepoint   ] Safepoint "Cleanup", Time since last: 1655510327 ns, Reaching safepoint: 48174 ns, At safepoint: 35641 ns, Total: 83815 ns
[2023-11-16T05:33:21.223+0000][7][safepoint   ] Safepoint "Cleanup", Time since last: 1000346530 ns, Reaching safepoint: 56988 ns, At safepoint: 4581 ns, Total: 61569 ns
[2023-11-16T05:33:22.224+0000][7][safepoint   ] Safepoint "Cleanup", Time since last: 1000102482 ns, Reaching safepoint: 54123 ns, At safepoint: 6837 ns, Total: 60960 ns
[2023-11-16T05:33:23.224+0000][7][safepoint   ] Safepoint "Cleanup", Time since last: 1000128247 ns, Reaching safepoint: 67810 ns, At safepoint: 9148 ns, Total: 76958 ns
[2023-11-16T05:33:24.224+0000][7][safepoint   ] Safepoint "Cleanup", Time since last: 1000336472 ns, Reaching safepoint: 48171 ns, At safepoint: 24520 ns, Total: 72691 ns
[2023-11-16T05:33:26.228+0000][7][safepoint   ] Safepoint "Cleanup", Time since last: 2000467784 ns, Reaching safepoint: 3316358 ns, At safepoint: 43912 ns, Total: 3360270 ns
[2023-11-16T05:33:29.229+0000][7][safepoint   ] Safepoint "Cleanup", Time since last: 3000716565 ns, Reaching safepoint: 31621 ns, At safepoint: 5672 ns, Total: 37293 ns
[2023-11-16T05:33:31.229+0000][7][safepoint   ] Safepoint "Cleanup", Time since last: 2000314300 ns, Reaching safepoint: 29071 ns, At safepoint: 45085 ns, Total: 74156 ns
[2023-11-16T05:33:32.229+0000][7][safepoint   ] Safepoint "Cleanup", Time since last: 1000083885 ns, Reaching safepoint: 58535 ns, At safepoint: 4978 ns, Total: 63513 ns
[2023-11-16T05:33:34.070+0000][7][gc,start    ] GC(74) Pause Young (Normal) (G1 Evacuation Pause)
[2023-11-16T05:33:34.070+0000][7][gc,task     ] GC(74) Using 8 workers of 8 for evacuation
[2023-11-16T05:33:34.070+0000][7][gc,age      ] GC(74) Desired survivor size 20971520 bytes, new threshold 15 (max threshold 15)
[2023-11-16T05:33:34.079+0000][7][gc,age      ] GC(74) Age table with threshold 15 (max threshold 15)
[2023-11-16T05:33:34.079+0000][7][gc,age      ] GC(74) - age   1:    1694368 bytes,    1694368 total
[2023-11-16T05:33:34.079+0000][7][gc,age      ] GC(74) - age   2:     769560 bytes,    2463928 total
[2023-11-16T05:33:34.079+0000][7][gc,age      ] GC(74) - age   3:     245480 bytes,    2709408 total
[2023-11-16T05:33:34.079+0000][7][gc,age      ] GC(74) - age   4:     545568 bytes,    3254976 total
[2023-11-16T05:33:34.079+0000][7][gc,age      ] GC(74) - age   5:     335192 bytes,    3590168 total
[2023-11-16T05:33:34.079+0000][7][gc,age      ] GC(74) - age   6:     349096 bytes,    3939264 total
[2023-11-16T05:33:34.079+0000][7][gc,age      ] GC(74) - age   7:     603400 bytes,    4542664 total
[2023-11-16T05:33:34.079+0000][7][gc,age      ] GC(74) - age   8:     250288 bytes,    4792952 total
[2023-11-16T05:33:34.079+0000][7][gc,age      ] GC(74) - age   9:     504680 bytes,    5297632 total
[2023-11-16T05:33:34.080+0000][7][gc,age      ] GC(74) - age  10:     412176 bytes,    5709808 total
[2023-11-16T05:33:34.080+0000][7][gc,age      ] GC(74) - age  11:     380336 bytes,    6090144 total
[2023-11-16T05:33:34.080+0000][7][gc,age      ] GC(74) - age  12:     708032 bytes,    6798176 total
[2023-11-16T05:33:34.080+0000][7][gc,age      ] GC(74) - age  13:     321248 bytes,    7119424 total
[2023-11-16T05:33:34.080+0000][7][gc,age      ] GC(74) - age  14:    1941608 bytes,    9061032 total
[2023-11-16T05:33:34.080+0000][7][gc,age      ] GC(74) - age  15:     517552 bytes,    9578584 total
[2023-11-16T05:33:34.080+0000][7][gc,phases   ] GC(74)   Pre Evacuate Collection Set: 0.1ms
[2023-11-16T05:33:34.080+0000][7][gc,phases   ] GC(74)   Merge Heap Roots: 0.0ms
[2023-11-16T05:33:34.080+0000][7][gc,phases   ] GC(74)   Evacuate Collection Set: 8.3ms
[2023-11-16T05:33:34.080+0000][7][gc,phases   ] GC(74)   Post Evacuate Collection Set: 0.5ms
[2023-11-16T05:33:34.080+0000][7][gc,phases   ] GC(74)   Other: 0.3ms
[2023-11-16T05:33:34.080+0000][7][gc,heap     ] GC(74) Eden regions: 70->0(70)
[2023-11-16T05:33:34.080+0000][7][gc,heap     ] GC(74) Survivor regions: 3->3(10)
[2023-11-16T05:33:34.080+0000][7][gc,heap     ] GC(74) Old regions: 25->25
[2023-11-16T05:33:34.080+0000][7][gc,heap     ] GC(74) Archive regions: 2->2
[2023-11-16T05:33:34.080+0000][7][gc,heap     ] GC(74) Humongous regions: 5->5
[2023-11-16T05:33:34.080+0000][7][gc,metaspace] GC(74) Metaspace: 118319K(120000K)->118319K(120000K) NonClass: 102534K(103488K)->102534K(103488K) Class: 15785K(16512K)->15785K(16512K)
[2023-11-16T05:33:34.080+0000][7][gc          ] GC(74) Pause Young (Normal) (G1 Evacuation Pause) 411M->131M(512M) 9.236ms
[2023-11-16T05:33:34.080+0000][7][gc,cpu      ] GC(74) User=0.03s Sys=0.01s Real=0.01s
[2023-11-16T05:33:34.080+0000][7][safepoint   ] Safepoint "G1CollectForAllocation", Time since last: 1840891064 ns, Reaching safepoint: 103165 ns, At safepoint: 9307877 ns, Total: 9411042 ns
[2023-11-16T05:33:35.080+0000][7][safepoint   ] Safepoint "Cleanup", Time since last: 1000190713 ns, Reaching safepoint: 94609 ns, At safepoint: 11081 ns, Total: 105690 ns
[2023-11-16T05:33:36.080+0000][7][safepoint   ] Safepoint "Cleanup", Time since last: 1000143335 ns, Reaching safepoint: 82304 ns, At safepoint: 10011 ns, Total: 92315 ns
[2023-11-16T05:33:38.081+0000][7][safepoint   ] Safepoint "Cleanup", Time since last: 2000352383 ns, Reaching safepoint: 78726 ns, At safepoint: 8233 ns, Total: 86959 ns
[2023-11-16T05:33:39.081+0000][7][safepoint   ] Safepoint "Cleanup", Time since last: 1000090470 ns, Reaching safepoint: 34396 ns, At safepoint: 5955 ns, Total: 40351 ns
[2023-11-16T05:33:41.081+0000][7][safepoint   ] Safepoint "Cleanup", Time since last: 2000174707 ns, Reaching safepoint: 69265 ns, At safepoint: 12126 ns, Total: 81391 ns
[2023-11-16T05:33:44.081+0000][7][safepoint   ] Safepoint "Cleanup", Time since last: 3000305351 ns, Reaching safepoint: 60572 ns, At safepoint: 7168 ns, Total: 67740 ns
[2023-11-16T05:33:46.082+0000][7][safepoint   ] Safepoint "Cleanup", Time since last: 2000354721 ns, Reaching safepoint: 138667 ns, At safepoint: 10126 ns, Total: 148793 ns
[2023-11-16T05:33:47.082+0000][7][safepoint   ] Safepoint "Cleanup", Time since last: 1000108956 ns, Reaching safepoint: 56184 ns, At safepoint: 3773 ns, Total: 59957 ns
[2023-11-16T05:33:49.082+0000][7][safepoint   ] Safepoint "Cleanup", Time since last: 2000195888 ns, Reaching safepoint: 121423 ns, At safepoint: 18744 ns, Total: 140167 ns
[2023-11-16T05:33:49.730+0000][7][gc,start    ] GC(75) Pause Young (Normal) (G1 Evacuation Pause)
[2023-11-16T05:33:49.730+0000][7][gc,task     ] GC(75) Using 8 workers of 8 for evacuation
[2023-11-16T05:33:49.730+0000][7][gc,age      ] GC(75) Desired survivor size 20971520 bytes, new threshold 15 (max threshold 15)
[2023-11-16T05:33:49.739+0000][7][gc,age      ] GC(75) Age table with threshold 15 (max threshold 15)
[2023-11-16T05:33:49.739+0000][7][gc,age      ] GC(75) - age   1:    1223376 bytes,    1223376 total
[2023-11-16T05:33:49.740+0000][7][gc,age      ] GC(75) - age   2:    1485056 bytes,    2708432 total
[2023-11-16T05:33:49.740+0000][7][gc,age      ] GC(75) - age   3:     320008 bytes,    3028440 total
[2023-11-16T05:33:49.740+0000][7][gc,age      ] GC(75) - age   4:     244784 bytes,    3273224 total
[2023-11-16T05:33:49.740+0000][7][gc,age      ] GC(75) - age   5:     545312 bytes,    3818536 total
[2023-11-16T05:33:49.740+0000][7][gc,age      ] GC(75) - age   6:     335128 bytes,    4153664 total
[2023-11-16T05:33:49.740+0000][7][gc,age      ] GC(75) - age   7:     348968 bytes,    4502632 total
[2023-11-16T05:33:49.740+0000][7][gc,age      ] GC(75) - age   8:     603272 bytes,    5105904 total
[2023-11-16T05:33:49.740+0000][7][gc,age      ] GC(75) - age   9:     250288 bytes,    5356192 total
[2023-11-16T05:33:49.740+0000][7][gc,age      ] GC(75) - age  10:     504488 bytes,    5860680 total
[2023-11-16T05:33:49.740+0000][7][gc,age      ] GC(75) - age  11:     412112 bytes,    6272792 total
[2023-11-16T05:33:49.740+0000][7][gc,age      ] GC(75) - age  12:     380336 bytes,    6653128 total
[2023-11-16T05:33:49.740+0000][7][gc,age      ] GC(75) - age  13:     708032 bytes,    7361160 total
[2023-11-16T05:33:49.740+0000][7][gc,age      ] GC(75) - age  14:     321248 bytes,    7682408 total
[2023-11-16T05:33:49.740+0000][7][gc,age      ] GC(75) - age  15:    1941576 bytes,    9623984 total
[2023-11-16T05:33:49.740+0000][7][gc,phases   ] GC(75)   Pre Evacuate Collection Set: 0.1ms
[2023-11-16T05:33:49.740+0000][7][gc,phases   ] GC(75)   Merge Heap Roots: 0.0ms
[2023-11-16T05:33:49.740+0000][7][gc,phases   ] GC(75)   Evacuate Collection Set: 9.0ms
[2023-11-16T05:33:49.740+0000][7][gc,phases   ] GC(75)   Post Evacuate Collection Set: 0.6ms
[2023-11-16T05:33:49.740+0000][7][gc,phases   ] GC(75)   Other: 0.2ms
[2023-11-16T05:33:49.740+0000][7][gc,heap     ] GC(75) Eden regions: 70->0(70)
[2023-11-16T05:33:49.740+0000][7][gc,heap     ] GC(75) Survivor regions: 3->3(10)
[2023-11-16T05:33:49.740+0000][7][gc,heap     ] GC(75) Old regions: 25->25
[2023-11-16T05:33:49.740+0000][7][gc,heap     ] GC(75) Archive regions: 2->2
[2023-11-16T05:33:49.740+0000][7][gc,heap     ] GC(75) Humongous regions: 5->5
[2023-11-16T05:33:49.740+0000][7][gc,metaspace] GC(75) Metaspace: 118334K(120000K)->118334K(120000K) NonClass: 102549K(103488K)->102549K(103488K) Class: 15785K(16512K)->15785K(16512K)
[2023-11-16T05:33:49.740+0000][7][gc          ] GC(75) Pause Young (Normal) (G1 Evacuation Pause) 411M->132M(512M) 9.936ms
[2023-11-16T05:33:49.740+0000][7][gc,cpu      ] GC(75) User=0.02s Sys=0.00s Real=0.01s
[2023-11-16T05:33:49.740+0000][7][safepoint   ] Safepoint "G1CollectForAllocation", Time since last: 647214060 ns, Reaching safepoint: 67158 ns, At safepoint: 9997531 ns, Total: 10064689 ns
[2023-11-16T05:33:51.740+0000][7][safepoint   ] Safepoint "Cleanup", Time since last: 2000130431 ns, Reaching safepoint: 63310 ns, At safepoint: 4625 ns, Total: 67935 ns
[2023-11-16T05:33:52.740+0000][7][safepoint   ] Safepoint "Cleanup", Time since last: 1000090094 ns, Reaching safepoint: 114230 ns, At safepoint: 29906 ns, Total: 144136 ns
[2023-11-16T05:33:53.740+0000][7][safepoint   ] Safepoint "Cleanup", Time since last: 1000152523 ns, Reaching safepoint: 146744 ns, At safepoint: 3220 ns, Total: 149964 ns
[2023-11-16T05:33:54.741+0000][7][safepoint   ] Safepoint "Cleanup", Time since last: 1000202171 ns, Reaching safepoint: 70510 ns, At safepoint: 24844 ns, Total: 95354 ns
[2023-11-16T05:33:55.741+0000][7][safepoint   ] Safepoint "Cleanup", Time since last: 1000111090 ns, Reaching safepoint: 39845 ns, At safepoint: 5445 ns, Total: 45290 ns
[2023-11-16T05:33:56.741+0000][7][safepoint   ] Safepoint "Cleanup", Time since last: 1000340259 ns, Reaching safepoint: 48659 ns, At safepoint: 23771 ns, Total: 72430 ns
[2023-11-16T05:33:58.742+0000][7][safepoint   ] Safepoint "Cleanup", Time since last: 2000231259 ns, Reaching safepoint: 161231 ns, At safepoint: 28460 ns, Total: 189691 ns
[2023-11-16T05:34:01.742+0000][7][safepoint   ] Safepoint "Cleanup", Time since last: 3000527137 ns, Reaching safepoint: 47608 ns, At safepoint: 5747 ns, Total: 53355 ns
[2023-11-16T05:34:03.743+0000][7][safepoint   ] Safepoint "Cleanup", Time since last: 2000234824 ns, Reaching safepoint: 77377 ns, At safepoint: 24664 ns, Total: 102041 ns
[2023-11-16T05:34:04.743+0000][7][safepoint   ] Safepoint "Cleanup", Time since last: 1000087941 ns, Reaching safepoint: 33234 ns, At safepoint: 37929 ns, Total: 71163 ns
[2023-11-16T05:34:06.743+0000][7][safepoint   ] Safepoint "Cleanup", Time since last: 2000505351 ns, Reaching safepoint: 70453 ns, At safepoint: 7877 ns, Total: 78330 ns
[2023-11-16T05:34:07.464+0000][7][gc,start    ] GC(76) Pause Young (Normal) (G1 Evacuation Pause)
[2023-11-16T05:34:07.464+0000][7][gc,task     ] GC(76) Using 8 workers of 8 for evacuation
[2023-11-16T05:34:07.464+0000][7][gc,age      ] GC(76) Desired survivor size 20971520 bytes, new threshold 15 (max threshold 15)
[2023-11-16T05:34:07.476+0000][7][gc,age      ] GC(76) Age table with threshold 15 (max threshold 15)
[2023-11-16T05:34:07.476+0000][7][gc,age      ] GC(76) - age   1:    2028480 bytes,    2028480 total
[2023-11-16T05:34:07.476+0000][7][gc,age      ] GC(76) - age   2:     828424 bytes,    2856904 total
[2023-11-16T05:34:07.476+0000][7][gc,age      ] GC(76) - age   3:    1008928 bytes,    3865832 total
[2023-11-16T05:34:07.476+0000][7][gc,age      ] GC(76) - age   4:     269640 bytes,    4135472 total
[2023-11-16T05:34:07.476+0000][7][gc,age      ] GC(76) - age   5:     243096 bytes,    4378568 total
[2023-11-16T05:34:07.476+0000][7][gc,age      ] GC(76) - age   6:     545088 bytes,    4923656 total
[2023-11-16T05:34:07.476+0000][7][gc,age      ] GC(76) - age   7:     335128 bytes,    5258784 total
[2023-11-16T05:34:07.476+0000][7][gc,age      ] GC(76) - age   8:     348936 bytes,    5607720 total
[2023-11-16T05:34:07.476+0000][7][gc,age      ] GC(76) - age   9:     603208 bytes,    6210928 total
[2023-11-16T05:34:07.476+0000][7][gc,age      ] GC(76) - age  10:     250288 bytes,    6461216 total
[2023-11-16T05:34:07.476+0000][7][gc,age      ] GC(76) - age  11:     504176 bytes,    6965392 total
[2023-11-16T05:34:07.476+0000][7][gc,age      ] GC(76) - age  12:     346560 bytes,    7311952 total
[2023-11-16T05:34:07.476+0000][7][gc,age      ] GC(76) - age  13:     380336 bytes,    7692288 total
[2023-11-16T05:34:07.476+0000][7][gc,age      ] GC(76) - age  14:     708032 bytes,    8400320 total
[2023-11-16T05:34:07.476+0000][7][gc,age      ] GC(76) - age  15:     321248 bytes,    8721568 total
[2023-11-16T05:34:07.476+0000][7][gc,phases   ] GC(76)   Pre Evacuate Collection Set: 0.2ms
[2023-11-16T05:34:07.476+0000][7][gc,phases   ] GC(76)   Merge Heap Roots: 0.1ms
[2023-11-16T05:34:07.476+0000][7][gc,phases   ] GC(76)   Evacuate Collection Set: 11.3ms
[2023-11-16T05:34:07.476+0000][7][gc,phases   ] GC(76)   Post Evacuate Collection Set: 0.6ms
[2023-11-16T05:34:07.476+0000][7][gc,phases   ] GC(76)   Other: 0.3ms
[2023-11-16T05:34:07.476+0000][7][gc,heap     ] GC(76) Eden regions: 70->0(69)
[2023-11-16T05:34:07.476+0000][7][gc,heap     ] GC(76) Survivor regions: 3->3(10)
[2023-11-16T05:34:07.476+0000][7][gc,heap     ] GC(76) Old regions: 25->26
[2023-11-16T05:34:07.476+0000][7][gc,heap     ] GC(76) Archive regions: 2->2
[2023-11-16T05:34:07.476+0000][7][gc,heap     ] GC(76) Humongous regions: 5->5
[2023-11-16T05:34:07.476+0000][7][gc,metaspace] GC(76) Metaspace: 118361K(120064K)->118361K(120064K) NonClass: 102575K(103552K)->102575K(103552K) Class: 15785K(16512K)->15785K(16512K)
[2023-11-16T05:34:07.476+0000][7][gc          ] GC(76) Pause Young (Normal) (G1 Evacuation Pause) 412M->133M(512M) 12.405ms
[2023-11-16T05:34:07.476+0000][7][gc,cpu      ] GC(76) User=0.02s Sys=0.01s Real=0.01s
[2023-11-16T05:34:07.476+0000][7][safepoint   ] Safepoint "G1CollectForAllocation", Time since last: 720359437 ns, Reaching safepoint: 46951 ns, At safepoint: 12500330 ns, Total: 12547281 ns
[2023-11-16T05:34:08.476+0000][7][safepoint   ] Safepoint "Cleanup", Time since last: 1000069694 ns, Reaching safepoint: 64800 ns, At safepoint: 7081 ns, Total: 71881 ns
[2023-11-16T05:34:09.477+0000][7][safepoint   ] Safepoint "Cleanup", Time since last: 1000106149 ns, Reaching safepoint: 71178 ns, At safepoint: 5013 ns, Total: 76191 ns
[2023-11-16T05:34:11.477+0000][7][safepoint   ] Safepoint "Cleanup", Time since last: 2000412813 ns, Reaching safepoint: 77208 ns, At safepoint: 7241 ns, Total: 84449 ns
[2023-11-16T05:34:14.478+0000][7][safepoint   ] Safepoint "Cleanup", Time since last: 3000419632 ns, Reaching safepoint: 103382 ns, At safepoint: 6508 ns, Total: 109890 ns
[2023-11-16T05:34:17.478+0000][7][safepoint   ] Safepoint "Cleanup", Time since last: 3000344299 ns, Reaching safepoint: 115482 ns, At safepoint: 9698 ns, Total: 125180 ns
[2023-11-16T05:34:19.479+0000][7][safepoint   ] Safepoint "Cleanup", Time since last: 2000935419 ns, Reaching safepoint: 41699 ns, At safepoint: 6593 ns, Total: 48292 ns
[2023-11-16T05:34:20.479+0000][7][safepoint   ] Safepoint "Cleanup", Time since last: 1000153974 ns, Reaching safepoint: 71567 ns, At safepoint: 4524 ns, Total: 76091 ns
[2023-11-16T05:34:21.480+0000][7][safepoint   ] Safepoint "Cleanup", Time since last: 1000123984 ns, Reaching safepoint: 61628 ns, At safepoint: 4084 ns, Total: 65712 ns
[2023-11-16T05:34:23.073+0000][7][gc,start    ] GC(77) Pause Young (Normal) (G1 Evacuation Pause)
[2023-11-16T05:34:23.073+0000][7][gc,task     ] GC(77) Using 8 workers of 8 for evacuation
[2023-11-16T05:34:23.073+0000][7][gc,age      ] GC(77) Desired survivor size 18874368 bytes, new threshold 15 (max threshold 15)
[2023-11-16T05:34:23.078+0000][7][gc,age      ] GC(77) Age table with threshold 15 (max threshold 15)
[2023-11-16T05:34:23.078+0000][7][gc,age      ] GC(77) - age   1:    1680024 bytes,    1680024 total
[2023-11-16T05:34:23.078+0000][7][gc,age      ] GC(77) - age   2:    1040664 bytes,    2720688 total
[2023-11-16T05:34:23.078+0000][7][gc,age      ] GC(77) - age   3:     618712 bytes,    3339400 total
[2023-11-16T05:34:23.078+0000][7][gc,age      ] GC(77) - age   4:     855184 bytes,    4194584 total
[2023-11-16T05:34:23.078+0000][7][gc,age      ] GC(77) - age   5:     269320 bytes,    4463904 total
[2023-11-16T05:34:23.078+0000][7][gc,age      ] GC(77) - age   6:     242912 bytes,    4706816 total
[2023-11-16T05:34:23.078+0000][7][gc,age      ] GC(77) - age   7:     545024 bytes,    5251840 total
[2023-11-16T05:34:23.078+0000][7][gc,age      ] GC(77) - age   8:     335128 bytes,    5586968 total
[2023-11-16T05:34:23.078+0000][7][gc,age      ] GC(77) - age   9:     348808 bytes,    5935776 total
[2023-11-16T05:34:23.078+0000][7][gc,age      ] GC(77) - age  10:     603176 bytes,    6538952 total
[2023-11-16T05:34:23.078+0000][7][gc,age      ] GC(77) - age  11:     250288 bytes,    6789240 total
[2023-11-16T05:34:23.078+0000][7][gc,age      ] GC(77) - age  12:     504176 bytes,    7293416 total
[2023-11-16T05:34:23.078+0000][7][gc,age      ] GC(77) - age  13:     346560 bytes,    7639976 total
[2023-11-16T05:34:23.078+0000][7][gc,age      ] GC(77) - age  14:     380336 bytes,    8020312 total
[2023-11-16T05:34:23.078+0000][7][gc,age      ] GC(77) - age  15:     708032 bytes,    8728344 total
[2023-11-16T05:34:23.078+0000][7][gc,phases   ] GC(77)   Pre Evacuate Collection Set: 0.1ms
[2023-11-16T05:34:23.078+0000][7][gc,phases   ] GC(77)   Merge Heap Roots: 0.1ms
[2023-11-16T05:34:23.078+0000][7][gc,phases   ] GC(77)   Evacuate Collection Set: 3.6ms
[2023-11-16T05:34:23.078+0000][7][gc,phases   ] GC(77)   Post Evacuate Collection Set: 0.7ms
[2023-11-16T05:34:23.078+0000][7][gc,phases   ] GC(77)   Other: 0.3ms
[2023-11-16T05:34:23.078+0000][7][gc,heap     ] GC(77) Eden regions: 69->0(69)
[2023-11-16T05:34:23.078+0000][7][gc,heap     ] GC(77) Survivor regions: 3->3(9)
[2023-11-16T05:34:23.078+0000][7][gc,heap     ] GC(77) Old regions: 26->26
[2023-11-16T05:34:23.078+0000][7][gc,heap     ] GC(77) Archive regions: 2->2
[2023-11-16T05:34:23.078+0000][7][gc,heap     ] GC(77) Humongous regions: 5->5
[2023-11-16T05:34:23.078+0000][7][gc,metaspace] GC(77) Metaspace: 118376K(120064K)->118376K(120064K) NonClass: 102591K(103552K)->102591K(103552K) Class: 15785K(16512K)->15785K(16512K)
[2023-11-16T05:34:23.078+0000][7][gc          ] GC(77) Pause Young (Normal) (G1 Evacuation Pause) 409M->133M(512M) 4.821ms
[2023-11-16T05:34:23.078+0000][7][gc,cpu      ] GC(77) User=0.02s Sys=0.00s Real=0.00s
[2023-11-16T05:34:23.078+0000][7][safepoint   ] Safepoint "G1CollectForAllocation", Time since last: 1593470859 ns, Reaching safepoint: 36677 ns, At safepoint: 4964333 ns, Total: 5001010 ns
[2023-11-16T05:34:24.078+0000][7][safepoint   ] Safepoint "Cleanup", Time since last: 1000098750 ns, Reaching safepoint: 66733 ns, At safepoint: 4261 ns, Total: 70994 ns
[2023-11-16T05:34:25.078+0000][7][safepoint   ] Safepoint "Cleanup", Time since last: 1000174525 ns, Reaching safepoint: 74072 ns, At safepoint: 5385 ns, Total: 79457 ns
[2023-11-16T05:34:26.079+0000][7][safepoint   ] Safepoint "Cleanup", Time since last: 1000169943 ns, Reaching safepoint: 77332 ns, At safepoint: 23364 ns, Total: 100696 ns
[2023-11-16T05:34:29.079+0000][7][safepoint   ] Safepoint "Cleanup", Time since last: 3000233486 ns, Reaching safepoint: 68410 ns, At safepoint: 4920 ns, Total: 73330 ns
[2023-11-16T05:34:30.079+0000][7][safepoint   ] Safepoint "Cleanup", Time since last: 1000095487 ns, Reaching safepoint: 63383 ns, At safepoint: 4823 ns, Total: 68206 ns
[2023-11-16T05:34:31.079+0000][7][safepoint   ] Safepoint "Cleanup", Time since last: 1000102968 ns, Reaching safepoint: 124563 ns, At safepoint: 12395 ns, Total: 136958 ns
[2023-11-16T05:34:32.080+0000][7][safepoint   ] Safepoint "Cleanup", Time since last: 1000128580 ns, Reaching safepoint: 106910 ns, At safepoint: 7758 ns, Total: 114668 ns
[2023-11-16T05:34:33.080+0000][7][safepoint   ] Safepoint "Cleanup", Time since last: 1000147009 ns, Reaching safepoint: 51400 ns, At safepoint: 20697 ns, Total: 72097 ns
[2023-11-16T05:34:34.080+0000][7][safepoint   ] Safepoint "Cleanup", Time since last: 1000164884 ns, Reaching safepoint: 35028 ns, At safepoint: 4561 ns, Total: 39589 ns
[2023-11-16T05:34:35.080+0000][7][safepoint   ] Safepoint "Cleanup", Time since last: 1000339825 ns, Reaching safepoint: 88378 ns, At safepoint: 7372 ns, Total: 95750 ns
[2023-11-16T05:34:36.081+0000][7][safepoint   ] Safepoint "Cleanup", Time since last: 1000329038 ns, Reaching safepoint: 33708 ns, At safepoint: 5799 ns, Total: 39507 ns
[2023-11-16T05:34:38.081+0000][7][safepoint   ] Safepoint "Cleanup", Time since last: 2000179057 ns, Reaching safepoint: 39724 ns, At safepoint: 6141 ns, Total: 45865 ns
[2023-11-16T05:34:39.082+0000][7][safepoint   ] Safepoint "Cleanup", Time since last: 1000371553 ns, Reaching safepoint: 62294 ns, At safepoint: 4643 ns, Total: 66937 ns
[2023-11-16T05:34:40.550+0000][7][gc,start    ] GC(78) Pause Young (Normal) (G1 Evacuation Pause)
[2023-11-16T05:34:40.550+0000][7][gc,task     ] GC(78) Using 8 workers of 8 for evacuation
[2023-11-16T05:34:40.550+0000][7][gc,age      ] GC(78) Desired survivor size 18874368 bytes, new threshold 15 (max threshold 15)
[2023-11-16T05:34:40.556+0000][7][gc,age      ] GC(78) Age table with threshold 15 (max threshold 15)
[2023-11-16T05:34:40.556+0000][7][gc,age      ] GC(78) - age   1:    1740968 bytes,    1740968 total
[2023-11-16T05:34:40.556+0000][7][gc,age      ] GC(78) - age   2:     690456 bytes,    2431424 total
[2023-11-16T05:34:40.556+0000][7][gc,age      ] GC(78) - age   3:    1010520 bytes,    3441944 total
[2023-11-16T05:34:40.556+0000][7][gc,age      ] GC(78) - age   4:     207912 bytes,    3649856 total
[2023-11-16T05:34:40.556+0000][7][gc,age      ] GC(78) - age   5:     600280 bytes,    4250136 total
[2023-11-16T05:34:40.556+0000][7][gc,age      ] GC(78) - age   6:     269008 bytes,    4519144 total
[2023-11-16T05:34:40.556+0000][7][gc,age      ] GC(78) - age   7:     242912 bytes,    4762056 total
[2023-11-16T05:34:40.556+0000][7][gc,age      ] GC(78) - age   8:     544872 bytes,    5306928 total
[2023-11-16T05:34:40.556+0000][7][gc,age      ] GC(78) - age   9:     335128 bytes,    5642056 total
[2023-11-16T05:34:40.556+0000][7][gc,age      ] GC(78) - age  10:     348808 bytes,    5990864 total
[2023-11-16T05:34:40.556+0000][7][gc,age      ] GC(78) - age  11:     603176 bytes,    6594040 total
[2023-11-16T05:34:40.556+0000][7][gc,age      ] GC(78) - age  12:     250288 bytes,    6844328 total
[2023-11-16T05:34:40.556+0000][7][gc,age      ] GC(78) - age  13:     504176 bytes,    7348504 total
[2023-11-16T05:34:40.556+0000][7][gc,age      ] GC(78) - age  14:     346560 bytes,    7695064 total
[2023-11-16T05:34:40.556+0000][7][gc,age      ] GC(78) - age  15:     380336 bytes,    8075400 total
[2023-11-16T05:34:40.556+0000][7][gc,phases   ] GC(78)   Pre Evacuate Collection Set: 0.1ms
[2023-11-16T05:34:40.556+0000][7][gc,phases   ] GC(78)   Merge Heap Roots: 0.0ms
[2023-11-16T05:34:40.556+0000][7][gc,phases   ] GC(78)   Evacuate Collection Set: 5.3ms
[2023-11-16T05:34:40.556+0000][7][gc,phases   ] GC(78)   Post Evacuate Collection Set: 0.5ms
[2023-11-16T05:34:40.556+0000][7][gc,phases   ] GC(78)   Other: 0.3ms
[2023-11-16T05:34:40.556+0000][7][gc,heap     ] GC(78) Eden regions: 69->0(71)
[2023-11-16T05:34:40.556+0000][7][gc,heap     ] GC(78) Survivor regions: 3->2(9)
[2023-11-16T05:34:40.556+0000][7][gc,heap     ] GC(78) Old regions: 26->26
[2023-11-16T05:34:40.556+0000][7][gc,heap     ] GC(78) Archive regions: 2->2
[2023-11-16T05:34:40.556+0000][7][gc,heap     ] GC(78) Humongous regions: 5->5
[2023-11-16T05:34:40.556+0000][7][gc,metaspace] GC(78) Metaspace: 118377K(120064K)->118377K(120064K) NonClass: 102591K(103552K)->102591K(103552K) Class: 15785K(16512K)->15785K(16512K)
[2023-11-16T05:34:40.556+0000][7][gc          ] GC(78) Pause Young (Normal) (G1 Evacuation Pause) 409M->133M(512M) 6.250ms
[2023-11-16T05:34:40.556+0000][7][gc,cpu      ] GC(78) User=0.02s Sys=0.00s Real=0.00s
[2023-11-16T05:34:40.556+0000][7][safepoint   ] Safepoint "G1CollectForAllocation", Time since last: 1468340060 ns, Reaching safepoint: 45800 ns, At safepoint: 6336657 ns, Total: 6382457 ns
[2023-11-16T05:34:41.556+0000][7][safepoint   ] Safepoint "Cleanup", Time since last: 1000102791 ns, Reaching safepoint: 64432 ns, At safepoint: 7333 ns, Total: 71765 ns
[2023-11-16T05:34:43.557+0000][7][safepoint   ] Safepoint "Cleanup", Time since last: 2000186281 ns, Reaching safepoint: 46625 ns, At safepoint: 20910 ns, Total: 67535 ns
[2023-11-16T05:34:46.557+0000][7][safepoint   ] Safepoint "Cleanup", Time since last: 3000531025 ns, Reaching safepoint: 53181 ns, At safepoint: 11518 ns, Total: 64699 ns
[2023-11-16T05:34:48.558+0000][7][safepoint   ] Safepoint "Cleanup", Time since last: 2000250969 ns, Reaching safepoint: 84673 ns, At safepoint: 4964 ns, Total: 89637 ns
[2023-11-16T05:34:49.558+0000][7][safepoint   ] Safepoint "Cleanup", Time since last: 1000142081 ns, Reaching safepoint: 56013 ns, At safepoint: 4161 ns, Total: 60174 ns
[2023-11-16T05:34:51.559+0000][7][safepoint   ] Safepoint "Cleanup", Time since last: 2001054531 ns, Reaching safepoint: 160525 ns, At safepoint: 27070 ns, Total: 187595 ns
[2023-11-16T05:34:52.559+0000][7][safepoint   ] Safepoint "Cleanup", Time since last: 1000302210 ns, Reaching safepoint: 69745 ns, At safepoint: 4391 ns, Total: 74136 ns
[2023-11-16T05:34:53.560+0000][7][safepoint   ] Safepoint "Cleanup", Time since last: 1000214942 ns, Reaching safepoint: 158859 ns, At safepoint: 4192 ns, Total: 163051 ns
[2023-11-16T05:34:54.560+0000][7][safepoint   ] Safepoint "Cleanup", Time since last: 1000296000 ns, Reaching safepoint: 70807 ns, At safepoint: 9463 ns, Total: 80270 ns
[2023-11-16T05:34:55.560+0000][7][safepoint   ] Safepoint "Cleanup", Time since last: 1000109207 ns, Reaching safepoint: 39068 ns, At safepoint: 4878 ns, Total: 43946 ns
[2023-11-16T05:34:56.561+0000][7][safepoint   ] Safepoint "Cleanup", Time since last: 1000156618 ns, Reaching safepoint: 122640 ns, At safepoint: 27167 ns, Total: 149807 ns
[2023-11-16T05:34:58.525+0000][7][gc,start    ] GC(79) Pause Young (Normal) (G1 Evacuation Pause)
[2023-11-16T05:34:58.525+0000][7][gc,task     ] GC(79) Using 8 workers of 8 for evacuation
[2023-11-16T05:34:58.525+0000][7][gc,age      ] GC(79) Desired survivor size 20971520 bytes, new threshold 15 (max threshold 15)
[2023-11-16T05:34:58.533+0000][7][gc,age      ] GC(79) Age table with threshold 15 (max threshold 15)
[2023-11-16T05:34:58.533+0000][7][gc,age      ] GC(79) - age   1:    2214888 bytes,    2214888 total
[2023-11-16T05:34:58.533+0000][7][gc,age      ] GC(79) - age   2:    1113432 bytes,    3328320 total
[2023-11-16T05:34:58.533+0000][7][gc,age      ] GC(79) - age   3:     673648 bytes,    4001968 total
[2023-11-16T05:34:58.533+0000][7][gc,age      ] GC(79) - age   4:     492304 bytes,    4494272 total
[2023-11-16T05:34:58.533+0000][7][gc,age      ] GC(79) - age   5:     206992 bytes,    4701264 total
[2023-11-16T05:34:58.533+0000][7][gc,age      ] GC(79) - age   6:     350024 bytes,    5051288 total
[2023-11-16T05:34:58.533+0000][7][gc,age      ] GC(79) - age   7:     269008 bytes,    5320296 total
[2023-11-16T05:34:58.533+0000][7][gc,age      ] GC(79) - age   8:     242496 bytes,    5562792 total
[2023-11-16T05:34:58.533+0000][7][gc,age      ] GC(79) - age   9:     544808 bytes,    6107600 total
[2023-11-16T05:34:58.533+0000][7][gc,age      ] GC(79) - age  10:     335128 bytes,    6442728 total
[2023-11-16T05:34:58.533+0000][7][gc,age      ] GC(79) - age  11:     348808 bytes,    6791536 total
[2023-11-16T05:34:58.533+0000][7][gc,age      ] GC(79) - age  12:     603176 bytes,    7394712 total
[2023-11-16T05:34:58.533+0000][7][gc,age      ] GC(79) - age  13:     250256 bytes,    7644968 total
[2023-11-16T05:34:58.533+0000][7][gc,age      ] GC(79) - age  14:     504176 bytes,    8149144 total
[2023-11-16T05:34:58.533+0000][7][gc,age      ] GC(79) - age  15:     346560 bytes,    8495704 total
[2023-11-16T05:34:58.533+0000][7][gc,phases   ] GC(79)   Pre Evacuate Collection Set: 0.1ms
[2023-11-16T05:34:58.533+0000][7][gc,phases   ] GC(79)   Merge Heap Roots: 0.0ms
[2023-11-16T05:34:58.533+0000][7][gc,phases   ] GC(79)   Evacuate Collection Set: 6.7ms
[2023-11-16T05:34:58.533+0000][7][gc,phases   ] GC(79)   Post Evacuate Collection Set: 0.6ms
[2023-11-16T05:34:58.533+0000][7][gc,phases   ] GC(79)   Other: 0.3ms
[2023-11-16T05:34:58.533+0000][7][gc,heap     ] GC(79) Eden regions: 71->0(69)
[2023-11-16T05:34:58.533+0000][7][gc,heap     ] GC(79) Survivor regions: 2->3(10)
[2023-11-16T05:34:58.533+0000][7][gc,heap     ] GC(79) Old regions: 26->26
[2023-11-16T05:34:58.533+0000][7][gc,heap     ] GC(79) Archive regions: 2->2
[2023-11-16T05:34:58.533+0000][7][gc,heap     ] GC(79) Humongous regions: 5->5
[2023-11-16T05:34:58.533+0000][7][gc,metaspace] GC(79) Metaspace: 118377K(120064K)->118377K(120064K) NonClass: 102592K(103552K)->102592K(103552K) Class: 15785K(16512K)->15785K(16512K)
[2023-11-16T05:34:58.533+0000][7][gc          ] GC(79) Pause Young (Normal) (G1 Evacuation Pause) 417M->134M(512M) 7.775ms
[2023-11-16T05:34:58.533+0000][7][gc,cpu      ] GC(79) User=0.02s Sys=0.00s Real=0.01s
[2023-11-16T05:34:58.533+0000][7][safepoint   ] Safepoint "G1CollectForAllocation", Time since last: 1964587391 ns, Reaching safepoint: 53283 ns, At safepoint: 7845537 ns, Total: 7898820 ns
[2023-11-16T05:34:59.533+0000][7][safepoint   ] Safepoint "Cleanup", Time since last: 1000109641 ns, Reaching safepoint: 53007 ns, At safepoint: 23523 ns, Total: 76530 ns
[2023-11-16T05:35:01.534+0000][7][safepoint   ] Safepoint "Cleanup", Time since last: 2000149249 ns, Reaching safepoint: 66278 ns, At safepoint: 9301 ns, Total: 75579 ns
[2023-11-16T05:35:04.534+0000][7][safepoint   ] Safepoint "Cleanup", Time since last: 3000320624 ns, Reaching safepoint: 48489 ns, At safepoint: 15886 ns, Total: 64375 ns
[2023-11-16T05:35:06.535+0000][7][safepoint   ] Safepoint "Cleanup", Time since last: 2000591860 ns, Reaching safepoint: 65872 ns, At safepoint: 4562 ns, Total: 70434 ns
[2023-11-16T05:35:07.535+0000][7][safepoint   ] Safepoint "Cleanup", Time since last: 1000096919 ns, Reaching safepoint: 79124 ns, At safepoint: 30640 ns, Total: 109764 ns
[2023-11-16T05:35:08.535+0000][7][safepoint   ] Safepoint "Cleanup", Time since last: 1000093972 ns, Reaching safepoint: 132522 ns, At safepoint: 7844 ns, Total: 140366 ns
[2023-11-16T05:35:09.535+0000][7][safepoint   ] Safepoint "Cleanup", Time since last: 1000088286 ns, Reaching safepoint: 84853 ns, At safepoint: 7248 ns, Total: 92101 ns
[2023-11-16T05:35:10.535+0000][7][safepoint   ] Safepoint "Cleanup", Time since last: 1000086098 ns, Reaching safepoint: 52825 ns, At safepoint: 4617 ns, Total: 57442 ns
[2023-11-16T05:35:11.536+0000][7][safepoint   ] Safepoint "Cleanup", Time since last: 1000098737 ns, Reaching safepoint: 69949 ns, At safepoint: 4419 ns, Total: 74368 ns
[2023-11-16T05:35:13.536+0000][7][safepoint   ] Safepoint "Cleanup", Time since last: 2000166381 ns, Reaching safepoint: 56031 ns, At safepoint: 7192 ns, Total: 63223 ns
[2023-11-16T05:35:14.536+0000][7][safepoint   ] Safepoint "Cleanup", Time since last: 1000160684 ns, Reaching safepoint: 81139 ns, At safepoint: 31760 ns, Total: 112899 ns
[2023-11-16T05:35:15.748+0000][7][gc,start    ] GC(80) Pause Young (Normal) (G1 Evacuation Pause)
[2023-11-16T05:35:15.748+0000][7][gc,task     ] GC(80) Using 8 workers of 8 for evacuation
[2023-11-16T05:35:15.748+0000][7][gc,age      ] GC(80) Desired survivor size 18874368 bytes, new threshold 15 (max threshold 15)
[2023-11-16T05:35:15.756+0000][7][gc,age      ] GC(80) Age table with threshold 15 (max threshold 15)
[2023-11-16T05:35:15.756+0000][7][gc,age      ] GC(80) - age   1:    1986376 bytes,    1986376 total
[2023-11-16T05:35:15.756+0000][7][gc,age      ] GC(80) - age   2:    1205920 bytes,    3192296 total
[2023-11-16T05:35:15.756+0000][7][gc,age      ] GC(80) - age   3:     312544 bytes,    3504840 total
[2023-11-16T05:35:15.756+0000][7][gc,age      ] GC(80) - age   4:     420432 bytes,    3925272 total
[2023-11-16T05:35:15.756+0000][7][gc,age      ] GC(80) - age   5:     437040 bytes,    4362312 total
[2023-11-16T05:35:15.756+0000][7][gc,age      ] GC(80) - age   6:     206864 bytes,    4569176 total
[2023-11-16T05:35:15.756+0000][7][gc,age      ] GC(80) - age   7:     350024 bytes,    4919200 total
[2023-11-16T05:35:15.756+0000][7][gc,age      ] GC(80) - age   8:     268944 bytes,    5188144 total
[2023-11-16T05:35:15.756+0000][7][gc,age      ] GC(80) - age   9:     242496 bytes,    5430640 total
[2023-11-16T05:35:15.756+0000][7][gc,age      ] GC(80) - age  10:     544808 bytes,    5975448 total
[2023-11-16T05:35:15.756+0000][7][gc,age      ] GC(80) - age  11:     335128 bytes,    6310576 total
[2023-11-16T05:35:15.756+0000][7][gc,age      ] GC(80) - age  12:     348808 bytes,    6659384 total
[2023-11-16T05:35:15.756+0000][7][gc,age      ] GC(80) - age  13:     603176 bytes,    7262560 total
[2023-11-16T05:35:15.756+0000][7][gc,age      ] GC(80) - age  14:     250256 bytes,    7512816 total
[2023-11-16T05:35:15.756+0000][7][gc,age      ] GC(80) - age  15:     504176 bytes,    8016992 total
[2023-11-16T05:35:15.756+0000][7][gc,phases   ] GC(80)   Pre Evacuate Collection Set: 0.2ms
[2023-11-16T05:35:15.756+0000][7][gc,phases   ] GC(80)   Merge Heap Roots: 0.0ms
[2023-11-16T05:35:15.756+0000][7][gc,phases   ] GC(80)   Evacuate Collection Set: 7.9ms
[2023-11-16T05:35:15.756+0000][7][gc,phases   ] GC(80)   Post Evacuate Collection Set: 0.5ms
[2023-11-16T05:35:15.756+0000][7][gc,phases   ] GC(80)   Other: 0.2ms
[2023-11-16T05:35:15.756+0000][7][gc,heap     ] GC(80) Eden regions: 69->0(71)
[2023-11-16T05:35:15.756+0000][7][gc,heap     ] GC(80) Survivor regions: 3->2(9)
[2023-11-16T05:35:15.756+0000][7][gc,heap     ] GC(80) Old regions: 26->26
[2023-11-16T05:35:15.756+0000][7][gc,heap     ] GC(80) Archive regions: 2->2
[2023-11-16T05:35:15.756+0000][7][gc,heap     ] GC(80) Humongous regions: 5->5
[2023-11-16T05:35:15.756+0000][7][gc,metaspace] GC(80) Metaspace: 118393K(120128K)->118393K(120128K) NonClass: 102607K(103616K)->102607K(103616K) Class: 15785K(16512K)->15785K(16512K)
[2023-11-16T05:35:15.757+0000][7][gc          ] GC(80) Pause Young (Normal) (G1 Evacuation Pause) 410M->134M(512M) 8.777ms
[2023-11-16T05:35:15.757+0000][7][gc,cpu      ] GC(80) User=0.02s Sys=0.00s Real=0.01s
[2023-11-16T05:35:15.757+0000][7][safepoint   ] Safepoint "G1CollectForAllocation", Time since last: 1211593428 ns, Reaching safepoint: 69582 ns, At safepoint: 8860070 ns, Total: 8929652 ns
[2023-11-16T05:35:16.757+0000][7][safepoint   ] Safepoint "Cleanup", Time since last: 1000307581 ns, Reaching safepoint: 36037 ns, At safepoint: 5322 ns, Total: 41359 ns
[2023-11-16T05:35:18.757+0000][7][safepoint   ] Safepoint "Cleanup", Time since last: 2000210552 ns, Reaching safepoint: 49957 ns, At safepoint: 26570 ns, Total: 76527 ns
[2023-11-16T05:35:19.758+0000][7][safepoint   ] Safepoint "Cleanup", Time since last: 1000319725 ns, Reaching safepoint: 85628 ns, At safepoint: 26264 ns, Total: 111892 ns
[2023-11-16T05:35:21.758+0000][7][safepoint   ] Safepoint "Cleanup", Time since last: 2000149978 ns, Reaching safepoint: 72744 ns, At safepoint: 8032 ns, Total: 80776 ns
[2023-11-16T05:35:22.758+0000][7][safepoint   ] Safepoint "Cleanup", Time since last: 1000133115 ns, Reaching safepoint: 77392 ns, At safepoint: 5329 ns, Total: 82721 ns
[2023-11-16T05:35:23.758+0000][7][safepoint   ] Safepoint "Cleanup", Time since last: 1000117151 ns, Reaching safepoint: 105219 ns, At safepoint: 7131 ns, Total: 112350 ns
[2023-11-16T05:35:24.759+0000][7][safepoint   ] Safepoint "Cleanup", Time since last: 1000117993 ns, Reaching safepoint: 97064 ns, At safepoint: 5905 ns, Total: 102969 ns
[2023-11-16T05:35:25.759+0000][7][safepoint   ] Safepoint "Cleanup", Time since last: 1000134934 ns, Reaching safepoint: 74347 ns, At safepoint: 5279 ns, Total: 79626 ns
[2023-11-16T05:35:26.759+0000][7][safepoint   ] Safepoint "Cleanup", Time since last: 1000087914 ns, Reaching safepoint: 75518 ns, At safepoint: 5884 ns, Total: 81402 ns
[2023-11-16T05:35:28.759+0000][7][safepoint   ] Safepoint "Cleanup", Time since last: 2000157072 ns, Reaching safepoint: 57996 ns, At safepoint: 27338 ns, Total: 85334 ns
[2023-11-16T05:35:31.759+0000][7][safepoint   ] Safepoint "Cleanup", Time since last: 3000297525 ns, Reaching safepoint: 60268 ns, At safepoint: 4962 ns, Total: 65230 ns
[2023-11-16T05:35:33.200+0000][7][gc,start    ] GC(81) Pause Young (Normal) (G1 Evacuation Pause)
[2023-11-16T05:35:33.200+0000][7][gc,task     ] GC(81) Using 8 workers of 8 for evacuation
[2023-11-16T05:35:33.200+0000][7][gc,age      ] GC(81) Desired survivor size 20971520 bytes, new threshold 15 (max threshold 15)
[2023-11-16T05:35:33.209+0000][7][gc,age      ] GC(81) Age table with threshold 15 (max threshold 15)
[2023-11-16T05:35:33.209+0000][7][gc,age      ] GC(81) - age   1:    2048232 bytes,    2048232 total
[2023-11-16T05:35:33.209+0000][7][gc,age      ] GC(81) - age   2:    1291376 bytes,    3339608 total
[2023-11-16T05:35:33.209+0000][7][gc,age      ] GC(81) - age   3:     307448 bytes,    3647056 total
[2023-11-16T05:35:33.209+0000][7][gc,age      ] GC(81) - age   4:     310240 bytes,    3957296 total
[2023-11-16T05:35:33.209+0000][7][gc,age      ] GC(81) - age   5:     234184 bytes,    4191480 total
[2023-11-16T05:35:33.209+0000][7][gc,age      ] GC(81) - age   6:     436656 bytes,    4628136 total
[2023-11-16T05:35:33.209+0000][7][gc,age      ] GC(81) - age   7:     206736 bytes,    4834872 total
[2023-11-16T05:35:33.209+0000][7][gc,age      ] GC(81) - age   8:     349896 bytes,    5184768 total
[2023-11-16T05:35:33.209+0000][7][gc,age      ] GC(81) - age   9:     268880 bytes,    5453648 total
[2023-11-16T05:35:33.209+0000][7][gc,age      ] GC(81) - age  10:     241760 bytes,    5695408 total
[2023-11-16T05:35:33.209+0000][7][gc,age      ] GC(81) - age  11:     544744 bytes,    6240152 total
[2023-11-16T05:35:33.209+0000][7][gc,age      ] GC(81) - age  12:     335128 bytes,    6575280 total
[2023-11-16T05:35:33.209+0000][7][gc,age      ] GC(81) - age  13:     348744 bytes,    6924024 total
[2023-11-16T05:35:33.209+0000][7][gc,age      ] GC(81) - age  14:     603176 bytes,    7527200 total
[2023-11-16T05:35:33.209+0000][7][gc,age      ] GC(81) - age  15:     250256 bytes,    7777456 total
[2023-11-16T05:35:33.209+0000][7][gc,phases   ] GC(81)   Pre Evacuate Collection Set: 0.1ms
[2023-11-16T05:35:33.209+0000][7][gc,phases   ] GC(81)   Merge Heap Roots: 0.0ms
[2023-11-16T05:35:33.209+0000][7][gc,phases   ] GC(81)   Evacuate Collection Set: 8.6ms
[2023-11-16T05:35:33.209+0000][7][gc,phases   ] GC(81)   Post Evacuate Collection Set: 0.5ms
[2023-11-16T05:35:33.209+0000][7][gc,phases   ] GC(81)   Other: 0.3ms
[2023-11-16T05:35:33.210+0000][7][gc,heap     ] GC(81) Eden regions: 71->0(71)
[2023-11-16T05:35:33.210+0000][7][gc,heap     ] GC(81) Survivor regions: 2->2(10)
[2023-11-16T05:35:33.210+0000][7][gc,heap     ] GC(81) Old regions: 26->26
[2023-11-16T05:35:33.210+0000][7][gc,heap     ] GC(81) Archive regions: 2->2
[2023-11-16T05:35:33.210+0000][7][gc,heap     ] GC(81) Humongous regions: 5->5
[2023-11-16T05:35:33.210+0000][7][gc,metaspace] GC(81) Metaspace: 118403K(120128K)->118403K(120128K) NonClass: 102618K(103616K)->102618K(103616K) Class: 15785K(16512K)->15785K(16512K)
[2023-11-16T05:35:33.210+0000][7][gc          ] GC(81) Pause Young (Normal) (G1 Evacuation Pause) 418M->134M(512M) 9.544ms
[2023-11-16T05:35:33.210+0000][7][gc,cpu      ] GC(81) User=0.03s Sys=0.00s Real=0.01s
[2023-11-16T05:35:33.210+0000][7][safepoint   ] Safepoint "G1CollectForAllocation", Time since last: 1440394679 ns, Reaching safepoint: 62537 ns, At safepoint: 9614425 ns, Total: 9676962 ns
[2023-11-16T05:35:34.210+0000][7][safepoint   ] Safepoint "Cleanup", Time since last: 1000321047 ns, Reaching safepoint: 99550 ns, At safepoint: 40587 ns, Total: 140137 ns
[2023-11-16T05:35:35.210+0000][7][safepoint   ] Safepoint "Cleanup", Time since last: 1000087658 ns, Reaching safepoint: 87099 ns, At safepoint: 8016 ns, Total: 95115 ns
[2023-11-16T05:35:36.210+0000][7][safepoint   ] Safepoint "Cleanup", Time since last: 1000084279 ns, Reaching safepoint: 77196 ns, At safepoint: 6359 ns, Total: 83555 ns
[2023-11-16T05:35:38.211+0000][7][safepoint   ] Safepoint "Cleanup", Time since last: 2000397357 ns, Reaching safepoint: 53990 ns, At safepoint: 23177 ns, Total: 77167 ns
[2023-11-16T05:35:39.211+0000][7][safepoint   ] Safepoint "Cleanup", Time since last: 1000284238 ns, Reaching safepoint: 130184 ns, At safepoint: 10249 ns, Total: 140433 ns
[2023-11-16T05:35:41.212+0000][7][safepoint   ] Safepoint "Cleanup", Time since last: 2000207154 ns, Reaching safepoint: 102279 ns, At safepoint: 7605 ns, Total: 109884 ns
[2023-11-16T05:35:44.212+0000][7][safepoint   ] Safepoint "Cleanup", Time since last: 3000502670 ns, Reaching safepoint: 60511 ns, At safepoint: 6858 ns, Total: 67369 ns
[2023-11-16T05:35:47.213+0000][7][safepoint   ] Safepoint "Cleanup", Time since last: 3000279916 ns, Reaching safepoint: 74225 ns, At safepoint: 5408 ns, Total: 79633 ns
[2023-11-16T05:35:49.213+0000][7][safepoint   ] Safepoint "Cleanup", Time since last: 2000198055 ns, Reaching safepoint: 86525 ns, At safepoint: 10135 ns, Total: 96660 ns
[2023-11-16T05:35:49.916+0000][7][gc,start    ] GC(82) Pause Young (Normal) (G1 Evacuation Pause)
[2023-11-16T05:35:49.916+0000][7][gc,task     ] GC(82) Using 8 workers of 8 for evacuation
[2023-11-16T05:35:49.916+0000][7][gc,age      ] GC(82) Desired survivor size 20971520 bytes, new threshold 15 (max threshold 15)
[2023-11-16T05:35:49.923+0000][7][gc,age      ] GC(82) Age table with threshold 15 (max threshold 15)
[2023-11-16T05:35:49.923+0000][7][gc,age      ] GC(82) - age   1:    1941792 bytes,    1941792 total
[2023-11-16T05:35:49.923+0000][7][gc,age      ] GC(82) - age   2:    1897792 bytes,    3839584 total
[2023-11-16T05:35:49.923+0000][7][gc,age      ] GC(82) - age   3:    1121816 bytes,    4961400 total
[2023-11-16T05:35:49.923+0000][7][gc,age      ] GC(82) - age   4:     305128 bytes,    5266528 total
[2023-11-16T05:35:49.923+0000][7][gc,age      ] GC(82) - age   5:     309944 bytes,    5576472 total
[2023-11-16T05:35:49.923+0000][7][gc,age      ] GC(82) - age   6:     233576 bytes,    5810048 total
[2023-11-16T05:35:49.923+0000][7][gc,age      ] GC(82) - age   7:     435184 bytes,    6245232 total
[2023-11-16T05:35:49.923+0000][7][gc,age      ] GC(82) - age   8:     206672 bytes,    6451904 total
[2023-11-16T05:35:49.923+0000][7][gc,age      ] GC(82) - age   9:     349864 bytes,    6801768 total
[2023-11-16T05:35:49.923+0000][7][gc,age      ] GC(82) - age  10:     268816 bytes,    7070584 total
[2023-11-16T05:35:49.923+0000][7][gc,age      ] GC(82) - age  11:     241696 bytes,    7312280 total
[2023-11-16T05:35:49.923+0000][7][gc,age      ] GC(82) - age  12:     544680 bytes,    7856960 total
[2023-11-16T05:35:49.923+0000][7][gc,age      ] GC(82) - age  13:     335128 bytes,    8192088 total
[2023-11-16T05:35:49.923+0000][7][gc,age      ] GC(82) - age  14:     348744 bytes,    8540832 total
[2023-11-16T05:35:49.923+0000][7][gc,age      ] GC(82) - age  15:     603176 bytes,    9144008 total
[2023-11-16T05:35:49.923+0000][7][gc,phases   ] GC(82)   Pre Evacuate Collection Set: 0.1ms
[2023-11-16T05:35:49.923+0000][7][gc,phases   ] GC(82)   Merge Heap Roots: 0.1ms
[2023-11-16T05:35:49.923+0000][7][gc,phases   ] GC(82)   Evacuate Collection Set: 5.9ms
[2023-11-16T05:35:49.923+0000][7][gc,phases   ] GC(82)   Post Evacuate Collection Set: 0.6ms
[2023-11-16T05:35:49.923+0000][7][gc,phases   ] GC(82)   Other: 0.2ms
[2023-11-16T05:35:49.923+0000][7][gc,heap     ] GC(82) Eden regions: 71->0(69)
[2023-11-16T05:35:49.923+0000][7][gc,heap     ] GC(82) Survivor regions: 2->3(10)
[2023-11-16T05:35:49.923+0000][7][gc,heap     ] GC(82) Old regions: 26->26
[2023-11-16T05:35:49.923+0000][7][gc,heap     ] GC(82) Archive regions: 2->2
[2023-11-16T05:35:49.923+0000][7][gc,heap     ] GC(82) Humongous regions: 5->5
[2023-11-16T05:35:49.923+0000][7][gc,metaspace] GC(82) Metaspace: 118412K(120128K)->118412K(120128K) NonClass: 102627K(103616K)->102627K(103616K) Class: 15785K(16512K)->15785K(16512K)
[2023-11-16T05:35:49.923+0000][7][gc          ] GC(82) Pause Young (Normal) (G1 Evacuation Pause) 418M->136M(512M) 6.865ms
[2023-11-16T05:35:49.923+0000][7][gc,cpu      ] GC(82) User=0.03s Sys=0.00s Real=0.01s
[2023-11-16T05:35:49.923+0000][7][safepoint   ] Safepoint "G1CollectForAllocation", Time since last: 703050435 ns, Reaching safepoint: 36152 ns, At safepoint: 6949843 ns, Total: 6985995 ns
[2023-11-16T05:35:51.923+0000][7][safepoint   ] Safepoint "Cleanup", Time since last: 2000147816 ns, Reaching safepoint: 48131 ns, At safepoint: 5991 ns, Total: 54122 ns
[2023-11-16T05:35:52.923+0000][7][safepoint   ] Safepoint "Cleanup", Time since last: 1000164071 ns, Reaching safepoint: 113615 ns, At safepoint: 6615 ns, Total: 120230 ns
[2023-11-16T05:35:53.924+0000][7][safepoint   ] Safepoint "Cleanup", Time since last: 1000147869 ns, Reaching safepoint: 41538 ns, At safepoint: 6093 ns, Total: 47631 ns
[2023-11-16T05:35:54.924+0000][7][safepoint   ] Safepoint "Cleanup", Time since last: 1000127868 ns, Reaching safepoint: 106288 ns, At safepoint: 12638 ns, Total: 118926 ns
[2023-11-16T05:35:55.924+0000][7][safepoint   ] Safepoint "Cleanup", Time since last: 1000103592 ns, Reaching safepoint: 112145 ns, At safepoint: 5451 ns, Total: 117596 ns
[2023-11-16T05:35:56.924+0000][7][safepoint   ] Safepoint "Cleanup", Time since last: 1000129600 ns, Reaching safepoint: 93654 ns, At safepoint: 7596 ns, Total: 101250 ns
[2023-11-16T05:35:58.925+0000][7][safepoint   ] Safepoint "Cleanup", Time since last: 2000249660 ns, Reaching safepoint: 154714 ns, At safepoint: 3461 ns, Total: 158175 ns
[2023-11-16T05:36:01.925+0000][7][safepoint   ] Safepoint "Cleanup", Time since last: 3000426560 ns, Reaching safepoint: 152335 ns, At safepoint: 5473 ns, Total: 157808 ns
[2023-11-16T05:36:03.925+0000][7][safepoint   ] Safepoint "Cleanup", Time since last: 2000200652 ns, Reaching safepoint: 51030 ns, At safepoint: 6496 ns, Total: 57526 ns
[2023-11-16T05:36:04.926+0000][7][safepoint   ] Safepoint "Cleanup", Time since last: 1000090101 ns, Reaching safepoint: 78497 ns, At safepoint: 28632 ns, Total: 107129 ns
[2023-11-16T05:36:05.462+0000][7][gc,start    ] GC(83) Pause Young (Normal) (G1 Evacuation Pause)
[2023-11-16T05:36:05.462+0000][7][gc,task     ] GC(83) Using 8 workers of 8 for evacuation
[2023-11-16T05:36:05.462+0000][7][gc,age      ] GC(83) Desired survivor size 18874368 bytes, new threshold 15 (max threshold 15)
[2023-11-16T05:36:05.469+0000][7][gc,age      ] GC(83) Age table with threshold 15 (max threshold 15)
[2023-11-16T05:36:05.469+0000][7][gc,age      ] GC(83) - age   1:    2820184 bytes,    2820184 total
[2023-11-16T05:36:05.469+0000][7][gc,age      ] GC(83) - age   2:     561832 bytes,    3382016 total
[2023-11-16T05:36:05.469+0000][7][gc,age      ] GC(83) - age   3:    1695400 bytes,    5077416 total
[2023-11-16T05:36:05.469+0000][7][gc,age      ] GC(83) - age   4:     316656 bytes,    5394072 total
[2023-11-16T05:36:05.469+0000][7][gc,age      ] GC(83) - age   5:     304016 bytes,    5698088 total
[2023-11-16T05:36:05.469+0000][7][gc,age      ] GC(83) - age   6:     309528 bytes,    6007616 total
[2023-11-16T05:36:05.469+0000][7][gc,age      ] GC(83) - age   7:     233224 bytes,    6240840 total
[2023-11-16T05:36:05.469+0000][7][gc,age      ] GC(83) - age   8:     435184 bytes,    6676024 total
[2023-11-16T05:36:05.469+0000][7][gc,age      ] GC(83) - age   9:     206608 bytes,    6882632 total
[2023-11-16T05:36:05.469+0000][7][gc,age      ] GC(83) - age  10:     349488 bytes,    7232120 total
[2023-11-16T05:36:05.469+0000][7][gc,age      ] GC(83) - age  11:     268656 bytes,    7500776 total
[2023-11-16T05:36:05.469+0000][7][gc,age      ] GC(83) - age  12:     241632 bytes,    7742408 total
[2023-11-16T05:36:05.469+0000][7][gc,age      ] GC(83) - age  13:     544680 bytes,    8287088 total
[2023-11-16T05:36:05.470+0000][7][gc,age      ] GC(83) - age  14:     335128 bytes,    8622216 total
[2023-11-16T05:36:05.470+0000][7][gc,age      ] GC(83) - age  15:     348744 bytes,    8970960 total
[2023-11-16T05:36:05.470+0000][7][gc,phases   ] GC(83)   Pre Evacuate Collection Set: 0.1ms
[2023-11-16T05:36:05.470+0000][7][gc,phases   ] GC(83)   Merge Heap Roots: 0.1ms
[2023-11-16T05:36:05.470+0000][7][gc,phases   ] GC(83)   Evacuate Collection Set: 6.3ms
[2023-11-16T05:36:05.470+0000][7][gc,phases   ] GC(83)   Post Evacuate Collection Set: 0.5ms
[2023-11-16T05:36:05.470+0000][7][gc,phases   ] GC(83)   Other: 0.2ms
[2023-11-16T05:36:05.470+0000][7][gc,heap     ] GC(83) Eden regions: 69->0(69)
[2023-11-16T05:36:05.470+0000][7][gc,heap     ] GC(83) Survivor regions: 3->3(9)
[2023-11-16T05:36:05.470+0000][7][gc,heap     ] GC(83) Old regions: 26->26
[2023-11-16T05:36:05.470+0000][7][gc,heap     ] GC(83) Archive regions: 2->2
[2023-11-16T05:36:05.470+0000][7][gc,heap     ] GC(83) Humongous regions: 5->5
[2023-11-16T05:36:05.470+0000][7][gc,metaspace] GC(83) Metaspace: 118435K(120192K)->118435K(120192K) NonClass: 102648K(103680K)->102648K(103680K) Class: 15787K(16512K)->15787K(16512K)
[2023-11-16T05:36:05.470+0000][7][gc          ] GC(83) Pause Young (Normal) (G1 Evacuation Pause) 412M->136M(512M) 7.235ms
[2023-11-16T05:36:05.470+0000][7][gc,cpu      ] GC(83) User=0.03s Sys=0.01s Real=0.01s
[2023-11-16T05:36:05.470+0000][7][safepoint   ] Safepoint "G1CollectForAllocation", Time since last: 536631456 ns, Reaching safepoint: 41502 ns, At safepoint: 7324942 ns, Total: 7366444 ns
[2023-11-16T05:36:06.470+0000][7][safepoint   ] Safepoint "Cleanup", Time since last: 1000113373 ns, Reaching safepoint: 91069 ns, At safepoint: 7278 ns, Total: 98347 ns
[2023-11-16T05:36:08.470+0000][7][safepoint   ] Safepoint "Cleanup", Time since last: 2000324731 ns, Reaching safepoint: 80841 ns, At safepoint: 4671 ns, Total: 85512 ns
[2023-11-16T05:36:09.471+0000][7][safepoint   ] Safepoint "Cleanup", Time since last: 1000159009 ns, Reaching safepoint: 60572 ns, At safepoint: 3700 ns, Total: 64272 ns
[2023-11-16T05:36:11.471+0000][7][safepoint   ] Safepoint "Cleanup", Time since last: 2000172644 ns, Reaching safepoint: 49859 ns, At safepoint: 4980 ns, Total: 54839 ns
[2023-11-16T05:36:14.471+0000][7][safepoint   ] Safepoint "Cleanup", Time since last: 3000261285 ns, Reaching safepoint: 51118 ns, At safepoint: 6357 ns, Total: 57475 ns
[2023-11-16T05:36:17.471+0000][7][safepoint   ] Safepoint "Cleanup", Time since last: 3000254985 ns, Reaching safepoint: 82575 ns, At safepoint: 8724 ns, Total: 91299 ns
[2023-11-16T05:36:19.472+0000][7][safepoint   ] Safepoint "Cleanup", Time since last: 2000193869 ns, Reaching safepoint: 92477 ns, At safepoint: 9556 ns, Total: 102033 ns
[2023-11-16T05:36:20.472+0000][7][safepoint   ] Safepoint "Cleanup", Time since last: 1000127241 ns, Reaching safepoint: 48355 ns, At safepoint: 4289 ns, Total: 52644 ns
[2023-11-16T05:36:21.472+0000][7][safepoint   ] Safepoint "Cleanup", Time since last: 1000116840 ns, Reaching safepoint: 98317 ns, At safepoint: 12288 ns, Total: 110605 ns
[2023-11-16T05:36:22.979+0000][7][gc,start    ] GC(84) Pause Young (Normal) (G1 Evacuation Pause)
[2023-11-16T05:36:22.979+0000][7][gc,task     ] GC(84) Using 8 workers of 8 for evacuation
[2023-11-16T05:36:22.979+0000][7][gc,age      ] GC(84) Desired survivor size 18874368 bytes, new threshold 15 (max threshold 15)
[2023-11-16T05:36:22.983+0000][7][gc,age      ] GC(84) Age table with threshold 15 (max threshold 15)
[2023-11-16T05:36:22.983+0000][7][gc,age      ] GC(84) - age   1:    3003584 bytes,    3003584 total
[2023-11-16T05:36:22.983+0000][7][gc,age      ] GC(84) - age   2:    1738408 bytes,    4741992 total
[2023-11-16T05:36:22.983+0000][7][gc,age      ] GC(84) - age   3:     546960 bytes,    5288952 total
[2023-11-16T05:36:22.983+0000][7][gc,age      ] GC(84) - age   4:     523744 bytes,    5812696 total
[2023-11-16T05:36:22.983+0000][7][gc,age      ] GC(84) - age   5:     316304 bytes,    6129000 total
[2023-11-16T05:36:22.983+0000][7][gc,age      ] GC(84) - age   6:     304016 bytes,    6433016 total
[2023-11-16T05:36:22.983+0000][7][gc,age      ] GC(84) - age   7:     309528 bytes,    6742544 total
[2023-11-16T05:36:22.983+0000][7][gc,age      ] GC(84) - age   8:     233112 bytes,    6975656 total
[2023-11-16T05:36:22.983+0000][7][gc,age      ] GC(84) - age   9:     435184 bytes,    7410840 total
[2023-11-16T05:36:22.983+0000][7][gc,age      ] GC(84) - age  10:     206608 bytes,    7617448 total
[2023-11-16T05:36:22.983+0000][7][gc,age      ] GC(84) - age  11:     349488 bytes,    7966936 total
[2023-11-16T05:36:22.983+0000][7][gc,age      ] GC(84) - age  12:     268656 bytes,    8235592 total
[2023-11-16T05:36:22.983+0000][7][gc,age      ] GC(84) - age  13:     241632 bytes,    8477224 total
[2023-11-16T05:36:22.983+0000][7][gc,age      ] GC(84) - age  14:     282520 bytes,    8759744 total
[2023-11-16T05:36:22.983+0000][7][gc,age      ] GC(84) - age  15:     335128 bytes,    9094872 total
[2023-11-16T05:36:22.983+0000][7][gc,phases   ] GC(84)   Pre Evacuate Collection Set: 0.1ms
[2023-11-16T05:36:22.983+0000][7][gc,phases   ] GC(84)   Merge Heap Roots: 0.0ms
[2023-11-16T05:36:22.983+0000][7][gc,phases   ] GC(84)   Evacuate Collection Set: 3.0ms
[2023-11-16T05:36:22.983+0000][7][gc,phases   ] GC(84)   Post Evacuate Collection Set: 0.5ms
[2023-11-16T05:36:22.983+0000][7][gc,phases   ] GC(84)   Other: 0.2ms
[2023-11-16T05:36:22.983+0000][7][gc,heap     ] GC(84) Eden regions: 69->0(68)
[2023-11-16T05:36:22.983+0000][7][gc,heap     ] GC(84) Survivor regions: 3->3(9)
[2023-11-16T05:36:22.983+0000][7][gc,heap     ] GC(84) Old regions: 26->27
[2023-11-16T05:36:22.983+0000][7][gc,heap     ] GC(84) Archive regions: 2->2
[2023-11-16T05:36:22.983+0000][7][gc,heap     ] GC(84) Humongous regions: 5->5
[2023-11-16T05:36:22.983+0000][7][gc,metaspace] GC(84) Metaspace: 118446K(120192K)->118446K(120192K) NonClass: 102658K(103680K)->102658K(103680K) Class: 15787K(16512K)->15787K(16512K)
[2023-11-16T05:36:22.983+0000][7][gc          ] GC(84) Pause Young (Normal) (G1 Evacuation Pause) 412M->136M(512M) 3.872ms
[2023-11-16T05:36:22.983+0000][7][gc,cpu      ] GC(84) User=0.02s Sys=0.01s Real=0.00s
[2023-11-16T05:36:22.983+0000][7][safepoint   ] Safepoint "G1CollectForAllocation", Time since last: 1506677962 ns, Reaching safepoint: 55346 ns, At safepoint: 3934147 ns, Total: 3989493 ns
[2023-11-16T05:36:23.983+0000][7][safepoint   ] Safepoint "Cleanup", Time since last: 1000169690 ns, Reaching safepoint: 88159 ns, At safepoint: 4818 ns, Total: 92977 ns
[2023-11-16T05:36:24.983+0000][7][safepoint   ] Safepoint "Cleanup", Time since last: 1000097858 ns, Reaching safepoint: 57025 ns, At safepoint: 17649 ns, Total: 74674 ns
[2023-11-16T05:36:25.983+0000][7][safepoint   ] Safepoint "Cleanup", Time since last: 1000107044 ns, Reaching safepoint: 67341 ns, At safepoint: 8198 ns, Total: 75539 ns
[2023-11-16T05:36:26.984+0000][7][safepoint   ] Safepoint "Cleanup", Time since last: 1000388780 ns, Reaching safepoint: 84834 ns, At safepoint: 5359 ns, Total: 90193 ns
[2023-11-16T05:36:28.984+0000][7][safepoint   ] Safepoint "Cleanup", Time since last: 2000296974 ns, Reaching safepoint: 79598 ns, At safepoint: 8298 ns, Total: 87896 ns
[2023-11-16T05:36:31.985+0000][7][safepoint   ] Safepoint "Cleanup", Time since last: 3000499952 ns, Reaching safepoint: 99514 ns, At safepoint: 16054 ns, Total: 115568 ns
[2023-11-16T05:36:32.985+0000][7][safepoint   ] Safepoint "Cleanup", Time since last: 1000101321 ns, Reaching safepoint: 154360 ns, At safepoint: 9367 ns, Total: 163727 ns
[2023-11-16T05:36:33.418+0000][7][gc,start    ] GC(85) Pause Young (Normal) (G1 Evacuation Pause)
[2023-11-16T05:36:33.418+0000][7][gc,task     ] GC(85) Using 8 workers of 8 for evacuation
[2023-11-16T05:36:33.418+0000][7][gc,age      ] GC(85) Desired survivor size 18874368 bytes, new threshold 15 (max threshold 15)
[2023-11-16T05:36:33.426+0000][7][gc,age      ] GC(85) Age table with threshold 15 (max threshold 15)
[2023-11-16T05:36:33.426+0000][7][gc,age      ] GC(85) - age   1:    1663272 bytes,    1663272 total
[2023-11-16T05:36:33.426+0000][7][gc,age      ] GC(85) - age   2:    2731824 bytes,    4395096 total
[2023-11-16T05:36:33.426+0000][7][gc,age      ] GC(85) - age   3:    1724088 bytes,    6119184 total
[2023-11-16T05:36:33.426+0000][7][gc,age      ] GC(85) - age   4:     477256 bytes,    6596440 total
[2023-11-16T05:36:33.426+0000][7][gc,age      ] GC(85) - age   5:     522920 bytes,    7119360 total
[2023-11-16T05:36:33.426+0000][7][gc,age      ] GC(85) - age   6:     316240 bytes,    7435600 total
[2023-11-16T05:36:33.426+0000][7][gc,age      ] GC(85) - age   7:     303992 bytes,    7739592 total
[2023-11-16T05:36:33.426+0000][7][gc,age      ] GC(85) - age   8:     309440 bytes,    8049032 total
[2023-11-16T05:36:33.427+0000][7][gc,age      ] GC(85) - age   9:     233048 bytes,    8282080 total
[2023-11-16T05:36:33.427+0000][7][gc,age      ] GC(85) - age  10:     434872 bytes,    8716952 total
[2023-11-16T05:36:33.427+0000][7][gc,age      ] GC(85) - age  11:     206608 bytes,    8923560 total
[2023-11-16T05:36:33.427+0000][7][gc,age      ] GC(85) - age  12:     349488 bytes,    9273048 total
[2023-11-16T05:36:33.427+0000][7][gc,age      ] GC(85) - age  13:     268656 bytes,    9541704 total
[2023-11-16T05:36:33.427+0000][7][gc,age      ] GC(85) - age  14:     241632 bytes,    9783336 total
[2023-11-16T05:36:33.427+0000][7][gc,age      ] GC(85) - age  15:     282520 bytes,   10065856 total
[2023-11-16T05:36:33.427+0000][7][gc,phases   ] GC(85)   Pre Evacuate Collection Set: 0.1ms
[2023-11-16T05:36:33.427+0000][7][gc,phases   ] GC(85)   Merge Heap Roots: 0.0ms
[2023-11-16T05:36:33.427+0000][7][gc,phases   ] GC(85)   Evacuate Collection Set: 7.1ms
[2023-11-16T05:36:33.427+0000][7][gc,phases   ] GC(85)   Post Evacuate Collection Set: 0.8ms
[2023-11-16T05:36:33.427+0000][7][gc,phases   ] GC(85)   Other: 0.3ms
[2023-11-16T05:36:33.427+0000][7][gc,heap     ] GC(85) Eden regions: 68->0(68)
[2023-11-16T05:36:33.427+0000][7][gc,heap     ] GC(85) Survivor regions: 3->3(9)
[2023-11-16T05:36:33.427+0000][7][gc,heap     ] GC(85) Old regions: 27->27
[2023-11-16T05:36:33.427+0000][7][gc,heap     ] GC(85) Archive regions: 2->2
[2023-11-16T05:36:33.427+0000][7][gc,heap     ] GC(85) Humongous regions: 5->5
[2023-11-16T05:36:33.427+0000][7][gc,metaspace] GC(85) Metaspace: 118470K(120192K)->118470K(120192K) NonClass: 102681K(103680K)->102681K(103680K) Class: 15788K(16512K)->15788K(16512K)
[2023-11-16T05:36:33.427+0000][7][gc          ] GC(85) Pause Young (Normal) (G1 Evacuation Pause) 408M->138M(512M) 8.375ms
[2023-11-16T05:36:33.427+0000][7][gc,cpu      ] GC(85) User=0.03s Sys=0.00s Real=0.01s
[2023-11-16T05:36:33.427+0000][7][safepoint   ] Safepoint "G1CollectForAllocation", Time since last: 433003703 ns, Reaching safepoint: 35275 ns, At safepoint: 8446825 ns, Total: 8482100 ns
[2023-11-16T05:36:34.429+0000][7][safepoint   ] Safepoint "Cleanup", Time since last: 1000300837 ns, Reaching safepoint: 2137141 ns, At safepoint: 5133 ns, Total: 2142274 ns
[2023-11-16T05:36:35.429+0000][7][safepoint   ] Safepoint "Cleanup", Time since last: 1000163274 ns, Reaching safepoint: 195968 ns, At safepoint: 8503 ns, Total: 204471 ns
[2023-11-16T05:36:36.430+0000][7][safepoint   ] Safepoint "Cleanup", Time since last: 1000121776 ns, Reaching safepoint: 74038 ns, At safepoint: 5188 ns, Total: 79226 ns
[2023-11-16T05:36:37.430+0000][7][safepoint   ] Safepoint "Cleanup", Time since last: 1000336019 ns, Reaching safepoint: 37268 ns, At safepoint: 4498 ns, Total: 41766 ns
[2023-11-16T05:36:38.380+0000][7][gc,start    ] GC(86) Pause Young (Normal) (G1 Evacuation Pause)
[2023-11-16T05:36:38.380+0000][7][gc,task     ] GC(86) Using 8 workers of 8 for evacuation
[2023-11-16T05:36:38.380+0000][7][gc,age      ] GC(86) Desired survivor size 18874368 bytes, new threshold 15 (max threshold 15)
[2023-11-16T05:36:38.384+0000][7][gc,age      ] GC(86) Age table with threshold 15 (max threshold 15)
[2023-11-16T05:36:38.384+0000][7][gc,age      ] GC(86) - age   1:    1563216 bytes,    1563216 total
[2023-11-16T05:36:38.384+0000][7][gc,age      ] GC(86) - age   2:     617000 bytes,    2180216 total
[2023-11-16T05:36:38.384+0000][7][gc,age      ] GC(86) - age   3:    2100256 bytes,    4280472 total
[2023-11-16T05:36:38.384+0000][7][gc,age      ] GC(86) - age   4:    1610480 bytes,    5890952 total
[2023-11-16T05:36:38.384+0000][7][gc,age      ] GC(86) - age   5:     424424 bytes,    6315376 total
[2023-11-16T05:36:38.384+0000][7][gc,age      ] GC(86) - age   6:     522632 bytes,    6838008 total
[2023-11-16T05:36:38.384+0000][7][gc,age      ] GC(86) - age   7:     316240 bytes,    7154248 total
[2023-11-16T05:36:38.384+0000][7][gc,age      ] GC(86) - age   8:     303928 bytes,    7458176 total
[2023-11-16T05:36:38.384+0000][7][gc,age      ] GC(86) - age   9:     309280 bytes,    7767456 total
[2023-11-16T05:36:38.384+0000][7][gc,age      ] GC(86) - age  10:     233048 bytes,    8000504 total
[2023-11-16T05:36:38.384+0000][7][gc,age      ] GC(86) - age  11:     434840 bytes,    8435344 total
[2023-11-16T05:36:38.384+0000][7][gc,age      ] GC(86) - age  12:     206608 bytes,    8641952 total
[2023-11-16T05:36:38.384+0000][7][gc,age      ] GC(86) - age  13:     349488 bytes,    8991440 total
[2023-11-16T05:36:38.384+0000][7][gc,age      ] GC(86) - age  14:     268656 bytes,    9260096 total
[2023-11-16T05:36:38.384+0000][7][gc,age      ] GC(86) - age  15:     241632 bytes,    9501728 total
[2023-11-16T05:36:38.384+0000][7][gc,phases   ] GC(86)   Pre Evacuate Collection Set: 0.1ms
[2023-11-16T05:36:38.384+0000][7][gc,phases   ] GC(86)   Merge Heap Roots: 0.0ms
[2023-11-16T05:36:38.384+0000][7][gc,phases   ] GC(86)   Evacuate Collection Set: 3.3ms
[2023-11-16T05:36:38.384+0000][7][gc,phases   ] GC(86)   Post Evacuate Collection Set: 0.5ms
[2023-11-16T05:36:38.384+0000][7][gc,phases   ] GC(86)   Other: 0.3ms
[2023-11-16T05:36:38.384+0000][7][gc,heap     ] GC(86) Eden regions: 68->0(68)
[2023-11-16T05:36:38.384+0000][7][gc,heap     ] GC(86) Survivor regions: 3->3(9)
[2023-11-16T05:36:38.384+0000][7][gc,heap     ] GC(86) Old regions: 27->27
[2023-11-16T05:36:38.384+0000][7][gc,heap     ] GC(86) Archive regions: 2->2
[2023-11-16T05:36:38.384+0000][7][gc,heap     ] GC(86) Humongous regions: 5->5
[2023-11-16T05:36:38.384+0000][7][gc,metaspace] GC(86) Metaspace: 118493K(120256K)->118493K(120256K) NonClass: 102704K(103744K)->102704K(103744K) Class: 15788K(16512K)->15788K(16512K)
[2023-11-16T05:36:38.384+0000][7][gc          ] GC(86) Pause Young (Normal) (G1 Evacuation Pause) 410M->138M(512M) 4.367ms
[2023-11-16T05:36:38.384+0000][7][gc,cpu      ] GC(86) User=0.01s Sys=0.00s Real=0.00s
[2023-11-16T05:36:38.384+0000][7][safepoint   ] Safepoint "G1CollectForAllocation", Time since last: 946627994 ns, Reaching safepoint: 3222809 ns, At safepoint: 4486961 ns, Total: 7709770 ns
[2023-11-16T05:36:39.385+0000][7][safepoint   ] Safepoint "Cleanup", Time since last: 1000237292 ns, Reaching safepoint: 157566 ns, At safepoint: 6968 ns, Total: 164534 ns
[2023-11-16T05:36:41.385+0000][7][safepoint   ] Safepoint "Cleanup", Time since last: 2000190132 ns, Reaching safepoint: 84150 ns, At safepoint: 12580 ns, Total: 96730 ns
[2023-11-16T05:36:44.385+0000][7][safepoint   ] Safepoint "Cleanup", Time since last: 3000206856 ns, Reaching safepoint: 127230 ns, At safepoint: 33851 ns, Total: 161081 ns
[2023-11-16T05:36:44.518+0000][7][gc,start    ] GC(87) Pause Young (Normal) (G1 Evacuation Pause)
[2023-11-16T05:36:44.518+0000][7][gc,task     ] GC(87) Using 8 workers of 8 for evacuation
[2023-11-16T05:36:44.518+0000][7][gc,age      ] GC(87) Desired survivor size 18874368 bytes, new threshold 15 (max threshold 15)
[2023-11-16T05:36:44.526+0000][7][gc,age      ] GC(87) Age table with threshold 15 (max threshold 15)
[2023-11-16T05:36:44.526+0000][7][gc,age      ] GC(87) - age   1:    1564512 bytes,    1564512 total
[2023-11-16T05:36:44.526+0000][7][gc,age      ] GC(87) - age   2:     828464 bytes,    2392976 total
[2023-11-16T05:36:44.526+0000][7][gc,age      ] GC(87) - age   3:     615224 bytes,    3008200 total
[2023-11-16T05:36:44.526+0000][7][gc,age      ] GC(87) - age   4:    2099504 bytes,    5107704 total
[2023-11-16T05:36:44.526+0000][7][gc,age      ] GC(87) - age   5:    1610192 bytes,    6717896 total
[2023-11-16T05:36:44.526+0000][7][gc,age      ] GC(87) - age   6:     424424 bytes,    7142320 total
[2023-11-16T05:36:44.526+0000][7][gc,age      ] GC(87) - age   7:     522632 bytes,    7664952 total
[2023-11-16T05:36:44.526+0000][7][gc,age      ] GC(87) - age   8:     316240 bytes,    7981192 total
[2023-11-16T05:36:44.526+0000][7][gc,age      ] GC(87) - age   9:     303928 bytes,    8285120 total
[2023-11-16T05:36:44.526+0000][7][gc,age      ] GC(87) - age  10:     309280 bytes,    8594400 total
[2023-11-16T05:36:44.526+0000][7][gc,age      ] GC(87) - age  11:     232984 bytes,    8827384 total
[2023-11-16T05:36:44.526+0000][7][gc,age      ] GC(87) - age  12:     434840 bytes,    9262224 total
[2023-11-16T05:36:44.526+0000][7][gc,age      ] GC(87) - age  13:     206608 bytes,    9468832 total
[2023-11-16T05:36:44.526+0000][7][gc,age      ] GC(87) - age  14:     349488 bytes,    9818320 total
[2023-11-16T05:36:44.526+0000][7][gc,age      ] GC(87) - age  15:     268656 bytes,   10086976 total
[2023-11-16T05:36:44.526+0000][7][gc,phases   ] GC(87)   Pre Evacuate Collection Set: 0.1ms
[2023-11-16T05:36:44.526+0000][7][gc,phases   ] GC(87)   Merge Heap Roots: 0.0ms
[2023-11-16T05:36:44.526+0000][7][gc,phases   ] GC(87)   Evacuate Collection Set: 7.7ms
[2023-11-16T05:36:44.526+0000][7][gc,phases   ] GC(87)   Post Evacuate Collection Set: 0.6ms
[2023-11-16T05:36:44.526+0000][7][gc,phases   ] GC(87)   Other: 0.3ms
[2023-11-16T05:36:44.526+0000][7][gc,heap     ] GC(87) Eden regions: 68->0(68)
[2023-11-16T05:36:44.526+0000][7][gc,heap     ] GC(87) Survivor regions: 3->3(9)
[2023-11-16T05:36:44.526+0000][7][gc,heap     ] GC(87) Old regions: 27->27
[2023-11-16T05:36:44.526+0000][7][gc,heap     ] GC(87) Archive regions: 2->2
[2023-11-16T05:36:44.526+0000][7][gc,heap     ] GC(87) Humongous regions: 5->5
[2023-11-16T05:36:44.526+0000][7][gc,metaspace] GC(87) Metaspace: 118504K(120256K)->118504K(120256K) NonClass: 102715K(103744K)->102715K(103744K) Class: 15789K(16512K)->15789K(16512K)
[2023-11-16T05:36:44.526+0000][7][gc          ] GC(87) Pause Young (Normal) (G1 Evacuation Pause) 410M->138M(512M) 8.757ms
[2023-11-16T05:36:44.527+0000][7][gc,cpu      ] GC(87) User=0.02s Sys=0.01s Real=0.01s
[2023-11-16T05:36:44.527+0000][7][safepoint   ] Safepoint "G1CollectForAllocation", Time since last: 132193775 ns, Reaching safepoint: 89586 ns, At safepoint: 8819946 ns, Total: 8909532 ns
[2023-11-16T05:36:46.527+0000][7][safepoint   ] Safepoint "Cleanup", Time since last: 2000218390 ns, Reaching safepoint: 77595 ns, At safepoint: 11205 ns, Total: 88800 ns
[2023-11-16T05:36:49.527+0000][7][safepoint   ] Safepoint "Cleanup", Time since last: 3000517888 ns, Reaching safepoint: 120146 ns, At safepoint: 5425 ns, Total: 125571 ns
[2023-11-16T05:36:51.528+0000][7][safepoint   ] Safepoint "Cleanup", Time since last: 2000159178 ns, Reaching safepoint: 74674 ns, At safepoint: 4153 ns, Total: 78827 ns
[2023-11-16T05:36:52.528+0000][7][safepoint   ] Safepoint "Cleanup", Time since last: 1000156077 ns, Reaching safepoint: 146525 ns, At safepoint: 5389 ns, Total: 151914 ns
[2023-11-16T05:36:52.599+0000][7][gc,start    ] GC(88) Pause Young (Normal) (G1 Evacuation Pause)
[2023-11-16T05:36:52.599+0000][7][gc,task     ] GC(88) Using 8 workers of 8 for evacuation
[2023-11-16T05:36:52.599+0000][7][gc,age      ] GC(88) Desired survivor size 18874368 bytes, new threshold 15 (max threshold 15)
[2023-11-16T05:36:52.606+0000][7][gc,age      ] GC(88) Age table with threshold 15 (max threshold 15)
[2023-11-16T05:36:52.606+0000][7][gc,age      ] GC(88) - age   1:    1964936 bytes,    1964936 total
[2023-11-16T05:36:52.606+0000][7][gc,age      ] GC(88) - age   2:     279112 bytes,    2244048 total
[2023-11-16T05:36:52.606+0000][7][gc,age      ] GC(88) - age   3:     506848 bytes,    2750896 total
[2023-11-16T05:36:52.606+0000][7][gc,age      ] GC(88) - age   4:     614440 bytes,    3365336 total
[2023-11-16T05:36:52.606+0000][7][gc,age      ] GC(88) - age   5:    2083872 bytes,    5449208 total
[2023-11-16T05:36:52.606+0000][7][gc,age      ] GC(88) - age   6:    1609376 bytes,    7058584 total
[2023-11-16T05:36:52.606+0000][7][gc,age      ] GC(88) - age   7:     423728 bytes,    7482312 total
[2023-11-16T05:36:52.606+0000][7][gc,age      ] GC(88) - age   8:     522504 bytes,    8004816 total
[2023-11-16T05:36:52.606+0000][7][gc,age      ] GC(88) - age   9:     316240 bytes,    8321056 total
[2023-11-16T05:36:52.606+0000][7][gc,age      ] GC(88) - age  10:     303744 bytes,    8624800 total
[2023-11-16T05:36:52.606+0000][7][gc,age      ] GC(88) - age  11:     309216 bytes,    8934016 total
[2023-11-16T05:36:52.606+0000][7][gc,age      ] GC(88) - age  12:     232984 bytes,    9167000 total
[2023-11-16T05:36:52.606+0000][7][gc,age      ] GC(88) - age  13:     434840 bytes,    9601840 total
[2023-11-16T05:36:52.606+0000][7][gc,age      ] GC(88) - age  14:     206608 bytes,    9808448 total
[2023-11-16T05:36:52.606+0000][7][gc,age      ] GC(88) - age  15:     349488 bytes,   10157936 total
[2023-11-16T05:36:52.607+0000][7][gc,phases   ] GC(88)   Pre Evacuate Collection Set: 0.1ms
[2023-11-16T05:36:52.607+0000][7][gc,phases   ] GC(88)   Merge Heap Roots: 0.0ms
[2023-11-16T05:36:52.607+0000][7][gc,phases   ] GC(88)   Evacuate Collection Set: 6.3ms
[2023-11-16T05:36:52.607+0000][7][gc,phases   ] GC(88)   Post Evacuate Collection Set: 0.8ms
[2023-11-16T05:36:52.607+0000][7][gc,phases   ] GC(88)   Other: 0.4ms
[2023-11-16T05:36:52.607+0000][7][gc,heap     ] GC(88) Eden regions: 68->0(68)
[2023-11-16T05:36:52.607+0000][7][gc,heap     ] GC(88) Survivor regions: 3->3(9)
[2023-11-16T05:36:52.607+0000][7][gc,heap     ] GC(88) Old regions: 27->27
[2023-11-16T05:36:52.607+0000][7][gc,heap     ] GC(88) Archive regions: 2->2
[2023-11-16T05:36:52.607+0000][7][gc,heap     ] GC(88) Humongous regions: 5->5
[2023-11-16T05:36:52.607+0000][7][gc,metaspace] GC(88) Metaspace: 118507K(120256K)->118507K(120256K) NonClass: 102717K(103744K)->102717K(103744K) Class: 15789K(16512K)->15789K(16512K)
[2023-11-16T05:36:52.607+0000][7][gc          ] GC(88) Pause Young (Normal) (G1 Evacuation Pause) 410M->139M(512M) 7.672ms
[2023-11-16T05:36:52.607+0000][7][gc,cpu      ] GC(88) User=0.03s Sys=0.00s Real=0.00s
[2023-11-16T05:36:52.607+0000][7][safepoint   ] Safepoint "G1CollectForAllocation", Time since last: 70761217 ns, Reaching safepoint: 100353 ns, At safepoint: 7762688 ns, Total: 7863041 ns
[2023-11-16T05:36:53.607+0000][7][safepoint   ] Safepoint "Cleanup", Time since last: 1000115305 ns, Reaching safepoint: 73155 ns, At safepoint: 4721 ns, Total: 77876 ns
[2023-11-16T05:36:54.607+0000][7][safepoint   ] Safepoint "Cleanup", Time since last: 1000091569 ns, Reaching safepoint: 64292 ns, At safepoint: 6322 ns, Total: 70614 ns
[2023-11-16T05:36:55.607+0000][7][safepoint   ] Safepoint "Cleanup", Time since last: 1000225765 ns, Reaching safepoint: 72594 ns, At safepoint: 5175 ns, Total: 77769 ns
[2023-11-16T05:36:56.608+0000][7][safepoint   ] Safepoint "Cleanup", Time since last: 1000369875 ns, Reaching safepoint: 93330 ns, At safepoint: 6348 ns, Total: 99678 ns
[2023-11-16T05:36:58.608+0000][7][safepoint   ] Safepoint "Cleanup", Time since last: 2000452468 ns, Reaching safepoint: 84197 ns, At safepoint: 8349 ns, Total: 92546 ns
[2023-11-16T05:36:59.180+0000][7][gc,start    ] GC(89) Pause Young (Normal) (G1 Evacuation Pause)
[2023-11-16T05:36:59.180+0000][7][gc,task     ] GC(89) Using 8 workers of 8 for evacuation
[2023-11-16T05:36:59.180+0000][7][gc,age      ] GC(89) Desired survivor size 18874368 bytes, new threshold 15 (max threshold 15)
[2023-11-16T05:36:59.186+0000][7][gc,age      ] GC(89) Age table with threshold 15 (max threshold 15)
[2023-11-16T05:36:59.186+0000][7][gc,age      ] GC(89) - age   1:    1922992 bytes,    1922992 total
[2023-11-16T05:36:59.186+0000][7][gc,age      ] GC(89) - age   2:     463056 bytes,    2386048 total
[2023-11-16T05:36:59.186+0000][7][gc,age      ] GC(89) - age   3:     262352 bytes,    2648400 total
[2023-11-16T05:36:59.186+0000][7][gc,age      ] GC(89) - age   4:     506264 bytes,    3154664 total
[2023-11-16T05:36:59.186+0000][7][gc,age      ] GC(89) - age   5:     600496 bytes,    3755160 total
[2023-11-16T05:36:59.186+0000][7][gc,age      ] GC(89) - age   6:    2082968 bytes,    5838128 total
[2023-11-16T05:36:59.186+0000][7][gc,age      ] GC(89) - age   7:    1608240 bytes,    7446368 total
[2023-11-16T05:36:59.186+0000][7][gc,age      ] GC(89) - age   8:     423640 bytes,    7870008 total
[2023-11-16T05:36:59.186+0000][7][gc,age      ] GC(89) - age   9:     522440 bytes,    8392448 total
[2023-11-16T05:36:59.186+0000][7][gc,age      ] GC(89) - age  10:     316176 bytes,    8708624 total
[2023-11-16T05:36:59.186+0000][7][gc,age      ] GC(89) - age  11:     303312 bytes,    9011936 total
[2023-11-16T05:36:59.186+0000][7][gc,age      ] GC(89) - age  12:     309216 bytes,    9321152 total
[2023-11-16T05:36:59.186+0000][7][gc,age      ] GC(89) - age  13:     232984 bytes,    9554136 total
[2023-11-16T05:36:59.186+0000][7][gc,age      ] GC(89) - age  14:     434840 bytes,    9988976 total
[2023-11-16T05:36:59.186+0000][7][gc,age      ] GC(89) - age  15:     206608 bytes,   10195584 total
[2023-11-16T05:36:59.186+0000][7][gc,phases   ] GC(89)   Pre Evacuate Collection Set: 0.1ms
[2023-11-16T05:36:59.186+0000][7][gc,phases   ] GC(89)   Merge Heap Roots: 0.1ms
[2023-11-16T05:36:59.186+0000][7][gc,phases   ] GC(89)   Evacuate Collection Set: 5.4ms
[2023-11-16T05:36:59.186+0000][7][gc,phases   ] GC(89)   Post Evacuate Collection Set: 0.6ms
[2023-11-16T05:36:59.186+0000][7][gc,phases   ] GC(89)   Other: 0.3ms
[2023-11-16T05:36:59.186+0000][7][gc,heap     ] GC(89) Eden regions: 68->0(68)
[2023-11-16T05:36:59.186+0000][7][gc,heap     ] GC(89) Survivor regions: 3->3(9)
[2023-11-16T05:36:59.186+0000][7][gc,heap     ] GC(89) Old regions: 27->27
[2023-11-16T05:36:59.186+0000][7][gc,heap     ] GC(89) Archive regions: 2->2
[2023-11-16T05:36:59.186+0000][7][gc,heap     ] GC(89) Humongous regions: 5->5
[2023-11-16T05:36:59.186+0000][7][gc,metaspace] GC(89) Metaspace: 118518K(120256K)->118518K(120256K) NonClass: 102728K(103744K)->102728K(103744K) Class: 15789K(16512K)->15789K(16512K)
[2023-11-16T05:36:59.186+0000][7][gc          ] GC(89) Pause Young (Normal) (G1 Evacuation Pause) 411M->139M(512M) 6.417ms
[2023-11-16T05:36:59.186+0000][7][gc,cpu      ] GC(89) User=0.02s Sys=0.01s Real=0.00s
[2023-11-16T05:36:59.186+0000][7][safepoint   ] Safepoint "G1CollectForAllocation", Time since last: 571578891 ns, Reaching safepoint: 58601 ns, At safepoint: 6477350 ns, Total: 6535951 ns
[2023-11-16T05:37:01.187+0000][7][safepoint   ] Safepoint "Cleanup", Time since last: 2000402121 ns, Reaching safepoint: 51722 ns, At safepoint: 25874 ns, Total: 77596 ns
[2023-11-16T05:37:02.889+0000][7][safepoint   ] Safepoint "Cleanup", Time since last: 1701553096 ns, Reaching safepoint: 145156 ns, At safepoint: 16992 ns, Total: 162148 ns
[2023-11-16T05:37:03.889+0000][7][safepoint   ] Safepoint "Cleanup", Time since last: 1000119889 ns, Reaching safepoint: 67443 ns, At safepoint: 9118 ns, Total: 76561 ns
[2023-11-16T05:37:04.889+0000][7][safepoint   ] Safepoint "Cleanup", Time since last: 1000144022 ns, Reaching safepoint: 78654 ns, At safepoint: 5704 ns, Total: 84358 ns
[2023-11-16T05:37:05.889+0000][7][safepoint   ] Safepoint "Cleanup", Time since last: 1000165727 ns, Reaching safepoint: 97647 ns, At safepoint: 9082 ns, Total: 106729 ns
[2023-11-16T05:37:06.500+0000][7][gc,start    ] GC(90) Pause Young (Normal) (G1 Evacuation Pause)
[2023-11-16T05:37:06.500+0000][7][gc,task     ] GC(90) Using 8 workers of 8 for evacuation
[2023-11-16T05:37:06.500+0000][7][gc,age      ] GC(90) Desired survivor size 18874368 bytes, new threshold 15 (max threshold 15)
[2023-11-16T05:37:06.506+0000][7][gc,age      ] GC(90) Age table with threshold 15 (max threshold 15)
[2023-11-16T05:37:06.506+0000][7][gc,age      ] GC(90) - age   1:    1560592 bytes,    1560592 total
[2023-11-16T05:37:06.506+0000][7][gc,age      ] GC(90) - age   2:     253584 bytes,    1814176 total
[2023-11-16T05:37:06.506+0000][7][gc,age      ] GC(90) - age   3:       3256 bytes,    1817432 total
[2023-11-16T05:37:06.506+0000][7][gc,age      ] GC(90) - age   4:      66416 bytes,    1883848 total
[2023-11-16T05:37:06.506+0000][7][gc,age      ] GC(90) - age   5:     414144 bytes,    2297992 total
[2023-11-16T05:37:06.506+0000][7][gc,age      ] GC(90) - age   6:     599832 bytes,    2897824 total
[2023-11-16T05:37:06.506+0000][7][gc,age      ] GC(90) - age   7:    1997136 bytes,    4894960 total
[2023-11-16T05:37:06.506+0000][7][gc,age      ] GC(90) - age   8:    1556048 bytes,    6451008 total
[2023-11-16T05:37:06.506+0000][7][gc,age      ] GC(90) - age   9:     423512 bytes,    6874520 total
[2023-11-16T05:37:06.506+0000][7][gc,age      ] GC(90) - age  10:     522440 bytes,    7396960 total
[2023-11-16T05:37:06.506+0000][7][gc,age      ] GC(90) - age  11:     316176 bytes,    7713136 total
[2023-11-16T05:37:06.506+0000][7][gc,age      ] GC(90) - age  12:     303312 bytes,    8016448 total
[2023-11-16T05:37:06.506+0000][7][gc,age      ] GC(90) - age  13:     309152 bytes,    8325600 total
[2023-11-16T05:37:06.506+0000][7][gc,age      ] GC(90) - age  14:     232984 bytes,    8558584 total
[2023-11-16T05:37:06.506+0000][7][gc,age      ] GC(90) - age  15:     434776 bytes,    8993360 total
[2023-11-16T05:37:06.506+0000][7][gc,phases   ] GC(90)   Pre Evacuate Collection Set: 0.1ms
[2023-11-16T05:37:06.506+0000][7][gc,phases   ] GC(90)   Merge Heap Roots: 0.0ms
[2023-11-16T05:37:06.506+0000][7][gc,phases   ] GC(90)   Evacuate Collection Set: 5.1ms
[2023-11-16T05:37:06.506+0000][7][gc,phases   ] GC(90)   Post Evacuate Collection Set: 0.5ms
[2023-11-16T05:37:06.506+0000][7][gc,phases   ] GC(90)   Other: 0.3ms
[2023-11-16T05:37:06.506+0000][7][gc,heap     ] GC(90) Eden regions: 68->0(68)
[2023-11-16T05:37:06.506+0000][7][gc,heap     ] GC(90) Survivor regions: 3->3(9)
[2023-11-16T05:37:06.506+0000][7][gc,heap     ] GC(90) Old regions: 27->27
[2023-11-16T05:37:06.506+0000][7][gc,heap     ] GC(90) Archive regions: 2->2
[2023-11-16T05:37:06.506+0000][7][gc,heap     ] GC(90) Humongous regions: 5->5
[2023-11-16T05:37:06.506+0000][7][gc,metaspace] GC(90) Metaspace: 118530K(120256K)->118530K(120256K) NonClass: 102740K(103744K)->102740K(103744K) Class: 15789K(16512K)->15789K(16512K)
[2023-11-16T05:37:06.506+0000][7][gc          ] GC(90) Pause Young (Normal) (G1 Evacuation Pause) 411M->138M(512M) 6.061ms
[2023-11-16T05:37:06.506+0000][7][gc,cpu      ] GC(90) User=0.02s Sys=0.00s Real=0.00s
[2023-11-16T05:37:06.506+0000][7][safepoint   ] Safepoint "G1CollectForAllocation", Time since last: 610741069 ns, Reaching safepoint: 41529 ns, At safepoint: 6137634 ns, Total: 6179163 ns
[2023-11-16T05:37:07.507+0000][7][safepoint   ] Safepoint "Cleanup", Time since last: 1000321776 ns, Reaching safepoint: 74351 ns, At safepoint: 24681 ns, Total: 99032 ns
[2023-11-16T05:37:08.507+0000][7][safepoint   ] Safepoint "Cleanup", Time since last: 1000090622 ns, Reaching safepoint: 86593 ns, At safepoint: 7564 ns, Total: 94157 ns
[2023-11-16T05:37:09.507+0000][7][safepoint   ] Safepoint "Cleanup", Time since last: 1000155070 ns, Reaching safepoint: 152243 ns, At safepoint: 2950 ns, Total: 155193 ns
[2023-11-16T05:37:11.508+0000][7][safepoint   ] Safepoint "Cleanup", Time since last: 2000255490 ns, Reaching safepoint: 189912 ns, At safepoint: 5507 ns, Total: 195419 ns
[2023-11-16T05:37:14.508+0000][7][safepoint   ] Safepoint "Cleanup", Time since last: 3000476735 ns, Reaching safepoint: 151261 ns, At safepoint: 4842 ns, Total: 156103 ns
[2023-11-16T05:37:17.509+0000][7][safepoint   ] Safepoint "Cleanup", Time since last: 3000601217 ns, Reaching safepoint: 44443 ns, At safepoint: 18219 ns, Total: 62662 ns
[2023-11-16T05:37:19.509+0000][7][safepoint   ] Safepoint "Cleanup", Time since last: 2000294194 ns, Reaching safepoint: 118941 ns, At safepoint: 4208 ns, Total: 123149 ns
[2023-11-16T05:37:20.509+0000][7][safepoint   ] Safepoint "Cleanup", Time since last: 1000090321 ns, Reaching safepoint: 76987 ns, At safepoint: 5905 ns, Total: 82892 ns
[2023-11-16T05:37:20.751+0000][7][gc,start    ] GC(91) Pause Young (Normal) (G1 Evacuation Pause)
[2023-11-16T05:37:20.751+0000][7][gc,task     ] GC(91) Using 8 workers of 8 for evacuation
[2023-11-16T05:37:20.751+0000][7][gc,age      ] GC(91) Desired survivor size 18874368 bytes, new threshold 15 (max threshold 15)
[2023-11-16T05:37:20.759+0000][7][gc,age      ] GC(91) Age table with threshold 15 (max threshold 15)
[2023-11-16T05:37:20.759+0000][7][gc,age      ] GC(91) - age   1:    2146368 bytes,    2146368 total
[2023-11-16T05:37:20.759+0000][7][gc,age      ] GC(91) - age   2:     864648 bytes,    3011016 total
[2023-11-16T05:37:20.760+0000][7][gc,age      ] GC(91) - age   3:     249976 bytes,    3260992 total
[2023-11-16T05:37:20.760+0000][7][gc,age      ] GC(91) - age   4:       2296 bytes,    3263288 total
[2023-11-16T05:37:20.760+0000][7][gc,age      ] GC(91) - age   5:      66168 bytes,    3329456 total
[2023-11-16T05:37:20.760+0000][7][gc,age      ] GC(91) - age   6:     413824 bytes,    3743280 total
[2023-11-16T05:37:20.760+0000][7][gc,age      ] GC(91) - age   7:     599832 bytes,    4343112 total
[2023-11-16T05:37:20.760+0000][7][gc,age      ] GC(91) - age   8:    1997008 bytes,    6340120 total
[2023-11-16T05:37:20.760+0000][7][gc,age      ] GC(91) - age   9:    1555920 bytes,    7896040 total
[2023-11-16T05:37:20.760+0000][7][gc,age      ] GC(91) - age  10:     423448 bytes,    8319488 total
[2023-11-16T05:37:20.760+0000][7][gc,age      ] GC(91) - age  11:     522440 bytes,    8841928 total
[2023-11-16T05:37:20.760+0000][7][gc,age      ] GC(91) - age  12:     316112 bytes,    9158040 total
[2023-11-16T05:37:20.760+0000][7][gc,age      ] GC(91) - age  13:     303312 bytes,    9461352 total
[2023-11-16T05:37:20.760+0000][7][gc,age      ] GC(91) - age  14:     309152 bytes,    9770504 total
[2023-11-16T05:37:20.760+0000][7][gc,age      ] GC(91) - age  15:     232984 bytes,   10003488 total
[2023-11-16T05:37:20.760+0000][7][gc,phases   ] GC(91)   Pre Evacuate Collection Set: 0.1ms
[2023-11-16T05:37:20.760+0000][7][gc,phases   ] GC(91)   Merge Heap Roots: 0.1ms
[2023-11-16T05:37:20.760+0000][7][gc,phases   ] GC(91)   Evacuate Collection Set: 7.2ms
[2023-11-16T05:37:20.760+0000][7][gc,phases   ] GC(91)   Post Evacuate Collection Set: 0.6ms
[2023-11-16T05:37:20.760+0000][7][gc,phases   ] GC(91)   Other: 0.3ms
[2023-11-16T05:37:20.760+0000][7][gc,heap     ] GC(91) Eden regions: 68->0(68)
[2023-11-16T05:37:20.760+0000][7][gc,heap     ] GC(91) Survivor regions: 3->3(9)
[2023-11-16T05:37:20.760+0000][7][gc,heap     ] GC(91) Old regions: 27->27
[2023-11-16T05:37:20.760+0000][7][gc,heap     ] GC(91) Archive regions: 2->2
[2023-11-16T05:37:20.760+0000][7][gc,heap     ] GC(91) Humongous regions: 5->5
[2023-11-16T05:37:20.760+0000][7][gc,metaspace] GC(91) Metaspace: 118562K(120320K)->118562K(120320K) NonClass: 102772K(103808K)->102772K(103808K) Class: 15789K(16512K)->15789K(16512K)
[2023-11-16T05:37:20.760+0000][7][gc          ] GC(91) Pause Young (Normal) (G1 Evacuation Pause) 410M->140M(512M) 8.370ms
[2023-11-16T05:37:20.760+0000][7][gc,cpu      ] GC(91) User=0.02s Sys=0.00s Real=0.01s
[2023-11-16T05:37:20.760+0000][7][safepoint   ] Safepoint "G1CollectForAllocation", Time since last: 241635363 ns, Reaching safepoint: 88160 ns, At safepoint: 8483987 ns, Total: 8572147 ns
[2023-11-16T05:37:21.760+0000][7][safepoint   ] Safepoint "Cleanup", Time since last: 1000261341 ns, Reaching safepoint: 37614 ns, At safepoint: 5199 ns, Total: 42813 ns
[2023-11-16T05:37:22.760+0000][7][safepoint   ] Safepoint "Cleanup", Time since last: 1000135036 ns, Reaching safepoint: 53141 ns, At safepoint: 24292 ns, Total: 77433 ns
[2023-11-16T05:37:23.760+0000][7][safepoint   ] Safepoint "Cleanup", Time since last: 1000101062 ns, Reaching safepoint: 72074 ns, At safepoint: 25358 ns, Total: 97432 ns
[2023-11-16T05:37:24.761+0000][7][safepoint   ] Safepoint "Cleanup", Time since last: 1000115707 ns, Reaching safepoint: 52027 ns, At safepoint: 4767 ns, Total: 56794 ns
[2023-11-16T05:37:25.761+0000][7][safepoint   ] Safepoint "Cleanup", Time since last: 1000084980 ns, Reaching safepoint: 64579 ns, At safepoint: 6786 ns, Total: 71365 ns
[2023-11-16T05:37:26.761+0000][7][safepoint   ] Safepoint "Cleanup", Time since last: 1000131384 ns, Reaching safepoint: 53452 ns, At safepoint: 6677 ns, Total: 60129 ns
[2023-11-16T05:37:26.817+0000][7][gc,start    ] GC(92) Pause Young (Normal) (G1 Evacuation Pause)
[2023-11-16T05:37:26.817+0000][7][gc,task     ] GC(92) Using 8 workers of 8 for evacuation
[2023-11-16T05:37:26.817+0000][7][gc,age      ] GC(92) Desired survivor size 18874368 bytes, new threshold 15 (max threshold 15)
[2023-11-16T05:37:26.826+0000][7][gc,age      ] GC(92) Age table with threshold 15 (max threshold 15)
[2023-11-16T05:37:26.826+0000][7][gc,age      ] GC(92) - age   1:    2015608 bytes,    2015608 total
[2023-11-16T05:37:26.826+0000][7][gc,age      ] GC(92) - age   2:     451592 bytes,    2467200 total
[2023-11-16T05:37:26.826+0000][7][gc,age      ] GC(92) - age   3:     468568 bytes,    2935768 total
[2023-11-16T05:37:26.826+0000][7][gc,age      ] GC(92) - age   4:      93464 bytes,    3029232 total
[2023-11-16T05:37:26.826+0000][7][gc,age      ] GC(92) - age   5:       2264 bytes,    3031496 total
[2023-11-16T05:37:26.826+0000][7][gc,age      ] GC(92) - age   6:      66168 bytes,    3097664 total
[2023-11-16T05:37:26.826+0000][7][gc,age      ] GC(92) - age   7:     413824 bytes,    3511488 total
[2023-11-16T05:37:26.826+0000][7][gc,age      ] GC(92) - age   8:     599536 bytes,    4111024 total
[2023-11-16T05:37:26.826+0000][7][gc,age      ] GC(92) - age   9:    1997008 bytes,    6108032 total
[2023-11-16T05:37:26.826+0000][7][gc,age      ] GC(92) - age  10:    1555312 bytes,    7663344 total
[2023-11-16T05:37:26.826+0000][7][gc,age      ] GC(92) - age  11:     423448 bytes,    8086792 total
[2023-11-16T05:37:26.826+0000][7][gc,age      ] GC(92) - age  12:     522440 bytes,    8609232 total
[2023-11-16T05:37:26.826+0000][7][gc,age      ] GC(92) - age  13:     316112 bytes,    8925344 total
[2023-11-16T05:37:26.826+0000][7][gc,age      ] GC(92) - age  14:     303312 bytes,    9228656 total
[2023-11-16T05:37:26.826+0000][7][gc,age      ] GC(92) - age  15:     309152 bytes,    9537808 total
[2023-11-16T05:37:26.826+0000][7][gc,phases   ] GC(92)   Pre Evacuate Collection Set: 0.1ms
[2023-11-16T05:37:26.826+0000][7][gc,phases   ] GC(92)   Merge Heap Roots: 0.1ms
[2023-11-16T05:37:26.826+0000][7][gc,phases   ] GC(92)   Evacuate Collection Set: 7.9ms
[2023-11-16T05:37:26.826+0000][7][gc,phases   ] GC(92)   Post Evacuate Collection Set: 0.6ms
[2023-11-16T05:37:26.826+0000][7][gc,phases   ] GC(92)   Other: 0.3ms
[2023-11-16T05:37:26.826+0000][7][gc,heap     ] GC(92) Eden regions: 68->0(68)
[2023-11-16T05:37:26.826+0000][7][gc,heap     ] GC(92) Survivor regions: 3->3(9)
[2023-11-16T05:37:26.826+0000][7][gc,heap     ] GC(92) Old regions: 27->27
[2023-11-16T05:37:26.826+0000][7][gc,heap     ] GC(92) Archive regions: 2->2
[2023-11-16T05:37:26.826+0000][7][gc,heap     ] GC(92) Humongous regions: 5->5
[2023-11-16T05:37:26.826+0000][7][gc,metaspace] GC(92) Metaspace: 118564K(120320K)->118564K(120320K) NonClass: 102774K(103808K)->102774K(103808K) Class: 15789K(16512K)->15789K(16512K)
[2023-11-16T05:37:26.826+0000][7][gc          ] GC(92) Pause Young (Normal) (G1 Evacuation Pause) 412M->140M(512M) 8.992ms
[2023-11-16T05:37:26.826+0000][7][gc,cpu      ] GC(92) User=0.02s Sys=0.01s Real=0.01s
[2023-11-16T05:37:26.826+0000][7][safepoint   ] Safepoint "G1CollectForAllocation", Time since last: 56105911 ns, Reaching safepoint: 130102 ns, At safepoint: 9109071 ns, Total: 9239173 ns
[2023-11-16T05:37:28.827+0000][7][safepoint   ] Safepoint "Cleanup", Time since last: 2000399532 ns, Reaching safepoint: 87550 ns, At safepoint: 11568 ns, Total: 99118 ns
[2023-11-16T05:37:29.827+0000][7][safepoint   ] Safepoint "Cleanup", Time since last: 1000099896 ns, Reaching safepoint: 80462 ns, At safepoint: 6165 ns, Total: 86627 ns
[2023-11-16T05:37:31.827+0000][7][safepoint   ] Safepoint "Cleanup", Time since last: 2000336188 ns, Reaching safepoint: 48345 ns, At safepoint: 5350 ns, Total: 53695 ns
[2023-11-16T05:37:32.828+0000][7][safepoint   ] Safepoint "Cleanup", Time since last: 1000231343 ns, Reaching safepoint: 33501 ns, At safepoint: 3919 ns, Total: 37420 ns
[2023-11-16T05:37:33.828+0000][7][safepoint   ] Safepoint "Cleanup", Time since last: 1000264868 ns, Reaching safepoint: 52936 ns, At safepoint: 4684 ns, Total: 57620 ns
[2023-11-16T05:37:33.894+0000][7][gc,start    ] GC(93) Pause Young (Normal) (G1 Evacuation Pause)
[2023-11-16T05:37:33.894+0000][7][gc,task     ] GC(93) Using 8 workers of 8 for evacuation
[2023-11-16T05:37:33.894+0000][7][gc,age      ] GC(93) Desired survivor size 18874368 bytes, new threshold 15 (max threshold 15)
[2023-11-16T05:37:33.903+0000][7][gc,age      ] GC(93) Age table with threshold 15 (max threshold 15)
[2023-11-16T05:37:33.903+0000][7][gc,age      ] GC(93) - age   1:    1002616 bytes,    1002616 total
[2023-11-16T05:37:33.903+0000][7][gc,age      ] GC(93) - age   2:     185704 bytes,    1188320 total
[2023-11-16T05:37:33.903+0000][7][gc,age      ] GC(93) - age   3:       2800 bytes,    1191120 total
[2023-11-16T05:37:33.903+0000][7][gc,age      ] GC(93) - age   4:      28440 bytes,    1219560 total
[2023-11-16T05:37:33.903+0000][7][gc,age      ] GC(93) - age   5:      36664 bytes,    1256224 total
[2023-11-16T05:37:33.903+0000][7][gc,age      ] GC(93) - age   6:       2104 bytes,    1258328 total
[2023-11-16T05:37:33.903+0000][7][gc,age      ] GC(93) - age   7:      66104 bytes,    1324432 total
[2023-11-16T05:37:33.903+0000][7][gc,age      ] GC(93) - age   8:     413480 bytes,    1737912 total
[2023-11-16T05:37:33.903+0000][7][gc,age      ] GC(93) - age   9:     598976 bytes,    2336888 total
[2023-11-16T05:37:33.903+0000][7][gc,age      ] GC(93) - age  10:    1996944 bytes,    4333832 total
[2023-11-16T05:37:33.903+0000][7][gc,age      ] GC(93) - age  11:    1555248 bytes,    5889080 total
[2023-11-16T05:37:33.903+0000][7][gc,age      ] GC(93) - age  12:     423384 bytes,    6312464 total
[2023-11-16T05:37:33.903+0000][7][gc,age      ] GC(93) - age  13:     522440 bytes,    6834904 total
[2023-11-16T05:37:33.903+0000][7][gc,age      ] GC(93) - age  14:     316112 bytes,    7151016 total
[2023-11-16T05:37:33.903+0000][7][gc,age      ] GC(93) - age  15:     303312 bytes,    7454328 total
[2023-11-16T05:37:33.903+0000][7][gc,phases   ] GC(93)   Pre Evacuate Collection Set: 0.1ms
[2023-11-16T05:37:33.903+0000][7][gc,phases   ] GC(93)   Merge Heap Roots: 0.1ms
[2023-11-16T05:37:33.903+0000][7][gc,phases   ] GC(93)   Evacuate Collection Set: 7.9ms
[2023-11-16T05:37:33.903+0000][7][gc,phases   ] GC(93)   Post Evacuate Collection Set: 0.6ms
[2023-11-16T05:37:33.903+0000][7][gc,phases   ] GC(93)   Other: 0.3ms
[2023-11-16T05:37:33.903+0000][7][gc,heap     ] GC(93) Eden regions: 68->0(70)
[2023-11-16T05:37:33.903+0000][7][gc,heap     ] GC(93) Survivor regions: 3->2(9)
[2023-11-16T05:37:33.903+0000][7][gc,heap     ] GC(93) Old regions: 27->27
[2023-11-16T05:37:33.903+0000][7][gc,heap     ] GC(93) Archive regions: 2->2
[2023-11-16T05:37:33.903+0000][7][gc,heap     ] GC(93) Humongous regions: 5->5
[2023-11-16T05:37:33.903+0000][7][gc,metaspace] GC(93) Metaspace: 118565K(120320K)->118565K(120320K) NonClass: 102776K(103808K)->102776K(103808K) Class: 15789K(16512K)->15789K(16512K)
[2023-11-16T05:37:33.903+0000][7][gc          ] GC(93) Pause Young (Normal) (G1 Evacuation Pause) 412M->138M(512M) 8.812ms
[2023-11-16T05:37:33.903+0000][7][gc,cpu      ] GC(93) User=0.02s Sys=0.00s Real=0.01s
[2023-11-16T05:37:33.903+0000][7][safepoint   ] Safepoint "G1CollectForAllocation", Time since last: 65923349 ns, Reaching safepoint: 29945 ns, At safepoint: 8933929 ns, Total: 8963874 ns
[2023-11-16T05:37:34.903+0000][7][safepoint   ] Safepoint "Cleanup", Time since last: 1000085487 ns, Reaching safepoint: 75561 ns, At safepoint: 8518 ns, Total: 84079 ns
[2023-11-16T05:37:36.904+0000][7][safepoint   ] Safepoint "Cleanup", Time since last: 2000366848 ns, Reaching safepoint: 147891 ns, At safepoint: 12906 ns, Total: 160797 ns
[2023-11-16T05:37:37.904+0000][7][safepoint   ] Safepoint "Cleanup", Time since last: 1000329900 ns, Reaching safepoint: 76968 ns, At safepoint: 6046 ns, Total: 83014 ns
[2023-11-16T05:37:38.904+0000][7][safepoint   ] Safepoint "Cleanup", Time since last: 1000292339 ns, Reaching safepoint: 66073 ns, At safepoint: 6471 ns, Total: 72544 ns
[2023-11-16T05:37:40.905+0000][7][safepoint   ] Safepoint "Cleanup", Time since last: 2000337414 ns, Reaching safepoint: 181154 ns, At safepoint: 5102 ns, Total: 186256 ns
[2023-11-16T05:37:41.021+0000][7][gc,start    ] GC(94) Pause Young (Normal) (G1 Evacuation Pause)
[2023-11-16T05:37:41.021+0000][7][gc,task     ] GC(94) Using 8 workers of 8 for evacuation
[2023-11-16T05:37:41.021+0000][7][gc,age      ] GC(94) Desired survivor size 18874368 bytes, new threshold 15 (max threshold 15)
[2023-11-16T05:37:41.033+0000][7][gc,age      ] GC(94) Age table with threshold 15 (max threshold 15)
[2023-11-16T05:37:41.033+0000][7][gc,age      ] GC(94) - age   1:    2918720 bytes,    2918720 total
[2023-11-16T05:37:41.033+0000][7][gc,age      ] GC(94) - age   2:     453112 bytes,    3371832 total
[2023-11-16T05:37:41.033+0000][7][gc,age      ] GC(94) - age   3:     183248 bytes,    3555080 total
[2023-11-16T05:37:41.033+0000][7][gc,age      ] GC(94) - age   4:       1560 bytes,    3556640 total
[2023-11-16T05:37:41.033+0000][7][gc,age      ] GC(94) - age   5:      27864 bytes,    3584504 total
[2023-11-16T05:37:41.033+0000][7][gc,age      ] GC(94) - age   6:      36448 bytes,    3620952 total
[2023-11-16T05:37:41.033+0000][7][gc,age      ] GC(94) - age   7:       2040 bytes,    3622992 total
[2023-11-16T05:37:41.033+0000][7][gc,age      ] GC(94) - age   8:      65976 bytes,    3688968 total
[2023-11-16T05:37:41.033+0000][7][gc,age      ] GC(94) - age   9:     413480 bytes,    4102448 total
[2023-11-16T05:37:41.033+0000][7][gc,age      ] GC(94) - age  10:     598976 bytes,    4701424 total
[2023-11-16T05:37:41.033+0000][7][gc,age      ] GC(94) - age  11:    1996752 bytes,    6698176 total
[2023-11-16T05:37:41.033+0000][7][gc,age      ] GC(94) - age  12:    1555248 bytes,    8253424 total
[2023-11-16T05:37:41.033+0000][7][gc,age      ] GC(94) - age  13:     423256 bytes,    8676680 total
[2023-11-16T05:37:41.033+0000][7][gc,age      ] GC(94) - age  14:     522312 bytes,    9198992 total
[2023-11-16T05:37:41.033+0000][7][gc,age      ] GC(94) - age  15:     316112 bytes,    9515104 total
[2023-11-16T05:37:41.033+0000][7][gc,phases   ] GC(94)   Pre Evacuate Collection Set: 0.1ms
[2023-11-16T05:37:41.033+0000][7][gc,phases   ] GC(94)   Merge Heap Roots: 0.0ms
[2023-11-16T05:37:41.033+0000][7][gc,phases   ] GC(94)   Evacuate Collection Set: 10.7ms
[2023-11-16T05:37:41.033+0000][7][gc,phases   ] GC(94)   Post Evacuate Collection Set: 0.5ms
[2023-11-16T05:37:41.033+0000][7][gc,phases   ] GC(94)   Other: 0.3ms
[2023-11-16T05:37:41.033+0000][7][gc,heap     ] GC(94) Eden regions: 70->0(68)
[2023-11-16T05:37:41.033+0000][7][gc,heap     ] GC(94) Survivor regions: 2->3(9)
[2023-11-16T05:37:41.033+0000][7][gc,heap     ] GC(94) Old regions: 27->27
[2023-11-16T05:37:41.033+0000][7][gc,heap     ] GC(94) Archive regions: 2->2
[2023-11-16T05:37:41.033+0000][7][gc,heap     ] GC(94) Humongous regions: 5->5
[2023-11-16T05:37:41.033+0000][7][gc,metaspace] GC(94) Metaspace: 118571K(120320K)->118571K(120320K) NonClass: 102781K(103808K)->102781K(103808K) Class: 15789K(16512K)->15789K(16512K)
[2023-11-16T05:37:41.033+0000][7][gc          ] GC(94) Pause Young (Normal) (G1 Evacuation Pause) 418M->140M(512M) 11.658ms
[2023-11-16T05:37:41.033+0000][7][gc,cpu      ] GC(94) User=0.05s Sys=0.00s Real=0.01s
[2023-11-16T05:37:41.033+0000][7][safepoint   ] Safepoint "G1CollectForAllocation", Time since last: 116351012 ns, Reaching safepoint: 100815 ns, At safepoint: 11725209 ns, Total: 11826024 ns
[2023-11-16T05:37:42.033+0000][7][safepoint   ] Safepoint "Cleanup", Time since last: 1000087299 ns, Reaching safepoint: 36724 ns, At safepoint: 4870 ns, Total: 41594 ns
[2023-11-16T05:37:43.034+0000][7][safepoint   ] Safepoint "Cleanup", Time since last: 1000371700 ns, Reaching safepoint: 85748 ns, At safepoint: 9641 ns, Total: 95389 ns
[2023-11-16T05:37:44.034+0000][7][safepoint   ] Safepoint "Cleanup", Time since last: 1000130782 ns, Reaching safepoint: 62356 ns, At safepoint: 4225 ns, Total: 66581 ns
[2023-11-16T05:37:46.034+0000][7][safepoint   ] Safepoint "Cleanup", Time since last: 2000516218 ns, Reaching safepoint: 98556 ns, At safepoint: 6751 ns, Total: 105307 ns
[2023-11-16T05:37:47.035+0000][7][safepoint   ] Safepoint "Cleanup", Time since last: 1000366960 ns, Reaching safepoint: 101376 ns, At safepoint: 4809 ns, Total: 106185 ns
[2023-11-16T05:37:49.027+0000][7][gc,start    ] GC(95) Pause Young (Normal) (G1 Evacuation Pause)
[2023-11-16T05:37:49.027+0000][7][gc,task     ] GC(95) Using 8 workers of 8 for evacuation
[2023-11-16T05:37:49.027+0000][7][gc,age      ] GC(95) Desired survivor size 18874368 bytes, new threshold 15 (max threshold 15)
[2023-11-16T05:37:49.036+0000][7][gc,age      ] GC(95) Age table with threshold 15 (max threshold 15)
[2023-11-16T05:37:49.036+0000][7][gc,age      ] GC(95) - age   1:    2252680 bytes,    2252680 total
[2023-11-16T05:37:49.036+0000][7][gc,age      ] GC(95) - age   2:     390664 bytes,    2643344 total
[2023-11-16T05:37:49.036+0000][7][gc,age      ] GC(95) - age   3:     352496 bytes,    2995840 total
[2023-11-16T05:37:49.036+0000][7][gc,age      ] GC(95) - age   4:     182648 bytes,    3178488 total
[2023-11-16T05:37:49.036+0000][7][gc,age      ] GC(95) - age   5:       1440 bytes,    3179928 total
[2023-11-16T05:37:49.036+0000][7][gc,age      ] GC(95) - age   6:      27864 bytes,    3207792 total
[2023-11-16T05:37:49.036+0000][7][gc,age      ] GC(95) - age   7:      36416 bytes,    3244208 total
[2023-11-16T05:37:49.036+0000][7][gc,age      ] GC(95) - age   8:       1600 bytes,    3245808 total
[2023-11-16T05:37:49.036+0000][7][gc,age      ] GC(95) - age   9:      65912 bytes,    3311720 total
[2023-11-16T05:37:49.036+0000][7][gc,age      ] GC(95) - age  10:     413416 bytes,    3725136 total
[2023-11-16T05:37:49.036+0000][7][gc,age      ] GC(95) - age  11:     598976 bytes,    4324112 total
[2023-11-16T05:37:49.036+0000][7][gc,age      ] GC(95) - age  12:    1996752 bytes,    6320864 total
[2023-11-16T05:37:49.036+0000][7][gc,age      ] GC(95) - age  13:    1555184 bytes,    7876048 total
[2023-11-16T05:37:49.036+0000][7][gc,age      ] GC(95) - age  14:     423256 bytes,    8299304 total
[2023-11-16T05:37:49.036+0000][7][gc,age      ] GC(95) - age  15:     522312 bytes,    8821616 total
[2023-11-16T05:37:49.036+0000][7][gc,phases   ] GC(95)   Pre Evacuate Collection Set: 0.1ms
[2023-11-16T05:37:49.036+0000][7][gc,phases   ] GC(95)   Merge Heap Roots: 0.0ms
[2023-11-16T05:37:49.036+0000][7][gc,phases   ] GC(95)   Evacuate Collection Set: 8.3ms
[2023-11-16T05:37:49.036+0000][7][gc,phases   ] GC(95)   Post Evacuate Collection Set: 0.6ms
[2023-11-16T05:37:49.036+0000][7][gc,phases   ] GC(95)   Other: 0.2ms
[2023-11-16T05:37:49.036+0000][7][gc,heap     ] GC(95) Eden regions: 68->0(68)
[2023-11-16T05:37:49.036+0000][7][gc,heap     ] GC(95) Survivor regions: 3->3(9)
[2023-11-16T05:37:49.036+0000][7][gc,heap     ] GC(95) Old regions: 27->27
[2023-11-16T05:37:49.036+0000][7][gc,heap     ] GC(95) Archive regions: 2->2
[2023-11-16T05:37:49.036+0000][7][gc,heap     ] GC(95) Humongous regions: 5->5
[2023-11-16T05:37:49.036+0000][7][gc,metaspace] GC(95) Metaspace: 118571K(120320K)->118571K(120320K) NonClass: 102781K(103808K)->102781K(103808K) Class: 15789K(16512K)->15789K(16512K)
[2023-11-16T05:37:49.036+0000][7][gc          ] GC(95) Pause Young (Normal) (G1 Evacuation Pause) 412M->139M(512M) 9.225ms
[2023-11-16T05:37:49.036+0000][7][gc,cpu      ] GC(95) User=0.03s Sys=0.00s Real=0.01s
[2023-11-16T05:37:49.036+0000][7][safepoint   ] Safepoint "G1CollectForAllocation", Time since last: 1991955833 ns, Reaching safepoint: 53097 ns, At safepoint: 9295575 ns, Total: 9348672 ns
[2023-11-16T05:37:50.036+0000][7][safepoint   ] Safepoint "Cleanup", Time since last: 1000116671 ns, Reaching safepoint: 81696 ns, At safepoint: 7953 ns, Total: 89649 ns
[2023-11-16T05:37:51.037+0000][7][safepoint   ] Safepoint "Cleanup", Time since last: 1000136467 ns, Reaching safepoint: 120660 ns, At safepoint: 6827 ns, Total: 127487 ns
[2023-11-16T05:37:52.037+0000][7][safepoint   ] Safepoint "Cleanup", Time since last: 1000392037 ns, Reaching safepoint: 93123 ns, At safepoint: 11490 ns, Total: 104613 ns
[2023-11-16T05:37:53.037+0000][7][safepoint   ] Safepoint "Cleanup", Time since last: 1000264531 ns, Reaching safepoint: 35964 ns, At safepoint: 5314 ns, Total: 41278 ns
[2023-11-16T05:37:54.038+0000][7][safepoint   ] Safepoint "Cleanup", Time since last: 1000117100 ns, Reaching safepoint: 86195 ns, At safepoint: 20777 ns, Total: 106972 ns
[2023-11-16T05:37:55.038+0000][7][safepoint   ] Safepoint "Cleanup", Time since last: 1000627051 ns, Reaching safepoint: 55174 ns, At safepoint: 34360 ns, Total: 89534 ns
[2023-11-16T05:37:55.518+0000][7][gc,start    ] GC(96) Pause Young (Normal) (G1 Evacuation Pause)
[2023-11-16T05:37:55.518+0000][7][gc,task     ] GC(96) Using 8 workers of 8 for evacuation
[2023-11-16T05:37:55.518+0000][7][gc,age      ] GC(96) Desired survivor size 18874368 bytes, new threshold 15 (max threshold 15)
[2023-11-16T05:37:55.526+0000][7][gc,age      ] GC(96) Age table with threshold 15 (max threshold 15)
[2023-11-16T05:37:55.526+0000][7][gc,age      ] GC(96) - age   1:    1662328 bytes,    1662328 total
[2023-11-16T05:37:55.526+0000][7][gc,age      ] GC(96) - age   2:     521912 bytes,    2184240 total
[2023-11-16T05:37:55.526+0000][7][gc,age      ] GC(96) - age   3:      63480 bytes,    2247720 total
[2023-11-16T05:37:55.526+0000][7][gc,age      ] GC(96) - age   4:     259752 bytes,    2507472 total
[2023-11-16T05:37:55.526+0000][7][gc,age      ] GC(96) - age   5:     174072 bytes,    2681544 total
[2023-11-16T05:37:55.526+0000][7][gc,age      ] GC(96) - age   6:       1088 bytes,    2682632 total
[2023-11-16T05:37:55.526+0000][7][gc,age      ] GC(96) - age   7:      27832 bytes,    2710464 total
[2023-11-16T05:37:55.526+0000][7][gc,age      ] GC(96) - age   8:      36256 bytes,    2746720 total
[2023-11-16T05:37:55.526+0000][7][gc,age      ] GC(96) - age   9:       1104 bytes,    2747824 total
[2023-11-16T05:37:55.526+0000][7][gc,age      ] GC(96) - age  10:      65720 bytes,    2813544 total
[2023-11-16T05:37:55.526+0000][7][gc,age      ] GC(96) - age  11:     290280 bytes,    3103824 total
[2023-11-16T05:37:55.526+0000][7][gc,age      ] GC(96) - age  12:     598912 bytes,    3702736 total
[2023-11-16T05:37:55.526+0000][7][gc,age      ] GC(96) - age  13:    1996624 bytes,    5699360 total
[2023-11-16T05:37:55.526+0000][7][gc,age      ] GC(96) - age  14:    1555184 bytes,    7254544 total
[2023-11-16T05:37:55.526+0000][7][gc,age      ] GC(96) - age  15:     423256 bytes,    7677800 total
[2023-11-16T05:37:55.526+0000][7][gc,phases   ] GC(96)   Pre Evacuate Collection Set: 0.1ms
[2023-11-16T05:37:55.526+0000][7][gc,phases   ] GC(96)   Merge Heap Roots: 0.0ms
[2023-11-16T05:37:55.526+0000][7][gc,phases   ] GC(96)   Evacuate Collection Set: 7.0ms
[2023-11-16T05:37:55.526+0000][7][gc,phases   ] GC(96)   Post Evacuate Collection Set: 0.6ms
[2023-11-16T05:37:55.526+0000][7][gc,phases   ] GC(96)   Other: 0.3ms
[2023-11-16T05:37:55.526+0000][7][gc,heap     ] GC(96) Eden regions: 68->0(68)
[2023-11-16T05:37:55.526+0000][7][gc,heap     ] GC(96) Survivor regions: 3->3(9)
[2023-11-16T05:37:55.526+0000][7][gc,heap     ] GC(96) Old regions: 27->27
[2023-11-16T05:37:55.526+0000][7][gc,heap     ] GC(96) Archive regions: 2->2
[2023-11-16T05:37:55.526+0000][7][gc,heap     ] GC(96) Humongous regions: 5->5
[2023-11-16T05:37:55.526+0000][7][gc,metaspace] GC(96) Metaspace: 118583K(120320K)->118583K(120320K) NonClass: 102793K(103808K)->102793K(103808K) Class: 15789K(16512K)->15789K(16512K)
[2023-11-16T05:37:55.526+0000][7][gc          ] GC(96) Pause Young (Normal) (G1 Evacuation Pause) 411M->139M(512M) 7.944ms
[2023-11-16T05:37:55.526+0000][7][gc,cpu      ] GC(96) User=0.02s Sys=0.00s Real=0.01s
[2023-11-16T05:37:55.526+0000][7][safepoint   ] Safepoint "G1CollectForAllocation", Time since last: 479828225 ns, Reaching safepoint: 50791 ns, At safepoint: 8038303 ns, Total: 8089094 ns
[2023-11-16T05:37:56.526+0000][7][safepoint   ] Safepoint "Cleanup", Time since last: 1000074235 ns, Reaching safepoint: 63903 ns, At safepoint: 4141 ns, Total: 68044 ns
[2023-11-16T05:37:58.527+0000][7][safepoint   ] Safepoint "Cleanup", Time since last: 2000196365 ns, Reaching safepoint: 60751 ns, At safepoint: 7004 ns, Total: 67755 ns
[2023-11-16T05:37:59.527+0000][7][safepoint   ] Safepoint "Cleanup", Time since last: 1000097118 ns, Reaching safepoint: 98739 ns, At safepoint: 8587 ns, Total: 107326 ns
[2023-11-16T05:38:01.434+0000][7][safepoint   ] Safepoint "Cleanup", Time since last: 1907365274 ns, Reaching safepoint: 52615 ns, At safepoint: 9292 ns, Total: 61907 ns
[2023-11-16T05:38:01.534+0000][7][gc,start    ] GC(97) Pause Young (Normal) (G1 Evacuation Pause)
[2023-11-16T05:38:01.534+0000][7][gc,task     ] GC(97) Using 8 workers of 8 for evacuation
[2023-11-16T05:38:01.534+0000][7][gc,age      ] GC(97) Desired survivor size 18874368 bytes, new threshold 15 (max threshold 15)
[2023-11-16T05:38:01.545+0000][7][gc,age      ] GC(97) Age table with threshold 15 (max threshold 15)
[2023-11-16T05:38:01.545+0000][7][gc,age      ] GC(97) - age   1:    1917304 bytes,    1917304 total
[2023-11-16T05:38:01.545+0000][7][gc,age      ] GC(97) - age   2:     252344 bytes,    2169648 total
[2023-11-16T05:38:01.545+0000][7][gc,age      ] GC(97) - age   3:     519288 bytes,    2688936 total
[2023-11-16T05:38:01.545+0000][7][gc,age      ] GC(97) - age   4:      46712 bytes,    2735648 total
[2023-11-16T05:38:01.545+0000][7][gc,age      ] GC(97) - age   5:     109000 bytes,    2844648 total
[2023-11-16T05:38:01.545+0000][7][gc,age      ] GC(97) - age   6:     172080 bytes,    3016728 total
[2023-11-16T05:38:01.545+0000][7][gc,age      ] GC(97) - age   7:        928 bytes,    3017656 total
[2023-11-16T05:38:01.545+0000][7][gc,age      ] GC(97) - age   8:      27672 bytes,    3045328 total
[2023-11-16T05:38:01.545+0000][7][gc,age      ] GC(97) - age   9:      36192 bytes,    3081520 total
[2023-11-16T05:38:01.545+0000][7][gc,age      ] GC(97) - age  10:       1104 bytes,    3082624 total
[2023-11-16T05:38:01.546+0000][7][gc,age      ] GC(97) - age  11:      65720 bytes,    3148344 total
[2023-11-16T05:38:01.546+0000][7][gc,age      ] GC(97) - age  12:     290280 bytes,    3438624 total
[2023-11-16T05:38:01.546+0000][7][gc,age      ] GC(97) - age  13:     598912 bytes,    4037536 total
[2023-11-16T05:38:01.546+0000][7][gc,age      ] GC(97) - age  14:    1996624 bytes,    6034160 total
[2023-11-16T05:38:01.546+0000][7][gc,age      ] GC(97) - age  15:    1555184 bytes,    7589344 total
[2023-11-16T05:38:01.546+0000][7][gc,phases   ] GC(97)   Pre Evacuate Collection Set: 0.1ms
[2023-11-16T05:38:01.546+0000][7][gc,phases   ] GC(97)   Merge Heap Roots: 0.0ms
[2023-11-16T05:38:01.546+0000][7][gc,phases   ] GC(97)   Evacuate Collection Set: 5.1ms
[2023-11-16T05:38:01.546+0000][7][gc,phases   ] GC(97)   Post Evacuate Collection Set: 6.5ms
[2023-11-16T05:38:01.546+0000][7][gc,phases   ] GC(97)   Other: 0.2ms
[2023-11-16T05:38:01.546+0000][7][gc,heap     ] GC(97) Eden regions: 68->0(69)
[2023-11-16T05:38:01.546+0000][7][gc,heap     ] GC(97) Survivor regions: 3->2(9)
[2023-11-16T05:38:01.546+0000][7][gc,heap     ] GC(97) Old regions: 27->28
[2023-11-16T05:38:01.546+0000][7][gc,heap     ] GC(97) Archive regions: 2->2
[2023-11-16T05:38:01.546+0000][7][gc,heap     ] GC(97) Humongous regions: 5->5
[2023-11-16T05:38:01.546+0000][7][gc,metaspace] GC(97) Metaspace: 118584K(120320K)->118584K(120320K) NonClass: 102794K(103808K)->102794K(103808K) Class: 15789K(16512K)->15789K(16512K)
[2023-11-16T05:38:01.546+0000][7][gc          ] GC(97) Pause Young (Normal) (G1 Evacuation Pause) 411M->139M(512M) 11.997ms
[2023-11-16T05:38:01.546+0000][7][gc,cpu      ] GC(97) User=0.02s Sys=0.00s Real=0.01s
[2023-11-16T05:38:01.546+0000][7][safepoint   ] Safepoint "G1CollectForAllocation", Time since last: 99120045 ns, Reaching safepoint: 91562 ns, At safepoint: 12055555 ns, Total: 12147117 ns
[2023-11-16T05:38:03.546+0000][7][safepoint   ] Safepoint "Cleanup", Time since last: 2000373445 ns, Reaching safepoint: 90063 ns, At safepoint: 4582 ns, Total: 94645 ns
[2023-11-16T05:38:04.546+0000][7][safepoint   ] Safepoint "Cleanup", Time since last: 1000089208 ns, Reaching safepoint: 71302 ns, At safepoint: 4311 ns, Total: 75613 ns
[2023-11-16T05:38:06.547+0000][7][safepoint   ] Safepoint "Cleanup", Time since last: 2000174336 ns, Reaching safepoint: 75513 ns, At safepoint: 5179 ns, Total: 80692 ns
[2023-11-16T05:38:07.547+0000][7][safepoint   ] Safepoint "Cleanup", Time since last: 1000166112 ns, Reaching safepoint: 81297 ns, At safepoint: 4464 ns, Total: 85761 ns
[2023-11-16T05:38:08.282+0000][7][gc,start    ] GC(98) Pause Young (Normal) (G1 Evacuation Pause)
[2023-11-16T05:38:08.282+0000][7][gc,task     ] GC(98) Using 8 workers of 8 for evacuation
[2023-11-16T05:38:08.282+0000][7][gc,age      ] GC(98) Desired survivor size 18874368 bytes, new threshold 15 (max threshold 15)
[2023-11-16T05:38:08.286+0000][7][gc,age      ] GC(98) Age table with threshold 15 (max threshold 15)
[2023-11-16T05:38:08.286+0000][7][gc,age      ] GC(98) - age   1:    2697200 bytes,    2697200 total
[2023-11-16T05:38:08.286+0000][7][gc,age      ] GC(98) - age   2:     854152 bytes,    3551352 total
[2023-11-16T05:38:08.286+0000][7][gc,age      ] GC(98) - age   3:     250696 bytes,    3802048 total
[2023-11-16T05:38:08.286+0000][7][gc,age      ] GC(98) - age   4:     518688 bytes,    4320736 total
[2023-11-16T05:38:08.286+0000][7][gc,age      ] GC(98) - age   5:      46392 bytes,    4367128 total
[2023-11-16T05:38:08.286+0000][7][gc,age      ] GC(98) - age   6:     108688 bytes,    4475816 total
[2023-11-16T05:38:08.286+0000][7][gc,age      ] GC(98) - age   7:     172080 bytes,    4647896 total
[2023-11-16T05:38:08.286+0000][7][gc,age      ] GC(98) - age   8:        928 bytes,    4648824 total
[2023-11-16T05:38:08.286+0000][7][gc,age      ] GC(98) - age   9:      27608 bytes,    4676432 total
[2023-11-16T05:38:08.286+0000][7][gc,age      ] GC(98) - age  10:      36192 bytes,    4712624 total
[2023-11-16T05:38:08.286+0000][7][gc,age      ] GC(98) - age  11:       1104 bytes,    4713728 total
[2023-11-16T05:38:08.286+0000][7][gc,age      ] GC(98) - age  12:      65720 bytes,    4779448 total
[2023-11-16T05:38:08.286+0000][7][gc,age      ] GC(98) - age  13:     290280 bytes,    5069728 total
[2023-11-16T05:38:08.286+0000][7][gc,age      ] GC(98) - age  14:     598912 bytes,    5668640 total
[2023-11-16T05:38:08.286+0000][7][gc,age      ] GC(98) - age  15:    1996568 bytes,    7665208 total
[2023-11-16T05:38:08.286+0000][7][gc,phases   ] GC(98)   Pre Evacuate Collection Set: 0.1ms
[2023-11-16T05:38:08.286+0000][7][gc,phases   ] GC(98)   Merge Heap Roots: 0.0ms
[2023-11-16T05:38:08.286+0000][7][gc,phases   ] GC(98)   Evacuate Collection Set: 3.5ms
[2023-11-16T05:38:08.286+0000][7][gc,phases   ] GC(98)   Post Evacuate Collection Set: 0.5ms
[2023-11-16T05:38:08.286+0000][7][gc,phases   ] GC(98)   Other: 0.2ms
[2023-11-16T05:38:08.286+0000][7][gc,heap     ] GC(98) Eden regions: 69->0(68)
[2023-11-16T05:38:08.286+0000][7][gc,heap     ] GC(98) Survivor regions: 2->2(9)
[2023-11-16T05:38:08.286+0000][7][gc,heap     ] GC(98) Old regions: 28->28
[2023-11-16T05:38:08.286+0000][7][gc,heap     ] GC(98) Archive regions: 2->2
[2023-11-16T05:38:08.286+0000][7][gc,heap     ] GC(98) Humongous regions: 5->5
[2023-11-16T05:38:08.286+0000][7][gc,metaspace] GC(98) Metaspace: 118599K(120320K)->118599K(120320K) NonClass: 102809K(103808K)->102809K(103808K) Class: 15789K(16512K)->15789K(16512K)
[2023-11-16T05:38:08.286+0000][7][gc          ] GC(98) Pause Young (Normal) (G1 Evacuation Pause) 415M->141M(512M) 4.394ms
[2023-11-16T05:38:08.286+0000][7][gc,cpu      ] GC(98) User=0.02s Sys=0.01s Real=0.00s
[2023-11-16T05:38:08.286+0000][7][safepoint   ] Safepoint "G1CollectForAllocation", Time since last: 734966230 ns, Reaching safepoint: 90954 ns, At safepoint: 4468717 ns, Total: 4559671 ns
[2023-11-16T05:38:09.286+0000][7][safepoint   ] Safepoint "Cleanup", Time since last: 1000111747 ns, Reaching safepoint: 64736 ns, At safepoint: 5979 ns, Total: 70715 ns
[2023-11-16T05:38:11.441+0000][7][safepoint   ] Safepoint "Cleanup", Time since last: 2154601093 ns, Reaching safepoint: 33265 ns, At safepoint: 5475 ns, Total: 38740 ns
[2023-11-16T05:38:14.442+0000][7][safepoint   ] Safepoint "Cleanup", Time since last: 3001106430 ns, Reaching safepoint: 81766 ns, At safepoint: 5331 ns, Total: 87097 ns
[2023-11-16T05:38:16.285+0000][7][gc,start    ] GC(99) Pause Young (Normal) (G1 Evacuation Pause)
[2023-11-16T05:38:16.285+0000][7][gc,task     ] GC(99) Using 8 workers of 8 for evacuation
[2023-11-16T05:38:16.285+0000][7][gc,age      ] GC(99) Desired survivor size 18874368 bytes, new threshold 15 (max threshold 15)
[2023-11-16T05:38:16.293+0000][7][gc,age      ] GC(99) Age table with threshold 15 (max threshold 15)
[2023-11-16T05:38:16.293+0000][7][gc,age      ] GC(99) - age   1:    2162352 bytes,    2162352 total
[2023-11-16T05:38:16.293+0000][7][gc,age      ] GC(99) - age   2:      22560 bytes,    2184912 total
[2023-11-16T05:38:16.293+0000][7][gc,age      ] GC(99) - age   3:     191224 bytes,    2376136 total
[2023-11-16T05:38:16.293+0000][7][gc,age      ] GC(99) - age   4:     142200 bytes,    2518336 total
[2023-11-16T05:38:16.293+0000][7][gc,age      ] GC(99) - age   5:     518528 bytes,    3036864 total
[2023-11-16T05:38:16.293+0000][7][gc,age      ] GC(99) - age   6:      46200 bytes,    3083064 total
[2023-11-16T05:38:16.293+0000][7][gc,age      ] GC(99) - age   7:     108544 bytes,    3191608 total
[2023-11-16T05:38:16.293+0000][7][gc,age      ] GC(99) - age   8:      25816 bytes,    3217424 total
[2023-11-16T05:38:16.293+0000][7][gc,age      ] GC(99) - age   9:        904 bytes,    3218328 total
[2023-11-16T05:38:16.293+0000][7][gc,age      ] GC(99) - age  10:      27608 bytes,    3245936 total
[2023-11-16T05:38:16.293+0000][7][gc,age      ] GC(99) - age  11:      36192 bytes,    3282128 total
[2023-11-16T05:38:16.293+0000][7][gc,age      ] GC(99) - age  12:       1048 bytes,    3283176 total
[2023-11-16T05:38:16.293+0000][7][gc,age      ] GC(99) - age  13:      65720 bytes,    3348896 total
[2023-11-16T05:38:16.293+0000][7][gc,age      ] GC(99) - age  14:     290280 bytes,    3639176 total
[2023-11-16T05:38:16.293+0000][7][gc,age      ] GC(99) - age  15:     598912 bytes,    4238088 total
[2023-11-16T05:38:16.293+0000][7][gc,phases   ] GC(99)   Pre Evacuate Collection Set: 0.1ms
[2023-11-16T05:38:16.293+0000][7][gc,phases   ] GC(99)   Merge Heap Roots: 0.0ms
[2023-11-16T05:38:16.293+0000][7][gc,phases   ] GC(99)   Evacuate Collection Set: 7.4ms
[2023-11-16T05:38:16.293+0000][7][gc,phases   ] GC(99)   Post Evacuate Collection Set: 0.5ms
[2023-11-16T05:38:16.293+0000][7][gc,phases   ] GC(99)   Other: 0.3ms
[2023-11-16T05:38:16.293+0000][7][gc,heap     ] GC(99) Eden regions: 68->0(68)
[2023-11-16T05:38:16.293+0000][7][gc,heap     ] GC(99) Survivor regions: 2->2(9)
[2023-11-16T05:38:16.293+0000][7][gc,heap     ] GC(99) Old regions: 28->28
[2023-11-16T05:38:16.293+0000][7][gc,heap     ] GC(99) Archive regions: 2->2
[2023-11-16T05:38:16.293+0000][7][gc,heap     ] GC(99) Humongous regions: 5->5
[2023-11-16T05:38:16.293+0000][7][gc,metaspace] GC(99) Metaspace: 118599K(120320K)->118599K(120320K) NonClass: 102809K(103808K)->102809K(103808K) Class: 15789K(16512K)->15789K(16512K)
[2023-11-16T05:38:16.293+0000][7][gc          ] GC(99) Pause Young (Normal) (G1 Evacuation Pause) 413M->139M(512M) 8.413ms
[2023-11-16T05:38:16.293+0000][7][gc,cpu      ] GC(99) User=0.02s Sys=0.00s Real=0.01s
[2023-11-16T05:38:16.293+0000][7][safepoint   ] Safepoint "G1CollectForAllocation", Time since last: 1841991362 ns, Reaching safepoint: 151619 ns, At safepoint: 8475979 ns, Total: 8627598 ns
[2023-11-16T05:38:17.293+0000][7][safepoint   ] Safepoint "Cleanup", Time since last: 1000073523 ns, Reaching safepoint: 53541 ns, At safepoint: 3554 ns, Total: 57095 ns
[2023-11-16T05:38:19.294+0000][7][safepoint   ] Safepoint "Cleanup", Time since last: 2000649561 ns, Reaching safepoint: 105697 ns, At safepoint: 7599 ns, Total: 113296 ns
[2023-11-16T05:38:20.294+0000][7][safepoint   ] Safepoint "Cleanup", Time since last: 1000247501 ns, Reaching safepoint: 159409 ns, At safepoint: 4980 ns, Total: 164389 ns
[2023-11-16T05:38:21.295+0000][7][safepoint   ] Safepoint "Cleanup", Time since last: 1000189827 ns, Reaching safepoint: 63656 ns, At safepoint: 6010 ns, Total: 69666 ns
[2023-11-16T05:38:23.157+0000][7][gc,start    ] GC(100) Pause Young (Normal) (G1 Evacuation Pause)
[2023-11-16T05:38:23.157+0000][7][gc,task     ] GC(100) Using 8 workers of 8 for evacuation
[2023-11-16T05:38:23.157+0000][7][gc,age      ] GC(100) Desired survivor size 18874368 bytes, new threshold 15 (max threshold 15)
[2023-11-16T05:38:23.166+0000][7][gc,age      ] GC(100) Age table with threshold 15 (max threshold 15)
[2023-11-16T05:38:23.166+0000][7][gc,age      ] GC(100) - age   1:    1847304 bytes,    1847304 total
[2023-11-16T05:38:23.166+0000][7][gc,age      ] GC(100) - age   2:     359960 bytes,    2207264 total
[2023-11-16T05:38:23.166+0000][7][gc,age      ] GC(100) - age   3:      19368 bytes,    2226632 total
[2023-11-16T05:38:23.166+0000][7][gc,age      ] GC(100) - age   4:      32480 bytes,    2259112 total
[2023-11-16T05:38:23.166+0000][7][gc,age      ] GC(100) - age   5:     141912 bytes,    2401024 total
[2023-11-16T05:38:23.166+0000][7][gc,age      ] GC(100) - age   6:     518184 bytes,    2919208 total
[2023-11-16T05:38:23.166+0000][7][gc,age      ] GC(100) - age   7:      46112 bytes,    2965320 total
[2023-11-16T05:38:23.166+0000][7][gc,age      ] GC(100) - age   8:     108512 bytes,    3073832 total
[2023-11-16T05:38:23.166+0000][7][gc,age      ] GC(100) - age   9:      25720 bytes,    3099552 total
[2023-11-16T05:38:23.166+0000][7][gc,age      ] GC(100) - age  10:        840 bytes,    3100392 total
[2023-11-16T05:38:23.166+0000][7][gc,age      ] GC(100) - age  11:      27608 bytes,    3128000 total
[2023-11-16T05:38:23.166+0000][7][gc,age      ] GC(100) - age  12:      36192 bytes,    3164192 total
[2023-11-16T05:38:23.166+0000][7][gc,age      ] GC(100) - age  13:       1048 bytes,    3165240 total
[2023-11-16T05:38:23.166+0000][7][gc,age      ] GC(100) - age  14:      65656 bytes,    3230896 total
[2023-11-16T05:38:23.166+0000][7][gc,age      ] GC(100) - age  15:     290280 bytes,    3521176 total
[2023-11-16T05:38:23.166+0000][7][gc,phases   ] GC(100)   Pre Evacuate Collection Set: 0.1ms
[2023-11-16T05:38:23.166+0000][7][gc,phases   ] GC(100)   Merge Heap Roots: 0.0ms
[2023-11-16T05:38:23.166+0000][7][gc,phases   ] GC(100)   Evacuate Collection Set: 8.3ms
[2023-11-16T05:38:23.166+0000][7][gc,phases   ] GC(100)   Post Evacuate Collection Set: 0.6ms
[2023-11-16T05:38:23.166+0000][7][gc,phases   ] GC(100)   Other: 0.3ms
[2023-11-16T05:38:23.166+0000][7][gc,heap     ] GC(100) Eden regions: 68->0(69)
[2023-11-16T05:38:23.166+0000][7][gc,heap     ] GC(100) Survivor regions: 2->1(9)
[2023-11-16T05:38:23.166+0000][7][gc,heap     ] GC(100) Old regions: 28->29
[2023-11-16T05:38:23.166+0000][7][gc,heap     ] GC(100) Archive regions: 2->2
[2023-11-16T05:38:23.166+0000][7][gc,heap     ] GC(100) Humongous regions: 5->5
[2023-11-16T05:38:23.166+0000][7][gc,metaspace] GC(100) Metaspace: 118601K(120320K)->118601K(120320K) NonClass: 102811K(103808K)->102811K(103808K) Class: 15789K(16512K)->15789K(16512K)
[2023-11-16T05:38:23.166+0000][7][gc          ] GC(100) Pause Young (Normal) (G1 Evacuation Pause) 411M->139M(512M) 9.445ms
[2023-11-16T05:38:23.166+0000][7][gc,cpu      ] GC(100) User=0.02s Sys=0.00s Real=0.01s
[2023-11-16T05:38:23.166+0000][7][safepoint   ] Safepoint "G1CollectForAllocation", Time since last: 1862240257 ns, Reaching safepoint: 46446 ns, At safepoint: 9526124 ns, Total: 9572570 ns
[2023-11-16T05:38:24.167+0000][7][safepoint   ] Safepoint "Cleanup", Time since last: 1000161977 ns, Reaching safepoint: 80490 ns, At safepoint: 7242 ns, Total: 87732 ns
[2023-11-16T05:38:26.167+0000][7][safepoint   ] Safepoint "Cleanup", Time since last: 2000556453 ns, Reaching safepoint: 110129 ns, At safepoint: 8508 ns, Total: 118637 ns
[2023-11-16T05:38:28.168+0000][7][safepoint   ] Safepoint "Cleanup", Time since last: 2000624199 ns, Reaching safepoint: 85065 ns, At safepoint: 8037 ns, Total: 93102 ns
[2023-11-16T05:38:29.168+0000][7][safepoint   ] Safepoint "Cleanup", Time since last: 1000141433 ns, Reaching safepoint: 50410 ns, At safepoint: 24529 ns, Total: 74939 ns
[2023-11-16T05:38:30.408+0000][7][gc,start    ] GC(101) Pause Young (Normal) (G1 Evacuation Pause)
[2023-11-16T05:38:30.408+0000][7][gc,task     ] GC(101) Using 8 workers of 8 for evacuation
[2023-11-16T05:38:30.408+0000][7][gc,age      ] GC(101) Desired survivor size 18874368 bytes, new threshold 15 (max threshold 15)
[2023-11-16T05:38:30.416+0000][7][gc,age      ] GC(101) Age table with threshold 15 (max threshold 15)
[2023-11-16T05:38:30.416+0000][7][gc,age      ] GC(101) - age   1:    1456024 bytes,    1456024 total
[2023-11-16T05:38:30.416+0000][7][gc,age      ] GC(101) - age   2:     545888 bytes,    2001912 total
[2023-11-16T05:38:30.416+0000][7][gc,age      ] GC(101) - age   3:     357456 bytes,    2359368 total
[2023-11-16T05:38:30.416+0000][7][gc,age      ] GC(101) - age   4:      18728 bytes,    2378096 total
[2023-11-16T05:38:30.416+0000][7][gc,age      ] GC(101) - age   5:      26576 bytes,    2404672 total
[2023-11-16T05:38:30.416+0000][7][gc,age      ] GC(101) - age   6:     133632 bytes,    2538304 total
[2023-11-16T05:38:30.416+0000][7][gc,age      ] GC(101) - age   7:     387360 bytes,    2925664 total
[2023-11-16T05:38:30.416+0000][7][gc,age      ] GC(101) - age   8:      44752 bytes,    2970416 total
[2023-11-16T05:38:30.416+0000][7][gc,age      ] GC(101) - age   9:     108512 bytes,    3078928 total
[2023-11-16T05:38:30.416+0000][7][gc,age      ] GC(101) - age  10:      25320 bytes,    3104248 total
[2023-11-16T05:38:30.416+0000][7][gc,age      ] GC(101) - age  11:        840 bytes,    3105088 total
[2023-11-16T05:38:30.416+0000][7][gc,age      ] GC(101) - age  12:      27608 bytes,    3132696 total
[2023-11-16T05:38:30.416+0000][7][gc,age      ] GC(101) - age  13:      35896 bytes,    3168592 total
[2023-11-16T05:38:30.416+0000][7][gc,age      ] GC(101) - age  14:       1048 bytes,    3169640 total
[2023-11-16T05:38:30.416+0000][7][gc,age      ] GC(101) - age  15:      65656 bytes,    3235296 total
[2023-11-16T05:38:30.416+0000][7][gc,phases   ] GC(101)   Pre Evacuate Collection Set: 0.1ms
[2023-11-16T05:38:30.416+0000][7][gc,phases   ] GC(101)   Merge Heap Roots: 0.0ms
[2023-11-16T05:38:30.416+0000][7][gc,phases   ] GC(101)   Evacuate Collection Set: 7.3ms
[2023-11-16T05:38:30.416+0000][7][gc,phases   ] GC(101)   Post Evacuate Collection Set: 0.5ms
[2023-11-16T05:38:30.416+0000][7][gc,phases   ] GC(101)   Other: 0.3ms
[2023-11-16T05:38:30.416+0000][7][gc,heap     ] GC(101) Eden regions: 69->0(69)
[2023-11-16T05:38:30.416+0000][7][gc,heap     ] GC(101) Survivor regions: 1->1(9)
[2023-11-16T05:38:30.416+0000][7][gc,heap     ] GC(101) Old regions: 29->29
[2023-11-16T05:38:30.416+0000][7][gc,heap     ] GC(101) Archive regions: 2->2
[2023-11-16T05:38:30.416+0000][7][gc,heap     ] GC(101) Humongous regions: 5->5
[2023-11-16T05:38:30.416+0000][7][gc,metaspace] GC(101) Metaspace: 118607K(120320K)->118607K(120320K) NonClass: 102817K(103808K)->102817K(103808K) Class: 15789K(16512K)->15789K(16512K)
[2023-11-16T05:38:30.416+0000][7][gc          ] GC(101) Pause Young (Normal) (G1 Evacuation Pause) 415M->139M(512M) 8.191ms
[2023-11-16T05:38:30.416+0000][7][gc,cpu      ] GC(101) User=0.02s Sys=0.00s Real=0.01s
[2023-11-16T05:38:30.416+0000][7][safepoint   ] Safepoint "G1CollectForAllocation", Time since last: 1239874196 ns, Reaching safepoint: 23625 ns, At safepoint: 8299150 ns, Total: 8322775 ns
[2023-11-16T05:38:31.417+0000][7][safepoint   ] Safepoint "Cleanup", Time since last: 1000089662 ns, Reaching safepoint: 43494 ns, At safepoint: 19147 ns, Total: 62641 ns
[2023-11-16T05:38:32.417+0000][7][safepoint   ] Safepoint "Cleanup", Time since last: 1000125560 ns, Reaching safepoint: 55073 ns, At safepoint: 7130 ns, Total: 62203 ns
[2023-11-16T05:38:34.417+0000][7][safepoint   ] Safepoint "Cleanup", Time since last: 2000177389 ns, Reaching safepoint: 90598 ns, At safepoint: 7587 ns, Total: 98185 ns
[2023-11-16T05:38:35.417+0000][7][safepoint   ] Safepoint "Cleanup", Time since last: 1000092373 ns, Reaching safepoint: 196748 ns, At safepoint: 8335 ns, Total: 205083 ns
[2023-11-16T05:38:36.417+0000][7][safepoint   ] Safepoint "Cleanup", Time since last: 1000126949 ns, Reaching safepoint: 69838 ns, At safepoint: 7221 ns, Total: 77059 ns
[2023-11-16T05:38:36.467+0000][7][gc,start    ] GC(102) Pause Young (Normal) (G1 Evacuation Pause)
[2023-11-16T05:38:36.467+0000][7][gc,task     ] GC(102) Using 8 workers of 8 for evacuation
[2023-11-16T05:38:36.467+0000][7][gc,age      ] GC(102) Desired survivor size 18874368 bytes, new threshold 15 (max threshold 15)
[2023-11-16T05:38:36.476+0000][7][gc,age      ] GC(102) Age table with threshold 15 (max threshold 15)
[2023-11-16T05:38:36.476+0000][7][gc,age      ] GC(102) - age   1:    1332480 bytes,    1332480 total
[2023-11-16T05:38:36.476+0000][7][gc,age      ] GC(102) - age   2:     431304 bytes,    1763784 total
[2023-11-16T05:38:36.476+0000][7][gc,age      ] GC(102) - age   3:     147360 bytes,    1911144 total
[2023-11-16T05:38:36.476+0000][7][gc,age      ] GC(102) - age   4:     264496 bytes,    2175640 total
[2023-11-16T05:38:36.476+0000][7][gc,age      ] GC(102) - age   5:       2424 bytes,    2178064 total
[2023-11-16T05:38:36.476+0000][7][gc,age      ] GC(102) - age   6:      26240 bytes,    2204304 total
[2023-11-16T05:38:36.476+0000][7][gc,age      ] GC(102) - age   7:     133312 bytes,    2337616 total
[2023-11-16T05:38:36.476+0000][7][gc,age      ] GC(102) - age   8:     387360 bytes,    2724976 total
[2023-11-16T05:38:36.476+0000][7][gc,age      ] GC(102) - age   9:       4240 bytes,    2729216 total
[2023-11-16T05:38:36.476+0000][7][gc,age      ] GC(102) - age  10:        184 bytes,    2729400 total
[2023-11-16T05:38:36.476+0000][7][gc,age      ] GC(102) - age  11:      25320 bytes,    2754720 total
[2023-11-16T05:38:36.476+0000][7][gc,age      ] GC(102) - age  12:        776 bytes,    2755496 total
[2023-11-16T05:38:36.476+0000][7][gc,age      ] GC(102) - age  13:      27608 bytes,    2783104 total
[2023-11-16T05:38:36.476+0000][7][gc,age      ] GC(102) - age  14:      35896 bytes,    2819000 total
[2023-11-16T05:38:36.476+0000][7][gc,age      ] GC(102) - age  15:       1048 bytes,    2820048 total
[2023-11-16T05:38:36.477+0000][7][gc,phases   ] GC(102)   Pre Evacuate Collection Set: 0.1ms
[2023-11-16T05:38:36.477+0000][7][gc,phases   ] GC(102)   Merge Heap Roots: 0.0ms
[2023-11-16T05:38:36.477+0000][7][gc,phases   ] GC(102)   Evacuate Collection Set: 8.7ms
[2023-11-16T05:38:36.477+0000][7][gc,phases   ] GC(102)   Post Evacuate Collection Set: 0.8ms
[2023-11-16T05:38:36.477+0000][7][gc,phases   ] GC(102)   Other: 0.3ms
[2023-11-16T05:38:36.477+0000][7][gc,heap     ] GC(102) Eden regions: 69->0(69)
[2023-11-16T05:38:36.477+0000][7][gc,heap     ] GC(102) Survivor regions: 1->1(9)
[2023-11-16T05:38:36.477+0000][7][gc,heap     ] GC(102) Old regions: 29->29
[2023-11-16T05:38:36.477+0000][7][gc,heap     ] GC(102) Archive regions: 2->2
[2023-11-16T05:38:36.477+0000][7][gc,heap     ] GC(102) Humongous regions: 5->5
[2023-11-16T05:38:36.477+0000][7][gc,metaspace] GC(102) Metaspace: 118618K(120320K)->118618K(120320K) NonClass: 102828K(103808K)->102828K(103808K) Class: 15789K(16512K)->15789K(16512K)
[2023-11-16T05:38:36.477+0000][7][gc          ] GC(102) Pause Young (Normal) (G1 Evacuation Pause) 415M->139M(512M) 10.054ms
[2023-11-16T05:38:36.477+0000][7][gc,cpu      ] GC(102) User=0.02s Sys=0.00s Real=0.01s
[2023-11-16T05:38:36.477+0000][7][safepoint   ] Safepoint "G1CollectForAllocation", Time since last: 48881949 ns, Reaching safepoint: 122606 ns, At safepoint: 10132541 ns, Total: 10255147 ns
[2023-11-16T05:38:38.477+0000][7][safepoint   ] Safepoint "Cleanup", Time since last: 2000313498 ns, Reaching safepoint: 97580 ns, At safepoint: 63108 ns, Total: 160688 ns
[2023-11-16T05:38:39.477+0000][7][safepoint   ] Safepoint "Cleanup", Time since last: 1000228265 ns, Reaching safepoint: 85123 ns, At safepoint: 9470 ns, Total: 94593 ns
[2023-11-16T05:38:41.478+0000][7][safepoint   ] Safepoint "Cleanup", Time since last: 2000179900 ns, Reaching safepoint: 88915 ns, At safepoint: 7798 ns, Total: 96713 ns
[2023-11-16T05:38:44.478+0000][7][safepoint   ] Safepoint "Cleanup", Time since last: 3000286076 ns, Reaching safepoint: 60046 ns, At safepoint: 6655 ns, Total: 66701 ns
[2023-11-16T05:38:44.597+0000][7][gc,start    ] GC(103) Pause Young (Normal) (G1 Evacuation Pause)
[2023-11-16T05:38:44.597+0000][7][gc,task     ] GC(103) Using 8 workers of 8 for evacuation
[2023-11-16T05:38:44.597+0000][7][gc,age      ] GC(103) Desired survivor size 18874368 bytes, new threshold 15 (max threshold 15)
[2023-11-16T05:38:44.600+0000][7][gc,age      ] GC(103) Age table with threshold 15 (max threshold 15)
[2023-11-16T05:38:44.600+0000][7][gc,age      ] GC(103) - age   1:    2699680 bytes,    2699680 total
[2023-11-16T05:38:44.600+0000][7][gc,age      ] GC(103) - age   2:     152224 bytes,    2851904 total
[2023-11-16T05:38:44.600+0000][7][gc,age      ] GC(103) - age   3:     134944 bytes,    2986848 total
[2023-11-16T05:38:44.600+0000][7][gc,age      ] GC(103) - age   4:     146672 bytes,    3133520 total
[2023-11-16T05:38:44.600+0000][7][gc,age      ] GC(103) - age   5:     264272 bytes,    3397792 total
[2023-11-16T05:38:44.600+0000][7][gc,age      ] GC(103) - age   6:       2128 bytes,    3399920 total
[2023-11-16T05:38:44.600+0000][7][gc,age      ] GC(103) - age   7:      25712 bytes,    3425632 total
[2023-11-16T05:38:44.600+0000][7][gc,age      ] GC(103) - age   8:       4664 bytes,    3430296 total
[2023-11-16T05:38:44.600+0000][7][gc,age      ] GC(103) - age   9:     387360 bytes,    3817656 total
[2023-11-16T05:38:44.600+0000][7][gc,age      ] GC(103) - age  10:       4240 bytes,    3821896 total
[2023-11-16T05:38:44.600+0000][7][gc,age      ] GC(103) - age  11:         88 bytes,    3821984 total
[2023-11-16T05:38:44.600+0000][7][gc,age      ] GC(103) - age  12:      25320 bytes,    3847304 total
[2023-11-16T05:38:44.600+0000][7][gc,age      ] GC(103) - age  13:        776 bytes,    3848080 total
[2023-11-16T05:38:44.600+0000][7][gc,age      ] GC(103) - age  14:      27608 bytes,    3875688 total
[2023-11-16T05:38:44.600+0000][7][gc,age      ] GC(103) - age  15:      35896 bytes,    3911584 total
[2023-11-16T05:38:44.600+0000][7][gc,phases   ] GC(103)   Pre Evacuate Collection Set: 0.1ms
[2023-11-16T05:38:44.600+0000][7][gc,phases   ] GC(103)   Merge Heap Roots: 0.1ms
[2023-11-16T05:38:44.600+0000][7][gc,phases   ] GC(103)   Evacuate Collection Set: 2.0ms
[2023-11-16T05:38:44.600+0000][7][gc,phases   ] GC(103)   Post Evacuate Collection Set: 0.7ms
[2023-11-16T05:38:44.600+0000][7][gc,phases   ] GC(103)   Other: 0.3ms
[2023-11-16T05:38:44.600+0000][7][gc,heap     ] GC(103) Eden regions: 69->0(69)
[2023-11-16T05:38:44.600+0000][7][gc,heap     ] GC(103) Survivor regions: 1->1(9)
[2023-11-16T05:38:44.600+0000][7][gc,heap     ] GC(103) Old regions: 29->29
[2023-11-16T05:38:44.600+0000][7][gc,heap     ] GC(103) Archive regions: 2->2
[2023-11-16T05:38:44.600+0000][7][gc,heap     ] GC(103) Humongous regions: 5->5
[2023-11-16T05:38:44.600+0000][7][gc,metaspace] GC(103) Metaspace: 118621K(120320K)->118621K(120320K) NonClass: 102831K(103808K)->102831K(103808K) Class: 15789K(16512K)->15789K(16512K)
[2023-11-16T05:38:44.600+0000][7][gc          ] GC(103) Pause Young (Normal) (G1 Evacuation Pause) 415M->140M(512M) 3.183ms
[2023-11-16T05:38:44.600+0000][7][gc,cpu      ] GC(103) User=0.01s Sys=0.00s Real=0.01s
[2023-11-16T05:38:44.600+0000][7][safepoint   ] Safepoint "G1CollectForAllocation", Time since last: 118715907 ns, Reaching safepoint: 74662 ns, At safepoint: 3286716 ns, Total: 3361378 ns
[2023-11-16T05:38:46.601+0000][7][safepoint   ] Safepoint "Cleanup", Time since last: 2000189480 ns, Reaching safepoint: 153150 ns, At safepoint: 26966 ns, Total: 180116 ns
[2023-11-16T05:38:48.601+0000][7][safepoint   ] Safepoint "Cleanup", Time since last: 2000726974 ns, Reaching safepoint: 36677 ns, At safepoint: 6114 ns, Total: 42791 ns
[2023-11-16T05:38:49.602+0000][7][safepoint   ] Safepoint "Cleanup", Time since last: 1000343298 ns, Reaching safepoint: 31119 ns, At safepoint: 5429 ns, Total: 36548 ns
[2023-11-16T05:38:51.602+0000][7][safepoint   ] Safepoint "Cleanup", Time since last: 2000186893 ns, Reaching safepoint: 48821 ns, At safepoint: 3333 ns, Total: 52154 ns
[2023-11-16T05:38:51.668+0000][7][gc,start    ] GC(104) Pause Young (Normal) (G1 Evacuation Pause)
[2023-11-16T05:38:51.668+0000][7][gc,task     ] GC(104) Using 8 workers of 8 for evacuation
[2023-11-16T05:38:51.668+0000][7][gc,age      ] GC(104) Desired survivor size 18874368 bytes, new threshold 15 (max threshold 15)
[2023-11-16T05:38:51.671+0000][7][gc,age      ] GC(104) Age table with threshold 15 (max threshold 15)
[2023-11-16T05:38:51.671+0000][7][gc,age      ] GC(104) - age   1:    1775400 bytes,    1775400 total
[2023-11-16T05:38:51.671+0000][7][gc,age      ] GC(104) - age   2:     377520 bytes,    2152920 total
[2023-11-16T05:38:51.671+0000][7][gc,age      ] GC(104) - age   3:     149912 bytes,    2302832 total
[2023-11-16T05:38:51.671+0000][7][gc,age      ] GC(104) - age   4:     134312 bytes,    2437144 total
[2023-11-16T05:38:51.671+0000][7][gc,age      ] GC(104) - age   5:     146448 bytes,    2583592 total
[2023-11-16T05:38:51.671+0000][7][gc,age      ] GC(104) - age   6:     119840 bytes,    2703432 total
[2023-11-16T05:38:51.671+0000][7][gc,age      ] GC(104) - age   7:        576 bytes,    2704008 total
[2023-11-16T05:38:51.671+0000][7][gc,age      ] GC(104) - age   8:      25616 bytes,    2729624 total
[2023-11-16T05:38:51.671+0000][7][gc,age      ] GC(104) - age   9:       4168 bytes,    2733792 total
[2023-11-16T05:38:51.671+0000][7][gc,age      ] GC(104) - age  10:     386984 bytes,    3120776 total
[2023-11-16T05:38:51.671+0000][7][gc,age      ] GC(104) - age  11:       4112 bytes,    3124888 total
[2023-11-16T05:38:51.671+0000][7][gc,age      ] GC(104) - age  12:         88 bytes,    3124976 total
[2023-11-16T05:38:51.671+0000][7][gc,age      ] GC(104) - age  13:      25192 bytes,    3150168 total
[2023-11-16T05:38:51.671+0000][7][gc,age      ] GC(104) - age  14:        776 bytes,    3150944 total
[2023-11-16T05:38:51.671+0000][7][gc,age      ] GC(104) - age  15:      27608 bytes,    3178552 total
[2023-11-16T05:38:51.671+0000][7][gc,phases   ] GC(104)   Pre Evacuate Collection Set: 0.1ms
[2023-11-16T05:38:51.671+0000][7][gc,phases   ] GC(104)   Merge Heap Roots: 0.1ms
[2023-11-16T05:38:51.671+0000][7][gc,phases   ] GC(104)   Evacuate Collection Set: 1.8ms
[2023-11-16T05:38:51.671+0000][7][gc,phases   ] GC(104)   Post Evacuate Collection Set: 0.9ms
[2023-11-16T05:38:51.671+0000][7][gc,phases   ] GC(104)   Other: 0.3ms
[2023-11-16T05:38:51.671+0000][7][gc,heap     ] GC(104) Eden regions: 69->0(69)
[2023-11-16T05:38:51.671+0000][7][gc,heap     ] GC(104) Survivor regions: 1->1(9)
[2023-11-16T05:38:51.671+0000][7][gc,heap     ] GC(104) Old regions: 29->29
[2023-11-16T05:38:51.671+0000][7][gc,heap     ] GC(104) Archive regions: 2->2
[2023-11-16T05:38:51.671+0000][7][gc,heap     ] GC(104) Humongous regions: 5->5
[2023-11-16T05:38:51.671+0000][7][gc,metaspace] GC(104) Metaspace: 118622K(120320K)->118622K(120320K) NonClass: 102832K(103808K)->102832K(103808K) Class: 15789K(16512K)->15789K(16512K)
[2023-11-16T05:38:51.671+0000][7][gc          ] GC(104) Pause Young (Normal) (G1 Evacuation Pause) 416M->139M(512M) 3.078ms
[2023-11-16T05:38:51.671+0000][7][gc,cpu      ] GC(104) User=0.01s Sys=0.01s Real=0.01s
[2023-11-16T05:38:51.671+0000][7][safepoint   ] Safepoint "G1CollectForAllocation", Time since last: 65762505 ns, Reaching safepoint: 27207 ns, At safepoint: 3189482 ns, Total: 3216689 ns
[2023-11-16T05:38:52.671+0000][7][safepoint   ] Safepoint "Cleanup", Time since last: 1000099155 ns, Reaching safepoint: 58835 ns, At safepoint: 5466 ns, Total: 64301 ns
[2023-11-16T05:38:53.671+0000][7][safepoint   ] Safepoint "Cleanup", Time since last: 1000124107 ns, Reaching safepoint: 167103 ns, At safepoint: 10918 ns, Total: 178021 ns
[2023-11-16T05:38:54.672+0000][7][safepoint   ] Safepoint "Cleanup", Time since last: 1000150898 ns, Reaching safepoint: 103616 ns, At safepoint: 6030 ns, Total: 109646 ns
[2023-11-16T05:38:55.672+0000][7][safepoint   ] Safepoint "Cleanup", Time since last: 1000091813 ns, Reaching safepoint: 52306 ns, At safepoint: 23769 ns, Total: 76075 ns
[2023-11-16T05:38:56.672+0000][7][safepoint   ] Safepoint "Cleanup", Time since last: 1000131127 ns, Reaching safepoint: 56117 ns, At safepoint: 8014 ns, Total: 64131 ns
[2023-11-16T05:38:58.495+0000][7][gc,start    ] GC(105) Pause Young (Normal) (G1 Evacuation Pause)
[2023-11-16T05:38:58.496+0000][7][gc,task     ] GC(105) Using 8 workers of 8 for evacuation
[2023-11-16T05:38:58.496+0000][7][gc,age      ] GC(105) Desired survivor size 18874368 bytes, new threshold 15 (max threshold 15)
[2023-11-16T05:38:58.498+0000][7][gc,age      ] GC(105) Age table with threshold 15 (max threshold 15)
[2023-11-16T05:38:58.498+0000][7][gc,age      ] GC(105) - age   1:    1517816 bytes,    1517816 total
[2023-11-16T05:38:58.498+0000][7][gc,age      ] GC(105) - age   2:     409768 bytes,    1927584 total
[2023-11-16T05:38:58.498+0000][7][gc,age      ] GC(105) - age   3:     374600 bytes,    2302184 total
[2023-11-16T05:38:58.498+0000][7][gc,age      ] GC(105) - age   4:     149184 bytes,    2451368 total
[2023-11-16T05:38:58.498+0000][7][gc,age      ] GC(105) - age   5:     122192 bytes,    2573560 total
[2023-11-16T05:38:58.498+0000][7][gc,age      ] GC(105) - age   6:        976 bytes,    2574536 total
[2023-11-16T05:38:58.498+0000][7][gc,age      ] GC(105) - age   7:     119840 bytes,    2694376 total
[2023-11-16T05:38:58.498+0000][7][gc,age      ] GC(105) - age   8:        576 bytes,    2694952 total
[2023-11-16T05:38:58.498+0000][7][gc,age      ] GC(105) - age   9:      25552 bytes,    2720504 total
[2023-11-16T05:38:58.498+0000][7][gc,age      ] GC(105) - age  10:       4168 bytes,    2724672 total
[2023-11-16T05:38:58.498+0000][7][gc,age      ] GC(105) - age  11:     386984 bytes,    3111656 total
[2023-11-16T05:38:58.498+0000][7][gc,age      ] GC(105) - age  12:       4112 bytes,    3115768 total
[2023-11-16T05:38:58.498+0000][7][gc,age      ] GC(105) - age  13:         88 bytes,    3115856 total
[2023-11-16T05:38:58.498+0000][7][gc,age      ] GC(105) - age  14:      25192 bytes,    3141048 total
[2023-11-16T05:38:58.498+0000][7][gc,age      ] GC(105) - age  15:        776 bytes,    3141824 total
[2023-11-16T05:38:58.498+0000][7][gc,phases   ] GC(105)   Pre Evacuate Collection Set: 0.1ms
[2023-11-16T05:38:58.498+0000][7][gc,phases   ] GC(105)   Merge Heap Roots: 0.0ms
[2023-11-16T05:38:58.498+0000][7][gc,phases   ] GC(105)   Evacuate Collection Set: 1.6ms
[2023-11-16T05:38:58.498+0000][7][gc,phases   ] GC(105)   Post Evacuate Collection Set: 0.6ms
[2023-11-16T05:38:58.498+0000][7][gc,phases   ] GC(105)   Other: 0.3ms
[2023-11-16T05:38:58.498+0000][7][gc,heap     ] GC(105) Eden regions: 69->0(69)
[2023-11-16T05:38:58.498+0000][7][gc,heap     ] GC(105) Survivor regions: 1->1(9)
[2023-11-16T05:38:58.498+0000][7][gc,heap     ] GC(105) Old regions: 29->29
[2023-11-16T05:38:58.498+0000][7][gc,heap     ] GC(105) Archive regions: 2->2
[2023-11-16T05:38:58.498+0000][7][gc,heap     ] GC(105) Humongous regions: 5->5
[2023-11-16T05:38:58.498+0000][7][gc,metaspace] GC(105) Metaspace: 118622K(120320K)->118622K(120320K) NonClass: 102832K(103808K)->102832K(103808K) Class: 15789K(16512K)->15789K(16512K)
[2023-11-16T05:38:58.498+0000][7][gc          ] GC(105) Pause Young (Normal) (G1 Evacuation Pause) 415M->139M(512M) 2.769ms
[2023-11-16T05:38:58.498+0000][7][gc,cpu      ] GC(105) User=0.01s Sys=0.00s Real=0.00s
[2023-11-16T05:38:58.498+0000][7][safepoint   ] Safepoint "G1CollectForAllocation", Time since last: 1823427064 ns, Reaching safepoint: 48586 ns, At safepoint: 2852601 ns, Total: 2901187 ns
[2023-11-16T05:38:59.499+0000][7][safepoint   ] Safepoint "Cleanup", Time since last: 1000157326 ns, Reaching safepoint: 130975 ns, At safepoint: 6129 ns, Total: 137104 ns
[2023-11-16T05:39:01.499+0000][7][safepoint   ] Safepoint "Cleanup", Time since last: 2000243045 ns, Reaching safepoint: 112565 ns, At safepoint: 7306 ns, Total: 119871 ns
[2023-11-16T05:39:02.499+0000][7][safepoint   ] Safepoint "Cleanup", Time since last: 1000086296 ns, Reaching safepoint: 76447 ns, At safepoint: 4288 ns, Total: 80735 ns
[2023-11-16T05:39:04.499+0000][7][safepoint   ] Safepoint "Cleanup", Time since last: 2000298281 ns, Reaching safepoint: 60893 ns, At safepoint: 6230 ns, Total: 67123 ns
[2023-11-16T05:39:05.500+0000][7][safepoint   ] Safepoint "Cleanup", Time since last: 1000121514 ns, Reaching safepoint: 332238 ns, At safepoint: 10790 ns, Total: 343028 ns
[2023-11-16T05:39:06.500+0000][7][safepoint   ] Safepoint "Cleanup", Time since last: 1000101176 ns, Reaching safepoint: 181364 ns, At safepoint: 8072 ns, Total: 189436 ns
[2023-11-16T05:39:08.501+0000][7][safepoint   ] Safepoint "Cleanup", Time since last: 2000640827 ns, Reaching safepoint: 80958 ns, At safepoint: 8052 ns, Total: 89010 ns
[2023-11-16T05:39:09.501+0000][7][safepoint   ] Safepoint "Cleanup", Time since last: 1000335206 ns, Reaching safepoint: 58880 ns, At safepoint: 59009 ns, Total: 117889 ns
[2023-11-16T05:39:11.237+0000][7][gc,start    ] GC(106) Pause Young (Normal) (G1 Evacuation Pause)
[2023-11-16T05:39:11.237+0000][7][gc,task     ] GC(106) Using 8 workers of 8 for evacuation
[2023-11-16T05:39:11.237+0000][7][gc,age      ] GC(106) Desired survivor size 18874368 bytes, new threshold 15 (max threshold 15)
[2023-11-16T05:39:11.239+0000][7][gc,age      ] GC(106) Age table with threshold 15 (max threshold 15)
[2023-11-16T05:39:11.239+0000][7][gc,age      ] GC(106) - age   1:    2012896 bytes,    2012896 total
[2023-11-16T05:39:11.239+0000][7][gc,age      ] GC(106) - age   2:     555568 bytes,    2568464 total
[2023-11-16T05:39:11.239+0000][7][gc,age      ] GC(106) - age   3:     181960 bytes,    2750424 total
[2023-11-16T05:39:11.239+0000][7][gc,age      ] GC(106) - age   4:     173360 bytes,    2923784 total
[2023-11-16T05:39:11.239+0000][7][gc,age      ] GC(106) - age   5:     148872 bytes,    3072656 total
[2023-11-16T05:39:11.239+0000][7][gc,age      ] GC(106) - age   6:     118952 bytes,    3191608 total
[2023-11-16T05:39:11.239+0000][7][gc,age      ] GC(106) - age   7:        400 bytes,    3192008 total
[2023-11-16T05:39:11.239+0000][7][gc,age      ] GC(106) - age   8:        336 bytes,    3192344 total
[2023-11-16T05:39:11.239+0000][7][gc,age      ] GC(106) - age   9:        448 bytes,    3192792 total
[2023-11-16T05:39:11.239+0000][7][gc,age      ] GC(106) - age  10:      25488 bytes,    3218280 total
[2023-11-16T05:39:11.240+0000][7][gc,age      ] GC(106) - age  11:       4104 bytes,    3222384 total
[2023-11-16T05:39:11.240+0000][7][gc,age      ] GC(106) - age  12:     386984 bytes,    3609368 total
[2023-11-16T05:39:11.240+0000][7][gc,age      ] GC(106) - age  13:       3800 bytes,    3613168 total
[2023-11-16T05:39:11.240+0000][7][gc,age      ] GC(106) - age  14:         88 bytes,    3613256 total
[2023-11-16T05:39:11.240+0000][7][gc,age      ] GC(106) - age  15:      25128 bytes,    3638384 total
[2023-11-16T05:39:11.240+0000][7][gc,phases   ] GC(106)   Pre Evacuate Collection Set: 0.1ms
[2023-11-16T05:39:11.240+0000][7][gc,phases   ] GC(106)   Merge Heap Roots: 0.1ms
[2023-11-16T05:39:11.240+0000][7][gc,phases   ] GC(106)   Evacuate Collection Set: 1.7ms
[2023-11-16T05:39:11.240+0000][7][gc,phases   ] GC(106)   Post Evacuate Collection Set: 0.7ms
[2023-11-16T05:39:11.240+0000][7][gc,phases   ] GC(106)   Other: 0.3ms
[2023-11-16T05:39:11.240+0000][7][gc,heap     ] GC(106) Eden regions: 69->0(69)
[2023-11-16T05:39:11.240+0000][7][gc,heap     ] GC(106) Survivor regions: 1->1(9)
[2023-11-16T05:39:11.240+0000][7][gc,heap     ] GC(106) Old regions: 29->29
[2023-11-16T05:39:11.240+0000][7][gc,heap     ] GC(106) Archive regions: 2->2
[2023-11-16T05:39:11.240+0000][7][gc,heap     ] GC(106) Humongous regions: 5->5
[2023-11-16T05:39:11.240+0000][7][gc,metaspace] GC(106) Metaspace: 118634K(120384K)->118634K(120384K) NonClass: 102844K(103872K)->102844K(103872K) Class: 15789K(16512K)->15789K(16512K)
[2023-11-16T05:39:11.240+0000][7][gc          ] GC(106) Pause Young (Normal) (G1 Evacuation Pause) 415M->140M(512M) 2.852ms
[2023-11-16T05:39:11.240+0000][7][gc,cpu      ] GC(106) User=0.02s Sys=0.00s Real=0.01s
[2023-11-16T05:39:11.240+0000][7][safepoint   ] Safepoint "G1CollectForAllocation", Time since last: 1735247525 ns, Reaching safepoint: 47207 ns, At safepoint: 2960212 ns, Total: 3007419 ns
[2023-11-16T05:39:13.240+0000][7][safepoint   ] Safepoint "Cleanup", Time since last: 2000475749 ns, Reaching safepoint: 166984 ns, At safepoint: 4418 ns, Total: 171402 ns
[2023-11-16T05:39:14.241+0000][7][safepoint   ] Safepoint "Cleanup", Time since last: 1000103288 ns, Reaching safepoint: 94866 ns, At safepoint: 6360 ns, Total: 101226 ns
[2023-11-16T05:39:15.241+0000][7][safepoint   ] Safepoint "Cleanup", Time since last: 1000226900 ns, Reaching safepoint: 84406 ns, At safepoint: 4860 ns, Total: 89266 ns
[2023-11-16T05:39:17.241+0000][7][safepoint   ] Safepoint "Cleanup", Time since last: 2000234274 ns, Reaching safepoint: 82214 ns, At safepoint: 6971 ns, Total: 89185 ns
[2023-11-16T05:39:17.727+0000][7][gc,start    ] GC(107) Pause Young (Normal) (G1 Evacuation Pause)
[2023-11-16T05:39:17.727+0000][7][gc,task     ] GC(107) Using 8 workers of 8 for evacuation
[2023-11-16T05:39:17.727+0000][7][gc,age      ] GC(107) Desired survivor size 18874368 bytes, new threshold 15 (max threshold 15)
[2023-11-16T05:39:17.729+0000][7][gc,age      ] GC(107) Age table with threshold 15 (max threshold 15)
[2023-11-16T05:39:17.729+0000][7][gc,age      ] GC(107) - age   1:    1535088 bytes,    1535088 total
[2023-11-16T05:39:17.729+0000][7][gc,age      ] GC(107) - age   2:     430296 bytes,    1965384 total
[2023-11-16T05:39:17.729+0000][7][gc,age      ] GC(107) - age   3:     161736 bytes,    2127120 total
[2023-11-16T05:39:17.729+0000][7][gc,age      ] GC(107) - age   4:     181328 bytes,    2308448 total
[2023-11-16T05:39:17.729+0000][7][gc,age      ] GC(107) - age   5:     173360 bytes,    2481808 total
[2023-11-16T05:39:17.729+0000][7][gc,age      ] GC(107) - age   6:     148784 bytes,    2630592 total
[2023-11-16T05:39:17.729+0000][7][gc,age      ] GC(107) - age   7:     118920 bytes,    2749512 total
[2023-11-16T05:39:17.729+0000][7][gc,age      ] GC(107) - age   8:        400 bytes,    2749912 total
[2023-11-16T05:39:17.729+0000][7][gc,age      ] GC(107) - age   9:        240 bytes,    2750152 total
[2023-11-16T05:39:17.729+0000][7][gc,age      ] GC(107) - age  10:        448 bytes,    2750600 total
[2023-11-16T05:39:17.729+0000][7][gc,age      ] GC(107) - age  11:      25488 bytes,    2776088 total
[2023-11-16T05:39:17.729+0000][7][gc,age      ] GC(107) - age  12:       4104 bytes,    2780192 total
[2023-11-16T05:39:17.729+0000][7][gc,age      ] GC(107) - age  13:     386984 bytes,    3167176 total
[2023-11-16T05:39:17.729+0000][7][gc,age      ] GC(107) - age  14:       3800 bytes,    3170976 total
[2023-11-16T05:39:17.729+0000][7][gc,age      ] GC(107) - age  15:         88 bytes,    3171064 total
[2023-11-16T05:39:17.729+0000][7][gc,phases   ] GC(107)   Pre Evacuate Collection Set: 0.1ms
[2023-11-16T05:39:17.729+0000][7][gc,phases   ] GC(107)   Merge Heap Roots: 0.0ms
[2023-11-16T05:39:17.729+0000][7][gc,phases   ] GC(107)   Evacuate Collection Set: 1.6ms
[2023-11-16T05:39:17.729+0000][7][gc,phases   ] GC(107)   Post Evacuate Collection Set: 0.7ms
[2023-11-16T05:39:17.729+0000][7][gc,phases   ] GC(107)   Other: 0.3ms
[2023-11-16T05:39:17.729+0000][7][gc,heap     ] GC(107) Eden regions: 69->0(69)
[2023-11-16T05:39:17.729+0000][7][gc,heap     ] GC(107) Survivor regions: 1->1(9)
[2023-11-16T05:39:17.729+0000][7][gc,heap     ] GC(107) Old regions: 29->29
[2023-11-16T05:39:17.729+0000][7][gc,heap     ] GC(107) Archive regions: 2->2
[2023-11-16T05:39:17.729+0000][7][gc,heap     ] GC(107) Humongous regions: 5->5
[2023-11-16T05:39:17.729+0000][7][gc,metaspace] GC(107) Metaspace: 118639K(120384K)->118639K(120384K) NonClass: 102850K(103872K)->102850K(103872K) Class: 15789K(16512K)->15789K(16512K)
[2023-11-16T05:39:17.729+0000][7][gc          ] GC(107) Pause Young (Normal) (G1 Evacuation Pause) 416M->140M(512M) 2.746ms
[2023-11-16T05:39:17.729+0000][7][gc,cpu      ] GC(107) User=0.01s Sys=0.00s Real=0.01s
[2023-11-16T05:39:17.729+0000][7][safepoint   ] Safepoint "G1CollectForAllocation", Time since last: 485337213 ns, Reaching safepoint: 27539 ns, At safepoint: 2859621 ns, Total: 2887160 ns
[2023-11-16T05:39:18.730+0000][7][safepoint   ] Safepoint "Cleanup", Time since last: 1000085865 ns, Reaching safepoint: 169074 ns, At safepoint: 6681 ns, Total: 175755 ns
[2023-11-16T05:39:19.730+0000][7][safepoint   ] Safepoint "Cleanup", Time since last: 1000251686 ns, Reaching safepoint: 157652 ns, At safepoint: 7108 ns, Total: 164760 ns
[2023-11-16T05:39:21.730+0000][7][safepoint   ] Safepoint "Cleanup", Time since last: 2000193210 ns, Reaching safepoint: 174402 ns, At safepoint: 3379 ns, Total: 177781 ns
[2023-11-16T05:39:22.731+0000][7][safepoint   ] Safepoint "Cleanup", Time since last: 1000720379 ns, Reaching safepoint: 103274 ns, At safepoint: 5578 ns, Total: 108852 ns
[2023-11-16T05:39:23.732+0000][7][safepoint   ] Safepoint "Cleanup", Time since last: 1000178586 ns, Reaching safepoint: 61943 ns, At safepoint: 8976 ns, Total: 70919 ns
[2023-11-16T05:39:23.765+0000][7][gc,start    ] GC(108) Pause Young (Normal) (G1 Evacuation Pause)
[2023-11-16T05:39:23.765+0000][7][gc,task     ] GC(108) Using 8 workers of 8 for evacuation
[2023-11-16T05:39:23.765+0000][7][gc,age      ] GC(108) Desired survivor size 18874368 bytes, new threshold 15 (max threshold 15)
[2023-11-16T05:39:23.767+0000][7][gc,age      ] GC(108) Age table with threshold 15 (max threshold 15)
[2023-11-16T05:39:23.767+0000][7][gc,age      ] GC(108) - age   1:    1739680 bytes,    1739680 total
[2023-11-16T05:39:23.767+0000][7][gc,age      ] GC(108) - age   2:     793280 bytes,    2532960 total
[2023-11-16T05:39:23.767+0000][7][gc,age      ] GC(108) - age   3:     422456 bytes,    2955416 total
[2023-11-16T05:39:23.767+0000][7][gc,age      ] GC(108) - age   4:     161328 bytes,    3116744 total
[2023-11-16T05:39:23.767+0000][7][gc,age      ] GC(108) - age   5:     180896 bytes,    3297640 total
[2023-11-16T05:39:23.767+0000][7][gc,age      ] GC(108) - age   6:     172808 bytes,    3470448 total
[2023-11-16T05:39:23.767+0000][7][gc,age      ] GC(108) - age   7:     148480 bytes,    3618928 total
[2023-11-16T05:39:23.767+0000][7][gc,age      ] GC(108) - age   8:     118920 bytes,    3737848 total
[2023-11-16T05:39:23.767+0000][7][gc,age      ] GC(108) - age   9:        400 bytes,    3738248 total
[2023-11-16T05:39:23.767+0000][7][gc,age      ] GC(108) - age  10:        240 bytes,    3738488 total
[2023-11-16T05:39:23.767+0000][7][gc,age      ] GC(108) - age  11:        448 bytes,    3738936 total
[2023-11-16T05:39:23.767+0000][7][gc,age      ] GC(108) - age  12:      25488 bytes,    3764424 total
[2023-11-16T05:39:23.767+0000][7][gc,age      ] GC(108) - age  13:       4104 bytes,    3768528 total
[2023-11-16T05:39:23.767+0000][7][gc,age      ] GC(108) - age  14:     386984 bytes,    4155512 total
[2023-11-16T05:39:23.767+0000][7][gc,age      ] GC(108) - age  15:       3800 bytes,    4159312 total
[2023-11-16T05:39:23.767+0000][7][gc,phases   ] GC(108)   Pre Evacuate Collection Set: 0.1ms
[2023-11-16T05:39:23.767+0000][7][gc,phases   ] GC(108)   Merge Heap Roots: 0.1ms
[2023-11-16T05:39:23.767+0000][7][gc,phases   ] GC(108)   Evacuate Collection Set: 1.6ms
[2023-11-16T05:39:23.767+0000][7][gc,phases   ] GC(108)   Post Evacuate Collection Set: 0.5ms
[2023-11-16T05:39:23.767+0000][7][gc,phases   ] GC(108)   Other: 0.2ms
[2023-11-16T05:39:23.767+0000][7][gc,heap     ] GC(108) Eden regions: 69->0(68)
[2023-11-16T05:39:23.767+0000][7][gc,heap     ] GC(108) Survivor regions: 1->2(9)
[2023-11-16T05:39:23.767+0000][7][gc,heap     ] GC(108) Old regions: 29->29
[2023-11-16T05:39:23.767+0000][7][gc,heap     ] GC(108) Archive regions: 2->2
[2023-11-16T05:39:23.767+0000][7][gc,heap     ] GC(108) Humongous regions: 5->5
[2023-11-16T05:39:23.767+0000][7][gc,metaspace] GC(108) Metaspace: 118640K(120384K)->118640K(120384K) NonClass: 102850K(103872K)->102850K(103872K) Class: 15789K(16512K)->15789K(16512K)
[2023-11-16T05:39:23.767+0000][7][gc          ] GC(108) Pause Young (Normal) (G1 Evacuation Pause) 416M->140M(512M) 2.416ms
[2023-11-16T05:39:23.767+0000][7][gc,cpu      ] GC(108) User=0.01s Sys=0.00s Real=0.00s
[2023-11-16T05:39:23.767+0000][7][safepoint   ] Safepoint "G1CollectForAllocation", Time since last: 33361908 ns, Reaching safepoint: 41572 ns, At safepoint: 2490021 ns, Total: 2531593 ns
[2023-11-16T05:39:24.768+0000][7][safepoint   ] Safepoint "Cleanup", Time since last: 1000147000 ns, Reaching safepoint: 95769 ns, At safepoint: 6211 ns, Total: 101980 ns
[2023-11-16T05:39:25.768+0000][7][safepoint   ] Safepoint "Cleanup", Time since last: 1000127532 ns, Reaching safepoint: 68095 ns, At safepoint: 6684 ns, Total: 74779 ns
[2023-11-16T05:39:26.768+0000][7][safepoint   ] Safepoint "Cleanup", Time since last: 1000511040 ns, Reaching safepoint: 106279 ns, At safepoint: 7184 ns, Total: 113463 ns
[2023-11-16T05:39:28.769+0000][7][safepoint   ] Safepoint "Cleanup", Time since last: 2000495618 ns, Reaching safepoint: 91914 ns, At safepoint: 6262 ns, Total: 98176 ns
[2023-11-16T05:39:29.769+0000][7][safepoint   ] Safepoint "Cleanup", Time since last: 1000109222 ns, Reaching safepoint: 70806 ns, At safepoint: 6981 ns, Total: 77787 ns
[2023-11-16T05:39:30.769+0000][7][safepoint   ] Safepoint "Cleanup", Time since last: 1000100799 ns, Reaching safepoint: 86063 ns, At safepoint: 9968 ns, Total: 96031 ns
[2023-11-16T05:39:30.860+0000][7][gc,start    ] GC(109) Pause Young (Normal) (G1 Evacuation Pause)
[2023-11-16T05:39:30.860+0000][7][gc,task     ] GC(109) Using 8 workers of 8 for evacuation
[2023-11-16T05:39:30.860+0000][7][gc,age      ] GC(109) Desired survivor size 18874368 bytes, new threshold 15 (max threshold 15)
[2023-11-16T05:39:30.862+0000][7][gc,age      ] GC(109) Age table with threshold 15 (max threshold 15)
[2023-11-16T05:39:30.862+0000][7][gc,age      ] GC(109) - age   1:    1565984 bytes,    1565984 total
[2023-11-16T05:39:30.862+0000][7][gc,age      ] GC(109) - age   2:       8680 bytes,    1574664 total
[2023-11-16T05:39:30.862+0000][7][gc,age      ] GC(109) - age   3:     150232 bytes,    1724896 total
[2023-11-16T05:39:30.862+0000][7][gc,age      ] GC(109) - age   4:     202144 bytes,    1927040 total
[2023-11-16T05:39:30.862+0000][7][gc,age      ] GC(109) - age   5:     149720 bytes,    2076760 total
[2023-11-16T05:39:30.862+0000][7][gc,age      ] GC(109) - age   6:     145712 bytes,    2222472 total
[2023-11-16T05:39:30.862+0000][7][gc,age      ] GC(109) - age   7:       1872 bytes,    2224344 total
[2023-11-16T05:39:30.862+0000][7][gc,age      ] GC(109) - age   8:      38656 bytes,    2263000 total
[2023-11-16T05:39:30.862+0000][7][gc,age      ] GC(109) - age   9:     118856 bytes,    2381856 total
[2023-11-16T05:39:30.862+0000][7][gc,age      ] GC(109) - age  10:        336 bytes,    2382192 total
[2023-11-16T05:39:30.862+0000][7][gc,age      ] GC(109) - age  11:        240 bytes,    2382432 total
[2023-11-16T05:39:30.862+0000][7][gc,age      ] GC(109) - age  12:        448 bytes,    2382880 total
[2023-11-16T05:39:30.862+0000][7][gc,age      ] GC(109) - age  13:      24880 bytes,    2407760 total
[2023-11-16T05:39:30.862+0000][7][gc,age      ] GC(109) - age  14:       4016 bytes,    2411776 total
[2023-11-16T05:39:30.862+0000][7][gc,age      ] GC(109) - age  15:     386984 bytes,    2798760 total
[2023-11-16T05:39:30.862+0000][7][gc,phases   ] GC(109)   Pre Evacuate Collection Set: 0.1ms
[2023-11-16T05:39:30.862+0000][7][gc,phases   ] GC(109)   Merge Heap Roots: 0.0ms
[2023-11-16T05:39:30.862+0000][7][gc,phases   ] GC(109)   Evacuate Collection Set: 1.3ms
[2023-11-16T05:39:30.862+0000][7][gc,phases   ] GC(109)   Post Evacuate Collection Set: 0.6ms
[2023-11-16T05:39:30.862+0000][7][gc,phases   ] GC(109)   Other: 0.2ms
[2023-11-16T05:39:30.862+0000][7][gc,heap     ] GC(109) Eden regions: 68->0(69)
[2023-11-16T05:39:30.862+0000][7][gc,heap     ] GC(109) Survivor regions: 2->1(9)
[2023-11-16T05:39:30.862+0000][7][gc,heap     ] GC(109) Old regions: 29->29
[2023-11-16T05:39:30.862+0000][7][gc,heap     ] GC(109) Archive regions: 2->2
[2023-11-16T05:39:30.862+0000][7][gc,heap     ] GC(109) Humongous regions: 5->5
[2023-11-16T05:39:30.862+0000][7][gc,metaspace] GC(109) Metaspace: 118642K(120384K)->118642K(120384K) NonClass: 102852K(103872K)->102852K(103872K) Class: 15789K(16512K)->15789K(16512K)
[2023-11-16T05:39:30.862+0000][7][gc          ] GC(109) Pause Young (Normal) (G1 Evacuation Pause) 412M->139M(512M) 2.325ms
[2023-11-16T05:39:30.862+0000][7][gc,cpu      ] GC(109) User=0.01s Sys=0.00s Real=0.00s
[2023-11-16T05:39:30.862+0000][7][safepoint   ] Safepoint "G1CollectForAllocation", Time since last: 90168253 ns, Reaching safepoint: 98709 ns, At safepoint: 2390914 ns, Total: 2489623 ns
[2023-11-16T05:39:31.862+0000][7][safepoint   ] Safepoint "Cleanup", Time since last: 1000128032 ns, Reaching safepoint: 55574 ns, At safepoint: 4150 ns, Total: 59724 ns
[2023-11-16T05:39:33.863+0000][7][safepoint   ] Safepoint "Cleanup", Time since last: 2000347306 ns, Reaching safepoint: 76169 ns, At safepoint: 6574 ns, Total: 82743 ns
[2023-11-16T05:39:34.863+0000][7][safepoint   ] Safepoint "Cleanup", Time since last: 1000087488 ns, Reaching safepoint: 54535 ns, At safepoint: 5163 ns, Total: 59698 ns
[2023-11-16T05:39:35.863+0000][7][safepoint   ] Safepoint "Cleanup", Time since last: 1000084784 ns, Reaching safepoint: 61985 ns, At safepoint: 7310 ns, Total: 69295 ns
[2023-11-16T05:39:36.863+0000][7][safepoint   ] Safepoint "Cleanup", Time since last: 1000093987 ns, Reaching safepoint: 105381 ns, At safepoint: 5676 ns, Total: 111057 ns
[2023-11-16T05:39:36.937+0000][7][gc,start    ] GC(110) Pause Young (Normal) (G1 Evacuation Pause)
[2023-11-16T05:39:36.937+0000][7][gc,task     ] GC(110) Using 8 workers of 8 for evacuation
[2023-11-16T05:39:36.937+0000][7][gc,age      ] GC(110) Desired survivor size 18874368 bytes, new threshold 15 (max threshold 15)
[2023-11-16T05:39:36.946+0000][7][gc,age      ] GC(110) Age table with threshold 15 (max threshold 15)
[2023-11-16T05:39:36.946+0000][7][gc,age      ] GC(110) - age   1:    1534800 bytes,    1534800 total
[2023-11-16T05:39:36.946+0000][7][gc,age      ] GC(110) - age   2:     265248 bytes,    1800048 total
[2023-11-16T05:39:36.946+0000][7][gc,age      ] GC(110) - age   3:       5088 bytes,    1805136 total
[2023-11-16T05:39:36.946+0000][7][gc,age      ] GC(110) - age   4:     149096 bytes,    1954232 total
[2023-11-16T05:39:36.946+0000][7][gc,age      ] GC(110) - age   5:     201840 bytes,    2156072 total
[2023-11-16T05:39:36.946+0000][7][gc,age      ] GC(110) - age   6:     149528 bytes,    2305600 total
[2023-11-16T05:39:36.946+0000][7][gc,age      ] GC(110) - age   7:       1320 bytes,    2306920 total
[2023-11-16T05:39:36.946+0000][7][gc,age      ] GC(110) - age   8:        480 bytes,    2307400 total
[2023-11-16T05:39:36.946+0000][7][gc,age      ] GC(110) - age   9:      38408 bytes,    2345808 total
[2023-11-16T05:39:36.946+0000][7][gc,age      ] GC(110) - age  10:     118856 bytes,    2464664 total
[2023-11-16T05:39:36.946+0000][7][gc,age      ] GC(110) - age  11:        336 bytes,    2465000 total
[2023-11-16T05:39:36.946+0000][7][gc,age      ] GC(110) - age  12:        240 bytes,    2465240 total
[2023-11-16T05:39:36.946+0000][7][gc,age      ] GC(110) - age  13:        448 bytes,    2465688 total
[2023-11-16T05:39:36.946+0000][7][gc,age      ] GC(110) - age  14:      24880 bytes,    2490568 total
[2023-11-16T05:39:36.946+0000][7][gc,age      ] GC(110) - age  15:       4016 bytes,    2494584 total
[2023-11-16T05:39:36.946+0000][7][gc,phases   ] GC(110)   Pre Evacuate Collection Set: 0.1ms
[2023-11-16T05:39:36.946+0000][7][gc,phases   ] GC(110)   Merge Heap Roots: 0.0ms
[2023-11-16T05:39:36.946+0000][7][gc,phases   ] GC(110)   Evacuate Collection Set: 8.6ms
[2023-11-16T05:39:36.946+0000][7][gc,phases   ] GC(110)   Post Evacuate Collection Set: 0.5ms
[2023-11-16T05:39:36.946+0000][7][gc,phases   ] GC(110)   Other: 0.2ms
[2023-11-16T05:39:36.946+0000][7][gc,heap     ] GC(110) Eden regions: 69->0(69)
[2023-11-16T05:39:36.946+0000][7][gc,heap     ] GC(110) Survivor regions: 1->1(9)
[2023-11-16T05:39:36.946+0000][7][gc,heap     ] GC(110) Old regions: 29->29
[2023-11-16T05:39:36.946+0000][7][gc,heap     ] GC(110) Archive regions: 2->2
[2023-11-16T05:39:36.946+0000][7][gc,heap     ] GC(110) Humongous regions: 5->5
[2023-11-16T05:39:36.946+0000][7][gc,metaspace] GC(110) Metaspace: 118643K(120384K)->118643K(120384K) NonClass: 102853K(103872K)->102853K(103872K) Class: 15789K(16512K)->15789K(16512K)
[2023-11-16T05:39:36.946+0000][7][gc          ] GC(110) Pause Young (Normal) (G1 Evacuation Pause) 415M->139M(512M) 9.461ms
[2023-11-16T05:39:36.946+0000][7][gc,cpu      ] GC(110) User=0.02s Sys=0.00s Real=0.01s
[2023-11-16T05:39:36.946+0000][7][safepoint   ] Safepoint "G1CollectForAllocation", Time since last: 73335627 ns, Reaching safepoint: 56633 ns, At safepoint: 9517168 ns, Total: 9573801 ns
[2023-11-16T05:39:37.947+0000][7][safepoint   ] Safepoint "Cleanup", Time since last: 1000309620 ns, Reaching safepoint: 38590 ns, At safepoint: 34880 ns, Total: 73470 ns
[2023-11-16T05:39:38.947+0000][7][safepoint   ] Safepoint "Cleanup", Time since last: 1000330761 ns, Reaching safepoint: 29037 ns, At safepoint: 4433 ns, Total: 33470 ns
[2023-11-16T05:39:40.947+0000][7][safepoint   ] Safepoint "Cleanup", Time since last: 2000212335 ns, Reaching safepoint: 68381 ns, At safepoint: 4619 ns, Total: 73000 ns
[2023-11-16T05:39:41.947+0000][7][safepoint   ] Safepoint "Cleanup", Time since last: 1000106762 ns, Reaching safepoint: 66385 ns, At safepoint: 6135 ns, Total: 72520 ns
[2023-11-16T05:39:42.974+0000][7][gc,start    ] GC(111) Pause Young (Normal) (G1 Evacuation Pause)
[2023-11-16T05:39:42.974+0000][7][gc,task     ] GC(111) Using 8 workers of 8 for evacuation
[2023-11-16T05:39:42.975+0000][7][gc,age      ] GC(111) Desired survivor size 18874368 bytes, new threshold 15 (max threshold 15)
[2023-11-16T05:39:42.977+0000][7][gc,age      ] GC(111) Age table with threshold 15 (max threshold 15)
[2023-11-16T05:39:42.977+0000][7][gc,age      ] GC(111) - age   1:    1610472 bytes,    1610472 total
[2023-11-16T05:39:42.977+0000][7][gc,age      ] GC(111) - age   2:     402944 bytes,    2013416 total
[2023-11-16T05:39:42.977+0000][7][gc,age      ] GC(111) - age   3:     262952 bytes,    2276368 total
[2023-11-16T05:39:42.977+0000][7][gc,age      ] GC(111) - age   4:       4496 bytes,    2280864 total
[2023-11-16T05:39:42.977+0000][7][gc,age      ] GC(111) - age   5:     148744 bytes,    2429608 total
[2023-11-16T05:39:42.977+0000][7][gc,age      ] GC(111) - age   6:     201416 bytes,    2631024 total
[2023-11-16T05:39:42.977+0000][7][gc,age      ] GC(111) - age   7:     149528 bytes,    2780552 total
[2023-11-16T05:39:42.977+0000][7][gc,age      ] GC(111) - age   8:       1256 bytes,    2781808 total
[2023-11-16T05:39:42.977+0000][7][gc,age      ] GC(111) - age   9:        480 bytes,    2782288 total
[2023-11-16T05:39:42.977+0000][7][gc,age      ] GC(111) - age  10:      25512 bytes,    2807800 total
[2023-11-16T05:39:42.977+0000][7][gc,age      ] GC(111) - age  11:        440 bytes,    2808240 total
[2023-11-16T05:39:42.977+0000][7][gc,age      ] GC(111) - age  12:        336 bytes,    2808576 total
[2023-11-16T05:39:42.977+0000][7][gc,age      ] GC(111) - age  13:        240 bytes,    2808816 total
[2023-11-16T05:39:42.977+0000][7][gc,age      ] GC(111) - age  14:        384 bytes,    2809200 total
[2023-11-16T05:39:42.977+0000][7][gc,age      ] GC(111) - age  15:      24880 bytes,    2834080 total
[2023-11-16T05:39:42.977+0000][7][gc,phases   ] GC(111)   Pre Evacuate Collection Set: 0.1ms
[2023-11-16T05:39:42.977+0000][7][gc,phases   ] GC(111)   Merge Heap Roots: 0.0ms
[2023-11-16T05:39:42.977+0000][7][gc,phases   ] GC(111)   Evacuate Collection Set: 1.6ms
[2023-11-16T05:39:42.977+0000][7][gc,phases   ] GC(111)   Post Evacuate Collection Set: 0.7ms
[2023-11-16T05:39:42.977+0000][7][gc,phases   ] GC(111)   Other: 0.3ms
[2023-11-16T05:39:42.977+0000][7][gc,heap     ] GC(111) Eden regions: 69->0(69)
[2023-11-16T05:39:42.977+0000][7][gc,heap     ] GC(111) Survivor regions: 1->1(9)
[2023-11-16T05:39:42.977+0000][7][gc,heap     ] GC(111) Old regions: 29->29
[2023-11-16T05:39:42.977+0000][7][gc,heap     ] GC(111) Archive regions: 2->2
[2023-11-16T05:39:42.977+0000][7][gc,heap     ] GC(111) Humongous regions: 5->5
[2023-11-16T05:39:42.977+0000][7][gc,metaspace] GC(111) Metaspace: 118643K(120384K)->118643K(120384K) NonClass: 102853K(103872K)->102853K(103872K) Class: 15789K(16512K)->15789K(16512K)
[2023-11-16T05:39:42.977+0000][7][gc          ] GC(111) Pause Young (Normal) (G1 Evacuation Pause) 415M->140M(512M) 2.730ms
[2023-11-16T05:39:42.977+0000][7][gc,cpu      ] GC(111) User=0.01s Sys=0.00s Real=0.00s
[2023-11-16T05:39:42.977+0000][7][safepoint   ] Safepoint "G1CollectForAllocation", Time since last: 1026952044 ns, Reaching safepoint: 86159 ns, At safepoint: 2837355 ns, Total: 2923514 ns
[2023-11-16T05:39:43.978+0000][7][safepoint   ] Safepoint "Cleanup", Time since last: 1000370889 ns, Reaching safepoint: 32058 ns, At safepoint: 22590 ns, Total: 54648 ns
[2023-11-16T05:39:45.978+0000][7][safepoint   ] Safepoint "Cleanup", Time since last: 2000649953 ns, Reaching safepoint: 89253 ns, At safepoint: 8910 ns, Total: 98163 ns
[2023-11-16T05:39:46.979+0000][7][safepoint   ] Safepoint "Cleanup", Time since last: 1000158234 ns, Reaching safepoint: 134736 ns, At safepoint: 4802 ns, Total: 139538 ns
[2023-11-16T05:39:48.979+0000][7][safepoint   ] Safepoint "Cleanup", Time since last: 2000144065 ns, Reaching safepoint: 75790 ns, At safepoint: 7415 ns, Total: 83205 ns
[2023-11-16T05:39:49.979+0000][7][safepoint   ] Safepoint "Cleanup", Time since last: 1000086212 ns, Reaching safepoint: 32346 ns, At safepoint: 29120 ns, Total: 61466 ns
[2023-11-16T05:39:50.110+0000][7][gc,start    ] GC(112) Pause Young (Normal) (G1 Evacuation Pause)
[2023-11-16T05:39:50.110+0000][7][gc,task     ] GC(112) Using 8 workers of 8 for evacuation
[2023-11-16T05:39:50.111+0000][7][gc,age      ] GC(112) Desired survivor size 18874368 bytes, new threshold 15 (max threshold 15)
[2023-11-16T05:39:50.114+0000][7][gc,age      ] GC(112) Age table with threshold 15 (max threshold 15)
[2023-11-16T05:39:50.114+0000][7][gc,age      ] GC(112) - age   1:    2483728 bytes,    2483728 total
[2023-11-16T05:39:50.114+0000][7][gc,age      ] GC(112) - age   2:     429288 bytes,    2913016 total
[2023-11-16T05:39:50.114+0000][7][gc,age      ] GC(112) - age   3:     400480 bytes,    3313496 total
[2023-11-16T05:39:50.114+0000][7][gc,age      ] GC(112) - age   4:     262448 bytes,    3575944 total
[2023-11-16T05:39:50.114+0000][7][gc,age      ] GC(112) - age   5:       4400 bytes,    3580344 total
[2023-11-16T05:39:50.114+0000][7][gc,age      ] GC(112) - age   6:     148712 bytes,    3729056 total
[2023-11-16T05:39:50.114+0000][7][gc,age      ] GC(112) - age   7:     201352 bytes,    3930408 total
[2023-11-16T05:39:50.114+0000][7][gc,age      ] GC(112) - age   8:     149528 bytes,    4079936 total
[2023-11-16T05:39:50.114+0000][7][gc,age      ] GC(112) - age   9:        856 bytes,    4080792 total
[2023-11-16T05:39:50.114+0000][7][gc,age      ] GC(112) - age  10:        480 bytes,    4081272 total
[2023-11-16T05:39:50.114+0000][7][gc,age      ] GC(112) - age  11:      25512 bytes,    4106784 total
[2023-11-16T05:39:50.114+0000][7][gc,age      ] GC(112) - age  12:        440 bytes,    4107224 total
[2023-11-16T05:39:50.114+0000][7][gc,age      ] GC(112) - age  13:        336 bytes,    4107560 total
[2023-11-16T05:39:50.114+0000][7][gc,age      ] GC(112) - age  14:        176 bytes,    4107736 total
[2023-11-16T05:39:50.114+0000][7][gc,age      ] GC(112) - age  15:        320 bytes,    4108056 total
[2023-11-16T05:39:50.114+0000][7][gc,phases   ] GC(112)   Pre Evacuate Collection Set: 0.1ms
[2023-11-16T05:39:50.114+0000][7][gc,phases   ] GC(112)   Merge Heap Roots: 0.0ms
[2023-11-16T05:39:50.114+0000][7][gc,phases   ] GC(112)   Evacuate Collection Set: 2.3ms
[2023-11-16T05:39:50.114+0000][7][gc,phases   ] GC(112)   Post Evacuate Collection Set: 0.6ms
[2023-11-16T05:39:50.114+0000][7][gc,phases   ] GC(112)   Other: 0.2ms
[2023-11-16T05:39:50.114+0000][7][gc,heap     ] GC(112) Eden regions: 69->0(68)
[2023-11-16T05:39:50.114+0000][7][gc,heap     ] GC(112) Survivor regions: 1->2(9)
[2023-11-16T05:39:50.114+0000][7][gc,heap     ] GC(112) Old regions: 29->29
[2023-11-16T05:39:50.114+0000][7][gc,heap     ] GC(112) Archive regions: 2->2
[2023-11-16T05:39:50.114+0000][7][gc,heap     ] GC(112) Humongous regions: 5->5
[2023-11-16T05:39:50.114+0000][7][gc,metaspace] GC(112) Metaspace: 118644K(120384K)->118644K(120384K) NonClass: 102854K(103872K)->102854K(103872K) Class: 15789K(16512K)->15789K(16512K)
[2023-11-16T05:39:50.114+0000][7][gc          ] GC(112) Pause Young (Normal) (G1 Evacuation Pause) 416M->141M(512M) 3.345ms
[2023-11-16T05:39:50.114+0000][7][gc,cpu      ] GC(112) User=0.01s Sys=0.00s Real=0.00s
[2023-11-16T05:39:50.114+0000][7][safepoint   ] Safepoint "G1CollectForAllocation", Time since last: 131216521 ns, Reaching safepoint: 63124 ns, At safepoint: 3459149 ns, Total: 3522273 ns
[2023-11-16T05:39:51.114+0000][7][safepoint   ] Safepoint "Cleanup", Time since last: 1000251723 ns, Reaching safepoint: 63392 ns, At safepoint: 4886 ns, Total: 68278 ns
[2023-11-16T05:39:53.115+0000][7][safepoint   ] Safepoint "Cleanup", Time since last: 2000400947 ns, Reaching safepoint: 86662 ns, At safepoint: 7391 ns, Total: 94053 ns
[2023-11-16T05:39:54.115+0000][7][safepoint   ] Safepoint "Cleanup", Time since last: 1000337269 ns, Reaching safepoint: 64570 ns, At safepoint: 4756 ns, Total: 69326 ns
[2023-11-16T05:39:55.115+0000][7][safepoint   ] Safepoint "Cleanup", Time since last: 1000128010 ns, Reaching safepoint: 105667 ns, At safepoint: 18581 ns, Total: 124248 ns
[2023-11-16T05:39:56.115+0000][7][safepoint   ] Safepoint "Cleanup", Time since last: 1000116757 ns, Reaching safepoint: 66293 ns, At safepoint: 3997 ns, Total: 70290 ns
[2023-11-16T05:39:58.106+0000][7][gc,start    ] GC(113) Pause Young (Normal) (G1 Evacuation Pause)
[2023-11-16T05:39:58.106+0000][7][gc,task     ] GC(113) Using 8 workers of 8 for evacuation
[2023-11-16T05:39:58.106+0000][7][gc,age      ] GC(113) Desired survivor size 18874368 bytes, new threshold 15 (max threshold 15)
[2023-11-16T05:39:58.109+0000][7][gc,age      ] GC(113) Age table with threshold 15 (max threshold 15)
[2023-11-16T05:39:58.109+0000][7][gc,age      ] GC(113) - age   1:    1736448 bytes,    1736448 total
[2023-11-16T05:39:58.109+0000][7][gc,age      ] GC(113) - age   2:     246768 bytes,    1983216 total
[2023-11-16T05:39:58.109+0000][7][gc,age      ] GC(113) - age   3:     328136 bytes,    2311352 total
[2023-11-16T05:39:58.109+0000][7][gc,age      ] GC(113) - age   4:     399984 bytes,    2711336 total
[2023-11-16T05:39:58.109+0000][7][gc,age      ] GC(113) - age   5:     250424 bytes,    2961760 total
[2023-11-16T05:39:58.109+0000][7][gc,age      ] GC(113) - age   6:       3960 bytes,    2965720 total
[2023-11-16T05:39:58.109+0000][7][gc,age      ] GC(113) - age   7:     148440 bytes,    3114160 total
[2023-11-16T05:39:58.109+0000][7][gc,age      ] GC(113) - age   8:     201096 bytes,    3315256 total
[2023-11-16T05:39:58.109+0000][7][gc,age      ] GC(113) - age   9:       3688 bytes,    3318944 total
[2023-11-16T05:39:58.109+0000][7][gc,age      ] GC(113) - age  10:        360 bytes,    3319304 total
[2023-11-16T05:39:58.109+0000][7][gc,age      ] GC(113) - age  11:        384 bytes,    3319688 total
[2023-11-16T05:39:58.109+0000][7][gc,age      ] GC(113) - age  12:      25512 bytes,    3345200 total
[2023-11-16T05:39:58.109+0000][7][gc,age      ] GC(113) - age  13:        440 bytes,    3345640 total
[2023-11-16T05:39:58.109+0000][7][gc,age      ] GC(113) - age  14:        336 bytes,    3345976 total
[2023-11-16T05:39:58.109+0000][7][gc,age      ] GC(113) - age  15:        176 bytes,    3346152 total
[2023-11-16T05:39:58.109+0000][7][gc,phases   ] GC(113)   Pre Evacuate Collection Set: 0.1ms
[2023-11-16T05:39:58.109+0000][7][gc,phases   ] GC(113)   Merge Heap Roots: 0.1ms
[2023-11-16T05:39:58.109+0000][7][gc,phases   ] GC(113)   Evacuate Collection Set: 1.8ms
[2023-11-16T05:39:58.109+0000][7][gc,phases   ] GC(113)   Post Evacuate Collection Set: 0.6ms
[2023-11-16T05:39:58.109+0000][7][gc,phases   ] GC(113)   Other: 0.3ms
[2023-11-16T05:39:58.109+0000][7][gc,heap     ] GC(113) Eden regions: 68->0(69)
[2023-11-16T05:39:58.109+0000][7][gc,heap     ] GC(113) Survivor regions: 2->1(9)
[2023-11-16T05:39:58.109+0000][7][gc,heap     ] GC(113) Old regions: 29->29
[2023-11-16T05:39:58.109+0000][7][gc,heap     ] GC(113) Archive regions: 2->2
[2023-11-16T05:39:58.109+0000][7][gc,heap     ] GC(113) Humongous regions: 5->5
[2023-11-16T05:39:58.109+0000][7][gc,metaspace] GC(113) Metaspace: 118653K(120384K)->118653K(120384K) NonClass: 102863K(103872K)->102863K(103872K) Class: 15789K(16512K)->15789K(16512K)
[2023-11-16T05:39:58.109+0000][7][gc          ] GC(113) Pause Young (Normal) (G1 Evacuation Pause) 413M->140M(512M) 2.751ms
[2023-11-16T05:39:58.109+0000][7][gc,cpu      ] GC(113) User=0.01s Sys=0.00s Real=0.01s
[2023-11-16T05:39:58.109+0000][7][safepoint   ] Safepoint "G1CollectForAllocation", Time since last: 1990374888 ns, Reaching safepoint: 103087 ns, At safepoint: 2830241 ns, Total: 2933328 ns
[2023-11-16T05:39:59.109+0000][7][safepoint   ] Safepoint "Cleanup", Time since last: 1000090020 ns, Reaching safepoint: 78025 ns, At safepoint: 6292 ns, Total: 84317 ns
[2023-11-16T05:40:00.109+0000][7][safepoint   ] Safepoint "Cleanup", Time since last: 1000318047 ns, Reaching safepoint: 96947 ns, At safepoint: 8516 ns, Total: 105463 ns
[2023-11-16T05:40:01.110+0000][7][safepoint   ] Safepoint "Cleanup", Time since last: 1000321940 ns, Reaching safepoint: 34422 ns, At safepoint: 4301 ns, Total: 38723 ns
[2023-11-16T05:40:02.110+0000][7][safepoint   ] Safepoint "Cleanup", Time since last: 1000108972 ns, Reaching safepoint: 52220 ns, At safepoint: 4565 ns, Total: 56785 ns
[2023-11-16T05:40:04.110+0000][7][safepoint   ] Safepoint "Cleanup", Time since last: 2000163981 ns, Reaching safepoint: 64238 ns, At safepoint: 14882 ns, Total: 79120 ns
[2023-11-16T05:40:04.167+0000][7][gc,start    ] GC(114) Pause Young (Normal) (G1 Evacuation Pause)
[2023-11-16T05:40:04.167+0000][7][gc,task     ] GC(114) Using 8 workers of 8 for evacuation
[2023-11-16T05:40:04.167+0000][7][gc,age      ] GC(114) Desired survivor size 18874368 bytes, new threshold 15 (max threshold 15)
[2023-11-16T05:40:04.169+0000][7][gc,age      ] GC(114) Age table with threshold 15 (max threshold 15)
[2023-11-16T05:40:04.169+0000][7][gc,age      ] GC(114) - age   1:    2175224 bytes,    2175224 total
[2023-11-16T05:40:04.169+0000][7][gc,age      ] GC(114) - age   2:     160568 bytes,    2335792 total
[2023-11-16T05:40:04.169+0000][7][gc,age      ] GC(114) - age   3:       2976 bytes,    2338768 total
[2023-11-16T05:40:04.169+0000][7][gc,age      ] GC(114) - age   4:     120560 bytes,    2459328 total
[2023-11-16T05:40:04.169+0000][7][gc,age      ] GC(114) - age   5:     196520 bytes,    2655848 total
[2023-11-16T05:40:04.169+0000][7][gc,age      ] GC(114) - age   6:     108056 bytes,    2763904 total
[2023-11-16T05:40:04.169+0000][7][gc,age      ] GC(114) - age   7:       1280 bytes,    2765184 total
[2023-11-16T05:40:04.169+0000][7][gc,age      ] GC(114) - age   8:     148376 bytes,    2913560 total
[2023-11-16T05:40:04.169+0000][7][gc,age      ] GC(114) - age   9:      35496 bytes,    2949056 total
[2023-11-16T05:40:04.169+0000][7][gc,age      ] GC(114) - age  10:       3592 bytes,    2952648 total
[2023-11-16T05:40:04.169+0000][7][gc,age      ] GC(114) - age  11:        360 bytes,    2953008 total
[2023-11-16T05:40:04.169+0000][7][gc,age      ] GC(114) - age  12:        384 bytes,    2953392 total
[2023-11-16T05:40:04.169+0000][7][gc,age      ] GC(114) - age  13:      25512 bytes,    2978904 total
[2023-11-16T05:40:04.169+0000][7][gc,age      ] GC(114) - age  14:        440 bytes,    2979344 total
[2023-11-16T05:40:04.169+0000][7][gc,age      ] GC(114) - age  15:        336 bytes,    2979680 total
[2023-11-16T05:40:04.170+0000][7][gc,phases   ] GC(114)   Pre Evacuate Collection Set: 0.1ms
[2023-11-16T05:40:04.170+0000][7][gc,phases   ] GC(114)   Merge Heap Roots: 0.0ms
[2023-11-16T05:40:04.170+0000][7][gc,phases   ] GC(114)   Evacuate Collection Set: 1.4ms
[2023-11-16T05:40:04.170+0000][7][gc,phases   ] GC(114)   Post Evacuate Collection Set: 0.6ms
[2023-11-16T05:40:04.170+0000][7][gc,phases   ] GC(114)   Other: 0.2ms
[2023-11-16T05:40:04.170+0000][7][gc,heap     ] GC(114) Eden regions: 69->0(69)
[2023-11-16T05:40:04.170+0000][7][gc,heap     ] GC(114) Survivor regions: 1->1(9)
[2023-11-16T05:40:04.170+0000][7][gc,heap     ] GC(114) Old regions: 29->29
[2023-11-16T05:40:04.170+0000][7][gc,heap     ] GC(114) Archive regions: 2->2
[2023-11-16T05:40:04.170+0000][7][gc,heap     ] GC(114) Humongous regions: 5->5
[2023-11-16T05:40:04.170+0000][7][gc,metaspace] GC(114) Metaspace: 118672K(120384K)->118672K(120384K) NonClass: 102883K(103872K)->102883K(103872K) Class: 15789K(16512K)->15789K(16512K)
[2023-11-16T05:40:04.170+0000][7][gc          ] GC(114) Pause Young (Normal) (G1 Evacuation Pause) 416M->140M(512M) 2.275ms
[2023-11-16T05:40:04.170+0000][7][gc,cpu      ] GC(114) User=0.01s Sys=0.00s Real=0.01s
[2023-11-16T05:40:04.170+0000][7][safepoint   ] Safepoint "G1CollectForAllocation", Time since last: 57077654 ns, Reaching safepoint: 45727 ns, At safepoint: 2335749 ns, Total: 2381476 ns
[2023-11-16T05:40:05.170+0000][7][safepoint   ] Safepoint "Cleanup", Time since last: 1000071881 ns, Reaching safepoint: 53605 ns, At safepoint: 5406 ns, Total: 59011 ns
[2023-11-16T05:40:06.170+0000][7][safepoint   ] Safepoint "Cleanup", Time since last: 1000129486 ns, Reaching safepoint: 96896 ns, At safepoint: 11239 ns, Total: 108135 ns
[2023-11-16T05:40:08.170+0000][7][safepoint   ] Safepoint "Cleanup", Time since last: 2000283243 ns, Reaching safepoint: 212076 ns, At safepoint: 7657 ns, Total: 219733 ns
[2023-11-16T05:40:09.171+0000][7][safepoint   ] Safepoint "Cleanup", Time since last: 1000103078 ns, Reaching safepoint: 35554 ns, At safepoint: 26235 ns, Total: 61789 ns
[2023-11-16T05:40:10.282+0000][7][gc,start    ] GC(115) Pause Young (Normal) (G1 Evacuation Pause)
[2023-11-16T05:40:10.282+0000][7][gc,task     ] GC(115) Using 8 workers of 8 for evacuation
[2023-11-16T05:40:10.282+0000][7][gc,age      ] GC(115) Desired survivor size 18874368 bytes, new threshold 15 (max threshold 15)
[2023-11-16T05:40:10.285+0000][7][gc,age      ] GC(115) Age table with threshold 15 (max threshold 15)
[2023-11-16T05:40:10.285+0000][7][gc,age      ] GC(115) - age   1:    1472168 bytes,    1472168 total
[2023-11-16T05:40:10.285+0000][7][gc,age      ] GC(115) - age   2:     580552 bytes,    2052720 total
[2023-11-16T05:40:10.285+0000][7][gc,age      ] GC(115) - age   3:     158224 bytes,    2210944 total
[2023-11-16T05:40:10.285+0000][7][gc,age      ] GC(115) - age   4:       2704 bytes,    2213648 total
[2023-11-16T05:40:10.285+0000][7][gc,age      ] GC(115) - age   5:       1984 bytes,    2215632 total
[2023-11-16T05:40:10.285+0000][7][gc,age      ] GC(115) - age   6:     181320 bytes,    2396952 total
[2023-11-16T05:40:10.285+0000][7][gc,age      ] GC(115) - age   7:     108056 bytes,    2505008 total
[2023-11-16T05:40:10.285+0000][7][gc,age      ] GC(115) - age   8:       1120 bytes,    2506128 total
[2023-11-16T05:40:10.285+0000][7][gc,age      ] GC(115) - age   9:     148376 bytes,    2654504 total
[2023-11-16T05:40:10.285+0000][7][gc,age      ] GC(115) - age  10:      35120 bytes,    2689624 total
[2023-11-16T05:40:10.285+0000][7][gc,age      ] GC(115) - age  11:       3528 bytes,    2693152 total
[2023-11-16T05:40:10.285+0000][7][gc,age      ] GC(115) - age  12:        360 bytes,    2693512 total
[2023-11-16T05:40:10.285+0000][7][gc,age      ] GC(115) - age  13:        256 bytes,    2693768 total
[2023-11-16T05:40:10.285+0000][7][gc,age      ] GC(115) - age  14:      25384 bytes,    2719152 total
[2023-11-16T05:40:10.285+0000][7][gc,age      ] GC(115) - age  15:        376 bytes,    2719528 total
[2023-11-16T05:40:10.285+0000][7][gc,phases   ] GC(115)   Pre Evacuate Collection Set: 0.1ms
[2023-11-16T05:40:10.285+0000][7][gc,phases   ] GC(115)   Merge Heap Roots: 0.0ms
[2023-11-16T05:40:10.285+0000][7][gc,phases   ] GC(115)   Evacuate Collection Set: 1.7ms
[2023-11-16T05:40:10.285+0000][7][gc,phases   ] GC(115)   Post Evacuate Collection Set: 0.8ms
[2023-11-16T05:40:10.285+0000][7][gc,phases   ] GC(115)   Other: 0.3ms
[2023-11-16T05:40:10.285+0000][7][gc,heap     ] GC(115) Eden regions: 69->0(69)
[2023-11-16T05:40:10.285+0000][7][gc,heap     ] GC(115) Survivor regions: 1->1(9)
[2023-11-16T05:40:10.285+0000][7][gc,heap     ] GC(115) Old regions: 29->29
[2023-11-16T05:40:10.285+0000][7][gc,heap     ] GC(115) Archive regions: 2->2
[2023-11-16T05:40:10.285+0000][7][gc,heap     ] GC(115) Humongous regions: 5->5
[2023-11-16T05:40:10.285+0000][7][gc,metaspace] GC(115) Metaspace: 118675K(120384K)->118675K(120384K) NonClass: 102885K(103872K)->102885K(103872K) Class: 15789K(16512K)->15789K(16512K)
[2023-11-16T05:40:10.285+0000][7][gc          ] GC(115) Pause Young (Normal) (G1 Evacuation Pause) 416M->139M(512M) 3.091ms
[2023-11-16T05:40:10.285+0000][7][gc,cpu      ] GC(115) User=0.01s Sys=0.00s Real=0.00s
[2023-11-16T05:40:10.285+0000][7][safepoint   ] Safepoint "G1CollectForAllocation", Time since last: 1111518965 ns, Reaching safepoint: 54209 ns, At safepoint: 3184213 ns, Total: 3238422 ns
[2023-11-16T05:40:11.286+0000][7][safepoint   ] Safepoint "Cleanup", Time since last: 1000074001 ns, Reaching safepoint: 48017 ns, At safepoint: 5476 ns, Total: 53493 ns
[2023-11-16T05:40:14.286+0000][7][safepoint   ] Safepoint "Cleanup", Time since last: 3000300928 ns, Reaching safepoint: 133974 ns, At safepoint: 13876 ns, Total: 147850 ns
[2023-11-16T05:40:17.287+0000][7][safepoint   ] Safepoint "Cleanup", Time since last: 3000628840 ns, Reaching safepoint: 126078 ns, At safepoint: 8808 ns, Total: 134886 ns
[2023-11-16T05:40:19.287+0000][7][safepoint   ] Safepoint "Cleanup", Time since last: 2000472356 ns, Reaching safepoint: 79385 ns, At safepoint: 5790 ns, Total: 85175 ns
[2023-11-16T05:40:20.288+0000][7][safepoint   ] Safepoint "Cleanup", Time since last: 1000142946 ns, Reaching safepoint: 103242 ns, At safepoint: 4949 ns, Total: 108191 ns
[2023-11-16T05:40:21.288+0000][7][safepoint   ] Safepoint "Cleanup", Time since last: 1000386978 ns, Reaching safepoint: 86699 ns, At safepoint: 27244 ns, Total: 113943 ns
[2023-11-16T05:40:23.288+0000][7][safepoint   ] Safepoint "Cleanup", Time since last: 2000202581 ns, Reaching safepoint: 72235 ns, At safepoint: 13784 ns, Total: 86019 ns
[2023-11-16T05:40:24.289+0000][7][safepoint   ] Safepoint "Cleanup", Time since last: 1000095641 ns, Reaching safepoint: 38762 ns, At safepoint: 31169 ns, Total: 69931 ns
[2023-11-16T05:40:26.289+0000][7][safepoint   ] Safepoint "Cleanup", Time since last: 2000154052 ns, Reaching safepoint: 38972 ns, At safepoint: 21871 ns, Total: 60843 ns
[2023-11-16T05:40:27.633+0000][7][gc,start    ] GC(116) Pause Young (Normal) (G1 Evacuation Pause)
[2023-11-16T05:40:27.633+0000][7][gc,task     ] GC(116) Using 8 workers of 8 for evacuation
[2023-11-16T05:40:27.633+0000][7][gc,age      ] GC(116) Desired survivor size 18874368 bytes, new threshold 15 (max threshold 15)
[2023-11-16T05:40:27.635+0000][7][gc,age      ] GC(116) Age table with threshold 15 (max threshold 15)
[2023-11-16T05:40:27.635+0000][7][gc,age      ] GC(116) - age   1:    1434000 bytes,    1434000 total
[2023-11-16T05:40:27.635+0000][7][gc,age      ] GC(116) - age   2:     840328 bytes,    2274328 total
[2023-11-16T05:40:27.635+0000][7][gc,age      ] GC(116) - age   3:     135376 bytes,    2409704 total
[2023-11-16T05:40:27.635+0000][7][gc,age      ] GC(116) - age   4:     146728 bytes,    2556432 total
[2023-11-16T05:40:27.635+0000][7][gc,age      ] GC(116) - age   5:       2608 bytes,    2559040 total
[2023-11-16T05:40:27.635+0000][7][gc,age      ] GC(116) - age   6:       1824 bytes,    2560864 total
[2023-11-16T05:40:27.635+0000][7][gc,age      ] GC(116) - age   7:     181160 bytes,    2742024 total
[2023-11-16T05:40:27.635+0000][7][gc,age      ] GC(116) - age   8:     108056 bytes,    2850080 total
[2023-11-16T05:40:27.635+0000][7][gc,age      ] GC(116) - age   9:       1120 bytes,    2851200 total
[2023-11-16T05:40:27.635+0000][7][gc,age      ] GC(116) - age  10:     148376 bytes,    2999576 total
[2023-11-16T05:40:27.635+0000][7][gc,age      ] GC(116) - age  11:      34896 bytes,    3034472 total
[2023-11-16T05:40:27.635+0000][7][gc,age      ] GC(116) - age  12:       3400 bytes,    3037872 total
[2023-11-16T05:40:27.635+0000][7][gc,age      ] GC(116) - age  13:        360 bytes,    3038232 total
[2023-11-16T05:40:27.635+0000][7][gc,age      ] GC(116) - age  14:        256 bytes,    3038488 total
[2023-11-16T05:40:27.635+0000][7][gc,age      ] GC(116) - age  15:      25384 bytes,    3063872 total
[2023-11-16T05:40:27.635+0000][7][gc,phases   ] GC(116)   Pre Evacuate Collection Set: 0.1ms
[2023-11-16T05:40:27.635+0000][7][gc,phases   ] GC(116)   Merge Heap Roots: 0.1ms
[2023-11-16T05:40:27.635+0000][7][gc,phases   ] GC(116)   Evacuate Collection Set: 1.5ms
[2023-11-16T05:40:27.635+0000][7][gc,phases   ] GC(116)   Post Evacuate Collection Set: 0.7ms
[2023-11-16T05:40:27.635+0000][7][gc,phases   ] GC(116)   Other: 0.2ms
[2023-11-16T05:40:27.635+0000][7][gc,heap     ] GC(116) Eden regions: 69->0(69)
[2023-11-16T05:40:27.635+0000][7][gc,heap     ] GC(116) Survivor regions: 1->1(9)
[2023-11-16T05:40:27.635+0000][7][gc,heap     ] GC(116) Old regions: 29->29
[2023-11-16T05:40:27.635+0000][7][gc,heap     ] GC(116) Archive regions: 2->2
[2023-11-16T05:40:27.635+0000][7][gc,heap     ] GC(116) Humongous regions: 5->5
[2023-11-16T05:40:27.635+0000][7][gc,metaspace] GC(116) Metaspace: 118690K(120384K)->118690K(120384K) NonClass: 102900K(103872K)->102900K(103872K) Class: 15789K(16512K)->15789K(16512K)
[2023-11-16T05:40:27.635+0000][7][gc          ] GC(116) Pause Young (Normal) (G1 Evacuation Pause) 415M->140M(512M) 2.605ms
[2023-11-16T05:40:27.635+0000][7][gc,cpu      ] GC(116) User=0.01s Sys=0.00s Real=0.00s
[2023-11-16T05:40:27.635+0000][7][safepoint   ] Safepoint "G1CollectForAllocation", Time since last: 1343655743 ns, Reaching safepoint: 54822 ns, At safepoint: 2689101 ns, Total: 2743923 ns
[2023-11-16T05:40:28.635+0000][7][safepoint   ] Safepoint "Cleanup", Time since last: 1000193562 ns, Reaching safepoint: 47589 ns, At safepoint: 3969 ns, Total: 51558 ns
[2023-11-16T05:40:31.636+0000][7][safepoint   ] Safepoint "Cleanup", Time since last: 3000252558 ns, Reaching safepoint: 84413 ns, At safepoint: 9654 ns, Total: 94067 ns
[2023-11-16T05:40:33.636+0000][7][safepoint   ] Safepoint "Cleanup", Time since last: 2000410518 ns, Reaching safepoint: 102257 ns, At safepoint: 4711 ns, Total: 106968 ns
[2023-11-16T05:40:34.636+0000][7][safepoint   ] Safepoint "Cleanup", Time since last: 1000098202 ns, Reaching safepoint: 79137 ns, At safepoint: 5008 ns, Total: 84145 ns
[2023-11-16T05:40:36.637+0000][7][safepoint   ] Safepoint "Cleanup", Time since last: 2000489234 ns, Reaching safepoint: 68951 ns, At safepoint: 4517 ns, Total: 73468 ns
[2023-11-16T05:40:37.637+0000][7][safepoint   ] Safepoint "Cleanup", Time since last: 1000088522 ns, Reaching safepoint: 58118 ns, At safepoint: 33668 ns, Total: 91786 ns
[2023-11-16T05:40:38.637+0000][7][safepoint   ] Safepoint "Cleanup", Time since last: 1000097528 ns, Reaching safepoint: 57450 ns, At safepoint: 6210 ns, Total: 63660 ns
[2023-11-16T05:40:40.638+0000][7][safepoint   ] Safepoint "Cleanup", Time since last: 2000156262 ns, Reaching safepoint: 64309 ns, At safepoint: 4712 ns, Total: 69021 ns
[2023-11-16T05:40:41.638+0000][7][safepoint   ] Safepoint "Cleanup", Time since last: 1000090776 ns, Reaching safepoint: 64140 ns, At safepoint: 19549 ns, Total: 83689 ns
[2023-11-16T05:40:43.638+0000][7][safepoint   ] Safepoint "Cleanup", Time since last: 2000440197 ns, Reaching safepoint: 161436 ns, At safepoint: 3740 ns, Total: 165176 ns
[2023-11-16T05:40:44.239+0000][7][gc,start    ] GC(117) Pause Young (Normal) (G1 Evacuation Pause)
[2023-11-16T05:40:44.239+0000][7][gc,task     ] GC(117) Using 8 workers of 8 for evacuation
[2023-11-16T05:40:44.239+0000][7][gc,age      ] GC(117) Desired survivor size 18874368 bytes, new threshold 15 (max threshold 15)
[2023-11-16T05:40:44.242+0000][7][gc,age      ] GC(117) Age table with threshold 15 (max threshold 15)
[2023-11-16T05:40:44.242+0000][7][gc,age      ] GC(117) - age   1:     822688 bytes,     822688 total
[2023-11-16T05:40:44.242+0000][7][gc,age      ] GC(117) - age   2:     579616 bytes,    1402304 total
[2023-11-16T05:40:44.242+0000][7][gc,age      ] GC(117) - age   3:     839528 bytes,    2241832 total
[2023-11-16T05:40:44.242+0000][7][gc,age      ] GC(117) - age   4:     132624 bytes,    2374456 total
[2023-11-16T05:40:44.242+0000][7][gc,age      ] GC(117) - age   5:     146176 bytes,    2520632 total
[2023-11-16T05:40:44.242+0000][7][gc,age      ] GC(117) - age   6:       2320 bytes,    2522952 total
[2023-11-16T05:40:44.242+0000][7][gc,age      ] GC(117) - age   7:       1728 bytes,    2524680 total
[2023-11-16T05:40:44.242+0000][7][gc,age      ] GC(117) - age   8:     180976 bytes,    2705656 total
[2023-11-16T05:40:44.242+0000][7][gc,age      ] GC(117) - age   9:     108024 bytes,    2813680 total
[2023-11-16T05:40:44.242+0000][7][gc,age      ] GC(117) - age  10:       1120 bytes,    2814800 total
[2023-11-16T05:40:44.242+0000][7][gc,age      ] GC(117) - age  11:     148312 bytes,    2963112 total
[2023-11-16T05:40:44.242+0000][7][gc,age      ] GC(117) - age  12:      34512 bytes,    2997624 total
[2023-11-16T05:40:44.242+0000][7][gc,age      ] GC(117) - age  13:       3088 bytes,    3000712 total
[2023-11-16T05:40:44.242+0000][7][gc,age      ] GC(117) - age  14:        296 bytes,    3001008 total
[2023-11-16T05:40:44.242+0000][7][gc,age      ] GC(117) - age  15:        192 bytes,    3001200 total
[2023-11-16T05:40:44.242+0000][7][gc,phases   ] GC(117)   Pre Evacuate Collection Set: 0.1ms
[2023-11-16T05:40:44.242+0000][7][gc,phases   ] GC(117)   Merge Heap Roots: 0.0ms
[2023-11-16T05:40:44.242+0000][7][gc,phases   ] GC(117)   Evacuate Collection Set: 1.6ms
[2023-11-16T05:40:44.242+0000][7][gc,phases   ] GC(117)   Post Evacuate Collection Set: 0.7ms
[2023-11-16T05:40:44.242+0000][7][gc,phases   ] GC(117)   Other: 0.3ms
[2023-11-16T05:40:44.242+0000][7][gc,heap     ] GC(117) Eden regions: 69->0(69)
[2023-11-16T05:40:44.242+0000][7][gc,heap     ] GC(117) Survivor regions: 1->1(9)
[2023-11-16T05:40:44.242+0000][7][gc,heap     ] GC(117) Old regions: 29->29
[2023-11-16T05:40:44.242+0000][7][gc,heap     ] GC(117) Archive regions: 2->2
[2023-11-16T05:40:44.242+0000][7][gc,heap     ] GC(117) Humongous regions: 5->5
[2023-11-16T05:40:44.242+0000][7][gc,metaspace] GC(117) Metaspace: 118708K(120448K)->118708K(120448K) NonClass: 102917K(103936K)->102917K(103936K) Class: 15790K(16512K)->15790K(16512K)
[2023-11-16T05:40:44.242+0000][7][gc          ] GC(117) Pause Young (Normal) (G1 Evacuation Pause) 416M->140M(512M) 2.700ms
[2023-11-16T05:40:44.242+0000][7][gc,cpu      ] GC(117) User=0.01s Sys=0.00s Real=0.00s
[2023-11-16T05:40:44.242+0000][7][safepoint   ] Safepoint "G1CollectForAllocation", Time since last: 600579817 ns, Reaching safepoint: 29519 ns, At safepoint: 2806380 ns, Total: 2835899 ns
[2023-11-16T05:40:47.242+0000][7][safepoint   ] Safepoint "Cleanup", Time since last: 3000201649 ns, Reaching safepoint: 41913 ns, At safepoint: 4176 ns, Total: 46089 ns
[2023-11-16T05:40:49.242+0000][7][safepoint   ] Safepoint "Cleanup", Time since last: 2000201833 ns, Reaching safepoint: 39092 ns, At safepoint: 5076 ns, Total: 44168 ns
[2023-11-16T05:40:50.242+0000][7][safepoint   ] Safepoint "Cleanup", Time since last: 1000127078 ns, Reaching safepoint: 66212 ns, At safepoint: 5177 ns, Total: 71389 ns
[2023-11-16T05:40:51.243+0000][7][safepoint   ] Safepoint "Cleanup", Time since last: 1000349730 ns, Reaching safepoint: 87352 ns, At safepoint: 10448 ns, Total: 97800 ns
[2023-11-16T05:40:53.243+0000][7][safepoint   ] Safepoint "Cleanup", Time since last: 2000159506 ns, Reaching safepoint: 37047 ns, At safepoint: 6067 ns, Total: 43114 ns
[2023-11-16T05:40:54.243+0000][7][safepoint   ] Safepoint "Cleanup", Time since last: 1000105635 ns, Reaching safepoint: 88005 ns, At safepoint: 9621 ns, Total: 97626 ns
[2023-11-16T05:40:55.243+0000][7][safepoint   ] Safepoint "Cleanup", Time since last: 1000095531 ns, Reaching safepoint: 87835 ns, At safepoint: 8486 ns, Total: 96321 ns
[2023-11-16T05:40:56.244+0000][7][safepoint   ] Safepoint "Cleanup", Time since last: 1000095864 ns, Reaching safepoint: 49674 ns, At safepoint: 25729 ns, Total: 75403 ns
[2023-11-16T05:40:58.244+0000][7][safepoint   ] Safepoint "Cleanup", Time since last: 2000392443 ns, Reaching safepoint: 36321 ns, At safepoint: 6344 ns, Total: 42665 ns
[2023-11-16T05:40:59.244+0000][7][safepoint   ] Safepoint "Cleanup", Time since last: 1000267247 ns, Reaching safepoint: 86252 ns, At safepoint: 5752 ns, Total: 92004 ns
[2023-11-16T05:41:01.245+0000][7][safepoint   ] Safepoint "Cleanup", Time since last: 2000193750 ns, Reaching safepoint: 48337 ns, At safepoint: 6691 ns, Total: 55028 ns
[2023-11-16T05:41:02.011+0000][7][gc,start    ] GC(118) Pause Young (Normal) (G1 Evacuation Pause)
[2023-11-16T05:41:02.011+0000][7][gc,task     ] GC(118) Using 8 workers of 8 for evacuation
[2023-11-16T05:41:02.011+0000][7][gc,age      ] GC(118) Desired survivor size 18874368 bytes, new threshold 15 (max threshold 15)
[2023-11-16T05:41:02.014+0000][7][gc,age      ] GC(118) Age table with threshold 15 (max threshold 15)
[2023-11-16T05:41:02.014+0000][7][gc,age      ] GC(118) - age   1:    1619264 bytes,    1619264 total
[2023-11-16T05:41:02.014+0000][7][gc,age      ] GC(118) - age   2:     560728 bytes,    2179992 total
[2023-11-16T05:41:02.014+0000][7][gc,age      ] GC(118) - age   3:     533352 bytes,    2713344 total
[2023-11-16T05:41:02.014+0000][7][gc,age      ] GC(118) - age   4:     839304 bytes,    3552648 total
[2023-11-16T05:41:02.014+0000][7][gc,age      ] GC(118) - age   5:     132440 bytes,    3685088 total
[2023-11-16T05:41:02.014+0000][7][gc,age      ] GC(118) - age   6:     145072 bytes,    3830160 total
[2023-11-16T05:41:02.014+0000][7][gc,age      ] GC(118) - age   7:       1688 bytes,    3831848 total
[2023-11-16T05:41:02.014+0000][7][gc,age      ] GC(118) - age   8:       1600 bytes,    3833448 total
[2023-11-16T05:41:02.014+0000][7][gc,age      ] GC(118) - age   9:     180752 bytes,    4014200 total
[2023-11-16T05:41:02.014+0000][7][gc,age      ] GC(118) - age  10:     107960 bytes,    4122160 total
[2023-11-16T05:41:02.014+0000][7][gc,age      ] GC(118) - age  11:       1120 bytes,    4123280 total
[2023-11-16T05:41:02.014+0000][7][gc,age      ] GC(118) - age  12:     148312 bytes,    4271592 total
[2023-11-16T05:41:02.014+0000][7][gc,age      ] GC(118) - age  13:      34456 bytes,    4306048 total
[2023-11-16T05:41:02.014+0000][7][gc,age      ] GC(118) - age  14:       2904 bytes,    4308952 total
[2023-11-16T05:41:02.014+0000][7][gc,age      ] GC(118) - age  15:        168 bytes,    4309120 total
[2023-11-16T05:41:02.014+0000][7][gc,phases   ] GC(118)   Pre Evacuate Collection Set: 0.1ms
[2023-11-16T05:41:02.014+0000][7][gc,phases   ] GC(118)   Merge Heap Roots: 0.0ms
[2023-11-16T05:41:02.014+0000][7][gc,phases   ] GC(118)   Evacuate Collection Set: 2.2ms
[2023-11-16T05:41:02.014+0000][7][gc,phases   ] GC(118)   Post Evacuate Collection Set: 0.6ms
[2023-11-16T05:41:02.014+0000][7][gc,phases   ] GC(118)   Other: 0.2ms
[2023-11-16T05:41:02.014+0000][7][gc,heap     ] GC(118) Eden regions: 69->0(68)
[2023-11-16T05:41:02.014+0000][7][gc,heap     ] GC(118) Survivor regions: 1->2(9)
[2023-11-16T05:41:02.014+0000][7][gc,heap     ] GC(118) Old regions: 29->29
[2023-11-16T05:41:02.014+0000][7][gc,heap     ] GC(118) Archive regions: 2->2
[2023-11-16T05:41:02.014+0000][7][gc,heap     ] GC(118) Humongous regions: 5->5
[2023-11-16T05:41:02.014+0000][7][gc,metaspace] GC(118) Metaspace: 118709K(120448K)->118709K(120448K) NonClass: 102918K(103936K)->102918K(103936K) Class: 15790K(16512K)->15790K(16512K)
[2023-11-16T05:41:02.014+0000][7][gc          ] GC(118) Pause Young (Normal) (G1 Evacuation Pause) 416M->141M(512M) 3.205ms
[2023-11-16T05:41:02.014+0000][7][gc,cpu      ] GC(118) User=0.01s Sys=0.00s Real=0.00s
[2023-11-16T05:41:02.015+0000][7][safepoint   ] Safepoint "G1CollectForAllocation", Time since last: 766476340 ns, Reaching safepoint: 62076 ns, At safepoint: 3265384 ns, Total: 3327460 ns
[2023-11-16T05:41:04.015+0000][7][safepoint   ] Safepoint "Cleanup", Time since last: 2000261916 ns, Reaching safepoint: 61058 ns, At safepoint: 27212 ns, Total: 88270 ns
[2023-11-16T05:41:05.015+0000][7][safepoint   ] Safepoint "Cleanup", Time since last: 1000167111 ns, Reaching safepoint: 100713 ns, At safepoint: 6640 ns, Total: 107353 ns
[2023-11-16T05:41:07.015+0000][7][safepoint   ] Safepoint "Cleanup", Time since last: 2000200250 ns, Reaching safepoint: 39772 ns, At safepoint: 4045 ns, Total: 43817 ns
[2023-11-16T05:41:08.016+0000][7][safepoint   ] Safepoint "Cleanup", Time since last: 1000157474 ns, Reaching safepoint: 32922 ns, At safepoint: 3599 ns, Total: 36521 ns
[2023-11-16T05:41:09.016+0000][7][safepoint   ] Safepoint "Cleanup", Time since last: 1000081581 ns, Reaching safepoint: 73072 ns, At safepoint: 4850 ns, Total: 77922 ns
[2023-11-16T05:41:11.016+0000][7][safepoint   ] Safepoint "Cleanup", Time since last: 2000310035 ns, Reaching safepoint: 51097 ns, At safepoint: 30413 ns, Total: 81510 ns
[2023-11-16T05:41:12.016+0000][7][safepoint   ] Safepoint "Cleanup", Time since last: 1000101112 ns, Reaching safepoint: 56178 ns, At safepoint: 25475 ns, Total: 81653 ns
[2023-11-16T05:41:14.017+0000][7][safepoint   ] Safepoint "Cleanup", Time since last: 2000199179 ns, Reaching safepoint: 179703 ns, At safepoint: 7229 ns, Total: 186932 ns
[2023-11-16T05:41:17.017+0000][7][safepoint   ] Safepoint "Cleanup", Time since last: 3000439447 ns, Reaching safepoint: 36890 ns, At safepoint: 25350 ns, Total: 62240 ns
[2023-11-16T05:41:18.386+0000][7][gc,start    ] GC(119) Pause Young (Normal) (G1 Evacuation Pause)
[2023-11-16T05:41:18.386+0000][7][gc,task     ] GC(119) Using 8 workers of 8 for evacuation
[2023-11-16T05:41:18.386+0000][7][gc,age      ] GC(119) Desired survivor size 18874368 bytes, new threshold 15 (max threshold 15)
[2023-11-16T05:41:18.388+0000][7][gc,age      ] GC(119) Age table with threshold 15 (max threshold 15)
[2023-11-16T05:41:18.388+0000][7][gc,age      ] GC(119) - age   1:    1549144 bytes,    1549144 total
[2023-11-16T05:41:18.388+0000][7][gc,age      ] GC(119) - age   2:     474440 bytes,    2023584 total
[2023-11-16T05:41:18.388+0000][7][gc,age      ] GC(119) - age   3:     412448 bytes,    2436032 total
[2023-11-16T05:41:18.388+0000][7][gc,age      ] GC(119) - age   4:     533000 bytes,    2969032 total
[2023-11-16T05:41:18.388+0000][7][gc,age      ] GC(119) - age   5:     809248 bytes,    3778280 total
[2023-11-16T05:41:18.388+0000][7][gc,age      ] GC(119) - age   6:     132280 bytes,    3910560 total
[2023-11-16T05:41:18.388+0000][7][gc,age      ] GC(119) - age   7:     144816 bytes,    4055376 total
[2023-11-16T05:41:18.388+0000][7][gc,age      ] GC(119) - age   8:       1688 bytes,    4057064 total
[2023-11-16T05:41:18.388+0000][7][gc,age      ] GC(119) - age   9:       1480 bytes,    4058544 total
[2023-11-16T05:41:18.388+0000][7][gc,age      ] GC(119) - age  10:     160328 bytes,    4218872 total
[2023-11-16T05:41:18.388+0000][7][gc,age      ] GC(119) - age  11:       1984 bytes,    4220856 total
[2023-11-16T05:41:18.388+0000][7][gc,age      ] GC(119) - age  12:       1056 bytes,    4221912 total
[2023-11-16T05:41:18.388+0000][7][gc,age      ] GC(119) - age  13:     148312 bytes,    4370224 total
[2023-11-16T05:41:18.388+0000][7][gc,age      ] GC(119) - age  14:      34248 bytes,    4404472 total
[2023-11-16T05:41:18.388+0000][7][gc,age      ] GC(119) - age  15:       2904 bytes,    4407376 total
[2023-11-16T05:41:18.388+0000][7][gc,phases   ] GC(119)   Pre Evacuate Collection Set: 0.1ms
[2023-11-16T05:41:18.388+0000][7][gc,phases   ] GC(119)   Merge Heap Roots: 0.0ms
[2023-11-16T05:41:18.388+0000][7][gc,phases   ] GC(119)   Evacuate Collection Set: 1.5ms
[2023-11-16T05:41:18.388+0000][7][gc,phases   ] GC(119)   Post Evacuate Collection Set: 0.6ms
[2023-11-16T05:41:18.388+0000][7][gc,phases   ] GC(119)   Other: 0.3ms
[2023-11-16T05:41:18.388+0000][7][gc,heap     ] GC(119) Eden regions: 68->0(68)
[2023-11-16T05:41:18.388+0000][7][gc,heap     ] GC(119) Survivor regions: 2->2(9)
[2023-11-16T05:41:18.388+0000][7][gc,heap     ] GC(119) Old regions: 29->29
[2023-11-16T05:41:18.388+0000][7][gc,heap     ] GC(119) Archive regions: 2->2
[2023-11-16T05:41:18.388+0000][7][gc,heap     ] GC(119) Humongous regions: 5->5
[2023-11-16T05:41:18.388+0000][7][gc,metaspace] GC(119) Metaspace: 118711K(120448K)->118711K(120448K) NonClass: 102920K(103936K)->102920K(103936K) Class: 15790K(16512K)->15790K(16512K)
[2023-11-16T05:41:18.388+0000][7][gc          ] GC(119) Pause Young (Normal) (G1 Evacuation Pause) 413M->141M(512M) 2.556ms
[2023-11-16T05:41:18.388+0000][7][gc,cpu      ] GC(119) User=0.01s Sys=0.00s Real=0.00s
[2023-11-16T05:41:18.388+0000][7][safepoint   ] Safepoint "G1CollectForAllocation", Time since last: 1368490089 ns, Reaching safepoint: 30711 ns, At safepoint: 2648488 ns, Total: 2679199 ns
[2023-11-16T05:41:19.663+0000][7][safepoint   ] Safepoint "Cleanup", Time since last: 1274973153 ns, Reaching safepoint: 122345 ns, At safepoint: 4247 ns, Total: 126592 ns
[2023-11-16T05:41:21.664+0000][7][safepoint   ] Safepoint "Cleanup", Time since last: 2000657953 ns, Reaching safepoint: 42329 ns, At safepoint: 31225 ns, Total: 73554 ns
[2023-11-16T05:41:22.664+0000][7][safepoint   ] Safepoint "Cleanup", Time since last: 1000092529 ns, Reaching safepoint: 52608 ns, At safepoint: 28620 ns, Total: 81228 ns
[2023-11-16T05:41:23.665+0000][7][safepoint   ] Safepoint "Cleanup", Time since last: 1000101258 ns, Reaching safepoint: 49101 ns, At safepoint: 23886 ns, Total: 72987 ns
[2023-11-16T05:41:24.665+0000][7][safepoint   ] Safepoint "Cleanup", Time since last: 1000114216 ns, Reaching safepoint: 157197 ns, At safepoint: 6168 ns, Total: 163365 ns
[2023-11-16T05:41:25.665+0000][7][safepoint   ] Safepoint "Cleanup", Time since last: 1000101557 ns, Reaching safepoint: 137127 ns, At safepoint: 9770 ns, Total: 146897 ns
[2023-11-16T05:41:26.665+0000][7][safepoint   ] Safepoint "Cleanup", Time since last: 1000122394 ns, Reaching safepoint: 49862 ns, At safepoint: 5594 ns, Total: 55456 ns
[2023-11-16T05:41:28.666+0000][7][safepoint   ] Safepoint "Cleanup", Time since last: 2000200896 ns, Reaching safepoint: 52080 ns, At safepoint: 6666 ns, Total: 58746 ns
[2023-11-16T05:41:29.347+0000][7][gc,start    ] GC(120) Pause Young (Normal) (G1 Evacuation Pause)
[2023-11-16T05:41:29.347+0000][7][gc,task     ] GC(120) Using 8 workers of 8 for evacuation
[2023-11-16T05:41:29.347+0000][7][gc,age      ] GC(120) Desired survivor size 18874368 bytes, new threshold 15 (max threshold 15)
[2023-11-16T05:41:29.350+0000][7][gc,age      ] GC(120) Age table with threshold 15 (max threshold 15)
[2023-11-16T05:41:29.350+0000][7][gc,age      ] GC(120) - age   1:    1870552 bytes,    1870552 total
[2023-11-16T05:41:29.350+0000][7][gc,age      ] GC(120) - age   2:     630520 bytes,    2501072 total
[2023-11-16T05:41:29.350+0000][7][gc,age      ] GC(120) - age   3:      48184 bytes,    2549256 total
[2023-11-16T05:41:29.350+0000][7][gc,age      ] GC(120) - age   4:     108992 bytes,    2658248 total
[2023-11-16T05:41:29.350+0000][7][gc,age      ] GC(120) - age   5:       1640 bytes,    2659888 total
[2023-11-16T05:41:29.350+0000][7][gc,age      ] GC(120) - age   6:     317864 bytes,    2977752 total
[2023-11-16T05:41:29.350+0000][7][gc,age      ] GC(120) - age   7:     130288 bytes,    3108040 total
[2023-11-16T05:41:29.350+0000][7][gc,age      ] GC(120) - age   8:     144472 bytes,    3252512 total
[2023-11-16T05:41:29.350+0000][7][gc,age      ] GC(120) - age   9:       1688 bytes,    3254200 total
[2023-11-16T05:41:29.350+0000][7][gc,age      ] GC(120) - age  10:       1480 bytes,    3255680 total
[2023-11-16T05:41:29.350+0000][7][gc,age      ] GC(120) - age  11:     160136 bytes,    3415816 total
[2023-11-16T05:41:29.350+0000][7][gc,age      ] GC(120) - age  12:       1800 bytes,    3417616 total
[2023-11-16T05:41:29.350+0000][7][gc,age      ] GC(120) - age  13:       1056 bytes,    3418672 total
[2023-11-16T05:41:29.350+0000][7][gc,age      ] GC(120) - age  14:     148312 bytes,    3566984 total
[2023-11-16T05:41:29.350+0000][7][gc,age      ] GC(120) - age  15:      34248 bytes,    3601232 total
[2023-11-16T05:41:29.350+0000][7][gc,phases   ] GC(120)   Pre Evacuate Collection Set: 0.1ms
[2023-11-16T05:41:29.350+0000][7][gc,phases   ] GC(120)   Merge Heap Roots: 0.0ms
[2023-11-16T05:41:29.350+0000][7][gc,phases   ] GC(120)   Evacuate Collection Set: 1.6ms
[2023-11-16T05:41:29.350+0000][7][gc,phases   ] GC(120)   Post Evacuate Collection Set: 0.5ms
[2023-11-16T05:41:29.350+0000][7][gc,phases   ] GC(120)   Other: 0.3ms
[2023-11-16T05:41:29.350+0000][7][gc,heap     ] GC(120) Eden regions: 68->0(69)
[2023-11-16T05:41:29.350+0000][7][gc,heap     ] GC(120) Survivor regions: 2->1(9)
[2023-11-16T05:41:29.350+0000][7][gc,heap     ] GC(120) Old regions: 29->29
[2023-11-16T05:41:29.350+0000][7][gc,heap     ] GC(120) Archive regions: 2->2
[2023-11-16T05:41:29.350+0000][7][gc,heap     ] GC(120) Humongous regions: 5->5
[2023-11-16T05:41:29.350+0000][7][gc,metaspace] GC(120) Metaspace: 118715K(120448K)->118715K(120448K) NonClass: 102925K(103936K)->102925K(103936K) Class: 15790K(16512K)->15790K(16512K)
[2023-11-16T05:41:29.350+0000][7][gc          ] GC(120) Pause Young (Normal) (G1 Evacuation Pause) 413M->140M(512M) 2.587ms
[2023-11-16T05:41:29.350+0000][7][gc,cpu      ] GC(120) User=0.02s Sys=0.00s Real=0.01s
[2023-11-16T05:41:29.350+0000][7][safepoint   ] Safepoint "G1CollectForAllocation", Time since last: 681717854 ns, Reaching safepoint: 67860 ns, At safepoint: 2654347 ns, Total: 2722207 ns
[2023-11-16T05:41:31.350+0000][7][safepoint   ] Safepoint "Cleanup", Time since last: 2000174870 ns, Reaching safepoint: 143817 ns, At safepoint: 5740 ns, Total: 149557 ns
[2023-11-16T05:41:32.350+0000][7][safepoint   ] Safepoint "Cleanup", Time since last: 1000123216 ns, Reaching safepoint: 61428 ns, At safepoint: 4365 ns, Total: 65793 ns
[2023-11-16T05:41:34.351+0000][7][safepoint   ] Safepoint "Cleanup", Time since last: 2000156997 ns, Reaching safepoint: 102077 ns, At safepoint: 7143 ns, Total: 109220 ns
[2023-11-16T05:41:35.351+0000][7][safepoint   ] Safepoint "Cleanup", Time since last: 1000123995 ns, Reaching safepoint: 57437 ns, At safepoint: 5820 ns, Total: 63257 ns
[2023-11-16T05:41:35.393+0000][7][gc,start    ] GC(121) Pause Young (Normal) (G1 Evacuation Pause)
[2023-11-16T05:41:35.393+0000][7][gc,task     ] GC(121) Using 8 workers of 8 for evacuation
[2023-11-16T05:41:35.393+0000][7][gc,age      ] GC(121) Desired survivor size 18874368 bytes, new threshold 15 (max threshold 15)
[2023-11-16T05:41:35.396+0000][7][gc,age      ] GC(121) Age table with threshold 15 (max threshold 15)
[2023-11-16T05:41:35.396+0000][7][gc,age      ] GC(121) - age   1:    1903112 bytes,    1903112 total
[2023-11-16T05:41:35.396+0000][7][gc,age      ] GC(121) - age   2:     325792 bytes,    2228904 total
[2023-11-16T05:41:35.396+0000][7][gc,age      ] GC(121) - age   3:     588920 bytes,    2817824 total
[2023-11-16T05:41:35.396+0000][7][gc,age      ] GC(121) - age   4:      47392 bytes,    2865216 total
[2023-11-16T05:41:35.396+0000][7][gc,age      ] GC(121) - age   5:     108392 bytes,    2973608 total
[2023-11-16T05:41:35.396+0000][7][gc,age      ] GC(121) - age   6:       1576 bytes,    2975184 total
[2023-11-16T05:41:35.396+0000][7][gc,age      ] GC(121) - age   7:     119376 bytes,    3094560 total
[2023-11-16T05:41:35.396+0000][7][gc,age      ] GC(121) - age   8:     130160 bytes,    3224720 total
[2023-11-16T05:41:35.396+0000][7][gc,age      ] GC(121) - age   9:     144408 bytes,    3369128 total
[2023-11-16T05:41:35.396+0000][7][gc,age      ] GC(121) - age  10:       1688 bytes,    3370816 total
[2023-11-16T05:41:35.396+0000][7][gc,age      ] GC(121) - age  11:       1336 bytes,    3372152 total
[2023-11-16T05:41:35.396+0000][7][gc,age      ] GC(121) - age  12:        448 bytes,    3372600 total
[2023-11-16T05:41:35.396+0000][7][gc,age      ] GC(121) - age  13:       1800 bytes,    3374400 total
[2023-11-16T05:41:35.396+0000][7][gc,age      ] GC(121) - age  14:       1056 bytes,    3375456 total
[2023-11-16T05:41:35.396+0000][7][gc,age      ] GC(121) - age  15:     148312 bytes,    3523768 total
[2023-11-16T05:41:35.396+0000][7][gc,phases   ] GC(121)   Pre Evacuate Collection Set: 0.1ms
[2023-11-16T05:41:35.396+0000][7][gc,phases   ] GC(121)   Merge Heap Roots: 0.0ms
[2023-11-16T05:41:35.396+0000][7][gc,phases   ] GC(121)   Evacuate Collection Set: 1.9ms
[2023-11-16T05:41:35.396+0000][7][gc,phases   ] GC(121)   Post Evacuate Collection Set: 0.6ms
[2023-11-16T05:41:35.396+0000][7][gc,phases   ] GC(121)   Other: 0.3ms
[2023-11-16T05:41:35.396+0000][7][gc,heap     ] GC(121) Eden regions: 69->0(69)
[2023-11-16T05:41:35.396+0000][7][gc,heap     ] GC(121) Survivor regions: 1->1(9)
[2023-11-16T05:41:35.396+0000][7][gc,heap     ] GC(121) Old regions: 29->29
[2023-11-16T05:41:35.396+0000][7][gc,heap     ] GC(121) Archive regions: 2->2
[2023-11-16T05:41:35.396+0000][7][gc,heap     ] GC(121) Humongous regions: 5->5
[2023-11-16T05:41:35.396+0000][7][gc,metaspace] GC(121) Metaspace: 118716K(120448K)->118716K(120448K) NonClass: 102926K(103936K)->102926K(103936K) Class: 15790K(16512K)->15790K(16512K)
[2023-11-16T05:41:35.396+0000][7][gc          ] GC(121) Pause Young (Normal) (G1 Evacuation Pause) 416M->140M(512M) 2.882ms
[2023-11-16T05:41:35.396+0000][7][gc,cpu      ] GC(121) User=0.00s Sys=0.02s Real=0.00s
[2023-11-16T05:41:35.396+0000][7][safepoint   ] Safepoint "G1CollectForAllocation", Time since last: 42323787 ns, Reaching safepoint: 62429 ns, At safepoint: 2963048 ns, Total: 3025477 ns
[2023-11-16T05:41:36.397+0000][7][safepoint   ] Safepoint "Cleanup", Time since last: 1000144604 ns, Reaching safepoint: 171617 ns, At safepoint: 7920 ns, Total: 179537 ns
[2023-11-16T05:41:38.397+0000][7][safepoint   ] Safepoint "Cleanup", Time since last: 2000549583 ns, Reaching safepoint: 37513 ns, At safepoint: 3851 ns, Total: 41364 ns
[2023-11-16T05:41:39.397+0000][7][safepoint   ] Safepoint "Cleanup", Time since last: 1000177103 ns, Reaching safepoint: 77174 ns, At safepoint: 7985 ns, Total: 85159 ns
[2023-11-16T05:41:41.398+0000][7][safepoint   ] Safepoint "Cleanup", Time since last: 2000327587 ns, Reaching safepoint: 128420 ns, At safepoint: 3838 ns, Total: 132258 ns
[2023-11-16T05:41:41.410+0000][7][gc,start    ] GC(122) Pause Young (Normal) (G1 Evacuation Pause)
[2023-11-16T05:41:41.410+0000][7][gc,task     ] GC(122) Using 8 workers of 8 for evacuation
[2023-11-16T05:41:41.410+0000][7][gc,age      ] GC(122) Desired survivor size 18874368 bytes, new threshold 15 (max threshold 15)
[2023-11-16T05:41:41.413+0000][7][gc,age      ] GC(122) Age table with threshold 15 (max threshold 15)
[2023-11-16T05:41:41.413+0000][7][gc,age      ] GC(122) - age   1:    2073144 bytes,    2073144 total
[2023-11-16T05:41:41.413+0000][7][gc,age      ] GC(122) - age   2:     519848 bytes,    2592992 total
[2023-11-16T05:41:41.413+0000][7][gc,age      ] GC(122) - age   3:      22400 bytes,    2615392 total
[2023-11-16T05:41:41.413+0000][7][gc,age      ] GC(122) - age   4:     146256 bytes,    2761648 total
[2023-11-16T05:41:41.413+0000][7][gc,age      ] GC(122) - age   5:      20984 bytes,    2782632 total
[2023-11-16T05:41:41.413+0000][7][gc,age      ] GC(122) - age   6:       4024 bytes,    2786656 total
[2023-11-16T05:41:41.413+0000][7][gc,age      ] GC(122) - age   7:       1512 bytes,    2788168 total
[2023-11-16T05:41:41.413+0000][7][gc,age      ] GC(122) - age   8:     119216 bytes,    2907384 total
[2023-11-16T05:41:41.413+0000][7][gc,age      ] GC(122) - age   9:     130160 bytes,    3037544 total
[2023-11-16T05:41:41.413+0000][7][gc,age      ] GC(122) - age  10:     144088 bytes,    3181632 total
[2023-11-16T05:41:41.413+0000][7][gc,age      ] GC(122) - age  11:       1688 bytes,    3183320 total
[2023-11-16T05:41:41.413+0000][7][gc,age      ] GC(122) - age  12:       1336 bytes,    3184656 total
[2023-11-16T05:41:41.413+0000][7][gc,age      ] GC(122) - age  13:        352 bytes,    3185008 total
[2023-11-16T05:41:41.413+0000][7][gc,age      ] GC(122) - age  14:       1800 bytes,    3186808 total
[2023-11-16T05:41:41.413+0000][7][gc,age      ] GC(122) - age  15:       1056 bytes,    3187864 total
[2023-11-16T05:41:41.413+0000][7][gc,phases   ] GC(122)   Pre Evacuate Collection Set: 0.1ms
[2023-11-16T05:41:41.413+0000][7][gc,phases   ] GC(122)   Merge Heap Roots: 0.0ms
[2023-11-16T05:41:41.413+0000][7][gc,phases   ] GC(122)   Evacuate Collection Set: 1.7ms
[2023-11-16T05:41:41.413+0000][7][gc,phases   ] GC(122)   Post Evacuate Collection Set: 0.7ms
[2023-11-16T05:41:41.413+0000][7][gc,phases   ] GC(122)   Other: 0.2ms
[2023-11-16T05:41:41.413+0000][7][gc,heap     ] GC(122) Eden regions: 69->0(69)
[2023-11-16T05:41:41.413+0000][7][gc,heap     ] GC(122) Survivor regions: 1->1(9)
[2023-11-16T05:41:41.413+0000][7][gc,heap     ] GC(122) Old regions: 29->29
[2023-11-16T05:41:41.413+0000][7][gc,heap     ] GC(122) Archive regions: 2->2
[2023-11-16T05:41:41.413+0000][7][gc,heap     ] GC(122) Humongous regions: 5->5
[2023-11-16T05:41:41.413+0000][7][gc,metaspace] GC(122) Metaspace: 118719K(120448K)->118719K(120448K) NonClass: 102929K(103936K)->102929K(103936K) Class: 15790K(16512K)->15790K(16512K)
[2023-11-16T05:41:41.413+0000][7][gc          ] GC(122) Pause Young (Normal) (G1 Evacuation Pause) 416M->140M(512M) 2.792ms
[2023-11-16T05:41:41.413+0000][7][gc,cpu      ] GC(122) User=0.01s Sys=0.00s Real=0.00s
[2023-11-16T05:41:41.413+0000][7][safepoint   ] Safepoint "G1CollectForAllocation", Time since last: 12272630 ns, Reaching safepoint: 103707 ns, At safepoint: 2855762 ns, Total: 2959469 ns
[2023-11-16T05:41:44.414+0000][7][safepoint   ] Safepoint "Cleanup", Time since last: 3000325693 ns, Reaching safepoint: 144103 ns, At safepoint: 24693 ns, Total: 168796 ns
[2023-11-16T05:41:47.414+0000][7][safepoint   ] Safepoint "Cleanup", Time since last: 3000557066 ns, Reaching safepoint: 44432 ns, At safepoint: 7601 ns, Total: 52033 ns
[2023-11-16T05:41:48.415+0000][7][safepoint   ] Safepoint "Cleanup", Time since last: 1000273001 ns, Reaching safepoint: 70728 ns, At safepoint: 25722 ns, Total: 96450 ns
[2023-11-16T05:41:49.415+0000][7][safepoint   ] Safepoint "Cleanup", Time since last: 1000216836 ns, Reaching safepoint: 29133 ns, At safepoint: 5110 ns, Total: 34243 ns
[2023-11-16T05:41:49.519+0000][7][gc,start    ] GC(123) Pause Young (Normal) (G1 Evacuation Pause)
[2023-11-16T05:41:49.519+0000][7][gc,task     ] GC(123) Using 8 workers of 8 for evacuation
[2023-11-16T05:41:49.519+0000][7][gc,age      ] GC(123) Desired survivor size 18874368 bytes, new threshold 15 (max threshold 15)
[2023-11-16T05:41:49.521+0000][7][gc,age      ] GC(123) Age table with threshold 15 (max threshold 15)
[2023-11-16T05:41:49.521+0000][7][gc,age      ] GC(123) - age   1:    2187216 bytes,    2187216 total
[2023-11-16T05:41:49.521+0000][7][gc,age      ] GC(123) - age   2:     268656 bytes,    2455872 total
[2023-11-16T05:41:49.521+0000][7][gc,age      ] GC(123) - age   3:     210968 bytes,    2666840 total
[2023-11-16T05:41:49.521+0000][7][gc,age      ] GC(123) - age   4:      21280 bytes,    2688120 total
[2023-11-16T05:41:49.521+0000][7][gc,age      ] GC(123) - age   5:     145936 bytes,    2834056 total
[2023-11-16T05:41:49.521+0000][7][gc,age      ] GC(123) - age   6:      20544 bytes,    2854600 total
[2023-11-16T05:41:49.521+0000][7][gc,age      ] GC(123) - age   7:       4024 bytes,    2858624 total
[2023-11-16T05:41:49.521+0000][7][gc,age      ] GC(123) - age   8:       1512 bytes,    2860136 total
[2023-11-16T05:41:49.521+0000][7][gc,age      ] GC(123) - age   9:     119152 bytes,    2979288 total
[2023-11-16T05:41:49.521+0000][7][gc,age      ] GC(123) - age  10:     129816 bytes,    3109104 total
[2023-11-16T05:41:49.521+0000][7][gc,age      ] GC(123) - age  11:         96 bytes,    3109200 total
[2023-11-16T05:41:49.521+0000][7][gc,age      ] GC(123) - age  12:        328 bytes,    3109528 total
[2023-11-16T05:41:49.521+0000][7][gc,age      ] GC(123) - age  13:       1336 bytes,    3110864 total
[2023-11-16T05:41:49.521+0000][7][gc,age      ] GC(123) - age  14:        352 bytes,    3111216 total
[2023-11-16T05:41:49.521+0000][7][gc,age      ] GC(123) - age  15:       1800 bytes,    3113016 total
[2023-11-16T05:41:49.521+0000][7][gc,phases   ] GC(123)   Pre Evacuate Collection Set: 0.1ms
[2023-11-16T05:41:49.521+0000][7][gc,phases   ] GC(123)   Merge Heap Roots: 0.1ms
[2023-11-16T05:41:49.521+0000][7][gc,phases   ] GC(123)   Evacuate Collection Set: 1.6ms
[2023-11-16T05:41:49.521+0000][7][gc,phases   ] GC(123)   Post Evacuate Collection Set: 0.5ms
[2023-11-16T05:41:49.521+0000][7][gc,phases   ] GC(123)   Other: 0.3ms
[2023-11-16T05:41:49.521+0000][7][gc,heap     ] GC(123) Eden regions: 69->0(69)
[2023-11-16T05:41:49.521+0000][7][gc,heap     ] GC(123) Survivor regions: 1->1(9)
[2023-11-16T05:41:49.521+0000][7][gc,heap     ] GC(123) Old regions: 29->29
[2023-11-16T05:41:49.521+0000][7][gc,heap     ] GC(123) Archive regions: 2->2
[2023-11-16T05:41:49.521+0000][7][gc,heap     ] GC(123) Humongous regions: 5->5
[2023-11-16T05:41:49.521+0000][7][gc,metaspace] GC(123) Metaspace: 118720K(120448K)->118720K(120448K) NonClass: 102930K(103936K)->102930K(103936K) Class: 15790K(16512K)->15790K(16512K)
[2023-11-16T05:41:49.521+0000][7][gc          ] GC(123) Pause Young (Normal) (G1 Evacuation Pause) 416M->140M(512M) 2.529ms
[2023-11-16T05:41:49.521+0000][7][gc,cpu      ] GC(123) User=0.01s Sys=0.00s Real=0.00s
[2023-11-16T05:41:49.521+0000][7][safepoint   ] Safepoint "G1CollectForAllocation", Time since last: 103594563 ns, Reaching safepoint: 131605 ns, At safepoint: 2609687 ns, Total: 2741292 ns
[2023-11-16T05:41:50.521+0000][7][safepoint   ] Safepoint "Cleanup", Time since last: 1000073153 ns, Reaching safepoint: 59519 ns, At safepoint: 9032 ns, Total: 68551 ns
[2023-11-16T05:41:51.522+0000][7][safepoint   ] Safepoint "Cleanup", Time since last: 1000129648 ns, Reaching safepoint: 53108 ns, At safepoint: 9707 ns, Total: 62815 ns
[2023-11-16T05:41:53.522+0000][7][safepoint   ] Safepoint "Cleanup", Time since last: 2000473126 ns, Reaching safepoint: 127912 ns, At safepoint: 9253 ns, Total: 137165 ns
[2023-11-16T05:41:54.522+0000][7][safepoint   ] Safepoint "Cleanup", Time since last: 1000105297 ns, Reaching safepoint: 50494 ns, At safepoint: 27197 ns, Total: 77691 ns
[2023-11-16T05:41:55.569+0000][7][gc,start    ] GC(124) Pause Young (Normal) (G1 Evacuation Pause)
[2023-11-16T05:41:55.569+0000][7][gc,task     ] GC(124) Using 8 workers of 8 for evacuation
[2023-11-16T05:41:55.569+0000][7][gc,age      ] GC(124) Desired survivor size 18874368 bytes, new threshold 15 (max threshold 15)
[2023-11-16T05:41:55.572+0000][7][gc,age      ] GC(124) Age table with threshold 15 (max threshold 15)
[2023-11-16T05:41:55.572+0000][7][gc,age      ] GC(124) - age   1:    1479080 bytes,    1479080 total
[2023-11-16T05:41:55.572+0000][7][gc,age      ] GC(124) - age   2:     495312 bytes,    1974392 total
[2023-11-16T05:41:55.572+0000][7][gc,age      ] GC(124) - age   3:     267080 bytes,    2241472 total
[2023-11-16T05:41:55.572+0000][7][gc,age      ] GC(124) - age   4:     210128 bytes,    2451600 total
[2023-11-16T05:41:55.572+0000][7][gc,age      ] GC(124) - age   5:      12536 bytes,    2464136 total
[2023-11-16T05:41:55.572+0000][7][gc,age      ] GC(124) - age   6:     145712 bytes,    2609848 total
[2023-11-16T05:41:55.572+0000][7][gc,age      ] GC(124) - age   7:      19752 bytes,    2629600 total
[2023-11-16T05:41:55.572+0000][7][gc,age      ] GC(124) - age   8:       4024 bytes,    2633624 total
[2023-11-16T05:41:55.572+0000][7][gc,age      ] GC(124) - age   9:       1512 bytes,    2635136 total
[2023-11-16T05:41:55.572+0000][7][gc,age      ] GC(124) - age  10:        664 bytes,    2635800 total
[2023-11-16T05:41:55.572+0000][7][gc,age      ] GC(124) - age  11:     129816 bytes,    2765616 total
[2023-11-16T05:41:55.572+0000][7][gc,age      ] GC(124) - age  12:         64 bytes,    2765680 total
[2023-11-16T05:41:55.572+0000][7][gc,age      ] GC(124) - age  13:        264 bytes,    2765944 total
[2023-11-16T05:41:55.572+0000][7][gc,age      ] GC(124) - age  14:       1336 bytes,    2767280 total
[2023-11-16T05:41:55.572+0000][7][gc,age      ] GC(124) - age  15:        352 bytes,    2767632 total
[2023-11-16T05:41:55.572+0000][7][gc,phases   ] GC(124)   Pre Evacuate Collection Set: 0.1ms
[2023-11-16T05:41:55.572+0000][7][gc,phases   ] GC(124)   Merge Heap Roots: 0.2ms
[2023-11-16T05:41:55.572+0000][7][gc,phases   ] GC(124)   Evacuate Collection Set: 1.7ms
[2023-11-16T05:41:55.572+0000][7][gc,phases   ] GC(124)   Post Evacuate Collection Set: 0.6ms
[2023-11-16T05:41:55.572+0000][7][gc,phases   ] GC(124)   Other: 0.2ms
[2023-11-16T05:41:55.572+0000][7][gc,heap     ] GC(124) Eden regions: 69->0(69)
[2023-11-16T05:41:55.572+0000][7][gc,heap     ] GC(124) Survivor regions: 1->1(9)
[2023-11-16T05:41:55.572+0000][7][gc,heap     ] GC(124) Old regions: 29->29
[2023-11-16T05:41:55.572+0000][7][gc,heap     ] GC(124) Archive regions: 2->2
[2023-11-16T05:41:55.572+0000][7][gc,heap     ] GC(124) Humongous regions: 5->5
[2023-11-16T05:41:55.572+0000][7][gc,metaspace] GC(124) Metaspace: 118721K(120448K)->118721K(120448K) NonClass: 102930K(103936K)->102930K(103936K) Class: 15790K(16512K)->15790K(16512K)
[2023-11-16T05:41:55.572+0000][7][gc          ] GC(124) Pause Young (Normal) (G1 Evacuation Pause) 416M->140M(512M) 2.819ms
[2023-11-16T05:41:55.572+0000][7][gc,cpu      ] GC(124) User=0.02s Sys=0.00s Real=0.00s
[2023-11-16T05:41:55.572+0000][7][safepoint   ] Safepoint "G1CollectForAllocation", Time since last: 1046676616 ns, Reaching safepoint: 116834 ns, At safepoint: 2928577 ns, Total: 3045411 ns
[2023-11-16T05:41:56.572+0000][7][safepoint   ] Safepoint "Cleanup", Time since last: 1000083017 ns, Reaching safepoint: 74282 ns, At safepoint: 38745 ns, Total: 113027 ns
[2023-11-16T05:41:57.572+0000][7][safepoint   ] Safepoint "Cleanup", Time since last: 1000115776 ns, Reaching safepoint: 36974 ns, At safepoint: 6068 ns, Total: 43042 ns
[2023-11-16T05:41:58.573+0000][7][safepoint   ] Safepoint "Cleanup", Time since last: 1000087656 ns, Reaching safepoint: 53861 ns, At safepoint: 4274 ns, Total: 58135 ns
[2023-11-16T05:41:59.573+0000][7][safepoint   ] Safepoint "Cleanup", Time since last: 1000156498 ns, Reaching safepoint: 181226 ns, At safepoint: 5867 ns, Total: 187093 ns
[2023-11-16T05:42:00.573+0000][7][safepoint   ] Safepoint "Cleanup", Time since last: 1000145971 ns, Reaching safepoint: 67197 ns, At safepoint: 4994 ns, Total: 72191 ns
[2023-11-16T05:42:01.233+0000][7][gc,start    ] GC(125) Pause Young (Normal) (G1 Evacuation Pause)
[2023-11-16T05:42:01.233+0000][7][gc,task     ] GC(125) Using 8 workers of 8 for evacuation
[2023-11-16T05:42:01.233+0000][7][gc,age      ] GC(125) Desired survivor size 18874368 bytes, new threshold 15 (max threshold 15)
[2023-11-16T05:42:01.235+0000][7][gc,age      ] GC(125) Age table with threshold 15 (max threshold 15)
[2023-11-16T05:42:01.235+0000][7][gc,age      ] GC(125) - age   1:    1744592 bytes,    1744592 total
[2023-11-16T05:42:01.235+0000][7][gc,age      ] GC(125) - age   2:     131160 bytes,    1875752 total
[2023-11-16T05:42:01.235+0000][7][gc,age      ] GC(125) - age   3:     145728 bytes,    2021480 total
[2023-11-16T05:42:01.235+0000][7][gc,age      ] GC(125) - age   4:      74680 bytes,    2096160 total
[2023-11-16T05:42:01.235+0000][7][gc,age      ] GC(125) - age   5:     209248 bytes,    2305408 total
[2023-11-16T05:42:01.235+0000][7][gc,age      ] GC(125) - age   6:       6640 bytes,    2312048 total
[2023-11-16T05:42:01.235+0000][7][gc,age      ] GC(125) - age   7:        872 bytes,    2312920 total
[2023-11-16T05:42:01.235+0000][7][gc,age      ] GC(125) - age   8:      19376 bytes,    2332296 total
[2023-11-16T05:42:01.235+0000][7][gc,age      ] GC(125) - age   9:       3968 bytes,    2336264 total
[2023-11-16T05:42:01.235+0000][7][gc,age      ] GC(125) - age  10:       1448 bytes,    2337712 total
[2023-11-16T05:42:01.235+0000][7][gc,age      ] GC(125) - age  11:        456 bytes,    2338168 total
[2023-11-16T05:42:01.235+0000][7][gc,age      ] GC(125) - age  12:        584 bytes,    2338752 total
[2023-11-16T05:42:01.235+0000][7][gc,age      ] GC(125) - age  14:        200 bytes,    2338952 total
[2023-11-16T05:42:01.235+0000][7][gc,age      ] GC(125) - age  15:       1336 bytes,    2340288 total
[2023-11-16T05:42:01.235+0000][7][gc,phases   ] GC(125)   Pre Evacuate Collection Set: 0.1ms
[2023-11-16T05:42:01.235+0000][7][gc,phases   ] GC(125)   Merge Heap Roots: 0.1ms
[2023-11-16T05:42:01.235+0000][7][gc,phases   ] GC(125)   Evacuate Collection Set: 1.1ms
[2023-11-16T05:42:01.235+0000][7][gc,phases   ] GC(125)   Post Evacuate Collection Set: 0.5ms
[2023-11-16T05:42:01.235+0000][7][gc,phases   ] GC(125)   Other: 0.3ms
[2023-11-16T05:42:01.235+0000][7][gc,heap     ] GC(125) Eden regions: 69->0(69)
[2023-11-16T05:42:01.235+0000][7][gc,heap     ] GC(125) Survivor regions: 1->1(9)
[2023-11-16T05:42:01.235+0000][7][gc,heap     ] GC(125) Old regions: 29->29
[2023-11-16T05:42:01.235+0000][7][gc,heap     ] GC(125) Archive regions: 2->2
[2023-11-16T05:42:01.235+0000][7][gc,heap     ] GC(125) Humongous regions: 5->5
[2023-11-16T05:42:01.235+0000][7][gc,metaspace] GC(125) Metaspace: 118726K(120448K)->118726K(120448K) NonClass: 102936K(103936K)->102936K(103936K) Class: 15790K(16512K)->15790K(16512K)
[2023-11-16T05:42:01.235+0000][7][gc          ] GC(125) Pause Young (Normal) (G1 Evacuation Pause) 416M->139M(512M) 2.044ms
[2023-11-16T05:42:01.235+0000][7][gc,cpu      ] GC(125) User=0.01s Sys=0.00s Real=0.00s
[2023-11-16T05:42:01.235+0000][7][safepoint   ] Safepoint "G1CollectForAllocation", Time since last: 659693522 ns, Reaching safepoint: 40693 ns, At safepoint: 2136344 ns, Total: 2177037 ns
[2023-11-16T05:42:02.235+0000][7][safepoint   ] Safepoint "Cleanup", Time since last: 1000072317 ns, Reaching safepoint: 93870 ns, At safepoint: 10982 ns, Total: 104852 ns
[2023-11-16T05:42:03.235+0000][7][safepoint   ] Safepoint "Cleanup", Time since last: 1000145221 ns, Reaching safepoint: 66032 ns, At safepoint: 6458 ns, Total: 72490 ns
[2023-11-16T05:42:04.238+0000][7][safepoint   ] Safepoint "Cleanup", Time since last: 1000155286 ns, Reaching safepoint: 2373931 ns, At safepoint: 30144 ns, Total: 2404075 ns
[2023-11-16T05:42:05.238+0000][7][safepoint   ] Safepoint "Cleanup", Time since last: 1000112822 ns, Reaching safepoint: 109462 ns, At safepoint: 14643 ns, Total: 124105 ns
[2023-11-16T05:42:06.238+0000][7][safepoint   ] Safepoint "Cleanup", Time since last: 1000173325 ns, Reaching safepoint: 37189 ns, At safepoint: 32600 ns, Total: 69789 ns
[2023-11-16T05:42:07.761+0000][7][gc,start    ] GC(126) Pause Young (Normal) (G1 Evacuation Pause)
[2023-11-16T05:42:07.761+0000][7][gc,task     ] GC(126) Using 8 workers of 8 for evacuation
[2023-11-16T05:42:07.761+0000][7][gc,age      ] GC(126) Desired survivor size 18874368 bytes, new threshold 15 (max threshold 15)
[2023-11-16T05:42:07.763+0000][7][gc,age      ] GC(126) Age table with threshold 15 (max threshold 15)
[2023-11-16T05:42:07.763+0000][7][gc,age      ] GC(126) - age   1:    2662680 bytes,    2662680 total
[2023-11-16T05:42:07.763+0000][7][gc,age      ] GC(126) - age   2:     480200 bytes,    3142880 total
[2023-11-16T05:42:07.763+0000][7][gc,age      ] GC(126) - age   3:     128456 bytes,    3271336 total
[2023-11-16T05:42:07.763+0000][7][gc,age      ] GC(126) - age   4:     144664 bytes,    3416000 total
[2023-11-16T05:42:07.763+0000][7][gc,age      ] GC(126) - age   5:      74080 bytes,    3490080 total
[2023-11-16T05:42:07.763+0000][7][gc,age      ] GC(126) - age   6:     209064 bytes,    3699144 total
[2023-11-16T05:42:07.763+0000][7][gc,age      ] GC(126) - age   7:       6384 bytes,    3705528 total
[2023-11-16T05:42:07.763+0000][7][gc,age      ] GC(126) - age   8:        552 bytes,    3706080 total
[2023-11-16T05:42:07.763+0000][7][gc,age      ] GC(126) - age   9:      18960 bytes,    3725040 total
[2023-11-16T05:42:07.763+0000][7][gc,age      ] GC(126) - age  10:       3904 bytes,    3728944 total
[2023-11-16T05:42:07.763+0000][7][gc,age      ] GC(126) - age  11:       1448 bytes,    3730392 total
[2023-11-16T05:42:07.763+0000][7][gc,age      ] GC(126) - age  12:        456 bytes,    3730848 total
[2023-11-16T05:42:07.763+0000][7][gc,age      ] GC(126) - age  13:        584 bytes,    3731432 total
[2023-11-16T05:42:07.763+0000][7][gc,age      ] GC(126) - age  15:        200 bytes,    3731632 total
[2023-11-16T05:42:07.763+0000][7][gc,phases   ] GC(126)   Pre Evacuate Collection Set: 0.1ms
[2023-11-16T05:42:07.763+0000][7][gc,phases   ] GC(126)   Merge Heap Roots: 0.1ms
[2023-11-16T05:42:07.763+0000][7][gc,phases   ] GC(126)   Evacuate Collection Set: 1.6ms
[2023-11-16T05:42:07.763+0000][7][gc,phases   ] GC(126)   Post Evacuate Collection Set: 0.6ms
[2023-11-16T05:42:07.763+0000][7][gc,phases   ] GC(126)   Other: 0.2ms
[2023-11-16T05:42:07.763+0000][7][gc,heap     ] GC(126) Eden regions: 69->0(69)
[2023-11-16T05:42:07.763+0000][7][gc,heap     ] GC(126) Survivor regions: 1->1(9)
[2023-11-16T05:42:07.763+0000][7][gc,heap     ] GC(126) Old regions: 29->29
[2023-11-16T05:42:07.763+0000][7][gc,heap     ] GC(126) Archive regions: 2->2
[2023-11-16T05:42:07.763+0000][7][gc,heap     ] GC(126) Humongous regions: 5->5
[2023-11-16T05:42:07.763+0000][7][gc,metaspace] GC(126) Metaspace: 118733K(120448K)->118733K(120448K) NonClass: 102942K(103936K)->102942K(103936K) Class: 15790K(16512K)->15790K(16512K)
[2023-11-16T05:42:07.763+0000][7][gc          ] GC(126) Pause Young (Normal) (G1 Evacuation Pause) 415M->141M(512M) 2.616ms
[2023-11-16T05:42:07.763+0000][7][gc,cpu      ] GC(126) User=0.01s Sys=0.00s Real=0.00s
[2023-11-16T05:42:07.763+0000][7][safepoint   ] Safepoint "G1CollectForAllocation", Time since last: 1522063198 ns, Reaching safepoint: 36560 ns, At safepoint: 2702863 ns, Total: 2739423 ns
[2023-11-16T05:42:08.764+0000][7][safepoint   ] Safepoint "Cleanup", Time since last: 1000309476 ns, Reaching safepoint: 90332 ns, At safepoint: 4891 ns, Total: 95223 ns
[2023-11-16T05:42:10.764+0000][7][safepoint   ] Safepoint "Cleanup", Time since last: 2000208274 ns, Reaching safepoint: 131718 ns, At safepoint: 11169 ns, Total: 142887 ns
[2023-11-16T05:42:11.764+0000][7][safepoint   ] Safepoint "Cleanup", Time since last: 1000193357 ns, Reaching safepoint: 82874 ns, At safepoint: 5966 ns, Total: 88840 ns
[2023-11-16T05:42:13.765+0000][7][safepoint   ] Safepoint "Cleanup", Time since last: 2000211224 ns, Reaching safepoint: 91975 ns, At safepoint: 6018 ns, Total: 97993 ns
[2023-11-16T05:42:14.735+0000][7][gc,start    ] GC(127) Pause Young (Normal) (G1 Evacuation Pause)
[2023-11-16T05:42:14.735+0000][7][gc,task     ] GC(127) Using 8 workers of 8 for evacuation
[2023-11-16T05:42:14.735+0000][7][gc,age      ] GC(127) Desired survivor size 18874368 bytes, new threshold 15 (max threshold 15)
[2023-11-16T05:42:14.737+0000][7][gc,age      ] GC(127) Age table with threshold 15 (max threshold 15)
[2023-11-16T05:42:14.737+0000][7][gc,age      ] GC(127) - age   1:    2382952 bytes,    2382952 total
[2023-11-16T05:42:14.737+0000][7][gc,age      ] GC(127) - age   2:     334872 bytes,    2717824 total
[2023-11-16T05:42:14.737+0000][7][gc,age      ] GC(127) - age   3:     255848 bytes,    2973672 total
[2023-11-16T05:42:14.737+0000][7][gc,age      ] GC(127) - age   4:     128104 bytes,    3101776 total
[2023-11-16T05:42:14.737+0000][7][gc,age      ] GC(127) - age   5:     144216 bytes,    3245992 total
[2023-11-16T05:42:14.737+0000][7][gc,age      ] GC(127) - age   6:      59120 bytes,    3305112 total
[2023-11-16T05:42:14.737+0000][7][gc,age      ] GC(127) - age   7:     208776 bytes,    3513888 total
[2023-11-16T05:42:14.737+0000][7][gc,age      ] GC(127) - age   8:       6384 bytes,    3520272 total
[2023-11-16T05:42:14.737+0000][7][gc,age      ] GC(127) - age   9:        520 bytes,    3520792 total
[2023-11-16T05:42:14.737+0000][7][gc,age      ] GC(127) - age  10:      18768 bytes,    3539560 total
[2023-11-16T05:42:14.737+0000][7][gc,age      ] GC(127) - age  11:       3776 bytes,    3543336 total
[2023-11-16T05:42:14.737+0000][7][gc,age      ] GC(127) - age  12:       1392 bytes,    3544728 total
[2023-11-16T05:42:14.737+0000][7][gc,age      ] GC(127) - age  13:         64 bytes,    3544792 total
[2023-11-16T05:42:14.737+0000][7][gc,age      ] GC(127) - age  14:        424 bytes,    3545216 total
[2023-11-16T05:42:14.737+0000][7][gc,phases   ] GC(127)   Pre Evacuate Collection Set: 0.1ms
[2023-11-16T05:42:14.737+0000][7][gc,phases   ] GC(127)   Merge Heap Roots: 0.0ms
[2023-11-16T05:42:14.737+0000][7][gc,phases   ] GC(127)   Evacuate Collection Set: 1.7ms
[2023-11-16T05:42:14.737+0000][7][gc,phases   ] GC(127)   Post Evacuate Collection Set: 0.6ms
[2023-11-16T05:42:14.737+0000][7][gc,phases   ] GC(127)   Other: 0.2ms
[2023-11-16T05:42:14.737+0000][7][gc,heap     ] GC(127) Eden regions: 69->0(69)
[2023-11-16T05:42:14.737+0000][7][gc,heap     ] GC(127) Survivor regions: 1->1(9)
[2023-11-16T05:42:14.737+0000][7][gc,heap     ] GC(127) Old regions: 29->29
[2023-11-16T05:42:14.737+0000][7][gc,heap     ] GC(127) Archive regions: 2->2
[2023-11-16T05:42:14.737+0000][7][gc,heap     ] GC(127) Humongous regions: 5->5
[2023-11-16T05:42:14.737+0000][7][gc,metaspace] GC(127) Metaspace: 118754K(120448K)->118754K(120448K) NonClass: 102964K(103936K)->102964K(103936K) Class: 15790K(16512K)->15790K(16512K)
[2023-11-16T05:42:14.737+0000][7][gc          ] GC(127) Pause Young (Normal) (G1 Evacuation Pause) 417M->141M(512M) 2.662ms
[2023-11-16T05:42:14.737+0000][7][gc,cpu      ] GC(127) User=0.01s Sys=0.00s Real=0.00s
[2023-11-16T05:42:14.737+0000][7][safepoint   ] Safepoint "G1CollectForAllocation", Time since last: 969996272 ns, Reaching safepoint: 105699 ns, At safepoint: 2721551 ns, Total: 2827250 ns
[2023-11-16T05:42:16.738+0000][7][safepoint   ] Safepoint "Cleanup", Time since last: 2000174082 ns, Reaching safepoint: 55651 ns, At safepoint: 4778 ns, Total: 60429 ns
[2023-11-16T05:42:17.738+0000][7][safepoint   ] Safepoint "Cleanup", Time since last: 1000274314 ns, Reaching safepoint: 132365 ns, At safepoint: 4961 ns, Total: 137326 ns
[2023-11-16T05:42:18.738+0000][7][safepoint   ] Safepoint "Cleanup", Time since last: 1000124830 ns, Reaching safepoint: 53546 ns, At safepoint: 20823 ns, Total: 74369 ns
[2023-11-16T05:42:19.738+0000][7][safepoint   ] Safepoint "Cleanup", Time since last: 1000156358 ns, Reaching safepoint: 53909 ns, At safepoint: 4782 ns, Total: 58691 ns
[2023-11-16T05:42:21.739+0000][7][safepoint   ] Safepoint "Cleanup", Time since last: 2000415360 ns, Reaching safepoint: 71546 ns, At safepoint: 4643 ns, Total: 76189 ns
[2023-11-16T05:42:21.771+0000][7][gc,start    ] GC(128) Pause Young (Normal) (G1 Evacuation Pause)
[2023-11-16T05:42:21.771+0000][7][gc,task     ] GC(128) Using 8 workers of 8 for evacuation
[2023-11-16T05:42:21.771+0000][7][gc,age      ] GC(128) Desired survivor size 18874368 bytes, new threshold 15 (max threshold 15)
[2023-11-16T05:42:21.773+0000][7][gc,age      ] GC(128) Age table with threshold 15 (max threshold 15)
[2023-11-16T05:42:21.773+0000][7][gc,age      ] GC(128) - age   1:    1428720 bytes,    1428720 total
[2023-11-16T05:42:21.773+0000][7][gc,age      ] GC(128) - age   2:     177656 bytes,    1606376 total
[2023-11-16T05:42:21.773+0000][7][gc,age      ] GC(128) - age   3:      37896 bytes,    1644272 total
[2023-11-16T05:42:21.773+0000][7][gc,age      ] GC(128) - age   4:     255784 bytes,    1900056 total
[2023-11-16T05:42:21.773+0000][7][gc,age      ] GC(128) - age   5:     127984 bytes,    2028040 total
[2023-11-16T05:42:21.773+0000][7][gc,age      ] GC(128) - age   6:     144120 bytes,    2172160 total
[2023-11-16T05:42:21.773+0000][7][gc,age      ] GC(128) - age   7:       3696 bytes,    2175856 total
[2023-11-16T05:42:21.773+0000][7][gc,age      ] GC(128) - age   8:     159216 bytes,    2335072 total
[2023-11-16T05:42:21.773+0000][7][gc,age      ] GC(128) - age   9:       6320 bytes,    2341392 total
[2023-11-16T05:42:21.773+0000][7][gc,age      ] GC(128) - age  10:        456 bytes,    2341848 total
[2023-11-16T05:42:21.773+0000][7][gc,age      ] GC(128) - age  11:      18768 bytes,    2360616 total
[2023-11-16T05:42:21.773+0000][7][gc,age      ] GC(128) - age  12:       3776 bytes,    2364392 total
[2023-11-16T05:42:21.773+0000][7][gc,age      ] GC(128) - age  13:       1392 bytes,    2365784 total
[2023-11-16T05:42:21.773+0000][7][gc,age      ] GC(128) - age  14:         64 bytes,    2365848 total
[2023-11-16T05:42:21.773+0000][7][gc,age      ] GC(128) - age  15:        424 bytes,    2366272 total
[2023-11-16T05:42:21.773+0000][7][gc,phases   ] GC(128)   Pre Evacuate Collection Set: 0.1ms
[2023-11-16T05:42:21.773+0000][7][gc,phases   ] GC(128)   Merge Heap Roots: 0.0ms
[2023-11-16T05:42:21.773+0000][7][gc,phases   ] GC(128)   Evacuate Collection Set: 1.4ms
[2023-11-16T05:42:21.773+0000][7][gc,phases   ] GC(128)   Post Evacuate Collection Set: 0.7ms
[2023-11-16T05:42:21.773+0000][7][gc,phases   ] GC(128)   Other: 0.3ms
[2023-11-16T05:42:21.773+0000][7][gc,heap     ] GC(128) Eden regions: 69->0(69)
[2023-11-16T05:42:21.773+0000][7][gc,heap     ] GC(128) Survivor regions: 1->1(9)
[2023-11-16T05:42:21.773+0000][7][gc,heap     ] GC(128) Old regions: 29->29
[2023-11-16T05:42:21.773+0000][7][gc,heap     ] GC(128) Archive regions: 2->2
[2023-11-16T05:42:21.773+0000][7][gc,heap     ] GC(128) Humongous regions: 5->5
[2023-11-16T05:42:21.773+0000][7][gc,metaspace] GC(128) Metaspace: 118765K(120448K)->118765K(120448K) NonClass: 102975K(103936K)->102975K(103936K) Class: 15790K(16512K)->15790K(16512K)
[2023-11-16T05:42:21.773+0000][7][gc          ] GC(128) Pause Young (Normal) (G1 Evacuation Pause) 417M->140M(512M) 2.492ms
[2023-11-16T05:42:21.773+0000][7][gc,cpu      ] GC(128) User=0.02s Sys=0.00s Real=0.00s
[2023-11-16T05:42:21.773+0000][7][safepoint   ] Safepoint "G1CollectForAllocation", Time since last: 31725392 ns, Reaching safepoint: 25831 ns, At safepoint: 2623409 ns, Total: 2649240 ns
[2023-11-16T05:42:22.774+0000][7][safepoint   ] Safepoint "Cleanup", Time since last: 1000110546 ns, Reaching safepoint: 79984 ns, At safepoint: 7941 ns, Total: 87925 ns
[2023-11-16T05:42:23.774+0000][7][safepoint   ] Safepoint "Cleanup", Time since last: 1000237248 ns, Reaching safepoint: 86252 ns, At safepoint: 4697 ns, Total: 90949 ns
[2023-11-16T05:42:24.774+0000][7][safepoint   ] Safepoint "Cleanup", Time since last: 1000313188 ns, Reaching safepoint: 38980 ns, At safepoint: 3699 ns, Total: 42679 ns
[2023-11-16T05:42:25.775+0000][7][safepoint   ] Safepoint "Cleanup", Time since last: 1000357375 ns, Reaching safepoint: 31419 ns, At safepoint: 6032 ns, Total: 37451 ns
[2023-11-16T05:42:26.775+0000][7][safepoint   ] Safepoint "Cleanup", Time since last: 1000244748 ns, Reaching safepoint: 55048 ns, At safepoint: 25632 ns, Total: 80680 ns
[2023-11-16T05:42:27.775+0000][7][safepoint   ] Safepoint "Cleanup", Time since last: 1000102103 ns, Reaching safepoint: 75547 ns, At safepoint: 6017 ns, Total: 81564 ns
[2023-11-16T05:42:27.930+0000][7][gc,start    ] GC(129) Pause Young (Normal) (G1 Evacuation Pause)
[2023-11-16T05:42:27.930+0000][7][gc,task     ] GC(129) Using 8 workers of 8 for evacuation
[2023-11-16T05:42:27.930+0000][7][gc,age      ] GC(129) Desired survivor size 18874368 bytes, new threshold 15 (max threshold 15)
[2023-11-16T05:42:27.932+0000][7][gc,age      ] GC(129) Age table with threshold 15 (max threshold 15)
[2023-11-16T05:42:27.932+0000][7][gc,age      ] GC(129) - age   1:    1260624 bytes,    1260624 total
[2023-11-16T05:42:27.932+0000][7][gc,age      ] GC(129) - age   2:     348336 bytes,    1608960 total
[2023-11-16T05:42:27.932+0000][7][gc,age      ] GC(129) - age   3:     175248 bytes,    1784208 total
[2023-11-16T05:42:27.932+0000][7][gc,age      ] GC(129) - age   4:      37480 bytes,    1821688 total
[2023-11-16T05:42:27.932+0000][7][gc,age      ] GC(129) - age   5:     252024 bytes,    2073712 total
[2023-11-16T05:42:27.932+0000][7][gc,age      ] GC(129) - age   6:     119968 bytes,    2193680 total
[2023-11-16T05:42:27.932+0000][7][gc,age      ] GC(129) - age   7:        600 bytes,    2194280 total
[2023-11-16T05:42:27.932+0000][7][gc,age      ] GC(129) - age   8:       1176 bytes,    2195456 total
[2023-11-16T05:42:27.932+0000][7][gc,age      ] GC(129) - age   9:     159152 bytes,    2354608 total
[2023-11-16T05:42:27.932+0000][7][gc,age      ] GC(129) - age  10:       5712 bytes,    2360320 total
[2023-11-16T05:42:27.932+0000][7][gc,age      ] GC(129) - age  11:        328 bytes,    2360648 total
[2023-11-16T05:42:27.932+0000][7][gc,age      ] GC(129) - age  12:      18704 bytes,    2379352 total
[2023-11-16T05:42:27.932+0000][7][gc,age      ] GC(129) - age  13:       3712 bytes,    2383064 total
[2023-11-16T05:42:27.932+0000][7][gc,age      ] GC(129) - age  14:       1392 bytes,    2384456 total
[2023-11-16T05:42:27.932+0000][7][gc,age      ] GC(129) - age  15:         64 bytes,    2384520 total
[2023-11-16T05:42:27.932+0000][7][gc,phases   ] GC(129)   Pre Evacuate Collection Set: 0.1ms
[2023-11-16T05:42:27.932+0000][7][gc,phases   ] GC(129)   Merge Heap Roots: 0.0ms
[2023-11-16T05:42:27.932+0000][7][gc,phases   ] GC(129)   Evacuate Collection Set: 1.2ms
[2023-11-16T05:42:27.932+0000][7][gc,phases   ] GC(129)   Post Evacuate Collection Set: 0.6ms
[2023-11-16T05:42:27.932+0000][7][gc,phases   ] GC(129)   Other: 0.2ms
[2023-11-16T05:42:27.932+0000][7][gc,heap     ] GC(129) Eden regions: 69->0(69)
[2023-11-16T05:42:27.932+0000][7][gc,heap     ] GC(129) Survivor regions: 1->1(9)
[2023-11-16T05:42:27.932+0000][7][gc,heap     ] GC(129) Old regions: 29->29
[2023-11-16T05:42:27.932+0000][7][gc,heap     ] GC(129) Archive regions: 2->2
[2023-11-16T05:42:27.932+0000][7][gc,heap     ] GC(129) Humongous regions: 5->5
[2023-11-16T05:42:27.932+0000][7][gc,metaspace] GC(129) Metaspace: 118767K(120448K)->118767K(120448K) NonClass: 102976K(103936K)->102976K(103936K) Class: 15790K(16512K)->15790K(16512K)
[2023-11-16T05:42:27.932+0000][7][gc          ] GC(129) Pause Young (Normal) (G1 Evacuation Pause) 416M->139M(512M) 2.345ms
[2023-11-16T05:42:27.932+0000][7][gc,cpu      ] GC(129) User=0.01s Sys=0.00s Real=0.00s
[2023-11-16T05:42:27.932+0000][7][safepoint   ] Safepoint "G1CollectForAllocation", Time since last: 154577140 ns, Reaching safepoint: 22821 ns, At safepoint: 2425493 ns, Total: 2448314 ns
[2023-11-16T05:42:28.932+0000][7][safepoint   ] Safepoint "Cleanup", Time since last: 1000074740 ns, Reaching safepoint: 37621 ns, At safepoint: 4214 ns, Total: 41835 ns
[2023-11-16T05:42:30.933+0000][7][safepoint   ] Safepoint "Cleanup", Time since last: 2000620500 ns, Reaching safepoint: 55528 ns, At safepoint: 8053 ns, Total: 63581 ns
[2023-11-16T05:42:31.933+0000][7][safepoint   ] Safepoint "Cleanup", Time since last: 1000084589 ns, Reaching safepoint: 30677 ns, At safepoint: 5124 ns, Total: 35801 ns
[2023-11-16T05:42:32.933+0000][7][safepoint   ] Safepoint "Cleanup", Time since last: 1000136991 ns, Reaching safepoint: 90929 ns, At safepoint: 9778 ns, Total: 100707 ns
[2023-11-16T05:42:33.933+0000][7][safepoint   ] Safepoint "Cleanup", Time since last: 1000119721 ns, Reaching safepoint: 54874 ns, At safepoint: 7110 ns, Total: 61984 ns
[2023-11-16T05:42:34.934+0000][7][safepoint   ] Safepoint "Cleanup", Time since last: 1000084246 ns, Reaching safepoint: 35341 ns, At safepoint: 24088 ns, Total: 59429 ns
[2023-11-16T05:42:35.899+0000][7][gc,start    ] GC(130) Pause Young (Normal) (G1 Evacuation Pause)
[2023-11-16T05:42:35.899+0000][7][gc,task     ] GC(130) Using 8 workers of 8 for evacuation
[2023-11-16T05:42:35.899+0000][7][gc,age      ] GC(130) Desired survivor size 18874368 bytes, new threshold 15 (max threshold 15)
[2023-11-16T05:42:35.902+0000][7][gc,age      ] GC(130) Age table with threshold 15 (max threshold 15)
[2023-11-16T05:42:35.902+0000][7][gc,age      ] GC(130) - age   1:    2206040 bytes,    2206040 total
[2023-11-16T05:42:35.902+0000][7][gc,age      ] GC(130) - age   2:     611960 bytes,    2818000 total
[2023-11-16T05:42:35.902+0000][7][gc,age      ] GC(130) - age   3:     346048 bytes,    3164048 total
[2023-11-16T05:42:35.902+0000][7][gc,age      ] GC(130) - age   4:     174392 bytes,    3338440 total
[2023-11-16T05:42:35.902+0000][7][gc,age      ] GC(130) - age   5:      36976 bytes,    3375416 total
[2023-11-16T05:42:35.902+0000][7][gc,age      ] GC(130) - age   6:     249648 bytes,    3625064 total
[2023-11-16T05:42:35.902+0000][7][gc,age      ] GC(130) - age   7:     119904 bytes,    3744968 total
[2023-11-16T05:42:35.902+0000][7][gc,age      ] GC(130) - age   8:        472 bytes,    3745440 total
[2023-11-16T05:42:35.902+0000][7][gc,age      ] GC(130) - age   9:       1112 bytes,    3746552 total
[2023-11-16T05:42:35.902+0000][7][gc,age      ] GC(130) - age  10:     158968 bytes,    3905520 total
[2023-11-16T05:42:35.902+0000][7][gc,age      ] GC(130) - age  11:       5712 bytes,    3911232 total
[2023-11-16T05:42:35.902+0000][7][gc,age      ] GC(130) - age  12:        296 bytes,    3911528 total
[2023-11-16T05:42:35.902+0000][7][gc,age      ] GC(130) - age  13:      18704 bytes,    3930232 total
[2023-11-16T05:42:35.902+0000][7][gc,age      ] GC(130) - age  14:       3648 bytes,    3933880 total
[2023-11-16T05:42:35.902+0000][7][gc,age      ] GC(130) - age  15:       1392 bytes,    3935272 total
[2023-11-16T05:42:35.902+0000][7][gc,phases   ] GC(130)   Pre Evacuate Collection Set: 0.1ms
[2023-11-16T05:42:35.902+0000][7][gc,phases   ] GC(130)   Merge Heap Roots: 0.1ms
[2023-11-16T05:42:35.902+0000][7][gc,phases   ] GC(130)   Evacuate Collection Set: 1.7ms
[2023-11-16T05:42:35.902+0000][7][gc,phases   ] GC(130)   Post Evacuate Collection Set: 0.5ms
[2023-11-16T05:42:35.902+0000][7][gc,phases   ] GC(130)   Other: 0.3ms
[2023-11-16T05:42:35.902+0000][7][gc,heap     ] GC(130) Eden regions: 69->0(69)
[2023-11-16T05:42:35.902+0000][7][gc,heap     ] GC(130) Survivor regions: 1->1(9)
[2023-11-16T05:42:35.902+0000][7][gc,heap     ] GC(130) Old regions: 29->29
[2023-11-16T05:42:35.902+0000][7][gc,heap     ] GC(130) Archive regions: 2->2
[2023-11-16T05:42:35.902+0000][7][gc,heap     ] GC(130) Humongous regions: 5->5
[2023-11-16T05:42:35.902+0000][7][gc,metaspace] GC(130) Metaspace: 118767K(120448K)->118767K(120448K) NonClass: 102976K(103936K)->102976K(103936K) Class: 15790K(16512K)->15790K(16512K)
[2023-11-16T05:42:35.902+0000][7][gc          ] GC(130) Pause Young (Normal) (G1 Evacuation Pause) 415M->141M(512M) 2.630ms
[2023-11-16T05:42:35.902+0000][7][gc,cpu      ] GC(130) User=0.01s Sys=0.00s Real=0.00s
[2023-11-16T05:42:35.902+0000][7][safepoint   ] Safepoint "G1CollectForAllocation", Time since last: 965644524 ns, Reaching safepoint: 40573 ns, At safepoint: 2739465 ns, Total: 2780038 ns
[2023-11-16T05:42:36.902+0000][7][safepoint   ] Safepoint "Cleanup", Time since last: 1000127714 ns, Reaching safepoint: 36508 ns, At safepoint: 7329 ns, Total: 43837 ns
[2023-11-16T05:42:37.902+0000][7][safepoint   ] Safepoint "Cleanup", Time since last: 1000136505 ns, Reaching safepoint: 87656 ns, At safepoint: 8196 ns, Total: 95852 ns
[2023-11-16T05:42:38.903+0000][7][safepoint   ] Safepoint "Cleanup", Time since last: 1000188910 ns, Reaching safepoint: 136292 ns, At safepoint: 28094 ns, Total: 164386 ns
[2023-11-16T05:42:40.903+0000][7][safepoint   ] Safepoint "Cleanup", Time since last: 2000445650 ns, Reaching safepoint: 72908 ns, At safepoint: 7821 ns, Total: 80729 ns
[2023-11-16T05:42:41.904+0000][7][safepoint   ] Safepoint "Cleanup", Time since last: 1000231695 ns, Reaching safepoint: 49812 ns, At safepoint: 5536 ns, Total: 55348 ns
[2023-11-16T05:42:41.941+0000][7][gc,start    ] GC(131) Pause Young (Normal) (G1 Evacuation Pause)
[2023-11-16T05:42:41.941+0000][7][gc,task     ] GC(131) Using 8 workers of 8 for evacuation
[2023-11-16T05:42:41.941+0000][7][gc,age      ] GC(131) Desired survivor size 18874368 bytes, new threshold 15 (max threshold 15)
[2023-11-16T05:42:41.943+0000][7][gc,age      ] GC(131) Age table with threshold 15 (max threshold 15)
[2023-11-16T05:42:41.943+0000][7][gc,age      ] GC(131) - age   1:    1768248 bytes,    1768248 total
[2023-11-16T05:42:41.943+0000][7][gc,age      ] GC(131) - age   2:     516208 bytes,    2284456 total
[2023-11-16T05:42:41.943+0000][7][gc,age      ] GC(131) - age   3:     387272 bytes,    2671728 total
[2023-11-16T05:42:41.943+0000][7][gc,age      ] GC(131) - age   4:     345360 bytes,    3017088 total
[2023-11-16T05:42:41.943+0000][7][gc,age      ] GC(131) - age   5:     160424 bytes,    3177512 total
[2023-11-16T05:42:41.943+0000][7][gc,age      ] GC(131) - age   6:      36664 bytes,    3214176 total
[2023-11-16T05:42:41.943+0000][7][gc,age      ] GC(131) - age   7:     249056 bytes,    3463232 total
[2023-11-16T05:42:41.943+0000][7][gc,age      ] GC(131) - age   8:       1280 bytes,    3464512 total
[2023-11-16T05:42:41.943+0000][7][gc,age      ] GC(131) - age   9:        376 bytes,    3464888 total
[2023-11-16T05:42:41.943+0000][7][gc,age      ] GC(131) - age  10:       1112 bytes,    3466000 total
[2023-11-16T05:42:41.943+0000][7][gc,age      ] GC(131) - age  11:     158968 bytes,    3624968 total
[2023-11-16T05:42:41.943+0000][7][gc,age      ] GC(131) - age  12:       5712 bytes,    3630680 total
[2023-11-16T05:42:41.943+0000][7][gc,age      ] GC(131) - age  13:        296 bytes,    3630976 total
[2023-11-16T05:42:41.943+0000][7][gc,age      ] GC(131) - age  14:      18704 bytes,    3649680 total
[2023-11-16T05:42:41.943+0000][7][gc,age      ] GC(131) - age  15:       3520 bytes,    3653200 total
[2023-11-16T05:42:41.943+0000][7][gc,phases   ] GC(131)   Pre Evacuate Collection Set: 0.1ms
[2023-11-16T05:42:41.943+0000][7][gc,phases   ] GC(131)   Merge Heap Roots: 0.1ms
[2023-11-16T05:42:41.943+0000][7][gc,phases   ] GC(131)   Evacuate Collection Set: 1.6ms
[2023-11-16T05:42:41.943+0000][7][gc,phases   ] GC(131)   Post Evacuate Collection Set: 0.5ms
[2023-11-16T05:42:41.943+0000][7][gc,phases   ] GC(131)   Other: 0.2ms
[2023-11-16T05:42:41.943+0000][7][gc,heap     ] GC(131) Eden regions: 69->0(69)
[2023-11-16T05:42:41.943+0000][7][gc,heap     ] GC(131) Survivor regions: 1->1(9)
[2023-11-16T05:42:41.943+0000][7][gc,heap     ] GC(131) Old regions: 29->29
[2023-11-16T05:42:41.943+0000][7][gc,heap     ] GC(131) Archive regions: 2->2
[2023-11-16T05:42:41.943+0000][7][gc,heap     ] GC(131) Humongous regions: 5->5
[2023-11-16T05:42:41.943+0000][7][gc,metaspace] GC(131) Metaspace: 118771K(120448K)->118771K(120448K) NonClass: 102980K(103936K)->102980K(103936K) Class: 15790K(16512K)->15790K(16512K)
[2023-11-16T05:42:41.943+0000][7][gc          ] GC(131) Pause Young (Normal) (G1 Evacuation Pause) 417M->141M(512M) 2.681ms
[2023-11-16T05:42:41.943+0000][7][gc,cpu      ] GC(131) User=0.01s Sys=0.00s Real=0.00s
[2023-11-16T05:42:41.943+0000][7][safepoint   ] Safepoint "G1CollectForAllocation", Time since last: 37073472 ns, Reaching safepoint: 21245 ns, At safepoint: 2778732 ns, Total: 2799977 ns
[2023-11-16T05:42:43.944+0000][7][safepoint   ] Safepoint "Cleanup", Time since last: 2000190947 ns, Reaching safepoint: 75258 ns, At safepoint: 6704 ns, Total: 81962 ns
[2023-11-16T05:42:45.944+0000][7][safepoint   ] Safepoint "Cleanup", Time since last: 2000219167 ns, Reaching safepoint: 37987 ns, At safepoint: 5011 ns, Total: 42998 ns
[2023-11-16T05:42:46.944+0000][7][safepoint   ] Safepoint "Cleanup", Time since last: 1000152897 ns, Reaching safepoint: 62788 ns, At safepoint: 34819 ns, Total: 97607 ns
[2023-11-16T05:42:48.456+0000][7][gc,start    ] GC(132) Pause Young (Normal) (G1 Evacuation Pause)
[2023-11-16T05:42:48.456+0000][7][gc,task     ] GC(132) Using 8 workers of 8 for evacuation
[2023-11-16T05:42:48.456+0000][7][gc,age      ] GC(132) Desired survivor size 18874368 bytes, new threshold 15 (max threshold 15)
[2023-11-16T05:42:48.458+0000][7][gc,age      ] GC(132) Age table with threshold 15 (max threshold 15)
[2023-11-16T05:42:48.458+0000][7][gc,age      ] GC(132) - age   1:    1396072 bytes,    1396072 total
[2023-11-16T05:42:48.458+0000][7][gc,age      ] GC(132) - age   2:     246824 bytes,    1642896 total
[2023-11-16T05:42:48.458+0000][7][gc,age      ] GC(132) - age   3:     119112 bytes,    1762008 total
[2023-11-16T05:42:48.458+0000][7][gc,age      ] GC(132) - age   4:     189440 bytes,    1951448 total
[2023-11-16T05:42:48.458+0000][7][gc,age      ] GC(132) - age   5:     253464 bytes,    2204912 total
[2023-11-16T05:42:48.458+0000][7][gc,age      ] GC(132) - age   6:     145160 bytes,    2350072 total
[2023-11-16T05:42:48.458+0000][7][gc,age      ] GC(132) - age   7:       6672 bytes,    2356744 total
[2023-11-16T05:42:48.458+0000][7][gc,age      ] GC(132) - age   8:       1704 bytes,    2358448 total
[2023-11-16T05:42:48.458+0000][7][gc,age      ] GC(132) - age   9:       1248 bytes,    2359696 total
[2023-11-16T05:42:48.458+0000][7][gc,age      ] GC(132) - age  10:        184 bytes,    2359880 total
[2023-11-16T05:42:48.458+0000][7][gc,age      ] GC(132) - age  11:       1112 bytes,    2360992 total
[2023-11-16T05:42:48.458+0000][7][gc,age      ] GC(132) - age  12:     158968 bytes,    2519960 total
[2023-11-16T05:42:48.458+0000][7][gc,age      ] GC(132) - age  13:       5712 bytes,    2525672 total
[2023-11-16T05:42:48.458+0000][7][gc,age      ] GC(132) - age  14:        296 bytes,    2525968 total
[2023-11-16T05:42:48.458+0000][7][gc,age      ] GC(132) - age  15:      18704 bytes,    2544672 total
[2023-11-16T05:42:48.458+0000][7][gc,phases   ] GC(132)   Pre Evacuate Collection Set: 0.1ms
[2023-11-16T05:42:48.458+0000][7][gc,phases   ] GC(132)   Merge Heap Roots: 0.1ms
[2023-11-16T05:42:48.458+0000][7][gc,phases   ] GC(132)   Evacuate Collection Set: 1.2ms
[2023-11-16T05:42:48.458+0000][7][gc,phases   ] GC(132)   Post Evacuate Collection Set: 0.6ms
[2023-11-16T05:42:48.458+0000][7][gc,phases   ] GC(132)   Other: 0.2ms
[2023-11-16T05:42:48.458+0000][7][gc,heap     ] GC(132) Eden regions: 69->0(69)
[2023-11-16T05:42:48.458+0000][7][gc,heap     ] GC(132) Survivor regions: 1->1(9)
[2023-11-16T05:42:48.458+0000][7][gc,heap     ] GC(132) Old regions: 29->29
[2023-11-16T05:42:48.458+0000][7][gc,heap     ] GC(132) Archive regions: 2->2
[2023-11-16T05:42:48.458+0000][7][gc,heap     ] GC(132) Humongous regions: 5->5
[2023-11-16T05:42:48.458+0000][7][gc,metaspace] GC(132) Metaspace: 118775K(120448K)->118775K(120448K) NonClass: 102985K(103936K)->102985K(103936K) Class: 15790K(16512K)->15790K(16512K)
[2023-11-16T05:42:48.458+0000][7][gc          ] GC(132) Pause Young (Normal) (G1 Evacuation Pause) 417M->140M(512M) 2.187ms
[2023-11-16T05:42:48.458+0000][7][gc,cpu      ] GC(132) User=0.01s Sys=0.01s Real=0.00s
[2023-11-16T05:42:48.458+0000][7][safepoint   ] Safepoint "G1CollectForAllocation", Time since last: 1511815023 ns, Reaching safepoint: 30945 ns, At safepoint: 2275890 ns, Total: 2306835 ns
[2023-11-16T05:42:49.459+0000][7][safepoint   ] Safepoint "Cleanup", Time since last: 1000082571 ns, Reaching safepoint: 80561 ns, At safepoint: 9621 ns, Total: 90182 ns
[2023-11-16T05:42:50.459+0000][7][safepoint   ] Safepoint "Cleanup", Time since last: 1000054308 ns, Reaching safepoint: 55503 ns, At safepoint: 8374 ns, Total: 63877 ns
[2023-11-16T05:42:51.459+0000][7][safepoint   ] Safepoint "Cleanup", Time since last: 1000262183 ns, Reaching safepoint: 152692 ns, At safepoint: 11287 ns, Total: 163979 ns
[2023-11-16T05:42:53.459+0000][7][safepoint   ] Safepoint "Cleanup", Time since last: 2000181204 ns, Reaching safepoint: 72489 ns, At safepoint: 5027 ns, Total: 77516 ns
[2023-11-16T05:42:54.460+0000][7][safepoint   ] Safepoint "Cleanup", Time since last: 1000150176 ns, Reaching safepoint: 174720 ns, At safepoint: 5174 ns, Total: 179894 ns
[2023-11-16T05:42:55.071+0000][7][gc,start    ] GC(133) Pause Young (Normal) (G1 Evacuation Pause)
[2023-11-16T05:42:55.071+0000][7][gc,task     ] GC(133) Using 8 workers of 8 for evacuation
[2023-11-16T05:42:55.071+0000][7][gc,age      ] GC(133) Desired survivor size 18874368 bytes, new threshold 15 (max threshold 15)
[2023-11-16T05:42:55.075+0000][7][gc,age      ] GC(133) Age table with threshold 15 (max threshold 15)
[2023-11-16T05:42:55.075+0000][7][gc,age      ] GC(133) - age   1:    1497952 bytes,    1497952 total
[2023-11-16T05:42:55.075+0000][7][gc,age      ] GC(133) - age   2:     734688 bytes,    2232640 total
[2023-11-16T05:42:55.075+0000][7][gc,age      ] GC(133) - age   3:     244808 bytes,    2477448 total
[2023-11-16T05:42:55.075+0000][7][gc,age      ] GC(133) - age   4:     117592 bytes,    2595040 total
[2023-11-16T05:42:55.075+0000][7][gc,age      ] GC(133) - age   5:     182992 bytes,    2778032 total
[2023-11-16T05:42:55.075+0000][7][gc,age      ] GC(133) - age   6:     253240 bytes,    3031272 total
[2023-11-16T05:42:55.075+0000][7][gc,age      ] GC(133) - age   7:     144392 bytes,    3175664 total
[2023-11-16T05:42:55.075+0000][7][gc,age      ] GC(133) - age   8:       6416 bytes,    3182080 total
[2023-11-16T05:42:55.075+0000][7][gc,age      ] GC(133) - age   9:       1512 bytes,    3183592 total
[2023-11-16T05:42:55.075+0000][7][gc,age      ] GC(133) - age  10:        720 bytes,    3184312 total
[2023-11-16T05:42:55.075+0000][7][gc,age      ] GC(133) - age  12:       1112 bytes,    3185424 total
[2023-11-16T05:42:55.075+0000][7][gc,age      ] GC(133) - age  13:     158968 bytes,    3344392 total
[2023-11-16T05:42:55.075+0000][7][gc,age      ] GC(133) - age  14:       5384 bytes,    3349776 total
[2023-11-16T05:42:55.075+0000][7][gc,age      ] GC(133) - age  15:        296 bytes,    3350072 total
[2023-11-16T05:42:55.075+0000][7][gc,phases   ] GC(133)   Pre Evacuate Collection Set: 0.1ms
[2023-11-16T05:42:55.075+0000][7][gc,phases   ] GC(133)   Merge Heap Roots: 0.0ms
[2023-11-16T05:42:55.075+0000][7][gc,phases   ] GC(133)   Evacuate Collection Set: 2.3ms
[2023-11-16T05:42:55.075+0000][7][gc,phases   ] GC(133)   Post Evacuate Collection Set: 1.3ms
[2023-11-16T05:42:55.075+0000][7][gc,phases   ] GC(133)   Other: 0.3ms
[2023-11-16T05:42:55.075+0000][7][gc,heap     ] GC(133) Eden regions: 69->0(69)
[2023-11-16T05:42:55.075+0000][7][gc,heap     ] GC(133) Survivor regions: 1->1(9)
[2023-11-16T05:42:55.075+0000][7][gc,heap     ] GC(133) Old regions: 29->29
[2023-11-16T05:42:55.075+0000][7][gc,heap     ] GC(133) Archive regions: 2->2
[2023-11-16T05:42:55.075+0000][7][gc,heap     ] GC(133) Humongous regions: 5->5
[2023-11-16T05:42:55.075+0000][7][gc,metaspace] GC(133) Metaspace: 118776K(120448K)->118776K(120448K) NonClass: 102986K(103936K)->102986K(103936K) Class: 15790K(16512K)->15790K(16512K)
[2023-11-16T05:42:55.075+0000][7][gc          ] GC(133) Pause Young (Normal) (G1 Evacuation Pause) 415M->140M(512M) 4.063ms
[2023-11-16T05:42:55.075+0000][7][gc,cpu      ] GC(133) User=0.01s Sys=0.00s Real=0.00s
[2023-11-16T05:42:55.075+0000][7][safepoint   ] Safepoint "G1CollectForAllocation", Time since last: 611186036 ns, Reaching safepoint: 124110 ns, At safepoint: 4156712 ns, Total: 4280822 ns
[2023-11-16T05:42:56.075+0000][7][safepoint   ] Safepoint "Cleanup", Time since last: 1000211980 ns, Reaching safepoint: 36396 ns, At safepoint: 5134 ns, Total: 41530 ns
[2023-11-16T05:42:59.076+0000][7][safepoint   ] Safepoint "Cleanup", Time since last: 3000277762 ns, Reaching safepoint: 72683 ns, At safepoint: 4956 ns, Total: 77639 ns
[2023-11-16T05:43:01.076+0000][7][safepoint   ] Safepoint "Cleanup", Time since last: 2000336664 ns, Reaching safepoint: 37297 ns, At safepoint: 21974 ns, Total: 59271 ns
[2023-11-16T05:43:02.076+0000][7][safepoint   ] Safepoint "Cleanup", Time since last: 1000140789 ns, Reaching safepoint: 33394 ns, At safepoint: 5276 ns, Total: 38670 ns
[2023-11-16T05:43:03.156+0000][7][gc,start    ] GC(134) Pause Young (Normal) (G1 Evacuation Pause)
[2023-11-16T05:43:03.156+0000][7][gc,task     ] GC(134) Using 8 workers of 8 for evacuation
[2023-11-16T05:43:03.156+0000][7][gc,age      ] GC(134) Desired survivor size 18874368 bytes, new threshold 15 (max threshold 15)
[2023-11-16T05:43:03.158+0000][7][gc,age      ] GC(134) Age table with threshold 15 (max threshold 15)
[2023-11-16T05:43:03.158+0000][7][gc,age      ] GC(134) - age   1:    2540952 bytes,    2540952 total
[2023-11-16T05:43:03.158+0000][7][gc,age      ] GC(134) - age   2:     220480 bytes,    2761432 total
[2023-11-16T05:43:03.158+0000][7][gc,age      ] GC(134) - age   3:     438072 bytes,    3199504 total
[2023-11-16T05:43:03.158+0000][7][gc,age      ] GC(134) - age   4:     244328 bytes,    3443832 total
[2023-11-16T05:43:03.158+0000][7][gc,age      ] GC(134) - age   5:     114712 bytes,    3558544 total
[2023-11-16T05:43:03.158+0000][7][gc,age      ] GC(134) - age   6:     177864 bytes,    3736408 total
[2023-11-16T05:43:03.158+0000][7][gc,age      ] GC(134) - age   7:     252896 bytes,    3989304 total
[2023-11-16T05:43:03.158+0000][7][gc,age      ] GC(134) - age   8:       2072 bytes,    3991376 total
[2023-11-16T05:43:03.158+0000][7][gc,age      ] GC(134) - age   9:       5056 bytes,    3996432 total
[2023-11-16T05:43:03.158+0000][7][gc,age      ] GC(134) - age  10:       1416 bytes,    3997848 total
[2023-11-16T05:43:03.158+0000][7][gc,age      ] GC(134) - age  11:        720 bytes,    3998568 total
[2023-11-16T05:43:03.158+0000][7][gc,age      ] GC(134) - age  13:       1048 bytes,    3999616 total
[2023-11-16T05:43:03.158+0000][7][gc,age      ] GC(134) - age  14:     158904 bytes,    4158520 total
[2023-11-16T05:43:03.158+0000][7][gc,age      ] GC(134) - age  15:       5384 bytes,    4163904 total
[2023-11-16T05:43:03.158+0000][7][gc,phases   ] GC(134)   Pre Evacuate Collection Set: 0.1ms
[2023-11-16T05:43:03.158+0000][7][gc,phases   ] GC(134)   Merge Heap Roots: 0.1ms
[2023-11-16T05:43:03.158+0000][7][gc,phases   ] GC(134)   Evacuate Collection Set: 1.6ms
[2023-11-16T05:43:03.158+0000][7][gc,phases   ] GC(134)   Post Evacuate Collection Set: 0.5ms
[2023-11-16T05:43:03.158+0000][7][gc,phases   ] GC(134)   Other: 0.2ms
[2023-11-16T05:43:03.158+0000][7][gc,heap     ] GC(134) Eden regions: 69->0(68)
[2023-11-16T05:43:03.158+0000][7][gc,heap     ] GC(134) Survivor regions: 1->2(9)
[2023-11-16T05:43:03.158+0000][7][gc,heap     ] GC(134) Old regions: 29->29
[2023-11-16T05:43:03.158+0000][7][gc,heap     ] GC(134) Archive regions: 2->2
[2023-11-16T05:43:03.159+0000][7][gc,heap     ] GC(134) Humongous regions: 5->5
[2023-11-16T05:43:03.159+0000][7][gc,metaspace] GC(134) Metaspace: 118777K(120448K)->118777K(120448K) NonClass: 102986K(103936K)->102986K(103936K) Class: 15790K(16512K)->15790K(16512K)
[2023-11-16T05:43:03.159+0000][7][gc          ] GC(134) Pause Young (Normal) (G1 Evacuation Pause) 416M->141M(512M) 2.530ms
[2023-11-16T05:43:03.159+0000][7][gc,cpu      ] GC(134) User=0.02s Sys=0.00s Real=0.00s
[2023-11-16T05:43:03.159+0000][7][safepoint   ] Safepoint "G1CollectForAllocation", Time since last: 1079576320 ns, Reaching safepoint: 23082 ns, At safepoint: 2612967 ns, Total: 2636049 ns
[2023-11-16T05:43:04.159+0000][7][safepoint   ] Safepoint "Cleanup", Time since last: 1000321473 ns, Reaching safepoint: 80323 ns, At safepoint: 7700 ns, Total: 88023 ns
[2023-11-16T05:43:05.159+0000][7][safepoint   ] Safepoint "Cleanup", Time since last: 1000175676 ns, Reaching safepoint: 104178 ns, At safepoint: 5800 ns, Total: 109978 ns
[2023-11-16T05:43:06.160+0000][7][safepoint   ] Safepoint "Cleanup", Time since last: 1000409961 ns, Reaching safepoint: 51258 ns, At safepoint: 4647 ns, Total: 55905 ns
[2023-11-16T05:43:08.160+0000][7][safepoint   ] Safepoint "Cleanup", Time since last: 2000297145 ns, Reaching safepoint: 61078 ns, At safepoint: 3949 ns, Total: 65027 ns
[2023-11-16T05:43:09.160+0000][7][safepoint   ] Safepoint "Cleanup", Time since last: 1000160014 ns, Reaching safepoint: 72366 ns, At safepoint: 4123 ns, Total: 76489 ns
[2023-11-16T05:43:10.199+0000][7][gc,start    ] GC(135) Pause Young (Normal) (G1 Evacuation Pause)
[2023-11-16T05:43:10.199+0000][7][gc,task     ] GC(135) Using 8 workers of 8 for evacuation
[2023-11-16T05:43:10.199+0000][7][gc,age      ] GC(135) Desired survivor size 18874368 bytes, new threshold 15 (max threshold 15)
[2023-11-16T05:43:10.203+0000][7][gc,age      ] GC(135) Age table with threshold 15 (max threshold 15)
[2023-11-16T05:43:10.203+0000][7][gc,age      ] GC(135) - age   1:    1755288 bytes,    1755288 total
[2023-11-16T05:43:10.203+0000][7][gc,age      ] GC(135) - age   2:     395464 bytes,    2150752 total
[2023-11-16T05:43:10.203+0000][7][gc,age      ] GC(135) - age   3:     218712 bytes,    2369464 total
[2023-11-16T05:43:10.203+0000][7][gc,age      ] GC(135) - age   4:     437728 bytes,    2807192 total
[2023-11-16T05:43:10.203+0000][7][gc,age      ] GC(135) - age   5:     243912 bytes,    3051104 total
[2023-11-16T05:43:10.203+0000][7][gc,age      ] GC(135) - age   6:     114456 bytes,    3165560 total
[2023-11-16T05:43:10.203+0000][7][gc,age      ] GC(135) - age   7:     177720 bytes,    3343280 total
[2023-11-16T05:43:10.203+0000][7][gc,age      ] GC(135) - age   8:     108128 bytes,    3451408 total
[2023-11-16T05:43:10.203+0000][7][gc,age      ] GC(135) - age   9:       1944 bytes,    3453352 total
[2023-11-16T05:43:10.203+0000][7][gc,age      ] GC(135) - age  10:       5056 bytes,    3458408 total
[2023-11-16T05:43:10.203+0000][7][gc,age      ] GC(135) - age  11:       1416 bytes,    3459824 total
[2023-11-16T05:43:10.203+0000][7][gc,age      ] GC(135) - age  12:        720 bytes,    3460544 total
[2023-11-16T05:43:10.203+0000][7][gc,age      ] GC(135) - age  14:        984 bytes,    3461528 total
[2023-11-16T05:43:10.203+0000][7][gc,age      ] GC(135) - age  15:     158904 bytes,    3620432 total
[2023-11-16T05:43:10.203+0000][7][gc,phases   ] GC(135)   Pre Evacuate Collection Set: 0.2ms
[2023-11-16T05:43:10.203+0000][7][gc,phases   ] GC(135)   Merge Heap Roots: 0.1ms
[2023-11-16T05:43:10.203+0000][7][gc,phases   ] GC(135)   Evacuate Collection Set: 3.1ms
[2023-11-16T05:43:10.203+0000][7][gc,phases   ] GC(135)   Post Evacuate Collection Set: 0.7ms
[2023-11-16T05:43:10.203+0000][7][gc,phases   ] GC(135)   Other: 0.5ms
[2023-11-16T05:43:10.203+0000][7][gc,heap     ] GC(135) Eden regions: 68->0(69)
[2023-11-16T05:43:10.203+0000][7][gc,heap     ] GC(135) Survivor regions: 2->1(9)
[2023-11-16T05:43:10.203+0000][7][gc,heap     ] GC(135) Old regions: 29->29
[2023-11-16T05:43:10.203+0000][7][gc,heap     ] GC(135) Archive regions: 2->2
[2023-11-16T05:43:10.203+0000][7][gc,heap     ] GC(135) Humongous regions: 5->5
[2023-11-16T05:43:10.203+0000][7][gc,metaspace] GC(135) Metaspace: 118787K(120512K)->118787K(120512K) NonClass: 102997K(104000K)->102997K(104000K) Class: 15790K(16512K)->15790K(16512K)
[2023-11-16T05:43:10.203+0000][7][gc          ] GC(135) Pause Young (Normal) (G1 Evacuation Pause) 413M->141M(512M) 4.512ms
[2023-11-16T05:43:10.203+0000][7][gc,cpu      ] GC(135) User=0.02s Sys=0.00s Real=0.01s
[2023-11-16T05:43:10.203+0000][7][safepoint   ] Safepoint "G1CollectForAllocation", Time since last: 1038124525 ns, Reaching safepoint: 66177 ns, At safepoint: 4690182 ns, Total: 4756359 ns
[2023-11-16T05:43:11.203+0000][7][safepoint   ] Safepoint "Cleanup", Time since last: 1000063334 ns, Reaching safepoint: 73654 ns, At safepoint: 13076 ns, Total: 86730 ns
[2023-11-16T05:43:14.204+0000][7][safepoint   ] Safepoint "Cleanup", Time since last: 3000814550 ns, Reaching safepoint: 35283 ns, At safepoint: 5922 ns, Total: 41205 ns
[2023-11-16T05:43:17.204+0000][7][safepoint   ] Safepoint "Cleanup", Time since last: 3000238811 ns, Reaching safepoint: 47943 ns, At safepoint: 12481 ns, Total: 60424 ns
[2023-11-16T05:43:19.205+0000][7][safepoint   ] Safepoint "Cleanup", Time since last: 2000301800 ns, Reaching safepoint: 87961 ns, At safepoint: 4687 ns, Total: 92648 ns
[2023-11-16T05:43:20.205+0000][7][safepoint   ] Safepoint "Cleanup", Time since last: 1000092050 ns, Reaching safepoint: 66529 ns, At safepoint: 5791 ns, Total: 72320 ns
[2023-11-16T05:43:21.205+0000][7][safepoint   ] Safepoint "Cleanup", Time since last: 1000141424 ns, Reaching safepoint: 116819 ns, At safepoint: 9401 ns, Total: 126220 ns
[2023-11-16T05:43:23.206+0000][7][safepoint   ] Safepoint "Cleanup", Time since last: 2000232444 ns, Reaching safepoint: 78976 ns, At safepoint: 13320 ns, Total: 92296 ns
[2023-11-16T05:43:24.206+0000][7][safepoint   ] Safepoint "Cleanup", Time since last: 1000114874 ns, Reaching safepoint: 51735 ns, At safepoint: 28297 ns, Total: 80032 ns
[2023-11-16T05:43:26.206+0000][7][safepoint   ] Safepoint "Cleanup", Time since last: 2000191671 ns, Reaching safepoint: 57789 ns, At safepoint: 6881 ns, Total: 64670 ns
[2023-11-16T05:43:26.985+0000][7][gc,start    ] GC(136) Pause Young (Normal) (G1 Evacuation Pause)
[2023-11-16T05:43:26.985+0000][7][gc,task     ] GC(136) Using 8 workers of 8 for evacuation
[2023-11-16T05:43:26.985+0000][7][gc,age      ] GC(136) Desired survivor size 18874368 bytes, new threshold 15 (max threshold 15)
[2023-11-16T05:43:26.993+0000][7][gc,age      ] GC(136) Age table with threshold 15 (max threshold 15)
[2023-11-16T05:43:26.993+0000][7][gc,age      ] GC(136) - age   1:    2241064 bytes,    2241064 total
[2023-11-16T05:43:26.993+0000][7][gc,age      ] GC(136) - age   2:     738928 bytes,    2979992 total
[2023-11-16T05:43:26.993+0000][7][gc,age      ] GC(136) - age   3:     150016 bytes,    3130008 total
[2023-11-16T05:43:26.993+0000][7][gc,age      ] GC(136) - age   4:       4400 bytes,    3134408 total
[2023-11-16T05:43:26.993+0000][7][gc,age      ] GC(136) - age   5:     130736 bytes,    3265144 total
[2023-11-16T05:43:26.993+0000][7][gc,age      ] GC(136) - age   6:     193832 bytes,    3458976 total
[2023-11-16T05:43:26.993+0000][7][gc,age      ] GC(136) - age   7:     113792 bytes,    3572768 total
[2023-11-16T05:43:26.993+0000][7][gc,age      ] GC(136) - age   8:     160184 bytes,    3732952 total
[2023-11-16T05:43:26.993+0000][7][gc,age      ] GC(136) - age   9:     107720 bytes,    3840672 total
[2023-11-16T05:43:26.993+0000][7][gc,age      ] GC(136) - age  10:       1696 bytes,    3842368 total
[2023-11-16T05:43:26.993+0000][7][gc,age      ] GC(136) - age  11:       4928 bytes,    3847296 total
[2023-11-16T05:43:26.993+0000][7][gc,age      ] GC(136) - age  12:       1416 bytes,    3848712 total
[2023-11-16T05:43:26.993+0000][7][gc,age      ] GC(136) - age  13:        720 bytes,    3849432 total
[2023-11-16T05:43:26.993+0000][7][gc,age      ] GC(136) - age  15:        928 bytes,    3850360 total
[2023-11-16T05:43:26.993+0000][7][gc,phases   ] GC(136)   Pre Evacuate Collection Set: 0.1ms
[2023-11-16T05:43:26.993+0000][7][gc,phases   ] GC(136)   Merge Heap Roots: 0.1ms
[2023-11-16T05:43:26.993+0000][7][gc,phases   ] GC(136)   Evacuate Collection Set: 6.9ms
[2023-11-16T05:43:26.993+0000][7][gc,phases   ] GC(136)   Post Evacuate Collection Set: 0.5ms
[2023-11-16T05:43:26.993+0000][7][gc,phases   ] GC(136)   Other: 0.2ms
[2023-11-16T05:43:26.993+0000][7][gc,heap     ] GC(136) Eden regions: 69->0(69)
[2023-11-16T05:43:26.993+0000][7][gc,heap     ] GC(136) Survivor regions: 1->1(9)
[2023-11-16T05:43:26.993+0000][7][gc,heap     ] GC(136) Old regions: 29->29
[2023-11-16T05:43:26.993+0000][7][gc,heap     ] GC(136) Archive regions: 2->2
[2023-11-16T05:43:26.993+0000][7][gc,heap     ] GC(136) Humongous regions: 5->5
[2023-11-16T05:43:26.993+0000][7][gc,metaspace] GC(136) Metaspace: 118787K(120512K)->118787K(120512K) NonClass: 102997K(104000K)->102997K(104000K) Class: 15790K(16512K)->15790K(16512K)
[2023-11-16T05:43:26.993+0000][7][gc          ] GC(136) Pause Young (Normal) (G1 Evacuation Pause) 417M->141M(512M) 7.781ms
[2023-11-16T05:43:26.993+0000][7][gc,cpu      ] GC(136) User=0.02s Sys=0.00s Real=0.01s
[2023-11-16T05:43:26.993+0000][7][safepoint   ] Safepoint "G1CollectForAllocation", Time since last: 779014249 ns, Reaching safepoint: 48033 ns, At safepoint: 7854813 ns, Total: 7902846 ns
[2023-11-16T05:43:28.993+0000][7][safepoint   ] Safepoint "Cleanup", Time since last: 2000145362 ns, Reaching safepoint: 75434 ns, At safepoint: 10520 ns, Total: 85954 ns
[2023-11-16T05:43:31.994+0000][7][safepoint   ] Safepoint "Cleanup", Time since last: 3000599101 ns, Reaching safepoint: 55757 ns, At safepoint: 4790 ns, Total: 60547 ns
[2023-11-16T05:43:33.994+0000][7][safepoint   ] Safepoint "Cleanup", Time since last: 2000148253 ns, Reaching safepoint: 55139 ns, At safepoint: 4976 ns, Total: 60115 ns
[2023-11-16T05:43:34.994+0000][7][safepoint   ] Safepoint "Cleanup", Time since last: 1000177412 ns, Reaching safepoint: 135984 ns, At safepoint: 32584 ns, Total: 168568 ns
[2023-11-16T05:43:36.995+0000][7][safepoint   ] Safepoint "Cleanup", Time since last: 2000143012 ns, Reaching safepoint: 82670 ns, At safepoint: 19218 ns, Total: 101888 ns
[2023-11-16T05:43:37.995+0000][7][safepoint   ] Safepoint "Cleanup", Time since last: 1000112248 ns, Reaching safepoint: 52123 ns, At safepoint: 3904 ns, Total: 56027 ns
[2023-11-16T05:43:38.995+0000][7][safepoint   ] Safepoint "Cleanup", Time since last: 1000088967 ns, Reaching safepoint: 80587 ns, At safepoint: 8356 ns, Total: 88943 ns
[2023-11-16T05:43:40.995+0000][7][safepoint   ] Safepoint "Cleanup", Time since last: 2000188064 ns, Reaching safepoint: 77805 ns, At safepoint: 5194 ns, Total: 82999 ns
[2023-11-16T05:43:41.440+0000][7][gc,start    ] GC(137) Pause Young (Normal) (G1 Evacuation Pause)
[2023-11-16T05:43:41.440+0000][7][gc,task     ] GC(137) Using 8 workers of 8 for evacuation
[2023-11-16T05:43:41.440+0000][7][gc,age      ] GC(137) Desired survivor size 18874368 bytes, new threshold 15 (max threshold 15)
[2023-11-16T05:43:41.443+0000][7][gc,age      ] GC(137) Age table with threshold 15 (max threshold 15)
[2023-11-16T05:43:41.443+0000][7][gc,age      ] GC(137) - age   1:    1970296 bytes,    1970296 total
[2023-11-16T05:43:41.443+0000][7][gc,age      ] GC(137) - age   2:     245704 bytes,    2216000 total
[2023-11-16T05:43:41.443+0000][7][gc,age      ] GC(137) - age   3:     735672 bytes,    2951672 total
[2023-11-16T05:43:41.443+0000][7][gc,age      ] GC(137) - age   4:     144736 bytes,    3096408 total
[2023-11-16T05:43:41.443+0000][7][gc,age      ] GC(137) - age   5:       4176 bytes,    3100584 total
[2023-11-16T05:43:41.443+0000][7][gc,age      ] GC(137) - age   6:     130288 bytes,    3230872 total
[2023-11-16T05:43:41.443+0000][7][gc,age      ] GC(137) - age   7:     193520 bytes,    3424392 total
[2023-11-16T05:43:41.443+0000][7][gc,age      ] GC(137) - age   8:     113352 bytes,    3537744 total
[2023-11-16T05:43:41.443+0000][7][gc,age      ] GC(137) - age   9:     145456 bytes,    3683200 total
[2023-11-16T05:43:41.443+0000][7][gc,age      ] GC(137) - age  10:       4840 bytes,    3688040 total
[2023-11-16T05:43:41.443+0000][7][gc,age      ] GC(137) - age  11:       1536 bytes,    3689576 total
[2023-11-16T05:43:41.443+0000][7][gc,age      ] GC(137) - age  12:       4800 bytes,    3694376 total
[2023-11-16T05:43:41.443+0000][7][gc,age      ] GC(137) - age  13:       1288 bytes,    3695664 total
[2023-11-16T05:43:41.443+0000][7][gc,age      ] GC(137) - age  14:        720 bytes,    3696384 total
[2023-11-16T05:43:41.443+0000][7][gc,phases   ] GC(137)   Pre Evacuate Collection Set: 0.1ms
[2023-11-16T05:43:41.443+0000][7][gc,phases   ] GC(137)   Merge Heap Roots: 0.0ms
[2023-11-16T05:43:41.443+0000][7][gc,phases   ] GC(137)   Evacuate Collection Set: 2.2ms
[2023-11-16T05:43:41.443+0000][7][gc,phases   ] GC(137)   Post Evacuate Collection Set: 0.8ms
[2023-11-16T05:43:41.443+0000][7][gc,phases   ] GC(137)   Other: 0.3ms
[2023-11-16T05:43:41.443+0000][7][gc,heap     ] GC(137) Eden regions: 69->0(69)
[2023-11-16T05:43:41.443+0000][7][gc,heap     ] GC(137) Survivor regions: 1->1(9)
[2023-11-16T05:43:41.443+0000][7][gc,heap     ] GC(137) Old regions: 29->29
[2023-11-16T05:43:41.443+0000][7][gc,heap     ] GC(137) Archive regions: 2->2
[2023-11-16T05:43:41.443+0000][7][gc,heap     ] GC(137) Humongous regions: 5->5
[2023-11-16T05:43:41.443+0000][7][gc,metaspace] GC(137) Metaspace: 118793K(120512K)->118793K(120512K) NonClass: 103003K(104000K)->103003K(104000K) Class: 15790K(16512K)->15790K(16512K)
[2023-11-16T05:43:41.443+0000][7][gc          ] GC(137) Pause Young (Normal) (G1 Evacuation Pause) 417M->141M(512M) 3.441ms
[2023-11-16T05:43:41.444+0000][7][gc,cpu      ] GC(137) User=0.02s Sys=0.00s Real=0.00s
[2023-11-16T05:43:41.444+0000][7][safepoint   ] Safepoint "G1CollectForAllocation", Time since last: 444594840 ns, Reaching safepoint: 81171 ns, At safepoint: 3529122 ns, Total: 3610293 ns
[2023-11-16T05:43:43.444+0000][7][safepoint   ] Safepoint "Cleanup", Time since last: 2000369262 ns, Reaching safepoint: 64950 ns, At safepoint: 6662 ns, Total: 71612 ns
[2023-11-16T05:43:44.444+0000][7][safepoint   ] Safepoint "Cleanup", Time since last: 1000134880 ns, Reaching safepoint: 53925 ns, At safepoint: 4833 ns, Total: 58758 ns
[2023-11-16T05:43:47.303+0000][7][gc,start    ] GC(138) Pause Young (Normal) (G1 Evacuation Pause)
[2023-11-16T05:43:47.303+0000][7][gc,task     ] GC(138) Using 8 workers of 8 for evacuation
[2023-11-16T05:43:47.303+0000][7][gc,age      ] GC(138) Desired survivor size 18874368 bytes, new threshold 15 (max threshold 15)
[2023-11-16T05:43:47.307+0000][7][gc,age      ] GC(138) Age table with threshold 15 (max threshold 15)
[2023-11-16T05:43:47.307+0000][7][gc,age      ] GC(138) - age   1:    2508696 bytes,    2508696 total
[2023-11-16T05:43:47.307+0000][7][gc,age      ] GC(138) - age   2:     734952 bytes,    3243648 total
[2023-11-16T05:43:47.307+0000][7][gc,age      ] GC(138) - age   3:     144848 bytes,    3388496 total
[2023-11-16T05:43:47.307+0000][7][gc,age      ] GC(138) - age   4:     145104 bytes,    3533600 total
[2023-11-16T05:43:47.307+0000][7][gc,age      ] GC(138) - age   5:     143328 bytes,    3676928 total
[2023-11-16T05:43:47.307+0000][7][gc,age      ] GC(138) - age   6:       4176 bytes,    3681104 total
[2023-11-16T05:43:47.307+0000][7][gc,age      ] GC(138) - age   7:     130032 bytes,    3811136 total
[2023-11-16T05:43:47.307+0000][7][gc,age      ] GC(138) - age   8:     193176 bytes,    4004312 total
[2023-11-16T05:43:47.307+0000][7][gc,age      ] GC(138) - age   9:      99240 bytes,    4103552 total
[2023-11-16T05:43:47.307+0000][7][gc,age      ] GC(138) - age  10:       1872 bytes,    4105424 total
[2023-11-16T05:43:47.307+0000][7][gc,age      ] GC(138) - age  11:       4744 bytes,    4110168 total
[2023-11-16T05:43:47.307+0000][7][gc,age      ] GC(138) - age  12:       1536 bytes,    4111704 total
[2023-11-16T05:43:47.307+0000][7][gc,age      ] GC(138) - age  13:       4800 bytes,    4116504 total
[2023-11-16T05:43:47.307+0000][7][gc,age      ] GC(138) - age  14:       1288 bytes,    4117792 total
[2023-11-16T05:43:47.307+0000][7][gc,age      ] GC(138) - age  15:        720 bytes,    4118512 total
[2023-11-16T05:43:47.307+0000][7][gc,phases   ] GC(138)   Pre Evacuate Collection Set: 0.1ms
[2023-11-16T05:43:47.307+0000][7][gc,phases   ] GC(138)   Merge Heap Roots: 0.0ms
[2023-11-16T05:43:47.307+0000][7][gc,phases   ] GC(138)   Evacuate Collection Set: 2.7ms
[2023-11-16T05:43:47.307+0000][7][gc,phases   ] GC(138)   Post Evacuate Collection Set: 0.6ms
[2023-11-16T05:43:47.307+0000][7][gc,phases   ] GC(138)   Other: 0.3ms
[2023-11-16T05:43:47.307+0000][7][gc,heap     ] GC(138) Eden regions: 69->0(68)
[2023-11-16T05:43:47.307+0000][7][gc,heap     ] GC(138) Survivor regions: 1->2(9)
[2023-11-16T05:43:47.307+0000][7][gc,heap     ] GC(138) Old regions: 29->29
[2023-11-16T05:43:47.307+0000][7][gc,heap     ] GC(138) Archive regions: 2->2
[2023-11-16T05:43:47.307+0000][7][gc,heap     ] GC(138) Humongous regions: 5->5
[2023-11-16T05:43:47.307+0000][7][gc,metaspace] GC(138) Metaspace: 118793K(120512K)->118793K(120512K) NonClass: 103003K(104000K)->103003K(104000K) Class: 15790K(16512K)->15790K(16512K)
[2023-11-16T05:43:47.307+0000][7][gc          ] GC(138) Pause Young (Normal) (G1 Evacuation Pause) 417M->141M(512M) 3.737ms
[2023-11-16T05:43:47.307+0000][7][gc,cpu      ] GC(138) User=0.01s Sys=0.00s Real=0.00s
[2023-11-16T05:43:47.307+0000][7][safepoint   ] Safepoint "G1CollectForAllocation", Time since last: 2858926834 ns, Reaching safepoint: 70088 ns, At safepoint: 3817827 ns, Total: 3887915 ns
[2023-11-16T05:43:48.307+0000][7][safepoint   ] Safepoint "Cleanup", Time since last: 1000080857 ns, Reaching safepoint: 66839 ns, At safepoint: 6737 ns, Total: 73576 ns
[2023-11-16T05:43:49.307+0000][7][safepoint   ] Safepoint "Cleanup", Time since last: 1000116123 ns, Reaching safepoint: 68083 ns, At safepoint: 8143 ns, Total: 76226 ns
[2023-11-16T05:43:50.308+0000][7][safepoint   ] Safepoint "Cleanup", Time since last: 1000123074 ns, Reaching safepoint: 35673 ns, At safepoint: 36860 ns, Total: 72533 ns
[2023-11-16T05:43:51.308+0000][7][safepoint   ] Safepoint "Cleanup", Time since last: 1000117054 ns, Reaching safepoint: 54359 ns, At safepoint: 6038 ns, Total: 60397 ns
[2023-11-16T05:43:52.308+0000][7][safepoint   ] Safepoint "Cleanup", Time since last: 1000087634 ns, Reaching safepoint: 51830 ns, At safepoint: 8346 ns, Total: 60176 ns
[2023-11-16T05:43:53.308+0000][7][safepoint   ] Safepoint "Cleanup", Time since last: 1000159470 ns, Reaching safepoint: 42537 ns, At safepoint: 22118 ns, Total: 64655 ns
[2023-11-16T05:43:53.363+0000][7][gc,start    ] GC(139) Pause Young (Normal) (G1 Evacuation Pause)
[2023-11-16T05:43:53.363+0000][7][gc,task     ] GC(139) Using 8 workers of 8 for evacuation
[2023-11-16T05:43:53.363+0000][7][gc,age      ] GC(139) Desired survivor size 18874368 bytes, new threshold 15 (max threshold 15)
[2023-11-16T05:43:53.366+0000][7][gc,age      ] GC(139) Age table with threshold 15 (max threshold 15)
[2023-11-16T05:43:53.366+0000][7][gc,age      ] GC(139) - age   1:     849832 bytes,     849832 total
[2023-11-16T05:43:53.366+0000][7][gc,age      ] GC(139) - age   2:     215496 bytes,    1065328 total
[2023-11-16T05:43:53.366+0000][7][gc,age      ] GC(139) - age   3:      41536 bytes,    1106864 total
[2023-11-16T05:43:53.366+0000][7][gc,age      ] GC(139) - age   4:     144528 bytes,    1251392 total
[2023-11-16T05:43:53.366+0000][7][gc,age      ] GC(139) - age   5:     144224 bytes,    1395616 total
[2023-11-16T05:43:53.366+0000][7][gc,age      ] GC(139) - age   6:     143296 bytes,    1538912 total
[2023-11-16T05:43:53.366+0000][7][gc,age      ] GC(139) - age   7:       3384 bytes,    1542296 total
[2023-11-16T05:43:53.366+0000][7][gc,age      ] GC(139) - age   8:        464 bytes,    1542760 total
[2023-11-16T05:43:53.366+0000][7][gc,age      ] GC(139) - age   9:     193176 bytes,    1735936 total
[2023-11-16T05:43:53.367+0000][7][gc,age      ] GC(139) - age  10:      99176 bytes,    1835112 total
[2023-11-16T05:43:53.367+0000][7][gc,age      ] GC(139) - age  11:       1776 bytes,    1836888 total
[2023-11-16T05:43:53.367+0000][7][gc,age      ] GC(139) - age  12:       4744 bytes,    1841632 total
[2023-11-16T05:43:53.367+0000][7][gc,age      ] GC(139) - age  13:       1472 bytes,    1843104 total
[2023-11-16T05:43:53.367+0000][7][gc,age      ] GC(139) - age  14:       4736 bytes,    1847840 total
[2023-11-16T05:43:53.367+0000][7][gc,age      ] GC(139) - age  15:       1288 bytes,    1849128 total
[2023-11-16T05:43:53.367+0000][7][gc,phases   ] GC(139)   Pre Evacuate Collection Set: 0.1ms
[2023-11-16T05:43:53.367+0000][7][gc,phases   ] GC(139)   Merge Heap Roots: 0.0ms
[2023-11-16T05:43:53.367+0000][7][gc,phases   ] GC(139)   Evacuate Collection Set: 2.3ms
[2023-11-16T05:43:53.367+0000][7][gc,phases   ] GC(139)   Post Evacuate Collection Set: 0.8ms
[2023-11-16T05:43:53.367+0000][7][gc,phases   ] GC(139)   Other: 0.4ms
[2023-11-16T05:43:53.367+0000][7][gc,heap     ] GC(139) Eden regions: 68->0(69)
[2023-11-16T05:43:53.367+0000][7][gc,heap     ] GC(139) Survivor regions: 2->1(9)
[2023-11-16T05:43:53.367+0000][7][gc,heap     ] GC(139) Old regions: 29->29
[2023-11-16T05:43:53.367+0000][7][gc,heap     ] GC(139) Archive regions: 2->2
[2023-11-16T05:43:53.367+0000][7][gc,heap     ] GC(139) Humongous regions: 5->5
[2023-11-16T05:43:53.367+0000][7][gc,metaspace] GC(139) Metaspace: 118793K(120512K)->118793K(120512K) NonClass: 103003K(104000K)->103003K(104000K) Class: 15790K(16512K)->15790K(16512K)
[2023-11-16T05:43:53.367+0000][7][gc          ] GC(139) Pause Young (Normal) (G1 Evacuation Pause) 413M->139M(512M) 3.794ms
[2023-11-16T05:43:53.367+0000][7][gc,cpu      ] GC(139) User=0.01s Sys=0.01s Real=0.00s
[2023-11-16T05:43:53.367+0000][7][safepoint   ] Safepoint "G1CollectForAllocation", Time since last: 54891505 ns, Reaching safepoint: 48864 ns, At safepoint: 3922748 ns, Total: 3971612 ns
[2023-11-16T05:43:54.367+0000][7][safepoint   ] Safepoint "Cleanup", Time since last: 1000105537 ns, Reaching safepoint: 108102 ns, At safepoint: 10894 ns, Total: 118996 ns
[2023-11-16T05:43:56.368+0000][7][safepoint   ] Safepoint "Cleanup", Time since last: 2000334729 ns, Reaching safepoint: 105804 ns, At safepoint: 7707 ns, Total: 113511 ns
[2023-11-16T05:43:59.368+0000][7][safepoint   ] Safepoint "Cleanup", Time since last: 3000305696 ns, Reaching safepoint: 34867 ns, At safepoint: 27817 ns, Total: 62684 ns
[2023-11-16T05:44:00.552+0000][7][gc,start    ] GC(140) Pause Young (Normal) (G1 Evacuation Pause)
[2023-11-16T05:44:00.552+0000][7][gc,task     ] GC(140) Using 8 workers of 8 for evacuation
[2023-11-16T05:44:00.552+0000][7][gc,age      ] GC(140) Desired survivor size 18874368 bytes, new threshold 15 (max threshold 15)
[2023-11-16T05:44:00.554+0000][7][gc,age      ] GC(140) Age table with threshold 15 (max threshold 15)
[2023-11-16T05:44:00.554+0000][7][gc,age      ] GC(140) - age   1:    1862968 bytes,    1862968 total
[2023-11-16T05:44:00.554+0000][7][gc,age      ] GC(140) - age   2:     690384 bytes,    2553352 total
[2023-11-16T05:44:00.554+0000][7][gc,age      ] GC(140) - age   3:     212704 bytes,    2766056 total
[2023-11-16T05:44:00.554+0000][7][gc,age      ] GC(140) - age   4:      36056 bytes,    2802112 total
[2023-11-16T05:44:00.554+0000][7][gc,age      ] GC(140) - age   5:     133984 bytes,    2936096 total
[2023-11-16T05:44:00.554+0000][7][gc,age      ] GC(140) - age   6:     144032 bytes,    3080128 total
[2023-11-16T05:44:00.554+0000][7][gc,age      ] GC(140) - age   7:     143296 bytes,    3223424 total
[2023-11-16T05:44:00.554+0000][7][gc,age      ] GC(140) - age   8:       3320 bytes,    3226744 total
[2023-11-16T05:44:00.554+0000][7][gc,age      ] GC(140) - age   9:        368 bytes,    3227112 total
[2023-11-16T05:44:00.554+0000][7][gc,age      ] GC(140) - age  10:     193176 bytes,    3420288 total
[2023-11-16T05:44:00.554+0000][7][gc,age      ] GC(140) - age  11:      99176 bytes,    3519464 total
[2023-11-16T05:44:00.554+0000][7][gc,age      ] GC(140) - age  12:       1776 bytes,    3521240 total
[2023-11-16T05:44:00.554+0000][7][gc,age      ] GC(140) - age  13:       4744 bytes,    3525984 total
[2023-11-16T05:44:00.554+0000][7][gc,age      ] GC(140) - age  14:       1472 bytes,    3527456 total
[2023-11-16T05:44:00.554+0000][7][gc,age      ] GC(140) - age  15:       4736 bytes,    3532192 total
[2023-11-16T05:44:00.554+0000][7][gc,phases   ] GC(140)   Pre Evacuate Collection Set: 0.1ms
[2023-11-16T05:44:00.554+0000][7][gc,phases   ] GC(140)   Merge Heap Roots: 0.0ms
[2023-11-16T05:44:00.554+0000][7][gc,phases   ] GC(140)   Evacuate Collection Set: 1.5ms
[2023-11-16T05:44:00.554+0000][7][gc,phases   ] GC(140)   Post Evacuate Collection Set: 0.5ms
[2023-11-16T05:44:00.554+0000][7][gc,phases   ] GC(140)   Other: 0.3ms
[2023-11-16T05:44:00.554+0000][7][gc,heap     ] GC(140) Eden regions: 69->0(69)
[2023-11-16T05:44:00.554+0000][7][gc,heap     ] GC(140) Survivor regions: 1->1(9)
[2023-11-16T05:44:00.554+0000][7][gc,heap     ] GC(140) Old regions: 29->29
[2023-11-16T05:44:00.554+0000][7][gc,heap     ] GC(140) Archive regions: 2->2
[2023-11-16T05:44:00.554+0000][7][gc,heap     ] GC(140) Humongous regions: 5->5
[2023-11-16T05:44:00.554+0000][7][gc,metaspace] GC(140) Metaspace: 118794K(120512K)->118794K(120512K) NonClass: 103004K(104000K)->103004K(104000K) Class: 15790K(16512K)->15790K(16512K)
[2023-11-16T05:44:00.554+0000][7][gc          ] GC(140) Pause Young (Normal) (G1 Evacuation Pause) 415M->141M(512M) 2.448ms
[2023-11-16T05:44:00.554+0000][7][gc,cpu      ] GC(140) User=0.02s Sys=0.00s Real=0.00s
[2023-11-16T05:44:00.554+0000][7][safepoint   ] Safepoint "G1CollectForAllocation", Time since last: 1183863502 ns, Reaching safepoint: 45241 ns, At safepoint: 2550445 ns, Total: 2595686 ns
[2023-11-16T05:44:01.555+0000][7][safepoint   ] Safepoint "Cleanup", Time since last: 1000118937 ns, Reaching safepoint: 66656 ns, At safepoint: 7259 ns, Total: 73915 ns
[2023-11-16T05:44:02.555+0000][7][safepoint   ] Safepoint "Cleanup", Time since last: 1000316314 ns, Reaching safepoint: 72981 ns, At safepoint: 10048 ns, Total: 83029 ns
[2023-11-16T05:44:04.555+0000][7][safepoint   ] Safepoint "Cleanup", Time since last: 2000214131 ns, Reaching safepoint: 57370 ns, At safepoint: 5503 ns, Total: 62873 ns
[2023-11-16T05:44:05.555+0000][7][safepoint   ] Safepoint "Cleanup", Time since last: 1000123852 ns, Reaching safepoint: 42616 ns, At safepoint: 5984 ns, Total: 48600 ns
[2023-11-16T05:44:06.556+0000][7][safepoint   ] Safepoint "Cleanup", Time since last: 1000087868 ns, Reaching safepoint: 131821 ns, At safepoint: 6335 ns, Total: 138156 ns
[2023-11-16T05:44:07.535+0000][7][gc,start    ] GC(141) Pause Young (Normal) (G1 Evacuation Pause)
[2023-11-16T05:44:07.535+0000][7][gc,task     ] GC(141) Using 8 workers of 8 for evacuation
[2023-11-16T05:44:07.535+0000][7][gc,age      ] GC(141) Desired survivor size 18874368 bytes, new threshold 15 (max threshold 15)
[2023-11-16T05:44:07.538+0000][7][gc,age      ] GC(141) Age table with threshold 15 (max threshold 15)
[2023-11-16T05:44:07.538+0000][7][gc,age      ] GC(141) - age   1:    1927656 bytes,    1927656 total
[2023-11-16T05:44:07.538+0000][7][gc,age      ] GC(141) - age   2:     264304 bytes,    2191960 total
[2023-11-16T05:44:07.538+0000][7][gc,age      ] GC(141) - age   3:     492120 bytes,    2684080 total
[2023-11-16T05:44:07.538+0000][7][gc,age      ] GC(141) - age   4:     211544 bytes,    2895624 total
[2023-11-16T05:44:07.538+0000][7][gc,age      ] GC(141) - age   5:      35424 bytes,    2931048 total
[2023-11-16T05:44:07.538+0000][7][gc,age      ] GC(141) - age   6:     133800 bytes,    3064848 total
[2023-11-16T05:44:07.538+0000][7][gc,age      ] GC(141) - age   7:     144000 bytes,    3208848 total
[2023-11-16T05:44:07.538+0000][7][gc,age      ] GC(141) - age   8:     143296 bytes,    3352144 total
[2023-11-16T05:44:07.538+0000][7][gc,age      ] GC(141) - age   9:       3256 bytes,    3355400 total
[2023-11-16T05:44:07.538+0000][7][gc,age      ] GC(141) - age  10:        368 bytes,    3355768 total
[2023-11-16T05:44:07.538+0000][7][gc,age      ] GC(141) - age  11:     193176 bytes,    3548944 total
[2023-11-16T05:44:07.538+0000][7][gc,age      ] GC(141) - age  12:      99176 bytes,    3648120 total
[2023-11-16T05:44:07.538+0000][7][gc,age      ] GC(141) - age  13:       1776 bytes,    3649896 total
[2023-11-16T05:44:07.538+0000][7][gc,age      ] GC(141) - age  14:       4744 bytes,    3654640 total
[2023-11-16T05:44:07.538+0000][7][gc,age      ] GC(141) - age  15:       1472 bytes,    3656112 total
[2023-11-16T05:44:07.538+0000][7][gc,phases   ] GC(141)   Pre Evacuate Collection Set: 0.1ms
[2023-11-16T05:44:07.538+0000][7][gc,phases   ] GC(141)   Merge Heap Roots: 0.0ms
[2023-11-16T05:44:07.538+0000][7][gc,phases   ] GC(141)   Evacuate Collection Set: 1.7ms
[2023-11-16T05:44:07.538+0000][7][gc,phases   ] GC(141)   Post Evacuate Collection Set: 0.5ms
[2023-11-16T05:44:07.538+0000][7][gc,phases   ] GC(141)   Other: 0.2ms
[2023-11-16T05:44:07.538+0000][7][gc,heap     ] GC(141) Eden regions: 69->0(69)
[2023-11-16T05:44:07.538+0000][7][gc,heap     ] GC(141) Survivor regions: 1->1(9)
[2023-11-16T05:44:07.538+0000][7][gc,heap     ] GC(141) Old regions: 29->29
[2023-11-16T05:44:07.538+0000][7][gc,heap     ] GC(141) Archive regions: 2->2
[2023-11-16T05:44:07.538+0000][7][gc,heap     ] GC(141) Humongous regions: 5->5
[2023-11-16T05:44:07.538+0000][7][gc,metaspace] GC(141) Metaspace: 118798K(120512K)->118798K(120512K) NonClass: 103008K(104000K)->103008K(104000K) Class: 15790K(16512K)->15790K(16512K)
[2023-11-16T05:44:07.538+0000][7][gc          ] GC(141) Pause Young (Normal) (G1 Evacuation Pause) 417M->141M(512M) 2.671ms
[2023-11-16T05:44:07.538+0000][7][gc,cpu      ] GC(141) User=0.02s Sys=0.00s Real=0.00s
[2023-11-16T05:44:07.538+0000][7][safepoint   ] Safepoint "G1CollectForAllocation", Time since last: 979444438 ns, Reaching safepoint: 65527 ns, At safepoint: 2726633 ns, Total: 2792160 ns
[2023-11-16T05:44:08.538+0000][7][safepoint   ] Safepoint "Cleanup", Time since last: 1000103328 ns, Reaching safepoint: 67973 ns, At safepoint: 7351 ns, Total: 75324 ns
[2023-11-16T05:44:09.538+0000][7][safepoint   ] Safepoint "Cleanup", Time since last: 1000126660 ns, Reaching safepoint: 172946 ns, At safepoint: 10432 ns, Total: 183378 ns
[2023-11-16T05:44:10.539+0000][7][safepoint   ] Safepoint "Cleanup", Time since last: 1000093981 ns, Reaching safepoint: 88645 ns, At safepoint: 6979 ns, Total: 95624 ns
[2023-11-16T05:44:11.539+0000][7][safepoint   ] Safepoint "Cleanup", Time since last: 1000169478 ns, Reaching safepoint: 69829 ns, At safepoint: 23448 ns, Total: 93277 ns
[2023-11-16T05:44:13.531+0000][7][gc,start    ] GC(142) Pause Young (Normal) (G1 Evacuation Pause)
[2023-11-16T05:44:13.531+0000][7][gc,task     ] GC(142) Using 8 workers of 8 for evacuation
[2023-11-16T05:44:13.531+0000][7][gc,age      ] GC(142) Desired survivor size 18874368 bytes, new threshold 15 (max threshold 15)
[2023-11-16T05:44:13.533+0000][7][gc,age      ] GC(142) Age table with threshold 15 (max threshold 15)
[2023-11-16T05:44:13.533+0000][7][gc,age      ] GC(142) - age   1:    1165480 bytes,    1165480 total
[2023-11-16T05:44:13.533+0000][7][gc,age      ] GC(142) - age   2:     173792 bytes,    1339272 total
[2023-11-16T05:44:13.533+0000][7][gc,age      ] GC(142) - age   3:      23360 bytes,    1362632 total
[2023-11-16T05:44:13.533+0000][7][gc,age      ] GC(142) - age   4:     129120 bytes,    1491752 total
[2023-11-16T05:44:13.533+0000][7][gc,age      ] GC(142) - age   5:     163448 bytes,    1655200 total
[2023-11-16T05:44:13.533+0000][7][gc,age      ] GC(142) - age   6:      35128 bytes,    1690328 total
[2023-11-16T05:44:13.533+0000][7][gc,age      ] GC(142) - age   7:     133608 bytes,    1823936 total
[2023-11-16T05:44:13.533+0000][7][gc,age      ] GC(142) - age   8:     143936 bytes,    1967872 total
[2023-11-16T05:44:13.533+0000][7][gc,age      ] GC(142) - age   9:     143240 bytes,    2111112 total
[2023-11-16T05:44:13.533+0000][7][gc,age      ] GC(142) - age  10:       3192 bytes,    2114304 total
[2023-11-16T05:44:13.533+0000][7][gc,age      ] GC(142) - age  11:        224 bytes,    2114528 total
[2023-11-16T05:44:13.533+0000][7][gc,age      ] GC(142) - age  12:      33424 bytes,    2147952 total
[2023-11-16T05:44:13.533+0000][7][gc,age      ] GC(142) - age  13:      99176 bytes,    2247128 total
[2023-11-16T05:44:13.533+0000][7][gc,age      ] GC(142) - age  14:       1712 bytes,    2248840 total
[2023-11-16T05:44:13.533+0000][7][gc,age      ] GC(142) - age  15:       4744 bytes,    2253584 total
[2023-11-16T05:44:13.533+0000][7][gc,phases   ] GC(142)   Pre Evacuate Collection Set: 0.1ms
[2023-11-16T05:44:13.533+0000][7][gc,phases   ] GC(142)   Merge Heap Roots: 0.0ms
[2023-11-16T05:44:13.533+0000][7][gc,phases   ] GC(142)   Evacuate Collection Set: 1.2ms
[2023-11-16T05:44:13.533+0000][7][gc,phases   ] GC(142)   Post Evacuate Collection Set: 0.5ms
[2023-11-16T05:44:13.533+0000][7][gc,phases   ] GC(142)   Other: 0.3ms
[2023-11-16T05:44:13.533+0000][7][gc,heap     ] GC(142) Eden regions: 69->0(69)
[2023-11-16T05:44:13.533+0000][7][gc,heap     ] GC(142) Survivor regions: 1->1(9)
[2023-11-16T05:44:13.533+0000][7][gc,heap     ] GC(142) Old regions: 29->29
[2023-11-16T05:44:13.533+0000][7][gc,heap     ] GC(142) Archive regions: 2->2
[2023-11-16T05:44:13.533+0000][7][gc,heap     ] GC(142) Humongous regions: 5->5
[2023-11-16T05:44:13.533+0000][7][gc,metaspace] GC(142) Metaspace: 118809K(120512K)->118809K(120512K) NonClass: 103018K(104000K)->103018K(104000K) Class: 15790K(16512K)->15790K(16512K)
[2023-11-16T05:44:13.533+0000][7][gc          ] GC(142) Pause Young (Normal) (G1 Evacuation Pause) 417M->140M(512M) 2.060ms
[2023-11-16T05:44:13.533+0000][7][gc,cpu      ] GC(142) User=0.01s Sys=0.00s Real=0.00s
[2023-11-16T05:44:13.533+0000][7][safepoint   ] Safepoint "G1CollectForAllocation", Time since last: 1991965631 ns, Reaching safepoint: 78040 ns, At safepoint: 2152099 ns, Total: 2230139 ns
[2023-11-16T05:44:14.533+0000][7][safepoint   ] Safepoint "Cleanup", Time since last: 1000107105 ns, Reaching safepoint: 35599 ns, At safepoint: 6240 ns, Total: 41839 ns
[2023-11-16T05:44:18.535+0000][7][safepoint   ] Safepoint "Cleanup", Time since last: 4001195831 ns, Reaching safepoint: 73087 ns, At safepoint: 4600 ns, Total: 77687 ns
[2023-11-16T05:44:18.722+0000][7][gc,start    ] GC(143) Pause Young (Normal) (G1 Evacuation Pause)
[2023-11-16T05:44:18.722+0000][7][gc,task     ] GC(143) Using 8 workers of 8 for evacuation
[2023-11-16T05:44:18.722+0000][7][gc,age      ] GC(143) Desired survivor size 18874368 bytes, new threshold 15 (max threshold 15)
[2023-11-16T05:44:18.725+0000][7][gc,age      ] GC(143) Age table with threshold 15 (max threshold 15)
[2023-11-16T05:44:18.725+0000][7][gc,age      ] GC(143) - age   1:    2229608 bytes,    2229608 total
[2023-11-16T05:44:18.725+0000][7][gc,age      ] GC(143) - age   2:     546632 bytes,    2776240 total
[2023-11-16T05:44:18.725+0000][7][gc,age      ] GC(143) - age   3:     171040 bytes,    2947280 total
[2023-11-16T05:44:18.725+0000][7][gc,age      ] GC(143) - age   4:      22168 bytes,    2969448 total
[2023-11-16T05:44:18.725+0000][7][gc,age      ] GC(143) - age   5:     128928 bytes,    3098376 total
[2023-11-16T05:44:18.725+0000][7][gc,age      ] GC(143) - age   6:     163416 bytes,    3261792 total
[2023-11-16T05:44:18.725+0000][7][gc,age      ] GC(143) - age   7:      34904 bytes,    3296696 total
[2023-11-16T05:44:18.725+0000][7][gc,age      ] GC(143) - age   8:     118280 bytes,    3414976 total
[2023-11-16T05:44:18.725+0000][7][gc,age      ] GC(143) - age   9:     143936 bytes,    3558912 total
[2023-11-16T05:44:18.725+0000][7][gc,age      ] GC(143) - age  10:     143240 bytes,    3702152 total
[2023-11-16T05:44:18.725+0000][7][gc,age      ] GC(143) - age  11:       2936 bytes,    3705088 total
[2023-11-16T05:44:18.725+0000][7][gc,age      ] GC(143) - age  12:        160 bytes,    3705248 total
[2023-11-16T05:44:18.725+0000][7][gc,age      ] GC(143) - age  13:      33424 bytes,    3738672 total
[2023-11-16T05:44:18.725+0000][7][gc,age      ] GC(143) - age  14:      99176 bytes,    3837848 total
[2023-11-16T05:44:18.725+0000][7][gc,age      ] GC(143) - age  15:       1712 bytes,    3839560 total
[2023-11-16T05:44:18.725+0000][7][gc,phases   ] GC(143)   Pre Evacuate Collection Set: 0.1ms
[2023-11-16T05:44:18.725+0000][7][gc,phases   ] GC(143)   Merge Heap Roots: 0.0ms
[2023-11-16T05:44:18.725+0000][7][gc,phases   ] GC(143)   Evacuate Collection Set: 1.8ms
[2023-11-16T05:44:18.725+0000][7][gc,phases   ] GC(143)   Post Evacuate Collection Set: 0.7ms
[2023-11-16T05:44:18.725+0000][7][gc,phases   ] GC(143)   Other: 0.3ms
[2023-11-16T05:44:18.725+0000][7][gc,heap     ] GC(143) Eden regions: 69->0(69)
[2023-11-16T05:44:18.725+0000][7][gc,heap     ] GC(143) Survivor regions: 1->1(9)
[2023-11-16T05:44:18.725+0000][7][gc,heap     ] GC(143) Old regions: 29->29
[2023-11-16T05:44:18.725+0000][7][gc,heap     ] GC(143) Archive regions: 2->2
[2023-11-16T05:44:18.725+0000][7][gc,heap     ] GC(143) Humongous regions: 5->5
[2023-11-16T05:44:18.725+0000][7][gc,metaspace] GC(143) Metaspace: 118819K(120512K)->118819K(120512K) NonClass: 103028K(104000K)->103028K(104000K) Class: 15790K(16512K)->15790K(16512K)
[2023-11-16T05:44:18.725+0000][7][gc          ] GC(143) Pause Young (Normal) (G1 Evacuation Pause) 416M->141M(512M) 2.982ms
[2023-11-16T05:44:18.725+0000][7][gc,cpu      ] GC(143) User=0.01s Sys=0.01s Real=0.00s
[2023-11-16T05:44:18.725+0000][7][safepoint   ] Safepoint "G1CollectForAllocation", Time since last: 187638311 ns, Reaching safepoint: 29600 ns, At safepoint: 3076265 ns, Total: 3105865 ns
[2023-11-16T05:44:23.726+0000][7][safepoint   ] Safepoint "Cleanup", Time since last: 5000417672 ns, Reaching safepoint: 50728 ns, At safepoint: 4311 ns, Total: 55039 ns
[2023-11-16T05:44:24.726+0000][7][safepoint   ] Safepoint "Cleanup", Time since last: 1000089234 ns, Reaching safepoint: 46154 ns, At safepoint: 3933 ns, Total: 50087 ns
[2023-11-16T05:44:26.653+0000][7][gc,start    ] GC(144) Pause Young (Normal) (G1 Evacuation Pause)
[2023-11-16T05:44:26.653+0000][7][gc,task     ] GC(144) Using 8 workers of 8 for evacuation
[2023-11-16T05:44:26.653+0000][7][gc,age      ] GC(144) Desired survivor size 18874368 bytes, new threshold 15 (max threshold 15)
[2023-11-16T05:44:26.655+0000][7][gc,age      ] GC(144) Age table with threshold 15 (max threshold 15)
[2023-11-16T05:44:26.655+0000][7][gc,age      ] GC(144) - age   1:    2492448 bytes,    2492448 total
[2023-11-16T05:44:26.655+0000][7][gc,age      ] GC(144) - age   2:     553688 bytes,    3046136 total
[2023-11-16T05:44:26.655+0000][7][gc,age      ] GC(144) - age   3:     248944 bytes,    3295080 total
[2023-11-16T05:44:26.655+0000][7][gc,age      ] GC(144) - age   4:     170688 bytes,    3465768 total
[2023-11-16T05:44:26.655+0000][7][gc,age      ] GC(144) - age   5:      11032 bytes,    3476800 total
[2023-11-16T05:44:26.655+0000][7][gc,age      ] GC(144) - age   6:     128744 bytes,    3605544 total
[2023-11-16T05:44:26.655+0000][7][gc,age      ] GC(144) - age   7:     163224 bytes,    3768768 total
[2023-11-16T05:44:26.655+0000][7][gc,age      ] GC(144) - age   8:      34616 bytes,    3803384 total
[2023-11-16T05:44:26.655+0000][7][gc,age      ] GC(144) - age   9:     117824 bytes,    3921208 total
[2023-11-16T05:44:26.655+0000][7][gc,age      ] GC(144) - age  10:     143936 bytes,    4065144 total
[2023-11-16T05:44:26.655+0000][7][gc,age      ] GC(144) - age  11:       1600 bytes,    4066744 total
[2023-11-16T05:44:26.655+0000][7][gc,age      ] GC(144) - age  12:        448 bytes,    4067192 total
[2023-11-16T05:44:26.655+0000][7][gc,age      ] GC(144) - age  13:        128 bytes,    4067320 total
[2023-11-16T05:44:26.655+0000][7][gc,age      ] GC(144) - age  14:      33328 bytes,    4100648 total
[2023-11-16T05:44:26.655+0000][7][gc,age      ] GC(144) - age  15:      99176 bytes,    4199824 total
[2023-11-16T05:44:26.655+0000][7][gc,phases   ] GC(144)   Pre Evacuate Collection Set: 0.1ms
[2023-11-16T05:44:26.655+0000][7][gc,phases   ] GC(144)   Merge Heap Roots: 0.0ms
[2023-11-16T05:44:26.655+0000][7][gc,phases   ] GC(144)   Evacuate Collection Set: 1.8ms
[2023-11-16T05:44:26.655+0000][7][gc,phases   ] GC(144)   Post Evacuate Collection Set: 0.6ms
[2023-11-16T05:44:26.655+0000][7][gc,phases   ] GC(144)   Other: 0.2ms
[2023-11-16T05:44:26.655+0000][7][gc,heap     ] GC(144) Eden regions: 69->0(68)
[2023-11-16T05:44:26.655+0000][7][gc,heap     ] GC(144) Survivor regions: 1->2(9)
[2023-11-16T05:44:26.655+0000][7][gc,heap     ] GC(144) Old regions: 29->29
[2023-11-16T05:44:26.655+0000][7][gc,heap     ] GC(144) Archive regions: 2->2
[2023-11-16T05:44:26.655+0000][7][gc,heap     ] GC(144) Humongous regions: 5->5
[2023-11-16T05:44:26.655+0000][7][gc,metaspace] GC(144) Metaspace: 118820K(120512K)->118820K(120512K) NonClass: 103030K(104000K)->103030K(104000K) Class: 15790K(16512K)->15790K(16512K)
[2023-11-16T05:44:26.655+0000][7][gc          ] GC(144) Pause Young (Normal) (G1 Evacuation Pause) 417M->142M(512M) 2.748ms
[2023-11-16T05:44:26.655+0000][7][gc,cpu      ] GC(144) User=0.01s Sys=0.00s Real=0.00s
[2023-11-16T05:44:26.655+0000][7][safepoint   ] Safepoint "G1CollectForAllocation", Time since last: 1926636541 ns, Reaching safepoint: 90662 ns, At safepoint: 2810053 ns, Total: 2900715 ns
[2023-11-16T05:44:32.714+0000][7][gc,start    ] GC(145) Pause Young (Normal) (G1 Evacuation Pause)
[2023-11-16T05:44:32.714+0000][7][gc,task     ] GC(145) Using 8 workers of 8 for evacuation
[2023-11-16T05:44:32.714+0000][7][gc,age      ] GC(145) Desired survivor size 18874368 bytes, new threshold 15 (max threshold 15)
[2023-11-16T05:44:32.717+0000][7][gc,age      ] GC(145) Age table with threshold 15 (max threshold 15)
[2023-11-16T05:44:32.717+0000][7][gc,age      ] GC(145) - age   1:    1329928 bytes,    1329928 total
[2023-11-16T05:44:32.717+0000][7][gc,age      ] GC(145) - age   2:     186312 bytes,    1516240 total
[2023-11-16T05:44:32.717+0000][7][gc,age      ] GC(145) - age   3:      91024 bytes,    1607264 total
[2023-11-16T05:44:32.717+0000][7][gc,age      ] GC(145) - age   4:     248272 bytes,    1855536 total
[2023-11-16T05:44:32.717+0000][7][gc,age      ] GC(145) - age   5:     170312 bytes,    2025848 total
[2023-11-16T05:44:32.717+0000][7][gc,age      ] GC(145) - age   6:       5984 bytes,    2031832 total
[2023-11-16T05:44:32.717+0000][7][gc,age      ] GC(145) - age   7:     128552 bytes,    2160384 total
[2023-11-16T05:44:32.717+0000][7][gc,age      ] GC(145) - age   8:     163224 bytes,    2323608 total
[2023-11-16T05:44:32.717+0000][7][gc,age      ] GC(145) - age   9:      34176 bytes,    2357784 total
[2023-11-16T05:44:32.717+0000][7][gc,age      ] GC(145) - age  10:       6544 bytes,    2364328 total
[2023-11-16T05:44:32.717+0000][7][gc,age      ] GC(145) - age  11:       1120 bytes,    2365448 total
[2023-11-16T05:44:32.717+0000][7][gc,age      ] GC(145) - age  12:       1600 bytes,    2367048 total
[2023-11-16T05:44:32.717+0000][7][gc,age      ] GC(145) - age  13:        448 bytes,    2367496 total
[2023-11-16T05:44:32.717+0000][7][gc,age      ] GC(145) - age  14:         64 bytes,    2367560 total
[2023-11-16T05:44:32.717+0000][7][gc,age      ] GC(145) - age  15:      33328 bytes,    2400888 total
[2023-11-16T05:44:32.717+0000][7][gc,phases   ] GC(145)   Pre Evacuate Collection Set: 0.1ms
[2023-11-16T05:44:32.717+0000][7][gc,phases   ] GC(145)   Merge Heap Roots: 0.1ms
[2023-11-16T05:44:32.717+0000][7][gc,phases   ] GC(145)   Evacuate Collection Set: 1.8ms
[2023-11-16T05:44:32.717+0000][7][gc,phases   ] GC(145)   Post Evacuate Collection Set: 0.6ms
[2023-11-16T05:44:32.717+0000][7][gc,phases   ] GC(145)   Other: 0.3ms
[2023-11-16T05:44:32.717+0000][7][gc,heap     ] GC(145) Eden regions: 68->0(69)
[2023-11-16T05:44:32.717+0000][7][gc,heap     ] GC(145) Survivor regions: 2->1(9)
[2023-11-16T05:44:32.717+0000][7][gc,heap     ] GC(145) Old regions: 29->29
[2023-11-16T05:44:32.717+0000][7][gc,heap     ] GC(145) Archive regions: 2->2
[2023-11-16T05:44:32.717+0000][7][gc,heap     ] GC(145) Humongous regions: 5->5
[2023-11-16T05:44:32.717+0000][7][gc,metaspace] GC(145) Metaspace: 118827K(120576K)->118827K(120576K) NonClass: 103037K(104064K)->103037K(104064K) Class: 15790K(16512K)->15790K(16512K)
[2023-11-16T05:44:32.717+0000][7][gc          ] GC(145) Pause Young (Normal) (G1 Evacuation Pause) 414M->140M(512M) 2.828ms
[2023-11-16T05:44:32.717+0000][7][gc,cpu      ] GC(145) User=0.02s Sys=0.00s Real=0.00s
[2023-11-16T05:44:32.717+0000][7][safepoint   ] Safepoint "G1CollectForAllocation", Time since last: 6058612106 ns, Reaching safepoint: 65485 ns, At safepoint: 2950245 ns, Total: 3015730 ns
[2023-11-16T05:44:34.717+0000][7][safepoint   ] Safepoint "Cleanup", Time since last: 2000191757 ns, Reaching safepoint: 102846 ns, At safepoint: 12789 ns, Total: 115635 ns
[2023-11-16T05:44:37.718+0000][7][safepoint   ] Safepoint "Cleanup", Time since last: 3000598592 ns, Reaching safepoint: 32995 ns, At safepoint: 5573 ns, Total: 38568 ns
[2023-11-16T05:44:39.498+0000][7][gc,start    ] GC(146) Pause Young (Normal) (G1 Evacuation Pause)
[2023-11-16T05:44:39.498+0000][7][gc,task     ] GC(146) Using 8 workers of 8 for evacuation
[2023-11-16T05:44:39.498+0000][7][gc,age      ] GC(146) Desired survivor size 18874368 bytes, new threshold 15 (max threshold 15)
[2023-11-16T05:44:39.500+0000][7][gc,age      ] GC(146) Age table with threshold 15 (max threshold 15)
[2023-11-16T05:44:39.500+0000][7][gc,age      ] GC(146) - age   1:    1287400 bytes,    1287400 total
[2023-11-16T05:44:39.500+0000][7][gc,age      ] GC(146) - age   2:     350816 bytes,    1638216 total
[2023-11-16T05:44:39.500+0000][7][gc,age      ] GC(146) - age   3:     183568 bytes,    1821784 total
[2023-11-16T05:44:39.500+0000][7][gc,age      ] GC(146) - age   4:      89848 bytes,    1911632 total
[2023-11-16T05:44:39.500+0000][7][gc,age      ] GC(146) - age   5:     248200 bytes,    2159832 total
[2023-11-16T05:44:39.500+0000][7][gc,age      ] GC(146) - age   6:     170120 bytes,    2329952 total
[2023-11-16T05:44:39.500+0000][7][gc,age      ] GC(146) - age   7:       5584 bytes,    2335536 total
[2023-11-16T05:44:39.500+0000][7][gc,age      ] GC(146) - age   8:        920 bytes,    2336456 total
[2023-11-16T05:44:39.500+0000][7][gc,age      ] GC(146) - age   9:     163224 bytes,    2499680 total
[2023-11-16T05:44:39.500+0000][7][gc,age      ] GC(146) - age  10:      34048 bytes,    2533728 total
[2023-11-16T05:44:39.500+0000][7][gc,age      ] GC(146) - age  11:       6480 bytes,    2540208 total
[2023-11-16T05:44:39.500+0000][7][gc,age      ] GC(146) - age  12:       1088 bytes,    2541296 total
[2023-11-16T05:44:39.500+0000][7][gc,age      ] GC(146) - age  13:       1600 bytes,    2542896 total
[2023-11-16T05:44:39.500+0000][7][gc,age      ] GC(146) - age  14:        448 bytes,    2543344 total
[2023-11-16T05:44:39.500+0000][7][gc,age      ] GC(146) - age  15:         64 bytes,    2543408 total
[2023-11-16T05:44:39.501+0000][7][gc,phases   ] GC(146)   Pre Evacuate Collection Set: 0.1ms
[2023-11-16T05:44:39.501+0000][7][gc,phases   ] GC(146)   Merge Heap Roots: 0.0ms
[2023-11-16T05:44:39.501+0000][7][gc,phases   ] GC(146)   Evacuate Collection Set: 2.1ms
[2023-11-16T05:44:39.501+0000][7][gc,phases   ] GC(146)   Post Evacuate Collection Set: 0.5ms
[2023-11-16T05:44:39.501+0000][7][gc,phases   ] GC(146)   Other: 0.3ms
[2023-11-16T05:44:39.501+0000][7][gc,heap     ] GC(146) Eden regions: 69->0(69)
[2023-11-16T05:44:39.501+0000][7][gc,heap     ] GC(146) Survivor regions: 1->1(9)
[2023-11-16T05:44:39.501+0000][7][gc,heap     ] GC(146) Old regions: 29->29
[2023-11-16T05:44:39.501+0000][7][gc,heap     ] GC(146) Archive regions: 2->2
[2023-11-16T05:44:39.501+0000][7][gc,heap     ] GC(146) Humongous regions: 5->5
[2023-11-16T05:44:39.501+0000][7][gc,metaspace] GC(146) Metaspace: 118848K(120576K)->118848K(120576K) NonClass: 103057K(104064K)->103057K(104064K) Class: 15790K(16512K)->15790K(16512K)
[2023-11-16T05:44:39.501+0000][7][gc          ] GC(146) Pause Young (Normal) (G1 Evacuation Pause) 416M->140M(512M) 3.054ms
[2023-11-16T05:44:39.501+0000][7][gc,cpu      ] GC(146) User=0.01s Sys=0.00s Real=0.01s
[2023-11-16T05:44:39.501+0000][7][safepoint   ] Safepoint "G1CollectForAllocation", Time since last: 1779436531 ns, Reaching safepoint: 95328 ns, At safepoint: 3119693 ns, Total: 3215021 ns
[2023-11-16T05:44:44.502+0000][7][safepoint   ] Safepoint "Cleanup", Time since last: 5001241808 ns, Reaching safepoint: 189855 ns, At safepoint: 8569 ns, Total: 198424 ns
[2023-11-16T05:44:47.502+0000][7][safepoint   ] Safepoint "Cleanup", Time since last: 3000255143 ns, Reaching safepoint: 78230 ns, At safepoint: 66505 ns, Total: 144735 ns
[2023-11-16T05:44:48.503+0000][7][safepoint   ] Safepoint "Cleanup", Time since last: 1000350375 ns, Reaching safepoint: 82389 ns, At safepoint: 4855 ns, Total: 87244 ns
[2023-11-16T05:44:52.424+0000][7][gc,start    ] GC(147) Pause Young (Normal) (G1 Evacuation Pause)
[2023-11-16T05:44:52.424+0000][7][gc,task     ] GC(147) Using 8 workers of 8 for evacuation
[2023-11-16T05:44:52.424+0000][7][gc,age      ] GC(147) Desired survivor size 18874368 bytes, new threshold 15 (max threshold 15)
[2023-11-16T05:44:52.427+0000][7][gc,age      ] GC(147) Age table with threshold 15 (max threshold 15)
[2023-11-16T05:44:52.427+0000][7][gc,age      ] GC(147) - age   1:    1982928 bytes,    1982928 total
[2023-11-16T05:44:52.427+0000][7][gc,age      ] GC(147) - age   2:     611416 bytes,    2594344 total
[2023-11-16T05:44:52.427+0000][7][gc,age      ] GC(147) - age   3:     348384 bytes,    2942728 total
[2023-11-16T05:44:52.427+0000][7][gc,age      ] GC(147) - age   4:     182568 bytes,    3125296 total
[2023-11-16T05:44:52.427+0000][7][gc,age      ] GC(147) - age   5:      89816 bytes,    3215112 total
[2023-11-16T05:44:52.427+0000][7][gc,age      ] GC(147) - age   6:     248168 bytes,    3463280 total
[2023-11-16T05:44:52.427+0000][7][gc,age      ] GC(147) - age   7:     170056 bytes,    3633336 total
[2023-11-16T05:44:52.427+0000][7][gc,age      ] GC(147) - age   8:       5584 bytes,    3638920 total
[2023-11-16T05:44:52.427+0000][7][gc,age      ] GC(147) - age   9:        272 bytes,    3639192 total
[2023-11-16T05:44:52.427+0000][7][gc,age      ] GC(147) - age  10:     162840 bytes,    3802032 total
[2023-11-16T05:44:52.427+0000][7][gc,age      ] GC(147) - age  11:      33856 bytes,    3835888 total
[2023-11-16T05:44:52.427+0000][7][gc,age      ] GC(147) - age  12:       6416 bytes,    3842304 total
[2023-11-16T05:44:52.427+0000][7][gc,age      ] GC(147) - age  13:       1088 bytes,    3843392 total
[2023-11-16T05:44:52.427+0000][7][gc,age      ] GC(147) - age  14:       1600 bytes,    3844992 total
[2023-11-16T05:44:52.427+0000][7][gc,age      ] GC(147) - age  15:         64 bytes,    3845056 total
[2023-11-16T05:44:52.427+0000][7][gc,phases   ] GC(147)   Pre Evacuate Collection Set: 0.1ms
[2023-11-16T05:44:52.427+0000][7][gc,phases   ] GC(147)   Merge Heap Roots: 0.0ms
[2023-11-16T05:44:52.427+0000][7][gc,phases   ] GC(147)   Evacuate Collection Set: 1.8ms
[2023-11-16T05:44:52.427+0000][7][gc,phases   ] GC(147)   Post Evacuate Collection Set: 0.6ms
[2023-11-16T05:44:52.427+0000][7][gc,phases   ] GC(147)   Other: 0.2ms
[2023-11-16T05:44:52.427+0000][7][gc,heap     ] GC(147) Eden regions: 69->0(69)
[2023-11-16T05:44:52.427+0000][7][gc,heap     ] GC(147) Survivor regions: 1->1(9)
[2023-11-16T05:44:52.427+0000][7][gc,heap     ] GC(147) Old regions: 29->29
[2023-11-16T05:44:52.427+0000][7][gc,heap     ] GC(147) Archive regions: 2->2
[2023-11-16T05:44:52.427+0000][7][gc,heap     ] GC(147) Humongous regions: 5->5
[2023-11-16T05:44:52.427+0000][7][gc,metaspace] GC(147) Metaspace: 118848K(120576K)->118848K(120576K) NonClass: 103057K(104064K)->103057K(104064K) Class: 15790K(16512K)->15790K(16512K)
[2023-11-16T05:44:52.427+0000][7][gc          ] GC(147) Pause Young (Normal) (G1 Evacuation Pause) 416M->141M(512M) 2.861ms
[2023-11-16T05:44:52.427+0000][7][gc,cpu      ] GC(147) User=0.01s Sys=0.00s Real=0.00s
[2023-11-16T05:44:52.427+0000][7][safepoint   ] Safepoint "G1CollectForAllocation", Time since last: 3920977941 ns, Reaching safepoint: 29402 ns, At safepoint: 2971288 ns, Total: 3000690 ns
[2023-11-16T05:44:53.427+0000][7][safepoint   ] Safepoint "Cleanup", Time since last: 1000302837 ns, Reaching safepoint: 56426 ns, At safepoint: 6502 ns, Total: 62928 ns
[2023-11-16T05:44:59.428+0000][7][safepoint   ] Safepoint "Cleanup", Time since last: 6000950639 ns, Reaching safepoint: 175317 ns, At safepoint: 5111 ns, Total: 180428 ns
[2023-11-16T05:45:08.429+0000][7][safepoint   ] Safepoint "Cleanup", Time since last: 9000832484 ns, Reaching safepoint: 72970 ns, At safepoint: 22818 ns, Total: 95788 ns
[2023-11-16T05:45:08.937+0000][7][gc,start    ] GC(148) Pause Young (Normal) (G1 Evacuation Pause)
[2023-11-16T05:45:08.937+0000][7][gc,task     ] GC(148) Using 8 workers of 8 for evacuation
[2023-11-16T05:45:08.937+0000][7][gc,age      ] GC(148) Desired survivor size 18874368 bytes, new threshold 15 (max threshold 15)
[2023-11-16T05:45:08.940+0000][7][gc,age      ] GC(148) Age table with threshold 15 (max threshold 15)
[2023-11-16T05:45:08.940+0000][7][gc,age      ] GC(148) - age   1:    1356800 bytes,    1356800 total
[2023-11-16T05:45:08.940+0000][7][gc,age      ] GC(148) - age   2:    1281520 bytes,    2638320 total
[2023-11-16T05:45:08.940+0000][7][gc,age      ] GC(148) - age   3:     386880 bytes,    3025200 total
[2023-11-16T05:45:08.940+0000][7][gc,age      ] GC(148) - age   4:     251664 bytes,    3276864 total
[2023-11-16T05:45:08.940+0000][7][gc,age      ] GC(148) - age   5:     145032 bytes,    3421896 total
[2023-11-16T05:45:08.940+0000][7][gc,age      ] GC(148) - age   6:      49456 bytes,    3471352 total
[2023-11-16T05:45:08.940+0000][7][gc,age      ] GC(148) - age   7:     145816 bytes,    3617168 total
[2023-11-16T05:45:08.940+0000][7][gc,age      ] GC(148) - age   8:     170000 bytes,    3787168 total
[2023-11-16T05:45:08.940+0000][7][gc,age      ] GC(148) - age   9:       5368 bytes,    3792536 total
[2023-11-16T05:45:08.940+0000][7][gc,age      ] GC(148) - age  10:        208 bytes,    3792744 total
[2023-11-16T05:45:08.940+0000][7][gc,age      ] GC(148) - age  11:     162776 bytes,    3955520 total
[2023-11-16T05:45:08.940+0000][7][gc,age      ] GC(148) - age  12:      33664 bytes,    3989184 total
[2023-11-16T05:45:08.940+0000][7][gc,age      ] GC(148) - age  13:       6352 bytes,    3995536 total
[2023-11-16T05:45:08.940+0000][7][gc,age      ] GC(148) - age  14:       1024 bytes,    3996560 total
[2023-11-16T05:45:08.940+0000][7][gc,age      ] GC(148) - age  15:       1600 bytes,    3998160 total
[2023-11-16T05:45:08.940+0000][7][gc,phases   ] GC(148)   Pre Evacuate Collection Set: 0.1ms
[2023-11-16T05:45:08.940+0000][7][gc,phases   ] GC(148)   Merge Heap Roots: 0.1ms
[2023-11-16T05:45:08.940+0000][7][gc,phases   ] GC(148)   Evacuate Collection Set: 2.3ms
[2023-11-16T05:45:08.940+0000][7][gc,phases   ] GC(148)   Post Evacuate Collection Set: 0.6ms
[2023-11-16T05:45:08.940+0000][7][gc,phases   ] GC(148)   Other: 0.3ms
[2023-11-16T05:45:08.940+0000][7][gc,heap     ] GC(148) Eden regions: 69->0(69)
[2023-11-16T05:45:08.940+0000][7][gc,heap     ] GC(148) Survivor regions: 1->1(9)
[2023-11-16T05:45:08.940+0000][7][gc,heap     ] GC(148) Old regions: 29->29
[2023-11-16T05:45:08.940+0000][7][gc,heap     ] GC(148) Archive regions: 2->2
[2023-11-16T05:45:08.940+0000][7][gc,heap     ] GC(148) Humongous regions: 5->5
[2023-11-16T05:45:08.940+0000][7][gc,metaspace] GC(148) Metaspace: 118864K(120576K)->118864K(120576K) NonClass: 103074K(104064K)->103074K(104064K) Class: 15790K(16512K)->15790K(16512K)
[2023-11-16T05:45:08.940+0000][7][gc          ] GC(148) Pause Young (Normal) (G1 Evacuation Pause) 417M->141M(512M) 3.307ms
[2023-11-16T05:45:08.941+0000][7][gc,cpu      ] GC(148) User=0.01s Sys=0.00s Real=0.01s
[2023-11-16T05:45:08.941+0000][7][safepoint   ] Safepoint "G1CollectForAllocation", Time since last: 507778862 ns, Reaching safepoint: 48242 ns, At safepoint: 3398149 ns, Total: 3446391 ns
[2023-11-16T05:45:22.944+0000][7][safepoint   ] Safepoint "Cleanup", Time since last: 14003311862 ns, Reaching safepoint: 73255 ns, At safepoint: 5017 ns, Total: 78272 ns
[2023-11-16T05:45:25.544+0000][7][gc,start    ] GC(149) Pause Young (Normal) (G1 Evacuation Pause)
[2023-11-16T05:45:25.544+0000][7][gc,task     ] GC(149) Using 8 workers of 8 for evacuation
[2023-11-16T05:45:25.545+0000][7][gc,age      ] GC(149) Desired survivor size 18874368 bytes, new threshold 15 (max threshold 15)
[2023-11-16T05:45:25.547+0000][7][gc,age      ] GC(149) Age table with threshold 15 (max threshold 15)
[2023-11-16T05:45:25.547+0000][7][gc,age      ] GC(149) - age   1:     863456 bytes,     863456 total
[2023-11-16T05:45:25.547+0000][7][gc,age      ] GC(149) - age   2:     637560 bytes,    1501016 total
[2023-11-16T05:45:25.547+0000][7][gc,age      ] GC(149) - age   3:    1280704 bytes,    2781720 total
[2023-11-16T05:45:25.547+0000][7][gc,age      ] GC(149) - age   4:     327952 bytes,    3109672 total
[2023-11-16T05:45:25.547+0000][7][gc,age      ] GC(149) - age   5:     147608 bytes,    3257280 total
[2023-11-16T05:45:25.547+0000][7][gc,age      ] GC(149) - age   6:     144448 bytes,    3401728 total
[2023-11-16T05:45:25.547+0000][7][gc,age      ] GC(149) - age   7:      49024 bytes,    3450752 total
[2023-11-16T05:45:25.547+0000][7][gc,age      ] GC(149) - age   8:     145752 bytes,    3596504 total
[2023-11-16T05:45:25.547+0000][7][gc,age      ] GC(149) - age   9:     169936 bytes,    3766440 total
[2023-11-16T05:45:25.547+0000][7][gc,age      ] GC(149) - age  10:       5368 bytes,    3771808 total
[2023-11-16T05:45:25.547+0000][7][gc,age      ] GC(149) - age  11:        208 bytes,    3772016 total
[2023-11-16T05:45:25.547+0000][7][gc,age      ] GC(149) - age  12:     162776 bytes,    3934792 total
[2023-11-16T05:45:25.547+0000][7][gc,age      ] GC(149) - age  13:      33544 bytes,    3968336 total
[2023-11-16T05:45:25.547+0000][7][gc,age      ] GC(149) - age  14:       6320 bytes,    3974656 total
[2023-11-16T05:45:25.547+0000][7][gc,age      ] GC(149) - age  15:       1024 bytes,    3975680 total
[2023-11-16T05:45:25.547+0000][7][gc,phases   ] GC(149)   Pre Evacuate Collection Set: 0.1ms
[2023-11-16T05:45:25.547+0000][7][gc,phases   ] GC(149)   Merge Heap Roots: 0.0ms
[2023-11-16T05:45:25.547+0000][7][gc,phases   ] GC(149)   Evacuate Collection Set: 1.6ms
[2023-11-16T05:45:25.547+0000][7][gc,phases   ] GC(149)   Post Evacuate Collection Set: 0.6ms
[2023-11-16T05:45:25.547+0000][7][gc,phases   ] GC(149)   Other: 0.2ms
[2023-11-16T05:45:25.547+0000][7][gc,heap     ] GC(149) Eden regions: 69->0(68)
[2023-11-16T05:45:25.547+0000][7][gc,heap     ] GC(149) Survivor regions: 1->2(9)
[2023-11-16T05:45:25.547+0000][7][gc,heap     ] GC(149) Old regions: 29->29
[2023-11-16T05:45:25.547+0000][7][gc,heap     ] GC(149) Archive regions: 2->2
[2023-11-16T05:45:25.547+0000][7][gc,heap     ] GC(149) Humongous regions: 5->5
[2023-11-16T05:45:25.547+0000][7][gc,metaspace] GC(149) Metaspace: 118866K(120640K)->118866K(120640K) NonClass: 103075K(104128K)->103075K(104128K) Class: 15790K(16512K)->15790K(16512K)
[2023-11-16T05:45:25.547+0000][7][gc          ] GC(149) Pause Young (Normal) (G1 Evacuation Pause) 417M->141M(512M) 2.645ms
[2023-11-16T05:45:25.547+0000][7][gc,cpu      ] GC(149) User=0.01s Sys=0.00s Real=0.00s
[2023-11-16T05:45:25.547+0000][7][safepoint   ] Safepoint "G1CollectForAllocation", Time since last: 2600410669 ns, Reaching safepoint: 79860 ns, At safepoint: 2735557 ns, Total: 2815417 ns
[2023-11-16T05:45:29.548+0000][7][safepoint   ] Safepoint "Cleanup", Time since last: 4000562716 ns, Reaching safepoint: 71777 ns, At safepoint: 6414 ns, Total: 78191 ns
[2023-11-16T05:45:31.548+0000][7][safepoint   ] Safepoint "Cleanup", Time since last: 2000149691 ns, Reaching safepoint: 54019 ns, At safepoint: 6730 ns, Total: 60749 ns
[2023-11-16T05:45:33.548+0000][7][safepoint   ] Safepoint "Cleanup", Time since last: 2000156381 ns, Reaching safepoint: 118063 ns, At safepoint: 6095 ns, Total: 124158 ns
[2023-11-16T05:45:34.879+0000][7][gc,start    ] GC(150) Pause Young (Normal) (G1 Evacuation Pause)
[2023-11-16T05:45:34.879+0000][7][gc,task     ] GC(150) Using 8 workers of 8 for evacuation
[2023-11-16T05:45:34.879+0000][7][gc,age      ] GC(150) Desired survivor size 18874368 bytes, new threshold 15 (max threshold 15)
[2023-11-16T05:45:34.881+0000][7][gc,age      ] GC(150) Age table with threshold 15 (max threshold 15)
[2023-11-16T05:45:34.881+0000][7][gc,age      ] GC(150) - age   1:    1637120 bytes,    1637120 total
[2023-11-16T05:45:34.881+0000][7][gc,age      ] GC(150) - age   2:     224488 bytes,    1861608 total
[2023-11-16T05:45:34.881+0000][7][gc,age      ] GC(150) - age   3:     154456 bytes,    2016064 total
[2023-11-16T05:45:34.881+0000][7][gc,age      ] GC(150) - age   4:     494800 bytes,    2510864 total
[2023-11-16T05:45:34.881+0000][7][gc,age      ] GC(150) - age   5:     326064 bytes,    2836928 total
[2023-11-16T05:45:34.881+0000][7][gc,age      ] GC(150) - age   6:     147112 bytes,    2984040 total
[2023-11-16T05:45:34.881+0000][7][gc,age      ] GC(150) - age   7:     143840 bytes,    3127880 total
[2023-11-16T05:45:34.881+0000][7][gc,age      ] GC(150) - age   8:      48968 bytes,    3176848 total
[2023-11-16T05:45:34.881+0000][7][gc,age      ] GC(150) - age   9:     145432 bytes,    3322280 total
[2023-11-16T05:45:34.881+0000][7][gc,age      ] GC(150) - age  10:     169808 bytes,    3492088 total
[2023-11-16T05:45:34.882+0000][7][gc,age      ] GC(150) - age  11:       5368 bytes,    3497456 total
[2023-11-16T05:45:34.882+0000][7][gc,age      ] GC(150) - age  12:        208 bytes,    3497664 total
[2023-11-16T05:45:34.882+0000][7][gc,age      ] GC(150) - age  13:     162776 bytes,    3660440 total
[2023-11-16T05:45:34.882+0000][7][gc,age      ] GC(150) - age  14:      33544 bytes,    3693984 total
[2023-11-16T05:45:34.882+0000][7][gc,age      ] GC(150) - age  15:       6256 bytes,    3700240 total
[2023-11-16T05:45:34.882+0000][7][gc,phases   ] GC(150)   Pre Evacuate Collection Set: 0.1ms
[2023-11-16T05:45:34.882+0000][7][gc,phases   ] GC(150)   Merge Heap Roots: 0.0ms
[2023-11-16T05:45:34.882+0000][7][gc,phases   ] GC(150)   Evacuate Collection Set: 1.8ms
[2023-11-16T05:45:34.882+0000][7][gc,phases   ] GC(150)   Post Evacuate Collection Set: 0.6ms
[2023-11-16T05:45:34.882+0000][7][gc,phases   ] GC(150)   Other: 0.3ms
[2023-11-16T05:45:34.882+0000][7][gc,heap     ] GC(150) Eden regions: 68->0(69)
[2023-11-16T05:45:34.882+0000][7][gc,heap     ] GC(150) Survivor regions: 2->1(9)
[2023-11-16T05:45:34.882+0000][7][gc,heap     ] GC(150) Old regions: 29->29
[2023-11-16T05:45:34.882+0000][7][gc,heap     ] GC(150) Archive regions: 2->2
[2023-11-16T05:45:34.882+0000][7][gc,heap     ] GC(150) Humongous regions: 5->5
[2023-11-16T05:45:34.882+0000][7][gc,metaspace] GC(150) Metaspace: 118878K(120640K)->118878K(120640K) NonClass: 103087K(104128K)->103087K(104128K) Class: 15790K(16512K)->15790K(16512K)
[2023-11-16T05:45:34.882+0000][7][gc          ] GC(150) Pause Young (Normal) (G1 Evacuation Pause) 413M->141M(512M) 2.840ms
[2023-11-16T05:45:34.882+0000][7][gc,cpu      ] GC(150) User=0.01s Sys=0.00s Real=0.00s
[2023-11-16T05:45:34.882+0000][7][safepoint   ] Safepoint "G1CollectForAllocation", Time since last: 1330451063 ns, Reaching safepoint: 51506 ns, At safepoint: 2911354 ns, Total: 2962860 ns
[2023-11-16T05:45:37.882+0000][7][safepoint   ] Safepoint "Cleanup", Time since last: 3000492845 ns, Reaching safepoint: 104390 ns, At safepoint: 7717 ns, Total: 112107 ns
[2023-11-16T05:45:40.883+0000][7][safepoint   ] Safepoint "Cleanup", Time since last: 3000438243 ns, Reaching safepoint: 108860 ns, At safepoint: 7223 ns, Total: 116083 ns
[2023-11-16T05:45:42.512+0000][7][gc,start    ] GC(151) Pause Young (Normal) (G1 Evacuation Pause)
[2023-11-16T05:45:42.512+0000][7][gc,task     ] GC(151) Using 8 workers of 8 for evacuation
[2023-11-16T05:45:42.512+0000][7][gc,age      ] GC(151) Desired survivor size 18874368 bytes, new threshold 15 (max threshold 15)
[2023-11-16T05:45:42.515+0000][7][gc,age      ] GC(151) Age table with threshold 15 (max threshold 15)
[2023-11-16T05:45:42.515+0000][7][gc,age      ] GC(151) - age   1:    2052184 bytes,    2052184 total
[2023-11-16T05:45:42.515+0000][7][gc,age      ] GC(151) - age   2:     373512 bytes,    2425696 total
[2023-11-16T05:45:42.515+0000][7][gc,age      ] GC(151) - age   3:     223320 bytes,    2649016 total
[2023-11-16T05:45:42.515+0000][7][gc,age      ] GC(151) - age   4:     154032 bytes,    2803048 total
[2023-11-16T05:45:42.515+0000][7][gc,age      ] GC(151) - age   5:       2824 bytes,    2805872 total
[2023-11-16T05:45:42.515+0000][7][gc,age      ] GC(151) - age   6:     128784 bytes,    2934656 total
[2023-11-16T05:45:42.515+0000][7][gc,age      ] GC(151) - age   7:     146768 bytes,    3081424 total
[2023-11-16T05:45:42.515+0000][7][gc,age      ] GC(151) - age   8:     143432 bytes,    3224856 total
[2023-11-16T05:45:42.515+0000][7][gc,age      ] GC(151) - age   9:      35104 bytes,    3259960 total
[2023-11-16T05:45:42.515+0000][7][gc,age      ] GC(151) - age  10:        160 bytes,    3260120 total
[2023-11-16T05:45:42.515+0000][7][gc,age      ] GC(151) - age  11:     169808 bytes,    3429928 total
[2023-11-16T05:45:42.515+0000][7][gc,age      ] GC(151) - age  12:       5368 bytes,    3435296 total
[2023-11-16T05:45:42.515+0000][7][gc,age      ] GC(151) - age  13:        208 bytes,    3435504 total
[2023-11-16T05:45:42.515+0000][7][gc,age      ] GC(151) - age  14:     162776 bytes,    3598280 total
[2023-11-16T05:45:42.515+0000][7][gc,age      ] GC(151) - age  15:      33480 bytes,    3631760 total
[2023-11-16T05:45:42.515+0000][7][gc,phases   ] GC(151)   Pre Evacuate Collection Set: 0.1ms
[2023-11-16T05:45:42.515+0000][7][gc,phases   ] GC(151)   Merge Heap Roots: 0.0ms
[2023-11-16T05:45:42.515+0000][7][gc,phases   ] GC(151)   Evacuate Collection Set: 2.0ms
[2023-11-16T05:45:42.515+0000][7][gc,phases   ] GC(151)   Post Evacuate Collection Set: 0.6ms
[2023-11-16T05:45:42.515+0000][7][gc,phases   ] GC(151)   Other: 0.3ms
[2023-11-16T05:45:42.515+0000][7][gc,heap     ] GC(151) Eden regions: 69->0(69)
[2023-11-16T05:45:42.515+0000][7][gc,heap     ] GC(151) Survivor regions: 1->1(9)
[2023-11-16T05:45:42.515+0000][7][gc,heap     ] GC(151) Old regions: 29->29
[2023-11-16T05:45:42.515+0000][7][gc,heap     ] GC(151) Archive regions: 2->2
[2023-11-16T05:45:42.515+0000][7][gc,heap     ] GC(151) Humongous regions: 5->5
[2023-11-16T05:45:42.515+0000][7][gc,metaspace] GC(151) Metaspace: 118878K(120640K)->118878K(120640K) NonClass: 103088K(104128K)->103088K(104128K) Class: 15790K(16512K)->15790K(16512K)
[2023-11-16T05:45:42.515+0000][7][gc          ] GC(151) Pause Young (Normal) (G1 Evacuation Pause) 417M->141M(512M) 3.004ms
[2023-11-16T05:45:42.515+0000][7][gc,cpu      ] GC(151) User=0.01s Sys=0.00s Real=0.00s
[2023-11-16T05:45:42.515+0000][7][safepoint   ] Safepoint "G1CollectForAllocation", Time since last: 1629039904 ns, Reaching safepoint: 76588 ns, At safepoint: 3070251 ns, Total: 3146839 ns
[2023-11-16T05:45:47.515+0000][7][safepoint   ] Safepoint "Cleanup", Time since last: 5000348953 ns, Reaching safepoint: 61059 ns, At safepoint: 24565 ns, Total: 85624 ns
[2023-11-16T05:45:48.916+0000][7][gc,start    ] GC(152) Pause Young (Normal) (G1 Evacuation Pause)
[2023-11-16T05:45:48.916+0000][7][gc,task     ] GC(152) Using 8 workers of 8 for evacuation
[2023-11-16T05:45:48.916+0000][7][gc,age      ] GC(152) Desired survivor size 18874368 bytes, new threshold 15 (max threshold 15)
[2023-11-16T05:45:48.923+0000][7][gc,age      ] GC(152) Age table with threshold 15 (max threshold 15)
[2023-11-16T05:45:48.923+0000][7][gc,age      ] GC(152) - age   1:    1371520 bytes,    1371520 total
[2023-11-16T05:45:48.923+0000][7][gc,age      ] GC(152) - age   2:     166216 bytes,    1537736 total
[2023-11-16T05:45:48.923+0000][7][gc,age      ] GC(152) - age   3:      28928 bytes,    1566664 total
[2023-11-16T05:45:48.923+0000][7][gc,age      ] GC(152) - age   4:     127904 bytes,    1694568 total
[2023-11-16T05:45:48.923+0000][7][gc,age      ] GC(152) - age   5:       3248 bytes,    1697816 total
[2023-11-16T05:45:48.923+0000][7][gc,age      ] GC(152) - age   6:       1712 bytes,    1699528 total
[2023-11-16T05:45:48.923+0000][7][gc,age      ] GC(152) - age   7:     128720 bytes,    1828248 total
[2023-11-16T05:45:48.923+0000][7][gc,age      ] GC(152) - age   8:     146704 bytes,    1974952 total
[2023-11-16T05:45:48.923+0000][7][gc,age      ] GC(152) - age   9:        776 bytes,    1975728 total
[2023-11-16T05:45:48.923+0000][7][gc,age      ] GC(152) - age  10:      33744 bytes,    2009472 total
[2023-11-16T05:45:48.923+0000][7][gc,age      ] GC(152) - age  11:        160 bytes,    2009632 total
[2023-11-16T05:45:48.923+0000][7][gc,age      ] GC(152) - age  12:     169808 bytes,    2179440 total
[2023-11-16T05:45:48.923+0000][7][gc,age      ] GC(152) - age  13:       5368 bytes,    2184808 total
[2023-11-16T05:45:48.923+0000][7][gc,age      ] GC(152) - age  14:        208 bytes,    2185016 total
[2023-11-16T05:45:48.923+0000][7][gc,age      ] GC(152) - age  15:     162776 bytes,    2347792 total
[2023-11-16T05:45:48.923+0000][7][gc,phases   ] GC(152)   Pre Evacuate Collection Set: 0.1ms
[2023-11-16T05:45:48.923+0000][7][gc,phases   ] GC(152)   Merge Heap Roots: 0.0ms
[2023-11-16T05:45:48.923+0000][7][gc,phases   ] GC(152)   Evacuate Collection Set: 6.1ms
[2023-11-16T05:45:48.923+0000][7][gc,phases   ] GC(152)   Post Evacuate Collection Set: 0.6ms
[2023-11-16T05:45:48.923+0000][7][gc,phases   ] GC(152)   Other: 0.3ms
[2023-11-16T05:45:48.923+0000][7][gc,heap     ] GC(152) Eden regions: 69->0(69)
[2023-11-16T05:45:48.923+0000][7][gc,heap     ] GC(152) Survivor regions: 1->1(9)
[2023-11-16T05:45:48.923+0000][7][gc,heap     ] GC(152) Old regions: 29->29
[2023-11-16T05:45:48.923+0000][7][gc,heap     ] GC(152) Archive regions: 2->2
[2023-11-16T05:45:48.923+0000][7][gc,heap     ] GC(152) Humongous regions: 5->5
[2023-11-16T05:45:48.923+0000][7][gc,metaspace] GC(152) Metaspace: 118889K(120640K)->118889K(120640K) NonClass: 103099K(104128K)->103099K(104128K) Class: 15790K(16512K)->15790K(16512K)
[2023-11-16T05:45:48.923+0000][7][gc          ] GC(152) Pause Young (Normal) (G1 Evacuation Pause) 417M->140M(512M) 7.130ms
[2023-11-16T05:45:48.923+0000][7][gc,cpu      ] GC(152) User=0.01s Sys=0.00s Real=0.01s
[2023-11-16T05:45:48.923+0000][7][safepoint   ] Safepoint "G1CollectForAllocation", Time since last: 1400177022 ns, Reaching safepoint: 71964 ns, At safepoint: 7220561 ns, Total: 7292525 ns
[2023-11-16T05:45:52.924+0000][7][safepoint   ] Safepoint "Cleanup", Time since last: 4000814413 ns, Reaching safepoint: 102618 ns, At safepoint: 8661 ns, Total: 111279 ns
[2023-11-16T05:45:55.253+0000][7][gc,start    ] GC(153) Pause Young (Normal) (G1 Evacuation Pause)
[2023-11-16T05:45:55.253+0000][7][gc,task     ] GC(153) Using 8 workers of 8 for evacuation
[2023-11-16T05:45:55.253+0000][7][gc,age      ] GC(153) Desired survivor size 18874368 bytes, new threshold 15 (max threshold 15)
[2023-11-16T05:45:55.255+0000][7][gc,age      ] GC(153) Age table with threshold 15 (max threshold 15)
[2023-11-16T05:45:55.255+0000][7][gc,age      ] GC(153) - age   1:    1342968 bytes,    1342968 total
[2023-11-16T05:45:55.255+0000][7][gc,age      ] GC(153) - age   2:     250528 bytes,    1593496 total
[2023-11-16T05:45:55.255+0000][7][gc,age      ] GC(153) - age   3:     164312 bytes,    1757808 total
[2023-11-16T05:45:55.255+0000][7][gc,age      ] GC(153) - age   4:      27856 bytes,    1785664 total
[2023-11-16T05:45:55.255+0000][7][gc,age      ] GC(153) - age   5:     121272 bytes,    1906936 total
[2023-11-16T05:45:55.255+0000][7][gc,age      ] GC(153) - age   6:       2920 bytes,    1909856 total
[2023-11-16T05:45:55.255+0000][7][gc,age      ] GC(153) - age   7:       1064 bytes,    1910920 total
[2023-11-16T05:45:55.255+0000][7][gc,age      ] GC(153) - age   8:     128592 bytes,    2039512 total
[2023-11-16T05:45:55.255+0000][7][gc,age      ] GC(153) - age   9:     146704 bytes,    2186216 total
[2023-11-16T05:45:55.255+0000][7][gc,age      ] GC(153) - age  10:        616 bytes,    2186832 total
[2023-11-16T05:45:55.255+0000][7][gc,age      ] GC(153) - age  11:      33648 bytes,    2220480 total
[2023-11-16T05:45:55.255+0000][7][gc,age      ] GC(153) - age  12:        128 bytes,    2220608 total
[2023-11-16T05:45:55.255+0000][7][gc,age      ] GC(153) - age  13:        792 bytes,    2221400 total
[2023-11-16T05:45:55.255+0000][7][gc,age      ] GC(153) - age  14:       4008 bytes,    2225408 total
[2023-11-16T05:45:55.255+0000][7][gc,age      ] GC(153) - age  15:        208 bytes,    2225616 total
[2023-11-16T05:45:55.255+0000][7][gc,phases   ] GC(153)   Pre Evacuate Collection Set: 0.1ms
[2023-11-16T05:45:55.255+0000][7][gc,phases   ] GC(153)   Merge Heap Roots: 0.0ms
[2023-11-16T05:45:55.255+0000][7][gc,phases   ] GC(153)   Evacuate Collection Set: 1.3ms
[2023-11-16T05:45:55.255+0000][7][gc,phases   ] GC(153)   Post Evacuate Collection Set: 0.5ms
[2023-11-16T05:45:55.255+0000][7][gc,phases   ] GC(153)   Other: 0.2ms
[2023-11-16T05:45:55.255+0000][7][gc,heap     ] GC(153) Eden regions: 69->0(69)
[2023-11-16T05:45:55.255+0000][7][gc,heap     ] GC(153) Survivor regions: 1->1(9)
[2023-11-16T05:45:55.255+0000][7][gc,heap     ] GC(153) Old regions: 29->29
[2023-11-16T05:45:55.255+0000][7][gc,heap     ] GC(153) Archive regions: 2->2
[2023-11-16T05:45:55.255+0000][7][gc,heap     ] GC(153) Humongous regions: 5->5
[2023-11-16T05:45:55.255+0000][7][gc,metaspace] GC(153) Metaspace: 118891K(120640K)->118891K(120640K) NonClass: 103100K(104128K)->103100K(104128K) Class: 15790K(16512K)->15790K(16512K)
[2023-11-16T05:45:55.255+0000][7][gc          ] GC(153) Pause Young (Normal) (G1 Evacuation Pause) 416M->140M(512M) 2.165ms
[2023-11-16T05:45:55.255+0000][7][gc,cpu      ] GC(153) User=0.02s Sys=0.00s Real=0.00s
[2023-11-16T05:45:55.255+0000][7][safepoint   ] Safepoint "G1CollectForAllocation", Time since last: 2329243389 ns, Reaching safepoint: 77569 ns, At safepoint: 2228958 ns, Total: 2306527 ns
[2023-11-16T05:46:02.147+0000][7][gc,start    ] GC(154) Pause Young (Normal) (G1 Evacuation Pause)
[2023-11-16T05:46:02.147+0000][7][gc,task     ] GC(154) Using 8 workers of 8 for evacuation
[2023-11-16T05:46:02.147+0000][7][gc,age      ] GC(154) Desired survivor size 18874368 bytes, new threshold 15 (max threshold 15)
[2023-11-16T05:46:02.149+0000][7][gc,age      ] GC(154) Age table with threshold 15 (max threshold 15)
[2023-11-16T05:46:02.149+0000][7][gc,age      ] GC(154) - age   1:    2237672 bytes,    2237672 total
[2023-11-16T05:46:02.149+0000][7][gc,age      ] GC(154) - age   2:     687784 bytes,    2925456 total
[2023-11-16T05:46:02.149+0000][7][gc,age      ] GC(154) - age   3:     248816 bytes,    3174272 total
[2023-11-16T05:46:02.149+0000][7][gc,age      ] GC(154) - age   4:     163208 bytes,    3337480 total
[2023-11-16T05:46:02.149+0000][7][gc,age      ] GC(154) - age   5:      21224 bytes,    3358704 total
[2023-11-16T05:46:02.149+0000][7][gc,age      ] GC(154) - age   6:     119576 bytes,    3478280 total
[2023-11-16T05:46:02.149+0000][7][gc,age      ] GC(154) - age   7:       2920 bytes,    3481200 total
[2023-11-16T05:46:02.149+0000][7][gc,age      ] GC(154) - age   8:        880 bytes,    3482080 total
[2023-11-16T05:46:02.149+0000][7][gc,age      ] GC(154) - age   9:     128528 bytes,    3610608 total
[2023-11-16T05:46:02.149+0000][7][gc,age      ] GC(154) - age  10:     146320 bytes,    3756928 total
[2023-11-16T05:46:02.149+0000][7][gc,age      ] GC(154) - age  11:        616 bytes,    3757544 total
[2023-11-16T05:46:02.149+0000][7][gc,age      ] GC(154) - age  12:      33584 bytes,    3791128 total
[2023-11-16T05:46:02.149+0000][7][gc,age      ] GC(154) - age  13:        128 bytes,    3791256 total
[2023-11-16T05:46:02.149+0000][7][gc,age      ] GC(154) - age  14:        792 bytes,    3792048 total
[2023-11-16T05:46:02.149+0000][7][gc,age      ] GC(154) - age  15:       4008 bytes,    3796056 total
[2023-11-16T05:46:02.149+0000][7][gc,phases   ] GC(154)   Pre Evacuate Collection Set: 0.1ms
[2023-11-16T05:46:02.149+0000][7][gc,phases   ] GC(154)   Merge Heap Roots: 0.0ms
[2023-11-16T05:46:02.149+0000][7][gc,phases   ] GC(154)   Evacuate Collection Set: 1.8ms
[2023-11-16T05:46:02.149+0000][7][gc,phases   ] GC(154)   Post Evacuate Collection Set: 0.4ms
[2023-11-16T05:46:02.149+0000][7][gc,phases   ] GC(154)   Other: 0.2ms
[2023-11-16T05:46:02.149+0000][7][gc,heap     ] GC(154) Eden regions: 69->0(69)
[2023-11-16T05:46:02.149+0000][7][gc,heap     ] GC(154) Survivor regions: 1->1(9)
[2023-11-16T05:46:02.149+0000][7][gc,heap     ] GC(154) Old regions: 29->29
[2023-11-16T05:46:02.149+0000][7][gc,heap     ] GC(154) Archive regions: 2->2
[2023-11-16T05:46:02.149+0000][7][gc,heap     ] GC(154) Humongous regions: 5->5
[2023-11-16T05:46:02.149+0000][7][gc,metaspace] GC(154) Metaspace: 118895K(120640K)->118895K(120640K) NonClass: 103104K(104128K)->103104K(104128K) Class: 15790K(16512K)->15790K(16512K)
[2023-11-16T05:46:02.149+0000][7][gc          ] GC(154) Pause Young (Normal) (G1 Evacuation Pause) 416M->142M(512M) 2.622ms
[2023-11-16T05:46:02.149+0000][7][gc,cpu      ] GC(154) User=0.01s Sys=0.00s Real=0.01s
[2023-11-16T05:46:02.149+0000][7][safepoint   ] Safepoint "G1CollectForAllocation", Time since last: 6891015512 ns, Reaching safepoint: 56761 ns, At safepoint: 2701315 ns, Total: 2758076 ns
[2023-11-16T05:46:03.149+0000][7][safepoint   ] Safepoint "Cleanup", Time since last: 1000073434 ns, Reaching safepoint: 51033 ns, At safepoint: 4079 ns, Total: 55112 ns
[2023-11-16T05:46:08.150+0000][7][safepoint   ] Safepoint "Cleanup", Time since last: 5000805061 ns, Reaching safepoint: 70167 ns, At safepoint: 8300 ns, Total: 78467 ns
[2023-11-16T05:46:12.873+0000][7][gc,start    ] GC(155) Pause Young (Normal) (G1 Evacuation Pause)
[2023-11-16T05:46:12.873+0000][7][gc,task     ] GC(155) Using 8 workers of 8 for evacuation
[2023-11-16T05:46:12.873+0000][7][gc,age      ] GC(155) Desired survivor size 18874368 bytes, new threshold 15 (max threshold 15)
[2023-11-16T05:46:12.876+0000][7][gc,age      ] GC(155) Age table with threshold 15 (max threshold 15)
[2023-11-16T05:46:12.876+0000][7][gc,age      ] GC(155) - age   1:    2173728 bytes,    2173728 total
[2023-11-16T05:46:12.876+0000][7][gc,age      ] GC(155) - age   2:     253944 bytes,    2427672 total
[2023-11-16T05:46:12.876+0000][7][gc,age      ] GC(155) - age   3:     379720 bytes,    2807392 total
[2023-11-16T05:46:12.876+0000][7][gc,age      ] GC(155) - age   4:     248184 bytes,    3055576 total
[2023-11-16T05:46:12.876+0000][7][gc,age      ] GC(155) - age   5:     162752 bytes,    3218328 total
[2023-11-16T05:46:12.876+0000][7][gc,age      ] GC(155) - age   6:      21008 bytes,    3239336 total
[2023-11-16T05:46:12.876+0000][7][gc,age      ] GC(155) - age   7:     119320 bytes,    3358656 total
[2023-11-16T05:46:12.876+0000][7][gc,age      ] GC(155) - age   8:       2536 bytes,    3361192 total
[2023-11-16T05:46:12.876+0000][7][gc,age      ] GC(155) - age   9:        816 bytes,    3362008 total
[2023-11-16T05:46:12.876+0000][7][gc,age      ] GC(155) - age  10:     128192 bytes,    3490200 total
[2023-11-16T05:46:12.876+0000][7][gc,age      ] GC(155) - age  11:       1480 bytes,    3491680 total
[2023-11-16T05:46:12.876+0000][7][gc,age      ] GC(155) - age  12:        616 bytes,    3492296 total
[2023-11-16T05:46:12.876+0000][7][gc,age      ] GC(155) - age  13:      33584 bytes,    3525880 total
[2023-11-16T05:46:12.876+0000][7][gc,age      ] GC(155) - age  14:        128 bytes,    3526008 total
[2023-11-16T05:46:12.876+0000][7][gc,age      ] GC(155) - age  15:        792 bytes,    3526800 total
[2023-11-16T05:46:12.876+0000][7][gc,phases   ] GC(155)   Pre Evacuate Collection Set: 0.1ms
[2023-11-16T05:46:12.876+0000][7][gc,phases   ] GC(155)   Merge Heap Roots: 0.0ms
[2023-11-16T05:46:12.876+0000][7][gc,phases   ] GC(155)   Evacuate Collection Set: 2.2ms
[2023-11-16T05:46:12.876+0000][7][gc,phases   ] GC(155)   Post Evacuate Collection Set: 0.6ms
[2023-11-16T05:46:12.876+0000][7][gc,phases   ] GC(155)   Other: 0.3ms
[2023-11-16T05:46:12.876+0000][7][gc,heap     ] GC(155) Eden regions: 69->0(69)
[2023-11-16T05:46:12.876+0000][7][gc,heap     ] GC(155) Survivor regions: 1->1(9)
[2023-11-16T05:46:12.876+0000][7][gc,heap     ] GC(155) Old regions: 29->29
[2023-11-16T05:46:12.876+0000][7][gc,heap     ] GC(155) Archive regions: 2->2
[2023-11-16T05:46:12.876+0000][7][gc,heap     ] GC(155) Humongous regions: 5->5
[2023-11-16T05:46:12.876+0000][7][gc,metaspace] GC(155) Metaspace: 118901K(120640K)->118901K(120640K) NonClass: 103111K(104128K)->103111K(104128K) Class: 15790K(16512K)->15790K(16512K)
[2023-11-16T05:46:12.876+0000][7][gc          ] GC(155) Pause Young (Normal) (G1 Evacuation Pause) 418M->141M(512M) 3.307ms
[2023-11-16T05:46:12.876+0000][7][gc,cpu      ] GC(155) User=0.01s Sys=0.00s Real=0.00s
[2023-11-16T05:46:12.876+0000][7][safepoint   ] Safepoint "G1CollectForAllocation", Time since last: 4722230862 ns, Reaching safepoint: 66823 ns, At safepoint: 3411853 ns, Total: 3478676 ns
[2023-11-16T05:46:16.876+0000][7][safepoint   ] Safepoint "Cleanup", Time since last: 4000471310 ns, Reaching safepoint: 58481 ns, At safepoint: 5884 ns, Total: 64365 ns
[2023-11-16T05:46:24.878+0000][7][safepoint   ] Safepoint "Cleanup", Time since last: 8001380411 ns, Reaching safepoint: 67783 ns, At safepoint: 30441 ns, Total: 98224 ns
[2023-11-16T05:46:28.556+0000][7][gc,start    ] GC(156) Pause Young (Normal) (G1 Evacuation Pause)
[2023-11-16T05:46:28.556+0000][7][gc,task     ] GC(156) Using 8 workers of 8 for evacuation
[2023-11-16T05:46:28.556+0000][7][gc,age      ] GC(156) Desired survivor size 18874368 bytes, new threshold 15 (max threshold 15)
[2023-11-16T05:46:28.558+0000][7][gc,age      ] GC(156) Age table with threshold 15 (max threshold 15)
[2023-11-16T05:46:28.558+0000][7][gc,age      ] GC(156) - age   1:    1617400 bytes,    1617400 total
[2023-11-16T05:46:28.558+0000][7][gc,age      ] GC(156) - age   2:    1474960 bytes,    3092360 total
[2023-11-16T05:46:28.558+0000][7][gc,age      ] GC(156) - age   3:       7920 bytes,    3100280 total
[2023-11-16T05:46:28.558+0000][7][gc,age      ] GC(156) - age   4:     146296 bytes,    3246576 total
[2023-11-16T05:46:28.558+0000][7][gc,age      ] GC(156) - age   5:     145680 bytes,    3392256 total
[2023-11-16T05:46:28.558+0000][7][gc,age      ] GC(156) - age   6:     162408 bytes,    3554664 total
[2023-11-16T05:46:28.558+0000][7][gc,age      ] GC(156) - age   7:      20616 bytes,    3575280 total
[2023-11-16T05:46:28.558+0000][7][gc,age      ] GC(156) - age   8:     104096 bytes,    3679376 total
[2023-11-16T05:46:28.558+0000][7][gc,age      ] GC(156) - age   9:       2472 bytes,    3681848 total
[2023-11-16T05:46:28.558+0000][7][gc,age      ] GC(156) - age  10:        592 bytes,    3682440 total
[2023-11-16T05:46:28.558+0000][7][gc,age      ] GC(156) - age  11:     128128 bytes,    3810568 total
[2023-11-16T05:46:28.558+0000][7][gc,age      ] GC(156) - age  12:       1360 bytes,    3811928 total
[2023-11-16T05:46:28.558+0000][7][gc,age      ] GC(156) - age  13:        568 bytes,    3812496 total
[2023-11-16T05:46:28.558+0000][7][gc,age      ] GC(156) - age  14:      33520 bytes,    3846016 total
[2023-11-16T05:46:28.558+0000][7][gc,age      ] GC(156) - age  15:        128 bytes,    3846144 total
[2023-11-16T05:46:28.558+0000][7][gc,phases   ] GC(156)   Pre Evacuate Collection Set: 0.1ms
[2023-11-16T05:46:28.558+0000][7][gc,phases   ] GC(156)   Merge Heap Roots: 0.0ms
[2023-11-16T05:46:28.558+0000][7][gc,phases   ] GC(156)   Evacuate Collection Set: 1.6ms
[2023-11-16T05:46:28.558+0000][7][gc,phases   ] GC(156)   Post Evacuate Collection Set: 0.5ms
[2023-11-16T05:46:28.558+0000][7][gc,phases   ] GC(156)   Other: 0.2ms
[2023-11-16T05:46:28.558+0000][7][gc,heap     ] GC(156) Eden regions: 69->0(69)
[2023-11-16T05:46:28.558+0000][7][gc,heap     ] GC(156) Survivor regions: 1->1(9)
[2023-11-16T05:46:28.558+0000][7][gc,heap     ] GC(156) Old regions: 29->29
[2023-11-16T05:46:28.558+0000][7][gc,heap     ] GC(156) Archive regions: 2->2
[2023-11-16T05:46:28.558+0000][7][gc,heap     ] GC(156) Humongous regions: 5->5
[2023-11-16T05:46:28.558+0000][7][gc,metaspace] GC(156) Metaspace: 118907K(120640K)->118907K(120640K) NonClass: 103116K(104128K)->103116K(104128K) Class: 15790K(16512K)->15790K(16512K)
[2023-11-16T05:46:28.558+0000][7][gc          ] GC(156) Pause Young (Normal) (G1 Evacuation Pause) 417M->142M(512M) 2.496ms
[2023-11-16T05:46:28.558+0000][7][gc,cpu      ] GC(156) User=0.01s Sys=0.00s Real=0.00s
[2023-11-16T05:46:28.558+0000][7][safepoint   ] Safepoint "G1CollectForAllocation", Time since last: 3677471540 ns, Reaching safepoint: 90889 ns, At safepoint: 2554725 ns, Total: 2645614 ns
[2023-11-16T05:46:30.559+0000][7][safepoint   ] Safepoint "Cleanup", Time since last: 2000671864 ns, Reaching safepoint: 53848 ns, At safepoint: 4369 ns, Total: 58217 ns
[2023-11-16T05:46:31.559+0000][7][safepoint   ] Safepoint "Cleanup", Time since last: 1000212432 ns, Reaching safepoint: 94184 ns, At safepoint: 9126 ns, Total: 103310 ns
[2023-11-16T05:46:34.300+0000][7][gc,start    ] GC(157) Pause Young (Normal) (G1 Evacuation Pause)
[2023-11-16T05:46:34.300+0000][7][gc,task     ] GC(157) Using 8 workers of 8 for evacuation
[2023-11-16T05:46:34.300+0000][7][gc,age      ] GC(157) Desired survivor size 18874368 bytes, new threshold 15 (max threshold 15)
[2023-11-16T05:46:34.302+0000][7][gc,age      ] GC(157) Age table with threshold 15 (max threshold 15)
[2023-11-16T05:46:34.302+0000][7][gc,age      ] GC(157) - age   1:    1003264 bytes,    1003264 total
[2023-11-16T05:46:34.302+0000][7][gc,age      ] GC(157) - age   2:      55544 bytes,    1058808 total
[2023-11-16T05:46:34.302+0000][7][gc,age      ] GC(157) - age   3:     146520 bytes,    1205328 total
[2023-11-16T05:46:34.302+0000][7][gc,age      ] GC(157) - age   4:       4000 bytes,    1209328 total
[2023-11-16T05:46:34.302+0000][7][gc,age      ] GC(157) - age   5:     145952 bytes,    1355280 total
[2023-11-16T05:46:34.302+0000][7][gc,age      ] GC(157) - age   6:     145336 bytes,    1500616 total
[2023-11-16T05:46:34.302+0000][7][gc,age      ] GC(157) - age   7:     162352 bytes,    1662968 total
[2023-11-16T05:46:34.302+0000][7][gc,age      ] GC(157) - age   8:      20304 bytes,    1683272 total
[2023-11-16T05:46:34.302+0000][7][gc,age      ] GC(157) - age   9:     104096 bytes,    1787368 total
[2023-11-16T05:46:34.302+0000][7][gc,age      ] GC(157) - age  10:       2472 bytes,    1789840 total
[2023-11-16T05:46:34.302+0000][7][gc,age      ] GC(157) - age  11:        448 bytes,    1790288 total
[2023-11-16T05:46:34.302+0000][7][gc,age      ] GC(157) - age  12:        544 bytes,    1790832 total
[2023-11-16T05:46:34.302+0000][7][gc,age      ] GC(157) - age  13:       1328 bytes,    1792160 total
[2023-11-16T05:46:34.302+0000][7][gc,age      ] GC(157) - age  14:        568 bytes,    1792728 total
[2023-11-16T05:46:34.302+0000][7][gc,age      ] GC(157) - age  15:      33456 bytes,    1826184 total
[2023-11-16T05:46:34.302+0000][7][gc,phases   ] GC(157)   Pre Evacuate Collection Set: 0.1ms
[2023-11-16T05:46:34.302+0000][7][gc,phases   ] GC(157)   Merge Heap Roots: 0.0ms
[2023-11-16T05:46:34.302+0000][7][gc,phases   ] GC(157)   Evacuate Collection Set: 1.0ms
[2023-11-16T05:46:34.302+0000][7][gc,phases   ] GC(157)   Post Evacuate Collection Set: 0.5ms
[2023-11-16T05:46:34.302+0000][7][gc,phases   ] GC(157)   Other: 0.3ms
[2023-11-16T05:46:34.302+0000][7][gc,heap     ] GC(157) Eden regions: 69->0(69)
[2023-11-16T05:46:34.302+0000][7][gc,heap     ] GC(157) Survivor regions: 1->1(9)
[2023-11-16T05:46:34.302+0000][7][gc,heap     ] GC(157) Old regions: 29->29
[2023-11-16T05:46:34.302+0000][7][gc,heap     ] GC(157) Archive regions: 2->2
[2023-11-16T05:46:34.302+0000][7][gc,heap     ] GC(157) Humongous regions: 5->5
[2023-11-16T05:46:34.302+0000][7][gc,metaspace] GC(157) Metaspace: 118912K(120640K)->118912K(120640K) NonClass: 103121K(104128K)->103121K(104128K) Class: 15790K(16512K)->15790K(16512K)
[2023-11-16T05:46:34.302+0000][7][gc          ] GC(157) Pause Young (Normal) (G1 Evacuation Pause) 418M->140M(512M) 1.974ms
[2023-11-16T05:46:34.302+0000][7][gc,cpu      ] GC(157) User=0.01s Sys=0.00s Real=0.00s
[2023-11-16T05:46:34.302+0000][7][safepoint   ] Safepoint "G1CollectForAllocation", Time since last: 2741171849 ns, Reaching safepoint: 92549 ns, At safepoint: 2038656 ns, Total: 2131205 ns
[2023-11-16T05:46:36.303+0000][7][safepoint   ] Safepoint "Cleanup", Time since last: 2000555296 ns, Reaching safepoint: 158954 ns, At safepoint: 6624 ns, Total: 165578 ns
[2023-11-16T05:46:38.303+0000][7][safepoint   ] Safepoint "Cleanup", Time since last: 2000196774 ns, Reaching safepoint: 62300 ns, At safepoint: 9102 ns, Total: 71402 ns
[2023-11-16T05:46:41.389+0000][7][gc,start    ] GC(158) Pause Young (Normal) (G1 Evacuation Pause)
[2023-11-16T05:46:41.389+0000][7][gc,task     ] GC(158) Using 8 workers of 8 for evacuation
[2023-11-16T05:46:41.389+0000][7][gc,age      ] GC(158) Desired survivor size 18874368 bytes, new threshold 15 (max threshold 15)
[2023-11-16T05:46:41.392+0000][7][gc,age      ] GC(158) Age table with threshold 15 (max threshold 15)
[2023-11-16T05:46:41.392+0000][7][gc,age      ] GC(158) - age   1:    2406256 bytes,    2406256 total
[2023-11-16T05:46:41.392+0000][7][gc,age      ] GC(158) - age   2:     432840 bytes,    2839096 total
[2023-11-16T05:46:41.392+0000][7][gc,age      ] GC(158) - age   3:      53064 bytes,    2892160 total
[2023-11-16T05:46:41.392+0000][7][gc,age      ] GC(158) - age   4:     144536 bytes,    3036696 total
[2023-11-16T05:46:41.392+0000][7][gc,age      ] GC(158) - age   5:       3240 bytes,    3039936 total
[2023-11-16T05:46:41.392+0000][7][gc,age      ] GC(158) - age   6:     145760 bytes,    3185696 total
[2023-11-16T05:46:41.392+0000][7][gc,age      ] GC(158) - age   7:     145144 bytes,    3330840 total
[2023-11-16T05:46:41.392+0000][7][gc,age      ] GC(158) - age   8:     162352 bytes,    3493192 total
[2023-11-16T05:46:41.392+0000][7][gc,age      ] GC(158) - age   9:      20304 bytes,    3513496 total
[2023-11-16T05:46:41.392+0000][7][gc,age      ] GC(158) - age  10:     103904 bytes,    3617400 total
[2023-11-16T05:46:41.392+0000][7][gc,age      ] GC(158) - age  11:       2472 bytes,    3619872 total
[2023-11-16T05:46:41.392+0000][7][gc,age      ] GC(158) - age  12:        448 bytes,    3620320 total
[2023-11-16T05:46:41.392+0000][7][gc,age      ] GC(158) - age  13:        544 bytes,    3620864 total
[2023-11-16T05:46:41.392+0000][7][gc,age      ] GC(158) - age  14:       1328 bytes,    3622192 total
[2023-11-16T05:46:41.392+0000][7][gc,age      ] GC(158) - age  15:        568 bytes,    3622760 total
[2023-11-16T05:46:41.392+0000][7][gc,phases   ] GC(158)   Pre Evacuate Collection Set: 0.1ms
[2023-11-16T05:46:41.392+0000][7][gc,phases   ] GC(158)   Merge Heap Roots: 0.1ms
[2023-11-16T05:46:41.392+0000][7][gc,phases   ] GC(158)   Evacuate Collection Set: 2.4ms
[2023-11-16T05:46:41.392+0000][7][gc,phases   ] GC(158)   Post Evacuate Collection Set: 0.6ms
[2023-11-16T05:46:41.392+0000][7][gc,phases   ] GC(158)   Other: 0.3ms
[2023-11-16T05:46:41.392+0000][7][gc,heap     ] GC(158) Eden regions: 69->0(69)
[2023-11-16T05:46:41.392+0000][7][gc,heap     ] GC(158) Survivor regions: 1->1(9)
[2023-11-16T05:46:41.392+0000][7][gc,heap     ] GC(158) Old regions: 29->29
[2023-11-16T05:46:41.392+0000][7][gc,heap     ] GC(158) Archive regions: 2->2
[2023-11-16T05:46:41.392+0000][7][gc,heap     ] GC(158) Humongous regions: 5->5
[2023-11-16T05:46:41.392+0000][7][gc,metaspace] GC(158) Metaspace: 118912K(120640K)->118912K(120640K) NonClass: 103121K(104128K)->103121K(104128K) Class: 15790K(16512K)->15790K(16512K)
[2023-11-16T05:46:41.392+0000][7][gc          ] GC(158) Pause Young (Normal) (G1 Evacuation Pause) 416M->141M(512M) 3.404ms
[2023-11-16T05:46:41.392+0000][7][gc,cpu      ] GC(158) User=0.01s Sys=0.01s Real=0.00s
[2023-11-16T05:46:41.392+0000][7][safepoint   ] Safepoint "G1CollectForAllocation", Time since last: 3085255240 ns, Reaching safepoint: 100542 ns, At safepoint: 3470402 ns, Total: 3570944 ns
[2023-11-16T05:46:45.393+0000][7][safepoint   ] Safepoint "Cleanup", Time since last: 4000337108 ns, Reaching safepoint: 38238 ns, At safepoint: 5274 ns, Total: 43512 ns
[2023-11-16T05:46:47.393+0000][7][safepoint   ] Safepoint "Cleanup", Time since last: 2000151521 ns, Reaching safepoint: 73096 ns, At safepoint: 5973 ns, Total: 79069 ns
[2023-11-16T05:46:49.379+0000][7][gc,start    ] GC(159) Pause Young (Normal) (G1 Evacuation Pause)
[2023-11-16T05:46:49.379+0000][7][gc,task     ] GC(159) Using 8 workers of 8 for evacuation
[2023-11-16T05:46:49.380+0000][7][gc,age      ] GC(159) Desired survivor size 18874368 bytes, new threshold 15 (max threshold 15)
[2023-11-16T05:46:49.382+0000][7][gc,age      ] GC(159) Age table with threshold 15 (max threshold 15)
[2023-11-16T05:46:49.382+0000][7][gc,age      ] GC(159) - age   1:    1815200 bytes,    1815200 total
[2023-11-16T05:46:49.382+0000][7][gc,age      ] GC(159) - age   2:     474880 bytes,    2290080 total
[2023-11-16T05:46:49.382+0000][7][gc,age      ] GC(159) - age   3:     233640 bytes,    2523720 total
[2023-11-16T05:46:49.382+0000][7][gc,age      ] GC(159) - age   4:      52392 bytes,    2576112 total
[2023-11-16T05:46:49.382+0000][7][gc,age      ] GC(159) - age   5:     144096 bytes,    2720208 total
[2023-11-16T05:46:49.382+0000][7][gc,age      ] GC(159) - age   6:       3240 bytes,    2723448 total
[2023-11-16T05:46:49.382+0000][7][gc,age      ] GC(159) - age   7:     145024 bytes,    2868472 total
[2023-11-16T05:46:49.382+0000][7][gc,age      ] GC(159) - age   8:        936 bytes,    2869408 total
[2023-11-16T05:46:49.382+0000][7][gc,age      ] GC(159) - age   9:     162352 bytes,    3031760 total
[2023-11-16T05:46:49.382+0000][7][gc,age      ] GC(159) - age  10:      20240 bytes,    3052000 total
[2023-11-16T05:46:49.382+0000][7][gc,age      ] GC(159) - age  11:     103904 bytes,    3155904 total
[2023-11-16T05:46:49.382+0000][7][gc,age      ] GC(159) - age  12:       2472 bytes,    3158376 total
[2023-11-16T05:46:49.382+0000][7][gc,age      ] GC(159) - age  13:        448 bytes,    3158824 total
[2023-11-16T05:46:49.382+0000][7][gc,age      ] GC(159) - age  14:        448 bytes,    3159272 total
[2023-11-16T05:46:49.382+0000][7][gc,age      ] GC(159) - age  15:       1328 bytes,    3160600 total
[2023-11-16T05:46:49.382+0000][7][gc,phases   ] GC(159)   Pre Evacuate Collection Set: 0.1ms
[2023-11-16T05:46:49.382+0000][7][gc,phases   ] GC(159)   Merge Heap Roots: 0.1ms
[2023-11-16T05:46:49.382+0000][7][gc,phases   ] GC(159)   Evacuate Collection Set: 1.4ms
[2023-11-16T05:46:49.382+0000][7][gc,phases   ] GC(159)   Post Evacuate Collection Set: 0.6ms
[2023-11-16T05:46:49.382+0000][7][gc,phases   ] GC(159)   Other: 0.2ms
[2023-11-16T05:46:49.382+0000][7][gc,heap     ] GC(159) Eden regions: 69->0(69)
[2023-11-16T05:46:49.382+0000][7][gc,heap     ] GC(159) Survivor regions: 1->1(9)
[2023-11-16T05:46:49.382+0000][7][gc,heap     ] GC(159) Old regions: 29->29
[2023-11-16T05:46:49.382+0000][7][gc,heap     ] GC(159) Archive regions: 2->2
[2023-11-16T05:46:49.382+0000][7][gc,heap     ] GC(159) Humongous regions: 5->5
[2023-11-16T05:46:49.382+0000][7][gc,metaspace] GC(159) Metaspace: 118913K(120640K)->118913K(120640K) NonClass: 103122K(104128K)->103122K(104128K) Class: 15790K(16512K)->15790K(16512K)
[2023-11-16T05:46:49.382+0000][7][gc          ] GC(159) Pause Young (Normal) (G1 Evacuation Pause) 417M->141M(512M) 2.383ms
[2023-11-16T05:46:49.382+0000][7][gc,cpu      ] GC(159) User=0.01s Sys=0.00s Real=0.00s
[2023-11-16T05:46:49.382+0000][7][safepoint   ] Safepoint "G1CollectForAllocation", Time since last: 1986546880 ns, Reaching safepoint: 31486 ns, At safepoint: 2473714 ns, Total: 2505200 ns
[2023-11-16T05:46:51.382+0000][7][safepoint   ] Safepoint "Cleanup", Time since last: 2000127020 ns, Reaching safepoint: 97041 ns, At safepoint: 5609 ns, Total: 102650 ns
[2023-11-16T05:46:55.435+0000][7][gc,start    ] GC(160) Pause Young (Normal) (G1 Evacuation Pause)
[2023-11-16T05:46:55.435+0000][7][gc,task     ] GC(160) Using 8 workers of 8 for evacuation
[2023-11-16T05:46:55.435+0000][7][gc,age      ] GC(160) Desired survivor size 18874368 bytes, new threshold 15 (max threshold 15)
[2023-11-16T05:46:55.437+0000][7][gc,age      ] GC(160) Age table with threshold 15 (max threshold 15)
[2023-11-16T05:46:55.437+0000][7][gc,age      ] GC(160) - age   1:    1687400 bytes,    1687400 total
[2023-11-16T05:46:55.437+0000][7][gc,age      ] GC(160) - age   2:     388432 bytes,    2075832 total
[2023-11-16T05:46:55.437+0000][7][gc,age      ] GC(160) - age   3:     472632 bytes,    2548464 total
[2023-11-16T05:46:55.437+0000][7][gc,age      ] GC(160) - age   4:     232720 bytes,    2781184 total
[2023-11-16T05:46:55.437+0000][7][gc,age      ] GC(160) - age   5:      44696 bytes,    2825880 total
[2023-11-16T05:46:55.437+0000][7][gc,age      ] GC(160) - age   6:     144032 bytes,    2969912 total
[2023-11-16T05:46:55.437+0000][7][gc,age      ] GC(160) - age   7:       3096 bytes,    2973008 total
[2023-11-16T05:46:55.437+0000][7][gc,age      ] GC(160) - age   8:        696 bytes,    2973704 total
[2023-11-16T05:46:55.437+0000][7][gc,age      ] GC(160) - age   9:        936 bytes,    2974640 total
[2023-11-16T05:46:55.437+0000][7][gc,age      ] GC(160) - age  10:     162352 bytes,    3136992 total
[2023-11-16T05:46:55.437+0000][7][gc,age      ] GC(160) - age  11:      20240 bytes,    3157232 total
[2023-11-16T05:46:55.437+0000][7][gc,age      ] GC(160) - age  12:     103776 bytes,    3261008 total
[2023-11-16T05:46:55.437+0000][7][gc,age      ] GC(160) - age  13:       2176 bytes,    3263184 total
[2023-11-16T05:46:55.437+0000][7][gc,age      ] GC(160) - age  14:        264 bytes,    3263448 total
[2023-11-16T05:46:55.437+0000][7][gc,age      ] GC(160) - age  15:        448 bytes,    3263896 total
[2023-11-16T05:46:55.437+0000][7][gc,phases   ] GC(160)   Pre Evacuate Collection Set: 0.1ms
[2023-11-16T05:46:55.437+0000][7][gc,phases   ] GC(160)   Merge Heap Roots: 0.0ms
[2023-11-16T05:46:55.437+0000][7][gc,phases   ] GC(160)   Evacuate Collection Set: 1.7ms
[2023-11-16T05:46:55.437+0000][7][gc,phases   ] GC(160)   Post Evacuate Collection Set: 0.6ms
[2023-11-16T05:46:55.437+0000][7][gc,phases   ] GC(160)   Other: 0.3ms
[2023-11-16T05:46:55.437+0000][7][gc,heap     ] GC(160) Eden regions: 69->0(69)
[2023-11-16T05:46:55.437+0000][7][gc,heap     ] GC(160) Survivor regions: 1->1(9)
[2023-11-16T05:46:55.437+0000][7][gc,heap     ] GC(160) Old regions: 29->29
[2023-11-16T05:46:55.437+0000][7][gc,heap     ] GC(160) Archive regions: 2->2
[2023-11-16T05:46:55.437+0000][7][gc,heap     ] GC(160) Humongous regions: 5->5
[2023-11-16T05:46:55.437+0000][7][gc,metaspace] GC(160) Metaspace: 118914K(120640K)->118914K(120640K) NonClass: 103123K(104128K)->103123K(104128K) Class: 15790K(16512K)->15790K(16512K)
[2023-11-16T05:46:55.437+0000][7][gc          ] GC(160) Pause Young (Normal) (G1 Evacuation Pause) 417M->141M(512M) 2.764ms
[2023-11-16T05:46:55.437+0000][7][gc,cpu      ] GC(160) User=0.01s Sys=0.00s Real=0.00s
[2023-11-16T05:46:55.437+0000][7][safepoint   ] Safepoint "G1CollectForAllocation", Time since last: 4052374114 ns, Reaching safepoint: 69638 ns, At safepoint: 2852919 ns, Total: 2922557 ns
[2023-11-16T05:46:59.438+0000][7][safepoint   ] Safepoint "Cleanup", Time since last: 4000690225 ns, Reaching safepoint: 55076 ns, At safepoint: 5409 ns, Total: 60485 ns
[2023-11-16T05:47:01.226+0000][7][gc,start    ] GC(161) Pause Young (Normal) (G1 Evacuation Pause)
[2023-11-16T05:47:01.226+0000][7][gc,task     ] GC(161) Using 8 workers of 8 for evacuation
[2023-11-16T05:47:01.226+0000][7][gc,age      ] GC(161) Desired survivor size 18874368 bytes, new threshold 15 (max threshold 15)
[2023-11-16T05:47:01.228+0000][7][gc,age      ] GC(161) Age table with threshold 15 (max threshold 15)
[2023-11-16T05:47:01.228+0000][7][gc,age      ] GC(161) - age   1:    1132504 bytes,    1132504 total
[2023-11-16T05:47:01.228+0000][7][gc,age      ] GC(161) - age   2:     156040 bytes,    1288544 total
[2023-11-16T05:47:01.228+0000][7][gc,age      ] GC(161) - age   3:     145720 bytes,    1434264 total
[2023-11-16T05:47:01.228+0000][7][gc,age      ] GC(161) - age   4:      62096 bytes,    1496360 total
[2023-11-16T05:47:01.228+0000][7][gc,age      ] GC(161) - age   5:     231056 bytes,    1727416 total
[2023-11-16T05:47:01.228+0000][7][gc,age      ] GC(161) - age   6:       1104 bytes,    1728520 total
[2023-11-16T05:47:01.228+0000][7][gc,age      ] GC(161) - age   7:     143688 bytes,    1872208 total
[2023-11-16T05:47:01.228+0000][7][gc,age      ] GC(161) - age   8:       3096 bytes,    1875304 total
[2023-11-16T05:47:01.228+0000][7][gc,age      ] GC(161) - age   9:        400 bytes,    1875704 total
[2023-11-16T05:47:01.228+0000][7][gc,age      ] GC(161) - age  10:        904 bytes,    1876608 total
[2023-11-16T05:47:01.228+0000][7][gc,age      ] GC(161) - age  11:     162352 bytes,    2038960 total
[2023-11-16T05:47:01.228+0000][7][gc,age      ] GC(161) - age  12:      19928 bytes,    2058888 total
[2023-11-16T05:47:01.228+0000][7][gc,age      ] GC(161) - age  13:        336 bytes,    2059224 total
[2023-11-16T05:47:01.228+0000][7][gc,age      ] GC(161) - age  14:       2176 bytes,    2061400 total
[2023-11-16T05:47:01.228+0000][7][gc,age      ] GC(161) - age  15:        264 bytes,    2061664 total
[2023-11-16T05:47:01.228+0000][7][gc,phases   ] GC(161)   Pre Evacuate Collection Set: 0.1ms
[2023-11-16T05:47:01.228+0000][7][gc,phases   ] GC(161)   Merge Heap Roots: 0.0ms
[2023-11-16T05:47:01.228+0000][7][gc,phases   ] GC(161)   Evacuate Collection Set: 1.0ms
[2023-11-16T05:47:01.228+0000][7][gc,phases   ] GC(161)   Post Evacuate Collection Set: 0.5ms
[2023-11-16T05:47:01.228+0000][7][gc,phases   ] GC(161)   Other: 0.2ms
[2023-11-16T05:47:01.228+0000][7][gc,heap     ] GC(161) Eden regions: 69->0(69)
[2023-11-16T05:47:01.228+0000][7][gc,heap     ] GC(161) Survivor regions: 1->1(9)
[2023-11-16T05:47:01.228+0000][7][gc,heap     ] GC(161) Old regions: 29->29
[2023-11-16T05:47:01.228+0000][7][gc,heap     ] GC(161) Archive regions: 2->2
[2023-11-16T05:47:01.228+0000][7][gc,heap     ] GC(161) Humongous regions: 5->5
[2023-11-16T05:47:01.228+0000][7][gc,metaspace] GC(161) Metaspace: 118916K(120640K)->118916K(120640K) NonClass: 103125K(104128K)->103125K(104128K) Class: 15790K(16512K)->15790K(16512K)
[2023-11-16T05:47:01.228+0000][7][gc          ] GC(161) Pause Young (Normal) (G1 Evacuation Pause) 417M->140M(512M) 1.947ms
[2023-11-16T05:47:01.228+0000][7][gc,cpu      ] GC(161) User=0.01s Sys=0.00s Real=0.00s
[2023-11-16T05:47:01.228+0000][7][safepoint   ] Safepoint "G1CollectForAllocation", Time since last: 1787652416 ns, Reaching safepoint: 68484 ns, At safepoint: 2004478 ns, Total: 2072962 ns
[2023-11-16T05:47:05.229+0000][7][safepoint   ] Safepoint "Cleanup", Time since last: 4000734572 ns, Reaching safepoint: 135340 ns, At safepoint: 5938 ns, Total: 141278 ns
[2023-11-16T05:47:06.229+0000][7][safepoint   ] Safepoint "Cleanup", Time since last: 1000127600 ns, Reaching safepoint: 36629 ns, At safepoint: 5867 ns, Total: 42496 ns
[2023-11-16T05:47:08.229+0000][7][safepoint   ] Safepoint "Cleanup", Time since last: 2000430580 ns, Reaching safepoint: 50317 ns, At safepoint: 4249 ns, Total: 54566 ns
[2023-11-16T05:47:08.610+0000][7][gc,start    ] GC(162) Pause Young (Normal) (G1 Evacuation Pause)
[2023-11-16T05:47:08.610+0000][7][gc,task     ] GC(162) Using 8 workers of 8 for evacuation
[2023-11-16T05:47:08.610+0000][7][gc,age      ] GC(162) Desired survivor size 18874368 bytes, new threshold 15 (max threshold 15)
[2023-11-16T05:47:08.614+0000][7][gc,age      ] GC(162) Age table with threshold 15 (max threshold 15)
[2023-11-16T05:47:08.614+0000][7][gc,age      ] GC(162) - age   1:    2417936 bytes,    2417936 total
[2023-11-16T05:47:08.614+0000][7][gc,age      ] GC(162) - age   2:     468464 bytes,    2886400 total
[2023-11-16T05:47:08.614+0000][7][gc,age      ] GC(162) - age   3:     154448 bytes,    3040848 total
[2023-11-16T05:47:08.614+0000][7][gc,age      ] GC(162) - age   4:     144968 bytes,    3185816 total
[2023-11-16T05:47:08.614+0000][7][gc,age      ] GC(162) - age   5:      61480 bytes,    3247296 total
[2023-11-16T05:47:08.614+0000][7][gc,age      ] GC(162) - age   6:     230776 bytes,    3478072 total
[2023-11-16T05:47:08.614+0000][7][gc,age      ] GC(162) - age   7:        976 bytes,    3479048 total
[2023-11-16T05:47:08.614+0000][7][gc,age      ] GC(162) - age   8:     143688 bytes,    3622736 total
[2023-11-16T05:47:08.614+0000][7][gc,age      ] GC(162) - age   9:       3096 bytes,    3625832 total
[2023-11-16T05:47:08.614+0000][7][gc,age      ] GC(162) - age  10:        336 bytes,    3626168 total
[2023-11-16T05:47:08.614+0000][7][gc,age      ] GC(162) - age  11:        840 bytes,    3627008 total
[2023-11-16T05:47:08.614+0000][7][gc,age      ] GC(162) - age  12:     162352 bytes,    3789360 total
[2023-11-16T05:47:08.614+0000][7][gc,age      ] GC(162) - age  13:      19928 bytes,    3809288 total
[2023-11-16T05:47:08.614+0000][7][gc,age      ] GC(162) - age  14:        240 bytes,    3809528 total
[2023-11-16T05:47:08.614+0000][7][gc,age      ] GC(162) - age  15:       2176 bytes,    3811704 total
[2023-11-16T05:47:08.614+0000][7][gc,phases   ] GC(162)   Pre Evacuate Collection Set: 0.1ms
[2023-11-16T05:47:08.614+0000][7][gc,phases   ] GC(162)   Merge Heap Roots: 0.1ms
[2023-11-16T05:47:08.614+0000][7][gc,phases   ] GC(162)   Evacuate Collection Set: 2.5ms
[2023-11-16T05:47:08.614+0000][7][gc,phases   ] GC(162)   Post Evacuate Collection Set: 0.6ms
[2023-11-16T05:47:08.614+0000][7][gc,phases   ] GC(162)   Other: 0.3ms
[2023-11-16T05:47:08.614+0000][7][gc,heap     ] GC(162) Eden regions: 69->0(69)
[2023-11-16T05:47:08.614+0000][7][gc,heap     ] GC(162) Survivor regions: 1->1(9)
[2023-11-16T05:47:08.614+0000][7][gc,heap     ] GC(162) Old regions: 29->29
[2023-11-16T05:47:08.614+0000][7][gc,heap     ] GC(162) Archive regions: 2->2
[2023-11-16T05:47:08.614+0000][7][gc,heap     ] GC(162) Humongous regions: 5->5
[2023-11-16T05:47:08.614+0000][7][gc,metaspace] GC(162) Metaspace: 118920K(120640K)->118920K(120640K) NonClass: 103129K(104128K)->103129K(104128K) Class: 15790K(16512K)->15790K(16512K)
[2023-11-16T05:47:08.614+0000][7][gc          ] GC(162) Pause Young (Normal) (G1 Evacuation Pause) 416M->142M(512M) 3.539ms
[2023-11-16T05:47:08.614+0000][7][gc,cpu      ] GC(162) User=0.01s Sys=0.00s Real=0.00s
[2023-11-16T05:47:08.614+0000][7][safepoint   ] Safepoint "G1CollectForAllocation", Time since last: 380729893 ns, Reaching safepoint: 79480 ns, At safepoint: 3641754 ns, Total: 3721234 ns
[2023-11-16T05:47:15.604+0000][7][gc,start    ] GC(163) Pause Young (Normal) (G1 Evacuation Pause)
[2023-11-16T05:47:15.604+0000][7][gc,task     ] GC(163) Using 8 workers of 8 for evacuation
[2023-11-16T05:47:15.604+0000][7][gc,age      ] GC(163) Desired survivor size 18874368 bytes, new threshold 15 (max threshold 15)
[2023-11-16T05:47:15.607+0000][7][gc,age      ] GC(163) Age table with threshold 15 (max threshold 15)
[2023-11-16T05:47:15.607+0000][7][gc,age      ] GC(163) - age   1:    1726472 bytes,    1726472 total
[2023-11-16T05:47:15.607+0000][7][gc,age      ] GC(163) - age   2:     213816 bytes,    1940288 total
[2023-11-16T05:47:15.607+0000][7][gc,age      ] GC(163) - age   3:     367880 bytes,    2308168 total
[2023-11-16T05:47:15.607+0000][7][gc,age      ] GC(163) - age   4:     153248 bytes,    2461416 total
[2023-11-16T05:47:15.607+0000][7][gc,age      ] GC(163) - age   5:     144504 bytes,    2605920 total
[2023-11-16T05:47:15.607+0000][7][gc,age      ] GC(163) - age   6:      61384 bytes,    2667304 total
[2023-11-16T05:47:15.607+0000][7][gc,age      ] GC(163) - age   7:     230584 bytes,    2897888 total
[2023-11-16T05:47:15.607+0000][7][gc,age      ] GC(163) - age   8:        912 bytes,    2898800 total
[2023-11-16T05:47:15.607+0000][7][gc,age      ] GC(163) - age   9:        144 bytes,    2898944 total
[2023-11-16T05:47:15.607+0000][7][gc,age      ] GC(163) - age  10:        736 bytes,    2899680 total
[2023-11-16T05:47:15.607+0000][7][gc,age      ] GC(163) - age  11:        336 bytes,    2900016 total
[2023-11-16T05:47:15.607+0000][7][gc,age      ] GC(163) - age  12:        840 bytes,    2900856 total
[2023-11-16T05:47:15.607+0000][7][gc,age      ] GC(163) - age  13:     162352 bytes,    3063208 total
[2023-11-16T05:47:15.607+0000][7][gc,age      ] GC(163) - age  14:      19864 bytes,    3083072 total
[2023-11-16T05:47:15.607+0000][7][gc,age      ] GC(163) - age  15:        240 bytes,    3083312 total
[2023-11-16T05:47:15.607+0000][7][gc,phases   ] GC(163)   Pre Evacuate Collection Set: 0.1ms
[2023-11-16T05:47:15.607+0000][7][gc,phases   ] GC(163)   Merge Heap Roots: 0.2ms
[2023-11-16T05:47:15.607+0000][7][gc,phases   ] GC(163)   Evacuate Collection Set: 1.6ms
[2023-11-16T05:47:15.607+0000][7][gc,phases   ] GC(163)   Post Evacuate Collection Set: 0.6ms
[2023-11-16T05:47:15.607+0000][7][gc,phases   ] GC(163)   Other: 0.3ms
[2023-11-16T05:47:15.607+0000][7][gc,heap     ] GC(163) Eden regions: 69->0(69)
[2023-11-16T05:47:15.607+0000][7][gc,heap     ] GC(163) Survivor regions: 1->1(9)
[2023-11-16T05:47:15.607+0000][7][gc,heap     ] GC(163) Old regions: 29->29
[2023-11-16T05:47:15.607+0000][7][gc,heap     ] GC(163) Archive regions: 2->2
[2023-11-16T05:47:15.607+0000][7][gc,heap     ] GC(163) Humongous regions: 5->5
[2023-11-16T05:47:15.607+0000][7][gc,metaspace] GC(163) Metaspace: 118920K(120640K)->118920K(120640K) NonClass: 103129K(104128K)->103129K(104128K) Class: 15790K(16512K)->15790K(16512K)
[2023-11-16T05:47:15.607+0000][7][gc          ] GC(163) Pause Young (Normal) (G1 Evacuation Pause) 418M->141M(512M) 2.753ms
[2023-11-16T05:47:15.607+0000][7][gc,cpu      ] GC(163) User=0.02s Sys=0.00s Real=0.00s
[2023-11-16T05:47:15.607+0000][7][safepoint   ] Safepoint "G1CollectForAllocation", Time since last: 6990141477 ns, Reaching safepoint: 118356 ns, At safepoint: 2831256 ns, Total: 2949612 ns
[2023-11-16T05:47:17.607+0000][7][safepoint   ] Safepoint "Cleanup", Time since last: 2000359255 ns, Reaching safepoint: 32182 ns, At safepoint: 5871 ns, Total: 38053 ns
[2023-11-16T05:47:18.608+0000][7][safepoint   ] Safepoint "Cleanup", Time since last: 1000178009 ns, Reaching safepoint: 161552 ns, At safepoint: 29075 ns, Total: 190627 ns
[2023-11-16T05:47:21.608+0000][7][safepoint   ] Safepoint "Cleanup", Time since last: 3000710083 ns, Reaching safepoint: 70178 ns, At safepoint: 7290 ns, Total: 77468 ns
[2023-11-16T05:47:21.704+0000][7][gc,start    ] GC(164) Pause Young (Normal) (G1 Evacuation Pause)
[2023-11-16T05:47:21.704+0000][7][gc,task     ] GC(164) Using 8 workers of 8 for evacuation
[2023-11-16T05:47:21.704+0000][7][gc,age      ] GC(164) Desired survivor size 18874368 bytes, new threshold 15 (max threshold 15)
[2023-11-16T05:47:21.706+0000][7][gc,age      ] GC(164) Age table with threshold 15 (max threshold 15)
[2023-11-16T05:47:21.706+0000][7][gc,age      ] GC(164) - age   1:    1466800 bytes,    1466800 total
[2023-11-16T05:47:21.706+0000][7][gc,age      ] GC(164) - age   2:     402608 bytes,    1869408 total
[2023-11-16T05:47:21.706+0000][7][gc,age      ] GC(164) - age   3:     211696 bytes,    2081104 total
[2023-11-16T05:47:21.706+0000][7][gc,age      ] GC(164) - age   4:     367240 bytes,    2448344 total
[2023-11-16T05:47:21.706+0000][7][gc,age      ] GC(164) - age   5:       9160 bytes,    2457504 total
[2023-11-16T05:47:21.706+0000][7][gc,age      ] GC(164) - age   6:     144440 bytes,    2601944 total
[2023-11-16T05:47:21.706+0000][7][gc,age      ] GC(164) - age   7:      61256 bytes,    2663200 total
[2023-11-16T05:47:21.706+0000][7][gc,age      ] GC(164) - age   8:     230584 bytes,    2893784 total
[2023-11-16T05:47:21.706+0000][7][gc,age      ] GC(164) - age   9:        848 bytes,    2894632 total
[2023-11-16T05:47:21.706+0000][7][gc,age      ] GC(164) - age  10:        144 bytes,    2894776 total
[2023-11-16T05:47:21.706+0000][7][gc,age      ] GC(164) - age  11:        736 bytes,    2895512 total
[2023-11-16T05:47:21.706+0000][7][gc,age      ] GC(164) - age  12:        272 bytes,    2895784 total
[2023-11-16T05:47:21.706+0000][7][gc,age      ] GC(164) - age  13:        840 bytes,    2896624 total
[2023-11-16T05:47:21.706+0000][7][gc,age      ] GC(164) - age  14:     162224 bytes,    3058848 total
[2023-11-16T05:47:21.706+0000][7][gc,age      ] GC(164) - age  15:      19864 bytes,    3078712 total
[2023-11-16T05:47:21.706+0000][7][gc,phases   ] GC(164)   Pre Evacuate Collection Set: 0.1ms
[2023-11-16T05:47:21.706+0000][7][gc,phases   ] GC(164)   Merge Heap Roots: 0.1ms
[2023-11-16T05:47:21.706+0000][7][gc,phases   ] GC(164)   Evacuate Collection Set: 1.4ms
[2023-11-16T05:47:21.706+0000][7][gc,phases   ] GC(164)   Post Evacuate Collection Set: 0.6ms
[2023-11-16T05:47:21.706+0000][7][gc,phases   ] GC(164)   Other: 0.3ms
[2023-11-16T05:47:21.706+0000][7][gc,heap     ] GC(164) Eden regions: 69->0(69)
[2023-11-16T05:47:21.706+0000][7][gc,heap     ] GC(164) Survivor regions: 1->1(9)
[2023-11-16T05:47:21.706+0000][7][gc,heap     ] GC(164) Old regions: 29->29
[2023-11-16T05:47:21.706+0000][7][gc,heap     ] GC(164) Archive regions: 2->2
[2023-11-16T05:47:21.706+0000][7][gc,heap     ] GC(164) Humongous regions: 5->5
[2023-11-16T05:47:21.706+0000][7][gc,metaspace] GC(164) Metaspace: 118920K(120640K)->118920K(120640K) NonClass: 103129K(104128K)->103129K(104128K) Class: 15790K(16512K)->15790K(16512K)
[2023-11-16T05:47:21.706+0000][7][gc          ] GC(164) Pause Young (Normal) (G1 Evacuation Pause) 417M->141M(512M) 2.369ms
[2023-11-16T05:47:21.706+0000][7][gc,cpu      ] GC(164) User=0.02s Sys=0.00s Real=0.00s
[2023-11-16T05:47:21.706+0000][7][safepoint   ] Safepoint "G1CollectForAllocation", Time since last: 95233894 ns, Reaching safepoint: 22091 ns, At safepoint: 2424174 ns, Total: 2446265 ns
[2023-11-16T05:47:22.706+0000][7][safepoint   ] Safepoint "Cleanup", Time since last: 1000069586 ns, Reaching safepoint: 66929 ns, At safepoint: 3907 ns, Total: 70836 ns
[2023-11-16T05:47:23.707+0000][7][safepoint   ] Safepoint "Cleanup", Time since last: 1000329475 ns, Reaching safepoint: 80460 ns, At safepoint: 7101 ns, Total: 87561 ns
[2023-11-16T05:47:25.707+0000][7][safepoint   ] Safepoint "Cleanup", Time since last: 2000250219 ns, Reaching safepoint: 79991 ns, At safepoint: 12107 ns, Total: 92098 ns
[2023-11-16T05:47:27.707+0000][7][safepoint   ] Safepoint "Cleanup", Time since last: 2000157602 ns, Reaching safepoint: 84616 ns, At safepoint: 7238 ns, Total: 91854 ns
[2023-11-16T05:47:27.709+0000][7][gc,start    ] GC(165) Pause Young (Normal) (G1 Evacuation Pause)
[2023-11-16T05:47:27.709+0000][7][gc,task     ] GC(165) Using 8 workers of 8 for evacuation
[2023-11-16T05:47:27.709+0000][7][gc,age      ] GC(165) Desired survivor size 18874368 bytes, new threshold 15 (max threshold 15)
[2023-11-16T05:47:27.719+0000][7][gc,age      ] GC(165) Age table with threshold 15 (max threshold 15)
[2023-11-16T05:47:27.719+0000][7][gc,age      ] GC(165) - age   1:    1232488 bytes,    1232488 total
[2023-11-16T05:47:27.719+0000][7][gc,age      ] GC(165) - age   2:     539720 bytes,    1772208 total
[2023-11-16T05:47:27.719+0000][7][gc,age      ] GC(165) - age   3:     161584 bytes,    1933792 total
[2023-11-16T05:47:27.719+0000][7][gc,age      ] GC(165) - age   4:       4096 bytes,    1937888 total
[2023-11-16T05:47:27.719+0000][7][gc,age      ] GC(165) - age   5:     270464 bytes,    2208352 total
[2023-11-16T05:47:27.719+0000][7][gc,age      ] GC(165) - age   6:       1392 bytes,    2209744 total
[2023-11-16T05:47:27.719+0000][7][gc,age      ] GC(165) - age   7:     143864 bytes,    2353608 total
[2023-11-16T05:47:27.719+0000][7][gc,age      ] GC(165) - age   8:       2424 bytes,    2356032 total
[2023-11-16T05:47:27.719+0000][7][gc,age      ] GC(165) - age   9:     128136 bytes,    2484168 total
[2023-11-16T05:47:27.719+0000][7][gc,age      ] GC(165) - age  10:        784 bytes,    2484952 total
[2023-11-16T05:47:27.719+0000][7][gc,age      ] GC(165) - age  11:        144 bytes,    2485096 total
[2023-11-16T05:47:27.719+0000][7][gc,age      ] GC(165) - age  12:        672 bytes,    2485768 total
[2023-11-16T05:47:27.719+0000][7][gc,age      ] GC(165) - age  13:        272 bytes,    2486040 total
[2023-11-16T05:47:27.719+0000][7][gc,age      ] GC(165) - age  14:        776 bytes,    2486816 total
[2023-11-16T05:47:27.719+0000][7][gc,age      ] GC(165) - age  15:     162224 bytes,    2649040 total
[2023-11-16T05:47:27.719+0000][7][gc,phases   ] GC(165)   Pre Evacuate Collection Set: 0.1ms
[2023-11-16T05:47:27.719+0000][7][gc,phases   ] GC(165)   Merge Heap Roots: 0.1ms
[2023-11-16T05:47:27.719+0000][7][gc,phases   ] GC(165)   Evacuate Collection Set: 9.9ms
[2023-11-16T05:47:27.719+0000][7][gc,phases   ] GC(165)   Post Evacuate Collection Set: 0.5ms
[2023-11-16T05:47:27.719+0000][7][gc,phases   ] GC(165)   Other: 0.2ms
[2023-11-16T05:47:27.719+0000][7][gc,heap     ] GC(165) Eden regions: 69->0(69)
[2023-11-16T05:47:27.719+0000][7][gc,heap     ] GC(165) Survivor regions: 1->1(9)
[2023-11-16T05:47:27.719+0000][7][gc,heap     ] GC(165) Old regions: 29->29
[2023-11-16T05:47:27.719+0000][7][gc,heap     ] GC(165) Archive regions: 2->2
[2023-11-16T05:47:27.719+0000][7][gc,heap     ] GC(165) Humongous regions: 5->5
[2023-11-16T05:47:27.719+0000][7][gc,metaspace] GC(165) Metaspace: 118920K(120640K)->118920K(120640K) NonClass: 103129K(104128K)->103129K(104128K) Class: 15790K(16512K)->15790K(16512K)
[2023-11-16T05:47:27.719+0000][7][gc          ] GC(165) Pause Young (Normal) (G1 Evacuation Pause) 417M->141M(512M) 10.736ms
[2023-11-16T05:47:27.719+0000][7][gc,cpu      ] GC(165) User=0.02s Sys=0.01s Real=0.01s
[2023-11-16T05:47:27.719+0000][7][safepoint   ] Safepoint "G1CollectForAllocation", Time since last: 1191738 ns, Reaching safepoint: 25027 ns, At safepoint: 10808137 ns, Total: 10833164 ns
[2023-11-16T05:47:35.784+0000][7][gc,start    ] GC(166) Pause Young (Normal) (G1 Evacuation Pause)
[2023-11-16T05:47:35.784+0000][7][gc,task     ] GC(166) Using 8 workers of 8 for evacuation
[2023-11-16T05:47:35.784+0000][7][gc,age      ] GC(166) Desired survivor size 18874368 bytes, new threshold 15 (max threshold 15)
[2023-11-16T05:47:35.793+0000][7][gc,age      ] GC(166) Age table with threshold 15 (max threshold 15)
[2023-11-16T05:47:35.793+0000][7][gc,age      ] GC(166) - age   1:    2219968 bytes,    2219968 total
[2023-11-16T05:47:35.793+0000][7][gc,age      ] GC(166) - age   2:     122008 bytes,    2341976 total
[2023-11-16T05:47:35.793+0000][7][gc,age      ] GC(166) - age   3:     145408 bytes,    2487384 total
[2023-11-16T05:47:35.793+0000][7][gc,age      ] GC(166) - age   4:     160704 bytes,    2648088 total
[2023-11-16T05:47:35.793+0000][7][gc,age      ] GC(166) - age   5:       3336 bytes,    2651424 total
[2023-11-16T05:47:35.793+0000][7][gc,age      ] GC(166) - age   6:     268152 bytes,    2919576 total
[2023-11-16T05:47:35.793+0000][7][gc,age      ] GC(166) - age   7:       1272 bytes,    2920848 total
[2023-11-16T05:47:35.793+0000][7][gc,age      ] GC(166) - age   8:       1296 bytes,    2922144 total
[2023-11-16T05:47:35.793+0000][7][gc,age      ] GC(166) - age   9:        752 bytes,    2922896 total
[2023-11-16T05:47:35.793+0000][7][gc,age      ] GC(166) - age  10:     127856 bytes,    3050752 total
[2023-11-16T05:47:35.793+0000][7][gc,age      ] GC(166) - age  11:        696 bytes,    3051448 total
[2023-11-16T05:47:35.793+0000][7][gc,age      ] GC(166) - age  12:        144 bytes,    3051592 total
[2023-11-16T05:47:35.793+0000][7][gc,age      ] GC(166) - age  13:        672 bytes,    3052264 total
[2023-11-16T05:47:35.793+0000][7][gc,age      ] GC(166) - age  14:        272 bytes,    3052536 total
[2023-11-16T05:47:35.793+0000][7][gc,age      ] GC(166) - age  15:        776 bytes,    3053312 total
[2023-11-16T05:47:35.793+0000][7][gc,phases   ] GC(166)   Pre Evacuate Collection Set: 0.1ms
[2023-11-16T05:47:35.793+0000][7][gc,phases   ] GC(166)   Merge Heap Roots: 0.0ms
[2023-11-16T05:47:35.793+0000][7][gc,phases   ] GC(166)   Evacuate Collection Set: 7.8ms
[2023-11-16T05:47:35.793+0000][7][gc,phases   ] GC(166)   Post Evacuate Collection Set: 0.6ms
[2023-11-16T05:47:35.793+0000][7][gc,phases   ] GC(166)   Other: 0.2ms
[2023-11-16T05:47:35.793+0000][7][gc,heap     ] GC(166) Eden regions: 69->0(69)
[2023-11-16T05:47:35.793+0000][7][gc,heap     ] GC(166) Survivor regions: 1->1(9)
[2023-11-16T05:47:35.793+0000][7][gc,heap     ] GC(166) Old regions: 29->29
[2023-11-16T05:47:35.793+0000][7][gc,heap     ] GC(166) Archive regions: 2->2
[2023-11-16T05:47:35.793+0000][7][gc,heap     ] GC(166) Humongous regions: 5->5
[2023-11-16T05:47:35.793+0000][7][gc,metaspace] GC(166) Metaspace: 118920K(120640K)->118920K(120640K) NonClass: 103129K(104128K)->103129K(104128K) Class: 15790K(16512K)->15790K(16512K)
[2023-11-16T05:47:35.793+0000][7][gc          ] GC(166) Pause Young (Normal) (G1 Evacuation Pause) 417M->141M(512M) 8.856ms
[2023-11-16T05:47:35.793+0000][7][gc,cpu      ] GC(166) User=0.02s Sys=0.00s Real=0.01s
[2023-11-16T05:47:35.793+0000][7][safepoint   ] Safepoint "G1CollectForAllocation", Time since last: 8064553448 ns, Reaching safepoint: 50360 ns, At safepoint: 8914526 ns, Total: 8964886 ns
[2023-11-16T05:47:36.793+0000][7][safepoint   ] Safepoint "Cleanup", Time since last: 1000111117 ns, Reaching safepoint: 50429 ns, At safepoint: 5440 ns, Total: 55869 ns
[2023-11-16T05:47:40.794+0000][7][safepoint   ] Safepoint "Cleanup", Time since last: 4000562319 ns, Reaching safepoint: 42810 ns, At safepoint: 7397 ns, Total: 50207 ns
[2023-11-16T05:47:42.933+0000][7][gc,start    ] GC(167) Pause Young (Normal) (G1 Evacuation Pause)
[2023-11-16T05:47:42.933+0000][7][gc,task     ] GC(167) Using 8 workers of 8 for evacuation
[2023-11-16T05:47:42.933+0000][7][gc,age      ] GC(167) Desired survivor size 18874368 bytes, new threshold 15 (max threshold 15)
[2023-11-16T05:47:42.936+0000][7][gc,age      ] GC(167) Age table with threshold 15 (max threshold 15)
[2023-11-16T05:47:42.936+0000][7][gc,age      ] GC(167) - age   1:    2323448 bytes,    2323448 total
[2023-11-16T05:47:42.936+0000][7][gc,age      ] GC(167) - age   2:     660600 bytes,    2984048 total
[2023-11-16T05:47:42.936+0000][7][gc,age      ] GC(167) - age   3:     118056 bytes,    3102104 total
[2023-11-16T05:47:42.936+0000][7][gc,age      ] GC(167) - age   4:     145096 bytes,    3247200 total
[2023-11-16T05:47:42.936+0000][7][gc,age      ] GC(167) - age   5:     160520 bytes,    3407720 total
[2023-11-16T05:47:42.936+0000][7][gc,age      ] GC(167) - age   6:       3232 bytes,    3410952 total
[2023-11-16T05:47:42.936+0000][7][gc,age      ] GC(167) - age   7:     268024 bytes,    3678976 total
[2023-11-16T05:47:42.936+0000][7][gc,age      ] GC(167) - age   8:       1272 bytes,    3680248 total
[2023-11-16T05:47:42.936+0000][7][gc,age      ] GC(167) - age   9:        952 bytes,    3681200 total
[2023-11-16T05:47:42.936+0000][7][gc,age      ] GC(167) - age  10:        528 bytes,    3681728 total
[2023-11-16T05:47:42.936+0000][7][gc,age      ] GC(167) - age  11:     127856 bytes,    3809584 total
[2023-11-16T05:47:42.936+0000][7][gc,age      ] GC(167) - age  12:        696 bytes,    3810280 total
[2023-11-16T05:47:42.936+0000][7][gc,age      ] GC(167) - age  13:        144 bytes,    3810424 total
[2023-11-16T05:47:42.936+0000][7][gc,age      ] GC(167) - age  14:        672 bytes,    3811096 total
[2023-11-16T05:47:42.936+0000][7][gc,age      ] GC(167) - age  15:        272 bytes,    3811368 total
[2023-11-16T05:47:42.936+0000][7][gc,phases   ] GC(167)   Pre Evacuate Collection Set: 0.1ms
[2023-11-16T05:47:42.936+0000][7][gc,phases   ] GC(167)   Merge Heap Roots: 0.0ms
[2023-11-16T05:47:42.936+0000][7][gc,phases   ] GC(167)   Evacuate Collection Set: 1.9ms
[2023-11-16T05:47:42.936+0000][7][gc,phases   ] GC(167)   Post Evacuate Collection Set: 0.7ms
[2023-11-16T05:47:42.936+0000][7][gc,phases   ] GC(167)   Other: 0.3ms
[2023-11-16T05:47:42.936+0000][7][gc,heap     ] GC(167) Eden regions: 69->0(69)
[2023-11-16T05:47:42.936+0000][7][gc,heap     ] GC(167) Survivor regions: 1->1(9)
[2023-11-16T05:47:42.936+0000][7][gc,heap     ] GC(167) Old regions: 29->29
[2023-11-16T05:47:42.936+0000][7][gc,heap     ] GC(167) Archive regions: 2->2
[2023-11-16T05:47:42.936+0000][7][gc,heap     ] GC(167) Humongous regions: 5->5
[2023-11-16T05:47:42.936+0000][7][gc,metaspace] GC(167) Metaspace: 118926K(120640K)->118926K(120640K) NonClass: 103135K(104128K)->103135K(104128K) Class: 15790K(16512K)->15790K(16512K)
[2023-11-16T05:47:42.936+0000][7][gc          ] GC(167) Pause Young (Normal) (G1 Evacuation Pause) 417M->142M(512M) 3.083ms
[2023-11-16T05:47:42.936+0000][7][gc,cpu      ] GC(167) User=0.00s Sys=0.02s Real=0.00s
[2023-11-16T05:47:42.936+0000][7][safepoint   ] Safepoint "G1CollectForAllocation", Time since last: 2139494507 ns, Reaching safepoint: 78210 ns, At safepoint: 3150913 ns, Total: 3229123 ns
[2023-11-16T05:47:43.937+0000][7][safepoint   ] Safepoint "Cleanup", Time since last: 1000074339 ns, Reaching safepoint: 58129 ns, At safepoint: 4345 ns, Total: 62474 ns
[2023-11-16T05:47:46.937+0000][7][safepoint   ] Safepoint "Cleanup", Time since last: 3000411647 ns, Reaching safepoint: 133890 ns, At safepoint: 8316 ns, Total: 142206 ns
[2023-11-16T05:47:47.937+0000][7][safepoint   ] Safepoint "Cleanup", Time since last: 1000104397 ns, Reaching safepoint: 85309 ns, At safepoint: 13328 ns, Total: 98637 ns
[2023-11-16T05:47:48.882+0000][7][gc,start    ] GC(168) Pause Young (Normal) (G1 Evacuation Pause)
[2023-11-16T05:47:48.882+0000][7][gc,task     ] GC(168) Using 8 workers of 8 for evacuation
[2023-11-16T05:47:48.882+0000][7][gc,age      ] GC(168) Desired survivor size 18874368 bytes, new threshold 15 (max threshold 15)
[2023-11-16T05:47:48.885+0000][7][gc,age      ] GC(168) Age table with threshold 15 (max threshold 15)
[2023-11-16T05:47:48.885+0000][7][gc,age      ] GC(168) - age   1:    1157576 bytes,    1157576 total
[2023-11-16T05:47:48.885+0000][7][gc,age      ] GC(168) - age   2:     374848 bytes,    1532424 total
[2023-11-16T05:47:48.885+0000][7][gc,age      ] GC(168) - age   3:     656976 bytes,    2189400 total
[2023-11-16T05:47:48.885+0000][7][gc,age      ] GC(168) - age   4:     117864 bytes,    2307264 total
[2023-11-16T05:47:48.885+0000][7][gc,age      ] GC(168) - age   5:     144744 bytes,    2452008 total
[2023-11-16T05:47:48.885+0000][7][gc,age      ] GC(168) - age   6:       1232 bytes,    2453240 total
[2023-11-16T05:47:48.885+0000][7][gc,age      ] GC(168) - age   7:       1744 bytes,    2454984 total
[2023-11-16T05:47:48.885+0000][7][gc,age      ] GC(168) - age   8:     267832 bytes,    2722816 total
[2023-11-16T05:47:48.885+0000][7][gc,age      ] GC(168) - age   9:       1240 bytes,    2724056 total
[2023-11-16T05:47:48.885+0000][7][gc,age      ] GC(168) - age  10:        504 bytes,    2724560 total
[2023-11-16T05:47:48.885+0000][7][gc,age      ] GC(168) - age  11:        464 bytes,    2725024 total
[2023-11-16T05:47:48.885+0000][7][gc,age      ] GC(168) - age  12:     127856 bytes,    2852880 total
[2023-11-16T05:47:48.885+0000][7][gc,age      ] GC(168) - age  13:        696 bytes,    2853576 total
[2023-11-16T05:47:48.885+0000][7][gc,age      ] GC(168) - age  14:        144 bytes,    2853720 total
[2023-11-16T05:47:48.885+0000][7][gc,age      ] GC(168) - age  15:        672 bytes,    2854392 total
[2023-11-16T05:47:48.885+0000][7][gc,phases   ] GC(168)   Pre Evacuate Collection Set: 0.1ms
[2023-11-16T05:47:48.885+0000][7][gc,phases   ] GC(168)   Merge Heap Roots: 0.0ms
[2023-11-16T05:47:48.885+0000][7][gc,phases   ] GC(168)   Evacuate Collection Set: 1.5ms
[2023-11-16T05:47:48.885+0000][7][gc,phases   ] GC(168)   Post Evacuate Collection Set: 0.5ms
[2023-11-16T05:47:48.885+0000][7][gc,phases   ] GC(168)   Other: 0.3ms
[2023-11-16T05:47:48.885+0000][7][gc,heap     ] GC(168) Eden regions: 69->0(69)
[2023-11-16T05:47:48.885+0000][7][gc,heap     ] GC(168) Survivor regions: 1->1(9)
[2023-11-16T05:47:48.885+0000][7][gc,heap     ] GC(168) Old regions: 29->29
[2023-11-16T05:47:48.885+0000][7][gc,heap     ] GC(168) Archive regions: 2->2
[2023-11-16T05:47:48.885+0000][7][gc,heap     ] GC(168) Humongous regions: 5->5
[2023-11-16T05:47:48.885+0000][7][gc,metaspace] GC(168) Metaspace: 118926K(120640K)->118926K(120640K) NonClass: 103135K(104128K)->103135K(104128K) Class: 15790K(16512K)->15790K(16512K)
[2023-11-16T05:47:48.885+0000][7][gc          ] GC(168) Pause Young (Normal) (G1 Evacuation Pause) 418M->141M(512M) 2.506ms
[2023-11-16T05:47:48.885+0000][7][gc,cpu      ] GC(168) User=0.02s Sys=0.00s Real=0.00s
[2023-11-16T05:47:48.885+0000][7][safepoint   ] Safepoint "G1CollectForAllocation", Time since last: 944872147 ns, Reaching safepoint: 25989 ns, At safepoint: 2590551 ns, Total: 2616540 ns
[2023-11-16T05:47:50.885+0000][7][safepoint   ] Safepoint "Cleanup", Time since last: 2000196045 ns, Reaching safepoint: 77824 ns, At safepoint: 9309 ns, Total: 87133 ns
[2023-11-16T05:47:52.885+0000][7][safepoint   ] Safepoint "Cleanup", Time since last: 2000183311 ns, Reaching safepoint: 64698 ns, At safepoint: 22854 ns, Total: 87552 ns
[2023-11-16T05:47:54.886+0000][7][safepoint   ] Safepoint "Cleanup", Time since last: 2000165749 ns, Reaching safepoint: 71822 ns, At safepoint: 7942 ns, Total: 79764 ns
[2023-11-16T05:47:55.985+0000][7][gc,start    ] GC(169) Pause Young (Normal) (G1 Evacuation Pause)
[2023-11-16T05:47:55.985+0000][7][gc,task     ] GC(169) Using 8 workers of 8 for evacuation
[2023-11-16T05:47:55.985+0000][7][gc,age      ] GC(169) Desired survivor size 18874368 bytes, new threshold 15 (max threshold 15)
[2023-11-16T05:47:55.988+0000][7][gc,age      ] GC(169) Age table with threshold 15 (max threshold 15)
[2023-11-16T05:47:55.988+0000][7][gc,age      ] GC(169) - age   1:    1996096 bytes,    1996096 total
[2023-11-16T05:47:55.988+0000][7][gc,age      ] GC(169) - age   2:     247704 bytes,    2243800 total
[2023-11-16T05:47:55.988+0000][7][gc,age      ] GC(169) - age   3:     165992 bytes,    2409792 total
[2023-11-16T05:47:55.988+0000][7][gc,age      ] GC(169) - age   4:     222472 bytes,    2632264 total
[2023-11-16T05:47:55.988+0000][7][gc,age      ] GC(169) - age   5:     109632 bytes,    2741896 total
[2023-11-16T05:47:55.988+0000][7][gc,age      ] GC(169) - age   6:     144648 bytes,    2886544 total
[2023-11-16T05:47:55.988+0000][7][gc,age      ] GC(169) - age   7:        792 bytes,    2887336 total
[2023-11-16T05:47:55.988+0000][7][gc,age      ] GC(169) - age   8:       1488 bytes,    2888824 total
[2023-11-16T05:47:55.988+0000][7][gc,age      ] GC(169) - age   9:     149024 bytes,    3037848 total
[2023-11-16T05:47:55.988+0000][7][gc,age      ] GC(169) - age  10:        744 bytes,    3038592 total
[2023-11-16T05:47:55.988+0000][7][gc,age      ] GC(169) - age  11:        320 bytes,    3038912 total
[2023-11-16T05:47:55.988+0000][7][gc,age      ] GC(169) - age  12:        464 bytes,    3039376 total
[2023-11-16T05:47:55.988+0000][7][gc,age      ] GC(169) - age  13:     127856 bytes,    3167232 total
[2023-11-16T05:47:55.988+0000][7][gc,age      ] GC(169) - age  14:        568 bytes,    3167800 total
[2023-11-16T05:47:55.988+0000][7][gc,age      ] GC(169) - age  15:         80 bytes,    3167880 total
[2023-11-16T05:47:55.988+0000][7][gc,phases   ] GC(169)   Pre Evacuate Collection Set: 0.1ms
[2023-11-16T05:47:55.988+0000][7][gc,phases   ] GC(169)   Merge Heap Roots: 0.1ms
[2023-11-16T05:47:55.988+0000][7][gc,phases   ] GC(169)   Evacuate Collection Set: 2.3ms
[2023-11-16T05:47:55.988+0000][7][gc,phases   ] GC(169)   Post Evacuate Collection Set: 0.6ms
[2023-11-16T05:47:55.988+0000][7][gc,phases   ] GC(169)   Other: 0.3ms
[2023-11-16T05:47:55.988+0000][7][gc,heap     ] GC(169) Eden regions: 69->0(69)
[2023-11-16T05:47:55.988+0000][7][gc,heap     ] GC(169) Survivor regions: 1->1(9)
[2023-11-16T05:47:55.988+0000][7][gc,heap     ] GC(169) Old regions: 29->29
[2023-11-16T05:47:55.988+0000][7][gc,heap     ] GC(169) Archive regions: 2->2
[2023-11-16T05:47:55.988+0000][7][gc,heap     ] GC(169) Humongous regions: 5->5
[2023-11-16T05:47:55.988+0000][7][gc,metaspace] GC(169) Metaspace: 118929K(120704K)->118929K(120704K) NonClass: 103137K(104128K)->103137K(104128K) Class: 15791K(16576K)->15791K(16576K)
[2023-11-16T05:47:55.988+0000][7][gc          ] GC(169) Pause Young (Normal) (G1 Evacuation Pause) 417M->141M(512M) 3.275ms
[2023-11-16T05:47:55.988+0000][7][gc,cpu      ] GC(169) User=0.02s Sys=0.00s Real=0.00s
[2023-11-16T05:47:55.988+0000][7][safepoint   ] Safepoint "G1CollectForAllocation", Time since last: 1098816344 ns, Reaching safepoint: 52385 ns, At safepoint: 3388565 ns, Total: 3440950 ns
[2023-11-16T05:47:58.988+0000][7][safepoint   ] Safepoint "Cleanup", Time since last: 3000275587 ns, Reaching safepoint: 36762 ns, At safepoint: 5274 ns, Total: 42036 ns
[2023-11-16T05:48:03.141+0000][7][gc,start    ] GC(170) Pause Young (Normal) (G1 Evacuation Pause)
[2023-11-16T05:48:03.141+0000][7][gc,task     ] GC(170) Using 8 workers of 8 for evacuation
[2023-11-16T05:48:03.141+0000][7][gc,age      ] GC(170) Desired survivor size 18874368 bytes, new threshold 15 (max threshold 15)
[2023-11-16T05:48:03.143+0000][7][gc,age      ] GC(170) Age table with threshold 15 (max threshold 15)
[2023-11-16T05:48:03.143+0000][7][gc,age      ] GC(170) - age   1:    1762904 bytes,    1762904 total
[2023-11-16T05:48:03.143+0000][7][gc,age      ] GC(170) - age   2:     211416 bytes,    1974320 total
[2023-11-16T05:48:03.143+0000][7][gc,age      ] GC(170) - age   3:     146784 bytes,    2121104 total
[2023-11-16T05:48:03.143+0000][7][gc,age      ] GC(170) - age   4:     165480 bytes,    2286584 total
[2023-11-16T05:48:03.143+0000][7][gc,age      ] GC(170) - age   5:     218368 bytes,    2504952 total
[2023-11-16T05:48:03.143+0000][7][gc,age      ] GC(170) - age   6:     106104 bytes,    2611056 total
[2023-11-16T05:48:03.143+0000][7][gc,age      ] GC(170) - age   7:     144648 bytes,    2755704 total
[2023-11-16T05:48:03.143+0000][7][gc,age      ] GC(170) - age   8:        536 bytes,    2756240 total
[2023-11-16T05:48:03.143+0000][7][gc,age      ] GC(170) - age   9:       1344 bytes,    2757584 total
[2023-11-16T05:48:03.143+0000][7][gc,age      ] GC(170) - age  10:       4920 bytes,    2762504 total
[2023-11-16T05:48:03.143+0000][7][gc,age      ] GC(170) - age  11:        744 bytes,    2763248 total
[2023-11-16T05:48:03.143+0000][7][gc,age      ] GC(170) - age  12:        256 bytes,    2763504 total
[2023-11-16T05:48:03.143+0000][7][gc,age      ] GC(170) - age  13:        464 bytes,    2763968 total
[2023-11-16T05:48:03.143+0000][7][gc,age      ] GC(170) - age  14:     127856 bytes,    2891824 total
[2023-11-16T05:48:03.143+0000][7][gc,age      ] GC(170) - age  15:        568 bytes,    2892392 total
[2023-11-16T05:48:03.143+0000][7][gc,phases   ] GC(170)   Pre Evacuate Collection Set: 0.1ms
[2023-11-16T05:48:03.143+0000][7][gc,phases   ] GC(170)   Merge Heap Roots: 0.1ms
[2023-11-16T05:48:03.143+0000][7][gc,phases   ] GC(170)   Evacuate Collection Set: 1.6ms
[2023-11-16T05:48:03.143+0000][7][gc,phases   ] GC(170)   Post Evacuate Collection Set: 0.5ms
[2023-11-16T05:48:03.143+0000][7][gc,phases   ] GC(170)   Other: 0.2ms
[2023-11-16T05:48:03.143+0000][7][gc,heap     ] GC(170) Eden regions: 69->0(69)
[2023-11-16T05:48:03.143+0000][7][gc,heap     ] GC(170) Survivor regions: 1->1(9)
[2023-11-16T05:48:03.143+0000][7][gc,heap     ] GC(170) Old regions: 29->29
[2023-11-16T05:48:03.143+0000][7][gc,heap     ] GC(170) Archive regions: 2->2
[2023-11-16T05:48:03.143+0000][7][gc,heap     ] GC(170) Humongous regions: 5->5
[2023-11-16T05:48:03.143+0000][7][gc,metaspace] GC(170) Metaspace: 118933K(120704K)->118933K(120704K) NonClass: 103142K(104128K)->103142K(104128K) Class: 15791K(16576K)->15791K(16576K)
[2023-11-16T05:48:03.143+0000][7][gc          ] GC(170) Pause Young (Normal) (G1 Evacuation Pause) 417M->141M(512M) 2.541ms
[2023-11-16T05:48:03.143+0000][7][gc,cpu      ] GC(170) User=0.01s Sys=0.00s Real=0.00s
[2023-11-16T05:48:03.143+0000][7][safepoint   ] Safepoint "G1CollectForAllocation", Time since last: 4152387743 ns, Reaching safepoint: 26251 ns, At safepoint: 2634055 ns, Total: 2660306 ns
[2023-11-16T05:48:05.079+0000][7][safepoint   ] Safepoint "Cleanup", Time since last: 1935826786 ns, Reaching safepoint: 60711 ns, At safepoint: 5565 ns, Total: 66276 ns
[2023-11-16T05:48:06.079+0000][7][safepoint   ] Safepoint "Cleanup", Time since last: 1000315486 ns, Reaching safepoint: 77389 ns, At safepoint: 7158 ns, Total: 84547 ns
[2023-11-16T05:48:07.080+0000][7][safepoint   ] Safepoint "Cleanup", Time since last: 1000085163 ns, Reaching safepoint: 55676 ns, At safepoint: 8398 ns, Total: 64074 ns
[2023-11-16T05:48:08.047+0000][7][gc,start    ] GC(171) Pause Young (Normal) (G1 Evacuation Pause)
[2023-11-16T05:48:08.047+0000][7][gc,task     ] GC(171) Using 8 workers of 8 for evacuation
[2023-11-16T05:48:08.047+0000][7][gc,age      ] GC(171) Desired survivor size 18874368 bytes, new threshold 15 (max threshold 15)
[2023-11-16T05:48:08.049+0000][7][gc,age      ] GC(171) Age table with threshold 15 (max threshold 15)
[2023-11-16T05:48:08.049+0000][7][gc,age      ] GC(171) - age   1:    1632480 bytes,    1632480 total
[2023-11-16T05:48:08.049+0000][7][gc,age      ] GC(171) - age   2:     420352 bytes,    2052832 total
[2023-11-16T05:48:08.049+0000][7][gc,age      ] GC(171) - age   3:     209040 bytes,    2261872 total
[2023-11-16T05:48:08.049+0000][7][gc,age      ] GC(171) - age   4:     146128 bytes,    2408000 total
[2023-11-16T05:48:08.049+0000][7][gc,age      ] GC(171) - age   5:     164688 bytes,    2572688 total
[2023-11-16T05:48:08.049+0000][7][gc,age      ] GC(171) - age   6:     218336 bytes,    2791024 total
[2023-11-16T05:48:08.049+0000][7][gc,age      ] GC(171) - age   7:     105960 bytes,    2896984 total
[2023-11-16T05:48:08.049+0000][7][gc,age      ] GC(171) - age   8:        432 bytes,    2897416 total
[2023-11-16T05:48:08.049+0000][7][gc,age      ] GC(171) - age   9:        536 bytes,    2897952 total
[2023-11-16T05:48:08.049+0000][7][gc,age      ] GC(171) - age  10:       1344 bytes,    2899296 total
[2023-11-16T05:48:08.049+0000][7][gc,age      ] GC(171) - age  11:       4888 bytes,    2904184 total
[2023-11-16T05:48:08.049+0000][7][gc,age      ] GC(171) - age  12:        744 bytes,    2904928 total
[2023-11-16T05:48:08.049+0000][7][gc,age      ] GC(171) - age  13:        192 bytes,    2905120 total
[2023-11-16T05:48:08.049+0000][7][gc,age      ] GC(171) - age  14:        464 bytes,    2905584 total
[2023-11-16T05:48:08.049+0000][7][gc,age      ] GC(171) - age  15:     127728 bytes,    3033312 total
[2023-11-16T05:48:08.049+0000][7][gc,phases   ] GC(171)   Pre Evacuate Collection Set: 0.1ms
[2023-11-16T05:48:08.049+0000][7][gc,phases   ] GC(171)   Merge Heap Roots: 0.1ms
[2023-11-16T05:48:08.049+0000][7][gc,phases   ] GC(171)   Evacuate Collection Set: 1.4ms
[2023-11-16T05:48:08.049+0000][7][gc,phases   ] GC(171)   Post Evacuate Collection Set: 0.5ms
[2023-11-16T05:48:08.049+0000][7][gc,phases   ] GC(171)   Other: 0.2ms
[2023-11-16T05:48:08.049+0000][7][gc,heap     ] GC(171) Eden regions: 69->0(69)
[2023-11-16T05:48:08.049+0000][7][gc,heap     ] GC(171) Survivor regions: 1->1(9)
[2023-11-16T05:48:08.049+0000][7][gc,heap     ] GC(171) Old regions: 29->29
[2023-11-16T05:48:08.049+0000][7][gc,heap     ] GC(171) Archive regions: 2->2
[2023-11-16T05:48:08.049+0000][7][gc,heap     ] GC(171) Humongous regions: 5->5
[2023-11-16T05:48:08.049+0000][7][gc,metaspace] GC(171) Metaspace: 118953K(120704K)->118953K(120704K) NonClass: 103161K(104128K)->103161K(104128K) Class: 15791K(16576K)->15791K(16576K)
[2023-11-16T05:48:08.049+0000][7][gc          ] GC(171) Pause Young (Normal) (G1 Evacuation Pause) 417M->141M(512M) 2.282ms
[2023-11-16T05:48:08.049+0000][7][gc,cpu      ] GC(171) User=0.01s Sys=0.00s Real=0.01s
[2023-11-16T05:48:08.049+0000][7][safepoint   ] Safepoint "G1CollectForAllocation", Time since last: 967147322 ns, Reaching safepoint: 63673 ns, At safepoint: 2337547 ns, Total: 2401220 ns
[2023-11-16T05:48:10.799+0000][7][safepoint   ] Safepoint "Cleanup", Time since last: 2749465417 ns, Reaching safepoint: 47802 ns, At safepoint: 3662 ns, Total: 51464 ns
[2023-11-16T05:48:11.799+0000][7][safepoint   ] Safepoint "Cleanup", Time since last: 1000098759 ns, Reaching safepoint: 69913 ns, At safepoint: 6331 ns, Total: 76244 ns
[2023-11-16T05:48:12.799+0000][7][safepoint   ] Safepoint "Cleanup", Time since last: 1000127962 ns, Reaching safepoint: 66661 ns, At safepoint: 6425 ns, Total: 73086 ns
[2023-11-16T05:48:13.799+0000][7][safepoint   ] Safepoint "Cleanup", Time since last: 1000321444 ns, Reaching safepoint: 108410 ns, At safepoint: 10604 ns, Total: 119014 ns
[2023-11-16T05:48:14.169+0000][7][gc,start    ] GC(172) Pause Young (Normal) (G1 Evacuation Pause)
[2023-11-16T05:48:14.169+0000][7][gc,task     ] GC(172) Using 8 workers of 8 for evacuation
[2023-11-16T05:48:14.169+0000][7][gc,age      ] GC(172) Desired survivor size 18874368 bytes, new threshold 15 (max threshold 15)
[2023-11-16T05:48:14.173+0000][7][gc,age      ] GC(172) Age table with threshold 15 (max threshold 15)
[2023-11-16T05:48:14.173+0000][7][gc,age      ] GC(172) - age   1:    2864824 bytes,    2864824 total
[2023-11-16T05:48:14.173+0000][7][gc,age      ] GC(172) - age   2:     562544 bytes,    3427368 total
[2023-11-16T05:48:14.173+0000][7][gc,age      ] GC(172) - age   3:     416744 bytes,    3844112 total
[2023-11-16T05:48:14.173+0000][7][gc,age      ] GC(172) - age   4:     208600 bytes,    4052712 total
[2023-11-16T05:48:14.173+0000][7][gc,age      ] GC(172) - age   5:     145720 bytes,    4198432 total
[2023-11-16T05:48:14.173+0000][7][gc,age      ] GC(172) - age   6:     164520 bytes,    4362952 total
[2023-11-16T05:48:14.173+0000][7][gc,age      ] GC(172) - age   7:     218336 bytes,    4581288 total
[2023-11-16T05:48:14.173+0000][7][gc,age      ] GC(172) - age   8:     105896 bytes,    4687184 total
[2023-11-16T05:48:14.173+0000][7][gc,age      ] GC(172) - age   9:        368 bytes,    4687552 total
[2023-11-16T05:48:14.173+0000][7][gc,age      ] GC(172) - age  10:        480 bytes,    4688032 total
[2023-11-16T05:48:14.173+0000][7][gc,age      ] GC(172) - age  11:       1344 bytes,    4689376 total
[2023-11-16T05:48:14.173+0000][7][gc,age      ] GC(172) - age  12:       4888 bytes,    4694264 total
[2023-11-16T05:48:14.173+0000][7][gc,age      ] GC(172) - age  13:        744 bytes,    4695008 total
[2023-11-16T05:48:14.173+0000][7][gc,age      ] GC(172) - age  14:         64 bytes,    4695072 total
[2023-11-16T05:48:14.173+0000][7][gc,age      ] GC(172) - age  15:        336 bytes,    4695408 total
[2023-11-16T05:48:14.173+0000][7][gc,phases   ] GC(172)   Pre Evacuate Collection Set: 0.1ms
[2023-11-16T05:48:14.173+0000][7][gc,phases   ] GC(172)   Merge Heap Roots: 0.0ms
[2023-11-16T05:48:14.173+0000][7][gc,phases   ] GC(172)   Evacuate Collection Set: 2.9ms
[2023-11-16T05:48:14.173+0000][7][gc,phases   ] GC(172)   Post Evacuate Collection Set: 0.5ms
[2023-11-16T05:48:14.173+0000][7][gc,phases   ] GC(172)   Other: 0.2ms
[2023-11-16T05:48:14.173+0000][7][gc,heap     ] GC(172) Eden regions: 69->0(68)
[2023-11-16T05:48:14.173+0000][7][gc,heap     ] GC(172) Survivor regions: 1->2(9)
[2023-11-16T05:48:14.173+0000][7][gc,heap     ] GC(172) Old regions: 29->29
[2023-11-16T05:48:14.173+0000][7][gc,heap     ] GC(172) Archive regions: 2->2
[2023-11-16T05:48:14.173+0000][7][gc,heap     ] GC(172) Humongous regions: 5->5
[2023-11-16T05:48:14.173+0000][7][gc,metaspace] GC(172) Metaspace: 118959K(120704K)->118959K(120704K) NonClass: 103167K(104128K)->103167K(104128K) Class: 15791K(16576K)->15791K(16576K)
[2023-11-16T05:48:14.173+0000][7][gc          ] GC(172) Pause Young (Normal) (G1 Evacuation Pause) 417M->143M(512M) 3.795ms
[2023-11-16T05:48:14.173+0000][7][gc,cpu      ] GC(172) User=0.02s Sys=0.00s Real=0.00s
[2023-11-16T05:48:14.173+0000][7][safepoint   ] Safepoint "G1CollectForAllocation", Time since last: 369430803 ns, Reaching safepoint: 173076 ns, At safepoint: 3856776 ns, Total: 4029852 ns
[2023-11-16T05:48:16.173+0000][7][safepoint   ] Safepoint "Cleanup", Time since last: 2000405449 ns, Reaching safepoint: 87362 ns, At safepoint: 9058 ns, Total: 96420 ns
[2023-11-16T05:48:17.174+0000][7][safepoint   ] Safepoint "Cleanup", Time since last: 1000081095 ns, Reaching safepoint: 68356 ns, At safepoint: 5656 ns, Total: 74012 ns
[2023-11-16T05:48:18.135+0000][7][gc,start    ] GC(173) Pause Young (Normal) (G1 Evacuation Pause)
[2023-11-16T05:48:18.135+0000][7][gc,task     ] GC(173) Using 8 workers of 8 for evacuation
[2023-11-16T05:48:18.135+0000][7][gc,age      ] GC(173) Desired survivor size 18874368 bytes, new threshold 15 (max threshold 15)
[2023-11-16T05:48:18.137+0000][7][gc,age      ] GC(173) Age table with threshold 15 (max threshold 15)
[2023-11-16T05:48:18.137+0000][7][gc,age      ] GC(173) - age   1:    2257840 bytes,    2257840 total
[2023-11-16T05:48:18.137+0000][7][gc,age      ] GC(173) - age   2:     561216 bytes,    2819056 total
[2023-11-16T05:48:18.137+0000][7][gc,age      ] GC(173) - age   3:     154472 bytes,    2973528 total
[2023-11-16T05:48:18.137+0000][7][gc,age      ] GC(173) - age   4:     151624 bytes,    3125152 total
[2023-11-16T05:48:18.137+0000][7][gc,age      ] GC(173) - age   5:      12592 bytes,    3137744 total
[2023-11-16T05:48:18.137+0000][7][gc,age      ] GC(173) - age   6:     145624 bytes,    3283368 total
[2023-11-16T05:48:18.137+0000][7][gc,age      ] GC(173) - age   7:     164104 bytes,    3447472 total
[2023-11-16T05:48:18.137+0000][7][gc,age      ] GC(173) - age   8:      76824 bytes,    3524296 total
[2023-11-16T05:48:18.137+0000][7][gc,age      ] GC(173) - age   9:     103536 bytes,    3627832 total
[2023-11-16T05:48:18.137+0000][7][gc,age      ] GC(173) - age  10:        336 bytes,    3628168 total
[2023-11-16T05:48:18.137+0000][7][gc,age      ] GC(173) - age  11:        352 bytes,    3628520 total
[2023-11-16T05:48:18.137+0000][7][gc,age      ] GC(173) - age  12:       1280 bytes,    3629800 total
[2023-11-16T05:48:18.137+0000][7][gc,age      ] GC(173) - age  13:       4888 bytes,    3634688 total
[2023-11-16T05:48:18.137+0000][7][gc,age      ] GC(173) - age  14:        744 bytes,    3635432 total
[2023-11-16T05:48:18.137+0000][7][gc,age      ] GC(173) - age  15:         64 bytes,    3635496 total
[2023-11-16T05:48:18.137+0000][7][gc,phases   ] GC(173)   Pre Evacuate Collection Set: 0.1ms
[2023-11-16T05:48:18.137+0000][7][gc,phases   ] GC(173)   Merge Heap Roots: 0.0ms
[2023-11-16T05:48:18.137+0000][7][gc,phases   ] GC(173)   Evacuate Collection Set: 1.7ms
[2023-11-16T05:48:18.137+0000][7][gc,phases   ] GC(173)   Post Evacuate Collection Set: 0.6ms
[2023-11-16T05:48:18.137+0000][7][gc,phases   ] GC(173)   Other: 0.3ms
[2023-11-16T05:48:18.137+0000][7][gc,heap     ] GC(173) Eden regions: 68->0(68)
[2023-11-16T05:48:18.137+0000][7][gc,heap     ] GC(173) Survivor regions: 2->1(9)
[2023-11-16T05:48:18.137+0000][7][gc,heap     ] GC(173) Old regions: 29->29
[2023-11-16T05:48:18.137+0000][7][gc,heap     ] GC(173) Archive regions: 2->2
[2023-11-16T05:48:18.137+0000][7][gc,heap     ] GC(173) Humongous regions: 5->5
[2023-11-16T05:48:18.137+0000][7][gc,metaspace] GC(173) Metaspace: 118960K(120704K)->118960K(120704K) NonClass: 103168K(104128K)->103168K(104128K) Class: 15791K(16576K)->15791K(16576K)
[2023-11-16T05:48:18.137+0000][7][gc          ] GC(173) Pause Young (Normal) (G1 Evacuation Pause) 415M->142M(512M) 2.829ms
[2023-11-16T05:48:18.137+0000][7][gc,cpu      ] GC(173) User=0.01s Sys=0.00s Real=0.00s
[2023-11-16T05:48:18.137+0000][7][safepoint   ] Safepoint "G1CollectForAllocation", Time since last: 960732059 ns, Reaching safepoint: 118027 ns, At safepoint: 2904612 ns, Total: 3022639 ns
[2023-11-16T05:48:19.138+0000][7][safepoint   ] Safepoint "Cleanup", Time since last: 1000113199 ns, Reaching safepoint: 67808 ns, At safepoint: 6822 ns, Total: 74630 ns
[2023-11-16T05:48:20.138+0000][7][safepoint   ] Safepoint "Cleanup", Time since last: 1000090668 ns, Reaching safepoint: 73758 ns, At safepoint: 7526 ns, Total: 81284 ns
[2023-11-16T05:48:21.138+0000][7][safepoint   ] Safepoint "Cleanup", Time since last: 1000099320 ns, Reaching safepoint: 61550 ns, At safepoint: 4768 ns, Total: 66318 ns
[2023-11-16T05:48:22.138+0000][7][safepoint   ] Safepoint "Cleanup", Time since last: 1000123760 ns, Reaching safepoint: 39522 ns, At safepoint: 18482 ns, Total: 58004 ns
[2023-11-16T05:48:23.311+0000][7][gc,start    ] GC(174) Pause Young (Normal) (G1 Evacuation Pause)
[2023-11-16T05:48:23.311+0000][7][gc,task     ] GC(174) Using 8 workers of 8 for evacuation
[2023-11-16T05:48:23.311+0000][7][gc,age      ] GC(174) Desired survivor size 18874368 bytes, new threshold 15 (max threshold 15)
[2023-11-16T05:48:23.314+0000][7][gc,age      ] GC(174) Age table with threshold 15 (max threshold 15)
[2023-11-16T05:48:23.314+0000][7][gc,age      ] GC(174) - age   1:    2491480 bytes,    2491480 total
[2023-11-16T05:48:23.314+0000][7][gc,age      ] GC(174) - age   2:    1732488 bytes,    4223968 total
[2023-11-16T05:48:23.314+0000][7][gc,age      ] GC(174) - age   3:     556760 bytes,    4780728 total
[2023-11-16T05:48:23.314+0000][7][gc,age      ] GC(174) - age   4:     153328 bytes,    4934056 total
[2023-11-16T05:48:23.314+0000][7][gc,age      ] GC(174) - age   5:     151216 bytes,    5085272 total
[2023-11-16T05:48:23.314+0000][7][gc,age      ] GC(174) - age   6:      12560 bytes,    5097832 total
[2023-11-16T05:48:23.314+0000][7][gc,age      ] GC(174) - age   7:     145600 bytes,    5243432 total
[2023-11-16T05:48:23.314+0000][7][gc,age      ] GC(174) - age   8:     164104 bytes,    5407536 total
[2023-11-16T05:48:23.314+0000][7][gc,age      ] GC(174) - age   9:      76728 bytes,    5484264 total
[2023-11-16T05:48:23.314+0000][7][gc,age      ] GC(174) - age  10:     103280 bytes,    5587544 total
[2023-11-16T05:48:23.314+0000][7][gc,age      ] GC(174) - age  11:        272 bytes,    5587816 total
[2023-11-16T05:48:23.314+0000][7][gc,age      ] GC(174) - age  12:        256 bytes,    5588072 total
[2023-11-16T05:48:23.314+0000][7][gc,age      ] GC(174) - age  13:       1216 bytes,    5589288 total
[2023-11-16T05:48:23.314+0000][7][gc,age      ] GC(174) - age  14:       4888 bytes,    5594176 total
[2023-11-16T05:48:23.314+0000][7][gc,age      ] GC(174) - age  15:        744 bytes,    5594920 total
[2023-11-16T05:48:23.314+0000][7][gc,phases   ] GC(174)   Pre Evacuate Collection Set: 0.1ms
[2023-11-16T05:48:23.314+0000][7][gc,phases   ] GC(174)   Merge Heap Roots: 0.0ms
[2023-11-16T05:48:23.314+0000][7][gc,phases   ] GC(174)   Evacuate Collection Set: 2.4ms
[2023-11-16T05:48:23.314+0000][7][gc,phases   ] GC(174)   Post Evacuate Collection Set: 0.5ms
[2023-11-16T05:48:23.314+0000][7][gc,phases   ] GC(174)   Other: 0.3ms
[2023-11-16T05:48:23.314+0000][7][gc,heap     ] GC(174) Eden regions: 68->0(67)
[2023-11-16T05:48:23.314+0000][7][gc,heap     ] GC(174) Survivor regions: 1->2(9)
[2023-11-16T05:48:23.314+0000][7][gc,heap     ] GC(174) Old regions: 29->29
[2023-11-16T05:48:23.314+0000][7][gc,heap     ] GC(174) Archive regions: 2->2
[2023-11-16T05:48:23.314+0000][7][gc,heap     ] GC(174) Humongous regions: 5->5
[2023-11-16T05:48:23.314+0000][7][gc,metaspace] GC(174) Metaspace: 118969K(120768K)->118969K(120768K) NonClass: 103177K(104192K)->103177K(104192K) Class: 15791K(16576K)->15791K(16576K)
[2023-11-16T05:48:23.314+0000][7][gc          ] GC(174) Pause Young (Normal) (G1 Evacuation Pause) 414M->144M(512M) 3.435ms
[2023-11-16T05:48:23.314+0000][7][gc,cpu      ] GC(174) User=0.02s Sys=0.00s Real=0.00s
[2023-11-16T05:48:23.314+0000][7][safepoint   ] Safepoint "G1CollectForAllocation", Time since last: 1172608656 ns, Reaching safepoint: 33824 ns, At safepoint: 3501330 ns, Total: 3535154 ns
[2023-11-16T05:48:24.314+0000][7][safepoint   ] Safepoint "Cleanup", Time since last: 1000070905 ns, Reaching safepoint: 63133 ns, At safepoint: 6262 ns, Total: 69395 ns
[2023-11-16T05:48:26.315+0000][7][safepoint   ] Safepoint "Cleanup", Time since last: 2000242057 ns, Reaching safepoint: 61022 ns, At safepoint: 3803 ns, Total: 64825 ns
[2023-11-16T05:48:28.315+0000][7][safepoint   ] Safepoint "Cleanup", Time since last: 2000302606 ns, Reaching safepoint: 64004 ns, At safepoint: 4359 ns, Total: 68363 ns
[2023-11-16T05:48:29.315+0000][7][safepoint   ] Safepoint "Cleanup", Time since last: 1000115271 ns, Reaching safepoint: 175872 ns, At safepoint: 9084 ns, Total: 184956 ns
[2023-11-16T05:48:30.331+0000][7][gc,start    ] GC(175) Pause Young (Normal) (G1 Evacuation Pause)
[2023-11-16T05:48:30.331+0000][7][gc,task     ] GC(175) Using 8 workers of 8 for evacuation
[2023-11-16T05:48:30.331+0000][7][gc,age      ] GC(175) Desired survivor size 18874368 bytes, new threshold 15 (max threshold 15)
[2023-11-16T05:48:30.334+0000][7][gc,age      ] GC(175) Age table with threshold 15 (max threshold 15)
[2023-11-16T05:48:30.334+0000][7][gc,age      ] GC(175) - age   1:    1982528 bytes,    1982528 total
[2023-11-16T05:48:30.334+0000][7][gc,age      ] GC(175) - age   2:     283408 bytes,    2265936 total
[2023-11-16T05:48:30.334+0000][7][gc,age      ] GC(175) - age   3:    1354728 bytes,    3620664 total
[2023-11-16T05:48:30.334+0000][7][gc,age      ] GC(175) - age   4:     555504 bytes,    4176168 total
[2023-11-16T05:48:30.334+0000][7][gc,age      ] GC(175) - age   5:     153264 bytes,    4329432 total
[2023-11-16T05:48:30.334+0000][7][gc,age      ] GC(175) - age   6:     144000 bytes,    4473432 total
[2023-11-16T05:48:30.334+0000][7][gc,age      ] GC(175) - age   7:       4344 bytes,    4477776 total
[2023-11-16T05:48:30.334+0000][7][gc,age      ] GC(175) - age   8:     145360 bytes,    4623136 total
[2023-11-16T05:48:30.334+0000][7][gc,age      ] GC(175) - age   9:       5608 bytes,    4628744 total
[2023-11-16T05:48:30.334+0000][7][gc,age      ] GC(175) - age  10:      61256 bytes,    4690000 total
[2023-11-16T05:48:30.334+0000][7][gc,age      ] GC(175) - age  11:     102952 bytes,    4792952 total
[2023-11-16T05:48:30.334+0000][7][gc,age      ] GC(175) - age  12:        144 bytes,    4793096 total
[2023-11-16T05:48:30.334+0000][7][gc,age      ] GC(175) - age  13:        192 bytes,    4793288 total
[2023-11-16T05:48:30.334+0000][7][gc,age      ] GC(175) - age  14:       1216 bytes,    4794504 total
[2023-11-16T05:48:30.334+0000][7][gc,age      ] GC(175) - age  15:       4512 bytes,    4799016 total
[2023-11-16T05:48:30.334+0000][7][gc,phases   ] GC(175)   Pre Evacuate Collection Set: 0.1ms
[2023-11-16T05:48:30.334+0000][7][gc,phases   ] GC(175)   Merge Heap Roots: 0.1ms
[2023-11-16T05:48:30.334+0000][7][gc,phases   ] GC(175)   Evacuate Collection Set: 1.9ms
[2023-11-16T05:48:30.334+0000][7][gc,phases   ] GC(175)   Post Evacuate Collection Set: 0.6ms
[2023-11-16T05:48:30.334+0000][7][gc,phases   ] GC(175)   Other: 0.3ms
[2023-11-16T05:48:30.334+0000][7][gc,heap     ] GC(175) Eden regions: 67->0(67)
[2023-11-16T05:48:30.334+0000][7][gc,heap     ] GC(175) Survivor regions: 2->2(9)
[2023-11-16T05:48:30.334+0000][7][gc,heap     ] GC(175) Old regions: 29->29
[2023-11-16T05:48:30.334+0000][7][gc,heap     ] GC(175) Archive regions: 2->2
[2023-11-16T05:48:30.334+0000][7][gc,heap     ] GC(175) Humongous regions: 5->5
[2023-11-16T05:48:30.334+0000][7][gc,metaspace] GC(175) Metaspace: 118973K(120768K)->118973K(120768K) NonClass: 103181K(104192K)->103181K(104192K) Class: 15791K(16576K)->15791K(16576K)
[2023-11-16T05:48:30.334+0000][7][gc          ] GC(175) Pause Young (Normal) (G1 Evacuation Pause) 412M->143M(512M) 2.992ms
[2023-11-16T05:48:30.334+0000][7][gc,cpu      ] GC(175) User=0.01s Sys=0.00s Real=0.00s
[2023-11-16T05:48:30.334+0000][7][safepoint   ] Safepoint "G1CollectForAllocation", Time since last: 1015734832 ns, Reaching safepoint: 23772 ns, At safepoint: 3084578 ns, Total: 3108350 ns
[2023-11-16T05:48:31.334+0000][7][safepoint   ] Safepoint "Cleanup", Time since last: 1000110353 ns, Reaching safepoint: 78088 ns, At safepoint: 6867 ns, Total: 84955 ns
[2023-11-16T05:48:32.335+0000][7][safepoint   ] Safepoint "Cleanup", Time since last: 1000118225 ns, Reaching safepoint: 132433 ns, At safepoint: 5531 ns, Total: 137964 ns
[2023-11-16T05:48:36.319+0000][7][gc,start    ] GC(176) Pause Young (Normal) (G1 Evacuation Pause)
[2023-11-16T05:48:36.319+0000][7][gc,task     ] GC(176) Using 8 workers of 8 for evacuation
[2023-11-16T05:48:36.320+0000][7][gc,age      ] GC(176) Desired survivor size 18874368 bytes, new threshold 15 (max threshold 15)
[2023-11-16T05:48:36.323+0000][7][gc,age      ] GC(176) Age table with threshold 15 (max threshold 15)
[2023-11-16T05:48:36.323+0000][7][gc,age      ] GC(176) - age   1:    1483624 bytes,    1483624 total
[2023-11-16T05:48:36.323+0000][7][gc,age      ] GC(176) - age   2:     162848 bytes,    1646472 total
[2023-11-16T05:48:36.323+0000][7][gc,age      ] GC(176) - age   3:      62192 bytes,    1708664 total
[2023-11-16T05:48:36.323+0000][7][gc,age      ] GC(176) - age   4:    1354568 bytes,    3063232 total
[2023-11-16T05:48:36.323+0000][7][gc,age      ] GC(176) - age   5:     554904 bytes,    3618136 total
[2023-11-16T05:48:36.323+0000][7][gc,age      ] GC(176) - age   6:     153136 bytes,    3771272 total
[2023-11-16T05:48:36.323+0000][7][gc,age      ] GC(176) - age   7:     143376 bytes,    3914648 total
[2023-11-16T05:48:36.323+0000][7][gc,age      ] GC(176) - age   8:       4280 bytes,    3918928 total
[2023-11-16T05:48:36.323+0000][7][gc,age      ] GC(176) - age   9:     145200 bytes,    4064128 total
[2023-11-16T05:48:36.323+0000][7][gc,age      ] GC(176) - age  10:       5544 bytes,    4069672 total
[2023-11-16T05:48:36.323+0000][7][gc,age      ] GC(176) - age  11:        776 bytes,    4070448 total
[2023-11-16T05:48:36.323+0000][7][gc,age      ] GC(176) - age  12:        400 bytes,    4070848 total
[2023-11-16T05:48:36.323+0000][7][gc,age      ] GC(176) - age  13:        144 bytes,    4070992 total
[2023-11-16T05:48:36.323+0000][7][gc,age      ] GC(176) - age  14:        192 bytes,    4071184 total
[2023-11-16T05:48:36.323+0000][7][gc,age      ] GC(176) - age  15:       1216 bytes,    4072400 total
[2023-11-16T05:48:36.323+0000][7][gc,phases   ] GC(176)   Pre Evacuate Collection Set: 0.1ms
[2023-11-16T05:48:36.323+0000][7][gc,phases   ] GC(176)   Merge Heap Roots: 0.1ms
[2023-11-16T05:48:36.323+0000][7][gc,phases   ] GC(176)   Evacuate Collection Set: 1.8ms
[2023-11-16T05:48:36.323+0000][7][gc,phases   ] GC(176)   Post Evacuate Collection Set: 1.1ms
[2023-11-16T05:48:36.323+0000][7][gc,phases   ] GC(176)   Other: 0.2ms
[2023-11-16T05:48:36.323+0000][7][gc,heap     ] GC(176) Eden regions: 67->0(68)
[2023-11-16T05:48:36.323+0000][7][gc,heap     ] GC(176) Survivor regions: 2->2(9)
[2023-11-16T05:48:36.323+0000][7][gc,heap     ] GC(176) Old regions: 29->29
[2023-11-16T05:48:36.323+0000][7][gc,heap     ] GC(176) Archive regions: 2->2
[2023-11-16T05:48:36.323+0000][7][gc,heap     ] GC(176) Humongous regions: 5->5
[2023-11-16T05:48:36.323+0000][7][gc,metaspace] GC(176) Metaspace: 118976K(120768K)->118976K(120768K) NonClass: 103185K(104192K)->103185K(104192K) Class: 15791K(16576K)->15791K(16576K)
[2023-11-16T05:48:36.323+0000][7][gc          ] GC(176) Pause Young (Normal) (G1 Evacuation Pause) 411M->142M(512M) 3.292ms
[2023-11-16T05:48:36.323+0000][7][gc,cpu      ] GC(176) User=0.02s Sys=0.00s Real=0.00s
[2023-11-16T05:48:36.323+0000][7][safepoint   ] Safepoint "G1CollectForAllocation", Time since last: 3984689485 ns, Reaching safepoint: 73247 ns, At safepoint: 3368172 ns, Total: 3441419 ns
[2023-11-16T05:48:41.324+0000][7][safepoint   ] Safepoint "Cleanup", Time since last: 5000869023 ns, Reaching safepoint: 71008 ns, At safepoint: 10120 ns, Total: 81128 ns
[2023-11-16T05:48:42.324+0000][7][safepoint   ] Safepoint "Cleanup", Time since last: 1000087943 ns, Reaching safepoint: 32761 ns, At safepoint: 26339 ns, Total: 59100 ns
[2023-11-16T05:48:42.536+0000][7][gc,start    ] GC(177) Pause Young (Normal) (G1 Evacuation Pause)
[2023-11-16T05:48:42.537+0000][7][gc,task     ] GC(177) Using 8 workers of 8 for evacuation
[2023-11-16T05:48:42.537+0000][7][gc,age      ] GC(177) Desired survivor size 18874368 bytes, new threshold 15 (max threshold 15)
[2023-11-16T05:48:42.539+0000][7][gc,age      ] GC(177) Age table with threshold 15 (max threshold 15)
[2023-11-16T05:48:42.539+0000][7][gc,age      ] GC(177) - age   1:    1105448 bytes,    1105448 total
[2023-11-16T05:48:42.539+0000][7][gc,age      ] GC(177) - age   2:     379816 bytes,    1485264 total
[2023-11-16T05:48:42.539+0000][7][gc,age      ] GC(177) - age   3:     160840 bytes,    1646104 total
[2023-11-16T05:48:42.539+0000][7][gc,age      ] GC(177) - age   4:      61656 bytes,    1707760 total
[2023-11-16T05:48:42.539+0000][7][gc,age      ] GC(177) - age   5:    1354536 bytes,    3062296 total
[2023-11-16T05:48:42.539+0000][7][gc,age      ] GC(177) - age   6:     554832 bytes,    3617128 total
[2023-11-16T05:48:42.539+0000][7][gc,age      ] GC(177) - age   7:     152816 bytes,    3769944 total
[2023-11-16T05:48:42.539+0000][7][gc,age      ] GC(177) - age   8:     143344 bytes,    3913288 total
[2023-11-16T05:48:42.539+0000][7][gc,age      ] GC(177) - age   9:       4048 bytes,    3917336 total
[2023-11-16T05:48:42.539+0000][7][gc,age      ] GC(177) - age  10:        640 bytes,    3917976 total
[2023-11-16T05:48:42.539+0000][7][gc,age      ] GC(177) - age  11:       5544 bytes,    3923520 total
[2023-11-16T05:48:42.539+0000][7][gc,age      ] GC(177) - age  12:        648 bytes,    3924168 total
[2023-11-16T05:48:42.539+0000][7][gc,age      ] GC(177) - age  13:        368 bytes,    3924536 total
[2023-11-16T05:48:42.539+0000][7][gc,age      ] GC(177) - age  14:        112 bytes,    3924648 total
[2023-11-16T05:48:42.539+0000][7][gc,age      ] GC(177) - age  15:        128 bytes,    3924776 total
[2023-11-16T05:48:42.539+0000][7][gc,phases   ] GC(177)   Pre Evacuate Collection Set: 0.1ms
[2023-11-16T05:48:42.539+0000][7][gc,phases   ] GC(177)   Merge Heap Roots: 0.0ms
[2023-11-16T05:48:42.539+0000][7][gc,phases   ] GC(177)   Evacuate Collection Set: 1.5ms
[2023-11-16T05:48:42.539+0000][7][gc,phases   ] GC(177)   Post Evacuate Collection Set: 0.7ms
[2023-11-16T05:48:42.539+0000][7][gc,phases   ] GC(177)   Other: 0.3ms
[2023-11-16T05:48:42.539+0000][7][gc,heap     ] GC(177) Eden regions: 68->0(69)
[2023-11-16T05:48:42.539+0000][7][gc,heap     ] GC(177) Survivor regions: 2->1(9)
[2023-11-16T05:48:42.539+0000][7][gc,heap     ] GC(177) Old regions: 29->29
[2023-11-16T05:48:42.539+0000][7][gc,heap     ] GC(177) Archive regions: 2->2
[2023-11-16T05:48:42.539+0000][7][gc,heap     ] GC(177) Humongous regions: 5->5
[2023-11-16T05:48:42.539+0000][7][gc,metaspace] GC(177) Metaspace: 118979K(120768K)->118979K(120768K) NonClass: 103187K(104192K)->103187K(104192K) Class: 15791K(16576K)->15791K(16576K)
[2023-11-16T05:48:42.539+0000][7][gc          ] GC(177) Pause Young (Normal) (G1 Evacuation Pause) 414M->142M(512M) 2.590ms
[2023-11-16T05:48:42.539+0000][7][gc,cpu      ] GC(177) User=0.01s Sys=0.00s Real=0.01s
[2023-11-16T05:48:42.539+0000][7][safepoint   ] Safepoint "G1CollectForAllocation", Time since last: 212423041 ns, Reaching safepoint: 121258 ns, At safepoint: 2693236 ns, Total: 2814494 ns
[2023-11-16T05:48:51.540+0000][7][safepoint   ] Safepoint "Cleanup", Time since last: 9001058288 ns, Reaching safepoint: 60854 ns, At safepoint: 4861 ns, Total: 65715 ns
[2023-11-16T05:48:52.541+0000][7][safepoint   ] Safepoint "Cleanup", Time since last: 1000362912 ns, Reaching safepoint: 66581 ns, At safepoint: 7858 ns, Total: 74439 ns
[2023-11-16T05:48:53.541+0000][7][safepoint   ] Safepoint "Cleanup", Time since last: 1000136708 ns, Reaching safepoint: 47192 ns, At safepoint: 4442 ns, Total: 51634 ns
[2023-11-16T05:48:54.541+0000][7][safepoint   ] Safepoint "Cleanup", Time since last: 1000136054 ns, Reaching safepoint: 84567 ns, At safepoint: 5081 ns, Total: 89648 ns
[2023-11-16T05:48:54.563+0000][7][gc,start    ] GC(178) Pause Young (Normal) (G1 Evacuation Pause)
[2023-11-16T05:48:54.563+0000][7][gc,task     ] GC(178) Using 8 workers of 8 for evacuation
[2023-11-16T05:48:54.563+0000][7][gc,age      ] GC(178) Desired survivor size 18874368 bytes, new threshold 15 (max threshold 15)
[2023-11-16T05:48:54.566+0000][7][gc,age      ] GC(178) Age table with threshold 15 (max threshold 15)
[2023-11-16T05:48:54.566+0000][7][gc,age      ] GC(178) - age   1:    2113608 bytes,    2113608 total
[2023-11-16T05:48:54.566+0000][7][gc,age      ] GC(178) - age   2:     456008 bytes,    2569616 total
[2023-11-16T05:48:54.566+0000][7][gc,age      ] GC(178) - age   3:     376960 bytes,    2946576 total
[2023-11-16T05:48:54.566+0000][7][gc,age      ] GC(178) - age   4:     154000 bytes,    3100576 total
[2023-11-16T05:48:54.566+0000][7][gc,age      ] GC(178) - age   5:      61592 bytes,    3162168 total
[2023-11-16T05:48:54.566+0000][7][gc,age      ] GC(178) - age   6:    1354472 bytes,    4516640 total
[2023-11-16T05:48:54.566+0000][7][gc,age      ] GC(178) - age   7:     554736 bytes,    5071376 total
[2023-11-16T05:48:54.566+0000][7][gc,age      ] GC(178) - age   8:     146024 bytes,    5217400 total
[2023-11-16T05:48:54.566+0000][7][gc,age      ] GC(178) - age   9:     143344 bytes,    5360744 total
[2023-11-16T05:48:54.566+0000][7][gc,age      ] GC(178) - age  10:       3432 bytes,    5364176 total
[2023-11-16T05:48:54.566+0000][7][gc,age      ] GC(178) - age  11:        448 bytes,    5364624 total
[2023-11-16T05:48:54.566+0000][7][gc,age      ] GC(178) - age  12:       5480 bytes,    5370104 total
[2023-11-16T05:48:54.566+0000][7][gc,age      ] GC(178) - age  13:        328 bytes,    5370432 total
[2023-11-16T05:48:54.566+0000][7][gc,age      ] GC(178) - age  14:        368 bytes,    5370800 total
[2023-11-16T05:48:54.566+0000][7][gc,age      ] GC(178) - age  15:        112 bytes,    5370912 total
[2023-11-16T05:48:54.566+0000][7][gc,phases   ] GC(178)   Pre Evacuate Collection Set: 0.1ms
[2023-11-16T05:48:54.566+0000][7][gc,phases   ] GC(178)   Merge Heap Roots: 0.0ms
[2023-11-16T05:48:54.566+0000][7][gc,phases   ] GC(178)   Evacuate Collection Set: 2.3ms
[2023-11-16T05:48:54.566+0000][7][gc,phases   ] GC(178)   Post Evacuate Collection Set: 0.5ms
[2023-11-16T05:48:54.566+0000][7][gc,phases   ] GC(178)   Other: 0.2ms
[2023-11-16T05:48:54.566+0000][7][gc,heap     ] GC(178) Eden regions: 69->0(68)
[2023-11-16T05:48:54.566+0000][7][gc,heap     ] GC(178) Survivor regions: 1->2(9)
[2023-11-16T05:48:54.566+0000][7][gc,heap     ] GC(178) Old regions: 29->29
[2023-11-16T05:48:54.566+0000][7][gc,heap     ] GC(178) Archive regions: 2->2
[2023-11-16T05:48:54.566+0000][7][gc,heap     ] GC(178) Humongous regions: 5->5
[2023-11-16T05:48:54.566+0000][7][gc,metaspace] GC(178) Metaspace: 118982K(120768K)->118982K(120768K) NonClass: 103190K(104192K)->103190K(104192K) Class: 15791K(16576K)->15791K(16576K)
[2023-11-16T05:48:54.567+0000][7][gc          ] GC(178) Pause Young (Normal) (G1 Evacuation Pause) 418M->143M(512M) 3.208ms
[2023-11-16T05:48:54.567+0000][7][gc,cpu      ] GC(178) User=0.02s Sys=0.00s Real=0.00s
[2023-11-16T05:48:54.567+0000][7][safepoint   ] Safepoint "G1CollectForAllocation", Time since last: 22152602 ns, Reaching safepoint: 29721 ns, At safepoint: 3293787 ns, Total: 3323508 ns
[2023-11-16T05:49:05.568+0000][7][safepoint   ] Safepoint "Cleanup", Time since last: 11001662697 ns, Reaching safepoint: 127173 ns, At safepoint: 10792 ns, Total: 137965 ns
[2023-11-16T05:49:06.932+0000][7][safepoint   ] Safepoint "Cleanup", Time since last: 1363944112 ns, Reaching safepoint: 64909 ns, At safepoint: 24459 ns, Total: 89368 ns
[2023-11-16T05:49:07.933+0000][7][safepoint   ] Safepoint "Cleanup", Time since last: 1000147591 ns, Reaching safepoint: 89271 ns, At safepoint: 3610 ns, Total: 92881 ns
[2023-11-16T05:49:10.933+0000][7][safepoint   ] Safepoint "Cleanup", Time since last: 3000486453 ns, Reaching safepoint: 164869 ns, At safepoint: 13574 ns, Total: 178443 ns
[2023-11-16T05:49:12.924+0000][7][gc,start    ] GC(179) Pause Young (Normal) (G1 Evacuation Pause)
[2023-11-16T05:49:12.924+0000][7][gc,task     ] GC(179) Using 8 workers of 8 for evacuation
[2023-11-16T05:49:12.925+0000][7][gc,age      ] GC(179) Desired survivor size 18874368 bytes, new threshold 15 (max threshold 15)
[2023-11-16T05:49:12.928+0000][7][gc,age      ] GC(179) Age table with threshold 15 (max threshold 15)
[2023-11-16T05:49:12.928+0000][7][gc,age      ] GC(179) - age   1:    1239720 bytes,    1239720 total
[2023-11-16T05:49:12.928+0000][7][gc,age      ] GC(179) - age   2:    1423264 bytes,    2662984 total
[2023-11-16T05:49:12.928+0000][7][gc,age      ] GC(179) - age   3:     248360 bytes,    2911344 total
[2023-11-16T05:49:12.928+0000][7][gc,age      ] GC(179) - age   4:     268336 bytes,    3179680 total
[2023-11-16T05:49:12.928+0000][7][gc,age      ] GC(179) - age   5:     145864 bytes,    3325544 total
[2023-11-16T05:49:12.928+0000][7][gc,age      ] GC(179) - age   6:      31408 bytes,    3356952 total
[2023-11-16T05:49:12.928+0000][7][gc,age      ] GC(179) - age   7:    1251696 bytes,    4608648 total
[2023-11-16T05:49:12.928+0000][7][gc,age      ] GC(179) - age   8:     554584 bytes,    5163232 total
[2023-11-16T05:49:12.928+0000][7][gc,age      ] GC(179) - age   9:     146024 bytes,    5309256 total
[2023-11-16T05:49:12.928+0000][7][gc,age      ] GC(179) - age  10:     143320 bytes,    5452576 total
[2023-11-16T05:49:12.928+0000][7][gc,age      ] GC(179) - age  11:       3368 bytes,    5455944 total
[2023-11-16T05:49:12.928+0000][7][gc,age      ] GC(179) - age  12:        384 bytes,    5456328 total
[2023-11-16T05:49:12.928+0000][7][gc,age      ] GC(179) - age  13:       5392 bytes,    5461720 total
[2023-11-16T05:49:12.928+0000][7][gc,age      ] GC(179) - age  14:        328 bytes,    5462048 total
[2023-11-16T05:49:12.928+0000][7][gc,age      ] GC(179) - age  15:        304 bytes,    5462352 total
[2023-11-16T05:49:12.928+0000][7][gc,phases   ] GC(179)   Pre Evacuate Collection Set: 0.1ms
[2023-11-16T05:49:12.928+0000][7][gc,phases   ] GC(179)   Merge Heap Roots: 0.0ms
[2023-11-16T05:49:12.928+0000][7][gc,phases   ] GC(179)   Evacuate Collection Set: 2.4ms
[2023-11-16T05:49:12.928+0000][7][gc,phases   ] GC(179)   Post Evacuate Collection Set: 0.6ms
[2023-11-16T05:49:12.928+0000][7][gc,phases   ] GC(179)   Other: 0.3ms
[2023-11-16T05:49:12.928+0000][7][gc,heap     ] GC(179) Eden regions: 68->0(68)
[2023-11-16T05:49:12.928+0000][7][gc,heap     ] GC(179) Survivor regions: 2->2(9)
[2023-11-16T05:49:12.928+0000][7][gc,heap     ] GC(179) Old regions: 29->29
[2023-11-16T05:49:12.928+0000][7][gc,heap     ] GC(179) Archive regions: 2->2
[2023-11-16T05:49:12.928+0000][7][gc,heap     ] GC(179) Humongous regions: 5->5
[2023-11-16T05:49:12.928+0000][7][gc,metaspace] GC(179) Metaspace: 118993K(120768K)->118993K(120768K) NonClass: 103201K(104192K)->103201K(104192K) Class: 15791K(16576K)->15791K(16576K)
[2023-11-16T05:49:12.928+0000][7][gc          ] GC(179) Pause Young (Normal) (G1 Evacuation Pause) 415M->144M(512M) 3.403ms
[2023-11-16T05:49:12.928+0000][7][gc,cpu      ] GC(179) User=0.02s Sys=0.00s Real=0.00s
[2023-11-16T05:49:12.928+0000][7][safepoint   ] Safepoint "G1CollectForAllocation", Time since last: 1990989488 ns, Reaching safepoint: 90199 ns, At safepoint: 3472929 ns, Total: 3563128 ns
[2023-11-16T05:49:16.928+0000][7][safepoint   ] Safepoint "Cleanup", Time since last: 4000393315 ns, Reaching safepoint: 68046 ns, At safepoint: 12448 ns, Total: 80494 ns
[2023-11-16T05:49:29.231+0000][7][gc,start    ] GC(180) Pause Young (Normal) (G1 Evacuation Pause)
[2023-11-16T05:49:29.231+0000][7][gc,task     ] GC(180) Using 8 workers of 8 for evacuation
[2023-11-16T05:49:29.231+0000][7][gc,age      ] GC(180) Desired survivor size 18874368 bytes, new threshold 15 (max threshold 15)
[2023-11-16T05:49:29.237+0000][7][gc,age      ] GC(180) Age table with threshold 15 (max threshold 15)
[2023-11-16T05:49:29.237+0000][7][gc,age      ] GC(180) - age   1:    2109648 bytes,    2109648 total
[2023-11-16T05:49:29.237+0000][7][gc,age      ] GC(180) - age   2:     882432 bytes,    2992080 total
[2023-11-16T05:49:29.237+0000][7][gc,age      ] GC(180) - age   3:    1414904 bytes,    4406984 total
[2023-11-16T05:49:29.237+0000][7][gc,age      ] GC(180) - age   4:     248168 bytes,    4655152 total
[2023-11-16T05:49:29.237+0000][7][gc,age      ] GC(180) - age   5:     252800 bytes,    4907952 total
[2023-11-16T05:49:29.237+0000][7][gc,age      ] GC(180) - age   6:     145416 bytes,    5053368 total
[2023-11-16T05:49:29.237+0000][7][gc,age      ] GC(180) - age   7:      31152 bytes,    5084520 total
[2023-11-16T05:49:29.237+0000][7][gc,age      ] GC(180) - age   8:    1251504 bytes,    6336024 total
[2023-11-16T05:49:29.237+0000][7][gc,age      ] GC(180) - age   9:     554520 bytes,    6890544 total
[2023-11-16T05:49:29.237+0000][7][gc,age      ] GC(180) - age  10:     145896 bytes,    7036440 total
[2023-11-16T05:49:29.237+0000][7][gc,age      ] GC(180) - age  11:     143320 bytes,    7179760 total
[2023-11-16T05:49:29.237+0000][7][gc,age      ] GC(180) - age  12:       3304 bytes,    7183064 total
[2023-11-16T05:49:29.237+0000][7][gc,age      ] GC(180) - age  13:        384 bytes,    7183448 total
[2023-11-16T05:49:29.237+0000][7][gc,age      ] GC(180) - age  14:       5392 bytes,    7188840 total
[2023-11-16T05:49:29.237+0000][7][gc,age      ] GC(180) - age  15:        328 bytes,    7189168 total
[2023-11-16T05:49:29.237+0000][7][gc,phases   ] GC(180)   Pre Evacuate Collection Set: 0.1ms
[2023-11-16T05:49:29.237+0000][7][gc,phases   ] GC(180)   Merge Heap Roots: 0.1ms
[2023-11-16T05:49:29.237+0000][7][gc,phases   ] GC(180)   Evacuate Collection Set: 4.2ms
[2023-11-16T05:49:29.237+0000][7][gc,phases   ] GC(180)   Post Evacuate Collection Set: 0.8ms
[2023-11-16T05:49:29.237+0000][7][gc,phases   ] GC(180)   Other: 0.3ms
[2023-11-16T05:49:29.237+0000][7][gc,heap     ] GC(180) Eden regions: 68->0(68)
[2023-11-16T05:49:29.237+0000][7][gc,heap     ] GC(180) Survivor regions: 2->2(9)
[2023-11-16T05:49:29.237+0000][7][gc,heap     ] GC(180) Old regions: 29->29
[2023-11-16T05:49:29.237+0000][7][gc,heap     ] GC(180) Archive regions: 2->2
[2023-11-16T05:49:29.237+0000][7][gc,heap     ] GC(180) Humongous regions: 5->5
[2023-11-16T05:49:29.237+0000][7][gc,metaspace] GC(180) Metaspace: 118996K(120768K)->118996K(120768K) NonClass: 103205K(104192K)->103205K(104192K) Class: 15791K(16576K)->15791K(16576K)
[2023-11-16T05:49:29.237+0000][7][gc          ] GC(180) Pause Young (Normal) (G1 Evacuation Pause) 416M->145M(512M) 5.467ms
[2023-11-16T05:49:29.237+0000][7][gc,cpu      ] GC(180) User=0.03s Sys=0.00s Real=0.00s
[2023-11-16T05:49:29.237+0000][7][safepoint   ] Safepoint "G1CollectForAllocation", Time since last: 12302818269 ns, Reaching safepoint: 59832 ns, At safepoint: 5610014 ns, Total: 5669846 ns
[2023-11-16T05:49:35.237+0000][7][safepoint   ] Safepoint "Cleanup", Time since last: 6000642114 ns, Reaching safepoint: 38611 ns, At safepoint: 6029 ns, Total: 44640 ns
[2023-11-16T05:49:36.238+0000][7][safepoint   ] Safepoint "Cleanup", Time since last: 1000137062 ns, Reaching safepoint: 50943 ns, At safepoint: 5453 ns, Total: 56396 ns
[2023-11-16T05:49:41.072+0000][7][safepoint   ] Safepoint "Cleanup", Time since last: 4833737487 ns, Reaching safepoint: 62693 ns, At safepoint: 36670 ns, Total: 99363 ns
[2023-11-16T05:49:42.072+0000][7][safepoint   ] Safepoint "Cleanup", Time since last: 1000132932 ns, Reaching safepoint: 81085 ns, At safepoint: 7953 ns, Total: 89038 ns
[2023-11-16T05:49:46.608+0000][7][gc,start    ] GC(181) Pause Young (Normal) (G1 Evacuation Pause)
[2023-11-16T05:49:46.608+0000][7][gc,task     ] GC(181) Using 8 workers of 8 for evacuation
[2023-11-16T05:49:46.608+0000][7][gc,age      ] GC(181) Desired survivor size 18874368 bytes, new threshold 15 (max threshold 15)
[2023-11-16T05:49:46.612+0000][7][gc,age      ] GC(181) Age table with threshold 15 (max threshold 15)
[2023-11-16T05:49:46.612+0000][7][gc,age      ] GC(181) - age   1:    2310928 bytes,    2310928 total
[2023-11-16T05:49:46.612+0000][7][gc,age      ] GC(181) - age   2:     774872 bytes,    3085800 total
[2023-11-16T05:49:46.612+0000][7][gc,age      ] GC(181) - age   3:     496952 bytes,    3582752 total
[2023-11-16T05:49:46.612+0000][7][gc,age      ] GC(181) - age   4:    1413984 bytes,    4996736 total
[2023-11-16T05:49:46.612+0000][7][gc,age      ] GC(181) - age   5:     247920 bytes,    5244656 total
[2023-11-16T05:49:46.612+0000][7][gc,age      ] GC(181) - age   6:     149928 bytes,    5394584 total
[2023-11-16T05:49:46.612+0000][7][gc,age      ] GC(181) - age   7:     145416 bytes,    5540000 total
[2023-11-16T05:49:46.612+0000][7][gc,age      ] GC(181) - age   8:      31152 bytes,    5571152 total
[2023-11-16T05:49:46.612+0000][7][gc,age      ] GC(181) - age   9:    1251504 bytes,    6822656 total
[2023-11-16T05:49:46.612+0000][7][gc,age      ] GC(181) - age  10:     554520 bytes,    7377176 total
[2023-11-16T05:49:46.612+0000][7][gc,age      ] GC(181) - age  11:     145896 bytes,    7523072 total
[2023-11-16T05:49:46.612+0000][7][gc,age      ] GC(181) - age  12:     143128 bytes,    7666200 total
[2023-11-16T05:49:46.612+0000][7][gc,age      ] GC(181) - age  13:       3016 bytes,    7669216 total
[2023-11-16T05:49:46.612+0000][7][gc,age      ] GC(181) - age  14:        384 bytes,    7669600 total
[2023-11-16T05:49:46.612+0000][7][gc,age      ] GC(181) - age  15:       5328 bytes,    7674928 total
[2023-11-16T05:49:46.612+0000][7][gc,phases   ] GC(181)   Pre Evacuate Collection Set: 0.1ms
[2023-11-16T05:49:46.612+0000][7][gc,phases   ] GC(181)   Merge Heap Roots: 0.2ms
[2023-11-16T05:49:46.612+0000][7][gc,phases   ] GC(181)   Evacuate Collection Set: 2.7ms
[2023-11-16T05:49:46.612+0000][7][gc,phases   ] GC(181)   Post Evacuate Collection Set: 0.6ms
[2023-11-16T05:49:46.612+0000][7][gc,phases   ] GC(181)   Other: 0.2ms
[2023-11-16T05:49:46.612+0000][7][gc,heap     ] GC(181) Eden regions: 68->0(68)
[2023-11-16T05:49:46.612+0000][7][gc,heap     ] GC(181) Survivor regions: 2->2(9)
[2023-11-16T05:49:46.612+0000][7][gc,heap     ] GC(181) Old regions: 29->29
[2023-11-16T05:49:46.612+0000][7][gc,heap     ] GC(181) Archive regions: 2->2
[2023-11-16T05:49:46.612+0000][7][gc,heap     ] GC(181) Humongous regions: 5->5
[2023-11-16T05:49:46.612+0000][7][gc,metaspace] GC(181) Metaspace: 119004K(120768K)->119004K(120768K) NonClass: 103212K(104192K)->103212K(104192K) Class: 15791K(16576K)->15791K(16576K)
[2023-11-16T05:49:46.612+0000][7][gc          ] GC(181) Pause Young (Normal) (G1 Evacuation Pause) 417M->146M(512M) 3.697ms
[2023-11-16T05:49:46.612+0000][7][gc,cpu      ] GC(181) User=0.02s Sys=0.00s Real=0.01s
[2023-11-16T05:49:46.612+0000][7][safepoint   ] Safepoint "G1CollectForAllocation", Time since last: 4536515222 ns, Reaching safepoint: 88063 ns, At safepoint: 3808448 ns, Total: 3896511 ns
[2023-11-16T05:49:49.612+0000][7][safepoint   ] Safepoint "Cleanup", Time since last: 3000220015 ns, Reaching safepoint: 54743 ns, At safepoint: 32858 ns, Total: 87601 ns
[2023-11-16T05:49:58.613+0000][7][safepoint   ] Safepoint "Cleanup", Time since last: 9000647701 ns, Reaching safepoint: 67035 ns, At safepoint: 5855 ns, Total: 72890 ns
[2023-11-16T05:50:03.445+0000][7][gc,start    ] GC(182) Pause Young (Normal) (G1 Evacuation Pause)
[2023-11-16T05:50:03.445+0000][7][gc,task     ] GC(182) Using 8 workers of 8 for evacuation
[2023-11-16T05:50:03.445+0000][7][gc,age      ] GC(182) Desired survivor size 18874368 bytes, new threshold 15 (max threshold 15)
[2023-11-16T05:50:03.449+0000][7][gc,age      ] GC(182) Age table with threshold 15 (max threshold 15)
[2023-11-16T05:50:03.449+0000][7][gc,age      ] GC(182) - age   1:    1746136 bytes,    1746136 total
[2023-11-16T05:50:03.449+0000][7][gc,age      ] GC(182) - age   2:     929592 bytes,    2675728 total
[2023-11-16T05:50:03.449+0000][7][gc,age      ] GC(182) - age   3:     654096 bytes,    3329824 total
[2023-11-16T05:50:03.449+0000][7][gc,age      ] GC(182) - age   4:     369344 bytes,    3699168 total
[2023-11-16T05:50:03.449+0000][7][gc,age      ] GC(182) - age   5:    1399336 bytes,    5098504 total
[2023-11-16T05:50:03.449+0000][7][gc,age      ] GC(182) - age   6:     247856 bytes,    5346360 total
[2023-11-16T05:50:03.449+0000][7][gc,age      ] GC(182) - age   7:     149672 bytes,    5496032 total
[2023-11-16T05:50:03.449+0000][7][gc,age      ] GC(182) - age   8:     145352 bytes,    5641384 total
[2023-11-16T05:50:03.449+0000][7][gc,age      ] GC(182) - age   9:      31152 bytes,    5672536 total
[2023-11-16T05:50:03.449+0000][7][gc,age      ] GC(182) - age  10:    1251472 bytes,    6924008 total
[2023-11-16T05:50:03.449+0000][7][gc,age      ] GC(182) - age  11:     554456 bytes,    7478464 total
[2023-11-16T05:50:03.449+0000][7][gc,age      ] GC(182) - age  12:     145896 bytes,    7624360 total
[2023-11-16T05:50:03.449+0000][7][gc,age      ] GC(182) - age  13:     143064 bytes,    7767424 total
[2023-11-16T05:50:03.449+0000][7][gc,age      ] GC(182) - age  14:       2984 bytes,    7770408 total
[2023-11-16T05:50:03.449+0000][7][gc,age      ] GC(182) - age  15:        384 bytes,    7770792 total
[2023-11-16T05:50:03.449+0000][7][gc,phases   ] GC(182)   Pre Evacuate Collection Set: 0.1ms
[2023-11-16T05:50:03.449+0000][7][gc,phases   ] GC(182)   Merge Heap Roots: 0.0ms
[2023-11-16T05:50:03.449+0000][7][gc,phases   ] GC(182)   Evacuate Collection Set: 3.2ms
[2023-11-16T05:50:03.449+0000][7][gc,phases   ] GC(182)   Post Evacuate Collection Set: 0.5ms
[2023-11-16T05:50:03.449+0000][7][gc,phases   ] GC(182)   Other: 0.3ms
[2023-11-16T05:50:03.449+0000][7][gc,heap     ] GC(182) Eden regions: 68->0(68)
[2023-11-16T05:50:03.449+0000][7][gc,heap     ] GC(182) Survivor regions: 2->2(9)
[2023-11-16T05:50:03.449+0000][7][gc,heap     ] GC(182) Old regions: 29->29
[2023-11-16T05:50:03.449+0000][7][gc,heap     ] GC(182) Archive regions: 2->2
[2023-11-16T05:50:03.449+0000][7][gc,heap     ] GC(182) Humongous regions: 5->5
[2023-11-16T05:50:03.449+0000][7][gc,metaspace] GC(182) Metaspace: 119021K(120768K)->119021K(120768K) NonClass: 103229K(104192K)->103229K(104192K) Class: 15791K(16576K)->15791K(16576K)
[2023-11-16T05:50:03.449+0000][7][gc          ] GC(182) Pause Young (Normal) (G1 Evacuation Pause) 418M->146M(512M) 4.209ms
[2023-11-16T05:50:03.449+0000][7][gc,cpu      ] GC(182) User=0.02s Sys=0.01s Real=0.01s
[2023-11-16T05:50:03.449+0000][7][safepoint   ] Safepoint "G1CollectForAllocation", Time since last: 4831882889 ns, Reaching safepoint: 48549 ns, At safepoint: 4311904 ns, Total: 4360453 ns
[2023-11-16T05:50:05.450+0000][7][safepoint   ] Safepoint "Cleanup", Time since last: 2000219662 ns, Reaching safepoint: 132612 ns, At safepoint: 7592 ns, Total: 140204 ns
[2023-11-16T05:50:08.450+0000][7][safepoint   ] Safepoint "Cleanup", Time since last: 3000317957 ns, Reaching safepoint: 106755 ns, At safepoint: 37044 ns, Total: 143799 ns
[2023-11-16T05:50:20.753+0000][7][gc,start    ] GC(183) Pause Young (Normal) (G1 Evacuation Pause)
[2023-11-16T05:50:20.753+0000][7][gc,task     ] GC(183) Using 8 workers of 8 for evacuation
[2023-11-16T05:50:20.753+0000][7][gc,age      ] GC(183) Desired survivor size 18874368 bytes, new threshold 15 (max threshold 15)
[2023-11-16T05:50:20.766+0000][7][gc,age      ] GC(183) Age table with threshold 15 (max threshold 15)
[2023-11-16T05:50:20.766+0000][7][gc,age      ] GC(183) - age   1:    2258016 bytes,    2258016 total
[2023-11-16T05:50:20.766+0000][7][gc,age      ] GC(183) - age   2:    1086744 bytes,    3344760 total
[2023-11-16T05:50:20.766+0000][7][gc,age      ] GC(183) - age   3:     928104 bytes,    4272864 total
[2023-11-16T05:50:20.766+0000][7][gc,age      ] GC(183) - age   4:     653240 bytes,    4926104 total
[2023-11-16T05:50:20.766+0000][7][gc,age      ] GC(183) - age   5:     368768 bytes,    5294872 total
[2023-11-16T05:50:20.766+0000][7][gc,age      ] GC(183) - age   6:    1399272 bytes,    6694144 total
[2023-11-16T05:50:20.766+0000][7][gc,age      ] GC(183) - age   7:     247632 bytes,    6941776 total
[2023-11-16T05:50:20.766+0000][7][gc,age      ] GC(183) - age   8:     149480 bytes,    7091256 total
[2023-11-16T05:50:20.766+0000][7][gc,age      ] GC(183) - age   9:     145352 bytes,    7236608 total
[2023-11-16T05:50:20.766+0000][7][gc,age      ] GC(183) - age  10:      31088 bytes,    7267696 total
[2023-11-16T05:50:20.766+0000][7][gc,age      ] GC(183) - age  11:    1251408 bytes,    8519104 total
[2023-11-16T05:50:20.766+0000][7][gc,age      ] GC(183) - age  12:     554456 bytes,    9073560 total
[2023-11-16T05:50:20.766+0000][7][gc,age      ] GC(183) - age  13:     145896 bytes,    9219456 total
[2023-11-16T05:50:20.766+0000][7][gc,age      ] GC(183) - age  14:     143064 bytes,    9362520 total
[2023-11-16T05:50:20.766+0000][7][gc,age      ] GC(183) - age  15:       2984 bytes,    9365504 total
[2023-11-16T05:50:20.766+0000][7][gc,phases   ] GC(183)   Pre Evacuate Collection Set: 0.1ms
[2023-11-16T05:50:20.766+0000][7][gc,phases   ] GC(183)   Merge Heap Roots: 0.0ms
[2023-11-16T05:50:20.766+0000][7][gc,phases   ] GC(183)   Evacuate Collection Set: 12.3ms
[2023-11-16T05:50:20.766+0000][7][gc,phases   ] GC(183)   Post Evacuate Collection Set: 0.5ms
[2023-11-16T05:50:20.766+0000][7][gc,phases   ] GC(183)   Other: 0.2ms
[2023-11-16T05:50:20.766+0000][7][gc,heap     ] GC(183) Eden regions: 68->0(66)
[2023-11-16T05:50:20.766+0000][7][gc,heap     ] GC(183) Survivor regions: 2->3(9)
[2023-11-16T05:50:20.766+0000][7][gc,heap     ] GC(183) Old regions: 29->29
[2023-11-16T05:50:20.766+0000][7][gc,heap     ] GC(183) Archive regions: 2->2
[2023-11-16T05:50:20.766+0000][7][gc,heap     ] GC(183) Humongous regions: 5->5
[2023-11-16T05:50:20.766+0000][7][gc,metaspace] GC(183) Metaspace: 119022K(120768K)->119022K(120768K) NonClass: 103230K(104192K)->103230K(104192K) Class: 15791K(16576K)->15791K(16576K)
[2023-11-16T05:50:20.766+0000][7][gc          ] GC(183) Pause Young (Normal) (G1 Evacuation Pause) 418M->147M(512M) 13.226ms
[2023-11-16T05:50:20.766+0000][7][gc,cpu      ] GC(183) User=0.04s Sys=0.00s Real=0.01s
[2023-11-16T05:50:20.766+0000][7][safepoint   ] Safepoint "G1CollectForAllocation", Time since last: 12302731460 ns, Reaching safepoint: 75995 ns, At safepoint: 13282698 ns, Total: 13358693 ns
[2023-11-16T05:50:22.767+0000][7][safepoint   ] Safepoint "Cleanup", Time since last: 2000395416 ns, Reaching safepoint: 83239 ns, At safepoint: 9570 ns, Total: 92809 ns
[2023-11-16T05:50:24.767+0000][7][safepoint   ] Safepoint "Cleanup", Time since last: 2000208216 ns, Reaching safepoint: 91659 ns, At safepoint: 4896 ns, Total: 96555 ns
[2023-11-16T05:50:25.767+0000][7][safepoint   ] Safepoint "Cleanup", Time since last: 1000091432 ns, Reaching safepoint: 41422 ns, At safepoint: 29824 ns, Total: 71246 ns
[2023-11-16T05:50:28.768+0000][7][safepoint   ] Safepoint "Cleanup", Time since last: 3000354581 ns, Reaching safepoint: 65295 ns, At safepoint: 4744 ns, Total: 70039 ns
[2023-11-16T05:50:34.769+0000][7][safepoint   ] Safepoint "Cleanup", Time since last: 6000665027 ns, Reaching safepoint: 106090 ns, At safepoint: 14867 ns, Total: 120957 ns
[2023-11-16T05:50:35.362+0000][7][gc,start    ] GC(184) Pause Young (Normal) (G1 Evacuation Pause)
[2023-11-16T05:50:35.362+0000][7][gc,task     ] GC(184) Using 8 workers of 8 for evacuation
[2023-11-16T05:50:35.362+0000][7][gc,age      ] GC(184) Desired survivor size 18874368 bytes, new threshold 15 (max threshold 15)
[2023-11-16T05:50:35.365+0000][7][gc,age      ] GC(184) Age table with threshold 15 (max threshold 15)
[2023-11-16T05:50:35.365+0000][7][gc,age      ] GC(184) - age   1:    2919888 bytes,    2919888 total
[2023-11-16T05:50:35.365+0000][7][gc,age      ] GC(184) - age   2:     693584 bytes,    3613472 total
[2023-11-16T05:50:35.365+0000][7][gc,age      ] GC(184) - age   3:     836408 bytes,    4449880 total
[2023-11-16T05:50:35.365+0000][7][gc,age      ] GC(184) - age   4:     698096 bytes,    5147976 total
[2023-11-16T05:50:35.365+0000][7][gc,age      ] GC(184) - age   5:     571640 bytes,    5719616 total
[2023-11-16T05:50:35.365+0000][7][gc,age      ] GC(184) - age   6:     368704 bytes,    6088320 total
[2023-11-16T05:50:35.365+0000][7][gc,age      ] GC(184) - age   7:    1399016 bytes,    7487336 total
[2023-11-16T05:50:35.365+0000][7][gc,age      ] GC(184) - age   8:     247632 bytes,    7734968 total
[2023-11-16T05:50:35.365+0000][7][gc,age      ] GC(184) - age   9:     149352 bytes,    7884320 total
[2023-11-16T05:50:35.365+0000][7][gc,age      ] GC(184) - age  10:     145040 bytes,    8029360 total
[2023-11-16T05:50:35.365+0000][7][gc,age      ] GC(184) - age  11:      31088 bytes,    8060448 total
[2023-11-16T05:50:35.365+0000][7][gc,age      ] GC(184) - age  12:    1251408 bytes,    9311856 total
[2023-11-16T05:50:35.365+0000][7][gc,age      ] GC(184) - age  13:     554456 bytes,    9866312 total
[2023-11-16T05:50:35.365+0000][7][gc,age      ] GC(184) - age  14:     145896 bytes,   10012208 total
[2023-11-16T05:50:35.365+0000][7][gc,age      ] GC(184) - age  15:     143064 bytes,   10155272 total
[2023-11-16T05:50:35.365+0000][7][gc,phases   ] GC(184)   Pre Evacuate Collection Set: 0.1ms
[2023-11-16T05:50:35.365+0000][7][gc,phases   ] GC(184)   Merge Heap Roots: 0.0ms
[2023-11-16T05:50:35.365+0000][7][gc,phases   ] GC(184)   Evacuate Collection Set: 2.7ms
[2023-11-16T05:50:35.365+0000][7][gc,phases   ] GC(184)   Post Evacuate Collection Set: 0.5ms
[2023-11-16T05:50:35.365+0000][7][gc,phases   ] GC(184)   Other: 0.2ms
[2023-11-16T05:50:35.365+0000][7][gc,heap     ] GC(184) Eden regions: 66->0(66)
[2023-11-16T05:50:35.365+0000][7][gc,heap     ] GC(184) Survivor regions: 3->3(9)
[2023-11-16T05:50:35.365+0000][7][gc,heap     ] GC(184) Old regions: 29->29
[2023-11-16T05:50:35.365+0000][7][gc,heap     ] GC(184) Archive regions: 2->2
[2023-11-16T05:50:35.365+0000][7][gc,heap     ] GC(184) Humongous regions: 5->5
[2023-11-16T05:50:35.365+0000][7][gc,metaspace] GC(184) Metaspace: 119023K(120768K)->119023K(120768K) NonClass: 103231K(104192K)->103231K(104192K) Class: 15791K(16576K)->15791K(16576K)
[2023-11-16T05:50:35.365+0000][7][gc          ] GC(184) Pause Young (Normal) (G1 Evacuation Pause) 411M->148M(512M) 3.528ms
[2023-11-16T05:50:35.365+0000][7][gc,cpu      ] GC(184) User=0.02s Sys=0.00s Real=0.00s
[2023-11-16T05:50:35.365+0000][7][safepoint   ] Safepoint "G1CollectForAllocation", Time since last: 593114699 ns, Reaching safepoint: 30618 ns, At safepoint: 3619065 ns, Total: 3649683 ns
[2023-11-16T05:50:37.365+0000][7][safepoint   ] Safepoint "Cleanup", Time since last: 2000129533 ns, Reaching safepoint: 39349 ns, At safepoint: 5634 ns, Total: 44983 ns
[2023-11-16T05:50:38.366+0000][7][safepoint   ] Safepoint "Cleanup", Time since last: 1000092690 ns, Reaching safepoint: 83977 ns, At safepoint: 3940 ns, Total: 87917 ns
[2023-11-16T05:50:39.366+0000][7][safepoint   ] Safepoint "Cleanup", Time since last: 1000148616 ns, Reaching safepoint: 189692 ns, At safepoint: 13739 ns, Total: 203431 ns
[2023-11-16T05:50:40.366+0000][7][safepoint   ] Safepoint "Cleanup", Time since last: 1000114420 ns, Reaching safepoint: 39849 ns, At safepoint: 4385 ns, Total: 44234 ns
[2023-11-16T05:50:41.367+0000][7][safepoint   ] Safepoint "Cleanup", Time since last: 1000363899 ns, Reaching safepoint: 112923 ns, At safepoint: 4282 ns, Total: 117205 ns
[2023-11-16T05:50:42.367+0000][7][safepoint   ] Safepoint "Cleanup", Time since last: 1000087604 ns, Reaching safepoint: 61906 ns, At safepoint: 3967 ns, Total: 65873 ns
[2023-11-16T05:50:43.367+0000][7][safepoint   ] Safepoint "Cleanup", Time since last: 1000324983 ns, Reaching safepoint: 76816 ns, At safepoint: 6356 ns, Total: 83172 ns
[2023-11-16T05:50:44.368+0000][7][safepoint   ] Safepoint "Cleanup", Time since last: 1000225748 ns, Reaching safepoint: 159462 ns, At safepoint: 7435 ns, Total: 166897 ns
[2023-11-16T05:50:45.368+0000][7][safepoint   ] Safepoint "Cleanup", Time since last: 1000320616 ns, Reaching safepoint: 35867 ns, At safepoint: 3791 ns, Total: 39658 ns
[2023-11-16T05:50:47.368+0000][7][safepoint   ] Safepoint "Cleanup", Time since last: 2000192150 ns, Reaching safepoint: 89139 ns, At safepoint: 7301 ns, Total: 96440 ns
[2023-11-16T05:50:48.368+0000][7][safepoint   ] Safepoint "Cleanup", Time since last: 1000173364 ns, Reaching safepoint: 69718 ns, At safepoint: 5646 ns, Total: 75364 ns
[2023-11-16T05:50:50.843+0000][7][gc,start    ] GC(185) Pause Young (Normal) (G1 Evacuation Pause)
[2023-11-16T05:50:50.843+0000][7][gc,task     ] GC(185) Using 8 workers of 8 for evacuation
[2023-11-16T05:50:50.843+0000][7][gc,age      ] GC(185) Desired survivor size 18874368 bytes, new threshold 15 (max threshold 15)
[2023-11-16T05:50:50.848+0000][7][gc,age      ] GC(185) Age table with threshold 15 (max threshold 15)
[2023-11-16T05:50:50.848+0000][7][gc,age      ] GC(185) - age   1:    3505576 bytes,    3505576 total
[2023-11-16T05:50:50.848+0000][7][gc,age      ] GC(185) - age   2:     969224 bytes,    4474800 total
[2023-11-16T05:50:50.848+0000][7][gc,age      ] GC(185) - age   3:     692584 bytes,    5167384 total
[2023-11-16T05:50:50.848+0000][7][gc,age      ] GC(185) - age   4:     612032 bytes,    5779416 total
[2023-11-16T05:50:50.848+0000][7][gc,age      ] GC(185) - age   5:     697816 bytes,    6477232 total
[2023-11-16T05:50:50.848+0000][7][gc,age      ] GC(185) - age   6:     567088 bytes,    7044320 total
[2023-11-16T05:50:50.848+0000][7][gc,age      ] GC(185) - age   7:     352128 bytes,    7396448 total
[2023-11-16T05:50:50.848+0000][7][gc,age      ] GC(185) - age   8:    1296680 bytes,    8693128 total
[2023-11-16T05:50:50.848+0000][7][gc,age      ] GC(185) - age   9:     247632 bytes,    8940760 total
[2023-11-16T05:50:50.848+0000][7][gc,age      ] GC(185) - age  10:     149320 bytes,    9090080 total
[2023-11-16T05:50:50.848+0000][7][gc,age      ] GC(185) - age  11:     145040 bytes,    9235120 total
[2023-11-16T05:50:50.848+0000][7][gc,age      ] GC(185) - age  12:      31024 bytes,    9266144 total
[2023-11-16T05:50:50.848+0000][7][gc,age      ] GC(185) - age  13:    1251408 bytes,   10517552 total
[2023-11-16T05:50:50.848+0000][7][gc,age      ] GC(185) - age  14:     554456 bytes,   11072008 total
[2023-11-16T05:50:50.848+0000][7][gc,age      ] GC(185) - age  15:     145896 bytes,   11217904 total
[2023-11-16T05:50:50.848+0000][7][gc,phases   ] GC(185)   Pre Evacuate Collection Set: 0.1ms
[2023-11-16T05:50:50.848+0000][7][gc,phases   ] GC(185)   Merge Heap Roots: 0.0ms
[2023-11-16T05:50:50.848+0000][7][gc,phases   ] GC(185)   Evacuate Collection Set: 3.5ms
[2023-11-16T05:50:50.848+0000][7][gc,phases   ] GC(185)   Post Evacuate Collection Set: 0.6ms
[2023-11-16T05:50:50.848+0000][7][gc,phases   ] GC(185)   Other: 0.2ms
[2023-11-16T05:50:50.848+0000][7][gc,heap     ] GC(185) Eden regions: 66->0(66)
[2023-11-16T05:50:50.848+0000][7][gc,heap     ] GC(185) Survivor regions: 3->3(9)
[2023-11-16T05:50:50.848+0000][7][gc,heap     ] GC(185) Old regions: 29->29
[2023-11-16T05:50:50.848+0000][7][gc,heap     ] GC(185) Archive regions: 2->2
[2023-11-16T05:50:50.848+0000][7][gc,heap     ] GC(185) Humongous regions: 5->5
[2023-11-16T05:50:50.848+0000][7][gc,metaspace] GC(185) Metaspace: 119038K(120768K)->119038K(120768K) NonClass: 103246K(104192K)->103246K(104192K) Class: 15792K(16576K)->15792K(16576K)
[2023-11-16T05:50:50.848+0000][7][gc          ] GC(185) Pause Young (Normal) (G1 Evacuation Pause) 412M->149M(512M) 4.491ms
[2023-11-16T05:50:50.848+0000][7][gc,cpu      ] GC(185) User=0.02s Sys=0.00s Real=0.00s
[2023-11-16T05:50:50.848+0000][7][safepoint   ] Safepoint "G1CollectForAllocation", Time since last: 2474723429 ns, Reaching safepoint: 74729 ns, At safepoint: 4584685 ns, Total: 4659414 ns
[2023-11-16T05:50:53.848+0000][7][safepoint   ] Safepoint "Cleanup", Time since last: 3000508375 ns, Reaching safepoint: 69612 ns, At safepoint: 6224 ns, Total: 75836 ns
[2023-11-16T05:50:54.849+0000][7][safepoint   ] Safepoint "Cleanup", Time since last: 1000125925 ns, Reaching safepoint: 37099 ns, At safepoint: 24923 ns, Total: 62022 ns
[2023-11-16T05:50:56.849+0000][7][safepoint   ] Safepoint "Cleanup", Time since last: 2000118952 ns, Reaching safepoint: 38936 ns, At safepoint: 5315 ns, Total: 44251 ns
[2023-11-16T05:51:01.850+0000][7][safepoint   ] Safepoint "Cleanup", Time since last: 5000755636 ns, Reaching safepoint: 66364 ns, At safepoint: 4764 ns, Total: 71128 ns
[2023-11-16T05:51:02.850+0000][7][safepoint   ] Safepoint "Cleanup", Time since last: 1000142467 ns, Reaching safepoint: 159311 ns, At safepoint: 30211 ns, Total: 189522 ns
[2023-11-16T05:51:03.627+0000][7][gc,start    ] GC(186) Pause Young (Normal) (G1 Evacuation Pause)
[2023-11-16T05:51:03.627+0000][7][gc,task     ] GC(186) Using 8 workers of 8 for evacuation
[2023-11-16T05:51:03.627+0000][7][gc,age      ] GC(186) Desired survivor size 18874368 bytes, new threshold 15 (max threshold 15)
[2023-11-16T05:51:03.636+0000][7][gc,age      ] GC(186) Age table with threshold 15 (max threshold 15)
[2023-11-16T05:51:03.636+0000][7][gc,age      ] GC(186) - age   1:    2135400 bytes,    2135400 total
[2023-11-16T05:51:03.636+0000][7][gc,age      ] GC(186) - age   2:    2879672 bytes,    5015072 total
[2023-11-16T05:51:03.636+0000][7][gc,age      ] GC(186) - age   3:     910688 bytes,    5925760 total
[2023-11-16T05:51:03.636+0000][7][gc,age      ] GC(186) - age   4:     659520 bytes,    6585280 total
[2023-11-16T05:51:03.636+0000][7][gc,age      ] GC(186) - age   5:     561288 bytes,    7146568 total
[2023-11-16T05:51:03.636+0000][7][gc,age      ] GC(186) - age   6:     662936 bytes,    7809504 total
[2023-11-16T05:51:03.636+0000][7][gc,age      ] GC(186) - age   7:     529800 bytes,    8339304 total
[2023-11-16T05:51:03.636+0000][7][gc,age      ] GC(186) - age   8:     301160 bytes,    8640464 total
[2023-11-16T05:51:03.636+0000][7][gc,age      ] GC(186) - age   9:     987176 bytes,    9627640 total
[2023-11-16T05:51:03.636+0000][7][gc,age      ] GC(186) - age  10:     247632 bytes,    9875272 total
[2023-11-16T05:51:03.636+0000][7][gc,age      ] GC(186) - age  11:     149320 bytes,   10024592 total
[2023-11-16T05:51:03.636+0000][7][gc,age      ] GC(186) - age  12:     144976 bytes,   10169568 total
[2023-11-16T05:51:03.636+0000][7][gc,age      ] GC(186) - age  13:      31024 bytes,   10200592 total
[2023-11-16T05:51:03.636+0000][7][gc,age      ] GC(186) - age  14:    1251408 bytes,   11452000 total
[2023-11-16T05:51:03.636+0000][7][gc,age      ] GC(186) - age  15:     554456 bytes,   12006456 total
[2023-11-16T05:51:03.636+0000][7][gc,phases   ] GC(186)   Pre Evacuate Collection Set: 0.1ms
[2023-11-16T05:51:03.636+0000][7][gc,phases   ] GC(186)   Merge Heap Roots: 0.1ms
[2023-11-16T05:51:03.636+0000][7][gc,phases   ] GC(186)   Evacuate Collection Set: 8.1ms
[2023-11-16T05:51:03.636+0000][7][gc,phases   ] GC(186)   Post Evacuate Collection Set: 0.7ms
[2023-11-16T05:51:03.636+0000][7][gc,phases   ] GC(186)   Other: 0.3ms
[2023-11-16T05:51:03.636+0000][7][gc,heap     ] GC(186) Eden regions: 66->0(66)
[2023-11-16T05:51:03.636+0000][7][gc,heap     ] GC(186) Survivor regions: 3->3(9)
[2023-11-16T05:51:03.636+0000][7][gc,heap     ] GC(186) Old regions: 29->29
[2023-11-16T05:51:03.636+0000][7][gc,heap     ] GC(186) Archive regions: 2->2
[2023-11-16T05:51:03.636+0000][7][gc,heap     ] GC(186) Humongous regions: 5->5
[2023-11-16T05:51:03.636+0000][7][gc,metaspace] GC(186) Metaspace: 119044K(120768K)->119044K(120768K) NonClass: 103252K(104192K)->103252K(104192K) Class: 15792K(16576K)->15792K(16576K)
[2023-11-16T05:51:03.636+0000][7][gc          ] GC(186) Pause Young (Normal) (G1 Evacuation Pause) 413M->150M(512M) 9.292ms
[2023-11-16T05:51:03.636+0000][7][gc,cpu      ] GC(186) User=0.03s Sys=0.00s Real=0.01s
[2023-11-16T05:51:03.636+0000][7][safepoint   ] Safepoint "G1CollectForAllocation", Time since last: 777006089 ns, Reaching safepoint: 23841 ns, At safepoint: 9459448 ns, Total: 9483289 ns
[2023-11-16T05:51:04.637+0000][7][safepoint   ] Safepoint "Cleanup", Time since last: 1000131848 ns, Reaching safepoint: 62439 ns, At safepoint: 8207 ns, Total: 70646 ns
[2023-11-16T05:51:05.637+0000][7][safepoint   ] Safepoint "Cleanup", Time since last: 1000337605 ns, Reaching safepoint: 53107 ns, At safepoint: 4361 ns, Total: 57468 ns
[2023-11-16T05:51:06.637+0000][7][safepoint   ] Safepoint "Cleanup", Time since last: 1000182472 ns, Reaching safepoint: 145229 ns, At safepoint: 22912 ns, Total: 168141 ns
[2023-11-16T05:51:07.538+0000][7][gc,start    ] GC(187) Pause Young (Normal) (G1 Evacuation Pause)
[2023-11-16T05:51:07.538+0000][7][gc,task     ] GC(187) Using 8 workers of 8 for evacuation
[2023-11-16T05:51:07.538+0000][7][gc,age      ] GC(187) Desired survivor size 18874368 bytes, new threshold 15 (max threshold 15)
[2023-11-16T05:51:07.549+0000][7][gc,age      ] GC(187) Age table with threshold 15 (max threshold 15)
[2023-11-16T05:51:07.549+0000][7][gc,age      ] GC(187) - age   1:    1410608 bytes,    1410608 total
[2023-11-16T05:51:07.549+0000][7][gc,age      ] GC(187) - age   2:      47872 bytes,    1458480 total
[2023-11-16T05:51:07.549+0000][7][gc,age      ] GC(187) - age   3:     448256 bytes,    1906736 total
[2023-11-16T05:51:07.549+0000][7][gc,age      ] GC(187) - age   4:       1840 bytes,    1908576 total
[2023-11-16T05:51:07.549+0000][7][gc,age      ] GC(187) - age   5:       1696 bytes,    1910272 total
[2023-11-16T05:51:07.549+0000][7][gc,age      ] GC(187) - age   6:        880 bytes,    1911152 total
[2023-11-16T05:51:07.549+0000][7][gc,age      ] GC(187) - age   7:       4752 bytes,    1915904 total
[2023-11-16T05:51:07.549+0000][7][gc,age      ] GC(187) - age   8:       2256 bytes,    1918160 total
[2023-11-16T05:51:07.549+0000][7][gc,age      ] GC(187) - age   9:       2816 bytes,    1920976 total
[2023-11-16T05:51:07.549+0000][7][gc,age      ] GC(187) - age  10:       5424 bytes,    1926400 total
[2023-11-16T05:51:07.549+0000][7][gc,age      ] GC(187) - age  11:     146896 bytes,    2073296 total
[2023-11-16T05:51:07.549+0000][7][gc,age      ] GC(187) - age  12:     148976 bytes,    2222272 total
[2023-11-16T05:51:07.549+0000][7][gc,age      ] GC(187) - age  13:     144632 bytes,    2366904 total
[2023-11-16T05:51:07.549+0000][7][gc,age      ] GC(187) - age  14:      30992 bytes,    2397896 total
[2023-11-16T05:51:07.549+0000][7][gc,age      ] GC(187) - age  15:    1251408 bytes,    3649304 total
[2023-11-16T05:51:07.549+0000][7][gc,phases   ] GC(187)   Pre Evacuate Collection Set: 0.1ms
[2023-11-16T05:51:07.549+0000][7][gc,phases   ] GC(187)   Merge Heap Roots: 0.0ms
[2023-11-16T05:51:07.549+0000][7][gc,phases   ] GC(187)   Evacuate Collection Set: 10.9ms
[2023-11-16T05:51:07.549+0000][7][gc,phases   ] GC(187)   Post Evacuate Collection Set: 0.6ms
[2023-11-16T05:51:07.549+0000][7][gc,phases   ] GC(187)   Other: 0.3ms
[2023-11-16T05:51:07.549+0000][7][gc,heap     ] GC(187) Eden regions: 66->0(68)
[2023-11-16T05:51:07.550+0000][7][gc,heap     ] GC(187) Survivor regions: 3->1(9)
[2023-11-16T05:51:07.550+0000][7][gc,heap     ] GC(187) Old regions: 29->29
[2023-11-16T05:51:07.550+0000][7][gc,heap     ] GC(187) Archive regions: 2->2
[2023-11-16T05:51:07.550+0000][7][gc,heap     ] GC(187) Humongous regions: 5->5
[2023-11-16T05:51:07.550+0000][7][gc,metaspace] GC(187) Metaspace: 119045K(120768K)->119045K(120768K) NonClass: 103253K(104192K)->103253K(104192K) Class: 15792K(16576K)->15792K(16576K)
[2023-11-16T05:51:07.550+0000][7][gc          ] GC(187) Pause Young (Normal) (G1 Evacuation Pause) 414M->143M(512M) 11.943ms
[2023-11-16T05:51:07.550+0000][7][gc,cpu      ] GC(187) User=0.02s Sys=0.00s Real=0.02s
[2023-11-16T05:51:07.550+0000][7][safepoint   ] Safepoint "G1CollectForAllocation", Time since last: 900099562 ns, Reaching safepoint: 48815 ns, At safepoint: 12037305 ns, Total: 12086120 ns
[2023-11-16T05:51:08.550+0000][7][safepoint   ] Safepoint "Cleanup", Time since last: 1000108620 ns, Reaching safepoint: 45455 ns, At safepoint: 4004 ns, Total: 49459 ns
[2023-11-16T05:51:11.550+0000][7][safepoint   ] Safepoint "Cleanup", Time since last: 3000277754 ns, Reaching safepoint: 47542 ns, At safepoint: 22303 ns, Total: 69845 ns
[2023-11-16T05:51:13.834+0000][7][gc,start    ] GC(188) Pause Young (Normal) (G1 Evacuation Pause)
[2023-11-16T05:51:13.834+0000][7][gc,task     ] GC(188) Using 8 workers of 8 for evacuation
[2023-11-16T05:51:13.834+0000][7][gc,age      ] GC(188) Desired survivor size 18874368 bytes, new threshold 15 (max threshold 15)
[2023-11-16T05:51:13.846+0000][7][gc,age      ] GC(188) Age table with threshold 15 (max threshold 15)
[2023-11-16T05:51:13.846+0000][7][gc,age      ] GC(188) - age   1:    2366800 bytes,    2366800 total
[2023-11-16T05:51:13.846+0000][7][gc,age      ] GC(188) - age   2:     714424 bytes,    3081224 total
[2023-11-16T05:51:13.846+0000][7][gc,age      ] GC(188) - age   3:      43656 bytes,    3124880 total
[2023-11-16T05:51:13.846+0000][7][gc,age      ] GC(188) - age   4:     447864 bytes,    3572744 total
[2023-11-16T05:51:13.846+0000][7][gc,age      ] GC(188) - age   5:       1520 bytes,    3574264 total
[2023-11-16T05:51:13.846+0000][7][gc,age      ] GC(188) - age   6:       1408 bytes,    3575672 total
[2023-11-16T05:51:13.846+0000][7][gc,age      ] GC(188) - age   7:        880 bytes,    3576552 total
[2023-11-16T05:51:13.846+0000][7][gc,age      ] GC(188) - age   8:       4496 bytes,    3581048 total
[2023-11-16T05:51:13.846+0000][7][gc,age      ] GC(188) - age   9:       2128 bytes,    3583176 total
[2023-11-16T05:51:13.846+0000][7][gc,age      ] GC(188) - age  10:       2752 bytes,    3585928 total
[2023-11-16T05:51:13.846+0000][7][gc,age      ] GC(188) - age  11:       3880 bytes,    3589808 total
[2023-11-16T05:51:13.846+0000][7][gc,age      ] GC(188) - age  12:     146176 bytes,    3735984 total
[2023-11-16T05:51:13.846+0000][7][gc,age      ] GC(188) - age  13:     148944 bytes,    3884928 total
[2023-11-16T05:51:13.846+0000][7][gc,age      ] GC(188) - age  14:     144568 bytes,    4029496 total
[2023-11-16T05:51:13.846+0000][7][gc,age      ] GC(188) - age  15:      30992 bytes,    4060488 total
[2023-11-16T05:51:13.846+0000][7][gc,phases   ] GC(188)   Pre Evacuate Collection Set: 0.1ms
[2023-11-16T05:51:13.846+0000][7][gc,phases   ] GC(188)   Merge Heap Roots: 0.0ms
[2023-11-16T05:51:13.846+0000][7][gc,phases   ] GC(188)   Evacuate Collection Set: 10.7ms
[2023-11-16T05:51:13.846+0000][7][gc,phases   ] GC(188)   Post Evacuate Collection Set: 0.5ms
[2023-11-16T05:51:13.846+0000][7][gc,phases   ] GC(188)   Other: 0.3ms
[2023-11-16T05:51:13.846+0000][7][gc,heap     ] GC(188) Eden regions: 68->0(66)
[2023-11-16T05:51:13.846+0000][7][gc,heap     ] GC(188) Survivor regions: 1->2(9)
[2023-11-16T05:51:13.846+0000][7][gc,heap     ] GC(188) Old regions: 29->30
[2023-11-16T05:51:13.846+0000][7][gc,heap     ] GC(188) Archive regions: 2->2
[2023-11-16T05:51:13.846+0000][7][gc,heap     ] GC(188) Humongous regions: 5->5
[2023-11-16T05:51:13.846+0000][7][gc,metaspace] GC(188) Metaspace: 119049K(120768K)->119049K(120768K) NonClass: 103257K(104192K)->103257K(104192K) Class: 15792K(16576K)->15792K(16576K)
[2023-11-16T05:51:13.846+0000][7][gc          ] GC(188) Pause Young (Normal) (G1 Evacuation Pause) 415M->144M(512M) 11.676ms
[2023-11-16T05:51:13.846+0000][7][gc,cpu      ] GC(188) User=0.03s Sys=0.00s Real=0.01s
[2023-11-16T05:51:13.846+0000][7][safepoint   ] Safepoint "G1CollectForAllocation", Time since last: 2284196857 ns, Reaching safepoint: 86879 ns, At safepoint: 11753920 ns, Total: 11840799 ns
[2023-11-16T05:51:16.847+0000][7][safepoint   ] Safepoint "Cleanup", Time since last: 3000407420 ns, Reaching safepoint: 51677 ns, At safepoint: 4477 ns, Total: 56154 ns
[2023-11-16T05:51:18.847+0000][7][safepoint   ] Safepoint "Cleanup", Time since last: 2000442934 ns, Reaching safepoint: 52574 ns, At safepoint: 27454 ns, Total: 80028 ns
[2023-11-16T05:51:19.847+0000][7][safepoint   ] Safepoint "Cleanup", Time since last: 1000133362 ns, Reaching safepoint: 60964 ns, At safepoint: 8510 ns, Total: 69474 ns
[2023-11-16T05:51:20.801+0000][7][gc,start    ] GC(189) Pause Young (Normal) (G1 Evacuation Pause)
[2023-11-16T05:51:20.801+0000][7][gc,task     ] GC(189) Using 8 workers of 8 for evacuation
[2023-11-16T05:51:20.801+0000][7][gc,age      ] GC(189) Desired survivor size 18874368 bytes, new threshold 15 (max threshold 15)
[2023-11-16T05:51:20.812+0000][7][gc,age      ] GC(189) Age table with threshold 15 (max threshold 15)
[2023-11-16T05:51:20.812+0000][7][gc,age      ] GC(189) - age   1:    2167552 bytes,    2167552 total
[2023-11-16T05:51:20.812+0000][7][gc,age      ] GC(189) - age   2:     270856 bytes,    2438408 total
[2023-11-16T05:51:20.812+0000][7][gc,age      ] GC(189) - age   3:     517288 bytes,    2955696 total
[2023-11-16T05:51:20.812+0000][7][gc,age      ] GC(189) - age   4:      42744 bytes,    2998440 total
[2023-11-16T05:51:20.812+0000][7][gc,age      ] GC(189) - age   5:     447736 bytes,    3446176 total
[2023-11-16T05:51:20.812+0000][7][gc,age      ] GC(189) - age   6:       1456 bytes,    3447632 total
[2023-11-16T05:51:20.812+0000][7][gc,age      ] GC(189) - age   7:       1376 bytes,    3449008 total
[2023-11-16T05:51:20.812+0000][7][gc,age      ] GC(189) - age   8:        880 bytes,    3449888 total
[2023-11-16T05:51:20.812+0000][7][gc,age      ] GC(189) - age   9:       4368 bytes,    3454256 total
[2023-11-16T05:51:20.812+0000][7][gc,age      ] GC(189) - age  10:       2128 bytes,    3456384 total
[2023-11-16T05:51:20.812+0000][7][gc,age      ] GC(189) - age  11:       2752 bytes,    3459136 total
[2023-11-16T05:51:20.812+0000][7][gc,age      ] GC(189) - age  12:       3472 bytes,    3462608 total
[2023-11-16T05:51:20.812+0000][7][gc,age      ] GC(189) - age  13:     146176 bytes,    3608784 total
[2023-11-16T05:51:20.812+0000][7][gc,age      ] GC(189) - age  14:     148944 bytes,    3757728 total
[2023-11-16T05:51:20.812+0000][7][gc,age      ] GC(189) - age  15:     144504 bytes,    3902232 total
[2023-11-16T05:51:20.812+0000][7][gc,phases   ] GC(189)   Pre Evacuate Collection Set: 0.1ms
[2023-11-16T05:51:20.812+0000][7][gc,phases   ] GC(189)   Merge Heap Roots: 0.0ms
[2023-11-16T05:51:20.812+0000][7][gc,phases   ] GC(189)   Evacuate Collection Set: 3.9ms
[2023-11-16T05:51:20.812+0000][7][gc,phases   ] GC(189)   Post Evacuate Collection Set: 6.9ms
[2023-11-16T05:51:20.812+0000][7][gc,phases   ] GC(189)   Other: 0.3ms
[2023-11-16T05:51:20.812+0000][7][gc,heap     ] GC(189) Eden regions: 66->0(67)
[2023-11-16T05:51:20.812+0000][7][gc,heap     ] GC(189) Survivor regions: 2->1(9)
[2023-11-16T05:51:20.812+0000][7][gc,heap     ] GC(189) Old regions: 30->30
[2023-11-16T05:51:20.812+0000][7][gc,heap     ] GC(189) Archive regions: 2->2
[2023-11-16T05:51:20.812+0000][7][gc,heap     ] GC(189) Humongous regions: 5->5
[2023-11-16T05:51:20.812+0000][7][gc,metaspace] GC(189) Metaspace: 119049K(120768K)->119049K(120768K) NonClass: 103257K(104192K)->103257K(104192K) Class: 15792K(16576K)->15792K(16576K)
[2023-11-16T05:51:20.812+0000][7][gc          ] GC(189) Pause Young (Normal) (G1 Evacuation Pause) 408M->144M(512M) 11.168ms
[2023-11-16T05:51:20.812+0000][7][gc,cpu      ] GC(189) User=0.01s Sys=0.00s Real=0.01s
[2023-11-16T05:51:20.812+0000][7][safepoint   ] Safepoint "G1CollectForAllocation", Time since last: 953716633 ns, Reaching safepoint: 31434 ns, At safepoint: 11278344 ns, Total: 11309778 ns
[2023-11-16T05:51:22.813+0000][7][safepoint   ] Safepoint "Cleanup", Time since last: 2000642731 ns, Reaching safepoint: 67746 ns, At safepoint: 4011 ns, Total: 71757 ns
[2023-11-16T05:51:23.813+0000][7][safepoint   ] Safepoint "Cleanup", Time since last: 1000220377 ns, Reaching safepoint: 143993 ns, At safepoint: 37461 ns, Total: 181454 ns
[2023-11-16T05:51:25.862+0000][7][gc,start    ] GC(190) Pause Young (Normal) (G1 Evacuation Pause)
[2023-11-16T05:51:25.862+0000][7][gc,task     ] GC(190) Using 8 workers of 8 for evacuation
[2023-11-16T05:51:25.862+0000][7][gc,age      ] GC(190) Desired survivor size 18874368 bytes, new threshold 15 (max threshold 15)
[2023-11-16T05:51:25.869+0000][7][gc,age      ] GC(190) Age table with threshold 15 (max threshold 15)
[2023-11-16T05:51:25.869+0000][7][gc,age      ] GC(190) - age   1:    1472088 bytes,    1472088 total
[2023-11-16T05:51:25.869+0000][7][gc,age      ] GC(190) - age   2:     369000 bytes,    1841088 total
[2023-11-16T05:51:25.869+0000][7][gc,age      ] GC(190) - age   3:     266952 bytes,    2108040 total
[2023-11-16T05:51:25.869+0000][7][gc,age      ] GC(190) - age   4:     516752 bytes,    2624792 total
[2023-11-16T05:51:25.869+0000][7][gc,age      ] GC(190) - age   5:      34344 bytes,    2659136 total
[2023-11-16T05:51:25.869+0000][7][gc,age      ] GC(190) - age   6:     447640 bytes,    3106776 total
[2023-11-16T05:51:25.869+0000][7][gc,age      ] GC(190) - age   7:       1328 bytes,    3108104 total
[2023-11-16T05:51:25.869+0000][7][gc,age      ] GC(190) - age   8:       1312 bytes,    3109416 total
[2023-11-16T05:51:25.869+0000][7][gc,age      ] GC(190) - age   9:        752 bytes,    3110168 total
[2023-11-16T05:51:25.869+0000][7][gc,age      ] GC(190) - age  10:       4304 bytes,    3114472 total
[2023-11-16T05:51:25.869+0000][7][gc,age      ] GC(190) - age  11:       2128 bytes,    3116600 total
[2023-11-16T05:51:25.869+0000][7][gc,age      ] GC(190) - age  12:       2392 bytes,    3118992 total
[2023-11-16T05:51:25.869+0000][7][gc,age      ] GC(190) - age  13:       3472 bytes,    3122464 total
[2023-11-16T05:51:25.869+0000][7][gc,age      ] GC(190) - age  14:     146176 bytes,    3268640 total
[2023-11-16T05:51:25.869+0000][7][gc,age      ] GC(190) - age  15:     148944 bytes,    3417584 total
[2023-11-16T05:51:25.869+0000][7][gc,phases   ] GC(190)   Pre Evacuate Collection Set: 0.1ms
[2023-11-16T05:51:25.869+0000][7][gc,phases   ] GC(190)   Merge Heap Roots: 0.1ms
[2023-11-16T05:51:25.869+0000][7][gc,phases   ] GC(190)   Evacuate Collection Set: 6.5ms
[2023-11-16T05:51:25.869+0000][7][gc,phases   ] GC(190)   Post Evacuate Collection Set: 0.7ms
[2023-11-16T05:51:25.869+0000][7][gc,phases   ] GC(190)   Other: 0.3ms
[2023-11-16T05:51:25.870+0000][7][gc,heap     ] GC(190) Eden regions: 67->0(68)
[2023-11-16T05:51:25.870+0000][7][gc,heap     ] GC(190) Survivor regions: 1->1(9)
[2023-11-16T05:51:25.870+0000][7][gc,heap     ] GC(190) Old regions: 30->30
[2023-11-16T05:51:25.870+0000][7][gc,heap     ] GC(190) Archive regions: 2->2
[2023-11-16T05:51:25.870+0000][7][gc,heap     ] GC(190) Humongous regions: 5->5
[2023-11-16T05:51:25.870+0000][7][gc,metaspace] GC(190) Metaspace: 119049K(120768K)->119049K(120768K) NonClass: 103257K(104192K)->103257K(104192K) Class: 15792K(16576K)->15792K(16576K)
[2023-11-16T05:51:25.870+0000][7][gc          ] GC(190) Pause Young (Normal) (G1 Evacuation Pause) 412M->144M(512M) 7.677ms
[2023-11-16T05:51:25.870+0000][7][gc,cpu      ] GC(190) User=0.02s Sys=0.00s Real=0.01s
[2023-11-16T05:51:25.870+0000][7][safepoint   ] Safepoint "G1CollectForAllocation", Time since last: 2048301630 ns, Reaching safepoint: 62570 ns, At safepoint: 7782588 ns, Total: 7845158 ns
[2023-11-16T05:51:26.870+0000][7][safepoint   ] Safepoint "Cleanup", Time since last: 1000093313 ns, Reaching safepoint: 81109 ns, At safepoint: 37570 ns, Total: 118679 ns
[2023-11-16T05:51:30.870+0000][7][safepoint   ] Safepoint "Cleanup", Time since last: 4000519356 ns, Reaching safepoint: 56668 ns, At safepoint: 24960 ns, Total: 81628 ns
[2023-11-16T05:51:32.056+0000][7][gc,start    ] GC(191) Pause Young (Normal) (G1 Evacuation Pause)
[2023-11-16T05:51:32.056+0000][7][gc,task     ] GC(191) Using 8 workers of 8 for evacuation
[2023-11-16T05:51:32.056+0000][7][gc,age      ] GC(191) Desired survivor size 18874368 bytes, new threshold 15 (max threshold 15)
[2023-11-16T05:51:32.063+0000][7][gc,age      ] GC(191) Age table with threshold 15 (max threshold 15)
[2023-11-16T05:51:32.063+0000][7][gc,age      ] GC(191) - age   1:    1756040 bytes,    1756040 total
[2023-11-16T05:51:32.063+0000][7][gc,age      ] GC(191) - age   2:     370864 bytes,    2126904 total
[2023-11-16T05:51:32.063+0000][7][gc,age      ] GC(191) - age   3:     160200 bytes,    2287104 total
[2023-11-16T05:51:32.063+0000][7][gc,age      ] GC(191) - age   4:       7608 bytes,    2294712 total
[2023-11-16T05:51:32.063+0000][7][gc,age      ] GC(191) - age   5:     299320 bytes,    2594032 total
[2023-11-16T05:51:32.063+0000][7][gc,age      ] GC(191) - age   6:      28192 bytes,    2622224 total
[2023-11-16T05:51:32.063+0000][7][gc,age      ] GC(191) - age   7:     447448 bytes,    3069672 total
[2023-11-16T05:51:32.063+0000][7][gc,age      ] GC(191) - age   8:        896 bytes,    3070568 total
[2023-11-16T05:51:32.063+0000][7][gc,age      ] GC(191) - age   9:       1312 bytes,    3071880 total
[2023-11-16T05:51:32.063+0000][7][gc,age      ] GC(191) - age  10:        688 bytes,    3072568 total
[2023-11-16T05:51:32.063+0000][7][gc,age      ] GC(191) - age  11:       4304 bytes,    3076872 total
[2023-11-16T05:51:32.063+0000][7][gc,age      ] GC(191) - age  12:       2128 bytes,    3079000 total
[2023-11-16T05:51:32.063+0000][7][gc,age      ] GC(191) - age  13:       2392 bytes,    3081392 total
[2023-11-16T05:51:32.063+0000][7][gc,age      ] GC(191) - age  14:       3344 bytes,    3084736 total
[2023-11-16T05:51:32.063+0000][7][gc,age      ] GC(191) - age  15:     146176 bytes,    3230912 total
[2023-11-16T05:51:32.063+0000][7][gc,phases   ] GC(191)   Pre Evacuate Collection Set: 0.1ms
[2023-11-16T05:51:32.063+0000][7][gc,phases   ] GC(191)   Merge Heap Roots: 0.0ms
[2023-11-16T05:51:32.063+0000][7][gc,phases   ] GC(191)   Evacuate Collection Set: 5.5ms
[2023-11-16T05:51:32.063+0000][7][gc,phases   ] GC(191)   Post Evacuate Collection Set: 0.5ms
[2023-11-16T05:51:32.063+0000][7][gc,phases   ] GC(191)   Other: 0.5ms
[2023-11-16T05:51:32.063+0000][7][gc,heap     ] GC(191) Eden regions: 68->0(68)
[2023-11-16T05:51:32.063+0000][7][gc,heap     ] GC(191) Survivor regions: 1->1(9)
[2023-11-16T05:51:32.063+0000][7][gc,heap     ] GC(191) Old regions: 30->30
[2023-11-16T05:51:32.063+0000][7][gc,heap     ] GC(191) Archive regions: 2->2
[2023-11-16T05:51:32.063+0000][7][gc,heap     ] GC(191) Humongous regions: 5->5
[2023-11-16T05:51:32.063+0000][7][gc,metaspace] GC(191) Metaspace: 119052K(120768K)->119052K(120768K) NonClass: 103260K(104192K)->103260K(104192K) Class: 15792K(16576K)->15792K(16576K)
[2023-11-16T05:51:32.063+0000][7][gc          ] GC(191) Pause Young (Normal) (G1 Evacuation Pause) 416M->144M(512M) 6.612ms
[2023-11-16T05:51:32.063+0000][7][gc,cpu      ] GC(191) User=0.01s Sys=0.00s Real=0.01s
[2023-11-16T05:51:32.063+0000][7][safepoint   ] Safepoint "G1CollectForAllocation", Time since last: 1185714904 ns, Reaching safepoint: 54186 ns, At safepoint: 6677128 ns, Total: 6731314 ns
[2023-11-16T05:51:33.063+0000][7][safepoint   ] Safepoint "Cleanup", Time since last: 1000263586 ns, Reaching safepoint: 88928 ns, At safepoint: 10166 ns, Total: 99094 ns
[2023-11-16T05:51:38.064+0000][7][safepoint   ] Safepoint "Cleanup", Time since last: 5000788291 ns, Reaching safepoint: 80602 ns, At safepoint: 4935 ns, Total: 85537 ns
[2023-11-16T05:51:39.992+0000][7][gc,start    ] GC(192) Pause Young (Normal) (G1 Evacuation Pause)
[2023-11-16T05:51:39.992+0000][7][gc,task     ] GC(192) Using 8 workers of 8 for evacuation
[2023-11-16T05:51:39.992+0000][7][gc,age      ] GC(192) Desired survivor size 18874368 bytes, new threshold 15 (max threshold 15)
[2023-11-16T05:51:39.995+0000][7][gc,age      ] GC(192) Age table with threshold 15 (max threshold 15)
[2023-11-16T05:51:39.995+0000][7][gc,age      ] GC(192) - age   1:    1775160 bytes,    1775160 total
[2023-11-16T05:51:39.995+0000][7][gc,age      ] GC(192) - age   2:     119592 bytes,    1894752 total
[2023-11-16T05:51:39.995+0000][7][gc,age      ] GC(192) - age   3:     173168 bytes,    2067920 total
[2023-11-16T05:51:39.995+0000][7][gc,age      ] GC(192) - age   4:     159568 bytes,    2227488 total
[2023-11-16T05:51:39.995+0000][7][gc,age      ] GC(192) - age   5:       6656 bytes,    2234144 total
[2023-11-16T05:51:39.995+0000][7][gc,age      ] GC(192) - age   6:     298688 bytes,    2532832 total
[2023-11-16T05:51:39.995+0000][7][gc,age      ] GC(192) - age   7:      28128 bytes,    2560960 total
[2023-11-16T05:51:39.995+0000][7][gc,age      ] GC(192) - age   8:     431416 bytes,    2992376 total
[2023-11-16T05:51:39.995+0000][7][gc,age      ] GC(192) - age   9:        896 bytes,    2993272 total
[2023-11-16T05:51:39.995+0000][7][gc,age      ] GC(192) - age  10:       1248 bytes,    2994520 total
[2023-11-16T05:51:39.995+0000][7][gc,age      ] GC(192) - age  11:        688 bytes,    2995208 total
[2023-11-16T05:51:39.995+0000][7][gc,age      ] GC(192) - age  12:       4184 bytes,    2999392 total
[2023-11-16T05:51:39.995+0000][7][gc,age      ] GC(192) - age  13:       2096 bytes,    3001488 total
[2023-11-16T05:51:39.995+0000][7][gc,age      ] GC(192) - age  14:       2328 bytes,    3003816 total
[2023-11-16T05:51:39.995+0000][7][gc,age      ] GC(192) - age  15:       3280 bytes,    3007096 total
[2023-11-16T05:51:39.995+0000][7][gc,phases   ] GC(192)   Pre Evacuate Collection Set: 0.1ms
[2023-11-16T05:51:39.995+0000][7][gc,phases   ] GC(192)   Merge Heap Roots: 0.1ms
[2023-11-16T05:51:39.995+0000][7][gc,phases   ] GC(192)   Evacuate Collection Set: 1.9ms
[2023-11-16T05:51:39.995+0000][7][gc,phases   ] GC(192)   Post Evacuate Collection Set: 0.7ms
[2023-11-16T05:51:39.995+0000][7][gc,phases   ] GC(192)   Other: 0.3ms
[2023-11-16T05:51:39.995+0000][7][gc,heap     ] GC(192) Eden regions: 68->0(68)
[2023-11-16T05:51:39.995+0000][7][gc,heap     ] GC(192) Survivor regions: 1->1(9)
[2023-11-16T05:51:39.995+0000][7][gc,heap     ] GC(192) Old regions: 30->30
[2023-11-16T05:51:39.995+0000][7][gc,heap     ] GC(192) Archive regions: 2->2
[2023-11-16T05:51:39.995+0000][7][gc,heap     ] GC(192) Humongous regions: 5->5
[2023-11-16T05:51:39.995+0000][7][gc,metaspace] GC(192) Metaspace: 119054K(120768K)->119054K(120768K) NonClass: 103262K(104192K)->103262K(104192K) Class: 15792K(16576K)->15792K(16576K)
[2023-11-16T05:51:39.995+0000][7][gc          ] GC(192) Pause Young (Normal) (G1 Evacuation Pause) 416M->144M(512M) 3.057ms
[2023-11-16T05:51:39.995+0000][7][gc,cpu      ] GC(192) User=0.01s Sys=0.01s Real=0.00s
[2023-11-16T05:51:39.995+0000][7][safepoint   ] Safepoint "G1CollectForAllocation", Time since last: 1928057040 ns, Reaching safepoint: 27787 ns, At safepoint: 3157059 ns, Total: 3184846 ns
[2023-11-16T05:51:43.996+0000][7][safepoint   ] Safepoint "Cleanup", Time since last: 4000217015 ns, Reaching safepoint: 63240 ns, At safepoint: 3992 ns, Total: 67232 ns
[2023-11-16T05:51:45.035+0000][7][gc,start    ] GC(193) Pause Young (Normal) (G1 Evacuation Pause)
[2023-11-16T05:51:45.035+0000][7][gc,task     ] GC(193) Using 8 workers of 8 for evacuation
[2023-11-16T05:51:45.035+0000][7][gc,age      ] GC(193) Desired survivor size 18874368 bytes, new threshold 15 (max threshold 15)
[2023-11-16T05:51:45.037+0000][7][gc,age      ] GC(193) Age table with threshold 15 (max threshold 15)
[2023-11-16T05:51:45.037+0000][7][gc,age      ] GC(193) - age   1:    1339744 bytes,    1339744 total
[2023-11-16T05:51:45.037+0000][7][gc,age      ] GC(193) - age   2:     439904 bytes,    1779648 total
[2023-11-16T05:51:45.037+0000][7][gc,age      ] GC(193) - age   3:     116944 bytes,    1896592 total
[2023-11-16T05:51:45.037+0000][7][gc,age      ] GC(193) - age   4:     172728 bytes,    2069320 total
[2023-11-16T05:51:45.037+0000][7][gc,age      ] GC(193) - age   5:     159504 bytes,    2228824 total
[2023-11-16T05:51:45.037+0000][7][gc,age      ] GC(193) - age   6:       6464 bytes,    2235288 total
[2023-11-16T05:51:45.037+0000][7][gc,age      ] GC(193) - age   7:     298568 bytes,    2533856 total
[2023-11-16T05:51:45.037+0000][7][gc,age      ] GC(193) - age   8:      28128 bytes,    2561984 total
[2023-11-16T05:51:45.037+0000][7][gc,age      ] GC(193) - age   9:     431072 bytes,    2993056 total
[2023-11-16T05:51:45.037+0000][7][gc,age      ] GC(193) - age  10:        768 bytes,    2993824 total
[2023-11-16T05:51:45.037+0000][7][gc,age      ] GC(193) - age  11:       1248 bytes,    2995072 total
[2023-11-16T05:51:45.037+0000][7][gc,age      ] GC(193) - age  12:        688 bytes,    2995760 total
[2023-11-16T05:51:45.037+0000][7][gc,age      ] GC(193) - age  13:       4184 bytes,    2999944 total
[2023-11-16T05:51:45.037+0000][7][gc,age      ] GC(193) - age  14:       2096 bytes,    3002040 total
[2023-11-16T05:51:45.037+0000][7][gc,age      ] GC(193) - age  15:       2296 bytes,    3004336 total
[2023-11-16T05:51:45.037+0000][7][gc,phases   ] GC(193)   Pre Evacuate Collection Set: 0.1ms
[2023-11-16T05:51:45.037+0000][7][gc,phases   ] GC(193)   Merge Heap Roots: 0.0ms
[2023-11-16T05:51:45.037+0000][7][gc,phases   ] GC(193)   Evacuate Collection Set: 1.5ms
[2023-11-16T05:51:45.037+0000][7][gc,phases   ] GC(193)   Post Evacuate Collection Set: 0.6ms
[2023-11-16T05:51:45.037+0000][7][gc,phases   ] GC(193)   Other: 0.3ms
[2023-11-16T05:51:45.037+0000][7][gc,heap     ] GC(193) Eden regions: 68->0(68)
[2023-11-16T05:51:45.037+0000][7][gc,heap     ] GC(193) Survivor regions: 1->1(9)
[2023-11-16T05:51:45.037+0000][7][gc,heap     ] GC(193) Old regions: 30->30
[2023-11-16T05:51:45.037+0000][7][gc,heap     ] GC(193) Archive regions: 2->2
[2023-11-16T05:51:45.037+0000][7][gc,heap     ] GC(193) Humongous regions: 5->5
[2023-11-16T05:51:45.037+0000][7][gc,metaspace] GC(193) Metaspace: 119054K(120768K)->119054K(120768K) NonClass: 103262K(104192K)->103262K(104192K) Class: 15792K(16576K)->15792K(16576K)
[2023-11-16T05:51:45.037+0000][7][gc          ] GC(193) Pause Young (Normal) (G1 Evacuation Pause) 416M->144M(512M) 2.481ms
[2023-11-16T05:51:45.037+0000][7][gc,cpu      ] GC(193) User=0.01s Sys=0.01s Real=0.00s
[2023-11-16T05:51:45.037+0000][7][safepoint   ] Safepoint "G1CollectForAllocation", Time since last: 1038908939 ns, Reaching safepoint: 132557 ns, At safepoint: 2573234 ns, Total: 2705791 ns
[2023-11-16T05:51:46.037+0000][7][safepoint   ] Safepoint "Cleanup", Time since last: 1000087186 ns, Reaching safepoint: 44494 ns, At safepoint: 4404 ns, Total: 48898 ns
[2023-11-16T05:51:47.038+0000][7][safepoint   ] Safepoint "Cleanup", Time since last: 1000143062 ns, Reaching safepoint: 140717 ns, At safepoint: 9371 ns, Total: 150088 ns
[2023-11-16T05:51:48.038+0000][7][safepoint   ] Safepoint "Cleanup", Time since last: 1000208033 ns, Reaching safepoint: 50213 ns, At safepoint: 6988 ns, Total: 57201 ns
[2023-11-16T05:51:51.106+0000][7][gc,start    ] GC(194) Pause Young (Normal) (G1 Evacuation Pause)
[2023-11-16T05:51:51.106+0000][7][gc,task     ] GC(194) Using 8 workers of 8 for evacuation
[2023-11-16T05:51:51.106+0000][7][gc,age      ] GC(194) Desired survivor size 18874368 bytes, new threshold 15 (max threshold 15)
[2023-11-16T05:51:51.109+0000][7][gc,age      ] GC(194) Age table with threshold 15 (max threshold 15)
[2023-11-16T05:51:51.109+0000][7][gc,age      ] GC(194) - age   1:    1201216 bytes,    1201216 total
[2023-11-16T05:51:51.109+0000][7][gc,age      ] GC(194) - age   2:     717080 bytes,    1918296 total
[2023-11-16T05:51:51.109+0000][7][gc,age      ] GC(194) - age   3:     438328 bytes,    2356624 total
[2023-11-16T05:51:51.109+0000][7][gc,age      ] GC(194) - age   4:     116128 bytes,    2472752 total
[2023-11-16T05:51:51.109+0000][7][gc,age      ] GC(194) - age   5:     172312 bytes,    2645064 total
[2023-11-16T05:51:51.109+0000][7][gc,age      ] GC(194) - age   6:     159312 bytes,    2804376 total
[2023-11-16T05:51:51.109+0000][7][gc,age      ] GC(194) - age   7:       6272 bytes,    2810648 total
[2023-11-16T05:51:51.109+0000][7][gc,age      ] GC(194) - age   8:     298504 bytes,    3109152 total
[2023-11-16T05:51:51.109+0000][7][gc,age      ] GC(194) - age   9:      28128 bytes,    3137280 total
[2023-11-16T05:51:51.109+0000][7][gc,age      ] GC(194) - age  10:     430472 bytes,    3567752 total
[2023-11-16T05:51:51.109+0000][7][gc,age      ] GC(194) - age  11:        768 bytes,    3568520 total
[2023-11-16T05:51:51.109+0000][7][gc,age      ] GC(194) - age  12:       1120 bytes,    3569640 total
[2023-11-16T05:51:51.109+0000][7][gc,age      ] GC(194) - age  13:        688 bytes,    3570328 total
[2023-11-16T05:51:51.109+0000][7][gc,age      ] GC(194) - age  14:       4184 bytes,    3574512 total
[2023-11-16T05:51:51.109+0000][7][gc,age      ] GC(194) - age  15:       2032 bytes,    3576544 total
[2023-11-16T05:51:51.109+0000][7][gc,phases   ] GC(194)   Pre Evacuate Collection Set: 0.1ms
[2023-11-16T05:51:51.109+0000][7][gc,phases   ] GC(194)   Merge Heap Roots: 0.1ms
[2023-11-16T05:51:51.109+0000][7][gc,phases   ] GC(194)   Evacuate Collection Set: 1.8ms
[2023-11-16T05:51:51.109+0000][7][gc,phases   ] GC(194)   Post Evacuate Collection Set: 0.8ms
[2023-11-16T05:51:51.109+0000][7][gc,phases   ] GC(194)   Other: 0.3ms
[2023-11-16T05:51:51.109+0000][7][gc,heap     ] GC(194) Eden regions: 68->0(68)
[2023-11-16T05:51:51.109+0000][7][gc,heap     ] GC(194) Survivor regions: 1->1(9)
[2023-11-16T05:51:51.109+0000][7][gc,heap     ] GC(194) Old regions: 30->30
[2023-11-16T05:51:51.109+0000][7][gc,heap     ] GC(194) Archive regions: 2->2
[2023-11-16T05:51:51.109+0000][7][gc,heap     ] GC(194) Humongous regions: 5->5
[2023-11-16T05:51:51.109+0000][7][gc,metaspace] GC(194) Metaspace: 119054K(120768K)->119054K(120768K) NonClass: 103262K(104192K)->103262K(104192K) Class: 15792K(16576K)->15792K(16576K)
[2023-11-16T05:51:51.109+0000][7][gc          ] GC(194) Pause Young (Normal) (G1 Evacuation Pause) 416M->144M(512M) 3.048ms
[2023-11-16T05:51:51.109+0000][7][gc,cpu      ] GC(194) User=0.00s Sys=0.01s Real=0.01s
[2023-11-16T05:51:51.109+0000][7][safepoint   ] Safepoint "G1CollectForAllocation", Time since last: 3067781046 ns, Reaching safepoint: 112146 ns, At safepoint: 3159079 ns, Total: 3271225 ns
[2023-11-16T05:51:53.109+0000][7][safepoint   ] Safepoint "Cleanup", Time since last: 2000187963 ns, Reaching safepoint: 63788 ns, At safepoint: 4571 ns, Total: 68359 ns
[2023-11-16T05:51:55.268+0000][7][safepoint   ] Safepoint "Cleanup", Time since last: 2158566189 ns, Reaching safepoint: 78901 ns, At safepoint: 7005 ns, Total: 85906 ns
[2023-11-16T05:51:59.182+0000][7][gc,start    ] GC(195) Pause Young (Normal) (G1 Evacuation Pause)
[2023-11-16T05:51:59.182+0000][7][gc,task     ] GC(195) Using 8 workers of 8 for evacuation
[2023-11-16T05:51:59.182+0000][7][gc,age      ] GC(195) Desired survivor size 18874368 bytes, new threshold 15 (max threshold 15)
[2023-11-16T05:51:59.185+0000][7][gc,age      ] GC(195) Age table with threshold 15 (max threshold 15)
[2023-11-16T05:51:59.185+0000][7][gc,age      ] GC(195) - age   1:    2360408 bytes,    2360408 total
[2023-11-16T05:51:59.185+0000][7][gc,age      ] GC(195) - age   2:     310456 bytes,    2670864 total
[2023-11-16T05:51:59.185+0000][7][gc,age      ] GC(195) - age   3:     368072 bytes,    3038936 total
[2023-11-16T05:51:59.185+0000][7][gc,age      ] GC(195) - age   4:     423664 bytes,    3462600 total
[2023-11-16T05:51:59.185+0000][7][gc,age      ] GC(195) - age   5:     109936 bytes,    3572536 total
[2023-11-16T05:51:59.185+0000][7][gc,age      ] GC(195) - age   6:     164336 bytes,    3736872 total
[2023-11-16T05:51:59.185+0000][7][gc,age      ] GC(195) - age   7:     159152 bytes,    3896024 total
[2023-11-16T05:51:59.185+0000][7][gc,age      ] GC(195) - age   8:       5800 bytes,    3901824 total
[2023-11-16T05:51:59.185+0000][7][gc,age      ] GC(195) - age   9:     298440 bytes,    4200264 total
[2023-11-16T05:51:59.185+0000][7][gc,age      ] GC(195) - age  10:      27672 bytes,    4227936 total
[2023-11-16T05:51:59.185+0000][7][gc,age      ] GC(195) - age  11:     430056 bytes,    4657992 total
[2023-11-16T05:51:59.185+0000][7][gc,age      ] GC(195) - age  12:        640 bytes,    4658632 total
[2023-11-16T05:51:59.185+0000][7][gc,age      ] GC(195) - age  13:       1120 bytes,    4659752 total
[2023-11-16T05:51:59.185+0000][7][gc,age      ] GC(195) - age  14:        496 bytes,    4660248 total
[2023-11-16T05:51:59.185+0000][7][gc,age      ] GC(195) - age  15:       4184 bytes,    4664432 total
[2023-11-16T05:51:59.185+0000][7][gc,phases   ] GC(195)   Pre Evacuate Collection Set: 0.1ms
[2023-11-16T05:51:59.185+0000][7][gc,phases   ] GC(195)   Merge Heap Roots: 0.0ms
[2023-11-16T05:51:59.185+0000][7][gc,phases   ] GC(195)   Evacuate Collection Set: 2.0ms
[2023-11-16T05:51:59.185+0000][7][gc,phases   ] GC(195)   Post Evacuate Collection Set: 0.7ms
[2023-11-16T05:51:59.185+0000][7][gc,phases   ] GC(195)   Other: 0.2ms
[2023-11-16T05:51:59.185+0000][7][gc,heap     ] GC(195) Eden regions: 68->0(67)
[2023-11-16T05:51:59.185+0000][7][gc,heap     ] GC(195) Survivor regions: 1->2(9)
[2023-11-16T05:51:59.185+0000][7][gc,heap     ] GC(195) Old regions: 30->30
[2023-11-16T05:51:59.185+0000][7][gc,heap     ] GC(195) Archive regions: 2->2
[2023-11-16T05:51:59.185+0000][7][gc,heap     ] GC(195) Humongous regions: 5->5
[2023-11-16T05:51:59.185+0000][7][gc,metaspace] GC(195) Metaspace: 119055K(120768K)->119055K(120768K) NonClass: 103263K(104192K)->103263K(104192K) Class: 15792K(16576K)->15792K(16576K)
[2023-11-16T05:51:59.185+0000][7][gc          ] GC(195) Pause Young (Normal) (G1 Evacuation Pause) 416M->145M(512M) 3.052ms
[2023-11-16T05:51:59.185+0000][7][gc,cpu      ] GC(195) User=0.02s Sys=0.00s Real=0.00s
[2023-11-16T05:51:59.185+0000][7][safepoint   ] Safepoint "G1CollectForAllocation", Time since last: 3913841730 ns, Reaching safepoint: 27863 ns, At safepoint: 3118787 ns, Total: 3146650 ns
[2023-11-16T05:52:04.595+0000][7][gc,start    ] GC(196) Pause Young (Normal) (G1 Evacuation Pause)
[2023-11-16T05:52:04.595+0000][7][gc,task     ] GC(196) Using 8 workers of 8 for evacuation
[2023-11-16T05:52:04.595+0000][7][gc,age      ] GC(196) Desired survivor size 18874368 bytes, new threshold 15 (max threshold 15)
[2023-11-16T05:52:04.597+0000][7][gc,age      ] GC(196) Age table with threshold 15 (max threshold 15)
[2023-11-16T05:52:04.597+0000][7][gc,age      ] GC(196) - age   1:    1927512 bytes,    1927512 total
[2023-11-16T05:52:04.597+0000][7][gc,age      ] GC(196) - age   2:     117736 bytes,    2045248 total
[2023-11-16T05:52:04.597+0000][7][gc,age      ] GC(196) - age   3:     102856 bytes,    2148104 total
[2023-11-16T05:52:04.597+0000][7][gc,age      ] GC(196) - age   4:     164336 bytes,    2312440 total
[2023-11-16T05:52:04.597+0000][7][gc,age      ] GC(196) - age   5:     214744 bytes,    2527184 total
[2023-11-16T05:52:04.597+0000][7][gc,age      ] GC(196) - age   6:     109224 bytes,    2636408 total
[2023-11-16T05:52:04.597+0000][7][gc,age      ] GC(196) - age   7:      20520 bytes,    2656928 total
[2023-11-16T05:52:04.597+0000][7][gc,age      ] GC(196) - age   8:     159152 bytes,    2816080 total
[2023-11-16T05:52:04.597+0000][7][gc,age      ] GC(196) - age   9:       5800 bytes,    2821880 total
[2023-11-16T05:52:04.597+0000][7][gc,age      ] GC(196) - age  10:     298440 bytes,    3120320 total
[2023-11-16T05:52:04.597+0000][7][gc,age      ] GC(196) - age  11:      27672 bytes,    3147992 total
[2023-11-16T05:52:04.597+0000][7][gc,age      ] GC(196) - age  12:     267256 bytes,    3415248 total
[2023-11-16T05:52:04.597+0000][7][gc,age      ] GC(196) - age  13:        640 bytes,    3415888 total
[2023-11-16T05:52:04.597+0000][7][gc,age      ] GC(196) - age  14:       1120 bytes,    3417008 total
[2023-11-16T05:52:04.597+0000][7][gc,age      ] GC(196) - age  15:        496 bytes,    3417504 total
[2023-11-16T05:52:04.597+0000][7][gc,phases   ] GC(196)   Pre Evacuate Collection Set: 0.1ms
[2023-11-16T05:52:04.597+0000][7][gc,phases   ] GC(196)   Merge Heap Roots: 0.0ms
[2023-11-16T05:52:04.597+0000][7][gc,phases   ] GC(196)   Evacuate Collection Set: 1.5ms
[2023-11-16T05:52:04.597+0000][7][gc,phases   ] GC(196)   Post Evacuate Collection Set: 0.6ms
[2023-11-16T05:52:04.597+0000][7][gc,phases   ] GC(196)   Other: 0.2ms
[2023-11-16T05:52:04.597+0000][7][gc,heap     ] GC(196) Eden regions: 67->0(68)
[2023-11-16T05:52:04.597+0000][7][gc,heap     ] GC(196) Survivor regions: 2->1(9)
[2023-11-16T05:52:04.597+0000][7][gc,heap     ] GC(196) Old regions: 30->30
[2023-11-16T05:52:04.597+0000][7][gc,heap     ] GC(196) Archive regions: 2->2
[2023-11-16T05:52:04.597+0000][7][gc,heap     ] GC(196) Humongous regions: 5->5
[2023-11-16T05:52:04.597+0000][7][gc,metaspace] GC(196) Metaspace: 119055K(120768K)->119055K(120768K) NonClass: 103263K(104192K)->103263K(104192K) Class: 15792K(16576K)->15792K(16576K)
[2023-11-16T05:52:04.597+0000][7][gc          ] GC(196) Pause Young (Normal) (G1 Evacuation Pause) 413M->144M(512M) 2.546ms
[2023-11-16T05:52:04.597+0000][7][gc,cpu      ] GC(196) User=0.02s Sys=0.00s Real=0.00s
[2023-11-16T05:52:04.597+0000][7][safepoint   ] Safepoint "G1CollectForAllocation", Time since last: 5409537620 ns, Reaching safepoint: 139913 ns, At safepoint: 2618859 ns, Total: 2758772 ns
[2023-11-16T05:52:08.598+0000][7][safepoint   ] Safepoint "Cleanup", Time since last: 4000286478 ns, Reaching safepoint: 90235 ns, At safepoint: 5052 ns, Total: 95287 ns
[2023-11-16T05:52:10.358+0000][7][gc,start    ] GC(197) Pause Young (Normal) (G1 Evacuation Pause)
[2023-11-16T05:52:10.358+0000][7][gc,task     ] GC(197) Using 8 workers of 8 for evacuation
[2023-11-16T05:52:10.358+0000][7][gc,age      ] GC(197) Desired survivor size 18874368 bytes, new threshold 15 (max threshold 15)
[2023-11-16T05:52:10.361+0000][7][gc,age      ] GC(197) Age table with threshold 15 (max threshold 15)
[2023-11-16T05:52:10.361+0000][7][gc,age      ] GC(197) - age   1:    1202160 bytes,    1202160 total
[2023-11-16T05:52:10.361+0000][7][gc,age      ] GC(197) - age   2:     317984 bytes,    1520144 total
[2023-11-16T05:52:10.361+0000][7][gc,age      ] GC(197) - age   3:     115528 bytes,    1635672 total
[2023-11-16T05:52:10.361+0000][7][gc,age      ] GC(197) - age   4:     102320 bytes,    1737992 total
[2023-11-16T05:52:10.361+0000][7][gc,age      ] GC(197) - age   5:     164336 bytes,    1902328 total
[2023-11-16T05:52:10.361+0000][7][gc,age      ] GC(197) - age   6:     214672 bytes,    2117000 total
[2023-11-16T05:52:10.361+0000][7][gc,age      ] GC(197) - age   7:     109224 bytes,    2226224 total
[2023-11-16T05:52:10.361+0000][7][gc,age      ] GC(197) - age   8:       5760 bytes,    2231984 total
[2023-11-16T05:52:10.361+0000][7][gc,age      ] GC(197) - age   9:       1888 bytes,    2233872 total
[2023-11-16T05:52:10.361+0000][7][gc,age      ] GC(197) - age  10:       5800 bytes,    2239672 total
[2023-11-16T05:52:10.361+0000][7][gc,age      ] GC(197) - age  11:     298440 bytes,    2538112 total
[2023-11-16T05:52:10.361+0000][7][gc,age      ] GC(197) - age  12:      27672 bytes,    2565784 total
[2023-11-16T05:52:10.361+0000][7][gc,age      ] GC(197) - age  13:     267160 bytes,    2832944 total
[2023-11-16T05:52:10.361+0000][7][gc,age      ] GC(197) - age  14:        576 bytes,    2833520 total
[2023-11-16T05:52:10.361+0000][7][gc,age      ] GC(197) - age  15:       1056 bytes,    2834576 total
[2023-11-16T05:52:10.362+0000][7][gc,phases   ] GC(197)   Pre Evacuate Collection Set: 0.1ms
[2023-11-16T05:52:10.362+0000][7][gc,phases   ] GC(197)   Merge Heap Roots: 0.0ms
[2023-11-16T05:52:10.362+0000][7][gc,phases   ] GC(197)   Evacuate Collection Set: 2.1ms
[2023-11-16T05:52:10.362+0000][7][gc,phases   ] GC(197)   Post Evacuate Collection Set: 0.7ms
[2023-11-16T05:52:10.362+0000][7][gc,phases   ] GC(197)   Other: 0.4ms
[2023-11-16T05:52:10.362+0000][7][gc,heap     ] GC(197) Eden regions: 68->0(68)
[2023-11-16T05:52:10.362+0000][7][gc,heap     ] GC(197) Survivor regions: 1->1(9)
[2023-11-16T05:52:10.362+0000][7][gc,heap     ] GC(197) Old regions: 30->30
[2023-11-16T05:52:10.362+0000][7][gc,heap     ] GC(197) Archive regions: 2->2
[2023-11-16T05:52:10.362+0000][7][gc,heap     ] GC(197) Humongous regions: 5->5
[2023-11-16T05:52:10.362+0000][7][gc,metaspace] GC(197) Metaspace: 119058K(120768K)->119058K(120768K) NonClass: 103266K(104192K)->103266K(104192K) Class: 15792K(16576K)->15792K(16576K)
[2023-11-16T05:52:10.362+0000][7][gc          ] GC(197) Pause Young (Normal) (G1 Evacuation Pause) 416M->144M(512M) 3.367ms
[2023-11-16T05:52:10.362+0000][7][gc,cpu      ] GC(197) User=0.01s Sys=0.00s Real=0.01s
[2023-11-16T05:52:10.362+0000][7][safepoint   ] Safepoint "G1CollectForAllocation", Time since last: 1760522589 ns, Reaching safepoint: 78897 ns, At safepoint: 3483923 ns, Total: 3562820 ns
[2023-11-16T05:52:17.363+0000][7][safepoint   ] Safepoint "Cleanup", Time since last: 7001734777 ns, Reaching safepoint: 54501 ns, At safepoint: 5870 ns, Total: 60371 ns
[2023-11-16T05:52:23.364+0000][7][safepoint   ] Safepoint "Cleanup", Time since last: 6000670251 ns, Reaching safepoint: 79190 ns, At safepoint: 4846 ns, Total: 84036 ns
[2023-11-16T05:52:23.543+0000][7][gc,start    ] GC(198) Pause Young (Normal) (G1 Evacuation Pause)
[2023-11-16T05:52:23.543+0000][7][gc,task     ] GC(198) Using 8 workers of 8 for evacuation
[2023-11-16T05:52:23.543+0000][7][gc,age      ] GC(198) Desired survivor size 18874368 bytes, new threshold 15 (max threshold 15)
[2023-11-16T05:52:23.549+0000][7][gc,age      ] GC(198) Age table with threshold 15 (max threshold 15)
[2023-11-16T05:52:23.549+0000][7][gc,age      ] GC(198) - age   1:    2532256 bytes,    2532256 total
[2023-11-16T05:52:23.549+0000][7][gc,age      ] GC(198) - age   2:     546872 bytes,    3079128 total
[2023-11-16T05:52:23.549+0000][7][gc,age      ] GC(198) - age   3:     315624 bytes,    3394752 total
[2023-11-16T05:52:23.549+0000][7][gc,age      ] GC(198) - age   4:     113256 bytes,    3508008 total
[2023-11-16T05:52:23.549+0000][7][gc,age      ] GC(198) - age   5:     102008 bytes,    3610016 total
[2023-11-16T05:52:23.549+0000][7][gc,age      ] GC(198) - age   6:     163808 bytes,    3773824 total
[2023-11-16T05:52:23.549+0000][7][gc,age      ] GC(198) - age   7:     214520 bytes,    3988344 total
[2023-11-16T05:52:23.549+0000][7][gc,age      ] GC(198) - age   8:     109224 bytes,    4097568 total
[2023-11-16T05:52:23.549+0000][7][gc,age      ] GC(198) - age   9:       5664 bytes,    4103232 total
[2023-11-16T05:52:23.549+0000][7][gc,age      ] GC(198) - age  10:       1696 bytes,    4104928 total
[2023-11-16T05:52:23.549+0000][7][gc,age      ] GC(198) - age  11:       5800 bytes,    4110728 total
[2023-11-16T05:52:23.549+0000][7][gc,age      ] GC(198) - age  12:     298440 bytes,    4409168 total
[2023-11-16T05:52:23.549+0000][7][gc,age      ] GC(198) - age  13:      27544 bytes,    4436712 total
[2023-11-16T05:52:23.549+0000][7][gc,age      ] GC(198) - age  14:     267104 bytes,    4703816 total
[2023-11-16T05:52:23.549+0000][7][gc,age      ] GC(198) - age  15:        512 bytes,    4704328 total
[2023-11-16T05:52:23.549+0000][7][gc,phases   ] GC(198)   Pre Evacuate Collection Set: 0.1ms
[2023-11-16T05:52:23.549+0000][7][gc,phases   ] GC(198)   Merge Heap Roots: 0.0ms
[2023-11-16T05:52:23.549+0000][7][gc,phases   ] GC(198)   Evacuate Collection Set: 5.7ms
[2023-11-16T05:52:23.549+0000][7][gc,phases   ] GC(198)   Post Evacuate Collection Set: 0.5ms
[2023-11-16T05:52:23.549+0000][7][gc,phases   ] GC(198)   Other: 0.2ms
[2023-11-16T05:52:23.549+0000][7][gc,heap     ] GC(198) Eden regions: 68->0(67)
[2023-11-16T05:52:23.549+0000][7][gc,heap     ] GC(198) Survivor regions: 1->2(9)
[2023-11-16T05:52:23.549+0000][7][gc,heap     ] GC(198) Old regions: 30->30
[2023-11-16T05:52:23.549+0000][7][gc,heap     ] GC(198) Archive regions: 2->2
[2023-11-16T05:52:23.549+0000][7][gc,heap     ] GC(198) Humongous regions: 5->5
[2023-11-16T05:52:23.549+0000][7][gc,metaspace] GC(198) Metaspace: 119063K(120832K)->119063K(120832K) NonClass: 103270K(104256K)->103270K(104256K) Class: 15792K(16576K)->15792K(16576K)
[2023-11-16T05:52:23.549+0000][7][gc          ] GC(198) Pause Young (Normal) (G1 Evacuation Pause) 416M->145M(512M) 6.593ms
[2023-11-16T05:52:23.549+0000][7][gc,cpu      ] GC(198) User=0.02s Sys=0.00s Real=0.01s
[2023-11-16T05:52:23.549+0000][7][safepoint   ] Safepoint "G1CollectForAllocation", Time since last: 178606494 ns, Reaching safepoint: 40690 ns, At safepoint: 6668275 ns, Total: 6708965 ns
[2023-11-16T05:52:24.550+0000][7][safepoint   ] Safepoint "Cleanup", Time since last: 1000108460 ns, Reaching safepoint: 57688 ns, At safepoint: 5565 ns, Total: 63253 ns
[2023-11-16T05:52:26.550+0000][7][safepoint   ] Safepoint "Cleanup", Time since last: 2000206876 ns, Reaching safepoint: 76269 ns, At safepoint: 7600 ns, Total: 83869 ns
[2023-11-16T05:52:27.550+0000][7][safepoint   ] Safepoint "Cleanup", Time since last: 1000089575 ns, Reaching safepoint: 41080 ns, At safepoint: 16821 ns, Total: 57901 ns
[2023-11-16T05:52:28.372+0000][7][gc,start    ] GC(199) Pause Young (Normal) (G1 Evacuation Pause)
[2023-11-16T05:52:28.372+0000][7][gc,task     ] GC(199) Using 8 workers of 8 for evacuation
[2023-11-16T05:52:28.372+0000][7][gc,age      ] GC(199) Desired survivor size 18874368 bytes, new threshold 15 (max threshold 15)
[2023-11-16T05:52:28.374+0000][7][gc,age      ] GC(199) Age table with threshold 15 (max threshold 15)
[2023-11-16T05:52:28.374+0000][7][gc,age      ] GC(199) - age   1:    1603168 bytes,    1603168 total
[2023-11-16T05:52:28.374+0000][7][gc,age      ] GC(199) - age   2:     305816 bytes,    1908984 total
[2023-11-16T05:52:28.374+0000][7][gc,age      ] GC(199) - age   3:     344368 bytes,    2253352 total
[2023-11-16T05:52:28.374+0000][7][gc,age      ] GC(199) - age   4:     216816 bytes,    2470168 total
[2023-11-16T05:52:28.374+0000][7][gc,age      ] GC(199) - age   5:     100664 bytes,    2570832 total
[2023-11-16T05:52:28.374+0000][7][gc,age      ] GC(199) - age   6:     101976 bytes,    2672808 total
[2023-11-16T05:52:28.374+0000][7][gc,age      ] GC(199) - age   7:     163808 bytes,    2836616 total
[2023-11-16T05:52:28.374+0000][7][gc,age      ] GC(199) - age   8:     157992 bytes,    2994608 total
[2023-11-16T05:52:28.374+0000][7][gc,age      ] GC(199) - age   9:       6456 bytes,    3001064 total
[2023-11-16T05:52:28.374+0000][7][gc,age      ] GC(199) - age  10:       5400 bytes,    3006464 total
[2023-11-16T05:52:28.374+0000][7][gc,age      ] GC(199) - age  11:       1696 bytes,    3008160 total
[2023-11-16T05:52:28.374+0000][7][gc,age      ] GC(199) - age  12:       5800 bytes,    3013960 total
[2023-11-16T05:52:28.374+0000][7][gc,age      ] GC(199) - age  13:     298440 bytes,    3312400 total
[2023-11-16T05:52:28.374+0000][7][gc,age      ] GC(199) - age  14:      27544 bytes,    3339944 total
[2023-11-16T05:52:28.374+0000][7][gc,age      ] GC(199) - age  15:     267104 bytes,    3607048 total
[2023-11-16T05:52:28.374+0000][7][gc,phases   ] GC(199)   Pre Evacuate Collection Set: 0.1ms
[2023-11-16T05:52:28.374+0000][7][gc,phases   ] GC(199)   Merge Heap Roots: 0.0ms
[2023-11-16T05:52:28.374+0000][7][gc,phases   ] GC(199)   Evacuate Collection Set: 1.4ms
[2023-11-16T05:52:28.374+0000][7][gc,phases   ] GC(199)   Post Evacuate Collection Set: 0.6ms
[2023-11-16T05:52:28.374+0000][7][gc,phases   ] GC(199)   Other: 0.2ms
[2023-11-16T05:52:28.374+0000][7][gc,heap     ] GC(199) Eden regions: 67->0(68)
[2023-11-16T05:52:28.374+0000][7][gc,heap     ] GC(199) Survivor regions: 2->1(9)
[2023-11-16T05:52:28.374+0000][7][gc,heap     ] GC(199) Old regions: 30->30
[2023-11-16T05:52:28.374+0000][7][gc,heap     ] GC(199) Archive regions: 2->2
[2023-11-16T05:52:28.374+0000][7][gc,heap     ] GC(199) Humongous regions: 5->5
[2023-11-16T05:52:28.374+0000][7][gc,metaspace] GC(199) Metaspace: 119065K(120832K)->119065K(120832K) NonClass: 103272K(104256K)->103272K(104256K) Class: 15792K(16576K)->15792K(16576K)
[2023-11-16T05:52:28.374+0000][7][gc          ] GC(199) Pause Young (Normal) (G1 Evacuation Pause) 413M->145M(512M) 2.368ms
[2023-11-16T05:52:28.374+0000][7][gc,cpu      ] GC(199) User=0.02s Sys=0.00s Real=0.00s
[2023-11-16T05:52:28.374+0000][7][safepoint   ] Safepoint "G1CollectForAllocation", Time since last: 821449670 ns, Reaching safepoint: 64493 ns, At safepoint: 2429555 ns, Total: 2494048 ns
[2023-11-16T05:52:36.442+0000][7][gc,start    ] GC(200) Pause Young (Normal) (G1 Evacuation Pause)
[2023-11-16T05:52:36.442+0000][7][gc,task     ] GC(200) Using 8 workers of 8 for evacuation
[2023-11-16T05:52:36.442+0000][7][gc,age      ] GC(200) Desired survivor size 18874368 bytes, new threshold 15 (max threshold 15)
[2023-11-16T05:52:36.449+0000][7][gc,age      ] GC(200) Age table with threshold 15 (max threshold 15)
[2023-11-16T05:52:36.449+0000][7][gc,age      ] GC(200) - age   1:    2511016 bytes,    2511016 total
[2023-11-16T05:52:36.449+0000][7][gc,age      ] GC(200) - age   2:     120096 bytes,    2631112 total
[2023-11-16T05:52:36.449+0000][7][gc,age      ] GC(200) - age   3:       4504 bytes,    2635616 total
[2023-11-16T05:52:36.449+0000][7][gc,age      ] GC(200) - age   4:     147544 bytes,    2783160 total
[2023-11-16T05:52:36.449+0000][7][gc,age      ] GC(200) - age   5:     214608 bytes,    2997768 total
[2023-11-16T05:52:36.449+0000][7][gc,age      ] GC(200) - age   6:      98448 bytes,    3096216 total
[2023-11-16T05:52:36.449+0000][7][gc,age      ] GC(200) - age   7:     101912 bytes,    3198128 total
[2023-11-16T05:52:36.449+0000][7][gc,age      ] GC(200) - age   8:     163648 bytes,    3361776 total
[2023-11-16T05:52:36.449+0000][7][gc,age      ] GC(200) - age   9:       1536 bytes,    3363312 total
[2023-11-16T05:52:36.449+0000][7][gc,age      ] GC(200) - age  10:       4304 bytes,    3367616 total
[2023-11-16T05:52:36.449+0000][7][gc,age      ] GC(200) - age  11:       5336 bytes,    3372952 total
[2023-11-16T05:52:36.449+0000][7][gc,age      ] GC(200) - age  12:       1632 bytes,    3374584 total
[2023-11-16T05:52:36.449+0000][7][gc,age      ] GC(200) - age  13:       5800 bytes,    3380384 total
[2023-11-16T05:52:36.449+0000][7][gc,age      ] GC(200) - age  14:     298440 bytes,    3678824 total
[2023-11-16T05:52:36.449+0000][7][gc,age      ] GC(200) - age  15:      27480 bytes,    3706304 total
[2023-11-16T05:52:36.449+0000][7][gc,phases   ] GC(200)   Pre Evacuate Collection Set: 0.1ms
[2023-11-16T05:52:36.449+0000][7][gc,phases   ] GC(200)   Merge Heap Roots: 0.1ms
[2023-11-16T05:52:36.449+0000][7][gc,phases   ] GC(200)   Evacuate Collection Set: 6.4ms
[2023-11-16T05:52:36.449+0000][7][gc,phases   ] GC(200)   Post Evacuate Collection Set: 0.6ms
[2023-11-16T05:52:36.450+0000][7][gc,phases   ] GC(200)   Other: 0.4ms
[2023-11-16T05:52:36.450+0000][7][gc,heap     ] GC(200) Eden regions: 68->0(68)
[2023-11-16T05:52:36.450+0000][7][gc,heap     ] GC(200) Survivor regions: 1->1(9)
[2023-11-16T05:52:36.450+0000][7][gc,heap     ] GC(200) Old regions: 30->30
[2023-11-16T05:52:36.450+0000][7][gc,heap     ] GC(200) Archive regions: 2->2
[2023-11-16T05:52:36.450+0000][7][gc,heap     ] GC(200) Humongous regions: 5->5
[2023-11-16T05:52:36.450+0000][7][gc,metaspace] GC(200) Metaspace: 119065K(120832K)->119065K(120832K) NonClass: 103272K(104256K)->103272K(104256K) Class: 15792K(16576K)->15792K(16576K)
[2023-11-16T05:52:36.450+0000][7][gc          ] GC(200) Pause Young (Normal) (G1 Evacuation Pause) 417M->145M(512M) 7.532ms
[2023-11-16T05:52:36.450+0000][7][gc,cpu      ] GC(200) User=0.02s Sys=0.01s Real=0.01s
[2023-11-16T05:52:36.450+0000][7][safepoint   ] Safepoint "G1CollectForAllocation", Time since last: 8067823576 ns, Reaching safepoint: 85034 ns, At safepoint: 7616766 ns, Total: 7701800 ns
[2023-11-16T05:52:42.309+0000][7][gc,start    ] GC(201) Pause Young (Normal) (G1 Evacuation Pause)
[2023-11-16T05:52:42.309+0000][7][gc,task     ] GC(201) Using 8 workers of 8 for evacuation
[2023-11-16T05:52:42.309+0000][7][gc,age      ] GC(201) Desired survivor size 18874368 bytes, new threshold 15 (max threshold 15)
[2023-11-16T05:52:42.312+0000][7][gc,age      ] GC(201) Age table with threshold 15 (max threshold 15)
[2023-11-16T05:52:42.312+0000][7][gc,age      ] GC(201) - age   1:    1885336 bytes,    1885336 total
[2023-11-16T05:52:42.312+0000][7][gc,age      ] GC(201) - age   2:     653536 bytes,    2538872 total
[2023-11-16T05:52:42.312+0000][7][gc,age      ] GC(201) - age   3:     117576 bytes,    2656448 total
[2023-11-16T05:52:42.312+0000][7][gc,age      ] GC(201) - age   4:       3816 bytes,    2660264 total
[2023-11-16T05:52:42.312+0000][7][gc,age      ] GC(201) - age   5:     147472 bytes,    2807736 total
[2023-11-16T05:52:42.312+0000][7][gc,age      ] GC(201) - age   6:     199424 bytes,    3007160 total
[2023-11-16T05:52:42.312+0000][7][gc,age      ] GC(201) - age   7:      98288 bytes,    3105448 total
[2023-11-16T05:52:42.312+0000][7][gc,age      ] GC(201) - age   8:     101552 bytes,    3207000 total
[2023-11-16T05:52:42.312+0000][7][gc,age      ] GC(201) - age   9:       4704 bytes,    3211704 total
[2023-11-16T05:52:42.312+0000][7][gc,age      ] GC(201) - age  10:       1376 bytes,    3213080 total
[2023-11-16T05:52:42.312+0000][7][gc,age      ] GC(201) - age  11:       4176 bytes,    3217256 total
[2023-11-16T05:52:42.312+0000][7][gc,age      ] GC(201) - age  12:       5272 bytes,    3222528 total
[2023-11-16T05:52:42.312+0000][7][gc,age      ] GC(201) - age  13:       1632 bytes,    3224160 total
[2023-11-16T05:52:42.312+0000][7][gc,age      ] GC(201) - age  14:       5736 bytes,    3229896 total
[2023-11-16T05:52:42.312+0000][7][gc,age      ] GC(201) - age  15:     298440 bytes,    3528336 total
[2023-11-16T05:52:42.312+0000][7][gc,phases   ] GC(201)   Pre Evacuate Collection Set: 0.1ms
[2023-11-16T05:52:42.312+0000][7][gc,phases   ] GC(201)   Merge Heap Roots: 0.1ms
[2023-11-16T05:52:42.312+0000][7][gc,phases   ] GC(201)   Evacuate Collection Set: 2.0ms
[2023-11-16T05:52:42.312+0000][7][gc,phases   ] GC(201)   Post Evacuate Collection Set: 0.6ms
[2023-11-16T05:52:42.312+0000][7][gc,phases   ] GC(201)   Other: 0.3ms
[2023-11-16T05:52:42.312+0000][7][gc,heap     ] GC(201) Eden regions: 68->0(68)
[2023-11-16T05:52:42.312+0000][7][gc,heap     ] GC(201) Survivor regions: 1->1(9)
[2023-11-16T05:52:42.312+0000][7][gc,heap     ] GC(201) Old regions: 30->30
[2023-11-16T05:52:42.312+0000][7][gc,heap     ] GC(201) Archive regions: 2->2
[2023-11-16T05:52:42.312+0000][7][gc,heap     ] GC(201) Humongous regions: 5->5
[2023-11-16T05:52:42.312+0000][7][gc,metaspace] GC(201) Metaspace: 119067K(120832K)->119067K(120832K) NonClass: 103274K(104256K)->103274K(104256K) Class: 15792K(16576K)->15792K(16576K)
[2023-11-16T05:52:42.312+0000][7][gc          ] GC(201) Pause Young (Normal) (G1 Evacuation Pause) 417M->145M(512M) 2.981ms
[2023-11-16T05:52:42.312+0000][7][gc,cpu      ] GC(201) User=0.01s Sys=0.00s Real=0.00s
[2023-11-16T05:52:42.312+0000][7][safepoint   ] Safepoint "G1CollectForAllocation", Time since last: 5859371073 ns, Reaching safepoint: 46921 ns, At safepoint: 3067504 ns, Total: 3114425 ns
[2023-11-16T05:52:46.313+0000][7][safepoint   ] Safepoint "Cleanup", Time since last: 4000494060 ns, Reaching safepoint: 53136 ns, At safepoint: 4613 ns, Total: 57749 ns
[2023-11-16T05:52:47.162+0000][7][gc,start    ] GC(202) Pause Young (Normal) (G1 Evacuation Pause)
[2023-11-16T05:52:47.162+0000][7][gc,task     ] GC(202) Using 8 workers of 8 for evacuation
[2023-11-16T05:52:47.162+0000][7][gc,age      ] GC(202) Desired survivor size 18874368 bytes, new threshold 15 (max threshold 15)
[2023-11-16T05:52:47.169+0000][7][gc,age      ] GC(202) Age table with threshold 15 (max threshold 15)
[2023-11-16T05:52:47.169+0000][7][gc,age      ] GC(202) - age   1:    1617008 bytes,    1617008 total
[2023-11-16T05:52:47.169+0000][7][gc,age      ] GC(202) - age   2:     171712 bytes,    1788720 total
[2023-11-16T05:52:47.169+0000][7][gc,age      ] GC(202) - age   3:     148176 bytes,    1936896 total
[2023-11-16T05:52:47.169+0000][7][gc,age      ] GC(202) - age   4:      15592 bytes,    1952488 total
[2023-11-16T05:52:47.169+0000][7][gc,age      ] GC(202) - age   5:       2144 bytes,    1954632 total
[2023-11-16T05:52:47.169+0000][7][gc,age      ] GC(202) - age   6:     147032 bytes,    2101664 total
[2023-11-16T05:52:47.169+0000][7][gc,age      ] GC(202) - age   7:     199240 bytes,    2300904 total
[2023-11-16T05:52:47.169+0000][7][gc,age      ] GC(202) - age   8:      49880 bytes,    2350784 total
[2023-11-16T05:52:47.169+0000][7][gc,age      ] GC(202) - age   9:       5048 bytes,    2355832 total
[2023-11-16T05:52:47.169+0000][7][gc,age      ] GC(202) - age  10:       4464 bytes,    2360296 total
[2023-11-16T05:52:47.169+0000][7][gc,age      ] GC(202) - age  11:       1248 bytes,    2361544 total
[2023-11-16T05:52:47.169+0000][7][gc,age      ] GC(202) - age  12:       4176 bytes,    2365720 total
[2023-11-16T05:52:47.169+0000][7][gc,age      ] GC(202) - age  13:       5272 bytes,    2370992 total
[2023-11-16T05:52:47.169+0000][7][gc,age      ] GC(202) - age  14:       1504 bytes,    2372496 total
[2023-11-16T05:52:47.169+0000][7][gc,age      ] GC(202) - age  15:       5736 bytes,    2378232 total
[2023-11-16T05:52:47.169+0000][7][gc,phases   ] GC(202)   Pre Evacuate Collection Set: 0.1ms
[2023-11-16T05:52:47.169+0000][7][gc,phases   ] GC(202)   Merge Heap Roots: 0.0ms
[2023-11-16T05:52:47.169+0000][7][gc,phases   ] GC(202)   Evacuate Collection Set: 6.7ms
[2023-11-16T05:52:47.169+0000][7][gc,phases   ] GC(202)   Post Evacuate Collection Set: 0.6ms
[2023-11-16T05:52:47.169+0000][7][gc,phases   ] GC(202)   Other: 0.2ms
[2023-11-16T05:52:47.169+0000][7][gc,heap     ] GC(202) Eden regions: 68->0(68)
[2023-11-16T05:52:47.169+0000][7][gc,heap     ] GC(202) Survivor regions: 1->1(9)
[2023-11-16T05:52:47.169+0000][7][gc,heap     ] GC(202) Old regions: 30->30
[2023-11-16T05:52:47.169+0000][7][gc,heap     ] GC(202) Archive regions: 2->2
[2023-11-16T05:52:47.169+0000][7][gc,heap     ] GC(202) Humongous regions: 5->5
[2023-11-16T05:52:47.169+0000][7][gc,metaspace] GC(202) Metaspace: 119067K(120832K)->119067K(120832K) NonClass: 103274K(104256K)->103274K(104256K) Class: 15792K(16576K)->15792K(16576K)
[2023-11-16T05:52:47.169+0000][7][gc          ] GC(202) Pause Young (Normal) (G1 Evacuation Pause) 417M->144M(512M) 7.690ms
[2023-11-16T05:52:47.169+0000][7][gc,cpu      ] GC(202) User=0.02s Sys=0.00s Real=0.01s
[2023-11-16T05:52:47.169+0000][7][safepoint   ] Safepoint "G1CollectForAllocation", Time since last: 848969505 ns, Reaching safepoint: 41957 ns, At safepoint: 7763958 ns, Total: 7805915 ns
[2023-11-16T05:52:50.170+0000][7][safepoint   ] Safepoint "Cleanup", Time since last: 3000336616 ns, Reaching safepoint: 51734 ns, At safepoint: 5203 ns, Total: 56937 ns
[2023-11-16T05:52:54.603+0000][7][gc,start    ] GC(203) Pause Young (Normal) (G1 Evacuation Pause)
[2023-11-16T05:52:54.603+0000][7][gc,task     ] GC(203) Using 8 workers of 8 for evacuation
[2023-11-16T05:52:54.603+0000][7][gc,age      ] GC(203) Desired survivor size 18874368 bytes, new threshold 15 (max threshold 15)
[2023-11-16T05:52:54.605+0000][7][gc,age      ] GC(203) Age table with threshold 15 (max threshold 15)
[2023-11-16T05:52:54.605+0000][7][gc,age      ] GC(203) - age   1:    1733936 bytes,    1733936 total
[2023-11-16T05:52:54.605+0000][7][gc,age      ] GC(203) - age   2:     603512 bytes,    2337448 total
[2023-11-16T05:52:54.605+0000][7][gc,age      ] GC(203) - age   3:     169616 bytes,    2507064 total
[2023-11-16T05:52:54.605+0000][7][gc,age      ] GC(203) - age   4:     147640 bytes,    2654704 total
[2023-11-16T05:52:54.605+0000][7][gc,age      ] GC(203) - age   5:       9064 bytes,    2663768 total
[2023-11-16T05:52:54.605+0000][7][gc,age      ] GC(203) - age   6:       1928 bytes,    2665696 total
[2023-11-16T05:52:54.605+0000][7][gc,age      ] GC(203) - age   7:     146968 bytes,    2812664 total
[2023-11-16T05:52:54.605+0000][7][gc,age      ] GC(203) - age   8:     199240 bytes,    3011904 total
[2023-11-16T05:52:54.605+0000][7][gc,age      ] GC(203) - age   9:      49264 bytes,    3061168 total
[2023-11-16T05:52:54.605+0000][7][gc,age      ] GC(203) - age  10:       4736 bytes,    3065904 total
[2023-11-16T05:52:54.605+0000][7][gc,age      ] GC(203) - age  11:       4464 bytes,    3070368 total
[2023-11-16T05:52:54.605+0000][7][gc,age      ] GC(203) - age  12:       1248 bytes,    3071616 total
[2023-11-16T05:52:54.605+0000][7][gc,age      ] GC(203) - age  13:       4176 bytes,    3075792 total
[2023-11-16T05:52:54.605+0000][7][gc,age      ] GC(203) - age  14:       5272 bytes,    3081064 total
[2023-11-16T05:52:54.605+0000][7][gc,age      ] GC(203) - age  15:       1504 bytes,    3082568 total
[2023-11-16T05:52:54.605+0000][7][gc,phases   ] GC(203)   Pre Evacuate Collection Set: 0.1ms
[2023-11-16T05:52:54.605+0000][7][gc,phases   ] GC(203)   Merge Heap Roots: 0.0ms
[2023-11-16T05:52:54.605+0000][7][gc,phases   ] GC(203)   Evacuate Collection Set: 1.6ms
[2023-11-16T05:52:54.605+0000][7][gc,phases   ] GC(203)   Post Evacuate Collection Set: 0.6ms
[2023-11-16T05:52:54.605+0000][7][gc,phases   ] GC(203)   Other: 0.3ms
[2023-11-16T05:52:54.605+0000][7][gc,heap     ] GC(203) Eden regions: 68->0(68)
[2023-11-16T05:52:54.605+0000][7][gc,heap     ] GC(203) Survivor regions: 1->1(9)
[2023-11-16T05:52:54.605+0000][7][gc,heap     ] GC(203) Old regions: 30->30
[2023-11-16T05:52:54.605+0000][7][gc,heap     ] GC(203) Archive regions: 2->2
[2023-11-16T05:52:54.605+0000][7][gc,heap     ] GC(203) Humongous regions: 5->5
[2023-11-16T05:52:54.605+0000][7][gc,metaspace] GC(203) Metaspace: 119071K(120832K)->119071K(120832K) NonClass: 103279K(104256K)->103279K(104256K) Class: 15792K(16576K)->15792K(16576K)
[2023-11-16T05:52:54.605+0000][7][gc          ] GC(203) Pause Young (Normal) (G1 Evacuation Pause) 416M->144M(512M) 2.598ms
[2023-11-16T05:52:54.605+0000][7][gc,cpu      ] GC(203) User=0.01s Sys=0.00s Real=0.00s
[2023-11-16T05:52:54.605+0000][7][safepoint   ] Safepoint "G1CollectForAllocation", Time since last: 4432850933 ns, Reaching safepoint: 58145 ns, At safepoint: 2684032 ns, Total: 2742177 ns
[2023-11-16T05:52:59.606+0000][7][safepoint   ] Safepoint "Cleanup", Time since last: 5000372224 ns, Reaching safepoint: 88839 ns, At safepoint: 5963 ns, Total: 94802 ns
[2023-11-16T05:53:00.663+0000][7][gc,start    ] GC(204) Pause Young (Normal) (G1 Evacuation Pause)
[2023-11-16T05:53:00.663+0000][7][gc,task     ] GC(204) Using 8 workers of 8 for evacuation
[2023-11-16T05:53:00.663+0000][7][gc,age      ] GC(204) Desired survivor size 18874368 bytes, new threshold 15 (max threshold 15)
[2023-11-16T05:53:00.666+0000][7][gc,age      ] GC(204) Age table with threshold 15 (max threshold 15)
[2023-11-16T05:53:00.666+0000][7][gc,age      ] GC(204) - age   1:    1536088 bytes,    1536088 total
[2023-11-16T05:53:00.666+0000][7][gc,age      ] GC(204) - age   2:     340464 bytes,    1876552 total
[2023-11-16T05:53:00.666+0000][7][gc,age      ] GC(204) - age   3:     503352 bytes,    2379904 total
[2023-11-16T05:53:00.666+0000][7][gc,age      ] GC(204) - age   4:     168344 bytes,    2548248 total
[2023-11-16T05:53:00.666+0000][7][gc,age      ] GC(204) - age   5:     144376 bytes,    2692624 total
[2023-11-16T05:53:00.666+0000][7][gc,age      ] GC(204) - age   6:       3672 bytes,    2696296 total
[2023-11-16T05:53:00.666+0000][7][gc,age      ] GC(204) - age   7:       1928 bytes,    2698224 total
[2023-11-16T05:53:00.666+0000][7][gc,age      ] GC(204) - age   8:     146824 bytes,    2845048 total
[2023-11-16T05:53:00.666+0000][7][gc,age      ] GC(204) - age   9:      55544 bytes,    2900592 total
[2023-11-16T05:53:00.666+0000][7][gc,age      ] GC(204) - age  10:      48952 bytes,    2949544 total
[2023-11-16T05:53:00.666+0000][7][gc,age      ] GC(204) - age  11:       4736 bytes,    2954280 total
[2023-11-16T05:53:00.666+0000][7][gc,age      ] GC(204) - age  12:       4464 bytes,    2958744 total
[2023-11-16T05:53:00.666+0000][7][gc,age      ] GC(204) - age  13:       1248 bytes,    2959992 total
[2023-11-16T05:53:00.666+0000][7][gc,age      ] GC(204) - age  14:       4176 bytes,    2964168 total
[2023-11-16T05:53:00.666+0000][7][gc,age      ] GC(204) - age  15:       5272 bytes,    2969440 total
[2023-11-16T05:53:00.666+0000][7][gc,phases   ] GC(204)   Pre Evacuate Collection Set: 0.1ms
[2023-11-16T05:53:00.666+0000][7][gc,phases   ] GC(204)   Merge Heap Roots: 0.1ms
[2023-11-16T05:53:00.666+0000][7][gc,phases   ] GC(204)   Evacuate Collection Set: 1.6ms
[2023-11-16T05:53:00.666+0000][7][gc,phases   ] GC(204)   Post Evacuate Collection Set: 0.5ms
[2023-11-16T05:53:00.666+0000][7][gc,phases   ] GC(204)   Other: 0.3ms
[2023-11-16T05:53:00.666+0000][7][gc,heap     ] GC(204) Eden regions: 68->0(68)
[2023-11-16T05:53:00.666+0000][7][gc,heap     ] GC(204) Survivor regions: 1->1(9)
[2023-11-16T05:53:00.666+0000][7][gc,heap     ] GC(204) Old regions: 30->30
[2023-11-16T05:53:00.666+0000][7][gc,heap     ] GC(204) Archive regions: 2->2
[2023-11-16T05:53:00.666+0000][7][gc,heap     ] GC(204) Humongous regions: 5->5
[2023-11-16T05:53:00.666+0000][7][gc,metaspace] GC(204) Metaspace: 119074K(120832K)->119074K(120832K) NonClass: 103281K(104256K)->103281K(104256K) Class: 15792K(16576K)->15792K(16576K)
[2023-11-16T05:53:00.666+0000][7][gc          ] GC(204) Pause Young (Normal) (G1 Evacuation Pause) 416M->144M(512M) 2.548ms
[2023-11-16T05:53:00.666+0000][7][gc,cpu      ] GC(204) User=0.02s Sys=0.00s Real=0.00s
[2023-11-16T05:53:00.666+0000][7][safepoint   ] Safepoint "G1CollectForAllocation", Time since last: 1057256438 ns, Reaching safepoint: 57177 ns, At safepoint: 2643455 ns, Total: 2700632 ns
[2023-11-16T05:53:04.666+0000][7][safepoint   ] Safepoint "Cleanup", Time since last: 4000613294 ns, Reaching safepoint: 66130 ns, At safepoint: 7020 ns, Total: 73150 ns
[2023-11-16T05:53:05.714+0000][7][gc,start    ] GC(205) Pause Young (Normal) (G1 Evacuation Pause)
[2023-11-16T05:53:05.714+0000][7][gc,task     ] GC(205) Using 8 workers of 8 for evacuation
[2023-11-16T05:53:05.714+0000][7][gc,age      ] GC(205) Desired survivor size 18874368 bytes, new threshold 15 (max threshold 15)
[2023-11-16T05:53:05.717+0000][7][gc,age      ] GC(205) Age table with threshold 15 (max threshold 15)
[2023-11-16T05:53:05.717+0000][7][gc,age      ] GC(205) - age   1:    1676520 bytes,    1676520 total
[2023-11-16T05:53:05.717+0000][7][gc,age      ] GC(205) - age   2:     355736 bytes,    2032256 total
[2023-11-16T05:53:05.717+0000][7][gc,age      ] GC(205) - age   3:     311584 bytes,    2343840 total
[2023-11-16T05:53:05.717+0000][7][gc,age      ] GC(205) - age   4:     475576 bytes,    2819416 total
[2023-11-16T05:53:05.717+0000][7][gc,age      ] GC(205) - age   5:     168032 bytes,    2987448 total
[2023-11-16T05:53:05.717+0000][7][gc,age      ] GC(205) - age   6:     143696 bytes,    3131144 total
[2023-11-16T05:53:05.717+0000][7][gc,age      ] GC(205) - age   7:       3672 bytes,    3134816 total
[2023-11-16T05:53:05.717+0000][7][gc,age      ] GC(205) - age   8:       1832 bytes,    3136648 total
[2023-11-16T05:53:05.717+0000][7][gc,age      ] GC(205) - age   9:     146760 bytes,    3283408 total
[2023-11-16T05:53:05.717+0000][7][gc,age      ] GC(205) - age  10:      55336 bytes,    3338744 total
[2023-11-16T05:53:05.717+0000][7][gc,age      ] GC(205) - age  11:      48648 bytes,    3387392 total
[2023-11-16T05:53:05.717+0000][7][gc,age      ] GC(205) - age  12:       4736 bytes,    3392128 total
[2023-11-16T05:53:05.717+0000][7][gc,age      ] GC(205) - age  13:       4464 bytes,    3396592 total
[2023-11-16T05:53:05.717+0000][7][gc,age      ] GC(205) - age  14:       1248 bytes,    3397840 total
[2023-11-16T05:53:05.717+0000][7][gc,age      ] GC(205) - age  15:       4176 bytes,    3402016 total
[2023-11-16T05:53:05.717+0000][7][gc,phases   ] GC(205)   Pre Evacuate Collection Set: 0.1ms
[2023-11-16T05:53:05.717+0000][7][gc,phases   ] GC(205)   Merge Heap Roots: 0.1ms
[2023-11-16T05:53:05.717+0000][7][gc,phases   ] GC(205)   Evacuate Collection Set: 2.0ms
[2023-11-16T05:53:05.717+0000][7][gc,phases   ] GC(205)   Post Evacuate Collection Set: 0.5ms
[2023-11-16T05:53:05.717+0000][7][gc,phases   ] GC(205)   Other: 0.4ms
[2023-11-16T05:53:05.717+0000][7][gc,heap     ] GC(205) Eden regions: 68->0(68)
[2023-11-16T05:53:05.717+0000][7][gc,heap     ] GC(205) Survivor regions: 1->1(9)
[2023-11-16T05:53:05.717+0000][7][gc,heap     ] GC(205) Old regions: 30->30
[2023-11-16T05:53:05.717+0000][7][gc,heap     ] GC(205) Archive regions: 2->2
[2023-11-16T05:53:05.717+0000][7][gc,heap     ] GC(205) Humongous regions: 5->5
[2023-11-16T05:53:05.717+0000][7][gc,metaspace] GC(205) Metaspace: 119076K(120832K)->119076K(120832K) NonClass: 103283K(104256K)->103283K(104256K) Class: 15792K(16576K)->15792K(16576K)
[2023-11-16T05:53:05.717+0000][7][gc          ] GC(205) Pause Young (Normal) (G1 Evacuation Pause) 416M->145M(512M) 3.130ms
[2023-11-16T05:53:05.717+0000][7][gc,cpu      ] GC(205) User=0.02s Sys=0.00s Real=0.00s
[2023-11-16T05:53:05.717+0000][7][safepoint   ] Safepoint "G1CollectForAllocation", Time since last: 1047079470 ns, Reaching safepoint: 65272 ns, At safepoint: 3259154 ns, Total: 3324426 ns
[2023-11-16T05:53:07.717+0000][7][safepoint   ] Safepoint "Cleanup", Time since last: 2000295448 ns, Reaching safepoint: 34447 ns, At safepoint: 7418 ns, Total: 41865 ns
[2023-11-16T05:53:08.718+0000][7][safepoint   ] Safepoint "Cleanup", Time since last: 1000206481 ns, Reaching safepoint: 133979 ns, At safepoint: 6631 ns, Total: 140610 ns
[2023-11-16T05:53:12.872+0000][7][gc,start    ] GC(206) Pause Young (Normal) (G1 Evacuation Pause)
[2023-11-16T05:53:12.872+0000][7][gc,task     ] GC(206) Using 8 workers of 8 for evacuation
[2023-11-16T05:53:12.872+0000][7][gc,age      ] GC(206) Desired survivor size 18874368 bytes, new threshold 15 (max threshold 15)
[2023-11-16T05:53:12.874+0000][7][gc,age      ] GC(206) Age table with threshold 15 (max threshold 15)
[2023-11-16T05:53:12.874+0000][7][gc,age      ] GC(206) - age   1:    2462112 bytes,    2462112 total
[2023-11-16T05:53:12.874+0000][7][gc,age      ] GC(206) - age   2:     299520 bytes,    2761632 total
[2023-11-16T05:53:12.874+0000][7][gc,age      ] GC(206) - age   3:     154080 bytes,    2915712 total
[2023-11-16T05:53:12.874+0000][7][gc,age      ] GC(206) - age   4:      23224 bytes,    2938936 total
[2023-11-16T05:53:12.874+0000][7][gc,age      ] GC(206) - age   5:     281192 bytes,    3220128 total
[2023-11-16T05:53:12.874+0000][7][gc,age      ] GC(206) - age   6:     144896 bytes,    3365024 total
[2023-11-16T05:53:12.874+0000][7][gc,age      ] GC(206) - age   7:     143312 bytes,    3508336 total
[2023-11-16T05:53:12.874+0000][7][gc,age      ] GC(206) - age   8:       3672 bytes,    3512008 total
[2023-11-16T05:53:12.874+0000][7][gc,age      ] GC(206) - age   9:       1608 bytes,    3513616 total
[2023-11-16T05:53:12.874+0000][7][gc,age      ] GC(206) - age  10:     146760 bytes,    3660376 total
[2023-11-16T05:53:12.874+0000][7][gc,age      ] GC(206) - age  11:        128 bytes,    3660504 total
[2023-11-16T05:53:12.874+0000][7][gc,age      ] GC(206) - age  12:        632 bytes,    3661136 total
[2023-11-16T05:53:12.874+0000][7][gc,age      ] GC(206) - age  13:       4672 bytes,    3665808 total
[2023-11-16T05:53:12.874+0000][7][gc,age      ] GC(206) - age  14:       4408 bytes,    3670216 total
[2023-11-16T05:53:12.874+0000][7][gc,age      ] GC(206) - age  15:       1248 bytes,    3671464 total
[2023-11-16T05:53:12.874+0000][7][gc,phases   ] GC(206)   Pre Evacuate Collection Set: 0.1ms
[2023-11-16T05:53:12.874+0000][7][gc,phases   ] GC(206)   Merge Heap Roots: 0.1ms
[2023-11-16T05:53:12.874+0000][7][gc,phases   ] GC(206)   Evacuate Collection Set: 1.6ms
[2023-11-16T05:53:12.874+0000][7][gc,phases   ] GC(206)   Post Evacuate Collection Set: 0.6ms
[2023-11-16T05:53:12.874+0000][7][gc,phases   ] GC(206)   Other: 0.2ms
[2023-11-16T05:53:12.874+0000][7][gc,heap     ] GC(206) Eden regions: 68->0(68)
[2023-11-16T05:53:12.874+0000][7][gc,heap     ] GC(206) Survivor regions: 1->1(9)
[2023-11-16T05:53:12.874+0000][7][gc,heap     ] GC(206) Old regions: 30->30
[2023-11-16T05:53:12.874+0000][7][gc,heap     ] GC(206) Archive regions: 2->2
[2023-11-16T05:53:12.874+0000][7][gc,heap     ] GC(206) Humongous regions: 5->5
[2023-11-16T05:53:12.874+0000][7][gc,metaspace] GC(206) Metaspace: 119079K(120896K)->119079K(120896K) NonClass: 103286K(104320K)->103286K(104320K) Class: 15792K(16576K)->15792K(16576K)
[2023-11-16T05:53:12.874+0000][7][gc          ] GC(206) Pause Young (Normal) (G1 Evacuation Pause) 417M->145M(512M) 2.565ms
[2023-11-16T05:53:12.874+0000][7][gc,cpu      ] GC(206) User=0.01s Sys=0.00s Real=0.00s
[2023-11-16T05:53:12.874+0000][7][safepoint   ] Safepoint "G1CollectForAllocation", Time since last: 4153959261 ns, Reaching safepoint: 77535 ns, At safepoint: 2624087 ns, Total: 2701622 ns
[2023-11-16T05:53:20.598+0000][7][gc,start    ] GC(207) Pause Young (Normal) (G1 Evacuation Pause)
[2023-11-16T05:53:20.598+0000][7][gc,task     ] GC(207) Using 8 workers of 8 for evacuation
[2023-11-16T05:53:20.599+0000][7][gc,age      ] GC(207) Desired survivor size 18874368 bytes, new threshold 15 (max threshold 15)
[2023-11-16T05:53:20.601+0000][7][gc,age      ] GC(207) Age table with threshold 15 (max threshold 15)
[2023-11-16T05:53:20.601+0000][7][gc,age      ] GC(207) - age   1:    1768184 bytes,    1768184 total
[2023-11-16T05:53:20.601+0000][7][gc,age      ] GC(207) - age   2:     302824 bytes,    2071008 total
[2023-11-16T05:53:20.601+0000][7][gc,age      ] GC(207) - age   3:     198744 bytes,    2269752 total
[2023-11-16T05:53:20.601+0000][7][gc,age      ] GC(207) - age   4:     153136 bytes,    2422888 total
[2023-11-16T05:53:20.601+0000][7][gc,age      ] GC(207) - age   5:      22712 bytes,    2445600 total
[2023-11-16T05:53:20.601+0000][7][gc,age      ] GC(207) - age   6:     280840 bytes,    2726440 total
[2023-11-16T05:53:20.601+0000][7][gc,age      ] GC(207) - age   7:     144864 bytes,    2871304 total
[2023-11-16T05:53:20.601+0000][7][gc,age      ] GC(207) - age   8:     143008 bytes,    3014312 total
[2023-11-16T05:53:20.601+0000][7][gc,age      ] GC(207) - age   9:       3512 bytes,    3017824 total
[2023-11-16T05:53:20.601+0000][7][gc,age      ] GC(207) - age  10:       1416 bytes,    3019240 total
[2023-11-16T05:53:20.601+0000][7][gc,age      ] GC(207) - age  11:       2288 bytes,    3021528 total
[2023-11-16T05:53:20.601+0000][7][gc,age      ] GC(207) - age  12:         32 bytes,    3021560 total
[2023-11-16T05:53:20.601+0000][7][gc,age      ] GC(207) - age  13:        632 bytes,    3022192 total
[2023-11-16T05:53:20.601+0000][7][gc,age      ] GC(207) - age  14:       4672 bytes,    3026864 total
[2023-11-16T05:53:20.601+0000][7][gc,age      ] GC(207) - age  15:       4408 bytes,    3031272 total
[2023-11-16T05:53:20.601+0000][7][gc,phases   ] GC(207)   Pre Evacuate Collection Set: 0.1ms
[2023-11-16T05:53:20.601+0000][7][gc,phases   ] GC(207)   Merge Heap Roots: 0.1ms
[2023-11-16T05:53:20.601+0000][7][gc,phases   ] GC(207)   Evacuate Collection Set: 1.4ms
[2023-11-16T05:53:20.601+0000][7][gc,phases   ] GC(207)   Post Evacuate Collection Set: 0.7ms
[2023-11-16T05:53:20.601+0000][7][gc,phases   ] GC(207)   Other: 0.3ms
[2023-11-16T05:53:20.601+0000][7][gc,heap     ] GC(207) Eden regions: 68->0(68)
[2023-11-16T05:53:20.601+0000][7][gc,heap     ] GC(207) Survivor regions: 1->1(9)
[2023-11-16T05:53:20.601+0000][7][gc,heap     ] GC(207) Old regions: 30->30
[2023-11-16T05:53:20.601+0000][7][gc,heap     ] GC(207) Archive regions: 2->2
[2023-11-16T05:53:20.601+0000][7][gc,heap     ] GC(207) Humongous regions: 5->5
[2023-11-16T05:53:20.601+0000][7][gc,metaspace] GC(207) Metaspace: 119079K(120896K)->119079K(120896K) NonClass: 103286K(104320K)->103286K(104320K) Class: 15792K(16576K)->15792K(16576K)
[2023-11-16T05:53:20.601+0000][7][gc          ] GC(207) Pause Young (Normal) (G1 Evacuation Pause) 417M->145M(512M) 2.617ms
[2023-11-16T05:53:20.601+0000][7][gc,cpu      ] GC(207) User=0.01s Sys=0.01s Real=0.01s
[2023-11-16T05:53:20.601+0000][7][safepoint   ] Safepoint "G1CollectForAllocation", Time since last: 7724114154 ns, Reaching safepoint: 62032 ns, At safepoint: 2693004 ns, Total: 2755036 ns
[2023-11-16T05:53:28.602+0000][7][safepoint   ] Safepoint "Cleanup", Time since last: 8000997737 ns, Reaching safepoint: 43764 ns, At safepoint: 24869 ns, Total: 68633 ns
[2023-11-16T05:53:32.603+0000][7][safepoint   ] Safepoint "Cleanup", Time since last: 4000303352 ns, Reaching safepoint: 53540 ns, At safepoint: 21260 ns, Total: 74800 ns
[2023-11-16T05:53:33.941+0000][7][gc,start    ] GC(208) Pause Young (Normal) (G1 Evacuation Pause)
[2023-11-16T05:53:33.941+0000][7][gc,task     ] GC(208) Using 8 workers of 8 for evacuation
[2023-11-16T05:53:33.941+0000][7][gc,age      ] GC(208) Desired survivor size 18874368 bytes, new threshold 15 (max threshold 15)
[2023-11-16T05:53:33.944+0000][7][gc,age      ] GC(208) Age table with threshold 15 (max threshold 15)
[2023-11-16T05:53:33.944+0000][7][gc,age      ] GC(208) - age   1:    2167112 bytes,    2167112 total
[2023-11-16T05:53:33.944+0000][7][gc,age      ] GC(208) - age   2:    1043288 bytes,    3210400 total
[2023-11-16T05:53:33.944+0000][7][gc,age      ] GC(208) - age   3:     298488 bytes,    3508888 total
[2023-11-16T05:53:33.944+0000][7][gc,age      ] GC(208) - age   4:     197656 bytes,    3706544 total
[2023-11-16T05:53:33.944+0000][7][gc,age      ] GC(208) - age   5:     145056 bytes,    3851600 total
[2023-11-16T05:53:33.944+0000][7][gc,age      ] GC(208) - age   6:      15856 bytes,    3867456 total
[2023-11-16T05:53:33.944+0000][7][gc,age      ] GC(208) - age   7:     280648 bytes,    4148104 total
[2023-11-16T05:53:33.944+0000][7][gc,age      ] GC(208) - age   8:     144672 bytes,    4292776 total
[2023-11-16T05:53:33.944+0000][7][gc,age      ] GC(208) - age   9:     142632 bytes,    4435408 total
[2023-11-16T05:53:33.944+0000][7][gc,age      ] GC(208) - age  10:       3512 bytes,    4438920 total
[2023-11-16T05:53:33.944+0000][7][gc,age      ] GC(208) - age  11:       1352 bytes,    4440272 total
[2023-11-16T05:53:33.944+0000][7][gc,age      ] GC(208) - age  12:       2224 bytes,    4442496 total
[2023-11-16T05:53:33.944+0000][7][gc,age      ] GC(208) - age  14:        632 bytes,    4443128 total
[2023-11-16T05:53:33.944+0000][7][gc,age      ] GC(208) - age  15:       4672 bytes,    4447800 total
[2023-11-16T05:53:33.944+0000][7][gc,phases   ] GC(208)   Pre Evacuate Collection Set: 0.1ms
[2023-11-16T05:53:33.944+0000][7][gc,phases   ] GC(208)   Merge Heap Roots: 0.0ms
[2023-11-16T05:53:33.944+0000][7][gc,phases   ] GC(208)   Evacuate Collection Set: 1.8ms
[2023-11-16T05:53:33.944+0000][7][gc,phases   ] GC(208)   Post Evacuate Collection Set: 0.5ms
[2023-11-16T05:53:33.944+0000][7][gc,phases   ] GC(208)   Other: 0.3ms
[2023-11-16T05:53:33.944+0000][7][gc,heap     ] GC(208) Eden regions: 68->0(67)
[2023-11-16T05:53:33.944+0000][7][gc,heap     ] GC(208) Survivor regions: 1->2(9)
[2023-11-16T05:53:33.944+0000][7][gc,heap     ] GC(208) Old regions: 30->30
[2023-11-16T05:53:33.944+0000][7][gc,heap     ] GC(208) Archive regions: 2->2
[2023-11-16T05:53:33.944+0000][7][gc,heap     ] GC(208) Humongous regions: 5->5
[2023-11-16T05:53:33.944+0000][7][gc,metaspace] GC(208) Metaspace: 119080K(120896K)->119080K(120896K) NonClass: 103287K(104320K)->103287K(104320K) Class: 15792K(16576K)->15792K(16576K)
[2023-11-16T05:53:33.944+0000][7][gc          ] GC(208) Pause Young (Normal) (G1 Evacuation Pause) 417M->146M(512M) 2.785ms
[2023-11-16T05:53:33.944+0000][7][gc,cpu      ] GC(208) User=0.01s Sys=0.00s Real=0.00s
[2023-11-16T05:53:33.944+0000][7][safepoint   ] Safepoint "G1CollectForAllocation", Time since last: 1338402172 ns, Reaching safepoint: 59232 ns, At safepoint: 2842804 ns, Total: 2902036 ns
[2023-11-16T05:53:34.944+0000][7][safepoint   ] Safepoint "Cleanup", Time since last: 1000075081 ns, Reaching safepoint: 85827 ns, At safepoint: 10662 ns, Total: 96489 ns
[2023-11-16T05:53:35.944+0000][7][safepoint   ] Safepoint "Cleanup", Time since last: 1000138669 ns, Reaching safepoint: 88260 ns, At safepoint: 17922 ns, Total: 106182 ns
[2023-11-16T05:53:40.223+0000][7][gc,start    ] GC(209) Pause Young (Normal) (G1 Evacuation Pause)
[2023-11-16T05:53:40.223+0000][7][gc,task     ] GC(209) Using 8 workers of 8 for evacuation
[2023-11-16T05:53:40.223+0000][7][gc,age      ] GC(209) Desired survivor size 18874368 bytes, new threshold 15 (max threshold 15)
[2023-11-16T05:53:40.225+0000][7][gc,age      ] GC(209) Age table with threshold 15 (max threshold 15)
[2023-11-16T05:53:40.225+0000][7][gc,age      ] GC(209) - age   1:    1583664 bytes,    1583664 total
[2023-11-16T05:53:40.225+0000][7][gc,age      ] GC(209) - age   2:      21016 bytes,    1604680 total
[2023-11-16T05:53:40.225+0000][7][gc,age      ] GC(209) - age   3:     144616 bytes,    1749296 total
[2023-11-16T05:53:40.225+0000][7][gc,age      ] GC(209) - age   4:       2928 bytes,    1752224 total
[2023-11-16T05:53:40.225+0000][7][gc,age      ] GC(209) - age   5:     149296 bytes,    1901520 total
[2023-11-16T05:53:40.226+0000][7][gc,age      ] GC(209) - age   6:     144904 bytes,    2046424 total
[2023-11-16T05:53:40.226+0000][7][gc,age      ] GC(209) - age   7:      15568 bytes,    2061992 total
[2023-11-16T05:53:40.226+0000][7][gc,age      ] GC(209) - age   8:     280440 bytes,    2342432 total
[2023-11-16T05:53:40.226+0000][7][gc,age      ] GC(209) - age   9:         64 bytes,    2342496 total
[2023-11-16T05:53:40.226+0000][7][gc,age      ] GC(209) - age  10:     142632 bytes,    2485128 total
[2023-11-16T05:53:40.226+0000][7][gc,age      ] GC(209) - age  11:       3416 bytes,    2488544 total
[2023-11-16T05:53:40.226+0000][7][gc,age      ] GC(209) - age  12:       1288 bytes,    2489832 total
[2023-11-16T05:53:40.226+0000][7][gc,age      ] GC(209) - age  13:       2224 bytes,    2492056 total
[2023-11-16T05:53:40.226+0000][7][gc,age      ] GC(209) - age  15:        632 bytes,    2492688 total
[2023-11-16T05:53:40.226+0000][7][gc,phases   ] GC(209)   Pre Evacuate Collection Set: 0.1ms
[2023-11-16T05:53:40.226+0000][7][gc,phases   ] GC(209)   Merge Heap Roots: 0.0ms
[2023-11-16T05:53:40.226+0000][7][gc,phases   ] GC(209)   Evacuate Collection Set: 1.8ms
[2023-11-16T05:53:40.226+0000][7][gc,phases   ] GC(209)   Post Evacuate Collection Set: 0.8ms
[2023-11-16T05:53:40.226+0000][7][gc,phases   ] GC(209)   Other: 0.3ms
[2023-11-16T05:53:40.226+0000][7][gc,heap     ] GC(209) Eden regions: 67->0(68)
[2023-11-16T05:53:40.226+0000][7][gc,heap     ] GC(209) Survivor regions: 2->1(9)
[2023-11-16T05:53:40.226+0000][7][gc,heap     ] GC(209) Old regions: 30->30
[2023-11-16T05:53:40.226+0000][7][gc,heap     ] GC(209) Archive regions: 2->2
[2023-11-16T05:53:40.226+0000][7][gc,heap     ] GC(209) Humongous regions: 5->5
[2023-11-16T05:53:40.226+0000][7][gc,metaspace] GC(209) Metaspace: 119080K(120896K)->119080K(120896K) NonClass: 103287K(104320K)->103287K(104320K) Class: 15792K(16576K)->15792K(16576K)
[2023-11-16T05:53:40.226+0000][7][gc          ] GC(209) Pause Young (Normal) (G1 Evacuation Pause) 414M->144M(512M) 2.963ms
[2023-11-16T05:53:40.226+0000][7][gc,cpu      ] GC(209) User=0.01s Sys=0.00s Real=0.00s
[2023-11-16T05:53:40.226+0000][7][safepoint   ] Safepoint "G1CollectForAllocation", Time since last: 4278321780 ns, Reaching safepoint: 56370 ns, At safepoint: 3039677 ns, Total: 3096047 ns
[2023-11-16T05:53:43.226+0000][7][safepoint   ] Safepoint "Cleanup", Time since last: 3000394253 ns, Reaching safepoint: 141917 ns, At safepoint: 8196 ns, Total: 150113 ns
[2023-11-16T05:53:44.226+0000][7][safepoint   ] Safepoint "Cleanup", Time since last: 1000101315 ns, Reaching safepoint: 57688 ns, At safepoint: 27747 ns, Total: 85435 ns
[2023-11-16T05:53:45.969+0000][7][gc,start    ] GC(210) Pause Young (Normal) (G1 Evacuation Pause)
[2023-11-16T05:53:45.969+0000][7][gc,task     ] GC(210) Using 8 workers of 8 for evacuation
[2023-11-16T05:53:45.969+0000][7][gc,age      ] GC(210) Desired survivor size 18874368 bytes, new threshold 15 (max threshold 15)
[2023-11-16T05:53:45.971+0000][7][gc,age      ] GC(210) Age table with threshold 15 (max threshold 15)
[2023-11-16T05:53:45.971+0000][7][gc,age      ] GC(210) - age   1:    1377768 bytes,    1377768 total
[2023-11-16T05:53:45.971+0000][7][gc,age      ] GC(210) - age   2:     363528 bytes,    1741296 total
[2023-11-16T05:53:45.971+0000][7][gc,age      ] GC(210) - age   3:      18752 bytes,    1760048 total
[2023-11-16T05:53:45.971+0000][7][gc,age      ] GC(210) - age   4:     144072 bytes,    1904120 total
[2023-11-16T05:53:45.971+0000][7][gc,age      ] GC(210) - age   5:       2336 bytes,    1906456 total
[2023-11-16T05:53:45.971+0000][7][gc,age      ] GC(210) - age   6:     149136 bytes,    2055592 total
[2023-11-16T05:53:45.971+0000][7][gc,age      ] GC(210) - age   7:     144904 bytes,    2200496 total
[2023-11-16T05:53:45.971+0000][7][gc,age      ] GC(210) - age   8:       1968 bytes,    2202464 total
[2023-11-16T05:53:45.971+0000][7][gc,age      ] GC(210) - age   9:     120544 bytes,    2323008 total
[2023-11-16T05:53:45.971+0000][7][gc,age      ] GC(210) - age  10:         64 bytes,    2323072 total
[2023-11-16T05:53:45.971+0000][7][gc,age      ] GC(210) - age  11:     142504 bytes,    2465576 total
[2023-11-16T05:53:45.971+0000][7][gc,age      ] GC(210) - age  12:       3416 bytes,    2468992 total
[2023-11-16T05:53:45.971+0000][7][gc,age      ] GC(210) - age  13:       1224 bytes,    2470216 total
[2023-11-16T05:53:45.971+0000][7][gc,age      ] GC(210) - age  14:       2064 bytes,    2472280 total
[2023-11-16T05:53:45.971+0000][7][gc,phases   ] GC(210)   Pre Evacuate Collection Set: 0.1ms
[2023-11-16T05:53:45.971+0000][7][gc,phases   ] GC(210)   Merge Heap Roots: 0.0ms
[2023-11-16T05:53:45.971+0000][7][gc,phases   ] GC(210)   Evacuate Collection Set: 1.4ms
[2023-11-16T05:53:45.971+0000][7][gc,phases   ] GC(210)   Post Evacuate Collection Set: 0.7ms
[2023-11-16T05:53:45.971+0000][7][gc,phases   ] GC(210)   Other: 0.2ms
[2023-11-16T05:53:45.971+0000][7][gc,heap     ] GC(210) Eden regions: 68->0(68)
[2023-11-16T05:53:45.971+0000][7][gc,heap     ] GC(210) Survivor regions: 1->1(9)
[2023-11-16T05:53:45.971+0000][7][gc,heap     ] GC(210) Old regions: 30->30
[2023-11-16T05:53:45.971+0000][7][gc,heap     ] GC(210) Archive regions: 2->2
[2023-11-16T05:53:45.971+0000][7][gc,heap     ] GC(210) Humongous regions: 5->5
[2023-11-16T05:53:45.971+0000][7][gc,metaspace] GC(210) Metaspace: 119081K(120896K)->119081K(120896K) NonClass: 103288K(104320K)->103288K(104320K) Class: 15792K(16576K)->15792K(16576K)
[2023-11-16T05:53:45.971+0000][7][gc          ] GC(210) Pause Young (Normal) (G1 Evacuation Pause) 416M->144M(512M) 2.503ms
[2023-11-16T05:53:45.971+0000][7][gc,cpu      ] GC(210) User=0.01s Sys=0.00s Real=0.00s
[2023-11-16T05:53:45.971+0000][7][safepoint   ] Safepoint "G1CollectForAllocation", Time since last: 1742256375 ns, Reaching safepoint: 90722 ns, At safepoint: 2580987 ns, Total: 2671709 ns
[2023-11-16T05:53:46.972+0000][7][safepoint   ] Safepoint "Cleanup", Time since last: 1000101154 ns, Reaching safepoint: 92536 ns, At safepoint: 3871 ns, Total: 96407 ns
[2023-11-16T05:53:52.133+0000][7][gc,start    ] GC(211) Pause Young (Normal) (G1 Evacuation Pause)
[2023-11-16T05:53:52.133+0000][7][gc,task     ] GC(211) Using 8 workers of 8 for evacuation
[2023-11-16T05:53:52.133+0000][7][gc,age      ] GC(211) Desired survivor size 18874368 bytes, new threshold 15 (max threshold 15)
[2023-11-16T05:53:52.136+0000][7][gc,age      ] GC(211) Age table with threshold 15 (max threshold 15)
[2023-11-16T05:53:52.136+0000][7][gc,age      ] GC(211) - age   1:    2558296 bytes,    2558296 total
[2023-11-16T05:53:52.136+0000][7][gc,age      ] GC(211) - age   2:     680592 bytes,    3238888 total
[2023-11-16T05:53:52.136+0000][7][gc,age      ] GC(211) - age   3:     346264 bytes,    3585152 total
[2023-11-16T05:53:52.136+0000][7][gc,age      ] GC(211) - age   4:      17840 bytes,    3602992 total
[2023-11-16T05:53:52.136+0000][7][gc,age      ] GC(211) - age   5:     143624 bytes,    3746616 total
[2023-11-16T05:53:52.136+0000][7][gc,age      ] GC(211) - age   6:       2144 bytes,    3748760 total
[2023-11-16T05:53:52.136+0000][7][gc,age      ] GC(211) - age   7:     148536 bytes,    3897296 total
[2023-11-16T05:53:52.136+0000][7][gc,age      ] GC(211) - age   8:     144872 bytes,    4042168 total
[2023-11-16T05:53:52.136+0000][7][gc,age      ] GC(211) - age   9:       1224 bytes,    4043392 total
[2023-11-16T05:53:52.136+0000][7][gc,age      ] GC(211) - age  10:     120448 bytes,    4163840 total
[2023-11-16T05:53:52.136+0000][7][gc,age      ] GC(211) - age  12:     142504 bytes,    4306344 total
[2023-11-16T05:53:52.136+0000][7][gc,age      ] GC(211) - age  13:       3416 bytes,    4309760 total
[2023-11-16T05:53:52.136+0000][7][gc,age      ] GC(211) - age  14:       1224 bytes,    4310984 total
[2023-11-16T05:53:52.136+0000][7][gc,age      ] GC(211) - age  15:       2064 bytes,    4313048 total
[2023-11-16T05:53:52.136+0000][7][gc,phases   ] GC(211)   Pre Evacuate Collection Set: 0.1ms
[2023-11-16T05:53:52.136+0000][7][gc,phases   ] GC(211)   Merge Heap Roots: 0.1ms
[2023-11-16T05:53:52.136+0000][7][gc,phases   ] GC(211)   Evacuate Collection Set: 1.8ms
[2023-11-16T05:53:52.136+0000][7][gc,phases   ] GC(211)   Post Evacuate Collection Set: 0.5ms
[2023-11-16T05:53:52.136+0000][7][gc,phases   ] GC(211)   Other: 0.2ms
[2023-11-16T05:53:52.136+0000][7][gc,heap     ] GC(211) Eden regions: 68->0(67)
[2023-11-16T05:53:52.136+0000][7][gc,heap     ] GC(211) Survivor regions: 1->2(9)
[2023-11-16T05:53:52.136+0000][7][gc,heap     ] GC(211) Old regions: 30->30
[2023-11-16T05:53:52.136+0000][7][gc,heap     ] GC(211) Archive regions: 2->2
[2023-11-16T05:53:52.136+0000][7][gc,heap     ] GC(211) Humongous regions: 5->5
[2023-11-16T05:53:52.136+0000][7][gc,metaspace] GC(211) Metaspace: 119081K(120896K)->119081K(120896K) NonClass: 103288K(104320K)->103288K(104320K) Class: 15792K(16576K)->15792K(16576K)
[2023-11-16T05:53:52.136+0000][7][gc          ] GC(211) Pause Young (Normal) (G1 Evacuation Pause) 416M->146M(512M) 2.701ms
[2023-11-16T05:53:52.136+0000][7][gc,cpu      ] GC(211) User=0.01s Sys=0.00s Real=0.00s
[2023-11-16T05:53:52.136+0000][7][safepoint   ] Safepoint "G1CollectForAllocation", Time since last: 5161752646 ns, Reaching safepoint: 44662 ns, At safepoint: 2782819 ns, Total: 2827481 ns
[2023-11-16T05:53:54.136+0000][7][safepoint   ] Safepoint "Cleanup", Time since last: 2000183538 ns, Reaching safepoint: 64136 ns, At safepoint: 4410 ns, Total: 68546 ns
[2023-11-16T05:53:59.482+0000][7][gc,start    ] GC(212) Pause Young (Normal) (G1 Evacuation Pause)
[2023-11-16T05:53:59.483+0000][7][gc,task     ] GC(212) Using 8 workers of 8 for evacuation
[2023-11-16T05:53:59.483+0000][7][gc,age      ] GC(212) Desired survivor size 18874368 bytes, new threshold 15 (max threshold 15)
[2023-11-16T05:53:59.485+0000][7][gc,age      ] GC(212) Age table with threshold 15 (max threshold 15)
[2023-11-16T05:53:59.485+0000][7][gc,age      ] GC(212) - age   1:    2281144 bytes,    2281144 total
[2023-11-16T05:53:59.485+0000][7][gc,age      ] GC(212) - age   2:      46800 bytes,    2327944 total
[2023-11-16T05:53:59.485+0000][7][gc,age      ] GC(212) - age   3:     146688 bytes,    2474632 total
[2023-11-16T05:53:59.485+0000][7][gc,age      ] GC(212) - age   4:     252776 bytes,    2727408 total
[2023-11-16T05:53:59.485+0000][7][gc,age      ] GC(212) - age   5:       3480 bytes,    2730888 total
[2023-11-16T05:53:59.485+0000][7][gc,age      ] GC(212) - age   6:     143464 bytes,    2874352 total
[2023-11-16T05:53:59.485+0000][7][gc,age      ] GC(212) - age   7:       1616 bytes,    2875968 total
[2023-11-16T05:53:59.485+0000][7][gc,age      ] GC(212) - age   8:       5016 bytes,    2880984 total
[2023-11-16T05:53:59.485+0000][7][gc,age      ] GC(212) - age   9:     144232 bytes,    3025216 total
[2023-11-16T05:53:59.485+0000][7][gc,age      ] GC(212) - age  10:       1160 bytes,    3026376 total
[2023-11-16T05:53:59.485+0000][7][gc,age      ] GC(212) - age  11:        536 bytes,    3026912 total
[2023-11-16T05:53:59.485+0000][7][gc,age      ] GC(212) - age  13:     142440 bytes,    3169352 total
[2023-11-16T05:53:59.485+0000][7][gc,age      ] GC(212) - age  14:       3416 bytes,    3172768 total
[2023-11-16T05:53:59.485+0000][7][gc,age      ] GC(212) - age  15:       1032 bytes,    3173800 total
[2023-11-16T05:53:59.485+0000][7][gc,phases   ] GC(212)   Pre Evacuate Collection Set: 0.1ms
[2023-11-16T05:53:59.485+0000][7][gc,phases   ] GC(212)   Merge Heap Roots: 0.1ms
[2023-11-16T05:53:59.485+0000][7][gc,phases   ] GC(212)   Evacuate Collection Set: 2.0ms
[2023-11-16T05:53:59.485+0000][7][gc,phases   ] GC(212)   Post Evacuate Collection Set: 0.6ms
[2023-11-16T05:53:59.485+0000][7][gc,phases   ] GC(212)   Other: 0.3ms
[2023-11-16T05:53:59.485+0000][7][gc,heap     ] GC(212) Eden regions: 67->0(68)
[2023-11-16T05:53:59.485+0000][7][gc,heap     ] GC(212) Survivor regions: 2->1(9)
[2023-11-16T05:53:59.485+0000][7][gc,heap     ] GC(212) Old regions: 30->30
[2023-11-16T05:53:59.485+0000][7][gc,heap     ] GC(212) Archive regions: 2->2
[2023-11-16T05:53:59.485+0000][7][gc,heap     ] GC(212) Humongous regions: 5->5
[2023-11-16T05:53:59.485+0000][7][gc,metaspace] GC(212) Metaspace: 119087K(120896K)->119087K(120896K) NonClass: 103295K(104320K)->103295K(104320K) Class: 15792K(16576K)->15792K(16576K)
[2023-11-16T05:53:59.485+0000][7][gc          ] GC(212) Pause Young (Normal) (G1 Evacuation Pause) 414M->145M(512M) 2.936ms
[2023-11-16T05:53:59.485+0000][7][gc,cpu      ] GC(212) User=0.02s Sys=0.00s Real=0.00s
[2023-11-16T05:53:59.485+0000][7][safepoint   ] Safepoint "G1CollectForAllocation", Time since last: 5346029732 ns, Reaching safepoint: 28554 ns, At safepoint: 3022613 ns, Total: 3051167 ns
[2023-11-16T05:54:05.127+0000][7][gc,start    ] GC(213) Pause Young (Normal) (G1 Evacuation Pause)
[2023-11-16T05:54:05.127+0000][7][gc,task     ] GC(213) Using 8 workers of 8 for evacuation
[2023-11-16T05:54:05.127+0000][7][gc,age      ] GC(213) Desired survivor size 18874368 bytes, new threshold 15 (max threshold 15)
[2023-11-16T05:54:05.130+0000][7][gc,age      ] GC(213) Age table with threshold 15 (max threshold 15)
[2023-11-16T05:54:05.130+0000][7][gc,age      ] GC(213) - age   1:    2216808 bytes,    2216808 total
[2023-11-16T05:54:05.130+0000][7][gc,age      ] GC(213) - age   2:     611400 bytes,    2828208 total
[2023-11-16T05:54:05.130+0000][7][gc,age      ] GC(213) - age   3:      44376 bytes,    2872584 total
[2023-11-16T05:54:05.130+0000][7][gc,age      ] GC(213) - age   4:     146464 bytes,    3019048 total
[2023-11-16T05:54:05.130+0000][7][gc,age      ] GC(213) - age   5:     252424 bytes,    3271472 total
[2023-11-16T05:54:05.130+0000][7][gc,age      ] GC(213) - age   6:       2720 bytes,    3274192 total
[2023-11-16T05:54:05.130+0000][7][gc,age      ] GC(213) - age   7:     143464 bytes,    3417656 total
[2023-11-16T05:54:05.130+0000][7][gc,age      ] GC(213) - age   8:       1488 bytes,    3419144 total
[2023-11-16T05:54:05.130+0000][7][gc,age      ] GC(213) - age   9:       4808 bytes,    3423952 total
[2023-11-16T05:54:05.130+0000][7][gc,age      ] GC(213) - age  10:        472 bytes,    3424424 total
[2023-11-16T05:54:05.130+0000][7][gc,age      ] GC(213) - age  11:       1040 bytes,    3425464 total
[2023-11-16T05:54:05.130+0000][7][gc,age      ] GC(213) - age  12:        408 bytes,    3425872 total
[2023-11-16T05:54:05.130+0000][7][gc,age      ] GC(213) - age  14:     142376 bytes,    3568248 total
[2023-11-16T05:54:05.130+0000][7][gc,age      ] GC(213) - age  15:       3416 bytes,    3571664 total
[2023-11-16T05:54:05.130+0000][7][gc,phases   ] GC(213)   Pre Evacuate Collection Set: 0.1ms
[2023-11-16T05:54:05.130+0000][7][gc,phases   ] GC(213)   Merge Heap Roots: 0.0ms
[2023-11-16T05:54:05.130+0000][7][gc,phases   ] GC(213)   Evacuate Collection Set: 1.8ms
[2023-11-16T05:54:05.130+0000][7][gc,phases   ] GC(213)   Post Evacuate Collection Set: 0.7ms
[2023-11-16T05:54:05.130+0000][7][gc,phases   ] GC(213)   Other: 0.3ms
[2023-11-16T05:54:05.130+0000][7][gc,heap     ] GC(213) Eden regions: 68->0(67)
[2023-11-16T05:54:05.130+0000][7][gc,heap     ] GC(213) Survivor regions: 1->1(9)
[2023-11-16T05:54:05.130+0000][7][gc,heap     ] GC(213) Old regions: 30->30
[2023-11-16T05:54:05.130+0000][7][gc,heap     ] GC(213) Archive regions: 2->2
[2023-11-16T05:54:05.130+0000][7][gc,heap     ] GC(213) Humongous regions: 5->5
[2023-11-16T05:54:05.130+0000][7][gc,metaspace] GC(213) Metaspace: 119087K(120896K)->119087K(120896K) NonClass: 103295K(104320K)->103295K(104320K) Class: 15792K(16576K)->15792K(16576K)
[2023-11-16T05:54:05.130+0000][7][gc          ] GC(213) Pause Young (Normal) (G1 Evacuation Pause) 417M->145M(512M) 2.879ms
[2023-11-16T05:54:05.130+0000][7][gc,cpu      ] GC(213) User=0.01s Sys=0.00s Real=0.01s
[2023-11-16T05:54:05.130+0000][7][safepoint   ] Safepoint "G1CollectForAllocation", Time since last: 5641758162 ns, Reaching safepoint: 95195 ns, At safepoint: 2968460 ns, Total: 3063655 ns
[2023-11-16T05:54:08.131+0000][7][safepoint   ] Safepoint "Cleanup", Time since last: 3000285180 ns, Reaching safepoint: 68458 ns, At safepoint: 5238 ns, Total: 73696 ns
[2023-11-16T05:54:09.131+0000][7][safepoint   ] Safepoint "Cleanup", Time since last: 1000341644 ns, Reaching safepoint: 83905 ns, At safepoint: 11580 ns, Total: 95485 ns
[2023-11-16T05:54:10.745+0000][7][gc,start    ] GC(214) Pause Young (Normal) (G1 Evacuation Pause)
[2023-11-16T05:54:10.745+0000][7][gc,task     ] GC(214) Using 8 workers of 8 for evacuation
[2023-11-16T05:54:10.745+0000][7][gc,age      ] GC(214) Desired survivor size 18874368 bytes, new threshold 15 (max threshold 15)
[2023-11-16T05:54:10.748+0000][7][gc,age      ] GC(214) Age table with threshold 15 (max threshold 15)
[2023-11-16T05:54:10.748+0000][7][gc,age      ] GC(214) - age   1:    2021560 bytes,    2021560 total
[2023-11-16T05:54:10.748+0000][7][gc,age      ] GC(214) - age   2:     750792 bytes,    2772352 total
[2023-11-16T05:54:10.748+0000][7][gc,age      ] GC(214) - age   3:     609120 bytes,    3381472 total
[2023-11-16T05:54:10.748+0000][7][gc,age      ] GC(214) - age   4:      44312 bytes,    3425784 total
[2023-11-16T05:54:10.748+0000][7][gc,age      ] GC(214) - age   5:     146240 bytes,    3572024 total
[2023-11-16T05:54:10.748+0000][7][gc,age      ] GC(214) - age   6:     252352 bytes,    3824376 total
[2023-11-16T05:54:10.748+0000][7][gc,age      ] GC(214) - age   7:       2720 bytes,    3827096 total
[2023-11-16T05:54:10.748+0000][7][gc,age      ] GC(214) - age   8:     143112 bytes,    3970208 total
[2023-11-16T05:54:10.748+0000][7][gc,age      ] GC(214) - age   9:       1488 bytes,    3971696 total
[2023-11-16T05:54:10.748+0000][7][gc,age      ] GC(214) - age  10:       4808 bytes,    3976504 total
[2023-11-16T05:54:10.748+0000][7][gc,age      ] GC(214) - age  11:        376 bytes,    3976880 total
[2023-11-16T05:54:10.748+0000][7][gc,age      ] GC(214) - age  12:       1040 bytes,    3977920 total
[2023-11-16T05:54:10.748+0000][7][gc,age      ] GC(214) - age  13:        376 bytes,    3978296 total
[2023-11-16T05:54:10.748+0000][7][gc,age      ] GC(214) - age  15:     142376 bytes,    4120672 total
[2023-11-16T05:54:10.748+0000][7][gc,phases   ] GC(214)   Pre Evacuate Collection Set: 0.1ms
[2023-11-16T05:54:10.748+0000][7][gc,phases   ] GC(214)   Merge Heap Roots: 0.0ms
[2023-11-16T05:54:10.748+0000][7][gc,phases   ] GC(214)   Evacuate Collection Set: 2.1ms
[2023-11-16T05:54:10.748+0000][7][gc,phases   ] GC(214)   Post Evacuate Collection Set: 0.5ms
[2023-11-16T05:54:10.748+0000][7][gc,phases   ] GC(214)   Other: 0.2ms
[2023-11-16T05:54:10.748+0000][7][gc,heap     ] GC(214) Eden regions: 67->0(66)
[2023-11-16T05:54:10.748+0000][7][gc,heap     ] GC(214) Survivor regions: 1->2(9)
[2023-11-16T05:54:10.748+0000][7][gc,heap     ] GC(214) Old regions: 30->30
[2023-11-16T05:54:10.748+0000][7][gc,heap     ] GC(214) Archive regions: 2->2
[2023-11-16T05:54:10.748+0000][7][gc,heap     ] GC(214) Humongous regions: 5->5
[2023-11-16T05:54:10.748+0000][7][gc,metaspace] GC(214) Metaspace: 119089K(120896K)->119089K(120896K) NonClass: 103296K(104320K)->103296K(104320K) Class: 15792K(16576K)->15792K(16576K)
[2023-11-16T05:54:10.748+0000][7][gc          ] GC(214) Pause Young (Normal) (G1 Evacuation Pause) 413M->146M(512M) 2.984ms
[2023-11-16T05:54:10.748+0000][7][gc,cpu      ] GC(214) User=0.02s Sys=0.01s Real=0.00s
[2023-11-16T05:54:10.748+0000][7][safepoint   ] Safepoint "G1CollectForAllocation", Time since last: 1614078668 ns, Reaching safepoint: 91551 ns, At safepoint: 3046502 ns, Total: 3138053 ns
[2023-11-16T05:54:19.750+0000][7][safepoint   ] Safepoint "Cleanup", Time since last: 9001575760 ns, Reaching safepoint: 69632 ns, At safepoint: 6669 ns, Total: 76301 ns
[2023-11-16T05:54:22.750+0000][7][safepoint   ] Safepoint "Cleanup", Time since last: 3000293091 ns, Reaching safepoint: 68905 ns, At safepoint: 23425 ns, Total: 92330 ns
[2023-11-16T05:54:25.562+0000][7][gc,start    ] GC(215) Pause Young (Normal) (G1 Evacuation Pause)
[2023-11-16T05:54:25.562+0000][7][gc,task     ] GC(215) Using 8 workers of 8 for evacuation
[2023-11-16T05:54:25.562+0000][7][gc,age      ] GC(215) Desired survivor size 18874368 bytes, new threshold 15 (max threshold 15)
[2023-11-16T05:54:25.564+0000][7][gc,age      ] GC(215) Age table with threshold 15 (max threshold 15)
[2023-11-16T05:54:25.564+0000][7][gc,age      ] GC(215) - age   1:    2615408 bytes,    2615408 total
[2023-11-16T05:54:25.564+0000][7][gc,age      ] GC(215) - age   2:       7952 bytes,    2623360 total
[2023-11-16T05:54:25.564+0000][7][gc,age      ] GC(215) - age   3:     146008 bytes,    2769368 total
[2023-11-16T05:54:25.564+0000][7][gc,age      ] GC(215) - age   4:     150968 bytes,    2920336 total
[2023-11-16T05:54:25.564+0000][7][gc,age      ] GC(215) - age   5:      43824 bytes,    2964160 total
[2023-11-16T05:54:25.564+0000][7][gc,age      ] GC(215) - age   6:     145696 bytes,    3109856 total
[2023-11-16T05:54:25.564+0000][7][gc,age      ] GC(215) - age   7:     252352 bytes,    3362208 total
[2023-11-16T05:54:25.564+0000][7][gc,age      ] GC(215) - age   8:       2464 bytes,    3364672 total
[2023-11-16T05:54:25.564+0000][7][gc,age      ] GC(215) - age   9:        160 bytes,    3364832 total
[2023-11-16T05:54:25.564+0000][7][gc,age      ] GC(215) - age  10:         64 bytes,    3364896 total
[2023-11-16T05:54:25.565+0000][7][gc,age      ] GC(215) - age  11:       4808 bytes,    3369704 total
[2023-11-16T05:54:25.565+0000][7][gc,age      ] GC(215) - age  12:        248 bytes,    3369952 total
[2023-11-16T05:54:25.565+0000][7][gc,age      ] GC(215) - age  13:        976 bytes,    3370928 total
[2023-11-16T05:54:25.565+0000][7][gc,age      ] GC(215) - age  14:        312 bytes,    3371240 total
[2023-11-16T05:54:25.565+0000][7][gc,phases   ] GC(215)   Pre Evacuate Collection Set: 0.1ms
[2023-11-16T05:54:25.565+0000][7][gc,phases   ] GC(215)   Merge Heap Roots: 0.0ms
[2023-11-16T05:54:25.565+0000][7][gc,phases   ] GC(215)   Evacuate Collection Set: 1.7ms
[2023-11-16T05:54:25.565+0000][7][gc,phases   ] GC(215)   Post Evacuate Collection Set: 0.7ms
[2023-11-16T05:54:25.565+0000][7][gc,phases   ] GC(215)   Other: 0.4ms
[2023-11-16T05:54:25.565+0000][7][gc,heap     ] GC(215) Eden regions: 66->0(67)
[2023-11-16T05:54:25.565+0000][7][gc,heap     ] GC(215) Survivor regions: 2->1(9)
[2023-11-16T05:54:25.565+0000][7][gc,heap     ] GC(215) Old regions: 30->30
[2023-11-16T05:54:25.565+0000][7][gc,heap     ] GC(215) Archive regions: 2->2
[2023-11-16T05:54:25.565+0000][7][gc,heap     ] GC(215) Humongous regions: 5->5
[2023-11-16T05:54:25.565+0000][7][gc,metaspace] GC(215) Metaspace: 119089K(120896K)->119089K(120896K) NonClass: 103296K(104320K)->103296K(104320K) Class: 15792K(16576K)->15792K(16576K)
[2023-11-16T05:54:25.565+0000][7][gc          ] GC(215) Pause Young (Normal) (G1 Evacuation Pause) 410M->145M(512M) 2.951ms
[2023-11-16T05:54:25.565+0000][7][gc,cpu      ] GC(215) User=0.01s Sys=0.00s Real=0.00s
[2023-11-16T05:54:25.565+0000][7][safepoint   ] Safepoint "G1CollectForAllocation", Time since last: 2811290624 ns, Reaching safepoint: 34486 ns, At safepoint: 3070965 ns, Total: 3105451 ns
[2023-11-16T05:54:29.565+0000][7][safepoint   ] Safepoint "Cleanup", Time since last: 4000629399 ns, Reaching safepoint: 57654 ns, At safepoint: 7400 ns, Total: 65054 ns
[2023-11-16T05:54:35.566+0000][7][safepoint   ] Safepoint "Cleanup", Time since last: 6000923930 ns, Reaching safepoint: 57761 ns, At safepoint: 7487 ns, Total: 65248 ns
[2023-11-16T05:54:41.567+0000][7][safepoint   ] Safepoint "Cleanup", Time since last: 6000590930 ns, Reaching safepoint: 123911 ns, At safepoint: 8313 ns, Total: 132224 ns
[2023-11-16T05:54:42.717+0000][7][gc,start    ] GC(216) Pause Young (Normal) (G1 Evacuation Pause)
[2023-11-16T05:54:42.717+0000][7][gc,task     ] GC(216) Using 8 workers of 8 for evacuation
[2023-11-16T05:54:42.717+0000][7][gc,age      ] GC(216) Desired survivor size 18874368 bytes, new threshold 15 (max threshold 15)
[2023-11-16T05:54:42.719+0000][7][gc,age      ] GC(216) Age table with threshold 15 (max threshold 15)
[2023-11-16T05:54:42.719+0000][7][gc,age      ] GC(216) - age   1:    1256576 bytes,    1256576 total
[2023-11-16T05:54:42.719+0000][7][gc,age      ] GC(216) - age   2:    1479184 bytes,    2735760 total
[2023-11-16T05:54:42.719+0000][7][gc,age      ] GC(216) - age   3:       7200 bytes,    2742960 total
[2023-11-16T05:54:42.719+0000][7][gc,age      ] GC(216) - age   4:     144872 bytes,    2887832 total
[2023-11-16T05:54:42.719+0000][7][gc,age      ] GC(216) - age   5:     144968 bytes,    3032800 total
[2023-11-16T05:54:42.719+0000][7][gc,age      ] GC(216) - age   6:       2832 bytes,    3035632 total
[2023-11-16T05:54:42.719+0000][7][gc,age      ] GC(216) - age   7:     145664 bytes,    3181296 total
[2023-11-16T05:54:42.719+0000][7][gc,age      ] GC(216) - age   8:     142688 bytes,    3323984 total
[2023-11-16T05:54:42.719+0000][7][gc,age      ] GC(216) - age   9:       1672 bytes,    3325656 total
[2023-11-16T05:54:42.720+0000][7][gc,age      ] GC(216) - age  10:        128 bytes,    3325784 total
[2023-11-16T05:54:42.720+0000][7][gc,age      ] GC(216) - age  11:         64 bytes,    3325848 total
[2023-11-16T05:54:42.720+0000][7][gc,age      ] GC(216) - age  12:       4808 bytes,    3330656 total
[2023-11-16T05:54:42.720+0000][7][gc,age      ] GC(216) - age  13:        184 bytes,    3330840 total
[2023-11-16T05:54:42.720+0000][7][gc,age      ] GC(216) - age  14:        976 bytes,    3331816 total
[2023-11-16T05:54:42.720+0000][7][gc,age      ] GC(216) - age  15:        312 bytes,    3332128 total
[2023-11-16T05:54:42.720+0000][7][gc,phases   ] GC(216)   Pre Evacuate Collection Set: 0.1ms
[2023-11-16T05:54:42.720+0000][7][gc,phases   ] GC(216)   Merge Heap Roots: 0.0ms
[2023-11-16T05:54:42.720+0000][7][gc,phases   ] GC(216)   Evacuate Collection Set: 1.5ms
[2023-11-16T05:54:42.720+0000][7][gc,phases   ] GC(216)   Post Evacuate Collection Set: 0.5ms
[2023-11-16T05:54:42.720+0000][7][gc,phases   ] GC(216)   Other: 0.2ms
[2023-11-16T05:54:42.720+0000][7][gc,heap     ] GC(216) Eden regions: 67->0(68)
[2023-11-16T05:54:42.720+0000][7][gc,heap     ] GC(216) Survivor regions: 1->1(9)
[2023-11-16T05:54:42.720+0000][7][gc,heap     ] GC(216) Old regions: 30->30
[2023-11-16T05:54:42.720+0000][7][gc,heap     ] GC(216) Archive regions: 2->2
[2023-11-16T05:54:42.720+0000][7][gc,heap     ] GC(216) Humongous regions: 5->5
[2023-11-16T05:54:42.720+0000][7][gc,metaspace] GC(216) Metaspace: 119090K(120896K)->119090K(120896K) NonClass: 103297K(104320K)->103297K(104320K) Class: 15792K(16576K)->15792K(16576K)
[2023-11-16T05:54:42.720+0000][7][gc          ] GC(216) Pause Young (Normal) (G1 Evacuation Pause) 413M->145M(512M) 2.394ms
[2023-11-16T05:54:42.720+0000][7][gc,cpu      ] GC(216) User=0.01s Sys=0.00s Real=0.01s
[2023-11-16T05:54:42.720+0000][7][safepoint   ] Safepoint "G1CollectForAllocation", Time since last: 1150000182 ns, Reaching safepoint: 59749 ns, At safepoint: 2454112 ns, Total: 2513861 ns
[2023-11-16T05:54:49.589+0000][7][gc,start    ] GC(217) Pause Young (Normal) (G1 Evacuation Pause)
[2023-11-16T05:54:49.589+0000][7][gc,task     ] GC(217) Using 8 workers of 8 for evacuation
[2023-11-16T05:54:49.589+0000][7][gc,age      ] GC(217) Desired survivor size 18874368 bytes, new threshold 15 (max threshold 15)
[2023-11-16T05:54:49.591+0000][7][gc,age      ] GC(217) Age table with threshold 15 (max threshold 15)
[2023-11-16T05:54:49.591+0000][7][gc,age      ] GC(217) - age   1:    2474392 bytes,    2474392 total
[2023-11-16T05:54:49.591+0000][7][gc,age      ] GC(217) - age   2:     569296 bytes,    3043688 total
[2023-11-16T05:54:49.591+0000][7][gc,age      ] GC(217) - age   3:     474336 bytes,    3518024 total
[2023-11-16T05:54:49.591+0000][7][gc,age      ] GC(217) - age   4:       5576 bytes,    3523600 total
[2023-11-16T05:54:49.591+0000][7][gc,age      ] GC(217) - age   5:     144056 bytes,    3667656 total
[2023-11-16T05:54:49.591+0000][7][gc,age      ] GC(217) - age   6:     144680 bytes,    3812336 total
[2023-11-16T05:54:49.591+0000][7][gc,age      ] GC(217) - age   7:       2456 bytes,    3814792 total
[2023-11-16T05:54:49.591+0000][7][gc,age      ] GC(217) - age   8:     144944 bytes,    3959736 total
[2023-11-16T05:54:49.591+0000][7][gc,age      ] GC(217) - age   9:     142568 bytes,    4102304 total
[2023-11-16T05:54:49.591+0000][7][gc,age      ] GC(217) - age  10:       1672 bytes,    4103976 total
[2023-11-16T05:54:49.591+0000][7][gc,age      ] GC(217) - age  12:         64 bytes,    4104040 total
[2023-11-16T05:54:49.591+0000][7][gc,age      ] GC(217) - age  13:       4776 bytes,    4108816 total
[2023-11-16T05:54:49.591+0000][7][gc,age      ] GC(217) - age  14:        184 bytes,    4109000 total
[2023-11-16T05:54:49.591+0000][7][gc,age      ] GC(217) - age  15:        976 bytes,    4109976 total
[2023-11-16T05:54:49.591+0000][7][gc,phases   ] GC(217)   Pre Evacuate Collection Set: 0.1ms
[2023-11-16T05:54:49.591+0000][7][gc,phases   ] GC(217)   Merge Heap Roots: 0.1ms
[2023-11-16T05:54:49.591+0000][7][gc,phases   ] GC(217)   Evacuate Collection Set: 1.8ms
[2023-11-16T05:54:49.591+0000][7][gc,phases   ] GC(217)   Post Evacuate Collection Set: 0.6ms
[2023-11-16T05:54:49.591+0000][7][gc,phases   ] GC(217)   Other: 0.2ms
[2023-11-16T05:54:49.591+0000][7][gc,heap     ] GC(217) Eden regions: 68->0(67)
[2023-11-16T05:54:49.591+0000][7][gc,heap     ] GC(217) Survivor regions: 1->2(9)
[2023-11-16T05:54:49.591+0000][7][gc,heap     ] GC(217) Old regions: 30->30
[2023-11-16T05:54:49.591+0000][7][gc,heap     ] GC(217) Archive regions: 2->2
[2023-11-16T05:54:49.591+0000][7][gc,heap     ] GC(217) Humongous regions: 5->5
[2023-11-16T05:54:49.591+0000][7][gc,metaspace] GC(217) Metaspace: 119090K(120896K)->119090K(120896K) NonClass: 103297K(104320K)->103297K(104320K) Class: 15792K(16576K)->15792K(16576K)
[2023-11-16T05:54:49.591+0000][7][gc          ] GC(217) Pause Young (Normal) (G1 Evacuation Pause) 417M->146M(512M) 2.874ms
[2023-11-16T05:54:49.591+0000][7][gc,cpu      ] GC(217) User=0.02s Sys=0.00s Real=0.00s
[2023-11-16T05:54:49.591+0000][7][safepoint   ] Safepoint "G1CollectForAllocation", Time since last: 6868753995 ns, Reaching safepoint: 134360 ns, At safepoint: 2935417 ns, Total: 3069777 ns
[2023-11-16T05:54:50.592+0000][7][safepoint   ] Safepoint "Cleanup", Time since last: 1000119513 ns, Reaching safepoint: 121745 ns, At safepoint: 6302 ns, Total: 128047 ns
[2023-11-16T05:54:55.274+0000][7][gc,start    ] GC(218) Pause Young (Normal) (G1 Evacuation Pause)
[2023-11-16T05:54:55.274+0000][7][gc,task     ] GC(218) Using 8 workers of 8 for evacuation
[2023-11-16T05:54:55.274+0000][7][gc,age      ] GC(218) Desired survivor size 18874368 bytes, new threshold 15 (max threshold 15)
[2023-11-16T05:54:55.277+0000][7][gc,age      ] GC(218) Age table with threshold 15 (max threshold 15)
[2023-11-16T05:54:55.277+0000][7][gc,age      ] GC(218) - age   1:    1711448 bytes,    1711448 total
[2023-11-16T05:54:55.277+0000][7][gc,age      ] GC(218) - age   2:       7312 bytes,    1718760 total
[2023-11-16T05:54:55.277+0000][7][gc,age      ] GC(218) - age   3:     158408 bytes,    1877168 total
[2023-11-16T05:54:55.277+0000][7][gc,age      ] GC(218) - age   4:     144704 bytes,    2021872 total
[2023-11-16T05:54:55.277+0000][7][gc,age      ] GC(218) - age   5:       3848 bytes,    2025720 total
[2023-11-16T05:54:55.277+0000][7][gc,age      ] GC(218) - age   6:     143928 bytes,    2169648 total
[2023-11-16T05:54:55.277+0000][7][gc,age      ] GC(218) - age   7:     143976 bytes,    2313624 total
[2023-11-16T05:54:55.277+0000][7][gc,age      ] GC(218) - age   8:       2088 bytes,    2315712 total
[2023-11-16T05:54:55.277+0000][7][gc,age      ] GC(218) - age   9:     144944 bytes,    2460656 total
[2023-11-16T05:54:55.277+0000][7][gc,age      ] GC(218) - age  10:     142504 bytes,    2603160 total
[2023-11-16T05:54:55.277+0000][7][gc,age      ] GC(218) - age  11:       1608 bytes,    2604768 total
[2023-11-16T05:54:55.277+0000][7][gc,age      ] GC(218) - age  13:         64 bytes,    2604832 total
[2023-11-16T05:54:55.277+0000][7][gc,age      ] GC(218) - age  14:       4712 bytes,    2609544 total
[2023-11-16T05:54:55.277+0000][7][gc,age      ] GC(218) - age  15:        184 bytes,    2609728 total
[2023-11-16T05:54:55.277+0000][7][gc,phases   ] GC(218)   Pre Evacuate Collection Set: 0.1ms
[2023-11-16T05:54:55.277+0000][7][gc,phases   ] GC(218)   Merge Heap Roots: 0.0ms
[2023-11-16T05:54:55.277+0000][7][gc,phases   ] GC(218)   Evacuate Collection Set: 1.7ms
[2023-11-16T05:54:55.277+0000][7][gc,phases   ] GC(218)   Post Evacuate Collection Set: 0.7ms
[2023-11-16T05:54:55.277+0000][7][gc,phases   ] GC(218)   Other: 0.3ms
[2023-11-16T05:54:55.277+0000][7][gc,heap     ] GC(218) Eden regions: 67->0(68)
[2023-11-16T05:54:55.277+0000][7][gc,heap     ] GC(218) Survivor regions: 2->1(9)
[2023-11-16T05:54:55.277+0000][7][gc,heap     ] GC(218) Old regions: 30->30
[2023-11-16T05:54:55.277+0000][7][gc,heap     ] GC(218) Archive regions: 2->2
[2023-11-16T05:54:55.277+0000][7][gc,heap     ] GC(218) Humongous regions: 5->5
[2023-11-16T05:54:55.277+0000][7][gc,metaspace] GC(218) Metaspace: 119090K(120896K)->119090K(120896K) NonClass: 103297K(104320K)->103297K(104320K) Class: 15792K(16576K)->15792K(16576K)
[2023-11-16T05:54:55.277+0000][7][gc          ] GC(218) Pause Young (Normal) (G1 Evacuation Pause) 414M->145M(512M) 2.874ms
[2023-11-16T05:54:55.277+0000][7][gc,cpu      ] GC(218) User=0.01s Sys=0.00s Real=0.00s
[2023-11-16T05:54:55.277+0000][7][safepoint   ] Safepoint "G1CollectForAllocation", Time since last: 4682102713 ns, Reaching safepoint: 89782 ns, At safepoint: 2948271 ns, Total: 3038053 ns
[2023-11-16T05:55:00.364+0000][7][gc,start    ] GC(219) Pause Young (Normal) (G1 Evacuation Pause)
[2023-11-16T05:55:00.364+0000][7][gc,task     ] GC(219) Using 8 workers of 8 for evacuation
[2023-11-16T05:55:00.364+0000][7][gc,age      ] GC(219) Desired survivor size 18874368 bytes, new threshold 15 (max threshold 15)
[2023-11-16T05:55:00.366+0000][7][gc,age      ] GC(219) Age table with threshold 15 (max threshold 15)
[2023-11-16T05:55:00.366+0000][7][gc,age      ] GC(219) - age   1:     687008 bytes,     687008 total
[2023-11-16T05:55:00.366+0000][7][gc,age      ] GC(219) - age   2:     601024 bytes,    1288032 total
[2023-11-16T05:55:00.366+0000][7][gc,age      ] GC(219) - age   3:       4952 bytes,    1292984 total
[2023-11-16T05:55:00.366+0000][7][gc,age      ] GC(219) - age   4:     151952 bytes,    1444936 total
[2023-11-16T05:55:00.366+0000][7][gc,age      ] GC(219) - age   5:     142584 bytes,    1587520 total
[2023-11-16T05:55:00.366+0000][7][gc,age      ] GC(219) - age   6:       3376 bytes,    1590896 total
[2023-11-16T05:55:00.366+0000][7][gc,age      ] GC(219) - age   7:     143928 bytes,    1734824 total
[2023-11-16T05:55:00.366+0000][7][gc,age      ] GC(219) - age   8:     143944 bytes,    1878768 total
[2023-11-16T05:55:00.366+0000][7][gc,age      ] GC(219) - age   9:       1880 bytes,    1880648 total
[2023-11-16T05:55:00.366+0000][7][gc,age      ] GC(219) - age  10:        976 bytes,    1881624 total
[2023-11-16T05:55:00.366+0000][7][gc,age      ] GC(219) - age  11:     142504 bytes,    2024128 total
[2023-11-16T05:55:00.366+0000][7][gc,age      ] GC(219) - age  12:       1608 bytes,    2025736 total
[2023-11-16T05:55:00.366+0000][7][gc,age      ] GC(219) - age  14:         64 bytes,    2025800 total
[2023-11-16T05:55:00.366+0000][7][gc,age      ] GC(219) - age  15:       4712 bytes,    2030512 total
[2023-11-16T05:55:00.366+0000][7][gc,phases   ] GC(219)   Pre Evacuate Collection Set: 0.1ms
[2023-11-16T05:55:00.366+0000][7][gc,phases   ] GC(219)   Merge Heap Roots: 0.0ms
[2023-11-16T05:55:00.366+0000][7][gc,phases   ] GC(219)   Evacuate Collection Set: 1.0ms
[2023-11-16T05:55:00.366+0000][7][gc,phases   ] GC(219)   Post Evacuate Collection Set: 0.5ms
[2023-11-16T05:55:00.366+0000][7][gc,phases   ] GC(219)   Other: 0.2ms
[2023-11-16T05:55:00.366+0000][7][gc,heap     ] GC(219) Eden regions: 68->0(68)
[2023-11-16T05:55:00.366+0000][7][gc,heap     ] GC(219) Survivor regions: 1->1(9)
[2023-11-16T05:55:00.366+0000][7][gc,heap     ] GC(219) Old regions: 30->30
[2023-11-16T05:55:00.366+0000][7][gc,heap     ] GC(219) Archive regions: 2->2
[2023-11-16T05:55:00.366+0000][7][gc,heap     ] GC(219) Humongous regions: 5->5
[2023-11-16T05:55:00.366+0000][7][gc,metaspace] GC(219) Metaspace: 119092K(120896K)->119092K(120896K) NonClass: 103299K(104320K)->103299K(104320K) Class: 15792K(16576K)->15792K(16576K)
[2023-11-16T05:55:00.366+0000][7][gc          ] GC(219) Pause Young (Normal) (G1 Evacuation Pause) 417M->144M(512M) 1.908ms
[2023-11-16T05:55:00.366+0000][7][gc,cpu      ] GC(219) User=0.01s Sys=0.00s Real=0.00s
[2023-11-16T05:55:00.366+0000][7][safepoint   ] Safepoint "G1CollectForAllocation", Time since last: 5087207163 ns, Reaching safepoint: 41575 ns, At safepoint: 2008610 ns, Total: 2050185 ns
[2023-11-16T05:55:08.367+0000][7][safepoint   ] Safepoint "Cleanup", Time since last: 8000760622 ns, Reaching safepoint: 70031 ns, At safepoint: 8181 ns, Total: 78212 ns
[2023-11-16T05:55:08.438+0000][7][gc,start    ] GC(220) Pause Young (Normal) (G1 Evacuation Pause)
[2023-11-16T05:55:08.438+0000][7][gc,task     ] GC(220) Using 8 workers of 8 for evacuation
[2023-11-16T05:55:08.438+0000][7][gc,age      ] GC(220) Desired survivor size 18874368 bytes, new threshold 15 (max threshold 15)
[2023-11-16T05:55:08.441+0000][7][gc,age      ] GC(220) Age table with threshold 15 (max threshold 15)
[2023-11-16T05:55:08.441+0000][7][gc,age      ] GC(220) - age   1:    2402056 bytes,    2402056 total
[2023-11-16T05:55:08.441+0000][7][gc,age      ] GC(220) - age   2:     493632 bytes,    2895688 total
[2023-11-16T05:55:08.441+0000][7][gc,age      ] GC(220) - age   3:     598072 bytes,    3493760 total
[2023-11-16T05:55:08.441+0000][7][gc,age      ] GC(220) - age   4:       4112 bytes,    3497872 total
[2023-11-16T05:55:08.441+0000][7][gc,age      ] GC(220) - age   5:     151440 bytes,    3649312 total
[2023-11-16T05:55:08.441+0000][7][gc,age      ] GC(220) - age   6:     142488 bytes,    3791800 total
[2023-11-16T05:55:08.441+0000][7][gc,age      ] GC(220) - age   7:       3248 bytes,    3795048 total
[2023-11-16T05:55:08.441+0000][7][gc,age      ] GC(220) - age   8:     143800 bytes,    3938848 total
[2023-11-16T05:55:08.441+0000][7][gc,age      ] GC(220) - age   9:     143688 bytes,    4082536 total
[2023-11-16T05:55:08.441+0000][7][gc,age      ] GC(220) - age  10:       1816 bytes,    4084352 total
[2023-11-16T05:55:08.441+0000][7][gc,age      ] GC(220) - age  11:        880 bytes,    4085232 total
[2023-11-16T05:55:08.441+0000][7][gc,age      ] GC(220) - age  12:     142504 bytes,    4227736 total
[2023-11-16T05:55:08.441+0000][7][gc,age      ] GC(220) - age  13:       1544 bytes,    4229280 total
[2023-11-16T05:55:08.441+0000][7][gc,age      ] GC(220) - age  15:         64 bytes,    4229344 total
[2023-11-16T05:55:08.441+0000][7][gc,phases   ] GC(220)   Pre Evacuate Collection Set: 0.1ms
[2023-11-16T05:55:08.441+0000][7][gc,phases   ] GC(220)   Merge Heap Roots: 0.1ms
[2023-11-16T05:55:08.441+0000][7][gc,phases   ] GC(220)   Evacuate Collection Set: 2.4ms
[2023-11-16T05:55:08.441+0000][7][gc,phases   ] GC(220)   Post Evacuate Collection Set: 0.5ms
[2023-11-16T05:55:08.441+0000][7][gc,phases   ] GC(220)   Other: 0.3ms
[2023-11-16T05:55:08.441+0000][7][gc,heap     ] GC(220) Eden regions: 68->0(67)
[2023-11-16T05:55:08.441+0000][7][gc,heap     ] GC(220) Survivor regions: 1->2(9)
[2023-11-16T05:55:08.441+0000][7][gc,heap     ] GC(220) Old regions: 30->30
[2023-11-16T05:55:08.441+0000][7][gc,heap     ] GC(220) Archive regions: 2->2
[2023-11-16T05:55:08.441+0000][7][gc,heap     ] GC(220) Humongous regions: 5->5
[2023-11-16T05:55:08.441+0000][7][gc,metaspace] GC(220) Metaspace: 119093K(120896K)->119093K(120896K) NonClass: 103300K(104320K)->103300K(104320K) Class: 15792K(16576K)->15792K(16576K)
[2023-11-16T05:55:08.441+0000][7][gc          ] GC(220) Pause Young (Normal) (G1 Evacuation Pause) 416M->146M(512M) 3.335ms
[2023-11-16T05:55:08.441+0000][7][gc,cpu      ] GC(220) User=0.02s Sys=0.00s Real=0.01s
[2023-11-16T05:55:08.441+0000][7][safepoint   ] Safepoint "G1CollectForAllocation", Time since last: 70473783 ns, Reaching safepoint: 54470 ns, At safepoint: 3426324 ns, Total: 3480794 ns
[2023-11-16T05:55:11.441+0000][7][safepoint   ] Safepoint "Cleanup", Time since last: 3000373936 ns, Reaching safepoint: 137771 ns, At safepoint: 5344 ns, Total: 143115 ns
[2023-11-16T05:55:15.076+0000][7][gc,start    ] GC(221) Pause Young (Normal) (G1 Evacuation Pause)
[2023-11-16T05:55:15.076+0000][7][gc,task     ] GC(221) Using 8 workers of 8 for evacuation
[2023-11-16T05:55:15.076+0000][7][gc,age      ] GC(221) Desired survivor size 18874368 bytes, new threshold 15 (max threshold 15)
[2023-11-16T05:55:15.079+0000][7][gc,age      ] GC(221) Age table with threshold 15 (max threshold 15)
[2023-11-16T05:55:15.079+0000][7][gc,age      ] GC(221) - age   1:    1583544 bytes,    1583544 total
[2023-11-16T05:55:15.079+0000][7][gc,age      ] GC(221) - age   2:       6816 bytes,    1590360 total
[2023-11-16T05:55:15.079+0000][7][gc,age      ] GC(221) - age   3:     168824 bytes,    1759184 total
[2023-11-16T05:55:15.079+0000][7][gc,age      ] GC(221) - age   4:     286864 bytes,    2046048 total
[2023-11-16T05:55:15.079+0000][7][gc,age      ] GC(221) - age   5:       3096 bytes,    2049144 total
[2023-11-16T05:55:15.079+0000][7][gc,age      ] GC(221) - age   6:       2320 bytes,    2051464 total
[2023-11-16T05:55:15.079+0000][7][gc,age      ] GC(221) - age   7:     142360 bytes,    2193824 total
[2023-11-16T05:55:15.079+0000][7][gc,age      ] GC(221) - age   8:       3008 bytes,    2196832 total
[2023-11-16T05:55:15.079+0000][7][gc,age      ] GC(221) - age   9:         96 bytes,    2196928 total
[2023-11-16T05:55:15.079+0000][7][gc,age      ] GC(221) - age  10:     143592 bytes,    2340520 total
[2023-11-16T05:55:15.079+0000][7][gc,age      ] GC(221) - age  11:       1688 bytes,    2342208 total
[2023-11-16T05:55:15.079+0000][7][gc,age      ] GC(221) - age  12:        848 bytes,    2343056 total
[2023-11-16T05:55:15.079+0000][7][gc,age      ] GC(221) - age  13:     142472 bytes,    2485528 total
[2023-11-16T05:55:15.079+0000][7][gc,age      ] GC(221) - age  14:       1488 bytes,    2487016 total
[2023-11-16T05:55:15.079+0000][7][gc,phases   ] GC(221)   Pre Evacuate Collection Set: 0.1ms
[2023-11-16T05:55:15.079+0000][7][gc,phases   ] GC(221)   Merge Heap Roots: 0.0ms
[2023-11-16T05:55:15.079+0000][7][gc,phases   ] GC(221)   Evacuate Collection Set: 1.6ms
[2023-11-16T05:55:15.079+0000][7][gc,phases   ] GC(221)   Post Evacuate Collection Set: 0.7ms
[2023-11-16T05:55:15.079+0000][7][gc,phases   ] GC(221)   Other: 0.3ms
[2023-11-16T05:55:15.079+0000][7][gc,heap     ] GC(221) Eden regions: 67->0(68)
[2023-11-16T05:55:15.079+0000][7][gc,heap     ] GC(221) Survivor regions: 2->1(9)
[2023-11-16T05:55:15.079+0000][7][gc,heap     ] GC(221) Old regions: 30->30
[2023-11-16T05:55:15.079+0000][7][gc,heap     ] GC(221) Archive regions: 2->2
[2023-11-16T05:55:15.079+0000][7][gc,heap     ] GC(221) Humongous regions: 5->5
[2023-11-16T05:55:15.079+0000][7][gc,metaspace] GC(221) Metaspace: 119094K(120896K)->119094K(120896K) NonClass: 103302K(104320K)->103302K(104320K) Class: 15792K(16576K)->15792K(16576K)
[2023-11-16T05:55:15.079+0000][7][gc          ] GC(221) Pause Young (Normal) (G1 Evacuation Pause) 414M->144M(512M) 2.691ms
[2023-11-16T05:55:15.079+0000][7][gc,cpu      ] GC(221) User=0.01s Sys=0.00s Real=0.01s
[2023-11-16T05:55:15.079+0000][7][safepoint   ] Safepoint "G1CollectForAllocation", Time since last: 3634778693 ns, Reaching safepoint: 54391 ns, At safepoint: 2800176 ns, Total: 2854567 ns
[2023-11-16T05:55:19.080+0000][7][safepoint   ] Safepoint "Cleanup", Time since last: 4000582641 ns, Reaching safepoint: 56580 ns, At safepoint: 9775 ns, Total: 66355 ns
[2023-11-16T05:55:29.081+0000][7][safepoint   ] Safepoint "Cleanup", Time since last: 10000829551 ns, Reaching safepoint: 78953 ns, At safepoint: 7417 ns, Total: 86370 ns
[2023-11-16T05:55:32.780+0000][7][gc,start    ] GC(222) Pause Young (Normal) (G1 Evacuation Pause)
[2023-11-16T05:55:32.780+0000][7][gc,task     ] GC(222) Using 8 workers of 8 for evacuation
[2023-11-16T05:55:32.780+0000][7][gc,age      ] GC(222) Desired survivor size 18874368 bytes, new threshold 15 (max threshold 15)
[2023-11-16T05:55:32.783+0000][7][gc,age      ] GC(222) Age table with threshold 15 (max threshold 15)
[2023-11-16T05:55:32.783+0000][7][gc,age      ] GC(222) - age   1:    1390552 bytes,    1390552 total
[2023-11-16T05:55:32.783+0000][7][gc,age      ] GC(222) - age   2:    1513720 bytes,    2904272 total
[2023-11-16T05:55:32.783+0000][7][gc,age      ] GC(222) - age   3:       5488 bytes,    2909760 total
[2023-11-16T05:55:32.783+0000][7][gc,age      ] GC(222) - age   4:     160520 bytes,    3070280 total
[2023-11-16T05:55:32.783+0000][7][gc,age      ] GC(222) - age   5:     280024 bytes,    3350304 total
[2023-11-16T05:55:32.783+0000][7][gc,age      ] GC(222) - age   6:       2912 bytes,    3353216 total
[2023-11-16T05:55:32.783+0000][7][gc,age      ] GC(222) - age   7:       1720 bytes,    3354936 total
[2023-11-16T05:55:32.783+0000][7][gc,age      ] GC(222) - age   8:     142208 bytes,    3497144 total
[2023-11-16T05:55:32.783+0000][7][gc,age      ] GC(222) - age   9:       3008 bytes,    3500152 total
[2023-11-16T05:55:32.783+0000][7][gc,age      ] GC(222) - age  10:         32 bytes,    3500184 total
[2023-11-16T05:55:32.783+0000][7][gc,age      ] GC(222) - age  11:     143216 bytes,    3643400 total
[2023-11-16T05:55:32.783+0000][7][gc,age      ] GC(222) - age  12:       1528 bytes,    3644928 total
[2023-11-16T05:55:32.783+0000][7][gc,age      ] GC(222) - age  13:        848 bytes,    3645776 total
[2023-11-16T05:55:32.783+0000][7][gc,age      ] GC(222) - age  14:     142472 bytes,    3788248 total
[2023-11-16T05:55:32.783+0000][7][gc,age      ] GC(222) - age  15:       1488 bytes,    3789736 total
[2023-11-16T05:55:32.783+0000][7][gc,phases   ] GC(222)   Pre Evacuate Collection Set: 0.1ms
[2023-11-16T05:55:32.783+0000][7][gc,phases   ] GC(222)   Merge Heap Roots: 0.1ms
[2023-11-16T05:55:32.783+0000][7][gc,phases   ] GC(222)   Evacuate Collection Set: 1.7ms
[2023-11-16T05:55:32.783+0000][7][gc,phases   ] GC(222)   Post Evacuate Collection Set: 0.7ms
[2023-11-16T05:55:32.783+0000][7][gc,phases   ] GC(222)   Other: 0.6ms
[2023-11-16T05:55:32.783+0000][7][gc,heap     ] GC(222) Eden regions: 68->0(68)
[2023-11-16T05:55:32.783+0000][7][gc,heap     ] GC(222) Survivor regions: 1->1(9)
[2023-11-16T05:55:32.783+0000][7][gc,heap     ] GC(222) Old regions: 30->30
[2023-11-16T05:55:32.783+0000][7][gc,heap     ] GC(222) Archive regions: 2->2
[2023-11-16T05:55:32.783+0000][7][gc,heap     ] GC(222) Humongous regions: 5->5
[2023-11-16T05:55:32.783+0000][7][gc,metaspace] GC(222) Metaspace: 119099K(120896K)->119099K(120896K) NonClass: 103306K(104320K)->103306K(104320K) Class: 15792K(16576K)->15792K(16576K)
[2023-11-16T05:55:32.783+0000][7][gc          ] GC(222) Pause Young (Normal) (G1 Evacuation Pause) 416M->146M(512M) 3.136ms
[2023-11-16T05:55:32.783+0000][7][gc,cpu      ] GC(222) User=0.01s Sys=0.00s Real=0.00s
[2023-11-16T05:55:32.783+0000][7][safepoint   ] Safepoint "G1CollectForAllocation", Time since last: 3699431412 ns, Reaching safepoint: 60001 ns, At safepoint: 3240263 ns, Total: 3300264 ns
[2023-11-16T05:55:47.785+0000][7][safepoint   ] Safepoint "Cleanup", Time since last: 15001625749 ns, Reaching safepoint: 164398 ns, At safepoint: 11155 ns, Total: 175553 ns
[2023-11-16T05:55:49.162+0000][7][gc,start    ] GC(223) Pause Young (Normal) (G1 Evacuation Pause)
[2023-11-16T05:55:49.162+0000][7][gc,task     ] GC(223) Using 8 workers of 8 for evacuation
[2023-11-16T05:55:49.162+0000][7][gc,age      ] GC(223) Desired survivor size 18874368 bytes, new threshold 15 (max threshold 15)
[2023-11-16T05:55:49.169+0000][7][gc,age      ] GC(223) Age table with threshold 15 (max threshold 15)
[2023-11-16T05:55:49.169+0000][7][gc,age      ] GC(223) - age   1:    1119136 bytes,    1119136 total
[2023-11-16T05:55:49.169+0000][7][gc,age      ] GC(223) - age   2:     451176 bytes,    1570312 total
[2023-11-16T05:55:49.169+0000][7][gc,age      ] GC(223) - age   3:    1510584 bytes,    3080896 total
[2023-11-16T05:55:49.169+0000][7][gc,age      ] GC(223) - age   4:       5128 bytes,    3086024 total
[2023-11-16T05:55:49.169+0000][7][gc,age      ] GC(223) - age   5:     144640 bytes,    3230664 total
[2023-11-16T05:55:49.169+0000][7][gc,age      ] GC(223) - age   6:     149600 bytes,    3380264 total
[2023-11-16T05:55:49.169+0000][7][gc,age      ] GC(223) - age   7:       1176 bytes,    3381440 total
[2023-11-16T05:55:49.169+0000][7][gc,age      ] GC(223) - age   8:       1400 bytes,    3382840 total
[2023-11-16T05:55:49.169+0000][7][gc,age      ] GC(223) - age   9:     142208 bytes,    3525048 total
[2023-11-16T05:55:49.169+0000][7][gc,age      ] GC(223) - age  10:       3008 bytes,    3528056 total
[2023-11-16T05:55:49.169+0000][7][gc,age      ] GC(223) - age  11:         32 bytes,    3528088 total
[2023-11-16T05:55:49.169+0000][7][gc,age      ] GC(223) - age  12:     143152 bytes,    3671240 total
[2023-11-16T05:55:49.169+0000][7][gc,age      ] GC(223) - age  13:       1408 bytes,    3672648 total
[2023-11-16T05:55:49.169+0000][7][gc,age      ] GC(223) - age  14:        824 bytes,    3673472 total
[2023-11-16T05:55:49.169+0000][7][gc,age      ] GC(223) - age  15:     142472 bytes,    3815944 total
[2023-11-16T05:55:49.169+0000][7][gc,phases   ] GC(223)   Pre Evacuate Collection Set: 0.1ms
[2023-11-16T05:55:49.169+0000][7][gc,phases   ] GC(223)   Merge Heap Roots: 0.0ms
[2023-11-16T05:55:49.169+0000][7][gc,phases   ] GC(223)   Evacuate Collection Set: 6.1ms
[2023-11-16T05:55:49.169+0000][7][gc,phases   ] GC(223)   Post Evacuate Collection Set: 0.5ms
[2023-11-16T05:55:49.169+0000][7][gc,phases   ] GC(223)   Other: 0.3ms
[2023-11-16T05:55:49.169+0000][7][gc,heap     ] GC(223) Eden regions: 68->0(68)
[2023-11-16T05:55:49.169+0000][7][gc,heap     ] GC(223) Survivor regions: 1->1(9)
[2023-11-16T05:55:49.169+0000][7][gc,heap     ] GC(223) Old regions: 30->30
[2023-11-16T05:55:49.169+0000][7][gc,heap     ] GC(223) Archive regions: 2->2
[2023-11-16T05:55:49.169+0000][7][gc,heap     ] GC(223) Humongous regions: 5->5
[2023-11-16T05:55:49.169+0000][7][gc,metaspace] GC(223) Metaspace: 119100K(120896K)->119100K(120896K) NonClass: 103307K(104320K)->103307K(104320K) Class: 15792K(16576K)->15792K(16576K)
[2023-11-16T05:55:49.169+0000][7][gc          ] GC(223) Pause Young (Normal) (G1 Evacuation Pause) 418M->146M(512M) 6.964ms
[2023-11-16T05:55:49.169+0000][7][gc,cpu      ] GC(223) User=0.02s Sys=0.00s Real=0.01s
[2023-11-16T05:55:49.169+0000][7][safepoint   ] Safepoint "G1CollectForAllocation", Time since last: 1377100334 ns, Reaching safepoint: 50975 ns, At safepoint: 7048196 ns, Total: 7099171 ns
[2023-11-16T05:55:53.170+0000][7][safepoint   ] Safepoint "Cleanup", Time since last: 4000396245 ns, Reaching safepoint: 53006 ns, At safepoint: 5145 ns, Total: 58151 ns
[2023-11-16T05:56:05.734+0000][7][gc,start    ] GC(224) Pause Young (Normal) (G1 Evacuation Pause)
[2023-11-16T05:56:05.734+0000][7][gc,task     ] GC(224) Using 8 workers of 8 for evacuation
[2023-11-16T05:56:05.734+0000][7][gc,age      ] GC(224) Desired survivor size 18874368 bytes, new threshold 15 (max threshold 15)
[2023-11-16T05:56:05.739+0000][7][gc,age      ] GC(224) Age table with threshold 15 (max threshold 15)
[2023-11-16T05:56:05.739+0000][7][gc,age      ] GC(224) - age   1:    1601888 bytes,    1601888 total
[2023-11-16T05:56:05.739+0000][7][gc,age      ] GC(224) - age   2:     754024 bytes,    2355912 total
[2023-11-16T05:56:05.739+0000][7][gc,age      ] GC(224) - age   3:     387000 bytes,    2742912 total
[2023-11-16T05:56:05.739+0000][7][gc,age      ] GC(224) - age   4:    1510552 bytes,    4253464 total
[2023-11-16T05:56:05.739+0000][7][gc,age      ] GC(224) - age   5:       4936 bytes,    4258400 total
[2023-11-16T05:56:05.739+0000][7][gc,age      ] GC(224) - age   6:     144544 bytes,    4402944 total
[2023-11-16T05:56:05.739+0000][7][gc,age      ] GC(224) - age   7:     149112 bytes,    4552056 total
[2023-11-16T05:56:05.739+0000][7][gc,age      ] GC(224) - age   8:        952 bytes,    4553008 total
[2023-11-16T05:56:05.739+0000][7][gc,age      ] GC(224) - age   9:        472 bytes,    4553480 total
[2023-11-16T05:56:05.739+0000][7][gc,age      ] GC(224) - age  10:     141968 bytes,    4695448 total
[2023-11-16T05:56:05.739+0000][7][gc,age      ] GC(224) - age  11:       3008 bytes,    4698456 total
[2023-11-16T05:56:05.739+0000][7][gc,age      ] GC(224) - age  12:         32 bytes,    4698488 total
[2023-11-16T05:56:05.739+0000][7][gc,age      ] GC(224) - age  13:     143024 bytes,    4841512 total
[2023-11-16T05:56:05.739+0000][7][gc,age      ] GC(224) - age  14:       1360 bytes,    4842872 total
[2023-11-16T05:56:05.739+0000][7][gc,age      ] GC(224) - age  15:        824 bytes,    4843696 total
[2023-11-16T05:56:05.739+0000][7][gc,phases   ] GC(224)   Pre Evacuate Collection Set: 0.1ms
[2023-11-16T05:56:05.739+0000][7][gc,phases   ] GC(224)   Merge Heap Roots: 0.0ms
[2023-11-16T05:56:05.739+0000][7][gc,phases   ] GC(224)   Evacuate Collection Set: 4.1ms
[2023-11-16T05:56:05.739+0000][7][gc,phases   ] GC(224)   Post Evacuate Collection Set: 0.6ms
[2023-11-16T05:56:05.739+0000][7][gc,phases   ] GC(224)   Other: 0.3ms
[2023-11-16T05:56:05.739+0000][7][gc,heap     ] GC(224) Eden regions: 68->0(67)
[2023-11-16T05:56:05.739+0000][7][gc,heap     ] GC(224) Survivor regions: 1->2(9)
[2023-11-16T05:56:05.739+0000][7][gc,heap     ] GC(224) Old regions: 30->30
[2023-11-16T05:56:05.739+0000][7][gc,heap     ] GC(224) Archive regions: 2->2
[2023-11-16T05:56:05.739+0000][7][gc,heap     ] GC(224) Humongous regions: 5->5
[2023-11-16T05:56:05.739+0000][7][gc,metaspace] GC(224) Metaspace: 119105K(120896K)->119105K(120896K) NonClass: 103312K(104320K)->103312K(104320K) Class: 15792K(16576K)->15792K(16576K)
[2023-11-16T05:56:05.739+0000][7][gc          ] GC(224) Pause Young (Normal) (G1 Evacuation Pause) 418M->147M(512M) 5.101ms
[2023-11-16T05:56:05.739+0000][7][gc,cpu      ] GC(224) User=0.02s Sys=0.00s Real=0.01s
[2023-11-16T05:56:05.739+0000][7][safepoint   ] Safepoint "G1CollectForAllocation", Time since last: 12564423606 ns, Reaching safepoint: 80020 ns, At safepoint: 5162996 ns, Total: 5243016 ns
[2023-11-16T05:56:11.741+0000][7][safepoint   ] Safepoint "Cleanup", Time since last: 6001028777 ns, Reaching safepoint: 29368 ns, At safepoint: 5544 ns, Total: 34912 ns
[2023-11-16T05:56:22.929+0000][7][gc,start    ] GC(225) Pause Young (Normal) (G1 Evacuation Pause)
[2023-11-16T05:56:22.929+0000][7][gc,task     ] GC(225) Using 8 workers of 8 for evacuation
[2023-11-16T05:56:22.929+0000][7][gc,age      ] GC(225) Desired survivor size 18874368 bytes, new threshold 15 (max threshold 15)
[2023-11-16T05:56:22.932+0000][7][gc,age      ] GC(225) Age table with threshold 15 (max threshold 15)
[2023-11-16T05:56:22.932+0000][7][gc,age      ] GC(225) - age   1:    1448072 bytes,    1448072 total
[2023-11-16T05:56:22.932+0000][7][gc,age      ] GC(225) - age   2:     588768 bytes,    2036840 total
[2023-11-16T05:56:22.932+0000][7][gc,age      ] GC(225) - age   3:     287528 bytes,    2324368 total
[2023-11-16T05:56:22.932+0000][7][gc,age      ] GC(225) - age   4:     386712 bytes,    2711080 total
[2023-11-16T05:56:22.932+0000][7][gc,age      ] GC(225) - age   5:    1496168 bytes,    4207248 total
[2023-11-16T05:56:22.932+0000][7][gc,age      ] GC(225) - age   6:       4872 bytes,    4212120 total
[2023-11-16T05:56:22.932+0000][7][gc,age      ] GC(225) - age   7:     144544 bytes,    4356664 total
[2023-11-16T05:56:22.932+0000][7][gc,age      ] GC(225) - age   8:     148888 bytes,    4505552 total
[2023-11-16T05:56:22.932+0000][7][gc,age      ] GC(225) - age   9:        952 bytes,    4506504 total
[2023-11-16T05:56:22.932+0000][7][gc,age      ] GC(225) - age  10:        408 bytes,    4506912 total
[2023-11-16T05:56:22.932+0000][7][gc,age      ] GC(225) - age  11:     141968 bytes,    4648880 total
[2023-11-16T05:56:22.932+0000][7][gc,age      ] GC(225) - age  12:       3008 bytes,    4651888 total
[2023-11-16T05:56:22.932+0000][7][gc,age      ] GC(225) - age  13:         32 bytes,    4651920 total
[2023-11-16T05:56:22.932+0000][7][gc,age      ] GC(225) - age  14:     142960 bytes,    4794880 total
[2023-11-16T05:56:22.932+0000][7][gc,age      ] GC(225) - age  15:       1360 bytes,    4796240 total
[2023-11-16T05:56:22.932+0000][7][gc,phases   ] GC(225)   Pre Evacuate Collection Set: 0.1ms
[2023-11-16T05:56:22.932+0000][7][gc,phases   ] GC(225)   Merge Heap Roots: 0.1ms
[2023-11-16T05:56:22.932+0000][7][gc,phases   ] GC(225)   Evacuate Collection Set: 2.0ms
[2023-11-16T05:56:22.932+0000][7][gc,phases   ] GC(225)   Post Evacuate Collection Set: 0.5ms
[2023-11-16T05:56:22.932+0000][7][gc,phases   ] GC(225)   Other: 0.3ms
[2023-11-16T05:56:22.932+0000][7][gc,heap     ] GC(225) Eden regions: 67->0(67)
[2023-11-16T05:56:22.932+0000][7][gc,heap     ] GC(225) Survivor regions: 2->2(9)
[2023-11-16T05:56:22.932+0000][7][gc,heap     ] GC(225) Old regions: 30->30
[2023-11-16T05:56:22.932+0000][7][gc,heap     ] GC(225) Archive regions: 2->2
[2023-11-16T05:56:22.932+0000][7][gc,heap     ] GC(225) Humongous regions: 5->5
[2023-11-16T05:56:22.932+0000][7][gc,metaspace] GC(225) Metaspace: 119105K(120896K)->119105K(120896K) NonClass: 103312K(104320K)->103312K(104320K) Class: 15792K(16576K)->15792K(16576K)
[2023-11-16T05:56:22.932+0000][7][gc          ] GC(225) Pause Young (Normal) (G1 Evacuation Pause) 415M->147M(512M) 3.033ms
[2023-11-16T05:56:22.932+0000][7][gc,cpu      ] GC(225) User=0.01s Sys=0.00s Real=0.00s
[2023-11-16T05:56:22.932+0000][7][safepoint   ] Safepoint "G1CollectForAllocation", Time since last: 11188575285 ns, Reaching safepoint: 29639 ns, At safepoint: 3145958 ns, Total: 3175597 ns
[2023-11-16T05:56:24.933+0000][7][safepoint   ] Safepoint "Cleanup", Time since last: 2000583163 ns, Reaching safepoint: 157675 ns, At safepoint: 11059 ns, Total: 168734 ns
[2023-11-16T05:56:31.935+0000][7][safepoint   ] Safepoint "Cleanup", Time since last: 7001620116 ns, Reaching safepoint: 97905 ns, At safepoint: 6385 ns, Total: 104290 ns
[2023-11-16T05:56:38.936+0000][7][safepoint   ] Safepoint "Cleanup", Time since last: 7001181655 ns, Reaching safepoint: 77043 ns, At safepoint: 5362 ns, Total: 82405 ns
[2023-11-16T05:56:40.038+0000][7][gc,start    ] GC(226) Pause Young (Normal) (G1 Evacuation Pause)
[2023-11-16T05:56:40.038+0000][7][gc,task     ] GC(226) Using 8 workers of 8 for evacuation
[2023-11-16T05:56:40.039+0000][7][gc,age      ] GC(226) Desired survivor size 18874368 bytes, new threshold 15 (max threshold 15)
[2023-11-16T05:56:40.042+0000][7][gc,age      ] GC(226) Age table with threshold 15 (max threshold 15)
[2023-11-16T05:56:40.042+0000][7][gc,age      ] GC(226) - age   1:    1021296 bytes,    1021296 total
[2023-11-16T05:56:40.042+0000][7][gc,age      ] GC(226) - age   2:     415448 bytes,    1436744 total
[2023-11-16T05:56:40.042+0000][7][gc,age      ] GC(226) - age   3:     481488 bytes,    1918232 total
[2023-11-16T05:56:40.042+0000][7][gc,age      ] GC(226) - age   4:     286208 bytes,    2204440 total
[2023-11-16T05:56:40.042+0000][7][gc,age      ] GC(226) - age   5:     336136 bytes,    2540576 total
[2023-11-16T05:56:40.042+0000][7][gc,age      ] GC(226) - age   6:    1392968 bytes,    3933544 total
[2023-11-16T05:56:40.042+0000][7][gc,age      ] GC(226) - age   7:       4840 bytes,    3938384 total
[2023-11-16T05:56:40.042+0000][7][gc,age      ] GC(226) - age   8:     144544 bytes,    4082928 total
[2023-11-16T05:56:40.042+0000][7][gc,age      ] GC(226) - age   9:     148800 bytes,    4231728 total
[2023-11-16T05:56:40.042+0000][7][gc,age      ] GC(226) - age  10:        824 bytes,    4232552 total
[2023-11-16T05:56:40.042+0000][7][gc,age      ] GC(226) - age  11:         64 bytes,    4232616 total
[2023-11-16T05:56:40.042+0000][7][gc,age      ] GC(226) - age  12:     141968 bytes,    4374584 total
[2023-11-16T05:56:40.042+0000][7][gc,age      ] GC(226) - age  13:       3008 bytes,    4377592 total
[2023-11-16T05:56:40.042+0000][7][gc,age      ] GC(226) - age  14:         32 bytes,    4377624 total
[2023-11-16T05:56:40.042+0000][7][gc,age      ] GC(226) - age  15:     142648 bytes,    4520272 total
[2023-11-16T05:56:40.042+0000][7][gc,phases   ] GC(226)   Pre Evacuate Collection Set: 0.1ms
[2023-11-16T05:56:40.042+0000][7][gc,phases   ] GC(226)   Merge Heap Roots: 0.0ms
[2023-11-16T05:56:40.042+0000][7][gc,phases   ] GC(226)   Evacuate Collection Set: 2.1ms
[2023-11-16T05:56:40.042+0000][7][gc,phases   ] GC(226)   Post Evacuate Collection Set: 0.7ms
[2023-11-16T05:56:40.042+0000][7][gc,phases   ] GC(226)   Other: 0.3ms
[2023-11-16T05:56:40.042+0000][7][gc,heap     ] GC(226) Eden regions: 67->0(67)
[2023-11-16T05:56:40.042+0000][7][gc,heap     ] GC(226) Survivor regions: 2->2(9)
[2023-11-16T05:56:40.042+0000][7][gc,heap     ] GC(226) Old regions: 30->30
[2023-11-16T05:56:40.042+0000][7][gc,heap     ] GC(226) Archive regions: 2->2
[2023-11-16T05:56:40.042+0000][7][gc,heap     ] GC(226) Humongous regions: 5->5
[2023-11-16T05:56:40.042+0000][7][gc,metaspace] GC(226) Metaspace: 119107K(120896K)->119107K(120896K) NonClass: 103314K(104320K)->103314K(104320K) Class: 15792K(16576K)->15792K(16576K)
[2023-11-16T05:56:40.042+0000][7][gc          ] GC(226) Pause Young (Normal) (G1 Evacuation Pause) 415M->146M(512M) 3.282ms
[2023-11-16T05:56:40.042+0000][7][gc,cpu      ] GC(226) User=0.02s Sys=0.01s Real=0.01s
[2023-11-16T05:56:40.042+0000][7][safepoint   ] Safepoint "G1CollectForAllocation", Time since last: 1102321430 ns, Reaching safepoint: 23244 ns, At safepoint: 3383628 ns, Total: 3406872 ns
[2023-11-16T05:56:48.644+0000][7][gc,start    ] GC(227) Pause Young (Normal) (G1 Evacuation Pause)
[2023-11-16T05:56:48.644+0000][7][gc,task     ] GC(227) Using 8 workers of 8 for evacuation
[2023-11-16T05:56:48.645+0000][7][gc,age      ] GC(227) Desired survivor size 18874368 bytes, new threshold 15 (max threshold 15)
[2023-11-16T05:56:48.653+0000][7][gc,age      ] GC(227) Age table with threshold 15 (max threshold 15)
[2023-11-16T05:56:48.653+0000][7][gc,age      ] GC(227) - age   1:    2358000 bytes,    2358000 total
[2023-11-16T05:56:48.653+0000][7][gc,age      ] GC(227) - age   2:     229816 bytes,    2587816 total
[2023-11-16T05:56:48.653+0000][7][gc,age      ] GC(227) - age   3:     109648 bytes,    2697464 total
[2023-11-16T05:56:48.653+0000][7][gc,age      ] GC(227) - age   4:      50984 bytes,    2748448 total
[2023-11-16T05:56:48.653+0000][7][gc,age      ] GC(227) - age   5:        888 bytes,    2749336 total
[2023-11-16T05:56:48.653+0000][7][gc,age      ] GC(227) - age   6:        728 bytes,    2750064 total
[2023-11-16T05:56:48.653+0000][7][gc,age      ] GC(227) - age   7:     637456 bytes,    3387520 total
[2023-11-16T05:56:48.653+0000][7][gc,age      ] GC(227) - age   8:       3376 bytes,    3390896 total
[2023-11-16T05:56:48.653+0000][7][gc,age      ] GC(227) - age   9:     144200 bytes,    3535096 total
[2023-11-16T05:56:48.653+0000][7][gc,age      ] GC(227) - age  10:     148736 bytes,    3683832 total
[2023-11-16T05:56:48.653+0000][7][gc,age      ] GC(227) - age  11:        824 bytes,    3684656 total
[2023-11-16T05:56:48.653+0000][7][gc,age      ] GC(227) - age  12:         64 bytes,    3684720 total
[2023-11-16T05:56:48.653+0000][7][gc,age      ] GC(227) - age  13:     141968 bytes,    3826688 total
[2023-11-16T05:56:48.653+0000][7][gc,age      ] GC(227) - age  14:       3008 bytes,    3829696 total
[2023-11-16T05:56:48.653+0000][7][gc,age      ] GC(227) - age  15:         32 bytes,    3829728 total
[2023-11-16T05:56:48.653+0000][7][gc,phases   ] GC(227)   Pre Evacuate Collection Set: 0.1ms
[2023-11-16T05:56:48.653+0000][7][gc,phases   ] GC(227)   Merge Heap Roots: 0.0ms
[2023-11-16T05:56:48.653+0000][7][gc,phases   ] GC(227)   Evacuate Collection Set: 7.4ms
[2023-11-16T05:56:48.653+0000][7][gc,phases   ] GC(227)   Post Evacuate Collection Set: 0.6ms
[2023-11-16T05:56:48.653+0000][7][gc,phases   ] GC(227)   Other: 0.2ms
[2023-11-16T05:56:48.653+0000][7][gc,heap     ] GC(227) Eden regions: 67->0(68)
[2023-11-16T05:56:48.653+0000][7][gc,heap     ] GC(227) Survivor regions: 2->1(9)
[2023-11-16T05:56:48.653+0000][7][gc,heap     ] GC(227) Old regions: 30->30
[2023-11-16T05:56:48.653+0000][7][gc,heap     ] GC(227) Archive regions: 2->2
[2023-11-16T05:56:48.653+0000][7][gc,heap     ] GC(227) Humongous regions: 5->5
[2023-11-16T05:56:48.653+0000][7][gc,metaspace] GC(227) Metaspace: 119115K(120896K)->119115K(120896K) NonClass: 103322K(104320K)->103322K(104320K) Class: 15792K(16576K)->15792K(16576K)
[2023-11-16T05:56:48.653+0000][7][gc          ] GC(227) Pause Young (Normal) (G1 Evacuation Pause) 414M->146M(512M) 8.405ms
[2023-11-16T05:56:48.653+0000][7][gc,cpu      ] GC(227) User=0.02s Sys=0.01s Real=0.01s
[2023-11-16T05:56:48.653+0000][7][safepoint   ] Safepoint "G1CollectForAllocation", Time since last: 8602517022 ns, Reaching safepoint: 99165 ns, At safepoint: 8477548 ns, Total: 8576713 ns
[2023-11-16T05:56:49.653+0000][7][safepoint   ] Safepoint "Cleanup", Time since last: 1000076281 ns, Reaching safepoint: 95402 ns, At safepoint: 10147 ns, Total: 105549 ns
[2023-11-16T05:56:50.653+0000][7][safepoint   ] Safepoint "Cleanup", Time since last: 1000120978 ns, Reaching safepoint: 80544 ns, At safepoint: 5784 ns, Total: 86328 ns
[2023-11-16T05:56:53.612+0000][7][gc,start    ] GC(228) Pause Young (Normal) (G1 Evacuation Pause)
[2023-11-16T05:56:53.612+0000][7][gc,task     ] GC(228) Using 8 workers of 8 for evacuation
[2023-11-16T05:56:53.613+0000][7][gc,age      ] GC(228) Desired survivor size 18874368 bytes, new threshold 15 (max threshold 15)
[2023-11-16T05:56:53.615+0000][7][gc,age      ] GC(228) Age table with threshold 15 (max threshold 15)
[2023-11-16T05:56:53.615+0000][7][gc,age      ] GC(228) - age   1:    1947464 bytes,    1947464 total
[2023-11-16T05:56:53.615+0000][7][gc,age      ] GC(228) - age   2:     411280 bytes,    2358744 total
[2023-11-16T05:56:53.615+0000][7][gc,age      ] GC(228) - age   3:     228256 bytes,    2587000 total
[2023-11-16T05:56:53.615+0000][7][gc,age      ] GC(228) - age   4:      94208 bytes,    2681208 total
[2023-11-16T05:56:53.615+0000][7][gc,age      ] GC(228) - age   5:      50216 bytes,    2731424 total
[2023-11-16T05:56:53.615+0000][7][gc,age      ] GC(228) - age   6:        512 bytes,    2731936 total
[2023-11-16T05:56:53.615+0000][7][gc,age      ] GC(228) - age   7:        664 bytes,    2732600 total
[2023-11-16T05:56:53.615+0000][7][gc,age      ] GC(228) - age   8:     145984 bytes,    2878584 total
[2023-11-16T05:56:53.615+0000][7][gc,age      ] GC(228) - age   9:       3040 bytes,    2881624 total
[2023-11-16T05:56:53.615+0000][7][gc,age      ] GC(228) - age  10:     144200 bytes,    3025824 total
[2023-11-16T05:56:53.615+0000][7][gc,age      ] GC(228) - age  11:     148288 bytes,    3174112 total
[2023-11-16T05:56:53.615+0000][7][gc,age      ] GC(228) - age  12:        696 bytes,    3174808 total
[2023-11-16T05:56:53.615+0000][7][gc,age      ] GC(228) - age  13:         64 bytes,    3174872 total
[2023-11-16T05:56:53.615+0000][7][gc,age      ] GC(228) - age  14:     141968 bytes,    3316840 total
[2023-11-16T05:56:53.615+0000][7][gc,age      ] GC(228) - age  15:       3008 bytes,    3319848 total
[2023-11-16T05:56:53.615+0000][7][gc,phases   ] GC(228)   Pre Evacuate Collection Set: 0.1ms
[2023-11-16T05:56:53.615+0000][7][gc,phases   ] GC(228)   Merge Heap Roots: 0.0ms
[2023-11-16T05:56:53.615+0000][7][gc,phases   ] GC(228)   Evacuate Collection Set: 1.7ms
[2023-11-16T05:56:53.615+0000][7][gc,phases   ] GC(228)   Post Evacuate Collection Set: 0.6ms
[2023-11-16T05:56:53.615+0000][7][gc,phases   ] GC(228)   Other: 0.3ms
[2023-11-16T05:56:53.615+0000][7][gc,heap     ] GC(228) Eden regions: 68->0(68)
[2023-11-16T05:56:53.615+0000][7][gc,heap     ] GC(228) Survivor regions: 1->1(9)
[2023-11-16T05:56:53.615+0000][7][gc,heap     ] GC(228) Old regions: 30->30
[2023-11-16T05:56:53.615+0000][7][gc,heap     ] GC(228) Archive regions: 2->2
[2023-11-16T05:56:53.615+0000][7][gc,heap     ] GC(228) Humongous regions: 5->5
[2023-11-16T05:56:53.615+0000][7][gc,metaspace] GC(228) Metaspace: 119115K(120896K)->119115K(120896K) NonClass: 103322K(104320K)->103322K(104320K) Class: 15792K(16576K)->15792K(16576K)
[2023-11-16T05:56:53.615+0000][7][gc          ] GC(228) Pause Young (Normal) (G1 Evacuation Pause) 418M->145M(512M) 2.739ms
[2023-11-16T05:56:53.615+0000][7][gc,cpu      ] GC(228) User=0.02s Sys=0.00s Real=0.00s
[2023-11-16T05:56:53.615+0000][7][safepoint   ] Safepoint "G1CollectForAllocation", Time since last: 2959071758 ns, Reaching safepoint: 68679 ns, At safepoint: 2817010 ns, Total: 2885689 ns
[2023-11-16T05:56:54.615+0000][7][safepoint   ] Safepoint "Cleanup", Time since last: 1000069674 ns, Reaching safepoint: 74932 ns, At safepoint: 9108 ns, Total: 84040 ns
[2023-11-16T05:56:55.616+0000][7][safepoint   ] Safepoint "Cleanup", Time since last: 1000088259 ns, Reaching safepoint: 54908 ns, At safepoint: 7631 ns, Total: 62539 ns
[2023-11-16T05:56:59.454+0000][7][gc,start    ] GC(229) Pause Young (Normal) (G1 Evacuation Pause)
[2023-11-16T05:56:59.454+0000][7][gc,task     ] GC(229) Using 8 workers of 8 for evacuation
[2023-11-16T05:56:59.454+0000][7][gc,age      ] GC(229) Desired survivor size 18874368 bytes, new threshold 15 (max threshold 15)
[2023-11-16T05:56:59.456+0000][7][gc,age      ] GC(229) Age table with threshold 15 (max threshold 15)
[2023-11-16T05:56:59.456+0000][7][gc,age      ] GC(229) - age   1:    1495184 bytes,    1495184 total
[2023-11-16T05:56:59.456+0000][7][gc,age      ] GC(229) - age   2:     195432 bytes,    1690616 total
[2023-11-16T05:56:59.456+0000][7][gc,age      ] GC(229) - age   3:      14656 bytes,    1705272 total
[2023-11-16T05:56:59.456+0000][7][gc,age      ] GC(229) - age   4:     121488 bytes,    1826760 total
[2023-11-16T05:56:59.456+0000][7][gc,age      ] GC(229) - age   5:        712 bytes,    1827472 total
[2023-11-16T05:56:59.456+0000][7][gc,age      ] GC(229) - age   6:       1984 bytes,    1829456 total
[2023-11-16T05:56:59.456+0000][7][gc,age      ] GC(229) - age   7:        384 bytes,    1829840 total
[2023-11-16T05:56:59.456+0000][7][gc,age      ] GC(229) - age   8:        664 bytes,    1830504 total
[2023-11-16T05:56:59.456+0000][7][gc,age      ] GC(229) - age   9:     145304 bytes,    1975808 total
[2023-11-16T05:56:59.456+0000][7][gc,age      ] GC(229) - age  10:       2912 bytes,    1978720 total
[2023-11-16T05:56:59.456+0000][7][gc,age      ] GC(229) - age  11:     143888 bytes,    2122608 total
[2023-11-16T05:56:59.456+0000][7][gc,age      ] GC(229) - age  12:     148288 bytes,    2270896 total
[2023-11-16T05:56:59.456+0000][7][gc,age      ] GC(229) - age  13:        328 bytes,    2271224 total
[2023-11-16T05:56:59.456+0000][7][gc,phases   ] GC(229)   Pre Evacuate Collection Set: 0.1ms
[2023-11-16T05:56:59.456+0000][7][gc,phases   ] GC(229)   Merge Heap Roots: 0.0ms
[2023-11-16T05:56:59.456+0000][7][gc,phases   ] GC(229)   Evacuate Collection Set: 1.2ms
[2023-11-16T05:56:59.456+0000][7][gc,phases   ] GC(229)   Post Evacuate Collection Set: 0.6ms
[2023-11-16T05:56:59.456+0000][7][gc,phases   ] GC(229)   Other: 0.3ms
[2023-11-16T05:56:59.456+0000][7][gc,heap     ] GC(229) Eden regions: 68->0(68)
[2023-11-16T05:56:59.456+0000][7][gc,heap     ] GC(229) Survivor regions: 1->1(9)
[2023-11-16T05:56:59.456+0000][7][gc,heap     ] GC(229) Old regions: 30->30
[2023-11-16T05:56:59.456+0000][7][gc,heap     ] GC(229) Archive regions: 2->2
[2023-11-16T05:56:59.456+0000][7][gc,heap     ] GC(229) Humongous regions: 5->5
[2023-11-16T05:56:59.456+0000][7][gc,metaspace] GC(229) Metaspace: 119117K(120896K)->119117K(120896K) NonClass: 103324K(104320K)->103324K(104320K) Class: 15792K(16576K)->15792K(16576K)
[2023-11-16T05:56:59.456+0000][7][gc          ] GC(229) Pause Young (Normal) (G1 Evacuation Pause) 417M->144M(512M) 2.264ms
[2023-11-16T05:56:59.456+0000][7][gc,cpu      ] GC(229) User=0.01s Sys=0.00s Real=0.00s
[2023-11-16T05:56:59.456+0000][7][safepoint   ] Safepoint "G1CollectForAllocation", Time since last: 3838469851 ns, Reaching safepoint: 32792 ns, At safepoint: 2351751 ns, Total: 2384543 ns
[2023-11-16T05:57:01.637+0000][7][safepoint   ] Safepoint "Cleanup", Time since last: 2181007918 ns, Reaching safepoint: 44001 ns, At safepoint: 7363 ns, Total: 51364 ns
[2023-11-16T05:57:06.758+0000][7][gc,start    ] GC(230) Pause Young (Normal) (G1 Evacuation Pause)
[2023-11-16T05:57:06.758+0000][7][gc,task     ] GC(230) Using 8 workers of 8 for evacuation
[2023-11-16T05:57:06.758+0000][7][gc,age      ] GC(230) Desired survivor size 18874368 bytes, new threshold 15 (max threshold 15)
[2023-11-16T05:57:06.761+0000][7][gc,age      ] GC(230) Age table with threshold 15 (max threshold 15)
[2023-11-16T05:57:06.761+0000][7][gc,age      ] GC(230) - age   1:    2369344 bytes,    2369344 total
[2023-11-16T05:57:06.761+0000][7][gc,age      ] GC(230) - age   2:     796872 bytes,    3166216 total
[2023-11-16T05:57:06.761+0000][7][gc,age      ] GC(230) - age   3:     193272 bytes,    3359488 total
[2023-11-16T05:57:06.761+0000][7][gc,age      ] GC(230) - age   4:      13904 bytes,    3373392 total
[2023-11-16T05:57:06.761+0000][7][gc,age      ] GC(230) - age   5:     120736 bytes,    3494128 total
[2023-11-16T05:57:06.761+0000][7][gc,age      ] GC(230) - age   6:        456 bytes,    3494584 total
[2023-11-16T05:57:06.761+0000][7][gc,age      ] GC(230) - age   7:       1984 bytes,    3496568 total
[2023-11-16T05:57:06.761+0000][7][gc,age      ] GC(230) - age   8:        384 bytes,    3496952 total
[2023-11-16T05:57:06.761+0000][7][gc,age      ] GC(230) - age   9:        632 bytes,    3497584 total
[2023-11-16T05:57:06.761+0000][7][gc,age      ] GC(230) - age  10:     144960 bytes,    3642544 total
[2023-11-16T05:57:06.761+0000][7][gc,age      ] GC(230) - age  11:       2568 bytes,    3645112 total
[2023-11-16T05:57:06.761+0000][7][gc,age      ] GC(230) - age  12:     143824 bytes,    3788936 total
[2023-11-16T05:57:06.761+0000][7][gc,age      ] GC(230) - age  13:     148288 bytes,    3937224 total
[2023-11-16T05:57:06.761+0000][7][gc,age      ] GC(230) - age  14:        328 bytes,    3937552 total
[2023-11-16T05:57:06.761+0000][7][gc,phases   ] GC(230)   Pre Evacuate Collection Set: 0.1ms
[2023-11-16T05:57:06.761+0000][7][gc,phases   ] GC(230)   Merge Heap Roots: 0.1ms
[2023-11-16T05:57:06.761+0000][7][gc,phases   ] GC(230)   Evacuate Collection Set: 2.2ms
[2023-11-16T05:57:06.761+0000][7][gc,phases   ] GC(230)   Post Evacuate Collection Set: 0.6ms
[2023-11-16T05:57:06.761+0000][7][gc,phases   ] GC(230)   Other: 0.3ms
[2023-11-16T05:57:06.761+0000][7][gc,heap     ] GC(230) Eden regions: 68->0(68)
[2023-11-16T05:57:06.761+0000][7][gc,heap     ] GC(230) Survivor regions: 1->1(9)
[2023-11-16T05:57:06.761+0000][7][gc,heap     ] GC(230) Old regions: 30->30
[2023-11-16T05:57:06.761+0000][7][gc,heap     ] GC(230) Archive regions: 2->2
[2023-11-16T05:57:06.761+0000][7][gc,heap     ] GC(230) Humongous regions: 5->5
[2023-11-16T05:57:06.761+0000][7][gc,metaspace] GC(230) Metaspace: 119140K(120960K)->119140K(120960K) NonClass: 103343K(104384K)->103343K(104384K) Class: 15796K(16576K)->15796K(16576K)
[2023-11-16T05:57:06.761+0000][7][gc          ] GC(230) Pause Young (Normal) (G1 Evacuation Pause) 416M->146M(512M) 3.255ms
[2023-11-16T05:57:06.761+0000][7][gc,cpu      ] GC(230) User=0.02s Sys=0.00s Real=0.01s
[2023-11-16T05:57:06.761+0000][7][safepoint   ] Safepoint "G1CollectForAllocation", Time since last: 5120229755 ns, Reaching safepoint: 30949 ns, At safepoint: 3314278 ns, Total: 3345227 ns
[2023-11-16T05:57:07.761+0000][7][safepoint   ] Safepoint "Cleanup", Time since last: 1000101322 ns, Reaching safepoint: 84330 ns, At safepoint: 5247 ns, Total: 89577 ns
[2023-11-16T05:57:10.762+0000][7][safepoint   ] Safepoint "Cleanup", Time since last: 3000452880 ns, Reaching safepoint: 61930 ns, At safepoint: 11444 ns, Total: 73374 ns
[2023-11-16T05:57:11.762+0000][7][safepoint   ] Safepoint "Cleanup", Time since last: 1000108199 ns, Reaching safepoint: 97423 ns, At safepoint: 7587 ns, Total: 105010 ns
[2023-11-16T05:57:13.401+0000][7][gc,start    ] GC(231) Pause Young (Normal) (G1 Evacuation Pause)
[2023-11-16T05:57:13.401+0000][7][gc,task     ] GC(231) Using 8 workers of 8 for evacuation
[2023-11-16T05:57:13.401+0000][7][gc,age      ] GC(231) Desired survivor size 18874368 bytes, new threshold 15 (max threshold 15)
[2023-11-16T05:57:13.404+0000][7][gc,age      ] GC(231) Age table with threshold 15 (max threshold 15)
[2023-11-16T05:57:13.404+0000][7][gc,age      ] GC(231) - age   1:    1780680 bytes,    1780680 total
[2023-11-16T05:57:13.404+0000][7][gc,age      ] GC(231) - age   2:     328568 bytes,    2109248 total
[2023-11-16T05:57:13.404+0000][7][gc,age      ] GC(231) - age   3:     696448 bytes,    2805696 total
[2023-11-16T05:57:13.404+0000][7][gc,age      ] GC(231) - age   4:     193112 bytes,    2998808 total
[2023-11-16T05:57:13.404+0000][7][gc,age      ] GC(231) - age   5:      13432 bytes,    3012240 total
[2023-11-16T05:57:13.404+0000][7][gc,age      ] GC(231) - age   6:     120664 bytes,    3132904 total
[2023-11-16T05:57:13.404+0000][7][gc,age      ] GC(231) - age   7:        328 bytes,    3133232 total
[2023-11-16T05:57:13.404+0000][7][gc,age      ] GC(231) - age   8:       1984 bytes,    3135216 total
[2023-11-16T05:57:13.404+0000][7][gc,age      ] GC(231) - age   9:        384 bytes,    3135600 total
[2023-11-16T05:57:13.404+0000][7][gc,age      ] GC(231) - age  10:        576 bytes,    3136176 total
[2023-11-16T05:57:13.404+0000][7][gc,age      ] GC(231) - age  11:     144928 bytes,    3281104 total
[2023-11-16T05:57:13.404+0000][7][gc,age      ] GC(231) - age  12:       2424 bytes,    3283528 total
[2023-11-16T05:57:13.404+0000][7][gc,age      ] GC(231) - age  13:        240 bytes,    3283768 total
[2023-11-16T05:57:13.404+0000][7][gc,age      ] GC(231) - age  14:     148288 bytes,    3432056 total
[2023-11-16T05:57:13.404+0000][7][gc,age      ] GC(231) - age  15:        328 bytes,    3432384 total
[2023-11-16T05:57:13.404+0000][7][gc,phases   ] GC(231)   Pre Evacuate Collection Set: 0.1ms
[2023-11-16T05:57:13.404+0000][7][gc,phases   ] GC(231)   Merge Heap Roots: 0.1ms
[2023-11-16T05:57:13.404+0000][7][gc,phases   ] GC(231)   Evacuate Collection Set: 2.1ms
[2023-11-16T05:57:13.404+0000][7][gc,phases   ] GC(231)   Post Evacuate Collection Set: 0.5ms
[2023-11-16T05:57:13.404+0000][7][gc,phases   ] GC(231)   Other: 0.2ms
[2023-11-16T05:57:13.404+0000][7][gc,heap     ] GC(231) Eden regions: 68->0(68)
[2023-11-16T05:57:13.404+0000][7][gc,heap     ] GC(231) Survivor regions: 1->1(9)
[2023-11-16T05:57:13.404+0000][7][gc,heap     ] GC(231) Old regions: 30->30
[2023-11-16T05:57:13.404+0000][7][gc,heap     ] GC(231) Archive regions: 2->2
[2023-11-16T05:57:13.404+0000][7][gc,heap     ] GC(231) Humongous regions: 5->5
[2023-11-16T05:57:13.404+0000][7][gc,metaspace] GC(231) Metaspace: 119145K(120960K)->119145K(120960K) NonClass: 103348K(104384K)->103348K(104384K) Class: 15796K(16576K)->15796K(16576K)
[2023-11-16T05:57:13.404+0000][7][gc          ] GC(231) Pause Young (Normal) (G1 Evacuation Pause) 418M->146M(512M) 3.006ms
[2023-11-16T05:57:13.404+0000][7][gc,cpu      ] GC(231) User=0.01s Sys=0.00s Real=0.00s
[2023-11-16T05:57:13.404+0000][7][safepoint   ] Safepoint "G1CollectForAllocation", Time since last: 1638659716 ns, Reaching safepoint: 70831 ns, At safepoint: 3067208 ns, Total: 3138039 ns
[2023-11-16T05:57:14.404+0000][7][safepoint   ] Safepoint "Cleanup", Time since last: 1000220151 ns, Reaching safepoint: 93858 ns, At safepoint: 4203 ns, Total: 98061 ns
[2023-11-16T05:57:17.404+0000][7][safepoint   ] Safepoint "Cleanup", Time since last: 3000246728 ns, Reaching safepoint: 55123 ns, At safepoint: 4630 ns, Total: 59753 ns
[2023-11-16T05:57:18.405+0000][7][safepoint   ] Safepoint "Cleanup", Time since last: 1000312760 ns, Reaching safepoint: 84057 ns, At safepoint: 11253 ns, Total: 95310 ns
[2023-11-16T05:57:19.405+0000][7][safepoint   ] Safepoint "Cleanup", Time since last: 1000150956 ns, Reaching safepoint: 90147 ns, At safepoint: 18445 ns, Total: 108592 ns
[2023-11-16T05:57:20.405+0000][7][safepoint   ] Safepoint "Cleanup", Time since last: 1000103287 ns, Reaching safepoint: 86090 ns, At safepoint: 12962 ns, Total: 99052 ns
[2023-11-16T05:57:23.406+0000][7][safepoint   ] Safepoint "Cleanup", Time since last: 3000213054 ns, Reaching safepoint: 40864 ns, At safepoint: 31629 ns, Total: 72493 ns
[2023-11-16T05:57:24.406+0000][7][safepoint   ] Safepoint "Cleanup", Time since last: 1000272866 ns, Reaching safepoint: 152438 ns, At safepoint: 4482 ns, Total: 156920 ns
[2023-11-16T05:57:26.406+0000][7][safepoint   ] Safepoint "Cleanup", Time since last: 2000248959 ns, Reaching safepoint: 86403 ns, At safepoint: 8117 ns, Total: 94520 ns
[2023-11-16T05:57:28.439+0000][7][gc,start    ] GC(232) Pause Young (Normal) (G1 Evacuation Pause)
[2023-11-16T05:57:28.439+0000][7][gc,task     ] GC(232) Using 8 workers of 8 for evacuation
[2023-11-16T05:57:28.439+0000][7][gc,age      ] GC(232) Desired survivor size 18874368 bytes, new threshold 15 (max threshold 15)
[2023-11-16T05:57:28.441+0000][7][gc,age      ] GC(232) Age table with threshold 15 (max threshold 15)
[2023-11-16T05:57:28.441+0000][7][gc,age      ] GC(232) - age   1:    1750704 bytes,    1750704 total
[2023-11-16T05:57:28.441+0000][7][gc,age      ] GC(232) - age   2:     789224 bytes,    2539928 total
[2023-11-16T05:57:28.441+0000][7][gc,age      ] GC(232) - age   3:     119480 bytes,    2659408 total
[2023-11-16T05:57:28.441+0000][7][gc,age      ] GC(232) - age   4:     149120 bytes,    2808528 total
[2023-11-16T05:57:28.441+0000][7][gc,age      ] GC(232) - age   5:     144520 bytes,    2953048 total
[2023-11-16T05:57:28.441+0000][7][gc,age      ] GC(232) - age   6:      12864 bytes,    2965912 total
[2023-11-16T05:57:28.441+0000][7][gc,age      ] GC(232) - age   7:     120568 bytes,    3086480 total
[2023-11-16T05:57:28.441+0000][7][gc,age      ] GC(232) - age   8:        232 bytes,    3086712 total
[2023-11-16T05:57:28.441+0000][7][gc,age      ] GC(232) - age   9:       1016 bytes,    3087728 total
[2023-11-16T05:57:28.441+0000][7][gc,age      ] GC(232) - age  10:        320 bytes,    3088048 total
[2023-11-16T05:57:28.441+0000][7][gc,age      ] GC(232) - age  11:        576 bytes,    3088624 total
[2023-11-16T05:57:28.441+0000][7][gc,age      ] GC(232) - age  12:     144928 bytes,    3233552 total
[2023-11-16T05:57:28.441+0000][7][gc,age      ] GC(232) - age  13:       2424 bytes,    3235976 total
[2023-11-16T05:57:28.441+0000][7][gc,age      ] GC(232) - age  14:        208 bytes,    3236184 total
[2023-11-16T05:57:28.441+0000][7][gc,age      ] GC(232) - age  15:     148224 bytes,    3384408 total
[2023-11-16T05:57:28.441+0000][7][gc,phases   ] GC(232)   Pre Evacuate Collection Set: 0.1ms
[2023-11-16T05:57:28.441+0000][7][gc,phases   ] GC(232)   Merge Heap Roots: 0.0ms
[2023-11-16T05:57:28.441+0000][7][gc,phases   ] GC(232)   Evacuate Collection Set: 1.6ms
[2023-11-16T05:57:28.441+0000][7][gc,phases   ] GC(232)   Post Evacuate Collection Set: 0.6ms
[2023-11-16T05:57:28.441+0000][7][gc,phases   ] GC(232)   Other: 0.4ms
[2023-11-16T05:57:28.441+0000][7][gc,heap     ] GC(232) Eden regions: 68->0(68)
[2023-11-16T05:57:28.441+0000][7][gc,heap     ] GC(232) Survivor regions: 1->1(9)
[2023-11-16T05:57:28.441+0000][7][gc,heap     ] GC(232) Old regions: 30->30
[2023-11-16T05:57:28.441+0000][7][gc,heap     ] GC(232) Archive regions: 2->2
[2023-11-16T05:57:28.441+0000][7][gc,heap     ] GC(232) Humongous regions: 5->5
[2023-11-16T05:57:28.441+0000][7][gc,metaspace] GC(232) Metaspace: 119149K(120960K)->119149K(120960K) NonClass: 103352K(104384K)->103352K(104384K) Class: 15797K(16576K)->15797K(16576K)
[2023-11-16T05:57:28.441+0000][7][gc          ] GC(232) Pause Young (Normal) (G1 Evacuation Pause) 418M->146M(512M) 2.655ms
[2023-11-16T05:57:28.441+0000][7][gc,cpu      ] GC(232) User=0.01s Sys=0.00s Real=0.00s
[2023-11-16T05:57:28.441+0000][7][safepoint   ] Safepoint "G1CollectForAllocation", Time since last: 2032384967 ns, Reaching safepoint: 66869 ns, At safepoint: 2716246 ns, Total: 2783115 ns
[2023-11-16T05:57:35.471+0000][7][gc,start    ] GC(233) Pause Young (Normal) (G1 Evacuation Pause)
[2023-11-16T05:57:35.471+0000][7][gc,task     ] GC(233) Using 8 workers of 8 for evacuation
[2023-11-16T05:57:35.471+0000][7][gc,age      ] GC(233) Desired survivor size 18874368 bytes, new threshold 15 (max threshold 15)
[2023-11-16T05:57:35.483+0000][7][gc,age      ] GC(233) Age table with threshold 15 (max threshold 15)
[2023-11-16T05:57:35.483+0000][7][gc,age      ] GC(233) - age   1:    1441720 bytes,    1441720 total
[2023-11-16T05:57:35.483+0000][7][gc,age      ] GC(233) - age   2:     497056 bytes,    1938776 total
[2023-11-16T05:57:35.483+0000][7][gc,age      ] GC(233) - age   3:     144176 bytes,    2082952 total
[2023-11-16T05:57:35.483+0000][7][gc,age      ] GC(233) - age   4:     118104 bytes,    2201056 total
[2023-11-16T05:57:35.483+0000][7][gc,age      ] GC(233) - age   5:     146632 bytes,    2347688 total
[2023-11-16T05:57:35.483+0000][7][gc,age      ] GC(233) - age   6:     144232 bytes,    2491920 total
[2023-11-16T05:57:35.483+0000][7][gc,age      ] GC(233) - age   7:      12672 bytes,    2504592 total
[2023-11-16T05:57:35.483+0000][7][gc,age      ] GC(233) - age   8:     120384 bytes,    2624976 total
[2023-11-16T05:57:35.483+0000][7][gc,age      ] GC(233) - age   9:        232 bytes,    2625208 total
[2023-11-16T05:57:35.483+0000][7][gc,age      ] GC(233) - age  10:        952 bytes,    2626160 total
[2023-11-16T05:57:35.483+0000][7][gc,age      ] GC(233) - age  11:        320 bytes,    2626480 total
[2023-11-16T05:57:35.483+0000][7][gc,age      ] GC(233) - age  12:        512 bytes,    2626992 total
[2023-11-16T05:57:35.483+0000][7][gc,age      ] GC(233) - age  13:       2472 bytes,    2629464 total
[2023-11-16T05:57:35.483+0000][7][gc,age      ] GC(233) - age  14:       1064 bytes,    2630528 total
[2023-11-16T05:57:35.483+0000][7][gc,age      ] GC(233) - age  15:        208 bytes,    2630736 total
[2023-11-16T05:57:35.483+0000][7][gc,phases   ] GC(233)   Pre Evacuate Collection Set: 0.1ms
[2023-11-16T05:57:35.483+0000][7][gc,phases   ] GC(233)   Merge Heap Roots: 0.0ms
[2023-11-16T05:57:35.483+0000][7][gc,phases   ] GC(233)   Evacuate Collection Set: 10.4ms
[2023-11-16T05:57:35.483+0000][7][gc,phases   ] GC(233)   Post Evacuate Collection Set: 0.6ms
[2023-11-16T05:57:35.483+0000][7][gc,phases   ] GC(233)   Other: 0.3ms
[2023-11-16T05:57:35.483+0000][7][gc,heap     ] GC(233) Eden regions: 68->0(68)
[2023-11-16T05:57:35.483+0000][7][gc,heap     ] GC(233) Survivor regions: 1->1(9)
[2023-11-16T05:57:35.483+0000][7][gc,heap     ] GC(233) Old regions: 30->30
[2023-11-16T05:57:35.483+0000][7][gc,heap     ] GC(233) Archive regions: 2->2
[2023-11-16T05:57:35.483+0000][7][gc,heap     ] GC(233) Humongous regions: 5->5
[2023-11-16T05:57:35.483+0000][7][gc,metaspace] GC(233) Metaspace: 119150K(120960K)->119150K(120960K) NonClass: 103353K(104384K)->103353K(104384K) Class: 15797K(16576K)->15797K(16576K)
[2023-11-16T05:57:35.483+0000][7][gc          ] GC(233) Pause Young (Normal) (G1 Evacuation Pause) 418M->145M(512M) 11.475ms
[2023-11-16T05:57:35.483+0000][7][gc,cpu      ] GC(233) User=0.02s Sys=0.00s Real=0.01s
[2023-11-16T05:57:35.483+0000][7][safepoint   ] Safepoint "G1CollectForAllocation", Time since last: 7029769910 ns, Reaching safepoint: 32619 ns, At safepoint: 11568111 ns, Total: 11600730 ns
[2023-11-16T05:57:42.908+0000][7][gc,start    ] GC(234) Pause Young (Normal) (G1 Evacuation Pause)
[2023-11-16T05:57:42.908+0000][7][gc,task     ] GC(234) Using 8 workers of 8 for evacuation
[2023-11-16T05:57:42.908+0000][7][gc,age      ] GC(234) Desired survivor size 18874368 bytes, new threshold 15 (max threshold 15)
[2023-11-16T05:57:42.910+0000][7][gc,age      ] GC(234) Age table with threshold 15 (max threshold 15)
[2023-11-16T05:57:42.910+0000][7][gc,age      ] GC(234) - age   1:    2137504 bytes,    2137504 total
[2023-11-16T05:57:42.910+0000][7][gc,age      ] GC(234) - age   2:     254384 bytes,    2391888 total
[2023-11-16T05:57:42.910+0000][7][gc,age      ] GC(234) - age   3:     179088 bytes,    2570976 total
[2023-11-16T05:57:42.910+0000][7][gc,age      ] GC(234) - age   4:     143224 bytes,    2714200 total
[2023-11-16T05:57:42.910+0000][7][gc,age      ] GC(234) - age   5:     117664 bytes,    2831864 total
[2023-11-16T05:57:42.910+0000][7][gc,age      ] GC(234) - age   6:     146504 bytes,    2978368 total
[2023-11-16T05:57:42.910+0000][7][gc,age      ] GC(234) - age   7:     144104 bytes,    3122472 total
[2023-11-16T05:57:42.910+0000][7][gc,age      ] GC(234) - age   8:      12608 bytes,    3135080 total
[2023-11-16T05:57:42.910+0000][7][gc,age      ] GC(234) - age   9:       1080 bytes,    3136160 total
[2023-11-16T05:57:42.910+0000][7][gc,age      ] GC(234) - age  10:        232 bytes,    3136392 total
[2023-11-16T05:57:42.910+0000][7][gc,age      ] GC(234) - age  11:        952 bytes,    3137344 total
[2023-11-16T05:57:42.910+0000][7][gc,age      ] GC(234) - age  12:        320 bytes,    3137664 total
[2023-11-16T05:57:42.910+0000][7][gc,age      ] GC(234) - age  13:        512 bytes,    3138176 total
[2023-11-16T05:57:42.910+0000][7][gc,age      ] GC(234) - age  14:       2064 bytes,    3140240 total
[2023-11-16T05:57:42.910+0000][7][gc,age      ] GC(234) - age  15:       1064 bytes,    3141304 total
[2023-11-16T05:57:42.910+0000][7][gc,phases   ] GC(234)   Pre Evacuate Collection Set: 0.1ms
[2023-11-16T05:57:42.910+0000][7][gc,phases   ] GC(234)   Merge Heap Roots: 0.1ms
[2023-11-16T05:57:42.910+0000][7][gc,phases   ] GC(234)   Evacuate Collection Set: 1.5ms
[2023-11-16T05:57:42.910+0000][7][gc,phases   ] GC(234)   Post Evacuate Collection Set: 0.6ms
[2023-11-16T05:57:42.910+0000][7][gc,phases   ] GC(234)   Other: 0.3ms
[2023-11-16T05:57:42.910+0000][7][gc,heap     ] GC(234) Eden regions: 68->0(68)
[2023-11-16T05:57:42.910+0000][7][gc,heap     ] GC(234) Survivor regions: 1->1(9)
[2023-11-16T05:57:42.911+0000][7][gc,heap     ] GC(234) Old regions: 30->30
[2023-11-16T05:57:42.911+0000][7][gc,heap     ] GC(234) Archive regions: 2->2
[2023-11-16T05:57:42.911+0000][7][gc,heap     ] GC(234) Humongous regions: 5->5
[2023-11-16T05:57:42.911+0000][7][gc,metaspace] GC(234) Metaspace: 119151K(120960K)->119151K(120960K) NonClass: 103353K(104384K)->103353K(104384K) Class: 15797K(16576K)->15797K(16576K)
[2023-11-16T05:57:42.911+0000][7][gc          ] GC(234) Pause Young (Normal) (G1 Evacuation Pause) 417M->145M(512M) 2.628ms
[2023-11-16T05:57:42.911+0000][7][gc,cpu      ] GC(234) User=0.01s Sys=0.00s Real=0.01s
[2023-11-16T05:57:42.911+0000][7][safepoint   ] Safepoint "G1CollectForAllocation", Time since last: 7424944803 ns, Reaching safepoint: 84048 ns, At safepoint: 2710770 ns, Total: 2794818 ns
[2023-11-16T05:57:49.055+0000][7][gc,start    ] GC(235) Pause Young (Normal) (G1 Evacuation Pause)
[2023-11-16T05:57:49.055+0000][7][gc,task     ] GC(235) Using 8 workers of 8 for evacuation
[2023-11-16T05:57:49.055+0000][7][gc,age      ] GC(235) Desired survivor size 18874368 bytes, new threshold 15 (max threshold 15)
[2023-11-16T05:57:49.057+0000][7][gc,age      ] GC(235) Age table with threshold 15 (max threshold 15)
[2023-11-16T05:57:49.057+0000][7][gc,age      ] GC(235) - age   1:    1612768 bytes,    1612768 total
[2023-11-16T05:57:49.057+0000][7][gc,age      ] GC(235) - age   2:     114576 bytes,    1727344 total
[2023-11-16T05:57:49.057+0000][7][gc,age      ] GC(235) - age   3:     152656 bytes,    1880000 total
[2023-11-16T05:57:49.057+0000][7][gc,age      ] GC(235) - age   4:     178232 bytes,    2058232 total
[2023-11-16T05:57:49.057+0000][7][gc,age      ] GC(235) - age   5:     143064 bytes,    2201296 total
[2023-11-16T05:57:49.057+0000][7][gc,age      ] GC(235) - age   6:     117128 bytes,    2318424 total
[2023-11-16T05:57:49.057+0000][7][gc,age      ] GC(235) - age   7:     146344 bytes,    2464768 total
[2023-11-16T05:57:49.057+0000][7][gc,age      ] GC(235) - age   8:     143888 bytes,    2608656 total
[2023-11-16T05:57:49.057+0000][7][gc,age      ] GC(235) - age   9:      12224 bytes,    2620880 total
[2023-11-16T05:57:49.057+0000][7][gc,age      ] GC(235) - age  10:       1080 bytes,    2621960 total
[2023-11-16T05:57:49.057+0000][7][gc,age      ] GC(235) - age  11:        168 bytes,    2622128 total
[2023-11-16T05:57:49.057+0000][7][gc,age      ] GC(235) - age  12:        888 bytes,    2623016 total
[2023-11-16T05:57:49.057+0000][7][gc,age      ] GC(235) - age  13:        320 bytes,    2623336 total
[2023-11-16T05:57:49.057+0000][7][gc,age      ] GC(235) - age  14:        512 bytes,    2623848 total
[2023-11-16T05:57:49.057+0000][7][gc,age      ] GC(235) - age  15:       2032 bytes,    2625880 total
[2023-11-16T05:57:49.057+0000][7][gc,phases   ] GC(235)   Pre Evacuate Collection Set: 0.1ms
[2023-11-16T05:57:49.057+0000][7][gc,phases   ] GC(235)   Merge Heap Roots: 0.1ms
[2023-11-16T05:57:49.057+0000][7][gc,phases   ] GC(235)   Evacuate Collection Set: 1.5ms
[2023-11-16T05:57:49.057+0000][7][gc,phases   ] GC(235)   Post Evacuate Collection Set: 0.5ms
[2023-11-16T05:57:49.057+0000][7][gc,phases   ] GC(235)   Other: 0.3ms
[2023-11-16T05:57:49.057+0000][7][gc,heap     ] GC(235) Eden regions: 68->0(68)
[2023-11-16T05:57:49.057+0000][7][gc,heap     ] GC(235) Survivor regions: 1->1(9)
[2023-11-16T05:57:49.057+0000][7][gc,heap     ] GC(235) Old regions: 30->30
[2023-11-16T05:57:49.057+0000][7][gc,heap     ] GC(235) Archive regions: 2->2
[2023-11-16T05:57:49.057+0000][7][gc,heap     ] GC(235) Humongous regions: 5->5
[2023-11-16T05:57:49.057+0000][7][gc,metaspace] GC(235) Metaspace: 119151K(120960K)->119151K(120960K) NonClass: 103353K(104384K)->103353K(104384K) Class: 15797K(16576K)->15797K(16576K)
[2023-11-16T05:57:49.057+0000][7][gc          ] GC(235) Pause Young (Normal) (G1 Evacuation Pause) 417M->145M(512M) 2.532ms
[2023-11-16T05:57:49.057+0000][7][gc,cpu      ] GC(235) User=0.01s Sys=0.01s Real=0.00s
[2023-11-16T05:57:49.057+0000][7][safepoint   ] Safepoint "G1CollectForAllocation", Time since last: 6144243165 ns, Reaching safepoint: 76518 ns, At safepoint: 2623571 ns, Total: 2700089 ns
[2023-11-16T05:57:54.954+0000][7][gc,start    ] GC(236) Pause Young (Normal) (G1 Evacuation Pause)
[2023-11-16T05:57:54.954+0000][7][gc,task     ] GC(236) Using 8 workers of 8 for evacuation
[2023-11-16T05:57:54.954+0000][7][gc,age      ] GC(236) Desired survivor size 18874368 bytes, new threshold 15 (max threshold 15)
[2023-11-16T05:57:54.956+0000][7][gc,age      ] GC(236) Age table with threshold 15 (max threshold 15)
[2023-11-16T05:57:54.956+0000][7][gc,age      ] GC(236) - age   1:    1328920 bytes,    1328920 total
[2023-11-16T05:57:54.956+0000][7][gc,age      ] GC(236) - age   2:     406200 bytes,    1735120 total
[2023-11-16T05:57:54.956+0000][7][gc,age      ] GC(236) - age   3:     112024 bytes,    1847144 total
[2023-11-16T05:57:54.956+0000][7][gc,age      ] GC(236) - age   4:     152128 bytes,    1999272 total
[2023-11-16T05:57:54.956+0000][7][gc,age      ] GC(236) - age   5:     156008 bytes,    2155280 total
[2023-11-16T05:57:54.956+0000][7][gc,age      ] GC(236) - age   6:     143064 bytes,    2298344 total
[2023-11-16T05:57:54.956+0000][7][gc,age      ] GC(236) - age   7:     116888 bytes,    2415232 total
[2023-11-16T05:57:54.956+0000][7][gc,age      ] GC(236) - age   8:       2088 bytes,    2417320 total
[2023-11-16T05:57:54.956+0000][7][gc,age      ] GC(236) - age   9:     143520 bytes,    2560840 total
[2023-11-16T05:57:54.956+0000][7][gc,age      ] GC(236) - age  10:      12224 bytes,    2573064 total
[2023-11-16T05:57:54.956+0000][7][gc,age      ] GC(236) - age  11:       1016 bytes,    2574080 total
[2023-11-16T05:57:54.956+0000][7][gc,age      ] GC(236) - age  12:        168 bytes,    2574248 total
[2023-11-16T05:57:54.956+0000][7][gc,age      ] GC(236) - age  13:        888 bytes,    2575136 total
[2023-11-16T05:57:54.956+0000][7][gc,age      ] GC(236) - age  14:        320 bytes,    2575456 total
[2023-11-16T05:57:54.956+0000][7][gc,age      ] GC(236) - age  15:        512 bytes,    2575968 total
[2023-11-16T05:57:54.956+0000][7][gc,phases   ] GC(236)   Pre Evacuate Collection Set: 0.1ms
[2023-11-16T05:57:54.956+0000][7][gc,phases   ] GC(236)   Merge Heap Roots: 0.0ms
[2023-11-16T05:57:54.956+0000][7][gc,phases   ] GC(236)   Evacuate Collection Set: 1.3ms
[2023-11-16T05:57:54.956+0000][7][gc,phases   ] GC(236)   Post Evacuate Collection Set: 0.7ms
[2023-11-16T05:57:54.956+0000][7][gc,phases   ] GC(236)   Other: 0.2ms
[2023-11-16T05:57:54.956+0000][7][gc,heap     ] GC(236) Eden regions: 68->0(68)
[2023-11-16T05:57:54.956+0000][7][gc,heap     ] GC(236) Survivor regions: 1->1(9)
[2023-11-16T05:57:54.956+0000][7][gc,heap     ] GC(236) Old regions: 30->30
[2023-11-16T05:57:54.956+0000][7][gc,heap     ] GC(236) Archive regions: 2->2
[2023-11-16T05:57:54.956+0000][7][gc,heap     ] GC(236) Humongous regions: 5->5
[2023-11-16T05:57:54.956+0000][7][gc,metaspace] GC(236) Metaspace: 119152K(120960K)->119152K(120960K) NonClass: 103354K(104384K)->103354K(104384K) Class: 15797K(16576K)->15797K(16576K)
[2023-11-16T05:57:54.956+0000][7][gc          ] GC(236) Pause Young (Normal) (G1 Evacuation Pause) 417M->145M(512M) 2.443ms
[2023-11-16T05:57:54.956+0000][7][gc,cpu      ] GC(236) User=0.01s Sys=0.00s Real=0.00s
[2023-11-16T05:57:54.956+0000][7][safepoint   ] Safepoint "G1CollectForAllocation", Time since last: 5896237551 ns, Reaching safepoint: 46431 ns, At safepoint: 2531022 ns, Total: 2577453 ns
[2023-11-16T05:58:00.269+0000][7][safepoint   ] Safepoint "Cleanup", Time since last: 5313025035 ns, Reaching safepoint: 25042 ns, At safepoint: 3060 ns, Total: 28102 ns
[2023-11-16T05:58:01.125+0000][7][gc,start    ] GC(237) Pause Young (Normal) (G1 Evacuation Pause)
[2023-11-16T05:58:01.125+0000][7][gc,task     ] GC(237) Using 8 workers of 8 for evacuation
[2023-11-16T05:58:01.125+0000][7][gc,age      ] GC(237) Desired survivor size 18874368 bytes, new threshold 15 (max threshold 15)
[2023-11-16T05:58:01.127+0000][7][gc,age      ] GC(237) Age table with threshold 15 (max threshold 15)
[2023-11-16T05:58:01.127+0000][7][gc,age      ] GC(237) - age   1:    2365312 bytes,    2365312 total
[2023-11-16T05:58:01.127+0000][7][gc,age      ] GC(237) - age   2:     581040 bytes,    2946352 total
[2023-11-16T05:58:01.127+0000][7][gc,age      ] GC(237) - age   3:     404528 bytes,    3350880 total
[2023-11-16T05:58:01.127+0000][7][gc,age      ] GC(237) - age   4:     111608 bytes,    3462488 total
[2023-11-16T05:58:01.127+0000][7][gc,age      ] GC(237) - age   5:     149200 bytes,    3611688 total
[2023-11-16T05:58:01.127+0000][7][gc,age      ] GC(237) - age   6:     150648 bytes,    3762336 total
[2023-11-16T05:58:01.127+0000][7][gc,age      ] GC(237) - age   7:     143000 bytes,    3905336 total
[2023-11-16T05:58:01.127+0000][7][gc,age      ] GC(237) - age   8:     116744 bytes,    4022080 total
[2023-11-16T05:58:01.127+0000][7][gc,age      ] GC(237) - age   9:       1976 bytes,    4024056 total
[2023-11-16T05:58:01.127+0000][7][gc,age      ] GC(237) - age  10:     143520 bytes,    4167576 total
[2023-11-16T05:58:01.127+0000][7][gc,age      ] GC(237) - age  11:      12224 bytes,    4179800 total
[2023-11-16T05:58:01.127+0000][7][gc,age      ] GC(237) - age  12:        704 bytes,    4180504 total
[2023-11-16T05:58:01.127+0000][7][gc,age      ] GC(237) - age  13:        168 bytes,    4180672 total
[2023-11-16T05:58:01.127+0000][7][gc,age      ] GC(237) - age  14:        888 bytes,    4181560 total
[2023-11-16T05:58:01.127+0000][7][gc,age      ] GC(237) - age  15:        144 bytes,    4181704 total
[2023-11-16T05:58:01.127+0000][7][gc,phases   ] GC(237)   Pre Evacuate Collection Set: 0.1ms
[2023-11-16T05:58:01.127+0000][7][gc,phases   ] GC(237)   Merge Heap Roots: 0.0ms
[2023-11-16T05:58:01.127+0000][7][gc,phases   ] GC(237)   Evacuate Collection Set: 1.9ms
[2023-11-16T05:58:01.127+0000][7][gc,phases   ] GC(237)   Post Evacuate Collection Set: 0.6ms
[2023-11-16T05:58:01.127+0000][7][gc,phases   ] GC(237)   Other: 0.2ms
[2023-11-16T05:58:01.127+0000][7][gc,heap     ] GC(237) Eden regions: 68->0(67)
[2023-11-16T05:58:01.127+0000][7][gc,heap     ] GC(237) Survivor regions: 1->2(9)
[2023-11-16T05:58:01.127+0000][7][gc,heap     ] GC(237) Old regions: 30->30
[2023-11-16T05:58:01.127+0000][7][gc,heap     ] GC(237) Archive regions: 2->2
[2023-11-16T05:58:01.127+0000][7][gc,heap     ] GC(237) Humongous regions: 5->5
[2023-11-16T05:58:01.127+0000][7][gc,metaspace] GC(237) Metaspace: 119171K(120960K)->119171K(120960K) NonClass: 103371K(104384K)->103371K(104384K) Class: 15799K(16576K)->15799K(16576K)
[2023-11-16T05:58:01.127+0000][7][gc          ] GC(237) Pause Young (Normal) (G1 Evacuation Pause) 417M->146M(512M) 2.787ms
[2023-11-16T05:58:01.127+0000][7][gc,cpu      ] GC(237) User=0.01s Sys=0.00s Real=0.00s
[2023-11-16T05:58:01.127+0000][7][safepoint   ] Safepoint "G1CollectForAllocation", Time since last: 855201126 ns, Reaching safepoint: 79655 ns, At safepoint: 2848199 ns, Total: 2927854 ns
[2023-11-16T05:58:02.128+0000][7][safepoint   ] Safepoint "Cleanup", Time since last: 1000068850 ns, Reaching safepoint: 66776 ns, At safepoint: 5416 ns, Total: 72192 ns
[2023-11-16T05:58:04.108+0000][7][safepoint   ] Safepoint "Cleanup", Time since last: 1979661600 ns, Reaching safepoint: 267299 ns, At safepoint: 10290 ns, Total: 277589 ns
[2023-11-16T05:58:05.108+0000][7][safepoint   ] Safepoint "Cleanup", Time since last: 1000130021 ns, Reaching safepoint: 58621 ns, At safepoint: 8015 ns, Total: 66636 ns
[2023-11-16T05:58:05.942+0000][7][gc,start    ] GC(238) Pause Young (Normal) (G1 Evacuation Pause)
[2023-11-16T05:58:05.943+0000][7][gc,task     ] GC(238) Using 8 workers of 8 for evacuation
[2023-11-16T05:58:05.943+0000][7][gc,age      ] GC(238) Desired survivor size 18874368 bytes, new threshold 15 (max threshold 15)
[2023-11-16T05:58:05.945+0000][7][gc,age      ] GC(238) Age table with threshold 15 (max threshold 15)
[2023-11-16T05:58:05.945+0000][7][gc,age      ] GC(238) - age   1:    1890912 bytes,    1890912 total
[2023-11-16T05:58:05.945+0000][7][gc,age      ] GC(238) - age   2:     326496 bytes,    2217408 total
[2023-11-16T05:58:05.945+0000][7][gc,age      ] GC(238) - age   3:     382360 bytes,    2599768 total
[2023-11-16T05:58:05.945+0000][7][gc,age      ] GC(238) - age   4:     403576 bytes,    3003344 total
[2023-11-16T05:58:05.945+0000][7][gc,age      ] GC(238) - age   5:     111544 bytes,    3114888 total
[2023-11-16T05:58:05.945+0000][7][gc,age      ] GC(238) - age   6:     148856 bytes,    3263744 total
[2023-11-16T05:58:05.945+0000][7][gc,age      ] GC(238) - age   7:     150584 bytes,    3414328 total
[2023-11-16T05:58:05.945+0000][7][gc,age      ] GC(238) - age   8:        584 bytes,    3414912 total
[2023-11-16T05:58:05.945+0000][7][gc,age      ] GC(238) - age   9:     115256 bytes,    3530168 total
[2023-11-16T05:58:05.945+0000][7][gc,age      ] GC(238) - age  10:       1784 bytes,    3531952 total
[2023-11-16T05:58:05.945+0000][7][gc,age      ] GC(238) - age  11:     143456 bytes,    3675408 total
[2023-11-16T05:58:05.945+0000][7][gc,age      ] GC(238) - age  12:      12160 bytes,    3687568 total
[2023-11-16T05:58:05.945+0000][7][gc,age      ] GC(238) - age  13:        640 bytes,    3688208 total
[2023-11-16T05:58:05.945+0000][7][gc,age      ] GC(238) - age  14:        104 bytes,    3688312 total
[2023-11-16T05:58:05.945+0000][7][gc,age      ] GC(238) - age  15:        760 bytes,    3689072 total
[2023-11-16T05:58:05.945+0000][7][gc,phases   ] GC(238)   Pre Evacuate Collection Set: 0.1ms
[2023-11-16T05:58:05.945+0000][7][gc,phases   ] GC(238)   Merge Heap Roots: 0.0ms
[2023-11-16T05:58:05.945+0000][7][gc,phases   ] GC(238)   Evacuate Collection Set: 2.0ms
[2023-11-16T05:58:05.945+0000][7][gc,phases   ] GC(238)   Post Evacuate Collection Set: 0.5ms
[2023-11-16T05:58:05.945+0000][7][gc,phases   ] GC(238)   Other: 0.3ms
[2023-11-16T05:58:05.945+0000][7][gc,heap     ] GC(238) Eden regions: 67->0(68)
[2023-11-16T05:58:05.945+0000][7][gc,heap     ] GC(238) Survivor regions: 2->1(9)
[2023-11-16T05:58:05.945+0000][7][gc,heap     ] GC(238) Old regions: 30->30
[2023-11-16T05:58:05.945+0000][7][gc,heap     ] GC(238) Archive regions: 2->2
[2023-11-16T05:58:05.945+0000][7][gc,heap     ] GC(238) Humongous regions: 5->5
[2023-11-16T05:58:05.945+0000][7][gc,metaspace] GC(238) Metaspace: 119458K(121216K)->119458K(121216K) NonClass: 103637K(104640K)->103637K(104640K) Class: 15820K(16576K)->15820K(16576K)
[2023-11-16T05:58:05.945+0000][7][gc          ] GC(238) Pause Young (Normal) (G1 Evacuation Pause) 414M->146M(512M) 2.974ms
[2023-11-16T05:58:05.945+0000][7][gc,cpu      ] GC(238) User=0.01s Sys=0.01s Real=0.00s
[2023-11-16T05:58:05.946+0000][7][safepoint   ] Safepoint "G1CollectForAllocation", Time since last: 834632691 ns, Reaching safepoint: 57692 ns, At safepoint: 3043248 ns, Total: 3100940 ns
[2023-11-16T05:58:07.946+0000][7][safepoint   ] Safepoint "Cleanup", Time since last: 2000167669 ns, Reaching safepoint: 89976 ns, At safepoint: 6529 ns, Total: 96505 ns
[2023-11-16T05:58:10.946+0000][7][safepoint   ] Safepoint "Cleanup", Time since last: 3000517358 ns, Reaching safepoint: 108857 ns, At safepoint: 8481 ns, Total: 117338 ns
[2023-11-16T05:58:11.117+0000][7][gc,start    ] GC(239) Pause Young (Normal) (G1 Evacuation Pause)
[2023-11-16T05:58:11.117+0000][7][gc,task     ] GC(239) Using 8 workers of 8 for evacuation
[2023-11-16T05:58:11.117+0000][7][gc,age      ] GC(239) Desired survivor size 18874368 bytes, new threshold 15 (max threshold 15)
[2023-11-16T05:58:11.121+0000][7][gc,age      ] GC(239) Age table with threshold 15 (max threshold 15)
[2023-11-16T05:58:11.121+0000][7][gc,age      ] GC(239) - age   1:    1394856 bytes,    1394856 total
[2023-11-16T05:58:11.121+0000][7][gc,age      ] GC(239) - age   2:     864824 bytes,    2259680 total
[2023-11-16T05:58:11.121+0000][7][gc,age      ] GC(239) - age   3:      73144 bytes,    2332824 total
[2023-11-16T05:58:11.121+0000][7][gc,age      ] GC(239) - age   4:     171808 bytes,    2504632 total
[2023-11-16T05:58:11.121+0000][7][gc,age      ] GC(239) - age   5:     144008 bytes,    2648640 total
[2023-11-16T05:58:11.121+0000][7][gc,age      ] GC(239) - age   6:       8136 bytes,    2656776 total
[2023-11-16T05:58:11.121+0000][7][gc,age      ] GC(239) - age   7:     148792 bytes,    2805568 total
[2023-11-16T05:58:11.121+0000][7][gc,age      ] GC(239) - age   8:     150584 bytes,    2956152 total
[2023-11-16T05:58:11.121+0000][7][gc,age      ] GC(239) - age   9:        584 bytes,    2956736 total
[2023-11-16T05:58:11.121+0000][7][gc,age      ] GC(239) - age  10:     115256 bytes,    3071992 total
[2023-11-16T05:58:11.121+0000][7][gc,age      ] GC(239) - age  11:       1656 bytes,    3073648 total
[2023-11-16T05:58:11.121+0000][7][gc,age      ] GC(239) - age  12:     143456 bytes,    3217104 total
[2023-11-16T05:58:11.121+0000][7][gc,age      ] GC(239) - age  13:      12160 bytes,    3229264 total
[2023-11-16T05:58:11.121+0000][7][gc,age      ] GC(239) - age  14:        640 bytes,    3229904 total
[2023-11-16T05:58:11.121+0000][7][gc,age      ] GC(239) - age  15:        104 bytes,    3230008 total
[2023-11-16T05:58:11.121+0000][7][gc,phases   ] GC(239)   Pre Evacuate Collection Set: 0.1ms
[2023-11-16T05:58:11.121+0000][7][gc,phases   ] GC(239)   Merge Heap Roots: 0.1ms
[2023-11-16T05:58:11.121+0000][7][gc,phases   ] GC(239)   Evacuate Collection Set: 3.3ms
[2023-11-16T05:58:11.121+0000][7][gc,phases   ] GC(239)   Post Evacuate Collection Set: 0.7ms
[2023-11-16T05:58:11.121+0000][7][gc,phases   ] GC(239)   Other: 0.3ms
[2023-11-16T05:58:11.121+0000][7][gc,heap     ] GC(239) Eden regions: 68->0(68)
[2023-11-16T05:58:11.121+0000][7][gc,heap     ] GC(239) Survivor regions: 1->1(9)
[2023-11-16T05:58:11.121+0000][7][gc,heap     ] GC(239) Old regions: 30->30
[2023-11-16T05:58:11.121+0000][7][gc,heap     ] GC(239) Archive regions: 2->2
[2023-11-16T05:58:11.121+0000][7][gc,heap     ] GC(239) Humongous regions: 5->5
[2023-11-16T05:58:11.121+0000][7][gc,metaspace] GC(239) Metaspace: 119476K(121216K)->119476K(121216K) NonClass: 103656K(104640K)->103656K(104640K) Class: 15820K(16576K)->15820K(16576K)
[2023-11-16T05:58:11.121+0000][7][gc          ] GC(239) Pause Young (Normal) (G1 Evacuation Pause) 418M->145M(512M) 4.527ms
[2023-11-16T05:58:11.121+0000][7][gc,cpu      ] GC(239) User=0.01s Sys=0.00s Real=0.01s
[2023-11-16T05:58:11.121+0000][7][safepoint   ] Safepoint "G1CollectForAllocation", Time since last: 170007445 ns, Reaching safepoint: 63365 ns, At safepoint: 4625283 ns, Total: 4688648 ns
[2023-11-16T05:58:12.121+0000][7][safepoint   ] Safepoint "Cleanup", Time since last: 1000087186 ns, Reaching safepoint: 92487 ns, At safepoint: 5776 ns, Total: 98263 ns
[2023-11-16T05:58:13.122+0000][7][safepoint   ] Safepoint "Cleanup", Time since last: 1000420641 ns, Reaching safepoint: 62632 ns, At safepoint: 3710 ns, Total: 66342 ns
[2023-11-16T05:58:17.122+0000][7][safepoint   ] Safepoint "Cleanup", Time since last: 4000413590 ns, Reaching safepoint: 72031 ns, At safepoint: 11654 ns, Total: 83685 ns
[2023-11-16T05:58:19.195+0000][7][gc,start    ] GC(240) Pause Young (Normal) (G1 Evacuation Pause)
[2023-11-16T05:58:19.195+0000][7][gc,task     ] GC(240) Using 8 workers of 8 for evacuation
[2023-11-16T05:58:19.195+0000][7][gc,age      ] GC(240) Desired survivor size 18874368 bytes, new threshold 15 (max threshold 15)
[2023-11-16T05:58:19.198+0000][7][gc,age      ] GC(240) Age table with threshold 15 (max threshold 15)
[2023-11-16T05:58:19.198+0000][7][gc,age      ] GC(240) - age   1:    1656656 bytes,    1656656 total
[2023-11-16T05:58:19.198+0000][7][gc,age      ] GC(240) - age   2:     219952 bytes,    1876608 total
[2023-11-16T05:58:19.198+0000][7][gc,age      ] GC(240) - age   3:     443080 bytes,    2319688 total
[2023-11-16T05:58:19.198+0000][7][gc,age      ] GC(240) - age   4:      72096 bytes,    2391784 total
[2023-11-16T05:58:19.198+0000][7][gc,age      ] GC(240) - age   5:      28392 bytes,    2420176 total
[2023-11-16T05:58:19.198+0000][7][gc,age      ] GC(240) - age   6:     143504 bytes,    2563680 total
[2023-11-16T05:58:19.198+0000][7][gc,age      ] GC(240) - age   7:       8040 bytes,    2571720 total
[2023-11-16T05:58:19.198+0000][7][gc,age      ] GC(240) - age   8:     148664 bytes,    2720384 total
[2023-11-16T05:58:19.198+0000][7][gc,age      ] GC(240) - age   9:     150520 bytes,    2870904 total
[2023-11-16T05:58:19.198+0000][7][gc,age      ] GC(240) - age  10:        584 bytes,    2871488 total
[2023-11-16T05:58:19.198+0000][7][gc,age      ] GC(240) - age  11:     115192 bytes,    2986680 total
[2023-11-16T05:58:19.198+0000][7][gc,age      ] GC(240) - age  12:       1656 bytes,    2988336 total
[2023-11-16T05:58:19.198+0000][7][gc,age      ] GC(240) - age  13:     143456 bytes,    3131792 total
[2023-11-16T05:58:19.198+0000][7][gc,age      ] GC(240) - age  14:      12160 bytes,    3143952 total
[2023-11-16T05:58:19.198+0000][7][gc,age      ] GC(240) - age  15:        640 bytes,    3144592 total
[2023-11-16T05:58:19.198+0000][7][gc,phases   ] GC(240)   Pre Evacuate Collection Set: 0.1ms
[2023-11-16T05:58:19.198+0000][7][gc,phases   ] GC(240)   Merge Heap Roots: 0.0ms
[2023-11-16T05:58:19.198+0000][7][gc,phases   ] GC(240)   Evacuate Collection Set: 1.6ms
[2023-11-16T05:58:19.198+0000][7][gc,phases   ] GC(240)   Post Evacuate Collection Set: 0.6ms
[2023-11-16T05:58:19.198+0000][7][gc,phases   ] GC(240)   Other: 0.3ms
[2023-11-16T05:58:19.198+0000][7][gc,heap     ] GC(240) Eden regions: 68->0(68)
[2023-11-16T05:58:19.198+0000][7][gc,heap     ] GC(240) Survivor regions: 1->1(9)
[2023-11-16T05:58:19.198+0000][7][gc,heap     ] GC(240) Old regions: 30->30
[2023-11-16T05:58:19.198+0000][7][gc,heap     ] GC(240) Archive regions: 2->2
[2023-11-16T05:58:19.198+0000][7][gc,heap     ] GC(240) Humongous regions: 5->5
[2023-11-16T05:58:19.198+0000][7][gc,metaspace] GC(240) Metaspace: 119476K(121216K)->119476K(121216K) NonClass: 103656K(104640K)->103656K(104640K) Class: 15820K(16576K)->15820K(16576K)
[2023-11-16T05:58:19.198+0000][7][gc          ] GC(240) Pause Young (Normal) (G1 Evacuation Pause) 417M->145M(512M) 2.601ms
[2023-11-16T05:58:19.198+0000][7][gc,cpu      ] GC(240) User=0.01s Sys=0.01s Real=0.00s
[2023-11-16T05:58:19.198+0000][7][safepoint   ] Safepoint "G1CollectForAllocation", Time since last: 2072722052 ns, Reaching safepoint: 136400 ns, At safepoint: 2680696 ns, Total: 2817096 ns
[2023-11-16T05:58:20.198+0000][7][safepoint   ] Safepoint "Cleanup", Time since last: 1000159866 ns, Reaching safepoint: 58287 ns, At safepoint: 8208 ns, Total: 66495 ns
[2023-11-16T05:58:24.594+0000][7][gc,start    ] GC(241) Pause Young (Normal) (G1 Evacuation Pause)
[2023-11-16T05:58:24.595+0000][7][gc,task     ] GC(241) Using 8 workers of 8 for evacuation
[2023-11-16T05:58:24.595+0000][7][gc,age      ] GC(241) Desired survivor size 18874368 bytes, new threshold 15 (max threshold 15)
[2023-11-16T05:58:24.597+0000][7][gc,age      ] GC(241) Age table with threshold 15 (max threshold 15)
[2023-11-16T05:58:24.597+0000][7][gc,age      ] GC(241) - age   1:    1569792 bytes,    1569792 total
[2023-11-16T05:58:24.597+0000][7][gc,age      ] GC(241) - age   2:     352584 bytes,    1922376 total
[2023-11-16T05:58:24.597+0000][7][gc,age      ] GC(241) - age   3:     216120 bytes,    2138496 total
[2023-11-16T05:58:24.597+0000][7][gc,age      ] GC(241) - age   4:     424320 bytes,    2562816 total
[2023-11-16T05:58:24.597+0000][7][gc,age      ] GC(241) - age   5:      71112 bytes,    2633928 total
[2023-11-16T05:58:24.597+0000][7][gc,age      ] GC(241) - age   6:      21976 bytes,    2655904 total
[2023-11-16T05:58:24.597+0000][7][gc,age      ] GC(241) - age   7:       1096 bytes,    2657000 total
[2023-11-16T05:58:24.597+0000][7][gc,age      ] GC(241) - age   8:       6584 bytes,    2663584 total
[2023-11-16T05:58:24.597+0000][7][gc,age      ] GC(241) - age   9:     148600 bytes,    2812184 total
[2023-11-16T05:58:24.597+0000][7][gc,age      ] GC(241) - age  10:     150488 bytes,    2962672 total
[2023-11-16T05:58:24.597+0000][7][gc,age      ] GC(241) - age  11:         72 bytes,    2962744 total
[2023-11-16T05:58:24.597+0000][7][gc,age      ] GC(241) - age  12:     115064 bytes,    3077808 total
[2023-11-16T05:58:24.597+0000][7][gc,age      ] GC(241) - age  13:       1360 bytes,    3079168 total
[2023-11-16T05:58:24.597+0000][7][gc,age      ] GC(241) - age  14:     143456 bytes,    3222624 total
[2023-11-16T05:58:24.597+0000][7][gc,age      ] GC(241) - age  15:      12160 bytes,    3234784 total
[2023-11-16T05:58:24.597+0000][7][gc,phases   ] GC(241)   Pre Evacuate Collection Set: 0.1ms
[2023-11-16T05:58:24.597+0000][7][gc,phases   ] GC(241)   Merge Heap Roots: 0.0ms
[2023-11-16T05:58:24.597+0000][7][gc,phases   ] GC(241)   Evacuate Collection Set: 1.7ms
[2023-11-16T05:58:24.597+0000][7][gc,phases   ] GC(241)   Post Evacuate Collection Set: 0.6ms
[2023-11-16T05:58:24.597+0000][7][gc,phases   ] GC(241)   Other: 0.2ms
[2023-11-16T05:58:24.597+0000][7][gc,heap     ] GC(241) Eden regions: 68->0(68)
[2023-11-16T05:58:24.597+0000][7][gc,heap     ] GC(241) Survivor regions: 1->1(9)
[2023-11-16T05:58:24.597+0000][7][gc,heap     ] GC(241) Old regions: 30->30
[2023-11-16T05:58:24.597+0000][7][gc,heap     ] GC(241) Archive regions: 2->2
[2023-11-16T05:58:24.597+0000][7][gc,heap     ] GC(241) Humongous regions: 5->5
[2023-11-16T05:58:24.597+0000][7][gc,metaspace] GC(241) Metaspace: 119478K(121216K)->119478K(121216K) NonClass: 103657K(104640K)->103657K(104640K) Class: 15820K(16576K)->15820K(16576K)
[2023-11-16T05:58:24.597+0000][7][gc          ] GC(241) Pause Young (Normal) (G1 Evacuation Pause) 417M->146M(512M) 2.730ms
[2023-11-16T05:58:24.597+0000][7][gc,cpu      ] GC(241) User=0.02s Sys=0.00s Real=0.00s
[2023-11-16T05:58:24.597+0000][7][safepoint   ] Safepoint "G1CollectForAllocation", Time since last: 4396372023 ns, Reaching safepoint: 54866 ns, At safepoint: 2824297 ns, Total: 2879163 ns
[2023-11-16T05:58:27.598+0000][7][safepoint   ] Safepoint "Cleanup", Time since last: 3000444971 ns, Reaching safepoint: 52931 ns, At safepoint: 4808 ns, Total: 57739 ns
[2023-11-16T05:58:28.598+0000][7][safepoint   ] Safepoint "Cleanup", Time since last: 1000091514 ns, Reaching safepoint: 139535 ns, At safepoint: 7591 ns, Total: 147126 ns
[2023-11-16T05:58:28.827+0000][7][gc,start    ] GC(242) Pause Young (Normal) (G1 Evacuation Pause)
[2023-11-16T05:58:28.827+0000][7][gc,task     ] GC(242) Using 8 workers of 8 for evacuation
[2023-11-16T05:58:28.827+0000][7][gc,age      ] GC(242) Desired survivor size 18874368 bytes, new threshold 15 (max threshold 15)
[2023-11-16T05:58:28.830+0000][7][gc,age      ] GC(242) Age table with threshold 15 (max threshold 15)
[2023-11-16T05:58:28.830+0000][7][gc,age      ] GC(242) - age   1:    2472632 bytes,    2472632 total
[2023-11-16T05:58:28.830+0000][7][gc,age      ] GC(242) - age   2:     889248 bytes,    3361880 total
[2023-11-16T05:58:28.831+0000][7][gc,age      ] GC(242) - age   3:     351024 bytes,    3712904 total
[2023-11-16T05:58:28.831+0000][7][gc,age      ] GC(242) - age   4:     215104 bytes,    3928008 total
[2023-11-16T05:58:28.831+0000][7][gc,age      ] GC(242) - age   5:     424264 bytes,    4352272 total
[2023-11-16T05:58:28.831+0000][7][gc,age      ] GC(242) - age   6:      64056 bytes,    4416328 total
[2023-11-16T05:58:28.831+0000][7][gc,age      ] GC(242) - age   7:      21784 bytes,    4438112 total
[2023-11-16T05:58:28.831+0000][7][gc,age      ] GC(242) - age   8:        968 bytes,    4439080 total
[2023-11-16T05:58:28.831+0000][7][gc,age      ] GC(242) - age   9:       6520 bytes,    4445600 total
[2023-11-16T05:58:28.831+0000][7][gc,age      ] GC(242) - age  10:     147928 bytes,    4593528 total
[2023-11-16T05:58:28.831+0000][7][gc,age      ] GC(242) - age  11:     150360 bytes,    4743888 total
[2023-11-16T05:58:28.831+0000][7][gc,age      ] GC(242) - age  12:         72 bytes,    4743960 total
[2023-11-16T05:58:28.831+0000][7][gc,age      ] GC(242) - age  13:     115000 bytes,    4858960 total
[2023-11-16T05:58:28.831+0000][7][gc,age      ] GC(242) - age  14:       1360 bytes,    4860320 total
[2023-11-16T05:58:28.831+0000][7][gc,age      ] GC(242) - age  15:     143456 bytes,    5003776 total
[2023-11-16T05:58:28.831+0000][7][gc,phases   ] GC(242)   Pre Evacuate Collection Set: 0.1ms
[2023-11-16T05:58:28.831+0000][7][gc,phases   ] GC(242)   Merge Heap Roots: 0.0ms
[2023-11-16T05:58:28.831+0000][7][gc,phases   ] GC(242)   Evacuate Collection Set: 2.2ms
[2023-11-16T05:58:28.831+0000][7][gc,phases   ] GC(242)   Post Evacuate Collection Set: 0.8ms
[2023-11-16T05:58:28.831+0000][7][gc,phases   ] GC(242)   Other: 0.3ms
[2023-11-16T05:58:28.831+0000][7][gc,heap     ] GC(242) Eden regions: 68->0(67)
[2023-11-16T05:58:28.831+0000][7][gc,heap     ] GC(242) Survivor regions: 1->2(9)
[2023-11-16T05:58:28.831+0000][7][gc,heap     ] GC(242) Old regions: 30->30
[2023-11-16T05:58:28.831+0000][7][gc,heap     ] GC(242) Archive regions: 2->2
[2023-11-16T05:58:28.831+0000][7][gc,heap     ] GC(242) Humongous regions: 5->5
[2023-11-16T05:58:28.831+0000][7][gc,metaspace] GC(242) Metaspace: 119485K(121216K)->119485K(121216K) NonClass: 103665K(104640K)->103665K(104640K) Class: 15820K(16576K)->15820K(16576K)
[2023-11-16T05:58:28.831+0000][7][gc          ] GC(242) Pause Young (Normal) (G1 Evacuation Pause) 418M->147M(512M) 3.437ms
[2023-11-16T05:58:28.831+0000][7][gc,cpu      ] GC(242) User=0.02s Sys=0.00s Real=0.01s
[2023-11-16T05:58:28.831+0000][7][safepoint   ] Safepoint "G1CollectForAllocation", Time since last: 229146687 ns, Reaching safepoint: 91959 ns, At safepoint: 3500618 ns, Total: 3592577 ns
[2023-11-16T05:58:30.282+0000][7][safepoint   ] Safepoint "Cleanup", Time since last: 1451339989 ns, Reaching safepoint: 157200 ns, At safepoint: 9393 ns, Total: 166593 ns
[2023-11-16T05:58:31.819+0000][7][gc,start    ] GC(243) Pause Young (Normal) (G1 Evacuation Pause)
[2023-11-16T05:58:31.819+0000][7][gc,task     ] GC(243) Using 8 workers of 8 for evacuation
[2023-11-16T05:58:31.819+0000][7][gc,age      ] GC(243) Desired survivor size 18874368 bytes, new threshold 15 (max threshold 15)
[2023-11-16T05:58:31.822+0000][7][gc,age      ] GC(243) Age table with threshold 15 (max threshold 15)
[2023-11-16T05:58:31.822+0000][7][gc,age      ] GC(243) - age   1:    3088608 bytes,    3088608 total
[2023-11-16T05:58:31.822+0000][7][gc,age      ] GC(243) - age   2:     370712 bytes,    3459320 total
[2023-11-16T05:58:31.822+0000][7][gc,age      ] GC(243) - age   3:     454392 bytes,    3913712 total
[2023-11-16T05:58:31.822+0000][7][gc,age      ] GC(243) - age   4:     209168 bytes,    4122880 total
[2023-11-16T05:58:31.822+0000][7][gc,age      ] GC(243) - age   5:     214400 bytes,    4337280 total
[2023-11-16T05:58:31.822+0000][7][gc,age      ] GC(243) - age   6:     264512 bytes,    4601792 total
[2023-11-16T05:58:31.822+0000][7][gc,age      ] GC(243) - age   7:      63544 bytes,    4665336 total
[2023-11-16T05:58:31.822+0000][7][gc,age      ] GC(243) - age   8:      21752 bytes,    4687088 total
[2023-11-16T05:58:31.822+0000][7][gc,age      ] GC(243) - age   9:        968 bytes,    4688056 total
[2023-11-16T05:58:31.822+0000][7][gc,age      ] GC(243) - age  10:       6376 bytes,    4694432 total
[2023-11-16T05:58:31.822+0000][7][gc,age      ] GC(243) - age  11:       5800 bytes,    4700232 total
[2023-11-16T05:58:31.822+0000][7][gc,age      ] GC(243) - age  12:     150360 bytes,    4850592 total
[2023-11-16T05:58:31.822+0000][7][gc,age      ] GC(243) - age  13:         72 bytes,    4850664 total
[2023-11-16T05:58:31.822+0000][7][gc,age      ] GC(243) - age  14:     115000 bytes,    4965664 total
[2023-11-16T05:58:31.822+0000][7][gc,age      ] GC(243) - age  15:       1360 bytes,    4967024 total
[2023-11-16T05:58:31.822+0000][7][gc,phases   ] GC(243)   Pre Evacuate Collection Set: 0.1ms
[2023-11-16T05:58:31.822+0000][7][gc,phases   ] GC(243)   Merge Heap Roots: 0.1ms
[2023-11-16T05:58:31.822+0000][7][gc,phases   ] GC(243)   Evacuate Collection Set: 2.6ms
[2023-11-16T05:58:31.822+0000][7][gc,phases   ] GC(243)   Post Evacuate Collection Set: 0.8ms
[2023-11-16T05:58:31.822+0000][7][gc,phases   ] GC(243)   Other: 0.2ms
[2023-11-16T05:58:31.822+0000][7][gc,heap     ] GC(243) Eden regions: 67->0(66)
[2023-11-16T05:58:31.822+0000][7][gc,heap     ] GC(243) Survivor regions: 2->2(9)
[2023-11-16T05:58:31.822+0000][7][gc,heap     ] GC(243) Old regions: 30->30
[2023-11-16T05:58:31.822+0000][7][gc,heap     ] GC(243) Archive regions: 2->2
[2023-11-16T05:58:31.822+0000][7][gc,heap     ] GC(243) Humongous regions: 5->5
[2023-11-16T05:58:31.822+0000][7][gc,metaspace] GC(243) Metaspace: 119507K(121280K)->119507K(121280K) NonClass: 103686K(104704K)->103686K(104704K) Class: 15820K(16576K)->15820K(16576K)
[2023-11-16T05:58:31.822+0000][7][gc          ] GC(243) Pause Young (Normal) (G1 Evacuation Pause) 415M->147M(512M) 3.817ms
[2023-11-16T05:58:31.822+0000][7][gc,cpu      ] GC(243) User=0.03s Sys=0.00s Real=0.00s
[2023-11-16T05:58:31.822+0000][7][safepoint   ] Safepoint "G1CollectForAllocation", Time since last: 1536059203 ns, Reaching safepoint: 142638 ns, At safepoint: 3908986 ns, Total: 4051624 ns
[2023-11-16T05:58:32.887+0000][7][safepoint   ] Safepoint "Cleanup", Time since last: 1064127896 ns, Reaching safepoint: 257287 ns, At safepoint: 6495 ns, Total: 263782 ns
[2023-11-16T05:58:35.887+0000][7][safepoint   ] Safepoint "Cleanup", Time since last: 3000437836 ns, Reaching safepoint: 80008 ns, At safepoint: 10111 ns, Total: 90119 ns
[2023-11-16T05:58:37.573+0000][7][gc,start    ] GC(244) Pause Young (Normal) (G1 Evacuation Pause)
[2023-11-16T05:58:37.573+0000][7][gc,task     ] GC(244) Using 8 workers of 8 for evacuation
[2023-11-16T05:58:37.573+0000][7][gc,age      ] GC(244) Desired survivor size 18874368 bytes, new threshold 15 (max threshold 15)
[2023-11-16T05:58:37.576+0000][7][gc,age      ] GC(244) Age table with threshold 15 (max threshold 15)
[2023-11-16T05:58:37.576+0000][7][gc,age      ] GC(244) - age   1:    1382608 bytes,    1382608 total
[2023-11-16T05:58:37.576+0000][7][gc,age      ] GC(244) - age   2:     579656 bytes,    1962264 total
[2023-11-16T05:58:37.576+0000][7][gc,age      ] GC(244) - age   3:     251560 bytes,    2213824 total
[2023-11-16T05:58:37.576+0000][7][gc,age      ] GC(244) - age   4:     211712 bytes,    2425536 total
[2023-11-16T05:58:37.576+0000][7][gc,age      ] GC(244) - age   5:       1600 bytes,    2427136 total
[2023-11-16T05:58:37.576+0000][7][gc,age      ] GC(244) - age   6:     121896 bytes,    2549032 total
[2023-11-16T05:58:37.576+0000][7][gc,age      ] GC(244) - age   7:     264232 bytes,    2813264 total
[2023-11-16T05:58:37.576+0000][7][gc,age      ] GC(244) - age   8:      27192 bytes,    2840456 total
[2023-11-16T05:58:37.576+0000][7][gc,age      ] GC(244) - age   9:        800 bytes,    2841256 total
[2023-11-16T05:58:37.576+0000][7][gc,age      ] GC(244) - age  10:        776 bytes,    2842032 total
[2023-11-16T05:58:37.576+0000][7][gc,age      ] GC(244) - age  11:       6312 bytes,    2848344 total
[2023-11-16T05:58:37.576+0000][7][gc,age      ] GC(244) - age  12:       5704 bytes,    2854048 total
[2023-11-16T05:58:37.576+0000][7][gc,age      ] GC(244) - age  13:       1288 bytes,    2855336 total
[2023-11-16T05:58:37.576+0000][7][gc,age      ] GC(244) - age  14:         72 bytes,    2855408 total
[2023-11-16T05:58:37.576+0000][7][gc,age      ] GC(244) - age  15:     115000 bytes,    2970408 total
[2023-11-16T05:58:37.576+0000][7][gc,phases   ] GC(244)   Pre Evacuate Collection Set: 0.1ms
[2023-11-16T05:58:37.576+0000][7][gc,phases   ] GC(244)   Merge Heap Roots: 0.0ms
[2023-11-16T05:58:37.576+0000][7][gc,phases   ] GC(244)   Evacuate Collection Set: 2.1ms
[2023-11-16T05:58:37.576+0000][7][gc,phases   ] GC(244)   Post Evacuate Collection Set: 0.7ms
[2023-11-16T05:58:37.577+0000][7][gc,phases   ] GC(244)   Other: 0.2ms
[2023-11-16T05:58:37.577+0000][7][gc,heap     ] GC(244) Eden regions: 66->0(68)
[2023-11-16T05:58:37.577+0000][7][gc,heap     ] GC(244) Survivor regions: 2->1(9)
[2023-11-16T05:58:37.577+0000][7][gc,heap     ] GC(244) Old regions: 30->30
[2023-11-16T05:58:37.577+0000][7][gc,heap     ] GC(244) Archive regions: 2->2
[2023-11-16T05:58:37.577+0000][7][gc,heap     ] GC(244) Humongous regions: 5->5
[2023-11-16T05:58:37.577+0000][7][gc,metaspace] GC(244) Metaspace: 119509K(121280K)->119509K(121280K) NonClass: 103688K(104704K)->103688K(104704K) Class: 15820K(16576K)->15820K(16576K)
[2023-11-16T05:58:37.577+0000][7][gc          ] GC(244) Pause Young (Normal) (G1 Evacuation Pause) 411M->146M(512M) 3.245ms
[2023-11-16T05:58:37.577+0000][7][gc,cpu      ] GC(244) User=0.01s Sys=0.00s Real=0.00s
[2023-11-16T05:58:37.577+0000][7][safepoint   ] Safepoint "G1CollectForAllocation", Time since last: 1685893929 ns, Reaching safepoint: 61073 ns, At safepoint: 3328110 ns, Total: 3389183 ns
[2023-11-16T05:58:38.577+0000][7][safepoint   ] Safepoint "Cleanup", Time since last: 1000122739 ns, Reaching safepoint: 70916 ns, At safepoint: 5159 ns, Total: 76075 ns
[2023-11-16T05:58:41.578+0000][7][safepoint   ] Safepoint "Cleanup", Time since last: 3000693754 ns, Reaching safepoint: 94410 ns, At safepoint: 5036 ns, Total: 99446 ns
[2023-11-16T05:58:46.424+0000][7][gc,start    ] GC(245) Pause Young (Normal) (G1 Evacuation Pause)
[2023-11-16T05:58:46.424+0000][7][gc,task     ] GC(245) Using 8 workers of 8 for evacuation
[2023-11-16T05:58:46.424+0000][7][gc,age      ] GC(245) Desired survivor size 18874368 bytes, new threshold 15 (max threshold 15)
[2023-11-16T05:58:46.427+0000][7][gc,age      ] GC(245) Age table with threshold 15 (max threshold 15)
[2023-11-16T05:58:46.427+0000][7][gc,age      ] GC(245) - age   1:    2439232 bytes,    2439232 total
[2023-11-16T05:58:46.427+0000][7][gc,age      ] GC(245) - age   2:     234304 bytes,    2673536 total
[2023-11-16T05:58:46.427+0000][7][gc,age      ] GC(245) - age   3:     478464 bytes,    3152000 total
[2023-11-16T05:58:46.427+0000][7][gc,age      ] GC(245) - age   4:      21624 bytes,    3173624 total
[2023-11-16T05:58:46.427+0000][7][gc,age      ] GC(245) - age   5:      18176 bytes,    3191800 total
[2023-11-16T05:58:46.427+0000][7][gc,age      ] GC(245) - age   6:       1032 bytes,    3192832 total
[2023-11-16T05:58:46.427+0000][7][gc,age      ] GC(245) - age   7:     121728 bytes,    3314560 total
[2023-11-16T05:58:46.427+0000][7][gc,age      ] GC(245) - age   8:     264168 bytes,    3578728 total
[2023-11-16T05:58:46.427+0000][7][gc,age      ] GC(245) - age   9:      27064 bytes,    3605792 total
[2023-11-16T05:58:46.427+0000][7][gc,age      ] GC(245) - age  10:        736 bytes,    3606528 total
[2023-11-16T05:58:46.427+0000][7][gc,age      ] GC(245) - age  11:        392 bytes,    3606920 total
[2023-11-16T05:58:46.427+0000][7][gc,age      ] GC(245) - age  12:       6312 bytes,    3613232 total
[2023-11-16T05:58:46.427+0000][7][gc,age      ] GC(245) - age  13:       5544 bytes,    3618776 total
[2023-11-16T05:58:46.427+0000][7][gc,age      ] GC(245) - age  14:       1160 bytes,    3619936 total
[2023-11-16T05:58:46.427+0000][7][gc,age      ] GC(245) - age  15:         72 bytes,    3620008 total
[2023-11-16T05:58:46.427+0000][7][gc,phases   ] GC(245)   Pre Evacuate Collection Set: 0.1ms
[2023-11-16T05:58:46.427+0000][7][gc,phases   ] GC(245)   Merge Heap Roots: 0.0ms
[2023-11-16T05:58:46.427+0000][7][gc,phases   ] GC(245)   Evacuate Collection Set: 1.8ms
[2023-11-16T05:58:46.427+0000][7][gc,phases   ] GC(245)   Post Evacuate Collection Set: 0.5ms
[2023-11-16T05:58:46.427+0000][7][gc,phases   ] GC(245)   Other: 0.2ms
[2023-11-16T05:58:46.427+0000][7][gc,heap     ] GC(245) Eden regions: 68->0(67)
[2023-11-16T05:58:46.427+0000][7][gc,heap     ] GC(245) Survivor regions: 1->1(9)
[2023-11-16T05:58:46.427+0000][7][gc,heap     ] GC(245) Old regions: 30->30
[2023-11-16T05:58:46.427+0000][7][gc,heap     ] GC(245) Archive regions: 2->2
[2023-11-16T05:58:46.427+0000][7][gc,heap     ] GC(245) Humongous regions: 5->5
[2023-11-16T05:58:46.427+0000][7][gc,metaspace] GC(245) Metaspace: 119509K(121280K)->119509K(121280K) NonClass: 103688K(104704K)->103688K(104704K) Class: 15820K(16576K)->15820K(16576K)
[2023-11-16T05:58:46.427+0000][7][gc          ] GC(245) Pause Young (Normal) (G1 Evacuation Pause) 418M->146M(512M) 2.753ms
[2023-11-16T05:58:46.427+0000][7][gc,cpu      ] GC(245) User=0.02s Sys=0.00s Real=0.00s
[2023-11-16T05:58:46.427+0000][7][safepoint   ] Safepoint "G1CollectForAllocation", Time since last: 4846371697 ns, Reaching safepoint: 71522 ns, At safepoint: 2829406 ns, Total: 2900928 ns
[2023-11-16T05:58:53.428+0000][7][safepoint   ] Safepoint "Cleanup", Time since last: 7001398495 ns, Reaching safepoint: 34939 ns, At safepoint: 30522 ns, Total: 65461 ns
[2023-11-16T05:58:53.483+0000][7][gc,start    ] GC(246) Pause Young (Normal) (G1 Evacuation Pause)
[2023-11-16T05:58:53.483+0000][7][gc,task     ] GC(246) Using 8 workers of 8 for evacuation
[2023-11-16T05:58:53.483+0000][7][gc,age      ] GC(246) Desired survivor size 18874368 bytes, new threshold 15 (max threshold 15)
[2023-11-16T05:58:53.486+0000][7][gc,age      ] GC(246) Age table with threshold 15 (max threshold 15)
[2023-11-16T05:58:53.486+0000][7][gc,age      ] GC(246) - age   1:    1772664 bytes,    1772664 total
[2023-11-16T05:58:53.486+0000][7][gc,age      ] GC(246) - age   2:     322112 bytes,    2094776 total
[2023-11-16T05:58:53.486+0000][7][gc,age      ] GC(246) - age   3:     231960 bytes,    2326736 total
[2023-11-16T05:58:53.486+0000][7][gc,age      ] GC(246) - age   4:     379968 bytes,    2706704 total
[2023-11-16T05:58:53.486+0000][7][gc,age      ] GC(246) - age   5:      20928 bytes,    2727632 total
[2023-11-16T05:58:53.486+0000][7][gc,age      ] GC(246) - age   6:      17984 bytes,    2745616 total
[2023-11-16T05:58:53.486+0000][7][gc,age      ] GC(246) - age   7:        968 bytes,    2746584 total
[2023-11-16T05:58:53.486+0000][7][gc,age      ] GC(246) - age   8:     121664 bytes,    2868248 total
[2023-11-16T05:58:53.486+0000][7][gc,age      ] GC(246) - age   9:     264040 bytes,    3132288 total
[2023-11-16T05:58:53.486+0000][7][gc,age      ] GC(246) - age  10:      27040 bytes,    3159328 total
[2023-11-16T05:58:53.486+0000][7][gc,age      ] GC(246) - age  11:        272 bytes,    3159600 total
[2023-11-16T05:58:53.486+0000][7][gc,age      ] GC(246) - age  12:        208 bytes,    3159808 total
[2023-11-16T05:58:53.486+0000][7][gc,age      ] GC(246) - age  13:       6248 bytes,    3166056 total
[2023-11-16T05:58:53.486+0000][7][gc,age      ] GC(246) - age  14:       5544 bytes,    3171600 total
[2023-11-16T05:58:53.486+0000][7][gc,age      ] GC(246) - age  15:        968 bytes,    3172568 total
[2023-11-16T05:58:53.486+0000][7][gc,phases   ] GC(246)   Pre Evacuate Collection Set: 0.1ms
[2023-11-16T05:58:53.486+0000][7][gc,phases   ] GC(246)   Merge Heap Roots: 0.0ms
[2023-11-16T05:58:53.486+0000][7][gc,phases   ] GC(246)   Evacuate Collection Set: 1.7ms
[2023-11-16T05:58:53.486+0000][7][gc,phases   ] GC(246)   Post Evacuate Collection Set: 0.6ms
[2023-11-16T05:58:53.486+0000][7][gc,phases   ] GC(246)   Other: 0.3ms
[2023-11-16T05:58:53.486+0000][7][gc,heap     ] GC(246) Eden regions: 67->0(68)
[2023-11-16T05:58:53.486+0000][7][gc,heap     ] GC(246) Survivor regions: 1->1(9)
[2023-11-16T05:58:53.486+0000][7][gc,heap     ] GC(246) Old regions: 30->30
[2023-11-16T05:58:53.486+0000][7][gc,heap     ] GC(246) Archive regions: 2->2
[2023-11-16T05:58:53.486+0000][7][gc,heap     ] GC(246) Humongous regions: 5->5
[2023-11-16T05:58:53.486+0000][7][gc,metaspace] GC(246) Metaspace: 119509K(121280K)->119509K(121280K) NonClass: 103688K(104704K)->103688K(104704K) Class: 15820K(16576K)->15820K(16576K)
[2023-11-16T05:58:53.486+0000][7][gc          ] GC(246) Pause Young (Normal) (G1 Evacuation Pause) 414M->146M(512M) 2.796ms
[2023-11-16T05:58:53.486+0000][7][gc,cpu      ] GC(246) User=0.02s Sys=0.00s Real=0.00s
[2023-11-16T05:58:53.486+0000][7][safepoint   ] Safepoint "G1CollectForAllocation", Time since last: 54564733 ns, Reaching safepoint: 105382 ns, At safepoint: 2875606 ns, Total: 2980988 ns
[2023-11-16T05:58:54.486+0000][7][safepoint   ] Safepoint "Cleanup", Time since last: 1000130135 ns, Reaching safepoint: 70881 ns, At safepoint: 5602 ns, Total: 76483 ns
[2023-11-16T05:58:56.487+0000][7][safepoint   ] Safepoint "Cleanup", Time since last: 2000385528 ns, Reaching safepoint: 42801 ns, At safepoint: 35816 ns, Total: 78617 ns
[2023-11-16T05:58:59.487+0000][7][safepoint   ] Safepoint "Cleanup", Time since last: 3000272701 ns, Reaching safepoint: 57042 ns, At safepoint: 42608 ns, Total: 99650 ns
[2023-11-16T05:58:59.970+0000][7][gc,start    ] GC(247) Pause Young (Normal) (G1 Evacuation Pause)
[2023-11-16T05:58:59.970+0000][7][gc,task     ] GC(247) Using 8 workers of 8 for evacuation
[2023-11-16T05:58:59.970+0000][7][gc,age      ] GC(247) Desired survivor size 18874368 bytes, new threshold 15 (max threshold 15)
[2023-11-16T05:58:59.972+0000][7][gc,age      ] GC(247) Age table with threshold 15 (max threshold 15)
[2023-11-16T05:58:59.972+0000][7][gc,age      ] GC(247) - age   1:    1384112 bytes,    1384112 total
[2023-11-16T05:58:59.972+0000][7][gc,age      ] GC(247) - age   2:     104760 bytes,    1488872 total
[2023-11-16T05:58:59.972+0000][7][gc,age      ] GC(247) - age   3:      98920 bytes,    1587792 total
[2023-11-16T05:58:59.972+0000][7][gc,age      ] GC(247) - age   4:     128576 bytes,    1716368 total
[2023-11-16T05:58:59.972+0000][7][gc,age      ] GC(247) - age   5:     281528 bytes,    1997896 total
[2023-11-16T05:58:59.972+0000][7][gc,age      ] GC(247) - age   6:      13368 bytes,    2011264 total
[2023-11-16T05:58:59.972+0000][7][gc,age      ] GC(247) - age   7:      11448 bytes,    2022712 total
[2023-11-16T05:58:59.972+0000][7][gc,age      ] GC(247) - age   8:        496 bytes,    2023208 total
[2023-11-16T05:58:59.972+0000][7][gc,age      ] GC(247) - age   9:     106360 bytes,    2129568 total
[2023-11-16T05:58:59.972+0000][7][gc,age      ] GC(247) - age  10:     264008 bytes,    2393576 total
[2023-11-16T05:58:59.972+0000][7][gc,age      ] GC(247) - age  11:      26664 bytes,    2420240 total
[2023-11-16T05:58:59.972+0000][7][gc,age      ] GC(247) - age  12:        184 bytes,    2420424 total
[2023-11-16T05:58:59.972+0000][7][gc,age      ] GC(247) - age  13:        208 bytes,    2420632 total
[2023-11-16T05:58:59.972+0000][7][gc,age      ] GC(247) - age  14:       6248 bytes,    2426880 total
[2023-11-16T05:58:59.972+0000][7][gc,age      ] GC(247) - age  15:       5480 bytes,    2432360 total
[2023-11-16T05:58:59.972+0000][7][gc,phases   ] GC(247)   Pre Evacuate Collection Set: 0.1ms
[2023-11-16T05:58:59.972+0000][7][gc,phases   ] GC(247)   Merge Heap Roots: 0.0ms
[2023-11-16T05:58:59.972+0000][7][gc,phases   ] GC(247)   Evacuate Collection Set: 1.4ms
[2023-11-16T05:58:59.972+0000][7][gc,phases   ] GC(247)   Post Evacuate Collection Set: 0.5ms
[2023-11-16T05:58:59.972+0000][7][gc,phases   ] GC(247)   Other: 0.3ms
[2023-11-16T05:58:59.972+0000][7][gc,heap     ] GC(247) Eden regions: 68->0(68)
[2023-11-16T05:58:59.972+0000][7][gc,heap     ] GC(247) Survivor regions: 1->1(9)
[2023-11-16T05:58:59.972+0000][7][gc,heap     ] GC(247) Old regions: 30->30
[2023-11-16T05:58:59.972+0000][7][gc,heap     ] GC(247) Archive regions: 2->2
[2023-11-16T05:58:59.972+0000][7][gc,heap     ] GC(247) Humongous regions: 5->5
[2023-11-16T05:58:59.972+0000][7][gc,metaspace] GC(247) Metaspace: 119513K(121280K)->119513K(121280K) NonClass: 103692K(104704K)->103692K(104704K) Class: 15820K(16576K)->15820K(16576K)
[2023-11-16T05:58:59.972+0000][7][gc          ] GC(247) Pause Young (Normal) (G1 Evacuation Pause) 418M->145M(512M) 2.362ms
[2023-11-16T05:58:59.972+0000][7][gc,cpu      ] GC(247) User=0.01s Sys=0.00s Real=0.00s
[2023-11-16T05:58:59.972+0000][7][safepoint   ] Safepoint "G1CollectForAllocation", Time since last: 482951188 ns, Reaching safepoint: 43882 ns, At safepoint: 2451901 ns, Total: 2495783 ns
[2023-11-16T05:59:02.973+0000][7][safepoint   ] Safepoint "Cleanup", Time since last: 3000775908 ns, Reaching safepoint: 75946 ns, At safepoint: 8250 ns, Total: 84196 ns
[2023-11-16T05:59:03.974+0000][7][safepoint   ] Safepoint "Cleanup", Time since last: 1000256795 ns, Reaching safepoint: 62502 ns, At safepoint: 27083 ns, Total: 89585 ns
[2023-11-16T05:59:04.974+0000][7][safepoint   ] Safepoint "Cleanup", Time since last: 1000370762 ns, Reaching safepoint: 72010 ns, At safepoint: 8324 ns, Total: 80334 ns
[2023-11-16T05:59:05.577+0000][7][gc,start    ] GC(248) Pause Young (Normal) (G1 Evacuation Pause)
[2023-11-16T05:59:05.577+0000][7][gc,task     ] GC(248) Using 8 workers of 8 for evacuation
[2023-11-16T05:59:05.577+0000][7][gc,age      ] GC(248) Desired survivor size 18874368 bytes, new threshold 15 (max threshold 15)
[2023-11-16T05:59:05.580+0000][7][gc,age      ] GC(248) Age table with threshold 15 (max threshold 15)
[2023-11-16T05:59:05.580+0000][7][gc,age      ] GC(248) - age   1:    1669960 bytes,    1669960 total
[2023-11-16T05:59:05.580+0000][7][gc,age      ] GC(248) - age   2:     731024 bytes,    2400984 total
[2023-11-16T05:59:05.580+0000][7][gc,age      ] GC(248) - age   3:     102648 bytes,    2503632 total
[2023-11-16T05:59:05.580+0000][7][gc,age      ] GC(248) - age   4:      98576 bytes,    2602208 total
[2023-11-16T05:59:05.580+0000][7][gc,age      ] GC(248) - age   5:     128040 bytes,    2730248 total
[2023-11-16T05:59:05.580+0000][7][gc,age      ] GC(248) - age   6:     281432 bytes,    3011680 total
[2023-11-16T05:59:05.580+0000][7][gc,age      ] GC(248) - age   7:      12864 bytes,    3024544 total
[2023-11-16T05:59:05.580+0000][7][gc,age      ] GC(248) - age   8:      11224 bytes,    3035768 total
[2023-11-16T05:59:05.580+0000][7][gc,age      ] GC(248) - age   9:        432 bytes,    3036200 total
[2023-11-16T05:59:05.580+0000][7][gc,age      ] GC(248) - age  10:     106144 bytes,    3142344 total
[2023-11-16T05:59:05.580+0000][7][gc,age      ] GC(248) - age  11:     263848 bytes,    3406192 total
[2023-11-16T05:59:05.580+0000][7][gc,age      ] GC(248) - age  12:      26608 bytes,    3432800 total
[2023-11-16T05:59:05.580+0000][7][gc,age      ] GC(248) - age  13:        120 bytes,    3432920 total
[2023-11-16T05:59:05.580+0000][7][gc,age      ] GC(248) - age  14:        208 bytes,    3433128 total
[2023-11-16T05:59:05.580+0000][7][gc,age      ] GC(248) - age  15:       6248 bytes,    3439376 total
[2023-11-16T05:59:05.580+0000][7][gc,phases   ] GC(248)   Pre Evacuate Collection Set: 0.1ms
[2023-11-16T05:59:05.580+0000][7][gc,phases   ] GC(248)   Merge Heap Roots: 0.0ms
[2023-11-16T05:59:05.580+0000][7][gc,phases   ] GC(248)   Evacuate Collection Set: 1.7ms
[2023-11-16T05:59:05.580+0000][7][gc,phases   ] GC(248)   Post Evacuate Collection Set: 0.7ms
[2023-11-16T05:59:05.580+0000][7][gc,phases   ] GC(248)   Other: 0.2ms
[2023-11-16T05:59:05.580+0000][7][gc,heap     ] GC(248) Eden regions: 68->0(68)
[2023-11-16T05:59:05.580+0000][7][gc,heap     ] GC(248) Survivor regions: 1->1(9)
[2023-11-16T05:59:05.580+0000][7][gc,heap     ] GC(248) Old regions: 30->30
[2023-11-16T05:59:05.580+0000][7][gc,heap     ] GC(248) Archive regions: 2->2
[2023-11-16T05:59:05.580+0000][7][gc,heap     ] GC(248) Humongous regions: 5->5
[2023-11-16T05:59:05.580+0000][7][gc,metaspace] GC(248) Metaspace: 119529K(121280K)->119529K(121280K) NonClass: 103708K(104704K)->103708K(104704K) Class: 15820K(16576K)->15820K(16576K)
[2023-11-16T05:59:05.580+0000][7][gc          ] GC(248) Pause Young (Normal) (G1 Evacuation Pause) 417M->146M(512M) 2.753ms
[2023-11-16T05:59:05.580+0000][7][gc,cpu      ] GC(248) User=0.01s Sys=0.00s Real=0.01s
[2023-11-16T05:59:05.580+0000][7][safepoint   ] Safepoint "G1CollectForAllocation", Time since last: 602994516 ns, Reaching safepoint: 48847 ns, At safepoint: 2842617 ns, Total: 2891464 ns
[2023-11-16T05:59:06.580+0000][7][safepoint   ] Safepoint "Cleanup", Time since last: 1000251832 ns, Reaching safepoint: 64045 ns, At safepoint: 4831 ns, Total: 68876 ns
[2023-11-16T05:59:07.580+0000][7][safepoint   ] Safepoint "Cleanup", Time since last: 1000112346 ns, Reaching safepoint: 66080 ns, At safepoint: 46608 ns, Total: 112688 ns
[2023-11-16T05:59:08.581+0000][7][safepoint   ] Safepoint "Cleanup", Time since last: 1000136915 ns, Reaching safepoint: 74169 ns, At safepoint: 6660 ns, Total: 80829 ns
[2023-11-16T05:59:11.581+0000][7][safepoint   ] Safepoint "Cleanup", Time since last: 3000417069 ns, Reaching safepoint: 88002 ns, At safepoint: 8574 ns, Total: 96576 ns
[2023-11-16T05:59:12.581+0000][7][safepoint   ] Safepoint "Cleanup", Time since last: 1000091772 ns, Reaching safepoint: 73271 ns, At safepoint: 4301 ns, Total: 77572 ns
[2023-11-16T05:59:13.493+0000][7][gc,start    ] GC(249) Pause Young (Normal) (G1 Evacuation Pause)
[2023-11-16T05:59:13.493+0000][7][gc,task     ] GC(249) Using 8 workers of 8 for evacuation
[2023-11-16T05:59:13.493+0000][7][gc,age      ] GC(249) Desired survivor size 18874368 bytes, new threshold 15 (max threshold 15)
[2023-11-16T05:59:13.495+0000][7][gc,age      ] GC(249) Age table with threshold 15 (max threshold 15)
[2023-11-16T05:59:13.495+0000][7][gc,age      ] GC(249) - age   1:    2134808 bytes,    2134808 total
[2023-11-16T05:59:13.495+0000][7][gc,age      ] GC(249) - age   2:     473440 bytes,    2608248 total
[2023-11-16T05:59:13.495+0000][7][gc,age      ] GC(249) - age   3:     335600 bytes,    2943848 total
[2023-11-16T05:59:13.495+0000][7][gc,age      ] GC(249) - age   4:     102048 bytes,    3045896 total
[2023-11-16T05:59:13.495+0000][7][gc,age      ] GC(249) - age   5:      98168 bytes,    3144064 total
[2023-11-16T05:59:13.495+0000][7][gc,age      ] GC(249) - age   6:       2992 bytes,    3147056 total
[2023-11-16T05:59:13.495+0000][7][gc,age      ] GC(249) - age   7:     281368 bytes,    3428424 total
[2023-11-16T05:59:13.495+0000][7][gc,age      ] GC(249) - age   8:      12768 bytes,    3441192 total
[2023-11-16T05:59:13.495+0000][7][gc,age      ] GC(249) - age   9:      11192 bytes,    3452384 total
[2023-11-16T05:59:13.495+0000][7][gc,age      ] GC(249) - age  10:        400 bytes,    3452784 total
[2023-11-16T05:59:13.495+0000][7][gc,age      ] GC(249) - age  11:     106144 bytes,    3558928 total
[2023-11-16T05:59:13.495+0000][7][gc,age      ] GC(249) - age  12:     263848 bytes,    3822776 total
[2023-11-16T05:59:13.495+0000][7][gc,age      ] GC(249) - age  13:      26608 bytes,    3849384 total
[2023-11-16T05:59:13.495+0000][7][gc,age      ] GC(249) - age  14:        120 bytes,    3849504 total
[2023-11-16T05:59:13.495+0000][7][gc,age      ] GC(249) - age  15:        208 bytes,    3849712 total
[2023-11-16T05:59:13.495+0000][7][gc,phases   ] GC(249)   Pre Evacuate Collection Set: 0.1ms
[2023-11-16T05:59:13.495+0000][7][gc,phases   ] GC(249)   Merge Heap Roots: 0.0ms
[2023-11-16T05:59:13.495+0000][7][gc,phases   ] GC(249)   Evacuate Collection Set: 1.8ms
[2023-11-16T05:59:13.495+0000][7][gc,phases   ] GC(249)   Post Evacuate Collection Set: 0.5ms
[2023-11-16T05:59:13.495+0000][7][gc,phases   ] GC(249)   Other: 0.2ms
[2023-11-16T05:59:13.495+0000][7][gc,heap     ] GC(249) Eden regions: 68->0(68)
[2023-11-16T05:59:13.495+0000][7][gc,heap     ] GC(249) Survivor regions: 1->1(9)
[2023-11-16T05:59:13.495+0000][7][gc,heap     ] GC(249) Old regions: 30->30
[2023-11-16T05:59:13.495+0000][7][gc,heap     ] GC(249) Archive regions: 2->2
[2023-11-16T05:59:13.495+0000][7][gc,heap     ] GC(249) Humongous regions: 5->5
[2023-11-16T05:59:13.495+0000][7][gc,metaspace] GC(249) Metaspace: 119533K(121280K)->119533K(121280K) NonClass: 103713K(104704K)->103713K(104704K) Class: 15820K(16576K)->15820K(16576K)
[2023-11-16T05:59:13.495+0000][7][gc          ] GC(249) Pause Young (Normal) (G1 Evacuation Pause) 418M->147M(512M) 2.671ms
[2023-11-16T05:59:13.495+0000][7][gc,cpu      ] GC(249) User=0.02s Sys=0.00s Real=0.00s
[2023-11-16T05:59:13.495+0000][7][safepoint   ] Safepoint "G1CollectForAllocation", Time since last: 911162589 ns, Reaching safepoint: 84911 ns, At safepoint: 2772142 ns, Total: 2857053 ns
[2023-11-16T05:59:18.496+0000][7][safepoint   ] Safepoint "Cleanup", Time since last: 5000459731 ns, Reaching safepoint: 53037 ns, At safepoint: 6375 ns, Total: 59412 ns
[2023-11-16T05:59:19.775+0000][7][gc,start    ] GC(250) Pause Young (Normal) (G1 Evacuation Pause)
[2023-11-16T05:59:19.776+0000][7][gc,task     ] GC(250) Using 8 workers of 8 for evacuation
[2023-11-16T05:59:19.776+0000][7][gc,age      ] GC(250) Desired survivor size 18874368 bytes, new threshold 15 (max threshold 15)
[2023-11-16T05:59:19.778+0000][7][gc,age      ] GC(250) Age table with threshold 15 (max threshold 15)
[2023-11-16T05:59:19.778+0000][7][gc,age      ] GC(250) - age   1:    1388872 bytes,    1388872 total
[2023-11-16T05:59:19.778+0000][7][gc,age      ] GC(250) - age   2:     144440 bytes,    1533312 total
[2023-11-16T05:59:19.778+0000][7][gc,age      ] GC(250) - age   3:      10584 bytes,    1543896 total
[2023-11-16T05:59:19.778+0000][7][gc,age      ] GC(250) - age   4:     136176 bytes,    1680072 total
[2023-11-16T05:59:19.778+0000][7][gc,age      ] GC(250) - age   5:     101448 bytes,    1781520 total
[2023-11-16T05:59:19.778+0000][7][gc,age      ] GC(250) - age   6:      98040 bytes,    1879560 total
[2023-11-16T05:59:19.778+0000][7][gc,age      ] GC(250) - age   7:       2896 bytes,    1882456 total
[2023-11-16T05:59:19.778+0000][7][gc,age      ] GC(250) - age   8:     281272 bytes,    2163728 total
[2023-11-16T05:59:19.778+0000][7][gc,age      ] GC(250) - age   9:      12704 bytes,    2176432 total
[2023-11-16T05:59:19.778+0000][7][gc,age      ] GC(250) - age  10:      11064 bytes,    2187496 total
[2023-11-16T05:59:19.778+0000][7][gc,age      ] GC(250) - age  11:        272 bytes,    2187768 total
[2023-11-16T05:59:19.778+0000][7][gc,age      ] GC(250) - age  12:       2456 bytes,    2190224 total
[2023-11-16T05:59:19.778+0000][7][gc,age      ] GC(250) - age  13:     263480 bytes,    2453704 total
[2023-11-16T05:59:19.778+0000][7][gc,age      ] GC(250) - age  14:      26608 bytes,    2480312 total
[2023-11-16T05:59:19.778+0000][7][gc,age      ] GC(250) - age  15:        120 bytes,    2480432 total
[2023-11-16T05:59:19.778+0000][7][gc,phases   ] GC(250)   Pre Evacuate Collection Set: 0.1ms
[2023-11-16T05:59:19.778+0000][7][gc,phases   ] GC(250)   Merge Heap Roots: 0.0ms
[2023-11-16T05:59:19.778+0000][7][gc,phases   ] GC(250)   Evacuate Collection Set: 1.3ms
[2023-11-16T05:59:19.778+0000][7][gc,phases   ] GC(250)   Post Evacuate Collection Set: 0.6ms
[2023-11-16T05:59:19.778+0000][7][gc,phases   ] GC(250)   Other: 0.3ms
[2023-11-16T05:59:19.778+0000][7][gc,heap     ] GC(250) Eden regions: 68->0(68)
[2023-11-16T05:59:19.778+0000][7][gc,heap     ] GC(250) Survivor regions: 1->1(9)
[2023-11-16T05:59:19.778+0000][7][gc,heap     ] GC(250) Old regions: 30->30
[2023-11-16T05:59:19.778+0000][7][gc,heap     ] GC(250) Archive regions: 2->2
[2023-11-16T05:59:19.778+0000][7][gc,heap     ] GC(250) Humongous regions: 5->5
[2023-11-16T05:59:19.778+0000][7][gc,metaspace] GC(250) Metaspace: 119554K(121280K)->119554K(121280K) NonClass: 103729K(104704K)->103729K(104704K) Class: 15824K(16576K)->15824K(16576K)
[2023-11-16T05:59:19.778+0000][7][gc          ] GC(250) Pause Young (Normal) (G1 Evacuation Pause) 419M->145M(512M) 2.352ms
[2023-11-16T05:59:19.778+0000][7][gc,cpu      ] GC(250) User=0.01s Sys=0.00s Real=0.00s
[2023-11-16T05:59:19.778+0000][7][safepoint   ] Safepoint "G1CollectForAllocation", Time since last: 1279502956 ns, Reaching safepoint: 26942 ns, At safepoint: 2452862 ns, Total: 2479804 ns
[2023-11-16T05:59:21.778+0000][7][safepoint   ] Safepoint "Cleanup", Time since last: 2000141059 ns, Reaching safepoint: 61700 ns, At safepoint: 5902 ns, Total: 67602 ns
[2023-11-16T05:59:22.778+0000][7][safepoint   ] Safepoint "Cleanup", Time since last: 1000116229 ns, Reaching safepoint: 65715 ns, At safepoint: 5629 ns, Total: 71344 ns
[2023-11-16T05:59:27.473+0000][7][gc,start    ] GC(251) Pause Young (Normal) (G1 Evacuation Pause)
[2023-11-16T05:59:27.473+0000][7][gc,task     ] GC(251) Using 8 workers of 8 for evacuation
[2023-11-16T05:59:27.473+0000][7][gc,age      ] GC(251) Desired survivor size 18874368 bytes, new threshold 15 (max threshold 15)
[2023-11-16T05:59:27.476+0000][7][gc,age      ] GC(251) Age table with threshold 15 (max threshold 15)
[2023-11-16T05:59:27.476+0000][7][gc,age      ] GC(251) - age   1:    1456600 bytes,    1456600 total
[2023-11-16T05:59:27.476+0000][7][gc,age      ] GC(251) - age   2:     224320 bytes,    1680920 total
[2023-11-16T05:59:27.476+0000][7][gc,age      ] GC(251) - age   3:     140800 bytes,    1821720 total
[2023-11-16T05:59:27.476+0000][7][gc,age      ] GC(251) - age   4:       9712 bytes,    1831432 total
[2023-11-16T05:59:27.476+0000][7][gc,age      ] GC(251) - age   5:     124536 bytes,    1955968 total
[2023-11-16T05:59:27.476+0000][7][gc,age      ] GC(251) - age   6:     101384 bytes,    2057352 total
[2023-11-16T05:59:27.476+0000][7][gc,age      ] GC(251) - age   7:        384 bytes,    2057736 total
[2023-11-16T05:59:27.476+0000][7][gc,age      ] GC(251) - age   8:        440 bytes,    2058176 total
[2023-11-16T05:59:27.476+0000][7][gc,age      ] GC(251) - age   9:     281272 bytes,    2339448 total
[2023-11-16T05:59:27.476+0000][7][gc,age      ] GC(251) - age  10:      12704 bytes,    2352152 total
[2023-11-16T05:59:27.476+0000][7][gc,age      ] GC(251) - age  11:      10800 bytes,    2362952 total
[2023-11-16T05:59:27.476+0000][7][gc,age      ] GC(251) - age  12:        208 bytes,    2363160 total
[2023-11-16T05:59:27.476+0000][7][gc,age      ] GC(251) - age  13:       2456 bytes,    2365616 total
[2023-11-16T05:59:27.476+0000][7][gc,age      ] GC(251) - age  14:     263480 bytes,    2629096 total
[2023-11-16T05:59:27.476+0000][7][gc,age      ] GC(251) - age  15:      26344 bytes,    2655440 total
[2023-11-16T05:59:27.476+0000][7][gc,phases   ] GC(251)   Pre Evacuate Collection Set: 0.1ms
[2023-11-16T05:59:27.476+0000][7][gc,phases   ] GC(251)   Merge Heap Roots: 0.1ms
[2023-11-16T05:59:27.476+0000][7][gc,phases   ] GC(251)   Evacuate Collection Set: 1.5ms
[2023-11-16T05:59:27.476+0000][7][gc,phases   ] GC(251)   Post Evacuate Collection Set: 1.0ms
[2023-11-16T05:59:27.476+0000][7][gc,phases   ] GC(251)   Other: 0.3ms
[2023-11-16T05:59:27.476+0000][7][gc,heap     ] GC(251) Eden regions: 68->0(68)
[2023-11-16T05:59:27.476+0000][7][gc,heap     ] GC(251) Survivor regions: 1->1(9)
[2023-11-16T05:59:27.476+0000][7][gc,heap     ] GC(251) Old regions: 30->30
[2023-11-16T05:59:27.476+0000][7][gc,heap     ] GC(251) Archive regions: 2->2
[2023-11-16T05:59:27.476+0000][7][gc,heap     ] GC(251) Humongous regions: 5->5
[2023-11-16T05:59:27.476+0000][7][gc,metaspace] GC(251) Metaspace: 119554K(121280K)->119554K(121280K) NonClass: 103729K(104704K)->103729K(104704K) Class: 15824K(16576K)->15824K(16576K)
[2023-11-16T05:59:27.476+0000][7][gc          ] GC(251) Pause Young (Normal) (G1 Evacuation Pause) 417M->145M(512M) 2.963ms
[2023-11-16T05:59:27.476+0000][7][gc,cpu      ] GC(251) User=0.01s Sys=0.01s Real=0.00s
[2023-11-16T05:59:27.476+0000][7][safepoint   ] Safepoint "G1CollectForAllocation", Time since last: 4694931253 ns, Reaching safepoint: 94524 ns, At safepoint: 3065876 ns, Total: 3160400 ns
[2023-11-16T05:59:32.477+0000][7][safepoint   ] Safepoint "Cleanup", Time since last: 5000398697 ns, Reaching safepoint: 160015 ns, At safepoint: 3680 ns, Total: 163695 ns
[2023-11-16T05:59:34.819+0000][7][gc,start    ] GC(252) Pause Young (Normal) (G1 Evacuation Pause)
[2023-11-16T05:59:34.819+0000][7][gc,task     ] GC(252) Using 8 workers of 8 for evacuation
[2023-11-16T05:59:34.819+0000][7][gc,age      ] GC(252) Desired survivor size 18874368 bytes, new threshold 15 (max threshold 15)
[2023-11-16T05:59:34.822+0000][7][gc,age      ] GC(252) Age table with threshold 15 (max threshold 15)
[2023-11-16T05:59:34.822+0000][7][gc,age      ] GC(252) - age   1:    1746456 bytes,    1746456 total
[2023-11-16T05:59:34.822+0000][7][gc,age      ] GC(252) - age   2:     399240 bytes,    2145696 total
[2023-11-16T05:59:34.822+0000][7][gc,age      ] GC(252) - age   3:     221456 bytes,    2367152 total
[2023-11-16T05:59:34.822+0000][7][gc,age      ] GC(252) - age   4:     140000 bytes,    2507152 total
[2023-11-16T05:59:34.822+0000][7][gc,age      ] GC(252) - age   5:       9088 bytes,    2516240 total
[2023-11-16T05:59:34.822+0000][7][gc,age      ] GC(252) - age   6:     121360 bytes,    2637600 total
[2023-11-16T05:59:34.822+0000][7][gc,age      ] GC(252) - age   7:       1376 bytes,    2638976 total
[2023-11-16T05:59:34.822+0000][7][gc,age      ] GC(252) - age   8:        256 bytes,    2639232 total
[2023-11-16T05:59:34.822+0000][7][gc,age      ] GC(252) - age   9:        440 bytes,    2639672 total
[2023-11-16T05:59:34.822+0000][7][gc,age      ] GC(252) - age  10:     281088 bytes,    2920760 total
[2023-11-16T05:59:34.822+0000][7][gc,age      ] GC(252) - age  11:      12576 bytes,    2933336 total
[2023-11-16T05:59:34.822+0000][7][gc,age      ] GC(252) - age  12:      10800 bytes,    2944136 total
[2023-11-16T05:59:34.822+0000][7][gc,age      ] GC(252) - age  13:         16 bytes,    2944152 total
[2023-11-16T05:59:34.822+0000][7][gc,age      ] GC(252) - age  14:       2360 bytes,    2946512 total
[2023-11-16T05:59:34.822+0000][7][gc,age      ] GC(252) - age  15:     263480 bytes,    3209992 total
[2023-11-16T05:59:34.822+0000][7][gc,phases   ] GC(252)   Pre Evacuate Collection Set: 0.1ms
[2023-11-16T05:59:34.822+0000][7][gc,phases   ] GC(252)   Merge Heap Roots: 0.0ms
[2023-11-16T05:59:34.822+0000][7][gc,phases   ] GC(252)   Evacuate Collection Set: 1.7ms
[2023-11-16T05:59:34.822+0000][7][gc,phases   ] GC(252)   Post Evacuate Collection Set: 0.5ms
[2023-11-16T05:59:34.822+0000][7][gc,phases   ] GC(252)   Other: 0.4ms
[2023-11-16T05:59:34.822+0000][7][gc,heap     ] GC(252) Eden regions: 68->0(68)
[2023-11-16T05:59:34.822+0000][7][gc,heap     ] GC(252) Survivor regions: 1->1(9)
[2023-11-16T05:59:34.822+0000][7][gc,heap     ] GC(252) Old regions: 30->30
[2023-11-16T05:59:34.822+0000][7][gc,heap     ] GC(252) Archive regions: 2->2
[2023-11-16T05:59:34.822+0000][7][gc,heap     ] GC(252) Humongous regions: 5->5
[2023-11-16T05:59:34.822+0000][7][gc,metaspace] GC(252) Metaspace: 119556K(121280K)->119556K(121280K) NonClass: 103731K(104704K)->103731K(104704K) Class: 15824K(16576K)->15824K(16576K)
[2023-11-16T05:59:34.822+0000][7][gc          ] GC(252) Pause Young (Normal) (G1 Evacuation Pause) 417M->146M(512M) 2.707ms
[2023-11-16T05:59:34.822+0000][7][gc,cpu      ] GC(252) User=0.01s Sys=0.00s Real=0.00s
[2023-11-16T05:59:34.822+0000][7][safepoint   ] Safepoint "G1CollectForAllocation", Time since last: 2342150111 ns, Reaching safepoint: 78097 ns, At safepoint: 2845535 ns, Total: 2923632 ns
[2023-11-16T05:59:41.823+0000][7][safepoint   ] Safepoint "Cleanup", Time since last: 7000984945 ns, Reaching safepoint: 102250 ns, At safepoint: 9342 ns, Total: 111592 ns
[2023-11-16T05:59:42.011+0000][7][gc,start    ] GC(253) Pause Young (Normal) (G1 Evacuation Pause)
[2023-11-16T05:59:42.011+0000][7][gc,task     ] GC(253) Using 8 workers of 8 for evacuation
[2023-11-16T05:59:42.011+0000][7][gc,age      ] GC(253) Desired survivor size 18874368 bytes, new threshold 15 (max threshold 15)
[2023-11-16T05:59:42.016+0000][7][gc,age      ] GC(253) Age table with threshold 15 (max threshold 15)
[2023-11-16T05:59:42.017+0000][7][gc,age      ] GC(253) - age   1:    1361040 bytes,    1361040 total
[2023-11-16T05:59:42.017+0000][7][gc,age      ] GC(253) - age   2:     450776 bytes,    1811816 total
[2023-11-16T05:59:42.017+0000][7][gc,age      ] GC(253) - age   3:     397784 bytes,    2209600 total
[2023-11-16T05:59:42.017+0000][7][gc,age      ] GC(253) - age   4:     220296 bytes,    2429896 total
[2023-11-16T05:59:42.017+0000][7][gc,age      ] GC(253) - age   5:       2712 bytes,    2432608 total
[2023-11-16T05:59:42.017+0000][7][gc,age      ] GC(253) - age   6:       6696 bytes,    2439304 total
[2023-11-16T05:59:42.017+0000][7][gc,age      ] GC(253) - age   7:     121328 bytes,    2560632 total
[2023-11-16T05:59:42.017+0000][7][gc,age      ] GC(253) - age   8:       1216 bytes,    2561848 total
[2023-11-16T05:59:42.017+0000][7][gc,age      ] GC(253) - age   9:        256 bytes,    2562104 total
[2023-11-16T05:59:42.017+0000][7][gc,age      ] GC(253) - age  10:        440 bytes,    2562544 total
[2023-11-16T05:59:42.017+0000][7][gc,age      ] GC(253) - age  11:     281088 bytes,    2843632 total
[2023-11-16T05:59:42.017+0000][7][gc,age      ] GC(253) - age  12:      12576 bytes,    2856208 total
[2023-11-16T05:59:42.017+0000][7][gc,age      ] GC(253) - age  13:      10800 bytes,    2867008 total
[2023-11-16T05:59:42.017+0000][7][gc,age      ] GC(253) - age  14:         16 bytes,    2867024 total
[2023-11-16T05:59:42.017+0000][7][gc,age      ] GC(253) - age  15:       2360 bytes,    2869384 total
[2023-11-16T05:59:42.017+0000][7][gc,phases   ] GC(253)   Pre Evacuate Collection Set: 0.1ms
[2023-11-16T05:59:42.017+0000][7][gc,phases   ] GC(253)   Merge Heap Roots: 0.0ms
[2023-11-16T05:59:42.017+0000][7][gc,phases   ] GC(253)   Evacuate Collection Set: 4.9ms
[2023-11-16T05:59:42.017+0000][7][gc,phases   ] GC(253)   Post Evacuate Collection Set: 0.8ms
[2023-11-16T05:59:42.017+0000][7][gc,phases   ] GC(253)   Other: 0.4ms
[2023-11-16T05:59:42.017+0000][7][gc,heap     ] GC(253) Eden regions: 68->0(68)
[2023-11-16T05:59:42.017+0000][7][gc,heap     ] GC(253) Survivor regions: 1->1(9)
[2023-11-16T05:59:42.017+0000][7][gc,heap     ] GC(253) Old regions: 30->30
[2023-11-16T05:59:42.017+0000][7][gc,heap     ] GC(253) Archive regions: 2->2
[2023-11-16T05:59:42.017+0000][7][gc,heap     ] GC(253) Humongous regions: 5->5
[2023-11-16T05:59:42.017+0000][7][gc,metaspace] GC(253) Metaspace: 119556K(121280K)->119556K(121280K) NonClass: 103731K(104704K)->103731K(104704K) Class: 15824K(16576K)->15824K(16576K)
[2023-11-16T05:59:42.017+0000][7][gc          ] GC(253) Pause Young (Normal) (G1 Evacuation Pause) 418M->146M(512M) 6.219ms
[2023-11-16T05:59:42.017+0000][7][gc,cpu      ] GC(253) User=0.02s Sys=0.00s Real=0.00s
[2023-11-16T05:59:42.017+0000][7][safepoint   ] Safepoint "G1CollectForAllocation", Time since last: 187355152 ns, Reaching safepoint: 29824 ns, At safepoint: 6300910 ns, Total: 6330734 ns
[2023-11-16T05:59:49.938+0000][7][gc,start    ] GC(254) Pause Young (Normal) (G1 Evacuation Pause)
[2023-11-16T05:59:49.938+0000][7][gc,task     ] GC(254) Using 8 workers of 8 for evacuation
[2023-11-16T05:59:49.938+0000][7][gc,age      ] GC(254) Desired survivor size 18874368 bytes, new threshold 15 (max threshold 15)
[2023-11-16T05:59:49.940+0000][7][gc,age      ] GC(254) Age table with threshold 15 (max threshold 15)
[2023-11-16T05:59:49.940+0000][7][gc,age      ] GC(254) - age   1:    1389576 bytes,    1389576 total
[2023-11-16T05:59:49.940+0000][7][gc,age      ] GC(254) - age   2:     229672 bytes,    1619248 total
[2023-11-16T05:59:49.940+0000][7][gc,age      ] GC(254) - age   3:     105936 bytes,    1725184 total
[2023-11-16T05:59:49.940+0000][7][gc,age      ] GC(254) - age   4:     187040 bytes,    1912224 total
[2023-11-16T05:59:49.940+0000][7][gc,age      ] GC(254) - age   5:     220264 bytes,    2132488 total
[2023-11-16T05:59:49.940+0000][7][gc,age      ] GC(254) - age   6:       2648 bytes,    2135136 total
[2023-11-16T05:59:49.940+0000][7][gc,age      ] GC(254) - age   7:       6344 bytes,    2141480 total
[2023-11-16T05:59:49.940+0000][7][gc,age      ] GC(254) - age   8:       2592 bytes,    2144072 total
[2023-11-16T05:59:49.940+0000][7][gc,age      ] GC(254) - age   9:        968 bytes,    2145040 total
[2023-11-16T05:59:49.940+0000][7][gc,age      ] GC(254) - age  10:         64 bytes,    2145104 total
[2023-11-16T05:59:49.940+0000][7][gc,age      ] GC(254) - age  11:        440 bytes,    2145544 total
[2023-11-16T05:59:49.940+0000][7][gc,age      ] GC(254) - age  12:     281088 bytes,    2426632 total
[2023-11-16T05:59:49.940+0000][7][gc,age      ] GC(254) - age  13:      12576 bytes,    2439208 total
[2023-11-16T05:59:49.940+0000][7][gc,age      ] GC(254) - age  14:      10736 bytes,    2449944 total
[2023-11-16T05:59:49.940+0000][7][gc,age      ] GC(254) - age  15:         16 bytes,    2449960 total
[2023-11-16T05:59:49.940+0000][7][gc,phases   ] GC(254)   Pre Evacuate Collection Set: 0.1ms
[2023-11-16T05:59:49.940+0000][7][gc,phases   ] GC(254)   Merge Heap Roots: 0.0ms
[2023-11-16T05:59:49.940+0000][7][gc,phases   ] GC(254)   Evacuate Collection Set: 1.2ms
[2023-11-16T05:59:49.940+0000][7][gc,phases   ] GC(254)   Post Evacuate Collection Set: 0.6ms
[2023-11-16T05:59:49.940+0000][7][gc,phases   ] GC(254)   Other: 0.3ms
[2023-11-16T05:59:49.940+0000][7][gc,heap     ] GC(254) Eden regions: 68->0(68)
[2023-11-16T05:59:49.940+0000][7][gc,heap     ] GC(254) Survivor regions: 1->1(9)
[2023-11-16T05:59:49.940+0000][7][gc,heap     ] GC(254) Old regions: 30->30
[2023-11-16T05:59:49.940+0000][7][gc,heap     ] GC(254) Archive regions: 2->2
[2023-11-16T05:59:49.940+0000][7][gc,heap     ] GC(254) Humongous regions: 5->5
[2023-11-16T05:59:49.940+0000][7][gc,metaspace] GC(254) Metaspace: 119556K(121280K)->119556K(121280K) NonClass: 103731K(104704K)->103731K(104704K) Class: 15824K(16576K)->15824K(16576K)
[2023-11-16T05:59:49.940+0000][7][gc          ] GC(254) Pause Young (Normal) (G1 Evacuation Pause) 418M->145M(512M) 2.217ms
[2023-11-16T05:59:49.940+0000][7][gc,cpu      ] GC(254) User=0.01s Sys=0.00s Real=0.01s
[2023-11-16T05:59:49.940+0000][7][safepoint   ] Safepoint "G1CollectForAllocation", Time since last: 7920891536 ns, Reaching safepoint: 22546 ns, At safepoint: 2303913 ns, Total: 2326459 ns
[2023-11-16T05:59:57.016+0000][7][gc,start    ] GC(255) Pause Young (Normal) (G1 Evacuation Pause)
[2023-11-16T05:59:57.016+0000][7][gc,task     ] GC(255) Using 8 workers of 8 for evacuation
[2023-11-16T05:59:57.016+0000][7][gc,age      ] GC(255) Desired survivor size 18874368 bytes, new threshold 15 (max threshold 15)
[2023-11-16T05:59:57.018+0000][7][gc,age      ] GC(255) Age table with threshold 15 (max threshold 15)
[2023-11-16T05:59:57.018+0000][7][gc,age      ] GC(255) - age   1:    1659912 bytes,    1659912 total
[2023-11-16T05:59:57.018+0000][7][gc,age      ] GC(255) - age   2:     228864 bytes,    1888776 total
[2023-11-16T05:59:57.018+0000][7][gc,age      ] GC(255) - age   3:     128600 bytes,    2017376 total
[2023-11-16T05:59:57.018+0000][7][gc,age      ] GC(255) - age   4:     104752 bytes,    2122128 total
[2023-11-16T05:59:57.018+0000][7][gc,age      ] GC(255) - age   5:      76792 bytes,    2198920 total
[2023-11-16T05:59:57.018+0000][7][gc,age      ] GC(255) - age   6:     220200 bytes,    2419120 total
[2023-11-16T05:59:57.019+0000][7][gc,age      ] GC(255) - age   7:       2648 bytes,    2421768 total
[2023-11-16T05:59:57.019+0000][7][gc,age      ] GC(255) - age   8:       6280 bytes,    2428048 total
[2023-11-16T05:59:57.019+0000][7][gc,age      ] GC(255) - age   9:       2112 bytes,    2430160 total
[2023-11-16T05:59:57.019+0000][7][gc,age      ] GC(255) - age  10:        600 bytes,    2430760 total
[2023-11-16T05:59:57.019+0000][7][gc,age      ] GC(255) - age  11:         64 bytes,    2430824 total
[2023-11-16T05:59:57.019+0000][7][gc,age      ] GC(255) - age  12:        440 bytes,    2431264 total
[2023-11-16T05:59:57.019+0000][7][gc,age      ] GC(255) - age  13:     281088 bytes,    2712352 total
[2023-11-16T05:59:57.019+0000][7][gc,age      ] GC(255) - age  14:      12576 bytes,    2724928 total
[2023-11-16T05:59:57.019+0000][7][gc,age      ] GC(255) - age  15:      10736 bytes,    2735664 total
[2023-11-16T05:59:57.019+0000][7][gc,phases   ] GC(255)   Pre Evacuate Collection Set: 0.2ms
[2023-11-16T05:59:57.019+0000][7][gc,phases   ] GC(255)   Merge Heap Roots: 0.1ms
[2023-11-16T05:59:57.019+0000][7][gc,phases   ] GC(255)   Evacuate Collection Set: 1.8ms
[2023-11-16T05:59:57.019+0000][7][gc,phases   ] GC(255)   Post Evacuate Collection Set: 0.5ms
[2023-11-16T05:59:57.019+0000][7][gc,phases   ] GC(255)   Other: 0.4ms
[2023-11-16T05:59:57.019+0000][7][gc,heap     ] GC(255) Eden regions: 68->0(68)
[2023-11-16T05:59:57.019+0000][7][gc,heap     ] GC(255) Survivor regions: 1->1(9)
[2023-11-16T05:59:57.019+0000][7][gc,heap     ] GC(255) Old regions: 30->30
[2023-11-16T05:59:57.019+0000][7][gc,heap     ] GC(255) Archive regions: 2->2
[2023-11-16T05:59:57.019+0000][7][gc,heap     ] GC(255) Humongous regions: 5->5
[2023-11-16T05:59:57.019+0000][7][gc,metaspace] GC(255) Metaspace: 119557K(121280K)->119557K(121280K) NonClass: 103732K(104704K)->103732K(104704K) Class: 15824K(16576K)->15824K(16576K)
[2023-11-16T05:59:57.019+0000][7][gc          ] GC(255) Pause Young (Normal) (G1 Evacuation Pause) 417M->146M(512M) 2.957ms
[2023-11-16T05:59:57.019+0000][7][gc,cpu      ] GC(255) User=0.01s Sys=0.00s Real=0.01s
[2023-11-16T05:59:57.019+0000][7][safepoint   ] Safepoint "G1CollectForAllocation", Time since last: 7075519036 ns, Reaching safepoint: 85903 ns, At safepoint: 3069314 ns, Total: 3155217 ns
[2023-11-16T05:59:59.019+0000][7][safepoint   ] Safepoint "Cleanup", Time since last: 2000166493 ns, Reaching safepoint: 45316 ns, At safepoint: 26766 ns, Total: 72082 ns
[2023-11-16T06:00:02.020+0000][7][safepoint   ] Safepoint "Cleanup", Time since last: 3000536078 ns, Reaching safepoint: 77941 ns, At safepoint: 35082 ns, Total: 113023 ns
[2023-11-16T06:00:04.629+0000][7][gc,start    ] GC(256) Pause Young (Normal) (G1 Evacuation Pause)
[2023-11-16T06:00:04.629+0000][7][gc,task     ] GC(256) Using 8 workers of 8 for evacuation
[2023-11-16T06:00:04.629+0000][7][gc,age      ] GC(256) Desired survivor size 18874368 bytes, new threshold 15 (max threshold 15)
[2023-11-16T06:00:04.631+0000][7][gc,age      ] GC(256) Age table with threshold 15 (max threshold 15)
[2023-11-16T06:00:04.631+0000][7][gc,age      ] GC(256) - age   1:    2233856 bytes,    2233856 total
[2023-11-16T06:00:04.631+0000][7][gc,age      ] GC(256) - age   2:     321152 bytes,    2555008 total
[2023-11-16T06:00:04.631+0000][7][gc,age      ] GC(256) - age   3:     210952 bytes,    2765960 total
[2023-11-16T06:00:04.631+0000][7][gc,age      ] GC(256) - age   4:     127472 bytes,    2893432 total
[2023-11-16T06:00:04.631+0000][7][gc,age      ] GC(256) - age   5:       1080 bytes,    2894512 total
[2023-11-16T06:00:04.631+0000][7][gc,age      ] GC(256) - age   6:      75304 bytes,    2969816 total
[2023-11-16T06:00:04.631+0000][7][gc,age      ] GC(256) - age   7:     220200 bytes,    3190016 total
[2023-11-16T06:00:04.631+0000][7][gc,age      ] GC(256) - age   8:       2584 bytes,    3192600 total
[2023-11-16T06:00:04.631+0000][7][gc,age      ] GC(256) - age   9:       6216 bytes,    3198816 total
[2023-11-16T06:00:04.631+0000][7][gc,age      ] GC(256) - age  10:       1888 bytes,    3200704 total
[2023-11-16T06:00:04.631+0000][7][gc,age      ] GC(256) - age  11:        568 bytes,    3201272 total
[2023-11-16T06:00:04.631+0000][7][gc,age      ] GC(256) - age  12:         64 bytes,    3201336 total
[2023-11-16T06:00:04.631+0000][7][gc,age      ] GC(256) - age  13:        440 bytes,    3201776 total
[2023-11-16T06:00:04.631+0000][7][gc,age      ] GC(256) - age  14:     281088 bytes,    3482864 total
[2023-11-16T06:00:04.631+0000][7][gc,age      ] GC(256) - age  15:      12576 bytes,    3495440 total
[2023-11-16T06:00:04.631+0000][7][gc,phases   ] GC(256)   Pre Evacuate Collection Set: 0.1ms
[2023-11-16T06:00:04.631+0000][7][gc,phases   ] GC(256)   Merge Heap Roots: 0.1ms
[2023-11-16T06:00:04.631+0000][7][gc,phases   ] GC(256)   Evacuate Collection Set: 1.6ms
[2023-11-16T06:00:04.631+0000][7][gc,phases   ] GC(256)   Post Evacuate Collection Set: 0.7ms
[2023-11-16T06:00:04.631+0000][7][gc,phases   ] GC(256)   Other: 0.2ms
[2023-11-16T06:00:04.631+0000][7][gc,heap     ] GC(256) Eden regions: 68->0(68)
[2023-11-16T06:00:04.631+0000][7][gc,heap     ] GC(256) Survivor regions: 1->1(9)
[2023-11-16T06:00:04.631+0000][7][gc,heap     ] GC(256) Old regions: 30->30
[2023-11-16T06:00:04.631+0000][7][gc,heap     ] GC(256) Archive regions: 2->2
[2023-11-16T06:00:04.631+0000][7][gc,heap     ] GC(256) Humongous regions: 5->5
[2023-11-16T06:00:04.631+0000][7][gc,metaspace] GC(256) Metaspace: 119557K(121280K)->119557K(121280K) NonClass: 103732K(104704K)->103732K(104704K) Class: 15824K(16576K)->15824K(16576K)
[2023-11-16T06:00:04.631+0000][7][gc          ] GC(256) Pause Young (Normal) (G1 Evacuation Pause) 418M->147M(512M) 2.676ms
[2023-11-16T06:00:04.631+0000][7][gc,cpu      ] GC(256) User=0.01s Sys=0.00s Real=0.00s
[2023-11-16T06:00:04.631+0000][7][safepoint   ] Safepoint "G1CollectForAllocation", Time since last: 2608907486 ns, Reaching safepoint: 55504 ns, At safepoint: 2731621 ns, Total: 2787125 ns
[2023-11-16T06:00:08.632+0000][7][safepoint   ] Safepoint "Cleanup", Time since last: 4000421867 ns, Reaching safepoint: 72138 ns, At safepoint: 26552 ns, Total: 98690 ns
[2023-11-16T06:00:11.127+0000][7][gc,start    ] GC(257) Pause Young (Normal) (G1 Evacuation Pause)
[2023-11-16T06:00:11.127+0000][7][gc,task     ] GC(257) Using 8 workers of 8 for evacuation
[2023-11-16T06:00:11.127+0000][7][gc,age      ] GC(257) Desired survivor size 18874368 bytes, new threshold 15 (max threshold 15)
[2023-11-16T06:00:11.130+0000][7][gc,age      ] GC(257) Age table with threshold 15 (max threshold 15)
[2023-11-16T06:00:11.130+0000][7][gc,age      ] GC(257) - age   1:    1865288 bytes,    1865288 total
[2023-11-16T06:00:11.130+0000][7][gc,age      ] GC(257) - age   2:     406760 bytes,    2272048 total
[2023-11-16T06:00:11.130+0000][7][gc,age      ] GC(257) - age   3:     319312 bytes,    2591360 total
[2023-11-16T06:00:11.130+0000][7][gc,age      ] GC(257) - age   4:     210632 bytes,    2801992 total
[2023-11-16T06:00:11.130+0000][7][gc,age      ] GC(257) - age   5:     127400 bytes,    2929392 total
[2023-11-16T06:00:11.130+0000][7][gc,age      ] GC(257) - age   6:       1016 bytes,    2930408 total
[2023-11-16T06:00:11.130+0000][7][gc,age      ] GC(257) - age   7:      47784 bytes,    2978192 total
[2023-11-16T06:00:11.130+0000][7][gc,age      ] GC(257) - age   8:     119920 bytes,    3098112 total
[2023-11-16T06:00:11.130+0000][7][gc,age      ] GC(257) - age   9:       2560 bytes,    3100672 total
[2023-11-16T06:00:11.130+0000][7][gc,age      ] GC(257) - age  10:       6168 bytes,    3106840 total
[2023-11-16T06:00:11.130+0000][7][gc,age      ] GC(257) - age  11:       1888 bytes,    3108728 total
[2023-11-16T06:00:11.130+0000][7][gc,age      ] GC(257) - age  12:        568 bytes,    3109296 total
[2023-11-16T06:00:11.130+0000][7][gc,age      ] GC(257) - age  14:        440 bytes,    3109736 total
[2023-11-16T06:00:11.130+0000][7][gc,age      ] GC(257) - age  15:     281088 bytes,    3390824 total
[2023-11-16T06:00:11.130+0000][7][gc,phases   ] GC(257)   Pre Evacuate Collection Set: 0.1ms
[2023-11-16T06:00:11.130+0000][7][gc,phases   ] GC(257)   Merge Heap Roots: 0.0ms
[2023-11-16T06:00:11.130+0000][7][gc,phases   ] GC(257)   Evacuate Collection Set: 1.9ms
[2023-11-16T06:00:11.130+0000][7][gc,phases   ] GC(257)   Post Evacuate Collection Set: 0.7ms
[2023-11-16T06:00:11.130+0000][7][gc,phases   ] GC(257)   Other: 0.2ms
[2023-11-16T06:00:11.130+0000][7][gc,heap     ] GC(257) Eden regions: 68->0(68)
[2023-11-16T06:00:11.130+0000][7][gc,heap     ] GC(257) Survivor regions: 1->1(9)
[2023-11-16T06:00:11.130+0000][7][gc,heap     ] GC(257) Old regions: 30->30
[2023-11-16T06:00:11.130+0000][7][gc,heap     ] GC(257) Archive regions: 2->2
[2023-11-16T06:00:11.130+0000][7][gc,heap     ] GC(257) Humongous regions: 5->5
[2023-11-16T06:00:11.130+0000][7][gc,metaspace] GC(257) Metaspace: 119558K(121280K)->119558K(121280K) NonClass: 103733K(104704K)->103733K(104704K) Class: 15824K(16576K)->15824K(16576K)
[2023-11-16T06:00:11.130+0000][7][gc          ] GC(257) Pause Young (Normal) (G1 Evacuation Pause) 419M->146M(512M) 2.993ms
[2023-11-16T06:00:11.130+0000][7][gc,cpu      ] GC(257) User=0.02s Sys=0.00s Real=0.01s
[2023-11-16T06:00:11.130+0000][7][safepoint   ] Safepoint "G1CollectForAllocation", Time since last: 2495262857 ns, Reaching safepoint: 37118 ns, At safepoint: 3058415 ns, Total: 3095533 ns
[2023-11-16T06:00:13.130+0000][7][safepoint   ] Safepoint "Cleanup", Time since last: 2000223452 ns, Reaching safepoint: 73262 ns, At safepoint: 8599 ns, Total: 81861 ns
[2023-11-16T06:00:15.131+0000][7][safepoint   ] Safepoint "Cleanup", Time since last: 2000302652 ns, Reaching safepoint: 155830 ns, At safepoint: 5646 ns, Total: 161476 ns
[2023-11-16T06:00:22.214+0000][7][gc,start    ] GC(258) Pause Young (Normal) (G1 Evacuation Pause)
[2023-11-16T06:00:22.214+0000][7][gc,task     ] GC(258) Using 8 workers of 8 for evacuation
[2023-11-16T06:00:22.214+0000][7][gc,age      ] GC(258) Desired survivor size 18874368 bytes, new threshold 15 (max threshold 15)
[2023-11-16T06:00:22.223+0000][7][gc,age      ] GC(258) Age table with threshold 15 (max threshold 15)
[2023-11-16T06:00:22.223+0000][7][gc,age      ] GC(258) - age   1:    2401088 bytes,    2401088 total
[2023-11-16T06:00:22.223+0000][7][gc,age      ] GC(258) - age   2:     428448 bytes,    2829536 total
[2023-11-16T06:00:22.223+0000][7][gc,age      ] GC(258) - age   3:     150040 bytes,    2979576 total
[2023-11-16T06:00:22.223+0000][7][gc,age      ] GC(258) - age   4:     111872 bytes,    3091448 total
[2023-11-16T06:00:22.223+0000][7][gc,age      ] GC(258) - age   5:     118160 bytes,    3209608 total
[2023-11-16T06:00:22.223+0000][7][gc,age      ] GC(258) - age   6:     127280 bytes,    3336888 total
[2023-11-16T06:00:22.223+0000][7][gc,age      ] GC(258) - age   7:        952 bytes,    3337840 total
[2023-11-16T06:00:22.223+0000][7][gc,age      ] GC(258) - age   8:       1600 bytes,    3339440 total
[2023-11-16T06:00:22.223+0000][7][gc,age      ] GC(258) - age   9:      16688 bytes,    3356128 total
[2023-11-16T06:00:22.223+0000][7][gc,age      ] GC(258) - age  10:       2224 bytes,    3358352 total
[2023-11-16T06:00:22.223+0000][7][gc,age      ] GC(258) - age  11:       6136 bytes,    3364488 total
[2023-11-16T06:00:22.223+0000][7][gc,age      ] GC(258) - age  12:       1888 bytes,    3366376 total
[2023-11-16T06:00:22.223+0000][7][gc,age      ] GC(258) - age  13:        568 bytes,    3366944 total
[2023-11-16T06:00:22.223+0000][7][gc,age      ] GC(258) - age  15:        440 bytes,    3367384 total
[2023-11-16T06:00:22.223+0000][7][gc,phases   ] GC(258)   Pre Evacuate Collection Set: 0.1ms
[2023-11-16T06:00:22.223+0000][7][gc,phases   ] GC(258)   Merge Heap Roots: 0.0ms
[2023-11-16T06:00:22.223+0000][7][gc,phases   ] GC(258)   Evacuate Collection Set: 8.2ms
[2023-11-16T06:00:22.223+0000][7][gc,phases   ] GC(258)   Post Evacuate Collection Set: 0.8ms
[2023-11-16T06:00:22.223+0000][7][gc,phases   ] GC(258)   Other: 0.2ms
[2023-11-16T06:00:22.223+0000][7][gc,heap     ] GC(258) Eden regions: 68->0(68)
[2023-11-16T06:00:22.223+0000][7][gc,heap     ] GC(258) Survivor regions: 1->1(9)
[2023-11-16T06:00:22.223+0000][7][gc,heap     ] GC(258) Old regions: 30->30
[2023-11-16T06:00:22.223+0000][7][gc,heap     ] GC(258) Archive regions: 2->2
[2023-11-16T06:00:22.223+0000][7][gc,heap     ] GC(258) Humongous regions: 5->5
[2023-11-16T06:00:22.223+0000][7][gc,metaspace] GC(258) Metaspace: 119576K(121344K)->119576K(121344K) NonClass: 103752K(104768K)->103752K(104768K) Class: 15824K(16576K)->15824K(16576K)
[2023-11-16T06:00:22.223+0000][7][gc          ] GC(258) Pause Young (Normal) (G1 Evacuation Pause) 418M->147M(512M) 9.451ms
[2023-11-16T06:00:22.223+0000][7][gc,cpu      ] GC(258) User=0.03s Sys=0.00s Real=0.01s
[2023-11-16T06:00:22.223+0000][7][safepoint   ] Safepoint "G1CollectForAllocation", Time since last: 7082445340 ns, Reaching safepoint: 152609 ns, At safepoint: 9514970 ns, Total: 9667579 ns
[2023-11-16T06:00:23.223+0000][7][safepoint   ] Safepoint "Cleanup", Time since last: 1000333803 ns, Reaching safepoint: 97716 ns, At safepoint: 8611 ns, Total: 106327 ns
[2023-11-16T06:00:25.754+0000][7][gc,start    ] GC(259) Pause Young (Normal) (G1 Evacuation Pause)
[2023-11-16T06:00:25.754+0000][7][gc,task     ] GC(259) Using 8 workers of 8 for evacuation
[2023-11-16T06:00:25.754+0000][7][gc,age      ] GC(259) Desired survivor size 18874368 bytes, new threshold 15 (max threshold 15)
[2023-11-16T06:00:25.757+0000][7][gc,age      ] GC(259) Age table with threshold 15 (max threshold 15)
[2023-11-16T06:00:25.757+0000][7][gc,age      ] GC(259) - age   1:    1423480 bytes,    1423480 total
[2023-11-16T06:00:25.757+0000][7][gc,age      ] GC(259) - age   2:     662304 bytes,    2085784 total
[2023-11-16T06:00:25.757+0000][7][gc,age      ] GC(259) - age   3:     424680 bytes,    2510464 total
[2023-11-16T06:00:25.757+0000][7][gc,age      ] GC(259) - age   4:     149392 bytes,    2659856 total
[2023-11-16T06:00:25.757+0000][7][gc,age      ] GC(259) - age   5:     103920 bytes,    2763776 total
[2023-11-16T06:00:25.757+0000][7][gc,age      ] GC(259) - age   6:     117656 bytes,    2881432 total
[2023-11-16T06:00:25.757+0000][7][gc,age      ] GC(259) - age   7:     126928 bytes,    3008360 total
[2023-11-16T06:00:25.757+0000][7][gc,age      ] GC(259) - age   8:        624 bytes,    3008984 total
[2023-11-16T06:00:25.757+0000][7][gc,age      ] GC(259) - age   9:       1536 bytes,    3010520 total
[2023-11-16T06:00:25.757+0000][7][gc,age      ] GC(259) - age  10:      16592 bytes,    3027112 total
[2023-11-16T06:00:25.757+0000][7][gc,age      ] GC(259) - age  11:       2160 bytes,    3029272 total
[2023-11-16T06:00:25.757+0000][7][gc,age      ] GC(259) - age  12:       6008 bytes,    3035280 total
[2023-11-16T06:00:25.757+0000][7][gc,age      ] GC(259) - age  13:       1888 bytes,    3037168 total
[2023-11-16T06:00:25.757+0000][7][gc,age      ] GC(259) - age  14:        568 bytes,    3037736 total
[2023-11-16T06:00:25.757+0000][7][gc,phases   ] GC(259)   Pre Evacuate Collection Set: 0.1ms
[2023-11-16T06:00:25.757+0000][7][gc,phases   ] GC(259)   Merge Heap Roots: 0.0ms
[2023-11-16T06:00:25.757+0000][7][gc,phases   ] GC(259)   Evacuate Collection Set: 1.8ms
[2023-11-16T06:00:25.757+0000][7][gc,phases   ] GC(259)   Post Evacuate Collection Set: 0.6ms
[2023-11-16T06:00:25.757+0000][7][gc,phases   ] GC(259)   Other: 0.2ms
[2023-11-16T06:00:25.757+0000][7][gc,heap     ] GC(259) Eden regions: 68->0(68)
[2023-11-16T06:00:25.757+0000][7][gc,heap     ] GC(259) Survivor regions: 1->1(9)
[2023-11-16T06:00:25.757+0000][7][gc,heap     ] GC(259) Old regions: 30->30
[2023-11-16T06:00:25.757+0000][7][gc,heap     ] GC(259) Archive regions: 2->2
[2023-11-16T06:00:25.757+0000][7][gc,heap     ] GC(259) Humongous regions: 5->5
[2023-11-16T06:00:25.757+0000][7][gc,metaspace] GC(259) Metaspace: 119590K(121344K)->119590K(121344K) NonClass: 103766K(104768K)->103766K(104768K) Class: 15824K(16576K)->15824K(16576K)
[2023-11-16T06:00:25.757+0000][7][gc          ] GC(259) Pause Young (Normal) (G1 Evacuation Pause) 419M->146M(512M) 2.831ms
[2023-11-16T06:00:25.757+0000][7][gc,cpu      ] GC(259) User=0.01s Sys=0.00s Real=0.00s
[2023-11-16T06:00:25.757+0000][7][safepoint   ] Safepoint "G1CollectForAllocation", Time since last: 2530668386 ns, Reaching safepoint: 49516 ns, At safepoint: 2924103 ns, Total: 2973619 ns
[2023-11-16T06:00:31.758+0000][7][safepoint   ] Safepoint "Cleanup", Time since last: 6000454599 ns, Reaching safepoint: 67842 ns, At safepoint: 7498 ns, Total: 75340 ns
[2023-11-16T06:00:33.237+0000][7][gc,start    ] GC(260) Pause Young (Normal) (G1 Evacuation Pause)
[2023-11-16T06:00:33.237+0000][7][gc,task     ] GC(260) Using 8 workers of 8 for evacuation
[2023-11-16T06:00:33.237+0000][7][gc,age      ] GC(260) Desired survivor size 18874368 bytes, new threshold 15 (max threshold 15)
[2023-11-16T06:00:33.240+0000][7][gc,age      ] GC(260) Age table with threshold 15 (max threshold 15)
[2023-11-16T06:00:33.240+0000][7][gc,age      ] GC(260) - age   1:    2476448 bytes,    2476448 total
[2023-11-16T06:00:33.240+0000][7][gc,age      ] GC(260) - age   2:     407952 bytes,    2884400 total
[2023-11-16T06:00:33.240+0000][7][gc,age      ] GC(260) - age   3:     363552 bytes,    3247952 total
[2023-11-16T06:00:33.240+0000][7][gc,age      ] GC(260) - age   4:     128832 bytes,    3376784 total
[2023-11-16T06:00:33.240+0000][7][gc,age      ] GC(260) - age   5:     144544 bytes,    3521328 total
[2023-11-16T06:00:33.240+0000][7][gc,age      ] GC(260) - age   6:     101800 bytes,    3623128 total
[2023-11-16T06:00:33.240+0000][7][gc,age      ] GC(260) - age   7:     105024 bytes,    3728152 total
[2023-11-16T06:00:33.240+0000][7][gc,age      ] GC(260) - age   8:        256 bytes,    3728408 total
[2023-11-16T06:00:33.240+0000][7][gc,age      ] GC(260) - age   9:        128 bytes,    3728536 total
[2023-11-16T06:00:33.240+0000][7][gc,age      ] GC(260) - age  10:       1536 bytes,    3730072 total
[2023-11-16T06:00:33.240+0000][7][gc,age      ] GC(260) - age  11:      16432 bytes,    3746504 total
[2023-11-16T06:00:33.240+0000][7][gc,age      ] GC(260) - age  12:       2096 bytes,    3748600 total
[2023-11-16T06:00:33.240+0000][7][gc,age      ] GC(260) - age  13:       5944 bytes,    3754544 total
[2023-11-16T06:00:33.240+0000][7][gc,age      ] GC(260) - age  14:       1824 bytes,    3756368 total
[2023-11-16T06:00:33.240+0000][7][gc,age      ] GC(260) - age  15:        504 bytes,    3756872 total
[2023-11-16T06:00:33.240+0000][7][gc,phases   ] GC(260)   Pre Evacuate Collection Set: 0.1ms
[2023-11-16T06:00:33.240+0000][7][gc,phases   ] GC(260)   Merge Heap Roots: 0.2ms
[2023-11-16T06:00:33.240+0000][7][gc,phases   ] GC(260)   Evacuate Collection Set: 1.7ms
[2023-11-16T06:00:33.240+0000][7][gc,phases   ] GC(260)   Post Evacuate Collection Set: 0.6ms
[2023-11-16T06:00:33.240+0000][7][gc,phases   ] GC(260)   Other: 0.3ms
[2023-11-16T06:00:33.240+0000][7][gc,heap     ] GC(260) Eden regions: 68->0(68)
[2023-11-16T06:00:33.240+0000][7][gc,heap     ] GC(260) Survivor regions: 1->1(9)
[2023-11-16T06:00:33.240+0000][7][gc,heap     ] GC(260) Old regions: 30->30
[2023-11-16T06:00:33.240+0000][7][gc,heap     ] GC(260) Archive regions: 2->2
[2023-11-16T06:00:33.240+0000][7][gc,heap     ] GC(260) Humongous regions: 5->5
[2023-11-16T06:00:33.240+0000][7][gc,metaspace] GC(260) Metaspace: 119591K(121344K)->119591K(121344K) NonClass: 103766K(104768K)->103766K(104768K) Class: 15824K(16576K)->15824K(16576K)
[2023-11-16T06:00:33.240+0000][7][gc          ] GC(260) Pause Young (Normal) (G1 Evacuation Pause) 418M->147M(512M) 2.767ms
[2023-11-16T06:00:33.240+0000][7][gc,cpu      ] GC(260) User=0.02s Sys=0.00s Real=0.01s
[2023-11-16T06:00:33.240+0000][7][safepoint   ] Safepoint "G1CollectForAllocation", Time since last: 1479562814 ns, Reaching safepoint: 56990 ns, At safepoint: 2855785 ns, Total: 2912775 ns
[2023-11-16T06:00:35.240+0000][7][safepoint   ] Safepoint "Cleanup", Time since last: 2000168355 ns, Reaching safepoint: 51918 ns, At safepoint: 5914 ns, Total: 57832 ns
[2023-11-16T06:00:40.469+0000][7][gc,start    ] GC(261) Pause Young (Normal) (G1 Evacuation Pause)
[2023-11-16T06:00:40.469+0000][7][gc,task     ] GC(261) Using 8 workers of 8 for evacuation
[2023-11-16T06:00:40.469+0000][7][gc,age      ] GC(261) Desired survivor size 18874368 bytes, new threshold 15 (max threshold 15)
[2023-11-16T06:00:40.471+0000][7][gc,age      ] GC(261) Age table with threshold 15 (max threshold 15)
[2023-11-16T06:00:40.471+0000][7][gc,age      ] GC(261) - age   1:    1689632 bytes,    1689632 total
[2023-11-16T06:00:40.471+0000][7][gc,age      ] GC(261) - age   2:     356992 bytes,    2046624 total
[2023-11-16T06:00:40.471+0000][7][gc,age      ] GC(261) - age   3:     405824 bytes,    2452448 total
[2023-11-16T06:00:40.471+0000][7][gc,age      ] GC(261) - age   4:     362992 bytes,    2815440 total
[2023-11-16T06:00:40.471+0000][7][gc,age      ] GC(261) - age   5:     128048 bytes,    2943488 total
[2023-11-16T06:00:40.471+0000][7][gc,age      ] GC(261) - age   6:      44200 bytes,    2987688 total
[2023-11-16T06:00:40.471+0000][7][gc,age      ] GC(261) - age   7:     101736 bytes,    3089424 total
[2023-11-16T06:00:40.471+0000][7][gc,age      ] GC(261) - age   8:     104992 bytes,    3194416 total
[2023-11-16T06:00:40.471+0000][7][gc,age      ] GC(261) - age   9:        160 bytes,    3194576 total
[2023-11-16T06:00:40.471+0000][7][gc,age      ] GC(261) - age  10:        128 bytes,    3194704 total
[2023-11-16T06:00:40.471+0000][7][gc,age      ] GC(261) - age  11:       1472 bytes,    3196176 total
[2023-11-16T06:00:40.471+0000][7][gc,age      ] GC(261) - age  12:      16432 bytes,    3212608 total
[2023-11-16T06:00:40.471+0000][7][gc,age      ] GC(261) - age  13:       2032 bytes,    3214640 total
[2023-11-16T06:00:40.471+0000][7][gc,age      ] GC(261) - age  14:       5944 bytes,    3220584 total
[2023-11-16T06:00:40.471+0000][7][gc,age      ] GC(261) - age  15:       1824 bytes,    3222408 total
[2023-11-16T06:00:40.471+0000][7][gc,phases   ] GC(261)   Pre Evacuate Collection Set: 0.1ms
[2023-11-16T06:00:40.471+0000][7][gc,phases   ] GC(261)   Merge Heap Roots: 0.1ms
[2023-11-16T06:00:40.471+0000][7][gc,phases   ] GC(261)   Evacuate Collection Set: 1.6ms
[2023-11-16T06:00:40.471+0000][7][gc,phases   ] GC(261)   Post Evacuate Collection Set: 0.4ms
[2023-11-16T06:00:40.471+0000][7][gc,phases   ] GC(261)   Other: 0.2ms
[2023-11-16T06:00:40.471+0000][7][gc,heap     ] GC(261) Eden regions: 68->0(68)
[2023-11-16T06:00:40.471+0000][7][gc,heap     ] GC(261) Survivor regions: 1->1(9)
[2023-11-16T06:00:40.471+0000][7][gc,heap     ] GC(261) Old regions: 30->30
[2023-11-16T06:00:40.471+0000][7][gc,heap     ] GC(261) Archive regions: 2->2
[2023-11-16T06:00:40.471+0000][7][gc,heap     ] GC(261) Humongous regions: 5->5
[2023-11-16T06:00:40.471+0000][7][gc,metaspace] GC(261) Metaspace: 119591K(121344K)->119591K(121344K) NonClass: 103766K(104768K)->103766K(104768K) Class: 15824K(16576K)->15824K(16576K)
[2023-11-16T06:00:40.471+0000][7][gc          ] GC(261) Pause Young (Normal) (G1 Evacuation Pause) 419M->147M(512M) 2.328ms
[2023-11-16T06:00:40.471+0000][7][gc,cpu      ] GC(261) User=0.01s Sys=0.00s Real=0.00s
[2023-11-16T06:00:40.471+0000][7][safepoint   ] Safepoint "G1CollectForAllocation", Time since last: 5228462742 ns, Reaching safepoint: 32213 ns, At safepoint: 2399840 ns, Total: 2432053 ns
[2023-11-16T06:00:41.472+0000][7][safepoint   ] Safepoint "Cleanup", Time since last: 1000267866 ns, Reaching safepoint: 94784 ns, At safepoint: 10684 ns, Total: 105468 ns
[2023-11-16T06:00:42.472+0000][7][safepoint   ] Safepoint "Cleanup", Time since last: 1000094789 ns, Reaching safepoint: 79820 ns, At safepoint: 11602 ns, Total: 91422 ns
[2023-11-16T06:00:43.314+0000][7][gc,start    ] GC(262) Pause Young (Normal) (G1 Evacuation Pause)
[2023-11-16T06:00:43.314+0000][7][gc,task     ] GC(262) Using 8 workers of 8 for evacuation
[2023-11-16T06:00:43.314+0000][7][gc,age      ] GC(262) Desired survivor size 18874368 bytes, new threshold 15 (max threshold 15)
[2023-11-16T06:00:43.316+0000][7][gc,age      ] GC(262) Age table with threshold 15 (max threshold 15)
[2023-11-16T06:00:43.316+0000][7][gc,age      ] GC(262) - age   1:    1586896 bytes,    1586896 total
[2023-11-16T06:00:43.316+0000][7][gc,age      ] GC(262) - age   2:     723320 bytes,    2310216 total
[2023-11-16T06:00:43.316+0000][7][gc,age      ] GC(262) - age   3:     147968 bytes,    2458184 total
[2023-11-16T06:00:43.316+0000][7][gc,age      ] GC(262) - age   4:     181528 bytes,    2639712 total
[2023-11-16T06:00:43.316+0000][7][gc,age      ] GC(262) - age   5:     162136 bytes,    2801848 total
[2023-11-16T06:00:43.316+0000][7][gc,age      ] GC(262) - age   6:     127984 bytes,    2929832 total
[2023-11-16T06:00:43.316+0000][7][gc,age      ] GC(262) - age   7:        920 bytes,    2930752 total
[2023-11-16T06:00:43.316+0000][7][gc,age      ] GC(262) - age   8:     101608 bytes,    3032360 total
[2023-11-16T06:00:43.316+0000][7][gc,age      ] GC(262) - age   9:       1032 bytes,    3033392 total
[2023-11-16T06:00:43.316+0000][7][gc,age      ] GC(262) - age  10:        128 bytes,    3033520 total
[2023-11-16T06:00:43.316+0000][7][gc,age      ] GC(262) - age  11:        128 bytes,    3033648 total
[2023-11-16T06:00:43.316+0000][7][gc,age      ] GC(262) - age  12:        832 bytes,    3034480 total
[2023-11-16T06:00:43.316+0000][7][gc,age      ] GC(262) - age  13:      16336 bytes,    3050816 total
[2023-11-16T06:00:43.316+0000][7][gc,age      ] GC(262) - age  14:       2032 bytes,    3052848 total
[2023-11-16T06:00:43.316+0000][7][gc,age      ] GC(262) - age  15:       5800 bytes,    3058648 total
[2023-11-16T06:00:43.316+0000][7][gc,phases   ] GC(262)   Pre Evacuate Collection Set: 0.1ms
[2023-11-16T06:00:43.316+0000][7][gc,phases   ] GC(262)   Merge Heap Roots: 0.0ms
[2023-11-16T06:00:43.316+0000][7][gc,phases   ] GC(262)   Evacuate Collection Set: 1.3ms
[2023-11-16T06:00:43.316+0000][7][gc,phases   ] GC(262)   Post Evacuate Collection Set: 0.6ms
[2023-11-16T06:00:43.316+0000][7][gc,phases   ] GC(262)   Other: 0.2ms
[2023-11-16T06:00:43.316+0000][7][gc,heap     ] GC(262) Eden regions: 68->0(68)
[2023-11-16T06:00:43.316+0000][7][gc,heap     ] GC(262) Survivor regions: 1->1(9)
[2023-11-16T06:00:43.316+0000][7][gc,heap     ] GC(262) Old regions: 30->30
[2023-11-16T06:00:43.316+0000][7][gc,heap     ] GC(262) Archive regions: 2->2
[2023-11-16T06:00:43.316+0000][7][gc,heap     ] GC(262) Humongous regions: 5->5
[2023-11-16T06:00:43.316+0000][7][gc,metaspace] GC(262) Metaspace: 119595K(121344K)->119595K(121344K) NonClass: 103770K(104768K)->103770K(104768K) Class: 15825K(16576K)->15825K(16576K)
[2023-11-16T06:00:43.316+0000][7][gc          ] GC(262) Pause Young (Normal) (G1 Evacuation Pause) 419M->146M(512M) 2.252ms
[2023-11-16T06:00:43.316+0000][7][gc,cpu      ] GC(262) User=0.01s Sys=0.00s Real=0.00s
[2023-11-16T06:00:43.316+0000][7][safepoint   ] Safepoint "G1CollectForAllocation", Time since last: 841705805 ns, Reaching safepoint: 74738 ns, At safepoint: 2308843 ns, Total: 2383581 ns
[2023-11-16T06:00:47.317+0000][7][safepoint   ] Safepoint "Cleanup", Time since last: 4000560139 ns, Reaching safepoint: 79413 ns, At safepoint: 5891 ns, Total: 85304 ns
[2023-11-16T06:00:47.715+0000][7][gc,start    ] GC(263) Pause Young (Normal) (G1 Evacuation Pause)
[2023-11-16T06:00:47.715+0000][7][gc,task     ] GC(263) Using 8 workers of 8 for evacuation
[2023-11-16T06:00:47.715+0000][7][gc,age      ] GC(263) Desired survivor size 18874368 bytes, new threshold 15 (max threshold 15)
[2023-11-16T06:00:47.717+0000][7][gc,age      ] GC(263) Age table with threshold 15 (max threshold 15)
[2023-11-16T06:00:47.717+0000][7][gc,age      ] GC(263) - age   1:    1459936 bytes,    1459936 total
[2023-11-16T06:00:47.717+0000][7][gc,age      ] GC(263) - age   2:     373928 bytes,    1833864 total
[2023-11-16T06:00:47.717+0000][7][gc,age      ] GC(263) - age   3:     129288 bytes,    1963152 total
[2023-11-16T06:00:47.717+0000][7][gc,age      ] GC(263) - age   4:     147048 bytes,    2110200 total
[2023-11-16T06:00:47.717+0000][7][gc,age      ] GC(263) - age   5:     181336 bytes,    2291536 total
[2023-11-16T06:00:47.717+0000][7][gc,age      ] GC(263) - age   6:     161848 bytes,    2453384 total
[2023-11-16T06:00:47.717+0000][7][gc,age      ] GC(263) - age   7:     127696 bytes,    2581080 total
[2023-11-16T06:00:47.717+0000][7][gc,age      ] GC(263) - age   8:        344 bytes,    2581424 total
[2023-11-16T06:00:47.717+0000][7][gc,age      ] GC(263) - age   9:       1096 bytes,    2582520 total
[2023-11-16T06:00:47.717+0000][7][gc,age      ] GC(263) - age  10:        616 bytes,    2583136 total
[2023-11-16T06:00:47.717+0000][7][gc,age      ] GC(263) - age  11:         64 bytes,    2583200 total
[2023-11-16T06:00:47.717+0000][7][gc,age      ] GC(263) - age  12:         64 bytes,    2583264 total
[2023-11-16T06:00:47.717+0000][7][gc,age      ] GC(263) - age  13:        800 bytes,    2584064 total
[2023-11-16T06:00:47.717+0000][7][gc,age      ] GC(263) - age  14:      16272 bytes,    2600336 total
[2023-11-16T06:00:47.717+0000][7][gc,age      ] GC(263) - age  15:       1904 bytes,    2602240 total
[2023-11-16T06:00:47.717+0000][7][gc,phases   ] GC(263)   Pre Evacuate Collection Set: 0.1ms
[2023-11-16T06:00:47.717+0000][7][gc,phases   ] GC(263)   Merge Heap Roots: 0.1ms
[2023-11-16T06:00:47.717+0000][7][gc,phases   ] GC(263)   Evacuate Collection Set: 1.3ms
[2023-11-16T06:00:47.717+0000][7][gc,phases   ] GC(263)   Post Evacuate Collection Set: 0.5ms
[2023-11-16T06:00:47.717+0000][7][gc,phases   ] GC(263)   Other: 0.2ms
[2023-11-16T06:00:47.717+0000][7][gc,heap     ] GC(263) Eden regions: 68->0(68)
[2023-11-16T06:00:47.717+0000][7][gc,heap     ] GC(263) Survivor regions: 1->1(9)
[2023-11-16T06:00:47.717+0000][7][gc,heap     ] GC(263) Old regions: 30->30
[2023-11-16T06:00:47.717+0000][7][gc,heap     ] GC(263) Archive regions: 2->2
[2023-11-16T06:00:47.717+0000][7][gc,heap     ] GC(263) Humongous regions: 5->5
[2023-11-16T06:00:47.717+0000][7][gc,metaspace] GC(263) Metaspace: 119595K(121344K)->119595K(121344K) NonClass: 103770K(104768K)->103770K(104768K) Class: 15825K(16576K)->15825K(16576K)
[2023-11-16T06:00:47.717+0000][7][gc          ] GC(263) Pause Young (Normal) (G1 Evacuation Pause) 418M->146M(512M) 2.126ms
[2023-11-16T06:00:47.717+0000][7][gc,cpu      ] GC(263) User=0.01s Sys=0.00s Real=0.00s
[2023-11-16T06:00:47.717+0000][7][safepoint   ] Safepoint "G1CollectForAllocation", Time since last: 398303462 ns, Reaching safepoint: 33713 ns, At safepoint: 2211594 ns, Total: 2245307 ns
[2023-11-16T06:00:54.718+0000][7][safepoint   ] Safepoint "Cleanup", Time since last: 7000943052 ns, Reaching safepoint: 87842 ns, At safepoint: 6623 ns, Total: 94465 ns
[2023-11-16T06:00:54.987+0000][7][gc,start    ] GC(264) Pause Young (Normal) (G1 Evacuation Pause)
[2023-11-16T06:00:54.987+0000][7][gc,task     ] GC(264) Using 8 workers of 8 for evacuation
[2023-11-16T06:00:54.987+0000][7][gc,age      ] GC(264) Desired survivor size 18874368 bytes, new threshold 15 (max threshold 15)
[2023-11-16T06:00:54.989+0000][7][gc,age      ] GC(264) Age table with threshold 15 (max threshold 15)
[2023-11-16T06:00:54.989+0000][7][gc,age      ] GC(264) - age   1:    1473880 bytes,    1473880 total
[2023-11-16T06:00:54.989+0000][7][gc,age      ] GC(264) - age   2:     390744 bytes,    1864624 total
[2023-11-16T06:00:54.989+0000][7][gc,age      ] GC(264) - age   3:     371592 bytes,    2236216 total
[2023-11-16T06:00:54.989+0000][7][gc,age      ] GC(264) - age   4:     128720 bytes,    2364936 total
[2023-11-16T06:00:54.989+0000][7][gc,age      ] GC(264) - age   5:     146096 bytes,    2511032 total
[2023-11-16T06:00:54.989+0000][7][gc,age      ] GC(264) - age   6:     174888 bytes,    2685920 total
[2023-11-16T06:00:54.989+0000][7][gc,age      ] GC(264) - age   7:     161496 bytes,    2847416 total
[2023-11-16T06:00:54.989+0000][7][gc,age      ] GC(264) - age   8:        368 bytes,    2847784 total
[2023-11-16T06:00:54.989+0000][7][gc,age      ] GC(264) - age   9:        312 bytes,    2848096 total
[2023-11-16T06:00:54.989+0000][7][gc,age      ] GC(264) - age  10:        600 bytes,    2848696 total
[2023-11-16T06:00:54.989+0000][7][gc,age      ] GC(264) - age  11:        432 bytes,    2849128 total
[2023-11-16T06:00:54.989+0000][7][gc,age      ] GC(264) - age  12:         64 bytes,    2849192 total
[2023-11-16T06:00:54.989+0000][7][gc,age      ] GC(264) - age  13:         64 bytes,    2849256 total
[2023-11-16T06:00:54.989+0000][7][gc,age      ] GC(264) - age  14:        736 bytes,    2849992 total
[2023-11-16T06:00:54.989+0000][7][gc,age      ] GC(264) - age  15:      16272 bytes,    2866264 total
[2023-11-16T06:00:54.989+0000][7][gc,phases   ] GC(264)   Pre Evacuate Collection Set: 0.1ms
[2023-11-16T06:00:54.989+0000][7][gc,phases   ] GC(264)   Merge Heap Roots: 0.0ms
[2023-11-16T06:00:54.989+0000][7][gc,phases   ] GC(264)   Evacuate Collection Set: 1.5ms
[2023-11-16T06:00:54.989+0000][7][gc,phases   ] GC(264)   Post Evacuate Collection Set: 0.7ms
[2023-11-16T06:00:54.989+0000][7][gc,phases   ] GC(264)   Other: 0.2ms
[2023-11-16T06:00:54.989+0000][7][gc,heap     ] GC(264) Eden regions: 68->0(68)
[2023-11-16T06:00:54.989+0000][7][gc,heap     ] GC(264) Survivor regions: 1->1(9)
[2023-11-16T06:00:54.989+0000][7][gc,heap     ] GC(264) Old regions: 30->30
[2023-11-16T06:00:54.989+0000][7][gc,heap     ] GC(264) Archive regions: 2->2
[2023-11-16T06:00:54.989+0000][7][gc,heap     ] GC(264) Humongous regions: 5->5
[2023-11-16T06:00:54.989+0000][7][gc,metaspace] GC(264) Metaspace: 119601K(121344K)->119601K(121344K) NonClass: 103776K(104768K)->103776K(104768K) Class: 15825K(16576K)->15825K(16576K)
[2023-11-16T06:00:54.990+0000][7][gc          ] GC(264) Pause Young (Normal) (G1 Evacuation Pause) 418M->146M(512M) 2.691ms
[2023-11-16T06:00:54.990+0000][7][gc,cpu      ] GC(264) User=0.01s Sys=0.00s Real=0.01s
[2023-11-16T06:00:54.990+0000][7][safepoint   ] Safepoint "G1CollectForAllocation", Time since last: 268595696 ns, Reaching safepoint: 93815 ns, At safepoint: 2753547 ns, Total: 2847362 ns
[2023-11-16T06:00:55.990+0000][7][safepoint   ] Safepoint "Cleanup", Time since last: 1000128672 ns, Reaching safepoint: 179556 ns, At safepoint: 6383 ns, Total: 185939 ns
[2023-11-16T06:00:57.990+0000][7][safepoint   ] Safepoint "Cleanup", Time since last: 2000398398 ns, Reaching safepoint: 94041 ns, At safepoint: 23061 ns, Total: 117102 ns
[2023-11-16T06:00:58.601+0000][7][gc,start    ] GC(265) Pause Young (Normal) (G1 Evacuation Pause)
[2023-11-16T06:00:58.601+0000][7][gc,task     ] GC(265) Using 8 workers of 8 for evacuation
[2023-11-16T06:00:58.601+0000][7][gc,age      ] GC(265) Desired survivor size 18874368 bytes, new threshold 15 (max threshold 15)
[2023-11-16T06:00:58.604+0000][7][gc,age      ] GC(265) Age table with threshold 15 (max threshold 15)
[2023-11-16T06:00:58.604+0000][7][gc,age      ] GC(265) - age   1:    1678192 bytes,    1678192 total
[2023-11-16T06:00:58.604+0000][7][gc,age      ] GC(265) - age   2:     679864 bytes,    2358056 total
[2023-11-16T06:00:58.604+0000][7][gc,age      ] GC(265) - age   3:     389408 bytes,    2747464 total
[2023-11-16T06:00:58.604+0000][7][gc,age      ] GC(265) - age   4:     371592 bytes,    3119056 total
[2023-11-16T06:00:58.604+0000][7][gc,age      ] GC(265) - age   5:     128616 bytes,    3247672 total
[2023-11-16T06:00:58.604+0000][7][gc,age      ] GC(265) - age   6:     140912 bytes,    3388584 total
[2023-11-16T06:00:58.604+0000][7][gc,age      ] GC(265) - age   7:     173320 bytes,    3561904 total
[2023-11-16T06:00:58.604+0000][7][gc,age      ] GC(265) - age   8:     161400 bytes,    3723304 total
[2023-11-16T06:00:58.604+0000][7][gc,age      ] GC(265) - age   9:        240 bytes,    3723544 total
[2023-11-16T06:00:58.604+0000][7][gc,age      ] GC(265) - age  10:        280 bytes,    3723824 total
[2023-11-16T06:00:58.604+0000][7][gc,age      ] GC(265) - age  11:        536 bytes,    3724360 total
[2023-11-16T06:00:58.604+0000][7][gc,age      ] GC(265) - age  12:        336 bytes,    3724696 total
[2023-11-16T06:00:58.604+0000][7][gc,age      ] GC(265) - age  13:         64 bytes,    3724760 total
[2023-11-16T06:00:58.604+0000][7][gc,age      ] GC(265) - age  14:         64 bytes,    3724824 total
[2023-11-16T06:00:58.604+0000][7][gc,age      ] GC(265) - age  15:        736 bytes,    3725560 total
[2023-11-16T06:00:58.604+0000][7][gc,phases   ] GC(265)   Pre Evacuate Collection Set: 0.1ms
[2023-11-16T06:00:58.604+0000][7][gc,phases   ] GC(265)   Merge Heap Roots: 0.1ms
[2023-11-16T06:00:58.604+0000][7][gc,phases   ] GC(265)   Evacuate Collection Set: 2.4ms
[2023-11-16T06:00:58.604+0000][7][gc,phases   ] GC(265)   Post Evacuate Collection Set: 0.5ms
[2023-11-16T06:00:58.604+0000][7][gc,phases   ] GC(265)   Other: 0.3ms
[2023-11-16T06:00:58.604+0000][7][gc,heap     ] GC(265) Eden regions: 68->0(68)
[2023-11-16T06:00:58.604+0000][7][gc,heap     ] GC(265) Survivor regions: 1->1(9)
[2023-11-16T06:00:58.604+0000][7][gc,heap     ] GC(265) Old regions: 30->30
[2023-11-16T06:00:58.604+0000][7][gc,heap     ] GC(265) Archive regions: 2->2
[2023-11-16T06:00:58.604+0000][7][gc,heap     ] GC(265) Humongous regions: 5->5
[2023-11-16T06:00:58.604+0000][7][gc,metaspace] GC(265) Metaspace: 119608K(121344K)->119608K(121344K) NonClass: 103783K(104768K)->103783K(104768K) Class: 15825K(16576K)->15825K(16576K)
[2023-11-16T06:00:58.604+0000][7][gc          ] GC(265) Pause Young (Normal) (G1 Evacuation Pause) 418M->147M(512M) 3.312ms
[2023-11-16T06:00:58.604+0000][7][gc,cpu      ] GC(265) User=0.01s Sys=0.00s Real=0.00s
[2023-11-16T06:00:58.604+0000][7][safepoint   ] Safepoint "G1CollectForAllocation", Time since last: 610524771 ns, Reaching safepoint: 48592 ns, At safepoint: 3387930 ns, Total: 3436522 ns
[2023-11-16T06:00:59.605+0000][7][safepoint   ] Safepoint "Cleanup", Time since last: 1000101187 ns, Reaching safepoint: 131575 ns, At safepoint: 14359 ns, Total: 145934 ns
[2023-11-16T06:01:01.467+0000][7][gc,start    ] GC(266) Pause Young (Normal) (G1 Evacuation Pause)
[2023-11-16T06:01:01.467+0000][7][gc,task     ] GC(266) Using 8 workers of 8 for evacuation
[2023-11-16T06:01:01.467+0000][7][gc,age      ] GC(266) Desired survivor size 18874368 bytes, new threshold 15 (max threshold 15)
[2023-11-16T06:01:01.470+0000][7][gc,age      ] GC(266) Age table with threshold 15 (max threshold 15)
[2023-11-16T06:01:01.470+0000][7][gc,age      ] GC(266) - age   1:    1430696 bytes,    1430696 total
[2023-11-16T06:01:01.470+0000][7][gc,age      ] GC(266) - age   2:    1132672 bytes,    2563368 total
[2023-11-16T06:01:01.470+0000][7][gc,age      ] GC(266) - age   3:     543104 bytes,    3106472 total
[2023-11-16T06:01:01.470+0000][7][gc,age      ] GC(266) - age   4:     388656 bytes,    3495128 total
[2023-11-16T06:01:01.470+0000][7][gc,age      ] GC(266) - age   5:     370992 bytes,    3866120 total
[2023-11-16T06:01:01.470+0000][7][gc,age      ] GC(266) - age   6:     128208 bytes,    3994328 total
[2023-11-16T06:01:01.470+0000][7][gc,age      ] GC(266) - age   7:     139376 bytes,    4133704 total
[2023-11-16T06:01:01.470+0000][7][gc,age      ] GC(266) - age   8:     173320 bytes,    4307024 total
[2023-11-16T06:01:01.470+0000][7][gc,age      ] GC(266) - age   9:     161400 bytes,    4468424 total
[2023-11-16T06:01:01.470+0000][7][gc,age      ] GC(266) - age  10:        112 bytes,    4468536 total
[2023-11-16T06:01:01.470+0000][7][gc,age      ] GC(266) - age  11:        280 bytes,    4468816 total
[2023-11-16T06:01:01.470+0000][7][gc,age      ] GC(266) - age  12:        480 bytes,    4469296 total
[2023-11-16T06:01:01.470+0000][7][gc,age      ] GC(266) - age  13:        336 bytes,    4469632 total
[2023-11-16T06:01:01.470+0000][7][gc,age      ] GC(266) - age  14:         64 bytes,    4469696 total
[2023-11-16T06:01:01.470+0000][7][gc,age      ] GC(266) - age  15:         64 bytes,    4469760 total
[2023-11-16T06:01:01.470+0000][7][gc,phases   ] GC(266)   Pre Evacuate Collection Set: 0.1ms
[2023-11-16T06:01:01.470+0000][7][gc,phases   ] GC(266)   Merge Heap Roots: 0.1ms
[2023-11-16T06:01:01.470+0000][7][gc,phases   ] GC(266)   Evacuate Collection Set: 1.8ms
[2023-11-16T06:01:01.470+0000][7][gc,phases   ] GC(266)   Post Evacuate Collection Set: 0.5ms
[2023-11-16T06:01:01.470+0000][7][gc,phases   ] GC(266)   Other: 0.3ms
[2023-11-16T06:01:01.470+0000][7][gc,heap     ] GC(266) Eden regions: 68->0(67)
[2023-11-16T06:01:01.470+0000][7][gc,heap     ] GC(266) Survivor regions: 1->2(9)
[2023-11-16T06:01:01.470+0000][7][gc,heap     ] GC(266) Old regions: 30->30
[2023-11-16T06:01:01.470+0000][7][gc,heap     ] GC(266) Archive regions: 2->2
[2023-11-16T06:01:01.470+0000][7][gc,heap     ] GC(266) Humongous regions: 5->5
[2023-11-16T06:01:01.470+0000][7][gc,metaspace] GC(266) Metaspace: 119610K(121344K)->119610K(121344K) NonClass: 103785K(104768K)->103785K(104768K) Class: 15825K(16576K)->15825K(16576K)
[2023-11-16T06:01:01.470+0000][7][gc          ] GC(266) Pause Young (Normal) (G1 Evacuation Pause) 419M->148M(512M) 2.710ms
[2023-11-16T06:01:01.470+0000][7][gc,cpu      ] GC(266) User=0.02s Sys=0.00s Real=0.01s
[2023-11-16T06:01:01.470+0000][7][safepoint   ] Safepoint "G1CollectForAllocation", Time since last: 1862397006 ns, Reaching safepoint: 74212 ns, At safepoint: 2788952 ns, Total: 2863164 ns
[2023-11-16T06:01:02.470+0000][7][safepoint   ] Safepoint "Cleanup", Time since last: 1000072434 ns, Reaching safepoint: 74401 ns, At safepoint: 3889 ns, Total: 78290 ns
[2023-11-16T06:01:03.555+0000][7][gc,start    ] GC(267) Pause Young (Normal) (G1 Evacuation Pause)
[2023-11-16T06:01:03.555+0000][7][gc,task     ] GC(267) Using 8 workers of 8 for evacuation
[2023-11-16T06:01:03.555+0000][7][gc,age      ] GC(267) Desired survivor size 18874368 bytes, new threshold 15 (max threshold 15)
[2023-11-16T06:01:03.559+0000][7][gc,age      ] GC(267) Age table with threshold 15 (max threshold 15)
[2023-11-16T06:01:03.559+0000][7][gc,age      ] GC(267) - age   1:    3444496 bytes,    3444496 total
[2023-11-16T06:01:03.559+0000][7][gc,age      ] GC(267) - age   2:     180464 bytes,    3624960 total
[2023-11-16T06:01:03.559+0000][7][gc,age      ] GC(267) - age   3:     733528 bytes,    4358488 total
[2023-11-16T06:01:03.559+0000][7][gc,age      ] GC(267) - age   4:     138328 bytes,    4496816 total
[2023-11-16T06:01:03.559+0000][7][gc,age      ] GC(267) - age   5:     163792 bytes,    4660608 total
[2023-11-16T06:01:03.559+0000][7][gc,age      ] GC(267) - age   6:     278624 bytes,    4939232 total
[2023-11-16T06:01:03.559+0000][7][gc,age      ] GC(267) - age   7:     128144 bytes,    5067376 total
[2023-11-16T06:01:03.559+0000][7][gc,age      ] GC(267) - age   8:        952 bytes,    5068328 total
[2023-11-16T06:01:03.559+0000][7][gc,age      ] GC(267) - age   9:     144008 bytes,    5212336 total
[2023-11-16T06:01:03.559+0000][7][gc,age      ] GC(267) - age  10:      30632 bytes,    5242968 total
[2023-11-16T06:01:03.559+0000][7][gc,age      ] GC(267) - age  11:        112 bytes,    5243080 total
[2023-11-16T06:01:03.559+0000][7][gc,age      ] GC(267) - age  12:        280 bytes,    5243360 total
[2023-11-16T06:01:03.559+0000][7][gc,age      ] GC(267) - age  13:        480 bytes,    5243840 total
[2023-11-16T06:01:03.559+0000][7][gc,age      ] GC(267) - age  14:        336 bytes,    5244176 total
[2023-11-16T06:01:03.559+0000][7][gc,age      ] GC(267) - age  15:         64 bytes,    5244240 total
[2023-11-16T06:01:03.559+0000][7][gc,phases   ] GC(267)   Pre Evacuate Collection Set: 0.1ms
[2023-11-16T06:01:03.559+0000][7][gc,phases   ] GC(267)   Merge Heap Roots: 0.0ms
[2023-11-16T06:01:03.559+0000][7][gc,phases   ] GC(267)   Evacuate Collection Set: 2.7ms
[2023-11-16T06:01:03.559+0000][7][gc,phases   ] GC(267)   Post Evacuate Collection Set: 1.0ms
[2023-11-16T06:01:03.559+0000][7][gc,phases   ] GC(267)   Other: 0.3ms
[2023-11-16T06:01:03.559+0000][7][gc,heap     ] GC(267) Eden regions: 67->0(67)
[2023-11-16T06:01:03.559+0000][7][gc,heap     ] GC(267) Survivor regions: 2->2(9)
[2023-11-16T06:01:03.559+0000][7][gc,heap     ] GC(267) Old regions: 30->30
[2023-11-16T06:01:03.559+0000][7][gc,heap     ] GC(267) Archive regions: 2->2
[2023-11-16T06:01:03.559+0000][7][gc,heap     ] GC(267) Humongous regions: 5->5
[2023-11-16T06:01:03.559+0000][7][gc,metaspace] GC(267) Metaspace: 119615K(121344K)->119615K(121344K) NonClass: 103789K(104768K)->103789K(104768K) Class: 15825K(16576K)->15825K(16576K)
[2023-11-16T06:01:03.559+0000][7][gc          ] GC(267) Pause Young (Normal) (G1 Evacuation Pause) 416M->149M(512M) 4.126ms
[2023-11-16T06:01:03.559+0000][7][gc,cpu      ] GC(267) User=0.02s Sys=0.00s Real=0.01s
[2023-11-16T06:01:03.559+0000][7][safepoint   ] Safepoint "G1CollectForAllocation", Time since last: 1084798025 ns, Reaching safepoint: 79846 ns, At safepoint: 4185084 ns, Total: 4264930 ns
[2023-11-16T06:01:04.559+0000][7][safepoint   ] Safepoint "Cleanup", Time since last: 1000102824 ns, Reaching safepoint: 68886 ns, At safepoint: 7012 ns, Total: 75898 ns
[2023-11-16T06:01:06.560+0000][7][safepoint   ] Safepoint "Cleanup", Time since last: 2000416265 ns, Reaching safepoint: 154873 ns, At safepoint: 4662 ns, Total: 159535 ns
[2023-11-16T06:01:07.560+0000][7][safepoint   ] Safepoint "Cleanup", Time since last: 1000150859 ns, Reaching safepoint: 72605 ns, At safepoint: 6971 ns, Total: 79576 ns
[2023-11-16T06:01:08.560+0000][7][safepoint   ] Safepoint "Cleanup", Time since last: 1000123283 ns, Reaching safepoint: 157505 ns, At safepoint: 46977 ns, Total: 204482 ns
[2023-11-16T06:01:09.542+0000][7][gc,start    ] GC(268) Pause Young (Normal) (G1 Evacuation Pause)
[2023-11-16T06:01:09.542+0000][7][gc,task     ] GC(268) Using 8 workers of 8 for evacuation
[2023-11-16T06:01:09.542+0000][7][gc,age      ] GC(268) Desired survivor size 18874368 bytes, new threshold 15 (max threshold 15)
[2023-11-16T06:01:09.545+0000][7][gc,age      ] GC(268) Age table with threshold 15 (max threshold 15)
[2023-11-16T06:01:09.545+0000][7][gc,age      ] GC(268) - age   1:    2358872 bytes,    2358872 total
[2023-11-16T06:01:09.545+0000][7][gc,age      ] GC(268) - age   2:     507256 bytes,    2866128 total
[2023-11-16T06:01:09.545+0000][7][gc,age      ] GC(268) - age   3:     178216 bytes,    3044344 total
[2023-11-16T06:01:09.545+0000][7][gc,age      ] GC(268) - age   4:     733328 bytes,    3777672 total
[2023-11-16T06:01:09.545+0000][7][gc,age      ] GC(268) - age   5:     136848 bytes,    3914520 total
[2023-11-16T06:01:09.545+0000][7][gc,age      ] GC(268) - age   6:     154240 bytes,    4068760 total
[2023-11-16T06:01:09.545+0000][7][gc,age      ] GC(268) - age   7:     278408 bytes,    4347168 total
[2023-11-16T06:01:09.545+0000][7][gc,age      ] GC(268) - age   8:     127816 bytes,    4474984 total
[2023-11-16T06:01:09.545+0000][7][gc,age      ] GC(268) - age   9:        664 bytes,    4475648 total
[2023-11-16T06:01:09.545+0000][7][gc,age      ] GC(268) - age  10:     143752 bytes,    4619400 total
[2023-11-16T06:01:09.545+0000][7][gc,age      ] GC(268) - age  11:      30512 bytes,    4649912 total
[2023-11-16T06:01:09.546+0000][7][gc,age      ] GC(268) - age  12:         64 bytes,    4649976 total
[2023-11-16T06:01:09.546+0000][7][gc,age      ] GC(268) - age  13:        120 bytes,    4650096 total
[2023-11-16T06:01:09.546+0000][7][gc,age      ] GC(268) - age  14:        416 bytes,    4650512 total
[2023-11-16T06:01:09.546+0000][7][gc,age      ] GC(268) - age  15:        336 bytes,    4650848 total
[2023-11-16T06:01:09.546+0000][7][gc,phases   ] GC(268)   Pre Evacuate Collection Set: 0.1ms
[2023-11-16T06:01:09.546+0000][7][gc,phases   ] GC(268)   Merge Heap Roots: 0.1ms
[2023-11-16T06:01:09.546+0000][7][gc,phases   ] GC(268)   Evacuate Collection Set: 2.4ms
[2023-11-16T06:01:09.546+0000][7][gc,phases   ] GC(268)   Post Evacuate Collection Set: 0.6ms
[2023-11-16T06:01:09.546+0000][7][gc,phases   ] GC(268)   Other: 0.4ms
[2023-11-16T06:01:09.546+0000][7][gc,heap     ] GC(268) Eden regions: 67->0(67)
[2023-11-16T06:01:09.546+0000][7][gc,heap     ] GC(268) Survivor regions: 2->2(9)
[2023-11-16T06:01:09.546+0000][7][gc,heap     ] GC(268) Old regions: 30->30
[2023-11-16T06:01:09.546+0000][7][gc,heap     ] GC(268) Archive regions: 2->2
[2023-11-16T06:01:09.546+0000][7][gc,heap     ] GC(268) Humongous regions: 5->5
[2023-11-16T06:01:09.546+0000][7][gc,metaspace] GC(268) Metaspace: 119617K(121344K)->119617K(121344K) NonClass: 103792K(104768K)->103792K(104768K) Class: 15825K(16576K)->15825K(16576K)
[2023-11-16T06:01:09.546+0000][7][gc          ] GC(268) Pause Young (Normal) (G1 Evacuation Pause) 417M->148M(512M) 3.556ms
[2023-11-16T06:01:09.546+0000][7][gc,cpu      ] GC(268) User=0.02s Sys=0.00s Real=0.00s
[2023-11-16T06:01:09.546+0000][7][safepoint   ] Safepoint "G1CollectForAllocation", Time since last: 981610954 ns, Reaching safepoint: 79146 ns, At safepoint: 3676578 ns, Total: 3755724 ns
[2023-11-16T06:01:16.617+0000][7][gc,start    ] GC(269) Pause Young (Normal) (G1 Evacuation Pause)
[2023-11-16T06:01:16.617+0000][7][gc,task     ] GC(269) Using 8 workers of 8 for evacuation
[2023-11-16T06:01:16.617+0000][7][gc,age      ] GC(269) Desired survivor size 18874368 bytes, new threshold 15 (max threshold 15)
[2023-11-16T06:01:16.620+0000][7][gc,age      ] GC(269) Age table with threshold 15 (max threshold 15)
[2023-11-16T06:01:16.620+0000][7][gc,age      ] GC(269) - age   1:    1163256 bytes,    1163256 total
[2023-11-16T06:01:16.620+0000][7][gc,age      ] GC(269) - age   2:     676880 bytes,    1840136 total
[2023-11-16T06:01:16.620+0000][7][gc,age      ] GC(269) - age   3:     280456 bytes,    2120592 total
[2023-11-16T06:01:16.620+0000][7][gc,age      ] GC(269) - age   4:     177648 bytes,    2298240 total
[2023-11-16T06:01:16.620+0000][7][gc,age      ] GC(269) - age   5:     732856 bytes,    3031096 total
[2023-11-16T06:01:16.620+0000][7][gc,age      ] GC(269) - age   6:     136552 bytes,    3167648 total
[2023-11-16T06:01:16.620+0000][7][gc,age      ] GC(269) - age   7:      39784 bytes,    3207432 total
[2023-11-16T06:01:16.620+0000][7][gc,age      ] GC(269) - age   8:     278408 bytes,    3485840 total
[2023-11-16T06:01:16.620+0000][7][gc,age      ] GC(269) - age   9:     127656 bytes,    3613496 total
[2023-11-16T06:01:16.620+0000][7][gc,age      ] GC(269) - age  10:        600 bytes,    3614096 total
[2023-11-16T06:01:16.620+0000][7][gc,age      ] GC(269) - age  11:     143728 bytes,    3757824 total
[2023-11-16T06:01:16.620+0000][7][gc,age      ] GC(269) - age  12:      30384 bytes,    3788208 total
[2023-11-16T06:01:16.620+0000][7][gc,age      ] GC(269) - age  13:         64 bytes,    3788272 total
[2023-11-16T06:01:16.620+0000][7][gc,age      ] GC(269) - age  14:        120 bytes,    3788392 total
[2023-11-16T06:01:16.620+0000][7][gc,age      ] GC(269) - age  15:        416 bytes,    3788808 total
[2023-11-16T06:01:16.620+0000][7][gc,phases   ] GC(269)   Pre Evacuate Collection Set: 0.1ms
[2023-11-16T06:01:16.620+0000][7][gc,phases   ] GC(269)   Merge Heap Roots: 0.1ms
[2023-11-16T06:01:16.620+0000][7][gc,phases   ] GC(269)   Evacuate Collection Set: 1.9ms
[2023-11-16T06:01:16.620+0000][7][gc,phases   ] GC(269)   Post Evacuate Collection Set: 0.8ms
[2023-11-16T06:01:16.620+0000][7][gc,phases   ] GC(269)   Other: 0.4ms
[2023-11-16T06:01:16.620+0000][7][gc,heap     ] GC(269) Eden regions: 67->0(68)
[2023-11-16T06:01:16.620+0000][7][gc,heap     ] GC(269) Survivor regions: 2->1(9)
[2023-11-16T06:01:16.620+0000][7][gc,heap     ] GC(269) Old regions: 30->30
[2023-11-16T06:01:16.620+0000][7][gc,heap     ] GC(269) Archive regions: 2->2
[2023-11-16T06:01:16.620+0000][7][gc,heap     ] GC(269) Humongous regions: 5->5
[2023-11-16T06:01:16.620+0000][7][gc,metaspace] GC(269) Metaspace: 119617K(121344K)->119617K(121344K) NonClass: 103792K(104768K)->103792K(104768K) Class: 15825K(16576K)->15825K(16576K)
[2023-11-16T06:01:16.620+0000][7][gc          ] GC(269) Pause Young (Normal) (G1 Evacuation Pause) 416M->147M(512M) 3.215ms
[2023-11-16T06:01:16.620+0000][7][gc,cpu      ] GC(269) User=0.02s Sys=0.00s Real=0.01s
[2023-11-16T06:01:16.620+0000][7][safepoint   ] Safepoint "G1CollectForAllocation", Time since last: 7070880117 ns, Reaching safepoint: 73532 ns, At safepoint: 3340195 ns, Total: 3413727 ns
[2023-11-16T06:01:23.681+0000][7][gc,start    ] GC(270) Pause Young (Normal) (G1 Evacuation Pause)
[2023-11-16T06:01:23.681+0000][7][gc,task     ] GC(270) Using 8 workers of 8 for evacuation
[2023-11-16T06:01:23.681+0000][7][gc,age      ] GC(270) Desired survivor size 18874368 bytes, new threshold 15 (max threshold 15)
[2023-11-16T06:01:23.684+0000][7][gc,age      ] GC(270) Age table with threshold 15 (max threshold 15)
[2023-11-16T06:01:23.684+0000][7][gc,age      ] GC(270) - age   1:    1064472 bytes,    1064472 total
[2023-11-16T06:01:23.684+0000][7][gc,age      ] GC(270) - age   2:     146512 bytes,    1210984 total
[2023-11-16T06:01:23.684+0000][7][gc,age      ] GC(270) - age   3:     235968 bytes,    1446952 total
[2023-11-16T06:01:23.684+0000][7][gc,age      ] GC(270) - age   4:     279792 bytes,    1726744 total
[2023-11-16T06:01:23.684+0000][7][gc,age      ] GC(270) - age   5:     177456 bytes,    1904200 total
[2023-11-16T06:01:23.684+0000][7][gc,age      ] GC(270) - age   6:     732696 bytes,    2636896 total
[2023-11-16T06:01:23.684+0000][7][gc,age      ] GC(270) - age   7:     136200 bytes,    2773096 total
[2023-11-16T06:01:23.684+0000][7][gc,age      ] GC(270) - age   8:       1344 bytes,    2774440 total
[2023-11-16T06:01:23.684+0000][7][gc,age      ] GC(270) - age   9:     174448 bytes,    2948888 total
[2023-11-16T06:01:23.684+0000][7][gc,age      ] GC(270) - age  10:     127656 bytes,    3076544 total
[2023-11-16T06:01:23.684+0000][7][gc,age      ] GC(270) - age  11:        472 bytes,    3077016 total
[2023-11-16T06:01:23.684+0000][7][gc,age      ] GC(270) - age  12:     143664 bytes,    3220680 total
[2023-11-16T06:01:23.684+0000][7][gc,age      ] GC(270) - age  13:      30320 bytes,    3251000 total
[2023-11-16T06:01:23.684+0000][7][gc,age      ] GC(270) - age  15:        120 bytes,    3251120 total
[2023-11-16T06:01:23.684+0000][7][gc,phases   ] GC(270)   Pre Evacuate Collection Set: 0.1ms
[2023-11-16T06:01:23.684+0000][7][gc,phases   ] GC(270)   Merge Heap Roots: 0.1ms
[2023-11-16T06:01:23.684+0000][7][gc,phases   ] GC(270)   Evacuate Collection Set: 1.5ms
[2023-11-16T06:01:23.684+0000][7][gc,phases   ] GC(270)   Post Evacuate Collection Set: 0.7ms
[2023-11-16T06:01:23.684+0000][7][gc,phases   ] GC(270)   Other: 0.3ms
[2023-11-16T06:01:23.684+0000][7][gc,heap     ] GC(270) Eden regions: 68->0(68)
[2023-11-16T06:01:23.684+0000][7][gc,heap     ] GC(270) Survivor regions: 1->1(9)
[2023-11-16T06:01:23.684+0000][7][gc,heap     ] GC(270) Old regions: 30->30
[2023-11-16T06:01:23.684+0000][7][gc,heap     ] GC(270) Archive regions: 2->2
[2023-11-16T06:01:23.684+0000][7][gc,heap     ] GC(270) Humongous regions: 5->5
[2023-11-16T06:01:23.684+0000][7][gc,metaspace] GC(270) Metaspace: 119617K(121344K)->119617K(121344K) NonClass: 103792K(104768K)->103792K(104768K) Class: 15825K(16576K)->15825K(16576K)
[2023-11-16T06:01:23.684+0000][7][gc          ] GC(270) Pause Young (Normal) (G1 Evacuation Pause) 419M->147M(512M) 2.703ms
[2023-11-16T06:01:23.684+0000][7][gc,cpu      ] GC(270) User=0.01s Sys=0.00s Real=0.00s
[2023-11-16T06:01:23.684+0000][7][safepoint   ] Safepoint "G1CollectForAllocation", Time since last: 7061048819 ns, Reaching safepoint: 64888 ns, At safepoint: 2795879 ns, Total: 2860767 ns
[2023-11-16T06:01:26.684+0000][7][safepoint   ] Safepoint "Cleanup", Time since last: 3000268428 ns, Reaching safepoint: 114649 ns, At safepoint: 6396 ns, Total: 121045 ns
[2023-11-16T06:01:31.228+0000][7][gc,start    ] GC(271) Pause Young (Normal) (G1 Evacuation Pause)
[2023-11-16T06:01:31.228+0000][7][gc,task     ] GC(271) Using 8 workers of 8 for evacuation
[2023-11-16T06:01:31.228+0000][7][gc,age      ] GC(271) Desired survivor size 18874368 bytes, new threshold 15 (max threshold 15)
[2023-11-16T06:01:31.231+0000][7][gc,age      ] GC(271) Age table with threshold 15 (max threshold 15)
[2023-11-16T06:01:31.231+0000][7][gc,age      ] GC(271) - age   1:    1128176 bytes,    1128176 total
[2023-11-16T06:01:31.231+0000][7][gc,age      ] GC(271) - age   2:     216216 bytes,    1344392 total
[2023-11-16T06:01:31.231+0000][7][gc,age      ] GC(271) - age   3:     144240 bytes,    1488632 total
[2023-11-16T06:01:31.231+0000][7][gc,age      ] GC(271) - age   4:     235608 bytes,    1724240 total
[2023-11-16T06:01:31.231+0000][7][gc,age      ] GC(271) - age   5:     279792 bytes,    2004032 total
[2023-11-16T06:01:31.231+0000][7][gc,age      ] GC(271) - age   6:     175576 bytes,    2179608 total
[2023-11-16T06:01:31.231+0000][7][gc,age      ] GC(271) - age   7:     726312 bytes,    2905920 total
[2023-11-16T06:01:31.231+0000][7][gc,age      ] GC(271) - age   8:     129848 bytes,    3035768 total
[2023-11-16T06:01:31.231+0000][7][gc,age      ] GC(271) - age   9:       1280 bytes,    3037048 total
[2023-11-16T06:01:31.231+0000][7][gc,age      ] GC(271) - age  10:     174072 bytes,    3211120 total
[2023-11-16T06:01:31.231+0000][7][gc,age      ] GC(271) - age  11:     127624 bytes,    3338744 total
[2023-11-16T06:01:31.231+0000][7][gc,age      ] GC(271) - age  12:        440 bytes,    3339184 total
[2023-11-16T06:01:31.231+0000][7][gc,age      ] GC(271) - age  13:     143664 bytes,    3482848 total
[2023-11-16T06:01:31.231+0000][7][gc,age      ] GC(271) - age  14:      30320 bytes,    3513168 total
[2023-11-16T06:01:31.231+0000][7][gc,phases   ] GC(271)   Pre Evacuate Collection Set: 0.1ms
[2023-11-16T06:01:31.231+0000][7][gc,phases   ] GC(271)   Merge Heap Roots: 0.0ms
[2023-11-16T06:01:31.231+0000][7][gc,phases   ] GC(271)   Evacuate Collection Set: 1.8ms
[2023-11-16T06:01:31.231+0000][7][gc,phases   ] GC(271)   Post Evacuate Collection Set: 0.7ms
[2023-11-16T06:01:31.231+0000][7][gc,phases   ] GC(271)   Other: 0.2ms
[2023-11-16T06:01:31.231+0000][7][gc,heap     ] GC(271) Eden regions: 68->0(68)
[2023-11-16T06:01:31.231+0000][7][gc,heap     ] GC(271) Survivor regions: 1->1(9)
[2023-11-16T06:01:31.231+0000][7][gc,heap     ] GC(271) Old regions: 30->30
[2023-11-16T06:01:31.231+0000][7][gc,heap     ] GC(271) Archive regions: 2->2
[2023-11-16T06:01:31.231+0000][7][gc,heap     ] GC(271) Humongous regions: 5->5
[2023-11-16T06:01:31.231+0000][7][gc,metaspace] GC(271) Metaspace: 119618K(121344K)->119618K(121344K) NonClass: 103792K(104768K)->103792K(104768K) Class: 15825K(16576K)->15825K(16576K)
[2023-11-16T06:01:31.231+0000][7][gc          ] GC(271) Pause Young (Normal) (G1 Evacuation Pause) 419M->147M(512M) 2.879ms
[2023-11-16T06:01:31.231+0000][7][gc,cpu      ] GC(271) User=0.02s Sys=0.00s Real=0.01s
[2023-11-16T06:01:31.231+0000][7][safepoint   ] Safepoint "G1CollectForAllocation", Time since last: 4543617320 ns, Reaching safepoint: 65926 ns, At safepoint: 2958518 ns, Total: 3024444 ns
[2023-11-16T06:01:43.345+0000][7][gc,start    ] GC(272) Pause Young (Normal) (G1 Evacuation Pause)
[2023-11-16T06:01:43.345+0000][7][gc,task     ] GC(272) Using 8 workers of 8 for evacuation
[2023-11-16T06:01:43.345+0000][7][gc,age      ] GC(272) Desired survivor size 18874368 bytes, new threshold 15 (max threshold 15)
[2023-11-16T06:01:43.348+0000][7][gc,age      ] GC(272) Age table with threshold 15 (max threshold 15)
[2023-11-16T06:01:43.348+0000][7][gc,age      ] GC(272) - age   1:    1973152 bytes,    1973152 total
[2023-11-16T06:01:43.348+0000][7][gc,age      ] GC(272) - age   2:     452080 bytes,    2425232 total
[2023-11-16T06:01:43.348+0000][7][gc,age      ] GC(272) - age   3:     212576 bytes,    2637808 total
[2023-11-16T06:01:43.348+0000][7][gc,age      ] GC(272) - age   4:     143952 bytes,    2781760 total
[2023-11-16T06:01:43.348+0000][7][gc,age      ] GC(272) - age   5:     235504 bytes,    3017264 total
[2023-11-16T06:01:43.348+0000][7][gc,age      ] GC(272) - age   6:     279576 bytes,    3296840 total
[2023-11-16T06:01:43.348+0000][7][gc,age      ] GC(272) - age   7:     175512 bytes,    3472352 total
[2023-11-16T06:01:43.348+0000][7][gc,age      ] GC(272) - age   8:     726312 bytes,    4198664 total
[2023-11-16T06:01:43.348+0000][7][gc,age      ] GC(272) - age   9:     129848 bytes,    4328512 total
[2023-11-16T06:01:43.348+0000][7][gc,age      ] GC(272) - age  10:        928 bytes,    4329440 total
[2023-11-16T06:01:43.348+0000][7][gc,age      ] GC(272) - age  11:     173944 bytes,    4503384 total
[2023-11-16T06:01:43.348+0000][7][gc,age      ] GC(272) - age  12:     127560 bytes,    4630944 total
[2023-11-16T06:01:43.348+0000][7][gc,age      ] GC(272) - age  13:        192 bytes,    4631136 total
[2023-11-16T06:01:43.348+0000][7][gc,age      ] GC(272) - age  14:     143664 bytes,    4774800 total
[2023-11-16T06:01:43.348+0000][7][gc,age      ] GC(272) - age  15:      30256 bytes,    4805056 total
[2023-11-16T06:01:43.348+0000][7][gc,phases   ] GC(272)   Pre Evacuate Collection Set: 0.1ms
[2023-11-16T06:01:43.348+0000][7][gc,phases   ] GC(272)   Merge Heap Roots: 0.1ms
[2023-11-16T06:01:43.348+0000][7][gc,phases   ] GC(272)   Evacuate Collection Set: 1.9ms
[2023-11-16T06:01:43.348+0000][7][gc,phases   ] GC(272)   Post Evacuate Collection Set: 0.6ms
[2023-11-16T06:01:43.348+0000][7][gc,phases   ] GC(272)   Other: 0.2ms
[2023-11-16T06:01:43.348+0000][7][gc,heap     ] GC(272) Eden regions: 68->0(67)
[2023-11-16T06:01:43.348+0000][7][gc,heap     ] GC(272) Survivor regions: 1->2(9)
[2023-11-16T06:01:43.348+0000][7][gc,heap     ] GC(272) Old regions: 30->30
[2023-11-16T06:01:43.348+0000][7][gc,heap     ] GC(272) Archive regions: 2->2
[2023-11-16T06:01:43.348+0000][7][gc,heap     ] GC(272) Humongous regions: 5->5
[2023-11-16T06:01:43.348+0000][7][gc,metaspace] GC(272) Metaspace: 119618K(121344K)->119618K(121344K) NonClass: 103792K(104768K)->103792K(104768K) Class: 15825K(16576K)->15825K(16576K)
[2023-11-16T06:01:43.348+0000][7][gc          ] GC(272) Pause Young (Normal) (G1 Evacuation Pause) 419M->148M(512M) 2.869ms
[2023-11-16T06:01:43.348+0000][7][gc,cpu      ] GC(272) User=0.01s Sys=0.00s Real=0.00s
[2023-11-16T06:01:43.348+0000][7][safepoint   ] Safepoint "G1CollectForAllocation", Time since last: 12114002212 ns, Reaching safepoint: 73864 ns, At safepoint: 2932739 ns, Total: 3006603 ns
[2023-11-16T06:01:59.927+0000][7][gc,start    ] GC(273) Pause Young (Normal) (G1 Evacuation Pause)
[2023-11-16T06:01:59.927+0000][7][gc,task     ] GC(273) Using 8 workers of 8 for evacuation
[2023-11-16T06:01:59.927+0000][7][gc,age      ] GC(273) Desired survivor size 18874368 bytes, new threshold 15 (max threshold 15)
[2023-11-16T06:01:59.936+0000][7][gc,age      ] GC(273) Age table with threshold 15 (max threshold 15)
[2023-11-16T06:01:59.936+0000][7][gc,age      ] GC(273) - age   1:    1374544 bytes,    1374544 total
[2023-11-16T06:01:59.936+0000][7][gc,age      ] GC(273) - age   2:    1245376 bytes,    2619920 total
[2023-11-16T06:01:59.936+0000][7][gc,age      ] GC(273) - age   3:     230112 bytes,    2850032 total
[2023-11-16T06:01:59.936+0000][7][gc,age      ] GC(273) - age   4:     120072 bytes,    2970104 total
[2023-11-16T06:01:59.936+0000][7][gc,age      ] GC(273) - age   5:     127960 bytes,    3098064 total
[2023-11-16T06:01:59.936+0000][7][gc,age      ] GC(273) - age   6:     190264 bytes,    3288328 total
[2023-11-16T06:01:59.936+0000][7][gc,age      ] GC(273) - age   7:     176336 bytes,    3464664 total
[2023-11-16T06:01:59.936+0000][7][gc,age      ] GC(273) - age   8:     175512 bytes,    3640176 total
[2023-11-16T06:01:59.936+0000][7][gc,age      ] GC(273) - age   9:     725704 bytes,    4365880 total
[2023-11-16T06:01:59.936+0000][7][gc,age      ] GC(273) - age  10:     129040 bytes,    4494920 total
[2023-11-16T06:01:59.936+0000][7][gc,age      ] GC(273) - age  11:        640 bytes,    4495560 total
[2023-11-16T06:01:59.936+0000][7][gc,age      ] GC(273) - age  12:     173944 bytes,    4669504 total
[2023-11-16T06:01:59.936+0000][7][gc,age      ] GC(273) - age  13:     127560 bytes,    4797064 total
[2023-11-16T06:01:59.936+0000][7][gc,age      ] GC(273) - age  14:        128 bytes,    4797192 total
[2023-11-16T06:01:59.936+0000][7][gc,age      ] GC(273) - age  15:     143600 bytes,    4940792 total
[2023-11-16T06:01:59.936+0000][7][gc,phases   ] GC(273)   Pre Evacuate Collection Set: 0.1ms
[2023-11-16T06:01:59.936+0000][7][gc,phases   ] GC(273)   Merge Heap Roots: 0.0ms
[2023-11-16T06:01:59.936+0000][7][gc,phases   ] GC(273)   Evacuate Collection Set: 8.4ms
[2023-11-16T06:01:59.936+0000][7][gc,phases   ] GC(273)   Post Evacuate Collection Set: 0.7ms
[2023-11-16T06:01:59.936+0000][7][gc,phases   ] GC(273)   Other: 0.3ms
[2023-11-16T06:01:59.936+0000][7][gc,heap     ] GC(273) Eden regions: 67->0(67)
[2023-11-16T06:01:59.936+0000][7][gc,heap     ] GC(273) Survivor regions: 2->2(9)
[2023-11-16T06:01:59.936+0000][7][gc,heap     ] GC(273) Old regions: 30->30
[2023-11-16T06:01:59.936+0000][7][gc,heap     ] GC(273) Archive regions: 2->2
[2023-11-16T06:01:59.936+0000][7][gc,heap     ] GC(273) Humongous regions: 5->5
[2023-11-16T06:01:59.936+0000][7][gc,metaspace] GC(273) Metaspace: 119620K(121344K)->119620K(121344K) NonClass: 103794K(104768K)->103794K(104768K) Class: 15825K(16576K)->15825K(16576K)
[2023-11-16T06:01:59.936+0000][7][gc          ] GC(273) Pause Young (Normal) (G1 Evacuation Pause) 416M->148M(512M) 9.670ms
[2023-11-16T06:01:59.936+0000][7][gc,cpu      ] GC(273) User=0.02s Sys=0.00s Real=0.01s
[2023-11-16T06:01:59.936+0000][7][safepoint   ] Safepoint "G1CollectForAllocation", Time since last: 16578612036 ns, Reaching safepoint: 71294 ns, At safepoint: 9794253 ns, Total: 9865547 ns
[2023-11-16T06:02:01.937+0000][7][safepoint   ] Safepoint "Cleanup", Time since last: 2000621049 ns, Reaching safepoint: 36440 ns, At safepoint: 30927 ns, Total: 67367 ns
[2023-11-16T06:02:07.938+0000][7][safepoint   ] Safepoint "Cleanup", Time since last: 6001274194 ns, Reaching safepoint: 47387 ns, At safepoint: 4648 ns, Total: 52035 ns
[2023-11-16T06:02:12.939+0000][7][safepoint   ] Safepoint "Cleanup", Time since last: 5000732478 ns, Reaching safepoint: 37454 ns, At safepoint: 5470 ns, Total: 42924 ns
[2023-11-16T06:02:13.841+0000][7][gc,start    ] GC(274) Pause Young (Normal) (G1 Evacuation Pause)
[2023-11-16T06:02:13.841+0000][7][gc,task     ] GC(274) Using 8 workers of 8 for evacuation
[2023-11-16T06:02:13.841+0000][7][gc,age      ] GC(274) Desired survivor size 18874368 bytes, new threshold 15 (max threshold 15)
[2023-11-16T06:02:13.844+0000][7][gc,age      ] GC(274) Age table with threshold 15 (max threshold 15)
[2023-11-16T06:02:13.844+0000][7][gc,age      ] GC(274) - age   1:    1935376 bytes,    1935376 total
[2023-11-16T06:02:13.844+0000][7][gc,age      ] GC(274) - age   2:     582656 bytes,    2518032 total
[2023-11-16T06:02:13.844+0000][7][gc,age      ] GC(274) - age   3:     496104 bytes,    3014136 total
[2023-11-16T06:02:13.844+0000][7][gc,age      ] GC(274) - age   4:     228000 bytes,    3242136 total
[2023-11-16T06:02:13.844+0000][7][gc,age      ] GC(274) - age   5:     104960 bytes,    3347096 total
[2023-11-16T06:02:13.844+0000][7][gc,age      ] GC(274) - age   6:     127960 bytes,    3475056 total
[2023-11-16T06:02:13.844+0000][7][gc,age      ] GC(274) - age   7:     189888 bytes,    3664944 total
[2023-11-16T06:02:13.844+0000][7][gc,age      ] GC(274) - age   8:     176272 bytes,    3841216 total
[2023-11-16T06:02:13.844+0000][7][gc,age      ] GC(274) - age   9:     175456 bytes,    4016672 total
[2023-11-16T06:02:13.844+0000][7][gc,age      ] GC(274) - age  10:     725640 bytes,    4742312 total
[2023-11-16T06:02:13.844+0000][7][gc,age      ] GC(274) - age  11:     129040 bytes,    4871352 total
[2023-11-16T06:02:13.844+0000][7][gc,age      ] GC(274) - age  12:        640 bytes,    4871992 total
[2023-11-16T06:02:13.844+0000][7][gc,age      ] GC(274) - age  13:     173944 bytes,    5045936 total
[2023-11-16T06:02:13.844+0000][7][gc,age      ] GC(274) - age  14:     127560 bytes,    5173496 total
[2023-11-16T06:02:13.844+0000][7][gc,age      ] GC(274) - age  15:        128 bytes,    5173624 total
[2023-11-16T06:02:13.844+0000][7][gc,phases   ] GC(274)   Pre Evacuate Collection Set: 0.2ms
[2023-11-16T06:02:13.844+0000][7][gc,phases   ] GC(274)   Merge Heap Roots: 0.2ms
[2023-11-16T06:02:13.844+0000][7][gc,phases   ] GC(274)   Evacuate Collection Set: 2.3ms
[2023-11-16T06:02:13.845+0000][7][gc,phases   ] GC(274)   Post Evacuate Collection Set: 0.6ms
[2023-11-16T06:02:13.845+0000][7][gc,phases   ] GC(274)   Other: 0.3ms
[2023-11-16T06:02:13.845+0000][7][gc,heap     ] GC(274) Eden regions: 67->0(67)
[2023-11-16T06:02:13.845+0000][7][gc,heap     ] GC(274) Survivor regions: 2->2(9)
[2023-11-16T06:02:13.845+0000][7][gc,heap     ] GC(274) Old regions: 30->30
[2023-11-16T06:02:13.845+0000][7][gc,heap     ] GC(274) Archive regions: 2->2
[2023-11-16T06:02:13.845+0000][7][gc,heap     ] GC(274) Humongous regions: 5->5
[2023-11-16T06:02:13.845+0000][7][gc,metaspace] GC(274) Metaspace: 119632K(121344K)->119632K(121344K) NonClass: 103806K(104768K)->103806K(104768K) Class: 15825K(16576K)->15825K(16576K)
[2023-11-16T06:02:13.845+0000][7][gc          ] GC(274) Pause Young (Normal) (G1 Evacuation Pause) 416M->149M(512M) 3.496ms
[2023-11-16T06:02:13.845+0000][7][gc,cpu      ] GC(274) User=0.02s Sys=0.00s Real=0.00s
[2023-11-16T06:02:13.845+0000][7][safepoint   ] Safepoint "G1CollectForAllocation", Time since last: 901653384 ns, Reaching safepoint: 113133 ns, At safepoint: 3563738 ns, Total: 3676871 ns
[2023-11-16T06:02:20.607+0000][7][gc,start    ] GC(275) Pause Young (Normal) (G1 Evacuation Pause)
[2023-11-16T06:02:20.607+0000][7][gc,task     ] GC(275) Using 8 workers of 8 for evacuation
[2023-11-16T06:02:20.607+0000][7][gc,age      ] GC(275) Desired survivor size 18874368 bytes, new threshold 15 (max threshold 15)
[2023-11-16T06:02:20.609+0000][7][gc,age      ] GC(275) Age table with threshold 15 (max threshold 15)
[2023-11-16T06:02:20.609+0000][7][gc,age      ] GC(275) - age   1:    1483032 bytes,    1483032 total
[2023-11-16T06:02:20.609+0000][7][gc,age      ] GC(275) - age   2:      40472 bytes,    1523504 total
[2023-11-16T06:02:20.609+0000][7][gc,age      ] GC(275) - age   3:     157456 bytes,    1680960 total
[2023-11-16T06:02:20.609+0000][7][gc,age      ] GC(275) - age   4:       1608 bytes,    1682568 total
[2023-11-16T06:02:20.609+0000][7][gc,age      ] GC(275) - age   5:       1816 bytes,    1684384 total
[2023-11-16T06:02:20.609+0000][7][gc,age      ] GC(275) - age   6:        744 bytes,    1685128 total
[2023-11-16T06:02:20.609+0000][7][gc,age      ] GC(275) - age   7:     127768 bytes,    1812896 total
[2023-11-16T06:02:20.609+0000][7][gc,age      ] GC(275) - age   8:     189856 bytes,    2002752 total
[2023-11-16T06:02:20.609+0000][7][gc,age      ] GC(275) - age   9:     176272 bytes,    2179024 total
[2023-11-16T06:02:20.609+0000][7][gc,age      ] GC(275) - age  10:     175456 bytes,    2354480 total
[2023-11-16T06:02:20.609+0000][7][gc,age      ] GC(275) - age  11:     725640 bytes,    3080120 total
[2023-11-16T06:02:20.609+0000][7][gc,age      ] GC(275) - age  12:     129040 bytes,    3209160 total
[2023-11-16T06:02:20.609+0000][7][gc,age      ] GC(275) - age  13:        640 bytes,    3209800 total
[2023-11-16T06:02:20.609+0000][7][gc,age      ] GC(275) - age  14:     173912 bytes,    3383712 total
[2023-11-16T06:02:20.609+0000][7][gc,age      ] GC(275) - age  15:     127560 bytes,    3511272 total
[2023-11-16T06:02:20.609+0000][7][gc,phases   ] GC(275)   Pre Evacuate Collection Set: 0.1ms
[2023-11-16T06:02:20.609+0000][7][gc,phases   ] GC(275)   Merge Heap Roots: 0.0ms
[2023-11-16T06:02:20.609+0000][7][gc,phases   ] GC(275)   Evacuate Collection Set: 1.5ms
[2023-11-16T06:02:20.609+0000][7][gc,phases   ] GC(275)   Post Evacuate Collection Set: 0.7ms
[2023-11-16T06:02:20.609+0000][7][gc,phases   ] GC(275)   Other: 0.3ms
[2023-11-16T06:02:20.609+0000][7][gc,heap     ] GC(275) Eden regions: 67->0(68)
[2023-11-16T06:02:20.609+0000][7][gc,heap     ] GC(275) Survivor regions: 2->1(9)
[2023-11-16T06:02:20.609+0000][7][gc,heap     ] GC(275) Old regions: 30->30
[2023-11-16T06:02:20.609+0000][7][gc,heap     ] GC(275) Archive regions: 2->2
[2023-11-16T06:02:20.609+0000][7][gc,heap     ] GC(275) Humongous regions: 5->5
[2023-11-16T06:02:20.609+0000][7][gc,metaspace] GC(275) Metaspace: 119636K(121344K)->119636K(121344K) NonClass: 103810K(104768K)->103810K(104768K) Class: 15825K(16576K)->15825K(16576K)
[2023-11-16T06:02:20.609+0000][7][gc          ] GC(275) Pause Young (Normal) (G1 Evacuation Pause) 417M->147M(512M) 2.671ms
[2023-11-16T06:02:20.609+0000][7][gc,cpu      ] GC(275) User=0.01s Sys=0.01s Real=0.01s
[2023-11-16T06:02:20.609+0000][7][safepoint   ] Safepoint "G1CollectForAllocation", Time since last: 6762069651 ns, Reaching safepoint: 44387 ns, At safepoint: 2769408 ns, Total: 2813795 ns
[2023-11-16T06:02:23.610+0000][7][safepoint   ] Safepoint "Cleanup", Time since last: 3000409021 ns, Reaching safepoint: 86984 ns, At safepoint: 5501 ns, Total: 92485 ns
[2023-11-16T06:02:26.952+0000][7][gc,start    ] GC(276) Pause Young (Normal) (G1 Evacuation Pause)
[2023-11-16T06:02:26.952+0000][7][gc,task     ] GC(276) Using 8 workers of 8 for evacuation
[2023-11-16T06:02:26.952+0000][7][gc,age      ] GC(276) Desired survivor size 18874368 bytes, new threshold 15 (max threshold 15)
[2023-11-16T06:02:26.959+0000][7][gc,age      ] GC(276) Age table with threshold 15 (max threshold 15)
[2023-11-16T06:02:26.959+0000][7][gc,age      ] GC(276) - age   1:    1353128 bytes,    1353128 total
[2023-11-16T06:02:26.959+0000][7][gc,age      ] GC(276) - age   2:     325184 bytes,    1678312 total
[2023-11-16T06:02:26.959+0000][7][gc,age      ] GC(276) - age   3:      34248 bytes,    1712560 total
[2023-11-16T06:02:26.959+0000][7][gc,age      ] GC(276) - age   4:     146872 bytes,    1859432 total
[2023-11-16T06:02:26.959+0000][7][gc,age      ] GC(276) - age   5:        728 bytes,    1860160 total
[2023-11-16T06:02:26.959+0000][7][gc,age      ] GC(276) - age   6:       1056 bytes,    1861216 total
[2023-11-16T06:02:26.959+0000][7][gc,age      ] GC(276) - age   7:        520 bytes,    1861736 total
[2023-11-16T06:02:26.959+0000][7][gc,age      ] GC(276) - age   8:     127768 bytes,    1989504 total
[2023-11-16T06:02:26.959+0000][7][gc,age      ] GC(276) - age   9:     189648 bytes,    2179152 total
[2023-11-16T06:02:26.959+0000][7][gc,age      ] GC(276) - age  10:     176240 bytes,    2355392 total
[2023-11-16T06:02:26.959+0000][7][gc,age      ] GC(276) - age  11:     175424 bytes,    2530816 total
[2023-11-16T06:02:26.959+0000][7][gc,age      ] GC(276) - age  12:     725608 bytes,    3256424 total
[2023-11-16T06:02:26.959+0000][7][gc,age      ] GC(276) - age  13:       1664 bytes,    3258088 total
[2023-11-16T06:02:26.959+0000][7][gc,age      ] GC(276) - age  14:        640 bytes,    3258728 total
[2023-11-16T06:02:26.959+0000][7][gc,age      ] GC(276) - age  15:     173912 bytes,    3432640 total
[2023-11-16T06:02:26.959+0000][7][gc,phases   ] GC(276)   Pre Evacuate Collection Set: 0.1ms
[2023-11-16T06:02:26.959+0000][7][gc,phases   ] GC(276)   Merge Heap Roots: 0.0ms
[2023-11-16T06:02:26.959+0000][7][gc,phases   ] GC(276)   Evacuate Collection Set: 1.7ms
[2023-11-16T06:02:26.959+0000][7][gc,phases   ] GC(276)   Post Evacuate Collection Set: 4.6ms
[2023-11-16T06:02:26.959+0000][7][gc,phases   ] GC(276)   Other: 0.3ms
[2023-11-16T06:02:26.959+0000][7][gc,heap     ] GC(276) Eden regions: 68->0(67)
[2023-11-16T06:02:26.959+0000][7][gc,heap     ] GC(276) Survivor regions: 1->1(9)
[2023-11-16T06:02:26.959+0000][7][gc,heap     ] GC(276) Old regions: 30->31
[2023-11-16T06:02:26.959+0000][7][gc,heap     ] GC(276) Archive regions: 2->2
[2023-11-16T06:02:26.959+0000][7][gc,heap     ] GC(276) Humongous regions: 5->5
[2023-11-16T06:02:26.959+0000][7][gc,metaspace] GC(276) Metaspace: 119638K(121344K)->119638K(121344K) NonClass: 103813K(104768K)->103813K(104768K) Class: 15825K(16576K)->15825K(16576K)
[2023-11-16T06:02:26.959+0000][7][gc          ] GC(276) Pause Young (Normal) (G1 Evacuation Pause) 419M->147M(512M) 6.727ms
[2023-11-16T06:02:26.959+0000][7][gc,cpu      ] GC(276) User=0.02s Sys=0.00s Real=0.01s
[2023-11-16T06:02:26.959+0000][7][safepoint   ] Safepoint "G1CollectForAllocation", Time since last: 3341980463 ns, Reaching safepoint: 70088 ns, At safepoint: 6826036 ns, Total: 6896124 ns
[2023-11-16T06:02:27.959+0000][7][safepoint   ] Safepoint "Cleanup", Time since last: 1000101073 ns, Reaching safepoint: 108878 ns, At safepoint: 14081 ns, Total: 122959 ns
[2023-11-16T06:02:33.041+0000][7][gc,start    ] GC(277) Pause Young (Normal) (G1 Evacuation Pause)
[2023-11-16T06:02:33.043+0000][7][gc,task     ] GC(277) Using 8 workers of 8 for evacuation
[2023-11-16T06:02:33.043+0000][7][gc,age      ] GC(277) Desired survivor size 18874368 bytes, new threshold 15 (max threshold 15)
[2023-11-16T06:02:33.046+0000][7][gc,age      ] GC(277) Age table with threshold 15 (max threshold 15)
[2023-11-16T06:02:33.046+0000][7][gc,age      ] GC(277) - age   1:    2346008 bytes,    2346008 total
[2023-11-16T06:02:33.046+0000][7][gc,age      ] GC(277) - age   2:     621328 bytes,    2967336 total
[2023-11-16T06:02:33.046+0000][7][gc,age      ] GC(277) - age   3:     323576 bytes,    3290912 total
[2023-11-16T06:02:33.046+0000][7][gc,age      ] GC(277) - age   4:      33248 bytes,    3324160 total
[2023-11-16T06:02:33.046+0000][7][gc,age      ] GC(277) - age   5:     142896 bytes,    3467056 total
[2023-11-16T06:02:33.046+0000][7][gc,age      ] GC(277) - age   6:        288 bytes,    3467344 total
[2023-11-16T06:02:33.046+0000][7][gc,age      ] GC(277) - age   7:        992 bytes,    3468336 total
[2023-11-16T06:02:33.046+0000][7][gc,age      ] GC(277) - age   8:        520 bytes,    3468856 total
[2023-11-16T06:02:33.046+0000][7][gc,age      ] GC(277) - age   9:     127704 bytes,    3596560 total
[2023-11-16T06:02:33.046+0000][7][gc,age      ] GC(277) - age  10:     189648 bytes,    3786208 total
[2023-11-16T06:02:33.046+0000][7][gc,age      ] GC(277) - age  11:     176208 bytes,    3962416 total
[2023-11-16T06:02:33.046+0000][7][gc,age      ] GC(277) - age  12:     175104 bytes,    4137520 total
[2023-11-16T06:02:33.046+0000][7][gc,age      ] GC(277) - age  13:     725608 bytes,    4863128 total
[2023-11-16T06:02:33.046+0000][7][gc,age      ] GC(277) - age  14:       1568 bytes,    4864696 total
[2023-11-16T06:02:33.046+0000][7][gc,age      ] GC(277) - age  15:        640 bytes,    4865336 total
[2023-11-16T06:02:33.046+0000][7][gc,phases   ] GC(277)   Pre Evacuate Collection Set: 0.1ms
[2023-11-16T06:02:33.046+0000][7][gc,phases   ] GC(277)   Merge Heap Roots: 0.0ms
[2023-11-16T06:02:33.046+0000][7][gc,phases   ] GC(277)   Evacuate Collection Set: 2.0ms
[2023-11-16T06:02:33.046+0000][7][gc,phases   ] GC(277)   Post Evacuate Collection Set: 0.6ms
[2023-11-16T06:02:33.046+0000][7][gc,phases   ] GC(277)   Other: 2.7ms
[2023-11-16T06:02:33.046+0000][7][gc,heap     ] GC(277) Eden regions: 67->0(66)
[2023-11-16T06:02:33.046+0000][7][gc,heap     ] GC(277) Survivor regions: 1->2(9)
[2023-11-16T06:02:33.046+0000][7][gc,heap     ] GC(277) Old regions: 31->31
[2023-11-16T06:02:33.046+0000][7][gc,heap     ] GC(277) Archive regions: 2->2
[2023-11-16T06:02:33.046+0000][7][gc,heap     ] GC(277) Humongous regions: 5->5
[2023-11-16T06:02:33.046+0000][7][gc,metaspace] GC(277) Metaspace: 119642K(121344K)->119642K(121344K) NonClass: 103816K(104768K)->103816K(104768K) Class: 15825K(16576K)->15825K(16576K)
[2023-11-16T06:02:33.046+0000][7][gc          ] GC(277) Pause Young (Normal) (G1 Evacuation Pause) 415M->149M(512M) 5.461ms
[2023-11-16T06:02:33.046+0000][7][gc,cpu      ] GC(277) User=0.02s Sys=0.00s Real=0.00s
[2023-11-16T06:02:33.046+0000][7][safepoint   ] Safepoint "G1CollectForAllocation", Time since last: 5081653342 ns, Reaching safepoint: 30066 ns, At safepoint: 5559769 ns, Total: 5589835 ns
[2023-11-16T06:02:39.047+0000][7][safepoint   ] Safepoint "Cleanup", Time since last: 6000860257 ns, Reaching safepoint: 132741 ns, At safepoint: 8807 ns, Total: 141548 ns
[2023-11-16T06:02:40.078+0000][7][gc,start    ] GC(278) Pause Young (Normal) (G1 Evacuation Pause)
[2023-11-16T06:02:40.078+0000][7][gc,task     ] GC(278) Using 8 workers of 8 for evacuation
[2023-11-16T06:02:40.078+0000][7][gc,age      ] GC(278) Desired survivor size 18874368 bytes, new threshold 15 (max threshold 15)
[2023-11-16T06:02:40.081+0000][7][gc,age      ] GC(278) Age table with threshold 15 (max threshold 15)
[2023-11-16T06:02:40.081+0000][7][gc,age      ] GC(278) - age   1:    1715776 bytes,    1715776 total
[2023-11-16T06:02:40.081+0000][7][gc,age      ] GC(278) - age   2:     248976 bytes,    1964752 total
[2023-11-16T06:02:40.081+0000][7][gc,age      ] GC(278) - age   3:     421904 bytes,    2386656 total
[2023-11-16T06:02:40.081+0000][7][gc,age      ] GC(278) - age   4:     323200 bytes,    2709856 total
[2023-11-16T06:02:40.081+0000][7][gc,age      ] GC(278) - age   5:      32960 bytes,    2742816 total
[2023-11-16T06:02:40.081+0000][7][gc,age      ] GC(278) - age   6:     142640 bytes,    2885456 total
[2023-11-16T06:02:40.081+0000][7][gc,age      ] GC(278) - age   7:        192 bytes,    2885648 total
[2023-11-16T06:02:40.081+0000][7][gc,age      ] GC(278) - age   8:        928 bytes,    2886576 total
[2023-11-16T06:02:40.081+0000][7][gc,age      ] GC(278) - age   9:        392 bytes,    2886968 total
[2023-11-16T06:02:40.081+0000][7][gc,age      ] GC(278) - age  10:     127704 bytes,    3014672 total
[2023-11-16T06:02:40.081+0000][7][gc,age      ] GC(278) - age  11:     189616 bytes,    3204288 total
[2023-11-16T06:02:40.081+0000][7][gc,age      ] GC(278) - age  12:     176176 bytes,    3380464 total
[2023-11-16T06:02:40.081+0000][7][gc,age      ] GC(278) - age  13:     175104 bytes,    3555568 total
[2023-11-16T06:02:40.081+0000][7][gc,age      ] GC(278) - age  14:     725608 bytes,    4281176 total
[2023-11-16T06:02:40.081+0000][7][gc,age      ] GC(278) - age  15:       1568 bytes,    4282744 total
[2023-11-16T06:02:40.081+0000][7][gc,phases   ] GC(278)   Pre Evacuate Collection Set: 0.1ms
[2023-11-16T06:02:40.081+0000][7][gc,phases   ] GC(278)   Merge Heap Roots: 0.2ms
[2023-11-16T06:02:40.081+0000][7][gc,phases   ] GC(278)   Evacuate Collection Set: 1.8ms
[2023-11-16T06:02:40.081+0000][7][gc,phases   ] GC(278)   Post Evacuate Collection Set: 0.7ms
[2023-11-16T06:02:40.081+0000][7][gc,phases   ] GC(278)   Other: 0.2ms
[2023-11-16T06:02:40.081+0000][7][gc,heap     ] GC(278) Eden regions: 66->0(66)
[2023-11-16T06:02:40.081+0000][7][gc,heap     ] GC(278) Survivor regions: 2->2(9)
[2023-11-16T06:02:40.081+0000][7][gc,heap     ] GC(278) Old regions: 31->31
[2023-11-16T06:02:40.081+0000][7][gc,heap     ] GC(278) Archive regions: 2->2
[2023-11-16T06:02:40.081+0000][7][gc,heap     ] GC(278) Humongous regions: 5->5
[2023-11-16T06:02:40.081+0000][7][gc,metaspace] GC(278) Metaspace: 119643K(121344K)->119643K(121344K) NonClass: 103818K(104768K)->103818K(104768K) Class: 15825K(16576K)->15825K(16576K)
[2023-11-16T06:02:40.081+0000][7][gc          ] GC(278) Pause Young (Normal) (G1 Evacuation Pause) 413M->148M(512M) 2.975ms
[2023-11-16T06:02:40.081+0000][7][gc,cpu      ] GC(278) User=0.01s Sys=0.00s Real=0.01s
[2023-11-16T06:02:40.081+0000][7][safepoint   ] Safepoint "G1CollectForAllocation", Time since last: 1030322982 ns, Reaching safepoint: 55846 ns, At safepoint: 3060747 ns, Total: 3116593 ns
[2023-11-16T06:02:42.081+0000][7][safepoint   ] Safepoint "Cleanup", Time since last: 2000379287 ns, Reaching safepoint: 61330 ns, At safepoint: 4592 ns, Total: 65922 ns
[2023-11-16T06:02:46.148+0000][7][gc,start    ] GC(279) Pause Young (Normal) (G1 Evacuation Pause)
[2023-11-16T06:02:46.148+0000][7][gc,task     ] GC(279) Using 8 workers of 8 for evacuation
[2023-11-16T06:02:46.148+0000][7][gc,age      ] GC(279) Desired survivor size 18874368 bytes, new threshold 15 (max threshold 15)
[2023-11-16T06:02:46.150+0000][7][gc,age      ] GC(279) Age table with threshold 15 (max threshold 15)
[2023-11-16T06:02:46.150+0000][7][gc,age      ] GC(279) - age   1:     707264 bytes,     707264 total
[2023-11-16T06:02:46.150+0000][7][gc,age      ] GC(279) - age   2:     144456 bytes,     851720 total
[2023-11-16T06:02:46.150+0000][7][gc,age      ] GC(279) - age   3:      40192 bytes,     891912 total
[2023-11-16T06:02:46.150+0000][7][gc,age      ] GC(279) - age   4:     140560 bytes,    1032472 total
[2023-11-16T06:02:46.150+0000][7][gc,age      ] GC(279) - age   5:     128464 bytes,    1160936 total
[2023-11-16T06:02:46.150+0000][7][gc,age      ] GC(279) - age   6:      32768 bytes,    1193704 total
[2023-11-16T06:02:46.150+0000][7][gc,age      ] GC(279) - age   7:     142000 bytes,    1335704 total
[2023-11-16T06:02:46.150+0000][7][gc,age      ] GC(279) - age   8:        128 bytes,    1335832 total
[2023-11-16T06:02:46.150+0000][7][gc,age      ] GC(279) - age   9:        896 bytes,    1336728 total
[2023-11-16T06:02:46.150+0000][7][gc,age      ] GC(279) - age  10:        392 bytes,    1337120 total
[2023-11-16T06:02:46.150+0000][7][gc,age      ] GC(279) - age  11:     127704 bytes,    1464824 total
[2023-11-16T06:02:46.150+0000][7][gc,age      ] GC(279) - age  12:     175712 bytes,    1640536 total
[2023-11-16T06:02:46.150+0000][7][gc,age      ] GC(279) - age  13:      50784 bytes,    1691320 total
[2023-11-16T06:02:46.150+0000][7][gc,age      ] GC(279) - age  14:     175104 bytes,    1866424 total
[2023-11-16T06:02:46.150+0000][7][gc,age      ] GC(279) - age  15:     725608 bytes,    2592032 total
[2023-11-16T06:02:46.150+0000][7][gc,phases   ] GC(279)   Pre Evacuate Collection Set: 0.1ms
[2023-11-16T06:02:46.150+0000][7][gc,phases   ] GC(279)   Merge Heap Roots: 0.0ms
[2023-11-16T06:02:46.150+0000][7][gc,phases   ] GC(279)   Evacuate Collection Set: 1.3ms
[2023-11-16T06:02:46.150+0000][7][gc,phases   ] GC(279)   Post Evacuate Collection Set: 0.8ms
[2023-11-16T06:02:46.150+0000][7][gc,phases   ] GC(279)   Other: 0.2ms
[2023-11-16T06:02:46.150+0000][7][gc,heap     ] GC(279) Eden regions: 66->0(67)
[2023-11-16T06:02:46.150+0000][7][gc,heap     ] GC(279) Survivor regions: 2->1(9)
[2023-11-16T06:02:46.150+0000][7][gc,heap     ] GC(279) Old regions: 31->31
[2023-11-16T06:02:46.150+0000][7][gc,heap     ] GC(279) Archive regions: 2->2
[2023-11-16T06:02:46.150+0000][7][gc,heap     ] GC(279) Humongous regions: 5->5
[2023-11-16T06:02:46.150+0000][7][gc,metaspace] GC(279) Metaspace: 119645K(121344K)->119645K(121344K) NonClass: 103819K(104768K)->103819K(104768K) Class: 15825K(16576K)->15825K(16576K)
[2023-11-16T06:02:46.150+0000][7][gc          ] GC(279) Pause Young (Normal) (G1 Evacuation Pause) 412M->147M(512M) 2.529ms
[2023-11-16T06:02:46.150+0000][7][gc,cpu      ] GC(279) User=0.01s Sys=0.00s Real=0.01s
[2023-11-16T06:02:46.150+0000][7][safepoint   ] Safepoint "G1CollectForAllocation", Time since last: 4066467938 ns, Reaching safepoint: 32135 ns, At safepoint: 2661760 ns, Total: 2693895 ns
[2023-11-16T06:02:47.151+0000][7][safepoint   ] Safepoint "Cleanup", Time since last: 1000088914 ns, Reaching safepoint: 123132 ns, At safepoint: 7765 ns, Total: 130897 ns
[2023-11-16T06:02:49.766+0000][7][safepoint   ] Safepoint "Cleanup", Time since last: 2614837819 ns, Reaching safepoint: 175064 ns, At safepoint: 6201 ns, Total: 181265 ns
[2023-11-16T06:02:50.766+0000][7][safepoint   ] Safepoint "Cleanup", Time since last: 1000365244 ns, Reaching safepoint: 53824 ns, At safepoint: 35118 ns, Total: 88942 ns
[2023-11-16T06:02:52.767+0000][7][safepoint   ] Safepoint "Cleanup", Time since last: 2000360642 ns, Reaching safepoint: 167791 ns, At safepoint: 4539 ns, Total: 172330 ns
[2023-11-16T06:02:52.964+0000][7][gc,start    ] GC(280) Pause Young (Normal) (G1 Evacuation Pause)
[2023-11-16T06:02:52.964+0000][7][gc,task     ] GC(280) Using 8 workers of 8 for evacuation
[2023-11-16T06:02:52.964+0000][7][gc,age      ] GC(280) Desired survivor size 18874368 bytes, new threshold 15 (max threshold 15)
[2023-11-16T06:02:52.976+0000][7][gc,age      ] GC(280) Age table with threshold 15 (max threshold 15)
[2023-11-16T06:02:52.976+0000][7][gc,age      ] GC(280) - age   1:    2076776 bytes,    2076776 total
[2023-11-16T06:02:52.976+0000][7][gc,age      ] GC(280) - age   2:     233104 bytes,    2309880 total
[2023-11-16T06:02:52.976+0000][7][gc,age      ] GC(280) - age   3:     142656 bytes,    2452536 total
[2023-11-16T06:02:52.976+0000][7][gc,age      ] GC(280) - age   4:      12576 bytes,    2465112 total
[2023-11-16T06:02:52.976+0000][7][gc,age      ] GC(280) - age   5:      12104 bytes,    2477216 total
[2023-11-16T06:02:52.976+0000][7][gc,age      ] GC(280) - age   6:     128400 bytes,    2605616 total
[2023-11-16T06:02:52.976+0000][7][gc,age      ] GC(280) - age   7:      32264 bytes,    2637880 total
[2023-11-16T06:02:52.976+0000][7][gc,age      ] GC(280) - age   8:     141256 bytes,    2779136 total
[2023-11-16T06:02:52.976+0000][7][gc,age      ] GC(280) - age   9:         64 bytes,    2779200 total
[2023-11-16T06:02:52.976+0000][7][gc,age      ] GC(280) - age  10:        832 bytes,    2780032 total
[2023-11-16T06:02:52.976+0000][7][gc,age      ] GC(280) - age  11:        392 bytes,    2780424 total
[2023-11-16T06:02:52.976+0000][7][gc,age      ] GC(280) - age  12:     127640 bytes,    2908064 total
[2023-11-16T06:02:52.976+0000][7][gc,age      ] GC(280) - age  13:     175712 bytes,    3083776 total
[2023-11-16T06:02:52.976+0000][7][gc,age      ] GC(280) - age  14:      50784 bytes,    3134560 total
[2023-11-16T06:02:52.976+0000][7][gc,age      ] GC(280) - age  15:     175104 bytes,    3309664 total
[2023-11-16T06:02:52.976+0000][7][gc,phases   ] GC(280)   Pre Evacuate Collection Set: 0.1ms
[2023-11-16T06:02:52.976+0000][7][gc,phases   ] GC(280)   Merge Heap Roots: 0.0ms
[2023-11-16T06:02:52.976+0000][7][gc,phases   ] GC(280)   Evacuate Collection Set: 11.2ms
[2023-11-16T06:02:52.976+0000][7][gc,phases   ] GC(280)   Post Evacuate Collection Set: 0.7ms
[2023-11-16T06:02:52.976+0000][7][gc,phases   ] GC(280)   Other: 0.3ms
[2023-11-16T06:02:52.976+0000][7][gc,heap     ] GC(280) Eden regions: 67->0(67)
[2023-11-16T06:02:52.976+0000][7][gc,heap     ] GC(280) Survivor regions: 1->1(9)
[2023-11-16T06:02:52.976+0000][7][gc,heap     ] GC(280) Old regions: 31->31
[2023-11-16T06:02:52.976+0000][7][gc,heap     ] GC(280) Archive regions: 2->2
[2023-11-16T06:02:52.976+0000][7][gc,heap     ] GC(280) Humongous regions: 5->5
[2023-11-16T06:02:52.976+0000][7][gc,metaspace] GC(280) Metaspace: 119708K(121408K)->119708K(121408K) NonClass: 103870K(104832K)->103870K(104832K) Class: 15838K(16576K)->15838K(16576K)
[2023-11-16T06:02:52.976+0000][7][gc          ] GC(280) Pause Young (Normal) (G1 Evacuation Pause) 415M->148M(512M) 12.326ms
[2023-11-16T06:02:52.976+0000][7][gc,cpu      ] GC(280) User=0.02s Sys=0.00s Real=0.01s
[2023-11-16T06:02:52.976+0000][7][safepoint   ] Safepoint "G1CollectForAllocation", Time since last: 197143366 ns, Reaching safepoint: 80380 ns, At safepoint: 12399431 ns, Total: 12479811 ns
[2023-11-16T06:02:58.977+0000][7][safepoint   ] Safepoint "Cleanup", Time since last: 6000682848 ns, Reaching safepoint: 61443 ns, At safepoint: 6917 ns, Total: 68360 ns
[2023-11-16T06:03:00.277+0000][7][gc,start    ] GC(281) Pause Young (Normal) (G1 Evacuation Pause)
[2023-11-16T06:03:00.277+0000][7][gc,task     ] GC(281) Using 8 workers of 8 for evacuation
[2023-11-16T06:03:00.277+0000][7][gc,age      ] GC(281) Desired survivor size 18874368 bytes, new threshold 15 (max threshold 15)
[2023-11-16T06:03:00.280+0000][7][gc,age      ] GC(281) Age table with threshold 15 (max threshold 15)
[2023-11-16T06:03:00.280+0000][7][gc,age      ] GC(281) - age   1:    1985032 bytes,    1985032 total
[2023-11-16T06:03:00.280+0000][7][gc,age      ] GC(281) - age   2:     991000 bytes,    2976032 total
[2023-11-16T06:03:00.280+0000][7][gc,age      ] GC(281) - age   3:     231624 bytes,    3207656 total
[2023-11-16T06:03:00.280+0000][7][gc,age      ] GC(281) - age   4:     141632 bytes,    3349288 total
[2023-11-16T06:03:00.280+0000][7][gc,age      ] GC(281) - age   5:       8304 bytes,    3357592 total
[2023-11-16T06:03:00.280+0000][7][gc,age      ] GC(281) - age   6:       2032 bytes,    3359624 total
[2023-11-16T06:03:00.280+0000][7][gc,age      ] GC(281) - age   7:     128336 bytes,    3487960 total
[2023-11-16T06:03:00.280+0000][7][gc,age      ] GC(281) - age   8:      32136 bytes,    3520096 total
[2023-11-16T06:03:00.280+0000][7][gc,age      ] GC(281) - age   9:     140384 bytes,    3660480 total
[2023-11-16T06:03:00.280+0000][7][gc,age      ] GC(281) - age  10:         64 bytes,    3660544 total
[2023-11-16T06:03:00.280+0000][7][gc,age      ] GC(281) - age  11:        536 bytes,    3661080 total
[2023-11-16T06:03:00.280+0000][7][gc,age      ] GC(281) - age  12:        328 bytes,    3661408 total
[2023-11-16T06:03:00.280+0000][7][gc,age      ] GC(281) - age  13:     127640 bytes,    3789048 total
[2023-11-16T06:03:00.280+0000][7][gc,age      ] GC(281) - age  14:     175680 bytes,    3964728 total
[2023-11-16T06:03:00.280+0000][7][gc,age      ] GC(281) - age  15:      50784 bytes,    4015512 total
[2023-11-16T06:03:00.280+0000][7][gc,phases   ] GC(281)   Pre Evacuate Collection Set: 0.1ms
[2023-11-16T06:03:00.280+0000][7][gc,phases   ] GC(281)   Merge Heap Roots: 0.1ms
[2023-11-16T06:03:00.280+0000][7][gc,phases   ] GC(281)   Evacuate Collection Set: 2.0ms
[2023-11-16T06:03:00.280+0000][7][gc,phases   ] GC(281)   Post Evacuate Collection Set: 0.8ms
[2023-11-16T06:03:00.280+0000][7][gc,phases   ] GC(281)   Other: 0.3ms
[2023-11-16T06:03:00.280+0000][7][gc,heap     ] GC(281) Eden regions: 67->0(66)
[2023-11-16T06:03:00.280+0000][7][gc,heap     ] GC(281) Survivor regions: 1->2(9)
[2023-11-16T06:03:00.280+0000][7][gc,heap     ] GC(281) Old regions: 31->31
[2023-11-16T06:03:00.280+0000][7][gc,heap     ] GC(281) Archive regions: 2->2
[2023-11-16T06:03:00.280+0000][7][gc,heap     ] GC(281) Humongous regions: 5->5
[2023-11-16T06:03:00.280+0000][7][gc,metaspace] GC(281) Metaspace: 119709K(121408K)->119709K(121408K) NonClass: 103870K(104832K)->103870K(104832K) Class: 15838K(16576K)->15838K(16576K)
[2023-11-16T06:03:00.280+0000][7][gc          ] GC(281) Pause Young (Normal) (G1 Evacuation Pause) 416M->149M(512M) 3.297ms
[2023-11-16T06:03:00.280+0000][7][gc,cpu      ] GC(281) User=0.02s Sys=0.00s Real=0.01s
[2023-11-16T06:03:00.280+0000][7][safepoint   ] Safepoint "G1CollectForAllocation", Time since last: 1299891063 ns, Reaching safepoint: 87895 ns, At safepoint: 3405229 ns, Total: 3493124 ns
[2023-11-16T06:03:05.281+0000][7][safepoint   ] Safepoint "Cleanup", Time since last: 5000410110 ns, Reaching safepoint: 63658 ns, At safepoint: 6788 ns, Total: 70446 ns
[2023-11-16T06:03:06.527+0000][7][gc,start    ] GC(282) Pause Young (Normal) (G1 Evacuation Pause)
[2023-11-16T06:03:06.527+0000][7][gc,task     ] GC(282) Using 8 workers of 8 for evacuation
[2023-11-16T06:03:06.527+0000][7][gc,age      ] GC(282) Desired survivor size 18874368 bytes, new threshold 15 (max threshold 15)
[2023-11-16T06:03:06.529+0000][7][gc,age      ] GC(282) Age table with threshold 15 (max threshold 15)
[2023-11-16T06:03:06.529+0000][7][gc,age      ] GC(282) - age   1:    1659720 bytes,    1659720 total
[2023-11-16T06:03:06.529+0000][7][gc,age      ] GC(282) - age   2:      19944 bytes,    1679664 total
[2023-11-16T06:03:06.529+0000][7][gc,age      ] GC(282) - age   3:     356968 bytes,    2036632 total
[2023-11-16T06:03:06.529+0000][7][gc,age      ] GC(282) - age   4:     231160 bytes,    2267792 total
[2023-11-16T06:03:06.529+0000][7][gc,age      ] GC(282) - age   5:       2368 bytes,    2270160 total
[2023-11-16T06:03:06.529+0000][7][gc,age      ] GC(282) - age   6:       8032 bytes,    2278192 total
[2023-11-16T06:03:06.529+0000][7][gc,age      ] GC(282) - age   7:       2032 bytes,    2280224 total
[2023-11-16T06:03:06.529+0000][7][gc,age      ] GC(282) - age   8:     128176 bytes,    2408400 total
[2023-11-16T06:03:06.529+0000][7][gc,age      ] GC(282) - age   9:        520 bytes,    2408920 total
[2023-11-16T06:03:06.529+0000][7][gc,age      ] GC(282) - age  10:        504 bytes,    2409424 total
[2023-11-16T06:03:06.529+0000][7][gc,age      ] GC(282) - age  11:         64 bytes,    2409488 total
[2023-11-16T06:03:06.529+0000][7][gc,age      ] GC(282) - age  12:        536 bytes,    2410024 total
[2023-11-16T06:03:06.529+0000][7][gc,age      ] GC(282) - age  13:        328 bytes,    2410352 total
[2023-11-16T06:03:06.529+0000][7][gc,age      ] GC(282) - age  14:     127640 bytes,    2537992 total
[2023-11-16T06:03:06.529+0000][7][gc,age      ] GC(282) - age  15:     175616 bytes,    2713608 total
[2023-11-16T06:03:06.529+0000][7][gc,phases   ] GC(282)   Pre Evacuate Collection Set: 0.1ms
[2023-11-16T06:03:06.529+0000][7][gc,phases   ] GC(282)   Merge Heap Roots: 0.0ms
[2023-11-16T06:03:06.529+0000][7][gc,phases   ] GC(282)   Evacuate Collection Set: 1.2ms
[2023-11-16T06:03:06.529+0000][7][gc,phases   ] GC(282)   Post Evacuate Collection Set: 0.7ms
[2023-11-16T06:03:06.529+0000][7][gc,phases   ] GC(282)   Other: 0.3ms
[2023-11-16T06:03:06.529+0000][7][gc,heap     ] GC(282) Eden regions: 66->0(67)
[2023-11-16T06:03:06.529+0000][7][gc,heap     ] GC(282) Survivor regions: 2->1(9)
[2023-11-16T06:03:06.529+0000][7][gc,heap     ] GC(282) Old regions: 31->31
[2023-11-16T06:03:06.529+0000][7][gc,heap     ] GC(282) Archive regions: 2->2
[2023-11-16T06:03:06.529+0000][7][gc,heap     ] GC(282) Humongous regions: 5->5
[2023-11-16T06:03:06.529+0000][7][gc,metaspace] GC(282) Metaspace: 119709K(121408K)->119709K(121408K) NonClass: 103870K(104832K)->103870K(104832K) Class: 15838K(16576K)->15838K(16576K)
[2023-11-16T06:03:06.529+0000][7][gc          ] GC(282) Pause Young (Normal) (G1 Evacuation Pause) 413M->148M(512M) 2.343ms
[2023-11-16T06:03:06.529+0000][7][gc,cpu      ] GC(282) User=0.01s Sys=0.00s Real=0.01s
[2023-11-16T06:03:06.529+0000][7][safepoint   ] Safepoint "G1CollectForAllocation", Time since last: 1246116506 ns, Reaching safepoint: 42192 ns, At safepoint: 2449563 ns, Total: 2491755 ns
[2023-11-16T06:03:08.530+0000][7][safepoint   ] Safepoint "Cleanup", Time since last: 2000178615 ns, Reaching safepoint: 122426 ns, At safepoint: 6931 ns, Total: 129357 ns
[2023-11-16T06:03:13.395+0000][7][gc,start    ] GC(283) Pause Young (Normal) (G1 Evacuation Pause)
[2023-11-16T06:03:13.396+0000][7][gc,task     ] GC(283) Using 8 workers of 8 for evacuation
[2023-11-16T06:03:13.396+0000][7][gc,age      ] GC(283) Desired survivor size 18874368 bytes, new threshold 15 (max threshold 15)
[2023-11-16T06:03:13.398+0000][7][gc,age      ] GC(283) Age table with threshold 15 (max threshold 15)
[2023-11-16T06:03:13.398+0000][7][gc,age      ] GC(283) - age   1:    2172640 bytes,    2172640 total
[2023-11-16T06:03:13.398+0000][7][gc,age      ] GC(283) - age   2:     357232 bytes,    2529872 total
[2023-11-16T06:03:13.398+0000][7][gc,age      ] GC(283) - age   3:      15912 bytes,    2545784 total
[2023-11-16T06:03:13.398+0000][7][gc,age      ] GC(283) - age   4:     340360 bytes,    2886144 total
[2023-11-16T06:03:13.398+0000][7][gc,age      ] GC(283) - age   5:     230336 bytes,    3116480 total
[2023-11-16T06:03:13.398+0000][7][gc,age      ] GC(283) - age   6:       2136 bytes,    3118616 total
[2023-11-16T06:03:13.398+0000][7][gc,age      ] GC(283) - age   7:       7968 bytes,    3126584 total
[2023-11-16T06:03:13.398+0000][7][gc,age      ] GC(283) - age   8:       1840 bytes,    3128424 total
[2023-11-16T06:03:13.398+0000][7][gc,age      ] GC(283) - age   9:     128048 bytes,    3256472 total
[2023-11-16T06:03:13.398+0000][7][gc,age      ] GC(283) - age  10:        360 bytes,    3256832 total
[2023-11-16T06:03:13.398+0000][7][gc,age      ] GC(283) - age  11:        280 bytes,    3257112 total
[2023-11-16T06:03:13.398+0000][7][gc,age      ] GC(283) - age  13:        472 bytes,    3257584 total
[2023-11-16T06:03:13.398+0000][7][gc,age      ] GC(283) - age  14:        184 bytes,    3257768 total
[2023-11-16T06:03:13.398+0000][7][gc,phases   ] GC(283)   Pre Evacuate Collection Set: 0.1ms
[2023-11-16T06:03:13.398+0000][7][gc,phases   ] GC(283)   Merge Heap Roots: 0.0ms
[2023-11-16T06:03:13.398+0000][7][gc,phases   ] GC(283)   Evacuate Collection Set: 1.6ms
[2023-11-16T06:03:13.398+0000][7][gc,phases   ] GC(283)   Post Evacuate Collection Set: 0.6ms
[2023-11-16T06:03:13.398+0000][7][gc,phases   ] GC(283)   Other: 0.7ms
[2023-11-16T06:03:13.398+0000][7][gc,heap     ] GC(283) Eden regions: 67->0(67)
[2023-11-16T06:03:13.398+0000][7][gc,heap     ] GC(283) Survivor regions: 1->1(9)
[2023-11-16T06:03:13.398+0000][7][gc,heap     ] GC(283) Old regions: 31->31
[2023-11-16T06:03:13.398+0000][7][gc,heap     ] GC(283) Archive regions: 2->2
[2023-11-16T06:03:13.398+0000][7][gc,heap     ] GC(283) Humongous regions: 5->5
[2023-11-16T06:03:13.398+0000][7][gc,metaspace] GC(283) Metaspace: 119711K(121408K)->119711K(121408K) NonClass: 103872K(104832K)->103872K(104832K) Class: 15838K(16576K)->15838K(16576K)
[2023-11-16T06:03:13.398+0000][7][gc          ] GC(283) Pause Young (Normal) (G1 Evacuation Pause) 416M->148M(512M) 3.149ms
[2023-11-16T06:03:13.398+0000][7][gc,cpu      ] GC(283) User=0.01s Sys=0.01s Real=0.00s
[2023-11-16T06:03:13.398+0000][7][safepoint   ] Safepoint "G1CollectForAllocation", Time since last: 4865345974 ns, Reaching safepoint: 118818 ns, At safepoint: 3215346 ns, Total: 3334164 ns
[2023-11-16T06:03:19.448+0000][7][gc,start    ] GC(284) Pause Young (Normal) (G1 Evacuation Pause)
[2023-11-16T06:03:19.448+0000][7][gc,task     ] GC(284) Using 8 workers of 8 for evacuation
[2023-11-16T06:03:19.448+0000][7][gc,age      ] GC(284) Desired survivor size 18874368 bytes, new threshold 15 (max threshold 15)
[2023-11-16T06:03:19.450+0000][7][gc,age      ] GC(284) Age table with threshold 15 (max threshold 15)
[2023-11-16T06:03:19.450+0000][7][gc,age      ] GC(284) - age   1:     980248 bytes,     980248 total
[2023-11-16T06:03:19.450+0000][7][gc,age      ] GC(284) - age   2:     485360 bytes,    1465608 total
[2023-11-16T06:03:19.450+0000][7][gc,age      ] GC(284) - age   3:     263064 bytes,    1728672 total
[2023-11-16T06:03:19.450+0000][7][gc,age      ] GC(284) - age   4:      15848 bytes,    1744520 total
[2023-11-16T06:03:19.450+0000][7][gc,age      ] GC(284) - age   5:     273680 bytes,    2018200 total
[2023-11-16T06:03:19.450+0000][7][gc,age      ] GC(284) - age   6:     128872 bytes,    2147072 total
[2023-11-16T06:03:19.450+0000][7][gc,age      ] GC(284) - age   7:       1792 bytes,    2148864 total
[2023-11-16T06:03:19.450+0000][7][gc,age      ] GC(284) - age   8:       7904 bytes,    2156768 total
[2023-11-16T06:03:19.450+0000][7][gc,age      ] GC(284) - age   9:       1840 bytes,    2158608 total
[2023-11-16T06:03:19.450+0000][7][gc,age      ] GC(284) - age  10:     128048 bytes,    2286656 total
[2023-11-16T06:03:19.450+0000][7][gc,age      ] GC(284) - age  11:        296 bytes,    2286952 total
[2023-11-16T06:03:19.450+0000][7][gc,age      ] GC(284) - age  12:        152 bytes,    2287104 total
[2023-11-16T06:03:19.450+0000][7][gc,age      ] GC(284) - age  14:        408 bytes,    2287512 total
[2023-11-16T06:03:19.450+0000][7][gc,age      ] GC(284) - age  15:        128 bytes,    2287640 total
[2023-11-16T06:03:19.450+0000][7][gc,phases   ] GC(284)   Pre Evacuate Collection Set: 0.1ms
[2023-11-16T06:03:19.450+0000][7][gc,phases   ] GC(284)   Merge Heap Roots: 0.1ms
[2023-11-16T06:03:19.450+0000][7][gc,phases   ] GC(284)   Evacuate Collection Set: 1.3ms
[2023-11-16T06:03:19.450+0000][7][gc,phases   ] GC(284)   Post Evacuate Collection Set: 0.5ms
[2023-11-16T06:03:19.450+0000][7][gc,phases   ] GC(284)   Other: 0.2ms
[2023-11-16T06:03:19.450+0000][7][gc,heap     ] GC(284) Eden regions: 67->0(67)
[2023-11-16T06:03:19.450+0000][7][gc,heap     ] GC(284) Survivor regions: 1->1(9)
[2023-11-16T06:03:19.450+0000][7][gc,heap     ] GC(284) Old regions: 31->31
[2023-11-16T06:03:19.450+0000][7][gc,heap     ] GC(284) Archive regions: 2->2
[2023-11-16T06:03:19.450+0000][7][gc,heap     ] GC(284) Humongous regions: 5->5
[2023-11-16T06:03:19.450+0000][7][gc,metaspace] GC(284) Metaspace: 119711K(121408K)->119711K(121408K) NonClass: 103873K(104832K)->103873K(104832K) Class: 15838K(16576K)->15838K(16576K)
[2023-11-16T06:03:19.450+0000][7][gc          ] GC(284) Pause Young (Normal) (G1 Evacuation Pause) 416M->147M(512M) 2.288ms
[2023-11-16T06:03:19.450+0000][7][gc,cpu      ] GC(284) User=0.02s Sys=0.00s Real=0.01s
[2023-11-16T06:03:19.450+0000][7][safepoint   ] Safepoint "G1CollectForAllocation", Time since last: 6049161557 ns, Reaching safepoint: 77405 ns, At safepoint: 2349341 ns, Total: 2426746 ns
[2023-11-16T06:03:23.451+0000][7][safepoint   ] Safepoint "Cleanup", Time since last: 4000779554 ns, Reaching safepoint: 126997 ns, At safepoint: 11918 ns, Total: 138915 ns
[2023-11-16T06:03:24.452+0000][7][safepoint   ] Safepoint "Cleanup", Time since last: 1000505313 ns, Reaching safepoint: 74241 ns, At safepoint: 5938 ns, Total: 80179 ns
[2023-11-16T06:03:27.519+0000][7][gc,start    ] GC(285) Pause Young (Normal) (G1 Evacuation Pause)
[2023-11-16T06:03:27.519+0000][7][gc,task     ] GC(285) Using 8 workers of 8 for evacuation
[2023-11-16T06:03:27.519+0000][7][gc,age      ] GC(285) Desired survivor size 18874368 bytes, new threshold 15 (max threshold 15)
[2023-11-16T06:03:27.522+0000][7][gc,age      ] GC(285) Age table with threshold 15 (max threshold 15)
[2023-11-16T06:03:27.522+0000][7][gc,age      ] GC(285) - age   1:    2173504 bytes,    2173504 total
[2023-11-16T06:03:27.522+0000][7][gc,age      ] GC(285) - age   2:     280464 bytes,    2453968 total
[2023-11-16T06:03:27.522+0000][7][gc,age      ] GC(285) - age   3:     187216 bytes,    2641184 total
[2023-11-16T06:03:27.522+0000][7][gc,age      ] GC(285) - age   4:     262744 bytes,    2903928 total
[2023-11-16T06:03:27.522+0000][7][gc,age      ] GC(285) - age   5:       4408 bytes,    2908336 total
[2023-11-16T06:03:27.522+0000][7][gc,age      ] GC(285) - age   6:     273288 bytes,    3181624 total
[2023-11-16T06:03:27.522+0000][7][gc,age      ] GC(285) - age   7:       1304 bytes,    3182928 total
[2023-11-16T06:03:27.522+0000][7][gc,age      ] GC(285) - age   8:       1736 bytes,    3184664 total
[2023-11-16T06:03:27.522+0000][7][gc,age      ] GC(285) - age   9:       7776 bytes,    3192440 total
[2023-11-16T06:03:27.522+0000][7][gc,age      ] GC(285) - age  10:       1544 bytes,    3193984 total
[2023-11-16T06:03:27.522+0000][7][gc,age      ] GC(285) - age  11:     128048 bytes,    3322032 total
[2023-11-16T06:03:27.522+0000][7][gc,age      ] GC(285) - age  12:        296 bytes,    3322328 total
[2023-11-16T06:03:27.522+0000][7][gc,age      ] GC(285) - age  13:        152 bytes,    3322480 total
[2023-11-16T06:03:27.522+0000][7][gc,age      ] GC(285) - age  15:         96 bytes,    3322576 total
[2023-11-16T06:03:27.522+0000][7][gc,phases   ] GC(285)   Pre Evacuate Collection Set: 0.1ms
[2023-11-16T06:03:27.522+0000][7][gc,phases   ] GC(285)   Merge Heap Roots: 0.2ms
[2023-11-16T06:03:27.522+0000][7][gc,phases   ] GC(285)   Evacuate Collection Set: 1.6ms
[2023-11-16T06:03:27.522+0000][7][gc,phases   ] GC(285)   Post Evacuate Collection Set: 0.4ms
[2023-11-16T06:03:27.522+0000][7][gc,phases   ] GC(285)   Other: 0.2ms
[2023-11-16T06:03:27.522+0000][7][gc,heap     ] GC(285) Eden regions: 67->0(67)
[2023-11-16T06:03:27.522+0000][7][gc,heap     ] GC(285) Survivor regions: 1->1(9)
[2023-11-16T06:03:27.522+0000][7][gc,heap     ] GC(285) Old regions: 31->31
[2023-11-16T06:03:27.522+0000][7][gc,heap     ] GC(285) Archive regions: 2->2
[2023-11-16T06:03:27.522+0000][7][gc,heap     ] GC(285) Humongous regions: 5->5
[2023-11-16T06:03:27.522+0000][7][gc,metaspace] GC(285) Metaspace: 119716K(121408K)->119716K(121408K) NonClass: 103878K(104832K)->103878K(104832K) Class: 15838K(16576K)->15838K(16576K)
[2023-11-16T06:03:27.522+0000][7][gc          ] GC(285) Pause Young (Normal) (G1 Evacuation Pause) 415M->148M(512M) 2.467ms
[2023-11-16T06:03:27.522+0000][7][gc,cpu      ] GC(285) User=0.01s Sys=0.00s Real=0.00s
[2023-11-16T06:03:27.522+0000][7][safepoint   ] Safepoint "G1CollectForAllocation", Time since last: 3067769021 ns, Reaching safepoint: 22615 ns, At safepoint: 2553689 ns, Total: 2576304 ns
[2023-11-16T06:03:34.573+0000][7][gc,start    ] GC(286) Pause Young (Normal) (G1 Evacuation Pause)
[2023-11-16T06:03:34.573+0000][7][gc,task     ] GC(286) Using 8 workers of 8 for evacuation
[2023-11-16T06:03:34.573+0000][7][gc,age      ] GC(286) Desired survivor size 18874368 bytes, new threshold 15 (max threshold 15)
[2023-11-16T06:03:34.575+0000][7][gc,age      ] GC(286) Age table with threshold 15 (max threshold 15)
[2023-11-16T06:03:34.575+0000][7][gc,age      ] GC(286) - age   1:    1584528 bytes,    1584528 total
[2023-11-16T06:03:34.575+0000][7][gc,age      ] GC(286) - age   2:     255464 bytes,    1839992 total
[2023-11-16T06:03:34.575+0000][7][gc,age      ] GC(286) - age   3:     229256 bytes,    2069248 total
[2023-11-16T06:03:34.575+0000][7][gc,age      ] GC(286) - age   4:     187016 bytes,    2256264 total
[2023-11-16T06:03:34.575+0000][7][gc,age      ] GC(286) - age   5:     262032 bytes,    2518296 total
[2023-11-16T06:03:34.575+0000][7][gc,age      ] GC(286) - age   6:       1952 bytes,    2520248 total
[2023-11-16T06:03:34.575+0000][7][gc,age      ] GC(286) - age   7:     145368 bytes,    2665616 total
[2023-11-16T06:03:34.575+0000][7][gc,age      ] GC(286) - age   8:       1304 bytes,    2666920 total
[2023-11-16T06:03:34.575+0000][7][gc,age      ] GC(286) - age   9:       1736 bytes,    2668656 total
[2023-11-16T06:03:34.575+0000][7][gc,age      ] GC(286) - age  10:       7496 bytes,    2676152 total
[2023-11-16T06:03:34.575+0000][7][gc,age      ] GC(286) - age  11:       1168 bytes,    2677320 total
[2023-11-16T06:03:34.575+0000][7][gc,age      ] GC(286) - age  12:     128048 bytes,    2805368 total
[2023-11-16T06:03:34.575+0000][7][gc,age      ] GC(286) - age  13:        296 bytes,    2805664 total
[2023-11-16T06:03:34.575+0000][7][gc,age      ] GC(286) - age  14:        152 bytes,    2805816 total
[2023-11-16T06:03:34.575+0000][7][gc,phases   ] GC(286)   Pre Evacuate Collection Set: 0.1ms
[2023-11-16T06:03:34.575+0000][7][gc,phases   ] GC(286)   Merge Heap Roots: 0.1ms
[2023-11-16T06:03:34.575+0000][7][gc,phases   ] GC(286)   Evacuate Collection Set: 1.5ms
[2023-11-16T06:03:34.575+0000][7][gc,phases   ] GC(286)   Post Evacuate Collection Set: 0.5ms
[2023-11-16T06:03:34.575+0000][7][gc,phases   ] GC(286)   Other: 0.3ms
[2023-11-16T06:03:34.575+0000][7][gc,heap     ] GC(286) Eden regions: 67->0(67)
[2023-11-16T06:03:34.575+0000][7][gc,heap     ] GC(286) Survivor regions: 1->1(9)
[2023-11-16T06:03:34.575+0000][7][gc,heap     ] GC(286) Old regions: 31->31
[2023-11-16T06:03:34.575+0000][7][gc,heap     ] GC(286) Archive regions: 2->2
[2023-11-16T06:03:34.575+0000][7][gc,heap     ] GC(286) Humongous regions: 5->5
[2023-11-16T06:03:34.575+0000][7][gc,metaspace] GC(286) Metaspace: 119719K(121408K)->119719K(121408K) NonClass: 103881K(104832K)->103881K(104832K) Class: 15838K(16576K)->15838K(16576K)
[2023-11-16T06:03:34.575+0000][7][gc          ] GC(286) Pause Young (Normal) (G1 Evacuation Pause) 416M->148M(512M) 2.428ms
[2023-11-16T06:03:34.575+0000][7][gc,cpu      ] GC(286) User=0.01s Sys=0.00s Real=0.00s
[2023-11-16T06:03:34.575+0000][7][safepoint   ] Safepoint "G1CollectForAllocation", Time since last: 7050774370 ns, Reaching safepoint: 65228 ns, At safepoint: 2534856 ns, Total: 2600084 ns
[2023-11-16T06:03:41.632+0000][7][gc,start    ] GC(287) Pause Young (Normal) (G1 Evacuation Pause)
[2023-11-16T06:03:41.632+0000][7][gc,task     ] GC(287) Using 8 workers of 8 for evacuation
[2023-11-16T06:03:41.632+0000][7][gc,age      ] GC(287) Desired survivor size 18874368 bytes, new threshold 15 (max threshold 15)
[2023-11-16T06:03:41.634+0000][7][gc,age      ] GC(287) Age table with threshold 15 (max threshold 15)
[2023-11-16T06:03:41.634+0000][7][gc,age      ] GC(287) - age   1:    1998768 bytes,    1998768 total
[2023-11-16T06:03:41.634+0000][7][gc,age      ] GC(287) - age   2:     341744 bytes,    2340512 total
[2023-11-16T06:03:41.634+0000][7][gc,age      ] GC(287) - age   3:     252136 bytes,    2592648 total
[2023-11-16T06:03:41.634+0000][7][gc,age      ] GC(287) - age   4:     228280 bytes,    2820928 total
[2023-11-16T06:03:41.634+0000][7][gc,age      ] GC(287) - age   5:     186312 bytes,    3007240 total
[2023-11-16T06:03:41.635+0000][7][gc,age      ] GC(287) - age   6:     105272 bytes,    3112512 total
[2023-11-16T06:03:41.635+0000][7][gc,age      ] GC(287) - age   7:       1824 bytes,    3114336 total
[2023-11-16T06:03:41.635+0000][7][gc,age      ] GC(287) - age   8:     145304 bytes,    3259640 total
[2023-11-16T06:03:41.635+0000][7][gc,age      ] GC(287) - age   9:       1304 bytes,    3260944 total
[2023-11-16T06:03:41.635+0000][7][gc,age      ] GC(287) - age  10:       1544 bytes,    3262488 total
[2023-11-16T06:03:41.635+0000][7][gc,age      ] GC(287) - age  11:       7496 bytes,    3269984 total
[2023-11-16T06:03:41.635+0000][7][gc,age      ] GC(287) - age  12:       1168 bytes,    3271152 total
[2023-11-16T06:03:41.635+0000][7][gc,age      ] GC(287) - age  13:     128048 bytes,    3399200 total
[2023-11-16T06:03:41.635+0000][7][gc,age      ] GC(287) - age  14:        296 bytes,    3399496 total
[2023-11-16T06:03:41.635+0000][7][gc,age      ] GC(287) - age  15:        152 bytes,    3399648 total
[2023-11-16T06:03:41.635+0000][7][gc,phases   ] GC(287)   Pre Evacuate Collection Set: 0.1ms
[2023-11-16T06:03:41.635+0000][7][gc,phases   ] GC(287)   Merge Heap Roots: 0.0ms
[2023-11-16T06:03:41.635+0000][7][gc,phases   ] GC(287)   Evacuate Collection Set: 1.5ms
[2023-11-16T06:03:41.635+0000][7][gc,phases   ] GC(287)   Post Evacuate Collection Set: 0.7ms
[2023-11-16T06:03:41.635+0000][7][gc,phases   ] GC(287)   Other: 0.3ms
[2023-11-16T06:03:41.635+0000][7][gc,heap     ] GC(287) Eden regions: 67->0(67)
[2023-11-16T06:03:41.635+0000][7][gc,heap     ] GC(287) Survivor regions: 1->1(9)
[2023-11-16T06:03:41.635+0000][7][gc,heap     ] GC(287) Old regions: 31->31
[2023-11-16T06:03:41.635+0000][7][gc,heap     ] GC(287) Archive regions: 2->2
[2023-11-16T06:03:41.635+0000][7][gc,heap     ] GC(287) Humongous regions: 5->5
[2023-11-16T06:03:41.635+0000][7][gc,metaspace] GC(287) Metaspace: 119726K(121408K)->119726K(121408K) NonClass: 103887K(104832K)->103887K(104832K) Class: 15838K(16576K)->15838K(16576K)
[2023-11-16T06:03:41.635+0000][7][gc          ] GC(287) Pause Young (Normal) (G1 Evacuation Pause) 416M->148M(512M) 2.736ms
[2023-11-16T06:03:41.635+0000][7][gc,cpu      ] GC(287) User=0.02s Sys=0.00s Real=0.00s
[2023-11-16T06:03:41.635+0000][7][safepoint   ] Safepoint "G1CollectForAllocation", Time since last: 7056622805 ns, Reaching safepoint: 76056 ns, At safepoint: 2819893 ns, Total: 2895949 ns
[2023-11-16T06:03:46.635+0000][7][safepoint   ] Safepoint "Cleanup", Time since last: 5000461759 ns, Reaching safepoint: 143424 ns, At safepoint: 33044 ns, Total: 176468 ns
[2023-11-16T06:03:47.636+0000][7][safepoint   ] Safepoint "Cleanup", Time since last: 1000297153 ns, Reaching safepoint: 76122 ns, At safepoint: 8451 ns, Total: 84573 ns
[2023-11-16T06:03:47.688+0000][7][gc,start    ] GC(288) Pause Young (Normal) (G1 Evacuation Pause)
[2023-11-16T06:03:47.688+0000][7][gc,task     ] GC(288) Using 8 workers of 8 for evacuation
[2023-11-16T06:03:47.688+0000][7][gc,age      ] GC(288) Desired survivor size 18874368 bytes, new threshold 15 (max threshold 15)
[2023-11-16T06:03:47.690+0000][7][gc,age      ] GC(288) Age table with threshold 15 (max threshold 15)
[2023-11-16T06:03:47.691+0000][7][gc,age      ] GC(288) - age   1:    1644760 bytes,    1644760 total
[2023-11-16T06:03:47.691+0000][7][gc,age      ] GC(288) - age   2:     133096 bytes,    1777856 total
[2023-11-16T06:03:47.691+0000][7][gc,age      ] GC(288) - age   3:     131632 bytes,    1909488 total
[2023-11-16T06:03:47.691+0000][7][gc,age      ] GC(288) - age   4:      16048 bytes,    1925536 total
[2023-11-16T06:03:47.691+0000][7][gc,age      ] GC(288) - age   5:     127040 bytes,    2052576 total
[2023-11-16T06:03:47.691+0000][7][gc,age      ] GC(288) - age   6:      58296 bytes,    2110872 total
[2023-11-16T06:03:47.691+0000][7][gc,age      ] GC(288) - age   7:     105240 bytes,    2216112 total
[2023-11-16T06:03:47.691+0000][7][gc,age      ] GC(288) - age   8:       1760 bytes,    2217872 total
[2023-11-16T06:03:47.691+0000][7][gc,age      ] GC(288) - age   9:     145016 bytes,    2362888 total
[2023-11-16T06:03:47.691+0000][7][gc,age      ] GC(288) - age  10:       1080 bytes,    2363968 total
[2023-11-16T06:03:47.691+0000][7][gc,age      ] GC(288) - age  11:       1544 bytes,    2365512 total
[2023-11-16T06:03:47.691+0000][7][gc,age      ] GC(288) - age  12:       7432 bytes,    2372944 total
[2023-11-16T06:03:47.691+0000][7][gc,age      ] GC(288) - age  13:       1168 bytes,    2374112 total
[2023-11-16T06:03:47.691+0000][7][gc,age      ] GC(288) - age  14:     128048 bytes,    2502160 total
[2023-11-16T06:03:47.691+0000][7][gc,age      ] GC(288) - age  15:        296 bytes,    2502456 total
[2023-11-16T06:03:47.691+0000][7][gc,phases   ] GC(288)   Pre Evacuate Collection Set: 0.1ms
[2023-11-16T06:03:47.691+0000][7][gc,phases   ] GC(288)   Merge Heap Roots: 0.0ms
[2023-11-16T06:03:47.691+0000][7][gc,phases   ] GC(288)   Evacuate Collection Set: 1.5ms
[2023-11-16T06:03:47.691+0000][7][gc,phases   ] GC(288)   Post Evacuate Collection Set: 0.7ms
[2023-11-16T06:03:47.691+0000][7][gc,phases   ] GC(288)   Other: 0.3ms
[2023-11-16T06:03:47.691+0000][7][gc,heap     ] GC(288) Eden regions: 67->0(67)
[2023-11-16T06:03:47.691+0000][7][gc,heap     ] GC(288) Survivor regions: 1->1(9)
[2023-11-16T06:03:47.691+0000][7][gc,heap     ] GC(288) Old regions: 31->31
[2023-11-16T06:03:47.691+0000][7][gc,heap     ] GC(288) Archive regions: 2->2
[2023-11-16T06:03:47.691+0000][7][gc,heap     ] GC(288) Humongous regions: 5->5
[2023-11-16T06:03:47.691+0000][7][gc,metaspace] GC(288) Metaspace: 119727K(121408K)->119727K(121408K) NonClass: 103888K(104832K)->103888K(104832K) Class: 15838K(16576K)->15838K(16576K)
[2023-11-16T06:03:47.691+0000][7][gc          ] GC(288) Pause Young (Normal) (G1 Evacuation Pause) 416M->148M(512M) 2.684ms
[2023-11-16T06:03:47.691+0000][7][gc,cpu      ] GC(288) User=0.01s Sys=0.00s Real=0.01s
[2023-11-16T06:03:47.691+0000][7][safepoint   ] Safepoint "G1CollectForAllocation", Time since last: 52149447 ns, Reaching safepoint: 36747 ns, At safepoint: 2834898 ns, Total: 2871645 ns
[2023-11-16T06:03:54.692+0000][7][safepoint   ] Safepoint "Cleanup", Time since last: 7000638967 ns, Reaching safepoint: 172768 ns, At safepoint: 7632 ns, Total: 180400 ns
[2023-11-16T06:03:54.802+0000][7][gc,start    ] GC(289) Pause Young (Normal) (G1 Evacuation Pause)
[2023-11-16T06:03:54.802+0000][7][gc,task     ] GC(289) Using 8 workers of 8 for evacuation
[2023-11-16T06:03:54.802+0000][7][gc,age      ] GC(289) Desired survivor size 18874368 bytes, new threshold 15 (max threshold 15)
[2023-11-16T06:03:54.805+0000][7][gc,age      ] GC(289) Age table with threshold 15 (max threshold 15)
[2023-11-16T06:03:54.805+0000][7][gc,age      ] GC(289) - age   1:    2457328 bytes,    2457328 total
[2023-11-16T06:03:54.805+0000][7][gc,age      ] GC(289) - age   2:     446032 bytes,    2903360 total
[2023-11-16T06:03:54.805+0000][7][gc,age      ] GC(289) - age   3:     129936 bytes,    3033296 total
[2023-11-16T06:03:54.805+0000][7][gc,age      ] GC(289) - age   4:     131320 bytes,    3164616 total
[2023-11-16T06:03:54.805+0000][7][gc,age      ] GC(289) - age   5:       9472 bytes,    3174088 total
[2023-11-16T06:03:54.805+0000][7][gc,age      ] GC(289) - age   6:     126944 bytes,    3301032 total
[2023-11-16T06:03:54.805+0000][7][gc,age      ] GC(289) - age   7:      58200 bytes,    3359232 total
[2023-11-16T06:03:54.805+0000][7][gc,age      ] GC(289) - age   8:     105176 bytes,    3464408 total
[2023-11-16T06:03:54.805+0000][7][gc,age      ] GC(289) - age   9:       1136 bytes,    3465544 total
[2023-11-16T06:03:54.805+0000][7][gc,age      ] GC(289) - age  10:     144464 bytes,    3610008 total
[2023-11-16T06:03:54.805+0000][7][gc,age      ] GC(289) - age  11:        984 bytes,    3610992 total
[2023-11-16T06:03:54.805+0000][7][gc,age      ] GC(289) - age  12:       1480 bytes,    3612472 total
[2023-11-16T06:03:54.805+0000][7][gc,age      ] GC(289) - age  13:       7432 bytes,    3619904 total
[2023-11-16T06:03:54.805+0000][7][gc,age      ] GC(289) - age  14:       1168 bytes,    3621072 total
[2023-11-16T06:03:54.805+0000][7][gc,age      ] GC(289) - age  15:     128048 bytes,    3749120 total
[2023-11-16T06:03:54.805+0000][7][gc,phases   ] GC(289)   Pre Evacuate Collection Set: 0.1ms
[2023-11-16T06:03:54.805+0000][7][gc,phases   ] GC(289)   Merge Heap Roots: 0.0ms
[2023-11-16T06:03:54.805+0000][7][gc,phases   ] GC(289)   Evacuate Collection Set: 1.8ms
[2023-11-16T06:03:54.805+0000][7][gc,phases   ] GC(289)   Post Evacuate Collection Set: 0.8ms
[2023-11-16T06:03:54.805+0000][7][gc,phases   ] GC(289)   Other: 0.3ms
[2023-11-16T06:03:54.805+0000][7][gc,heap     ] GC(289) Eden regions: 67->0(67)
[2023-11-16T06:03:54.805+0000][7][gc,heap     ] GC(289) Survivor regions: 1->1(9)
[2023-11-16T06:03:54.805+0000][7][gc,heap     ] GC(289) Old regions: 31->31
[2023-11-16T06:03:54.805+0000][7][gc,heap     ] GC(289) Archive regions: 2->2
[2023-11-16T06:03:54.805+0000][7][gc,heap     ] GC(289) Humongous regions: 5->5
[2023-11-16T06:03:54.805+0000][7][gc,metaspace] GC(289) Metaspace: 119728K(121408K)->119728K(121408K) NonClass: 103889K(104832K)->103889K(104832K) Class: 15838K(16576K)->15838K(16576K)
[2023-11-16T06:03:54.805+0000][7][gc          ] GC(289) Pause Young (Normal) (G1 Evacuation Pause) 416M->149M(512M) 3.025ms
[2023-11-16T06:03:54.805+0000][7][gc,cpu      ] GC(289) User=0.00s Sys=0.01s Real=0.00s
[2023-11-16T06:03:54.805+0000][7][safepoint   ] Safepoint "G1CollectForAllocation", Time since last: 110708717 ns, Reaching safepoint: 24897 ns, At safepoint: 3136331 ns, Total: 3161228 ns
[2023-11-16T06:04:04.631+0000][7][gc,start    ] GC(290) Pause Young (Normal) (G1 Evacuation Pause)
[2023-11-16T06:04:04.631+0000][7][gc,task     ] GC(290) Using 8 workers of 8 for evacuation
[2023-11-16T06:04:04.631+0000][7][gc,age      ] GC(290) Desired survivor size 18874368 bytes, new threshold 15 (max threshold 15)
[2023-11-16T06:04:04.634+0000][7][gc,age      ] GC(290) Age table with threshold 15 (max threshold 15)
[2023-11-16T06:04:04.634+0000][7][gc,age      ] GC(290) - age   1:    1977424 bytes,    1977424 total
[2023-11-16T06:04:04.634+0000][7][gc,age      ] GC(290) - age   2:     222456 bytes,    2199880 total
[2023-11-16T06:04:04.634+0000][7][gc,age      ] GC(290) - age   3:     344312 bytes,    2544192 total
[2023-11-16T06:04:04.634+0000][7][gc,age      ] GC(290) - age   4:     129456 bytes,    2673648 total
[2023-11-16T06:04:04.634+0000][7][gc,age      ] GC(290) - age   5:     128120 bytes,    2801768 total
[2023-11-16T06:04:04.634+0000][7][gc,age      ] GC(290) - age   6:       3704 bytes,    2805472 total
[2023-11-16T06:04:04.634+0000][7][gc,age      ] GC(290) - age   7:     126752 bytes,    2932224 total
[2023-11-16T06:04:04.634+0000][7][gc,age      ] GC(290) - age   8:      58104 bytes,    2990328 total
[2023-11-16T06:04:04.634+0000][7][gc,age      ] GC(290) - age   9:     105112 bytes,    3095440 total
[2023-11-16T06:04:04.634+0000][7][gc,age      ] GC(290) - age  10:       1072 bytes,    3096512 total
[2023-11-16T06:04:04.634+0000][7][gc,age      ] GC(290) - age  11:     144208 bytes,    3240720 total
[2023-11-16T06:04:04.634+0000][7][gc,age      ] GC(290) - age  12:        984 bytes,    3241704 total
[2023-11-16T06:04:04.634+0000][7][gc,age      ] GC(290) - age  13:       1480 bytes,    3243184 total
[2023-11-16T06:04:04.634+0000][7][gc,age      ] GC(290) - age  14:       7432 bytes,    3250616 total
[2023-11-16T06:04:04.634+0000][7][gc,age      ] GC(290) - age  15:        896 bytes,    3251512 total
[2023-11-16T06:04:04.634+0000][7][gc,phases   ] GC(290)   Pre Evacuate Collection Set: 0.1ms
[2023-11-16T06:04:04.634+0000][7][gc,phases   ] GC(290)   Merge Heap Roots: 0.0ms
[2023-11-16T06:04:04.634+0000][7][gc,phases   ] GC(290)   Evacuate Collection Set: 1.5ms
[2023-11-16T06:04:04.634+0000][7][gc,phases   ] GC(290)   Post Evacuate Collection Set: 0.6ms
[2023-11-16T06:04:04.634+0000][7][gc,phases   ] GC(290)   Other: 0.2ms
[2023-11-16T06:04:04.634+0000][7][gc,heap     ] GC(290) Eden regions: 67->0(67)
[2023-11-16T06:04:04.634+0000][7][gc,heap     ] GC(290) Survivor regions: 1->1(9)
[2023-11-16T06:04:04.634+0000][7][gc,heap     ] GC(290) Old regions: 31->31
[2023-11-16T06:04:04.634+0000][7][gc,heap     ] GC(290) Archive regions: 2->2
[2023-11-16T06:04:04.634+0000][7][gc,heap     ] GC(290) Humongous regions: 5->5
[2023-11-16T06:04:04.634+0000][7][gc,metaspace] GC(290) Metaspace: 119728K(121408K)->119728K(121408K) NonClass: 103889K(104832K)->103889K(104832K) Class: 15838K(16576K)->15838K(16576K)
[2023-11-16T06:04:04.634+0000][7][gc          ] GC(290) Pause Young (Normal) (G1 Evacuation Pause) 417M->148M(512M) 2.454ms
[2023-11-16T06:04:04.634+0000][7][gc,cpu      ] GC(290) User=0.02s Sys=0.00s Real=0.00s
[2023-11-16T06:04:04.634+0000][7][safepoint   ] Safepoint "G1CollectForAllocation", Time since last: 9825828356 ns, Reaching safepoint: 40676 ns, At safepoint: 2523937 ns, Total: 2564613 ns
[2023-11-16T06:04:13.635+0000][7][safepoint   ] Safepoint "Cleanup", Time since last: 9001271768 ns, Reaching safepoint: 39255 ns, At safepoint: 3658 ns, Total: 42913 ns
[2023-11-16T06:04:22.641+0000][7][gc,start    ] GC(291) Pause Young (Normal) (G1 Evacuation Pause)
[2023-11-16T06:04:22.641+0000][7][gc,task     ] GC(291) Using 8 workers of 8 for evacuation
[2023-11-16T06:04:22.641+0000][7][gc,age      ] GC(291) Desired survivor size 18874368 bytes, new threshold 15 (max threshold 15)
[2023-11-16T06:04:22.644+0000][7][gc,age      ] GC(291) Age table with threshold 15 (max threshold 15)
[2023-11-16T06:04:22.644+0000][7][gc,age      ] GC(291) - age   1:    1499912 bytes,    1499912 total
[2023-11-16T06:04:22.644+0000][7][gc,age      ] GC(291) - age   2:    1498776 bytes,    2998688 total
[2023-11-16T06:04:22.644+0000][7][gc,age      ] GC(291) - age   3:      14256 bytes,    3012944 total
[2023-11-16T06:04:22.644+0000][7][gc,age      ] GC(291) - age   4:     236144 bytes,    3249088 total
[2023-11-16T06:04:22.644+0000][7][gc,age      ] GC(291) - age   5:     129008 bytes,    3378096 total
[2023-11-16T06:04:22.644+0000][7][gc,age      ] GC(291) - age   6:     127896 bytes,    3505992 total
[2023-11-16T06:04:22.644+0000][7][gc,age      ] GC(291) - age   7:       3448 bytes,    3509440 total
[2023-11-16T06:04:22.644+0000][7][gc,age      ] GC(291) - age   8:     126432 bytes,    3635872 total
[2023-11-16T06:04:22.644+0000][7][gc,age      ] GC(291) - age   9:        408 bytes,    3636280 total
[2023-11-16T06:04:22.644+0000][7][gc,age      ] GC(291) - age  10:       1056 bytes,    3637336 total
[2023-11-16T06:04:22.644+0000][7][gc,age      ] GC(291) - age  11:       1008 bytes,    3638344 total
[2023-11-16T06:04:22.644+0000][7][gc,age      ] GC(291) - age  12:     144024 bytes,    3782368 total
[2023-11-16T06:04:22.644+0000][7][gc,age      ] GC(291) - age  13:        920 bytes,    3783288 total
[2023-11-16T06:04:22.644+0000][7][gc,age      ] GC(291) - age  14:       1480 bytes,    3784768 total
[2023-11-16T06:04:22.644+0000][7][gc,age      ] GC(291) - age  15:       7432 bytes,    3792200 total
[2023-11-16T06:04:22.644+0000][7][gc,phases   ] GC(291)   Pre Evacuate Collection Set: 0.1ms
[2023-11-16T06:04:22.644+0000][7][gc,phases   ] GC(291)   Merge Heap Roots: 0.1ms
[2023-11-16T06:04:22.644+0000][7][gc,phases   ] GC(291)   Evacuate Collection Set: 1.7ms
[2023-11-16T06:04:22.644+0000][7][gc,phases   ] GC(291)   Post Evacuate Collection Set: 0.6ms
[2023-11-16T06:04:22.644+0000][7][gc,phases   ] GC(291)   Other: 0.2ms
[2023-11-16T06:04:22.644+0000][7][gc,heap     ] GC(291) Eden regions: 67->0(67)
[2023-11-16T06:04:22.644+0000][7][gc,heap     ] GC(291) Survivor regions: 1->1(9)
[2023-11-16T06:04:22.644+0000][7][gc,heap     ] GC(291) Old regions: 31->31
[2023-11-16T06:04:22.644+0000][7][gc,heap     ] GC(291) Archive regions: 2->2
[2023-11-16T06:04:22.644+0000][7][gc,heap     ] GC(291) Humongous regions: 5->5
[2023-11-16T06:04:22.644+0000][7][gc,metaspace] GC(291) Metaspace: 119755K(121472K)->119755K(121472K) NonClass: 103916K(104896K)->103916K(104896K) Class: 15838K(16576K)->15838K(16576K)
[2023-11-16T06:04:22.644+0000][7][gc          ] GC(291) Pause Young (Normal) (G1 Evacuation Pause) 416M->149M(512M) 2.745ms
[2023-11-16T06:04:22.644+0000][7][gc,cpu      ] GC(291) User=0.01s Sys=0.00s Real=0.00s
[2023-11-16T06:04:22.644+0000][7][safepoint   ] Safepoint "G1CollectForAllocation", Time since last: 9005878627 ns, Reaching safepoint: 36840 ns, At safepoint: 2842791 ns, Total: 2879631 ns
[2023-11-16T06:04:24.644+0000][7][safepoint   ] Safepoint "Cleanup", Time since last: 2000403652 ns, Reaching safepoint: 71308 ns, At safepoint: 18203 ns, Total: 89511 ns
[2023-11-16T06:04:29.645+0000][7][safepoint   ] Safepoint "Cleanup", Time since last: 5000356524 ns, Reaching safepoint: 58131 ns, At safepoint: 29244 ns, Total: 87375 ns
[2023-11-16T06:04:37.646+0000][7][safepoint   ] Safepoint "Cleanup", Time since last: 8001141024 ns, Reaching safepoint: 55171 ns, At safepoint: 5768 ns, Total: 60939 ns
[2023-11-16T06:04:37.958+0000][7][gc,start    ] GC(292) Pause Young (Normal) (G1 Evacuation Pause)
[2023-11-16T06:04:37.958+0000][7][gc,task     ] GC(292) Using 8 workers of 8 for evacuation
[2023-11-16T06:04:37.958+0000][7][gc,age      ] GC(292) Desired survivor size 18874368 bytes, new threshold 15 (max threshold 15)
[2023-11-16T06:04:37.960+0000][7][gc,age      ] GC(292) Age table with threshold 15 (max threshold 15)
[2023-11-16T06:04:37.960+0000][7][gc,age      ] GC(292) - age   1:    1464992 bytes,    1464992 total
[2023-11-16T06:04:37.960+0000][7][gc,age      ] GC(292) - age   2:     495552 bytes,    1960544 total
[2023-11-16T06:04:37.960+0000][7][gc,age      ] GC(292) - age   3:    1488600 bytes,    3449144 total
[2023-11-16T06:04:37.960+0000][7][gc,age      ] GC(292) - age   4:       7360 bytes,    3456504 total
[2023-11-16T06:04:37.960+0000][7][gc,age      ] GC(292) - age   5:     128560 bytes,    3585064 total
[2023-11-16T06:04:37.960+0000][7][gc,age      ] GC(292) - age   6:     128880 bytes,    3713944 total
[2023-11-16T06:04:37.960+0000][7][gc,age      ] GC(292) - age   7:     127464 bytes,    3841408 total
[2023-11-16T06:04:37.960+0000][7][gc,age      ] GC(292) - age   8:       3448 bytes,    3844856 total
[2023-11-16T06:04:37.960+0000][7][gc,age      ] GC(292) - age   9:     126368 bytes,    3971224 total
[2023-11-16T06:04:37.960+0000][7][gc,age      ] GC(292) - age  10:        152 bytes,    3971376 total
[2023-11-16T06:04:37.960+0000][7][gc,age      ] GC(292) - age  11:        896 bytes,    3972272 total
[2023-11-16T06:04:37.960+0000][7][gc,age      ] GC(292) - age  12:        400 bytes,    3972672 total
[2023-11-16T06:04:37.960+0000][7][gc,age      ] GC(292) - age  13:     143896 bytes,    4116568 total
[2023-11-16T06:04:37.960+0000][7][gc,age      ] GC(292) - age  14:        920 bytes,    4117488 total
[2023-11-16T06:04:37.960+0000][7][gc,age      ] GC(292) - age  15:       1480 bytes,    4118968 total
[2023-11-16T06:04:37.960+0000][7][gc,phases   ] GC(292)   Pre Evacuate Collection Set: 0.1ms
[2023-11-16T06:04:37.960+0000][7][gc,phases   ] GC(292)   Merge Heap Roots: 0.0ms
[2023-11-16T06:04:37.960+0000][7][gc,phases   ] GC(292)   Evacuate Collection Set: 1.8ms
[2023-11-16T06:04:37.960+0000][7][gc,phases   ] GC(292)   Post Evacuate Collection Set: 0.5ms
[2023-11-16T06:04:37.960+0000][7][gc,phases   ] GC(292)   Other: 0.3ms
[2023-11-16T06:04:37.960+0000][7][gc,heap     ] GC(292) Eden regions: 67->0(66)
[2023-11-16T06:04:37.960+0000][7][gc,heap     ] GC(292) Survivor regions: 1->2(9)
[2023-11-16T06:04:37.960+0000][7][gc,heap     ] GC(292) Old regions: 31->31
[2023-11-16T06:04:37.960+0000][7][gc,heap     ] GC(292) Archive regions: 2->2
[2023-11-16T06:04:37.960+0000][7][gc,heap     ] GC(292) Humongous regions: 5->5
[2023-11-16T06:04:37.960+0000][7][gc,metaspace] GC(292) Metaspace: 119768K(121472K)->119768K(121472K) NonClass: 103930K(104896K)->103930K(104896K) Class: 15838K(16576K)->15838K(16576K)
[2023-11-16T06:04:37.960+0000][7][gc          ] GC(292) Pause Young (Normal) (G1 Evacuation Pause) 417M->149M(512M) 2.822ms
[2023-11-16T06:04:37.960+0000][7][gc,cpu      ] GC(292) User=0.01s Sys=0.00s Real=0.01s
[2023-11-16T06:04:37.960+0000][7][safepoint   ] Safepoint "G1CollectForAllocation", Time since last: 311371873 ns, Reaching safepoint: 26898 ns, At safepoint: 2932745 ns, Total: 2959643 ns
[2023-11-16T06:04:40.961+0000][7][safepoint   ] Safepoint "Cleanup", Time since last: 3000372443 ns, Reaching safepoint: 158340 ns, At safepoint: 28897 ns, Total: 187237 ns
[2023-11-16T06:04:46.962+0000][7][safepoint   ] Safepoint "Cleanup", Time since last: 6001320635 ns, Reaching safepoint: 65521 ns, At safepoint: 4380 ns, Total: 69901 ns
[2023-11-16T06:04:52.963+0000][7][safepoint   ] Safepoint "Cleanup", Time since last: 6000948235 ns, Reaching safepoint: 28741 ns, At safepoint: 29798 ns, Total: 58539 ns
[2023-11-16T06:04:55.859+0000][7][gc,start    ] GC(293) Pause Young (Normal) (G1 Evacuation Pause)
[2023-11-16T06:04:55.859+0000][7][gc,task     ] GC(293) Using 8 workers of 8 for evacuation
[2023-11-16T06:04:55.859+0000][7][gc,age      ] GC(293) Desired survivor size 18874368 bytes, new threshold 15 (max threshold 15)
[2023-11-16T06:04:55.862+0000][7][gc,age      ] GC(293) Age table with threshold 15 (max threshold 15)
[2023-11-16T06:04:55.862+0000][7][gc,age      ] GC(293) - age   1:    1074056 bytes,    1074056 total
[2023-11-16T06:04:55.862+0000][7][gc,age      ] GC(293) - age   2:     577768 bytes,    1651824 total
[2023-11-16T06:04:55.862+0000][7][gc,age      ] GC(293) - age   3:     303752 bytes,    1955576 total
[2023-11-16T06:04:55.862+0000][7][gc,age      ] GC(293) - age   4:    1488504 bytes,    3444080 total
[2023-11-16T06:04:55.862+0000][7][gc,age      ] GC(293) - age   5:       6328 bytes,    3450408 total
[2023-11-16T06:04:55.862+0000][7][gc,age      ] GC(293) - age   6:     128368 bytes,    3578776 total
[2023-11-16T06:04:55.862+0000][7][gc,age      ] GC(293) - age   7:     128752 bytes,    3707528 total
[2023-11-16T06:04:55.862+0000][7][gc,age      ] GC(293) - age   8:     127400 bytes,    3834928 total
[2023-11-16T06:04:55.862+0000][7][gc,age      ] GC(293) - age   9:       3448 bytes,    3838376 total
[2023-11-16T06:04:55.862+0000][7][gc,age      ] GC(293) - age  10:     126368 bytes,    3964744 total
[2023-11-16T06:04:55.862+0000][7][gc,age      ] GC(293) - age  11:         88 bytes,    3964832 total
[2023-11-16T06:04:55.862+0000][7][gc,age      ] GC(293) - age  12:        896 bytes,    3965728 total
[2023-11-16T06:04:55.862+0000][7][gc,age      ] GC(293) - age  13:        400 bytes,    3966128 total
[2023-11-16T06:04:55.862+0000][7][gc,age      ] GC(293) - age  14:     143648 bytes,    4109776 total
[2023-11-16T06:04:55.862+0000][7][gc,age      ] GC(293) - age  15:        920 bytes,    4110696 total
[2023-11-16T06:04:55.862+0000][7][gc,phases   ] GC(293)   Pre Evacuate Collection Set: 0.1ms
[2023-11-16T06:04:55.862+0000][7][gc,phases   ] GC(293)   Merge Heap Roots: 0.0ms
[2023-11-16T06:04:55.862+0000][7][gc,phases   ] GC(293)   Evacuate Collection Set: 1.6ms
[2023-11-16T06:04:55.862+0000][7][gc,phases   ] GC(293)   Post Evacuate Collection Set: 0.6ms
[2023-11-16T06:04:55.862+0000][7][gc,phases   ] GC(293)   Other: 0.5ms
[2023-11-16T06:04:55.862+0000][7][gc,heap     ] GC(293) Eden regions: 66->0(66)
[2023-11-16T06:04:55.862+0000][7][gc,heap     ] GC(293) Survivor regions: 2->2(9)
[2023-11-16T06:04:55.862+0000][7][gc,heap     ] GC(293) Old regions: 31->31
[2023-11-16T06:04:55.862+0000][7][gc,heap     ] GC(293) Archive regions: 2->2
[2023-11-16T06:04:55.862+0000][7][gc,heap     ] GC(293) Humongous regions: 5->5
[2023-11-16T06:04:55.862+0000][7][gc,metaspace] GC(293) Metaspace: 119771K(121472K)->119771K(121472K) NonClass: 103933K(104896K)->103933K(104896K) Class: 15838K(16576K)->15838K(16576K)
[2023-11-16T06:04:55.862+0000][7][gc          ] GC(293) Pause Young (Normal) (G1 Evacuation Pause) 413M->149M(512M) 2.810ms
[2023-11-16T06:04:55.862+0000][7][gc,cpu      ] GC(293) User=0.01s Sys=0.00s Real=0.00s
[2023-11-16T06:04:55.862+0000][7][safepoint   ] Safepoint "G1CollectForAllocation", Time since last: 2895614000 ns, Reaching safepoint: 59817 ns, At safepoint: 2879847 ns, Total: 2939664 ns
[2023-11-16T06:05:04.863+0000][7][safepoint   ] Safepoint "Cleanup", Time since last: 9001398157 ns, Reaching safepoint: 86084 ns, At safepoint: 7995 ns, Total: 94079 ns
[2023-11-16T06:05:08.864+0000][7][safepoint   ] Safepoint "Cleanup", Time since last: 4000366449 ns, Reaching safepoint: 87620 ns, At safepoint: 9975 ns, Total: 97595 ns
[2023-11-16T06:05:10.867+0000][7][gc,start    ] GC(294) Pause Young (Normal) (G1 Evacuation Pause)
[2023-11-16T06:05:10.867+0000][7][gc,task     ] GC(294) Using 8 workers of 8 for evacuation
[2023-11-16T06:05:10.867+0000][7][gc,age      ] GC(294) Desired survivor size 18874368 bytes, new threshold 15 (max threshold 15)
[2023-11-16T06:05:10.870+0000][7][gc,age      ] GC(294) Age table with threshold 15 (max threshold 15)
[2023-11-16T06:05:10.870+0000][7][gc,age      ] GC(294) - age   1:    2209544 bytes,    2209544 total
[2023-11-16T06:05:10.870+0000][7][gc,age      ] GC(294) - age   2:     632408 bytes,    2841952 total
[2023-11-16T06:05:10.870+0000][7][gc,age      ] GC(294) - age   3:     426816 bytes,    3268768 total
[2023-11-16T06:05:10.870+0000][7][gc,age      ] GC(294) - age   4:     266616 bytes,    3535384 total
[2023-11-16T06:05:10.870+0000][7][gc,age      ] GC(294) - age   5:    1211640 bytes,    4747024 total
[2023-11-16T06:05:10.870+0000][7][gc,age      ] GC(294) - age   6:       6232 bytes,    4753256 total
[2023-11-16T06:05:10.870+0000][7][gc,age      ] GC(294) - age   7:     128208 bytes,    4881464 total
[2023-11-16T06:05:10.870+0000][7][gc,age      ] GC(294) - age   8:     128752 bytes,    5010216 total
[2023-11-16T06:05:10.870+0000][7][gc,age      ] GC(294) - age   9:     127400 bytes,    5137616 total
[2023-11-16T06:05:10.870+0000][7][gc,age      ] GC(294) - age  10:       3384 bytes,    5141000 total
[2023-11-16T06:05:10.870+0000][7][gc,age      ] GC(294) - age  11:     126368 bytes,    5267368 total
[2023-11-16T06:05:10.870+0000][7][gc,age      ] GC(294) - age  12:         88 bytes,    5267456 total
[2023-11-16T06:05:10.870+0000][7][gc,age      ] GC(294) - age  13:        896 bytes,    5268352 total
[2023-11-16T06:05:10.870+0000][7][gc,age      ] GC(294) - age  14:         88 bytes,    5268440 total
[2023-11-16T06:05:10.870+0000][7][gc,age      ] GC(294) - age  15:     143648 bytes,    5412088 total
[2023-11-16T06:05:10.870+0000][7][gc,phases   ] GC(294)   Pre Evacuate Collection Set: 0.1ms
[2023-11-16T06:05:10.870+0000][7][gc,phases   ] GC(294)   Merge Heap Roots: 0.0ms
[2023-11-16T06:05:10.870+0000][7][gc,phases   ] GC(294)   Evacuate Collection Set: 2.0ms
[2023-11-16T06:05:10.870+0000][7][gc,phases   ] GC(294)   Post Evacuate Collection Set: 0.8ms
[2023-11-16T06:05:10.870+0000][7][gc,phases   ] GC(294)   Other: 0.2ms
[2023-11-16T06:05:10.870+0000][7][gc,heap     ] GC(294) Eden regions: 66->0(66)
[2023-11-16T06:05:10.870+0000][7][gc,heap     ] GC(294) Survivor regions: 2->2(9)
[2023-11-16T06:05:10.870+0000][7][gc,heap     ] GC(294) Old regions: 31->31
[2023-11-16T06:05:10.870+0000][7][gc,heap     ] GC(294) Archive regions: 2->2
[2023-11-16T06:05:10.870+0000][7][gc,heap     ] GC(294) Humongous regions: 5->5
[2023-11-16T06:05:10.870+0000][7][gc,metaspace] GC(294) Metaspace: 119773K(121472K)->119773K(121472K) NonClass: 103935K(104896K)->103935K(104896K) Class: 15838K(16576K)->15838K(16576K)
[2023-11-16T06:05:10.870+0000][7][gc          ] GC(294) Pause Young (Normal) (G1 Evacuation Pause) 413M->150M(512M) 3.272ms
[2023-11-16T06:05:10.870+0000][7][gc,cpu      ] GC(294) User=0.01s Sys=0.00s Real=0.01s
[2023-11-16T06:05:10.870+0000][7][safepoint   ] Safepoint "G1CollectForAllocation", Time since last: 2002727734 ns, Reaching safepoint: 29593 ns, At safepoint: 3337405 ns, Total: 3366998 ns
[2023-11-16T06:05:11.870+0000][7][safepoint   ] Safepoint "Cleanup", Time since last: 1000122344 ns, Reaching safepoint: 180406 ns, At safepoint: 4856 ns, Total: 185262 ns
[2023-11-16T06:05:12.870+0000][7][safepoint   ] Safepoint "Cleanup", Time since last: 1000094983 ns, Reaching safepoint: 69483 ns, At safepoint: 4996 ns, Total: 74479 ns
[2023-11-16T06:05:13.871+0000][7][safepoint   ] Safepoint "Cleanup", Time since last: 1000227277 ns, Reaching safepoint: 69317 ns, At safepoint: 28629 ns, Total: 97946 ns
[2023-11-16T06:05:16.924+0000][7][gc,start    ] GC(295) Pause Young (Normal) (G1 Evacuation Pause)
[2023-11-16T06:05:16.924+0000][7][gc,task     ] GC(295) Using 8 workers of 8 for evacuation
[2023-11-16T06:05:16.925+0000][7][gc,age      ] GC(295) Desired survivor size 18874368 bytes, new threshold 15 (max threshold 15)
[2023-11-16T06:05:16.928+0000][7][gc,age      ] GC(295) Age table with threshold 15 (max threshold 15)
[2023-11-16T06:05:16.928+0000][7][gc,age      ] GC(295) - age   1:    1572568 bytes,    1572568 total
[2023-11-16T06:05:16.928+0000][7][gc,age      ] GC(295) - age   2:      15272 bytes,    1587840 total
[2023-11-16T06:05:16.928+0000][7][gc,age      ] GC(295) - age   3:     133536 bytes,    1721376 total
[2023-11-16T06:05:16.928+0000][7][gc,age      ] GC(295) - age   4:       2824 bytes,    1724200 total
[2023-11-16T06:05:16.928+0000][7][gc,age      ] GC(295) - age   5:       1568 bytes,    1725768 total
[2023-11-16T06:05:16.928+0000][7][gc,age      ] GC(295) - age   6:     129544 bytes,    1855312 total
[2023-11-16T06:05:16.928+0000][7][gc,age      ] GC(295) - age   7:       4104 bytes,    1859416 total
[2023-11-16T06:05:16.928+0000][7][gc,age      ] GC(295) - age   8:     128144 bytes,    1987560 total
[2023-11-16T06:05:16.928+0000][7][gc,age      ] GC(295) - age   9:     128752 bytes,    2116312 total
[2023-11-16T06:05:16.928+0000][7][gc,age      ] GC(295) - age  10:        584 bytes,    2116896 total
[2023-11-16T06:05:16.928+0000][7][gc,age      ] GC(295) - age  11:       2024 bytes,    2118920 total
[2023-11-16T06:05:16.928+0000][7][gc,age      ] GC(295) - age  12:     126368 bytes,    2245288 total
[2023-11-16T06:05:16.928+0000][7][gc,age      ] GC(295) - age  13:         88 bytes,    2245376 total
[2023-11-16T06:05:16.928+0000][7][gc,age      ] GC(295) - age  14:        896 bytes,    2246272 total
[2023-11-16T06:05:16.928+0000][7][gc,age      ] GC(295) - age  15:         88 bytes,    2246360 total
[2023-11-16T06:05:16.928+0000][7][gc,phases   ] GC(295)   Pre Evacuate Collection Set: 0.3ms
[2023-11-16T06:05:16.928+0000][7][gc,phases   ] GC(295)   Merge Heap Roots: 0.1ms
[2023-11-16T06:05:16.928+0000][7][gc,phases   ] GC(295)   Evacuate Collection Set: 2.5ms
[2023-11-16T06:05:16.928+0000][7][gc,phases   ] GC(295)   Post Evacuate Collection Set: 0.8ms
[2023-11-16T06:05:16.928+0000][7][gc,phases   ] GC(295)   Other: 0.4ms
[2023-11-16T06:05:16.928+0000][7][gc,heap     ] GC(295) Eden regions: 66->0(67)
[2023-11-16T06:05:16.928+0000][7][gc,heap     ] GC(295) Survivor regions: 2->1(9)
[2023-11-16T06:05:16.928+0000][7][gc,heap     ] GC(295) Old regions: 31->31
[2023-11-16T06:05:16.928+0000][7][gc,heap     ] GC(295) Archive regions: 2->2
[2023-11-16T06:05:16.928+0000][7][gc,heap     ] GC(295) Humongous regions: 5->5
[2023-11-16T06:05:16.928+0000][7][gc,metaspace] GC(295) Metaspace: 119774K(121472K)->119774K(121472K) NonClass: 103936K(104896K)->103936K(104896K) Class: 15838K(16576K)->15838K(16576K)
[2023-11-16T06:05:16.929+0000][7][gc          ] GC(295) Pause Young (Normal) (G1 Evacuation Pause) 414M->148M(512M) 4.121ms
[2023-11-16T06:05:16.929+0000][7][gc,cpu      ] GC(295) User=0.01s Sys=0.00s Real=0.01s
[2023-11-16T06:05:16.929+0000][7][safepoint   ] Safepoint "G1CollectForAllocation", Time since last: 3053508731 ns, Reaching safepoint: 47925 ns, At safepoint: 4246563 ns, Total: 4294488 ns
[2023-11-16T06:05:19.929+0000][7][safepoint   ] Safepoint "Cleanup", Time since last: 3000217682 ns, Reaching safepoint: 80145 ns, At safepoint: 4483 ns, Total: 84628 ns
[2023-11-16T06:05:22.984+0000][7][gc,start    ] GC(296) Pause Young (Normal) (G1 Evacuation Pause)
[2023-11-16T06:05:22.984+0000][7][gc,task     ] GC(296) Using 8 workers of 8 for evacuation
[2023-11-16T06:05:22.984+0000][7][gc,age      ] GC(296) Desired survivor size 18874368 bytes, new threshold 15 (max threshold 15)
[2023-11-16T06:05:22.987+0000][7][gc,age      ] GC(296) Age table with threshold 15 (max threshold 15)
[2023-11-16T06:05:22.987+0000][7][gc,age      ] GC(296) - age   1:    1849656 bytes,    1849656 total
[2023-11-16T06:05:22.987+0000][7][gc,age      ] GC(296) - age   2:     608280 bytes,    2457936 total
[2023-11-16T06:05:22.987+0000][7][gc,age      ] GC(296) - age   3:      14056 bytes,    2471992 total
[2023-11-16T06:05:22.987+0000][7][gc,age      ] GC(296) - age   4:     133064 bytes,    2605056 total
[2023-11-16T06:05:22.987+0000][7][gc,age      ] GC(296) - age   5:       2472 bytes,    2607528 total
[2023-11-16T06:05:22.987+0000][7][gc,age      ] GC(296) - age   6:       1504 bytes,    2609032 total
[2023-11-16T06:05:22.987+0000][7][gc,age      ] GC(296) - age   7:     127968 bytes,    2737000 total
[2023-11-16T06:05:22.987+0000][7][gc,age      ] GC(296) - age   8:       3696 bytes,    2740696 total
[2023-11-16T06:05:22.987+0000][7][gc,age      ] GC(296) - age   9:     128144 bytes,    2868840 total
[2023-11-16T06:05:22.987+0000][7][gc,age      ] GC(296) - age  10:     128752 bytes,    2997592 total
[2023-11-16T06:05:22.987+0000][7][gc,age      ] GC(296) - age  11:        456 bytes,    2998048 total
[2023-11-16T06:05:22.987+0000][7][gc,age      ] GC(296) - age  12:        192 bytes,    2998240 total
[2023-11-16T06:05:22.987+0000][7][gc,age      ] GC(296) - age  13:        112 bytes,    2998352 total
[2023-11-16T06:05:22.987+0000][7][gc,age      ] GC(296) - age  15:        896 bytes,    2999248 total
[2023-11-16T06:05:22.987+0000][7][gc,phases   ] GC(296)   Pre Evacuate Collection Set: 0.1ms
[2023-11-16T06:05:22.987+0000][7][gc,phases   ] GC(296)   Merge Heap Roots: 0.1ms
[2023-11-16T06:05:22.987+0000][7][gc,phases   ] GC(296)   Evacuate Collection Set: 2.3ms
[2023-11-16T06:05:22.987+0000][7][gc,phases   ] GC(296)   Post Evacuate Collection Set: 0.7ms
[2023-11-16T06:05:22.987+0000][7][gc,phases   ] GC(296)   Other: 0.4ms
[2023-11-16T06:05:22.987+0000][7][gc,heap     ] GC(296) Eden regions: 67->0(67)
[2023-11-16T06:05:22.987+0000][7][gc,heap     ] GC(296) Survivor regions: 1->1(9)
[2023-11-16T06:05:22.987+0000][7][gc,heap     ] GC(296) Old regions: 31->31
[2023-11-16T06:05:22.987+0000][7][gc,heap     ] GC(296) Archive regions: 2->2
[2023-11-16T06:05:22.987+0000][7][gc,heap     ] GC(296) Humongous regions: 5->5
[2023-11-16T06:05:22.987+0000][7][gc,metaspace] GC(296) Metaspace: 119787K(121472K)->119787K(121472K) NonClass: 103948K(104896K)->103948K(104896K) Class: 15838K(16576K)->15838K(16576K)
[2023-11-16T06:05:22.987+0000][7][gc          ] GC(296) Pause Young (Normal) (G1 Evacuation Pause) 416M->148M(512M) 3.576ms
[2023-11-16T06:05:22.988+0000][7][gc,cpu      ] GC(296) User=0.01s Sys=0.00s Real=0.00s
[2023-11-16T06:05:22.988+0000][7][safepoint   ] Safepoint "G1CollectForAllocation", Time since last: 3054809602 ns, Reaching safepoint: 73470 ns, At safepoint: 3773734 ns, Total: 3847204 ns
[2023-11-16T06:05:25.988+0000][7][safepoint   ] Safepoint "Cleanup", Time since last: 3000252617 ns, Reaching safepoint: 77928 ns, At safepoint: 4803 ns, Total: 82731 ns
[2023-11-16T06:05:26.988+0000][7][safepoint   ] Safepoint "Cleanup", Time since last: 1000130692 ns, Reaching safepoint: 47904 ns, At safepoint: 6427 ns, Total: 54331 ns
[2023-11-16T06:05:28.989+0000][7][safepoint   ] Safepoint "Cleanup", Time since last: 2000494739 ns, Reaching safepoint: 208823 ns, At safepoint: 9967 ns, Total: 218790 ns
[2023-11-16T06:05:30.056+0000][7][gc,start    ] GC(297) Pause Young (Normal) (G1 Evacuation Pause)
[2023-11-16T06:05:30.056+0000][7][gc,task     ] GC(297) Using 8 workers of 8 for evacuation
[2023-11-16T06:05:30.056+0000][7][gc,age      ] GC(297) Desired survivor size 18874368 bytes, new threshold 15 (max threshold 15)
[2023-11-16T06:05:30.063+0000][7][gc,age      ] GC(297) Age table with threshold 15 (max threshold 15)
[2023-11-16T06:05:30.063+0000][7][gc,age      ] GC(297) - age   1:    1881824 bytes,    1881824 total
[2023-11-16T06:05:30.063+0000][7][gc,age      ] GC(297) - age   2:     233832 bytes,    2115656 total
[2023-11-16T06:05:30.063+0000][7][gc,age      ] GC(297) - age   3:     166864 bytes,    2282520 total
[2023-11-16T06:05:30.063+0000][7][gc,age      ] GC(297) - age   4:       2096 bytes,    2284616 total
[2023-11-16T06:05:30.063+0000][7][gc,age      ] GC(297) - age   5:     124984 bytes,    2409600 total
[2023-11-16T06:05:30.063+0000][7][gc,age      ] GC(297) - age   6:       2216 bytes,    2411816 total
[2023-11-16T06:05:30.063+0000][7][gc,age      ] GC(297) - age   7:       1344 bytes,    2413160 total
[2023-11-16T06:05:30.063+0000][7][gc,age      ] GC(297) - age   8:     127776 bytes,    2540936 total
[2023-11-16T06:05:30.063+0000][7][gc,age      ] GC(297) - age   9:       3632 bytes,    2544568 total
[2023-11-16T06:05:30.063+0000][7][gc,age      ] GC(297) - age  10:     128144 bytes,    2672712 total
[2023-11-16T06:05:30.063+0000][7][gc,age      ] GC(297) - age  11:     128528 bytes,    2801240 total
[2023-11-16T06:05:30.063+0000][7][gc,age      ] GC(297) - age  12:        456 bytes,    2801696 total
[2023-11-16T06:05:30.063+0000][7][gc,age      ] GC(297) - age  13:         32 bytes,    2801728 total
[2023-11-16T06:05:30.063+0000][7][gc,age      ] GC(297) - age  14:         48 bytes,    2801776 total
[2023-11-16T06:05:30.063+0000][7][gc,phases   ] GC(297)   Pre Evacuate Collection Set: 0.2ms
[2023-11-16T06:05:30.063+0000][7][gc,phases   ] GC(297)   Merge Heap Roots: 0.0ms
[2023-11-16T06:05:30.063+0000][7][gc,phases   ] GC(297)   Evacuate Collection Set: 5.6ms
[2023-11-16T06:05:30.063+0000][7][gc,phases   ] GC(297)   Post Evacuate Collection Set: 0.7ms
[2023-11-16T06:05:30.063+0000][7][gc,phases   ] GC(297)   Other: 0.2ms
[2023-11-16T06:05:30.063+0000][7][gc,heap     ] GC(297) Eden regions: 67->0(67)
[2023-11-16T06:05:30.063+0000][7][gc,heap     ] GC(297) Survivor regions: 1->1(9)
[2023-11-16T06:05:30.063+0000][7][gc,heap     ] GC(297) Old regions: 31->31
[2023-11-16T06:05:30.063+0000][7][gc,heap     ] GC(297) Archive regions: 2->2
[2023-11-16T06:05:30.063+0000][7][gc,heap     ] GC(297) Humongous regions: 5->5
[2023-11-16T06:05:30.063+0000][7][gc,metaspace] GC(297) Metaspace: 119872K(121536K)->119872K(121536K) NonClass: 104019K(104960K)->104019K(104960K) Class: 15853K(16576K)->15853K(16576K)
[2023-11-16T06:05:30.063+0000][7][gc          ] GC(297) Pause Young (Normal) (G1 Evacuation Pause) 416M->148M(512M) 6.704ms
[2023-11-16T06:05:30.063+0000][7][gc,cpu      ] GC(297) User=0.02s Sys=0.00s Real=0.01s
[2023-11-16T06:05:30.063+0000][7][safepoint   ] Safepoint "G1CollectForAllocation", Time since last: 1067347608 ns, Reaching safepoint: 87533 ns, At safepoint: 6846242 ns, Total: 6933775 ns
[2023-11-16T06:05:33.064+0000][7][safepoint   ] Safepoint "Cleanup", Time since last: 3000552699 ns, Reaching safepoint: 77822 ns, At safepoint: 10360 ns, Total: 88182 ns
[2023-11-16T06:05:35.064+0000][7][safepoint   ] Safepoint "Cleanup", Time since last: 2000261289 ns, Reaching safepoint: 79739 ns, At safepoint: 4983 ns, Total: 84722 ns
[2023-11-16T06:05:37.128+0000][7][gc,start    ] GC(298) Pause Young (Normal) (G1 Evacuation Pause)
[2023-11-16T06:05:37.128+0000][7][gc,task     ] GC(298) Using 8 workers of 8 for evacuation
[2023-11-16T06:05:37.128+0000][7][gc,age      ] GC(298) Desired survivor size 18874368 bytes, new threshold 15 (max threshold 15)
[2023-11-16T06:05:37.130+0000][7][gc,age      ] GC(298) Age table with threshold 15 (max threshold 15)
[2023-11-16T06:05:37.130+0000][7][gc,age      ] GC(298) - age   1:    2232664 bytes,    2232664 total
[2023-11-16T06:05:37.130+0000][7][gc,age      ] GC(298) - age   2:     166848 bytes,    2399512 total
[2023-11-16T06:05:37.130+0000][7][gc,age      ] GC(298) - age   3:     130144 bytes,    2529656 total
[2023-11-16T06:05:37.130+0000][7][gc,age      ] GC(298) - age   4:     166320 bytes,    2695976 total
[2023-11-16T06:05:37.130+0000][7][gc,age      ] GC(298) - age   5:       1408 bytes,    2697384 total
[2023-11-16T06:05:37.130+0000][7][gc,age      ] GC(298) - age   6:     124920 bytes,    2822304 total
[2023-11-16T06:05:37.130+0000][7][gc,age      ] GC(298) - age   7:       1712 bytes,    2824016 total
[2023-11-16T06:05:37.130+0000][7][gc,age      ] GC(298) - age   8:       1280 bytes,    2825296 total
[2023-11-16T06:05:37.130+0000][7][gc,age      ] GC(298) - age   9:     127680 bytes,    2952976 total
[2023-11-16T06:05:37.130+0000][7][gc,age      ] GC(298) - age  10:       3424 bytes,    2956400 total
[2023-11-16T06:05:37.130+0000][7][gc,age      ] GC(298) - age  11:        240 bytes,    2956640 total
[2023-11-16T06:05:37.130+0000][7][gc,age      ] GC(298) - age  12:     128496 bytes,    3085136 total
[2023-11-16T06:05:37.130+0000][7][gc,age      ] GC(298) - age  13:        456 bytes,    3085592 total
[2023-11-16T06:05:37.130+0000][7][gc,age      ] GC(298) - age  14:         32 bytes,    3085624 total
[2023-11-16T06:05:37.130+0000][7][gc,age      ] GC(298) - age  15:         48 bytes,    3085672 total
[2023-11-16T06:05:37.131+0000][7][gc,phases   ] GC(298)   Pre Evacuate Collection Set: 0.1ms
[2023-11-16T06:05:37.131+0000][7][gc,phases   ] GC(298)   Merge Heap Roots: 0.0ms
[2023-11-16T06:05:37.131+0000][7][gc,phases   ] GC(298)   Evacuate Collection Set: 1.7ms
[2023-11-16T06:05:37.131+0000][7][gc,phases   ] GC(298)   Post Evacuate Collection Set: 0.6ms
[2023-11-16T06:05:37.131+0000][7][gc,phases   ] GC(298)   Other: 0.3ms
[2023-11-16T06:05:37.131+0000][7][gc,heap     ] GC(298) Eden regions: 67->0(67)
[2023-11-16T06:05:37.131+0000][7][gc,heap     ] GC(298) Survivor regions: 1->1(9)
[2023-11-16T06:05:37.131+0000][7][gc,heap     ] GC(298) Old regions: 31->31
[2023-11-16T06:05:37.131+0000][7][gc,heap     ] GC(298) Archive regions: 2->2
[2023-11-16T06:05:37.131+0000][7][gc,heap     ] GC(298) Humongous regions: 5->5
[2023-11-16T06:05:37.131+0000][7][gc,metaspace] GC(298) Metaspace: 119875K(121600K)->119875K(121600K) NonClass: 104021K(105024K)->104021K(105024K) Class: 15854K(16576K)->15854K(16576K)
[2023-11-16T06:05:37.131+0000][7][gc          ] GC(298) Pause Young (Normal) (G1 Evacuation Pause) 416M->148M(512M) 2.759ms
[2023-11-16T06:05:37.131+0000][7][gc,cpu      ] GC(298) User=0.01s Sys=0.01s Real=0.01s
[2023-11-16T06:05:37.131+0000][7][safepoint   ] Safepoint "G1CollectForAllocation", Time since last: 2063719130 ns, Reaching safepoint: 70041 ns, At safepoint: 2835517 ns, Total: 2905558 ns
[2023-11-16T06:05:38.131+0000][7][safepoint   ] Safepoint "Cleanup", Time since last: 1000104699 ns, Reaching safepoint: 65983 ns, At safepoint: 29979 ns, Total: 95962 ns
[2023-11-16T06:05:41.132+0000][7][safepoint   ] Safepoint "Cleanup", Time since last: 3000546506 ns, Reaching safepoint: 146207 ns, At safepoint: 7267 ns, Total: 153474 ns
[2023-11-16T06:05:43.789+0000][7][safepoint   ] Safepoint "Cleanup", Time since last: 2656953253 ns, Reaching safepoint: 154190 ns, At safepoint: 3032 ns, Total: 157222 ns
[2023-11-16T06:05:43.837+0000][7][gc,start    ] GC(299) Pause Young (Normal) (G1 Evacuation Pause)
[2023-11-16T06:05:43.837+0000][7][gc,task     ] GC(299) Using 8 workers of 8 for evacuation
[2023-11-16T06:05:43.837+0000][7][gc,age      ] GC(299) Desired survivor size 18874368 bytes, new threshold 15 (max threshold 15)
[2023-11-16T06:05:43.843+0000][7][gc,age      ] GC(299) Age table with threshold 15 (max threshold 15)
[2023-11-16T06:05:43.843+0000][7][gc,age      ] GC(299) - age   1:    2458248 bytes,    2458248 total
[2023-11-16T06:05:43.843+0000][7][gc,age      ] GC(299) - age   2:     594440 bytes,    3052688 total
[2023-11-16T06:05:43.843+0000][7][gc,age      ] GC(299) - age   3:     164536 bytes,    3217224 total
[2023-11-16T06:05:43.843+0000][7][gc,age      ] GC(299) - age   4:     129264 bytes,    3346488 total
[2023-11-16T06:05:43.843+0000][7][gc,age      ] GC(299) - age   5:     165680 bytes,    3512168 total
[2023-11-16T06:05:43.843+0000][7][gc,age      ] GC(299) - age   6:       1208 bytes,    3513376 total
[2023-11-16T06:05:43.843+0000][7][gc,age      ] GC(299) - age   7:     124664 bytes,    3638040 total
[2023-11-16T06:05:43.843+0000][7][gc,age      ] GC(299) - age   8:       1456 bytes,    3639496 total
[2023-11-16T06:05:43.843+0000][7][gc,age      ] GC(299) - age   9:       1280 bytes,    3640776 total
[2023-11-16T06:05:43.843+0000][7][gc,age      ] GC(299) - age  10:     127240 bytes,    3768016 total
[2023-11-16T06:05:43.843+0000][7][gc,age      ] GC(299) - age  11:       3424 bytes,    3771440 total
[2023-11-16T06:05:43.843+0000][7][gc,age      ] GC(299) - age  12:         96 bytes,    3771536 total
[2023-11-16T06:05:43.843+0000][7][gc,age      ] GC(299) - age  13:        584 bytes,    3772120 total
[2023-11-16T06:05:43.843+0000][7][gc,age      ] GC(299) - age  14:        456 bytes,    3772576 total
[2023-11-16T06:05:43.843+0000][7][gc,age      ] GC(299) - age  15:         32 bytes,    3772608 total
[2023-11-16T06:05:43.843+0000][7][gc,phases   ] GC(299)   Pre Evacuate Collection Set: 0.1ms
[2023-11-16T06:05:43.843+0000][7][gc,phases   ] GC(299)   Merge Heap Roots: 0.0ms
[2023-11-16T06:05:43.843+0000][7][gc,phases   ] GC(299)   Evacuate Collection Set: 5.0ms
[2023-11-16T06:05:43.843+0000][7][gc,phases   ] GC(299)   Post Evacuate Collection Set: 0.5ms
[2023-11-16T06:05:43.843+0000][7][gc,phases   ] GC(299)   Other: 0.2ms
[2023-11-16T06:05:43.843+0000][7][gc,heap     ] GC(299) Eden regions: 67->0(67)
[2023-11-16T06:05:43.843+0000][7][gc,heap     ] GC(299) Survivor regions: 1->1(9)
[2023-11-16T06:05:43.843+0000][7][gc,heap     ] GC(299) Old regions: 31->31
[2023-11-16T06:05:43.843+0000][7][gc,heap     ] GC(299) Archive regions: 2->2
[2023-11-16T06:05:43.843+0000][7][gc,heap     ] GC(299) Humongous regions: 5->5
[2023-11-16T06:05:43.843+0000][7][gc,metaspace] GC(299) Metaspace: 119892K(121600K)->119892K(121600K) NonClass: 104038K(105024K)->104038K(105024K) Class: 15854K(16576K)->15854K(16576K)
[2023-11-16T06:05:43.843+0000][7][gc          ] GC(299) Pause Young (Normal) (G1 Evacuation Pause) 416M->149M(512M) 5.822ms
[2023-11-16T06:05:43.843+0000][7][gc,cpu      ] GC(299) User=0.02s Sys=0.00s Real=0.01s
[2023-11-16T06:05:43.843+0000][7][safepoint   ] Safepoint "G1CollectForAllocation", Time since last: 48585996 ns, Reaching safepoint: 43344 ns, At safepoint: 5885450 ns, Total: 5928794 ns
[2023-11-16T06:05:44.843+0000][7][safepoint   ] Safepoint "Cleanup", Time since last: 1000070700 ns, Reaching safepoint: 81152 ns, At safepoint: 11569 ns, Total: 92721 ns
[2023-11-16T06:05:45.844+0000][7][safepoint   ] Safepoint "Cleanup", Time since last: 1000122213 ns, Reaching safepoint: 106595 ns, At safepoint: 9272 ns, Total: 115867 ns
[2023-11-16T06:05:46.844+0000][7][safepoint   ] Safepoint "Cleanup", Time since last: 1000095857 ns, Reaching safepoint: 66399 ns, At safepoint: 6856 ns, Total: 73255 ns
[2023-11-16T06:05:48.253+0000][7][gc,start    ] GC(300) Pause Young (Normal) (G1 Evacuation Pause)
[2023-11-16T06:05:48.253+0000][7][gc,task     ] GC(300) Using 8 workers of 8 for evacuation
[2023-11-16T06:05:48.253+0000][7][gc,age      ] GC(300) Desired survivor size 18874368 bytes, new threshold 15 (max threshold 15)
[2023-11-16T06:05:48.256+0000][7][gc,age      ] GC(300) Age table with threshold 15 (max threshold 15)
[2023-11-16T06:05:48.256+0000][7][gc,age      ] GC(300) - age   1:    2616456 bytes,    2616456 total
[2023-11-16T06:05:48.256+0000][7][gc,age      ] GC(300) - age   2:    1007632 bytes,    3624088 total
[2023-11-16T06:05:48.256+0000][7][gc,age      ] GC(300) - age   3:     529456 bytes,    4153544 total
[2023-11-16T06:05:48.256+0000][7][gc,age      ] GC(300) - age   4:     164344 bytes,    4317888 total
[2023-11-16T06:05:48.256+0000][7][gc,age      ] GC(300) - age   5:     129040 bytes,    4446928 total
[2023-11-16T06:05:48.256+0000][7][gc,age      ] GC(300) - age   6:     165584 bytes,    4612512 total
[2023-11-16T06:05:48.256+0000][7][gc,age      ] GC(300) - age   7:       1080 bytes,    4613592 total
[2023-11-16T06:05:48.256+0000][7][gc,age      ] GC(300) - age   8:     124408 bytes,    4738000 total
[2023-11-16T06:05:48.256+0000][7][gc,age      ] GC(300) - age   9:       1392 bytes,    4739392 total
[2023-11-16T06:05:48.256+0000][7][gc,age      ] GC(300) - age  10:       1216 bytes,    4740608 total
[2023-11-16T06:05:48.256+0000][7][gc,age      ] GC(300) - age  11:     127176 bytes,    4867784 total
[2023-11-16T06:05:48.256+0000][7][gc,age      ] GC(300) - age  12:       3424 bytes,    4871208 total
[2023-11-16T06:05:48.256+0000][7][gc,age      ] GC(300) - age  13:         96 bytes,    4871304 total
[2023-11-16T06:05:48.256+0000][7][gc,age      ] GC(300) - age  14:        584 bytes,    4871888 total
[2023-11-16T06:05:48.256+0000][7][gc,age      ] GC(300) - age  15:        456 bytes,    4872344 total
[2023-11-16T06:05:48.256+0000][7][gc,phases   ] GC(300)   Pre Evacuate Collection Set: 0.1ms
[2023-11-16T06:05:48.256+0000][7][gc,phases   ] GC(300)   Merge Heap Roots: 0.1ms
[2023-11-16T06:05:48.256+0000][7][gc,phases   ] GC(300)   Evacuate Collection Set: 2.3ms
[2023-11-16T06:05:48.256+0000][7][gc,phases   ] GC(300)   Post Evacuate Collection Set: 0.5ms
[2023-11-16T06:05:48.256+0000][7][gc,phases   ] GC(300)   Other: 0.3ms
[2023-11-16T06:05:48.256+0000][7][gc,heap     ] GC(300) Eden regions: 67->0(65)
[2023-11-16T06:05:48.256+0000][7][gc,heap     ] GC(300) Survivor regions: 1->2(9)
[2023-11-16T06:05:48.256+0000][7][gc,heap     ] GC(300) Old regions: 31->31
[2023-11-16T06:05:48.256+0000][7][gc,heap     ] GC(300) Archive regions: 2->2
[2023-11-16T06:05:48.256+0000][7][gc,heap     ] GC(300) Humongous regions: 5->5
[2023-11-16T06:05:48.256+0000][7][gc,metaspace] GC(300) Metaspace: 119903K(121600K)->119903K(121600K) NonClass: 104048K(105024K)->104048K(105024K) Class: 15854K(16576K)->15854K(16576K)
[2023-11-16T06:05:48.256+0000][7][gc          ] GC(300) Pause Young (Normal) (G1 Evacuation Pause) 417M->150M(512M) 3.299ms
[2023-11-16T06:05:48.256+0000][7][gc,cpu      ] GC(300) User=0.02s Sys=0.00s Real=0.00s
[2023-11-16T06:05:48.256+0000][7][safepoint   ] Safepoint "G1CollectForAllocation", Time since last: 1409171394 ns, Reaching safepoint: 57895 ns, At safepoint: 3471486 ns, Total: 3529381 ns
[2023-11-16T06:05:50.257+0000][7][safepoint   ] Safepoint "Cleanup", Time since last: 2000159698 ns, Reaching safepoint: 89617 ns, At safepoint: 7426 ns, Total: 97043 ns
[2023-11-16T06:05:52.257+0000][7][safepoint   ] Safepoint "Cleanup", Time since last: 2000409933 ns, Reaching safepoint: 81411 ns, At safepoint: 11423 ns, Total: 92834 ns
[2023-11-16T06:05:53.258+0000][7][safepoint   ] Safepoint "Cleanup", Time since last: 1000136774 ns, Reaching safepoint: 140586 ns, At safepoint: 19995 ns, Total: 160581 ns
[2023-11-16T06:05:53.318+0000][7][gc,start    ] GC(301) Pause Young (Normal) (G1 Evacuation Pause)
[2023-11-16T06:05:53.318+0000][7][gc,task     ] GC(301) Using 8 workers of 8 for evacuation
[2023-11-16T06:05:53.318+0000][7][gc,age      ] GC(301) Desired survivor size 18874368 bytes, new threshold 15 (max threshold 15)
[2023-11-16T06:05:53.324+0000][7][gc,age      ] GC(301) Age table with threshold 15 (max threshold 15)
[2023-11-16T06:05:53.324+0000][7][gc,age      ] GC(301) - age   1:    4750680 bytes,    4750680 total
[2023-11-16T06:05:53.324+0000][7][gc,age      ] GC(301) - age   2:     549872 bytes,    5300552 total
[2023-11-16T06:05:53.324+0000][7][gc,age      ] GC(301) - age   3:     587416 bytes,    5887968 total
[2023-11-16T06:05:53.324+0000][7][gc,age      ] GC(301) - age   4:     433912 bytes,    6321880 total
[2023-11-16T06:05:53.324+0000][7][gc,age      ] GC(301) - age   5:     150448 bytes,    6472328 total
[2023-11-16T06:05:53.324+0000][7][gc,age      ] GC(301) - age   6:       1008 bytes,    6473336 total
[2023-11-16T06:05:53.324+0000][7][gc,age      ] GC(301) - age   7:     165424 bytes,    6638760 total
[2023-11-16T06:05:53.324+0000][7][gc,age      ] GC(301) - age   8:        984 bytes,    6639744 total
[2023-11-16T06:05:53.324+0000][7][gc,age      ] GC(301) - age   9:     123728 bytes,    6763472 total
[2023-11-16T06:05:53.324+0000][7][gc,age      ] GC(301) - age  10:       1392 bytes,    6764864 total
[2023-11-16T06:05:53.324+0000][7][gc,age      ] GC(301) - age  11:       1152 bytes,    6766016 total
[2023-11-16T06:05:53.324+0000][7][gc,age      ] GC(301) - age  12:     127112 bytes,    6893128 total
[2023-11-16T06:05:53.324+0000][7][gc,age      ] GC(301) - age  13:       3424 bytes,    6896552 total
[2023-11-16T06:05:53.324+0000][7][gc,age      ] GC(301) - age  14:         96 bytes,    6896648 total
[2023-11-16T06:05:53.324+0000][7][gc,age      ] GC(301) - age  15:        488 bytes,    6897136 total
[2023-11-16T06:05:53.324+0000][7][gc,phases   ] GC(301)   Pre Evacuate Collection Set: 0.2ms
[2023-11-16T06:05:53.324+0000][7][gc,phases   ] GC(301)   Merge Heap Roots: 0.1ms
[2023-11-16T06:05:53.324+0000][7][gc,phases   ] GC(301)   Evacuate Collection Set: 5.0ms
[2023-11-16T06:05:53.324+0000][7][gc,phases   ] GC(301)   Post Evacuate Collection Set: 1.1ms
[2023-11-16T06:05:53.324+0000][7][gc,phases   ] GC(301)   Other: 0.4ms
[2023-11-16T06:05:53.324+0000][7][gc,heap     ] GC(301) Eden regions: 65->0(65)
[2023-11-16T06:05:53.324+0000][7][gc,heap     ] GC(301) Survivor regions: 2->2(9)
[2023-11-16T06:05:53.324+0000][7][gc,heap     ] GC(301) Old regions: 31->31
[2023-11-16T06:05:53.324+0000][7][gc,heap     ] GC(301) Archive regions: 2->2
[2023-11-16T06:05:53.324+0000][7][gc,heap     ] GC(301) Humongous regions: 5->5
[2023-11-16T06:05:53.324+0000][7][gc,metaspace] GC(301) Metaspace: 119907K(121600K)->119907K(121600K) NonClass: 104052K(105024K)->104052K(105024K) Class: 15854K(16576K)->15854K(16576K)
[2023-11-16T06:05:53.324+0000][7][gc          ] GC(301) Pause Young (Normal) (G1 Evacuation Pause) 410M->152M(512M) 6.763ms
[2023-11-16T06:05:53.325+0000][7][gc,cpu      ] GC(301) User=0.03s Sys=0.00s Real=0.01s
[2023-11-16T06:05:53.325+0000][7][safepoint   ] Safepoint "G1CollectForAllocation", Time since last: 60038815 ns, Reaching safepoint: 101754 ns, At safepoint: 6953997 ns, Total: 7055751 ns
[2023-11-16T06:05:54.370+0000][7][safepoint   ] Safepoint "Cleanup", Time since last: 1045589037 ns, Reaching safepoint: 135050 ns, At safepoint: 8116 ns, Total: 143166 ns
[2023-11-16T06:05:55.370+0000][7][safepoint   ] Safepoint "Cleanup", Time since last: 1000097532 ns, Reaching safepoint: 54809 ns, At safepoint: 4286 ns, Total: 59095 ns
[2023-11-16T06:05:56.371+0000][7][safepoint   ] Safepoint "Cleanup", Time since last: 1000092902 ns, Reaching safepoint: 46433 ns, At safepoint: 6000 ns, Total: 52433 ns
[2023-11-16T06:05:58.335+0000][7][gc,start    ] GC(302) Pause Young (Normal) (G1 Evacuation Pause)
[2023-11-16T06:05:58.335+0000][7][gc,task     ] GC(302) Using 8 workers of 8 for evacuation
[2023-11-16T06:05:58.335+0000][7][gc,age      ] GC(302) Desired survivor size 18874368 bytes, new threshold 15 (max threshold 15)
[2023-11-16T06:05:58.339+0000][7][gc,age      ] GC(302) Age table with threshold 15 (max threshold 15)
[2023-11-16T06:05:58.339+0000][7][gc,age      ] GC(302) - age   1:    1825504 bytes,    1825504 total
[2023-11-16T06:05:58.339+0000][7][gc,age      ] GC(302) - age   2:    1227760 bytes,    3053264 total
[2023-11-16T06:05:58.339+0000][7][gc,age      ] GC(302) - age   3:     393856 bytes,    3447120 total
[2023-11-16T06:05:58.339+0000][7][gc,age      ] GC(302) - age   4:     584384 bytes,    4031504 total
[2023-11-16T06:05:58.339+0000][7][gc,age      ] GC(302) - age   5:     433912 bytes,    4465416 total
[2023-11-16T06:05:58.339+0000][7][gc,age      ] GC(302) - age   6:     138192 bytes,    4603608 total
[2023-11-16T06:05:58.339+0000][7][gc,age      ] GC(302) - age   7:       1008 bytes,    4604616 total
[2023-11-16T06:05:58.339+0000][7][gc,age      ] GC(302) - age   8:     165424 bytes,    4770040 total
[2023-11-16T06:05:58.339+0000][7][gc,age      ] GC(302) - age   9:        984 bytes,    4771024 total
[2023-11-16T06:05:58.339+0000][7][gc,age      ] GC(302) - age  10:     123640 bytes,    4894664 total
[2023-11-16T06:05:58.339+0000][7][gc,age      ] GC(302) - age  11:        696 bytes,    4895360 total
[2023-11-16T06:05:58.339+0000][7][gc,age      ] GC(302) - age  12:       1152 bytes,    4896512 total
[2023-11-16T06:05:58.339+0000][7][gc,age      ] GC(302) - age  13:     126792 bytes,    5023304 total
[2023-11-16T06:05:58.339+0000][7][gc,age      ] GC(302) - age  14:       3424 bytes,    5026728 total
[2023-11-16T06:05:58.339+0000][7][gc,age      ] GC(302) - age  15:         96 bytes,    5026824 total
[2023-11-16T06:05:58.339+0000][7][gc,phases   ] GC(302)   Pre Evacuate Collection Set: 0.1ms
[2023-11-16T06:05:58.339+0000][7][gc,phases   ] GC(302)   Merge Heap Roots: 0.1ms
[2023-11-16T06:05:58.339+0000][7][gc,phases   ] GC(302)   Evacuate Collection Set: 3.5ms
[2023-11-16T06:05:58.340+0000][7][gc,phases   ] GC(302)   Post Evacuate Collection Set: 0.7ms
[2023-11-16T06:05:58.340+0000][7][gc,phases   ] GC(302)   Other: 0.3ms
[2023-11-16T06:05:58.340+0000][7][gc,heap     ] GC(302) Eden regions: 65->0(65)
[2023-11-16T06:05:58.340+0000][7][gc,heap     ] GC(302) Survivor regions: 2->2(9)
[2023-11-16T06:05:58.340+0000][7][gc,heap     ] GC(302) Old regions: 31->31
[2023-11-16T06:05:58.340+0000][7][gc,heap     ] GC(302) Archive regions: 2->2
[2023-11-16T06:05:58.340+0000][7][gc,heap     ] GC(302) Humongous regions: 5->5
[2023-11-16T06:05:58.340+0000][7][gc,metaspace] GC(302) Metaspace: 119909K(121600K)->119909K(121600K) NonClass: 104054K(105024K)->104054K(105024K) Class: 15854K(16576K)->15854K(16576K)
[2023-11-16T06:05:58.340+0000][7][gc          ] GC(302) Pause Young (Normal) (G1 Evacuation Pause) 412M->150M(512M) 4.670ms
[2023-11-16T06:05:58.340+0000][7][gc,cpu      ] GC(302) User=0.02s Sys=0.00s Real=0.01s
[2023-11-16T06:05:58.340+0000][7][safepoint   ] Safepoint "G1CollectForAllocation", Time since last: 1964100905 ns, Reaching safepoint: 121103 ns, At safepoint: 4783454 ns, Total: 4904557 ns
[2023-11-16T06:05:59.340+0000][7][safepoint   ] Safepoint "Cleanup", Time since last: 1000096465 ns, Reaching safepoint: 65449 ns, At safepoint: 8635 ns, Total: 74084 ns
[2023-11-16T06:06:01.340+0000][7][safepoint   ] Safepoint "Cleanup", Time since last: 2000193272 ns, Reaching safepoint: 71186 ns, At safepoint: 3932 ns, Total: 75118 ns
[2023-11-16T06:06:02.340+0000][7][safepoint   ] Safepoint "Cleanup", Time since last: 1000179272 ns, Reaching safepoint: 87599 ns, At safepoint: 9788 ns, Total: 97387 ns
[2023-11-16T06:06:05.398+0000][7][gc,start    ] GC(303) Pause Young (Normal) (G1 Evacuation Pause)
[2023-11-16T06:06:05.398+0000][7][gc,task     ] GC(303) Using 8 workers of 8 for evacuation
[2023-11-16T06:06:05.398+0000][7][gc,age      ] GC(303) Desired survivor size 18874368 bytes, new threshold 15 (max threshold 15)
[2023-11-16T06:06:05.401+0000][7][gc,age      ] GC(303) Age table with threshold 15 (max threshold 15)
[2023-11-16T06:06:05.401+0000][7][gc,age      ] GC(303) - age   1:    2322888 bytes,    2322888 total
[2023-11-16T06:06:05.401+0000][7][gc,age      ] GC(303) - age   2:     458792 bytes,    2781680 total
[2023-11-16T06:06:05.401+0000][7][gc,age      ] GC(303) - age   3:     311344 bytes,    3093024 total
[2023-11-16T06:06:05.401+0000][7][gc,age      ] GC(303) - age   4:     152112 bytes,    3245136 total
[2023-11-16T06:06:05.401+0000][7][gc,age      ] GC(303) - age   5:     376880 bytes,    3622016 total
[2023-11-16T06:06:05.401+0000][7][gc,age      ] GC(303) - age   6:     230984 bytes,    3853000 total
[2023-11-16T06:06:05.401+0000][7][gc,age      ] GC(303) - age   7:     135376 bytes,    3988376 total
[2023-11-16T06:06:05.401+0000][7][gc,age      ] GC(303) - age   8:        816 bytes,    3989192 total
[2023-11-16T06:06:05.401+0000][7][gc,age      ] GC(303) - age   9:     128872 bytes,    4118064 total
[2023-11-16T06:06:05.401+0000][7][gc,age      ] GC(303) - age  10:        608 bytes,    4118672 total
[2023-11-16T06:06:05.401+0000][7][gc,age      ] GC(303) - age  11:        880 bytes,    4119552 total
[2023-11-16T06:06:05.401+0000][7][gc,age      ] GC(303) - age  12:        632 bytes,    4120184 total
[2023-11-16T06:06:05.401+0000][7][gc,age      ] GC(303) - age  13:       1024 bytes,    4121208 total
[2023-11-16T06:06:05.401+0000][7][gc,age      ] GC(303) - age  14:        312 bytes,    4121520 total
[2023-11-16T06:06:05.401+0000][7][gc,age      ] GC(303) - age  15:       2064 bytes,    4123584 total
[2023-11-16T06:06:05.401+0000][7][gc,phases   ] GC(303)   Pre Evacuate Collection Set: 0.1ms
[2023-11-16T06:06:05.401+0000][7][gc,phases   ] GC(303)   Merge Heap Roots: 0.1ms
[2023-11-16T06:06:05.401+0000][7][gc,phases   ] GC(303)   Evacuate Collection Set: 1.9ms
[2023-11-16T06:06:05.401+0000][7][gc,phases   ] GC(303)   Post Evacuate Collection Set: 0.6ms
[2023-11-16T06:06:05.401+0000][7][gc,phases   ] GC(303)   Other: 0.3ms
[2023-11-16T06:06:05.401+0000][7][gc,heap     ] GC(303) Eden regions: 65->0(65)
[2023-11-16T06:06:05.401+0000][7][gc,heap     ] GC(303) Survivor regions: 2->2(9)
[2023-11-16T06:06:05.401+0000][7][gc,heap     ] GC(303) Old regions: 31->31
[2023-11-16T06:06:05.401+0000][7][gc,heap     ] GC(303) Archive regions: 2->2
[2023-11-16T06:06:05.401+0000][7][gc,heap     ] GC(303) Humongous regions: 5->5
[2023-11-16T06:06:05.401+0000][7][gc,metaspace] GC(303) Metaspace: 119909K(121600K)->119909K(121600K) NonClass: 104054K(105024K)->104054K(105024K) Class: 15854K(16576K)->15854K(16576K)
[2023-11-16T06:06:05.401+0000][7][gc          ] GC(303) Pause Young (Normal) (G1 Evacuation Pause) 410M->150M(512M) 2.900ms
[2023-11-16T06:06:05.401+0000][7][gc,cpu      ] GC(303) User=0.01s Sys=0.00s Real=0.01s
[2023-11-16T06:06:05.401+0000][7][safepoint   ] Safepoint "G1CollectForAllocation", Time since last: 3057774666 ns, Reaching safepoint: 92617 ns, At safepoint: 3002213 ns, Total: 3094830 ns
[2023-11-16T06:06:08.402+0000][7][safepoint   ] Safepoint "Cleanup", Time since last: 3000265736 ns, Reaching safepoint: 117663 ns, At safepoint: 13442 ns, Total: 131105 ns
[2023-11-16T06:06:11.402+0000][7][safepoint   ] Safepoint "Cleanup", Time since last: 3000484849 ns, Reaching safepoint: 127883 ns, At safepoint: 8596 ns, Total: 136479 ns
[2023-11-16T06:06:11.624+0000][7][gc,start    ] GC(304) Pause Young (Normal) (G1 Evacuation Pause)
[2023-11-16T06:06:11.624+0000][7][gc,task     ] GC(304) Using 8 workers of 8 for evacuation
[2023-11-16T06:06:11.624+0000][7][gc,age      ] GC(304) Desired survivor size 18874368 bytes, new threshold 15 (max threshold 15)
[2023-11-16T06:06:11.627+0000][7][gc,age      ] GC(304) Age table with threshold 15 (max threshold 15)
[2023-11-16T06:06:11.627+0000][7][gc,age      ] GC(304) - age   1:    2088048 bytes,    2088048 total
[2023-11-16T06:06:11.627+0000][7][gc,age      ] GC(304) - age   2:     741400 bytes,    2829448 total
[2023-11-16T06:06:11.627+0000][7][gc,age      ] GC(304) - age   3:     456560 bytes,    3286008 total
[2023-11-16T06:06:11.627+0000][7][gc,age      ] GC(304) - age   4:     310024 bytes,    3596032 total
[2023-11-16T06:06:11.627+0000][7][gc,age      ] GC(304) - age   5:     138136 bytes,    3734168 total
[2023-11-16T06:06:11.627+0000][7][gc,age      ] GC(304) - age   6:     248432 bytes,    3982600 total
[2023-11-16T06:06:11.627+0000][7][gc,age      ] GC(304) - age   7:     230696 bytes,    4213296 total
[2023-11-16T06:06:11.627+0000][7][gc,age      ] GC(304) - age   8:     135344 bytes,    4348640 total
[2023-11-16T06:06:11.627+0000][7][gc,age      ] GC(304) - age   9:        664 bytes,    4349304 total
[2023-11-16T06:06:11.627+0000][7][gc,age      ] GC(304) - age  10:     128808 bytes,    4478112 total
[2023-11-16T06:06:11.627+0000][7][gc,age      ] GC(304) - age  11:        544 bytes,    4478656 total
[2023-11-16T06:06:11.627+0000][7][gc,age      ] GC(304) - age  12:        816 bytes,    4479472 total
[2023-11-16T06:06:11.627+0000][7][gc,age      ] GC(304) - age  13:        568 bytes,    4480040 total
[2023-11-16T06:06:11.627+0000][7][gc,age      ] GC(304) - age  14:        840 bytes,    4480880 total
[2023-11-16T06:06:11.627+0000][7][gc,age      ] GC(304) - age  15:        312 bytes,    4481192 total
[2023-11-16T06:06:11.627+0000][7][gc,phases   ] GC(304)   Pre Evacuate Collection Set: 0.2ms
[2023-11-16T06:06:11.627+0000][7][gc,phases   ] GC(304)   Merge Heap Roots: 0.0ms
[2023-11-16T06:06:11.627+0000][7][gc,phases   ] GC(304)   Evacuate Collection Set: 2.0ms
[2023-11-16T06:06:11.627+0000][7][gc,phases   ] GC(304)   Post Evacuate Collection Set: 0.6ms
[2023-11-16T06:06:11.627+0000][7][gc,phases   ] GC(304)   Other: 0.2ms
[2023-11-16T06:06:11.627+0000][7][gc,heap     ] GC(304) Eden regions: 65->0(65)
[2023-11-16T06:06:11.627+0000][7][gc,heap     ] GC(304) Survivor regions: 2->2(9)
[2023-11-16T06:06:11.627+0000][7][gc,heap     ] GC(304) Old regions: 31->31
[2023-11-16T06:06:11.627+0000][7][gc,heap     ] GC(304) Archive regions: 2->2
[2023-11-16T06:06:11.627+0000][7][gc,heap     ] GC(304) Humongous regions: 5->5
[2023-11-16T06:06:11.627+0000][7][gc,metaspace] GC(304) Metaspace: 119912K(121600K)->119912K(121600K) NonClass: 104057K(105024K)->104057K(105024K) Class: 15854K(16576K)->15854K(16576K)
[2023-11-16T06:06:11.627+0000][7][gc          ] GC(304) Pause Young (Normal) (G1 Evacuation Pause) 410M->150M(512M) 3.105ms
[2023-11-16T06:06:11.627+0000][7][gc,cpu      ] GC(304) User=0.02s Sys=0.00s Real=0.00s
[2023-11-16T06:06:11.627+0000][7][safepoint   ] Safepoint "G1CollectForAllocation", Time since last: 221280137 ns, Reaching safepoint: 76297 ns, At safepoint: 3178347 ns, Total: 3254644 ns
[2023-11-16T06:06:12.627+0000][7][safepoint   ] Safepoint "Cleanup", Time since last: 1000095202 ns, Reaching safepoint: 50241 ns, At safepoint: 4370 ns, Total: 54611 ns
[2023-11-16T06:06:14.627+0000][7][safepoint   ] Safepoint "Cleanup", Time since last: 2000194298 ns, Reaching safepoint: 80513 ns, At safepoint: 5338 ns, Total: 85851 ns
[2023-11-16T06:06:15.627+0000][7][safepoint   ] Safepoint "Cleanup", Time since last: 1000081876 ns, Reaching safepoint: 69959 ns, At safepoint: 22378 ns, Total: 92337 ns
[2023-11-16T06:06:16.628+0000][7][safepoint   ] Safepoint "Cleanup", Time since last: 1000129961 ns, Reaching safepoint: 66083 ns, At safepoint: 8242 ns, Total: 74325 ns
[2023-11-16T06:06:16.929+0000][7][gc,start    ] GC(305) Pause Young (Normal) (G1 Evacuation Pause)
[2023-11-16T06:06:16.929+0000][7][gc,task     ] GC(305) Using 8 workers of 8 for evacuation
[2023-11-16T06:06:16.929+0000][7][gc,age      ] GC(305) Desired survivor size 18874368 bytes, new threshold 15 (max threshold 15)
[2023-11-16T06:06:16.931+0000][7][gc,age      ] GC(305) Age table with threshold 15 (max threshold 15)
[2023-11-16T06:06:16.931+0000][7][gc,age      ] GC(305) - age   1:    2167304 bytes,    2167304 total
[2023-11-16T06:06:16.931+0000][7][gc,age      ] GC(305) - age   2:     410432 bytes,    2577736 total
[2023-11-16T06:06:16.931+0000][7][gc,age      ] GC(305) - age   3:     550192 bytes,    3127928 total
[2023-11-16T06:06:16.931+0000][7][gc,age      ] GC(305) - age   4:     360824 bytes,    3488752 total
[2023-11-16T06:06:16.931+0000][7][gc,age      ] GC(305) - age   5:     184360 bytes,    3673112 total
[2023-11-16T06:06:16.931+0000][7][gc,age      ] GC(305) - age   6:      80168 bytes,    3753280 total
[2023-11-16T06:06:16.931+0000][7][gc,age      ] GC(305) - age   7:     248016 bytes,    4001296 total
[2023-11-16T06:06:16.931+0000][7][gc,age      ] GC(305) - age   8:      87296 bytes,    4088592 total
[2023-11-16T06:06:16.931+0000][7][gc,age      ] GC(305) - age   9:     135344 bytes,    4223936 total
[2023-11-16T06:06:16.931+0000][7][gc,age      ] GC(305) - age  10:        664 bytes,    4224600 total
[2023-11-16T06:06:16.931+0000][7][gc,age      ] GC(305) - age  11:     128808 bytes,    4353408 total
[2023-11-16T06:06:16.931+0000][7][gc,age      ] GC(305) - age  12:        480 bytes,    4353888 total
[2023-11-16T06:06:16.931+0000][7][gc,age      ] GC(305) - age  13:        752 bytes,    4354640 total
[2023-11-16T06:06:16.931+0000][7][gc,age      ] GC(305) - age  14:        504 bytes,    4355144 total
[2023-11-16T06:06:16.931+0000][7][gc,age      ] GC(305) - age  15:        776 bytes,    4355920 total
[2023-11-16T06:06:16.932+0000][7][gc,phases   ] GC(305)   Pre Evacuate Collection Set: 0.1ms
[2023-11-16T06:06:16.932+0000][7][gc,phases   ] GC(305)   Merge Heap Roots: 0.0ms
[2023-11-16T06:06:16.932+0000][7][gc,phases   ] GC(305)   Evacuate Collection Set: 1.9ms
[2023-11-16T06:06:16.932+0000][7][gc,phases   ] GC(305)   Post Evacuate Collection Set: 0.5ms
[2023-11-16T06:06:16.932+0000][7][gc,phases   ] GC(305)   Other: 0.2ms
[2023-11-16T06:06:16.932+0000][7][gc,heap     ] GC(305) Eden regions: 65->0(65)
[2023-11-16T06:06:16.932+0000][7][gc,heap     ] GC(305) Survivor regions: 2->2(9)
[2023-11-16T06:06:16.932+0000][7][gc,heap     ] GC(305) Old regions: 31->31
[2023-11-16T06:06:16.932+0000][7][gc,heap     ] GC(305) Archive regions: 2->2
[2023-11-16T06:06:16.932+0000][7][gc,heap     ] GC(305) Humongous regions: 5->5
[2023-11-16T06:06:16.932+0000][7][gc,metaspace] GC(305) Metaspace: 119912K(121600K)->119912K(121600K) NonClass: 104057K(105024K)->104057K(105024K) Class: 15854K(16576K)->15854K(16576K)
[2023-11-16T06:06:16.932+0000][7][gc          ] GC(305) Pause Young (Normal) (G1 Evacuation Pause) 410M->150M(512M) 2.847ms
[2023-11-16T06:06:16.932+0000][7][gc,cpu      ] GC(305) User=0.01s Sys=0.00s Real=0.00s
[2023-11-16T06:06:16.932+0000][7][safepoint   ] Safepoint "G1CollectForAllocation", Time since last: 301032925 ns, Reaching safepoint: 34911 ns, At safepoint: 2933690 ns, Total: 2968601 ns
[2023-11-16T06:06:19.932+0000][7][safepoint   ] Safepoint "Cleanup", Time since last: 3000201782 ns, Reaching safepoint: 57595 ns, At safepoint: 4722 ns, Total: 62317 ns
[2023-11-16T06:06:22.932+0000][7][safepoint   ] Safepoint "Cleanup", Time since last: 3000294123 ns, Reaching safepoint: 98035 ns, At safepoint: 5327 ns, Total: 103362 ns
[2023-11-16T06:06:25.545+0000][7][gc,start    ] GC(306) Pause Young (Normal) (G1 Evacuation Pause)
[2023-11-16T06:06:25.545+0000][7][gc,task     ] GC(306) Using 8 workers of 8 for evacuation
[2023-11-16T06:06:25.545+0000][7][gc,age      ] GC(306) Desired survivor size 18874368 bytes, new threshold 15 (max threshold 15)
[2023-11-16T06:06:25.548+0000][7][gc,age      ] GC(306) Age table with threshold 15 (max threshold 15)
[2023-11-16T06:06:25.548+0000][7][gc,age      ] GC(306) - age   1:    1947120 bytes,    1947120 total
[2023-11-16T06:06:25.548+0000][7][gc,age      ] GC(306) - age   2:     576584 bytes,    2523704 total
[2023-11-16T06:06:25.548+0000][7][gc,age      ] GC(306) - age   3:     167248 bytes,    2690952 total
[2023-11-16T06:06:25.548+0000][7][gc,age      ] GC(306) - age   4:     249888 bytes,    2940840 total
[2023-11-16T06:06:25.548+0000][7][gc,age      ] GC(306) - age   5:     352184 bytes,    3293024 total
[2023-11-16T06:06:25.548+0000][7][gc,age      ] GC(306) - age   6:     184200 bytes,    3477224 total
[2023-11-16T06:06:25.548+0000][7][gc,age      ] GC(306) - age   7:      80008 bytes,    3557232 total
[2023-11-16T06:06:25.548+0000][7][gc,age      ] GC(306) - age   8:     247920 bytes,    3805152 total
[2023-11-16T06:06:25.548+0000][7][gc,age      ] GC(306) - age   9:      52744 bytes,    3857896 total
[2023-11-16T06:06:25.548+0000][7][gc,age      ] GC(306) - age  10:      34184 bytes,    3892080 total
[2023-11-16T06:06:25.548+0000][7][gc,age      ] GC(306) - age  11:        568 bytes,    3892648 total
[2023-11-16T06:06:25.548+0000][7][gc,age      ] GC(306) - age  12:     128808 bytes,    4021456 total
[2023-11-16T06:06:25.548+0000][7][gc,age      ] GC(306) - age  13:        480 bytes,    4021936 total
[2023-11-16T06:06:25.548+0000][7][gc,age      ] GC(306) - age  14:        752 bytes,    4022688 total
[2023-11-16T06:06:25.548+0000][7][gc,age      ] GC(306) - age  15:        504 bytes,    4023192 total
[2023-11-16T06:06:25.548+0000][7][gc,phases   ] GC(306)   Pre Evacuate Collection Set: 0.2ms
[2023-11-16T06:06:25.548+0000][7][gc,phases   ] GC(306)   Merge Heap Roots: 0.1ms
[2023-11-16T06:06:25.548+0000][7][gc,phases   ] GC(306)   Evacuate Collection Set: 2.2ms
[2023-11-16T06:06:25.548+0000][7][gc,phases   ] GC(306)   Post Evacuate Collection Set: 0.5ms
[2023-11-16T06:06:25.548+0000][7][gc,phases   ] GC(306)   Other: 0.3ms
[2023-11-16T06:06:25.548+0000][7][gc,heap     ] GC(306) Eden regions: 65->0(65)
[2023-11-16T06:06:25.548+0000][7][gc,heap     ] GC(306) Survivor regions: 2->2(9)
[2023-11-16T06:06:25.548+0000][7][gc,heap     ] GC(306) Old regions: 31->31
[2023-11-16T06:06:25.548+0000][7][gc,heap     ] GC(306) Archive regions: 2->2
[2023-11-16T06:06:25.548+0000][7][gc,heap     ] GC(306) Humongous regions: 5->5
[2023-11-16T06:06:25.548+0000][7][gc,metaspace] GC(306) Metaspace: 119912K(121600K)->119912K(121600K) NonClass: 104057K(105024K)->104057K(105024K) Class: 15854K(16576K)->15854K(16576K)
[2023-11-16T06:06:25.548+0000][7][gc          ] GC(306) Pause Young (Normal) (G1 Evacuation Pause) 410M->149M(512M) 3.274ms
[2023-11-16T06:06:25.548+0000][7][gc,cpu      ] GC(306) User=0.01s Sys=0.00s Real=0.00s
[2023-11-16T06:06:25.548+0000][7][safepoint   ] Safepoint "G1CollectForAllocation", Time since last: 2612139684 ns, Reaching safepoint: 77037 ns, At safepoint: 3344428 ns, Total: 3421465 ns
[2023-11-16T06:06:27.692+0000][7][safepoint   ] Safepoint "Cleanup", Time since last: 2144165084 ns, Reaching safepoint: 100510 ns, At safepoint: 7944 ns, Total: 108454 ns
[2023-11-16T06:06:30.613+0000][7][safepoint   ] Safepoint "Cleanup", Time since last: 2921111559 ns, Reaching safepoint: 64695 ns, At safepoint: 3630 ns, Total: 68325 ns
[2023-11-16T06:06:31.633+0000][7][safepoint   ] Safepoint "Cleanup", Time since last: 1019977259 ns, Reaching safepoint: 154200 ns, At safepoint: 8195 ns, Total: 162395 ns
[2023-11-16T06:06:33.583+0000][7][gc,start    ] GC(307) Pause Young (Normal) (G1 Evacuation Pause)
[2023-11-16T06:06:33.583+0000][7][gc,task     ] GC(307) Using 8 workers of 8 for evacuation
[2023-11-16T06:06:33.583+0000][7][gc,age      ] GC(307) Desired survivor size 18874368 bytes, new threshold 15 (max threshold 15)
[2023-11-16T06:06:33.586+0000][7][gc,age      ] GC(307) Age table with threshold 15 (max threshold 15)
[2023-11-16T06:06:33.586+0000][7][gc,age      ] GC(307) - age   1:    1436904 bytes,    1436904 total
[2023-11-16T06:06:33.586+0000][7][gc,age      ] GC(307) - age   2:     346424 bytes,    1783328 total
[2023-11-16T06:06:33.586+0000][7][gc,age      ] GC(307) - age   3:     475432 bytes,    2258760 total
[2023-11-16T06:06:33.586+0000][7][gc,age      ] GC(307) - age   4:     165696 bytes,    2424456 total
[2023-11-16T06:06:33.586+0000][7][gc,age      ] GC(307) - age   5:     246848 bytes,    2671304 total
[2023-11-16T06:06:33.586+0000][7][gc,age      ] GC(307) - age   6:     239896 bytes,    2911200 total
[2023-11-16T06:06:33.586+0000][7][gc,age      ] GC(307) - age   7:      43616 bytes,    2954816 total
[2023-11-16T06:06:33.586+0000][7][gc,age      ] GC(307) - age   8:      78576 bytes,    3033392 total
[2023-11-16T06:06:33.586+0000][7][gc,age      ] GC(307) - age   9:     247808 bytes,    3281200 total
[2023-11-16T06:06:33.586+0000][7][gc,age      ] GC(307) - age  10:      52432 bytes,    3333632 total
[2023-11-16T06:06:33.586+0000][7][gc,age      ] GC(307) - age  11:      33336 bytes,    3366968 total
[2023-11-16T06:06:33.586+0000][7][gc,age      ] GC(307) - age  12:        568 bytes,    3367536 total
[2023-11-16T06:06:33.586+0000][7][gc,age      ] GC(307) - age  13:     128744 bytes,    3496280 total
[2023-11-16T06:06:33.586+0000][7][gc,age      ] GC(307) - age  14:        480 bytes,    3496760 total
[2023-11-16T06:06:33.586+0000][7][gc,age      ] GC(307) - age  15:        560 bytes,    3497320 total
[2023-11-16T06:06:33.586+0000][7][gc,phases   ] GC(307)   Pre Evacuate Collection Set: 0.1ms
[2023-11-16T06:06:33.586+0000][7][gc,phases   ] GC(307)   Merge Heap Roots: 0.0ms
[2023-11-16T06:06:33.586+0000][7][gc,phases   ] GC(307)   Evacuate Collection Set: 1.9ms
[2023-11-16T06:06:33.586+0000][7][gc,phases   ] GC(307)   Post Evacuate Collection Set: 0.5ms
[2023-11-16T06:06:33.586+0000][7][gc,phases   ] GC(307)   Other: 0.3ms
[2023-11-16T06:06:33.586+0000][7][gc,heap     ] GC(307) Eden regions: 65->0(67)
[2023-11-16T06:06:33.586+0000][7][gc,heap     ] GC(307) Survivor regions: 2->1(9)
[2023-11-16T06:06:33.586+0000][7][gc,heap     ] GC(307) Old regions: 31->31
[2023-11-16T06:06:33.586+0000][7][gc,heap     ] GC(307) Archive regions: 2->2
[2023-11-16T06:06:33.586+0000][7][gc,heap     ] GC(307) Humongous regions: 5->5
[2023-11-16T06:06:33.586+0000][7][gc,metaspace] GC(307) Metaspace: 120004K(121728K)->120004K(121728K) NonClass: 104137K(105088K)->104137K(105088K) Class: 15866K(16640K)->15866K(16640K)
[2023-11-16T06:06:33.586+0000][7][gc          ] GC(307) Pause Young (Normal) (G1 Evacuation Pause) 409M->149M(512M) 2.856ms
[2023-11-16T06:06:33.586+0000][7][gc,cpu      ] GC(307) User=0.01s Sys=0.00s Real=0.00s
[2023-11-16T06:06:33.586+0000][7][safepoint   ] Safepoint "G1CollectForAllocation", Time since last: 1949815512 ns, Reaching safepoint: 30085 ns, At safepoint: 2950846 ns, Total: 2980931 ns
[2023-11-16T06:06:35.587+0000][7][safepoint   ] Safepoint "Cleanup", Time since last: 2000360555 ns, Reaching safepoint: 138218 ns, At safepoint: 6880 ns, Total: 145098 ns
[2023-11-16T06:06:36.587+0000][7][safepoint   ] Safepoint "Cleanup", Time since last: 1000403502 ns, Reaching safepoint: 102268 ns, At safepoint: 8825 ns, Total: 111093 ns
[2023-11-16T06:06:39.588+0000][7][safepoint   ] Safepoint "Cleanup", Time since last: 3000297974 ns, Reaching safepoint: 56898 ns, At safepoint: 6686 ns, Total: 63584 ns
[2023-11-16T06:06:40.666+0000][7][gc,start    ] GC(308) Pause Young (Normal) (G1 Evacuation Pause)
[2023-11-16T06:06:40.666+0000][7][gc,task     ] GC(308) Using 8 workers of 8 for evacuation
[2023-11-16T06:06:40.666+0000][7][gc,age      ] GC(308) Desired survivor size 18874368 bytes, new threshold 15 (max threshold 15)
[2023-11-16T06:06:40.670+0000][7][gc,age      ] GC(308) Age table with threshold 15 (max threshold 15)
[2023-11-16T06:06:40.670+0000][7][gc,age      ] GC(308) - age   1:    2956168 bytes,    2956168 total
[2023-11-16T06:06:40.670+0000][7][gc,age      ] GC(308) - age   2:     666512 bytes,    3622680 total
[2023-11-16T06:06:40.670+0000][7][gc,age      ] GC(308) - age   3:     318080 bytes,    3940760 total
[2023-11-16T06:06:40.670+0000][7][gc,age      ] GC(308) - age   4:     474640 bytes,    4415400 total
[2023-11-16T06:06:40.670+0000][7][gc,age      ] GC(308) - age   5:     165304 bytes,    4580704 total
[2023-11-16T06:06:40.670+0000][7][gc,age      ] GC(308) - age   6:     246312 bytes,    4827016 total
[2023-11-16T06:06:40.670+0000][7][gc,age      ] GC(308) - age   7:     239816 bytes,    5066832 total
[2023-11-16T06:06:40.670+0000][7][gc,age      ] GC(308) - age   8:      43240 bytes,    5110072 total
[2023-11-16T06:06:40.670+0000][7][gc,age      ] GC(308) - age   9:      78168 bytes,    5188240 total
[2023-11-16T06:06:40.670+0000][7][gc,age      ] GC(308) - age  10:     231176 bytes,    5419416 total
[2023-11-16T06:06:40.670+0000][7][gc,age      ] GC(308) - age  11:      52176 bytes,    5471592 total
[2023-11-16T06:06:40.670+0000][7][gc,age      ] GC(308) - age  12:      33208 bytes,    5504800 total
[2023-11-16T06:06:40.670+0000][7][gc,age      ] GC(308) - age  13:        568 bytes,    5505368 total
[2023-11-16T06:06:40.670+0000][7][gc,age      ] GC(308) - age  14:     128744 bytes,    5634112 total
[2023-11-16T06:06:40.670+0000][7][gc,age      ] GC(308) - age  15:        480 bytes,    5634592 total
[2023-11-16T06:06:40.670+0000][7][gc,phases   ] GC(308)   Pre Evacuate Collection Set: 0.1ms
[2023-11-16T06:06:40.670+0000][7][gc,phases   ] GC(308)   Merge Heap Roots: 0.0ms
[2023-11-16T06:06:40.670+0000][7][gc,phases   ] GC(308)   Evacuate Collection Set: 2.7ms
[2023-11-16T06:06:40.670+0000][7][gc,phases   ] GC(308)   Post Evacuate Collection Set: 0.8ms
[2023-11-16T06:06:40.670+0000][7][gc,phases   ] GC(308)   Other: 0.3ms
[2023-11-16T06:06:40.670+0000][7][gc,heap     ] GC(308) Eden regions: 67->0(65)
[2023-11-16T06:06:40.670+0000][7][gc,heap     ] GC(308) Survivor regions: 1->2(9)
[2023-11-16T06:06:40.670+0000][7][gc,heap     ] GC(308) Old regions: 31->31
[2023-11-16T06:06:40.670+0000][7][gc,heap     ] GC(308) Archive regions: 2->2
[2023-11-16T06:06:40.670+0000][7][gc,heap     ] GC(308) Humongous regions: 5->5
[2023-11-16T06:06:40.670+0000][7][gc,metaspace] GC(308) Metaspace: 120009K(121728K)->120009K(121728K) NonClass: 104143K(105088K)->104143K(105088K) Class: 15866K(16640K)->15866K(16640K)
[2023-11-16T06:06:40.670+0000][7][gc          ] GC(308) Pause Young (Normal) (G1 Evacuation Pause) 417M->151M(512M) 3.984ms
[2023-11-16T06:06:40.670+0000][7][gc,cpu      ] GC(308) User=0.02s Sys=0.00s Real=0.01s
[2023-11-16T06:06:40.670+0000][7][safepoint   ] Safepoint "G1CollectForAllocation", Time since last: 1078340117 ns, Reaching safepoint: 81633 ns, At safepoint: 4106506 ns, Total: 4188139 ns
[2023-11-16T06:06:45.887+0000][7][gc,start    ] GC(309) Pause Young (Normal) (G1 Evacuation Pause)
[2023-11-16T06:06:45.887+0000][7][gc,task     ] GC(309) Using 8 workers of 8 for evacuation
[2023-11-16T06:06:45.887+0000][7][gc,age      ] GC(309) Desired survivor size 18874368 bytes, new threshold 15 (max threshold 15)
[2023-11-16T06:06:45.893+0000][7][gc,age      ] GC(309) Age table with threshold 15 (max threshold 15)
[2023-11-16T06:06:45.893+0000][7][gc,age      ] GC(309) - age   1:    5140360 bytes,    5140360 total
[2023-11-16T06:06:45.893+0000][7][gc,age      ] GC(309) - age   2:     632456 bytes,    5772816 total
[2023-11-16T06:06:45.893+0000][7][gc,age      ] GC(309) - age   3:     565296 bytes,    6338112 total
[2023-11-16T06:06:45.893+0000][7][gc,age      ] GC(309) - age   4:     317984 bytes,    6656096 total
[2023-11-16T06:06:45.893+0000][7][gc,age      ] GC(309) - age   5:     474608 bytes,    7130704 total
[2023-11-16T06:06:45.893+0000][7][gc,age      ] GC(309) - age   6:     165304 bytes,    7296008 total
[2023-11-16T06:06:45.893+0000][7][gc,age      ] GC(309) - age   7:     120496 bytes,    7416504 total
[2023-11-16T06:06:45.893+0000][7][gc,age      ] GC(309) - age   8:     221424 bytes,    7637928 total
[2023-11-16T06:06:45.893+0000][7][gc,age      ] GC(309) - age   9:      43176 bytes,    7681104 total
[2023-11-16T06:06:45.893+0000][7][gc,age      ] GC(309) - age  10:      77912 bytes,    7759016 total
[2023-11-16T06:06:45.893+0000][7][gc,age      ] GC(309) - age  11:     230792 bytes,    7989808 total
[2023-11-16T06:06:45.893+0000][7][gc,age      ] GC(309) - age  12:      52112 bytes,    8041920 total
[2023-11-16T06:06:45.893+0000][7][gc,age      ] GC(309) - age  13:      33208 bytes,    8075128 total
[2023-11-16T06:06:45.893+0000][7][gc,age      ] GC(309) - age  14:        568 bytes,    8075696 total
[2023-11-16T06:06:45.893+0000][7][gc,age      ] GC(309) - age  15:     128744 bytes,    8204440 total
[2023-11-16T06:06:45.893+0000][7][gc,phases   ] GC(309)   Pre Evacuate Collection Set: 0.1ms
[2023-11-16T06:06:45.893+0000][7][gc,phases   ] GC(309)   Merge Heap Roots: 0.1ms
[2023-11-16T06:06:45.893+0000][7][gc,phases   ] GC(309)   Evacuate Collection Set: 5.4ms
[2023-11-16T06:06:45.893+0000][7][gc,phases   ] GC(309)   Post Evacuate Collection Set: 0.7ms
[2023-11-16T06:06:45.893+0000][7][gc,phases   ] GC(309)   Other: 0.4ms
[2023-11-16T06:06:45.893+0000][7][gc,heap     ] GC(309) Eden regions: 65->0(64)
[2023-11-16T06:06:45.893+0000][7][gc,heap     ] GC(309) Survivor regions: 2->3(9)
[2023-11-16T06:06:45.893+0000][7][gc,heap     ] GC(309) Old regions: 31->31
[2023-11-16T06:06:45.893+0000][7][gc,heap     ] GC(309) Archive regions: 2->2
[2023-11-16T06:06:45.893+0000][7][gc,heap     ] GC(309) Humongous regions: 5->5
[2023-11-16T06:06:45.893+0000][7][gc,metaspace] GC(309) Metaspace: 120013K(121792K)->120013K(121792K) NonClass: 104146K(105152K)->104146K(105152K) Class: 15866K(16640K)->15866K(16640K)
[2023-11-16T06:06:45.893+0000][7][gc          ] GC(309) Pause Young (Normal) (G1 Evacuation Pause) 411M->153M(512M) 6.686ms
[2023-11-16T06:06:45.893+0000][7][gc,cpu      ] GC(309) User=0.04s Sys=0.00s Real=0.01s
[2023-11-16T06:06:45.893+0000][7][safepoint   ] Safepoint "G1CollectForAllocation", Time since last: 5216374188 ns, Reaching safepoint: 118108 ns, At safepoint: 6844059 ns, Total: 6962167 ns
[2023-11-16T06:06:46.894+0000][7][safepoint   ] Safepoint "Cleanup", Time since last: 1000085507 ns, Reaching safepoint: 52804 ns, At safepoint: 4092 ns, Total: 56896 ns
[2023-11-16T06:06:47.894+0000][7][safepoint   ] Safepoint "Cleanup", Time since last: 1000152730 ns, Reaching safepoint: 85031 ns, At safepoint: 4954 ns, Total: 89985 ns
[2023-11-16T06:06:48.894+0000][7][safepoint   ] Safepoint "Cleanup", Time since last: 1000390649 ns, Reaching safepoint: 35156 ns, At safepoint: 53515 ns, Total: 88671 ns
[2023-11-16T06:06:50.039+0000][7][gc,start    ] GC(310) Pause Young (Normal) (G1 Evacuation Pause)
[2023-11-16T06:06:50.039+0000][7][gc,task     ] GC(310) Using 8 workers of 8 for evacuation
[2023-11-16T06:06:50.039+0000][7][gc,age      ] GC(310) Desired survivor size 18874368 bytes, new threshold 15 (max threshold 15)
[2023-11-16T06:06:50.053+0000][7][gc,age      ] GC(310) Age table with threshold 15 (max threshold 15)
[2023-11-16T06:06:50.053+0000][7][gc,age      ] GC(310) - age   1:    2478224 bytes,    2478224 total
[2023-11-16T06:06:50.053+0000][7][gc,age      ] GC(310) - age   2:     891312 bytes,    3369536 total
[2023-11-16T06:06:50.053+0000][7][gc,age      ] GC(310) - age   3:     166040 bytes,    3535576 total
[2023-11-16T06:06:50.053+0000][7][gc,age      ] GC(310) - age   4:     355320 bytes,    3890896 total
[2023-11-16T06:06:50.053+0000][7][gc,age      ] GC(310) - age   5:     223080 bytes,    4113976 total
[2023-11-16T06:06:50.053+0000][7][gc,age      ] GC(310) - age   6:     473888 bytes,    4587864 total
[2023-11-16T06:06:50.053+0000][7][gc,age      ] GC(310) - age   7:     143640 bytes,    4731504 total
[2023-11-16T06:06:50.053+0000][7][gc,age      ] GC(310) - age   8:        920 bytes,    4732424 total
[2023-11-16T06:06:50.053+0000][7][gc,age      ] GC(310) - age   9:      61168 bytes,    4793592 total
[2023-11-16T06:06:50.053+0000][7][gc,age      ] GC(310) - age  10:      42896 bytes,    4836488 total
[2023-11-16T06:06:50.053+0000][7][gc,age      ] GC(310) - age  11:      39472 bytes,    4875960 total
[2023-11-16T06:06:50.053+0000][7][gc,age      ] GC(310) - age  12:     230792 bytes,    5106752 total
[2023-11-16T06:06:50.053+0000][7][gc,age      ] GC(310) - age  13:      52112 bytes,    5158864 total
[2023-11-16T06:06:50.053+0000][7][gc,age      ] GC(310) - age  14:      33208 bytes,    5192072 total
[2023-11-16T06:06:50.053+0000][7][gc,age      ] GC(310) - age  15:        568 bytes,    5192640 total
[2023-11-16T06:06:50.053+0000][7][gc,phases   ] GC(310)   Pre Evacuate Collection Set: 0.1ms
[2023-11-16T06:06:50.053+0000][7][gc,phases   ] GC(310)   Merge Heap Roots: 0.0ms
[2023-11-16T06:06:50.053+0000][7][gc,phases   ] GC(310)   Evacuate Collection Set: 12.7ms
[2023-11-16T06:06:50.053+0000][7][gc,phases   ] GC(310)   Post Evacuate Collection Set: 0.7ms
[2023-11-16T06:06:50.053+0000][7][gc,phases   ] GC(310)   Other: 0.3ms
[2023-11-16T06:06:50.053+0000][7][gc,heap     ] GC(310) Eden regions: 64->0(65)
[2023-11-16T06:06:50.053+0000][7][gc,heap     ] GC(310) Survivor regions: 3->2(9)
[2023-11-16T06:06:50.053+0000][7][gc,heap     ] GC(310) Old regions: 31->31
[2023-11-16T06:06:50.053+0000][7][gc,heap     ] GC(310) Archive regions: 2->2
[2023-11-16T06:06:50.053+0000][7][gc,heap     ] GC(310) Humongous regions: 5->5
[2023-11-16T06:06:50.053+0000][7][gc,metaspace] GC(310) Metaspace: 120016K(121792K)->120016K(121792K) NonClass: 104149K(105152K)->104149K(105152K) Class: 15866K(16640K)->15866K(16640K)
[2023-11-16T06:06:50.053+0000][7][gc          ] GC(310) Pause Young (Normal) (G1 Evacuation Pause) 409M->151M(512M) 13.856ms
[2023-11-16T06:06:50.053+0000][7][gc,cpu      ] GC(310) User=0.04s Sys=0.01s Real=0.01s
[2023-11-16T06:06:50.053+0000][7][safepoint   ] Safepoint "G1CollectForAllocation", Time since last: 1144589576 ns, Reaching safepoint: 88229 ns, At safepoint: 13962678 ns, Total: 14050907 ns
[2023-11-16T06:06:52.053+0000][7][safepoint   ] Safepoint "Cleanup", Time since last: 2000336114 ns, Reaching safepoint: 171027 ns, At safepoint: 10122 ns, Total: 181149 ns
[2023-11-16T06:06:53.054+0000][7][safepoint   ] Safepoint "Cleanup", Time since last: 1000113347 ns, Reaching safepoint: 54926 ns, At safepoint: 5050 ns, Total: 59976 ns
[2023-11-16T06:06:55.054+0000][7][safepoint   ] Safepoint "Cleanup", Time since last: 2000454479 ns, Reaching safepoint: 78144 ns, At safepoint: 4419 ns, Total: 82563 ns
[2023-11-16T06:06:56.784+0000][7][gc,start    ] GC(311) Pause Young (Normal) (G1 Evacuation Pause)
[2023-11-16T06:06:56.784+0000][7][gc,task     ] GC(311) Using 8 workers of 8 for evacuation
[2023-11-16T06:06:56.784+0000][7][gc,age      ] GC(311) Desired survivor size 18874368 bytes, new threshold 15 (max threshold 15)
[2023-11-16T06:06:56.789+0000][7][gc,age      ] GC(311) Age table with threshold 15 (max threshold 15)
[2023-11-16T06:06:56.789+0000][7][gc,age      ] GC(311) - age   1:    2681752 bytes,    2681752 total
[2023-11-16T06:06:56.789+0000][7][gc,age      ] GC(311) - age   2:     528680 bytes,    3210432 total
[2023-11-16T06:06:56.789+0000][7][gc,age      ] GC(311) - age   3:     139672 bytes,    3350104 total
[2023-11-16T06:06:56.789+0000][7][gc,age      ] GC(311) - age   4:      54608 bytes,    3404712 total
[2023-11-16T06:06:56.789+0000][7][gc,age      ] GC(311) - age   5:     147192 bytes,    3551904 total
[2023-11-16T06:06:56.789+0000][7][gc,age      ] GC(311) - age   6:     117888 bytes,    3669792 total
[2023-11-16T06:06:56.789+0000][7][gc,age      ] GC(311) - age   7:     183800 bytes,    3853592 total
[2023-11-16T06:06:56.789+0000][7][gc,age      ] GC(311) - age   8:     143352 bytes,    3996944 total
[2023-11-16T06:06:56.789+0000][7][gc,age      ] GC(311) - age   9:        728 bytes,    3997672 total
[2023-11-16T06:06:56.789+0000][7][gc,age      ] GC(311) - age  10:      60352 bytes,    4058024 total
[2023-11-16T06:06:56.789+0000][7][gc,age      ] GC(311) - age  11:      31168 bytes,    4089192 total
[2023-11-16T06:06:56.789+0000][7][gc,age      ] GC(311) - age  12:      39472 bytes,    4128664 total
[2023-11-16T06:06:56.789+0000][7][gc,age      ] GC(311) - age  13:     230792 bytes,    4359456 total
[2023-11-16T06:06:56.789+0000][7][gc,age      ] GC(311) - age  14:      52112 bytes,    4411568 total
[2023-11-16T06:06:56.789+0000][7][gc,age      ] GC(311) - age  15:      29040 bytes,    4440608 total
[2023-11-16T06:06:56.789+0000][7][gc,phases   ] GC(311)   Pre Evacuate Collection Set: 0.1ms
[2023-11-16T06:06:56.789+0000][7][gc,phases   ] GC(311)   Merge Heap Roots: 0.1ms
[2023-11-16T06:06:56.789+0000][7][gc,phases   ] GC(311)   Evacuate Collection Set: 4.2ms
[2023-11-16T06:06:56.789+0000][7][gc,phases   ] GC(311)   Post Evacuate Collection Set: 0.6ms
[2023-11-16T06:06:56.789+0000][7][gc,phases   ] GC(311)   Other: 0.3ms
[2023-11-16T06:06:56.789+0000][7][gc,heap     ] GC(311) Eden regions: 65->0(65)
[2023-11-16T06:06:56.789+0000][7][gc,heap     ] GC(311) Survivor regions: 2->2(9)
[2023-11-16T06:06:56.789+0000][7][gc,heap     ] GC(311) Old regions: 31->31
[2023-11-16T06:06:56.789+0000][7][gc,heap     ] GC(311) Archive regions: 2->2
[2023-11-16T06:06:56.789+0000][7][gc,heap     ] GC(311) Humongous regions: 5->5
[2023-11-16T06:06:56.789+0000][7][gc,metaspace] GC(311) Metaspace: 120018K(121792K)->120018K(121792K) NonClass: 104151K(105152K)->104151K(105152K) Class: 15866K(16640K)->15866K(16640K)
[2023-11-16T06:06:56.789+0000][7][gc          ] GC(311) Pause Young (Normal) (G1 Evacuation Pause) 411M->150M(512M) 5.296ms
[2023-11-16T06:06:56.789+0000][7][gc,cpu      ] GC(311) User=0.01s Sys=0.00s Real=0.01s
[2023-11-16T06:06:56.789+0000][7][safepoint   ] Safepoint "G1CollectForAllocation", Time since last: 1729421737 ns, Reaching safepoint: 45608 ns, At safepoint: 5390251 ns, Total: 5435859 ns
[2023-11-16T06:06:58.789+0000][7][safepoint   ] Safepoint "Cleanup", Time since last: 2000166251 ns, Reaching safepoint: 92307 ns, At safepoint: 9146 ns, Total: 101453 ns
[2023-11-16T06:06:58.877+0000][7][gc,start    ] GC(312) Pause Young (Normal) (G1 Evacuation Pause)
[2023-11-16T06:06:58.877+0000][7][gc,task     ] GC(312) Using 8 workers of 8 for evacuation
[2023-11-16T06:06:58.877+0000][7][gc,age      ] GC(312) Desired survivor size 18874368 bytes, new threshold 15 (max threshold 15)
[2023-11-16T06:06:58.886+0000][7][gc,age      ] GC(312) Age table with threshold 15 (max threshold 15)
[2023-11-16T06:06:58.886+0000][7][gc,age      ] GC(312) - age   1:    2399984 bytes,    2399984 total
[2023-11-16T06:06:58.886+0000][7][gc,age      ] GC(312) - age   2:    1458640 bytes,    3858624 total
[2023-11-16T06:06:58.886+0000][7][gc,age      ] GC(312) - age   3:     424088 bytes,    4282712 total
[2023-11-16T06:06:58.886+0000][7][gc,age      ] GC(312) - age   4:     139296 bytes,    4422008 total
[2023-11-16T06:06:58.886+0000][7][gc,age      ] GC(312) - age   5:      54232 bytes,    4476240 total
[2023-11-16T06:06:58.886+0000][7][gc,age      ] GC(312) - age   6:     143536 bytes,    4619776 total
[2023-11-16T06:06:58.886+0000][7][gc,age      ] GC(312) - age   7:     117824 bytes,    4737600 total
[2023-11-16T06:06:58.886+0000][7][gc,age      ] GC(312) - age   8:     183672 bytes,    4921272 total
[2023-11-16T06:06:58.886+0000][7][gc,age      ] GC(312) - age   9:     143352 bytes,    5064624 total
[2023-11-16T06:06:58.886+0000][7][gc,age      ] GC(312) - age  10:        728 bytes,    5065352 total
[2023-11-16T06:06:58.886+0000][7][gc,age      ] GC(312) - age  11:      60040 bytes,    5125392 total
[2023-11-16T06:06:58.886+0000][7][gc,age      ] GC(312) - age  12:      31168 bytes,    5156560 total
[2023-11-16T06:06:58.886+0000][7][gc,age      ] GC(312) - age  13:      39472 bytes,    5196032 total
[2023-11-16T06:06:58.886+0000][7][gc,age      ] GC(312) - age  14:     230792 bytes,    5426824 total
[2023-11-16T06:06:58.886+0000][7][gc,age      ] GC(312) - age  15:      52112 bytes,    5478936 total
[2023-11-16T06:06:58.886+0000][7][gc,phases   ] GC(312)   Pre Evacuate Collection Set: 0.1ms
[2023-11-16T06:06:58.886+0000][7][gc,phases   ] GC(312)   Merge Heap Roots: 0.0ms
[2023-11-16T06:06:58.886+0000][7][gc,phases   ] GC(312)   Evacuate Collection Set: 8.5ms
[2023-11-16T06:06:58.886+0000][7][gc,phases   ] GC(312)   Post Evacuate Collection Set: 0.7ms
[2023-11-16T06:06:58.886+0000][7][gc,phases   ] GC(312)   Other: 0.3ms
[2023-11-16T06:06:58.886+0000][7][gc,heap     ] GC(312) Eden regions: 65->0(65)
[2023-11-16T06:06:58.886+0000][7][gc,heap     ] GC(312) Survivor regions: 2->2(9)
[2023-11-16T06:06:58.886+0000][7][gc,heap     ] GC(312) Old regions: 31->31
[2023-11-16T06:06:58.886+0000][7][gc,heap     ] GC(312) Archive regions: 2->2
[2023-11-16T06:06:58.886+0000][7][gc,heap     ] GC(312) Humongous regions: 5->5
[2023-11-16T06:06:58.886+0000][7][gc,metaspace] GC(312) Metaspace: 120021K(121792K)->120021K(121792K) NonClass: 104155K(105152K)->104155K(105152K) Class: 15866K(16640K)->15866K(16640K)
[2023-11-16T06:06:58.887+0000][7][gc          ] GC(312) Pause Young (Normal) (G1 Evacuation Pause) 410M->151M(512M) 9.799ms
[2023-11-16T06:06:58.887+0000][7][gc,cpu      ] GC(312) User=0.02s Sys=0.01s Real=0.01s
[2023-11-16T06:06:58.887+0000][7][safepoint   ] Safepoint "G1CollectForAllocation", Time since last: 87303636 ns, Reaching safepoint: 62721 ns, At safepoint: 9884651 ns, Total: 9947372 ns
[2023-11-16T06:06:59.887+0000][7][safepoint   ] Safepoint "Cleanup", Time since last: 1000076697 ns, Reaching safepoint: 99826 ns, At safepoint: 9412 ns, Total: 109238 ns
[2023-11-16T06:07:05.871+0000][7][gc,start    ] GC(313) Pause Young (Normal) (G1 Evacuation Pause)
[2023-11-16T06:07:05.871+0000][7][gc,task     ] GC(313) Using 8 workers of 8 for evacuation
[2023-11-16T06:07:05.871+0000][7][gc,age      ] GC(313) Desired survivor size 18874368 bytes, new threshold 15 (max threshold 15)
[2023-11-16T06:07:05.874+0000][7][gc,age      ] GC(313) Age table with threshold 15 (max threshold 15)
[2023-11-16T06:07:05.874+0000][7][gc,age      ] GC(313) - age   1:    2172960 bytes,    2172960 total
[2023-11-16T06:07:05.874+0000][7][gc,age      ] GC(313) - age   2:     485728 bytes,    2658688 total
[2023-11-16T06:07:05.874+0000][7][gc,age      ] GC(313) - age   3:     663320 bytes,    3322008 total
[2023-11-16T06:07:05.874+0000][7][gc,age      ] GC(313) - age   4:     423000 bytes,    3745008 total
[2023-11-16T06:07:05.874+0000][7][gc,age      ] GC(313) - age   5:     139104 bytes,    3884112 total
[2023-11-16T06:07:05.874+0000][7][gc,age      ] GC(313) - age   6:      54008 bytes,    3938120 total
[2023-11-16T06:07:05.874+0000][7][gc,age      ] GC(313) - age   7:     142616 bytes,    4080736 total
[2023-11-16T06:07:05.874+0000][7][gc,age      ] GC(313) - age   8:     117480 bytes,    4198216 total
[2023-11-16T06:07:05.874+0000][7][gc,age      ] GC(313) - age   9:     183432 bytes,    4381648 total
[2023-11-16T06:07:05.874+0000][7][gc,age      ] GC(313) - age  10:      15344 bytes,    4396992 total
[2023-11-16T06:07:05.874+0000][7][gc,age      ] GC(313) - age  11:        600 bytes,    4397592 total
[2023-11-16T06:07:05.874+0000][7][gc,age      ] GC(313) - age  12:      60008 bytes,    4457600 total
[2023-11-16T06:07:05.874+0000][7][gc,age      ] GC(313) - age  13:      31168 bytes,    4488768 total
[2023-11-16T06:07:05.874+0000][7][gc,age      ] GC(313) - age  14:      39472 bytes,    4528240 total
[2023-11-16T06:07:05.874+0000][7][gc,age      ] GC(313) - age  15:     230728 bytes,    4758968 total
[2023-11-16T06:07:05.874+0000][7][gc,phases   ] GC(313)   Pre Evacuate Collection Set: 0.1ms
[2023-11-16T06:07:05.874+0000][7][gc,phases   ] GC(313)   Merge Heap Roots: 0.0ms
[2023-11-16T06:07:05.874+0000][7][gc,phases   ] GC(313)   Evacuate Collection Set: 2.4ms
[2023-11-16T06:07:05.874+0000][7][gc,phases   ] GC(313)   Post Evacuate Collection Set: 0.5ms
[2023-11-16T06:07:05.874+0000][7][gc,phases   ] GC(313)   Other: 0.3ms
[2023-11-16T06:07:05.874+0000][7][gc,heap     ] GC(313) Eden regions: 65->0(65)
[2023-11-16T06:07:05.874+0000][7][gc,heap     ] GC(313) Survivor regions: 2->2(9)
[2023-11-16T06:07:05.874+0000][7][gc,heap     ] GC(313) Old regions: 31->31
[2023-11-16T06:07:05.874+0000][7][gc,heap     ] GC(313) Archive regions: 2->2
[2023-11-16T06:07:05.874+0000][7][gc,heap     ] GC(313) Humongous regions: 5->5
[2023-11-16T06:07:05.874+0000][7][gc,metaspace] GC(313) Metaspace: 120021K(121792K)->120021K(121792K) NonClass: 104155K(105152K)->104155K(105152K) Class: 15866K(16640K)->15866K(16640K)
[2023-11-16T06:07:05.874+0000][7][gc          ] GC(313) Pause Young (Normal) (G1 Evacuation Pause) 411M->150M(512M) 3.356ms
[2023-11-16T06:07:05.874+0000][7][gc,cpu      ] GC(313) User=0.01s Sys=0.00s Real=0.00s
[2023-11-16T06:07:05.874+0000][7][safepoint   ] Safepoint "G1CollectForAllocation", Time since last: 5984048451 ns, Reaching safepoint: 75925 ns, At safepoint: 3414069 ns, Total: 3489994 ns
[2023-11-16T06:07:08.875+0000][7][safepoint   ] Safepoint "Cleanup", Time since last: 3000226095 ns, Reaching safepoint: 74459 ns, At safepoint: 8842 ns, Total: 83301 ns
[2023-11-16T06:07:12.034+0000][7][gc,start    ] GC(314) Pause Young (Normal) (G1 Evacuation Pause)
[2023-11-16T06:07:12.034+0000][7][gc,task     ] GC(314) Using 8 workers of 8 for evacuation
[2023-11-16T06:07:12.034+0000][7][gc,age      ] GC(314) Desired survivor size 18874368 bytes, new threshold 15 (max threshold 15)
[2023-11-16T06:07:12.037+0000][7][gc,age      ] GC(314) Age table with threshold 15 (max threshold 15)
[2023-11-16T06:07:12.037+0000][7][gc,age      ] GC(314) - age   1:    1508520 bytes,    1508520 total
[2023-11-16T06:07:12.037+0000][7][gc,age      ] GC(314) - age   2:    1039632 bytes,    2548152 total
[2023-11-16T06:07:12.037+0000][7][gc,age      ] GC(314) - age   3:     466272 bytes,    3014424 total
[2023-11-16T06:07:12.037+0000][7][gc,age      ] GC(314) - age   4:     662416 bytes,    3676840 total
[2023-11-16T06:07:12.037+0000][7][gc,age      ] GC(314) - age   5:     408936 bytes,    4085776 total
[2023-11-16T06:07:12.037+0000][7][gc,age      ] GC(314) - age   6:      12488 bytes,    4098264 total
[2023-11-16T06:07:12.037+0000][7][gc,age      ] GC(314) - age   7:      52448 bytes,    4150712 total
[2023-11-16T06:07:12.037+0000][7][gc,age      ] GC(314) - age   8:     142592 bytes,    4293304 total
[2023-11-16T06:07:12.037+0000][7][gc,age      ] GC(314) - age   9:     117480 bytes,    4410784 total
[2023-11-16T06:07:12.037+0000][7][gc,age      ] GC(314) - age  10:     183368 bytes,    4594152 total
[2023-11-16T06:07:12.037+0000][7][gc,age      ] GC(314) - age  11:      15216 bytes,    4609368 total
[2023-11-16T06:07:12.037+0000][7][gc,age      ] GC(314) - age  12:        568 bytes,    4609936 total
[2023-11-16T06:07:12.037+0000][7][gc,age      ] GC(314) - age  13:      60008 bytes,    4669944 total
[2023-11-16T06:07:12.037+0000][7][gc,age      ] GC(314) - age  14:      31168 bytes,    4701112 total
[2023-11-16T06:07:12.037+0000][7][gc,age      ] GC(314) - age  15:      39472 bytes,    4740584 total
[2023-11-16T06:07:12.037+0000][7][gc,phases   ] GC(314)   Pre Evacuate Collection Set: 0.1ms
[2023-11-16T06:07:12.037+0000][7][gc,phases   ] GC(314)   Merge Heap Roots: 0.1ms
[2023-11-16T06:07:12.037+0000][7][gc,phases   ] GC(314)   Evacuate Collection Set: 2.2ms
[2023-11-16T06:07:12.037+0000][7][gc,phases   ] GC(314)   Post Evacuate Collection Set: 0.6ms
[2023-11-16T06:07:12.037+0000][7][gc,phases   ] GC(314)   Other: 0.2ms
[2023-11-16T06:07:12.037+0000][7][gc,heap     ] GC(314) Eden regions: 65->0(65)
[2023-11-16T06:07:12.037+0000][7][gc,heap     ] GC(314) Survivor regions: 2->2(9)
[2023-11-16T06:07:12.037+0000][7][gc,heap     ] GC(314) Old regions: 31->31
[2023-11-16T06:07:12.037+0000][7][gc,heap     ] GC(314) Archive regions: 2->2
[2023-11-16T06:07:12.037+0000][7][gc,heap     ] GC(314) Humongous regions: 5->5
[2023-11-16T06:07:12.037+0000][7][gc,metaspace] GC(314) Metaspace: 120026K(121792K)->120026K(121792K) NonClass: 104159K(105152K)->104159K(105152K) Class: 15866K(16640K)->15866K(16640K)
[2023-11-16T06:07:12.037+0000][7][gc          ] GC(314) Pause Young (Normal) (G1 Evacuation Pause) 410M->151M(512M) 3.274ms
[2023-11-16T06:07:12.037+0000][7][gc,cpu      ] GC(314) User=0.02s Sys=0.00s Real=0.00s
[2023-11-16T06:07:12.037+0000][7][safepoint   ] Safepoint "G1CollectForAllocation", Time since last: 3159241494 ns, Reaching safepoint: 63902 ns, At safepoint: 3345533 ns, Total: 3409435 ns
[2023-11-16T06:07:15.038+0000][7][safepoint   ] Safepoint "Cleanup", Time since last: 3000321404 ns, Reaching safepoint: 67357 ns, At safepoint: 5847 ns, Total: 73204 ns
[2023-11-16T06:07:17.038+0000][7][safepoint   ] Safepoint "Cleanup", Time since last: 2000243737 ns, Reaching safepoint: 76726 ns, At safepoint: 6875 ns, Total: 83601 ns
[2023-11-16T06:07:17.970+0000][7][gc,start    ] GC(315) Pause Young (Normal) (G1 Evacuation Pause)
[2023-11-16T06:07:17.970+0000][7][gc,task     ] GC(315) Using 8 workers of 8 for evacuation
[2023-11-16T06:07:17.970+0000][7][gc,age      ] GC(315) Desired survivor size 18874368 bytes, new threshold 15 (max threshold 15)
[2023-11-16T06:07:17.973+0000][7][gc,age      ] GC(315) Age table with threshold 15 (max threshold 15)
[2023-11-16T06:07:17.973+0000][7][gc,age      ] GC(315) - age   1:    1321104 bytes,    1321104 total
[2023-11-16T06:07:17.973+0000][7][gc,age      ] GC(315) - age   2:     547208 bytes,    1868312 total
[2023-11-16T06:07:17.973+0000][7][gc,age      ] GC(315) - age   3:     723160 bytes,    2591472 total
[2023-11-16T06:07:17.973+0000][7][gc,age      ] GC(315) - age   4:     349472 bytes,    2940944 total
[2023-11-16T06:07:17.973+0000][7][gc,age      ] GC(315) - age   5:     460880 bytes,    3401824 total
[2023-11-16T06:07:17.973+0000][7][gc,age      ] GC(315) - age   6:     408632 bytes,    3810456 total
[2023-11-16T06:07:17.973+0000][7][gc,age      ] GC(315) - age   7:      12264 bytes,    3822720 total
[2023-11-16T06:07:17.973+0000][7][gc,age      ] GC(315) - age   8:      52384 bytes,    3875104 total
[2023-11-16T06:07:17.973+0000][7][gc,age      ] GC(315) - age   9:     142464 bytes,    4017568 total
[2023-11-16T06:07:17.973+0000][7][gc,age      ] GC(315) - age  10:        568 bytes,    4018136 total
[2023-11-16T06:07:17.973+0000][7][gc,age      ] GC(315) - age  11:     183368 bytes,    4201504 total
[2023-11-16T06:07:17.973+0000][7][gc,age      ] GC(315) - age  12:      15120 bytes,    4216624 total
[2023-11-16T06:07:17.973+0000][7][gc,age      ] GC(315) - age  13:        504 bytes,    4217128 total
[2023-11-16T06:07:17.973+0000][7][gc,age      ] GC(315) - age  14:      60008 bytes,    4277136 total
[2023-11-16T06:07:17.973+0000][7][gc,age      ] GC(315) - age  15:      31168 bytes,    4308304 total
[2023-11-16T06:07:17.973+0000][7][gc,phases   ] GC(315)   Pre Evacuate Collection Set: 0.1ms
[2023-11-16T06:07:17.973+0000][7][gc,phases   ] GC(315)   Merge Heap Roots: 0.1ms
[2023-11-16T06:07:17.973+0000][7][gc,phases   ] GC(315)   Evacuate Collection Set: 1.9ms
[2023-11-16T06:07:17.973+0000][7][gc,phases   ] GC(315)   Post Evacuate Collection Set: 0.7ms
[2023-11-16T06:07:17.973+0000][7][gc,phases   ] GC(315)   Other: 0.3ms
[2023-11-16T06:07:17.973+0000][7][gc,heap     ] GC(315) Eden regions: 65->0(66)
[2023-11-16T06:07:17.973+0000][7][gc,heap     ] GC(315) Survivor regions: 2->2(9)
[2023-11-16T06:07:17.973+0000][7][gc,heap     ] GC(315) Old regions: 31->31
[2023-11-16T06:07:17.973+0000][7][gc,heap     ] GC(315) Archive regions: 2->2
[2023-11-16T06:07:17.973+0000][7][gc,heap     ] GC(315) Humongous regions: 5->5
[2023-11-16T06:07:17.973+0000][7][gc,metaspace] GC(315) Metaspace: 120026K(121792K)->120026K(121792K) NonClass: 104159K(105152K)->104159K(105152K) Class: 15866K(16640K)->15866K(16640K)
[2023-11-16T06:07:17.973+0000][7][gc          ] GC(315) Pause Young (Normal) (G1 Evacuation Pause) 411M->150M(512M) 3.119ms
[2023-11-16T06:07:17.973+0000][7][gc,cpu      ] GC(315) User=0.02s Sys=0.00s Real=0.00s
[2023-11-16T06:07:17.973+0000][7][safepoint   ] Safepoint "G1CollectForAllocation", Time since last: 932232538 ns, Reaching safepoint: 86272 ns, At safepoint: 3184966 ns, Total: 3271238 ns
[2023-11-16T06:07:19.974+0000][7][safepoint   ] Safepoint "Cleanup", Time since last: 2000235759 ns, Reaching safepoint: 61086 ns, At safepoint: 4517 ns, Total: 65603 ns
[2023-11-16T06:07:21.974+0000][7][safepoint   ] Safepoint "Cleanup", Time since last: 2000415430 ns, Reaching safepoint: 86187 ns, At safepoint: 10714 ns, Total: 96901 ns
[2023-11-16T06:07:22.009+0000][7][gc,start    ] GC(316) Pause Young (Normal) (G1 Evacuation Pause)
[2023-11-16T06:07:22.009+0000][7][gc,task     ] GC(316) Using 8 workers of 8 for evacuation
[2023-11-16T06:07:22.009+0000][7][gc,age      ] GC(316) Desired survivor size 18874368 bytes, new threshold 15 (max threshold 15)
[2023-11-16T06:07:22.012+0000][7][gc,age      ] GC(316) Age table with threshold 15 (max threshold 15)
[2023-11-16T06:07:22.012+0000][7][gc,age      ] GC(316) - age   1:    2405016 bytes,    2405016 total
[2023-11-16T06:07:22.012+0000][7][gc,age      ] GC(316) - age   2:     214472 bytes,    2619488 total
[2023-11-16T06:07:22.012+0000][7][gc,age      ] GC(316) - age   3:     129872 bytes,    2749360 total
[2023-11-16T06:07:22.012+0000][7][gc,age      ] GC(316) - age   4:     544320 bytes,    3293680 total
[2023-11-16T06:07:22.012+0000][7][gc,age      ] GC(316) - age   5:     329680 bytes,    3623360 total
[2023-11-16T06:07:22.012+0000][7][gc,age      ] GC(316) - age   6:     309304 bytes,    3932664 total
[2023-11-16T06:07:22.012+0000][7][gc,age      ] GC(316) - age   7:     390008 bytes,    4322672 total
[2023-11-16T06:07:22.012+0000][7][gc,age      ] GC(316) - age   8:      12168 bytes,    4334840 total
[2023-11-16T06:07:22.012+0000][7][gc,age      ] GC(316) - age   9:      52112 bytes,    4386952 total
[2023-11-16T06:07:22.012+0000][7][gc,age      ] GC(316) - age  10:     142184 bytes,    4529136 total
[2023-11-16T06:07:22.012+0000][7][gc,age      ] GC(316) - age  11:        472 bytes,    4529608 total
[2023-11-16T06:07:22.012+0000][7][gc,age      ] GC(316) - age  12:     182000 bytes,    4711608 total
[2023-11-16T06:07:22.012+0000][7][gc,age      ] GC(316) - age  13:      14880 bytes,    4726488 total
[2023-11-16T06:07:22.012+0000][7][gc,age      ] GC(316) - age  14:        504 bytes,    4726992 total
[2023-11-16T06:07:22.012+0000][7][gc,age      ] GC(316) - age  15:      60008 bytes,    4787000 total
[2023-11-16T06:07:22.012+0000][7][gc,phases   ] GC(316)   Pre Evacuate Collection Set: 0.1ms
[2023-11-16T06:07:22.012+0000][7][gc,phases   ] GC(316)   Merge Heap Roots: 0.0ms
[2023-11-16T06:07:22.012+0000][7][gc,phases   ] GC(316)   Evacuate Collection Set: 2.1ms
[2023-11-16T06:07:22.012+0000][7][gc,phases   ] GC(316)   Post Evacuate Collection Set: 0.6ms
[2023-11-16T06:07:22.012+0000][7][gc,phases   ] GC(316)   Other: 0.3ms
[2023-11-16T06:07:22.012+0000][7][gc,heap     ] GC(316) Eden regions: 66->0(65)
[2023-11-16T06:07:22.012+0000][7][gc,heap     ] GC(316) Survivor regions: 2->2(9)
[2023-11-16T06:07:22.012+0000][7][gc,heap     ] GC(316) Old regions: 31->31
[2023-11-16T06:07:22.012+0000][7][gc,heap     ] GC(316) Archive regions: 2->2
[2023-11-16T06:07:22.012+0000][7][gc,heap     ] GC(316) Humongous regions: 5->5
[2023-11-16T06:07:22.012+0000][7][gc,metaspace] GC(316) Metaspace: 120029K(121792K)->120029K(121792K) NonClass: 104162K(105152K)->104162K(105152K) Class: 15866K(16640K)->15866K(16640K)
[2023-11-16T06:07:22.012+0000][7][gc          ] GC(316) Pause Young (Normal) (G1 Evacuation Pause) 414M->151M(512M) 3.159ms
[2023-11-16T06:07:22.012+0000][7][gc,cpu      ] GC(316) User=0.02s Sys=0.00s Real=0.00s
[2023-11-16T06:07:22.012+0000][7][safepoint   ] Safepoint "G1CollectForAllocation", Time since last: 34677726 ns, Reaching safepoint: 29859 ns, At safepoint: 3260178 ns, Total: 3290037 ns
[2023-11-16T06:07:23.013+0000][7][safepoint   ] Safepoint "Cleanup", Time since last: 1000080304 ns, Reaching safepoint: 168917 ns, At safepoint: 10017 ns, Total: 178934 ns
[2023-11-16T06:07:27.115+0000][7][gc,start    ] GC(317) Pause Young (Normal) (G1 Evacuation Pause)
[2023-11-16T06:07:27.115+0000][7][gc,task     ] GC(317) Using 8 workers of 8 for evacuation
[2023-11-16T06:07:27.115+0000][7][gc,age      ] GC(317) Desired survivor size 18874368 bytes, new threshold 15 (max threshold 15)
[2023-11-16T06:07:27.118+0000][7][gc,age      ] GC(317) Age table with threshold 15 (max threshold 15)
[2023-11-16T06:07:27.118+0000][7][gc,age      ] GC(317) - age   1:    1830944 bytes,    1830944 total
[2023-11-16T06:07:27.118+0000][7][gc,age      ] GC(317) - age   2:     963872 bytes,    2794816 total
[2023-11-16T06:07:27.118+0000][7][gc,age      ] GC(317) - age   3:     197040 bytes,    2991856 total
[2023-11-16T06:07:27.118+0000][7][gc,age      ] GC(317) - age   4:     128704 bytes,    3120560 total
[2023-11-16T06:07:27.118+0000][7][gc,age      ] GC(317) - age   5:     308960 bytes,    3429520 total
[2023-11-16T06:07:27.118+0000][7][gc,age      ] GC(317) - age   6:     311936 bytes,    3741456 total
[2023-11-16T06:07:27.118+0000][7][gc,age      ] GC(317) - age   7:     297104 bytes,    4038560 total
[2023-11-16T06:07:27.118+0000][7][gc,age      ] GC(317) - age   8:     390008 bytes,    4428568 total
[2023-11-16T06:07:27.118+0000][7][gc,age      ] GC(317) - age   9:      12168 bytes,    4440736 total
[2023-11-16T06:07:27.118+0000][7][gc,age      ] GC(317) - age  10:      52112 bytes,    4492848 total
[2023-11-16T06:07:27.118+0000][7][gc,age      ] GC(317) - age  11:     141576 bytes,    4634424 total
[2023-11-16T06:07:27.118+0000][7][gc,age      ] GC(317) - age  12:        408 bytes,    4634832 total
[2023-11-16T06:07:27.118+0000][7][gc,age      ] GC(317) - age  13:     143528 bytes,    4778360 total
[2023-11-16T06:07:27.118+0000][7][gc,age      ] GC(317) - age  14:      14880 bytes,    4793240 total
[2023-11-16T06:07:27.118+0000][7][gc,age      ] GC(317) - age  15:        504 bytes,    4793744 total
[2023-11-16T06:07:27.118+0000][7][gc,phases   ] GC(317)   Pre Evacuate Collection Set: 0.1ms
[2023-11-16T06:07:27.118+0000][7][gc,phases   ] GC(317)   Merge Heap Roots: 0.1ms
[2023-11-16T06:07:27.118+0000][7][gc,phases   ] GC(317)   Evacuate Collection Set: 2.5ms
[2023-11-16T06:07:27.118+0000][7][gc,phases   ] GC(317)   Post Evacuate Collection Set: 0.4ms
[2023-11-16T06:07:27.118+0000][7][gc,phases   ] GC(317)   Other: 0.2ms
[2023-11-16T06:07:27.118+0000][7][gc,heap     ] GC(317) Eden regions: 65->0(66)
[2023-11-16T06:07:27.118+0000][7][gc,heap     ] GC(317) Survivor regions: 2->2(9)
[2023-11-16T06:07:27.118+0000][7][gc,heap     ] GC(317) Old regions: 31->31
[2023-11-16T06:07:27.118+0000][7][gc,heap     ] GC(317) Archive regions: 2->2
[2023-11-16T06:07:27.118+0000][7][gc,heap     ] GC(317) Humongous regions: 5->5
[2023-11-16T06:07:27.118+0000][7][gc,metaspace] GC(317) Metaspace: 120037K(121856K)->120037K(121856K) NonClass: 104170K(105216K)->104170K(105216K) Class: 15866K(16640K)->15866K(16640K)
[2023-11-16T06:07:27.118+0000][7][gc          ] GC(317) Pause Young (Normal) (G1 Evacuation Pause) 411M->151M(512M) 3.412ms
[2023-11-16T06:07:27.118+0000][7][gc,cpu      ] GC(317) User=0.01s Sys=0.00s Real=0.00s
[2023-11-16T06:07:27.118+0000][7][safepoint   ] Safepoint "G1CollectForAllocation", Time since last: 4102300409 ns, Reaching safepoint: 77920 ns, At safepoint: 3491254 ns, Total: 3569174 ns
[2023-11-16T06:07:29.119+0000][7][safepoint   ] Safepoint "Cleanup", Time since last: 2000305307 ns, Reaching safepoint: 66837 ns, At safepoint: 4344 ns, Total: 71181 ns
[2023-11-16T06:07:35.094+0000][7][gc,start    ] GC(318) Pause Young (Normal) (G1 Evacuation Pause)
[2023-11-16T06:07:35.094+0000][7][gc,task     ] GC(318) Using 8 workers of 8 for evacuation
[2023-11-16T06:07:35.094+0000][7][gc,age      ] GC(318) Desired survivor size 18874368 bytes, new threshold 15 (max threshold 15)
[2023-11-16T06:07:35.097+0000][7][gc,age      ] GC(318) Age table with threshold 15 (max threshold 15)
[2023-11-16T06:07:35.097+0000][7][gc,age      ] GC(318) - age   1:    2486336 bytes,    2486336 total
[2023-11-16T06:07:35.097+0000][7][gc,age      ] GC(318) - age   2:    1158992 bytes,    3645328 total
[2023-11-16T06:07:35.097+0000][7][gc,age      ] GC(318) - age   3:     961672 bytes,    4607000 total
[2023-11-16T06:07:35.097+0000][7][gc,age      ] GC(318) - age   4:     196880 bytes,    4803880 total
[2023-11-16T06:07:35.097+0000][7][gc,age      ] GC(318) - age   5:     128568 bytes,    4932448 total
[2023-11-16T06:07:35.097+0000][7][gc,age      ] GC(318) - age   6:     308008 bytes,    5240456 total
[2023-11-16T06:07:35.097+0000][7][gc,age      ] GC(318) - age   7:     308344 bytes,    5548800 total
[2023-11-16T06:07:35.097+0000][7][gc,age      ] GC(318) - age   8:     297040 bytes,    5845840 total
[2023-11-16T06:07:35.097+0000][7][gc,age      ] GC(318) - age   9:     389816 bytes,    6235656 total
[2023-11-16T06:07:35.097+0000][7][gc,age      ] GC(318) - age  10:      12104 bytes,    6247760 total
[2023-11-16T06:07:35.097+0000][7][gc,age      ] GC(318) - age  11:      51984 bytes,    6299744 total
[2023-11-16T06:07:35.097+0000][7][gc,age      ] GC(318) - age  12:     141392 bytes,    6441136 total
[2023-11-16T06:07:35.097+0000][7][gc,age      ] GC(318) - age  13:        344 bytes,    6441480 total
[2023-11-16T06:07:35.097+0000][7][gc,age      ] GC(318) - age  14:     143528 bytes,    6585008 total
[2023-11-16T06:07:35.097+0000][7][gc,age      ] GC(318) - age  15:      14880 bytes,    6599888 total
[2023-11-16T06:07:35.097+0000][7][gc,phases   ] GC(318)   Pre Evacuate Collection Set: 0.1ms
[2023-11-16T06:07:35.097+0000][7][gc,phases   ] GC(318)   Merge Heap Roots: 0.0ms
[2023-11-16T06:07:35.097+0000][7][gc,phases   ] GC(318)   Evacuate Collection Set: 2.5ms
[2023-11-16T06:07:35.097+0000][7][gc,phases   ] GC(318)   Post Evacuate Collection Set: 0.6ms
[2023-11-16T06:07:35.097+0000][7][gc,phases   ] GC(318)   Other: 0.3ms
[2023-11-16T06:07:35.097+0000][7][gc,heap     ] GC(318) Eden regions: 66->0(65)
[2023-11-16T06:07:35.097+0000][7][gc,heap     ] GC(318) Survivor regions: 2->2(9)
[2023-11-16T06:07:35.097+0000][7][gc,heap     ] GC(318) Old regions: 31->31
[2023-11-16T06:07:35.097+0000][7][gc,heap     ] GC(318) Archive regions: 2->2
[2023-11-16T06:07:35.097+0000][7][gc,heap     ] GC(318) Humongous regions: 5->5
[2023-11-16T06:07:35.097+0000][7][gc,metaspace] GC(318) Metaspace: 120037K(121856K)->120037K(121856K) NonClass: 104171K(105216K)->104171K(105216K) Class: 15866K(16640K)->15866K(16640K)
[2023-11-16T06:07:35.097+0000][7][gc          ] GC(318) Pause Young (Normal) (G1 Evacuation Pause) 415M->153M(512M) 3.560ms
[2023-11-16T06:07:35.097+0000][7][gc,cpu      ] GC(318) User=0.02s Sys=0.00s Real=0.00s
[2023-11-16T06:07:35.097+0000][7][safepoint   ] Safepoint "G1CollectForAllocation", Time since last: 5974942166 ns, Reaching safepoint: 39725 ns, At safepoint: 3660226 ns, Total: 3699951 ns
[2023-11-16T06:07:36.098+0000][7][safepoint   ] Safepoint "Cleanup", Time since last: 1000076361 ns, Reaching safepoint: 83984 ns, At safepoint: 6245 ns, Total: 90229 ns
[2023-11-16T06:07:41.173+0000][7][gc,start    ] GC(319) Pause Young (Normal) (G1 Evacuation Pause)
[2023-11-16T06:07:41.173+0000][7][gc,task     ] GC(319) Using 8 workers of 8 for evacuation
[2023-11-16T06:07:41.173+0000][7][gc,age      ] GC(319) Desired survivor size 18874368 bytes, new threshold 15 (max threshold 15)
[2023-11-16T06:07:41.176+0000][7][gc,age      ] GC(319) Age table with threshold 15 (max threshold 15)
[2023-11-16T06:07:41.176+0000][7][gc,age      ] GC(319) - age   1:    1720056 bytes,    1720056 total
[2023-11-16T06:07:41.176+0000][7][gc,age      ] GC(319) - age   2:      40984 bytes,    1761040 total
[2023-11-16T06:07:41.176+0000][7][gc,age      ] GC(319) - age   3:     772816 bytes,    2533856 total
[2023-11-16T06:07:41.176+0000][7][gc,age      ] GC(319) - age   4:     706584 bytes,    3240440 total
[2023-11-16T06:07:41.176+0000][7][gc,age      ] GC(319) - age   5:       2632 bytes,    3243072 total
[2023-11-16T06:07:41.176+0000][7][gc,age      ] GC(319) - age   6:     128368 bytes,    3371440 total
[2023-11-16T06:07:41.176+0000][7][gc,age      ] GC(319) - age   7:     307880 bytes,    3679320 total
[2023-11-16T06:07:41.176+0000][7][gc,age      ] GC(319) - age   8:     290352 bytes,    3969672 total
[2023-11-16T06:07:41.176+0000][7][gc,age      ] GC(319) - age   9:     296976 bytes,    4266648 total
[2023-11-16T06:07:41.176+0000][7][gc,age      ] GC(319) - age  10:     389816 bytes,    4656464 total
[2023-11-16T06:07:41.176+0000][7][gc,age      ] GC(319) - age  11:      12040 bytes,    4668504 total
[2023-11-16T06:07:41.176+0000][7][gc,age      ] GC(319) - age  12:      51712 bytes,    4720216 total
[2023-11-16T06:07:41.176+0000][7][gc,age      ] GC(319) - age  13:      13912 bytes,    4734128 total
[2023-11-16T06:07:41.176+0000][7][gc,age      ] GC(319) - age  14:        344 bytes,    4734472 total
[2023-11-16T06:07:41.176+0000][7][gc,age      ] GC(319) - age  15:     143464 bytes,    4877936 total
[2023-11-16T06:07:41.176+0000][7][gc,phases   ] GC(319)   Pre Evacuate Collection Set: 0.1ms
[2023-11-16T06:07:41.176+0000][7][gc,phases   ] GC(319)   Merge Heap Roots: 0.0ms
[2023-11-16T06:07:41.176+0000][7][gc,phases   ] GC(319)   Evacuate Collection Set: 2.1ms
[2023-11-16T06:07:41.176+0000][7][gc,phases   ] GC(319)   Post Evacuate Collection Set: 0.7ms
[2023-11-16T06:07:41.176+0000][7][gc,phases   ] GC(319)   Other: 0.3ms
[2023-11-16T06:07:41.176+0000][7][gc,heap     ] GC(319) Eden regions: 65->0(66)
[2023-11-16T06:07:41.176+0000][7][gc,heap     ] GC(319) Survivor regions: 2->2(9)
[2023-11-16T06:07:41.176+0000][7][gc,heap     ] GC(319) Old regions: 31->31
[2023-11-16T06:07:41.176+0000][7][gc,heap     ] GC(319) Archive regions: 2->2
[2023-11-16T06:07:41.176+0000][7][gc,heap     ] GC(319) Humongous regions: 5->5
[2023-11-16T06:07:41.176+0000][7][gc,metaspace] GC(319) Metaspace: 120037K(121856K)->120037K(121856K) NonClass: 104171K(105216K)->104171K(105216K) Class: 15866K(16640K)->15866K(16640K)
[2023-11-16T06:07:41.176+0000][7][gc          ] GC(319) Pause Young (Normal) (G1 Evacuation Pause) 413M->151M(512M) 3.258ms
[2023-11-16T06:07:41.176+0000][7][gc,cpu      ] GC(319) User=0.01s Sys=0.00s Real=0.00s
[2023-11-16T06:07:41.176+0000][7][safepoint   ] Safepoint "G1CollectForAllocation", Time since last: 5075242706 ns, Reaching safepoint: 28708 ns, At safepoint: 3377815 ns, Total: 3406523 ns
[2023-11-16T06:07:42.176+0000][7][safepoint   ] Safepoint "Cleanup", Time since last: 1000095838 ns, Reaching safepoint: 81876 ns, At safepoint: 27280 ns, Total: 109156 ns
[2023-11-16T06:07:44.177+0000][7][safepoint   ] Safepoint "Cleanup", Time since last: 2000243743 ns, Reaching safepoint: 92816 ns, At safepoint: 6865 ns, Total: 99681 ns
[2023-11-16T06:07:47.100+0000][7][gc,start    ] GC(320) Pause Young (Normal) (G1 Evacuation Pause)
[2023-11-16T06:07:47.100+0000][7][gc,task     ] GC(320) Using 8 workers of 8 for evacuation
[2023-11-16T06:07:47.100+0000][7][gc,age      ] GC(320) Desired survivor size 18874368 bytes, new threshold 15 (max threshold 15)
[2023-11-16T06:07:47.103+0000][7][gc,age      ] GC(320) Age table with threshold 15 (max threshold 15)
[2023-11-16T06:07:47.103+0000][7][gc,age      ] GC(320) - age   1:    2128704 bytes,    2128704 total
[2023-11-16T06:07:47.103+0000][7][gc,age      ] GC(320) - age   2:     492760 bytes,    2621464 total
[2023-11-16T06:07:47.103+0000][7][gc,age      ] GC(320) - age   3:       8424 bytes,    2629888 total
[2023-11-16T06:07:47.103+0000][7][gc,age      ] GC(320) - age   4:     352128 bytes,    2982016 total
[2023-11-16T06:07:47.103+0000][7][gc,age      ] GC(320) - age   5:     645040 bytes,    3627056 total
[2023-11-16T06:07:47.103+0000][7][gc,age      ] GC(320) - age   6:       2360 bytes,    3629416 total
[2023-11-16T06:07:47.103+0000][7][gc,age      ] GC(320) - age   7:        528 bytes,    3629944 total
[2023-11-16T06:07:47.103+0000][7][gc,age      ] GC(320) - age   8:     125536 bytes,    3755480 total
[2023-11-16T06:07:47.103+0000][7][gc,age      ] GC(320) - age   9:     290160 bytes,    4045640 total
[2023-11-16T06:07:47.103+0000][7][gc,age      ] GC(320) - age  10:     218320 bytes,    4263960 total
[2023-11-16T06:07:47.103+0000][7][gc,age      ] GC(320) - age  11:     389816 bytes,    4653776 total
[2023-11-16T06:07:47.103+0000][7][gc,age      ] GC(320) - age  12:      11720 bytes,    4665496 total
[2023-11-16T06:07:47.103+0000][7][gc,age      ] GC(320) - age  13:      51648 bytes,    4717144 total
[2023-11-16T06:07:47.103+0000][7][gc,age      ] GC(320) - age  14:      13912 bytes,    4731056 total
[2023-11-16T06:07:47.103+0000][7][gc,age      ] GC(320) - age  15:        280 bytes,    4731336 total
[2023-11-16T06:07:47.103+0000][7][gc,phases   ] GC(320)   Pre Evacuate Collection Set: 0.1ms
[2023-11-16T06:07:47.103+0000][7][gc,phases   ] GC(320)   Merge Heap Roots: 0.0ms
[2023-11-16T06:07:47.103+0000][7][gc,phases   ] GC(320)   Evacuate Collection Set: 2.1ms
[2023-11-16T06:07:47.103+0000][7][gc,phases   ] GC(320)   Post Evacuate Collection Set: 0.6ms
[2023-11-16T06:07:47.103+0000][7][gc,phases   ] GC(320)   Other: 0.2ms
[2023-11-16T06:07:47.103+0000][7][gc,heap     ] GC(320) Eden regions: 66->0(66)
[2023-11-16T06:07:47.103+0000][7][gc,heap     ] GC(320) Survivor regions: 2->2(9)
[2023-11-16T06:07:47.103+0000][7][gc,heap     ] GC(320) Old regions: 31->31
[2023-11-16T06:07:47.103+0000][7][gc,heap     ] GC(320) Archive regions: 2->2
[2023-11-16T06:07:47.103+0000][7][gc,heap     ] GC(320) Humongous regions: 5->5
[2023-11-16T06:07:47.103+0000][7][gc,metaspace] GC(320) Metaspace: 120037K(121856K)->120037K(121856K) NonClass: 104171K(105216K)->104171K(105216K) Class: 15866K(16640K)->15866K(16640K)
[2023-11-16T06:07:47.103+0000][7][gc          ] GC(320) Pause Young (Normal) (G1 Evacuation Pause) 415M->151M(512M) 3.026ms
[2023-11-16T06:07:47.103+0000][7][gc,cpu      ] GC(320) User=0.02s Sys=0.00s Real=0.00s
[2023-11-16T06:07:47.103+0000][7][safepoint   ] Safepoint "G1CollectForAllocation", Time since last: 2923020323 ns, Reaching safepoint: 45570 ns, At safepoint: 3099530 ns, Total: 3145100 ns
[2023-11-16T06:07:54.737+0000][7][gc,start    ] GC(321) Pause Young (Normal) (G1 Evacuation Pause)
[2023-11-16T06:07:54.737+0000][7][gc,task     ] GC(321) Using 8 workers of 8 for evacuation
[2023-11-16T06:07:54.737+0000][7][gc,age      ] GC(321) Desired survivor size 18874368 bytes, new threshold 15 (max threshold 15)
[2023-11-16T06:07:54.741+0000][7][gc,age      ] GC(321) Age table with threshold 15 (max threshold 15)
[2023-11-16T06:07:54.741+0000][7][gc,age      ] GC(321) - age   1:    3278624 bytes,    3278624 total
[2023-11-16T06:07:54.741+0000][7][gc,age      ] GC(321) - age   2:    1151808 bytes,    4430432 total
[2023-11-16T06:07:54.741+0000][7][gc,age      ] GC(321) - age   3:     491064 bytes,    4921496 total
[2023-11-16T06:07:54.741+0000][7][gc,age      ] GC(321) - age   4:       7096 bytes,    4928592 total
[2023-11-16T06:07:54.741+0000][7][gc,age      ] GC(321) - age   5:     237672 bytes,    5166264 total
[2023-11-16T06:07:54.741+0000][7][gc,age      ] GC(321) - age   6:     635336 bytes,    5801600 total
[2023-11-16T06:07:54.741+0000][7][gc,age      ] GC(321) - age   7:       2360 bytes,    5803960 total
[2023-11-16T06:07:54.741+0000][7][gc,age      ] GC(321) - age   8:        528 bytes,    5804488 total
[2023-11-16T06:07:54.741+0000][7][gc,age      ] GC(321) - age   9:     125440 bytes,    5929928 total
[2023-11-16T06:07:54.741+0000][7][gc,age      ] GC(321) - age  10:     280496 bytes,    6210424 total
[2023-11-16T06:07:54.741+0000][7][gc,age      ] GC(321) - age  11:     217952 bytes,    6428376 total
[2023-11-16T06:07:54.741+0000][7][gc,age      ] GC(321) - age  12:     388992 bytes,    6817368 total
[2023-11-16T06:07:54.741+0000][7][gc,age      ] GC(321) - age  13:      11720 bytes,    6829088 total
[2023-11-16T06:07:54.741+0000][7][gc,age      ] GC(321) - age  14:      51584 bytes,    6880672 total
[2023-11-16T06:07:54.741+0000][7][gc,age      ] GC(321) - age  15:      13760 bytes,    6894432 total
[2023-11-16T06:07:54.741+0000][7][gc,phases   ] GC(321)   Pre Evacuate Collection Set: 0.1ms
[2023-11-16T06:07:54.741+0000][7][gc,phases   ] GC(321)   Merge Heap Roots: 0.0ms
[2023-11-16T06:07:54.741+0000][7][gc,phases   ] GC(321)   Evacuate Collection Set: 3.2ms
[2023-11-16T06:07:54.741+0000][7][gc,phases   ] GC(321)   Post Evacuate Collection Set: 0.6ms
[2023-11-16T06:07:54.741+0000][7][gc,phases   ] GC(321)   Other: 0.3ms
[2023-11-16T06:07:54.741+0000][7][gc,heap     ] GC(321) Eden regions: 66->0(65)
[2023-11-16T06:07:54.741+0000][7][gc,heap     ] GC(321) Survivor regions: 2->2(9)
[2023-11-16T06:07:54.741+0000][7][gc,heap     ] GC(321) Old regions: 31->31
[2023-11-16T06:07:54.741+0000][7][gc,heap     ] GC(321) Archive regions: 2->2
[2023-11-16T06:07:54.741+0000][7][gc,heap     ] GC(321) Humongous regions: 5->5
[2023-11-16T06:07:54.741+0000][7][gc,metaspace] GC(321) Metaspace: 120159K(121920K)->120159K(121920K) NonClass: 104280K(105280K)->104280K(105280K) Class: 15879K(16640K)->15879K(16640K)
[2023-11-16T06:07:54.741+0000][7][gc          ] GC(321) Pause Young (Normal) (G1 Evacuation Pause) 415M->153M(512M) 4.412ms
[2023-11-16T06:07:54.741+0000][7][gc,cpu      ] GC(321) User=0.02s Sys=0.00s Real=0.01s
[2023-11-16T06:07:54.741+0000][7][safepoint   ] Safepoint "G1CollectForAllocation", Time since last: 7633599730 ns, Reaching safepoint: 140532 ns, At safepoint: 4511011 ns, Total: 4651543 ns
[2023-11-16T06:07:55.741+0000][7][safepoint   ] Safepoint "Cleanup", Time since last: 1000079439 ns, Reaching safepoint: 53604 ns, At safepoint: 6071 ns, Total: 59675 ns
[2023-11-16T06:07:56.742+0000][7][safepoint   ] Safepoint "Cleanup", Time since last: 1000105439 ns, Reaching safepoint: 66588 ns, At safepoint: 6785 ns, Total: 73373 ns
[2023-11-16T06:07:58.742+0000][7][safepoint   ] Safepoint "Cleanup", Time since last: 2000200774 ns, Reaching safepoint: 29596 ns, At safepoint: 23203 ns, Total: 52799 ns
[2023-11-16T06:07:59.743+0000][7][safepoint   ] Safepoint "Cleanup", Time since last: 1000244499 ns, Reaching safepoint: 823699 ns, At safepoint: 10032 ns, Total: 833731 ns
[2023-11-16T06:08:00.221+0000][7][gc,start    ] GC(322) Pause Young (Normal) (G1 Evacuation Pause)
[2023-11-16T06:08:00.221+0000][7][gc,task     ] GC(322) Using 8 workers of 8 for evacuation
[2023-11-16T06:08:00.221+0000][7][gc,age      ] GC(322) Desired survivor size 18874368 bytes, new threshold 15 (max threshold 15)
[2023-11-16T06:08:00.224+0000][7][gc,age      ] GC(322) Age table with threshold 15 (max threshold 15)
[2023-11-16T06:08:00.224+0000][7][gc,age      ] GC(322) - age   1:    1881560 bytes,    1881560 total
[2023-11-16T06:08:00.224+0000][7][gc,age      ] GC(322) - age   2:     579648 bytes,    2461208 total
[2023-11-16T06:08:00.224+0000][7][gc,age      ] GC(322) - age   3:     398760 bytes,    2859968 total
[2023-11-16T06:08:00.224+0000][7][gc,age      ] GC(322) - age   4:     490960 bytes,    3350928 total
[2023-11-16T06:08:00.224+0000][7][gc,age      ] GC(322) - age   5:       3216 bytes,    3354144 total
[2023-11-16T06:08:00.224+0000][7][gc,age      ] GC(322) - age   6:     231440 bytes,    3585584 total
[2023-11-16T06:08:00.224+0000][7][gc,age      ] GC(322) - age   7:     392152 bytes,    3977736 total
[2023-11-16T06:08:00.224+0000][7][gc,age      ] GC(322) - age   9:        400 bytes,    3978136 total
[2023-11-16T06:08:00.224+0000][7][gc,age      ] GC(322) - age  10:      16744 bytes,    3994880 total
[2023-11-16T06:08:00.224+0000][7][gc,age      ] GC(322) - age  11:     280368 bytes,    4275248 total
[2023-11-16T06:08:00.224+0000][7][gc,age      ] GC(322) - age  12:      69272 bytes,    4344520 total
[2023-11-16T06:08:00.224+0000][7][gc,age      ] GC(322) - age  13:     388992 bytes,    4733512 total
[2023-11-16T06:08:00.224+0000][7][gc,age      ] GC(322) - age  14:      11720 bytes,    4745232 total
[2023-11-16T06:08:00.224+0000][7][gc,age      ] GC(322) - age  15:      51584 bytes,    4796816 total
[2023-11-16T06:08:00.224+0000][7][gc,phases   ] GC(322)   Pre Evacuate Collection Set: 0.1ms
[2023-11-16T06:08:00.224+0000][7][gc,phases   ] GC(322)   Merge Heap Roots: 0.1ms
[2023-11-16T06:08:00.224+0000][7][gc,phases   ] GC(322)   Evacuate Collection Set: 2.5ms
[2023-11-16T06:08:00.224+0000][7][gc,phases   ] GC(322)   Post Evacuate Collection Set: 0.7ms
[2023-11-16T06:08:00.224+0000][7][gc,phases   ] GC(322)   Other: 0.2ms
[2023-11-16T06:08:00.224+0000][7][gc,heap     ] GC(322) Eden regions: 65->0(65)
[2023-11-16T06:08:00.224+0000][7][gc,heap     ] GC(322) Survivor regions: 2->2(9)
[2023-11-16T06:08:00.224+0000][7][gc,heap     ] GC(322) Old regions: 31->31
[2023-11-16T06:08:00.224+0000][7][gc,heap     ] GC(322) Archive regions: 2->2
[2023-11-16T06:08:00.224+0000][7][gc,heap     ] GC(322) Humongous regions: 5->5
[2023-11-16T06:08:00.224+0000][7][gc,metaspace] GC(322) Metaspace: 120160K(121920K)->120160K(121920K) NonClass: 104280K(105280K)->104280K(105280K) Class: 15879K(16640K)->15879K(16640K)
[2023-11-16T06:08:00.224+0000][7][gc          ] GC(322) Pause Young (Normal) (G1 Evacuation Pause) 413M->151M(512M) 3.668ms
[2023-11-16T06:08:00.224+0000][7][gc,cpu      ] GC(322) User=0.02s Sys=0.00s Real=0.00s
[2023-11-16T06:08:00.224+0000][7][safepoint   ] Safepoint "G1CollectForAllocation", Time since last: 477880274 ns, Reaching safepoint: 25181 ns, At safepoint: 3726662 ns, Total: 3751843 ns
[2023-11-16T06:08:02.225+0000][7][safepoint   ] Safepoint "Cleanup", Time since last: 2000158241 ns, Reaching safepoint: 50320 ns, At safepoint: 4851 ns, Total: 55171 ns
[2023-11-16T06:08:05.225+0000][7][safepoint   ] Safepoint "Cleanup", Time since last: 3000293304 ns, Reaching safepoint: 50352 ns, At safepoint: 14631 ns, Total: 64983 ns
[2023-11-16T06:08:06.043+0000][7][gc,start    ] GC(323) Pause Young (Normal) (G1 Evacuation Pause)
[2023-11-16T06:08:06.043+0000][7][gc,task     ] GC(323) Using 8 workers of 8 for evacuation
[2023-11-16T06:08:06.043+0000][7][gc,age      ] GC(323) Desired survivor size 18874368 bytes, new threshold 15 (max threshold 15)
[2023-11-16T06:08:06.046+0000][7][gc,age      ] GC(323) Age table with threshold 15 (max threshold 15)
[2023-11-16T06:08:06.046+0000][7][gc,age      ] GC(323) - age   1:    1115152 bytes,    1115152 total
[2023-11-16T06:08:06.046+0000][7][gc,age      ] GC(323) - age   2:     477872 bytes,    1593024 total
[2023-11-16T06:08:06.046+0000][7][gc,age      ] GC(323) - age   3:     245496 bytes,    1838520 total
[2023-11-16T06:08:06.046+0000][7][gc,age      ] GC(323) - age   4:     281048 bytes,    2119568 total
[2023-11-16T06:08:06.046+0000][7][gc,age      ] GC(323) - age   5:     290448 bytes,    2410016 total
[2023-11-16T06:08:06.046+0000][7][gc,age      ] GC(323) - age   6:       2760 bytes,    2412776 total
[2023-11-16T06:08:06.046+0000][7][gc,age      ] GC(323) - age   7:      87992 bytes,    2500768 total
[2023-11-16T06:08:06.046+0000][7][gc,age      ] GC(323) - age   8:     391960 bytes,    2892728 total
[2023-11-16T06:08:06.046+0000][7][gc,age      ] GC(323) - age  10:        400 bytes,    2893128 total
[2023-11-16T06:08:06.046+0000][7][gc,age      ] GC(323) - age  11:      16584 bytes,    2909712 total
[2023-11-16T06:08:06.046+0000][7][gc,age      ] GC(323) - age  12:     256504 bytes,    3166216 total
[2023-11-16T06:08:06.046+0000][7][gc,age      ] GC(323) - age  13:      40488 bytes,    3206704 total
[2023-11-16T06:08:06.046+0000][7][gc,age      ] GC(323) - age  14:     285368 bytes,    3492072 total
[2023-11-16T06:08:06.046+0000][7][gc,age      ] GC(323) - age  15:      11720 bytes,    3503792 total
[2023-11-16T06:08:06.046+0000][7][gc,phases   ] GC(323)   Pre Evacuate Collection Set: 0.1ms
[2023-11-16T06:08:06.046+0000][7][gc,phases   ] GC(323)   Merge Heap Roots: 0.0ms
[2023-11-16T06:08:06.046+0000][7][gc,phases   ] GC(323)   Evacuate Collection Set: 2.0ms
[2023-11-16T06:08:06.046+0000][7][gc,phases   ] GC(323)   Post Evacuate Collection Set: 0.6ms
[2023-11-16T06:08:06.046+0000][7][gc,phases   ] GC(323)   Other: 0.2ms
[2023-11-16T06:08:06.046+0000][7][gc,heap     ] GC(323) Eden regions: 65->0(67)
[2023-11-16T06:08:06.046+0000][7][gc,heap     ] GC(323) Survivor regions: 2->1(9)
[2023-11-16T06:08:06.046+0000][7][gc,heap     ] GC(323) Old regions: 31->31
[2023-11-16T06:08:06.046+0000][7][gc,heap     ] GC(323) Archive regions: 2->2
[2023-11-16T06:08:06.046+0000][7][gc,heap     ] GC(323) Humongous regions: 5->5
[2023-11-16T06:08:06.046+0000][7][gc,metaspace] GC(323) Metaspace: 120160K(121920K)->120160K(121920K) NonClass: 104280K(105280K)->104280K(105280K) Class: 15879K(16640K)->15879K(16640K)
[2023-11-16T06:08:06.046+0000][7][gc          ] GC(323) Pause Young (Normal) (G1 Evacuation Pause) 411M->150M(512M) 3.036ms
[2023-11-16T06:08:06.046+0000][7][gc,cpu      ] GC(323) User=0.01s Sys=0.00s Real=0.00s
[2023-11-16T06:08:06.046+0000][7][safepoint   ] Safepoint "G1CollectForAllocation", Time since last: 818094967 ns, Reaching safepoint: 75505 ns, At safepoint: 3103398 ns, Total: 3178903 ns
[2023-11-16T06:08:08.047+0000][7][safepoint   ] Safepoint "Cleanup", Time since last: 2000302862 ns, Reaching safepoint: 157264 ns, At safepoint: 5152 ns, Total: 162416 ns
[2023-11-16T06:08:11.047+0000][7][safepoint   ] Safepoint "Cleanup", Time since last: 3000487122 ns, Reaching safepoint: 50929 ns, At safepoint: 6513 ns, Total: 57442 ns
[2023-11-16T06:08:12.048+0000][7][safepoint   ] Safepoint "Cleanup", Time since last: 1000149239 ns, Reaching safepoint: 66067 ns, At safepoint: 6923 ns, Total: 72990 ns
[2023-11-16T06:08:13.132+0000][7][gc,start    ] GC(324) Pause Young (Normal) (G1 Evacuation Pause)
[2023-11-16T06:08:13.132+0000][7][gc,task     ] GC(324) Using 8 workers of 8 for evacuation
[2023-11-16T06:08:13.132+0000][7][gc,age      ] GC(324) Desired survivor size 18874368 bytes, new threshold 15 (max threshold 15)
[2023-11-16T06:08:13.135+0000][7][gc,age      ] GC(324) Age table with threshold 15 (max threshold 15)
[2023-11-16T06:08:13.135+0000][7][gc,age      ] GC(324) - age   1:    2338224 bytes,    2338224 total
[2023-11-16T06:08:13.135+0000][7][gc,age      ] GC(324) - age   2:     442360 bytes,    2780584 total
[2023-11-16T06:08:13.135+0000][7][gc,age      ] GC(324) - age   3:     476176 bytes,    3256760 total
[2023-11-16T06:08:13.135+0000][7][gc,age      ] GC(324) - age   4:     244632 bytes,    3501392 total
[2023-11-16T06:08:13.135+0000][7][gc,age      ] GC(324) - age   5:     280512 bytes,    3781904 total
[2023-11-16T06:08:13.135+0000][7][gc,age      ] GC(324) - age   6:     290280 bytes,    4072184 total
[2023-11-16T06:08:13.135+0000][7][gc,age      ] GC(324) - age   7:       2536 bytes,    4074720 total
[2023-11-16T06:08:13.135+0000][7][gc,age      ] GC(324) - age   8:      87864 bytes,    4162584 total
[2023-11-16T06:08:13.135+0000][7][gc,age      ] GC(324) - age   9:     391896 bytes,    4554480 total
[2023-11-16T06:08:13.135+0000][7][gc,age      ] GC(324) - age  11:        400 bytes,    4554880 total
[2023-11-16T06:08:13.135+0000][7][gc,age      ] GC(324) - age  12:      16520 bytes,    4571400 total
[2023-11-16T06:08:13.135+0000][7][gc,age      ] GC(324) - age  13:     256408 bytes,    4827808 total
[2023-11-16T06:08:13.135+0000][7][gc,age      ] GC(324) - age  14:      40168 bytes,    4867976 total
[2023-11-16T06:08:13.135+0000][7][gc,age      ] GC(324) - age  15:     285368 bytes,    5153344 total
[2023-11-16T06:08:13.135+0000][7][gc,phases   ] GC(324)   Pre Evacuate Collection Set: 0.1ms
[2023-11-16T06:08:13.135+0000][7][gc,phases   ] GC(324)   Merge Heap Roots: 0.0ms
[2023-11-16T06:08:13.135+0000][7][gc,phases   ] GC(324)   Evacuate Collection Set: 2.4ms
[2023-11-16T06:08:13.135+0000][7][gc,phases   ] GC(324)   Post Evacuate Collection Set: 0.6ms
[2023-11-16T06:08:13.135+0000][7][gc,phases   ] GC(324)   Other: 0.3ms
[2023-11-16T06:08:13.135+0000][7][gc,heap     ] GC(324) Eden regions: 67->0(65)
[2023-11-16T06:08:13.135+0000][7][gc,heap     ] GC(324) Survivor regions: 1->2(9)
[2023-11-16T06:08:13.135+0000][7][gc,heap     ] GC(324) Old regions: 31->31
[2023-11-16T06:08:13.135+0000][7][gc,heap     ] GC(324) Archive regions: 2->2
[2023-11-16T06:08:13.135+0000][7][gc,heap     ] GC(324) Humongous regions: 5->5
[2023-11-16T06:08:13.135+0000][7][gc,metaspace] GC(324) Metaspace: 120238K(121984K)->120238K(121984K) NonClass: 104354K(105344K)->104354K(105344K) Class: 15884K(16640K)->15884K(16640K)
[2023-11-16T06:08:13.136+0000][7][gc          ] GC(324) Pause Young (Normal) (G1 Evacuation Pause) 418M->151M(512M) 3.488ms
[2023-11-16T06:08:13.136+0000][7][gc,cpu      ] GC(324) User=0.02s Sys=0.00s Real=0.00s
[2023-11-16T06:08:13.136+0000][7][safepoint   ] Safepoint "G1CollectForAllocation", Time since last: 1084292807 ns, Reaching safepoint: 114339 ns, At safepoint: 3597230 ns, Total: 3711569 ns
[2023-11-16T06:08:14.136+0000][7][safepoint   ] Safepoint "Cleanup", Time since last: 1000091961 ns, Reaching safepoint: 61289 ns, At safepoint: 8093 ns, Total: 69382 ns
[2023-11-16T06:08:18.473+0000][7][gc,start    ] GC(325) Pause Young (Normal) (G1 Evacuation Pause)
[2023-11-16T06:08:18.473+0000][7][gc,task     ] GC(325) Using 8 workers of 8 for evacuation
[2023-11-16T06:08:18.473+0000][7][gc,age      ] GC(325) Desired survivor size 18874368 bytes, new threshold 15 (max threshold 15)
[2023-11-16T06:08:18.479+0000][7][gc,age      ] GC(325) Age table with threshold 15 (max threshold 15)
[2023-11-16T06:08:18.479+0000][7][gc,age      ] GC(325) - age   1:    1499672 bytes,    1499672 total
[2023-11-16T06:08:18.479+0000][7][gc,age      ] GC(325) - age   2:     338056 bytes,    1837728 total
[2023-11-16T06:08:18.479+0000][7][gc,age      ] GC(325) - age   3:     342416 bytes,    2180144 total
[2023-11-16T06:08:18.479+0000][7][gc,age      ] GC(325) - age   4:     475168 bytes,    2655312 total
[2023-11-16T06:08:18.479+0000][7][gc,age      ] GC(325) - age   5:     226240 bytes,    2881552 total
[2023-11-16T06:08:18.479+0000][7][gc,age      ] GC(325) - age   6:     280080 bytes,    3161632 total
[2023-11-16T06:08:18.479+0000][7][gc,age      ] GC(325) - age   7:     162568 bytes,    3324200 total
[2023-11-16T06:08:18.479+0000][7][gc,age      ] GC(325) - age   8:       2408 bytes,    3326608 total
[2023-11-16T06:08:18.479+0000][7][gc,age      ] GC(325) - age   9:      87704 bytes,    3414312 total
[2023-11-16T06:08:18.479+0000][7][gc,age      ] GC(325) - age  10:     391736 bytes,    3806048 total
[2023-11-16T06:08:18.479+0000][7][gc,age      ] GC(325) - age  12:        400 bytes,    3806448 total
[2023-11-16T06:08:18.479+0000][7][gc,age      ] GC(325) - age  13:      16520 bytes,    3822968 total
[2023-11-16T06:08:18.479+0000][7][gc,age      ] GC(325) - age  14:     256376 bytes,    4079344 total
[2023-11-16T06:08:18.479+0000][7][gc,age      ] GC(325) - age  15:      40168 bytes,    4119512 total
[2023-11-16T06:08:18.479+0000][7][gc,phases   ] GC(325)   Pre Evacuate Collection Set: 0.1ms
[2023-11-16T06:08:18.479+0000][7][gc,phases   ] GC(325)   Merge Heap Roots: 0.0ms
[2023-11-16T06:08:18.479+0000][7][gc,phases   ] GC(325)   Evacuate Collection Set: 5.0ms
[2023-11-16T06:08:18.479+0000][7][gc,phases   ] GC(325)   Post Evacuate Collection Set: 0.7ms
[2023-11-16T06:08:18.479+0000][7][gc,phases   ] GC(325)   Other: 0.3ms
[2023-11-16T06:08:18.479+0000][7][gc,heap     ] GC(325) Eden regions: 65->0(66)
[2023-11-16T06:08:18.479+0000][7][gc,heap     ] GC(325) Survivor regions: 2->2(9)
[2023-11-16T06:08:18.479+0000][7][gc,heap     ] GC(325) Old regions: 31->31
[2023-11-16T06:08:18.479+0000][7][gc,heap     ] GC(325) Archive regions: 2->2
[2023-11-16T06:08:18.479+0000][7][gc,heap     ] GC(325) Humongous regions: 5->5
[2023-11-16T06:08:18.479+0000][7][gc,metaspace] GC(325) Metaspace: 120239K(121984K)->120239K(121984K) NonClass: 104355K(105344K)->104355K(105344K) Class: 15884K(16640K)->15884K(16640K)
[2023-11-16T06:08:18.479+0000][7][gc          ] GC(325) Pause Young (Normal) (G1 Evacuation Pause) 411M->151M(512M) 6.131ms
[2023-11-16T06:08:18.479+0000][7][gc,cpu      ] GC(325) User=0.02s Sys=0.00s Real=0.01s
[2023-11-16T06:08:18.479+0000][7][safepoint   ] Safepoint "G1CollectForAllocation", Time since last: 4337458435 ns, Reaching safepoint: 78252 ns, At safepoint: 6246974 ns, Total: 6325226 ns
[2023-11-16T06:08:20.480+0000][7][safepoint   ] Safepoint "Cleanup", Time since last: 2000164577 ns, Reaching safepoint: 91994 ns, At safepoint: 46623 ns, Total: 138617 ns
[2023-11-16T06:08:23.480+0000][7][safepoint   ] Safepoint "Cleanup", Time since last: 3000425065 ns, Reaching safepoint: 131753 ns, At safepoint: 5180 ns, Total: 136933 ns
[2023-11-16T06:08:23.519+0000][7][gc,start    ] GC(326) Pause Young (Normal) (G1 Evacuation Pause)
[2023-11-16T06:08:23.519+0000][7][gc,task     ] GC(326) Using 8 workers of 8 for evacuation
[2023-11-16T06:08:23.519+0000][7][gc,age      ] GC(326) Desired survivor size 18874368 bytes, new threshold 15 (max threshold 15)
[2023-11-16T06:08:23.523+0000][7][gc,age      ] GC(326) Age table with threshold 15 (max threshold 15)
[2023-11-16T06:08:23.523+0000][7][gc,age      ] GC(326) - age   1:    2499824 bytes,    2499824 total
[2023-11-16T06:08:23.523+0000][7][gc,age      ] GC(326) - age   2:     819904 bytes,    3319728 total
[2023-11-16T06:08:23.523+0000][7][gc,age      ] GC(326) - age   3:     320072 bytes,    3639800 total
[2023-11-16T06:08:23.523+0000][7][gc,age      ] GC(326) - age   4:     326152 bytes,    3965952 total
[2023-11-16T06:08:23.523+0000][7][gc,age      ] GC(326) - age   5:     383024 bytes,    4348976 total
[2023-11-16T06:08:23.523+0000][7][gc,age      ] GC(326) - age   6:     225880 bytes,    4574856 total
[2023-11-16T06:08:23.523+0000][7][gc,age      ] GC(326) - age   7:     264008 bytes,    4838864 total
[2023-11-16T06:08:23.523+0000][7][gc,age      ] GC(326) - age   8:     162160 bytes,    5001024 total
[2023-11-16T06:08:23.523+0000][7][gc,age      ] GC(326) - age   9:       2344 bytes,    5003368 total
[2023-11-16T06:08:23.523+0000][7][gc,age      ] GC(326) - age  10:      87640 bytes,    5091008 total
[2023-11-16T06:08:23.523+0000][7][gc,age      ] GC(326) - age  11:     353144 bytes,    5444152 total
[2023-11-16T06:08:23.523+0000][7][gc,age      ] GC(326) - age  13:        400 bytes,    5444552 total
[2023-11-16T06:08:23.523+0000][7][gc,age      ] GC(326) - age  14:      16520 bytes,    5461072 total
[2023-11-16T06:08:23.523+0000][7][gc,age      ] GC(326) - age  15:     256344 bytes,    5717416 total
[2023-11-16T06:08:23.523+0000][7][gc,phases   ] GC(326)   Pre Evacuate Collection Set: 0.2ms
[2023-11-16T06:08:23.523+0000][7][gc,phases   ] GC(326)   Merge Heap Roots: 0.1ms
[2023-11-16T06:08:23.523+0000][7][gc,phases   ] GC(326)   Evacuate Collection Set: 3.4ms
[2023-11-16T06:08:23.523+0000][7][gc,phases   ] GC(326)   Post Evacuate Collection Set: 0.6ms
[2023-11-16T06:08:23.523+0000][7][gc,phases   ] GC(326)   Other: 0.3ms
[2023-11-16T06:08:23.523+0000][7][gc,heap     ] GC(326) Eden regions: 66->0(66)
[2023-11-16T06:08:23.523+0000][7][gc,heap     ] GC(326) Survivor regions: 2->2(9)
[2023-11-16T06:08:23.523+0000][7][gc,heap     ] GC(326) Old regions: 31->31
[2023-11-16T06:08:23.523+0000][7][gc,heap     ] GC(326) Archive regions: 2->2
[2023-11-16T06:08:23.523+0000][7][gc,heap     ] GC(326) Humongous regions: 5->5
[2023-11-16T06:08:23.523+0000][7][gc,metaspace] GC(326) Metaspace: 120279K(122048K)->120279K(122048K) NonClass: 104389K(105408K)->104389K(105408K) Class: 15889K(16640K)->15889K(16640K)
[2023-11-16T06:08:23.523+0000][7][gc          ] GC(326) Pause Young (Normal) (G1 Evacuation Pause) 415M->152M(512M) 4.605ms
[2023-11-16T06:08:23.523+0000][7][gc,cpu      ] GC(326) User=0.02s Sys=0.00s Real=0.00s
[2023-11-16T06:08:23.523+0000][7][safepoint   ] Safepoint "G1CollectForAllocation", Time since last: 38008449 ns, Reaching safepoint: 123007 ns, At safepoint: 4731783 ns, Total: 4854790 ns
[2023-11-16T06:08:24.524+0000][7][safepoint   ] Safepoint "Cleanup", Time since last: 1000570559 ns, Reaching safepoint: 101748 ns, At safepoint: 7761 ns, Total: 109509 ns
[2023-11-16T06:08:26.524+0000][7][safepoint   ] Safepoint "Cleanup", Time since last: 2000242414 ns, Reaching safepoint: 200341 ns, At safepoint: 6396 ns, Total: 206737 ns
[2023-11-16T06:08:28.525+0000][7][safepoint   ] Safepoint "Cleanup", Time since last: 2000535885 ns, Reaching safepoint: 85058 ns, At safepoint: 8393 ns, Total: 93451 ns
[2023-11-16T06:08:29.525+0000][7][safepoint   ] Safepoint "Cleanup", Time since last: 1000278287 ns, Reaching safepoint: 55025 ns, At safepoint: 5765 ns, Total: 60790 ns
[2023-11-16T06:08:30.509+0000][7][gc,start    ] GC(327) Pause Young (Normal) (G1 Evacuation Pause)
[2023-11-16T06:08:30.509+0000][7][gc,task     ] GC(327) Using 8 workers of 8 for evacuation
[2023-11-16T06:08:30.509+0000][7][gc,age      ] GC(327) Desired survivor size 18874368 bytes, new threshold 15 (max threshold 15)
[2023-11-16T06:08:30.516+0000][7][gc,age      ] GC(327) Age table with threshold 15 (max threshold 15)
[2023-11-16T06:08:30.516+0000][7][gc,age      ] GC(327) - age   1:    2407600 bytes,    2407600 total
[2023-11-16T06:08:30.516+0000][7][gc,age      ] GC(327) - age   2:     541664 bytes,    2949264 total
[2023-11-16T06:08:30.516+0000][7][gc,age      ] GC(327) - age   3:     149952 bytes,    3099216 total
[2023-11-16T06:08:30.516+0000][7][gc,age      ] GC(327) - age   4:      47976 bytes,    3147192 total
[2023-11-16T06:08:30.516+0000][7][gc,age      ] GC(327) - age   5:     129072 bytes,    3276264 total
[2023-11-16T06:08:30.516+0000][7][gc,age      ] GC(327) - age   6:     373880 bytes,    3650144 total
[2023-11-16T06:08:30.516+0000][7][gc,age      ] GC(327) - age   7:     201056 bytes,    3851200 total
[2023-11-16T06:08:30.516+0000][7][gc,age      ] GC(327) - age   8:     136552 bytes,    3987752 total
[2023-11-16T06:08:30.516+0000][7][gc,age      ] GC(327) - age   9:     162160 bytes,    4149912 total
[2023-11-16T06:08:30.516+0000][7][gc,age      ] GC(327) - age  10:       2344 bytes,    4152256 total
[2023-11-16T06:08:30.516+0000][7][gc,age      ] GC(327) - age  11:      87480 bytes,    4239736 total
[2023-11-16T06:08:30.516+0000][7][gc,age      ] GC(327) - age  12:     353112 bytes,    4592848 total
[2023-11-16T06:08:30.516+0000][7][gc,age      ] GC(327) - age  14:        400 bytes,    4593248 total
[2023-11-16T06:08:30.516+0000][7][gc,age      ] GC(327) - age  15:      16520 bytes,    4609768 total
[2023-11-16T06:08:30.516+0000][7][gc,phases   ] GC(327)   Pre Evacuate Collection Set: 0.1ms
[2023-11-16T06:08:30.516+0000][7][gc,phases   ] GC(327)   Merge Heap Roots: 0.0ms
[2023-11-16T06:08:30.516+0000][7][gc,phases   ] GC(327)   Evacuate Collection Set: 6.2ms
[2023-11-16T06:08:30.516+0000][7][gc,phases   ] GC(327)   Post Evacuate Collection Set: 0.5ms
[2023-11-16T06:08:30.516+0000][7][gc,phases   ] GC(327)   Other: 0.3ms
[2023-11-16T06:08:30.516+0000][7][gc,heap     ] GC(327) Eden regions: 66->0(65)
[2023-11-16T06:08:30.516+0000][7][gc,heap     ] GC(327) Survivor regions: 2->2(9)
[2023-11-16T06:08:30.516+0000][7][gc,heap     ] GC(327) Old regions: 31->31
[2023-11-16T06:08:30.516+0000][7][gc,heap     ] GC(327) Archive regions: 2->2
[2023-11-16T06:08:30.516+0000][7][gc,heap     ] GC(327) Humongous regions: 5->5
[2023-11-16T06:08:30.516+0000][7][gc,metaspace] GC(327) Metaspace: 120290K(122048K)->120290K(122048K) NonClass: 104400K(105408K)->104400K(105408K) Class: 15889K(16640K)->15889K(16640K)
[2023-11-16T06:08:30.516+0000][7][gc          ] GC(327) Pause Young (Normal) (G1 Evacuation Pause) 416M->151M(512M) 7.165ms
[2023-11-16T06:08:30.516+0000][7][gc,cpu      ] GC(327) User=0.02s Sys=0.00s Real=0.00s
[2023-11-16T06:08:30.516+0000][7][safepoint   ] Safepoint "G1CollectForAllocation", Time since last: 983356542 ns, Reaching safepoint: 103814 ns, At safepoint: 7237299 ns, Total: 7341113 ns
[2023-11-16T06:08:35.517+0000][7][safepoint   ] Safepoint "Cleanup", Time since last: 5000591111 ns, Reaching safepoint: 82326 ns, At safepoint: 13401 ns, Total: 95727 ns
[2023-11-16T06:08:36.634+0000][7][gc,start    ] GC(328) Pause Young (Normal) (G1 Evacuation Pause)
[2023-11-16T06:08:36.634+0000][7][gc,task     ] GC(328) Using 8 workers of 8 for evacuation
[2023-11-16T06:08:36.634+0000][7][gc,age      ] GC(328) Desired survivor size 18874368 bytes, new threshold 15 (max threshold 15)
[2023-11-16T06:08:36.636+0000][7][gc,age      ] GC(328) Age table with threshold 15 (max threshold 15)
[2023-11-16T06:08:36.636+0000][7][gc,age      ] GC(328) - age   1:    1508264 bytes,    1508264 total
[2023-11-16T06:08:36.636+0000][7][gc,age      ] GC(328) - age   2:    1017512 bytes,    2525776 total
[2023-11-16T06:08:36.636+0000][7][gc,age      ] GC(328) - age   3:     538856 bytes,    3064632 total
[2023-11-16T06:08:36.636+0000][7][gc,age      ] GC(328) - age   4:     149792 bytes,    3214424 total
[2023-11-16T06:08:36.636+0000][7][gc,age      ] GC(328) - age   5:      46712 bytes,    3261136 total
[2023-11-16T06:08:36.636+0000][7][gc,age      ] GC(328) - age   6:     128144 bytes,    3389280 total
[2023-11-16T06:08:36.636+0000][7][gc,age      ] GC(328) - age   7:     246096 bytes,    3635376 total
[2023-11-16T06:08:36.636+0000][7][gc,age      ] GC(328) - age   8:     201056 bytes,    3836432 total
[2023-11-16T06:08:36.636+0000][7][gc,age      ] GC(328) - age   9:     136488 bytes,    3972920 total
[2023-11-16T06:08:36.636+0000][7][gc,age      ] GC(328) - age  10:     162160 bytes,    4135080 total
[2023-11-16T06:08:36.636+0000][7][gc,age      ] GC(328) - age  11:       2160 bytes,    4137240 total
[2023-11-16T06:08:36.636+0000][7][gc,age      ] GC(328) - age  12:      87480 bytes,    4224720 total
[2023-11-16T06:08:36.636+0000][7][gc,age      ] GC(328) - age  13:     353112 bytes,    4577832 total
[2023-11-16T06:08:36.636+0000][7][gc,age      ] GC(328) - age  15:        400 bytes,    4578232 total
[2023-11-16T06:08:36.637+0000][7][gc,phases   ] GC(328)   Pre Evacuate Collection Set: 0.1ms
[2023-11-16T06:08:36.637+0000][7][gc,phases   ] GC(328)   Merge Heap Roots: 0.0ms
[2023-11-16T06:08:36.637+0000][7][gc,phases   ] GC(328)   Evacuate Collection Set: 1.8ms
[2023-11-16T06:08:36.637+0000][7][gc,phases   ] GC(328)   Post Evacuate Collection Set: 0.6ms
[2023-11-16T06:08:36.637+0000][7][gc,phases   ] GC(328)   Other: 0.2ms
[2023-11-16T06:08:36.637+0000][7][gc,heap     ] GC(328) Eden regions: 65->0(66)
[2023-11-16T06:08:36.637+0000][7][gc,heap     ] GC(328) Survivor regions: 2->2(9)
[2023-11-16T06:08:36.637+0000][7][gc,heap     ] GC(328) Old regions: 31->31
[2023-11-16T06:08:36.637+0000][7][gc,heap     ] GC(328) Archive regions: 2->2
[2023-11-16T06:08:36.637+0000][7][gc,heap     ] GC(328) Humongous regions: 5->5
[2023-11-16T06:08:36.637+0000][7][gc,metaspace] GC(328) Metaspace: 120290K(122048K)->120290K(122048K) NonClass: 104400K(105408K)->104400K(105408K) Class: 15889K(16640K)->15889K(16640K)
[2023-11-16T06:08:36.637+0000][7][gc          ] GC(328) Pause Young (Normal) (G1 Evacuation Pause) 411M->151M(512M) 2.737ms
[2023-11-16T06:08:36.637+0000][7][gc,cpu      ] GC(328) User=0.01s Sys=0.00s Real=0.00s
[2023-11-16T06:08:36.637+0000][7][safepoint   ] Safepoint "G1CollectForAllocation", Time since last: 1117024202 ns, Reaching safepoint: 72181 ns, At safepoint: 2792741 ns, Total: 2864922 ns
[2023-11-16T06:08:37.637+0000][7][safepoint   ] Safepoint "Cleanup", Time since last: 1000079528 ns, Reaching safepoint: 59547 ns, At safepoint: 11989 ns, Total: 71536 ns
[2023-11-16T06:08:40.637+0000][7][safepoint   ] Safepoint "Cleanup", Time since last: 3000283681 ns, Reaching safepoint: 50222 ns, At safepoint: 5181 ns, Total: 55403 ns
[2023-11-16T06:08:42.961+0000][7][gc,start    ] GC(329) Pause Young (Normal) (G1 Evacuation Pause)
[2023-11-16T06:08:42.961+0000][7][gc,task     ] GC(329) Using 8 workers of 8 for evacuation
[2023-11-16T06:08:42.961+0000][7][gc,age      ] GC(329) Desired survivor size 18874368 bytes, new threshold 15 (max threshold 15)
[2023-11-16T06:08:42.963+0000][7][gc,age      ] GC(329) Age table with threshold 15 (max threshold 15)
[2023-11-16T06:08:42.963+0000][7][gc,age      ] GC(329) - age   1:    1262520 bytes,    1262520 total
[2023-11-16T06:08:42.963+0000][7][gc,age      ] GC(329) - age   2:     405736 bytes,    1668256 total
[2023-11-16T06:08:42.964+0000][7][gc,age      ] GC(329) - age   3:    1015336 bytes,    2683592 total
[2023-11-16T06:08:42.964+0000][7][gc,age      ] GC(329) - age   4:     538256 bytes,    3221848 total
[2023-11-16T06:08:42.964+0000][7][gc,age      ] GC(329) - age   5:     149472 bytes,    3371320 total
[2023-11-16T06:08:42.964+0000][7][gc,age      ] GC(329) - age   6:      46144 bytes,    3417464 total
[2023-11-16T06:08:42.964+0000][7][gc,age      ] GC(329) - age   7:        416 bytes,    3417880 total
[2023-11-16T06:08:42.964+0000][7][gc,age      ] GC(329) - age   8:     246032 bytes,    3663912 total
[2023-11-16T06:08:42.964+0000][7][gc,age      ] GC(329) - age   9:     200992 bytes,    3864904 total
[2023-11-16T06:08:42.964+0000][7][gc,age      ] GC(329) - age  10:     136488 bytes,    4001392 total
[2023-11-16T06:08:42.964+0000][7][gc,age      ] GC(329) - age  11:     162160 bytes,    4163552 total
[2023-11-16T06:08:42.964+0000][7][gc,age      ] GC(329) - age  12:       2096 bytes,    4165648 total
[2023-11-16T06:08:42.964+0000][7][gc,age      ] GC(329) - age  13:      87480 bytes,    4253128 total
[2023-11-16T06:08:42.964+0000][7][gc,age      ] GC(329) - age  14:     353112 bytes,    4606240 total
[2023-11-16T06:08:42.964+0000][7][gc,phases   ] GC(329)   Pre Evacuate Collection Set: 0.1ms
[2023-11-16T06:08:42.964+0000][7][gc,phases   ] GC(329)   Merge Heap Roots: 0.1ms
[2023-11-16T06:08:42.964+0000][7][gc,phases   ] GC(329)   Evacuate Collection Set: 1.8ms
[2023-11-16T06:08:42.964+0000][7][gc,phases   ] GC(329)   Post Evacuate Collection Set: 0.8ms
[2023-11-16T06:08:42.964+0000][7][gc,phases   ] GC(329)   Other: 0.3ms
[2023-11-16T06:08:42.964+0000][7][gc,heap     ] GC(329) Eden regions: 66->0(66)
[2023-11-16T06:08:42.964+0000][7][gc,heap     ] GC(329) Survivor regions: 2->2(9)
[2023-11-16T06:08:42.964+0000][7][gc,heap     ] GC(329) Old regions: 31->31
[2023-11-16T06:08:42.964+0000][7][gc,heap     ] GC(329) Archive regions: 2->2
[2023-11-16T06:08:42.964+0000][7][gc,heap     ] GC(329) Humongous regions: 5->5
[2023-11-16T06:08:42.964+0000][7][gc,metaspace] GC(329) Metaspace: 120290K(122048K)->120290K(122048K) NonClass: 104400K(105408K)->104400K(105408K) Class: 15889K(16640K)->15889K(16640K)
[2023-11-16T06:08:42.964+0000][7][gc          ] GC(329) Pause Young (Normal) (G1 Evacuation Pause) 415M->151M(512M) 3.057ms
[2023-11-16T06:08:42.964+0000][7][gc,cpu      ] GC(329) User=0.02s Sys=0.00s Real=0.00s
[2023-11-16T06:08:42.964+0000][7][safepoint   ] Safepoint "G1CollectForAllocation", Time since last: 2323453188 ns, Reaching safepoint: 21069 ns, At safepoint: 3158662 ns, Total: 3179731 ns
[2023-11-16T06:08:50.062+0000][7][gc,start    ] GC(330) Pause Young (Normal) (G1 Evacuation Pause)
[2023-11-16T06:08:50.062+0000][7][gc,task     ] GC(330) Using 8 workers of 8 for evacuation
[2023-11-16T06:08:50.062+0000][7][gc,age      ] GC(330) Desired survivor size 18874368 bytes, new threshold 15 (max threshold 15)
[2023-11-16T06:08:50.067+0000][7][gc,age      ] GC(330) Age table with threshold 15 (max threshold 15)
[2023-11-16T06:08:50.067+0000][7][gc,age      ] GC(330) - age   1:    2380272 bytes,    2380272 total
[2023-11-16T06:08:50.067+0000][7][gc,age      ] GC(330) - age   2:     552552 bytes,    2932824 total
[2023-11-16T06:08:50.067+0000][7][gc,age      ] GC(330) - age   3:     403544 bytes,    3336368 total
[2023-11-16T06:08:50.067+0000][7][gc,age      ] GC(330) - age   4:    1014896 bytes,    4351264 total
[2023-11-16T06:08:50.067+0000][7][gc,age      ] GC(330) - age   5:     537904 bytes,    4889168 total
[2023-11-16T06:08:50.067+0000][7][gc,age      ] GC(330) - age   6:     149408 bytes,    5038576 total
[2023-11-16T06:08:50.067+0000][7][gc,age      ] GC(330) - age   7:      46048 bytes,    5084624 total
[2023-11-16T06:08:50.067+0000][7][gc,age      ] GC(330) - age   8:        352 bytes,    5084976 total
[2023-11-16T06:08:50.067+0000][7][gc,age      ] GC(330) - age   9:     246000 bytes,    5330976 total
[2023-11-16T06:08:50.067+0000][7][gc,age      ] GC(330) - age  10:     200744 bytes,    5531720 total
[2023-11-16T06:08:50.067+0000][7][gc,age      ] GC(330) - age  11:     136200 bytes,    5667920 total
[2023-11-16T06:08:50.067+0000][7][gc,age      ] GC(330) - age  12:     162160 bytes,    5830080 total
[2023-11-16T06:08:50.067+0000][7][gc,age      ] GC(330) - age  13:       2096 bytes,    5832176 total
[2023-11-16T06:08:50.067+0000][7][gc,age      ] GC(330) - age  14:      87480 bytes,    5919656 total
[2023-11-16T06:08:50.067+0000][7][gc,age      ] GC(330) - age  15:     353112 bytes,    6272768 total
[2023-11-16T06:08:50.067+0000][7][gc,phases   ] GC(330)   Pre Evacuate Collection Set: 0.2ms
[2023-11-16T06:08:50.067+0000][7][gc,phases   ] GC(330)   Merge Heap Roots: 0.1ms
[2023-11-16T06:08:50.067+0000][7][gc,phases   ] GC(330)   Evacuate Collection Set: 3.5ms
[2023-11-16T06:08:50.067+0000][7][gc,phases   ] GC(330)   Post Evacuate Collection Set: 1.4ms
[2023-11-16T06:08:50.067+0000][7][gc,phases   ] GC(330)   Other: 0.4ms
[2023-11-16T06:08:50.067+0000][7][gc,heap     ] GC(330) Eden regions: 66->0(66)
[2023-11-16T06:08:50.067+0000][7][gc,heap     ] GC(330) Survivor regions: 2->2(9)
[2023-11-16T06:08:50.067+0000][7][gc,heap     ] GC(330) Old regions: 31->31
[2023-11-16T06:08:50.067+0000][7][gc,heap     ] GC(330) Archive regions: 2->2
[2023-11-16T06:08:50.067+0000][7][gc,heap     ] GC(330) Humongous regions: 5->5
[2023-11-16T06:08:50.067+0000][7][gc,metaspace] GC(330) Metaspace: 120290K(122048K)->120290K(122048K) NonClass: 104400K(105408K)->104400K(105408K) Class: 15889K(16640K)->15889K(16640K)
[2023-11-16T06:08:50.067+0000][7][gc          ] GC(330) Pause Young (Normal) (G1 Evacuation Pause) 415M->153M(512M) 5.619ms
[2023-11-16T06:08:50.067+0000][7][gc,cpu      ] GC(330) User=0.02s Sys=0.00s Real=0.00s
[2023-11-16T06:08:50.067+0000][7][safepoint   ] Safepoint "G1CollectForAllocation", Time since last: 7097810150 ns, Reaching safepoint: 66382 ns, At safepoint: 5768147 ns, Total: 5834529 ns
[2023-11-16T06:08:53.068+0000][7][safepoint   ] Safepoint "Cleanup", Time since last: 3000554217 ns, Reaching safepoint: 51802 ns, At safepoint: 5684 ns, Total: 57486 ns
[2023-11-16T06:08:58.069+0000][7][safepoint   ] Safepoint "Cleanup", Time since last: 5000492877 ns, Reaching safepoint: 141374 ns, At safepoint: 8149 ns, Total: 149523 ns
[2023-11-16T06:09:01.876+0000][7][gc,start    ] GC(331) Pause Young (Normal) (G1 Evacuation Pause)
[2023-11-16T06:09:01.876+0000][7][gc,task     ] GC(331) Using 8 workers of 8 for evacuation
[2023-11-16T06:09:01.876+0000][7][gc,age      ] GC(331) Desired survivor size 18874368 bytes, new threshold 15 (max threshold 15)
[2023-11-16T06:09:01.880+0000][7][gc,age      ] GC(331) Age table with threshold 15 (max threshold 15)
[2023-11-16T06:09:01.880+0000][7][gc,age      ] GC(331) - age   1:    1928864 bytes,    1928864 total
[2023-11-16T06:09:01.880+0000][7][gc,age      ] GC(331) - age   2:       6296 bytes,    1935160 total
[2023-11-16T06:09:01.880+0000][7][gc,age      ] GC(331) - age   3:     146688 bytes,    2081848 total
[2023-11-16T06:09:01.880+0000][7][gc,age      ] GC(331) - age   4:     178968 bytes,    2260816 total
[2023-11-16T06:09:01.880+0000][7][gc,age      ] GC(331) - age   5:     776952 bytes,    3037768 total
[2023-11-16T06:09:01.880+0000][7][gc,age      ] GC(331) - age   6:     536936 bytes,    3574704 total
[2023-11-16T06:09:01.880+0000][7][gc,age      ] GC(331) - age   7:      16320 bytes,    3591024 total
[2023-11-16T06:09:01.880+0000][7][gc,age      ] GC(331) - age   8:      44496 bytes,    3635520 total
[2023-11-16T06:09:01.880+0000][7][gc,age      ] GC(331) - age  10:     245648 bytes,    3881168 total
[2023-11-16T06:09:01.880+0000][7][gc,age      ] GC(331) - age  11:     195904 bytes,    4077072 total
[2023-11-16T06:09:01.880+0000][7][gc,age      ] GC(331) - age  12:      95016 bytes,    4172088 total
[2023-11-16T06:09:01.880+0000][7][gc,age      ] GC(331) - age  13:      16448 bytes,    4188536 total
[2023-11-16T06:09:01.880+0000][7][gc,age      ] GC(331) - age  14:        736 bytes,    4189272 total
[2023-11-16T06:09:01.880+0000][7][gc,age      ] GC(331) - age  15:      87416 bytes,    4276688 total
[2023-11-16T06:09:01.880+0000][7][gc,phases   ] GC(331)   Pre Evacuate Collection Set: 0.1ms
[2023-11-16T06:09:01.880+0000][7][gc,phases   ] GC(331)   Merge Heap Roots: 0.1ms
[2023-11-16T06:09:01.880+0000][7][gc,phases   ] GC(331)   Evacuate Collection Set: 2.4ms
[2023-11-16T06:09:01.880+0000][7][gc,phases   ] GC(331)   Post Evacuate Collection Set: 0.6ms
[2023-11-16T06:09:01.880+0000][7][gc,phases   ] GC(331)   Other: 0.3ms
[2023-11-16T06:09:01.880+0000][7][gc,heap     ] GC(331) Eden regions: 66->0(66)
[2023-11-16T06:09:01.880+0000][7][gc,heap     ] GC(331) Survivor regions: 2->2(9)
[2023-11-16T06:09:01.880+0000][7][gc,heap     ] GC(331) Old regions: 31->31
[2023-11-16T06:09:01.880+0000][7][gc,heap     ] GC(331) Archive regions: 2->2
[2023-11-16T06:09:01.880+0000][7][gc,heap     ] GC(331) Humongous regions: 5->5
[2023-11-16T06:09:01.880+0000][7][gc,metaspace] GC(331) Metaspace: 120292K(122048K)->120292K(122048K) NonClass: 104402K(105408K)->104402K(105408K) Class: 15889K(16640K)->15889K(16640K)
[2023-11-16T06:09:01.880+0000][7][gc          ] GC(331) Pause Young (Normal) (G1 Evacuation Pause) 417M->151M(512M) 3.531ms
[2023-11-16T06:09:01.880+0000][7][gc,cpu      ] GC(331) User=0.02s Sys=0.00s Real=0.01s
[2023-11-16T06:09:01.880+0000][7][safepoint   ] Safepoint "G1CollectForAllocation", Time since last: 3807585312 ns, Reaching safepoint: 63858 ns, At safepoint: 3603936 ns, Total: 3667794 ns
[2023-11-16T06:09:07.881+0000][7][safepoint   ] Safepoint "Cleanup", Time since last: 6000764586 ns, Reaching safepoint: 89078 ns, At safepoint: 17884 ns, Total: 106962 ns
[2023-11-16T06:09:08.881+0000][7][safepoint   ] Safepoint "Cleanup", Time since last: 1000125961 ns, Reaching safepoint: 68636 ns, At safepoint: 8542 ns, Total: 77178 ns
[2023-11-16T06:09:10.881+0000][7][safepoint   ] Safepoint "Cleanup", Time since last: 2000448489 ns, Reaching safepoint: 50502 ns, At safepoint: 33075 ns, Total: 83577 ns
[2023-11-16T06:09:15.882+0000][7][safepoint   ] Safepoint "Cleanup", Time since last: 5000439855 ns, Reaching safepoint: 52491 ns, At safepoint: 7466 ns, Total: 59957 ns
[2023-11-16T06:09:16.882+0000][7][safepoint   ] Safepoint "Cleanup", Time since last: 1000095127 ns, Reaching safepoint: 50891 ns, At safepoint: 24861 ns, Total: 75752 ns
[2023-11-16T06:09:18.091+0000][7][gc,start    ] GC(332) Pause Young (Normal) (G1 Evacuation Pause)
[2023-11-16T06:09:18.091+0000][7][gc,task     ] GC(332) Using 8 workers of 8 for evacuation
[2023-11-16T06:09:18.091+0000][7][gc,age      ] GC(332) Desired survivor size 18874368 bytes, new threshold 15 (max threshold 15)
[2023-11-16T06:09:18.094+0000][7][gc,age      ] GC(332) Age table with threshold 15 (max threshold 15)
[2023-11-16T06:09:18.094+0000][7][gc,age      ] GC(332) - age   1:    1669968 bytes,    1669968 total
[2023-11-16T06:09:18.094+0000][7][gc,age      ] GC(332) - age   2:    1659040 bytes,    3329008 total
[2023-11-16T06:09:18.094+0000][7][gc,age      ] GC(332) - age   3:       5088 bytes,    3334096 total
[2023-11-16T06:09:18.094+0000][7][gc,age      ] GC(332) - age   4:     129136 bytes,    3463232 total
[2023-11-16T06:09:18.094+0000][7][gc,age      ] GC(332) - age   5:     161488 bytes,    3624720 total
[2023-11-16T06:09:18.094+0000][7][gc,age      ] GC(332) - age   6:     755368 bytes,    4380088 total
[2023-11-16T06:09:18.094+0000][7][gc,age      ] GC(332) - age   7:     443592 bytes,    4823680 total
[2023-11-16T06:09:18.094+0000][7][gc,age      ] GC(332) - age   8:      16256 bytes,    4839936 total
[2023-11-16T06:09:18.094+0000][7][gc,age      ] GC(332) - age   9:      44208 bytes,    4884144 total
[2023-11-16T06:09:18.094+0000][7][gc,age      ] GC(332) - age  11:     244256 bytes,    5128400 total
[2023-11-16T06:09:18.094+0000][7][gc,age      ] GC(332) - age  12:     194784 bytes,    5323184 total
[2023-11-16T06:09:18.094+0000][7][gc,age      ] GC(332) - age  13:      94880 bytes,    5418064 total
[2023-11-16T06:09:18.094+0000][7][gc,age      ] GC(332) - age  14:      16224 bytes,    5434288 total
[2023-11-16T06:09:18.094+0000][7][gc,age      ] GC(332) - age  15:        672 bytes,    5434960 total
[2023-11-16T06:09:18.094+0000][7][gc,phases   ] GC(332)   Pre Evacuate Collection Set: 0.1ms
[2023-11-16T06:09:18.094+0000][7][gc,phases   ] GC(332)   Merge Heap Roots: 0.1ms
[2023-11-16T06:09:18.094+0000][7][gc,phases   ] GC(332)   Evacuate Collection Set: 2.2ms
[2023-11-16T06:09:18.094+0000][7][gc,phases   ] GC(332)   Post Evacuate Collection Set: 0.5ms
[2023-11-16T06:09:18.094+0000][7][gc,phases   ] GC(332)   Other: 0.3ms
[2023-11-16T06:09:18.094+0000][7][gc,heap     ] GC(332) Eden regions: 66->0(66)
[2023-11-16T06:09:18.094+0000][7][gc,heap     ] GC(332) Survivor regions: 2->2(9)
[2023-11-16T06:09:18.094+0000][7][gc,heap     ] GC(332) Old regions: 31->31
[2023-11-16T06:09:18.094+0000][7][gc,heap     ] GC(332) Archive regions: 2->2
[2023-11-16T06:09:18.094+0000][7][gc,heap     ] GC(332) Humongous regions: 5->5
[2023-11-16T06:09:18.094+0000][7][gc,metaspace] GC(332) Metaspace: 120293K(122048K)->120293K(122048K) NonClass: 104403K(105408K)->104403K(105408K) Class: 15889K(16640K)->15889K(16640K)
[2023-11-16T06:09:18.094+0000][7][gc          ] GC(332) Pause Young (Normal) (G1 Evacuation Pause) 415M->153M(512M) 3.173ms
[2023-11-16T06:09:18.094+0000][7][gc,cpu      ] GC(332) User=0.02s Sys=0.00s Real=0.00s
[2023-11-16T06:09:18.094+0000][7][safepoint   ] Safepoint "G1CollectForAllocation", Time since last: 1208324690 ns, Reaching safepoint: 30449 ns, At safepoint: 3263049 ns, Total: 3293498 ns
[2023-11-16T06:09:29.095+0000][7][safepoint   ] Safepoint "Cleanup", Time since last: 11001241911 ns, Reaching safepoint: 51485 ns, At safepoint: 4768 ns, Total: 56253 ns
[2023-11-16T06:09:35.317+0000][7][gc,start    ] GC(333) Pause Young (Normal) (G1 Evacuation Pause)
[2023-11-16T06:09:35.317+0000][7][gc,task     ] GC(333) Using 8 workers of 8 for evacuation
[2023-11-16T06:09:35.317+0000][7][gc,age      ] GC(333) Desired survivor size 18874368 bytes, new threshold 15 (max threshold 15)
[2023-11-16T06:09:35.326+0000][7][gc,age      ] GC(333) Age table with threshold 15 (max threshold 15)
[2023-11-16T06:09:35.326+0000][7][gc,age      ] GC(333) - age   1:    2314000 bytes,    2314000 total
[2023-11-16T06:09:35.326+0000][7][gc,age      ] GC(333) - age   2:     664024 bytes,    2978024 total
[2023-11-16T06:09:35.326+0000][7][gc,age      ] GC(333) - age   3:    1230280 bytes,    4208304 total
[2023-11-16T06:09:35.326+0000][7][gc,age      ] GC(333) - age   4:       4800 bytes,    4213104 total
[2023-11-16T06:09:35.326+0000][7][gc,age      ] GC(333) - age   5:     128912 bytes,    4342016 total
[2023-11-16T06:09:35.326+0000][7][gc,age      ] GC(333) - age   6:     145336 bytes,    4487352 total
[2023-11-16T06:09:35.326+0000][7][gc,age      ] GC(333) - age   7:     754256 bytes,    5241608 total
[2023-11-16T06:09:35.326+0000][7][gc,age      ] GC(333) - age   8:     443184 bytes,    5684792 total
[2023-11-16T06:09:35.326+0000][7][gc,age      ] GC(333) - age   9:      16224 bytes,    5701016 total
[2023-11-16T06:09:35.326+0000][7][gc,age      ] GC(333) - age  10:      44144 bytes,    5745160 total
[2023-11-16T06:09:35.326+0000][7][gc,age      ] GC(333) - age  12:     243616 bytes,    5988776 total
[2023-11-16T06:09:35.326+0000][7][gc,age      ] GC(333) - age  13:     194720 bytes,    6183496 total
[2023-11-16T06:09:35.326+0000][7][gc,age      ] GC(333) - age  14:      94816 bytes,    6278312 total
[2023-11-16T06:09:35.326+0000][7][gc,age      ] GC(333) - age  15:      16032 bytes,    6294344 total
[2023-11-16T06:09:35.326+0000][7][gc,phases   ] GC(333)   Pre Evacuate Collection Set: 0.1ms
[2023-11-16T06:09:35.326+0000][7][gc,phases   ] GC(333)   Merge Heap Roots: 0.0ms
[2023-11-16T06:09:35.326+0000][7][gc,phases   ] GC(333)   Evacuate Collection Set: 8.1ms
[2023-11-16T06:09:35.326+0000][7][gc,phases   ] GC(333)   Post Evacuate Collection Set: 0.6ms
[2023-11-16T06:09:35.326+0000][7][gc,phases   ] GC(333)   Other: 0.2ms
[2023-11-16T06:09:35.326+0000][7][gc,heap     ] GC(333) Eden regions: 66->0(66)
[2023-11-16T06:09:35.326+0000][7][gc,heap     ] GC(333) Survivor regions: 2->2(9)
[2023-11-16T06:09:35.326+0000][7][gc,heap     ] GC(333) Old regions: 31->31
[2023-11-16T06:09:35.326+0000][7][gc,heap     ] GC(333) Archive regions: 2->2
[2023-11-16T06:09:35.326+0000][7][gc,heap     ] GC(333) Humongous regions: 5->5
[2023-11-16T06:09:35.326+0000][7][gc,metaspace] GC(333) Metaspace: 120294K(122048K)->120294K(122048K) NonClass: 104404K(105408K)->104404K(105408K) Class: 15890K(16640K)->15890K(16640K)
[2023-11-16T06:09:35.326+0000][7][gc          ] GC(333) Pause Young (Normal) (G1 Evacuation Pause) 417M->153M(512M) 9.024ms
[2023-11-16T06:09:35.326+0000][7][gc,cpu      ] GC(333) User=0.02s Sys=0.00s Real=0.01s
[2023-11-16T06:09:35.326+0000][7][safepoint   ] Safepoint "G1CollectForAllocation", Time since last: 6221723123 ns, Reaching safepoint: 89611 ns, At safepoint: 9158170 ns, Total: 9247781 ns
[2023-11-16T06:09:47.327+0000][7][safepoint   ] Safepoint "Cleanup", Time since last: 12001029380 ns, Reaching safepoint: 113022 ns, At safepoint: 8337 ns, Total: 121359 ns
[2023-11-16T06:09:48.350+0000][7][gc,start    ] GC(334) Pause Young (Normal) (G1 Evacuation Pause)
[2023-11-16T06:09:48.350+0000][7][gc,task     ] GC(334) Using 8 workers of 8 for evacuation
[2023-11-16T06:09:48.350+0000][7][gc,age      ] GC(334) Desired survivor size 18874368 bytes, new threshold 15 (max threshold 15)
[2023-11-16T06:09:48.355+0000][7][gc,age      ] GC(334) Age table with threshold 15 (max threshold 15)
[2023-11-16T06:09:48.355+0000][7][gc,age      ] GC(334) - age   1:    1424688 bytes,    1424688 total
[2023-11-16T06:09:48.355+0000][7][gc,age      ] GC(334) - age   2:     233096 bytes,    1657784 total
[2023-11-16T06:09:48.355+0000][7][gc,age      ] GC(334) - age   3:     398008 bytes,    2055792 total
[2023-11-16T06:09:48.355+0000][7][gc,age      ] GC(334) - age   4:     452008 bytes,    2507800 total
[2023-11-16T06:09:48.355+0000][7][gc,age      ] GC(334) - age   5:       3128 bytes,    2510928 total
[2023-11-16T06:09:48.355+0000][7][gc,age      ] GC(334) - age   6:     128440 bytes,    2639368 total
[2023-11-16T06:09:48.355+0000][7][gc,age      ] GC(334) - age   7:     128888 bytes,    2768256 total
[2023-11-16T06:09:48.355+0000][7][gc,age      ] GC(334) - age   8:     612744 bytes,    3381000 total
[2023-11-16T06:09:48.355+0000][7][gc,age      ] GC(334) - age   9:     443120 bytes,    3824120 total
[2023-11-16T06:09:48.355+0000][7][gc,age      ] GC(334) - age  10:      16192 bytes,    3840312 total
[2023-11-16T06:09:48.355+0000][7][gc,age      ] GC(334) - age  11:      39976 bytes,    3880288 total
[2023-11-16T06:09:48.355+0000][7][gc,age      ] GC(334) - age  13:     243616 bytes,    4123904 total
[2023-11-16T06:09:48.355+0000][7][gc,age      ] GC(334) - age  14:     194688 bytes,    4318592 total
[2023-11-16T06:09:48.355+0000][7][gc,age      ] GC(334) - age  15:      94816 bytes,    4413408 total
[2023-11-16T06:09:48.355+0000][7][gc,phases   ] GC(334)   Pre Evacuate Collection Set: 0.1ms
[2023-11-16T06:09:48.355+0000][7][gc,phases   ] GC(334)   Merge Heap Roots: 0.0ms
[2023-11-16T06:09:48.355+0000][7][gc,phases   ] GC(334)   Evacuate Collection Set: 4.2ms
[2023-11-16T06:09:48.355+0000][7][gc,phases   ] GC(334)   Post Evacuate Collection Set: 0.9ms
[2023-11-16T06:09:48.355+0000][7][gc,phases   ] GC(334)   Other: 0.2ms
[2023-11-16T06:09:48.355+0000][7][gc,heap     ] GC(334) Eden regions: 66->0(66)
[2023-11-16T06:09:48.355+0000][7][gc,heap     ] GC(334) Survivor regions: 2->2(9)
[2023-11-16T06:09:48.355+0000][7][gc,heap     ] GC(334) Old regions: 31->31
[2023-11-16T06:09:48.355+0000][7][gc,heap     ] GC(334) Archive regions: 2->2
[2023-11-16T06:09:48.355+0000][7][gc,heap     ] GC(334) Humongous regions: 5->5
[2023-11-16T06:09:48.355+0000][7][gc,metaspace] GC(334) Metaspace: 120324K(122048K)->120324K(122048K) NonClass: 104427K(105408K)->104427K(105408K) Class: 15897K(16640K)->15897K(16640K)
[2023-11-16T06:09:48.355+0000][7][gc          ] GC(334) Pause Young (Normal) (G1 Evacuation Pause) 417M->152M(512M) 5.469ms
[2023-11-16T06:09:48.355+0000][7][gc,cpu      ] GC(334) User=0.02s Sys=0.00s Real=0.00s
[2023-11-16T06:09:48.355+0000][7][safepoint   ] Safepoint "G1CollectForAllocation", Time since last: 1022474822 ns, Reaching safepoint: 30071 ns, At safepoint: 5550613 ns, Total: 5580684 ns
[2023-11-16T06:09:49.355+0000][7][safepoint   ] Safepoint "Cleanup", Time since last: 1000074211 ns, Reaching safepoint: 36607 ns, At safepoint: 5276 ns, Total: 41883 ns
[2023-11-16T06:09:50.356+0000][7][safepoint   ] Safepoint "Cleanup", Time since last: 1000096461 ns, Reaching safepoint: 56604 ns, At safepoint: 6476 ns, Total: 63080 ns
[2023-11-16T06:09:53.356+0000][7][safepoint   ] Safepoint "Cleanup", Time since last: 3000259624 ns, Reaching safepoint: 73524 ns, At safepoint: 56113 ns, Total: 129637 ns
[2023-11-16T06:09:55.096+0000][7][gc,start    ] GC(335) Pause Young (Normal) (G1 Evacuation Pause)
[2023-11-16T06:09:55.096+0000][7][gc,task     ] GC(335) Using 8 workers of 8 for evacuation
[2023-11-16T06:09:55.096+0000][7][gc,age      ] GC(335) Desired survivor size 18874368 bytes, new threshold 15 (max threshold 15)
[2023-11-16T06:09:55.104+0000][7][gc,age      ] GC(335) Age table with threshold 15 (max threshold 15)
[2023-11-16T06:09:55.104+0000][7][gc,age      ] GC(335) - age   1:    1212600 bytes,    1212600 total
[2023-11-16T06:09:55.104+0000][7][gc,age      ] GC(335) - age   2:     531280 bytes,    1743880 total
[2023-11-16T06:09:55.104+0000][7][gc,age      ] GC(335) - age   3:     225656 bytes,    1969536 total
[2023-11-16T06:09:55.104+0000][7][gc,age      ] GC(335) - age   4:     397560 bytes,    2367096 total
[2023-11-16T06:09:55.104+0000][7][gc,age      ] GC(335) - age   5:     127928 bytes,    2495024 total
[2023-11-16T06:09:55.104+0000][7][gc,age      ] GC(335) - age   6:       2256 bytes,    2497280 total
[2023-11-16T06:09:55.104+0000][7][gc,age      ] GC(335) - age   7:     128104 bytes,    2625384 total
[2023-11-16T06:09:55.104+0000][7][gc,age      ] GC(335) - age   8:        312 bytes,    2625696 total
[2023-11-16T06:09:55.104+0000][7][gc,age      ] GC(335) - age   9:     612744 bytes,    3238440 total
[2023-11-16T06:09:55.104+0000][7][gc,age      ] GC(335) - age  10:     443120 bytes,    3681560 total
[2023-11-16T06:09:55.104+0000][7][gc,age      ] GC(335) - age  11:      16192 bytes,    3697752 total
[2023-11-16T06:09:55.104+0000][7][gc,age      ] GC(335) - age  12:      39976 bytes,    3737728 total
[2023-11-16T06:09:55.104+0000][7][gc,age      ] GC(335) - age  14:     243616 bytes,    3981344 total
[2023-11-16T06:09:55.104+0000][7][gc,age      ] GC(335) - age  15:     194688 bytes,    4176032 total
[2023-11-16T06:09:55.104+0000][7][gc,phases   ] GC(335)   Pre Evacuate Collection Set: 0.0ms
[2023-11-16T06:09:55.104+0000][7][gc,phases   ] GC(335)   Merge Heap Roots: 0.1ms
[2023-11-16T06:09:55.104+0000][7][gc,phases   ] GC(335)   Evacuate Collection Set: 7.1ms
[2023-11-16T06:09:55.104+0000][7][gc,phases   ] GC(335)   Post Evacuate Collection Set: 0.4ms
[2023-11-16T06:09:55.104+0000][7][gc,phases   ] GC(335)   Other: 0.3ms
[2023-11-16T06:09:55.104+0000][7][gc,heap     ] GC(335) Eden regions: 66->0(66)
[2023-11-16T06:09:55.104+0000][7][gc,heap     ] GC(335) Survivor regions: 2->2(9)
[2023-11-16T06:09:55.104+0000][7][gc,heap     ] GC(335) Old regions: 31->31
[2023-11-16T06:09:55.104+0000][7][gc,heap     ] GC(335) Archive regions: 2->2
[2023-11-16T06:09:55.104+0000][7][gc,heap     ] GC(335) Humongous regions: 5->5
[2023-11-16T06:09:55.104+0000][7][gc,metaspace] GC(335) Metaspace: 120324K(122048K)->120324K(122048K) NonClass: 104427K(105408K)->104427K(105408K) Class: 15897K(16640K)->15897K(16640K)
[2023-11-16T06:09:55.104+0000][7][gc          ] GC(335) Pause Young (Normal) (G1 Evacuation Pause) 416M->152M(512M) 7.950ms
[2023-11-16T06:09:55.104+0000][7][gc,cpu      ] GC(335) User=0.02s Sys=0.00s Real=0.01s
[2023-11-16T06:09:55.104+0000][7][safepoint   ] Safepoint "G1CollectForAllocation", Time since last: 1740296329 ns, Reaching safepoint: 41052 ns, At safepoint: 8045027 ns, Total: 8086079 ns
[2023-11-16T06:10:01.456+0000][7][gc,start    ] GC(336) Pause Young (Normal) (G1 Evacuation Pause)
[2023-11-16T06:10:01.456+0000][7][gc,task     ] GC(336) Using 8 workers of 8 for evacuation
[2023-11-16T06:10:01.456+0000][7][gc,age      ] GC(336) Desired survivor size 18874368 bytes, new threshold 15 (max threshold 15)
[2023-11-16T06:10:01.459+0000][7][gc,age      ] GC(336) Age table with threshold 15 (max threshold 15)
[2023-11-16T06:10:01.459+0000][7][gc,age      ] GC(336) - age   1:    1705128 bytes,    1705128 total
[2023-11-16T06:10:01.459+0000][7][gc,age      ] GC(336) - age   2:     541072 bytes,    2246200 total
[2023-11-16T06:10:01.459+0000][7][gc,age      ] GC(336) - age   3:     529176 bytes,    2775376 total
[2023-11-16T06:10:01.459+0000][7][gc,age      ] GC(336) - age   4:     218088 bytes,    2993464 total
[2023-11-16T06:10:01.459+0000][7][gc,age      ] GC(336) - age   5:     397432 bytes,    3390896 total
[2023-11-16T06:10:01.459+0000][7][gc,age      ] GC(336) - age   6:     126912 bytes,    3517808 total
[2023-11-16T06:10:01.459+0000][7][gc,age      ] GC(336) - age   7:       1880 bytes,    3519688 total
[2023-11-16T06:10:01.459+0000][7][gc,age      ] GC(336) - age   8:     128104 bytes,    3647792 total
[2023-11-16T06:10:01.459+0000][7][gc,age      ] GC(336) - age   9:        288 bytes,    3648080 total
[2023-11-16T06:10:01.459+0000][7][gc,age      ] GC(336) - age  10:     612664 bytes,    4260744 total
[2023-11-16T06:10:01.459+0000][7][gc,age      ] GC(336) - age  11:     442816 bytes,    4703560 total
[2023-11-16T06:10:01.459+0000][7][gc,age      ] GC(336) - age  12:      16096 bytes,    4719656 total
[2023-11-16T06:10:01.459+0000][7][gc,age      ] GC(336) - age  13:      39976 bytes,    4759632 total
[2023-11-16T06:10:01.459+0000][7][gc,age      ] GC(336) - age  15:     243616 bytes,    5003248 total
[2023-11-16T06:10:01.459+0000][7][gc,phases   ] GC(336)   Pre Evacuate Collection Set: 0.1ms
[2023-11-16T06:10:01.459+0000][7][gc,phases   ] GC(336)   Merge Heap Roots: 0.0ms
[2023-11-16T06:10:01.459+0000][7][gc,phases   ] GC(336)   Evacuate Collection Set: 2.1ms
[2023-11-16T06:10:01.459+0000][7][gc,phases   ] GC(336)   Post Evacuate Collection Set: 0.5ms
[2023-11-16T06:10:01.459+0000][7][gc,phases   ] GC(336)   Other: 0.2ms
[2023-11-16T06:10:01.459+0000][7][gc,heap     ] GC(336) Eden regions: 66->0(66)
[2023-11-16T06:10:01.459+0000][7][gc,heap     ] GC(336) Survivor regions: 2->2(9)
[2023-11-16T06:10:01.459+0000][7][gc,heap     ] GC(336) Old regions: 31->31
[2023-11-16T06:10:01.459+0000][7][gc,heap     ] GC(336) Archive regions: 2->2
[2023-11-16T06:10:01.459+0000][7][gc,heap     ] GC(336) Humongous regions: 5->5
[2023-11-16T06:10:01.459+0000][7][gc,metaspace] GC(336) Metaspace: 120324K(122048K)->120324K(122048K) NonClass: 104427K(105408K)->104427K(105408K) Class: 15897K(16640K)->15897K(16640K)
[2023-11-16T06:10:01.459+0000][7][gc          ] GC(336) Pause Young (Normal) (G1 Evacuation Pause) 416M->153M(512M) 2.920ms
[2023-11-16T06:10:01.459+0000][7][gc,cpu      ] GC(336) User=0.02s Sys=0.00s Real=0.01s
[2023-11-16T06:10:01.459+0000][7][safepoint   ] Safepoint "G1CollectForAllocation", Time since last: 6351611538 ns, Reaching safepoint: 103256 ns, At safepoint: 2992009 ns, Total: 3095265 ns
[2023-11-16T06:10:02.459+0000][7][safepoint   ] Safepoint "Cleanup", Time since last: 1000297746 ns, Reaching safepoint: 62706 ns, At safepoint: 7063 ns, Total: 69769 ns
[2023-11-16T06:10:03.459+0000][7][safepoint   ] Safepoint "Cleanup", Time since last: 1000083310 ns, Reaching safepoint: 35076 ns, At safepoint: 5373 ns, Total: 40449 ns
[2023-11-16T06:10:05.460+0000][7][safepoint   ] Safepoint "Cleanup", Time since last: 2000401444 ns, Reaching safepoint: 57931 ns, At safepoint: 29864 ns, Total: 87795 ns
[2023-11-16T06:10:06.460+0000][7][safepoint   ] Safepoint "Cleanup", Time since last: 1000098374 ns, Reaching safepoint: 99124 ns, At safepoint: 11254 ns, Total: 110378 ns
[2023-11-16T06:10:08.214+0000][7][gc,start    ] GC(337) Pause Young (Normal) (G1 Evacuation Pause)
[2023-11-16T06:10:08.214+0000][7][gc,task     ] GC(337) Using 8 workers of 8 for evacuation
[2023-11-16T06:10:08.214+0000][7][gc,age      ] GC(337) Desired survivor size 18874368 bytes, new threshold 15 (max threshold 15)
[2023-11-16T06:10:08.226+0000][7][gc,age      ] GC(337) Age table with threshold 15 (max threshold 15)
[2023-11-16T06:10:08.226+0000][7][gc,age      ] GC(337) - age   1:    1493712 bytes,    1493712 total
[2023-11-16T06:10:08.226+0000][7][gc,age      ] GC(337) - age   2:      15936 bytes,    1509648 total
[2023-11-16T06:10:08.226+0000][7][gc,age      ] GC(337) - age   3:     136072 bytes,    1645720 total
[2023-11-16T06:10:08.226+0000][7][gc,age      ] GC(337) - age   4:     212264 bytes,    1857984 total
[2023-11-16T06:10:08.226+0000][7][gc,age      ] GC(337) - age   5:     101216 bytes,    1959200 total
[2023-11-16T06:10:08.226+0000][7][gc,age      ] GC(337) - age   6:     350368 bytes,    2309568 total
[2023-11-16T06:10:08.226+0000][7][gc,age      ] GC(337) - age   7:     126376 bytes,    2435944 total
[2023-11-16T06:10:08.226+0000][7][gc,age      ] GC(337) - age   8:       1536 bytes,    2437480 total
[2023-11-16T06:10:08.226+0000][7][gc,age      ] GC(337) - age   9:     128040 bytes,    2565520 total
[2023-11-16T06:10:08.226+0000][7][gc,age      ] GC(337) - age  10:        256 bytes,    2565776 total
[2023-11-16T06:10:08.226+0000][7][gc,age      ] GC(337) - age  11:     488136 bytes,    3053912 total
[2023-11-16T06:10:08.226+0000][7][gc,age      ] GC(337) - age  12:     440760 bytes,    3494672 total
[2023-11-16T06:10:08.226+0000][7][gc,age      ] GC(337) - age  13:      16096 bytes,    3510768 total
[2023-11-16T06:10:08.226+0000][7][gc,age      ] GC(337) - age  14:      39880 bytes,    3550648 total
[2023-11-16T06:10:08.226+0000][7][gc,phases   ] GC(337)   Pre Evacuate Collection Set: 0.1ms
[2023-11-16T06:10:08.226+0000][7][gc,phases   ] GC(337)   Merge Heap Roots: 0.1ms
[2023-11-16T06:10:08.226+0000][7][gc,phases   ] GC(337)   Evacuate Collection Set: 10.8ms
[2023-11-16T06:10:08.226+0000][7][gc,phases   ] GC(337)   Post Evacuate Collection Set: 0.6ms
[2023-11-16T06:10:08.226+0000][7][gc,phases   ] GC(337)   Other: 0.2ms
[2023-11-16T06:10:08.226+0000][7][gc,heap     ] GC(337) Eden regions: 66->0(66)
[2023-11-16T06:10:08.226+0000][7][gc,heap     ] GC(337) Survivor regions: 2->1(9)
[2023-11-16T06:10:08.226+0000][7][gc,heap     ] GC(337) Old regions: 31->32
[2023-11-16T06:10:08.226+0000][7][gc,heap     ] GC(337) Archive regions: 2->2
[2023-11-16T06:10:08.226+0000][7][gc,heap     ] GC(337) Humongous regions: 5->5
[2023-11-16T06:10:08.226+0000][7][gc,metaspace] GC(337) Metaspace: 120337K(122112K)->120337K(122112K) NonClass: 104440K(105472K)->104440K(105472K) Class: 15897K(16640K)->15897K(16640K)
[2023-11-16T06:10:08.226+0000][7][gc          ] GC(337) Pause Young (Normal) (G1 Evacuation Pause) 416M->151M(512M) 11.775ms
[2023-11-16T06:10:08.226+0000][7][gc,cpu      ] GC(337) User=0.02s Sys=0.01s Real=0.01s
[2023-11-16T06:10:08.226+0000][7][safepoint   ] Safepoint "G1CollectForAllocation", Time since last: 1753791537 ns, Reaching safepoint: 126395 ns, At safepoint: 11870617 ns, Total: 11997012 ns
[2023-11-16T06:10:12.227+0000][7][safepoint   ] Safepoint "Cleanup", Time since last: 4000493624 ns, Reaching safepoint: 92169 ns, At safepoint: 6675 ns, Total: 98844 ns
[2023-11-16T06:10:14.281+0000][7][gc,start    ] GC(338) Pause Young (Concurrent Start) (G1 Evacuation Pause)
[2023-11-16T06:10:14.281+0000][7][gc,task     ] GC(338) Using 8 workers of 8 for evacuation
[2023-11-16T06:10:14.281+0000][7][gc,age      ] GC(338) Desired survivor size 18874368 bytes, new threshold 15 (max threshold 15)
[2023-11-16T06:10:14.318+0000][7][gc,age      ] GC(338) Age table with threshold 15 (max threshold 15)
[2023-11-16T06:10:14.319+0000][7][gc,age      ] GC(338) - age   1:    2034496 bytes,    2034496 total
[2023-11-16T06:10:14.319+0000][7][gc,age      ] GC(338) - age   2:     271656 bytes,    2306152 total
[2023-11-16T06:10:14.319+0000][7][gc,age      ] GC(338) - age   3:      12376 bytes,    2318528 total
[2023-11-16T06:10:14.319+0000][7][gc,age      ] GC(338) - age   4:     134872 bytes,    2453400 total
[2023-11-16T06:10:14.319+0000][7][gc,age      ] GC(338) - age   5:     211456 bytes,    2664856 total
[2023-11-16T06:10:14.319+0000][7][gc,age      ] GC(338) - age   6:     100480 bytes,    2765336 total
[2023-11-16T06:10:14.319+0000][7][gc,age      ] GC(338) - age   7:     350208 bytes,    3115544 total
[2023-11-16T06:10:14.319+0000][7][gc,age      ] GC(338) - age   8:     125960 bytes,    3241504 total
[2023-11-16T06:10:14.319+0000][7][gc,age      ] GC(338) - age   9:       1392 bytes,    3242896 total
[2023-11-16T06:10:14.319+0000][7][gc,age      ] GC(338) - age  10:        120 bytes,    3243016 total
[2023-11-16T06:10:14.319+0000][7][gc,age      ] GC(338) - age  11:        192 bytes,    3243208 total
[2023-11-16T06:10:14.319+0000][7][gc,age      ] GC(338) - age  12:     488136 bytes,    3731344 total
[2023-11-16T06:10:14.319+0000][7][gc,age      ] GC(338) - age  13:     440760 bytes,    4172104 total
[2023-11-16T06:10:14.319+0000][7][gc,age      ] GC(338) - age  14:      16032 bytes,    4188136 total
[2023-11-16T06:10:14.319+0000][7][gc,age      ] GC(338) - age  15:      39880 bytes,    4228016 total
[2023-11-16T06:10:14.319+0000][7][gc,phases   ] GC(338)   Pre Evacuate Collection Set: 0.2ms
[2023-11-16T06:10:14.319+0000][7][gc,phases   ] GC(338)   Merge Heap Roots: 0.1ms
[2023-11-16T06:10:14.319+0000][7][gc,phases   ] GC(338)   Evacuate Collection Set: 31.3ms
[2023-11-16T06:10:14.319+0000][7][gc,phases   ] GC(338)   Post Evacuate Collection Set: 0.7ms
[2023-11-16T06:10:14.319+0000][7][gc,phases   ] GC(338)   Other: 5.2ms
[2023-11-16T06:10:14.319+0000][7][gc,heap     ] GC(338) Eden regions: 66->0(65)
[2023-11-16T06:10:14.319+0000][7][gc,heap     ] GC(338) Survivor regions: 1->2(9)
[2023-11-16T06:10:14.319+0000][7][gc,heap     ] GC(338) Old regions: 32->32
[2023-11-16T06:10:14.319+0000][7][gc,heap     ] GC(338) Archive regions: 2->2
[2023-11-16T06:10:14.319+0000][7][gc,heap     ] GC(338) Humongous regions: 5->5
[2023-11-16T06:10:14.319+0000][7][gc,metaspace] GC(338) Metaspace: 120338K(122112K)->120338K(122112K) NonClass: 104441K(105472K)->104441K(105472K) Class: 15897K(16640K)->15897K(16640K)
[2023-11-16T06:10:14.319+0000][7][gc          ] GC(338) Pause Young (Concurrent Start) (G1 Evacuation Pause) 415M->152M(512M) 37.472ms
[2023-11-16T06:10:14.319+0000][7][gc,cpu      ] GC(338) User=0.04s Sys=0.01s Real=0.04s
[2023-11-16T06:10:14.319+0000][7][safepoint   ] Safepoint "G1CollectForAllocation", Time since last: 2054602046 ns, Reaching safepoint: 86178 ns, At safepoint: 37551466 ns, Total: 37637644 ns
[2023-11-16T06:10:14.319+0000][7][gc          ] GC(339) Concurrent Mark Cycle
[2023-11-16T06:10:14.319+0000][7][gc,marking  ] GC(339) Concurrent Clear Claimed Marks
[2023-11-16T06:10:14.319+0000][7][gc,marking  ] GC(339) Concurrent Clear Claimed Marks 0.092ms
[2023-11-16T06:10:14.319+0000][7][gc,marking  ] GC(339) Concurrent Scan Root Regions
[2023-11-16T06:10:14.712+0000][7][gc,marking  ] GC(339) Concurrent Scan Root Regions 392.839ms
[2023-11-16T06:10:14.712+0000][7][gc,marking  ] GC(339) Concurrent Mark
[2023-11-16T06:10:14.712+0000][7][gc,marking  ] GC(339) Concurrent Mark From Roots
[2023-11-16T06:10:14.712+0000][7][gc,task     ] GC(339) Using 2 workers of 2 for marking
[2023-11-16T06:10:17.374+0000][7][safepoint   ] Safepoint "Cleanup", Time since last: 3000215678 ns, Reaching safepoint: 55432624 ns, At safepoint: 23257 ns, Total: 55455881 ns
[2023-11-16T06:10:17.529+0000][7][gc,marking  ] GC(339) Concurrent Mark From Roots 2817.585ms
[2023-11-16T06:10:17.530+0000][7][gc,marking  ] GC(339) Concurrent Preclean
[2023-11-16T06:10:17.534+0000][7][gc,marking  ] GC(339) Concurrent Preclean 4.822ms
[2023-11-16T06:10:17.534+0000][7][gc,start    ] GC(339) Pause Remark
[2023-11-16T06:10:18.132+0000][7][gc,mmu      ] GC(339) MMU target violated: 201.0ms (200.0ms/201.0ms)
[2023-11-16T06:10:18.132+0000][7][gc          ] GC(339) Pause Remark 272M->272M(512M) 597.867ms
[2023-11-16T06:10:18.132+0000][7][gc,cpu      ] GC(339) User=0.17s Sys=0.20s Real=0.60s
[2023-11-16T06:10:18.132+0000][7][safepoint   ] Safepoint "G1Concurrent", Time since last: 159907835 ns, Reaching safepoint: 64952 ns, At safepoint: 597948509 ns, Total: 598013461 ns
[2023-11-16T06:10:18.132+0000][7][gc,marking  ] GC(339) Concurrent Mark 3420.565ms
[2023-11-16T06:10:18.132+0000][7][gc,marking  ] GC(339) Concurrent Rebuild Remembered Sets
[2023-11-16T06:10:18.185+0000][7][gc,marking  ] GC(339) Concurrent Rebuild Remembered Sets 52.147ms
[2023-11-16T06:10:18.393+0000][7][gc,start    ] GC(339) Pause Cleanup
[2023-11-16T06:10:18.393+0000][7][gc          ] GC(339) Pause Cleanup 272M->272M(512M) 0.162ms
[2023-11-16T06:10:18.393+0000][7][gc,cpu      ] GC(339) User=0.00s Sys=0.00s Real=0.00s
[2023-11-16T06:10:18.393+0000][7][safepoint   ] Safepoint "G1Concurrent", Time since last: 52298320 ns, Reaching safepoint: 207866607 ns, At safepoint: 247987 ns, Total: 208114594 ns
[2023-11-16T06:10:18.393+0000][7][gc,marking  ] GC(339) Concurrent Cleanup for Next Mark
[2023-11-16T06:10:18.405+0000][7][gc,marking  ] GC(339) Concurrent Cleanup for Next Mark 12.267ms
[2023-11-16T06:10:18.405+0000][7][gc          ] GC(339) Concurrent Mark Cycle 4086.297ms
[2023-11-16T06:10:19.393+0000][7][safepoint   ] Safepoint "Cleanup", Time since last: 1000126323 ns, Reaching safepoint: 125838 ns, At safepoint: 11932 ns, Total: 137770 ns
[2023-11-16T06:10:19.749+0000][7][safepoint   ] Safepoint "ICBufferFull", Time since last: 351290453 ns, Reaching safepoint: 4447718 ns, At safepoint: 19270 ns, Total: 4466988 ns
[2023-11-16T06:10:19.794+0000][7][safepoint   ] Safepoint "ICBufferFull", Time since last: 45282095 ns, Reaching safepoint: 259562 ns, At safepoint: 9927 ns, Total: 269489 ns
[2023-11-16T06:10:20.593+0000][7][gc,start    ] GC(340) Pause Young (Prepare Mixed) (G1 Evacuation Pause)
[2023-11-16T06:10:20.593+0000][7][gc,task     ] GC(340) Using 8 workers of 8 for evacuation
[2023-11-16T06:10:20.593+0000][7][gc,age      ] GC(340) Desired survivor size 18874368 bytes, new threshold 15 (max threshold 15)
[2023-11-16T06:10:20.598+0000][7][gc,age      ] GC(340) Age table with threshold 15 (max threshold 15)
[2023-11-16T06:10:20.598+0000][7][gc,age      ] GC(340) - age   1:    1774880 bytes,    1774880 total
[2023-11-16T06:10:20.598+0000][7][gc,age      ] GC(340) - age   2:     705240 bytes,    2480120 total
[2023-11-16T06:10:20.598+0000][7][gc,age      ] GC(340) - age   3:     268792 bytes,    2748912 total
[2023-11-16T06:10:20.598+0000][7][gc,age      ] GC(340) - age   4:      11680 bytes,    2760592 total
[2023-11-16T06:10:20.598+0000][7][gc,age      ] GC(340) - age   5:     134744 bytes,    2895336 total
[2023-11-16T06:10:20.598+0000][7][gc,age      ] GC(340) - age   6:     211360 bytes,    3106696 total
[2023-11-16T06:10:20.598+0000][7][gc,age      ] GC(340) - age   7:     100160 bytes,    3206856 total
[2023-11-16T06:10:20.598+0000][7][gc,age      ] GC(340) - age   8:     350016 bytes,    3556872 total
[2023-11-16T06:10:20.598+0000][7][gc,age      ] GC(340) - age   9:     125616 bytes,    3682488 total
[2023-11-16T06:10:20.598+0000][7][gc,age      ] GC(340) - age  10:       1360 bytes,    3683848 total
[2023-11-16T06:10:20.598+0000][7][gc,age      ] GC(340) - age  11:        120 bytes,    3683968 total
[2023-11-16T06:10:20.598+0000][7][gc,age      ] GC(340) - age  12:        192 bytes,    3684160 total
[2023-11-16T06:10:20.598+0000][7][gc,age      ] GC(340) - age  13:     488008 bytes,    4172168 total
[2023-11-16T06:10:20.598+0000][7][gc,age      ] GC(340) - age  14:     440760 bytes,    4612928 total
[2023-11-16T06:10:20.598+0000][7][gc,age      ] GC(340) - age  15:      16032 bytes,    4628960 total
[2023-11-16T06:10:20.598+0000][7][gc,phases   ] GC(340)   Pre Evacuate Collection Set: 0.2ms
[2023-11-16T06:10:20.598+0000][7][gc,phases   ] GC(340)   Merge Heap Roots: 0.1ms
[2023-11-16T06:10:20.598+0000][7][gc,phases   ] GC(340)   Evacuate Collection Set: 4.2ms
[2023-11-16T06:10:20.598+0000][7][gc,phases   ] GC(340)   Post Evacuate Collection Set: 0.9ms
[2023-11-16T06:10:20.599+0000][7][gc,phases   ] GC(340)   Other: 0.4ms
[2023-11-16T06:10:20.599+0000][7][gc,heap     ] GC(340) Eden regions: 65->0(4)
[2023-11-16T06:10:20.599+0000][7][gc,heap     ] GC(340) Survivor regions: 2->2(9)
[2023-11-16T06:10:20.599+0000][7][gc,heap     ] GC(340) Old regions: 32->32
[2023-11-16T06:10:20.599+0000][7][gc,heap     ] GC(340) Archive regions: 2->2
[2023-11-16T06:10:20.599+0000][7][gc,heap     ] GC(340) Humongous regions: 5->5
[2023-11-16T06:10:20.599+0000][7][gc,metaspace] GC(340) Metaspace: 120184K(122112K)->120184K(122112K) NonClass: 104325K(105472K)->104325K(105472K) Class: 15859K(16640K)->15859K(16640K)
[2023-11-16T06:10:20.599+0000][7][gc          ] GC(340) Pause Young (Prepare Mixed) (G1 Evacuation Pause) 412M->152M(512M) 5.859ms
[2023-11-16T06:10:20.599+0000][7][gc,cpu      ] GC(340) User=0.03s Sys=0.00s Real=0.01s
[2023-11-16T06:10:20.599+0000][7][safepoint   ] Safepoint "G1CollectForAllocation", Time since last: 797941516 ns, Reaching safepoint: 314687 ns, At safepoint: 6002329 ns, Total: 6317016 ns
[2023-11-16T06:10:21.051+0000][7][gc,start    ] GC(341) Pause Young (Mixed) (G1 Evacuation Pause)
[2023-11-16T06:10:21.051+0000][7][gc,task     ] GC(341) Using 8 workers of 8 for evacuation
[2023-11-16T06:10:21.051+0000][7][gc,age      ] GC(341) Desired survivor size 2097152 bytes, new threshold 2 (max threshold 15)
[2023-11-16T06:10:21.066+0000][7][gc,age      ] GC(341) Age table with threshold 2 (max threshold 15)
[2023-11-16T06:10:21.066+0000][7][gc,age      ] GC(341) - age   1:     756440 bytes,     756440 total
[2023-11-16T06:10:21.066+0000][7][gc,age      ] GC(341) - age   2:     631280 bytes,    1387720 total
[2023-11-16T06:10:21.066+0000][7][gc,phases   ] GC(341)   Pre Evacuate Collection Set: 0.1ms
[2023-11-16T06:10:21.066+0000][7][gc,phases   ] GC(341)   Merge Heap Roots: 0.1ms
[2023-11-16T06:10:21.066+0000][7][gc,phases   ] GC(341)   Evacuate Collection Set: 14.3ms
[2023-11-16T06:10:21.066+0000][7][gc,phases   ] GC(341)   Post Evacuate Collection Set: 0.5ms
[2023-11-16T06:10:21.066+0000][7][gc,phases   ] GC(341)   Other: 0.2ms
[2023-11-16T06:10:21.066+0000][7][gc,heap     ] GC(341) Eden regions: 4->0(67)
[2023-11-16T06:10:21.066+0000][7][gc,heap     ] GC(341) Survivor regions: 2->1(1)
[2023-11-16T06:10:21.066+0000][7][gc,heap     ] GC(341) Old regions: 32->31
[2023-11-16T06:10:21.066+0000][7][gc,heap     ] GC(341) Archive regions: 2->2
[2023-11-16T06:10:21.066+0000][7][gc,heap     ] GC(341) Humongous regions: 5->5
[2023-11-16T06:10:21.066+0000][7][gc,metaspace] GC(341) Metaspace: 120184K(122112K)->120184K(122112K) NonClass: 104325K(105472K)->104325K(105472K) Class: 15859K(16640K)->15859K(16640K)
[2023-11-16T06:10:21.066+0000][7][gc          ] GC(341) Pause Young (Mixed) (G1 Evacuation Pause) 168M->148M(512M) 15.150ms
[2023-11-16T06:10:21.066+0000][7][gc,cpu      ] GC(341) User=0.01s Sys=0.00s Real=0.01s
[2023-11-16T06:10:21.066+0000][7][safepoint   ] Safepoint "G1CollectForAllocation", Time since last: 452008065 ns, Reaching safepoint: 50306 ns, At safepoint: 15256792 ns, Total: 15307098 ns
[2023-11-16T06:10:23.066+0000][7][safepoint   ] Safepoint "Cleanup", Time since last: 2000195349 ns, Reaching safepoint: 84586 ns, At safepoint: 29882 ns, Total: 114468 ns
[2023-11-16T06:10:24.066+0000][7][safepoint   ] Safepoint "Cleanup", Time since last: 1000126166 ns, Reaching safepoint: 63789 ns, At safepoint: 26022 ns, Total: 89811 ns
[2023-11-16T06:10:25.067+0000][7][safepoint   ] Safepoint "Cleanup", Time since last: 1000105373 ns, Reaching safepoint: 103974 ns, At safepoint: 12036 ns, Total: 116010 ns
[2023-11-16T06:10:26.067+0000][7][safepoint   ] Safepoint "Cleanup", Time since last: 1000149675 ns, Reaching safepoint: 165301 ns, At safepoint: 41451 ns, Total: 206752 ns
[2023-11-16T06:10:27.068+0000][7][safepoint   ] Safepoint "Cleanup", Time since last: 1000354878 ns, Reaching safepoint: 120775 ns, At safepoint: 6749 ns, Total: 127524 ns
[2023-11-16T06:10:27.654+0000][7][gc,start    ] GC(342) Pause Young (Normal) (G1 Evacuation Pause)
[2023-11-16T06:10:27.654+0000][7][gc,task     ] GC(342) Using 8 workers of 8 for evacuation
[2023-11-16T06:10:27.654+0000][7][gc,age      ] GC(342) Desired survivor size 18874368 bytes, new threshold 15 (max threshold 15)
[2023-11-16T06:10:27.656+0000][7][gc,age      ] GC(342) Age table with threshold 15 (max threshold 15)
[2023-11-16T06:10:27.656+0000][7][gc,age      ] GC(342) - age   1:    2000296 bytes,    2000296 total
[2023-11-16T06:10:27.656+0000][7][gc,age      ] GC(342) - age   2:     223832 bytes,    2224128 total
[2023-11-16T06:10:27.656+0000][7][gc,age      ] GC(342) - age   3:      46744 bytes,    2270872 total
[2023-11-16T06:10:27.656+0000][7][gc,phases   ] GC(342)   Pre Evacuate Collection Set: 0.1ms
[2023-11-16T06:10:27.656+0000][7][gc,phases   ] GC(342)   Merge Heap Roots: 0.0ms
[2023-11-16T06:10:27.656+0000][7][gc,phases   ] GC(342)   Evacuate Collection Set: 1.7ms
[2023-11-16T06:10:27.656+0000][7][gc,phases   ] GC(342)   Post Evacuate Collection Set: 0.7ms
[2023-11-16T06:10:27.657+0000][7][gc,phases   ] GC(342)   Other: 0.2ms
[2023-11-16T06:10:27.657+0000][7][gc,heap     ] GC(342) Eden regions: 67->0(67)
[2023-11-16T06:10:27.657+0000][7][gc,heap     ] GC(342) Survivor regions: 1->1(9)
[2023-11-16T06:10:27.657+0000][7][gc,heap     ] GC(342) Old regions: 31->31
[2023-11-16T06:10:27.657+0000][7][gc,heap     ] GC(342) Archive regions: 2->2
[2023-11-16T06:10:27.657+0000][7][gc,heap     ] GC(342) Humongous regions: 5->5
[2023-11-16T06:10:27.657+0000][7][gc,metaspace] GC(342) Metaspace: 120191K(122112K)->120191K(122112K) NonClass: 104331K(105472K)->104331K(105472K) Class: 15859K(16640K)->15859K(16640K)
[2023-11-16T06:10:27.657+0000][7][gc          ] GC(342) Pause Young (Normal) (G1 Evacuation Pause) 416M->149M(512M) 2.747ms
[2023-11-16T06:10:27.657+0000][7][gc,cpu      ] GC(342) User=0.01s Sys=0.00s Real=0.00s
[2023-11-16T06:10:27.657+0000][7][safepoint   ] Safepoint "G1CollectForAllocation", Time since last: 586077553 ns, Reaching safepoint: 160026 ns, At safepoint: 2835619 ns, Total: 2995645 ns
[2023-11-16T06:10:28.018+0000][7][gc,start    ] GC(343) Pause Young (Normal) (G1 Evacuation Pause)
[2023-11-16T06:10:28.018+0000][7][gc,task     ] GC(343) Using 8 workers of 8 for evacuation
[2023-11-16T06:10:28.018+0000][7][gc,age      ] GC(343) Desired survivor size 18874368 bytes, new threshold 15 (max threshold 15)
[2023-11-16T06:10:28.028+0000][7][gc,age      ] GC(343) Age table with threshold 15 (max threshold 15)
[2023-11-16T06:10:28.028+0000][7][gc,age      ] GC(343) - age   1:     723688 bytes,     723688 total
[2023-11-16T06:10:28.028+0000][7][gc,age      ] GC(343) - age   2:     953568 bytes,    1677256 total
[2023-11-16T06:10:28.028+0000][7][gc,age      ] GC(343) - age   3:     222632 bytes,    1899888 total
[2023-11-16T06:10:28.028+0000][7][gc,age      ] GC(343) - age   4:      46400 bytes,    1946288 total
[2023-11-16T06:10:28.029+0000][7][gc,phases   ] GC(343)   Pre Evacuate Collection Set: 0.1ms
[2023-11-16T06:10:28.029+0000][7][gc,phases   ] GC(343)   Merge Heap Roots: 0.0ms
[2023-11-16T06:10:28.029+0000][7][gc,phases   ] GC(343)   Evacuate Collection Set: 9.6ms
[2023-11-16T06:10:28.029+0000][7][gc,phases   ] GC(343)   Post Evacuate Collection Set: 0.5ms
[2023-11-16T06:10:28.029+0000][7][gc,phases   ] GC(343)   Other: 0.2ms
[2023-11-16T06:10:28.029+0000][7][gc,heap     ] GC(343) Eden regions: 67->0(67)
[2023-11-16T06:10:28.029+0000][7][gc,heap     ] GC(343) Survivor regions: 1->1(9)
[2023-11-16T06:10:28.029+0000][7][gc,heap     ] GC(343) Old regions: 31->31
[2023-11-16T06:10:28.029+0000][7][gc,heap     ] GC(343) Archive regions: 2->2
[2023-11-16T06:10:28.029+0000][7][gc,heap     ] GC(343) Humongous regions: 5->5
[2023-11-16T06:10:28.029+0000][7][gc,metaspace] GC(343) Metaspace: 120195K(122112K)->120195K(122112K) NonClass: 104335K(105472K)->104335K(105472K) Class: 15859K(16640K)->15859K(16640K)
[2023-11-16T06:10:28.029+0000][7][gc          ] GC(343) Pause Young (Normal) (G1 Evacuation Pause) 417M->148M(512M) 10.414ms
[2023-11-16T06:10:28.029+0000][7][gc,cpu      ] GC(343) User=0.01s Sys=0.00s Real=0.02s
[2023-11-16T06:10:28.029+0000][7][safepoint   ] Safepoint "G1CollectForAllocation", Time since last: 361431217 ns, Reaching safepoint: 92623 ns, At safepoint: 10485363 ns, Total: 10577986 ns
[2023-11-16T06:10:29.029+0000][7][safepoint   ] Safepoint "Cleanup", Time since last: 1000070311 ns, Reaching safepoint: 77575 ns, At safepoint: 6249 ns, Total: 83824 ns
[2023-11-16T06:10:30.029+0000][7][safepoint   ] Safepoint "Cleanup", Time since last: 1000144255 ns, Reaching safepoint: 81450 ns, At safepoint: 7857 ns, Total: 89307 ns
[2023-11-16T06:10:32.029+0000][7][safepoint   ] Safepoint "Cleanup", Time since last: 2000257464 ns, Reaching safepoint: 49954 ns, At safepoint: 25974 ns, Total: 75928 ns
[2023-11-16T06:10:34.759+0000][7][gc,start    ] GC(344) Pause Young (Normal) (G1 Evacuation Pause)
[2023-11-16T06:10:34.759+0000][7][gc,task     ] GC(344) Using 8 workers of 8 for evacuation
[2023-11-16T06:10:34.759+0000][7][gc,age      ] GC(344) Desired survivor size 18874368 bytes, new threshold 15 (max threshold 15)
[2023-11-16T06:10:34.779+0000][7][gc,age      ] GC(344) Age table with threshold 15 (max threshold 15)
[2023-11-16T06:10:34.779+0000][7][gc,age      ] GC(344) - age   1:    1765336 bytes,    1765336 total
[2023-11-16T06:10:34.779+0000][7][gc,age      ] GC(344) - age   2:      13768 bytes,    1779104 total
[2023-11-16T06:10:34.779+0000][7][gc,age      ] GC(344) - age   3:     254600 bytes,    2033704 total
[2023-11-16T06:10:34.779+0000][7][gc,age      ] GC(344) - age   4:     124504 bytes,    2158208 total
[2023-11-16T06:10:34.779+0000][7][gc,age      ] GC(344) - age   5:      44960 bytes,    2203168 total
[2023-11-16T06:10:34.779+0000][7][gc,phases   ] GC(344)   Pre Evacuate Collection Set: 0.2ms
[2023-11-16T06:10:34.779+0000][7][gc,phases   ] GC(344)   Merge Heap Roots: 0.1ms
[2023-11-16T06:10:34.779+0000][7][gc,phases   ] GC(344)   Evacuate Collection Set: 18.8ms
[2023-11-16T06:10:34.779+0000][7][gc,phases   ] GC(344)   Post Evacuate Collection Set: 0.7ms
[2023-11-16T06:10:34.779+0000][7][gc,phases   ] GC(344)   Other: 0.4ms
[2023-11-16T06:10:34.779+0000][7][gc,heap     ] GC(344) Eden regions: 67->0(67)
[2023-11-16T06:10:34.779+0000][7][gc,heap     ] GC(344) Survivor regions: 1->1(9)
[2023-11-16T06:10:34.779+0000][7][gc,heap     ] GC(344) Old regions: 31->31
[2023-11-16T06:10:34.779+0000][7][gc,heap     ] GC(344) Archive regions: 2->2
[2023-11-16T06:10:34.779+0000][7][gc,heap     ] GC(344) Humongous regions: 5->5
[2023-11-16T06:10:34.779+0000][7][gc,metaspace] GC(344) Metaspace: 120195K(122112K)->120195K(122112K) NonClass: 104335K(105472K)->104335K(105472K) Class: 15859K(16640K)->15859K(16640K)
[2023-11-16T06:10:34.779+0000][7][gc          ] GC(344) Pause Young (Normal) (G1 Evacuation Pause) 416M->149M(512M) 20.033ms
[2023-11-16T06:10:34.779+0000][7][gc,cpu      ] GC(344) User=0.03s Sys=0.01s Real=0.02s
[2023-11-16T06:10:34.779+0000][7][safepoint   ] Safepoint "G1CollectForAllocation", Time since last: 2729820252 ns, Reaching safepoint: 56164 ns, At safepoint: 20164026 ns, Total: 20220190 ns
[2023-11-16T06:10:38.780+0000][7][safepoint   ] Safepoint "Cleanup", Time since last: 4000406853 ns, Reaching safepoint: 84463 ns, At safepoint: 7824 ns, Total: 92287 ns
[2023-11-16T06:10:41.182+0000][7][gc,start    ] GC(345) Pause Young (Normal) (G1 Evacuation Pause)
[2023-11-16T06:10:41.182+0000][7][gc,task     ] GC(345) Using 8 workers of 8 for evacuation
[2023-11-16T06:10:41.182+0000][7][gc,age      ] GC(345) Desired survivor size 18874368 bytes, new threshold 15 (max threshold 15)
[2023-11-16T06:10:41.185+0000][7][gc,age      ] GC(345) Age table with threshold 15 (max threshold 15)
[2023-11-16T06:10:41.185+0000][7][gc,age      ] GC(345) - age   1:    1494416 bytes,    1494416 total
[2023-11-16T06:10:41.185+0000][7][gc,age      ] GC(345) - age   2:     526600 bytes,    2021016 total
[2023-11-16T06:10:41.185+0000][7][gc,age      ] GC(345) - age   3:      12728 bytes,    2033744 total
[2023-11-16T06:10:41.185+0000][7][gc,age      ] GC(345) - age   4:     253376 bytes,    2287120 total
[2023-11-16T06:10:41.185+0000][7][gc,age      ] GC(345) - age   5:     124504 bytes,    2411624 total
[2023-11-16T06:10:41.185+0000][7][gc,age      ] GC(345) - age   6:      44864 bytes,    2456488 total
[2023-11-16T06:10:41.185+0000][7][gc,phases   ] GC(345)   Pre Evacuate Collection Set: 0.1ms
[2023-11-16T06:10:41.185+0000][7][gc,phases   ] GC(345)   Merge Heap Roots: 0.0ms
[2023-11-16T06:10:41.185+0000][7][gc,phases   ] GC(345)   Evacuate Collection Set: 2.0ms
[2023-11-16T06:10:41.185+0000][7][gc,phases   ] GC(345)   Post Evacuate Collection Set: 0.5ms
[2023-11-16T06:10:41.185+0000][7][gc,phases   ] GC(345)   Other: 0.2ms
[2023-11-16T06:10:41.185+0000][7][gc,heap     ] GC(345) Eden regions: 67->0(67)
[2023-11-16T06:10:41.185+0000][7][gc,heap     ] GC(345) Survivor regions: 1->1(9)
[2023-11-16T06:10:41.185+0000][7][gc,heap     ] GC(345) Old regions: 31->31
[2023-11-16T06:10:41.185+0000][7][gc,heap     ] GC(345) Archive regions: 2->2
[2023-11-16T06:10:41.185+0000][7][gc,heap     ] GC(345) Humongous regions: 5->5
[2023-11-16T06:10:41.185+0000][7][gc,metaspace] GC(345) Metaspace: 120195K(122112K)->120195K(122112K) NonClass: 104335K(105472K)->104335K(105472K) Class: 15859K(16640K)->15859K(16640K)
[2023-11-16T06:10:41.185+0000][7][gc          ] GC(345) Pause Young (Normal) (G1 Evacuation Pause) 417M->149M(512M) 2.779ms
[2023-11-16T06:10:41.185+0000][7][gc,cpu      ] GC(345) User=0.01s Sys=0.00s Real=0.00s
[2023-11-16T06:10:41.185+0000][7][safepoint   ] Safepoint "G1CollectForAllocation", Time since last: 2402266572 ns, Reaching safepoint: 67920 ns, At safepoint: 2845384 ns, Total: 2913304 ns
[2023-11-16T06:10:42.185+0000][7][safepoint   ] Safepoint "Cleanup", Time since last: 1000067285 ns, Reaching safepoint: 87793 ns, At safepoint: 9201 ns, Total: 96994 ns
[2023-11-16T06:10:42.400+0000][7][gc,start    ] GC(346) Pause Young (Normal) (G1 Evacuation Pause)
[2023-11-16T06:10:42.400+0000][7][gc,task     ] GC(346) Using 8 workers of 8 for evacuation
[2023-11-16T06:10:42.400+0000][7][gc,age      ] GC(346) Desired survivor size 18874368 bytes, new threshold 15 (max threshold 15)
[2023-11-16T06:10:42.405+0000][7][gc,age      ] GC(346) Age table with threshold 15 (max threshold 15)
[2023-11-16T06:10:42.405+0000][7][gc,age      ] GC(346) - age   1:    3484232 bytes,    3484232 total
[2023-11-16T06:10:42.405+0000][7][gc,age      ] GC(346) - age   2:     937192 bytes,    4421424 total
[2023-11-16T06:10:42.405+0000][7][gc,age      ] GC(346) - age   3:     525376 bytes,    4946800 total
[2023-11-16T06:10:42.405+0000][7][gc,age      ] GC(346) - age   4:      12728 bytes,    4959528 total
[2023-11-16T06:10:42.405+0000][7][gc,age      ] GC(346) - age   5:     252976 bytes,    5212504 total
[2023-11-16T06:10:42.405+0000][7][gc,age      ] GC(346) - age   6:     124504 bytes,    5337008 total
[2023-11-16T06:10:42.405+0000][7][gc,age      ] GC(346) - age   7:      44864 bytes,    5381872 total
[2023-11-16T06:10:42.405+0000][7][gc,phases   ] GC(346)   Pre Evacuate Collection Set: 0.1ms
[2023-11-16T06:10:42.405+0000][7][gc,phases   ] GC(346)   Merge Heap Roots: 0.0ms
[2023-11-16T06:10:42.405+0000][7][gc,phases   ] GC(346)   Evacuate Collection Set: 3.7ms
[2023-11-16T06:10:42.405+0000][7][gc,phases   ] GC(346)   Post Evacuate Collection Set: 1.6ms
[2023-11-16T06:10:42.406+0000][7][gc,phases   ] GC(346)   Other: 0.3ms
[2023-11-16T06:10:42.406+0000][7][gc,heap     ] GC(346) Eden regions: 67->0(66)
[2023-11-16T06:10:42.406+0000][7][gc,heap     ] GC(346) Survivor regions: 1->2(9)
[2023-11-16T06:10:42.406+0000][7][gc,heap     ] GC(346) Old regions: 31->31
[2023-11-16T06:10:42.406+0000][7][gc,heap     ] GC(346) Archive regions: 2->2
[2023-11-16T06:10:42.406+0000][7][gc,heap     ] GC(346) Humongous regions: 5->5
[2023-11-16T06:10:42.406+0000][7][gc,metaspace] GC(346) Metaspace: 120198K(122112K)->120198K(122112K) NonClass: 104338K(105472K)->104338K(105472K) Class: 15859K(16640K)->15859K(16640K)
[2023-11-16T06:10:42.406+0000][7][gc          ] GC(346) Pause Young (Normal) (G1 Evacuation Pause) 417M->152M(512M) 5.878ms
[2023-11-16T06:10:42.406+0000][7][gc,cpu      ] GC(346) User=0.04s Sys=0.00s Real=0.00s
[2023-11-16T06:10:42.406+0000][7][safepoint   ] Safepoint "G1CollectForAllocation", Time since last: 214305211 ns, Reaching safepoint: 122116 ns, At safepoint: 6099600 ns, Total: 6221716 ns
[2023-11-16T06:10:46.406+0000][7][safepoint   ] Safepoint "Cleanup", Time since last: 4000343211 ns, Reaching safepoint: 91071 ns, At safepoint: 15325 ns, Total: 106396 ns
[2023-11-16T06:10:47.018+0000][7][gc,start    ] GC(347) Pause Young (Normal) (G1 Evacuation Pause)
[2023-11-16T06:10:47.018+0000][7][gc,task     ] GC(347) Using 8 workers of 8 for evacuation
[2023-11-16T06:10:47.018+0000][7][gc,age      ] GC(347) Desired survivor size 18874368 bytes, new threshold 15 (max threshold 15)
[2023-11-16T06:10:47.021+0000][7][gc,age      ] GC(347) Age table with threshold 15 (max threshold 15)
[2023-11-16T06:10:47.021+0000][7][gc,age      ] GC(347) - age   1:    2576408 bytes,    2576408 total
[2023-11-16T06:10:47.021+0000][7][gc,age      ] GC(347) - age   2:     159336 bytes,    2735744 total
[2023-11-16T06:10:47.021+0000][7][gc,age      ] GC(347) - age   3:     430800 bytes,    3166544 total
[2023-11-16T06:10:47.021+0000][7][gc,age      ] GC(347) - age   4:     206032 bytes,    3372576 total
[2023-11-16T06:10:47.021+0000][7][gc,age      ] GC(347) - age   5:      12632 bytes,    3385208 total
[2023-11-16T06:10:47.021+0000][7][gc,age      ] GC(347) - age   6:     159776 bytes,    3544984 total
[2023-11-16T06:10:47.021+0000][7][gc,age      ] GC(347) - age   7:     124408 bytes,    3669392 total
[2023-11-16T06:10:47.021+0000][7][gc,age      ] GC(347) - age   8:      44328 bytes,    3713720 total
[2023-11-16T06:10:47.021+0000][7][gc,phases   ] GC(347)   Pre Evacuate Collection Set: 0.1ms
[2023-11-16T06:10:47.021+0000][7][gc,phases   ] GC(347)   Merge Heap Roots: 0.2ms
[2023-11-16T06:10:47.021+0000][7][gc,phases   ] GC(347)   Evacuate Collection Set: 2.1ms
[2023-11-16T06:10:47.021+0000][7][gc,phases   ] GC(347)   Post Evacuate Collection Set: 0.6ms
[2023-11-16T06:10:47.021+0000][7][gc,phases   ] GC(347)   Other: 0.2ms
[2023-11-16T06:10:47.021+0000][7][gc,heap     ] GC(347) Eden regions: 66->0(66)
[2023-11-16T06:10:47.021+0000][7][gc,heap     ] GC(347) Survivor regions: 2->1(9)
[2023-11-16T06:10:47.021+0000][7][gc,heap     ] GC(347) Old regions: 31->31
[2023-11-16T06:10:47.021+0000][7][gc,heap     ] GC(347) Archive regions: 2->2
[2023-11-16T06:10:47.021+0000][7][gc,heap     ] GC(347) Humongous regions: 5->5
[2023-11-16T06:10:47.021+0000][7][gc,metaspace] GC(347) Metaspace: 120207K(122112K)->120207K(122112K) NonClass: 104347K(105472K)->104347K(105472K) Class: 15859K(16640K)->15859K(16640K)
[2023-11-16T06:10:47.021+0000][7][gc          ] GC(347) Pause Young (Normal) (G1 Evacuation Pause) 416M->150M(512M) 3.101ms
[2023-11-16T06:10:47.021+0000][7][gc,cpu      ] GC(347) User=0.02s Sys=0.00s Real=0.01s
[2023-11-16T06:10:47.021+0000][7][safepoint   ] Safepoint "G1CollectForAllocation", Time since last: 611990005 ns, Reaching safepoint: 83026 ns, At safepoint: 3166149 ns, Total: 3249175 ns
[2023-11-16T06:10:49.022+0000][7][safepoint   ] Safepoint "Cleanup", Time since last: 2000271651 ns, Reaching safepoint: 169137 ns, At safepoint: 31426 ns, Total: 200563 ns
[2023-11-16T06:10:52.023+0000][7][safepoint   ] Safepoint "Cleanup", Time since last: 3000426544 ns, Reaching safepoint: 147948 ns, At safepoint: 27154 ns, Total: 175102 ns
[2023-11-16T06:10:53.023+0000][7][safepoint   ] Safepoint "Cleanup", Time since last: 1000093119 ns, Reaching safepoint: 71813 ns, At safepoint: 10240 ns, Total: 82053 ns
[2023-11-16T06:10:54.270+0000][7][gc,start    ] GC(348) Pause Young (Normal) (G1 Evacuation Pause)
[2023-11-16T06:10:54.271+0000][7][gc,task     ] GC(348) Using 8 workers of 8 for evacuation
[2023-11-16T06:10:54.271+0000][7][gc,age      ] GC(348) Desired survivor size 18874368 bytes, new threshold 15 (max threshold 15)
[2023-11-16T06:10:54.273+0000][7][gc,age      ] GC(348) Age table with threshold 15 (max threshold 15)
[2023-11-16T06:10:54.273+0000][7][gc,age      ] GC(348) - age   1:    1903552 bytes,    1903552 total
[2023-11-16T06:10:54.273+0000][7][gc,age      ] GC(348) - age   2:     241728 bytes,    2145280 total
[2023-11-16T06:10:54.273+0000][7][gc,age      ] GC(348) - age   3:      13032 bytes,    2158312 total
[2023-11-16T06:10:54.273+0000][7][gc,age      ] GC(348) - age   4:     135280 bytes,    2293592 total
[2023-11-16T06:10:54.273+0000][7][gc,age      ] GC(348) - age   5:     205584 bytes,    2499176 total
[2023-11-16T06:10:54.273+0000][7][gc,age      ] GC(348) - age   6:      12632 bytes,    2511808 total
[2023-11-16T06:10:54.273+0000][7][gc,age      ] GC(348) - age   7:     159400 bytes,    2671208 total
[2023-11-16T06:10:54.273+0000][7][gc,age      ] GC(348) - age   8:     124408 bytes,    2795616 total
[2023-11-16T06:10:54.273+0000][7][gc,age      ] GC(348) - age   9:      44328 bytes,    2839944 total
[2023-11-16T06:10:54.273+0000][7][gc,phases   ] GC(348)   Pre Evacuate Collection Set: 0.1ms
[2023-11-16T06:10:54.273+0000][7][gc,phases   ] GC(348)   Merge Heap Roots: 0.0ms
[2023-11-16T06:10:54.273+0000][7][gc,phases   ] GC(348)   Evacuate Collection Set: 1.4ms
[2023-11-16T06:10:54.273+0000][7][gc,phases   ] GC(348)   Post Evacuate Collection Set: 0.6ms
[2023-11-16T06:10:54.273+0000][7][gc,phases   ] GC(348)   Other: 0.2ms
[2023-11-16T06:10:54.273+0000][7][gc,heap     ] GC(348) Eden regions: 66->0(66)
[2023-11-16T06:10:54.273+0000][7][gc,heap     ] GC(348) Survivor regions: 1->1(9)
[2023-11-16T06:10:54.273+0000][7][gc,heap     ] GC(348) Old regions: 31->31
[2023-11-16T06:10:54.273+0000][7][gc,heap     ] GC(348) Archive regions: 2->2
[2023-11-16T06:10:54.273+0000][7][gc,heap     ] GC(348) Humongous regions: 5->5
[2023-11-16T06:10:54.273+0000][7][gc,metaspace] GC(348) Metaspace: 120208K(122112K)->120208K(122112K) NonClass: 104348K(105472K)->104348K(105472K) Class: 15859K(16640K)->15859K(16640K)
[2023-11-16T06:10:54.273+0000][7][gc          ] GC(348) Pause Young (Normal) (G1 Evacuation Pause) 414M->149M(512M) 2.398ms
[2023-11-16T06:10:54.273+0000][7][gc,cpu      ] GC(348) User=0.01s Sys=0.00s Real=0.00s
[2023-11-16T06:10:54.273+0000][7][safepoint   ] Safepoint "G1CollectForAllocation", Time since last: 1247716654 ns, Reaching safepoint: 29516 ns, At safepoint: 2486236 ns, Total: 2515752 ns
[2023-11-16T06:10:55.273+0000][7][safepoint   ] Safepoint "Cleanup", Time since last: 1000069325 ns, Reaching safepoint: 85123 ns, At safepoint: 3274 ns, Total: 88397 ns
[2023-11-16T06:10:56.273+0000][7][safepoint   ] Safepoint "Cleanup", Time since last: 1000221996 ns, Reaching safepoint: 140970 ns, At safepoint: 5963 ns, Total: 146933 ns
[2023-11-16T06:11:00.565+0000][7][gc,start    ] GC(349) Pause Young (Normal) (G1 Evacuation Pause)
[2023-11-16T06:11:00.565+0000][7][gc,task     ] GC(349) Using 8 workers of 8 for evacuation
[2023-11-16T06:11:00.565+0000][7][gc,age      ] GC(349) Desired survivor size 18874368 bytes, new threshold 15 (max threshold 15)
[2023-11-16T06:11:00.567+0000][7][gc,age      ] GC(349) Age table with threshold 15 (max threshold 15)
[2023-11-16T06:11:00.567+0000][7][gc,age      ] GC(349) - age   1:    1777736 bytes,    1777736 total
[2023-11-16T06:11:00.567+0000][7][gc,age      ] GC(349) - age   2:     481112 bytes,    2258848 total
[2023-11-16T06:11:00.567+0000][7][gc,age      ] GC(349) - age   3:     239000 bytes,    2497848 total
[2023-11-16T06:11:00.567+0000][7][gc,age      ] GC(349) - age   4:      13032 bytes,    2510880 total
[2023-11-16T06:11:00.567+0000][7][gc,age      ] GC(349) - age   5:     135080 bytes,    2645960 total
[2023-11-16T06:11:00.567+0000][7][gc,age      ] GC(349) - age   6:     202536 bytes,    2848496 total
[2023-11-16T06:11:00.567+0000][7][gc,age      ] GC(349) - age   7:        896 bytes,    2849392 total
[2023-11-16T06:11:00.567+0000][7][gc,age      ] GC(349) - age   8:     147416 bytes,    2996808 total
[2023-11-16T06:11:00.567+0000][7][gc,age      ] GC(349) - age  10:      41904 bytes,    3038712 total
[2023-11-16T06:11:00.567+0000][7][gc,phases   ] GC(349)   Pre Evacuate Collection Set: 0.1ms
[2023-11-16T06:11:00.567+0000][7][gc,phases   ] GC(349)   Merge Heap Roots: 0.1ms
[2023-11-16T06:11:00.567+0000][7][gc,phases   ] GC(349)   Evacuate Collection Set: 1.7ms
[2023-11-16T06:11:00.567+0000][7][gc,phases   ] GC(349)   Post Evacuate Collection Set: 0.7ms
[2023-11-16T06:11:00.567+0000][7][gc,phases   ] GC(349)   Other: 0.2ms
[2023-11-16T06:11:00.567+0000][7][gc,heap     ] GC(349) Eden regions: 66->0(67)
[2023-11-16T06:11:00.567+0000][7][gc,heap     ] GC(349) Survivor regions: 1->1(9)
[2023-11-16T06:11:00.567+0000][7][gc,heap     ] GC(349) Old regions: 31->31
[2023-11-16T06:11:00.567+0000][7][gc,heap     ] GC(349) Archive regions: 2->2
[2023-11-16T06:11:00.567+0000][7][gc,heap     ] GC(349) Humongous regions: 5->5
[2023-11-16T06:11:00.567+0000][7][gc,metaspace] GC(349) Metaspace: 120211K(122112K)->120211K(122112K) NonClass: 104351K(105472K)->104351K(105472K) Class: 15859K(16640K)->15859K(16640K)
[2023-11-16T06:11:00.567+0000][7][gc          ] GC(349) Pause Young (Normal) (G1 Evacuation Pause) 413M->149M(512M) 2.771ms
[2023-11-16T06:11:00.568+0000][7][gc,cpu      ] GC(349) User=0.02s Sys=0.00s Real=0.00s
[2023-11-16T06:11:00.568+0000][7][safepoint   ] Safepoint "G1CollectForAllocation", Time since last: 4291164365 ns, Reaching safepoint: 30779 ns, At safepoint: 2873619 ns, Total: 2904398 ns
[2023-11-16T06:11:02.568+0000][7][safepoint   ] Safepoint "Cleanup", Time since last: 2000166772 ns, Reaching safepoint: 222123 ns, At safepoint: 6665 ns, Total: 228788 ns
[2023-11-16T06:11:05.568+0000][7][safepoint   ] Safepoint "Cleanup", Time since last: 3000207496 ns, Reaching safepoint: 66983 ns, At safepoint: 3816 ns, Total: 70799 ns
[2023-11-16T06:11:06.052+0000][7][gc,start    ] GC(350) Pause Young (Normal) (G1 Evacuation Pause)
[2023-11-16T06:11:06.052+0000][7][gc,task     ] GC(350) Using 8 workers of 8 for evacuation
[2023-11-16T06:11:06.053+0000][7][gc,age      ] GC(350) Desired survivor size 18874368 bytes, new threshold 15 (max threshold 15)
[2023-11-16T06:11:06.054+0000][7][gc,age      ] GC(350) Age table with threshold 15 (max threshold 15)
[2023-11-16T06:11:06.054+0000][7][gc,age      ] GC(350) - age   1:    1045936 bytes,    1045936 total
[2023-11-16T06:11:06.054+0000][7][gc,age      ] GC(350) - age   2:     175016 bytes,    1220952 total
[2023-11-16T06:11:06.054+0000][7][gc,age      ] GC(350) - age   3:     141896 bytes,    1362848 total
[2023-11-16T06:11:06.054+0000][7][gc,age      ] GC(350) - age   4:      11408 bytes,    1374256 total
[2023-11-16T06:11:06.054+0000][7][gc,age      ] GC(350) - age   5:      12872 bytes,    1387128 total
[2023-11-16T06:11:06.054+0000][7][gc,age      ] GC(350) - age   6:     134528 bytes,    1521656 total
[2023-11-16T06:11:06.054+0000][7][gc,age      ] GC(350) - age   7:      73344 bytes,    1595000 total
[2023-11-16T06:11:06.054+0000][7][gc,age      ] GC(350) - age   8:        896 bytes,    1595896 total
[2023-11-16T06:11:06.054+0000][7][gc,age      ] GC(350) - age   9:     147384 bytes,    1743280 total
[2023-11-16T06:11:06.054+0000][7][gc,age      ] GC(350) - age  11:      41904 bytes,    1785184 total
[2023-11-16T06:11:06.054+0000][7][gc,phases   ] GC(350)   Pre Evacuate Collection Set: 0.1ms
[2023-11-16T06:11:06.054+0000][7][gc,phases   ] GC(350)   Merge Heap Roots: 0.1ms
[2023-11-16T06:11:06.054+0000][7][gc,phases   ] GC(350)   Evacuate Collection Set: 0.9ms
[2023-11-16T06:11:06.054+0000][7][gc,phases   ] GC(350)   Post Evacuate Collection Set: 0.6ms
[2023-11-16T06:11:06.054+0000][7][gc,phases   ] GC(350)   Other: 0.2ms
[2023-11-16T06:11:06.054+0000][7][gc,heap     ] GC(350) Eden regions: 67->0(67)
[2023-11-16T06:11:06.054+0000][7][gc,heap     ] GC(350) Survivor regions: 1->1(9)
[2023-11-16T06:11:06.054+0000][7][gc,heap     ] GC(350) Old regions: 31->31
[2023-11-16T06:11:06.054+0000][7][gc,heap     ] GC(350) Archive regions: 2->2
[2023-11-16T06:11:06.054+0000][7][gc,heap     ] GC(350) Humongous regions: 5->5
[2023-11-16T06:11:06.054+0000][7][gc,metaspace] GC(350) Metaspace: 120211K(122112K)->120211K(122112K) NonClass: 104351K(105472K)->104351K(105472K) Class: 15859K(16640K)->15859K(16640K)
[2023-11-16T06:11:06.054+0000][7][gc          ] GC(350) Pause Young (Normal) (G1 Evacuation Pause) 417M->148M(512M) 1.879ms
[2023-11-16T06:11:06.054+0000][7][gc,cpu      ] GC(350) User=0.00s Sys=0.00s Real=0.00s
[2023-11-16T06:11:06.054+0000][7][safepoint   ] Safepoint "G1CollectForAllocation", Time since last: 484189423 ns, Reaching safepoint: 27989 ns, At safepoint: 1966110 ns, Total: 1994099 ns
[2023-11-16T06:11:08.055+0000][7][safepoint   ] Safepoint "Cleanup", Time since last: 2000362367 ns, Reaching safepoint: 283993 ns, At safepoint: 4629 ns, Total: 288622 ns
[2023-11-16T06:11:09.055+0000][7][safepoint   ] Safepoint "Cleanup", Time since last: 1000092108 ns, Reaching safepoint: 40772 ns, At safepoint: 4419 ns, Total: 45191 ns
[2023-11-16T06:11:14.113+0000][7][gc,start    ] GC(351) Pause Young (Normal) (G1 Evacuation Pause)
[2023-11-16T06:11:14.113+0000][7][gc,task     ] GC(351) Using 8 workers of 8 for evacuation
[2023-11-16T06:11:14.114+0000][7][gc,age      ] GC(351) Desired survivor size 18874368 bytes, new threshold 15 (max threshold 15)
[2023-11-16T06:11:14.116+0000][7][gc,age      ] GC(351) Age table with threshold 15 (max threshold 15)
[2023-11-16T06:11:14.116+0000][7][gc,age      ] GC(351) - age   1:    2530416 bytes,    2530416 total
[2023-11-16T06:11:14.116+0000][7][gc,age      ] GC(351) - age   2:     444208 bytes,    2974624 total
[2023-11-16T06:11:14.116+0000][7][gc,age      ] GC(351) - age   3:     172288 bytes,    3146912 total
[2023-11-16T06:11:14.116+0000][7][gc,age      ] GC(351) - age   4:     141232 bytes,    3288144 total
[2023-11-16T06:11:14.116+0000][7][gc,age      ] GC(351) - age   5:      10424 bytes,    3298568 total
[2023-11-16T06:11:14.116+0000][7][gc,age      ] GC(351) - age   6:      12872 bytes,    3311440 total
[2023-11-16T06:11:14.116+0000][7][gc,age      ] GC(351) - age   7:     134048 bytes,    3445488 total
[2023-11-16T06:11:14.116+0000][7][gc,age      ] GC(351) - age   8:      73224 bytes,    3518712 total
[2023-11-16T06:11:14.116+0000][7][gc,age      ] GC(351) - age   9:        896 bytes,    3519608 total
[2023-11-16T06:11:14.116+0000][7][gc,age      ] GC(351) - age  10:     147320 bytes,    3666928 total
[2023-11-16T06:11:14.116+0000][7][gc,age      ] GC(351) - age  12:      41712 bytes,    3708640 total
[2023-11-16T06:11:14.116+0000][7][gc,phases   ] GC(351)   Pre Evacuate Collection Set: 0.1ms
[2023-11-16T06:11:14.116+0000][7][gc,phases   ] GC(351)   Merge Heap Roots: 0.0ms
[2023-11-16T06:11:14.116+0000][7][gc,phases   ] GC(351)   Evacuate Collection Set: 1.9ms
[2023-11-16T06:11:14.116+0000][7][gc,phases   ] GC(351)   Post Evacuate Collection Set: 0.6ms
[2023-11-16T06:11:14.116+0000][7][gc,phases   ] GC(351)   Other: 0.2ms
[2023-11-16T06:11:14.116+0000][7][gc,heap     ] GC(351) Eden regions: 67->0(67)
[2023-11-16T06:11:14.116+0000][7][gc,heap     ] GC(351) Survivor regions: 1->1(9)
[2023-11-16T06:11:14.116+0000][7][gc,heap     ] GC(351) Old regions: 31->31
[2023-11-16T06:11:14.116+0000][7][gc,heap     ] GC(351) Archive regions: 2->2
[2023-11-16T06:11:14.116+0000][7][gc,heap     ] GC(351) Humongous regions: 5->5
[2023-11-16T06:11:14.116+0000][7][gc,metaspace] GC(351) Metaspace: 120212K(122112K)->120212K(122112K) NonClass: 104352K(105472K)->104352K(105472K) Class: 15859K(16640K)->15859K(16640K)
[2023-11-16T06:11:14.116+0000][7][gc          ] GC(351) Pause Young (Normal) (G1 Evacuation Pause) 416M->150M(512M) 2.848ms
[2023-11-16T06:11:14.116+0000][7][gc,cpu      ] GC(351) User=0.01s Sys=0.00s Real=0.00s
[2023-11-16T06:11:14.116+0000][7][safepoint   ] Safepoint "G1CollectForAllocation", Time since last: 5058174662 ns, Reaching safepoint: 90654 ns, At safepoint: 2907280 ns, Total: 2997934 ns
[2023-11-16T06:11:15.116+0000][7][safepoint   ] Safepoint "Cleanup", Time since last: 1000076252 ns, Reaching safepoint: 39744 ns, At safepoint: 5300 ns, Total: 45044 ns
[2023-11-16T06:11:19.685+0000][7][gc,start    ] GC(352) Pause Young (Normal) (G1 Evacuation Pause)
[2023-11-16T06:11:19.685+0000][7][gc,task     ] GC(352) Using 8 workers of 8 for evacuation
[2023-11-16T06:11:19.685+0000][7][gc,age      ] GC(352) Desired survivor size 18874368 bytes, new threshold 15 (max threshold 15)
[2023-11-16T06:11:19.688+0000][7][gc,age      ] GC(352) Age table with threshold 15 (max threshold 15)
[2023-11-16T06:11:19.688+0000][7][gc,age      ] GC(352) - age   1:    1965528 bytes,    1965528 total
[2023-11-16T06:11:19.688+0000][7][gc,age      ] GC(352) - age   2:     603208 bytes,    2568736 total
[2023-11-16T06:11:19.688+0000][7][gc,age      ] GC(352) - age   3:     343680 bytes,    2912416 total
[2023-11-16T06:11:19.688+0000][7][gc,age      ] GC(352) - age   4:     171432 bytes,    3083848 total
[2023-11-16T06:11:19.688+0000][7][gc,age      ] GC(352) - age   5:     141080 bytes,    3224928 total
[2023-11-16T06:11:19.688+0000][7][gc,age      ] GC(352) - age   6:      10216 bytes,    3235144 total
[2023-11-16T06:11:19.688+0000][7][gc,age      ] GC(352) - age   7:       1000 bytes,    3236144 total
[2023-11-16T06:11:19.688+0000][7][gc,age      ] GC(352) - age   8:       7152 bytes,    3243296 total
[2023-11-16T06:11:19.688+0000][7][gc,age      ] GC(352) - age   9:      73224 bytes,    3316520 total
[2023-11-16T06:11:19.688+0000][7][gc,age      ] GC(352) - age  10:        896 bytes,    3317416 total
[2023-11-16T06:11:19.688+0000][7][gc,age      ] GC(352) - age  11:     147320 bytes,    3464736 total
[2023-11-16T06:11:19.688+0000][7][gc,age      ] GC(352) - age  13:      41712 bytes,    3506448 total
[2023-11-16T06:11:19.688+0000][7][gc,phases   ] GC(352)   Pre Evacuate Collection Set: 0.1ms
[2023-11-16T06:11:19.688+0000][7][gc,phases   ] GC(352)   Merge Heap Roots: 0.0ms
[2023-11-16T06:11:19.688+0000][7][gc,phases   ] GC(352)   Evacuate Collection Set: 2.3ms
[2023-11-16T06:11:19.688+0000][7][gc,phases   ] GC(352)   Post Evacuate Collection Set: 0.5ms
[2023-11-16T06:11:19.688+0000][7][gc,phases   ] GC(352)   Other: 0.2ms
[2023-11-16T06:11:19.688+0000][7][gc,heap     ] GC(352) Eden regions: 67->0(67)
[2023-11-16T06:11:19.688+0000][7][gc,heap     ] GC(352) Survivor regions: 1->1(9)
[2023-11-16T06:11:19.689+0000][7][gc,heap     ] GC(352) Old regions: 31->31
[2023-11-16T06:11:19.689+0000][7][gc,heap     ] GC(352) Archive regions: 2->2
[2023-11-16T06:11:19.689+0000][7][gc,heap     ] GC(352) Humongous regions: 5->5
[2023-11-16T06:11:19.689+0000][7][gc,metaspace] GC(352) Metaspace: 120212K(122112K)->120212K(122112K) NonClass: 104352K(105472K)->104352K(105472K) Class: 15859K(16640K)->15859K(16640K)
[2023-11-16T06:11:19.689+0000][7][gc          ] GC(352) Pause Young (Normal) (G1 Evacuation Pause) 418M->150M(512M) 3.174ms
[2023-11-16T06:11:19.689+0000][7][gc,cpu      ] GC(352) User=0.01s Sys=0.00s Real=0.01s
[2023-11-16T06:11:19.689+0000][7][safepoint   ] Safepoint "G1CollectForAllocation", Time since last: 4568783654 ns, Reaching safepoint: 63473 ns, At safepoint: 3248316 ns, Total: 3311789 ns
[2023-11-16T06:11:21.689+0000][7][safepoint   ] Safepoint "Cleanup", Time since last: 2000148295 ns, Reaching safepoint: 114116 ns, At safepoint: 9851 ns, Total: 123967 ns
[2023-11-16T06:11:22.689+0000][7][safepoint   ] Safepoint "Cleanup", Time since last: 1000095417 ns, Reaching safepoint: 74161 ns, At safepoint: 5567 ns, Total: 79728 ns
[2023-11-16T06:11:25.224+0000][7][gc,start    ] GC(353) Pause Young (Normal) (G1 Evacuation Pause)
[2023-11-16T06:11:25.224+0000][7][gc,task     ] GC(353) Using 8 workers of 8 for evacuation
[2023-11-16T06:11:25.225+0000][7][gc,age      ] GC(353) Desired survivor size 18874368 bytes, new threshold 15 (max threshold 15)
[2023-11-16T06:11:25.227+0000][7][gc,age      ] GC(353) Age table with threshold 15 (max threshold 15)
[2023-11-16T06:11:25.227+0000][7][gc,age      ] GC(353) - age   1:    1671704 bytes,    1671704 total
[2023-11-16T06:11:25.227+0000][7][gc,age      ] GC(353) - age   2:     130808 bytes,    1802512 total
[2023-11-16T06:11:25.227+0000][7][gc,age      ] GC(353) - age   3:       2792 bytes,    1805304 total
[2023-11-16T06:11:25.227+0000][7][gc,age      ] GC(353) - age   4:     149040 bytes,    1954344 total
[2023-11-16T06:11:25.227+0000][7][gc,age      ] GC(353) - age   5:     164232 bytes,    2118576 total
[2023-11-16T06:11:25.227+0000][7][gc,age      ] GC(353) - age   6:       1864 bytes,    2120440 total
[2023-11-16T06:11:25.227+0000][7][gc,age      ] GC(353) - age   7:       8792 bytes,    2129232 total
[2023-11-16T06:11:25.227+0000][7][gc,age      ] GC(353) - age   8:       1000 bytes,    2130232 total
[2023-11-16T06:11:25.227+0000][7][gc,age      ] GC(353) - age   9:       7152 bytes,    2137384 total
[2023-11-16T06:11:25.227+0000][7][gc,age      ] GC(353) - age  10:      73224 bytes,    2210608 total
[2023-11-16T06:11:25.227+0000][7][gc,age      ] GC(353) - age  11:        896 bytes,    2211504 total
[2023-11-16T06:11:25.227+0000][7][gc,age      ] GC(353) - age  12:     147288 bytes,    2358792 total
[2023-11-16T06:11:25.227+0000][7][gc,age      ] GC(353) - age  14:      41552 bytes,    2400344 total
[2023-11-16T06:11:25.227+0000][7][gc,phases   ] GC(353)   Pre Evacuate Collection Set: 0.1ms
[2023-11-16T06:11:25.227+0000][7][gc,phases   ] GC(353)   Merge Heap Roots: 0.1ms
[2023-11-16T06:11:25.227+0000][7][gc,phases   ] GC(353)   Evacuate Collection Set: 1.4ms
[2023-11-16T06:11:25.227+0000][7][gc,phases   ] GC(353)   Post Evacuate Collection Set: 0.5ms
[2023-11-16T06:11:25.227+0000][7][gc,phases   ] GC(353)   Other: 0.2ms
[2023-11-16T06:11:25.227+0000][7][gc,heap     ] GC(353) Eden regions: 67->0(67)
[2023-11-16T06:11:25.227+0000][7][gc,heap     ] GC(353) Survivor regions: 1->1(9)
[2023-11-16T06:11:25.227+0000][7][gc,heap     ] GC(353) Old regions: 31->31
[2023-11-16T06:11:25.227+0000][7][gc,heap     ] GC(353) Archive regions: 2->2
[2023-11-16T06:11:25.227+0000][7][gc,heap     ] GC(353) Humongous regions: 5->5
[2023-11-16T06:11:25.227+0000][7][gc,metaspace] GC(353) Metaspace: 120212K(122112K)->120212K(122112K) NonClass: 104352K(105472K)->104352K(105472K) Class: 15859K(16640K)->15859K(16640K)
[2023-11-16T06:11:25.227+0000][7][gc          ] GC(353) Pause Young (Normal) (G1 Evacuation Pause) 418M->149M(512M) 2.371ms
[2023-11-16T06:11:25.227+0000][7][gc,cpu      ] GC(353) User=0.02s Sys=0.00s Real=0.00s
[2023-11-16T06:11:25.227+0000][7][safepoint   ] Safepoint "G1CollectForAllocation", Time since last: 2535343141 ns, Reaching safepoint: 61562 ns, At safepoint: 2441004 ns, Total: 2502566 ns
[2023-11-16T06:11:29.228+0000][7][safepoint   ] Safepoint "Cleanup", Time since last: 4000455502 ns, Reaching safepoint: 244121 ns, At safepoint: 6258 ns, Total: 250379 ns
[2023-11-16T06:11:32.129+0000][7][gc,start    ] GC(354) Pause Young (Normal) (G1 Evacuation Pause)
[2023-11-16T06:11:32.129+0000][7][gc,task     ] GC(354) Using 8 workers of 8 for evacuation
[2023-11-16T06:11:32.129+0000][7][gc,age      ] GC(354) Desired survivor size 18874368 bytes, new threshold 15 (max threshold 15)
[2023-11-16T06:11:32.132+0000][7][gc,age      ] GC(354) Age table with threshold 15 (max threshold 15)
[2023-11-16T06:11:32.132+0000][7][gc,age      ] GC(354) - age   1:    3071592 bytes,    3071592 total
[2023-11-16T06:11:32.132+0000][7][gc,age      ] GC(354) - age   2:     605112 bytes,    3676704 total
[2023-11-16T06:11:32.132+0000][7][gc,age      ] GC(354) - age   3:     128480 bytes,    3805184 total
[2023-11-16T06:11:32.132+0000][7][gc,age      ] GC(354) - age   4:       1520 bytes,    3806704 total
[2023-11-16T06:11:32.132+0000][7][gc,age      ] GC(354) - age   5:     148600 bytes,    3955304 total
[2023-11-16T06:11:32.132+0000][7][gc,age      ] GC(354) - age   6:     155816 bytes,    4111120 total
[2023-11-16T06:11:32.132+0000][7][gc,age      ] GC(354) - age   7:       1736 bytes,    4112856 total
[2023-11-16T06:11:32.132+0000][7][gc,age      ] GC(354) - age   8:       8472 bytes,    4121328 total
[2023-11-16T06:11:32.132+0000][7][gc,age      ] GC(354) - age   9:       1000 bytes,    4122328 total
[2023-11-16T06:11:32.132+0000][7][gc,age      ] GC(354) - age  10:       6928 bytes,    4129256 total
[2023-11-16T06:11:32.132+0000][7][gc,age      ] GC(354) - age  11:      72880 bytes,    4202136 total
[2023-11-16T06:11:32.132+0000][7][gc,age      ] GC(354) - age  12:        832 bytes,    4202968 total
[2023-11-16T06:11:32.132+0000][7][gc,age      ] GC(354) - age  13:     147040 bytes,    4350008 total
[2023-11-16T06:11:32.132+0000][7][gc,age      ] GC(354) - age  15:      41552 bytes,    4391560 total
[2023-11-16T06:11:32.132+0000][7][gc,phases   ] GC(354)   Pre Evacuate Collection Set: 0.1ms
[2023-11-16T06:11:32.132+0000][7][gc,phases   ] GC(354)   Merge Heap Roots: 0.0ms
[2023-11-16T06:11:32.132+0000][7][gc,phases   ] GC(354)   Evacuate Collection Set: 2.2ms
[2023-11-16T06:11:32.132+0000][7][gc,phases   ] GC(354)   Post Evacuate Collection Set: 0.5ms
[2023-11-16T06:11:32.132+0000][7][gc,phases   ] GC(354)   Other: 0.2ms
[2023-11-16T06:11:32.132+0000][7][gc,heap     ] GC(354) Eden regions: 67->0(65)
[2023-11-16T06:11:32.132+0000][7][gc,heap     ] GC(354) Survivor regions: 1->2(9)
[2023-11-16T06:11:32.132+0000][7][gc,heap     ] GC(354) Old regions: 31->31
[2023-11-16T06:11:32.132+0000][7][gc,heap     ] GC(354) Archive regions: 2->2
[2023-11-16T06:11:32.132+0000][7][gc,heap     ] GC(354) Humongous regions: 5->5
[2023-11-16T06:11:32.132+0000][7][gc,metaspace] GC(354) Metaspace: 120213K(122112K)->120213K(122112K) NonClass: 104354K(105472K)->104354K(105472K) Class: 15859K(16640K)->15859K(16640K)
[2023-11-16T06:11:32.132+0000][7][gc          ] GC(354) Pause Young (Normal) (G1 Evacuation Pause) 417M->151M(512M) 3.149ms
[2023-11-16T06:11:32.132+0000][7][gc,cpu      ] GC(354) User=0.02s Sys=0.00s Real=0.00s
[2023-11-16T06:11:32.132+0000][7][safepoint   ] Safepoint "G1CollectForAllocation", Time since last: 2901044734 ns, Reaching safepoint: 56060 ns, At safepoint: 3218892 ns, Total: 3274952 ns
[2023-11-16T06:11:35.132+0000][7][safepoint   ] Safepoint "Cleanup", Time since last: 3000206836 ns, Reaching safepoint: 87748 ns, At safepoint: 11541 ns, Total: 99289 ns
[2023-11-16T06:11:37.151+0000][7][gc,start    ] GC(355) Pause Young (Normal) (G1 Evacuation Pause)
[2023-11-16T06:11:37.151+0000][7][gc,task     ] GC(355) Using 8 workers of 8 for evacuation
[2023-11-16T06:11:37.151+0000][7][gc,age      ] GC(355) Desired survivor size 18874368 bytes, new threshold 15 (max threshold 15)
[2023-11-16T06:11:37.153+0000][7][gc,age      ] GC(355) Age table with threshold 15 (max threshold 15)
[2023-11-16T06:11:37.153+0000][7][gc,age      ] GC(355) - age   1:    1421864 bytes,    1421864 total
[2023-11-16T06:11:37.153+0000][7][gc,age      ] GC(355) - age   2:     538072 bytes,    1959936 total
[2023-11-16T06:11:37.153+0000][7][gc,age      ] GC(355) - age   3:     149616 bytes,    2109552 total
[2023-11-16T06:11:37.153+0000][7][gc,age      ] GC(355) - age   4:     128128 bytes,    2237680 total
[2023-11-16T06:11:37.153+0000][7][gc,age      ] GC(355) - age   5:       1328 bytes,    2239008 total
[2023-11-16T06:11:37.153+0000][7][gc,age      ] GC(355) - age   6:     148112 bytes,    2387120 total
[2023-11-16T06:11:37.153+0000][7][gc,age      ] GC(355) - age   7:      28984 bytes,    2416104 total
[2023-11-16T06:11:37.153+0000][7][gc,age      ] GC(355) - age   8:       1608 bytes,    2417712 total
[2023-11-16T06:11:37.153+0000][7][gc,age      ] GC(355) - age   9:       8472 bytes,    2426184 total
[2023-11-16T06:11:37.153+0000][7][gc,age      ] GC(355) - age  10:       1000 bytes,    2427184 total
[2023-11-16T06:11:37.153+0000][7][gc,age      ] GC(355) - age  11:       6928 bytes,    2434112 total
[2023-11-16T06:11:37.153+0000][7][gc,age      ] GC(355) - age  12:      72880 bytes,    2506992 total
[2023-11-16T06:11:37.153+0000][7][gc,age      ] GC(355) - age  13:        832 bytes,    2507824 total
[2023-11-16T06:11:37.153+0000][7][gc,age      ] GC(355) - age  14:     147040 bytes,    2654864 total
[2023-11-16T06:11:37.153+0000][7][gc,phases   ] GC(355)   Pre Evacuate Collection Set: 0.1ms
[2023-11-16T06:11:37.153+0000][7][gc,phases   ] GC(355)   Merge Heap Roots: 0.0ms
[2023-11-16T06:11:37.153+0000][7][gc,phases   ] GC(355)   Evacuate Collection Set: 1.3ms
[2023-11-16T06:11:37.153+0000][7][gc,phases   ] GC(355)   Post Evacuate Collection Set: 0.5ms
[2023-11-16T06:11:37.153+0000][7][gc,phases   ] GC(355)   Other: 0.3ms
[2023-11-16T06:11:37.153+0000][7][gc,heap     ] GC(355) Eden regions: 65->0(67)
[2023-11-16T06:11:37.153+0000][7][gc,heap     ] GC(355) Survivor regions: 2->1(9)
[2023-11-16T06:11:37.153+0000][7][gc,heap     ] GC(355) Old regions: 31->31
[2023-11-16T06:11:37.153+0000][7][gc,heap     ] GC(355) Archive regions: 2->2
[2023-11-16T06:11:37.153+0000][7][gc,heap     ] GC(355) Humongous regions: 5->5
[2023-11-16T06:11:37.153+0000][7][gc,metaspace] GC(355) Metaspace: 120213K(122112K)->120213K(122112K) NonClass: 104354K(105472K)->104354K(105472K) Class: 15859K(16640K)->15859K(16640K)
[2023-11-16T06:11:37.153+0000][7][gc          ] GC(355) Pause Young (Normal) (G1 Evacuation Pause) 411M->149M(512M) 2.283ms
[2023-11-16T06:11:37.153+0000][7][gc,cpu      ] GC(355) User=0.01s Sys=0.00s Real=0.00s
[2023-11-16T06:11:37.153+0000][7][safepoint   ] Safepoint "G1CollectForAllocation", Time since last: 2018339280 ns, Reaching safepoint: 41847 ns, At safepoint: 2362094 ns, Total: 2403941 ns
[2023-11-16T06:11:38.153+0000][7][safepoint   ] Safepoint "Cleanup", Time since last: 1000067894 ns, Reaching safepoint: 40385 ns, At safepoint: 8007 ns, Total: 48392 ns
[2023-11-16T06:11:39.153+0000][7][safepoint   ] Safepoint "Cleanup", Time since last: 1000232639 ns, Reaching safepoint: 160422 ns, At safepoint: 4549 ns, Total: 164971 ns
[2023-11-16T06:11:41.899+0000][7][gc,start    ] GC(356) Pause Young (Normal) (G1 Evacuation Pause)
[2023-11-16T06:11:41.899+0000][7][gc,task     ] GC(356) Using 8 workers of 8 for evacuation
[2023-11-16T06:11:41.899+0000][7][gc,age      ] GC(356) Desired survivor size 18874368 bytes, new threshold 15 (max threshold 15)
[2023-11-16T06:11:41.901+0000][7][gc,age      ] GC(356) Age table with threshold 15 (max threshold 15)
[2023-11-16T06:11:41.902+0000][7][gc,age      ] GC(356) - age   1:    1520864 bytes,    1520864 total
[2023-11-16T06:11:41.902+0000][7][gc,age      ] GC(356) - age   2:     769936 bytes,    2290800 total
[2023-11-16T06:11:41.902+0000][7][gc,age      ] GC(356) - age   3:     535832 bytes,    2826632 total
[2023-11-16T06:11:41.902+0000][7][gc,age      ] GC(356) - age   4:     149392 bytes,    2976024 total
[2023-11-16T06:11:41.902+0000][7][gc,age      ] GC(356) - age   5:     127776 bytes,    3103800 total
[2023-11-16T06:11:41.902+0000][7][gc,age      ] GC(356) - age   6:       1256 bytes,    3105056 total
[2023-11-16T06:11:41.902+0000][7][gc,age      ] GC(356) - age   7:     147952 bytes,    3253008 total
[2023-11-16T06:11:41.902+0000][7][gc,age      ] GC(356) - age   8:      28984 bytes,    3281992 total
[2023-11-16T06:11:41.902+0000][7][gc,age      ] GC(356) - age   9:       1576 bytes,    3283568 total
[2023-11-16T06:11:41.902+0000][7][gc,age      ] GC(356) - age  10:       8472 bytes,    3292040 total
[2023-11-16T06:11:41.902+0000][7][gc,age      ] GC(356) - age  11:       1000 bytes,    3293040 total
[2023-11-16T06:11:41.902+0000][7][gc,age      ] GC(356) - age  12:       6864 bytes,    3299904 total
[2023-11-16T06:11:41.902+0000][7][gc,age      ] GC(356) - age  13:      72880 bytes,    3372784 total
[2023-11-16T06:11:41.902+0000][7][gc,age      ] GC(356) - age  14:        832 bytes,    3373616 total
[2023-11-16T06:11:41.902+0000][7][gc,age      ] GC(356) - age  15:     147040 bytes,    3520656 total
[2023-11-16T06:11:41.902+0000][7][gc,phases   ] GC(356)   Pre Evacuate Collection Set: 0.1ms
[2023-11-16T06:11:41.902+0000][7][gc,phases   ] GC(356)   Merge Heap Roots: 0.0ms
[2023-11-16T06:11:41.902+0000][7][gc,phases   ] GC(356)   Evacuate Collection Set: 1.5ms
[2023-11-16T06:11:41.902+0000][7][gc,phases   ] GC(356)   Post Evacuate Collection Set: 0.6ms
[2023-11-16T06:11:41.902+0000][7][gc,phases   ] GC(356)   Other: 0.2ms
[2023-11-16T06:11:41.902+0000][7][gc,heap     ] GC(356) Eden regions: 67->0(67)
[2023-11-16T06:11:41.902+0000][7][gc,heap     ] GC(356) Survivor regions: 1->1(9)
[2023-11-16T06:11:41.902+0000][7][gc,heap     ] GC(356) Old regions: 31->31
[2023-11-16T06:11:41.902+0000][7][gc,heap     ] GC(356) Archive regions: 2->2
[2023-11-16T06:11:41.902+0000][7][gc,heap     ] GC(356) Humongous regions: 5->5
[2023-11-16T06:11:41.902+0000][7][gc,metaspace] GC(356) Metaspace: 120214K(122112K)->120214K(122112K) NonClass: 104354K(105472K)->104354K(105472K) Class: 15859K(16640K)->15859K(16640K)
[2023-11-16T06:11:41.902+0000][7][gc          ] GC(356) Pause Young (Normal) (G1 Evacuation Pause) 417M->150M(512M) 2.529ms
[2023-11-16T06:11:41.902+0000][7][gc,cpu      ] GC(356) User=0.02s Sys=0.00s Real=0.00s
[2023-11-16T06:11:41.902+0000][7][safepoint   ] Safepoint "G1CollectForAllocation", Time since last: 2745653527 ns, Reaching safepoint: 39559 ns, At safepoint: 2635172 ns, Total: 2674731 ns
[2023-11-16T06:11:43.902+0000][7][safepoint   ] Safepoint "Cleanup", Time since last: 2000338485 ns, Reaching safepoint: 132911 ns, At safepoint: 9091 ns, Total: 142002 ns
[2023-11-16T06:11:44.902+0000][7][safepoint   ] Safepoint "Cleanup", Time since last: 1000114382 ns, Reaching safepoint: 36919 ns, At safepoint: 25602 ns, Total: 62521 ns
[2023-11-16T06:11:46.903+0000][7][safepoint   ] Safepoint "Cleanup", Time since last: 2000333414 ns, Reaching safepoint: 158983 ns, At safepoint: 6327 ns, Total: 165310 ns
[2023-11-16T06:11:49.689+0000][7][gc,start    ] GC(357) Pause Young (Normal) (G1 Evacuation Pause)
[2023-11-16T06:11:49.689+0000][7][gc,task     ] GC(357) Using 8 workers of 8 for evacuation
[2023-11-16T06:11:49.689+0000][7][gc,age      ] GC(357) Desired survivor size 18874368 bytes, new threshold 15 (max threshold 15)
[2023-11-16T06:11:49.692+0000][7][gc,age      ] GC(357) Age table with threshold 15 (max threshold 15)
[2023-11-16T06:11:49.692+0000][7][gc,age      ] GC(357) - age   1:    2590264 bytes,    2590264 total
[2023-11-16T06:11:49.692+0000][7][gc,age      ] GC(357) - age   2:     256864 bytes,    2847128 total
[2023-11-16T06:11:49.692+0000][7][gc,age      ] GC(357) - age   3:     332512 bytes,    3179640 total
[2023-11-16T06:11:49.692+0000][7][gc,age      ] GC(357) - age   4:     533992 bytes,    3713632 total
[2023-11-16T06:11:49.692+0000][7][gc,age      ] GC(357) - age   5:     136040 bytes,    3849672 total
[2023-11-16T06:11:49.692+0000][7][gc,age      ] GC(357) - age   6:       1040 bytes,    3850712 total
[2023-11-16T06:11:49.692+0000][7][gc,age      ] GC(357) - age   7:       1128 bytes,    3851840 total
[2023-11-16T06:11:49.692+0000][7][gc,age      ] GC(357) - age   8:     147824 bytes,    3999664 total
[2023-11-16T06:11:49.692+0000][7][gc,age      ] GC(357) - age   9:      28824 bytes,    4028488 total
[2023-11-16T06:11:49.692+0000][7][gc,age      ] GC(357) - age  10:       1392 bytes,    4029880 total
[2023-11-16T06:11:49.692+0000][7][gc,age      ] GC(357) - age  11:       8280 bytes,    4038160 total
[2023-11-16T06:11:49.692+0000][7][gc,age      ] GC(357) - age  12:       1000 bytes,    4039160 total
[2023-11-16T06:11:49.692+0000][7][gc,age      ] GC(357) - age  13:       6800 bytes,    4045960 total
[2023-11-16T06:11:49.692+0000][7][gc,age      ] GC(357) - age  14:      72880 bytes,    4118840 total
[2023-11-16T06:11:49.692+0000][7][gc,age      ] GC(357) - age  15:        832 bytes,    4119672 total
[2023-11-16T06:11:49.692+0000][7][gc,phases   ] GC(357)   Pre Evacuate Collection Set: 0.1ms
[2023-11-16T06:11:49.692+0000][7][gc,phases   ] GC(357)   Merge Heap Roots: 0.1ms
[2023-11-16T06:11:49.692+0000][7][gc,phases   ] GC(357)   Evacuate Collection Set: 2.0ms
[2023-11-16T06:11:49.692+0000][7][gc,phases   ] GC(357)   Post Evacuate Collection Set: 0.6ms
[2023-11-16T06:11:49.692+0000][7][gc,phases   ] GC(357)   Other: 0.2ms
[2023-11-16T06:11:49.692+0000][7][gc,heap     ] GC(357) Eden regions: 67->0(66)
[2023-11-16T06:11:49.692+0000][7][gc,heap     ] GC(357) Survivor regions: 1->2(9)
[2023-11-16T06:11:49.692+0000][7][gc,heap     ] GC(357) Old regions: 31->31
[2023-11-16T06:11:49.692+0000][7][gc,heap     ] GC(357) Archive regions: 2->2
[2023-11-16T06:11:49.692+0000][7][gc,heap     ] GC(357) Humongous regions: 5->5
[2023-11-16T06:11:49.692+0000][7][gc,metaspace] GC(357) Metaspace: 120214K(122112K)->120214K(122112K) NonClass: 104354K(105472K)->104354K(105472K) Class: 15859K(16640K)->15859K(16640K)
[2023-11-16T06:11:49.692+0000][7][gc          ] GC(357) Pause Young (Normal) (G1 Evacuation Pause) 418M->151M(512M) 3.050ms
[2023-11-16T06:11:49.692+0000][7][gc,cpu      ] GC(357) User=0.02s Sys=0.00s Real=0.00s
[2023-11-16T06:11:49.692+0000][7][safepoint   ] Safepoint "G1CollectForAllocation", Time since last: 2785678622 ns, Reaching safepoint: 68233 ns, At safepoint: 3121106 ns, Total: 3189339 ns
[2023-11-16T06:11:51.692+0000][7][safepoint   ] Safepoint "Cleanup", Time since last: 2000174928 ns, Reaching safepoint: 40060 ns, At safepoint: 4404 ns, Total: 44464 ns
[2023-11-16T06:11:52.692+0000][7][safepoint   ] Safepoint "Cleanup", Time since last: 1000141648 ns, Reaching safepoint: 126264 ns, At safepoint: 12278 ns, Total: 138542 ns
[2023-11-16T06:11:55.472+0000][7][safepoint   ] Safepoint "Cleanup", Time since last: 2776898258 ns, Reaching safepoint: 98772 ns, At safepoint: 2722444 ns, Total: 2821216 ns
[2023-11-16T06:11:55.476+0000][7][gc,start    ] GC(358) Pause Young (Normal) (G1 Evacuation Pause)
[2023-11-16T06:11:55.476+0000][7][gc,task     ] GC(358) Using 8 workers of 8 for evacuation
[2023-11-16T06:11:55.476+0000][7][gc,age      ] GC(358) Desired survivor size 18874368 bytes, new threshold 15 (max threshold 15)
[2023-11-16T06:11:55.478+0000][7][gc,age      ] GC(358) Age table with threshold 15 (max threshold 15)
[2023-11-16T06:11:55.478+0000][7][gc,age      ] GC(358) - age   1:    1681104 bytes,    1681104 total
[2023-11-16T06:11:55.478+0000][7][gc,age      ] GC(358) - age   2:     133408 bytes,    1814512 total
[2023-11-16T06:11:55.478+0000][7][gc,age      ] GC(358) - age   3:      53736 bytes,    1868248 total
[2023-11-16T06:11:55.478+0000][7][gc,age      ] GC(358) - age   4:     237320 bytes,    2105568 total
[2023-11-16T06:11:55.478+0000][7][gc,age      ] GC(358) - age   5:     532000 bytes,    2637568 total
[2023-11-16T06:11:55.478+0000][7][gc,age      ] GC(358) - age   6:     129312 bytes,    2766880 total
[2023-11-16T06:11:55.478+0000][7][gc,age      ] GC(358) - age   7:        912 bytes,    2767792 total
[2023-11-16T06:11:55.478+0000][7][gc,age      ] GC(358) - age   8:        920 bytes,    2768712 total
[2023-11-16T06:11:55.478+0000][7][gc,age      ] GC(358) - age   9:      20808 bytes,    2789520 total
[2023-11-16T06:11:55.478+0000][7][gc,age      ] GC(358) - age  10:      28824 bytes,    2818344 total
[2023-11-16T06:11:55.478+0000][7][gc,age      ] GC(358) - age  11:       1024 bytes,    2819368 total
[2023-11-16T06:11:55.478+0000][7][gc,age      ] GC(358) - age  12:       8280 bytes,    2827648 total
[2023-11-16T06:11:55.478+0000][7][gc,age      ] GC(358) - age  13:       1000 bytes,    2828648 total
[2023-11-16T06:11:55.478+0000][7][gc,age      ] GC(358) - age  14:       6800 bytes,    2835448 total
[2023-11-16T06:11:55.478+0000][7][gc,age      ] GC(358) - age  15:      57424 bytes,    2892872 total
[2023-11-16T06:11:55.478+0000][7][gc,phases   ] GC(358)   Pre Evacuate Collection Set: 0.1ms
[2023-11-16T06:11:55.478+0000][7][gc,phases   ] GC(358)   Merge Heap Roots: 0.1ms
[2023-11-16T06:11:55.478+0000][7][gc,phases   ] GC(358)   Evacuate Collection Set: 1.2ms
[2023-11-16T06:11:55.478+0000][7][gc,phases   ] GC(358)   Post Evacuate Collection Set: 0.5ms
[2023-11-16T06:11:55.478+0000][7][gc,phases   ] GC(358)   Other: 0.2ms
[2023-11-16T06:11:55.478+0000][7][gc,heap     ] GC(358) Eden regions: 66->0(67)
[2023-11-16T06:11:55.478+0000][7][gc,heap     ] GC(358) Survivor regions: 2->1(9)
[2023-11-16T06:11:55.478+0000][7][gc,heap     ] GC(358) Old regions: 31->31
[2023-11-16T06:11:55.478+0000][7][gc,heap     ] GC(358) Archive regions: 2->2
[2023-11-16T06:11:55.478+0000][7][gc,heap     ] GC(358) Humongous regions: 5->5
[2023-11-16T06:11:55.478+0000][7][gc,metaspace] GC(358) Metaspace: 120214K(122112K)->120214K(122112K) NonClass: 104354K(105472K)->104354K(105472K) Class: 15859K(16640K)->15859K(16640K)
[2023-11-16T06:11:55.478+0000][7][gc          ] GC(358) Pause Young (Normal) (G1 Evacuation Pause) 415M->149M(512M) 2.085ms
[2023-11-16T06:11:55.478+0000][7][gc,cpu      ] GC(358) User=0.01s Sys=0.00s Real=0.00s
[2023-11-16T06:11:55.478+0000][7][safepoint   ] Safepoint "G1CollectForAllocation", Time since last: 3561425 ns, Reaching safepoint: 59117 ns, At safepoint: 2142641 ns, Total: 2201758 ns
[2023-11-16T06:12:01.565+0000][7][gc,start    ] GC(359) Pause Young (Normal) (G1 Evacuation Pause)
[2023-11-16T06:12:01.565+0000][7][gc,task     ] GC(359) Using 8 workers of 8 for evacuation
[2023-11-16T06:12:01.565+0000][7][gc,age      ] GC(359) Desired survivor size 18874368 bytes, new threshold 15 (max threshold 15)
[2023-11-16T06:12:01.567+0000][7][gc,age      ] GC(359) Age table with threshold 15 (max threshold 15)
[2023-11-16T06:12:01.567+0000][7][gc,age      ] GC(359) - age   1:    1465512 bytes,    1465512 total
[2023-11-16T06:12:01.567+0000][7][gc,age      ] GC(359) - age   2:     268576 bytes,    1734088 total
[2023-11-16T06:12:01.567+0000][7][gc,age      ] GC(359) - age   3:     129792 bytes,    1863880 total
[2023-11-16T06:12:01.567+0000][7][gc,age      ] GC(359) - age   4:      53408 bytes,    1917288 total
[2023-11-16T06:12:01.567+0000][7][gc,age      ] GC(359) - age   5:     236848 bytes,    2154136 total
[2023-11-16T06:12:01.567+0000][7][gc,age      ] GC(359) - age   6:     511104 bytes,    2665240 total
[2023-11-16T06:12:01.567+0000][7][gc,age      ] GC(359) - age   7:       1176 bytes,    2666416 total
[2023-11-16T06:12:01.567+0000][7][gc,age      ] GC(359) - age   8:        912 bytes,    2667328 total
[2023-11-16T06:12:01.567+0000][7][gc,age      ] GC(359) - age   9:        384 bytes,    2667712 total
[2023-11-16T06:12:01.568+0000][7][gc,age      ] GC(359) - age  10:      20776 bytes,    2688488 total
[2023-11-16T06:12:01.568+0000][7][gc,age      ] GC(359) - age  11:      28728 bytes,    2717216 total
[2023-11-16T06:12:01.568+0000][7][gc,age      ] GC(359) - age  12:       1024 bytes,    2718240 total
[2023-11-16T06:12:01.568+0000][7][gc,age      ] GC(359) - age  13:       8280 bytes,    2726520 total
[2023-11-16T06:12:01.568+0000][7][gc,age      ] GC(359) - age  14:       1000 bytes,    2727520 total
[2023-11-16T06:12:01.568+0000][7][gc,age      ] GC(359) - age  15:       6736 bytes,    2734256 total
[2023-11-16T06:12:01.568+0000][7][gc,phases   ] GC(359)   Pre Evacuate Collection Set: 0.1ms
[2023-11-16T06:12:01.568+0000][7][gc,phases   ] GC(359)   Merge Heap Roots: 0.0ms
[2023-11-16T06:12:01.568+0000][7][gc,phases   ] GC(359)   Evacuate Collection Set: 1.5ms
[2023-11-16T06:12:01.568+0000][7][gc,phases   ] GC(359)   Post Evacuate Collection Set: 0.4ms
[2023-11-16T06:12:01.568+0000][7][gc,phases   ] GC(359)   Other: 0.3ms
[2023-11-16T06:12:01.568+0000][7][gc,heap     ] GC(359) Eden regions: 67->0(67)
[2023-11-16T06:12:01.568+0000][7][gc,heap     ] GC(359) Survivor regions: 1->1(9)
[2023-11-16T06:12:01.568+0000][7][gc,heap     ] GC(359) Old regions: 31->31
[2023-11-16T06:12:01.568+0000][7][gc,heap     ] GC(359) Archive regions: 2->2
[2023-11-16T06:12:01.568+0000][7][gc,heap     ] GC(359) Humongous regions: 5->5
[2023-11-16T06:12:01.568+0000][7][gc,metaspace] GC(359) Metaspace: 120214K(122112K)->120214K(122112K) NonClass: 104354K(105472K)->104354K(105472K) Class: 15859K(16640K)->15859K(16640K)
[2023-11-16T06:12:01.568+0000][7][gc          ] GC(359) Pause Young (Normal) (G1 Evacuation Pause) 417M->149M(512M) 2.363ms
[2023-11-16T06:12:01.568+0000][7][gc,cpu      ] GC(359) User=0.01s Sys=0.00s Real=0.00s
[2023-11-16T06:12:01.568+0000][7][safepoint   ] Safepoint "G1CollectForAllocation", Time since last: 6087454751 ns, Reaching safepoint: 27431 ns, At safepoint: 2461793 ns, Total: 2489224 ns
[2023-11-16T06:12:08.569+0000][7][safepoint   ] Safepoint "Cleanup", Time since last: 7000923992 ns, Reaching safepoint: 110370 ns, At safepoint: 7827 ns, Total: 118197 ns
[2023-11-16T06:12:10.569+0000][7][safepoint   ] Safepoint "Cleanup", Time since last: 2000220958 ns, Reaching safepoint: 142283 ns, At safepoint: 4338 ns, Total: 146621 ns
[2023-11-16T06:12:11.569+0000][7][safepoint   ] Safepoint "Cleanup", Time since last: 1000130528 ns, Reaching safepoint: 158776 ns, At safepoint: 8260 ns, Total: 167036 ns
[2023-11-16T06:12:12.794+0000][7][gc,start    ] GC(360) Pause Young (Normal) (G1 Evacuation Pause)
[2023-11-16T06:12:12.794+0000][7][gc,task     ] GC(360) Using 8 workers of 8 for evacuation
[2023-11-16T06:12:12.794+0000][7][gc,age      ] GC(360) Desired survivor size 18874368 bytes, new threshold 15 (max threshold 15)
[2023-11-16T06:12:12.797+0000][7][gc,age      ] GC(360) Age table with threshold 15 (max threshold 15)
[2023-11-16T06:12:12.797+0000][7][gc,age      ] GC(360) - age   1:    1993272 bytes,    1993272 total
[2023-11-16T06:12:12.797+0000][7][gc,age      ] GC(360) - age   2:     826568 bytes,    2819840 total
[2023-11-16T06:12:12.797+0000][7][gc,age      ] GC(360) - age   3:     266568 bytes,    3086408 total
[2023-11-16T06:12:12.797+0000][7][gc,age      ] GC(360) - age   4:     129376 bytes,    3215784 total
[2023-11-16T06:12:12.797+0000][7][gc,age      ] GC(360) - age   5:      53208 bytes,    3268992 total
[2023-11-16T06:12:12.797+0000][7][gc,age      ] GC(360) - age   6:     236848 bytes,    3505840 total
[2023-11-16T06:12:12.797+0000][7][gc,age      ] GC(360) - age   7:     510856 bytes,    4016696 total
[2023-11-16T06:12:12.797+0000][7][gc,age      ] GC(360) - age   8:       1112 bytes,    4017808 total
[2023-11-16T06:12:12.797+0000][7][gc,age      ] GC(360) - age   9:        784 bytes,    4018592 total
[2023-11-16T06:12:12.797+0000][7][gc,age      ] GC(360) - age  10:        128 bytes,    4018720 total
[2023-11-16T06:12:12.797+0000][7][gc,age      ] GC(360) - age  11:      20776 bytes,    4039496 total
[2023-11-16T06:12:12.797+0000][7][gc,age      ] GC(360) - age  12:      28664 bytes,    4068160 total
[2023-11-16T06:12:12.797+0000][7][gc,age      ] GC(360) - age  13:       1024 bytes,    4069184 total
[2023-11-16T06:12:12.797+0000][7][gc,age      ] GC(360) - age  14:       8280 bytes,    4077464 total
[2023-11-16T06:12:12.797+0000][7][gc,age      ] GC(360) - age  15:       1000 bytes,    4078464 total
[2023-11-16T06:12:12.797+0000][7][gc,phases   ] GC(360)   Pre Evacuate Collection Set: 0.1ms
[2023-11-16T06:12:12.797+0000][7][gc,phases   ] GC(360)   Merge Heap Roots: 0.1ms
[2023-11-16T06:12:12.797+0000][7][gc,phases   ] GC(360)   Evacuate Collection Set: 2.0ms
[2023-11-16T06:12:12.797+0000][7][gc,phases   ] GC(360)   Post Evacuate Collection Set: 0.8ms
[2023-11-16T06:12:12.797+0000][7][gc,phases   ] GC(360)   Other: 0.3ms
[2023-11-16T06:12:12.797+0000][7][gc,heap     ] GC(360) Eden regions: 67->0(66)
[2023-11-16T06:12:12.797+0000][7][gc,heap     ] GC(360) Survivor regions: 1->2(9)
[2023-11-16T06:12:12.797+0000][7][gc,heap     ] GC(360) Old regions: 31->31
[2023-11-16T06:12:12.797+0000][7][gc,heap     ] GC(360) Archive regions: 2->2
[2023-11-16T06:12:12.797+0000][7][gc,heap     ] GC(360) Humongous regions: 5->5
[2023-11-16T06:12:12.797+0000][7][gc,metaspace] GC(360) Metaspace: 120222K(122112K)->120222K(122112K) NonClass: 104362K(105472K)->104362K(105472K) Class: 15859K(16640K)->15859K(16640K)
[2023-11-16T06:12:12.797+0000][7][gc          ] GC(360) Pause Young (Normal) (G1 Evacuation Pause) 417M->151M(512M) 3.283ms
[2023-11-16T06:12:12.797+0000][7][gc,cpu      ] GC(360) User=0.02s Sys=0.00s Real=0.00s
[2023-11-16T06:12:12.797+0000][7][safepoint   ] Safepoint "G1CollectForAllocation", Time since last: 1224063047 ns, Reaching safepoint: 28843 ns, At safepoint: 3394825 ns, Total: 3423668 ns
[2023-11-16T06:12:13.797+0000][7][safepoint   ] Safepoint "Cleanup", Time since last: 1000124502 ns, Reaching safepoint: 56388 ns, At safepoint: 9159 ns, Total: 65547 ns
[2023-11-16T06:12:16.798+0000][7][safepoint   ] Safepoint "Cleanup", Time since last: 3000319402 ns, Reaching safepoint: 151925 ns, At safepoint: 3290 ns, Total: 155215 ns
[2023-11-16T06:12:19.798+0000][7][safepoint   ] Safepoint "Cleanup", Time since last: 3000298810 ns, Reaching safepoint: 60347 ns, At safepoint: 7583 ns, Total: 67930 ns
[2023-11-16T06:12:22.799+0000][7][safepoint   ] Safepoint "Cleanup", Time since last: 3000500091 ns, Reaching safepoint: 55232 ns, At safepoint: 3973 ns, Total: 59205 ns
[2023-11-16T06:12:23.799+0000][7][safepoint   ] Safepoint "Cleanup", Time since last: 1000137176 ns, Reaching safepoint: 85569 ns, At safepoint: 4719 ns, Total: 90288 ns
[2023-11-16T06:12:24.799+0000][7][safepoint   ] Safepoint "Cleanup", Time since last: 1000337857 ns, Reaching safepoint: 62738 ns, At safepoint: 26749 ns, Total: 89487 ns
[2023-11-16T06:12:28.800+0000][7][safepoint   ] Safepoint "Cleanup", Time since last: 4000611181 ns, Reaching safepoint: 35095 ns, At safepoint: 6081 ns, Total: 41176 ns
[2023-11-16T06:12:28.955+0000][7][gc,start    ] GC(361) Pause Young (Normal) (G1 Evacuation Pause)
[2023-11-16T06:12:28.955+0000][7][gc,task     ] GC(361) Using 8 workers of 8 for evacuation
[2023-11-16T06:12:28.955+0000][7][gc,age      ] GC(361) Desired survivor size 18874368 bytes, new threshold 15 (max threshold 15)
[2023-11-16T06:12:28.958+0000][7][gc,age      ] GC(361) Age table with threshold 15 (max threshold 15)
[2023-11-16T06:12:28.958+0000][7][gc,age      ] GC(361) - age   1:    1465856 bytes,    1465856 total
[2023-11-16T06:12:28.958+0000][7][gc,age      ] GC(361) - age   2:    1287032 bytes,    2752888 total
[2023-11-16T06:12:28.958+0000][7][gc,age      ] GC(361) - age   3:     355688 bytes,    3108576 total
[2023-11-16T06:12:28.958+0000][7][gc,age      ] GC(361) - age   4:     156848 bytes,    3265424 total
[2023-11-16T06:12:28.958+0000][7][gc,age      ] GC(361) - age   5:     129024 bytes,    3394448 total
[2023-11-16T06:12:28.958+0000][7][gc,age      ] GC(361) - age   6:      53016 bytes,    3447464 total
[2023-11-16T06:12:28.958+0000][7][gc,age      ] GC(361) - age   7:     236784 bytes,    3684248 total
[2023-11-16T06:12:28.958+0000][7][gc,age      ] GC(361) - age   8:     510792 bytes,    4195040 total
[2023-11-16T06:12:28.958+0000][7][gc,age      ] GC(361) - age   9:        920 bytes,    4195960 total
[2023-11-16T06:12:28.958+0000][7][gc,age      ] GC(361) - age  10:        784 bytes,    4196744 total
[2023-11-16T06:12:28.958+0000][7][gc,age      ] GC(361) - age  11:         64 bytes,    4196808 total
[2023-11-16T06:12:28.958+0000][7][gc,age      ] GC(361) - age  12:      20712 bytes,    4217520 total
[2023-11-16T06:12:28.958+0000][7][gc,age      ] GC(361) - age  13:      28400 bytes,    4245920 total
[2023-11-16T06:12:28.958+0000][7][gc,age      ] GC(361) - age  14:       1024 bytes,    4246944 total
[2023-11-16T06:12:28.958+0000][7][gc,age      ] GC(361) - age  15:       8280 bytes,    4255224 total
[2023-11-16T06:12:28.958+0000][7][gc,phases   ] GC(361)   Pre Evacuate Collection Set: 0.1ms
[2023-11-16T06:12:28.958+0000][7][gc,phases   ] GC(361)   Merge Heap Roots: 0.0ms
[2023-11-16T06:12:28.958+0000][7][gc,phases   ] GC(361)   Evacuate Collection Set: 1.9ms
[2023-11-16T06:12:28.958+0000][7][gc,phases   ] GC(361)   Post Evacuate Collection Set: 0.8ms
[2023-11-16T06:12:28.958+0000][7][gc,phases   ] GC(361)   Other: 0.3ms
[2023-11-16T06:12:28.958+0000][7][gc,heap     ] GC(361) Eden regions: 66->0(66)
[2023-11-16T06:12:28.958+0000][7][gc,heap     ] GC(361) Survivor regions: 2->2(9)
[2023-11-16T06:12:28.958+0000][7][gc,heap     ] GC(361) Old regions: 31->31
[2023-11-16T06:12:28.958+0000][7][gc,heap     ] GC(361) Archive regions: 2->2
[2023-11-16T06:12:28.958+0000][7][gc,heap     ] GC(361) Humongous regions: 5->5
[2023-11-16T06:12:28.958+0000][7][gc,metaspace] GC(361) Metaspace: 120222K(122112K)->120222K(122112K) NonClass: 104362K(105472K)->104362K(105472K) Class: 15859K(16640K)->15859K(16640K)
[2023-11-16T06:12:28.958+0000][7][gc          ] GC(361) Pause Young (Normal) (G1 Evacuation Pause) 415M->151M(512M) 3.235ms
[2023-11-16T06:12:28.958+0000][7][gc,cpu      ] GC(361) User=0.01s Sys=0.00s Real=0.00s
[2023-11-16T06:12:28.958+0000][7][safepoint   ] Safepoint "G1CollectForAllocation", Time since last: 154911305 ns, Reaching safepoint: 23020 ns, At safepoint: 3370772 ns, Total: 3393792 ns
[2023-11-16T06:12:31.958+0000][7][safepoint   ] Safepoint "Cleanup", Time since last: 3000212010 ns, Reaching safepoint: 67011 ns, At safepoint: 15460 ns, Total: 82471 ns
[2023-11-16T06:12:32.959+0000][7][safepoint   ] Safepoint "Cleanup", Time since last: 1000282263 ns, Reaching safepoint: 68996 ns, At safepoint: 30913 ns, Total: 99909 ns
[2023-11-16T06:12:34.959+0000][7][safepoint   ] Safepoint "Cleanup", Time since last: 2000320906 ns, Reaching safepoint: 73683 ns, At safepoint: 13198 ns, Total: 86881 ns
[2023-11-16T06:12:42.861+0000][7][gc,start    ] GC(362) Pause Young (Normal) (G1 Evacuation Pause)
[2023-11-16T06:12:42.861+0000][7][gc,task     ] GC(362) Using 8 workers of 8 for evacuation
[2023-11-16T06:12:42.861+0000][7][gc,age      ] GC(362) Desired survivor size 18874368 bytes, new threshold 15 (max threshold 15)
[2023-11-16T06:12:42.864+0000][7][gc,age      ] GC(362) Age table with threshold 15 (max threshold 15)
[2023-11-16T06:12:42.864+0000][7][gc,age      ] GC(362) - age   1:    1612408 bytes,    1612408 total
[2023-11-16T06:12:42.864+0000][7][gc,age      ] GC(362) - age   2:     390048 bytes,    2002456 total
[2023-11-16T06:12:42.864+0000][7][gc,age      ] GC(362) - age   3:    1257992 bytes,    3260448 total
[2023-11-16T06:12:42.864+0000][7][gc,age      ] GC(362) - age   4:     328080 bytes,    3588528 total
[2023-11-16T06:12:42.864+0000][7][gc,age      ] GC(362) - age   5:     129752 bytes,    3718280 total
[2023-11-16T06:12:42.864+0000][7][gc,age      ] GC(362) - age   6:     128608 bytes,    3846888 total
[2023-11-16T06:12:42.864+0000][7][gc,age      ] GC(362) - age   7:      17008 bytes,    3863896 total
[2023-11-16T06:12:42.864+0000][7][gc,age      ] GC(362) - age   8:     127720 bytes,    3991616 total
[2023-11-16T06:12:42.864+0000][7][gc,age      ] GC(362) - age   9:     242496 bytes,    4234112 total
[2023-11-16T06:12:42.864+0000][7][gc,age      ] GC(362) - age  10:        760 bytes,    4234872 total
[2023-11-16T06:12:42.864+0000][7][gc,age      ] GC(362) - age  11:        784 bytes,    4235656 total
[2023-11-16T06:12:42.864+0000][7][gc,age      ] GC(362) - age  12:         64 bytes,    4235720 total
[2023-11-16T06:12:42.864+0000][7][gc,age      ] GC(362) - age  13:      20648 bytes,    4256368 total
[2023-11-16T06:12:42.864+0000][7][gc,age      ] GC(362) - age  14:      28400 bytes,    4284768 total
[2023-11-16T06:12:42.864+0000][7][gc,age      ] GC(362) - age  15:       1024 bytes,    4285792 total
[2023-11-16T06:12:42.864+0000][7][gc,phases   ] GC(362)   Pre Evacuate Collection Set: 0.1ms
[2023-11-16T06:12:42.864+0000][7][gc,phases   ] GC(362)   Merge Heap Roots: 0.1ms
[2023-11-16T06:12:42.864+0000][7][gc,phases   ] GC(362)   Evacuate Collection Set: 2.1ms
[2023-11-16T06:12:42.864+0000][7][gc,phases   ] GC(362)   Post Evacuate Collection Set: 0.6ms
[2023-11-16T06:12:42.864+0000][7][gc,phases   ] GC(362)   Other: 0.3ms
[2023-11-16T06:12:42.864+0000][7][gc,heap     ] GC(362) Eden regions: 66->0(66)
[2023-11-16T06:12:42.864+0000][7][gc,heap     ] GC(362) Survivor regions: 2->2(9)
[2023-11-16T06:12:42.864+0000][7][gc,heap     ] GC(362) Old regions: 31->31
[2023-11-16T06:12:42.864+0000][7][gc,heap     ] GC(362) Archive regions: 2->2
[2023-11-16T06:12:42.864+0000][7][gc,heap     ] GC(362) Humongous regions: 5->5
[2023-11-16T06:12:42.864+0000][7][gc,metaspace] GC(362) Metaspace: 120224K(122112K)->120224K(122112K) NonClass: 104364K(105472K)->104364K(105472K) Class: 15859K(16640K)->15859K(16640K)
[2023-11-16T06:12:42.864+0000][7][gc          ] GC(362) Pause Young (Normal) (G1 Evacuation Pause) 415M->151M(512M) 3.108ms
[2023-11-16T06:12:42.864+0000][7][gc,cpu      ] GC(362) User=0.02s Sys=0.00s Real=0.00s
[2023-11-16T06:12:42.864+0000][7][safepoint   ] Safepoint "G1CollectForAllocation", Time since last: 7901220967 ns, Reaching safepoint: 80462 ns, At safepoint: 3232239 ns, Total: 3312701 ns
[2023-11-16T06:12:52.865+0000][7][safepoint   ] Safepoint "Cleanup", Time since last: 10001295123 ns, Reaching safepoint: 52796 ns, At safepoint: 4581 ns, Total: 57377 ns
[2023-11-16T06:12:55.865+0000][7][safepoint   ] Safepoint "Cleanup", Time since last: 3000224275 ns, Reaching safepoint: 49331 ns, At safepoint: 7689 ns, Total: 57020 ns
[2023-11-16T06:12:56.655+0000][7][gc,start    ] GC(363) Pause Young (Normal) (G1 Evacuation Pause)
[2023-11-16T06:12:56.655+0000][7][gc,task     ] GC(363) Using 8 workers of 8 for evacuation
[2023-11-16T06:12:56.655+0000][7][gc,age      ] GC(363) Desired survivor size 18874368 bytes, new threshold 15 (max threshold 15)
[2023-11-16T06:12:56.658+0000][7][gc,age      ] GC(363) Age table with threshold 15 (max threshold 15)
[2023-11-16T06:12:56.658+0000][7][gc,age      ] GC(363) - age   1:    1193360 bytes,    1193360 total
[2023-11-16T06:12:56.658+0000][7][gc,age      ] GC(363) - age   2:     839808 bytes,    2033168 total
[2023-11-16T06:12:56.658+0000][7][gc,age      ] GC(363) - age   3:     130008 bytes,    2163176 total
[2023-11-16T06:12:56.658+0000][7][gc,age      ] GC(363) - age   4:     522368 bytes,    2685544 total
[2023-11-16T06:12:56.658+0000][7][gc,age      ] GC(363) - age   5:     325712 bytes,    3011256 total
[2023-11-16T06:12:56.658+0000][7][gc,age      ] GC(363) - age   6:     128896 bytes,    3140152 total
[2023-11-16T06:12:56.658+0000][7][gc,age      ] GC(363) - age   7:     127912 bytes,    3268064 total
[2023-11-16T06:12:56.658+0000][7][gc,age      ] GC(363) - age   8:      16952 bytes,    3285016 total
[2023-11-16T06:12:56.658+0000][7][gc,age      ] GC(363) - age   9:     127688 bytes,    3412704 total
[2023-11-16T06:12:56.658+0000][7][gc,age      ] GC(363) - age  10:     242208 bytes,    3654912 total
[2023-11-16T06:12:56.658+0000][7][gc,age      ] GC(363) - age  11:        696 bytes,    3655608 total
[2023-11-16T06:12:56.658+0000][7][gc,age      ] GC(363) - age  12:        784 bytes,    3656392 total
[2023-11-16T06:12:56.658+0000][7][gc,age      ] GC(363) - age  13:         64 bytes,    3656456 total
[2023-11-16T06:12:56.658+0000][7][gc,age      ] GC(363) - age  14:      20648 bytes,    3677104 total
[2023-11-16T06:12:56.658+0000][7][gc,age      ] GC(363) - age  15:      28400 bytes,    3705504 total
[2023-11-16T06:12:56.658+0000][7][gc,phases   ] GC(363)   Pre Evacuate Collection Set: 0.1ms
[2023-11-16T06:12:56.658+0000][7][gc,phases   ] GC(363)   Merge Heap Roots: 0.0ms
[2023-11-16T06:12:56.658+0000][7][gc,phases   ] GC(363)   Evacuate Collection Set: 2.0ms
[2023-11-16T06:12:56.658+0000][7][gc,phases   ] GC(363)   Post Evacuate Collection Set: 0.6ms
[2023-11-16T06:12:56.658+0000][7][gc,phases   ] GC(363)   Other: 0.2ms
[2023-11-16T06:12:56.658+0000][7][gc,heap     ] GC(363) Eden regions: 66->0(67)
[2023-11-16T06:12:56.658+0000][7][gc,heap     ] GC(363) Survivor regions: 2->1(9)
[2023-11-16T06:12:56.658+0000][7][gc,heap     ] GC(363) Old regions: 31->31
[2023-11-16T06:12:56.658+0000][7][gc,heap     ] GC(363) Archive regions: 2->2
[2023-11-16T06:12:56.658+0000][7][gc,heap     ] GC(363) Humongous regions: 5->5
[2023-11-16T06:12:56.658+0000][7][gc,metaspace] GC(363) Metaspace: 120226K(122112K)->120226K(122112K) NonClass: 104366K(105472K)->104366K(105472K) Class: 15860K(16640K)->15860K(16640K)
[2023-11-16T06:12:56.658+0000][7][gc          ] GC(363) Pause Young (Normal) (G1 Evacuation Pause) 415M->150M(512M) 2.922ms
[2023-11-16T06:12:56.658+0000][7][gc,cpu      ] GC(363) User=0.01s Sys=0.00s Real=0.00s
[2023-11-16T06:12:56.658+0000][7][safepoint   ] Safepoint "G1CollectForAllocation", Time since last: 789610769 ns, Reaching safepoint: 47683 ns, At safepoint: 2984903 ns, Total: 3032586 ns
[2023-11-16T06:13:00.658+0000][7][safepoint   ] Safepoint "Cleanup", Time since last: 4000434570 ns, Reaching safepoint: 39797 ns, At safepoint: 6028 ns, Total: 45825 ns
[2023-11-16T06:13:02.697+0000][7][gc,start    ] GC(364) Pause Young (Normal) (G1 Evacuation Pause)
[2023-11-16T06:13:02.697+0000][7][gc,task     ] GC(364) Using 8 workers of 8 for evacuation
[2023-11-16T06:13:02.697+0000][7][gc,age      ] GC(364) Desired survivor size 18874368 bytes, new threshold 15 (max threshold 15)
[2023-11-16T06:13:02.699+0000][7][gc,age      ] GC(364) Age table with threshold 15 (max threshold 15)
[2023-11-16T06:13:02.699+0000][7][gc,age      ] GC(364) - age   1:    1415880 bytes,    1415880 total
[2023-11-16T06:13:02.699+0000][7][gc,age      ] GC(364) - age   2:      40248 bytes,    1456128 total
[2023-11-16T06:13:02.699+0000][7][gc,age      ] GC(364) - age   3:     271208 bytes,    1727336 total
[2023-11-16T06:13:02.699+0000][7][gc,age      ] GC(364) - age   4:     126288 bytes,    1853624 total
[2023-11-16T06:13:02.699+0000][7][gc,age      ] GC(364) - age   5:       1192 bytes,    1854816 total
[2023-11-16T06:13:02.699+0000][7][gc,age      ] GC(364) - age   6:     128480 bytes,    1983296 total
[2023-11-16T06:13:02.699+0000][7][gc,age      ] GC(364) - age   7:     128896 bytes,    2112192 total
[2023-11-16T06:13:02.699+0000][7][gc,age      ] GC(364) - age   8:     127912 bytes,    2240104 total
[2023-11-16T06:13:02.699+0000][7][gc,age      ] GC(364) - age   9:       3176 bytes,    2243280 total
[2023-11-16T06:13:02.699+0000][7][gc,age      ] GC(364) - age  10:        520 bytes,    2243800 total
[2023-11-16T06:13:02.699+0000][7][gc,age      ] GC(364) - age  11:     242208 bytes,    2486008 total
[2023-11-16T06:13:02.699+0000][7][gc,age      ] GC(364) - age  12:        696 bytes,    2486704 total
[2023-11-16T06:13:02.699+0000][7][gc,age      ] GC(364) - age  13:        784 bytes,    2487488 total
[2023-11-16T06:13:02.699+0000][7][gc,age      ] GC(364) - age  15:      20584 bytes,    2508072 total
[2023-11-16T06:13:02.699+0000][7][gc,phases   ] GC(364)   Pre Evacuate Collection Set: 0.1ms
[2023-11-16T06:13:02.699+0000][7][gc,phases   ] GC(364)   Merge Heap Roots: 0.0ms
[2023-11-16T06:13:02.699+0000][7][gc,phases   ] GC(364)   Evacuate Collection Set: 1.3ms
[2023-11-16T06:13:02.699+0000][7][gc,phases   ] GC(364)   Post Evacuate Collection Set: 0.6ms
[2023-11-16T06:13:02.699+0000][7][gc,phases   ] GC(364)   Other: 0.2ms
[2023-11-16T06:13:02.699+0000][7][gc,heap     ] GC(364) Eden regions: 67->0(67)
[2023-11-16T06:13:02.699+0000][7][gc,heap     ] GC(364) Survivor regions: 1->1(9)
[2023-11-16T06:13:02.699+0000][7][gc,heap     ] GC(364) Old regions: 31->31
[2023-11-16T06:13:02.699+0000][7][gc,heap     ] GC(364) Archive regions: 2->2
[2023-11-16T06:13:02.699+0000][7][gc,heap     ] GC(364) Humongous regions: 5->5
[2023-11-16T06:13:02.699+0000][7][gc,metaspace] GC(364) Metaspace: 120227K(122112K)->120227K(122112K) NonClass: 104366K(105472K)->104366K(105472K) Class: 15860K(16640K)->15860K(16640K)
[2023-11-16T06:13:02.699+0000][7][gc          ] GC(364) Pause Young (Normal) (G1 Evacuation Pause) 418M->149M(512M) 2.268ms
[2023-11-16T06:13:02.699+0000][7][gc,cpu      ] GC(364) User=0.01s Sys=0.00s Real=0.01s
[2023-11-16T06:13:02.699+0000][7][safepoint   ] Safepoint "G1CollectForAllocation", Time since last: 2038194194 ns, Reaching safepoint: 79030 ns, At safepoint: 2326349 ns, Total: 2405379 ns
[2023-11-16T06:13:08.700+0000][7][safepoint   ] Safepoint "Cleanup", Time since last: 6000548529 ns, Reaching safepoint: 112977 ns, At safepoint: 12664 ns, Total: 125641 ns
[2023-11-16T06:13:08.761+0000][7][gc,start    ] GC(365) Pause Young (Normal) (G1 Evacuation Pause)
[2023-11-16T06:13:08.761+0000][7][gc,task     ] GC(365) Using 8 workers of 8 for evacuation
[2023-11-16T06:13:08.761+0000][7][gc,age      ] GC(365) Desired survivor size 18874368 bytes, new threshold 15 (max threshold 15)
[2023-11-16T06:13:08.763+0000][7][gc,age      ] GC(365) Age table with threshold 15 (max threshold 15)
[2023-11-16T06:13:08.763+0000][7][gc,age      ] GC(365) - age   1:    1287120 bytes,    1287120 total
[2023-11-16T06:13:08.763+0000][7][gc,age      ] GC(365) - age   2:     369760 bytes,    1656880 total
[2023-11-16T06:13:08.763+0000][7][gc,age      ] GC(365) - age   3:      37896 bytes,    1694776 total
[2023-11-16T06:13:08.763+0000][7][gc,age      ] GC(365) - age   4:     270944 bytes,    1965720 total
[2023-11-16T06:13:08.763+0000][7][gc,age      ] GC(365) - age   5:     126160 bytes,    2091880 total
[2023-11-16T06:13:08.763+0000][7][gc,age      ] GC(365) - age   6:       1096 bytes,    2092976 total
[2023-11-16T06:13:08.763+0000][7][gc,age      ] GC(365) - age   7:     127768 bytes,    2220744 total
[2023-11-16T06:13:08.763+0000][7][gc,age      ] GC(365) - age   8:       1392 bytes,    2222136 total
[2023-11-16T06:13:08.763+0000][7][gc,age      ] GC(365) - age   9:     127848 bytes,    2349984 total
[2023-11-16T06:13:08.763+0000][7][gc,age      ] GC(365) - age  10:       3176 bytes,    2353160 total
[2023-11-16T06:13:08.763+0000][7][gc,age      ] GC(365) - age  11:        520 bytes,    2353680 total
[2023-11-16T06:13:08.763+0000][7][gc,age      ] GC(365) - age  12:     242208 bytes,    2595888 total
[2023-11-16T06:13:08.763+0000][7][gc,age      ] GC(365) - age  13:        632 bytes,    2596520 total
[2023-11-16T06:13:08.763+0000][7][gc,age      ] GC(365) - age  14:        784 bytes,    2597304 total
[2023-11-16T06:13:08.763+0000][7][gc,phases   ] GC(365)   Pre Evacuate Collection Set: 0.1ms
[2023-11-16T06:13:08.763+0000][7][gc,phases   ] GC(365)   Merge Heap Roots: 0.1ms
[2023-11-16T06:13:08.764+0000][7][gc,phases   ] GC(365)   Evacuate Collection Set: 1.4ms
[2023-11-16T06:13:08.764+0000][7][gc,phases   ] GC(365)   Post Evacuate Collection Set: 0.6ms
[2023-11-16T06:13:08.764+0000][7][gc,phases   ] GC(365)   Other: 0.3ms
[2023-11-16T06:13:08.764+0000][7][gc,heap     ] GC(365) Eden regions: 67->0(67)
[2023-11-16T06:13:08.764+0000][7][gc,heap     ] GC(365) Survivor regions: 1->1(9)
[2023-11-16T06:13:08.764+0000][7][gc,heap     ] GC(365) Old regions: 31->31
[2023-11-16T06:13:08.764+0000][7][gc,heap     ] GC(365) Archive regions: 2->2
[2023-11-16T06:13:08.764+0000][7][gc,heap     ] GC(365) Humongous regions: 5->5
[2023-11-16T06:13:08.764+0000][7][gc,metaspace] GC(365) Metaspace: 120230K(122112K)->120230K(122112K) NonClass: 104369K(105472K)->104369K(105472K) Class: 15860K(16640K)->15860K(16640K)
[2023-11-16T06:13:08.764+0000][7][gc          ] GC(365) Pause Young (Normal) (G1 Evacuation Pause) 417M->149M(512M) 2.354ms
[2023-11-16T06:13:08.764+0000][7][gc,cpu      ] GC(365) User=0.01s Sys=0.00s Real=0.00s
[2023-11-16T06:13:08.764+0000][7][safepoint   ] Safepoint "G1CollectForAllocation", Time since last: 61314896 ns, Reaching safepoint: 33363 ns, At safepoint: 2480846 ns, Total: 2514209 ns
[2023-11-16T06:13:15.481+0000][7][gc,start    ] GC(366) Pause Young (Normal) (G1 Evacuation Pause)
[2023-11-16T06:13:15.482+0000][7][gc,task     ] GC(366) Using 8 workers of 8 for evacuation
[2023-11-16T06:13:15.482+0000][7][gc,age      ] GC(366) Desired survivor size 18874368 bytes, new threshold 15 (max threshold 15)
[2023-11-16T06:13:15.484+0000][7][gc,age      ] GC(366) Age table with threshold 15 (max threshold 15)
[2023-11-16T06:13:15.484+0000][7][gc,age      ] GC(366) - age   1:    1684856 bytes,    1684856 total
[2023-11-16T06:13:15.484+0000][7][gc,age      ] GC(366) - age   2:     534368 bytes,    2219224 total
[2023-11-16T06:13:15.484+0000][7][gc,age      ] GC(366) - age   3:     367184 bytes,    2586408 total
[2023-11-16T06:13:15.484+0000][7][gc,age      ] GC(366) - age   4:      36920 bytes,    2623328 total
[2023-11-16T06:13:15.484+0000][7][gc,age      ] GC(366) - age   5:     270216 bytes,    2893544 total
[2023-11-16T06:13:15.485+0000][7][gc,age      ] GC(366) - age   6:     126096 bytes,    3019640 total
[2023-11-16T06:13:15.485+0000][7][gc,age      ] GC(366) - age   7:        624 bytes,    3020264 total
[2023-11-16T06:13:15.485+0000][7][gc,age      ] GC(366) - age   8:     127768 bytes,    3148032 total
[2023-11-16T06:13:15.485+0000][7][gc,age      ] GC(366) - age   9:       1392 bytes,    3149424 total
[2023-11-16T06:13:15.485+0000][7][gc,age      ] GC(366) - age  10:     127832 bytes,    3277256 total
[2023-11-16T06:13:15.485+0000][7][gc,age      ] GC(366) - age  11:       2872 bytes,    3280128 total
[2023-11-16T06:13:15.485+0000][7][gc,age      ] GC(366) - age  12:        456 bytes,    3280584 total
[2023-11-16T06:13:15.485+0000][7][gc,age      ] GC(366) - age  13:     242208 bytes,    3522792 total
[2023-11-16T06:13:15.485+0000][7][gc,age      ] GC(366) - age  14:        600 bytes,    3523392 total
[2023-11-16T06:13:15.485+0000][7][gc,age      ] GC(366) - age  15:        784 bytes,    3524176 total
[2023-11-16T06:13:15.485+0000][7][gc,phases   ] GC(366)   Pre Evacuate Collection Set: 0.1ms
[2023-11-16T06:13:15.485+0000][7][gc,phases   ] GC(366)   Merge Heap Roots: 0.0ms
[2023-11-16T06:13:15.485+0000][7][gc,phases   ] GC(366)   Evacuate Collection Set: 2.0ms
[2023-11-16T06:13:15.485+0000][7][gc,phases   ] GC(366)   Post Evacuate Collection Set: 0.7ms
[2023-11-16T06:13:15.485+0000][7][gc,phases   ] GC(366)   Other: 0.4ms
[2023-11-16T06:13:15.485+0000][7][gc,heap     ] GC(366) Eden regions: 67->0(67)
[2023-11-16T06:13:15.485+0000][7][gc,heap     ] GC(366) Survivor regions: 1->1(9)
[2023-11-16T06:13:15.485+0000][7][gc,heap     ] GC(366) Old regions: 31->31
[2023-11-16T06:13:15.485+0000][7][gc,heap     ] GC(366) Archive regions: 2->2
[2023-11-16T06:13:15.485+0000][7][gc,heap     ] GC(366) Humongous regions: 5->5
[2023-11-16T06:13:15.485+0000][7][gc,metaspace] GC(366) Metaspace: 120230K(122112K)->120230K(122112K) NonClass: 104369K(105472K)->104369K(105472K) Class: 15860K(16640K)->15860K(16640K)
[2023-11-16T06:13:15.485+0000][7][gc          ] GC(366) Pause Young (Normal) (G1 Evacuation Pause) 417M->150M(512M) 3.264ms
[2023-11-16T06:13:15.485+0000][7][gc,cpu      ] GC(366) User=0.01s Sys=0.00s Real=0.00s
[2023-11-16T06:13:15.485+0000][7][safepoint   ] Safepoint "G1CollectForAllocation", Time since last: 6717759869 ns, Reaching safepoint: 46812 ns, At safepoint: 3423446 ns, Total: 3470258 ns
[2023-11-16T06:13:16.485+0000][7][safepoint   ] Safepoint "Cleanup", Time since last: 1000469819 ns, Reaching safepoint: 128590 ns, At safepoint: 22058 ns, Total: 150648 ns
[2023-11-16T06:13:22.808+0000][7][gc,start    ] GC(367) Pause Young (Normal) (G1 Evacuation Pause)
[2023-11-16T06:13:22.808+0000][7][gc,task     ] GC(367) Using 8 workers of 8 for evacuation
[2023-11-16T06:13:22.808+0000][7][gc,age      ] GC(367) Desired survivor size 18874368 bytes, new threshold 15 (max threshold 15)
[2023-11-16T06:13:22.811+0000][7][gc,age      ] GC(367) Age table with threshold 15 (max threshold 15)
[2023-11-16T06:13:22.811+0000][7][gc,age      ] GC(367) - age   1:    2295088 bytes,    2295088 total
[2023-11-16T06:13:22.811+0000][7][gc,age      ] GC(367) - age   2:     248088 bytes,    2543176 total
[2023-11-16T06:13:22.811+0000][7][gc,age      ] GC(367) - age   3:     335944 bytes,    2879120 total
[2023-11-16T06:13:22.811+0000][7][gc,age      ] GC(367) - age   4:     366744 bytes,    3245864 total
[2023-11-16T06:13:22.811+0000][7][gc,age      ] GC(367) - age   5:      36032 bytes,    3281896 total
[2023-11-16T06:13:22.811+0000][7][gc,age      ] GC(367) - age   6:     270024 bytes,    3551920 total
[2023-11-16T06:13:22.811+0000][7][gc,age      ] GC(367) - age   7:     126000 bytes,    3677920 total
[2023-11-16T06:13:22.811+0000][7][gc,age      ] GC(367) - age   8:        560 bytes,    3678480 total
[2023-11-16T06:13:22.811+0000][7][gc,age      ] GC(367) - age   9:     127640 bytes,    3806120 total
[2023-11-16T06:13:22.811+0000][7][gc,age      ] GC(367) - age  10:       1392 bytes,    3807512 total
[2023-11-16T06:13:22.811+0000][7][gc,age      ] GC(367) - age  11:       2880 bytes,    3810392 total
[2023-11-16T06:13:22.811+0000][7][gc,age      ] GC(367) - age  12:        816 bytes,    3811208 total
[2023-11-16T06:13:22.811+0000][7][gc,age      ] GC(367) - age  13:        456 bytes,    3811664 total
[2023-11-16T06:13:22.811+0000][7][gc,age      ] GC(367) - age  14:     242080 bytes,    4053744 total
[2023-11-16T06:13:22.811+0000][7][gc,age      ] GC(367) - age  15:        600 bytes,    4054344 total
[2023-11-16T06:13:22.811+0000][7][gc,phases   ] GC(367)   Pre Evacuate Collection Set: 0.1ms
[2023-11-16T06:13:22.811+0000][7][gc,phases   ] GC(367)   Merge Heap Roots: 0.0ms
[2023-11-16T06:13:22.811+0000][7][gc,phases   ] GC(367)   Evacuate Collection Set: 2.7ms
[2023-11-16T06:13:22.811+0000][7][gc,phases   ] GC(367)   Post Evacuate Collection Set: 0.6ms
[2023-11-16T06:13:22.811+0000][7][gc,phases   ] GC(367)   Other: 0.2ms
[2023-11-16T06:13:22.811+0000][7][gc,heap     ] GC(367) Eden regions: 67->0(66)
[2023-11-16T06:13:22.811+0000][7][gc,heap     ] GC(367) Survivor regions: 1->2(9)
[2023-11-16T06:13:22.811+0000][7][gc,heap     ] GC(367) Old regions: 31->31
[2023-11-16T06:13:22.811+0000][7][gc,heap     ] GC(367) Archive regions: 2->2
[2023-11-16T06:13:22.811+0000][7][gc,heap     ] GC(367) Humongous regions: 5->5
[2023-11-16T06:13:22.811+0000][7][gc,metaspace] GC(367) Metaspace: 120233K(122112K)->120233K(122112K) NonClass: 104372K(105472K)->104372K(105472K) Class: 15860K(16640K)->15860K(16640K)
[2023-11-16T06:13:22.811+0000][7][gc          ] GC(367) Pause Young (Normal) (G1 Evacuation Pause) 418M->151M(512M) 3.717ms
[2023-11-16T06:13:22.811+0000][7][gc,cpu      ] GC(367) User=0.02s Sys=0.00s Real=0.01s
[2023-11-16T06:13:22.811+0000][7][safepoint   ] Safepoint "G1CollectForAllocation", Time since last: 6322089045 ns, Reaching safepoint: 76218 ns, At safepoint: 3784820 ns, Total: 3861038 ns
[2023-11-16T06:13:28.494+0000][7][gc,start    ] GC(368) Pause Young (Normal) (G1 Evacuation Pause)
[2023-11-16T06:13:28.494+0000][7][gc,task     ] GC(368) Using 8 workers of 8 for evacuation
[2023-11-16T06:13:28.494+0000][7][gc,age      ] GC(368) Desired survivor size 18874368 bytes, new threshold 15 (max threshold 15)
[2023-11-16T06:13:28.498+0000][7][gc,age      ] GC(368) Age table with threshold 15 (max threshold 15)
[2023-11-16T06:13:28.498+0000][7][gc,age      ] GC(368) - age   1:    1396384 bytes,    1396384 total
[2023-11-16T06:13:28.498+0000][7][gc,age      ] GC(368) - age   2:     139672 bytes,    1536056 total
[2023-11-16T06:13:28.498+0000][7][gc,age      ] GC(368) - age   3:       7232 bytes,    1543288 total
[2023-11-16T06:13:28.498+0000][7][gc,age      ] GC(368) - age   4:     128776 bytes,    1672064 total
[2023-11-16T06:13:28.498+0000][7][gc,age      ] GC(368) - age   5:     272680 bytes,    1944744 total
[2023-11-16T06:13:28.498+0000][7][gc,age      ] GC(368) - age   6:      25328 bytes,    1970072 total
[2023-11-16T06:13:28.498+0000][7][gc,age      ] GC(368) - age   7:     245144 bytes,    2215216 total
[2023-11-16T06:13:28.498+0000][7][gc,age      ] GC(368) - age   8:       1248 bytes,    2216464 total
[2023-11-16T06:13:28.498+0000][7][gc,age      ] GC(368) - age   9:        384 bytes,    2216848 total
[2023-11-16T06:13:28.498+0000][7][gc,age      ] GC(368) - age  10:        504 bytes,    2217352 total
[2023-11-16T06:13:28.498+0000][7][gc,age      ] GC(368) - age  11:       1392 bytes,    2218744 total
[2023-11-16T06:13:28.498+0000][7][gc,age      ] GC(368) - age  12:       2880 bytes,    2221624 total
[2023-11-16T06:13:28.498+0000][7][gc,age      ] GC(368) - age  13:        816 bytes,    2222440 total
[2023-11-16T06:13:28.498+0000][7][gc,age      ] GC(368) - age  14:        456 bytes,    2222896 total
[2023-11-16T06:13:28.498+0000][7][gc,age      ] GC(368) - age  15:     242016 bytes,    2464912 total
[2023-11-16T06:13:28.498+0000][7][gc,phases   ] GC(368)   Pre Evacuate Collection Set: 0.1ms
[2023-11-16T06:13:28.498+0000][7][gc,phases   ] GC(368)   Merge Heap Roots: 0.0ms
[2023-11-16T06:13:28.498+0000][7][gc,phases   ] GC(368)   Evacuate Collection Set: 3.0ms
[2023-11-16T06:13:28.498+0000][7][gc,phases   ] GC(368)   Post Evacuate Collection Set: 0.6ms
[2023-11-16T06:13:28.498+0000][7][gc,phases   ] GC(368)   Other: 0.3ms
[2023-11-16T06:13:28.498+0000][7][gc,heap     ] GC(368) Eden regions: 66->0(67)
[2023-11-16T06:13:28.498+0000][7][gc,heap     ] GC(368) Survivor regions: 2->1(9)
[2023-11-16T06:13:28.498+0000][7][gc,heap     ] GC(368) Old regions: 31->31
[2023-11-16T06:13:28.498+0000][7][gc,heap     ] GC(368) Archive regions: 2->2
[2023-11-16T06:13:28.498+0000][7][gc,heap     ] GC(368) Humongous regions: 5->5
[2023-11-16T06:13:28.498+0000][7][gc,metaspace] GC(368) Metaspace: 120233K(122112K)->120233K(122112K) NonClass: 104373K(105472K)->104373K(105472K) Class: 15860K(16640K)->15860K(16640K)
[2023-11-16T06:13:28.498+0000][7][gc          ] GC(368) Pause Young (Normal) (G1 Evacuation Pause) 415M->149M(512M) 4.052ms
[2023-11-16T06:13:28.498+0000][7][gc,cpu      ] GC(368) User=0.02s Sys=0.00s Real=0.00s
[2023-11-16T06:13:28.498+0000][7][safepoint   ] Safepoint "G1CollectForAllocation", Time since last: 5682199963 ns, Reaching safepoint: 77286 ns, At safepoint: 4116030 ns, Total: 4193316 ns
[2023-11-16T06:13:34.001+0000][7][gc,start    ] GC(369) Pause Young (Normal) (G1 Evacuation Pause)
[2023-11-16T06:13:34.001+0000][7][gc,task     ] GC(369) Using 8 workers of 8 for evacuation
[2023-11-16T06:13:34.001+0000][7][gc,age      ] GC(369) Desired survivor size 18874368 bytes, new threshold 15 (max threshold 15)
[2023-11-16T06:13:34.003+0000][7][gc,age      ] GC(369) Age table with threshold 15 (max threshold 15)
[2023-11-16T06:13:34.003+0000][7][gc,age      ] GC(369) - age   1:    1575624 bytes,    1575624 total
[2023-11-16T06:13:34.003+0000][7][gc,age      ] GC(369) - age   2:     767496 bytes,    2343120 total
[2023-11-16T06:13:34.003+0000][7][gc,age      ] GC(369) - age   3:     134976 bytes,    2478096 total
[2023-11-16T06:13:34.003+0000][7][gc,age      ] GC(369) - age   4:       6200 bytes,    2484296 total
[2023-11-16T06:13:34.003+0000][7][gc,age      ] GC(369) - age   5:     127888 bytes,    2612184 total
[2023-11-16T06:13:34.003+0000][7][gc,age      ] GC(369) - age   6:     270088 bytes,    2882272 total
[2023-11-16T06:13:34.003+0000][7][gc,age      ] GC(369) - age   7:      25328 bytes,    2907600 total
[2023-11-16T06:13:34.003+0000][7][gc,age      ] GC(369) - age   8:     244608 bytes,    3152208 total
[2023-11-16T06:13:34.003+0000][7][gc,age      ] GC(369) - age   9:       1152 bytes,    3153360 total
[2023-11-16T06:13:34.003+0000][7][gc,age      ] GC(369) - age  10:        320 bytes,    3153680 total
[2023-11-16T06:13:34.003+0000][7][gc,age      ] GC(369) - age  11:        472 bytes,    3154152 total
[2023-11-16T06:13:34.003+0000][7][gc,age      ] GC(369) - age  12:       1392 bytes,    3155544 total
[2023-11-16T06:13:34.003+0000][7][gc,age      ] GC(369) - age  13:       2880 bytes,    3158424 total
[2023-11-16T06:13:34.003+0000][7][gc,age      ] GC(369) - age  14:        816 bytes,    3159240 total
[2023-11-16T06:13:34.003+0000][7][gc,age      ] GC(369) - age  15:        424 bytes,    3159664 total
[2023-11-16T06:13:34.003+0000][7][gc,phases   ] GC(369)   Pre Evacuate Collection Set: 0.1ms
[2023-11-16T06:13:34.003+0000][7][gc,phases   ] GC(369)   Merge Heap Roots: 0.1ms
[2023-11-16T06:13:34.003+0000][7][gc,phases   ] GC(369)   Evacuate Collection Set: 1.9ms
[2023-11-16T06:13:34.003+0000][7][gc,phases   ] GC(369)   Post Evacuate Collection Set: 0.6ms
[2023-11-16T06:13:34.003+0000][7][gc,phases   ] GC(369)   Other: 0.2ms
[2023-11-16T06:13:34.003+0000][7][gc,heap     ] GC(369) Eden regions: 67->0(67)
[2023-11-16T06:13:34.003+0000][7][gc,heap     ] GC(369) Survivor regions: 1->1(9)
[2023-11-16T06:13:34.003+0000][7][gc,heap     ] GC(369) Old regions: 31->31
[2023-11-16T06:13:34.003+0000][7][gc,heap     ] GC(369) Archive regions: 2->2
[2023-11-16T06:13:34.003+0000][7][gc,heap     ] GC(369) Humongous regions: 5->5
[2023-11-16T06:13:34.003+0000][7][gc,metaspace] GC(369) Metaspace: 120238K(122112K)->120238K(122112K) NonClass: 104378K(105472K)->104378K(105472K) Class: 15860K(16640K)->15860K(16640K)
[2023-11-16T06:13:34.003+0000][7][gc          ] GC(369) Pause Young (Normal) (G1 Evacuation Pause) 417M->150M(512M) 2.856ms
[2023-11-16T06:13:34.004+0000][7][gc,cpu      ] GC(369) User=0.02s Sys=0.00s Real=0.00s
[2023-11-16T06:13:34.004+0000][7][safepoint   ] Safepoint "G1CollectForAllocation", Time since last: 5502743838 ns, Reaching safepoint: 39700 ns, At safepoint: 2954700 ns, Total: 2994400 ns
[2023-11-16T06:13:36.004+0000][7][safepoint   ] Safepoint "Cleanup", Time since last: 2000143390 ns, Reaching safepoint: 86797 ns, At safepoint: 7160 ns, Total: 93957 ns
[2023-11-16T06:13:41.005+0000][7][safepoint   ] Safepoint "Cleanup", Time since last: 5000668938 ns, Reaching safepoint: 78107 ns, At safepoint: 6972 ns, Total: 85079 ns
[2023-11-16T06:13:41.060+0000][7][gc,start    ] GC(370) Pause Young (Normal) (G1 Evacuation Pause)
[2023-11-16T06:13:41.060+0000][7][gc,task     ] GC(370) Using 8 workers of 8 for evacuation
[2023-11-16T06:13:41.061+0000][7][gc,age      ] GC(370) Desired survivor size 18874368 bytes, new threshold 15 (max threshold 15)
[2023-11-16T06:13:41.064+0000][7][gc,age      ] GC(370) Age table with threshold 15 (max threshold 15)
[2023-11-16T06:13:41.064+0000][7][gc,age      ] GC(370) - age   1:    3256088 bytes,    3256088 total
[2023-11-16T06:13:41.064+0000][7][gc,age      ] GC(370) - age   2:     291704 bytes,    3547792 total
[2023-11-16T06:13:41.064+0000][7][gc,age      ] GC(370) - age   3:     331656 bytes,    3879448 total
[2023-11-16T06:13:41.064+0000][7][gc,age      ] GC(370) - age   4:       9096 bytes,    3888544 total
[2023-11-16T06:13:41.064+0000][7][gc,age      ] GC(370) - age   5:        296 bytes,    3888840 total
[2023-11-16T06:13:41.064+0000][7][gc,age      ] GC(370) - age   6:     127688 bytes,    4016528 total
[2023-11-16T06:13:41.064+0000][7][gc,age      ] GC(370) - age   7:     233784 bytes,    4250312 total
[2023-11-16T06:13:41.064+0000][7][gc,age      ] GC(370) - age   8:       4160 bytes,    4254472 total
[2023-11-16T06:13:41.064+0000][7][gc,age      ] GC(370) - age   9:     128112 bytes,    4382584 total
[2023-11-16T06:13:41.064+0000][7][gc,age      ] GC(370) - age  10:        832 bytes,    4383416 total
[2023-11-16T06:13:41.064+0000][7][gc,age      ] GC(370) - age  11:        128 bytes,    4383544 total
[2023-11-16T06:13:41.064+0000][7][gc,age      ] GC(370) - age  12:        344 bytes,    4383888 total
[2023-11-16T06:13:41.064+0000][7][gc,age      ] GC(370) - age  13:       1328 bytes,    4385216 total
[2023-11-16T06:13:41.064+0000][7][gc,age      ] GC(370) - age  14:       2880 bytes,    4388096 total
[2023-11-16T06:13:41.064+0000][7][gc,age      ] GC(370) - age  15:        688 bytes,    4388784 total
[2023-11-16T06:13:41.064+0000][7][gc,phases   ] GC(370)   Pre Evacuate Collection Set: 0.1ms
[2023-11-16T06:13:41.064+0000][7][gc,phases   ] GC(370)   Merge Heap Roots: 0.0ms
[2023-11-16T06:13:41.064+0000][7][gc,phases   ] GC(370)   Evacuate Collection Set: 2.2ms
[2023-11-16T06:13:41.064+0000][7][gc,phases   ] GC(370)   Post Evacuate Collection Set: 0.7ms
[2023-11-16T06:13:41.064+0000][7][gc,phases   ] GC(370)   Other: 0.3ms
[2023-11-16T06:13:41.064+0000][7][gc,heap     ] GC(370) Eden regions: 67->0(66)
[2023-11-16T06:13:41.064+0000][7][gc,heap     ] GC(370) Survivor regions: 1->2(9)
[2023-11-16T06:13:41.064+0000][7][gc,heap     ] GC(370) Old regions: 31->31
[2023-11-16T06:13:41.064+0000][7][gc,heap     ] GC(370) Archive regions: 2->2
[2023-11-16T06:13:41.064+0000][7][gc,heap     ] GC(370) Humongous regions: 5->5
[2023-11-16T06:13:41.064+0000][7][gc,metaspace] GC(370) Metaspace: 120239K(122112K)->120239K(122112K) NonClass: 104379K(105472K)->104379K(105472K) Class: 15860K(16640K)->15860K(16640K)
[2023-11-16T06:13:41.064+0000][7][gc          ] GC(370) Pause Young (Normal) (G1 Evacuation Pause) 418M->151M(512M) 3.335ms
[2023-11-16T06:13:41.064+0000][7][gc,cpu      ] GC(370) User=0.02s Sys=0.00s Real=0.00s
[2023-11-16T06:13:41.064+0000][7][safepoint   ] Safepoint "G1CollectForAllocation", Time since last: 55776929 ns, Reaching safepoint: 37006 ns, At safepoint: 3452810 ns, Total: 3489816 ns
[2023-11-16T06:13:42.064+0000][7][safepoint   ] Safepoint "Cleanup", Time since last: 1000075110 ns, Reaching safepoint: 75593 ns, At safepoint: 7399 ns, Total: 82992 ns
[2023-11-16T06:13:43.064+0000][7][safepoint   ] Safepoint "Cleanup", Time since last: 1000096325 ns, Reaching safepoint: 85048 ns, At safepoint: 6925 ns, Total: 91973 ns
[2023-11-16T06:13:45.064+0000][7][safepoint   ] Safepoint "Cleanup", Time since last: 2000189594 ns, Reaching safepoint: 95353 ns, At safepoint: 7177 ns, Total: 102530 ns
[2023-11-16T06:13:47.112+0000][7][gc,start    ] GC(371) Pause Young (Normal) (G1 Evacuation Pause)
[2023-11-16T06:13:47.112+0000][7][gc,task     ] GC(371) Using 8 workers of 8 for evacuation
[2023-11-16T06:13:47.112+0000][7][gc,age      ] GC(371) Desired survivor size 18874368 bytes, new threshold 15 (max threshold 15)
[2023-11-16T06:13:47.114+0000][7][gc,age      ] GC(371) Age table with threshold 15 (max threshold 15)
[2023-11-16T06:13:47.114+0000][7][gc,age      ] GC(371) - age   1:    1802712 bytes,    1802712 total
[2023-11-16T06:13:47.114+0000][7][gc,age      ] GC(371) - age   2:     402416 bytes,    2205128 total
[2023-11-16T06:13:47.114+0000][7][gc,age      ] GC(371) - age   3:       8272 bytes,    2213400 total
[2023-11-16T06:13:47.114+0000][7][gc,age      ] GC(371) - age   4:     141328 bytes,    2354728 total
[2023-11-16T06:13:47.114+0000][7][gc,age      ] GC(371) - age   5:       7480 bytes,    2362208 total
[2023-11-16T06:13:47.114+0000][7][gc,age      ] GC(371) - age   6:        120 bytes,    2362328 total
[2023-11-16T06:13:47.114+0000][7][gc,age      ] GC(371) - age   7:        464 bytes,    2362792 total
[2023-11-16T06:13:47.114+0000][7][gc,age      ] GC(371) - age   8:     233720 bytes,    2596512 total
[2023-11-16T06:13:47.114+0000][7][gc,age      ] GC(371) - age   9:       3968 bytes,    2600480 total
[2023-11-16T06:13:47.114+0000][7][gc,age      ] GC(371) - age  10:     101936 bytes,    2702416 total
[2023-11-16T06:13:47.114+0000][7][gc,age      ] GC(371) - age  11:        768 bytes,    2703184 total
[2023-11-16T06:13:47.114+0000][7][gc,age      ] GC(371) - age  12:        128 bytes,    2703312 total
[2023-11-16T06:13:47.114+0000][7][gc,age      ] GC(371) - age  13:        312 bytes,    2703624 total
[2023-11-16T06:13:47.114+0000][7][gc,age      ] GC(371) - age  14:       1328 bytes,    2704952 total
[2023-11-16T06:13:47.114+0000][7][gc,age      ] GC(371) - age  15:       2880 bytes,    2707832 total
[2023-11-16T06:13:47.114+0000][7][gc,phases   ] GC(371)   Pre Evacuate Collection Set: 0.1ms
[2023-11-16T06:13:47.114+0000][7][gc,phases   ] GC(371)   Merge Heap Roots: 0.2ms
[2023-11-16T06:13:47.114+0000][7][gc,phases   ] GC(371)   Evacuate Collection Set: 1.7ms
[2023-11-16T06:13:47.114+0000][7][gc,phases   ] GC(371)   Post Evacuate Collection Set: 0.5ms
[2023-11-16T06:13:47.114+0000][7][gc,phases   ] GC(371)   Other: 0.2ms
[2023-11-16T06:13:47.114+0000][7][gc,heap     ] GC(371) Eden regions: 66->0(67)
[2023-11-16T06:13:47.114+0000][7][gc,heap     ] GC(371) Survivor regions: 2->1(9)
[2023-11-16T06:13:47.114+0000][7][gc,heap     ] GC(371) Old regions: 31->31
[2023-11-16T06:13:47.114+0000][7][gc,heap     ] GC(371) Archive regions: 2->2
[2023-11-16T06:13:47.114+0000][7][gc,heap     ] GC(371) Humongous regions: 5->5
[2023-11-16T06:13:47.114+0000][7][gc,metaspace] GC(371) Metaspace: 120241K(122112K)->120241K(122112K) NonClass: 104381K(105472K)->104381K(105472K) Class: 15860K(16640K)->15860K(16640K)
[2023-11-16T06:13:47.114+0000][7][gc          ] GC(371) Pause Young (Normal) (G1 Evacuation Pause) 415M->150M(512M) 2.604ms
[2023-11-16T06:13:47.114+0000][7][gc,cpu      ] GC(371) User=0.01s Sys=0.00s Real=0.00s
[2023-11-16T06:13:47.114+0000][7][safepoint   ] Safepoint "G1CollectForAllocation", Time since last: 2047078427 ns, Reaching safepoint: 62990 ns, At safepoint: 2670655 ns, Total: 2733645 ns
[2023-11-16T06:13:53.166+0000][7][gc,start    ] GC(372) Pause Young (Normal) (G1 Evacuation Pause)
[2023-11-16T06:13:53.166+0000][7][gc,task     ] GC(372) Using 8 workers of 8 for evacuation
[2023-11-16T06:13:53.166+0000][7][gc,age      ] GC(372) Desired survivor size 18874368 bytes, new threshold 15 (max threshold 15)
[2023-11-16T06:13:53.173+0000][7][gc,age      ] GC(372) Age table with threshold 15 (max threshold 15)
[2023-11-16T06:13:53.173+0000][7][gc,age      ] GC(372) - age   1:    1705504 bytes,    1705504 total
[2023-11-16T06:13:53.173+0000][7][gc,age      ] GC(372) - age   2:     842512 bytes,    2548016 total
[2023-11-16T06:13:53.173+0000][7][gc,age      ] GC(372) - age   3:     399992 bytes,    2948008 total
[2023-11-16T06:13:53.173+0000][7][gc,age      ] GC(372) - age   4:       6952 bytes,    2954960 total
[2023-11-16T06:13:53.173+0000][7][gc,age      ] GC(372) - age   5:      12184 bytes,    2967144 total
[2023-11-16T06:13:53.173+0000][7][gc,age      ] GC(372) - age   6:        512 bytes,    2967656 total
[2023-11-16T06:13:53.173+0000][7][gc,age      ] GC(372) - age   7:        120 bytes,    2967776 total
[2023-11-16T06:13:53.173+0000][7][gc,age      ] GC(372) - age   8:        304 bytes,    2968080 total
[2023-11-16T06:13:53.173+0000][7][gc,age      ] GC(372) - age   9:     233720 bytes,    3201800 total
[2023-11-16T06:13:53.173+0000][7][gc,age      ] GC(372) - age  10:       3352 bytes,    3205152 total
[2023-11-16T06:13:53.173+0000][7][gc,age      ] GC(372) - age  11:     101872 bytes,    3307024 total
[2023-11-16T06:13:53.173+0000][7][gc,age      ] GC(372) - age  12:        768 bytes,    3307792 total
[2023-11-16T06:13:53.173+0000][7][gc,age      ] GC(372) - age  13:        128 bytes,    3307920 total
[2023-11-16T06:13:53.173+0000][7][gc,age      ] GC(372) - age  14:        312 bytes,    3308232 total
[2023-11-16T06:13:53.173+0000][7][gc,age      ] GC(372) - age  15:       1328 bytes,    3309560 total
[2023-11-16T06:13:53.173+0000][7][gc,phases   ] GC(372)   Pre Evacuate Collection Set: 0.1ms
[2023-11-16T06:13:53.173+0000][7][gc,phases   ] GC(372)   Merge Heap Roots: 0.2ms
[2023-11-16T06:13:53.173+0000][7][gc,phases   ] GC(372)   Evacuate Collection Set: 5.7ms
[2023-11-16T06:13:53.173+0000][7][gc,phases   ] GC(372)   Post Evacuate Collection Set: 0.6ms
[2023-11-16T06:13:53.173+0000][7][gc,phases   ] GC(372)   Other: 0.3ms
[2023-11-16T06:13:53.173+0000][7][gc,heap     ] GC(372) Eden regions: 67->0(67)
[2023-11-16T06:13:53.173+0000][7][gc,heap     ] GC(372) Survivor regions: 1->1(9)
[2023-11-16T06:13:53.173+0000][7][gc,heap     ] GC(372) Old regions: 31->31
[2023-11-16T06:13:53.173+0000][7][gc,heap     ] GC(372) Archive regions: 2->2
[2023-11-16T06:13:53.173+0000][7][gc,heap     ] GC(372) Humongous regions: 5->5
[2023-11-16T06:13:53.173+0000][7][gc,metaspace] GC(372) Metaspace: 120241K(122112K)->120241K(122112K) NonClass: 104381K(105472K)->104381K(105472K) Class: 15860K(16640K)->15860K(16640K)
[2023-11-16T06:13:53.173+0000][7][gc          ] GC(372) Pause Young (Normal) (G1 Evacuation Pause) 418M->150M(512M) 6.952ms
[2023-11-16T06:13:53.173+0000][7][gc,cpu      ] GC(372) User=0.01s Sys=0.00s Real=0.01s
[2023-11-16T06:13:53.173+0000][7][safepoint   ] Safepoint "G1CollectForAllocation", Time since last: 6051775715 ns, Reaching safepoint: 95123 ns, At safepoint: 7060059 ns, Total: 7155182 ns
[2023-11-16T06:14:00.176+0000][7][safepoint   ] Safepoint "Cleanup", Time since last: 7001201240 ns, Reaching safepoint: 2051846 ns, At safepoint: 32958 ns, Total: 2084804 ns
[2023-11-16T06:14:01.177+0000][7][safepoint   ] Safepoint "Cleanup", Time since last: 1000258517 ns, Reaching safepoint: 105055 ns, At safepoint: 19813 ns, Total: 124868 ns
[2023-11-16T06:14:03.690+0000][7][gc,start    ] GC(373) Pause Young (Normal) (G1 Evacuation Pause)
[2023-11-16T06:14:03.690+0000][7][gc,task     ] GC(373) Using 8 workers of 8 for evacuation
[2023-11-16T06:14:03.690+0000][7][gc,age      ] GC(373) Desired survivor size 18874368 bytes, new threshold 15 (max threshold 15)
[2023-11-16T06:14:03.692+0000][7][gc,age      ] GC(373) Age table with threshold 15 (max threshold 15)
[2023-11-16T06:14:03.692+0000][7][gc,age      ] GC(373) - age   1:    1953872 bytes,    1953872 total
[2023-11-16T06:14:03.692+0000][7][gc,age      ] GC(373) - age   2:     465992 bytes,    2419864 total
[2023-11-16T06:14:03.692+0000][7][gc,age      ] GC(373) - age   3:     840920 bytes,    3260784 total
[2023-11-16T06:14:03.692+0000][7][gc,age      ] GC(373) - age   4:     398240 bytes,    3659024 total
[2023-11-16T06:14:03.692+0000][7][gc,age      ] GC(373) - age   5:       4304 bytes,    3663328 total
[2023-11-16T06:14:03.692+0000][7][gc,age      ] GC(373) - age   6:        408 bytes,    3663736 total
[2023-11-16T06:14:03.692+0000][7][gc,age      ] GC(373) - age   7:        512 bytes,    3664248 total
[2023-11-16T06:14:03.692+0000][7][gc,age      ] GC(373) - age   8:         56 bytes,    3664304 total
[2023-11-16T06:14:03.692+0000][7][gc,age      ] GC(373) - age   9:        272 bytes,    3664576 total
[2023-11-16T06:14:03.692+0000][7][gc,age      ] GC(373) - age  10:     233360 bytes,    3897936 total
[2023-11-16T06:14:03.692+0000][7][gc,age      ] GC(373) - age  11:       2408 bytes,    3900344 total
[2023-11-16T06:14:03.692+0000][7][gc,age      ] GC(373) - age  12:     101872 bytes,    4002216 total
[2023-11-16T06:14:03.692+0000][7][gc,age      ] GC(373) - age  13:        504 bytes,    4002720 total
[2023-11-16T06:14:03.692+0000][7][gc,age      ] GC(373) - age  14:        128 bytes,    4002848 total
[2023-11-16T06:14:03.692+0000][7][gc,phases   ] GC(373)   Pre Evacuate Collection Set: 0.1ms
[2023-11-16T06:14:03.692+0000][7][gc,phases   ] GC(373)   Merge Heap Roots: 0.0ms
[2023-11-16T06:14:03.692+0000][7][gc,phases   ] GC(373)   Evacuate Collection Set: 1.8ms
[2023-11-16T06:14:03.692+0000][7][gc,phases   ] GC(373)   Post Evacuate Collection Set: 0.7ms
[2023-11-16T06:14:03.692+0000][7][gc,phases   ] GC(373)   Other: 0.3ms
[2023-11-16T06:14:03.692+0000][7][gc,heap     ] GC(373) Eden regions: 67->0(66)
[2023-11-16T06:14:03.692+0000][7][gc,heap     ] GC(373) Survivor regions: 1->2(9)
[2023-11-16T06:14:03.692+0000][7][gc,heap     ] GC(373) Old regions: 31->31
[2023-11-16T06:14:03.692+0000][7][gc,heap     ] GC(373) Archive regions: 2->2
[2023-11-16T06:14:03.692+0000][7][gc,heap     ] GC(373) Humongous regions: 5->5
[2023-11-16T06:14:03.692+0000][7][gc,metaspace] GC(373) Metaspace: 120249K(122112K)->120249K(122112K) NonClass: 104388K(105472K)->104388K(105472K) Class: 15860K(16640K)->15860K(16640K)
[2023-11-16T06:14:03.692+0000][7][gc          ] GC(373) Pause Young (Normal) (G1 Evacuation Pause) 418M->151M(512M) 2.881ms
[2023-11-16T06:14:03.693+0000][7][gc,cpu      ] GC(373) User=0.02s Sys=0.00s Real=0.00s
[2023-11-16T06:14:03.693+0000][7][safepoint   ] Safepoint "G1CollectForAllocation", Time since last: 2512657431 ns, Reaching safepoint: 39371 ns, At safepoint: 3016711 ns, Total: 3056082 ns
[2023-11-16T06:14:04.693+0000][7][safepoint   ] Safepoint "Cleanup", Time since last: 1000087656 ns, Reaching safepoint: 78006 ns, At safepoint: 7945 ns, Total: 85951 ns
[2023-11-16T06:14:05.693+0000][7][safepoint   ] Safepoint "Cleanup", Time since last: 1000318777 ns, Reaching safepoint: 69318 ns, At safepoint: 5114 ns, Total: 74432 ns
[2023-11-16T06:14:17.695+0000][7][safepoint   ] Safepoint "Cleanup", Time since last: 12001438683 ns, Reaching safepoint: 94725 ns, At safepoint: 5528 ns, Total: 100253 ns
[2023-11-16T06:14:19.643+0000][7][gc,start    ] GC(374) Pause Young (Normal) (G1 Evacuation Pause)
[2023-11-16T06:14:19.643+0000][7][gc,task     ] GC(374) Using 8 workers of 8 for evacuation
[2023-11-16T06:14:19.643+0000][7][gc,age      ] GC(374) Desired survivor size 18874368 bytes, new threshold 15 (max threshold 15)
[2023-11-16T06:14:19.646+0000][7][gc,age      ] GC(374) Age table with threshold 15 (max threshold 15)
[2023-11-16T06:14:19.646+0000][7][gc,age      ] GC(374) - age   1:    1205000 bytes,    1205000 total
[2023-11-16T06:14:19.646+0000][7][gc,age      ] GC(374) - age   2:    1478456 bytes,    2683456 total
[2023-11-16T06:14:19.646+0000][7][gc,age      ] GC(374) - age   3:     258456 bytes,    2941912 total
[2023-11-16T06:14:19.646+0000][7][gc,age      ] GC(374) - age   4:     530608 bytes,    3472520 total
[2023-11-16T06:14:19.646+0000][7][gc,age      ] GC(374) - age   5:     330824 bytes,    3803344 total
[2023-11-16T06:14:19.646+0000][7][gc,age      ] GC(374) - age   6:       4304 bytes,    3807648 total
[2023-11-16T06:14:19.646+0000][7][gc,age      ] GC(374) - age   7:        408 bytes,    3808056 total
[2023-11-16T06:14:19.646+0000][7][gc,age      ] GC(374) - age   8:        416 bytes,    3808472 total
[2023-11-16T06:14:19.646+0000][7][gc,age      ] GC(374) - age   9:         24 bytes,    3808496 total
[2023-11-16T06:14:19.646+0000][7][gc,age      ] GC(374) - age  10:        272 bytes,    3808768 total
[2023-11-16T06:14:19.646+0000][7][gc,age      ] GC(374) - age  11:     125664 bytes,    3934432 total
[2023-11-16T06:14:19.646+0000][7][gc,age      ] GC(374) - age  12:       2408 bytes,    3936840 total
[2023-11-16T06:14:19.646+0000][7][gc,age      ] GC(374) - age  13:     101872 bytes,    4038712 total
[2023-11-16T06:14:19.646+0000][7][gc,age      ] GC(374) - age  14:        504 bytes,    4039216 total
[2023-11-16T06:14:19.646+0000][7][gc,age      ] GC(374) - age  15:        128 bytes,    4039344 total
[2023-11-16T06:14:19.646+0000][7][gc,phases   ] GC(374)   Pre Evacuate Collection Set: 0.1ms
[2023-11-16T06:14:19.646+0000][7][gc,phases   ] GC(374)   Merge Heap Roots: 0.1ms
[2023-11-16T06:14:19.646+0000][7][gc,phases   ] GC(374)   Evacuate Collection Set: 2.2ms
[2023-11-16T06:14:19.646+0000][7][gc,phases   ] GC(374)   Post Evacuate Collection Set: 0.5ms
[2023-11-16T06:14:19.646+0000][7][gc,phases   ] GC(374)   Other: 0.3ms
[2023-11-16T06:14:19.646+0000][7][gc,heap     ] GC(374) Eden regions: 66->0(66)
[2023-11-16T06:14:19.646+0000][7][gc,heap     ] GC(374) Survivor regions: 2->2(9)
[2023-11-16T06:14:19.646+0000][7][gc,heap     ] GC(374) Old regions: 31->31
[2023-11-16T06:14:19.646+0000][7][gc,heap     ] GC(374) Archive regions: 2->2
[2023-11-16T06:14:19.646+0000][7][gc,heap     ] GC(374) Humongous regions: 5->5
[2023-11-16T06:14:19.646+0000][7][gc,metaspace] GC(374) Metaspace: 120250K(122112K)->120250K(122112K) NonClass: 104389K(105472K)->104389K(105472K) Class: 15860K(16640K)->15860K(16640K)
[2023-11-16T06:14:19.646+0000][7][gc          ] GC(374) Pause Young (Normal) (G1 Evacuation Pause) 415M->151M(512M) 3.161ms
[2023-11-16T06:14:19.646+0000][7][gc,cpu      ] GC(374) User=0.02s Sys=0.00s Real=0.00s
[2023-11-16T06:14:19.646+0000][7][safepoint   ] Safepoint "G1CollectForAllocation", Time since last: 1948290924 ns, Reaching safepoint: 59857 ns, At safepoint: 3273924 ns, Total: 3333781 ns
[2023-11-16T06:14:29.648+0000][7][safepoint   ] Safepoint "Cleanup", Time since last: 10001755592 ns, Reaching safepoint: 33055 ns, At safepoint: 26731 ns, Total: 59786 ns
[2023-11-16T06:14:34.914+0000][7][gc,start    ] GC(375) Pause Young (Normal) (G1 Evacuation Pause)
[2023-11-16T06:14:34.914+0000][7][gc,task     ] GC(375) Using 8 workers of 8 for evacuation
[2023-11-16T06:14:34.914+0000][7][gc,age      ] GC(375) Desired survivor size 18874368 bytes, new threshold 15 (max threshold 15)
[2023-11-16T06:14:34.918+0000][7][gc,age      ] GC(375) Age table with threshold 15 (max threshold 15)
[2023-11-16T06:14:34.918+0000][7][gc,age      ] GC(375) - age   1:    1507528 bytes,    1507528 total
[2023-11-16T06:14:34.918+0000][7][gc,age      ] GC(375) - age   2:     886224 bytes,    2393752 total
[2023-11-16T06:14:34.918+0000][7][gc,age      ] GC(375) - age   3:    1463552 bytes,    3857304 total
[2023-11-16T06:14:34.918+0000][7][gc,age      ] GC(375) - age   4:     257880 bytes,    4115184 total
[2023-11-16T06:14:34.918+0000][7][gc,age      ] GC(375) - age   5:     496632 bytes,    4611816 total
[2023-11-16T06:14:34.918+0000][7][gc,age      ] GC(375) - age   6:     330248 bytes,    4942064 total
[2023-11-16T06:14:34.918+0000][7][gc,age      ] GC(375) - age   7:       4056 bytes,    4946120 total
[2023-11-16T06:14:34.918+0000][7][gc,age      ] GC(375) - age   8:        224 bytes,    4946344 total
[2023-11-16T06:14:34.918+0000][7][gc,age      ] GC(375) - age   9:        352 bytes,    4946696 total
[2023-11-16T06:14:34.918+0000][7][gc,age      ] GC(375) - age  11:        272 bytes,    4946968 total
[2023-11-16T06:14:34.918+0000][7][gc,age      ] GC(375) - age  12:     125536 bytes,    5072504 total
[2023-11-16T06:14:34.918+0000][7][gc,age      ] GC(375) - age  13:       2408 bytes,    5074912 total
[2023-11-16T06:14:34.918+0000][7][gc,age      ] GC(375) - age  14:     101808 bytes,    5176720 total
[2023-11-16T06:14:34.918+0000][7][gc,age      ] GC(375) - age  15:        128 bytes,    5176848 total
[2023-11-16T06:14:34.918+0000][7][gc,phases   ] GC(375)   Pre Evacuate Collection Set: 0.1ms
[2023-11-16T06:14:34.918+0000][7][gc,phases   ] GC(375)   Merge Heap Roots: 0.0ms
[2023-11-16T06:14:34.918+0000][7][gc,phases   ] GC(375)   Evacuate Collection Set: 2.3ms
[2023-11-16T06:14:34.918+0000][7][gc,phases   ] GC(375)   Post Evacuate Collection Set: 0.8ms
[2023-11-16T06:14:34.918+0000][7][gc,phases   ] GC(375)   Other: 0.2ms
[2023-11-16T06:14:34.918+0000][7][gc,heap     ] GC(375) Eden regions: 66->0(66)
[2023-11-16T06:14:34.918+0000][7][gc,heap     ] GC(375) Survivor regions: 2->2(9)
[2023-11-16T06:14:34.918+0000][7][gc,heap     ] GC(375) Old regions: 31->31
[2023-11-16T06:14:34.918+0000][7][gc,heap     ] GC(375) Archive regions: 2->2
[2023-11-16T06:14:34.918+0000][7][gc,heap     ] GC(375) Humongous regions: 5->5
[2023-11-16T06:14:34.918+0000][7][gc,metaspace] GC(375) Metaspace: 120252K(122112K)->120252K(122112K) NonClass: 104392K(105472K)->104392K(105472K) Class: 15860K(16640K)->15860K(16640K)
[2023-11-16T06:14:34.918+0000][7][gc          ] GC(375) Pause Young (Normal) (G1 Evacuation Pause) 415M->152M(512M) 3.540ms
[2023-11-16T06:14:34.918+0000][7][gc,cpu      ] GC(375) User=0.02s Sys=0.00s Real=0.00s
[2023-11-16T06:14:34.918+0000][7][safepoint   ] Safepoint "G1CollectForAllocation", Time since last: 5266016923 ns, Reaching safepoint: 79945 ns, At safepoint: 3613258 ns, Total: 3693203 ns
[2023-11-16T06:14:42.919+0000][7][safepoint   ] Safepoint "Cleanup", Time since last: 8000735971 ns, Reaching safepoint: 67988 ns, At safepoint: 29771 ns, Total: 97759 ns
[2023-11-16T06:14:43.281+0000][7][gc,start    ] GC(376) Pause Young (Normal) (G1 Evacuation Pause)
[2023-11-16T06:14:43.281+0000][7][gc,task     ] GC(376) Using 8 workers of 8 for evacuation
[2023-11-16T06:14:43.281+0000][7][gc,age      ] GC(376) Desired survivor size 18874368 bytes, new threshold 15 (max threshold 15)
[2023-11-16T06:14:43.285+0000][7][gc,age      ] GC(376) Age table with threshold 15 (max threshold 15)
[2023-11-16T06:14:43.285+0000][7][gc,age      ] GC(376) - age   1:    1562040 bytes,    1562040 total
[2023-11-16T06:14:43.285+0000][7][gc,age      ] GC(376) - age   2:     185752 bytes,    1747792 total
[2023-11-16T06:14:43.285+0000][7][gc,age      ] GC(376) - age   3:      30344 bytes,    1778136 total
[2023-11-16T06:14:43.285+0000][7][gc,age      ] GC(376) - age   4:     755496 bytes,    2533632 total
[2023-11-16T06:14:43.285+0000][7][gc,age      ] GC(376) - age   5:     256032 bytes,    2789664 total
[2023-11-16T06:14:43.285+0000][7][gc,age      ] GC(376) - age   6:     496384 bytes,    3286048 total
[2023-11-16T06:14:43.285+0000][7][gc,age      ] GC(376) - age   7:     329816 bytes,    3615864 total
[2023-11-16T06:14:43.285+0000][7][gc,age      ] GC(376) - age   8:       3752 bytes,    3619616 total
[2023-11-16T06:14:43.285+0000][7][gc,age      ] GC(376) - age   9:        224 bytes,    3619840 total
[2023-11-16T06:14:43.285+0000][7][gc,age      ] GC(376) - age  10:        352 bytes,    3620192 total
[2023-11-16T06:14:43.285+0000][7][gc,age      ] GC(376) - age  12:        272 bytes,    3620464 total
[2023-11-16T06:14:43.285+0000][7][gc,age      ] GC(376) - age  13:     125536 bytes,    3746000 total
[2023-11-16T06:14:43.285+0000][7][gc,age      ] GC(376) - age  14:       2408 bytes,    3748408 total
[2023-11-16T06:14:43.285+0000][7][gc,age      ] GC(376) - age  15:     101808 bytes,    3850216 total
[2023-11-16T06:14:43.285+0000][7][gc,phases   ] GC(376)   Pre Evacuate Collection Set: 0.1ms
[2023-11-16T06:14:43.285+0000][7][gc,phases   ] GC(376)   Merge Heap Roots: 0.0ms
[2023-11-16T06:14:43.285+0000][7][gc,phases   ] GC(376)   Evacuate Collection Set: 3.1ms
[2023-11-16T06:14:43.285+0000][7][gc,phases   ] GC(376)   Post Evacuate Collection Set: 0.7ms
[2023-11-16T06:14:43.285+0000][7][gc,phases   ] GC(376)   Other: 0.3ms
[2023-11-16T06:14:43.285+0000][7][gc,heap     ] GC(376) Eden regions: 66->0(66)
[2023-11-16T06:14:43.285+0000][7][gc,heap     ] GC(376) Survivor regions: 2->2(9)
[2023-11-16T06:14:43.285+0000][7][gc,heap     ] GC(376) Old regions: 31->31
[2023-11-16T06:14:43.285+0000][7][gc,heap     ] GC(376) Archive regions: 2->2
[2023-11-16T06:14:43.285+0000][7][gc,heap     ] GC(376) Humongous regions: 5->5
[2023-11-16T06:14:43.285+0000][7][gc,metaspace] GC(376) Metaspace: 120253K(122112K)->120253K(122112K) NonClass: 104393K(105472K)->104393K(105472K) Class: 15860K(16640K)->15860K(16640K)
[2023-11-16T06:14:43.285+0000][7][gc          ] GC(376) Pause Young (Normal) (G1 Evacuation Pause) 416M->151M(512M) 4.302ms
[2023-11-16T06:14:43.285+0000][7][gc,cpu      ] GC(376) User=0.02s Sys=0.00s Real=0.00s
[2023-11-16T06:14:43.285+0000][7][safepoint   ] Safepoint "G1CollectForAllocation", Time since last: 361787135 ns, Reaching safepoint: 52363 ns, At safepoint: 4395944 ns, Total: 4448307 ns
[2023-11-16T06:14:50.809+0000][7][gc,start    ] GC(377) Pause Young (Normal) (G1 Evacuation Pause)
[2023-11-16T06:14:50.809+0000][7][gc,task     ] GC(377) Using 8 workers of 8 for evacuation
[2023-11-16T06:14:50.809+0000][7][gc,age      ] GC(377) Desired survivor size 18874368 bytes, new threshold 15 (max threshold 15)
[2023-11-16T06:14:50.816+0000][7][gc,age      ] GC(377) Age table with threshold 15 (max threshold 15)
[2023-11-16T06:14:50.816+0000][7][gc,age      ] GC(377) - age   1:    1479896 bytes,    1479896 total
[2023-11-16T06:14:50.816+0000][7][gc,age      ] GC(377) - age   2:     237160 bytes,    1717056 total
[2023-11-16T06:14:50.816+0000][7][gc,age      ] GC(377) - age   3:      95904 bytes,    1812960 total
[2023-11-16T06:14:50.816+0000][7][gc,age      ] GC(377) - age   4:      29768 bytes,    1842728 total
[2023-11-16T06:14:50.816+0000][7][gc,age      ] GC(377) - age   5:      40984 bytes,    1883712 total
[2023-11-16T06:14:50.816+0000][7][gc,age      ] GC(377) - age   6:     156944 bytes,    2040656 total
[2023-11-16T06:14:50.816+0000][7][gc,age      ] GC(377) - age   7:     427040 bytes,    2467696 total
[2023-11-16T06:14:50.816+0000][7][gc,age      ] GC(377) - age   8:     157824 bytes,    2625520 total
[2023-11-16T06:14:50.816+0000][7][gc,age      ] GC(377) - age   9:       1696 bytes,    2627216 total
[2023-11-16T06:14:50.816+0000][7][gc,age      ] GC(377) - age  10:        128 bytes,    2627344 total
[2023-11-16T06:14:50.816+0000][7][gc,age      ] GC(377) - age  11:        288 bytes,    2627632 total
[2023-11-16T06:14:50.816+0000][7][gc,age      ] GC(377) - age  13:        208 bytes,    2627840 total
[2023-11-16T06:14:50.816+0000][7][gc,age      ] GC(377) - age  14:     125408 bytes,    2753248 total
[2023-11-16T06:14:50.816+0000][7][gc,age      ] GC(377) - age  15:       2408 bytes,    2755656 total
[2023-11-16T06:14:50.816+0000][7][gc,phases   ] GC(377)   Pre Evacuate Collection Set: 0.1ms
[2023-11-16T06:14:50.816+0000][7][gc,phases   ] GC(377)   Merge Heap Roots: 0.1ms
[2023-11-16T06:14:50.816+0000][7][gc,phases   ] GC(377)   Evacuate Collection Set: 6.1ms
[2023-11-16T06:14:50.816+0000][7][gc,phases   ] GC(377)   Post Evacuate Collection Set: 0.6ms
[2023-11-16T06:14:50.816+0000][7][gc,phases   ] GC(377)   Other: 0.3ms
[2023-11-16T06:14:50.816+0000][7][gc,heap     ] GC(377) Eden regions: 66->0(67)
[2023-11-16T06:14:50.816+0000][7][gc,heap     ] GC(377) Survivor regions: 2->1(9)
[2023-11-16T06:14:50.816+0000][7][gc,heap     ] GC(377) Old regions: 31->31
[2023-11-16T06:14:50.816+0000][7][gc,heap     ] GC(377) Archive regions: 2->2
[2023-11-16T06:14:50.816+0000][7][gc,heap     ] GC(377) Humongous regions: 5->5
[2023-11-16T06:14:50.816+0000][7][gc,metaspace] GC(377) Metaspace: 120253K(122112K)->120253K(122112K) NonClass: 104393K(105472K)->104393K(105472K) Class: 15860K(16640K)->15860K(16640K)
[2023-11-16T06:14:50.816+0000][7][gc          ] GC(377) Pause Young (Normal) (G1 Evacuation Pause) 415M->150M(512M) 7.179ms
[2023-11-16T06:14:50.816+0000][7][gc,cpu      ] GC(377) User=0.01s Sys=0.00s Real=0.00s
[2023-11-16T06:14:50.816+0000][7][safepoint   ] Safepoint "G1CollectForAllocation", Time since last: 7523772232 ns, Reaching safepoint: 94500 ns, At safepoint: 7253024 ns, Total: 7347524 ns
[2023-11-16T06:14:56.817+0000][7][safepoint   ] Safepoint "Cleanup", Time since last: 6001198521 ns, Reaching safepoint: 63871 ns, At safepoint: 27707 ns, Total: 91578 ns
[2023-11-16T06:14:57.405+0000][7][gc,start    ] GC(378) Pause Young (Normal) (G1 Evacuation Pause)
[2023-11-16T06:14:57.405+0000][7][gc,task     ] GC(378) Using 8 workers of 8 for evacuation
[2023-11-16T06:14:57.405+0000][7][gc,age      ] GC(378) Desired survivor size 18874368 bytes, new threshold 15 (max threshold 15)
[2023-11-16T06:14:57.407+0000][7][gc,age      ] GC(378) Age table with threshold 15 (max threshold 15)
[2023-11-16T06:14:57.407+0000][7][gc,age      ] GC(378) - age   1:    1463648 bytes,    1463648 total
[2023-11-16T06:14:57.407+0000][7][gc,age      ] GC(378) - age   2:     143880 bytes,    1607528 total
[2023-11-16T06:14:57.407+0000][7][gc,age      ] GC(378) - age   3:     179264 bytes,    1786792 total
[2023-11-16T06:14:57.407+0000][7][gc,age      ] GC(378) - age   4:      85384 bytes,    1872176 total
[2023-11-16T06:14:57.407+0000][7][gc,age      ] GC(378) - age   5:      29544 bytes,    1901720 total
[2023-11-16T06:14:57.407+0000][7][gc,age      ] GC(378) - age   6:      39992 bytes,    1941712 total
[2023-11-16T06:14:57.407+0000][7][gc,age      ] GC(378) - age   7:     156432 bytes,    2098144 total
[2023-11-16T06:14:57.407+0000][7][gc,age      ] GC(378) - age   8:     299624 bytes,    2397768 total
[2023-11-16T06:14:57.407+0000][7][gc,age      ] GC(378) - age   9:     157632 bytes,    2555400 total
[2023-11-16T06:14:57.407+0000][7][gc,age      ] GC(378) - age  10:       1632 bytes,    2557032 total
[2023-11-16T06:14:57.407+0000][7][gc,age      ] GC(378) - age  11:        128 bytes,    2557160 total
[2023-11-16T06:14:57.407+0000][7][gc,age      ] GC(378) - age  12:        256 bytes,    2557416 total
[2023-11-16T06:14:57.407+0000][7][gc,age      ] GC(378) - age  14:        208 bytes,    2557624 total
[2023-11-16T06:14:57.407+0000][7][gc,age      ] GC(378) - age  15:     125408 bytes,    2683032 total
[2023-11-16T06:14:57.407+0000][7][gc,phases   ] GC(378)   Pre Evacuate Collection Set: 0.1ms
[2023-11-16T06:14:57.407+0000][7][gc,phases   ] GC(378)   Merge Heap Roots: 0.1ms
[2023-11-16T06:14:57.407+0000][7][gc,phases   ] GC(378)   Evacuate Collection Set: 1.4ms
[2023-11-16T06:14:57.407+0000][7][gc,phases   ] GC(378)   Post Evacuate Collection Set: 0.5ms
[2023-11-16T06:14:57.407+0000][7][gc,phases   ] GC(378)   Other: 0.2ms
[2023-11-16T06:14:57.407+0000][7][gc,heap     ] GC(378) Eden regions: 67->0(67)
[2023-11-16T06:14:57.407+0000][7][gc,heap     ] GC(378) Survivor regions: 1->1(9)
[2023-11-16T06:14:57.407+0000][7][gc,heap     ] GC(378) Old regions: 31->31
[2023-11-16T06:14:57.407+0000][7][gc,heap     ] GC(378) Archive regions: 2->2
[2023-11-16T06:14:57.407+0000][7][gc,heap     ] GC(378) Humongous regions: 5->5
[2023-11-16T06:14:57.407+0000][7][gc,metaspace] GC(378) Metaspace: 120253K(122112K)->120253K(122112K) NonClass: 104393K(105472K)->104393K(105472K) Class: 15860K(16640K)->15860K(16640K)
[2023-11-16T06:14:57.407+0000][7][gc          ] GC(378) Pause Young (Normal) (G1 Evacuation Pause) 418M->150M(512M) 2.227ms
[2023-11-16T06:14:57.407+0000][7][gc,cpu      ] GC(378) User=0.01s Sys=0.00s Real=0.00s
[2023-11-16T06:14:57.407+0000][7][safepoint   ] Safepoint "G1CollectForAllocation", Time since last: 587259427 ns, Reaching safepoint: 44465 ns, At safepoint: 2349125 ns, Total: 2393590 ns
[2023-11-16T06:15:03.450+0000][7][gc,start    ] GC(379) Pause Young (Normal) (G1 Evacuation Pause)
[2023-11-16T06:15:03.450+0000][7][gc,task     ] GC(379) Using 8 workers of 8 for evacuation
[2023-11-16T06:15:03.450+0000][7][gc,age      ] GC(379) Desired survivor size 18874368 bytes, new threshold 15 (max threshold 15)
[2023-11-16T06:15:03.456+0000][7][gc,age      ] GC(379) Age table with threshold 15 (max threshold 15)
[2023-11-16T06:15:03.456+0000][7][gc,age      ] GC(379) - age   1:    1646520 bytes,    1646520 total
[2023-11-16T06:15:03.456+0000][7][gc,age      ] GC(379) - age   2:     384072 bytes,    2030592 total
[2023-11-16T06:15:03.456+0000][7][gc,age      ] GC(379) - age   3:     141840 bytes,    2172432 total
[2023-11-16T06:15:03.456+0000][7][gc,age      ] GC(379) - age   4:     178816 bytes,    2351248 total
[2023-11-16T06:15:03.456+0000][7][gc,age      ] GC(379) - age   5:      81192 bytes,    2432440 total
[2023-11-16T06:15:03.456+0000][7][gc,age      ] GC(379) - age   6:      29192 bytes,    2461632 total
[2023-11-16T06:15:03.456+0000][7][gc,age      ] GC(379) - age   7:      39424 bytes,    2501056 total
[2023-11-16T06:15:03.456+0000][7][gc,age      ] GC(379) - age   8:     156432 bytes,    2657488 total
[2023-11-16T06:15:03.456+0000][7][gc,age      ] GC(379) - age   9:     299464 bytes,    2956952 total
[2023-11-16T06:15:03.456+0000][7][gc,age      ] GC(379) - age  10:     157536 bytes,    3114488 total
[2023-11-16T06:15:03.456+0000][7][gc,age      ] GC(379) - age  11:       1024 bytes,    3115512 total
[2023-11-16T06:15:03.456+0000][7][gc,age      ] GC(379) - age  12:         64 bytes,    3115576 total
[2023-11-16T06:15:03.456+0000][7][gc,age      ] GC(379) - age  13:        256 bytes,    3115832 total
[2023-11-16T06:15:03.456+0000][7][gc,age      ] GC(379) - age  15:        208 bytes,    3116040 total
[2023-11-16T06:15:03.456+0000][7][gc,phases   ] GC(379)   Pre Evacuate Collection Set: 0.1ms
[2023-11-16T06:15:03.456+0000][7][gc,phases   ] GC(379)   Merge Heap Roots: 0.1ms
[2023-11-16T06:15:03.456+0000][7][gc,phases   ] GC(379)   Evacuate Collection Set: 5.5ms
[2023-11-16T06:15:03.456+0000][7][gc,phases   ] GC(379)   Post Evacuate Collection Set: 0.5ms
[2023-11-16T06:15:03.456+0000][7][gc,phases   ] GC(379)   Other: 0.2ms
[2023-11-16T06:15:03.456+0000][7][gc,heap     ] GC(379) Eden regions: 67->0(67)
[2023-11-16T06:15:03.456+0000][7][gc,heap     ] GC(379) Survivor regions: 1->1(9)
[2023-11-16T06:15:03.456+0000][7][gc,heap     ] GC(379) Old regions: 31->31
[2023-11-16T06:15:03.456+0000][7][gc,heap     ] GC(379) Archive regions: 2->2
[2023-11-16T06:15:03.456+0000][7][gc,heap     ] GC(379) Humongous regions: 5->5
[2023-11-16T06:15:03.456+0000][7][gc,metaspace] GC(379) Metaspace: 120253K(122112K)->120253K(122112K) NonClass: 104393K(105472K)->104393K(105472K) Class: 15860K(16640K)->15860K(16640K)
[2023-11-16T06:15:03.456+0000][7][gc          ] GC(379) Pause Young (Normal) (G1 Evacuation Pause) 418M->150M(512M) 6.371ms
[2023-11-16T06:15:03.456+0000][7][gc,cpu      ] GC(379) User=0.01s Sys=0.00s Real=0.00s
[2023-11-16T06:15:03.456+0000][7][safepoint   ] Safepoint "G1CollectForAllocation", Time since last: 6042487277 ns, Reaching safepoint: 70714 ns, At safepoint: 6436748 ns, Total: 6507462 ns
[2023-11-16T06:15:08.457+0000][7][safepoint   ] Safepoint "Cleanup", Time since last: 5001367440 ns, Reaching safepoint: 30499 ns, At safepoint: 33662 ns, Total: 64161 ns
[2023-11-16T06:15:09.631+0000][7][gc,start    ] GC(380) Pause Young (Normal) (G1 Evacuation Pause)
[2023-11-16T06:15:09.631+0000][7][gc,task     ] GC(380) Using 8 workers of 8 for evacuation
[2023-11-16T06:15:09.631+0000][7][gc,age      ] GC(380) Desired survivor size 18874368 bytes, new threshold 15 (max threshold 15)
[2023-11-16T06:15:09.635+0000][7][gc,age      ] GC(380) Age table with threshold 15 (max threshold 15)
[2023-11-16T06:15:09.635+0000][7][gc,age      ] GC(380) - age   1:    2194536 bytes,    2194536 total
[2023-11-16T06:15:09.635+0000][7][gc,age      ] GC(380) - age   2:     576984 bytes,    2771520 total
[2023-11-16T06:15:09.635+0000][7][gc,age      ] GC(380) - age   3:     381768 bytes,    3153288 total
[2023-11-16T06:15:09.635+0000][7][gc,age      ] GC(380) - age   4:     141304 bytes,    3294592 total
[2023-11-16T06:15:09.635+0000][7][gc,age      ] GC(380) - age   5:     178744 bytes,    3473336 total
[2023-11-16T06:15:09.635+0000][7][gc,age      ] GC(380) - age   6:      81064 bytes,    3554400 total
[2023-11-16T06:15:09.635+0000][7][gc,age      ] GC(380) - age   7:      29192 bytes,    3583592 total
[2023-11-16T06:15:09.635+0000][7][gc,age      ] GC(380) - age   8:      39360 bytes,    3622952 total
[2023-11-16T06:15:09.635+0000][7][gc,age      ] GC(380) - age   9:     156088 bytes,    3779040 total
[2023-11-16T06:15:09.635+0000][7][gc,age      ] GC(380) - age  10:     299464 bytes,    4078504 total
[2023-11-16T06:15:09.635+0000][7][gc,age      ] GC(380) - age  11:     157536 bytes,    4236040 total
[2023-11-16T06:15:09.635+0000][7][gc,age      ] GC(380) - age  12:       1024 bytes,    4237064 total
[2023-11-16T06:15:09.635+0000][7][gc,age      ] GC(380) - age  13:         64 bytes,    4237128 total
[2023-11-16T06:15:09.635+0000][7][gc,age      ] GC(380) - age  14:        256 bytes,    4237384 total
[2023-11-16T06:15:09.636+0000][7][gc,phases   ] GC(380)   Pre Evacuate Collection Set: 0.1ms
[2023-11-16T06:15:09.636+0000][7][gc,phases   ] GC(380)   Merge Heap Roots: 0.0ms
[2023-11-16T06:15:09.636+0000][7][gc,phases   ] GC(380)   Evacuate Collection Set: 2.9ms
[2023-11-16T06:15:09.636+0000][7][gc,phases   ] GC(380)   Post Evacuate Collection Set: 1.0ms
[2023-11-16T06:15:09.636+0000][7][gc,phases   ] GC(380)   Other: 0.3ms
[2023-11-16T06:15:09.636+0000][7][gc,heap     ] GC(380) Eden regions: 67->0(66)
[2023-11-16T06:15:09.636+0000][7][gc,heap     ] GC(380) Survivor regions: 1->2(9)
[2023-11-16T06:15:09.636+0000][7][gc,heap     ] GC(380) Old regions: 31->31
[2023-11-16T06:15:09.636+0000][7][gc,heap     ] GC(380) Archive regions: 2->2
[2023-11-16T06:15:09.636+0000][7][gc,heap     ] GC(380) Humongous regions: 5->5
[2023-11-16T06:15:09.636+0000][7][gc,metaspace] GC(380) Metaspace: 120254K(122112K)->120254K(122112K) NonClass: 104394K(105472K)->104394K(105472K) Class: 15860K(16640K)->15860K(16640K)
[2023-11-16T06:15:09.636+0000][7][gc          ] GC(380) Pause Young (Normal) (G1 Evacuation Pause) 418M->151M(512M) 4.362ms
[2023-11-16T06:15:09.636+0000][7][gc,cpu      ] GC(380) User=0.01s Sys=0.00s Real=0.00s
[2023-11-16T06:15:09.636+0000][7][safepoint   ] Safepoint "G1CollectForAllocation", Time since last: 1173786388 ns, Reaching safepoint: 35300 ns, At safepoint: 4447649 ns, Total: 4482949 ns
[2023-11-16T06:15:22.782+0000][7][gc,start    ] GC(381) Pause Young (Normal) (G1 Evacuation Pause)
[2023-11-16T06:15:22.782+0000][7][gc,task     ] GC(381) Using 8 workers of 8 for evacuation
[2023-11-16T06:15:22.782+0000][7][gc,age      ] GC(381) Desired survivor size 18874368 bytes, new threshold 15 (max threshold 15)
[2023-11-16T06:15:22.785+0000][7][gc,age      ] GC(381) Age table with threshold 15 (max threshold 15)
[2023-11-16T06:15:22.785+0000][7][gc,age      ] GC(381) - age   1:    2155112 bytes,    2155112 total
[2023-11-16T06:15:22.785+0000][7][gc,age      ] GC(381) - age   2:       6024 bytes,    2161136 total
[2023-11-16T06:15:22.785+0000][7][gc,age      ] GC(381) - age   3:     137824 bytes,    2298960 total
[2023-11-16T06:15:22.785+0000][7][gc,age      ] GC(381) - age   4:     145000 bytes,    2443960 total
[2023-11-16T06:15:22.785+0000][7][gc,age      ] GC(381) - age   5:      39256 bytes,    2483216 total
[2023-11-16T06:15:22.785+0000][7][gc,age      ] GC(381) - age   6:     178264 bytes,    2661480 total
[2023-11-16T06:15:22.785+0000][7][gc,age      ] GC(381) - age   7:      80688 bytes,    2742168 total
[2023-11-16T06:15:22.785+0000][7][gc,age      ] GC(381) - age   8:      28936 bytes,    2771104 total
[2023-11-16T06:15:22.785+0000][7][gc,age      ] GC(381) - age   9:      39056 bytes,    2810160 total
[2023-11-16T06:15:22.785+0000][7][gc,age      ] GC(381) - age  10:      28928 bytes,    2839088 total
[2023-11-16T06:15:22.785+0000][7][gc,age      ] GC(381) - age  11:     299208 bytes,    3138296 total
[2023-11-16T06:15:22.785+0000][7][gc,age      ] GC(381) - age  12:     157344 bytes,    3295640 total
[2023-11-16T06:15:22.785+0000][7][gc,age      ] GC(381) - age  13:        576 bytes,    3296216 total
[2023-11-16T06:15:22.785+0000][7][gc,age      ] GC(381) - age  14:         64 bytes,    3296280 total
[2023-11-16T06:15:22.785+0000][7][gc,age      ] GC(381) - age  15:        256 bytes,    3296536 total
[2023-11-16T06:15:22.785+0000][7][gc,phases   ] GC(381)   Pre Evacuate Collection Set: 0.1ms
[2023-11-16T06:15:22.785+0000][7][gc,phases   ] GC(381)   Merge Heap Roots: 0.1ms
[2023-11-16T06:15:22.785+0000][7][gc,phases   ] GC(381)   Evacuate Collection Set: 1.7ms
[2023-11-16T06:15:22.785+0000][7][gc,phases   ] GC(381)   Post Evacuate Collection Set: 0.5ms
[2023-11-16T06:15:22.785+0000][7][gc,phases   ] GC(381)   Other: 0.3ms
[2023-11-16T06:15:22.785+0000][7][gc,heap     ] GC(381) Eden regions: 66->0(67)
[2023-11-16T06:15:22.785+0000][7][gc,heap     ] GC(381) Survivor regions: 2->1(9)
[2023-11-16T06:15:22.785+0000][7][gc,heap     ] GC(381) Old regions: 31->31
[2023-11-16T06:15:22.785+0000][7][gc,heap     ] GC(381) Archive regions: 2->2
[2023-11-16T06:15:22.785+0000][7][gc,heap     ] GC(381) Humongous regions: 5->5
[2023-11-16T06:15:22.785+0000][7][gc,metaspace] GC(381) Metaspace: 120254K(122112K)->120254K(122112K) NonClass: 104394K(105472K)->104394K(105472K) Class: 15860K(16640K)->15860K(16640K)
[2023-11-16T06:15:22.785+0000][7][gc          ] GC(381) Pause Young (Normal) (G1 Evacuation Pause) 415M->150M(512M) 2.774ms
[2023-11-16T06:15:22.785+0000][7][gc,cpu      ] GC(381) User=0.01s Sys=0.01s Real=0.00s
[2023-11-16T06:15:22.785+0000][7][safepoint   ] Safepoint "G1CollectForAllocation", Time since last: 13146674290 ns, Reaching safepoint: 41096 ns, At safepoint: 2876639 ns, Total: 2917735 ns
[2023-11-16T06:15:23.785+0000][7][safepoint   ] Safepoint "Cleanup", Time since last: 1000071408 ns, Reaching safepoint: 116878 ns, At safepoint: 5804 ns, Total: 122682 ns
[2023-11-16T06:15:40.805+0000][7][gc,start    ] GC(382) Pause Young (Normal) (G1 Evacuation Pause)
[2023-11-16T06:15:40.805+0000][7][gc,task     ] GC(382) Using 8 workers of 8 for evacuation
[2023-11-16T06:15:40.806+0000][7][gc,age      ] GC(382) Desired survivor size 18874368 bytes, new threshold 15 (max threshold 15)
[2023-11-16T06:15:40.809+0000][7][gc,age      ] GC(382) Age table with threshold 15 (max threshold 15)
[2023-11-16T06:15:40.809+0000][7][gc,age      ] GC(382) - age   1:    1798824 bytes,    1798824 total
[2023-11-16T06:15:40.809+0000][7][gc,age      ] GC(382) - age   2:    1605216 bytes,    3404040 total
[2023-11-16T06:15:40.809+0000][7][gc,age      ] GC(382) - age   3:       5464 bytes,    3409504 total
[2023-11-16T06:15:40.809+0000][7][gc,age      ] GC(382) - age   4:     132768 bytes,    3542272 total
[2023-11-16T06:15:40.809+0000][7][gc,age      ] GC(382) - age   5:     134032 bytes,    3676304 total
[2023-11-16T06:15:40.809+0000][7][gc,age      ] GC(382) - age   6:      39064 bytes,    3715368 total
[2023-11-16T06:15:40.809+0000][7][gc,age      ] GC(382) - age   7:     178200 bytes,    3893568 total
[2023-11-16T06:15:40.810+0000][7][gc,age      ] GC(382) - age   8:      80080 bytes,    3973648 total
[2023-11-16T06:15:40.810+0000][7][gc,age      ] GC(382) - age   9:      28872 bytes,    4002520 total
[2023-11-16T06:15:40.810+0000][7][gc,age      ] GC(382) - age  10:      39056 bytes,    4041576 total
[2023-11-16T06:15:40.810+0000][7][gc,age      ] GC(382) - age  11:      28928 bytes,    4070504 total
[2023-11-16T06:15:40.810+0000][7][gc,age      ] GC(382) - age  12:     299208 bytes,    4369712 total
[2023-11-16T06:15:40.810+0000][7][gc,age      ] GC(382) - age  13:     157344 bytes,    4527056 total
[2023-11-16T06:15:40.810+0000][7][gc,age      ] GC(382) - age  14:        512 bytes,    4527568 total
[2023-11-16T06:15:40.810+0000][7][gc,age      ] GC(382) - age  15:         64 bytes,    4527632 total
[2023-11-16T06:15:40.810+0000][7][gc,phases   ] GC(382)   Pre Evacuate Collection Set: 0.1ms
[2023-11-16T06:15:40.810+0000][7][gc,phases   ] GC(382)   Merge Heap Roots: 0.0ms
[2023-11-16T06:15:40.810+0000][7][gc,phases   ] GC(382)   Evacuate Collection Set: 3.3ms
[2023-11-16T06:15:40.810+0000][7][gc,phases   ] GC(382)   Post Evacuate Collection Set: 0.5ms
[2023-11-16T06:15:40.810+0000][7][gc,phases   ] GC(382)   Other: 0.2ms
[2023-11-16T06:15:40.810+0000][7][gc,heap     ] GC(382) Eden regions: 67->0(66)
[2023-11-16T06:15:40.810+0000][7][gc,heap     ] GC(382) Survivor regions: 1->2(9)
[2023-11-16T06:15:40.810+0000][7][gc,heap     ] GC(382) Old regions: 31->31
[2023-11-16T06:15:40.810+0000][7][gc,heap     ] GC(382) Archive regions: 2->2
[2023-11-16T06:15:40.810+0000][7][gc,heap     ] GC(382) Humongous regions: 5->5
[2023-11-16T06:15:40.810+0000][7][gc,metaspace] GC(382) Metaspace: 120259K(122112K)->120259K(122112K) NonClass: 104399K(105472K)->104399K(105472K) Class: 15860K(16640K)->15860K(16640K)
[2023-11-16T06:15:40.810+0000][7][gc          ] GC(382) Pause Young (Normal) (G1 Evacuation Pause) 418M->152M(512M) 4.148ms
[2023-11-16T06:15:40.810+0000][7][gc,cpu      ] GC(382) User=0.02s Sys=0.00s Real=0.01s
[2023-11-16T06:15:40.810+0000][7][safepoint   ] Safepoint "G1CollectForAllocation", Time since last: 17019973773 ns, Reaching safepoint: 37981 ns, At safepoint: 4218872 ns, Total: 4256853 ns
[2023-11-16T06:15:51.501+0000][7][gc,start    ] GC(383) Pause Young (Normal) (G1 Evacuation Pause)
[2023-11-16T06:15:51.501+0000][7][gc,task     ] GC(383) Using 8 workers of 8 for evacuation
[2023-11-16T06:15:51.502+0000][7][gc,age      ] GC(383) Desired survivor size 18874368 bytes, new threshold 15 (max threshold 15)
[2023-11-16T06:15:51.504+0000][7][gc,age      ] GC(383) Age table with threshold 15 (max threshold 15)
[2023-11-16T06:15:51.504+0000][7][gc,age      ] GC(383) - age   1:    1600448 bytes,    1600448 total
[2023-11-16T06:15:51.504+0000][7][gc,age      ] GC(383) - age   2:      36464 bytes,    1636912 total
[2023-11-16T06:15:51.504+0000][7][gc,age      ] GC(383) - age   3:     466112 bytes,    2103024 total
[2023-11-16T06:15:51.504+0000][7][gc,age      ] GC(383) - age   4:       3576 bytes,    2106600 total
[2023-11-16T06:15:51.504+0000][7][gc,age      ] GC(383) - age   5:     132328 bytes,    2238928 total
[2023-11-16T06:15:51.504+0000][7][gc,age      ] GC(383) - age   6:     133872 bytes,    2372800 total
[2023-11-16T06:15:51.504+0000][7][gc,age      ] GC(383) - age   7:       9888 bytes,    2382688 total
[2023-11-16T06:15:51.504+0000][7][gc,age      ] GC(383) - age   8:     125160 bytes,    2507848 total
[2023-11-16T06:15:51.504+0000][7][gc,age      ] GC(383) - age   9:      30912 bytes,    2538760 total
[2023-11-16T06:15:51.504+0000][7][gc,age      ] GC(383) - age  10:      28672 bytes,    2567432 total
[2023-11-16T06:15:51.504+0000][7][gc,age      ] GC(383) - age  11:      39024 bytes,    2606456 total
[2023-11-16T06:15:51.504+0000][7][gc,age      ] GC(383) - age  12:      28928 bytes,    2635384 total
[2023-11-16T06:15:51.504+0000][7][gc,age      ] GC(383) - age  13:     299144 bytes,    2934528 total
[2023-11-16T06:15:51.504+0000][7][gc,age      ] GC(383) - age  14:     157344 bytes,    3091872 total
[2023-11-16T06:15:51.504+0000][7][gc,age      ] GC(383) - age  15:        512 bytes,    3092384 total
[2023-11-16T06:15:51.504+0000][7][gc,phases   ] GC(383)   Pre Evacuate Collection Set: 0.1ms
[2023-11-16T06:15:51.504+0000][7][gc,phases   ] GC(383)   Merge Heap Roots: 0.0ms
[2023-11-16T06:15:51.504+0000][7][gc,phases   ] GC(383)   Evacuate Collection Set: 1.3ms
[2023-11-16T06:15:51.504+0000][7][gc,phases   ] GC(383)   Post Evacuate Collection Set: 0.5ms
[2023-11-16T06:15:51.504+0000][7][gc,phases   ] GC(383)   Other: 0.3ms
[2023-11-16T06:15:51.504+0000][7][gc,heap     ] GC(383) Eden regions: 66->0(67)
[2023-11-16T06:15:51.504+0000][7][gc,heap     ] GC(383) Survivor regions: 2->1(9)
[2023-11-16T06:15:51.504+0000][7][gc,heap     ] GC(383) Old regions: 31->31
[2023-11-16T06:15:51.504+0000][7][gc,heap     ] GC(383) Archive regions: 2->2
[2023-11-16T06:15:51.504+0000][7][gc,heap     ] GC(383) Humongous regions: 5->5
[2023-11-16T06:15:51.504+0000][7][gc,metaspace] GC(383) Metaspace: 120259K(122112K)->120259K(122112K) NonClass: 104399K(105472K)->104399K(105472K) Class: 15860K(16640K)->15860K(16640K)
[2023-11-16T06:15:51.504+0000][7][gc          ] GC(383) Pause Young (Normal) (G1 Evacuation Pause) 416M->150M(512M) 2.354ms
[2023-11-16T06:15:51.504+0000][7][gc,cpu      ] GC(383) User=0.01s Sys=0.00s Real=0.00s
[2023-11-16T06:15:51.504+0000][7][safepoint   ] Safepoint "G1CollectForAllocation", Time since last: 10691742390 ns, Reaching safepoint: 25581 ns, At safepoint: 2435692 ns, Total: 2461273 ns
[2023-11-16T06:15:52.504+0000][7][safepoint   ] Safepoint "Cleanup", Time since last: 1000111169 ns, Reaching safepoint: 112325 ns, At safepoint: 7055 ns, Total: 119380 ns
[2023-11-16T06:15:56.637+0000][7][gc,start    ] GC(384) Pause Young (Normal) (G1 Evacuation Pause)
[2023-11-16T06:15:56.637+0000][7][gc,task     ] GC(384) Using 8 workers of 8 for evacuation
[2023-11-16T06:15:56.637+0000][7][gc,age      ] GC(384) Desired survivor size 18874368 bytes, new threshold 15 (max threshold 15)
[2023-11-16T06:15:56.640+0000][7][gc,age      ] GC(384) Age table with threshold 15 (max threshold 15)
[2023-11-16T06:15:56.640+0000][7][gc,age      ] GC(384) - age   1:    1547256 bytes,    1547256 total
[2023-11-16T06:15:56.640+0000][7][gc,age      ] GC(384) - age   2:     407368 bytes,    1954624 total
[2023-11-16T06:15:56.640+0000][7][gc,age      ] GC(384) - age   3:      25464 bytes,    1980088 total
[2023-11-16T06:15:56.640+0000][7][gc,age      ] GC(384) - age   4:     268184 bytes,    2248272 total
[2023-11-16T06:15:56.640+0000][7][gc,age      ] GC(384) - age   5:       3112 bytes,    2251384 total
[2023-11-16T06:15:56.640+0000][7][gc,age      ] GC(384) - age   6:     131840 bytes,    2383224 total
[2023-11-16T06:15:56.640+0000][7][gc,age      ] GC(384) - age   7:       6248 bytes,    2389472 total
[2023-11-16T06:15:56.640+0000][7][gc,age      ] GC(384) - age   8:       9760 bytes,    2399232 total
[2023-11-16T06:15:56.640+0000][7][gc,age      ] GC(384) - age   9:     125160 bytes,    2524392 total
[2023-11-16T06:15:56.640+0000][7][gc,age      ] GC(384) - age  10:      30664 bytes,    2555056 total
[2023-11-16T06:15:56.640+0000][7][gc,age      ] GC(384) - age  11:      28672 bytes,    2583728 total
[2023-11-16T06:15:56.640+0000][7][gc,age      ] GC(384) - age  12:      39024 bytes,    2622752 total
[2023-11-16T06:15:56.640+0000][7][gc,age      ] GC(384) - age  13:      28928 bytes,    2651680 total
[2023-11-16T06:15:56.640+0000][7][gc,age      ] GC(384) - age  14:     299144 bytes,    2950824 total
[2023-11-16T06:15:56.640+0000][7][gc,age      ] GC(384) - age  15:     157344 bytes,    3108168 total
[2023-11-16T06:15:56.640+0000][7][gc,phases   ] GC(384)   Pre Evacuate Collection Set: 0.1ms
[2023-11-16T06:15:56.640+0000][7][gc,phases   ] GC(384)   Merge Heap Roots: 0.0ms
[2023-11-16T06:15:56.640+0000][7][gc,phases   ] GC(384)   Evacuate Collection Set: 1.6ms
[2023-11-16T06:15:56.640+0000][7][gc,phases   ] GC(384)   Post Evacuate Collection Set: 0.5ms
[2023-11-16T06:15:56.640+0000][7][gc,phases   ] GC(384)   Other: 0.2ms
[2023-11-16T06:15:56.640+0000][7][gc,heap     ] GC(384) Eden regions: 67->0(67)
[2023-11-16T06:15:56.640+0000][7][gc,heap     ] GC(384) Survivor regions: 1->1(9)
[2023-11-16T06:15:56.640+0000][7][gc,heap     ] GC(384) Old regions: 31->31
[2023-11-16T06:15:56.640+0000][7][gc,heap     ] GC(384) Archive regions: 2->2
[2023-11-16T06:15:56.640+0000][7][gc,heap     ] GC(384) Humongous regions: 5->5
[2023-11-16T06:15:56.640+0000][7][gc,metaspace] GC(384) Metaspace: 120259K(122112K)->120259K(122112K) NonClass: 104399K(105472K)->104399K(105472K) Class: 15860K(16640K)->15860K(16640K)
[2023-11-16T06:15:56.640+0000][7][gc          ] GC(384) Pause Young (Normal) (G1 Evacuation Pause) 418M->150M(512M) 2.477ms
[2023-11-16T06:15:56.640+0000][7][gc,cpu      ] GC(384) User=0.02s Sys=0.00s Real=0.01s
[2023-11-16T06:15:56.640+0000][7][safepoint   ] Safepoint "G1CollectForAllocation", Time since last: 4133008080 ns, Reaching safepoint: 94381 ns, At safepoint: 2543876 ns, Total: 2638257 ns
[2023-11-16T06:16:00.640+0000][7][safepoint   ] Safepoint "Cleanup", Time since last: 4000400794 ns, Reaching safepoint: 97657 ns, At safepoint: 13096 ns, Total: 110753 ns
[2023-11-16T06:16:02.641+0000][7][safepoint   ] Safepoint "Cleanup", Time since last: 2000277165 ns, Reaching safepoint: 72128 ns, At safepoint: 5871 ns, Total: 77999 ns
[2023-11-16T06:16:02.691+0000][7][gc,start    ] GC(385) Pause Young (Normal) (G1 Evacuation Pause)
[2023-11-16T06:16:02.691+0000][7][gc,task     ] GC(385) Using 8 workers of 8 for evacuation
[2023-11-16T06:16:02.691+0000][7][gc,age      ] GC(385) Desired survivor size 18874368 bytes, new threshold 15 (max threshold 15)
[2023-11-16T06:16:02.699+0000][7][gc,age      ] GC(385) Age table with threshold 15 (max threshold 15)
[2023-11-16T06:16:02.699+0000][7][gc,age      ] GC(385) - age   1:    1149888 bytes,    1149888 total
[2023-11-16T06:16:02.699+0000][7][gc,age      ] GC(385) - age   2:     669352 bytes,    1819240 total
[2023-11-16T06:16:02.699+0000][7][gc,age      ] GC(385) - age   3:     402632 bytes,    2221872 total
[2023-11-16T06:16:02.699+0000][7][gc,age      ] GC(385) - age   4:      19704 bytes,    2241576 total
[2023-11-16T06:16:02.699+0000][7][gc,age      ] GC(385) - age   5:     268088 bytes,    2509664 total
[2023-11-16T06:16:02.699+0000][7][gc,age      ] GC(385) - age   6:       2392 bytes,    2512056 total
[2023-11-16T06:16:02.699+0000][7][gc,age      ] GC(385) - age   7:     131456 bytes,    2643512 total
[2023-11-16T06:16:02.699+0000][7][gc,age      ] GC(385) - age   8:       6248 bytes,    2649760 total
[2023-11-16T06:16:02.699+0000][7][gc,age      ] GC(385) - age   9:       9760 bytes,    2659520 total
[2023-11-16T06:16:02.699+0000][7][gc,age      ] GC(385) - age  10:     125160 bytes,    2784680 total
[2023-11-16T06:16:02.699+0000][7][gc,age      ] GC(385) - age  11:      30600 bytes,    2815280 total
[2023-11-16T06:16:02.699+0000][7][gc,age      ] GC(385) - age  12:      28672 bytes,    2843952 total
[2023-11-16T06:16:02.699+0000][7][gc,age      ] GC(385) - age  13:      39024 bytes,    2882976 total
[2023-11-16T06:16:02.699+0000][7][gc,age      ] GC(385) - age  14:      28928 bytes,    2911904 total
[2023-11-16T06:16:02.699+0000][7][gc,age      ] GC(385) - age  15:     299144 bytes,    3211048 total
[2023-11-16T06:16:02.699+0000][7][gc,phases   ] GC(385)   Pre Evacuate Collection Set: 0.1ms
[2023-11-16T06:16:02.699+0000][7][gc,phases   ] GC(385)   Merge Heap Roots: 0.0ms
[2023-11-16T06:16:02.699+0000][7][gc,phases   ] GC(385)   Evacuate Collection Set: 7.9ms
[2023-11-16T06:16:02.699+0000][7][gc,phases   ] GC(385)   Post Evacuate Collection Set: 0.4ms
[2023-11-16T06:16:02.699+0000][7][gc,phases   ] GC(385)   Other: 0.3ms
[2023-11-16T06:16:02.699+0000][7][gc,heap     ] GC(385) Eden regions: 67->0(67)
[2023-11-16T06:16:02.699+0000][7][gc,heap     ] GC(385) Survivor regions: 1->1(9)
[2023-11-16T06:16:02.699+0000][7][gc,heap     ] GC(385) Old regions: 31->31
[2023-11-16T06:16:02.699+0000][7][gc,heap     ] GC(385) Archive regions: 2->2
[2023-11-16T06:16:02.699+0000][7][gc,heap     ] GC(385) Humongous regions: 5->5
[2023-11-16T06:16:02.699+0000][7][gc,metaspace] GC(385) Metaspace: 120260K(122112K)->120260K(122112K) NonClass: 104399K(105472K)->104399K(105472K) Class: 15860K(16640K)->15860K(16640K)
[2023-11-16T06:16:02.700+0000][7][gc          ] GC(385) Pause Young (Normal) (G1 Evacuation Pause) 418M->151M(512M) 8.853ms
[2023-11-16T06:16:02.700+0000][7][gc,cpu      ] GC(385) User=0.02s Sys=0.00s Real=0.01s
[2023-11-16T06:16:02.700+0000][7][safepoint   ] Safepoint "G1CollectForAllocation", Time since last: 49869275 ns, Reaching safepoint: 45618 ns, At safepoint: 9428451 ns, Total: 9474069 ns
[2023-11-16T06:16:10.759+0000][7][gc,start    ] GC(386) Pause Young (Normal) (G1 Evacuation Pause)
[2023-11-16T06:16:10.760+0000][7][gc,task     ] GC(386) Using 8 workers of 8 for evacuation
[2023-11-16T06:16:10.760+0000][7][gc,age      ] GC(386) Desired survivor size 18874368 bytes, new threshold 15 (max threshold 15)
[2023-11-16T06:16:10.772+0000][7][gc,age      ] GC(386) Age table with threshold 15 (max threshold 15)
[2023-11-16T06:16:10.772+0000][7][gc,age      ] GC(386) - age   1:    2624120 bytes,    2624120 total
[2023-11-16T06:16:10.772+0000][7][gc,age      ] GC(386) - age   2:     292432 bytes,    2916552 total
[2023-11-16T06:16:10.772+0000][7][gc,age      ] GC(386) - age   3:     332600 bytes,    3249152 total
[2023-11-16T06:16:10.772+0000][7][gc,age      ] GC(386) - age   4:     361456 bytes,    3610608 total
[2023-11-16T06:16:10.772+0000][7][gc,age      ] GC(386) - age   5:      19152 bytes,    3629760 total
[2023-11-16T06:16:10.772+0000][7][gc,age      ] GC(386) - age   6:     267544 bytes,    3897304 total
[2023-11-16T06:16:10.772+0000][7][gc,age      ] GC(386) - age   7:       1552 bytes,    3898856 total
[2023-11-16T06:16:10.772+0000][7][gc,age      ] GC(386) - age   8:       4424 bytes,    3903280 total
[2023-11-16T06:16:10.772+0000][7][gc,age      ] GC(386) - age   9:       6184 bytes,    3909464 total
[2023-11-16T06:16:10.772+0000][7][gc,age      ] GC(386) - age  10:       9600 bytes,    3919064 total
[2023-11-16T06:16:10.772+0000][7][gc,age      ] GC(386) - age  11:     125096 bytes,    4044160 total
[2023-11-16T06:16:10.772+0000][7][gc,age      ] GC(386) - age  12:      30536 bytes,    4074696 total
[2023-11-16T06:16:10.772+0000][7][gc,age      ] GC(386) - age  13:      28672 bytes,    4103368 total
[2023-11-16T06:16:10.772+0000][7][gc,age      ] GC(386) - age  14:      39024 bytes,    4142392 total
[2023-11-16T06:16:10.772+0000][7][gc,age      ] GC(386) - age  15:      28832 bytes,    4171224 total
[2023-11-16T06:16:10.772+0000][7][gc,phases   ] GC(386)   Pre Evacuate Collection Set: 0.1ms
[2023-11-16T06:16:10.772+0000][7][gc,phases   ] GC(386)   Merge Heap Roots: 0.1ms
[2023-11-16T06:16:10.772+0000][7][gc,phases   ] GC(386)   Evacuate Collection Set: 12.0ms
[2023-11-16T06:16:10.772+0000][7][gc,phases   ] GC(386)   Post Evacuate Collection Set: 0.6ms
[2023-11-16T06:16:10.773+0000][7][gc,phases   ] GC(386)   Other: 0.3ms
[2023-11-16T06:16:10.773+0000][7][gc,heap     ] GC(386) Eden regions: 67->0(65)
[2023-11-16T06:16:10.773+0000][7][gc,heap     ] GC(386) Survivor regions: 1->2(9)
[2023-11-16T06:16:10.773+0000][7][gc,heap     ] GC(386) Old regions: 31->32
[2023-11-16T06:16:10.773+0000][7][gc,heap     ] GC(386) Archive regions: 2->2
[2023-11-16T06:16:10.773+0000][7][gc,heap     ] GC(386) Humongous regions: 5->5
[2023-11-16T06:16:10.773+0000][7][gc,metaspace] GC(386) Metaspace: 120260K(122112K)->120260K(122112K) NonClass: 104400K(105472K)->104400K(105472K) Class: 15860K(16640K)->15860K(16640K)
[2023-11-16T06:16:10.773+0000][7][gc          ] GC(386) Pause Young (Normal) (G1 Evacuation Pause) 419M->152M(512M) 13.062ms
[2023-11-16T06:16:10.773+0000][7][gc,cpu      ] GC(386) User=0.03s Sys=0.00s Real=0.01s
[2023-11-16T06:16:10.773+0000][7][safepoint   ] Safepoint "G1CollectForAllocation", Time since last: 8059365721 ns, Reaching safepoint: 114529 ns, At safepoint: 13170136 ns, Total: 13284665 ns
[2023-11-16T06:16:11.773+0000][7][safepoint   ] Safepoint "Cleanup", Time since last: 1000241034 ns, Reaching safepoint: 36847 ns, At safepoint: 27030 ns, Total: 63877 ns
[2023-11-16T06:16:14.773+0000][7][safepoint   ] Safepoint "Cleanup", Time since last: 3000264119 ns, Reaching safepoint: 147491 ns, At safepoint: 7380 ns, Total: 154871 ns
[2023-11-16T06:16:16.726+0000][7][gc,start    ] GC(387) Pause Young (Concurrent Start) (G1 Evacuation Pause)
[2023-11-16T06:16:16.726+0000][7][gc,task     ] GC(387) Using 8 workers of 8 for evacuation
[2023-11-16T06:16:16.726+0000][7][gc,age      ] GC(387) Desired survivor size 18874368 bytes, new threshold 15 (max threshold 15)
[2023-11-16T06:16:16.734+0000][7][gc,age      ] GC(387) Age table with threshold 15 (max threshold 15)
[2023-11-16T06:16:16.734+0000][7][gc,age      ] GC(387) - age   1:    2718568 bytes,    2718568 total
[2023-11-16T06:16:16.734+0000][7][gc,age      ] GC(387) - age   2:     134120 bytes,    2852688 total
[2023-11-16T06:16:16.734+0000][7][gc,age      ] GC(387) - age   3:      88864 bytes,    2941552 total
[2023-11-16T06:16:16.734+0000][7][gc,age      ] GC(387) - age   4:     138464 bytes,    3080016 total
[2023-11-16T06:16:16.734+0000][7][gc,age      ] GC(387) - age   5:      30488 bytes,    3110504 total
[2023-11-16T06:16:16.734+0000][7][gc,age      ] GC(387) - age   6:      19120 bytes,    3129624 total
[2023-11-16T06:16:16.734+0000][7][gc,age      ] GC(387) - age   7:     141616 bytes,    3271240 total
[2023-11-16T06:16:16.734+0000][7][gc,age      ] GC(387) - age   8:        160 bytes,    3271400 total
[2023-11-16T06:16:16.734+0000][7][gc,age      ] GC(387) - age   9:       4424 bytes,    3275824 total
[2023-11-16T06:16:16.734+0000][7][gc,age      ] GC(387) - age  10:       6184 bytes,    3282008 total
[2023-11-16T06:16:16.734+0000][7][gc,age      ] GC(387) - age  11:       9536 bytes,    3291544 total
[2023-11-16T06:16:16.734+0000][7][gc,age      ] GC(387) - age  12:     125096 bytes,    3416640 total
[2023-11-16T06:16:16.734+0000][7][gc,age      ] GC(387) - age  13:      30536 bytes,    3447176 total
[2023-11-16T06:16:16.734+0000][7][gc,age      ] GC(387) - age  14:      28672 bytes,    3475848 total
[2023-11-16T06:16:16.734+0000][7][gc,age      ] GC(387) - age  15:      39024 bytes,    3514872 total
[2023-11-16T06:16:16.734+0000][7][gc,phases   ] GC(387)   Pre Evacuate Collection Set: 0.2ms
[2023-11-16T06:16:16.734+0000][7][gc,phases   ] GC(387)   Merge Heap Roots: 0.1ms
[2023-11-16T06:16:16.734+0000][7][gc,phases   ] GC(387)   Evacuate Collection Set: 5.6ms
[2023-11-16T06:16:16.734+0000][7][gc,phases   ] GC(387)   Post Evacuate Collection Set: 0.5ms
[2023-11-16T06:16:16.734+0000][7][gc,phases   ] GC(387)   Other: 2.3ms
[2023-11-16T06:16:16.734+0000][7][gc,heap     ] GC(387) Eden regions: 65->0(66)
[2023-11-16T06:16:16.734+0000][7][gc,heap     ] GC(387) Survivor regions: 2->1(9)
[2023-11-16T06:16:16.734+0000][7][gc,heap     ] GC(387) Old regions: 32->32
[2023-11-16T06:16:16.734+0000][7][gc,heap     ] GC(387) Archive regions: 2->2
[2023-11-16T06:16:16.734+0000][7][gc,heap     ] GC(387) Humongous regions: 5->5
[2023-11-16T06:16:16.734+0000][7][gc,metaspace] GC(387) Metaspace: 120260K(122112K)->120260K(122112K) NonClass: 104400K(105472K)->104400K(105472K) Class: 15860K(16640K)->15860K(16640K)
[2023-11-16T06:16:16.734+0000][7][gc          ] GC(387) Pause Young (Concurrent Start) (G1 Evacuation Pause) 412M->151M(512M) 8.622ms
[2023-11-16T06:16:16.734+0000][7][gc,cpu      ] GC(387) User=0.02s Sys=0.00s Real=0.01s
[2023-11-16T06:16:16.734+0000][7][gc          ] GC(388) Concurrent Mark Cycle
[2023-11-16T06:16:16.735+0000][7][safepoint   ] Safepoint "G1CollectForAllocation", Time since last: 1952410586 ns, Reaching safepoint: 39102 ns, At safepoint: 8744509 ns, Total: 8783611 ns
[2023-11-16T06:16:16.735+0000][7][gc,marking  ] GC(388) Concurrent Clear Claimed Marks
[2023-11-16T06:16:16.735+0000][7][gc,marking  ] GC(388) Concurrent Clear Claimed Marks 0.743ms
[2023-11-16T06:16:16.735+0000][7][gc,marking  ] GC(388) Concurrent Scan Root Regions
[2023-11-16T06:16:16.740+0000][7][gc,marking  ] GC(388) Concurrent Scan Root Regions 4.704ms
[2023-11-16T06:16:16.740+0000][7][gc,marking  ] GC(388) Concurrent Mark
[2023-11-16T06:16:16.740+0000][7][gc,marking  ] GC(388) Concurrent Mark From Roots
[2023-11-16T06:16:16.740+0000][7][gc,task     ] GC(388) Using 2 workers of 2 for marking
[2023-11-16T06:16:16.842+0000][7][gc,marking  ] GC(388) Concurrent Mark From Roots 101.495ms
[2023-11-16T06:16:16.842+0000][7][gc,marking  ] GC(388) Concurrent Preclean
[2023-11-16T06:16:16.848+0000][7][gc,marking  ] GC(388) Concurrent Preclean 6.764ms
[2023-11-16T06:16:16.849+0000][7][gc,start    ] GC(388) Pause Remark
[2023-11-16T06:16:16.861+0000][7][gc          ] GC(388) Pause Remark 182M->182M(512M) 12.329ms
[2023-11-16T06:16:16.861+0000][7][gc,cpu      ] GC(388) User=0.04s Sys=0.01s Real=0.01s
[2023-11-16T06:16:16.861+0000][7][safepoint   ] Safepoint "G1Concurrent", Time since last: 114002029 ns, Reaching safepoint: 59221 ns, At safepoint: 12416878 ns, Total: 12476099 ns
[2023-11-16T06:16:16.861+0000][7][gc,marking  ] GC(388) Concurrent Mark 120.992ms
[2023-11-16T06:16:16.861+0000][7][gc,marking  ] GC(388) Concurrent Rebuild Remembered Sets
[2023-11-16T06:16:16.902+0000][7][gc,marking  ] GC(388) Concurrent Rebuild Remembered Sets 40.799ms
[2023-11-16T06:16:16.902+0000][7][gc,start    ] GC(388) Pause Cleanup
[2023-11-16T06:16:16.902+0000][7][gc          ] GC(388) Pause Cleanup 183M->183M(512M) 0.083ms
[2023-11-16T06:16:16.902+0000][7][gc,cpu      ] GC(388) User=0.00s Sys=0.00s Real=0.00s
[2023-11-16T06:16:16.902+0000][7][safepoint   ] Safepoint "G1Concurrent", Time since last: 40926997 ns, Reaching safepoint: 53925 ns, At safepoint: 176119 ns, Total: 230044 ns
[2023-11-16T06:16:16.902+0000][7][gc,marking  ] GC(388) Concurrent Cleanup for Next Mark
[2023-11-16T06:16:16.912+0000][7][gc,marking  ] GC(388) Concurrent Cleanup for Next Mark 9.647ms
[2023-11-16T06:16:16.912+0000][7][gc          ] GC(388) Concurrent Mark Cycle 177.424ms
[2023-11-16T06:16:17.902+0000][7][safepoint   ] Safepoint "Cleanup", Time since last: 1000074064 ns, Reaching safepoint: 42828 ns, At safepoint: 3529 ns, Total: 46357 ns
[2023-11-16T06:16:22.874+0000][7][gc,start    ] GC(389) Pause Young (Prepare Mixed) (G1 Evacuation Pause)
[2023-11-16T06:16:22.874+0000][7][gc,task     ] GC(389) Using 8 workers of 8 for evacuation
[2023-11-16T06:16:22.874+0000][7][gc,age      ] GC(389) Desired survivor size 18874368 bytes, new threshold 15 (max threshold 15)
[2023-11-16T06:16:22.877+0000][7][gc,age      ] GC(389) Age table with threshold 15 (max threshold 15)
[2023-11-16T06:16:22.877+0000][7][gc,age      ] GC(389) - age   1:    1600704 bytes,    1600704 total
[2023-11-16T06:16:22.877+0000][7][gc,age      ] GC(389) - age   2:     944488 bytes,    2545192 total
[2023-11-16T06:16:22.877+0000][7][gc,age      ] GC(389) - age   3:     130936 bytes,    2676128 total
[2023-11-16T06:16:22.877+0000][7][gc,age      ] GC(389) - age   4:      88360 bytes,    2764488 total
[2023-11-16T06:16:22.877+0000][7][gc,age      ] GC(389) - age   5:     137768 bytes,    2902256 total
[2023-11-16T06:16:22.877+0000][7][gc,age      ] GC(389) - age   6:      30144 bytes,    2932400 total
[2023-11-16T06:16:22.877+0000][7][gc,age      ] GC(389) - age   7:      18928 bytes,    2951328 total
[2023-11-16T06:16:22.877+0000][7][gc,age      ] GC(389) - age   8:     141520 bytes,    3092848 total
[2023-11-16T06:16:22.877+0000][7][gc,age      ] GC(389) - age   9:         64 bytes,    3092912 total
[2023-11-16T06:16:22.877+0000][7][gc,age      ] GC(389) - age  10:       2496 bytes,    3095408 total
[2023-11-16T06:16:22.877+0000][7][gc,age      ] GC(389) - age  11:       4024 bytes,    3099432 total
[2023-11-16T06:16:22.877+0000][7][gc,age      ] GC(389) - age  12:       9536 bytes,    3108968 total
[2023-11-16T06:16:22.877+0000][7][gc,age      ] GC(389) - age  13:     125096 bytes,    3234064 total
[2023-11-16T06:16:22.877+0000][7][gc,age      ] GC(389) - age  14:      30408 bytes,    3264472 total
[2023-11-16T06:16:22.877+0000][7][gc,age      ] GC(389) - age  15:      28608 bytes,    3293080 total
[2023-11-16T06:16:22.877+0000][7][gc,phases   ] GC(389)   Pre Evacuate Collection Set: 0.1ms
[2023-11-16T06:16:22.877+0000][7][gc,phases   ] GC(389)   Merge Heap Roots: 0.0ms
[2023-11-16T06:16:22.877+0000][7][gc,phases   ] GC(389)   Evacuate Collection Set: 1.6ms
[2023-11-16T06:16:22.877+0000][7][gc,phases   ] GC(389)   Post Evacuate Collection Set: 0.6ms
[2023-11-16T06:16:22.877+0000][7][gc,phases   ] GC(389)   Other: 0.3ms
[2023-11-16T06:16:22.877+0000][7][gc,heap     ] GC(389) Eden regions: 66->0(5)
[2023-11-16T06:16:22.877+0000][7][gc,heap     ] GC(389) Survivor regions: 1->1(9)
[2023-11-16T06:16:22.877+0000][7][gc,heap     ] GC(389) Old regions: 32->32
[2023-11-16T06:16:22.877+0000][7][gc,heap     ] GC(389) Archive regions: 2->2
[2023-11-16T06:16:22.877+0000][7][gc,heap     ] GC(389) Humongous regions: 5->5
[2023-11-16T06:16:22.877+0000][7][gc,metaspace] GC(389) Metaspace: 120261K(122112K)->120261K(122112K) NonClass: 104400K(105472K)->104400K(105472K) Class: 15860K(16640K)->15860K(16640K)
[2023-11-16T06:16:22.877+0000][7][gc          ] GC(389) Pause Young (Prepare Mixed) (G1 Evacuation Pause) 415M->151M(512M) 2.696ms
[2023-11-16T06:16:22.877+0000][7][gc,cpu      ] GC(389) User=0.01s Sys=0.00s Real=0.00s
[2023-11-16T06:16:22.877+0000][7][safepoint   ] Safepoint "G1CollectForAllocation", Time since last: 4971899578 ns, Reaching safepoint: 39038 ns, At safepoint: 2786355 ns, Total: 2825393 ns
[2023-11-16T06:16:23.155+0000][7][gc,start    ] GC(390) Pause Young (Mixed) (G1 Evacuation Pause)
[2023-11-16T06:16:23.155+0000][7][gc,task     ] GC(390) Using 8 workers of 8 for evacuation
[2023-11-16T06:16:23.155+0000][7][gc,age      ] GC(390) Desired survivor size 2097152 bytes, new threshold 2 (max threshold 15)
[2023-11-16T06:16:23.169+0000][7][gc,age      ] GC(390) Age table with threshold 2 (max threshold 15)
[2023-11-16T06:16:23.169+0000][7][gc,age      ] GC(390) - age   1:     847520 bytes,     847520 total
[2023-11-16T06:16:23.169+0000][7][gc,age      ] GC(390) - age   2:     684056 bytes,    1531576 total
[2023-11-16T06:16:23.169+0000][7][gc,phases   ] GC(390)   Pre Evacuate Collection Set: 0.1ms
[2023-11-16T06:16:23.169+0000][7][gc,phases   ] GC(390)   Merge Heap Roots: 0.0ms
[2023-11-16T06:16:23.169+0000][7][gc,phases   ] GC(390)   Evacuate Collection Set: 14.0ms
[2023-11-16T06:16:23.169+0000][7][gc,phases   ] GC(390)   Post Evacuate Collection Set: 0.6ms
[2023-11-16T06:16:23.169+0000][7][gc,phases   ] GC(390)   Other: 0.2ms
[2023-11-16T06:16:23.169+0000][7][gc,heap     ] GC(390) Eden regions: 5->0(67)
[2023-11-16T06:16:23.169+0000][7][gc,heap     ] GC(390) Survivor regions: 1->1(1)
[2023-11-16T06:16:23.169+0000][7][gc,heap     ] GC(390) Old regions: 32->31
[2023-11-16T06:16:23.169+0000][7][gc,heap     ] GC(390) Archive regions: 2->2
[2023-11-16T06:16:23.169+0000][7][gc,heap     ] GC(390) Humongous regions: 5->5
[2023-11-16T06:16:23.169+0000][7][gc,metaspace] GC(390) Metaspace: 120261K(122112K)->120261K(122112K) NonClass: 104400K(105472K)->104400K(105472K) Class: 15860K(16640K)->15860K(16640K)
[2023-11-16T06:16:23.169+0000][7][gc          ] GC(390) Pause Young (Mixed) (G1 Evacuation Pause) 171M->147M(512M) 14.857ms
[2023-11-16T06:16:23.169+0000][7][gc,cpu      ] GC(390) User=0.01s Sys=0.01s Real=0.02s
[2023-11-16T06:16:23.169+0000][7][safepoint   ] Safepoint "G1CollectForAllocation", Time since last: 277473033 ns, Reaching safepoint: 22180 ns, At safepoint: 14957957 ns, Total: 14980137 ns
[2023-11-16T06:16:29.077+0000][7][gc,start    ] GC(391) Pause Young (Normal) (G1 Evacuation Pause)
[2023-11-16T06:16:29.077+0000][7][gc,task     ] GC(391) Using 8 workers of 8 for evacuation
[2023-11-16T06:16:29.077+0000][7][gc,age      ] GC(391) Desired survivor size 18874368 bytes, new threshold 15 (max threshold 15)
[2023-11-16T06:16:29.079+0000][7][gc,age      ] GC(391) Age table with threshold 15 (max threshold 15)
[2023-11-16T06:16:29.079+0000][7][gc,age      ] GC(391) - age   1:    2295280 bytes,    2295280 total
[2023-11-16T06:16:29.079+0000][7][gc,age      ] GC(391) - age   2:     207136 bytes,    2502416 total
[2023-11-16T06:16:29.079+0000][7][gc,age      ] GC(391) - age   3:     665304 bytes,    3167720 total
[2023-11-16T06:16:29.079+0000][7][gc,phases   ] GC(391)   Pre Evacuate Collection Set: 0.1ms
[2023-11-16T06:16:29.079+0000][7][gc,phases   ] GC(391)   Merge Heap Roots: 0.0ms
[2023-11-16T06:16:29.079+0000][7][gc,phases   ] GC(391)   Evacuate Collection Set: 1.6ms
[2023-11-16T06:16:29.079+0000][7][gc,phases   ] GC(391)   Post Evacuate Collection Set: 0.6ms
[2023-11-16T06:16:29.079+0000][7][gc,phases   ] GC(391)   Other: 0.2ms
[2023-11-16T06:16:29.079+0000][7][gc,heap     ] GC(391) Eden regions: 67->0(66)
[2023-11-16T06:16:29.079+0000][7][gc,heap     ] GC(391) Survivor regions: 1->1(9)
[2023-11-16T06:16:29.079+0000][7][gc,heap     ] GC(391) Old regions: 31->31
[2023-11-16T06:16:29.079+0000][7][gc,heap     ] GC(391) Archive regions: 2->2
[2023-11-16T06:16:29.079+0000][7][gc,heap     ] GC(391) Humongous regions: 5->5
[2023-11-16T06:16:29.079+0000][7][gc,metaspace] GC(391) Metaspace: 120272K(122112K)->120272K(122112K) NonClass: 104411K(105472K)->104411K(105472K) Class: 15861K(16640K)->15861K(16640K)
[2023-11-16T06:16:29.079+0000][7][gc          ] GC(391) Pause Young (Normal) (G1 Evacuation Pause) 415M->149M(512M) 2.606ms
[2023-11-16T06:16:29.079+0000][7][gc,cpu      ] GC(391) User=0.01s Sys=0.00s Real=0.01s
[2023-11-16T06:16:29.079+0000][7][safepoint   ] Safepoint "G1CollectForAllocation", Time since last: 5907238498 ns, Reaching safepoint: 63834 ns, At safepoint: 2712093 ns, Total: 2775927 ns
[2023-11-16T06:16:31.080+0000][7][safepoint   ] Safepoint "Cleanup", Time since last: 2000453072 ns, Reaching safepoint: 64596 ns, At safepoint: 5768 ns, Total: 70364 ns
[2023-11-16T06:16:34.081+0000][7][safepoint   ] Safepoint "Cleanup", Time since last: 3000392375 ns, Reaching safepoint: 162438 ns, At safepoint: 4548 ns, Total: 166986 ns
[2023-11-16T06:16:35.101+0000][7][safepoint   ] Safepoint "Cleanup", Time since last: 1020492755 ns, Reaching safepoint: 76235 ns, At safepoint: 6372 ns, Total: 82607 ns
[2023-11-16T06:16:36.101+0000][7][safepoint   ] Safepoint "Cleanup", Time since last: 1000089287 ns, Reaching safepoint: 74605 ns, At safepoint: 7048 ns, Total: 81653 ns
[2023-11-16T06:16:36.996+0000][7][gc,start    ] GC(392) Pause Young (Normal) (G1 Evacuation Pause)
[2023-11-16T06:16:36.996+0000][7][gc,task     ] GC(392) Using 8 workers of 8 for evacuation
[2023-11-16T06:16:36.996+0000][7][gc,age      ] GC(392) Desired survivor size 18874368 bytes, new threshold 15 (max threshold 15)
[2023-11-16T06:16:36.998+0000][7][gc,age      ] GC(392) Age table with threshold 15 (max threshold 15)
[2023-11-16T06:16:36.998+0000][7][gc,age      ] GC(392) - age   1:    1442808 bytes,    1442808 total
[2023-11-16T06:16:36.998+0000][7][gc,age      ] GC(392) - age   2:      27680 bytes,    1470488 total
[2023-11-16T06:16:36.998+0000][7][gc,age      ] GC(392) - age   3:        200 bytes,    1470688 total
[2023-11-16T06:16:36.998+0000][7][gc,age      ] GC(392) - age   4:     135384 bytes,    1606072 total
[2023-11-16T06:16:36.999+0000][7][gc,phases   ] GC(392)   Pre Evacuate Collection Set: 0.2ms
[2023-11-16T06:16:36.999+0000][7][gc,phases   ] GC(392)   Merge Heap Roots: 0.1ms
[2023-11-16T06:16:36.999+0000][7][gc,phases   ] GC(392)   Evacuate Collection Set: 1.7ms
[2023-11-16T06:16:36.999+0000][7][gc,phases   ] GC(392)   Post Evacuate Collection Set: 0.6ms
[2023-11-16T06:16:36.999+0000][7][gc,phases   ] GC(392)   Other: 0.4ms
[2023-11-16T06:16:36.999+0000][7][gc,heap     ] GC(392) Eden regions: 66->0(67)
[2023-11-16T06:16:36.999+0000][7][gc,heap     ] GC(392) Survivor regions: 1->1(9)
[2023-11-16T06:16:36.999+0000][7][gc,heap     ] GC(392) Old regions: 31->31
[2023-11-16T06:16:36.999+0000][7][gc,heap     ] GC(392) Archive regions: 2->2
[2023-11-16T06:16:36.999+0000][7][gc,heap     ] GC(392) Humongous regions: 5->5
[2023-11-16T06:16:36.999+0000][7][gc,metaspace] GC(392) Metaspace: 120272K(122112K)->120272K(122112K) NonClass: 104411K(105472K)->104411K(105472K) Class: 15861K(16640K)->15861K(16640K)
[2023-11-16T06:16:36.999+0000][7][gc          ] GC(392) Pause Young (Normal) (G1 Evacuation Pause) 413M->147M(512M) 2.829ms
[2023-11-16T06:16:36.999+0000][7][gc,cpu      ] GC(392) User=0.02s Sys=0.00s Real=0.01s
[2023-11-16T06:16:36.999+0000][7][safepoint   ] Safepoint "G1CollectForAllocation", Time since last: 894224724 ns, Reaching safepoint: 146592 ns, At safepoint: 3057112 ns, Total: 3203704 ns
[2023-11-16T06:16:38.999+0000][7][safepoint   ] Safepoint "Cleanup", Time since last: 2000370722 ns, Reaching safepoint: 35999 ns, At safepoint: 3861 ns, Total: 39860 ns
[2023-11-16T06:16:43.046+0000][7][gc,start    ] GC(393) Pause Young (Normal) (G1 Evacuation Pause)
[2023-11-16T06:16:43.046+0000][7][gc,task     ] GC(393) Using 8 workers of 8 for evacuation
[2023-11-16T06:16:43.046+0000][7][gc,age      ] GC(393) Desired survivor size 18874368 bytes, new threshold 15 (max threshold 15)
[2023-11-16T06:16:43.048+0000][7][gc,age      ] GC(393) Age table with threshold 15 (max threshold 15)
[2023-11-16T06:16:43.048+0000][7][gc,age      ] GC(393) - age   1:    1826960 bytes,    1826960 total
[2023-11-16T06:16:43.048+0000][7][gc,age      ] GC(393) - age   2:     235632 bytes,    2062592 total
[2023-11-16T06:16:43.048+0000][7][gc,age      ] GC(393) - age   3:      25720 bytes,    2088312 total
[2023-11-16T06:16:43.048+0000][7][gc,age      ] GC(393) - age   4:        136 bytes,    2088448 total
[2023-11-16T06:16:43.048+0000][7][gc,age      ] GC(393) - age   5:     134472 bytes,    2222920 total
[2023-11-16T06:16:43.048+0000][7][gc,phases   ] GC(393)   Pre Evacuate Collection Set: 0.1ms
[2023-11-16T06:16:43.048+0000][7][gc,phases   ] GC(393)   Merge Heap Roots: 0.0ms
[2023-11-16T06:16:43.048+0000][7][gc,phases   ] GC(393)   Evacuate Collection Set: 1.2ms
[2023-11-16T06:16:43.048+0000][7][gc,phases   ] GC(393)   Post Evacuate Collection Set: 0.5ms
[2023-11-16T06:16:43.048+0000][7][gc,phases   ] GC(393)   Other: 0.2ms
[2023-11-16T06:16:43.048+0000][7][gc,heap     ] GC(393) Eden regions: 67->0(67)
[2023-11-16T06:16:43.048+0000][7][gc,heap     ] GC(393) Survivor regions: 1->1(9)
[2023-11-16T06:16:43.048+0000][7][gc,heap     ] GC(393) Old regions: 31->31
[2023-11-16T06:16:43.048+0000][7][gc,heap     ] GC(393) Archive regions: 2->2
[2023-11-16T06:16:43.048+0000][7][gc,heap     ] GC(393) Humongous regions: 5->5
[2023-11-16T06:16:43.048+0000][7][gc,metaspace] GC(393) Metaspace: 120273K(122112K)->120273K(122112K) NonClass: 104412K(105472K)->104412K(105472K) Class: 15861K(16640K)->15861K(16640K)
[2023-11-16T06:16:43.048+0000][7][gc          ] GC(393) Pause Young (Normal) (G1 Evacuation Pause) 415M->148M(512M) 2.035ms
[2023-11-16T06:16:43.048+0000][7][gc,cpu      ] GC(393) User=0.01s Sys=0.00s Real=0.00s
[2023-11-16T06:16:43.048+0000][7][safepoint   ] Safepoint "G1CollectForAllocation", Time since last: 4046888233 ns, Reaching safepoint: 44228 ns, At safepoint: 2134228 ns, Total: 2178456 ns
[2023-11-16T06:16:49.707+0000][7][gc,start    ] GC(394) Pause Young (Normal) (G1 Evacuation Pause)
[2023-11-16T06:16:49.707+0000][7][gc,task     ] GC(394) Using 8 workers of 8 for evacuation
[2023-11-16T06:16:49.707+0000][7][gc,age      ] GC(394) Desired survivor size 18874368 bytes, new threshold 15 (max threshold 15)
[2023-11-16T06:16:49.709+0000][7][gc,age      ] GC(394) Age table with threshold 15 (max threshold 15)
[2023-11-16T06:16:49.709+0000][7][gc,age      ] GC(394) - age   1:    2178400 bytes,    2178400 total
[2023-11-16T06:16:49.709+0000][7][gc,age      ] GC(394) - age   2:     769376 bytes,    2947776 total
[2023-11-16T06:16:49.709+0000][7][gc,age      ] GC(394) - age   3:     233496 bytes,    3181272 total
[2023-11-16T06:16:49.709+0000][7][gc,age      ] GC(394) - age   4:      24712 bytes,    3205984 total
[2023-11-16T06:16:49.709+0000][7][gc,age      ] GC(394) - age   5:        136 bytes,    3206120 total
[2023-11-16T06:16:49.709+0000][7][gc,age      ] GC(394) - age   6:     134216 bytes,    3340336 total
[2023-11-16T06:16:49.710+0000][7][gc,phases   ] GC(394)   Pre Evacuate Collection Set: 0.1ms
[2023-11-16T06:16:49.710+0000][7][gc,phases   ] GC(394)   Merge Heap Roots: 0.0ms
[2023-11-16T06:16:49.710+0000][7][gc,phases   ] GC(394)   Evacuate Collection Set: 1.5ms
[2023-11-16T06:16:49.710+0000][7][gc,phases   ] GC(394)   Post Evacuate Collection Set: 0.5ms
[2023-11-16T06:16:49.710+0000][7][gc,phases   ] GC(394)   Other: 0.2ms
[2023-11-16T06:16:49.710+0000][7][gc,heap     ] GC(394) Eden regions: 67->0(67)
[2023-11-16T06:16:49.710+0000][7][gc,heap     ] GC(394) Survivor regions: 1->1(9)
[2023-11-16T06:16:49.710+0000][7][gc,heap     ] GC(394) Old regions: 31->31
[2023-11-16T06:16:49.710+0000][7][gc,heap     ] GC(394) Archive regions: 2->2
[2023-11-16T06:16:49.710+0000][7][gc,heap     ] GC(394) Humongous regions: 5->5
[2023-11-16T06:16:49.710+0000][7][gc,metaspace] GC(394) Metaspace: 120273K(122112K)->120273K(122112K) NonClass: 104412K(105472K)->104412K(105472K) Class: 15861K(16640K)->15861K(16640K)
[2023-11-16T06:16:49.710+0000][7][gc          ] GC(394) Pause Young (Normal) (G1 Evacuation Pause) 416M->149M(512M) 2.299ms
[2023-11-16T06:16:49.710+0000][7][gc,cpu      ] GC(394) User=0.02s Sys=0.00s Real=0.01s
[2023-11-16T06:16:49.710+0000][7][safepoint   ] Safepoint "G1CollectForAllocation", Time since last: 6658995265 ns, Reaching safepoint: 21637 ns, At safepoint: 2386570 ns, Total: 2408207 ns
[2023-11-16T06:16:52.710+0000][7][safepoint   ] Safepoint "Cleanup", Time since last: 3000235361 ns, Reaching safepoint: 39914 ns, At safepoint: 3476 ns, Total: 43390 ns
[2023-11-16T06:16:54.711+0000][7][safepoint   ] Safepoint "Cleanup", Time since last: 2000549406 ns, Reaching safepoint: 153578 ns, At safepoint: 6617 ns, Total: 160195 ns
[2023-11-16T06:16:57.009+0000][7][gc,start    ] GC(395) Pause Young (Normal) (G1 Evacuation Pause)
[2023-11-16T06:16:57.009+0000][7][gc,task     ] GC(395) Using 8 workers of 8 for evacuation
[2023-11-16T06:16:57.009+0000][7][gc,age      ] GC(395) Desired survivor size 18874368 bytes, new threshold 15 (max threshold 15)
[2023-11-16T06:16:57.011+0000][7][gc,age      ] GC(395) Age table with threshold 15 (max threshold 15)
[2023-11-16T06:16:57.011+0000][7][gc,age      ] GC(395) - age   1:    1829048 bytes,    1829048 total
[2023-11-16T06:16:57.011+0000][7][gc,age      ] GC(395) - age   2:      45472 bytes,    1874520 total
[2023-11-16T06:16:57.011+0000][7][gc,age      ] GC(395) - age   3:     131936 bytes,    2006456 total
[2023-11-16T06:16:57.011+0000][7][gc,age      ] GC(395) - age   4:       6744 bytes,    2013200 total
[2023-11-16T06:16:57.011+0000][7][gc,age      ] GC(395) - age   5:      12040 bytes,    2025240 total
[2023-11-16T06:16:57.011+0000][7][gc,age      ] GC(395) - age   6:        104 bytes,    2025344 total
[2023-11-16T06:16:57.011+0000][7][gc,age      ] GC(395) - age   7:     133992 bytes,    2159336 total
[2023-11-16T06:16:57.011+0000][7][gc,phases   ] GC(395)   Pre Evacuate Collection Set: 0.1ms
[2023-11-16T06:16:57.011+0000][7][gc,phases   ] GC(395)   Merge Heap Roots: 0.0ms
[2023-11-16T06:16:57.011+0000][7][gc,phases   ] GC(395)   Evacuate Collection Set: 1.3ms
[2023-11-16T06:16:57.011+0000][7][gc,phases   ] GC(395)   Post Evacuate Collection Set: 0.7ms
[2023-11-16T06:16:57.011+0000][7][gc,phases   ] GC(395)   Other: 0.2ms
[2023-11-16T06:16:57.011+0000][7][gc,heap     ] GC(395) Eden regions: 67->0(67)
[2023-11-16T06:16:57.011+0000][7][gc,heap     ] GC(395) Survivor regions: 1->1(9)
[2023-11-16T06:16:57.011+0000][7][gc,heap     ] GC(395) Old regions: 31->31
[2023-11-16T06:16:57.011+0000][7][gc,heap     ] GC(395) Archive regions: 2->2
[2023-11-16T06:16:57.011+0000][7][gc,heap     ] GC(395) Humongous regions: 5->5
[2023-11-16T06:16:57.011+0000][7][gc,metaspace] GC(395) Metaspace: 120277K(122112K)->120277K(122112K) NonClass: 104416K(105472K)->104416K(105472K) Class: 15861K(16640K)->15861K(16640K)
[2023-11-16T06:16:57.011+0000][7][gc          ] GC(395) Pause Young (Normal) (G1 Evacuation Pause) 417M->148M(512M) 2.387ms
[2023-11-16T06:16:57.011+0000][7][gc,cpu      ] GC(395) User=0.01s Sys=0.00s Real=0.00s
[2023-11-16T06:16:57.011+0000][7][safepoint   ] Safepoint "G1CollectForAllocation", Time since last: 2298336485 ns, Reaching safepoint: 74830 ns, At safepoint: 2460434 ns, Total: 2535264 ns
[2023-11-16T06:17:02.208+0000][7][gc,start    ] GC(396) Pause Young (Normal) (G1 Evacuation Pause)
[2023-11-16T06:17:02.208+0000][7][gc,task     ] GC(396) Using 8 workers of 8 for evacuation
[2023-11-16T06:17:02.208+0000][7][gc,age      ] GC(396) Desired survivor size 18874368 bytes, new threshold 15 (max threshold 15)
[2023-11-16T06:17:02.210+0000][7][gc,age      ] GC(396) Age table with threshold 15 (max threshold 15)
[2023-11-16T06:17:02.210+0000][7][gc,age      ] GC(396) - age   1:    1453528 bytes,    1453528 total
[2023-11-16T06:17:02.210+0000][7][gc,age      ] GC(396) - age   2:     352200 bytes,    1805728 total
[2023-11-16T06:17:02.210+0000][7][gc,age      ] GC(396) - age   3:      42680 bytes,    1848408 total
[2023-11-16T06:17:02.210+0000][7][gc,age      ] GC(396) - age   4:     131736 bytes,    1980144 total
[2023-11-16T06:17:02.210+0000][7][gc,age      ] GC(396) - age   5:       6048 bytes,    1986192 total
[2023-11-16T06:17:02.210+0000][7][gc,age      ] GC(396) - age   6:       8056 bytes,    1994248 total
[2023-11-16T06:17:02.210+0000][7][gc,age      ] GC(396) - age   7:        104 bytes,    1994352 total
[2023-11-16T06:17:02.210+0000][7][gc,age      ] GC(396) - age   8:       6616 bytes,    2000968 total
[2023-11-16T06:17:02.210+0000][7][gc,phases   ] GC(396)   Pre Evacuate Collection Set: 0.1ms
[2023-11-16T06:17:02.210+0000][7][gc,phases   ] GC(396)   Merge Heap Roots: 0.0ms
[2023-11-16T06:17:02.210+0000][7][gc,phases   ] GC(396)   Evacuate Collection Set: 1.3ms
[2023-11-16T06:17:02.210+0000][7][gc,phases   ] GC(396)   Post Evacuate Collection Set: 0.5ms
[2023-11-16T06:17:02.210+0000][7][gc,phases   ] GC(396)   Other: 0.2ms
[2023-11-16T06:17:02.210+0000][7][gc,heap     ] GC(396) Eden regions: 67->0(67)
[2023-11-16T06:17:02.210+0000][7][gc,heap     ] GC(396) Survivor regions: 1->1(9)
[2023-11-16T06:17:02.210+0000][7][gc,heap     ] GC(396) Old regions: 31->31
[2023-11-16T06:17:02.210+0000][7][gc,heap     ] GC(396) Archive regions: 2->2
[2023-11-16T06:17:02.210+0000][7][gc,heap     ] GC(396) Humongous regions: 5->5
[2023-11-16T06:17:02.210+0000][7][gc,metaspace] GC(396) Metaspace: 120277K(122112K)->120277K(122112K) NonClass: 104416K(105472K)->104416K(105472K) Class: 15861K(16640K)->15861K(16640K)
[2023-11-16T06:17:02.210+0000][7][gc          ] GC(396) Pause Young (Normal) (G1 Evacuation Pause) 416M->148M(512M) 2.161ms
[2023-11-16T06:17:02.210+0000][7][gc,cpu      ] GC(396) User=0.01s Sys=0.00s Real=0.01s
[2023-11-16T06:17:02.210+0000][7][safepoint   ] Safepoint "G1CollectForAllocation", Time since last: 5196426451 ns, Reaching safepoint: 58388 ns, At safepoint: 2228801 ns, Total: 2287189 ns
[2023-11-16T06:17:08.211+0000][7][safepoint   ] Safepoint "Cleanup", Time since last: 6000529378 ns, Reaching safepoint: 81270 ns, At safepoint: 6760 ns, Total: 88030 ns
[2023-11-16T06:17:08.343+0000][7][gc,start    ] GC(397) Pause Young (Normal) (G1 Evacuation Pause)
[2023-11-16T06:17:08.343+0000][7][gc,task     ] GC(397) Using 8 workers of 8 for evacuation
[2023-11-16T06:17:08.343+0000][7][gc,age      ] GC(397) Desired survivor size 18874368 bytes, new threshold 15 (max threshold 15)
[2023-11-16T06:17:08.345+0000][7][gc,age      ] GC(397) Age table with threshold 15 (max threshold 15)
[2023-11-16T06:17:08.345+0000][7][gc,age      ] GC(397) - age   1:    1128928 bytes,    1128928 total
[2023-11-16T06:17:08.345+0000][7][gc,age      ] GC(397) - age   2:     295552 bytes,    1424480 total
[2023-11-16T06:17:08.345+0000][7][gc,age      ] GC(397) - age   3:     349768 bytes,    1774248 total
[2023-11-16T06:17:08.345+0000][7][gc,age      ] GC(397) - age   4:      42584 bytes,    1816832 total
[2023-11-16T06:17:08.345+0000][7][gc,age      ] GC(397) - age   5:     131096 bytes,    1947928 total
[2023-11-16T06:17:08.345+0000][7][gc,age      ] GC(397) - age   6:       5920 bytes,    1953848 total
[2023-11-16T06:17:08.345+0000][7][gc,age      ] GC(397) - age   7:       7960 bytes,    1961808 total
[2023-11-16T06:17:08.345+0000][7][gc,age      ] GC(397) - age   8:        104 bytes,    1961912 total
[2023-11-16T06:17:08.345+0000][7][gc,age      ] GC(397) - age   9:       6584 bytes,    1968496 total
[2023-11-16T06:17:08.345+0000][7][gc,phases   ] GC(397)   Pre Evacuate Collection Set: 0.1ms
[2023-11-16T06:17:08.345+0000][7][gc,phases   ] GC(397)   Merge Heap Roots: 0.1ms
[2023-11-16T06:17:08.345+0000][7][gc,phases   ] GC(397)   Evacuate Collection Set: 1.0ms
[2023-11-16T06:17:08.345+0000][7][gc,phases   ] GC(397)   Post Evacuate Collection Set: 0.6ms
[2023-11-16T06:17:08.345+0000][7][gc,phases   ] GC(397)   Other: 0.2ms
[2023-11-16T06:17:08.345+0000][7][gc,heap     ] GC(397) Eden regions: 67->0(67)
[2023-11-16T06:17:08.345+0000][7][gc,heap     ] GC(397) Survivor regions: 1->1(9)
[2023-11-16T06:17:08.345+0000][7][gc,heap     ] GC(397) Old regions: 31->31
[2023-11-16T06:17:08.345+0000][7][gc,heap     ] GC(397) Archive regions: 2->2
[2023-11-16T06:17:08.345+0000][7][gc,heap     ] GC(397) Humongous regions: 5->5
[2023-11-16T06:17:08.345+0000][7][gc,metaspace] GC(397) Metaspace: 120280K(122112K)->120280K(122112K) NonClass: 104419K(105472K)->104419K(105472K) Class: 15861K(16640K)->15861K(16640K)
[2023-11-16T06:17:08.345+0000][7][gc          ] GC(397) Pause Young (Normal) (G1 Evacuation Pause) 416M->148M(512M) 2.028ms
[2023-11-16T06:17:08.345+0000][7][gc,cpu      ] GC(397) User=0.01s Sys=0.01s Real=0.00s
[2023-11-16T06:17:08.345+0000][7][safepoint   ] Safepoint "G1CollectForAllocation", Time since last: 132080593 ns, Reaching safepoint: 108391 ns, At safepoint: 2122403 ns, Total: 2230794 ns
[2023-11-16T06:17:16.353+0000][7][gc,start    ] GC(398) Pause Young (Normal) (G1 Evacuation Pause)
[2023-11-16T06:17:16.353+0000][7][gc,task     ] GC(398) Using 8 workers of 8 for evacuation
[2023-11-16T06:17:16.353+0000][7][gc,age      ] GC(398) Desired survivor size 18874368 bytes, new threshold 15 (max threshold 15)
[2023-11-16T06:17:16.356+0000][7][gc,age      ] GC(398) Age table with threshold 15 (max threshold 15)
[2023-11-16T06:17:16.356+0000][7][gc,age      ] GC(398) - age   1:    2385600 bytes,    2385600 total
[2023-11-16T06:17:16.356+0000][7][gc,age      ] GC(398) - age   2:     436024 bytes,    2821624 total
[2023-11-16T06:17:16.356+0000][7][gc,age      ] GC(398) - age   3:     291904 bytes,    3113528 total
[2023-11-16T06:17:16.356+0000][7][gc,age      ] GC(398) - age   4:     348512 bytes,    3462040 total
[2023-11-16T06:17:16.356+0000][7][gc,age      ] GC(398) - age   5:      42424 bytes,    3504464 total
[2023-11-16T06:17:16.356+0000][7][gc,age      ] GC(398) - age   6:     130872 bytes,    3635336 total
[2023-11-16T06:17:16.356+0000][7][gc,age      ] GC(398) - age   7:       5824 bytes,    3641160 total
[2023-11-16T06:17:16.356+0000][7][gc,age      ] GC(398) - age   8:       7960 bytes,    3649120 total
[2023-11-16T06:17:16.356+0000][7][gc,age      ] GC(398) - age   9:        104 bytes,    3649224 total
[2023-11-16T06:17:16.356+0000][7][gc,age      ] GC(398) - age  10:       6424 bytes,    3655648 total
[2023-11-16T06:17:16.356+0000][7][gc,phases   ] GC(398)   Pre Evacuate Collection Set: 0.1ms
[2023-11-16T06:17:16.356+0000][7][gc,phases   ] GC(398)   Merge Heap Roots: 0.1ms
[2023-11-16T06:17:16.356+0000][7][gc,phases   ] GC(398)   Evacuate Collection Set: 2.0ms
[2023-11-16T06:17:16.356+0000][7][gc,phases   ] GC(398)   Post Evacuate Collection Set: 0.5ms
[2023-11-16T06:17:16.356+0000][7][gc,phases   ] GC(398)   Other: 0.2ms
[2023-11-16T06:17:16.356+0000][7][gc,heap     ] GC(398) Eden regions: 67->0(67)
[2023-11-16T06:17:16.356+0000][7][gc,heap     ] GC(398) Survivor regions: 1->1(9)
[2023-11-16T06:17:16.356+0000][7][gc,heap     ] GC(398) Old regions: 31->31
[2023-11-16T06:17:16.356+0000][7][gc,heap     ] GC(398) Archive regions: 2->2
[2023-11-16T06:17:16.356+0000][7][gc,heap     ] GC(398) Humongous regions: 5->5
[2023-11-16T06:17:16.356+0000][7][gc,metaspace] GC(398) Metaspace: 120280K(122112K)->120280K(122112K) NonClass: 104419K(105472K)->104419K(105472K) Class: 15861K(16640K)->15861K(16640K)
[2023-11-16T06:17:16.356+0000][7][gc          ] GC(398) Pause Young (Normal) (G1 Evacuation Pause) 416M->149M(512M) 2.983ms
[2023-11-16T06:17:16.356+0000][7][gc,cpu      ] GC(398) User=0.01s Sys=0.00s Real=0.00s
[2023-11-16T06:17:16.356+0000][7][safepoint   ] Safepoint "G1CollectForAllocation", Time since last: 8007716848 ns, Reaching safepoint: 72435 ns, At safepoint: 3049873 ns, Total: 3122308 ns
[2023-11-16T06:17:18.189+0000][7][safepoint   ] Safepoint "Cleanup", Time since last: 1832633497 ns, Reaching safepoint: 39962 ns, At safepoint: 18733 ns, Total: 58695 ns
[2023-11-16T06:17:21.885+0000][7][gc,start    ] GC(399) Pause Young (Normal) (G1 Evacuation Pause)
[2023-11-16T06:17:21.885+0000][7][gc,task     ] GC(399) Using 8 workers of 8 for evacuation
[2023-11-16T06:17:21.885+0000][7][gc,age      ] GC(399) Desired survivor size 18874368 bytes, new threshold 15 (max threshold 15)
[2023-11-16T06:17:21.887+0000][7][gc,age      ] GC(399) Age table with threshold 15 (max threshold 15)
[2023-11-16T06:17:21.887+0000][7][gc,age      ] GC(399) - age   1:    1842144 bytes,    1842144 total
[2023-11-16T06:17:21.887+0000][7][gc,age      ] GC(399) - age   2:       5536 bytes,    1847680 total
[2023-11-16T06:17:21.887+0000][7][gc,age      ] GC(399) - age   3:     128712 bytes,    1976392 total
[2023-11-16T06:17:21.887+0000][7][gc,age      ] GC(399) - age   4:      67560 bytes,    2043952 total
[2023-11-16T06:17:21.887+0000][7][gc,age      ] GC(399) - age   5:     241032 bytes,    2284984 total
[2023-11-16T06:17:21.887+0000][7][gc,age      ] GC(399) - age   6:      41840 bytes,    2326824 total
[2023-11-16T06:17:21.887+0000][7][gc,age      ] GC(399) - age   7:       4368 bytes,    2331192 total
[2023-11-16T06:17:21.887+0000][7][gc,age      ] GC(399) - age   8:       5760 bytes,    2336952 total
[2023-11-16T06:17:21.887+0000][7][gc,age      ] GC(399) - age   9:       7896 bytes,    2344848 total
[2023-11-16T06:17:21.887+0000][7][gc,age      ] GC(399) - age  10:        104 bytes,    2344952 total
[2023-11-16T06:17:21.887+0000][7][gc,age      ] GC(399) - age  11:       6296 bytes,    2351248 total
[2023-11-16T06:17:21.887+0000][7][gc,phases   ] GC(399)   Pre Evacuate Collection Set: 0.1ms
[2023-11-16T06:17:21.887+0000][7][gc,phases   ] GC(399)   Merge Heap Roots: 0.1ms
[2023-11-16T06:17:21.887+0000][7][gc,phases   ] GC(399)   Evacuate Collection Set: 1.1ms
[2023-11-16T06:17:21.887+0000][7][gc,phases   ] GC(399)   Post Evacuate Collection Set: 0.6ms
[2023-11-16T06:17:21.887+0000][7][gc,phases   ] GC(399)   Other: 0.2ms
[2023-11-16T06:17:21.887+0000][7][gc,heap     ] GC(399) Eden regions: 67->0(67)
[2023-11-16T06:17:21.887+0000][7][gc,heap     ] GC(399) Survivor regions: 1->1(9)
[2023-11-16T06:17:21.887+0000][7][gc,heap     ] GC(399) Old regions: 31->31
[2023-11-16T06:17:21.887+0000][7][gc,heap     ] GC(399) Archive regions: 2->2
[2023-11-16T06:17:21.887+0000][7][gc,heap     ] GC(399) Humongous regions: 5->5
[2023-11-16T06:17:21.887+0000][7][gc,metaspace] GC(399) Metaspace: 120280K(122112K)->120280K(122112K) NonClass: 104419K(105472K)->104419K(105472K) Class: 15861K(16640K)->15861K(16640K)
[2023-11-16T06:17:21.887+0000][7][gc          ] GC(399) Pause Young (Normal) (G1 Evacuation Pause) 417M->148M(512M) 2.018ms
[2023-11-16T06:17:21.887+0000][7][gc,cpu      ] GC(399) User=0.01s Sys=0.00s Real=0.00s
[2023-11-16T06:17:21.887+0000][7][safepoint   ] Safepoint "G1CollectForAllocation", Time since last: 3696212240 ns, Reaching safepoint: 55177 ns, At safepoint: 2100710 ns, Total: 2155887 ns
[2023-11-16T06:17:27.416+0000][7][gc,start    ] GC(400) Pause Young (Normal) (G1 Evacuation Pause)
[2023-11-16T06:17:27.416+0000][7][gc,task     ] GC(400) Using 8 workers of 8 for evacuation
[2023-11-16T06:17:27.416+0000][7][gc,age      ] GC(400) Desired survivor size 18874368 bytes, new threshold 15 (max threshold 15)
[2023-11-16T06:17:27.418+0000][7][gc,age      ] GC(400) Age table with threshold 15 (max threshold 15)
[2023-11-16T06:17:27.418+0000][7][gc,age      ] GC(400) - age   1:    1175192 bytes,    1175192 total
[2023-11-16T06:17:27.418+0000][7][gc,age      ] GC(400) - age   2:     231184 bytes,    1406376 total
[2023-11-16T06:17:27.418+0000][7][gc,age      ] GC(400) - age   3:       3456 bytes,    1409832 total
[2023-11-16T06:17:27.418+0000][7][gc,age      ] GC(400) - age   4:     127728 bytes,    1537560 total
[2023-11-16T06:17:27.418+0000][7][gc,age      ] GC(400) - age   5:      67104 bytes,    1604664 total
[2023-11-16T06:17:27.418+0000][7][gc,age      ] GC(400) - age   6:     106608 bytes,    1711272 total
[2023-11-16T06:17:27.418+0000][7][gc,age      ] GC(400) - age   7:      39384 bytes,    1750656 total
[2023-11-16T06:17:27.418+0000][7][gc,age      ] GC(400) - age   8:       4144 bytes,    1754800 total
[2023-11-16T06:17:27.418+0000][7][gc,age      ] GC(400) - age   9:       5728 bytes,    1760528 total
[2023-11-16T06:17:27.418+0000][7][gc,age      ] GC(400) - age  10:       7632 bytes,    1768160 total
[2023-11-16T06:17:27.418+0000][7][gc,age      ] GC(400) - age  11:        104 bytes,    1768264 total
[2023-11-16T06:17:27.418+0000][7][gc,age      ] GC(400) - age  12:       6296 bytes,    1774560 total
[2023-11-16T06:17:27.419+0000][7][gc,phases   ] GC(400)   Pre Evacuate Collection Set: 0.1ms
[2023-11-16T06:17:27.419+0000][7][gc,phases   ] GC(400)   Merge Heap Roots: 0.0ms
[2023-11-16T06:17:27.419+0000][7][gc,phases   ] GC(400)   Evacuate Collection Set: 1.4ms
[2023-11-16T06:17:27.419+0000][7][gc,phases   ] GC(400)   Post Evacuate Collection Set: 0.5ms
[2023-11-16T06:17:27.419+0000][7][gc,phases   ] GC(400)   Other: 0.3ms
[2023-11-16T06:17:27.419+0000][7][gc,heap     ] GC(400) Eden regions: 67->0(67)
[2023-11-16T06:17:27.419+0000][7][gc,heap     ] GC(400) Survivor regions: 1->1(9)
[2023-11-16T06:17:27.419+0000][7][gc,heap     ] GC(400) Old regions: 31->31
[2023-11-16T06:17:27.419+0000][7][gc,heap     ] GC(400) Archive regions: 2->2
[2023-11-16T06:17:27.419+0000][7][gc,heap     ] GC(400) Humongous regions: 5->5
[2023-11-16T06:17:27.419+0000][7][gc,metaspace] GC(400) Metaspace: 120282K(122112K)->120282K(122112K) NonClass: 104421K(105472K)->104421K(105472K) Class: 15861K(16640K)->15861K(16640K)
[2023-11-16T06:17:27.419+0000][7][gc          ] GC(400) Pause Young (Normal) (G1 Evacuation Pause) 416M->147M(512M) 2.433ms
[2023-11-16T06:17:27.419+0000][7][gc,cpu      ] GC(400) User=0.01s Sys=0.01s Real=0.01s
[2023-11-16T06:17:27.419+0000][7][safepoint   ] Safepoint "G1CollectForAllocation", Time since last: 5528958519 ns, Reaching safepoint: 105685 ns, At safepoint: 2543390 ns, Total: 2649075 ns
[2023-11-16T06:17:34.581+0000][7][gc,start    ] GC(401) Pause Young (Normal) (G1 Evacuation Pause)
[2023-11-16T06:17:34.581+0000][7][gc,task     ] GC(401) Using 8 workers of 8 for evacuation
[2023-11-16T06:17:34.581+0000][7][gc,age      ] GC(401) Desired survivor size 18874368 bytes, new threshold 15 (max threshold 15)
[2023-11-16T06:17:34.584+0000][7][gc,age      ] GC(401) Age table with threshold 15 (max threshold 15)
[2023-11-16T06:17:34.584+0000][7][gc,age      ] GC(401) - age   1:    2470008 bytes,    2470008 total
[2023-11-16T06:17:34.584+0000][7][gc,age      ] GC(401) - age   2:     499616 bytes,    2969624 total
[2023-11-16T06:17:34.584+0000][7][gc,age      ] GC(401) - age   3:     229232 bytes,    3198856 total
[2023-11-16T06:17:34.584+0000][7][gc,age      ] GC(401) - age   4:       2352 bytes,    3201208 total
[2023-11-16T06:17:34.584+0000][7][gc,age      ] GC(401) - age   5:     127400 bytes,    3328608 total
[2023-11-16T06:17:34.584+0000][7][gc,age      ] GC(401) - age   6:      63072 bytes,    3391680 total
[2023-11-16T06:17:34.584+0000][7][gc,age      ] GC(401) - age   7:     105904 bytes,    3497584 total
[2023-11-16T06:17:34.584+0000][7][gc,age      ] GC(401) - age   8:      39384 bytes,    3536968 total
[2023-11-16T06:17:34.584+0000][7][gc,age      ] GC(401) - age   9:       4144 bytes,    3541112 total
[2023-11-16T06:17:34.584+0000][7][gc,age      ] GC(401) - age  10:       5544 bytes,    3546656 total
[2023-11-16T06:17:34.584+0000][7][gc,age      ] GC(401) - age  11:       7632 bytes,    3554288 total
[2023-11-16T06:17:34.584+0000][7][gc,age      ] GC(401) - age  12:        104 bytes,    3554392 total
[2023-11-16T06:17:34.584+0000][7][gc,age      ] GC(401) - age  13:       6296 bytes,    3560688 total
[2023-11-16T06:17:34.584+0000][7][gc,phases   ] GC(401)   Pre Evacuate Collection Set: 0.1ms
[2023-11-16T06:17:34.584+0000][7][gc,phases   ] GC(401)   Merge Heap Roots: 0.0ms
[2023-11-16T06:17:34.584+0000][7][gc,phases   ] GC(401)   Evacuate Collection Set: 1.7ms
[2023-11-16T06:17:34.584+0000][7][gc,phases   ] GC(401)   Post Evacuate Collection Set: 0.6ms
[2023-11-16T06:17:34.584+0000][7][gc,phases   ] GC(401)   Other: 0.3ms
[2023-11-16T06:17:34.584+0000][7][gc,heap     ] GC(401) Eden regions: 67->0(67)
[2023-11-16T06:17:34.584+0000][7][gc,heap     ] GC(401) Survivor regions: 1->1(9)
[2023-11-16T06:17:34.584+0000][7][gc,heap     ] GC(401) Old regions: 31->31
[2023-11-16T06:17:34.584+0000][7][gc,heap     ] GC(401) Archive regions: 2->2
[2023-11-16T06:17:34.584+0000][7][gc,heap     ] GC(401) Humongous regions: 5->5
[2023-11-16T06:17:34.584+0000][7][gc,metaspace] GC(401) Metaspace: 120297K(122112K)->120297K(122112K) NonClass: 104436K(105472K)->104436K(105472K) Class: 15861K(16640K)->15861K(16640K)
[2023-11-16T06:17:34.584+0000][7][gc          ] GC(401) Pause Young (Normal) (G1 Evacuation Pause) 415M->149M(512M) 2.827ms
[2023-11-16T06:17:34.584+0000][7][gc,cpu      ] GC(401) User=0.01s Sys=0.00s Real=0.00s
[2023-11-16T06:17:34.584+0000][7][safepoint   ] Safepoint "G1CollectForAllocation", Time since last: 7162411119 ns, Reaching safepoint: 101035 ns, At safepoint: 2940919 ns, Total: 3041954 ns
[2023-11-16T06:17:35.584+0000][7][safepoint   ] Safepoint "Cleanup", Time since last: 1000099090 ns, Reaching safepoint: 98364 ns, At safepoint: 7435 ns, Total: 105799 ns
[2023-11-16T06:17:40.740+0000][7][gc,start    ] GC(402) Pause Young (Normal) (G1 Evacuation Pause)
[2023-11-16T06:17:40.740+0000][7][gc,task     ] GC(402) Using 8 workers of 8 for evacuation
[2023-11-16T06:17:40.740+0000][7][gc,age      ] GC(402) Desired survivor size 18874368 bytes, new threshold 15 (max threshold 15)
[2023-11-16T06:17:40.743+0000][7][gc,age      ] GC(402) Age table with threshold 15 (max threshold 15)
[2023-11-16T06:17:40.743+0000][7][gc,age      ] GC(402) - age   1:    1921544 bytes,    1921544 total
[2023-11-16T06:17:40.743+0000][7][gc,age      ] GC(402) - age   2:     221120 bytes,    2142664 total
[2023-11-16T06:17:40.743+0000][7][gc,age      ] GC(402) - age   3:     398184 bytes,    2540848 total
[2023-11-16T06:17:40.743+0000][7][gc,age      ] GC(402) - age   4:     228600 bytes,    2769448 total
[2023-11-16T06:17:40.743+0000][7][gc,age      ] GC(402) - age   5:       2352 bytes,    2771800 total
[2023-11-16T06:17:40.743+0000][7][gc,age      ] GC(402) - age   6:     127328 bytes,    2899128 total
[2023-11-16T06:17:40.743+0000][7][gc,age      ] GC(402) - age   7:      62312 bytes,    2961440 total
[2023-11-16T06:17:40.743+0000][7][gc,age      ] GC(402) - age   8:     105744 bytes,    3067184 total
[2023-11-16T06:17:40.743+0000][7][gc,age      ] GC(402) - age   9:      39256 bytes,    3106440 total
[2023-11-16T06:17:40.743+0000][7][gc,age      ] GC(402) - age  10:       4080 bytes,    3110520 total
[2023-11-16T06:17:40.743+0000][7][gc,age      ] GC(402) - age  11:       5544 bytes,    3116064 total
[2023-11-16T06:17:40.743+0000][7][gc,age      ] GC(402) - age  12:       7632 bytes,    3123696 total
[2023-11-16T06:17:40.743+0000][7][gc,age      ] GC(402) - age  13:        104 bytes,    3123800 total
[2023-11-16T06:17:40.743+0000][7][gc,age      ] GC(402) - age  14:       6232 bytes,    3130032 total
[2023-11-16T06:17:40.743+0000][7][gc,phases   ] GC(402)   Pre Evacuate Collection Set: 0.1ms
[2023-11-16T06:17:40.743+0000][7][gc,phases   ] GC(402)   Merge Heap Roots: 0.0ms
[2023-11-16T06:17:40.743+0000][7][gc,phases   ] GC(402)   Evacuate Collection Set: 1.8ms
[2023-11-16T06:17:40.743+0000][7][gc,phases   ] GC(402)   Post Evacuate Collection Set: 0.5ms
[2023-11-16T06:17:40.743+0000][7][gc,phases   ] GC(402)   Other: 0.2ms
[2023-11-16T06:17:40.743+0000][7][gc,heap     ] GC(402) Eden regions: 67->0(67)
[2023-11-16T06:17:40.743+0000][7][gc,heap     ] GC(402) Survivor regions: 1->1(9)
[2023-11-16T06:17:40.743+0000][7][gc,heap     ] GC(402) Old regions: 31->31
[2023-11-16T06:17:40.743+0000][7][gc,heap     ] GC(402) Archive regions: 2->2
[2023-11-16T06:17:40.743+0000][7][gc,heap     ] GC(402) Humongous regions: 5->5
[2023-11-16T06:17:40.743+0000][7][gc,metaspace] GC(402) Metaspace: 120297K(122112K)->120297K(122112K) NonClass: 104436K(105472K)->104436K(105472K) Class: 15861K(16640K)->15861K(16640K)
[2023-11-16T06:17:40.743+0000][7][gc          ] GC(402) Pause Young (Normal) (G1 Evacuation Pause) 417M->149M(512M) 2.687ms
[2023-11-16T06:17:40.743+0000][7][gc,cpu      ] GC(402) User=0.01s Sys=0.00s Real=0.00s
[2023-11-16T06:17:40.743+0000][7][safepoint   ] Safepoint "G1CollectForAllocation", Time since last: 5155740666 ns, Reaching safepoint: 64870 ns, At safepoint: 2750513 ns, Total: 2815383 ns
[2023-11-16T06:17:46.743+0000][7][gc,start    ] GC(403) Pause Young (Normal) (G1 Evacuation Pause)
[2023-11-16T06:17:46.743+0000][7][gc,task     ] GC(403) Using 8 workers of 8 for evacuation
[2023-11-16T06:17:46.743+0000][7][gc,age      ] GC(403) Desired survivor size 18874368 bytes, new threshold 15 (max threshold 15)
[2023-11-16T06:17:46.746+0000][7][gc,age      ] GC(403) Age table with threshold 15 (max threshold 15)
[2023-11-16T06:17:46.746+0000][7][gc,age      ] GC(403) - age   1:    1598136 bytes,    1598136 total
[2023-11-16T06:17:46.746+0000][7][gc,age      ] GC(403) - age   2:     471472 bytes,    2069608 total
[2023-11-16T06:17:46.746+0000][7][gc,age      ] GC(403) - age   3:     219456 bytes,    2289064 total
[2023-11-16T06:17:46.746+0000][7][gc,age      ] GC(403) - age   4:     397744 bytes,    2686808 total
[2023-11-16T06:17:46.746+0000][7][gc,age      ] GC(403) - age   5:     228536 bytes,    2915344 total
[2023-11-16T06:17:46.746+0000][7][gc,age      ] GC(403) - age   6:       2288 bytes,    2917632 total
[2023-11-16T06:17:46.746+0000][7][gc,age      ] GC(403) - age   7:     127328 bytes,    3044960 total
[2023-11-16T06:17:46.746+0000][7][gc,age      ] GC(403) - age   8:      48440 bytes,    3093400 total
[2023-11-16T06:17:46.746+0000][7][gc,age      ] GC(403) - age   9:     105560 bytes,    3198960 total
[2023-11-16T06:17:46.746+0000][7][gc,age      ] GC(403) - age  10:      39000 bytes,    3237960 total
[2023-11-16T06:17:46.746+0000][7][gc,age      ] GC(403) - age  11:       3952 bytes,    3241912 total
[2023-11-16T06:17:46.746+0000][7][gc,age      ] GC(403) - age  12:       5544 bytes,    3247456 total
[2023-11-16T06:17:46.746+0000][7][gc,age      ] GC(403) - age  13:       7632 bytes,    3255088 total
[2023-11-16T06:17:46.746+0000][7][gc,age      ] GC(403) - age  14:        104 bytes,    3255192 total
[2023-11-16T06:17:46.746+0000][7][gc,age      ] GC(403) - age  15:       6136 bytes,    3261328 total
[2023-11-16T06:17:46.746+0000][7][gc,phases   ] GC(403)   Pre Evacuate Collection Set: 0.1ms
[2023-11-16T06:17:46.746+0000][7][gc,phases   ] GC(403)   Merge Heap Roots: 0.0ms
[2023-11-16T06:17:46.746+0000][7][gc,phases   ] GC(403)   Evacuate Collection Set: 1.5ms
[2023-11-16T06:17:46.746+0000][7][gc,phases   ] GC(403)   Post Evacuate Collection Set: 0.5ms
[2023-11-16T06:17:46.746+0000][7][gc,phases   ] GC(403)   Other: 0.5ms
[2023-11-16T06:17:46.746+0000][7][gc,heap     ] GC(403) Eden regions: 67->0(67)
[2023-11-16T06:17:46.746+0000][7][gc,heap     ] GC(403) Survivor regions: 1->1(9)
[2023-11-16T06:17:46.746+0000][7][gc,heap     ] GC(403) Old regions: 31->31
[2023-11-16T06:17:46.746+0000][7][gc,heap     ] GC(403) Archive regions: 2->2
[2023-11-16T06:17:46.746+0000][7][gc,heap     ] GC(403) Humongous regions: 5->5
[2023-11-16T06:17:46.746+0000][7][gc,metaspace] GC(403) Metaspace: 120297K(122112K)->120297K(122112K) NonClass: 104436K(105472K)->104436K(105472K) Class: 15861K(16640K)->15861K(16640K)
[2023-11-16T06:17:46.746+0000][7][gc          ] GC(403) Pause Young (Normal) (G1 Evacuation Pause) 417M->149M(512M) 2.686ms
[2023-11-16T06:17:46.746+0000][7][gc,cpu      ] GC(403) User=0.01s Sys=0.00s Real=0.00s
[2023-11-16T06:17:46.746+0000][7][safepoint   ] Safepoint "G1CollectForAllocation", Time since last: 6000118093 ns, Reaching safepoint: 21699 ns, At safepoint: 2761197 ns, Total: 2782896 ns
[2023-11-16T06:17:55.642+0000][7][gc,start    ] GC(404) Pause Young (Normal) (G1 Evacuation Pause)
[2023-11-16T06:17:55.642+0000][7][gc,task     ] GC(404) Using 8 workers of 8 for evacuation
[2023-11-16T06:17:55.642+0000][7][gc,age      ] GC(404) Desired survivor size 18874368 bytes, new threshold 15 (max threshold 15)
[2023-11-16T06:17:55.644+0000][7][gc,age      ] GC(404) Age table with threshold 15 (max threshold 15)
[2023-11-16T06:17:55.644+0000][7][gc,age      ] GC(404) - age   1:    2504520 bytes,    2504520 total
[2023-11-16T06:17:55.644+0000][7][gc,age      ] GC(404) - age   2:     451944 bytes,    2956464 total
[2023-11-16T06:17:55.644+0000][7][gc,age      ] GC(404) - age   3:     128920 bytes,    3085384 total
[2023-11-16T06:17:55.644+0000][7][gc,age      ] GC(404) - age   4:      11528 bytes,    3096912 total
[2023-11-16T06:17:55.644+0000][7][gc,age      ] GC(404) - age   5:     130832 bytes,    3227744 total
[2023-11-16T06:17:55.644+0000][7][gc,age      ] GC(404) - age   6:     130640 bytes,    3358384 total
[2023-11-16T06:17:55.644+0000][7][gc,age      ] GC(404) - age   7:       1856 bytes,    3360240 total
[2023-11-16T06:17:55.644+0000][7][gc,age      ] GC(404) - age   8:     127232 bytes,    3487472 total
[2023-11-16T06:17:55.644+0000][7][gc,age      ] GC(404) - age   9:      46384 bytes,    3533856 total
[2023-11-16T06:17:55.644+0000][7][gc,age      ] GC(404) - age  10:     104080 bytes,    3637936 total
[2023-11-16T06:17:55.644+0000][7][gc,age      ] GC(404) - age  11:      38752 bytes,    3676688 total
[2023-11-16T06:17:55.644+0000][7][gc,age      ] GC(404) - age  12:       3896 bytes,    3680584 total
[2023-11-16T06:17:55.644+0000][7][gc,age      ] GC(404) - age  13:       5480 bytes,    3686064 total
[2023-11-16T06:17:55.644+0000][7][gc,age      ] GC(404) - age  14:       7504 bytes,    3693568 total
[2023-11-16T06:17:55.644+0000][7][gc,age      ] GC(404) - age  15:        104 bytes,    3693672 total
[2023-11-16T06:17:55.644+0000][7][gc,phases   ] GC(404)   Pre Evacuate Collection Set: 0.1ms
[2023-11-16T06:17:55.644+0000][7][gc,phases   ] GC(404)   Merge Heap Roots: 0.1ms
[2023-11-16T06:17:55.644+0000][7][gc,phases   ] GC(404)   Evacuate Collection Set: 1.7ms
[2023-11-16T06:17:55.644+0000][7][gc,phases   ] GC(404)   Post Evacuate Collection Set: 0.5ms
[2023-11-16T06:17:55.644+0000][7][gc,phases   ] GC(404)   Other: 0.3ms
[2023-11-16T06:17:55.644+0000][7][gc,heap     ] GC(404) Eden regions: 67->0(67)
[2023-11-16T06:17:55.644+0000][7][gc,heap     ] GC(404) Survivor regions: 1->1(9)
[2023-11-16T06:17:55.644+0000][7][gc,heap     ] GC(404) Old regions: 31->31
[2023-11-16T06:17:55.644+0000][7][gc,heap     ] GC(404) Archive regions: 2->2
[2023-11-16T06:17:55.644+0000][7][gc,heap     ] GC(404) Humongous regions: 5->5
[2023-11-16T06:17:55.644+0000][7][gc,metaspace] GC(404) Metaspace: 120297K(122112K)->120297K(122112K) NonClass: 104436K(105472K)->104436K(105472K) Class: 15861K(16640K)->15861K(16640K)
[2023-11-16T06:17:55.644+0000][7][gc          ] GC(404) Pause Young (Normal) (G1 Evacuation Pause) 417M->149M(512M) 2.636ms
[2023-11-16T06:17:55.644+0000][7][gc,cpu      ] GC(404) User=0.01s Sys=0.00s Real=0.00s
[2023-11-16T06:17:55.644+0000][7][safepoint   ] Safepoint "G1CollectForAllocation", Time since last: 8890513135 ns, Reaching safepoint: 5333109 ns, At safepoint: 2727981 ns, Total: 8061090 ns
[2023-11-16T06:18:00.297+0000][7][gc,start    ] GC(405) Pause Young (Normal) (G1 Evacuation Pause)
[2023-11-16T06:18:00.297+0000][7][gc,task     ] GC(405) Using 8 workers of 8 for evacuation
[2023-11-16T06:18:00.298+0000][7][gc,age      ] GC(405) Desired survivor size 18874368 bytes, new threshold 15 (max threshold 15)
[2023-11-16T06:18:00.300+0000][7][gc,age      ] GC(405) Age table with threshold 15 (max threshold 15)
[2023-11-16T06:18:00.300+0000][7][gc,age      ] GC(405) - age   1:    1493720 bytes,    1493720 total
[2023-11-16T06:18:00.300+0000][7][gc,age      ] GC(405) - age   2:     457056 bytes,    1950776 total
[2023-11-16T06:18:00.300+0000][7][gc,age      ] GC(405) - age   3:     154736 bytes,    2105512 total
[2023-11-16T06:18:00.300+0000][7][gc,age      ] GC(405) - age   4:     127712 bytes,    2233224 total
[2023-11-16T06:18:00.300+0000][7][gc,age      ] GC(405) - age   5:       7016 bytes,    2240240 total
[2023-11-16T06:18:00.300+0000][7][gc,age      ] GC(405) - age   6:     128776 bytes,    2369016 total
[2023-11-16T06:18:00.300+0000][7][gc,age      ] GC(405) - age   7:     130512 bytes,    2499528 total
[2023-11-16T06:18:00.300+0000][7][gc,age      ] GC(405) - age   8:       1712 bytes,    2501240 total
[2023-11-16T06:18:00.300+0000][7][gc,age      ] GC(405) - age   9:        616 bytes,    2501856 total
[2023-11-16T06:18:00.300+0000][7][gc,age      ] GC(405) - age  10:      46352 bytes,    2548208 total
[2023-11-16T06:18:00.300+0000][7][gc,age      ] GC(405) - age  11:     103752 bytes,    2651960 total
[2023-11-16T06:18:00.300+0000][7][gc,age      ] GC(405) - age  12:      38752 bytes,    2690712 total
[2023-11-16T06:18:00.300+0000][7][gc,age      ] GC(405) - age  13:       3896 bytes,    2694608 total
[2023-11-16T06:18:00.300+0000][7][gc,age      ] GC(405) - age  14:       5480 bytes,    2700088 total
[2023-11-16T06:18:00.300+0000][7][gc,age      ] GC(405) - age  15:       6896 bytes,    2706984 total
[2023-11-16T06:18:00.300+0000][7][gc,phases   ] GC(405)   Pre Evacuate Collection Set: 0.1ms
[2023-11-16T06:18:00.300+0000][7][gc,phases   ] GC(405)   Merge Heap Roots: 0.0ms
[2023-11-16T06:18:00.300+0000][7][gc,phases   ] GC(405)   Evacuate Collection Set: 1.7ms
[2023-11-16T06:18:00.300+0000][7][gc,phases   ] GC(405)   Post Evacuate Collection Set: 0.7ms
[2023-11-16T06:18:00.300+0000][7][gc,phases   ] GC(405)   Other: 0.2ms
[2023-11-16T06:18:00.300+0000][7][gc,heap     ] GC(405) Eden regions: 67->0(67)
[2023-11-16T06:18:00.300+0000][7][gc,heap     ] GC(405) Survivor regions: 1->1(9)
[2023-11-16T06:18:00.300+0000][7][gc,heap     ] GC(405) Old regions: 31->31
[2023-11-16T06:18:00.300+0000][7][gc,heap     ] GC(405) Archive regions: 2->2
[2023-11-16T06:18:00.300+0000][7][gc,heap     ] GC(405) Humongous regions: 5->5
[2023-11-16T06:18:00.300+0000][7][gc,metaspace] GC(405) Metaspace: 120297K(122112K)->120297K(122112K) NonClass: 104436K(105472K)->104436K(105472K) Class: 15861K(16640K)->15861K(16640K)
[2023-11-16T06:18:00.300+0000][7][gc          ] GC(405) Pause Young (Normal) (G1 Evacuation Pause) 417M->148M(512M) 2.721ms
[2023-11-16T06:18:00.300+0000][7][gc,cpu      ] GC(405) User=0.01s Sys=0.00s Real=0.01s
[2023-11-16T06:18:00.300+0000][7][safepoint   ] Safepoint "G1CollectForAllocation", Time since last: 4652927731 ns, Reaching safepoint: 153631 ns, At safepoint: 2808440 ns, Total: 2962071 ns
[2023-11-16T06:18:06.215+0000][7][gc,start    ] GC(406) Pause Young (Normal) (G1 Evacuation Pause)
[2023-11-16T06:18:06.215+0000][7][gc,task     ] GC(406) Using 8 workers of 8 for evacuation
[2023-11-16T06:18:06.215+0000][7][gc,age      ] GC(406) Desired survivor size 18874368 bytes, new threshold 15 (max threshold 15)
[2023-11-16T06:18:06.217+0000][7][gc,age      ] GC(406) Age table with threshold 15 (max threshold 15)
[2023-11-16T06:18:06.217+0000][7][gc,age      ] GC(406) - age   1:    1173176 bytes,    1173176 total
[2023-11-16T06:18:06.217+0000][7][gc,age      ] GC(406) - age   2:     394160 bytes,    1567336 total
[2023-11-16T06:18:06.217+0000][7][gc,age      ] GC(406) - age   3:     454488 bytes,    2021824 total
[2023-11-16T06:18:06.217+0000][7][gc,age      ] GC(406) - age   4:     153872 bytes,    2175696 total
[2023-11-16T06:18:06.217+0000][7][gc,age      ] GC(406) - age   5:     127552 bytes,    2303248 total
[2023-11-16T06:18:06.217+0000][7][gc,age      ] GC(406) - age   6:       6688 bytes,    2309936 total
[2023-11-16T06:18:06.217+0000][7][gc,age      ] GC(406) - age   7:       2368 bytes,    2312304 total
[2023-11-16T06:18:06.217+0000][7][gc,age      ] GC(406) - age   8:     130448 bytes,    2442752 total
[2023-11-16T06:18:06.217+0000][7][gc,age      ] GC(406) - age   9:       1616 bytes,    2444368 total
[2023-11-16T06:18:06.217+0000][7][gc,age      ] GC(406) - age  10:        616 bytes,    2444984 total
[2023-11-16T06:18:06.217+0000][7][gc,age      ] GC(406) - age  11:      46288 bytes,    2491272 total
[2023-11-16T06:18:06.217+0000][7][gc,age      ] GC(406) - age  12:     103688 bytes,    2594960 total
[2023-11-16T06:18:06.217+0000][7][gc,age      ] GC(406) - age  13:      38752 bytes,    2633712 total
[2023-11-16T06:18:06.217+0000][7][gc,age      ] GC(406) - age  14:       3896 bytes,    2637608 total
[2023-11-16T06:18:06.217+0000][7][gc,age      ] GC(406) - age  15:       5416 bytes,    2643024 total
[2023-11-16T06:18:06.218+0000][7][gc,phases   ] GC(406)   Pre Evacuate Collection Set: 0.1ms
[2023-11-16T06:18:06.218+0000][7][gc,phases   ] GC(406)   Merge Heap Roots: 0.0ms
[2023-11-16T06:18:06.218+0000][7][gc,phases   ] GC(406)   Evacuate Collection Set: 1.7ms
[2023-11-16T06:18:06.218+0000][7][gc,phases   ] GC(406)   Post Evacuate Collection Set: 0.6ms
[2023-11-16T06:18:06.218+0000][7][gc,phases   ] GC(406)   Other: 0.2ms
[2023-11-16T06:18:06.218+0000][7][gc,heap     ] GC(406) Eden regions: 67->0(67)
[2023-11-16T06:18:06.218+0000][7][gc,heap     ] GC(406) Survivor regions: 1->1(9)
[2023-11-16T06:18:06.218+0000][7][gc,heap     ] GC(406) Old regions: 31->31
[2023-11-16T06:18:06.218+0000][7][gc,heap     ] GC(406) Archive regions: 2->2
[2023-11-16T06:18:06.218+0000][7][gc,heap     ] GC(406) Humongous regions: 5->5
[2023-11-16T06:18:06.218+0000][7][gc,metaspace] GC(406) Metaspace: 120297K(122112K)->120297K(122112K) NonClass: 104436K(105472K)->104436K(105472K) Class: 15861K(16640K)->15861K(16640K)
[2023-11-16T06:18:06.218+0000][7][gc          ] GC(406) Pause Young (Normal) (G1 Evacuation Pause) 416M->148M(512M) 2.653ms
[2023-11-16T06:18:06.218+0000][7][gc,cpu      ] GC(406) User=0.01s Sys=0.00s Real=0.00s
[2023-11-16T06:18:06.218+0000][7][safepoint   ] Safepoint "G1CollectForAllocation", Time since last: 5914623247 ns, Reaching safepoint: 63394 ns, At safepoint: 2747101 ns, Total: 2810495 ns
[2023-11-16T06:18:08.218+0000][7][safepoint   ] Safepoint "Cleanup", Time since last: 2000159272 ns, Reaching safepoint: 51426 ns, At safepoint: 3786 ns, Total: 55212 ns
[2023-11-16T06:18:11.219+0000][7][safepoint   ] Safepoint "Cleanup", Time since last: 3000824667 ns, Reaching safepoint: 64977 ns, At safepoint: 5132 ns, Total: 70109 ns
[2023-11-16T06:18:13.767+0000][7][gc,start    ] GC(407) Pause Young (Normal) (G1 Evacuation Pause)
[2023-11-16T06:18:13.767+0000][7][gc,task     ] GC(407) Using 8 workers of 8 for evacuation
[2023-11-16T06:18:13.767+0000][7][gc,age      ] GC(407) Desired survivor size 18874368 bytes, new threshold 15 (max threshold 15)
[2023-11-16T06:18:13.769+0000][7][gc,age      ] GC(407) Age table with threshold 15 (max threshold 15)
[2023-11-16T06:18:13.769+0000][7][gc,age      ] GC(407) - age   1:    1863640 bytes,    1863640 total
[2023-11-16T06:18:13.769+0000][7][gc,age      ] GC(407) - age   2:     228784 bytes,    2092424 total
[2023-11-16T06:18:13.769+0000][7][gc,age      ] GC(407) - age   3:     150096 bytes,    2242520 total
[2023-11-16T06:18:13.769+0000][7][gc,age      ] GC(407) - age   4:      28256 bytes,    2270776 total
[2023-11-16T06:18:13.769+0000][7][gc,age      ] GC(407) - age   5:     153680 bytes,    2424456 total
[2023-11-16T06:18:13.769+0000][7][gc,age      ] GC(407) - age   6:     127320 bytes,    2551776 total
[2023-11-16T06:18:13.769+0000][7][gc,age      ] GC(407) - age   7:       6528 bytes,    2558304 total
[2023-11-16T06:18:13.769+0000][7][gc,age      ] GC(407) - age   8:       1920 bytes,    2560224 total
[2023-11-16T06:18:13.769+0000][7][gc,age      ] GC(407) - age   9:     130352 bytes,    2690576 total
[2023-11-16T06:18:13.769+0000][7][gc,age      ] GC(407) - age  10:       1488 bytes,    2692064 total
[2023-11-16T06:18:13.769+0000][7][gc,age      ] GC(407) - age  11:        616 bytes,    2692680 total
[2023-11-16T06:18:13.769+0000][7][gc,age      ] GC(407) - age  12:      46288 bytes,    2738968 total
[2023-11-16T06:18:13.769+0000][7][gc,age      ] GC(407) - age  13:     103688 bytes,    2842656 total
[2023-11-16T06:18:13.769+0000][7][gc,age      ] GC(407) - age  14:      38752 bytes,    2881408 total
[2023-11-16T06:18:13.769+0000][7][gc,age      ] GC(407) - age  15:       3896 bytes,    2885304 total
[2023-11-16T06:18:13.769+0000][7][gc,phases   ] GC(407)   Pre Evacuate Collection Set: 0.1ms
[2023-11-16T06:18:13.769+0000][7][gc,phases   ] GC(407)   Merge Heap Roots: 0.0ms
[2023-11-16T06:18:13.769+0000][7][gc,phases   ] GC(407)   Evacuate Collection Set: 1.3ms
[2023-11-16T06:18:13.769+0000][7][gc,phases   ] GC(407)   Post Evacuate Collection Set: 0.5ms
[2023-11-16T06:18:13.769+0000][7][gc,phases   ] GC(407)   Other: 0.3ms
[2023-11-16T06:18:13.769+0000][7][gc,heap     ] GC(407) Eden regions: 67->0(67)
[2023-11-16T06:18:13.769+0000][7][gc,heap     ] GC(407) Survivor regions: 1->1(9)
[2023-11-16T06:18:13.769+0000][7][gc,heap     ] GC(407) Old regions: 31->31
[2023-11-16T06:18:13.769+0000][7][gc,heap     ] GC(407) Archive regions: 2->2
[2023-11-16T06:18:13.769+0000][7][gc,heap     ] GC(407) Humongous regions: 5->5
[2023-11-16T06:18:13.769+0000][7][gc,metaspace] GC(407) Metaspace: 120297K(122112K)->120297K(122112K) NonClass: 104436K(105472K)->104436K(105472K) Class: 15861K(16640K)->15861K(16640K)
[2023-11-16T06:18:13.769+0000][7][gc          ] GC(407) Pause Young (Normal) (G1 Evacuation Pause) 416M->149M(512M) 2.142ms
[2023-11-16T06:18:13.769+0000][7][gc,cpu      ] GC(407) User=0.01s Sys=0.00s Real=0.01s
[2023-11-16T06:18:13.769+0000][7][safepoint   ] Safepoint "G1CollectForAllocation", Time since last: 2547712923 ns, Reaching safepoint: 72060 ns, At safepoint: 2229104 ns, Total: 2301164 ns
[2023-11-16T06:18:19.657+0000][7][gc,start    ] GC(408) Pause Young (Normal) (G1 Evacuation Pause)
[2023-11-16T06:18:19.657+0000][7][gc,task     ] GC(408) Using 8 workers of 8 for evacuation
[2023-11-16T06:18:19.657+0000][7][gc,age      ] GC(408) Desired survivor size 18874368 bytes, new threshold 15 (max threshold 15)
[2023-11-16T06:18:19.660+0000][7][gc,age      ] GC(408) Age table with threshold 15 (max threshold 15)
[2023-11-16T06:18:19.660+0000][7][gc,age      ] GC(408) - age   1:    1538936 bytes,    1538936 total
[2023-11-16T06:18:19.660+0000][7][gc,age      ] GC(408) - age   2:     108192 bytes,    1647128 total
[2023-11-16T06:18:19.660+0000][7][gc,age      ] GC(408) - age   3:     128400 bytes,    1775528 total
[2023-11-16T06:18:19.660+0000][7][gc,age      ] GC(408) - age   4:     149624 bytes,    1925152 total
[2023-11-16T06:18:19.660+0000][7][gc,age      ] GC(408) - age   5:      27624 bytes,    1952776 total
[2023-11-16T06:18:19.660+0000][7][gc,age      ] GC(408) - age   6:     153616 bytes,    2106392 total
[2023-11-16T06:18:19.660+0000][7][gc,age      ] GC(408) - age   7:     127320 bytes,    2233712 total
[2023-11-16T06:18:19.660+0000][7][gc,age      ] GC(408) - age   8:       6432 bytes,    2240144 total
[2023-11-16T06:18:19.660+0000][7][gc,age      ] GC(408) - age   9:       1776 bytes,    2241920 total
[2023-11-16T06:18:19.660+0000][7][gc,age      ] GC(408) - age  10:       5176 bytes,    2247096 total
[2023-11-16T06:18:19.660+0000][7][gc,age      ] GC(408) - age  11:        128 bytes,    2247224 total
[2023-11-16T06:18:19.660+0000][7][gc,age      ] GC(408) - age  12:        552 bytes,    2247776 total
[2023-11-16T06:18:19.660+0000][7][gc,age      ] GC(408) - age  13:      46288 bytes,    2294064 total
[2023-11-16T06:18:19.660+0000][7][gc,age      ] GC(408) - age  14:     103624 bytes,    2397688 total
[2023-11-16T06:18:19.660+0000][7][gc,age      ] GC(408) - age  15:      38752 bytes,    2436440 total
[2023-11-16T06:18:19.660+0000][7][gc,phases   ] GC(408)   Pre Evacuate Collection Set: 0.1ms
[2023-11-16T06:18:19.660+0000][7][gc,phases   ] GC(408)   Merge Heap Roots: 0.0ms
[2023-11-16T06:18:19.660+0000][7][gc,phases   ] GC(408)   Evacuate Collection Set: 1.7ms
[2023-11-16T06:18:19.660+0000][7][gc,phases   ] GC(408)   Post Evacuate Collection Set: 0.8ms
[2023-11-16T06:18:19.660+0000][7][gc,phases   ] GC(408)   Other: 0.5ms
[2023-11-16T06:18:19.660+0000][7][gc,heap     ] GC(408) Eden regions: 67->0(67)
[2023-11-16T06:18:19.660+0000][7][gc,heap     ] GC(408) Survivor regions: 1->1(9)
[2023-11-16T06:18:19.660+0000][7][gc,heap     ] GC(408) Old regions: 31->31
[2023-11-16T06:18:19.660+0000][7][gc,heap     ] GC(408) Archive regions: 2->2
[2023-11-16T06:18:19.660+0000][7][gc,heap     ] GC(408) Humongous regions: 5->5
[2023-11-16T06:18:19.660+0000][7][gc,metaspace] GC(408) Metaspace: 120297K(122112K)->120297K(122112K) NonClass: 104436K(105472K)->104436K(105472K) Class: 15861K(16640K)->15861K(16640K)
[2023-11-16T06:18:19.660+0000][7][gc          ] GC(408) Pause Young (Normal) (G1 Evacuation Pause) 417M->148M(512M) 3.044ms
[2023-11-16T06:18:19.660+0000][7][gc,cpu      ] GC(408) User=0.02s Sys=0.00s Real=0.01s
[2023-11-16T06:18:19.660+0000][7][safepoint   ] Safepoint "G1CollectForAllocation", Time since last: 5888142725 ns, Reaching safepoint: 47525 ns, At safepoint: 3150531 ns, Total: 3198056 ns
[2023-11-16T06:18:24.300+0000][7][safepoint   ] Safepoint "Cleanup", Time since last: 4639479940 ns, Reaching safepoint: 185645 ns, At safepoint: 8162 ns, Total: 193807 ns
[2023-11-16T06:18:25.062+0000][7][gc,start    ] GC(409) Pause Young (Normal) (G1 Evacuation Pause)
[2023-11-16T06:18:25.062+0000][7][gc,task     ] GC(409) Using 8 workers of 8 for evacuation
[2023-11-16T06:18:25.062+0000][7][gc,age      ] GC(409) Desired survivor size 18874368 bytes, new threshold 15 (max threshold 15)
[2023-11-16T06:18:25.073+0000][7][gc,age      ] GC(409) Age table with threshold 15 (max threshold 15)
[2023-11-16T06:18:25.073+0000][7][gc,age      ] GC(409) - age   1:    1237632 bytes,    1237632 total
[2023-11-16T06:18:25.073+0000][7][gc,age      ] GC(409) - age   2:     349976 bytes,    1587608 total
[2023-11-16T06:18:25.073+0000][7][gc,age      ] GC(409) - age   3:     103416 bytes,    1691024 total
[2023-11-16T06:18:25.073+0000][7][gc,age      ] GC(409) - age   4:     127488 bytes,    1818512 total
[2023-11-16T06:18:25.073+0000][7][gc,age      ] GC(409) - age   5:     148944 bytes,    1967456 total
[2023-11-16T06:18:25.073+0000][7][gc,age      ] GC(409) - age   6:      20688 bytes,    1988144 total
[2023-11-16T06:18:25.073+0000][7][gc,age      ] GC(409) - age   7:     153456 bytes,    2141600 total
[2023-11-16T06:18:25.073+0000][7][gc,age      ] GC(409) - age   8:       1872 bytes,    2143472 total
[2023-11-16T06:18:25.073+0000][7][gc,age      ] GC(409) - age   9:       4944 bytes,    2148416 total
[2023-11-16T06:18:25.073+0000][7][gc,age      ] GC(409) - age  10:       1744 bytes,    2150160 total
[2023-11-16T06:18:25.073+0000][7][gc,age      ] GC(409) - age  11:       5048 bytes,    2155208 total
[2023-11-16T06:18:25.073+0000][7][gc,age      ] GC(409) - age  13:        552 bytes,    2155760 total
[2023-11-16T06:18:25.073+0000][7][gc,age      ] GC(409) - age  14:      46288 bytes,    2202048 total
[2023-11-16T06:18:25.073+0000][7][gc,age      ] GC(409) - age  15:     103624 bytes,    2305672 total
[2023-11-16T06:18:25.073+0000][7][gc,phases   ] GC(409)   Pre Evacuate Collection Set: 0.1ms
[2023-11-16T06:18:25.073+0000][7][gc,phases   ] GC(409)   Merge Heap Roots: 0.0ms
[2023-11-16T06:18:25.073+0000][7][gc,phases   ] GC(409)   Evacuate Collection Set: 9.6ms
[2023-11-16T06:18:25.073+0000][7][gc,phases   ] GC(409)   Post Evacuate Collection Set: 0.7ms
[2023-11-16T06:18:25.073+0000][7][gc,phases   ] GC(409)   Other: 0.2ms
[2023-11-16T06:18:25.073+0000][7][gc,heap     ] GC(409) Eden regions: 67->0(67)
[2023-11-16T06:18:25.073+0000][7][gc,heap     ] GC(409) Survivor regions: 1->1(9)
[2023-11-16T06:18:25.073+0000][7][gc,heap     ] GC(409) Old regions: 31->31
[2023-11-16T06:18:25.073+0000][7][gc,heap     ] GC(409) Archive regions: 2->2
[2023-11-16T06:18:25.073+0000][7][gc,heap     ] GC(409) Humongous regions: 5->5
[2023-11-16T06:18:25.073+0000][7][gc,metaspace] GC(409) Metaspace: 120297K(122112K)->120297K(122112K) NonClass: 104436K(105472K)->104436K(105472K) Class: 15861K(16640K)->15861K(16640K)
[2023-11-16T06:18:25.073+0000][7][gc          ] GC(409) Pause Young (Normal) (G1 Evacuation Pause) 416M->148M(512M) 10.649ms
[2023-11-16T06:18:25.073+0000][7][gc,cpu      ] GC(409) User=0.01s Sys=0.00s Real=0.01s
[2023-11-16T06:18:25.073+0000][7][safepoint   ] Safepoint "G1CollectForAllocation", Time since last: 762206897 ns, Reaching safepoint: 76245 ns, At safepoint: 10744542 ns, Total: 10820787 ns
[2023-11-16T06:18:39.074+0000][7][safepoint   ] Safepoint "Cleanup", Time since last: 14001622200 ns, Reaching safepoint: 68650 ns, At safepoint: 4873 ns, Total: 73523 ns
[2023-11-16T06:18:40.075+0000][7][safepoint   ] Safepoint "Cleanup", Time since last: 1000135595 ns, Reaching safepoint: 181788 ns, At safepoint: 6343 ns, Total: 188131 ns
[2023-11-16T06:18:40.215+0000][7][gc,start    ] GC(410) Pause Young (Normal) (G1 Evacuation Pause)
[2023-11-16T06:18:40.215+0000][7][gc,task     ] GC(410) Using 8 workers of 8 for evacuation
[2023-11-16T06:18:40.216+0000][7][gc,age      ] GC(410) Desired survivor size 18874368 bytes, new threshold 15 (max threshold 15)
[2023-11-16T06:18:40.227+0000][7][gc,age      ] GC(410) Age table with threshold 15 (max threshold 15)
[2023-11-16T06:18:40.227+0000][7][gc,age      ] GC(410) - age   1:    2208176 bytes,    2208176 total
[2023-11-16T06:18:40.227+0000][7][gc,age      ] GC(410) - age   2:     581320 bytes,    2789496 total
[2023-11-16T06:18:40.227+0000][7][gc,age      ] GC(410) - age   3:     348048 bytes,    3137544 total
[2023-11-16T06:18:40.227+0000][7][gc,age      ] GC(410) - age   4:     102928 bytes,    3240472 total
[2023-11-16T06:18:40.227+0000][7][gc,age      ] GC(410) - age   5:     127272 bytes,    3367744 total
[2023-11-16T06:18:40.227+0000][7][gc,age      ] GC(410) - age   6:     142856 bytes,    3510600 total
[2023-11-16T06:18:40.227+0000][7][gc,age      ] GC(410) - age   7:      19024 bytes,    3529624 total
[2023-11-16T06:18:40.227+0000][7][gc,age      ] GC(410) - age   8:     153456 bytes,    3683080 total
[2023-11-16T06:18:40.227+0000][7][gc,age      ] GC(410) - age   9:       1872 bytes,    3684952 total
[2023-11-16T06:18:40.227+0000][7][gc,age      ] GC(410) - age  10:       4696 bytes,    3689648 total
[2023-11-16T06:18:40.227+0000][7][gc,age      ] GC(410) - age  11:       1136 bytes,    3690784 total
[2023-11-16T06:18:40.227+0000][7][gc,age      ] GC(410) - age  12:       5048 bytes,    3695832 total
[2023-11-16T06:18:40.227+0000][7][gc,age      ] GC(410) - age  14:        552 bytes,    3696384 total
[2023-11-16T06:18:40.227+0000][7][gc,age      ] GC(410) - age  15:      46224 bytes,    3742608 total
[2023-11-16T06:18:40.227+0000][7][gc,phases   ] GC(410)   Pre Evacuate Collection Set: 0.1ms
[2023-11-16T06:18:40.227+0000][7][gc,phases   ] GC(410)   Merge Heap Roots: 0.1ms
[2023-11-16T06:18:40.227+0000][7][gc,phases   ] GC(410)   Evacuate Collection Set: 10.3ms
[2023-11-16T06:18:40.227+0000][7][gc,phases   ] GC(410)   Post Evacuate Collection Set: 0.7ms
[2023-11-16T06:18:40.227+0000][7][gc,phases   ] GC(410)   Other: 0.3ms
[2023-11-16T06:18:40.227+0000][7][gc,heap     ] GC(410) Eden regions: 67->0(67)
[2023-11-16T06:18:40.227+0000][7][gc,heap     ] GC(410) Survivor regions: 1->1(9)
[2023-11-16T06:18:40.227+0000][7][gc,heap     ] GC(410) Old regions: 31->31
[2023-11-16T06:18:40.227+0000][7][gc,heap     ] GC(410) Archive regions: 2->2
[2023-11-16T06:18:40.227+0000][7][gc,heap     ] GC(410) Humongous regions: 5->5
[2023-11-16T06:18:40.227+0000][7][gc,metaspace] GC(410) Metaspace: 120297K(122112K)->120297K(122112K) NonClass: 104436K(105472K)->104436K(105472K) Class: 15861K(16640K)->15861K(16640K)
[2023-11-16T06:18:40.227+0000][7][gc          ] GC(410) Pause Young (Normal) (G1 Evacuation Pause) 416M->149M(512M) 11.347ms
[2023-11-16T06:18:40.227+0000][7][gc,cpu      ] GC(410) User=0.02s Sys=0.01s Real=0.01s
[2023-11-16T06:18:40.227+0000][7][safepoint   ] Safepoint "G1CollectForAllocation", Time since last: 140528625 ns, Reaching safepoint: 53147 ns, At safepoint: 11453491 ns, Total: 11506638 ns
[2023-11-16T06:18:44.228+0000][7][safepoint   ] Safepoint "Cleanup", Time since last: 4000733849 ns, Reaching safepoint: 63005 ns, At safepoint: 22086 ns, Total: 85091 ns
[2023-11-16T06:18:48.228+0000][7][safepoint   ] Safepoint "Cleanup", Time since last: 4000514123 ns, Reaching safepoint: 52142 ns, At safepoint: 6490 ns, Total: 58632 ns
[2023-11-16T06:18:50.918+0000][7][gc,start    ] GC(411) Pause Young (Normal) (G1 Evacuation Pause)
[2023-11-16T06:18:50.918+0000][7][gc,task     ] GC(411) Using 8 workers of 8 for evacuation
[2023-11-16T06:18:50.918+0000][7][gc,age      ] GC(411) Desired survivor size 18874368 bytes, new threshold 15 (max threshold 15)
[2023-11-16T06:18:50.921+0000][7][gc,age      ] GC(411) Age table with threshold 15 (max threshold 15)
[2023-11-16T06:18:50.921+0000][7][gc,age      ] GC(411) - age   1:    1699296 bytes,    1699296 total
[2023-11-16T06:18:50.921+0000][7][gc,age      ] GC(411) - age   2:     633624 bytes,    2332920 total
[2023-11-16T06:18:50.921+0000][7][gc,age      ] GC(411) - age   3:     342008 bytes,    2674928 total
[2023-11-16T06:18:50.921+0000][7][gc,age      ] GC(411) - age   4:     147104 bytes,    2822032 total
[2023-11-16T06:18:50.921+0000][7][gc,age      ] GC(411) - age   5:     102576 bytes,    2924608 total
[2023-11-16T06:18:50.921+0000][7][gc,age      ] GC(411) - age   6:     127080 bytes,    3051688 total
[2023-11-16T06:18:50.921+0000][7][gc,age      ] GC(411) - age   7:     142672 bytes,    3194360 total
[2023-11-16T06:18:50.921+0000][7][gc,age      ] GC(411) - age   8:       3472 bytes,    3197832 total
[2023-11-16T06:18:50.921+0000][7][gc,age      ] GC(411) - age   9:     152952 bytes,    3350784 total
[2023-11-16T06:18:50.921+0000][7][gc,age      ] GC(411) - age  10:       1872 bytes,    3352656 total
[2023-11-16T06:18:50.921+0000][7][gc,age      ] GC(411) - age  11:       4440 bytes,    3357096 total
[2023-11-16T06:18:50.921+0000][7][gc,age      ] GC(411) - age  12:       1136 bytes,    3358232 total
[2023-11-16T06:18:50.921+0000][7][gc,age      ] GC(411) - age  13:       5048 bytes,    3363280 total
[2023-11-16T06:18:50.921+0000][7][gc,age      ] GC(411) - age  15:        456 bytes,    3363736 total
[2023-11-16T06:18:50.921+0000][7][gc,phases   ] GC(411)   Pre Evacuate Collection Set: 0.1ms
[2023-11-16T06:18:50.921+0000][7][gc,phases   ] GC(411)   Merge Heap Roots: 0.0ms
[2023-11-16T06:18:50.921+0000][7][gc,phases   ] GC(411)   Evacuate Collection Set: 1.5ms
[2023-11-16T06:18:50.921+0000][7][gc,phases   ] GC(411)   Post Evacuate Collection Set: 0.8ms
[2023-11-16T06:18:50.921+0000][7][gc,phases   ] GC(411)   Other: 0.4ms
[2023-11-16T06:18:50.921+0000][7][gc,heap     ] GC(411) Eden regions: 67->0(67)
[2023-11-16T06:18:50.921+0000][7][gc,heap     ] GC(411) Survivor regions: 1->1(9)
[2023-11-16T06:18:50.921+0000][7][gc,heap     ] GC(411) Old regions: 31->31
[2023-11-16T06:18:50.921+0000][7][gc,heap     ] GC(411) Archive regions: 2->2
[2023-11-16T06:18:50.921+0000][7][gc,heap     ] GC(411) Humongous regions: 5->5
[2023-11-16T06:18:50.921+0000][7][gc,metaspace] GC(411) Metaspace: 120298K(122112K)->120298K(122112K) NonClass: 104437K(105472K)->104437K(105472K) Class: 15861K(16640K)->15861K(16640K)
[2023-11-16T06:18:50.921+0000][7][gc          ] GC(411) Pause Young (Normal) (G1 Evacuation Pause) 417M->149M(512M) 2.764ms
[2023-11-16T06:18:50.921+0000][7][gc,cpu      ] GC(411) User=0.01s Sys=0.00s Real=0.01s
[2023-11-16T06:18:50.921+0000][7][safepoint   ] Safepoint "G1CollectForAllocation", Time since last: 2689856640 ns, Reaching safepoint: 48827 ns, At safepoint: 2919039 ns, Total: 2967866 ns
[2023-11-16T06:18:52.921+0000][7][safepoint   ] Safepoint "Cleanup", Time since last: 2000271387 ns, Reaching safepoint: 62596 ns, At safepoint: 6324 ns, Total: 68920 ns
[2023-11-16T06:18:54.957+0000][7][gc,start    ] GC(412) Pause Young (Normal) (G1 Evacuation Pause)
[2023-11-16T06:18:54.957+0000][7][gc,task     ] GC(412) Using 8 workers of 8 for evacuation
[2023-11-16T06:18:54.957+0000][7][gc,age      ] GC(412) Desired survivor size 18874368 bytes, new threshold 15 (max threshold 15)
[2023-11-16T06:18:54.960+0000][7][gc,age      ] GC(412) Age table with threshold 15 (max threshold 15)
[2023-11-16T06:18:54.960+0000][7][gc,age      ] GC(412) - age   1:    1332624 bytes,    1332624 total
[2023-11-16T06:18:54.960+0000][7][gc,age      ] GC(412) - age   2:     819248 bytes,    2151872 total
[2023-11-16T06:18:54.960+0000][7][gc,age      ] GC(412) - age   3:     435088 bytes,    2586960 total
[2023-11-16T06:18:54.960+0000][7][gc,age      ] GC(412) - age   4:     137360 bytes,    2724320 total
[2023-11-16T06:18:54.960+0000][7][gc,age      ] GC(412) - age   5:     147008 bytes,    2871328 total
[2023-11-16T06:18:54.960+0000][7][gc,age      ] GC(412) - age   6:     102576 bytes,    2973904 total
[2023-11-16T06:18:54.960+0000][7][gc,age      ] GC(412) - age   7:     127080 bytes,    3100984 total
[2023-11-16T06:18:54.960+0000][7][gc,age      ] GC(412) - age   8:     142576 bytes,    3243560 total
[2023-11-16T06:18:54.960+0000][7][gc,age      ] GC(412) - age   9:       2704 bytes,    3246264 total
[2023-11-16T06:18:54.960+0000][7][gc,age      ] GC(412) - age  10:      26576 bytes,    3272840 total
[2023-11-16T06:18:54.960+0000][7][gc,age      ] GC(412) - age  11:       1872 bytes,    3274712 total
[2023-11-16T06:18:54.960+0000][7][gc,age      ] GC(412) - age  12:       4440 bytes,    3279152 total
[2023-11-16T06:18:54.960+0000][7][gc,age      ] GC(412) - age  13:       1136 bytes,    3280288 total
[2023-11-16T06:18:54.960+0000][7][gc,age      ] GC(412) - age  14:       5048 bytes,    3285336 total
[2023-11-16T06:18:54.960+0000][7][gc,phases   ] GC(412)   Pre Evacuate Collection Set: 0.1ms
[2023-11-16T06:18:54.960+0000][7][gc,phases   ] GC(412)   Merge Heap Roots: 0.0ms
[2023-11-16T06:18:54.960+0000][7][gc,phases   ] GC(412)   Evacuate Collection Set: 1.6ms
[2023-11-16T06:18:54.960+0000][7][gc,phases   ] GC(412)   Post Evacuate Collection Set: 0.6ms
[2023-11-16T06:18:54.960+0000][7][gc,phases   ] GC(412)   Other: 0.3ms
[2023-11-16T06:18:54.960+0000][7][gc,heap     ] GC(412) Eden regions: 67->0(67)
[2023-11-16T06:18:54.960+0000][7][gc,heap     ] GC(412) Survivor regions: 1->1(9)
[2023-11-16T06:18:54.960+0000][7][gc,heap     ] GC(412) Old regions: 31->31
[2023-11-16T06:18:54.960+0000][7][gc,heap     ] GC(412) Archive regions: 2->2
[2023-11-16T06:18:54.960+0000][7][gc,heap     ] GC(412) Humongous regions: 5->5
[2023-11-16T06:18:54.960+0000][7][gc,metaspace] GC(412) Metaspace: 120299K(122112K)->120299K(122112K) NonClass: 104438K(105472K)->104438K(105472K) Class: 15861K(16640K)->15861K(16640K)
[2023-11-16T06:18:54.960+0000][7][gc          ] GC(412) Pause Young (Normal) (G1 Evacuation Pause) 417M->149M(512M) 2.684ms
[2023-11-16T06:18:54.960+0000][7][gc,cpu      ] GC(412) User=0.01s Sys=0.00s Real=0.01s
[2023-11-16T06:18:54.960+0000][7][safepoint   ] Safepoint "G1CollectForAllocation", Time since last: 2035876654 ns, Reaching safepoint: 62229 ns, At safepoint: 2750644 ns, Total: 2812873 ns
[2023-11-16T06:18:56.961+0000][7][safepoint   ] Safepoint "Cleanup", Time since last: 2000774882 ns, Reaching safepoint: 31961 ns, At safepoint: 4357 ns, Total: 36318 ns
[2023-11-16T06:19:01.058+0000][7][gc,start    ] GC(413) Pause Young (Normal) (G1 Evacuation Pause)
[2023-11-16T06:19:01.058+0000][7][gc,task     ] GC(413) Using 8 workers of 8 for evacuation
[2023-11-16T06:19:01.058+0000][7][gc,age      ] GC(413) Desired survivor size 18874368 bytes, new threshold 15 (max threshold 15)
[2023-11-16T06:19:01.061+0000][7][gc,age      ] GC(413) Age table with threshold 15 (max threshold 15)
[2023-11-16T06:19:01.061+0000][7][gc,age      ] GC(413) - age   1:    2469784 bytes,    2469784 total
[2023-11-16T06:19:01.061+0000][7][gc,age      ] GC(413) - age   2:     337960 bytes,    2807744 total
[2023-11-16T06:19:01.061+0000][7][gc,age      ] GC(413) - age   3:     130752 bytes,    2938496 total
[2023-11-16T06:19:01.061+0000][7][gc,age      ] GC(413) - age   4:     427136 bytes,    3365632 total
[2023-11-16T06:19:01.061+0000][7][gc,age      ] GC(413) - age   5:     136752 bytes,    3502384 total
[2023-11-16T06:19:01.061+0000][7][gc,age      ] GC(413) - age   6:     146880 bytes,    3649264 total
[2023-11-16T06:19:01.061+0000][7][gc,age      ] GC(413) - age   7:     102104 bytes,    3751368 total
[2023-11-16T06:19:01.061+0000][7][gc,age      ] GC(413) - age   8:     127048 bytes,    3878416 total
[2023-11-16T06:19:01.061+0000][7][gc,age      ] GC(413) - age   9:     141968 bytes,    4020384 total
[2023-11-16T06:19:01.061+0000][7][gc,age      ] GC(413) - age  10:       2640 bytes,    4023024 total
[2023-11-16T06:19:01.061+0000][7][gc,age      ] GC(413) - age  11:      26576 bytes,    4049600 total
[2023-11-16T06:19:01.061+0000][7][gc,age      ] GC(413) - age  12:       1872 bytes,    4051472 total
[2023-11-16T06:19:01.061+0000][7][gc,age      ] GC(413) - age  13:       4440 bytes,    4055912 total
[2023-11-16T06:19:01.061+0000][7][gc,age      ] GC(413) - age  14:       1136 bytes,    4057048 total
[2023-11-16T06:19:01.061+0000][7][gc,age      ] GC(413) - age  15:       5048 bytes,    4062096 total
[2023-11-16T06:19:01.061+0000][7][gc,phases   ] GC(413)   Pre Evacuate Collection Set: 0.1ms
[2023-11-16T06:19:01.061+0000][7][gc,phases   ] GC(413)   Merge Heap Roots: 0.1ms
[2023-11-16T06:19:01.061+0000][7][gc,phases   ] GC(413)   Evacuate Collection Set: 1.8ms
[2023-11-16T06:19:01.061+0000][7][gc,phases   ] GC(413)   Post Evacuate Collection Set: 0.8ms
[2023-11-16T06:19:01.061+0000][7][gc,phases   ] GC(413)   Other: 0.3ms
[2023-11-16T06:19:01.061+0000][7][gc,heap     ] GC(413) Eden regions: 67->0(66)
[2023-11-16T06:19:01.061+0000][7][gc,heap     ] GC(413) Survivor regions: 1->2(9)
[2023-11-16T06:19:01.061+0000][7][gc,heap     ] GC(413) Old regions: 31->31
[2023-11-16T06:19:01.061+0000][7][gc,heap     ] GC(413) Archive regions: 2->2
[2023-11-16T06:19:01.061+0000][7][gc,heap     ] GC(413) Humongous regions: 5->5
[2023-11-16T06:19:01.061+0000][7][gc,metaspace] GC(413) Metaspace: 120302K(122112K)->120302K(122112K) NonClass: 104441K(105472K)->104441K(105472K) Class: 15861K(16640K)->15861K(16640K)
[2023-11-16T06:19:01.061+0000][7][gc          ] GC(413) Pause Young (Normal) (G1 Evacuation Pause) 417M->150M(512M) 3.054ms
[2023-11-16T06:19:01.061+0000][7][gc,cpu      ] GC(413) User=0.02s Sys=0.00s Real=0.01s
[2023-11-16T06:19:01.061+0000][7][safepoint   ] Safepoint "G1CollectForAllocation", Time since last: 4097315035 ns, Reaching safepoint: 35702 ns, At safepoint: 3162762 ns, Total: 3198464 ns
[2023-11-16T06:19:08.027+0000][7][gc,start    ] GC(414) Pause Young (Normal) (G1 Evacuation Pause)
[2023-11-16T06:19:08.027+0000][7][gc,task     ] GC(414) Using 8 workers of 8 for evacuation
[2023-11-16T06:19:08.027+0000][7][gc,age      ] GC(414) Desired survivor size 18874368 bytes, new threshold 15 (max threshold 15)
[2023-11-16T06:19:08.030+0000][7][gc,age      ] GC(414) Age table with threshold 15 (max threshold 15)
[2023-11-16T06:19:08.030+0000][7][gc,age      ] GC(414) - age   1:    1668704 bytes,    1668704 total
[2023-11-16T06:19:08.030+0000][7][gc,age      ] GC(414) - age   2:     404664 bytes,    2073368 total
[2023-11-16T06:19:08.030+0000][7][gc,age      ] GC(414) - age   3:     139320 bytes,    2212688 total
[2023-11-16T06:19:08.030+0000][7][gc,age      ] GC(414) - age   4:     129856 bytes,    2342544 total
[2023-11-16T06:19:08.030+0000][7][gc,age      ] GC(414) - age   5:     426504 bytes,    2769048 total
[2023-11-16T06:19:08.030+0000][7][gc,age      ] GC(414) - age   6:     136384 bytes,    2905432 total
[2023-11-16T06:19:08.030+0000][7][gc,age      ] GC(414) - age   7:      20448 bytes,    2925880 total
[2023-11-16T06:19:08.030+0000][7][gc,age      ] GC(414) - age   8:     101760 bytes,    3027640 total
[2023-11-16T06:19:08.030+0000][7][gc,age      ] GC(414) - age   9:     127048 bytes,    3154688 total
[2023-11-16T06:19:08.030+0000][7][gc,age      ] GC(414) - age  10:     141968 bytes,    3296656 total
[2023-11-16T06:19:08.030+0000][7][gc,age      ] GC(414) - age  11:       2640 bytes,    3299296 total
[2023-11-16T06:19:08.030+0000][7][gc,age      ] GC(414) - age  12:      26512 bytes,    3325808 total
[2023-11-16T06:19:08.030+0000][7][gc,age      ] GC(414) - age  13:       1872 bytes,    3327680 total
[2023-11-16T06:19:08.030+0000][7][gc,age      ] GC(414) - age  14:       4440 bytes,    3332120 total
[2023-11-16T06:19:08.030+0000][7][gc,age      ] GC(414) - age  15:       1136 bytes,    3333256 total
[2023-11-16T06:19:08.030+0000][7][gc,phases   ] GC(414)   Pre Evacuate Collection Set: 0.1ms
[2023-11-16T06:19:08.030+0000][7][gc,phases   ] GC(414)   Merge Heap Roots: 0.1ms
[2023-11-16T06:19:08.030+0000][7][gc,phases   ] GC(414)   Evacuate Collection Set: 1.8ms
[2023-11-16T06:19:08.030+0000][7][gc,phases   ] GC(414)   Post Evacuate Collection Set: 0.9ms
[2023-11-16T06:19:08.030+0000][7][gc,phases   ] GC(414)   Other: 0.3ms
[2023-11-16T06:19:08.030+0000][7][gc,heap     ] GC(414) Eden regions: 66->0(67)
[2023-11-16T06:19:08.030+0000][7][gc,heap     ] GC(414) Survivor regions: 2->1(9)
[2023-11-16T06:19:08.030+0000][7][gc,heap     ] GC(414) Old regions: 31->31
[2023-11-16T06:19:08.030+0000][7][gc,heap     ] GC(414) Archive regions: 2->2
[2023-11-16T06:19:08.030+0000][7][gc,heap     ] GC(414) Humongous regions: 5->5
[2023-11-16T06:19:08.030+0000][7][gc,metaspace] GC(414) Metaspace: 120302K(122112K)->120302K(122112K) NonClass: 104441K(105472K)->104441K(105472K) Class: 15861K(16640K)->15861K(16640K)
[2023-11-16T06:19:08.030+0000][7][gc          ] GC(414) Pause Young (Normal) (G1 Evacuation Pause) 414M->149M(512M) 3.160ms
[2023-11-16T06:19:08.030+0000][7][gc,cpu      ] GC(414) User=0.01s Sys=0.00s Real=0.01s
[2023-11-16T06:19:08.030+0000][7][safepoint   ] Safepoint "G1CollectForAllocation", Time since last: 6965402058 ns, Reaching safepoint: 26711 ns, At safepoint: 3250727 ns, Total: 3277438 ns
[2023-11-16T06:19:09.030+0000][7][safepoint   ] Safepoint "Cleanup", Time since last: 1000161679 ns, Reaching safepoint: 29780 ns, At safepoint: 5905 ns, Total: 35685 ns
[2023-11-16T06:19:12.104+0000][7][gc,start    ] GC(415) Pause Young (Normal) (G1 Evacuation Pause)
[2023-11-16T06:19:12.104+0000][7][gc,task     ] GC(415) Using 8 workers of 8 for evacuation
[2023-11-16T06:19:12.104+0000][7][gc,age      ] GC(415) Desired survivor size 18874368 bytes, new threshold 15 (max threshold 15)
[2023-11-16T06:19:12.107+0000][7][gc,age      ] GC(415) Age table with threshold 15 (max threshold 15)
[2023-11-16T06:19:12.107+0000][7][gc,age      ] GC(415) - age   1:    1618112 bytes,    1618112 total
[2023-11-16T06:19:12.107+0000][7][gc,age      ] GC(415) - age   2:     336184 bytes,    1954296 total
[2023-11-16T06:19:12.107+0000][7][gc,age      ] GC(415) - age   3:     401032 bytes,    2355328 total
[2023-11-16T06:19:12.107+0000][7][gc,age      ] GC(415) - age   4:     138784 bytes,    2494112 total
[2023-11-16T06:19:12.107+0000][7][gc,age      ] GC(415) - age   5:     129536 bytes,    2623648 total
[2023-11-16T06:19:12.107+0000][7][gc,age      ] GC(415) - age   6:     426432 bytes,    3050080 total
[2023-11-16T06:19:12.107+0000][7][gc,age      ] GC(415) - age   7:     136384 bytes,    3186464 total
[2023-11-16T06:19:12.107+0000][7][gc,age      ] GC(415) - age   8:      20352 bytes,    3206816 total
[2023-11-16T06:19:12.107+0000][7][gc,age      ] GC(415) - age   9:     101552 bytes,    3308368 total
[2023-11-16T06:19:12.107+0000][7][gc,age      ] GC(415) - age  10:        640 bytes,    3309008 total
[2023-11-16T06:19:12.107+0000][7][gc,age      ] GC(415) - age  11:     141968 bytes,    3450976 total
[2023-11-16T06:19:12.107+0000][7][gc,age      ] GC(415) - age  12:       2640 bytes,    3453616 total
[2023-11-16T06:19:12.107+0000][7][gc,age      ] GC(415) - age  13:      26512 bytes,    3480128 total
[2023-11-16T06:19:12.107+0000][7][gc,age      ] GC(415) - age  14:       1872 bytes,    3482000 total
[2023-11-16T06:19:12.107+0000][7][gc,age      ] GC(415) - age  15:       4440 bytes,    3486440 total
[2023-11-16T06:19:12.107+0000][7][gc,phases   ] GC(415)   Pre Evacuate Collection Set: 0.1ms
[2023-11-16T06:19:12.107+0000][7][gc,phases   ] GC(415)   Merge Heap Roots: 0.0ms
[2023-11-16T06:19:12.107+0000][7][gc,phases   ] GC(415)   Evacuate Collection Set: 2.3ms
[2023-11-16T06:19:12.107+0000][7][gc,phases   ] GC(415)   Post Evacuate Collection Set: 0.7ms
[2023-11-16T06:19:12.107+0000][7][gc,phases   ] GC(415)   Other: 0.4ms
[2023-11-16T06:19:12.107+0000][7][gc,heap     ] GC(415) Eden regions: 67->0(67)
[2023-11-16T06:19:12.107+0000][7][gc,heap     ] GC(415) Survivor regions: 1->1(9)
[2023-11-16T06:19:12.107+0000][7][gc,heap     ] GC(415) Old regions: 31->31
[2023-11-16T06:19:12.107+0000][7][gc,heap     ] GC(415) Archive regions: 2->2
[2023-11-16T06:19:12.107+0000][7][gc,heap     ] GC(415) Humongous regions: 5->5
[2023-11-16T06:19:12.107+0000][7][gc,metaspace] GC(415) Metaspace: 120310K(122112K)->120310K(122112K) NonClass: 104449K(105472K)->104449K(105472K) Class: 15861K(16640K)->15861K(16640K)
[2023-11-16T06:19:12.107+0000][7][gc          ] GC(415) Pause Young (Normal) (G1 Evacuation Pause) 417M->149M(512M) 3.606ms
[2023-11-16T06:19:12.107+0000][7][gc,cpu      ] GC(415) User=0.01s Sys=0.00s Real=0.00s
[2023-11-16T06:19:12.108+0000][7][safepoint   ] Safepoint "G1CollectForAllocation", Time since last: 3073441323 ns, Reaching safepoint: 65439 ns, At safepoint: 3722344 ns, Total: 3787783 ns
[2023-11-16T06:19:19.243+0000][7][gc,start    ] GC(416) Pause Young (Normal) (G1 Evacuation Pause)
[2023-11-16T06:19:19.244+0000][7][gc,task     ] GC(416) Using 8 workers of 8 for evacuation
[2023-11-16T06:19:19.244+0000][7][gc,age      ] GC(416) Desired survivor size 18874368 bytes, new threshold 15 (max threshold 15)
[2023-11-16T06:19:19.246+0000][7][gc,age      ] GC(416) Age table with threshold 15 (max threshold 15)
[2023-11-16T06:19:19.246+0000][7][gc,age      ] GC(416) - age   1:    2295920 bytes,    2295920 total
[2023-11-16T06:19:19.246+0000][7][gc,age      ] GC(416) - age   2:     506400 bytes,    2802320 total
[2023-11-16T06:19:19.246+0000][7][gc,age      ] GC(416) - age   3:     333736 bytes,    3136056 total
[2023-11-16T06:19:19.246+0000][7][gc,age      ] GC(416) - age   4:     399624 bytes,    3535680 total
[2023-11-16T06:19:19.246+0000][7][gc,age      ] GC(416) - age   5:     138752 bytes,    3674432 total
[2023-11-16T06:19:19.246+0000][7][gc,age      ] GC(416) - age   6:     129344 bytes,    3803776 total
[2023-11-16T06:19:19.246+0000][7][gc,age      ] GC(416) - age   7:     426240 bytes,    4230016 total
[2023-11-16T06:19:19.246+0000][7][gc,age      ] GC(416) - age   8:     136384 bytes,    4366400 total
[2023-11-16T06:19:19.246+0000][7][gc,age      ] GC(416) - age   9:      20352 bytes,    4386752 total
[2023-11-16T06:19:19.246+0000][7][gc,age      ] GC(416) - age  10:     101552 bytes,    4488304 total
[2023-11-16T06:19:19.246+0000][7][gc,age      ] GC(416) - age  11:        480 bytes,    4488784 total
[2023-11-16T06:19:19.246+0000][7][gc,age      ] GC(416) - age  12:     141968 bytes,    4630752 total
[2023-11-16T06:19:19.246+0000][7][gc,age      ] GC(416) - age  13:       2640 bytes,    4633392 total
[2023-11-16T06:19:19.246+0000][7][gc,age      ] GC(416) - age  14:      26480 bytes,    4659872 total
[2023-11-16T06:19:19.247+0000][7][gc,age      ] GC(416) - age  15:       1872 bytes,    4661744 total
[2023-11-16T06:19:19.247+0000][7][gc,phases   ] GC(416)   Pre Evacuate Collection Set: 0.1ms
[2023-11-16T06:19:19.247+0000][7][gc,phases   ] GC(416)   Merge Heap Roots: 0.0ms
[2023-11-16T06:19:19.247+0000][7][gc,phases   ] GC(416)   Evacuate Collection Set: 2.0ms
[2023-11-16T06:19:19.247+0000][7][gc,phases   ] GC(416)   Post Evacuate Collection Set: 0.7ms
[2023-11-16T06:19:19.247+0000][7][gc,phases   ] GC(416)   Other: 0.3ms
[2023-11-16T06:19:19.247+0000][7][gc,heap     ] GC(416) Eden regions: 67->0(66)
[2023-11-16T06:19:19.247+0000][7][gc,heap     ] GC(416) Survivor regions: 1->2(9)
[2023-11-16T06:19:19.247+0000][7][gc,heap     ] GC(416) Old regions: 31->31
[2023-11-16T06:19:19.247+0000][7][gc,heap     ] GC(416) Archive regions: 2->2
[2023-11-16T06:19:19.247+0000][7][gc,heap     ] GC(416) Humongous regions: 5->5
[2023-11-16T06:19:19.247+0000][7][gc,metaspace] GC(416) Metaspace: 120310K(122112K)->120310K(122112K) NonClass: 104449K(105472K)->104449K(105472K) Class: 15861K(16640K)->15861K(16640K)
[2023-11-16T06:19:19.247+0000][7][gc          ] GC(416) Pause Young (Normal) (G1 Evacuation Pause) 417M->150M(512M) 3.105ms
[2023-11-16T06:19:19.247+0000][7][gc,cpu      ] GC(416) User=0.02s Sys=0.00s Real=0.00s
[2023-11-16T06:19:19.247+0000][7][safepoint   ] Safepoint "G1CollectForAllocation", Time since last: 7135837656 ns, Reaching safepoint: 78515 ns, At safepoint: 3210208 ns, Total: 3288723 ns
[2023-11-16T06:19:23.247+0000][7][safepoint   ] Safepoint "Cleanup", Time since last: 4000612046 ns, Reaching safepoint: 68986 ns, At safepoint: 7513 ns, Total: 76499 ns
[2023-11-16T06:19:25.750+0000][7][gc,start    ] GC(417) Pause Young (Normal) (G1 Evacuation Pause)
[2023-11-16T06:19:25.750+0000][7][gc,task     ] GC(417) Using 8 workers of 8 for evacuation
[2023-11-16T06:19:25.750+0000][7][gc,age      ] GC(417) Desired survivor size 18874368 bytes, new threshold 15 (max threshold 15)
[2023-11-16T06:19:25.753+0000][7][gc,age      ] GC(417) Age table with threshold 15 (max threshold 15)
[2023-11-16T06:19:25.753+0000][7][gc,age      ] GC(417) - age   1:    1595944 bytes,    1595944 total
[2023-11-16T06:19:25.753+0000][7][gc,age      ] GC(417) - age   2:       5472 bytes,    1601416 total
[2023-11-16T06:19:25.753+0000][7][gc,age      ] GC(417) - age   3:     165176 bytes,    1766592 total
[2023-11-16T06:19:25.753+0000][7][gc,age      ] GC(417) - age   4:     126136 bytes,    1892728 total
[2023-11-16T06:19:25.753+0000][7][gc,age      ] GC(417) - age   5:     179400 bytes,    2072128 total
[2023-11-16T06:19:25.753+0000][7][gc,age      ] GC(417) - age   6:     132280 bytes,    2204408 total
[2023-11-16T06:19:25.753+0000][7][gc,age      ] GC(417) - age   7:     128920 bytes,    2333328 total
[2023-11-16T06:19:25.753+0000][7][gc,age      ] GC(417) - age   8:     426240 bytes,    2759568 total
[2023-11-16T06:19:25.753+0000][7][gc,age      ] GC(417) - age   9:     129008 bytes,    2888576 total
[2023-11-16T06:19:25.753+0000][7][gc,age      ] GC(417) - age  10:        464 bytes,    2889040 total
[2023-11-16T06:19:25.753+0000][7][gc,age      ] GC(417) - age  11:        392 bytes,    2889432 total
[2023-11-16T06:19:25.753+0000][7][gc,age      ] GC(417) - age  12:        336 bytes,    2889768 total
[2023-11-16T06:19:25.753+0000][7][gc,age      ] GC(417) - age  13:      16824 bytes,    2906592 total
[2023-11-16T06:19:25.753+0000][7][gc,age      ] GC(417) - age  14:       1280 bytes,    2907872 total
[2023-11-16T06:19:25.753+0000][7][gc,age      ] GC(417) - age  15:      26480 bytes,    2934352 total
[2023-11-16T06:19:25.753+0000][7][gc,phases   ] GC(417)   Pre Evacuate Collection Set: 0.1ms
[2023-11-16T06:19:25.753+0000][7][gc,phases   ] GC(417)   Merge Heap Roots: 0.1ms
[2023-11-16T06:19:25.753+0000][7][gc,phases   ] GC(417)   Evacuate Collection Set: 2.2ms
[2023-11-16T06:19:25.753+0000][7][gc,phases   ] GC(417)   Post Evacuate Collection Set: 0.8ms
[2023-11-16T06:19:25.753+0000][7][gc,phases   ] GC(417)   Other: 0.2ms
[2023-11-16T06:19:25.753+0000][7][gc,heap     ] GC(417) Eden regions: 66->0(67)
[2023-11-16T06:19:25.753+0000][7][gc,heap     ] GC(417) Survivor regions: 2->1(9)
[2023-11-16T06:19:25.753+0000][7][gc,heap     ] GC(417) Old regions: 31->31
[2023-11-16T06:19:25.753+0000][7][gc,heap     ] GC(417) Archive regions: 2->2
[2023-11-16T06:19:25.753+0000][7][gc,heap     ] GC(417) Humongous regions: 5->5
[2023-11-16T06:19:25.753+0000][7][gc,metaspace] GC(417) Metaspace: 120313K(122112K)->120313K(122112K) NonClass: 104451K(105472K)->104451K(105472K) Class: 15861K(16640K)->15861K(16640K)
[2023-11-16T06:19:25.753+0000][7][gc          ] GC(417) Pause Young (Normal) (G1 Evacuation Pause) 414M->149M(512M) 3.489ms
[2023-11-16T06:19:25.753+0000][7][gc,cpu      ] GC(417) User=0.02s Sys=0.00s Real=0.00s
[2023-11-16T06:19:25.753+0000][7][safepoint   ] Safepoint "G1CollectForAllocation", Time since last: 2502375179 ns, Reaching safepoint: 55846 ns, At safepoint: 3568226 ns, Total: 3624072 ns
[2023-11-16T06:19:31.286+0000][7][gc,start    ] GC(418) Pause Young (Normal) (G1 Evacuation Pause)
[2023-11-16T06:19:31.286+0000][7][gc,task     ] GC(418) Using 8 workers of 8 for evacuation
[2023-11-16T06:19:31.286+0000][7][gc,age      ] GC(418) Desired survivor size 18874368 bytes, new threshold 15 (max threshold 15)
[2023-11-16T06:19:31.288+0000][7][gc,age      ] GC(418) Age table with threshold 15 (max threshold 15)
[2023-11-16T06:19:31.288+0000][7][gc,age      ] GC(418) - age   1:    1148288 bytes,    1148288 total
[2023-11-16T06:19:31.288+0000][7][gc,age      ] GC(418) - age   2:     346832 bytes,    1495120 total
[2023-11-16T06:19:31.288+0000][7][gc,age      ] GC(418) - age   3:       3656 bytes,    1498776 total
[2023-11-16T06:19:31.288+0000][7][gc,age      ] GC(418) - age   4:     163968 bytes,    1662744 total
[2023-11-16T06:19:31.288+0000][7][gc,age      ] GC(418) - age   5:     125816 bytes,    1788560 total
[2023-11-16T06:19:31.288+0000][7][gc,age      ] GC(418) - age   6:     173168 bytes,    1961728 total
[2023-11-16T06:19:31.288+0000][7][gc,age      ] GC(418) - age   7:     132216 bytes,    2093944 total
[2023-11-16T06:19:31.288+0000][7][gc,age      ] GC(418) - age   8:     128568 bytes,    2222512 total
[2023-11-16T06:19:31.288+0000][7][gc,age      ] GC(418) - age   9:     426176 bytes,    2648688 total
[2023-11-16T06:19:31.288+0000][7][gc,age      ] GC(418) - age  10:       2632 bytes,    2651320 total
[2023-11-16T06:19:31.288+0000][7][gc,age      ] GC(418) - age  11:        144 bytes,    2651464 total
[2023-11-16T06:19:31.288+0000][7][gc,age      ] GC(418) - age  12:        360 bytes,    2651824 total
[2023-11-16T06:19:31.288+0000][7][gc,age      ] GC(418) - age  13:        336 bytes,    2652160 total
[2023-11-16T06:19:31.288+0000][7][gc,age      ] GC(418) - age  14:      16824 bytes,    2668984 total
[2023-11-16T06:19:31.288+0000][7][gc,age      ] GC(418) - age  15:       1160 bytes,    2670144 total
[2023-11-16T06:19:31.288+0000][7][gc,phases   ] GC(418)   Pre Evacuate Collection Set: 0.1ms
[2023-11-16T06:19:31.288+0000][7][gc,phases   ] GC(418)   Merge Heap Roots: 0.0ms
[2023-11-16T06:19:31.288+0000][7][gc,phases   ] GC(418)   Evacuate Collection Set: 1.5ms
[2023-11-16T06:19:31.288+0000][7][gc,phases   ] GC(418)   Post Evacuate Collection Set: 0.7ms
[2023-11-16T06:19:31.288+0000][7][gc,phases   ] GC(418)   Other: 0.2ms
[2023-11-16T06:19:31.288+0000][7][gc,heap     ] GC(418) Eden regions: 67->0(67)
[2023-11-16T06:19:31.288+0000][7][gc,heap     ] GC(418) Survivor regions: 1->1(9)
[2023-11-16T06:19:31.288+0000][7][gc,heap     ] GC(418) Old regions: 31->31
[2023-11-16T06:19:31.288+0000][7][gc,heap     ] GC(418) Archive regions: 2->2
[2023-11-16T06:19:31.288+0000][7][gc,heap     ] GC(418) Humongous regions: 5->5
[2023-11-16T06:19:31.288+0000][7][gc,metaspace] GC(418) Metaspace: 120314K(122112K)->120314K(122112K) NonClass: 104452K(105472K)->104452K(105472K) Class: 15862K(16640K)->15862K(16640K)
[2023-11-16T06:19:31.288+0000][7][gc          ] GC(418) Pause Young (Normal) (G1 Evacuation Pause) 417M->148M(512M) 2.605ms
[2023-11-16T06:19:31.288+0000][7][gc,cpu      ] GC(418) User=0.01s Sys=0.00s Real=0.00s
[2023-11-16T06:19:31.288+0000][7][safepoint   ] Safepoint "G1CollectForAllocation", Time since last: 5532213476 ns, Reaching safepoint: 26946 ns, At safepoint: 2698255 ns, Total: 2725201 ns
[2023-11-16T06:19:37.442+0000][7][gc,start    ] GC(419) Pause Young (Normal) (G1 Evacuation Pause)
[2023-11-16T06:19:37.442+0000][7][gc,task     ] GC(419) Using 8 workers of 8 for evacuation
[2023-11-16T06:19:37.442+0000][7][gc,age      ] GC(419) Desired survivor size 18874368 bytes, new threshold 15 (max threshold 15)
[2023-11-16T06:19:37.444+0000][7][gc,age      ] GC(419) Age table with threshold 15 (max threshold 15)
[2023-11-16T06:19:37.445+0000][7][gc,age      ] GC(419) - age   1:    2637880 bytes,    2637880 total
[2023-11-16T06:19:37.445+0000][7][gc,age      ] GC(419) - age   2:     542544 bytes,    3180424 total
[2023-11-16T06:19:37.445+0000][7][gc,age      ] GC(419) - age   3:     328936 bytes,    3509360 total
[2023-11-16T06:19:37.445+0000][7][gc,age      ] GC(419) - age   4:       2832 bytes,    3512192 total
[2023-11-16T06:19:37.445+0000][7][gc,age      ] GC(419) - age   5:     163816 bytes,    3676008 total
[2023-11-16T06:19:37.445+0000][7][gc,age      ] GC(419) - age   6:     125536 bytes,    3801544 total
[2023-11-16T06:19:37.445+0000][7][gc,age      ] GC(419) - age   7:     172984 bytes,    3974528 total
[2023-11-16T06:19:37.445+0000][7][gc,age      ] GC(419) - age   8:     132024 bytes,    4106552 total
[2023-11-16T06:19:37.445+0000][7][gc,age      ] GC(419) - age   9:     128312 bytes,    4234864 total
[2023-11-16T06:19:37.445+0000][7][gc,age      ] GC(419) - age  10:     425520 bytes,    4660384 total
[2023-11-16T06:19:37.445+0000][7][gc,age      ] GC(419) - age  11:       2600 bytes,    4662984 total
[2023-11-16T06:19:37.445+0000][7][gc,age      ] GC(419) - age  12:         16 bytes,    4663000 total
[2023-11-16T06:19:37.445+0000][7][gc,age      ] GC(419) - age  13:        296 bytes,    4663296 total
[2023-11-16T06:19:37.445+0000][7][gc,age      ] GC(419) - age  14:        336 bytes,    4663632 total
[2023-11-16T06:19:37.445+0000][7][gc,age      ] GC(419) - age  15:      16792 bytes,    4680424 total
[2023-11-16T06:19:37.445+0000][7][gc,phases   ] GC(419)   Pre Evacuate Collection Set: 0.1ms
[2023-11-16T06:19:37.445+0000][7][gc,phases   ] GC(419)   Merge Heap Roots: 0.0ms
[2023-11-16T06:19:37.445+0000][7][gc,phases   ] GC(419)   Evacuate Collection Set: 2.1ms
[2023-11-16T06:19:37.445+0000][7][gc,phases   ] GC(419)   Post Evacuate Collection Set: 0.5ms
[2023-11-16T06:19:37.445+0000][7][gc,phases   ] GC(419)   Other: 0.2ms
[2023-11-16T06:19:37.445+0000][7][gc,heap     ] GC(419) Eden regions: 67->0(66)
[2023-11-16T06:19:37.445+0000][7][gc,heap     ] GC(419) Survivor regions: 1->2(9)
[2023-11-16T06:19:37.445+0000][7][gc,heap     ] GC(419) Old regions: 31->31
[2023-11-16T06:19:37.445+0000][7][gc,heap     ] GC(419) Archive regions: 2->2
[2023-11-16T06:19:37.445+0000][7][gc,heap     ] GC(419) Humongous regions: 5->5
[2023-11-16T06:19:37.445+0000][7][gc,metaspace] GC(419) Metaspace: 120314K(122112K)->120314K(122112K) NonClass: 104452K(105472K)->104452K(105472K) Class: 15862K(16640K)->15862K(16640K)
[2023-11-16T06:19:37.445+0000][7][gc          ] GC(419) Pause Young (Normal) (G1 Evacuation Pause) 416M->150M(512M) 3.026ms
[2023-11-16T06:19:37.445+0000][7][gc,cpu      ] GC(419) User=0.02s Sys=0.00s Real=0.00s
[2023-11-16T06:19:37.445+0000][7][safepoint   ] Safepoint "G1CollectForAllocation", Time since last: 6153243307 ns, Reaching safepoint: 55152 ns, At safepoint: 3109701 ns, Total: 3164853 ns
[2023-11-16T06:19:44.445+0000][7][safepoint   ] Safepoint "Cleanup", Time since last: 7000655203 ns, Reaching safepoint: 96886 ns, At safepoint: 7885 ns, Total: 104771 ns
[2023-11-16T06:19:51.491+0000][7][gc,start    ] GC(420) Pause Young (Normal) (G1 Evacuation Pause)
[2023-11-16T06:19:51.491+0000][7][gc,task     ] GC(420) Using 8 workers of 8 for evacuation
[2023-11-16T06:19:51.491+0000][7][gc,age      ] GC(420) Desired survivor size 18874368 bytes, new threshold 15 (max threshold 15)
[2023-11-16T06:19:51.494+0000][7][gc,age      ] GC(420) Age table with threshold 15 (max threshold 15)
[2023-11-16T06:19:51.494+0000][7][gc,age      ] GC(420) - age   1:    1800760 bytes,    1800760 total
[2023-11-16T06:19:51.494+0000][7][gc,age      ] GC(420) - age   2:      46312 bytes,    1847072 total
[2023-11-16T06:19:51.494+0000][7][gc,age      ] GC(420) - age   3:     137184 bytes,    1984256 total
[2023-11-16T06:19:51.494+0000][7][gc,age      ] GC(420) - age   4:     236176 bytes,    2220432 total
[2023-11-16T06:19:51.494+0000][7][gc,age      ] GC(420) - age   5:       2496 bytes,    2222928 total
[2023-11-16T06:19:51.494+0000][7][gc,age      ] GC(420) - age   6:      37376 bytes,    2260304 total
[2023-11-16T06:19:51.494+0000][7][gc,age      ] GC(420) - age   7:     125536 bytes,    2385840 total
[2023-11-16T06:19:51.494+0000][7][gc,age      ] GC(420) - age   8:      32416 bytes,    2418256 total
[2023-11-16T06:19:51.494+0000][7][gc,age      ] GC(420) - age   9:     131960 bytes,    2550216 total
[2023-11-16T06:19:51.494+0000][7][gc,age      ] GC(420) - age  10:     127472 bytes,    2677688 total
[2023-11-16T06:19:51.494+0000][7][gc,age      ] GC(420) - age  11:     425456 bytes,    3103144 total
[2023-11-16T06:19:51.494+0000][7][gc,age      ] GC(420) - age  12:       2536 bytes,    3105680 total
[2023-11-16T06:19:51.494+0000][7][gc,age      ] GC(420) - age  13:         16 bytes,    3105696 total
[2023-11-16T06:19:51.494+0000][7][gc,age      ] GC(420) - age  14:        296 bytes,    3105992 total
[2023-11-16T06:19:51.494+0000][7][gc,age      ] GC(420) - age  15:        336 bytes,    3106328 total
[2023-11-16T06:19:51.494+0000][7][gc,phases   ] GC(420)   Pre Evacuate Collection Set: 0.1ms
[2023-11-16T06:19:51.494+0000][7][gc,phases   ] GC(420)   Merge Heap Roots: 0.0ms
[2023-11-16T06:19:51.494+0000][7][gc,phases   ] GC(420)   Evacuate Collection Set: 2.0ms
[2023-11-16T06:19:51.494+0000][7][gc,phases   ] GC(420)   Post Evacuate Collection Set: 0.7ms
[2023-11-16T06:19:51.494+0000][7][gc,phases   ] GC(420)   Other: 0.3ms
[2023-11-16T06:19:51.494+0000][7][gc,heap     ] GC(420) Eden regions: 66->0(67)
[2023-11-16T06:19:51.494+0000][7][gc,heap     ] GC(420) Survivor regions: 2->1(9)
[2023-11-16T06:19:51.494+0000][7][gc,heap     ] GC(420) Old regions: 31->31
[2023-11-16T06:19:51.494+0000][7][gc,heap     ] GC(420) Archive regions: 2->2
[2023-11-16T06:19:51.494+0000][7][gc,heap     ] GC(420) Humongous regions: 5->5
[2023-11-16T06:19:51.494+0000][7][gc,metaspace] GC(420) Metaspace: 120314K(122112K)->120314K(122112K) NonClass: 104452K(105472K)->104452K(105472K) Class: 15862K(16640K)->15862K(16640K)
[2023-11-16T06:19:51.494+0000][7][gc          ] GC(420) Pause Young (Normal) (G1 Evacuation Pause) 414M->149M(512M) 3.147ms
[2023-11-16T06:19:51.494+0000][7][gc,cpu      ] GC(420) User=0.02s Sys=0.00s Real=0.00s
[2023-11-16T06:19:51.494+0000][7][safepoint   ] Safepoint "G1CollectForAllocation", Time since last: 7045477024 ns, Reaching safepoint: 66381 ns, At safepoint: 3255904 ns, Total: 3322285 ns
[2023-11-16T06:19:55.495+0000][7][safepoint   ] Safepoint "Cleanup", Time since last: 4000540072 ns, Reaching safepoint: 102121 ns, At safepoint: 8132 ns, Total: 110253 ns
[2023-11-16T06:20:08.319+0000][7][gc,start    ] GC(421) Pause Young (Normal) (G1 Evacuation Pause)
[2023-11-16T06:20:08.319+0000][7][gc,task     ] GC(421) Using 8 workers of 8 for evacuation
[2023-11-16T06:20:08.319+0000][7][gc,age      ] GC(421) Desired survivor size 18874368 bytes, new threshold 15 (max threshold 15)
[2023-11-16T06:20:08.322+0000][7][gc,age      ] GC(421) Age table with threshold 15 (max threshold 15)
[2023-11-16T06:20:08.322+0000][7][gc,age      ] GC(421) - age   1:    1437832 bytes,    1437832 total
[2023-11-16T06:20:08.322+0000][7][gc,age      ] GC(421) - age   2:    1564488 bytes,    3002320 total
[2023-11-16T06:20:08.322+0000][7][gc,age      ] GC(421) - age   3:      45480 bytes,    3047800 total
[2023-11-16T06:20:08.322+0000][7][gc,age      ] GC(421) - age   4:     130600 bytes,    3178400 total
[2023-11-16T06:20:08.322+0000][7][gc,age      ] GC(421) - age   5:     227848 bytes,    3406248 total
[2023-11-16T06:20:08.322+0000][7][gc,age      ] GC(421) - age   6:       2112 bytes,    3408360 total
[2023-11-16T06:20:08.322+0000][7][gc,age      ] GC(421) - age   7:      37376 bytes,    3445736 total
[2023-11-16T06:20:08.322+0000][7][gc,age      ] GC(421) - age   8:     125536 bytes,    3571272 total
[2023-11-16T06:20:08.322+0000][7][gc,age      ] GC(421) - age   9:      32032 bytes,    3603304 total
[2023-11-16T06:20:08.322+0000][7][gc,age      ] GC(421) - age  10:     131592 bytes,    3734896 total
[2023-11-16T06:20:08.322+0000][7][gc,age      ] GC(421) - age  11:     127408 bytes,    3862304 total
[2023-11-16T06:20:08.322+0000][7][gc,age      ] GC(421) - age  12:     424536 bytes,    4286840 total
[2023-11-16T06:20:08.322+0000][7][gc,age      ] GC(421) - age  13:       2472 bytes,    4289312 total
[2023-11-16T06:20:08.322+0000][7][gc,age      ] GC(421) - age  14:         16 bytes,    4289328 total
[2023-11-16T06:20:08.322+0000][7][gc,age      ] GC(421) - age  15:        264 bytes,    4289592 total
[2023-11-16T06:20:08.322+0000][7][gc,phases   ] GC(421)   Pre Evacuate Collection Set: 0.1ms
[2023-11-16T06:20:08.322+0000][7][gc,phases   ] GC(421)   Merge Heap Roots: 0.1ms
[2023-11-16T06:20:08.322+0000][7][gc,phases   ] GC(421)   Evacuate Collection Set: 2.0ms
[2023-11-16T06:20:08.322+0000][7][gc,phases   ] GC(421)   Post Evacuate Collection Set: 0.5ms
[2023-11-16T06:20:08.322+0000][7][gc,phases   ] GC(421)   Other: 0.2ms
[2023-11-16T06:20:08.322+0000][7][gc,heap     ] GC(421) Eden regions: 67->0(66)
[2023-11-16T06:20:08.322+0000][7][gc,heap     ] GC(421) Survivor regions: 1->2(9)
[2023-11-16T06:20:08.322+0000][7][gc,heap     ] GC(421) Old regions: 31->31
[2023-11-16T06:20:08.322+0000][7][gc,heap     ] GC(421) Archive regions: 2->2
[2023-11-16T06:20:08.322+0000][7][gc,heap     ] GC(421) Humongous regions: 5->5
[2023-11-16T06:20:08.322+0000][7][gc,metaspace] GC(421) Metaspace: 120316K(122112K)->120316K(122112K) NonClass: 104454K(105472K)->104454K(105472K) Class: 15862K(16640K)->15862K(16640K)
[2023-11-16T06:20:08.322+0000][7][gc          ] GC(421) Pause Young (Normal) (G1 Evacuation Pause) 417M->150M(512M) 2.977ms
[2023-11-16T06:20:08.322+0000][7][gc,cpu      ] GC(421) User=0.01s Sys=0.00s Real=0.00s
[2023-11-16T06:20:08.322+0000][7][safepoint   ] Safepoint "G1CollectForAllocation", Time since last: 12823858883 ns, Reaching safepoint: 104626 ns, At safepoint: 3037228 ns, Total: 3141854 ns
[2023-11-16T06:20:11.322+0000][7][safepoint   ] Safepoint "Cleanup", Time since last: 3000284340 ns, Reaching safepoint: 80749 ns, At safepoint: 6495 ns, Total: 87244 ns
[2023-11-16T06:20:24.224+0000][7][gc,start    ] GC(422) Pause Young (Normal) (G1 Evacuation Pause)
[2023-11-16T06:20:24.224+0000][7][gc,task     ] GC(422) Using 8 workers of 8 for evacuation
[2023-11-16T06:20:24.224+0000][7][gc,age      ] GC(422) Desired survivor size 18874368 bytes, new threshold 15 (max threshold 15)
[2023-11-16T06:20:24.226+0000][7][gc,age      ] GC(422) Age table with threshold 15 (max threshold 15)
[2023-11-16T06:20:24.226+0000][7][gc,age      ] GC(422) - age   1:    1449480 bytes,    1449480 total
[2023-11-16T06:20:24.226+0000][7][gc,age      ] GC(422) - age   2:     361128 bytes,    1810608 total
[2023-11-16T06:20:24.226+0000][7][gc,age      ] GC(422) - age   3:    1360128 bytes,    3170736 total
[2023-11-16T06:20:24.226+0000][7][gc,age      ] GC(422) - age   4:       6304 bytes,    3177040 total
[2023-11-16T06:20:24.226+0000][7][gc,age      ] GC(422) - age   5:     130440 bytes,    3307480 total
[2023-11-16T06:20:24.226+0000][7][gc,age      ] GC(422) - age   6:     125576 bytes,    3433056 total
[2023-11-16T06:20:24.226+0000][7][gc,age      ] GC(422) - age   7:       1984 bytes,    3435040 total
[2023-11-16T06:20:24.226+0000][7][gc,age      ] GC(422) - age   8:      37224 bytes,    3472264 total
[2023-11-16T06:20:24.226+0000][7][gc,age      ] GC(422) - age   9:     125536 bytes,    3597800 total
[2023-11-16T06:20:24.226+0000][7][gc,age      ] GC(422) - age  10:      31872 bytes,    3629672 total
[2023-11-16T06:20:24.226+0000][7][gc,age      ] GC(422) - age  11:     131528 bytes,    3761200 total
[2023-11-16T06:20:24.226+0000][7][gc,age      ] GC(422) - age  12:     127344 bytes,    3888544 total
[2023-11-16T06:20:24.226+0000][7][gc,age      ] GC(422) - age  13:     424536 bytes,    4313080 total
[2023-11-16T06:20:24.226+0000][7][gc,age      ] GC(422) - age  14:       2408 bytes,    4315488 total
[2023-11-16T06:20:24.226+0000][7][gc,age      ] GC(422) - age  15:         16 bytes,    4315504 total
[2023-11-16T06:20:24.226+0000][7][gc,phases   ] GC(422)   Pre Evacuate Collection Set: 0.1ms
[2023-11-16T06:20:24.226+0000][7][gc,phases   ] GC(422)   Merge Heap Roots: 0.1ms
[2023-11-16T06:20:24.226+0000][7][gc,phases   ] GC(422)   Evacuate Collection Set: 1.7ms
[2023-11-16T06:20:24.226+0000][7][gc,phases   ] GC(422)   Post Evacuate Collection Set: 0.6ms
[2023-11-16T06:20:24.226+0000][7][gc,phases   ] GC(422)   Other: 0.3ms
[2023-11-16T06:20:24.226+0000][7][gc,heap     ] GC(422) Eden regions: 66->0(66)
[2023-11-16T06:20:24.226+0000][7][gc,heap     ] GC(422) Survivor regions: 2->2(9)
[2023-11-16T06:20:24.226+0000][7][gc,heap     ] GC(422) Old regions: 31->31
[2023-11-16T06:20:24.227+0000][7][gc,heap     ] GC(422) Archive regions: 2->2
[2023-11-16T06:20:24.227+0000][7][gc,heap     ] GC(422) Humongous regions: 5->5
[2023-11-16T06:20:24.227+0000][7][gc,metaspace] GC(422) Metaspace: 120316K(122112K)->120316K(122112K) NonClass: 104454K(105472K)->104454K(105472K) Class: 15862K(16640K)->15862K(16640K)
[2023-11-16T06:20:24.227+0000][7][gc          ] GC(422) Pause Young (Normal) (G1 Evacuation Pause) 414M->150M(512M) 2.797ms
[2023-11-16T06:20:24.227+0000][7][gc,cpu      ] GC(422) User=0.01s Sys=0.00s Real=0.00s
[2023-11-16T06:20:24.227+0000][7][safepoint   ] Safepoint "G1CollectForAllocation", Time since last: 12901364753 ns, Reaching safepoint: 78886 ns, At safepoint: 2858324 ns, Total: 2937210 ns
[2023-11-16T06:20:25.227+0000][7][safepoint   ] Safepoint "Cleanup", Time since last: 1000160243 ns, Reaching safepoint: 39664 ns, At safepoint: 5910 ns, Total: 45574 ns
[2023-11-16T06:20:40.735+0000][7][gc,start    ] GC(423) Pause Young (Normal) (G1 Evacuation Pause)
[2023-11-16T06:20:40.735+0000][7][gc,task     ] GC(423) Using 8 workers of 8 for evacuation
[2023-11-16T06:20:40.735+0000][7][gc,age      ] GC(423) Desired survivor size 18874368 bytes, new threshold 15 (max threshold 15)
[2023-11-16T06:20:40.738+0000][7][gc,age      ] GC(423) Age table with threshold 15 (max threshold 15)
[2023-11-16T06:20:40.738+0000][7][gc,age      ] GC(423) - age   1:    1173960 bytes,    1173960 total
[2023-11-16T06:20:40.738+0000][7][gc,age      ] GC(423) - age   2:     527992 bytes,    1701952 total
[2023-11-16T06:20:40.738+0000][7][gc,age      ] GC(423) - age   3:     257320 bytes,    1959272 total
[2023-11-16T06:20:40.738+0000][7][gc,age      ] GC(423) - age   4:    1215912 bytes,    3175184 total
[2023-11-16T06:20:40.738+0000][7][gc,age      ] GC(423) - age   5:       6056 bytes,    3181240 total
[2023-11-16T06:20:40.738+0000][7][gc,age      ] GC(423) - age   6:     130376 bytes,    3311616 total
[2023-11-16T06:20:40.738+0000][7][gc,age      ] GC(423) - age   7:     125576 bytes,    3437192 total
[2023-11-16T06:20:40.738+0000][7][gc,age      ] GC(423) - age   8:       1984 bytes,    3439176 total
[2023-11-16T06:20:40.738+0000][7][gc,age      ] GC(423) - age   9:      37224 bytes,    3476400 total
[2023-11-16T06:20:40.738+0000][7][gc,age      ] GC(423) - age  10:     125344 bytes,    3601744 total
[2023-11-16T06:20:40.738+0000][7][gc,age      ] GC(423) - age  11:      31808 bytes,    3633552 total
[2023-11-16T06:20:40.738+0000][7][gc,age      ] GC(423) - age  12:     131264 bytes,    3764816 total
[2023-11-16T06:20:40.738+0000][7][gc,age      ] GC(423) - age  13:     127280 bytes,    3892096 total
[2023-11-16T06:20:40.738+0000][7][gc,age      ] GC(423) - age  14:     424536 bytes,    4316632 total
[2023-11-16T06:20:40.738+0000][7][gc,age      ] GC(423) - age  15:       2408 bytes,    4319040 total
[2023-11-16T06:20:40.738+0000][7][gc,phases   ] GC(423)   Pre Evacuate Collection Set: 0.1ms
[2023-11-16T06:20:40.738+0000][7][gc,phases   ] GC(423)   Merge Heap Roots: 0.0ms
[2023-11-16T06:20:40.738+0000][7][gc,phases   ] GC(423)   Evacuate Collection Set: 2.0ms
[2023-11-16T06:20:40.738+0000][7][gc,phases   ] GC(423)   Post Evacuate Collection Set: 0.5ms
[2023-11-16T06:20:40.738+0000][7][gc,phases   ] GC(423)   Other: 0.3ms
[2023-11-16T06:20:40.738+0000][7][gc,heap     ] GC(423) Eden regions: 66->0(66)
[2023-11-16T06:20:40.738+0000][7][gc,heap     ] GC(423) Survivor regions: 2->2(9)
[2023-11-16T06:20:40.738+0000][7][gc,heap     ] GC(423) Old regions: 31->31
[2023-11-16T06:20:40.738+0000][7][gc,heap     ] GC(423) Archive regions: 2->2
[2023-11-16T06:20:40.738+0000][7][gc,heap     ] GC(423) Humongous regions: 5->5
[2023-11-16T06:20:40.738+0000][7][gc,metaspace] GC(423) Metaspace: 120322K(122112K)->120322K(122112K) NonClass: 104460K(105472K)->104460K(105472K) Class: 15862K(16640K)->15862K(16640K)
[2023-11-16T06:20:40.738+0000][7][gc          ] GC(423) Pause Young (Normal) (G1 Evacuation Pause) 414M->150M(512M) 2.963ms
[2023-11-16T06:20:40.738+0000][7][gc,cpu      ] GC(423) User=0.01s Sys=0.00s Real=0.00s
[2023-11-16T06:20:40.738+0000][7][safepoint   ] Safepoint "G1CollectForAllocation", Time since last: 15508094304 ns, Reaching safepoint: 48691 ns, At safepoint: 3071819 ns, Total: 3120510 ns
[2023-11-16T06:20:43.738+0000][7][safepoint   ] Safepoint "Cleanup", Time since last: 3000298020 ns, Reaching safepoint: 62660 ns, At safepoint: 4071 ns, Total: 66731 ns
[2023-11-16T06:20:51.739+0000][7][safepoint   ] Safepoint "Cleanup", Time since last: 8000597111 ns, Reaching safepoint: 106819 ns, At safepoint: 11539 ns, Total: 118358 ns
[2023-11-16T06:20:54.740+0000][7][safepoint   ] Safepoint "Cleanup", Time since last: 3000385863 ns, Reaching safepoint: 72249 ns, At safepoint: 6431 ns, Total: 78680 ns
[2023-11-16T06:20:57.577+0000][7][gc,start    ] GC(424) Pause Young (Normal) (G1 Evacuation Pause)
[2023-11-16T06:20:57.577+0000][7][gc,task     ] GC(424) Using 8 workers of 8 for evacuation
[2023-11-16T06:20:57.578+0000][7][gc,age      ] GC(424) Desired survivor size 18874368 bytes, new threshold 15 (max threshold 15)
[2023-11-16T06:20:57.581+0000][7][gc,age      ] GC(424) Age table with threshold 15 (max threshold 15)
[2023-11-16T06:20:57.581+0000][7][gc,age      ] GC(424) - age   1:    1850104 bytes,    1850104 total
[2023-11-16T06:20:57.581+0000][7][gc,age      ] GC(424) - age   2:     506784 bytes,    2356888 total
[2023-11-16T06:20:57.581+0000][7][gc,age      ] GC(424) - age   3:     504456 bytes,    2861344 total
[2023-11-16T06:20:57.581+0000][7][gc,age      ] GC(424) - age   4:     255664 bytes,    3117008 total
[2023-11-16T06:20:57.581+0000][7][gc,age      ] GC(424) - age   5:    1215040 bytes,    4332048 total
[2023-11-16T06:20:57.581+0000][7][gc,age      ] GC(424) - age   6:       5832 bytes,    4337880 total
[2023-11-16T06:20:57.581+0000][7][gc,age      ] GC(424) - age   7:     129736 bytes,    4467616 total
[2023-11-16T06:20:57.581+0000][7][gc,age      ] GC(424) - age   8:     125416 bytes,    4593032 total
[2023-11-16T06:20:57.581+0000][7][gc,age      ] GC(424) - age   9:       1792 bytes,    4594824 total
[2023-11-16T06:20:57.581+0000][7][gc,age      ] GC(424) - age  10:      37096 bytes,    4631920 total
[2023-11-16T06:20:57.581+0000][7][gc,age      ] GC(424) - age  11:     125280 bytes,    4757200 total
[2023-11-16T06:20:57.581+0000][7][gc,age      ] GC(424) - age  12:      31648 bytes,    4788848 total
[2023-11-16T06:20:57.581+0000][7][gc,age      ] GC(424) - age  13:     131080 bytes,    4919928 total
[2023-11-16T06:20:57.581+0000][7][gc,age      ] GC(424) - age  14:     127216 bytes,    5047144 total
[2023-11-16T06:20:57.581+0000][7][gc,age      ] GC(424) - age  15:     424536 bytes,    5471680 total
[2023-11-16T06:20:57.581+0000][7][gc,phases   ] GC(424)   Pre Evacuate Collection Set: 0.1ms
[2023-11-16T06:20:57.581+0000][7][gc,phases   ] GC(424)   Merge Heap Roots: 0.0ms
[2023-11-16T06:20:57.581+0000][7][gc,phases   ] GC(424)   Evacuate Collection Set: 2.7ms
[2023-11-16T06:20:57.581+0000][7][gc,phases   ] GC(424)   Post Evacuate Collection Set: 0.6ms
[2023-11-16T06:20:57.581+0000][7][gc,phases   ] GC(424)   Other: 0.3ms
[2023-11-16T06:20:57.581+0000][7][gc,heap     ] GC(424) Eden regions: 66->0(66)
[2023-11-16T06:20:57.581+0000][7][gc,heap     ] GC(424) Survivor regions: 2->2(9)
[2023-11-16T06:20:57.581+0000][7][gc,heap     ] GC(424) Old regions: 31->31
[2023-11-16T06:20:57.581+0000][7][gc,heap     ] GC(424) Archive regions: 2->2
[2023-11-16T06:20:57.581+0000][7][gc,heap     ] GC(424) Humongous regions: 5->5
[2023-11-16T06:20:57.581+0000][7][gc,metaspace] GC(424) Metaspace: 120326K(122112K)->120326K(122112K) NonClass: 104463K(105472K)->104463K(105472K) Class: 15862K(16640K)->15862K(16640K)
[2023-11-16T06:20:57.581+0000][7][gc          ] GC(424) Pause Young (Normal) (G1 Evacuation Pause) 414M->151M(512M) 3.810ms
[2023-11-16T06:20:57.581+0000][7][gc,cpu      ] GC(424) User=0.02s Sys=0.00s Real=0.01s
[2023-11-16T06:20:57.581+0000][7][safepoint   ] Safepoint "G1CollectForAllocation", Time since last: 2837764436 ns, Reaching safepoint: 102912 ns, At safepoint: 3889446 ns, Total: 3992358 ns
[2023-11-16T06:20:58.581+0000][7][safepoint   ] Safepoint "Cleanup", Time since last: 1000116805 ns, Reaching safepoint: 96128 ns, At safepoint: 4053 ns, Total: 100181 ns
[2023-11-16T06:21:04.863+0000][7][gc,start    ] GC(425) Pause Young (Normal) (G1 Evacuation Pause)
[2023-11-16T06:21:04.863+0000][7][gc,task     ] GC(425) Using 8 workers of 8 for evacuation
[2023-11-16T06:21:04.863+0000][7][gc,age      ] GC(425) Desired survivor size 18874368 bytes, new threshold 15 (max threshold 15)
[2023-11-16T06:21:04.869+0000][7][gc,age      ] GC(425) Age table with threshold 15 (max threshold 15)
[2023-11-16T06:21:04.869+0000][7][gc,age      ] GC(425) - age   1:    2274944 bytes,    2274944 total
[2023-11-16T06:21:04.869+0000][7][gc,age      ] GC(425) - age   2:      34080 bytes,    2309024 total
[2023-11-16T06:21:04.869+0000][7][gc,age      ] GC(425) - age   3:       2184 bytes,    2311208 total
[2023-11-16T06:21:04.869+0000][7][gc,age      ] GC(425) - age   4:     102280 bytes,    2413488 total
[2023-11-16T06:21:04.869+0000][7][gc,age      ] GC(425) - age   5:       7816 bytes,    2421304 total
[2023-11-16T06:21:04.869+0000][7][gc,age      ] GC(425) - age   6:     248448 bytes,    2669752 total
[2023-11-16T06:21:04.869+0000][7][gc,age      ] GC(425) - age   7:       3480 bytes,    2673232 total
[2023-11-16T06:21:04.869+0000][7][gc,age      ] GC(425) - age   8:     129736 bytes,    2802968 total
[2023-11-16T06:21:04.869+0000][7][gc,age      ] GC(425) - age   9:     125416 bytes,    2928384 total
[2023-11-16T06:21:04.869+0000][7][gc,age      ] GC(425) - age  10:       1792 bytes,    2930176 total
[2023-11-16T06:21:04.869+0000][7][gc,age      ] GC(425) - age  11:      37032 bytes,    2967208 total
[2023-11-16T06:21:04.869+0000][7][gc,age      ] GC(425) - age  12:     125248 bytes,    3092456 total
[2023-11-16T06:21:04.869+0000][7][gc,age      ] GC(425) - age  13:      31536 bytes,    3123992 total
[2023-11-16T06:21:04.869+0000][7][gc,age      ] GC(425) - age  14:     131080 bytes,    3255072 total
[2023-11-16T06:21:04.869+0000][7][gc,age      ] GC(425) - age  15:     127152 bytes,    3382224 total
[2023-11-16T06:21:04.869+0000][7][gc,phases   ] GC(425)   Pre Evacuate Collection Set: 0.1ms
[2023-11-16T06:21:04.869+0000][7][gc,phases   ] GC(425)   Merge Heap Roots: 0.0ms
[2023-11-16T06:21:04.869+0000][7][gc,phases   ] GC(425)   Evacuate Collection Set: 5.0ms
[2023-11-16T06:21:04.869+0000][7][gc,phases   ] GC(425)   Post Evacuate Collection Set: 0.6ms
[2023-11-16T06:21:04.869+0000][7][gc,phases   ] GC(425)   Other: 0.3ms
[2023-11-16T06:21:04.869+0000][7][gc,heap     ] GC(425) Eden regions: 66->0(67)
[2023-11-16T06:21:04.869+0000][7][gc,heap     ] GC(425) Survivor regions: 2->1(9)
[2023-11-16T06:21:04.869+0000][7][gc,heap     ] GC(425) Old regions: 31->31
[2023-11-16T06:21:04.869+0000][7][gc,heap     ] GC(425) Archive regions: 2->2
[2023-11-16T06:21:04.869+0000][7][gc,heap     ] GC(425) Humongous regions: 5->5
[2023-11-16T06:21:04.869+0000][7][gc,metaspace] GC(425) Metaspace: 120327K(122112K)->120327K(122112K) NonClass: 104464K(105472K)->104464K(105472K) Class: 15862K(16640K)->15862K(16640K)
[2023-11-16T06:21:04.869+0000][7][gc          ] GC(425) Pause Young (Normal) (G1 Evacuation Pause) 415M->150M(512M) 6.099ms
[2023-11-16T06:21:04.869+0000][7][gc,cpu      ] GC(425) User=0.01s Sys=0.01s Real=0.01s
[2023-11-16T06:21:04.869+0000][7][safepoint   ] Safepoint "G1CollectForAllocation", Time since last: 6281662772 ns, Reaching safepoint: 56219 ns, At safepoint: 6191579 ns, Total: 6247798 ns
[2023-11-16T06:21:05.870+0000][7][safepoint   ] Safepoint "Cleanup", Time since last: 1000106792 ns, Reaching safepoint: 71809 ns, At safepoint: 6314 ns, Total: 78123 ns
[2023-11-16T06:21:09.583+0000][7][gc,start    ] GC(426) Pause Young (Normal) (G1 Evacuation Pause)
[2023-11-16T06:21:09.583+0000][7][gc,task     ] GC(426) Using 8 workers of 8 for evacuation
[2023-11-16T06:21:09.583+0000][7][gc,age      ] GC(426) Desired survivor size 18874368 bytes, new threshold 15 (max threshold 15)
[2023-11-16T06:21:09.589+0000][7][gc,age      ] GC(426) Age table with threshold 15 (max threshold 15)
[2023-11-16T06:21:09.589+0000][7][gc,age      ] GC(426) - age   1:    1260384 bytes,    1260384 total
[2023-11-16T06:21:09.589+0000][7][gc,age      ] GC(426) - age   2:     613720 bytes,    1874104 total
[2023-11-16T06:21:09.589+0000][7][gc,age      ] GC(426) - age   3:      34016 bytes,    1908120 total
[2023-11-16T06:21:09.589+0000][7][gc,age      ] GC(426) - age   4:       2112 bytes,    1910232 total
[2023-11-16T06:21:09.589+0000][7][gc,age      ] GC(426) - age   5:     102216 bytes,    2012448 total
[2023-11-16T06:21:09.589+0000][7][gc,age      ] GC(426) - age   6:       7784 bytes,    2020232 total
[2023-11-16T06:21:09.589+0000][7][gc,age      ] GC(426) - age   7:     148912 bytes,    2169144 total
[2023-11-16T06:21:09.589+0000][7][gc,age      ] GC(426) - age   8:       2672 bytes,    2171816 total
[2023-11-16T06:21:09.589+0000][7][gc,age      ] GC(426) - age   9:     129360 bytes,    2301176 total
[2023-11-16T06:21:09.589+0000][7][gc,age      ] GC(426) - age  10:     125352 bytes,    2426528 total
[2023-11-16T06:21:09.589+0000][7][gc,age      ] GC(426) - age  11:       1792 bytes,    2428320 total
[2023-11-16T06:21:09.589+0000][7][gc,age      ] GC(426) - age  12:      36808 bytes,    2465128 total
[2023-11-16T06:21:09.589+0000][7][gc,age      ] GC(426) - age  13:         96 bytes,    2465224 total
[2023-11-16T06:21:09.589+0000][7][gc,age      ] GC(426) - age  14:      30176 bytes,    2495400 total
[2023-11-16T06:21:09.589+0000][7][gc,age      ] GC(426) - age  15:     131080 bytes,    2626480 total
[2023-11-16T06:21:09.589+0000][7][gc,phases   ] GC(426)   Pre Evacuate Collection Set: 0.1ms
[2023-11-16T06:21:09.589+0000][7][gc,phases   ] GC(426)   Merge Heap Roots: 0.0ms
[2023-11-16T06:21:09.589+0000][7][gc,phases   ] GC(426)   Evacuate Collection Set: 5.5ms
[2023-11-16T06:21:09.589+0000][7][gc,phases   ] GC(426)   Post Evacuate Collection Set: 0.6ms
[2023-11-16T06:21:09.589+0000][7][gc,phases   ] GC(426)   Other: 0.2ms
[2023-11-16T06:21:09.589+0000][7][gc,heap     ] GC(426) Eden regions: 67->0(67)
[2023-11-16T06:21:09.589+0000][7][gc,heap     ] GC(426) Survivor regions: 1->1(9)
[2023-11-16T06:21:09.589+0000][7][gc,heap     ] GC(426) Old regions: 31->31
[2023-11-16T06:21:09.589+0000][7][gc,heap     ] GC(426) Archive regions: 2->2
[2023-11-16T06:21:09.589+0000][7][gc,heap     ] GC(426) Humongous regions: 5->5
[2023-11-16T06:21:09.589+0000][7][gc,metaspace] GC(426) Metaspace: 120327K(122112K)->120327K(122112K) NonClass: 104465K(105472K)->104465K(105472K) Class: 15862K(16640K)->15862K(16640K)
[2023-11-16T06:21:09.589+0000][7][gc          ] GC(426) Pause Young (Normal) (G1 Evacuation Pause) 418M->149M(512M) 6.520ms
[2023-11-16T06:21:09.589+0000][7][gc,cpu      ] GC(426) User=0.01s Sys=0.01s Real=0.01s
[2023-11-16T06:21:09.589+0000][7][safepoint   ] Safepoint "G1CollectForAllocation", Time since last: 3713212871 ns, Reaching safepoint: 26916 ns, At safepoint: 6608454 ns, Total: 6635370 ns
[2023-11-16T06:21:11.590+0000][7][safepoint   ] Safepoint "Cleanup", Time since last: 2000195609 ns, Reaching safepoint: 109365 ns, At safepoint: 12012 ns, Total: 121377 ns
[2023-11-16T06:21:12.590+0000][7][safepoint   ] Safepoint "Cleanup", Time since last: 1000344244 ns, Reaching safepoint: 41108 ns, At safepoint: 4295 ns, Total: 45403 ns
[2023-11-16T06:21:13.591+0000][7][safepoint   ] Safepoint "Cleanup", Time since last: 1000262958 ns, Reaching safepoint: 242598 ns, At safepoint: 7056 ns, Total: 249654 ns
[2023-11-16T06:21:15.234+0000][7][safepoint   ] Safepoint "Cleanup", Time since last: 1643503222 ns, Reaching safepoint: 200211 ns, At safepoint: 6522 ns, Total: 206733 ns
[2023-11-16T06:21:15.566+0000][7][gc,start    ] GC(427) Pause Young (Normal) (G1 Evacuation Pause)
[2023-11-16T06:21:15.566+0000][7][gc,task     ] GC(427) Using 8 workers of 8 for evacuation
[2023-11-16T06:21:15.566+0000][7][gc,age      ] GC(427) Desired survivor size 18874368 bytes, new threshold 15 (max threshold 15)
[2023-11-16T06:21:15.576+0000][7][gc,age      ] GC(427) Age table with threshold 15 (max threshold 15)
[2023-11-16T06:21:15.576+0000][7][gc,age      ] GC(427) - age   1:    2020640 bytes,    2020640 total
[2023-11-16T06:21:15.576+0000][7][gc,age      ] GC(427) - age   2:     475880 bytes,    2496520 total
[2023-11-16T06:21:15.576+0000][7][gc,age      ] GC(427) - age   3:     251688 bytes,    2748208 total
[2023-11-16T06:21:15.576+0000][7][gc,age      ] GC(427) - age   4:      18992 bytes,    2767200 total
[2023-11-16T06:21:15.576+0000][7][gc,age      ] GC(427) - age   5:       1952 bytes,    2769152 total
[2023-11-16T06:21:15.576+0000][7][gc,age      ] GC(427) - age   6:      33936 bytes,    2803088 total
[2023-11-16T06:21:15.576+0000][7][gc,age      ] GC(427) - age   7:       7624 bytes,    2810712 total
[2023-11-16T06:21:15.576+0000][7][gc,age      ] GC(427) - age   8:     148848 bytes,    2959560 total
[2023-11-16T06:21:15.576+0000][7][gc,age      ] GC(427) - age   9:       2544 bytes,    2962104 total
[2023-11-16T06:21:15.576+0000][7][gc,age      ] GC(427) - age  10:     129016 bytes,    3091120 total
[2023-11-16T06:21:15.576+0000][7][gc,age      ] GC(427) - age  11:     125352 bytes,    3216472 total
[2023-11-16T06:21:15.576+0000][7][gc,age      ] GC(427) - age  12:       1448 bytes,    3217920 total
[2023-11-16T06:21:15.576+0000][7][gc,age      ] GC(427) - age  13:      36712 bytes,    3254632 total
[2023-11-16T06:21:15.576+0000][7][gc,age      ] GC(427) - age  14:         96 bytes,    3254728 total
[2023-11-16T06:21:15.576+0000][7][gc,age      ] GC(427) - age  15:      30112 bytes,    3284840 total
[2023-11-16T06:21:15.576+0000][7][gc,phases   ] GC(427)   Pre Evacuate Collection Set: 0.1ms
[2023-11-16T06:21:15.576+0000][7][gc,phases   ] GC(427)   Merge Heap Roots: 0.0ms
[2023-11-16T06:21:15.576+0000][7][gc,phases   ] GC(427)   Evacuate Collection Set: 8.7ms
[2023-11-16T06:21:15.576+0000][7][gc,phases   ] GC(427)   Post Evacuate Collection Set: 0.6ms
[2023-11-16T06:21:15.576+0000][7][gc,phases   ] GC(427)   Other: 0.2ms
[2023-11-16T06:21:15.576+0000][7][gc,heap     ] GC(427) Eden regions: 67->0(67)
[2023-11-16T06:21:15.576+0000][7][gc,heap     ] GC(427) Survivor regions: 1->1(9)
[2023-11-16T06:21:15.576+0000][7][gc,heap     ] GC(427) Old regions: 31->31
[2023-11-16T06:21:15.576+0000][7][gc,heap     ] GC(427) Archive regions: 2->2
[2023-11-16T06:21:15.576+0000][7][gc,heap     ] GC(427) Humongous regions: 5->5
[2023-11-16T06:21:15.576+0000][7][gc,metaspace] GC(427) Metaspace: 120397K(122176K)->120397K(122176K) NonClass: 104528K(105536K)->104528K(105536K) Class: 15868K(16640K)->15868K(16640K)
[2023-11-16T06:21:15.576+0000][7][gc          ] GC(427) Pause Young (Normal) (G1 Evacuation Pause) 417M->150M(512M) 9.649ms
[2023-11-16T06:21:15.576+0000][7][gc,cpu      ] GC(427) User=0.01s Sys=0.01s Real=0.01s
[2023-11-16T06:21:15.576+0000][7][safepoint   ] Safepoint "G1CollectForAllocation", Time since last: 331702809 ns, Reaching safepoint: 80986 ns, At safepoint: 9726819 ns, Total: 9807805 ns
[2023-11-16T06:21:20.614+0000][7][gc,start    ] GC(428) Pause Young (Normal) (G1 Evacuation Pause)
[2023-11-16T06:21:20.614+0000][7][gc,task     ] GC(428) Using 8 workers of 8 for evacuation
[2023-11-16T06:21:20.614+0000][7][gc,age      ] GC(428) Desired survivor size 18874368 bytes, new threshold 15 (max threshold 15)
[2023-11-16T06:21:20.618+0000][7][gc,age      ] GC(428) Age table with threshold 15 (max threshold 15)
[2023-11-16T06:21:20.618+0000][7][gc,age      ] GC(428) - age   1:    1359520 bytes,    1359520 total
[2023-11-16T06:21:20.618+0000][7][gc,age      ] GC(428) - age   2:     149040 bytes,    1508560 total
[2023-11-16T06:21:20.618+0000][7][gc,age      ] GC(428) - age   3:     150464 bytes,    1659024 total
[2023-11-16T06:21:20.618+0000][7][gc,age      ] GC(428) - age   4:     133920 bytes,    1792944 total
[2023-11-16T06:21:20.618+0000][7][gc,age      ] GC(428) - age   5:      18608 bytes,    1811552 total
[2023-11-16T06:21:20.618+0000][7][gc,age      ] GC(428) - age   6:       1888 bytes,    1813440 total
[2023-11-16T06:21:20.618+0000][7][gc,age      ] GC(428) - age   7:        288 bytes,    1813728 total
[2023-11-16T06:21:20.618+0000][7][gc,age      ] GC(428) - age   8:       7624 bytes,    1821352 total
[2023-11-16T06:21:20.618+0000][7][gc,age      ] GC(428) - age   9:     148848 bytes,    1970200 total
[2023-11-16T06:21:20.618+0000][7][gc,age      ] GC(428) - age  10:       2544 bytes,    1972744 total
[2023-11-16T06:21:20.618+0000][7][gc,age      ] GC(428) - age  11:     129016 bytes,    2101760 total
[2023-11-16T06:21:20.618+0000][7][gc,age      ] GC(428) - age  12:         96 bytes,    2101856 total
[2023-11-16T06:21:20.618+0000][7][gc,age      ] GC(428) - age  13:         24 bytes,    2101880 total
[2023-11-16T06:21:20.618+0000][7][gc,age      ] GC(428) - age  14:      36712 bytes,    2138592 total
[2023-11-16T06:21:20.618+0000][7][gc,age      ] GC(428) - age  15:         96 bytes,    2138688 total
[2023-11-16T06:21:20.618+0000][7][gc,phases   ] GC(428)   Pre Evacuate Collection Set: 0.1ms
[2023-11-16T06:21:20.618+0000][7][gc,phases   ] GC(428)   Merge Heap Roots: 0.0ms
[2023-11-16T06:21:20.618+0000][7][gc,phases   ] GC(428)   Evacuate Collection Set: 2.0ms
[2023-11-16T06:21:20.618+0000][7][gc,phases   ] GC(428)   Post Evacuate Collection Set: 0.9ms
[2023-11-16T06:21:20.618+0000][7][gc,phases   ] GC(428)   Other: 0.3ms
[2023-11-16T06:21:20.618+0000][7][gc,heap     ] GC(428) Eden regions: 67->0(67)
[2023-11-16T06:21:20.618+0000][7][gc,heap     ] GC(428) Survivor regions: 1->1(9)
[2023-11-16T06:21:20.618+0000][7][gc,heap     ] GC(428) Old regions: 31->31
[2023-11-16T06:21:20.618+0000][7][gc,heap     ] GC(428) Archive regions: 2->2
[2023-11-16T06:21:20.618+0000][7][gc,heap     ] GC(428) Humongous regions: 5->5
[2023-11-16T06:21:20.618+0000][7][gc,metaspace] GC(428) Metaspace: 120397K(122176K)->120397K(122176K) NonClass: 104528K(105536K)->104528K(105536K) Class: 15868K(16640K)->15868K(16640K)
[2023-11-16T06:21:20.618+0000][7][gc          ] GC(428) Pause Young (Normal) (G1 Evacuation Pause) 418M->149M(512M) 3.419ms
[2023-11-16T06:21:20.618+0000][7][gc,cpu      ] GC(428) User=0.01s Sys=0.00s Real=0.00s
[2023-11-16T06:21:20.618+0000][7][safepoint   ] Safepoint "G1CollectForAllocation", Time since last: 5038297776 ns, Reaching safepoint: 81064 ns, At safepoint: 3491063 ns, Total: 3572127 ns
[2023-11-16T06:21:22.618+0000][7][safepoint   ] Safepoint "Cleanup", Time since last: 2000269946 ns, Reaching safepoint: 80213 ns, At safepoint: 10966 ns, Total: 91179 ns
[2023-11-16T06:21:25.619+0000][7][safepoint   ] Safepoint "Cleanup", Time since last: 3000540080 ns, Reaching safepoint: 77271 ns, At safepoint: 6370 ns, Total: 83641 ns
[2023-11-16T06:21:26.678+0000][7][gc,start    ] GC(429) Pause Young (Normal) (G1 Evacuation Pause)
[2023-11-16T06:21:26.678+0000][7][gc,task     ] GC(429) Using 8 workers of 8 for evacuation
[2023-11-16T06:21:26.678+0000][7][gc,age      ] GC(429) Desired survivor size 18874368 bytes, new threshold 15 (max threshold 15)
[2023-11-16T06:21:26.680+0000][7][gc,age      ] GC(429) Age table with threshold 15 (max threshold 15)
[2023-11-16T06:21:26.680+0000][7][gc,age      ] GC(429) - age   1:    1048728 bytes,    1048728 total
[2023-11-16T06:21:26.680+0000][7][gc,age      ] GC(429) - age   2:     368192 bytes,    1416920 total
[2023-11-16T06:21:26.680+0000][7][gc,age      ] GC(429) - age   3:     144848 bytes,    1561768 total
[2023-11-16T06:21:26.680+0000][7][gc,age      ] GC(429) - age   4:     150304 bytes,    1712072 total
[2023-11-16T06:21:26.680+0000][7][gc,age      ] GC(429) - age   5:     133792 bytes,    1845864 total
[2023-11-16T06:21:26.680+0000][7][gc,age      ] GC(429) - age   6:       8424 bytes,    1854288 total
[2023-11-16T06:21:26.680+0000][7][gc,age      ] GC(429) - age   7:       1440 bytes,    1855728 total
[2023-11-16T06:21:26.680+0000][7][gc,age      ] GC(429) - age   8:        224 bytes,    1855952 total
[2023-11-16T06:21:26.680+0000][7][gc,age      ] GC(429) - age   9:       7624 bytes,    1863576 total
[2023-11-16T06:21:26.680+0000][7][gc,age      ] GC(429) - age  10:     148848 bytes,    2012424 total
[2023-11-16T06:21:26.680+0000][7][gc,age      ] GC(429) - age  11:       2400 bytes,    2014824 total
[2023-11-16T06:21:26.680+0000][7][gc,age      ] GC(429) - age  12:       2328 bytes,    2017152 total
[2023-11-16T06:21:26.680+0000][7][gc,age      ] GC(429) - age  13:         96 bytes,    2017248 total
[2023-11-16T06:21:26.680+0000][7][gc,age      ] GC(429) - age  14:         24 bytes,    2017272 total
[2023-11-16T06:21:26.680+0000][7][gc,age      ] GC(429) - age  15:      36712 bytes,    2053984 total
[2023-11-16T06:21:26.680+0000][7][gc,phases   ] GC(429)   Pre Evacuate Collection Set: 0.1ms
[2023-11-16T06:21:26.680+0000][7][gc,phases   ] GC(429)   Merge Heap Roots: 0.0ms
[2023-11-16T06:21:26.680+0000][7][gc,phases   ] GC(429)   Evacuate Collection Set: 1.3ms
[2023-11-16T06:21:26.680+0000][7][gc,phases   ] GC(429)   Post Evacuate Collection Set: 0.7ms
[2023-11-16T06:21:26.680+0000][7][gc,phases   ] GC(429)   Other: 0.2ms
[2023-11-16T06:21:26.680+0000][7][gc,heap     ] GC(429) Eden regions: 67->0(67)
[2023-11-16T06:21:26.680+0000][7][gc,heap     ] GC(429) Survivor regions: 1->1(9)
[2023-11-16T06:21:26.680+0000][7][gc,heap     ] GC(429) Old regions: 31->31
[2023-11-16T06:21:26.680+0000][7][gc,heap     ] GC(429) Archive regions: 2->2
[2023-11-16T06:21:26.680+0000][7][gc,heap     ] GC(429) Humongous regions: 5->5
[2023-11-16T06:21:26.680+0000][7][gc,metaspace] GC(429) Metaspace: 120405K(122176K)->120405K(122176K) NonClass: 104536K(105536K)->104536K(105536K) Class: 15868K(16640K)->15868K(16640K)
[2023-11-16T06:21:26.680+0000][7][gc          ] GC(429) Pause Young (Normal) (G1 Evacuation Pause) 417M->149M(512M) 2.360ms
[2023-11-16T06:21:26.680+0000][7][gc,cpu      ] GC(429) User=0.02s Sys=0.00s Real=0.01s
[2023-11-16T06:21:26.680+0000][7][safepoint   ] Safepoint "G1CollectForAllocation", Time since last: 1059168147 ns, Reaching safepoint: 78387 ns, At safepoint: 2421082 ns, Total: 2499469 ns
[2023-11-16T06:21:29.681+0000][7][safepoint   ] Safepoint "Cleanup", Time since last: 3000237169 ns, Reaching safepoint: 65633 ns, At safepoint: 5036 ns, Total: 70669 ns
[2023-11-16T06:21:33.741+0000][7][gc,start    ] GC(430) Pause Young (Normal) (G1 Evacuation Pause)
[2023-11-16T06:21:33.741+0000][7][gc,task     ] GC(430) Using 8 workers of 8 for evacuation
[2023-11-16T06:21:33.741+0000][7][gc,age      ] GC(430) Desired survivor size 18874368 bytes, new threshold 15 (max threshold 15)
[2023-11-16T06:21:33.743+0000][7][gc,age      ] GC(430) Age table with threshold 15 (max threshold 15)
[2023-11-16T06:21:33.743+0000][7][gc,age      ] GC(430) - age   1:    1682088 bytes,    1682088 total
[2023-11-16T06:21:33.743+0000][7][gc,age      ] GC(430) - age   2:     494944 bytes,    2177032 total
[2023-11-16T06:21:33.743+0000][7][gc,age      ] GC(430) - age   3:     366688 bytes,    2543720 total
[2023-11-16T06:21:33.743+0000][7][gc,age      ] GC(430) - age   4:     143552 bytes,    2687272 total
[2023-11-16T06:21:33.743+0000][7][gc,age      ] GC(430) - age   5:     149888 bytes,    2837160 total
[2023-11-16T06:21:33.743+0000][7][gc,age      ] GC(430) - age   6:     131296 bytes,    2968456 total
[2023-11-16T06:21:33.743+0000][7][gc,age      ] GC(430) - age   7:       6792 bytes,    2975248 total
[2023-11-16T06:21:33.743+0000][7][gc,age      ] GC(430) - age   8:       1160 bytes,    2976408 total
[2023-11-16T06:21:33.743+0000][7][gc,age      ] GC(430) - age   9:         64 bytes,    2976472 total
[2023-11-16T06:21:33.743+0000][7][gc,age      ] GC(430) - age  10:       7624 bytes,    2984096 total
[2023-11-16T06:21:33.743+0000][7][gc,age      ] GC(430) - age  11:     148848 bytes,    3132944 total
[2023-11-16T06:21:33.743+0000][7][gc,age      ] GC(430) - age  12:       2400 bytes,    3135344 total
[2023-11-16T06:21:33.743+0000][7][gc,age      ] GC(430) - age  13:       2264 bytes,    3137608 total
[2023-11-16T06:21:33.743+0000][7][gc,age      ] GC(430) - age  14:         32 bytes,    3137640 total
[2023-11-16T06:21:33.743+0000][7][gc,age      ] GC(430) - age  15:         24 bytes,    3137664 total
[2023-11-16T06:21:33.743+0000][7][gc,phases   ] GC(430)   Pre Evacuate Collection Set: 0.1ms
[2023-11-16T06:21:33.743+0000][7][gc,phases   ] GC(430)   Merge Heap Roots: 0.0ms
[2023-11-16T06:21:33.744+0000][7][gc,phases   ] GC(430)   Evacuate Collection Set: 1.9ms
[2023-11-16T06:21:33.744+0000][7][gc,phases   ] GC(430)   Post Evacuate Collection Set: 0.5ms
[2023-11-16T06:21:33.744+0000][7][gc,phases   ] GC(430)   Other: 0.2ms
[2023-11-16T06:21:33.744+0000][7][gc,heap     ] GC(430) Eden regions: 67->0(67)
[2023-11-16T06:21:33.744+0000][7][gc,heap     ] GC(430) Survivor regions: 1->1(9)
[2023-11-16T06:21:33.744+0000][7][gc,heap     ] GC(430) Old regions: 31->31
[2023-11-16T06:21:33.744+0000][7][gc,heap     ] GC(430) Archive regions: 2->2
[2023-11-16T06:21:33.744+0000][7][gc,heap     ] GC(430) Humongous regions: 5->5
[2023-11-16T06:21:33.744+0000][7][gc,metaspace] GC(430) Metaspace: 120435K(122176K)->120435K(122176K) NonClass: 104566K(105536K)->104566K(105536K) Class: 15868K(16640K)->15868K(16640K)
[2023-11-16T06:21:33.744+0000][7][gc          ] GC(430) Pause Young (Normal) (G1 Evacuation Pause) 417M->150M(512M) 2.783ms
[2023-11-16T06:21:33.744+0000][7][gc,cpu      ] GC(430) User=0.01s Sys=0.00s Real=0.00s
[2023-11-16T06:21:33.744+0000][7][safepoint   ] Safepoint "G1CollectForAllocation", Time since last: 4059906972 ns, Reaching safepoint: 105274 ns, At safepoint: 2874245 ns, Total: 2979519 ns
[2023-11-16T06:21:34.744+0000][7][safepoint   ] Safepoint "Cleanup", Time since last: 1000088243 ns, Reaching safepoint: 88599 ns, At safepoint: 5656 ns, Total: 94255 ns
[2023-11-16T06:21:38.744+0000][7][safepoint   ] Safepoint "Cleanup", Time since last: 4000379195 ns, Reaching safepoint: 85361 ns, At safepoint: 4239 ns, Total: 89600 ns
[2023-11-16T06:21:39.375+0000][7][gc,start    ] GC(431) Pause Young (Normal) (G1 Evacuation Pause)
[2023-11-16T06:21:39.375+0000][7][gc,task     ] GC(431) Using 8 workers of 8 for evacuation
[2023-11-16T06:21:39.375+0000][7][gc,age      ] GC(431) Desired survivor size 18874368 bytes, new threshold 15 (max threshold 15)
[2023-11-16T06:21:39.377+0000][7][gc,age      ] GC(431) Age table with threshold 15 (max threshold 15)
[2023-11-16T06:21:39.377+0000][7][gc,age      ] GC(431) - age   1:    1614136 bytes,    1614136 total
[2023-11-16T06:21:39.377+0000][7][gc,age      ] GC(431) - age   2:     222352 bytes,    1836488 total
[2023-11-16T06:21:39.377+0000][7][gc,age      ] GC(431) - age   3:     393720 bytes,    2230208 total
[2023-11-16T06:21:39.377+0000][7][gc,age      ] GC(431) - age   4:     239808 bytes,    2470016 total
[2023-11-16T06:21:39.377+0000][7][gc,age      ] GC(431) - age   5:     143328 bytes,    2613344 total
[2023-11-16T06:21:39.377+0000][7][gc,age      ] GC(431) - age   6:     149592 bytes,    2762936 total
[2023-11-16T06:21:39.377+0000][7][gc,age      ] GC(431) - age   7:     130784 bytes,    2893720 total
[2023-11-16T06:21:39.377+0000][7][gc,age      ] GC(431) - age   8:       6344 bytes,    2900064 total
[2023-11-16T06:21:39.377+0000][7][gc,age      ] GC(431) - age   9:       1128 bytes,    2901192 total
[2023-11-16T06:21:39.377+0000][7][gc,age      ] GC(431) - age  10:         64 bytes,    2901256 total
[2023-11-16T06:21:39.377+0000][7][gc,age      ] GC(431) - age  11:       7592 bytes,    2908848 total
[2023-11-16T06:21:39.377+0000][7][gc,age      ] GC(431) - age  12:     148848 bytes,    3057696 total
[2023-11-16T06:21:39.377+0000][7][gc,age      ] GC(431) - age  13:       2400 bytes,    3060096 total
[2023-11-16T06:21:39.377+0000][7][gc,age      ] GC(431) - age  14:       2264 bytes,    3062360 total
[2023-11-16T06:21:39.377+0000][7][gc,phases   ] GC(431)   Pre Evacuate Collection Set: 0.1ms
[2023-11-16T06:21:39.377+0000][7][gc,phases   ] GC(431)   Merge Heap Roots: 0.0ms
[2023-11-16T06:21:39.377+0000][7][gc,phases   ] GC(431)   Evacuate Collection Set: 1.7ms
[2023-11-16T06:21:39.377+0000][7][gc,phases   ] GC(431)   Post Evacuate Collection Set: 0.7ms
[2023-11-16T06:21:39.377+0000][7][gc,phases   ] GC(431)   Other: 0.2ms
[2023-11-16T06:21:39.377+0000][7][gc,heap     ] GC(431) Eden regions: 67->0(67)
[2023-11-16T06:21:39.377+0000][7][gc,heap     ] GC(431) Survivor regions: 1->1(9)
[2023-11-16T06:21:39.377+0000][7][gc,heap     ] GC(431) Old regions: 31->31
[2023-11-16T06:21:39.377+0000][7][gc,heap     ] GC(431) Archive regions: 2->2
[2023-11-16T06:21:39.377+0000][7][gc,heap     ] GC(431) Humongous regions: 5->5
[2023-11-16T06:21:39.377+0000][7][gc,metaspace] GC(431) Metaspace: 120447K(122176K)->120447K(122176K) NonClass: 104578K(105536K)->104578K(105536K) Class: 15868K(16640K)->15868K(16640K)
[2023-11-16T06:21:39.377+0000][7][gc          ] GC(431) Pause Young (Normal) (G1 Evacuation Pause) 418M->150M(512M) 2.759ms
[2023-11-16T06:21:39.377+0000][7][gc,cpu      ] GC(431) User=0.01s Sys=0.00s Real=0.00s
[2023-11-16T06:21:39.377+0000][7][safepoint   ] Safepoint "G1CollectForAllocation", Time since last: 630244402 ns, Reaching safepoint: 62398 ns, At safepoint: 2825098 ns, Total: 2887496 ns
[2023-11-16T06:21:41.378+0000][7][safepoint   ] Safepoint "Cleanup", Time since last: 2000158142 ns, Reaching safepoint: 102786 ns, At safepoint: 5133 ns, Total: 107919 ns
[2023-11-16T06:21:44.378+0000][7][safepoint   ] Safepoint "Cleanup", Time since last: 3000481795 ns, Reaching safepoint: 83261 ns, At safepoint: 4694 ns, Total: 87955 ns
[2023-11-16T06:21:44.835+0000][7][gc,start    ] GC(432) Pause Young (Normal) (G1 Evacuation Pause)
[2023-11-16T06:21:44.835+0000][7][gc,task     ] GC(432) Using 8 workers of 8 for evacuation
[2023-11-16T06:21:44.835+0000][7][gc,age      ] GC(432) Desired survivor size 18874368 bytes, new threshold 15 (max threshold 15)
[2023-11-16T06:21:44.838+0000][7][gc,age      ] GC(432) Age table with threshold 15 (max threshold 15)
[2023-11-16T06:21:44.838+0000][7][gc,age      ] GC(432) - age   1:    1076648 bytes,    1076648 total
[2023-11-16T06:21:44.838+0000][7][gc,age      ] GC(432) - age   2:     134952 bytes,    1211600 total
[2023-11-16T06:21:44.838+0000][7][gc,age      ] GC(432) - age   3:      13368 bytes,    1224968 total
[2023-11-16T06:21:44.838+0000][7][gc,age      ] GC(432) - age   4:     139024 bytes,    1363992 total
[2023-11-16T06:21:44.838+0000][7][gc,age      ] GC(432) - age   5:       4856 bytes,    1368848 total
[2023-11-16T06:21:44.838+0000][7][gc,age      ] GC(432) - age   6:      42048 bytes,    1410896 total
[2023-11-16T06:21:44.838+0000][7][gc,age      ] GC(432) - age   7:     149464 bytes,    1560360 total
[2023-11-16T06:21:44.838+0000][7][gc,age      ] GC(432) - age   8:     130576 bytes,    1690936 total
[2023-11-16T06:21:44.838+0000][7][gc,age      ] GC(432) - age   9:       6280 bytes,    1697216 total
[2023-11-16T06:21:44.838+0000][7][gc,age      ] GC(432) - age  10:       1128 bytes,    1698344 total
[2023-11-16T06:21:44.838+0000][7][gc,age      ] GC(432) - age  11:         64 bytes,    1698408 total
[2023-11-16T06:21:44.838+0000][7][gc,age      ] GC(432) - age  12:       7592 bytes,    1706000 total
[2023-11-16T06:21:44.838+0000][7][gc,age      ] GC(432) - age  13:      23872 bytes,    1729872 total
[2023-11-16T06:21:44.838+0000][7][gc,age      ] GC(432) - age  14:       1040 bytes,    1730912 total
[2023-11-16T06:21:44.838+0000][7][gc,age      ] GC(432) - age  15:       2232 bytes,    1733144 total
[2023-11-16T06:21:44.838+0000][7][gc,phases   ] GC(432)   Pre Evacuate Collection Set: 0.1ms
[2023-11-16T06:21:44.838+0000][7][gc,phases   ] GC(432)   Merge Heap Roots: 0.0ms
[2023-11-16T06:21:44.838+0000][7][gc,phases   ] GC(432)   Evacuate Collection Set: 2.1ms
[2023-11-16T06:21:44.838+0000][7][gc,phases   ] GC(432)   Post Evacuate Collection Set: 0.6ms
[2023-11-16T06:21:44.838+0000][7][gc,phases   ] GC(432)   Other: 0.2ms
[2023-11-16T06:21:44.838+0000][7][gc,heap     ] GC(432) Eden regions: 67->0(67)
[2023-11-16T06:21:44.838+0000][7][gc,heap     ] GC(432) Survivor regions: 1->1(9)
[2023-11-16T06:21:44.838+0000][7][gc,heap     ] GC(432) Old regions: 31->31
[2023-11-16T06:21:44.838+0000][7][gc,heap     ] GC(432) Archive regions: 2->2
[2023-11-16T06:21:44.838+0000][7][gc,heap     ] GC(432) Humongous regions: 5->5
[2023-11-16T06:21:44.838+0000][7][gc,metaspace] GC(432) Metaspace: 120451K(122176K)->120451K(122176K) NonClass: 104582K(105536K)->104582K(105536K) Class: 15868K(16640K)->15868K(16640K)
[2023-11-16T06:21:44.838+0000][7][gc          ] GC(432) Pause Young (Normal) (G1 Evacuation Pause) 418M->149M(512M) 3.011ms
[2023-11-16T06:21:44.838+0000][7][gc,cpu      ] GC(432) User=0.00s Sys=0.00s Real=0.00s
[2023-11-16T06:21:44.838+0000][7][safepoint   ] Safepoint "G1CollectForAllocation", Time since last: 456531152 ns, Reaching safepoint: 92456 ns, At safepoint: 3110536 ns, Total: 3202992 ns
[2023-11-16T06:21:51.449+0000][7][gc,start    ] GC(433) Pause Young (Normal) (G1 Evacuation Pause)
[2023-11-16T06:21:51.449+0000][7][gc,task     ] GC(433) Using 8 workers of 8 for evacuation
[2023-11-16T06:21:51.449+0000][7][gc,age      ] GC(433) Desired survivor size 18874368 bytes, new threshold 15 (max threshold 15)
[2023-11-16T06:21:51.452+0000][7][gc,age      ] GC(433) Age table with threshold 15 (max threshold 15)
[2023-11-16T06:21:51.452+0000][7][gc,age      ] GC(433) - age   1:    2757560 bytes,    2757560 total
[2023-11-16T06:21:51.452+0000][7][gc,age      ] GC(433) - age   2:     423024 bytes,    3180584 total
[2023-11-16T06:21:51.452+0000][7][gc,age      ] GC(433) - age   3:     132624 bytes,    3313208 total
[2023-11-16T06:21:51.452+0000][7][gc,age      ] GC(433) - age   4:      12104 bytes,    3325312 total
[2023-11-16T06:21:51.452+0000][7][gc,age      ] GC(433) - age   5:     138704 bytes,    3464016 total
[2023-11-16T06:21:51.452+0000][7][gc,age      ] GC(433) - age   6:       4760 bytes,    3468776 total
[2023-11-16T06:21:51.452+0000][7][gc,age      ] GC(433) - age   7:      41888 bytes,    3510664 total
[2023-11-16T06:21:51.452+0000][7][gc,age      ] GC(433) - age   8:     149464 bytes,    3660128 total
[2023-11-16T06:21:51.452+0000][7][gc,age      ] GC(433) - age   9:     130512 bytes,    3790640 total
[2023-11-16T06:21:51.452+0000][7][gc,age      ] GC(433) - age  10:       5872 bytes,    3796512 total
[2023-11-16T06:21:51.452+0000][7][gc,age      ] GC(433) - age  11:       1128 bytes,    3797640 total
[2023-11-16T06:21:51.452+0000][7][gc,age      ] GC(433) - age  13:       7592 bytes,    3805232 total
[2023-11-16T06:21:51.452+0000][7][gc,age      ] GC(433) - age  14:      23808 bytes,    3829040 total
[2023-11-16T06:21:51.452+0000][7][gc,age      ] GC(433) - age  15:       1040 bytes,    3830080 total
[2023-11-16T06:21:51.452+0000][7][gc,phases   ] GC(433)   Pre Evacuate Collection Set: 0.1ms
[2023-11-16T06:21:51.452+0000][7][gc,phases   ] GC(433)   Merge Heap Roots: 0.0ms
[2023-11-16T06:21:51.452+0000][7][gc,phases   ] GC(433)   Evacuate Collection Set: 2.2ms
[2023-11-16T06:21:51.452+0000][7][gc,phases   ] GC(433)   Post Evacuate Collection Set: 0.8ms
[2023-11-16T06:21:51.452+0000][7][gc,phases   ] GC(433)   Other: 0.2ms
[2023-11-16T06:21:51.452+0000][7][gc,heap     ] GC(433) Eden regions: 67->0(67)
[2023-11-16T06:21:51.452+0000][7][gc,heap     ] GC(433) Survivor regions: 1->1(9)
[2023-11-16T06:21:51.452+0000][7][gc,heap     ] GC(433) Old regions: 31->31
[2023-11-16T06:21:51.452+0000][7][gc,heap     ] GC(433) Archive regions: 2->2
[2023-11-16T06:21:51.452+0000][7][gc,heap     ] GC(433) Humongous regions: 5->5
[2023-11-16T06:21:51.452+0000][7][gc,metaspace] GC(433) Metaspace: 120470K(122176K)->120470K(122176K) NonClass: 104602K(105536K)->104602K(105536K) Class: 15868K(16640K)->15868K(16640K)
[2023-11-16T06:21:51.453+0000][7][gc          ] GC(433) Pause Young (Normal) (G1 Evacuation Pause) 417M->150M(512M) 3.357ms
[2023-11-16T06:21:51.453+0000][7][gc,cpu      ] GC(433) User=0.02s Sys=0.00s Real=0.00s
[2023-11-16T06:21:51.453+0000][7][safepoint   ] Safepoint "G1CollectForAllocation", Time since last: 6611094089 ns, Reaching safepoint: 75724 ns, At safepoint: 3415372 ns, Total: 3491096 ns
[2023-11-16T06:21:52.453+0000][7][safepoint   ] Safepoint "Cleanup", Time since last: 1000210446 ns, Reaching safepoint: 168807 ns, At safepoint: 6811 ns, Total: 175618 ns
[2023-11-16T06:21:55.932+0000][7][gc,start    ] GC(434) Pause Young (Normal) (G1 Evacuation Pause)
[2023-11-16T06:21:55.932+0000][7][gc,task     ] GC(434) Using 8 workers of 8 for evacuation
[2023-11-16T06:21:55.932+0000][7][gc,age      ] GC(434) Desired survivor size 18874368 bytes, new threshold 15 (max threshold 15)
[2023-11-16T06:21:55.935+0000][7][gc,age      ] GC(434) Age table with threshold 15 (max threshold 15)
[2023-11-16T06:21:55.935+0000][7][gc,age      ] GC(434) - age   1:    1910496 bytes,    1910496 total
[2023-11-16T06:21:55.935+0000][7][gc,age      ] GC(434) - age   2:     354704 bytes,    2265200 total
[2023-11-16T06:21:55.935+0000][7][gc,age      ] GC(434) - age   3:     322624 bytes,    2587824 total
[2023-11-16T06:21:55.935+0000][7][gc,age      ] GC(434) - age   4:     129704 bytes,    2717528 total
[2023-11-16T06:21:55.935+0000][7][gc,age      ] GC(434) - age   5:       5856 bytes,    2723384 total
[2023-11-16T06:21:55.935+0000][7][gc,age      ] GC(434) - age   6:       2968 bytes,    2726352 total
[2023-11-16T06:21:55.935+0000][7][gc,age      ] GC(434) - age   7:        224 bytes,    2726576 total
[2023-11-16T06:21:55.935+0000][7][gc,age      ] GC(434) - age   8:      31136 bytes,    2757712 total
[2023-11-16T06:21:55.935+0000][7][gc,age      ] GC(434) - age   9:     148384 bytes,    2906096 total
[2023-11-16T06:21:55.935+0000][7][gc,age      ] GC(434) - age  10:     130480 bytes,    3036576 total
[2023-11-16T06:21:55.935+0000][7][gc,age      ] GC(434) - age  11:       5240 bytes,    3041816 total
[2023-11-16T06:21:55.935+0000][7][gc,age      ] GC(434) - age  12:       1064 bytes,    3042880 total
[2023-11-16T06:21:55.935+0000][7][gc,age      ] GC(434) - age  14:       7592 bytes,    3050472 total
[2023-11-16T06:21:55.935+0000][7][gc,age      ] GC(434) - age  15:      23776 bytes,    3074248 total
[2023-11-16T06:21:55.935+0000][7][gc,phases   ] GC(434)   Pre Evacuate Collection Set: 0.1ms
[2023-11-16T06:21:55.935+0000][7][gc,phases   ] GC(434)   Merge Heap Roots: 0.1ms
[2023-11-16T06:21:55.935+0000][7][gc,phases   ] GC(434)   Evacuate Collection Set: 1.7ms
[2023-11-16T06:21:55.935+0000][7][gc,phases   ] GC(434)   Post Evacuate Collection Set: 0.5ms
[2023-11-16T06:21:55.935+0000][7][gc,phases   ] GC(434)   Other: 0.2ms
[2023-11-16T06:21:55.935+0000][7][gc,heap     ] GC(434) Eden regions: 67->0(67)
[2023-11-16T06:21:55.935+0000][7][gc,heap     ] GC(434) Survivor regions: 1->1(9)
[2023-11-16T06:21:55.935+0000][7][gc,heap     ] GC(434) Old regions: 31->31
[2023-11-16T06:21:55.935+0000][7][gc,heap     ] GC(434) Archive regions: 2->2
[2023-11-16T06:21:55.935+0000][7][gc,heap     ] GC(434) Humongous regions: 5->5
[2023-11-16T06:21:55.935+0000][7][gc,metaspace] GC(434) Metaspace: 120474K(122176K)->120474K(122176K) NonClass: 104605K(105536K)->104605K(105536K) Class: 15868K(16640K)->15868K(16640K)
[2023-11-16T06:21:55.935+0000][7][gc          ] GC(434) Pause Young (Normal) (G1 Evacuation Pause) 418M->150M(512M) 2.487ms
[2023-11-16T06:21:55.935+0000][7][gc,cpu      ] GC(434) User=0.01s Sys=0.01s Real=0.00s
[2023-11-16T06:21:55.935+0000][7][safepoint   ] Safepoint "G1CollectForAllocation", Time since last: 3479308306 ns, Reaching safepoint: 96466 ns, At safepoint: 2552255 ns, Total: 2648721 ns
[2023-11-16T06:21:58.935+0000][7][safepoint   ] Safepoint "Cleanup", Time since last: 3000273596 ns, Reaching safepoint: 80606 ns, At safepoint: 7972 ns, Total: 88578 ns
[2023-11-16T06:22:01.980+0000][7][gc,start    ] GC(435) Pause Young (Normal) (G1 Evacuation Pause)
[2023-11-16T06:22:01.980+0000][7][gc,task     ] GC(435) Using 8 workers of 8 for evacuation
[2023-11-16T06:22:01.980+0000][7][gc,age      ] GC(435) Desired survivor size 18874368 bytes, new threshold 15 (max threshold 15)
[2023-11-16T06:22:01.982+0000][7][gc,age      ] GC(435) Age table with threshold 15 (max threshold 15)
[2023-11-16T06:22:01.982+0000][7][gc,age      ] GC(435) - age   1:    1846864 bytes,    1846864 total
[2023-11-16T06:22:01.982+0000][7][gc,age      ] GC(435) - age   2:     656744 bytes,    2503608 total
[2023-11-16T06:22:01.982+0000][7][gc,age      ] GC(435) - age   3:     351056 bytes,    2854664 total
[2023-11-16T06:22:01.982+0000][7][gc,age      ] GC(435) - age   4:     322024 bytes,    3176688 total
[2023-11-16T06:22:01.982+0000][7][gc,age      ] GC(435) - age   5:     129352 bytes,    3306040 total
[2023-11-16T06:22:01.982+0000][7][gc,age      ] GC(435) - age   6:       1792 bytes,    3307832 total
[2023-11-16T06:22:01.982+0000][7][gc,age      ] GC(435) - age   7:        632 bytes,    3308464 total
[2023-11-16T06:22:01.982+0000][7][gc,age      ] GC(435) - age   8:        224 bytes,    3308688 total
[2023-11-16T06:22:01.982+0000][7][gc,age      ] GC(435) - age   9:      15448 bytes,    3324136 total
[2023-11-16T06:22:01.982+0000][7][gc,age      ] GC(435) - age  10:     148384 bytes,    3472520 total
[2023-11-16T06:22:01.982+0000][7][gc,age      ] GC(435) - age  11:     129632 bytes,    3602152 total
[2023-11-16T06:22:01.982+0000][7][gc,age      ] GC(435) - age  12:       5208 bytes,    3607360 total
[2023-11-16T06:22:01.982+0000][7][gc,age      ] GC(435) - age  13:       1064 bytes,    3608424 total
[2023-11-16T06:22:01.982+0000][7][gc,age      ] GC(435) - age  15:       7472 bytes,    3615896 total
[2023-11-16T06:22:01.983+0000][7][gc,phases   ] GC(435)   Pre Evacuate Collection Set: 0.1ms
[2023-11-16T06:22:01.983+0000][7][gc,phases   ] GC(435)   Merge Heap Roots: 0.0ms
[2023-11-16T06:22:01.983+0000][7][gc,phases   ] GC(435)   Evacuate Collection Set: 1.8ms
[2023-11-16T06:22:01.983+0000][7][gc,phases   ] GC(435)   Post Evacuate Collection Set: 0.5ms
[2023-11-16T06:22:01.983+0000][7][gc,phases   ] GC(435)   Other: 0.3ms
[2023-11-16T06:22:01.983+0000][7][gc,heap     ] GC(435) Eden regions: 67->0(67)
[2023-11-16T06:22:01.983+0000][7][gc,heap     ] GC(435) Survivor regions: 1->1(9)
[2023-11-16T06:22:01.983+0000][7][gc,heap     ] GC(435) Old regions: 31->31
[2023-11-16T06:22:01.983+0000][7][gc,heap     ] GC(435) Archive regions: 2->2
[2023-11-16T06:22:01.983+0000][7][gc,heap     ] GC(435) Humongous regions: 5->5
[2023-11-16T06:22:01.983+0000][7][gc,metaspace] GC(435) Metaspace: 120474K(122176K)->120474K(122176K) NonClass: 104605K(105536K)->104605K(105536K) Class: 15868K(16640K)->15868K(16640K)
[2023-11-16T06:22:01.983+0000][7][gc          ] GC(435) Pause Young (Normal) (G1 Evacuation Pause) 418M->150M(512M) 2.702ms
[2023-11-16T06:22:01.983+0000][7][gc,cpu      ] GC(435) User=0.02s Sys=0.00s Real=0.00s
[2023-11-16T06:22:01.983+0000][7][safepoint   ] Safepoint "G1CollectForAllocation", Time since last: 3044531076 ns, Reaching safepoint: 31532 ns, At safepoint: 2805462 ns, Total: 2836994 ns
[2023-11-16T06:22:04.983+0000][7][safepoint   ] Safepoint "Cleanup", Time since last: 3000487651 ns, Reaching safepoint: 67002 ns, At safepoint: 6499 ns, Total: 73501 ns
[2023-11-16T06:22:07.984+0000][7][safepoint   ] Safepoint "Cleanup", Time since last: 3000257246 ns, Reaching safepoint: 95249 ns, At safepoint: 6702 ns, Total: 101951 ns
[2023-11-16T06:22:10.058+0000][7][gc,start    ] GC(436) Pause Young (Normal) (G1 Evacuation Pause)
[2023-11-16T06:22:10.058+0000][7][gc,task     ] GC(436) Using 8 workers of 8 for evacuation
[2023-11-16T06:22:10.058+0000][7][gc,age      ] GC(436) Desired survivor size 18874368 bytes, new threshold 15 (max threshold 15)
[2023-11-16T06:22:10.060+0000][7][gc,age      ] GC(436) Age table with threshold 15 (max threshold 15)
[2023-11-16T06:22:10.060+0000][7][gc,age      ] GC(436) - age   1:    2277528 bytes,    2277528 total
[2023-11-16T06:22:10.060+0000][7][gc,age      ] GC(436) - age   2:      17688 bytes,    2295216 total
[2023-11-16T06:22:10.061+0000][7][gc,age      ] GC(436) - age   3:     153120 bytes,    2448336 total
[2023-11-16T06:22:10.061+0000][7][gc,age      ] GC(436) - age   4:     111280 bytes,    2559616 total
[2023-11-16T06:22:10.061+0000][7][gc,age      ] GC(436) - age   5:     228776 bytes,    2788392 total
[2023-11-16T06:22:10.061+0000][7][gc,age      ] GC(436) - age   6:     129248 bytes,    2917640 total
[2023-11-16T06:22:10.061+0000][7][gc,age      ] GC(436) - age   7:       1408 bytes,    2919048 total
[2023-11-16T06:22:10.061+0000][7][gc,age      ] GC(436) - age   8:        472 bytes,    2919520 total
[2023-11-16T06:22:10.061+0000][7][gc,age      ] GC(436) - age   9:        224 bytes,    2919744 total
[2023-11-16T06:22:10.061+0000][7][gc,age      ] GC(436) - age  10:      14152 bytes,    2933896 total
[2023-11-16T06:22:10.061+0000][7][gc,age      ] GC(436) - age  11:     126592 bytes,    3060488 total
[2023-11-16T06:22:10.061+0000][7][gc,age      ] GC(436) - age  12:      27328 bytes,    3087816 total
[2023-11-16T06:22:10.061+0000][7][gc,age      ] GC(436) - age  13:       5144 bytes,    3092960 total
[2023-11-16T06:22:10.061+0000][7][gc,age      ] GC(436) - age  14:        872 bytes,    3093832 total
[2023-11-16T06:22:10.061+0000][7][gc,phases   ] GC(436)   Pre Evacuate Collection Set: 0.1ms
[2023-11-16T06:22:10.061+0000][7][gc,phases   ] GC(436)   Merge Heap Roots: 0.1ms
[2023-11-16T06:22:10.061+0000][7][gc,phases   ] GC(436)   Evacuate Collection Set: 2.0ms
[2023-11-16T06:22:10.061+0000][7][gc,phases   ] GC(436)   Post Evacuate Collection Set: 0.6ms
[2023-11-16T06:22:10.061+0000][7][gc,phases   ] GC(436)   Other: 0.3ms
[2023-11-16T06:22:10.061+0000][7][gc,heap     ] GC(436) Eden regions: 67->0(67)
[2023-11-16T06:22:10.061+0000][7][gc,heap     ] GC(436) Survivor regions: 1->1(9)
[2023-11-16T06:22:10.061+0000][7][gc,heap     ] GC(436) Old regions: 31->31
[2023-11-16T06:22:10.061+0000][7][gc,heap     ] GC(436) Archive regions: 2->2
[2023-11-16T06:22:10.061+0000][7][gc,heap     ] GC(436) Humongous regions: 5->5
[2023-11-16T06:22:10.061+0000][7][gc,metaspace] GC(436) Metaspace: 120481K(122176K)->120481K(122176K) NonClass: 104612K(105536K)->104612K(105536K) Class: 15868K(16640K)->15868K(16640K)
[2023-11-16T06:22:10.061+0000][7][gc          ] GC(436) Pause Young (Normal) (G1 Evacuation Pause) 418M->150M(512M) 3.095ms
[2023-11-16T06:22:10.061+0000][7][gc,cpu      ] GC(436) User=0.02s Sys=0.00s Real=0.01s
[2023-11-16T06:22:10.061+0000][7][safepoint   ] Safepoint "G1CollectForAllocation", Time since last: 2073855429 ns, Reaching safepoint: 100574 ns, At safepoint: 3194692 ns, Total: 3295266 ns
[2023-11-16T06:22:15.111+0000][7][gc,start    ] GC(437) Pause Young (Normal) (G1 Evacuation Pause)
[2023-11-16T06:22:15.111+0000][7][gc,task     ] GC(437) Using 8 workers of 8 for evacuation
[2023-11-16T06:22:15.112+0000][7][gc,age      ] GC(437) Desired survivor size 18874368 bytes, new threshold 15 (max threshold 15)
[2023-11-16T06:22:15.114+0000][7][gc,age      ] GC(437) Age table with threshold 15 (max threshold 15)
[2023-11-16T06:22:15.114+0000][7][gc,age      ] GC(437) - age   1:    1427248 bytes,    1427248 total
[2023-11-16T06:22:15.114+0000][7][gc,age      ] GC(437) - age   2:     475440 bytes,    1902688 total
[2023-11-16T06:22:15.114+0000][7][gc,age      ] GC(437) - age   3:      15656 bytes,    1918344 total
[2023-11-16T06:22:15.114+0000][7][gc,age      ] GC(437) - age   4:     153056 bytes,    2071400 total
[2023-11-16T06:22:15.114+0000][7][gc,age      ] GC(437) - age   5:      93320 bytes,    2164720 total
[2023-11-16T06:22:15.114+0000][7][gc,age      ] GC(437) - age   6:     228504 bytes,    2393224 total
[2023-11-16T06:22:15.114+0000][7][gc,age      ] GC(437) - age   7:       2336 bytes,    2395560 total
[2023-11-16T06:22:15.114+0000][7][gc,age      ] GC(437) - age   8:       1408 bytes,    2396968 total
[2023-11-16T06:22:15.114+0000][7][gc,age      ] GC(437) - age   9:        344 bytes,    2397312 total
[2023-11-16T06:22:15.114+0000][7][gc,age      ] GC(437) - age  10:        192 bytes,    2397504 total
[2023-11-16T06:22:15.114+0000][7][gc,age      ] GC(437) - age  11:      14120 bytes,    2411624 total
[2023-11-16T06:22:15.114+0000][7][gc,age      ] GC(437) - age  12:     126560 bytes,    2538184 total
[2023-11-16T06:22:15.114+0000][7][gc,age      ] GC(437) - age  13:      27200 bytes,    2565384 total
[2023-11-16T06:22:15.114+0000][7][gc,age      ] GC(437) - age  14:       5144 bytes,    2570528 total
[2023-11-16T06:22:15.114+0000][7][gc,age      ] GC(437) - age  15:        872 bytes,    2571400 total
[2023-11-16T06:22:15.114+0000][7][gc,phases   ] GC(437)   Pre Evacuate Collection Set: 0.1ms
[2023-11-16T06:22:15.114+0000][7][gc,phases   ] GC(437)   Merge Heap Roots: 0.0ms
[2023-11-16T06:22:15.114+0000][7][gc,phases   ] GC(437)   Evacuate Collection Set: 1.6ms
[2023-11-16T06:22:15.114+0000][7][gc,phases   ] GC(437)   Post Evacuate Collection Set: 0.6ms
[2023-11-16T06:22:15.114+0000][7][gc,phases   ] GC(437)   Other: 0.3ms
[2023-11-16T06:22:15.114+0000][7][gc,heap     ] GC(437) Eden regions: 67->0(67)
[2023-11-16T06:22:15.114+0000][7][gc,heap     ] GC(437) Survivor regions: 1->1(9)
[2023-11-16T06:22:15.114+0000][7][gc,heap     ] GC(437) Old regions: 31->31
[2023-11-16T06:22:15.114+0000][7][gc,heap     ] GC(437) Archive regions: 2->2
[2023-11-16T06:22:15.114+0000][7][gc,heap     ] GC(437) Humongous regions: 5->5
[2023-11-16T06:22:15.114+0000][7][gc,metaspace] GC(437) Metaspace: 120481K(122176K)->120481K(122176K) NonClass: 104612K(105536K)->104612K(105536K) Class: 15868K(16640K)->15868K(16640K)
[2023-11-16T06:22:15.114+0000][7][gc          ] GC(437) Pause Young (Normal) (G1 Evacuation Pause) 418M->149M(512M) 2.578ms
[2023-11-16T06:22:15.114+0000][7][gc,cpu      ] GC(437) User=0.01s Sys=0.00s Real=0.00s
[2023-11-16T06:22:15.114+0000][7][safepoint   ] Safepoint "G1CollectForAllocation", Time since last: 5050661856 ns, Reaching safepoint: 38980 ns, At safepoint: 2647159 ns, Total: 2686139 ns
[2023-11-16T06:22:21.162+0000][7][gc,start    ] GC(438) Pause Young (Normal) (G1 Evacuation Pause)
[2023-11-16T06:22:21.162+0000][7][gc,task     ] GC(438) Using 8 workers of 8 for evacuation
[2023-11-16T06:22:21.162+0000][7][gc,age      ] GC(438) Desired survivor size 18874368 bytes, new threshold 15 (max threshold 15)
[2023-11-16T06:22:21.165+0000][7][gc,age      ] GC(438) Age table with threshold 15 (max threshold 15)
[2023-11-16T06:22:21.165+0000][7][gc,age      ] GC(438) - age   1:    1166832 bytes,    1166832 total
[2023-11-16T06:22:21.165+0000][7][gc,age      ] GC(438) - age   2:     415688 bytes,    1582520 total
[2023-11-16T06:22:21.165+0000][7][gc,age      ] GC(438) - age   3:     473144 bytes,    2055664 total
[2023-11-16T06:22:21.165+0000][7][gc,age      ] GC(438) - age   4:      14712 bytes,    2070376 total
[2023-11-16T06:22:21.165+0000][7][gc,age      ] GC(438) - age   5:     152136 bytes,    2222512 total
[2023-11-16T06:22:21.165+0000][7][gc,age      ] GC(438) - age   6:      74824 bytes,    2297336 total
[2023-11-16T06:22:21.165+0000][7][gc,age      ] GC(438) - age   7:     102072 bytes,    2399408 total
[2023-11-16T06:22:21.165+0000][7][gc,age      ] GC(438) - age   8:       2240 bytes,    2401648 total
[2023-11-16T06:22:21.165+0000][7][gc,age      ] GC(438) - age   9:       1408 bytes,    2403056 total
[2023-11-16T06:22:21.165+0000][7][gc,age      ] GC(438) - age  10:        344 bytes,    2403400 total
[2023-11-16T06:22:21.165+0000][7][gc,age      ] GC(438) - age  11:        192 bytes,    2403592 total
[2023-11-16T06:22:21.165+0000][7][gc,age      ] GC(438) - age  12:      14120 bytes,    2417712 total
[2023-11-16T06:22:21.165+0000][7][gc,age      ] GC(438) - age  13:     126560 bytes,    2544272 total
[2023-11-16T06:22:21.165+0000][7][gc,age      ] GC(438) - age  14:      27200 bytes,    2571472 total
[2023-11-16T06:22:21.165+0000][7][gc,age      ] GC(438) - age  15:       5144 bytes,    2576616 total
[2023-11-16T06:22:21.165+0000][7][gc,phases   ] GC(438)   Pre Evacuate Collection Set: 0.1ms
[2023-11-16T06:22:21.165+0000][7][gc,phases   ] GC(438)   Merge Heap Roots: 0.1ms
[2023-11-16T06:22:21.165+0000][7][gc,phases   ] GC(438)   Evacuate Collection Set: 1.5ms
[2023-11-16T06:22:21.165+0000][7][gc,phases   ] GC(438)   Post Evacuate Collection Set: 0.7ms
[2023-11-16T06:22:21.165+0000][7][gc,phases   ] GC(438)   Other: 0.3ms
[2023-11-16T06:22:21.165+0000][7][gc,heap     ] GC(438) Eden regions: 67->0(67)
[2023-11-16T06:22:21.165+0000][7][gc,heap     ] GC(438) Survivor regions: 1->1(9)
[2023-11-16T06:22:21.165+0000][7][gc,heap     ] GC(438) Old regions: 31->31
[2023-11-16T06:22:21.165+0000][7][gc,heap     ] GC(438) Archive regions: 2->2
[2023-11-16T06:22:21.165+0000][7][gc,heap     ] GC(438) Humongous regions: 5->5
[2023-11-16T06:22:21.165+0000][7][gc,metaspace] GC(438) Metaspace: 120481K(122176K)->120481K(122176K) NonClass: 104612K(105536K)->104612K(105536K) Class: 15868K(16640K)->15868K(16640K)
[2023-11-16T06:22:21.165+0000][7][gc          ] GC(438) Pause Young (Normal) (G1 Evacuation Pause) 417M->149M(512M) 2.720ms
[2023-11-16T06:22:21.165+0000][7][gc,cpu      ] GC(438) User=0.01s Sys=0.00s Real=0.00s
[2023-11-16T06:22:21.165+0000][7][safepoint   ] Safepoint "G1CollectForAllocation", Time since last: 6048080499 ns, Reaching safepoint: 79438 ns, At safepoint: 2805625 ns, Total: 2885063 ns
[2023-11-16T06:22:25.165+0000][7][safepoint   ] Safepoint "Cleanup", Time since last: 4000242671 ns, Reaching safepoint: 75031 ns, At safepoint: 6735 ns, Total: 81766 ns
[2023-11-16T06:22:29.660+0000][7][gc,start    ] GC(439) Pause Young (Normal) (G1 Evacuation Pause)
[2023-11-16T06:22:29.660+0000][7][gc,task     ] GC(439) Using 8 workers of 8 for evacuation
[2023-11-16T06:22:29.660+0000][7][gc,age      ] GC(439) Desired survivor size 18874368 bytes, new threshold 15 (max threshold 15)
[2023-11-16T06:22:29.663+0000][7][gc,age      ] GC(439) Age table with threshold 15 (max threshold 15)
[2023-11-16T06:22:29.663+0000][7][gc,age      ] GC(439) - age   1:    2169896 bytes,    2169896 total
[2023-11-16T06:22:29.663+0000][7][gc,age      ] GC(439) - age   2:     438312 bytes,    2608208 total
[2023-11-16T06:22:29.663+0000][7][gc,age      ] GC(439) - age   3:     413536 bytes,    3021744 total
[2023-11-16T06:22:29.663+0000][7][gc,age      ] GC(439) - age   4:     471848 bytes,    3493592 total
[2023-11-16T06:22:29.663+0000][7][gc,age      ] GC(439) - age   5:       7528 bytes,    3501120 total
[2023-11-16T06:22:29.663+0000][7][gc,age      ] GC(439) - age   6:     143824 bytes,    3644944 total
[2023-11-16T06:22:29.663+0000][7][gc,age      ] GC(439) - age   7:      74704 bytes,    3719648 total
[2023-11-16T06:22:29.663+0000][7][gc,age      ] GC(439) - age   8:     102040 bytes,    3821688 total
[2023-11-16T06:22:29.663+0000][7][gc,age      ] GC(439) - age   9:       2176 bytes,    3823864 total
[2023-11-16T06:22:29.663+0000][7][gc,age      ] GC(439) - age  10:       1408 bytes,    3825272 total
[2023-11-16T06:22:29.663+0000][7][gc,age      ] GC(439) - age  11:        280 bytes,    3825552 total
[2023-11-16T06:22:29.663+0000][7][gc,age      ] GC(439) - age  12:         64 bytes,    3825616 total
[2023-11-16T06:22:29.663+0000][7][gc,age      ] GC(439) - age  13:      14056 bytes,    3839672 total
[2023-11-16T06:22:29.663+0000][7][gc,age      ] GC(439) - age  14:     126560 bytes,    3966232 total
[2023-11-16T06:22:29.663+0000][7][gc,age      ] GC(439) - age  15:      27200 bytes,    3993432 total
[2023-11-16T06:22:29.663+0000][7][gc,phases   ] GC(439)   Pre Evacuate Collection Set: 0.1ms
[2023-11-16T06:22:29.663+0000][7][gc,phases   ] GC(439)   Merge Heap Roots: 0.2ms
[2023-11-16T06:22:29.663+0000][7][gc,phases   ] GC(439)   Evacuate Collection Set: 2.1ms
[2023-11-16T06:22:29.663+0000][7][gc,phases   ] GC(439)   Post Evacuate Collection Set: 0.7ms
[2023-11-16T06:22:29.663+0000][7][gc,phases   ] GC(439)   Other: 0.3ms
[2023-11-16T06:22:29.663+0000][7][gc,heap     ] GC(439) Eden regions: 67->0(66)
[2023-11-16T06:22:29.663+0000][7][gc,heap     ] GC(439) Survivor regions: 1->2(9)
[2023-11-16T06:22:29.663+0000][7][gc,heap     ] GC(439) Old regions: 31->31
[2023-11-16T06:22:29.663+0000][7][gc,heap     ] GC(439) Archive regions: 2->2
[2023-11-16T06:22:29.663+0000][7][gc,heap     ] GC(439) Humongous regions: 5->5
[2023-11-16T06:22:29.663+0000][7][gc,metaspace] GC(439) Metaspace: 120492K(122176K)->120492K(122176K) NonClass: 104623K(105536K)->104623K(105536K) Class: 15868K(16640K)->15868K(16640K)
[2023-11-16T06:22:29.663+0000][7][gc          ] GC(439) Pause Young (Normal) (G1 Evacuation Pause) 417M->151M(512M) 3.333ms
[2023-11-16T06:22:29.663+0000][7][gc,cpu      ] GC(439) User=0.01s Sys=0.00s Real=0.00s
[2023-11-16T06:22:29.663+0000][7][safepoint   ] Safepoint "G1CollectForAllocation", Time since last: 4494165455 ns, Reaching safepoint: 26798 ns, At safepoint: 3436459 ns, Total: 3463257 ns
[2023-11-16T06:22:33.267+0000][7][gc,start    ] GC(440) Pause Young (Normal) (G1 Evacuation Pause)
[2023-11-16T06:22:33.267+0000][7][gc,task     ] GC(440) Using 8 workers of 8 for evacuation
[2023-11-16T06:22:33.267+0000][7][gc,age      ] GC(440) Desired survivor size 18874368 bytes, new threshold 15 (max threshold 15)
[2023-11-16T06:22:33.270+0000][7][gc,age      ] GC(440) Age table with threshold 15 (max threshold 15)
[2023-11-16T06:22:33.270+0000][7][gc,age      ] GC(440) - age   1:    1054616 bytes,    1054616 total
[2023-11-16T06:22:33.270+0000][7][gc,age      ] GC(440) - age   2:     676256 bytes,    1730872 total
[2023-11-16T06:22:33.270+0000][7][gc,age      ] GC(440) - age   3:     211944 bytes,    1942816 total
[2023-11-16T06:22:33.270+0000][7][gc,age      ] GC(440) - age   4:     286816 bytes,    2229632 total
[2023-11-16T06:22:33.270+0000][7][gc,age      ] GC(440) - age   5:     347480 bytes,    2577112 total
[2023-11-16T06:22:33.270+0000][7][gc,age      ] GC(440) - age   6:       4744 bytes,    2581856 total
[2023-11-16T06:22:33.270+0000][7][gc,age      ] GC(440) - age   7:      17368 bytes,    2599224 total
[2023-11-16T06:22:33.270+0000][7][gc,age      ] GC(440) - age   8:      74704 bytes,    2673928 total
[2023-11-16T06:22:33.270+0000][7][gc,age      ] GC(440) - age   9:     102040 bytes,    2775968 total
[2023-11-16T06:22:33.270+0000][7][gc,age      ] GC(440) - age  10:       2176 bytes,    2778144 total
[2023-11-16T06:22:33.270+0000][7][gc,age      ] GC(440) - age  11:       1224 bytes,    2779368 total
[2023-11-16T06:22:33.270+0000][7][gc,age      ] GC(440) - age  12:        280 bytes,    2779648 total
[2023-11-16T06:22:33.270+0000][7][gc,age      ] GC(440) - age  13:         64 bytes,    2779712 total
[2023-11-16T06:22:33.270+0000][7][gc,age      ] GC(440) - age  14:      14056 bytes,    2793768 total
[2023-11-16T06:22:33.270+0000][7][gc,age      ] GC(440) - age  15:     126560 bytes,    2920328 total
[2023-11-16T06:22:33.270+0000][7][gc,phases   ] GC(440)   Pre Evacuate Collection Set: 0.1ms
[2023-11-16T06:22:33.270+0000][7][gc,phases   ] GC(440)   Merge Heap Roots: 0.0ms
[2023-11-16T06:22:33.270+0000][7][gc,phases   ] GC(440)   Evacuate Collection Set: 1.8ms
[2023-11-16T06:22:33.270+0000][7][gc,phases   ] GC(440)   Post Evacuate Collection Set: 0.6ms
[2023-11-16T06:22:33.270+0000][7][gc,phases   ] GC(440)   Other: 0.2ms
[2023-11-16T06:22:33.270+0000][7][gc,heap     ] GC(440) Eden regions: 66->0(67)
[2023-11-16T06:22:33.270+0000][7][gc,heap     ] GC(440) Survivor regions: 2->1(9)
[2023-11-16T06:22:33.270+0000][7][gc,heap     ] GC(440) Old regions: 31->31
[2023-11-16T06:22:33.270+0000][7][gc,heap     ] GC(440) Archive regions: 2->2
[2023-11-16T06:22:33.270+0000][7][gc,heap     ] GC(440) Humongous regions: 5->5
[2023-11-16T06:22:33.270+0000][7][gc,metaspace] GC(440) Metaspace: 120492K(122176K)->120492K(122176K) NonClass: 104623K(105536K)->104623K(105536K) Class: 15868K(16640K)->15868K(16640K)
[2023-11-16T06:22:33.270+0000][7][gc          ] GC(440) Pause Young (Normal) (G1 Evacuation Pause) 415M->150M(512M) 2.710ms
[2023-11-16T06:22:33.270+0000][7][gc,cpu      ] GC(440) User=0.01s Sys=0.00s Real=0.01s
[2023-11-16T06:22:33.270+0000][7][safepoint   ] Safepoint "G1CollectForAllocation", Time since last: 3604001500 ns, Reaching safepoint: 59319 ns, At safepoint: 2789302 ns, Total: 2848621 ns
[2023-11-16T06:22:35.271+0000][7][safepoint   ] Safepoint "Cleanup", Time since last: 2000582779 ns, Reaching safepoint: 116704 ns, At safepoint: 11262 ns, Total: 127966 ns
[2023-11-16T06:22:38.271+0000][7][safepoint   ] Safepoint "Cleanup", Time since last: 3000525410 ns, Reaching safepoint: 41169 ns, At safepoint: 3967 ns, Total: 45136 ns
[2023-11-16T06:22:40.165+0000][7][gc,start    ] GC(441) Pause Young (Normal) (G1 Evacuation Pause)
[2023-11-16T06:22:40.165+0000][7][gc,task     ] GC(441) Using 8 workers of 8 for evacuation
[2023-11-16T06:22:40.165+0000][7][gc,age      ] GC(441) Desired survivor size 18874368 bytes, new threshold 15 (max threshold 15)
[2023-11-16T06:22:40.172+0000][7][gc,age      ] GC(441) Age table with threshold 15 (max threshold 15)
[2023-11-16T06:22:40.173+0000][7][gc,age      ] GC(441) - age   1:    1636752 bytes,    1636752 total
[2023-11-16T06:22:40.173+0000][7][gc,age      ] GC(441) - age   2:     325856 bytes,    1962608 total
[2023-11-16T06:22:40.173+0000][7][gc,age      ] GC(441) - age   3:     315104 bytes,    2277712 total
[2023-11-16T06:22:40.173+0000][7][gc,age      ] GC(441) - age   4:       4600 bytes,    2282312 total
[2023-11-16T06:22:40.173+0000][7][gc,age      ] GC(441) - age   5:      83720 bytes,    2366032 total
[2023-11-16T06:22:40.173+0000][7][gc,age      ] GC(441) - age   6:     331632 bytes,    2697664 total
[2023-11-16T06:22:40.173+0000][7][gc,age      ] GC(441) - age   7:       4720 bytes,    2702384 total
[2023-11-16T06:22:40.173+0000][7][gc,age      ] GC(441) - age   8:      17368 bytes,    2719752 total
[2023-11-16T06:22:40.173+0000][7][gc,age      ] GC(441) - age   9:      37432 bytes,    2757184 total
[2023-11-16T06:22:40.173+0000][7][gc,age      ] GC(441) - age  10:        160 bytes,    2757344 total
[2023-11-16T06:22:40.173+0000][7][gc,age      ] GC(441) - age  11:       1952 bytes,    2759296 total
[2023-11-16T06:22:40.173+0000][7][gc,age      ] GC(441) - age  12:       1160 bytes,    2760456 total
[2023-11-16T06:22:40.173+0000][7][gc,age      ] GC(441) - age  13:        216 bytes,    2760672 total
[2023-11-16T06:22:40.173+0000][7][gc,age      ] GC(441) - age  15:      14056 bytes,    2774728 total
[2023-11-16T06:22:40.173+0000][7][gc,phases   ] GC(441)   Pre Evacuate Collection Set: 0.1ms
[2023-11-16T06:22:40.173+0000][7][gc,phases   ] GC(441)   Merge Heap Roots: 0.1ms
[2023-11-16T06:22:40.173+0000][7][gc,phases   ] GC(441)   Evacuate Collection Set: 6.9ms
[2023-11-16T06:22:40.173+0000][7][gc,phases   ] GC(441)   Post Evacuate Collection Set: 0.6ms
[2023-11-16T06:22:40.173+0000][7][gc,phases   ] GC(441)   Other: 0.3ms
[2023-11-16T06:22:40.173+0000][7][gc,heap     ] GC(441) Eden regions: 67->0(67)
[2023-11-16T06:22:40.173+0000][7][gc,heap     ] GC(441) Survivor regions: 1->1(9)
[2023-11-16T06:22:40.173+0000][7][gc,heap     ] GC(441) Old regions: 31->31
[2023-11-16T06:22:40.173+0000][7][gc,heap     ] GC(441) Archive regions: 2->2
[2023-11-16T06:22:40.173+0000][7][gc,heap     ] GC(441) Humongous regions: 5->5
[2023-11-16T06:22:40.173+0000][7][gc,metaspace] GC(441) Metaspace: 120493K(122176K)->120493K(122176K) NonClass: 104625K(105536K)->104625K(105536K) Class: 15868K(16640K)->15868K(16640K)
[2023-11-16T06:22:40.173+0000][7][gc          ] GC(441) Pause Young (Normal) (G1 Evacuation Pause) 418M->150M(512M) 7.911ms
[2023-11-16T06:22:40.173+0000][7][gc,cpu      ] GC(441) User=0.01s Sys=0.01s Real=0.01s
[2023-11-16T06:22:40.173+0000][7][safepoint   ] Safepoint "G1CollectForAllocation", Time since last: 1893574342 ns, Reaching safepoint: 60150 ns, At safepoint: 7985948 ns, Total: 8046098 ns
[2023-11-16T06:22:47.387+0000][7][gc,start    ] GC(442) Pause Young (Normal) (G1 Evacuation Pause)
[2023-11-16T06:22:47.387+0000][7][gc,task     ] GC(442) Using 8 workers of 8 for evacuation
[2023-11-16T06:22:47.387+0000][7][gc,age      ] GC(442) Desired survivor size 18874368 bytes, new threshold 15 (max threshold 15)
[2023-11-16T06:22:47.394+0000][7][gc,age      ] GC(442) Age table with threshold 15 (max threshold 15)
[2023-11-16T06:22:47.394+0000][7][gc,age      ] GC(442) - age   1:    2709064 bytes,    2709064 total
[2023-11-16T06:22:47.394+0000][7][gc,age      ] GC(442) - age   2:     414880 bytes,    3123944 total
[2023-11-16T06:22:47.394+0000][7][gc,age      ] GC(442) - age   3:     127280 bytes,    3251224 total
[2023-11-16T06:22:47.394+0000][7][gc,age      ] GC(442) - age   4:      19840 bytes,    3271064 total
[2023-11-16T06:22:47.394+0000][7][gc,age      ] GC(442) - age   5:       3536 bytes,    3274600 total
[2023-11-16T06:22:47.394+0000][7][gc,age      ] GC(442) - age   6:      83560 bytes,    3358160 total
[2023-11-16T06:22:47.394+0000][7][gc,age      ] GC(442) - age   7:     331632 bytes,    3689792 total
[2023-11-16T06:22:47.394+0000][7][gc,age      ] GC(442) - age   8:       4592 bytes,    3694384 total
[2023-11-16T06:22:47.394+0000][7][gc,age      ] GC(442) - age   9:      17368 bytes,    3711752 total
[2023-11-16T06:22:47.394+0000][7][gc,age      ] GC(442) - age  10:      36856 bytes,    3748608 total
[2023-11-16T06:22:47.394+0000][7][gc,age      ] GC(442) - age  11:         64 bytes,    3748672 total
[2023-11-16T06:22:47.394+0000][7][gc,age      ] GC(442) - age  12:       1920 bytes,    3750592 total
[2023-11-16T06:22:47.394+0000][7][gc,age      ] GC(442) - age  13:       1096 bytes,    3751688 total
[2023-11-16T06:22:47.394+0000][7][gc,age      ] GC(442) - age  14:         88 bytes,    3751776 total
[2023-11-16T06:22:47.394+0000][7][gc,phases   ] GC(442)   Pre Evacuate Collection Set: 0.1ms
[2023-11-16T06:22:47.394+0000][7][gc,phases   ] GC(442)   Merge Heap Roots: 0.0ms
[2023-11-16T06:22:47.394+0000][7][gc,phases   ] GC(442)   Evacuate Collection Set: 5.9ms
[2023-11-16T06:22:47.394+0000][7][gc,phases   ] GC(442)   Post Evacuate Collection Set: 0.4ms
[2023-11-16T06:22:47.394+0000][7][gc,phases   ] GC(442)   Other: 0.2ms
[2023-11-16T06:22:47.394+0000][7][gc,heap     ] GC(442) Eden regions: 67->0(67)
[2023-11-16T06:22:47.394+0000][7][gc,heap     ] GC(442) Survivor regions: 1->1(9)
[2023-11-16T06:22:47.394+0000][7][gc,heap     ] GC(442) Old regions: 31->31
[2023-11-16T06:22:47.394+0000][7][gc,heap     ] GC(442) Archive regions: 2->2
[2023-11-16T06:22:47.394+0000][7][gc,heap     ] GC(442) Humongous regions: 5->5
[2023-11-16T06:22:47.394+0000][7][gc,metaspace] GC(442) Metaspace: 120493K(122176K)->120493K(122176K) NonClass: 104625K(105536K)->104625K(105536K) Class: 15868K(16640K)->15868K(16640K)
[2023-11-16T06:22:47.394+0000][7][gc          ] GC(442) Pause Young (Normal) (G1 Evacuation Pause) 418M->151M(512M) 6.757ms
[2023-11-16T06:22:47.394+0000][7][gc,cpu      ] GC(442) User=0.02s Sys=0.00s Real=0.01s
[2023-11-16T06:22:47.394+0000][7][safepoint   ] Safepoint "G1CollectForAllocation", Time since last: 7214189257 ns, Reaching safepoint: 70918 ns, At safepoint: 6824916 ns, Total: 6895834 ns
[2023-11-16T06:22:53.395+0000][7][safepoint   ] Safepoint "Cleanup", Time since last: 6000956288 ns, Reaching safepoint: 155639 ns, At safepoint: 6364 ns, Total: 162003 ns
[2023-11-16T06:22:54.476+0000][7][gc,start    ] GC(443) Pause Young (Normal) (G1 Evacuation Pause)
[2023-11-16T06:22:54.476+0000][7][gc,task     ] GC(443) Using 8 workers of 8 for evacuation
[2023-11-16T06:22:54.477+0000][7][gc,age      ] GC(443) Desired survivor size 18874368 bytes, new threshold 15 (max threshold 15)
[2023-11-16T06:22:54.480+0000][7][gc,age      ] GC(443) Age table with threshold 15 (max threshold 15)
[2023-11-16T06:22:54.480+0000][7][gc,age      ] GC(443) - age   1:    1861344 bytes,    1861344 total
[2023-11-16T06:22:54.480+0000][7][gc,age      ] GC(443) - age   2:     442960 bytes,    2304304 total
[2023-11-16T06:22:54.480+0000][7][gc,age      ] GC(443) - age   3:     213816 bytes,    2518120 total
[2023-11-16T06:22:54.480+0000][7][gc,age      ] GC(443) - age   4:     126936 bytes,    2645056 total
[2023-11-16T06:22:54.480+0000][7][gc,age      ] GC(443) - age   5:      17200 bytes,    2662256 total
[2023-11-16T06:22:54.480+0000][7][gc,age      ] GC(443) - age   6:       3376 bytes,    2665632 total
[2023-11-16T06:22:54.480+0000][7][gc,age      ] GC(443) - age   7:      83192 bytes,    2748824 total
[2023-11-16T06:22:54.480+0000][7][gc,age      ] GC(443) - age   8:     331632 bytes,    3080456 total
[2023-11-16T06:22:54.480+0000][7][gc,age      ] GC(443) - age   9:       4304 bytes,    3084760 total
[2023-11-16T06:22:54.480+0000][7][gc,age      ] GC(443) - age  10:      17000 bytes,    3101760 total
[2023-11-16T06:22:54.480+0000][7][gc,age      ] GC(443) - age  11:      36608 bytes,    3138368 total
[2023-11-16T06:22:54.480+0000][7][gc,age      ] GC(443) - age  12:         64 bytes,    3138432 total
[2023-11-16T06:22:54.480+0000][7][gc,age      ] GC(443) - age  13:       1920 bytes,    3140352 total
[2023-11-16T06:22:54.480+0000][7][gc,age      ] GC(443) - age  14:       1096 bytes,    3141448 total
[2023-11-16T06:22:54.480+0000][7][gc,age      ] GC(443) - age  15:         88 bytes,    3141536 total
[2023-11-16T06:22:54.480+0000][7][gc,phases   ] GC(443)   Pre Evacuate Collection Set: 0.1ms
[2023-11-16T06:22:54.480+0000][7][gc,phases   ] GC(443)   Merge Heap Roots: 0.1ms
[2023-11-16T06:22:54.480+0000][7][gc,phases   ] GC(443)   Evacuate Collection Set: 2.2ms
[2023-11-16T06:22:54.480+0000][7][gc,phases   ] GC(443)   Post Evacuate Collection Set: 0.6ms
[2023-11-16T06:22:54.480+0000][7][gc,phases   ] GC(443)   Other: 0.2ms
[2023-11-16T06:22:54.480+0000][7][gc,heap     ] GC(443) Eden regions: 67->0(67)
[2023-11-16T06:22:54.480+0000][7][gc,heap     ] GC(443) Survivor regions: 1->1(9)
[2023-11-16T06:22:54.480+0000][7][gc,heap     ] GC(443) Old regions: 31->31
[2023-11-16T06:22:54.480+0000][7][gc,heap     ] GC(443) Archive regions: 2->2
[2023-11-16T06:22:54.480+0000][7][gc,heap     ] GC(443) Humongous regions: 5->5
[2023-11-16T06:22:54.480+0000][7][gc,metaspace] GC(443) Metaspace: 120493K(122176K)->120493K(122176K) NonClass: 104625K(105536K)->104625K(105536K) Class: 15868K(16640K)->15868K(16640K)
[2023-11-16T06:22:54.480+0000][7][gc          ] GC(443) Pause Young (Normal) (G1 Evacuation Pause) 419M->150M(512M) 3.297ms
[2023-11-16T06:22:54.480+0000][7][gc,cpu      ] GC(443) User=0.02s Sys=0.00s Real=0.01s
[2023-11-16T06:22:54.480+0000][7][safepoint   ] Safepoint "G1CollectForAllocation", Time since last: 1081439211 ns, Reaching safepoint: 67936 ns, At safepoint: 3390117 ns, Total: 3458053 ns
[2023-11-16T06:23:01.510+0000][7][gc,start    ] GC(444) Pause Young (Normal) (G1 Evacuation Pause)
[2023-11-16T06:23:01.510+0000][7][gc,task     ] GC(444) Using 8 workers of 8 for evacuation
[2023-11-16T06:23:01.510+0000][7][gc,age      ] GC(444) Desired survivor size 18874368 bytes, new threshold 15 (max threshold 15)
[2023-11-16T06:23:01.512+0000][7][gc,age      ] GC(444) Age table with threshold 15 (max threshold 15)
[2023-11-16T06:23:01.512+0000][7][gc,age      ] GC(444) - age   1:    1227856 bytes,    1227856 total
[2023-11-16T06:23:01.512+0000][7][gc,age      ] GC(444) - age   2:     130376 bytes,    1358232 total
[2023-11-16T06:23:01.512+0000][7][gc,age      ] GC(444) - age   3:     100160 bytes,    1458392 total
[2023-11-16T06:23:01.512+0000][7][gc,age      ] GC(444) - age   4:     120960 bytes,    1579352 total
[2023-11-16T06:23:01.512+0000][7][gc,age      ] GC(444) - age   5:     126936 bytes,    1706288 total
[2023-11-16T06:23:01.512+0000][7][gc,age      ] GC(444) - age   6:       2184 bytes,    1708472 total
[2023-11-16T06:23:01.512+0000][7][gc,age      ] GC(444) - age   7:       3312 bytes,    1711784 total
[2023-11-16T06:23:01.512+0000][7][gc,age      ] GC(444) - age   8:      25416 bytes,    1737200 total
[2023-11-16T06:23:01.512+0000][7][gc,age      ] GC(444) - age   9:     229920 bytes,    1967120 total
[2023-11-16T06:23:01.512+0000][7][gc,age      ] GC(444) - age  10:       4304 bytes,    1971424 total
[2023-11-16T06:23:01.512+0000][7][gc,age      ] GC(444) - age  11:      17000 bytes,    1988424 total
[2023-11-16T06:23:01.512+0000][7][gc,age      ] GC(444) - age  12:      36608 bytes,    2025032 total
[2023-11-16T06:23:01.512+0000][7][gc,age      ] GC(444) - age  13:         64 bytes,    2025096 total
[2023-11-16T06:23:01.512+0000][7][gc,age      ] GC(444) - age  14:       1920 bytes,    2027016 total
[2023-11-16T06:23:01.512+0000][7][gc,age      ] GC(444) - age  15:       1096 bytes,    2028112 total
[2023-11-16T06:23:01.512+0000][7][gc,phases   ] GC(444)   Pre Evacuate Collection Set: 0.1ms
[2023-11-16T06:23:01.512+0000][7][gc,phases   ] GC(444)   Merge Heap Roots: 0.1ms
[2023-11-16T06:23:01.512+0000][7][gc,phases   ] GC(444)   Evacuate Collection Set: 1.3ms
[2023-11-16T06:23:01.512+0000][7][gc,phases   ] GC(444)   Post Evacuate Collection Set: 0.5ms
[2023-11-16T06:23:01.512+0000][7][gc,phases   ] GC(444)   Other: 0.3ms
[2023-11-16T06:23:01.512+0000][7][gc,heap     ] GC(444) Eden regions: 67->0(67)
[2023-11-16T06:23:01.512+0000][7][gc,heap     ] GC(444) Survivor regions: 1->1(9)
[2023-11-16T06:23:01.512+0000][7][gc,heap     ] GC(444) Old regions: 31->31
[2023-11-16T06:23:01.512+0000][7][gc,heap     ] GC(444) Archive regions: 2->2
[2023-11-16T06:23:01.512+0000][7][gc,heap     ] GC(444) Humongous regions: 5->5
[2023-11-16T06:23:01.512+0000][7][gc,metaspace] GC(444) Metaspace: 120495K(122176K)->120495K(122176K) NonClass: 104627K(105536K)->104627K(105536K) Class: 15868K(16640K)->15868K(16640K)
[2023-11-16T06:23:01.512+0000][7][gc          ] GC(444) Pause Young (Normal) (G1 Evacuation Pause) 418M->149M(512M) 2.166ms
[2023-11-16T06:23:01.512+0000][7][gc,cpu      ] GC(444) User=0.01s Sys=0.00s Real=0.00s
[2023-11-16T06:23:01.512+0000][7][safepoint   ] Safepoint "G1CollectForAllocation", Time since last: 7030008324 ns, Reaching safepoint: 39748 ns, At safepoint: 2263881 ns, Total: 2303629 ns
[2023-11-16T06:23:05.513+0000][7][safepoint   ] Safepoint "Cleanup", Time since last: 4000736554 ns, Reaching safepoint: 93631 ns, At safepoint: 10585 ns, Total: 104216 ns
[2023-11-16T06:23:07.513+0000][7][safepoint   ] Safepoint "Cleanup", Time since last: 2000287362 ns, Reaching safepoint: 46043 ns, At safepoint: 38595 ns, Total: 84638 ns
[2023-11-16T06:23:07.889+0000][7][gc,start    ] GC(445) Pause Young (Normal) (G1 Evacuation Pause)
[2023-11-16T06:23:07.889+0000][7][gc,task     ] GC(445) Using 8 workers of 8 for evacuation
[2023-11-16T06:23:07.889+0000][7][gc,age      ] GC(445) Desired survivor size 18874368 bytes, new threshold 15 (max threshold 15)
[2023-11-16T06:23:07.892+0000][7][gc,age      ] GC(445) Age table with threshold 15 (max threshold 15)
[2023-11-16T06:23:07.892+0000][7][gc,age      ] GC(445) - age   1:    1928968 bytes,    1928968 total
[2023-11-16T06:23:07.892+0000][7][gc,age      ] GC(445) - age   2:     270408 bytes,    2199376 total
[2023-11-16T06:23:07.892+0000][7][gc,age      ] GC(445) - age   3:     127456 bytes,    2326832 total
[2023-11-16T06:23:07.892+0000][7][gc,age      ] GC(445) - age   4:       1376 bytes,    2328208 total
[2023-11-16T06:23:07.892+0000][7][gc,age      ] GC(445) - age   5:     118064 bytes,    2446272 total
[2023-11-16T06:23:07.892+0000][7][gc,age      ] GC(445) - age   6:     126656 bytes,    2572928 total
[2023-11-16T06:23:07.892+0000][7][gc,age      ] GC(445) - age   7:       2024 bytes,    2574952 total
[2023-11-16T06:23:07.892+0000][7][gc,age      ] GC(445) - age   8:       3120 bytes,    2578072 total
[2023-11-16T06:23:07.892+0000][7][gc,age      ] GC(445) - age   9:      25096 bytes,    2603168 total
[2023-11-16T06:23:07.892+0000][7][gc,age      ] GC(445) - age  10:     229728 bytes,    2832896 total
[2023-11-16T06:23:07.892+0000][7][gc,age      ] GC(445) - age  11:       4304 bytes,    2837200 total
[2023-11-16T06:23:07.892+0000][7][gc,age      ] GC(445) - age  12:      17000 bytes,    2854200 total
[2023-11-16T06:23:07.892+0000][7][gc,age      ] GC(445) - age  13:      36608 bytes,    2890808 total
[2023-11-16T06:23:07.892+0000][7][gc,age      ] GC(445) - age  14:         64 bytes,    2890872 total
[2023-11-16T06:23:07.892+0000][7][gc,age      ] GC(445) - age  15:       1920 bytes,    2892792 total
[2023-11-16T06:23:07.892+0000][7][gc,phases   ] GC(445)   Pre Evacuate Collection Set: 0.1ms
[2023-11-16T06:23:07.892+0000][7][gc,phases   ] GC(445)   Merge Heap Roots: 0.0ms
[2023-11-16T06:23:07.892+0000][7][gc,phases   ] GC(445)   Evacuate Collection Set: 2.0ms
[2023-11-16T06:23:07.892+0000][7][gc,phases   ] GC(445)   Post Evacuate Collection Set: 0.6ms
[2023-11-16T06:23:07.892+0000][7][gc,phases   ] GC(445)   Other: 0.3ms
[2023-11-16T06:23:07.892+0000][7][gc,heap     ] GC(445) Eden regions: 67->0(67)
[2023-11-16T06:23:07.892+0000][7][gc,heap     ] GC(445) Survivor regions: 1->1(9)
[2023-11-16T06:23:07.892+0000][7][gc,heap     ] GC(445) Old regions: 31->31
[2023-11-16T06:23:07.892+0000][7][gc,heap     ] GC(445) Archive regions: 2->2
[2023-11-16T06:23:07.892+0000][7][gc,heap     ] GC(445) Humongous regions: 5->5
[2023-11-16T06:23:07.892+0000][7][gc,metaspace] GC(445) Metaspace: 120503K(122176K)->120503K(122176K) NonClass: 104634K(105536K)->104634K(105536K) Class: 15869K(16640K)->15869K(16640K)
[2023-11-16T06:23:07.892+0000][7][gc          ] GC(445) Pause Young (Normal) (G1 Evacuation Pause) 417M->150M(512M) 3.008ms
[2023-11-16T06:23:07.892+0000][7][gc,cpu      ] GC(445) User=0.01s Sys=0.00s Real=0.00s
[2023-11-16T06:23:07.892+0000][7][safepoint   ] Safepoint "G1CollectForAllocation", Time since last: 375735201 ns, Reaching safepoint: 112242 ns, At safepoint: 3117381 ns, Total: 3229623 ns
[2023-11-16T06:23:13.894+0000][7][safepoint   ] Safepoint "Cleanup", Time since last: 6001428358 ns, Reaching safepoint: 76655 ns, At safepoint: 4657 ns, Total: 81312 ns
[2023-11-16T06:23:15.631+0000][7][gc,start    ] GC(446) Pause Young (Normal) (G1 Evacuation Pause)
[2023-11-16T06:23:15.631+0000][7][gc,task     ] GC(446) Using 8 workers of 8 for evacuation
[2023-11-16T06:23:15.631+0000][7][gc,age      ] GC(446) Desired survivor size 18874368 bytes, new threshold 15 (max threshold 15)
[2023-11-16T06:23:15.634+0000][7][gc,age      ] GC(446) Age table with threshold 15 (max threshold 15)
[2023-11-16T06:23:15.634+0000][7][gc,age      ] GC(446) - age   1:    1975448 bytes,    1975448 total
[2023-11-16T06:23:15.634+0000][7][gc,age      ] GC(446) - age   2:     784112 bytes,    2759560 total
[2023-11-16T06:23:15.634+0000][7][gc,age      ] GC(446) - age   3:     268040 bytes,    3027600 total
[2023-11-16T06:23:15.634+0000][7][gc,age      ] GC(446) - age   4:     127424 bytes,    3155024 total
[2023-11-16T06:23:15.634+0000][7][gc,age      ] GC(446) - age   5:       1056 bytes,    3156080 total
[2023-11-16T06:23:15.634+0000][7][gc,age      ] GC(446) - age   6:     117896 bytes,    3273976 total
[2023-11-16T06:23:15.634+0000][7][gc,age      ] GC(446) - age   7:     126656 bytes,    3400632 total
[2023-11-16T06:23:15.634+0000][7][gc,age      ] GC(446) - age   8:       1832 bytes,    3402464 total
[2023-11-16T06:23:15.634+0000][7][gc,age      ] GC(446) - age   9:       2960 bytes,    3405424 total
[2023-11-16T06:23:15.634+0000][7][gc,age      ] GC(446) - age  10:      24968 bytes,    3430392 total
[2023-11-16T06:23:15.634+0000][7][gc,age      ] GC(446) - age  11:     229664 bytes,    3660056 total
[2023-11-16T06:23:15.634+0000][7][gc,age      ] GC(446) - age  12:       4304 bytes,    3664360 total
[2023-11-16T06:23:15.634+0000][7][gc,age      ] GC(446) - age  13:      17000 bytes,    3681360 total
[2023-11-16T06:23:15.634+0000][7][gc,age      ] GC(446) - age  14:      36544 bytes,    3717904 total
[2023-11-16T06:23:15.634+0000][7][gc,phases   ] GC(446)   Pre Evacuate Collection Set: 0.1ms
[2023-11-16T06:23:15.635+0000][7][gc,phases   ] GC(446)   Merge Heap Roots: 0.1ms
[2023-11-16T06:23:15.635+0000][7][gc,phases   ] GC(446)   Evacuate Collection Set: 1.7ms
[2023-11-16T06:23:15.635+0000][7][gc,phases   ] GC(446)   Post Evacuate Collection Set: 0.7ms
[2023-11-16T06:23:15.635+0000][7][gc,phases   ] GC(446)   Other: 1.1ms
[2023-11-16T06:23:15.635+0000][7][gc,heap     ] GC(446) Eden regions: 67->0(67)
[2023-11-16T06:23:15.635+0000][7][gc,heap     ] GC(446) Survivor regions: 1->1(9)
[2023-11-16T06:23:15.635+0000][7][gc,heap     ] GC(446) Old regions: 31->31
[2023-11-16T06:23:15.635+0000][7][gc,heap     ] GC(446) Archive regions: 2->2
[2023-11-16T06:23:15.635+0000][7][gc,heap     ] GC(446) Humongous regions: 5->5
[2023-11-16T06:23:15.635+0000][7][gc,metaspace] GC(446) Metaspace: 120516K(122240K)->120516K(122240K) NonClass: 104646K(105600K)->104646K(105600K) Class: 15869K(16640K)->15869K(16640K)
[2023-11-16T06:23:15.635+0000][7][gc          ] GC(446) Pause Young (Normal) (G1 Evacuation Pause) 418M->151M(512M) 3.662ms
[2023-11-16T06:23:15.635+0000][7][gc,cpu      ] GC(446) User=0.02s Sys=0.00s Real=0.00s
[2023-11-16T06:23:15.635+0000][7][safepoint   ] Safepoint "G1CollectForAllocation", Time since last: 1736981540 ns, Reaching safepoint: 71906 ns, At safepoint: 3741527 ns, Total: 3813433 ns
[2023-11-16T06:23:17.635+0000][7][safepoint   ] Safepoint "Cleanup", Time since last: 2000223416 ns, Reaching safepoint: 71214 ns, At safepoint: 4035 ns, Total: 75249 ns
[2023-11-16T06:23:20.635+0000][7][safepoint   ] Safepoint "Cleanup", Time since last: 3000503036 ns, Reaching safepoint: 53133 ns, At safepoint: 6340 ns, Total: 59473 ns
[2023-11-16T06:23:21.636+0000][7][safepoint   ] Safepoint "Cleanup", Time since last: 1000084440 ns, Reaching safepoint: 51145 ns, At safepoint: 24179 ns, Total: 75324 ns
[2023-11-16T06:23:22.471+0000][7][gc,start    ] GC(447) Pause Young (Normal) (G1 Evacuation Pause)
[2023-11-16T06:23:22.471+0000][7][gc,task     ] GC(447) Using 8 workers of 8 for evacuation
[2023-11-16T06:23:22.471+0000][7][gc,age      ] GC(447) Desired survivor size 18874368 bytes, new threshold 15 (max threshold 15)
[2023-11-16T06:23:22.473+0000][7][gc,age      ] GC(447) Age table with threshold 15 (max threshold 15)
[2023-11-16T06:23:22.473+0000][7][gc,age      ] GC(447) - age   1:    1641128 bytes,    1641128 total
[2023-11-16T06:23:22.473+0000][7][gc,age      ] GC(447) - age   2:      22472 bytes,    1663600 total
[2023-11-16T06:23:22.473+0000][7][gc,age      ] GC(447) - age   3:     171552 bytes,    1835152 total
[2023-11-16T06:23:22.473+0000][7][gc,age      ] GC(447) - age   4:     267912 bytes,    2103064 total
[2023-11-16T06:23:22.473+0000][7][gc,age      ] GC(447) - age   5:       1560 bytes,    2104624 total
[2023-11-16T06:23:22.473+0000][7][gc,age      ] GC(447) - age   6:        736 bytes,    2105360 total
[2023-11-16T06:23:22.473+0000][7][gc,age      ] GC(447) - age   7:        832 bytes,    2106192 total
[2023-11-16T06:23:22.473+0000][7][gc,age      ] GC(447) - age   8:     126656 bytes,    2232848 total
[2023-11-16T06:23:22.473+0000][7][gc,age      ] GC(447) - age   9:       1832 bytes,    2234680 total
[2023-11-16T06:23:22.473+0000][7][gc,age      ] GC(447) - age  10:       2960 bytes,    2237640 total
[2023-11-16T06:23:22.473+0000][7][gc,age      ] GC(447) - age  11:      24968 bytes,    2262608 total
[2023-11-16T06:23:22.473+0000][7][gc,age      ] GC(447) - age  12:     229664 bytes,    2492272 total
[2023-11-16T06:23:22.473+0000][7][gc,age      ] GC(447) - age  13:       4304 bytes,    2496576 total
[2023-11-16T06:23:22.473+0000][7][gc,age      ] GC(447) - age  14:      17000 bytes,    2513576 total
[2023-11-16T06:23:22.473+0000][7][gc,age      ] GC(447) - age  15:      36544 bytes,    2550120 total
[2023-11-16T06:23:22.473+0000][7][gc,phases   ] GC(447)   Pre Evacuate Collection Set: 0.1ms
[2023-11-16T06:23:22.473+0000][7][gc,phases   ] GC(447)   Merge Heap Roots: 0.1ms
[2023-11-16T06:23:22.473+0000][7][gc,phases   ] GC(447)   Evacuate Collection Set: 1.5ms
[2023-11-16T06:23:22.473+0000][7][gc,phases   ] GC(447)   Post Evacuate Collection Set: 0.6ms
[2023-11-16T06:23:22.473+0000][7][gc,phases   ] GC(447)   Other: 0.3ms
[2023-11-16T06:23:22.473+0000][7][gc,heap     ] GC(447) Eden regions: 67->0(67)
[2023-11-16T06:23:22.473+0000][7][gc,heap     ] GC(447) Survivor regions: 1->1(9)
[2023-11-16T06:23:22.473+0000][7][gc,heap     ] GC(447) Old regions: 31->31
[2023-11-16T06:23:22.473+0000][7][gc,heap     ] GC(447) Archive regions: 2->2
[2023-11-16T06:23:22.473+0000][7][gc,heap     ] GC(447) Humongous regions: 5->5
[2023-11-16T06:23:22.473+0000][7][gc,metaspace] GC(447) Metaspace: 120518K(122240K)->120518K(122240K) NonClass: 104648K(105600K)->104648K(105600K) Class: 15869K(16640K)->15869K(16640K)
[2023-11-16T06:23:22.473+0000][7][gc          ] GC(447) Pause Young (Normal) (G1 Evacuation Pause) 419M->150M(512M) 2.536ms
[2023-11-16T06:23:22.473+0000][7][gc,cpu      ] GC(447) User=0.01s Sys=0.00s Real=0.00s
[2023-11-16T06:23:22.473+0000][7][safepoint   ] Safepoint "G1CollectForAllocation", Time since last: 835039839 ns, Reaching safepoint: 61087 ns, At safepoint: 2603848 ns, Total: 2664935 ns
[2023-11-16T06:23:23.474+0000][7][safepoint   ] Safepoint "Cleanup", Time since last: 1000287847 ns, Reaching safepoint: 29993 ns, At safepoint: 25558 ns, Total: 55551 ns
[2023-11-16T06:23:24.474+0000][7][safepoint   ] Safepoint "Cleanup", Time since last: 1000235986 ns, Reaching safepoint: 155513 ns, At safepoint: 6231 ns, Total: 161744 ns
[2023-11-16T06:23:25.474+0000][7][safepoint   ] Safepoint "Cleanup", Time since last: 1000135658 ns, Reaching safepoint: 59772 ns, At safepoint: 7295 ns, Total: 67067 ns
[2023-11-16T06:23:26.475+0000][7][safepoint   ] Safepoint "Cleanup", Time since last: 1000385229 ns, Reaching safepoint: 94104 ns, At safepoint: 10216 ns, Total: 104320 ns
[2023-11-16T06:23:29.059+0000][7][gc,start    ] GC(448) Pause Young (Normal) (G1 Evacuation Pause)
[2023-11-16T06:23:29.059+0000][7][gc,task     ] GC(448) Using 8 workers of 8 for evacuation
[2023-11-16T06:23:29.059+0000][7][gc,age      ] GC(448) Desired survivor size 18874368 bytes, new threshold 15 (max threshold 15)
[2023-11-16T06:23:29.063+0000][7][gc,age      ] GC(448) Age table with threshold 15 (max threshold 15)
[2023-11-16T06:23:29.063+0000][7][gc,age      ] GC(448) - age   1:    2066984 bytes,    2066984 total
[2023-11-16T06:23:29.063+0000][7][gc,age      ] GC(448) - age   2:     344344 bytes,    2411328 total
[2023-11-16T06:23:29.063+0000][7][gc,age      ] GC(448) - age   3:      19408 bytes,    2430736 total
[2023-11-16T06:23:29.063+0000][7][gc,age      ] GC(448) - age   4:     169768 bytes,    2600504 total
[2023-11-16T06:23:29.063+0000][7][gc,age      ] GC(448) - age   5:     127496 bytes,    2728000 total
[2023-11-16T06:23:29.063+0000][7][gc,age      ] GC(448) - age   6:       1336 bytes,    2729336 total
[2023-11-16T06:23:29.063+0000][7][gc,age      ] GC(448) - age   7:        576 bytes,    2729912 total
[2023-11-16T06:23:29.063+0000][7][gc,age      ] GC(448) - age   8:        736 bytes,    2730648 total
[2023-11-16T06:23:29.063+0000][7][gc,age      ] GC(448) - age   9:     126656 bytes,    2857304 total
[2023-11-16T06:23:29.063+0000][7][gc,age      ] GC(448) - age  10:       1408 bytes,    2858712 total
[2023-11-16T06:23:29.063+0000][7][gc,age      ] GC(448) - age  11:       2896 bytes,    2861608 total
[2023-11-16T06:23:29.063+0000][7][gc,age      ] GC(448) - age  12:      24904 bytes,    2886512 total
[2023-11-16T06:23:29.063+0000][7][gc,age      ] GC(448) - age  13:     229600 bytes,    3116112 total
[2023-11-16T06:23:29.063+0000][7][gc,age      ] GC(448) - age  14:       4304 bytes,    3120416 total
[2023-11-16T06:23:29.063+0000][7][gc,age      ] GC(448) - age  15:      17000 bytes,    3137416 total
[2023-11-16T06:23:29.063+0000][7][gc,phases   ] GC(448)   Pre Evacuate Collection Set: 0.1ms
[2023-11-16T06:23:29.063+0000][7][gc,phases   ] GC(448)   Merge Heap Roots: 0.0ms
[2023-11-16T06:23:29.063+0000][7][gc,phases   ] GC(448)   Evacuate Collection Set: 3.3ms
[2023-11-16T06:23:29.063+0000][7][gc,phases   ] GC(448)   Post Evacuate Collection Set: 0.5ms
[2023-11-16T06:23:29.063+0000][7][gc,phases   ] GC(448)   Other: 0.2ms
[2023-11-16T06:23:29.063+0000][7][gc,heap     ] GC(448) Eden regions: 67->0(67)
[2023-11-16T06:23:29.063+0000][7][gc,heap     ] GC(448) Survivor regions: 1->1(9)
[2023-11-16T06:23:29.063+0000][7][gc,heap     ] GC(448) Old regions: 31->31
[2023-11-16T06:23:29.063+0000][7][gc,heap     ] GC(448) Archive regions: 2->2
[2023-11-16T06:23:29.063+0000][7][gc,heap     ] GC(448) Humongous regions: 5->5
[2023-11-16T06:23:29.063+0000][7][gc,metaspace] GC(448) Metaspace: 120527K(122240K)->120527K(122240K) NonClass: 104658K(105600K)->104658K(105600K) Class: 15869K(16640K)->15869K(16640K)
[2023-11-16T06:23:29.063+0000][7][gc          ] GC(448) Pause Young (Normal) (G1 Evacuation Pause) 418M->150M(512M) 4.228ms
[2023-11-16T06:23:29.063+0000][7][gc,cpu      ] GC(448) User=0.02s Sys=0.00s Real=0.00s
[2023-11-16T06:23:29.063+0000][7][safepoint   ] Safepoint "G1CollectForAllocation", Time since last: 2583768695 ns, Reaching safepoint: 96771 ns, At safepoint: 4288153 ns, Total: 4384924 ns
[2023-11-16T06:23:30.063+0000][7][safepoint   ] Safepoint "Cleanup", Time since last: 1000325993 ns, Reaching safepoint: 91735 ns, At safepoint: 11069 ns, Total: 102804 ns
[2023-11-16T06:23:32.064+0000][7][safepoint   ] Safepoint "Cleanup", Time since last: 2000177768 ns, Reaching safepoint: 62544 ns, At safepoint: 6333 ns, Total: 68877 ns
[2023-11-16T06:23:34.064+0000][7][safepoint   ] Safepoint "Cleanup", Time since last: 2000183087 ns, Reaching safepoint: 45614 ns, At safepoint: 4535 ns, Total: 50149 ns
[2023-11-16T06:23:35.064+0000][7][safepoint   ] Safepoint "Cleanup", Time since last: 1000354701 ns, Reaching safepoint: 55260 ns, At safepoint: 4201 ns, Total: 59461 ns
[2023-11-16T06:23:36.487+0000][7][gc,start    ] GC(449) Pause Young (Normal) (G1 Evacuation Pause)
[2023-11-16T06:23:36.487+0000][7][gc,task     ] GC(449) Using 8 workers of 8 for evacuation
[2023-11-16T06:23:36.487+0000][7][gc,age      ] GC(449) Desired survivor size 18874368 bytes, new threshold 15 (max threshold 15)
[2023-11-16T06:23:36.490+0000][7][gc,age      ] GC(449) Age table with threshold 15 (max threshold 15)
[2023-11-16T06:23:36.490+0000][7][gc,age      ] GC(449) - age   1:    1389488 bytes,    1389488 total
[2023-11-16T06:23:36.490+0000][7][gc,age      ] GC(449) - age   2:     637632 bytes,    2027120 total
[2023-11-16T06:23:36.490+0000][7][gc,age      ] GC(449) - age   3:     342016 bytes,    2369136 total
[2023-11-16T06:23:36.490+0000][7][gc,age      ] GC(449) - age   4:      18944 bytes,    2388080 total
[2023-11-16T06:23:36.490+0000][7][gc,age      ] GC(449) - age   5:      69456 bytes,    2457536 total
[2023-11-16T06:23:36.490+0000][7][gc,age      ] GC(449) - age   6:     127112 bytes,    2584648 total
[2023-11-16T06:23:36.490+0000][7][gc,age      ] GC(449) - age   7:       1304 bytes,    2585952 total
[2023-11-16T06:23:36.490+0000][7][gc,age      ] GC(449) - age   8:        576 bytes,    2586528 total
[2023-11-16T06:23:36.490+0000][7][gc,age      ] GC(449) - age   9:        512 bytes,    2587040 total
[2023-11-16T06:23:36.490+0000][7][gc,age      ] GC(449) - age  10:     126472 bytes,    2713512 total
[2023-11-16T06:23:36.490+0000][7][gc,age      ] GC(449) - age  11:       1408 bytes,    2714920 total
[2023-11-16T06:23:36.490+0000][7][gc,age      ] GC(449) - age  12:       2896 bytes,    2717816 total
[2023-11-16T06:23:36.490+0000][7][gc,age      ] GC(449) - age  13:      24840 bytes,    2742656 total
[2023-11-16T06:23:36.490+0000][7][gc,age      ] GC(449) - age  14:     229600 bytes,    2972256 total
[2023-11-16T06:23:36.490+0000][7][gc,age      ] GC(449) - age  15:       4304 bytes,    2976560 total
[2023-11-16T06:23:36.490+0000][7][gc,phases   ] GC(449)   Pre Evacuate Collection Set: 0.1ms
[2023-11-16T06:23:36.490+0000][7][gc,phases   ] GC(449)   Merge Heap Roots: 0.0ms
[2023-11-16T06:23:36.490+0000][7][gc,phases   ] GC(449)   Evacuate Collection Set: 1.3ms
[2023-11-16T06:23:36.490+0000][7][gc,phases   ] GC(449)   Post Evacuate Collection Set: 0.6ms
[2023-11-16T06:23:36.490+0000][7][gc,phases   ] GC(449)   Other: 0.8ms
[2023-11-16T06:23:36.490+0000][7][gc,heap     ] GC(449) Eden regions: 67->0(67)
[2023-11-16T06:23:36.490+0000][7][gc,heap     ] GC(449) Survivor regions: 1->1(9)
[2023-11-16T06:23:36.490+0000][7][gc,heap     ] GC(449) Old regions: 31->31
[2023-11-16T06:23:36.490+0000][7][gc,heap     ] GC(449) Archive regions: 2->2
[2023-11-16T06:23:36.490+0000][7][gc,heap     ] GC(449) Humongous regions: 5->5
[2023-11-16T06:23:36.490+0000][7][gc,metaspace] GC(449) Metaspace: 120527K(122240K)->120527K(122240K) NonClass: 104658K(105600K)->104658K(105600K) Class: 15869K(16640K)->15869K(16640K)
[2023-11-16T06:23:36.490+0000][7][gc          ] GC(449) Pause Young (Normal) (G1 Evacuation Pause) 418M->150M(512M) 2.876ms
[2023-11-16T06:23:36.490+0000][7][gc,cpu      ] GC(449) User=0.01s Sys=0.00s Real=0.01s
[2023-11-16T06:23:36.490+0000][7][safepoint   ] Safepoint "G1CollectForAllocation", Time since last: 1422526231 ns, Reaching safepoint: 51031 ns, At safepoint: 2931736 ns, Total: 2982767 ns
[2023-11-16T06:23:38.490+0000][7][safepoint   ] Safepoint "Cleanup", Time since last: 2000577343 ns, Reaching safepoint: 83834 ns, At safepoint: 11128 ns, Total: 94962 ns
[2023-11-16T06:23:40.491+0000][7][safepoint   ] Safepoint "Cleanup", Time since last: 2000236796 ns, Reaching safepoint: 136571 ns, At safepoint: 24995 ns, Total: 161566 ns
[2023-11-16T06:23:42.869+0000][7][gc,start    ] GC(450) Pause Young (Normal) (G1 Evacuation Pause)
[2023-11-16T06:23:42.869+0000][7][gc,task     ] GC(450) Using 8 workers of 8 for evacuation
[2023-11-16T06:23:42.869+0000][7][gc,age      ] GC(450) Desired survivor size 18874368 bytes, new threshold 15 (max threshold 15)
[2023-11-16T06:23:42.873+0000][7][gc,age      ] GC(450) Age table with threshold 15 (max threshold 15)
[2023-11-16T06:23:42.873+0000][7][gc,age      ] GC(450) - age   1:    2003664 bytes,    2003664 total
[2023-11-16T06:23:42.873+0000][7][gc,age      ] GC(450) - age   2:     300936 bytes,    2304600 total
[2023-11-16T06:23:42.873+0000][7][gc,age      ] GC(450) - age   3:     251096 bytes,    2555696 total
[2023-11-16T06:23:42.873+0000][7][gc,age      ] GC(450) - age   4:     142152 bytes,    2697848 total
[2023-11-16T06:23:42.873+0000][7][gc,age      ] GC(450) - age   5:      18400 bytes,    2716248 total
[2023-11-16T06:23:42.873+0000][7][gc,age      ] GC(450) - age   6:      69392 bytes,    2785640 total
[2023-11-16T06:23:42.873+0000][7][gc,age      ] GC(450) - age   7:     126984 bytes,    2912624 total
[2023-11-16T06:23:42.873+0000][7][gc,age      ] GC(450) - age   8:       1144 bytes,    2913768 total
[2023-11-16T06:23:42.873+0000][7][gc,age      ] GC(450) - age   9:        544 bytes,    2914312 total
[2023-11-16T06:23:42.873+0000][7][gc,age      ] GC(450) - age  10:        512 bytes,    2914824 total
[2023-11-16T06:23:42.873+0000][7][gc,age      ] GC(450) - age  11:     126472 bytes,    3041296 total
[2023-11-16T06:23:42.873+0000][7][gc,age      ] GC(450) - age  12:       1376 bytes,    3042672 total
[2023-11-16T06:23:42.873+0000][7][gc,age      ] GC(450) - age  13:       2832 bytes,    3045504 total
[2023-11-16T06:23:42.873+0000][7][gc,age      ] GC(450) - age  14:      24840 bytes,    3070344 total
[2023-11-16T06:23:42.873+0000][7][gc,age      ] GC(450) - age  15:     229600 bytes,    3299944 total
[2023-11-16T06:23:42.873+0000][7][gc,phases   ] GC(450)   Pre Evacuate Collection Set: 0.2ms
[2023-11-16T06:23:42.873+0000][7][gc,phases   ] GC(450)   Merge Heap Roots: 0.1ms
[2023-11-16T06:23:42.873+0000][7][gc,phases   ] GC(450)   Evacuate Collection Set: 2.5ms
[2023-11-16T06:23:42.873+0000][7][gc,phases   ] GC(450)   Post Evacuate Collection Set: 0.6ms
[2023-11-16T06:23:42.873+0000][7][gc,phases   ] GC(450)   Other: 0.7ms
[2023-11-16T06:23:42.873+0000][7][gc,heap     ] GC(450) Eden regions: 67->0(67)
[2023-11-16T06:23:42.873+0000][7][gc,heap     ] GC(450) Survivor regions: 1->1(9)
[2023-11-16T06:23:42.873+0000][7][gc,heap     ] GC(450) Old regions: 31->31
[2023-11-16T06:23:42.873+0000][7][gc,heap     ] GC(450) Archive regions: 2->2
[2023-11-16T06:23:42.873+0000][7][gc,heap     ] GC(450) Humongous regions: 5->5
[2023-11-16T06:23:42.873+0000][7][gc,metaspace] GC(450) Metaspace: 120540K(122304K)->120540K(122304K) NonClass: 104670K(105664K)->104670K(105664K) Class: 15869K(16640K)->15869K(16640K)
[2023-11-16T06:23:42.873+0000][7][gc          ] GC(450) Pause Young (Normal) (G1 Evacuation Pause) 418M->150M(512M) 4.050ms
[2023-11-16T06:23:42.873+0000][7][gc,cpu      ] GC(450) User=0.02s Sys=0.00s Real=0.00s
[2023-11-16T06:23:42.873+0000][7][safepoint   ] Safepoint "G1CollectForAllocation", Time since last: 2377884948 ns, Reaching safepoint: 79060 ns, At safepoint: 4150743 ns, Total: 4229803 ns
[2023-11-16T06:23:50.256+0000][7][gc,start    ] GC(451) Pause Young (Normal) (G1 Evacuation Pause)
[2023-11-16T06:23:50.256+0000][7][gc,task     ] GC(451) Using 8 workers of 8 for evacuation
[2023-11-16T06:23:50.256+0000][7][gc,age      ] GC(451) Desired survivor size 18874368 bytes, new threshold 15 (max threshold 15)
[2023-11-16T06:23:50.266+0000][7][gc,age      ] GC(451) Age table with threshold 15 (max threshold 15)
[2023-11-16T06:23:50.266+0000][7][gc,age      ] GC(451) - age   1:    1867528 bytes,    1867528 total
[2023-11-16T06:23:50.266+0000][7][gc,age      ] GC(451) - age   2:     200048 bytes,    2067576 total
[2023-11-16T06:23:50.266+0000][7][gc,age      ] GC(451) - age   3:     102720 bytes,    2170296 total
[2023-11-16T06:23:50.266+0000][7][gc,age      ] GC(451) - age   4:     250464 bytes,    2420760 total
[2023-11-16T06:23:50.266+0000][7][gc,age      ] GC(451) - age   5:      15848 bytes,    2436608 total
[2023-11-16T06:23:50.266+0000][7][gc,age      ] GC(451) - age   6:      17168 bytes,    2453776 total
[2023-11-16T06:23:50.266+0000][7][gc,age      ] GC(451) - age   7:      69264 bytes,    2523040 total
[2023-11-16T06:23:50.266+0000][7][gc,age      ] GC(451) - age   8:     126888 bytes,    2649928 total
[2023-11-16T06:23:50.266+0000][7][gc,age      ] GC(451) - age   9:        872 bytes,    2650800 total
[2023-11-16T06:23:50.266+0000][7][gc,age      ] GC(451) - age  10:        352 bytes,    2651152 total
[2023-11-16T06:23:50.266+0000][7][gc,age      ] GC(451) - age  11:        512 bytes,    2651664 total
[2023-11-16T06:23:50.266+0000][7][gc,age      ] GC(451) - age  12:     126472 bytes,    2778136 total
[2023-11-16T06:23:50.266+0000][7][gc,age      ] GC(451) - age  13:       1376 bytes,    2779512 total
[2023-11-16T06:23:50.266+0000][7][gc,age      ] GC(451) - age  14:       2832 bytes,    2782344 total
[2023-11-16T06:23:50.266+0000][7][gc,age      ] GC(451) - age  15:      24776 bytes,    2807120 total
[2023-11-16T06:23:50.266+0000][7][gc,phases   ] GC(451)   Pre Evacuate Collection Set: 0.1ms
[2023-11-16T06:23:50.266+0000][7][gc,phases   ] GC(451)   Merge Heap Roots: 0.0ms
[2023-11-16T06:23:50.266+0000][7][gc,phases   ] GC(451)   Evacuate Collection Set: 9.4ms
[2023-11-16T06:23:50.266+0000][7][gc,phases   ] GC(451)   Post Evacuate Collection Set: 0.8ms
[2023-11-16T06:23:50.266+0000][7][gc,phases   ] GC(451)   Other: 0.2ms
[2023-11-16T06:23:50.266+0000][7][gc,heap     ] GC(451) Eden regions: 67->0(67)
[2023-11-16T06:23:50.266+0000][7][gc,heap     ] GC(451) Survivor regions: 1->1(9)
[2023-11-16T06:23:50.266+0000][7][gc,heap     ] GC(451) Old regions: 31->31
[2023-11-16T06:23:50.266+0000][7][gc,heap     ] GC(451) Archive regions: 2->2
[2023-11-16T06:23:50.266+0000][7][gc,heap     ] GC(451) Humongous regions: 5->5
[2023-11-16T06:23:50.266+0000][7][gc,metaspace] GC(451) Metaspace: 120540K(122304K)->120540K(122304K) NonClass: 104670K(105664K)->104670K(105664K) Class: 15869K(16640K)->15869K(16640K)
[2023-11-16T06:23:50.266+0000][7][gc          ] GC(451) Pause Young (Normal) (G1 Evacuation Pause) 418M->150M(512M) 10.646ms
[2023-11-16T06:23:50.266+0000][7][gc,cpu      ] GC(451) User=0.02s Sys=0.00s Real=0.01s
[2023-11-16T06:23:50.266+0000][7][safepoint   ] Safepoint "G1CollectForAllocation", Time since last: 7382572730 ns, Reaching safepoint: 51656 ns, At safepoint: 10706531 ns, Total: 10758187 ns
[2023-11-16T06:23:57.438+0000][7][gc,start    ] GC(452) Pause Young (Normal) (G1 Evacuation Pause)
[2023-11-16T06:23:57.438+0000][7][gc,task     ] GC(452) Using 8 workers of 8 for evacuation
[2023-11-16T06:23:57.438+0000][7][gc,age      ] GC(452) Desired survivor size 18874368 bytes, new threshold 15 (max threshold 15)
[2023-11-16T06:23:57.440+0000][7][gc,age      ] GC(452) Age table with threshold 15 (max threshold 15)
[2023-11-16T06:23:57.440+0000][7][gc,age      ] GC(452) - age   1:    1650032 bytes,    1650032 total
[2023-11-16T06:23:57.440+0000][7][gc,age      ] GC(452) - age   2:     495920 bytes,    2145952 total
[2023-11-16T06:23:57.440+0000][7][gc,age      ] GC(452) - age   3:     192448 bytes,    2338400 total
[2023-11-16T06:23:57.440+0000][7][gc,age      ] GC(452) - age   4:     102040 bytes,    2440440 total
[2023-11-16T06:23:57.440+0000][7][gc,age      ] GC(452) - age   5:     112624 bytes,    2553064 total
[2023-11-16T06:23:57.440+0000][7][gc,age      ] GC(452) - age   6:      13368 bytes,    2566432 total
[2023-11-16T06:23:57.440+0000][7][gc,age      ] GC(452) - age   7:      16824 bytes,    2583256 total
[2023-11-16T06:23:57.440+0000][7][gc,age      ] GC(452) - age   8:      66704 bytes,    2649960 total
[2023-11-16T06:23:57.440+0000][7][gc,age      ] GC(452) - age   9:     126888 bytes,    2776848 total
[2023-11-16T06:23:57.440+0000][7][gc,age      ] GC(452) - age  10:        504 bytes,    2777352 total
[2023-11-16T06:23:57.440+0000][7][gc,age      ] GC(452) - age  11:        288 bytes,    2777640 total
[2023-11-16T06:23:57.440+0000][7][gc,age      ] GC(452) - age  12:        512 bytes,    2778152 total
[2023-11-16T06:23:57.440+0000][7][gc,age      ] GC(452) - age  13:     126472 bytes,    2904624 total
[2023-11-16T06:23:57.440+0000][7][gc,age      ] GC(452) - age  14:       1376 bytes,    2906000 total
[2023-11-16T06:23:57.440+0000][7][gc,age      ] GC(452) - age  15:       2832 bytes,    2908832 total
[2023-11-16T06:23:57.440+0000][7][gc,phases   ] GC(452)   Pre Evacuate Collection Set: 0.1ms
[2023-11-16T06:23:57.440+0000][7][gc,phases   ] GC(452)   Merge Heap Roots: 0.0ms
[2023-11-16T06:23:57.440+0000][7][gc,phases   ] GC(452)   Evacuate Collection Set: 1.6ms
[2023-11-16T06:23:57.440+0000][7][gc,phases   ] GC(452)   Post Evacuate Collection Set: 0.5ms
[2023-11-16T06:23:57.440+0000][7][gc,phases   ] GC(452)   Other: 0.3ms
[2023-11-16T06:23:57.440+0000][7][gc,heap     ] GC(452) Eden regions: 67->0(67)
[2023-11-16T06:23:57.440+0000][7][gc,heap     ] GC(452) Survivor regions: 1->1(9)
[2023-11-16T06:23:57.440+0000][7][gc,heap     ] GC(452) Old regions: 31->31
[2023-11-16T06:23:57.440+0000][7][gc,heap     ] GC(452) Archive regions: 2->2
[2023-11-16T06:23:57.440+0000][7][gc,heap     ] GC(452) Humongous regions: 5->5
[2023-11-16T06:23:57.440+0000][7][gc,metaspace] GC(452) Metaspace: 120546K(122304K)->120546K(122304K) NonClass: 104677K(105664K)->104677K(105664K) Class: 15869K(16640K)->15869K(16640K)
[2023-11-16T06:23:57.440+0000][7][gc          ] GC(452) Pause Young (Normal) (G1 Evacuation Pause) 418M->150M(512M) 2.526ms
[2023-11-16T06:23:57.440+0000][7][gc,cpu      ] GC(452) User=0.02s Sys=0.00s Real=0.01s
[2023-11-16T06:23:57.440+0000][7][safepoint   ] Safepoint "G1CollectForAllocation", Time since last: 7171380192 ns, Reaching safepoint: 56899 ns, At safepoint: 2610763 ns, Total: 2667662 ns
[2023-11-16T06:23:58.440+0000][7][safepoint   ] Safepoint "Cleanup", Time since last: 1000083900 ns, Reaching safepoint: 53539 ns, At safepoint: 4786 ns, Total: 58325 ns
[2023-11-16T06:23:59.441+0000][7][safepoint   ] Safepoint "Cleanup", Time since last: 1000191350 ns, Reaching safepoint: 74291 ns, At safepoint: 5805 ns, Total: 80096 ns
[2023-11-16T06:24:04.012+0000][7][gc,start    ] GC(453) Pause Young (Normal) (G1 Evacuation Pause)
[2023-11-16T06:24:04.012+0000][7][gc,task     ] GC(453) Using 8 workers of 8 for evacuation
[2023-11-16T06:24:04.012+0000][7][gc,age      ] GC(453) Desired survivor size 18874368 bytes, new threshold 15 (max threshold 15)
[2023-11-16T06:24:04.014+0000][7][gc,age      ] GC(453) Age table with threshold 15 (max threshold 15)
[2023-11-16T06:24:04.014+0000][7][gc,age      ] GC(453) - age   1:    1683680 bytes,    1683680 total
[2023-11-16T06:24:04.014+0000][7][gc,age      ] GC(453) - age   2:     142016 bytes,    1825696 total
[2023-11-16T06:24:04.014+0000][7][gc,age      ] GC(453) - age   3:     169568 bytes,    1995264 total
[2023-11-16T06:24:04.014+0000][7][gc,age      ] GC(453) - age   4:     104552 bytes,    2099816 total
[2023-11-16T06:24:04.014+0000][7][gc,age      ] GC(453) - age   5:       1080 bytes,    2100896 total
[2023-11-16T06:24:04.014+0000][7][gc,age      ] GC(453) - age   6:     109128 bytes,    2210024 total
[2023-11-16T06:24:04.014+0000][7][gc,age      ] GC(453) - age   7:      13272 bytes,    2223296 total
[2023-11-16T06:24:04.014+0000][7][gc,age      ] GC(453) - age   8:        864 bytes,    2224160 total
[2023-11-16T06:24:04.014+0000][7][gc,age      ] GC(453) - age   9:      20104 bytes,    2244264 total
[2023-11-16T06:24:04.014+0000][7][gc,age      ] GC(453) - age  10:      25216 bytes,    2269480 total
[2023-11-16T06:24:04.014+0000][7][gc,age      ] GC(453) - age  11:        504 bytes,    2269984 total
[2023-11-16T06:24:04.014+0000][7][gc,age      ] GC(453) - age  12:         96 bytes,    2270080 total
[2023-11-16T06:24:04.014+0000][7][gc,age      ] GC(453) - age  13:        512 bytes,    2270592 total
[2023-11-16T06:24:04.014+0000][7][gc,age      ] GC(453) - age  14:     126472 bytes,    2397064 total
[2023-11-16T06:24:04.014+0000][7][gc,age      ] GC(453) - age  15:       1312 bytes,    2398376 total
[2023-11-16T06:24:04.014+0000][7][gc,phases   ] GC(453)   Pre Evacuate Collection Set: 0.1ms
[2023-11-16T06:24:04.014+0000][7][gc,phases   ] GC(453)   Merge Heap Roots: 0.1ms
[2023-11-16T06:24:04.014+0000][7][gc,phases   ] GC(453)   Evacuate Collection Set: 1.3ms
[2023-11-16T06:24:04.014+0000][7][gc,phases   ] GC(453)   Post Evacuate Collection Set: 0.6ms
[2023-11-16T06:24:04.014+0000][7][gc,phases   ] GC(453)   Other: 0.3ms
[2023-11-16T06:24:04.014+0000][7][gc,heap     ] GC(453) Eden regions: 67->0(67)
[2023-11-16T06:24:04.014+0000][7][gc,heap     ] GC(453) Survivor regions: 1->1(9)
[2023-11-16T06:24:04.014+0000][7][gc,heap     ] GC(453) Old regions: 31->31
[2023-11-16T06:24:04.014+0000][7][gc,heap     ] GC(453) Archive regions: 2->2
[2023-11-16T06:24:04.014+0000][7][gc,heap     ] GC(453) Humongous regions: 5->5
[2023-11-16T06:24:04.014+0000][7][gc,metaspace] GC(453) Metaspace: 120552K(122304K)->120552K(122304K) NonClass: 104682K(105664K)->104682K(105664K) Class: 15869K(16640K)->15869K(16640K)
[2023-11-16T06:24:04.014+0000][7][gc          ] GC(453) Pause Young (Normal) (G1 Evacuation Pause) 418M->150M(512M) 2.350ms
[2023-11-16T06:24:04.014+0000][7][gc,cpu      ] GC(453) User=0.01s Sys=0.00s Real=0.00s
[2023-11-16T06:24:04.014+0000][7][safepoint   ] Safepoint "G1CollectForAllocation", Time since last: 4570710072 ns, Reaching safepoint: 73016 ns, At safepoint: 2465568 ns, Total: 2538584 ns
[2023-11-16T06:24:08.014+0000][7][safepoint   ] Safepoint "Cleanup", Time since last: 4000207123 ns, Reaching safepoint: 65836 ns, At safepoint: 6390 ns, Total: 72226 ns
[2023-11-16T06:24:09.624+0000][7][safepoint   ] Safepoint "Cleanup", Time since last: 1609254759 ns, Reaching safepoint: 75550 ns, At safepoint: 9476 ns, Total: 85026 ns
[2023-11-16T06:24:10.624+0000][7][safepoint   ] Safepoint "Cleanup", Time since last: 1000136828 ns, Reaching safepoint: 171556 ns, At safepoint: 6334 ns, Total: 177890 ns
[2023-11-16T06:24:10.829+0000][7][gc,start    ] GC(454) Pause Young (Normal) (G1 Evacuation Pause)
[2023-11-16T06:24:10.829+0000][7][gc,task     ] GC(454) Using 8 workers of 8 for evacuation
[2023-11-16T06:24:10.829+0000][7][gc,age      ] GC(454) Desired survivor size 18874368 bytes, new threshold 15 (max threshold 15)
[2023-11-16T06:24:10.832+0000][7][gc,age      ] GC(454) Age table with threshold 15 (max threshold 15)
[2023-11-16T06:24:10.833+0000][7][gc,age      ] GC(454) - age   1:    1937176 bytes,    1937176 total
[2023-11-16T06:24:10.833+0000][7][gc,age      ] GC(454) - age   2:     537168 bytes,    2474344 total
[2023-11-16T06:24:10.833+0000][7][gc,age      ] GC(454) - age   3:     139368 bytes,    2613712 total
[2023-11-16T06:24:10.833+0000][7][gc,age      ] GC(454) - age   4:     151368 bytes,    2765080 total
[2023-11-16T06:24:10.833+0000][7][gc,age      ] GC(454) - age   5:     103664 bytes,    2868744 total
[2023-11-16T06:24:10.833+0000][7][gc,age      ] GC(454) - age   6:        792 bytes,    2869536 total
[2023-11-16T06:24:10.833+0000][7][gc,age      ] GC(454) - age   7:     108936 bytes,    2978472 total
[2023-11-16T06:24:10.833+0000][7][gc,age      ] GC(454) - age   8:      13208 bytes,    2991680 total
[2023-11-16T06:24:10.833+0000][7][gc,age      ] GC(454) - age   9:        864 bytes,    2992544 total
[2023-11-16T06:24:10.833+0000][7][gc,age      ] GC(454) - age  10:      19816 bytes,    3012360 total
[2023-11-16T06:24:10.833+0000][7][gc,age      ] GC(454) - age  11:      25120 bytes,    3037480 total
[2023-11-16T06:24:10.833+0000][7][gc,age      ] GC(454) - age  12:        440 bytes,    3037920 total
[2023-11-16T06:24:10.833+0000][7][gc,age      ] GC(454) - age  13:         64 bytes,    3037984 total
[2023-11-16T06:24:10.833+0000][7][gc,age      ] GC(454) - age  14:        480 bytes,    3038464 total
[2023-11-16T06:24:10.833+0000][7][gc,age      ] GC(454) - age  15:     126472 bytes,    3164936 total
[2023-11-16T06:24:10.833+0000][7][gc,phases   ] GC(454)   Pre Evacuate Collection Set: 0.1ms
[2023-11-16T06:24:10.833+0000][7][gc,phases   ] GC(454)   Merge Heap Roots: 0.0ms
[2023-11-16T06:24:10.833+0000][7][gc,phases   ] GC(454)   Evacuate Collection Set: 2.6ms
[2023-11-16T06:24:10.833+0000][7][gc,phases   ] GC(454)   Post Evacuate Collection Set: 0.6ms
[2023-11-16T06:24:10.833+0000][7][gc,phases   ] GC(454)   Other: 0.2ms
[2023-11-16T06:24:10.833+0000][7][gc,heap     ] GC(454) Eden regions: 67->0(67)
[2023-11-16T06:24:10.833+0000][7][gc,heap     ] GC(454) Survivor regions: 1->1(9)
[2023-11-16T06:24:10.833+0000][7][gc,heap     ] GC(454) Old regions: 31->31
[2023-11-16T06:24:10.833+0000][7][gc,heap     ] GC(454) Archive regions: 2->2
[2023-11-16T06:24:10.833+0000][7][gc,heap     ] GC(454) Humongous regions: 5->5
[2023-11-16T06:24:10.833+0000][7][gc,metaspace] GC(454) Metaspace: 120596K(122304K)->120596K(122304K) NonClass: 104720K(105664K)->104720K(105664K) Class: 15875K(16640K)->15875K(16640K)
[2023-11-16T06:24:10.833+0000][7][gc          ] GC(454) Pause Young (Normal) (G1 Evacuation Pause) 418M->150M(512M) 3.618ms
[2023-11-16T06:24:10.833+0000][7][gc,cpu      ] GC(454) User=0.01s Sys=0.00s Real=0.00s
[2023-11-16T06:24:10.833+0000][7][safepoint   ] Safepoint "G1CollectForAllocation", Time since last: 205086478 ns, Reaching safepoint: 25419 ns, At safepoint: 3704656 ns, Total: 3730075 ns
[2023-11-16T06:24:18.130+0000][7][gc,start    ] GC(455) Pause Young (Normal) (G1 Evacuation Pause)
[2023-11-16T06:24:18.130+0000][7][gc,task     ] GC(455) Using 8 workers of 8 for evacuation
[2023-11-16T06:24:18.130+0000][7][gc,age      ] GC(455) Desired survivor size 18874368 bytes, new threshold 15 (max threshold 15)
[2023-11-16T06:24:18.143+0000][7][gc,age      ] GC(455) Age table with threshold 15 (max threshold 15)
[2023-11-16T06:24:18.143+0000][7][gc,age      ] GC(455) - age   1:    1450632 bytes,    1450632 total
[2023-11-16T06:24:18.143+0000][7][gc,age      ] GC(455) - age   2:      16576 bytes,    1467208 total
[2023-11-16T06:24:18.143+0000][7][gc,age      ] GC(455) - age   3:     250760 bytes,    1717968 total
[2023-11-16T06:24:18.143+0000][7][gc,age      ] GC(455) - age   4:     139112 bytes,    1857080 total
[2023-11-16T06:24:18.143+0000][7][gc,age      ] GC(455) - age   5:       9976 bytes,    1867056 total
[2023-11-16T06:24:18.143+0000][7][gc,age      ] GC(455) - age   6:        416 bytes,    1867472 total
[2023-11-16T06:24:18.143+0000][7][gc,age      ] GC(455) - age   7:        568 bytes,    1868040 total
[2023-11-16T06:24:18.143+0000][7][gc,age      ] GC(455) - age   8:     108776 bytes,    1976816 total
[2023-11-16T06:24:18.143+0000][7][gc,age      ] GC(455) - age   9:      13024 bytes,    1989840 total
[2023-11-16T06:24:18.143+0000][7][gc,age      ] GC(455) - age  10:        864 bytes,    1990704 total
[2023-11-16T06:24:18.143+0000][7][gc,age      ] GC(455) - age  11:      19704 bytes,    2010408 total
[2023-11-16T06:24:18.143+0000][7][gc,age      ] GC(455) - age  12:      25120 bytes,    2035528 total
[2023-11-16T06:24:18.143+0000][7][gc,age      ] GC(455) - age  13:        408 bytes,    2035936 total
[2023-11-16T06:24:18.143+0000][7][gc,age      ] GC(455) - age  14:         64 bytes,    2036000 total
[2023-11-16T06:24:18.143+0000][7][gc,age      ] GC(455) - age  15:        480 bytes,    2036480 total
[2023-11-16T06:24:18.143+0000][7][gc,phases   ] GC(455)   Pre Evacuate Collection Set: 0.1ms
[2023-11-16T06:24:18.143+0000][7][gc,phases   ] GC(455)   Merge Heap Roots: 0.0ms
[2023-11-16T06:24:18.143+0000][7][gc,phases   ] GC(455)   Evacuate Collection Set: 11.7ms
[2023-11-16T06:24:18.143+0000][7][gc,phases   ] GC(455)   Post Evacuate Collection Set: 0.8ms
[2023-11-16T06:24:18.143+0000][7][gc,phases   ] GC(455)   Other: 0.5ms
[2023-11-16T06:24:18.143+0000][7][gc,heap     ] GC(455) Eden regions: 67->0(67)
[2023-11-16T06:24:18.143+0000][7][gc,heap     ] GC(455) Survivor regions: 1->1(9)
[2023-11-16T06:24:18.143+0000][7][gc,heap     ] GC(455) Old regions: 31->31
[2023-11-16T06:24:18.143+0000][7][gc,heap     ] GC(455) Archive regions: 2->2
[2023-11-16T06:24:18.143+0000][7][gc,heap     ] GC(455) Humongous regions: 5->5
[2023-11-16T06:24:18.143+0000][7][gc,metaspace] GC(455) Metaspace: 120596K(122304K)->120596K(122304K) NonClass: 104720K(105664K)->104720K(105664K) Class: 15875K(16640K)->15875K(16640K)
[2023-11-16T06:24:18.143+0000][7][gc          ] GC(455) Pause Young (Normal) (G1 Evacuation Pause) 418M->150M(512M) 13.206ms
[2023-11-16T06:24:18.143+0000][7][gc,cpu      ] GC(455) User=0.02s Sys=0.00s Real=0.01s
[2023-11-16T06:24:18.143+0000][7][safepoint   ] Safepoint "G1CollectForAllocation", Time since last: 7297112276 ns, Reaching safepoint: 57368 ns, At safepoint: 13323133 ns, Total: 13380501 ns
[2023-11-16T06:24:25.144+0000][7][safepoint   ] Safepoint "Cleanup", Time since last: 7000630235 ns, Reaching safepoint: 55123 ns, At safepoint: 6275 ns, Total: 61398 ns
[2023-11-16T06:24:25.205+0000][7][gc,start    ] GC(456) Pause Young (Normal) (G1 Evacuation Pause)
[2023-11-16T06:24:25.206+0000][7][gc,task     ] GC(456) Using 8 workers of 8 for evacuation
[2023-11-16T06:24:25.206+0000][7][gc,age      ] GC(456) Desired survivor size 18874368 bytes, new threshold 15 (max threshold 15)
[2023-11-16T06:24:25.208+0000][7][gc,age      ] GC(456) Age table with threshold 15 (max threshold 15)
[2023-11-16T06:24:25.208+0000][7][gc,age      ] GC(456) - age   1:    2185384 bytes,    2185384 total
[2023-11-16T06:24:25.208+0000][7][gc,age      ] GC(456) - age   2:     232256 bytes,    2417640 total
[2023-11-16T06:24:25.208+0000][7][gc,age      ] GC(456) - age   3:      13776 bytes,    2431416 total
[2023-11-16T06:24:25.208+0000][7][gc,age      ] GC(456) - age   4:     250232 bytes,    2681648 total
[2023-11-16T06:24:25.208+0000][7][gc,age      ] GC(456) - age   5:       5304 bytes,    2686952 total
[2023-11-16T06:24:25.208+0000][7][gc,age      ] GC(456) - age   6:       9560 bytes,    2696512 total
[2023-11-16T06:24:25.208+0000][7][gc,age      ] GC(456) - age   7:        416 bytes,    2696928 total
[2023-11-16T06:24:25.208+0000][7][gc,age      ] GC(456) - age   8:        568 bytes,    2697496 total
[2023-11-16T06:24:25.208+0000][7][gc,age      ] GC(456) - age   9:     108432 bytes,    2805928 total
[2023-11-16T06:24:25.208+0000][7][gc,age      ] GC(456) - age  10:      13024 bytes,    2818952 total
[2023-11-16T06:24:25.208+0000][7][gc,age      ] GC(456) - age  11:        800 bytes,    2819752 total
[2023-11-16T06:24:25.208+0000][7][gc,age      ] GC(456) - age  12:      19640 bytes,    2839392 total
[2023-11-16T06:24:25.208+0000][7][gc,age      ] GC(456) - age  13:      25088 bytes,    2864480 total
[2023-11-16T06:24:25.208+0000][7][gc,age      ] GC(456) - age  14:        408 bytes,    2864888 total
[2023-11-16T06:24:25.208+0000][7][gc,age      ] GC(456) - age  15:         64 bytes,    2864952 total
[2023-11-16T06:24:25.208+0000][7][gc,phases   ] GC(456)   Pre Evacuate Collection Set: 0.1ms
[2023-11-16T06:24:25.208+0000][7][gc,phases   ] GC(456)   Merge Heap Roots: 0.0ms
[2023-11-16T06:24:25.208+0000][7][gc,phases   ] GC(456)   Evacuate Collection Set: 1.6ms
[2023-11-16T06:24:25.208+0000][7][gc,phases   ] GC(456)   Post Evacuate Collection Set: 0.6ms
[2023-11-16T06:24:25.208+0000][7][gc,phases   ] GC(456)   Other: 0.2ms
[2023-11-16T06:24:25.208+0000][7][gc,heap     ] GC(456) Eden regions: 67->0(67)
[2023-11-16T06:24:25.208+0000][7][gc,heap     ] GC(456) Survivor regions: 1->1(9)
[2023-11-16T06:24:25.208+0000][7][gc,heap     ] GC(456) Old regions: 31->31
[2023-11-16T06:24:25.208+0000][7][gc,heap     ] GC(456) Archive regions: 2->2
[2023-11-16T06:24:25.208+0000][7][gc,heap     ] GC(456) Humongous regions: 5->5
[2023-11-16T06:24:25.208+0000][7][gc,metaspace] GC(456) Metaspace: 120601K(122368K)->120601K(122368K) NonClass: 104725K(105728K)->104725K(105728K) Class: 15875K(16640K)->15875K(16640K)
[2023-11-16T06:24:25.208+0000][7][gc          ] GC(456) Pause Young (Normal) (G1 Evacuation Pause) 418M->150M(512M) 2.595ms
[2023-11-16T06:24:25.208+0000][7][gc,cpu      ] GC(456) User=0.01s Sys=0.00s Real=0.00s
[2023-11-16T06:24:25.208+0000][7][safepoint   ] Safepoint "G1CollectForAllocation", Time since last: 61464663 ns, Reaching safepoint: 71189 ns, At safepoint: 2675962 ns, Total: 2747151 ns
[2023-11-16T06:24:32.269+0000][7][gc,start    ] GC(457) Pause Young (Normal) (G1 Evacuation Pause)
[2023-11-16T06:24:32.269+0000][7][gc,task     ] GC(457) Using 8 workers of 8 for evacuation
[2023-11-16T06:24:32.269+0000][7][gc,age      ] GC(457) Desired survivor size 18874368 bytes, new threshold 15 (max threshold 15)
[2023-11-16T06:24:32.272+0000][7][gc,age      ] GC(457) Age table with threshold 15 (max threshold 15)
[2023-11-16T06:24:32.272+0000][7][gc,age      ] GC(457) - age   1:    1875184 bytes,    1875184 total
[2023-11-16T06:24:32.272+0000][7][gc,age      ] GC(457) - age   2:     378560 bytes,    2253744 total
[2023-11-16T06:24:32.272+0000][7][gc,age      ] GC(457) - age   3:     230488 bytes,    2484232 total
[2023-11-16T06:24:32.272+0000][7][gc,age      ] GC(457) - age   4:      12928 bytes,    2497160 total
[2023-11-16T06:24:32.272+0000][7][gc,age      ] GC(457) - age   5:     146104 bytes,    2643264 total
[2023-11-16T06:24:32.272+0000][7][gc,age      ] GC(457) - age   6:       1328 bytes,    2644592 total
[2023-11-16T06:24:32.272+0000][7][gc,age      ] GC(457) - age   7:       9368 bytes,    2653960 total
[2023-11-16T06:24:32.272+0000][7][gc,age      ] GC(457) - age   8:        416 bytes,    2654376 total
[2023-11-16T06:24:32.272+0000][7][gc,age      ] GC(457) - age   9:        384 bytes,    2654760 total
[2023-11-16T06:24:32.272+0000][7][gc,age      ] GC(457) - age  10:     108432 bytes,    2763192 total
[2023-11-16T06:24:32.272+0000][7][gc,age      ] GC(457) - age  11:      13024 bytes,    2776216 total
[2023-11-16T06:24:32.272+0000][7][gc,age      ] GC(457) - age  12:        800 bytes,    2777016 total
[2023-11-16T06:24:32.272+0000][7][gc,age      ] GC(457) - age  13:      19576 bytes,    2796592 total
[2023-11-16T06:24:32.272+0000][7][gc,age      ] GC(457) - age  14:      25000 bytes,    2821592 total
[2023-11-16T06:24:32.272+0000][7][gc,age      ] GC(457) - age  15:        408 bytes,    2822000 total
[2023-11-16T06:24:32.272+0000][7][gc,phases   ] GC(457)   Pre Evacuate Collection Set: 0.1ms
[2023-11-16T06:24:32.272+0000][7][gc,phases   ] GC(457)   Merge Heap Roots: 0.0ms
[2023-11-16T06:24:32.272+0000][7][gc,phases   ] GC(457)   Evacuate Collection Set: 1.5ms
[2023-11-16T06:24:32.272+0000][7][gc,phases   ] GC(457)   Post Evacuate Collection Set: 0.5ms
[2023-11-16T06:24:32.272+0000][7][gc,phases   ] GC(457)   Other: 0.3ms
[2023-11-16T06:24:32.272+0000][7][gc,heap     ] GC(457) Eden regions: 67->0(67)
[2023-11-16T06:24:32.272+0000][7][gc,heap     ] GC(457) Survivor regions: 1->1(9)
[2023-11-16T06:24:32.272+0000][7][gc,heap     ] GC(457) Old regions: 31->31
[2023-11-16T06:24:32.272+0000][7][gc,heap     ] GC(457) Archive regions: 2->2
[2023-11-16T06:24:32.272+0000][7][gc,heap     ] GC(457) Humongous regions: 5->5
[2023-11-16T06:24:32.272+0000][7][gc,metaspace] GC(457) Metaspace: 120605K(122368K)->120605K(122368K) NonClass: 104729K(105728K)->104729K(105728K) Class: 15875K(16640K)->15875K(16640K)
[2023-11-16T06:24:32.272+0000][7][gc          ] GC(457) Pause Young (Normal) (G1 Evacuation Pause) 418M->150M(512M) 2.388ms
[2023-11-16T06:24:32.272+0000][7][gc,cpu      ] GC(457) User=0.01s Sys=0.01s Real=0.00s
[2023-11-16T06:24:32.272+0000][7][safepoint   ] Safepoint "G1CollectForAllocation", Time since last: 7061048706 ns, Reaching safepoint: 87504 ns, At safepoint: 2525916 ns, Total: 2613420 ns
[2023-11-16T06:24:35.272+0000][7][safepoint   ] Safepoint "Cleanup", Time since last: 3000197709 ns, Reaching safepoint: 81723 ns, At safepoint: 8232 ns, Total: 89955 ns
[2023-11-16T06:24:39.327+0000][7][gc,start    ] GC(458) Pause Young (Normal) (G1 Evacuation Pause)
[2023-11-16T06:24:39.327+0000][7][gc,task     ] GC(458) Using 8 workers of 8 for evacuation
[2023-11-16T06:24:39.327+0000][7][gc,age      ] GC(458) Desired survivor size 18874368 bytes, new threshold 15 (max threshold 15)
[2023-11-16T06:24:39.329+0000][7][gc,age      ] GC(458) Age table with threshold 15 (max threshold 15)
[2023-11-16T06:24:39.329+0000][7][gc,age      ] GC(458) - age   1:    1174264 bytes,    1174264 total
[2023-11-16T06:24:39.329+0000][7][gc,age      ] GC(458) - age   2:     320576 bytes,    1494840 total
[2023-11-16T06:24:39.329+0000][7][gc,age      ] GC(458) - age   3:     375600 bytes,    1870440 total
[2023-11-16T06:24:39.329+0000][7][gc,age      ] GC(458) - age   4:     104456 bytes,    1974896 total
[2023-11-16T06:24:39.329+0000][7][gc,age      ] GC(458) - age   5:      10368 bytes,    1985264 total
[2023-11-16T06:24:39.329+0000][7][gc,age      ] GC(458) - age   6:     130760 bytes,    2116024 total
[2023-11-16T06:24:39.329+0000][7][gc,age      ] GC(458) - age   7:       1296 bytes,    2117320 total
[2023-11-16T06:24:39.329+0000][7][gc,age      ] GC(458) - age   8:       9272 bytes,    2126592 total
[2023-11-16T06:24:39.329+0000][7][gc,age      ] GC(458) - age   9:        320 bytes,    2126912 total
[2023-11-16T06:24:39.329+0000][7][gc,age      ] GC(458) - age  10:        384 bytes,    2127296 total
[2023-11-16T06:24:39.329+0000][7][gc,age      ] GC(458) - age  11:     108432 bytes,    2235728 total
[2023-11-16T06:24:39.329+0000][7][gc,age      ] GC(458) - age  12:      13024 bytes,    2248752 total
[2023-11-16T06:24:39.329+0000][7][gc,age      ] GC(458) - age  13:        800 bytes,    2249552 total
[2023-11-16T06:24:39.329+0000][7][gc,age      ] GC(458) - age  14:      19512 bytes,    2269064 total
[2023-11-16T06:24:39.329+0000][7][gc,age      ] GC(458) - age  15:      25000 bytes,    2294064 total
[2023-11-16T06:24:39.329+0000][7][gc,phases   ] GC(458)   Pre Evacuate Collection Set: 0.1ms
[2023-11-16T06:24:39.329+0000][7][gc,phases   ] GC(458)   Merge Heap Roots: 0.2ms
[2023-11-16T06:24:39.329+0000][7][gc,phases   ] GC(458)   Evacuate Collection Set: 1.2ms
[2023-11-16T06:24:39.329+0000][7][gc,phases   ] GC(458)   Post Evacuate Collection Set: 0.5ms
[2023-11-16T06:24:39.329+0000][7][gc,phases   ] GC(458)   Other: 0.3ms
[2023-11-16T06:24:39.329+0000][7][gc,heap     ] GC(458) Eden regions: 67->0(67)
[2023-11-16T06:24:39.329+0000][7][gc,heap     ] GC(458) Survivor regions: 1->1(9)
[2023-11-16T06:24:39.329+0000][7][gc,heap     ] GC(458) Old regions: 31->31
[2023-11-16T06:24:39.329+0000][7][gc,heap     ] GC(458) Archive regions: 2->2
[2023-11-16T06:24:39.329+0000][7][gc,heap     ] GC(458) Humongous regions: 5->5
[2023-11-16T06:24:39.329+0000][7][gc,metaspace] GC(458) Metaspace: 120605K(122368K)->120605K(122368K) NonClass: 104729K(105728K)->104729K(105728K) Class: 15875K(16640K)->15875K(16640K)
[2023-11-16T06:24:39.329+0000][7][gc          ] GC(458) Pause Young (Normal) (G1 Evacuation Pause) 418M->150M(512M) 2.416ms
[2023-11-16T06:24:39.329+0000][7][gc,cpu      ] GC(458) User=0.01s Sys=0.00s Real=0.01s
[2023-11-16T06:24:39.329+0000][7][safepoint   ] Safepoint "G1CollectForAllocation", Time since last: 4054809311 ns, Reaching safepoint: 78830 ns, At safepoint: 2487355 ns, Total: 2566185 ns
[2023-11-16T06:24:46.423+0000][7][gc,start    ] GC(459) Pause Young (Normal) (G1 Evacuation Pause)
[2023-11-16T06:24:46.423+0000][7][gc,task     ] GC(459) Using 8 workers of 8 for evacuation
[2023-11-16T06:24:46.423+0000][7][gc,age      ] GC(459) Desired survivor size 18874368 bytes, new threshold 15 (max threshold 15)
[2023-11-16T06:24:46.426+0000][7][gc,age      ] GC(459) Age table with threshold 15 (max threshold 15)
[2023-11-16T06:24:46.426+0000][7][gc,age      ] GC(459) - age   1:    2581656 bytes,    2581656 total
[2023-11-16T06:24:46.426+0000][7][gc,age      ] GC(459) - age   2:     541928 bytes,    3123584 total
[2023-11-16T06:24:46.426+0000][7][gc,age      ] GC(459) - age   3:     318256 bytes,    3441840 total
[2023-11-16T06:24:46.426+0000][7][gc,age      ] GC(459) - age   4:     375096 bytes,    3816936 total
[2023-11-16T06:24:46.426+0000][7][gc,age      ] GC(459) - age   5:     104232 bytes,    3921168 total
[2023-11-16T06:24:46.426+0000][7][gc,age      ] GC(459) - age   6:      10048 bytes,    3931216 total
[2023-11-16T06:24:46.426+0000][7][gc,age      ] GC(459) - age   7:     130664 bytes,    4061880 total
[2023-11-16T06:24:46.426+0000][7][gc,age      ] GC(459) - age   8:       1296 bytes,    4063176 total
[2023-11-16T06:24:46.426+0000][7][gc,age      ] GC(459) - age   9:       9080 bytes,    4072256 total
[2023-11-16T06:24:46.426+0000][7][gc,age      ] GC(459) - age  10:        256 bytes,    4072512 total
[2023-11-16T06:24:46.426+0000][7][gc,age      ] GC(459) - age  11:        256 bytes,    4072768 total
[2023-11-16T06:24:46.426+0000][7][gc,age      ] GC(459) - age  12:     108400 bytes,    4181168 total
[2023-11-16T06:24:46.426+0000][7][gc,age      ] GC(459) - age  13:      13024 bytes,    4194192 total
[2023-11-16T06:24:46.426+0000][7][gc,age      ] GC(459) - age  14:        800 bytes,    4194992 total
[2023-11-16T06:24:46.426+0000][7][gc,age      ] GC(459) - age  15:      19480 bytes,    4214472 total
[2023-11-16T06:24:46.426+0000][7][gc,phases   ] GC(459)   Pre Evacuate Collection Set: 0.1ms
[2023-11-16T06:24:46.426+0000][7][gc,phases   ] GC(459)   Merge Heap Roots: 0.0ms
[2023-11-16T06:24:46.426+0000][7][gc,phases   ] GC(459)   Evacuate Collection Set: 1.7ms
[2023-11-16T06:24:46.426+0000][7][gc,phases   ] GC(459)   Post Evacuate Collection Set: 0.6ms
[2023-11-16T06:24:46.426+0000][7][gc,phases   ] GC(459)   Other: 0.2ms
[2023-11-16T06:24:46.426+0000][7][gc,heap     ] GC(459) Eden regions: 67->0(66)
[2023-11-16T06:24:46.426+0000][7][gc,heap     ] GC(459) Survivor regions: 1->2(9)
[2023-11-16T06:24:46.426+0000][7][gc,heap     ] GC(459) Old regions: 31->31
[2023-11-16T06:24:46.426+0000][7][gc,heap     ] GC(459) Archive regions: 2->2
[2023-11-16T06:24:46.426+0000][7][gc,heap     ] GC(459) Humongous regions: 5->5
[2023-11-16T06:24:46.426+0000][7][gc,metaspace] GC(459) Metaspace: 120611K(122368K)->120611K(122368K) NonClass: 104735K(105728K)->104735K(105728K) Class: 15875K(16640K)->15875K(16640K)
[2023-11-16T06:24:46.426+0000][7][gc          ] GC(459) Pause Young (Normal) (G1 Evacuation Pause) 418M->152M(512M) 2.687ms
[2023-11-16T06:24:46.426+0000][7][gc,cpu      ] GC(459) User=0.01s Sys=0.01s Real=0.00s
[2023-11-16T06:24:46.426+0000][7][safepoint   ] Safepoint "G1CollectForAllocation", Time since last: 7093545262 ns, Reaching safepoint: 53834 ns, At safepoint: 2749990 ns, Total: 2803824 ns
[2023-11-16T06:24:55.427+0000][7][safepoint   ] Safepoint "Cleanup", Time since last: 9001365837 ns, Reaching safepoint: 67356 ns, At safepoint: 4620 ns, Total: 71976 ns
[2023-11-16T06:24:58.528+0000][7][gc,start    ] GC(460) Pause Young (Normal) (G1 Evacuation Pause)
[2023-11-16T06:24:58.528+0000][7][gc,task     ] GC(460) Using 8 workers of 8 for evacuation
[2023-11-16T06:24:58.528+0000][7][gc,age      ] GC(460) Desired survivor size 18874368 bytes, new threshold 15 (max threshold 15)
[2023-11-16T06:24:58.530+0000][7][gc,age      ] GC(460) Age table with threshold 15 (max threshold 15)
[2023-11-16T06:24:58.530+0000][7][gc,age      ] GC(460) - age   1:    2030672 bytes,    2030672 total
[2023-11-16T06:24:58.530+0000][7][gc,age      ] GC(460) - age   2:       6472 bytes,    2037144 total
[2023-11-16T06:24:58.530+0000][7][gc,age      ] GC(460) - age   3:     192400 bytes,    2229544 total
[2023-11-16T06:24:58.530+0000][7][gc,age      ] GC(460) - age   4:     104920 bytes,    2334464 total
[2023-11-16T06:24:58.530+0000][7][gc,age      ] GC(460) - age   5:       1152 bytes,    2335616 total
[2023-11-16T06:24:58.530+0000][7][gc,age      ] GC(460) - age   6:        368 bytes,    2335984 total
[2023-11-16T06:24:58.530+0000][7][gc,age      ] GC(460) - age   7:       8720 bytes,    2344704 total
[2023-11-16T06:24:58.530+0000][7][gc,age      ] GC(460) - age   8:     127640 bytes,    2472344 total
[2023-11-16T06:24:58.530+0000][7][gc,age      ] GC(460) - age   9:        864 bytes,    2473208 total
[2023-11-16T06:24:58.530+0000][7][gc,age      ] GC(460) - age  10:       8808 bytes,    2482016 total
[2023-11-16T06:24:58.530+0000][7][gc,age      ] GC(460) - age  11:        256 bytes,    2482272 total
[2023-11-16T06:24:58.530+0000][7][gc,age      ] GC(460) - age  12:        192 bytes,    2482464 total
[2023-11-16T06:24:58.530+0000][7][gc,age      ] GC(460) - age  13:     108368 bytes,    2590832 total
[2023-11-16T06:24:58.530+0000][7][gc,age      ] GC(460) - age  14:      13024 bytes,    2603856 total
[2023-11-16T06:24:58.530+0000][7][gc,age      ] GC(460) - age  15:        736 bytes,    2604592 total
[2023-11-16T06:24:58.530+0000][7][gc,phases   ] GC(460)   Pre Evacuate Collection Set: 0.1ms
[2023-11-16T06:24:58.530+0000][7][gc,phases   ] GC(460)   Merge Heap Roots: 0.0ms
[2023-11-16T06:24:58.530+0000][7][gc,phases   ] GC(460)   Evacuate Collection Set: 1.5ms
[2023-11-16T06:24:58.530+0000][7][gc,phases   ] GC(460)   Post Evacuate Collection Set: 0.7ms
[2023-11-16T06:24:58.530+0000][7][gc,phases   ] GC(460)   Other: 0.2ms
[2023-11-16T06:24:58.530+0000][7][gc,heap     ] GC(460) Eden regions: 66->0(67)
[2023-11-16T06:24:58.530+0000][7][gc,heap     ] GC(460) Survivor regions: 2->1(9)
[2023-11-16T06:24:58.530+0000][7][gc,heap     ] GC(460) Old regions: 31->31
[2023-11-16T06:24:58.530+0000][7][gc,heap     ] GC(460) Archive regions: 2->2
[2023-11-16T06:24:58.530+0000][7][gc,heap     ] GC(460) Humongous regions: 5->5
[2023-11-16T06:24:58.530+0000][7][gc,metaspace] GC(460) Metaspace: 120615K(122368K)->120615K(122368K) NonClass: 104739K(105728K)->104739K(105728K) Class: 15875K(16640K)->15875K(16640K)
[2023-11-16T06:24:58.530+0000][7][gc          ] GC(460) Pause Young (Normal) (G1 Evacuation Pause) 416M->150M(512M) 2.569ms
[2023-11-16T06:24:58.530+0000][7][gc,cpu      ] GC(460) User=0.01s Sys=0.00s Real=0.01s
[2023-11-16T06:24:58.530+0000][7][safepoint   ] Safepoint "G1CollectForAllocation", Time since last: 3100388347 ns, Reaching safepoint: 196758 ns, At safepoint: 2627938 ns, Total: 2824696 ns
[2023-11-16T06:24:59.531+0000][7][safepoint   ] Safepoint "Cleanup", Time since last: 1000214625 ns, Reaching safepoint: 154901 ns, At safepoint: 6633 ns, Total: 161534 ns
[2023-11-16T06:25:04.944+0000][7][gc,start    ] GC(461) Pause Young (Normal) (G1 Evacuation Pause)
[2023-11-16T06:25:04.944+0000][7][gc,task     ] GC(461) Using 8 workers of 8 for evacuation
[2023-11-16T06:25:04.944+0000][7][gc,age      ] GC(461) Desired survivor size 18874368 bytes, new threshold 15 (max threshold 15)
[2023-11-16T06:25:04.947+0000][7][gc,age      ] GC(461) Age table with threshold 15 (max threshold 15)
[2023-11-16T06:25:04.947+0000][7][gc,age      ] GC(461) - age   1:    2152496 bytes,    2152496 total
[2023-11-16T06:25:04.947+0000][7][gc,age      ] GC(461) - age   2:     713792 bytes,    2866288 total
[2023-11-16T06:25:04.947+0000][7][gc,age      ] GC(461) - age   3:       3960 bytes,    2870248 total
[2023-11-16T06:25:04.947+0000][7][gc,age      ] GC(461) - age   4:     191576 bytes,    3061824 total
[2023-11-16T06:25:04.947+0000][7][gc,age      ] GC(461) - age   5:     102232 bytes,    3164056 total
[2023-11-16T06:25:04.947+0000][7][gc,age      ] GC(461) - age   6:        696 bytes,    3164752 total
[2023-11-16T06:25:04.947+0000][7][gc,age      ] GC(461) - age   7:        368 bytes,    3165120 total
[2023-11-16T06:25:04.947+0000][7][gc,age      ] GC(461) - age   8:       8720 bytes,    3173840 total
[2023-11-16T06:25:04.947+0000][7][gc,age      ] GC(461) - age   9:     127576 bytes,    3301416 total
[2023-11-16T06:25:04.947+0000][7][gc,age      ] GC(461) - age  10:        864 bytes,    3302280 total
[2023-11-16T06:25:04.947+0000][7][gc,age      ] GC(461) - age  11:       8744 bytes,    3311024 total
[2023-11-16T06:25:04.947+0000][7][gc,age      ] GC(461) - age  12:        256 bytes,    3311280 total
[2023-11-16T06:25:04.947+0000][7][gc,age      ] GC(461) - age  13:        192 bytes,    3311472 total
[2023-11-16T06:25:04.947+0000][7][gc,age      ] GC(461) - age  14:     107992 bytes,    3419464 total
[2023-11-16T06:25:04.947+0000][7][gc,age      ] GC(461) - age  15:      13024 bytes,    3432488 total
[2023-11-16T06:25:04.947+0000][7][gc,phases   ] GC(461)   Pre Evacuate Collection Set: 0.1ms
[2023-11-16T06:25:04.947+0000][7][gc,phases   ] GC(461)   Merge Heap Roots: 0.0ms
[2023-11-16T06:25:04.947+0000][7][gc,phases   ] GC(461)   Evacuate Collection Set: 2.0ms
[2023-11-16T06:25:04.947+0000][7][gc,phases   ] GC(461)   Post Evacuate Collection Set: 0.5ms
[2023-11-16T06:25:04.947+0000][7][gc,phases   ] GC(461)   Other: 0.2ms
[2023-11-16T06:25:04.947+0000][7][gc,heap     ] GC(461) Eden regions: 67->0(67)
[2023-11-16T06:25:04.947+0000][7][gc,heap     ] GC(461) Survivor regions: 1->1(9)
[2023-11-16T06:25:04.947+0000][7][gc,heap     ] GC(461) Old regions: 31->31
[2023-11-16T06:25:04.947+0000][7][gc,heap     ] GC(461) Archive regions: 2->2
[2023-11-16T06:25:04.947+0000][7][gc,heap     ] GC(461) Humongous regions: 5->5
[2023-11-16T06:25:04.947+0000][7][gc,metaspace] GC(461) Metaspace: 120619K(122368K)->120619K(122368K) NonClass: 104743K(105728K)->104743K(105728K) Class: 15875K(16640K)->15875K(16640K)
[2023-11-16T06:25:04.947+0000][7][gc          ] GC(461) Pause Young (Normal) (G1 Evacuation Pause) 418M->151M(512M) 2.903ms
[2023-11-16T06:25:04.947+0000][7][gc,cpu      ] GC(461) User=0.01s Sys=0.00s Real=0.00s
[2023-11-16T06:25:04.947+0000][7][safepoint   ] Safepoint "G1CollectForAllocation", Time since last: 5412943340 ns, Reaching safepoint: 35000 ns, At safepoint: 3013088 ns, Total: 3048088 ns
[2023-11-16T06:25:06.948+0000][7][safepoint   ] Safepoint "Cleanup", Time since last: 2000636571 ns, Reaching safepoint: 66364 ns, At safepoint: 4909 ns, Total: 71273 ns
[2023-11-16T06:25:07.948+0000][7][safepoint   ] Safepoint "Cleanup", Time since last: 1000087487 ns, Reaching safepoint: 72193 ns, At safepoint: 4246 ns, Total: 76439 ns
[2023-11-16T06:25:09.110+0000][7][gc,start    ] GC(462) Pause Young (Normal) (G1 Evacuation Pause)
[2023-11-16T06:25:09.110+0000][7][gc,task     ] GC(462) Using 8 workers of 8 for evacuation
[2023-11-16T06:25:09.110+0000][7][gc,age      ] GC(462) Desired survivor size 18874368 bytes, new threshold 15 (max threshold 15)
[2023-11-16T06:25:09.112+0000][7][gc,age      ] GC(462) Age table with threshold 15 (max threshold 15)
[2023-11-16T06:25:09.112+0000][7][gc,age      ] GC(462) - age   1:    1155056 bytes,    1155056 total
[2023-11-16T06:25:09.112+0000][7][gc,age      ] GC(462) - age   2:      45168 bytes,    1200224 total
[2023-11-16T06:25:09.112+0000][7][gc,age      ] GC(462) - age   3:     297472 bytes,    1497696 total
[2023-11-16T06:25:09.112+0000][7][gc,age      ] GC(462) - age   4:       3496 bytes,    1501192 total
[2023-11-16T06:25:09.112+0000][7][gc,age      ] GC(462) - age   5:     129536 bytes,    1630728 total
[2023-11-16T06:25:09.112+0000][7][gc,age      ] GC(462) - age   6:       1384 bytes,    1632112 total
[2023-11-16T06:25:09.112+0000][7][gc,age      ] GC(462) - age   7:        696 bytes,    1632808 total
[2023-11-16T06:25:09.112+0000][7][gc,age      ] GC(462) - age   8:        304 bytes,    1633112 total
[2023-11-16T06:25:09.112+0000][7][gc,age      ] GC(462) - age   9:       8656 bytes,    1641768 total
[2023-11-16T06:25:09.112+0000][7][gc,age      ] GC(462) - age  10:      25176 bytes,    1666944 total
[2023-11-16T06:25:09.112+0000][7][gc,age      ] GC(462) - age  11:        864 bytes,    1667808 total
[2023-11-16T06:25:09.112+0000][7][gc,age      ] GC(462) - age  12:       8744 bytes,    1676552 total
[2023-11-16T06:25:09.112+0000][7][gc,age      ] GC(462) - age  13:        256 bytes,    1676808 total
[2023-11-16T06:25:09.112+0000][7][gc,age      ] GC(462) - age  14:        192 bytes,    1677000 total
[2023-11-16T06:25:09.112+0000][7][gc,age      ] GC(462) - age  15:     107992 bytes,    1784992 total
[2023-11-16T06:25:09.112+0000][7][gc,phases   ] GC(462)   Pre Evacuate Collection Set: 0.1ms
[2023-11-16T06:25:09.112+0000][7][gc,phases   ] GC(462)   Merge Heap Roots: 0.0ms
[2023-11-16T06:25:09.112+0000][7][gc,phases   ] GC(462)   Evacuate Collection Set: 1.0ms
[2023-11-16T06:25:09.112+0000][7][gc,phases   ] GC(462)   Post Evacuate Collection Set: 0.7ms
[2023-11-16T06:25:09.112+0000][7][gc,phases   ] GC(462)   Other: 0.2ms
[2023-11-16T06:25:09.112+0000][7][gc,heap     ] GC(462) Eden regions: 67->0(67)
[2023-11-16T06:25:09.112+0000][7][gc,heap     ] GC(462) Survivor regions: 1->1(9)
[2023-11-16T06:25:09.112+0000][7][gc,heap     ] GC(462) Old regions: 31->31
[2023-11-16T06:25:09.112+0000][7][gc,heap     ] GC(462) Archive regions: 2->2
[2023-11-16T06:25:09.112+0000][7][gc,heap     ] GC(462) Humongous regions: 5->5
[2023-11-16T06:25:09.112+0000][7][gc,metaspace] GC(462) Metaspace: 120631K(122368K)->120631K(122368K) NonClass: 104755K(105728K)->104755K(105728K) Class: 15875K(16640K)->15875K(16640K)
[2023-11-16T06:25:09.112+0000][7][gc          ] GC(462) Pause Young (Normal) (G1 Evacuation Pause) 419M->149M(512M) 2.179ms
[2023-11-16T06:25:09.112+0000][7][gc,cpu      ] GC(462) User=0.01s Sys=0.00s Real=0.00s
[2023-11-16T06:25:09.112+0000][7][safepoint   ] Safepoint "G1CollectForAllocation", Time since last: 1162426883 ns, Reaching safepoint: 85739 ns, At safepoint: 2241074 ns, Total: 2326813 ns
[2023-11-16T06:25:13.113+0000][7][safepoint   ] Safepoint "Cleanup", Time since last: 4000398284 ns, Reaching safepoint: 99856 ns, At safepoint: 10154 ns, Total: 110010 ns
[2023-11-16T06:25:14.508+0000][7][gc,start    ] GC(463) Pause Young (Normal) (G1 Evacuation Pause)
[2023-11-16T06:25:14.508+0000][7][gc,task     ] GC(463) Using 8 workers of 8 for evacuation
[2023-11-16T06:25:14.508+0000][7][gc,age      ] GC(463) Desired survivor size 18874368 bytes, new threshold 15 (max threshold 15)
[2023-11-16T06:25:14.511+0000][7][gc,age      ] GC(463) Age table with threshold 15 (max threshold 15)
[2023-11-16T06:25:14.511+0000][7][gc,age      ] GC(463) - age   1:    1745752 bytes,    1745752 total
[2023-11-16T06:25:14.511+0000][7][gc,age      ] GC(463) - age   2:     534184 bytes,    2279936 total
[2023-11-16T06:25:14.511+0000][7][gc,age      ] GC(463) - age   3:      41624 bytes,    2321560 total
[2023-11-16T06:25:14.511+0000][7][gc,age      ] GC(463) - age   4:     297032 bytes,    2618592 total
[2023-11-16T06:25:14.511+0000][7][gc,age      ] GC(463) - age   5:       2864 bytes,    2621456 total
[2023-11-16T06:25:14.511+0000][7][gc,age      ] GC(463) - age   6:     129472 bytes,    2750928 total
[2023-11-16T06:25:14.511+0000][7][gc,age      ] GC(463) - age   7:       1288 bytes,    2752216 total
[2023-11-16T06:25:14.511+0000][7][gc,age      ] GC(463) - age   8:        440 bytes,    2752656 total
[2023-11-16T06:25:14.511+0000][7][gc,age      ] GC(463) - age   9:        240 bytes,    2752896 total
[2023-11-16T06:25:14.511+0000][7][gc,age      ] GC(463) - age  10:       8528 bytes,    2761424 total
[2023-11-16T06:25:14.511+0000][7][gc,age      ] GC(463) - age  11:      25080 bytes,    2786504 total
[2023-11-16T06:25:14.511+0000][7][gc,age      ] GC(463) - age  12:        672 bytes,    2787176 total
[2023-11-16T06:25:14.511+0000][7][gc,age      ] GC(463) - age  13:       8744 bytes,    2795920 total
[2023-11-16T06:25:14.511+0000][7][gc,age      ] GC(463) - age  14:        192 bytes,    2796112 total
[2023-11-16T06:25:14.511+0000][7][gc,age      ] GC(463) - age  15:        192 bytes,    2796304 total
[2023-11-16T06:25:14.511+0000][7][gc,phases   ] GC(463)   Pre Evacuate Collection Set: 0.1ms
[2023-11-16T06:25:14.511+0000][7][gc,phases   ] GC(463)   Merge Heap Roots: 0.0ms
[2023-11-16T06:25:14.511+0000][7][gc,phases   ] GC(463)   Evacuate Collection Set: 2.0ms
[2023-11-16T06:25:14.511+0000][7][gc,phases   ] GC(463)   Post Evacuate Collection Set: 0.6ms
[2023-11-16T06:25:14.511+0000][7][gc,phases   ] GC(463)   Other: 0.2ms
[2023-11-16T06:25:14.511+0000][7][gc,heap     ] GC(463) Eden regions: 67->0(66)
[2023-11-16T06:25:14.511+0000][7][gc,heap     ] GC(463) Survivor regions: 1->1(9)
[2023-11-16T06:25:14.511+0000][7][gc,heap     ] GC(463) Old regions: 31->32
[2023-11-16T06:25:14.511+0000][7][gc,heap     ] GC(463) Archive regions: 2->2
[2023-11-16T06:25:14.511+0000][7][gc,heap     ] GC(463) Humongous regions: 5->5
[2023-11-16T06:25:14.511+0000][7][gc,metaspace] GC(463) Metaspace: 120632K(122368K)->120632K(122368K) NonClass: 104756K(105728K)->104756K(105728K) Class: 15875K(16640K)->15875K(16640K)
[2023-11-16T06:25:14.511+0000][7][gc          ] GC(463) Pause Young (Normal) (G1 Evacuation Pause) 417M->150M(512M) 2.954ms
[2023-11-16T06:25:14.511+0000][7][gc,cpu      ] GC(463) User=0.01s Sys=0.00s Real=0.01s
[2023-11-16T06:25:14.511+0000][7][safepoint   ] Safepoint "G1CollectForAllocation", Time since last: 1395283853 ns, Reaching safepoint: 27745 ns, At safepoint: 3024047 ns, Total: 3051792 ns
[2023-11-16T06:25:21.616+0000][7][gc,start    ] GC(464) Pause Young (Concurrent Start) (G1 Evacuation Pause)
[2023-11-16T06:25:21.616+0000][7][gc,task     ] GC(464) Using 8 workers of 8 for evacuation
[2023-11-16T06:25:21.616+0000][7][gc,age      ] GC(464) Desired survivor size 18874368 bytes, new threshold 15 (max threshold 15)
[2023-11-16T06:25:21.619+0000][7][gc,age      ] GC(464) Age table with threshold 15 (max threshold 15)
[2023-11-16T06:25:21.619+0000][7][gc,age      ] GC(464) - age   1:    1595936 bytes,    1595936 total
[2023-11-16T06:25:21.619+0000][7][gc,age      ] GC(464) - age   2:     500352 bytes,    2096288 total
[2023-11-16T06:25:21.619+0000][7][gc,age      ] GC(464) - age   3:     335176 bytes,    2431464 total
[2023-11-16T06:25:21.619+0000][7][gc,age      ] GC(464) - age   4:      40624 bytes,    2472088 total
[2023-11-16T06:25:21.619+0000][7][gc,age      ] GC(464) - age   5:     170448 bytes,    2642536 total
[2023-11-16T06:25:21.619+0000][7][gc,age      ] GC(464) - age   6:        752 bytes,    2643288 total
[2023-11-16T06:25:21.619+0000][7][gc,age      ] GC(464) - age   7:     129280 bytes,    2772568 total
[2023-11-16T06:25:21.619+0000][7][gc,age      ] GC(464) - age   8:       1224 bytes,    2773792 total
[2023-11-16T06:25:21.619+0000][7][gc,age      ] GC(464) - age   9:        312 bytes,    2774104 total
[2023-11-16T06:25:21.619+0000][7][gc,age      ] GC(464) - age  10:        240 bytes,    2774344 total
[2023-11-16T06:25:21.619+0000][7][gc,age      ] GC(464) - age  11:       8528 bytes,    2782872 total
[2023-11-16T06:25:21.619+0000][7][gc,age      ] GC(464) - age  12:      25080 bytes,    2807952 total
[2023-11-16T06:25:21.619+0000][7][gc,age      ] GC(464) - age  13:        608 bytes,    2808560 total
[2023-11-16T06:25:21.619+0000][7][gc,age      ] GC(464) - age  14:       8744 bytes,    2817304 total
[2023-11-16T06:25:21.619+0000][7][gc,age      ] GC(464) - age  15:        192 bytes,    2817496 total
[2023-11-16T06:25:21.619+0000][7][gc,phases   ] GC(464)   Pre Evacuate Collection Set: 0.2ms
[2023-11-16T06:25:21.619+0000][7][gc,phases   ] GC(464)   Merge Heap Roots: 0.1ms
[2023-11-16T06:25:21.619+0000][7][gc,phases   ] GC(464)   Evacuate Collection Set: 1.8ms
[2023-11-16T06:25:21.619+0000][7][gc,phases   ] GC(464)   Post Evacuate Collection Set: 0.5ms
[2023-11-16T06:25:21.619+0000][7][gc,phases   ] GC(464)   Other: 0.6ms
[2023-11-16T06:25:21.619+0000][7][gc,heap     ] GC(464) Eden regions: 66->0(66)
[2023-11-16T06:25:21.619+0000][7][gc,heap     ] GC(464) Survivor regions: 1->1(9)
[2023-11-16T06:25:21.619+0000][7][gc,heap     ] GC(464) Old regions: 32->32
[2023-11-16T06:25:21.619+0000][7][gc,heap     ] GC(464) Archive regions: 2->2
[2023-11-16T06:25:21.619+0000][7][gc,heap     ] GC(464) Humongous regions: 5->5
[2023-11-16T06:25:21.619+0000][7][gc,metaspace] GC(464) Metaspace: 120632K(122368K)->120632K(122368K) NonClass: 104756K(105728K)->104756K(105728K) Class: 15875K(16640K)->15875K(16640K)
[2023-11-16T06:25:21.619+0000][7][gc          ] GC(464) Pause Young (Concurrent Start) (G1 Evacuation Pause) 414M->151M(512M) 3.194ms
[2023-11-16T06:25:21.619+0000][7][gc,cpu      ] GC(464) User=0.02s Sys=0.00s Real=0.01s
[2023-11-16T06:25:21.619+0000][7][safepoint   ] Safepoint "G1CollectForAllocation", Time since last: 7104491442 ns, Reaching safepoint: 51489 ns, At safepoint: 3287723 ns, Total: 3339212 ns
[2023-11-16T06:25:21.619+0000][7][gc          ] GC(465) Concurrent Mark Cycle
[2023-11-16T06:25:21.619+0000][7][gc,marking  ] GC(465) Concurrent Clear Claimed Marks
[2023-11-16T06:25:21.620+0000][7][gc,marking  ] GC(465) Concurrent Clear Claimed Marks 0.694ms
[2023-11-16T06:25:21.620+0000][7][gc,marking  ] GC(465) Concurrent Scan Root Regions
[2023-11-16T06:25:21.623+0000][7][gc,marking  ] GC(465) Concurrent Scan Root Regions 2.763ms
[2023-11-16T06:25:21.623+0000][7][gc,marking  ] GC(465) Concurrent Mark
[2023-11-16T06:25:21.623+0000][7][gc,marking  ] GC(465) Concurrent Mark From Roots
[2023-11-16T06:25:21.623+0000][7][gc,task     ] GC(465) Using 2 workers of 2 for marking
[2023-11-16T06:25:21.704+0000][7][gc,marking  ] GC(465) Concurrent Mark From Roots 81.179ms
[2023-11-16T06:25:21.704+0000][7][gc,marking  ] GC(465) Concurrent Preclean
[2023-11-16T06:25:21.708+0000][7][gc,marking  ] GC(465) Concurrent Preclean 4.066ms
[2023-11-16T06:25:21.708+0000][7][gc,start    ] GC(465) Pause Remark
[2023-11-16T06:25:21.723+0000][7][gc          ] GC(465) Pause Remark 170M->170M(512M) 14.636ms
[2023-11-16T06:25:21.723+0000][7][gc,cpu      ] GC(465) User=0.05s Sys=0.01s Real=0.02s
[2023-11-16T06:25:21.723+0000][7][safepoint   ] Safepoint "G1Concurrent", Time since last: 88909111 ns, Reaching safepoint: 42772 ns, At safepoint: 14792423 ns, Total: 14835195 ns
[2023-11-16T06:25:21.723+0000][7][gc,marking  ] GC(465) Concurrent Mark 100.221ms
[2023-11-16T06:25:21.723+0000][7][gc,marking  ] GC(465) Concurrent Rebuild Remembered Sets
[2023-11-16T06:25:21.763+0000][7][gc,marking  ] GC(465) Concurrent Rebuild Remembered Sets 40.233ms
[2023-11-16T06:25:21.763+0000][7][gc,start    ] GC(465) Pause Cleanup
[2023-11-16T06:25:21.763+0000][7][gc          ] GC(465) Pause Cleanup 171M->171M(512M) 0.098ms
[2023-11-16T06:25:21.763+0000][7][gc,cpu      ] GC(465) User=0.00s Sys=0.00s Real=0.00s
[2023-11-16T06:25:21.763+0000][7][safepoint   ] Safepoint "G1Concurrent", Time since last: 40331762 ns, Reaching safepoint: 53630 ns, At safepoint: 174264 ns, Total: 227894 ns
[2023-11-16T06:25:21.763+0000][7][gc,marking  ] GC(465) Concurrent Cleanup for Next Mark
[2023-11-16T06:25:21.766+0000][7][gc,marking  ] GC(465) Concurrent Cleanup for Next Mark 2.545ms
[2023-11-16T06:25:21.766+0000][7][gc          ] GC(465) Concurrent Mark Cycle 146.976ms
[2023-11-16T06:25:28.487+0000][7][gc,start    ] GC(466) Pause Young (Prepare Mixed) (G1 Evacuation Pause)
[2023-11-16T06:25:28.488+0000][7][gc,task     ] GC(466) Using 8 workers of 8 for evacuation
[2023-11-16T06:25:28.488+0000][7][gc,age      ] GC(466) Desired survivor size 18874368 bytes, new threshold 15 (max threshold 15)
[2023-11-16T06:25:28.490+0000][7][gc,age      ] GC(466) Age table with threshold 15 (max threshold 15)
[2023-11-16T06:25:28.490+0000][7][gc,age      ] GC(466) - age   1:    1444960 bytes,    1444960 total
[2023-11-16T06:25:28.490+0000][7][gc,age      ] GC(466) - age   2:     338824 bytes,    1783784 total
[2023-11-16T06:25:28.490+0000][7][gc,age      ] GC(466) - age   3:     497760 bytes,    2281544 total
[2023-11-16T06:25:28.490+0000][7][gc,age      ] GC(466) - age   4:     334392 bytes,    2615936 total
[2023-11-16T06:25:28.490+0000][7][gc,age      ] GC(466) - age   5:      40168 bytes,    2656104 total
[2023-11-16T06:25:28.490+0000][7][gc,age      ] GC(466) - age   6:     157856 bytes,    2813960 total
[2023-11-16T06:25:28.490+0000][7][gc,age      ] GC(466) - age   7:        416 bytes,    2814376 total
[2023-11-16T06:25:28.490+0000][7][gc,age      ] GC(466) - age   8:       1480 bytes,    2815856 total
[2023-11-16T06:25:28.490+0000][7][gc,age      ] GC(466) - age   9:       1128 bytes,    2816984 total
[2023-11-16T06:25:28.490+0000][7][gc,age      ] GC(466) - age  10:        216 bytes,    2817200 total
[2023-11-16T06:25:28.490+0000][7][gc,age      ] GC(466) - age  11:        240 bytes,    2817440 total
[2023-11-16T06:25:28.490+0000][7][gc,age      ] GC(466) - age  12:       8400 bytes,    2825840 total
[2023-11-16T06:25:28.490+0000][7][gc,age      ] GC(466) - age  13:      25080 bytes,    2850920 total
[2023-11-16T06:25:28.490+0000][7][gc,age      ] GC(466) - age  14:        608 bytes,    2851528 total
[2023-11-16T06:25:28.490+0000][7][gc,age      ] GC(466) - age  15:       8744 bytes,    2860272 total
[2023-11-16T06:25:28.490+0000][7][gc,phases   ] GC(466)   Pre Evacuate Collection Set: 0.1ms
[2023-11-16T06:25:28.490+0000][7][gc,phases   ] GC(466)   Merge Heap Roots: 0.1ms
[2023-11-16T06:25:28.490+0000][7][gc,phases   ] GC(466)   Evacuate Collection Set: 1.7ms
[2023-11-16T06:25:28.490+0000][7][gc,phases   ] GC(466)   Post Evacuate Collection Set: 0.5ms
[2023-11-16T06:25:28.490+0000][7][gc,phases   ] GC(466)   Other: 1.1ms
[2023-11-16T06:25:28.490+0000][7][gc,heap     ] GC(466) Eden regions: 66->0(5)
[2023-11-16T06:25:28.490+0000][7][gc,heap     ] GC(466) Survivor regions: 1->1(9)
[2023-11-16T06:25:28.490+0000][7][gc,heap     ] GC(466) Old regions: 32->32
[2023-11-16T06:25:28.490+0000][7][gc,heap     ] GC(466) Archive regions: 2->2
[2023-11-16T06:25:28.490+0000][7][gc,heap     ] GC(466) Humongous regions: 5->5
[2023-11-16T06:25:28.490+0000][7][gc,metaspace] GC(466) Metaspace: 120632K(122368K)->120632K(122368K) NonClass: 104756K(105728K)->104756K(105728K) Class: 15875K(16640K)->15875K(16640K)
[2023-11-16T06:25:28.490+0000][7][gc          ] GC(466) Pause Young (Prepare Mixed) (G1 Evacuation Pause) 415M->150M(512M) 3.496ms
[2023-11-16T06:25:28.490+0000][7][gc,cpu      ] GC(466) User=0.01s Sys=0.00s Real=0.01s
[2023-11-16T06:25:28.490+0000][7][safepoint   ] Safepoint "G1CollectForAllocation", Time since last: 6723407530 ns, Reaching safepoint: 63709 ns, At safepoint: 3553843 ns, Total: 3617552 ns
[2023-11-16T06:25:28.690+0000][7][gc,start    ] GC(467) Pause Young (Mixed) (G1 Evacuation Pause)
[2023-11-16T06:25:28.690+0000][7][gc,task     ] GC(467) Using 8 workers of 8 for evacuation
[2023-11-16T06:25:28.690+0000][7][gc,age      ] GC(467) Desired survivor size 2097152 bytes, new threshold 3 (max threshold 15)
[2023-11-16T06:25:28.712+0000][7][gc,age      ] GC(467) Age table with threshold 3 (max threshold 15)
[2023-11-16T06:25:28.713+0000][7][gc,age      ] GC(467) - age   1:     574336 bytes,     574336 total
[2023-11-16T06:25:28.713+0000][7][gc,age      ] GC(467) - age   2:     884152 bytes,    1458488 total
[2023-11-16T06:25:28.713+0000][7][gc,age      ] GC(467) - age   3:     338792 bytes,    1797280 total
[2023-11-16T06:25:28.713+0000][7][gc,phases   ] GC(467)   Pre Evacuate Collection Set: 0.1ms
[2023-11-16T06:25:28.713+0000][7][gc,phases   ] GC(467)   Merge Heap Roots: 0.0ms
[2023-11-16T06:25:28.713+0000][7][gc,phases   ] GC(467)   Evacuate Collection Set: 21.6ms
[2023-11-16T06:25:28.713+0000][7][gc,phases   ] GC(467)   Post Evacuate Collection Set: 0.8ms
[2023-11-16T06:25:28.713+0000][7][gc,phases   ] GC(467)   Other: 0.2ms
[2023-11-16T06:25:28.713+0000][7][gc,heap     ] GC(467) Eden regions: 5->0(67)
[2023-11-16T06:25:28.713+0000][7][gc,heap     ] GC(467) Survivor regions: 1->1(1)
[2023-11-16T06:25:28.713+0000][7][gc,heap     ] GC(467) Old regions: 32->31
[2023-11-16T06:25:28.713+0000][7][gc,heap     ] GC(467) Archive regions: 2->2
[2023-11-16T06:25:28.713+0000][7][gc,heap     ] GC(467) Humongous regions: 5->5
[2023-11-16T06:25:28.713+0000][7][gc,metaspace] GC(467) Metaspace: 120632K(122368K)->120632K(122368K) NonClass: 104756K(105728K)->104756K(105728K) Class: 15875K(16640K)->15875K(16640K)
[2023-11-16T06:25:28.713+0000][7][gc          ] GC(467) Pause Young (Mixed) (G1 Evacuation Pause) 170M->147M(512M) 22.700ms
[2023-11-16T06:25:28.713+0000][7][gc,cpu      ] GC(467) User=0.03s Sys=0.00s Real=0.02s
[2023-11-16T06:25:28.713+0000][7][safepoint   ] Safepoint "G1CollectForAllocation", Time since last: 199455525 ns, Reaching safepoint: 58854 ns, At safepoint: 22773028 ns, Total: 22831882 ns
[2023-11-16T06:25:33.778+0000][7][gc,start    ] GC(468) Pause Young (Normal) (G1 Evacuation Pause)
[2023-11-16T06:25:33.781+0000][7][gc,task     ] GC(468) Using 8 workers of 8 for evacuation
[2023-11-16T06:25:33.781+0000][7][gc,age      ] GC(468) Desired survivor size 18874368 bytes, new threshold 15 (max threshold 15)
[2023-11-16T06:25:33.783+0000][7][gc,age      ] GC(468) Age table with threshold 15 (max threshold 15)
[2023-11-16T06:25:33.783+0000][7][gc,age      ] GC(468) - age   1:    2018232 bytes,    2018232 total
[2023-11-16T06:25:33.783+0000][7][gc,age      ] GC(468) - age   2:      52176 bytes,    2070408 total
[2023-11-16T06:25:33.783+0000][7][gc,age      ] GC(468) - age   3:     441208 bytes,    2511616 total
[2023-11-16T06:25:33.783+0000][7][gc,age      ] GC(468) - age   4:     139064 bytes,    2650680 total
[2023-11-16T06:25:33.783+0000][7][gc,phases   ] GC(468)   Pre Evacuate Collection Set: 0.1ms
[2023-11-16T06:25:33.783+0000][7][gc,phases   ] GC(468)   Merge Heap Roots: 0.0ms
[2023-11-16T06:25:33.783+0000][7][gc,phases   ] GC(468)   Evacuate Collection Set: 1.5ms
[2023-11-16T06:25:33.783+0000][7][gc,phases   ] GC(468)   Post Evacuate Collection Set: 0.4ms
[2023-11-16T06:25:33.783+0000][7][gc,phases   ] GC(468)   Other: 3.2ms
[2023-11-16T06:25:33.783+0000][7][gc,heap     ] GC(468) Eden regions: 67->0(67)
[2023-11-16T06:25:33.783+0000][7][gc,heap     ] GC(468) Survivor regions: 1->1(9)
[2023-11-16T06:25:33.783+0000][7][gc,heap     ] GC(468) Old regions: 31->31
[2023-11-16T06:25:33.783+0000][7][gc,heap     ] GC(468) Archive regions: 2->2
[2023-11-16T06:25:33.783+0000][7][gc,heap     ] GC(468) Humongous regions: 5->5
[2023-11-16T06:25:33.783+0000][7][gc,metaspace] GC(468) Metaspace: 120633K(122368K)->120633K(122368K) NonClass: 104757K(105728K)->104757K(105728K) Class: 15875K(16640K)->15875K(16640K)
[2023-11-16T06:25:33.783+0000][7][gc          ] GC(468) Pause Young (Normal) (G1 Evacuation Pause) 415M->148M(512M) 5.314ms
[2023-11-16T06:25:33.783+0000][7][gc,cpu      ] GC(468) User=0.01s Sys=0.00s Real=0.01s
[2023-11-16T06:25:33.783+0000][7][safepoint   ] Safepoint "G1CollectForAllocation", Time since last: 5065211697 ns, Reaching safepoint: 95084 ns, At safepoint: 5375688 ns, Total: 5470772 ns
[2023-11-16T06:25:34.784+0000][7][safepoint   ] Safepoint "Cleanup", Time since last: 1000303409 ns, Reaching safepoint: 31874 ns, At safepoint: 3947 ns, Total: 35821 ns
[2023-11-16T06:25:37.784+0000][7][safepoint   ] Safepoint "Cleanup", Time since last: 3000353588 ns, Reaching safepoint: 90634 ns, At safepoint: 5307 ns, Total: 95941 ns
[2023-11-16T06:25:40.805+0000][7][gc,start    ] GC(469) Pause Young (Normal) (G1 Evacuation Pause)
[2023-11-16T06:25:40.805+0000][7][gc,task     ] GC(469) Using 8 workers of 8 for evacuation
[2023-11-16T06:25:40.805+0000][7][gc,age      ] GC(469) Desired survivor size 18874368 bytes, new threshold 15 (max threshold 15)
[2023-11-16T06:25:40.807+0000][7][gc,age      ] GC(469) Age table with threshold 15 (max threshold 15)
[2023-11-16T06:25:40.807+0000][7][gc,age      ] GC(469) - age   1:    1766760 bytes,    1766760 total
[2023-11-16T06:25:40.807+0000][7][gc,age      ] GC(469) - age   2:     323576 bytes,    2090336 total
[2023-11-16T06:25:40.807+0000][7][gc,age      ] GC(469) - age   3:       2536 bytes,    2092872 total
[2023-11-16T06:25:40.807+0000][7][gc,age      ] GC(469) - age   4:      15256 bytes,    2108128 total
[2023-11-16T06:25:40.807+0000][7][gc,age      ] GC(469) - age   5:     138080 bytes,    2246208 total
[2023-11-16T06:25:40.807+0000][7][gc,phases   ] GC(469)   Pre Evacuate Collection Set: 0.1ms
[2023-11-16T06:25:40.807+0000][7][gc,phases   ] GC(469)   Merge Heap Roots: 0.0ms
[2023-11-16T06:25:40.807+0000][7][gc,phases   ] GC(469)   Evacuate Collection Set: 1.3ms
[2023-11-16T06:25:40.807+0000][7][gc,phases   ] GC(469)   Post Evacuate Collection Set: 0.6ms
[2023-11-16T06:25:40.807+0000][7][gc,phases   ] GC(469)   Other: 0.2ms
[2023-11-16T06:25:40.807+0000][7][gc,heap     ] GC(469) Eden regions: 67->0(67)
[2023-11-16T06:25:40.807+0000][7][gc,heap     ] GC(469) Survivor regions: 1->1(9)
[2023-11-16T06:25:40.807+0000][7][gc,heap     ] GC(469) Old regions: 31->31
[2023-11-16T06:25:40.807+0000][7][gc,heap     ] GC(469) Archive regions: 2->2
[2023-11-16T06:25:40.807+0000][7][gc,heap     ] GC(469) Humongous regions: 5->5
[2023-11-16T06:25:40.807+0000][7][gc,metaspace] GC(469) Metaspace: 120633K(122368K)->120633K(122368K) NonClass: 104757K(105728K)->104757K(105728K) Class: 15875K(16640K)->15875K(16640K)
[2023-11-16T06:25:40.807+0000][7][gc          ] GC(469) Pause Young (Normal) (G1 Evacuation Pause) 416M->148M(512M) 2.342ms
[2023-11-16T06:25:40.807+0000][7][gc,cpu      ] GC(469) User=0.00s Sys=0.01s Real=0.00s
[2023-11-16T06:25:40.807+0000][7][safepoint   ] Safepoint "G1CollectForAllocation", Time since last: 3020756240 ns, Reaching safepoint: 90397 ns, At safepoint: 2441787 ns, Total: 2532184 ns
[2023-11-16T06:25:46.968+0000][7][gc,start    ] GC(470) Pause Young (Concurrent Start) (G1 Evacuation Pause)
[2023-11-16T06:25:46.968+0000][7][gc,task     ] GC(470) Using 8 workers of 8 for evacuation
[2023-11-16T06:25:46.968+0000][7][gc,age      ] GC(470) Desired survivor size 18874368 bytes, new threshold 15 (max threshold 15)
[2023-11-16T06:25:46.971+0000][7][gc,age      ] GC(470) Age table with threshold 15 (max threshold 15)
[2023-11-16T06:25:46.971+0000][7][gc,age      ] GC(470) - age   1:    1824792 bytes,    1824792 total
[2023-11-16T06:25:46.971+0000][7][gc,age      ] GC(470) - age   2:     585008 bytes,    2409800 total
[2023-11-16T06:25:46.971+0000][7][gc,age      ] GC(470) - age   3:     321040 bytes,    2730840 total
[2023-11-16T06:25:46.971+0000][7][gc,age      ] GC(470) - age   4:       2536 bytes,    2733376 total
[2023-11-16T06:25:46.971+0000][7][gc,age      ] GC(470) - age   5:      14576 bytes,    2747952 total
[2023-11-16T06:25:46.971+0000][7][gc,age      ] GC(470) - age   6:       9616 bytes,    2757568 total
[2023-11-16T06:25:46.971+0000][7][gc,phases   ] GC(470)   Pre Evacuate Collection Set: 0.2ms
[2023-11-16T06:25:46.971+0000][7][gc,phases   ] GC(470)   Merge Heap Roots: 0.1ms
[2023-11-16T06:25:46.971+0000][7][gc,phases   ] GC(470)   Evacuate Collection Set: 1.6ms
[2023-11-16T06:25:46.971+0000][7][gc,phases   ] GC(470)   Post Evacuate Collection Set: 0.6ms
[2023-11-16T06:25:46.971+0000][7][gc,phases   ] GC(470)   Other: 0.2ms
[2023-11-16T06:25:46.971+0000][7][gc,heap     ] GC(470) Eden regions: 67->0(67)
[2023-11-16T06:25:46.971+0000][7][gc,heap     ] GC(470) Survivor regions: 1->1(9)
[2023-11-16T06:25:46.971+0000][7][gc,heap     ] GC(470) Old regions: 31->31
[2023-11-16T06:25:46.971+0000][7][gc,heap     ] GC(470) Archive regions: 2->2
[2023-11-16T06:25:46.971+0000][7][gc,heap     ] GC(470) Humongous regions: 5->5
[2023-11-16T06:25:46.971+0000][7][gc,metaspace] GC(470) Metaspace: 120635K(122368K)->120635K(122368K) NonClass: 104759K(105728K)->104759K(105728K) Class: 15875K(16640K)->15875K(16640K)
[2023-11-16T06:25:46.971+0000][7][gc          ] GC(470) Pause Young (Concurrent Start) (G1 Evacuation Pause) 416M->148M(512M) 2.737ms
[2023-11-16T06:25:46.971+0000][7][gc,cpu      ] GC(470) User=0.01s Sys=0.01s Real=0.01s
[2023-11-16T06:25:46.971+0000][7][safepoint   ] Safepoint "G1CollectForAllocation", Time since last: 6160749430 ns, Reaching safepoint: 25640 ns, At safepoint: 2833022 ns, Total: 2858662 ns
[2023-11-16T06:25:46.971+0000][7][gc          ] GC(471) Concurrent Mark Cycle
[2023-11-16T06:25:46.971+0000][7][gc,marking  ] GC(471) Concurrent Clear Claimed Marks
[2023-11-16T06:25:46.971+0000][7][gc,marking  ] GC(471) Concurrent Clear Claimed Marks 0.092ms
[2023-11-16T06:25:46.971+0000][7][gc,marking  ] GC(471) Concurrent Scan Root Regions
[2023-11-16T06:25:46.973+0000][7][gc,marking  ] GC(471) Concurrent Scan Root Regions 1.918ms
[2023-11-16T06:25:46.973+0000][7][gc,marking  ] GC(471) Concurrent Mark
[2023-11-16T06:25:46.973+0000][7][gc,marking  ] GC(471) Concurrent Mark From Roots
[2023-11-16T06:25:46.973+0000][7][gc,task     ] GC(471) Using 2 workers of 2 for marking
[2023-11-16T06:25:47.032+0000][7][gc,marking  ] GC(471) Concurrent Mark From Roots 58.681ms
[2023-11-16T06:25:47.032+0000][7][gc,marking  ] GC(471) Concurrent Preclean
[2023-11-16T06:25:47.032+0000][7][gc,marking  ] GC(471) Concurrent Preclean 0.232ms
[2023-11-16T06:25:47.032+0000][7][gc,start    ] GC(471) Pause Remark
[2023-11-16T06:25:47.040+0000][7][gc          ] GC(471) Pause Remark 150M->150M(512M) 7.574ms
[2023-11-16T06:25:47.040+0000][7][gc,cpu      ] GC(471) User=0.06s Sys=0.00s Real=0.01s
[2023-11-16T06:25:47.040+0000][7][safepoint   ] Safepoint "G1Concurrent", Time since last: 61106294 ns, Reaching safepoint: 27697 ns, At safepoint: 7714608 ns, Total: 7742305 ns
[2023-11-16T06:25:47.040+0000][7][gc,marking  ] GC(471) Concurrent Mark 66.807ms
[2023-11-16T06:25:47.040+0000][7][gc,marking  ] GC(471) Concurrent Rebuild Remembered Sets
[2023-11-16T06:25:47.080+0000][7][gc,marking  ] GC(471) Concurrent Rebuild Remembered Sets 39.894ms
[2023-11-16T06:25:47.080+0000][7][gc,start    ] GC(471) Pause Cleanup
[2023-11-16T06:25:47.080+0000][7][gc          ] GC(471) Pause Cleanup 155M->155M(512M) 0.063ms
[2023-11-16T06:25:47.080+0000][7][gc,cpu      ] GC(471) User=0.00s Sys=0.00s Real=0.00s
[2023-11-16T06:25:47.080+0000][7][safepoint   ] Safepoint "G1Concurrent", Time since last: 40113854 ns, Reaching safepoint: 22824 ns, At safepoint: 144413 ns, Total: 167237 ns
[2023-11-16T06:25:47.080+0000][7][gc,marking  ] GC(471) Concurrent Cleanup for Next Mark
[2023-11-16T06:25:47.085+0000][7][gc,marking  ] GC(471) Concurrent Cleanup for Next Mark 5.040ms
[2023-11-16T06:25:47.085+0000][7][gc          ] GC(471) Concurrent Mark Cycle 114.163ms
[2023-11-16T06:25:53.868+0000][7][safepoint   ] Safepoint "Cleanup", Time since last: 6787570440 ns, Reaching safepoint: 77666 ns, At safepoint: 7784 ns, Total: 85450 ns
[2023-11-16T06:25:53.909+0000][7][gc,start    ] GC(472) Pause Young (Prepare Mixed) (G1 Evacuation Pause)
[2023-11-16T06:25:53.909+0000][7][gc,task     ] GC(472) Using 8 workers of 8 for evacuation
[2023-11-16T06:25:53.909+0000][7][gc,age      ] GC(472) Desired survivor size 18874368 bytes, new threshold 15 (max threshold 15)
[2023-11-16T06:25:53.911+0000][7][gc,age      ] GC(472) Age table with threshold 15 (max threshold 15)
[2023-11-16T06:25:53.911+0000][7][gc,age      ] GC(472) - age   1:    1485816 bytes,    1485816 total
[2023-11-16T06:25:53.911+0000][7][gc,age      ] GC(472) - age   2:     335760 bytes,    1821576 total
[2023-11-16T06:25:53.911+0000][7][gc,age      ] GC(472) - age   3:     415616 bytes,    2237192 total
[2023-11-16T06:25:53.911+0000][7][gc,age      ] GC(472) - age   4:     314000 bytes,    2551192 total
[2023-11-16T06:25:53.911+0000][7][gc,age      ] GC(472) - age   5:       2536 bytes,    2553728 total
[2023-11-16T06:25:53.911+0000][7][gc,age      ] GC(472) - age   6:      13528 bytes,    2567256 total
[2023-11-16T06:25:53.911+0000][7][gc,age      ] GC(472) - age   7:       6592 bytes,    2573848 total
[2023-11-16T06:25:53.911+0000][7][gc,phases   ] GC(472)   Pre Evacuate Collection Set: 0.1ms
[2023-11-16T06:25:53.911+0000][7][gc,phases   ] GC(472)   Merge Heap Roots: 0.1ms
[2023-11-16T06:25:53.911+0000][7][gc,phases   ] GC(472)   Evacuate Collection Set: 1.5ms
[2023-11-16T06:25:53.911+0000][7][gc,phases   ] GC(472)   Post Evacuate Collection Set: 0.5ms
[2023-11-16T06:25:53.911+0000][7][gc,phases   ] GC(472)   Other: 0.3ms
[2023-11-16T06:25:53.911+0000][7][gc,heap     ] GC(472) Eden regions: 67->0(5)
[2023-11-16T06:25:53.911+0000][7][gc,heap     ] GC(472) Survivor regions: 1->1(9)
[2023-11-16T06:25:53.911+0000][7][gc,heap     ] GC(472) Old regions: 31->31
[2023-11-16T06:25:53.911+0000][7][gc,heap     ] GC(472) Archive regions: 2->2
[2023-11-16T06:25:53.911+0000][7][gc,heap     ] GC(472) Humongous regions: 5->5
[2023-11-16T06:25:53.911+0000][7][gc,metaspace] GC(472) Metaspace: 120635K(122368K)->120635K(122368K) NonClass: 104759K(105728K)->104759K(105728K) Class: 15875K(16640K)->15875K(16640K)
[2023-11-16T06:25:53.911+0000][7][gc          ] GC(472) Pause Young (Prepare Mixed) (G1 Evacuation Pause) 416M->148M(512M) 2.507ms
[2023-11-16T06:25:53.911+0000][7][gc,cpu      ] GC(472) User=0.02s Sys=0.00s Real=0.00s
[2023-11-16T06:25:53.911+0000][7][safepoint   ] Safepoint "G1CollectForAllocation", Time since last: 40536616 ns, Reaching safepoint: 43050 ns, At safepoint: 2620443 ns, Total: 2663493 ns
[2023-11-16T06:25:54.188+0000][7][gc,start    ] GC(473) Pause Young (Mixed) (G1 Evacuation Pause)
[2023-11-16T06:25:54.188+0000][7][gc,task     ] GC(473) Using 8 workers of 8 for evacuation
[2023-11-16T06:25:54.188+0000][7][gc,age      ] GC(473) Desired survivor size 2097152 bytes, new threshold 3 (max threshold 15)
[2023-11-16T06:25:54.216+0000][7][gc,age      ] GC(473) Age table with threshold 3 (max threshold 15)
[2023-11-16T06:25:54.216+0000][7][gc,age      ] GC(473) - age   1:     707152 bytes,     707152 total
[2023-11-16T06:25:54.216+0000][7][gc,age      ] GC(473) - age   2:     297248 bytes,    1004400 total
[2023-11-16T06:25:54.216+0000][7][gc,age      ] GC(473) - age   3:     133616 bytes,    1138016 total
[2023-11-16T06:25:54.216+0000][7][gc,phases   ] GC(473)   Pre Evacuate Collection Set: 0.1ms
[2023-11-16T06:25:54.216+0000][7][gc,phases   ] GC(473)   Merge Heap Roots: 0.0ms
[2023-11-16T06:25:54.216+0000][7][gc,phases   ] GC(473)   Evacuate Collection Set: 26.5ms
[2023-11-16T06:25:54.216+0000][7][gc,phases   ] GC(473)   Post Evacuate Collection Set: 0.6ms
[2023-11-16T06:25:54.216+0000][7][gc,phases   ] GC(473)   Other: 0.2ms
[2023-11-16T06:25:54.216+0000][7][gc,heap     ] GC(473) Eden regions: 5->0(68)
[2023-11-16T06:25:54.216+0000][7][gc,heap     ] GC(473) Survivor regions: 1->1(1)
[2023-11-16T06:25:54.216+0000][7][gc,heap     ] GC(473) Old regions: 31->30
[2023-11-16T06:25:54.216+0000][7][gc,heap     ] GC(473) Archive regions: 2->2
[2023-11-16T06:25:54.216+0000][7][gc,heap     ] GC(473) Humongous regions: 5->5
[2023-11-16T06:25:54.216+0000][7][gc,metaspace] GC(473) Metaspace: 120635K(122368K)->120635K(122368K) NonClass: 104759K(105728K)->104759K(105728K) Class: 15875K(16640K)->15875K(16640K)
[2023-11-16T06:25:54.216+0000][7][gc          ] GC(473) Pause Young (Mixed) (G1 Evacuation Pause) 168M->144M(512M) 27.488ms
[2023-11-16T06:25:54.216+0000][7][gc,cpu      ] GC(473) User=0.02s Sys=0.01s Real=0.03s
[2023-11-16T06:25:54.216+0000][7][safepoint   ] Safepoint "G1CollectForAllocation", Time since last: 277123854 ns, Reaching safepoint: 61299 ns, At safepoint: 27557423 ns, Total: 27618722 ns
[2023-11-16T06:25:56.216+0000][7][safepoint   ] Safepoint "Cleanup", Time since last: 2000399582 ns, Reaching safepoint: 63517 ns, At safepoint: 8449 ns, Total: 71966 ns
[2023-11-16T06:25:57.217+0000][7][safepoint   ] Safepoint "Cleanup", Time since last: 1000184481 ns, Reaching safepoint: 52060 ns, At safepoint: 13207 ns, Total: 65267 ns
[2023-11-16T06:25:59.963+0000][7][gc,start    ] GC(474) Pause Young (Normal) (G1 Evacuation Pause)
[2023-11-16T06:25:59.963+0000][7][gc,task     ] GC(474) Using 8 workers of 8 for evacuation
[2023-11-16T06:25:59.963+0000][7][gc,age      ] GC(474) Desired survivor size 18874368 bytes, new threshold 15 (max threshold 15)
[2023-11-16T06:25:59.973+0000][7][gc,age      ] GC(474) Age table with threshold 15 (max threshold 15)
[2023-11-16T06:25:59.973+0000][7][gc,age      ] GC(474) - age   1:    2055864 bytes,    2055864 total
[2023-11-16T06:25:59.973+0000][7][gc,age      ] GC(474) - age   2:     154632 bytes,    2210496 total
[2023-11-16T06:25:59.973+0000][7][gc,age      ] GC(474) - age   3:     277056 bytes,    2487552 total
[2023-11-16T06:25:59.973+0000][7][gc,age      ] GC(474) - age   4:     132408 bytes,    2619960 total
[2023-11-16T06:25:59.973+0000][7][gc,phases   ] GC(474)   Pre Evacuate Collection Set: 0.1ms
[2023-11-16T06:25:59.973+0000][7][gc,phases   ] GC(474)   Merge Heap Roots: 0.0ms
[2023-11-16T06:25:59.973+0000][7][gc,phases   ] GC(474)   Evacuate Collection Set: 9.3ms
[2023-11-16T06:25:59.973+0000][7][gc,phases   ] GC(474)   Post Evacuate Collection Set: 0.5ms
[2023-11-16T06:25:59.973+0000][7][gc,phases   ] GC(474)   Other: 0.2ms
[2023-11-16T06:25:59.973+0000][7][gc,heap     ] GC(474) Eden regions: 68->0(68)
[2023-11-16T06:25:59.973+0000][7][gc,heap     ] GC(474) Survivor regions: 1->1(9)
[2023-11-16T06:25:59.973+0000][7][gc,heap     ] GC(474) Old regions: 30->30
[2023-11-16T06:25:59.973+0000][7][gc,heap     ] GC(474) Archive regions: 2->2
[2023-11-16T06:25:59.973+0000][7][gc,heap     ] GC(474) Humongous regions: 5->5
[2023-11-16T06:25:59.973+0000][7][gc,metaspace] GC(474) Metaspace: 120638K(122368K)->120638K(122368K) NonClass: 104763K(105728K)->104763K(105728K) Class: 15875K(16640K)->15875K(16640K)
[2023-11-16T06:25:59.973+0000][7][gc          ] GC(474) Pause Young (Normal) (G1 Evacuation Pause) 416M->145M(512M) 10.141ms
[2023-11-16T06:25:59.973+0000][7][gc,cpu      ] GC(474) User=0.01s Sys=0.00s Real=0.01s
[2023-11-16T06:25:59.973+0000][7][safepoint   ] Safepoint "G1CollectForAllocation", Time since last: 2746157295 ns, Reaching safepoint: 78312 ns, At safepoint: 10202325 ns, Total: 10280637 ns
[2023-11-16T06:26:07.028+0000][7][gc,start    ] GC(475) Pause Young (Normal) (G1 Evacuation Pause)
[2023-11-16T06:26:07.028+0000][7][gc,task     ] GC(475) Using 8 workers of 8 for evacuation
[2023-11-16T06:26:07.028+0000][7][gc,age      ] GC(475) Desired survivor size 18874368 bytes, new threshold 15 (max threshold 15)
[2023-11-16T06:26:07.030+0000][7][gc,age      ] GC(475) Age table with threshold 15 (max threshold 15)
[2023-11-16T06:26:07.030+0000][7][gc,age      ] GC(475) - age   1:    1723296 bytes,    1723296 total
[2023-11-16T06:26:07.030+0000][7][gc,age      ] GC(475) - age   2:     315784 bytes,    2039080 total
[2023-11-16T06:26:07.030+0000][7][gc,age      ] GC(475) - age   3:      54800 bytes,    2093880 total
[2023-11-16T06:26:07.030+0000][7][gc,age      ] GC(475) - age   4:     177120 bytes,    2271000 total
[2023-11-16T06:26:07.030+0000][7][gc,age      ] GC(475) - age   5:     131624 bytes,    2402624 total
[2023-11-16T06:26:07.030+0000][7][gc,phases   ] GC(475)   Pre Evacuate Collection Set: 0.1ms
[2023-11-16T06:26:07.030+0000][7][gc,phases   ] GC(475)   Merge Heap Roots: 0.0ms
[2023-11-16T06:26:07.030+0000][7][gc,phases   ] GC(475)   Evacuate Collection Set: 1.3ms
[2023-11-16T06:26:07.030+0000][7][gc,phases   ] GC(475)   Post Evacuate Collection Set: 0.6ms
[2023-11-16T06:26:07.030+0000][7][gc,phases   ] GC(475)   Other: 0.3ms
[2023-11-16T06:26:07.030+0000][7][gc,heap     ] GC(475) Eden regions: 68->0(68)
[2023-11-16T06:26:07.030+0000][7][gc,heap     ] GC(475) Survivor regions: 1->1(9)
[2023-11-16T06:26:07.030+0000][7][gc,heap     ] GC(475) Old regions: 30->30
[2023-11-16T06:26:07.030+0000][7][gc,heap     ] GC(475) Archive regions: 2->2
[2023-11-16T06:26:07.030+0000][7][gc,heap     ] GC(475) Humongous regions: 5->5
[2023-11-16T06:26:07.030+0000][7][gc,metaspace] GC(475) Metaspace: 120638K(122368K)->120638K(122368K) NonClass: 104763K(105728K)->104763K(105728K) Class: 15875K(16640K)->15875K(16640K)
[2023-11-16T06:26:07.030+0000][7][gc          ] GC(475) Pause Young (Normal) (G1 Evacuation Pause) 417M->145M(512M) 2.335ms
[2023-11-16T06:26:07.030+0000][7][gc,cpu      ] GC(475) User=0.01s Sys=0.00s Real=0.01s
[2023-11-16T06:26:07.030+0000][7][safepoint   ] Safepoint "G1CollectForAllocation", Time since last: 7054398350 ns, Reaching safepoint: 75085 ns, At safepoint: 2455478 ns, Total: 2530563 ns
[2023-11-16T06:26:08.030+0000][7][safepoint   ] Safepoint "Cleanup", Time since last: 1000206137 ns, Reaching safepoint: 99003 ns, At safepoint: 4680 ns, Total: 103683 ns
[2023-11-16T06:26:11.031+0000][7][safepoint   ] Safepoint "Cleanup", Time since last: 3000361942 ns, Reaching safepoint: 72640 ns, At safepoint: 3657 ns, Total: 76297 ns
[2023-11-16T06:26:14.099+0000][7][gc,start    ] GC(476) Pause Young (Concurrent Start) (G1 Evacuation Pause)
[2023-11-16T06:26:14.099+0000][7][gc,task     ] GC(476) Using 8 workers of 8 for evacuation
[2023-11-16T06:26:14.099+0000][7][gc,age      ] GC(476) Desired survivor size 18874368 bytes, new threshold 15 (max threshold 15)
[2023-11-16T06:26:14.102+0000][7][gc,age      ] GC(476) Age table with threshold 15 (max threshold 15)
[2023-11-16T06:26:14.102+0000][7][gc,age      ] GC(476) - age   1:    1326608 bytes,    1326608 total
[2023-11-16T06:26:14.102+0000][7][gc,age      ] GC(476) - age   2:     358648 bytes,    1685256 total
[2023-11-16T06:26:14.102+0000][7][gc,age      ] GC(476) - age   3:     298384 bytes,    1983640 total
[2023-11-16T06:26:14.102+0000][7][gc,age      ] GC(476) - age   4:      54768 bytes,    2038408 total
[2023-11-16T06:26:14.102+0000][7][gc,age      ] GC(476) - age   5:     176168 bytes,    2214576 total
[2023-11-16T06:26:14.102+0000][7][gc,age      ] GC(476) - age   6:       3304 bytes,    2217880 total
[2023-11-16T06:26:14.102+0000][7][gc,phases   ] GC(476)   Pre Evacuate Collection Set: 0.2ms
[2023-11-16T06:26:14.102+0000][7][gc,phases   ] GC(476)   Merge Heap Roots: 0.1ms
[2023-11-16T06:26:14.102+0000][7][gc,phases   ] GC(476)   Evacuate Collection Set: 1.6ms
[2023-11-16T06:26:14.102+0000][7][gc,phases   ] GC(476)   Post Evacuate Collection Set: 0.6ms
[2023-11-16T06:26:14.102+0000][7][gc,phases   ] GC(476)   Other: 0.3ms
[2023-11-16T06:26:14.102+0000][7][gc,heap     ] GC(476) Eden regions: 68->0(68)
[2023-11-16T06:26:14.102+0000][7][gc,heap     ] GC(476) Survivor regions: 1->1(9)
[2023-11-16T06:26:14.102+0000][7][gc,heap     ] GC(476) Old regions: 30->30
[2023-11-16T06:26:14.102+0000][7][gc,heap     ] GC(476) Archive regions: 2->2
[2023-11-16T06:26:14.102+0000][7][gc,heap     ] GC(476) Humongous regions: 5->5
[2023-11-16T06:26:14.102+0000][7][gc,metaspace] GC(476) Metaspace: 120638K(122368K)->120638K(122368K) NonClass: 104763K(105728K)->104763K(105728K) Class: 15875K(16640K)->15875K(16640K)
[2023-11-16T06:26:14.102+0000][7][gc          ] GC(476) Pause Young (Concurrent Start) (G1 Evacuation Pause) 417M->145M(512M) 2.754ms
[2023-11-16T06:26:14.102+0000][7][gc,cpu      ] GC(476) User=0.01s Sys=0.00s Real=0.00s
[2023-11-16T06:26:14.102+0000][7][gc          ] GC(477) Concurrent Mark Cycle
[2023-11-16T06:26:14.102+0000][7][safepoint   ] Safepoint "G1CollectForAllocation", Time since last: 3068623867 ns, Reaching safepoint: 32292 ns, At safepoint: 2879655 ns, Total: 2911947 ns
[2023-11-16T06:26:14.102+0000][7][gc,marking  ] GC(477) Concurrent Clear Claimed Marks
[2023-11-16T06:26:14.102+0000][7][gc,marking  ] GC(477) Concurrent Clear Claimed Marks 0.130ms
[2023-11-16T06:26:14.102+0000][7][gc,marking  ] GC(477) Concurrent Scan Root Regions
[2023-11-16T06:26:14.105+0000][7][gc,marking  ] GC(477) Concurrent Scan Root Regions 3.045ms
[2023-11-16T06:26:14.105+0000][7][gc,marking  ] GC(477) Concurrent Mark
[2023-11-16T06:26:14.105+0000][7][gc,marking  ] GC(477) Concurrent Mark From Roots
[2023-11-16T06:26:14.105+0000][7][gc,task     ] GC(477) Using 2 workers of 2 for marking
[2023-11-16T06:26:14.219+0000][7][gc,marking  ] GC(477) Concurrent Mark From Roots 113.574ms
[2023-11-16T06:26:14.219+0000][7][gc,marking  ] GC(477) Concurrent Preclean
[2023-11-16T06:26:14.219+0000][7][gc,marking  ] GC(477) Concurrent Preclean 0.295ms
[2023-11-16T06:26:14.220+0000][7][gc,start    ] GC(477) Pause Remark
[2023-11-16T06:26:14.226+0000][7][gc          ] GC(477) Pause Remark 158M->158M(512M) 6.861ms
[2023-11-16T06:26:14.226+0000][7][gc,cpu      ] GC(477) User=0.05s Sys=0.00s Real=0.00s
[2023-11-16T06:26:14.226+0000][7][safepoint   ] Safepoint "G1Concurrent", Time since last: 117238567 ns, Reaching safepoint: 57996 ns, At safepoint: 6966093 ns, Total: 7024089 ns
[2023-11-16T06:26:14.226+0000][7][gc,marking  ] GC(477) Concurrent Mark 121.006ms
[2023-11-16T06:26:14.226+0000][7][gc,marking  ] GC(477) Concurrent Rebuild Remembered Sets
[2023-11-16T06:26:14.274+0000][7][gc,marking  ] GC(477) Concurrent Rebuild Remembered Sets 47.694ms
[2023-11-16T06:26:14.274+0000][7][gc,start    ] GC(477) Pause Cleanup
[2023-11-16T06:26:14.274+0000][7][gc          ] GC(477) Pause Cleanup 159M->159M(512M) 0.059ms
[2023-11-16T06:26:14.274+0000][7][gc,cpu      ] GC(477) User=0.00s Sys=0.00s Real=0.00s
[2023-11-16T06:26:14.274+0000][7][safepoint   ] Safepoint "G1Concurrent", Time since last: 47783751 ns, Reaching safepoint: 37021 ns, At safepoint: 112107 ns, Total: 149128 ns
[2023-11-16T06:26:14.274+0000][7][gc,marking  ] GC(477) Concurrent Cleanup for Next Mark
[2023-11-16T06:26:14.275+0000][7][gc,marking  ] GC(477) Concurrent Cleanup for Next Mark 0.496ms
[2023-11-16T06:26:14.275+0000][7][gc          ] GC(477) Concurrent Mark Cycle 172.873ms
[2023-11-16T06:26:21.169+0000][7][gc,start    ] GC(478) Pause Young (Prepare Mixed) (G1 Evacuation Pause)
[2023-11-16T06:26:21.169+0000][7][gc,task     ] GC(478) Using 8 workers of 8 for evacuation
[2023-11-16T06:26:21.169+0000][7][gc,age      ] GC(478) Desired survivor size 18874368 bytes, new threshold 15 (max threshold 15)
[2023-11-16T06:26:21.173+0000][7][gc,age      ] GC(478) Age table with threshold 15 (max threshold 15)
[2023-11-16T06:26:21.173+0000][7][gc,age      ] GC(478) - age   1:    1769576 bytes,    1769576 total
[2023-11-16T06:26:21.173+0000][7][gc,age      ] GC(478) - age   2:     373968 bytes,    2143544 total
[2023-11-16T06:26:21.173+0000][7][gc,age      ] GC(478) - age   3:     355008 bytes,    2498552 total
[2023-11-16T06:26:21.173+0000][7][gc,age      ] GC(478) - age   4:     297064 bytes,    2795616 total
[2023-11-16T06:26:21.173+0000][7][gc,age      ] GC(478) - age   5:      54768 bytes,    2850384 total
[2023-11-16T06:26:21.173+0000][7][gc,age      ] GC(478) - age   6:      47992 bytes,    2898376 total
[2023-11-16T06:26:21.173+0000][7][gc,age      ] GC(478) - age   7:       1416 bytes,    2899792 total
[2023-11-16T06:26:21.173+0000][7][gc,phases   ] GC(478)   Pre Evacuate Collection Set: 0.2ms
[2023-11-16T06:26:21.173+0000][7][gc,phases   ] GC(478)   Merge Heap Roots: 0.1ms
[2023-11-16T06:26:21.173+0000][7][gc,phases   ] GC(478)   Evacuate Collection Set: 2.8ms
[2023-11-16T06:26:21.173+0000][7][gc,phases   ] GC(478)   Post Evacuate Collection Set: 0.4ms
[2023-11-16T06:26:21.173+0000][7][gc,phases   ] GC(478)   Other: 0.4ms
[2023-11-16T06:26:21.173+0000][7][gc,heap     ] GC(478) Eden regions: 68->0(5)
[2023-11-16T06:26:21.173+0000][7][gc,heap     ] GC(478) Survivor regions: 1->1(9)
[2023-11-16T06:26:21.173+0000][7][gc,heap     ] GC(478) Old regions: 30->30
[2023-11-16T06:26:21.173+0000][7][gc,heap     ] GC(478) Archive regions: 2->2
[2023-11-16T06:26:21.173+0000][7][gc,heap     ] GC(478) Humongous regions: 5->5
[2023-11-16T06:26:21.173+0000][7][gc,metaspace] GC(478) Metaspace: 120638K(122368K)->120638K(122368K) NonClass: 104763K(105728K)->104763K(105728K) Class: 15875K(16640K)->15875K(16640K)
[2023-11-16T06:26:21.173+0000][7][gc          ] GC(478) Pause Young (Prepare Mixed) (G1 Evacuation Pause) 417M->145M(512M) 3.947ms
[2023-11-16T06:26:21.173+0000][7][gc,cpu      ] GC(478) User=0.02s Sys=0.00s Real=0.00s
[2023-11-16T06:26:21.173+0000][7][safepoint   ] Safepoint "G1CollectForAllocation", Time since last: 6894228923 ns, Reaching safepoint: 141867 ns, At safepoint: 4050204 ns, Total: 4192071 ns
[2023-11-16T06:26:22.178+0000][7][gc,start    ] GC(479) Pause Young (Mixed) (G1 Evacuation Pause)
[2023-11-16T06:26:22.178+0000][7][gc,task     ] GC(479) Using 8 workers of 8 for evacuation
[2023-11-16T06:26:22.178+0000][7][gc,age      ] GC(479) Desired survivor size 2097152 bytes, new threshold 2 (max threshold 15)
[2023-11-16T06:26:22.211+0000][7][gc,age      ] GC(479) Age table with threshold 2 (max threshold 15)
[2023-11-16T06:26:22.211+0000][7][gc,age      ] GC(479) - age   1:     247784 bytes,     247784 total
[2023-11-16T06:26:22.211+0000][7][gc,age      ] GC(479) - age   2:    1038328 bytes,    1286112 total
[2023-11-16T06:26:22.211+0000][7][gc,phases   ] GC(479)   Pre Evacuate Collection Set: 0.0ms
[2023-11-16T06:26:22.211+0000][7][gc,phases   ] GC(479)   Merge Heap Roots: 0.0ms
[2023-11-16T06:26:22.211+0000][7][gc,phases   ] GC(479)   Evacuate Collection Set: 31.7ms
[2023-11-16T06:26:22.211+0000][7][gc,phases   ] GC(479)   Post Evacuate Collection Set: 0.6ms
[2023-11-16T06:26:22.211+0000][7][gc,phases   ] GC(479)   Other: 0.2ms
[2023-11-16T06:26:22.211+0000][7][gc,heap     ] GC(479) Eden regions: 5->0(68)
[2023-11-16T06:26:22.211+0000][7][gc,heap     ] GC(479) Survivor regions: 1->1(1)
[2023-11-16T06:26:22.211+0000][7][gc,heap     ] GC(479) Old regions: 30->30
[2023-11-16T06:26:22.211+0000][7][gc,heap     ] GC(479) Archive regions: 2->2
[2023-11-16T06:26:22.211+0000][7][gc,heap     ] GC(479) Humongous regions: 5->5
[2023-11-16T06:26:22.211+0000][7][gc,metaspace] GC(479) Metaspace: 120638K(122368K)->120638K(122368K) NonClass: 104763K(105728K)->104763K(105728K) Class: 15875K(16640K)->15875K(16640K)
[2023-11-16T06:26:22.211+0000][7][gc          ] GC(479) Pause Young (Mixed) (G1 Evacuation Pause) 165M->142M(512M) 32.617ms
[2023-11-16T06:26:22.211+0000][7][gc,cpu      ] GC(479) User=0.02s Sys=0.01s Real=0.04s
[2023-11-16T06:26:22.211+0000][7][safepoint   ] Safepoint "G1CollectForAllocation", Time since last: 1005372629 ns, Reaching safepoint: 38632 ns, At safepoint: 32712907 ns, Total: 32751539 ns
[2023-11-16T06:26:23.211+0000][7][safepoint   ] Safepoint "Cleanup", Time since last: 1000329683 ns, Reaching safepoint: 35563 ns, At safepoint: 6849 ns, Total: 42412 ns
[2023-11-16T06:26:29.212+0000][7][safepoint   ] Safepoint "Cleanup", Time since last: 6000627485 ns, Reaching safepoint: 73441 ns, At safepoint: 28221 ns, Total: 101662 ns
[2023-11-16T06:26:32.212+0000][7][safepoint   ] Safepoint "Cleanup", Time since last: 3000247279 ns, Reaching safepoint: 44805 ns, At safepoint: 8613 ns, Total: 53418 ns
[2023-11-16T06:26:35.124+0000][7][gc,start    ] GC(480) Pause Young (Normal) (G1 Evacuation Pause)
[2023-11-16T06:26:35.124+0000][7][gc,task     ] GC(480) Using 8 workers of 8 for evacuation
[2023-11-16T06:26:35.124+0000][7][gc,age      ] GC(480) Desired survivor size 18874368 bytes, new threshold 15 (max threshold 15)
[2023-11-16T06:26:35.128+0000][7][gc,age      ] GC(480) Age table with threshold 15 (max threshold 15)
[2023-11-16T06:26:35.128+0000][7][gc,age      ] GC(480) - age   1:    2264512 bytes,    2264512 total
[2023-11-16T06:26:35.128+0000][7][gc,age      ] GC(480) - age   2:      99248 bytes,    2363760 total
[2023-11-16T06:26:35.128+0000][7][gc,age      ] GC(480) - age   3:     271888 bytes,    2635648 total
[2023-11-16T06:26:35.128+0000][7][gc,phases   ] GC(480)   Pre Evacuate Collection Set: 0.1ms
[2023-11-16T06:26:35.128+0000][7][gc,phases   ] GC(480)   Merge Heap Roots: 0.1ms
[2023-11-16T06:26:35.128+0000][7][gc,phases   ] GC(480)   Evacuate Collection Set: 3.7ms
[2023-11-16T06:26:35.128+0000][7][gc,phases   ] GC(480)   Post Evacuate Collection Set: 0.4ms
[2023-11-16T06:26:35.128+0000][7][gc,phases   ] GC(480)   Other: 0.2ms
[2023-11-16T06:26:35.128+0000][7][gc,heap     ] GC(480) Eden regions: 68->0(68)
[2023-11-16T06:26:35.128+0000][7][gc,heap     ] GC(480) Survivor regions: 1->1(9)
[2023-11-16T06:26:35.128+0000][7][gc,heap     ] GC(480) Old regions: 30->30
[2023-11-16T06:26:35.128+0000][7][gc,heap     ] GC(480) Archive regions: 2->2
[2023-11-16T06:26:35.128+0000][7][gc,heap     ] GC(480) Humongous regions: 5->5
[2023-11-16T06:26:35.128+0000][7][gc,metaspace] GC(480) Metaspace: 120649K(122368K)->120649K(122368K) NonClass: 104773K(105728K)->104773K(105728K) Class: 15876K(16640K)->15876K(16640K)
[2023-11-16T06:26:35.129+0000][7][gc          ] GC(480) Pause Young (Normal) (G1 Evacuation Pause) 414M->143M(512M) 4.429ms
[2023-11-16T06:26:35.129+0000][7][gc,cpu      ] GC(480) User=0.01s Sys=0.00s Real=0.01s
[2023-11-16T06:26:35.129+0000][7][safepoint   ] Safepoint "G1CollectForAllocation", Time since last: 2911655742 ns, Reaching safepoint: 57529 ns, At safepoint: 4493669 ns, Total: 4551198 ns
[2023-11-16T06:26:48.130+0000][7][safepoint   ] Safepoint "Cleanup", Time since last: 13001741335 ns, Reaching safepoint: 125329 ns, At safepoint: 23903 ns, Total: 149232 ns
[2023-11-16T06:26:54.027+0000][7][gc,start    ] GC(481) Pause Young (Normal) (G1 Evacuation Pause)
[2023-11-16T06:26:54.027+0000][7][gc,task     ] GC(481) Using 8 workers of 8 for evacuation
[2023-11-16T06:26:54.027+0000][7][gc,age      ] GC(481) Desired survivor size 18874368 bytes, new threshold 15 (max threshold 15)
[2023-11-16T06:26:54.029+0000][7][gc,age      ] GC(481) Age table with threshold 15 (max threshold 15)
[2023-11-16T06:26:54.029+0000][7][gc,age      ] GC(481) - age   1:    1056704 bytes,    1056704 total
[2023-11-16T06:26:54.029+0000][7][gc,age      ] GC(481) - age   2:    1378672 bytes,    2435376 total
[2023-11-16T06:26:54.029+0000][7][gc,age      ] GC(481) - age   3:      99248 bytes,    2534624 total
[2023-11-16T06:26:54.029+0000][7][gc,age      ] GC(481) - age   4:     256736 bytes,    2791360 total
[2023-11-16T06:26:54.029+0000][7][gc,phases   ] GC(481)   Pre Evacuate Collection Set: 0.1ms
[2023-11-16T06:26:54.029+0000][7][gc,phases   ] GC(481)   Merge Heap Roots: 0.1ms
[2023-11-16T06:26:54.029+0000][7][gc,phases   ] GC(481)   Evacuate Collection Set: 1.4ms
[2023-11-16T06:26:54.029+0000][7][gc,phases   ] GC(481)   Post Evacuate Collection Set: 0.6ms
[2023-11-16T06:26:54.029+0000][7][gc,phases   ] GC(481)   Other: 0.2ms
[2023-11-16T06:26:54.029+0000][7][gc,heap     ] GC(481) Eden regions: 68->0(68)
[2023-11-16T06:26:54.029+0000][7][gc,heap     ] GC(481) Survivor regions: 1->1(9)
[2023-11-16T06:26:54.029+0000][7][gc,heap     ] GC(481) Old regions: 30->30
[2023-11-16T06:26:54.029+0000][7][gc,heap     ] GC(481) Archive regions: 2->2
[2023-11-16T06:26:54.029+0000][7][gc,heap     ] GC(481) Humongous regions: 5->5
[2023-11-16T06:26:54.029+0000][7][gc,metaspace] GC(481) Metaspace: 120651K(122368K)->120651K(122368K) NonClass: 104775K(105728K)->104775K(105728K) Class: 15876K(16640K)->15876K(16640K)
[2023-11-16T06:26:54.029+0000][7][gc          ] GC(481) Pause Young (Normal) (G1 Evacuation Pause) 415M->143M(512M) 2.385ms
[2023-11-16T06:26:54.029+0000][7][gc,cpu      ] GC(481) User=0.01s Sys=0.00s Real=0.01s
[2023-11-16T06:26:54.029+0000][7][safepoint   ] Safepoint "G1CollectForAllocation", Time since last: 5895975221 ns, Reaching safepoint: 34519 ns, At safepoint: 2484980 ns, Total: 2519499 ns
[2023-11-16T06:27:05.031+0000][7][safepoint   ] Safepoint "Cleanup", Time since last: 11001766743 ns, Reaching safepoint: 83511 ns, At safepoint: 8614 ns, Total: 92125 ns
[2023-11-16T06:27:08.031+0000][7][safepoint   ] Safepoint "Cleanup", Time since last: 3000440788 ns, Reaching safepoint: 139800 ns, At safepoint: 16473 ns, Total: 156273 ns
[2023-11-16T06:27:13.047+0000][7][gc,start    ] GC(482) Pause Young (Concurrent Start) (G1 Evacuation Pause)
[2023-11-16T06:27:13.047+0000][7][gc,task     ] GC(482) Using 8 workers of 8 for evacuation
[2023-11-16T06:27:13.047+0000][7][gc,age      ] GC(482) Desired survivor size 18874368 bytes, new threshold 15 (max threshold 15)
[2023-11-16T06:27:13.083+0000][7][gc,age      ] GC(482) Age table with threshold 15 (max threshold 15)
[2023-11-16T06:27:13.083+0000][7][gc,age      ] GC(482) - age   1:    1541296 bytes,    1541296 total
[2023-11-16T06:27:13.083+0000][7][gc,age      ] GC(482) - age   2:     779992 bytes,    2321288 total
[2023-11-16T06:27:13.083+0000][7][gc,age      ] GC(482) - age   3:    1363568 bytes,    3684856 total
[2023-11-16T06:27:13.083+0000][7][gc,age      ] GC(482) - age   4:      99248 bytes,    3784104 total
[2023-11-16T06:27:13.083+0000][7][gc,age      ] GC(482) - age   5:     256608 bytes,    4040712 total
[2023-11-16T06:27:13.083+0000][7][gc,phases   ] GC(482)   Pre Evacuate Collection Set: 0.4ms
[2023-11-16T06:27:13.083+0000][7][gc,phases   ] GC(482)   Merge Heap Roots: 0.2ms
[2023-11-16T06:27:13.083+0000][7][gc,phases   ] GC(482)   Evacuate Collection Set: 34.7ms
[2023-11-16T06:27:13.083+0000][7][gc,phases   ] GC(482)   Post Evacuate Collection Set: 0.6ms
[2023-11-16T06:27:13.083+0000][7][gc,phases   ] GC(482)   Other: 0.4ms
[2023-11-16T06:27:13.083+0000][7][gc,heap     ] GC(482) Eden regions: 68->0(68)
[2023-11-16T06:27:13.083+0000][7][gc,heap     ] GC(482) Survivor regions: 1->1(9)
[2023-11-16T06:27:13.083+0000][7][gc,heap     ] GC(482) Old regions: 30->30
[2023-11-16T06:27:13.083+0000][7][gc,heap     ] GC(482) Archive regions: 2->2
[2023-11-16T06:27:13.083+0000][7][gc,heap     ] GC(482) Humongous regions: 5->5
[2023-11-16T06:27:13.083+0000][7][gc,metaspace] GC(482) Metaspace: 120653K(122368K)->120653K(122368K) NonClass: 104777K(105728K)->104777K(105728K) Class: 15876K(16640K)->15876K(16640K)
[2023-11-16T06:27:13.083+0000][7][gc          ] GC(482) Pause Young (Concurrent Start) (G1 Evacuation Pause) 415M->145M(512M) 36.181ms
[2023-11-16T06:27:13.083+0000][7][gc,cpu      ] GC(482) User=0.03s Sys=0.01s Real=0.04s
[2023-11-16T06:27:13.083+0000][7][gc          ] GC(483) Concurrent Mark Cycle
[2023-11-16T06:27:13.083+0000][7][safepoint   ] Safepoint "G1CollectForAllocation", Time since last: 5015631094 ns, Reaching safepoint: 62797 ns, At safepoint: 36287427 ns, Total: 36350224 ns
[2023-11-16T06:27:13.083+0000][7][gc,marking  ] GC(483) Concurrent Clear Claimed Marks
[2023-11-16T06:27:13.084+0000][7][gc,marking  ] GC(483) Concurrent Clear Claimed Marks 0.167ms
[2023-11-16T06:27:13.084+0000][7][gc,marking  ] GC(483) Concurrent Scan Root Regions
[2023-11-16T06:27:13.087+0000][7][gc,marking  ] GC(483) Concurrent Scan Root Regions 3.819ms
[2023-11-16T06:27:13.087+0000][7][gc,marking  ] GC(483) Concurrent Mark
[2023-11-16T06:27:13.087+0000][7][gc,marking  ] GC(483) Concurrent Mark From Roots
[2023-11-16T06:27:13.087+0000][7][gc,task     ] GC(483) Using 2 workers of 2 for marking
[2023-11-16T06:27:13.206+0000][7][gc,marking  ] GC(483) Concurrent Mark From Roots 118.081ms
[2023-11-16T06:27:13.206+0000][7][gc,marking  ] GC(483) Concurrent Preclean
[2023-11-16T06:27:13.206+0000][7][gc,marking  ] GC(483) Concurrent Preclean 0.496ms
[2023-11-16T06:27:13.206+0000][7][gc,start    ] GC(483) Pause Remark
[2023-11-16T06:27:13.214+0000][7][gc          ] GC(483) Pause Remark 148M->148M(512M) 7.703ms
[2023-11-16T06:27:13.214+0000][7][gc,cpu      ] GC(483) User=0.05s Sys=0.00s Real=0.01s
[2023-11-16T06:27:13.214+0000][7][safepoint   ] Safepoint "G1Concurrent", Time since last: 122777784 ns, Reaching safepoint: 58819 ns, At safepoint: 7822268 ns, Total: 7881087 ns
[2023-11-16T06:27:13.214+0000][7][gc,marking  ] GC(483) Concurrent Mark 126.638ms
[2023-11-16T06:27:13.214+0000][7][gc,marking  ] GC(483) Concurrent Rebuild Remembered Sets
[2023-11-16T06:27:13.265+0000][7][gc,marking  ] GC(483) Concurrent Rebuild Remembered Sets 50.727ms
[2023-11-16T06:27:13.265+0000][7][gc,start    ] GC(483) Pause Cleanup
[2023-11-16T06:27:13.265+0000][7][gc          ] GC(483) Pause Cleanup 149M->149M(512M) 0.154ms
[2023-11-16T06:27:13.265+0000][7][gc,cpu      ] GC(483) User=0.00s Sys=0.00s Real=0.00s
[2023-11-16T06:27:13.265+0000][7][safepoint   ] Safepoint "G1Concurrent", Time since last: 50905537 ns, Reaching safepoint: 51390 ns, At safepoint: 256633 ns, Total: 308023 ns
[2023-11-16T06:27:13.265+0000][7][gc,marking  ] GC(483) Concurrent Cleanup for Next Mark
[2023-11-16T06:27:13.267+0000][7][gc,marking  ] GC(483) Concurrent Cleanup for Next Mark 1.954ms
[2023-11-16T06:27:13.267+0000][7][gc          ] GC(483) Concurrent Mark Cycle 183.968ms
[2023-11-16T06:27:26.267+0000][7][safepoint   ] Safepoint "Cleanup", Time since last: 13001893732 ns, Reaching safepoint: 93906 ns, At safepoint: 12597 ns, Total: 106503 ns
[2023-11-16T06:27:28.751+0000][7][gc,start    ] GC(484) Pause Young (Prepare Mixed) (G1 Evacuation Pause)
[2023-11-16T06:27:28.751+0000][7][gc,task     ] GC(484) Using 8 workers of 8 for evacuation
[2023-11-16T06:27:28.751+0000][7][gc,age      ] GC(484) Desired survivor size 18874368 bytes, new threshold 15 (max threshold 15)
[2023-11-16T06:27:28.759+0000][7][gc,age      ] GC(484) Age table with threshold 15 (max threshold 15)
[2023-11-16T06:27:28.759+0000][7][gc,age      ] GC(484) - age   1:    2154440 bytes,    2154440 total
[2023-11-16T06:27:28.759+0000][7][gc,age      ] GC(484) - age   2:     471768 bytes,    2626208 total
[2023-11-16T06:27:28.759+0000][7][gc,age      ] GC(484) - age   3:     545088 bytes,    3171296 total
[2023-11-16T06:27:28.759+0000][7][gc,age      ] GC(484) - age   4:    1184312 bytes,    4355608 total
[2023-11-16T06:27:28.759+0000][7][gc,age      ] GC(484) - age   5:      99248 bytes,    4454856 total
[2023-11-16T06:27:28.759+0000][7][gc,age      ] GC(484) - age   6:     242640 bytes,    4697496 total
[2023-11-16T06:27:28.759+0000][7][gc,phases   ] GC(484)   Pre Evacuate Collection Set: 0.1ms
[2023-11-16T06:27:28.759+0000][7][gc,phases   ] GC(484)   Merge Heap Roots: 0.0ms
[2023-11-16T06:27:28.759+0000][7][gc,phases   ] GC(484)   Evacuate Collection Set: 6.9ms
[2023-11-16T06:27:28.759+0000][7][gc,phases   ] GC(484)   Post Evacuate Collection Set: 0.5ms
[2023-11-16T06:27:28.759+0000][7][gc,phases   ] GC(484)   Other: 0.2ms
[2023-11-16T06:27:28.759+0000][7][gc,heap     ] GC(484) Eden regions: 68->0(4)
[2023-11-16T06:27:28.759+0000][7][gc,heap     ] GC(484) Survivor regions: 1->2(9)
[2023-11-16T06:27:28.759+0000][7][gc,heap     ] GC(484) Old regions: 30->30
[2023-11-16T06:27:28.759+0000][7][gc,heap     ] GC(484) Archive regions: 2->2
[2023-11-16T06:27:28.759+0000][7][gc,heap     ] GC(484) Humongous regions: 5->5
[2023-11-16T06:27:28.759+0000][7][gc,metaspace] GC(484) Metaspace: 120656K(122368K)->120656K(122368K) NonClass: 104779K(105728K)->104779K(105728K) Class: 15877K(16640K)->15877K(16640K)
[2023-11-16T06:27:28.759+0000][7][gc          ] GC(484) Pause Young (Prepare Mixed) (G1 Evacuation Pause) 417M->145M(512M) 7.823ms
[2023-11-16T06:27:28.759+0000][7][gc,cpu      ] GC(484) User=0.02s Sys=0.00s Real=0.01s
[2023-11-16T06:27:28.759+0000][7][safepoint   ] Safepoint "G1CollectForAllocation", Time since last: 2484049026 ns, Reaching safepoint: 42780 ns, At safepoint: 7910064 ns, Total: 7952844 ns
[2023-11-16T06:27:29.221+0000][7][gc,start    ] GC(485) Pause Young (Mixed) (G1 Evacuation Pause)
[2023-11-16T06:27:29.221+0000][7][gc,task     ] GC(485) Using 8 workers of 8 for evacuation
[2023-11-16T06:27:29.221+0000][7][gc,age      ] GC(485) Desired survivor size 2097152 bytes, new threshold 1 (max threshold 15)
[2023-11-16T06:27:29.250+0000][7][gc,age      ] GC(485) Age table with threshold 1 (max threshold 15)
[2023-11-16T06:27:29.250+0000][7][gc,age      ] GC(485) - age   1:     583352 bytes,     583352 total
[2023-11-16T06:27:29.250+0000][7][gc,phases   ] GC(485)   Pre Evacuate Collection Set: 0.1ms
[2023-11-16T06:27:29.250+0000][7][gc,phases   ] GC(485)   Merge Heap Roots: 0.2ms
[2023-11-16T06:27:29.250+0000][7][gc,phases   ] GC(485)   Evacuate Collection Set: 27.3ms
[2023-11-16T06:27:29.250+0000][7][gc,phases   ] GC(485)   Post Evacuate Collection Set: 1.0ms
[2023-11-16T06:27:29.250+0000][7][gc,phases   ] GC(485)   Other: 0.2ms
[2023-11-16T06:27:29.250+0000][7][gc,heap     ] GC(485) Eden regions: 4->0(68)
[2023-11-16T06:27:29.250+0000][7][gc,heap     ] GC(485) Survivor regions: 2->1(1)
[2023-11-16T06:27:29.250+0000][7][gc,heap     ] GC(485) Old regions: 30->30
[2023-11-16T06:27:29.250+0000][7][gc,heap     ] GC(485) Archive regions: 2->2
[2023-11-16T06:27:29.250+0000][7][gc,heap     ] GC(485) Humongous regions: 5->5
[2023-11-16T06:27:29.250+0000][7][gc,metaspace] GC(485) Metaspace: 120656K(122368K)->120656K(122368K) NonClass: 104779K(105728K)->104779K(105728K) Class: 15877K(16640K)->15877K(16640K)
[2023-11-16T06:27:29.250+0000][7][gc          ] GC(485) Pause Young (Mixed) (G1 Evacuation Pause) 161M->143M(512M) 28.854ms
[2023-11-16T06:27:29.250+0000][7][gc,cpu      ] GC(485) User=0.03s Sys=0.01s Real=0.03s
[2023-11-16T06:27:29.250+0000][7][safepoint   ] Safepoint "G1CollectForAllocation", Time since last: 461503816 ns, Reaching safepoint: 92384 ns, At safepoint: 28923950 ns, Total: 29016334 ns
[2023-11-16T06:27:44.251+0000][7][safepoint   ] Safepoint "Cleanup", Time since last: 15001600133 ns, Reaching safepoint: 66125 ns, At safepoint: 26808 ns, Total: 92933 ns
[2023-11-16T06:27:45.252+0000][7][safepoint   ] Safepoint "Cleanup", Time since last: 1000093358 ns, Reaching safepoint: 49259 ns, At safepoint: 3525 ns, Total: 52784 ns
[2023-11-16T06:27:45.315+0000][7][gc,start    ] GC(486) Pause Young (Normal) (G1 Evacuation Pause)
[2023-11-16T06:27:45.315+0000][7][gc,task     ] GC(486) Using 8 workers of 8 for evacuation
[2023-11-16T06:27:45.315+0000][7][gc,age      ] GC(486) Desired survivor size 18874368 bytes, new threshold 15 (max threshold 15)
[2023-11-16T06:27:45.317+0000][7][gc,age      ] GC(486) Age table with threshold 15 (max threshold 15)
[2023-11-16T06:27:45.317+0000][7][gc,age      ] GC(486) - age   1:    2501104 bytes,    2501104 total
[2023-11-16T06:27:45.317+0000][7][gc,age      ] GC(486) - age   2:       2736 bytes,    2503840 total
[2023-11-16T06:27:45.317+0000][7][gc,phases   ] GC(486)   Pre Evacuate Collection Set: 0.1ms
[2023-11-16T06:27:45.317+0000][7][gc,phases   ] GC(486)   Merge Heap Roots: 0.1ms
[2023-11-16T06:27:45.317+0000][7][gc,phases   ] GC(486)   Evacuate Collection Set: 1.3ms
[2023-11-16T06:27:45.317+0000][7][gc,phases   ] GC(486)   Post Evacuate Collection Set: 0.6ms
[2023-11-16T06:27:45.317+0000][7][gc,phases   ] GC(486)   Other: 0.2ms
[2023-11-16T06:27:45.317+0000][7][gc,heap     ] GC(486) Eden regions: 68->0(68)
[2023-11-16T06:27:45.317+0000][7][gc,heap     ] GC(486) Survivor regions: 1->1(9)
[2023-11-16T06:27:45.317+0000][7][gc,heap     ] GC(486) Old regions: 30->30
[2023-11-16T06:27:45.317+0000][7][gc,heap     ] GC(486) Archive regions: 2->2
[2023-11-16T06:27:45.317+0000][7][gc,heap     ] GC(486) Humongous regions: 5->5
[2023-11-16T06:27:45.317+0000][7][gc,metaspace] GC(486) Metaspace: 120657K(122368K)->120657K(122368K) NonClass: 104780K(105728K)->104780K(105728K) Class: 15877K(16640K)->15877K(16640K)
[2023-11-16T06:27:45.317+0000][7][gc          ] GC(486) Pause Young (Normal) (G1 Evacuation Pause) 415M->145M(512M) 2.298ms
[2023-11-16T06:27:45.317+0000][7][gc,cpu      ] GC(486) User=0.01s Sys=0.00s Real=0.00s
[2023-11-16T06:27:45.317+0000][7][safepoint   ] Safepoint "G1CollectForAllocation", Time since last: 63101756 ns, Reaching safepoint: 54239 ns, At safepoint: 2381777 ns, Total: 2436016 ns
[2023-11-16T06:27:46.318+0000][7][safepoint   ] Safepoint "Cleanup", Time since last: 1000221133 ns, Reaching safepoint: 161557 ns, At safepoint: 4087 ns, Total: 165644 ns
[2023-11-16T06:27:50.318+0000][7][safepoint   ] Safepoint "Cleanup", Time since last: 4000401853 ns, Reaching safepoint: 159396 ns, At safepoint: 13723 ns, Total: 173119 ns
[2023-11-16T06:27:51.403+0000][7][gc,start    ] GC(487) Pause Young (Normal) (G1 Evacuation Pause)
[2023-11-16T06:27:51.403+0000][7][gc,task     ] GC(487) Using 8 workers of 8 for evacuation
[2023-11-16T06:27:51.403+0000][7][gc,age      ] GC(487) Desired survivor size 18874368 bytes, new threshold 15 (max threshold 15)
[2023-11-16T06:27:51.407+0000][7][gc,age      ] GC(487) Age table with threshold 15 (max threshold 15)
[2023-11-16T06:27:51.407+0000][7][gc,age      ] GC(487) - age   1:    1470056 bytes,    1470056 total
[2023-11-16T06:27:51.407+0000][7][gc,age      ] GC(487) - age   2:    1403736 bytes,    2873792 total
[2023-11-16T06:27:51.407+0000][7][gc,age      ] GC(487) - age   3:       2392 bytes,    2876184 total
[2023-11-16T06:27:51.407+0000][7][gc,phases   ] GC(487)   Pre Evacuate Collection Set: 0.2ms
[2023-11-16T06:27:51.407+0000][7][gc,phases   ] GC(487)   Merge Heap Roots: 0.1ms
[2023-11-16T06:27:51.407+0000][7][gc,phases   ] GC(487)   Evacuate Collection Set: 2.6ms
[2023-11-16T06:27:51.407+0000][7][gc,phases   ] GC(487)   Post Evacuate Collection Set: 1.3ms
[2023-11-16T06:27:51.407+0000][7][gc,phases   ] GC(487)   Other: 0.5ms
[2023-11-16T06:27:51.407+0000][7][gc,heap     ] GC(487) Eden regions: 68->0(68)
[2023-11-16T06:27:51.407+0000][7][gc,heap     ] GC(487) Survivor regions: 1->1(9)
[2023-11-16T06:27:51.407+0000][7][gc,heap     ] GC(487) Old regions: 30->30
[2023-11-16T06:27:51.407+0000][7][gc,heap     ] GC(487) Archive regions: 2->2
[2023-11-16T06:27:51.407+0000][7][gc,heap     ] GC(487) Humongous regions: 5->5
[2023-11-16T06:27:51.407+0000][7][gc,metaspace] GC(487) Metaspace: 120658K(122368K)->120658K(122368K) NonClass: 104780K(105728K)->104780K(105728K) Class: 15877K(16640K)->15877K(16640K)
[2023-11-16T06:27:51.407+0000][7][gc          ] GC(487) Pause Young (Normal) (G1 Evacuation Pause) 417M->145M(512M) 4.623ms
[2023-11-16T06:27:51.407+0000][7][gc,cpu      ] GC(487) User=0.01s Sys=0.00s Real=0.00s
[2023-11-16T06:27:51.407+0000][7][safepoint   ] Safepoint "G1CollectForAllocation", Time since last: 1084451910 ns, Reaching safepoint: 64759 ns, At safepoint: 4812938 ns, Total: 4877697 ns
[2023-11-16T06:27:55.408+0000][7][safepoint   ] Safepoint "Cleanup", Time since last: 4000332828 ns, Reaching safepoint: 107145 ns, At safepoint: 5447 ns, Total: 112592 ns
[2023-11-16T06:27:58.516+0000][7][gc,start    ] GC(488) Pause Young (Concurrent Start) (G1 Evacuation Pause)
[2023-11-16T06:27:58.516+0000][7][gc,task     ] GC(488) Using 8 workers of 8 for evacuation
[2023-11-16T06:27:58.516+0000][7][gc,age      ] GC(488) Desired survivor size 18874368 bytes, new threshold 15 (max threshold 15)
[2023-11-16T06:27:58.519+0000][7][gc,age      ] GC(488) Age table with threshold 15 (max threshold 15)
[2023-11-16T06:27:58.519+0000][7][gc,age      ] GC(488) - age   1:     871848 bytes,     871848 total
[2023-11-16T06:27:58.519+0000][7][gc,age      ] GC(488) - age   2:     399400 bytes,    1271248 total
[2023-11-16T06:27:58.519+0000][7][gc,age      ] GC(488) - age   3:    1403072 bytes,    2674320 total
[2023-11-16T06:27:58.519+0000][7][gc,age      ] GC(488) - age   4:       2392 bytes,    2676712 total
[2023-11-16T06:27:58.519+0000][7][gc,phases   ] GC(488)   Pre Evacuate Collection Set: 0.2ms
[2023-11-16T06:27:58.519+0000][7][gc,phases   ] GC(488)   Merge Heap Roots: 0.1ms
[2023-11-16T06:27:58.519+0000][7][gc,phases   ] GC(488)   Evacuate Collection Set: 2.0ms
[2023-11-16T06:27:58.519+0000][7][gc,phases   ] GC(488)   Post Evacuate Collection Set: 0.6ms
[2023-11-16T06:27:58.519+0000][7][gc,phases   ] GC(488)   Other: 0.2ms
[2023-11-16T06:27:58.519+0000][7][gc,heap     ] GC(488) Eden regions: 68->0(68)
[2023-11-16T06:27:58.519+0000][7][gc,heap     ] GC(488) Survivor regions: 1->1(9)
[2023-11-16T06:27:58.519+0000][7][gc,heap     ] GC(488) Old regions: 30->30
[2023-11-16T06:27:58.519+0000][7][gc,heap     ] GC(488) Archive regions: 2->2
[2023-11-16T06:27:58.519+0000][7][gc,heap     ] GC(488) Humongous regions: 5->5
[2023-11-16T06:27:58.519+0000][7][gc,metaspace] GC(488) Metaspace: 120658K(122368K)->120658K(122368K) NonClass: 104780K(105728K)->104780K(105728K) Class: 15877K(16640K)->15877K(16640K)
[2023-11-16T06:27:58.519+0000][7][gc          ] GC(488) Pause Young (Concurrent Start) (G1 Evacuation Pause) 417M->145M(512M) 3.151ms
[2023-11-16T06:27:58.519+0000][7][gc,cpu      ] GC(488) User=0.02s Sys=0.00s Real=0.01s
[2023-11-16T06:27:58.519+0000][7][safepoint   ] Safepoint "G1CollectForAllocation", Time since last: 3107829566 ns, Reaching safepoint: 43133 ns, At safepoint: 3257388 ns, Total: 3300521 ns
[2023-11-16T06:27:58.519+0000][7][gc          ] GC(489) Concurrent Mark Cycle
[2023-11-16T06:27:58.519+0000][7][gc,marking  ] GC(489) Concurrent Clear Claimed Marks
[2023-11-16T06:27:58.519+0000][7][gc,marking  ] GC(489) Concurrent Clear Claimed Marks 0.098ms
[2023-11-16T06:27:58.519+0000][7][gc,marking  ] GC(489) Concurrent Scan Root Regions
[2023-11-16T06:27:58.522+0000][7][gc,marking  ] GC(489) Concurrent Scan Root Regions 2.805ms
[2023-11-16T06:27:58.522+0000][7][gc,marking  ] GC(489) Concurrent Mark
[2023-11-16T06:27:58.522+0000][7][gc,marking  ] GC(489) Concurrent Mark From Roots
[2023-11-16T06:27:58.522+0000][7][gc,task     ] GC(489) Using 2 workers of 2 for marking
[2023-11-16T06:27:58.585+0000][7][gc,marking  ] GC(489) Concurrent Mark From Roots 63.473ms
[2023-11-16T06:27:58.585+0000][7][gc,marking  ] GC(489) Concurrent Preclean
[2023-11-16T06:27:58.586+0000][7][gc,marking  ] GC(489) Concurrent Preclean 0.201ms
[2023-11-16T06:27:58.586+0000][7][gc,start    ] GC(489) Pause Remark
[2023-11-16T06:27:58.593+0000][7][gc          ] GC(489) Pause Remark 148M->148M(512M) 6.774ms
[2023-11-16T06:27:58.593+0000][7][gc,cpu      ] GC(489) User=0.05s Sys=0.00s Real=0.01s
[2023-11-16T06:27:58.593+0000][7][safepoint   ] Safepoint "G1Concurrent", Time since last: 66705959 ns, Reaching safepoint: 22654 ns, At safepoint: 6921269 ns, Total: 6943923 ns
[2023-11-16T06:27:58.593+0000][7][gc,marking  ] GC(489) Concurrent Mark 70.716ms
[2023-11-16T06:27:58.593+0000][7][gc,marking  ] GC(489) Concurrent Rebuild Remembered Sets
[2023-11-16T06:27:58.628+0000][7][gc,marking  ] GC(489) Concurrent Rebuild Remembered Sets 34.808ms
[2023-11-16T06:27:58.628+0000][7][gc,start    ] GC(489) Pause Cleanup
[2023-11-16T06:27:58.628+0000][7][gc          ] GC(489) Pause Cleanup 148M->148M(512M) 0.073ms
[2023-11-16T06:27:58.628+0000][7][gc,cpu      ] GC(489) User=0.00s Sys=0.00s Real=0.00s
[2023-11-16T06:27:58.628+0000][7][safepoint   ] Safepoint "G1Concurrent", Time since last: 34932337 ns, Reaching safepoint: 37590 ns, At safepoint: 164010 ns, Total: 201600 ns
[2023-11-16T06:27:58.628+0000][7][gc,marking  ] GC(489) Concurrent Cleanup for Next Mark
[2023-11-16T06:27:58.628+0000][7][gc,marking  ] GC(489) Concurrent Cleanup for Next Mark 0.643ms
[2023-11-16T06:27:58.628+0000][7][gc          ] GC(489) Concurrent Mark Cycle 109.482ms
[2023-11-16T06:28:05.592+0000][7][gc,start    ] GC(490) Pause Young (Prepare Mixed) (G1 Evacuation Pause)
[2023-11-16T06:28:05.592+0000][7][gc,task     ] GC(490) Using 8 workers of 8 for evacuation
[2023-11-16T06:28:05.592+0000][7][gc,age      ] GC(490) Desired survivor size 18874368 bytes, new threshold 15 (max threshold 15)
[2023-11-16T06:28:05.594+0000][7][gc,age      ] GC(490) Age table with threshold 15 (max threshold 15)
[2023-11-16T06:28:05.594+0000][7][gc,age      ] GC(490) - age   1:    2638816 bytes,    2638816 total
[2023-11-16T06:28:05.594+0000][7][gc,age      ] GC(490) - age   2:     345184 bytes,    2984000 total
[2023-11-16T06:28:05.594+0000][7][gc,age      ] GC(490) - age   3:     148504 bytes,    3132504 total
[2023-11-16T06:28:05.594+0000][7][gc,age      ] GC(490) - age   4:     196576 bytes,    3329080 total
[2023-11-16T06:28:05.594+0000][7][gc,age      ] GC(490) - age   5:        384 bytes,    3329464 total
[2023-11-16T06:28:05.594+0000][7][gc,phases   ] GC(490)   Pre Evacuate Collection Set: 0.1ms
[2023-11-16T06:28:05.594+0000][7][gc,phases   ] GC(490)   Merge Heap Roots: 0.1ms
[2023-11-16T06:28:05.594+0000][7][gc,phases   ] GC(490)   Evacuate Collection Set: 2.0ms
[2023-11-16T06:28:05.594+0000][7][gc,phases   ] GC(490)   Post Evacuate Collection Set: 0.4ms
[2023-11-16T06:28:05.594+0000][7][gc,phases   ] GC(490)   Other: 0.2ms
[2023-11-16T06:28:05.594+0000][7][gc,heap     ] GC(490) Eden regions: 68->0(5)
[2023-11-16T06:28:05.594+0000][7][gc,heap     ] GC(490) Survivor regions: 1->1(9)
[2023-11-16T06:28:05.594+0000][7][gc,heap     ] GC(490) Old regions: 30->30
[2023-11-16T06:28:05.594+0000][7][gc,heap     ] GC(490) Archive regions: 2->2
[2023-11-16T06:28:05.594+0000][7][gc,heap     ] GC(490) Humongous regions: 5->5
[2023-11-16T06:28:05.594+0000][7][gc,metaspace] GC(490) Metaspace: 120658K(122368K)->120658K(122368K) NonClass: 104780K(105728K)->104780K(105728K) Class: 15877K(16640K)->15877K(16640K)
[2023-11-16T06:28:05.594+0000][7][gc          ] GC(490) Pause Young (Prepare Mixed) (G1 Evacuation Pause) 417M->146M(512M) 2.777ms
[2023-11-16T06:28:05.594+0000][7][gc,cpu      ] GC(490) User=0.02s Sys=0.00s Real=0.00s
[2023-11-16T06:28:05.594+0000][7][safepoint   ] Safepoint "G1CollectForAllocation", Time since last: 6963659829 ns, Reaching safepoint: 77465 ns, At safepoint: 2868583 ns, Total: 2946048 ns
[2023-11-16T06:28:05.618+0000][7][gc,start    ] GC(491) Pause Young (Mixed) (G1 Evacuation Pause)
[2023-11-16T06:28:05.618+0000][7][gc,task     ] GC(491) Using 8 workers of 8 for evacuation
[2023-11-16T06:28:05.618+0000][7][gc,age      ] GC(491) Desired survivor size 2097152 bytes, new threshold 1 (max threshold 15)
[2023-11-16T06:28:05.652+0000][7][gc,age      ] GC(491) Age table with threshold 1 (max threshold 15)
[2023-11-16T06:28:05.653+0000][7][gc,age      ] GC(491) - age   1:     167016 bytes,     167016 total
[2023-11-16T06:28:05.653+0000][7][gc,phases   ] GC(491)   Pre Evacuate Collection Set: 0.1ms
[2023-11-16T06:28:05.653+0000][7][gc,phases   ] GC(491)   Merge Heap Roots: 0.0ms
[2023-11-16T06:28:05.653+0000][7][gc,phases   ] GC(491)   Evacuate Collection Set: 33.6ms
[2023-11-16T06:28:05.653+0000][7][gc,phases   ] GC(491)   Post Evacuate Collection Set: 0.6ms
[2023-11-16T06:28:05.653+0000][7][gc,phases   ] GC(491)   Other: 0.2ms
[2023-11-16T06:28:05.653+0000][7][gc,heap     ] GC(491) Eden regions: 5->0(68)
[2023-11-16T06:28:05.653+0000][7][gc,heap     ] GC(491) Survivor regions: 1->1(1)
[2023-11-16T06:28:05.653+0000][7][gc,heap     ] GC(491) Old regions: 30->30
[2023-11-16T06:28:05.653+0000][7][gc,heap     ] GC(491) Archive regions: 2->2
[2023-11-16T06:28:05.653+0000][7][gc,heap     ] GC(491) Humongous regions: 5->5
[2023-11-16T06:28:05.653+0000][7][gc,metaspace] GC(491) Metaspace: 120658K(122368K)->120658K(122368K) NonClass: 104780K(105728K)->104780K(105728K) Class: 15877K(16640K)->15877K(16640K)
[2023-11-16T06:28:05.653+0000][7][gc          ] GC(491) Pause Young (Mixed) (G1 Evacuation Pause) 166M->143M(512M) 34.495ms
[2023-11-16T06:28:05.653+0000][7][gc,cpu      ] GC(491) User=0.02s Sys=0.01s Real=0.04s
[2023-11-16T06:28:05.653+0000][7][safepoint   ] Safepoint "G1CollectForAllocation", Time since last: 23646349 ns, Reaching safepoint: 50693 ns, At safepoint: 34570866 ns, Total: 34621559 ns
[2023-11-16T06:28:11.654+0000][7][safepoint   ] Safepoint "Cleanup", Time since last: 6000953770 ns, Reaching safepoint: 89229 ns, At safepoint: 8680 ns, Total: 97909 ns
[2023-11-16T06:28:12.654+0000][7][safepoint   ] Safepoint "Cleanup", Time since last: 1000323233 ns, Reaching safepoint: 96540 ns, At safepoint: 10426 ns, Total: 106966 ns
[2023-11-16T06:28:13.636+0000][7][gc,start    ] GC(492) Pause Young (Normal) (G1 Evacuation Pause)
[2023-11-16T06:28:13.636+0000][7][gc,task     ] GC(492) Using 8 workers of 8 for evacuation
[2023-11-16T06:28:13.636+0000][7][gc,age      ] GC(492) Desired survivor size 18874368 bytes, new threshold 15 (max threshold 15)
[2023-11-16T06:28:13.638+0000][7][gc,age      ] GC(492) Age table with threshold 15 (max threshold 15)
[2023-11-16T06:28:13.638+0000][7][gc,age      ] GC(492) - age   1:    2386192 bytes,    2386192 total
[2023-11-16T06:28:13.638+0000][7][gc,age      ] GC(492) - age   2:      65464 bytes,    2451656 total
[2023-11-16T06:28:13.638+0000][7][gc,phases   ] GC(492)   Pre Evacuate Collection Set: 0.1ms
[2023-11-16T06:28:13.638+0000][7][gc,phases   ] GC(492)   Merge Heap Roots: 0.0ms
[2023-11-16T06:28:13.638+0000][7][gc,phases   ] GC(492)   Evacuate Collection Set: 1.4ms
[2023-11-16T06:28:13.638+0000][7][gc,phases   ] GC(492)   Post Evacuate Collection Set: 0.5ms
[2023-11-16T06:28:13.638+0000][7][gc,phases   ] GC(492)   Other: 0.1ms
[2023-11-16T06:28:13.638+0000][7][gc,heap     ] GC(492) Eden regions: 68->0(68)
[2023-11-16T06:28:13.638+0000][7][gc,heap     ] GC(492) Survivor regions: 1->1(9)
[2023-11-16T06:28:13.638+0000][7][gc,heap     ] GC(492) Old regions: 30->30
[2023-11-16T06:28:13.638+0000][7][gc,heap     ] GC(492) Archive regions: 2->2
[2023-11-16T06:28:13.638+0000][7][gc,heap     ] GC(492) Humongous regions: 5->5
[2023-11-16T06:28:13.638+0000][7][gc,metaspace] GC(492) Metaspace: 120660K(122368K)->120660K(122368K) NonClass: 104783K(105728K)->104783K(105728K) Class: 15877K(16640K)->15877K(16640K)
[2023-11-16T06:28:13.638+0000][7][gc          ] GC(492) Pause Young (Normal) (G1 Evacuation Pause) 415M->145M(512M) 2.244ms
[2023-11-16T06:28:13.638+0000][7][gc,cpu      ] GC(492) User=0.01s Sys=0.00s Real=0.00s
[2023-11-16T06:28:13.638+0000][7][safepoint   ] Safepoint "G1CollectForAllocation", Time since last: 981646485 ns, Reaching safepoint: 52085 ns, At safepoint: 2346683 ns, Total: 2398768 ns
[2023-11-16T06:28:14.639+0000][7][safepoint   ] Safepoint "Cleanup", Time since last: 1000334494 ns, Reaching safepoint: 35742 ns, At safepoint: 4299 ns, Total: 40041 ns
[2023-11-16T06:28:15.639+0000][7][safepoint   ] Safepoint "Cleanup", Time since last: 1000114477 ns, Reaching safepoint: 82664 ns, At safepoint: 8780 ns, Total: 91444 ns
[2023-11-16T06:28:19.818+0000][7][gc,start    ] GC(493) Pause Young (Normal) (G1 Evacuation Pause)
[2023-11-16T06:28:19.818+0000][7][gc,task     ] GC(493) Using 8 workers of 8 for evacuation
[2023-11-16T06:28:19.818+0000][7][gc,age      ] GC(493) Desired survivor size 18874368 bytes, new threshold 15 (max threshold 15)
[2023-11-16T06:28:19.821+0000][7][gc,age      ] GC(493) Age table with threshold 15 (max threshold 15)
[2023-11-16T06:28:19.821+0000][7][gc,age      ] GC(493) - age   1:    1602400 bytes,    1602400 total
[2023-11-16T06:28:19.821+0000][7][gc,age      ] GC(493) - age   2:     572016 bytes,    2174416 total
[2023-11-16T06:28:19.821+0000][7][gc,age      ] GC(493) - age   3:      65464 bytes,    2239880 total
[2023-11-16T06:28:19.821+0000][7][gc,phases   ] GC(493)   Pre Evacuate Collection Set: 0.1ms
[2023-11-16T06:28:19.821+0000][7][gc,phases   ] GC(493)   Merge Heap Roots: 0.0ms
[2023-11-16T06:28:19.821+0000][7][gc,phases   ] GC(493)   Evacuate Collection Set: 1.7ms
[2023-11-16T06:28:19.821+0000][7][gc,phases   ] GC(493)   Post Evacuate Collection Set: 0.6ms
[2023-11-16T06:28:19.821+0000][7][gc,phases   ] GC(493)   Other: 0.2ms
[2023-11-16T06:28:19.821+0000][7][gc,heap     ] GC(493) Eden regions: 68->0(68)
[2023-11-16T06:28:19.821+0000][7][gc,heap     ] GC(493) Survivor regions: 1->1(9)
[2023-11-16T06:28:19.821+0000][7][gc,heap     ] GC(493) Old regions: 30->30
[2023-11-16T06:28:19.821+0000][7][gc,heap     ] GC(493) Archive regions: 2->2
[2023-11-16T06:28:19.821+0000][7][gc,heap     ] GC(493) Humongous regions: 5->5
[2023-11-16T06:28:19.821+0000][7][gc,metaspace] GC(493) Metaspace: 120663K(122368K)->120663K(122368K) NonClass: 104785K(105728K)->104785K(105728K) Class: 15877K(16640K)->15877K(16640K)
[2023-11-16T06:28:19.821+0000][7][gc          ] GC(493) Pause Young (Normal) (G1 Evacuation Pause) 417M->145M(512M) 2.834ms
[2023-11-16T06:28:19.821+0000][7][gc,cpu      ] GC(493) User=0.00s Sys=0.01s Real=0.01s
[2023-11-16T06:28:19.821+0000][7][safepoint   ] Safepoint "G1CollectForAllocation", Time since last: 4179383384 ns, Reaching safepoint: 102193 ns, At safepoint: 2904917 ns, Total: 3007110 ns
[2023-11-16T06:28:20.822+0000][7][safepoint   ] Safepoint "Cleanup", Time since last: 1000424870 ns, Reaching safepoint: 54272 ns, At safepoint: 4100 ns, Total: 58372 ns
[2023-11-16T06:28:24.822+0000][7][safepoint   ] Safepoint "Cleanup", Time since last: 4000456103 ns, Reaching safepoint: 122890 ns, At safepoint: 7624 ns, Total: 130514 ns
[2023-11-16T06:28:25.721+0000][7][gc,start    ] GC(494) Pause Young (Concurrent Start) (G1 Evacuation Pause)
[2023-11-16T06:28:25.721+0000][7][gc,task     ] GC(494) Using 8 workers of 8 for evacuation
[2023-11-16T06:28:25.721+0000][7][gc,age      ] GC(494) Desired survivor size 18874368 bytes, new threshold 15 (max threshold 15)
[2023-11-16T06:28:25.723+0000][7][gc,age      ] GC(494) Age table with threshold 15 (max threshold 15)
[2023-11-16T06:28:25.723+0000][7][gc,age      ] GC(494) - age   1:    1149280 bytes,    1149280 total
[2023-11-16T06:28:25.723+0000][7][gc,age      ] GC(494) - age   2:     171864 bytes,    1321144 total
[2023-11-16T06:28:25.723+0000][7][gc,age      ] GC(494) - age   3:     212192 bytes,    1533336 total
[2023-11-16T06:28:25.723+0000][7][gc,age      ] GC(494) - age   4:      65464 bytes,    1598800 total
[2023-11-16T06:28:25.723+0000][7][gc,phases   ] GC(494)   Pre Evacuate Collection Set: 0.2ms
[2023-11-16T06:28:25.723+0000][7][gc,phases   ] GC(494)   Merge Heap Roots: 0.1ms
[2023-11-16T06:28:25.723+0000][7][gc,phases   ] GC(494)   Evacuate Collection Set: 1.7ms
[2023-11-16T06:28:25.723+0000][7][gc,phases   ] GC(494)   Post Evacuate Collection Set: 0.5ms
[2023-11-16T06:28:25.723+0000][7][gc,phases   ] GC(494)   Other: 0.2ms
[2023-11-16T06:28:25.723+0000][7][gc,heap     ] GC(494) Eden regions: 68->0(68)
[2023-11-16T06:28:25.723+0000][7][gc,heap     ] GC(494) Survivor regions: 1->1(9)
[2023-11-16T06:28:25.723+0000][7][gc,heap     ] GC(494) Old regions: 30->30
[2023-11-16T06:28:25.723+0000][7][gc,heap     ] GC(494) Archive regions: 2->2
[2023-11-16T06:28:25.723+0000][7][gc,heap     ] GC(494) Humongous regions: 5->5
[2023-11-16T06:28:25.723+0000][7][gc,metaspace] GC(494) Metaspace: 120716K(122432K)->120716K(122432K) NonClass: 104833K(105792K)->104833K(105792K) Class: 15882K(16640K)->15882K(16640K)
[2023-11-16T06:28:25.723+0000][7][gc          ] GC(494) Pause Young (Concurrent Start) (G1 Evacuation Pause) 417M->144M(512M) 2.718ms
[2023-11-16T06:28:25.723+0000][7][gc,cpu      ] GC(494) User=0.01s Sys=0.00s Real=0.00s
[2023-11-16T06:28:25.723+0000][7][safepoint   ] Safepoint "G1CollectForAllocation", Time since last: 898243836 ns, Reaching safepoint: 54833 ns, At safepoint: 2822146 ns, Total: 2876979 ns
[2023-11-16T06:28:25.723+0000][7][gc          ] GC(495) Concurrent Mark Cycle
[2023-11-16T06:28:25.723+0000][7][gc,marking  ] GC(495) Concurrent Clear Claimed Marks
[2023-11-16T06:28:25.724+0000][7][gc,marking  ] GC(495) Concurrent Clear Claimed Marks 0.140ms
[2023-11-16T06:28:25.724+0000][7][gc,marking  ] GC(495) Concurrent Scan Root Regions
[2023-11-16T06:28:25.728+0000][7][gc,marking  ] GC(495) Concurrent Scan Root Regions 3.984ms
[2023-11-16T06:28:25.728+0000][7][gc,marking  ] GC(495) Concurrent Mark
[2023-11-16T06:28:25.728+0000][7][gc,marking  ] GC(495) Concurrent Mark From Roots
[2023-11-16T06:28:25.728+0000][7][gc,task     ] GC(495) Using 2 workers of 2 for marking
[2023-11-16T06:28:25.808+0000][7][gc,marking  ] GC(495) Concurrent Mark From Roots 80.202ms
[2023-11-16T06:28:25.808+0000][7][gc,marking  ] GC(495) Concurrent Preclean
[2023-11-16T06:28:25.808+0000][7][gc,marking  ] GC(495) Concurrent Preclean 0.220ms
[2023-11-16T06:28:25.808+0000][7][gc,start    ] GC(495) Pause Remark
[2023-11-16T06:28:25.814+0000][7][gc          ] GC(495) Pause Remark 164M->164M(512M) 5.561ms
[2023-11-16T06:28:25.814+0000][7][gc,cpu      ] GC(495) User=0.03s Sys=0.00s Real=0.01s
[2023-11-16T06:28:25.814+0000][7][safepoint   ] Safepoint "G1Concurrent", Time since last: 84687292 ns, Reaching safepoint: 44371 ns, At safepoint: 5680201 ns, Total: 5724572 ns
[2023-11-16T06:28:25.814+0000][7][gc,marking  ] GC(495) Concurrent Mark 86.255ms
[2023-11-16T06:28:25.814+0000][7][gc,marking  ] GC(495) Concurrent Rebuild Remembered Sets
[2023-11-16T06:28:25.856+0000][7][gc,marking  ] GC(495) Concurrent Rebuild Remembered Sets 42.537ms
[2023-11-16T06:28:25.857+0000][7][gc,start    ] GC(495) Pause Cleanup
[2023-11-16T06:28:25.857+0000][7][gc          ] GC(495) Pause Cleanup 165M->165M(512M) 0.157ms
[2023-11-16T06:28:25.857+0000][7][gc,cpu      ] GC(495) User=0.00s Sys=0.00s Real=0.00s
[2023-11-16T06:28:25.857+0000][7][safepoint   ] Safepoint "G1Concurrent", Time since last: 42748184 ns, Reaching safepoint: 59586 ns, At safepoint: 255788 ns, Total: 315374 ns
[2023-11-16T06:28:25.857+0000][7][gc,marking  ] GC(495) Concurrent Cleanup for Next Mark
[2023-11-16T06:28:25.858+0000][7][gc,marking  ] GC(495) Concurrent Cleanup for Next Mark 1.281ms
[2023-11-16T06:28:25.858+0000][7][gc          ] GC(495) Concurrent Mark Cycle 134.851ms
[2023-11-16T06:28:31.857+0000][7][safepoint   ] Safepoint "Cleanup", Time since last: 6000471750 ns, Reaching safepoint: 68695 ns, At safepoint: 5927 ns, Total: 74622 ns
[2023-11-16T06:28:32.858+0000][7][safepoint   ] Safepoint "Cleanup", Time since last: 1000835858 ns, Reaching safepoint: 158750 ns, At safepoint: 13170 ns, Total: 171920 ns
[2023-11-16T06:28:32.863+0000][7][gc,start    ] GC(496) Pause Young (Prepare Mixed) (G1 Evacuation Pause)
[2023-11-16T06:28:32.863+0000][7][gc,task     ] GC(496) Using 8 workers of 8 for evacuation
[2023-11-16T06:28:32.863+0000][7][gc,age      ] GC(496) Desired survivor size 18874368 bytes, new threshold 15 (max threshold 15)
[2023-11-16T06:28:32.865+0000][7][gc,age      ] GC(496) Age table with threshold 15 (max threshold 15)
[2023-11-16T06:28:32.865+0000][7][gc,age      ] GC(496) - age   1:    2451664 bytes,    2451664 total
[2023-11-16T06:28:32.865+0000][7][gc,age      ] GC(496) - age   2:     468728 bytes,    2920392 total
[2023-11-16T06:28:32.865+0000][7][gc,age      ] GC(496) - age   3:     168072 bytes,    3088464 total
[2023-11-16T06:28:32.865+0000][7][gc,age      ] GC(496) - age   4:      48784 bytes,    3137248 total
[2023-11-16T06:28:32.865+0000][7][gc,phases   ] GC(496)   Pre Evacuate Collection Set: 0.1ms
[2023-11-16T06:28:32.865+0000][7][gc,phases   ] GC(496)   Merge Heap Roots: 0.1ms
[2023-11-16T06:28:32.865+0000][7][gc,phases   ] GC(496)   Evacuate Collection Set: 1.6ms
[2023-11-16T06:28:32.865+0000][7][gc,phases   ] GC(496)   Post Evacuate Collection Set: 0.5ms
[2023-11-16T06:28:32.865+0000][7][gc,phases   ] GC(496)   Other: 0.1ms
[2023-11-16T06:28:32.865+0000][7][gc,heap     ] GC(496) Eden regions: 68->0(5)
[2023-11-16T06:28:32.865+0000][7][gc,heap     ] GC(496) Survivor regions: 1->1(9)
[2023-11-16T06:28:32.865+0000][7][gc,heap     ] GC(496) Old regions: 30->30
[2023-11-16T06:28:32.865+0000][7][gc,heap     ] GC(496) Archive regions: 2->2
[2023-11-16T06:28:32.865+0000][7][gc,heap     ] GC(496) Humongous regions: 5->5
[2023-11-16T06:28:32.865+0000][7][gc,metaspace] GC(496) Metaspace: 120719K(122432K)->120719K(122432K) NonClass: 104836K(105792K)->104836K(105792K) Class: 15882K(16640K)->15882K(16640K)
[2023-11-16T06:28:32.865+0000][7][gc          ] GC(496) Pause Young (Prepare Mixed) (G1 Evacuation Pause) 416M->146M(512M) 2.483ms
[2023-11-16T06:28:32.865+0000][7][gc,cpu      ] GC(496) User=0.02s Sys=0.00s Real=0.00s
[2023-11-16T06:28:32.865+0000][7][safepoint   ] Safepoint "G1CollectForAllocation", Time since last: 4101098 ns, Reaching safepoint: 50953 ns, At safepoint: 2584207 ns, Total: 2635160 ns
[2023-11-16T06:28:32.897+0000][7][gc,start    ] GC(497) Pause Young (Mixed) (G1 Evacuation Pause)
[2023-11-16T06:28:32.897+0000][7][gc,task     ] GC(497) Using 8 workers of 8 for evacuation
[2023-11-16T06:28:32.897+0000][7][gc,age      ] GC(497) Desired survivor size 2097152 bytes, new threshold 1 (max threshold 15)
[2023-11-16T06:28:32.929+0000][7][gc,age      ] GC(497) Age table with threshold 1 (max threshold 15)
[2023-11-16T06:28:32.929+0000][7][gc,age      ] GC(497) - age   1:     170248 bytes,     170248 total
[2023-11-16T06:28:32.929+0000][7][gc,phases   ] GC(497)   Pre Evacuate Collection Set: 0.1ms
[2023-11-16T06:28:32.929+0000][7][gc,phases   ] GC(497)   Merge Heap Roots: 0.1ms
[2023-11-16T06:28:32.929+0000][7][gc,phases   ] GC(497)   Evacuate Collection Set: 31.1ms
[2023-11-16T06:28:32.929+0000][7][gc,phases   ] GC(497)   Post Evacuate Collection Set: 0.5ms
[2023-11-16T06:28:32.929+0000][7][gc,phases   ] GC(497)   Other: 0.2ms
[2023-11-16T06:28:32.929+0000][7][gc,heap     ] GC(497) Eden regions: 5->0(68)
[2023-11-16T06:28:32.929+0000][7][gc,heap     ] GC(497) Survivor regions: 1->1(1)
[2023-11-16T06:28:32.929+0000][7][gc,heap     ] GC(497) Old regions: 30->30
[2023-11-16T06:28:32.929+0000][7][gc,heap     ] GC(497) Archive regions: 2->2
[2023-11-16T06:28:32.929+0000][7][gc,heap     ] GC(497) Humongous regions: 5->5
[2023-11-16T06:28:32.929+0000][7][gc,metaspace] GC(497) Metaspace: 120719K(122432K)->120719K(122432K) NonClass: 104836K(105792K)->104836K(105792K) Class: 15882K(16640K)->15882K(16640K)
[2023-11-16T06:28:32.929+0000][7][gc          ] GC(497) Pause Young (Mixed) (G1 Evacuation Pause) 166M->143M(512M) 32.061ms
[2023-11-16T06:28:32.929+0000][7][gc,cpu      ] GC(497) User=0.02s Sys=0.01s Real=0.04s
[2023-11-16T06:28:32.929+0000][7][safepoint   ] Safepoint "G1CollectForAllocation", Time since last: 31883686 ns, Reaching safepoint: 29029 ns, At safepoint: 32147369 ns, Total: 32176398 ns
[2023-11-16T06:28:40.873+0000][7][gc,start    ] GC(498) Pause Young (Normal) (G1 Evacuation Pause)
[2023-11-16T06:28:40.873+0000][7][gc,task     ] GC(498) Using 8 workers of 8 for evacuation
[2023-11-16T06:28:40.873+0000][7][gc,age      ] GC(498) Desired survivor size 18874368 bytes, new threshold 15 (max threshold 15)
[2023-11-16T06:28:40.875+0000][7][gc,age      ] GC(498) Age table with threshold 15 (max threshold 15)
[2023-11-16T06:28:40.875+0000][7][gc,age      ] GC(498) - age   1:    2330896 bytes,    2330896 total
[2023-11-16T06:28:40.875+0000][7][gc,age      ] GC(498) - age   2:      46360 bytes,    2377256 total
[2023-11-16T06:28:40.875+0000][7][gc,phases   ] GC(498)   Pre Evacuate Collection Set: 0.1ms
[2023-11-16T06:28:40.875+0000][7][gc,phases   ] GC(498)   Merge Heap Roots: 0.1ms
[2023-11-16T06:28:40.875+0000][7][gc,phases   ] GC(498)   Evacuate Collection Set: 1.2ms
[2023-11-16T06:28:40.875+0000][7][gc,phases   ] GC(498)   Post Evacuate Collection Set: 0.7ms
[2023-11-16T06:28:40.875+0000][7][gc,phases   ] GC(498)   Other: 0.2ms
[2023-11-16T06:28:40.875+0000][7][gc,heap     ] GC(498) Eden regions: 68->0(68)
[2023-11-16T06:28:40.875+0000][7][gc,heap     ] GC(498) Survivor regions: 1->1(9)
[2023-11-16T06:28:40.875+0000][7][gc,heap     ] GC(498) Old regions: 30->30
[2023-11-16T06:28:40.875+0000][7][gc,heap     ] GC(498) Archive regions: 2->2
[2023-11-16T06:28:40.875+0000][7][gc,heap     ] GC(498) Humongous regions: 5->5
[2023-11-16T06:28:40.875+0000][7][gc,metaspace] GC(498) Metaspace: 120719K(122432K)->120719K(122432K) NonClass: 104836K(105792K)->104836K(105792K) Class: 15882K(16640K)->15882K(16640K)
[2023-11-16T06:28:40.875+0000][7][gc          ] GC(498) Pause Young (Normal) (G1 Evacuation Pause) 415M->145M(512M) 2.257ms
[2023-11-16T06:28:40.875+0000][7][gc,cpu      ] GC(498) User=0.01s Sys=0.00s Real=0.00s
[2023-11-16T06:28:40.875+0000][7][safepoint   ] Safepoint "G1CollectForAllocation", Time since last: 7943366069 ns, Reaching safepoint: 33869 ns, At safepoint: 2355265 ns, Total: 2389134 ns
[2023-11-16T06:28:43.875+0000][7][safepoint   ] Safepoint "Cleanup", Time since last: 3000292577 ns, Reaching safepoint: 78104 ns, At safepoint: 7735 ns, Total: 85839 ns
[2023-11-16T06:28:47.358+0000][7][gc,start    ] GC(499) Pause Young (Normal) (G1 Evacuation Pause)
[2023-11-16T06:28:47.358+0000][7][gc,task     ] GC(499) Using 8 workers of 8 for evacuation
[2023-11-16T06:28:47.358+0000][7][gc,age      ] GC(499) Desired survivor size 18874368 bytes, new threshold 15 (max threshold 15)
[2023-11-16T06:28:47.360+0000][7][gc,age      ] GC(499) Age table with threshold 15 (max threshold 15)
[2023-11-16T06:28:47.360+0000][7][gc,age      ] GC(499) - age   1:    1805008 bytes,    1805008 total
[2023-11-16T06:28:47.360+0000][7][gc,age      ] GC(499) - age   2:     633128 bytes,    2438136 total
[2023-11-16T06:28:47.360+0000][7][gc,age      ] GC(499) - age   3:      46360 bytes,    2484496 total
[2023-11-16T06:28:47.360+0000][7][gc,phases   ] GC(499)   Pre Evacuate Collection Set: 0.1ms
[2023-11-16T06:28:47.360+0000][7][gc,phases   ] GC(499)   Merge Heap Roots: 0.0ms
[2023-11-16T06:28:47.360+0000][7][gc,phases   ] GC(499)   Evacuate Collection Set: 1.5ms
[2023-11-16T06:28:47.360+0000][7][gc,phases   ] GC(499)   Post Evacuate Collection Set: 0.5ms
[2023-11-16T06:28:47.360+0000][7][gc,phases   ] GC(499)   Other: 0.3ms
[2023-11-16T06:28:47.360+0000][7][gc,heap     ] GC(499) Eden regions: 68->0(68)
[2023-11-16T06:28:47.360+0000][7][gc,heap     ] GC(499) Survivor regions: 1->1(9)
[2023-11-16T06:28:47.360+0000][7][gc,heap     ] GC(499) Old regions: 30->30
[2023-11-16T06:28:47.360+0000][7][gc,heap     ] GC(499) Archive regions: 2->2
[2023-11-16T06:28:47.360+0000][7][gc,heap     ] GC(499) Humongous regions: 5->5
[2023-11-16T06:28:47.360+0000][7][gc,metaspace] GC(499) Metaspace: 120719K(122432K)->120719K(122432K) NonClass: 104836K(105792K)->104836K(105792K) Class: 15882K(16640K)->15882K(16640K)
[2023-11-16T06:28:47.360+0000][7][gc          ] GC(499) Pause Young (Normal) (G1 Evacuation Pause) 417M->145M(512M) 2.543ms
[2023-11-16T06:28:47.360+0000][7][gc,cpu      ] GC(499) User=0.01s Sys=0.00s Real=0.01s
[2023-11-16T06:28:47.360+0000][7][safepoint   ] Safepoint "G1CollectForAllocation", Time since last: 3482432892 ns, Reaching safepoint: 25960 ns, At safepoint: 2617481 ns, Total: 2643441 ns
[2023-11-16T06:28:54.263+0000][7][gc,start    ] GC(500) Pause Young (Concurrent Start) (G1 Evacuation Pause)
[2023-11-16T06:28:54.263+0000][7][gc,task     ] GC(500) Using 8 workers of 8 for evacuation
[2023-11-16T06:28:54.264+0000][7][gc,age      ] GC(500) Desired survivor size 18874368 bytes, new threshold 15 (max threshold 15)
[2023-11-16T06:28:54.266+0000][7][gc,age      ] GC(500) Age table with threshold 15 (max threshold 15)
[2023-11-16T06:28:54.266+0000][7][gc,age      ] GC(500) - age   1:    1236776 bytes,    1236776 total
[2023-11-16T06:28:54.266+0000][7][gc,age      ] GC(500) - age   2:     135528 bytes,    1372304 total
[2023-11-16T06:28:54.266+0000][7][gc,age      ] GC(500) - age   3:     190104 bytes,    1562408 total
[2023-11-16T06:28:54.266+0000][7][gc,age      ] GC(500) - age   4:      46360 bytes,    1608768 total
[2023-11-16T06:28:54.266+0000][7][gc,phases   ] GC(500)   Pre Evacuate Collection Set: 0.2ms
[2023-11-16T06:28:54.266+0000][7][gc,phases   ] GC(500)   Merge Heap Roots: 0.1ms
[2023-11-16T06:28:54.266+0000][7][gc,phases   ] GC(500)   Evacuate Collection Set: 1.8ms
[2023-11-16T06:28:54.266+0000][7][gc,phases   ] GC(500)   Post Evacuate Collection Set: 0.5ms
[2023-11-16T06:28:54.266+0000][7][gc,phases   ] GC(500)   Other: 0.3ms
[2023-11-16T06:28:54.266+0000][7][gc,heap     ] GC(500) Eden regions: 68->0(68)
[2023-11-16T06:28:54.266+0000][7][gc,heap     ] GC(500) Survivor regions: 1->1(9)
[2023-11-16T06:28:54.266+0000][7][gc,heap     ] GC(500) Old regions: 30->30
[2023-11-16T06:28:54.266+0000][7][gc,heap     ] GC(500) Archive regions: 2->2
[2023-11-16T06:28:54.266+0000][7][gc,heap     ] GC(500) Humongous regions: 5->5
[2023-11-16T06:28:54.266+0000][7][gc,metaspace] GC(500) Metaspace: 120719K(122432K)->120719K(122432K) NonClass: 104836K(105792K)->104836K(105792K) Class: 15882K(16640K)->15882K(16640K)
[2023-11-16T06:28:54.266+0000][7][gc          ] GC(500) Pause Young (Concurrent Start) (G1 Evacuation Pause) 417M->144M(512M) 2.825ms
[2023-11-16T06:28:54.266+0000][7][gc,cpu      ] GC(500) User=0.02s Sys=0.00s Real=0.00s
[2023-11-16T06:28:54.266+0000][7][gc          ] GC(501) Concurrent Mark Cycle
[2023-11-16T06:28:54.266+0000][7][gc,marking  ] GC(501) Concurrent Clear Claimed Marks
[2023-11-16T06:28:54.266+0000][7][safepoint   ] Safepoint "G1CollectForAllocation", Time since last: 6902954899 ns, Reaching safepoint: 41798 ns, At safepoint: 2939596 ns, Total: 2981394 ns
[2023-11-16T06:28:54.266+0000][7][gc,marking  ] GC(501) Concurrent Clear Claimed Marks 0.131ms
[2023-11-16T06:28:54.266+0000][7][gc,marking  ] GC(501) Concurrent Scan Root Regions
[2023-11-16T06:28:54.269+0000][7][gc,marking  ] GC(501) Concurrent Scan Root Regions 2.513ms
[2023-11-16T06:28:54.269+0000][7][gc,marking  ] GC(501) Concurrent Mark
[2023-11-16T06:28:54.269+0000][7][gc,marking  ] GC(501) Concurrent Mark From Roots
[2023-11-16T06:28:54.269+0000][7][gc,task     ] GC(501) Using 2 workers of 2 for marking
[2023-11-16T06:28:54.337+0000][7][gc,marking  ] GC(501) Concurrent Mark From Roots 67.935ms
[2023-11-16T06:28:54.337+0000][7][gc,marking  ] GC(501) Concurrent Preclean
[2023-11-16T06:28:54.337+0000][7][gc,marking  ] GC(501) Concurrent Preclean 0.226ms
[2023-11-16T06:28:54.337+0000][7][gc,start    ] GC(501) Pause Remark
[2023-11-16T06:28:54.343+0000][7][gc          ] GC(501) Pause Remark 148M->148M(512M) 5.995ms
[2023-11-16T06:28:54.343+0000][7][gc,cpu      ] GC(501) User=0.04s Sys=0.00s Real=0.01s
[2023-11-16T06:28:54.343+0000][7][safepoint   ] Safepoint "G1Concurrent", Time since last: 70937954 ns, Reaching safepoint: 20805 ns, At safepoint: 6147642 ns, Total: 6168447 ns
[2023-11-16T06:28:54.343+0000][7][gc,marking  ] GC(501) Concurrent Mark 74.475ms
[2023-11-16T06:28:54.343+0000][7][gc,marking  ] GC(501) Concurrent Rebuild Remembered Sets
[2023-11-16T06:28:54.380+0000][7][gc,marking  ] GC(501) Concurrent Rebuild Remembered Sets 36.367ms
[2023-11-16T06:28:54.380+0000][7][gc,start    ] GC(501) Pause Cleanup
[2023-11-16T06:28:54.380+0000][7][gc          ] GC(501) Pause Cleanup 150M->150M(512M) 0.092ms
[2023-11-16T06:28:54.380+0000][7][gc,cpu      ] GC(501) User=0.00s Sys=0.00s Real=0.00s
[2023-11-16T06:28:54.380+0000][7][safepoint   ] Safepoint "G1Concurrent", Time since last: 36513048 ns, Reaching safepoint: 21559 ns, At safepoint: 140021 ns, Total: 161580 ns
[2023-11-16T06:28:54.380+0000][7][gc,marking  ] GC(501) Concurrent Cleanup for Next Mark
[2023-11-16T06:28:54.381+0000][7][gc,marking  ] GC(501) Concurrent Cleanup for Next Mark 0.414ms
[2023-11-16T06:28:54.381+0000][7][gc          ] GC(501) Concurrent Mark Cycle 114.244ms
[2023-11-16T06:28:56.381+0000][7][safepoint   ] Safepoint "Cleanup", Time since last: 2000219480 ns, Reaching safepoint: 182805 ns, At safepoint: 9528 ns, Total: 192333 ns
[2023-11-16T06:29:02.060+0000][7][gc,start    ] GC(502) Pause Young (Prepare Mixed) (G1 Evacuation Pause)
[2023-11-16T06:29:02.060+0000][7][gc,task     ] GC(502) Using 8 workers of 8 for evacuation
[2023-11-16T06:29:02.060+0000][7][gc,age      ] GC(502) Desired survivor size 18874368 bytes, new threshold 15 (max threshold 15)
[2023-11-16T06:29:02.063+0000][7][gc,age      ] GC(502) Age table with threshold 15 (max threshold 15)
[2023-11-16T06:29:02.063+0000][7][gc,age      ] GC(502) - age   1:    2068760 bytes,    2068760 total
[2023-11-16T06:29:02.063+0000][7][gc,age      ] GC(502) - age   2:     527352 bytes,    2596112 total
[2023-11-16T06:29:02.063+0000][7][gc,age      ] GC(502) - age   3:     131568 bytes,    2727680 total
[2023-11-16T06:29:02.063+0000][7][gc,age      ] GC(502) - age   4:      58544 bytes,    2786224 total
[2023-11-16T06:29:02.063+0000][7][gc,age      ] GC(502) - age   5:        440 bytes,    2786664 total
[2023-11-16T06:29:02.063+0000][7][gc,phases   ] GC(502)   Pre Evacuate Collection Set: 0.1ms
[2023-11-16T06:29:02.063+0000][7][gc,phases   ] GC(502)   Merge Heap Roots: 0.0ms
[2023-11-16T06:29:02.063+0000][7][gc,phases   ] GC(502)   Evacuate Collection Set: 1.7ms
[2023-11-16T06:29:02.063+0000][7][gc,phases   ] GC(502)   Post Evacuate Collection Set: 0.5ms
[2023-11-16T06:29:02.063+0000][7][gc,phases   ] GC(502)   Other: 0.2ms
[2023-11-16T06:29:02.063+0000][7][gc,heap     ] GC(502) Eden regions: 68->0(5)
[2023-11-16T06:29:02.063+0000][7][gc,heap     ] GC(502) Survivor regions: 1->1(9)
[2023-11-16T06:29:02.063+0000][7][gc,heap     ] GC(502) Old regions: 30->30
[2023-11-16T06:29:02.063+0000][7][gc,heap     ] GC(502) Archive regions: 2->2
[2023-11-16T06:29:02.063+0000][7][gc,heap     ] GC(502) Humongous regions: 5->5
[2023-11-16T06:29:02.063+0000][7][gc,metaspace] GC(502) Metaspace: 120719K(122432K)->120719K(122432K) NonClass: 104836K(105792K)->104836K(105792K) Class: 15882K(16640K)->15882K(16640K)
[2023-11-16T06:29:02.063+0000][7][gc          ] GC(502) Pause Young (Prepare Mixed) (G1 Evacuation Pause) 416M->146M(512M) 2.585ms
[2023-11-16T06:29:02.063+0000][7][gc,cpu      ] GC(502) User=0.01s Sys=0.00s Real=0.00s
[2023-11-16T06:29:02.063+0000][7][safepoint   ] Safepoint "G1CollectForAllocation", Time since last: 5679611257 ns, Reaching safepoint: 30109 ns, At safepoint: 2691171 ns, Total: 2721280 ns
[2023-11-16T06:29:02.100+0000][7][gc,start    ] GC(503) Pause Young (Mixed) (G1 Evacuation Pause)
[2023-11-16T06:29:02.100+0000][7][gc,task     ] GC(503) Using 8 workers of 8 for evacuation
[2023-11-16T06:29:02.100+0000][7][gc,age      ] GC(503) Desired survivor size 2097152 bytes, new threshold 2 (max threshold 15)
[2023-11-16T06:29:02.109+0000][7][gc,age      ] GC(503) Age table with threshold 2 (max threshold 15)
[2023-11-16T06:29:02.109+0000][7][gc,age      ] GC(503) - age   1:     405984 bytes,     405984 total
[2023-11-16T06:29:02.109+0000][7][gc,age      ] GC(503) - age   2:    1869640 bytes,    2275624 total
[2023-11-16T06:29:02.109+0000][7][gc,phases   ] GC(503)   Pre Evacuate Collection Set: 0.1ms
[2023-11-16T06:29:02.109+0000][7][gc,phases   ] GC(503)   Merge Heap Roots: 0.0ms
[2023-11-16T06:29:02.109+0000][7][gc,phases   ] GC(503)   Evacuate Collection Set: 8.3ms
[2023-11-16T06:29:02.109+0000][7][gc,phases   ] GC(503)   Post Evacuate Collection Set: 0.4ms
[2023-11-16T06:29:02.109+0000][7][gc,phases   ] GC(503)   Other: 0.2ms
[2023-11-16T06:29:02.109+0000][7][gc,heap     ] GC(503) Eden regions: 5->0(68)
[2023-11-16T06:29:02.109+0000][7][gc,heap     ] GC(503) Survivor regions: 1->1(1)
[2023-11-16T06:29:02.109+0000][7][gc,heap     ] GC(503) Old regions: 30->30
[2023-11-16T06:29:02.109+0000][7][gc,heap     ] GC(503) Archive regions: 2->2
[2023-11-16T06:29:02.109+0000][7][gc,heap     ] GC(503) Humongous regions: 5->5
[2023-11-16T06:29:02.109+0000][7][gc,metaspace] GC(503) Metaspace: 120719K(122432K)->120719K(122432K) NonClass: 104836K(105792K)->104836K(105792K) Class: 15882K(16640K)->15882K(16640K)
[2023-11-16T06:29:02.109+0000][7][gc          ] GC(503) Pause Young (Mixed) (G1 Evacuation Pause) 166M->143M(512M) 9.114ms
[2023-11-16T06:29:02.109+0000][7][gc,cpu      ] GC(503) User=0.02s Sys=0.00s Real=0.01s
[2023-11-16T06:29:02.109+0000][7][safepoint   ] Safepoint "G1CollectForAllocation", Time since last: 36968928 ns, Reaching safepoint: 91371 ns, At safepoint: 9184606 ns, Total: 9275977 ns
[2023-11-16T06:29:06.110+0000][7][safepoint   ] Safepoint "Cleanup", Time since last: 4000747507 ns, Reaching safepoint: 36364 ns, At safepoint: 32479 ns, Total: 68843 ns
[2023-11-16T06:29:08.111+0000][7][safepoint   ] Safepoint "Cleanup", Time since last: 2000687028 ns, Reaching safepoint: 164493 ns, At safepoint: 5688 ns, Total: 170181 ns
[2023-11-16T06:29:09.101+0000][7][gc,start    ] GC(504) Pause Young (Normal) (G1 Evacuation Pause)
[2023-11-16T06:29:09.101+0000][7][gc,task     ] GC(504) Using 8 workers of 8 for evacuation
[2023-11-16T06:29:09.101+0000][7][gc,age      ] GC(504) Desired survivor size 18874368 bytes, new threshold 15 (max threshold 15)
[2023-11-16T06:29:09.103+0000][7][gc,age      ] GC(504) Age table with threshold 15 (max threshold 15)
[2023-11-16T06:29:09.103+0000][7][gc,age      ] GC(504) - age   1:    1731888 bytes,    1731888 total
[2023-11-16T06:29:09.103+0000][7][gc,age      ] GC(504) - age   3:     322680 bytes,    2054568 total
[2023-11-16T06:29:09.103+0000][7][gc,phases   ] GC(504)   Pre Evacuate Collection Set: 0.1ms
[2023-11-16T06:29:09.103+0000][7][gc,phases   ] GC(504)   Merge Heap Roots: 0.0ms
[2023-11-16T06:29:09.103+0000][7][gc,phases   ] GC(504)   Evacuate Collection Set: 1.2ms
[2023-11-16T06:29:09.103+0000][7][gc,phases   ] GC(504)   Post Evacuate Collection Set: 0.5ms
[2023-11-16T06:29:09.103+0000][7][gc,phases   ] GC(504)   Other: 0.2ms
[2023-11-16T06:29:09.103+0000][7][gc,heap     ] GC(504) Eden regions: 68->0(68)
[2023-11-16T06:29:09.103+0000][7][gc,heap     ] GC(504) Survivor regions: 1->1(9)
[2023-11-16T06:29:09.103+0000][7][gc,heap     ] GC(504) Old regions: 30->30
[2023-11-16T06:29:09.103+0000][7][gc,heap     ] GC(504) Archive regions: 2->2
[2023-11-16T06:29:09.103+0000][7][gc,heap     ] GC(504) Humongous regions: 5->5
[2023-11-16T06:29:09.103+0000][7][gc,metaspace] GC(504) Metaspace: 120719K(122432K)->120719K(122432K) NonClass: 104836K(105792K)->104836K(105792K) Class: 15882K(16640K)->15882K(16640K)
[2023-11-16T06:29:09.103+0000][7][gc          ] GC(504) Pause Young (Normal) (G1 Evacuation Pause) 415M->143M(512M) 2.044ms
[2023-11-16T06:29:09.103+0000][7][gc,cpu      ] GC(504) User=0.01s Sys=0.00s Real=0.00s
[2023-11-16T06:29:09.103+0000][7][safepoint   ] Safepoint "G1CollectForAllocation", Time since last: 990435064 ns, Reaching safepoint: 106355 ns, At safepoint: 2109188 ns, Total: 2215543 ns
[2023-11-16T06:29:14.891+0000][7][gc,start    ] GC(505) Pause Young (Normal) (G1 Evacuation Pause)
[2023-11-16T06:29:14.891+0000][7][gc,task     ] GC(505) Using 8 workers of 8 for evacuation
[2023-11-16T06:29:14.891+0000][7][gc,age      ] GC(505) Desired survivor size 18874368 bytes, new threshold 15 (max threshold 15)
[2023-11-16T06:29:14.893+0000][7][gc,age      ] GC(505) Age table with threshold 15 (max threshold 15)
[2023-11-16T06:29:14.893+0000][7][gc,age      ] GC(505) - age   1:    1444960 bytes,    1444960 total
[2023-11-16T06:29:14.893+0000][7][gc,age      ] GC(505) - age   2:     339984 bytes,    1784944 total
[2023-11-16T06:29:14.893+0000][7][gc,age      ] GC(505) - age   4:     320592 bytes,    2105536 total
[2023-11-16T06:29:14.893+0000][7][gc,phases   ] GC(505)   Pre Evacuate Collection Set: 0.1ms
[2023-11-16T06:29:14.893+0000][7][gc,phases   ] GC(505)   Merge Heap Roots: 0.0ms
[2023-11-16T06:29:14.893+0000][7][gc,phases   ] GC(505)   Evacuate Collection Set: 1.3ms
[2023-11-16T06:29:14.893+0000][7][gc,phases   ] GC(505)   Post Evacuate Collection Set: 0.4ms
[2023-11-16T06:29:14.893+0000][7][gc,phases   ] GC(505)   Other: 0.2ms
[2023-11-16T06:29:14.893+0000][7][gc,heap     ] GC(505) Eden regions: 68->0(68)
[2023-11-16T06:29:14.893+0000][7][gc,heap     ] GC(505) Survivor regions: 1->1(9)
[2023-11-16T06:29:14.893+0000][7][gc,heap     ] GC(505) Old regions: 30->30
[2023-11-16T06:29:14.893+0000][7][gc,heap     ] GC(505) Archive regions: 2->2
[2023-11-16T06:29:14.893+0000][7][gc,heap     ] GC(505) Humongous regions: 5->5
[2023-11-16T06:29:14.893+0000][7][gc,metaspace] GC(505) Metaspace: 120721K(122432K)->120721K(122432K) NonClass: 104838K(105792K)->104838K(105792K) Class: 15882K(16640K)->15882K(16640K)
[2023-11-16T06:29:14.893+0000][7][gc          ] GC(505) Pause Young (Normal) (G1 Evacuation Pause) 415M->143M(512M) 2.057ms
[2023-11-16T06:29:14.893+0000][7][gc,cpu      ] GC(505) User=0.01s Sys=0.00s Real=0.00s
[2023-11-16T06:29:14.893+0000][7][safepoint   ] Safepoint "G1CollectForAllocation", Time since last: 5787194920 ns, Reaching safepoint: 64366 ns, At safepoint: 2158832 ns, Total: 2223198 ns
[2023-11-16T06:29:15.893+0000][7][safepoint   ] Safepoint "Cleanup", Time since last: 1000089097 ns, Reaching safepoint: 53764 ns, At safepoint: 4659 ns, Total: 58423 ns
[2023-11-16T06:29:16.893+0000][7][safepoint   ] Safepoint "Cleanup", Time since last: 1000086352 ns, Reaching safepoint: 51702 ns, At safepoint: 6537 ns, Total: 58239 ns
[2023-11-16T06:29:17.893+0000][7][safepoint   ] Safepoint "Cleanup", Time since last: 1000120164 ns, Reaching safepoint: 148691 ns, At safepoint: 5176 ns, Total: 153867 ns
[2023-11-16T06:29:20.192+0000][7][gc,start    ] GC(506) Pause Young (Concurrent Start) (G1 Evacuation Pause)
[2023-11-16T06:29:20.192+0000][7][gc,task     ] GC(506) Using 8 workers of 8 for evacuation
[2023-11-16T06:29:20.192+0000][7][gc,age      ] GC(506) Desired survivor size 18874368 bytes, new threshold 15 (max threshold 15)
[2023-11-16T06:29:20.194+0000][7][gc,age      ] GC(506) Age table with threshold 15 (max threshold 15)
[2023-11-16T06:29:20.194+0000][7][gc,age      ] GC(506) - age   1:    1754432 bytes,    1754432 total
[2023-11-16T06:29:20.194+0000][7][gc,age      ] GC(506) - age   2:     435816 bytes,    2190248 total
[2023-11-16T06:29:20.194+0000][7][gc,age      ] GC(506) - age   3:     130648 bytes,    2320896 total
[2023-11-16T06:29:20.194+0000][7][gc,age      ] GC(506) - age   5:      87368 bytes,    2408264 total
[2023-11-16T06:29:20.194+0000][7][gc,phases   ] GC(506)   Pre Evacuate Collection Set: 0.2ms
[2023-11-16T06:29:20.194+0000][7][gc,phases   ] GC(506)   Merge Heap Roots: 0.1ms
[2023-11-16T06:29:20.194+0000][7][gc,phases   ] GC(506)   Evacuate Collection Set: 1.8ms
[2023-11-16T06:29:20.194+0000][7][gc,phases   ] GC(506)   Post Evacuate Collection Set: 0.6ms
[2023-11-16T06:29:20.194+0000][7][gc,phases   ] GC(506)   Other: 0.2ms
[2023-11-16T06:29:20.194+0000][7][gc,heap     ] GC(506) Eden regions: 68->0(68)
[2023-11-16T06:29:20.194+0000][7][gc,heap     ] GC(506) Survivor regions: 1->1(9)
[2023-11-16T06:29:20.194+0000][7][gc,heap     ] GC(506) Old regions: 30->30
[2023-11-16T06:29:20.194+0000][7][gc,heap     ] GC(506) Archive regions: 2->2
[2023-11-16T06:29:20.194+0000][7][gc,heap     ] GC(506) Humongous regions: 5->5
[2023-11-16T06:29:20.194+0000][7][gc,metaspace] GC(506) Metaspace: 120739K(122432K)->120739K(122432K) NonClass: 104856K(105792K)->104856K(105792K) Class: 15883K(16640K)->15883K(16640K)
[2023-11-16T06:29:20.195+0000][7][gc          ] GC(506) Pause Young (Concurrent Start) (G1 Evacuation Pause) 415M->143M(512M) 2.968ms
[2023-11-16T06:29:20.195+0000][7][gc,cpu      ] GC(506) User=0.01s Sys=0.00s Real=0.00s
[2023-11-16T06:29:20.195+0000][7][safepoint   ] Safepoint "G1CollectForAllocation", Time since last: 2298034729 ns, Reaching safepoint: 40593 ns, At safepoint: 3068422 ns, Total: 3109015 ns
[2023-11-16T06:29:20.195+0000][7][gc          ] GC(507) Concurrent Mark Cycle
[2023-11-16T06:29:20.195+0000][7][gc,marking  ] GC(507) Concurrent Clear Claimed Marks
[2023-11-16T06:29:20.195+0000][7][gc,marking  ] GC(507) Concurrent Clear Claimed Marks 0.120ms
[2023-11-16T06:29:20.195+0000][7][gc,marking  ] GC(507) Concurrent Scan Root Regions
[2023-11-16T06:29:20.197+0000][7][gc,marking  ] GC(507) Concurrent Scan Root Regions 2.748ms
[2023-11-16T06:29:20.197+0000][7][gc,marking  ] GC(507) Concurrent Mark
[2023-11-16T06:29:20.198+0000][7][gc,marking  ] GC(507) Concurrent Mark From Roots
[2023-11-16T06:29:20.198+0000][7][gc,task     ] GC(507) Using 2 workers of 2 for marking
[2023-11-16T06:29:20.267+0000][7][gc,marking  ] GC(507) Concurrent Mark From Roots 69.485ms
[2023-11-16T06:29:20.267+0000][7][gc,marking  ] GC(507) Concurrent Preclean
[2023-11-16T06:29:20.267+0000][7][gc,marking  ] GC(507) Concurrent Preclean 0.255ms
[2023-11-16T06:29:20.267+0000][7][gc,start    ] GC(507) Pause Remark
[2023-11-16T06:29:20.275+0000][7][gc          ] GC(507) Pause Remark 189M->189M(512M) 7.904ms
[2023-11-16T06:29:20.275+0000][7][gc,cpu      ] GC(507) User=0.04s Sys=0.01s Real=0.01s
[2023-11-16T06:29:20.275+0000][7][safepoint   ] Safepoint "G1Concurrent", Time since last: 72773259 ns, Reaching safepoint: 34818 ns, At safepoint: 8055889 ns, Total: 8090707 ns
[2023-11-16T06:29:20.275+0000][7][gc,marking  ] GC(507) Concurrent Mark 77.922ms
[2023-11-16T06:29:20.275+0000][7][gc,marking  ] GC(507) Concurrent Rebuild Remembered Sets
[2023-11-16T06:29:20.318+0000][7][gc,marking  ] GC(507) Concurrent Rebuild Remembered Sets 42.692ms
[2023-11-16T06:29:20.318+0000][7][gc,start    ] GC(507) Pause Cleanup
[2023-11-16T06:29:20.318+0000][7][gc          ] GC(507) Pause Cleanup 201M->201M(512M) 0.073ms
[2023-11-16T06:29:20.318+0000][7][gc,cpu      ] GC(507) User=0.00s Sys=0.00s Real=0.01s
[2023-11-16T06:29:20.318+0000][7][safepoint   ] Safepoint "G1Concurrent", Time since last: 42788080 ns, Reaching safepoint: 96934 ns, At safepoint: 139513 ns, Total: 236447 ns
[2023-11-16T06:29:20.318+0000][7][gc,marking  ] GC(507) Concurrent Cleanup for Next Mark
[2023-11-16T06:29:20.319+0000][7][gc,marking  ] GC(507) Concurrent Cleanup for Next Mark 0.390ms
[2023-11-16T06:29:20.319+0000][7][gc          ] GC(507) Concurrent Mark Cycle 124.288ms
[2023-11-16T06:29:25.319+0000][7][safepoint   ] Safepoint "Cleanup", Time since last: 5000776347 ns, Reaching safepoint: 149802 ns, At safepoint: 27139 ns, Total: 176941 ns
[2023-11-16T06:29:26.296+0000][7][gc,start    ] GC(508) Pause Young (Prepare Mixed) (G1 Evacuation Pause)
[2023-11-16T06:29:26.296+0000][7][gc,task     ] GC(508) Using 8 workers of 8 for evacuation
[2023-11-16T06:29:26.296+0000][7][gc,age      ] GC(508) Desired survivor size 18874368 bytes, new threshold 15 (max threshold 15)
[2023-11-16T06:29:26.298+0000][7][gc,age      ] GC(508) Age table with threshold 15 (max threshold 15)
[2023-11-16T06:29:26.298+0000][7][gc,age      ] GC(508) - age   1:    2256464 bytes,    2256464 total
[2023-11-16T06:29:26.298+0000][7][gc,age      ] GC(508) - age   2:     212360 bytes,    2468824 total
[2023-11-16T06:29:26.298+0000][7][gc,age      ] GC(508) - age   3:     135312 bytes,    2604136 total
[2023-11-16T06:29:26.298+0000][7][gc,age      ] GC(508) - age   4:       3048 bytes,    2607184 total
[2023-11-16T06:29:26.298+0000][7][gc,age      ] GC(508) - age   6:      16168 bytes,    2623352 total
[2023-11-16T06:29:26.298+0000][7][gc,phases   ] GC(508)   Pre Evacuate Collection Set: 0.1ms
[2023-11-16T06:29:26.298+0000][7][gc,phases   ] GC(508)   Merge Heap Roots: 0.1ms
[2023-11-16T06:29:26.298+0000][7][gc,phases   ] GC(508)   Evacuate Collection Set: 1.6ms
[2023-11-16T06:29:26.298+0000][7][gc,phases   ] GC(508)   Post Evacuate Collection Set: 0.5ms
[2023-11-16T06:29:26.298+0000][7][gc,phases   ] GC(508)   Other: 0.3ms
[2023-11-16T06:29:26.298+0000][7][gc,heap     ] GC(508) Eden regions: 68->0(5)
[2023-11-16T06:29:26.298+0000][7][gc,heap     ] GC(508) Survivor regions: 1->1(9)
[2023-11-16T06:29:26.298+0000][7][gc,heap     ] GC(508) Old regions: 30->30
[2023-11-16T06:29:26.298+0000][7][gc,heap     ] GC(508) Archive regions: 2->2
[2023-11-16T06:29:26.298+0000][7][gc,heap     ] GC(508) Humongous regions: 5->5
[2023-11-16T06:29:26.298+0000][7][gc,metaspace] GC(508) Metaspace: 120739K(122432K)->120739K(122432K) NonClass: 104856K(105792K)->104856K(105792K) Class: 15883K(16640K)->15883K(16640K)
[2023-11-16T06:29:26.298+0000][7][gc          ] GC(508) Pause Young (Prepare Mixed) (G1 Evacuation Pause) 415M->144M(512M) 2.501ms
[2023-11-16T06:29:26.298+0000][7][gc,cpu      ] GC(508) User=0.01s Sys=0.00s Real=0.01s
[2023-11-16T06:29:26.298+0000][7][safepoint   ] Safepoint "G1CollectForAllocation", Time since last: 976447044 ns, Reaching safepoint: 36211 ns, At safepoint: 2594845 ns, Total: 2631056 ns
[2023-11-16T06:29:27.249+0000][7][gc,start    ] GC(509) Pause Young (Mixed) (G1 Evacuation Pause)
[2023-11-16T06:29:27.249+0000][7][gc,task     ] GC(509) Using 8 workers of 8 for evacuation
[2023-11-16T06:29:27.249+0000][7][gc,age      ] GC(509) Desired survivor size 2097152 bytes, new threshold 1 (max threshold 15)
[2023-11-16T06:29:27.251+0000][7][gc,age      ] GC(509) Age table with threshold 1 (max threshold 15)
[2023-11-16T06:29:27.251+0000][7][gc,age      ] GC(509) - age   1:     560472 bytes,     560472 total
[2023-11-16T06:29:27.252+0000][7][gc,phases   ] GC(509)   Pre Evacuate Collection Set: 0.1ms
[2023-11-16T06:29:27.252+0000][7][gc,phases   ] GC(509)   Merge Heap Roots: 0.1ms
[2023-11-16T06:29:27.252+0000][7][gc,phases   ] GC(509)   Evacuate Collection Set: 2.3ms
[2023-11-16T06:29:27.252+0000][7][gc,phases   ] GC(509)   Post Evacuate Collection Set: 0.5ms
[2023-11-16T06:29:27.252+0000][7][gc,phases   ] GC(509)   Other: 0.2ms
[2023-11-16T06:29:27.252+0000][7][gc,heap     ] GC(509) Eden regions: 5->0(68)
[2023-11-16T06:29:27.252+0000][7][gc,heap     ] GC(509) Survivor regions: 1->1(1)
[2023-11-16T06:29:27.252+0000][7][gc,heap     ] GC(509) Old regions: 30->30
[2023-11-16T06:29:27.252+0000][7][gc,heap     ] GC(509) Archive regions: 2->2
[2023-11-16T06:29:27.252+0000][7][gc,heap     ] GC(509) Humongous regions: 5->5
[2023-11-16T06:29:27.252+0000][7][gc,metaspace] GC(509) Metaspace: 120739K(122432K)->120739K(122432K) NonClass: 104856K(105792K)->104856K(105792K) Class: 15883K(16640K)->15883K(16640K)
[2023-11-16T06:29:27.252+0000][7][gc          ] GC(509) Pause Young (Mixed) (G1 Evacuation Pause) 163M->141M(512M) 3.063ms
[2023-11-16T06:29:27.252+0000][7][gc,cpu      ] GC(509) User=0.01s Sys=0.00s Real=0.00s
[2023-11-16T06:29:27.252+0000][7][safepoint   ] Safepoint "G1CollectForAllocation", Time since last: 949937851 ns, Reaching safepoint: 31229 ns, At safepoint: 3164077 ns, Total: 3195306 ns
[2023-11-16T06:29:29.252+0000][7][safepoint   ] Safepoint "Cleanup", Time since last: 2000194801 ns, Reaching safepoint: 45055 ns, At safepoint: 2875 ns, Total: 47930 ns
[2023-11-16T06:29:30.252+0000][7][safepoint   ] Safepoint "Cleanup", Time since last: 1000098834 ns, Reaching safepoint: 75012 ns, At safepoint: 6612 ns, Total: 81624 ns
[2023-11-16T06:29:33.602+0000][7][gc,start    ] GC(510) Pause Young (Normal) (G1 Evacuation Pause)
[2023-11-16T06:29:33.602+0000][7][gc,task     ] GC(510) Using 8 workers of 8 for evacuation
[2023-11-16T06:29:33.602+0000][7][gc,age      ] GC(510) Desired survivor size 18874368 bytes, new threshold 15 (max threshold 15)
[2023-11-16T06:29:33.605+0000][7][gc,age      ] GC(510) Age table with threshold 15 (max threshold 15)
[2023-11-16T06:29:33.605+0000][7][gc,age      ] GC(510) - age   1:    1501208 bytes,    1501208 total
[2023-11-16T06:29:33.605+0000][7][gc,age      ] GC(510) - age   2:     205976 bytes,    1707184 total
[2023-11-16T06:29:33.605+0000][7][gc,phases   ] GC(510)   Pre Evacuate Collection Set: 0.1ms
[2023-11-16T06:29:33.605+0000][7][gc,phases   ] GC(510)   Merge Heap Roots: 0.1ms
[2023-11-16T06:29:33.605+0000][7][gc,phases   ] GC(510)   Evacuate Collection Set: 1.4ms
[2023-11-16T06:29:33.605+0000][7][gc,phases   ] GC(510)   Post Evacuate Collection Set: 0.7ms
[2023-11-16T06:29:33.605+0000][7][gc,phases   ] GC(510)   Other: 0.2ms
[2023-11-16T06:29:33.605+0000][7][gc,heap     ] GC(510) Eden regions: 68->0(68)
[2023-11-16T06:29:33.605+0000][7][gc,heap     ] GC(510) Survivor regions: 1->1(9)
[2023-11-16T06:29:33.605+0000][7][gc,heap     ] GC(510) Old regions: 30->30
[2023-11-16T06:29:33.605+0000][7][gc,heap     ] GC(510) Archive regions: 2->2
[2023-11-16T06:29:33.605+0000][7][gc,heap     ] GC(510) Humongous regions: 5->5
[2023-11-16T06:29:33.605+0000][7][gc,metaspace] GC(510) Metaspace: 120743K(122432K)->120743K(122432K) NonClass: 104859K(105792K)->104859K(105792K) Class: 15883K(16640K)->15883K(16640K)
[2023-11-16T06:29:33.605+0000][7][gc          ] GC(510) Pause Young (Normal) (G1 Evacuation Pause) 413M->142M(512M) 2.486ms
[2023-11-16T06:29:33.605+0000][7][gc,cpu      ] GC(510) User=0.01s Sys=0.00s Real=0.00s
[2023-11-16T06:29:33.605+0000][7][safepoint   ] Safepoint "G1CollectForAllocation", Time since last: 3350054292 ns, Reaching safepoint: 65561 ns, At safepoint: 2578131 ns, Total: 2643692 ns
[2023-11-16T06:29:38.605+0000][7][safepoint   ] Safepoint "Cleanup", Time since last: 5000582198 ns, Reaching safepoint: 108047 ns, At safepoint: 8538 ns, Total: 116585 ns
[2023-11-16T06:29:39.289+0000][7][gc,start    ] GC(511) Pause Young (Normal) (G1 Evacuation Pause)
[2023-11-16T06:29:39.289+0000][7][gc,task     ] GC(511) Using 8 workers of 8 for evacuation
[2023-11-16T06:29:39.289+0000][7][gc,age      ] GC(511) Desired survivor size 18874368 bytes, new threshold 15 (max threshold 15)
[2023-11-16T06:29:39.291+0000][7][gc,age      ] GC(511) Age table with threshold 15 (max threshold 15)
[2023-11-16T06:29:39.291+0000][7][gc,age      ] GC(511) - age   1:    1741592 bytes,    1741592 total
[2023-11-16T06:29:39.291+0000][7][gc,age      ] GC(511) - age   2:     563760 bytes,    2305352 total
[2023-11-16T06:29:39.291+0000][7][gc,age      ] GC(511) - age   3:      82856 bytes,    2388208 total
[2023-11-16T06:29:39.291+0000][7][gc,phases   ] GC(511)   Pre Evacuate Collection Set: 0.1ms
[2023-11-16T06:29:39.291+0000][7][gc,phases   ] GC(511)   Merge Heap Roots: 0.0ms
[2023-11-16T06:29:39.291+0000][7][gc,phases   ] GC(511)   Evacuate Collection Set: 1.4ms
[2023-11-16T06:29:39.291+0000][7][gc,phases   ] GC(511)   Post Evacuate Collection Set: 0.6ms
[2023-11-16T06:29:39.291+0000][7][gc,phases   ] GC(511)   Other: 0.2ms
[2023-11-16T06:29:39.291+0000][7][gc,heap     ] GC(511) Eden regions: 68->0(68)
[2023-11-16T06:29:39.291+0000][7][gc,heap     ] GC(511) Survivor regions: 1->1(9)
[2023-11-16T06:29:39.291+0000][7][gc,heap     ] GC(511) Old regions: 30->30
[2023-11-16T06:29:39.291+0000][7][gc,heap     ] GC(511) Archive regions: 2->2
[2023-11-16T06:29:39.291+0000][7][gc,heap     ] GC(511) Humongous regions: 5->5
[2023-11-16T06:29:39.291+0000][7][gc,metaspace] GC(511) Metaspace: 120743K(122432K)->120743K(122432K) NonClass: 104859K(105792K)->104859K(105792K) Class: 15883K(16640K)->15883K(16640K)
[2023-11-16T06:29:39.292+0000][7][gc          ] GC(511) Pause Young (Normal) (G1 Evacuation Pause) 414M->143M(512M) 2.454ms
[2023-11-16T06:29:39.292+0000][7][gc,cpu      ] GC(511) User=0.01s Sys=0.00s Real=0.00s
[2023-11-16T06:29:39.292+0000][7][safepoint   ] Safepoint "G1CollectForAllocation", Time since last: 683517326 ns, Reaching safepoint: 99393 ns, At safepoint: 2535051 ns, Total: 2634444 ns
[2023-11-16T06:29:47.419+0000][7][gc,start    ] GC(512) Pause Young (Concurrent Start) (G1 Evacuation Pause)
[2023-11-16T06:29:47.419+0000][7][gc,task     ] GC(512) Using 8 workers of 8 for evacuation
[2023-11-16T06:29:47.420+0000][7][gc,age      ] GC(512) Desired survivor size 18874368 bytes, new threshold 15 (max threshold 15)
[2023-11-16T06:29:47.422+0000][7][gc,age      ] GC(512) Age table with threshold 15 (max threshold 15)
[2023-11-16T06:29:47.422+0000][7][gc,age      ] GC(512) - age   1:    2242232 bytes,    2242232 total
[2023-11-16T06:29:47.422+0000][7][gc,age      ] GC(512) - age   2:     493208 bytes,    2735440 total
[2023-11-16T06:29:47.422+0000][7][gc,age      ] GC(512) - age   3:     168632 bytes,    2904072 total
[2023-11-16T06:29:47.422+0000][7][gc,age      ] GC(512) - age   4:      82760 bytes,    2986832 total
[2023-11-16T06:29:47.422+0000][7][gc,phases   ] GC(512)   Pre Evacuate Collection Set: 0.2ms
[2023-11-16T06:29:47.422+0000][7][gc,phases   ] GC(512)   Merge Heap Roots: 0.1ms
[2023-11-16T06:29:47.422+0000][7][gc,phases   ] GC(512)   Evacuate Collection Set: 1.9ms
[2023-11-16T06:29:47.422+0000][7][gc,phases   ] GC(512)   Post Evacuate Collection Set: 0.6ms
[2023-11-16T06:29:47.422+0000][7][gc,phases   ] GC(512)   Other: 0.2ms
[2023-11-16T06:29:47.422+0000][7][gc,heap     ] GC(512) Eden regions: 68->0(68)
[2023-11-16T06:29:47.422+0000][7][gc,heap     ] GC(512) Survivor regions: 1->1(9)
[2023-11-16T06:29:47.422+0000][7][gc,heap     ] GC(512) Old regions: 30->30
[2023-11-16T06:29:47.422+0000][7][gc,heap     ] GC(512) Archive regions: 2->2
[2023-11-16T06:29:47.422+0000][7][gc,heap     ] GC(512) Humongous regions: 5->5
[2023-11-16T06:29:47.422+0000][7][gc,metaspace] GC(512) Metaspace: 120743K(122432K)->120743K(122432K) NonClass: 104859K(105792K)->104859K(105792K) Class: 15883K(16640K)->15883K(16640K)
[2023-11-16T06:29:47.422+0000][7][gc          ] GC(512) Pause Young (Concurrent Start) (G1 Evacuation Pause) 415M->143M(512M) 2.975ms
[2023-11-16T06:29:47.422+0000][7][gc,cpu      ] GC(512) User=0.01s Sys=0.01s Real=0.00s
[2023-11-16T06:29:47.422+0000][7][gc          ] GC(513) Concurrent Mark Cycle
[2023-11-16T06:29:47.422+0000][7][gc,marking  ] GC(513) Concurrent Clear Claimed Marks
[2023-11-16T06:29:47.422+0000][7][safepoint   ] Safepoint "G1CollectForAllocation", Time since last: 8127756810 ns, Reaching safepoint: 83106 ns, At safepoint: 3057552 ns, Total: 3140658 ns
[2023-11-16T06:29:47.423+0000][7][gc,marking  ] GC(513) Concurrent Clear Claimed Marks 0.115ms
[2023-11-16T06:29:47.423+0000][7][gc,marking  ] GC(513) Concurrent Scan Root Regions
[2023-11-16T06:29:47.428+0000][7][gc,marking  ] GC(513) Concurrent Scan Root Regions 5.056ms
[2023-11-16T06:29:47.428+0000][7][gc,marking  ] GC(513) Concurrent Mark
[2023-11-16T06:29:47.428+0000][7][gc,marking  ] GC(513) Concurrent Mark From Roots
[2023-11-16T06:29:47.428+0000][7][gc,task     ] GC(513) Using 2 workers of 2 for marking
[2023-11-16T06:29:47.507+0000][7][gc,marking  ] GC(513) Concurrent Mark From Roots 78.942ms
[2023-11-16T06:29:47.507+0000][7][gc,marking  ] GC(513) Concurrent Preclean
[2023-11-16T06:29:47.507+0000][7][gc,marking  ] GC(513) Concurrent Preclean 0.213ms
[2023-11-16T06:29:47.507+0000][7][gc,start    ] GC(513) Pause Remark
[2023-11-16T06:29:47.513+0000][7][gc          ] GC(513) Pause Remark 197M->197M(512M) 6.088ms
[2023-11-16T06:29:47.513+0000][7][gc,cpu      ] GC(513) User=0.04s Sys=0.00s Real=0.01s
[2023-11-16T06:29:47.513+0000][7][safepoint   ] Safepoint "G1Concurrent", Time since last: 84426226 ns, Reaching safepoint: 105777 ns, At safepoint: 6225772 ns, Total: 6331549 ns
[2023-11-16T06:29:47.513+0000][7][gc,marking  ] GC(513) Concurrent Mark 85.602ms
[2023-11-16T06:29:47.513+0000][7][gc,marking  ] GC(513) Concurrent Rebuild Remembered Sets
[2023-11-16T06:29:47.550+0000][7][gc,marking  ] GC(513) Concurrent Rebuild Remembered Sets 36.536ms
[2023-11-16T06:29:47.550+0000][7][gc,start    ] GC(513) Pause Cleanup
[2023-11-16T06:29:47.550+0000][7][gc          ] GC(513) Pause Cleanup 217M->217M(512M) 0.067ms
[2023-11-16T06:29:47.550+0000][7][gc,cpu      ] GC(513) User=0.00s Sys=0.00s Real=0.00s
[2023-11-16T06:29:47.550+0000][7][safepoint   ] Safepoint "G1Concurrent", Time since last: 36670874 ns, Reaching safepoint: 108386 ns, At safepoint: 151984 ns, Total: 260370 ns
[2023-11-16T06:29:47.550+0000][7][gc,marking  ] GC(513) Concurrent Cleanup for Next Mark
[2023-11-16T06:29:47.551+0000][7][gc,marking  ] GC(513) Concurrent Cleanup for Next Mark 0.809ms
[2023-11-16T06:29:47.551+0000][7][gc          ] GC(513) Concurrent Mark Cycle 128.570ms
[2023-11-16T06:29:53.551+0000][7][safepoint   ] Safepoint "Cleanup", Time since last: 6000751940 ns, Reaching safepoint: 77491 ns, At safepoint: 18368 ns, Total: 95859 ns
[2023-11-16T06:29:55.551+0000][7][safepoint   ] Safepoint "Cleanup", Time since last: 2000217760 ns, Reaching safepoint: 136076 ns, At safepoint: 5260 ns, Total: 141336 ns
[2023-11-16T06:29:59.300+0000][7][gc,start    ] GC(514) Pause Young (Prepare Mixed) (G1 Evacuation Pause)
[2023-11-16T06:29:59.300+0000][7][gc,task     ] GC(514) Using 8 workers of 8 for evacuation
[2023-11-16T06:29:59.300+0000][7][gc,age      ] GC(514) Desired survivor size 18874368 bytes, new threshold 15 (max threshold 15)
[2023-11-16T06:29:59.302+0000][7][gc,age      ] GC(514) Age table with threshold 15 (max threshold 15)
[2023-11-16T06:29:59.302+0000][7][gc,age      ] GC(514) - age   1:    1887152 bytes,    1887152 total
[2023-11-16T06:29:59.302+0000][7][gc,age      ] GC(514) - age   2:     920832 bytes,    2807984 total
[2023-11-16T06:29:59.302+0000][7][gc,age      ] GC(514) - age   3:     149872 bytes,    2957856 total
[2023-11-16T06:29:59.302+0000][7][gc,age      ] GC(514) - age   4:     154144 bytes,    3112000 total
[2023-11-16T06:29:59.302+0000][7][gc,age      ] GC(514) - age   5:      15264 bytes,    3127264 total
[2023-11-16T06:29:59.302+0000][7][gc,phases   ] GC(514)   Pre Evacuate Collection Set: 0.1ms
[2023-11-16T06:29:59.302+0000][7][gc,phases   ] GC(514)   Merge Heap Roots: 0.0ms
[2023-11-16T06:29:59.302+0000][7][gc,phases   ] GC(514)   Evacuate Collection Set: 1.7ms
[2023-11-16T06:29:59.302+0000][7][gc,phases   ] GC(514)   Post Evacuate Collection Set: 0.6ms
[2023-11-16T06:29:59.302+0000][7][gc,phases   ] GC(514)   Other: 0.2ms
[2023-11-16T06:29:59.302+0000][7][gc,heap     ] GC(514) Eden regions: 68->0(5)
[2023-11-16T06:29:59.302+0000][7][gc,heap     ] GC(514) Survivor regions: 1->1(9)
[2023-11-16T06:29:59.302+0000][7][gc,heap     ] GC(514) Old regions: 30->30
[2023-11-16T06:29:59.302+0000][7][gc,heap     ] GC(514) Archive regions: 2->2
[2023-11-16T06:29:59.302+0000][7][gc,heap     ] GC(514) Humongous regions: 5->5
[2023-11-16T06:29:59.302+0000][7][gc,metaspace] GC(514) Metaspace: 120743K(122432K)->120743K(122432K) NonClass: 104859K(105792K)->104859K(105792K) Class: 15883K(16640K)->15883K(16640K)
[2023-11-16T06:29:59.302+0000][7][gc          ] GC(514) Pause Young (Prepare Mixed) (G1 Evacuation Pause) 415M->144M(512M) 2.663ms
[2023-11-16T06:29:59.302+0000][7][gc,cpu      ] GC(514) User=0.01s Sys=0.00s Real=0.00s
[2023-11-16T06:29:59.302+0000][7][safepoint   ] Safepoint "G1CollectForAllocation", Time since last: 3748203145 ns, Reaching safepoint: 23182 ns, At safepoint: 2845761 ns, Total: 2868943 ns
[2023-11-16T06:30:00.194+0000][7][gc,start    ] GC(515) Pause Young (Mixed) (G1 Evacuation Pause)
[2023-11-16T06:30:00.194+0000][7][gc,task     ] GC(515) Using 8 workers of 8 for evacuation
[2023-11-16T06:30:00.194+0000][7][gc,age      ] GC(515) Desired survivor size 2097152 bytes, new threshold 2 (max threshold 15)
[2023-11-16T06:30:00.197+0000][7][gc,age      ] GC(515) Age table with threshold 2 (max threshold 15)
[2023-11-16T06:30:00.197+0000][7][gc,age      ] GC(515) - age   1:     235672 bytes,     235672 total
[2023-11-16T06:30:00.197+0000][7][gc,age      ] GC(515) - age   2:    1444160 bytes,    1679832 total
[2023-11-16T06:30:00.198+0000][7][gc,phases   ] GC(515)   Pre Evacuate Collection Set: 0.1ms
[2023-11-16T06:30:00.198+0000][7][gc,phases   ] GC(515)   Merge Heap Roots: 0.1ms
[2023-11-16T06:30:00.198+0000][7][gc,phases   ] GC(515)   Evacuate Collection Set: 2.7ms
[2023-11-16T06:30:00.198+0000][7][gc,phases   ] GC(515)   Post Evacuate Collection Set: 0.7ms
[2023-11-16T06:30:00.198+0000][7][gc,phases   ] GC(515)   Other: 0.2ms
[2023-11-16T06:30:00.198+0000][7][gc,heap     ] GC(515) Eden regions: 5->0(69)
[2023-11-16T06:30:00.198+0000][7][gc,heap     ] GC(515) Survivor regions: 1->1(1)
[2023-11-16T06:30:00.198+0000][7][gc,heap     ] GC(515) Old regions: 30->29
[2023-11-16T06:30:00.198+0000][7][gc,heap     ] GC(515) Archive regions: 2->2
[2023-11-16T06:30:00.198+0000][7][gc,heap     ] GC(515) Humongous regions: 5->5
[2023-11-16T06:30:00.198+0000][7][gc,metaspace] GC(515) Metaspace: 120743K(122432K)->120743K(122432K) NonClass: 104859K(105792K)->104859K(105792K) Class: 15883K(16640K)->15883K(16640K)
[2023-11-16T06:30:00.198+0000][7][gc          ] GC(515) Pause Young (Mixed) (G1 Evacuation Pause) 164M->141M(512M) 3.709ms
[2023-11-16T06:30:00.198+0000][7][gc,cpu      ] GC(515) User=0.02s Sys=0.00s Real=0.00s
[2023-11-16T06:30:00.198+0000][7][safepoint   ] Safepoint "G1CollectForAllocation", Time since last: 891371959 ns, Reaching safepoint: 32986 ns, At safepoint: 3803838 ns, Total: 3836824 ns
[2023-11-16T06:30:01.198+0000][7][safepoint   ] Safepoint "Cleanup", Time since last: 1000147089 ns, Reaching safepoint: 161484 ns, At safepoint: 3191 ns, Total: 164675 ns
[2023-11-16T06:30:07.552+0000][7][gc,start    ] GC(516) Pause Young (Normal) (G1 Evacuation Pause)
[2023-11-16T06:30:07.552+0000][7][gc,task     ] GC(516) Using 8 workers of 8 for evacuation
[2023-11-16T06:30:07.552+0000][7][gc,age      ] GC(516) Desired survivor size 18874368 bytes, new threshold 15 (max threshold 15)
[2023-11-16T06:30:07.559+0000][7][gc,age      ] GC(516) Age table with threshold 15 (max threshold 15)
[2023-11-16T06:30:07.559+0000][7][gc,age      ] GC(516) - age   1:    1860536 bytes,    1860536 total
[2023-11-16T06:30:07.559+0000][7][gc,age      ] GC(516) - age   2:     107904 bytes,    1968440 total
[2023-11-16T06:30:07.559+0000][7][gc,age      ] GC(516) - age   3:     281208 bytes,    2249648 total
[2023-11-16T06:30:07.559+0000][7][gc,phases   ] GC(516)   Pre Evacuate Collection Set: 0.1ms
[2023-11-16T06:30:07.559+0000][7][gc,phases   ] GC(516)   Merge Heap Roots: 0.0ms
[2023-11-16T06:30:07.559+0000][7][gc,phases   ] GC(516)   Evacuate Collection Set: 5.8ms
[2023-11-16T06:30:07.559+0000][7][gc,phases   ] GC(516)   Post Evacuate Collection Set: 0.6ms
[2023-11-16T06:30:07.559+0000][7][gc,phases   ] GC(516)   Other: 0.2ms
[2023-11-16T06:30:07.559+0000][7][gc,heap     ] GC(516) Eden regions: 69->0(69)
[2023-11-16T06:30:07.559+0000][7][gc,heap     ] GC(516) Survivor regions: 1->1(9)
[2023-11-16T06:30:07.559+0000][7][gc,heap     ] GC(516) Old regions: 29->29
[2023-11-16T06:30:07.559+0000][7][gc,heap     ] GC(516) Archive regions: 2->2
[2023-11-16T06:30:07.559+0000][7][gc,heap     ] GC(516) Humongous regions: 5->5
[2023-11-16T06:30:07.559+0000][7][gc,metaspace] GC(516) Metaspace: 120743K(122432K)->120743K(122432K) NonClass: 104859K(105792K)->104859K(105792K) Class: 15883K(16640K)->15883K(16640K)
[2023-11-16T06:30:07.559+0000][7][gc          ] GC(516) Pause Young (Normal) (G1 Evacuation Pause) 417M->142M(512M) 6.802ms
[2023-11-16T06:30:07.559+0000][7][gc,cpu      ] GC(516) User=0.01s Sys=0.02s Real=0.01s
[2023-11-16T06:30:07.559+0000][7][safepoint   ] Safepoint "G1CollectForAllocation", Time since last: 6354325261 ns, Reaching safepoint: 26161 ns, At safepoint: 6907381 ns, Total: 6933542 ns
[2023-11-16T06:30:08.559+0000][7][safepoint   ] Safepoint "Cleanup", Time since last: 1000112389 ns, Reaching safepoint: 145185 ns, At safepoint: 6779 ns, Total: 151964 ns
[2023-11-16T06:30:14.555+0000][7][gc,start    ] GC(517) Pause Young (Normal) (G1 Evacuation Pause)
[2023-11-16T06:30:14.555+0000][7][gc,task     ] GC(517) Using 8 workers of 8 for evacuation
[2023-11-16T06:30:14.555+0000][7][gc,age      ] GC(517) Desired survivor size 18874368 bytes, new threshold 15 (max threshold 15)
[2023-11-16T06:30:14.557+0000][7][gc,age      ] GC(517) Age table with threshold 15 (max threshold 15)
[2023-11-16T06:30:14.557+0000][7][gc,age      ] GC(517) - age   1:    1624696 bytes,    1624696 total
[2023-11-16T06:30:14.557+0000][7][gc,age      ] GC(517) - age   2:     341288 bytes,    1965984 total
[2023-11-16T06:30:14.557+0000][7][gc,age      ] GC(517) - age   3:     107720 bytes,    2073704 total
[2023-11-16T06:30:14.557+0000][7][gc,age      ] GC(517) - age   4:     279040 bytes,    2352744 total
[2023-11-16T06:30:14.558+0000][7][gc,phases   ] GC(517)   Pre Evacuate Collection Set: 0.1ms
[2023-11-16T06:30:14.558+0000][7][gc,phases   ] GC(517)   Merge Heap Roots: 0.2ms
[2023-11-16T06:30:14.558+0000][7][gc,phases   ] GC(517)   Evacuate Collection Set: 1.3ms
[2023-11-16T06:30:14.558+0000][7][gc,phases   ] GC(517)   Post Evacuate Collection Set: 0.5ms
[2023-11-16T06:30:14.558+0000][7][gc,phases   ] GC(517)   Other: 0.2ms
[2023-11-16T06:30:14.558+0000][7][gc,heap     ] GC(517) Eden regions: 69->0(69)
[2023-11-16T06:30:14.558+0000][7][gc,heap     ] GC(517) Survivor regions: 1->1(9)
[2023-11-16T06:30:14.558+0000][7][gc,heap     ] GC(517) Old regions: 29->29
[2023-11-16T06:30:14.558+0000][7][gc,heap     ] GC(517) Archive regions: 2->2
[2023-11-16T06:30:14.558+0000][7][gc,heap     ] GC(517) Humongous regions: 5->5
[2023-11-16T06:30:14.558+0000][7][gc,metaspace] GC(517) Metaspace: 120743K(122432K)->120743K(122432K) NonClass: 104859K(105792K)->104859K(105792K) Class: 15883K(16640K)->15883K(16640K)
[2023-11-16T06:30:14.558+0000][7][gc          ] GC(517) Pause Young (Normal) (G1 Evacuation Pause) 418M->142M(512M) 2.227ms
[2023-11-16T06:30:14.558+0000][7][gc,cpu      ] GC(517) User=0.01s Sys=0.00s Real=0.00s
[2023-11-16T06:30:14.558+0000][7][safepoint   ] Safepoint "G1CollectForAllocation", Time since last: 5995727728 ns, Reaching safepoint: 70618 ns, At safepoint: 2344725 ns, Total: 2415343 ns
[2023-11-16T06:30:16.560+0000][7][safepoint   ] Safepoint "Cleanup", Time since last: 2000365606 ns, Reaching safepoint: 2169349 ns, At safepoint: 3912 ns, Total: 2173261 ns
[2023-11-16T06:30:17.561+0000][7][safepoint   ] Safepoint "Cleanup", Time since last: 1000135013 ns, Reaching safepoint: 198279 ns, At safepoint: 28929 ns, Total: 227208 ns
[2023-11-16T06:30:18.561+0000][7][safepoint   ] Safepoint "Cleanup", Time since last: 1000125534 ns, Reaching safepoint: 64145 ns, At safepoint: 7931 ns, Total: 72076 ns
[2023-11-16T06:30:19.200+0000][7][gc,start    ] GC(518) Pause Young (Concurrent Start) (G1 Evacuation Pause)
[2023-11-16T06:30:19.200+0000][7][gc,task     ] GC(518) Using 8 workers of 8 for evacuation
[2023-11-16T06:30:19.201+0000][7][gc,age      ] GC(518) Desired survivor size 18874368 bytes, new threshold 15 (max threshold 15)
[2023-11-16T06:30:19.203+0000][7][gc,age      ] GC(518) Age table with threshold 15 (max threshold 15)
[2023-11-16T06:30:19.203+0000][7][gc,age      ] GC(518) - age   1:    1829776 bytes,    1829776 total
[2023-11-16T06:30:19.203+0000][7][gc,age      ] GC(518) - age   2:     376264 bytes,    2206040 total
[2023-11-16T06:30:19.203+0000][7][gc,age      ] GC(518) - age   3:     338920 bytes,    2544960 total
[2023-11-16T06:30:19.203+0000][7][gc,age      ] GC(518) - age   4:     107720 bytes,    2652680 total
[2023-11-16T06:30:19.203+0000][7][gc,age      ] GC(518) - age   5:     278568 bytes,    2931248 total
[2023-11-16T06:30:19.203+0000][7][gc,phases   ] GC(518)   Pre Evacuate Collection Set: 0.1ms
[2023-11-16T06:30:19.203+0000][7][gc,phases   ] GC(518)   Merge Heap Roots: 0.1ms
[2023-11-16T06:30:19.203+0000][7][gc,phases   ] GC(518)   Evacuate Collection Set: 2.0ms
[2023-11-16T06:30:19.203+0000][7][gc,phases   ] GC(518)   Post Evacuate Collection Set: 0.6ms
[2023-11-16T06:30:19.203+0000][7][gc,phases   ] GC(518)   Other: 0.3ms
[2023-11-16T06:30:19.203+0000][7][gc,heap     ] GC(518) Eden regions: 69->0(69)
[2023-11-16T06:30:19.203+0000][7][gc,heap     ] GC(518) Survivor regions: 1->1(9)
[2023-11-16T06:30:19.203+0000][7][gc,heap     ] GC(518) Old regions: 29->29
[2023-11-16T06:30:19.203+0000][7][gc,heap     ] GC(518) Archive regions: 2->2
[2023-11-16T06:30:19.203+0000][7][gc,heap     ] GC(518) Humongous regions: 5->5
[2023-11-16T06:30:19.203+0000][7][gc,metaspace] GC(518) Metaspace: 120743K(122432K)->120743K(122432K) NonClass: 104859K(105792K)->104859K(105792K) Class: 15883K(16640K)->15883K(16640K)
[2023-11-16T06:30:19.204+0000][7][gc          ] GC(518) Pause Young (Concurrent Start) (G1 Evacuation Pause) 418M->142M(512M) 3.055ms
[2023-11-16T06:30:19.204+0000][7][gc,cpu      ] GC(518) User=0.02s Sys=0.00s Real=0.00s
[2023-11-16T06:30:19.204+0000][7][safepoint   ] Safepoint "G1CollectForAllocation", Time since last: 639570528 ns, Reaching safepoint: 113011 ns, At safepoint: 3146882 ns, Total: 3259893 ns
[2023-11-16T06:30:19.204+0000][7][gc          ] GC(519) Concurrent Mark Cycle
[2023-11-16T06:30:19.204+0000][7][gc,marking  ] GC(519) Concurrent Clear Claimed Marks
[2023-11-16T06:30:19.204+0000][7][gc,marking  ] GC(519) Concurrent Clear Claimed Marks 0.133ms
[2023-11-16T06:30:19.204+0000][7][gc,marking  ] GC(519) Concurrent Scan Root Regions
[2023-11-16T06:30:19.206+0000][7][gc,marking  ] GC(519) Concurrent Scan Root Regions 2.664ms
[2023-11-16T06:30:19.206+0000][7][gc,marking  ] GC(519) Concurrent Mark
[2023-11-16T06:30:19.206+0000][7][gc,marking  ] GC(519) Concurrent Mark From Roots
[2023-11-16T06:30:19.206+0000][7][gc,task     ] GC(519) Using 2 workers of 2 for marking
[2023-11-16T06:30:19.281+0000][7][gc,marking  ] GC(519) Concurrent Mark From Roots 74.485ms
[2023-11-16T06:30:19.281+0000][7][gc,marking  ] GC(519) Concurrent Preclean
[2023-11-16T06:30:19.281+0000][7][gc,marking  ] GC(519) Concurrent Preclean 0.309ms
[2023-11-16T06:30:19.281+0000][7][gc,start    ] GC(519) Pause Remark
[2023-11-16T06:30:19.290+0000][7][gc          ] GC(519) Pause Remark 146M->146M(512M) 9.002ms
[2023-11-16T06:30:19.291+0000][7][gc,cpu      ] GC(519) User=0.05s Sys=0.00s Real=0.01s
[2023-11-16T06:30:19.291+0000][7][safepoint   ] Safepoint "G1Concurrent", Time since last: 77809521 ns, Reaching safepoint: 82683 ns, At safepoint: 9121698 ns, Total: 9204381 ns
[2023-11-16T06:30:19.291+0000][7][gc,marking  ] GC(519) Concurrent Mark 84.154ms
[2023-11-16T06:30:19.291+0000][7][gc,marking  ] GC(519) Concurrent Rebuild Remembered Sets
[2023-11-16T06:30:19.330+0000][7][gc,marking  ] GC(519) Concurrent Rebuild Remembered Sets 39.518ms
[2023-11-16T06:30:19.330+0000][7][gc,start    ] GC(519) Pause Cleanup
[2023-11-16T06:30:19.330+0000][7][gc          ] GC(519) Pause Cleanup 150M->150M(512M) 0.128ms
[2023-11-16T06:30:19.330+0000][7][gc,cpu      ] GC(519) User=0.00s Sys=0.00s Real=0.00s
[2023-11-16T06:30:19.330+0000][7][safepoint   ] Safepoint "G1Concurrent", Time since last: 39662213 ns, Reaching safepoint: 26822 ns, At safepoint: 178774 ns, Total: 205596 ns
[2023-11-16T06:30:19.330+0000][7][gc,marking  ] GC(519) Concurrent Cleanup for Next Mark
[2023-11-16T06:30:19.331+0000][7][gc,marking  ] GC(519) Concurrent Cleanup for Next Mark 0.533ms
[2023-11-16T06:30:19.331+0000][7][gc          ] GC(519) Concurrent Mark Cycle 127.428ms
[2023-11-16T06:30:22.331+0000][7][safepoint   ] Safepoint "Cleanup", Time since last: 3000818702 ns, Reaching safepoint: 160814 ns, At safepoint: 22038 ns, Total: 182852 ns
[2023-11-16T06:30:25.012+0000][7][gc,start    ] GC(520) Pause Young (Prepare Mixed) (G1 Evacuation Pause)
[2023-11-16T06:30:25.012+0000][7][gc,task     ] GC(520) Using 8 workers of 8 for evacuation
[2023-11-16T06:30:25.012+0000][7][gc,age      ] GC(520) Desired survivor size 18874368 bytes, new threshold 15 (max threshold 15)
[2023-11-16T06:30:25.015+0000][7][gc,age      ] GC(520) Age table with threshold 15 (max threshold 15)
[2023-11-16T06:30:25.015+0000][7][gc,age      ] GC(520) - age   1:    2065832 bytes,    2065832 total
[2023-11-16T06:30:25.015+0000][7][gc,age      ] GC(520) - age   2:     787552 bytes,    2853384 total
[2023-11-16T06:30:25.015+0000][7][gc,age      ] GC(520) - age   3:     132112 bytes,    2985496 total
[2023-11-16T06:30:25.015+0000][7][gc,age      ] GC(520) - age   4:     131048 bytes,    3116544 total
[2023-11-16T06:30:25.015+0000][7][gc,age      ] GC(520) - age   5:        384 bytes,    3116928 total
[2023-11-16T06:30:25.015+0000][7][gc,age      ] GC(520) - age   6:      27744 bytes,    3144672 total
[2023-11-16T06:30:25.015+0000][7][gc,phases   ] GC(520)   Pre Evacuate Collection Set: 0.1ms
[2023-11-16T06:30:25.015+0000][7][gc,phases   ] GC(520)   Merge Heap Roots: 0.1ms
[2023-11-16T06:30:25.015+0000][7][gc,phases   ] GC(520)   Evacuate Collection Set: 1.6ms
[2023-11-16T06:30:25.015+0000][7][gc,phases   ] GC(520)   Post Evacuate Collection Set: 0.6ms
[2023-11-16T06:30:25.015+0000][7][gc,phases   ] GC(520)   Other: 0.2ms
[2023-11-16T06:30:25.015+0000][7][gc,heap     ] GC(520) Eden regions: 69->0(5)
[2023-11-16T06:30:25.015+0000][7][gc,heap     ] GC(520) Survivor regions: 1->1(9)
[2023-11-16T06:30:25.015+0000][7][gc,heap     ] GC(520) Old regions: 29->29
[2023-11-16T06:30:25.015+0000][7][gc,heap     ] GC(520) Archive regions: 2->2
[2023-11-16T06:30:25.015+0000][7][gc,heap     ] GC(520) Humongous regions: 5->5
[2023-11-16T06:30:25.015+0000][7][gc,metaspace] GC(520) Metaspace: 120749K(122432K)->120749K(122432K) NonClass: 104865K(105792K)->104865K(105792K) Class: 15883K(16640K)->15883K(16640K)
[2023-11-16T06:30:25.015+0000][7][gc          ] GC(520) Pause Young (Prepare Mixed) (G1 Evacuation Pause) 418M->143M(512M) 2.575ms
[2023-11-16T06:30:25.015+0000][7][gc,cpu      ] GC(520) User=0.01s Sys=0.00s Real=0.00s
[2023-11-16T06:30:25.015+0000][7][safepoint   ] Safepoint "G1CollectForAllocation", Time since last: 2680767088 ns, Reaching safepoint: 37191 ns, At safepoint: 2689891 ns, Total: 2727082 ns
[2023-11-16T06:30:25.652+0000][7][gc,start    ] GC(521) Pause Young (Mixed) (G1 Evacuation Pause)
[2023-11-16T06:30:25.652+0000][7][gc,task     ] GC(521) Using 8 workers of 8 for evacuation
[2023-11-16T06:30:25.652+0000][7][gc,age      ] GC(521) Desired survivor size 2097152 bytes, new threshold 2 (max threshold 15)
[2023-11-16T06:30:25.660+0000][7][gc,age      ] GC(521) Age table with threshold 2 (max threshold 15)
[2023-11-16T06:30:25.660+0000][7][gc,age      ] GC(521) - age   1:     207440 bytes,     207440 total
[2023-11-16T06:30:25.660+0000][7][gc,age      ] GC(521) - age   2:    1801072 bytes,    2008512 total
[2023-11-16T06:30:25.660+0000][7][gc,phases   ] GC(521)   Pre Evacuate Collection Set: 0.1ms
[2023-11-16T06:30:25.660+0000][7][gc,phases   ] GC(521)   Merge Heap Roots: 0.0ms
[2023-11-16T06:30:25.660+0000][7][gc,phases   ] GC(521)   Evacuate Collection Set: 6.8ms
[2023-11-16T06:30:25.660+0000][7][gc,phases   ] GC(521)   Post Evacuate Collection Set: 0.7ms
[2023-11-16T06:30:25.660+0000][7][gc,phases   ] GC(521)   Other: 0.2ms
[2023-11-16T06:30:25.660+0000][7][gc,heap     ] GC(521) Eden regions: 5->0(69)
[2023-11-16T06:30:25.660+0000][7][gc,heap     ] GC(521) Survivor regions: 1->1(1)
[2023-11-16T06:30:25.660+0000][7][gc,heap     ] GC(521) Old regions: 29->29
[2023-11-16T06:30:25.660+0000][7][gc,heap     ] GC(521) Archive regions: 2->2
[2023-11-16T06:30:25.660+0000][7][gc,heap     ] GC(521) Humongous regions: 5->5
[2023-11-16T06:30:25.660+0000][7][gc,metaspace] GC(521) Metaspace: 120749K(122432K)->120749K(122432K) NonClass: 104865K(105792K)->104865K(105792K) Class: 15883K(16640K)->15883K(16640K)
[2023-11-16T06:30:25.660+0000][7][gc          ] GC(521) Pause Young (Mixed) (G1 Evacuation Pause) 162M->141M(512M) 7.826ms
[2023-11-16T06:30:25.660+0000][7][gc,cpu      ] GC(521) User=0.02s Sys=0.00s Real=0.01s
[2023-11-16T06:30:25.660+0000][7][safepoint   ] Safepoint "G1CollectForAllocation", Time since last: 637306217 ns, Reaching safepoint: 68591 ns, At safepoint: 7909212 ns, Total: 7977803 ns
[2023-11-16T06:30:26.660+0000][7][safepoint   ] Safepoint "Cleanup", Time since last: 1000128969 ns, Reaching safepoint: 72420 ns, At safepoint: 6266 ns, Total: 78686 ns
[2023-11-16T06:30:27.661+0000][7][safepoint   ] Safepoint "Cleanup", Time since last: 1000300502 ns, Reaching safepoint: 50346 ns, At safepoint: 32923 ns, Total: 83269 ns
[2023-11-16T06:30:30.504+0000][7][gc,start    ] GC(522) Pause Young (Normal) (G1 Evacuation Pause)
[2023-11-16T06:30:30.504+0000][7][gc,task     ] GC(522) Using 8 workers of 8 for evacuation
[2023-11-16T06:30:30.504+0000][7][gc,age      ] GC(522) Desired survivor size 18874368 bytes, new threshold 15 (max threshold 15)
[2023-11-16T06:30:30.506+0000][7][gc,age      ] GC(522) Age table with threshold 15 (max threshold 15)
[2023-11-16T06:30:30.506+0000][7][gc,age      ] GC(522) - age   1:    1886848 bytes,    1886848 total
[2023-11-16T06:30:30.506+0000][7][gc,age      ] GC(522) - age   2:       1928 bytes,    1888776 total
[2023-11-16T06:30:30.506+0000][7][gc,age      ] GC(522) - age   3:     400488 bytes,    2289264 total
[2023-11-16T06:30:30.506+0000][7][gc,phases   ] GC(522)   Pre Evacuate Collection Set: 0.1ms
[2023-11-16T06:30:30.506+0000][7][gc,phases   ] GC(522)   Merge Heap Roots: 0.0ms
[2023-11-16T06:30:30.506+0000][7][gc,phases   ] GC(522)   Evacuate Collection Set: 1.5ms
[2023-11-16T06:30:30.506+0000][7][gc,phases   ] GC(522)   Post Evacuate Collection Set: 0.6ms
[2023-11-16T06:30:30.506+0000][7][gc,phases   ] GC(522)   Other: 0.2ms
[2023-11-16T06:30:30.506+0000][7][gc,heap     ] GC(522) Eden regions: 69->0(69)
[2023-11-16T06:30:30.506+0000][7][gc,heap     ] GC(522) Survivor regions: 1->1(9)
[2023-11-16T06:30:30.506+0000][7][gc,heap     ] GC(522) Old regions: 29->29
[2023-11-16T06:30:30.506+0000][7][gc,heap     ] GC(522) Archive regions: 2->2
[2023-11-16T06:30:30.506+0000][7][gc,heap     ] GC(522) Humongous regions: 5->5
[2023-11-16T06:30:30.506+0000][7][gc,metaspace] GC(522) Metaspace: 120751K(122496K)->120751K(122496K) NonClass: 104868K(105856K)->104868K(105856K) Class: 15883K(16640K)->15883K(16640K)
[2023-11-16T06:30:30.506+0000][7][gc          ] GC(522) Pause Young (Normal) (G1 Evacuation Pause) 417M->141M(512M) 2.436ms
[2023-11-16T06:30:30.506+0000][7][gc,cpu      ] GC(522) User=0.01s Sys=0.00s Real=0.00s
[2023-11-16T06:30:30.506+0000][7][safepoint   ] Safepoint "G1CollectForAllocation", Time since last: 2842624084 ns, Reaching safepoint: 37124 ns, At safepoint: 2553208 ns, Total: 2590332 ns
[2023-11-16T06:30:31.506+0000][7][safepoint   ] Safepoint "Cleanup", Time since last: 1000099869 ns, Reaching safepoint: 49787 ns, At safepoint: 4391 ns, Total: 54178 ns
[2023-11-16T06:30:32.506+0000][7][safepoint   ] Safepoint "Cleanup", Time since last: 1000116877 ns, Reaching safepoint: 84882 ns, At safepoint: 5330 ns, Total: 90212 ns
[2023-11-16T06:30:35.507+0000][7][safepoint   ] Safepoint "Cleanup", Time since last: 3000454060 ns, Reaching safepoint: 131408 ns, At safepoint: 6613 ns, Total: 138021 ns
[2023-11-16T06:30:36.436+0000][7][gc,start    ] GC(523) Pause Young (Normal) (G1 Evacuation Pause)
[2023-11-16T06:30:36.436+0000][7][gc,task     ] GC(523) Using 8 workers of 8 for evacuation
[2023-11-16T06:30:36.436+0000][7][gc,age      ] GC(523) Desired survivor size 18874368 bytes, new threshold 15 (max threshold 15)
[2023-11-16T06:30:36.438+0000][7][gc,age      ] GC(523) Age table with threshold 15 (max threshold 15)
[2023-11-16T06:30:36.438+0000][7][gc,age      ] GC(523) - age   1:    2018560 bytes,    2018560 total
[2023-11-16T06:30:36.438+0000][7][gc,age      ] GC(523) - age   2:    1087936 bytes,    3106496 total
[2023-11-16T06:30:36.438+0000][7][gc,age      ] GC(523) - age   3:       1928 bytes,    3108424 total
[2023-11-16T06:30:36.438+0000][7][gc,age      ] GC(523) - age   4:     397896 bytes,    3506320 total
[2023-11-16T06:30:36.438+0000][7][gc,phases   ] GC(523)   Pre Evacuate Collection Set: 0.1ms
[2023-11-16T06:30:36.438+0000][7][gc,phases   ] GC(523)   Merge Heap Roots: 0.1ms
[2023-11-16T06:30:36.438+0000][7][gc,phases   ] GC(523)   Evacuate Collection Set: 1.6ms
[2023-11-16T06:30:36.438+0000][7][gc,phases   ] GC(523)   Post Evacuate Collection Set: 0.5ms
[2023-11-16T06:30:36.438+0000][7][gc,phases   ] GC(523)   Other: 0.2ms
[2023-11-16T06:30:36.438+0000][7][gc,heap     ] GC(523) Eden regions: 69->0(69)
[2023-11-16T06:30:36.438+0000][7][gc,heap     ] GC(523) Survivor regions: 1->1(9)
[2023-11-16T06:30:36.438+0000][7][gc,heap     ] GC(523) Old regions: 29->29
[2023-11-16T06:30:36.438+0000][7][gc,heap     ] GC(523) Archive regions: 2->2
[2023-11-16T06:30:36.438+0000][7][gc,heap     ] GC(523) Humongous regions: 5->5
[2023-11-16T06:30:36.438+0000][7][gc,metaspace] GC(523) Metaspace: 120751K(122496K)->120751K(122496K) NonClass: 104868K(105856K)->104868K(105856K) Class: 15883K(16640K)->15883K(16640K)
[2023-11-16T06:30:36.438+0000][7][gc          ] GC(523) Pause Young (Normal) (G1 Evacuation Pause) 417M->142M(512M) 2.392ms
[2023-11-16T06:30:36.438+0000][7][gc,cpu      ] GC(523) User=0.01s Sys=0.01s Real=0.00s
[2023-11-16T06:30:36.438+0000][7][safepoint   ] Safepoint "G1CollectForAllocation", Time since last: 928758206 ns, Reaching safepoint: 26184 ns, At safepoint: 2478393 ns, Total: 2504577 ns
[2023-11-16T06:30:38.438+0000][7][safepoint   ] Safepoint "Cleanup", Time since last: 2000113492 ns, Reaching safepoint: 60934 ns, At safepoint: 28839 ns, Total: 89773 ns
[2023-11-16T06:30:40.439+0000][7][safepoint   ] Safepoint "Cleanup", Time since last: 2000145648 ns, Reaching safepoint: 73610 ns, At safepoint: 4356 ns, Total: 77966 ns
[2023-11-16T06:30:44.751+0000][7][gc,start    ] GC(524) Pause Young (Concurrent Start) (G1 Evacuation Pause)
[2023-11-16T06:30:44.751+0000][7][gc,task     ] GC(524) Using 8 workers of 8 for evacuation
[2023-11-16T06:30:44.751+0000][7][gc,age      ] GC(524) Desired survivor size 18874368 bytes, new threshold 15 (max threshold 15)
[2023-11-16T06:30:44.755+0000][7][gc,age      ] GC(524) Age table with threshold 15 (max threshold 15)
[2023-11-16T06:30:44.755+0000][7][gc,age      ] GC(524) - age   1:    2265408 bytes,    2265408 total
[2023-11-16T06:30:44.755+0000][7][gc,age      ] GC(524) - age   2:     547800 bytes,    2813208 total
[2023-11-16T06:30:44.755+0000][7][gc,age      ] GC(524) - age   3:     641360 bytes,    3454568 total
[2023-11-16T06:30:44.755+0000][7][gc,age      ] GC(524) - age   4:       1928 bytes,    3456496 total
[2023-11-16T06:30:44.755+0000][7][gc,age      ] GC(524) - age   5:     397520 bytes,    3854016 total
[2023-11-16T06:30:44.755+0000][7][gc,phases   ] GC(524)   Pre Evacuate Collection Set: 0.2ms
[2023-11-16T06:30:44.755+0000][7][gc,phases   ] GC(524)   Merge Heap Roots: 0.1ms
[2023-11-16T06:30:44.755+0000][7][gc,phases   ] GC(524)   Evacuate Collection Set: 3.2ms
[2023-11-16T06:30:44.755+0000][7][gc,phases   ] GC(524)   Post Evacuate Collection Set: 0.5ms
[2023-11-16T06:30:44.755+0000][7][gc,phases   ] GC(524)   Other: 0.2ms
[2023-11-16T06:30:44.755+0000][7][gc,heap     ] GC(524) Eden regions: 69->0(69)
[2023-11-16T06:30:44.755+0000][7][gc,heap     ] GC(524) Survivor regions: 1->1(9)
[2023-11-16T06:30:44.755+0000][7][gc,heap     ] GC(524) Old regions: 29->29
[2023-11-16T06:30:44.755+0000][7][gc,heap     ] GC(524) Archive regions: 2->2
[2023-11-16T06:30:44.755+0000][7][gc,heap     ] GC(524) Humongous regions: 5->5
[2023-11-16T06:30:44.755+0000][7][gc,metaspace] GC(524) Metaspace: 120753K(122496K)->120753K(122496K) NonClass: 104869K(105856K)->104869K(105856K) Class: 15883K(16640K)->15883K(16640K)
[2023-11-16T06:30:44.755+0000][7][gc          ] GC(524) Pause Young (Concurrent Start) (G1 Evacuation Pause) 418M->142M(512M) 4.156ms
[2023-11-16T06:30:44.755+0000][7][gc,cpu      ] GC(524) User=0.02s Sys=0.00s Real=0.00s
[2023-11-16T06:30:44.755+0000][7][safepoint   ] Safepoint "G1CollectForAllocation", Time since last: 4312078246 ns, Reaching safepoint: 69970 ns, At safepoint: 4273393 ns, Total: 4343363 ns
[2023-11-16T06:30:44.755+0000][7][gc          ] GC(525) Concurrent Mark Cycle
[2023-11-16T06:30:44.755+0000][7][gc,marking  ] GC(525) Concurrent Clear Claimed Marks
[2023-11-16T06:30:44.755+0000][7][gc,marking  ] GC(525) Concurrent Clear Claimed Marks 0.109ms
[2023-11-16T06:30:44.755+0000][7][gc,marking  ] GC(525) Concurrent Scan Root Regions
[2023-11-16T06:30:44.758+0000][7][gc,marking  ] GC(525) Concurrent Scan Root Regions 2.740ms
[2023-11-16T06:30:44.758+0000][7][gc,marking  ] GC(525) Concurrent Mark
[2023-11-16T06:30:44.758+0000][7][gc,marking  ] GC(525) Concurrent Mark From Roots
[2023-11-16T06:30:44.758+0000][7][gc,task     ] GC(525) Using 2 workers of 2 for marking
[2023-11-16T06:30:44.828+0000][7][gc,marking  ] GC(525) Concurrent Mark From Roots 70.185ms
[2023-11-16T06:30:44.828+0000][7][gc,marking  ] GC(525) Concurrent Preclean
[2023-11-16T06:30:44.829+0000][7][gc,marking  ] GC(525) Concurrent Preclean 0.302ms
[2023-11-16T06:30:44.829+0000][7][gc,start    ] GC(525) Pause Remark
[2023-11-16T06:30:44.836+0000][7][gc          ] GC(525) Pause Remark 144M->144M(512M) 7.081ms
[2023-11-16T06:30:44.836+0000][7][gc,cpu      ] GC(525) User=0.04s Sys=0.00s Real=0.00s
[2023-11-16T06:30:44.836+0000][7][safepoint   ] Safepoint "G1Concurrent", Time since last: 73609083 ns, Reaching safepoint: 49898 ns, At safepoint: 7180028 ns, Total: 7229926 ns
[2023-11-16T06:30:44.836+0000][7][gc,marking  ] GC(525) Concurrent Mark 77.908ms
[2023-11-16T06:30:44.836+0000][7][gc,marking  ] GC(525) Concurrent Rebuild Remembered Sets
[2023-11-16T06:30:44.883+0000][7][gc,marking  ] GC(525) Concurrent Rebuild Remembered Sets 47.492ms
[2023-11-16T06:30:44.884+0000][7][gc,start    ] GC(525) Pause Cleanup
[2023-11-16T06:30:44.884+0000][7][gc          ] GC(525) Pause Cleanup 177M->177M(512M) 0.075ms
[2023-11-16T06:30:44.884+0000][7][gc,cpu      ] GC(525) User=0.00s Sys=0.00s Real=0.00s
[2023-11-16T06:30:44.884+0000][7][safepoint   ] Safepoint "G1Concurrent", Time since last: 47625713 ns, Reaching safepoint: 99107 ns, At safepoint: 134639 ns, Total: 233746 ns
[2023-11-16T06:30:44.884+0000][7][gc,marking  ] GC(525) Concurrent Cleanup for Next Mark
[2023-11-16T06:30:44.884+0000][7][gc,marking  ] GC(525) Concurrent Cleanup for Next Mark 0.582ms
[2023-11-16T06:30:44.884+0000][7][gc          ] GC(525) Concurrent Mark Cycle 129.321ms
[2023-11-16T06:30:50.894+0000][7][gc,start    ] GC(526) Pause Young (Prepare Mixed) (G1 Evacuation Pause)
[2023-11-16T06:30:50.894+0000][7][gc,task     ] GC(526) Using 8 workers of 8 for evacuation
[2023-11-16T06:30:50.894+0000][7][gc,age      ] GC(526) Desired survivor size 18874368 bytes, new threshold 15 (max threshold 15)
[2023-11-16T06:30:50.897+0000][7][gc,age      ] GC(526) Age table with threshold 15 (max threshold 15)
[2023-11-16T06:30:50.897+0000][7][gc,age      ] GC(526) - age   1:    1676320 bytes,    1676320 total
[2023-11-16T06:30:50.897+0000][7][gc,age      ] GC(526) - age   2:     495592 bytes,    2171912 total
[2023-11-16T06:30:50.897+0000][7][gc,age      ] GC(526) - age   3:     303680 bytes,    2475592 total
[2023-11-16T06:30:50.897+0000][7][gc,age      ] GC(526) - age   4:     400960 bytes,    2876552 total
[2023-11-16T06:30:50.897+0000][7][gc,age      ] GC(526) - age   5:       1928 bytes,    2878480 total
[2023-11-16T06:30:50.897+0000][7][gc,age      ] GC(526) - age   6:     205952 bytes,    3084432 total
[2023-11-16T06:30:50.897+0000][7][gc,phases   ] GC(526)   Pre Evacuate Collection Set: 0.1ms
[2023-11-16T06:30:50.897+0000][7][gc,phases   ] GC(526)   Merge Heap Roots: 0.0ms
[2023-11-16T06:30:50.897+0000][7][gc,phases   ] GC(526)   Evacuate Collection Set: 1.8ms
[2023-11-16T06:30:50.897+0000][7][gc,phases   ] GC(526)   Post Evacuate Collection Set: 0.6ms
[2023-11-16T06:30:50.897+0000][7][gc,phases   ] GC(526)   Other: 0.3ms
[2023-11-16T06:30:50.897+0000][7][gc,heap     ] GC(526) Eden regions: 69->0(5)
[2023-11-16T06:30:50.897+0000][7][gc,heap     ] GC(526) Survivor regions: 1->1(9)
[2023-11-16T06:30:50.897+0000][7][gc,heap     ] GC(526) Old regions: 29->29
[2023-11-16T06:30:50.897+0000][7][gc,heap     ] GC(526) Archive regions: 2->2
[2023-11-16T06:30:50.897+0000][7][gc,heap     ] GC(526) Humongous regions: 5->5
[2023-11-16T06:30:50.897+0000][7][gc,metaspace] GC(526) Metaspace: 120753K(122496K)->120753K(122496K) NonClass: 104869K(105856K)->104869K(105856K) Class: 15883K(16640K)->15883K(16640K)
[2023-11-16T06:30:50.897+0000][7][gc          ] GC(526) Pause Young (Prepare Mixed) (G1 Evacuation Pause) 418M->142M(512M) 2.820ms
[2023-11-16T06:30:50.897+0000][7][gc,cpu      ] GC(526) User=0.01s Sys=0.00s Real=0.00s
[2023-11-16T06:30:50.897+0000][7][safepoint   ] Safepoint "G1CollectForAllocation", Time since last: 6009992626 ns, Reaching safepoint: 63637 ns, At safepoint: 2913280 ns, Total: 2976917 ns
[2023-11-16T06:30:51.903+0000][7][gc,start    ] GC(527) Pause Young (Mixed) (G1 Evacuation Pause)
[2023-11-16T06:30:51.903+0000][7][gc,task     ] GC(527) Using 8 workers of 8 for evacuation
[2023-11-16T06:30:51.903+0000][7][gc,age      ] GC(527) Desired survivor size 2097152 bytes, new threshold 2 (max threshold 15)
[2023-11-16T06:30:51.906+0000][7][gc,age      ] GC(527) Age table with threshold 2 (max threshold 15)
[2023-11-16T06:30:51.906+0000][7][gc,age      ] GC(527) - age   1:     765752 bytes,     765752 total
[2023-11-16T06:30:51.906+0000][7][gc,age      ] GC(527) - age   2:     914008 bytes,    1679760 total
[2023-11-16T06:30:51.906+0000][7][gc,phases   ] GC(527)   Pre Evacuate Collection Set: 0.1ms
[2023-11-16T06:30:51.906+0000][7][gc,phases   ] GC(527)   Merge Heap Roots: 0.2ms
[2023-11-16T06:30:51.906+0000][7][gc,phases   ] GC(527)   Evacuate Collection Set: 2.1ms
[2023-11-16T06:30:51.906+0000][7][gc,phases   ] GC(527)   Post Evacuate Collection Set: 0.5ms
[2023-11-16T06:30:51.906+0000][7][gc,phases   ] GC(527)   Other: 0.2ms
[2023-11-16T06:30:51.906+0000][7][gc,heap     ] GC(527) Eden regions: 5->0(69)
[2023-11-16T06:30:51.906+0000][7][gc,heap     ] GC(527) Survivor regions: 1->1(1)
[2023-11-16T06:30:51.906+0000][7][gc,heap     ] GC(527) Old regions: 29->29
[2023-11-16T06:30:51.906+0000][7][gc,heap     ] GC(527) Archive regions: 2->2
[2023-11-16T06:30:51.906+0000][7][gc,heap     ] GC(527) Humongous regions: 5->5
[2023-11-16T06:30:51.906+0000][7][gc,metaspace] GC(527) Metaspace: 120753K(122496K)->120753K(122496K) NonClass: 104869K(105856K)->104869K(105856K) Class: 15883K(16640K)->15883K(16640K)
[2023-11-16T06:30:51.906+0000][7][gc          ] GC(527) Pause Young (Mixed) (G1 Evacuation Pause) 162M->139M(512M) 3.127ms
[2023-11-16T06:30:51.906+0000][7][gc,cpu      ] GC(527) User=0.02s Sys=0.00s Real=0.00s
[2023-11-16T06:30:51.906+0000][7][safepoint   ] Safepoint "G1CollectForAllocation", Time since last: 1005821090 ns, Reaching safepoint: 54366 ns, At safepoint: 3219664 ns, Total: 3274030 ns
[2023-11-16T06:30:54.906+0000][7][safepoint   ] Safepoint "Cleanup", Time since last: 3000402133 ns, Reaching safepoint: 81656 ns, At safepoint: 5698 ns, Total: 87354 ns
[2023-11-16T06:30:57.953+0000][7][gc,start    ] GC(528) Pause Young (Normal) (G1 Evacuation Pause)
[2023-11-16T06:30:57.953+0000][7][gc,task     ] GC(528) Using 8 workers of 8 for evacuation
[2023-11-16T06:30:57.953+0000][7][gc,age      ] GC(528) Desired survivor size 18874368 bytes, new threshold 15 (max threshold 15)
[2023-11-16T06:30:57.955+0000][7][gc,age      ] GC(528) Age table with threshold 15 (max threshold 15)
[2023-11-16T06:30:57.955+0000][7][gc,age      ] GC(528) - age   1:    1783544 bytes,    1783544 total
[2023-11-16T06:30:57.955+0000][7][gc,age      ] GC(528) - age   2:      33720 bytes,    1817264 total
[2023-11-16T06:30:57.955+0000][7][gc,age      ] GC(528) - age   3:     345648 bytes,    2162912 total
[2023-11-16T06:30:57.955+0000][7][gc,phases   ] GC(528)   Pre Evacuate Collection Set: 0.1ms
[2023-11-16T06:30:57.955+0000][7][gc,phases   ] GC(528)   Merge Heap Roots: 0.0ms
[2023-11-16T06:30:57.955+0000][7][gc,phases   ] GC(528)   Evacuate Collection Set: 1.1ms
[2023-11-16T06:30:57.955+0000][7][gc,phases   ] GC(528)   Post Evacuate Collection Set: 0.5ms
[2023-11-16T06:30:57.955+0000][7][gc,phases   ] GC(528)   Other: 0.1ms
[2023-11-16T06:30:57.955+0000][7][gc,heap     ] GC(528) Eden regions: 69->0(69)
[2023-11-16T06:30:57.955+0000][7][gc,heap     ] GC(528) Survivor regions: 1->1(9)
[2023-11-16T06:30:57.955+0000][7][gc,heap     ] GC(528) Old regions: 29->29
[2023-11-16T06:30:57.955+0000][7][gc,heap     ] GC(528) Archive regions: 2->2
[2023-11-16T06:30:57.955+0000][7][gc,heap     ] GC(528) Humongous regions: 5->5
[2023-11-16T06:30:57.955+0000][7][gc,metaspace] GC(528) Metaspace: 120754K(122496K)->120754K(122496K) NonClass: 104870K(105856K)->104870K(105856K) Class: 15883K(16640K)->15883K(16640K)
[2023-11-16T06:30:57.955+0000][7][gc          ] GC(528) Pause Young (Normal) (G1 Evacuation Pause) 415M->140M(512M) 1.979ms
[2023-11-16T06:30:57.955+0000][7][gc,cpu      ] GC(528) User=0.01s Sys=0.01s Real=0.00s
[2023-11-16T06:30:57.955+0000][7][safepoint   ] Safepoint "G1CollectForAllocation", Time since last: 3046694027 ns, Reaching safepoint: 115163 ns, At safepoint: 2038446 ns, Total: 2153609 ns
[2023-11-16T06:31:04.538+0000][7][gc,start    ] GC(529) Pause Young (Normal) (G1 Evacuation Pause)
[2023-11-16T06:31:04.539+0000][7][gc,task     ] GC(529) Using 8 workers of 8 for evacuation
[2023-11-16T06:31:04.539+0000][7][gc,age      ] GC(529) Desired survivor size 18874368 bytes, new threshold 15 (max threshold 15)
[2023-11-16T06:31:04.541+0000][7][gc,age      ] GC(529) Age table with threshold 15 (max threshold 15)
[2023-11-16T06:31:04.542+0000][7][gc,age      ] GC(529) - age   1:    1210080 bytes,    1210080 total
[2023-11-16T06:31:04.542+0000][7][gc,age      ] GC(529) - age   2:     385424 bytes,    1595504 total
[2023-11-16T06:31:04.542+0000][7][gc,age      ] GC(529) - age   3:      32136 bytes,    1627640 total
[2023-11-16T06:31:04.542+0000][7][gc,age      ] GC(529) - age   4:     344816 bytes,    1972456 total
[2023-11-16T06:31:04.542+0000][7][gc,phases   ] GC(529)   Pre Evacuate Collection Set: 0.1ms
[2023-11-16T06:31:04.542+0000][7][gc,phases   ] GC(529)   Merge Heap Roots: 0.0ms
[2023-11-16T06:31:04.542+0000][7][gc,phases   ] GC(529)   Evacuate Collection Set: 1.6ms
[2023-11-16T06:31:04.542+0000][7][gc,phases   ] GC(529)   Post Evacuate Collection Set: 1.0ms
[2023-11-16T06:31:04.542+0000][7][gc,phases   ] GC(529)   Other: 0.7ms
[2023-11-16T06:31:04.542+0000][7][gc,heap     ] GC(529) Eden regions: 69->0(69)
[2023-11-16T06:31:04.542+0000][7][gc,heap     ] GC(529) Survivor regions: 1->1(9)
[2023-11-16T06:31:04.542+0000][7][gc,heap     ] GC(529) Old regions: 29->29
[2023-11-16T06:31:04.542+0000][7][gc,heap     ] GC(529) Archive regions: 2->2
[2023-11-16T06:31:04.542+0000][7][gc,heap     ] GC(529) Humongous regions: 5->5
[2023-11-16T06:31:04.542+0000][7][gc,metaspace] GC(529) Metaspace: 120754K(122496K)->120754K(122496K) NonClass: 104870K(105856K)->104870K(105856K) Class: 15883K(16640K)->15883K(16640K)
[2023-11-16T06:31:04.542+0000][7][gc          ] GC(529) Pause Young (Normal) (G1 Evacuation Pause) 416M->140M(512M) 3.472ms
[2023-11-16T06:31:04.542+0000][7][gc,cpu      ] GC(529) User=0.01s Sys=0.00s Real=0.01s
[2023-11-16T06:31:04.542+0000][7][safepoint   ] Safepoint "G1CollectForAllocation", Time since last: 6583026310 ns, Reaching safepoint: 35283 ns, At safepoint: 3592143 ns, Total: 3627426 ns
[2023-11-16T06:31:08.542+0000][7][safepoint   ] Safepoint "Cleanup", Time since last: 4000363133 ns, Reaching safepoint: 44351 ns, At safepoint: 5481 ns, Total: 49832 ns
[2023-11-16T06:31:16.758+0000][7][gc,start    ] GC(530) Pause Young (Concurrent Start) (G1 Evacuation Pause)
[2023-11-16T06:31:16.758+0000][7][gc,task     ] GC(530) Using 8 workers of 8 for evacuation
[2023-11-16T06:31:16.758+0000][7][gc,age      ] GC(530) Desired survivor size 18874368 bytes, new threshold 15 (max threshold 15)
[2023-11-16T06:31:16.763+0000][7][gc,age      ] GC(530) Age table with threshold 15 (max threshold 15)
[2023-11-16T06:31:16.763+0000][7][gc,age      ] GC(530) - age   1:    1547536 bytes,    1547536 total
[2023-11-16T06:31:16.763+0000][7][gc,age      ] GC(530) - age   2:     271040 bytes,    1818576 total
[2023-11-16T06:31:16.763+0000][7][gc,age      ] GC(530) - age   3:     175976 bytes,    1994552 total
[2023-11-16T06:31:16.763+0000][7][gc,age      ] GC(530) - age   4:      32136 bytes,    2026688 total
[2023-11-16T06:31:16.763+0000][7][gc,age      ] GC(530) - age   5:     251688 bytes,    2278376 total
[2023-11-16T06:31:16.763+0000][7][gc,phases   ] GC(530)   Pre Evacuate Collection Set: 0.5ms
[2023-11-16T06:31:16.763+0000][7][gc,phases   ] GC(530)   Merge Heap Roots: 0.1ms
[2023-11-16T06:31:16.763+0000][7][gc,phases   ] GC(530)   Evacuate Collection Set: 3.2ms
[2023-11-16T06:31:16.763+0000][7][gc,phases   ] GC(530)   Post Evacuate Collection Set: 1.1ms
[2023-11-16T06:31:16.763+0000][7][gc,phases   ] GC(530)   Other: 0.5ms
[2023-11-16T06:31:16.763+0000][7][gc,heap     ] GC(530) Eden regions: 69->0(69)
[2023-11-16T06:31:16.763+0000][7][gc,heap     ] GC(530) Survivor regions: 1->1(9)
[2023-11-16T06:31:16.763+0000][7][gc,heap     ] GC(530) Old regions: 29->29
[2023-11-16T06:31:16.763+0000][7][gc,heap     ] GC(530) Archive regions: 2->2
[2023-11-16T06:31:16.763+0000][7][gc,heap     ] GC(530) Humongous regions: 5->5
[2023-11-16T06:31:16.763+0000][7][gc,metaspace] GC(530) Metaspace: 120754K(122496K)->120754K(122496K) NonClass: 104870K(105856K)->104870K(105856K) Class: 15883K(16640K)->15883K(16640K)
[2023-11-16T06:31:16.763+0000][7][gc          ] GC(530) Pause Young (Concurrent Start) (G1 Evacuation Pause) 416M->140M(512M) 5.420ms
[2023-11-16T06:31:16.763+0000][7][gc,cpu      ] GC(530) User=0.01s Sys=0.00s Real=0.01s
[2023-11-16T06:31:16.763+0000][7][gc          ] GC(531) Concurrent Mark Cycle
[2023-11-16T06:31:16.763+0000][7][safepoint   ] Safepoint "G1CollectForAllocation", Time since last: 8215099623 ns, Reaching safepoint: 81257 ns, At safepoint: 5609583 ns, Total: 5690840 ns
[2023-11-16T06:31:16.763+0000][7][gc,marking  ] GC(531) Concurrent Clear Claimed Marks
[2023-11-16T06:31:16.763+0000][7][gc,marking  ] GC(531) Concurrent Clear Claimed Marks 0.244ms
[2023-11-16T06:31:16.763+0000][7][gc,marking  ] GC(531) Concurrent Scan Root Regions
[2023-11-16T06:31:16.767+0000][7][gc,marking  ] GC(531) Concurrent Scan Root Regions 3.958ms
[2023-11-16T06:31:16.767+0000][7][gc,marking  ] GC(531) Concurrent Mark
[2023-11-16T06:31:16.767+0000][7][gc,marking  ] GC(531) Concurrent Mark From Roots
[2023-11-16T06:31:16.767+0000][7][gc,task     ] GC(531) Using 2 workers of 2 for marking
[2023-11-16T06:31:16.850+0000][7][gc,marking  ] GC(531) Concurrent Mark From Roots 82.835ms
[2023-11-16T06:31:16.850+0000][7][gc,marking  ] GC(531) Concurrent Preclean
[2023-11-16T06:31:16.850+0000][7][gc,marking  ] GC(531) Concurrent Preclean 0.206ms
[2023-11-16T06:31:16.851+0000][7][gc,start    ] GC(531) Pause Remark
[2023-11-16T06:31:16.859+0000][7][gc          ] GC(531) Pause Remark 149M->149M(512M) 8.609ms
[2023-11-16T06:31:16.859+0000][7][gc,cpu      ] GC(531) User=0.04s Sys=0.00s Real=0.01s
[2023-11-16T06:31:16.859+0000][7][safepoint   ] Safepoint "G1Concurrent", Time since last: 87396536 ns, Reaching safepoint: 74976 ns, At safepoint: 8725812 ns, Total: 8800788 ns
[2023-11-16T06:31:16.859+0000][7][gc,marking  ] GC(531) Concurrent Mark 91.970ms
[2023-11-16T06:31:16.859+0000][7][gc,marking  ] GC(531) Concurrent Rebuild Remembered Sets
[2023-11-16T06:31:16.916+0000][7][gc,marking  ] GC(531) Concurrent Rebuild Remembered Sets 56.952ms
[2023-11-16T06:31:16.916+0000][7][gc,start    ] GC(531) Pause Cleanup
[2023-11-16T06:31:16.916+0000][7][gc          ] GC(531) Pause Cleanup 150M->150M(512M) 0.065ms
[2023-11-16T06:31:16.916+0000][7][gc,cpu      ] GC(531) User=0.00s Sys=0.00s Real=0.00s
[2023-11-16T06:31:16.916+0000][7][safepoint   ] Safepoint "G1Concurrent", Time since last: 57066088 ns, Reaching safepoint: 22499 ns, At safepoint: 125712 ns, Total: 148211 ns
[2023-11-16T06:31:16.916+0000][7][gc,marking  ] GC(531) Concurrent Cleanup for Next Mark
[2023-11-16T06:31:16.917+0000][7][gc,marking  ] GC(531) Concurrent Cleanup for Next Mark 0.426ms
[2023-11-16T06:31:16.917+0000][7][gc          ] GC(531) Concurrent Mark Cycle 153.908ms
[2023-11-16T06:31:19.917+0000][7][safepoint   ] Safepoint "Cleanup", Time since last: 3000214286 ns, Reaching safepoint: 75329 ns, At safepoint: 3293 ns, Total: 78622 ns
[2023-11-16T06:31:23.625+0000][7][gc,start    ] GC(532) Pause Young (Prepare Mixed) (G1 Evacuation Pause)
[2023-11-16T06:31:23.625+0000][7][gc,task     ] GC(532) Using 8 workers of 8 for evacuation
[2023-11-16T06:31:23.625+0000][7][gc,age      ] GC(532) Desired survivor size 18874368 bytes, new threshold 15 (max threshold 15)
[2023-11-16T06:31:23.627+0000][7][gc,age      ] GC(532) Age table with threshold 15 (max threshold 15)
[2023-11-16T06:31:23.627+0000][7][gc,age      ] GC(532) - age   1:    1886944 bytes,    1886944 total
[2023-11-16T06:31:23.627+0000][7][gc,age      ] GC(532) - age   2:     144376 bytes,    2031320 total
[2023-11-16T06:31:23.627+0000][7][gc,age      ] GC(532) - age   3:     135632 bytes,    2166952 total
[2023-11-16T06:31:23.627+0000][7][gc,age      ] GC(532) - age   4:     173368 bytes,    2340320 total
[2023-11-16T06:31:23.627+0000][7][gc,age      ] GC(532) - age   5:       1160 bytes,    2341480 total
[2023-11-16T06:31:23.627+0000][7][gc,age      ] GC(532) - age   6:     121120 bytes,    2462600 total
[2023-11-16T06:31:23.627+0000][7][gc,phases   ] GC(532)   Pre Evacuate Collection Set: 0.1ms
[2023-11-16T06:31:23.627+0000][7][gc,phases   ] GC(532)   Merge Heap Roots: 0.1ms
[2023-11-16T06:31:23.627+0000][7][gc,phases   ] GC(532)   Evacuate Collection Set: 1.7ms
[2023-11-16T06:31:23.627+0000][7][gc,phases   ] GC(532)   Post Evacuate Collection Set: 0.5ms
[2023-11-16T06:31:23.627+0000][7][gc,phases   ] GC(532)   Other: 0.2ms
[2023-11-16T06:31:23.627+0000][7][gc,heap     ] GC(532) Eden regions: 69->0(5)
[2023-11-16T06:31:23.627+0000][7][gc,heap     ] GC(532) Survivor regions: 1->1(9)
[2023-11-16T06:31:23.627+0000][7][gc,heap     ] GC(532) Old regions: 29->29
[2023-11-16T06:31:23.627+0000][7][gc,heap     ] GC(532) Archive regions: 2->2
[2023-11-16T06:31:23.627+0000][7][gc,heap     ] GC(532) Humongous regions: 5->5
[2023-11-16T06:31:23.627+0000][7][gc,metaspace] GC(532) Metaspace: 120762K(122496K)->120762K(122496K) NonClass: 104878K(105856K)->104878K(105856K) Class: 15883K(16640K)->15883K(16640K)
[2023-11-16T06:31:23.627+0000][7][gc          ] GC(532) Pause Young (Prepare Mixed) (G1 Evacuation Pause) 416M->140M(512M) 2.604ms
[2023-11-16T06:31:23.627+0000][7][gc,cpu      ] GC(532) User=0.01s Sys=0.00s Real=0.00s
[2023-11-16T06:31:23.627+0000][7][safepoint   ] Safepoint "G1CollectForAllocation", Time since last: 3707709722 ns, Reaching safepoint: 79272 ns, At safepoint: 2687972 ns, Total: 2767244 ns
[2023-11-16T06:31:24.110+0000][7][gc,start    ] GC(533) Pause Young (Mixed) (G1 Evacuation Pause)
[2023-11-16T06:31:24.111+0000][7][gc,task     ] GC(533) Using 8 workers of 8 for evacuation
[2023-11-16T06:31:24.111+0000][7][gc,age      ] GC(533) Desired survivor size 2097152 bytes, new threshold 3 (max threshold 15)
[2023-11-16T06:31:24.113+0000][7][gc,age      ] GC(533) Age table with threshold 3 (max threshold 15)
[2023-11-16T06:31:24.113+0000][7][gc,age      ] GC(533) - age   1:     523272 bytes,     523272 total
[2023-11-16T06:31:24.113+0000][7][gc,age      ] GC(533) - age   2:    1128728 bytes,    1652000 total
[2023-11-16T06:31:24.113+0000][7][gc,age      ] GC(533) - age   3:     144376 bytes,    1796376 total
[2023-11-16T06:31:24.113+0000][7][gc,phases   ] GC(533)   Pre Evacuate Collection Set: 0.1ms
[2023-11-16T06:31:24.113+0000][7][gc,phases   ] GC(533)   Merge Heap Roots: 0.1ms
[2023-11-16T06:31:24.113+0000][7][gc,phases   ] GC(533)   Evacuate Collection Set: 2.0ms
[2023-11-16T06:31:24.113+0000][7][gc,phases   ] GC(533)   Post Evacuate Collection Set: 0.5ms
[2023-11-16T06:31:24.113+0000][7][gc,phases   ] GC(533)   Other: 0.3ms
[2023-11-16T06:31:24.113+0000][7][gc,heap     ] GC(533) Eden regions: 5->0(69)
[2023-11-16T06:31:24.113+0000][7][gc,heap     ] GC(533) Survivor regions: 1->1(1)
[2023-11-16T06:31:24.113+0000][7][gc,heap     ] GC(533) Old regions: 29->29
[2023-11-16T06:31:24.113+0000][7][gc,heap     ] GC(533) Archive regions: 2->2
[2023-11-16T06:31:24.113+0000][7][gc,heap     ] GC(533) Humongous regions: 5->5
[2023-11-16T06:31:24.113+0000][7][gc,metaspace] GC(533) Metaspace: 120762K(122496K)->120762K(122496K) NonClass: 104878K(105856K)->104878K(105856K) Class: 15883K(16640K)->15883K(16640K)
[2023-11-16T06:31:24.113+0000][7][gc          ] GC(533) Pause Young (Mixed) (G1 Evacuation Pause) 160M->138M(512M) 2.984ms
[2023-11-16T06:31:24.113+0000][7][gc,cpu      ] GC(533) User=0.01s Sys=0.00s Real=0.00s
[2023-11-16T06:31:24.113+0000][7][safepoint   ] Safepoint "G1CollectForAllocation", Time since last: 483002049 ns, Reaching safepoint: 135029 ns, At safepoint: 3124566 ns, Total: 3259595 ns
[2023-11-16T06:31:26.114+0000][7][safepoint   ] Safepoint "Cleanup", Time since last: 2000096697 ns, Reaching safepoint: 56313 ns, At safepoint: 6367 ns, Total: 62680 ns
[2023-11-16T06:31:27.114+0000][7][safepoint   ] Safepoint "Cleanup", Time since last: 1000331577 ns, Reaching safepoint: 37338 ns, At safepoint: 30571 ns, Total: 67909 ns
[2023-11-16T06:31:31.171+0000][7][gc,start    ] GC(534) Pause Young (Normal) (G1 Evacuation Pause)
[2023-11-16T06:31:31.171+0000][7][gc,task     ] GC(534) Using 8 workers of 8 for evacuation
[2023-11-16T06:31:31.172+0000][7][gc,age      ] GC(534) Desired survivor size 18874368 bytes, new threshold 15 (max threshold 15)
[2023-11-16T06:31:31.174+0000][7][gc,age      ] GC(534) Age table with threshold 15 (max threshold 15)
[2023-11-16T06:31:31.174+0000][7][gc,age      ] GC(534) - age   1:    2051352 bytes,    2051352 total
[2023-11-16T06:31:31.174+0000][7][gc,age      ] GC(534) - age   2:     107464 bytes,    2158816 total
[2023-11-16T06:31:31.174+0000][7][gc,age      ] GC(534) - age   3:     622984 bytes,    2781800 total
[2023-11-16T06:31:31.174+0000][7][gc,age      ] GC(534) - age   4:     142248 bytes,    2924048 total
[2023-11-16T06:31:31.174+0000][7][gc,phases   ] GC(534)   Pre Evacuate Collection Set: 0.1ms
[2023-11-16T06:31:31.174+0000][7][gc,phases   ] GC(534)   Merge Heap Roots: 0.1ms
[2023-11-16T06:31:31.174+0000][7][gc,phases   ] GC(534)   Evacuate Collection Set: 1.6ms
[2023-11-16T06:31:31.174+0000][7][gc,phases   ] GC(534)   Post Evacuate Collection Set: 0.6ms
[2023-11-16T06:31:31.174+0000][7][gc,phases   ] GC(534)   Other: 0.3ms
[2023-11-16T06:31:31.174+0000][7][gc,heap     ] GC(534) Eden regions: 69->0(69)
[2023-11-16T06:31:31.174+0000][7][gc,heap     ] GC(534) Survivor regions: 1->1(9)
[2023-11-16T06:31:31.174+0000][7][gc,heap     ] GC(534) Old regions: 29->29
[2023-11-16T06:31:31.174+0000][7][gc,heap     ] GC(534) Archive regions: 2->2
[2023-11-16T06:31:31.174+0000][7][gc,heap     ] GC(534) Humongous regions: 5->5
[2023-11-16T06:31:31.174+0000][7][gc,metaspace] GC(534) Metaspace: 120764K(122496K)->120764K(122496K) NonClass: 104880K(105856K)->104880K(105856K) Class: 15883K(16640K)->15883K(16640K)
[2023-11-16T06:31:31.174+0000][7][gc          ] GC(534) Pause Young (Normal) (G1 Evacuation Pause) 414M->139M(512M) 2.667ms
[2023-11-16T06:31:31.174+0000][7][gc,cpu      ] GC(534) User=0.02s Sys=0.00s Real=0.00s
[2023-11-16T06:31:31.174+0000][7][safepoint   ] Safepoint "G1CollectForAllocation", Time since last: 4057300847 ns, Reaching safepoint: 81044 ns, At safepoint: 2750568 ns, Total: 2831612 ns
[2023-11-16T06:31:32.174+0000][7][safepoint   ] Safepoint "Cleanup", Time since last: 1000076506 ns, Reaching safepoint: 34093 ns, At safepoint: 3961 ns, Total: 38054 ns
[2023-11-16T06:31:37.048+0000][7][gc,start    ] GC(535) Pause Young (Normal) (G1 Evacuation Pause)
[2023-11-16T06:31:37.048+0000][7][gc,task     ] GC(535) Using 8 workers of 8 for evacuation
[2023-11-16T06:31:37.048+0000][7][gc,age      ] GC(535) Desired survivor size 18874368 bytes, new threshold 15 (max threshold 15)
[2023-11-16T06:31:37.051+0000][7][gc,age      ] GC(535) Age table with threshold 15 (max threshold 15)
[2023-11-16T06:31:37.051+0000][7][gc,age      ] GC(535) - age   1:    1820496 bytes,    1820496 total
[2023-11-16T06:31:37.051+0000][7][gc,age      ] GC(535) - age   2:     226304 bytes,    2046800 total
[2023-11-16T06:31:37.051+0000][7][gc,age      ] GC(535) - age   3:         96 bytes,    2046896 total
[2023-11-16T06:31:37.051+0000][7][gc,age      ] GC(535) - age   4:     160376 bytes,    2207272 total
[2023-11-16T06:31:37.051+0000][7][gc,age      ] GC(535) - age   5:      23896 bytes,    2231168 total
[2023-11-16T06:31:37.051+0000][7][gc,phases   ] GC(535)   Pre Evacuate Collection Set: 0.1ms
[2023-11-16T06:31:37.051+0000][7][gc,phases   ] GC(535)   Merge Heap Roots: 0.1ms
[2023-11-16T06:31:37.051+0000][7][gc,phases   ] GC(535)   Evacuate Collection Set: 1.9ms
[2023-11-16T06:31:37.051+0000][7][gc,phases   ] GC(535)   Post Evacuate Collection Set: 0.8ms
[2023-11-16T06:31:37.051+0000][7][gc,phases   ] GC(535)   Other: 0.3ms
[2023-11-16T06:31:37.051+0000][7][gc,heap     ] GC(535) Eden regions: 69->0(69)
[2023-11-16T06:31:37.051+0000][7][gc,heap     ] GC(535) Survivor regions: 1->1(9)
[2023-11-16T06:31:37.051+0000][7][gc,heap     ] GC(535) Old regions: 29->29
[2023-11-16T06:31:37.051+0000][7][gc,heap     ] GC(535) Archive regions: 2->2
[2023-11-16T06:31:37.051+0000][7][gc,heap     ] GC(535) Humongous regions: 5->5
[2023-11-16T06:31:37.051+0000][7][gc,metaspace] GC(535) Metaspace: 120767K(122496K)->120767K(122496K) NonClass: 104883K(105856K)->104883K(105856K) Class: 15883K(16640K)->15883K(16640K)
[2023-11-16T06:31:37.051+0000][7][gc          ] GC(535) Pause Young (Normal) (G1 Evacuation Pause) 415M->138M(512M) 3.241ms
[2023-11-16T06:31:37.051+0000][7][gc,cpu      ] GC(535) User=0.01s Sys=0.00s Real=0.01s
[2023-11-16T06:31:37.051+0000][7][safepoint   ] Safepoint "G1CollectForAllocation", Time since last: 4873155483 ns, Reaching safepoint: 98649 ns, At safepoint: 3322545 ns, Total: 3421194 ns
[2023-11-16T06:31:38.051+0000][7][safepoint   ] Safepoint "Cleanup", Time since last: 1000328552 ns, Reaching safepoint: 83153 ns, At safepoint: 9079 ns, Total: 92232 ns
[2023-11-16T06:31:39.052+0000][7][safepoint   ] Safepoint "Cleanup", Time since last: 1000151113 ns, Reaching safepoint: 171005 ns, At safepoint: 7478 ns, Total: 178483 ns
[2023-11-16T06:31:41.052+0000][7][safepoint   ] Safepoint "Cleanup", Time since last: 2000166207 ns, Reaching safepoint: 51598 ns, At safepoint: 21164 ns, Total: 72762 ns
[2023-11-16T06:31:43.052+0000][7][safepoint   ] Safepoint "Cleanup", Time since last: 2000294710 ns, Reaching safepoint: 84251 ns, At safepoint: 4299 ns, Total: 88550 ns
[2023-11-16T06:31:43.271+0000][7][gc,start    ] GC(536) Pause Young (Concurrent Start) (G1 Evacuation Pause)
[2023-11-16T06:31:43.271+0000][7][gc,task     ] GC(536) Using 8 workers of 8 for evacuation
[2023-11-16T06:31:43.271+0000][7][gc,age      ] GC(536) Desired survivor size 18874368 bytes, new threshold 15 (max threshold 15)
[2023-11-16T06:31:43.273+0000][7][gc,age      ] GC(536) Age table with threshold 15 (max threshold 15)
[2023-11-16T06:31:43.274+0000][7][gc,age      ] GC(536) - age   1:    1949112 bytes,    1949112 total
[2023-11-16T06:31:43.274+0000][7][gc,age      ] GC(536) - age   2:     619712 bytes,    2568824 total
[2023-11-16T06:31:43.274+0000][7][gc,age      ] GC(536) - age   3:     167464 bytes,    2736288 total
[2023-11-16T06:31:43.274+0000][7][gc,age      ] GC(536) - age   4:         96 bytes,    2736384 total
[2023-11-16T06:31:43.274+0000][7][gc,age      ] GC(536) - age   5:     159504 bytes,    2895888 total
[2023-11-16T06:31:43.274+0000][7][gc,age      ] GC(536) - age   6:      23728 bytes,    2919616 total
[2023-11-16T06:31:43.274+0000][7][gc,phases   ] GC(536)   Pre Evacuate Collection Set: 0.3ms
[2023-11-16T06:31:43.274+0000][7][gc,phases   ] GC(536)   Merge Heap Roots: 0.1ms
[2023-11-16T06:31:43.274+0000][7][gc,phases   ] GC(536)   Evacuate Collection Set: 1.7ms
[2023-11-16T06:31:43.274+0000][7][gc,phases   ] GC(536)   Post Evacuate Collection Set: 0.7ms
[2023-11-16T06:31:43.274+0000][7][gc,phases   ] GC(536)   Other: 0.2ms
[2023-11-16T06:31:43.274+0000][7][gc,heap     ] GC(536) Eden regions: 69->0(69)
[2023-11-16T06:31:43.274+0000][7][gc,heap     ] GC(536) Survivor regions: 1->1(9)
[2023-11-16T06:31:43.274+0000][7][gc,heap     ] GC(536) Old regions: 29->29
[2023-11-16T06:31:43.274+0000][7][gc,heap     ] GC(536) Archive regions: 2->2
[2023-11-16T06:31:43.274+0000][7][gc,heap     ] GC(536) Humongous regions: 5->5
[2023-11-16T06:31:43.274+0000][7][gc,metaspace] GC(536) Metaspace: 120768K(122496K)->120768K(122496K) NonClass: 104884K(105856K)->104884K(105856K) Class: 15883K(16640K)->15883K(16640K)
[2023-11-16T06:31:43.274+0000][7][gc          ] GC(536) Pause Young (Concurrent Start) (G1 Evacuation Pause) 414M->139M(512M) 3.047ms
[2023-11-16T06:31:43.274+0000][7][gc,cpu      ] GC(536) User=0.01s Sys=0.00s Real=0.00s
[2023-11-16T06:31:43.274+0000][7][gc          ] GC(537) Concurrent Mark Cycle
[2023-11-16T06:31:43.274+0000][7][gc,marking  ] GC(537) Concurrent Clear Claimed Marks
[2023-11-16T06:31:43.274+0000][7][safepoint   ] Safepoint "G1CollectForAllocation", Time since last: 218240326 ns, Reaching safepoint: 37202 ns, At safepoint: 3167795 ns, Total: 3204997 ns
[2023-11-16T06:31:43.274+0000][7][gc,marking  ] GC(537) Concurrent Clear Claimed Marks 0.137ms
[2023-11-16T06:31:43.274+0000][7][gc,marking  ] GC(537) Concurrent Scan Root Regions
[2023-11-16T06:31:43.278+0000][7][gc,marking  ] GC(537) Concurrent Scan Root Regions 4.196ms
[2023-11-16T06:31:43.278+0000][7][gc,marking  ] GC(537) Concurrent Mark
[2023-11-16T06:31:43.278+0000][7][gc,marking  ] GC(537) Concurrent Mark From Roots
[2023-11-16T06:31:43.278+0000][7][gc,task     ] GC(537) Using 2 workers of 2 for marking
[2023-11-16T06:31:43.386+0000][7][gc,marking  ] GC(537) Concurrent Mark From Roots 108.148ms
[2023-11-16T06:31:43.386+0000][7][gc,marking  ] GC(537) Concurrent Preclean
[2023-11-16T06:31:43.387+0000][7][gc,marking  ] GC(537) Concurrent Preclean 0.301ms
[2023-11-16T06:31:43.387+0000][7][gc,start    ] GC(537) Pause Remark
[2023-11-16T06:31:43.398+0000][7][gc          ] GC(537) Pause Remark 153M->153M(512M) 10.830ms
[2023-11-16T06:31:43.398+0000][7][gc,cpu      ] GC(537) User=0.06s Sys=0.00s Real=0.01s
[2023-11-16T06:31:43.398+0000][7][safepoint   ] Safepoint "G1Concurrent", Time since last: 112910641 ns, Reaching safepoint: 44281 ns, At safepoint: 10999584 ns, Total: 11043865 ns
[2023-11-16T06:31:43.398+0000][7][gc,marking  ] GC(537) Concurrent Mark 119.596ms
[2023-11-16T06:31:43.398+0000][7][gc,marking  ] GC(537) Concurrent Rebuild Remembered Sets
[2023-11-16T06:31:43.436+0000][7][gc,marking  ] GC(537) Concurrent Rebuild Remembered Sets 38.300ms
[2023-11-16T06:31:43.436+0000][7][gc,start    ] GC(537) Pause Cleanup
[2023-11-16T06:31:43.436+0000][7][gc          ] GC(537) Pause Cleanup 155M->155M(512M) 0.093ms
[2023-11-16T06:31:43.436+0000][7][gc,cpu      ] GC(537) User=0.00s Sys=0.00s Real=0.00s
[2023-11-16T06:31:43.436+0000][7][safepoint   ] Safepoint "G1Concurrent", Time since last: 38435859 ns, Reaching safepoint: 25293 ns, At safepoint: 131014 ns, Total: 156307 ns
[2023-11-16T06:31:43.436+0000][7][gc,marking  ] GC(537) Concurrent Cleanup for Next Mark
[2023-11-16T06:31:43.437+0000][7][gc,marking  ] GC(537) Concurrent Cleanup for Next Mark 0.755ms
[2023-11-16T06:31:43.437+0000][7][gc          ] GC(537) Concurrent Mark Cycle 163.448ms
[2023-11-16T06:31:49.623+0000][7][gc,start    ] GC(538) Pause Young (Prepare Mixed) (G1 Evacuation Pause)
[2023-11-16T06:31:49.623+0000][7][gc,task     ] GC(538) Using 8 workers of 8 for evacuation
[2023-11-16T06:31:49.623+0000][7][gc,age      ] GC(538) Desired survivor size 18874368 bytes, new threshold 15 (max threshold 15)
[2023-11-16T06:31:49.626+0000][7][gc,age      ] GC(538) Age table with threshold 15 (max threshold 15)
[2023-11-16T06:31:49.626+0000][7][gc,age      ] GC(538) - age   1:    1680736 bytes,    1680736 total
[2023-11-16T06:31:49.626+0000][7][gc,age      ] GC(538) - age   2:     712144 bytes,    2392880 total
[2023-11-16T06:31:49.626+0000][7][gc,age      ] GC(538) - age   3:     615168 bytes,    3008048 total
[2023-11-16T06:31:49.626+0000][7][gc,age      ] GC(538) - age   4:     158760 bytes,    3166808 total
[2023-11-16T06:31:49.626+0000][7][gc,age      ] GC(538) - age   6:     154552 bytes,    3321360 total
[2023-11-16T06:31:49.626+0000][7][gc,age      ] GC(538) - age   7:      22552 bytes,    3343912 total
[2023-11-16T06:31:49.626+0000][7][gc,phases   ] GC(538)   Pre Evacuate Collection Set: 0.1ms
[2023-11-16T06:31:49.626+0000][7][gc,phases   ] GC(538)   Merge Heap Roots: 0.0ms
[2023-11-16T06:31:49.626+0000][7][gc,phases   ] GC(538)   Evacuate Collection Set: 1.9ms
[2023-11-16T06:31:49.626+0000][7][gc,phases   ] GC(538)   Post Evacuate Collection Set: 0.6ms
[2023-11-16T06:31:49.626+0000][7][gc,phases   ] GC(538)   Other: 0.3ms
[2023-11-16T06:31:49.626+0000][7][gc,heap     ] GC(538) Eden regions: 69->0(5)
[2023-11-16T06:31:49.626+0000][7][gc,heap     ] GC(538) Survivor regions: 1->1(9)
[2023-11-16T06:31:49.626+0000][7][gc,heap     ] GC(538) Old regions: 29->29
[2023-11-16T06:31:49.626+0000][7][gc,heap     ] GC(538) Archive regions: 2->2
[2023-11-16T06:31:49.626+0000][7][gc,heap     ] GC(538) Humongous regions: 5->5
[2023-11-16T06:31:49.626+0000][7][gc,metaspace] GC(538) Metaspace: 120768K(122496K)->120768K(122496K) NonClass: 104884K(105856K)->104884K(105856K) Class: 15883K(16640K)->15883K(16640K)
[2023-11-16T06:31:49.626+0000][7][gc          ] GC(538) Pause Young (Prepare Mixed) (G1 Evacuation Pause) 415M->139M(512M) 2.823ms
[2023-11-16T06:31:49.626+0000][7][gc,cpu      ] GC(538) User=0.02s Sys=0.00s Real=0.00s
[2023-11-16T06:31:49.626+0000][7][safepoint   ] Safepoint "G1CollectForAllocation", Time since last: 6186713708 ns, Reaching safepoint: 52810 ns, At safepoint: 2979807 ns, Total: 3032617 ns
[2023-11-16T06:31:50.333+0000][7][gc,start    ] GC(539) Pause Young (Mixed) (G1 Evacuation Pause)
[2023-11-16T06:31:50.333+0000][7][gc,task     ] GC(539) Using 8 workers of 8 for evacuation
[2023-11-16T06:31:50.333+0000][7][gc,age      ] GC(539) Desired survivor size 2097152 bytes, new threshold 2 (max threshold 15)
[2023-11-16T06:31:50.341+0000][7][gc,age      ] GC(539) Age table with threshold 2 (max threshold 15)
[2023-11-16T06:31:50.341+0000][7][gc,age      ] GC(539) - age   1:     202936 bytes,     202936 total
[2023-11-16T06:31:50.341+0000][7][gc,age      ] GC(539) - age   2:    1415808 bytes,    1618744 total
[2023-11-16T06:31:50.341+0000][7][gc,phases   ] GC(539)   Pre Evacuate Collection Set: 0.1ms
[2023-11-16T06:31:50.341+0000][7][gc,phases   ] GC(539)   Merge Heap Roots: 0.0ms
[2023-11-16T06:31:50.341+0000][7][gc,phases   ] GC(539)   Evacuate Collection Set: 7.8ms
[2023-11-16T06:31:50.341+0000][7][gc,phases   ] GC(539)   Post Evacuate Collection Set: 0.5ms
[2023-11-16T06:31:50.341+0000][7][gc,phases   ] GC(539)   Other: 0.2ms
[2023-11-16T06:31:50.341+0000][7][gc,heap     ] GC(539) Eden regions: 5->0(69)
[2023-11-16T06:31:50.341+0000][7][gc,heap     ] GC(539) Survivor regions: 1->1(1)
[2023-11-16T06:31:50.341+0000][7][gc,heap     ] GC(539) Old regions: 29->29
[2023-11-16T06:31:50.341+0000][7][gc,heap     ] GC(539) Archive regions: 2->2
[2023-11-16T06:31:50.341+0000][7][gc,heap     ] GC(539) Humongous regions: 5->5
[2023-11-16T06:31:50.341+0000][7][gc,metaspace] GC(539) Metaspace: 120768K(122496K)->120768K(122496K) NonClass: 104884K(105856K)->104884K(105856K) Class: 15883K(16640K)->15883K(16640K)
[2023-11-16T06:31:50.341+0000][7][gc          ] GC(539) Pause Young (Mixed) (G1 Evacuation Pause) 159M->138M(512M) 8.633ms
[2023-11-16T06:31:50.342+0000][7][gc,cpu      ] GC(539) User=0.02s Sys=0.01s Real=0.01s
[2023-11-16T06:31:50.342+0000][7][safepoint   ] Safepoint "G1CollectForAllocation", Time since last: 706755813 ns, Reaching safepoint: 83492 ns, At safepoint: 8715908 ns, Total: 8799400 ns
[2023-11-16T06:31:57.342+0000][7][safepoint   ] Safepoint "Cleanup", Time since last: 7000841241 ns, Reaching safepoint: 79911 ns, At safepoint: 4681 ns, Total: 84592 ns
[2023-11-16T06:31:58.457+0000][7][gc,start    ] GC(540) Pause Young (Normal) (G1 Evacuation Pause)
[2023-11-16T06:31:58.457+0000][7][gc,task     ] GC(540) Using 8 workers of 8 for evacuation
[2023-11-16T06:31:58.457+0000][7][gc,age      ] GC(540) Desired survivor size 18874368 bytes, new threshold 15 (max threshold 15)
[2023-11-16T06:31:58.460+0000][7][gc,age      ] GC(540) Age table with threshold 15 (max threshold 15)
[2023-11-16T06:31:58.460+0000][7][gc,age      ] GC(540) - age   1:    2565792 bytes,    2565792 total
[2023-11-16T06:31:58.460+0000][7][gc,age      ] GC(540) - age   2:         32 bytes,    2565824 total
[2023-11-16T06:31:58.460+0000][7][gc,age      ] GC(540) - age   3:      28440 bytes,    2594264 total
[2023-11-16T06:31:58.460+0000][7][gc,phases   ] GC(540)   Pre Evacuate Collection Set: 0.1ms
[2023-11-16T06:31:58.460+0000][7][gc,phases   ] GC(540)   Merge Heap Roots: 0.1ms
[2023-11-16T06:31:58.460+0000][7][gc,phases   ] GC(540)   Evacuate Collection Set: 2.0ms
[2023-11-16T06:31:58.460+0000][7][gc,phases   ] GC(540)   Post Evacuate Collection Set: 0.8ms
[2023-11-16T06:31:58.460+0000][7][gc,phases   ] GC(540)   Other: 0.2ms
[2023-11-16T06:31:58.460+0000][7][gc,heap     ] GC(540) Eden regions: 69->0(69)
[2023-11-16T06:31:58.460+0000][7][gc,heap     ] GC(540) Survivor regions: 1->1(9)
[2023-11-16T06:31:58.460+0000][7][gc,heap     ] GC(540) Old regions: 29->29
[2023-11-16T06:31:58.460+0000][7][gc,heap     ] GC(540) Archive regions: 2->2
[2023-11-16T06:31:58.460+0000][7][gc,heap     ] GC(540) Humongous regions: 5->5
[2023-11-16T06:31:58.460+0000][7][gc,metaspace] GC(540) Metaspace: 120768K(122496K)->120768K(122496K) NonClass: 104885K(105856K)->104885K(105856K) Class: 15883K(16640K)->15883K(16640K)
[2023-11-16T06:31:58.460+0000][7][gc          ] GC(540) Pause Young (Normal) (G1 Evacuation Pause) 414M->138M(512M) 3.249ms
[2023-11-16T06:31:58.460+0000][7][gc,cpu      ] GC(540) User=0.02s Sys=0.00s Real=0.01s
[2023-11-16T06:31:58.460+0000][7][safepoint   ] Safepoint "G1CollectForAllocation", Time since last: 1114026107 ns, Reaching safepoint: 83501 ns, At safepoint: 3319070 ns, Total: 3402571 ns
[2023-11-16T06:32:05.471+0000][7][gc,start    ] GC(541) Pause Young (Normal) (G1 Evacuation Pause)
[2023-11-16T06:32:05.471+0000][7][gc,task     ] GC(541) Using 8 workers of 8 for evacuation
[2023-11-16T06:32:05.471+0000][7][gc,age      ] GC(541) Desired survivor size 18874368 bytes, new threshold 15 (max threshold 15)
[2023-11-16T06:32:05.474+0000][7][gc,age      ] GC(541) Age table with threshold 15 (max threshold 15)
[2023-11-16T06:32:05.474+0000][7][gc,age      ] GC(541) - age   1:    2322016 bytes,    2322016 total
[2023-11-16T06:32:05.474+0000][7][gc,age      ] GC(541) - age   2:     272408 bytes,    2594424 total
[2023-11-16T06:32:05.474+0000][7][gc,age      ] GC(541) - age   3:         32 bytes,    2594456 total
[2023-11-16T06:32:05.474+0000][7][gc,age      ] GC(541) - age   4:      25928 bytes,    2620384 total
[2023-11-16T06:32:05.475+0000][7][gc,phases   ] GC(541)   Pre Evacuate Collection Set: 0.1ms
[2023-11-16T06:32:05.475+0000][7][gc,phases   ] GC(541)   Merge Heap Roots: 0.0ms
[2023-11-16T06:32:05.475+0000][7][gc,phases   ] GC(541)   Evacuate Collection Set: 1.7ms
[2023-11-16T06:32:05.475+0000][7][gc,phases   ] GC(541)   Post Evacuate Collection Set: 1.4ms
[2023-11-16T06:32:05.475+0000][7][gc,phases   ] GC(541)   Other: 0.4ms
[2023-11-16T06:32:05.475+0000][7][gc,heap     ] GC(541) Eden regions: 69->0(69)
[2023-11-16T06:32:05.475+0000][7][gc,heap     ] GC(541) Survivor regions: 1->1(9)
[2023-11-16T06:32:05.475+0000][7][gc,heap     ] GC(541) Old regions: 29->29
[2023-11-16T06:32:05.475+0000][7][gc,heap     ] GC(541) Archive regions: 2->2
[2023-11-16T06:32:05.475+0000][7][gc,heap     ] GC(541) Humongous regions: 5->5
[2023-11-16T06:32:05.475+0000][7][gc,metaspace] GC(541) Metaspace: 120768K(122496K)->120768K(122496K) NonClass: 104885K(105856K)->104885K(105856K) Class: 15883K(16640K)->15883K(16640K)
[2023-11-16T06:32:05.475+0000][7][gc          ] GC(541) Pause Young (Normal) (G1 Evacuation Pause) 414M->138M(512M) 3.729ms
[2023-11-16T06:32:05.475+0000][7][gc,cpu      ] GC(541) User=0.01s Sys=0.00s Real=0.00s
[2023-11-16T06:32:05.475+0000][7][safepoint   ] Safepoint "G1CollectForAllocation", Time since last: 7010902263 ns, Reaching safepoint: 88015 ns, At safepoint: 3839286 ns, Total: 3927301 ns
[2023-11-16T06:32:12.534+0000][7][gc,start    ] GC(542) Pause Young (Concurrent Start) (G1 Evacuation Pause)
[2023-11-16T06:32:12.534+0000][7][gc,task     ] GC(542) Using 8 workers of 8 for evacuation
[2023-11-16T06:32:12.534+0000][7][gc,age      ] GC(542) Desired survivor size 18874368 bytes, new threshold 15 (max threshold 15)
[2023-11-16T06:32:12.536+0000][7][gc,age      ] GC(542) Age table with threshold 15 (max threshold 15)
[2023-11-16T06:32:12.536+0000][7][gc,age      ] GC(542) - age   1:    1639624 bytes,    1639624 total
[2023-11-16T06:32:12.537+0000][7][gc,age      ] GC(542) - age   2:     492128 bytes,    2131752 total
[2023-11-16T06:32:12.537+0000][7][gc,age      ] GC(542) - age   3:     270560 bytes,    2402312 total
[2023-11-16T06:32:12.537+0000][7][gc,age      ] GC(542) - age   4:         32 bytes,    2402344 total
[2023-11-16T06:32:12.537+0000][7][gc,age      ] GC(542) - age   5:      25864 bytes,    2428208 total
[2023-11-16T06:32:12.537+0000][7][gc,phases   ] GC(542)   Pre Evacuate Collection Set: 0.2ms
[2023-11-16T06:32:12.537+0000][7][gc,phases   ] GC(542)   Merge Heap Roots: 0.1ms
[2023-11-16T06:32:12.537+0000][7][gc,phases   ] GC(542)   Evacuate Collection Set: 1.7ms
[2023-11-16T06:32:12.537+0000][7][gc,phases   ] GC(542)   Post Evacuate Collection Set: 0.5ms
[2023-11-16T06:32:12.537+0000][7][gc,phases   ] GC(542)   Other: 0.2ms
[2023-11-16T06:32:12.537+0000][7][gc,heap     ] GC(542) Eden regions: 69->0(69)
[2023-11-16T06:32:12.537+0000][7][gc,heap     ] GC(542) Survivor regions: 1->1(9)
[2023-11-16T06:32:12.537+0000][7][gc,heap     ] GC(542) Old regions: 29->29
[2023-11-16T06:32:12.537+0000][7][gc,heap     ] GC(542) Archive regions: 2->2
[2023-11-16T06:32:12.537+0000][7][gc,heap     ] GC(542) Humongous regions: 5->5
[2023-11-16T06:32:12.537+0000][7][gc,metaspace] GC(542) Metaspace: 120769K(122496K)->120769K(122496K) NonClass: 104885K(105856K)->104885K(105856K) Class: 15883K(16640K)->15883K(16640K)
[2023-11-16T06:32:12.537+0000][7][gc          ] GC(542) Pause Young (Concurrent Start) (G1 Evacuation Pause) 414M->138M(512M) 2.699ms
[2023-11-16T06:32:12.537+0000][7][gc,cpu      ] GC(542) User=0.01s Sys=0.00s Real=0.00s
[2023-11-16T06:32:12.537+0000][7][safepoint   ] Safepoint "G1CollectForAllocation", Time since last: 7059140918 ns, Reaching safepoint: 59143 ns, At safepoint: 2801995 ns, Total: 2861138 ns
[2023-11-16T06:32:12.537+0000][7][gc          ] GC(543) Concurrent Mark Cycle
[2023-11-16T06:32:12.537+0000][7][gc,marking  ] GC(543) Concurrent Clear Claimed Marks
[2023-11-16T06:32:12.537+0000][7][gc,marking  ] GC(543) Concurrent Clear Claimed Marks 0.118ms
[2023-11-16T06:32:12.537+0000][7][gc,marking  ] GC(543) Concurrent Scan Root Regions
[2023-11-16T06:32:12.541+0000][7][gc,marking  ] GC(543) Concurrent Scan Root Regions 4.467ms
[2023-11-16T06:32:12.541+0000][7][gc,marking  ] GC(543) Concurrent Mark
[2023-11-16T06:32:12.541+0000][7][gc,marking  ] GC(543) Concurrent Mark From Roots
[2023-11-16T06:32:12.541+0000][7][gc,task     ] GC(543) Using 2 workers of 2 for marking
[2023-11-16T06:32:12.608+0000][7][gc,marking  ] GC(543) Concurrent Mark From Roots 66.419ms
[2023-11-16T06:32:12.608+0000][7][gc,marking  ] GC(543) Concurrent Preclean
[2023-11-16T06:32:12.608+0000][7][gc,marking  ] GC(543) Concurrent Preclean 0.200ms
[2023-11-16T06:32:12.608+0000][7][gc,start    ] GC(543) Pause Remark
[2023-11-16T06:32:12.614+0000][7][gc          ] GC(543) Pause Remark 151M->151M(512M) 6.075ms
[2023-11-16T06:32:12.614+0000][7][gc,cpu      ] GC(543) User=0.04s Sys=0.01s Real=0.01s
[2023-11-16T06:32:12.614+0000][7][safepoint   ] Safepoint "G1Concurrent", Time since last: 71391345 ns, Reaching safepoint: 54648 ns, At safepoint: 6171711 ns, Total: 6226359 ns
[2023-11-16T06:32:12.614+0000][7][gc,marking  ] GC(543) Concurrent Mark 72.998ms
[2023-11-16T06:32:12.614+0000][7][gc,marking  ] GC(543) Concurrent Rebuild Remembered Sets
[2023-11-16T06:32:12.647+0000][7][gc,marking  ] GC(543) Concurrent Rebuild Remembered Sets 33.061ms
[2023-11-16T06:32:12.648+0000][7][gc,start    ] GC(543) Pause Cleanup
[2023-11-16T06:32:12.648+0000][7][gc          ] GC(543) Pause Cleanup 151M->151M(512M) 0.086ms
[2023-11-16T06:32:12.648+0000][7][gc,cpu      ] GC(543) User=0.00s Sys=0.00s Real=0.00s
[2023-11-16T06:32:12.648+0000][7][safepoint   ] Safepoint "G1Concurrent", Time since last: 33205163 ns, Reaching safepoint: 24243 ns, At safepoint: 168026 ns, Total: 192269 ns
[2023-11-16T06:32:12.648+0000][7][gc,marking  ] GC(543) Concurrent Cleanup for Next Mark
[2023-11-16T06:32:12.648+0000][7][gc,marking  ] GC(543) Concurrent Cleanup for Next Mark 0.387ms
[2023-11-16T06:32:12.648+0000][7][gc          ] GC(543) Concurrent Mark Cycle 111.519ms
[2023-11-16T06:32:19.595+0000][7][gc,start    ] GC(544) Pause Young (Prepare Mixed) (G1 Evacuation Pause)
[2023-11-16T06:32:19.595+0000][7][gc,task     ] GC(544) Using 8 workers of 8 for evacuation
[2023-11-16T06:32:19.595+0000][7][gc,age      ] GC(544) Desired survivor size 18874368 bytes, new threshold 15 (max threshold 15)
[2023-11-16T06:32:19.598+0000][7][gc,age      ] GC(544) Age table with threshold 15 (max threshold 15)
[2023-11-16T06:32:19.598+0000][7][gc,age      ] GC(544) - age   1:    1321616 bytes,    1321616 total
[2023-11-16T06:32:19.598+0000][7][gc,age      ] GC(544) - age   2:     497344 bytes,    1818960 total
[2023-11-16T06:32:19.598+0000][7][gc,age      ] GC(544) - age   3:     490120 bytes,    2309080 total
[2023-11-16T06:32:19.598+0000][7][gc,age      ] GC(544) - age   4:     138648 bytes,    2447728 total
[2023-11-16T06:32:19.598+0000][7][gc,age      ] GC(544) - age   6:      10272 bytes,    2458000 total
[2023-11-16T06:32:19.598+0000][7][gc,phases   ] GC(544)   Pre Evacuate Collection Set: 0.1ms
[2023-11-16T06:32:19.598+0000][7][gc,phases   ] GC(544)   Merge Heap Roots: 0.1ms
[2023-11-16T06:32:19.598+0000][7][gc,phases   ] GC(544)   Evacuate Collection Set: 1.7ms
[2023-11-16T06:32:19.598+0000][7][gc,phases   ] GC(544)   Post Evacuate Collection Set: 0.6ms
[2023-11-16T06:32:19.598+0000][7][gc,phases   ] GC(544)   Other: 0.3ms
[2023-11-16T06:32:19.598+0000][7][gc,heap     ] GC(544) Eden regions: 69->0(5)
[2023-11-16T06:32:19.598+0000][7][gc,heap     ] GC(544) Survivor regions: 1->1(9)
[2023-11-16T06:32:19.598+0000][7][gc,heap     ] GC(544) Old regions: 29->29
[2023-11-16T06:32:19.598+0000][7][gc,heap     ] GC(544) Archive regions: 2->2
[2023-11-16T06:32:19.598+0000][7][gc,heap     ] GC(544) Humongous regions: 5->5
[2023-11-16T06:32:19.598+0000][7][gc,metaspace] GC(544) Metaspace: 120769K(122496K)->120769K(122496K) NonClass: 104885K(105856K)->104885K(105856K) Class: 15883K(16640K)->15883K(16640K)
[2023-11-16T06:32:19.598+0000][7][gc          ] GC(544) Pause Young (Prepare Mixed) (G1 Evacuation Pause) 414M->138M(512M) 2.745ms
[2023-11-16T06:32:19.598+0000][7][gc,cpu      ] GC(544) User=0.01s Sys=0.00s Real=0.00s
[2023-11-16T06:32:19.598+0000][7][safepoint   ] Safepoint "G1CollectForAllocation", Time since last: 6947435941 ns, Reaching safepoint: 125642 ns, At safepoint: 2860942 ns, Total: 2986584 ns
[2023-11-16T06:32:20.138+0000][7][gc,start    ] GC(545) Pause Young (Mixed) (G1 Evacuation Pause)
[2023-11-16T06:32:20.138+0000][7][gc,task     ] GC(545) Using 8 workers of 8 for evacuation
[2023-11-16T06:32:20.138+0000][7][gc,age      ] GC(545) Desired survivor size 2097152 bytes, new threshold 3 (max threshold 15)
[2023-11-16T06:32:20.142+0000][7][gc,age      ] GC(545) Age table with threshold 3 (max threshold 15)
[2023-11-16T06:32:20.142+0000][7][gc,age      ] GC(545) - age   1:     662744 bytes,     662744 total
[2023-11-16T06:32:20.142+0000][7][gc,age      ] GC(545) - age   2:     720424 bytes,    1383168 total
[2023-11-16T06:32:20.142+0000][7][gc,age      ] GC(545) - age   3:     496304 bytes,    1879472 total
[2023-11-16T06:32:20.142+0000][7][gc,phases   ] GC(545)   Pre Evacuate Collection Set: 0.0ms
[2023-11-16T06:32:20.143+0000][7][gc,phases   ] GC(545)   Merge Heap Roots: 0.0ms
[2023-11-16T06:32:20.143+0000][7][gc,phases   ] GC(545)   Evacuate Collection Set: 3.6ms
[2023-11-16T06:32:20.143+0000][7][gc,phases   ] GC(545)   Post Evacuate Collection Set: 0.6ms
[2023-11-16T06:32:20.143+0000][7][gc,phases   ] GC(545)   Other: 0.3ms
[2023-11-16T06:32:20.143+0000][7][gc,heap     ] GC(545) Eden regions: 5->0(70)
[2023-11-16T06:32:20.143+0000][7][gc,heap     ] GC(545) Survivor regions: 1->1(1)
[2023-11-16T06:32:20.143+0000][7][gc,heap     ] GC(545) Old regions: 29->28
[2023-11-16T06:32:20.143+0000][7][gc,heap     ] GC(545) Archive regions: 2->2
[2023-11-16T06:32:20.143+0000][7][gc,heap     ] GC(545) Humongous regions: 5->5
[2023-11-16T06:32:20.143+0000][7][gc,metaspace] GC(545) Metaspace: 120769K(122496K)->120769K(122496K) NonClass: 104885K(105856K)->104885K(105856K) Class: 15883K(16640K)->15883K(16640K)
[2023-11-16T06:32:20.143+0000][7][gc          ] GC(545) Pause Young (Mixed) (G1 Evacuation Pause) 158M->137M(512M) 4.579ms
[2023-11-16T06:32:20.143+0000][7][gc,cpu      ] GC(545) User=0.01s Sys=0.00s Real=0.01s
[2023-11-16T06:32:20.143+0000][7][safepoint   ] Safepoint "G1CollectForAllocation", Time since last: 539773539 ns, Reaching safepoint: 28350 ns, At safepoint: 4677978 ns, Total: 4706328 ns
[2023-11-16T06:32:34.457+0000][7][gc,start    ] GC(546) Pause Young (Normal) (G1 Evacuation Pause)
[2023-11-16T06:32:34.457+0000][7][gc,task     ] GC(546) Using 8 workers of 8 for evacuation
[2023-11-16T06:32:34.457+0000][7][gc,age      ] GC(546) Desired survivor size 18874368 bytes, new threshold 15 (max threshold 15)
[2023-11-16T06:32:34.476+0000][7][gc,age      ] GC(546) Age table with threshold 15 (max threshold 15)
[2023-11-16T06:32:34.476+0000][7][gc,age      ] GC(546) - age   1:    2041864 bytes,    2041864 total
[2023-11-16T06:32:34.476+0000][7][gc,age      ] GC(546) - age   2:     100128 bytes,    2141992 total
[2023-11-16T06:32:34.476+0000][7][gc,age      ] GC(546) - age   3:     326512 bytes,    2468504 total
[2023-11-16T06:32:34.476+0000][7][gc,age      ] GC(546) - age   4:     150824 bytes,    2619328 total
[2023-11-16T06:32:34.476+0000][7][gc,phases   ] GC(546)   Pre Evacuate Collection Set: 0.1ms
[2023-11-16T06:32:34.476+0000][7][gc,phases   ] GC(546)   Merge Heap Roots: 0.0ms
[2023-11-16T06:32:34.476+0000][7][gc,phases   ] GC(546)   Evacuate Collection Set: 17.7ms
[2023-11-16T06:32:34.476+0000][7][gc,phases   ] GC(546)   Post Evacuate Collection Set: 0.4ms
[2023-11-16T06:32:34.476+0000][7][gc,phases   ] GC(546)   Other: 0.2ms
[2023-11-16T06:32:34.476+0000][7][gc,heap     ] GC(546) Eden regions: 70->0(70)
[2023-11-16T06:32:34.476+0000][7][gc,heap     ] GC(546) Survivor regions: 1->1(9)
[2023-11-16T06:32:34.476+0000][7][gc,heap     ] GC(546) Old regions: 28->28
[2023-11-16T06:32:34.476+0000][7][gc,heap     ] GC(546) Archive regions: 2->2
[2023-11-16T06:32:34.476+0000][7][gc,heap     ] GC(546) Humongous regions: 5->5
[2023-11-16T06:32:34.476+0000][7][gc,metaspace] GC(546) Metaspace: 120769K(122496K)->120769K(122496K) NonClass: 104885K(105856K)->104885K(105856K) Class: 15883K(16640K)->15883K(16640K)
[2023-11-16T06:32:34.476+0000][7][gc          ] GC(546) Pause Young (Normal) (G1 Evacuation Pause) 417M->138M(512M) 18.561ms
[2023-11-16T06:32:34.476+0000][7][gc,cpu      ] GC(546) User=0.01s Sys=0.01s Real=0.02s
[2023-11-16T06:32:34.476+0000][7][safepoint   ] Safepoint "G1CollectForAllocation", Time since last: 14314413130 ns, Reaching safepoint: 45049 ns, At safepoint: 18660251 ns, Total: 18705300 ns
[2023-11-16T06:32:35.476+0000][7][safepoint   ] Safepoint "Cleanup", Time since last: 1000108623 ns, Reaching safepoint: 46507 ns, At safepoint: 5196 ns, Total: 51703 ns
[2023-11-16T06:32:40.765+0000][7][gc,start    ] GC(547) Pause Young (Normal) (G1 Evacuation Pause)
[2023-11-16T06:32:40.765+0000][7][gc,task     ] GC(547) Using 8 workers of 8 for evacuation
[2023-11-16T06:32:40.765+0000][7][gc,age      ] GC(547) Desired survivor size 18874368 bytes, new threshold 15 (max threshold 15)
[2023-11-16T06:32:40.767+0000][7][gc,age      ] GC(547) Age table with threshold 15 (max threshold 15)
[2023-11-16T06:32:40.767+0000][7][gc,age      ] GC(547) - age   1:    1878632 bytes,    1878632 total
[2023-11-16T06:32:40.767+0000][7][gc,age      ] GC(547) - age   2:     493256 bytes,    2371888 total
[2023-11-16T06:32:40.767+0000][7][gc,age      ] GC(547) - age   4:     128552 bytes,    2500440 total
[2023-11-16T06:32:40.767+0000][7][gc,age      ] GC(547) - age   5:     150088 bytes,    2650528 total
[2023-11-16T06:32:40.767+0000][7][gc,phases   ] GC(547)   Pre Evacuate Collection Set: 0.1ms
[2023-11-16T06:32:40.767+0000][7][gc,phases   ] GC(547)   Merge Heap Roots: 0.0ms
[2023-11-16T06:32:40.767+0000][7][gc,phases   ] GC(547)   Evacuate Collection Set: 1.3ms
[2023-11-16T06:32:40.767+0000][7][gc,phases   ] GC(547)   Post Evacuate Collection Set: 0.7ms
[2023-11-16T06:32:40.767+0000][7][gc,phases   ] GC(547)   Other: 0.2ms
[2023-11-16T06:32:40.767+0000][7][gc,heap     ] GC(547) Eden regions: 70->0(70)
[2023-11-16T06:32:40.767+0000][7][gc,heap     ] GC(547) Survivor regions: 1->1(9)
[2023-11-16T06:32:40.767+0000][7][gc,heap     ] GC(547) Old regions: 28->28
[2023-11-16T06:32:40.767+0000][7][gc,heap     ] GC(547) Archive regions: 2->2
[2023-11-16T06:32:40.767+0000][7][gc,heap     ] GC(547) Humongous regions: 5->5
[2023-11-16T06:32:40.767+0000][7][gc,metaspace] GC(547) Metaspace: 120773K(122496K)->120773K(122496K) NonClass: 104890K(105856K)->104890K(105856K) Class: 15883K(16640K)->15883K(16640K)
[2023-11-16T06:32:40.767+0000][7][gc          ] GC(547) Pause Young (Normal) (G1 Evacuation Pause) 418M->138M(512M) 2.340ms
[2023-11-16T06:32:40.767+0000][7][gc,cpu      ] GC(547) User=0.01s Sys=0.00s Real=0.00s
[2023-11-16T06:32:40.767+0000][7][safepoint   ] Safepoint "G1CollectForAllocation", Time since last: 5288709164 ns, Reaching safepoint: 62199 ns, At safepoint: 2411659 ns, Total: 2473858 ns
[2023-11-16T06:32:47.258+0000][7][gc,start    ] GC(548) Pause Young (Concurrent Start) (G1 Evacuation Pause)
[2023-11-16T06:32:47.259+0000][7][gc,task     ] GC(548) Using 8 workers of 8 for evacuation
[2023-11-16T06:32:47.259+0000][7][gc,age      ] GC(548) Desired survivor size 18874368 bytes, new threshold 15 (max threshold 15)
[2023-11-16T06:32:47.262+0000][7][gc,age      ] GC(548) Age table with threshold 15 (max threshold 15)
[2023-11-16T06:32:47.262+0000][7][gc,age      ] GC(548) - age   1:    1672728 bytes,    1672728 total
[2023-11-16T06:32:47.262+0000][7][gc,age      ] GC(548) - age   2:     470872 bytes,    2143600 total
[2023-11-16T06:32:47.262+0000][7][gc,age      ] GC(548) - age   3:     490680 bytes,    2634280 total
[2023-11-16T06:32:47.262+0000][7][gc,age      ] GC(548) - age   5:     127968 bytes,    2762248 total
[2023-11-16T06:32:47.262+0000][7][gc,age      ] GC(548) - age   6:      22424 bytes,    2784672 total
[2023-11-16T06:32:47.262+0000][7][gc,phases   ] GC(548)   Pre Evacuate Collection Set: 0.2ms
[2023-11-16T06:32:47.262+0000][7][gc,phases   ] GC(548)   Merge Heap Roots: 0.1ms
[2023-11-16T06:32:47.262+0000][7][gc,phases   ] GC(548)   Evacuate Collection Set: 2.6ms
[2023-11-16T06:32:47.262+0000][7][gc,phases   ] GC(548)   Post Evacuate Collection Set: 0.5ms
[2023-11-16T06:32:47.262+0000][7][gc,phases   ] GC(548)   Other: 0.2ms
[2023-11-16T06:32:47.262+0000][7][gc,heap     ] GC(548) Eden regions: 70->0(70)
[2023-11-16T06:32:47.262+0000][7][gc,heap     ] GC(548) Survivor regions: 1->1(9)
[2023-11-16T06:32:47.262+0000][7][gc,heap     ] GC(548) Old regions: 28->28
[2023-11-16T06:32:47.262+0000][7][gc,heap     ] GC(548) Archive regions: 2->2
[2023-11-16T06:32:47.262+0000][7][gc,heap     ] GC(548) Humongous regions: 5->5
[2023-11-16T06:32:47.262+0000][7][gc,metaspace] GC(548) Metaspace: 120776K(122496K)->120776K(122496K) NonClass: 104893K(105856K)->104893K(105856K) Class: 15883K(16640K)->15883K(16640K)
[2023-11-16T06:32:47.262+0000][7][gc          ] GC(548) Pause Young (Concurrent Start) (G1 Evacuation Pause) 418M->138M(512M) 3.662ms
[2023-11-16T06:32:47.262+0000][7][gc,cpu      ] GC(548) User=0.01s Sys=0.00s Real=0.00s
[2023-11-16T06:32:47.262+0000][7][gc          ] GC(549) Concurrent Mark Cycle
[2023-11-16T06:32:47.262+0000][7][gc,marking  ] GC(549) Concurrent Clear Claimed Marks
[2023-11-16T06:32:47.262+0000][7][safepoint   ] Safepoint "G1CollectForAllocation", Time since last: 6491289014 ns, Reaching safepoint: 73860 ns, At safepoint: 3738408 ns, Total: 3812268 ns
[2023-11-16T06:32:47.262+0000][7][gc,marking  ] GC(549) Concurrent Clear Claimed Marks 0.085ms
[2023-11-16T06:32:47.262+0000][7][gc,marking  ] GC(549) Concurrent Scan Root Regions
[2023-11-16T06:32:47.265+0000][7][gc,marking  ] GC(549) Concurrent Scan Root Regions 2.644ms
[2023-11-16T06:32:47.265+0000][7][gc,marking  ] GC(549) Concurrent Mark
[2023-11-16T06:32:47.265+0000][7][gc,marking  ] GC(549) Concurrent Mark From Roots
[2023-11-16T06:32:47.265+0000][7][gc,task     ] GC(549) Using 2 workers of 2 for marking
[2023-11-16T06:32:47.355+0000][7][gc,marking  ] GC(549) Concurrent Mark From Roots 89.894ms
[2023-11-16T06:32:47.355+0000][7][gc,marking  ] GC(549) Concurrent Preclean
[2023-11-16T06:32:47.355+0000][7][gc,marking  ] GC(549) Concurrent Preclean 0.272ms
[2023-11-16T06:32:47.355+0000][7][gc,start    ] GC(549) Pause Remark
[2023-11-16T06:32:47.364+0000][7][gc          ] GC(549) Pause Remark 144M->144M(512M) 8.581ms
[2023-11-16T06:32:47.364+0000][7][gc,cpu      ] GC(549) User=0.05s Sys=0.00s Real=0.01s
[2023-11-16T06:32:47.364+0000][7][safepoint   ] Safepoint "G1Concurrent", Time since last: 93037092 ns, Reaching safepoint: 31477 ns, At safepoint: 8669071 ns, Total: 8700548 ns
[2023-11-16T06:32:47.364+0000][7][gc,marking  ] GC(549) Concurrent Mark 98.952ms
[2023-11-16T06:32:47.364+0000][7][gc,marking  ] GC(549) Concurrent Rebuild Remembered Sets
[2023-11-16T06:32:47.426+0000][7][gc,marking  ] GC(549) Concurrent Rebuild Remembered Sets 61.900ms
[2023-11-16T06:32:47.426+0000][7][gc,start    ] GC(549) Pause Cleanup
[2023-11-16T06:32:47.426+0000][7][gc          ] GC(549) Pause Cleanup 146M->146M(512M) 0.099ms
[2023-11-16T06:32:47.426+0000][7][gc,cpu      ] GC(549) User=0.00s Sys=0.00s Real=0.00s
[2023-11-16T06:32:47.426+0000][7][safepoint   ] Safepoint "G1Concurrent", Time since last: 61992964 ns, Reaching safepoint: 35888 ns, At safepoint: 161791 ns, Total: 197679 ns
[2023-11-16T06:32:47.426+0000][7][gc,marking  ] GC(549) Concurrent Cleanup for Next Mark
[2023-11-16T06:32:47.427+0000][7][gc,marking  ] GC(549) Concurrent Cleanup for Next Mark 0.556ms
[2023-11-16T06:32:47.427+0000][7][gc          ] GC(549) Concurrent Mark Cycle 164.611ms
[2023-11-16T06:32:52.427+0000][7][safepoint   ] Safepoint "Cleanup", Time since last: 5000698749 ns, Reaching safepoint: 81651 ns, At safepoint: 7760 ns, Total: 89411 ns
[2023-11-16T06:32:53.427+0000][7][safepoint   ] Safepoint "Cleanup", Time since last: 1000092200 ns, Reaching safepoint: 48954 ns, At safepoint: 3291 ns, Total: 52245 ns
[2023-11-16T06:32:53.819+0000][7][gc,start    ] GC(550) Pause Young (Prepare Mixed) (G1 Evacuation Pause)
[2023-11-16T06:32:53.819+0000][7][gc,task     ] GC(550) Using 8 workers of 8 for evacuation
[2023-11-16T06:32:53.819+0000][7][gc,age      ] GC(550) Desired survivor size 18874368 bytes, new threshold 15 (max threshold 15)
[2023-11-16T06:32:53.822+0000][7][gc,age      ] GC(550) Age table with threshold 15 (max threshold 15)
[2023-11-16T06:32:53.822+0000][7][gc,age      ] GC(550) - age   1:    2045448 bytes,    2045448 total
[2023-11-16T06:32:53.822+0000][7][gc,age      ] GC(550) - age   2:     230872 bytes,    2276320 total
[2023-11-16T06:32:53.822+0000][7][gc,age      ] GC(550) - age   3:     212232 bytes,    2488552 total
[2023-11-16T06:32:53.822+0000][7][gc,age      ] GC(550) - age   4:     170984 bytes,    2659536 total
[2023-11-16T06:32:53.822+0000][7][gc,age      ] GC(550) - age   6:     127368 bytes,    2786904 total
[2023-11-16T06:32:53.822+0000][7][gc,age      ] GC(550) - age   7:      18144 bytes,    2805048 total
[2023-11-16T06:32:53.822+0000][7][gc,phases   ] GC(550)   Pre Evacuate Collection Set: 0.1ms
[2023-11-16T06:32:53.822+0000][7][gc,phases   ] GC(550)   Merge Heap Roots: 0.1ms
[2023-11-16T06:32:53.822+0000][7][gc,phases   ] GC(550)   Evacuate Collection Set: 2.3ms
[2023-11-16T06:32:53.822+0000][7][gc,phases   ] GC(550)   Post Evacuate Collection Set: 0.6ms
[2023-11-16T06:32:53.822+0000][7][gc,phases   ] GC(550)   Other: 0.2ms
[2023-11-16T06:32:53.822+0000][7][gc,heap     ] GC(550) Eden regions: 70->0(5)
[2023-11-16T06:32:53.822+0000][7][gc,heap     ] GC(550) Survivor regions: 1->1(9)
[2023-11-16T06:32:53.822+0000][7][gc,heap     ] GC(550) Old regions: 28->28
[2023-11-16T06:32:53.822+0000][7][gc,heap     ] GC(550) Archive regions: 2->2
[2023-11-16T06:32:53.822+0000][7][gc,heap     ] GC(550) Humongous regions: 5->5
[2023-11-16T06:32:53.822+0000][7][gc,metaspace] GC(550) Metaspace: 120797K(122496K)->120797K(122496K) NonClass: 104913K(105856K)->104913K(105856K) Class: 15883K(16640K)->15883K(16640K)
[2023-11-16T06:32:53.822+0000][7][gc          ] GC(550) Pause Young (Prepare Mixed) (G1 Evacuation Pause) 418M->138M(512M) 3.237ms
[2023-11-16T06:32:53.822+0000][7][gc,cpu      ] GC(550) User=0.02s Sys=0.00s Real=0.00s
[2023-11-16T06:32:53.822+0000][7][safepoint   ] Safepoint "G1CollectForAllocation", Time since last: 391873409 ns, Reaching safepoint: 44710 ns, At safepoint: 3323584 ns, Total: 3368294 ns
[2023-11-16T06:32:53.997+0000][7][gc,start    ] GC(551) Pause Young (Mixed) (G1 Evacuation Pause)
[2023-11-16T06:32:53.997+0000][7][gc,task     ] GC(551) Using 8 workers of 8 for evacuation
[2023-11-16T06:32:53.997+0000][7][gc,age      ] GC(551) Desired survivor size 2097152 bytes, new threshold 2 (max threshold 15)
[2023-11-16T06:32:54.013+0000][7][gc,age      ] GC(551) Age table with threshold 2 (max threshold 15)
[2023-11-16T06:32:54.013+0000][7][gc,age      ] GC(551) - age   1:     651648 bytes,     651648 total
[2023-11-16T06:32:54.013+0000][7][gc,age      ] GC(551) - age   2:    1522768 bytes,    2174416 total
[2023-11-16T06:32:54.013+0000][7][gc,phases   ] GC(551)   Pre Evacuate Collection Set: 0.1ms
[2023-11-16T06:32:54.013+0000][7][gc,phases   ] GC(551)   Merge Heap Roots: 0.1ms
[2023-11-16T06:32:54.013+0000][7][gc,phases   ] GC(551)   Evacuate Collection Set: 14.9ms
[2023-11-16T06:32:54.013+0000][7][gc,phases   ] GC(551)   Post Evacuate Collection Set: 0.7ms
[2023-11-16T06:32:54.013+0000][7][gc,phases   ] GC(551)   Other: 0.2ms
[2023-11-16T06:32:54.013+0000][7][gc,heap     ] GC(551) Eden regions: 5->0(70)
[2023-11-16T06:32:54.013+0000][7][gc,heap     ] GC(551) Survivor regions: 1->1(1)
[2023-11-16T06:32:54.013+0000][7][gc,heap     ] GC(551) Old regions: 28->28
[2023-11-16T06:32:54.013+0000][7][gc,heap     ] GC(551) Archive regions: 2->2
[2023-11-16T06:32:54.013+0000][7][gc,heap     ] GC(551) Humongous regions: 5->5
[2023-11-16T06:32:54.013+0000][7][gc,metaspace] GC(551) Metaspace: 120797K(122496K)->120797K(122496K) NonClass: 104913K(105856K)->104913K(105856K) Class: 15883K(16640K)->15883K(16640K)
[2023-11-16T06:32:54.013+0000][7][gc          ] GC(551) Pause Young (Mixed) (G1 Evacuation Pause) 158M->136M(512M) 15.909ms
[2023-11-16T06:32:54.013+0000][7][gc,cpu      ] GC(551) User=0.02s Sys=0.01s Real=0.02s
[2023-11-16T06:32:54.013+0000][7][safepoint   ] Safepoint "G1CollectForAllocation", Time since last: 174709065 ns, Reaching safepoint: 65689 ns, At safepoint: 15988867 ns, Total: 16054556 ns
[2023-11-16T06:33:00.353+0000][7][gc,start    ] GC(552) Pause Young (Normal) (G1 Evacuation Pause)
[2023-11-16T06:33:00.353+0000][7][gc,task     ] GC(552) Using 8 workers of 8 for evacuation
[2023-11-16T06:33:00.353+0000][7][gc,age      ] GC(552) Desired survivor size 18874368 bytes, new threshold 15 (max threshold 15)
[2023-11-16T06:33:00.355+0000][7][gc,age      ] GC(552) Age table with threshold 15 (max threshold 15)
[2023-11-16T06:33:00.355+0000][7][gc,age      ] GC(552) - age   1:    1763576 bytes,    1763576 total
[2023-11-16T06:33:00.355+0000][7][gc,age      ] GC(552) - age   2:       1296 bytes,    1764872 total
[2023-11-16T06:33:00.355+0000][7][gc,age      ] GC(552) - age   3:     755936 bytes,    2520808 total
[2023-11-16T06:33:00.355+0000][7][gc,phases   ] GC(552)   Pre Evacuate Collection Set: 0.1ms
[2023-11-16T06:33:00.355+0000][7][gc,phases   ] GC(552)   Merge Heap Roots: 0.0ms
[2023-11-16T06:33:00.355+0000][7][gc,phases   ] GC(552)   Evacuate Collection Set: 1.5ms
[2023-11-16T06:33:00.355+0000][7][gc,phases   ] GC(552)   Post Evacuate Collection Set: 0.6ms
[2023-11-16T06:33:00.355+0000][7][gc,phases   ] GC(552)   Other: 0.2ms
[2023-11-16T06:33:00.355+0000][7][gc,heap     ] GC(552) Eden regions: 70->0(70)
[2023-11-16T06:33:00.355+0000][7][gc,heap     ] GC(552) Survivor regions: 1->1(9)
[2023-11-16T06:33:00.355+0000][7][gc,heap     ] GC(552) Old regions: 28->28
[2023-11-16T06:33:00.355+0000][7][gc,heap     ] GC(552) Archive regions: 2->2
[2023-11-16T06:33:00.355+0000][7][gc,heap     ] GC(552) Humongous regions: 5->5
[2023-11-16T06:33:00.355+0000][7][gc,metaspace] GC(552) Metaspace: 120797K(122496K)->120797K(122496K) NonClass: 104913K(105856K)->104913K(105856K) Class: 15883K(16640K)->15883K(16640K)
[2023-11-16T06:33:00.355+0000][7][gc          ] GC(552) Pause Young (Normal) (G1 Evacuation Pause) 416M->137M(512M) 2.435ms
[2023-11-16T06:33:00.355+0000][7][gc,cpu      ] GC(552) User=0.01s Sys=0.00s Real=0.00s
[2023-11-16T06:33:00.355+0000][7][safepoint   ] Safepoint "G1CollectForAllocation", Time since last: 6339499950 ns, Reaching safepoint: 29141 ns, At safepoint: 2509645 ns, Total: 2538786 ns
[2023-11-16T06:33:06.938+0000][7][gc,start    ] GC(553) Pause Young (Normal) (G1 Evacuation Pause)
[2023-11-16T06:33:06.938+0000][7][gc,task     ] GC(553) Using 8 workers of 8 for evacuation
[2023-11-16T06:33:06.938+0000][7][gc,age      ] GC(553) Desired survivor size 18874368 bytes, new threshold 15 (max threshold 15)
[2023-11-16T06:33:06.941+0000][7][gc,age      ] GC(553) Age table with threshold 15 (max threshold 15)
[2023-11-16T06:33:06.941+0000][7][gc,age      ] GC(553) - age   1:    1450144 bytes,    1450144 total
[2023-11-16T06:33:06.941+0000][7][gc,age      ] GC(553) - age   2:     589312 bytes,    2039456 total
[2023-11-16T06:33:06.941+0000][7][gc,age      ] GC(553) - age   3:        256 bytes,    2039712 total
[2023-11-16T06:33:06.941+0000][7][gc,age      ] GC(553) - age   4:     754904 bytes,    2794616 total
[2023-11-16T06:33:06.941+0000][7][gc,phases   ] GC(553)   Pre Evacuate Collection Set: 0.1ms
[2023-11-16T06:33:06.941+0000][7][gc,phases   ] GC(553)   Merge Heap Roots: 0.2ms
[2023-11-16T06:33:06.941+0000][7][gc,phases   ] GC(553)   Evacuate Collection Set: 1.6ms
[2023-11-16T06:33:06.941+0000][7][gc,phases   ] GC(553)   Post Evacuate Collection Set: 0.5ms
[2023-11-16T06:33:06.941+0000][7][gc,phases   ] GC(553)   Other: 0.3ms
[2023-11-16T06:33:06.941+0000][7][gc,heap     ] GC(553) Eden regions: 70->0(70)
[2023-11-16T06:33:06.941+0000][7][gc,heap     ] GC(553) Survivor regions: 1->1(9)
[2023-11-16T06:33:06.941+0000][7][gc,heap     ] GC(553) Old regions: 28->28
[2023-11-16T06:33:06.941+0000][7][gc,heap     ] GC(553) Archive regions: 2->2
[2023-11-16T06:33:06.941+0000][7][gc,heap     ] GC(553) Humongous regions: 5->5
[2023-11-16T06:33:06.941+0000][7][gc,metaspace] GC(553) Metaspace: 120797K(122496K)->120797K(122496K) NonClass: 104913K(105856K)->104913K(105856K) Class: 15883K(16640K)->15883K(16640K)
[2023-11-16T06:33:06.941+0000][7][gc          ] GC(553) Pause Young (Normal) (G1 Evacuation Pause) 417M->137M(512M) 2.672ms
[2023-11-16T06:33:06.941+0000][7][gc,cpu      ] GC(553) User=0.01s Sys=0.00s Real=0.01s
[2023-11-16T06:33:06.941+0000][7][safepoint   ] Safepoint "G1CollectForAllocation", Time since last: 6582839955 ns, Reaching safepoint: 110922 ns, At safepoint: 2775805 ns, Total: 2886727 ns
[2023-11-16T06:33:13.638+0000][7][gc,start    ] GC(554) Pause Young (Concurrent Start) (G1 Evacuation Pause)
[2023-11-16T06:33:13.638+0000][7][gc,task     ] GC(554) Using 8 workers of 8 for evacuation
[2023-11-16T06:33:13.638+0000][7][gc,age      ] GC(554) Desired survivor size 18874368 bytes, new threshold 15 (max threshold 15)
[2023-11-16T06:33:13.644+0000][7][gc,age      ] GC(554) Age table with threshold 15 (max threshold 15)
[2023-11-16T06:33:13.644+0000][7][gc,age      ] GC(554) - age   1:    2054680 bytes,    2054680 total
[2023-11-16T06:33:13.644+0000][7][gc,age      ] GC(554) - age   2:     557152 bytes,    2611832 total
[2023-11-16T06:33:13.644+0000][7][gc,age      ] GC(554) - age   3:     560432 bytes,    3172264 total
[2023-11-16T06:33:13.644+0000][7][gc,age      ] GC(554) - age   4:        256 bytes,    3172520 total
[2023-11-16T06:33:13.644+0000][7][gc,age      ] GC(554) - age   5:     753800 bytes,    3926320 total
[2023-11-16T06:33:13.644+0000][7][gc,phases   ] GC(554)   Pre Evacuate Collection Set: 0.2ms
[2023-11-16T06:33:13.644+0000][7][gc,phases   ] GC(554)   Merge Heap Roots: 0.1ms
[2023-11-16T06:33:13.644+0000][7][gc,phases   ] GC(554)   Evacuate Collection Set: 5.1ms
[2023-11-16T06:33:13.644+0000][7][gc,phases   ] GC(554)   Post Evacuate Collection Set: 0.8ms
[2023-11-16T06:33:13.644+0000][7][gc,phases   ] GC(554)   Other: 0.3ms
[2023-11-16T06:33:13.644+0000][7][gc,heap     ] GC(554) Eden regions: 70->0(70)
[2023-11-16T06:33:13.644+0000][7][gc,heap     ] GC(554) Survivor regions: 1->1(9)
[2023-11-16T06:33:13.644+0000][7][gc,heap     ] GC(554) Old regions: 28->28
[2023-11-16T06:33:13.644+0000][7][gc,heap     ] GC(554) Archive regions: 2->2
[2023-11-16T06:33:13.644+0000][7][gc,heap     ] GC(554) Humongous regions: 5->5
[2023-11-16T06:33:13.644+0000][7][gc,metaspace] GC(554) Metaspace: 120797K(122496K)->120797K(122496K) NonClass: 104913K(105856K)->104913K(105856K) Class: 15883K(16640K)->15883K(16640K)
[2023-11-16T06:33:13.644+0000][7][gc          ] GC(554) Pause Young (Concurrent Start) (G1 Evacuation Pause) 417M->138M(512M) 6.470ms
[2023-11-16T06:33:13.644+0000][7][gc,cpu      ] GC(554) User=0.01s Sys=0.02s Real=0.01s
[2023-11-16T06:33:13.644+0000][7][gc          ] GC(555) Concurrent Mark Cycle
[2023-11-16T06:33:13.644+0000][7][safepoint   ] Safepoint "G1CollectForAllocation", Time since last: 6696785973 ns, Reaching safepoint: 41209 ns, At safepoint: 6594705 ns, Total: 6635914 ns
[2023-11-16T06:33:13.644+0000][7][gc,marking  ] GC(555) Concurrent Clear Claimed Marks
[2023-11-16T06:33:13.645+0000][7][gc,marking  ] GC(555) Concurrent Clear Claimed Marks 0.296ms
[2023-11-16T06:33:13.645+0000][7][gc,marking  ] GC(555) Concurrent Scan Root Regions
[2023-11-16T06:33:13.651+0000][7][gc,marking  ] GC(555) Concurrent Scan Root Regions 6.304ms
[2023-11-16T06:33:13.651+0000][7][gc,marking  ] GC(555) Concurrent Mark
[2023-11-16T06:33:13.651+0000][7][gc,marking  ] GC(555) Concurrent Mark From Roots
[2023-11-16T06:33:13.651+0000][7][gc,task     ] GC(555) Using 2 workers of 2 for marking
[2023-11-16T06:33:13.722+0000][7][gc,marking  ] GC(555) Concurrent Mark From Roots 70.582ms
[2023-11-16T06:33:13.722+0000][7][gc,marking  ] GC(555) Concurrent Preclean
[2023-11-16T06:33:13.722+0000][7][gc,marking  ] GC(555) Concurrent Preclean 0.383ms
[2023-11-16T06:33:13.722+0000][7][gc,start    ] GC(555) Pause Remark
[2023-11-16T06:33:13.729+0000][7][gc          ] GC(555) Pause Remark 140M->140M(512M) 7.109ms
[2023-11-16T06:33:13.729+0000][7][gc,cpu      ] GC(555) User=0.05s Sys=0.00s Real=0.01s
[2023-11-16T06:33:13.729+0000][7][safepoint   ] Safepoint "G1Concurrent", Time since last: 77743157 ns, Reaching safepoint: 29701 ns, At safepoint: 7192545 ns, Total: 7222246 ns
[2023-11-16T06:33:13.729+0000][7][gc,marking  ] GC(555) Concurrent Mark 78.289ms
[2023-11-16T06:33:13.729+0000][7][gc,marking  ] GC(555) Concurrent Rebuild Remembered Sets
[2023-11-16T06:33:13.770+0000][7][gc,marking  ] GC(555) Concurrent Rebuild Remembered Sets 40.962ms
[2023-11-16T06:33:13.770+0000][7][gc,start    ] GC(555) Pause Cleanup
[2023-11-16T06:33:13.771+0000][7][gc          ] GC(555) Pause Cleanup 143M->143M(512M) 0.070ms
[2023-11-16T06:33:13.771+0000][7][gc,cpu      ] GC(555) User=0.00s Sys=0.00s Real=0.00s
[2023-11-16T06:33:13.771+0000][7][safepoint   ] Safepoint "G1Concurrent", Time since last: 41139607 ns, Reaching safepoint: 68470 ns, At safepoint: 148782 ns, Total: 217252 ns
[2023-11-16T06:33:13.771+0000][7][gc,marking  ] GC(555) Concurrent Cleanup for Next Mark
[2023-11-16T06:33:13.771+0000][7][gc,marking  ] GC(555) Concurrent Cleanup for Next Mark 0.354ms
[2023-11-16T06:33:13.771+0000][7][gc          ] GC(555) Concurrent Mark Cycle 126.724ms
[2023-11-16T06:33:17.772+0000][7][safepoint   ] Safepoint "Cleanup", Time since last: 4001442510 ns, Reaching safepoint: 125296 ns, At safepoint: 29364 ns, Total: 154660 ns
[2023-11-16T06:33:18.772+0000][7][safepoint   ] Safepoint "Cleanup", Time since last: 1000148741 ns, Reaching safepoint: 55823 ns, At safepoint: 7741 ns, Total: 63564 ns
[2023-11-16T06:33:22.069+0000][7][gc,start    ] GC(556) Pause Young (Prepare Mixed) (G1 Evacuation Pause)
[2023-11-16T06:33:22.069+0000][7][gc,task     ] GC(556) Using 8 workers of 8 for evacuation
[2023-11-16T06:33:22.069+0000][7][gc,age      ] GC(556) Desired survivor size 18874368 bytes, new threshold 15 (max threshold 15)
[2023-11-16T06:33:22.071+0000][7][gc,age      ] GC(556) Age table with threshold 15 (max threshold 15)
[2023-11-16T06:33:22.071+0000][7][gc,age      ] GC(556) - age   1:    1946600 bytes,    1946600 total
[2023-11-16T06:33:22.071+0000][7][gc,age      ] GC(556) - age   2:     166160 bytes,    2112760 total
[2023-11-16T06:33:22.071+0000][7][gc,age      ] GC(556) - age   3:     132256 bytes,    2245016 total
[2023-11-16T06:33:22.071+0000][7][gc,age      ] GC(556) - age   4:     106240 bytes,    2351256 total
[2023-11-16T06:33:22.071+0000][7][gc,age      ] GC(556) - age   6:     389328 bytes,    2740584 total
[2023-11-16T06:33:22.071+0000][7][gc,phases   ] GC(556)   Pre Evacuate Collection Set: 0.1ms
[2023-11-16T06:33:22.071+0000][7][gc,phases   ] GC(556)   Merge Heap Roots: 0.0ms
[2023-11-16T06:33:22.071+0000][7][gc,phases   ] GC(556)   Evacuate Collection Set: 1.7ms
[2023-11-16T06:33:22.071+0000][7][gc,phases   ] GC(556)   Post Evacuate Collection Set: 0.7ms
[2023-11-16T06:33:22.071+0000][7][gc,phases   ] GC(556)   Other: 0.2ms
[2023-11-16T06:33:22.071+0000][7][gc,heap     ] GC(556) Eden regions: 70->0(5)
[2023-11-16T06:33:22.071+0000][7][gc,heap     ] GC(556) Survivor regions: 1->1(9)
[2023-11-16T06:33:22.071+0000][7][gc,heap     ] GC(556) Old regions: 28->28
[2023-11-16T06:33:22.072+0000][7][gc,heap     ] GC(556) Archive regions: 2->2
[2023-11-16T06:33:22.072+0000][7][gc,heap     ] GC(556) Humongous regions: 5->5
[2023-11-16T06:33:22.072+0000][7][gc,metaspace] GC(556) Metaspace: 120797K(122496K)->120797K(122496K) NonClass: 104913K(105856K)->104913K(105856K) Class: 15883K(16640K)->15883K(16640K)
[2023-11-16T06:33:22.072+0000][7][gc          ] GC(556) Pause Young (Prepare Mixed) (G1 Evacuation Pause) 418M->137M(512M) 2.806ms
[2023-11-16T06:33:22.072+0000][7][gc,cpu      ] GC(556) User=0.01s Sys=0.00s Real=0.00s
[2023-11-16T06:33:22.072+0000][7][safepoint   ] Safepoint "G1CollectForAllocation", Time since last: 3296242218 ns, Reaching safepoint: 37635 ns, At safepoint: 2917305 ns, Total: 2954940 ns
[2023-11-16T06:33:22.104+0000][7][gc,start    ] GC(557) Pause Young (Mixed) (G1 Evacuation Pause)
[2023-11-16T06:33:22.104+0000][7][gc,task     ] GC(557) Using 8 workers of 8 for evacuation
[2023-11-16T06:33:22.104+0000][7][gc,age      ] GC(557) Desired survivor size 2097152 bytes, new threshold 2 (max threshold 15)
[2023-11-16T06:33:22.116+0000][7][gc,age      ] GC(557) Age table with threshold 2 (max threshold 15)
[2023-11-16T06:33:22.116+0000][7][gc,age      ] GC(557) - age   1:    1022080 bytes,    1022080 total
[2023-11-16T06:33:22.116+0000][7][gc,age      ] GC(557) - age   2:    1346280 bytes,    2368360 total
[2023-11-16T06:33:22.116+0000][7][gc,phases   ] GC(557)   Pre Evacuate Collection Set: 0.0ms
[2023-11-16T06:33:22.116+0000][7][gc,phases   ] GC(557)   Merge Heap Roots: 0.0ms
[2023-11-16T06:33:22.116+0000][7][gc,phases   ] GC(557)   Evacuate Collection Set: 11.0ms
[2023-11-16T06:33:22.116+0000][7][gc,phases   ] GC(557)   Post Evacuate Collection Set: 0.4ms
[2023-11-16T06:33:22.116+0000][7][gc,phases   ] GC(557)   Other: 0.2ms
[2023-11-16T06:33:22.116+0000][7][gc,heap     ] GC(557) Eden regions: 5->0(70)
[2023-11-16T06:33:22.116+0000][7][gc,heap     ] GC(557) Survivor regions: 1->1(1)
[2023-11-16T06:33:22.116+0000][7][gc,heap     ] GC(557) Old regions: 28->28
[2023-11-16T06:33:22.116+0000][7][gc,heap     ] GC(557) Archive regions: 2->2
[2023-11-16T06:33:22.116+0000][7][gc,heap     ] GC(557) Humongous regions: 5->5
[2023-11-16T06:33:22.116+0000][7][gc,metaspace] GC(557) Metaspace: 120797K(122496K)->120797K(122496K) NonClass: 104913K(105856K)->104913K(105856K) Class: 15883K(16640K)->15883K(16640K)
[2023-11-16T06:33:22.116+0000][7][gc          ] GC(557) Pause Young (Mixed) (G1 Evacuation Pause) 157M->136M(512M) 11.774ms
[2023-11-16T06:33:22.116+0000][7][gc,cpu      ] GC(557) User=0.03s Sys=0.00s Real=0.01s
[2023-11-16T06:33:22.116+0000][7][safepoint   ] Safepoint "G1CollectForAllocation", Time since last: 32390232 ns, Reaching safepoint: 29640 ns, At safepoint: 11841774 ns, Total: 11871414 ns
[2023-11-16T06:33:32.117+0000][7][safepoint   ] Safepoint "Cleanup", Time since last: 10000997002 ns, Reaching safepoint: 74704 ns, At safepoint: 5901 ns, Total: 80605 ns
[2023-11-16T06:33:33.117+0000][7][safepoint   ] Safepoint "Cleanup", Time since last: 1000136063 ns, Reaching safepoint: 70443 ns, At safepoint: 5305 ns, Total: 75748 ns
[2023-11-16T06:33:34.030+0000][7][gc,start    ] GC(558) Pause Young (Normal) (G1 Evacuation Pause)
[2023-11-16T06:33:34.030+0000][7][gc,task     ] GC(558) Using 8 workers of 8 for evacuation
[2023-11-16T06:33:34.030+0000][7][gc,age      ] GC(558) Desired survivor size 18874368 bytes, new threshold 15 (max threshold 15)
[2023-11-16T06:33:34.033+0000][7][gc,age      ] GC(558) Age table with threshold 15 (max threshold 15)
[2023-11-16T06:33:34.033+0000][7][gc,age      ] GC(558) - age   1:    1797832 bytes,    1797832 total
[2023-11-16T06:33:34.033+0000][7][gc,age      ] GC(558) - age   2:     628760 bytes,    2426592 total
[2023-11-16T06:33:34.033+0000][7][gc,age      ] GC(558) - age   3:    1221216 bytes,    3647808 total
[2023-11-16T06:33:34.033+0000][7][gc,phases   ] GC(558)   Pre Evacuate Collection Set: 0.1ms
[2023-11-16T06:33:34.033+0000][7][gc,phases   ] GC(558)   Merge Heap Roots: 0.0ms
[2023-11-16T06:33:34.033+0000][7][gc,phases   ] GC(558)   Evacuate Collection Set: 2.0ms
[2023-11-16T06:33:34.033+0000][7][gc,phases   ] GC(558)   Post Evacuate Collection Set: 0.8ms
[2023-11-16T06:33:34.033+0000][7][gc,phases   ] GC(558)   Other: 0.2ms
[2023-11-16T06:33:34.033+0000][7][gc,heap     ] GC(558) Eden regions: 70->0(70)
[2023-11-16T06:33:34.033+0000][7][gc,heap     ] GC(558) Survivor regions: 1->1(9)
[2023-11-16T06:33:34.033+0000][7][gc,heap     ] GC(558) Old regions: 28->28
[2023-11-16T06:33:34.033+0000][7][gc,heap     ] GC(558) Archive regions: 2->2
[2023-11-16T06:33:34.033+0000][7][gc,heap     ] GC(558) Humongous regions: 5->5
[2023-11-16T06:33:34.033+0000][7][gc,metaspace] GC(558) Metaspace: 120797K(122496K)->120797K(122496K) NonClass: 104913K(105856K)->104913K(105856K) Class: 15883K(16640K)->15883K(16640K)
[2023-11-16T06:33:34.033+0000][7][gc          ] GC(558) Pause Young (Normal) (G1 Evacuation Pause) 416M->137M(512M) 3.179ms
[2023-11-16T06:33:34.033+0000][7][gc,cpu      ] GC(558) User=0.02s Sys=0.00s Real=0.00s
[2023-11-16T06:33:34.033+0000][7][safepoint   ] Safepoint "G1CollectForAllocation", Time since last: 912860337 ns, Reaching safepoint: 71704 ns, At safepoint: 3245381 ns, Total: 3317085 ns
[2023-11-16T06:33:35.035+0000][7][safepoint   ] Safepoint "Cleanup", Time since last: 1000581476 ns, Reaching safepoint: 758352 ns, At safepoint: 15391 ns, Total: 773743 ns
[2023-11-16T06:33:41.035+0000][7][safepoint   ] Safepoint "Cleanup", Time since last: 6000335857 ns, Reaching safepoint: 55901 ns, At safepoint: 3369 ns, Total: 59270 ns
[2023-11-16T06:33:47.036+0000][7][safepoint   ] Safepoint "Cleanup", Time since last: 6000472956 ns, Reaching safepoint: 80236 ns, At safepoint: 3951 ns, Total: 84187 ns
[2023-11-16T06:33:47.906+0000][7][gc,start    ] GC(559) Pause Young (Normal) (G1 Evacuation Pause)
[2023-11-16T06:33:47.906+0000][7][gc,task     ] GC(559) Using 8 workers of 8 for evacuation
[2023-11-16T06:33:47.906+0000][7][gc,age      ] GC(559) Desired survivor size 18874368 bytes, new threshold 15 (max threshold 15)
[2023-11-16T06:33:47.908+0000][7][gc,age      ] GC(559) Age table with threshold 15 (max threshold 15)
[2023-11-16T06:33:47.908+0000][7][gc,age      ] GC(559) - age   1:    1178768 bytes,    1178768 total
[2023-11-16T06:33:47.908+0000][7][gc,age      ] GC(559) - age   2:     736376 bytes,    1915144 total
[2023-11-16T06:33:47.908+0000][7][gc,age      ] GC(559) - age   3:     628704 bytes,    2543848 total
[2023-11-16T06:33:47.908+0000][7][gc,age      ] GC(559) - age   4:    1021880 bytes,    3565728 total
[2023-11-16T06:33:47.908+0000][7][gc,phases   ] GC(559)   Pre Evacuate Collection Set: 0.1ms
[2023-11-16T06:33:47.908+0000][7][gc,phases   ] GC(559)   Merge Heap Roots: 0.0ms
[2023-11-16T06:33:47.908+0000][7][gc,phases   ] GC(559)   Evacuate Collection Set: 1.5ms
[2023-11-16T06:33:47.908+0000][7][gc,phases   ] GC(559)   Post Evacuate Collection Set: 0.7ms
[2023-11-16T06:33:47.908+0000][7][gc,phases   ] GC(559)   Other: 0.2ms
[2023-11-16T06:33:47.908+0000][7][gc,heap     ] GC(559) Eden regions: 70->0(70)
[2023-11-16T06:33:47.908+0000][7][gc,heap     ] GC(559) Survivor regions: 1->1(9)
[2023-11-16T06:33:47.908+0000][7][gc,heap     ] GC(559) Old regions: 28->28
[2023-11-16T06:33:47.908+0000][7][gc,heap     ] GC(559) Archive regions: 2->2
[2023-11-16T06:33:47.908+0000][7][gc,heap     ] GC(559) Humongous regions: 5->5
[2023-11-16T06:33:47.908+0000][7][gc,metaspace] GC(559) Metaspace: 120797K(122496K)->120797K(122496K) NonClass: 104913K(105856K)->104913K(105856K) Class: 15883K(16640K)->15883K(16640K)
[2023-11-16T06:33:47.908+0000][7][gc          ] GC(559) Pause Young (Normal) (G1 Evacuation Pause) 417M->137M(512M) 2.633ms
[2023-11-16T06:33:47.908+0000][7][gc,cpu      ] GC(559) User=0.01s Sys=0.00s Real=0.00s
[2023-11-16T06:33:47.908+0000][7][safepoint   ] Safepoint "G1CollectForAllocation", Time since last: 869803363 ns, Reaching safepoint: 61439 ns, At safepoint: 2712561 ns, Total: 2774000 ns
[2023-11-16T06:33:55.909+0000][7][safepoint   ] Safepoint "Cleanup", Time since last: 8001203515 ns, Reaching safepoint: 55012 ns, At safepoint: 28231 ns, Total: 83243 ns
[2023-11-16T06:34:05.327+0000][7][gc,start    ] GC(560) Pause Young (Concurrent Start) (G1 Evacuation Pause)
[2023-11-16T06:34:05.327+0000][7][gc,task     ] GC(560) Using 8 workers of 8 for evacuation
[2023-11-16T06:34:05.327+0000][7][gc,age      ] GC(560) Desired survivor size 18874368 bytes, new threshold 15 (max threshold 15)
[2023-11-16T06:34:05.334+0000][7][gc,age      ] GC(560) Age table with threshold 15 (max threshold 15)
[2023-11-16T06:34:05.334+0000][7][gc,age      ] GC(560) - age   1:    1684304 bytes,    1684304 total
[2023-11-16T06:34:05.334+0000][7][gc,age      ] GC(560) - age   2:     660304 bytes,    2344608 total
[2023-11-16T06:34:05.334+0000][7][gc,age      ] GC(560) - age   3:     715608 bytes,    3060216 total
[2023-11-16T06:34:05.334+0000][7][gc,age      ] GC(560) - age   4:     628624 bytes,    3688840 total
[2023-11-16T06:34:05.334+0000][7][gc,age      ] GC(560) - age   5:    1021624 bytes,    4710464 total
[2023-11-16T06:34:05.334+0000][7][gc,phases   ] GC(560)   Pre Evacuate Collection Set: 0.2ms
[2023-11-16T06:34:05.334+0000][7][gc,phases   ] GC(560)   Merge Heap Roots: 0.1ms
[2023-11-16T06:34:05.334+0000][7][gc,phases   ] GC(560)   Evacuate Collection Set: 5.5ms
[2023-11-16T06:34:05.334+0000][7][gc,phases   ] GC(560)   Post Evacuate Collection Set: 0.6ms
[2023-11-16T06:34:05.334+0000][7][gc,phases   ] GC(560)   Other: 0.3ms
[2023-11-16T06:34:05.334+0000][7][gc,heap     ] GC(560) Eden regions: 70->0(69)
[2023-11-16T06:34:05.334+0000][7][gc,heap     ] GC(560) Survivor regions: 1->2(9)
[2023-11-16T06:34:05.334+0000][7][gc,heap     ] GC(560) Old regions: 28->28
[2023-11-16T06:34:05.334+0000][7][gc,heap     ] GC(560) Archive regions: 2->2
[2023-11-16T06:34:05.334+0000][7][gc,heap     ] GC(560) Humongous regions: 5->5
[2023-11-16T06:34:05.334+0000][7][gc,metaspace] GC(560) Metaspace: 120797K(122496K)->120797K(122496K) NonClass: 104913K(105856K)->104913K(105856K) Class: 15883K(16640K)->15883K(16640K)
[2023-11-16T06:34:05.334+0000][7][gc          ] GC(560) Pause Young (Concurrent Start) (G1 Evacuation Pause) 417M->138M(512M) 6.587ms
[2023-11-16T06:34:05.334+0000][7][gc,cpu      ] GC(560) User=0.02s Sys=0.00s Real=0.01s
[2023-11-16T06:34:05.334+0000][7][gc          ] GC(561) Concurrent Mark Cycle
[2023-11-16T06:34:05.334+0000][7][gc,marking  ] GC(561) Concurrent Clear Claimed Marks
[2023-11-16T06:34:05.334+0000][7][safepoint   ] Safepoint "G1CollectForAllocation", Time since last: 9417781046 ns, Reaching safepoint: 52159 ns, At safepoint: 6689899 ns, Total: 6742058 ns
[2023-11-16T06:34:05.334+0000][7][gc,marking  ] GC(561) Concurrent Clear Claimed Marks 0.089ms
[2023-11-16T06:34:05.334+0000][7][gc,marking  ] GC(561) Concurrent Scan Root Regions
[2023-11-16T06:34:05.336+0000][7][gc,marking  ] GC(561) Concurrent Scan Root Regions 1.984ms
[2023-11-16T06:34:05.336+0000][7][gc,marking  ] GC(561) Concurrent Mark
[2023-11-16T06:34:05.336+0000][7][gc,marking  ] GC(561) Concurrent Mark From Roots
[2023-11-16T06:34:05.336+0000][7][gc,task     ] GC(561) Using 2 workers of 2 for marking
[2023-11-16T06:34:05.396+0000][7][gc,marking  ] GC(561) Concurrent Mark From Roots 60.275ms
[2023-11-16T06:34:05.396+0000][7][gc,marking  ] GC(561) Concurrent Preclean
[2023-11-16T06:34:05.397+0000][7][gc,marking  ] GC(561) Concurrent Preclean 0.184ms
[2023-11-16T06:34:05.397+0000][7][gc,start    ] GC(561) Pause Remark
[2023-11-16T06:34:05.403+0000][7][gc          ] GC(561) Pause Remark 140M->140M(512M) 6.088ms
[2023-11-16T06:34:05.403+0000][7][gc,cpu      ] GC(561) User=0.04s Sys=0.00s Real=0.01s
[2023-11-16T06:34:05.403+0000][7][safepoint   ] Safepoint "G1Concurrent", Time since last: 62678492 ns, Reaching safepoint: 28079 ns, At safepoint: 6184685 ns, Total: 6212764 ns
[2023-11-16T06:34:05.403+0000][7][gc,marking  ] GC(561) Concurrent Mark 66.786ms
[2023-11-16T06:34:05.403+0000][7][gc,marking  ] GC(561) Concurrent Rebuild Remembered Sets
[2023-11-16T06:34:05.437+0000][7][gc,marking  ] GC(561) Concurrent Rebuild Remembered Sets 33.748ms
[2023-11-16T06:34:05.437+0000][7][gc,start    ] GC(561) Pause Cleanup
