[2023-11-16T05:11:26.693+0000][6][gc] Using G1
[2023-11-16T05:11:26.795+0000][6][gc,init] Version: 17.0.1+12 (release)
[2023-11-16T05:11:26.795+0000][6][gc,init] CPUs: 8 total, 8 available
[2023-11-16T05:11:26.795+0000][6][gc,init] Memory: 7659M
[2023-11-16T05:11:26.795+0000][6][gc,init] Large Page Support: Disabled
[2023-11-16T05:11:26.795+0000][6][gc,init] NUMA Support: Disabled
[2023-11-16T05:11:26.795+0000][6][gc,init] Compressed Oops: Enabled (32-bit)
[2023-11-16T05:11:26.795+0000][6][gc,init] Heap Region Size: 4M
[2023-11-16T05:11:26.795+0000][6][gc,init] Heap Min Capacity: 512M
[2023-11-16T05:11:26.795+0000][6][gc,init] Heap Initial Capacity: 512M
[2023-11-16T05:11:26.795+0000][6][gc,init] Heap Max Capacity: 512M
[2023-11-16T05:11:26.795+0000][6][gc,init] Pre-touch: Enabled
[2023-11-16T05:11:26.795+0000][6][gc,init] Parallel Workers: 8
[2023-11-16T05:11:26.795+0000][6][gc,init] Concurrent Workers: 2
[2023-11-16T05:11:26.795+0000][6][gc,init] Concurrent Refinement Workers: 8
[2023-11-16T05:11:26.795+0000][6][gc,init] Periodic GC: Disabled
[2023-11-16T05:11:26.796+0000][6][gc,metaspace] CDS archive(s) mapped at: [0x0000000800000000-0x0000000800bd1000-0x0000000800bd1000), size 12390400, SharedBaseAddress: 0x0000000800000000, ArchiveRelocationMode: 0.
[2023-11-16T05:11:26.796+0000][6][gc,metaspace] Compressed class space mapped at: 0x0000000800c00000-0x0000000840c00000, reserved size: 1073741824
[2023-11-16T05:11:26.796+0000][6][gc,metaspace] Narrow klass base: 0x0000000800000000, Narrow klass shift: 0, Narrow klass range: 0x100000000
[2023-11-16T05:11:27.412+0000][6][safepoint   ] Safepoint "ICBufferFull", Time since last: 608901567 ns, Reaching safepoint: 133099 ns, At safepoint: 5198 ns, Total: 138297 ns
[2023-11-16T05:11:27.746+0000][6][gc,start    ] GC(0) Pause Young (Normal) (G1 Evacuation Pause)
[2023-11-16T05:11:27.746+0000][6][gc,task     ] GC(0) Using 8 workers of 8 for evacuation
[2023-11-16T05:11:27.746+0000][6][gc,age      ] GC(0) Desired survivor size 2097152 bytes, new threshold 15 (max threshold 15)
[2023-11-16T05:11:27.751+0000][6][gc,age      ] GC(0) Age table with threshold 15 (max threshold 15)
[2023-11-16T05:11:27.751+0000][6][gc,age      ] GC(0) - age   1:    4109768 bytes,    4109768 total
[2023-11-16T05:11:27.751+0000][6][gc,phases   ] GC(0)   Pre Evacuate Collection Set: 0.1ms
[2023-11-16T05:11:27.751+0000][6][gc,phases   ] GC(0)   Merge Heap Roots: 0.0ms
[2023-11-16T05:11:27.751+0000][6][gc,phases   ] GC(0)   Evacuate Collection Set: 4.3ms
[2023-11-16T05:11:27.751+0000][6][gc,phases   ] GC(0)   Post Evacuate Collection Set: 0.6ms
[2023-11-16T05:11:27.751+0000][6][gc,phases   ] GC(0)   Other: 0.2ms
[2023-11-16T05:11:27.751+0000][6][gc,heap     ] GC(0) Eden regions: 6->0(6)
[2023-11-16T05:11:27.751+0000][6][gc,heap     ] GC(0) Survivor regions: 0->1(1)
[2023-11-16T05:11:27.751+0000][6][gc,heap     ] GC(0) Old regions: 0->1
[2023-11-16T05:11:27.751+0000][6][gc,heap     ] GC(0) Archive regions: 2->2
[2023-11-16T05:11:27.751+0000][6][gc,heap     ] GC(0) Humongous regions: 0->0
[2023-11-16T05:11:27.751+0000][6][gc,metaspace] GC(0) Metaspace: 7631K(7808K)->7631K(7808K) NonClass: 6746K(6848K)->6746K(6848K) Class: 884K(960K)->884K(960K)
[2023-11-16T05:11:27.751+0000][6][gc          ] GC(0) Pause Young (Normal) (G1 Evacuation Pause) 27M->8M(512M) 5.266ms
[2023-11-16T05:11:27.751+0000][6][gc,cpu      ] GC(0) User=0.01s Sys=0.00s Real=0.01s
[2023-11-16T05:11:27.751+0000][6][safepoint   ] Safepoint "G1CollectForAllocation", Time since last: 332854228 ns, Reaching safepoint: 82011 ns, At safepoint: 5776730 ns, Total: 5858741 ns
[2023-11-16T05:11:29.205+0000][6][safepoint   ] Safepoint "Cleanup", Time since last: 1453755932 ns, Reaching safepoint: 124789 ns, At safepoint: 3561 ns, Total: 128350 ns
[2023-11-16T05:11:29.378+0000][6][gc,start    ] GC(1) Pause Young (Normal) (G1 Evacuation Pause)
[2023-11-16T05:11:29.378+0000][6][gc,task     ] GC(1) Using 8 workers of 8 for evacuation
[2023-11-16T05:11:29.378+0000][6][gc,age      ] GC(1) Desired survivor size 2097152 bytes, new threshold 1 (max threshold 15)
[2023-11-16T05:11:29.383+0000][6][gc,age      ] GC(1) Age table with threshold 1 (max threshold 15)
[2023-11-16T05:11:29.383+0000][6][gc,age      ] GC(1) - age   1:    2318992 bytes,    2318992 total
[2023-11-16T05:11:29.383+0000][6][gc,phases   ] GC(1)   Pre Evacuate Collection Set: 0.1ms
[2023-11-16T05:11:29.383+0000][6][gc,phases   ] GC(1)   Merge Heap Roots: 0.0ms
[2023-11-16T05:11:29.383+0000][6][gc,phases   ] GC(1)   Evacuate Collection Set: 3.4ms
[2023-11-16T05:11:29.383+0000][6][gc,phases   ] GC(1)   Post Evacuate Collection Set: 0.7ms
[2023-11-16T05:11:29.383+0000][6][gc,phases   ] GC(1)   Other: 0.2ms
[2023-11-16T05:11:29.383+0000][6][gc,heap     ] GC(1) Eden regions: 6->0(16)
[2023-11-16T05:11:29.383+0000][6][gc,heap     ] GC(1) Survivor regions: 1->1(1)
[2023-11-16T05:11:29.383+0000][6][gc,heap     ] GC(1) Old regions: 1->1
[2023-11-16T05:11:29.383+0000][6][gc,heap     ] GC(1) Archive regions: 2->2
[2023-11-16T05:11:29.383+0000][6][gc,heap     ] GC(1) Humongous regions: 0->0
[2023-11-16T05:11:29.383+0000][6][gc,metaspace] GC(1) Metaspace: 12458K(12672K)->12458K(12672K) NonClass: 10951K(11072K)->10951K(11072K) Class: 1506K(1600K)->1506K(1600K)
[2023-11-16T05:11:29.383+0000][6][gc          ] GC(1) Pause Young (Normal) (G1 Evacuation Pause) 32M->10M(512M) 4.486ms
[2023-11-16T05:11:29.383+0000][6][gc,cpu      ] GC(1) User=0.03s Sys=0.00s Real=0.01s
[2023-11-16T05:11:29.383+0000][6][safepoint   ] Safepoint "G1CollectForAllocation", Time since last: 173213325 ns, Reaching safepoint: 82818 ns, At safepoint: 4575885 ns, Total: 4658703 ns
[2023-11-16T05:11:30.383+0000][6][safepoint   ] Safepoint "Cleanup", Time since last: 1000098983 ns, Reaching safepoint: 171298 ns, At safepoint: 7260 ns, Total: 178558 ns
[2023-11-16T05:11:30.639+0000][6][gc,start    ] GC(2) Pause Young (Normal) (G1 Evacuation Pause)
[2023-11-16T05:11:30.639+0000][6][gc,task     ] GC(2) Using 8 workers of 8 for evacuation
[2023-11-16T05:11:30.639+0000][6][gc,age      ] GC(2) Desired survivor size 6291456 bytes, new threshold 15 (max threshold 15)
[2023-11-16T05:11:30.645+0000][6][gc,age      ] GC(2) Age table with threshold 15 (max threshold 15)
[2023-11-16T05:11:30.645+0000][6][gc,age      ] GC(2) - age   1:    2834744 bytes,    2834744 total
[2023-11-16T05:11:30.645+0000][6][gc,age      ] GC(2) - age   2:    2298256 bytes,    5133000 total
[2023-11-16T05:11:30.645+0000][6][gc,phases   ] GC(2)   Pre Evacuate Collection Set: 0.0ms
[2023-11-16T05:11:30.645+0000][6][gc,phases   ] GC(2)   Merge Heap Roots: 0.0ms
[2023-11-16T05:11:30.645+0000][6][gc,phases   ] GC(2)   Evacuate Collection Set: 5.0ms
[2023-11-16T05:11:30.645+0000][6][gc,phases   ] GC(2)   Post Evacuate Collection Set: 0.5ms
[2023-11-16T05:11:30.645+0000][6][gc,phases   ] GC(2)   Other: 0.2ms
[2023-11-16T05:11:30.645+0000][6][gc,heap     ] GC(2) Eden regions: 16->0(74)
[2023-11-16T05:11:30.645+0000][6][gc,heap     ] GC(2) Survivor regions: 1->2(3)
[2023-11-16T05:11:30.645+0000][6][gc,heap     ] GC(2) Old regions: 1->1
[2023-11-16T05:11:30.645+0000][6][gc,heap     ] GC(2) Archive regions: 2->2
[2023-11-16T05:11:30.645+0000][6][gc,heap     ] GC(2) Humongous regions: 0->0
[2023-11-16T05:11:30.645+0000][6][gc,metaspace] GC(2) Metaspace: 14572K(14784K)->14572K(14784K) NonClass: 12879K(12992K)->12879K(12992K) Class: 1693K(1792K)->1693K(1792K)
[2023-11-16T05:11:30.645+0000][6][gc          ] GC(2) Pause Young (Normal) (G1 Evacuation Pause) 74M->13M(512M) 5.850ms
[2023-11-16T05:11:30.645+0000][6][gc,cpu      ] GC(2) User=0.02s Sys=0.00s Real=0.00s
[2023-11-16T05:11:30.645+0000][6][safepoint   ] Safepoint "G1CollectForAllocation", Time since last: 255830485 ns, Reaching safepoint: 62029 ns, At safepoint: 5924949 ns, Total: 5986978 ns
[2023-11-16T05:11:31.648+0000][6][safepoint   ] Safepoint "Cleanup", Time since last: 1000121990 ns, Reaching safepoint: 2660303 ns, At safepoint: 20170 ns, Total: 2680473 ns
[2023-11-16T05:11:31.765+0000][6][safepoint   ] Safepoint "ICBufferFull", Time since last: 116719729 ns, Reaching safepoint: 73928 ns, At safepoint: 3043 ns, Total: 76971 ns
[2023-11-16T05:11:31.765+0000][6][safepoint   ] Safepoint "ICBufferFull", Time since last: 855689 ns, Reaching safepoint: 58857 ns, At safepoint: 3906 ns, Total: 62763 ns
[2023-11-16T05:11:31.768+0000][6][safepoint   ] Safepoint "ICBufferFull", Time since last: 2121149 ns, Reaching safepoint: 65906 ns, At safepoint: 2273 ns, Total: 68179 ns
[2023-11-16T05:11:31.769+0000][6][safepoint   ] Safepoint "ICBufferFull", Time since last: 892730 ns, Reaching safepoint: 53990 ns, At safepoint: 3958 ns, Total: 57948 ns
[2023-11-16T05:11:31.770+0000][6][safepoint   ] Safepoint "ICBufferFull", Time since last: 1181461 ns, Reaching safepoint: 37069 ns, At safepoint: 2439 ns, Total: 39508 ns
[2023-11-16T05:11:33.157+0000][6][safepoint   ] Safepoint "ICBufferFull", Time since last: 1386637895 ns, Reaching safepoint: 97006 ns, At safepoint: 4290 ns, Total: 101296 ns
[2023-11-16T05:11:33.263+0000][6][gc,start    ] GC(3) Pause Young (Normal) (G1 Evacuation Pause)
[2023-11-16T05:11:33.263+0000][6][gc,task     ] GC(3) Using 8 workers of 8 for evacuation
[2023-11-16T05:11:33.263+0000][6][gc,age      ] GC(3) Desired survivor size 20971520 bytes, new threshold 15 (max threshold 15)
[2023-11-16T05:11:33.271+0000][6][gc,age      ] GC(3) Age table with threshold 15 (max threshold 15)
[2023-11-16T05:11:33.271+0000][6][gc,age      ] GC(3) - age   1:    5088400 bytes,    5088400 total
[2023-11-16T05:11:33.271+0000][6][gc,age      ] GC(3) - age   2:    1206464 bytes,    6294864 total
[2023-11-16T05:11:33.271+0000][6][gc,age      ] GC(3) - age   3:    2286952 bytes,    8581816 total
[2023-11-16T05:11:33.271+0000][6][gc,phases   ] GC(3)   Pre Evacuate Collection Set: 0.0ms
[2023-11-16T05:11:33.271+0000][6][gc,phases   ] GC(3)   Merge Heap Roots: 0.0ms
[2023-11-16T05:11:33.271+0000][6][gc,phases   ] GC(3)   Evacuate Collection Set: 7.3ms
[2023-11-16T05:11:33.271+0000][6][gc,phases   ] GC(3)   Post Evacuate Collection Set: 0.7ms
[2023-11-16T05:11:33.271+0000][6][gc,phases   ] GC(3)   Other: 0.3ms
[2023-11-16T05:11:33.271+0000][6][gc,heap     ] GC(3) Eden regions: 74->0(73)
[2023-11-16T05:11:33.271+0000][6][gc,heap     ] GC(3) Survivor regions: 2->3(10)
[2023-11-16T05:11:33.271+0000][6][gc,heap     ] GC(3) Old regions: 1->1
[2023-11-16T05:11:33.271+0000][6][gc,heap     ] GC(3) Archive regions: 2->2
[2023-11-16T05:11:33.271+0000][6][gc,heap     ] GC(3) Humongous regions: 0->0
[2023-11-16T05:11:33.271+0000][6][gc,metaspace] GC(3) Metaspace: 17744K(18048K)->17744K(18048K) NonClass: 15591K(15744K)->15591K(15744K) Class: 2152K(2304K)->2152K(2304K)
[2023-11-16T05:11:33.271+0000][6][gc          ] GC(3) Pause Young (Normal) (G1 Evacuation Pause) 309M->16M(512M) 8.377ms
[2023-11-16T05:11:33.271+0000][6][gc,cpu      ] GC(3) User=0.02s Sys=0.00s Real=0.01s
[2023-11-16T05:11:33.271+0000][6][safepoint   ] Safepoint "G1CollectForAllocation", Time since last: 105940658 ns, Reaching safepoint: 32672 ns, At safepoint: 8462986 ns, Total: 8495658 ns
[2023-11-16T05:11:34.271+0000][6][safepoint   ] Safepoint "Cleanup", Time since last: 1000097799 ns, Reaching safepoint: 149048 ns, At safepoint: 5294 ns, Total: 154342 ns
[2023-11-16T05:11:34.717+0000][6][gc,start    ] GC(4) Pause Young (Normal) (G1 Evacuation Pause)
[2023-11-16T05:11:34.717+0000][6][gc,task     ] GC(4) Using 8 workers of 8 for evacuation
[2023-11-16T05:11:34.717+0000][6][gc,age      ] GC(4) Desired survivor size 20971520 bytes, new threshold 15 (max threshold 15)
[2023-11-16T05:11:34.729+0000][6][gc,age      ] GC(4) Age table with threshold 15 (max threshold 15)
[2023-11-16T05:11:34.729+0000][6][gc,age      ] GC(4) - age   1:    5519832 bytes,    5519832 total
[2023-11-16T05:11:34.729+0000][6][gc,age      ] GC(4) - age   2:    4236200 bytes,    9756032 total
[2023-11-16T05:11:34.729+0000][6][gc,age      ] GC(4) - age   3:    1206384 bytes,   10962416 total
[2023-11-16T05:11:34.729+0000][6][gc,age      ] GC(4) - age   4:    2286952 bytes,   13249368 total
[2023-11-16T05:11:34.729+0000][6][gc,phases   ] GC(4)   Pre Evacuate Collection Set: 0.1ms
[2023-11-16T05:11:34.729+0000][6][gc,phases   ] GC(4)   Merge Heap Roots: 0.0ms
[2023-11-16T05:11:34.729+0000][6][gc,phases   ] GC(4)   Evacuate Collection Set: 11.2ms
[2023-11-16T05:11:34.729+0000][6][gc,phases   ] GC(4)   Post Evacuate Collection Set: 0.8ms
[2023-11-16T05:11:34.729+0000][6][gc,phases   ] GC(4)   Other: 0.2ms
[2023-11-16T05:11:34.729+0000][6][gc,heap     ] GC(4) Eden regions: 73->0(72)
[2023-11-16T05:11:34.729+0000][6][gc,heap     ] GC(4) Survivor regions: 3->4(10)
[2023-11-16T05:11:34.729+0000][6][gc,heap     ] GC(4) Old regions: 1->1
[2023-11-16T05:11:34.729+0000][6][gc,heap     ] GC(4) Archive regions: 2->2
[2023-11-16T05:11:34.729+0000][6][gc,heap     ] GC(4) Humongous regions: 0->0
[2023-11-16T05:11:34.729+0000][6][gc,metaspace] GC(4) Metaspace: 18677K(19136K)->18677K(19136K) NonClass: 16420K(16704K)->16420K(16704K) Class: 2257K(2432K)->2257K(2432K)
[2023-11-16T05:11:34.729+0000][6][gc          ] GC(4) Pause Young (Normal) (G1 Evacuation Pause) 308M->20M(512M) 12.474ms
[2023-11-16T05:11:34.729+0000][6][gc,cpu      ] GC(4) User=0.03s Sys=0.00s Real=0.02s
[2023-11-16T05:11:34.729+0000][6][safepoint   ] Safepoint "G1CollectForAllocation", Time since last: 445472345 ns, Reaching safepoint: 137485 ns, At safepoint: 12556707 ns, Total: 12694192 ns
[2023-11-16T05:11:35.730+0000][6][safepoint   ] Safepoint "Cleanup", Time since last: 1000096581 ns, Reaching safepoint: 101550 ns, At safepoint: 4360 ns, Total: 105910 ns
[2023-11-16T05:11:35.850+0000][6][gc,start    ] GC(5) Pause Young (Normal) (G1 Evacuation Pause)
[2023-11-16T05:11:35.850+0000][6][gc,task     ] GC(5) Using 8 workers of 8 for evacuation
[2023-11-16T05:11:35.850+0000][6][gc,age      ] GC(5) Desired survivor size 20971520 bytes, new threshold 15 (max threshold 15)
[2023-11-16T05:11:35.870+0000][6][gc,age      ] GC(5) Age table with threshold 15 (max threshold 15)
[2023-11-16T05:11:35.870+0000][6][gc,age      ] GC(5) - age   1:    1191152 bytes,    1191152 total
[2023-11-16T05:11:35.870+0000][6][gc,age      ] GC(5) - age   2:    3452952 bytes,    4644104 total
[2023-11-16T05:11:35.870+0000][6][gc,age      ] GC(5) - age   3:    4234840 bytes,    8878944 total
[2023-11-16T05:11:35.870+0000][6][gc,age      ] GC(5) - age   4:    1206256 bytes,   10085200 total
[2023-11-16T05:11:35.870+0000][6][gc,age      ] GC(5) - age   5:    2284344 bytes,   12369544 total
[2023-11-16T05:11:35.870+0000][6][gc,phases   ] GC(5)   Pre Evacuate Collection Set: 0.1ms
[2023-11-16T05:11:35.870+0000][6][gc,phases   ] GC(5)   Merge Heap Roots: 0.1ms
[2023-11-16T05:11:35.870+0000][6][gc,phases   ] GC(5)   Evacuate Collection Set: 18.0ms
[2023-11-16T05:11:35.870+0000][6][gc,phases   ] GC(5)   Post Evacuate Collection Set: 1.6ms
[2023-11-16T05:11:35.870+0000][6][gc,phases   ] GC(5)   Other: 0.4ms
[2023-11-16T05:11:35.870+0000][6][gc,heap     ] GC(5) Eden regions: 72->0(72)
[2023-11-16T05:11:35.870+0000][6][gc,heap     ] GC(5) Survivor regions: 4->4(10)
[2023-11-16T05:11:35.870+0000][6][gc,heap     ] GC(5) Old regions: 1->1
[2023-11-16T05:11:35.870+0000][6][gc,heap     ] GC(5) Archive regions: 2->2
[2023-11-16T05:11:35.870+0000][6][gc,heap     ] GC(5) Humongous regions: 0->0
[2023-11-16T05:11:35.870+0000][6][gc,metaspace] GC(5) Metaspace: 19165K(19648K)->19165K(19648K) NonClass: 16824K(17088K)->16824K(17088K) Class: 2340K(2560K)->2340K(2560K)
[2023-11-16T05:11:35.870+0000][6][gc          ] GC(5) Pause Young (Normal) (G1 Evacuation Pause) 308M->20M(512M) 20.222ms
[2023-11-16T05:11:35.870+0000][6][gc,cpu      ] GC(5) User=0.04s Sys=0.00s Real=0.02s
[2023-11-16T05:11:35.870+0000][6][safepoint   ] Safepoint "G1CollectForAllocation", Time since last: 120161311 ns, Reaching safepoint: 91351 ns, At safepoint: 20321692 ns, Total: 20413043 ns
[2023-11-16T05:11:37.685+0000][6][gc,start    ] GC(6) Pause Young (Normal) (G1 Evacuation Pause)
[2023-11-16T05:11:37.685+0000][6][gc,task     ] GC(6) Using 8 workers of 8 for evacuation
[2023-11-16T05:11:37.685+0000][6][gc,age      ] GC(6) Desired survivor size 20971520 bytes, new threshold 15 (max threshold 15)
[2023-11-16T05:11:37.710+0000][6][gc,age      ] GC(6) Age table with threshold 15 (max threshold 15)
[2023-11-16T05:11:37.710+0000][6][gc,age      ] GC(6) - age   1:    2491344 bytes,    2491344 total
[2023-11-16T05:11:37.710+0000][6][gc,age      ] GC(6) - age   2:     413864 bytes,    2905208 total
[2023-11-16T05:11:37.710+0000][6][gc,age      ] GC(6) - age   3:    3451816 bytes,    6357024 total
[2023-11-16T05:11:37.710+0000][6][gc,age      ] GC(6) - age   4:    4229376 bytes,   10586400 total
[2023-11-16T05:11:37.710+0000][6][gc,age      ] GC(6) - age   5:    1205576 bytes,   11791976 total
[2023-11-16T05:11:37.710+0000][6][gc,age      ] GC(6) - age   6:    2283144 bytes,   14075120 total
[2023-11-16T05:11:37.710+0000][6][gc,phases   ] GC(6)   Pre Evacuate Collection Set: 0.1ms
[2023-11-16T05:11:37.710+0000][6][gc,phases   ] GC(6)   Merge Heap Roots: 0.1ms
[2023-11-16T05:11:37.710+0000][6][gc,phases   ] GC(6)   Evacuate Collection Set: 22.3ms
[2023-11-16T05:11:37.710+0000][6][gc,phases   ] GC(6)   Post Evacuate Collection Set: 2.3ms
[2023-11-16T05:11:37.711+0000][6][gc,phases   ] GC(6)   Other: 0.4ms
[2023-11-16T05:11:37.711+0000][6][gc,heap     ] GC(6) Eden regions: 72->0(72)
[2023-11-16T05:11:37.711+0000][6][gc,heap     ] GC(6) Survivor regions: 4->4(10)
[2023-11-16T05:11:37.711+0000][6][gc,heap     ] GC(6) Old regions: 1->1
[2023-11-16T05:11:37.711+0000][6][gc,heap     ] GC(6) Archive regions: 2->2
[2023-11-16T05:11:37.711+0000][6][gc,heap     ] GC(6) Humongous regions: 0->0
[2023-11-16T05:11:37.711+0000][6][gc,metaspace] GC(6) Metaspace: 20292K(20800K)->20292K(20800K) NonClass: 17801K(18112K)->17801K(18112K) Class: 2491K(2688K)->2491K(2688K)
[2023-11-16T05:11:37.711+0000][6][gc          ] GC(6) Pause Young (Normal) (G1 Evacuation Pause) 308M->21M(512M) 25.238ms
[2023-11-16T05:11:37.711+0000][6][gc,cpu      ] GC(6) User=0.04s Sys=0.00s Real=0.03s
[2023-11-16T05:11:37.711+0000][6][safepoint   ] Safepoint "G1CollectForAllocation", Time since last: 1814957865 ns, Reaching safepoint: 116195 ns, At safepoint: 25321968 ns, Total: 25438163 ns
[2023-11-16T05:11:38.720+0000][6][safepoint   ] Safepoint "Cleanup", Time since last: 1009366255 ns, Reaching safepoint: 176390 ns, At safepoint: 6333 ns, Total: 182723 ns
[2023-11-16T05:11:39.099+0000][6][gc,start    ] GC(7) Pause Young (Normal) (G1 Evacuation Pause)
[2023-11-16T05:11:39.099+0000][6][gc,task     ] GC(7) Using 8 workers of 8 for evacuation
[2023-11-16T05:11:39.099+0000][6][gc,age      ] GC(7) Desired survivor size 20971520 bytes, new threshold 15 (max threshold 15)
[2023-11-16T05:11:39.137+0000][6][gc,age      ] GC(7) Age table with threshold 15 (max threshold 15)
[2023-11-16T05:11:39.137+0000][6][gc,age      ] GC(7) - age   1:    1648440 bytes,    1648440 total
[2023-11-16T05:11:39.137+0000][6][gc,age      ] GC(7) - age   2:    2178136 bytes,    3826576 total
[2023-11-16T05:11:39.137+0000][6][gc,age      ] GC(7) - age   3:     413376 bytes,    4239952 total
[2023-11-16T05:11:39.137+0000][6][gc,age      ] GC(7) - age   4:    3451304 bytes,    7691256 total
[2023-11-16T05:11:39.137+0000][6][gc,age      ] GC(7) - age   5:    4229376 bytes,   11920632 total
[2023-11-16T05:11:39.137+0000][6][gc,age      ] GC(7) - age   6:    1205576 bytes,   13126208 total
[2023-11-16T05:11:39.137+0000][6][gc,age      ] GC(7) - age   7:    2283144 bytes,   15409352 total
[2023-11-16T05:11:39.137+0000][6][gc,phases   ] GC(7)   Pre Evacuate Collection Set: 0.2ms
[2023-11-16T05:11:39.137+0000][6][gc,phases   ] GC(7)   Merge Heap Roots: 0.1ms
[2023-11-16T05:11:39.137+0000][6][gc,phases   ] GC(7)   Evacuate Collection Set: 35.5ms
[2023-11-16T05:11:39.137+0000][6][gc,phases   ] GC(7)   Post Evacuate Collection Set: 2.7ms
[2023-11-16T05:11:39.137+0000][6][gc,phases   ] GC(7)   Other: 0.4ms
[2023-11-16T05:11:39.138+0000][6][gc,heap     ] GC(7) Eden regions: 72->0(72)
[2023-11-16T05:11:39.138+0000][6][gc,heap     ] GC(7) Survivor regions: 4->4(10)
[2023-11-16T05:11:39.138+0000][6][gc,heap     ] GC(7) Old regions: 1->1
[2023-11-16T05:11:39.138+0000][6][gc,heap     ] GC(7) Archive regions: 2->2
[2023-11-16T05:11:39.138+0000][6][gc,heap     ] GC(7) Humongous regions: 0->0
[2023-11-16T05:11:39.138+0000][6][gc,metaspace] GC(7) Metaspace: 20405K(20928K)->20405K(20928K) NonClass: 17893K(18176K)->17893K(18176K) Class: 2512K(2752K)->2512K(2752K)
[2023-11-16T05:11:39.138+0000][6][gc          ] GC(7) Pause Young (Normal) (G1 Evacuation Pause) 309M->23M(512M) 39.015ms
[2023-11-16T05:11:39.138+0000][6][gc,cpu      ] GC(7) User=0.05s Sys=0.00s Real=0.04s
[2023-11-16T05:11:39.138+0000][6][safepoint   ] Safepoint "G1CollectForAllocation", Time since last: 378211744 ns, Reaching safepoint: 131067 ns, At safepoint: 39122480 ns, Total: 39253547 ns
[2023-11-16T05:11:39.826+0000][6][gc,start    ] GC(8) Pause Young (Concurrent Start) (Metadata GC Threshold)
[2023-11-16T05:11:39.826+0000][6][gc,task     ] GC(8) Using 8 workers of 8 for evacuation
[2023-11-16T05:11:39.826+0000][6][gc,age      ] GC(8) Desired survivor size 20971520 bytes, new threshold 15 (max threshold 15)
[2023-11-16T05:11:39.870+0000][6][gc,age      ] GC(8) Age table with threshold 15 (max threshold 15)
[2023-11-16T05:11:39.870+0000][6][gc,age      ] GC(8) - age   1:     377680 bytes,     377680 total
[2023-11-16T05:11:39.870+0000][6][gc,age      ] GC(8) - age   2:     668280 bytes,    1045960 total
[2023-11-16T05:11:39.870+0000][6][gc,age      ] GC(8) - age   3:    2165760 bytes,    3211720 total
[2023-11-16T05:11:39.870+0000][6][gc,age      ] GC(8) - age   4:     402792 bytes,    3614512 total
[2023-11-16T05:11:39.870+0000][6][gc,age      ] GC(8) - age   5:    3440112 bytes,    7054624 total
[2023-11-16T05:11:39.870+0000][6][gc,age      ] GC(8) - age   6:    4219048 bytes,   11273672 total
[2023-11-16T05:11:39.870+0000][6][gc,age      ] GC(8) - age   7:    1161856 bytes,   12435528 total
[2023-11-16T05:11:39.870+0000][6][gc,age      ] GC(8) - age   8:    2282968 bytes,   14718496 total
[2023-11-16T05:11:39.870+0000][6][gc,phases   ] GC(8)   Pre Evacuate Collection Set: 0.1ms
[2023-11-16T05:11:39.870+0000][6][gc,phases   ] GC(8)   Merge Heap Roots: 0.3ms
[2023-11-16T05:11:39.870+0000][6][gc,phases   ] GC(8)   Evacuate Collection Set: 41.4ms
[2023-11-16T05:11:39.870+0000][6][gc,phases   ] GC(8)   Post Evacuate Collection Set: 1.4ms
[2023-11-16T05:11:39.870+0000][6][gc,phases   ] GC(8)   Other: 0.3ms
[2023-11-16T05:11:39.870+0000][6][gc,heap     ] GC(8) Eden regions: 7->0(72)
[2023-11-16T05:11:39.870+0000][6][gc,heap     ] GC(8) Survivor regions: 4->4(10)
[2023-11-16T05:11:39.870+0000][6][gc,heap     ] GC(8) Old regions: 1->1
[2023-11-16T05:11:39.870+0000][6][gc,heap     ] GC(8) Archive regions: 2->2
[2023-11-16T05:11:39.870+0000][6][gc,heap     ] GC(8) Humongous regions: 0->0
[2023-11-16T05:11:39.870+0000][6][gc,metaspace] GC(8) Metaspace: 21012K(21504K)->21012K(21504K) NonClass: 18405K(18688K)->18405K(18688K) Class: 2607K(2816K)->2607K(2816K)
[2023-11-16T05:11:39.870+0000][6][gc          ] GC(8) Pause Young (Concurrent Start) (Metadata GC Threshold) 49M->23M(512M) 43.663ms
[2023-11-16T05:11:39.870+0000][6][gc,cpu      ] GC(8) User=0.04s Sys=0.00s Real=0.05s
[2023-11-16T05:11:39.870+0000][6][safepoint   ] Safepoint "CollectForMetadataAllocation", Time since last: 688266347 ns, Reaching safepoint: 139083 ns, At safepoint: 43853357 ns, Total: 43992440 ns
[2023-11-16T05:11:39.870+0000][6][gc          ] GC(9) Concurrent Mark Cycle
[2023-11-16T05:11:39.870+0000][6][gc,marking  ] GC(9) Concurrent Clear Claimed Marks
[2023-11-16T05:11:39.870+0000][6][gc,marking  ] GC(9) Concurrent Clear Claimed Marks 0.041ms
[2023-11-16T05:11:39.870+0000][6][gc,marking  ] GC(9) Concurrent Scan Root Regions
[2023-11-16T05:11:39.879+0000][6][gc,marking  ] GC(9) Concurrent Scan Root Regions 9.491ms
[2023-11-16T05:11:39.880+0000][6][gc,marking  ] GC(9) Concurrent Mark
[2023-11-16T05:11:39.880+0000][6][gc,marking  ] GC(9) Concurrent Mark From Roots
[2023-11-16T05:11:39.880+0000][6][gc,task     ] GC(9) Using 2 workers of 2 for marking
[2023-11-16T05:11:39.905+0000][6][gc,marking  ] GC(9) Concurrent Mark From Roots 25.797ms
[2023-11-16T05:11:39.905+0000][6][gc,marking  ] GC(9) Concurrent Preclean
[2023-11-16T05:11:39.906+0000][6][gc,marking  ] GC(9) Concurrent Preclean 0.183ms
[2023-11-16T05:11:39.906+0000][6][gc,start    ] GC(9) Pause Remark
[2023-11-16T05:11:39.919+0000][6][gc          ] GC(9) Pause Remark 25M->25M(512M) 13.295ms
[2023-11-16T05:11:39.919+0000][6][gc,cpu      ] GC(9) User=0.02s Sys=0.00s Real=0.02s
[2023-11-16T05:11:39.919+0000][6][safepoint   ] Safepoint "G1Concurrent", Time since last: 35729737 ns, Reaching safepoint: 190233 ns, At safepoint: 13410374 ns, Total: 13600607 ns
[2023-11-16T05:11:39.919+0000][6][gc,marking  ] GC(9) Concurrent Mark 39.732ms
[2023-11-16T05:11:39.919+0000][6][gc,marking  ] GC(9) Concurrent Rebuild Remembered Sets
[2023-11-16T05:11:39.919+0000][6][gc,marking  ] GC(9) Concurrent Rebuild Remembered Sets 0.007ms
[2023-11-16T05:11:39.920+0000][6][gc,start    ] GC(9) Pause Cleanup
[2023-11-16T05:11:39.920+0000][6][gc          ] GC(9) Pause Cleanup 25M->25M(512M) 0.026ms
[2023-11-16T05:11:39.920+0000][6][gc,cpu      ] GC(9) User=0.00s Sys=0.00s Real=0.00s
[2023-11-16T05:11:39.920+0000][6][safepoint   ] Safepoint "G1Concurrent", Time since last: 67993 ns, Reaching safepoint: 227799 ns, At safepoint: 57484 ns, Total: 285283 ns
[2023-11-16T05:11:39.920+0000][6][gc,marking  ] GC(9) Concurrent Cleanup for Next Mark
[2023-11-16T05:11:39.921+0000][6][gc,marking  ] GC(9) Concurrent Cleanup for Next Mark 1.640ms
[2023-11-16T05:11:39.921+0000][6][gc          ] GC(9) Concurrent Mark Cycle 51.398ms
[2023-11-16T05:11:40.920+0000][6][safepoint   ] Safepoint "Cleanup", Time since last: 1000081586 ns, Reaching safepoint: 86462 ns, At safepoint: 3279 ns, Total: 89741 ns
[2023-11-16T05:11:41.362+0000][6][safepoint   ] Safepoint "ICBufferFull", Time since last: 442602107 ns, Reaching safepoint: 129672 ns, At safepoint: 6108 ns, Total: 135780 ns
[2023-11-16T05:11:41.363+0000][6][safepoint   ] Safepoint "ICBufferFull", Time since last: 725783 ns, Reaching safepoint: 37455 ns, At safepoint: 2442 ns, Total: 39897 ns
[2023-11-16T05:11:41.364+0000][6][safepoint   ] Safepoint "ICBufferFull", Time since last: 1061272 ns, Reaching safepoint: 59136 ns, At safepoint: 3921 ns, Total: 63057 ns
[2023-11-16T05:11:41.450+0000][6][safepoint   ] Safepoint "ICBufferFull", Time since last: 85706436 ns, Reaching safepoint: 79759 ns, At safepoint: 6317 ns, Total: 86076 ns
[2023-11-16T05:11:41.451+0000][6][safepoint   ] Safepoint "ICBufferFull", Time since last: 1106905 ns, Reaching safepoint: 41367 ns, At safepoint: 3868 ns, Total: 45235 ns
[2023-11-16T05:11:41.588+0000][6][safepoint   ] Safepoint "ICBufferFull", Time since last: 136495201 ns, Reaching safepoint: 47619 ns, At safepoint: 3043 ns, Total: 50662 ns
[2023-11-16T05:11:41.600+0000][6][safepoint   ] Safepoint "ICBufferFull", Time since last: 12143031 ns, Reaching safepoint: 39278 ns, At safepoint: 3142 ns, Total: 42420 ns
[2023-11-16T05:11:41.614+0000][6][safepoint   ] Safepoint "ICBufferFull", Time since last: 13503665 ns, Reaching safepoint: 41362 ns, At safepoint: 3403 ns, Total: 44765 ns
[2023-11-16T05:11:41.853+0000][6][safepoint   ] Safepoint "ICBufferFull", Time since last: 239618486 ns, Reaching safepoint: 142628 ns, At safepoint: 2968 ns, Total: 145596 ns
[2023-11-16T05:11:41.880+0000][6][safepoint   ] Safepoint "ICBufferFull", Time since last: 27003826 ns, Reaching safepoint: 27629 ns, At safepoint: 4187 ns, Total: 31816 ns
[2023-11-16T05:11:41.881+0000][6][safepoint   ] Safepoint "ICBufferFull", Time since last: 516132 ns, Reaching safepoint: 12697 ns, At safepoint: 1241 ns, Total: 13938 ns
[2023-11-16T05:11:41.957+0000][6][safepoint   ] Safepoint "ICBufferFull", Time since last: 76235783 ns, Reaching safepoint: 52301 ns, At safepoint: 3332 ns, Total: 55633 ns
[2023-11-16T05:11:42.003+0000][6][safepoint   ] Safepoint "ICBufferFull", Time since last: 45800656 ns, Reaching safepoint: 32386 ns, At safepoint: 9003 ns, Total: 41389 ns
[2023-11-16T05:11:42.004+0000][6][safepoint   ] Safepoint "ICBufferFull", Time since last: 995373 ns, Reaching safepoint: 31831 ns, At safepoint: 7085 ns, Total: 38916 ns
[2023-11-16T05:11:43.940+0000][6][safepoint   ] Safepoint "Cleanup", Time since last: 1936236452 ns, Reaching safepoint: 119345 ns, At safepoint: 3708 ns, Total: 123053 ns
[2023-11-16T05:11:44.942+0000][6][safepoint   ] Safepoint "Cleanup", Time since last: 1001157336 ns, Reaching safepoint: 224090 ns, At safepoint: 10261 ns, Total: 234351 ns
[2023-11-16T05:11:45.952+0000][6][safepoint   ] Safepoint "Cleanup", Time since last: 1010387689 ns, Reaching safepoint: 148975 ns, At safepoint: 5353 ns, Total: 154328 ns
[2023-11-16T05:11:47.027+0000][6][gc,start    ] GC(10) Pause Young (Concurrent Start) (Metadata GC Threshold)
[2023-11-16T05:11:47.027+0000][6][gc,task     ] GC(10) Using 8 workers of 8 for evacuation
[2023-11-16T05:11:47.027+0000][6][gc,age      ] GC(10) Desired survivor size 20971520 bytes, new threshold 15 (max threshold 15)
[2023-11-16T05:11:47.084+0000][6][gc,age      ] GC(10) Age table with threshold 15 (max threshold 15)
[2023-11-16T05:11:47.084+0000][6][gc,age      ] GC(10) - age   1:   26916016 bytes,   26916016 total
[2023-11-16T05:11:47.084+0000][6][gc,age      ] GC(10) - age   2:     366496 bytes,   27282512 total
[2023-11-16T05:11:47.084+0000][6][gc,age      ] GC(10) - age   3:     666312 bytes,   27948824 total
[2023-11-16T05:11:47.084+0000][6][gc,age      ] GC(10) - age   4:    2138936 bytes,   30087760 total
[2023-11-16T05:11:47.084+0000][6][gc,age      ] GC(10) - age   5:     400888 bytes,   30488648 total
[2023-11-16T05:11:47.084+0000][6][gc,age      ] GC(10) - age   6:    3436008 bytes,   33924656 total
[2023-11-16T05:11:47.084+0000][6][gc,age      ] GC(10) - age   7:    4182792 bytes,   38107448 total
[2023-11-16T05:11:47.084+0000][6][gc,age      ] GC(10) - age   8:    1132928 bytes,   39240376 total
[2023-11-16T05:11:47.084+0000][6][gc,age      ] GC(10) - age   9:    2270576 bytes,   41510952 total
[2023-11-16T05:11:47.084+0000][6][gc,phases   ] GC(10)   Pre Evacuate Collection Set: 0.2ms
[2023-11-16T05:11:47.084+0000][6][gc,phases   ] GC(10)   Merge Heap Roots: 0.1ms
[2023-11-16T05:11:47.084+0000][6][gc,phases   ] GC(10)   Evacuate Collection Set: 54.9ms
[2023-11-16T05:11:47.084+0000][6][gc,phases   ] GC(10)   Post Evacuate Collection Set: 1.4ms
[2023-11-16T05:11:47.084+0000][6][gc,phases   ] GC(10)   Other: 0.3ms
[2023-11-16T05:11:47.084+0000][6][gc,heap     ] GC(10) Eden regions: 71->0(66)
[2023-11-16T05:11:47.084+0000][6][gc,heap     ] GC(10) Survivor regions: 4->10(10)
[2023-11-16T05:11:47.084+0000][6][gc,heap     ] GC(10) Old regions: 1->2
[2023-11-16T05:11:47.084+0000][6][gc,heap     ] GC(10) Archive regions: 2->2
[2023-11-16T05:11:47.084+0000][6][gc,heap     ] GC(10) Humongous regions: 0->0
[2023-11-16T05:11:47.084+0000][6][gc,metaspace] GC(10) Metaspace: 35175K(36096K)->35175K(36096K) NonClass: 30542K(31104K)->30542K(31104K) Class: 4632K(4992K)->4632K(4992K)
[2023-11-16T05:11:47.084+0000][6][gc          ] GC(10) Pause Young (Concurrent Start) (Metadata GC Threshold) 305M->48M(512M) 56.966ms
[2023-11-16T05:11:47.084+0000][6][gc,cpu      ] GC(10) User=0.15s Sys=0.00s Real=0.06s
[2023-11-16T05:11:47.084+0000][6][safepoint   ] Safepoint "CollectForMetadataAllocation", Time since last: 1074307472 ns, Reaching safepoint: 129964 ns, At safepoint: 57102903 ns, Total: 57232867 ns
[2023-11-16T05:11:47.084+0000][6][gc          ] GC(11) Concurrent Mark Cycle
[2023-11-16T05:11:47.084+0000][6][gc,marking  ] GC(11) Concurrent Clear Claimed Marks
[2023-11-16T05:11:47.084+0000][6][gc,marking  ] GC(11) Concurrent Clear Claimed Marks 0.068ms
[2023-11-16T05:11:47.084+0000][6][gc,marking  ] GC(11) Concurrent Scan Root Regions
[2023-11-16T05:11:47.120+0000][6][gc,marking  ] GC(11) Concurrent Scan Root Regions 35.968ms
[2023-11-16T05:11:47.120+0000][6][gc,marking  ] GC(11) Concurrent Mark
[2023-11-16T05:11:47.120+0000][6][gc,marking  ] GC(11) Concurrent Mark From Roots
[2023-11-16T05:11:47.120+0000][6][gc,task     ] GC(11) Using 2 workers of 2 for marking
[2023-11-16T05:11:47.127+0000][6][gc,marking  ] GC(11) Concurrent Mark From Roots 7.176ms
[2023-11-16T05:11:47.127+0000][6][gc,marking  ] GC(11) Concurrent Preclean
[2023-11-16T05:11:47.127+0000][6][gc,marking  ] GC(11) Concurrent Preclean 0.169ms
[2023-11-16T05:11:47.128+0000][6][gc,start    ] GC(11) Pause Remark
[2023-11-16T05:11:47.135+0000][6][gc          ] GC(11) Pause Remark 50M->50M(512M) 7.230ms
[2023-11-16T05:11:47.135+0000][6][gc,cpu      ] GC(11) User=0.02s Sys=0.00s Real=0.01s
[2023-11-16T05:11:47.135+0000][6][safepoint   ] Safepoint "G1Concurrent", Time since last: 43638555 ns, Reaching safepoint: 73758 ns, At safepoint: 7340246 ns, Total: 7414004 ns
[2023-11-16T05:11:47.135+0000][6][gc,marking  ] GC(11) Concurrent Mark 14.945ms
[2023-11-16T05:11:47.135+0000][6][gc,marking  ] GC(11) Concurrent Rebuild Remembered Sets
[2023-11-16T05:11:47.139+0000][6][gc,marking  ] GC(11) Concurrent Rebuild Remembered Sets 4.310ms
[2023-11-16T05:11:47.146+0000][6][gc,start    ] GC(11) Pause Cleanup
[2023-11-16T05:11:47.146+0000][6][gc          ] GC(11) Pause Cleanup 50M->50M(512M) 0.114ms
[2023-11-16T05:11:47.146+0000][6][gc,cpu      ] GC(11) User=0.00s Sys=0.00s Real=0.00s
[2023-11-16T05:11:47.146+0000][6][safepoint   ] Safepoint "G1Concurrent", Time since last: 6027262 ns, Reaching safepoint: 4492795 ns, At safepoint: 166079 ns, Total: 4658874 ns
[2023-11-16T05:11:47.146+0000][6][gc,marking  ] GC(11) Concurrent Cleanup for Next Mark
[2023-11-16T05:11:47.147+0000][6][gc,marking  ] GC(11) Concurrent Cleanup for Next Mark 1.504ms
[2023-11-16T05:11:47.147+0000][6][gc          ] GC(11) Concurrent Mark Cycle 63.359ms
[2023-11-16T05:11:48.150+0000][6][safepoint   ] Safepoint "Cleanup", Time since last: 1000570980 ns, Reaching safepoint: 3793726 ns, At safepoint: 40632 ns, Total: 3834358 ns
[2023-11-16T05:11:49.150+0000][6][safepoint   ] Safepoint "Cleanup", Time since last: 1000233798 ns, Reaching safepoint: 174763 ns, At safepoint: 5874 ns, Total: 180637 ns
[2023-11-16T05:11:50.254+0000][6][safepoint   ] Safepoint "Cleanup", Time since last: 1102893481 ns, Reaching safepoint: 176151 ns, At safepoint: 11037 ns, Total: 187188 ns
[2023-11-16T05:11:51.254+0000][6][safepoint   ] Safepoint "Cleanup", Time since last: 1000472049 ns, Reaching safepoint: 109391 ns, At safepoint: 8014 ns, Total: 117405 ns
[2023-11-16T05:11:52.361+0000][6][safepoint   ] Safepoint "Cleanup", Time since last: 1106734332 ns, Reaching safepoint: 174981 ns, At safepoint: 7142 ns, Total: 182123 ns
[2023-11-16T05:11:53.361+0000][6][safepoint   ] Safepoint "Cleanup", Time since last: 1000129647 ns, Reaching safepoint: 256138 ns, At safepoint: 10189 ns, Total: 266327 ns
[2023-11-16T05:11:53.798+0000][6][gc,start    ] GC(12) Pause Young (Normal) (G1 Evacuation Pause)
[2023-11-16T05:11:53.798+0000][6][gc,task     ] GC(12) Using 8 workers of 8 for evacuation
[2023-11-16T05:11:53.799+0000][6][gc,age      ] GC(12) Desired survivor size 20971520 bytes, new threshold 1 (max threshold 15)
[2023-11-16T05:11:54.101+0000][6][gc,age      ] GC(12) Age table with threshold 1 (max threshold 15)
[2023-11-16T05:11:54.101+0000][6][gc,age      ] GC(12) - age   1:    5976968 bytes,    5976968 total
[2023-11-16T05:11:54.101+0000][6][gc,mmu      ] GC(12) MMU target violated: 201.0ms (200.0ms/201.0ms)
[2023-11-16T05:11:54.101+0000][6][gc,phases   ] GC(12)   Pre Evacuate Collection Set: 0.1ms
[2023-11-16T05:11:54.101+0000][6][gc,phases   ] GC(12)   Merge Heap Roots: 0.1ms
[2023-11-16T05:11:54.101+0000][6][gc,phases   ] GC(12)   Evacuate Collection Set: 288.5ms
[2023-11-16T05:11:54.101+0000][6][gc,phases   ] GC(12)   Post Evacuate Collection Set: 13.5ms
[2023-11-16T05:11:54.101+0000][6][gc,phases   ] GC(12)   Other: 0.3ms
[2023-11-16T05:11:54.101+0000][6][gc,heap     ] GC(12) Eden regions: 66->0(73)
[2023-11-16T05:11:54.101+0000][6][gc,heap     ] GC(12) Survivor regions: 10->3(10)
[2023-11-16T05:11:54.101+0000][6][gc,heap     ] GC(12) Old regions: 2->11
[2023-11-16T05:11:54.101+0000][6][gc,heap     ] GC(12) Archive regions: 2->2
[2023-11-16T05:11:54.101+0000][6][gc,heap     ] GC(12) Humongous regions: 0->0
[2023-11-16T05:11:54.101+0000][6][gc,metaspace] GC(12) Metaspace: 51614K(52800K)->51614K(52800K) NonClass: 44622K(45312K)->44622K(45312K) Class: 6992K(7488K)->6992K(7488K)
[2023-11-16T05:11:54.101+0000][6][gc          ] GC(12) Pause Young (Normal) (G1 Evacuation Pause) 312M->56M(512M) 302.548ms
[2023-11-16T05:11:54.101+0000][6][gc,cpu      ] GC(12) User=0.34s Sys=0.11s Real=0.31s
[2023-11-16T05:11:54.101+0000][6][safepoint   ] Safepoint "G1CollectForAllocation", Time since last: 436844669 ns, Reaching safepoint: 61465 ns, At safepoint: 302702783 ns, Total: 302764248 ns
[2023-11-16T05:11:55.105+0000][6][safepoint   ] Safepoint "Cleanup", Time since last: 1000759352 ns, Reaching safepoint: 2939085 ns, At safepoint: 22500 ns, Total: 2961585 ns
[2023-11-16T05:11:56.105+0000][6][safepoint   ] Safepoint "Cleanup", Time since last: 1000178451 ns, Reaching safepoint: 152901 ns, At safepoint: 10244 ns, Total: 163145 ns
[2023-11-16T05:11:57.487+0000][6][safepoint   ] Safepoint "Cleanup", Time since last: 1381592227 ns, Reaching safepoint: 247900 ns, At safepoint: 11531 ns, Total: 259431 ns
[2023-11-16T05:11:58.487+0000][6][safepoint   ] Safepoint "Cleanup", Time since last: 1000141552 ns, Reaching safepoint: 189145 ns, At safepoint: 8399 ns, Total: 197544 ns
[2023-11-16T05:11:59.488+0000][6][safepoint   ] Safepoint "Cleanup", Time since last: 1000120827 ns, Reaching safepoint: 222322 ns, At safepoint: 6601 ns, Total: 228923 ns
[2023-11-16T05:12:00.232+0000][6][gc,start    ] GC(13) Pause Young (Concurrent Start) (Metadata GC Threshold)
[2023-11-16T05:12:00.232+0000][6][gc,task     ] GC(13) Using 8 workers of 8 for evacuation
[2023-11-16T05:12:00.232+0000][6][gc,age      ] GC(13) Desired survivor size 20971520 bytes, new threshold 15 (max threshold 15)
[2023-11-16T05:12:00.302+0000][6][gc,age      ] GC(13) Age table with threshold 15 (max threshold 15)
[2023-11-16T05:12:00.302+0000][6][gc,age      ] GC(13) - age   1:    4831648 bytes,    4831648 total
[2023-11-16T05:12:00.302+0000][6][gc,age      ] GC(13) - age   2:    5828288 bytes,   10659936 total
[2023-11-16T05:12:00.302+0000][6][gc,phases   ] GC(13)   Pre Evacuate Collection Set: 0.2ms
[2023-11-16T05:12:00.302+0000][6][gc,phases   ] GC(13)   Merge Heap Roots: 0.1ms
[2023-11-16T05:12:00.302+0000][6][gc,phases   ] GC(13)   Evacuate Collection Set: 62.0ms
[2023-11-16T05:12:00.302+0000][6][gc,phases   ] GC(13)   Post Evacuate Collection Set: 7.6ms
[2023-11-16T05:12:00.302+0000][6][gc,phases   ] GC(13)   Other: 0.3ms
[2023-11-16T05:12:00.302+0000][6][gc,heap     ] GC(13) Eden regions: 51->0(73)
[2023-11-16T05:12:00.302+0000][6][gc,heap     ] GC(13) Survivor regions: 3->3(10)
[2023-11-16T05:12:00.302+0000][6][gc,heap     ] GC(13) Old regions: 11->11
[2023-11-16T05:12:00.302+0000][6][gc,heap     ] GC(13) Archive regions: 2->2
[2023-11-16T05:12:00.302+0000][6][gc,heap     ] GC(13) Humongous regions: 0->0
[2023-11-16T05:12:00.302+0000][6][gc,metaspace] GC(13) Metaspace: 59086K(60288K)->59086K(60288K) NonClass: 51057K(51776K)->51057K(51776K) Class: 8028K(8512K)->8028K(8512K)
[2023-11-16T05:12:00.302+0000][6][gc          ] GC(13) Pause Young (Concurrent Start) (Metadata GC Threshold) 258M->58M(512M) 70.207ms
[2023-11-16T05:12:00.302+0000][6][gc,cpu      ] GC(13) User=0.12s Sys=0.00s Real=0.07s
[2023-11-16T05:12:00.302+0000][6][safepoint   ] Safepoint "CollectForMetadataAllocation", Time since last: 743644116 ns, Reaching safepoint: 133899 ns, At safepoint: 70388532 ns, Total: 70522431 ns
[2023-11-16T05:12:00.302+0000][6][gc          ] GC(14) Concurrent Mark Cycle
[2023-11-16T05:12:00.302+0000][6][gc,marking  ] GC(14) Concurrent Clear Claimed Marks
[2023-11-16T05:12:00.302+0000][6][gc,marking  ] GC(14) Concurrent Clear Claimed Marks 0.074ms
[2023-11-16T05:12:00.302+0000][6][gc,marking  ] GC(14) Concurrent Scan Root Regions
[2023-11-16T05:12:00.316+0000][6][gc,marking  ] GC(14) Concurrent Scan Root Regions 14.069ms
[2023-11-16T05:12:00.316+0000][6][gc,marking  ] GC(14) Concurrent Mark
[2023-11-16T05:12:00.316+0000][6][gc,marking  ] GC(14) Concurrent Mark From Roots
[2023-11-16T05:12:00.316+0000][6][gc,task     ] GC(14) Using 2 workers of 2 for marking
[2023-11-16T05:12:00.439+0000][6][gc,marking  ] GC(14) Concurrent Mark From Roots 122.419ms
[2023-11-16T05:12:00.439+0000][6][gc,marking  ] GC(14) Concurrent Preclean
[2023-11-16T05:12:00.440+0000][6][gc,marking  ] GC(14) Concurrent Preclean 1.070ms
[2023-11-16T05:12:00.441+0000][6][gc,start    ] GC(14) Pause Remark
[2023-11-16T05:12:00.452+0000][6][gc          ] GC(14) Pause Remark 60M->60M(512M) 11.141ms
[2023-11-16T05:12:00.452+0000][6][gc,cpu      ] GC(14) User=0.02s Sys=0.00s Real=0.01s
[2023-11-16T05:12:00.452+0000][6][safepoint   ] Safepoint "G1Concurrent", Time since last: 138655845 ns, Reaching safepoint: 178000 ns, At safepoint: 11259465 ns, Total: 11437465 ns
[2023-11-16T05:12:00.452+0000][6][gc,marking  ] GC(14) Concurrent Mark 135.892ms
[2023-11-16T05:12:00.452+0000][6][gc,marking  ] GC(14) Concurrent Rebuild Remembered Sets
[2023-11-16T05:12:00.452+0000][6][gc,marking  ] GC(14) Concurrent Rebuild Remembered Sets 0.007ms
[2023-11-16T05:12:00.452+0000][6][gc,start    ] GC(14) Pause Cleanup
[2023-11-16T05:12:00.452+0000][6][gc          ] GC(14) Pause Cleanup 60M->60M(512M) 0.023ms
[2023-11-16T05:12:00.452+0000][6][gc,cpu      ] GC(14) User=0.00s Sys=0.00s Real=0.00s
[2023-11-16T05:12:00.452+0000][6][safepoint   ] Safepoint "G1Concurrent", Time since last: 81183 ns, Reaching safepoint: 186182 ns, At safepoint: 59679 ns, Total: 245861 ns
[2023-11-16T05:12:00.452+0000][6][gc,marking  ] GC(14) Concurrent Cleanup for Next Mark
[2023-11-16T05:12:00.458+0000][6][gc,marking  ] GC(14) Concurrent Cleanup for Next Mark 5.487ms
[2023-11-16T05:12:00.458+0000][6][gc          ] GC(14) Concurrent Mark Cycle 155.956ms
[2023-11-16T05:12:02.112+0000][6][safepoint   ] Safepoint "Cleanup", Time since last: 1658509461 ns, Reaching safepoint: 1177839 ns, At safepoint: 13476 ns, Total: 1191315 ns
[2023-11-16T05:12:03.119+0000][6][safepoint   ] Safepoint "Cleanup", Time since last: 1003841504 ns, Reaching safepoint: 2864070 ns, At safepoint: 18730 ns, Total: 2882800 ns
[2023-11-16T05:12:04.120+0000][6][safepoint   ] Safepoint "Cleanup", Time since last: 1000177024 ns, Reaching safepoint: 655084 ns, At safepoint: 6619 ns, Total: 661703 ns
[2023-11-16T05:12:05.120+0000][6][safepoint   ] Safepoint "Cleanup", Time since last: 1000140072 ns, Reaching safepoint: 238072 ns, At safepoint: 5490 ns, Total: 243562 ns
[2023-11-16T05:12:06.590+0000][6][safepoint   ] Safepoint "Cleanup", Time since last: 1470289343 ns, Reaching safepoint: 233875 ns, At safepoint: 4665 ns, Total: 238540 ns
[2023-11-16T05:12:07.725+0000][6][safepoint   ] Safepoint "Cleanup", Time since last: 1134076532 ns, Reaching safepoint: 123489 ns, At safepoint: 4303 ns, Total: 127792 ns
[2023-11-16T05:12:08.764+0000][6][safepoint   ] Safepoint "Cleanup", Time since last: 1038778050 ns, Reaching safepoint: 236628 ns, At safepoint: 9245 ns, Total: 245873 ns
[2023-11-16T05:12:09.772+0000][6][safepoint   ] Safepoint "Cleanup", Time since last: 1008485105 ns, Reaching safepoint: 288310 ns, At safepoint: 9310 ns, Total: 297620 ns
[2023-11-16T05:12:10.576+0000][6][safepoint   ] Safepoint "ICBufferFull", Time since last: 803487431 ns, Reaching safepoint: 171845 ns, At safepoint: 5761 ns, Total: 177606 ns
[2023-11-16T05:12:11.377+0000][6][safepoint   ] Safepoint "ICBufferFull", Time since last: 800099755 ns, Reaching safepoint: 1137876 ns, At safepoint: 11105 ns, Total: 1148981 ns
[2023-11-16T05:12:12.297+0000][6][safepoint   ] Safepoint "ICBufferFull", Time since last: 919353540 ns, Reaching safepoint: 178954 ns, At safepoint: 10784 ns, Total: 189738 ns
[2023-11-16T05:12:13.366+0000][6][safepoint   ] Safepoint "Cleanup", Time since last: 1068915988 ns, Reaching safepoint: 163826 ns, At safepoint: 4911 ns, Total: 168737 ns
[2023-11-16T05:12:13.730+0000][6][gc,start    ] GC(15) Pause Young (Normal) (G1 Evacuation Pause)
[2023-11-16T05:12:13.730+0000][6][gc,task     ] GC(15) Using 8 workers of 8 for evacuation
[2023-11-16T05:12:13.730+0000][6][gc,age      ] GC(15) Desired survivor size 20971520 bytes, new threshold 15 (max threshold 15)
[2023-11-16T05:12:13.803+0000][6][gc,age      ] GC(15) Age table with threshold 15 (max threshold 15)
[2023-11-16T05:12:13.803+0000][6][gc,age      ] GC(15) - age   1:   14101544 bytes,   14101544 total
[2023-11-16T05:12:13.803+0000][6][gc,age      ] GC(15) - age   2:    4698416 bytes,   18799960 total
[2023-11-16T05:12:13.803+0000][6][gc,age      ] GC(15) - age   3:    5676208 bytes,   24476168 total
[2023-11-16T05:12:13.803+0000][6][gc,phases   ] GC(15)   Pre Evacuate Collection Set: 0.5ms
[2023-11-16T05:12:13.803+0000][6][gc,phases   ] GC(15)   Merge Heap Roots: 0.4ms
[2023-11-16T05:12:13.803+0000][6][gc,phases   ] GC(15)   Evacuate Collection Set: 65.5ms
[2023-11-16T05:12:13.803+0000][6][gc,phases   ] GC(15)   Post Evacuate Collection Set: 6.0ms
[2023-11-16T05:12:13.803+0000][6][gc,phases   ] GC(15)   Other: 0.3ms
[2023-11-16T05:12:13.803+0000][6][gc,heap     ] GC(15) Eden regions: 73->0(69)
[2023-11-16T05:12:13.803+0000][6][gc,heap     ] GC(15) Survivor regions: 3->7(10)
[2023-11-16T05:12:13.803+0000][6][gc,heap     ] GC(15) Old regions: 11->11
[2023-11-16T05:12:13.803+0000][6][gc,heap     ] GC(15) Archive regions: 2->2
[2023-11-16T05:12:13.803+0000][6][gc,heap     ] GC(15) Humongous regions: 0->0
[2023-11-16T05:12:13.803+0000][6][gc,metaspace] GC(15) Metaspace: 93979K(95488K)->93979K(95488K) NonClass: 80796K(81664K)->80796K(81664K) Class: 13183K(13824K)->13183K(13824K)
[2023-11-16T05:12:13.803+0000][6][gc          ] GC(15) Pause Young (Normal) (G1 Evacuation Pause) 350M->72M(512M) 72.863ms
[2023-11-16T05:12:13.803+0000][6][gc,cpu      ] GC(15) User=0.13s Sys=0.00s Real=0.07s
[2023-11-16T05:12:13.803+0000][6][safepoint   ] Safepoint "G1CollectForAllocation", Time since last: 364016854 ns, Reaching safepoint: 214239 ns, At safepoint: 72988858 ns, Total: 73203097 ns
[2023-11-16T05:12:15.388+0000][6][safepoint   ] Safepoint "ICBufferFull", Time since last: 1584331683 ns, Reaching safepoint: 230639 ns, At safepoint: 5945 ns, Total: 236584 ns
[2023-11-16T05:12:16.395+0000][6][safepoint   ] Safepoint "Cleanup", Time since last: 1001796016 ns, Reaching safepoint: 5478681 ns, At safepoint: 27583 ns, Total: 5506264 ns
[2023-11-16T05:12:16.802+0000][6][gc,start    ] GC(16) Pause Young (Concurrent Start) (Metadata GC Threshold)
[2023-11-16T05:12:16.802+0000][6][gc,task     ] GC(16) Using 8 workers of 8 for evacuation
[2023-11-16T05:12:16.802+0000][6][gc,age      ] GC(16) Desired survivor size 20971520 bytes, new threshold 3 (max threshold 15)
[2023-11-16T05:12:16.949+0000][6][gc,age      ] GC(16) Age table with threshold 3 (max threshold 15)
[2023-11-16T05:12:16.949+0000][6][gc,age      ] GC(16) - age   1:    7411608 bytes,    7411608 total
[2023-11-16T05:12:16.949+0000][6][gc,age      ] GC(16) - age   2:   13541168 bytes,   20952776 total
[2023-11-16T05:12:16.949+0000][6][gc,age      ] GC(16) - age   3:    4693880 bytes,   25646656 total
[2023-11-16T05:12:16.949+0000][6][gc,phases   ] GC(16)   Pre Evacuate Collection Set: 0.2ms
[2023-11-16T05:12:16.949+0000][6][gc,phases   ] GC(16)   Merge Heap Roots: 0.2ms
[2023-11-16T05:12:16.949+0000][6][gc,phases   ] GC(16)   Evacuate Collection Set: 142.0ms
[2023-11-16T05:12:16.949+0000][6][gc,phases   ] GC(16)   Post Evacuate Collection Set: 4.3ms
[2023-11-16T05:12:16.949+0000][6][gc,phases   ] GC(16)   Other: 0.3ms
[2023-11-16T05:12:16.949+0000][6][gc,heap     ] GC(16) Eden regions: 22->0(69)
[2023-11-16T05:12:16.949+0000][6][gc,heap     ] GC(16) Survivor regions: 7->7(10)
[2023-11-16T05:12:16.949+0000][6][gc,heap     ] GC(16) Old regions: 11->13
[2023-11-16T05:12:16.949+0000][6][gc,heap     ] GC(16) Archive regions: 2->2
[2023-11-16T05:12:16.949+0000][6][gc,heap     ] GC(16) Humongous regions: 5->5
[2023-11-16T05:12:16.949+0000][6][gc,metaspace] GC(16) Metaspace: 99217K(100736K)->99217K(100736K) NonClass: 85311K(86144K)->85311K(86144K) Class: 13906K(14592K)->13906K(14592K)
[2023-11-16T05:12:16.949+0000][6][gc          ] GC(16) Pause Young (Concurrent Start) (Metadata GC Threshold) 180M->99M(512M) 147.025ms
[2023-11-16T05:12:16.949+0000][6][gc,cpu      ] GC(16) User=0.19s Sys=0.00s Real=0.15s
[2023-11-16T05:12:16.949+0000][6][safepoint   ] Safepoint "CollectForMetadataAllocation", Time since last: 407034238 ns, Reaching safepoint: 123971 ns, At safepoint: 147229382 ns, Total: 147353353 ns
[2023-11-16T05:12:16.950+0000][6][gc          ] GC(17) Concurrent Mark Cycle
[2023-11-16T05:12:16.950+0000][6][gc,marking  ] GC(17) Concurrent Clear Claimed Marks
[2023-11-16T05:12:16.950+0000][6][gc,marking  ] GC(17) Concurrent Clear Claimed Marks 0.087ms
[2023-11-16T05:12:16.950+0000][6][gc,marking  ] GC(17) Concurrent Scan Root Regions
[2023-11-16T05:12:17.131+0000][6][gc,marking  ] GC(17) Concurrent Scan Root Regions 180.324ms
[2023-11-16T05:12:17.131+0000][6][gc,marking  ] GC(17) Concurrent Mark
[2023-11-16T05:12:17.131+0000][6][gc,marking  ] GC(17) Concurrent Mark From Roots
[2023-11-16T05:12:17.131+0000][6][gc,task     ] GC(17) Using 2 workers of 2 for marking
[2023-11-16T05:12:17.203+0000][6][safepoint   ] Safepoint "CollectForMetadataAllocation", Time since last: 251316649 ns, Reaching safepoint: 2284092 ns, At safepoint: 104494 ns, Total: 2388586 ns
[2023-11-16T05:12:17.278+0000][6][safepoint   ] Safepoint "CollectForMetadataAllocation", Time since last: 74858520 ns, Reaching safepoint: 210712 ns, At safepoint: 90405 ns, Total: 301117 ns
[2023-11-16T05:12:17.310+0000][6][gc,marking  ] GC(17) Concurrent Mark From Roots 179.495ms
[2023-11-16T05:12:17.310+0000][6][gc,marking  ] GC(17) Concurrent Preclean
[2023-11-16T05:12:17.311+0000][6][gc,marking  ] GC(17) Concurrent Preclean 0.927ms
[2023-11-16T05:12:17.313+0000][6][gc,start    ] GC(17) Pause Remark
[2023-11-16T05:12:17.350+0000][6][gc          ] GC(17) Pause Remark 116M->116M(512M) 36.551ms
[2023-11-16T05:12:17.350+0000][6][gc,cpu      ] GC(17) User=0.06s Sys=0.00s Real=0.04s
[2023-11-16T05:12:17.350+0000][6][safepoint   ] Safepoint "G1Concurrent", Time since last: 33195861 ns, Reaching safepoint: 1452226 ns, At safepoint: 36730059 ns, Total: 38182285 ns
[2023-11-16T05:12:17.359+0000][6][gc,marking  ] GC(17) Concurrent Mark 228.214ms
[2023-11-16T05:12:17.359+0000][6][gc,marking  ] GC(17) Concurrent Rebuild Remembered Sets
[2023-11-16T05:12:17.497+0000][6][gc,marking  ] GC(17) Concurrent Rebuild Remembered Sets 137.453ms
[2023-11-16T05:12:17.499+0000][6][gc,start    ] GC(17) Pause Cleanup
[2023-11-16T05:12:17.500+0000][6][gc          ] GC(17) Pause Cleanup 120M->120M(512M) 0.160ms
[2023-11-16T05:12:17.500+0000][6][gc,cpu      ] GC(17) User=0.00s Sys=0.00s Real=0.00s
[2023-11-16T05:12:17.500+0000][6][safepoint   ] Safepoint "G1Concurrent", Time since last: 148642692 ns, Reaching safepoint: 1112834 ns, At safepoint: 246386 ns, Total: 1359220 ns
[2023-11-16T05:12:17.500+0000][6][gc,marking  ] GC(17) Concurrent Cleanup for Next Mark
[2023-11-16T05:12:17.501+0000][6][gc,marking  ] GC(17) Concurrent Cleanup for Next Mark 0.976ms
[2023-11-16T05:12:17.501+0000][6][gc          ] GC(17) Concurrent Mark Cycle 550.533ms
[2023-11-16T05:12:18.582+0000][6][safepoint   ] Safepoint "ICBufferFull", Time since last: 1071370190 ns, Reaching safepoint: 11346402 ns, At safepoint: 22884 ns, Total: 11369286 ns
[2023-11-16T05:12:19.823+0000][6][safepoint   ] Safepoint "ICBufferFull", Time since last: 1232472348 ns, Reaching safepoint: 7577852 ns, At safepoint: 29407 ns, Total: 7607259 ns
[2023-11-16T05:12:21.237+0000][6][safepoint   ] Safepoint "ICBufferFull", Time since last: 1414429316 ns, Reaching safepoint: 205679 ns, At safepoint: 14070 ns, Total: 219749 ns
[2023-11-16T05:12:21.350+0000][6][safepoint   ] Safepoint "G1CollectForAllocation", Time since last: 112128863 ns, Reaching safepoint: 300074 ns, At safepoint: 23764 ns, Total: 323838 ns
[2023-11-16T05:12:21.357+0000][6][gc,start    ] GC(18) Pause Young (Concurrent Start) (GCLocker Initiated GC)
[2023-11-16T05:12:21.357+0000][6][gc,task     ] GC(18) Using 8 workers of 8 for evacuation
[2023-11-16T05:12:21.357+0000][6][gc,age      ] GC(18) Desired survivor size 20971520 bytes, new threshold 3 (max threshold 15)
[2023-11-16T05:12:21.466+0000][6][gc,age      ] GC(18) Age table with threshold 3 (max threshold 15)
[2023-11-16T05:12:21.466+0000][6][gc,age      ] GC(18) - age   1:    9950960 bytes,    9950960 total
[2023-11-16T05:12:21.466+0000][6][gc,age      ] GC(18) - age   2:    6892112 bytes,   16843072 total
[2023-11-16T05:12:21.466+0000][6][gc,age      ] GC(18) - age   3:   13446200 bytes,   30289272 total
[2023-11-16T05:12:21.466+0000][6][gc,phases   ] GC(18)   Pre Evacuate Collection Set: 0.2ms
[2023-11-16T05:12:21.466+0000][6][gc,phases   ] GC(18)   Merge Heap Roots: 0.2ms
[2023-11-16T05:12:21.466+0000][6][gc,phases   ] GC(18)   Evacuate Collection Set: 97.5ms
[2023-11-16T05:12:21.466+0000][6][gc,phases   ] GC(18)   Post Evacuate Collection Set: 10.7ms
[2023-11-16T05:12:21.466+0000][6][gc,phases   ] GC(18)   Other: 0.4ms
[2023-11-16T05:12:21.466+0000][6][gc,heap     ] GC(18) Eden regions: 70->0(68)
[2023-11-16T05:12:21.466+0000][6][gc,heap     ] GC(18) Survivor regions: 7->8(10)
[2023-11-16T05:12:21.466+0000][6][gc,heap     ] GC(18) Old regions: 13->14
[2023-11-16T05:12:21.466+0000][6][gc,heap     ] GC(18) Archive regions: 2->2
[2023-11-16T05:12:21.466+0000][6][gc,heap     ] GC(18) Humongous regions: 5->5
[2023-11-16T05:12:21.466+0000][6][gc,metaspace] GC(18) Metaspace: 104084K(105600K)->104084K(105600K) NonClass: 89490K(90368K)->89490K(90368K) Class: 14594K(15232K)->14594K(15232K)
[2023-11-16T05:12:21.466+0000][6][gc          ] GC(18) Pause Young (Concurrent Start) (GCLocker Initiated GC) 376M->109M(512M) 109.122ms
[2023-11-16T05:12:21.466+0000][6][gc,cpu      ] GC(18) User=0.22s Sys=0.00s Real=0.11s
[2023-11-16T05:12:21.466+0000][6][safepoint   ] Safepoint "G1CollectForAllocation", Time since last: 6902305 ns, Reaching safepoint: 172546 ns, At safepoint: 109280272 ns, Total: 109452818 ns
[2023-11-16T05:12:21.466+0000][6][gc          ] GC(19) Concurrent Mark Cycle
[2023-11-16T05:12:21.466+0000][6][gc,marking  ] GC(19) Concurrent Clear Claimed Marks
[2023-11-16T05:12:21.466+0000][6][gc,marking  ] GC(19) Concurrent Clear Claimed Marks 0.098ms
[2023-11-16T05:12:21.466+0000][6][gc,marking  ] GC(19) Concurrent Scan Root Regions
[2023-11-16T05:12:21.549+0000][6][gc,marking  ] GC(19) Concurrent Scan Root Regions 82.186ms
[2023-11-16T05:12:21.549+0000][6][gc,marking  ] GC(19) Concurrent Mark
[2023-11-16T05:12:21.549+0000][6][gc,marking  ] GC(19) Concurrent Mark From Roots
[2023-11-16T05:12:21.549+0000][6][gc,task     ] GC(19) Using 2 workers of 2 for marking
[2023-11-16T05:12:21.692+0000][6][gc,marking  ] GC(19) Concurrent Mark From Roots 143.888ms
[2023-11-16T05:12:21.693+0000][6][gc,marking  ] GC(19) Concurrent Preclean
[2023-11-16T05:12:21.693+0000][6][gc,marking  ] GC(19) Concurrent Preclean 0.219ms
[2023-11-16T05:12:21.694+0000][6][gc,start    ] GC(19) Pause Remark
[2023-11-16T05:12:21.702+0000][6][gc          ] GC(19) Pause Remark 126M->126M(512M) 7.966ms
[2023-11-16T05:12:21.702+0000][6][gc,cpu      ] GC(19) User=0.01s Sys=0.01s Real=0.01s
[2023-11-16T05:12:21.703+0000][6][safepoint   ] Safepoint "G1Concurrent", Time since last: 226776834 ns, Reaching safepoint: 1673900 ns, At safepoint: 8101331 ns, Total: 9775231 ns
[2023-11-16T05:12:21.705+0000][6][gc,marking  ] GC(19) Concurrent Mark 156.924ms
[2023-11-16T05:12:21.706+0000][6][gc,marking  ] GC(19) Concurrent Rebuild Remembered Sets
[2023-11-16T05:12:21.835+0000][6][gc,marking  ] GC(19) Concurrent Rebuild Remembered Sets 129.604ms
[2023-11-16T05:12:21.836+0000][6][gc,start    ] GC(19) Pause Cleanup
[2023-11-16T05:12:21.836+0000][6][gc          ] GC(19) Pause Cleanup 134M->134M(512M) 0.103ms
[2023-11-16T05:12:21.836+0000][6][gc,cpu      ] GC(19) User=0.00s Sys=0.00s Real=0.00s
[2023-11-16T05:12:21.836+0000][6][safepoint   ] Safepoint "G1Concurrent", Time since last: 132739151 ns, Reaching safepoint: 277149 ns, At safepoint: 161030 ns, Total: 438179 ns
[2023-11-16T05:12:21.836+0000][6][gc,marking  ] GC(19) Concurrent Cleanup for Next Mark
[2023-11-16T05:12:21.839+0000][6][gc,marking  ] GC(19) Concurrent Cleanup for Next Mark 3.111ms
[2023-11-16T05:12:21.839+0000][6][gc          ] GC(19) Concurrent Mark Cycle 373.231ms
[2023-11-16T05:12:22.664+0000][6][safepoint   ] Safepoint "ICBufferFull", Time since last: 828076170 ns, Reaching safepoint: 160695 ns, At safepoint: 4181 ns, Total: 164876 ns
[2023-11-16T05:12:23.562+0000][6][safepoint   ] Safepoint "ICBufferFull", Time since last: 892319338 ns, Reaching safepoint: 5487933 ns, At safepoint: 18703 ns, Total: 5506636 ns
[2023-11-16T05:12:24.563+0000][6][safepoint   ] Safepoint "Cleanup", Time since last: 1001327921 ns, Reaching safepoint: 68505 ns, At safepoint: 10393 ns, Total: 78898 ns
[2023-11-16T05:12:25.563+0000][6][safepoint   ] Safepoint "Cleanup", Time since last: 1000137094 ns, Reaching safepoint: 122474 ns, At safepoint: 4480 ns, Total: 126954 ns
[2023-11-16T05:12:26.564+0000][6][safepoint   ] Safepoint "Cleanup", Time since last: 1000116635 ns, Reaching safepoint: 61521 ns, At safepoint: 10115 ns, Total: 71636 ns
[2023-11-16T05:12:27.564+0000][6][safepoint   ] Safepoint "Cleanup", Time since last: 1000121065 ns, Reaching safepoint: 113178 ns, At safepoint: 3740 ns, Total: 116918 ns
[2023-11-16T05:12:28.564+0000][6][safepoint   ] Safepoint "Cleanup", Time since last: 1000149769 ns, Reaching safepoint: 94526 ns, At safepoint: 14149 ns, Total: 108675 ns
[2023-11-16T05:12:29.564+0000][6][safepoint   ] Safepoint "Cleanup", Time since last: 1000156116 ns, Reaching safepoint: 67282 ns, At safepoint: 4184 ns, Total: 71466 ns
[2023-11-16T05:12:30.097+0000][6][safepoint   ] Safepoint "ICBufferFull", Time since last: 530442781 ns, Reaching safepoint: 2042823 ns, At safepoint: 66036 ns, Total: 2108859 ns
[2023-11-16T05:12:30.820+0000][6][safepoint   ] Safepoint "ICBufferFull", Time since last: 723086894 ns, Reaching safepoint: 406116 ns, At safepoint: 8972 ns, Total: 415088 ns
[2023-11-16T05:12:32.635+0000][6][safepoint   ] Safepoint "Cleanup", Time since last: 1814614612 ns, Reaching safepoint: 161858 ns, At safepoint: 8918 ns, Total: 170776 ns
[2023-11-16T05:12:33.217+0000][6][safepoint   ] Safepoint "ICBufferFull", Time since last: 581465628 ns, Reaching safepoint: 219362 ns, At safepoint: 9836 ns, Total: 229198 ns
[2023-11-16T05:12:34.217+0000][6][safepoint   ] Safepoint "Cleanup", Time since last: 1000151769 ns, Reaching safepoint: 187117 ns, At safepoint: 10310 ns, Total: 197427 ns
[2023-11-16T05:12:35.217+0000][6][safepoint   ] Safepoint "Cleanup", Time since last: 1000126048 ns, Reaching safepoint: 80365 ns, At safepoint: 7241 ns, Total: 87606 ns
[2023-11-16T05:12:36.218+0000][6][safepoint   ] Safepoint "Cleanup", Time since last: 1000098145 ns, Reaching safepoint: 106585 ns, At safepoint: 6687 ns, Total: 113272 ns
[2023-11-16T05:12:37.218+0000][6][safepoint   ] Safepoint "Cleanup", Time since last: 1000134946 ns, Reaching safepoint: 47554 ns, At safepoint: 4930 ns, Total: 52484 ns
[2023-11-16T05:12:38.218+0000][6][safepoint   ] Safepoint "Cleanup", Time since last: 1000132918 ns, Reaching safepoint: 49657 ns, At safepoint: 4168 ns, Total: 53825 ns
[2023-11-16T05:12:38.766+0000][6][safepoint   ] Safepoint "ICBufferFull", Time since last: 548100390 ns, Reaching safepoint: 172179 ns, At safepoint: 7982 ns, Total: 180161 ns
[2023-11-16T05:12:39.767+0000][6][safepoint   ] Safepoint "Cleanup", Time since last: 1000141766 ns, Reaching safepoint: 184030 ns, At safepoint: 7221 ns, Total: 191251 ns
[2023-11-16T05:12:40.767+0000][6][safepoint   ] Safepoint "Cleanup", Time since last: 1000100902 ns, Reaching safepoint: 87179 ns, At safepoint: 5326 ns, Total: 92505 ns
[2023-11-16T05:12:41.767+0000][6][safepoint   ] Safepoint "Cleanup", Time since last: 1000115220 ns, Reaching safepoint: 77386 ns, At safepoint: 9307 ns, Total: 86693 ns
[2023-11-16T05:12:42.767+0000][6][safepoint   ] Safepoint "Cleanup", Time since last: 1000130319 ns, Reaching safepoint: 95863 ns, At safepoint: 9272 ns, Total: 105135 ns
[2023-11-16T05:12:44.768+0000][6][safepoint   ] Safepoint "Cleanup", Time since last: 2000172352 ns, Reaching safepoint: 156595 ns, At safepoint: 7979 ns, Total: 164574 ns
[2023-11-16T05:12:44.946+0000][6][gc,start    ] GC(20) Pause Young (Normal) (G1 Evacuation Pause)
[2023-11-16T05:12:44.946+0000][6][gc,task     ] GC(20) Using 8 workers of 8 for evacuation
[2023-11-16T05:12:44.946+0000][6][gc,age      ] GC(20) Desired survivor size 20971520 bytes, new threshold 3 (max threshold 15)
[2023-11-16T05:12:45.026+0000][6][gc,age      ] GC(20) Age table with threshold 3 (max threshold 15)
[2023-11-16T05:12:45.026+0000][6][gc,age      ] GC(20) - age   1:    8324760 bytes,    8324760 total
[2023-11-16T05:12:45.026+0000][6][gc,age      ] GC(20) - age   2:    7289936 bytes,   15614696 total
[2023-11-16T05:12:45.026+0000][6][gc,age      ] GC(20) - age   3:    6181608 bytes,   21796304 total
[2023-11-16T05:12:45.026+0000][6][gc,phases   ] GC(20)   Pre Evacuate Collection Set: 0.1ms
[2023-11-16T05:12:45.026+0000][6][gc,phases   ] GC(20)   Merge Heap Roots: 0.3ms
[2023-11-16T05:12:45.026+0000][6][gc,phases   ] GC(20)   Evacuate Collection Set: 76.3ms
[2023-11-16T05:12:45.026+0000][6][gc,phases   ] GC(20)   Post Evacuate Collection Set: 3.7ms
[2023-11-16T05:12:45.026+0000][6][gc,phases   ] GC(20)   Other: 0.3ms
[2023-11-16T05:12:45.026+0000][6][gc,heap     ] GC(20) Eden regions: 68->0(70)
[2023-11-16T05:12:45.026+0000][6][gc,heap     ] GC(20) Survivor regions: 8->6(10)
[2023-11-16T05:12:45.027+0000][6][gc,heap     ] GC(20) Old regions: 14->17
[2023-11-16T05:12:45.027+0000][6][gc,heap     ] GC(20) Archive regions: 2->2
[2023-11-16T05:12:45.027+0000][6][gc,heap     ] GC(20) Humongous regions: 5->5
[2023-11-16T05:12:45.027+0000][6][gc,metaspace] GC(20) Metaspace: 110653K(112256K)->110653K(112256K) NonClass: 95265K(96192K)->95265K(96192K) Class: 15388K(16064K)->15388K(16064K)
[2023-11-16T05:12:45.027+0000][6][gc          ] GC(20) Pause Young (Normal) (G1 Evacuation Pause) 381M->115M(512M) 80.651ms
[2023-11-16T05:12:45.027+0000][6][gc,cpu      ] GC(20) User=0.19s Sys=0.01s Real=0.08s
[2023-11-16T05:12:45.027+0000][6][safepoint   ] Safepoint "G1CollectForAllocation", Time since last: 178100238 ns, Reaching safepoint: 112304 ns, At safepoint: 80746363 ns, Total: 80858667 ns
[2023-11-16T05:12:46.027+0000][6][safepoint   ] Safepoint "Cleanup", Time since last: 1000089429 ns, Reaching safepoint: 71721 ns, At safepoint: 6021 ns, Total: 77742 ns
[2023-11-16T05:12:47.027+0000][6][safepoint   ] Safepoint "Cleanup", Time since last: 1000120300 ns, Reaching safepoint: 65771 ns, At safepoint: 3721 ns, Total: 69492 ns
[2023-11-16T05:12:48.055+0000][6][safepoint   ] Safepoint "Cleanup", Time since last: 1012447762 ns, Reaching safepoint: 5622174 ns, At safepoint: 23820 ns, Total: 5645994 ns
[2023-11-16T05:12:49.056+0000][6][safepoint   ] Safepoint "Cleanup", Time since last: 1011106752 ns, Reaching safepoint: 143379 ns, At safepoint: 6578 ns, Total: 149957 ns
[2023-11-16T05:12:49.887+0000][6][safepoint   ] Safepoint "ICBufferFull", Time since last: 830842004 ns, Reaching safepoint: 186122 ns, At safepoint: 6454 ns, Total: 192576 ns
[2023-11-16T05:12:50.655+0000][6][safepoint   ] Safepoint "ICBufferFull", Time since last: 767499576 ns, Reaching safepoint: 224819 ns, At safepoint: 5040 ns, Total: 229859 ns
[2023-11-16T05:12:50.749+0000][6][safepoint   ] Safepoint "ICBufferFull", Time since last: 93983572 ns, Reaching safepoint: 235006 ns, At safepoint: 7965 ns, Total: 242971 ns
[2023-11-16T05:12:51.484+0000][6][safepoint   ] Safepoint "ICBufferFull", Time since last: 734652849 ns, Reaching safepoint: 170981 ns, At safepoint: 10986 ns, Total: 181967 ns
[2023-11-16T05:12:51.597+0000][6][safepoint   ] Safepoint "ICBufferFull", Time since last: 112726038 ns, Reaching safepoint: 181016 ns, At safepoint: 3304 ns, Total: 184320 ns
[2023-11-16T05:12:52.597+0000][6][safepoint   ] Safepoint "Cleanup", Time since last: 1000101172 ns, Reaching safepoint: 189904 ns, At safepoint: 8330 ns, Total: 198234 ns
[2023-11-16T05:12:53.598+0000][6][safepoint   ] Safepoint "Cleanup", Time since last: 1000125125 ns, Reaching safepoint: 157926 ns, At safepoint: 17791 ns, Total: 175717 ns
[2023-11-16T05:12:54.317+0000][6][safepoint   ] Safepoint "ICBufferFull", Time since last: 718884750 ns, Reaching safepoint: 181683 ns, At safepoint: 8637 ns, Total: 190320 ns
[2023-11-16T05:12:55.233+0000][6][safepoint   ] Safepoint "ICBufferFull", Time since last: 916334057 ns, Reaching safepoint: 195558 ns, At safepoint: 9802 ns, Total: 205360 ns
[2023-11-16T05:12:55.233+0000][6][safepoint   ] Safepoint "ICBufferFull", Time since last: 40139 ns, Reaching safepoint: 85166 ns, At safepoint: 3019 ns, Total: 88185 ns
[2023-11-16T05:12:56.234+0000][6][safepoint   ] Safepoint "Cleanup", Time since last: 1000089052 ns, Reaching safepoint: 114561 ns, At safepoint: 9597 ns, Total: 124158 ns
[2023-11-16T05:12:57.080+0000][6][safepoint   ] Safepoint "ICBufferFull", Time since last: 846132723 ns, Reaching safepoint: 159973 ns, At safepoint: 7287 ns, Total: 167260 ns
[2023-11-16T05:12:58.080+0000][6][safepoint   ] Safepoint "Cleanup", Time since last: 1000311506 ns, Reaching safepoint: 249798 ns, At safepoint: 9980 ns, Total: 259778 ns
[2023-11-16T05:12:59.081+0000][6][safepoint   ] Safepoint "Cleanup", Time since last: 1000130975 ns, Reaching safepoint: 96501 ns, At safepoint: 5537 ns, Total: 102038 ns
[2023-11-16T05:13:00.081+0000][6][safepoint   ] Safepoint "Cleanup", Time since last: 1000094979 ns, Reaching safepoint: 96877 ns, At safepoint: 6012 ns, Total: 102889 ns
[2023-11-16T05:13:01.183+0000][6][safepoint   ] Safepoint "Cleanup", Time since last: 1101991811 ns, Reaching safepoint: 145235 ns, At safepoint: 6805 ns, Total: 152040 ns
[2023-11-16T05:13:02.695+0000][6][safepoint   ] Safepoint "Cleanup", Time since last: 1511350484 ns, Reaching safepoint: 104099 ns, At safepoint: 9531 ns, Total: 113630 ns
[2023-11-16T05:13:03.695+0000][6][safepoint   ] Safepoint "Cleanup", Time since last: 1000105275 ns, Reaching safepoint: 107978 ns, At safepoint: 12132 ns, Total: 120110 ns
[2023-11-16T05:13:04.695+0000][6][safepoint   ] Safepoint "Cleanup", Time since last: 1000111427 ns, Reaching safepoint: 87487 ns, At safepoint: 3525 ns, Total: 91012 ns
[2023-11-16T05:13:05.695+0000][6][safepoint   ] Safepoint "Cleanup", Time since last: 1000105361 ns, Reaching safepoint: 104955 ns, At safepoint: 9501 ns, Total: 114456 ns
[2023-11-16T05:13:06.154+0000][6][gc,start    ] GC(21) Pause Young (Normal) (G1 Evacuation Pause)
[2023-11-16T05:13:06.154+0000][6][gc,task     ] GC(21) Using 8 workers of 8 for evacuation
[2023-11-16T05:13:06.154+0000][6][gc,age      ] GC(21) Desired survivor size 20971520 bytes, new threshold 3 (max threshold 15)
[2023-11-16T05:13:06.189+0000][6][gc,age      ] GC(21) Age table with threshold 3 (max threshold 15)
[2023-11-16T05:13:06.189+0000][6][gc,age      ] GC(21) - age   1:    2811888 bytes,    2811888 total
[2023-11-16T05:13:06.189+0000][6][gc,age      ] GC(21) - age   2:    8071656 bytes,   10883544 total
[2023-11-16T05:13:06.189+0000][6][gc,age      ] GC(21) - age   3:    7227440 bytes,   18110984 total
[2023-11-16T05:13:06.189+0000][6][gc,phases   ] GC(21)   Pre Evacuate Collection Set: 0.1ms
[2023-11-16T05:13:06.189+0000][6][gc,phases   ] GC(21)   Merge Heap Roots: 0.1ms
[2023-11-16T05:13:06.189+0000][6][gc,phases   ] GC(21)   Evacuate Collection Set: 25.5ms
[2023-11-16T05:13:06.189+0000][6][gc,phases   ] GC(21)   Post Evacuate Collection Set: 9.4ms
[2023-11-16T05:13:06.189+0000][6][gc,phases   ] GC(21)   Other: 0.5ms
[2023-11-16T05:13:06.189+0000][6][gc,heap     ] GC(21) Eden regions: 70->0(70)
[2023-11-16T05:13:06.189+0000][6][gc,heap     ] GC(21) Survivor regions: 6->5(10)
[2023-11-16T05:13:06.189+0000][6][gc,heap     ] GC(21) Old regions: 17->19
[2023-11-16T05:13:06.189+0000][6][gc,heap     ] GC(21) Archive regions: 2->2
[2023-11-16T05:13:06.189+0000][6][gc,heap     ] GC(21) Humongous regions: 5->5
[2023-11-16T05:13:06.189+0000][6][gc,metaspace] GC(21) Metaspace: 112759K(114368K)->112759K(114368K) NonClass: 97351K(98304K)->97351K(98304K) Class: 15408K(16064K)->15408K(16064K)
[2023-11-16T05:13:06.189+0000][6][gc          ] GC(21) Pause Young (Normal) (G1 Evacuation Pause) 395M->116M(512M) 35.727ms
[2023-11-16T05:13:06.190+0000][6][gc,cpu      ] GC(21) User=0.08s Sys=0.01s Real=0.04s
[2023-11-16T05:13:06.190+0000][6][safepoint   ] Safepoint "G1CollectForAllocation", Time since last: 457881872 ns, Reaching safepoint: 47143 ns, At safepoint: 36436910 ns, Total: 36484053 ns
[2023-11-16T05:13:07.190+0000][6][safepoint   ] Safepoint "Cleanup", Time since last: 1000101229 ns, Reaching safepoint: 63195 ns, At safepoint: 6559 ns, Total: 69754 ns
[2023-11-16T05:13:08.190+0000][6][safepoint   ] Safepoint "Cleanup", Time since last: 1000110780 ns, Reaching safepoint: 52876 ns, At safepoint: 2455 ns, Total: 55331 ns
[2023-11-16T05:13:09.173+0000][6][safepoint   ] Safepoint "ICBufferFull", Time since last: 982831664 ns, Reaching safepoint: 163661 ns, At safepoint: 6886 ns, Total: 170547 ns
[2023-11-16T05:13:10.173+0000][6][safepoint   ] Safepoint "Cleanup", Time since last: 1000105843 ns, Reaching safepoint: 80620 ns, At safepoint: 6437 ns, Total: 87057 ns
[2023-11-16T05:13:11.173+0000][6][safepoint   ] Safepoint "Cleanup", Time since last: 1000149433 ns, Reaching safepoint: 44872 ns, At safepoint: 7795 ns, Total: 52667 ns
[2023-11-16T05:13:12.173+0000][6][safepoint   ] Safepoint "Cleanup", Time since last: 1000119482 ns, Reaching safepoint: 67793 ns, At safepoint: 7108 ns, Total: 74901 ns
[2023-11-16T05:13:13.174+0000][6][safepoint   ] Safepoint "Cleanup", Time since last: 1000083161 ns, Reaching safepoint: 56920 ns, At safepoint: 3647 ns, Total: 60567 ns
[2023-11-16T05:13:14.174+0000][6][safepoint   ] Safepoint "Cleanup", Time since last: 1000085646 ns, Reaching safepoint: 56825 ns, At safepoint: 7463 ns, Total: 64288 ns
[2023-11-16T05:13:15.174+0000][6][safepoint   ] Safepoint "Cleanup", Time since last: 1000092050 ns, Reaching safepoint: 105153 ns, At safepoint: 6234 ns, Total: 111387 ns
[2023-11-16T05:13:16.174+0000][6][safepoint   ] Safepoint "Cleanup", Time since last: 1000093181 ns, Reaching safepoint: 60544 ns, At safepoint: 5429 ns, Total: 65973 ns
[2023-11-16T05:13:17.174+0000][6][safepoint   ] Safepoint "Cleanup", Time since last: 1000099161 ns, Reaching safepoint: 61642 ns, At safepoint: 3173 ns, Total: 64815 ns
[2023-11-16T05:13:18.174+0000][6][safepoint   ] Safepoint "Cleanup", Time since last: 1000114238 ns, Reaching safepoint: 90221 ns, At safepoint: 11133 ns, Total: 101354 ns
[2023-11-16T05:13:19.175+0000][6][safepoint   ] Safepoint "Cleanup", Time since last: 1000114541 ns, Reaching safepoint: 100446 ns, At safepoint: 4736 ns, Total: 105182 ns
[2023-11-16T05:13:20.175+0000][6][safepoint   ] Safepoint "Cleanup", Time since last: 1000107510 ns, Reaching safepoint: 54216 ns, At safepoint: 10235 ns, Total: 64451 ns
[2023-11-16T05:13:21.175+0000][6][safepoint   ] Safepoint "Cleanup", Time since last: 1000105353 ns, Reaching safepoint: 96764 ns, At safepoint: 6017 ns, Total: 102781 ns
[2023-11-16T05:13:22.416+0000][6][safepoint   ] Safepoint "Cleanup", Time since last: 1240739067 ns, Reaching safepoint: 117736 ns, At safepoint: 3249 ns, Total: 120985 ns
[2023-11-16T05:13:23.416+0000][6][safepoint   ] Safepoint "Cleanup", Time since last: 1000110400 ns, Reaching safepoint: 159411 ns, At safepoint: 17358 ns, Total: 176769 ns
[2023-11-16T05:13:24.416+0000][6][safepoint   ] Safepoint "Cleanup", Time since last: 1000120606 ns, Reaching safepoint: 94758 ns, At safepoint: 11154 ns, Total: 105912 ns
[2023-11-16T05:13:25.417+0000][6][safepoint   ] Safepoint "Cleanup", Time since last: 1000116275 ns, Reaching safepoint: 65164 ns, At safepoint: 8721 ns, Total: 73885 ns
[2023-11-16T05:13:25.611+0000][6][gc,start    ] GC(22) Pause Young (Normal) (G1 Evacuation Pause)
[2023-11-16T05:13:25.611+0000][6][gc,task     ] GC(22) Using 8 workers of 8 for evacuation
[2023-11-16T05:13:25.612+0000][6][gc,age      ] GC(22) Desired survivor size 20971520 bytes, new threshold 15 (max threshold 15)
[2023-11-16T05:13:25.653+0000][6][gc,age      ] GC(22) Age table with threshold 15 (max threshold 15)
[2023-11-16T05:13:25.653+0000][6][gc,age      ] GC(22) - age   1:    1576088 bytes,    1576088 total
[2023-11-16T05:13:25.653+0000][6][gc,age      ] GC(22) - age   2:    1785040 bytes,    3361128 total
[2023-11-16T05:13:25.653+0000][6][gc,age      ] GC(22) - age   3:    7724760 bytes,   11085888 total
[2023-11-16T05:13:25.653+0000][6][gc,age      ] GC(22) - age   4:    7227440 bytes,   18313328 total
[2023-11-16T05:13:25.653+0000][6][gc,phases   ] GC(22)   Pre Evacuate Collection Set: 0.1ms
[2023-11-16T05:13:25.653+0000][6][gc,phases   ] GC(22)   Merge Heap Roots: 0.2ms
[2023-11-16T05:13:25.653+0000][6][gc,phases   ] GC(22)   Evacuate Collection Set: 36.3ms
[2023-11-16T05:13:25.653+0000][6][gc,phases   ] GC(22)   Post Evacuate Collection Set: 5.1ms
[2023-11-16T05:13:25.653+0000][6][gc,phases   ] GC(22)   Other: 0.5ms
[2023-11-16T05:13:25.653+0000][6][gc,heap     ] GC(22) Eden regions: 70->0(71)
[2023-11-16T05:13:25.654+0000][6][gc,heap     ] GC(22) Survivor regions: 5->5(10)
[2023-11-16T05:13:25.654+0000][6][gc,heap     ] GC(22) Old regions: 19->19
[2023-11-16T05:13:25.654+0000][6][gc,heap     ] GC(22) Archive regions: 2->2
[2023-11-16T05:13:25.654+0000][6][gc,heap     ] GC(22) Humongous regions: 5->5
[2023-11-16T05:13:25.654+0000][6][gc,metaspace] GC(22) Metaspace: 112933K(114496K)->112933K(114496K) NonClass: 97523K(98432K)->97523K(98432K) Class: 15409K(16064K)->15409K(16064K)
[2023-11-16T05:13:25.654+0000][6][gc          ] GC(22) Pause Young (Normal) (G1 Evacuation Pause) 396M->117M(512M) 42.127ms
[2023-11-16T05:13:25.654+0000][6][gc,cpu      ] GC(22) User=0.07s Sys=0.00s Real=0.04s
[2023-11-16T05:13:25.654+0000][6][safepoint   ] Safepoint "G1CollectForAllocation", Time since last: 194414012 ns, Reaching safepoint: 141359 ns, At safepoint: 42452832 ns, Total: 42594191 ns
[2023-11-16T05:13:27.654+0000][6][safepoint   ] Safepoint "Cleanup", Time since last: 2000153004 ns, Reaching safepoint: 96538 ns, At safepoint: 3779 ns, Total: 100317 ns
[2023-11-16T05:13:28.654+0000][6][safepoint   ] Safepoint "Cleanup", Time since last: 1000111899 ns, Reaching safepoint: 62051 ns, At safepoint: 3663 ns, Total: 65714 ns
[2023-11-16T05:13:29.654+0000][6][safepoint   ] Safepoint "Cleanup", Time since last: 1000153178 ns, Reaching safepoint: 131520 ns, At safepoint: 16703 ns, Total: 148223 ns
[2023-11-16T05:13:30.237+0000][6][safepoint   ] Safepoint "ICBufferFull", Time since last: 582670112 ns, Reaching safepoint: 174073 ns, At safepoint: 8007 ns, Total: 182080 ns
[2023-11-16T05:13:31.238+0000][6][safepoint   ] Safepoint "Cleanup", Time since last: 1000136352 ns, Reaching safepoint: 218658 ns, At safepoint: 16145 ns, Total: 234803 ns
[2023-11-16T05:13:32.238+0000][6][safepoint   ] Safepoint "Cleanup", Time since last: 1000132654 ns, Reaching safepoint: 58928 ns, At safepoint: 3497 ns, Total: 62425 ns
[2023-11-16T05:13:33.238+0000][6][safepoint   ] Safepoint "Cleanup", Time since last: 1000098810 ns, Reaching safepoint: 104126 ns, At safepoint: 8296 ns, Total: 112422 ns
[2023-11-16T05:13:34.238+0000][6][safepoint   ] Safepoint "Cleanup", Time since last: 1000126199 ns, Reaching safepoint: 106587 ns, At safepoint: 11511 ns, Total: 118098 ns
[2023-11-16T05:13:35.238+0000][6][safepoint   ] Safepoint "Cleanup", Time since last: 1000157429 ns, Reaching safepoint: 43482 ns, At safepoint: 7927 ns, Total: 51409 ns
[2023-11-16T05:13:36.802+0000][6][safepoint   ] Safepoint "Cleanup", Time since last: 1563902930 ns, Reaching safepoint: 110294 ns, At safepoint: 5878 ns, Total: 116172 ns
[2023-11-16T05:13:37.803+0000][6][safepoint   ] Safepoint "Cleanup", Time since last: 1000092419 ns, Reaching safepoint: 53680 ns, At safepoint: 5221 ns, Total: 58901 ns
[2023-11-16T05:13:38.803+0000][6][safepoint   ] Safepoint "Cleanup", Time since last: 1000095423 ns, Reaching safepoint: 71762 ns, At safepoint: 3005 ns, Total: 74767 ns
[2023-11-16T05:13:39.803+0000][6][safepoint   ] Safepoint "Cleanup", Time since last: 1000130916 ns, Reaching safepoint: 43875 ns, At safepoint: 7644 ns, Total: 51519 ns
[2023-11-16T05:13:40.803+0000][6][safepoint   ] Safepoint "Cleanup", Time since last: 1000096098 ns, Reaching safepoint: 46242 ns, At safepoint: 5143 ns, Total: 51385 ns
[2023-11-16T05:13:41.803+0000][6][safepoint   ] Safepoint "Cleanup", Time since last: 1000244667 ns, Reaching safepoint: 89240 ns, At safepoint: 13630 ns, Total: 102870 ns
[2023-11-16T05:13:41.968+0000][6][gc,start    ] GC(23) Pause Young (Normal) (G1 Evacuation Pause)
[2023-11-16T05:13:41.968+0000][6][gc,task     ] GC(23) Using 8 workers of 8 for evacuation
[2023-11-16T05:13:41.968+0000][6][gc,age      ] GC(23) Desired survivor size 20971520 bytes, new threshold 15 (max threshold 15)
[2023-11-16T05:13:41.988+0000][6][gc,age      ] GC(23) Age table with threshold 15 (max threshold 15)
[2023-11-16T05:13:41.988+0000][6][gc,age      ] GC(23) - age   1:    1886680 bytes,    1886680 total
[2023-11-16T05:13:41.988+0000][6][gc,age      ] GC(23) - age   2:     672800 bytes,    2559480 total
[2023-11-16T05:13:41.988+0000][6][gc,age      ] GC(23) - age   3:    1767504 bytes,    4326984 total
[2023-11-16T05:13:41.988+0000][6][gc,age      ] GC(23) - age   4:    7596824 bytes,   11923808 total
[2023-11-16T05:13:41.988+0000][6][gc,age      ] GC(23) - age   5:    7218824 bytes,   19142632 total
[2023-11-16T05:13:41.988+0000][6][gc,phases   ] GC(23)   Pre Evacuate Collection Set: 0.1ms
[2023-11-16T05:13:41.988+0000][6][gc,phases   ] GC(23)   Merge Heap Roots: 0.1ms
[2023-11-16T05:13:41.988+0000][6][gc,phases   ] GC(23)   Evacuate Collection Set: 19.0ms
[2023-11-16T05:13:41.988+0000][6][gc,phases   ] GC(23)   Post Evacuate Collection Set: 0.8ms
[2023-11-16T05:13:41.988+0000][6][gc,phases   ] GC(23)   Other: 0.2ms
[2023-11-16T05:13:41.988+0000][6][gc,heap     ] GC(23) Eden regions: 71->0(71)
[2023-11-16T05:13:41.988+0000][6][gc,heap     ] GC(23) Survivor regions: 5->5(10)
[2023-11-16T05:13:41.988+0000][6][gc,heap     ] GC(23) Old regions: 19->19
[2023-11-16T05:13:41.988+0000][6][gc,heap     ] GC(23) Archive regions: 2->2
[2023-11-16T05:13:41.988+0000][6][gc,heap     ] GC(23) Humongous regions: 5->5
[2023-11-16T05:13:41.988+0000][6][gc,metaspace] GC(23) Metaspace: 113204K(114816K)->113204K(114816K) NonClass: 97793K(98752K)->97793K(98752K) Class: 15411K(16064K)->15411K(16064K)
[2023-11-16T05:13:41.988+0000][6][gc          ] GC(23) Pause Young (Normal) (G1 Evacuation Pause) 401M->117M(512M) 20.140ms
[2023-11-16T05:13:41.988+0000][6][gc,cpu      ] GC(23) User=0.06s Sys=0.00s Real=0.02s
[2023-11-16T05:13:41.988+0000][6][safepoint   ] Safepoint "G1CollectForAllocation", Time since last: 164608978 ns, Reaching safepoint: 56436 ns, At safepoint: 20216294 ns, Total: 20272730 ns
[2023-11-16T05:13:42.989+0000][6][safepoint   ] Safepoint "Cleanup", Time since last: 1000164606 ns, Reaching safepoint: 189259 ns, At safepoint: 13415 ns, Total: 202674 ns
[2023-11-16T05:13:43.989+0000][6][safepoint   ] Safepoint "Cleanup", Time since last: 1000111581 ns, Reaching safepoint: 33090 ns, At safepoint: 3854 ns, Total: 36944 ns
[2023-11-16T05:13:44.989+0000][6][safepoint   ] Safepoint "Cleanup", Time since last: 1000091353 ns, Reaching safepoint: 77420 ns, At safepoint: 6344 ns, Total: 83764 ns
[2023-11-16T05:13:45.989+0000][6][safepoint   ] Safepoint "Cleanup", Time since last: 1000098592 ns, Reaching safepoint: 64213 ns, At safepoint: 3605 ns, Total: 67818 ns
[2023-11-16T05:13:46.989+0000][6][safepoint   ] Safepoint "Cleanup", Time since last: 1000098287 ns, Reaching safepoint: 53567 ns, At safepoint: 6183 ns, Total: 59750 ns
[2023-11-16T05:13:47.990+0000][6][safepoint   ] Safepoint "Cleanup", Time since last: 1000097382 ns, Reaching safepoint: 133286 ns, At safepoint: 5320 ns, Total: 138606 ns
[2023-11-16T05:13:48.990+0000][6][safepoint   ] Safepoint "Cleanup", Time since last: 1000091146 ns, Reaching safepoint: 50033 ns, At safepoint: 5368 ns, Total: 55401 ns
[2023-11-16T05:13:49.990+0000][6][safepoint   ] Safepoint "Cleanup", Time since last: 1000091337 ns, Reaching safepoint: 48160 ns, At safepoint: 7899 ns, Total: 56059 ns
[2023-11-16T05:13:50.990+0000][6][safepoint   ] Safepoint "Cleanup", Time since last: 1000092456 ns, Reaching safepoint: 39279 ns, At safepoint: 2885 ns, Total: 42164 ns
[2023-11-16T05:13:51.990+0000][6][safepoint   ] Safepoint "Cleanup", Time since last: 1000121997 ns, Reaching safepoint: 37935 ns, At safepoint: 3879 ns, Total: 41814 ns
[2023-11-16T05:13:52.990+0000][6][safepoint   ] Safepoint "Cleanup", Time since last: 1000122628 ns, Reaching safepoint: 43690 ns, At safepoint: 4149 ns, Total: 47839 ns
[2023-11-16T05:13:53.991+0000][6][safepoint   ] Safepoint "Cleanup", Time since last: 1000121461 ns, Reaching safepoint: 116412 ns, At safepoint: 7373 ns, Total: 123785 ns
[2023-11-16T05:13:54.991+0000][6][safepoint   ] Safepoint "Cleanup", Time since last: 1000114681 ns, Reaching safepoint: 135430 ns, At safepoint: 18453 ns, Total: 153883 ns
[2023-11-16T05:13:56.991+0000][6][safepoint   ] Safepoint "Cleanup", Time since last: 2000219096 ns, Reaching safepoint: 55499 ns, At safepoint: 5860 ns, Total: 61359 ns
[2023-11-16T05:13:57.991+0000][6][safepoint   ] Safepoint "Cleanup", Time since last: 1000110148 ns, Reaching safepoint: 51259 ns, At safepoint: 3442 ns, Total: 54701 ns
[2023-11-16T05:13:58.183+0000][6][gc,start    ] GC(24) Pause Young (Normal) (G1 Evacuation Pause)
[2023-11-16T05:13:58.183+0000][6][gc,task     ] GC(24) Using 8 workers of 8 for evacuation
[2023-11-16T05:13:58.183+0000][6][gc,age      ] GC(24) Desired survivor size 20971520 bytes, new threshold 15 (max threshold 15)
[2023-11-16T05:13:58.201+0000][6][gc,age      ] GC(24) Age table with threshold 15 (max threshold 15)
[2023-11-16T05:13:58.201+0000][6][gc,age      ] GC(24) - age   1:    1628792 bytes,    1628792 total
[2023-11-16T05:13:58.201+0000][6][gc,age      ] GC(24) - age   2:     452352 bytes,    2081144 total
[2023-11-16T05:13:58.201+0000][6][gc,age      ] GC(24) - age   3:     625512 bytes,    2706656 total
[2023-11-16T05:13:58.201+0000][6][gc,age      ] GC(24) - age   4:    1748896 bytes,    4455552 total
[2023-11-16T05:13:58.201+0000][6][gc,age      ] GC(24) - age   5:    7595880 bytes,   12051432 total
[2023-11-16T05:13:58.201+0000][6][gc,age      ] GC(24) - age   6:    7218824 bytes,   19270256 total
[2023-11-16T05:13:58.201+0000][6][gc,phases   ] GC(24)   Pre Evacuate Collection Set: 0.1ms
[2023-11-16T05:13:58.201+0000][6][gc,phases   ] GC(24)   Merge Heap Roots: 0.1ms
[2023-11-16T05:13:58.201+0000][6][gc,phases   ] GC(24)   Evacuate Collection Set: 16.9ms
[2023-11-16T05:13:58.201+0000][6][gc,phases   ] GC(24)   Post Evacuate Collection Set: 1.1ms
[2023-11-16T05:13:58.201+0000][6][gc,phases   ] GC(24)   Other: 0.2ms
[2023-11-16T05:13:58.201+0000][6][gc,heap     ] GC(24) Eden regions: 71->0(70)
[2023-11-16T05:13:58.201+0000][6][gc,heap     ] GC(24) Survivor regions: 5->6(10)
[2023-11-16T05:13:58.201+0000][6][gc,heap     ] GC(24) Old regions: 19->19
[2023-11-16T05:13:58.201+0000][6][gc,heap     ] GC(24) Archive regions: 2->2
[2023-11-16T05:13:58.201+0000][6][gc,heap     ] GC(24) Humongous regions: 5->5
[2023-11-16T05:13:58.201+0000][6][gc,metaspace] GC(24) Metaspace: 113338K(114944K)->113338K(114944K) NonClass: 97925K(98880K)->97925K(98880K) Class: 15412K(16064K)->15412K(16064K)
[2023-11-16T05:13:58.201+0000][6][gc          ] GC(24) Pause Young (Normal) (G1 Evacuation Pause) 401M->118M(512M) 18.487ms
[2023-11-16T05:13:58.201+0000][6][gc,cpu      ] GC(24) User=0.06s Sys=0.00s Real=0.02s
[2023-11-16T05:13:58.201+0000][6][safepoint   ] Safepoint "G1CollectForAllocation", Time since last: 191204431 ns, Reaching safepoint: 40255 ns, At safepoint: 18588263 ns, Total: 18628518 ns
[2023-11-16T05:13:59.201+0000][6][safepoint   ] Safepoint "Cleanup", Time since last: 1000080221 ns, Reaching safepoint: 29076 ns, At safepoint: 3319 ns, Total: 32395 ns
[2023-11-16T05:14:00.202+0000][6][safepoint   ] Safepoint "Cleanup", Time since last: 1000094655 ns, Reaching safepoint: 164859 ns, At safepoint: 8108 ns, Total: 172967 ns
[2023-11-16T05:14:01.202+0000][6][safepoint   ] Safepoint "Cleanup", Time since last: 1000107679 ns, Reaching safepoint: 43476 ns, At safepoint: 13941 ns, Total: 57417 ns
[2023-11-16T05:14:02.202+0000][6][safepoint   ] Safepoint "Cleanup", Time since last: 1000131467 ns, Reaching safepoint: 53812 ns, At safepoint: 6985 ns, Total: 60797 ns
[2023-11-16T05:14:03.202+0000][6][safepoint   ] Safepoint "Cleanup", Time since last: 1000089625 ns, Reaching safepoint: 52172 ns, At safepoint: 3427 ns, Total: 55599 ns
[2023-11-16T05:14:04.202+0000][6][safepoint   ] Safepoint "Cleanup", Time since last: 1000119882 ns, Reaching safepoint: 57915 ns, At safepoint: 9766 ns, Total: 67681 ns
[2023-11-16T05:14:05.542+0000][6][safepoint   ] Safepoint "Cleanup", Time since last: 1339869362 ns, Reaching safepoint: 102680 ns, At safepoint: 8110 ns, Total: 110790 ns
[2023-11-16T05:14:06.543+0000][6][safepoint   ] Safepoint "Cleanup", Time since last: 1000137374 ns, Reaching safepoint: 121952 ns, At safepoint: 12290 ns, Total: 134242 ns
[2023-11-16T05:14:07.543+0000][6][safepoint   ] Safepoint "Cleanup", Time since last: 1000119529 ns, Reaching safepoint: 49401 ns, At safepoint: 3248 ns, Total: 52649 ns
[2023-11-16T05:14:08.543+0000][6][safepoint   ] Safepoint "Cleanup", Time since last: 1000104669 ns, Reaching safepoint: 80966 ns, At safepoint: 4955 ns, Total: 85921 ns
[2023-11-16T05:14:09.543+0000][6][safepoint   ] Safepoint "Cleanup", Time since last: 1000108443 ns, Reaching safepoint: 61795 ns, At safepoint: 8663 ns, Total: 70458 ns
[2023-11-16T05:14:10.543+0000][6][safepoint   ] Safepoint "Cleanup", Time since last: 1000105297 ns, Reaching safepoint: 71859 ns, At safepoint: 4779 ns, Total: 76638 ns
[2023-11-16T05:14:12.543+0000][6][safepoint   ] Safepoint "Cleanup", Time since last: 2000176929 ns, Reaching safepoint: 72281 ns, At safepoint: 6788 ns, Total: 79069 ns
[2023-11-16T05:14:13.544+0000][6][safepoint   ] Safepoint "Cleanup", Time since last: 1000107300 ns, Reaching safepoint: 85253 ns, At safepoint: 9040 ns, Total: 94293 ns
[2023-11-16T05:14:14.544+0000][6][safepoint   ] Safepoint "Cleanup", Time since last: 1000099481 ns, Reaching safepoint: 71401 ns, At safepoint: 4937 ns, Total: 76338 ns
[2023-11-16T05:14:14.648+0000][6][gc,start    ] GC(25) Pause Young (Normal) (G1 Evacuation Pause)
[2023-11-16T05:14:14.648+0000][6][gc,task     ] GC(25) Using 8 workers of 8 for evacuation
[2023-11-16T05:14:14.648+0000][6][gc,age      ] GC(25) Desired survivor size 20971520 bytes, new threshold 15 (max threshold 15)
[2023-11-16T05:14:14.666+0000][6][gc,age      ] GC(25) Age table with threshold 15 (max threshold 15)
[2023-11-16T05:14:14.666+0000][6][gc,age      ] GC(25) - age   1:    1495152 bytes,    1495152 total
[2023-11-16T05:14:14.666+0000][6][gc,age      ] GC(25) - age   2:     604528 bytes,    2099680 total
[2023-11-16T05:14:14.666+0000][6][gc,age      ] GC(25) - age   3:     450696 bytes,    2550376 total
[2023-11-16T05:14:14.666+0000][6][gc,age      ] GC(25) - age   4:     507304 bytes,    3057680 total
[2023-11-16T05:14:14.666+0000][6][gc,age      ] GC(25) - age   5:    1748096 bytes,    4805776 total
[2023-11-16T05:14:14.666+0000][6][gc,age      ] GC(25) - age   6:    7595376 bytes,   12401152 total
[2023-11-16T05:14:14.666+0000][6][gc,age      ] GC(25) - age   7:    7218824 bytes,   19619976 total
[2023-11-16T05:14:14.666+0000][6][gc,phases   ] GC(25)   Pre Evacuate Collection Set: 0.1ms
[2023-11-16T05:14:14.666+0000][6][gc,phases   ] GC(25)   Merge Heap Roots: 0.1ms
[2023-11-16T05:14:14.666+0000][6][gc,phases   ] GC(25)   Evacuate Collection Set: 17.1ms
[2023-11-16T05:14:14.666+0000][6][gc,phases   ] GC(25)   Post Evacuate Collection Set: 1.0ms
[2023-11-16T05:14:14.666+0000][6][gc,phases   ] GC(25)   Other: 0.2ms
[2023-11-16T05:14:14.666+0000][6][gc,heap     ] GC(25) Eden regions: 70->0(70)
[2023-11-16T05:14:14.666+0000][6][gc,heap     ] GC(25) Survivor regions: 6->6(10)
[2023-11-16T05:14:14.666+0000][6][gc,heap     ] GC(25) Old regions: 19->19
[2023-11-16T05:14:14.666+0000][6][gc,heap     ] GC(25) Archive regions: 2->2
[2023-11-16T05:14:14.666+0000][6][gc,heap     ] GC(25) Humongous regions: 5->5
[2023-11-16T05:14:14.666+0000][6][gc,metaspace] GC(25) Metaspace: 113441K(115072K)->113441K(115072K) NonClass: 98025K(99008K)->98025K(99008K) Class: 15415K(16064K)->15415K(16064K)
[2023-11-16T05:14:14.666+0000][6][gc          ] GC(25) Pause Young (Normal) (G1 Evacuation Pause) 398M->118M(512M) 18.493ms
[2023-11-16T05:14:14.666+0000][6][gc,cpu      ] GC(25) User=0.07s Sys=0.00s Real=0.02s
[2023-11-16T05:14:14.666+0000][6][safepoint   ] Safepoint "G1CollectForAllocation", Time since last: 103945160 ns, Reaching safepoint: 32364 ns, At safepoint: 18570480 ns, Total: 18602844 ns
[2023-11-16T05:14:15.667+0000][6][safepoint   ] Safepoint "Cleanup", Time since last: 1000112943 ns, Reaching safepoint: 112438 ns, At safepoint: 9685 ns, Total: 122123 ns
[2023-11-16T05:14:16.667+0000][6][safepoint   ] Safepoint "Cleanup", Time since last: 1000099910 ns, Reaching safepoint: 39425 ns, At safepoint: 43670 ns, Total: 83095 ns
[2023-11-16T05:14:17.667+0000][6][safepoint   ] Safepoint "Cleanup", Time since last: 1000124170 ns, Reaching safepoint: 125517 ns, At safepoint: 4171 ns, Total: 129688 ns
[2023-11-16T05:14:18.667+0000][6][safepoint   ] Safepoint "Cleanup", Time since last: 1000221982 ns, Reaching safepoint: 49465 ns, At safepoint: 8405 ns, Total: 57870 ns
[2023-11-16T05:14:19.668+0000][6][safepoint   ] Safepoint "Cleanup", Time since last: 1000094420 ns, Reaching safepoint: 39621 ns, At safepoint: 3875 ns, Total: 43496 ns
[2023-11-16T05:14:20.668+0000][6][safepoint   ] Safepoint "Cleanup", Time since last: 1000097575 ns, Reaching safepoint: 97952 ns, At safepoint: 8116 ns, Total: 106068 ns
[2023-11-16T05:14:21.668+0000][6][safepoint   ] Safepoint "Cleanup", Time since last: 1000105803 ns, Reaching safepoint: 62941 ns, At safepoint: 4322 ns, Total: 67263 ns
[2023-11-16T05:14:22.668+0000][6][safepoint   ] Safepoint "Cleanup", Time since last: 1000131974 ns, Reaching safepoint: 42213 ns, At safepoint: 3920 ns, Total: 46133 ns
[2023-11-16T05:14:23.668+0000][6][safepoint   ] Safepoint "Cleanup", Time since last: 1000109756 ns, Reaching safepoint: 53315 ns, At safepoint: 3593 ns, Total: 56908 ns
[2023-11-16T05:14:25.582+0000][6][safepoint   ] Safepoint "Cleanup", Time since last: 1913929117 ns, Reaching safepoint: 159306 ns, At safepoint: 7394 ns, Total: 166700 ns
[2023-11-16T05:14:26.583+0000][6][safepoint   ] Safepoint "Cleanup", Time since last: 1000170068 ns, Reaching safepoint: 194327 ns, At safepoint: 16365 ns, Total: 210692 ns
[2023-11-16T05:14:27.583+0000][6][safepoint   ] Safepoint "Cleanup", Time since last: 1000152093 ns, Reaching safepoint: 51176 ns, At safepoint: 7053 ns, Total: 58229 ns
[2023-11-16T05:14:28.583+0000][6][safepoint   ] Safepoint "Cleanup", Time since last: 1000098020 ns, Reaching safepoint: 41136 ns, At safepoint: 7160 ns, Total: 48296 ns
[2023-11-16T05:14:29.583+0000][6][safepoint   ] Safepoint "Cleanup", Time since last: 1000117764 ns, Reaching safepoint: 74966 ns, At safepoint: 8266 ns, Total: 83232 ns
[2023-11-16T05:14:30.583+0000][6][safepoint   ] Safepoint "Cleanup", Time since last: 1000095446 ns, Reaching safepoint: 73099 ns, At safepoint: 5749 ns, Total: 78848 ns
[2023-11-16T05:14:30.645+0000][6][gc,start    ] GC(26) Pause Young (Normal) (G1 Evacuation Pause)
[2023-11-16T05:14:30.645+0000][6][gc,task     ] GC(26) Using 8 workers of 8 for evacuation
[2023-11-16T05:14:30.645+0000][6][gc,age      ] GC(26) Desired survivor size 20971520 bytes, new threshold 15 (max threshold 15)
[2023-11-16T05:14:30.658+0000][6][gc,age      ] GC(26) Age table with threshold 15 (max threshold 15)
[2023-11-16T05:14:30.658+0000][6][gc,age      ] GC(26) - age   1:    1518008 bytes,    1518008 total
[2023-11-16T05:14:30.658+0000][6][gc,age      ] GC(26) - age   2:     369448 bytes,    1887456 total
[2023-11-16T05:14:30.658+0000][6][gc,age      ] GC(26) - age   3:     593680 bytes,    2481136 total
[2023-11-16T05:14:30.658+0000][6][gc,age      ] GC(26) - age   4:     376704 bytes,    2857840 total
[2023-11-16T05:14:30.658+0000][6][gc,age      ] GC(26) - age   5:     506816 bytes,    3364656 total
[2023-11-16T05:14:30.658+0000][6][gc,age      ] GC(26) - age   6:    1739632 bytes,    5104288 total
[2023-11-16T05:14:30.658+0000][6][gc,age      ] GC(26) - age   7:    7595064 bytes,   12699352 total
[2023-11-16T05:14:30.658+0000][6][gc,age      ] GC(26) - age   8:    7218824 bytes,   19918176 total
[2023-11-16T05:14:30.658+0000][6][gc,phases   ] GC(26)   Pre Evacuate Collection Set: 0.1ms
[2023-11-16T05:14:30.658+0000][6][gc,phases   ] GC(26)   Merge Heap Roots: 0.0ms
[2023-11-16T05:14:30.658+0000][6][gc,phases   ] GC(26)   Evacuate Collection Set: 11.5ms
[2023-11-16T05:14:30.658+0000][6][gc,phases   ] GC(26)   Post Evacuate Collection Set: 0.7ms
[2023-11-16T05:14:30.658+0000][6][gc,phases   ] GC(26)   Other: 0.2ms
[2023-11-16T05:14:30.658+0000][6][gc,heap     ] GC(26) Eden regions: 70->0(70)
[2023-11-16T05:14:30.658+0000][6][gc,heap     ] GC(26) Survivor regions: 6->6(10)
[2023-11-16T05:14:30.658+0000][6][gc,heap     ] GC(26) Old regions: 19->19
[2023-11-16T05:14:30.658+0000][6][gc,heap     ] GC(26) Archive regions: 2->2
[2023-11-16T05:14:30.658+0000][6][gc,heap     ] GC(26) Humongous regions: 5->5
[2023-11-16T05:14:30.658+0000][6][gc,metaspace] GC(26) Metaspace: 113575K(115200K)->113575K(115200K) NonClass: 98158K(99136K)->98158K(99136K) Class: 15416K(16064K)->15416K(16064K)
[2023-11-16T05:14:30.658+0000][6][gc          ] GC(26) Pause Young (Normal) (G1 Evacuation Pause) 398M->118M(512M) 12.641ms
[2023-11-16T05:14:30.658+0000][6][gc,cpu      ] GC(26) User=0.06s Sys=0.00s Real=0.01s
[2023-11-16T05:14:30.658+0000][6][safepoint   ] Safepoint "G1CollectForAllocation", Time since last: 61603326 ns, Reaching safepoint: 32308 ns, At safepoint: 12716836 ns, Total: 12749144 ns
[2023-11-16T05:14:31.658+0000][6][safepoint   ] Safepoint "Cleanup", Time since last: 1000092071 ns, Reaching safepoint: 42270 ns, At safepoint: 7800 ns, Total: 50070 ns
[2023-11-16T05:14:32.658+0000][6][safepoint   ] Safepoint "Cleanup", Time since last: 1000125036 ns, Reaching safepoint: 50537 ns, At safepoint: 10267 ns, Total: 60804 ns
[2023-11-16T05:14:33.658+0000][6][safepoint   ] Safepoint "Cleanup", Time since last: 1000109729 ns, Reaching safepoint: 49448 ns, At safepoint: 22369 ns, Total: 71817 ns
[2023-11-16T05:14:35.659+0000][6][safepoint   ] Safepoint "Cleanup", Time since last: 2000195703 ns, Reaching safepoint: 42558 ns, At safepoint: 5193 ns, Total: 47751 ns
[2023-11-16T05:14:36.659+0000][6][safepoint   ] Safepoint "Cleanup", Time since last: 1000126454 ns, Reaching safepoint: 125053 ns, At safepoint: 8913 ns, Total: 133966 ns
[2023-11-16T05:14:37.659+0000][6][safepoint   ] Safepoint "Cleanup", Time since last: 1000144065 ns, Reaching safepoint: 69015 ns, At safepoint: 11379 ns, Total: 80394 ns
[2023-11-16T05:14:38.659+0000][6][safepoint   ] Safepoint "Cleanup", Time since last: 1000101759 ns, Reaching safepoint: 175450 ns, At safepoint: 6534 ns, Total: 181984 ns
[2023-11-16T05:14:39.660+0000][6][safepoint   ] Safepoint "Cleanup", Time since last: 1000145339 ns, Reaching safepoint: 146846 ns, At safepoint: 5952 ns, Total: 152798 ns
[2023-11-16T05:14:40.660+0000][6][safepoint   ] Safepoint "Cleanup", Time since last: 1000113003 ns, Reaching safepoint: 38087 ns, At safepoint: 4686 ns, Total: 42773 ns
[2023-11-16T05:14:41.660+0000][6][safepoint   ] Safepoint "Cleanup", Time since last: 1000119199 ns, Reaching safepoint: 51016 ns, At safepoint: 4674 ns, Total: 55690 ns
[2023-11-16T05:14:42.660+0000][6][safepoint   ] Safepoint "Cleanup", Time since last: 1000221921 ns, Reaching safepoint: 237612 ns, At safepoint: 5704 ns, Total: 243316 ns
[2023-11-16T05:14:43.661+0000][6][safepoint   ] Safepoint "Cleanup", Time since last: 1000125621 ns, Reaching safepoint: 68392 ns, At safepoint: 4823 ns, Total: 73215 ns
[2023-11-16T05:14:44.661+0000][6][safepoint   ] Safepoint "Cleanup", Time since last: 1000123259 ns, Reaching safepoint: 91584 ns, At safepoint: 7712 ns, Total: 99296 ns
[2023-11-16T05:14:45.661+0000][6][safepoint   ] Safepoint "Cleanup", Time since last: 1000183396 ns, Reaching safepoint: 238713 ns, At safepoint: 22384 ns, Total: 261097 ns
[2023-11-16T05:14:46.661+0000][6][safepoint   ] Safepoint "Cleanup", Time since last: 1000144663 ns, Reaching safepoint: 68817 ns, At safepoint: 6462 ns, Total: 75279 ns
[2023-11-16T05:14:47.465+0000][6][gc,start    ] GC(27) Pause Young (Normal) (G1 Evacuation Pause)
[2023-11-16T05:14:47.465+0000][6][gc,task     ] GC(27) Using 8 workers of 8 for evacuation
[2023-11-16T05:14:47.465+0000][6][gc,age      ] GC(27) Desired survivor size 20971520 bytes, new threshold 15 (max threshold 15)
[2023-11-16T05:14:47.476+0000][6][gc,age      ] GC(27) Age table with threshold 15 (max threshold 15)
[2023-11-16T05:14:47.476+0000][6][gc,age      ] GC(27) - age   1:    1676640 bytes,    1676640 total
[2023-11-16T05:14:47.476+0000][6][gc,age      ] GC(27) - age   2:     575088 bytes,    2251728 total
[2023-11-16T05:14:47.476+0000][6][gc,age      ] GC(27) - age   3:     362008 bytes,    2613736 total
[2023-11-16T05:14:47.476+0000][6][gc,age      ] GC(27) - age   4:     459272 bytes,    3073008 total
[2023-11-16T05:14:47.476+0000][6][gc,age      ] GC(27) - age   5:     343320 bytes,    3416328 total
[2023-11-16T05:14:47.476+0000][6][gc,age      ] GC(27) - age   6:     506424 bytes,    3922752 total
[2023-11-16T05:14:47.476+0000][6][gc,age      ] GC(27) - age   7:    1739568 bytes,    5662320 total
[2023-11-16T05:14:47.476+0000][6][gc,age      ] GC(27) - age   8:    7594808 bytes,   13257128 total
[2023-11-16T05:14:47.476+0000][6][gc,age      ] GC(27) - age   9:    7218824 bytes,   20475952 total
[2023-11-16T05:14:47.476+0000][6][gc,phases   ] GC(27)   Pre Evacuate Collection Set: 0.1ms
[2023-11-16T05:14:47.476+0000][6][gc,phases   ] GC(27)   Merge Heap Roots: 0.1ms
[2023-11-16T05:14:47.476+0000][6][gc,phases   ] GC(27)   Evacuate Collection Set: 10.3ms
[2023-11-16T05:14:47.476+0000][6][gc,phases   ] GC(27)   Post Evacuate Collection Set: 1.0ms
[2023-11-16T05:14:47.476+0000][6][gc,phases   ] GC(27)   Other: 0.3ms
[2023-11-16T05:14:47.476+0000][6][gc,heap     ] GC(27) Eden regions: 70->0(70)
[2023-11-16T05:14:47.476+0000][6][gc,heap     ] GC(27) Survivor regions: 6->6(10)
[2023-11-16T05:14:47.476+0000][6][gc,heap     ] GC(27) Old regions: 19->19
[2023-11-16T05:14:47.476+0000][6][gc,heap     ] GC(27) Archive regions: 2->2
[2023-11-16T05:14:47.476+0000][6][gc,heap     ] GC(27) Humongous regions: 5->5
[2023-11-16T05:14:47.476+0000][6][gc,metaspace] GC(27) Metaspace: 113671K(115264K)->113671K(115264K) NonClass: 98252K(99200K)->98252K(99200K) Class: 15418K(16064K)->15418K(16064K)
[2023-11-16T05:14:47.476+0000][6][gc          ] GC(27) Pause Young (Normal) (G1 Evacuation Pause) 398M->118M(512M) 11.774ms
[2023-11-16T05:14:47.476+0000][6][gc,cpu      ] GC(27) User=0.06s Sys=0.00s Real=0.01s
[2023-11-16T05:14:47.476+0000][6][safepoint   ] Safepoint "G1CollectForAllocation", Time since last: 802998489 ns, Reaching safepoint: 88598 ns, At safepoint: 11882338 ns, Total: 11970936 ns
[2023-11-16T05:14:48.477+0000][6][safepoint   ] Safepoint "Cleanup", Time since last: 1000252361 ns, Reaching safepoint: 140153 ns, At safepoint: 25079 ns, Total: 165232 ns
[2023-11-16T05:14:49.477+0000][6][safepoint   ] Safepoint "Cleanup", Time since last: 1000240552 ns, Reaching safepoint: 156941 ns, At safepoint: 4102 ns, Total: 161043 ns
[2023-11-16T05:14:50.477+0000][6][safepoint   ] Safepoint "Cleanup", Time since last: 1000088429 ns, Reaching safepoint: 77976 ns, At safepoint: 7497 ns, Total: 85473 ns
[2023-11-16T05:14:51.478+0000][6][safepoint   ] Safepoint "Cleanup", Time since last: 1000386387 ns, Reaching safepoint: 79143 ns, At safepoint: 4335 ns, Total: 83478 ns
[2023-11-16T05:14:52.478+0000][6][safepoint   ] Safepoint "Cleanup", Time since last: 1000133277 ns, Reaching safepoint: 80284 ns, At safepoint: 5240 ns, Total: 85524 ns
[2023-11-16T05:14:54.479+0000][6][safepoint   ] Safepoint "Cleanup", Time since last: 2000710794 ns, Reaching safepoint: 88716 ns, At safepoint: 25597 ns, Total: 114313 ns
[2023-11-16T05:14:55.479+0000][6][safepoint   ] Safepoint "Cleanup", Time since last: 1000151820 ns, Reaching safepoint: 63775 ns, At safepoint: 6301 ns, Total: 70076 ns
[2023-11-16T05:14:57.479+0000][6][safepoint   ] Safepoint "Cleanup", Time since last: 2000141854 ns, Reaching safepoint: 125499 ns, At safepoint: 6376 ns, Total: 131875 ns
[2023-11-16T05:14:58.480+0000][6][safepoint   ] Safepoint "Cleanup", Time since last: 1000151538 ns, Reaching safepoint: 164762 ns, At safepoint: 7001 ns, Total: 171763 ns
[2023-11-16T05:15:00.480+0000][6][safepoint   ] Safepoint "Cleanup", Time since last: 2000360756 ns, Reaching safepoint: 76859 ns, At safepoint: 7970 ns, Total: 84829 ns
[2023-11-16T05:15:02.480+0000][6][safepoint   ] Safepoint "Cleanup", Time since last: 2000153152 ns, Reaching safepoint: 77621 ns, At safepoint: 6759 ns, Total: 84380 ns
[2023-11-16T05:15:03.481+0000][6][safepoint   ] Safepoint "Cleanup", Time since last: 1000121571 ns, Reaching safepoint: 67965 ns, At safepoint: 6206 ns, Total: 74171 ns
[2023-11-16T05:15:04.773+0000][6][gc,start    ] GC(28) Pause Young (Normal) (G1 Evacuation Pause)
[2023-11-16T05:15:04.773+0000][6][gc,task     ] GC(28) Using 8 workers of 8 for evacuation
[2023-11-16T05:15:04.773+0000][6][gc,age      ] GC(28) Desired survivor size 20971520 bytes, new threshold 15 (max threshold 15)
[2023-11-16T05:15:04.783+0000][6][gc,age      ] GC(28) Age table with threshold 15 (max threshold 15)
[2023-11-16T05:15:04.783+0000][6][gc,age      ] GC(28) - age   1:    1355704 bytes,    1355704 total
[2023-11-16T05:15:04.783+0000][6][gc,age      ] GC(28) - age   2:     753400 bytes,    2109104 total
[2023-11-16T05:15:04.783+0000][6][gc,age      ] GC(28) - age   3:     467264 bytes,    2576368 total
[2023-11-16T05:15:04.783+0000][6][gc,age      ] GC(28) - age   4:     361408 bytes,    2937776 total
[2023-11-16T05:15:04.783+0000][6][gc,age      ] GC(28) - age   5:     392800 bytes,    3330576 total
[2023-11-16T05:15:04.783+0000][6][gc,age      ] GC(28) - age   6:     343128 bytes,    3673704 total
[2023-11-16T05:15:04.783+0000][6][gc,age      ] GC(28) - age   7:     506424 bytes,    4180128 total
[2023-11-16T05:15:04.783+0000][6][gc,age      ] GC(28) - age   8:    1739328 bytes,    5919456 total
[2023-11-16T05:15:04.783+0000][6][gc,age      ] GC(28) - age   9:    7594744 bytes,   13514200 total
[2023-11-16T05:15:04.783+0000][6][gc,age      ] GC(28) - age  10:    7218824 bytes,   20733024 total
[2023-11-16T05:15:04.783+0000][6][gc,phases   ] GC(28)   Pre Evacuate Collection Set: 0.1ms
[2023-11-16T05:15:04.783+0000][6][gc,phases   ] GC(28)   Merge Heap Roots: 0.0ms
[2023-11-16T05:15:04.783+0000][6][gc,phases   ] GC(28)   Evacuate Collection Set: 8.3ms
[2023-11-16T05:15:04.783+0000][6][gc,phases   ] GC(28)   Post Evacuate Collection Set: 1.0ms
[2023-11-16T05:15:04.783+0000][6][gc,phases   ] GC(28)   Other: 0.3ms
[2023-11-16T05:15:04.783+0000][6][gc,heap     ] GC(28) Eden regions: 70->0(70)
[2023-11-16T05:15:04.783+0000][6][gc,heap     ] GC(28) Survivor regions: 6->6(10)
[2023-11-16T05:15:04.783+0000][6][gc,heap     ] GC(28) Old regions: 19->19
[2023-11-16T05:15:04.783+0000][6][gc,heap     ] GC(28) Archive regions: 2->2
[2023-11-16T05:15:04.783+0000][6][gc,heap     ] GC(28) Humongous regions: 5->5
[2023-11-16T05:15:04.783+0000][6][gc,metaspace] GC(28) Metaspace: 113799K(115392K)->113799K(115392K) NonClass: 98381K(99328K)->98381K(99328K) Class: 15418K(16064K)->15418K(16064K)
[2023-11-16T05:15:04.783+0000][6][gc          ] GC(28) Pause Young (Normal) (G1 Evacuation Pause) 398M->119M(512M) 9.679ms
[2023-11-16T05:15:04.783+0000][6][gc,cpu      ] GC(28) User=0.06s Sys=0.00s Real=0.01s
[2023-11-16T05:15:04.783+0000][6][safepoint   ] Safepoint "G1CollectForAllocation", Time since last: 1292288526 ns, Reaching safepoint: 46430 ns, At safepoint: 9757738 ns, Total: 9804168 ns
[2023-11-16T05:15:05.783+0000][6][safepoint   ] Safepoint "Cleanup", Time since last: 1000115054 ns, Reaching safepoint: 81342 ns, At safepoint: 8155 ns, Total: 89497 ns
[2023-11-16T05:15:06.783+0000][6][safepoint   ] Safepoint "Cleanup", Time since last: 1000097069 ns, Reaching safepoint: 66236 ns, At safepoint: 6131 ns, Total: 72367 ns
[2023-11-16T05:15:07.783+0000][6][safepoint   ] Safepoint "Cleanup", Time since last: 1000100154 ns, Reaching safepoint: 48342 ns, At safepoint: 4566 ns, Total: 52908 ns
[2023-11-16T05:15:08.783+0000][6][safepoint   ] Safepoint "Cleanup", Time since last: 1000093636 ns, Reaching safepoint: 66272 ns, At safepoint: 4671 ns, Total: 70943 ns
[2023-11-16T05:15:09.784+0000][6][safepoint   ] Safepoint "Cleanup", Time since last: 1000362557 ns, Reaching safepoint: 81435 ns, At safepoint: 7362 ns, Total: 88797 ns
[2023-11-16T05:15:10.784+0000][6][safepoint   ] Safepoint "Cleanup", Time since last: 1000126991 ns, Reaching safepoint: 65635 ns, At safepoint: 6148 ns, Total: 71783 ns
[2023-11-16T05:15:11.784+0000][6][safepoint   ] Safepoint "Cleanup", Time since last: 1000082152 ns, Reaching safepoint: 70888 ns, At safepoint: 9031 ns, Total: 79919 ns
[2023-11-16T05:15:12.784+0000][6][safepoint   ] Safepoint "Cleanup", Time since last: 1000157253 ns, Reaching safepoint: 71529 ns, At safepoint: 4286 ns, Total: 75815 ns
[2023-11-16T05:15:13.785+0000][6][safepoint   ] Safepoint "Cleanup", Time since last: 1000330244 ns, Reaching safepoint: 74540 ns, At safepoint: 5119 ns, Total: 79659 ns
[2023-11-16T05:15:14.785+0000][6][safepoint   ] Safepoint "Cleanup", Time since last: 1000100908 ns, Reaching safepoint: 106374 ns, At safepoint: 6516 ns, Total: 112890 ns
[2023-11-16T05:15:15.785+0000][6][safepoint   ] Safepoint "Cleanup", Time since last: 1000103422 ns, Reaching safepoint: 109764 ns, At safepoint: 4658 ns, Total: 114422 ns
[2023-11-16T05:15:16.786+0000][6][safepoint   ] Safepoint "Cleanup", Time since last: 1000442306 ns, Reaching safepoint: 49521 ns, At safepoint: 5488 ns, Total: 55009 ns
[2023-11-16T05:15:17.786+0000][6][safepoint   ] Safepoint "Cleanup", Time since last: 1000155577 ns, Reaching safepoint: 68660 ns, At safepoint: 5584 ns, Total: 74244 ns
[2023-11-16T05:15:18.786+0000][6][safepoint   ] Safepoint "Cleanup", Time since last: 1000116449 ns, Reaching safepoint: 57982 ns, At safepoint: 5917 ns, Total: 63899 ns
[2023-11-16T05:15:19.786+0000][6][safepoint   ] Safepoint "Cleanup", Time since last: 1000090404 ns, Reaching safepoint: 56569 ns, At safepoint: 3865 ns, Total: 60434 ns
[2023-11-16T05:15:20.787+0000][6][safepoint   ] Safepoint "Cleanup", Time since last: 1000400199 ns, Reaching safepoint: 170174 ns, At safepoint: 6705 ns, Total: 176879 ns
[2023-11-16T05:15:21.180+0000][6][gc,start    ] GC(29) Pause Young (Normal) (G1 Evacuation Pause)
[2023-11-16T05:15:21.180+0000][6][gc,task     ] GC(29) Using 8 workers of 8 for evacuation
[2023-11-16T05:15:21.180+0000][6][gc,age      ] GC(29) Desired survivor size 20971520 bytes, new threshold 15 (max threshold 15)
[2023-11-16T05:15:21.191+0000][6][gc,age      ] GC(29) Age table with threshold 15 (max threshold 15)
[2023-11-16T05:15:21.191+0000][6][gc,age      ] GC(29) - age   1:    1953592 bytes,    1953592 total
[2023-11-16T05:15:21.191+0000][6][gc,age      ] GC(29) - age   2:     410008 bytes,    2363600 total
[2023-11-16T05:15:21.191+0000][6][gc,age      ] GC(29) - age   3:     506600 bytes,    2870200 total
[2023-11-16T05:15:21.191+0000][6][gc,age      ] GC(29) - age   4:     466104 bytes,    3336304 total
[2023-11-16T05:15:21.191+0000][6][gc,age      ] GC(29) - age   5:     360344 bytes,    3696648 total
[2023-11-16T05:15:21.191+0000][6][gc,age      ] GC(29) - age   6:     392472 bytes,    4089120 total
[2023-11-16T05:15:21.191+0000][6][gc,age      ] GC(29) - age   7:     343064 bytes,    4432184 total
[2023-11-16T05:15:21.191+0000][6][gc,age      ] GC(29) - age   8:     506288 bytes,    4938472 total
[2023-11-16T05:15:21.191+0000][6][gc,age      ] GC(29) - age   9:    1739000 bytes,    6677472 total
[2023-11-16T05:15:21.191+0000][6][gc,age      ] GC(29) - age  10:    7594744 bytes,   14272216 total
[2023-11-16T05:15:21.191+0000][6][gc,age      ] GC(29) - age  11:    7218824 bytes,   21491040 total
[2023-11-16T05:15:21.191+0000][6][gc,phases   ] GC(29)   Pre Evacuate Collection Set: 0.1ms
[2023-11-16T05:15:21.191+0000][6][gc,phases   ] GC(29)   Merge Heap Roots: 0.1ms
[2023-11-16T05:15:21.191+0000][6][gc,phases   ] GC(29)   Evacuate Collection Set: 9.4ms
[2023-11-16T05:15:21.191+0000][6][gc,phases   ] GC(29)   Post Evacuate Collection Set: 1.0ms
[2023-11-16T05:15:21.191+0000][6][gc,phases   ] GC(29)   Other: 0.2ms
[2023-11-16T05:15:21.191+0000][6][gc,heap     ] GC(29) Eden regions: 70->0(70)
[2023-11-16T05:15:21.191+0000][6][gc,heap     ] GC(29) Survivor regions: 6->6(10)
[2023-11-16T05:15:21.191+0000][6][gc,heap     ] GC(29) Old regions: 19->19
[2023-11-16T05:15:21.191+0000][6][gc,heap     ] GC(29) Archive regions: 2->2
[2023-11-16T05:15:21.191+0000][6][gc,heap     ] GC(29) Humongous regions: 5->5
[2023-11-16T05:15:21.191+0000][6][gc,metaspace] GC(29) Metaspace: 113907K(115456K)->113907K(115456K) NonClass: 98489K(99392K)->98489K(99392K) Class: 15418K(16064K)->15418K(16064K)
[2023-11-16T05:15:21.191+0000][6][gc          ] GC(29) Pause Young (Normal) (G1 Evacuation Pause) 399M->120M(512M) 10.727ms
[2023-11-16T05:15:21.191+0000][6][gc,cpu      ] GC(29) User=0.07s Sys=0.00s Real=0.01s
[2023-11-16T05:15:21.191+0000][6][safepoint   ] Safepoint "G1CollectForAllocation", Time since last: 393211860 ns, Reaching safepoint: 30459 ns, At safepoint: 10832760 ns, Total: 10863219 ns
[2023-11-16T05:15:22.191+0000][6][safepoint   ] Safepoint "Cleanup", Time since last: 1000072354 ns, Reaching safepoint: 71387 ns, At safepoint: 3990 ns, Total: 75377 ns
[2023-11-16T05:15:23.192+0000][6][safepoint   ] Safepoint "Cleanup", Time since last: 1000319204 ns, Reaching safepoint: 66486 ns, At safepoint: 5977 ns, Total: 72463 ns
[2023-11-16T05:15:24.735+0000][6][safepoint   ] Safepoint "Cleanup", Time since last: 1543205430 ns, Reaching safepoint: 128797 ns, At safepoint: 7057 ns, Total: 135854 ns
[2023-11-16T05:15:25.735+0000][6][safepoint   ] Safepoint "Cleanup", Time since last: 1000089688 ns, Reaching safepoint: 56338 ns, At safepoint: 5985 ns, Total: 62323 ns
[2023-11-16T05:15:26.735+0000][6][safepoint   ] Safepoint "Cleanup", Time since last: 1000146617 ns, Reaching safepoint: 75422 ns, At safepoint: 8586 ns, Total: 84008 ns
[2023-11-16T05:15:27.736+0000][6][safepoint   ] Safepoint "Cleanup", Time since last: 1000144359 ns, Reaching safepoint: 55170 ns, At safepoint: 5565 ns, Total: 60735 ns
[2023-11-16T05:15:29.736+0000][6][safepoint   ] Safepoint "Cleanup", Time since last: 2000185989 ns, Reaching safepoint: 153952 ns, At safepoint: 5503 ns, Total: 159455 ns
[2023-11-16T05:15:30.736+0000][6][safepoint   ] Safepoint "Cleanup", Time since last: 1000095903 ns, Reaching safepoint: 64518 ns, At safepoint: 7331 ns, Total: 71849 ns
[2023-11-16T05:15:31.737+0000][6][safepoint   ] Safepoint "Cleanup", Time since last: 1000384033 ns, Reaching safepoint: 166420 ns, At safepoint: 8339 ns, Total: 174759 ns
[2023-11-16T05:15:32.737+0000][6][safepoint   ] Safepoint "Cleanup", Time since last: 1000091419 ns, Reaching safepoint: 145842 ns, At safepoint: 4239 ns, Total: 150081 ns
[2023-11-16T05:15:33.737+0000][6][safepoint   ] Safepoint "Cleanup", Time since last: 1000097638 ns, Reaching safepoint: 62609 ns, At safepoint: 5197 ns, Total: 67806 ns
[2023-11-16T05:15:35.737+0000][6][safepoint   ] Safepoint "Cleanup", Time since last: 2000178505 ns, Reaching safepoint: 153596 ns, At safepoint: 6087 ns, Total: 159683 ns
[2023-11-16T05:15:36.738+0000][6][safepoint   ] Safepoint "Cleanup", Time since last: 1000184644 ns, Reaching safepoint: 96216 ns, At safepoint: 6748 ns, Total: 102964 ns
[2023-11-16T05:15:37.445+0000][6][gc,start    ] GC(30) Pause Young (Normal) (G1 Evacuation Pause)
[2023-11-16T05:15:37.445+0000][6][gc,task     ] GC(30) Using 8 workers of 8 for evacuation
[2023-11-16T05:15:37.445+0000][6][gc,age      ] GC(30) Desired survivor size 20971520 bytes, new threshold 11 (max threshold 15)
[2023-11-16T05:15:37.499+0000][6][gc,age      ] GC(30) Age table with threshold 11 (max threshold 15)
[2023-11-16T05:15:37.499+0000][6][gc,age      ] GC(30) - age   1:    1667208 bytes,    1667208 total
[2023-11-16T05:15:37.499+0000][6][gc,age      ] GC(30) - age   2:     512616 bytes,    2179824 total
[2023-11-16T05:15:37.499+0000][6][gc,age      ] GC(30) - age   3:     384304 bytes,    2564128 total
[2023-11-16T05:15:37.499+0000][6][gc,age      ] GC(30) - age   4:     362792 bytes,    2926920 total
[2023-11-16T05:15:37.499+0000][6][gc,age      ] GC(30) - age   5:     465856 bytes,    3392776 total
[2023-11-16T05:15:37.499+0000][6][gc,age      ] GC(30) - age   6:     360216 bytes,    3752992 total
[2023-11-16T05:15:37.499+0000][6][gc,age      ] GC(30) - age   7:     392472 bytes,    4145464 total
[2023-11-16T05:15:37.499+0000][6][gc,age      ] GC(30) - age   8:     343064 bytes,    4488528 total
[2023-11-16T05:15:37.499+0000][6][gc,age      ] GC(30) - age   9:     506288 bytes,    4994816 total
[2023-11-16T05:15:37.499+0000][6][gc,age      ] GC(30) - age  10:    1738944 bytes,    6733760 total
[2023-11-16T05:15:37.499+0000][6][gc,age      ] GC(30) - age  11:    7594744 bytes,   14328504 total
[2023-11-16T05:15:37.499+0000][6][gc,phases   ] GC(30)   Pre Evacuate Collection Set: 0.1ms
[2023-11-16T05:15:37.499+0000][6][gc,phases   ] GC(30)   Merge Heap Roots: 0.0ms
[2023-11-16T05:15:37.499+0000][6][gc,phases   ] GC(30)   Evacuate Collection Set: 47.3ms
[2023-11-16T05:15:37.499+0000][6][gc,phases   ] GC(30)   Post Evacuate Collection Set: 6.8ms
[2023-11-16T05:15:37.499+0000][6][gc,phases   ] GC(30)   Other: 0.3ms
[2023-11-16T05:15:37.499+0000][6][gc,heap     ] GC(30) Eden regions: 70->0(72)
[2023-11-16T05:15:37.499+0000][6][gc,heap     ] GC(30) Survivor regions: 6->4(10)
[2023-11-16T05:15:37.499+0000][6][gc,heap     ] GC(30) Old regions: 19->21
[2023-11-16T05:15:37.499+0000][6][gc,heap     ] GC(30) Archive regions: 2->2
[2023-11-16T05:15:37.499+0000][6][gc,heap     ] GC(30) Humongous regions: 5->5
[2023-11-16T05:15:37.499+0000][6][gc,metaspace] GC(30) Metaspace: 113986K(115520K)->113986K(115520K) NonClass: 98568K(99456K)->98568K(99456K) Class: 15418K(16064K)->15418K(16064K)
[2023-11-16T05:15:37.499+0000][6][gc          ] GC(30) Pause Young (Normal) (G1 Evacuation Pause) 400M->120M(512M) 54.488ms
[2023-11-16T05:15:37.499+0000][6][gc,cpu      ] GC(30) User=0.05s Sys=0.01s Real=0.06s
[2023-11-16T05:15:37.499+0000][6][safepoint   ] Safepoint "G1CollectForAllocation", Time since last: 706983723 ns, Reaching safepoint: 60082 ns, At safepoint: 54567003 ns, Total: 54627085 ns
[2023-11-16T05:15:38.500+0000][6][safepoint   ] Safepoint "Cleanup", Time since last: 1000325285 ns, Reaching safepoint: 31041 ns, At safepoint: 4934 ns, Total: 35975 ns
[2023-11-16T05:15:39.500+0000][6][safepoint   ] Safepoint "Cleanup", Time since last: 1000164344 ns, Reaching safepoint: 168831 ns, At safepoint: 3384 ns, Total: 172215 ns
[2023-11-16T05:15:40.500+0000][6][safepoint   ] Safepoint "Cleanup", Time since last: 1000151043 ns, Reaching safepoint: 48217 ns, At safepoint: 6109 ns, Total: 54326 ns
[2023-11-16T05:15:42.501+0000][6][safepoint   ] Safepoint "Cleanup", Time since last: 2000380439 ns, Reaching safepoint: 87468 ns, At safepoint: 8034 ns, Total: 95502 ns
[2023-11-16T05:15:43.501+0000][6][safepoint   ] Safepoint "Cleanup", Time since last: 1000089649 ns, Reaching safepoint: 70941 ns, At safepoint: 7013 ns, Total: 77954 ns
[2023-11-16T05:15:45.501+0000][6][safepoint   ] Safepoint "Cleanup", Time since last: 2000191532 ns, Reaching safepoint: 66634 ns, At safepoint: 27557 ns, Total: 94191 ns
[2023-11-16T05:15:46.501+0000][6][safepoint   ] Safepoint "Cleanup", Time since last: 1000111008 ns, Reaching safepoint: 94309 ns, At safepoint: 19752 ns, Total: 114061 ns
[2023-11-16T05:15:47.502+0000][6][safepoint   ] Safepoint "Cleanup", Time since last: 1000150545 ns, Reaching safepoint: 74466 ns, At safepoint: 5111 ns, Total: 79577 ns
[2023-11-16T05:15:48.502+0000][6][safepoint   ] Safepoint "Cleanup", Time since last: 1000097570 ns, Reaching safepoint: 86861 ns, At safepoint: 8420 ns, Total: 95281 ns
[2023-11-16T05:15:49.502+0000][6][safepoint   ] Safepoint "Cleanup", Time since last: 1000244530 ns, Reaching safepoint: 57677 ns, At safepoint: 4206 ns, Total: 61883 ns
[2023-11-16T05:15:50.502+0000][6][safepoint   ] Safepoint "Cleanup", Time since last: 1000122532 ns, Reaching safepoint: 62788 ns, At safepoint: 3517 ns, Total: 66305 ns
[2023-11-16T05:15:51.502+0000][6][safepoint   ] Safepoint "Cleanup", Time since last: 1000097459 ns, Reaching safepoint: 55514 ns, At safepoint: 6462 ns, Total: 61976 ns
[2023-11-16T05:15:52.503+0000][6][safepoint   ] Safepoint "Cleanup", Time since last: 1000111348 ns, Reaching safepoint: 61633 ns, At safepoint: 28787 ns, Total: 90420 ns
[2023-11-16T05:15:54.503+0000][6][safepoint   ] Safepoint "Cleanup", Time since last: 2000208075 ns, Reaching safepoint: 75849 ns, At safepoint: 4412 ns, Total: 80261 ns
[2023-11-16T05:15:55.503+0000][6][safepoint   ] Safepoint "Cleanup", Time since last: 1000123530 ns, Reaching safepoint: 64895 ns, At safepoint: 6517 ns, Total: 71412 ns
[2023-11-16T05:15:56.698+0000][6][gc,start    ] GC(31) Pause Young (Normal) (G1 Evacuation Pause)
[2023-11-16T05:15:56.698+0000][6][gc,task     ] GC(31) Using 8 workers of 8 for evacuation
[2023-11-16T05:15:56.698+0000][6][gc,age      ] GC(31) Desired survivor size 20971520 bytes, new threshold 15 (max threshold 15)
[2023-11-16T05:15:56.704+0000][6][gc,age      ] GC(31) Age table with threshold 15 (max threshold 15)
[2023-11-16T05:15:56.704+0000][6][gc,age      ] GC(31) - age   1:    2191824 bytes,    2191824 total
[2023-11-16T05:15:56.704+0000][6][gc,age      ] GC(31) - age   2:     444728 bytes,    2636552 total
[2023-11-16T05:15:56.704+0000][6][gc,age      ] GC(31) - age   3:     352488 bytes,    2989040 total
[2023-11-16T05:15:56.704+0000][6][gc,age      ] GC(31) - age   4:     383728 bytes,    3372768 total
[2023-11-16T05:15:56.704+0000][6][gc,age      ] GC(31) - age   5:     362160 bytes,    3734928 total
[2023-11-16T05:15:56.704+0000][6][gc,age      ] GC(31) - age   6:     465856 bytes,    4200784 total
[2023-11-16T05:15:56.704+0000][6][gc,age      ] GC(31) - age   7:     360216 bytes,    4561000 total
[2023-11-16T05:15:56.704+0000][6][gc,age      ] GC(31) - age   8:     392328 bytes,    4953328 total
[2023-11-16T05:15:56.704+0000][6][gc,age      ] GC(31) - age   9:     342944 bytes,    5296272 total
[2023-11-16T05:15:56.704+0000][6][gc,age      ] GC(31) - age  10:     505976 bytes,    5802248 total
[2023-11-16T05:15:56.704+0000][6][gc,age      ] GC(31) - age  11:    1738168 bytes,    7540416 total
[2023-11-16T05:15:56.704+0000][6][gc,age      ] GC(31) - age  12:    7594744 bytes,   15135160 total
[2023-11-16T05:15:56.704+0000][6][gc,phases   ] GC(31)   Pre Evacuate Collection Set: 0.1ms
[2023-11-16T05:15:56.704+0000][6][gc,phases   ] GC(31)   Merge Heap Roots: 0.0ms
[2023-11-16T05:15:56.704+0000][6][gc,phases   ] GC(31)   Evacuate Collection Set: 5.6ms
[2023-11-16T05:15:56.704+0000][6][gc,phases   ] GC(31)   Post Evacuate Collection Set: 0.7ms
[2023-11-16T05:15:56.704+0000][6][gc,phases   ] GC(31)   Other: 0.2ms
[2023-11-16T05:15:56.704+0000][6][gc,heap     ] GC(31) Eden regions: 72->0(72)
[2023-11-16T05:15:56.704+0000][6][gc,heap     ] GC(31) Survivor regions: 4->4(10)
[2023-11-16T05:15:56.704+0000][6][gc,heap     ] GC(31) Old regions: 21->21
[2023-11-16T05:15:56.704+0000][6][gc,heap     ] GC(31) Archive regions: 2->2
[2023-11-16T05:15:56.704+0000][6][gc,heap     ] GC(31) Humongous regions: 5->5
[2023-11-16T05:15:56.704+0000][6][gc,metaspace] GC(31) Metaspace: 114131K(115776K)->114131K(115776K) NonClass: 98713K(99712K)->98713K(99712K) Class: 15418K(16064K)->15418K(16064K)
[2023-11-16T05:15:56.704+0000][6][gc          ] GC(31) Pause Young (Normal) (G1 Evacuation Pause) 408M->120M(512M) 6.646ms
[2023-11-16T05:15:56.704+0000][6][gc,cpu      ] GC(31) User=0.04s Sys=0.00s Real=0.01s
[2023-11-16T05:15:56.704+0000][6][safepoint   ] Safepoint "G1CollectForAllocation", Time since last: 1194567239 ns, Reaching safepoint: 68671 ns, At safepoint: 6702640 ns, Total: 6771311 ns
[2023-11-16T05:15:57.705+0000][6][safepoint   ] Safepoint "Cleanup", Time since last: 1000116967 ns, Reaching safepoint: 106862 ns, At safepoint: 4508 ns, Total: 111370 ns
[2023-11-16T05:15:58.705+0000][6][safepoint   ] Safepoint "Cleanup", Time since last: 1000156158 ns, Reaching safepoint: 62795 ns, At safepoint: 4291 ns, Total: 67086 ns
[2023-11-16T05:15:59.705+0000][6][safepoint   ] Safepoint "Cleanup", Time since last: 1000122249 ns, Reaching safepoint: 102620 ns, At safepoint: 8859 ns, Total: 111479 ns
[2023-11-16T05:16:00.705+0000][6][safepoint   ] Safepoint "Cleanup", Time since last: 1000120552 ns, Reaching safepoint: 107974 ns, At safepoint: 4125 ns, Total: 112099 ns
[2023-11-16T05:16:01.706+0000][6][safepoint   ] Safepoint "Cleanup", Time since last: 1000153500 ns, Reaching safepoint: 66210 ns, At safepoint: 27281 ns, Total: 93491 ns
[2023-11-16T05:16:09.706+0000][6][safepoint   ] Safepoint "Cleanup", Time since last: 8000608891 ns, Reaching safepoint: 165886 ns, At safepoint: 7514 ns, Total: 173400 ns
[2023-11-16T05:16:10.707+0000][6][safepoint   ] Safepoint "Cleanup", Time since last: 1000129965 ns, Reaching safepoint: 71883 ns, At safepoint: 6216 ns, Total: 78099 ns
[2023-11-16T05:16:12.707+0000][6][safepoint   ] Safepoint "Cleanup", Time since last: 2000162650 ns, Reaching safepoint: 138486 ns, At safepoint: 9890 ns, Total: 148376 ns
[2023-11-16T05:16:13.707+0000][6][safepoint   ] Safepoint "Cleanup", Time since last: 1000112591 ns, Reaching safepoint: 187044 ns, At safepoint: 8508 ns, Total: 195552 ns
[2023-11-16T05:16:13.719+0000][6][gc,start    ] GC(32) Pause Young (Normal) (G1 Evacuation Pause)
[2023-11-16T05:16:13.719+0000][6][gc,task     ] GC(32) Using 8 workers of 8 for evacuation
[2023-11-16T05:16:13.719+0000][6][gc,age      ] GC(32) Desired survivor size 20971520 bytes, new threshold 15 (max threshold 15)
[2023-11-16T05:16:13.726+0000][6][gc,age      ] GC(32) Age table with threshold 15 (max threshold 15)
[2023-11-16T05:16:13.726+0000][6][gc,age      ] GC(32) - age   1:     442736 bytes,     442736 total
[2023-11-16T05:16:13.726+0000][6][gc,age      ] GC(32) - age   2:      15624 bytes,     458360 total
[2023-11-16T05:16:13.726+0000][6][gc,age      ] GC(32) - age   3:       8336 bytes,     466696 total
[2023-11-16T05:16:13.726+0000][6][gc,age      ] GC(32) - age   4:       7928 bytes,     474624 total
[2023-11-16T05:16:13.726+0000][6][gc,age      ] GC(32) - age   5:       2568 bytes,     477192 total
[2023-11-16T05:16:13.726+0000][6][gc,age      ] GC(32) - age   6:       9840 bytes,     487032 total
[2023-11-16T05:16:13.726+0000][6][gc,age      ] GC(32) - age   7:      26608 bytes,     513640 total
[2023-11-16T05:16:13.726+0000][6][gc,age      ] GC(32) - age   8:      12680 bytes,     526320 total
[2023-11-16T05:16:13.726+0000][6][gc,age      ] GC(32) - age   9:      34152 bytes,     560472 total
[2023-11-16T05:16:13.726+0000][6][gc,age      ] GC(32) - age  10:      34848 bytes,     595320 total
[2023-11-16T05:16:13.726+0000][6][gc,age      ] GC(32) - age  11:      47760 bytes,     643080 total
[2023-11-16T05:16:13.726+0000][6][gc,age      ] GC(32) - age  12:     542152 bytes,    1185232 total
[2023-11-16T05:16:13.726+0000][6][gc,age      ] GC(32) - age  13:    6432736 bytes,    7617968 total
[2023-11-16T05:16:13.726+0000][6][gc,phases   ] GC(32)   Pre Evacuate Collection Set: 0.1ms
[2023-11-16T05:16:13.726+0000][6][gc,phases   ] GC(32)   Merge Heap Roots: 0.1ms
[2023-11-16T05:16:13.726+0000][6][gc,phases   ] GC(32)   Evacuate Collection Set: 6.4ms
[2023-11-16T05:16:13.726+0000][6][gc,phases   ] GC(32)   Post Evacuate Collection Set: 1.0ms
[2023-11-16T05:16:13.726+0000][6][gc,phases   ] GC(32)   Other: 0.2ms
[2023-11-16T05:16:13.726+0000][6][gc,heap     ] GC(32) Eden regions: 72->0(73)
[2023-11-16T05:16:13.726+0000][6][gc,heap     ] GC(32) Survivor regions: 4->3(10)
[2023-11-16T05:16:13.726+0000][6][gc,heap     ] GC(32) Old regions: 21->21
[2023-11-16T05:16:13.726+0000][6][gc,heap     ] GC(32) Archive regions: 2->2
[2023-11-16T05:16:13.726+0000][6][gc,heap     ] GC(32) Humongous regions: 5->5
[2023-11-16T05:16:13.726+0000][6][gc,metaspace] GC(32) Metaspace: 114371K(116096K)->114371K(116096K) NonClass: 98911K(99904K)->98911K(99904K) Class: 15459K(16192K)->15459K(16192K)
[2023-11-16T05:16:13.726+0000][6][gc          ] GC(32) Pause Young (Normal) (G1 Evacuation Pause) 408M->113M(512M) 7.821ms
[2023-11-16T05:16:13.727+0000][6][gc,cpu      ] GC(32) User=0.05s Sys=0.00s Real=0.01s
[2023-11-16T05:16:13.727+0000][6][safepoint   ] Safepoint "G1CollectForAllocation", Time since last: 11425387 ns, Reaching safepoint: 43607 ns, At safepoint: 7899886 ns, Total: 7943493 ns
[2023-11-16T05:16:13.736+0000][6][gc,heap,exit] Heap
[2023-11-16T05:16:13.737+0000][6][gc,heap,exit]  garbage-first heap   total 524288K, used 128184K [0x00000000e0000000, 0x0000000100000000)
[2023-11-16T05:16:13.737+0000][6][gc,heap,exit]   region size 4096K, 6 young (24576K), 3 survivors (12288K)
[2023-11-16T05:16:13.737+0000][6][gc,heap,exit]  Metaspace       used 114378K, committed 116096K, reserved 1155072K
[2023-11-16T05:16:13.737+0000][6][gc,heap,exit]   class space    used 15461K, committed 16192K, reserved 1048576K
